12-14 01:06:53.395 I/zygote  ( 3911): Do partial code cache collection, code=29KB, data=22KB
12-14 01:06:53.402 D/EGL_emulation( 1725): eglMakeCurrent: 0xa08858a0: ver 3 0 (tinfo 0xa0883590)
12-14 01:06:53.432 I/zygote  ( 3911): After code cache collection, code=29KB, data=29KB
12-14 01:06:53.432 I/zygote  ( 3911): Increasing code cache capacity to 128KB
12-14 01:06:53.433 D/CarrierSvcBindHelper( 1811): No carrier app for: 0
12-14 01:06:53.433 D/ImsResolver( 1811): maybeAddedImsService, packageName: com.google.android.gms
12-14 01:06:53.446 W/ActivityManager( 1625): Bad activity token: android.os.BinderProxy@ecbff9
12-14 01:06:53.446 W/ActivityManager( 1625): java.lang.ClassCastException: android.os.BinderProxy cannot be cast to com.android.server.am.ActivityRecord$Token
12-14 01:06:53.446 W/ActivityManager( 1625): 	at com.android.server.am.ActivityRecord.forTokenLocked(ActivityRecord.java:778)
12-14 01:06:53.446 W/ActivityManager( 1625): 	at com.android.server.am.ActivityRecord.isInStackLocked(ActivityRecord.java:2085)
12-14 01:06:53.446 W/ActivityManager( 1625): 	at com.android.server.am.ActivityManagerService.getActivityOptions(ActivityManagerService.java:13302)
12-14 01:06:53.446 W/ActivityManager( 1625): 	at android.app.IActivityManager$Stub.onTransact(IActivityManager.java:2910)
12-14 01:06:53.446 W/ActivityManager( 1625): 	at com.android.server.am.ActivityManagerService.onTransact(ActivityManagerService.java:2935)
12-14 01:06:53.446 W/ActivityManager( 1625): 	at android.os.Binder.execTransact(Binder.java:674)
12-14 01:06:53.448 W/ActivityManager( 1625): Bad activity token: android.os.BinderProxy@ecbff9
12-14 01:06:53.448 W/ActivityManager( 1625): java.lang.ClassCastException: android.os.BinderProxy cannot be cast to com.android.server.am.ActivityRecord$Token
12-14 01:06:53.448 W/ActivityManager( 1625): 	at com.android.server.am.ActivityRecord.forTokenLocked(ActivityRecord.java:778)
12-14 01:06:53.448 W/ActivityManager( 1625): 	at com.android.server.am.ActivityRecord.isInStackLocked(ActivityRecord.java:2085)
12-14 01:06:53.448 W/ActivityManager( 1625): 	at com.android.server.am.ActivityManagerService.getActivityOptions(ActivityManagerService.java:13302)
12-14 01:06:53.448 W/ActivityManager( 1625): 	at android.app.IActivityManager$Stub.onTransact(IActivityManager.java:2910)
12-14 01:06:53.448 W/ActivityManager( 1625): 	at com.android.server.am.ActivityManagerService.onTransact(ActivityManagerService.java:2935)
12-14 01:06:53.448 W/ActivityManager( 1625): 	at android.os.Binder.execTransact(Binder.java:674)
12-14 01:06:53.487 I/Icing   ( 2111): updateResources: need to parse adiq{com.google.android.gms}
12-14 01:06:53.497 I/Icing   ( 2111): IndexChimeraService.getServiceInterface callingPackage=com.google.android.gms componentName=AppsCorpus serviceId=36
12-14 01:06:53.546 V/StatusBar( 1725): setLightsOn(true)
12-14 01:06:53.568 E/memtrack( 1625): Couldn't load memtrack module
12-14 01:06:53.568 W/android.os.Debug( 1625): failed to get memory consumption info: -1
12-14 01:06:53.599 I/ProvidersCache( 3384): Provider returned no roots. Possibly naughty: com.google.android.apps.docs.storage
12-14 01:06:53.658 V/StatusBar( 1725): setLightsOn(true)
12-14 01:06:53.665 W/Binder  ( 1625): Outgoing transactions from this process must be FLAG_ONEWAY
12-14 01:06:53.665 W/Binder  ( 1625): java.lang.Throwable
12-14 01:06:53.665 W/Binder  ( 1625): 	at android.os.BinderProxy.transact(Binder.java:736)
12-14 01:06:53.665 W/Binder  ( 1625): 	at com.android.internal.location.ILocationProvider$Stub$Proxy.getProperties(ILocationProvider.java:232)
12-14 01:06:53.665 W/Binder  ( 1625): 	at com.android.server.location.LocationProviderProxy$1.run(LocationProviderProxy.java:119)
12-14 01:06:53.665 W/Binder  ( 1625): 	at android.os.Handler.handleCallback(Handler.java:789)
12-14 01:06:53.665 W/Binder  ( 1625): 	at android.os.Handler.dispatchMessage(Handler.java:98)
12-14 01:06:53.665 W/Binder  ( 1625): 	at android.os.Looper.loop(Looper.java:164)
12-14 01:06:53.665 W/Binder  ( 1625): 	at android.os.HandlerThread.run(HandlerThread.java:65)
12-14 01:06:53.666 V/StatusBar( 1725): setLightsOn(true)
12-14 01:06:53.672 I/zygote  ( 3911): Do partial code cache collection, code=41KB, data=56KB
12-14 01:06:53.674 I/zygote  ( 3911): After code cache collection, code=41KB, data=56KB
12-14 01:06:53.674 I/zygote  ( 3911): Increasing code cache capacity to 256KB
12-14 01:06:53.675 I/zygote  ( 3911): JIT allocated 71KB for compiled code of void android.widget.TextView.<init>(android.content.Context, android.util.AttributeSet, int, int)
12-14 01:06:53.675 I/zygote  ( 3911): Compiler allocated 4MB to compile void android.widget.TextView.<init>(android.content.Context, android.util.AttributeSet, int, int)
12-14 01:06:53.681 W/Binder  ( 1625): Outgoing transactions from this process must be FLAG_ONEWAY
12-14 01:06:53.681 W/Binder  ( 1625): java.lang.Throwable
12-14 01:06:53.681 W/Binder  ( 1625): 	at android.os.BinderProxy.transact(Binder.java:736)
12-14 01:06:53.681 W/Binder  ( 1625): 	at com.android.internal.location.ILocationProvider$Stub$Proxy.getProperties(ILocationProvider.java:232)
12-14 01:06:53.681 W/Binder  ( 1625): 	at com.android.server.location.LocationProviderProxy$1.run(LocationProviderProxy.java:119)
12-14 01:06:53.681 W/Binder  ( 1625): 	at android.os.Handler.handleCallback(Handler.java:789)
12-14 01:06:53.681 W/Binder  ( 1625): 	at android.os.Handler.dispatchMessage(Handler.java:98)
12-14 01:06:53.681 W/Binder  ( 1625): 	at android.os.Looper.loop(Looper.java:164)
12-14 01:06:53.681 W/Binder  ( 1625): 	at android.os.HandlerThread.run(HandlerThread.java:65)
12-14 01:06:53.705 D/gralloc_ranchu( 1395): gralloc_alloc: Creating ashmem region of size 7753728
12-14 01:06:53.729 D/        ( 3911): HostConnection::get() New Host Connection established 0x9dcb0d40, tid 3911
12-14 01:06:53.732 I/zygote  ( 3911): Do full code cache collection, code=121KB, data=68KB
12-14 01:06:53.733 I/zygote  ( 3911): After code cache collection, code=84KB, data=35KB
12-14 01:06:53.743 W/Icing   ( 2111): No valid account for uploading user actions
12-14 01:06:53.782 V/StatusBar( 1725): setLightsOn(true)
12-14 01:06:53.790 V/StatusBar( 1725): setLightsOn(true)
12-14 01:06:53.801 I/ActivityManager( 1625): Displayed com.evancharlton.mileage/.Mileage: +756ms
12-14 01:06:53.815 V/StatusBar( 1725): setLightsOn(true)
12-14 01:06:53.818 D/gralloc_ranchu( 1395): gralloc_alloc: Creating ashmem region of size 7753728
12-14 01:06:53.820 I/Icing   ( 2111): IndexChimeraService.getServiceInterface callingPackage=com.google.android.gms componentName=null serviceId=30
12-14 01:06:53.837 V/StatusBar( 1725): setLightsOn(true)
12-14 01:06:53.854 V/StatusBar( 1725): setLightsOn(true)
12-14 01:06:53.968 W/SurfaceFlinger( 1405): couldn't log to binary event log: overflow.
12-14 01:06:53.968 W/SurfaceFlinger( 1405): couldn't log to binary event log: overflow.
12-14 01:06:53.977 I/Icing   ( 2111): Usage reports ok 2, Failed Usage reports 0, indexed 1, rejected 0
12-14 01:06:53.992 V/StatusBar( 1725): setLightsOn(true)
12-14 01:06:53.992 W/Icing   ( 2111): No valid account for uploading user actions
12-14 01:06:53.996 V/StatusBar( 1725): setLightsOn(true)
12-14 01:06:54.001 I/Icing   ( 2111): Usage reports ok 0, Failed Usage reports 0, indexed 0, rejected 0
12-14 01:06:54.002 I/Icing   ( 2111): Indexing com.google.android.gms-apps from com.google.android.gms
12-14 01:06:54.009 I/Icing   ( 2111): Indexing done com.google.android.gms-apps
12-14 01:06:54.051 I/PBSessionCacheImpl( 2209): Deleted sessionId[6063393212583] from persistence.
12-14 01:06:54.052 I/System.out( 3911): URI: //map
12-14 01:06:54.052 I/System.out( 3911): params: {json={"query":"android.widget.Button index:2","operation":{"method_name":"query","arguments":[]}}
12-14 01:06:54.052 I/System.out( 3911): }
12-14 01:06:54.081 W/SearchService( 2209): Abort, client detached.
12-14 01:06:54.084 E/WorkerRegistryImpl( 2209): getWorker() is called after WorkerRegistry disposal.
12-14 01:06:54.085 E/WorkerRegistryImpl( 2209): getWorker() is called after WorkerRegistry disposal.
12-14 01:06:54.087 D/BoundBrokerSvc( 1938): onUnbind: Intent { act=com.google.android.gms.clearcut.bootcount.service.START cmp=com.google.android.gms/.chimera.PersistentBoundBrokerService }
12-14 01:06:54.202 I/System.out( 3911): URI: //gesture
12-14 01:06:54.202 I/System.out( 3911): params: {json={"query_timeout":5.0,"gestures":[{"query_string":"android.widget.Button index:2","touches":[{"x":50,"y":50,"offset_x":0,"offset_y":0,"wait":0.0,"time":0.2,"release":true,"query_string":null}]}]}
12-14 01:06:54.202 I/System.out( 3911): }
12-14 01:06:54.466 I/zygote  ( 3911): Do partial code cache collection, code=122KB, data=63KB
12-14 01:06:54.472 I/zygote  ( 3911): After code cache collection, code=122KB, data=63KB
12-14 01:06:54.472 I/zygote  ( 3911): Increasing code cache capacity to 512KB
12-14 01:06:54.476 I/AudioTrack( 1625): AUDIO_OUTPUT_FLAG_FAST successful; frameCount 4512 -> 4512
12-14 01:06:54.508 W/Nearby  ( 1938): Failed attempt #3 out of 3 for RestoreDeviceName [CONTEXT service_id=49 ]
12-14 01:06:54.508 W/Nearby  ( 1938): java.lang.IllegalStateException: BluetoothAdapter not ready yet!
12-14 01:06:54.508 W/Nearby  ( 1938): 	at alhd.g(:com.google.android.gms@204713022@20.47.13 (040700-344095733):2)
12-14 01:06:54.508 W/Nearby  ( 1938): 	at alhc.run(Unknown Source:0)
12-14 01:06:54.508 W/Nearby  ( 1938): 	at bznt.call(Unknown Source:0)
12-14 01:06:54.508 W/Nearby  ( 1938): 	at bzny.b(:com.google.android.gms@204713022@20.47.13 (040700-344095733):2)
12-14 01:06:54.508 W/Nearby  ( 1938): 	at bzny.a(:com.google.android.gms@204713022@20.47.13 (040700-344095733):0)
12-14 01:06:54.508 W/Nearby  ( 1938): 	at alhb.run(Unknown Source:2)
12-14 01:06:54.508 W/Nearby  ( 1938): 	at java.lang.Thread.run(Thread.java:764)
12-14 01:06:54.508 W/Nearby  ( 1938): 	at tly.run(Unknown Source:5)
12-14 01:06:54.508 W/Nearby  ( 1938): 	at java.util.concurrent.ThreadPoolExecutor.runWorker(ThreadPoolExecutor.java:1162)
12-14 01:06:54.508 W/Nearby  ( 1938): 	at java.util.concurrent.ThreadPoolExecutor$Worker.run(ThreadPoolExecutor.java:636)
12-14 01:06:54.508 W/Nearby  ( 1938): 	at trx.run(:com.google.android.gms@204713022@20.47.13 (040700-344095733):0)
12-14 01:06:54.508 W/Nearby  ( 1938): 	at java.lang.Thread.run(Thread.java:764)
12-14 01:06:54.550 V/StatusBar( 1725): setLightsOn(true)
12-14 01:06:54.552 I/chatty  ( 1725): uid=10028(u0_a28) com.android.systemui identical 1 line
12-14 01:06:54.555 V/StatusBar( 1725): setLightsOn(true)
12-14 01:06:54.579 W/View    ( 3911): dispatchProvideAutofillStructure(): not laid out, ignoring
12-14 01:06:54.584 W/Binder  ( 1625): Outgoing transactions from this process must be FLAG_ONEWAY
12-14 01:06:54.584 W/Binder  ( 1625): java.lang.Throwable
12-14 01:06:54.584 W/Binder  ( 1625): 	at android.os.BinderProxy.transact(Binder.java:736)
12-14 01:06:54.584 W/Binder  ( 1625): 	at android.app.assist.AssistStructure$ParcelTransferReader.fetchData(AssistStructure.java:407)
12-14 01:06:54.584 W/Binder  ( 1625): 	at android.app.assist.AssistStructure$ParcelTransferReader.go(AssistStructure.java:343)
12-14 01:06:54.584 W/Binder  ( 1625): 	at android.app.assist.AssistStructure.ensureData(AssistStructure.java:2096)
12-14 01:06:54.584 W/Binder  ( 1625): 	at com.android.server.autofill.Session$1.send(Session.java:200)
12-14 01:06:54.584 W/Binder  ( 1625): 	at com.android.server.am.ActivityManagerService.reportAssistContextExtras(ActivityManagerService.java:13137)
12-14 01:06:54.584 W/Binder  ( 1625): 	at android.app.IActivityManager$Stub.onTransact(IActivityManager.java:2466)
12-14 01:06:54.584 W/Binder  ( 1625): 	at com.android.server.am.ActivityManagerService.onTransact(ActivityManagerService.java:2935)
12-14 01:06:54.584 W/Binder  ( 1625): 	at android.os.Binder.execTransact(Binder.java:674)
12-14 01:06:54.589 I/AssistStructure( 3911): Flattened final assist data: 5024 bytes, containing 2 windows, 19 views
12-14 01:06:54.596 D/gralloc_ranchu( 1395): gralloc_alloc: Creating ashmem region of size 303104
12-14 01:06:54.607 V/StatusBar( 1725): setLightsOn(true)
12-14 01:06:54.610 V/StatusBar( 1725): setLightsOn(true)
12-14 01:06:55.092 W/audio_hw_generic( 1389): Not supplying enough data to HAL, expected position 23067 , only wrote 1440
12-14 01:06:55.093 W/AudioFlinger( 1474): write blocked for 487 msecs, 1 delayed writes, thread 0xaee83cc0
12-14 01:06:55.105 I/zygote  ( 3842): Waiting for a blocking GC ProfileSaver
12-14 01:06:55.107 V/StatusBar( 1725): setLightsOn(true)
12-14 01:06:55.114 I/zygote  ( 3842): Waiting for a blocking GC ProfileSaver
12-14 01:06:55.121 D/AudioFlinger( 1474): mixer(0xaee83cc0) throttle end: throttle time(12)
12-14 01:06:55.123 W/audio_hw_generic( 1389): Hardware backing HAL too slow, could only write 0 of 720 frames
12-14 01:06:55.126 W/zygote  ( 3842): Suspending all threads took: 11.443ms
12-14 01:06:55.126 I/zygote  ( 3842): WaitForGcToComplete blocked for 21.441ms for cause ProfileSaver
12-14 01:06:55.144 I/zygote  ( 3842): WaitForGcToComplete blocked for 13.956ms for cause HeapTrim
12-14 01:06:55.194 I/AssistStructure( 1625): Flattened final assist data: 4496 bytes, containing 2 windows, 19 views
12-14 01:06:55.198 D/gralloc_ranchu( 1395): gralloc_alloc: Creating ashmem region of size 7753728
12-14 01:06:55.215 W/lgq     ( 1938): Pending fill request while another request in the same session was triggered. [CONTEXT service_id=177 ]
12-14 01:06:55.217 E/SurfaceFlinger( 1405): ro.sf.lcd_density must be defined as a build property
12-14 01:06:55.218 D/PermissionCache( 1405): checking android.permission.READ_FRAME_BUFFER for uid=2000 => granted (259 us)
12-14 01:06:55.259 D/gralloc_ranchu( 1395): gralloc_alloc: Creating ashmem region of size 8298496
12-14 01:06:55.270 D/        ( 3962): HostConnection::get() New Host Connection established 0xb6d2f800, tid 3962
12-14 01:06:55.376 V/StatusBar( 1725): setLightsOn(true)
12-14 01:06:55.692 I/zygote  ( 1938): Deoptimizing void tma.c(java.lang.Runnable) due to JIT inline cache
