12-14 01:07:20.325 W/ActivityManager( 1625): 	at com.android.server.am.ActivityManagerService.setTaskDescription(ActivityManagerService.java:9988)
12-14 01:07:20.325 W/ActivityManager( 1625): 	at android.app.IActivityManager$Stub.onTransact(IActivityManager.java:2824)
12-14 01:07:20.325 W/ActivityManager( 1625): 	at com.android.server.am.ActivityManagerService.onTransact(ActivityManagerService.java:2935)
12-14 01:07:20.325 W/ActivityManager( 1625): 	at android.os.Binder.execTransact(Binder.java:674)
12-14 01:07:20.327 I/chatty  ( 1625): uid=1000(system) RenderThread identical 24 lines
12-14 01:07:20.327 W/ActivityManager( 1625): Bad activity token: android.os.BinderProxy@f75d279
12-14 01:07:20.327 W/ActivityManager( 1625): java.lang.ClassCastException: android.os.BinderProxy cannot be cast to com.android.server.am.ActivityRecord$Token
12-14 01:07:20.327 W/ActivityManager( 1625): 	at com.android.server.am.ActivityRecord.forTokenLocked(ActivityRecord.java:778)
12-14 01:07:20.327 W/ActivityManager( 1625): 	at com.android.server.am.ActivityRecord.isInStackLocked(ActivityRecord.java:2085)
12-14 01:07:20.327 W/ActivityManager( 1625): 	at com.android.server.am.ActivityRecord.getStackLocked(ActivityRecord.java:2090)
12-14 01:07:20.327 W/ActivityManager( 1625): 	at com.android.server.am.ActivityManagerService.getActivityStackId(ActivityManagerService.java:10417)
12-14 01:07:20.327 W/ActivityManager( 1625): 	at android.app.IActivityManager$Stub.onTransact(IActivityManager.java:3548)
12-14 01:07:20.327 W/ActivityManager( 1625): 	at com.android.server.am.ActivityManagerService.onTransact(ActivityManagerService.java:2935)
12-14 01:07:20.327 W/ActivityManager( 1625): 	at android.os.Binder.execTransact(Binder.java:674)
12-14 01:07:20.327 E/OpenGLRenderer( 1625): GL error:  GL_INVALID_OPERATION
12-14 01:07:20.327 D/EGL_emulation( 1725): eglMakeCurrent: 0xa08858a0: ver 3 0 (tinfo 0xa0883590)
12-14 01:07:20.335 V/StatusBar( 1725): setLightsOn(true)
12-14 01:07:20.342 E/OpenGLRenderer( 1625): GL error:  GL_INVALID_OPERATION
12-14 01:07:20.343 D/EGL_emulation( 1725): eglMakeCurrent: 0xa08858a0: ver 3 0 (tinfo 0xa0883590)
12-14 01:07:20.343 E/OpenGLRenderer( 1625): GL error:  GL_INVALID_OPERATION
12-14 01:07:20.357 I/chatty  ( 1625): uid=1000(system) RenderThread identical 10 lines
12-14 01:07:20.358 E/OpenGLRenderer( 1625): GL error:  GL_INVALID_OPERATION
12-14 01:07:20.358 D/EGL_emulation( 1725): eglMakeCurrent: 0xa08858a0: ver 3 0 (tinfo 0xa0883590)
12-14 01:07:20.364 E/OpenGLRenderer( 1625): GL error:  GL_INVALID_OPERATION
12-14 01:07:20.368 I/chatty  ( 1625): uid=1000(system) RenderThread identical 8 lines
12-14 01:07:20.368 E/OpenGLRenderer( 1625): GL error:  GL_INVALID_OPERATION
12-14 01:07:20.371 D/EGL_emulation( 1725): eglMakeCurrent: 0xa08858a0: ver 3 0 (tinfo 0xa0883590)
12-14 01:07:20.372 E/OpenGLRenderer( 1625): GL error:  GL_INVALID_OPERATION
12-14 01:07:20.373 E/OpenGLRenderer( 1625): GL error:  GL_INVALID_OPERATION
12-14 01:07:20.374 E/OpenGLRenderer( 1625): GL error:  GL_INVALID_OPERATION
12-14 01:07:20.375 D/EGL_emulation( 2209): eglMakeCurrent: 0x9e07e100: ver 3 0 (tinfo 0x9e07f5c0)
12-14 01:07:20.383 I/chatty  ( 1625): uid=1000(system) RenderThread expire 13 lines
12-14 01:07:20.383 E/OpenGLRenderer( 1625): GL error:  GL_INVALID_OPERATION
12-14 01:07:20.383 D/EGL_emulation( 1725): eglMakeCurrent: 0xa08858a0: ver 3 0 (tinfo 0xa0883590)
12-14 01:07:20.384 E/OpenGLRenderer( 1625): GL error:  GL_INVALID_OPERATION
12-14 01:07:20.392 I/chatty  ( 1625): uid=1000(system) RenderThread identical 10 lines
12-14 01:07:20.393 E/OpenGLRenderer( 1625): GL error:  GL_INVALID_OPERATION
12-14 01:07:20.393 D/EGL_emulation( 1725): eglMakeCurrent: 0xa08858a0: ver 3 0 (tinfo 0xa0883590)
12-14 01:07:20.393 E/OpenGLRenderer( 1625): GL error:  GL_INVALID_OPERATION
12-14 01:07:20.395 I/chatty  ( 1625): uid=1000(system) RenderThread identical 5 lines
12-14 01:07:20.395 E/OpenGLRenderer( 1625): GL error:  GL_INVALID_OPERATION
12-14 01:07:20.396 E/OpenGLRenderer( 1625): GL error:  GL_INVALID_OPERATION
12-14 01:07:20.396 D/EGL_emulation( 1725): eglMakeCurrent: 0xa08858a0: ver 3 0 (tinfo 0xa0883590)
12-14 01:07:20.399 I/chatty  ( 1625): uid=1000(system) RenderThread expire 6 lines
12-14 01:07:20.399 E/OpenGLRenderer( 1625): GL error:  GL_INVALID_OPERATION
12-14 01:07:20.399 V/StatusBar( 1725): setLightsOn(true)
12-14 01:07:20.400 E/OpenGLRenderer( 1625): GL error:  GL_INVALID_OPERATION
12-14 01:07:20.408 I/chatty  ( 1625): uid=1000(system) RenderThread identical 32 lines
12-14 01:07:20.409 D/EGL_emulation( 1725): eglMakeCurrent: 0xa08858a0: ver 3 0 (tinfo 0xa0883590)
12-14 01:07:20.409 E/OpenGLRenderer( 1625): GL error:  GL_INVALID_OPERATION
12-14 01:07:20.409 E/OpenGLRenderer( 1625): GL error:  GL_INVALID_OPERATION
12-14 01:07:20.412 I/chatty  ( 1625): uid=1000(system) RenderThread identical 10 lines
12-14 01:07:20.412 E/OpenGLRenderer( 1625): GL error:  GL_INVALID_OPERATION
12-14 01:07:20.412 D/EGL_emulation( 1725): eglMakeCurrent: 0xa08858a0: ver 3 0 (tinfo 0xa0883590)
12-14 01:07:20.412 E/OpenGLRenderer( 1625): GL error:  GL_INVALID_OPERATION
12-14 01:07:20.424 I/chatty  ( 1625): uid=1000(system) RenderThread identical 39 lines
12-14 01:07:20.425 E/OpenGLRenderer( 1625): GL error:  GL_INVALID_OPERATION
12-14 01:07:20.425 D/EGL_emulation( 1725): eglMakeCurrent: 0xa08858a0: ver 3 0 (tinfo 0xa0883590)
12-14 01:07:20.425 E/OpenGLRenderer( 1625): GL error:  GL_INVALID_OPERATION
12-14 01:07:20.428 I/chatty  ( 1625): uid=1000(system) RenderThread identical 13 lines
12-14 01:07:20.428 E/OpenGLRenderer( 1625): GL error:  GL_INVALID_OPERATION
12-14 01:07:20.428 D/EGL_emulation( 1725): eglMakeCurrent: 0xa08858a0: ver 3 0 (tinfo 0xa0883590)
12-14 01:07:20.428 E/OpenGLRenderer( 1625): GL error:  GL_INVALID_OPERATION
12-14 01:07:20.437 I/chatty  ( 1625): uid=1000(system) RenderThread identical 30 lines
12-14 01:07:20.440 E/OpenGLRenderer( 1625): GL error:  GL_INVALID_OPERATION
12-14 01:07:20.441 D/EGL_emulation( 1725): eglMakeCurrent: 0xa08858a0: ver 3 0 (tinfo 0xa0883590)
12-14 01:07:20.441 E/OpenGLRenderer( 1625): GL error:  GL_INVALID_OPERATION
12-14 01:07:20.443 I/chatty  ( 1625): uid=1000(system) RenderThread identical 4 lines
12-14 01:07:20.443 E/OpenGLRenderer( 1625): GL error:  GL_INVALID_OPERATION
12-14 01:07:20.444 D/EGL_emulation( 1725): eglMakeCurrent: 0xa08858a0: ver 3 0 (tinfo 0xa0883590)
12-14 01:07:20.445 E/OpenGLRenderer( 1625): GL error:  GL_INVALID_OPERATION
12-14 01:07:20.451 E/OpenGLRenderer( 1625): GL error:  GL_INVALID_OPERATION
12-14 01:07:20.454 D/EGL_emulation( 1725): eglMakeCurrent: 0xa08858a0: ver 3 0 (tinfo 0xa0883590)
12-14 01:07:20.455 E/OpenGLRenderer( 1625): GL error:  GL_INVALID_OPERATION
12-14 01:07:20.458 I/chatty  ( 1625): uid=1000(system) RenderThread identical 8 lines
12-14 01:07:20.459 E/OpenGLRenderer( 1625): GL error:  GL_INVALID_OPERATION
12-14 01:07:20.459 D/EGL_emulation( 1725): eglMakeCurrent: 0xa08858a0: ver 3 0 (tinfo 0xa0883590)
12-14 01:07:20.459 E/OpenGLRenderer( 1625): GL error:  GL_INVALID_OPERATION
12-14 01:07:20.469 I/chatty  ( 1625): uid=1000(system) RenderThread identical 20 lines
12-14 01:07:20.471 E/OpenGLRenderer( 1625): GL error:  GL_INVALID_OPERATION
12-14 01:07:20.471 D/EGL_emulation( 1725): eglMakeCurrent: 0xa08858a0: ver 3 0 (tinfo 0xa0883590)
12-14 01:07:20.471 E/OpenGLRenderer( 1625): GL error:  GL_INVALID_OPERATION
12-14 01:07:20.477 I/chatty  ( 1625): uid=1000(system) RenderThread identical 12 lines
12-14 01:07:20.477 E/OpenGLRenderer( 1625): GL error:  GL_INVALID_OPERATION
12-14 01:07:20.477 D/EGL_emulation( 1725): eglMakeCurrent: 0xa08858a0: ver 3 0 (tinfo 0xa0883590)
12-14 01:07:20.477 E/OpenGLRenderer( 1625): GL error:  GL_INVALID_OPERATION
12-14 01:07:20.487 I/chatty  ( 1625): uid=1000(system) RenderThread identical 24 lines
12-14 01:07:20.487 E/OpenGLRenderer( 1625): GL error:  GL_INVALID_OPERATION
12-14 01:07:20.488 D/EGL_emulation( 1725): eglMakeCurrent: 0xa08858a0: ver 3 0 (tinfo 0xa0883590)
12-14 01:07:20.488 E/OpenGLRenderer( 1625): GL error:  GL_INVALID_OPERATION
12-14 01:07:20.495 I/chatty  ( 1625): uid=1000(system) RenderThread identical 16 lines
12-14 01:07:20.495 E/OpenGLRenderer( 1625): GL error:  GL_INVALID_OPERATION
12-14 01:07:20.495 D/EGL_emulation( 1725): eglMakeCurrent: 0xa08858a0: ver 3 0 (tinfo 0xa0883590)
12-14 01:07:20.495 E/OpenGLRenderer( 1625): GL error:  GL_INVALID_OPERATION
12-14 01:07:20.500 W/ActivityManager( 1625): Bad activity token: android.os.BinderProxy@f75d279
12-14 01:07:20.500 W/ActivityManager( 1625): java.lang.ClassCastException: android.os.BinderProxy cannot be cast to com.android.server.am.ActivityRecord$Token
12-14 01:07:20.500 W/ActivityManager( 1625): 	at com.android.server.am.ActivityRecord.forTokenLocked(ActivityRecord.java:778)
12-14 01:07:20.500 W/ActivityManager( 1625): 	at com.android.server.am.ActivityRecord.isInStackLocked(ActivityRecord.java:2085)
12-14 01:07:20.500 W/ActivityManager( 1625): 	at com.android.server.am.ActivityManagerService.getActivityOptions(ActivityManagerService.java:13302)
12-14 01:07:20.500 W/ActivityManager( 1625): 	at android.app.IActivityManager$Stub.onTransact(IActivityManager.java:2910)
12-14 01:07:20.500 W/ActivityManager( 1625): 	at com.android.server.am.ActivityManagerService.onTransact(ActivityManagerService.java:2935)
12-14 01:07:20.500 W/ActivityManager( 1625): 	at android.os.Binder.execTransact(Binder.java:674)
12-14 01:07:20.508 W/ActivityManager( 1625): Bad activity token: android.os.BinderProxy@f75d279
12-14 01:07:20.508 W/ActivityManager( 1625): java.lang.ClassCastException: android.os.BinderProxy cannot be cast to com.android.server.am.ActivityRecord$Token
12-14 01:07:20.508 W/ActivityManager( 1625): 	at com.android.server.am.ActivityRecord.forTokenLocked(ActivityRecord.java:778)
12-14 01:07:20.508 W/ActivityManager( 1625): 	at com.android.server.am.ActivityRecord.isInStackLocked(ActivityRecord.java:2085)
12-14 01:07:20.508 W/ActivityManager( 1625): 	at com.android.server.am.ActivityManagerService.getActivityOptions(ActivityManagerService.java:13302)
12-14 01:07:20.508 W/ActivityManager( 1625): 	at android.app.IActivityManager$Stub.onTransact(IActivityManager.java:2910)
12-14 01:07:20.508 W/ActivityManager( 1625): 	at com.android.server.am.ActivityManagerService.onTransact(ActivityManagerService.java:2935)
12-14 01:07:20.508 W/ActivityManager( 1625): 	at android.os.Binder.execTransact(Binder.java:674)
12-14 01:07:20.508 I/chatty  ( 1625): uid=1000(system) RenderThread identical 40 lines
12-14 01:07:20.508 E/OpenGLRenderer( 1625): GL error:  GL_INVALID_OPERATION
12-14 01:07:20.509 D/EGL_emulation( 1725): eglMakeCurrent: 0xa08858a0: ver 3 0 (tinfo 0xa0883590)
12-14 01:07:20.509 E/OpenGLRenderer( 1625): GL error:  GL_INVALID_OPERATION
12-14 01:07:20.511 I/chatty  ( 1625): uid=1000(system) RenderThread identical 5 lines
12-14 01:07:20.511 E/OpenGLRenderer( 1625): GL error:  GL_INVALID_OPERATION
12-14 01:07:20.512 D/EGL_emulation( 1725): eglMakeCurrent: 0xa08858a0: ver 3 0 (tinfo 0xa0883590)
12-14 01:07:20.512 E/OpenGLRenderer( 1625): GL error:  GL_INVALID_OPERATION
12-14 01:07:20.518 I/chatty  ( 1625): uid=1000(system) RenderThread identical 20 lines
12-14 01:07:20.520 E/OpenGLRenderer( 1625): GL error:  GL_INVALID_OPERATION
12-14 01:07:20.520 D/EGL_emulation( 1725): eglMakeCurrent: 0xa08858a0: ver 3 0 (tinfo 0xa0883590)
12-14 01:07:20.521 E/OpenGLRenderer( 1625): GL error:  GL_INVALID_OPERATION
12-14 01:07:20.617 I/chatty  ( 1625): uid=1000(system) RenderThread identical 280 lines
12-14 01:07:20.617 E/OpenGLRenderer( 1625): GL error:  GL_INVALID_OPERATION
12-14 01:07:20.617 E/OpenGLRenderer( 1625): GL error:  GL_INVALID_OPERATION
12-14 01:07:20.623 V/StatusBar( 1725): setLightsOn(true)
12-14 01:07:20.637 I/chatty  ( 1625): uid=1000(system) RenderThread expire 21 lines
12-14 01:07:20.642 E/OpenGLRenderer( 1625): GL error:  GL_INVALID_OPERATION
12-14 01:07:20.659 I/zygote  ( 4237): Do partial code cache collection, code=29KB, data=30KB
12-14 01:07:20.660 I/zygote  ( 4237): After code cache collection, code=29KB, data=30KB
12-14 01:07:20.660 I/zygote  ( 4237): Increasing code cache capacity to 128KB
12-14 01:07:20.661 I/zygote  ( 4237): Do partial code cache collection, code=29KB, data=48KB
12-14 01:07:20.662 E/OpenGLRenderer( 1625): GL error:  GL_INVALID_OPERATION
12-14 01:07:20.664 I/chatty  ( 1625): uid=1000(system) RenderThread identical 13 lines
12-14 01:07:20.664 E/OpenGLRenderer( 1625): GL error:  GL_INVALID_OPERATION
12-14 01:07:20.665 I/zygote  ( 4237): After code cache collection, code=29KB, data=48KB
12-14 01:07:20.665 I/zygote  ( 4237): Increasing code cache capacity to 256KB
12-14 01:07:20.666 I/zygote  ( 4237): JIT allocated 71KB for compiled code of void android.widget.TextView.<init>(android.content.Context, android.util.AttributeSet, int, int)
12-14 01:07:20.666 I/zygote  ( 4237): Compiler allocated 4MB to compile void android.widget.TextView.<init>(android.content.Context, android.util.AttributeSet, int, int)
12-14 01:07:20.674 E/OpenGLRenderer( 1625): GL error:  GL_INVALID_OPERATION
12-14 01:07:20.679 I/chatty  ( 1625): uid=1000(system) RenderThread identical 3 lines
12-14 01:07:20.680 E/OpenGLRenderer( 1625): GL error:  GL_INVALID_OPERATION
12-14 01:07:20.681 V/StatusBar( 1725): setLightsOn(true)
12-14 01:07:20.682 E/OpenGLRenderer( 1625): GL error:  GL_INVALID_OPERATION
12-14 01:07:20.683 E/OpenGLRenderer( 1625): GL error:  GL_INVALID_OPERATION
12-14 01:07:20.683 E/OpenGLRenderer( 1625): GL error:  GL_INVALID_OPERATION
12-14 01:07:20.683 V/StatusBar( 1725): setLightsOn(true)
12-14 01:07:20.684 V/StatusBar( 1725): setLightsOn(true)
12-14 01:07:20.723 I/chatty  ( 1625): uid=1000(system) RenderThread expire 109 lines
12-14 01:07:20.724 E/OpenGLRenderer( 1625): GL error:  GL_INVALID_OPERATION
12-14 01:07:20.724 D/gralloc_ranchu( 1395): gralloc_alloc: Creating ashmem region of size 7753728
12-14 01:07:20.724 E/OpenGLRenderer( 1625): GL error:  GL_INVALID_OPERATION
12-14 01:07:20.735 I/chatty  ( 1625): uid=1000(system) RenderThread identical 22 lines
12-14 01:07:20.737 E/OpenGLRenderer( 1625): GL error:  GL_INVALID_OPERATION
12-14 01:07:20.740 V/StatusBar( 1725): setLightsOn(true)
12-14 01:07:20.741 E/OpenGLRenderer( 1625): GL error:  GL_INVALID_OPERATION
12-14 01:07:20.745 I/chatty  ( 1625): uid=1000(system) RenderThread identical 9 lines
12-14 01:07:20.746 E/OpenGLRenderer( 1625): GL error:  GL_INVALID_OPERATION
12-14 01:07:20.746 D/        ( 4237): HostConnection::get() New Host Connection established 0x9dcb0ec0, tid 4237
12-14 01:07:20.746 E/OpenGLRenderer( 1625): GL error:  GL_INVALID_OPERATION
12-14 01:07:20.795 I/chatty  ( 1625): uid=1000(system) RenderThread identical 150 lines
12-14 01:07:20.795 E/OpenGLRenderer( 1625): GL error:  GL_INVALID_OPERATION
12-14 01:07:20.796 V/StatusBar( 1725): setLightsOn(true)
12-14 01:07:20.796 E/OpenGLRenderer( 1625): GL error:  GL_INVALID_OPERATION
12-14 01:07:20.800 I/chatty  ( 1625): uid=1000(system) RenderThread identical 16 lines
12-14 01:07:20.802 E/OpenGLRenderer( 1625): GL error:  GL_INVALID_OPERATION
12-14 01:07:20.803 V/StatusBar( 1725): setLightsOn(true)
12-14 01:07:20.804 E/OpenGLRenderer( 1625): GL error:  GL_INVALID_OPERATION
12-14 01:07:20.807 I/chatty  ( 1625): uid=1000(system) RenderThread identical 3 lines
12-14 01:07:20.807 E/OpenGLRenderer( 1625): GL error:  GL_INVALID_OPERATION
12-14 01:07:20.808 I/ActivityManager( 1625): Displayed com.evancharlton.mileage/.Mileage: +664ms
12-14 01:07:20.810 E/OpenGLRenderer( 1625): GL error:  GL_INVALID_OPERATION
12-14 01:07:20.811 I/chatty  ( 1625): uid=1000(system) RenderThread identical 2 lines
12-14 01:07:20.811 E/OpenGLRenderer( 1625): GL error:  GL_INVALID_OPERATION
12-14 01:07:20.811 V/StatusBar( 1725): setLightsOn(true)
12-14 01:07:20.811 E/OpenGLRenderer( 1625): GL error:  GL_INVALID_OPERATION
12-14 01:07:20.834 I/chatty  ( 1625): uid=1000(system) RenderThread identical 135 lines
12-14 01:07:20.834 E/OpenGLRenderer( 1625): GL error:  GL_INVALID_OPERATION
12-14 01:07:20.835 D/gralloc_ranchu( 1395): gralloc_alloc: Creating ashmem region of size 7753728
12-14 01:07:20.835 E/OpenGLRenderer( 1625): GL error:  GL_INVALID_OPERATION
12-14 01:07:20.984 I/chatty  ( 1625): uid=1000(system) RenderThread identical 473 lines
12-14 01:07:20.985 E/OpenGLRenderer( 1625): GL error:  GL_INVALID_OPERATION
12-14 01:07:20.989 V/StatusBar( 1725): setLightsOn(true)
12-14 01:07:20.992 E/OpenGLRenderer( 1625): GL error:  GL_INVALID_OPERATION
12-14 01:07:20.993 V/StatusBar( 1725): setLightsOn(true)
12-14 01:07:21.007 I/chatty  ( 1625): uid=1000(system) RenderThread expire 36 lines
12-14 01:07:21.010 E/OpenGLRenderer( 1625): GL error:  GL_INVALID_OPERATION
12-14 01:07:21.010 I/zygote  ( 4237): Do full code cache collection, code=125KB, data=72KB
12-14 01:07:21.011 E/OpenGLRenderer( 1625): GL error:  GL_INVALID_OPERATION
12-14 01:07:21.011 I/zygote  ( 4237): After code cache collection, code=109KB, data=45KB
12-14 01:07:21.011 E/OpenGLRenderer( 1625): GL error:  GL_INVALID_OPERATION
12-14 01:07:21.035 I/chatty  ( 1625): uid=1000(system) RenderThread identical 108 lines
12-14 01:07:21.037 E/OpenGLRenderer( 1625): GL error:  GL_INVALID_OPERATION
12-14 01:07:21.037 V/StatusBar( 1725): setLightsOn(true)
12-14 01:07:21.039 V/StatusBar( 1725): setLightsOn(true)
12-14 01:07:21.042 E/OpenGLRenderer( 1625): GL error:  GL_INVALID_OPERATION
12-14 01:07:21.057 I/chatty  ( 1625): uid=1000(system) RenderThread identical 54 lines
12-14 01:07:21.057 E/OpenGLRenderer( 1625): GL error:  GL_INVALID_OPERATION
12-14 01:07:21.058 V/StatusBar( 1725): setLightsOn(true)
12-14 01:07:21.058 E/OpenGLRenderer( 1625): GL error:  GL_INVALID_OPERATION
12-14 01:07:21.069 I/chatty  ( 1625): uid=1000(system) RenderThread identical 35 lines
12-14 01:07:21.070 E/OpenGLRenderer( 1625): GL error:  GL_INVALID_OPERATION
12-14 01:07:21.070 W/SurfaceFlinger( 1405): couldn't log to binary event log: overflow.
12-14 01:07:21.070 E/OpenGLRenderer( 1625): GL error:  GL_INVALID_OPERATION
12-14 01:07:21.149 I/chatty  ( 1625): uid=1000(system) RenderThread identical 186 lines
12-14 01:07:21.149 E/OpenGLRenderer( 1625): GL error:  GL_INVALID_OPERATION
12-14 01:07:21.150 I/PBSessionCacheImpl( 2209): Deleted sessionId[6063393213155] from persistence.
12-14 01:07:21.150 E/OpenGLRenderer( 1625): GL error:  GL_INVALID_OPERATION
