12-14 03:44:17.125 I/zygote  ( 3864): Do partial code cache collection, code=44KB, data=59KB
12-14 03:44:17.125 I/zygote  ( 3864): After code cache collection, code=44KB, data=59KB
12-14 03:44:17.125 I/zygote  ( 3864): Increasing code cache capacity to 256KB
12-14 03:44:17.126 I/zygote  ( 3864): JIT allocated 71KB for compiled code of void android.widget.TextView.<init>(android.content.Context, android.util.AttributeSet, int, int)
12-14 03:44:17.126 I/zygote  ( 3864): Compiler allocated 4MB to compile void android.widget.TextView.<init>(android.content.Context, android.util.AttributeSet, int, int)
12-14 03:44:17.137 V/StatusBar( 1731): setLightsOn(true)
12-14 03:44:17.141 V/StatusBar( 1731): setLightsOn(true)
12-14 03:44:17.159 I/zygote  ( 3864): Do full code cache collection, code=124KB, data=70KB
12-14 03:44:17.160 I/zygote  ( 3864): After code cache collection, code=89KB, data=38KB
12-14 03:44:17.169 D/gralloc_ranchu( 1395): gralloc_alloc: Creating ashmem region of size 7753728
12-14 03:44:17.186 W/Nearby  ( 1937): Failed attempt #3 out of 3 for RestoreDeviceName [CONTEXT service_id=49 ]
12-14 03:44:17.186 W/Nearby  ( 1937): java.lang.IllegalStateException: BluetoothAdapter not ready yet!
12-14 03:44:17.186 W/Nearby  ( 1937): 	at alhd.g(:com.google.android.gms@204713022@20.47.13 (040700-344095733):2)
12-14 03:44:17.186 W/Nearby  ( 1937): 	at alhc.run(Unknown Source:0)
12-14 03:44:17.186 W/Nearby  ( 1937): 	at bznt.call(Unknown Source:0)
12-14 03:44:17.186 W/Nearby  ( 1937): 	at bzny.b(:com.google.android.gms@204713022@20.47.13 (040700-344095733):2)
12-14 03:44:17.186 W/Nearby  ( 1937): 	at bzny.a(:com.google.android.gms@204713022@20.47.13 (040700-344095733):0)
12-14 03:44:17.186 W/Nearby  ( 1937): 	at alhb.run(Unknown Source:2)
12-14 03:44:17.186 W/Nearby  ( 1937): 	at java.lang.Thread.run(Thread.java:764)
12-14 03:44:17.186 W/Nearby  ( 1937): 	at tly.run(Unknown Source:5)
12-14 03:44:17.186 W/Nearby  ( 1937): 	at java.util.concurrent.ThreadPoolExecutor.runWorker(ThreadPoolExecutor.java:1162)
12-14 03:44:17.186 W/Nearby  ( 1937): 	at java.util.concurrent.ThreadPoolExecutor$Worker.run(ThreadPoolExecutor.java:636)
12-14 03:44:17.186 W/Nearby  ( 1937): 	at trx.run(:com.google.android.gms@204713022@20.47.13 (040700-344095733):0)
12-14 03:44:17.186 W/Nearby  ( 1937): 	at java.lang.Thread.run(Thread.java:764)
12-14 03:44:17.220 D/        ( 3864): HostConnection::get() New Host Connection established 0xa6d30dc0, tid 3864
12-14 03:44:17.246 V/StatusBar( 1731): setLightsOn(true)
12-14 03:44:17.284 V/StatusBar( 1731): setLightsOn(true)
12-14 03:44:17.286 I/ActivityManager( 1629): Displayed com.evancharlton.mileage/.Mileage: +591ms
12-14 03:44:17.293 D/gralloc_ranchu( 1395): gralloc_alloc: Creating ashmem region of size 7753728
12-14 03:44:17.302 V/StatusBar( 1731): setLightsOn(true)
12-14 03:44:17.506 I/chatty  ( 1731): uid=10028(u0_a28) com.android.systemui identical 4 lines
12-14 03:44:17.515 V/StatusBar( 1731): setLightsOn(true)
12-14 03:44:17.541 I/System.out( 3864): URI: //map
12-14 03:44:17.541 I/System.out( 3864): params: {json={"query":"android.widget.Button index:2","operation":{"method_name":"query","arguments":[]}}
12-14 03:44:17.541 I/System.out( 3864): }
12-14 03:44:17.546 W/SurfaceFlinger( 1413): couldn't log to binary event log: overflow.
12-14 03:44:17.546 W/SurfaceFlinger( 1413): couldn't log to binary event log: overflow.
12-14 03:44:17.619 I/PBSessionCacheImpl( 2206): Deleted sessionId[11629670922611] from persistence.
12-14 03:44:17.647 W/SearchService( 2206): Abort, client detached.
12-14 03:44:17.650 E/WorkerRegistryImpl( 2206): getWorker() is called after WorkerRegistry disposal.
12-14 03:44:17.650 E/WorkerRegistryImpl( 2206): getWorker() is called after WorkerRegistry disposal.
12-14 03:44:17.673 I/zygote  ( 3864): Background concurrent copying GC freed 37250(1263KB) AllocSpace objects, 4(80KB) LOS objects, 55% free, 1248KB/2MB, paused 8.785ms total 24.416ms
12-14 03:44:17.689 I/System.out( 3864): URI: //gesture
12-14 03:44:17.689 I/System.out( 3864): params: {json={"query_timeout":5.0,"gestures":[{"query_string":"android.widget.Button index:2","touches":[{"x":50,"y":50,"offset_x":0,"offset_y":0,"wait":0.0,"time":0.2,"release":true,"query_string":null}]}]}
12-14 03:44:17.689 I/System.out( 3864): }
12-14 03:44:17.973 I/AudioTrack( 1629): AUDIO_OUTPUT_FLAG_FAST successful; frameCount 4512 -> 4512
12-14 03:44:18.036 I/zygote  ( 3864): Do partial code cache collection, code=124KB, data=63KB
12-14 03:44:18.037 I/zygote  ( 3864): After code cache collection, code=124KB, data=63KB
12-14 03:44:18.037 I/zygote  ( 3864): Increasing code cache capacity to 512KB
12-14 03:44:18.067 V/StatusBar( 1731): setLightsOn(true)
12-14 03:44:18.068 I/chatty  ( 1731): uid=10028(u0_a28) com.android.systemui identical 1 line
12-14 03:44:18.073 V/StatusBar( 1731): setLightsOn(true)
12-14 03:44:18.090 W/View    ( 3864): dispatchProvideAutofillStructure(): not laid out, ignoring
12-14 03:44:18.097 W/Binder  ( 1629): Outgoing transactions from this process must be FLAG_ONEWAY
12-14 03:44:18.097 W/Binder  ( 1629): java.lang.Throwable
12-14 03:44:18.097 W/Binder  ( 1629): 	at android.os.BinderProxy.transact(Binder.java:736)
12-14 03:44:18.097 W/Binder  ( 1629): 	at android.app.assist.AssistStructure$ParcelTransferReader.fetchData(AssistStructure.java:407)
12-14 03:44:18.097 W/Binder  ( 1629): 	at android.app.assist.AssistStructure$ParcelTransferReader.go(AssistStructure.java:343)
12-14 03:44:18.097 W/Binder  ( 1629): 	at android.app.assist.AssistStructure.ensureData(AssistStructure.java:2096)
12-14 03:44:18.097 W/Binder  ( 1629): 	at com.android.server.autofill.Session$1.send(Session.java:200)
12-14 03:44:18.097 W/Binder  ( 1629): 	at com.android.server.am.ActivityManagerService.reportAssistContextExtras(ActivityManagerService.java:13137)
12-14 03:44:18.097 W/Binder  ( 1629): 	at android.app.IActivityManager$Stub.onTransact(IActivityManager.java:2466)
12-14 03:44:18.097 W/Binder  ( 1629): 	at com.android.server.am.ActivityManagerService.onTransact(ActivityManagerService.java:2935)
12-14 03:44:18.097 W/Binder  ( 1629): 	at android.os.Binder.execTransact(Binder.java:674)
12-14 03:44:18.104 I/AssistStructure( 3864): Flattened final assist data: 5024 bytes, containing 2 windows, 19 views
12-14 03:44:18.109 D/gralloc_ranchu( 1395): gralloc_alloc: Creating ashmem region of size 303104
12-14 03:44:18.114 D/        ( 1413): HostConnection::get() New Host Connection established 0xad35ea00, tid 2035
12-14 03:44:18.601 W/audio_hw_generic( 1389): Not supplying enough data to HAL, expected position 23434 , only wrote 2160
12-14 03:44:18.603 W/zygote  ( 1937): Verification of void lgq.g(android.service.autofill.FillCallback, brhx, boolean, brhx, brhx, brhx) took 492.285ms
12-14 03:44:18.603 W/AudioFlinger( 1476): write blocked for 495 msecs, 1 delayed writes, thread 0xb0003840
12-14 03:44:18.615 V/StatusBar( 1731): setLightsOn(true)
12-14 03:44:18.618 W/audio_hw_generic( 1389): Hardware backing HAL too slow, could only write 0 of 720 frames
12-14 03:44:18.619 V/StatusBar( 1731): setLightsOn(true)
12-14 03:44:18.622 V/StatusBar( 1731): setLightsOn(true)
12-14 03:44:18.632 D/AudioFlinger( 1476): mixer(0xb0003840) throttle end: throttle time(12)
12-14 03:44:18.700 D/gralloc_ranchu( 1395): gralloc_alloc: Creating ashmem region of size 7753728
12-14 03:44:18.716 I/AssistStructure( 1629): Flattened final assist data: 4496 bytes, containing 2 windows, 19 views
12-14 03:44:18.720 E/SurfaceFlinger( 1413): ro.sf.lcd_density must be defined as a build property
12-14 03:44:18.721 D/PermissionCache( 1413): checking android.permission.READ_FRAME_BUFFER for uid=2000 => granted (304 us)
12-14 03:44:18.738 W/lgq     ( 1937): Pending fill request while another request in the same session was triggered. [CONTEXT service_id=177 ]
12-14 03:44:18.741 D/gralloc_ranchu( 1395): gralloc_alloc: Creating ashmem region of size 8298496
12-14 03:44:18.753 D/        ( 3916): HostConnection::get() New Host Connection established 0xb1caf800, tid 3916
12-14 03:44:18.895 V/StatusBar( 1731): setLightsOn(true)
12-14 03:44:19.095 I/zygote  ( 1937): Background concurrent copying GC freed 73763(4MB) AllocSpace objects, 8(292KB) LOS objects, 45% free, 7MB/13MB, paused 2.789ms total 105.769ms
12-14 03:44:19.235 E/memtrack( 1629): Couldn't load memtrack module
12-14 03:44:19.235 W/android.os.Debug( 1629): failed to get memory consumption info: -1
12-14 03:44:19.255 D/BoundBrokerSvc( 1937): onUnbind: Intent { act=com.google.android.gms.auth.account.workaccount.START cmp=com.google.android.gms/.chimera.PersistentApiService }
