--------- beginning of main
12-14 03:44:54.260 D/EGL_emulation( 2206): eglMakeCurrent: 0xa6f47ce0: ver 3 0 (tinfo 0xa70ff4f0)
12-14 03:44:54.261 E/ContentStoreEUAS( 2206): Failed to commit the deferred actions
12-14 03:44:54.272 E/NowRemoteClient( 2206): skipping logEndstates, service is null
12-14 03:44:54.317 D/gralloc_ranchu( 1395): gralloc_alloc: Creating ashmem region of size 8298496
12-14 03:44:54.332 I/chatty  ( 1395): uid=1000(system) allocator@2.0-s identical 1 line
12-14 03:44:54.345 D/gralloc_ranchu( 1395): gralloc_alloc: Creating ashmem region of size 8298496
12-14 03:44:54.349 D/NuPlayerDriver( 1484): notifyListener_l(0xaa0c85b0), (2, 0, 0, -1), loop setting(0, 0)
12-14 03:44:54.350 I/MediaFocusControl( 1629):  AudioFocus  abandonAudioFocus() from uid/pid 10028/1731 clientId=android.media.AudioManager@554e2d1
12-14 03:44:54.389 D/EGL_emulation( 1731): eglCreateContext: 0x9340a960: maj 3 min 0 rcv 3
12-14 03:44:54.395 D/EGL_emulation( 1731): eglMakeCurrent: 0x9340a960: ver 3 0 (tinfo 0x95560b50)
12-14 03:44:54.401 E/eglCodecCommon( 1731): glUtilsParamSize: unknow param 0x00008cdf
12-14 03:44:54.401 E/eglCodecCommon( 1731): glUtilsParamSize: unknow param 0x00008cdf
12-14 03:44:54.401 E/eglCodecCommon( 1731): glUtilsParamSize: unknow param 0x00008824
12-14 03:44:54.402 E/eglCodecCommon( 1731): glUtilsParamSize: unknow param 0x00008824
12-14 03:44:54.405 W/SurfaceFlinger( 1413): couldn't log to binary event log: overflow.
12-14 03:44:54.405 D/gralloc_ranchu( 1395): gralloc_alloc: Creating ashmem region of size 8298496
12-14 03:44:54.430 D/EGL_emulation( 2176): eglMakeCurrent: 0xb2d31920: ver 3 0 (tinfo 0xb2decee0)
12-14 03:44:54.437 D/SurfaceFlinger( 1413): duplicate layer name: changing com.google.android.apps.nexuslauncher/com.google.android.apps.nexuslauncher.NexusLauncherActivity to com.google.android.apps.nexuslauncher/com.google.android.apps.nexuslauncher.NexusLauncherActivity#1
12-14 03:44:54.457 D/EGL_emulation( 1731): eglMakeCurrent: 0x9340a960: ver 3 0 (tinfo 0x95560b50)
12-14 03:44:54.495 D/gralloc_ranchu( 1395): gralloc_alloc: Creating ashmem region of size 8298496
12-14 03:44:54.512 D/gralloc_ranchu( 1395): gralloc_alloc: Creating ashmem region of size 8298496
12-14 03:44:54.529 I/zygote  ( 2206): NativeAllocBackground concurrent copying GC freed 6696(450KB) AllocSpace objects, 2(696KB) LOS objects, 50% free, 4MB/9MB, paused 1.287ms total 351.456ms
12-14 03:44:54.565 I/zygote  ( 2176): Background concurrent copying GC freed 34500(1521KB) AllocSpace objects, 14(424KB) LOS objects, 50% free, 3MB/6MB, paused 586us total 173.145ms
12-14 03:44:54.600 D/gralloc_ranchu( 1395): gralloc_alloc: Creating ashmem region of size 8298496
12-14 03:44:54.648 I/zygote  ( 1629): Background concurrent copying GC freed 19457(1493KB) AllocSpace objects, 12(272KB) LOS objects, 36% free, 10MB/16MB, paused 983us total 420.265ms
12-14 03:44:54.689 D/gralloc_ranchu( 1395): gralloc_alloc: Creating ashmem region of size 8298496
--------- beginning of system
12-14 03:44:54.770 E/TaskPersister( 1629): File error accessing recents directory (directory doesn't exist?).
12-14 03:44:54.773 D/EGL_emulation( 2206): eglMakeCurrent: 0xa6f47ce0: ver 3 0 (tinfo 0xa70ff4f0)
12-14 03:44:54.781 I/Choreographer( 1731): Skipped 43 frames!  The application may be doing too much work on its main thread.
12-14 03:44:54.849 W/audio_hw_generic( 1389): Not supplying enough data to HAL, expected position 479595 , only wrote 479520
12-14 03:44:54.850 W/audio_hw_generic( 1389): Not supplying enough data to HAL, expected position 479566 , only wrote 479520
12-14 03:44:54.856 D/gralloc_ranchu( 1395): gralloc_alloc: Creating ashmem region of size 544768
12-14 03:44:54.866 W/audio_hw_generic( 1389): Not supplying enough data to HAL, expected position 480250 , only wrote 480240
12-14 03:44:54.926 D/EGL_emulation( 1731): eglMakeCurrent: 0x95c533a0: ver 3 0 (tinfo 0xa517bb50)
12-14 03:44:54.942 W/SessionLifecycleManager( 2206): Handover failed. Creating new session controller.
12-14 03:44:54.956 I/OptInState( 2206): There is a new client and it does not support opt-in. Dropping request.
12-14 03:44:54.979 D/gralloc_ranchu( 1395): gralloc_alloc: Creating ashmem region of size 544768
12-14 03:44:55.052 I/MicroDetectionWorker( 2206): #updateMicroDetector [detectionMode: [mDetectionMode: [1]]]
12-14 03:44:55.052 I/MicroDetectionWorker( 2206): #startMicroDetector [speakerMode: 0]
12-14 03:44:55.053 I/AudioController( 2206): Using mInputStreamFactoryBuilder
12-14 03:44:55.062 D/gralloc_ranchu( 1395): gralloc_alloc: Creating ashmem region of size 274432
12-14 03:44:55.080 I/MicroDetectionWorker( 2206): onReady
12-14 03:44:55.086 I/MicroRecognitionRunner( 2206): Starting detection.
12-14 03:44:55.103 I/MicrophoneInputStream( 2206): mic_starting com.google.android.apps.gsa.staticplugins.aa.c@fe2229a
12-14 03:44:55.109 I/MicrophoneInputStream( 2206): mic_started com.google.android.apps.gsa.staticplugins.aa.c@fe2229a
12-14 03:44:55.109 E/ActivityThread( 2206): Failed to find provider info for com.google.android.apps.gsa.testing.ui.audio.recorded
12-14 03:44:55.109 I/MicroDetectionWorker( 2206): onReady
12-14 03:44:55.111 I/MicrophoneInputStream( 2206): mic_close com.google.android.apps.gsa.staticplugins.aa.c@fe2229a
12-14 03:44:55.112 I/MicroRecognitionRunner( 2206): Detection finished
12-14 03:44:55.112 W/ErrorReporter( 2206): reportError [type: 211, code: 524300]: Error reading from input stream
12-14 03:44:55.115 I/AudioFlinger( 1476): AudioFlinger's thread 0xada0a2c0 tid=4507 ready to run
12-14 03:44:55.124 D/StatusBar( 1731): disable<e i a s b h r c s q >
12-14 03:44:55.125 I/MicroRecognitionRunner( 2206): Stopping hotword detection.
12-14 03:44:55.125 W/ErrorProcessor( 2206): onFatalError, processing error from engine(4)
12-14 03:44:55.125 W/ErrorProcessor( 2206): com.google.android.apps.gsa.shared.speech.b.g: Error reading from input stream
12-14 03:44:55.125 W/ErrorProcessor( 2206): 	at com.google.android.apps.gsa.staticplugins.recognizer.j.a.a(SourceFile:28)
12-14 03:44:55.125 W/ErrorProcessor( 2206): 	at com.google.android.apps.gsa.staticplugins.recognizer.j.b.run(SourceFile:15)
12-14 03:44:55.125 W/ErrorProcessor( 2206): 	at java.util.concurrent.Executors$RunnableAdapter.call(Executors.java:457)
12-14 03:44:55.125 W/ErrorProcessor( 2206): 	at java.util.concurrent.FutureTask.run(FutureTask.java:266)
12-14 03:44:55.125 W/ErrorProcessor( 2206): 	at com.google.android.apps.gsa.shared.util.concurrent.a.ax.run(SourceFile:14)
12-14 03:44:55.125 W/ErrorProcessor( 2206): 	at com.google.android.apps.gsa.shared.util.concurrent.a.bl.run(SourceFile:4)
12-14 03:44:55.125 W/ErrorProcessor( 2206): 	at com.google.android.apps.gsa.shared.util.concurrent.a.bl.run(SourceFile:4)
12-14 03:44:55.125 W/ErrorProcessor( 2206): 	at java.util.concurrent.ThreadPoolExecutor.runWorker(ThreadPoolExecutor.java:1162)
12-14 03:44:55.125 W/ErrorProcessor( 2206): 	at java.util.concurrent.ThreadPoolExecutor$Worker.run(ThreadPoolExecutor.java:636)
12-14 03:44:55.125 W/ErrorProcessor( 2206): 	at java.lang.Thread.run(Thread.java:764)
12-14 03:44:55.125 W/ErrorProcessor( 2206): 	at com.google.android.apps.gsa.shared.util.concurrent.a.ai.run(SourceFile:6)
12-14 03:44:55.125 W/ErrorProcessor( 2206): Caused by: com.google.android.apps.gsa.shared.exception.GsaIOException: Error code: 393238 | Buffer overflow, no available space.
12-14 03:44:55.125 W/ErrorProcessor( 2206): 	at com.google.android.apps.gsa.speech.audio.Tee.f(SourceFile:103)
12-14 03:44:55.125 W/ErrorProcessor( 2206): 	at com.google.android.apps.gsa.speech.audio.au.read(SourceFile:2)
12-14 03:44:55.125 W/ErrorProcessor( 2206): 	at java.io.InputStream.read(InputStream.java:101)
12-14 03:44:55.125 W/ErrorProcessor( 2206): 	at com.google.android.apps.gsa.speech.audio.ao.run(SourceFile:18)
12-14 03:44:55.125 W/ErrorProcessor( 2206): 	at com.google.android.apps.gsa.speech.audio.an.run(SourceFile:2)
12-14 03:44:55.125 W/ErrorProcessor( 2206): 	... 9 more
12-14 03:44:55.125 I/AudioController( 2206): internalShutdown
12-14 03:44:55.129 D/EGL_emulation( 1731): eglMakeCurrent: 0x95c533a0: ver 3 0 (tinfo 0xa517bb50)
12-14 03:44:55.133 I/MicroDetector( 2206): Keeping mic open: false
12-14 03:44:55.133 I/MicroDetectionWorker( 2206): #onError(false)
12-14 03:44:55.135 I/DeviceStateChecker( 2206): DeviceStateChecker cancelled
12-14 03:44:55.137 D/gralloc_ranchu( 1395): gralloc_alloc: Creating ashmem region of size 274432
12-14 03:44:55.157 I/WindowManager( 1629): Screen frozen for +1s283ms due to Window{1efa600 u0 StatusBar}
12-14 03:44:55.194 D/EGL_emulation( 1731): eglCreateContext: 0x9340ad20: maj 3 min 0 rcv 3
12-14 03:44:55.200 D/EGL_emulation( 1731): eglMakeCurrent: 0x9340ad20: ver 3 0 (tinfo 0x95560b50)
12-14 03:44:55.202 E/eglCodecCommon( 1731): glUtilsParamSize: unknow param 0x00008cdf
12-14 03:44:55.202 E/eglCodecCommon( 1731): glUtilsParamSize: unknow param 0x00008cdf
12-14 03:44:55.202 E/eglCodecCommon( 1731): glUtilsParamSize: unknow param 0x00008824
12-14 03:44:55.202 E/eglCodecCommon( 1731): glUtilsParamSize: unknow param 0x00008824
12-14 03:44:55.207 D/gralloc_ranchu( 1395): gralloc_alloc: Creating ashmem region of size 9547776
12-14 03:44:55.328 D/EGL_emulation( 1731): eglMakeCurrent: 0x9340ad20: ver 3 0 (tinfo 0x95560b50)
12-14 03:44:55.438 D/gralloc_ranchu( 1395): gralloc_alloc: Creating ashmem region of size 9547776
12-14 03:44:55.556 E/hw-IPCThreadState( 1395): binder thread pool (1 threads) starved for 118 ms
12-14 03:44:55.571 D/gralloc_ranchu( 1395): gralloc_alloc: Creating ashmem region of size 274432
12-14 03:44:55.587 D/EGL_emulation( 1731): eglMakeCurrent: 0x95c533a0: ver 3 0 (tinfo 0xa517bb50)
12-14 03:44:55.593 D/gralloc_ranchu( 1395): gralloc_alloc: Creating ashmem region of size 544768
12-14 03:44:55.630 D/AndroidRuntime( 4502): >>>>>> START com.android.internal.os.RuntimeInit uid 2000 <<<<<<
12-14 03:44:55.678 W/app_process( 4502): Unexpected CPU variant for X86 using defaults: x86
12-14 03:44:55.699 D/AndroidRuntime( 4502): Calling main entry com.android.commands.am.Am
12-14 03:44:55.703 I/ActivityManager( 1629): Force stopping com.evancharlton.mileage appid=10428 user=0: start instr
12-14 03:44:55.707 I/zygote  ( 4516): Not late-enabling -Xcheck:jni (already on)
12-14 03:44:55.714 I/ActivityManager( 1629): Start proc 4516:com.evancharlton.mileage/u0a428 for added application com.evancharlton.mileage
12-14 03:44:55.715 E/memtrack( 1629): Couldn't load memtrack module
12-14 03:44:55.715 W/android.os.Debug( 1629): failed to get memory consumption info: -1
12-14 03:44:55.715 D/AndroidRuntime( 4502): Shutting down VM
12-14 03:44:55.723 W/zygote  ( 4516): Unexpected CPU variant for X86 using defaults: x86
12-14 03:44:55.726 E/memtrack( 1629): Couldn't load memtrack module
12-14 03:44:55.726 W/android.os.Debug( 1629): failed to get memory consumption info: -1
12-14 03:44:55.746 E/adbd    ( 1383): failed to connect to socket 'tcp:7102': Connection refused
12-14 03:44:55.752 E/adbd    ( 1383): failed to connect to socket 'tcp:7102': Connection refused
12-14 03:44:55.769 W/zygote  ( 4516): Found duplicate classes, falling back to extracting from APK : /data/app/com.evancharlton.mileage.test-D205ilBDNjkoAeyacisqiA==/base.apk
12-14 03:44:55.769 W/zygote  ( 4516): NOTE: This wastes RAM and hurts startup performance.
12-14 03:44:55.769 W/zygote  ( 4516): Found duplicated class when checking oat files: 'Ljunit/runner/BaseTestRunner;' in /data/app/com.evancharlton.mileage.test-D205ilBDNjkoAeyacisqiA==/base.apk and /system/framework/android.test.runner.jar
12-14 03:44:55.769 W/zygote  ( 4516): 
12-14 03:44:55.808 W/System  ( 4516): ClassLoader referenced unknown path: 
12-14 03:44:55.824 I/System.out( 4516): Main activity name automatically set to: com.evancharlton.mileage.Mileage
12-14 03:44:55.825 I/System.out( 4516): Calabash did not load Mono. This is only a problem if you are trying to test a Mono application
12-14 03:44:55.825 I/calabash( 4516): Test server port: 7102
12-14 03:44:55.828 I/InstrumentationBackend( 4516): Added:'GetPreferences', with key:'get_preferences'
12-14 03:44:55.870 E/adbd    ( 1383): failed to connect to socket 'tcp:7102': Connection refused
12-14 03:44:55.872 E/adbd    ( 1383): failed to connect to socket 'tcp:7102': Connection refused
12-14 03:44:55.914 I/InstrumentationBackend( 4516): Added:'SetPreferences', with key:'set_preferences'
12-14 03:44:55.914 I/InstrumentationBackend( 4516): Added:'ClearPreferences', with key:'clear_preferences'
12-14 03:44:55.915 I/InstrumentationBackend( 4516): Added:'PressElement', with key:'press_l10n_element'
12-14 03:44:55.915 I/InstrumentationBackend( 4516): Added:'WaitForElement', with key:'wait_for_l10n_element'
12-14 03:44:55.916 I/InstrumentationBackend( 4516): Added:'NullAction', with key:'nullAction'
12-14 03:44:55.917 I/InstrumentationBackend( 4516): Added:'PressKey', with key:'press_key'
12-14 03:44:55.917 I/InstrumentationBackend( 4516): Added:'SetActivityOrientation', with key:'set_activity_orientation'
12-14 03:44:55.917 I/InstrumentationBackend( 4516): Added:'GetActivityOrientation', with key:'get_activity_orientation'
12-14 03:44:55.918 I/InstrumentationBackend( 4516): Added:'FakeGPSLocation', with key:'set_gps_coordinates'
12-14 03:44:55.918 I/InstrumentationBackend( 4516): Added:'SetPropertyByCssSelector', with key:'set_property_by_css_selector'
12-14 03:44:55.920 I/InstrumentationBackend( 4516): Added:'GetUrl', with key:'get_url'
12-14 03:44:55.922 I/InstrumentationBackend( 4516): Added:'ScrollTo', with key:'scroll_to'
12-14 03:44:55.922 I/InstrumentationBackend( 4516): Added:'GetLoadProgress', with key:'get_load_progress'
12-14 03:44:55.923 I/InstrumentationBackend( 4516): Added:'DumpHtml', with key:'dump_html'
12-14 03:44:55.924 I/InstrumentationBackend( 4516): Added:'DumpBodyHtml', with key:'dump_body_html'
12-14 03:44:55.924 I/InstrumentationBackend( 4516): Added:'EnterTextByCssSelector', with key:'enter_text_by_selector'
12-14 03:44:55.929 I/InstrumentationBackend( 4516): Added:'AndroidSDKVersion', with key:'android_sdk_version'
12-14 03:44:55.929 I/InstrumentationBackend( 4516): Added:'Version', with key:'version'
12-14 03:44:55.929 I/InstrumentationBackend( 4516): Added:'Drag', with key:'drag'
12-14 03:44:55.930 I/InstrumentationBackend( 4516): Added:'TouchCoordinates', with key:'touch_coordinate'
12-14 03:44:55.931 I/InstrumentationBackend( 4516): Added:'LongPressCoordinate', with key:'long_press_coordinate'
12-14 03:44:55.931 I/InstrumentationBackend( 4516): Added:'DragCoordinates', with key:'drag_coordinates'
12-14 03:44:55.932 I/InstrumentationBackend( 4516): Added:'ResumeApplication', with key:'resume_application'
12-14 03:44:55.933 I/InstrumentationBackend( 4516): Added:'Swipe', with key:'swipe'
12-14 03:44:55.933 I/InstrumentationBackend( 4516): Added:'DoubleTapCoordinate', with key:'double_tap_coordinate'
12-14 03:44:55.933 I/InstrumentationBackend( 4516): Added:'ClickOnScreen', with key:'click_on_screen'
12-14 03:44:55.934 I/InstrumentationBackend( 4516): Added:'GetActivityName', with key:'get_activity_name'
12-14 03:44:55.934 I/InstrumentationBackend( 4516): Added:'ScrollToView', with key:'scroll_to_view'
12-14 03:44:55.935 I/InstrumentationBackend( 4516): Added:'ViewConfiguration', with key:'view_configuration'
12-14 03:44:55.935 I/InstrumentationBackend( 4516): Added:'IsCurrentActivityFocused', with key:'is_current_activity_focused'
12-14 03:44:55.936 I/InstrumentationBackend( 4516): Added:'SendTcp', with key:'send_tcp'
12-14 03:44:55.936 I/InstrumentationBackend( 4516): Added:'DpToDevicePixel', with key:'dp_to_device_pixel'
12-14 03:44:55.938 I/InstrumentationBackend( 4516): Added:'KeyboardEnterText', with key:'keyboard_enter_text'
12-14 03:44:55.938 I/InstrumentationBackend( 4516): Added:'DeleteSurroundingText', with key:'delete_surrounding_text'
12-14 03:44:55.939 I/InstrumentationBackend( 4516): Added:'SetComposingRegion', with key:'set_composing_region'
12-14 03:44:55.939 I/InstrumentationBackend( 4516): Added:'SetSelection', with key:'set_selection'
12-14 03:44:55.940 I/InstrumentationBackend( 4516): Added:'KeyboardKeyEvent', with key:'keyboard_key_event'
12-14 03:44:55.940 I/InstrumentationBackend( 4516): Added:'PressUserActionButton', with key:'press_user_action_button'
12-14 03:44:55.941 I/InstrumentationBackend( 4516): Added:'HideSoftKeyboard', with key:'hide_soft_keyboard'
12-14 03:44:55.942 I/InstrumentationBackend( 4516): Added:'ListActions', with key:'list_actions'
12-14 03:44:55.943 I/calabash( 4516): Instantiating http server at 7102
12-14 03:44:55.943 I/System.out( 4516): HTTP Daemon listening on: 7102
12-14 03:44:55.985 I/System.out( 4516): URI: //ping
12-14 03:44:55.986 I/System.out( 4516): params: {json={}
12-14 03:44:55.986 I/System.out( 4516): }
12-14 03:44:55.994 I/System.out( 4516): URI: //ping
12-14 03:44:55.994 I/System.out( 4516): params: {json={}
12-14 03:44:55.994 I/System.out( 4516): }
12-14 03:44:56.003 I/System.out( 4516): URI: //ready
12-14 03:44:56.003 I/System.out( 4516): params: {json={}
12-14 03:44:56.003 I/System.out( 4516): }
12-14 03:44:56.014 I/System.out( 4516): URI: //
12-14 03:44:56.014 I/System.out( 4516): params: {json={"command":"version","arguments":[]}
12-14 03:44:56.014 I/System.out( 4516): }
12-14 03:44:56.015 I/System.out( 4516): header: {content-type=application/json;charset=utf-8, date=Mon, 14 Dec 2020 08:44:56 GMT, accept=*/*, host=127.0.0.1:34777, content-length=36, user-agent=HTTPClient/1.0 (2.8.3, ruby 2.5.8 (2020-03-31))}
12-14 03:44:56.015 I/System.out( 4516): params: {json={"command":"version","arguments":[]}
12-14 03:44:56.015 I/System.out( 4516): }
12-14 03:44:56.015 I/System.out( 4516): ProP json = {"command":"version","arguments":[]}
12-14 03:44:56.015 I/System.out( 4516): files: {}
12-14 03:44:56.015 I/System.out( 4516): command: {"command":"version","arguments":[]}
12-14 03:44:56.053 I/InstrumentationBackend( 4516): Got command:'Command:'Line:null,version', arguments:'[]'
12-14 03:44:56.095 I/System.out( 4516): result:{"bonusInformation":[],"message":"0.9.8","success":true}
12-14 03:44:56.106 I/System.out( 4516): URI: //start-application
12-14 03:44:56.106 I/System.out( 4516): params: {json={"intent":null}
12-14 03:44:56.106 I/System.out( 4516): }
12-14 03:44:56.153 I/ActivityManager( 1629): START u0 {act=android.intent.action.MAIN cat=[android.intent.category.LAUNCHER] flg=0x10200000 cmp=com.evancharlton.mileage/.Mileage} from uid 10428
12-14 03:44:56.169 E/memtrack( 1629): Couldn't load memtrack module
12-14 03:44:56.170 W/android.os.Debug( 1629): failed to get memory consumption info: -1
12-14 03:44:56.175 I/calabash( 4516): newActivity1
12-14 03:44:56.186 D/gralloc_ranchu( 1395): gralloc_alloc: Creating ashmem region of size 7753728
12-14 03:44:56.235 W/ActivityManager( 1629): Bad activity token: android.os.BinderProxy@cede0d6
12-14 03:44:56.235 W/ActivityManager( 1629): java.lang.ClassCastException: android.os.BinderProxy cannot be cast to com.android.server.am.ActivityRecord$Token
12-14 03:44:56.235 W/ActivityManager( 1629): 	at com.android.server.am.ActivityRecord.forTokenLocked(ActivityRecord.java:778)
12-14 03:44:56.235 W/ActivityManager( 1629): 	at com.android.server.am.ActivityRecord.isInStackLocked(ActivityRecord.java:2085)
12-14 03:44:56.235 W/ActivityManager( 1629): 	at com.android.server.am.ActivityRecord.getStackLocked(ActivityRecord.java:2090)
12-14 03:44:56.235 W/ActivityManager( 1629): 	at com.android.server.am.ActivityManagerService.getActivityDisplayId(ActivityManagerService.java:10406)
12-14 03:44:56.235 W/ActivityManager( 1629): 	at android.app.IActivityManager$Stub.onTransact(IActivityManager.java:2738)
12-14 03:44:56.235 W/ActivityManager( 1629): 	at com.android.server.am.ActivityManagerService.onTransact(ActivityManagerService.java:2935)
12-14 03:44:56.235 W/ActivityManager( 1629): 	at android.os.Binder.execTransact(Binder.java:674)
12-14 03:44:56.236 I/calabash( 4516): newActivity1
12-14 03:44:56.245 W/ActivityManager( 1629): Bad activity token: android.os.BinderProxy@cede0d6
12-14 03:44:56.245 W/ActivityManager( 1629): java.lang.ClassCastException: android.os.BinderProxy cannot be cast to com.android.server.am.ActivityRecord$Token
12-14 03:44:56.245 W/ActivityManager( 1629): 	at com.android.server.am.ActivityRecord.forTokenLocked(ActivityRecord.java:778)
12-14 03:44:56.245 W/ActivityManager( 1629): 	at com.android.server.am.ActivityRecord.isInStackLocked(ActivityRecord.java:2085)
12-14 03:44:56.245 W/ActivityManager( 1629): 	at com.android.server.am.ActivityManagerService.setTaskDescription(ActivityManagerService.java:9988)
12-14 03:44:56.245 W/ActivityManager( 1629): 	at android.app.IActivityManager$Stub.onTransact(IActivityManager.java:2824)
12-14 03:44:56.245 W/ActivityManager( 1629): 	at com.android.server.am.ActivityManagerService.onTransact(ActivityManagerService.java:2935)
12-14 03:44:56.245 W/ActivityManager( 1629): 	at android.os.Binder.execTransact(Binder.java:674)
12-14 03:44:56.247 W/ActivityManager( 1629): Bad activity token: android.os.BinderProxy@cede0d6
12-14 03:44:56.247 W/ActivityManager( 1629): java.lang.ClassCastException: android.os.BinderProxy cannot be cast to com.android.server.am.ActivityRecord$Token
12-14 03:44:56.247 W/ActivityManager( 1629): 	at com.android.server.am.ActivityRecord.forTokenLocked(ActivityRecord.java:778)
12-14 03:44:56.247 W/ActivityManager( 1629): 	at com.android.server.am.ActivityRecord.isInStackLocked(ActivityRecord.java:2085)
12-14 03:44:56.247 W/ActivityManager( 1629): 	at com.android.server.am.ActivityRecord.getStackLocked(ActivityRecord.java:2090)
12-14 03:44:56.247 W/ActivityManager( 1629): 	at com.android.server.am.ActivityManagerService.getActivityStackId(ActivityManagerService.java:10417)
12-14 03:44:56.247 W/ActivityManager( 1629): 	at android.app.IActivityManager$Stub.onTransact(IActivityManager.java:3548)
12-14 03:44:56.247 W/ActivityManager( 1629): 	at com.android.server.am.ActivityManagerService.onTransact(ActivityManagerService.java:2935)
12-14 03:44:56.247 W/ActivityManager( 1629): 	at android.os.Binder.execTransact(Binder.java:674)
12-14 03:44:56.250 D/EGL_emulation( 2176): eglMakeCurrent: 0xb2d31920: ver 3 0 (tinfo 0xb2decee0)
12-14 03:44:56.251 D/EGL_emulation( 2206): eglMakeCurrent: 0xa6f47ce0: ver 3 0 (tinfo 0xa70ff4f0)
12-14 03:44:56.274 D/EGL_emulation( 1731): eglMakeCurrent: 0x95c533a0: ver 3 0 (tinfo 0xa517bb50)
12-14 03:44:56.285 I/chatty  ( 1731): uid=10028(u0_a28) RenderThread identical 1 line
12-14 03:44:56.293 D/EGL_emulation( 1731): eglMakeCurrent: 0x95c533a0: ver 3 0 (tinfo 0xa517bb50)
12-14 03:44:56.314 E/ContentStoreEUAS( 2206): Failed to commit the deferred actions
12-14 03:44:56.317 D/EGL_emulation( 1731): eglMakeCurrent: 0x95c533a0: ver 3 0 (tinfo 0xa517bb50)
12-14 03:44:56.320 V/StatusBar( 1731): setLightsOn(true)
12-14 03:44:56.334 D/EGL_emulation( 1731): eglMakeCurrent: 0x95c533a0: ver 3 0 (tinfo 0xa517bb50)
12-14 03:44:56.461 W/ActivityManager( 1629): Bad activity token: android.os.BinderProxy@cede0d6
12-14 03:44:56.461 W/ActivityManager( 1629): java.lang.ClassCastException: android.os.BinderProxy cannot be cast to com.android.server.am.ActivityRecord$Token
12-14 03:44:56.461 W/ActivityManager( 1629): 	at com.android.server.am.ActivityRecord.forTokenLocked(ActivityRecord.java:778)
12-14 03:44:56.461 W/ActivityManager( 1629): 	at com.android.server.am.ActivityRecord.isInStackLocked(ActivityRecord.java:2085)
12-14 03:44:56.461 W/ActivityManager( 1629): 	at com.android.server.am.ActivityManagerService.getActivityOptions(ActivityManagerService.java:13302)
12-14 03:44:56.461 W/ActivityManager( 1629): 	at android.app.IActivityManager$Stub.onTransact(IActivityManager.java:2910)
12-14 03:44:56.461 W/ActivityManager( 1629): 	at com.android.server.am.ActivityManagerService.onTransact(ActivityManagerService.java:2935)
12-14 03:44:56.461 W/ActivityManager( 1629): 	at android.os.Binder.execTransact(Binder.java:674)
12-14 03:44:56.462 W/ActivityManager( 1629): Bad activity token: android.os.BinderProxy@cede0d6
12-14 03:44:56.462 W/ActivityManager( 1629): java.lang.ClassCastException: android.os.BinderProxy cannot be cast to com.android.server.am.ActivityRecord$Token
12-14 03:44:56.462 W/ActivityManager( 1629): 	at com.android.server.am.ActivityRecord.forTokenLocked(ActivityRecord.java:778)
12-14 03:44:56.462 W/ActivityManager( 1629): 	at com.android.server.am.ActivityRecord.isInStackLocked(ActivityRecord.java:2085)
12-14 03:44:56.462 W/ActivityManager( 1629): 	at com.android.server.am.ActivityManagerService.getActivityOptions(ActivityManagerService.java:13302)
12-14 03:44:56.462 W/ActivityManager( 1629): 	at android.app.IActivityManager$Stub.onTransact(IActivityManager.java:2910)
12-14 03:44:56.462 W/ActivityManager( 1629): 	at com.android.server.am.ActivityManagerService.onTransact(ActivityManagerService.java:2935)
12-14 03:44:56.462 W/ActivityManager( 1629): 	at android.os.Binder.execTransact(Binder.java:674)
12-14 03:44:56.486 I/chatty  ( 1731): uid=10028(u0_a28) RenderThread identical 17 lines
12-14 03:44:56.495 D/EGL_emulation( 1731): eglMakeCurrent: 0x95c533a0: ver 3 0 (tinfo 0xa517bb50)
12-14 03:44:56.577 V/StatusBar( 1731): setLightsOn(true)
12-14 03:44:56.651 I/zygote  ( 4516): Do partial code cache collection, code=29KB, data=30KB
12-14 03:44:56.652 I/zygote  ( 4516): After code cache collection, code=29KB, data=30KB
12-14 03:44:56.652 I/zygote  ( 4516): Increasing code cache capacity to 128KB
12-14 03:44:56.657 I/zygote  ( 4516): Do partial code cache collection, code=29KB, data=48KB
12-14 03:44:56.665 I/zygote  ( 4516): After code cache collection, code=29KB, data=48KB
12-14 03:44:56.665 I/zygote  ( 4516): Increasing code cache capacity to 256KB
12-14 03:44:56.667 I/zygote  ( 4516): JIT allocated 71KB for compiled code of void android.widget.TextView.<init>(android.content.Context, android.util.AttributeSet, int, int)
12-14 03:44:56.667 I/zygote  ( 4516): Compiler allocated 4MB to compile void android.widget.TextView.<init>(android.content.Context, android.util.AttributeSet, int, int)
12-14 03:44:56.689 V/StatusBar( 1731): setLightsOn(true)
12-14 03:44:56.700 I/chatty  ( 1731): uid=10028(u0_a28) com.android.systemui identical 1 line
12-14 03:44:56.701 V/StatusBar( 1731): setLightsOn(true)
12-14 03:44:56.760 D/gralloc_ranchu( 1395): gralloc_alloc: Creating ashmem region of size 7753728
12-14 03:44:56.781 D/        ( 4516): HostConnection::get() New Host Connection established 0xa6d30c00, tid 4516
12-14 03:44:56.844 V/StatusBar( 1731): setLightsOn(true)
12-14 03:44:56.847 V/StatusBar( 1731): setLightsOn(true)
12-14 03:44:56.851 I/ActivityManager( 1629): Displayed com.evancharlton.mileage/.Mileage: +688ms
12-14 03:44:56.857 V/StatusBar( 1731): setLightsOn(true)
12-14 03:44:56.880 D/gralloc_ranchu( 1395): gralloc_alloc: Creating ashmem region of size 7753728
12-14 03:44:57.002 V/StatusBar( 1731): setLightsOn(true)
12-14 03:44:57.007 V/StatusBar( 1731): setLightsOn(true)
12-14 03:44:57.017 W/SurfaceFlinger( 1413): couldn't log to binary event log: overflow.
12-14 03:44:57.017 W/SurfaceFlinger( 1413): couldn't log to binary event log: overflow.
12-14 03:44:57.035 V/StatusBar( 1731): setLightsOn(true)
12-14 03:44:57.044 V/StatusBar( 1731): setLightsOn(true)
12-14 03:44:57.061 I/zygote  ( 4516): Do full code cache collection, code=125KB, data=72KB
12-14 03:44:57.062 I/zygote  ( 4516): After code cache collection, code=109KB, data=44KB
12-14 03:44:57.068 V/StatusBar( 1731): setLightsOn(true)
12-14 03:44:57.084 I/System.out( 4516): URI: //gesture
12-14 03:44:57.085 I/System.out( 4516): params: {json={"query_timeout":5.0,"gestures":[{"query_string":"android.widget.TabWidget descendant TextView index:1","touches":[{"x":50,"y":50,"offset_x":0,"offset_y":0,"wait":0.0,"time":0.2,"release":true,"query_string":null}]}]}
12-14 03:44:57.085 I/System.out( 4516): }
12-14 03:44:57.099 I/PBSessionCacheImpl( 2206): Deleted sessionId[11629670923317] from persistence.
12-14 03:44:57.113 W/SearchService( 2206): Abort, client detached.
12-14 03:44:57.230 I/zygote  ( 1629): Explicit concurrent copying GC freed 18601(1252KB) AllocSpace objects, 3(60KB) LOS objects, 38% free, 9MB/15MB, paused 604us total 65.170ms
12-14 03:44:57.296 W/audio_hw_generic( 1389): Not supplying enough data to HAL, expected position 712573 , only wrote 596880
12-14 03:44:57.427 W/audio_hw_generic( 1389): Not supplying enough data to HAL, expected position 597021 , only wrote 596880
12-14 03:44:57.444 W/ActivityManager( 1629): Bad activity token: android.os.BinderProxy@9e9fbe0
12-14 03:44:57.444 W/ActivityManager( 1629): java.lang.ClassCastException: android.os.BinderProxy cannot be cast to com.android.server.am.ActivityRecord$Token
12-14 03:44:57.444 W/ActivityManager( 1629): 	at com.android.server.am.ActivityRecord.forTokenLocked(ActivityRecord.java:778)
12-14 03:44:57.444 W/ActivityManager( 1629): 	at com.android.server.am.ActivityRecord.isInStackLocked(ActivityRecord.java:2085)
12-14 03:44:57.444 W/ActivityManager( 1629): 	at com.android.server.am.ActivityRecord.getStackLocked(ActivityRecord.java:2090)
12-14 03:44:57.444 W/ActivityManager( 1629): 	at com.android.server.am.ActivityManagerService.getActivityDisplayId(ActivityManagerService.java:10406)
12-14 03:44:57.444 W/ActivityManager( 1629): 	at android.app.IActivityManager$Stub.onTransact(IActivityManager.java:2738)
12-14 03:44:57.444 W/ActivityManager( 1629): 	at com.android.server.am.ActivityManagerService.onTransact(ActivityManagerService.java:2935)
12-14 03:44:57.444 W/ActivityManager( 1629): 	at android.os.Binder.execTransact(Binder.java:674)
12-14 03:44:57.446 I/calabash( 4516): newActivity1
12-14 03:44:57.451 W/ActivityManager( 1629): Bad activity token: android.os.BinderProxy@9e9fbe0
12-14 03:44:57.451 W/ActivityManager( 1629): java.lang.ClassCastException: android.os.BinderProxy cannot be cast to com.android.server.am.ActivityRecord$Token
12-14 03:44:57.451 W/ActivityManager( 1629): 	at com.android.server.am.ActivityRecord.forTokenLocked(ActivityRecord.java:778)
12-14 03:44:57.451 W/ActivityManager( 1629): 	at com.android.server.am.ActivityRecord.isInStackLocked(ActivityRecord.java:2085)
12-14 03:44:57.451 W/ActivityManager( 1629): 	at com.android.server.am.ActivityManagerService.setTaskDescription(ActivityManagerService.java:9988)
12-14 03:44:57.451 W/ActivityManager( 1629): 	at android.app.IActivityManager$Stub.onTransact(IActivityManager.java:2824)
12-14 03:44:57.451 W/ActivityManager( 1629): 	at com.android.server.am.ActivityManagerService.onTransact(ActivityManagerService.java:2935)
12-14 03:44:57.451 W/ActivityManager( 1629): 	at android.os.Binder.execTransact(Binder.java:674)
12-14 03:44:57.452 W/ActivityManager( 1629): Bad activity token: android.os.BinderProxy@9e9fbe0
12-14 03:44:57.452 W/ActivityManager( 1629): java.lang.ClassCastException: android.os.BinderProxy cannot be cast to com.android.server.am.ActivityRecord$Token
12-14 03:44:57.452 W/ActivityManager( 1629): 	at com.android.server.am.ActivityRecord.forTokenLocked(ActivityRecord.java:778)
12-14 03:44:57.452 W/ActivityManager( 1629): 	at com.android.server.am.ActivityRecord.isInStackLocked(ActivityRecord.java:2085)
12-14 03:44:57.452 W/ActivityManager( 1629): 	at com.android.server.am.ActivityRecord.getStackLocked(ActivityRecord.java:2090)
12-14 03:44:57.452 W/ActivityManager( 1629): 	at com.android.server.am.ActivityManagerService.getActivityStackId(ActivityManagerService.java:10417)
12-14 03:44:57.452 W/ActivityManager( 1629): 	at android.app.IActivityManager$Stub.onTransact(IActivityManager.java:3548)
12-14 03:44:57.452 W/ActivityManager( 1629): 	at com.android.server.am.ActivityManagerService.onTransact(ActivityManagerService.java:2935)
12-14 03:44:57.452 W/ActivityManager( 1629): 	at android.os.Binder.execTransact(Binder.java:674)
12-14 03:44:57.508 I/zygote  ( 4516): Do partial code cache collection, code=124KB, data=60KB
12-14 03:44:57.508 I/zygote  ( 4516): After code cache collection, code=124KB, data=60KB
12-14 03:44:57.508 I/zygote  ( 4516): Increasing code cache capacity to 512KB
12-14 03:44:57.513 W/ActivityManager( 1629): Bad activity token: android.os.BinderProxy@9e9fbe0
12-14 03:44:57.513 W/ActivityManager( 1629): java.lang.ClassCastException: android.os.BinderProxy cannot be cast to com.android.server.am.ActivityRecord$Token
12-14 03:44:57.513 W/ActivityManager( 1629): 	at com.android.server.am.ActivityRecord.forTokenLocked(ActivityRecord.java:778)
12-14 03:44:57.513 W/ActivityManager( 1629): 	at com.android.server.am.ActivityRecord.isInStackLocked(ActivityRecord.java:2085)
12-14 03:44:57.513 W/ActivityManager( 1629): 	at com.android.server.am.ActivityManagerService.getActivityOptions(ActivityManagerService.java:13302)
12-14 03:44:57.513 W/ActivityManager( 1629): 	at android.app.IActivityManager$Stub.onTransact(IActivityManager.java:2910)
12-14 03:44:57.513 W/ActivityManager( 1629): 	at com.android.server.am.ActivityManagerService.onTransact(ActivityManagerService.java:2935)
12-14 03:44:57.513 W/ActivityManager( 1629): 	at android.os.Binder.execTransact(Binder.java:674)
12-14 03:44:57.514 W/ActivityManager( 1629): Bad activity token: android.os.BinderProxy@9e9fbe0
12-14 03:44:57.514 W/ActivityManager( 1629): java.lang.ClassCastException: android.os.BinderProxy cannot be cast to com.android.server.am.ActivityRecord$Token
12-14 03:44:57.514 W/ActivityManager( 1629): 	at com.android.server.am.ActivityRecord.forTokenLocked(ActivityRecord.java:778)
12-14 03:44:57.514 W/ActivityManager( 1629): 	at com.android.server.am.ActivityRecord.isInStackLocked(ActivityRecord.java:2085)
12-14 03:44:57.514 W/ActivityManager( 1629): 	at com.android.server.am.ActivityManagerService.getActivityOptions(ActivityManagerService.java:13302)
12-14 03:44:57.514 W/ActivityManager( 1629): 	at android.app.IActivityManager$Stub.onTransact(IActivityManager.java:2910)
12-14 03:44:57.514 W/ActivityManager( 1629): 	at com.android.server.am.ActivityManagerService.onTransact(ActivityManagerService.java:2935)
12-14 03:44:57.514 W/ActivityManager( 1629): 	at android.os.Binder.execTransact(Binder.java:674)
12-14 03:44:57.571 D/gralloc_ranchu( 1395): gralloc_alloc: Creating ashmem region of size 7753728
12-14 03:44:57.582 D/Mileage ( 4516): Not enough fillups to calculate economy
12-14 03:44:57.764 E/SurfaceFlinger( 1413): ro.sf.lcd_density must be defined as a build property
12-14 03:44:57.780 D/gralloc_ranchu( 1395): gralloc_alloc: Creating ashmem region of size 8298496
12-14 03:44:57.815 D/        ( 4558): HostConnection::get() New Host Connection established 0xa792f800, tid 4558
12-14 03:44:58.236 I/System.out( 4516): URI: //gesture
12-14 03:44:58.236 I/System.out( 4516): params: {json={"query_timeout":5.0,"gestures":[{"query_string":"android.widget.TabWidget descendant TextView index:3","touches":[{"x":50,"y":50,"offset_x":0,"offset_y":0,"wait":0.0,"time":0.2,"release":true,"query_string":null}]}]}
12-14 03:44:58.236 I/System.out( 4516): }
12-14 03:44:58.506 W/ActivityManager( 1629): Bad activity token: android.os.BinderProxy@c4ffaa4
12-14 03:44:58.506 W/ActivityManager( 1629): java.lang.ClassCastException: android.os.BinderProxy cannot be cast to com.android.server.am.ActivityRecord$Token
12-14 03:44:58.506 W/ActivityManager( 1629): 	at com.android.server.am.ActivityRecord.forTokenLocked(ActivityRecord.java:778)
12-14 03:44:58.506 W/ActivityManager( 1629): 	at com.android.server.am.ActivityRecord.isInStackLocked(ActivityRecord.java:2085)
12-14 03:44:58.506 W/ActivityManager( 1629): 	at com.android.server.am.ActivityRecord.getStackLocked(ActivityRecord.java:2090)
12-14 03:44:58.506 W/ActivityManager( 1629): 	at com.android.server.am.ActivityManagerService.getActivityDisplayId(ActivityManagerService.java:10406)
12-14 03:44:58.506 W/ActivityManager( 1629): 	at android.app.IActivityManager$Stub.onTransact(IActivityManager.java:2738)
12-14 03:44:58.506 W/ActivityManager( 1629): 	at com.android.server.am.ActivityManagerService.onTransact(ActivityManagerService.java:2935)
12-14 03:44:58.506 W/ActivityManager( 1629): 	at android.os.Binder.execTransact(Binder.java:674)
12-14 03:44:58.508 I/calabash( 4516): newActivity1
12-14 03:44:58.514 W/ActivityManager( 1629): Bad activity token: android.os.BinderProxy@c4ffaa4
12-14 03:44:58.514 W/ActivityManager( 1629): java.lang.ClassCastException: android.os.BinderProxy cannot be cast to com.android.server.am.ActivityRecord$Token
12-14 03:44:58.514 W/ActivityManager( 1629): 	at com.android.server.am.ActivityRecord.forTokenLocked(ActivityRecord.java:778)
12-14 03:44:58.514 W/ActivityManager( 1629): 	at com.android.server.am.ActivityRecord.isInStackLocked(ActivityRecord.java:2085)
12-14 03:44:58.514 W/ActivityManager( 1629): 	at com.android.server.am.ActivityManagerService.setTaskDescription(ActivityManagerService.java:9988)
12-14 03:44:58.514 W/ActivityManager( 1629): 	at android.app.IActivityManager$Stub.onTransact(IActivityManager.java:2824)
12-14 03:44:58.514 W/ActivityManager( 1629): 	at com.android.server.am.ActivityManagerService.onTransact(ActivityManagerService.java:2935)
12-14 03:44:58.514 W/ActivityManager( 1629): 	at android.os.Binder.execTransact(Binder.java:674)
12-14 03:44:58.515 W/ActivityManager( 1629): Bad activity token: android.os.BinderProxy@c4ffaa4
12-14 03:44:58.515 W/ActivityManager( 1629): java.lang.ClassCastException: android.os.BinderProxy cannot be cast to com.android.server.am.ActivityRecord$Token
12-14 03:44:58.515 W/ActivityManager( 1629): 	at com.android.server.am.ActivityRecord.forTokenLocked(ActivityRecord.java:778)
12-14 03:44:58.515 W/ActivityManager( 1629): 	at com.android.server.am.ActivityRecord.isInStackLocked(ActivityRecord.java:2085)
12-14 03:44:58.515 W/ActivityManager( 1629): 	at com.android.server.am.ActivityRecord.getStackLocked(ActivityRecord.java:2090)
12-14 03:44:58.515 W/ActivityManager( 1629): 	at com.android.server.am.ActivityManagerService.getActivityStackId(ActivityManagerService.java:10417)
12-14 03:44:58.515 W/ActivityManager( 1629): 	at android.app.IActivityManager$Stub.onTransact(IActivityManager.java:3548)
12-14 03:44:58.515 W/ActivityManager( 1629): 	at com.android.server.am.ActivityManagerService.onTransact(ActivityManagerService.java:2935)
12-14 03:44:58.515 W/ActivityManager( 1629): 	at android.os.Binder.execTransact(Binder.java:674)
12-14 03:44:58.520 W/ActivityManager( 1629): Bad activity token: android.os.BinderProxy@c4ffaa4
12-14 03:44:58.520 W/ActivityManager( 1629): java.lang.ClassCastException: android.os.BinderProxy cannot be cast to com.android.server.am.ActivityRecord$Token
12-14 03:44:58.520 W/ActivityManager( 1629): 	at com.android.server.am.ActivityRecord.forTokenLocked(ActivityRecord.java:778)
12-14 03:44:58.520 W/ActivityManager( 1629): 	at com.android.server.am.ActivityRecord.isInStackLocked(ActivityRecord.java:2085)
12-14 03:44:58.520 W/ActivityManager( 1629): 	at com.android.server.am.ActivityManagerService.getActivityOptions(ActivityManagerService.java:13302)
12-14 03:44:58.520 W/ActivityManager( 1629): 	at android.app.IActivityManager$Stub.onTransact(IActivityManager.java:2910)
12-14 03:44:58.520 W/ActivityManager( 1629): 	at com.android.server.am.ActivityManagerService.onTransact(ActivityManagerService.java:2935)
12-14 03:44:58.520 W/ActivityManager( 1629): 	at android.os.Binder.execTransact(Binder.java:674)
12-14 03:44:58.521 W/ActivityManager( 1629): Bad activity token: android.os.BinderProxy@c4ffaa4
12-14 03:44:58.521 W/ActivityManager( 1629): java.lang.ClassCastException: android.os.BinderProxy cannot be cast to com.android.server.am.ActivityRecord$Token
12-14 03:44:58.521 W/ActivityManager( 1629): 	at com.android.server.am.ActivityRecord.forTokenLocked(ActivityRecord.java:778)
12-14 03:44:58.521 W/ActivityManager( 1629): 	at com.android.server.am.ActivityRecord.isInStackLocked(ActivityRecord.java:2085)
12-14 03:44:58.521 W/ActivityManager( 1629): 	at com.android.server.am.ActivityManagerService.getActivityOptions(ActivityManagerService.java:13302)
12-14 03:44:58.521 W/ActivityManager( 1629): 	at android.app.IActivityManager$Stub.onTransact(IActivityManager.java:2910)
12-14 03:44:58.521 W/ActivityManager( 1629): 	at com.android.server.am.ActivityManagerService.onTransact(ActivityManagerService.java:2935)
12-14 03:44:58.521 W/ActivityManager( 1629): 	at android.os.Binder.execTransact(Binder.java:674)
12-14 03:44:58.726 E/SurfaceFlinger( 1413): ro.sf.lcd_density must be defined as a build property
12-14 03:44:58.735 D/gralloc_ranchu( 1395): gralloc_alloc: Creating ashmem region of size 8298496
12-14 03:44:58.753 D/        ( 4564): HostConnection::get() New Host Connection established 0xa9aaf800, tid 4564
12-14 03:44:59.069 I/System.out( 4516): URI: //gesture
12-14 03:44:59.070 I/System.out( 4516): params: {json={"query_timeout":5.0,"gestures":[{"query_string":"android.widget.TabWidget descendant TextView index:2","touches":[{"x":50,"y":50,"offset_x":0,"offset_y":0,"wait":0.0,"time":0.2,"release":true,"query_string":null}]}]}
12-14 03:44:59.070 I/System.out( 4516): }
12-14 03:44:59.339 W/ActivityManager( 1629): Bad activity token: android.os.BinderProxy@a74742f
12-14 03:44:59.339 W/ActivityManager( 1629): java.lang.ClassCastException: android.os.BinderProxy cannot be cast to com.android.server.am.ActivityRecord$Token
12-14 03:44:59.339 W/ActivityManager( 1629): 	at com.android.server.am.ActivityRecord.forTokenLocked(ActivityRecord.java:778)
12-14 03:44:59.339 W/ActivityManager( 1629): 	at com.android.server.am.ActivityRecord.isInStackLocked(ActivityRecord.java:2085)
12-14 03:44:59.339 W/ActivityManager( 1629): 	at com.android.server.am.ActivityRecord.getStackLocked(ActivityRecord.java:2090)
12-14 03:44:59.339 W/ActivityManager( 1629): 	at com.android.server.am.ActivityManagerService.getActivityDisplayId(ActivityManagerService.java:10406)
12-14 03:44:59.339 W/ActivityManager( 1629): 	at android.app.IActivityManager$Stub.onTransact(IActivityManager.java:2738)
12-14 03:44:59.339 W/ActivityManager( 1629): 	at com.android.server.am.ActivityManagerService.onTransact(ActivityManagerService.java:2935)
12-14 03:44:59.339 W/ActivityManager( 1629): 	at android.os.Binder.execTransact(Binder.java:674)
12-14 03:44:59.340 I/calabash( 4516): newActivity1
12-14 03:44:59.455 W/ActivityManager( 1629): Bad activity token: android.os.BinderProxy@a74742f
12-14 03:44:59.455 W/ActivityManager( 1629): java.lang.ClassCastException: android.os.BinderProxy cannot be cast to com.android.server.am.ActivityRecord$Token
12-14 03:44:59.455 W/ActivityManager( 1629): 	at com.android.server.am.ActivityRecord.forTokenLocked(ActivityRecord.java:778)
12-14 03:44:59.455 W/ActivityManager( 1629): 	at com.android.server.am.ActivityRecord.isInStackLocked(ActivityRecord.java:2085)
12-14 03:44:59.455 W/ActivityManager( 1629): 	at com.android.server.am.ActivityManagerService.setTaskDescription(ActivityManagerService.java:9988)
12-14 03:44:59.455 W/ActivityManager( 1629): 	at android.app.IActivityManager$Stub.onTransact(IActivityManager.java:2824)
12-14 03:44:59.455 W/ActivityManager( 1629): 	at com.android.server.am.ActivityManagerService.onTransact(ActivityManagerService.java:2935)
12-14 03:44:59.455 W/ActivityManager( 1629): 	at android.os.Binder.execTransact(Binder.java:674)
12-14 03:44:59.456 W/ActivityManager( 1629): Bad activity token: android.os.BinderProxy@a74742f
12-14 03:44:59.456 W/ActivityManager( 1629): java.lang.ClassCastException: android.os.BinderProxy cannot be cast to com.android.server.am.ActivityRecord$Token
12-14 03:44:59.456 W/ActivityManager( 1629): 	at com.android.server.am.ActivityRecord.forTokenLocked(ActivityRecord.java:778)
12-14 03:44:59.456 W/ActivityManager( 1629): 	at com.android.server.am.ActivityRecord.isInStackLocked(ActivityRecord.java:2085)
12-14 03:44:59.456 W/ActivityManager( 1629): 	at com.android.server.am.ActivityRecord.getStackLocked(ActivityRecord.java:2090)
12-14 03:44:59.456 W/ActivityManager( 1629): 	at com.android.server.am.ActivityManagerService.getActivityStackId(ActivityManagerService.java:10417)
12-14 03:44:59.456 W/ActivityManager( 1629): 	at android.app.IActivityManager$Stub.onTransact(IActivityManager.java:3548)
12-14 03:44:59.456 W/ActivityManager( 1629): 	at com.android.server.am.ActivityManagerService.onTransact(ActivityManagerService.java:2935)
12-14 03:44:59.456 W/ActivityManager( 1629): 	at android.os.Binder.execTransact(Binder.java:674)
12-14 03:44:59.504 D/VehicleStatisticsActivity( 4516): Checking recalculation ...
12-14 03:44:59.507 D/VehicleStatisticsActivity( 4516): Recalculating statistics
12-14 03:44:59.507 D/VehicleStatisticsTask( 4516): Calculation starting...
12-14 03:44:59.508 D/VehicleStatisticsActivity( 4516): Recalculation started!
12-14 03:44:59.512 W/ActivityManager( 1629): Bad activity token: android.os.BinderProxy@a74742f
12-14 03:44:59.512 W/ActivityManager( 1629): java.lang.ClassCastException: android.os.BinderProxy cannot be cast to com.android.server.am.ActivityRecord$Token
12-14 03:44:59.512 W/ActivityManager( 1629): 	at com.android.server.am.ActivityRecord.forTokenLocked(ActivityRecord.java:778)
12-14 03:44:59.512 W/ActivityManager( 1629): 	at com.android.server.am.ActivityRecord.isInStackLocked(ActivityRecord.java:2085)
12-14 03:44:59.512 W/ActivityManager( 1629): 	at com.android.server.am.ActivityManagerService.getActivityOptions(ActivityManagerService.java:13302)
12-14 03:44:59.512 W/ActivityManager( 1629): 	at android.app.IActivityManager$Stub.onTransact(IActivityManager.java:2910)
12-14 03:44:59.512 W/ActivityManager( 1629): 	at com.android.server.am.ActivityManagerService.onTransact(ActivityManagerService.java:2935)
12-14 03:44:59.512 W/ActivityManager( 1629): 	at android.os.Binder.execTransact(Binder.java:674)
12-14 03:44:59.513 W/ActivityManager( 1629): Bad activity token: android.os.BinderProxy@a74742f
12-14 03:44:59.513 W/ActivityManager( 1629): java.lang.ClassCastException: android.os.BinderProxy cannot be cast to com.android.server.am.ActivityRecord$Token
12-14 03:44:59.513 W/ActivityManager( 1629): 	at com.android.server.am.ActivityRecord.forTokenLocked(ActivityRecord.java:778)
12-14 03:44:59.513 W/ActivityManager( 1629): 	at com.android.server.am.ActivityRecord.isInStackLocked(ActivityRecord.java:2085)
12-14 03:44:59.513 W/ActivityManager( 1629): 	at com.android.server.am.ActivityManagerService.getActivityOptions(ActivityManagerService.java:13302)
12-14 03:44:59.513 W/ActivityManager( 1629): 	at android.app.IActivityManager$Stub.onTransact(IActivityManager.java:2910)
12-14 03:44:59.513 W/ActivityManager( 1629): 	at com.android.server.am.ActivityManagerService.onTransact(ActivityManagerService.java:2935)
12-14 03:44:59.513 W/ActivityManager( 1629): 	at android.os.Binder.execTransact(Binder.java:674)
12-14 03:44:59.517 D/VehicleStatisticsTask( 4516): Not enough fillups to calculate statistics
12-14 03:44:59.519 D/VehicleStatisticsActivity( 4516): Checking recalculation ...
12-14 03:44:59.522 D/VehicleStatisticsActivity( 4516): Recalculating statistics
12-14 03:44:59.523 D/VehicleStatisticsTask( 4516): Calculation starting...
12-14 03:44:59.523 D/VehicleStatisticsActivity( 4516): Recalculation started!
12-14 03:44:59.535 D/VehicleStatisticsTask( 4516): Not enough fillups to calculate statistics
12-14 03:44:59.585 I/zygote  ( 4516): Do full code cache collection, code=225KB, data=149KB
12-14 03:44:59.588 I/zygote  ( 4516): After code cache collection, code=224KB, data=124KB
12-14 03:44:59.598 I/Dialer  ( 2017): OmtpVvmCarrierCfgHlpr - OmtpEvent:CONFIG_STATUS_SMS_TIME_OUT
12-14 03:44:59.598 I/Dialer  ( 2017): RetryPolicy - discarding deferred status: configuration_state=4
12-14 03:44:59.600 I/Dialer  ( 2017): VvmTaskExecutor - no more tasks, stopping service if no task are added in 5000 millis
12-14 03:44:59.605 I/Dialer  ( 2017): VvmTaskReceiver - task received
12-14 03:44:59.605 I/Dialer  ( 2017): VvmTaskReceiver - TaskExecutor already running
12-14 03:44:59.605 I/Dialer  ( 2017): Task.createTask - create task:com.android.voicemail.impl.ActivationTask
12-14 03:44:59.606 I/Dialer  ( 2017): RetryPolicy - retry #1 for com.android.voicemail.impl.ActivationTask@3ff1abc queued, executing in 5000
12-14 03:44:59.606 I/Dialer  ( 2017): VvmTaskExecutor - com.android.voicemail.impl.ActivationTask@3ff1abc added
12-14 03:44:59.608 I/Dialer  ( 2017): VvmTaskExecutor - minimal wait time:5000
12-14 03:44:59.608 I/Dialer  ( 2017): VvmTaskExecutor - sleep for 5000 millis
12-14 03:44:59.639 E/SurfaceFlinger( 1413): ro.sf.lcd_density must be defined as a build property
12-14 03:44:59.664 D/gralloc_ranchu( 1395): gralloc_alloc: Creating ashmem region of size 8298496
12-14 03:44:59.680 D/VehicleStatisticsTask( 4516): Done recalculating!
12-14 03:44:59.683 D/        ( 4570): HostConnection::get() New Host Connection established 0xaf0af800, tid 4570
12-14 03:44:59.685 D/VehicleStatisticsTask( 4516): Done recalculating!
12-14 03:44:59.690 D/VehicleStatisticsAdapter( 4516): Erasing the cache ...
12-14 03:44:59.691 D/VehicleStatisticsAdapter( 4516): Erasing the cache ...
12-14 03:44:59.702 D/Mileage.ABS( 4516): Finished backup
12-14 03:44:59.704 D/Mileage.ABS( 4516): Not backing up; 27
12-14 03:44:59.704 D/VehicleStatisticsAdapter( 4516): Building new values ...
12-14 03:44:59.705 D/VehicleStatisticsAdapter( 4516): Writing 29 records to the database ...
12-14 03:44:59.719 D/VehicleStatisticsAdapter( 4516): Building new values ...
12-14 03:44:59.720 D/VehicleStatisticsAdapter( 4516): Writing 29 records to the database ...
12-14 03:44:59.865 I/zygote  ( 4516): Do partial code cache collection, code=242KB, data=141KB
12-14 03:44:59.866 I/zygote  ( 4516): After code cache collection, code=242KB, data=141KB
12-14 03:44:59.866 I/zygote  ( 4516): Increasing code cache capacity to 1024KB
12-14 03:44:59.942 E/BatteryStatsService( 1629): modem info is invalid: ModemActivityInfo{ mTimestamp=0 mSleepTimeMs=0 mIdleTimeMs=0 mTxTimeMs[]=[0, 0, 0, 0, 0] mRxTimeMs=0 mEnergyUsed=0}
12-14 03:44:59.944 D/Mileage.ABS( 4516): Not backing up; 267
