--------- beginning of main
12-14 03:44:50.024 D/AndroidRuntime( 4409): >>>>>> START com.android.internal.os.RuntimeInit uid 2000 <<<<<<
12-14 03:44:50.056 W/app_process( 4409): Unexpected CPU variant for X86 using defaults: x86
12-14 03:44:50.069 I/Finsky  ( 2457): [107] nmi.run(36): Stats for Executor: bgExecutor non@cb72c14[Running, pool size = 4, active threads = 0, queued tasks = 0, completed tasks = 79]
12-14 03:44:50.072 D/AndroidRuntime( 4409): Calling main entry com.android.commands.am.Am
--------- beginning of system
12-14 03:44:50.074 I/ActivityManager( 1629): Force stopping com.evancharlton.mileage appid=10428 user=0: start instr
12-14 03:44:50.074 I/ActivityManager( 1629): Killing 4383:com.evancharlton.mileage/u0a428 (adj 0): stop com.evancharlton.mileage
12-14 03:44:50.076 W/ActivityManager( 1629): Crash of app com.evancharlton.mileage running instrumentation ComponentInfo{com.evancharlton.mileage.test/sh.calaba.instrumentationbackend.ClearAppData2}
12-14 03:44:50.076 I/ActivityManager( 1629): Force stopping com.evancharlton.mileage appid=10428 user=0: finished inst
12-14 03:44:50.083 I/zygote  ( 4421): Not late-enabling -Xcheck:jni (already on)
12-14 03:44:50.090 I/ActivityManager( 1629): Start proc 4421:com.evancharlton.mileage/u0a428 for added application com.evancharlton.mileage
12-14 03:44:50.091 D/AndroidRuntime( 4409): Shutting down VM
12-14 03:44:50.092 E/memtrack( 1629): Couldn't load memtrack module
12-14 03:44:50.092 W/android.os.Debug( 1629): failed to get memory consumption info: -1
12-14 03:44:50.093 W/zygote  ( 4421): Unexpected CPU variant for X86 using defaults: x86
12-14 03:44:50.113 W/zygote  ( 4421): Found duplicate classes, falling back to extracting from APK : /data/app/com.evancharlton.mileage.test-D205ilBDNjkoAeyacisqiA==/base.apk
12-14 03:44:50.113 W/zygote  ( 4421): NOTE: This wastes RAM and hurts startup performance.
12-14 03:44:50.113 W/zygote  ( 4421): Found duplicated class when checking oat files: 'Ljunit/runner/BaseTestRunner;' in /data/app/com.evancharlton.mileage.test-D205ilBDNjkoAeyacisqiA==/base.apk and /system/framework/android.test.runner.jar
12-14 03:44:50.113 W/zygote  ( 4421): 
12-14 03:44:50.115 E/adbd    ( 1383): failed to connect to socket 'tcp:7102': Connection refused
12-14 03:44:50.119 E/adbd    ( 1383): failed to connect to socket 'tcp:7102': Connection refused
12-14 03:44:50.148 W/System  ( 4421): ClassLoader referenced unknown path: 
12-14 03:44:50.161 I/System.out( 4421): Main activity name automatically set to: com.evancharlton.mileage.Mileage
12-14 03:44:50.162 I/System.out( 4421): Calabash did not load Mono. This is only a problem if you are trying to test a Mono application
12-14 03:44:50.162 I/calabash( 4421): Test server port: 7102
12-14 03:44:50.163 I/InstrumentationBackend( 4421): Added:'GetPreferences', with key:'get_preferences'
12-14 03:44:50.225 I/InstrumentationBackend( 4421): Added:'SetPreferences', with key:'set_preferences'
12-14 03:44:50.225 I/InstrumentationBackend( 4421): Added:'ClearPreferences', with key:'clear_preferences'
12-14 03:44:50.226 I/InstrumentationBackend( 4421): Added:'PressElement', with key:'press_l10n_element'
12-14 03:44:50.226 I/InstrumentationBackend( 4421): Added:'WaitForElement', with key:'wait_for_l10n_element'
12-14 03:44:50.227 I/InstrumentationBackend( 4421): Added:'NullAction', with key:'nullAction'
12-14 03:44:50.227 I/InstrumentationBackend( 4421): Added:'PressKey', with key:'press_key'
12-14 03:44:50.227 I/InstrumentationBackend( 4421): Added:'SetActivityOrientation', with key:'set_activity_orientation'
12-14 03:44:50.227 I/InstrumentationBackend( 4421): Added:'GetActivityOrientation', with key:'get_activity_orientation'
12-14 03:44:50.228 I/InstrumentationBackend( 4421): Added:'FakeGPSLocation', with key:'set_gps_coordinates'
12-14 03:44:50.229 I/InstrumentationBackend( 4421): Added:'SetPropertyByCssSelector', with key:'set_property_by_css_selector'
12-14 03:44:50.230 I/InstrumentationBackend( 4421): Added:'GetUrl', with key:'get_url'
12-14 03:44:50.232 I/InstrumentationBackend( 4421): Added:'ScrollTo', with key:'scroll_to'
12-14 03:44:50.232 I/InstrumentationBackend( 4421): Added:'GetLoadProgress', with key:'get_load_progress'
12-14 03:44:50.233 I/InstrumentationBackend( 4421): Added:'DumpHtml', with key:'dump_html'
12-14 03:44:50.234 I/InstrumentationBackend( 4421): Added:'DumpBodyHtml', with key:'dump_body_html'
12-14 03:44:50.235 I/InstrumentationBackend( 4421): Added:'EnterTextByCssSelector', with key:'enter_text_by_selector'
12-14 03:44:50.237 E/adbd    ( 1383): failed to connect to socket 'tcp:7102': Connection refused
12-14 03:44:50.240 I/InstrumentationBackend( 4421): Added:'AndroidSDKVersion', with key:'android_sdk_version'
12-14 03:44:50.240 I/InstrumentationBackend( 4421): Added:'Version', with key:'version'
12-14 03:44:50.240 I/InstrumentationBackend( 4421): Added:'Drag', with key:'drag'
12-14 03:44:50.241 I/InstrumentationBackend( 4421): Added:'TouchCoordinates', with key:'touch_coordinate'
12-14 03:44:50.241 I/InstrumentationBackend( 4421): Added:'LongPressCoordinate', with key:'long_press_coordinate'
12-14 03:44:50.242 I/InstrumentationBackend( 4421): Added:'DragCoordinates', with key:'drag_coordinates'
12-14 03:44:50.242 I/InstrumentationBackend( 4421): Added:'ResumeApplication', with key:'resume_application'
12-14 03:44:50.243 I/InstrumentationBackend( 4421): Added:'Swipe', with key:'swipe'
12-14 03:44:50.243 E/adbd    ( 1383): failed to connect to socket 'tcp:7102': Connection refused
12-14 03:44:50.243 I/InstrumentationBackend( 4421): Added:'DoubleTapCoordinate', with key:'double_tap_coordinate'
12-14 03:44:50.243 I/InstrumentationBackend( 4421): Added:'ClickOnScreen', with key:'click_on_screen'
12-14 03:44:50.244 I/InstrumentationBackend( 4421): Added:'GetActivityName', with key:'get_activity_name'
12-14 03:44:50.245 I/InstrumentationBackend( 4421): Added:'ScrollToView', with key:'scroll_to_view'
12-14 03:44:50.245 I/InstrumentationBackend( 4421): Added:'ViewConfiguration', with key:'view_configuration'
12-14 03:44:50.245 I/InstrumentationBackend( 4421): Added:'IsCurrentActivityFocused', with key:'is_current_activity_focused'
12-14 03:44:50.246 I/InstrumentationBackend( 4421): Added:'SendTcp', with key:'send_tcp'
12-14 03:44:50.246 I/InstrumentationBackend( 4421): Added:'DpToDevicePixel', with key:'dp_to_device_pixel'
12-14 03:44:50.247 I/InstrumentationBackend( 4421): Added:'KeyboardEnterText', with key:'keyboard_enter_text'
12-14 03:44:50.248 I/InstrumentationBackend( 4421): Added:'DeleteSurroundingText', with key:'delete_surrounding_text'
12-14 03:44:50.248 I/InstrumentationBackend( 4421): Added:'SetComposingRegion', with key:'set_composing_region'
12-14 03:44:50.249 I/InstrumentationBackend( 4421): Added:'SetSelection', with key:'set_selection'
12-14 03:44:50.249 I/InstrumentationBackend( 4421): Added:'KeyboardKeyEvent', with key:'keyboard_key_event'
12-14 03:44:50.249 I/InstrumentationBackend( 4421): Added:'PressUserActionButton', with key:'press_user_action_button'
12-14 03:44:50.250 I/InstrumentationBackend( 4421): Added:'HideSoftKeyboard', with key:'hide_soft_keyboard'
12-14 03:44:50.252 I/InstrumentationBackend( 4421): Added:'ListActions', with key:'list_actions'
12-14 03:44:50.252 I/calabash( 4421): Instantiating http server at 7102
12-14 03:44:50.252 I/System.out( 4421): HTTP Daemon listening on: 7102
12-14 03:44:50.358 I/System.out( 4421): URI: //ping
12-14 03:44:50.358 I/System.out( 4421): params: {json={}
12-14 03:44:50.358 I/System.out( 4421): }
12-14 03:44:50.370 I/System.out( 4421): URI: //ping
12-14 03:44:50.370 I/System.out( 4421): params: {json={}
12-14 03:44:50.370 I/System.out( 4421): }
12-14 03:44:50.376 I/System.out( 4421): URI: //ready
12-14 03:44:50.377 I/System.out( 4421): params: {json={}
12-14 03:44:50.377 I/System.out( 4421): }
12-14 03:44:50.383 I/System.out( 4421): URI: //
12-14 03:44:50.383 I/System.out( 4421): params: {json={"command":"version","arguments":[]}
12-14 03:44:50.383 I/System.out( 4421): }
12-14 03:44:50.383 I/System.out( 4421): header: {content-type=application/json;charset=utf-8, date=Mon, 14 Dec 2020 08:44:50 GMT, accept=*/*, host=127.0.0.1:34777, content-length=36, user-agent=HTTPClient/1.0 (2.8.3, ruby 2.5.8 (2020-03-31))}
12-14 03:44:50.383 I/System.out( 4421): params: {json={"command":"version","arguments":[]}
12-14 03:44:50.383 I/System.out( 4421): }
12-14 03:44:50.383 I/System.out( 4421): ProP json = {"command":"version","arguments":[]}
12-14 03:44:50.383 I/System.out( 4421): files: {}
12-14 03:44:50.383 I/System.out( 4421): command: {"command":"version","arguments":[]}
12-14 03:44:50.416 I/InstrumentationBackend( 4421): Got command:'Command:'Line:null,version', arguments:'[]'
12-14 03:44:50.450 I/System.out( 4421): result:{"bonusInformation":[],"message":"0.9.8","success":true}
12-14 03:44:50.457 I/System.out( 4421): URI: //start-application
12-14 03:44:50.457 I/System.out( 4421): params: {json={"intent":null}
12-14 03:44:50.457 I/System.out( 4421): }
12-14 03:44:50.497 I/ActivityManager( 1629): START u0 {act=android.intent.action.MAIN cat=[android.intent.category.LAUNCHER] flg=0x10200000 cmp=com.evancharlton.mileage/.Mileage} from uid 10428
12-14 03:44:50.512 I/calabash( 4421): newActivity1
12-14 03:44:50.524 D/gralloc_ranchu( 1395): gralloc_alloc: Creating ashmem region of size 7753728
12-14 03:44:50.544 W/ActivityManager( 1629): Bad activity token: android.os.BinderProxy@238e1a5
12-14 03:44:50.544 W/ActivityManager( 1629): java.lang.ClassCastException: android.os.BinderProxy cannot be cast to com.android.server.am.ActivityRecord$Token
12-14 03:44:50.544 W/ActivityManager( 1629): 	at com.android.server.am.ActivityRecord.forTokenLocked(ActivityRecord.java:778)
12-14 03:44:50.544 W/ActivityManager( 1629): 	at com.android.server.am.ActivityRecord.isInStackLocked(ActivityRecord.java:2085)
12-14 03:44:50.544 W/ActivityManager( 1629): 	at com.android.server.am.ActivityRecord.getStackLocked(ActivityRecord.java:2090)
12-14 03:44:50.544 W/ActivityManager( 1629): 	at com.android.server.am.ActivityManagerService.getActivityDisplayId(ActivityManagerService.java:10406)
12-14 03:44:50.544 W/ActivityManager( 1629): 	at android.app.IActivityManager$Stub.onTransact(IActivityManager.java:2738)
12-14 03:44:50.544 W/ActivityManager( 1629): 	at com.android.server.am.ActivityManagerService.onTransact(ActivityManagerService.java:2935)
12-14 03:44:50.544 W/ActivityManager( 1629): 	at android.os.Binder.execTransact(Binder.java:674)
12-14 03:44:50.545 I/calabash( 4421): newActivity1
12-14 03:44:50.554 W/ActivityManager( 1629): Bad activity token: android.os.BinderProxy@238e1a5
12-14 03:44:50.554 W/ActivityManager( 1629): java.lang.ClassCastException: android.os.BinderProxy cannot be cast to com.android.server.am.ActivityRecord$Token
12-14 03:44:50.554 W/ActivityManager( 1629): 	at com.android.server.am.ActivityRecord.forTokenLocked(ActivityRecord.java:778)
12-14 03:44:50.554 W/ActivityManager( 1629): 	at com.android.server.am.ActivityRecord.isInStackLocked(ActivityRecord.java:2085)
12-14 03:44:50.554 W/ActivityManager( 1629): 	at com.android.server.am.ActivityManagerService.setTaskDescription(ActivityManagerService.java:9988)
12-14 03:44:50.554 W/ActivityManager( 1629): 	at android.app.IActivityManager$Stub.onTransact(IActivityManager.java:2824)
12-14 03:44:50.554 W/ActivityManager( 1629): 	at com.android.server.am.ActivityManagerService.onTransact(ActivityManagerService.java:2935)
12-14 03:44:50.554 W/ActivityManager( 1629): 	at android.os.Binder.execTransact(Binder.java:674)
12-14 03:44:50.556 W/ActivityManager( 1629): Bad activity token: android.os.BinderProxy@238e1a5
12-14 03:44:50.556 W/ActivityManager( 1629): java.lang.ClassCastException: android.os.BinderProxy cannot be cast to com.android.server.am.ActivityRecord$Token
12-14 03:44:50.556 W/ActivityManager( 1629): 	at com.android.server.am.ActivityRecord.forTokenLocked(ActivityRecord.java:778)
12-14 03:44:50.556 W/ActivityManager( 1629): 	at com.android.server.am.ActivityRecord.isInStackLocked(ActivityRecord.java:2085)
12-14 03:44:50.556 W/ActivityManager( 1629): 	at com.android.server.am.ActivityRecord.getStackLocked(ActivityRecord.java:2090)
12-14 03:44:50.556 W/ActivityManager( 1629): 	at com.android.server.am.ActivityManagerService.getActivityStackId(ActivityManagerService.java:10417)
12-14 03:44:50.556 W/ActivityManager( 1629): 	at android.app.IActivityManager$Stub.onTransact(IActivityManager.java:3548)
12-14 03:44:50.556 W/ActivityManager( 1629): 	at com.android.server.am.ActivityManagerService.onTransact(ActivityManagerService.java:2935)
12-14 03:44:50.556 W/ActivityManager( 1629): 	at android.os.Binder.execTransact(Binder.java:674)
12-14 03:44:50.574 D/EGL_emulation( 2176): eglMakeCurrent: 0xb2d31920: ver 3 0 (tinfo 0xb2decee0)
12-14 03:44:50.575 D/EGL_emulation( 2206): eglMakeCurrent: 0xa6f47ce0: ver 3 0 (tinfo 0xa70ff4f0)
12-14 03:44:50.597 D/EGL_emulation( 1731): eglMakeCurrent: 0x95c533a0: ver 3 0 (tinfo 0xa517bb50)
12-14 03:44:50.627 I/chatty  ( 1731): uid=10028(u0_a28) RenderThread identical 1 line
12-14 03:44:50.632 D/EGL_emulation( 1731): eglMakeCurrent: 0x95c533a0: ver 3 0 (tinfo 0xa517bb50)
12-14 03:44:50.634 E/ContentStoreEUAS( 2206): Failed to commit the deferred actions
12-14 03:44:50.635 D/FillupsProvider( 4421): Creating database
12-14 03:44:50.639 V/StatusBar( 1731): setLightsOn(true)
12-14 03:44:50.643 D/EGL_emulation( 1731): eglMakeCurrent: 0x95c533a0: ver 3 0 (tinfo 0xa517bb50)
12-14 03:44:50.696 I/chatty  ( 1731): uid=10028(u0_a28) RenderThread identical 5 lines
12-14 03:44:50.703 D/EGL_emulation( 1731): eglMakeCurrent: 0x95c533a0: ver 3 0 (tinfo 0xa517bb50)
12-14 03:44:50.718 I/zygote  ( 4421): Do partial code cache collection, code=29KB, data=21KB
12-14 03:44:50.719 D/EGL_emulation( 1731): eglMakeCurrent: 0x95c533a0: ver 3 0 (tinfo 0xa517bb50)
12-14 03:44:50.720 I/zygote  ( 4421): After code cache collection, code=29KB, data=21KB
12-14 03:44:50.720 I/zygote  ( 4421): Increasing code cache capacity to 128KB
12-14 03:44:50.726 D/EGL_emulation( 1731): eglMakeCurrent: 0x95c533a0: ver 3 0 (tinfo 0xa517bb50)
12-14 03:44:50.778 W/ActivityManager( 1629): Bad activity token: android.os.BinderProxy@238e1a5
12-14 03:44:50.778 W/ActivityManager( 1629): java.lang.ClassCastException: android.os.BinderProxy cannot be cast to com.android.server.am.ActivityRecord$Token
12-14 03:44:50.778 W/ActivityManager( 1629): 	at com.android.server.am.ActivityRecord.forTokenLocked(ActivityRecord.java:778)
12-14 03:44:50.778 W/ActivityManager( 1629): 	at com.android.server.am.ActivityRecord.isInStackLocked(ActivityRecord.java:2085)
12-14 03:44:50.778 W/ActivityManager( 1629): 	at com.android.server.am.ActivityManagerService.getActivityOptions(ActivityManagerService.java:13302)
12-14 03:44:50.778 W/ActivityManager( 1629): 	at android.app.IActivityManager$Stub.onTransact(IActivityManager.java:2910)
12-14 03:44:50.778 W/ActivityManager( 1629): 	at com.android.server.am.ActivityManagerService.onTransact(ActivityManagerService.java:2935)
12-14 03:44:50.778 W/ActivityManager( 1629): 	at android.os.Binder.execTransact(Binder.java:674)
12-14 03:44:50.780 W/ActivityManager( 1629): Bad activity token: android.os.BinderProxy@238e1a5
12-14 03:44:50.780 W/ActivityManager( 1629): java.lang.ClassCastException: android.os.BinderProxy cannot be cast to com.android.server.am.ActivityRecord$Token
12-14 03:44:50.780 W/ActivityManager( 1629): 	at com.android.server.am.ActivityRecord.forTokenLocked(ActivityRecord.java:778)
12-14 03:44:50.780 W/ActivityManager( 1629): 	at com.android.server.am.ActivityRecord.isInStackLocked(ActivityRecord.java:2085)
12-14 03:44:50.780 W/ActivityManager( 1629): 	at com.android.server.am.ActivityManagerService.getActivityOptions(ActivityManagerService.java:13302)
12-14 03:44:50.780 W/ActivityManager( 1629): 	at android.app.IActivityManager$Stub.onTransact(IActivityManager.java:2910)
12-14 03:44:50.780 W/ActivityManager( 1629): 	at com.android.server.am.ActivityManagerService.onTransact(ActivityManagerService.java:2935)
12-14 03:44:50.780 W/ActivityManager( 1629): 	at android.os.Binder.execTransact(Binder.java:674)
12-14 03:44:50.808 I/chatty  ( 1731): uid=10028(u0_a28) RenderThread identical 9 lines
12-14 03:44:50.814 D/EGL_emulation( 1731): eglMakeCurrent: 0x95c533a0: ver 3 0 (tinfo 0xa517bb50)
12-14 03:44:50.877 V/StatusBar( 1731): setLightsOn(true)
12-14 03:44:50.904 I/zygote  ( 4421): Do partial code cache collection, code=43KB, data=55KB
12-14 03:44:50.906 I/zygote  ( 4421): After code cache collection, code=43KB, data=55KB
12-14 03:44:50.907 I/zygote  ( 4421): Increasing code cache capacity to 256KB
12-14 03:44:50.908 I/zygote  ( 4421): JIT allocated 71KB for compiled code of void android.widget.TextView.<init>(android.content.Context, android.util.AttributeSet, int, int)
12-14 03:44:50.908 I/zygote  ( 4421): Compiler allocated 4MB to compile void android.widget.TextView.<init>(android.content.Context, android.util.AttributeSet, int, int)
12-14 03:44:50.934 V/StatusBar( 1731): setLightsOn(true)
12-14 03:44:50.937 I/chatty  ( 1731): uid=10028(u0_a28) com.android.systemui identical 1 line
12-14 03:44:50.939 V/StatusBar( 1731): setLightsOn(true)
12-14 03:44:50.966 I/zygote  ( 4421): Do full code cache collection, code=123KB, data=68KB
12-14 03:44:50.968 I/zygote  ( 4421): After code cache collection, code=90KB, data=38KB
12-14 03:44:50.979 D/gralloc_ranchu( 1395): gralloc_alloc: Creating ashmem region of size 7753728
12-14 03:44:50.999 D/        ( 4421): HostConnection::get() New Host Connection established 0xa6d30e00, tid 4421
12-14 03:44:51.006 V/StatusBar( 1731): setLightsOn(true)
12-14 03:44:51.049 I/chatty  ( 1731): uid=10028(u0_a28) com.android.systemui identical 1 line
12-14 03:44:51.051 V/StatusBar( 1731): setLightsOn(true)
12-14 03:44:51.052 I/ActivityManager( 1629): Displayed com.evancharlton.mileage/.Mileage: +544ms
12-14 03:44:51.079 V/StatusBar( 1731): setLightsOn(true)
12-14 03:44:51.082 D/gralloc_ranchu( 1395): gralloc_alloc: Creating ashmem region of size 7753728
12-14 03:44:51.182 E/memtrack( 1629): Couldn't load memtrack module
12-14 03:44:51.182 W/android.os.Debug( 1629): failed to get memory consumption info: -1
12-14 03:44:51.239 V/StatusBar( 1731): setLightsOn(true)
12-14 03:44:51.282 I/System.out( 4421): URI: //
12-14 03:44:51.282 I/System.out( 4421): params: {json={"command":"set_activity_orientation","arguments":["landscape"]}
12-14 03:44:51.282 I/System.out( 4421): }
12-14 03:44:51.282 I/System.out( 4421): header: {content-type=application/json;charset=utf-8, date=Mon, 14 Dec 2020 08:44:51 GMT, accept=*/*, host=127.0.0.1:34777, content-length=64, user-agent=HTTPClient/1.0 (2.8.3, ruby 2.5.8 (2020-03-31))}
12-14 03:44:51.282 I/System.out( 4421): params: {json={"command":"set_activity_orientation","arguments":["landscape"]}
12-14 03:44:51.282 I/System.out( 4421): }
12-14 03:44:51.282 I/System.out( 4421): ProP json = {"command":"set_activity_orientation","arguments":["landscape"]}
12-14 03:44:51.282 I/System.out( 4421): files: {}
12-14 03:44:51.282 I/System.out( 4421): command: {"command":"set_activity_orientation","arguments":["landscape"]}
12-14 03:44:51.287 I/InstrumentationBackend( 4421): Got command:'Command:'Line:null,set_activity_orientation', arguments:'[landscape]'
12-14 03:44:51.298 D/gralloc_ranchu( 1395): gralloc_alloc: Creating ashmem region of size 8298496
12-14 03:44:51.317 W/LocalDisplayAdapter( 1629): Unable to find color mode 0, ignoring request.
12-14 03:44:51.329 I/ActivityManager( 1629): Config changes=480 {1.0 310mcc260mnc [en_US] ldltr sw411dp w683dp h387dp 420dpi nrml land finger qwerty/v/v -nav/h appBounds=Rect(0, 0 - 1794, 1080) s.7}
12-14 03:44:51.344 I/InputReader( 1629): Reconfiguring input devices.  changes=0x00000004
12-14 03:44:51.344 I/InputReader( 1629): Device reconfigured: id=0, name='qwerty2', size 1080x1920, orientation 1, mode 1, display id 0
12-14 03:44:51.345 I/InputReader( 1629): Reconfiguring input devices.  changes=0x00000004
12-14 03:44:51.351 I/ActivityManager( 1629): Override config changes=480 {1.0 310mcc260mnc [en_US] ldltr sw411dp w683dp h387dp 420dpi nrml land finger qwerty/v/v -nav/h appBounds=Rect(0, 0 - 1794, 1080) s.7} for displayId=0
12-14 03:44:51.408 D/AndroidRuntime( 4421): Shutting down VM
--------- beginning of crash
12-14 03:44:51.418 E/AndroidRuntime( 4421): FATAL EXCEPTION: main
12-14 03:44:51.418 E/AndroidRuntime( 4421): Process: com.evancharlton.mileage, PID: 4421
12-14 03:44:51.418 E/AndroidRuntime( 4421): java.lang.NullPointerException: Attempt to invoke interface method 'void android.database.Cursor.close()' on a null object reference
12-14 03:44:51.418 E/AndroidRuntime( 4421): 	at com.evancharlton.mileage.views.CursorSpinner.onDetachedFromWindow(CursorSpinner.java:58)
12-14 03:44:51.418 E/AndroidRuntime( 4421): 	at android.view.View.dispatchDetachedFromWindow(View.java:17434)
12-14 03:44:51.418 E/AndroidRuntime( 4421): 	at android.view.ViewGroup.dispatchDetachedFromWindow(ViewGroup.java:3679)
12-14 03:44:51.418 E/AndroidRuntime( 4421): 	at android.view.ViewGroup.dispatchDetachedFromWindow(ViewGroup.java:3671)
12-14 03:44:51.418 E/AndroidRuntime( 4421): 	at android.view.ViewGroup.dispatchDetachedFromWindow(ViewGroup.java:3671)
12-14 03:44:51.418 E/AndroidRuntime( 4421): 	at android.view.ViewGroup.dispatchDetachedFromWindow(ViewGroup.java:3671)
12-14 03:44:51.418 E/AndroidRuntime( 4421): 	at android.view.ViewGroup.dispatchDetachedFromWindow(ViewGroup.java:3671)
12-14 03:44:51.418 E/AndroidRuntime( 4421): 	at android.view.ViewGroup.dispatchDetachedFromWindow(ViewGroup.java:3671)
12-14 03:44:51.418 E/AndroidRuntime( 4421): 	at android.view.ViewGroup.dispatchDetachedFromWindow(ViewGroup.java:3671)
12-14 03:44:51.418 E/AndroidRuntime( 4421): 	at android.view.ViewGroup.dispatchDetachedFromWindow(ViewGroup.java:3671)
12-14 03:44:51.418 E/AndroidRuntime( 4421): 	at android.view.ViewGroup.dispatchDetachedFromWindow(ViewGroup.java:3671)
12-14 03:44:51.418 E/AndroidRuntime( 4421): 	at android.view.ViewGroup.dispatchDetachedFromWindow(ViewGroup.java:3671)
12-14 03:44:51.418 E/AndroidRuntime( 4421): 	at android.view.ViewGroup.dispatchDetachedFromWindow(ViewGroup.java:3671)
12-14 03:44:51.418 E/AndroidRuntime( 4421): 	at android.view.ViewGroup.dispatchDetachedFromWindow(ViewGroup.java:3671)
12-14 03:44:51.418 E/AndroidRuntime( 4421): 	at android.view.ViewGroup.dispatchDetachedFromWindow(ViewGroup.java:3671)
12-14 03:44:51.418 E/AndroidRuntime( 4421): 	at android.view.ViewRootImpl.dispatchDetachedFromWindow(ViewRootImpl.java:3462)
12-14 03:44:51.418 E/AndroidRuntime( 4421): 	at android.view.ViewRootImpl.doDie(ViewRootImpl.java:6310)
12-14 03:44:51.418 E/AndroidRuntime( 4421): 	at android.view.ViewRootImpl.die(ViewRootImpl.java:6287)
12-14 03:44:51.418 E/AndroidRuntime( 4421): 	at android.view.WindowManagerGlobal.removeViewLocked(WindowManagerGlobal.java:458)
12-14 03:44:51.418 E/AndroidRuntime( 4421): 	at android.view.WindowManagerGlobal.removeView(WindowManagerGlobal.java:396)
12-14 03:44:51.418 E/AndroidRuntime( 4421): 	at android.view.WindowManagerImpl.removeViewImmediate(WindowManagerImpl.java:123)
12-14 03:44:51.418 E/AndroidRuntime( 4421): 	at android.app.ActivityThread.handleDestroyActivity(ActivityThread.java:4478)
12-14 03:44:51.418 E/AndroidRuntime( 4421): 	at android.app.ActivityThread.handleRelaunchActivity(ActivityThread.java:4730)
12-14 03:44:51.418 E/AndroidRuntime( 4421): 	at android.app.ActivityThread.-wrap18(Unknown Source:0)
12-14 03:44:51.418 E/AndroidRuntime( 4421): 	at android.app.ActivityThread$H.handleMessage(ActivityThread.java:1599)
12-14 03:44:51.418 E/AndroidRuntime( 4421): 	at android.os.Handler.dispatchMessage(Handler.java:105)
12-14 03:44:51.418 E/AndroidRuntime( 4421): 	at android.os.Looper.loop(Looper.java:164)
12-14 03:44:51.418 E/AndroidRuntime( 4421): 	at android.app.ActivityThread.main(ActivityThread.java:6541)
12-14 03:44:51.418 E/AndroidRuntime( 4421): 	at java.lang.reflect.Method.invoke(Native Method)
12-14 03:44:51.418 E/AndroidRuntime( 4421): 	at com.android.internal.os.Zygote$MethodAndArgsCaller.run(Zygote.java:240)
12-14 03:44:51.418 E/AndroidRuntime( 4421): 	at com.android.internal.os.ZygoteInit.main(ZygoteInit.java:767)
12-14 03:44:51.420 I/Process ( 4421): Sending signal. PID: 4421 SIG: 9
12-14 03:44:51.433 D/gralloc_ranchu( 1395): gralloc_alloc: Creating ashmem region of size 544768
12-14 03:44:51.443 D/EGL_emulation( 1731): eglMakeCurrent: 0x95c533a0: ver 3 0 (tinfo 0xa517bb50)
12-14 03:44:51.447 W/BroadcastQueue( 1629): Background execution not allowed: receiving Intent { act=android.intent.action.DROPBOX_ENTRY_ADDED flg=0x10 (has extras) } to com.google.android.gms/.stats.service.DropBoxEntryAddedReceiver
12-14 03:44:51.448 W/BroadcastQueue( 1629): Background execution not allowed: receiving Intent { act=android.intent.action.DROPBOX_ENTRY_ADDED flg=0x10 (has extras) } to com.google.android.gms/.chimera.GmsIntentOperationService$PersistentTrustedReceiver
12-14 03:44:51.450 D/gralloc_ranchu( 1395): gralloc_alloc: Creating ashmem region of size 544768
12-14 03:44:51.513 D/NuPlayerDriver( 1484): NuPlayerDriver(0xaa0c85b0) created, clientPid(1731)
12-14 03:44:51.530 D/GenericSource( 1484): FileSource remote
12-14 03:44:51.539 D/NuPlayerDriver( 1484): notifyListener_l(0xaa0c85b0), (1, 0, 0, -1), loop setting(0, 0)
12-14 03:44:51.546 I/MediaFocusControl( 1629):  AudioFocus  requestAudioFocus() from uid/pid 10028/1731 clientId=android.media.AudioManager@554e2d1 req=3 flags=0x0
12-14 03:44:51.547 W/InputDispatcher( 1629): channel '491f51e com.evancharlton.mileage/com.evancharlton.mileage.Mileage (server)' ~ Consumer closed input channel or an error occurred.  events=0x9
12-14 03:44:51.548 E/InputDispatcher( 1629): channel '491f51e com.evancharlton.mileage/com.evancharlton.mileage.Mileage (server)' ~ Channel is unrecoverably broken and will be disposed!
12-14 03:44:51.549 I/ActivityManager( 1629): Process com.evancharlton.mileage (pid 4421) has died: fore TOP 
12-14 03:44:51.551 W/ActivityManager( 1629): Force removing ActivityRecord{f34bbb1 u0 com.evancharlton.mileage/.Mileage t88}: app died, no saved state
12-14 03:44:51.551 I/WindowManager( 1629): WIN DEATH: Window{491f51e u0 com.evancharlton.mileage/com.evancharlton.mileage.Mileage}
12-14 03:44:51.552 W/InputDispatcher( 1629): Attempted to unregister already unregistered input channel '491f51e com.evancharlton.mileage/com.evancharlton.mileage.Mileage (server)'
12-14 03:44:51.553 E/adbd    ( 1383): failed to connect to socket 'tcp:7102': Connection refused
12-14 03:44:51.578 W/ActivityManager( 1629): Crash of app com.evancharlton.mileage running instrumentation ComponentInfo{com.evancharlton.mileage.test/sh.calaba.instrumentationbackend.CalabashInstrumentationTestRunner}
12-14 03:44:51.578 I/ActivityManager( 1629): Force stopping com.evancharlton.mileage appid=10428 user=0: finished inst
12-14 03:44:51.579 D/gralloc_ranchu( 1395): gralloc_alloc: Creating ashmem region of size 544768
12-14 03:44:51.612 D/gralloc_ranchu( 1395): gralloc_alloc: Creating ashmem region of size 8298496
12-14 03:44:51.643 W/ActivityManager( 1629): setHasOverlayUi called on unknown pid: 4421
