--------- beginning of main
12-14 03:44:41.308 D/gralloc_ranchu( 1395): gralloc_alloc: Creating ashmem region of size 8298496
12-14 03:44:41.331 D/EGL_emulation( 1731): eglMakeCurrent: 0x95c533a0: ver 3 0 (tinfo 0xa517bb50)
12-14 03:44:41.333 D/gralloc_ranchu( 1395): gralloc_alloc: Creating ashmem region of size 8298496
12-14 03:44:41.402 I/chatty  ( 1395): uid=1000(system) allocator@2.0-s identical 1 line
12-14 03:44:41.450 D/gralloc_ranchu( 1395): gralloc_alloc: Creating ashmem region of size 8298496
12-14 03:44:41.522 E/IPCThreadState( 1413): binder thread pool (4 threads) starved for 217 ms
12-14 03:44:41.523 D/gralloc_ranchu( 1395): gralloc_alloc: Creating ashmem region of size 8298496
12-14 03:44:41.613 D/EGL_emulation( 2206): eglMakeCurrent: 0xa6f47ce0: ver 3 0 (tinfo 0xa70ff4f0)
12-14 03:44:41.633 I/MicroDetectionWorker( 2206): #updateMicroDetector [detectionMode: [mDetectionMode: [1]]]
12-14 03:44:41.633 I/MicroDetectionWorker( 2206): #startMicroDetector [speakerMode: 0]
12-14 03:44:41.635 I/AudioController( 2206): Using mInputStreamFactoryBuilder
12-14 03:44:41.643 I/MicroDetectionWorker( 2206): onReady
12-14 03:44:41.664 I/MicroRecognitionRunner( 2206): Starting detection.
12-14 03:44:41.666 D/EGL_emulation( 2176): eglMakeCurrent: 0xb2d31920: ver 3 0 (tinfo 0xb2decee0)
12-14 03:44:41.666 I/MicrophoneInputStream( 2206): mic_starting com.google.android.apps.gsa.staticplugins.aa.c@e714003
12-14 03:44:41.678 I/MicrophoneInputStream( 2206): mic_started com.google.android.apps.gsa.staticplugins.aa.c@e714003
--------- beginning of system
12-14 03:44:41.679 E/ActivityThread( 2206): Failed to find provider info for com.google.android.apps.gsa.testing.ui.audio.recorded
12-14 03:44:41.680 I/MicroDetectionWorker( 2206): onReady
12-14 03:44:41.682 I/MicrophoneInputStream( 2206): mic_close com.google.android.apps.gsa.staticplugins.aa.c@e714003
12-14 03:44:41.685 I/MicroRecognitionRunner( 2206): Detection finished
12-14 03:44:41.685 W/ErrorReporter( 2206): reportError [type: 211, code: 524300]: Error reading from input stream
12-14 03:44:41.686 I/AudioFlinger( 1476): AudioFlinger's thread 0xae183d00 tid=4196 ready to run
12-14 03:44:41.689 I/MicroRecognitionRunner( 2206): Stopping hotword detection.
12-14 03:44:41.690 W/ErrorProcessor( 2206): onFatalError, processing error from engine(4)
12-14 03:44:41.690 W/ErrorProcessor( 2206): com.google.android.apps.gsa.shared.speech.b.g: Error reading from input stream
12-14 03:44:41.690 W/ErrorProcessor( 2206): 	at com.google.android.apps.gsa.staticplugins.recognizer.j.a.a(SourceFile:28)
12-14 03:44:41.690 W/ErrorProcessor( 2206): 	at com.google.android.apps.gsa.staticplugins.recognizer.j.b.run(SourceFile:15)
12-14 03:44:41.690 W/ErrorProcessor( 2206): 	at java.util.concurrent.Executors$RunnableAdapter.call(Executors.java:457)
12-14 03:44:41.690 W/ErrorProcessor( 2206): 	at java.util.concurrent.FutureTask.run(FutureTask.java:266)
12-14 03:44:41.690 W/ErrorProcessor( 2206): 	at com.google.android.apps.gsa.shared.util.concurrent.a.ax.run(SourceFile:14)
12-14 03:44:41.690 W/ErrorProcessor( 2206): 	at com.google.android.apps.gsa.shared.util.concurrent.a.bl.run(SourceFile:4)
12-14 03:44:41.690 W/ErrorProcessor( 2206): 	at com.google.android.apps.gsa.shared.util.concurrent.a.bl.run(SourceFile:4)
12-14 03:44:41.690 W/ErrorProcessor( 2206): 	at java.util.concurrent.ThreadPoolExecutor.runWorker(ThreadPoolExecutor.java:1162)
12-14 03:44:41.690 W/ErrorProcessor( 2206): 	at java.util.concurrent.ThreadPoolExecutor$Worker.run(ThreadPoolExecutor.java:636)
12-14 03:44:41.690 W/ErrorProcessor( 2206): 	at java.lang.Thread.run(Thread.java:764)
12-14 03:44:41.690 W/ErrorProcessor( 2206): 	at com.google.android.apps.gsa.shared.util.concurrent.a.ai.run(SourceFile:6)
12-14 03:44:41.690 W/ErrorProcessor( 2206): Caused by: com.google.android.apps.gsa.shared.exception.GsaIOException: Error code: 393238 | Buffer overflow, no available space.
12-14 03:44:41.690 W/ErrorProcessor( 2206): 	at com.google.android.apps.gsa.speech.audio.Tee.f(SourceFile:103)
12-14 03:44:41.690 W/ErrorProcessor( 2206): 	at com.google.android.apps.gsa.speech.audio.au.read(SourceFile:2)
12-14 03:44:41.690 W/ErrorProcessor( 2206): 	at java.io.InputStream.read(InputStream.java:101)
12-14 03:44:41.690 W/ErrorProcessor( 2206): 	at com.google.android.apps.gsa.speech.audio.ao.run(SourceFile:18)
12-14 03:44:41.690 W/ErrorProcessor( 2206): 	at com.google.android.apps.gsa.speech.audio.an.run(SourceFile:2)
12-14 03:44:41.690 W/ErrorProcessor( 2206): 	... 9 more
12-14 03:44:41.690 I/AudioController( 2206): internalShutdown
12-14 03:44:41.692 I/MicroDetector( 2206): Keeping mic open: false
12-14 03:44:41.692 I/MicroDetectionWorker( 2206): #onError(false)
12-14 03:44:41.692 I/DeviceStateChecker( 2206): DeviceStateChecker cancelled
12-14 03:44:41.706 D/gralloc_ranchu( 1395): gralloc_alloc: Creating ashmem region of size 7753728
12-14 03:44:41.733 D/EGL_emulation( 1731): eglMakeCurrent: 0x95c533a0: ver 3 0 (tinfo 0xa517bb50)
12-14 03:44:41.941 I/chatty  ( 1731): uid=10028(u0_a28) RenderThread identical 22 lines
12-14 03:44:41.957 D/EGL_emulation( 1731): eglMakeCurrent: 0x95c533a0: ver 3 0 (tinfo 0xa517bb50)
12-14 03:44:41.963 D/AndroidRuntime( 4191): >>>>>> START com.android.internal.os.RuntimeInit uid 2000 <<<<<<
12-14 03:44:41.964 D/AndroidRuntime( 4141): Shutting down VM
12-14 03:44:41.969 D/EGL_emulation( 1731): eglMakeCurrent: 0x95c533a0: ver 3 0 (tinfo 0xa517bb50)
--------- beginning of crash
12-14 03:44:41.980 E/AndroidRuntime( 4141): FATAL EXCEPTION: main
12-14 03:44:41.980 E/AndroidRuntime( 4141): Process: com.evancharlton.mileage, PID: 4141
12-14 03:44:41.980 E/AndroidRuntime( 4141): java.lang.NullPointerException: Attempt to invoke interface method 'void android.database.Cursor.close()' on a null object reference
12-14 03:44:41.980 E/AndroidRuntime( 4141): 	at com.evancharlton.mileage.views.CursorSpinner.onDetachedFromWindow(CursorSpinner.java:58)
12-14 03:44:41.980 E/AndroidRuntime( 4141): 	at android.view.View.dispatchDetachedFromWindow(View.java:17434)
12-14 03:44:41.980 E/AndroidRuntime( 4141): 	at android.view.ViewGroup.dispatchDetachedFromWindow(ViewGroup.java:3679)
12-14 03:44:41.980 E/AndroidRuntime( 4141): 	at android.view.ViewGroup.dispatchDetachedFromWindow(ViewGroup.java:3671)
12-14 03:44:41.980 E/AndroidRuntime( 4141): 	at android.view.ViewGroup.dispatchDetachedFromWindow(ViewGroup.java:3671)
12-14 03:44:41.980 E/AndroidRuntime( 4141): 	at android.view.ViewGroup.dispatchDetachedFromWindow(ViewGroup.java:3671)
12-14 03:44:41.980 E/AndroidRuntime( 4141): 	at android.view.ViewGroup.dispatchDetachedFromWindow(ViewGroup.java:3671)
12-14 03:44:41.980 E/AndroidRuntime( 4141): 	at android.view.ViewGroup.dispatchDetachedFromWindow(ViewGroup.java:3671)
12-14 03:44:41.980 E/AndroidRuntime( 4141): 	at android.view.ViewGroup.dispatchDetachedFromWindow(ViewGroup.java:3671)
12-14 03:44:41.980 E/AndroidRuntime( 4141): 	at android.view.ViewGroup.dispatchDetachedFromWindow(ViewGroup.java:3671)
12-14 03:44:41.980 E/AndroidRuntime( 4141): 	at android.view.ViewGroup.dispatchDetachedFromWindow(ViewGroup.java:3671)
12-14 03:44:41.980 E/AndroidRuntime( 4141): 	at android.view.ViewGroup.dispatchDetachedFromWindow(ViewGroup.java:3671)
12-14 03:44:41.980 E/AndroidRuntime( 4141): 	at android.view.ViewGroup.dispatchDetachedFromWindow(ViewGroup.java:3671)
12-14 03:44:41.980 E/AndroidRuntime( 4141): 	at android.view.ViewGroup.dispatchDetachedFromWindow(ViewGroup.java:3671)
12-14 03:44:41.980 E/AndroidRuntime( 4141): 	at android.view.ViewGroup.dispatchDetachedFromWindow(ViewGroup.java:3671)
12-14 03:44:41.980 E/AndroidRuntime( 4141): 	at android.view.ViewRootImpl.dispatchDetachedFromWindow(ViewRootImpl.java:3462)
12-14 03:44:41.980 E/AndroidRuntime( 4141): 	at android.view.ViewRootImpl.doDie(ViewRootImpl.java:6310)
12-14 03:44:41.980 E/AndroidRuntime( 4141): 	at android.view.ViewRootImpl.die(ViewRootImpl.java:6287)
12-14 03:44:41.980 E/AndroidRuntime( 4141): 	at android.view.WindowManagerGlobal.removeViewLocked(WindowManagerGlobal.java:458)
12-14 03:44:41.980 E/AndroidRuntime( 4141): 	at android.view.WindowManagerGlobal.removeView(WindowManagerGlobal.java:396)
12-14 03:44:41.980 E/AndroidRuntime( 4141): 	at android.view.WindowManagerImpl.removeViewImmediate(WindowManagerImpl.java:123)
12-14 03:44:41.980 E/AndroidRuntime( 4141): 	at android.app.ActivityThread.handleDestroyActivity(ActivityThread.java:4478)
12-14 03:44:41.980 E/AndroidRuntime( 4141): 	at android.app.ActivityThread.-wrap5(Unknown Source:0)
12-14 03:44:41.980 E/AndroidRuntime( 4141): 	at android.app.ActivityThread$H.handleMessage(ActivityThread.java:1654)
12-14 03:44:41.980 E/AndroidRuntime( 4141): 	at android.os.Handler.dispatchMessage(Handler.java:105)
12-14 03:44:41.980 E/AndroidRuntime( 4141): 	at android.os.Looper.loop(Looper.java:164)
12-14 03:44:41.980 E/AndroidRuntime( 4141): 	at android.app.ActivityThread.main(ActivityThread.java:6541)
12-14 03:44:41.980 E/AndroidRuntime( 4141): 	at java.lang.reflect.Method.invoke(Native Method)
12-14 03:44:41.980 E/AndroidRuntime( 4141): 	at com.android.internal.os.Zygote$MethodAndArgsCaller.run(Zygote.java:240)
12-14 03:44:41.980 E/AndroidRuntime( 4141): 	at com.android.internal.os.ZygoteInit.main(ZygoteInit.java:767)
12-14 03:44:41.993 I/Process ( 4141): Sending signal. PID: 4141 SIG: 9
12-14 03:44:42.000 W/BroadcastQueue( 1629): Background execution not allowed: receiving Intent { act=android.intent.action.DROPBOX_ENTRY_ADDED flg=0x10 (has extras) } to com.google.android.gms/.stats.service.DropBoxEntryAddedReceiver
12-14 03:44:42.001 W/BroadcastQueue( 1629): Background execution not allowed: receiving Intent { act=android.intent.action.DROPBOX_ENTRY_ADDED flg=0x10 (has extras) } to com.google.android.gms/.chimera.GmsIntentOperationService$PersistentTrustedReceiver
12-14 03:44:42.057 W/InputDispatcher( 1629): channel 'efedc19 com.evancharlton.mileage/com.evancharlton.mileage.Mileage (server)' ~ Consumer closed input channel or an error occurred.  events=0x9
12-14 03:44:42.057 E/InputDispatcher( 1629): channel 'efedc19 com.evancharlton.mileage/com.evancharlton.mileage.Mileage (server)' ~ Channel is unrecoverably broken and will be disposed!
12-14 03:44:42.058 I/WindowManager( 1629): WIN DEATH: Window{efedc19 u0 com.evancharlton.mileage/com.evancharlton.mileage.Mileage EXITING}
12-14 03:44:42.058 W/InputDispatcher( 1629): Attempted to unregister already unregistered input channel 'efedc19 com.evancharlton.mileage/com.evancharlton.mileage.Mileage (server)'
12-14 03:44:42.060 I/ActivityManager( 1629): Process com.evancharlton.mileage (pid 4141) has died: fore FGS 
12-14 03:44:42.061 W/ActivityManager( 1629): Crash of app com.evancharlton.mileage running instrumentation ComponentInfo{com.evancharlton.mileage.test/sh.calaba.instrumentationbackend.CalabashInstrumentationTestRunner}
12-14 03:44:42.062 I/ActivityManager( 1629): Force stopping com.evancharlton.mileage appid=10428 user=0: finished inst
12-14 03:44:42.071 W/app_process( 4191): Unexpected CPU variant for X86 using defaults: x86
12-14 03:44:42.094 D/AndroidRuntime( 4191): Calling main entry com.android.commands.am.Am
12-14 03:44:42.096 I/ActivityManager( 1629): Force stopping com.evancharlton.mileage appid=10428 user=0: start instr
12-14 03:44:42.106 I/zygote  ( 4207): Not late-enabling -Xcheck:jni (already on)
12-14 03:44:42.113 I/ActivityManager( 1629): Start proc 4207:com.evancharlton.mileage/u0a428 for added application com.evancharlton.mileage
12-14 03:44:42.115 W/zygote  ( 4207): Unexpected CPU variant for X86 using defaults: x86
12-14 03:44:42.116 D/AndroidRuntime( 4191): Shutting down VM
12-14 03:44:42.132 W/ActivityManager( 1629): setHasOverlayUi called on unknown pid: 4141
12-14 03:44:42.133 W/OpenGLRenderer( 2176): Incorrectly called buildLayer on View: ShortcutAndWidgetContainer, destroying layer...
12-14 03:44:42.180 I/OpenGLRenderer( 1629): Initialized EGL, version 1.4
12-14 03:44:42.180 D/OpenGLRenderer( 1629): Swap behavior 1
12-14 03:44:42.180 W/OpenGLRenderer( 1629): Failed to choose config with EGL_SWAP_BEHAVIOR_PRESERVED, retrying without...
12-14 03:44:42.182 D/OpenGLRenderer( 1629): Swap behavior 0
12-14 03:44:42.189 W/zygote  ( 4207): Found duplicate classes, falling back to extracting from APK : /data/app/com.evancharlton.mileage.test-D205ilBDNjkoAeyacisqiA==/base.apk
12-14 03:44:42.189 W/zygote  ( 4207): NOTE: This wastes RAM and hurts startup performance.
12-14 03:44:42.189 W/zygote  ( 4207): Found duplicated class when checking oat files: 'Ljunit/runner/BaseTestRunner;' in /data/app/com.evancharlton.mileage.test-D205ilBDNjkoAeyacisqiA==/base.apk and /system/framework/android.test.runner.jar
12-14 03:44:42.189 W/zygote  ( 4207): 
12-14 03:44:42.238 E/adbd    ( 1383): failed to connect to socket 'tcp:7102': Connection refused
12-14 03:44:42.246 D/EGL_emulation( 1629): eglCreateContext: 0xa6cfe220: maj 3 min 0 rcv 3
12-14 03:44:42.252 D/EGL_emulation( 1629): eglMakeCurrent: 0xa6cfe220: ver 3 0 (tinfo 0x977d29d0)
12-14 03:44:42.253 W/System  ( 4207): ClassLoader referenced unknown path: 
12-14 03:44:42.254 E/eglCodecCommon( 1629): glUtilsParamSize: unknow param 0x00008cdf
12-14 03:44:42.254 E/eglCodecCommon( 1629): glUtilsParamSize: unknow param 0x00008cdf
12-14 03:44:42.255 E/eglCodecCommon( 1629): glUtilsParamSize: unknow param 0x00008824
12-14 03:44:42.255 E/eglCodecCommon( 1629): glUtilsParamSize: unknow param 0x00008824
12-14 03:44:42.263 E/adbd    ( 1383): failed to connect to socket 'tcp:7102': Connection refused
12-14 03:44:42.279 I/System.out( 4207): Main activity name automatically set to: com.evancharlton.mileage.Mileage
12-14 03:44:42.280 I/System.out( 4207): Calabash did not load Mono. This is only a problem if you are trying to test a Mono application
12-14 03:44:42.281 I/calabash( 4207): Test server port: 7102
12-14 03:44:42.283 I/InstrumentationBackend( 4207): Added:'GetPreferences', with key:'get_preferences'
12-14 03:44:42.369 E/adbd    ( 1383): failed to connect to socket 'tcp:7102': Connection refused
12-14 03:44:42.371 E/adbd    ( 1383): failed to connect to socket 'tcp:7102': Connection refused
12-14 03:44:42.372 I/InstrumentationBackend( 4207): Added:'SetPreferences', with key:'set_preferences'
12-14 03:44:42.372 I/InstrumentationBackend( 4207): Added:'ClearPreferences', with key:'clear_preferences'
12-14 03:44:42.372 I/InstrumentationBackend( 4207): Added:'PressElement', with key:'press_l10n_element'
12-14 03:44:42.373 I/InstrumentationBackend( 4207): Added:'WaitForElement', with key:'wait_for_l10n_element'
12-14 03:44:42.373 I/InstrumentationBackend( 4207): Added:'NullAction', with key:'nullAction'
12-14 03:44:42.374 I/InstrumentationBackend( 4207): Added:'PressKey', with key:'press_key'
12-14 03:44:42.375 I/InstrumentationBackend( 4207): Added:'SetActivityOrientation', with key:'set_activity_orientation'
12-14 03:44:42.376 I/InstrumentationBackend( 4207): Added:'GetActivityOrientation', with key:'get_activity_orientation'
12-14 03:44:42.376 I/InstrumentationBackend( 4207): Added:'FakeGPSLocation', with key:'set_gps_coordinates'
12-14 03:44:42.377 I/InstrumentationBackend( 4207): Added:'SetPropertyByCssSelector', with key:'set_property_by_css_selector'
12-14 03:44:42.378 I/InstrumentationBackend( 4207): Added:'GetUrl', with key:'get_url'
12-14 03:44:42.380 I/InstrumentationBackend( 4207): Added:'ScrollTo', with key:'scroll_to'
12-14 03:44:42.380 I/InstrumentationBackend( 4207): Added:'GetLoadProgress', with key:'get_load_progress'
12-14 03:44:42.381 I/InstrumentationBackend( 4207): Added:'DumpHtml', with key:'dump_html'
12-14 03:44:42.381 I/InstrumentationBackend( 4207): Added:'DumpBodyHtml', with key:'dump_body_html'
12-14 03:44:42.381 I/InstrumentationBackend( 4207): Added:'EnterTextByCssSelector', with key:'enter_text_by_selector'
12-14 03:44:42.385 I/InstrumentationBackend( 4207): Added:'AndroidSDKVersion', with key:'android_sdk_version'
12-14 03:44:42.385 I/InstrumentationBackend( 4207): Added:'Version', with key:'version'
12-14 03:44:42.386 I/InstrumentationBackend( 4207): Added:'Drag', with key:'drag'
12-14 03:44:42.386 I/InstrumentationBackend( 4207): Added:'TouchCoordinates', with key:'touch_coordinate'
12-14 03:44:42.386 I/InstrumentationBackend( 4207): Added:'LongPressCoordinate', with key:'long_press_coordinate'
12-14 03:44:42.386 I/InstrumentationBackend( 4207): Added:'DragCoordinates', with key:'drag_coordinates'
12-14 03:44:42.387 I/InstrumentationBackend( 4207): Added:'ResumeApplication', with key:'resume_application'
12-14 03:44:42.387 I/InstrumentationBackend( 4207): Added:'Swipe', with key:'swipe'
12-14 03:44:42.388 I/InstrumentationBackend( 4207): Added:'DoubleTapCoordinate', with key:'double_tap_coordinate'
12-14 03:44:42.388 I/InstrumentationBackend( 4207): Added:'ClickOnScreen', with key:'click_on_screen'
12-14 03:44:42.389 I/InstrumentationBackend( 4207): Added:'GetActivityName', with key:'get_activity_name'
12-14 03:44:42.389 I/InstrumentationBackend( 4207): Added:'ScrollToView', with key:'scroll_to_view'
12-14 03:44:42.389 I/InstrumentationBackend( 4207): Added:'ViewConfiguration', with key:'view_configuration'
12-14 03:44:42.390 I/InstrumentationBackend( 4207): Added:'IsCurrentActivityFocused', with key:'is_current_activity_focused'
12-14 03:44:42.390 I/InstrumentationBackend( 4207): Added:'SendTcp', with key:'send_tcp'
12-14 03:44:42.391 I/InstrumentationBackend( 4207): Added:'DpToDevicePixel', with key:'dp_to_device_pixel'
12-14 03:44:42.393 I/InstrumentationBackend( 4207): Added:'KeyboardEnterText', with key:'keyboard_enter_text'
12-14 03:44:42.393 I/InstrumentationBackend( 4207): Added:'DeleteSurroundingText', with key:'delete_surrounding_text'
12-14 03:44:42.393 I/InstrumentationBackend( 4207): Added:'SetComposingRegion', with key:'set_composing_region'
12-14 03:44:42.394 I/InstrumentationBackend( 4207): Added:'SetSelection', with key:'set_selection'
12-14 03:44:42.394 I/InstrumentationBackend( 4207): Added:'KeyboardKeyEvent', with key:'keyboard_key_event'
12-14 03:44:42.395 I/InstrumentationBackend( 4207): Added:'PressUserActionButton', with key:'press_user_action_button'
12-14 03:44:42.395 I/InstrumentationBackend( 4207): Added:'HideSoftKeyboard', with key:'hide_soft_keyboard'
12-14 03:44:42.397 I/InstrumentationBackend( 4207): Added:'ListActions', with key:'list_actions'
12-14 03:44:42.397 I/calabash( 4207): Instantiating http server at 7102
12-14 03:44:42.398 I/System.out( 4207): HTTP Daemon listening on: 7102
12-14 03:44:42.496 I/System.out( 4207): URI: //ping
12-14 03:44:42.497 I/System.out( 4207): params: {json={}
12-14 03:44:42.498 I/System.out( 4207): }
12-14 03:44:42.523 I/System.out( 4207): URI: //ping
12-14 03:44:42.523 I/System.out( 4207): params: {json={}
12-14 03:44:42.523 I/System.out( 4207): }
12-14 03:44:42.535 I/System.out( 4207): URI: //ready
12-14 03:44:42.535 I/System.out( 4207): params: {json={}
12-14 03:44:42.535 I/System.out( 4207): }
12-14 03:44:42.544 I/System.out( 4207): URI: //
12-14 03:44:42.544 I/System.out( 4207): params: {json={"command":"version","arguments":[]}
12-14 03:44:42.544 I/System.out( 4207): }
12-14 03:44:42.544 I/System.out( 4207): header: {content-type=application/json;charset=utf-8, date=Mon, 14 Dec 2020 08:44:42 GMT, accept=*/*, host=127.0.0.1:34777, content-length=36, user-agent=HTTPClient/1.0 (2.8.3, ruby 2.5.8 (2020-03-31))}
12-14 03:44:42.544 I/System.out( 4207): params: {json={"command":"version","arguments":[]}
12-14 03:44:42.544 I/System.out( 4207): }
12-14 03:44:42.544 I/System.out( 4207): ProP json = {"command":"version","arguments":[]}
12-14 03:44:42.544 I/System.out( 4207): files: {}
12-14 03:44:42.544 I/System.out( 4207): command: {"command":"version","arguments":[]}
12-14 03:44:42.573 I/InstrumentationBackend( 4207): Got command:'Command:'Line:null,version', arguments:'[]'
12-14 03:44:42.613 I/System.out( 4207): result:{"bonusInformation":[],"message":"0.9.8","success":true}
12-14 03:44:42.620 I/System.out( 4207): URI: //start-application
12-14 03:44:42.620 I/System.out( 4207): params: {json={"intent":null}
12-14 03:44:42.620 I/System.out( 4207): }
12-14 03:44:42.658 I/ActivityManager( 1629): START u0 {act=android.intent.action.MAIN cat=[android.intent.category.LAUNCHER] flg=0x10200000 cmp=com.evancharlton.mileage/.Mileage} from uid 10428
12-14 03:44:42.670 I/calabash( 4207): newActivity1
12-14 03:44:42.694 W/ActivityManager( 1629): Bad activity token: android.os.BinderProxy@d85e316
12-14 03:44:42.694 W/ActivityManager( 1629): java.lang.ClassCastException: android.os.BinderProxy cannot be cast to com.android.server.am.ActivityRecord$Token
12-14 03:44:42.694 W/ActivityManager( 1629): 	at com.android.server.am.ActivityRecord.forTokenLocked(ActivityRecord.java:778)
12-14 03:44:42.694 W/ActivityManager( 1629): 	at com.android.server.am.ActivityRecord.isInStackLocked(ActivityRecord.java:2085)
12-14 03:44:42.694 W/ActivityManager( 1629): 	at com.android.server.am.ActivityRecord.getStackLocked(ActivityRecord.java:2090)
12-14 03:44:42.694 W/ActivityManager( 1629): 	at com.android.server.am.ActivityManagerService.getActivityDisplayId(ActivityManagerService.java:10406)
12-14 03:44:42.694 W/ActivityManager( 1629): 	at android.app.IActivityManager$Stub.onTransact(IActivityManager.java:2738)
12-14 03:44:42.694 W/ActivityManager( 1629): 	at com.android.server.am.ActivityManagerService.onTransact(ActivityManagerService.java:2935)
12-14 03:44:42.694 W/ActivityManager( 1629): 	at android.os.Binder.execTransact(Binder.java:674)
12-14 03:44:42.695 I/calabash( 4207): newActivity1
12-14 03:44:42.698 D/gralloc_ranchu( 1395): gralloc_alloc: Creating ashmem region of size 7753728
12-14 03:44:42.703 W/ActivityManager( 1629): Bad activity token: android.os.BinderProxy@d85e316
12-14 03:44:42.703 W/ActivityManager( 1629): java.lang.ClassCastException: android.os.BinderProxy cannot be cast to com.android.server.am.ActivityRecord$Token
12-14 03:44:42.703 W/ActivityManager( 1629): 	at com.android.server.am.ActivityRecord.forTokenLocked(ActivityRecord.java:778)
12-14 03:44:42.703 W/ActivityManager( 1629): 	at com.android.server.am.ActivityRecord.isInStackLocked(ActivityRecord.java:2085)
12-14 03:44:42.703 W/ActivityManager( 1629): 	at com.android.server.am.ActivityManagerService.setTaskDescription(ActivityManagerService.java:9988)
12-14 03:44:42.703 W/ActivityManager( 1629): 	at android.app.IActivityManager$Stub.onTransact(IActivityManager.java:2824)
12-14 03:44:42.703 W/ActivityManager( 1629): 	at com.android.server.am.ActivityManagerService.onTransact(ActivityManagerService.java:2935)
12-14 03:44:42.703 W/ActivityManager( 1629): 	at android.os.Binder.execTransact(Binder.java:674)
12-14 03:44:42.704 W/ActivityManager( 1629): Bad activity token: android.os.BinderProxy@d85e316
12-14 03:44:42.704 W/ActivityManager( 1629): java.lang.ClassCastException: android.os.BinderProxy cannot be cast to com.android.server.am.ActivityRecord$Token
12-14 03:44:42.704 W/ActivityManager( 1629): 	at com.android.server.am.ActivityRecord.forTokenLocked(ActivityRecord.java:778)
12-14 03:44:42.704 W/ActivityManager( 1629): 	at com.android.server.am.ActivityRecord.isInStackLocked(ActivityRecord.java:2085)
12-14 03:44:42.704 W/ActivityManager( 1629): 	at com.android.server.am.ActivityRecord.getStackLocked(ActivityRecord.java:2090)
12-14 03:44:42.704 W/ActivityManager( 1629): 	at com.android.server.am.ActivityManagerService.getActivityStackId(ActivityManagerService.java:10417)
12-14 03:44:42.704 W/ActivityManager( 1629): 	at android.app.IActivityManager$Stub.onTransact(IActivityManager.java:3548)
12-14 03:44:42.704 W/ActivityManager( 1629): 	at com.android.server.am.ActivityManagerService.onTransact(ActivityManagerService.java:2935)
12-14 03:44:42.704 W/ActivityManager( 1629): 	at android.os.Binder.execTransact(Binder.java:674)
12-14 03:44:42.755 V/StatusBar( 1731): setLightsOn(true)
12-14 03:44:42.759 D/EGL_emulation( 2176): eglMakeCurrent: 0xb2d31920: ver 3 0 (tinfo 0xb2decee0)
12-14 03:44:42.760 D/EGL_emulation( 2206): eglMakeCurrent: 0xa6f47ce0: ver 3 0 (tinfo 0xa70ff4f0)
12-14 03:44:42.778 D/EGL_emulation( 1731): eglMakeCurrent: 0x95c533a0: ver 3 0 (tinfo 0xa517bb50)
12-14 03:44:42.792 I/chatty  ( 1731): uid=10028(u0_a28) RenderThread identical 1 line
12-14 03:44:42.794 W/ActivityManager( 1629): Bad activity token: android.os.BinderProxy@d85e316
12-14 03:44:42.794 W/ActivityManager( 1629): java.lang.ClassCastException: android.os.BinderProxy cannot be cast to com.android.server.am.ActivityRecord$Token
12-14 03:44:42.794 W/ActivityManager( 1629): 	at com.android.server.am.ActivityRecord.forTokenLocked(ActivityRecord.java:778)
12-14 03:44:42.794 W/ActivityManager( 1629): 	at com.android.server.am.ActivityRecord.isInStackLocked(ActivityRecord.java:2085)
12-14 03:44:42.794 W/ActivityManager( 1629): 	at com.android.server.am.ActivityManagerService.getActivityOptions(ActivityManagerService.java:13302)
12-14 03:44:42.794 W/ActivityManager( 1629): 	at android.app.IActivityManager$Stub.onTransact(IActivityManager.java:2910)
12-14 03:44:42.794 W/ActivityManager( 1629): 	at com.android.server.am.ActivityManagerService.onTransact(ActivityManagerService.java:2935)
12-14 03:44:42.794 W/ActivityManager( 1629): 	at android.os.Binder.execTransact(Binder.java:674)
12-14 03:44:42.795 W/ActivityManager( 1629): Bad activity token: android.os.BinderProxy@d85e316
12-14 03:44:42.795 W/ActivityManager( 1629): java.lang.ClassCastException: android.os.BinderProxy cannot be cast to com.android.server.am.ActivityRecord$Token
12-14 03:44:42.795 W/ActivityManager( 1629): 	at com.android.server.am.ActivityRecord.forTokenLocked(ActivityRecord.java:778)
12-14 03:44:42.795 W/ActivityManager( 1629): 	at com.android.server.am.ActivityRecord.isInStackLocked(ActivityRecord.java:2085)
12-14 03:44:42.795 W/ActivityManager( 1629): 	at com.android.server.am.ActivityManagerService.getActivityOptions(ActivityManagerService.java:13302)
12-14 03:44:42.795 W/ActivityManager( 1629): 	at android.app.IActivityManager$Stub.onTransact(IActivityManager.java:2910)
12-14 03:44:42.795 W/ActivityManager( 1629): 	at com.android.server.am.ActivityManagerService.onTransact(ActivityManagerService.java:2935)
12-14 03:44:42.795 W/ActivityManager( 1629): 	at android.os.Binder.execTransact(Binder.java:674)
12-14 03:44:42.795 D/EGL_emulation( 1731): eglMakeCurrent: 0x95c533a0: ver 3 0 (tinfo 0xa517bb50)
12-14 03:44:42.796 V/StatusBar( 1731): setLightsOn(true)
12-14 03:44:42.806 D/EGL_emulation( 1731): eglMakeCurrent: 0x95c533a0: ver 3 0 (tinfo 0xa517bb50)
12-14 03:44:42.810 I/chatty  ( 1731): uid=10028(u0_a28) RenderThread identical 1 line
12-14 03:44:42.827 D/EGL_emulation( 1731): eglMakeCurrent: 0x95c533a0: ver 3 0 (tinfo 0xa517bb50)
12-14 03:44:42.832 E/ContentStoreEUAS( 2206): Failed to commit the deferred actions
12-14 03:44:42.835 D/EGL_emulation( 1731): eglMakeCurrent: 0x95c533a0: ver 3 0 (tinfo 0xa517bb50)
12-14 03:44:42.893 I/chatty  ( 1731): uid=10028(u0_a28) RenderThread identical 7 lines
12-14 03:44:42.896 D/EGL_emulation( 1731): eglMakeCurrent: 0x95c533a0: ver 3 0 (tinfo 0xa517bb50)
12-14 03:44:42.897 V/StatusBar( 1731): setLightsOn(true)
12-14 03:44:42.907 D/EGL_emulation( 1731): eglMakeCurrent: 0x95c533a0: ver 3 0 (tinfo 0xa517bb50)
12-14 03:44:42.977 I/chatty  ( 1731): uid=10028(u0_a28) RenderThread identical 7 lines
12-14 03:44:42.979 D/EGL_emulation( 1731): eglMakeCurrent: 0x95c533a0: ver 3 0 (tinfo 0xa517bb50)
12-14 03:44:42.983 V/StatusBar( 1731): setLightsOn(true)
12-14 03:44:43.010 D/EGL_emulation( 1731): eglMakeCurrent: 0x95c533a0: ver 3 0 (tinfo 0xa517bb50)
12-14 03:44:43.010 I/zygote  ( 4207): Do partial code cache collection, code=29KB, data=30KB
12-14 03:44:43.017 D/EGL_emulation( 1731): eglMakeCurrent: 0x95c533a0: ver 3 0 (tinfo 0xa517bb50)
12-14 03:44:43.019 I/zygote  ( 4207): After code cache collection, code=29KB, data=30KB
12-14 03:44:43.020 I/zygote  ( 4207): Increasing code cache capacity to 128KB
12-14 03:44:43.024 I/zygote  ( 4207): Do partial code cache collection, code=29KB, data=48KB
12-14 03:44:43.025 D/gralloc_ranchu( 1395): gralloc_alloc: Creating ashmem region of size 7753728
12-14 03:44:43.026 I/zygote  ( 4207): After code cache collection, code=29KB, data=48KB
12-14 03:44:43.026 I/zygote  ( 4207): Increasing code cache capacity to 256KB
12-14 03:44:43.027 I/zygote  ( 4207): JIT allocated 71KB for compiled code of void android.widget.TextView.<init>(android.content.Context, android.util.AttributeSet, int, int)
12-14 03:44:43.027 I/zygote  ( 4207): Compiler allocated 4MB to compile void android.widget.TextView.<init>(android.content.Context, android.util.AttributeSet, int, int)
12-14 03:44:43.071 D/        ( 4207): HostConnection::get() New Host Connection established 0xa6d30dc0, tid 4207
12-14 03:44:43.129 V/StatusBar( 1731): setLightsOn(true)
12-14 03:44:43.130 V/StatusBar( 1731): setLightsOn(true)
12-14 03:44:43.131 I/ActivityManager( 1629): Displayed com.evancharlton.mileage/.Mileage: +468ms
12-14 03:44:43.151 V/StatusBar( 1731): setLightsOn(true)
12-14 03:44:43.171 D/gralloc_ranchu( 1395): gralloc_alloc: Creating ashmem region of size 7753728
12-14 03:44:43.217 V/StatusBar( 1731): setLightsOn(true)
12-14 03:44:43.269 E/memtrack( 1629): Couldn't load memtrack module
12-14 03:44:43.269 W/android.os.Debug( 1629): failed to get memory consumption info: -1
12-14 03:44:43.291 E/memtrack( 1629): Couldn't load memtrack module
12-14 03:44:43.291 W/android.os.Debug( 1629): failed to get memory consumption info: -1
12-14 03:44:43.316 V/StatusBar( 1731): setLightsOn(true)
