--------- beginning of main
12-14 04:23:39.179 D/gralloc_ranchu( 1394): gralloc_alloc: Creating ashmem region of size 8298496
12-14 04:23:39.191 D/        ( 3936): HostConnection::get() New Host Connection established 0xb4caf800, tid 3936
12-14 04:23:39.285 V/StatusBar( 1727): setLightsOn(true)
12-14 04:23:39.293 I/zygote  ( 1944): Do full code cache collection, code=626KB, data=400KB
12-14 04:23:39.308 I/zygote  ( 1944): After code cache collection, code=584KB, data=345KB
12-14 04:23:39.410 I/zygote  ( 1944): Background concurrent copying GC freed 90971(5MB) AllocSpace objects, 7(164KB) LOS objects, 43% free, 7MB/13MB, paused 10.532ms total 224.441ms
12-14 04:23:39.620 I/zygote  ( 1944): Deoptimizing void tma.c(java.lang.Runnable) due to JIT inline cache
12-14 04:23:39.662 E/memtrack( 1627): Couldn't load memtrack module
12-14 04:23:39.662 W/android.os.Debug( 1627): failed to get memory consumption info: -1
12-14 04:23:39.787 I/System.out( 3887): URI: //kill
12-14 04:23:39.787 I/System.out( 3887): params: {json={}
12-14 04:23:39.787 I/System.out( 3887): }
12-14 04:23:39.787 I/System.out( 3887): Stopping test server
12-14 04:23:39.791 E/adbd    ( 1382): failed to connect to socket 'tcp:7102': Connection refused
12-14 04:23:39.793 E/adbd    ( 1382): failed to connect to socket 'tcp:7102': Connection refused
12-14 04:23:39.861 V/StatusBar( 1727): setLightsOn(true)
12-14 04:23:39.905 I/chatty  ( 1727): uid=10028(u0_a28) com.android.systemui identical 3 lines
12-14 04:23:39.917 V/StatusBar( 1727): setLightsOn(true)
12-14 04:23:39.918 D/gralloc_ranchu( 1394): gralloc_alloc: Creating ashmem region of size 8298496
12-14 04:23:39.935 I/chatty  ( 1394): uid=1000(system) allocator@2.0-s identical 1 line
12-14 04:23:39.954 D/gralloc_ranchu( 1394): gralloc_alloc: Creating ashmem region of size 8298496
12-14 04:23:39.968 D/SurfaceFlinger( 1412): duplicate layer name: changing com.google.android.apps.nexuslauncher/com.google.android.apps.nexuslauncher.NexusLauncherActivity to com.google.android.apps.nexuslauncher/com.google.android.apps.nexuslauncher.NexusLauncherActivity#1
12-14 04:23:39.980 D/gralloc_ranchu( 1394): gralloc_alloc: Creating ashmem region of size 8298496
12-14 04:23:40.014 D/EGL_emulation( 1727): eglMakeCurrent: 0x8b0354c0: ver 3 0 (tinfo 0x8b04ddd0)
12-14 04:23:40.014 D/EGL_emulation( 2172): eglMakeCurrent: 0x9e785b40: ver 3 0 (tinfo 0x9e783850)
12-14 04:23:40.015 D/gralloc_ranchu( 1394): gralloc_alloc: Creating ashmem region of size 8298496
12-14 04:23:40.031 D/gralloc_ranchu( 1394): gralloc_alloc: Creating ashmem region of size 8298496
12-14 04:23:40.056 D/BoundBrokerSvc( 1944): onUnbind: Intent { act=com.google.android.gms.auth.account.workaccount.START cmp=com.google.android.gms/.chimera.PersistentApiService }
12-14 04:23:40.132 D/EGL_emulation( 2143): eglMakeCurrent: 0x9e785540: ver 3 0 (tinfo 0x9e783350)
12-14 04:23:40.150 D/PermissionCache( 1412): checking android.permission.READ_FRAME_BUFFER for uid=1000 => granted (293 us)
12-14 04:23:40.159 D/gralloc_ranchu( 1394): gralloc_alloc: Creating ashmem region of size 7753728
12-14 04:23:40.160 I/zygote  ( 2172): Deoptimizing void com.google.android.apps.gsa.search.core.service.worker.a.a.a(com.google.android.apps.gsa.search.core.state.qc) due to JIT inline cache
12-14 04:23:40.186 W/SessionLifecycleManager( 2172): Handover failed. Creating new session controller.
12-14 04:23:40.193 E/GmsClient( 2172): unable to connect to service: com.google.android.gms.speech.service.START on com.google.android.gms
12-14 04:23:40.202 I/OptInState( 2172): There is a new client and it does not support opt-in. Dropping request.
12-14 04:23:40.259 I/zygote  ( 2172): Background concurrent copying GC freed 18462(1111KB) AllocSpace objects, 9(3MB) LOS objects, 49% free, 3MB/7MB, paused 5.526ms total 51.549ms
12-14 04:23:40.303 D/EGL_emulation( 1727): eglMakeCurrent: 0x8b0354c0: ver 3 0 (tinfo 0x8b04ddd0)
12-14 04:23:40.304 D/        ( 1727): HostConnection::get() New Host Connection established 0x9bd7f1c0, tid 1747
12-14 04:23:40.306 I/MicroDetectionWorker( 2172): #updateMicroDetector [detectionMode: [mDetectionMode: [1]]]
12-14 04:23:40.306 I/MicroDetectionWorker( 2172): #startMicroDetector [speakerMode: 0]
12-14 04:23:40.309 I/AudioController( 2172): Using mInputStreamFactoryBuilder
12-14 04:23:40.321 I/MicroRecognitionRunner( 2172): Starting detection.
12-14 04:23:40.327 I/MicrophoneInputStream( 2172): mic_starting com.google.android.apps.gsa.staticplugins.aa.c@5ae5afb
12-14 04:23:40.336 I/zygote  ( 1627): Background concurrent copying GC freed 55145(2MB) AllocSpace objects, 10(200KB) LOS objects, 35% free, 10MB/16MB, paused 1.735ms total 227.201ms
12-14 04:23:40.337 I/AudioFlinger( 1475): AudioFlinger's thread 0xa5803f00 tid=3955 ready to run
12-14 04:23:40.343 I/MicroDetectionWorker( 2172): onReady
12-14 04:23:40.347 D/EGL_emulation( 1727): eglMakeCurrent: 0x8b0354c0: ver 3 0 (tinfo 0x8b04ddd0)
12-14 04:23:40.356 I/MicrophoneInputStream( 2172): mic_started com.google.android.apps.gsa.staticplugins.aa.c@5ae5afb
12-14 04:23:40.356 D/EGL_emulation( 1727): eglMakeCurrent: 0x8b0354c0: ver 3 0 (tinfo 0x8b04ddd0)
12-14 04:23:40.358 D/BoundBrokerSvc( 1944): onUnbind: Intent { act=com.google.android.gms.auth.proximity.START cmp=com.google.android.gms/.chimera.PersistentBoundBrokerService }
12-14 04:23:40.360 I/MicroDetectionWorker( 2172): onReady
12-14 04:23:40.360 W/SpeechLevelGenerator( 2172): Really low audio levels detected. The audio input may have issues.
12-14 04:23:40.361 D/EGL_emulation( 1727): eglMakeCurrent: 0x8b0354c0: ver 3 0 (tinfo 0x8b04ddd0)
12-14 04:23:40.364 I/MicrophoneInputStream( 2172): mic_close com.google.android.apps.gsa.staticplugins.aa.c@5ae5afb
12-14 04:23:40.371 I/MicroRecognitionRunner( 2172): Detection finished
12-14 04:23:40.372 W/ErrorReporter( 2172): reportError [type: 211, code: 524300]: Error reading from input stream
12-14 04:23:40.374 D/EGL_emulation( 1727): eglMakeCurrent: 0x8b0354c0: ver 3 0 (tinfo 0x8b04ddd0)
12-14 04:23:40.379 D/EGL_emulation( 1727): eglMakeCurrent: 0x8b0354c0: ver 3 0 (tinfo 0x8b04ddd0)
12-14 04:23:40.382 I/MicroRecognitionRunner( 2172): Stopping hotword detection.
12-14 04:23:40.382 W/ErrorProcessor( 2172): onFatalError, processing error from engine(4)
12-14 04:23:40.382 W/ErrorProcessor( 2172): com.google.android.apps.gsa.shared.speech.b.g: Error reading from input stream
12-14 04:23:40.382 W/ErrorProcessor( 2172): 	at com.google.android.apps.gsa.staticplugins.recognizer.j.a.a(SourceFile:28)
12-14 04:23:40.382 W/ErrorProcessor( 2172): 	at com.google.android.apps.gsa.staticplugins.recognizer.j.b.run(SourceFile:15)
12-14 04:23:40.382 W/ErrorProcessor( 2172): 	at java.util.concurrent.Executors$RunnableAdapter.call(Executors.java:457)
12-14 04:23:40.382 W/ErrorProcessor( 2172): 	at java.util.concurrent.FutureTask.run(FutureTask.java:266)
12-14 04:23:40.382 W/ErrorProcessor( 2172): 	at com.google.android.apps.gsa.shared.util.concurrent.a.ax.run(SourceFile:14)
12-14 04:23:40.382 W/ErrorProcessor( 2172): 	at com.google.android.apps.gsa.shared.util.concurrent.a.bl.run(SourceFile:4)
12-14 04:23:40.382 W/ErrorProcessor( 2172): 	at com.google.android.apps.gsa.shared.util.concurrent.a.bl.run(SourceFile:4)
12-14 04:23:40.382 W/ErrorProcessor( 2172): 	at java.util.concurrent.ThreadPoolExecutor.runWorker(ThreadPoolExecutor.java:1162)
12-14 04:23:40.382 W/ErrorProcessor( 2172): 	at java.util.concurrent.ThreadPoolExecutor$Worker.run(ThreadPoolExecutor.java:636)
12-14 04:23:40.382 W/ErrorProcessor( 2172): 	at java.lang.Thread.run(Thread.java:764)
12-14 04:23:40.382 W/ErrorProcessor( 2172): 	at com.google.android.apps.gsa.shared.util.concurrent.a.ai.run(SourceFile:6)
12-14 04:23:40.382 W/ErrorProcessor( 2172): Caused by: com.google.android.apps.gsa.shared.exception.GsaIOException: Error code: 393238 | Buffer overflow, no available space.
12-14 04:23:40.382 W/ErrorProcessor( 2172): 	at com.google.android.apps.gsa.speech.audio.Tee.f(SourceFile:103)
12-14 04:23:40.382 W/ErrorProcessor( 2172): 	at com.google.android.apps.gsa.speech.audio.au.read(SourceFile:2)
12-14 04:23:40.382 W/ErrorProcessor( 2172): 	at java.io.InputStream.read(InputStream.java:101)
12-14 04:23:40.382 W/ErrorProcessor( 2172): 	at com.google.android.apps.gsa.speech.audio.ao.run(SourceFile:18)
12-14 04:23:40.382 W/ErrorProcessor( 2172): 	at com.google.android.apps.gsa.speech.audio.an.run(SourceFile:2)
12-14 04:23:40.382 W/ErrorProcessor( 2172): 	... 9 more
12-14 04:23:40.382 I/AudioController( 2172): internalShutdown
12-14 04:23:40.388 I/MicroDetector( 2172): Keeping mic open: false
12-14 04:23:40.390 I/MicroDetectionWorker( 2172): #onError(false)
12-14 04:23:40.390 I/DeviceStateChecker( 2172): DeviceStateChecker cancelled
12-14 04:23:40.396 D/EGL_emulation( 1727): eglMakeCurrent: 0x8b0354c0: ver 3 0 (tinfo 0x8b04ddd0)
12-14 04:23:40.398 D/        ( 1727): HostConnection::get() New Host Connection established 0x8aa3cfc0, tid 1744
12-14 04:23:40.399 D/EGL_emulation( 1727): eglMakeCurrent: 0x8b0354c0: ver 3 0 (tinfo 0x8b04ddd0)
12-14 04:23:40.400 D/BoundBrokerSvc( 2240): onUnbind: Intent { act=com.google.android.gms.auth.cryptauth.cryptauthservice.START cmp=com.google.android.gms/.chimera.GmsBoundBrokerService }
12-14 04:23:40.414 D/EGL_emulation( 1727): eglMakeCurrent: 0x8b0354c0: ver 3 0 (tinfo 0x8b04ddd0)
12-14 04:23:40.475 I/chatty  ( 1727): uid=10028(u0_a28) RenderThread identical 8 lines
12-14 04:23:40.484 D/EGL_emulation( 1727): eglMakeCurrent: 0x8b0354c0: ver 3 0 (tinfo 0x8b04ddd0)
12-14 04:23:40.489 I/zygote  ( 2172): Do full code cache collection, code=249KB, data=206KB
12-14 04:23:40.490 I/zygote  ( 2172): After code cache collection, code=239KB, data=162KB
12-14 04:23:40.494 D/EGL_emulation( 1727): eglMakeCurrent: 0x8b0354c0: ver 3 0 (tinfo 0x8b04ddd0)
12-14 04:23:40.505 I/chatty  ( 1727): uid=10028(u0_a28) RenderThread identical 1 line
12-14 04:23:40.521 D/EGL_emulation( 1727): eglMakeCurrent: 0x8b0354c0: ver 3 0 (tinfo 0x8b04ddd0)
12-14 04:23:40.522 E/memtrack( 1627): Couldn't load memtrack module
12-14 04:23:40.522 W/android.os.Debug( 1627): failed to get memory consumption info: -1
12-14 04:23:40.539 D/EGL_emulation( 1727): eglMakeCurrent: 0x8b0354c0: ver 3 0 (tinfo 0x8b04ddd0)
12-14 04:23:40.542 D/EGL_emulation( 1727): eglMakeCurrent: 0x8b0354c0: ver 3 0 (tinfo 0x8b04ddd0)
12-14 04:23:40.620 W/OpenGLRenderer( 2143): Incorrectly called buildLayer on View: ShortcutAndWidgetContainer, destroying layer...
12-14 04:23:40.709 D/OpenGLRenderer( 1627): HWUI GL Pipeline
12-14 04:23:40.715 E/SurfaceFlinger( 1412): ro.sf.lcd_density must be defined as a build property
12-14 04:23:40.751 D/        ( 1627): HostConnection::get() New Host Connection established 0x9bd22a80, tid 3956
12-14 04:23:40.752 I/OpenGLRenderer( 1627): Initialized EGL, version 1.4
12-14 04:23:40.752 D/OpenGLRenderer( 1627): Swap behavior 1
12-14 04:23:40.752 W/OpenGLRenderer( 1627): Failed to choose config with EGL_SWAP_BEHAVIOR_PRESERVED, retrying without...
12-14 04:23:40.752 D/OpenGLRenderer( 1627): Swap behavior 0
12-14 04:23:40.767 D/EGL_emulation( 1627): eglCreateContext: 0xa7bb0a80: maj 3 min 0 rcv 3
12-14 04:23:40.769 D/EGL_emulation( 1627): eglMakeCurrent: 0xa7bb0a80: ver 3 0 (tinfo 0x9bedf2e0)
12-14 04:23:40.769 E/eglCodecCommon( 1627): glUtilsParamSize: unknow param 0x00008cdf
12-14 04:23:40.769 E/eglCodecCommon( 1627): glUtilsParamSize: unknow param 0x00008cdf
12-14 04:23:40.769 E/eglCodecCommon( 1627): glUtilsParamSize: unknow param 0x00008824
12-14 04:23:40.769 E/eglCodecCommon( 1627): glUtilsParamSize: unknow param 0x00008824
12-14 04:23:41.449 D/BoundBrokerSvc( 1944): onUnbind: Intent { act=com.google.android.contextmanager.service.ContextManagerService.START cmp=com.google.android.gms/.chimera.PersistentApiService }
12-14 04:23:42.002 I/qemu-props( 1408): start adbd ...
12-14 04:23:42.162 W/audio_hw_generic( 1388): Not supplying enough data to HAL, expected position 310643 , only wrote 157680
12-14 04:23:43.402 D/BoundBrokerSvc( 1944): onUnbind: Intent { act=com.google.android.gms.pseudonymous.service.START cmp=com.google.android.gms/.chimera.PersistentApiService }
--------- beginning of system
12-14 04:23:43.550 E/TaskPersister( 1627): File error accessing recents directory (directory doesn't exist?).
12-14 04:23:44.607 W/RemoteFillService( 1627): Not handling { when=-6ms what=3 target=com.android.internal.os.HandlerCaller$MyHandler } as service for ComponentInfo{com.google.android.gms/com.google.android.gms.autofill.service.AutofillService} is already destroyed
12-14 04:23:45.392 I/MicroDetectionWorker( 2172): #updateMicroDetector [detectionMode: [mDetectionMode: [1]]]
12-14 04:23:45.392 I/MicroDetectionWorker( 2172): #startMicroDetector [speakerMode: 0]
12-14 04:23:45.393 I/AudioController( 2172): Using mInputStreamFactoryBuilder
12-14 04:23:45.394 I/MicroDetectionWorker( 2172): onReady
12-14 04:23:45.396 I/MicroRecognitionRunner( 2172): Starting detection.
12-14 04:23:45.396 I/MicrophoneInputStream( 2172): mic_starting com.google.android.apps.gsa.staticplugins.aa.c@a78f719
12-14 04:23:45.400 I/AudioFlinger( 1475): AudioFlinger's thread 0xa5683fc0 tid=3960 ready to run
12-14 04:23:45.404 I/MicrophoneInputStream( 2172): mic_started com.google.android.apps.gsa.staticplugins.aa.c@a78f719
12-14 04:23:45.404 E/ActivityThread( 2172): Failed to find provider info for com.google.android.apps.gsa.testing.ui.audio.recorded
12-14 04:23:45.405 I/MicroDetectionWorker( 2172): onReady
12-14 04:23:45.406 I/MicrophoneInputStream( 2172): mic_close com.google.android.apps.gsa.staticplugins.aa.c@a78f719
12-14 04:23:45.406 I/MicroRecognitionRunner( 2172): Detection finished
12-14 04:23:45.407 W/ErrorReporter( 2172): reportError [type: 211, code: 524300]: Error reading from input stream
12-14 04:23:45.407 W/ErrorProcessor( 2172): onFatalError, processing error from engine(4)
12-14 04:23:45.407 W/ErrorProcessor( 2172): com.google.android.apps.gsa.shared.speech.b.g: Error reading from input stream
12-14 04:23:45.407 W/ErrorProcessor( 2172): 	at com.google.android.apps.gsa.staticplugins.recognizer.j.a.a(SourceFile:28)
12-14 04:23:45.407 W/ErrorProcessor( 2172): 	at com.google.android.apps.gsa.staticplugins.recognizer.j.b.run(SourceFile:15)
12-14 04:23:45.407 W/ErrorProcessor( 2172): 	at java.util.concurrent.Executors$RunnableAdapter.call(Executors.java:457)
12-14 04:23:45.407 W/ErrorProcessor( 2172): 	at java.util.concurrent.FutureTask.run(FutureTask.java:266)
12-14 04:23:45.407 W/ErrorProcessor( 2172): 	at com.google.android.apps.gsa.shared.util.concurrent.a.ax.run(SourceFile:14)
12-14 04:23:45.407 W/ErrorProcessor( 2172): 	at com.google.android.apps.gsa.shared.util.concurrent.a.bl.run(SourceFile:4)
12-14 04:23:45.407 W/ErrorProcessor( 2172): 	at com.google.android.apps.gsa.shared.util.concurrent.a.bl.run(SourceFile:4)
12-14 04:23:45.407 W/ErrorProcessor( 2172): 	at java.util.concurrent.ThreadPoolExecutor.runWorker(ThreadPoolExecutor.java:1162)
12-14 04:23:45.407 W/ErrorProcessor( 2172): 	at java.util.concurrent.ThreadPoolExecutor$Worker.run(ThreadPoolExecutor.java:636)
12-14 04:23:45.407 W/ErrorProcessor( 2172): 	at java.lang.Thread.run(Thread.java:764)
12-14 04:23:45.407 W/ErrorProcessor( 2172): 	at com.google.android.apps.gsa.shared.util.concurrent.a.ai.run(SourceFile:6)
12-14 04:23:45.407 W/ErrorProcessor( 2172): Caused by: com.google.android.apps.gsa.shared.exception.GsaIOException: Error code: 393238 | Buffer overflow, no available space.
12-14 04:23:45.407 W/ErrorProcessor( 2172): 	at com.google.android.apps.gsa.speech.audio.Tee.f(SourceFile:103)
12-14 04:23:45.407 W/ErrorProcessor( 2172): 	at com.google.android.apps.gsa.speech.audio.au.read(SourceFile:2)
12-14 04:23:45.407 W/ErrorProcessor( 2172): 	at java.io.InputStream.read(InputStream.java:101)
12-14 04:23:45.407 W/ErrorProcessor( 2172): 	at com.google.android.apps.gsa.speech.audio.ao.run(SourceFile:18)
12-14 04:23:45.407 W/ErrorProcessor( 2172): 	at com.google.android.apps.gsa.speech.audio.an.run(SourceFile:2)
12-14 04:23:45.407 W/ErrorProcessor( 2172): 	... 9 more
12-14 04:23:45.407 I/MicroRecognitionRunner( 2172): Stopping hotword detection.
12-14 04:23:45.407 I/AudioController( 2172): internalShutdown
12-14 04:23:45.408 I/MicroDetector( 2172): Keeping mic open: false
12-14 04:23:45.408 I/MicroDetectionWorker( 2172): #onError(false)
12-14 04:23:45.409 I/DeviceStateChecker( 2172): DeviceStateChecker cancelled
12-14 04:23:46.046 I/ActivityManager( 1627): Killing 2521:com.android.providers.calendar/u0a4 (adj 906): empty #17
12-14 04:23:46.047 I/ContentMaintenance( 2240): Internal cache bytes used: 0; limit: 100000000; download size: 0
12-14 04:23:46.053 I/RealtimeCacheCleanup( 2240): Beginning Realtime garbage collection.
12-14 04:23:46.053 I/RealtimeCacheCleanup( 2240): Finished Realtime garbage collection.
12-14 04:23:46.076 D/hwcomposer( 1395): hw_composer sent 63 syncs in 65s
12-14 04:23:46.106 D/AndroidRuntime( 3964): >>>>>> START com.android.internal.os.RuntimeInit uid 2000 <<<<<<
12-14 04:23:46.139 W/app_process( 3964): Unexpected CPU variant for X86 using defaults: x86
12-14 04:23:46.155 D/AndroidRuntime( 3964): Calling main entry com.android.commands.am.Am
12-14 04:23:46.157 I/ActivityManager( 1627): Force stopping com.evancharlton.mileage appid=10468 user=0: start instr
12-14 04:23:46.157 I/ActivityManager( 1627): Killing 3887:com.evancharlton.mileage/u0a468 (adj 0): stop com.evancharlton.mileage
12-14 04:23:46.160 W/ActivityManager( 1627): Crash of app com.evancharlton.mileage running instrumentation ComponentInfo{com.evancharlton.mileage.test/sh.calaba.instrumentationbackend.CalabashInstrumentationTestRunner}
12-14 04:23:46.160 I/ActivityManager( 1627): Force stopping com.evancharlton.mileage appid=10468 user=0: finished inst
12-14 04:23:46.168 I/zygote  ( 3974): Not late-enabling -Xcheck:jni (already on)
12-14 04:23:46.173 I/ActivityManager( 1627): Start proc 3974:com.evancharlton.mileage/u0a468 for added application com.evancharlton.mileage
12-14 04:23:46.175 W/ActivityManager( 1627): setHasOverlayUi called on unknown pid: 3887
12-14 04:23:46.175 D/AndroidRuntime( 3964): Shutting down VM
12-14 04:23:46.177 W/zygote  ( 3974): Unexpected CPU variant for X86 using defaults: x86
12-14 04:23:46.202 E/adbd    ( 1382): failed to connect to socket 'tcp:7102': Connection refused
12-14 04:23:46.207 W/zygote  ( 3974): Found duplicate classes, falling back to extracting from APK : /data/app/com.evancharlton.mileage.test-YBtTTI9-AbYOwJiaL2jmnA==/base.apk
12-14 04:23:46.207 W/zygote  ( 3974): NOTE: This wastes RAM and hurts startup performance.
12-14 04:23:46.207 W/zygote  ( 3974): Found duplicated class when checking oat files: 'Ljunit/runner/BaseTestRunner;' in /data/app/com.evancharlton.mileage.test-YBtTTI9-AbYOwJiaL2jmnA==/base.apk and /system/framework/android.test.runner.jar
12-14 04:23:46.207 W/zygote  ( 3974): 
12-14 04:23:46.208 E/adbd    ( 1382): failed to connect to socket 'tcp:7102': Connection refused
12-14 04:23:46.235 W/System  ( 3974): ClassLoader referenced unknown path: 
12-14 04:23:46.246 I/System.out( 3974): Main activity name automatically set to: com.evancharlton.mileage.Mileage
12-14 04:23:46.247 I/System.out( 3974): Calabash did not load Mono. This is only a problem if you are trying to test a Mono application
12-14 04:23:46.247 I/calabash( 3974): Test server port: 7102
12-14 04:23:46.249 I/InstrumentationBackend( 3974): Added:'GetPreferences', with key:'get_preferences'
12-14 04:23:46.307 I/InstrumentationBackend( 3974): Added:'SetPreferences', with key:'set_preferences'
12-14 04:23:46.308 I/InstrumentationBackend( 3974): Added:'ClearPreferences', with key:'clear_preferences'
12-14 04:23:46.308 I/InstrumentationBackend( 3974): Added:'PressElement', with key:'press_l10n_element'
12-14 04:23:46.308 I/InstrumentationBackend( 3974): Added:'WaitForElement', with key:'wait_for_l10n_element'
12-14 04:23:46.309 I/InstrumentationBackend( 3974): Added:'NullAction', with key:'nullAction'
12-14 04:23:46.310 I/InstrumentationBackend( 3974): Added:'PressKey', with key:'press_key'
12-14 04:23:46.310 I/InstrumentationBackend( 3974): Added:'SetActivityOrientation', with key:'set_activity_orientation'
12-14 04:23:46.310 I/InstrumentationBackend( 3974): Added:'GetActivityOrientation', with key:'get_activity_orientation'
12-14 04:23:46.311 I/InstrumentationBackend( 3974): Added:'FakeGPSLocation', with key:'set_gps_coordinates'
12-14 04:23:46.312 I/InstrumentationBackend( 3974): Added:'SetPropertyByCssSelector', with key:'set_property_by_css_selector'
12-14 04:23:46.313 I/InstrumentationBackend( 3974): Added:'GetUrl', with key:'get_url'
12-14 04:23:46.316 I/InstrumentationBackend( 3974): Added:'ScrollTo', with key:'scroll_to'
12-14 04:23:46.316 E/adbd    ( 1382): failed to connect to socket 'tcp:7102': Connection refused
12-14 04:23:46.317 I/InstrumentationBackend( 3974): Added:'GetLoadProgress', with key:'get_load_progress'
12-14 04:23:46.319 I/InstrumentationBackend( 3974): Added:'DumpHtml', with key:'dump_html'
12-14 04:23:46.319 E/adbd    ( 1382): failed to connect to socket 'tcp:7102': Connection refused
12-14 04:23:46.319 I/InstrumentationBackend( 3974): Added:'DumpBodyHtml', with key:'dump_body_html'
12-14 04:23:46.320 I/InstrumentationBackend( 3974): Added:'EnterTextByCssSelector', with key:'enter_text_by_selector'
12-14 04:23:46.324 I/InstrumentationBackend( 3974): Added:'AndroidSDKVersion', with key:'android_sdk_version'
12-14 04:23:46.325 I/InstrumentationBackend( 3974): Added:'Version', with key:'version'
12-14 04:23:46.325 I/InstrumentationBackend( 3974): Added:'Drag', with key:'drag'
12-14 04:23:46.325 I/InstrumentationBackend( 3974): Added:'TouchCoordinates', with key:'touch_coordinate'
12-14 04:23:46.325 I/InstrumentationBackend( 3974): Added:'LongPressCoordinate', with key:'long_press_coordinate'
12-14 04:23:46.325 I/InstrumentationBackend( 3974): Added:'DragCoordinates', with key:'drag_coordinates'
12-14 04:23:46.326 I/InstrumentationBackend( 3974): Added:'ResumeApplication', with key:'resume_application'
12-14 04:23:46.326 I/InstrumentationBackend( 3974): Added:'Swipe', with key:'swipe'
12-14 04:23:46.326 I/InstrumentationBackend( 3974): Added:'DoubleTapCoordinate', with key:'double_tap_coordinate'
12-14 04:23:46.326 I/InstrumentationBackend( 3974): Added:'ClickOnScreen', with key:'click_on_screen'
12-14 04:23:46.327 I/InstrumentationBackend( 3974): Added:'GetActivityName', with key:'get_activity_name'
12-14 04:23:46.327 I/InstrumentationBackend( 3974): Added:'ScrollToView', with key:'scroll_to_view'
12-14 04:23:46.328 I/InstrumentationBackend( 3974): Added:'ViewConfiguration', with key:'view_configuration'
12-14 04:23:46.328 I/InstrumentationBackend( 3974): Added:'IsCurrentActivityFocused', with key:'is_current_activity_focused'
12-14 04:23:46.328 I/InstrumentationBackend( 3974): Added:'SendTcp', with key:'send_tcp'
12-14 04:23:46.328 I/InstrumentationBackend( 3974): Added:'DpToDevicePixel', with key:'dp_to_device_pixel'
12-14 04:23:46.329 I/InstrumentationBackend( 3974): Added:'KeyboardEnterText', with key:'keyboard_enter_text'
12-14 04:23:46.329 I/InstrumentationBackend( 3974): Added:'DeleteSurroundingText', with key:'delete_surrounding_text'
12-14 04:23:46.329 I/InstrumentationBackend( 3974): Added:'SetComposingRegion', with key:'set_composing_region'
12-14 04:23:46.330 I/InstrumentationBackend( 3974): Added:'SetSelection', with key:'set_selection'
12-14 04:23:46.330 I/InstrumentationBackend( 3974): Added:'KeyboardKeyEvent', with key:'keyboard_key_event'
12-14 04:23:46.330 I/InstrumentationBackend( 3974): Added:'PressUserActionButton', with key:'press_user_action_button'
12-14 04:23:46.331 I/InstrumentationBackend( 3974): Added:'HideSoftKeyboard', with key:'hide_soft_keyboard'
12-14 04:23:46.333 I/InstrumentationBackend( 3974): Added:'ListActions', with key:'list_actions'
12-14 04:23:46.333 I/calabash( 3974): Instantiating http server at 7102
12-14 04:23:46.336 I/System.out( 3974): HTTP Daemon listening on: 7102
12-14 04:23:46.433 I/System.out( 3974): URI: //ping
12-14 04:23:46.433 I/System.out( 3974): params: {json={}
12-14 04:23:46.433 I/System.out( 3974): }
12-14 04:23:46.446 I/System.out( 3974): URI: //ping
12-14 04:23:46.446 I/System.out( 3974): params: {json={}
12-14 04:23:46.446 I/System.out( 3974): }
12-14 04:23:46.454 I/System.out( 3974): URI: //ready
12-14 04:23:46.454 I/System.out( 3974): params: {json={}
12-14 04:23:46.454 I/System.out( 3974): }
12-14 04:23:46.462 I/System.out( 3974): URI: //
12-14 04:23:46.462 I/System.out( 3974): params: {json={"command":"version","arguments":[]}
12-14 04:23:46.462 I/System.out( 3974): }
12-14 04:23:46.462 I/System.out( 3974): header: {content-type=application/json;charset=utf-8, date=Mon, 14 Dec 2020 09:23:46 GMT, accept=*/*, host=127.0.0.1:34777, content-length=36, user-agent=HTTPClient/1.0 (2.8.3, ruby 2.5.8 (2020-03-31))}
12-14 04:23:46.462 I/System.out( 3974): params: {json={"command":"version","arguments":[]}
12-14 04:23:46.462 I/System.out( 3974): }
12-14 04:23:46.462 I/System.out( 3974): ProP json = {"command":"version","arguments":[]}
12-14 04:23:46.463 I/System.out( 3974): files: {}
12-14 04:23:46.463 I/System.out( 3974): command: {"command":"version","arguments":[]}
12-14 04:23:46.491 I/InstrumentationBackend( 3974): Got command:'Command:'Line:null,version', arguments:'[]'
12-14 04:23:46.537 I/System.out( 3974): result:{"bonusInformation":[],"message":"0.9.8","success":true}
12-14 04:23:46.547 W/zygote  ( 4004): Unexpected CPU variant for X86 using defaults: x86
12-14 04:23:46.548 I/ActivityManager( 1627): Start proc 4004:com.android.providers.calendar/u0a4 for content provider com.android.providers.calendar/.CalendarProvider2
12-14 04:23:46.554 I/System.out( 3974): URI: //start-application
12-14 04:23:46.556 I/System.out( 3974): params: {json={"intent":null}
12-14 04:23:46.556 I/System.out( 3974): }
12-14 04:23:46.579 I/CalendarProvider2( 4004): Created com.android.providers.calendar.CalendarAlarmManager@8ed0591(com.android.providers.calendar.CalendarProvider2@3c3bcf6)
12-14 04:23:46.585 I/ActivityManager( 1627): Killing 3463:com.android.externalstorage/u0a8 (adj 906): empty #17
12-14 04:23:46.623 I/ActivityManager( 1627): START u0 {act=android.intent.action.MAIN cat=[android.intent.category.LAUNCHER] flg=0x10200000 cmp=com.evancharlton.mileage/.Mileage} from uid 10468
12-14 04:23:46.643 I/calabash( 3974): newActivity1
12-14 04:23:46.662 D/gralloc_ranchu( 1394): gralloc_alloc: Creating ashmem region of size 7753728
12-14 04:23:46.698 W/ActivityManager( 1627): Bad activity token: android.os.BinderProxy@b871599
12-14 04:23:46.698 W/ActivityManager( 1627): java.lang.ClassCastException: android.os.BinderProxy cannot be cast to com.android.server.am.ActivityRecord$Token
12-14 04:23:46.698 W/ActivityManager( 1627): 	at com.android.server.am.ActivityRecord.forTokenLocked(ActivityRecord.java:778)
12-14 04:23:46.698 W/ActivityManager( 1627): 	at com.android.server.am.ActivityRecord.isInStackLocked(ActivityRecord.java:2085)
12-14 04:23:46.698 W/ActivityManager( 1627): 	at com.android.server.am.ActivityRecord.getStackLocked(ActivityRecord.java:2090)
12-14 04:23:46.698 W/ActivityManager( 1627): 	at com.android.server.am.ActivityManagerService.getActivityDisplayId(ActivityManagerService.java:10406)
12-14 04:23:46.698 W/ActivityManager( 1627): 	at android.app.IActivityManager$Stub.onTransact(IActivityManager.java:2738)
12-14 04:23:46.698 W/ActivityManager( 1627): 	at com.android.server.am.ActivityManagerService.onTransact(ActivityManagerService.java:2935)
12-14 04:23:46.698 W/ActivityManager( 1627): 	at android.os.Binder.execTransact(Binder.java:674)
12-14 04:23:46.703 I/calabash( 3974): newActivity1
12-14 04:23:46.723 W/ActivityManager( 1627): Bad activity token: android.os.BinderProxy@b871599
12-14 04:23:46.723 W/ActivityManager( 1627): java.lang.ClassCastException: android.os.BinderProxy cannot be cast to com.android.server.am.ActivityRecord$Token
12-14 04:23:46.723 W/ActivityManager( 1627): 	at com.android.server.am.ActivityRecord.forTokenLocked(ActivityRecord.java:778)
12-14 04:23:46.723 W/ActivityManager( 1627): 	at com.android.server.am.ActivityRecord.isInStackLocked(ActivityRecord.java:2085)
12-14 04:23:46.723 W/ActivityManager( 1627): 	at com.android.server.am.ActivityManagerService.setTaskDescription(ActivityManagerService.java:9988)
12-14 04:23:46.723 W/ActivityManager( 1627): 	at android.app.IActivityManager$Stub.onTransact(IActivityManager.java:2824)
12-14 04:23:46.723 W/ActivityManager( 1627): 	at com.android.server.am.ActivityManagerService.onTransact(ActivityManagerService.java:2935)
12-14 04:23:46.723 W/ActivityManager( 1627): 	at android.os.Binder.execTransact(Binder.java:674)
12-14 04:23:46.726 W/ActivityManager( 1627): Bad activity token: android.os.BinderProxy@b871599
12-14 04:23:46.726 W/ActivityManager( 1627): java.lang.ClassCastException: android.os.BinderProxy cannot be cast to com.android.server.am.ActivityRecord$Token
12-14 04:23:46.726 W/ActivityManager( 1627): 	at com.android.server.am.ActivityRecord.forTokenLocked(ActivityRecord.java:778)
12-14 04:23:46.726 W/ActivityManager( 1627): 	at com.android.server.am.ActivityRecord.isInStackLocked(ActivityRecord.java:2085)
12-14 04:23:46.726 W/ActivityManager( 1627): 	at com.android.server.am.ActivityRecord.getStackLocked(ActivityRecord.java:2090)
12-14 04:23:46.726 W/ActivityManager( 1627): 	at com.android.server.am.ActivityManagerService.getActivityStackId(ActivityManagerService.java:10417)
12-14 04:23:46.726 W/ActivityManager( 1627): 	at android.app.IActivityManager$Stub.onTransact(IActivityManager.java:3548)
12-14 04:23:46.726 W/ActivityManager( 1627): 	at com.android.server.am.ActivityManagerService.onTransact(ActivityManagerService.java:2935)
12-14 04:23:46.726 W/ActivityManager( 1627): 	at android.os.Binder.execTransact(Binder.java:674)
12-14 04:23:46.736 E/ContentStoreEUAS( 2172): Failed to commit the deferred actions
12-14 04:23:46.770 D/EGL_emulation( 2172): eglMakeCurrent: 0x9e785b40: ver 3 0 (tinfo 0x9e783850)
12-14 04:23:46.770 D/EGL_emulation( 2143): eglMakeCurrent: 0x9e785540: ver 3 0 (tinfo 0x9e783350)
12-14 04:23:46.784 D/EGL_emulation( 1727): eglMakeCurrent: 0x8b0354c0: ver 3 0 (tinfo 0x8b04ddd0)
12-14 04:23:46.796 I/chatty  ( 1727): uid=10028(u0_a28) RenderThread identical 1 line
12-14 04:23:46.804 D/EGL_emulation( 1727): eglMakeCurrent: 0x8b0354c0: ver 3 0 (tinfo 0x8b04ddd0)
12-14 04:23:46.805 V/StatusBar( 1727): setLightsOn(true)
12-14 04:23:46.813 D/EGL_emulation( 1727): eglMakeCurrent: 0x8b0354c0: ver 3 0 (tinfo 0x8b04ddd0)
12-14 04:23:46.860 W/ActivityManager( 1627): Bad activity token: android.os.BinderProxy@b871599
12-14 04:23:46.860 W/ActivityManager( 1627): java.lang.ClassCastException: android.os.BinderProxy cannot be cast to com.android.server.am.ActivityRecord$Token
12-14 04:23:46.860 W/ActivityManager( 1627): 	at com.android.server.am.ActivityRecord.forTokenLocked(ActivityRecord.java:778)
12-14 04:23:46.860 W/ActivityManager( 1627): 	at com.android.server.am.ActivityRecord.isInStackLocked(ActivityRecord.java:2085)
12-14 04:23:46.860 W/ActivityManager( 1627): 	at com.android.server.am.ActivityManagerService.getActivityOptions(ActivityManagerService.java:13302)
12-14 04:23:46.860 W/ActivityManager( 1627): 	at android.app.IActivityManager$Stub.onTransact(IActivityManager.java:2910)
12-14 04:23:46.860 W/ActivityManager( 1627): 	at com.android.server.am.ActivityManagerService.onTransact(ActivityManagerService.java:2935)
12-14 04:23:46.860 W/ActivityManager( 1627): 	at android.os.Binder.execTransact(Binder.java:674)
12-14 04:23:46.862 W/ActivityManager( 1627): Bad activity token: android.os.BinderProxy@b871599
12-14 04:23:46.862 W/ActivityManager( 1627): java.lang.ClassCastException: android.os.BinderProxy cannot be cast to com.android.server.am.ActivityRecord$Token
12-14 04:23:46.862 W/ActivityManager( 1627): 	at com.android.server.am.ActivityRecord.forTokenLocked(ActivityRecord.java:778)
12-14 04:23:46.862 W/ActivityManager( 1627): 	at com.android.server.am.ActivityRecord.isInStackLocked(ActivityRecord.java:2085)
12-14 04:23:46.862 W/ActivityManager( 1627): 	at com.android.server.am.ActivityManagerService.getActivityOptions(ActivityManagerService.java:13302)
12-14 04:23:46.862 W/ActivityManager( 1627): 	at android.app.IActivityManager$Stub.onTransact(IActivityManager.java:2910)
12-14 04:23:46.862 W/ActivityManager( 1627): 	at com.android.server.am.ActivityManagerService.onTransact(ActivityManagerService.java:2935)
12-14 04:23:46.862 W/ActivityManager( 1627): 	at android.os.Binder.execTransact(Binder.java:674)
12-14 04:23:46.965 I/chatty  ( 1727): uid=10028(u0_a28) RenderThread identical 18 lines
12-14 04:23:46.970 D/EGL_emulation( 1727): eglMakeCurrent: 0x8b0354c0: ver 3 0 (tinfo 0x8b04ddd0)
12-14 04:23:46.973 V/StatusBar( 1727): setLightsOn(true)
12-14 04:23:46.979 D/EGL_emulation( 1727): eglMakeCurrent: 0x8b0354c0: ver 3 0 (tinfo 0x8b04ddd0)
12-14 04:23:47.007 I/zygote  ( 3974): Do partial code cache collection, code=28KB, data=30KB
12-14 04:23:47.008 I/zygote  ( 3974): After code cache collection, code=28KB, data=30KB
12-14 04:23:47.008 I/zygote  ( 3974): Increasing code cache capacity to 128KB
12-14 04:23:47.009 I/zygote  ( 3974): Do partial code cache collection, code=28KB, data=48KB
12-14 04:23:47.009 I/zygote  ( 3974): After code cache collection, code=28KB, data=48KB
12-14 04:23:47.009 I/zygote  ( 3974): Increasing code cache capacity to 256KB
12-14 04:23:47.009 I/zygote  ( 3974): JIT allocated 71KB for compiled code of void android.widget.TextView.<init>(android.content.Context, android.util.AttributeSet, int, int)
12-14 04:23:47.009 I/zygote  ( 3974): Compiler allocated 4MB to compile void android.widget.TextView.<init>(android.content.Context, android.util.AttributeSet, int, int)
12-14 04:23:47.026 V/StatusBar( 1727): setLightsOn(true)
12-14 04:23:47.054 V/StatusBar( 1727): setLightsOn(true)
12-14 04:23:47.109 D/gralloc_ranchu( 1394): gralloc_alloc: Creating ashmem region of size 7753728
12-14 04:23:47.131 D/        ( 3974): HostConnection::get() New Host Connection established 0x9bbb0f00, tid 3974
12-14 04:23:47.183 V/StatusBar( 1727): setLightsOn(true)
12-14 04:23:47.185 V/StatusBar( 1727): setLightsOn(true)
12-14 04:23:47.188 I/ActivityManager( 1627): Displayed com.evancharlton.mileage/.Mileage: +554ms
12-14 04:23:47.190 V/StatusBar( 1727): setLightsOn(true)
12-14 04:23:47.203 V/StatusBar( 1727): setLightsOn(true)
12-14 04:23:47.225 D/gralloc_ranchu( 1394): gralloc_alloc: Creating ashmem region of size 7753728
12-14 04:23:47.228 I/zygote  ( 3974): Do full code cache collection, code=125KB, data=71KB
12-14 04:23:47.229 I/zygote  ( 3974): After code cache collection, code=106KB, data=43KB
12-14 04:23:47.384 V/StatusBar( 1727): setLightsOn(true)
12-14 04:23:47.436 I/System.out( 3974): URI: //map
12-14 04:23:47.436 I/System.out( 3974): params: {json={"query":"android.widget.CheckBox index:0","operation":{"method_name":"query","arguments":[]}}
12-14 04:23:47.436 I/System.out( 3974): }
12-14 04:23:47.496 V/StatusBar( 1727): setLightsOn(true)
12-14 04:23:47.497 I/chatty  ( 1727): uid=10028(u0_a28) com.android.systemui identical 1 line
12-14 04:23:47.515 V/StatusBar( 1727): setLightsOn(true)
12-14 04:23:47.527 W/SurfaceFlinger( 1412): couldn't log to binary event log: overflow.
12-14 04:23:47.564 I/System.out( 3974): URI: //gesture
12-14 04:23:47.564 I/System.out( 3974): params: {json={"query_timeout":5.0,"gestures":[{"query_string":"android.widget.CheckBox index:0","touches":[{"x":50,"y":50,"offset_x":0,"offset_y":0,"wait":0.0,"time":0.2,"release":true,"query_string":null}]}]}
12-14 04:23:47.564 I/System.out( 3974): }
12-14 04:23:47.582 I/zygote  ( 3974): Do partial code cache collection, code=124KB, data=56KB
12-14 04:23:47.582 I/zygote  ( 3974): After code cache collection, code=124KB, data=56KB
12-14 04:23:47.582 I/zygote  ( 3974): Increasing code cache capacity to 512KB
12-14 04:23:47.613 I/PBSessionCacheImpl( 2172): Deleted sessionId[13004060481306] from persistence.
12-14 04:23:47.645 W/SearchService( 2172): Abort, client detached.
12-14 04:23:47.647 I/ActivityManager( 1627): Killing 3477:com.google.android.apps.messaging:rcs/u0a66 (adj 906): empty #17
12-14 04:23:47.655 E/BatteryStatsService( 1627): modem info is invalid: ModemActivityInfo{ mTimestamp=0 mSleepTimeMs=0 mIdleTimeMs=0 mTxTimeMs[]=[0, 0, 0, 0, 0] mRxTimeMs=0 mEnergyUsed=0}
12-14 04:23:47.715 V/StatusBar( 1727): setLightsOn(true)
12-14 04:23:47.840 W/audio_hw_generic( 1388): Not supplying enough data to HAL, expected position 157975 , only wrote 157680
12-14 04:23:48.065 E/SurfaceFlinger( 1412): ro.sf.lcd_density must be defined as a build property
12-14 04:23:48.073 D/gralloc_ranchu( 1394): gralloc_alloc: Creating ashmem region of size 8298496
12-14 04:23:48.082 D/        ( 4033): HostConnection::get() New Host Connection established 0xb342f800, tid 4033
12-14 04:23:48.211 D/gralloc_ranchu( 1394): gralloc_alloc: Creating ashmem region of size 7753728
12-14 04:23:48.451 I/System.out( 3974): URI: //map
12-14 04:23:48.451 I/System.out( 3974): params: {json={"query":"android.widget.CheckBox index:0","operation":{"method_name":"query","arguments":[]}}
12-14 04:23:48.451 I/System.out( 3974): }
12-14 04:23:48.549 I/System.out( 3974): URI: //gesture
12-14 04:23:48.549 I/System.out( 3974): params: {json={"query_timeout":5.0,"gestures":[{"query_string":"android.widget.CheckBox index:0","touches":[{"x":50,"y":50,"offset_x":0,"offset_y":0,"wait":0.0,"time":0.2,"release":true,"query_string":null}]}]}
12-14 04:23:48.549 I/System.out( 3974): }
12-14 04:23:48.799 D/BoundBrokerSvc( 1944): onUnbind: Intent { act=com.google.android.gms.phenotype.service.START cmp=com.google.android.gms/.chimera.PersistentApiService }
12-14 04:23:49.003 E/SurfaceFlinger( 1412): ro.sf.lcd_density must be defined as a build property
12-14 04:23:49.012 D/gralloc_ranchu( 1394): gralloc_alloc: Creating ashmem region of size 8298496
12-14 04:23:49.025 D/        ( 4041): HostConnection::get() New Host Connection established 0xac4af800, tid 4041
