--------- beginning of main
12-14 04:24:03.407 E/memtrack( 1627): Couldn't load memtrack module
12-14 04:24:03.407 W/android.os.Debug( 1627): failed to get memory consumption info: -1
12-14 04:24:03.520 I/NetworkScheduler.Stats( 1944): Task com.google.android.gms/com.google.android.gms.icing.service.IcingGcmTaskService started execution. cause:4 exec_start_elapsed_seconds: 84 [CONTEXT service_id=218 ]
12-14 04:24:03.538 I/NetworkScheduler.Stats( 1944): Task com.google.android.gms/com.google.android.gms.icing.service.IcingGcmTaskService finished executing. cause:4 result: 1 elapsed_millis: 72 uptime_millis: 72 exec_start_elapsed_seconds: 84 [CONTEXT service_id=218 ]
12-14 04:24:03.669 I/NetworkScheduler.Stats( 1944): Task com.google.android.gms/com.google.android.gms.clearcut.uploader.QosUploaderService started execution. cause:5 exec_start_elapsed_seconds: 84 [CONTEXT service_id=218 ]
12-14 04:24:03.684 I/NetworkScheduler.Stats( 1944): Task com.google.android.gms/com.google.android.gms.clearcut.uploader.QosUploaderService finished executing. cause:5 result: 1 elapsed_millis: 68 uptime_millis: 68 exec_start_elapsed_seconds: 84 [CONTEXT service_id=218 ]
12-14 04:24:03.770 I/NetworkScheduler.Stats( 1944): Task com.google.android.gms/com.google.android.gms.ads.social.GcmSchedulerWakeupService started execution. cause:5 exec_start_elapsed_seconds: 84 [CONTEXT service_id=218 ]
12-14 04:24:03.785 I/NetworkScheduler.Stats( 1944): Task com.google.android.gms/com.google.android.gms.ads.social.GcmSchedulerWakeupService finished executing. cause:5 result: 1 elapsed_millis: 55 uptime_millis: 55 exec_start_elapsed_seconds: 84 [CONTEXT service_id=218 ]
12-14 04:24:03.800 D/AndroidRuntime( 4141): >>>>>> START com.android.internal.os.RuntimeInit uid 2000 <<<<<<
12-14 04:24:03.840 W/app_process( 4141): Unexpected CPU variant for X86 using defaults: x86
12-14 04:24:03.862 D/AndroidRuntime( 4141): Calling main entry com.android.commands.am.Am
12-14 04:24:03.879 D/AndroidRuntime( 4141): Shutting down VM
12-14 04:24:03.884 E/memtrack( 1627): Couldn't load memtrack module
12-14 04:24:03.884 W/android.os.Debug( 1627): failed to get memory consumption info: -1
12-14 04:24:03.886 I/zygote  ( 4153): Not late-enabling -Xcheck:jni (already on)
12-14 04:24:03.905 W/zygote  ( 4153): Unexpected CPU variant for X86 using defaults: x86
12-14 04:24:03.907 E/adbd    ( 1382): failed to connect to socket 'tcp:7102': Connection refused
12-14 04:24:03.911 E/adbd    ( 1382): failed to connect to socket 'tcp:7102': Connection refused
12-14 04:24:03.934 W/zygote  ( 4153): Found duplicate classes, falling back to extracting from APK : /data/app/com.evancharlton.mileage.test-YBtTTI9-AbYOwJiaL2jmnA==/base.apk
12-14 04:24:03.934 W/zygote  ( 4153): NOTE: This wastes RAM and hurts startup performance.
12-14 04:24:03.934 W/zygote  ( 4153): Found duplicated class when checking oat files: 'Ljunit/runner/BaseTestRunner;' in /data/app/com.evancharlton.mileage.test-YBtTTI9-AbYOwJiaL2jmnA==/base.apk and /system/framework/android.test.runner.jar
12-14 04:24:03.934 W/zygote  ( 4153): 
12-14 04:24:03.969 W/System  ( 4153): ClassLoader referenced unknown path: 
12-14 04:24:03.984 I/System.out( 4153): Main activity name automatically set to: com.evancharlton.mileage.Mileage
12-14 04:24:03.985 I/System.out( 4153): Calabash did not load Mono. This is only a problem if you are trying to test a Mono application
12-14 04:24:03.985 I/calabash( 4153): Test server port: 7102
12-14 04:24:03.989 I/InstrumentationBackend( 4153): Added:'GetPreferences', with key:'get_preferences'
12-14 04:24:04.015 E/adbd    ( 1382): failed to connect to socket 'tcp:7102': Connection refused
12-14 04:24:04.018 E/adbd    ( 1382): failed to connect to socket 'tcp:7102': Connection refused
12-14 04:24:04.065 I/InstrumentationBackend( 4153): Added:'SetPreferences', with key:'set_preferences'
12-14 04:24:04.066 I/InstrumentationBackend( 4153): Added:'ClearPreferences', with key:'clear_preferences'
12-14 04:24:04.066 I/InstrumentationBackend( 4153): Added:'PressElement', with key:'press_l10n_element'
12-14 04:24:04.066 I/InstrumentationBackend( 4153): Added:'WaitForElement', with key:'wait_for_l10n_element'
12-14 04:24:04.067 I/InstrumentationBackend( 4153): Added:'NullAction', with key:'nullAction'
12-14 04:24:04.067 I/InstrumentationBackend( 4153): Added:'PressKey', with key:'press_key'
12-14 04:24:04.067 I/InstrumentationBackend( 4153): Added:'SetActivityOrientation', with key:'set_activity_orientation'
12-14 04:24:04.068 I/InstrumentationBackend( 4153): Added:'GetActivityOrientation', with key:'get_activity_orientation'
12-14 04:24:04.068 I/InstrumentationBackend( 4153): Added:'FakeGPSLocation', with key:'set_gps_coordinates'
12-14 04:24:04.068 I/InstrumentationBackend( 4153): Added:'SetPropertyByCssSelector', with key:'set_property_by_css_selector'
12-14 04:24:04.069 I/InstrumentationBackend( 4153): Added:'GetUrl', with key:'get_url'
12-14 04:24:04.071 I/InstrumentationBackend( 4153): Added:'ScrollTo', with key:'scroll_to'
12-14 04:24:04.072 I/InstrumentationBackend( 4153): Added:'GetLoadProgress', with key:'get_load_progress'
12-14 04:24:04.073 I/InstrumentationBackend( 4153): Added:'DumpHtml', with key:'dump_html'
12-14 04:24:04.074 I/InstrumentationBackend( 4153): Added:'DumpBodyHtml', with key:'dump_body_html'
12-14 04:24:04.074 I/InstrumentationBackend( 4153): Added:'EnterTextByCssSelector', with key:'enter_text_by_selector'
12-14 04:24:04.080 I/InstrumentationBackend( 4153): Added:'AndroidSDKVersion', with key:'android_sdk_version'
12-14 04:24:04.081 I/InstrumentationBackend( 4153): Added:'Version', with key:'version'
12-14 04:24:04.082 I/InstrumentationBackend( 4153): Added:'Drag', with key:'drag'
12-14 04:24:04.082 I/InstrumentationBackend( 4153): Added:'TouchCoordinates', with key:'touch_coordinate'
12-14 04:24:04.082 I/InstrumentationBackend( 4153): Added:'LongPressCoordinate', with key:'long_press_coordinate'
12-14 04:24:04.083 I/InstrumentationBackend( 4153): Added:'DragCoordinates', with key:'drag_coordinates'
12-14 04:24:04.083 I/InstrumentationBackend( 4153): Added:'ResumeApplication', with key:'resume_application'
12-14 04:24:04.084 I/InstrumentationBackend( 4153): Added:'Swipe', with key:'swipe'
12-14 04:24:04.084 I/InstrumentationBackend( 4153): Added:'DoubleTapCoordinate', with key:'double_tap_coordinate'
12-14 04:24:04.085 I/InstrumentationBackend( 4153): Added:'ClickOnScreen', with key:'click_on_screen'
12-14 04:24:04.086 I/InstrumentationBackend( 4153): Added:'GetActivityName', with key:'get_activity_name'
12-14 04:24:04.087 I/InstrumentationBackend( 4153): Added:'ScrollToView', with key:'scroll_to_view'
12-14 04:24:04.087 I/InstrumentationBackend( 4153): Added:'ViewConfiguration', with key:'view_configuration'
12-14 04:24:04.088 I/InstrumentationBackend( 4153): Added:'IsCurrentActivityFocused', with key:'is_current_activity_focused'
12-14 04:24:04.088 I/InstrumentationBackend( 4153): Added:'SendTcp', with key:'send_tcp'
12-14 04:24:04.089 I/InstrumentationBackend( 4153): Added:'DpToDevicePixel', with key:'dp_to_device_pixel'
12-14 04:24:04.090 I/InstrumentationBackend( 4153): Added:'KeyboardEnterText', with key:'keyboard_enter_text'
12-14 04:24:04.091 I/InstrumentationBackend( 4153): Added:'DeleteSurroundingText', with key:'delete_surrounding_text'
12-14 04:24:04.091 I/InstrumentationBackend( 4153): Added:'SetComposingRegion', with key:'set_composing_region'
12-14 04:24:04.092 I/InstrumentationBackend( 4153): Added:'SetSelection', with key:'set_selection'
12-14 04:24:04.093 I/InstrumentationBackend( 4153): Added:'KeyboardKeyEvent', with key:'keyboard_key_event'
12-14 04:24:04.094 I/InstrumentationBackend( 4153): Added:'PressUserActionButton', with key:'press_user_action_button'
12-14 04:24:04.095 I/InstrumentationBackend( 4153): Added:'HideSoftKeyboard', with key:'hide_soft_keyboard'
12-14 04:24:04.097 I/InstrumentationBackend( 4153): Added:'ListActions', with key:'list_actions'
12-14 04:24:04.097 I/calabash( 4153): Instantiating http server at 7102
12-14 04:24:04.098 I/System.out( 4153): HTTP Daemon listening on: 7102
12-14 04:24:04.129 I/System.out( 4153): URI: //ping
12-14 04:24:04.129 I/System.out( 4153): params: {json={}
12-14 04:24:04.129 I/System.out( 4153): }
12-14 04:24:04.137 I/System.out( 4153): URI: //ping
12-14 04:24:04.137 I/System.out( 4153): params: {json={}
12-14 04:24:04.137 I/System.out( 4153): }
12-14 04:24:04.144 I/System.out( 4153): URI: //ready
12-14 04:24:04.144 I/System.out( 4153): params: {json={}
12-14 04:24:04.144 I/System.out( 4153): }
12-14 04:24:04.151 I/System.out( 4153): URI: //
12-14 04:24:04.151 I/System.out( 4153): params: {json={"command":"version","arguments":[]}
12-14 04:24:04.151 I/System.out( 4153): }
12-14 04:24:04.151 I/System.out( 4153): header: {content-type=application/json;charset=utf-8, date=Mon, 14 Dec 2020 09:24:04 GMT, accept=*/*, host=127.0.0.1:34777, content-length=36, user-agent=HTTPClient/1.0 (2.8.3, ruby 2.5.8 (2020-03-31))}
12-14 04:24:04.151 I/System.out( 4153): params: {json={"command":"version","arguments":[]}
12-14 04:24:04.151 I/System.out( 4153): }
12-14 04:24:04.151 I/System.out( 4153): ProP json = {"command":"version","arguments":[]}
12-14 04:24:04.151 I/System.out( 4153): files: {}
12-14 04:24:04.152 I/System.out( 4153): command: {"command":"version","arguments":[]}
12-14 04:24:04.189 I/InstrumentationBackend( 4153): Got command:'Command:'Line:null,version', arguments:'[]'
12-14 04:24:04.238 I/System.out( 4153): result:{"bonusInformation":[],"message":"0.9.8","success":true}
12-14 04:24:04.245 I/System.out( 4153): URI: //start-application
12-14 04:24:04.245 I/System.out( 4153): params: {json={"intent":null}
12-14 04:24:04.245 I/System.out( 4153): }
12-14 04:24:04.312 I/calabash( 4153): newActivity1
12-14 04:24:04.339 D/gralloc_ranchu( 1394): gralloc_alloc: Creating ashmem region of size 7753728
12-14 04:24:04.355 I/calabash( 4153): newActivity1
12-14 04:24:04.385 D/EGL_emulation( 2172): eglMakeCurrent: 0x9e785b40: ver 3 0 (tinfo 0x9e783850)
12-14 04:24:04.395 V/StatusBar( 1727): setLightsOn(true)
12-14 04:24:04.399 D/EGL_emulation( 2143): eglMakeCurrent: 0x9e785540: ver 3 0 (tinfo 0x9e783350)
12-14 04:24:04.413 D/EGL_emulation( 1727): eglMakeCurrent: 0x8b0354c0: ver 3 0 (tinfo 0x8b04ddd0)
12-14 04:24:04.414 V/StatusBar( 1727): setLightsOn(true)
12-14 04:24:04.432 D/EGL_emulation( 1727): eglMakeCurrent: 0x8b0354c0: ver 3 0 (tinfo 0x8b04ddd0)
12-14 04:24:04.435 D/EGL_emulation( 1727): eglMakeCurrent: 0x8b0354c0: ver 3 0 (tinfo 0x8b04ddd0)
12-14 04:24:04.436 V/StatusBar( 1727): setLightsOn(true)
12-14 04:24:04.439 D/EGL_emulation( 1727): eglMakeCurrent: 0x8b0354c0: ver 3 0 (tinfo 0x8b04ddd0)
12-14 04:24:04.441 E/ContentStoreEUAS( 2172): Failed to commit the deferred actions
12-14 04:24:04.461 D/EGL_emulation( 1727): eglMakeCurrent: 0x8b0354c0: ver 3 0 (tinfo 0x8b04ddd0)
12-14 04:24:04.497 I/chatty  ( 1727): uid=10028(u0_a28) RenderThread identical 5 lines
12-14 04:24:04.512 D/EGL_emulation( 1727): eglMakeCurrent: 0x8b0354c0: ver 3 0 (tinfo 0x8b04ddd0)
12-14 04:24:04.521 E/WifiVendorHal( 1627): getTxPktFates(l.1941) failed {.code = ERROR_NOT_SUPPORTED, .description = }
12-14 04:24:04.523 D/EGL_emulation( 1727): eglMakeCurrent: 0x8b0354c0: ver 3 0 (tinfo 0x8b04ddd0)
12-14 04:24:04.527 E/WifiVendorHal( 1627): getRxPktFates(l.1981) failed {.code = ERROR_NOT_SUPPORTED, .description = }
12-14 04:24:04.529 D/EGL_emulation( 1727): eglMakeCurrent: 0x8b0354c0: ver 3 0 (tinfo 0x8b04ddd0)
12-14 04:24:04.598 I/chatty  ( 1727): uid=10028(u0_a28) RenderThread identical 7 lines
12-14 04:24:04.609 D/EGL_emulation( 1727): eglMakeCurrent: 0x8b0354c0: ver 3 0 (tinfo 0x8b04ddd0)
12-14 04:24:04.611 V/StatusBar( 1727): setLightsOn(true)
12-14 04:24:04.614 D/EGL_emulation( 1727): eglMakeCurrent: 0x8b0354c0: ver 3 0 (tinfo 0x8b04ddd0)
12-14 04:24:04.647 V/StatusBar( 1727): setLightsOn(true)
12-14 04:24:04.652 I/chatty  ( 1727): uid=10028(u0_a28) com.android.systemui identical 1 line
12-14 04:24:04.670 V/StatusBar( 1727): setLightsOn(true)
12-14 04:24:04.699 I/zygote  ( 4153): Do partial code cache collection, code=27KB, data=30KB
12-14 04:24:04.700 I/zygote  ( 4153): After code cache collection, code=27KB, data=30KB
12-14 04:24:04.700 I/zygote  ( 4153): Increasing code cache capacity to 128KB
12-14 04:24:04.704 D/gralloc_ranchu( 1394): gralloc_alloc: Creating ashmem region of size 7753728
12-14 04:24:04.705 I/zygote  ( 4153): Do partial code cache collection, code=27KB, data=48KB
12-14 04:24:04.705 I/zygote  ( 4153): After code cache collection, code=27KB, data=48KB
12-14 04:24:04.705 I/zygote  ( 4153): Increasing code cache capacity to 256KB
12-14 04:24:04.706 I/zygote  ( 4153): JIT allocated 71KB for compiled code of void android.widget.TextView.<init>(android.content.Context, android.util.AttributeSet, int, int)
12-14 04:24:04.706 I/zygote  ( 4153): Compiler allocated 4MB to compile void android.widget.TextView.<init>(android.content.Context, android.util.AttributeSet, int, int)
12-14 04:24:04.736 D/        ( 4153): HostConnection::get() New Host Connection established 0x9bbb0c40, tid 4153
12-14 04:24:04.819 V/StatusBar( 1727): setLightsOn(true)
12-14 04:24:04.826 V/StatusBar( 1727): setLightsOn(true)
12-14 04:24:04.836 I/ActivityManager( 1627): Displayed com.evancharlton.mileage/.Mileage: +518ms
12-14 04:24:04.852 D/gralloc_ranchu( 1394): gralloc_alloc: Creating ashmem region of size 7753728
12-14 04:24:04.853 V/StatusBar( 1727): setLightsOn(true)
12-14 04:24:05.123 I/chatty  ( 1727): uid=10028(u0_a28) com.android.systemui identical 5 lines
12-14 04:24:05.137 V/StatusBar( 1727): setLightsOn(true)
12-14 04:24:05.150 W/SurfaceFlinger( 1412): couldn't log to binary event log: overflow.
12-14 04:24:05.185 I/System.out( 4153): URI: //kill
12-14 04:24:05.185 I/System.out( 4153): params: {json={}
12-14 04:24:05.185 I/System.out( 4153): }
12-14 04:24:05.185 I/System.out( 4153): Stopping test server
12-14 04:24:05.190 E/adbd    ( 1382): failed to connect to socket 'tcp:7102': Connection refused
12-14 04:24:05.193 E/adbd    ( 1382): failed to connect to socket 'tcp:7102': Connection refused
12-14 04:24:05.216 V/StatusBar( 1727): setLightsOn(true)
12-14 04:24:05.239 I/chatty  ( 1727): uid=10028(u0_a28) com.android.systemui identical 3 lines
12-14 04:24:05.242 V/StatusBar( 1727): setLightsOn(true)
12-14 04:24:05.243 I/zygote  ( 4153): Do full code cache collection, code=124KB, data=72KB
12-14 04:24:05.244 I/zygote  ( 4153): After code cache collection, code=110KB, data=46KB
12-14 04:24:05.245 D/gralloc_ranchu( 1394): gralloc_alloc: Creating ashmem region of size 8298496
12-14 04:24:05.266 I/chatty  ( 1394): uid=1000(system) allocator@2.0-s identical 1 line
12-14 04:24:05.288 D/gralloc_ranchu( 1394): gralloc_alloc: Creating ashmem region of size 8298496
12-14 04:24:05.301 D/SurfaceFlinger( 1412): duplicate layer name: changing com.google.android.apps.nexuslauncher/com.google.android.apps.nexuslauncher.NexusLauncherActivity to com.google.android.apps.nexuslauncher/com.google.android.apps.nexuslauncher.NexusLauncherActivity#1
12-14 04:24:05.309 D/gralloc_ranchu( 1394): gralloc_alloc: Creating ashmem region of size 8298496
12-14 04:24:05.358 D/EGL_emulation( 2172): eglMakeCurrent: 0x9e785b40: ver 3 0 (tinfo 0x9e783850)
12-14 04:24:05.359 D/EGL_emulation( 1727): eglMakeCurrent: 0x8b0354c0: ver 3 0 (tinfo 0x8b04ddd0)
12-14 04:24:05.359 D/gralloc_ranchu( 1394): gralloc_alloc: Creating ashmem region of size 8298496
12-14 04:24:05.420 I/MicroDetectionWorker( 2172): #updateMicroDetector [detectionMode: [mDetectionMode: [1]]]
12-14 04:24:05.420 I/MicroDetectionWorker( 2172): #startMicroDetector [speakerMode: 0]
12-14 04:24:05.420 I/AudioController( 2172): Using mInputStreamFactoryBuilder
12-14 04:24:05.421 D/gralloc_ranchu( 1394): gralloc_alloc: Creating ashmem region of size 8298496
12-14 04:24:05.424 I/MicroDetectionWorker( 2172): onReady
12-14 04:24:05.429 I/MicroRecognitionRunner( 2172): Starting detection.
12-14 04:24:05.430 I/MicrophoneInputStream( 2172): mic_starting com.google.android.apps.gsa.staticplugins.aa.c@8b0536e
12-14 04:24:05.436 I/AudioFlinger( 1475): AudioFlinger's thread 0xa58aaec0 tid=4203 ready to run
12-14 04:24:05.443 I/MicrophoneInputStream( 2172): mic_started com.google.android.apps.gsa.staticplugins.aa.c@8b0536e
12-14 04:24:05.445 I/MicroDetectionWorker( 2172): onReady
12-14 04:24:05.454 I/MicrophoneInputStream( 2172): mic_close com.google.android.apps.gsa.staticplugins.aa.c@8b0536e
12-14 04:24:05.455 I/MicroRecognitionRunner( 2172): Detection finished
12-14 04:24:05.455 W/ErrorReporter( 2172): reportError [type: 211, code: 524300]: Error reading from input stream
12-14 04:24:05.456 I/MicroRecognitionRunner( 2172): Stopping hotword detection.
12-14 04:24:05.457 W/ErrorProcessor( 2172): onFatalError, processing error from engine(4)
12-14 04:24:05.457 W/ErrorProcessor( 2172): com.google.android.apps.gsa.shared.speech.b.g: Error reading from input stream
12-14 04:24:05.457 W/ErrorProcessor( 2172): 	at com.google.android.apps.gsa.staticplugins.recognizer.j.a.a(SourceFile:28)
12-14 04:24:05.457 W/ErrorProcessor( 2172): 	at com.google.android.apps.gsa.staticplugins.recognizer.j.b.run(SourceFile:15)
12-14 04:24:05.457 W/ErrorProcessor( 2172): 	at java.util.concurrent.Executors$RunnableAdapter.call(Executors.java:457)
12-14 04:24:05.457 W/ErrorProcessor( 2172): 	at java.util.concurrent.FutureTask.run(FutureTask.java:266)
12-14 04:24:05.457 W/ErrorProcessor( 2172): 	at com.google.android.apps.gsa.shared.util.concurrent.a.ax.run(SourceFile:14)
12-14 04:24:05.457 W/ErrorProcessor( 2172): 	at com.google.android.apps.gsa.shared.util.concurrent.a.bl.run(SourceFile:4)
12-14 04:24:05.457 W/ErrorProcessor( 2172): 	at com.google.android.apps.gsa.shared.util.concurrent.a.bl.run(SourceFile:4)
12-14 04:24:05.457 W/ErrorProcessor( 2172): 	at java.util.concurrent.ThreadPoolExecutor.runWorker(ThreadPoolExecutor.java:1162)
12-14 04:24:05.457 W/ErrorProcessor( 2172): 	at java.util.concurrent.ThreadPoolExecutor$Worker.run(ThreadPoolExecutor.java:636)
12-14 04:24:05.457 W/ErrorProcessor( 2172): 	at java.lang.Thread.run(Thread.java:764)
12-14 04:24:05.457 W/ErrorProcessor( 2172): 	at com.google.android.apps.gsa.shared.util.concurrent.a.ai.run(SourceFile:6)
12-14 04:24:05.457 W/ErrorProcessor( 2172): Caused by: com.google.android.apps.gsa.shared.exception.GsaIOException: Error code: 393238 | Buffer overflow, no available space.
12-14 04:24:05.457 W/ErrorProcessor( 2172): 	at com.google.android.apps.gsa.speech.audio.Tee.f(SourceFile:103)
12-14 04:24:05.457 W/ErrorProcessor( 2172): 	at com.google.android.apps.gsa.speech.audio.au.read(SourceFile:2)
12-14 04:24:05.457 W/ErrorProcessor( 2172): 	at java.io.InputStream.read(InputStream.java:101)
12-14 04:24:05.457 W/ErrorProcessor( 2172): 	at com.google.android.apps.gsa.speech.audio.ao.run(SourceFile:18)
12-14 04:24:05.457 W/ErrorProcessor( 2172): 	at com.google.android.apps.gsa.speech.audio.an.run(SourceFile:2)
12-14 04:24:05.457 W/ErrorProcessor( 2172): 	... 9 more
12-14 04:24:05.457 I/AudioController( 2172): internalShutdown
12-14 04:24:05.460 I/MicroDetector( 2172): Keeping mic open: false
12-14 04:24:05.460 I/MicroDetectionWorker( 2172): #onError(false)
12-14 04:24:05.460 I/DeviceStateChecker( 2172): DeviceStateChecker cancelled
12-14 04:24:05.518 D/EGL_emulation( 2143): eglMakeCurrent: 0x9e785540: ver 3 0 (tinfo 0x9e783350)
12-14 04:24:05.543 D/gralloc_ranchu( 1394): gralloc_alloc: Creating ashmem region of size 7753728
12-14 04:24:05.621 D/EGL_emulation( 1727): eglMakeCurrent: 0x8b0354c0: ver 3 0 (tinfo 0x8b04ddd0)
12-14 04:24:05.623 E/memtrack( 1627): Couldn't load memtrack module
12-14 04:24:05.623 W/android.os.Debug( 1627): failed to get memory consumption info: -1
12-14 04:24:05.626 D/        ( 1727): HostConnection::get() New Host Connection established 0x9e7ad800, tid 1982
12-14 04:24:05.649 D/EGL_emulation( 1727): eglMakeCurrent: 0x8b0354c0: ver 3 0 (tinfo 0x8b04ddd0)
12-14 04:24:05.827 I/chatty  ( 1727): uid=10028(u0_a28) RenderThread identical 18 lines
12-14 04:24:05.831 D/EGL_emulation( 1727): eglMakeCurrent: 0x8b0354c0: ver 3 0 (tinfo 0x8b04ddd0)
12-14 04:24:05.838 E/memtrack( 1627): Couldn't load memtrack module
12-14 04:24:05.838 W/android.os.Debug( 1627): failed to get memory consumption info: -1
12-14 04:24:05.849 D/EGL_emulation( 1727): eglMakeCurrent: 0x8b0354c0: ver 3 0 (tinfo 0x8b04ddd0)
12-14 04:24:05.879 D/EGL_emulation( 1727): eglMakeCurrent: 0x8b0354c0: ver 3 0 (tinfo 0x8b04ddd0)
12-14 04:24:06.002 W/OpenGLRenderer( 2143): Incorrectly called buildLayer on View: ShortcutAndWidgetContainer, destroying layer...
12-14 04:24:06.069 I/OpenGLRenderer( 1627): Initialized EGL, version 1.4
12-14 04:24:06.069 D/OpenGLRenderer( 1627): Swap behavior 1
12-14 04:24:06.069 W/OpenGLRenderer( 1627): Failed to choose config with EGL_SWAP_BEHAVIOR_PRESERVED, retrying without...
12-14 04:24:06.069 D/OpenGLRenderer( 1627): Swap behavior 0
12-14 04:24:06.077 D/EGL_emulation( 1627): eglCreateContext: 0x9e4ae800: maj 3 min 0 rcv 3
12-14 04:24:06.079 D/EGL_emulation( 1627): eglMakeCurrent: 0x9e4ae800: ver 3 0 (tinfo 0x9bedf2e0)
12-14 04:24:06.081 E/eglCodecCommon( 1627): glUtilsParamSize: unknow param 0x00008cdf
12-14 04:24:06.081 E/eglCodecCommon( 1627): glUtilsParamSize: unknow param 0x00008cdf
12-14 04:24:06.081 E/eglCodecCommon( 1627): glUtilsParamSize: unknow param 0x00008824
12-14 04:24:06.081 E/eglCodecCommon( 1627): glUtilsParamSize: unknow param 0x00008824
--------- beginning of system
12-14 04:24:08.308 E/TaskPersister( 1627): File error accessing recents directory (directory doesn't exist?).
12-14 04:24:08.671 D/AndroidRuntime( 4207): >>>>>> START com.android.internal.os.RuntimeInit uid 2000 <<<<<<
12-14 04:24:08.727 W/app_process( 4207): Unexpected CPU variant for X86 using defaults: x86
12-14 04:24:08.757 D/AndroidRuntime( 4207): Calling main entry com.android.commands.am.Am
12-14 04:24:08.763 I/ActivityManager( 1627): Force stopping com.evancharlton.mileage appid=10468 user=0: start instr
12-14 04:24:08.763 I/ActivityManager( 1627): Killing 4153:com.evancharlton.mileage/u0a468 (adj 0): stop com.evancharlton.mileage
12-14 04:24:08.764 W/ActivityManager( 1627): Crash of app com.evancharlton.mileage running instrumentation ComponentInfo{com.evancharlton.mileage.test/sh.calaba.instrumentationbackend.CalabashInstrumentationTestRunner}
12-14 04:24:08.764 I/ActivityManager( 1627): Force stopping com.evancharlton.mileage appid=10468 user=0: finished inst
12-14 04:24:08.779 I/zygote  ( 4217): Not late-enabling -Xcheck:jni (already on)
12-14 04:24:08.784 I/ActivityManager( 1627): Start proc 4217:com.evancharlton.mileage/u0a468 for added application com.evancharlton.mileage
12-14 04:24:08.785 D/AndroidRuntime( 4207): Shutting down VM
12-14 04:24:08.789 E/memtrack( 1627): Couldn't load memtrack module
12-14 04:24:08.789 W/android.os.Debug( 1627): failed to get memory consumption info: -1
12-14 04:24:08.799 W/zygote  ( 4217): Unexpected CPU variant for X86 using defaults: x86
12-14 04:24:08.824 E/adbd    ( 1382): failed to connect to socket 'tcp:7102': Connection refused
12-14 04:24:08.824 W/ActivityManager( 1627): setHasOverlayUi called on unknown pid: 4153
12-14 04:24:08.832 E/adbd    ( 1382): failed to connect to socket 'tcp:7102': Connection refused
12-14 04:24:08.842 W/zygote  ( 4217): Found duplicate classes, falling back to extracting from APK : /data/app/com.evancharlton.mileage.test-YBtTTI9-AbYOwJiaL2jmnA==/base.apk
12-14 04:24:08.843 W/zygote  ( 4217): NOTE: This wastes RAM and hurts startup performance.
12-14 04:24:08.843 W/zygote  ( 4217): Found duplicated class when checking oat files: 'Ljunit/runner/BaseTestRunner;' in /data/app/com.evancharlton.mileage.test-YBtTTI9-AbYOwJiaL2jmnA==/base.apk and /system/framework/android.test.runner.jar
12-14 04:24:08.843 W/zygote  ( 4217): 
12-14 04:24:08.893 W/System  ( 4217): ClassLoader referenced unknown path: 
12-14 04:24:08.914 I/System.out( 4217): Main activity name automatically set to: com.evancharlton.mileage.Mileage
12-14 04:24:08.915 I/System.out( 4217): Calabash did not load Mono. This is only a problem if you are trying to test a Mono application
12-14 04:24:08.916 I/calabash( 4217): Test server port: 7102
12-14 04:24:08.919 I/InstrumentationBackend( 4217): Added:'GetPreferences', with key:'get_preferences'
12-14 04:24:08.942 E/adbd    ( 1382): failed to connect to socket 'tcp:7102': Connection refused
12-14 04:24:08.945 E/adbd    ( 1382): failed to connect to socket 'tcp:7102': Connection refused
12-14 04:24:09.025 I/InstrumentationBackend( 4217): Added:'SetPreferences', with key:'set_preferences'
12-14 04:24:09.025 I/InstrumentationBackend( 4217): Added:'ClearPreferences', with key:'clear_preferences'
12-14 04:24:09.026 I/InstrumentationBackend( 4217): Added:'PressElement', with key:'press_l10n_element'
12-14 04:24:09.026 I/InstrumentationBackend( 4217): Added:'WaitForElement', with key:'wait_for_l10n_element'
12-14 04:24:09.027 I/InstrumentationBackend( 4217): Added:'NullAction', with key:'nullAction'
12-14 04:24:09.028 I/InstrumentationBackend( 4217): Added:'PressKey', with key:'press_key'
12-14 04:24:09.029 I/InstrumentationBackend( 4217): Added:'SetActivityOrientation', with key:'set_activity_orientation'
12-14 04:24:09.029 I/InstrumentationBackend( 4217): Added:'GetActivityOrientation', with key:'get_activity_orientation'
12-14 04:24:09.030 I/InstrumentationBackend( 4217): Added:'FakeGPSLocation', with key:'set_gps_coordinates'
12-14 04:24:09.030 I/InstrumentationBackend( 4217): Added:'SetPropertyByCssSelector', with key:'set_property_by_css_selector'
12-14 04:24:09.033 I/InstrumentationBackend( 4217): Added:'GetUrl', with key:'get_url'
12-14 04:24:09.037 I/InstrumentationBackend( 4217): Added:'ScrollTo', with key:'scroll_to'
12-14 04:24:09.037 I/InstrumentationBackend( 4217): Added:'GetLoadProgress', with key:'get_load_progress'
12-14 04:24:09.038 I/InstrumentationBackend( 4217): Added:'DumpHtml', with key:'dump_html'
12-14 04:24:09.039 I/InstrumentationBackend( 4217): Added:'DumpBodyHtml', with key:'dump_body_html'
12-14 04:24:09.039 I/InstrumentationBackend( 4217): Added:'EnterTextByCssSelector', with key:'enter_text_by_selector'
12-14 04:24:09.046 I/InstrumentationBackend( 4217): Added:'AndroidSDKVersion', with key:'android_sdk_version'
12-14 04:24:09.046 I/InstrumentationBackend( 4217): Added:'Version', with key:'version'
12-14 04:24:09.047 I/InstrumentationBackend( 4217): Added:'Drag', with key:'drag'
12-14 04:24:09.047 I/InstrumentationBackend( 4217): Added:'TouchCoordinates', with key:'touch_coordinate'
12-14 04:24:09.048 I/InstrumentationBackend( 4217): Added:'LongPressCoordinate', with key:'long_press_coordinate'
12-14 04:24:09.048 I/InstrumentationBackend( 4217): Added:'DragCoordinates', with key:'drag_coordinates'
12-14 04:24:09.049 I/InstrumentationBackend( 4217): Added:'ResumeApplication', with key:'resume_application'
12-14 04:24:09.050 I/InstrumentationBackend( 4217): Added:'Swipe', with key:'swipe'
12-14 04:24:09.050 I/InstrumentationBackend( 4217): Added:'DoubleTapCoordinate', with key:'double_tap_coordinate'
12-14 04:24:09.051 I/InstrumentationBackend( 4217): Added:'ClickOnScreen', with key:'click_on_screen'
12-14 04:24:09.053 E/adbd    ( 1382): failed to connect to socket 'tcp:7102': Connection refused
12-14 04:24:09.054 I/InstrumentationBackend( 4217): Added:'GetActivityName', with key:'get_activity_name'
12-14 04:24:09.056 E/adbd    ( 1382): failed to connect to socket 'tcp:7102': Connection refused
12-14 04:24:09.056 I/InstrumentationBackend( 4217): Added:'ScrollToView', with key:'scroll_to_view'
12-14 04:24:09.057 I/InstrumentationBackend( 4217): Added:'ViewConfiguration', with key:'view_configuration'
12-14 04:24:09.058 I/InstrumentationBackend( 4217): Added:'IsCurrentActivityFocused', with key:'is_current_activity_focused'
12-14 04:24:09.059 I/InstrumentationBackend( 4217): Added:'SendTcp', with key:'send_tcp'
12-14 04:24:09.060 I/InstrumentationBackend( 4217): Added:'DpToDevicePixel', with key:'dp_to_device_pixel'
12-14 04:24:09.061 I/InstrumentationBackend( 4217): Added:'KeyboardEnterText', with key:'keyboard_enter_text'
12-14 04:24:09.062 I/InstrumentationBackend( 4217): Added:'DeleteSurroundingText', with key:'delete_surrounding_text'
12-14 04:24:09.063 I/InstrumentationBackend( 4217): Added:'SetComposingRegion', with key:'set_composing_region'
12-14 04:24:09.063 I/InstrumentationBackend( 4217): Added:'SetSelection', with key:'set_selection'
12-14 04:24:09.064 I/InstrumentationBackend( 4217): Added:'KeyboardKeyEvent', with key:'keyboard_key_event'
12-14 04:24:09.064 I/InstrumentationBackend( 4217): Added:'PressUserActionButton', with key:'press_user_action_button'
12-14 04:24:09.066 I/InstrumentationBackend( 4217): Added:'HideSoftKeyboard', with key:'hide_soft_keyboard'
12-14 04:24:09.068 I/InstrumentationBackend( 4217): Added:'ListActions', with key:'list_actions'
12-14 04:24:09.068 I/calabash( 4217): Instantiating http server at 7102
12-14 04:24:09.069 I/System.out( 4217): HTTP Daemon listening on: 7102
12-14 04:24:09.167 I/System.out( 4217): URI: //ping
12-14 04:24:09.167 I/System.out( 4217): params: {json={}
12-14 04:24:09.167 I/System.out( 4217): }
12-14 04:24:09.177 I/System.out( 4217): URI: //ping
12-14 04:24:09.177 I/System.out( 4217): params: {json={}
12-14 04:24:09.178 I/System.out( 4217): }
12-14 04:24:09.186 I/System.out( 4217): URI: //ready
12-14 04:24:09.186 I/System.out( 4217): params: {json={}
12-14 04:24:09.186 I/System.out( 4217): }
12-14 04:24:09.196 I/System.out( 4217): URI: //
12-14 04:24:09.196 I/System.out( 4217): params: {json={"command":"version","arguments":[]}
12-14 04:24:09.196 I/System.out( 4217): }
12-14 04:24:09.197 I/System.out( 4217): header: {content-type=application/json;charset=utf-8, date=Mon, 14 Dec 2020 09:24:09 GMT, accept=*/*, host=127.0.0.1:34777, content-length=36, user-agent=HTTPClient/1.0 (2.8.3, ruby 2.5.8 (2020-03-31))}
12-14 04:24:09.197 I/System.out( 4217): params: {json={"command":"version","arguments":[]}
12-14 04:24:09.197 I/System.out( 4217): }
12-14 04:24:09.197 I/System.out( 4217): ProP json = {"command":"version","arguments":[]}
12-14 04:24:09.197 I/System.out( 4217): files: {}
12-14 04:24:09.197 I/System.out( 4217): command: {"command":"version","arguments":[]}
12-14 04:24:09.245 I/InstrumentationBackend( 4217): Got command:'Command:'Line:null,version', arguments:'[]'
12-14 04:24:09.310 I/System.out( 4217): result:{"bonusInformation":[],"message":"0.9.8","success":true}
12-14 04:24:09.319 I/System.out( 4217): URI: //start-application
12-14 04:24:09.320 I/System.out( 4217): params: {json={"intent":null}
12-14 04:24:09.320 I/System.out( 4217): }
12-14 04:24:09.389 I/ActivityManager( 1627): START u0 {act=android.intent.action.MAIN cat=[android.intent.category.LAUNCHER] flg=0x10200000 cmp=com.evancharlton.mileage/.Mileage} from uid 10468
12-14 04:24:09.420 I/calabash( 4217): newActivity1
12-14 04:24:09.433 D/gralloc_ranchu( 1394): gralloc_alloc: Creating ashmem region of size 7753728
12-14 04:24:09.483 W/ActivityManager( 1627): Bad activity token: android.os.BinderProxy@e8df09e
12-14 04:24:09.483 W/ActivityManager( 1627): java.lang.ClassCastException: android.os.BinderProxy cannot be cast to com.android.server.am.ActivityRecord$Token
12-14 04:24:09.483 W/ActivityManager( 1627): 	at com.android.server.am.ActivityRecord.forTokenLocked(ActivityRecord.java:778)
12-14 04:24:09.483 W/ActivityManager( 1627): 	at com.android.server.am.ActivityRecord.isInStackLocked(ActivityRecord.java:2085)
12-14 04:24:09.483 W/ActivityManager( 1627): 	at com.android.server.am.ActivityRecord.getStackLocked(ActivityRecord.java:2090)
12-14 04:24:09.483 W/ActivityManager( 1627): 	at com.android.server.am.ActivityManagerService.getActivityDisplayId(ActivityManagerService.java:10406)
12-14 04:24:09.483 W/ActivityManager( 1627): 	at android.app.IActivityManager$Stub.onTransact(IActivityManager.java:2738)
12-14 04:24:09.483 W/ActivityManager( 1627): 	at com.android.server.am.ActivityManagerService.onTransact(ActivityManagerService.java:2935)
12-14 04:24:09.483 W/ActivityManager( 1627): 	at android.os.Binder.execTransact(Binder.java:674)
12-14 04:24:09.484 I/calabash( 4217): newActivity1
12-14 04:24:09.490 V/StatusBar( 1727): setLightsOn(true)
12-14 04:24:09.496 W/ActivityManager( 1627): Bad activity token: android.os.BinderProxy@e8df09e
12-14 04:24:09.496 W/ActivityManager( 1627): java.lang.ClassCastException: android.os.BinderProxy cannot be cast to com.android.server.am.ActivityRecord$Token
12-14 04:24:09.496 W/ActivityManager( 1627): 	at com.android.server.am.ActivityRecord.forTokenLocked(ActivityRecord.java:778)
12-14 04:24:09.496 W/ActivityManager( 1627): 	at com.android.server.am.ActivityRecord.isInStackLocked(ActivityRecord.java:2085)
12-14 04:24:09.496 W/ActivityManager( 1627): 	at com.android.server.am.ActivityManagerService.setTaskDescription(ActivityManagerService.java:9988)
12-14 04:24:09.496 W/ActivityManager( 1627): 	at android.app.IActivityManager$Stub.onTransact(IActivityManager.java:2824)
12-14 04:24:09.496 W/ActivityManager( 1627): 	at com.android.server.am.ActivityManagerService.onTransact(ActivityManagerService.java:2935)
12-14 04:24:09.496 W/ActivityManager( 1627): 	at android.os.Binder.execTransact(Binder.java:674)
12-14 04:24:09.497 W/ActivityManager( 1627): Bad activity token: android.os.BinderProxy@e8df09e
12-14 04:24:09.497 W/ActivityManager( 1627): java.lang.ClassCastException: android.os.BinderProxy cannot be cast to com.android.server.am.ActivityRecord$Token
12-14 04:24:09.497 W/ActivityManager( 1627): 	at com.android.server.am.ActivityRecord.forTokenLocked(ActivityRecord.java:778)
12-14 04:24:09.497 W/ActivityManager( 1627): 	at com.android.server.am.ActivityRecord.isInStackLocked(ActivityRecord.java:2085)
12-14 04:24:09.497 W/ActivityManager( 1627): 	at com.android.server.am.ActivityRecord.getStackLocked(ActivityRecord.java:2090)
12-14 04:24:09.497 W/ActivityManager( 1627): 	at com.android.server.am.ActivityManagerService.getActivityStackId(ActivityManagerService.java:10417)
12-14 04:24:09.497 W/ActivityManager( 1627): 	at android.app.IActivityManager$Stub.onTransact(IActivityManager.java:3548)
12-14 04:24:09.497 W/ActivityManager( 1627): 	at com.android.server.am.ActivityManagerService.onTransact(ActivityManagerService.java:2935)
12-14 04:24:09.497 W/ActivityManager( 1627): 	at android.os.Binder.execTransact(Binder.java:674)
12-14 04:24:09.499 D/EGL_emulation( 2172): eglMakeCurrent: 0x9e785b40: ver 3 0 (tinfo 0x9e783850)
12-14 04:24:09.510 D/EGL_emulation( 1727): eglMakeCurrent: 0x8b0354c0: ver 3 0 (tinfo 0x8b04ddd0)
12-14 04:24:09.518 D/EGL_emulation( 2143): eglMakeCurrent: 0x9e785540: ver 3 0 (tinfo 0x9e783350)
12-14 04:24:09.527 D/EGL_emulation( 1727): eglMakeCurrent: 0x8b0354c0: ver 3 0 (tinfo 0x8b04ddd0)
12-14 04:24:09.538 D/EGL_emulation( 1727): eglMakeCurrent: 0x8b0354c0: ver 3 0 (tinfo 0x8b04ddd0)
12-14 04:24:09.541 V/StatusBar( 1727): setLightsOn(true)
12-14 04:24:09.558 D/EGL_emulation( 1727): eglMakeCurrent: 0x8b0354c0: ver 3 0 (tinfo 0x8b04ddd0)
12-14 04:24:09.560 E/ContentStoreEUAS( 2172): Failed to commit the deferred actions
12-14 04:24:09.566 D/EGL_emulation( 1727): eglMakeCurrent: 0x8b0354c0: ver 3 0 (tinfo 0x8b04ddd0)
12-14 04:24:09.597 I/chatty  ( 1727): uid=10028(u0_a28) RenderThread identical 3 lines
12-14 04:24:09.609 D/EGL_emulation( 1727): eglMakeCurrent: 0x8b0354c0: ver 3 0 (tinfo 0x8b04ddd0)
12-14 04:24:09.610 V/StatusBar( 1727): setLightsOn(true)
12-14 04:24:09.613 D/EGL_emulation( 1727): eglMakeCurrent: 0x8b0354c0: ver 3 0 (tinfo 0x8b04ddd0)
12-14 04:24:09.709 W/ActivityManager( 1627): Bad activity token: android.os.BinderProxy@e8df09e
12-14 04:24:09.709 W/ActivityManager( 1627): java.lang.ClassCastException: android.os.BinderProxy cannot be cast to com.android.server.am.ActivityRecord$Token
12-14 04:24:09.709 W/ActivityManager( 1627): 	at com.android.server.am.ActivityRecord.forTokenLocked(ActivityRecord.java:778)
12-14 04:24:09.709 W/ActivityManager( 1627): 	at com.android.server.am.ActivityRecord.isInStackLocked(ActivityRecord.java:2085)
12-14 04:24:09.709 W/ActivityManager( 1627): 	at com.android.server.am.ActivityManagerService.getActivityOptions(ActivityManagerService.java:13302)
12-14 04:24:09.709 W/ActivityManager( 1627): 	at android.app.IActivityManager$Stub.onTransact(IActivityManager.java:2910)
12-14 04:24:09.709 W/ActivityManager( 1627): 	at com.android.server.am.ActivityManagerService.onTransact(ActivityManagerService.java:2935)
12-14 04:24:09.709 W/ActivityManager( 1627): 	at android.os.Binder.execTransact(Binder.java:674)
12-14 04:24:09.711 W/ActivityManager( 1627): Bad activity token: android.os.BinderProxy@e8df09e
12-14 04:24:09.711 W/ActivityManager( 1627): java.lang.ClassCastException: android.os.BinderProxy cannot be cast to com.android.server.am.ActivityRecord$Token
12-14 04:24:09.711 W/ActivityManager( 1627): 	at com.android.server.am.ActivityRecord.forTokenLocked(ActivityRecord.java:778)
12-14 04:24:09.711 W/ActivityManager( 1627): 	at com.android.server.am.ActivityRecord.isInStackLocked(ActivityRecord.java:2085)
12-14 04:24:09.711 W/ActivityManager( 1627): 	at com.android.server.am.ActivityManagerService.getActivityOptions(ActivityManagerService.java:13302)
12-14 04:24:09.711 W/ActivityManager( 1627): 	at android.app.IActivityManager$Stub.onTransact(IActivityManager.java:2910)
12-14 04:24:09.711 W/ActivityManager( 1627): 	at com.android.server.am.ActivityManagerService.onTransact(ActivityManagerService.java:2935)
12-14 04:24:09.711 W/ActivityManager( 1627): 	at android.os.Binder.execTransact(Binder.java:674)
12-14 04:24:09.743 I/chatty  ( 1727): uid=10028(u0_a28) RenderThread identical 13 lines
12-14 04:24:09.747 D/EGL_emulation( 1727): eglMakeCurrent: 0x8b0354c0: ver 3 0 (tinfo 0x8b04ddd0)
12-14 04:24:09.834 V/StatusBar( 1727): setLightsOn(true)
12-14 04:24:09.922 V/StatusBar( 1727): setLightsOn(true)
12-14 04:24:09.926 I/zygote  ( 4217): Do partial code cache collection, code=28KB, data=30KB
12-14 04:24:09.927 I/zygote  ( 4217): After code cache collection, code=28KB, data=30KB
12-14 04:24:09.927 I/zygote  ( 4217): Increasing code cache capacity to 128KB
12-14 04:24:09.929 I/zygote  ( 4217): Do partial code cache collection, code=28KB, data=48KB
12-14 04:24:09.929 I/zygote  ( 4217): After code cache collection, code=28KB, data=48KB
12-14 04:24:09.929 I/zygote  ( 4217): Increasing code cache capacity to 256KB
12-14 04:24:09.930 I/zygote  ( 4217): JIT allocated 71KB for compiled code of void android.widget.TextView.<init>(android.content.Context, android.util.AttributeSet, int, int)
12-14 04:24:09.930 I/zygote  ( 4217): Compiler allocated 4MB to compile void android.widget.TextView.<init>(android.content.Context, android.util.AttributeSet, int, int)
12-14 04:24:09.977 V/StatusBar( 1727): setLightsOn(true)
12-14 04:24:09.977 V/StatusBar( 1727): setLightsOn(true)
12-14 04:24:10.041 D/gralloc_ranchu( 1394): gralloc_alloc: Creating ashmem region of size 7753728
12-14 04:24:10.061 D/        ( 4217): HostConnection::get() New Host Connection established 0x9bbb0bc0, tid 4217
12-14 04:24:10.124 V/StatusBar( 1727): setLightsOn(true)
12-14 04:24:10.126 V/StatusBar( 1727): setLightsOn(true)
12-14 04:24:10.129 I/ActivityManager( 1627): Displayed com.evancharlton.mileage/.Mileage: +718ms
12-14 04:24:10.134 V/StatusBar( 1727): setLightsOn(true)
12-14 04:24:10.149 V/StatusBar( 1727): setLightsOn(true)
12-14 04:24:10.162 I/zygote  ( 4217): Do full code cache collection, code=125KB, data=70KB
12-14 04:24:10.162 I/zygote  ( 4217): After code cache collection, code=106KB, data=43KB
12-14 04:24:10.168 D/gralloc_ranchu( 1394): gralloc_alloc: Creating ashmem region of size 7753728
12-14 04:24:10.270 V/StatusBar( 1727): setLightsOn(true)
12-14 04:24:10.304 I/Finsky  ( 2552): [115] nmi.run(36): Stats for Executor: BlockingExecutor non@37a461c[Running, pool size = 2, active threads = 0, queued tasks = 0, completed tasks = 19]
12-14 04:24:10.307 I/Finsky  ( 2552): [115] nmi.run(36): Stats for Executor: LightweightExecutor non@2149225[Running, pool size = 2, active threads = 0, queued tasks = 0, completed tasks = 71]
12-14 04:24:10.317 V/StatusBar( 1727): setLightsOn(true)
12-14 04:24:10.332 W/SurfaceFlinger( 1412): couldn't log to binary event log: overflow.
12-14 04:24:10.403 I/PBSessionCacheImpl( 2172): Deleted sessionId[13004060481307] from persistence.
12-14 04:24:10.439 W/SearchService( 2172): Abort, client detached.
