12-14 01:36:13.619 I/chatty  ( 1732): uid=10028(u0_a28) RenderThread identical 13 lines
12-14 01:36:13.623 D/EGL_emulation( 1732): eglMakeCurrent: 0xa19846c0: ver 3 0 (tinfo 0xa1983480)
12-14 01:36:13.623 I/zygote  ( 3912): Do partial code cache collection, code=30KB, data=22KB
12-14 01:36:13.625 I/zygote  ( 3912): After code cache collection, code=30KB, data=22KB
12-14 01:36:13.630 I/zygote  ( 3912): Increasing code cache capacity to 128KB
12-14 01:36:13.635 D/EGL_emulation( 1732): eglMakeCurrent: 0xa19846c0: ver 3 0 (tinfo 0xa1983480)
12-14 01:36:13.685 W/ActivityManager( 1629): Bad activity token: android.os.BinderProxy@33e1fdf
12-14 01:36:13.685 W/ActivityManager( 1629): java.lang.ClassCastException: android.os.BinderProxy cannot be cast to com.android.server.am.ActivityRecord$Token
12-14 01:36:13.685 W/ActivityManager( 1629): 	at com.android.server.am.ActivityRecord.forTokenLocked(ActivityRecord.java:778)
12-14 01:36:13.685 W/ActivityManager( 1629): 	at com.android.server.am.ActivityRecord.isInStackLocked(ActivityRecord.java:2085)
12-14 01:36:13.685 W/ActivityManager( 1629): 	at com.android.server.am.ActivityManagerService.getActivityOptions(ActivityManagerService.java:13302)
12-14 01:36:13.685 W/ActivityManager( 1629): 	at android.app.IActivityManager$Stub.onTransact(IActivityManager.java:2910)
12-14 01:36:13.685 W/ActivityManager( 1629): 	at com.android.server.am.ActivityManagerService.onTransact(ActivityManagerService.java:2935)
12-14 01:36:13.685 W/ActivityManager( 1629): 	at android.os.Binder.execTransact(Binder.java:674)
12-14 01:36:13.686 W/ActivityManager( 1629): Bad activity token: android.os.BinderProxy@33e1fdf
12-14 01:36:13.686 W/ActivityManager( 1629): java.lang.ClassCastException: android.os.BinderProxy cannot be cast to com.android.server.am.ActivityRecord$Token
12-14 01:36:13.686 W/ActivityManager( 1629): 	at com.android.server.am.ActivityRecord.forTokenLocked(ActivityRecord.java:778)
12-14 01:36:13.686 W/ActivityManager( 1629): 	at com.android.server.am.ActivityRecord.isInStackLocked(ActivityRecord.java:2085)
12-14 01:36:13.686 W/ActivityManager( 1629): 	at com.android.server.am.ActivityManagerService.getActivityOptions(ActivityManagerService.java:13302)
12-14 01:36:13.686 W/ActivityManager( 1629): 	at android.app.IActivityManager$Stub.onTransact(IActivityManager.java:2910)
12-14 01:36:13.686 W/ActivityManager( 1629): 	at com.android.server.am.ActivityManagerService.onTransact(ActivityManagerService.java:2935)
12-14 01:36:13.686 W/ActivityManager( 1629): 	at android.os.Binder.execTransact(Binder.java:674)
12-14 01:36:13.652 I/chatty  ( 1732): uid=10028(u0_a28) RenderThread identical 3 lines
12-14 01:36:13.661 D/EGL_emulation( 1732): eglMakeCurrent: 0xa19846c0: ver 3 0 (tinfo 0xa1983480)
12-14 01:36:13.750 D/BoundBrokerSvc( 1948): onUnbind: Intent { act=com.google.android.gms.clearcut.bootcount.service.START cmp=com.google.android.gms/.chimera.PersistentBoundBrokerService }
12-14 01:36:13.752 V/StatusBar( 1732): setLightsOn(true)
12-14 01:36:13.823 I/zygote  ( 3912): Do partial code cache collection, code=43KB, data=57KB
12-14 01:36:13.823 I/zygote  ( 3912): After code cache collection, code=43KB, data=57KB
12-14 01:36:13.823 I/zygote  ( 3912): Increasing code cache capacity to 256KB
12-14 01:36:13.839 V/StatusBar( 1732): setLightsOn(true)
12-14 01:36:13.841 I/zygote  ( 3912): JIT allocated 71KB for compiled code of void android.widget.TextView.<init>(android.content.Context, android.util.AttributeSet, int, int)
12-14 01:36:13.841 I/zygote  ( 3912): Compiler allocated 4MB to compile void android.widget.TextView.<init>(android.content.Context, android.util.AttributeSet, int, int)
12-14 01:36:13.842 V/StatusBar( 1732): setLightsOn(true)
12-14 01:36:13.843 V/StatusBar( 1732): setLightsOn(true)
12-14 01:36:13.876 I/zygote  ( 3912): Do full code cache collection, code=123KB, data=67KB
12-14 01:36:13.877 I/zygote  ( 3912): After code cache collection, code=89KB, data=38KB
12-14 01:36:13.877 V/StatusBar( 1732): setLightsOn(true)
12-14 01:36:13.886 D/gralloc_ranchu( 1395): gralloc_alloc: Creating ashmem region of size 7753728
12-14 01:36:13.903 D/        ( 3912): HostConnection::get() New Host Connection established 0x9f02fc80, tid 3912
12-14 01:36:13.949 V/StatusBar( 1732): setLightsOn(true)
12-14 01:36:13.952 V/StatusBar( 1732): setLightsOn(true)
12-14 01:36:13.955 I/ActivityManager( 1629): Displayed com.evancharlton.mileage/.Mileage: +596ms
12-14 01:36:13.961 V/StatusBar( 1732): setLightsOn(true)
12-14 01:36:13.980 V/StatusBar( 1732): setLightsOn(true)
12-14 01:36:13.988 D/gralloc_ranchu( 1395): gralloc_alloc: Creating ashmem region of size 7753728
12-14 01:36:14.147 V/StatusBar( 1732): setLightsOn(true)
12-14 01:36:14.176 I/chatty  ( 1732): uid=10028(u0_a28) com.android.systemui identical 1 line
12-14 01:36:14.193 V/StatusBar( 1732): setLightsOn(true)
12-14 01:36:14.209 W/SurfaceFlinger( 1409): couldn't log to binary event log: overflow.
12-14 01:36:14.209 W/SurfaceFlinger( 1409): couldn't log to binary event log: overflow.
12-14 01:36:14.214 I/System.out( 3912): URI: //map
12-14 01:36:14.215 I/System.out( 3912): params: {json={"query":"android.widget.Button index:2","operation":{"method_name":"query","arguments":[]}}
12-14 01:36:14.215 I/System.out( 3912): }
12-14 01:36:14.270 W/Nearby  ( 1948): Failed attempt #3 out of 3 for RestoreDeviceName [CONTEXT service_id=49 ]
12-14 01:36:14.270 W/Nearby  ( 1948): java.lang.IllegalStateException: BluetoothAdapter not ready yet!
12-14 01:36:14.270 W/Nearby  ( 1948): 	at alhd.g(:com.google.android.gms@204713022@20.47.13 (040700-344095733):2)
12-14 01:36:14.270 W/Nearby  ( 1948): 	at alhc.run(Unknown Source:0)
12-14 01:36:14.270 W/Nearby  ( 1948): 	at bznt.call(Unknown Source:0)
12-14 01:36:14.270 W/Nearby  ( 1948): 	at bzny.b(:com.google.android.gms@204713022@20.47.13 (040700-344095733):2)
12-14 01:36:14.270 W/Nearby  ( 1948): 	at bzny.a(:com.google.android.gms@204713022@20.47.13 (040700-344095733):0)
12-14 01:36:14.270 W/Nearby  ( 1948): 	at alhb.run(Unknown Source:2)
12-14 01:36:14.270 W/Nearby  ( 1948): 	at java.lang.Thread.run(Thread.java:764)
12-14 01:36:14.270 W/Nearby  ( 1948): 	at tly.run(Unknown Source:5)
12-14 01:36:14.270 W/Nearby  ( 1948): 	at java.util.concurrent.ThreadPoolExecutor.runWorker(ThreadPoolExecutor.java:1162)
12-14 01:36:14.270 W/Nearby  ( 1948): 	at java.util.concurrent.ThreadPoolExecutor$Worker.run(ThreadPoolExecutor.java:636)
12-14 01:36:14.270 W/Nearby  ( 1948): 	at trx.run(:com.google.android.gms@204713022@20.47.13 (040700-344095733):0)
12-14 01:36:14.270 W/Nearby  ( 1948): 	at java.lang.Thread.run(Thread.java:764)
12-14 01:36:14.307 I/PBSessionCacheImpl( 2189): Deleted sessionId[7094185381211] from persistence.
12-14 01:36:14.327 W/SearchService( 2189): Abort, client detached.
12-14 01:36:14.331 E/WorkerRegistryImpl( 2189): getWorker() is called after WorkerRegistry disposal.
12-14 01:36:14.331 E/WorkerRegistryImpl( 2189): getWorker() is called after WorkerRegistry disposal.
12-14 01:36:14.394 I/System.out( 3912): URI: //gesture
12-14 01:36:14.394 I/System.out( 3912): params: {json={"query_timeout":5.0,"gestures":[{"query_string":"android.widget.Button index:2","touches":[{"x":50,"y":50,"offset_x":0,"offset_y":0,"wait":0.0,"time":0.2,"release":true,"query_string":null}]}]}
12-14 01:36:14.394 I/System.out( 3912): }
12-14 01:36:14.514 I/zygote  ( 3912): Do partial code cache collection, code=116KB, data=61KB
12-14 01:36:14.514 I/zygote  ( 3912): After code cache collection, code=116KB, data=61KB
12-14 01:36:14.514 I/zygote  ( 3912): Increasing code cache capacity to 512KB
12-14 01:36:14.676 I/AudioTrack( 1629): AUDIO_OUTPUT_FLAG_FAST successful; frameCount 4512 -> 4512
12-14 01:36:14.741 V/StatusBar( 1732): setLightsOn(true)
12-14 01:36:14.742 I/chatty  ( 1732): uid=10028(u0_a28) com.android.systemui identical 1 line
12-14 01:36:14.745 V/StatusBar( 1732): setLightsOn(true)
12-14 01:36:14.764 W/View    ( 3912): dispatchProvideAutofillStructure(): not laid out, ignoring
12-14 01:36:14.770 W/Binder  ( 1629): Outgoing transactions from this process must be FLAG_ONEWAY
12-14 01:36:14.770 W/Binder  ( 1629): java.lang.Throwable
12-14 01:36:14.770 W/Binder  ( 1629): 	at android.os.BinderProxy.transact(Binder.java:736)
12-14 01:36:14.770 W/Binder  ( 1629): 	at android.app.assist.AssistStructure$ParcelTransferReader.fetchData(AssistStructure.java:407)
12-14 01:36:14.770 W/Binder  ( 1629): 	at android.app.assist.AssistStructure$ParcelTransferReader.go(AssistStructure.java:343)
12-14 01:36:14.770 W/Binder  ( 1629): 	at android.app.assist.AssistStructure.ensureData(AssistStructure.java:2096)
12-14 01:36:14.770 W/Binder  ( 1629): 	at com.android.server.autofill.Session$1.send(Session.java:200)
12-14 01:36:14.770 W/Binder  ( 1629): 	at com.android.server.am.ActivityManagerService.reportAssistContextExtras(ActivityManagerService.java:13137)
12-14 01:36:14.770 W/Binder  ( 1629): 	at android.app.IActivityManager$Stub.onTransact(IActivityManager.java:2466)
12-14 01:36:14.770 W/Binder  ( 1629): 	at com.android.server.am.ActivityManagerService.onTransact(ActivityManagerService.java:2935)
12-14 01:36:14.770 W/Binder  ( 1629): 	at android.os.Binder.execTransact(Binder.java:674)
12-14 01:36:14.775 I/AssistStructure( 3912): Flattened final assist data: 5024 bytes, containing 2 windows, 19 views
12-14 01:36:14.784 D/gralloc_ranchu( 1395): gralloc_alloc: Creating ashmem region of size 303104
12-14 01:36:14.796 V/StatusBar( 1732): setLightsOn(true)
12-14 01:36:14.799 V/StatusBar( 1732): setLightsOn(true)
12-14 01:36:15.302 W/audio_hw_generic( 1389): Not supplying enough data to HAL, expected position 23678 , only wrote 2880
12-14 01:36:15.302 W/audio_hw_generic( 1389): Not supplying enough data to HAL, expected position 2897 , only wrote 2880
12-14 01:36:15.304 W/audio_hw_generic( 1389): Hardware backing HAL too slow, could only write 0 of 720 frames
12-14 01:36:15.302 W/AudioFlinger( 1476): write blocked for 496 msecs, 1 delayed writes, thread 0xb1383f80
12-14 01:36:15.315 V/StatusBar( 1732): setLightsOn(true)
12-14 01:36:15.319 W/audio_hw_generic( 1389): Hardware backing HAL too slow, could only write 0 of 720 frames
12-14 01:36:15.333 D/AudioFlinger( 1476): mixer(0xb1383f80) throttle end: throttle time(10)
12-14 01:36:15.334 W/audio_hw_generic( 1389): Hardware backing HAL too slow, could only write 0 of 720 frames
12-14 01:36:15.337 V/StatusBar( 1732): setLightsOn(true)
12-14 01:36:15.359 I/AssistStructure( 1629): Flattened final assist data: 4496 bytes, containing 2 windows, 19 views
12-14 01:36:15.385 W/lgq     ( 1948): Pending fill request while another request in the same session was triggered. [CONTEXT service_id=177 ]
12-14 01:36:15.403 D/gralloc_ranchu( 1395): gralloc_alloc: Creating ashmem region of size 7753728
12-14 01:36:15.445 E/SurfaceFlinger( 1409): ro.sf.lcd_density must be defined as a build property
12-14 01:36:15.445 D/PermissionCache( 1409): checking android.permission.READ_FRAME_BUFFER for uid=2000 => granted (127 us)
12-14 01:36:15.466 D/gralloc_ranchu( 1395): gralloc_alloc: Creating ashmem region of size 8298496
12-14 01:36:15.477 D/        ( 3963): HostConnection::get() New Host Connection established 0xb16af800, tid 3963
