--------- beginning of main
12-14 01:36:46.643 D/AndroidRuntime( 4419): >>>>>> START com.android.internal.os.RuntimeInit uid 2000 <<<<<<
12-14 01:36:46.675 W/app_process( 4419): Unexpected CPU variant for X86 using defaults: x86
12-14 01:36:46.690 D/AndroidRuntime( 4419): Calling main entry com.android.commands.am.Am
--------- beginning of system
12-14 01:36:46.692 I/ActivityManager( 1629): Force stopping com.evancharlton.mileage appid=10296 user=0: start instr
12-14 01:36:46.692 I/ActivityManager( 1629): Killing 4397:com.evancharlton.mileage/u0a296 (adj 0): stop com.evancharlton.mileage
12-14 01:36:46.692 W/ActivityManager( 1629): Crash of app com.evancharlton.mileage running instrumentation ComponentInfo{com.evancharlton.mileage.test/sh.calaba.instrumentationbackend.ClearAppData2}
12-14 01:36:46.692 I/ActivityManager( 1629): Force stopping com.evancharlton.mileage appid=10296 user=0: finished inst
12-14 01:36:46.701 I/zygote  ( 4429): Not late-enabling -Xcheck:jni (already on)
12-14 01:36:46.707 W/zygote  ( 4429): Unexpected CPU variant for X86 using defaults: x86
12-14 01:36:46.709 I/ActivityManager( 1629): Start proc 4429:com.evancharlton.mileage/u0a296 for added application com.evancharlton.mileage
12-14 01:36:46.709 E/memtrack( 1629): Couldn't load memtrack module
12-14 01:36:46.709 W/android.os.Debug( 1629): failed to get memory consumption info: -1
12-14 01:36:46.711 D/AndroidRuntime( 4419): Shutting down VM
12-14 01:36:46.735 E/adbd    ( 1377): failed to connect to socket 'tcp:7102': Connection refused
12-14 01:36:46.737 E/adbd    ( 1377): failed to connect to socket 'tcp:7102': Connection refused
12-14 01:36:46.739 W/zygote  ( 4429): Found duplicate classes, falling back to extracting from APK : /data/app/com.evancharlton.mileage.test-ugWky6AHr6rM97jPX-DjhQ==/base.apk
12-14 01:36:46.739 W/zygote  ( 4429): NOTE: This wastes RAM and hurts startup performance.
12-14 01:36:46.739 W/zygote  ( 4429): Found duplicated class when checking oat files: 'Ljunit/runner/BaseTestRunner;' in /data/app/com.evancharlton.mileage.test-ugWky6AHr6rM97jPX-DjhQ==/base.apk and /system/framework/android.test.runner.jar
12-14 01:36:46.739 W/zygote  ( 4429): 
12-14 01:36:46.766 W/System  ( 4429): ClassLoader referenced unknown path: 
12-14 01:36:46.778 I/System.out( 4429): Main activity name automatically set to: com.evancharlton.mileage.Mileage
12-14 01:36:46.779 I/System.out( 4429): Calabash did not load Mono. This is only a problem if you are trying to test a Mono application
12-14 01:36:46.779 I/calabash( 4429): Test server port: 7102
12-14 01:36:46.783 I/InstrumentationBackend( 4429): Added:'GetPreferences', with key:'get_preferences'
12-14 01:36:46.840 I/InstrumentationBackend( 4429): Added:'SetPreferences', with key:'set_preferences'
12-14 01:36:46.840 I/InstrumentationBackend( 4429): Added:'ClearPreferences', with key:'clear_preferences'
12-14 01:36:46.840 I/InstrumentationBackend( 4429): Added:'PressElement', with key:'press_l10n_element'
12-14 01:36:46.841 I/InstrumentationBackend( 4429): Added:'WaitForElement', with key:'wait_for_l10n_element'
12-14 01:36:46.841 I/InstrumentationBackend( 4429): Added:'NullAction', with key:'nullAction'
12-14 01:36:46.842 I/InstrumentationBackend( 4429): Added:'PressKey', with key:'press_key'
12-14 01:36:46.842 I/InstrumentationBackend( 4429): Added:'SetActivityOrientation', with key:'set_activity_orientation'
12-14 01:36:46.842 I/InstrumentationBackend( 4429): Added:'GetActivityOrientation', with key:'get_activity_orientation'
12-14 01:36:46.843 I/InstrumentationBackend( 4429): Added:'FakeGPSLocation', with key:'set_gps_coordinates'
12-14 01:36:46.843 I/InstrumentationBackend( 4429): Added:'SetPropertyByCssSelector', with key:'set_property_by_css_selector'
12-14 01:36:46.845 I/InstrumentationBackend( 4429): Added:'GetUrl', with key:'get_url'
12-14 01:36:46.846 E/adbd    ( 1377): failed to connect to socket 'tcp:7102': Connection refused
12-14 01:36:46.848 E/adbd    ( 1377): failed to connect to socket 'tcp:7102': Connection refused
12-14 01:36:46.849 I/InstrumentationBackend( 4429): Added:'ScrollTo', with key:'scroll_to'
12-14 01:36:46.849 I/InstrumentationBackend( 4429): Added:'GetLoadProgress', with key:'get_load_progress'
12-14 01:36:46.849 I/InstrumentationBackend( 4429): Added:'DumpHtml', with key:'dump_html'
12-14 01:36:46.850 I/InstrumentationBackend( 4429): Added:'DumpBodyHtml', with key:'dump_body_html'
12-14 01:36:46.850 I/InstrumentationBackend( 4429): Added:'EnterTextByCssSelector', with key:'enter_text_by_selector'
12-14 01:36:46.854 I/InstrumentationBackend( 4429): Added:'AndroidSDKVersion', with key:'android_sdk_version'
12-14 01:36:46.854 I/InstrumentationBackend( 4429): Added:'Version', with key:'version'
12-14 01:36:46.854 I/InstrumentationBackend( 4429): Added:'Drag', with key:'drag'
12-14 01:36:46.854 I/InstrumentationBackend( 4429): Added:'TouchCoordinates', with key:'touch_coordinate'
12-14 01:36:46.855 I/InstrumentationBackend( 4429): Added:'LongPressCoordinate', with key:'long_press_coordinate'
12-14 01:36:46.855 I/InstrumentationBackend( 4429): Added:'DragCoordinates', with key:'drag_coordinates'
12-14 01:36:46.855 I/InstrumentationBackend( 4429): Added:'ResumeApplication', with key:'resume_application'
12-14 01:36:46.856 I/InstrumentationBackend( 4429): Added:'Swipe', with key:'swipe'
12-14 01:36:46.856 I/InstrumentationBackend( 4429): Added:'DoubleTapCoordinate', with key:'double_tap_coordinate'
12-14 01:36:46.856 I/InstrumentationBackend( 4429): Added:'ClickOnScreen', with key:'click_on_screen'
12-14 01:36:46.857 I/InstrumentationBackend( 4429): Added:'GetActivityName', with key:'get_activity_name'
12-14 01:36:46.857 I/InstrumentationBackend( 4429): Added:'ScrollToView', with key:'scroll_to_view'
12-14 01:36:46.858 I/InstrumentationBackend( 4429): Added:'ViewConfiguration', with key:'view_configuration'
12-14 01:36:46.858 I/InstrumentationBackend( 4429): Added:'IsCurrentActivityFocused', with key:'is_current_activity_focused'
12-14 01:36:46.859 I/InstrumentationBackend( 4429): Added:'SendTcp', with key:'send_tcp'
12-14 01:36:46.859 I/InstrumentationBackend( 4429): Added:'DpToDevicePixel', with key:'dp_to_device_pixel'
12-14 01:36:46.860 I/InstrumentationBackend( 4429): Added:'KeyboardEnterText', with key:'keyboard_enter_text'
12-14 01:36:46.861 I/InstrumentationBackend( 4429): Added:'DeleteSurroundingText', with key:'delete_surrounding_text'
12-14 01:36:46.862 I/InstrumentationBackend( 4429): Added:'SetComposingRegion', with key:'set_composing_region'
12-14 01:36:46.862 I/InstrumentationBackend( 4429): Added:'SetSelection', with key:'set_selection'
12-14 01:36:46.863 I/InstrumentationBackend( 4429): Added:'KeyboardKeyEvent', with key:'keyboard_key_event'
12-14 01:36:46.863 I/InstrumentationBackend( 4429): Added:'PressUserActionButton', with key:'press_user_action_button'
12-14 01:36:46.864 I/InstrumentationBackend( 4429): Added:'HideSoftKeyboard', with key:'hide_soft_keyboard'
12-14 01:36:46.865 I/InstrumentationBackend( 4429): Added:'ListActions', with key:'list_actions'
12-14 01:36:46.865 I/calabash( 4429): Instantiating http server at 7102
12-14 01:36:46.866 I/System.out( 4429): HTTP Daemon listening on: 7102
12-14 01:36:46.967 I/System.out( 4429): URI: //ping
12-14 01:36:46.968 I/System.out( 4429): params: {json={}
12-14 01:36:46.968 I/System.out( 4429): }
12-14 01:36:46.980 I/System.out( 4429): URI: //ping
12-14 01:36:46.980 I/System.out( 4429): params: {json={}
12-14 01:36:46.980 I/System.out( 4429): }
12-14 01:36:46.987 I/System.out( 4429): URI: //ready
12-14 01:36:46.987 I/System.out( 4429): params: {json={}
12-14 01:36:46.987 I/System.out( 4429): }
12-14 01:36:46.997 I/System.out( 4429): URI: //
12-14 01:36:46.997 I/System.out( 4429): params: {json={"command":"version","arguments":[]}
12-14 01:36:46.997 I/System.out( 4429): }
12-14 01:36:46.997 I/System.out( 4429): header: {content-type=application/json;charset=utf-8, date=Mon, 14 Dec 2020 06:36:47 GMT, accept=*/*, host=127.0.0.1:34777, content-length=36, user-agent=HTTPClient/1.0 (2.8.3, ruby 2.5.8 (2020-03-31))}
12-14 01:36:46.997 I/System.out( 4429): params: {json={"command":"version","arguments":[]}
12-14 01:36:46.997 I/System.out( 4429): }
12-14 01:36:46.998 I/System.out( 4429): ProP json = {"command":"version","arguments":[]}
12-14 01:36:46.998 I/System.out( 4429): files: {}
12-14 01:36:46.998 I/System.out( 4429): command: {"command":"version","arguments":[]}
12-14 01:36:47.025 I/InstrumentationBackend( 4429): Got command:'Command:'Line:null,version', arguments:'[]'
12-14 01:36:47.055 I/System.out( 4429): result:{"bonusInformation":[],"message":"0.9.8","success":true}
12-14 01:36:47.063 I/System.out( 4429): URI: //start-application
12-14 01:36:47.063 I/System.out( 4429): params: {json={"intent":null}
12-14 01:36:47.063 I/System.out( 4429): }
12-14 01:36:47.101 I/ActivityManager( 1629): START u0 {act=android.intent.action.MAIN cat=[android.intent.category.LAUNCHER] flg=0x10200000 cmp=com.evancharlton.mileage/.Mileage} from uid 10296
12-14 01:36:47.124 I/calabash( 4429): newActivity1
12-14 01:36:47.131 D/gralloc_ranchu( 1395): gralloc_alloc: Creating ashmem region of size 7753728
12-14 01:36:47.164 W/ActivityManager( 1629): Bad activity token: android.os.BinderProxy@792d1
12-14 01:36:47.164 W/ActivityManager( 1629): java.lang.ClassCastException: android.os.BinderProxy cannot be cast to com.android.server.am.ActivityRecord$Token
12-14 01:36:47.164 W/ActivityManager( 1629): 	at com.android.server.am.ActivityRecord.forTokenLocked(ActivityRecord.java:778)
12-14 01:36:47.164 W/ActivityManager( 1629): 	at com.android.server.am.ActivityRecord.isInStackLocked(ActivityRecord.java:2085)
12-14 01:36:47.164 W/ActivityManager( 1629): 	at com.android.server.am.ActivityRecord.getStackLocked(ActivityRecord.java:2090)
12-14 01:36:47.164 W/ActivityManager( 1629): 	at com.android.server.am.ActivityManagerService.getActivityDisplayId(ActivityManagerService.java:10406)
12-14 01:36:47.164 W/ActivityManager( 1629): 	at android.app.IActivityManager$Stub.onTransact(IActivityManager.java:2738)
12-14 01:36:47.164 W/ActivityManager( 1629): 	at com.android.server.am.ActivityManagerService.onTransact(ActivityManagerService.java:2935)
12-14 01:36:47.164 W/ActivityManager( 1629): 	at android.os.Binder.execTransact(Binder.java:674)
12-14 01:36:47.167 I/calabash( 4429): newActivity1
12-14 01:36:47.176 W/ActivityManager( 1629): Bad activity token: android.os.BinderProxy@792d1
12-14 01:36:47.176 W/ActivityManager( 1629): java.lang.ClassCastException: android.os.BinderProxy cannot be cast to com.android.server.am.ActivityRecord$Token
12-14 01:36:47.176 W/ActivityManager( 1629): 	at com.android.server.am.ActivityRecord.forTokenLocked(ActivityRecord.java:778)
12-14 01:36:47.176 W/ActivityManager( 1629): 	at com.android.server.am.ActivityRecord.isInStackLocked(ActivityRecord.java:2085)
12-14 01:36:47.176 W/ActivityManager( 1629): 	at com.android.server.am.ActivityManagerService.setTaskDescription(ActivityManagerService.java:9988)
12-14 01:36:47.176 W/ActivityManager( 1629): 	at android.app.IActivityManager$Stub.onTransact(IActivityManager.java:2824)
12-14 01:36:47.176 W/ActivityManager( 1629): 	at com.android.server.am.ActivityManagerService.onTransact(ActivityManagerService.java:2935)
12-14 01:36:47.176 W/ActivityManager( 1629): 	at android.os.Binder.execTransact(Binder.java:674)
12-14 01:36:47.180 W/ActivityManager( 1629): Bad activity token: android.os.BinderProxy@792d1
12-14 01:36:47.180 W/ActivityManager( 1629): java.lang.ClassCastException: android.os.BinderProxy cannot be cast to com.android.server.am.ActivityRecord$Token
12-14 01:36:47.180 W/ActivityManager( 1629): 	at com.android.server.am.ActivityRecord.forTokenLocked(ActivityRecord.java:778)
12-14 01:36:47.180 W/ActivityManager( 1629): 	at com.android.server.am.ActivityRecord.isInStackLocked(ActivityRecord.java:2085)
12-14 01:36:47.180 W/ActivityManager( 1629): 	at com.android.server.am.ActivityRecord.getStackLocked(ActivityRecord.java:2090)
12-14 01:36:47.180 W/ActivityManager( 1629): 	at com.android.server.am.ActivityManagerService.getActivityStackId(ActivityManagerService.java:10417)
12-14 01:36:47.180 W/ActivityManager( 1629): 	at android.app.IActivityManager$Stub.onTransact(IActivityManager.java:3548)
12-14 01:36:47.180 W/ActivityManager( 1629): 	at com.android.server.am.ActivityManagerService.onTransact(ActivityManagerService.java:2935)
12-14 01:36:47.180 W/ActivityManager( 1629): 	at android.os.Binder.execTransact(Binder.java:674)
12-14 01:36:47.183 V/StatusBar( 1732): setLightsOn(true)
12-14 01:36:47.187 D/EGL_emulation( 2189): eglMakeCurrent: 0x9f37e280: ver 3 0 (tinfo 0x9f37f5b0)
12-14 01:36:47.188 D/EGL_emulation( 2145): eglMakeCurrent: 0xa19843c0: ver 3 0 (tinfo 0xa1983310)
12-14 01:36:47.200 D/EGL_emulation( 1732): eglMakeCurrent: 0xa19846c0: ver 3 0 (tinfo 0xa1983480)
12-14 01:36:47.217 I/chatty  ( 1732): uid=10028(u0_a28) RenderThread identical 1 line
12-14 01:36:47.224 D/EGL_emulation( 1732): eglMakeCurrent: 0xa19846c0: ver 3 0 (tinfo 0xa1983480)
12-14 01:36:47.225 V/StatusBar( 1732): setLightsOn(true)
12-14 01:36:47.229 E/ContentStoreEUAS( 2189): Failed to commit the deferred actions
12-14 01:36:47.231 D/EGL_emulation( 1732): eglMakeCurrent: 0xa19846c0: ver 3 0 (tinfo 0xa1983480)
12-14 01:36:47.259 I/chatty  ( 1732): uid=10028(u0_a28) RenderThread identical 3 lines
12-14 01:36:47.273 D/EGL_emulation( 1732): eglMakeCurrent: 0xa19846c0: ver 3 0 (tinfo 0xa1983480)
12-14 01:36:47.281 D/FillupsProvider( 4429): Creating database
12-14 01:36:47.297 D/EGL_emulation( 1732): eglMakeCurrent: 0xa19846c0: ver 3 0 (tinfo 0xa1983480)
12-14 01:36:47.315 I/zygote  ( 4429): Do partial code cache collection, code=29KB, data=21KB
12-14 01:36:47.316 I/zygote  ( 4429): After code cache collection, code=29KB, data=21KB
12-14 01:36:47.316 I/zygote  ( 4429): Increasing code cache capacity to 128KB
12-14 01:36:47.319 D/EGL_emulation( 1732): eglMakeCurrent: 0xa19846c0: ver 3 0 (tinfo 0xa1983480)
12-14 01:36:47.342 I/chatty  ( 1732): uid=10028(u0_a28) RenderThread identical 2 lines
12-14 01:36:47.352 D/EGL_emulation( 1732): eglMakeCurrent: 0xa19846c0: ver 3 0 (tinfo 0xa1983480)
12-14 01:36:47.355 I/Finsky  ( 2548): [115] nmi.run(36): Stats for Executor: BlockingExecutor non@7d191e8[Running, pool size = 2, active threads = 0, queued tasks = 0, completed tasks = 17]
12-14 01:36:47.355 D/EGL_emulation( 1732): eglMakeCurrent: 0xa19846c0: ver 3 0 (tinfo 0xa1983480)
12-14 01:36:47.357 I/Finsky  ( 2548): [115] nmi.run(36): Stats for Executor: LightweightExecutor non@200001[Running, pool size = 2, active threads = 0, queued tasks = 0, completed tasks = 71]
12-14 01:36:47.370 D/EGL_emulation( 1732): eglMakeCurrent: 0xa19846c0: ver 3 0 (tinfo 0xa1983480)
12-14 01:36:47.392 W/ActivityManager( 1629): Bad activity token: android.os.BinderProxy@792d1
12-14 01:36:47.392 W/ActivityManager( 1629): java.lang.ClassCastException: android.os.BinderProxy cannot be cast to com.android.server.am.ActivityRecord$Token
12-14 01:36:47.392 W/ActivityManager( 1629): 	at com.android.server.am.ActivityRecord.forTokenLocked(ActivityRecord.java:778)
12-14 01:36:47.392 W/ActivityManager( 1629): 	at com.android.server.am.ActivityRecord.isInStackLocked(ActivityRecord.java:2085)
12-14 01:36:47.392 W/ActivityManager( 1629): 	at com.android.server.am.ActivityManagerService.getActivityOptions(ActivityManagerService.java:13302)
12-14 01:36:47.392 W/ActivityManager( 1629): 	at android.app.IActivityManager$Stub.onTransact(IActivityManager.java:2910)
12-14 01:36:47.392 W/ActivityManager( 1629): 	at com.android.server.am.ActivityManagerService.onTransact(ActivityManagerService.java:2935)
12-14 01:36:47.392 W/ActivityManager( 1629): 	at android.os.Binder.execTransact(Binder.java:674)
12-14 01:36:47.393 W/ActivityManager( 1629): Bad activity token: android.os.BinderProxy@792d1
12-14 01:36:47.393 W/ActivityManager( 1629): java.lang.ClassCastException: android.os.BinderProxy cannot be cast to com.android.server.am.ActivityRecord$Token
12-14 01:36:47.393 W/ActivityManager( 1629): 	at com.android.server.am.ActivityRecord.forTokenLocked(ActivityRecord.java:778)
12-14 01:36:47.393 W/ActivityManager( 1629): 	at com.android.server.am.ActivityRecord.isInStackLocked(ActivityRecord.java:2085)
12-14 01:36:47.393 W/ActivityManager( 1629): 	at com.android.server.am.ActivityManagerService.getActivityOptions(ActivityManagerService.java:13302)
12-14 01:36:47.393 W/ActivityManager( 1629): 	at android.app.IActivityManager$Stub.onTransact(IActivityManager.java:2910)
12-14 01:36:47.393 W/ActivityManager( 1629): 	at com.android.server.am.ActivityManagerService.onTransact(ActivityManagerService.java:2935)
12-14 01:36:47.393 W/ActivityManager( 1629): 	at android.os.Binder.execTransact(Binder.java:674)
12-14 01:36:47.403 I/chatty  ( 1732): uid=10028(u0_a28) RenderThread identical 4 lines
12-14 01:36:47.410 D/EGL_emulation( 1732): eglMakeCurrent: 0xa19846c0: ver 3 0 (tinfo 0xa1983480)
12-14 01:36:47.481 V/StatusBar( 1732): setLightsOn(true)
12-14 01:36:47.537 I/chatty  ( 1732): uid=10028(u0_a28) com.android.systemui identical 2 lines
12-14 01:36:47.537 V/StatusBar( 1732): setLightsOn(true)
12-14 01:36:47.552 I/zygote  ( 4429): Do partial code cache collection, code=44KB, data=58KB
12-14 01:36:47.553 I/zygote  ( 4429): After code cache collection, code=44KB, data=58KB
12-14 01:36:47.553 I/zygote  ( 4429): Increasing code cache capacity to 256KB
12-14 01:36:47.553 I/zygote  ( 4429): JIT allocated 71KB for compiled code of void android.widget.TextView.<init>(android.content.Context, android.util.AttributeSet, int, int)
12-14 01:36:47.553 I/zygote  ( 4429): Compiler allocated 4MB to compile void android.widget.TextView.<init>(android.content.Context, android.util.AttributeSet, int, int)
12-14 01:36:47.574 D/gralloc_ranchu( 1395): gralloc_alloc: Creating ashmem region of size 7753728
12-14 01:36:47.574 I/zygote  ( 4429): Do full code cache collection, code=123KB, data=69KB
12-14 01:36:47.575 I/zygote  ( 4429): After code cache collection, code=84KB, data=35KB
12-14 01:36:47.591 D/        ( 4429): HostConnection::get() New Host Connection established 0x9f02fc80, tid 4429
12-14 01:36:47.616 V/StatusBar( 1732): setLightsOn(true)
12-14 01:36:47.639 V/StatusBar( 1732): setLightsOn(true)
12-14 01:36:47.640 I/ActivityManager( 1629): Displayed com.evancharlton.mileage/.Mileage: +526ms
12-14 01:36:47.641 V/StatusBar( 1732): setLightsOn(true)
12-14 01:36:47.648 V/StatusBar( 1732): setLightsOn(true)
12-14 01:36:47.664 D/gralloc_ranchu( 1395): gralloc_alloc: Creating ashmem region of size 7753728
12-14 01:36:47.666 V/StatusBar( 1732): setLightsOn(true)
12-14 01:36:47.837 I/chatty  ( 1732): uid=10028(u0_a28) com.android.systemui identical 1 line
12-14 01:36:47.854 V/StatusBar( 1732): setLightsOn(true)
12-14 01:36:47.889 I/System.out( 4429): URI: //
12-14 01:36:47.890 I/System.out( 4429): params: {json={"command":"set_activity_orientation","arguments":["landscape"]}
12-14 01:36:47.890 I/System.out( 4429): }
12-14 01:36:47.890 I/System.out( 4429): header: {content-type=application/json;charset=utf-8, date=Mon, 14 Dec 2020 06:36:48 GMT, accept=*/*, host=127.0.0.1:34777, content-length=64, user-agent=HTTPClient/1.0 (2.8.3, ruby 2.5.8 (2020-03-31))}
12-14 01:36:47.890 I/System.out( 4429): params: {json={"command":"set_activity_orientation","arguments":["landscape"]}
12-14 01:36:47.890 I/System.out( 4429): }
12-14 01:36:47.890 I/System.out( 4429): ProP json = {"command":"set_activity_orientation","arguments":["landscape"]}
12-14 01:36:47.890 I/System.out( 4429): files: {}
12-14 01:36:47.890 I/System.out( 4429): command: {"command":"set_activity_orientation","arguments":["landscape"]}
12-14 01:36:47.892 I/InstrumentationBackend( 4429): Got command:'Command:'Line:null,set_activity_orientation', arguments:'[landscape]'
12-14 01:36:47.904 D/gralloc_ranchu( 1395): gralloc_alloc: Creating ashmem region of size 8298496
12-14 01:36:47.921 W/LocalDisplayAdapter( 1629): Unable to find color mode 0, ignoring request.
12-14 01:36:47.933 I/InputReader( 1629): Reconfiguring input devices.  changes=0x00000004
12-14 01:36:47.933 I/ActivityManager( 1629): Config changes=480 {1.0 310mcc260mnc [en_US] ldltr sw411dp w683dp h387dp 420dpi nrml land finger qwerty/v/v -nav/h appBounds=Rect(0, 0 - 1794, 1080) s.7}
12-14 01:36:47.933 I/InputReader( 1629): Device reconfigured: id=0, name='qwerty2', size 1080x1920, orientation 1, mode 1, display id 0
12-14 01:36:47.939 I/InputReader( 1629): Reconfiguring input devices.  changes=0x00000004
12-14 01:36:47.940 I/InputReader( 1629): Reconfiguring input devices.  changes=0x00000004
12-14 01:36:47.944 I/ActivityManager( 1629): Override config changes=480 {1.0 310mcc260mnc [en_US] ldltr sw411dp w683dp h387dp 420dpi nrml land finger qwerty/v/v -nav/h appBounds=Rect(0, 0 - 1794, 1080) s.7} for displayId=0
12-14 01:36:48.035 I/calabash( 4429): newActivity1
12-14 01:36:48.052 D/gralloc_ranchu( 1395): gralloc_alloc: Creating ashmem region of size 544768
12-14 01:36:48.066 D/EGL_emulation( 1732): eglMakeCurrent: 0xa19846c0: ver 3 0 (tinfo 0xa1983480)
12-14 01:36:48.071 D/gralloc_ranchu( 1395): gralloc_alloc: Creating ashmem region of size 544768
12-14 01:36:48.080 D/NuPlayerDriver( 1484): NuPlayerDriver(0xa3e9c070) created, clientPid(1732)
12-14 01:36:48.114 W/ActivityManager( 1629): Bad activity token: android.os.BinderProxy@da53335
12-14 01:36:48.114 W/ActivityManager( 1629): java.lang.ClassCastException: android.os.BinderProxy cannot be cast to com.android.server.am.ActivityRecord$Token
12-14 01:36:48.114 W/ActivityManager( 1629): 	at com.android.server.am.ActivityRecord.forTokenLocked(ActivityRecord.java:778)
12-14 01:36:48.114 W/ActivityManager( 1629): 	at com.android.server.am.ActivityRecord.isInStackLocked(ActivityRecord.java:2085)
12-14 01:36:48.114 W/ActivityManager( 1629): 	at com.android.server.am.ActivityRecord.getStackLocked(ActivityRecord.java:2090)
12-14 01:36:48.114 W/ActivityManager( 1629): 	at com.android.server.am.ActivityManagerService.getActivityDisplayId(ActivityManagerService.java:10406)
12-14 01:36:48.114 W/ActivityManager( 1629): 	at android.app.IActivityManager$Stub.onTransact(IActivityManager.java:2738)
12-14 01:36:48.114 W/ActivityManager( 1629): 	at com.android.server.am.ActivityManagerService.onTransact(ActivityManagerService.java:2935)
12-14 01:36:48.114 W/ActivityManager( 1629): 	at android.os.Binder.execTransact(Binder.java:674)
12-14 01:36:48.117 I/calabash( 4429): newActivity1
12-14 01:36:48.122 W/ActivityManager( 1629): Bad activity token: android.os.BinderProxy@da53335
12-14 01:36:48.122 W/ActivityManager( 1629): java.lang.ClassCastException: android.os.BinderProxy cannot be cast to com.android.server.am.ActivityRecord$Token
12-14 01:36:48.122 W/ActivityManager( 1629): 	at com.android.server.am.ActivityRecord.forTokenLocked(ActivityRecord.java:778)
12-14 01:36:48.122 W/ActivityManager( 1629): 	at com.android.server.am.ActivityRecord.isInStackLocked(ActivityRecord.java:2085)
12-14 01:36:48.122 W/ActivityManager( 1629): 	at com.android.server.am.ActivityManagerService.setTaskDescription(ActivityManagerService.java:9988)
12-14 01:36:48.122 W/ActivityManager( 1629): 	at android.app.IActivityManager$Stub.onTransact(IActivityManager.java:2824)
12-14 01:36:48.122 W/ActivityManager( 1629): 	at com.android.server.am.ActivityManagerService.onTransact(ActivityManagerService.java:2935)
12-14 01:36:48.122 W/ActivityManager( 1629): 	at android.os.Binder.execTransact(Binder.java:674)
12-14 01:36:48.122 I/System.out( 4429): result:{"bonusInformation":[],"message":"","success":true}
12-14 01:36:48.123 W/ActivityManager( 1629): Bad activity token: android.os.BinderProxy@da53335
12-14 01:36:48.123 W/ActivityManager( 1629): java.lang.ClassCastException: android.os.BinderProxy cannot be cast to com.android.server.am.ActivityRecord$Token
12-14 01:36:48.123 W/ActivityManager( 1629): 	at com.android.server.am.ActivityRecord.forTokenLocked(ActivityRecord.java:778)
12-14 01:36:48.123 W/ActivityManager( 1629): 	at com.android.server.am.ActivityRecord.isInStackLocked(ActivityRecord.java:2085)
12-14 01:36:48.123 W/ActivityManager( 1629): 	at com.android.server.am.ActivityRecord.getStackLocked(ActivityRecord.java:2090)
12-14 01:36:48.123 W/ActivityManager( 1629): 	at com.android.server.am.ActivityManagerService.getActivityStackId(ActivityManagerService.java:10417)
12-14 01:36:48.123 W/ActivityManager( 1629): 	at android.app.IActivityManager$Stub.onTransact(IActivityManager.java:3548)
12-14 01:36:48.123 W/ActivityManager( 1629): 	at com.android.server.am.ActivityManagerService.onTransact(ActivityManagerService.java:2935)
12-14 01:36:48.123 W/ActivityManager( 1629): 	at android.os.Binder.execTransact(Binder.java:674)
12-14 01:36:48.130 D/GenericSource( 1484): FileSource remote
12-14 01:36:48.140 D/NuPlayerDriver( 1484): notifyListener_l(0xa3e9c070), (1, 0, 0, -1), loop setting(0, 0)
12-14 01:36:48.149 I/MediaFocusControl( 1629):  AudioFocus  requestAudioFocus() from uid/pid 10028/1732 clientId=android.media.AudioManager@73e80fc req=3 flags=0x0
12-14 01:36:48.173 W/ActivityManager( 1629): Bad activity token: android.os.BinderProxy@da53335
12-14 01:36:48.173 W/ActivityManager( 1629): java.lang.ClassCastException: android.os.BinderProxy cannot be cast to com.android.server.am.ActivityRecord$Token
12-14 01:36:48.173 W/ActivityManager( 1629): 	at com.android.server.am.ActivityRecord.forTokenLocked(ActivityRecord.java:778)
12-14 01:36:48.173 W/ActivityManager( 1629): 	at com.android.server.am.ActivityRecord.isInStackLocked(ActivityRecord.java:2085)
12-14 01:36:48.173 W/ActivityManager( 1629): 	at com.android.server.am.ActivityManagerService.getActivityOptions(ActivityManagerService.java:13302)
12-14 01:36:48.173 W/ActivityManager( 1629): 	at android.app.IActivityManager$Stub.onTransact(IActivityManager.java:2910)
12-14 01:36:48.173 W/ActivityManager( 1629): 	at com.android.server.am.ActivityManagerService.onTransact(ActivityManagerService.java:2935)
12-14 01:36:48.173 W/ActivityManager( 1629): 	at android.os.Binder.execTransact(Binder.java:674)
12-14 01:36:48.173 W/ActivityManager( 1629): Bad activity token: android.os.BinderProxy@da53335
12-14 01:36:48.173 W/ActivityManager( 1629): java.lang.ClassCastException: android.os.BinderProxy cannot be cast to com.android.server.am.ActivityRecord$Token
12-14 01:36:48.173 W/ActivityManager( 1629): 	at com.android.server.am.ActivityRecord.forTokenLocked(ActivityRecord.java:778)
12-14 01:36:48.173 W/ActivityManager( 1629): 	at com.android.server.am.ActivityRecord.isInStackLocked(ActivityRecord.java:2085)
12-14 01:36:48.173 W/ActivityManager( 1629): 	at com.android.server.am.ActivityManagerService.getActivityOptions(ActivityManagerService.java:13302)
12-14 01:36:48.173 W/ActivityManager( 1629): 	at android.app.IActivityManager$Stub.onTransact(IActivityManager.java:2910)
12-14 01:36:48.173 W/ActivityManager( 1629): 	at com.android.server.am.ActivityManagerService.onTransact(ActivityManagerService.java:2935)
12-14 01:36:48.173 W/ActivityManager( 1629): 	at android.os.Binder.execTransact(Binder.java:674)
12-14 01:36:48.182 I/zygote  ( 1732): Do partial code cache collection, code=122KB, data=90KB
12-14 01:36:48.182 I/zygote  ( 1732): After code cache collection, code=121KB, data=89KB
12-14 01:36:48.182 I/zygote  ( 1732): Increasing code cache capacity to 512KB
12-14 01:36:48.183 V/StatusBar( 1732): setLightsOn(true)
12-14 01:36:48.193 D/gralloc_ranchu( 1395): gralloc_alloc: Creating ashmem region of size 544768
12-14 01:36:48.226 D/gralloc_ranchu( 1395): gralloc_alloc: Creating ashmem region of size 487424
12-14 01:36:48.240 D/StatusBar( 1732): disable<e i a s b h r c s q >
12-14 01:36:48.244 D/EGL_emulation( 1732): eglMakeCurrent: 0xa19846c0: ver 3 0 (tinfo 0xa1983480)
12-14 01:36:48.251 D/gralloc_ranchu( 1395): gralloc_alloc: Creating ashmem region of size 487424
12-14 01:36:48.272 I/Finsky  ( 2548): [115] nmi.run(36): Stats for Executor: bgExecutor non@f667ea6[Running, pool size = 4, active threads = 0, queued tasks = 0, completed tasks = 76]
12-14 01:36:48.302 D/gralloc_ranchu( 1395): gralloc_alloc: Creating ashmem region of size 487424
12-14 01:36:48.308 D/EGL_emulation( 1732): eglMakeCurrent: 0xa19846c0: ver 3 0 (tinfo 0xa1983480)
12-14 01:36:48.316 D/EGL_emulation( 1732): eglMakeCurrent: 0xa19846c0: ver 3 0 (tinfo 0xa1983480)
12-14 01:36:48.319 D/gralloc_ranchu( 1395): gralloc_alloc: Creating ashmem region of size 7753728
12-14 01:36:48.323 V/StatusBar( 1732): setLightsOn(true)
12-14 01:36:48.374 I/zygote  ( 4429): Do partial code cache collection, code=122KB, data=75KB
12-14 01:36:48.381 I/zygote  ( 4429): After code cache collection, code=122KB, data=75KB
12-14 01:36:48.381 I/zygote  ( 4429): Increasing code cache capacity to 512KB
12-14 01:36:48.390 V/StatusBar( 1732): setLightsOn(true)
12-14 01:36:48.393 E/memtrack( 1629): Couldn't load memtrack module
12-14 01:36:48.393 W/android.os.Debug( 1629): failed to get memory consumption info: -1
12-14 01:36:48.399 D/gralloc_ranchu( 1395): gralloc_alloc: Creating ashmem region of size 7753728
12-14 01:36:48.403 I/WindowManager( 1629): Screen frozen for +510ms due to Window{e901d9c u0 com.evancharlton.mileage/com.evancharlton.mileage.Mileage}
12-14 01:36:48.422 V/StatusBar( 1732): setLightsOn(true)
12-14 01:36:48.469 D/SurfaceFlinger( 1409): duplicate layer name: changing BlackSurface to BlackSurface#1
12-14 01:36:48.487 D/SurfaceFlinger( 1409): duplicate layer name: changing BlackSurface to BlackSurface#2
12-14 01:36:48.502 D/SurfaceFlinger( 1409): duplicate layer name: changing BlackSurface to BlackSurface#3
12-14 01:36:48.522 I/PBSessionCacheImpl( 2189): Deleted sessionId[7094185381793] from persistence.
12-14 01:36:48.526 W/SurfaceFlinger( 1409): couldn't log to binary event log: overflow.
12-14 01:36:48.585 W/SearchService( 2189): Abort, client detached.
12-14 01:36:48.650 D/NuPlayerDriver( 1484): start(0xa3e9c070), state is 4, eos is 0
12-14 01:36:48.650 I/GenericSource( 1484): start
12-14 01:36:48.674 I/OMXClient( 1484): Treble IOmx obtained
12-14 01:36:48.674 I/OMXMaster( 1489): makeComponentInstance(OMX.google.vorbis.decoder) in omx@1.0-service process
12-14 01:36:48.679 E/OMXNodeInstance( 1489): setConfig(0xac5210e0:google.vorbis.decoder, ConfigPriority(0x6f800002)) ERROR: Undefined(0x80001001)
12-14 01:36:48.679 I/ACodec  ( 1484): codec does not support config priority (err -2147483648)
12-14 01:36:48.679 E/OMXNodeInstance( 1489): getConfig(0xac5210e0:google.vorbis.decoder, ConfigAndroidVendorExtension(0x6f100004)) ERROR: Undefined(0x80001001)
12-14 01:36:48.680 I/MediaCodec( 1484): MediaCodec will operate in async mode
12-14 01:36:48.683 W//system/bin/hw/android.hidl.allocator@1.0-service( 1388): ashmem_create_region(32768) returning hidl_memory(0xa8f9b850, 32768)
12-14 01:36:48.708 I/chatty  ( 1388): uid=1000(system) allocator@1.0-s identical 10 lines
12-14 01:36:48.708 W//system/bin/hw/android.hidl.allocator@1.0-service( 1388): ashmem_create_region(32768) returning hidl_memory(0xa8f9b850, 32768)
12-14 01:36:48.727 D/AudioTrack( 1484): Client defaulted notificationFrames to 7406 for frameCount 22218
12-14 01:36:48.731 D/NuPlayerDriver( 1484): notifyListener_l(0xa3e9c070), (6, 0, 0, -1), loop setting(0, 0)
12-14 01:36:48.734 W/audio_hw_generic( 1389): Not supplying enough data to HAL, expected position 357970 , only wrote 357840
12-14 01:36:48.941 V/StatusBar( 1732): setLightsOn(true)
12-14 01:36:49.478 D/gralloc_ranchu( 1395): gralloc_alloc: Creating ashmem region of size 7753728
12-14 01:36:50.213 I/NuPlayerDecoder( 1484): [audio] saw output EOS
12-14 01:36:50.219 I/Finsky:download_service( 2684): [125] nmi.run(36): Stats for Executor: bgExecutor non@708c404[Running, pool size = 0, active threads = 0, queued tasks = 0, completed tasks = 0]
12-14 01:36:50.303 E/SurfaceFlinger( 1409): ro.sf.lcd_density must be defined as a build property
12-14 01:36:50.314 D/gralloc_ranchu( 1395): gralloc_alloc: Creating ashmem region of size 8298496
12-14 01:36:50.322 D/        ( 4488): HostConnection::get() New Host Connection established 0xaadaf800, tid 4488
12-14 01:36:50.464 D/AudioTrack( 1484): stop() called with 84672 frames delivered
12-14 01:36:50.556 I/zygote  ( 1629): Explicit concurrent copying GC freed 24602(1837KB) AllocSpace objects, 13(292KB) LOS objects, 38% free, 9MB/15MB, paused 479us total 45.015ms
12-14 01:36:50.628 I/System.out( 4429): URI: //
12-14 01:36:50.628 I/System.out( 4429): params: {json={"command":"set_activity_orientation","arguments":["portrait"]}
12-14 01:36:50.628 I/System.out( 4429): }
12-14 01:36:50.628 I/System.out( 4429): header: {content-type=application/json;charset=utf-8, date=Mon, 14 Dec 2020 06:36:51 GMT, accept=*/*, host=127.0.0.1:34777, content-length=63, user-agent=HTTPClient/1.0 (2.8.3, ruby 2.5.8 (2020-03-31))}
12-14 01:36:50.628 I/System.out( 4429): params: {json={"command":"set_activity_orientation","arguments":["portrait"]}
12-14 01:36:50.628 I/System.out( 4429): }
12-14 01:36:50.628 I/System.out( 4429): ProP json = {"command":"set_activity_orientation","arguments":["portrait"]}
12-14 01:36:50.629 I/System.out( 4429): files: {}
12-14 01:36:50.629 I/System.out( 4429): command: {"command":"set_activity_orientation","arguments":["portrait"]}
12-14 01:36:50.631 I/InstrumentationBackend( 4429): Got command:'Command:'Line:null,set_activity_orientation', arguments:'[portrait]'
12-14 01:36:50.634 D/gralloc_ranchu( 1395): gralloc_alloc: Creating ashmem region of size 8298496
12-14 01:36:50.648 W/LocalDisplayAdapter( 1629): Unable to find color mode 0, ignoring request.
12-14 01:36:50.661 I/ActivityManager( 1629): Config changes=480 {1.0 310mcc260mnc [en_US] ldltr sw411dp w411dp h659dp 420dpi nrml port finger qwerty/v/v -nav/h appBounds=Rect(0, 0 - 1080, 1794) s.8}
12-14 01:36:50.667 I/InputReader( 1629): Reconfiguring input devices.  changes=0x00000004
12-14 01:36:50.667 I/InputReader( 1629): Device reconfigured: id=0, name='qwerty2', size 1080x1920, orientation 0, mode 1, display id 0
12-14 01:36:50.691 I/zygote  ( 1720): Do partial code cache collection, code=61KB, data=38KB
12-14 01:36:50.694 I/zygote  ( 1720): After code cache collection, code=61KB, data=38KB
12-14 01:36:50.694 I/zygote  ( 1720): Increasing code cache capacity to 256KB
12-14 01:36:50.694 I/ActivityManager( 1629): Override config changes=480 {1.0 310mcc260mnc [en_US] ldltr sw411dp w411dp h659dp 420dpi nrml port finger qwerty/v/v -nav/h appBounds=Rect(0, 0 - 1080, 1794) s.8} for displayId=0
12-14 01:36:50.724 I/calabash( 4429): newActivity1
12-14 01:36:50.739 D/gralloc_ranchu( 1395): gralloc_alloc: Creating ashmem region of size 544768
12-14 01:36:50.748 D/EGL_emulation( 1732): eglMakeCurrent: 0xa19846c0: ver 3 0 (tinfo 0xa1983480)
12-14 01:36:50.752 D/gralloc_ranchu( 1395): gralloc_alloc: Creating ashmem region of size 544768
12-14 01:36:50.774 W/ActivityManager( 1629): Bad activity token: android.os.BinderProxy@7e997d2
12-14 01:36:50.774 W/ActivityManager( 1629): java.lang.ClassCastException: android.os.BinderProxy cannot be cast to com.android.server.am.ActivityRecord$Token
12-14 01:36:50.774 W/ActivityManager( 1629): 	at com.android.server.am.ActivityRecord.forTokenLocked(ActivityRecord.java:778)
12-14 01:36:50.774 W/ActivityManager( 1629): 	at com.android.server.am.ActivityRecord.isInStackLocked(ActivityRecord.java:2085)
12-14 01:36:50.774 W/ActivityManager( 1629): 	at com.android.server.am.ActivityRecord.getStackLocked(ActivityRecord.java:2090)
12-14 01:36:50.774 W/ActivityManager( 1629): 	at com.android.server.am.ActivityManagerService.getActivityDisplayId(ActivityManagerService.java:10406)
12-14 01:36:50.774 W/ActivityManager( 1629): 	at android.app.IActivityManager$Stub.onTransact(IActivityManager.java:2738)
12-14 01:36:50.774 W/ActivityManager( 1629): 	at com.android.server.am.ActivityManagerService.onTransact(ActivityManagerService.java:2935)
12-14 01:36:50.774 W/ActivityManager( 1629): 	at android.os.Binder.execTransact(Binder.java:674)
12-14 01:36:50.775 I/calabash( 4429): newActivity1
12-14 01:36:50.781 W/ActivityManager( 1629): Bad activity token: android.os.BinderProxy@7e997d2
12-14 01:36:50.781 W/ActivityManager( 1629): java.lang.ClassCastException: android.os.BinderProxy cannot be cast to com.android.server.am.ActivityRecord$Token
12-14 01:36:50.781 W/ActivityManager( 1629): 	at com.android.server.am.ActivityRecord.forTokenLocked(ActivityRecord.java:778)
12-14 01:36:50.781 W/ActivityManager( 1629): 	at com.android.server.am.ActivityRecord.isInStackLocked(ActivityRecord.java:2085)
12-14 01:36:50.781 W/ActivityManager( 1629): 	at com.android.server.am.ActivityManagerService.setTaskDescription(ActivityManagerService.java:9988)
12-14 01:36:50.781 W/ActivityManager( 1629): 	at android.app.IActivityManager$Stub.onTransact(IActivityManager.java:2824)
12-14 01:36:50.781 W/ActivityManager( 1629): 	at com.android.server.am.ActivityManagerService.onTransact(ActivityManagerService.java:2935)
12-14 01:36:50.781 W/ActivityManager( 1629): 	at android.os.Binder.execTransact(Binder.java:674)
12-14 01:36:50.782 W/ActivityManager( 1629): Bad activity token: android.os.BinderProxy@7e997d2
12-14 01:36:50.782 W/ActivityManager( 1629): java.lang.ClassCastException: android.os.BinderProxy cannot be cast to com.android.server.am.ActivityRecord$Token
12-14 01:36:50.782 W/ActivityManager( 1629): 	at com.android.server.am.ActivityRecord.forTokenLocked(ActivityRecord.java:778)
12-14 01:36:50.782 W/ActivityManager( 1629): 	at com.android.server.am.ActivityRecord.isInStackLocked(ActivityRecord.java:2085)
12-14 01:36:50.782 W/ActivityManager( 1629): 	at com.android.server.am.ActivityRecord.getStackLocked(ActivityRecord.java:2090)
12-14 01:36:50.782 W/ActivityManager( 1629): 	at com.android.server.am.ActivityManagerService.getActivityStackId(ActivityManagerService.java:10417)
12-14 01:36:50.782 W/ActivityManager( 1629): 	at android.app.IActivityManager$Stub.onTransact(IActivityManager.java:3548)
12-14 01:36:50.782 W/ActivityManager( 1629): 	at com.android.server.am.ActivityManagerService.onTransact(ActivityManagerService.java:2935)
12-14 01:36:50.782 W/ActivityManager( 1629): 	at android.os.Binder.execTransact(Binder.java:674)
12-14 01:36:50.805 D/NuPlayerDriver( 1484): notifyListener_l(0xa3e9c070), (2, 0, 0, -1), loop setting(0, 0)
12-14 01:36:50.806 I/MediaFocusControl( 1629):  AudioFocus  abandonAudioFocus() from uid/pid 10028/1732 clientId=android.media.AudioManager@73e80fc
12-14 01:36:50.815 V/StatusBar( 1732): setLightsOn(true)
12-14 01:36:50.822 D/gralloc_ranchu( 1395): gralloc_alloc: Creating ashmem region of size 544768
12-14 01:36:50.845 W/ActivityManager( 1629): Bad activity token: android.os.BinderProxy@7e997d2
12-14 01:36:50.845 W/ActivityManager( 1629): java.lang.ClassCastException: android.os.BinderProxy cannot be cast to com.android.server.am.ActivityRecord$Token
12-14 01:36:50.845 W/ActivityManager( 1629): 	at com.android.server.am.ActivityRecord.forTokenLocked(ActivityRecord.java:778)
12-14 01:36:50.845 W/ActivityManager( 1629): 	at com.android.server.am.ActivityRecord.isInStackLocked(ActivityRecord.java:2085)
12-14 01:36:50.845 W/ActivityManager( 1629): 	at com.android.server.am.ActivityManagerService.getActivityOptions(ActivityManagerService.java:13302)
12-14 01:36:50.845 W/ActivityManager( 1629): 	at android.app.IActivityManager$Stub.onTransact(IActivityManager.java:2910)
12-14 01:36:50.845 W/ActivityManager( 1629): 	at com.android.server.am.ActivityManagerService.onTransact(ActivityManagerService.java:2935)
12-14 01:36:50.845 W/ActivityManager( 1629): 	at android.os.Binder.execTransact(Binder.java:674)
12-14 01:36:50.846 W/ActivityManager( 1629): Bad activity token: android.os.BinderProxy@7e997d2
12-14 01:36:50.846 W/ActivityManager( 1629): java.lang.ClassCastException: android.os.BinderProxy cannot be cast to com.android.server.am.ActivityRecord$Token
12-14 01:36:50.846 W/ActivityManager( 1629): 	at com.android.server.am.ActivityRecord.forTokenLocked(ActivityRecord.java:778)
12-14 01:36:50.846 W/ActivityManager( 1629): 	at com.android.server.am.ActivityRecord.isInStackLocked(ActivityRecord.java:2085)
12-14 01:36:50.846 W/ActivityManager( 1629): 	at com.android.server.am.ActivityManagerService.getActivityOptions(ActivityManagerService.java:13302)
12-14 01:36:50.846 W/ActivityManager( 1629): 	at android.app.IActivityManager$Stub.onTransact(IActivityManager.java:2910)
12-14 01:36:50.846 W/ActivityManager( 1629): 	at com.android.server.am.ActivityManagerService.onTransact(ActivityManagerService.java:2935)
12-14 01:36:50.846 W/ActivityManager( 1629): 	at android.os.Binder.execTransact(Binder.java:674)
12-14 01:36:50.861 I/System.out( 4429): result:{"bonusInformation":[],"message":"","success":true}
12-14 01:36:50.881 D/gralloc_ranchu( 1395): gralloc_alloc: Creating ashmem region of size 274432
12-14 01:36:50.905 D/StatusBar( 1732): disable<e i a s b h r c s q >
12-14 01:36:50.919 D/EGL_emulation( 1732): eglMakeCurrent: 0xa19846c0: ver 3 0 (tinfo 0xa1983480)
12-14 01:36:50.924 D/gralloc_ranchu( 1395): gralloc_alloc: Creating ashmem region of size 274432
12-14 01:36:50.956 D/gralloc_ranchu( 1395): gralloc_alloc: Creating ashmem region of size 274432
12-14 01:36:50.969 D/EGL_emulation( 1732): eglMakeCurrent: 0xa19846c0: ver 3 0 (tinfo 0xa1983480)
12-14 01:36:50.973 D/EGL_emulation( 1732): eglMakeCurrent: 0xa19846c0: ver 3 0 (tinfo 0xa1983480)
12-14 01:36:50.978 V/StatusBar( 1732): setLightsOn(true)
12-14 01:36:50.992 I/zygote  ( 4429): JIT allocated 56KB for compiled code of void android.view.View.<init>(android.content.Context, android.util.AttributeSet, int, int)
12-14 01:36:51.011 D/gralloc_ranchu( 1395): gralloc_alloc: Creating ashmem region of size 7753728
12-14 01:36:51.049 I/zygote  ( 4429): Do full code cache collection, code=250KB, data=133KB
12-14 01:36:51.052 I/zygote  ( 4429): After code cache collection, code=250KB, data=104KB
12-14 01:36:51.053 I/zygote  ( 4429): Do partial code cache collection, code=250KB, data=105KB
12-14 01:36:51.054 I/zygote  ( 4429): After code cache collection, code=250KB, data=105KB
12-14 01:36:51.054 I/zygote  ( 4429): Increasing code cache capacity to 1024KB
12-14 01:36:51.076 V/StatusBar( 1732): setLightsOn(true)
12-14 01:36:51.082 I/WindowManager( 1629): Screen frozen for +451ms due to Window{91f43f7 u0 com.evancharlton.mileage/com.evancharlton.mileage.Mileage}
12-14 01:36:51.087 V/StatusBar( 1732): setLightsOn(true)
12-14 01:36:51.094 D/gralloc_ranchu( 1395): gralloc_alloc: Creating ashmem region of size 7753728
12-14 01:36:51.118 E/TaskPersister( 1629): File error accessing recents directory (directory doesn't exist?).
12-14 01:36:51.517 V/StatusBar( 1732): setLightsOn(true)
12-14 01:36:52.157 D/gralloc_ranchu( 1395): gralloc_alloc: Creating ashmem region of size 7753728
12-14 01:36:53.071 E/SurfaceFlinger( 1409): ro.sf.lcd_density must be defined as a build property
12-14 01:36:53.077 D/gralloc_ranchu( 1395): gralloc_alloc: Creating ashmem region of size 8298496
12-14 01:36:53.090 D/        ( 4496): HostConnection::get() New Host Connection established 0xb2caf800, tid 4496
12-14 01:36:53.157 I/zygote  ( 1629): Explicit concurrent copying GC freed 6730(733KB) AllocSpace objects, 1(20KB) LOS objects, 38% free, 9MB/15MB, paused 941us total 62.478ms
