--------- beginning of main
12-13 23:28:59.728 E/adbd    ( 1384): failed to connect to socket 'tcp:7102': Connection refused
12-13 23:28:59.813 V/StatusBar( 1726): setLightsOn(true)
--------- beginning of system
12-13 23:28:59.817 W/ActivityManager( 1628): Finishing task with all activities already finished
12-13 23:28:59.817 W/ActivityManager( 1628): Duplicate finish request for ActivityRecord{30fde7 u0 com.evancharlton.mileage/.Mileage t107 f}
12-13 23:28:59.817 W/ActivityManager( 1628): Finishing task with all activities already finished
12-13 23:28:59.817 W/ActivityManager( 1628): Duplicate finish request for ActivityRecord{30fde7 u0 com.evancharlton.mileage/.Mileage t107 f}
12-13 23:28:59.819 W/ActivityManager( 1628): Finishing task with all activities already finished
12-13 23:28:59.819 W/ActivityManager( 1628): Duplicate finish request for ActivityRecord{30fde7 u0 com.evancharlton.mileage/.Mileage t107 f}
12-13 23:28:59.853 I/chatty  ( 1726): uid=10028(u0_a28) com.android.systemui identical 3 lines
12-13 23:28:59.876 V/StatusBar( 1726): setLightsOn(true)
12-13 23:28:59.880 D/gralloc_ranchu( 1397): gralloc_alloc: Creating ashmem region of size 8298496
12-13 23:28:59.918 D/EGL_emulation( 1726): eglMakeCurrent: 0xa17059c0: ver 3 0 (tinfo 0xa1703540)
12-13 23:28:59.922 D/gralloc_ranchu( 1397): gralloc_alloc: Creating ashmem region of size 8298496
12-13 23:28:59.961 I/chatty  ( 1397): uid=1000(system) allocator@2.0-s identical 2 lines
12-13 23:29:00.028 D/gralloc_ranchu( 1397): gralloc_alloc: Creating ashmem region of size 8298496
12-13 23:29:00.087 I/ActivityManager( 1628): Killing 3387:com.android.mtp/u0a9 (adj 906): empty #17
12-13 23:29:00.139 D/EGL_emulation( 1726): eglMakeCurrent: 0xa17059c0: ver 3 0 (tinfo 0xa1703540)
12-13 23:29:00.140 E/hw-IPCThreadState( 1397): binder thread pool (1 threads) starved for 112 ms
12-13 23:29:00.140 D/gralloc_ranchu( 1397): gralloc_alloc: Creating ashmem region of size 8298496
12-13 23:29:00.145 E/IPCThreadState( 1406): binder thread pool (4 threads) starved for 250 ms
12-13 23:29:00.221 W/audio_hw_generic( 1391): Not supplying enough data to HAL, expected position 268376 , only wrote 267840
12-13 23:29:00.221 W/audio_hw_generic( 1391): Not supplying enough data to HAL, expected position 267878 , only wrote 267840
12-13 23:29:00.236 W/audio_hw_generic( 1391): Not supplying enough data to HAL, expected position 268573 , only wrote 268560
12-13 23:29:00.282 E/hw-IPCThreadState( 1397): binder thread pool (1 threads) starved for 142 ms
12-13 23:29:00.330 D/EGL_emulation( 2214): eglMakeCurrent: 0xa1705840: ver 3 0 (tinfo 0xa1703620)
12-13 23:29:00.366 W/SessionLifecycleManager( 2214): Handover failed. Creating new session controller.
12-13 23:29:00.379 D/EGL_emulation( 2182): eglMakeCurrent: 0x9effd260: ver 3 0 (tinfo 0x9efffc20)
12-13 23:29:00.423 D/gralloc_ranchu( 1397): gralloc_alloc: Creating ashmem region of size 7753728
12-13 23:29:00.431 I/MicroDetectionWorker( 2214): #updateMicroDetector [detectionMode: [mDetectionMode: [1]]]
12-13 23:29:00.431 I/MicroDetectionWorker( 2214): #startMicroDetector [speakerMode: 0]
12-13 23:29:00.440 I/AudioController( 2214): Using mInputStreamFactoryBuilder
12-13 23:29:00.443 I/MicroDetectionWorker( 2214): onReady
12-13 23:29:00.468 D/        ( 1726): HostConnection::get() New Host Connection established 0x89f8d400, tid 1756
12-13 23:29:00.489 I/MicroRecognitionRunner( 2214): Starting detection.
12-13 23:29:00.513 I/MicrophoneInputStream( 2214): mic_starting com.google.android.apps.gsa.staticplugins.aa.c@4289237
12-13 23:29:00.519 D/EGL_emulation( 1726): eglMakeCurrent: 0xa17059c0: ver 3 0 (tinfo 0xa1703540)
12-13 23:29:00.529 D/EGL_emulation( 1726): eglMakeCurrent: 0xa17059c0: ver 3 0 (tinfo 0xa1703540)
12-13 23:29:00.538 D/EGL_emulation( 1726): eglMakeCurrent: 0xa17059c0: ver 3 0 (tinfo 0xa1703540)
12-13 23:29:00.538 I/MicrophoneInputStream( 2214): mic_started com.google.android.apps.gsa.staticplugins.aa.c@4289237
12-13 23:29:00.546 I/AudioFlinger( 1477): AudioFlinger's thread 0xa6703d40 tid=4076 ready to run
12-13 23:29:00.550 E/ActivityThread( 2214): Failed to find provider info for com.google.android.apps.gsa.testing.ui.audio.recorded
12-13 23:29:00.553 I/MicroDetectionWorker( 2214): onReady
12-13 23:29:00.555 D/EGL_emulation( 1726): eglMakeCurrent: 0xa17059c0: ver 3 0 (tinfo 0xa1703540)
12-13 23:29:00.560 W/SpeechLevelGenerator( 2214): Really low audio levels detected. The audio input may have issues.
12-13 23:29:00.562 D/EGL_emulation( 1726): eglMakeCurrent: 0xa17059c0: ver 3 0 (tinfo 0xa1703540)
12-13 23:29:00.566 I/MicrophoneInputStream( 2214): mic_close com.google.android.apps.gsa.staticplugins.aa.c@4289237
12-13 23:29:00.571 D/EGL_emulation( 1726): eglMakeCurrent: 0xa17059c0: ver 3 0 (tinfo 0xa1703540)
12-13 23:29:00.573 I/MicroRecognitionRunner( 2214): Detection finished
12-13 23:29:00.574 W/ErrorReporter( 2214): reportError [type: 211, code: 524300]: Error reading from input stream
12-13 23:29:00.579 I/MicroRecognitionRunner( 2214): Stopping hotword detection.
12-13 23:29:00.580 W/ErrorProcessor( 2214): onFatalError, processing error from engine(4)
12-13 23:29:00.580 W/ErrorProcessor( 2214): com.google.android.apps.gsa.shared.speech.b.g: Error reading from input stream
12-13 23:29:00.580 W/ErrorProcessor( 2214): 	at com.google.android.apps.gsa.staticplugins.recognizer.j.a.a(SourceFile:28)
12-13 23:29:00.580 W/ErrorProcessor( 2214): 	at com.google.android.apps.gsa.staticplugins.recognizer.j.b.run(SourceFile:15)
12-13 23:29:00.580 W/ErrorProcessor( 2214): 	at java.util.concurrent.Executors$RunnableAdapter.call(Executors.java:457)
12-13 23:29:00.580 W/ErrorProcessor( 2214): 	at java.util.concurrent.FutureTask.run(FutureTask.java:266)
12-13 23:29:00.580 W/ErrorProcessor( 2214): 	at com.google.android.apps.gsa.shared.util.concurrent.a.ax.run(SourceFile:14)
12-13 23:29:00.580 W/ErrorProcessor( 2214): 	at com.google.android.apps.gsa.shared.util.concurrent.a.bl.run(SourceFile:4)
12-13 23:29:00.580 W/ErrorProcessor( 2214): 	at com.google.android.apps.gsa.shared.util.concurrent.a.bl.run(SourceFile:4)
12-13 23:29:00.580 W/ErrorProcessor( 2214): 	at java.util.concurrent.ThreadPoolExecutor.runWorker(ThreadPoolExecutor.java:1162)
12-13 23:29:00.580 W/ErrorProcessor( 2214): 	at java.util.concurrent.ThreadPoolExecutor$Worker.run(ThreadPoolExecutor.java:636)
12-13 23:29:00.580 W/ErrorProcessor( 2214): 	at java.lang.Thread.run(Thread.java:764)
12-13 23:29:00.580 W/ErrorProcessor( 2214): 	at com.google.android.apps.gsa.shared.util.concurrent.a.ai.run(SourceFile:6)
12-13 23:29:00.580 W/ErrorProcessor( 2214): Caused by: com.google.android.apps.gsa.shared.exception.GsaIOException: Error code: 393238 | Buffer overflow, no available space.
12-13 23:29:00.580 W/ErrorProcessor( 2214): 	at com.google.android.apps.gsa.speech.audio.Tee.f(SourceFile:103)
12-13 23:29:00.580 W/ErrorProcessor( 2214): 	at com.google.android.apps.gsa.speech.audio.au.read(SourceFile:2)
12-13 23:29:00.580 W/ErrorProcessor( 2214): 	at java.io.InputStream.read(InputStream.java:101)
12-13 23:29:00.580 W/ErrorProcessor( 2214): 	at com.google.android.apps.gsa.speech.audio.ao.run(SourceFile:18)
12-13 23:29:00.580 W/ErrorProcessor( 2214): 	at com.google.android.apps.gsa.speech.audio.an.run(SourceFile:2)
12-13 23:29:00.580 W/ErrorProcessor( 2214): 	... 9 more
12-13 23:29:00.580 I/AudioController( 2214): internalShutdown
12-13 23:29:00.585 I/MicroDetector( 2214): Keeping mic open: false
12-13 23:29:00.585 I/MicroDetectionWorker( 2214): #onError(false)
12-13 23:29:00.585 I/DeviceStateChecker( 2214): DeviceStateChecker cancelled
12-13 23:29:00.589 D/EGL_emulation( 1726): eglMakeCurrent: 0xa17059c0: ver 3 0 (tinfo 0xa1703540)
12-13 23:29:00.605 I/chatty  ( 1726): uid=10028(u0_a28) RenderThread identical 2 lines
12-13 23:29:00.628 D/EGL_emulation( 1726): eglMakeCurrent: 0xa17059c0: ver 3 0 (tinfo 0xa1703540)
12-13 23:29:00.630 I/zygote  ( 1726): NativeAllocBackground concurrent copying GC freed 4077(312KB) AllocSpace objects, 0(0B) LOS objects, 49% free, 4MB/8MB, paused 933us total 134.863ms
12-13 23:29:00.631 D/EGL_emulation( 1726): eglMakeCurrent: 0xa17059c0: ver 3 0 (tinfo 0xa1703540)
12-13 23:29:00.716 I/chatty  ( 1726): uid=10028(u0_a28) RenderThread identical 8 lines
12-13 23:29:00.727 D/EGL_emulation( 1726): eglMakeCurrent: 0xa17059c0: ver 3 0 (tinfo 0xa1703540)
12-13 23:29:00.799 W/OpenGLRenderer( 2182): Incorrectly called buildLayer on View: ShortcutAndWidgetContainer, destroying layer...
12-13 23:29:00.963 I/OpenGLRenderer( 1628): Initialized EGL, version 1.4
12-13 23:29:00.963 D/OpenGLRenderer( 1628): Swap behavior 1
12-13 23:29:00.963 W/OpenGLRenderer( 1628): Failed to choose config with EGL_SWAP_BEHAVIOR_PRESERVED, retrying without...
12-13 23:29:00.963 D/OpenGLRenderer( 1628): Swap behavior 0
12-13 23:29:00.993 D/EGL_emulation( 1628): eglCreateContext: 0x8acd1a00: maj 3 min 0 rcv 3
12-13 23:29:00.996 D/EGL_emulation( 1628): eglMakeCurrent: 0x8acd1a00: ver 3 0 (tinfo 0x8acdf0c0)
12-13 23:29:00.998 E/eglCodecCommon( 1628): glUtilsParamSize: unknow param 0x00008cdf
12-13 23:29:00.998 E/eglCodecCommon( 1628): glUtilsParamSize: unknow param 0x00008cdf
12-13 23:29:00.999 E/eglCodecCommon( 1628): glUtilsParamSize: unknow param 0x00008824
12-13 23:29:00.999 E/eglCodecCommon( 1628): glUtilsParamSize: unknow param 0x00008824
12-13 23:29:01.032 D/        ( 1628): HostConnection::get() New Host Connection established 0x8f619780, tid 1635
12-13 23:29:01.087 D/AndroidRuntime( 4071): >>>>>> START com.android.internal.os.RuntimeInit uid 2000 <<<<<<
12-13 23:29:01.136 W/app_process( 4071): Unexpected CPU variant for X86 using defaults: x86
12-13 23:29:01.155 D/AndroidRuntime( 4071): Calling main entry com.android.commands.am.Am
12-13 23:29:01.158 I/ActivityManager( 1628): Force stopping com.evancharlton.mileage appid=10168 user=0: start instr
12-13 23:29:01.158 I/ActivityManager( 1628): Killing 3998:com.evancharlton.mileage/u0a168 (adj 0): stop com.evancharlton.mileage
12-13 23:29:01.159 W/ActivityManager( 1628): Crash of app com.evancharlton.mileage running instrumentation ComponentInfo{com.evancharlton.mileage.test/sh.calaba.instrumentationbackend.CalabashInstrumentationTestRunner}
12-13 23:29:01.159 I/ActivityManager( 1628): Force stopping com.evancharlton.mileage appid=10168 user=0: finished inst
12-13 23:29:01.171 I/zygote  ( 4085): Not late-enabling -Xcheck:jni (already on)
12-13 23:29:01.175 I/ActivityManager( 1628): Start proc 4085:com.evancharlton.mileage/u0a168 for added application com.evancharlton.mileage
12-13 23:29:01.177 D/AndroidRuntime( 4071): Shutting down VM
12-13 23:29:01.191 W/zygote  ( 4085): Unexpected CPU variant for X86 using defaults: x86
12-13 23:29:01.212 E/adbd    ( 1384): failed to connect to socket 'tcp:7102': Connection refused
12-13 23:29:01.216 W/ActivityManager( 1628): setHasOverlayUi called on unknown pid: 3998
12-13 23:29:01.217 E/adbd    ( 1384): failed to connect to socket 'tcp:7102': Connection refused
12-13 23:29:01.226 W/zygote  ( 4085): Found duplicate classes, falling back to extracting from APK : /data/app/com.evancharlton.mileage.test-zxCqGBDTeIeTPwRrec_G7w==/base.apk
12-13 23:29:01.226 W/zygote  ( 4085): NOTE: This wastes RAM and hurts startup performance.
12-13 23:29:01.226 W/zygote  ( 4085): Found duplicated class when checking oat files: 'Ljunit/runner/BaseTestRunner;' in /data/app/com.evancharlton.mileage.test-zxCqGBDTeIeTPwRrec_G7w==/base.apk and /system/framework/android.test.runner.jar
12-13 23:29:01.226 W/zygote  ( 4085): 
12-13 23:29:01.263 W/System  ( 4085): ClassLoader referenced unknown path: 
12-13 23:29:01.279 I/System.out( 4085): Main activity name automatically set to: com.evancharlton.mileage.Mileage
12-13 23:29:01.281 I/System.out( 4085): Calabash did not load Mono. This is only a problem if you are trying to test a Mono application
12-13 23:29:01.282 I/calabash( 4085): Test server port: 7102
12-13 23:29:01.284 I/InstrumentationBackend( 4085): Added:'GetPreferences', with key:'get_preferences'
12-13 23:29:01.329 E/adbd    ( 1384): failed to connect to socket 'tcp:7102': Connection refused
12-13 23:29:01.335 E/adbd    ( 1384): failed to connect to socket 'tcp:7102': Connection refused
12-13 23:29:01.366 I/InstrumentationBackend( 4085): Added:'SetPreferences', with key:'set_preferences'
12-13 23:29:01.367 I/InstrumentationBackend( 4085): Added:'ClearPreferences', with key:'clear_preferences'
12-13 23:29:01.367 I/InstrumentationBackend( 4085): Added:'PressElement', with key:'press_l10n_element'
12-13 23:29:01.368 I/InstrumentationBackend( 4085): Added:'WaitForElement', with key:'wait_for_l10n_element'
12-13 23:29:01.369 I/InstrumentationBackend( 4085): Added:'NullAction', with key:'nullAction'
12-13 23:29:01.369 I/InstrumentationBackend( 4085): Added:'PressKey', with key:'press_key'
12-13 23:29:01.370 I/InstrumentationBackend( 4085): Added:'SetActivityOrientation', with key:'set_activity_orientation'
12-13 23:29:01.370 I/InstrumentationBackend( 4085): Added:'GetActivityOrientation', with key:'get_activity_orientation'
12-13 23:29:01.371 I/InstrumentationBackend( 4085): Added:'FakeGPSLocation', with key:'set_gps_coordinates'
12-13 23:29:01.371 I/InstrumentationBackend( 4085): Added:'SetPropertyByCssSelector', with key:'set_property_by_css_selector'
12-13 23:29:01.373 I/InstrumentationBackend( 4085): Added:'GetUrl', with key:'get_url'
12-13 23:29:01.376 I/InstrumentationBackend( 4085): Added:'ScrollTo', with key:'scroll_to'
12-13 23:29:01.376 I/InstrumentationBackend( 4085): Added:'GetLoadProgress', with key:'get_load_progress'
12-13 23:29:01.376 I/InstrumentationBackend( 4085): Added:'DumpHtml', with key:'dump_html'
12-13 23:29:01.377 I/InstrumentationBackend( 4085): Added:'DumpBodyHtml', with key:'dump_body_html'
12-13 23:29:01.377 I/InstrumentationBackend( 4085): Added:'EnterTextByCssSelector', with key:'enter_text_by_selector'
12-13 23:29:01.382 I/InstrumentationBackend( 4085): Added:'AndroidSDKVersion', with key:'android_sdk_version'
12-13 23:29:01.383 I/InstrumentationBackend( 4085): Added:'Version', with key:'version'
12-13 23:29:01.383 I/InstrumentationBackend( 4085): Added:'Drag', with key:'drag'
12-13 23:29:01.383 I/InstrumentationBackend( 4085): Added:'TouchCoordinates', with key:'touch_coordinate'
12-13 23:29:01.383 I/InstrumentationBackend( 4085): Added:'LongPressCoordinate', with key:'long_press_coordinate'
12-13 23:29:01.384 I/InstrumentationBackend( 4085): Added:'DragCoordinates', with key:'drag_coordinates'
12-13 23:29:01.386 I/InstrumentationBackend( 4085): Added:'ResumeApplication', with key:'resume_application'
12-13 23:29:01.386 I/InstrumentationBackend( 4085): Added:'Swipe', with key:'swipe'
12-13 23:29:01.386 I/InstrumentationBackend( 4085): Added:'DoubleTapCoordinate', with key:'double_tap_coordinate'
12-13 23:29:01.386 I/InstrumentationBackend( 4085): Added:'ClickOnScreen', with key:'click_on_screen'
12-13 23:29:01.387 I/InstrumentationBackend( 4085): Added:'GetActivityName', with key:'get_activity_name'
12-13 23:29:01.388 I/InstrumentationBackend( 4085): Added:'ScrollToView', with key:'scroll_to_view'
12-13 23:29:01.388 I/InstrumentationBackend( 4085): Added:'ViewConfiguration', with key:'view_configuration'
12-13 23:29:01.388 I/InstrumentationBackend( 4085): Added:'IsCurrentActivityFocused', with key:'is_current_activity_focused'
12-13 23:29:01.389 I/InstrumentationBackend( 4085): Added:'SendTcp', with key:'send_tcp'
12-13 23:29:01.389 I/InstrumentationBackend( 4085): Added:'DpToDevicePixel', with key:'dp_to_device_pixel'
12-13 23:29:01.391 I/InstrumentationBackend( 4085): Added:'KeyboardEnterText', with key:'keyboard_enter_text'
12-13 23:29:01.391 I/InstrumentationBackend( 4085): Added:'DeleteSurroundingText', with key:'delete_surrounding_text'
12-13 23:29:01.392 I/InstrumentationBackend( 4085): Added:'SetComposingRegion', with key:'set_composing_region'
12-13 23:29:01.393 I/InstrumentationBackend( 4085): Added:'SetSelection', with key:'set_selection'
12-13 23:29:01.393 I/InstrumentationBackend( 4085): Added:'KeyboardKeyEvent', with key:'keyboard_key_event'
12-13 23:29:01.393 I/InstrumentationBackend( 4085): Added:'PressUserActionButton', with key:'press_user_action_button'
12-13 23:29:01.394 I/InstrumentationBackend( 4085): Added:'HideSoftKeyboard', with key:'hide_soft_keyboard'
12-13 23:29:01.397 I/InstrumentationBackend( 4085): Added:'ListActions', with key:'list_actions'
12-13 23:29:01.397 I/calabash( 4085): Instantiating http server at 7102
12-13 23:29:01.397 I/System.out( 4085): HTTP Daemon listening on: 7102
12-13 23:29:01.454 I/System.out( 4085): URI: //ping
12-13 23:29:01.455 I/System.out( 4085): params: {json={}
12-13 23:29:01.455 I/System.out( 4085): }
12-13 23:29:01.468 I/System.out( 4085): URI: //ping
12-13 23:29:01.468 I/System.out( 4085): params: {json={}
12-13 23:29:01.468 I/System.out( 4085): }
12-13 23:29:01.475 I/System.out( 4085): URI: //ready
12-13 23:29:01.475 I/System.out( 4085): params: {json={}
12-13 23:29:01.475 I/System.out( 4085): }
12-13 23:29:01.483 I/System.out( 4085): URI: //
12-13 23:29:01.483 I/System.out( 4085): params: {json={"command":"version","arguments":[]}
12-13 23:29:01.483 I/System.out( 4085): }
12-13 23:29:01.483 I/System.out( 4085): header: {content-type=application/json;charset=utf-8, date=Mon, 14 Dec 2020 04:29:02 GMT, accept=*/*, host=127.0.0.1:34777, content-length=36, user-agent=HTTPClient/1.0 (2.8.3, ruby 2.5.8 (2020-03-31))}
12-13 23:29:01.483 I/System.out( 4085): params: {json={"command":"version","arguments":[]}
12-13 23:29:01.483 I/System.out( 4085): }
12-13 23:29:01.483 I/System.out( 4085): ProP json = {"command":"version","arguments":[]}
12-13 23:29:01.483 I/System.out( 4085): files: {}
12-13 23:29:01.483 I/System.out( 4085): command: {"command":"version","arguments":[]}
12-13 23:29:01.517 I/InstrumentationBackend( 4085): Got command:'Command:'Line:null,version', arguments:'[]'
12-13 23:29:01.560 I/System.out( 4085): result:{"bonusInformation":[],"message":"0.9.8","success":true}
12-13 23:29:01.572 I/System.out( 4085): URI: //start-application
12-13 23:29:01.572 I/System.out( 4085): params: {json={"intent":null}
12-13 23:29:01.572 I/System.out( 4085): }
12-13 23:29:01.618 I/ActivityManager( 1628): START u0 {act=android.intent.action.MAIN cat=[android.intent.category.LAUNCHER] flg=0x10200000 cmp=com.evancharlton.mileage/.Mileage} from uid 10168
12-13 23:29:01.634 I/calabash( 4085): newActivity1
12-13 23:29:01.653 D/gralloc_ranchu( 1397): gralloc_alloc: Creating ashmem region of size 7753728
12-13 23:29:01.674 W/ActivityManager( 1628): Bad activity token: android.os.BinderProxy@d7f101c
12-13 23:29:01.674 W/ActivityManager( 1628): java.lang.ClassCastException: android.os.BinderProxy cannot be cast to com.android.server.am.ActivityRecord$Token
12-13 23:29:01.674 W/ActivityManager( 1628): 	at com.android.server.am.ActivityRecord.forTokenLocked(ActivityRecord.java:778)
12-13 23:29:01.674 W/ActivityManager( 1628): 	at com.android.server.am.ActivityRecord.isInStackLocked(ActivityRecord.java:2085)
12-13 23:29:01.674 W/ActivityManager( 1628): 	at com.android.server.am.ActivityRecord.getStackLocked(ActivityRecord.java:2090)
12-13 23:29:01.674 W/ActivityManager( 1628): 	at com.android.server.am.ActivityManagerService.getActivityDisplayId(ActivityManagerService.java:10406)
12-13 23:29:01.674 W/ActivityManager( 1628): 	at android.app.IActivityManager$Stub.onTransact(IActivityManager.java:2738)
12-13 23:29:01.674 W/ActivityManager( 1628): 	at com.android.server.am.ActivityManagerService.onTransact(ActivityManagerService.java:2935)
12-13 23:29:01.674 W/ActivityManager( 1628): 	at android.os.Binder.execTransact(Binder.java:674)
12-13 23:29:01.675 I/calabash( 4085): newActivity1
12-13 23:29:01.688 W/ActivityManager( 1628): Bad activity token: android.os.BinderProxy@d7f101c
12-13 23:29:01.688 W/ActivityManager( 1628): java.lang.ClassCastException: android.os.BinderProxy cannot be cast to com.android.server.am.ActivityRecord$Token
12-13 23:29:01.688 W/ActivityManager( 1628): 	at com.android.server.am.ActivityRecord.forTokenLocked(ActivityRecord.java:778)
12-13 23:29:01.688 W/ActivityManager( 1628): 	at com.android.server.am.ActivityRecord.isInStackLocked(ActivityRecord.java:2085)
12-13 23:29:01.688 W/ActivityManager( 1628): 	at com.android.server.am.ActivityManagerService.setTaskDescription(ActivityManagerService.java:9988)
12-13 23:29:01.688 W/ActivityManager( 1628): 	at android.app.IActivityManager$Stub.onTransact(IActivityManager.java:2824)
12-13 23:29:01.688 W/ActivityManager( 1628): 	at com.android.server.am.ActivityManagerService.onTransact(ActivityManagerService.java:2935)
12-13 23:29:01.688 W/ActivityManager( 1628): 	at android.os.Binder.execTransact(Binder.java:674)
12-13 23:29:01.691 W/ActivityManager( 1628): Bad activity token: android.os.BinderProxy@d7f101c
12-13 23:29:01.691 W/ActivityManager( 1628): java.lang.ClassCastException: android.os.BinderProxy cannot be cast to com.android.server.am.ActivityRecord$Token
12-13 23:29:01.691 W/ActivityManager( 1628): 	at com.android.server.am.ActivityRecord.forTokenLocked(ActivityRecord.java:778)
12-13 23:29:01.691 W/ActivityManager( 1628): 	at com.android.server.am.ActivityRecord.isInStackLocked(ActivityRecord.java:2085)
12-13 23:29:01.691 W/ActivityManager( 1628): 	at com.android.server.am.ActivityRecord.getStackLocked(ActivityRecord.java:2090)
12-13 23:29:01.691 W/ActivityManager( 1628): 	at com.android.server.am.ActivityManagerService.getActivityStackId(ActivityManagerService.java:10417)
12-13 23:29:01.691 W/ActivityManager( 1628): 	at android.app.IActivityManager$Stub.onTransact(IActivityManager.java:3548)
12-13 23:29:01.691 W/ActivityManager( 1628): 	at com.android.server.am.ActivityManagerService.onTransact(ActivityManagerService.java:2935)
12-13 23:29:01.691 W/ActivityManager( 1628): 	at android.os.Binder.execTransact(Binder.java:674)
12-13 23:29:01.707 D/EGL_emulation( 2182): eglMakeCurrent: 0x9effd260: ver 3 0 (tinfo 0x9efffc20)
12-13 23:29:01.714 D/EGL_emulation( 2214): eglMakeCurrent: 0xa1705840: ver 3 0 (tinfo 0xa1703620)
12-13 23:29:01.743 D/EGL_emulation( 1726): eglMakeCurrent: 0xa17059c0: ver 3 0 (tinfo 0xa1703540)
12-13 23:29:01.754 D/BoundBrokerSvc( 1943): onUnbind: Intent { act=com.google.android.gms.pseudonymous.service.START cmp=com.google.android.gms/.chimera.PersistentApiService }
12-13 23:29:01.758 D/EGL_emulation( 1726): eglMakeCurrent: 0xa17059c0: ver 3 0 (tinfo 0xa1703540)
12-13 23:29:01.765 D/EGL_emulation( 1726): eglMakeCurrent: 0xa17059c0: ver 3 0 (tinfo 0xa1703540)
12-13 23:29:01.769 V/StatusBar( 1726): setLightsOn(true)
12-13 23:29:01.774 D/EGL_emulation( 1726): eglMakeCurrent: 0xa17059c0: ver 3 0 (tinfo 0xa1703540)
12-13 23:29:01.774 E/ContentStoreEUAS( 2214): Failed to commit the deferred actions
12-13 23:29:01.790 D/EGL_emulation( 1726): eglMakeCurrent: 0xa17059c0: ver 3 0 (tinfo 0xa1703540)
12-13 23:29:01.871 W/ActivityManager( 1628): Bad activity token: android.os.BinderProxy@d7f101c
12-13 23:29:01.871 W/ActivityManager( 1628): java.lang.ClassCastException: android.os.BinderProxy cannot be cast to com.android.server.am.ActivityRecord$Token
12-13 23:29:01.871 W/ActivityManager( 1628): 	at com.android.server.am.ActivityRecord.forTokenLocked(ActivityRecord.java:778)
12-13 23:29:01.871 W/ActivityManager( 1628): 	at com.android.server.am.ActivityRecord.isInStackLocked(ActivityRecord.java:2085)
12-13 23:29:01.871 W/ActivityManager( 1628): 	at com.android.server.am.ActivityManagerService.getActivityOptions(ActivityManagerService.java:13302)
12-13 23:29:01.871 W/ActivityManager( 1628): 	at android.app.IActivityManager$Stub.onTransact(IActivityManager.java:2910)
12-13 23:29:01.871 W/ActivityManager( 1628): 	at com.android.server.am.ActivityManagerService.onTransact(ActivityManagerService.java:2935)
12-13 23:29:01.871 W/ActivityManager( 1628): 	at android.os.Binder.execTransact(Binder.java:674)
12-13 23:29:01.875 W/ActivityManager( 1628): Bad activity token: android.os.BinderProxy@d7f101c
12-13 23:29:01.875 W/ActivityManager( 1628): java.lang.ClassCastException: android.os.BinderProxy cannot be cast to com.android.server.am.ActivityRecord$Token
12-13 23:29:01.875 W/ActivityManager( 1628): 	at com.android.server.am.ActivityRecord.forTokenLocked(ActivityRecord.java:778)
12-13 23:29:01.875 W/ActivityManager( 1628): 	at com.android.server.am.ActivityRecord.isInStackLocked(ActivityRecord.java:2085)
12-13 23:29:01.875 W/ActivityManager( 1628): 	at com.android.server.am.ActivityManagerService.getActivityOptions(ActivityManagerService.java:13302)
12-13 23:29:01.875 W/ActivityManager( 1628): 	at android.app.IActivityManager$Stub.onTransact(IActivityManager.java:2910)
12-13 23:29:01.875 W/ActivityManager( 1628): 	at com.android.server.am.ActivityManagerService.onTransact(ActivityManagerService.java:2935)
12-13 23:29:01.875 W/ActivityManager( 1628): 	at android.os.Binder.execTransact(Binder.java:674)
12-13 23:29:01.929 I/chatty  ( 1726): uid=10028(u0_a28) RenderThread identical 16 lines
12-13 23:29:01.938 D/EGL_emulation( 1726): eglMakeCurrent: 0xa17059c0: ver 3 0 (tinfo 0xa1703540)
12-13 23:29:01.974 V/StatusBar( 1726): setLightsOn(true)
12-13 23:29:02.045 I/zygote  ( 4085): Do partial code cache collection, code=28KB, data=30KB
12-13 23:29:02.046 I/zygote  ( 4085): After code cache collection, code=28KB, data=30KB
12-13 23:29:02.046 I/zygote  ( 4085): Increasing code cache capacity to 128KB
12-13 23:29:02.049 V/StatusBar( 1726): setLightsOn(true)
12-13 23:29:02.052 I/chatty  ( 1726): uid=10028(u0_a28) com.android.systemui identical 1 line
12-13 23:29:02.058 V/StatusBar( 1726): setLightsOn(true)
12-13 23:29:02.060 I/zygote  ( 4085): Do partial code cache collection, code=28KB, data=48KB
12-13 23:29:02.063 I/zygote  ( 4085): After code cache collection, code=28KB, data=48KB
12-13 23:29:02.063 I/zygote  ( 4085): Increasing code cache capacity to 256KB
12-13 23:29:02.063 I/zygote  ( 4085): JIT allocated 71KB for compiled code of void android.widget.TextView.<init>(android.content.Context, android.util.AttributeSet, int, int)
12-13 23:29:02.063 I/zygote  ( 4085): Compiler allocated 4MB to compile void android.widget.TextView.<init>(android.content.Context, android.util.AttributeSet, int, int)
12-13 23:29:02.118 D/gralloc_ranchu( 1397): gralloc_alloc: Creating ashmem region of size 7753728
12-13 23:29:02.134 V/StatusBar( 1726): setLightsOn(true)
12-13 23:29:02.141 D/        ( 4085): HostConnection::get() New Host Connection established 0x9eb30c00, tid 4085
12-13 23:29:02.142 W/audio_hw_generic( 1391): Not supplying enough data to HAL, expected position 450289 , only wrote 360000
12-13 23:29:02.194 V/StatusBar( 1726): setLightsOn(true)
12-13 23:29:02.194 V/StatusBar( 1726): setLightsOn(true)
12-13 23:29:02.196 I/ActivityManager( 1628): Displayed com.evancharlton.mileage/.Mileage: +569ms
12-13 23:29:02.198 V/StatusBar( 1726): setLightsOn(true)
12-13 23:29:02.221 V/StatusBar( 1726): setLightsOn(true)
12-13 23:29:02.235 D/gralloc_ranchu( 1397): gralloc_alloc: Creating ashmem region of size 7753728
12-13 23:29:02.362 I/zygote  ( 4085): Do full code cache collection, code=125KB, data=71KB
12-13 23:29:02.363 I/zygote  ( 4085): After code cache collection, code=107KB, data=43KB
12-13 23:29:02.404 V/StatusBar( 1726): setLightsOn(true)
12-13 23:29:02.453 I/chatty  ( 1726): uid=10028(u0_a28) com.android.systemui identical 3 lines
12-13 23:29:02.460 V/StatusBar( 1726): setLightsOn(true)
12-13 23:29:02.493 W/SurfaceFlinger( 1406): couldn't log to binary event log: overflow.
