--------- beginning of main
12-14 02:45:09.989 D/        ( 4006): HostConnection::get() New Host Connection established 0xa89af800, tid 4006
12-14 02:45:10.347 I/System.out( 3938): URI: //kill
12-14 02:45:10.347 I/System.out( 3938): params: {json={}
12-14 02:45:10.347 I/System.out( 3938): }
12-14 02:45:10.347 I/System.out( 3938): Stopping test server
12-14 02:45:10.353 E/adbd    ( 1352): failed to connect to socket 'tcp:7102': Connection refused
12-14 02:45:10.355 E/adbd    ( 1352): failed to connect to socket 'tcp:7102': Connection refused
12-14 02:45:10.453 V/StatusBar( 1727): setLightsOn(true)
12-14 02:45:10.463 V/StatusBar( 1727): setLightsOn(true)
12-14 02:45:10.469 D/gralloc_ranchu( 1395): gralloc_alloc: Creating ashmem region of size 8298496
12-14 02:45:10.482 D/gralloc_ranchu( 1395): gralloc_alloc: Creating ashmem region of size 8298496
12-14 02:45:10.489 V/StatusBar( 1727): setLightsOn(true)
12-14 02:45:10.489 V/StatusBar( 1727): setLightsOn(true)
12-14 02:45:10.499 D/gralloc_ranchu( 1395): gralloc_alloc: Creating ashmem region of size 8298496
12-14 02:45:10.507 D/SurfaceFlinger( 1410): duplicate layer name: changing com.google.android.apps.nexuslauncher/com.google.android.apps.nexuslauncher.NexusLauncherActivity to com.google.android.apps.nexuslauncher/com.google.android.apps.nexuslauncher.NexusLauncherActivity#1
12-14 02:45:10.520 D/gralloc_ranchu( 1395): gralloc_alloc: Creating ashmem region of size 8298496
12-14 02:45:10.526 D/EGL_emulation( 1727): eglMakeCurrent: 0x8f654100: ver 3 0 (tinfo 0x9ea64a70)
12-14 02:45:10.570 D/gralloc_ranchu( 1395): gralloc_alloc: Creating ashmem region of size 8298496
12-14 02:45:10.660 D/gralloc_ranchu( 1395): gralloc_alloc: Creating ashmem region of size 8298496
12-14 02:45:10.685 D/EGL_emulation( 2215): eglMakeCurrent: 0x8d0c8a80: ver 3 0 (tinfo 0xa09ff960)
12-14 02:45:10.770 W/SessionLifecycleManager( 2215): Handover failed. Creating new session controller.
12-14 02:45:10.789 D/EGL_emulation( 2182): eglMakeCurrent: 0xa09fd440: ver 3 0 (tinfo 0xa09ff910)
12-14 02:45:10.819 I/MicroDetectionWorker( 2215): #updateMicroDetector [detectionMode: [mDetectionMode: [1]]]
12-14 02:45:10.819 I/MicroDetectionWorker( 2215): #startMicroDetector [speakerMode: 0]
12-14 02:45:10.820 I/AudioController( 2215): Using mInputStreamFactoryBuilder
12-14 02:45:10.823 D/gralloc_ranchu( 1395): gralloc_alloc: Creating ashmem region of size 7753728
12-14 02:45:10.836 I/MicroDetectionWorker( 2215): onReady
12-14 02:45:10.843 I/MicroRecognitionRunner( 2215): Starting detection.
12-14 02:45:10.844 I/MicrophoneInputStream( 2215): mic_starting com.google.android.apps.gsa.staticplugins.aa.c@7dfd80c
12-14 02:45:10.849 I/AudioFlinger( 1476): AudioFlinger's thread 0xb3383180 tid=4022 ready to run
12-14 02:45:10.852 I/zygote  ( 2215): Do partial code cache collection, code=230KB, data=166KB
12-14 02:45:10.852 I/zygote  ( 2215): After code cache collection, code=230KB, data=166KB
12-14 02:45:10.852 I/zygote  ( 2215): Increasing code cache capacity to 1024KB
12-14 02:45:10.855 I/MicrophoneInputStream( 2215): mic_started com.google.android.apps.gsa.staticplugins.aa.c@7dfd80c
12-14 02:45:10.863 I/MicrophoneInputStream( 2215): mic_close com.google.android.apps.gsa.staticplugins.aa.c@7dfd80c
12-14 02:45:10.863 I/MicroRecognitionRunner( 2215): Detection finished
12-14 02:45:10.864 W/ErrorReporter( 2215): reportError [type: 211, code: 524300]: Error reading from input stream
12-14 02:45:10.866 I/MicroRecognitionRunner( 2215): Stopping hotword detection.
12-14 02:45:10.867 W/ErrorProcessor( 2215): onFatalError, processing error from engine(4)
12-14 02:45:10.867 W/ErrorProcessor( 2215): com.google.android.apps.gsa.shared.speech.b.g: Error reading from input stream
12-14 02:45:10.867 W/ErrorProcessor( 2215): 	at com.google.android.apps.gsa.staticplugins.recognizer.j.a.a(SourceFile:28)
12-14 02:45:10.867 W/ErrorProcessor( 2215): 	at com.google.android.apps.gsa.staticplugins.recognizer.j.b.run(SourceFile:15)
12-14 02:45:10.867 W/ErrorProcessor( 2215): 	at java.util.concurrent.Executors$RunnableAdapter.call(Executors.java:457)
12-14 02:45:10.867 W/ErrorProcessor( 2215): 	at java.util.concurrent.FutureTask.run(FutureTask.java:266)
12-14 02:45:10.867 W/ErrorProcessor( 2215): 	at com.google.android.apps.gsa.shared.util.concurrent.a.ax.run(SourceFile:14)
12-14 02:45:10.867 W/ErrorProcessor( 2215): 	at com.google.android.apps.gsa.shared.util.concurrent.a.bl.run(SourceFile:4)
12-14 02:45:10.867 W/ErrorProcessor( 2215): 	at com.google.android.apps.gsa.shared.util.concurrent.a.bl.run(SourceFile:4)
12-14 02:45:10.867 W/ErrorProcessor( 2215): 	at java.util.concurrent.ThreadPoolExecutor.runWorker(ThreadPoolExecutor.java:1162)
12-14 02:45:10.867 W/ErrorProcessor( 2215): 	at java.util.concurrent.ThreadPoolExecutor$Worker.run(ThreadPoolExecutor.java:636)
12-14 02:45:10.867 W/ErrorProcessor( 2215): 	at java.lang.Thread.run(Thread.java:764)
12-14 02:45:10.867 W/ErrorProcessor( 2215): 	at com.google.android.apps.gsa.shared.util.concurrent.a.ai.run(SourceFile:6)
12-14 02:45:10.867 W/ErrorProcessor( 2215): Caused by: com.google.android.apps.gsa.shared.exception.GsaIOException: Error code: 393238 | Buffer overflow, no available space.
12-14 02:45:10.867 W/ErrorProcessor( 2215): 	at com.google.android.apps.gsa.speech.audio.Tee.f(SourceFile:103)
12-14 02:45:10.867 W/ErrorProcessor( 2215): 	at com.google.android.apps.gsa.speech.audio.au.read(SourceFile:2)
12-14 02:45:10.867 W/ErrorProcessor( 2215): 	at java.io.InputStream.read(InputStream.java:101)
12-14 02:45:10.867 W/ErrorProcessor( 2215): 	at com.google.android.apps.gsa.speech.audio.ao.run(SourceFile:18)
12-14 02:45:10.867 W/ErrorProcessor( 2215): 	at com.google.android.apps.gsa.speech.audio.an.run(SourceFile:2)
12-14 02:45:10.867 W/ErrorProcessor( 2215): 	... 9 more
12-14 02:45:10.867 I/AudioController( 2215): internalShutdown
12-14 02:45:10.879 I/MicroDetectionWorker( 2215): onReady
12-14 02:45:10.879 I/MicroDetector( 2215): Keeping mic open: false
12-14 02:45:10.879 I/MicroDetectionWorker( 2215): #onError(false)
12-14 02:45:10.879 I/DeviceStateChecker( 2215): DeviceStateChecker cancelled
12-14 02:45:10.889 D/EGL_emulation( 1727): eglMakeCurrent: 0x8f654100: ver 3 0 (tinfo 0x9ea64a70)
12-14 02:45:11.104 I/chatty  ( 1727): uid=10028(u0_a28) RenderThread identical 19 lines
12-14 02:45:11.136 D/EGL_emulation( 1727): eglMakeCurrent: 0x8f654100: ver 3 0 (tinfo 0x9ea64a70)
12-14 02:45:11.270 W/OpenGLRenderer( 2182): Incorrectly called buildLayer on View: ShortcutAndWidgetContainer, destroying layer...
12-14 02:45:11.313 I/OpenGLRenderer( 1629): Initialized EGL, version 1.4
12-14 02:45:11.313 D/OpenGLRenderer( 1629): Swap behavior 1
12-14 02:45:11.313 W/OpenGLRenderer( 1629): Failed to choose config with EGL_SWAP_BEHAVIOR_PRESERVED, retrying without...
12-14 02:45:11.313 D/OpenGLRenderer( 1629): Swap behavior 0
12-14 02:45:11.319 D/EGL_emulation( 1629): eglCreateContext: 0x8bad5300: maj 3 min 0 rcv 3
12-14 02:45:11.321 D/EGL_emulation( 1629): eglMakeCurrent: 0x8bad5300: ver 3 0 (tinfo 0x8fd734e0)
12-14 02:45:11.321 E/eglCodecCommon( 1629): glUtilsParamSize: unknow param 0x00008cdf
12-14 02:45:11.321 E/eglCodecCommon( 1629): glUtilsParamSize: unknow param 0x00008cdf
12-14 02:45:11.321 E/eglCodecCommon( 1629): glUtilsParamSize: unknow param 0x00008824
12-14 02:45:11.322 E/eglCodecCommon( 1629): glUtilsParamSize: unknow param 0x00008824
12-14 02:45:11.340 D/        ( 1629): HostConnection::get() New Host Connection established 0x8fd7a800, tid 1636
12-14 02:45:11.843 I/Finsky  ( 2477): [2] abyu.onStartJob(3): SCH: onJobSchedulerWakeup with jobId 9001
12-14 02:45:11.847 I/Finsky  ( 2477): [2] abtz.a(9): SCH: Scheduling fallback job with id: 9034, and delay: 43200000 ms
12-14 02:45:11.850 I/Finsky  ( 2477): [2] abtz.b(9): SCH: Scheduling fallback in 64799998 (absolute: 64868000)
12-14 02:45:11.853 I/Finsky  ( 2477): [2] abyu.onStartJob(3): SCH: onJobSchedulerWakeup with jobId 9003
12-14 02:45:11.855 I/Finsky  ( 2477): [2] abtz.a(9): SCH: Scheduling fallback job with id: 9034, and delay: 43200000 ms
12-14 02:45:11.857 I/Finsky  ( 2477): [2] abtz.b(9): SCH: Scheduling fallback in 64799999 (absolute: 64868008)
12-14 02:45:11.861 W/Finsky  ( 2477): [2] abyu.onStartJob(10): SCH: onJobSchedulerWakeup while already running
12-14 02:45:11.927 I/Finsky  ( 2477): [2] abui.handleMessage(8): SCH: DeviceState: DeviceState{currentTime=1607931911912, isCharging=false, isIdle=false, netAny=true, netNotRoaming=true, netUnmetered=true, batteryPercent=100.0}
12-14 02:45:11.942 I/Finsky  ( 2477): [117] abwt.b(5): SCH: Jobs in database: 1-1337 2-48879 3-142 12-1 26-1414141414 29-29 
12-14 02:45:11.957 I/Finsky  ( 2477): [2] abuj.b(10): SCH: Running job: 12-1
12-14 02:45:11.959 I/Finsky  ( 2477): [2] ContentSyncJob.r(1): [ContentSync] job started
12-14 02:45:11.961 I/Finsky  ( 2477): [2] abuj.b(10): SCH: Running job: 29-29
12-14 02:45:11.974 I/Finsky  ( 2477): [2] abui.handleMessage(59): SCH: RunningQueue size: 2, PendingQueue size: 0
12-14 02:45:11.974 I/Finsky  ( 2477): [2] abuj.p(3): SCH: Running queue: 12-1 29-29 
12-14 02:45:11.980 I/Finsky  ( 2477): [183] ajmy.a(0): ProcessRecoveryLogsUtil: No files in recovery directory
12-14 02:45:11.982 I/Finsky  ( 2477): [183] abvs.n(4): SCH: jobFinished: 29-29. TimeElapsed: 20ms.
12-14 02:45:11.984 I/Finsky  ( 2477): [2] abuj.e(4): SCH: Job 29-29 finished. Not rescheduling.
12-14 02:45:11.985 I/Finsky  ( 2477): [2] abui.handleMessage(59): SCH: RunningQueue size: 1, PendingQueue size: 0
12-14 02:45:11.985 I/Finsky  ( 2477): [2] abuj.p(3): SCH: Running queue: 12-1 
12-14 02:45:12.048 I/zygote  ( 2477): Deoptimizing j$.util.stream.Sink j$.util.stream.AbstractPipeline.wrapAndCopyInto(j$.util.stream.Sink, j$.util.Spliterator) due to JIT inline cache
12-14 02:45:12.120 I/Finsky  ( 2477): [168] glv.b(1): Completed 0 account content syncs with 0 successful.
12-14 02:45:12.120 I/Finsky  ( 2477): [2] ContentSyncJob.a(1): [ContentSync] Installation state replication succeeded.
12-14 02:45:12.120 I/Finsky  ( 2477): [2] abvs.n(4): SCH: jobFinished: 12-1. TimeElapsed: 163ms.
12-14 02:45:12.121 I/Finsky  ( 2477): [2] abuj.e(4): SCH: Job 12-1 finished. Not rescheduling.
12-14 02:45:12.123 I/Finsky  ( 2477): [2] abui.handleMessage(59): SCH: RunningQueue size: 0, PendingQueue size: 0
12-14 02:45:12.125 I/Finsky  ( 2477): [2] abui.handleMessage(26): SCH: Executor finished
12-14 02:45:12.133 I/Finsky  ( 2477): [2] abwt.b(5): SCH: Jobs in database: 1-1337 2-48879 3-142 26-1414141414 
12-14 02:45:12.136 I/Finsky  ( 2477): [2] abvf.d(37): SCH: ConstraintMapping: 1-1337,  -> L: 1654826ms, D: 44854826ms, C: false, I: false, N: 1
12-14 02:45:12.137 I/Finsky  ( 2477): [2] abvf.d(37): SCH: ConstraintMapping: 2-48879, 3-142,  -> L: 0ms, D: 64523960ms, C: true, I: true, N: 2
12-14 02:45:12.137 I/Finsky  ( 2477): [2] abvf.d(37): SCH: ConstraintMapping: 26-1414141414,  -> L: 22644914ms, D: 23544914ms, C: false, I: false, N: 0
12-14 02:45:12.138 I/Finsky  ( 2477): [2] abvf.f(7): SCH: Cancelling existing jobscheduler jobs: 9002 
12-14 02:45:12.138 I/Finsky  ( 2477): [2] abvf.e(23): SCH: Scheduling job Id: 9000, L: 1654826, D: 44854826, C: false, I: false, N: 1
12-14 02:45:12.139 I/Finsky  ( 2477): [2] abvf.e(8): SCH: Throttling wakeup for job 9003 (expected to run in 0 ms) due to recent wakeup
12-14 02:45:12.139 I/Finsky  ( 2477): [2] abvf.e(23): SCH: Scheduling job Id: 9003, L: 30000, D: 64523960, C: true, I: true, N: 2
12-14 02:45:12.140 I/Finsky  ( 2477): [2] abvf.e(23): SCH: Scheduling job Id: 9004, L: 22644914, D: 23544914, C: false, I: false, N: 0
12-14 02:45:12.622 E/memtrack( 1629): Couldn't load memtrack module
12-14 02:45:12.622 W/android.os.Debug( 1629): failed to get memory consumption info: -1
12-14 02:45:12.983 W/audio_hw_generic( 1389): Not supplying enough data to HAL, expected position 553279 , only wrote 354960
12-14 02:45:13.961 E/memtrack( 1629): Couldn't load memtrack module
12-14 02:45:13.961 W/android.os.Debug( 1629): failed to get memory consumption info: -1
12-14 02:45:13.984 E/memtrack( 1629): Couldn't load memtrack module
12-14 02:45:13.984 W/android.os.Debug( 1629): failed to get memory consumption info: -1
12-14 02:45:14.251 I/BackgroundDexOptService( 1629): Pinning optimized code {}
12-14 02:45:14.809 D/WificondControl( 1629): Scan result ready event
12-14 02:45:15.583 D/BoundBrokerSvc( 1942): onUnbind: Intent { act=com.google.android.gms.clearcut.service.START cmp=com.google.android.gms/.chimera.PersistentDirectBootAwareApiService }
12-14 02:45:15.592 D/BoundBrokerSvc( 2106): onUnbind: Intent { act=com.google.android.mdd.service.START cmp=com.google.android.gms/.chimera.GmsBoundBrokerService }
12-14 02:45:15.889 I/MicroDetectionWorker( 2215): #updateMicroDetector [detectionMode: [mDetectionMode: [1]]]
12-14 02:45:15.889 I/MicroDetectionWorker( 2215): #startMicroDetector [speakerMode: 0]
12-14 02:45:15.890 I/AudioController( 2215): Using mInputStreamFactoryBuilder
12-14 02:45:15.892 I/MicroDetectionWorker( 2215): onReady
12-14 02:45:15.896 I/MicroRecognitionRunner( 2215): Starting detection.
12-14 02:45:15.897 I/MicrophoneInputStream( 2215): mic_starting com.google.android.apps.gsa.staticplugins.aa.c@1940028
12-14 02:45:15.902 I/AudioFlinger( 1476): AudioFlinger's thread 0xb3203a80 tid=4030 ready to run
12-14 02:45:15.908 I/MicrophoneInputStream( 2215): mic_started com.google.android.apps.gsa.staticplugins.aa.c@1940028
--------- beginning of system
12-14 02:45:15.908 E/ActivityThread( 2215): Failed to find provider info for com.google.android.apps.gsa.testing.ui.audio.recorded
12-14 02:45:15.909 I/MicroDetectionWorker( 2215): onReady
12-14 02:45:15.910 I/MicrophoneInputStream( 2215): mic_close com.google.android.apps.gsa.staticplugins.aa.c@1940028
12-14 02:45:15.910 I/MicroRecognitionRunner( 2215): Detection finished
12-14 02:45:15.910 W/ErrorReporter( 2215): reportError [type: 211, code: 524300]: Error reading from input stream
12-14 02:45:15.911 I/MicroRecognitionRunner( 2215): Stopping hotword detection.
12-14 02:45:15.911 W/ErrorProcessor( 2215): onFatalError, processing error from engine(4)
12-14 02:45:15.911 W/ErrorProcessor( 2215): com.google.android.apps.gsa.shared.speech.b.g: Error reading from input stream
12-14 02:45:15.911 W/ErrorProcessor( 2215): 	at com.google.android.apps.gsa.staticplugins.recognizer.j.a.a(SourceFile:28)
12-14 02:45:15.911 W/ErrorProcessor( 2215): 	at com.google.android.apps.gsa.staticplugins.recognizer.j.b.run(SourceFile:15)
12-14 02:45:15.911 W/ErrorProcessor( 2215): 	at java.util.concurrent.Executors$RunnableAdapter.call(Executors.java:457)
12-14 02:45:15.911 W/ErrorProcessor( 2215): 	at java.util.concurrent.FutureTask.run(FutureTask.java:266)
12-14 02:45:15.911 W/ErrorProcessor( 2215): 	at com.google.android.apps.gsa.shared.util.concurrent.a.ax.run(SourceFile:14)
12-14 02:45:15.911 W/ErrorProcessor( 2215): 	at com.google.android.apps.gsa.shared.util.concurrent.a.bl.run(SourceFile:4)
12-14 02:45:15.911 W/ErrorProcessor( 2215): 	at com.google.android.apps.gsa.shared.util.concurrent.a.bl.run(SourceFile:4)
12-14 02:45:15.911 W/ErrorProcessor( 2215): 	at java.util.concurrent.ThreadPoolExecutor.runWorker(ThreadPoolExecutor.java:1162)
12-14 02:45:15.911 W/ErrorProcessor( 2215): 	at java.util.concurrent.ThreadPoolExecutor$Worker.run(ThreadPoolExecutor.java:636)
12-14 02:45:15.911 W/ErrorProcessor( 2215): 	at java.lang.Thread.run(Thread.java:764)
12-14 02:45:15.911 W/ErrorProcessor( 2215): 	at com.google.android.apps.gsa.shared.util.concurrent.a.ai.run(SourceFile:6)
12-14 02:45:15.911 W/ErrorProcessor( 2215): Caused by: com.google.android.apps.gsa.shared.exception.GsaIOException: Error code: 393238 | Buffer overflow, no available space.
12-14 02:45:15.911 W/ErrorProcessor( 2215): 	at com.google.android.apps.gsa.speech.audio.Tee.f(SourceFile:103)
12-14 02:45:15.911 W/ErrorProcessor( 2215): 	at com.google.android.apps.gsa.speech.audio.au.read(SourceFile:2)
12-14 02:45:15.911 W/ErrorProcessor( 2215): 	at java.io.InputStream.read(InputStream.java:101)
12-14 02:45:15.911 W/ErrorProcessor( 2215): 	at com.google.android.apps.gsa.speech.audio.ao.run(SourceFile:18)
12-14 02:45:15.911 W/ErrorProcessor( 2215): 	at com.google.android.apps.gsa.speech.audio.an.run(SourceFile:2)
12-14 02:45:15.911 W/ErrorProcessor( 2215): 	... 9 more
12-14 02:45:15.911 I/AudioController( 2215): internalShutdown
12-14 02:45:15.912 I/MicroDetector( 2215): Keeping mic open: false
12-14 02:45:15.912 I/MicroDetectionWorker( 2215): #onError(false)
12-14 02:45:15.912 I/DeviceStateChecker( 2215): DeviceStateChecker cancelled
12-14 02:45:16.692 D/AndroidRuntime( 4034): >>>>>> START com.android.internal.os.RuntimeInit uid 2000 <<<<<<
12-14 02:45:16.725 W/app_process( 4034): Unexpected CPU variant for X86 using defaults: x86
12-14 02:45:16.742 D/AndroidRuntime( 4034): Calling main entry com.android.commands.am.Am
12-14 02:45:16.744 I/ActivityManager( 1629): Force stopping com.evancharlton.mileage appid=10368 user=0: start instr
12-14 02:45:16.744 I/ActivityManager( 1629): Killing 3938:com.evancharlton.mileage/u0a368 (adj 0): stop com.evancharlton.mileage
12-14 02:45:16.747 W/ActivityManager( 1629): Crash of app com.evancharlton.mileage running instrumentation ComponentInfo{com.evancharlton.mileage.test/sh.calaba.instrumentationbackend.CalabashInstrumentationTestRunner}
12-14 02:45:16.747 I/ActivityManager( 1629): Force stopping com.evancharlton.mileage appid=10368 user=0: finished inst
12-14 02:45:16.757 I/zygote  ( 4044): Not late-enabling -Xcheck:jni (already on)
12-14 02:45:16.763 W/zygote  ( 4044): Unexpected CPU variant for X86 using defaults: x86
12-14 02:45:16.764 I/ActivityManager( 1629): Start proc 4044:com.evancharlton.mileage/u0a368 for added application com.evancharlton.mileage
12-14 02:45:16.764 D/AndroidRuntime( 4034): Shutting down VM
12-14 02:45:16.765 W/ActivityManager( 1629): setHasOverlayUi called on unknown pid: 3938
12-14 02:45:16.765 E/memtrack( 1629): Couldn't load memtrack module
12-14 02:45:16.765 W/android.os.Debug( 1629): failed to get memory consumption info: -1
12-14 02:45:16.782 E/adbd    ( 1352): failed to connect to socket 'tcp:7102': Connection refused
12-14 02:45:16.787 E/adbd    ( 1352): failed to connect to socket 'tcp:7102': Connection refused
12-14 02:45:16.805 W/zygote  ( 4044): Found duplicate classes, falling back to extracting from APK : /data/app/com.evancharlton.mileage.test-9xfbxWsCsQU2jN63ZY1mbg==/base.apk
12-14 02:45:16.805 W/zygote  ( 4044): NOTE: This wastes RAM and hurts startup performance.
12-14 02:45:16.805 W/zygote  ( 4044): Found duplicated class when checking oat files: 'Ljunit/runner/BaseTestRunner;' in /data/app/com.evancharlton.mileage.test-9xfbxWsCsQU2jN63ZY1mbg==/base.apk and /system/framework/android.test.runner.jar
12-14 02:45:16.805 W/zygote  ( 4044): 
12-14 02:45:16.832 W/System  ( 4044): ClassLoader referenced unknown path: 
12-14 02:45:16.846 I/System.out( 4044): Main activity name automatically set to: com.evancharlton.mileage.Mileage
12-14 02:45:16.848 I/System.out( 4044): Calabash did not load Mono. This is only a problem if you are trying to test a Mono application
12-14 02:45:16.848 I/calabash( 4044): Test server port: 7102
12-14 02:45:16.849 I/InstrumentationBackend( 4044): Added:'GetPreferences', with key:'get_preferences'
12-14 02:45:16.894 E/adbd    ( 1352): failed to connect to socket 'tcp:7102': Connection refused
12-14 02:45:16.897 E/adbd    ( 1352): failed to connect to socket 'tcp:7102': Connection refused
12-14 02:45:16.911 I/InstrumentationBackend( 4044): Added:'SetPreferences', with key:'set_preferences'
12-14 02:45:16.911 I/InstrumentationBackend( 4044): Added:'ClearPreferences', with key:'clear_preferences'
12-14 02:45:16.912 I/InstrumentationBackend( 4044): Added:'PressElement', with key:'press_l10n_element'
12-14 02:45:16.912 I/InstrumentationBackend( 4044): Added:'WaitForElement', with key:'wait_for_l10n_element'
12-14 02:45:16.912 I/InstrumentationBackend( 4044): Added:'NullAction', with key:'nullAction'
12-14 02:45:16.913 I/InstrumentationBackend( 4044): Added:'PressKey', with key:'press_key'
12-14 02:45:16.913 I/InstrumentationBackend( 4044): Added:'SetActivityOrientation', with key:'set_activity_orientation'
12-14 02:45:16.913 I/InstrumentationBackend( 4044): Added:'GetActivityOrientation', with key:'get_activity_orientation'
12-14 02:45:16.914 I/InstrumentationBackend( 4044): Added:'FakeGPSLocation', with key:'set_gps_coordinates'
12-14 02:45:16.914 I/InstrumentationBackend( 4044): Added:'SetPropertyByCssSelector', with key:'set_property_by_css_selector'
12-14 02:45:16.915 I/InstrumentationBackend( 4044): Added:'GetUrl', with key:'get_url'
12-14 02:45:16.917 I/InstrumentationBackend( 4044): Added:'ScrollTo', with key:'scroll_to'
12-14 02:45:16.918 I/InstrumentationBackend( 4044): Added:'GetLoadProgress', with key:'get_load_progress'
12-14 02:45:16.918 I/InstrumentationBackend( 4044): Added:'DumpHtml', with key:'dump_html'
12-14 02:45:16.918 I/InstrumentationBackend( 4044): Added:'DumpBodyHtml', with key:'dump_body_html'
12-14 02:45:16.919 I/InstrumentationBackend( 4044): Added:'EnterTextByCssSelector', with key:'enter_text_by_selector'
12-14 02:45:16.923 I/InstrumentationBackend( 4044): Added:'AndroidSDKVersion', with key:'android_sdk_version'
12-14 02:45:16.923 I/InstrumentationBackend( 4044): Added:'Version', with key:'version'
12-14 02:45:16.924 I/InstrumentationBackend( 4044): Added:'Drag', with key:'drag'
12-14 02:45:16.924 I/InstrumentationBackend( 4044): Added:'TouchCoordinates', with key:'touch_coordinate'
12-14 02:45:16.924 I/InstrumentationBackend( 4044): Added:'LongPressCoordinate', with key:'long_press_coordinate'
12-14 02:45:16.924 I/InstrumentationBackend( 4044): Added:'DragCoordinates', with key:'drag_coordinates'
12-14 02:45:16.925 I/InstrumentationBackend( 4044): Added:'ResumeApplication', with key:'resume_application'
12-14 02:45:16.925 I/InstrumentationBackend( 4044): Added:'Swipe', with key:'swipe'
12-14 02:45:16.926 I/InstrumentationBackend( 4044): Added:'DoubleTapCoordinate', with key:'double_tap_coordinate'
12-14 02:45:16.926 I/InstrumentationBackend( 4044): Added:'ClickOnScreen', with key:'click_on_screen'
12-14 02:45:16.927 I/InstrumentationBackend( 4044): Added:'GetActivityName', with key:'get_activity_name'
12-14 02:45:16.927 I/InstrumentationBackend( 4044): Added:'ScrollToView', with key:'scroll_to_view'
12-14 02:45:16.927 I/InstrumentationBackend( 4044): Added:'ViewConfiguration', with key:'view_configuration'
12-14 02:45:16.928 I/InstrumentationBackend( 4044): Added:'IsCurrentActivityFocused', with key:'is_current_activity_focused'
12-14 02:45:16.928 I/InstrumentationBackend( 4044): Added:'SendTcp', with key:'send_tcp'
12-14 02:45:16.928 I/InstrumentationBackend( 4044): Added:'DpToDevicePixel', with key:'dp_to_device_pixel'
12-14 02:45:16.930 I/InstrumentationBackend( 4044): Added:'KeyboardEnterText', with key:'keyboard_enter_text'
12-14 02:45:16.930 I/InstrumentationBackend( 4044): Added:'DeleteSurroundingText', with key:'delete_surrounding_text'
12-14 02:45:16.931 I/InstrumentationBackend( 4044): Added:'SetComposingRegion', with key:'set_composing_region'
12-14 02:45:16.931 I/InstrumentationBackend( 4044): Added:'SetSelection', with key:'set_selection'
12-14 02:45:16.931 I/InstrumentationBackend( 4044): Added:'KeyboardKeyEvent', with key:'keyboard_key_event'
12-14 02:45:16.932 I/InstrumentationBackend( 4044): Added:'PressUserActionButton', with key:'press_user_action_button'
12-14 02:45:16.932 I/InstrumentationBackend( 4044): Added:'HideSoftKeyboard', with key:'hide_soft_keyboard'
12-14 02:45:16.934 I/InstrumentationBackend( 4044): Added:'ListActions', with key:'list_actions'
12-14 02:45:16.934 I/calabash( 4044): Instantiating http server at 7102
12-14 02:45:16.934 I/System.out( 4044): HTTP Daemon listening on: 7102
12-14 02:45:17.013 I/System.out( 4044): URI: //ping
12-14 02:45:17.014 I/System.out( 4044): params: {json={}
12-14 02:45:17.014 I/System.out( 4044): }
12-14 02:45:17.029 I/System.out( 4044): URI: //ping
12-14 02:45:17.029 I/System.out( 4044): params: {json={}
12-14 02:45:17.029 I/System.out( 4044): }
12-14 02:45:17.037 I/System.out( 4044): URI: //ready
12-14 02:45:17.037 I/System.out( 4044): params: {json={}
12-14 02:45:17.037 I/System.out( 4044): }
12-14 02:45:17.044 I/System.out( 4044): URI: //
12-14 02:45:17.044 I/System.out( 4044): params: {json={"command":"version","arguments":[]}
12-14 02:45:17.044 I/System.out( 4044): }
12-14 02:45:17.045 I/System.out( 4044): header: {content-type=application/json;charset=utf-8, date=Mon, 14 Dec 2020 07:45:17 GMT, accept=*/*, host=127.0.0.1:34777, content-length=36, user-agent=HTTPClient/1.0 (2.8.3, ruby 2.5.8 (2020-03-31))}
12-14 02:45:17.045 I/System.out( 4044): params: {json={"command":"version","arguments":[]}
12-14 02:45:17.045 I/System.out( 4044): }
12-14 02:45:17.045 I/System.out( 4044): ProP json = {"command":"version","arguments":[]}
12-14 02:45:17.045 I/System.out( 4044): files: {}
12-14 02:45:17.045 I/System.out( 4044): command: {"command":"version","arguments":[]}
12-14 02:45:17.072 I/InstrumentationBackend( 4044): Got command:'Command:'Line:null,version', arguments:'[]'
12-14 02:45:17.106 I/System.out( 4044): result:{"bonusInformation":[],"message":"0.9.8","success":true}
12-14 02:45:17.113 I/System.out( 4044): URI: //start-application
12-14 02:45:17.113 I/System.out( 4044): params: {json={"intent":null}
12-14 02:45:17.113 I/System.out( 4044): }
12-14 02:45:17.154 I/ActivityManager( 1629): START u0 {act=android.intent.action.MAIN cat=[android.intent.category.LAUNCHER] flg=0x10200000 cmp=com.evancharlton.mileage/.Mileage} from uid 10368
12-14 02:45:17.169 I/calabash( 4044): newActivity1
12-14 02:45:17.192 W/ActivityManager( 1629): Bad activity token: android.os.BinderProxy@7c5642c
12-14 02:45:17.192 W/ActivityManager( 1629): java.lang.ClassCastException: android.os.BinderProxy cannot be cast to com.android.server.am.ActivityRecord$Token
12-14 02:45:17.192 W/ActivityManager( 1629): 	at com.android.server.am.ActivityRecord.forTokenLocked(ActivityRecord.java:778)
12-14 02:45:17.192 W/ActivityManager( 1629): 	at com.android.server.am.ActivityRecord.isInStackLocked(ActivityRecord.java:2085)
12-14 02:45:17.192 W/ActivityManager( 1629): 	at com.android.server.am.ActivityRecord.getStackLocked(ActivityRecord.java:2090)
12-14 02:45:17.192 W/ActivityManager( 1629): 	at com.android.server.am.ActivityManagerService.getActivityDisplayId(ActivityManagerService.java:10406)
12-14 02:45:17.192 W/ActivityManager( 1629): 	at android.app.IActivityManager$Stub.onTransact(IActivityManager.java:2738)
12-14 02:45:17.192 W/ActivityManager( 1629): 	at com.android.server.am.ActivityManagerService.onTransact(ActivityManagerService.java:2935)
12-14 02:45:17.192 W/ActivityManager( 1629): 	at android.os.Binder.execTransact(Binder.java:674)
12-14 02:45:17.194 I/calabash( 4044): newActivity1
12-14 02:45:17.195 D/gralloc_ranchu( 1395): gralloc_alloc: Creating ashmem region of size 7753728
12-14 02:45:17.206 W/ActivityManager( 1629): Bad activity token: android.os.BinderProxy@7c5642c
12-14 02:45:17.206 W/ActivityManager( 1629): java.lang.ClassCastException: android.os.BinderProxy cannot be cast to com.android.server.am.ActivityRecord$Token
12-14 02:45:17.206 W/ActivityManager( 1629): 	at com.android.server.am.ActivityRecord.forTokenLocked(ActivityRecord.java:778)
12-14 02:45:17.206 W/ActivityManager( 1629): 	at com.android.server.am.ActivityRecord.isInStackLocked(ActivityRecord.java:2085)
12-14 02:45:17.206 W/ActivityManager( 1629): 	at com.android.server.am.ActivityManagerService.setTaskDescription(ActivityManagerService.java:9988)
12-14 02:45:17.206 W/ActivityManager( 1629): 	at android.app.IActivityManager$Stub.onTransact(IActivityManager.java:2824)
12-14 02:45:17.206 W/ActivityManager( 1629): 	at com.android.server.am.ActivityManagerService.onTransact(ActivityManagerService.java:2935)
12-14 02:45:17.206 W/ActivityManager( 1629): 	at android.os.Binder.execTransact(Binder.java:674)
12-14 02:45:17.207 W/ActivityManager( 1629): Bad activity token: android.os.BinderProxy@7c5642c
12-14 02:45:17.207 W/ActivityManager( 1629): java.lang.ClassCastException: android.os.BinderProxy cannot be cast to com.android.server.am.ActivityRecord$Token
12-14 02:45:17.207 W/ActivityManager( 1629): 	at com.android.server.am.ActivityRecord.forTokenLocked(ActivityRecord.java:778)
12-14 02:45:17.207 W/ActivityManager( 1629): 	at com.android.server.am.ActivityRecord.isInStackLocked(ActivityRecord.java:2085)
12-14 02:45:17.207 W/ActivityManager( 1629): 	at com.android.server.am.ActivityRecord.getStackLocked(ActivityRecord.java:2090)
12-14 02:45:17.207 W/ActivityManager( 1629): 	at com.android.server.am.ActivityManagerService.getActivityStackId(ActivityManagerService.java:10417)
12-14 02:45:17.207 W/ActivityManager( 1629): 	at android.app.IActivityManager$Stub.onTransact(IActivityManager.java:3548)
12-14 02:45:17.207 W/ActivityManager( 1629): 	at com.android.server.am.ActivityManagerService.onTransact(ActivityManagerService.java:2935)
12-14 02:45:17.207 W/ActivityManager( 1629): 	at android.os.Binder.execTransact(Binder.java:674)
12-14 02:45:17.281 V/StatusBar( 1727): setLightsOn(true)
12-14 02:45:17.289 E/ContentStoreEUAS( 2215): Failed to commit the deferred actions
12-14 02:45:17.297 D/EGL_emulation( 2215): eglMakeCurrent: 0x8d0c8a80: ver 3 0 (tinfo 0xa09ff960)
12-14 02:45:17.298 D/EGL_emulation( 2182): eglMakeCurrent: 0xa09fd440: ver 3 0 (tinfo 0xa09ff910)
12-14 02:45:17.303 D/EGL_emulation( 1727): eglMakeCurrent: 0x8f654100: ver 3 0 (tinfo 0x9ea64a70)
12-14 02:45:17.305 V/StatusBar( 1727): setLightsOn(true)
12-14 02:45:17.318 D/EGL_emulation( 1727): eglMakeCurrent: 0x8f654100: ver 3 0 (tinfo 0x9ea64a70)
12-14 02:45:17.334 I/chatty  ( 1727): uid=10028(u0_a28) RenderThread identical 2 lines
12-14 02:45:17.338 D/EGL_emulation( 1727): eglMakeCurrent: 0x8f654100: ver 3 0 (tinfo 0x9ea64a70)
12-14 02:45:17.338 V/StatusBar( 1727): setLightsOn(true)
12-14 02:45:17.342 W/ActivityManager( 1629): Bad activity token: android.os.BinderProxy@7c5642c
12-14 02:45:17.342 W/ActivityManager( 1629): java.lang.ClassCastException: android.os.BinderProxy cannot be cast to com.android.server.am.ActivityRecord$Token
12-14 02:45:17.342 W/ActivityManager( 1629): 	at com.android.server.am.ActivityRecord.forTokenLocked(ActivityRecord.java:778)
12-14 02:45:17.342 W/ActivityManager( 1629): 	at com.android.server.am.ActivityRecord.isInStackLocked(ActivityRecord.java:2085)
12-14 02:45:17.342 W/ActivityManager( 1629): 	at com.android.server.am.ActivityManagerService.getActivityOptions(ActivityManagerService.java:13302)
12-14 02:45:17.342 W/ActivityManager( 1629): 	at android.app.IActivityManager$Stub.onTransact(IActivityManager.java:2910)
12-14 02:45:17.342 W/ActivityManager( 1629): 	at com.android.server.am.ActivityManagerService.onTransact(ActivityManagerService.java:2935)
12-14 02:45:17.342 W/ActivityManager( 1629): 	at android.os.Binder.execTransact(Binder.java:674)
12-14 02:45:17.344 W/ActivityManager( 1629): Bad activity token: android.os.BinderProxy@7c5642c
12-14 02:45:17.344 W/ActivityManager( 1629): java.lang.ClassCastException: android.os.BinderProxy cannot be cast to com.android.server.am.ActivityRecord$Token
12-14 02:45:17.344 W/ActivityManager( 1629): 	at com.android.server.am.ActivityRecord.forTokenLocked(ActivityRecord.java:778)
12-14 02:45:17.344 W/ActivityManager( 1629): 	at com.android.server.am.ActivityRecord.isInStackLocked(ActivityRecord.java:2085)
12-14 02:45:17.344 W/ActivityManager( 1629): 	at com.android.server.am.ActivityManagerService.getActivityOptions(ActivityManagerService.java:13302)
12-14 02:45:17.344 W/ActivityManager( 1629): 	at android.app.IActivityManager$Stub.onTransact(IActivityManager.java:2910)
12-14 02:45:17.344 W/ActivityManager( 1629): 	at com.android.server.am.ActivityManagerService.onTransact(ActivityManagerService.java:2935)
12-14 02:45:17.344 W/ActivityManager( 1629): 	at android.os.Binder.execTransact(Binder.java:674)
12-14 02:45:17.349 D/EGL_emulation( 1727): eglMakeCurrent: 0x8f654100: ver 3 0 (tinfo 0x9ea64a70)
12-14 02:45:17.434 I/chatty  ( 1727): uid=10028(u0_a28) RenderThread identical 10 lines
12-14 02:45:17.440 D/EGL_emulation( 1727): eglMakeCurrent: 0x8f654100: ver 3 0 (tinfo 0x9ea64a70)
12-14 02:45:17.441 V/StatusBar( 1727): setLightsOn(true)
12-14 02:45:17.451 D/EGL_emulation( 1727): eglMakeCurrent: 0x8f654100: ver 3 0 (tinfo 0x9ea64a70)
12-14 02:45:17.489 I/chatty  ( 1727): uid=10028(u0_a28) RenderThread identical 5 lines
12-14 02:45:17.503 D/EGL_emulation( 1727): eglMakeCurrent: 0x8f654100: ver 3 0 (tinfo 0x9ea64a70)
12-14 02:45:17.505 V/StatusBar( 1727): setLightsOn(true)
12-14 02:45:17.516 V/StatusBar( 1727): setLightsOn(true)
12-14 02:45:17.520 I/zygote  ( 4044): Do partial code cache collection, code=28KB, data=30KB
12-14 02:45:17.521 I/zygote  ( 4044): After code cache collection, code=28KB, data=30KB
12-14 02:45:17.521 I/zygote  ( 4044): Increasing code cache capacity to 128KB
12-14 02:45:17.522 I/zygote  ( 4044): Do partial code cache collection, code=28KB, data=48KB
12-14 02:45:17.522 I/zygote  ( 4044): After code cache collection, code=28KB, data=48KB
12-14 02:45:17.522 I/zygote  ( 4044): Increasing code cache capacity to 256KB
12-14 02:45:17.523 I/zygote  ( 4044): JIT allocated 71KB for compiled code of void android.widget.TextView.<init>(android.content.Context, android.util.AttributeSet, int, int)
12-14 02:45:17.523 I/zygote  ( 4044): Compiler allocated 4MB to compile void android.widget.TextView.<init>(android.content.Context, android.util.AttributeSet, int, int)
12-14 02:45:17.556 D/gralloc_ranchu( 1395): gralloc_alloc: Creating ashmem region of size 7753728
12-14 02:45:17.580 D/        ( 4044): HostConnection::get() New Host Connection established 0xa07afd00, tid 4044
12-14 02:45:17.631 V/StatusBar( 1727): setLightsOn(true)
12-14 02:45:17.635 V/StatusBar( 1727): setLightsOn(true)
12-14 02:45:17.639 I/ActivityManager( 1629): Displayed com.evancharlton.mileage/.Mileage: +473ms
12-14 02:45:17.645 V/StatusBar( 1727): setLightsOn(true)
12-14 02:45:17.662 V/StatusBar( 1727): setLightsOn(true)
12-14 02:45:17.674 D/gralloc_ranchu( 1395): gralloc_alloc: Creating ashmem region of size 7753728
12-14 02:45:17.753 V/StatusBar( 1727): setLightsOn(true)
12-14 02:45:17.788 E/memtrack( 1629): Couldn't load memtrack module
12-14 02:45:17.788 W/android.os.Debug( 1629): failed to get memory consumption info: -1
12-14 02:45:17.806 E/memtrack( 1629): Couldn't load memtrack module
12-14 02:45:17.806 W/android.os.Debug( 1629): failed to get memory consumption info: -1
12-14 02:45:17.835 V/StatusBar( 1727): setLightsOn(true)
12-14 02:45:17.847 I/zygote  ( 4044): Do full code cache collection, code=125KB, data=71KB
12-14 02:45:17.848 I/zygote  ( 4044): After code cache collection, code=108KB, data=44KB
12-14 02:45:17.865 V/StatusBar( 1727): setLightsOn(true)
