--------- beginning of main
12-14 00:27:45.048 E/adbd    ( 1353): failed to connect to socket 'tcp:7102': Connection refused
12-14 00:27:45.138 V/StatusBar( 1728): setLightsOn(true)
--------- beginning of system
12-14 00:27:45.148 W/ActivityManager( 1631): Finishing task with all activities already finished
12-14 00:27:45.148 W/ActivityManager( 1631): Duplicate finish request for ActivityRecord{22c29e7 u0 com.evancharlton.mileage/.Mileage t426 f}
12-14 00:27:45.151 W/ActivityManager( 1631): Finishing task with all activities already finished
12-14 00:27:45.151 W/ActivityManager( 1631): Duplicate finish request for ActivityRecord{22c29e7 u0 com.evancharlton.mileage/.Mileage t426 f}
12-14 00:27:45.151 W/ActivityManager( 1631): Finishing task with all activities already finished
12-14 00:27:45.152 W/ActivityManager( 1631): Duplicate finish request for ActivityRecord{22c29e7 u0 com.evancharlton.mileage/.Mileage t426 f}
12-14 00:27:45.194 I/chatty  ( 1728): uid=10028(u0_a28) com.android.systemui identical 3 lines
12-14 00:27:45.198 V/StatusBar( 1728): setLightsOn(true)
12-14 00:27:45.198 D/gralloc_ranchu( 1396): gralloc_alloc: Creating ashmem region of size 8298496
12-14 00:27:45.218 D/gralloc_ranchu( 1396): gralloc_alloc: Creating ashmem region of size 8298496
12-14 00:27:45.224 D/SurfaceFlinger( 1405): duplicate layer name: changing com.google.android.apps.nexuslauncher/com.google.android.apps.nexuslauncher.NexusLauncherActivity to com.google.android.apps.nexuslauncher/com.google.android.apps.nexuslauncher.NexusLauncherActivity#1
12-14 00:27:45.232 D/gralloc_ranchu( 1396): gralloc_alloc: Creating ashmem region of size 8298496
12-14 00:27:45.244 D/gralloc_ranchu( 1396): gralloc_alloc: Creating ashmem region of size 8298496
12-14 00:27:45.244 D/EGL_emulation( 1728): eglMakeCurrent: 0x8cddc280: ver 3 0 (tinfo 0x9de6fc00)
12-14 00:27:45.256 D/gralloc_ranchu( 1396): gralloc_alloc: Creating ashmem region of size 8298496
12-14 00:27:45.271 D/gralloc_ranchu( 1396): gralloc_alloc: Creating ashmem region of size 8298496
12-14 00:27:45.310 D/EGL_emulation( 2176): eglMakeCurrent: 0xa07048a0: ver 3 0 (tinfo 0xa0703750)
12-14 00:27:45.335 W/SessionLifecycleManager( 2176): Handover failed. Creating new session controller.
12-14 00:27:45.348 D/EGL_emulation( 2148): eglMakeCurrent: 0x9e1fc8a0: ver 3 0 (tinfo 0x9e1ff590)
12-14 00:27:45.361 W/RemoteFillService( 1631): Not handling { when=-1ms what=3 target=com.android.internal.os.HandlerCaller$MyHandler } as service for ComponentInfo{com.google.android.gms/com.google.android.gms.autofill.service.AutofillService} is already destroyed
12-14 00:27:45.380 I/MicroDetectionWorker( 2176): #updateMicroDetector [detectionMode: [mDetectionMode: [1]]]
12-14 00:27:45.380 I/MicroDetectionWorker( 2176): #startMicroDetector [speakerMode: 0]
12-14 00:27:45.381 I/AudioController( 2176): Using mInputStreamFactoryBuilder
12-14 00:27:45.382 D/gralloc_ranchu( 1396): gralloc_alloc: Creating ashmem region of size 7753728
12-14 00:27:45.383 I/MicroDetectionWorker( 2176): onReady
12-14 00:27:45.392 I/MicroRecognitionRunner( 2176): Starting detection.
12-14 00:27:45.393 I/MicrophoneInputStream( 2176): mic_starting com.google.android.apps.gsa.staticplugins.aa.c@6981004
12-14 00:27:45.397 I/AudioFlinger( 1477): AudioFlinger's thread 0xace83b00 tid=4060 ready to run
12-14 00:27:45.412 I/MicrophoneInputStream( 2176): mic_started com.google.android.apps.gsa.staticplugins.aa.c@6981004
12-14 00:27:45.413 E/ActivityThread( 2176): Failed to find provider info for com.google.android.apps.gsa.testing.ui.audio.recorded
12-14 00:27:45.417 I/MicrophoneInputStream( 2176): mic_close com.google.android.apps.gsa.staticplugins.aa.c@6981004
12-14 00:27:45.422 I/MicroRecognitionRunner( 2176): Detection finished
12-14 00:27:45.422 W/ErrorReporter( 2176): reportError [type: 211, code: 524300]: Error reading from input stream
12-14 00:27:45.428 I/MicroRecognitionRunner( 2176): Stopping hotword detection.
12-14 00:27:45.429 W/ErrorProcessor( 2176): onFatalError, processing error from engine(4)
12-14 00:27:45.429 W/ErrorProcessor( 2176): com.google.android.apps.gsa.shared.speech.b.g: Error reading from input stream
12-14 00:27:45.429 W/ErrorProcessor( 2176): 	at com.google.android.apps.gsa.staticplugins.recognizer.j.a.a(SourceFile:28)
12-14 00:27:45.429 W/ErrorProcessor( 2176): 	at com.google.android.apps.gsa.staticplugins.recognizer.j.b.run(SourceFile:15)
12-14 00:27:45.429 W/ErrorProcessor( 2176): 	at java.util.concurrent.Executors$RunnableAdapter.call(Executors.java:457)
12-14 00:27:45.429 W/ErrorProcessor( 2176): 	at java.util.concurrent.FutureTask.run(FutureTask.java:266)
12-14 00:27:45.429 W/ErrorProcessor( 2176): 	at com.google.android.apps.gsa.shared.util.concurrent.a.ax.run(SourceFile:14)
12-14 00:27:45.429 W/ErrorProcessor( 2176): 	at com.google.android.apps.gsa.shared.util.concurrent.a.bl.run(SourceFile:4)
12-14 00:27:45.429 W/ErrorProcessor( 2176): 	at com.google.android.apps.gsa.shared.util.concurrent.a.bl.run(SourceFile:4)
12-14 00:27:45.429 W/ErrorProcessor( 2176): 	at java.util.concurrent.ThreadPoolExecutor.runWorker(ThreadPoolExecutor.java:1162)
12-14 00:27:45.429 W/ErrorProcessor( 2176): 	at java.util.concurrent.ThreadPoolExecutor$Worker.run(ThreadPoolExecutor.java:636)
12-14 00:27:45.429 W/ErrorProcessor( 2176): 	at java.lang.Thread.run(Thread.java:764)
12-14 00:27:45.429 W/ErrorProcessor( 2176): 	at com.google.android.apps.gsa.shared.util.concurrent.a.ai.run(SourceFile:6)
12-14 00:27:45.429 W/ErrorProcessor( 2176): Caused by: com.google.android.apps.gsa.shared.exception.GsaIOException: Error code: 393238 | Buffer overflow, no available space.
12-14 00:27:45.429 W/ErrorProcessor( 2176): 	at com.google.android.apps.gsa.speech.audio.Tee.f(SourceFile:103)
12-14 00:27:45.429 W/ErrorProcessor( 2176): 	at com.google.android.apps.gsa.speech.audio.au.read(SourceFile:2)
12-14 00:27:45.429 W/ErrorProcessor( 2176): 	at java.io.InputStream.read(InputStream.java:101)
12-14 00:27:45.429 W/ErrorProcessor( 2176): 	at com.google.android.apps.gsa.speech.audio.ao.run(SourceFile:18)
12-14 00:27:45.429 W/ErrorProcessor( 2176): 	at com.google.android.apps.gsa.speech.audio.an.run(SourceFile:2)
12-14 00:27:45.429 W/ErrorProcessor( 2176): 	... 9 more
12-14 00:27:45.429 I/AudioController( 2176): internalShutdown
12-14 00:27:45.487 I/MicroDetectionWorker( 2176): onReady
12-14 00:27:45.487 I/MicroDetector( 2176): Keeping mic open: false
12-14 00:27:45.487 I/MicroDetectionWorker( 2176): #onError(false)
12-14 00:27:45.487 I/DeviceStateChecker( 2176): DeviceStateChecker cancelled
12-14 00:27:45.493 D/EGL_emulation( 1728): eglMakeCurrent: 0x8cddc280: ver 3 0 (tinfo 0x9de6fc00)
12-14 00:27:45.506 D/        ( 1728): HostConnection::get() New Host Connection established 0xa0720500, tid 1751
12-14 00:27:45.514 E/TaskPersister( 1631): File error accessing recents directory (directory doesn't exist?).
12-14 00:27:45.549 D/EGL_emulation( 1728): eglMakeCurrent: 0x8cddc280: ver 3 0 (tinfo 0x9de6fc00)
12-14 00:27:45.639 I/chatty  ( 1728): uid=10028(u0_a28) RenderThread identical 6 lines
12-14 00:27:45.659 D/EGL_emulation( 1728): eglMakeCurrent: 0x8cddc280: ver 3 0 (tinfo 0x9de6fc00)
12-14 00:27:45.670 D/BoundBrokerSvc( 1943): onUnbind: Intent { act=com.google.android.gms.pseudonymous.service.START cmp=com.google.android.gms/.chimera.PersistentApiService }
12-14 00:27:45.675 D/EGL_emulation( 1728): eglMakeCurrent: 0x8cddc280: ver 3 0 (tinfo 0x9de6fc00)
12-14 00:27:45.703 I/chatty  ( 1728): uid=10028(u0_a28) RenderThread identical 2 lines
12-14 00:27:45.739 D/EGL_emulation( 1728): eglMakeCurrent: 0x8cddc280: ver 3 0 (tinfo 0x9de6fc00)
12-14 00:27:45.829 W/OpenGLRenderer( 2148): Incorrectly called buildLayer on View: ShortcutAndWidgetContainer, destroying layer...
12-14 00:27:45.938 I/OpenGLRenderer( 1631): Initialized EGL, version 1.4
12-14 00:27:45.939 D/OpenGLRenderer( 1631): Swap behavior 1
12-14 00:27:45.939 W/OpenGLRenderer( 1631): Failed to choose config with EGL_SWAP_BEHAVIOR_PRESERVED, retrying without...
12-14 00:27:45.939 D/OpenGLRenderer( 1631): Swap behavior 0
12-14 00:27:45.947 D/EGL_emulation( 1631): eglCreateContext: 0x8a6b46a0: maj 3 min 0 rcv 3
12-14 00:27:45.949 D/EGL_emulation( 1631): eglMakeCurrent: 0x8a6b46a0: ver 3 0 (tinfo 0x8a6c25c0)
12-14 00:27:45.950 E/eglCodecCommon( 1631): glUtilsParamSize: unknow param 0x00008cdf
12-14 00:27:45.950 E/eglCodecCommon( 1631): glUtilsParamSize: unknow param 0x00008cdf
12-14 00:27:45.950 E/eglCodecCommon( 1631): glUtilsParamSize: unknow param 0x00008824
12-14 00:27:45.950 E/eglCodecCommon( 1631): glUtilsParamSize: unknow param 0x00008824
12-14 00:27:45.973 D/AndroidRuntime( 4055): >>>>>> START com.android.internal.os.RuntimeInit uid 2000 <<<<<<
12-14 00:27:45.993 D/        ( 1631): HostConnection::get() New Host Connection established 0x8a91f280, tid 1638
12-14 00:27:46.028 W/app_process( 4055): Unexpected CPU variant for X86 using defaults: x86
12-14 00:27:46.047 D/AndroidRuntime( 4055): Calling main entry com.android.commands.am.Am
12-14 00:27:46.048 I/ActivityManager( 1631): Force stopping com.evancharlton.mileage appid=10226 user=0: start instr
12-14 00:27:46.048 I/ActivityManager( 1631): Killing 3986:com.evancharlton.mileage/u0a226 (adj 0): stop com.evancharlton.mileage
12-14 00:27:46.053 W/ActivityManager( 1631): Crash of app com.evancharlton.mileage running instrumentation ComponentInfo{com.evancharlton.mileage.test/sh.calaba.instrumentationbackend.CalabashInstrumentationTestRunner}
12-14 00:27:46.053 I/ActivityManager( 1631): Force stopping com.evancharlton.mileage appid=10226 user=0: finished inst
12-14 00:27:46.065 I/zygote  ( 4069): Not late-enabling -Xcheck:jni (already on)
12-14 00:27:46.068 I/ActivityManager( 1631): Start proc 4069:com.evancharlton.mileage/u0a226 for added application com.evancharlton.mileage
12-14 00:27:46.069 W/ActivityManager( 1631): setHasOverlayUi called on unknown pid: 3986
12-14 00:27:46.070 D/AndroidRuntime( 4055): Shutting down VM
12-14 00:27:46.077 W/zygote  ( 4069): Unexpected CPU variant for X86 using defaults: x86
12-14 00:27:46.109 E/adbd    ( 1353): failed to connect to socket 'tcp:7102': Connection refused
12-14 00:27:46.113 E/adbd    ( 1353): failed to connect to socket 'tcp:7102': Connection refused
12-14 00:27:46.127 W/zygote  ( 4069): Found duplicate classes, falling back to extracting from APK : /data/app/com.evancharlton.mileage.test-0se4pOoAWBVf0jDztS5J2A==/base.apk
12-14 00:27:46.128 W/zygote  ( 4069): NOTE: This wastes RAM and hurts startup performance.
12-14 00:27:46.128 W/zygote  ( 4069): Found duplicated class when checking oat files: 'Ljunit/runner/BaseTestRunner;' in /data/app/com.evancharlton.mileage.test-0se4pOoAWBVf0jDztS5J2A==/base.apk and /system/framework/android.test.runner.jar
12-14 00:27:46.128 W/zygote  ( 4069): 
12-14 00:27:46.164 W/System  ( 4069): ClassLoader referenced unknown path: 
12-14 00:27:46.179 I/System.out( 4069): Main activity name automatically set to: com.evancharlton.mileage.Mileage
12-14 00:27:46.180 I/System.out( 4069): Calabash did not load Mono. This is only a problem if you are trying to test a Mono application
12-14 00:27:46.180 I/calabash( 4069): Test server port: 7102
12-14 00:27:46.182 I/InstrumentationBackend( 4069): Added:'GetPreferences', with key:'get_preferences'
12-14 00:27:46.232 E/adbd    ( 1353): failed to connect to socket 'tcp:7102': Connection refused
12-14 00:27:46.241 E/adbd    ( 1353): failed to connect to socket 'tcp:7102': Connection refused
12-14 00:27:46.265 I/InstrumentationBackend( 4069): Added:'SetPreferences', with key:'set_preferences'
12-14 00:27:46.265 I/InstrumentationBackend( 4069): Added:'ClearPreferences', with key:'clear_preferences'
12-14 00:27:46.266 I/InstrumentationBackend( 4069): Added:'PressElement', with key:'press_l10n_element'
12-14 00:27:46.266 I/InstrumentationBackend( 4069): Added:'WaitForElement', with key:'wait_for_l10n_element'
12-14 00:27:46.267 I/InstrumentationBackend( 4069): Added:'NullAction', with key:'nullAction'
12-14 00:27:46.267 I/InstrumentationBackend( 4069): Added:'PressKey', with key:'press_key'
12-14 00:27:46.267 I/InstrumentationBackend( 4069): Added:'SetActivityOrientation', with key:'set_activity_orientation'
12-14 00:27:46.268 I/InstrumentationBackend( 4069): Added:'GetActivityOrientation', with key:'get_activity_orientation'
12-14 00:27:46.269 I/InstrumentationBackend( 4069): Added:'FakeGPSLocation', with key:'set_gps_coordinates'
12-14 00:27:46.270 I/InstrumentationBackend( 4069): Added:'SetPropertyByCssSelector', with key:'set_property_by_css_selector'
12-14 00:27:46.272 I/InstrumentationBackend( 4069): Added:'GetUrl', with key:'get_url'
12-14 00:27:46.275 I/InstrumentationBackend( 4069): Added:'ScrollTo', with key:'scroll_to'
12-14 00:27:46.275 I/InstrumentationBackend( 4069): Added:'GetLoadProgress', with key:'get_load_progress'
12-14 00:27:46.276 I/InstrumentationBackend( 4069): Added:'DumpHtml', with key:'dump_html'
12-14 00:27:46.276 I/InstrumentationBackend( 4069): Added:'DumpBodyHtml', with key:'dump_body_html'
12-14 00:27:46.276 I/InstrumentationBackend( 4069): Added:'EnterTextByCssSelector', with key:'enter_text_by_selector'
12-14 00:27:46.281 I/InstrumentationBackend( 4069): Added:'AndroidSDKVersion', with key:'android_sdk_version'
12-14 00:27:46.281 I/InstrumentationBackend( 4069): Added:'Version', with key:'version'
12-14 00:27:46.281 I/InstrumentationBackend( 4069): Added:'Drag', with key:'drag'
12-14 00:27:46.281 I/InstrumentationBackend( 4069): Added:'TouchCoordinates', with key:'touch_coordinate'
12-14 00:27:46.282 I/InstrumentationBackend( 4069): Added:'LongPressCoordinate', with key:'long_press_coordinate'
12-14 00:27:46.282 I/InstrumentationBackend( 4069): Added:'DragCoordinates', with key:'drag_coordinates'
12-14 00:27:46.283 I/InstrumentationBackend( 4069): Added:'ResumeApplication', with key:'resume_application'
12-14 00:27:46.283 I/InstrumentationBackend( 4069): Added:'Swipe', with key:'swipe'
12-14 00:27:46.283 I/InstrumentationBackend( 4069): Added:'DoubleTapCoordinate', with key:'double_tap_coordinate'
12-14 00:27:46.283 I/InstrumentationBackend( 4069): Added:'ClickOnScreen', with key:'click_on_screen'
12-14 00:27:46.284 I/InstrumentationBackend( 4069): Added:'GetActivityName', with key:'get_activity_name'
12-14 00:27:46.286 I/InstrumentationBackend( 4069): Added:'ScrollToView', with key:'scroll_to_view'
12-14 00:27:46.287 I/InstrumentationBackend( 4069): Added:'ViewConfiguration', with key:'view_configuration'
12-14 00:27:46.287 I/InstrumentationBackend( 4069): Added:'IsCurrentActivityFocused', with key:'is_current_activity_focused'
12-14 00:27:46.288 I/InstrumentationBackend( 4069): Added:'SendTcp', with key:'send_tcp'
12-14 00:27:46.288 I/InstrumentationBackend( 4069): Added:'DpToDevicePixel', with key:'dp_to_device_pixel'
12-14 00:27:46.289 I/InstrumentationBackend( 4069): Added:'KeyboardEnterText', with key:'keyboard_enter_text'
12-14 00:27:46.290 I/InstrumentationBackend( 4069): Added:'DeleteSurroundingText', with key:'delete_surrounding_text'
12-14 00:27:46.291 I/InstrumentationBackend( 4069): Added:'SetComposingRegion', with key:'set_composing_region'
12-14 00:27:46.291 I/InstrumentationBackend( 4069): Added:'SetSelection', with key:'set_selection'
12-14 00:27:46.292 I/InstrumentationBackend( 4069): Added:'KeyboardKeyEvent', with key:'keyboard_key_event'
12-14 00:27:46.292 I/InstrumentationBackend( 4069): Added:'PressUserActionButton', with key:'press_user_action_button'
12-14 00:27:46.293 I/InstrumentationBackend( 4069): Added:'HideSoftKeyboard', with key:'hide_soft_keyboard'
12-14 00:27:46.294 I/InstrumentationBackend( 4069): Added:'ListActions', with key:'list_actions'
12-14 00:27:46.294 I/calabash( 4069): Instantiating http server at 7102
12-14 00:27:46.295 I/System.out( 4069): HTTP Daemon listening on: 7102
12-14 00:27:46.364 I/System.out( 4069): URI: //ping
12-14 00:27:46.364 I/System.out( 4069): params: {json={}
12-14 00:27:46.364 I/System.out( 4069): }
12-14 00:27:46.379 I/System.out( 4069): URI: //ping
12-14 00:27:46.379 I/System.out( 4069): params: {json={}
12-14 00:27:46.379 I/System.out( 4069): }
12-14 00:27:46.388 I/System.out( 4069): URI: //ready
12-14 00:27:46.388 I/System.out( 4069): params: {json={}
12-14 00:27:46.388 I/System.out( 4069): }
12-14 00:27:46.395 I/System.out( 4069): URI: //
12-14 00:27:46.395 I/System.out( 4069): params: {json={"command":"version","arguments":[]}
12-14 00:27:46.395 I/System.out( 4069): }
12-14 00:27:46.395 I/System.out( 4069): header: {content-type=application/json;charset=utf-8, date=Mon, 14 Dec 2020 05:27:47 GMT, accept=*/*, host=127.0.0.1:34777, content-length=36, user-agent=HTTPClient/1.0 (2.8.3, ruby 2.5.8 (2020-03-31))}
12-14 00:27:46.395 I/System.out( 4069): params: {json={"command":"version","arguments":[]}
12-14 00:27:46.395 I/System.out( 4069): }
12-14 00:27:46.395 I/System.out( 4069): ProP json = {"command":"version","arguments":[]}
12-14 00:27:46.395 I/System.out( 4069): files: {}
12-14 00:27:46.395 I/System.out( 4069): command: {"command":"version","arguments":[]}
12-14 00:27:46.426 I/InstrumentationBackend( 4069): Got command:'Command:'Line:null,version', arguments:'[]'
12-14 00:27:46.465 I/System.out( 4069): result:{"bonusInformation":[],"message":"0.9.8","success":true}
12-14 00:27:46.474 I/System.out( 4069): URI: //start-application
12-14 00:27:46.474 I/System.out( 4069): params: {json={"intent":null}
12-14 00:27:46.474 I/System.out( 4069): }
12-14 00:27:46.516 I/ActivityManager( 1631): START u0 {act=android.intent.action.MAIN cat=[android.intent.category.LAUNCHER] flg=0x10200000 cmp=com.evancharlton.mileage/.Mileage} from uid 10226
12-14 00:27:46.531 I/calabash( 4069): newActivity1
12-14 00:27:46.545 D/gralloc_ranchu( 1396): gralloc_alloc: Creating ashmem region of size 7753728
12-14 00:27:46.595 W/ActivityManager( 1631): Bad activity token: android.os.BinderProxy@f37e543
12-14 00:27:46.595 W/ActivityManager( 1631): java.lang.ClassCastException: android.os.BinderProxy cannot be cast to com.android.server.am.ActivityRecord$Token
12-14 00:27:46.595 W/ActivityManager( 1631): 	at com.android.server.am.ActivityRecord.forTokenLocked(ActivityRecord.java:778)
12-14 00:27:46.595 W/ActivityManager( 1631): 	at com.android.server.am.ActivityRecord.isInStackLocked(ActivityRecord.java:2085)
12-14 00:27:46.595 W/ActivityManager( 1631): 	at com.android.server.am.ActivityRecord.getStackLocked(ActivityRecord.java:2090)
12-14 00:27:46.595 W/ActivityManager( 1631): 	at com.android.server.am.ActivityManagerService.getActivityDisplayId(ActivityManagerService.java:10406)
12-14 00:27:46.595 W/ActivityManager( 1631): 	at android.app.IActivityManager$Stub.onTransact(IActivityManager.java:2738)
12-14 00:27:46.595 W/ActivityManager( 1631): 	at com.android.server.am.ActivityManagerService.onTransact(ActivityManagerService.java:2935)
12-14 00:27:46.595 W/ActivityManager( 1631): 	at android.os.Binder.execTransact(Binder.java:674)
12-14 00:27:46.596 I/calabash( 4069): newActivity1
12-14 00:27:46.609 W/ActivityManager( 1631): Bad activity token: android.os.BinderProxy@f37e543
12-14 00:27:46.609 W/ActivityManager( 1631): java.lang.ClassCastException: android.os.BinderProxy cannot be cast to com.android.server.am.ActivityRecord$Token
12-14 00:27:46.609 W/ActivityManager( 1631): 	at com.android.server.am.ActivityRecord.forTokenLocked(ActivityRecord.java:778)
12-14 00:27:46.609 W/ActivityManager( 1631): 	at com.android.server.am.ActivityRecord.isInStackLocked(ActivityRecord.java:2085)
12-14 00:27:46.609 W/ActivityManager( 1631): 	at com.android.server.am.ActivityManagerService.setTaskDescription(ActivityManagerService.java:9988)
12-14 00:27:46.609 W/ActivityManager( 1631): 	at android.app.IActivityManager$Stub.onTransact(IActivityManager.java:2824)
12-14 00:27:46.609 W/ActivityManager( 1631): 	at com.android.server.am.ActivityManagerService.onTransact(ActivityManagerService.java:2935)
12-14 00:27:46.609 W/ActivityManager( 1631): 	at android.os.Binder.execTransact(Binder.java:674)
12-14 00:27:46.610 W/ActivityManager( 1631): Bad activity token: android.os.BinderProxy@f37e543
12-14 00:27:46.610 W/ActivityManager( 1631): java.lang.ClassCastException: android.os.BinderProxy cannot be cast to com.android.server.am.ActivityRecord$Token
12-14 00:27:46.610 W/ActivityManager( 1631): 	at com.android.server.am.ActivityRecord.forTokenLocked(ActivityRecord.java:778)
12-14 00:27:46.610 W/ActivityManager( 1631): 	at com.android.server.am.ActivityRecord.isInStackLocked(ActivityRecord.java:2085)
12-14 00:27:46.610 W/ActivityManager( 1631): 	at com.android.server.am.ActivityRecord.getStackLocked(ActivityRecord.java:2090)
12-14 00:27:46.610 W/ActivityManager( 1631): 	at com.android.server.am.ActivityManagerService.getActivityStackId(ActivityManagerService.java:10417)
12-14 00:27:46.610 W/ActivityManager( 1631): 	at android.app.IActivityManager$Stub.onTransact(IActivityManager.java:3548)
12-14 00:27:46.610 W/ActivityManager( 1631): 	at com.android.server.am.ActivityManagerService.onTransact(ActivityManagerService.java:2935)
12-14 00:27:46.610 W/ActivityManager( 1631): 	at android.os.Binder.execTransact(Binder.java:674)
12-14 00:27:46.624 D/EGL_emulation( 2176): eglMakeCurrent: 0xa07048a0: ver 3 0 (tinfo 0xa0703750)
12-14 00:27:46.634 D/EGL_emulation( 2148): eglMakeCurrent: 0x9e1fc8a0: ver 3 0 (tinfo 0x9e1ff590)
12-14 00:27:46.645 D/EGL_emulation( 1728): eglMakeCurrent: 0x8cddc280: ver 3 0 (tinfo 0x9de6fc00)
12-14 00:27:46.646 V/StatusBar( 1728): setLightsOn(true)
12-14 00:27:46.664 D/EGL_emulation( 1728): eglMakeCurrent: 0x8cddc280: ver 3 0 (tinfo 0x9de6fc00)
12-14 00:27:46.670 D/EGL_emulation( 1728): eglMakeCurrent: 0x8cddc280: ver 3 0 (tinfo 0x9de6fc00)
12-14 00:27:46.671 V/StatusBar( 1728): setLightsOn(true)
12-14 00:27:46.676 E/ContentStoreEUAS( 2176): Failed to commit the deferred actions
12-14 00:27:46.677 D/EGL_emulation( 1728): eglMakeCurrent: 0x8cddc280: ver 3 0 (tinfo 0x9de6fc00)
12-14 00:27:46.684 D/EGL_emulation( 1728): eglMakeCurrent: 0x8cddc280: ver 3 0 (tinfo 0x9de6fc00)
12-14 00:27:46.688 I/qemu-props( 1403): start adbd ...
12-14 00:27:46.703 D/EGL_emulation( 1728): eglMakeCurrent: 0x8cddc280: ver 3 0 (tinfo 0x9de6fc00)
12-14 00:27:46.797 W/ActivityManager( 1631): Bad activity token: android.os.BinderProxy@f37e543
12-14 00:27:46.797 W/ActivityManager( 1631): java.lang.ClassCastException: android.os.BinderProxy cannot be cast to com.android.server.am.ActivityRecord$Token
12-14 00:27:46.797 W/ActivityManager( 1631): 	at com.android.server.am.ActivityRecord.forTokenLocked(ActivityRecord.java:778)
12-14 00:27:46.797 W/ActivityManager( 1631): 	at com.android.server.am.ActivityRecord.isInStackLocked(ActivityRecord.java:2085)
12-14 00:27:46.797 W/ActivityManager( 1631): 	at com.android.server.am.ActivityManagerService.getActivityOptions(ActivityManagerService.java:13302)
12-14 00:27:46.797 W/ActivityManager( 1631): 	at android.app.IActivityManager$Stub.onTransact(IActivityManager.java:2910)
12-14 00:27:46.797 W/ActivityManager( 1631): 	at com.android.server.am.ActivityManagerService.onTransact(ActivityManagerService.java:2935)
12-14 00:27:46.797 W/ActivityManager( 1631): 	at android.os.Binder.execTransact(Binder.java:674)
12-14 00:27:46.799 W/ActivityManager( 1631): Bad activity token: android.os.BinderProxy@f37e543
12-14 00:27:46.799 W/ActivityManager( 1631): java.lang.ClassCastException: android.os.BinderProxy cannot be cast to com.android.server.am.ActivityRecord$Token
12-14 00:27:46.799 W/ActivityManager( 1631): 	at com.android.server.am.ActivityRecord.forTokenLocked(ActivityRecord.java:778)
12-14 00:27:46.799 W/ActivityManager( 1631): 	at com.android.server.am.ActivityRecord.isInStackLocked(ActivityRecord.java:2085)
12-14 00:27:46.799 W/ActivityManager( 1631): 	at com.android.server.am.ActivityManagerService.getActivityOptions(ActivityManagerService.java:13302)
12-14 00:27:46.799 W/ActivityManager( 1631): 	at android.app.IActivityManager$Stub.onTransact(IActivityManager.java:2910)
12-14 00:27:46.799 W/ActivityManager( 1631): 	at com.android.server.am.ActivityManagerService.onTransact(ActivityManagerService.java:2935)
12-14 00:27:46.799 W/ActivityManager( 1631): 	at android.os.Binder.execTransact(Binder.java:674)
12-14 00:27:46.838 I/chatty  ( 1728): uid=10028(u0_a28) RenderThread identical 15 lines
12-14 00:27:46.850 D/EGL_emulation( 1728): eglMakeCurrent: 0x8cddc280: ver 3 0 (tinfo 0x9de6fc00)
12-14 00:27:46.913 V/StatusBar( 1728): setLightsOn(true)
12-14 00:27:46.962 I/zygote  ( 4069): Do partial code cache collection, code=29KB, data=30KB
12-14 00:27:46.963 I/zygote  ( 4069): After code cache collection, code=29KB, data=30KB
12-14 00:27:46.963 I/zygote  ( 4069): Increasing code cache capacity to 128KB
12-14 00:27:46.965 I/zygote  ( 4069): Do partial code cache collection, code=29KB, data=48KB
12-14 00:27:46.965 I/zygote  ( 4069): After code cache collection, code=29KB, data=48KB
12-14 00:27:46.965 I/zygote  ( 4069): Increasing code cache capacity to 256KB
12-14 00:27:46.966 I/zygote  ( 4069): JIT allocated 71KB for compiled code of void android.widget.TextView.<init>(android.content.Context, android.util.AttributeSet, int, int)
12-14 00:27:46.966 I/zygote  ( 4069): Compiler allocated 4MB to compile void android.widget.TextView.<init>(android.content.Context, android.util.AttributeSet, int, int)
12-14 00:27:46.985 V/StatusBar( 1728): setLightsOn(true)
12-14 00:27:46.988 I/chatty  ( 1728): uid=10028(u0_a28) com.android.systemui identical 1 line
12-14 00:27:46.989 V/StatusBar( 1728): setLightsOn(true)
12-14 00:27:47.032 D/gralloc_ranchu( 1396): gralloc_alloc: Creating ashmem region of size 7753728
12-14 00:27:47.056 D/        ( 4069): HostConnection::get() New Host Connection established 0x9ddafdc0, tid 4069
12-14 00:27:47.062 V/StatusBar( 1728): setLightsOn(true)
12-14 00:27:47.116 I/chatty  ( 1728): uid=10028(u0_a28) com.android.systemui identical 1 line
12-14 00:27:47.120 V/StatusBar( 1728): setLightsOn(true)
12-14 00:27:47.122 I/ActivityManager( 1631): Displayed com.evancharlton.mileage/.Mileage: +593ms
12-14 00:27:47.129 V/StatusBar( 1728): setLightsOn(true)
12-14 00:27:47.149 V/StatusBar( 1728): setLightsOn(true)
12-14 00:27:47.162 D/gralloc_ranchu( 1396): gralloc_alloc: Creating ashmem region of size 7753728
12-14 00:27:47.265 I/ActivityManager( 1631): Killing 3390:com.android.externalstorage/u0a8 (adj 906): empty #17
12-14 00:27:47.312 V/StatusBar( 1728): setLightsOn(true)
12-14 00:27:47.369 I/chatty  ( 1728): uid=10028(u0_a28) com.android.systemui identical 3 lines
12-14 00:27:47.381 V/StatusBar( 1728): setLightsOn(true)
12-14 00:27:47.391 W/SurfaceFlinger( 1405): couldn't log to binary event log: overflow.
