--------- beginning of main
12-14 02:35:06.086 I/zygote  ( 1944): Deoptimizing bpvb bpuz.i(bpva) due to JIT inline cache
12-14 02:35:06.369 I/zygote  ( 1944): Deoptimizing bsbk brqx.D(int) due to JIT inline cache
12-14 02:35:06.594 I/System.out( 3903): URI: //kill
12-14 02:35:06.594 I/System.out( 3903): params: {json={}
12-14 02:35:06.594 I/System.out( 3903): }
12-14 02:35:06.594 I/System.out( 3903): Stopping test server
12-14 02:35:06.602 E/adbd    ( 1384): failed to connect to socket 'tcp:7102': Connection refused
12-14 02:35:06.605 E/adbd    ( 1384): failed to connect to socket 'tcp:7102': Connection refused
12-14 02:35:06.676 D/BoundBrokerSvc( 1944): onUnbind: Intent { act=com.google.android.gms.auth.account.workaccount.START cmp=com.google.android.gms/.chimera.PersistentApiService }
12-14 02:35:06.683 V/StatusBar( 1732): setLightsOn(true)
12-14 02:35:06.698 I/chatty  ( 1732): uid=10028(u0_a28) com.android.systemui identical 2 lines
12-14 02:35:06.706 V/StatusBar( 1732): setLightsOn(true)
12-14 02:35:06.708 D/gralloc_ranchu( 1397): gralloc_alloc: Creating ashmem region of size 8298496
12-14 02:35:06.726 I/chatty  ( 1397): uid=1000(system) allocator@2.0-s identical 1 line
12-14 02:35:06.738 D/gralloc_ranchu( 1397): gralloc_alloc: Creating ashmem region of size 8298496
12-14 02:35:06.758 D/SurfaceFlinger( 1414): duplicate layer name: changing com.google.android.apps.nexuslauncher/com.google.android.apps.nexuslauncher.NexusLauncherActivity to com.google.android.apps.nexuslauncher/com.google.android.apps.nexuslauncher.NexusLauncherActivity#1
12-14 02:35:06.767 D/gralloc_ranchu( 1397): gralloc_alloc: Creating ashmem region of size 8298496
12-14 02:35:06.836 D/EGL_emulation( 2175): eglMakeCurrent: 0x97b7e100: ver 3 0 (tinfo 0x97b7f880)
12-14 02:35:06.850 D/EGL_emulation( 1732): eglMakeCurrent: 0x865cdfe0: ver 3 0 (tinfo 0x977e7a50)
12-14 02:35:06.851 D/gralloc_ranchu( 1397): gralloc_alloc: Creating ashmem region of size 8298496
12-14 02:35:06.913 D/gralloc_ranchu( 1397): gralloc_alloc: Creating ashmem region of size 8298496
12-14 02:35:06.924 E/memtrack( 1629): Couldn't load memtrack module
12-14 02:35:06.925 W/android.os.Debug( 1629): failed to get memory consumption info: -1
12-14 02:35:06.988 I/zygote  ( 2175): Deoptimizing void com.google.android.apps.gsa.search.core.service.worker.a.a.a(com.google.android.apps.gsa.search.core.state.qc) due to JIT inline cache
12-14 02:35:07.016 W/SessionLifecycleManager( 2175): Handover failed. Creating new session controller.
12-14 02:35:07.022 E/GmsClient( 2175): unable to connect to service: com.google.android.gms.speech.service.START on com.google.android.gms
12-14 02:35:07.027 D/EGL_emulation( 2145): eglMakeCurrent: 0x9a0843c0: ver 3 0 (tinfo 0x9a083310)
12-14 02:35:07.029 I/OptInState( 2175): There is a new client and it does not support opt-in. Dropping request.
12-14 02:35:07.069 D/gralloc_ranchu( 1397): gralloc_alloc: Creating ashmem region of size 7753728
12-14 02:35:07.078 I/MicroDetectionWorker( 2175): #updateMicroDetector [detectionMode: [mDetectionMode: [1]]]
12-14 02:35:07.079 I/MicroDetectionWorker( 2175): #startMicroDetector [speakerMode: 0]
12-14 02:35:07.079 I/AudioController( 2175): Using mInputStreamFactoryBuilder
12-14 02:35:07.080 D/BoundBrokerSvc( 1944): onUnbind: Intent { act=com.google.android.gms.auth.proximity.START cmp=com.google.android.gms/.chimera.PersistentBoundBrokerService }
12-14 02:35:07.114 I/MicroRecognitionRunner( 2175): Starting detection.
12-14 02:35:07.114 I/MicrophoneInputStream( 2175): mic_starting com.google.android.apps.gsa.staticplugins.aa.c@f78353b
12-14 02:35:07.116 I/AudioFlinger( 1475): AudioFlinger's thread 0xa7503340 tid=3973 ready to run
12-14 02:35:07.118 D/BoundBrokerSvc( 2236): onUnbind: Intent { act=com.google.android.gms.auth.cryptauth.cryptauthservice.START cmp=com.google.android.gms/.chimera.GmsBoundBrokerService }
12-14 02:35:07.134 I/MicroDetectionWorker( 2175): onReady
12-14 02:35:07.135 I/MicrophoneInputStream( 2175): mic_started com.google.android.apps.gsa.staticplugins.aa.c@f78353b
12-14 02:35:07.138 I/MicroDetectionWorker( 2175): onReady
12-14 02:35:07.139 D/        ( 1732): HostConnection::get() New Host Connection established 0x8513c700, tid 1764
12-14 02:35:07.141 I/MicrophoneInputStream( 2175): mic_close com.google.android.apps.gsa.staticplugins.aa.c@f78353b
12-14 02:35:07.141 I/MicroRecognitionRunner( 2175): Detection finished
12-14 02:35:07.142 W/ErrorReporter( 2175): reportError [type: 211, code: 524300]: Error reading from input stream
12-14 02:35:07.145 I/MicroRecognitionRunner( 2175): Stopping hotword detection.
12-14 02:35:07.145 D/EGL_emulation( 1732): eglMakeCurrent: 0x865cdfe0: ver 3 0 (tinfo 0x977e7a50)
12-14 02:35:07.156 W/ErrorProcessor( 2175): onFatalError, processing error from engine(4)
12-14 02:35:07.156 W/ErrorProcessor( 2175): com.google.android.apps.gsa.shared.speech.b.g: Error reading from input stream
12-14 02:35:07.156 W/ErrorProcessor( 2175): 	at com.google.android.apps.gsa.staticplugins.recognizer.j.a.a(SourceFile:28)
12-14 02:35:07.156 W/ErrorProcessor( 2175): 	at com.google.android.apps.gsa.staticplugins.recognizer.j.b.run(SourceFile:15)
12-14 02:35:07.156 W/ErrorProcessor( 2175): 	at java.util.concurrent.Executors$RunnableAdapter.call(Executors.java:457)
12-14 02:35:07.156 W/ErrorProcessor( 2175): 	at java.util.concurrent.FutureTask.run(FutureTask.java:266)
12-14 02:35:07.156 W/ErrorProcessor( 2175): 	at com.google.android.apps.gsa.shared.util.concurrent.a.ax.run(SourceFile:14)
12-14 02:35:07.156 W/ErrorProcessor( 2175): 	at com.google.android.apps.gsa.shared.util.concurrent.a.bl.run(SourceFile:4)
12-14 02:35:07.156 W/ErrorProcessor( 2175): 	at com.google.android.apps.gsa.shared.util.concurrent.a.bl.run(SourceFile:4)
12-14 02:35:07.156 W/ErrorProcessor( 2175): 	at java.util.concurrent.ThreadPoolExecutor.runWorker(ThreadPoolExecutor.java:1162)
12-14 02:35:07.156 W/ErrorProcessor( 2175): 	at java.util.concurrent.ThreadPoolExecutor$Worker.run(ThreadPoolExecutor.java:636)
12-14 02:35:07.156 W/ErrorProcessor( 2175): 	at java.lang.Thread.run(Thread.java:764)
12-14 02:35:07.156 W/ErrorProcessor( 2175): 	at com.google.android.apps.gsa.shared.util.concurrent.a.ai.run(SourceFile:6)
12-14 02:35:07.156 W/ErrorProcessor( 2175): Caused by: com.google.android.apps.gsa.shared.exception.GsaIOException: Error code: 393238 | Buffer overflow, no available space.
12-14 02:35:07.156 W/ErrorProcessor( 2175): 	at com.google.android.apps.gsa.speech.audio.Tee.f(SourceFile:103)
12-14 02:35:07.156 W/ErrorProcessor( 2175): 	at com.google.android.apps.gsa.speech.audio.au.read(SourceFile:2)
12-14 02:35:07.156 W/ErrorProcessor( 2175): 	at java.io.InputStream.read(InputStream.java:101)
12-14 02:35:07.156 W/ErrorProcessor( 2175): 	at com.google.android.apps.gsa.speech.audio.ao.run(SourceFile:18)
12-14 02:35:07.156 W/ErrorProcessor( 2175): 	at com.google.android.apps.gsa.speech.audio.an.run(SourceFile:2)
12-14 02:35:07.156 W/ErrorProcessor( 2175): 	... 9 more
12-14 02:35:07.156 I/AudioController( 2175): internalShutdown
12-14 02:35:07.162 I/MicroDetector( 2175): Keeping mic open: false
12-14 02:35:07.162 I/DeviceStateChecker( 2175): DeviceStateChecker cancelled
12-14 02:35:07.162 I/MicroDetectionWorker( 2175): #onError(false)
12-14 02:35:07.186 D/EGL_emulation( 1732): eglMakeCurrent: 0x865cdfe0: ver 3 0 (tinfo 0x977e7a50)
12-14 02:35:07.186 D/        ( 1732): HostConnection::get() New Host Connection established 0x9a064d00, tid 1757
12-14 02:35:07.195 I/zygote  ( 2175): Do full code cache collection, code=239KB, data=204KB
12-14 02:35:07.195 I/zygote  ( 2175): After code cache collection, code=229KB, data=157KB
12-14 02:35:07.197 D/EGL_emulation( 1732): eglMakeCurrent: 0x865cdfe0: ver 3 0 (tinfo 0x977e7a50)
12-14 02:35:07.381 I/chatty  ( 1732): uid=10028(u0_a28) RenderThread identical 19 lines
12-14 02:35:07.400 D/EGL_emulation( 1732): eglMakeCurrent: 0x865cdfe0: ver 3 0 (tinfo 0x977e7a50)
12-14 02:35:07.502 W/OpenGLRenderer( 2145): Incorrectly called buildLayer on View: ShortcutAndWidgetContainer, destroying layer...
12-14 02:35:07.588 D/OpenGLRenderer( 1629): HWUI GL Pipeline
12-14 02:35:07.589 E/SurfaceFlinger( 1414): ro.sf.lcd_density must be defined as a build property
12-14 02:35:07.616 D/        ( 1629): HostConnection::get() New Host Connection established 0x881bbd80, tid 3974
12-14 02:35:07.617 I/OpenGLRenderer( 1629): Initialized EGL, version 1.4
12-14 02:35:07.617 D/OpenGLRenderer( 1629): Swap behavior 1
12-14 02:35:07.617 W/OpenGLRenderer( 1629): Failed to choose config with EGL_SWAP_BEHAVIOR_PRESERVED, retrying without...
12-14 02:35:07.617 D/OpenGLRenderer( 1629): Swap behavior 0
12-14 02:35:07.628 D/EGL_emulation( 1629): eglCreateContext: 0x976ee8a0: maj 3 min 0 rcv 3
12-14 02:35:07.630 D/EGL_emulation( 1629): eglMakeCurrent: 0x976ee8a0: ver 3 0 (tinfo 0x977a08d0)
12-14 02:35:07.631 E/eglCodecCommon( 1629): glUtilsParamSize: unknow param 0x00008cdf
12-14 02:35:07.631 E/eglCodecCommon( 1629): glUtilsParamSize: unknow param 0x00008cdf
12-14 02:35:07.631 E/eglCodecCommon( 1629): glUtilsParamSize: unknow param 0x00008824
12-14 02:35:07.631 E/eglCodecCommon( 1629): glUtilsParamSize: unknow param 0x00008824
12-14 02:35:07.830 D/BoundBrokerSvc( 1944): onUnbind: Intent { act=com.google.android.contextmanager.service.ContextManagerService.START cmp=com.google.android.gms/.chimera.PersistentApiService }
12-14 02:35:09.065 W/audio_hw_generic( 1391): Not supplying enough data to HAL, expected position 307298 , only wrote 154800
--------- beginning of system
12-14 02:35:11.383 W/RemoteFillService( 1629): Not handling { when=0 what=3 target=com.android.internal.os.HandlerCaller$MyHandler } as service for ComponentInfo{com.google.android.gms/com.google.android.gms.autofill.service.AutofillService} is already destroyed
12-14 02:35:11.387 D/BoundBrokerSvc( 1944): onUnbind: Intent { act=com.google.android.gms.pseudonymous.service.START cmp=com.google.android.gms/.chimera.PersistentApiService }
12-14 02:35:12.164 I/MicroDetectionWorker( 2175): #updateMicroDetector [detectionMode: [mDetectionMode: [1]]]
12-14 02:35:12.164 I/MicroDetectionWorker( 2175): #startMicroDetector [speakerMode: 0]
12-14 02:35:12.164 I/AudioController( 2175): Using mInputStreamFactoryBuilder
12-14 02:35:12.167 I/MicroDetectionWorker( 2175): onReady
12-14 02:35:12.169 I/MicroRecognitionRunner( 2175): Starting detection.
12-14 02:35:12.170 I/MicrophoneInputStream( 2175): mic_starting com.google.android.apps.gsa.staticplugins.aa.c@4add359
12-14 02:35:12.172 I/AudioFlinger( 1475): AudioFlinger's thread 0xa7383a40 tid=3979 ready to run
12-14 02:35:12.175 I/MicrophoneInputStream( 2175): mic_started com.google.android.apps.gsa.staticplugins.aa.c@4add359
12-14 02:35:12.176 E/ActivityThread( 2175): Failed to find provider info for com.google.android.apps.gsa.testing.ui.audio.recorded
12-14 02:35:12.176 I/MicroDetectionWorker( 2175): onReady
12-14 02:35:12.176 W/SpeechLevelGenerator( 2175): Really low audio levels detected. The audio input may have issues.
12-14 02:35:12.177 I/MicrophoneInputStream( 2175): mic_close com.google.android.apps.gsa.staticplugins.aa.c@4add359
12-14 02:35:12.178 I/MicroRecognitionRunner( 2175): Detection finished
12-14 02:35:12.178 W/ErrorReporter( 2175): reportError [type: 211, code: 524300]: Error reading from input stream
12-14 02:35:12.178 I/MicroRecognitionRunner( 2175): Stopping hotword detection.
12-14 02:35:12.178 W/ErrorProcessor( 2175): onFatalError, processing error from engine(4)
12-14 02:35:12.178 W/ErrorProcessor( 2175): com.google.android.apps.gsa.shared.speech.b.g: Error reading from input stream
12-14 02:35:12.178 W/ErrorProcessor( 2175): 	at com.google.android.apps.gsa.staticplugins.recognizer.j.a.a(SourceFile:28)
12-14 02:35:12.178 W/ErrorProcessor( 2175): 	at com.google.android.apps.gsa.staticplugins.recognizer.j.b.run(SourceFile:15)
12-14 02:35:12.178 W/ErrorProcessor( 2175): 	at java.util.concurrent.Executors$RunnableAdapter.call(Executors.java:457)
12-14 02:35:12.178 W/ErrorProcessor( 2175): 	at java.util.concurrent.FutureTask.run(FutureTask.java:266)
12-14 02:35:12.178 W/ErrorProcessor( 2175): 	at com.google.android.apps.gsa.shared.util.concurrent.a.ax.run(SourceFile:14)
12-14 02:35:12.178 W/ErrorProcessor( 2175): 	at com.google.android.apps.gsa.shared.util.concurrent.a.bl.run(SourceFile:4)
12-14 02:35:12.178 W/ErrorProcessor( 2175): 	at com.google.android.apps.gsa.shared.util.concurrent.a.bl.run(SourceFile:4)
12-14 02:35:12.178 W/ErrorProcessor( 2175): 	at java.util.concurrent.ThreadPoolExecutor.runWorker(ThreadPoolExecutor.java:1162)
12-14 02:35:12.178 W/ErrorProcessor( 2175): 	at java.util.concurrent.ThreadPoolExecutor$Worker.run(ThreadPoolExecutor.java:636)
12-14 02:35:12.178 W/ErrorProcessor( 2175): 	at java.lang.Thread.run(Thread.java:764)
12-14 02:35:12.178 W/ErrorProcessor( 2175): 	at com.google.android.apps.gsa.shared.util.concurrent.a.ai.run(SourceFile:6)
12-14 02:35:12.178 W/ErrorProcessor( 2175): Caused by: com.google.android.apps.gsa.shared.exception.GsaIOException: Error code: 393238 | Buffer overflow, no available space.
12-14 02:35:12.178 W/ErrorProcessor( 2175): 	at com.google.android.apps.gsa.speech.audio.Tee.f(SourceFile:103)
12-14 02:35:12.178 W/ErrorProcessor( 2175): 	at com.google.android.apps.gsa.speech.audio.au.read(SourceFile:2)
12-14 02:35:12.178 W/ErrorProcessor( 2175): 	at java.io.InputStream.read(InputStream.java:101)
12-14 02:35:12.178 W/ErrorProcessor( 2175): 	at com.google.android.apps.gsa.speech.audio.ao.run(SourceFile:18)
12-14 02:35:12.178 W/ErrorProcessor( 2175): 	at com.google.android.apps.gsa.speech.audio.an.run(SourceFile:2)
12-14 02:35:12.178 W/ErrorProcessor( 2175): 	... 9 more
12-14 02:35:12.179 I/AudioController( 2175): internalShutdown
12-14 02:35:12.180 I/MicroDetector( 2175): Keeping mic open: false
12-14 02:35:12.180 I/MicroDetectionWorker( 2175): #onError(false)
12-14 02:35:12.180 I/DeviceStateChecker( 2175): DeviceStateChecker cancelled
12-14 02:35:12.808 I/ActivityManager( 1629): Killing 2502:com.android.providers.calendar/u0a4 (adj 906): empty #17
12-14 02:35:12.829 D/hwcomposer( 1398): hw_composer sent 38 syncs in 60s
12-14 02:35:12.914 D/AndroidRuntime( 3983): >>>>>> START com.android.internal.os.RuntimeInit uid 2000 <<<<<<
12-14 02:35:12.948 W/app_process( 3983): Unexpected CPU variant for X86 using defaults: x86
12-14 02:35:12.964 D/AndroidRuntime( 3983): Calling main entry com.android.commands.am.Am
12-14 02:35:12.966 I/ActivityManager( 1629): Force stopping com.evancharlton.mileage appid=10358 user=0: start instr
12-14 02:35:12.967 I/ActivityManager( 1629): Killing 3903:com.evancharlton.mileage/u0a358 (adj 0): stop com.evancharlton.mileage
12-14 02:35:12.967 W/ActivityManager( 1629): Crash of app com.evancharlton.mileage running instrumentation ComponentInfo{com.evancharlton.mileage.test/sh.calaba.instrumentationbackend.CalabashInstrumentationTestRunner}
12-14 02:35:12.967 I/ActivityManager( 1629): Force stopping com.evancharlton.mileage appid=10358 user=0: finished inst
12-14 02:35:12.973 I/zygote  ( 3993): Not late-enabling -Xcheck:jni (already on)
12-14 02:35:12.980 I/ActivityManager( 1629): Start proc 3993:com.evancharlton.mileage/u0a358 for added application com.evancharlton.mileage
12-14 02:35:12.981 D/AndroidRuntime( 3983): Shutting down VM
12-14 02:35:12.982 W/ActivityManager( 1629): setHasOverlayUi called on unknown pid: 3903
12-14 02:35:12.985 W/zygote  ( 3993): Unexpected CPU variant for X86 using defaults: x86
12-14 02:35:13.007 E/adbd    ( 1384): failed to connect to socket 'tcp:7102': Connection refused
12-14 02:35:13.010 I/zygote  ( 3993): Background concurrent copying GC freed 6023(2MB) AllocSpace objects, 0(0B) LOS objects, 81% free, 338KB/1874KB, paused 6.367ms total 22.227ms
12-14 02:35:13.011 E/adbd    ( 1384): failed to connect to socket 'tcp:7102': Connection refused
12-14 02:35:13.020 W/zygote  ( 3993): Found duplicate classes, falling back to extracting from APK : /data/app/com.evancharlton.mileage.test-SV6e3YKkO71Uf1K0J1FlYA==/base.apk
12-14 02:35:13.020 W/zygote  ( 3993): NOTE: This wastes RAM and hurts startup performance.
12-14 02:35:13.020 W/zygote  ( 3993): Found duplicated class when checking oat files: 'Ljunit/runner/BaseTestRunner;' in /data/app/com.evancharlton.mileage.test-SV6e3YKkO71Uf1K0J1FlYA==/base.apk and /system/framework/android.test.runner.jar
12-14 02:35:13.020 W/zygote  ( 3993): 
12-14 02:35:13.047 I/qemu-props( 1404): start adbd ...
12-14 02:35:13.048 W/System  ( 3993): ClassLoader referenced unknown path: 
12-14 02:35:13.070 I/System.out( 3993): Main activity name automatically set to: com.evancharlton.mileage.Mileage
12-14 02:35:13.070 I/System.out( 3993): Calabash did not load Mono. This is only a problem if you are trying to test a Mono application
12-14 02:35:13.071 I/calabash( 3993): Test server port: 7102
12-14 02:35:13.072 I/InstrumentationBackend( 3993): Added:'GetPreferences', with key:'get_preferences'
12-14 02:35:13.128 E/adbd    ( 1384): failed to connect to socket 'tcp:7102': Connection refused
12-14 02:35:13.131 E/adbd    ( 1384): failed to connect to socket 'tcp:7102': Connection refused
12-14 02:35:13.137 I/InstrumentationBackend( 3993): Added:'SetPreferences', with key:'set_preferences'
12-14 02:35:13.137 I/InstrumentationBackend( 3993): Added:'ClearPreferences', with key:'clear_preferences'
12-14 02:35:13.138 I/InstrumentationBackend( 3993): Added:'PressElement', with key:'press_l10n_element'
12-14 02:35:13.139 I/InstrumentationBackend( 3993): Added:'WaitForElement', with key:'wait_for_l10n_element'
12-14 02:35:13.139 I/InstrumentationBackend( 3993): Added:'NullAction', with key:'nullAction'
12-14 02:35:13.140 I/InstrumentationBackend( 3993): Added:'PressKey', with key:'press_key'
12-14 02:35:13.140 I/InstrumentationBackend( 3993): Added:'SetActivityOrientation', with key:'set_activity_orientation'
12-14 02:35:13.140 I/InstrumentationBackend( 3993): Added:'GetActivityOrientation', with key:'get_activity_orientation'
12-14 02:35:13.140 I/InstrumentationBackend( 3993): Added:'FakeGPSLocation', with key:'set_gps_coordinates'
12-14 02:35:13.141 I/InstrumentationBackend( 3993): Added:'SetPropertyByCssSelector', with key:'set_property_by_css_selector'
12-14 02:35:13.142 I/InstrumentationBackend( 3993): Added:'GetUrl', with key:'get_url'
12-14 02:35:13.144 I/InstrumentationBackend( 3993): Added:'ScrollTo', with key:'scroll_to'
12-14 02:35:13.144 I/InstrumentationBackend( 3993): Added:'GetLoadProgress', with key:'get_load_progress'
12-14 02:35:13.144 I/InstrumentationBackend( 3993): Added:'DumpHtml', with key:'dump_html'
12-14 02:35:13.145 I/InstrumentationBackend( 3993): Added:'DumpBodyHtml', with key:'dump_body_html'
12-14 02:35:13.145 I/InstrumentationBackend( 3993): Added:'EnterTextByCssSelector', with key:'enter_text_by_selector'
12-14 02:35:13.152 I/InstrumentationBackend( 3993): Added:'AndroidSDKVersion', with key:'android_sdk_version'
12-14 02:35:13.152 I/InstrumentationBackend( 3993): Added:'Version', with key:'version'
12-14 02:35:13.152 I/InstrumentationBackend( 3993): Added:'Drag', with key:'drag'
12-14 02:35:13.153 I/InstrumentationBackend( 3993): Added:'TouchCoordinates', with key:'touch_coordinate'
12-14 02:35:13.153 I/InstrumentationBackend( 3993): Added:'LongPressCoordinate', with key:'long_press_coordinate'
12-14 02:35:13.153 I/InstrumentationBackend( 3993): Added:'DragCoordinates', with key:'drag_coordinates'
12-14 02:35:13.154 I/InstrumentationBackend( 3993): Added:'ResumeApplication', with key:'resume_application'
12-14 02:35:13.154 I/InstrumentationBackend( 3993): Added:'Swipe', with key:'swipe'
12-14 02:35:13.154 I/InstrumentationBackend( 3993): Added:'DoubleTapCoordinate', with key:'double_tap_coordinate'
12-14 02:35:13.154 I/InstrumentationBackend( 3993): Added:'ClickOnScreen', with key:'click_on_screen'
12-14 02:35:13.155 I/InstrumentationBackend( 3993): Added:'GetActivityName', with key:'get_activity_name'
12-14 02:35:13.156 I/InstrumentationBackend( 3993): Added:'ScrollToView', with key:'scroll_to_view'
12-14 02:35:13.157 I/InstrumentationBackend( 3993): Added:'ViewConfiguration', with key:'view_configuration'
12-14 02:35:13.157 I/InstrumentationBackend( 3993): Added:'IsCurrentActivityFocused', with key:'is_current_activity_focused'
12-14 02:35:13.157 I/InstrumentationBackend( 3993): Added:'SendTcp', with key:'send_tcp'
12-14 02:35:13.158 I/InstrumentationBackend( 3993): Added:'DpToDevicePixel', with key:'dp_to_device_pixel'
12-14 02:35:13.159 I/InstrumentationBackend( 3993): Added:'KeyboardEnterText', with key:'keyboard_enter_text'
12-14 02:35:13.159 I/InstrumentationBackend( 3993): Added:'DeleteSurroundingText', with key:'delete_surrounding_text'
12-14 02:35:13.160 I/InstrumentationBackend( 3993): Added:'SetComposingRegion', with key:'set_composing_region'
12-14 02:35:13.161 I/InstrumentationBackend( 3993): Added:'SetSelection', with key:'set_selection'
12-14 02:35:13.161 I/InstrumentationBackend( 3993): Added:'KeyboardKeyEvent', with key:'keyboard_key_event'
12-14 02:35:13.163 I/InstrumentationBackend( 3993): Added:'PressUserActionButton', with key:'press_user_action_button'
12-14 02:35:13.163 I/InstrumentationBackend( 3993): Added:'HideSoftKeyboard', with key:'hide_soft_keyboard'
12-14 02:35:13.164 I/InstrumentationBackend( 3993): Added:'ListActions', with key:'list_actions'
12-14 02:35:13.165 I/calabash( 3993): Instantiating http server at 7102
12-14 02:35:13.166 I/System.out( 3993): HTTP Daemon listening on: 7102
12-14 02:35:13.247 I/System.out( 3993): URI: //ping
12-14 02:35:13.247 I/System.out( 3993): params: {json={}
12-14 02:35:13.247 I/System.out( 3993): }
12-14 02:35:13.259 I/System.out( 3993): URI: //ping
12-14 02:35:13.259 I/System.out( 3993): params: {json={}
12-14 02:35:13.259 I/System.out( 3993): }
12-14 02:35:13.268 I/System.out( 3993): URI: //ready
12-14 02:35:13.268 I/System.out( 3993): params: {json={}
12-14 02:35:13.268 I/System.out( 3993): }
12-14 02:35:13.276 I/System.out( 3993): URI: //
12-14 02:35:13.276 I/System.out( 3993): params: {json={"command":"version","arguments":[]}
12-14 02:35:13.276 I/System.out( 3993): }
12-14 02:35:13.276 I/System.out( 3993): header: {content-type=application/json;charset=utf-8, date=Mon, 14 Dec 2020 07:35:13 GMT, accept=*/*, host=127.0.0.1:34777, content-length=36, user-agent=HTTPClient/1.0 (2.8.3, ruby 2.5.8 (2020-03-31))}
12-14 02:35:13.276 I/System.out( 3993): params: {json={"command":"version","arguments":[]}
12-14 02:35:13.276 I/System.out( 3993): }
12-14 02:35:13.277 I/System.out( 3993): ProP json = {"command":"version","arguments":[]}
12-14 02:35:13.277 I/System.out( 3993): files: {}
12-14 02:35:13.277 I/System.out( 3993): command: {"command":"version","arguments":[]}
12-14 02:35:13.306 I/InstrumentationBackend( 3993): Got command:'Command:'Line:null,version', arguments:'[]'
12-14 02:35:13.343 I/System.out( 3993): result:{"bonusInformation":[],"message":"0.9.8","success":true}
12-14 02:35:13.350 I/System.out( 3993): URI: //start-application
12-14 02:35:13.351 I/System.out( 3993): params: {json={"intent":null}
12-14 02:35:13.351 I/System.out( 3993): }
12-14 02:35:13.386 I/ActivityManager( 1629): START u0 {act=android.intent.action.MAIN cat=[android.intent.category.LAUNCHER] flg=0x10200000 cmp=com.evancharlton.mileage/.Mileage} from uid 10358
12-14 02:35:13.401 I/calabash( 3993): newActivity1
12-14 02:35:13.424 D/gralloc_ranchu( 1397): gralloc_alloc: Creating ashmem region of size 7753728
12-14 02:35:13.439 W/ActivityManager( 1629): Bad activity token: android.os.BinderProxy@62f6fa1
12-14 02:35:13.439 W/ActivityManager( 1629): java.lang.ClassCastException: android.os.BinderProxy cannot be cast to com.android.server.am.ActivityRecord$Token
12-14 02:35:13.439 W/ActivityManager( 1629): 	at com.android.server.am.ActivityRecord.forTokenLocked(ActivityRecord.java:778)
12-14 02:35:13.439 W/ActivityManager( 1629): 	at com.android.server.am.ActivityRecord.isInStackLocked(ActivityRecord.java:2085)
12-14 02:35:13.439 W/ActivityManager( 1629): 	at com.android.server.am.ActivityRecord.getStackLocked(ActivityRecord.java:2090)
12-14 02:35:13.439 W/ActivityManager( 1629): 	at com.android.server.am.ActivityManagerService.getActivityDisplayId(ActivityManagerService.java:10406)
12-14 02:35:13.439 W/ActivityManager( 1629): 	at android.app.IActivityManager$Stub.onTransact(IActivityManager.java:2738)
12-14 02:35:13.439 W/ActivityManager( 1629): 	at com.android.server.am.ActivityManagerService.onTransact(ActivityManagerService.java:2935)
12-14 02:35:13.439 W/ActivityManager( 1629): 	at android.os.Binder.execTransact(Binder.java:674)
12-14 02:35:13.440 I/calabash( 3993): newActivity1
12-14 02:35:13.447 W/ActivityManager( 1629): Bad activity token: android.os.BinderProxy@62f6fa1
12-14 02:35:13.447 W/ActivityManager( 1629): java.lang.ClassCastException: android.os.BinderProxy cannot be cast to com.android.server.am.ActivityRecord$Token
12-14 02:35:13.447 W/ActivityManager( 1629): 	at com.android.server.am.ActivityRecord.forTokenLocked(ActivityRecord.java:778)
12-14 02:35:13.447 W/ActivityManager( 1629): 	at com.android.server.am.ActivityRecord.isInStackLocked(ActivityRecord.java:2085)
12-14 02:35:13.447 W/ActivityManager( 1629): 	at com.android.server.am.ActivityManagerService.setTaskDescription(ActivityManagerService.java:9988)
12-14 02:35:13.447 W/ActivityManager( 1629): 	at android.app.IActivityManager$Stub.onTransact(IActivityManager.java:2824)
12-14 02:35:13.447 W/ActivityManager( 1629): 	at com.android.server.am.ActivityManagerService.onTransact(ActivityManagerService.java:2935)
12-14 02:35:13.447 W/ActivityManager( 1629): 	at android.os.Binder.execTransact(Binder.java:674)
12-14 02:35:13.448 W/ActivityManager( 1629): Bad activity token: android.os.BinderProxy@62f6fa1
12-14 02:35:13.448 W/ActivityManager( 1629): java.lang.ClassCastException: android.os.BinderProxy cannot be cast to com.android.server.am.ActivityRecord$Token
12-14 02:35:13.448 W/ActivityManager( 1629): 	at com.android.server.am.ActivityRecord.forTokenLocked(ActivityRecord.java:778)
12-14 02:35:13.448 W/ActivityManager( 1629): 	at com.android.server.am.ActivityRecord.isInStackLocked(ActivityRecord.java:2085)
12-14 02:35:13.448 W/ActivityManager( 1629): 	at com.android.server.am.ActivityRecord.getStackLocked(ActivityRecord.java:2090)
12-14 02:35:13.448 W/ActivityManager( 1629): 	at com.android.server.am.ActivityManagerService.getActivityStackId(ActivityManagerService.java:10417)
12-14 02:35:13.448 W/ActivityManager( 1629): 	at android.app.IActivityManager$Stub.onTransact(IActivityManager.java:3548)
12-14 02:35:13.448 W/ActivityManager( 1629): 	at com.android.server.am.ActivityManagerService.onTransact(ActivityManagerService.java:2935)
12-14 02:35:13.448 W/ActivityManager( 1629): 	at android.os.Binder.execTransact(Binder.java:674)
12-14 02:35:13.464 D/EGL_emulation( 2175): eglMakeCurrent: 0x97b7e100: ver 3 0 (tinfo 0x97b7f880)
12-14 02:35:13.470 V/StatusBar( 1732): setLightsOn(true)
12-14 02:35:13.476 D/EGL_emulation( 2145): eglMakeCurrent: 0x9a0843c0: ver 3 0 (tinfo 0x9a083310)
12-14 02:35:13.491 D/EGL_emulation( 1732): eglMakeCurrent: 0x865cdfe0: ver 3 0 (tinfo 0x977e7a50)
12-14 02:35:13.495 E/memtrack( 1629): Couldn't load memtrack module
12-14 02:35:13.495 W/android.os.Debug( 1629): failed to get memory consumption info: -1
12-14 02:35:13.509 D/EGL_emulation( 1732): eglMakeCurrent: 0x865cdfe0: ver 3 0 (tinfo 0x977e7a50)
12-14 02:35:13.512 D/EGL_emulation( 1732): eglMakeCurrent: 0x865cdfe0: ver 3 0 (tinfo 0x977e7a50)
12-14 02:35:13.513 V/StatusBar( 1732): setLightsOn(true)
12-14 02:35:13.516 E/ContentStoreEUAS( 2175): Failed to commit the deferred actions
12-14 02:35:13.524 D/EGL_emulation( 1732): eglMakeCurrent: 0x865cdfe0: ver 3 0 (tinfo 0x977e7a50)
12-14 02:35:13.609 W/ActivityManager( 1629): Bad activity token: android.os.BinderProxy@62f6fa1
12-14 02:35:13.609 W/ActivityManager( 1629): java.lang.ClassCastException: android.os.BinderProxy cannot be cast to com.android.server.am.ActivityRecord$Token
12-14 02:35:13.609 W/ActivityManager( 1629): 	at com.android.server.am.ActivityRecord.forTokenLocked(ActivityRecord.java:778)
12-14 02:35:13.609 W/ActivityManager( 1629): 	at com.android.server.am.ActivityRecord.isInStackLocked(ActivityRecord.java:2085)
12-14 02:35:13.609 W/ActivityManager( 1629): 	at com.android.server.am.ActivityManagerService.getActivityOptions(ActivityManagerService.java:13302)
12-14 02:35:13.609 W/ActivityManager( 1629): 	at android.app.IActivityManager$Stub.onTransact(IActivityManager.java:2910)
12-14 02:35:13.609 W/ActivityManager( 1629): 	at com.android.server.am.ActivityManagerService.onTransact(ActivityManagerService.java:2935)
12-14 02:35:13.609 W/ActivityManager( 1629): 	at android.os.Binder.execTransact(Binder.java:674)
12-14 02:35:13.610 W/ActivityManager( 1629): Bad activity token: android.os.BinderProxy@62f6fa1
12-14 02:35:13.610 W/ActivityManager( 1629): java.lang.ClassCastException: android.os.BinderProxy cannot be cast to com.android.server.am.ActivityRecord$Token
12-14 02:35:13.610 W/ActivityManager( 1629): 	at com.android.server.am.ActivityRecord.forTokenLocked(ActivityRecord.java:778)
12-14 02:35:13.610 W/ActivityManager( 1629): 	at com.android.server.am.ActivityRecord.isInStackLocked(ActivityRecord.java:2085)
12-14 02:35:13.610 W/ActivityManager( 1629): 	at com.android.server.am.ActivityManagerService.getActivityOptions(ActivityManagerService.java:13302)
12-14 02:35:13.610 W/ActivityManager( 1629): 	at android.app.IActivityManager$Stub.onTransact(IActivityManager.java:2910)
12-14 02:35:13.610 W/ActivityManager( 1629): 	at com.android.server.am.ActivityManagerService.onTransact(ActivityManagerService.java:2935)
12-14 02:35:13.610 W/ActivityManager( 1629): 	at android.os.Binder.execTransact(Binder.java:674)
12-14 02:35:13.675 I/chatty  ( 1732): uid=10028(u0_a28) RenderThread identical 19 lines
12-14 02:35:13.683 D/EGL_emulation( 1732): eglMakeCurrent: 0x865cdfe0: ver 3 0 (tinfo 0x977e7a50)
12-14 02:35:13.686 V/StatusBar( 1732): setLightsOn(true)
12-14 02:35:13.741 I/zygote  ( 3993): Do partial code cache collection, code=28KB, data=30KB
12-14 02:35:13.742 I/zygote  ( 3993): After code cache collection, code=28KB, data=30KB
12-14 02:35:13.742 I/zygote  ( 3993): Increasing code cache capacity to 128KB
12-14 02:35:13.743 I/zygote  ( 3993): Do partial code cache collection, code=28KB, data=48KB
12-14 02:35:13.743 I/zygote  ( 3993): After code cache collection, code=28KB, data=48KB
12-14 02:35:13.743 I/zygote  ( 3993): Increasing code cache capacity to 256KB
12-14 02:35:13.743 I/zygote  ( 3993): JIT allocated 71KB for compiled code of void android.widget.TextView.<init>(android.content.Context, android.util.AttributeSet, int, int)
12-14 02:35:13.743 I/zygote  ( 3993): Compiler allocated 4MB to compile void android.widget.TextView.<init>(android.content.Context, android.util.AttributeSet, int, int)
12-14 02:35:13.763 V/StatusBar( 1732): setLightsOn(true)
12-14 02:35:13.792 I/ActivityManager( 1629): Start proc 4030:com.android.providers.calendar/u0a4 for content provider com.android.providers.calendar/.CalendarProvider2
12-14 02:35:13.772 I/chatty  ( 1732): uid=10028(u0_a28) com.android.systemui identical 1 line
12-14 02:35:13.775 V/StatusBar( 1732): setLightsOn(true)
12-14 02:35:13.811 I/zygote  ( 1474): Background concurrent copying GC freed 6112(2MB) AllocSpace objects, 0(0B) LOS objects, 84% free, 288KB/1824KB, paused 10.522ms total 14.214ms
12-14 02:35:13.833 W/zygote  ( 4030): Unexpected CPU variant for X86 using defaults: x86
12-14 02:35:13.833 D/gralloc_ranchu( 1397): gralloc_alloc: Creating ashmem region of size 7753728
12-14 02:35:13.843 D/        ( 1414): HostConnection::get() New Host Connection established 0xabad0380, tid 3808
12-14 02:35:13.860 D/        ( 3993): HostConnection::get() New Host Connection established 0x9772fd80, tid 3993
12-14 02:35:13.883 I/CalendarProvider2( 4030): Created com.android.providers.calendar.CalendarAlarmManager@faac0f8(com.android.providers.calendar.CalendarProvider2@a4fe9d1)
12-14 02:35:13.904 V/StatusBar( 1732): setLightsOn(true)
12-14 02:35:13.922 I/ActivityManager( 1629): Killing 3395:com.android.externalstorage/u0a8 (adj 906): empty #17
12-14 02:35:13.933 I/chatty  ( 1732): uid=10028(u0_a28) com.android.systemui identical 2 lines
12-14 02:35:13.946 V/StatusBar( 1732): setLightsOn(true)
12-14 02:35:13.947 I/ActivityManager( 1629): Displayed com.evancharlton.mileage/.Mileage: +542ms
12-14 02:35:13.963 V/StatusBar( 1732): setLightsOn(true)
12-14 02:35:13.971 D/gralloc_ranchu( 1397): gralloc_alloc: Creating ashmem region of size 7753728
12-14 02:35:13.973 I/zygote  ( 3993): Do full code cache collection, code=125KB, data=69KB
12-14 02:35:13.973 I/zygote  ( 3993): After code cache collection, code=106KB, data=43KB
12-14 02:35:14.006 V/StatusBar( 1732): setLightsOn(true)
12-14 02:35:14.135 V/StatusBar( 1732): setLightsOn(true)
12-14 02:35:14.140 I/System.out( 3993): URI: //map
12-14 02:35:14.140 I/System.out( 3993): params: {json={"query":"android.widget.CheckBox index:0","operation":{"method_name":"query","arguments":[]}}
12-14 02:35:14.140 I/System.out( 3993): }
12-14 02:35:14.167 V/StatusBar( 1732): setLightsOn(true)
12-14 02:35:14.201 I/ActivityManager( 1629): Killing 3434:com.android.mtp/u0a9 (adj 906): empty #17
12-14 02:35:14.209 I/chatty  ( 1732): uid=10028(u0_a28) com.android.systemui identical 2 lines
12-14 02:35:14.217 V/StatusBar( 1732): setLightsOn(true)
12-14 02:35:14.231 W/SurfaceFlinger( 1414): couldn't log to binary event log: overflow.
12-14 02:35:14.278 I/System.out( 3993): URI: //gesture
12-14 02:35:14.278 I/System.out( 3993): params: {json={"query_timeout":5.0,"gestures":[{"query_string":"android.widget.CheckBox index:0","touches":[{"x":50,"y":50,"offset_x":0,"offset_y":0,"wait":0.0,"time":0.2,"release":true,"query_string":null}]}]}
12-14 02:35:14.278 I/System.out( 3993): }
12-14 02:35:14.298 I/zygote  ( 3993): Do partial code cache collection, code=123KB, data=57KB
12-14 02:35:14.299 I/zygote  ( 3993): After code cache collection, code=123KB, data=57KB
12-14 02:35:14.299 I/zygote  ( 3993): Increasing code cache capacity to 512KB
12-14 02:35:14.313 I/PBSessionCacheImpl( 2175): Deleted sessionId[9224489195695] from persistence.
12-14 02:35:14.323 W/SearchService( 2175): Abort, client detached.
12-14 02:35:14.541 W/audio_hw_generic( 1391): Not supplying enough data to HAL, expected position 154893 , only wrote 154800
12-14 02:35:14.735 E/SurfaceFlinger( 1414): ro.sf.lcd_density must be defined as a build property
12-14 02:35:14.743 D/gralloc_ranchu( 1397): gralloc_alloc: Creating ashmem region of size 8298496
12-14 02:35:14.752 D/        ( 4054): HostConnection::get() New Host Connection established 0xb452f800, tid 4054
12-14 02:35:14.950 D/gralloc_ranchu( 1397): gralloc_alloc: Creating ashmem region of size 7753728
12-14 02:35:15.069 I/System.out( 3993): URI: //map
12-14 02:35:15.069 I/System.out( 3993): params: {json={"query":"android.widget.CheckBox index:0","operation":{"method_name":"query","arguments":[]}}
12-14 02:35:15.069 I/System.out( 3993): }
12-14 02:35:15.126 I/ContentMaintenance( 2236): Internal cache bytes used: 0; limit: 100000000; download size: 0
12-14 02:35:15.136 I/RealtimeCacheCleanup( 2236): Beginning Realtime garbage collection.
12-14 02:35:15.137 I/RealtimeCacheCleanup( 2236): Finished Realtime garbage collection.
12-14 02:35:15.223 I/System.out( 3993): URI: //gesture
12-14 02:35:15.223 I/System.out( 3993): params: {json={"query_timeout":5.0,"gestures":[{"query_string":"android.widget.CheckBox index:0","touches":[{"x":50,"y":50,"offset_x":0,"offset_y":0,"wait":0.0,"time":0.2,"release":true,"query_string":null}]}]}
12-14 02:35:15.223 I/System.out( 3993): }
12-14 02:35:15.461 D/BoundBrokerSvc( 1944): onUnbind: Intent { act=com.google.android.gms.phenotype.service.START cmp=com.google.android.gms/.chimera.PersistentApiService }
12-14 02:35:15.696 E/SurfaceFlinger( 1414): ro.sf.lcd_density must be defined as a build property
12-14 02:35:15.705 D/gralloc_ranchu( 1397): gralloc_alloc: Creating ashmem region of size 8298496
12-14 02:35:15.716 D/        ( 4062): HostConnection::get() New Host Connection established 0xb4faf800, tid 4062
12-14 02:35:15.901 E/BatteryStatsService( 1629): modem info is invalid: ModemActivityInfo{ mTimestamp=0 mSleepTimeMs=0 mIdleTimeMs=0 mTxTimeMs[]=[0, 0, 0, 0, 0] mRxTimeMs=0 mEnergyUsed=0}
