12-14 02:35:04.585 V/StatusBar( 1732): setLightsOn(true)
12-14 02:35:04.587 I/ActivityManager( 1629): Displayed com.evancharlton.mileage/.Mileage: +501ms
12-14 02:35:04.589 V/StatusBar( 1732): setLightsOn(true)
12-14 02:35:04.611 D/gralloc_ranchu( 1397): gralloc_alloc: Creating ashmem region of size 7753728
12-14 02:35:04.615 V/StatusBar( 1732): setLightsOn(true)
12-14 02:35:04.785 I/chatty  ( 1732): uid=10028(u0_a28) com.android.systemui identical 1 line
12-14 02:35:04.817 V/StatusBar( 1732): setLightsOn(true)
12-14 02:35:04.818 I/System.out( 3903): URI: //map
12-14 02:35:04.818 I/System.out( 3903): params: {json={"query":"android.widget.Button index:2","operation":{"method_name":"query","arguments":[]}}
12-14 02:35:04.818 I/System.out( 3903): }
12-14 02:35:04.876 V/StatusBar( 1732): setLightsOn(true)
12-14 02:35:04.878 I/chatty  ( 1732): uid=10028(u0_a28) com.android.systemui identical 1 line
12-14 02:35:04.897 V/StatusBar( 1732): setLightsOn(true)
12-14 02:35:04.908 W/SurfaceFlinger( 1414): couldn't log to binary event log: overflow.
12-14 02:35:04.908 W/SurfaceFlinger( 1414): couldn't log to binary event log: overflow.
12-14 02:35:04.967 I/System.out( 3903): URI: //gesture
12-14 02:35:04.967 I/System.out( 3903): params: {json={"query_timeout":5.0,"gestures":[{"query_string":"android.widget.Button index:2","touches":[{"x":50,"y":50,"offset_x":0,"offset_y":0,"wait":0.0,"time":0.2,"release":true,"query_string":null}]}]}
12-14 02:35:04.967 I/System.out( 3903): }
12-14 02:35:04.968 W/Nearby  ( 1944): Failed attempt #3 out of 3 for RestoreDeviceName [CONTEXT service_id=49 ]
12-14 02:35:04.968 W/Nearby  ( 1944): java.lang.IllegalStateException: BluetoothAdapter not ready yet!
12-14 02:35:04.968 W/Nearby  ( 1944): 	at alhd.g(:com.google.android.gms@204713022@20.47.13 (040700-344095733):2)
12-14 02:35:04.968 W/Nearby  ( 1944): 	at alhc.run(Unknown Source:0)
12-14 02:35:04.968 W/Nearby  ( 1944): 	at bznt.call(Unknown Source:0)
12-14 02:35:04.968 W/Nearby  ( 1944): 	at bzny.b(:com.google.android.gms@204713022@20.47.13 (040700-344095733):2)
12-14 02:35:04.968 W/Nearby  ( 1944): 	at bzny.a(:com.google.android.gms@204713022@20.47.13 (040700-344095733):0)
12-14 02:35:04.968 W/Nearby  ( 1944): 	at alhb.run(Unknown Source:2)
12-14 02:35:04.968 W/Nearby  ( 1944): 	at java.lang.Thread.run(Thread.java:764)
12-14 02:35:04.968 W/Nearby  ( 1944): 	at tly.run(Unknown Source:5)
12-14 02:35:04.968 W/Nearby  ( 1944): 	at java.util.concurrent.ThreadPoolExecutor.runWorker(ThreadPoolExecutor.java:1162)
12-14 02:35:04.968 W/Nearby  ( 1944): 	at java.util.concurrent.ThreadPoolExecutor$Worker.run(ThreadPoolExecutor.java:636)
12-14 02:35:04.968 W/Nearby  ( 1944): 	at trx.run(:com.google.android.gms@204713022@20.47.13 (040700-344095733):0)
12-14 02:35:04.968 W/Nearby  ( 1944): 	at java.lang.Thread.run(Thread.java:764)
12-14 02:35:04.992 I/PBSessionCacheImpl( 2175): Deleted sessionId[9224489195320] from persistence.
12-14 02:35:05.022 W/SearchService( 2175): Abort, client detached.
12-14 02:35:05.035 E/WorkerRegistryImpl( 2175): getWorker() is called after WorkerRegistry disposal.
12-14 02:35:05.036 E/WorkerRegistryImpl( 2175): getWorker() is called after WorkerRegistry disposal.
12-14 02:35:05.061 I/zygote  ( 3903): Do partial code cache collection, code=115KB, data=58KB
12-14 02:35:05.062 I/zygote  ( 3903): After code cache collection, code=115KB, data=58KB
12-14 02:35:05.062 I/zygote  ( 3903): Increasing code cache capacity to 512KB
12-14 02:35:05.253 I/AudioTrack( 1629): AUDIO_OUTPUT_FLAG_FAST successful; frameCount 4512 -> 4512
12-14 02:35:05.315 V/StatusBar( 1732): setLightsOn(true)
12-14 02:35:05.316 I/chatty  ( 1732): uid=10028(u0_a28) com.android.systemui identical 1 line
12-14 02:35:05.319 V/StatusBar( 1732): setLightsOn(true)
12-14 02:35:05.333 W/View    ( 3903): dispatchProvideAutofillStructure(): not laid out, ignoring
12-14 02:35:05.336 W/Binder  ( 1629): Outgoing transactions from this process must be FLAG_ONEWAY
12-14 02:35:05.336 W/Binder  ( 1629): java.lang.Throwable
12-14 02:35:05.336 W/Binder  ( 1629): 	at android.os.BinderProxy.transact(Binder.java:736)
12-14 02:35:05.336 W/Binder  ( 1629): 	at android.app.assist.AssistStructure$ParcelTransferReader.fetchData(AssistStructure.java:407)
12-14 02:35:05.336 W/Binder  ( 1629): 	at android.app.assist.AssistStructure$ParcelTransferReader.go(AssistStructure.java:343)
12-14 02:35:05.336 W/Binder  ( 1629): 	at android.app.assist.AssistStructure.ensureData(AssistStructure.java:2096)
12-14 02:35:05.336 W/Binder  ( 1629): 	at com.android.server.autofill.Session$1.send(Session.java:200)
12-14 02:35:05.336 W/Binder  ( 1629): 	at com.android.server.am.ActivityManagerService.reportAssistContextExtras(ActivityManagerService.java:13137)
12-14 02:35:05.336 W/Binder  ( 1629): 	at android.app.IActivityManager$Stub.onTransact(IActivityManager.java:2466)
12-14 02:35:05.336 W/Binder  ( 1629): 	at com.android.server.am.ActivityManagerService.onTransact(ActivityManagerService.java:2935)
12-14 02:35:05.336 W/Binder  ( 1629): 	at android.os.Binder.execTransact(Binder.java:674)
12-14 02:35:05.343 I/AssistStructure( 3903): Flattened final assist data: 5024 bytes, containing 2 windows, 19 views
12-14 02:35:05.357 D/gralloc_ranchu( 1397): gralloc_alloc: Creating ashmem region of size 303104
12-14 02:35:05.366 V/StatusBar( 1732): setLightsOn(true)
12-14 02:35:05.368 I/chatty  ( 1732): uid=10028(u0_a28) com.android.systemui identical 1 line
12-14 02:35:05.385 V/StatusBar( 1732): setLightsOn(true)
12-14 02:35:05.867 W/audio_hw_generic( 1391): Not supplying enough data to HAL, expected position 23026 , only wrote 1440
12-14 02:35:05.868 W/audio_hw_generic( 1391): Not supplying enough data to HAL, expected position 1474 , only wrote 1440
12-14 02:35:05.867 W/AudioFlinger( 1475): write blocked for 483 msecs, 1 delayed writes, thread 0xa8c837c0
12-14 02:35:05.895 V/StatusBar( 1732): setLightsOn(true)
12-14 02:35:05.901 D/AudioFlinger( 1475): mixer(0xa8c837c0) throttle end: throttle time(7)
12-14 02:35:05.903 I/AssistStructure( 1629): Flattened final assist data: 4496 bytes, containing 2 windows, 19 views
12-14 02:35:05.925 W/lgq     ( 1944): Pending fill request while another request in the same session was triggered. [CONTEXT service_id=177 ]
12-14 02:35:05.960 D/gralloc_ranchu( 1397): gralloc_alloc: Creating ashmem region of size 7753728
12-14 02:35:06.005 E/SurfaceFlinger( 1414): ro.sf.lcd_density must be defined as a build property
12-14 02:35:06.007 D/PermissionCache( 1414): checking android.permission.READ_FRAME_BUFFER for uid=2000 => granted (166 us)
12-14 02:35:06.025 D/gralloc_ranchu( 1397): gralloc_alloc: Creating ashmem region of size 8298496
12-14 02:35:06.049 D/        ( 3955): HostConnection::get() New Host Connection established 0xadb2f800, tid 3955
12-14 02:35:06.086 I/zygote  ( 1944): Deoptimizing bpvb bpuz.i(bpva) due to JIT inline cache
12-14 02:35:06.369 I/zygote  ( 1944): Deoptimizing bsbk brqx.D(int) due to JIT inline cache
