12-14 02:35:48.869 D/VehicleStatisticsTask( 4535): Not enough fillups to calculate statistics
12-14 02:35:48.883 D/VehicleStatisticsTask( 4535): Not enough fillups to calculate statistics
12-14 02:35:48.886 I/zygote  ( 4535): Do full code cache collection, code=228KB, data=149KB
12-14 02:35:48.887 I/zygote  ( 4535): After code cache collection, code=227KB, data=127KB
12-14 02:35:48.951 E/SurfaceFlinger( 1414): ro.sf.lcd_density must be defined as a build property
12-14 02:35:48.968 D/gralloc_ranchu( 1397): gralloc_alloc: Creating ashmem region of size 8298496
12-14 02:35:48.979 D/        ( 4592): HostConnection::get() New Host Connection established 0xb572f800, tid 4592
12-14 02:35:48.985 D/VehicleStatisticsTask( 4535): Done recalculating!
12-14 02:35:48.986 D/VehicleStatisticsTask( 4535): Done recalculating!
12-14 02:35:48.988 D/VehicleStatisticsAdapter( 4535): Erasing the cache ...
12-14 02:35:48.988 D/VehicleStatisticsAdapter( 4535): Erasing the cache ...
12-14 02:35:48.993 D/VehicleStatisticsAdapter( 4535): Building new values ...
12-14 02:35:48.996 D/VehicleStatisticsAdapter( 4535): Writing 29 records to the database ...
12-14 02:35:48.999 D/VehicleStatisticsAdapter( 4535): Building new values ...
12-14 02:35:49.000 D/VehicleStatisticsAdapter( 4535): Writing 29 records to the database ...
12-14 02:35:49.059 D/Mileage.ABS( 4535): Finished backup
12-14 02:35:49.064 D/Mileage.ABS( 4535): Not backing up; 75
12-14 02:35:49.083 I/zygote  ( 4535): Do partial code cache collection, code=247KB, data=145KB
12-14 02:35:49.084 I/zygote  ( 4535): After code cache collection, code=247KB, data=145KB
12-14 02:35:49.084 I/zygote  ( 4535): Increasing code cache capacity to 1024KB
12-14 02:35:49.109 D/Mileage.ABS( 4535): Not backing up; 121
12-14 02:35:49.111 D/Mileage.ABS( 4535): Not backing up; 123
12-14 02:35:49.180 D/Mileage.ABS( 4535): Not backing up; 192
12-14 02:35:49.180 D/Mileage.ABS( 4535): Not backing up; 192
12-14 02:35:49.183 D/Mileage.ABS( 4535): Not backing up; 195
12-14 02:35:49.184 D/Mileage.ABS( 4535): Not backing up; 196
12-14 02:35:49.185 D/Mileage.ABS( 4535): Not backing up; 196
12-14 02:35:49.185 D/Mileage.ABS( 4535): Not backing up; 197
12-14 02:35:49.186 D/Mileage.ABS( 4535): Not backing up; 198
12-14 02:35:49.187 D/Mileage.ABS( 4535): Not backing up; 199
12-14 02:35:49.187 D/Mileage.ABS( 4535): Not backing up; 199
12-14 02:35:49.193 E/TaskPersister( 1629): File error accessing recents directory (directory doesn't exist?).
12-14 02:35:49.217 D/Mileage.ABS( 4535): Not backing up; 229
12-14 02:35:49.231 D/Mileage.ABS( 4535): Not backing up; 242
12-14 02:35:49.245 D/Mileage.ABS( 4535): Not backing up; 256
12-14 02:35:49.258 D/Mileage.ABS( 4535): Not backing up; 269
12-14 02:35:49.274 D/Mileage.ABS( 4535): Not backing up; 286
12-14 02:35:49.291 D/Mileage.ABS( 4535): Not backing up; 303
12-14 02:35:49.297 D/Mileage.ABS( 4535): Not backing up; 308
12-14 02:35:49.307 D/Mileage.ABS( 4535): Not backing up; 319
12-14 02:35:49.329 D/Mileage.ABS( 4535): Not backing up; 341
12-14 02:35:49.337 D/Mileage.ABS( 4535): Not backing up; 349
12-14 02:35:49.360 D/Mileage.ABS( 4535): Not backing up; 372
12-14 02:35:49.364 D/Mileage.ABS( 4535): Not backing up; 376
12-14 02:35:49.384 D/Mileage.ABS( 4535): Not backing up; 395
12-14 02:35:49.384 D/Mileage.ABS( 4535): Not backing up; 396
12-14 02:35:49.408 D/Mileage.ABS( 4535): Not backing up; 420
12-14 02:35:49.411 D/Mileage.ABS( 4535): Not backing up; 421
12-14 02:35:49.417 D/Mileage.ABS( 4535): Not backing up; 429
12-14 02:35:49.439 D/Mileage.ABS( 4535): Not backing up; 451
12-14 02:35:49.448 D/Mileage.ABS( 4535): Not backing up; 460
12-14 02:35:49.468 D/Mileage.ABS( 4535): Not backing up; 480
12-14 02:35:49.480 D/Mileage.ABS( 4535): Not backing up; 492
12-14 02:35:49.499 D/Mileage.ABS( 4535): Not backing up; 511
12-14 02:35:49.507 D/Mileage.ABS( 4535): Not backing up; 519
12-14 02:35:49.529 D/Mileage.ABS( 4535): Not backing up; 541
12-14 02:35:49.539 D/Mileage.ABS( 4535): Not backing up; 551
12-14 02:35:49.548 D/Mileage.ABS( 4535): Not backing up; 560
12-14 02:35:49.561 D/Mileage.ABS( 4535): Not backing up; 573
12-14 02:35:49.577 D/Mileage.ABS( 4535): Not backing up; 589
12-14 02:35:49.592 D/Mileage.ABS( 4535): Not backing up; 604
12-14 02:35:49.605 D/Mileage.ABS( 4535): Not backing up; 617
12-14 02:35:49.615 D/Mileage.ABS( 4535): Not backing up; 627
12-14 02:35:49.629 D/Mileage.ABS( 4535): Not backing up; 641
12-14 02:35:49.642 D/Mileage.ABS( 4535): Not backing up; 654
12-14 02:35:49.650 D/Mileage.ABS( 4535): Not backing up; 662
12-14 02:35:49.661 D/Mileage.ABS( 4535): Not backing up; 673
12-14 02:35:49.672 D/Mileage.ABS( 4535): Not backing up; 684
12-14 02:35:49.683 D/Mileage.ABS( 4535): Not backing up; 695
12-14 02:35:49.692 D/Mileage.ABS( 4535): Not backing up; 704
12-14 02:35:49.701 I/System.out( 4535): URI: //gesture
12-14 02:35:49.701 I/System.out( 4535): params: {json={"query_timeout":5.0,"gestures":[{"query_string":"android.widget.TabWidget descendant TextView index:0","touches":[{"x":50,"y":50,"offset_x":0,"offset_y":0,"wait":0.0,"time":0.2,"release":true,"query_string":null}]}]}
12-14 02:35:49.701 I/System.out( 4535): }
12-14 02:35:49.706 D/Mileage.ABS( 4535): Not backing up; 718
12-14 02:35:49.715 D/Mileage.ABS( 4535): Not backing up; 727
12-14 02:35:49.730 D/Mileage.ABS( 4535): Not backing up; 742
12-14 02:35:49.745 D/Mileage.ABS( 4535): Not backing up; 757
12-14 02:35:49.746 D/Mileage.ABS( 4535): Not backing up; 758
12-14 02:35:49.764 D/Mileage.ABS( 4535): Not backing up; 776
12-14 02:35:49.768 D/Mileage.ABS( 4535): Not backing up; 780
12-14 02:35:49.783 D/Mileage.ABS( 4535): Not backing up; 795
12-14 02:35:49.784 D/VehicleStatisticsAdapter( 4535): Caching of 29 records complete! (0.788 seconds)
12-14 02:35:49.785 D/Mileage.ABS( 4535): Not backing up; 797
12-14 02:35:49.799 D/Mileage.ABS( 4535): Not backing up; 811
12-14 02:35:49.812 D/VehicleStatisticsAdapter( 4535): Caching of 29 records complete! (0.811 seconds)
12-14 02:35:49.844 D/Mileage.ABS( 4535): Not backing up; 856
12-14 02:35:50.151 W/View    ( 4535): dispatchProvideAutofillStructure(): not laid out, ignoring
12-14 02:35:50.153 I/chatty  ( 4535): uid=10358(u0_a358) com.evancharlton.mileage identical 1 line
12-14 02:35:50.154 W/View    ( 4535): dispatchProvideAutofillStructure(): not laid out, ignoring
12-14 02:35:50.160 W/Binder  ( 1629): Outgoing transactions from this process must be FLAG_ONEWAY
12-14 02:35:50.160 W/Binder  ( 1629): java.lang.Throwable
12-14 02:35:50.160 W/Binder  ( 1629): 	at android.os.BinderProxy.transact(Binder.java:736)
12-14 02:35:50.160 W/Binder  ( 1629): 	at android.app.assist.AssistStructure$ParcelTransferReader.fetchData(AssistStructure.java:407)
12-14 02:35:50.160 W/Binder  ( 1629): 	at android.app.assist.AssistStructure$ParcelTransferReader.go(AssistStructure.java:343)
12-14 02:35:50.160 W/Binder  ( 1629): 	at android.app.assist.AssistStructure.ensureData(AssistStructure.java:2096)
12-14 02:35:50.160 W/Binder  ( 1629): 	at com.android.server.autofill.Session$1.send(Session.java:200)
12-14 02:35:50.160 W/Binder  ( 1629): 	at com.android.server.am.ActivityManagerService.reportAssistContextExtras(ActivityManagerService.java:13137)
12-14 02:35:50.160 W/Binder  ( 1629): 	at android.app.IActivityManager$Stub.onTransact(IActivityManager.java:2466)
12-14 02:35:50.160 W/Binder  ( 1629): 	at com.android.server.am.ActivityManagerService.onTransact(ActivityManagerService.java:2935)
12-14 02:35:50.160 W/Binder  ( 1629): 	at android.os.Binder.execTransact(Binder.java:674)
12-14 02:35:50.173 I/AssistStructure( 4535): Flattened final assist data: 15312 bytes, containing 1 windows, 69 views
12-14 02:35:50.180 I/AssistStructure( 1629): Flattened final assist data: 13988 bytes, containing 1 windows, 69 views
12-14 02:35:50.182 W/lgq     ( 1944): Pending fill request while another request in the same session was triggered. [CONTEXT service_id=177 ]
12-14 02:35:50.287 E/SurfaceFlinger( 1414): ro.sf.lcd_density must be defined as a build property
12-14 02:35:50.294 D/gralloc_ranchu( 1397): gralloc_alloc: Creating ashmem region of size 8298496
12-14 02:35:50.305 D/        ( 4642): HostConnection::get() New Host Connection established 0xb202f800, tid 4642
12-14 02:35:50.699 I/System.out( 4535): URI: //
12-14 02:35:50.699 I/System.out( 4535): params: {json={"command":"set_activity_orientation","arguments":["landscape"]}
12-14 02:35:50.699 I/System.out( 4535): }
12-14 02:35:50.699 I/System.out( 4535): header: {content-type=application/json;charset=utf-8, date=Mon, 14 Dec 2020 07:35:50 GMT, accept=*/*, host=127.0.0.1:34777, content-length=64, user-agent=HTTPClient/1.0 (2.8.3, ruby 2.5.8 (2020-03-31))}
12-14 02:35:50.699 I/System.out( 4535): params: {json={"command":"set_activity_orientation","arguments":["landscape"]}
12-14 02:35:50.699 I/System.out( 4535): }
12-14 02:35:50.699 I/System.out( 4535): ProP json = {"command":"set_activity_orientation","arguments":["landscape"]}
12-14 02:35:50.699 I/System.out( 4535): files: {}
12-14 02:35:50.699 I/System.out( 4535): command: {"command":"set_activity_orientation","arguments":["landscape"]}
12-14 02:35:50.703 I/InstrumentationBackend( 4535): Got command:'Command:'Line:null,set_activity_orientation', arguments:'[landscape]'
12-14 02:35:50.708 D/gralloc_ranchu( 1397): gralloc_alloc: Creating ashmem region of size 8298496
12-14 02:35:50.724 W/LocalDisplayAdapter( 1629): Unable to find color mode 0, ignoring request.
12-14 02:35:50.743 I/InputReader( 1629): Reconfiguring input devices.  changes=0x00000004
12-14 02:35:50.743 I/InputReader( 1629): Device reconfigured: id=0, name='qwerty2', size 1080x1920, orientation 1, mode 1, display id 0
12-14 02:35:50.745 I/ActivityManager( 1629): Config changes=480 {1.0 310mcc260mnc [en_US] ldltr sw411dp w683dp h387dp 420dpi nrml land finger qwerty/v/v -nav/h appBounds=Rect(0, 0 - 1794, 1080) s.9}
12-14 02:35:50.755 I/ActivityManager( 1629): Override config changes=480 {1.0 310mcc260mnc [en_US] ldltr sw411dp w683dp h387dp 420dpi nrml land finger qwerty/v/v -nav/h appBounds=Rect(0, 0 - 1794, 1080) s.9} for displayId=0
12-14 02:35:50.826 D/gralloc_ranchu( 1397): gralloc_alloc: Creating ashmem region of size 544768
12-14 02:35:50.838 D/EGL_emulation( 1732): eglMakeCurrent: 0x865cdfe0: ver 3 0 (tinfo 0x977e7a50)
12-14 02:35:50.848 D/gralloc_ranchu( 1397): gralloc_alloc: Creating ashmem region of size 544768
12-14 02:35:50.850 D/gralloc_ranchu( 1397): gralloc_alloc: Creating ashmem region of size 7753728
12-14 02:35:50.943 I/System.out( 4535): result:{"bonusInformation":[],"message":"","success":true}
12-14 02:35:50.959 I/calabash( 4535): newActivity1
12-14 02:35:50.969 D/gralloc_ranchu( 1397): gralloc_alloc: Creating ashmem region of size 544768
12-14 02:35:50.992 D/gralloc_ranchu( 1397): gralloc_alloc: Creating ashmem region of size 487424
12-14 02:35:51.003 W/ActivityManager( 1629): Bad activity token: android.os.BinderProxy@8b55c6a
12-14 02:35:51.003 W/ActivityManager( 1629): java.lang.ClassCastException: android.os.BinderProxy cannot be cast to com.android.server.am.ActivityRecord$Token
12-14 02:35:51.003 W/ActivityManager( 1629): 	at com.android.server.am.ActivityRecord.forTokenLocked(ActivityRecord.java:778)
12-14 02:35:51.003 W/ActivityManager( 1629): 	at com.android.server.am.ActivityRecord.isInStackLocked(ActivityRecord.java:2085)
12-14 02:35:51.003 W/ActivityManager( 1629): 	at com.android.server.am.ActivityRecord.getStackLocked(ActivityRecord.java:2090)
12-14 02:35:51.003 W/ActivityManager( 1629): 	at com.android.server.am.ActivityManagerService.getActivityDisplayId(ActivityManagerService.java:10406)
12-14 02:35:51.003 W/ActivityManager( 1629): 	at android.app.IActivityManager$Stub.onTransact(IActivityManager.java:2738)
12-14 02:35:51.003 W/ActivityManager( 1629): 	at com.android.server.am.ActivityManagerService.onTransact(ActivityManagerService.java:2935)
12-14 02:35:51.003 W/ActivityManager( 1629): 	at android.os.Binder.execTransact(Binder.java:674)
12-14 02:35:51.004 I/calabash( 4535): newActivity1
12-14 02:35:51.004 D/StatusBar( 1732): disable<e i a s b h r c s q >
12-14 02:35:51.006 W/AutofillManager( 4535): Session 990092315 could not be restored
12-14 02:35:51.008 W/ActivityManager( 1629): Bad activity token: android.os.BinderProxy@8b55c6a
12-14 02:35:51.008 W/ActivityManager( 1629): java.lang.ClassCastException: android.os.BinderProxy cannot be cast to com.android.server.am.ActivityRecord$Token
12-14 02:35:51.008 W/ActivityManager( 1629): 	at com.android.server.am.ActivityRecord.forTokenLocked(ActivityRecord.java:778)
12-14 02:35:51.008 W/ActivityManager( 1629): 	at com.android.server.am.ActivityRecord.isInStackLocked(ActivityRecord.java:2085)
12-14 02:35:51.008 W/ActivityManager( 1629): 	at com.android.server.am.ActivityManagerService.setTaskDescription(ActivityManagerService.java:9988)
12-14 02:35:51.008 W/ActivityManager( 1629): 	at android.app.IActivityManager$Stub.onTransact(IActivityManager.java:2824)
12-14 02:35:51.008 W/ActivityManager( 1629): 	at com.android.server.am.ActivityManagerService.onTransact(ActivityManagerService.java:2935)
12-14 02:35:51.008 W/ActivityManager( 1629): 	at android.os.Binder.execTransact(Binder.java:674)
12-14 02:35:51.010 D/EGL_emulation( 1732): eglMakeCurrent: 0x865cdfe0: ver 3 0 (tinfo 0x977e7a50)
12-14 02:35:51.010 W/ActivityManager( 1629): Bad activity token: android.os.BinderProxy@8b55c6a
12-14 02:35:51.010 W/ActivityManager( 1629): java.lang.ClassCastException: android.os.BinderProxy cannot be cast to com.android.server.am.ActivityRecord$Token
12-14 02:35:51.010 W/ActivityManager( 1629): 	at com.android.server.am.ActivityRecord.forTokenLocked(ActivityRecord.java:778)
12-14 02:35:51.010 W/ActivityManager( 1629): 	at com.android.server.am.ActivityRecord.isInStackLocked(ActivityRecord.java:2085)
12-14 02:35:51.010 W/ActivityManager( 1629): 	at com.android.server.am.ActivityRecord.getStackLocked(ActivityRecord.java:2090)
12-14 02:35:51.010 W/ActivityManager( 1629): 	at com.android.server.am.ActivityManagerService.getActivityStackId(ActivityManagerService.java:10417)
12-14 02:35:51.010 W/ActivityManager( 1629): 	at android.app.IActivityManager$Stub.onTransact(IActivityManager.java:3548)
12-14 02:35:51.010 W/ActivityManager( 1629): 	at com.android.server.am.ActivityManagerService.onTransact(ActivityManagerService.java:2935)
12-14 02:35:51.010 W/ActivityManager( 1629): 	at android.os.Binder.execTransact(Binder.java:674)
12-14 02:35:51.028 D/gralloc_ranchu( 1397): gralloc_alloc: Creating ashmem region of size 487424
12-14 02:35:51.055 W/ActivityManager( 1629): Bad activity token: android.os.BinderProxy@8b55c6a
12-14 02:35:51.055 W/ActivityManager( 1629): java.lang.ClassCastException: android.os.BinderProxy cannot be cast to com.android.server.am.ActivityRecord$Token
12-14 02:35:51.055 W/ActivityManager( 1629): 	at com.android.server.am.ActivityRecord.forTokenLocked(ActivityRecord.java:778)
12-14 02:35:51.055 W/ActivityManager( 1629): 	at com.android.server.am.ActivityRecord.isInStackLocked(ActivityRecord.java:2085)
12-14 02:35:51.055 W/ActivityManager( 1629): 	at com.android.server.am.ActivityManagerService.getActivityOptions(ActivityManagerService.java:13302)
12-14 02:35:51.055 W/ActivityManager( 1629): 	at android.app.IActivityManager$Stub.onTransact(IActivityManager.java:2910)
12-14 02:35:51.055 W/ActivityManager( 1629): 	at com.android.server.am.ActivityManagerService.onTransact(ActivityManagerService.java:2935)
12-14 02:35:51.055 W/ActivityManager( 1629): 	at android.os.Binder.execTransact(Binder.java:674)
12-14 02:35:51.056 W/ActivityManager( 1629): Bad activity token: android.os.BinderProxy@8b55c6a
12-14 02:35:51.056 W/ActivityManager( 1629): java.lang.ClassCastException: android.os.BinderProxy cannot be cast to com.android.server.am.ActivityRecord$Token
12-14 02:35:51.056 W/ActivityManager( 1629): 	at com.android.server.am.ActivityRecord.forTokenLocked(ActivityRecord.java:778)
12-14 02:35:51.056 W/ActivityManager( 1629): 	at com.android.server.am.ActivityRecord.isInStackLocked(ActivityRecord.java:2085)
12-14 02:35:51.056 W/ActivityManager( 1629): 	at com.android.server.am.ActivityManagerService.getActivityOptions(ActivityManagerService.java:13302)
12-14 02:35:51.056 W/ActivityManager( 1629): 	at android.app.IActivityManager$Stub.onTransact(IActivityManager.java:2910)
12-14 02:35:51.056 W/ActivityManager( 1629): 	at com.android.server.am.ActivityManagerService.onTransact(ActivityManagerService.java:2935)
12-14 02:35:51.056 W/ActivityManager( 1629): 	at android.os.Binder.execTransact(Binder.java:674)
12-14 02:35:51.057 V/StatusBar( 1732): setLightsOn(true)
12-14 02:35:51.060 I/WindowManager( 1629): Screen frozen for +356ms due to Window{56f67ba u0 StatusBar}
12-14 02:35:51.060 D/gralloc_ranchu( 1397): gralloc_alloc: Creating ashmem region of size 487424
12-14 02:35:51.070 D/EGL_emulation( 1732): eglMakeCurrent: 0x865cdfe0: ver 3 0 (tinfo 0x977e7a50)
12-14 02:35:51.074 D/EGL_emulation( 1732): eglMakeCurrent: 0x865cdfe0: ver 3 0 (tinfo 0x977e7a50)
12-14 02:35:51.099 W/PhoneWindow( 4535): Previously focused view reported id 2131296279 during save, but can't be found during restore.
12-14 02:35:51.218 V/StatusBar( 1732): setLightsOn(true)
12-14 02:35:51.240 D/gralloc_ranchu( 1397): gralloc_alloc: Creating ashmem region of size 7753728
12-14 02:35:51.329 V/StatusBar( 1732): setLightsOn(true)
12-14 02:35:51.338 D/gralloc_ranchu( 1397): gralloc_alloc: Creating ashmem region of size 7753728
12-14 02:35:51.442 V/StatusBar( 1732): setLightsOn(true)
12-14 02:35:51.526 V/StatusBar( 1732): setLightsOn(true)
12-14 02:35:51.847 I/EventLogSendingHelper( 2175): Sending log events.
12-14 02:35:52.220 I/Dialer  ( 1999): VvmTaskExecutor - executing task com.android.voicemail.impl.ActivationTask@f0573b3
12-14 02:35:52.222 I/Dialer  ( 1999): PreOMigrationHandler - ComponentInfo{com.android.phone/com.android.services.telephony.TelephonyConnectionService}, [****], UserHandle{0} already migrated
12-14 02:35:52.290 I/Dialer  ( 1999): VvmActivationTask - VVM content provider configured - vvm_type_cvvm
12-14 02:35:52.290 I/Dialer  ( 1999): OmtpVvmCarrierCfgHlpr - OmtpEvent:CONFIG_ACTIVATING
12-14 02:35:52.310 I/Dialer  ( 1999): TelephonyMangerCompat.setVisualVoicemailSmsFilterSettings - using TelephonyManager
12-14 02:35:52.316 I/Dialer  ( 1999): TelephonyMangerCompat.sendVisualVoicemailSms - using TelephonyManager
12-14 02:35:52.380 D/gralloc_ranchu( 1397): gralloc_alloc: Creating ashmem region of size 7753728
12-14 02:35:52.962 I/System.out( 4535): URI: //gesture
12-14 02:35:52.963 I/System.out( 4535): params: {json={"query_timeout":5.0,"gestures":[{"query_string":"android.widget.TabWidget descendant TextView index:1","touches":[{"x":50,"y":50,"offset_x":0,"offset_y":0,"wait":0.0,"time":0.2,"release":true,"query_string":null}]}]}
12-14 02:35:52.963 I/System.out( 4535): }
12-14 02:35:53.131 I/zygote  ( 1629): Explicit concurrent copying GC freed 19141(1520KB) AllocSpace objects, 4(112KB) LOS objects, 37% free, 10MB/16MB, paused 358us total 63.047ms
12-14 02:35:53.231 W/audio_hw_generic( 1391): Not supplying enough data to HAL, expected position 1198526 , only wrote 897840
12-14 02:35:53.239 W/audio_hw_generic( 1391): Not supplying enough data to HAL, expected position 897994 , only wrote 897840
12-14 02:35:53.243 W/ActivityManager( 1629): Bad activity token: android.os.BinderProxy@9519641
12-14 02:35:53.243 W/ActivityManager( 1629): java.lang.ClassCastException: android.os.BinderProxy cannot be cast to com.android.server.am.ActivityRecord$Token
12-14 02:35:53.243 W/ActivityManager( 1629): 	at com.android.server.am.ActivityRecord.forTokenLocked(ActivityRecord.java:778)
12-14 02:35:53.243 W/ActivityManager( 1629): 	at com.android.server.am.ActivityRecord.isInStackLocked(ActivityRecord.java:2085)
12-14 02:35:53.243 W/ActivityManager( 1629): 	at com.android.server.am.ActivityRecord.getStackLocked(ActivityRecord.java:2090)
12-14 02:35:53.243 W/ActivityManager( 1629): 	at com.android.server.am.ActivityManagerService.getActivityDisplayId(ActivityManagerService.java:10406)
12-14 02:35:53.243 W/ActivityManager( 1629): 	at android.app.IActivityManager$Stub.onTransact(IActivityManager.java:2738)
12-14 02:35:53.243 W/ActivityManager( 1629): 	at com.android.server.am.ActivityManagerService.onTransact(ActivityManagerService.java:2935)
12-14 02:35:53.243 W/ActivityManager( 1629): 	at android.os.Binder.execTransact(Binder.java:674)
12-14 02:35:53.244 I/calabash( 4535): newActivity1
12-14 02:35:53.251 W/ActivityManager( 1629): Bad activity token: android.os.BinderProxy@9519641
12-14 02:35:53.251 W/ActivityManager( 1629): java.lang.ClassCastException: android.os.BinderProxy cannot be cast to com.android.server.am.ActivityRecord$Token
12-14 02:35:53.251 W/ActivityManager( 1629): 	at com.android.server.am.ActivityRecord.forTokenLocked(ActivityRecord.java:778)
12-14 02:35:53.251 W/ActivityManager( 1629): 	at com.android.server.am.ActivityRecord.isInStackLocked(ActivityRecord.java:2085)
12-14 02:35:53.251 W/ActivityManager( 1629): 	at com.android.server.am.ActivityManagerService.setTaskDescription(ActivityManagerService.java:9988)
12-14 02:35:53.251 W/ActivityManager( 1629): 	at android.app.IActivityManager$Stub.onTransact(IActivityManager.java:2824)
12-14 02:35:53.251 W/ActivityManager( 1629): 	at com.android.server.am.ActivityManagerService.onTransact(ActivityManagerService.java:2935)
12-14 02:35:53.251 W/ActivityManager( 1629): 	at android.os.Binder.execTransact(Binder.java:674)
12-14 02:35:53.252 W/ActivityManager( 1629): Bad activity token: android.os.BinderProxy@9519641
12-14 02:35:53.252 W/ActivityManager( 1629): java.lang.ClassCastException: android.os.BinderProxy cannot be cast to com.android.server.am.ActivityRecord$Token
12-14 02:35:53.252 W/ActivityManager( 1629): 	at com.android.server.am.ActivityRecord.forTokenLocked(ActivityRecord.java:778)
12-14 02:35:53.252 W/ActivityManager( 1629): 	at com.android.server.am.ActivityRecord.isInStackLocked(ActivityRecord.java:2085)
12-14 02:35:53.252 W/ActivityManager( 1629): 	at com.android.server.am.ActivityRecord.getStackLocked(ActivityRecord.java:2090)
12-14 02:35:53.252 W/ActivityManager( 1629): 	at com.android.server.am.ActivityManagerService.getActivityStackId(ActivityManagerService.java:10417)
12-14 02:35:53.252 W/ActivityManager( 1629): 	at android.app.IActivityManager$Stub.onTransact(IActivityManager.java:3548)
12-14 02:35:53.252 W/ActivityManager( 1629): 	at com.android.server.am.ActivityManagerService.onTransact(ActivityManagerService.java:2935)
12-14 02:35:53.252 W/ActivityManager( 1629): 	at android.os.Binder.execTransact(Binder.java:674)
12-14 02:35:53.300 W/ActivityManager( 1629): Bad activity token: android.os.BinderProxy@9519641
12-14 02:35:53.300 W/ActivityManager( 1629): java.lang.ClassCastException: android.os.BinderProxy cannot be cast to com.android.server.am.ActivityRecord$Token
12-14 02:35:53.300 W/ActivityManager( 1629): 	at com.android.server.am.ActivityRecord.forTokenLocked(ActivityRecord.java:778)
12-14 02:35:53.300 W/ActivityManager( 1629): 	at com.android.server.am.ActivityRecord.isInStackLocked(ActivityRecord.java:2085)
12-14 02:35:53.300 W/ActivityManager( 1629): 	at com.android.server.am.ActivityManagerService.getActivityOptions(ActivityManagerService.java:13302)
12-14 02:35:53.300 W/ActivityManager( 1629): 	at android.app.IActivityManager$Stub.onTransact(IActivityManager.java:2910)
12-14 02:35:53.300 W/ActivityManager( 1629): 	at com.android.server.am.ActivityManagerService.onTransact(ActivityManagerService.java:2935)
12-14 02:35:53.300 W/ActivityManager( 1629): 	at android.os.Binder.execTransact(Binder.java:674)
12-14 02:35:53.301 W/ActivityManager( 1629): Bad activity token: android.os.BinderProxy@9519641
12-14 02:35:53.301 W/ActivityManager( 1629): java.lang.ClassCastException: android.os.BinderProxy cannot be cast to com.android.server.am.ActivityRecord$Token
12-14 02:35:53.301 W/ActivityManager( 1629): 	at com.android.server.am.ActivityRecord.forTokenLocked(ActivityRecord.java:778)
12-14 02:35:53.301 W/ActivityManager( 1629): 	at com.android.server.am.ActivityRecord.isInStackLocked(ActivityRecord.java:2085)
12-14 02:35:53.301 W/ActivityManager( 1629): 	at com.android.server.am.ActivityManagerService.getActivityOptions(ActivityManagerService.java:13302)
12-14 02:35:53.301 W/ActivityManager( 1629): 	at android.app.IActivityManager$Stub.onTransact(IActivityManager.java:2910)
12-14 02:35:53.301 W/ActivityManager( 1629): 	at com.android.server.am.ActivityManagerService.onTransact(ActivityManagerService.java:2935)
12-14 02:35:53.301 W/ActivityManager( 1629): 	at android.os.Binder.execTransact(Binder.java:674)
12-14 02:35:53.375 D/Mileage ( 4535): Not enough fillups to calculate economy
12-14 02:35:53.518 E/SurfaceFlinger( 1414): ro.sf.lcd_density must be defined as a build property
12-14 02:35:53.526 D/gralloc_ranchu( 1397): gralloc_alloc: Creating ashmem region of size 8298496
12-14 02:35:53.541 D/        ( 4654): HostConnection::get() New Host Connection established 0xa83af800, tid 4654
12-14 02:35:53.905 I/System.out( 4535): URI: //gesture
12-14 02:35:53.905 I/System.out( 4535): params: {json={"query_timeout":5.0,"gestures":[{"query_string":"android.widget.TabWidget descendant TextView index:3","touches":[{"x":50,"y":50,"offset_x":0,"offset_y":0,"wait":0.0,"time":0.2,"release":true,"query_string":null}]}]}
12-14 02:35:53.905 I/System.out( 4535): }
12-14 02:35:54.169 W/ActivityManager( 1629): Bad activity token: android.os.BinderProxy@569b735
12-14 02:35:54.169 W/ActivityManager( 1629): java.lang.ClassCastException: android.os.BinderProxy cannot be cast to com.android.server.am.ActivityRecord$Token
12-14 02:35:54.169 W/ActivityManager( 1629): 	at com.android.server.am.ActivityRecord.forTokenLocked(ActivityRecord.java:778)
12-14 02:35:54.169 W/ActivityManager( 1629): 	at com.android.server.am.ActivityRecord.isInStackLocked(ActivityRecord.java:2085)
12-14 02:35:54.169 W/ActivityManager( 1629): 	at com.android.server.am.ActivityRecord.getStackLocked(ActivityRecord.java:2090)
12-14 02:35:54.169 W/ActivityManager( 1629): 	at com.android.server.am.ActivityManagerService.getActivityDisplayId(ActivityManagerService.java:10406)
12-14 02:35:54.169 W/ActivityManager( 1629): 	at android.app.IActivityManager$Stub.onTransact(IActivityManager.java:2738)
12-14 02:35:54.169 W/ActivityManager( 1629): 	at com.android.server.am.ActivityManagerService.onTransact(ActivityManagerService.java:2935)
12-14 02:35:54.169 W/ActivityManager( 1629): 	at android.os.Binder.execTransact(Binder.java:674)
12-14 02:35:54.170 I/calabash( 4535): newActivity1
12-14 02:35:54.174 W/ActivityManager( 1629): Bad activity token: android.os.BinderProxy@569b735
12-14 02:35:54.174 W/ActivityManager( 1629): java.lang.ClassCastException: android.os.BinderProxy cannot be cast to com.android.server.am.ActivityRecord$Token
12-14 02:35:54.174 W/ActivityManager( 1629): 	at com.android.server.am.ActivityRecord.forTokenLocked(ActivityRecord.java:778)
12-14 02:35:54.174 W/ActivityManager( 1629): 	at com.android.server.am.ActivityRecord.isInStackLocked(ActivityRecord.java:2085)
12-14 02:35:54.174 W/ActivityManager( 1629): 	at com.android.server.am.ActivityManagerService.setTaskDescription(ActivityManagerService.java:9988)
12-14 02:35:54.174 W/ActivityManager( 1629): 	at android.app.IActivityManager$Stub.onTransact(IActivityManager.java:2824)
12-14 02:35:54.174 W/ActivityManager( 1629): 	at com.android.server.am.ActivityManagerService.onTransact(ActivityManagerService.java:2935)
12-14 02:35:54.174 W/ActivityManager( 1629): 	at android.os.Binder.execTransact(Binder.java:674)
12-14 02:35:54.176 W/ActivityManager( 1629): Bad activity token: android.os.BinderProxy@569b735
12-14 02:35:54.176 W/ActivityManager( 1629): java.lang.ClassCastException: android.os.BinderProxy cannot be cast to com.android.server.am.ActivityRecord$Token
12-14 02:35:54.176 W/ActivityManager( 1629): 	at com.android.server.am.ActivityRecord.forTokenLocked(ActivityRecord.java:778)
12-14 02:35:54.176 W/ActivityManager( 1629): 	at com.android.server.am.ActivityRecord.isInStackLocked(ActivityRecord.java:2085)
12-14 02:35:54.176 W/ActivityManager( 1629): 	at com.android.server.am.ActivityRecord.getStackLocked(ActivityRecord.java:2090)
12-14 02:35:54.176 W/ActivityManager( 1629): 	at com.android.server.am.ActivityManagerService.getActivityStackId(ActivityManagerService.java:10417)
12-14 02:35:54.176 W/ActivityManager( 1629): 	at android.app.IActivityManager$Stub.onTransact(IActivityManager.java:3548)
12-14 02:35:54.176 W/ActivityManager( 1629): 	at com.android.server.am.ActivityManagerService.onTransact(ActivityManagerService.java:2935)
12-14 02:35:54.176 W/ActivityManager( 1629): 	at android.os.Binder.execTransact(Binder.java:674)
12-14 02:35:54.187 W/ActivityManager( 1629): Bad activity token: android.os.BinderProxy@569b735
12-14 02:35:54.187 W/ActivityManager( 1629): java.lang.ClassCastException: android.os.BinderProxy cannot be cast to com.android.server.am.ActivityRecord$Token
12-14 02:35:54.187 W/ActivityManager( 1629): 	at com.android.server.am.ActivityRecord.forTokenLocked(ActivityRecord.java:778)
12-14 02:35:54.187 W/ActivityManager( 1629): 	at com.android.server.am.ActivityRecord.isInStackLocked(ActivityRecord.java:2085)
12-14 02:35:54.187 W/ActivityManager( 1629): 	at com.android.server.am.ActivityManagerService.getActivityOptions(ActivityManagerService.java:13302)
12-14 02:35:54.187 W/ActivityManager( 1629): 	at android.app.IActivityManager$Stub.onTransact(IActivityManager.java:2910)
12-14 02:35:54.187 W/ActivityManager( 1629): 	at com.android.server.am.ActivityManagerService.onTransact(ActivityManagerService.java:2935)
12-14 02:35:54.187 W/ActivityManager( 1629): 	at android.os.Binder.execTransact(Binder.java:674)
12-14 02:35:54.188 W/ActivityManager( 1629): Bad activity token: android.os.BinderProxy@569b735
12-14 02:35:54.188 W/ActivityManager( 1629): java.lang.ClassCastException: android.os.BinderProxy cannot be cast to com.android.server.am.ActivityRecord$Token
12-14 02:35:54.188 W/ActivityManager( 1629): 	at com.android.server.am.ActivityRecord.forTokenLocked(ActivityRecord.java:778)
12-14 02:35:54.188 W/ActivityManager( 1629): 	at com.android.server.am.ActivityRecord.isInStackLocked(ActivityRecord.java:2085)
12-14 02:35:54.188 W/ActivityManager( 1629): 	at com.android.server.am.ActivityManagerService.getActivityOptions(ActivityManagerService.java:13302)
12-14 02:35:54.188 W/ActivityManager( 1629): 	at android.app.IActivityManager$Stub.onTransact(IActivityManager.java:2910)
12-14 02:35:54.188 W/ActivityManager( 1629): 	at com.android.server.am.ActivityManagerService.onTransact(ActivityManagerService.java:2935)
12-14 02:35:54.188 W/ActivityManager( 1629): 	at android.os.Binder.execTransact(Binder.java:674)
12-14 02:35:54.383 E/SurfaceFlinger( 1414): ro.sf.lcd_density must be defined as a build property
12-14 02:35:54.392 D/gralloc_ranchu( 1397): gralloc_alloc: Creating ashmem region of size 8298496
12-14 02:35:54.401 D/        ( 4660): HostConnection::get() New Host Connection established 0xb632f800, tid 4660
12-14 02:35:54.710 I/System.out( 4535): URI: //gesture
12-14 02:35:54.710 I/System.out( 4535): params: {json={"query_timeout":5.0,"gestures":[{"query_string":"android.widget.TabWidget descendant TextView index:2","touches":[{"x":50,"y":50,"offset_x":0,"offset_y":0,"wait":0.0,"time":0.2,"release":true,"query_string":null}]}]}
12-14 02:35:54.710 I/System.out( 4535): }
12-14 02:35:54.967 W/ActivityManager( 1629): Bad activity token: android.os.BinderProxy@51d2604
12-14 02:35:54.967 W/ActivityManager( 1629): java.lang.ClassCastException: android.os.BinderProxy cannot be cast to com.android.server.am.ActivityRecord$Token
12-14 02:35:54.967 W/ActivityManager( 1629): 	at com.android.server.am.ActivityRecord.forTokenLocked(ActivityRecord.java:778)
12-14 02:35:54.967 W/ActivityManager( 1629): 	at com.android.server.am.ActivityRecord.isInStackLocked(ActivityRecord.java:2085)
12-14 02:35:54.967 W/ActivityManager( 1629): 	at com.android.server.am.ActivityRecord.getStackLocked(ActivityRecord.java:2090)
12-14 02:35:54.967 W/ActivityManager( 1629): 	at com.android.server.am.ActivityManagerService.getActivityDisplayId(ActivityManagerService.java:10406)
12-14 02:35:54.967 W/ActivityManager( 1629): 	at android.app.IActivityManager$Stub.onTransact(IActivityManager.java:2738)
12-14 02:35:54.967 W/ActivityManager( 1629): 	at com.android.server.am.ActivityManagerService.onTransact(ActivityManagerService.java:2935)
12-14 02:35:54.967 W/ActivityManager( 1629): 	at android.os.Binder.execTransact(Binder.java:674)
12-14 02:35:54.970 I/calabash( 4535): newActivity1
12-14 02:35:54.975 W/ActivityManager( 1629): Bad activity token: android.os.BinderProxy@51d2604
12-14 02:35:54.975 W/ActivityManager( 1629): java.lang.ClassCastException: android.os.BinderProxy cannot be cast to com.android.server.am.ActivityRecord$Token
12-14 02:35:54.975 W/ActivityManager( 1629): 	at com.android.server.am.ActivityRecord.forTokenLocked(ActivityRecord.java:778)
12-14 02:35:54.975 W/ActivityManager( 1629): 	at com.android.server.am.ActivityRecord.isInStackLocked(ActivityRecord.java:2085)
12-14 02:35:54.975 W/ActivityManager( 1629): 	at com.android.server.am.ActivityManagerService.setTaskDescription(ActivityManagerService.java:9988)
12-14 02:35:54.975 W/ActivityManager( 1629): 	at android.app.IActivityManager$Stub.onTransact(IActivityManager.java:2824)
12-14 02:35:54.975 W/ActivityManager( 1629): 	at com.android.server.am.ActivityManagerService.onTransact(ActivityManagerService.java:2935)
12-14 02:35:54.975 W/ActivityManager( 1629): 	at android.os.Binder.execTransact(Binder.java:674)
12-14 02:35:54.977 W/ActivityManager( 1629): Bad activity token: android.os.BinderProxy@51d2604
12-14 02:35:54.977 W/ActivityManager( 1629): java.lang.ClassCastException: android.os.BinderProxy cannot be cast to com.android.server.am.ActivityRecord$Token
12-14 02:35:54.977 W/ActivityManager( 1629): 	at com.android.server.am.ActivityRecord.forTokenLocked(ActivityRecord.java:778)
12-14 02:35:54.977 W/ActivityManager( 1629): 	at com.android.server.am.ActivityRecord.isInStackLocked(ActivityRecord.java:2085)
12-14 02:35:54.977 W/ActivityManager( 1629): 	at com.android.server.am.ActivityRecord.getStackLocked(ActivityRecord.java:2090)
12-14 02:35:54.977 W/ActivityManager( 1629): 	at com.android.server.am.ActivityManagerService.getActivityStackId(ActivityManagerService.java:10417)
12-14 02:35:54.977 W/ActivityManager( 1629): 	at android.app.IActivityManager$Stub.onTransact(IActivityManager.java:3548)
12-14 02:35:54.977 W/ActivityManager( 1629): 	at com.android.server.am.ActivityManagerService.onTransact(ActivityManagerService.java:2935)
12-14 02:35:54.977 W/ActivityManager( 1629): 	at android.os.Binder.execTransact(Binder.java:674)
12-14 02:35:55.008 D/VehicleStatisticsActivity( 4535): Checking recalculation ...
12-14 02:35:55.011 D/VehicleStatisticsActivity( 4535): Recalculation not necessary.
12-14 02:35:55.017 W/ActivityManager( 1629): Bad activity token: android.os.BinderProxy@51d2604
12-14 02:35:55.017 W/ActivityManager( 1629): java.lang.ClassCastException: android.os.BinderProxy cannot be cast to com.android.server.am.ActivityRecord$Token
12-14 02:35:55.017 W/ActivityManager( 1629): 	at com.android.server.am.ActivityRecord.forTokenLocked(ActivityRecord.java:778)
12-14 02:35:55.017 W/ActivityManager( 1629): 	at com.android.server.am.ActivityRecord.isInStackLocked(ActivityRecord.java:2085)
12-14 02:35:55.017 W/ActivityManager( 1629): 	at com.android.server.am.ActivityManagerService.getActivityOptions(ActivityManagerService.java:13302)
12-14 02:35:55.017 W/ActivityManager( 1629): 	at android.app.IActivityManager$Stub.onTransact(IActivityManager.java:2910)
12-14 02:35:55.017 W/ActivityManager( 1629): 	at com.android.server.am.ActivityManagerService.onTransact(ActivityManagerService.java:2935)
12-14 02:35:55.017 W/ActivityManager( 1629): 	at android.os.Binder.execTransact(Binder.java:674)
12-14 02:35:55.018 W/ActivityManager( 1629): Bad activity token: android.os.BinderProxy@51d2604
12-14 02:35:55.018 W/ActivityManager( 1629): java.lang.ClassCastException: android.os.BinderProxy cannot be cast to com.android.server.am.ActivityRecord$Token
12-14 02:35:55.018 W/ActivityManager( 1629): 	at com.android.server.am.ActivityRecord.forTokenLocked(ActivityRecord.java:778)
12-14 02:35:55.018 W/ActivityManager( 1629): 	at com.android.server.am.ActivityRecord.isInStackLocked(ActivityRecord.java:2085)
12-14 02:35:55.018 W/ActivityManager( 1629): 	at com.android.server.am.ActivityManagerService.getActivityOptions(ActivityManagerService.java:13302)
12-14 02:35:55.018 W/ActivityManager( 1629): 	at android.app.IActivityManager$Stub.onTransact(IActivityManager.java:2910)
12-14 02:35:55.018 W/ActivityManager( 1629): 	at com.android.server.am.ActivityManagerService.onTransact(ActivityManagerService.java:2935)
12-14 02:35:55.018 W/ActivityManager( 1629): 	at android.os.Binder.execTransact(Binder.java:674)
12-14 02:35:55.022 D/VehicleStatisticsActivity( 4535): Checking recalculation ...
12-14 02:35:55.025 D/VehicleStatisticsActivity( 4535): Recalculation not necessary.
12-14 02:35:55.128 I/zygote  ( 4535): Do full code cache collection, code=474KB, data=331KB
12-14 02:35:55.129 I/zygote  ( 4535): After code cache collection, code=458KB, data=273KB
12-14 02:35:55.198 E/SurfaceFlinger( 1414): ro.sf.lcd_density must be defined as a build property
12-14 02:35:55.206 D/gralloc_ranchu( 1397): gralloc_alloc: Creating ashmem region of size 8298496
12-14 02:35:55.215 D/        ( 4666): HostConnection::get() New Host Connection established 0xab22f800, tid 4666
12-14 02:35:55.229 W/RemoteFillService( 1629): Not handling { when=-3ms what=3 target=com.android.internal.os.HandlerCaller$MyHandler } as service for ComponentInfo{com.google.android.gms/com.google.android.gms.autofill.service.AutofillService} is already destroyed
12-14 02:35:55.524 I/System.out( 4535): URI: //gesture
12-14 02:35:55.524 I/System.out( 4535): params: {json={"query_timeout":5.0,"gestures":[{"query_string":"android.widget.TabWidget descendant TextView index:0","touches":[{"x":50,"y":50,"offset_x":0,"offset_y":0,"wait":0.0,"time":0.2,"release":true,"query_string":null}]}]}
12-14 02:35:55.524 I/System.out( 4535): }
12-14 02:35:55.886 W/View    ( 4535): dispatchProvideAutofillStructure(): not laid out, ignoring
12-14 02:35:55.889 I/chatty  ( 4535): uid=10358(u0_a358) com.evancharlton.mileage identical 3 lines
12-14 02:35:55.889 W/View    ( 4535): dispatchProvideAutofillStructure(): not laid out, ignoring
12-14 02:35:55.890 W/Binder  ( 1629): Outgoing transactions from this process must be FLAG_ONEWAY
12-14 02:35:55.890 W/Binder  ( 1629): java.lang.Throwable
12-14 02:35:55.890 W/Binder  ( 1629): 	at android.os.BinderProxy.transact(Binder.java:736)
12-14 02:35:55.890 W/Binder  ( 1629): 	at android.app.assist.AssistStructure$ParcelTransferReader.fetchData(AssistStructure.java:407)
12-14 02:35:55.890 W/Binder  ( 1629): 	at android.app.assist.AssistStructure$ParcelTransferReader.go(AssistStructure.java:343)
12-14 02:35:55.890 W/Binder  ( 1629): 	at android.app.assist.AssistStructure.ensureData(AssistStructure.java:2096)
12-14 02:35:55.890 W/Binder  ( 1629): 	at com.android.server.autofill.Session$1.send(Session.java:200)
12-14 02:35:55.890 W/Binder  ( 1629): 	at com.android.server.am.ActivityManagerService.reportAssistContextExtras(ActivityManagerService.java:13137)
12-14 02:35:55.890 W/Binder  ( 1629): 	at android.app.IActivityManager$Stub.onTransact(IActivityManager.java:2466)
12-14 02:35:55.890 W/Binder  ( 1629): 	at com.android.server.am.ActivityManagerService.onTransact(ActivityManagerService.java:2935)
12-14 02:35:55.890 W/Binder  ( 1629): 	at android.os.Binder.execTransact(Binder.java:674)
12-14 02:35:55.892 I/AssistStructure( 4535): Flattened final assist data: 10960 bytes, containing 1 windows, 49 views
12-14 02:35:55.895 E/memtrack( 1629): Couldn't load memtrack module
12-14 02:35:55.895 W/android.os.Debug( 1629): failed to get memory consumption info: -1
12-14 02:35:55.906 I/AssistStructure( 1629): Flattened final assist data: 9988 bytes, containing 1 windows, 49 views
12-14 02:35:55.910 W/lgq     ( 1944): Pending fill request while another request in the same session was triggered. [CONTEXT service_id=177 ]
12-14 02:35:56.023 E/SurfaceFlinger( 1414): ro.sf.lcd_density must be defined as a build property
12-14 02:35:56.034 D/gralloc_ranchu( 1397): gralloc_alloc: Creating ashmem region of size 8298496
12-14 02:35:56.043 D/        ( 4672): HostConnection::get() New Host Connection established 0xb6a2f800, tid 4672
