--------- beginning of main
12-14 03:38:20.272 D/BoundBrokerSvc( 1937): onUnbind: Intent { act=com.google.android.gms.usagereporting.service.START pkg=com.google.android.gms }
12-14 03:38:21.675 W/NamedFutures( 2217): Timeout future task has been cancelled: 10000 milliseconds
12-14 03:38:21.677 E/SearchServiceStarter( 2217): Task 174 failed or timed out. Client 9752077050184866 disconnecting from SearchService!
12-14 03:38:21.677 E/SearchServiceStarter( 2217): java.util.concurrent.CancellationException: Task was cancelled.
12-14 03:38:21.677 E/SearchServiceStarter( 2217): 	at com.google.common.util.concurrent.d.ct(SourceFile:75)
12-14 03:38:21.677 E/SearchServiceStarter( 2217): 	at com.google.common.util.concurrent.d.get(SourceFile:57)
12-14 03:38:21.677 E/SearchServiceStarter( 2217): 	at com.google.common.util.concurrent.cg.n(SourceFile:2)
12-14 03:38:21.677 E/SearchServiceStarter( 2217): 	at com.google.common.util.concurrent.av.l(SourceFile:50)
12-14 03:38:21.677 E/SearchServiceStarter( 2217): 	at com.google.common.util.concurrent.ax.run(SourceFile:5)
12-14 03:38:21.677 E/SearchServiceStarter( 2217): 	at com.google.android.apps.gsa.shared.util.concurrent.a.bc.run(SourceFile:2)
12-14 03:38:21.677 E/SearchServiceStarter( 2217): 	at android.os.Handler.handleCallback(Handler.java:789)
12-14 03:38:21.677 E/SearchServiceStarter( 2217): 	at android.os.Handler.dispatchMessage(Handler.java:98)
12-14 03:38:21.677 E/SearchServiceStarter( 2217): 	at android.os.Looper.loop(Looper.java:164)
12-14 03:38:21.677 E/SearchServiceStarter( 2217): 	at android.app.ActivityThread.main(ActivityThread.java:6541)
12-14 03:38:21.677 E/SearchServiceStarter( 2217): 	at java.lang.reflect.Method.invoke(Native Method)
12-14 03:38:21.677 E/SearchServiceStarter( 2217): 	at com.android.internal.os.Zygote$MethodAndArgsCaller.run(Zygote.java:240)
12-14 03:38:21.677 E/SearchServiceStarter( 2217): 	at com.android.internal.os.ZygoteInit.main(ZygoteInit.java:767)
12-14 03:38:21.697 I/Dialer  ( 1997): VvmTaskReceiver - task received
12-14 03:38:21.697 I/Dialer  ( 1997): VvmTaskReceiver - TaskExecutor already running
12-14 03:38:21.697 I/Dialer  ( 1997): Task.createTask - create task:com.android.voicemail.impl.ActivationTask
12-14 03:38:21.698 I/Dialer  ( 1997): TaskQueue.add - duplicated task added
12-14 03:38:21.698 I/Dialer  ( 1997): VvmTaskExecutor - com.android.voicemail.impl.ActivationTask@267dde5 added
12-14 03:38:21.722 I/Finsky  ( 2557): [2] ycb.d(13): PackageMonitorReceiverImpl - Received: android.intent.action.PACKAGE_FULLY_REMOVED, [Hc-uu0eID9wC4ptvRCsWBIQPDhHxrgxu8bZlIwakNJw]
12-14 03:38:21.722 I/Finsky  ( 2557): [2] ydc.g(1): Invalidating cached PackageState for com.evancharlton.mileage.test
12-14 03:38:21.725 I/Finsky  ( 2557): [2] ouk.d(2): Frosting ID looked up on UI thread. Caller should move to a background thread.
12-14 03:38:21.729 I/Finsky  ( 2557): [2] qlq.s(2): Installer: package com.evancharlton.mileage.test was removed. replacing: false
12-14 03:38:21.730 I/Finsky  ( 2557): [2] qmo.L(12): Installer: Notifying status update. package=com.evancharlton.mileage.test, status=UNINSTALLED
12-14 03:38:21.732 I/Finsky  ( 2557): [2] alxk.a(3): Do not start WearSupportService due to Wear service optimization
12-14 03:38:21.733 I/Finsky  ( 2557): [2] alxk.a(3): Do not start WearSupportService due to Wear service optimization
12-14 03:38:21.733 I/Finsky  ( 2557): [2] adxl.a(8): Clearing split related stale data.
12-14 03:38:21.733 I/Finsky  ( 2557): [175] gvx.a(12): Asset module storage cleared for package com.evancharlton.mileage.test.
12-14 03:38:21.743 I/Finsky  ( 2557): [2] qmo.O(7): Installer: found apps to install. isMultiUserMode=false, apps=[]
12-14 03:38:21.744 I/Finsky  ( 2557): [125] jmd.a(15): [ContentSync] finished, scheduled=false
12-14 03:38:21.748 I/Finsky  ( 2557): [161] rab.C(2): IQ: Notifying installation update. package=com.evancharlton.mileage.test, status=UNINSTALLED
12-14 03:38:21.751 I/Finsky  ( 2557): [166] otx.run(16): Wrote row to frosting DB: 1611
12-14 03:38:21.764 D/BoundBrokerSvc( 2106): onBind: Intent { act=com.google.android.gms.common.BIND_SHARED_PREFS pkg=com.google.android.gms }
12-14 03:38:21.764 D/BoundBrokerSvc( 2106): Loading bound service for intent: Intent { act=com.google.android.gms.common.BIND_SHARED_PREFS pkg=com.google.android.gms }
12-14 03:38:21.774 I/Finsky:download_service( 2695): [2] sxn.onDestroy(8): IPC-SERVER: Stopping gRPC host service...
12-14 03:38:21.774 D/BoundBrokerSvc( 2106): onUnbind: Intent { act=com.google.android.gms.common.BIND_SHARED_PREFS pkg=com.google.android.gms }
12-14 03:38:21.776 V/LifecycleAwareServiceBi( 2557): notify unbound
12-14 03:38:21.776 V/LifecycleAwareServiceBi( 2557): com.google.common.flogger.LogSiteStackTrace: MEDIUM
12-14 03:38:21.776 V/LifecycleAwareServiceBi( 2557): 	at com.google.frameworks.client.data.android.binder.LifecycleAwareServiceBinding.h(PG:1)
12-14 03:38:21.776 V/LifecycleAwareServiceBi( 2557): 	at axqg.run(Unknown Source:4)
12-14 03:38:21.776 V/LifecycleAwareServiceBi( 2557): 	at android.os.Handler.handleCallback(Handler.java:789)
12-14 03:38:21.776 V/LifecycleAwareServiceBi( 2557): 	at android.os.Handler.dispatchMessage(Handler.java:98)
12-14 03:38:21.776 V/LifecycleAwareServiceBi( 2557): 	at android.os.Looper.loop(Looper.java:164)
12-14 03:38:21.776 V/LifecycleAwareServiceBi( 2557): 	at android.app.ActivityThread.main(ActivityThread.java:6541)
12-14 03:38:21.776 V/LifecycleAwareServiceBi( 2557): 	at java.lang.reflect.Method.invoke(Native Method)
12-14 03:38:21.776 V/LifecycleAwareServiceBi( 2557): 	at com.android.internal.os.Zygote$MethodAndArgsCaller.run(Zygote.java:240)
12-14 03:38:21.776 V/LifecycleAwareServiceBi( 2557): 	at com.android.internal.os.ZygoteInit.main(ZygoteInit.java:767)
12-14 03:38:21.776 V/LifecycleAwareServiceBi( 2557): notify unbound - notifying
12-14 03:38:21.784 I/Finsky  ( 2557): [166] otx.run(16): Wrote row to frosting DB: 1612
12-14 03:38:21.789 D/BoundBrokerSvc( 2106): onUnbind: Intent { act=com.google.android.gms.feedback.internal.IFeedbackService cmp=com.google.android.gms/.chimera.GmsBoundBrokerService }
12-14 03:38:21.791 I/Finsky  ( 2557): [161] rab.t(33): IQ: No matching installs to run for jobs: []
12-14 03:38:21.793 I/DigitalWidgetProvider( 3437): onReceive: Intent { act=com.android.deskclock.ALARM_CHANGED flg=0x10 cmp=com.google.android.deskclock/com.android.alarmclock.DigitalAppWidgetProvider }
12-14 03:38:21.833 I/ExposureNotification( 2106): Still can find package com.evancharlton.mileage.test after receive its fully removed broadcast, which was installed 9097 ms ago. Ignore the fully removed broadcast. [CONTEXT service_id=236 ]
12-14 03:38:21.905 I/zygote  ( 1937): Do partial code cache collection, code=504KB, data=316KB
12-14 03:38:21.906 I/zygote  ( 1937): After code cache collection, code=501KB, data=314KB
12-14 03:38:21.906 I/zygote  ( 1937): Increasing code cache capacity to 2MB
12-14 03:38:21.909 D/BoundBrokerSvc( 2106): onUnbind: Intent { act=com.google.android.gms.auth.service.START pkg=com.google.android.gms }
12-14 03:38:21.931 W/zygote  ( 3849): Unexpected CPU variant for X86 using defaults: x86
12-14 03:38:21.957 E/NetworkScheduler.ATC( 1937): Called cancelTask for already completed task com.google.android.videos/.service.drm.RefreshLicenseTaskService{u=0 tag="refresh_license_forced" trigger=window{start=0s,end=1s,earliest=0s,latest=0s} requirements=[NET_CONNECTED] attributes=[] scheduled=0s last_run=0s exec_window_multiplier=1.0000 jid=N/A status=PENDING retries=0 client_lib=MANCHEGO_GCM-10400000} :0 [CONTEXT service_id=218 ]
12-14 03:38:21.962 W/NetworkScheduler( 1937): Immediate task was not started com.google.android.videos/.service.drm.RefreshLicenseTaskService{u=0 tag="refresh_license_forced" trigger=window{start=0s,end=1s,earliest=0s,latest=0s} requirements=[NET_CONNECTED] attributes=[] scheduled=0s last_run=N/A exec_window_multiplier=1.0000 jid=N/A status=PENDING retries=0 client_lib=MANCHEGO_GCM-10400000}. Rescheduling immediate tasks can cause excessive battery drain.
12-14 03:38:21.970 I/MultiDex( 3849): VM with version 2.1.0 has multidex support
12-14 03:38:21.970 I/MultiDex( 3849): install
12-14 03:38:21.970 I/MultiDex( 3849): VM has multidex support, MultiDex support library is disabled.
12-14 03:38:22.202 I/Finsky  ( 2557): [111] daj.a(7): Received content filters request from com.google.android.videos
12-14 03:38:22.212 I/PlayMovies( 3849): RefreshLicenseTaskService.forceLicenseRefreshNow:66 Scheduled task now refresh_license_forced
12-14 03:38:22.212 I/PlayMovies( 3849): 
12-14 03:38:22.215 D/PlayMovies( 3849): PersistentCache.cleanup:104 Cache is below limit, no need to shrink: [size=0, limit=5242880]
12-14 03:38:22.215 D/PlayMovies( 3849): 
12-14 03:38:22.234 D/Primes  ( 3849): Package metric disabled.
12-14 03:38:22.234 D/Primes  ( 3849): Battery metric disabled
12-14 03:38:22.234 D/Primes  ( 3849): MagicEye logging metric disabled
12-14 03:38:22.295 I/NetworkScheduler.Stats( 1937): Task com.google.android.videos/ finished executing. cause:7 result: 6 elapsed_millis: 55 uptime_millis: 55 exec_start_elapsed_seconds: 52 [CONTEXT service_id=218 ]
12-14 03:38:22.295 W/NetworkScheduler( 1937): No record of active task com.google.android.videos/.service.drm.RefreshLicenseTaskService{u=0 tag="refresh_license_forced" trigger=window{start=0s,end=1s,earliest=0s,latest=0s} requirements=[NET_CONNECTED] attributes=[] scheduled=0s last_run=0s exec_window_multiplier=1.0000 jid=N/A status=PENDING retries=0 client_lib=MANCHEGO_GCM-10400000}
12-14 03:38:22.409 I/PlayMovies( 3849): RefreshLicenseTaskService.onRunTask:96 On run task refresh_license_forced
12-14 03:38:22.409 I/PlayMovies( 3849): 
12-14 03:38:22.468 I/zygote  ( 2106): Deoptimizing boolean dbx.d(android.content.Context, dbv, java.lang.String) due to JIT inline cache
12-14 03:38:22.480 D/BoundBrokerSvc( 1937): onBind: Intent { act=com.google.android.gms.tapandpay.service.BIND cmp=com.google.android.gms/.chimera.PersistentApiService }
12-14 03:38:22.480 D/BoundBrokerSvc( 1937): Loading bound service for intent: Intent { act=com.google.android.gms.tapandpay.service.BIND cmp=com.google.android.gms/.chimera.PersistentApiService }
12-14 03:38:22.506 E/Pay     ( 2106): No account found on the task or the device. Notification task will not be rescheduled. [CONTEXT service_id=198 ]
12-14 03:38:22.582 I/zygote  ( 1937): Deoptimizing java.lang.String asqf.i(android.os.Bundle) due to JIT inline cache
12-14 03:38:22.700 E/NetworkScheduler.ATC( 1937): Called cancelTask for already completed task com.google.android.videos/.service.drm.RefreshLicenseTaskService{u=0 tag="refresh_license_forced" trigger=window{start=0s,end=1s,earliest=0s,latest=0s} requirements=[NET_CONNECTED] attributes=[] scheduled=0s last_run=0s exec_window_multiplier=1.0000 jid=N/A status=ACTIVE retries=0 client_lib=MANCHEGO_GCM-10400000} :0 [CONTEXT service_id=218 ]
12-14 03:38:22.700 W/NetworkScheduler( 1937): Immediate task was not started com.google.android.videos/.service.drm.RefreshLicenseTaskService{u=0 tag="refresh_license_forced" trigger=window{start=0s,end=1s,earliest=0s,latest=0s} requirements=[NET_CONNECTED] attributes=[] scheduled=0s last_run=N/A exec_window_multiplier=1.0000 jid=N/A status=PENDING retries=0 client_lib=MANCHEGO_GCM-10400000}. Rescheduling immediate tasks can cause excessive battery drain.
12-14 03:38:22.700 I/NetworkScheduler.Stats( 1937): Task com.google.android.videos/ started execution. cause:7 exec_start_elapsed_seconds: 52 [CONTEXT service_id=218 ]
12-14 03:38:22.701 I/NetworkScheduler.Stats( 1937): Task com.google.android.gms/com.google.android.gms.pay.gcmtask.PayGcmTaskService started execution. cause:7 exec_start_elapsed_seconds: 52 [CONTEXT service_id=218 ]
12-14 03:38:22.702 I/NetworkScheduler.Stats( 1937): Task com.google.android.videos/ finished executing. cause:7 result: 1 elapsed_millis: 77 uptime_millis: 77 exec_start_elapsed_seconds: 52 [CONTEXT service_id=218 ]
12-14 03:38:22.704 I/NetworkScheduler.Stats( 1937): Task com.google.android.gms/com.google.android.gms.pay.gcmtask.PayGcmTaskService finished executing. cause:7 result: 2 elapsed_millis: 101 uptime_millis: 101 exec_start_elapsed_seconds: 52 [CONTEXT service_id=218 ]
12-14 03:38:22.781 I/NetworkScheduler.Stats( 1937): Task com.google.android.gms/com.google.android.gms.clearcut.uploader.QosUploaderService started execution. cause:5 exec_start_elapsed_seconds: 53 [CONTEXT service_id=218 ]
12-14 03:38:22.809 I/NetworkScheduler.Stats( 1937): Task com.google.android.gms/com.google.android.gms.clearcut.uploader.QosUploaderService finished executing. cause:5 result: 1 elapsed_millis: 68 uptime_millis: 68 exec_start_elapsed_seconds: 53 [CONTEXT service_id=218 ]
12-14 03:38:22.811 I/NetworkScheduler.Stats( 1937): Task com.google.android.videos/ started execution. cause:5 exec_start_elapsed_seconds: 53 [CONTEXT service_id=218 ]
12-14 03:38:22.811 I/PlayMovies( 3849): RefreshLicenseTaskService.onRunTask:96 On run task refresh_license
12-14 03:38:22.811 I/PlayMovies( 3849): 
12-14 03:38:22.880 I/NetworkScheduler.Stats( 1937): Task com.google.android.gms/com.google.android.gms.gass.chimera.SchedulePeriodicTasksService started execution. cause:5 exec_start_elapsed_seconds: 53 [CONTEXT service_id=218 ]
12-14 03:38:22.883 I/NetworkScheduler.Stats( 1937): Task com.google.android.videos/ finished executing. cause:5 result: 1 elapsed_millis: 90 uptime_millis: 90 exec_start_elapsed_seconds: 53 [CONTEXT service_id=218 ]
12-14 03:38:22.978 I/NetworkScheduler.Stats( 1937): Task com.google.android.gms/com.google.android.gms.pay.gcmtask.PayGcmTaskService started execution. cause:5 exec_start_elapsed_seconds: 53 [CONTEXT service_id=218 ]
12-14 03:38:22.986 I/NetworkScheduler.Stats( 1937): Task com.google.android.gms/com.google.android.gms.gass.chimera.SchedulePeriodicTasksService finished executing. cause:5 result: 1 elapsed_millis: 136 uptime_millis: 136 exec_start_elapsed_seconds: 53 [CONTEXT service_id=218 ]
12-14 03:38:22.993 I/NetworkScheduler.Stats( 1937): Task com.google.android.gms/com.google.android.gms.pay.gcmtask.PayGcmTaskService finished executing. cause:5 result: 1 elapsed_millis: 46 uptime_millis: 46 exec_start_elapsed_seconds: 53 [CONTEXT service_id=218 ]
12-14 03:38:23.102 I/NetworkScheduler.Stats( 1937): Task com.google.android.gms/com.google.android.gms.pay.gcmtask.PayGcmTaskService started execution. cause:5 exec_start_elapsed_seconds: 53 [CONTEXT service_id=218 ]
12-14 03:38:23.097 W/Binder:3647_2( 3647): type=1400 audit(0.0:20): avc: denied { read } for name="modules" dev="proc" ino=4026532034 scontext=u:r:priv_app:s0:c512,c768 tcontext=u:object_r:proc_modules:s0 tclass=file permissive=0
12-14 03:38:23.189 I/NetworkScheduler.Stats( 1937): Task com.google.android.gms/com.google.android.gms.pay.gcmtask.PayGcmTaskService started execution. cause:5 exec_start_elapsed_seconds: 53 [CONTEXT service_id=218 ]
12-14 03:38:23.190 W/SystemServiceRegistry( 3647): No service published for: persistent_data_block
12-14 03:38:23.218 I/NetworkScheduler.Stats( 1937): Task com.google.android.gms/com.google.android.gms.pay.gcmtask.PayGcmTaskService finished executing. cause:5 result: 1 elapsed_millis: 174 uptime_millis: 174 exec_start_elapsed_seconds: 53 [CONTEXT service_id=218 ]
12-14 03:38:23.220 I/NetworkScheduler.Stats( 1937): Task com.google.android.gms/com.google.android.gms.pay.gcmtask.PayGcmTaskService finished executing. cause:5 result: 1 elapsed_millis: 62 uptime_millis: 62 exec_start_elapsed_seconds: 53 [CONTEXT service_id=218 ]
12-14 03:38:23.293 I/NetworkScheduler.Stats( 1937): Task com.google.android.gms/com.google.android.gms.pay.gcmtask.PayGcmTaskService started execution. cause:5 exec_start_elapsed_seconds: 53 [CONTEXT service_id=218 ]
12-14 03:38:23.303 I/Pay     ( 2106): Migration flag not enabled. [CONTEXT service_id=198 ]
12-14 03:38:23.307 D/BoundBrokerSvc( 2106): onBind: Intent { act=com.google.android.gms.pay.service.BIND cmp=com.google.android.gms/.chimera.GmsApiService }
12-14 03:38:23.307 D/BoundBrokerSvc( 2106): Loading bound service for intent: Intent { act=com.google.android.gms.pay.service.BIND cmp=com.google.android.gms/.chimera.GmsApiService }
12-14 03:38:23.311 I/jgl     ( 2106): Primes not initialized, returning default (no-op) Primes instance which will ignore all calls. Please call Primes.initialize(...) before using any Primes API.
12-14 03:38:23.381 I/NetworkScheduler.Stats( 1937): Task com.google.android.gms/com.google.android.gms.pay.gcmtask.PayGcmTaskService started execution. cause:5 exec_start_elapsed_seconds: 53 [CONTEXT service_id=218 ]
12-14 03:38:23.385 I/Pay     ( 2106): Device does not support HCE. [CONTEXT service_id=198 ]
12-14 03:38:23.417 I/Pay     ( 2106): Migration already completed. [CONTEXT service_id=198 ]
12-14 03:38:23.420 I/NetworkScheduler.Stats( 1937): Task com.google.android.gms/com.google.android.gms.pay.gcmtask.PayGcmTaskService finished executing. cause:5 result: 2 elapsed_millis: 80 uptime_millis: 80 exec_start_elapsed_seconds: 53 [CONTEXT service_id=218 ]
12-14 03:38:23.439 D/EGL_emulation( 3647): eglCreateContext: 0xa69ed720: maj 3 min 0 rcv 3
12-14 03:38:23.442 D/EGL_emulation( 3647): eglMakeCurrent: 0xa69ed720: ver 3 0 (tinfo 0xb2a0b740)
12-14 03:38:23.443 E/eglCodecCommon( 3647): glUtilsParamSize: unknow param 0x00008cdf
12-14 03:38:23.443 E/eglCodecCommon( 3647): glUtilsParamSize: unknow param 0x00008cdf
12-14 03:38:23.443 E/eglCodecCommon( 3647): glUtilsParamSize: unknow param 0x00008824
12-14 03:38:23.443 E/eglCodecCommon( 3647): glUtilsParamSize: unknow param 0x00008824
12-14 03:38:23.454 I/Pay     ( 2106): Migration already completed. [CONTEXT service_id=198 ]
12-14 03:38:23.462 I/Pay     ( 2106): Migration already completed. [CONTEXT service_id=198 ]
12-14 03:38:23.462 I/Pay     ( 2106): Migration flag not enabled. [CONTEXT service_id=198 ]
12-14 03:38:23.469 I/Pay     ( 2106): Migration already completed. [CONTEXT service_id=198 ]
12-14 03:38:23.469 I/Pay     ( 2106): Migration flag not enabled. [CONTEXT service_id=198 ]
12-14 03:38:23.516 D/EGL_emulation( 3647): eglCreateContext: 0xa69ed900: maj 3 min 0 rcv 3
12-14 03:38:23.519 D/EGL_emulation( 3647): eglMakeCurrent: 0xa69ed900: ver 3 0 (tinfo 0xb2a0b740)
12-14 03:38:23.519 E/eglCodecCommon( 3647): glUtilsParamSize: unknow param 0x00008cdf
12-14 03:38:23.519 E/eglCodecCommon( 3647): glUtilsParamSize: unknow param 0x00008cdf
12-14 03:38:23.520 E/eglCodecCommon( 3647): glUtilsParamSize: unknow param 0x00008824
12-14 03:38:23.520 E/eglCodecCommon( 3647): glUtilsParamSize: unknow param 0x00008824
12-14 03:38:23.542 E/memtrack( 1626): Couldn't load memtrack module
12-14 03:38:23.543 W/android.os.Debug( 1626): failed to get memory consumption info: -1
12-14 03:38:23.546 I/NetworkScheduler.Stats( 1937): Task com.google.android.gms/com.google.android.gms.tapandpay.gcmtask.TapAndPayGcmTaskService started execution. cause:5 exec_start_elapsed_seconds: 53 [CONTEXT service_id=218 ]
12-14 03:38:23.563 I/NetworkScheduler.Stats( 1937): Task com.google.android.gms/com.google.android.gms.pay.gcmtask.PayGcmTaskService finished executing. cause:5 result: 1 elapsed_millis: 303 uptime_millis: 303 exec_start_elapsed_seconds: 53 [CONTEXT service_id=218 ]
12-14 03:38:23.566 I/NetworkScheduler.Stats( 1937): Task com.google.android.gms/com.google.android.gms.tapandpay.gcmtask.TapAndPayGcmTaskService finished executing. cause:5 result: 1 elapsed_millis: 70 uptime_millis: 70 exec_start_elapsed_seconds: 53 [CONTEXT service_id=218 ]
12-14 03:38:23.630 W/Conscrypt( 2106): Could not set socket write timeout: java.net.SocketException: Socket closed
12-14 03:38:23.631 W/Conscrypt( 2106): 	at com.google.android.gms.org.conscrypt.Platform.setSocketWriteTimeout(:com.google.android.gms@204713022@20.47.13 (040700-344095733):2)
12-14 03:38:23.631 W/Conscrypt( 2106): 	at com.google.android.gms.org.conscrypt.ConscryptFileDescriptorSocket.setSoWriteTimeout(:com.google.android.gms@204713022@20.47.13 (040700-344095733):0)
--------- beginning of system
12-14 03:38:23.658 I/ActivityManager( 1626): Killing 3340:com.google.android.ext.services/u0a14 (adj 906): empty #17
12-14 03:38:23.664 I/NetworkScheduler.Stats( 1937): Task com.google.android.gms/com.google.android.gms.tapandpay.gcmtask.TapAndPayGcmTaskService started execution. cause:5 exec_start_elapsed_seconds: 54 [CONTEXT service_id=218 ]
12-14 03:38:23.674 D/ConnectivityService( 1626): handleLingerComplete for NetworkAgentInfo [MOBILE (LTE) - 100]
12-14 03:38:23.714 W/Conscrypt( 2106): Could not set socket write timeout: java.net.SocketException: Socket closed
12-14 03:38:23.714 W/Conscrypt( 2106): 	at com.google.android.gms.org.conscrypt.Platform.setSocketWriteTimeout(:com.google.android.gms@204713022@20.47.13 (040700-344095733):2)
12-14 03:38:23.714 W/Conscrypt( 2106): 	at com.google.android.gms.org.conscrypt.ConscryptFileDescriptorSocket.setSoWriteTimeout(:com.google.android.gms@204713022@20.47.13 (040700-344095733):0)
12-14 03:38:23.724 I/NetworkScheduler.Stats( 1937): Task com.google.android.gms/com.google.android.gms.tapandpay.gcmtask.TapAndPayGcmTaskService started execution. cause:5 exec_start_elapsed_seconds: 54 [CONTEXT service_id=218 ]
12-14 03:38:23.749 I/NetworkScheduler.Stats( 1937): Task com.google.android.gms/com.google.android.gms.tapandpay.gcmtask.TapAndPayGcmTaskService finished executing. cause:5 result: 1 elapsed_millis: 131 uptime_millis: 131 exec_start_elapsed_seconds: 54 [CONTEXT service_id=218 ]
12-14 03:38:23.753 I/NetworkScheduler.Stats( 1937): Task com.google.android.gms/com.google.android.gms.tapandpay.gcmtask.TapAndPayGcmTaskService finished executing. cause:5 result: 1 elapsed_millis: 63 uptime_millis: 63 exec_start_elapsed_seconds: 54 [CONTEXT service_id=218 ]
12-14 03:38:23.832 I/NetworkScheduler.Stats( 1937): Task com.google.android.gms/com.google.android.gms.udc.service.UdcContextInitService started execution. cause:5 exec_start_elapsed_seconds: 54 [CONTEXT service_id=218 ]
12-14 03:38:23.852 D/BoundBrokerSvc( 1937): onUnbind: Intent { act=com.google.android.gms.icing.LIGHTWEIGHT_INDEX_SERVICE cmp=com.google.android.gms/.chimera.PersistentApiService }
12-14 03:38:23.877 I/MicroDetectionWorker( 2217): #updateMicroDetector [detectionMode: [mDetectionMode: [1]]]
12-14 03:38:23.877 I/MicroDetectionWorker( 2217): #startMicroDetector [speakerMode: 0]
12-14 03:38:23.877 I/AudioController( 2217): Using mInputStreamFactoryBuilder
12-14 03:38:23.879 I/MicroDetectionWorker( 2217): onReady
12-14 03:38:23.880 I/NetworkScheduler.Stats( 1937): Task com.google.android.videos/ started execution. cause:5 exec_start_elapsed_seconds: 54 [CONTEXT service_id=218 ]
12-14 03:38:23.882 I/MicroRecognitionRunner( 2217): Starting detection.
12-14 03:38:23.884 I/MicrophoneInputStream( 2217): mic_starting com.google.android.apps.gsa.staticplugins.aa.c@cdab0f
12-14 03:38:23.889 I/MicrophoneInputStream( 2217): mic_started com.google.android.apps.gsa.staticplugins.aa.c@cdab0f
12-14 03:38:23.889 E/ActivityThread( 2217): Failed to find provider info for com.google.android.apps.gsa.testing.ui.audio.recorded
12-14 03:38:23.889 I/MicroDetectionWorker( 2217): onReady
12-14 03:38:23.892 I/MicrophoneInputStream( 2217): mic_close com.google.android.apps.gsa.staticplugins.aa.c@cdab0f
12-14 03:38:23.893 I/MicroRecognitionRunner( 2217): Detection finished
12-14 03:38:23.893 W/ErrorReporter( 2217): reportError [type: 211, code: 524300]: Error reading from input stream
12-14 03:38:23.893 I/MicroRecognitionRunner( 2217): Stopping hotword detection.
12-14 03:38:23.893 W/ErrorProcessor( 2217): onFatalError, processing error from engine(4)
12-14 03:38:23.893 W/ErrorProcessor( 2217): com.google.android.apps.gsa.shared.speech.b.g: Error reading from input stream
12-14 03:38:23.893 W/ErrorProcessor( 2217): 	at com.google.android.apps.gsa.staticplugins.recognizer.j.a.a(SourceFile:28)
12-14 03:38:23.893 W/ErrorProcessor( 2217): 	at com.google.android.apps.gsa.staticplugins.recognizer.j.b.run(SourceFile:15)
12-14 03:38:23.893 W/ErrorProcessor( 2217): 	at java.util.concurrent.Executors$RunnableAdapter.call(Executors.java:457)
12-14 03:38:23.893 W/ErrorProcessor( 2217): 	at java.util.concurrent.FutureTask.run(FutureTask.java:266)
12-14 03:38:23.893 W/ErrorProcessor( 2217): 	at com.google.android.apps.gsa.shared.util.concurrent.a.ax.run(SourceFile:14)
12-14 03:38:23.893 W/ErrorProcessor( 2217): 	at com.google.android.apps.gsa.shared.util.concurrent.a.bl.run(SourceFile:4)
12-14 03:38:23.893 W/ErrorProcessor( 2217): 	at com.google.android.apps.gsa.shared.util.concurrent.a.bl.run(SourceFile:4)
12-14 03:38:23.893 W/ErrorProcessor( 2217): 	at java.util.concurrent.ThreadPoolExecutor.runWorker(ThreadPoolExecutor.java:1162)
12-14 03:38:23.893 W/ErrorProcessor( 2217): 	at java.util.concurrent.ThreadPoolExecutor$Worker.run(ThreadPoolExecutor.java:636)
12-14 03:38:23.893 W/ErrorProcessor( 2217): 	at java.lang.Thread.run(Thread.java:764)
12-14 03:38:23.893 W/ErrorProcessor( 2217): 	at com.google.android.apps.gsa.shared.util.concurrent.a.ai.run(SourceFile:6)
12-14 03:38:23.893 W/ErrorProcessor( 2217): Caused by: com.google.android.apps.gsa.shared.exception.GsaIOException: Error code: 393238 | Buffer overflow, no available space.
12-14 03:38:23.893 W/ErrorProcessor( 2217): 	at com.google.android.apps.gsa.speech.audio.Tee.f(SourceFile:103)
12-14 03:38:23.893 W/ErrorProcessor( 2217): 	at com.google.android.apps.gsa.speech.audio.au.read(SourceFile:2)
12-14 03:38:23.893 W/ErrorProcessor( 2217): 	at java.io.InputStream.read(InputStream.java:101)
12-14 03:38:23.893 W/ErrorProcessor( 2217): 	at com.google.android.apps.gsa.speech.audio.ao.run(SourceFile:18)
12-14 03:38:23.893 W/ErrorProcessor( 2217): 	at com.google.android.apps.gsa.speech.audio.an.run(SourceFile:2)
12-14 03:38:23.893 W/ErrorProcessor( 2217): 	... 9 more
12-14 03:38:23.893 I/AudioController( 2217): internalShutdown
12-14 03:38:23.894 I/PlayMovies( 3849): RefreshLicenseTaskService.onRunTask:96 On run task refresh_license_forced
12-14 03:38:23.894 I/PlayMovies( 3849): 
12-14 03:38:23.895 I/AudioFlinger( 1476): AudioFlinger's thread 0xada830c0 tid=3904 ready to run
12-14 03:38:23.901 I/MicroDetector( 2217): Keeping mic open: false
12-14 03:38:23.901 I/MicroDetectionWorker( 2217): #onError(false)
12-14 03:38:23.901 I/DeviceStateChecker( 2217): DeviceStateChecker cancelled
12-14 03:38:23.941 I/NetworkScheduler.Stats( 1937): Task com.google.android.videos/ finished executing. cause:5 result: 1 elapsed_millis: 75 uptime_millis: 75 exec_start_elapsed_seconds: 54 [CONTEXT service_id=218 ]
12-14 03:38:23.958 I/NetworkScheduler.Stats( 1937): Task com.google.android.gms/com.google.android.gms.udc.service.UdcContextInitService finished executing. cause:5 result: 1 elapsed_millis: 166 uptime_millis: 166 exec_start_elapsed_seconds: 54 [CONTEXT service_id=218 ]
12-14 03:38:25.041 W/Nearby  ( 1937): Failed attempt #3 out of 3 for RestoreDeviceName [CONTEXT service_id=49 ]
12-14 03:38:25.041 W/Nearby  ( 1937): java.lang.IllegalStateException: BluetoothAdapter not ready yet!
12-14 03:38:25.041 W/Nearby  ( 1937): 	at alhd.g(:com.google.android.gms@204713022@20.47.13 (040700-344095733):2)
12-14 03:38:25.041 W/Nearby  ( 1937): 	at alhc.run(Unknown Source:0)
12-14 03:38:25.041 W/Nearby  ( 1937): 	at bznt.call(Unknown Source:0)
12-14 03:38:25.041 W/Nearby  ( 1937): 	at bzny.b(:com.google.android.gms@204713022@20.47.13 (040700-344095733):2)
12-14 03:38:25.041 W/Nearby  ( 1937): 	at bzny.a(:com.google.android.gms@204713022@20.47.13 (040700-344095733):0)
12-14 03:38:25.041 W/Nearby  ( 1937): 	at alhb.run(Unknown Source:2)
12-14 03:38:25.041 W/Nearby  ( 1937): 	at java.lang.Thread.run(Thread.java:764)
12-14 03:38:25.041 W/Nearby  ( 1937): 	at tly.run(Unknown Source:5)
12-14 03:38:25.041 W/Nearby  ( 1937): 	at java.util.concurrent.ThreadPoolExecutor.runWorker(ThreadPoolExecutor.java:1162)
12-14 03:38:25.041 W/Nearby  ( 1937): 	at java.util.concurrent.ThreadPoolExecutor$Worker.run(ThreadPoolExecutor.java:636)
12-14 03:38:25.041 W/Nearby  ( 1937): 	at trx.run(:com.google.android.gms@204713022@20.47.13 (040700-344095733):0)
12-14 03:38:25.041 W/Nearby  ( 1937): 	at java.lang.Thread.run(Thread.java:764)
12-14 03:38:25.109 I/ActivityManager( 1626): Killing 3280:com.google.android.apps.maps/u0a59 (adj 906): empty #17
12-14 03:38:25.130 D/BoundBrokerSvc( 1937): onUnbind: Intent { act=com.google.android.gms.phenotype.service.START pkg=com.google.android.gms }
12-14 03:38:25.131 D/BoundBrokerSvc( 2106): onUnbind: Intent { act=com.google.android.gms.people.service.START pkg=com.google.android.gms }
12-14 03:38:25.517 I/zygote  ( 1937): Deoptimizing bsbk brqx.C() due to JIT inline cache
12-14 03:38:25.517 I/zygote  ( 1937): Deoptimizing bsbk brqx.D(int) due to JIT inline cache
12-14 03:38:25.523 I/InputReader( 1626): Reconfiguring input devices.  changes=0x00000010
12-14 03:38:25.523 W/ResourceType( 1626): ResTable_typeSpec entry count inconsistent: given 67, previously 69
12-14 03:38:25.523 W/ResourceType( 1626): ResTable_typeSpec entry count inconsistent: given 5411, previously 5412
12-14 03:38:25.554 W/ResourceType( 1626): ResTable_typeSpec entry count inconsistent: given 67, previously 69
12-14 03:38:25.554 W/ResourceType( 1626): ResTable_typeSpec entry count inconsistent: given 5411, previously 5412
12-14 03:38:25.559 I/Fitness ( 1937): OnPackageChangedOperation got intent: Intent { act=android.intent.action.PACKAGE_CHANGED dat=package:com.google.android.gms flg=0x45000010 pkg=com.google.android.gms cmp=com.google.android.gms/.chimera.PersistentIntentOperationService (has extras) } [CONTEXT service_id=17 ]
12-14 03:38:25.563 I/Telecom ( 1626): DefaultDialerCache: Refreshing default dialer for user 0: now com.google.android.dialer: DDC.oR@AE0
12-14 03:38:25.579 W/PeopleGalProvider( 2106): Not enabled to outside of GmsCore.
12-14 03:38:25.579 I/PeopleGalProvider( 2106): Method 0 completed.
12-14 03:38:25.580 I/ContactDirectoryManager( 2321): Directory provider com.google.android.gms(com.google.android.gms.people.gal.provider) returned a NULL cursor.
12-14 03:38:25.584 I/Fitness ( 1937): FitCleanupIntentOperation received Intent android.intent.action.PACKAGE_CHANGED [CONTEXT service_id=17 ]
12-14 03:38:25.596 D/CarrierSvcBindHelper( 1821): No carrier app for: 0
12-14 03:38:25.596 D/ImsResolver( 1821): maybeAddedImsService, packageName: com.google.android.gms
12-14 03:38:25.602 I/Icing   ( 2106): updateResources: need to parse adiq{com.google.android.gms}
12-14 03:38:25.640 I/ProvidersCache( 3411): Provider returned no roots. Possibly naughty: com.google.android.apps.docs.storage
12-14 03:38:25.654 I/Icing   ( 2106): IndexChimeraService.getServiceInterface callingPackage=com.google.android.gms componentName=AppsCorpus serviceId=36
12-14 03:38:25.695 W/Binder  ( 1626): Outgoing transactions from this process must be FLAG_ONEWAY
12-14 03:38:25.695 W/Binder  ( 1626): java.lang.Throwable
12-14 03:38:25.695 W/Binder  ( 1626): 	at android.os.BinderProxy.transact(Binder.java:736)
12-14 03:38:25.695 W/Binder  ( 1626): 	at com.android.internal.location.ILocationProvider$Stub$Proxy.getProperties(ILocationProvider.java:232)
12-14 03:38:25.695 W/Binder  ( 1626): 	at com.android.server.location.LocationProviderProxy$1.run(LocationProviderProxy.java:119)
12-14 03:38:25.695 W/Binder  ( 1626): 	at android.os.Handler.handleCallback(Handler.java:789)
12-14 03:38:25.695 W/Binder  ( 1626): 	at android.os.Handler.dispatchMessage(Handler.java:98)
12-14 03:38:25.695 W/Binder  ( 1626): 	at android.os.Looper.loop(Looper.java:164)
12-14 03:38:25.695 W/Binder  ( 1626): 	at android.os.HandlerThread.run(HandlerThread.java:65)
12-14 03:38:25.696 W/Binder  ( 1626): Outgoing transactions from this process must be FLAG_ONEWAY
12-14 03:38:25.696 W/Binder  ( 1626): java.lang.Throwable
12-14 03:38:25.696 W/Binder  ( 1626): 	at android.os.BinderProxy.transact(Binder.java:736)
12-14 03:38:25.696 W/Binder  ( 1626): 	at com.android.internal.location.ILocationProvider$Stub$Proxy.getProperties(ILocationProvider.java:232)
12-14 03:38:25.696 W/Binder  ( 1626): 	at com.android.server.location.LocationProviderProxy$1.run(LocationProviderProxy.java:119)
12-14 03:38:25.696 W/Binder  ( 1626): 	at android.os.Handler.handleCallback(Handler.java:789)
12-14 03:38:25.696 W/Binder  ( 1626): 	at android.os.Handler.dispatchMessage(Handler.java:98)
12-14 03:38:25.696 W/Binder  ( 1626): 	at android.os.Looper.loop(Looper.java:164)
12-14 03:38:25.696 W/Binder  ( 1626): 	at android.os.HandlerThread.run(HandlerThread.java:65)
12-14 03:38:25.719 W/Icing   ( 2106): No valid account for uploading user actions
12-14 03:38:25.738 I/Icing   ( 2106): IndexChimeraService.getServiceInterface callingPackage=com.google.android.gms componentName=null serviceId=30
12-14 03:38:25.760 I/Icing   ( 2106): Usage reports ok 1, Failed Usage reports 0, indexed 1, rejected 0
12-14 03:38:25.769 W/Icing   ( 2106): No valid account for uploading user actions
12-14 03:38:25.779 I/Icing   ( 2106): Usage reports ok 0, Failed Usage reports 0, indexed 0, rejected 0
12-14 03:38:25.780 I/Icing   ( 2106): Indexing com.google.android.gms-apps from com.google.android.gms
12-14 03:38:25.783 I/Icing   ( 2106): Indexing done com.google.android.gms-apps
12-14 03:38:25.991 D/BoundBrokerSvc( 1937): onUnbind: Intent { act=com.google.android.gms.clearcut.bootcount.service.START cmp=com.google.android.gms/.chimera.PersistentBoundBrokerService }
12-14 03:38:26.371 D/AndroidRuntime( 3917): >>>>>> START com.android.internal.os.RuntimeInit uid 2000 <<<<<<
12-14 03:38:26.404 W/app_process( 3917): Unexpected CPU variant for X86 using defaults: x86
12-14 03:38:26.417 D/AndroidRuntime( 3917): Calling main entry com.android.commands.am.Am
12-14 03:38:26.421 I/ActivityManager( 1626): Force stopping com.evancharlton.mileage appid=10422 user=0: start instr
12-14 03:38:26.421 I/ActivityManager( 1626): Killing 3795:com.evancharlton.mileage/u0a422 (adj 0): stop com.evancharlton.mileage
12-14 03:38:26.421 W/ActivityManager( 1626): Crash of app com.evancharlton.mileage running instrumentation ComponentInfo{com.evancharlton.mileage.test/sh.calaba.instrumentationbackend.ClearAppData2}
12-14 03:38:26.421 I/ActivityManager( 1626): Force stopping com.evancharlton.mileage appid=10422 user=0: finished inst
12-14 03:38:26.431 I/zygote  ( 3927): Not late-enabling -Xcheck:jni (already on)
12-14 03:38:26.437 I/ActivityManager( 1626): Start proc 3927:com.evancharlton.mileage/u0a422 for added application com.evancharlton.mileage
12-14 03:38:26.438 D/AndroidRuntime( 3917): Shutting down VM
12-14 03:38:26.442 W/zygote  ( 3927): Unexpected CPU variant for X86 using defaults: x86
12-14 03:38:26.468 E/adbd    ( 1383): failed to connect to socket 'tcp:7102': Connection refused
12-14 03:38:26.472 E/adbd    ( 1383): failed to connect to socket 'tcp:7102': Connection refused
12-14 03:38:26.476 W/zygote  ( 3927): Found duplicate classes, falling back to extracting from APK : /data/app/com.evancharlton.mileage.test-xAcinFtAYJfEDokWVcXY3w==/base.apk
12-14 03:38:26.476 W/zygote  ( 3927): NOTE: This wastes RAM and hurts startup performance.
12-14 03:38:26.476 W/zygote  ( 3927): Found duplicated class when checking oat files: 'Ljunit/runner/BaseTestRunner;' in /data/app/com.evancharlton.mileage.test-xAcinFtAYJfEDokWVcXY3w==/base.apk and /system/framework/android.test.runner.jar
12-14 03:38:26.476 W/zygote  ( 3927): 
12-14 03:38:26.504 W/System  ( 3927): ClassLoader referenced unknown path: 
12-14 03:38:26.517 I/System.out( 3927): Main activity name automatically set to: com.evancharlton.mileage.Mileage
12-14 03:38:26.518 I/System.out( 3927): Calabash did not load Mono. This is only a problem if you are trying to test a Mono application
12-14 03:38:26.518 I/calabash( 3927): Test server port: 7102
12-14 03:38:26.521 I/InstrumentationBackend( 3927): Added:'GetPreferences', with key:'get_preferences'
12-14 03:38:26.577 E/adbd    ( 1383): failed to connect to socket 'tcp:7102': Connection refused
12-14 03:38:26.579 E/adbd    ( 1383): failed to connect to socket 'tcp:7102': Connection refused
12-14 03:38:26.582 I/InstrumentationBackend( 3927): Added:'SetPreferences', with key:'set_preferences'
12-14 03:38:26.583 I/InstrumentationBackend( 3927): Added:'ClearPreferences', with key:'clear_preferences'
12-14 03:38:26.583 I/InstrumentationBackend( 3927): Added:'PressElement', with key:'press_l10n_element'
12-14 03:38:26.584 I/InstrumentationBackend( 3927): Added:'WaitForElement', with key:'wait_for_l10n_element'
12-14 03:38:26.584 I/InstrumentationBackend( 3927): Added:'NullAction', with key:'nullAction'
12-14 03:38:26.585 I/InstrumentationBackend( 3927): Added:'PressKey', with key:'press_key'
12-14 03:38:26.585 I/InstrumentationBackend( 3927): Added:'SetActivityOrientation', with key:'set_activity_orientation'
12-14 03:38:26.585 I/InstrumentationBackend( 3927): Added:'GetActivityOrientation', with key:'get_activity_orientation'
12-14 03:38:26.587 I/InstrumentationBackend( 3927): Added:'FakeGPSLocation', with key:'set_gps_coordinates'
12-14 03:38:26.587 I/InstrumentationBackend( 3927): Added:'SetPropertyByCssSelector', with key:'set_property_by_css_selector'
12-14 03:38:26.588 I/InstrumentationBackend( 3927): Added:'GetUrl', with key:'get_url'
12-14 03:38:26.591 I/InstrumentationBackend( 3927): Added:'ScrollTo', with key:'scroll_to'
12-14 03:38:26.591 I/InstrumentationBackend( 3927): Added:'GetLoadProgress', with key:'get_load_progress'
12-14 03:38:26.591 I/InstrumentationBackend( 3927): Added:'DumpHtml', with key:'dump_html'
12-14 03:38:26.591 I/InstrumentationBackend( 3927): Added:'DumpBodyHtml', with key:'dump_body_html'
12-14 03:38:26.592 I/InstrumentationBackend( 3927): Added:'EnterTextByCssSelector', with key:'enter_text_by_selector'
12-14 03:38:26.596 I/InstrumentationBackend( 3927): Added:'AndroidSDKVersion', with key:'android_sdk_version'
12-14 03:38:26.596 I/InstrumentationBackend( 3927): Added:'Version', with key:'version'
12-14 03:38:26.596 I/InstrumentationBackend( 3927): Added:'Drag', with key:'drag'
12-14 03:38:26.596 I/InstrumentationBackend( 3927): Added:'TouchCoordinates', with key:'touch_coordinate'
12-14 03:38:26.597 I/InstrumentationBackend( 3927): Added:'LongPressCoordinate', with key:'long_press_coordinate'
12-14 03:38:26.597 I/InstrumentationBackend( 3927): Added:'DragCoordinates', with key:'drag_coordinates'
12-14 03:38:26.598 I/InstrumentationBackend( 3927): Added:'ResumeApplication', with key:'resume_application'
12-14 03:38:26.598 I/InstrumentationBackend( 3927): Added:'Swipe', with key:'swipe'
12-14 03:38:26.599 I/InstrumentationBackend( 3927): Added:'DoubleTapCoordinate', with key:'double_tap_coordinate'
12-14 03:38:26.599 I/InstrumentationBackend( 3927): Added:'ClickOnScreen', with key:'click_on_screen'
12-14 03:38:26.600 I/InstrumentationBackend( 3927): Added:'GetActivityName', with key:'get_activity_name'
12-14 03:38:26.600 I/InstrumentationBackend( 3927): Added:'ScrollToView', with key:'scroll_to_view'
12-14 03:38:26.601 I/InstrumentationBackend( 3927): Added:'ViewConfiguration', with key:'view_configuration'
12-14 03:38:26.601 I/InstrumentationBackend( 3927): Added:'IsCurrentActivityFocused', with key:'is_current_activity_focused'
12-14 03:38:26.602 I/InstrumentationBackend( 3927): Added:'SendTcp', with key:'send_tcp'
12-14 03:38:26.602 I/InstrumentationBackend( 3927): Added:'DpToDevicePixel', with key:'dp_to_device_pixel'
12-14 03:38:26.603 I/InstrumentationBackend( 3927): Added:'KeyboardEnterText', with key:'keyboard_enter_text'
12-14 03:38:26.604 I/InstrumentationBackend( 3927): Added:'DeleteSurroundingText', with key:'delete_surrounding_text'
12-14 03:38:26.605 I/InstrumentationBackend( 3927): Added:'SetComposingRegion', with key:'set_composing_region'
12-14 03:38:26.605 I/InstrumentationBackend( 3927): Added:'SetSelection', with key:'set_selection'
12-14 03:38:26.605 I/InstrumentationBackend( 3927): Added:'KeyboardKeyEvent', with key:'keyboard_key_event'
12-14 03:38:26.606 I/InstrumentationBackend( 3927): Added:'PressUserActionButton', with key:'press_user_action_button'
12-14 03:38:26.607 I/InstrumentationBackend( 3927): Added:'HideSoftKeyboard', with key:'hide_soft_keyboard'
12-14 03:38:26.608 I/InstrumentationBackend( 3927): Added:'ListActions', with key:'list_actions'
12-14 03:38:26.608 I/calabash( 3927): Instantiating http server at 7102
12-14 03:38:26.609 I/System.out( 3927): HTTP Daemon listening on: 7102
12-14 03:38:26.703 I/System.out( 3927): URI: //ping
12-14 03:38:26.704 I/System.out( 3927): params: {json={}
12-14 03:38:26.704 I/System.out( 3927): }
12-14 03:38:26.717 I/System.out( 3927): URI: //ping
12-14 03:38:26.717 I/System.out( 3927): params: {json={}
12-14 03:38:26.717 I/System.out( 3927): }
12-14 03:38:26.724 I/System.out( 3927): URI: //ready
12-14 03:38:26.724 I/System.out( 3927): params: {json={}
12-14 03:38:26.725 I/System.out( 3927): }
12-14 03:38:26.732 I/System.out( 3927): URI: //
12-14 03:38:26.732 I/System.out( 3927): params: {json={"command":"version","arguments":[]}
12-14 03:38:26.732 I/System.out( 3927): }
12-14 03:38:26.732 I/System.out( 3927): header: {content-type=application/json;charset=utf-8, date=Mon, 14 Dec 2020 08:38:27 GMT, accept=*/*, host=127.0.0.1:34777, content-length=36, user-agent=HTTPClient/1.0 (2.8.3, ruby 2.5.8 (2020-03-31))}
12-14 03:38:26.732 I/System.out( 3927): params: {json={"command":"version","arguments":[]}
12-14 03:38:26.732 I/System.out( 3927): }
12-14 03:38:26.732 I/System.out( 3927): ProP json = {"command":"version","arguments":[]}
12-14 03:38:26.732 I/System.out( 3927): files: {}
12-14 03:38:26.732 I/System.out( 3927): command: {"command":"version","arguments":[]}
12-14 03:38:26.763 I/InstrumentationBackend( 3927): Got command:'Command:'Line:null,version', arguments:'[]'
12-14 03:38:26.799 I/System.out( 3927): result:{"bonusInformation":[],"message":"0.9.8","success":true}
12-14 03:38:26.808 I/System.out( 3927): URI: //start-application
12-14 03:38:26.808 I/System.out( 3927): params: {json={"intent":null}
12-14 03:38:26.808 I/System.out( 3927): }
12-14 03:38:26.847 I/ActivityManager( 1626): START u0 {act=android.intent.action.MAIN cat=[android.intent.category.LAUNCHER] flg=0x10200000 cmp=com.evancharlton.mileage/.Mileage} from uid 10422
12-14 03:38:26.862 I/calabash( 3927): newActivity1
12-14 03:38:26.888 D/gralloc_ranchu( 1396): gralloc_alloc: Creating ashmem region of size 7753728
12-14 03:38:26.898 W/ActivityManager( 1626): Bad activity token: android.os.BinderProxy@8948670
12-14 03:38:26.898 W/ActivityManager( 1626): java.lang.ClassCastException: android.os.BinderProxy cannot be cast to com.android.server.am.ActivityRecord$Token
12-14 03:38:26.898 W/ActivityManager( 1626): 	at com.android.server.am.ActivityRecord.forTokenLocked(ActivityRecord.java:778)
12-14 03:38:26.898 W/ActivityManager( 1626): 	at com.android.server.am.ActivityRecord.isInStackLocked(ActivityRecord.java:2085)
12-14 03:38:26.898 W/ActivityManager( 1626): 	at com.android.server.am.ActivityRecord.getStackLocked(ActivityRecord.java:2090)
12-14 03:38:26.898 W/ActivityManager( 1626): 	at com.android.server.am.ActivityManagerService.getActivityDisplayId(ActivityManagerService.java:10406)
12-14 03:38:26.898 W/ActivityManager( 1626): 	at android.app.IActivityManager$Stub.onTransact(IActivityManager.java:2738)
12-14 03:38:26.898 W/ActivityManager( 1626): 	at com.android.server.am.ActivityManagerService.onTransact(ActivityManagerService.java:2935)
12-14 03:38:26.898 W/ActivityManager( 1626): 	at android.os.Binder.execTransact(Binder.java:674)
12-14 03:38:26.903 I/calabash( 3927): newActivity1
12-14 03:38:26.924 W/ActivityManager( 1626): Bad activity token: android.os.BinderProxy@8948670
12-14 03:38:26.924 W/ActivityManager( 1626): java.lang.ClassCastException: android.os.BinderProxy cannot be cast to com.android.server.am.ActivityRecord$Token
12-14 03:38:26.924 W/ActivityManager( 1626): 	at com.android.server.am.ActivityRecord.forTokenLocked(ActivityRecord.java:778)
12-14 03:38:26.924 W/ActivityManager( 1626): 	at com.android.server.am.ActivityRecord.isInStackLocked(ActivityRecord.java:2085)
12-14 03:38:26.924 W/ActivityManager( 1626): 	at com.android.server.am.ActivityManagerService.setTaskDescription(ActivityManagerService.java:9988)
12-14 03:38:26.924 W/ActivityManager( 1626): 	at android.app.IActivityManager$Stub.onTransact(IActivityManager.java:2824)
12-14 03:38:26.924 W/ActivityManager( 1626): 	at com.android.server.am.ActivityManagerService.onTransact(ActivityManagerService.java:2935)
12-14 03:38:26.924 W/ActivityManager( 1626): 	at android.os.Binder.execTransact(Binder.java:674)
12-14 03:38:26.926 W/ActivityManager( 1626): Bad activity token: android.os.BinderProxy@8948670
12-14 03:38:26.926 W/ActivityManager( 1626): java.lang.ClassCastException: android.os.BinderProxy cannot be cast to com.android.server.am.ActivityRecord$Token
12-14 03:38:26.926 W/ActivityManager( 1626): 	at com.android.server.am.ActivityRecord.forTokenLocked(ActivityRecord.java:778)
12-14 03:38:26.926 W/ActivityManager( 1626): 	at com.android.server.am.ActivityRecord.isInStackLocked(ActivityRecord.java:2085)
12-14 03:38:26.926 W/ActivityManager( 1626): 	at com.android.server.am.ActivityRecord.getStackLocked(ActivityRecord.java:2090)
12-14 03:38:26.926 W/ActivityManager( 1626): 	at com.android.server.am.ActivityManagerService.getActivityStackId(ActivityManagerService.java:10417)
12-14 03:38:26.926 W/ActivityManager( 1626): 	at android.app.IActivityManager$Stub.onTransact(IActivityManager.java:3548)
12-14 03:38:26.926 W/ActivityManager( 1626): 	at com.android.server.am.ActivityManagerService.onTransact(ActivityManagerService.java:2935)
12-14 03:38:26.926 W/ActivityManager( 1626): 	at android.os.Binder.execTransact(Binder.java:674)
12-14 03:38:26.960 W/asset   ( 1729): Asset path /data/app/com.evancharlton.mileage-BesXJsoxqq2hV7WaY-dJoQ==/base.apk is neither a directory nor file (type=1).
12-14 03:38:26.960 E/ResourcesManager( 1729): failed to add asset path /data/app/com.evancharlton.mileage-BesXJsoxqq2hV7WaY-dJoQ==/base.apk
12-14 03:38:26.960 W/PackageManager( 1729): Failure retrieving resources for com.evancharlton.mileage
12-14 03:38:26.960 W/asset   ( 1729): Asset path /data/app/com.evancharlton.mileage-BesXJsoxqq2hV7WaY-dJoQ==/base.apk is neither a directory nor file (type=1).
12-14 03:38:26.960 E/ResourcesManager( 1729): failed to add asset path /data/app/com.evancharlton.mileage-BesXJsoxqq2hV7WaY-dJoQ==/base.apk
12-14 03:38:26.960 W/PackageManager( 1729): Failure retrieving resources for com.evancharlton.mileage
12-14 03:38:26.960 W/asset   ( 1729): Asset path /data/app/com.evancharlton.mileage-BesXJsoxqq2hV7WaY-dJoQ==/base.apk is neither a directory nor file (type=1).
12-14 03:38:26.960 E/ResourcesManager( 1729): failed to add asset path /data/app/com.evancharlton.mileage-BesXJsoxqq2hV7WaY-dJoQ==/base.apk
12-14 03:38:26.960 W/PackageManager( 1729): Failure retrieving resources for com.evancharlton.mileage
12-14 03:38:26.971 D/EGL_emulation( 2176): eglMakeCurrent: 0xa6cc77a0: ver 3 0 (tinfo 0xa6e7fea0)
12-14 03:38:26.973 D/EGL_emulation( 2217): eglMakeCurrent: 0xa6cc7b00: ver 3 0 (tinfo 0xa6e7f7f0)
12-14 03:38:26.978 D/EGL_emulation( 1729): eglMakeCurrent: 0x95cdb340: ver 3 0 (tinfo 0xa6aeec60)
12-14 03:38:26.987 V/StatusBar( 1729): setLightsOn(true)
12-14 03:38:26.995 D/EGL_emulation( 1729): eglMakeCurrent: 0x95cdb340: ver 3 0 (tinfo 0xa6aeec60)
12-14 03:38:27.012 D/EGL_emulation( 1729): eglMakeCurrent: 0x95cdb340: ver 3 0 (tinfo 0xa6aeec60)
12-14 03:38:27.024 E/ContentStoreEUAS( 2217): Failed to commit the deferred actions
12-14 03:38:27.026 D/FillupsProvider( 3927): Creating database
12-14 03:38:27.027 D/EGL_emulation( 1729): eglMakeCurrent: 0x95cdb340: ver 3 0 (tinfo 0xa6aeec60)
12-14 03:38:27.057 D/EGL_emulation( 1729): eglMakeCurrent: 0x95cdb340: ver 3 0 (tinfo 0xa6aeec60)
12-14 03:38:27.058 V/StatusBar( 1729): setLightsOn(true)
12-14 03:38:27.060 D/EGL_emulation( 1729): eglMakeCurrent: 0x95cdb340: ver 3 0 (tinfo 0xa6aeec60)
12-14 03:38:27.088 I/chatty  ( 1729): uid=10028(u0_a28) RenderThread identical 2 lines
12-14 03:38:27.096 D/EGL_emulation( 1729): eglMakeCurrent: 0x95cdb340: ver 3 0 (tinfo 0xa6aeec60)
12-14 03:38:27.103 I/zygote  ( 3927): Do partial code cache collection, code=29KB, data=22KB
12-14 03:38:27.104 I/zygote  ( 3927): After code cache collection, code=29KB, data=22KB
12-14 03:38:27.104 I/zygote  ( 3927): Increasing code cache capacity to 128KB
12-14 03:38:27.112 D/EGL_emulation( 1729): eglMakeCurrent: 0x95cdb340: ver 3 0 (tinfo 0xa6aeec60)
12-14 03:38:27.163 W/ActivityManager( 1626): Bad activity token: android.os.BinderProxy@8948670
12-14 03:38:27.163 W/ActivityManager( 1626): java.lang.ClassCastException: android.os.BinderProxy cannot be cast to com.android.server.am.ActivityRecord$Token
12-14 03:38:27.163 W/ActivityManager( 1626): 	at com.android.server.am.ActivityRecord.forTokenLocked(ActivityRecord.java:778)
12-14 03:38:27.163 W/ActivityManager( 1626): 	at com.android.server.am.ActivityRecord.isInStackLocked(ActivityRecord.java:2085)
12-14 03:38:27.163 W/ActivityManager( 1626): 	at com.android.server.am.ActivityManagerService.getActivityOptions(ActivityManagerService.java:13302)
12-14 03:38:27.163 W/ActivityManager( 1626): 	at android.app.IActivityManager$Stub.onTransact(IActivityManager.java:2910)
12-14 03:38:27.163 W/ActivityManager( 1626): 	at com.android.server.am.ActivityManagerService.onTransact(ActivityManagerService.java:2935)
12-14 03:38:27.163 W/ActivityManager( 1626): 	at android.os.Binder.execTransact(Binder.java:674)
12-14 03:38:27.164 W/ActivityManager( 1626): Bad activity token: android.os.BinderProxy@8948670
12-14 03:38:27.164 W/ActivityManager( 1626): java.lang.ClassCastException: android.os.BinderProxy cannot be cast to com.android.server.am.ActivityRecord$Token
12-14 03:38:27.164 W/ActivityManager( 1626): 	at com.android.server.am.ActivityRecord.forTokenLocked(ActivityRecord.java:778)
