12-14 03:39:06.006 W/ActivityManager( 1626): java.lang.ClassCastException: android.os.BinderProxy cannot be cast to com.android.server.am.ActivityRecord$Token
12-14 03:39:06.006 W/ActivityManager( 1626): 	at com.android.server.am.ActivityRecord.forTokenLocked(ActivityRecord.java:778)
12-14 03:39:06.006 W/ActivityManager( 1626): 	at com.android.server.am.ActivityRecord.isInStackLocked(ActivityRecord.java:2085)
12-14 03:39:06.006 W/ActivityManager( 1626): 	at com.android.server.am.ActivityManagerService.getActivityOptions(ActivityManagerService.java:13302)
12-14 03:39:06.006 W/ActivityManager( 1626): 	at android.app.IActivityManager$Stub.onTransact(IActivityManager.java:2910)
12-14 03:39:06.006 W/ActivityManager( 1626): 	at com.android.server.am.ActivityManagerService.onTransact(ActivityManagerService.java:2935)
12-14 03:39:06.006 W/ActivityManager( 1626): 	at android.os.Binder.execTransact(Binder.java:674)
12-14 03:39:06.009 D/VehicleStatisticsActivity( 4533): Checking recalculation ...
12-14 03:39:06.012 D/VehicleStatisticsActivity( 4533): Recalculating statistics
12-14 03:39:06.012 D/VehicleStatisticsTask( 4533): Calculation starting...
12-14 03:39:06.012 D/VehicleStatisticsActivity( 4533): Recalculation started!
12-14 03:39:06.025 D/VehicleStatisticsTask( 4533): Not enough fillups to calculate statistics
12-14 03:39:06.050 D/VehicleStatisticsTask( 4533): Not enough fillups to calculate statistics
12-14 03:39:06.089 I/zygote  ( 4533): Do full code cache collection, code=227KB, data=149KB
12-14 03:39:06.089 I/zygote  ( 4533): After code cache collection, code=226KB, data=125KB
12-14 03:39:06.144 E/SurfaceFlinger( 1408): ro.sf.lcd_density must be defined as a build property
12-14 03:39:06.158 D/gralloc_ranchu( 1396): gralloc_alloc: Creating ashmem region of size 8298496
12-14 03:39:06.171 D/        ( 4588): HostConnection::get() New Host Connection established 0xaf82f800, tid 4588
12-14 03:39:06.179 D/VehicleStatisticsTask( 4533): Done recalculating!
12-14 03:39:06.180 D/VehicleStatisticsTask( 4533): Done recalculating!
12-14 03:39:06.181 D/VehicleStatisticsAdapter( 4533): Erasing the cache ...
12-14 03:39:06.183 D/VehicleStatisticsAdapter( 4533): Erasing the cache ...
12-14 03:39:06.187 D/VehicleStatisticsAdapter( 4533): Building new values ...
12-14 03:39:06.187 D/VehicleStatisticsAdapter( 4533): Building new values ...
12-14 03:39:06.187 D/VehicleStatisticsAdapter( 4533): Writing 29 records to the database ...
12-14 03:39:06.188 D/VehicleStatisticsAdapter( 4533): Writing 29 records to the database ...
12-14 03:39:06.192 D/Mileage.ABS( 4533): Finished backup
12-14 03:39:06.196 D/Mileage.ABS( 4533): Not backing up; 20
12-14 03:39:06.262 I/zygote  ( 4533): Do partial code cache collection, code=247KB, data=142KB
12-14 03:39:06.263 I/zygote  ( 4533): After code cache collection, code=247KB, data=142KB
12-14 03:39:06.263 I/zygote  ( 4533): Increasing code cache capacity to 1024KB
12-14 03:39:06.308 E/TaskPersister( 1626): File error accessing recents directory (directory doesn't exist?).
12-14 03:39:06.319 D/Mileage.ABS( 4533): Not backing up; 143
12-14 03:39:06.320 D/Mileage.ABS( 4533): Not backing up; 144
12-14 03:39:06.395 D/Mileage.ABS( 4533): Not backing up; 219
12-14 03:39:06.398 D/Mileage.ABS( 4533): Not backing up; 222
12-14 03:39:06.401 D/Mileage.ABS( 4533): Not backing up; 225
12-14 03:39:06.402 D/Mileage.ABS( 4533): Not backing up; 226
12-14 03:39:06.402 D/Mileage.ABS( 4533): Not backing up; 226
12-14 03:39:06.405 D/Mileage.ABS( 4533): Not backing up; 229
12-14 03:39:06.406 D/Mileage.ABS( 4533): Not backing up; 230
12-14 03:39:06.407 D/Mileage.ABS( 4533): Not backing up; 231
12-14 03:39:06.408 D/Mileage.ABS( 4533): Not backing up; 232
12-14 03:39:06.409 D/Mileage.ABS( 4533): Not backing up; 233
12-14 03:39:06.438 D/Mileage.ABS( 4533): Not backing up; 262
12-14 03:39:06.440 D/Mileage.ABS( 4533): Not backing up; 264
12-14 03:39:06.467 D/Mileage.ABS( 4533): Not backing up; 291
12-14 03:39:06.480 D/Mileage.ABS( 4533): Not backing up; 304
12-14 03:39:06.496 D/Mileage.ABS( 4533): Not backing up; 320
12-14 03:39:06.531 D/Mileage.ABS( 4533): Not backing up; 355
12-14 03:39:06.538 D/Mileage.ABS( 4533): Not backing up; 362
12-14 03:39:06.546 D/Mileage.ABS( 4533): Not backing up; 369
12-14 03:39:06.562 D/Mileage.ABS( 4533): Not backing up; 386
12-14 03:39:06.565 D/Mileage.ABS( 4533): Not backing up; 389
12-14 03:39:06.588 D/Mileage.ABS( 4533): Not backing up; 412
12-14 03:39:06.630 D/Mileage.ABS( 4533): Not backing up; 451
12-14 03:39:06.651 D/Mileage.ABS( 4533): Not backing up; 475
12-14 03:39:06.654 D/Mileage.ABS( 4533): Not backing up; 478
12-14 03:39:06.659 D/Mileage.ABS( 4533): Not backing up; 482
12-14 03:39:06.659 D/Mileage.ABS( 4533): Not backing up; 483
12-14 03:39:06.697 D/Mileage.ABS( 4533): Not backing up; 521
12-14 03:39:06.701 D/Mileage.ABS( 4533): Not backing up; 525
12-14 03:39:06.703 D/Mileage.ABS( 4533): Not backing up; 527
12-14 03:39:06.718 D/Mileage.ABS( 4533): Not backing up; 542
12-14 03:39:06.746 D/Mileage.ABS( 4533): Not backing up; 569
12-14 03:39:06.751 D/Mileage.ABS( 4533): Not backing up; 575
12-14 03:39:06.762 D/Mileage.ABS( 4533): Not backing up; 586
12-14 03:39:06.772 D/Mileage.ABS( 4533): Not backing up; 596
12-14 03:39:06.785 D/Mileage.ABS( 4533): Not backing up; 608
12-14 03:39:06.796 D/Mileage.ABS( 4533): Not backing up; 620
12-14 03:39:06.820 D/Mileage.ABS( 4533): Not backing up; 644
12-14 03:39:06.838 D/Mileage.ABS( 4533): Not backing up; 662
12-14 03:39:06.847 D/Mileage.ABS( 4533): Not backing up; 671
12-14 03:39:06.865 D/Mileage.ABS( 4533): Not backing up; 688
12-14 03:39:06.876 D/Mileage.ABS( 4533): Not backing up; 700
12-14 03:39:06.890 D/Mileage.ABS( 4533): Not backing up; 714
12-14 03:39:06.905 D/Mileage.ABS( 4533): Not backing up; 729
12-14 03:39:06.923 D/Mileage.ABS( 4533): Not backing up; 747
12-14 03:39:06.923 D/Mileage.ABS( 4533): Not backing up; 747
12-14 03:39:06.936 D/Mileage.ABS( 4533): Not backing up; 760
12-14 03:39:06.947 D/Mileage.ABS( 4533): Not backing up; 771
12-14 03:39:06.958 D/Mileage.ABS( 4533): Not backing up; 781
12-14 03:39:06.975 I/System.out( 4533): URI: //gesture
12-14 03:39:06.975 I/System.out( 4533): params: {json={"query_timeout":5.0,"gestures":[{"query_string":"android.widget.TabWidget descendant TextView index:0","touches":[{"x":50,"y":50,"offset_x":0,"offset_y":0,"wait":0.0,"time":0.2,"release":true,"query_string":null}]}]}
12-14 03:39:06.975 I/System.out( 4533): }
12-14 03:39:06.976 D/Mileage.ABS( 4533): Not backing up; 799
12-14 03:39:06.989 D/Mileage.ABS( 4533): Not backing up; 813
12-14 03:39:07.003 D/Mileage.ABS( 4533): Not backing up; 827
12-14 03:39:07.013 D/Mileage.ABS( 4533): Not backing up; 837
12-14 03:39:07.042 D/Mileage.ABS( 4533): Not backing up; 866
12-14 03:39:07.050 D/Mileage.ABS( 4533): Not backing up; 874
12-14 03:39:07.093 D/VehicleStatisticsAdapter( 4533): Caching of 29 records complete! (0.905 seconds)
12-14 03:39:07.106 D/VehicleStatisticsAdapter( 4533): Caching of 29 records complete! (0.918 seconds)
12-14 03:39:07.116 D/Mileage.ABS( 4533): Not backing up; 940
12-14 03:39:07.118 D/Mileage.ABS( 4533): Not backing up; 941
12-14 03:39:07.119 D/Mileage.ABS( 4533): Not backing up; 943
12-14 03:39:07.121 D/Mileage.ABS( 4533): Not backing up; 945
12-14 03:39:07.225 E/BatteryStatsService( 1626): modem info is invalid: ModemActivityInfo{ mTimestamp=0 mSleepTimeMs=0 mIdleTimeMs=0 mTxTimeMs[]=[0, 0, 0, 0, 0] mRxTimeMs=0 mEnergyUsed=0}
12-14 03:39:07.389 W/View    ( 4533): dispatchProvideAutofillStructure(): not laid out, ignoring
12-14 03:39:07.392 I/chatty  ( 4533): uid=10422(u0_a422) com.evancharlton.mileage identical 1 line
12-14 03:39:07.392 W/View    ( 4533): dispatchProvideAutofillStructure(): not laid out, ignoring
12-14 03:39:07.405 W/Binder  ( 1626): Outgoing transactions from this process must be FLAG_ONEWAY
12-14 03:39:07.405 W/Binder  ( 1626): java.lang.Throwable
12-14 03:39:07.405 W/Binder  ( 1626): 	at android.os.BinderProxy.transact(Binder.java:736)
12-14 03:39:07.405 W/Binder  ( 1626): 	at android.app.assist.AssistStructure$ParcelTransferReader.fetchData(AssistStructure.java:407)
12-14 03:39:07.405 W/Binder  ( 1626): 	at android.app.assist.AssistStructure$ParcelTransferReader.go(AssistStructure.java:343)
12-14 03:39:07.405 W/Binder  ( 1626): 	at android.app.assist.AssistStructure.ensureData(AssistStructure.java:2096)
12-14 03:39:07.405 W/Binder  ( 1626): 	at com.android.server.autofill.Session$1.send(Session.java:200)
12-14 03:39:07.405 W/Binder  ( 1626): 	at com.android.server.am.ActivityManagerService.reportAssistContextExtras(ActivityManagerService.java:13137)
12-14 03:39:07.405 W/Binder  ( 1626): 	at android.app.IActivityManager$Stub.onTransact(IActivityManager.java:2466)
12-14 03:39:07.405 W/Binder  ( 1626): 	at com.android.server.am.ActivityManagerService.onTransact(ActivityManagerService.java:2935)
12-14 03:39:07.405 W/Binder  ( 1626): 	at android.os.Binder.execTransact(Binder.java:674)
12-14 03:39:07.414 I/AssistStructure( 4533): Flattened final assist data: 15312 bytes, containing 1 windows, 69 views
12-14 03:39:07.422 I/AssistStructure( 1626): Flattened final assist data: 13988 bytes, containing 1 windows, 69 views
12-14 03:39:07.424 W/lgq     ( 1937): Pending fill request while another request in the same session was triggered. [CONTEXT service_id=177 ]
12-14 03:39:07.537 E/SurfaceFlinger( 1408): ro.sf.lcd_density must be defined as a build property
12-14 03:39:07.545 D/gralloc_ranchu( 1396): gralloc_alloc: Creating ashmem region of size 8298496
12-14 03:39:07.554 D/        ( 4630): HostConnection::get() New Host Connection established 0xa802f800, tid 4630
12-14 03:39:07.811 I/Dialer  ( 1997): OmtpVvmCarrierCfgHlpr - OmtpEvent:CONFIG_STATUS_SMS_TIME_OUT
12-14 03:39:07.813 I/Dialer  ( 1997): RetryPolicy - discarding deferred status: configuration_state=4
12-14 03:39:07.850 I/Dialer  ( 1997): VvmTaskExecutor - no more tasks, stopping service if no task are added in 5000 millis
12-14 03:39:07.867 I/Dialer  ( 1997): VvmTaskReceiver - task received
12-14 03:39:07.867 I/Dialer  ( 1997): VvmTaskReceiver - TaskExecutor already running
12-14 03:39:07.869 I/Dialer  ( 1997): Task.createTask - create task:com.android.voicemail.impl.ActivationTask
12-14 03:39:07.870 I/Dialer  ( 1997): RetryPolicy - retry #1 for com.android.voicemail.impl.ActivationTask@a3936c8 queued, executing in 5000
12-14 03:39:07.870 I/Dialer  ( 1997): VvmTaskExecutor - com.android.voicemail.impl.ActivationTask@a3936c8 added
12-14 03:39:07.870 I/Dialer  ( 1997): VvmTaskExecutor - minimal wait time:5000
12-14 03:39:07.871 I/Dialer  ( 1997): VvmTaskExecutor - sleep for 5000 millis
12-14 03:39:08.025 I/System.out( 4533): URI: //
12-14 03:39:08.025 I/System.out( 4533): params: {json={"command":"set_activity_orientation","arguments":["landscape"]}
12-14 03:39:08.025 I/System.out( 4533): }
12-14 03:39:08.025 I/System.out( 4533): header: {content-type=application/json;charset=utf-8, date=Mon, 14 Dec 2020 08:39:08 GMT, accept=*/*, host=127.0.0.1:34777, content-length=64, user-agent=HTTPClient/1.0 (2.8.3, ruby 2.5.8 (2020-03-31))}
12-14 03:39:08.025 I/System.out( 4533): params: {json={"command":"set_activity_orientation","arguments":["landscape"]}
12-14 03:39:08.026 I/System.out( 4533): }
12-14 03:39:08.026 I/System.out( 4533): ProP json = {"command":"set_activity_orientation","arguments":["landscape"]}
12-14 03:39:08.026 I/System.out( 4533): files: {}
12-14 03:39:08.026 I/System.out( 4533): command: {"command":"set_activity_orientation","arguments":["landscape"]}
12-14 03:39:08.030 I/InstrumentationBackend( 4533): Got command:'Command:'Line:null,set_activity_orientation', arguments:'[landscape]'
12-14 03:39:08.035 D/gralloc_ranchu( 1396): gralloc_alloc: Creating ashmem region of size 8298496
12-14 03:39:08.065 W/LocalDisplayAdapter( 1626): Unable to find color mode 0, ignoring request.
12-14 03:39:08.082 I/InputReader( 1626): Reconfiguring input devices.  changes=0x00000004
12-14 03:39:08.082 I/InputReader( 1626): Device reconfigured: id=0, name='qwerty2', size 1080x1920, orientation 1, mode 1, display id 0
12-14 03:39:08.084 I/ActivityManager( 1626): Config changes=480 {1.0 310mcc260mnc [en_US] ldltr sw411dp w683dp h387dp 420dpi nrml land finger qwerty/v/v -nav/h appBounds=Rect(0, 0 - 1794, 1080) s.9}
12-14 03:39:08.133 I/ActivityManager( 1626): Override config changes=480 {1.0 310mcc260mnc [en_US] ldltr sw411dp w683dp h387dp 420dpi nrml land finger qwerty/v/v -nav/h appBounds=Rect(0, 0 - 1794, 1080) s.9} for displayId=0
12-14 03:39:08.198 D/gralloc_ranchu( 1396): gralloc_alloc: Creating ashmem region of size 544768
12-14 03:39:08.205 I/calabash( 4533): newActivity1
12-14 03:39:08.208 D/EGL_emulation( 1729): eglMakeCurrent: 0x95cdb340: ver 3 0 (tinfo 0xa6aeec60)
12-14 03:39:08.220 D/gralloc_ranchu( 1396): gralloc_alloc: Creating ashmem region of size 544768
12-14 03:39:08.272 W/ActivityManager( 1626): Bad activity token: android.os.BinderProxy@26c1e49
12-14 03:39:08.272 W/ActivityManager( 1626): java.lang.ClassCastException: android.os.BinderProxy cannot be cast to com.android.server.am.ActivityRecord$Token
12-14 03:39:08.272 W/ActivityManager( 1626): 	at com.android.server.am.ActivityRecord.forTokenLocked(ActivityRecord.java:778)
12-14 03:39:08.272 W/ActivityManager( 1626): 	at com.android.server.am.ActivityRecord.isInStackLocked(ActivityRecord.java:2085)
12-14 03:39:08.272 W/ActivityManager( 1626): 	at com.android.server.am.ActivityRecord.getStackLocked(ActivityRecord.java:2090)
12-14 03:39:08.272 W/ActivityManager( 1626): 	at com.android.server.am.ActivityManagerService.getActivityDisplayId(ActivityManagerService.java:10406)
12-14 03:39:08.272 W/ActivityManager( 1626): 	at android.app.IActivityManager$Stub.onTransact(IActivityManager.java:2738)
12-14 03:39:08.272 W/ActivityManager( 1626): 	at com.android.server.am.ActivityManagerService.onTransact(ActivityManagerService.java:2935)
12-14 03:39:08.272 W/ActivityManager( 1626): 	at android.os.Binder.execTransact(Binder.java:674)
12-14 03:39:08.273 I/calabash( 4533): newActivity1
12-14 03:39:08.276 W/AutofillManager( 4533): Session -1699350282 could not be restored
12-14 03:39:08.279 W/ActivityManager( 1626): Bad activity token: android.os.BinderProxy@26c1e49
12-14 03:39:08.279 W/ActivityManager( 1626): java.lang.ClassCastException: android.os.BinderProxy cannot be cast to com.android.server.am.ActivityRecord$Token
12-14 03:39:08.279 W/ActivityManager( 1626): 	at com.android.server.am.ActivityRecord.forTokenLocked(ActivityRecord.java:778)
12-14 03:39:08.279 W/ActivityManager( 1626): 	at com.android.server.am.ActivityRecord.isInStackLocked(ActivityRecord.java:2085)
12-14 03:39:08.279 W/ActivityManager( 1626): 	at com.android.server.am.ActivityManagerService.setTaskDescription(ActivityManagerService.java:9988)
12-14 03:39:08.279 W/ActivityManager( 1626): 	at android.app.IActivityManager$Stub.onTransact(IActivityManager.java:2824)
12-14 03:39:08.279 W/ActivityManager( 1626): 	at com.android.server.am.ActivityManagerService.onTransact(ActivityManagerService.java:2935)
12-14 03:39:08.279 W/ActivityManager( 1626): 	at android.os.Binder.execTransact(Binder.java:674)
12-14 03:39:08.280 W/ActivityManager( 1626): Bad activity token: android.os.BinderProxy@26c1e49
12-14 03:39:08.280 W/ActivityManager( 1626): java.lang.ClassCastException: android.os.BinderProxy cannot be cast to com.android.server.am.ActivityRecord$Token
12-14 03:39:08.280 W/ActivityManager( 1626): 	at com.android.server.am.ActivityRecord.forTokenLocked(ActivityRecord.java:778)
12-14 03:39:08.280 W/ActivityManager( 1626): 	at com.android.server.am.ActivityRecord.isInStackLocked(ActivityRecord.java:2085)
12-14 03:39:08.280 W/ActivityManager( 1626): 	at com.android.server.am.ActivityRecord.getStackLocked(ActivityRecord.java:2090)
12-14 03:39:08.280 W/ActivityManager( 1626): 	at com.android.server.am.ActivityManagerService.getActivityStackId(ActivityManagerService.java:10417)
12-14 03:39:08.280 W/ActivityManager( 1626): 	at android.app.IActivityManager$Stub.onTransact(IActivityManager.java:3548)
12-14 03:39:08.280 W/ActivityManager( 1626): 	at com.android.server.am.ActivityManagerService.onTransact(ActivityManagerService.java:2935)
12-14 03:39:08.280 W/ActivityManager( 1626): 	at android.os.Binder.execTransact(Binder.java:674)
12-14 03:39:08.332 I/System.out( 4533): result:{"bonusInformation":[],"message":"","success":true}
12-14 03:39:08.345 V/StatusBar( 1729): setLightsOn(true)
12-14 03:39:08.361 W/ActivityManager( 1626): Bad activity token: android.os.BinderProxy@26c1e49
12-14 03:39:08.361 W/ActivityManager( 1626): java.lang.ClassCastException: android.os.BinderProxy cannot be cast to com.android.server.am.ActivityRecord$Token
12-14 03:39:08.361 W/ActivityManager( 1626): 	at com.android.server.am.ActivityRecord.forTokenLocked(ActivityRecord.java:778)
12-14 03:39:08.361 W/ActivityManager( 1626): 	at com.android.server.am.ActivityRecord.isInStackLocked(ActivityRecord.java:2085)
12-14 03:39:08.361 W/ActivityManager( 1626): 	at com.android.server.am.ActivityManagerService.getActivityOptions(ActivityManagerService.java:13302)
12-14 03:39:08.361 W/ActivityManager( 1626): 	at android.app.IActivityManager$Stub.onTransact(IActivityManager.java:2910)
12-14 03:39:08.361 W/ActivityManager( 1626): 	at com.android.server.am.ActivityManagerService.onTransact(ActivityManagerService.java:2935)
12-14 03:39:08.361 W/ActivityManager( 1626): 	at android.os.Binder.execTransact(Binder.java:674)
12-14 03:39:08.373 W/ActivityManager( 1626): Bad activity token: android.os.BinderProxy@26c1e49
12-14 03:39:08.373 W/ActivityManager( 1626): java.lang.ClassCastException: android.os.BinderProxy cannot be cast to com.android.server.am.ActivityRecord$Token
12-14 03:39:08.373 W/ActivityManager( 1626): 	at com.android.server.am.ActivityRecord.forTokenLocked(ActivityRecord.java:778)
12-14 03:39:08.373 W/ActivityManager( 1626): 	at com.android.server.am.ActivityRecord.isInStackLocked(ActivityRecord.java:2085)
12-14 03:39:08.373 W/ActivityManager( 1626): 	at com.android.server.am.ActivityManagerService.getActivityOptions(ActivityManagerService.java:13302)
12-14 03:39:08.373 W/ActivityManager( 1626): 	at android.app.IActivityManager$Stub.onTransact(IActivityManager.java:2910)
12-14 03:39:08.373 W/ActivityManager( 1626): 	at com.android.server.am.ActivityManagerService.onTransact(ActivityManagerService.java:2935)
12-14 03:39:08.373 W/ActivityManager( 1626): 	at android.os.Binder.execTransact(Binder.java:674)
12-14 03:39:08.399 D/gralloc_ranchu( 1396): gralloc_alloc: Creating ashmem region of size 544768
12-14 03:39:08.438 W/PhoneWindow( 4533): Previously focused view reported id 2131296279 during save, but can't be found during restore.
12-14 03:39:08.483 D/gralloc_ranchu( 1396): gralloc_alloc: Creating ashmem region of size 487424
12-14 03:39:08.505 D/StatusBar( 1729): disable<e i a s b h r c s q >
12-14 03:39:08.512 D/EGL_emulation( 1729): eglMakeCurrent: 0x95cdb340: ver 3 0 (tinfo 0xa6aeec60)
12-14 03:39:08.537 D/gralloc_ranchu( 1396): gralloc_alloc: Creating ashmem region of size 487424
12-14 03:39:08.645 D/gralloc_ranchu( 1396): gralloc_alloc: Creating ashmem region of size 487424
12-14 03:39:08.671 D/EGL_emulation( 1729): eglMakeCurrent: 0x95cdb340: ver 3 0 (tinfo 0xa6aeec60)
12-14 03:39:08.687 D/EGL_emulation( 1729): eglMakeCurrent: 0x95cdb340: ver 3 0 (tinfo 0xa6aeec60)
12-14 03:39:08.692 V/StatusBar( 1729): setLightsOn(true)
12-14 03:39:08.709 D/gralloc_ranchu( 1396): gralloc_alloc: Creating ashmem region of size 7753728
12-14 03:39:08.766 V/StatusBar( 1729): setLightsOn(true)
12-14 03:39:08.770 I/chatty  ( 1729): uid=10028(u0_a28) com.android.systemui identical 1 line
12-14 03:39:08.783 I/WindowManager( 1626): Screen frozen for +751ms due to Window{d26b014 u0 com.evancharlton.mileage/com.evancharlton.mileage.Mileage}
12-14 03:39:08.800 V/StatusBar( 1729): setLightsOn(true)
12-14 03:39:08.805 D/SurfaceFlinger( 1408): duplicate layer name: changing BlackSurface to BlackSurface#1
12-14 03:39:08.809 D/gralloc_ranchu( 1396): gralloc_alloc: Creating ashmem region of size 7753728
12-14 03:39:08.947 I/EventLogSendingHelper( 2217): Sending log events.
12-14 03:39:09.234 V/StatusBar( 1729): setLightsOn(true)
12-14 03:39:09.760 D/gralloc_ranchu( 1396): gralloc_alloc: Creating ashmem region of size 7753728
12-14 03:39:10.438 I/System.out( 4533): URI: //gesture
12-14 03:39:10.439 I/System.out( 4533): params: {json={"query_timeout":5.0,"gestures":[{"query_string":"android.widget.TabWidget descendant TextView index:1","touches":[{"x":50,"y":50,"offset_x":0,"offset_y":0,"wait":0.0,"time":0.2,"release":true,"query_string":null}]}]}
12-14 03:39:10.439 I/System.out( 4533): }
12-14 03:39:10.449 W/audio_hw_generic( 1390): Not supplying enough data to HAL, expected position 1212711 , only wrote 905040
12-14 03:39:10.702 W/ActivityManager( 1626): Bad activity token: android.os.BinderProxy@3143898
12-14 03:39:10.702 W/ActivityManager( 1626): java.lang.ClassCastException: android.os.BinderProxy cannot be cast to com.android.server.am.ActivityRecord$Token
12-14 03:39:10.702 W/ActivityManager( 1626): 	at com.android.server.am.ActivityRecord.forTokenLocked(ActivityRecord.java:778)
12-14 03:39:10.702 W/ActivityManager( 1626): 	at com.android.server.am.ActivityRecord.isInStackLocked(ActivityRecord.java:2085)
12-14 03:39:10.702 W/ActivityManager( 1626): 	at com.android.server.am.ActivityRecord.getStackLocked(ActivityRecord.java:2090)
12-14 03:39:10.702 W/ActivityManager( 1626): 	at com.android.server.am.ActivityManagerService.getActivityDisplayId(ActivityManagerService.java:10406)
12-14 03:39:10.702 W/ActivityManager( 1626): 	at android.app.IActivityManager$Stub.onTransact(IActivityManager.java:2738)
12-14 03:39:10.702 W/ActivityManager( 1626): 	at com.android.server.am.ActivityManagerService.onTransact(ActivityManagerService.java:2935)
12-14 03:39:10.702 W/ActivityManager( 1626): 	at android.os.Binder.execTransact(Binder.java:674)
12-14 03:39:10.704 I/calabash( 4533): newActivity1
12-14 03:39:10.709 W/ActivityManager( 1626): Bad activity token: android.os.BinderProxy@3143898
12-14 03:39:10.709 W/ActivityManager( 1626): java.lang.ClassCastException: android.os.BinderProxy cannot be cast to com.android.server.am.ActivityRecord$Token
12-14 03:39:10.709 W/ActivityManager( 1626): 	at com.android.server.am.ActivityRecord.forTokenLocked(ActivityRecord.java:778)
12-14 03:39:10.709 W/ActivityManager( 1626): 	at com.android.server.am.ActivityRecord.isInStackLocked(ActivityRecord.java:2085)
12-14 03:39:10.709 W/ActivityManager( 1626): 	at com.android.server.am.ActivityManagerService.setTaskDescription(ActivityManagerService.java:9988)
12-14 03:39:10.709 W/ActivityManager( 1626): 	at android.app.IActivityManager$Stub.onTransact(IActivityManager.java:2824)
12-14 03:39:10.709 W/ActivityManager( 1626): 	at com.android.server.am.ActivityManagerService.onTransact(ActivityManagerService.java:2935)
12-14 03:39:10.709 W/ActivityManager( 1626): 	at android.os.Binder.execTransact(Binder.java:674)
12-14 03:39:10.710 W/audio_hw_generic( 1390): Not supplying enough data to HAL, expected position 905319 , only wrote 905040
12-14 03:39:10.714 W/ActivityManager( 1626): Bad activity token: android.os.BinderProxy@3143898
12-14 03:39:10.714 W/ActivityManager( 1626): java.lang.ClassCastException: android.os.BinderProxy cannot be cast to com.android.server.am.ActivityRecord$Token
12-14 03:39:10.714 W/ActivityManager( 1626): 	at com.android.server.am.ActivityRecord.forTokenLocked(ActivityRecord.java:778)
12-14 03:39:10.714 W/ActivityManager( 1626): 	at com.android.server.am.ActivityRecord.isInStackLocked(ActivityRecord.java:2085)
12-14 03:39:10.714 W/ActivityManager( 1626): 	at com.android.server.am.ActivityRecord.getStackLocked(ActivityRecord.java:2090)
12-14 03:39:10.714 W/ActivityManager( 1626): 	at com.android.server.am.ActivityManagerService.getActivityStackId(ActivityManagerService.java:10417)
12-14 03:39:10.714 W/ActivityManager( 1626): 	at android.app.IActivityManager$Stub.onTransact(IActivityManager.java:3548)
12-14 03:39:10.714 W/ActivityManager( 1626): 	at com.android.server.am.ActivityManagerService.onTransact(ActivityManagerService.java:2935)
12-14 03:39:10.714 W/ActivityManager( 1626): 	at android.os.Binder.execTransact(Binder.java:674)
12-14 03:39:10.749 E/memtrack( 1626): Couldn't load memtrack module
12-14 03:39:10.750 W/android.os.Debug( 1626): failed to get memory consumption info: -1
12-14 03:39:10.750 W/ActivityManager( 1626): Bad activity token: android.os.BinderProxy@3143898
12-14 03:39:10.750 W/ActivityManager( 1626): java.lang.ClassCastException: android.os.BinderProxy cannot be cast to com.android.server.am.ActivityRecord$Token
12-14 03:39:10.750 W/ActivityManager( 1626): 	at com.android.server.am.ActivityRecord.forTokenLocked(ActivityRecord.java:778)
12-14 03:39:10.750 W/ActivityManager( 1626): 	at com.android.server.am.ActivityRecord.isInStackLocked(ActivityRecord.java:2085)
12-14 03:39:10.750 W/ActivityManager( 1626): 	at com.android.server.am.ActivityManagerService.getActivityOptions(ActivityManagerService.java:13302)
12-14 03:39:10.750 W/ActivityManager( 1626): 	at android.app.IActivityManager$Stub.onTransact(IActivityManager.java:2910)
12-14 03:39:10.750 W/ActivityManager( 1626): 	at com.android.server.am.ActivityManagerService.onTransact(ActivityManagerService.java:2935)
12-14 03:39:10.750 W/ActivityManager( 1626): 	at android.os.Binder.execTransact(Binder.java:674)
12-14 03:39:10.750 W/ActivityManager( 1626): Bad activity token: android.os.BinderProxy@3143898
12-14 03:39:10.750 W/ActivityManager( 1626): java.lang.ClassCastException: android.os.BinderProxy cannot be cast to com.android.server.am.ActivityRecord$Token
12-14 03:39:10.750 W/ActivityManager( 1626): 	at com.android.server.am.ActivityRecord.forTokenLocked(ActivityRecord.java:778)
12-14 03:39:10.750 W/ActivityManager( 1626): 	at com.android.server.am.ActivityRecord.isInStackLocked(ActivityRecord.java:2085)
12-14 03:39:10.750 W/ActivityManager( 1626): 	at com.android.server.am.ActivityManagerService.getActivityOptions(ActivityManagerService.java:13302)
12-14 03:39:10.750 W/ActivityManager( 1626): 	at android.app.IActivityManager$Stub.onTransact(IActivityManager.java:2910)
12-14 03:39:10.750 W/ActivityManager( 1626): 	at com.android.server.am.ActivityManagerService.onTransact(ActivityManagerService.java:2935)
12-14 03:39:10.750 W/ActivityManager( 1626): 	at android.os.Binder.execTransact(Binder.java:674)
12-14 03:39:10.821 D/Mileage ( 4533): Not enough fillups to calculate economy
12-14 03:39:10.874 I/zygote  ( 1626): Explicit concurrent copying GC freed 17030(1557KB) AllocSpace objects, 3(76KB) LOS objects, 37% free, 9MB/15MB, paused 509us total 63.708ms
12-14 03:39:10.968 E/SurfaceFlinger( 1408): ro.sf.lcd_density must be defined as a build property
12-14 03:39:10.977 D/gralloc_ranchu( 1396): gralloc_alloc: Creating ashmem region of size 8298496
12-14 03:39:10.996 D/        ( 4641): HostConnection::get() New Host Connection established 0xb1eaf800, tid 4641
12-14 03:39:11.374 I/System.out( 4533): URI: //gesture
12-14 03:39:11.374 I/System.out( 4533): params: {json={"query_timeout":5.0,"gestures":[{"query_string":"android.widget.TabWidget descendant TextView index:3","touches":[{"x":50,"y":50,"offset_x":0,"offset_y":0,"wait":0.0,"time":0.2,"release":true,"query_string":null}]}]}
12-14 03:39:11.374 I/System.out( 4533): }
12-14 03:39:11.636 W/ActivityManager( 1626): Bad activity token: android.os.BinderProxy@17019dc
12-14 03:39:11.636 W/ActivityManager( 1626): java.lang.ClassCastException: android.os.BinderProxy cannot be cast to com.android.server.am.ActivityRecord$Token
12-14 03:39:11.636 W/ActivityManager( 1626): 	at com.android.server.am.ActivityRecord.forTokenLocked(ActivityRecord.java:778)
12-14 03:39:11.636 W/ActivityManager( 1626): 	at com.android.server.am.ActivityRecord.isInStackLocked(ActivityRecord.java:2085)
12-14 03:39:11.636 W/ActivityManager( 1626): 	at com.android.server.am.ActivityRecord.getStackLocked(ActivityRecord.java:2090)
12-14 03:39:11.636 W/ActivityManager( 1626): 	at com.android.server.am.ActivityManagerService.getActivityDisplayId(ActivityManagerService.java:10406)
12-14 03:39:11.636 W/ActivityManager( 1626): 	at android.app.IActivityManager$Stub.onTransact(IActivityManager.java:2738)
12-14 03:39:11.636 W/ActivityManager( 1626): 	at com.android.server.am.ActivityManagerService.onTransact(ActivityManagerService.java:2935)
12-14 03:39:11.636 W/ActivityManager( 1626): 	at android.os.Binder.execTransact(Binder.java:674)
12-14 03:39:11.638 I/calabash( 4533): newActivity1
12-14 03:39:11.641 W/ActivityManager( 1626): Bad activity token: android.os.BinderProxy@17019dc
12-14 03:39:11.641 W/ActivityManager( 1626): java.lang.ClassCastException: android.os.BinderProxy cannot be cast to com.android.server.am.ActivityRecord$Token
12-14 03:39:11.641 W/ActivityManager( 1626): 	at com.android.server.am.ActivityRecord.forTokenLocked(ActivityRecord.java:778)
12-14 03:39:11.641 W/ActivityManager( 1626): 	at com.android.server.am.ActivityRecord.isInStackLocked(ActivityRecord.java:2085)
12-14 03:39:11.641 W/ActivityManager( 1626): 	at com.android.server.am.ActivityManagerService.setTaskDescription(ActivityManagerService.java:9988)
12-14 03:39:11.641 W/ActivityManager( 1626): 	at android.app.IActivityManager$Stub.onTransact(IActivityManager.java:2824)
12-14 03:39:11.641 W/ActivityManager( 1626): 	at com.android.server.am.ActivityManagerService.onTransact(ActivityManagerService.java:2935)
12-14 03:39:11.641 W/ActivityManager( 1626): 	at android.os.Binder.execTransact(Binder.java:674)
12-14 03:39:11.642 W/ActivityManager( 1626): Bad activity token: android.os.BinderProxy@17019dc
12-14 03:39:11.642 W/ActivityManager( 1626): java.lang.ClassCastException: android.os.BinderProxy cannot be cast to com.android.server.am.ActivityRecord$Token
12-14 03:39:11.642 W/ActivityManager( 1626): 	at com.android.server.am.ActivityRecord.forTokenLocked(ActivityRecord.java:778)
12-14 03:39:11.642 W/ActivityManager( 1626): 	at com.android.server.am.ActivityRecord.isInStackLocked(ActivityRecord.java:2085)
12-14 03:39:11.642 W/ActivityManager( 1626): 	at com.android.server.am.ActivityRecord.getStackLocked(ActivityRecord.java:2090)
12-14 03:39:11.642 W/ActivityManager( 1626): 	at com.android.server.am.ActivityManagerService.getActivityStackId(ActivityManagerService.java:10417)
12-14 03:39:11.642 W/ActivityManager( 1626): 	at android.app.IActivityManager$Stub.onTransact(IActivityManager.java:3548)
12-14 03:39:11.642 W/ActivityManager( 1626): 	at com.android.server.am.ActivityManagerService.onTransact(ActivityManagerService.java:2935)
12-14 03:39:11.642 W/ActivityManager( 1626): 	at android.os.Binder.execTransact(Binder.java:674)
12-14 03:39:11.655 W/ActivityManager( 1626): Bad activity token: android.os.BinderProxy@17019dc
12-14 03:39:11.655 W/ActivityManager( 1626): java.lang.ClassCastException: android.os.BinderProxy cannot be cast to com.android.server.am.ActivityRecord$Token
12-14 03:39:11.655 W/ActivityManager( 1626): 	at com.android.server.am.ActivityRecord.forTokenLocked(ActivityRecord.java:778)
12-14 03:39:11.655 W/ActivityManager( 1626): 	at com.android.server.am.ActivityRecord.isInStackLocked(ActivityRecord.java:2085)
12-14 03:39:11.655 W/ActivityManager( 1626): 	at com.android.server.am.ActivityManagerService.getActivityOptions(ActivityManagerService.java:13302)
12-14 03:39:11.655 W/ActivityManager( 1626): 	at android.app.IActivityManager$Stub.onTransact(IActivityManager.java:2910)
12-14 03:39:11.655 W/ActivityManager( 1626): 	at com.android.server.am.ActivityManagerService.onTransact(ActivityManagerService.java:2935)
12-14 03:39:11.655 W/ActivityManager( 1626): 	at android.os.Binder.execTransact(Binder.java:674)
12-14 03:39:11.656 W/ActivityManager( 1626): Bad activity token: android.os.BinderProxy@17019dc
12-14 03:39:11.656 W/ActivityManager( 1626): java.lang.ClassCastException: android.os.BinderProxy cannot be cast to com.android.server.am.ActivityRecord$Token
12-14 03:39:11.656 W/ActivityManager( 1626): 	at com.android.server.am.ActivityRecord.forTokenLocked(ActivityRecord.java:778)
12-14 03:39:11.656 W/ActivityManager( 1626): 	at com.android.server.am.ActivityRecord.isInStackLocked(ActivityRecord.java:2085)
12-14 03:39:11.656 W/ActivityManager( 1626): 	at com.android.server.am.ActivityManagerService.getActivityOptions(ActivityManagerService.java:13302)
12-14 03:39:11.656 W/ActivityManager( 1626): 	at android.app.IActivityManager$Stub.onTransact(IActivityManager.java:2910)
12-14 03:39:11.656 W/ActivityManager( 1626): 	at com.android.server.am.ActivityManagerService.onTransact(ActivityManagerService.java:2935)
12-14 03:39:11.656 W/ActivityManager( 1626): 	at android.os.Binder.execTransact(Binder.java:674)
12-14 03:39:11.836 E/SurfaceFlinger( 1408): ro.sf.lcd_density must be defined as a build property
12-14 03:39:11.845 D/gralloc_ranchu( 1396): gralloc_alloc: Creating ashmem region of size 8298496
12-14 03:39:11.854 D/        ( 4647): HostConnection::get() New Host Connection established 0xb602f800, tid 4647
12-14 03:39:12.153 I/System.out( 4533): URI: //gesture
12-14 03:39:12.153 I/System.out( 4533): params: {json={"query_timeout":5.0,"gestures":[{"query_string":"android.widget.TabWidget descendant TextView index:2","touches":[{"x":50,"y":50,"offset_x":0,"offset_y":0,"wait":0.0,"time":0.2,"release":true,"query_string":null}]}]}
12-14 03:39:12.153 I/System.out( 4533): }
12-14 03:39:12.400 W/ActivityManager( 1626): Bad activity token: android.os.BinderProxy@ccc3847
12-14 03:39:12.400 W/ActivityManager( 1626): java.lang.ClassCastException: android.os.BinderProxy cannot be cast to com.android.server.am.ActivityRecord$Token
12-14 03:39:12.400 W/ActivityManager( 1626): 	at com.android.server.am.ActivityRecord.forTokenLocked(ActivityRecord.java:778)
12-14 03:39:12.400 W/ActivityManager( 1626): 	at com.android.server.am.ActivityRecord.isInStackLocked(ActivityRecord.java:2085)
12-14 03:39:12.400 W/ActivityManager( 1626): 	at com.android.server.am.ActivityRecord.getStackLocked(ActivityRecord.java:2090)
12-14 03:39:12.400 W/ActivityManager( 1626): 	at com.android.server.am.ActivityManagerService.getActivityDisplayId(ActivityManagerService.java:10406)
12-14 03:39:12.400 W/ActivityManager( 1626): 	at android.app.IActivityManager$Stub.onTransact(IActivityManager.java:2738)
12-14 03:39:12.400 W/ActivityManager( 1626): 	at com.android.server.am.ActivityManagerService.onTransact(ActivityManagerService.java:2935)
12-14 03:39:12.400 W/ActivityManager( 1626): 	at android.os.Binder.execTransact(Binder.java:674)
12-14 03:39:12.401 I/calabash( 4533): newActivity1
12-14 03:39:12.404 W/ActivityManager( 1626): Bad activity token: android.os.BinderProxy@ccc3847
12-14 03:39:12.404 W/ActivityManager( 1626): java.lang.ClassCastException: android.os.BinderProxy cannot be cast to com.android.server.am.ActivityRecord$Token
12-14 03:39:12.404 W/ActivityManager( 1626): 	at com.android.server.am.ActivityRecord.forTokenLocked(ActivityRecord.java:778)
12-14 03:39:12.404 W/ActivityManager( 1626): 	at com.android.server.am.ActivityRecord.isInStackLocked(ActivityRecord.java:2085)
12-14 03:39:12.404 W/ActivityManager( 1626): 	at com.android.server.am.ActivityManagerService.setTaskDescription(ActivityManagerService.java:9988)
12-14 03:39:12.404 W/ActivityManager( 1626): 	at android.app.IActivityManager$Stub.onTransact(IActivityManager.java:2824)
12-14 03:39:12.404 W/ActivityManager( 1626): 	at com.android.server.am.ActivityManagerService.onTransact(ActivityManagerService.java:2935)
12-14 03:39:12.404 W/ActivityManager( 1626): 	at android.os.Binder.execTransact(Binder.java:674)
12-14 03:39:12.405 W/ActivityManager( 1626): Bad activity token: android.os.BinderProxy@ccc3847
12-14 03:39:12.405 W/ActivityManager( 1626): java.lang.ClassCastException: android.os.BinderProxy cannot be cast to com.android.server.am.ActivityRecord$Token
12-14 03:39:12.405 W/ActivityManager( 1626): 	at com.android.server.am.ActivityRecord.forTokenLocked(ActivityRecord.java:778)
12-14 03:39:12.405 W/ActivityManager( 1626): 	at com.android.server.am.ActivityRecord.isInStackLocked(ActivityRecord.java:2085)
12-14 03:39:12.405 W/ActivityManager( 1626): 	at com.android.server.am.ActivityRecord.getStackLocked(ActivityRecord.java:2090)
12-14 03:39:12.405 W/ActivityManager( 1626): 	at com.android.server.am.ActivityManagerService.getActivityStackId(ActivityManagerService.java:10417)
12-14 03:39:12.405 W/ActivityManager( 1626): 	at android.app.IActivityManager$Stub.onTransact(IActivityManager.java:3548)
12-14 03:39:12.405 W/ActivityManager( 1626): 	at com.android.server.am.ActivityManagerService.onTransact(ActivityManagerService.java:2935)
12-14 03:39:12.405 W/ActivityManager( 1626): 	at android.os.Binder.execTransact(Binder.java:674)
12-14 03:39:12.438 D/VehicleStatisticsActivity( 4533): Checking recalculation ...
12-14 03:39:12.443 D/VehicleStatisticsActivity( 4533): Recalculation not necessary.
12-14 03:39:12.448 W/ActivityManager( 1626): Bad activity token: android.os.BinderProxy@ccc3847
12-14 03:39:12.448 W/ActivityManager( 1626): java.lang.ClassCastException: android.os.BinderProxy cannot be cast to com.android.server.am.ActivityRecord$Token
12-14 03:39:12.448 W/ActivityManager( 1626): 	at com.android.server.am.ActivityRecord.forTokenLocked(ActivityRecord.java:778)
12-14 03:39:12.448 W/ActivityManager( 1626): 	at com.android.server.am.ActivityRecord.isInStackLocked(ActivityRecord.java:2085)
12-14 03:39:12.448 W/ActivityManager( 1626): 	at com.android.server.am.ActivityManagerService.getActivityOptions(ActivityManagerService.java:13302)
12-14 03:39:12.448 W/ActivityManager( 1626): 	at android.app.IActivityManager$Stub.onTransact(IActivityManager.java:2910)
12-14 03:39:12.448 W/ActivityManager( 1626): 	at com.android.server.am.ActivityManagerService.onTransact(ActivityManagerService.java:2935)
12-14 03:39:12.448 W/ActivityManager( 1626): 	at android.os.Binder.execTransact(Binder.java:674)
12-14 03:39:12.449 W/ActivityManager( 1626): Bad activity token: android.os.BinderProxy@ccc3847
12-14 03:39:12.449 W/ActivityManager( 1626): java.lang.ClassCastException: android.os.BinderProxy cannot be cast to com.android.server.am.ActivityRecord$Token
12-14 03:39:12.449 W/ActivityManager( 1626): 	at com.android.server.am.ActivityRecord.forTokenLocked(ActivityRecord.java:778)
12-14 03:39:12.449 W/ActivityManager( 1626): 	at com.android.server.am.ActivityRecord.isInStackLocked(ActivityRecord.java:2085)
12-14 03:39:12.449 W/ActivityManager( 1626): 	at com.android.server.am.ActivityManagerService.getActivityOptions(ActivityManagerService.java:13302)
12-14 03:39:12.449 W/ActivityManager( 1626): 	at android.app.IActivityManager$Stub.onTransact(IActivityManager.java:2910)
12-14 03:39:12.449 W/ActivityManager( 1626): 	at com.android.server.am.ActivityManagerService.onTransact(ActivityManagerService.java:2935)
12-14 03:39:12.449 W/ActivityManager( 1626): 	at android.os.Binder.execTransact(Binder.java:674)
12-14 03:39:12.455 D/VehicleStatisticsActivity( 4533): Checking recalculation ...
12-14 03:39:12.456 D/VehicleStatisticsActivity( 4533): Recalculation not necessary.
12-14 03:39:12.462 W/RemoteFillService( 1626): Not handling { when=-3ms what=3 target=com.android.internal.os.HandlerCaller$MyHandler } as service for ComponentInfo{com.google.android.gms/com.google.android.gms.autofill.service.AutofillService} is already destroyed
12-14 03:39:12.533 I/zygote  ( 4533): Do full code cache collection, code=444KB, data=309KB
12-14 03:39:12.534 I/zygote  ( 4533): After code cache collection, code=429KB, data=249KB
12-14 03:39:12.635 E/SurfaceFlinger( 1408): ro.sf.lcd_density must be defined as a build property
12-14 03:39:12.641 D/gralloc_ranchu( 1396): gralloc_alloc: Creating ashmem region of size 8298496
12-14 03:39:12.650 D/        ( 4654): HostConnection::get() New Host Connection established 0xa832f800, tid 4654
12-14 03:39:12.877 I/Dialer  ( 1997): VvmTaskExecutor - executing task com.android.voicemail.impl.ActivationTask@a3936c8
12-14 03:39:12.878 I/Dialer  ( 1997): PreOMigrationHandler - ComponentInfo{com.android.phone/com.android.services.telephony.TelephonyConnectionService}, [****], UserHandle{0} already migrated
12-14 03:39:12.899 E/memtrack( 1626): Couldn't load memtrack module
12-14 03:39:12.900 W/android.os.Debug( 1626): failed to get memory consumption info: -1
12-14 03:39:12.914 I/Dialer  ( 1997): VvmActivationTask - VVM content provider configured - vvm_type_cvvm
12-14 03:39:12.915 I/Dialer  ( 1997): OmtpVvmCarrierCfgHlpr - OmtpEvent:CONFIG_ACTIVATING
12-14 03:39:12.934 I/Dialer  ( 1997): TelephonyMangerCompat.setVisualVoicemailSmsFilterSettings - using TelephonyManager
12-14 03:39:12.938 I/Dialer  ( 1997): TelephonyMangerCompat.sendVisualVoicemailSms - using TelephonyManager
12-14 03:39:12.968 I/System.out( 4533): URI: //gesture
12-14 03:39:12.968 I/System.out( 4533): params: {json={"query_timeout":5.0,"gestures":[{"query_string":"android.widget.TabWidget descendant TextView index:0","touches":[{"x":50,"y":50,"offset_x":0,"offset_y":0,"wait":0.0,"time":0.2,"release":true,"query_string":null}]}]}
12-14 03:39:12.968 I/System.out( 4533): }
12-14 03:39:13.306 W/View    ( 4533): dispatchProvideAutofillStructure(): not laid out, ignoring
12-14 03:39:13.311 I/chatty  ( 4533): uid=10422(u0_a422) com.evancharlton.mileage identical 3 lines
12-14 03:39:13.311 W/View    ( 4533): dispatchProvideAutofillStructure(): not laid out, ignoring
12-14 03:39:13.312 W/Binder  ( 1626): Outgoing transactions from this process must be FLAG_ONEWAY
12-14 03:39:13.312 W/Binder  ( 1626): java.lang.Throwable
12-14 03:39:13.312 W/Binder  ( 1626): 	at android.os.BinderProxy.transact(Binder.java:736)
12-14 03:39:13.312 W/Binder  ( 1626): 	at android.app.assist.AssistStructure$ParcelTransferReader.fetchData(AssistStructure.java:407)
12-14 03:39:13.312 W/Binder  ( 1626): 	at android.app.assist.AssistStructure$ParcelTransferReader.go(AssistStructure.java:343)
12-14 03:39:13.312 W/Binder  ( 1626): 	at android.app.assist.AssistStructure.ensureData(AssistStructure.java:2096)
12-14 03:39:13.312 W/Binder  ( 1626): 	at com.android.server.autofill.Session$1.send(Session.java:200)
12-14 03:39:13.312 W/Binder  ( 1626): 	at com.android.server.am.ActivityManagerService.reportAssistContextExtras(ActivityManagerService.java:13137)
12-14 03:39:13.312 W/Binder  ( 1626): 	at android.app.IActivityManager$Stub.onTransact(IActivityManager.java:2466)
12-14 03:39:13.312 W/Binder  ( 1626): 	at com.android.server.am.ActivityManagerService.onTransact(ActivityManagerService.java:2935)
12-14 03:39:13.312 W/Binder  ( 1626): 	at android.os.Binder.execTransact(Binder.java:674)
12-14 03:39:13.318 I/AssistStructure( 4533): Flattened final assist data: 10960 bytes, containing 1 windows, 49 views
12-14 03:39:13.327 I/AssistStructure( 1626): Flattened final assist data: 9988 bytes, containing 1 windows, 49 views
12-14 03:39:13.331 W/lgq     ( 1937): Pending fill request while another request in the same session was triggered. [CONTEXT service_id=177 ]
12-14 03:39:13.458 E/SurfaceFlinger( 1408): ro.sf.lcd_density must be defined as a build property
12-14 03:39:13.466 D/gralloc_ranchu( 1396): gralloc_alloc: Creating ashmem region of size 8298496
12-14 03:39:13.529 D/        ( 4660): HostConnection::get() New Host Connection established 0xb1f2f800, tid 4660
