--------- beginning of main
12-14 03:38:41.881 E/adbd    ( 1383): failed to connect to socket 'tcp:7102': Connection refused
12-14 03:38:41.939 I/PBSessionCacheImpl( 2217): Deleted sessionId[11423512489280] from persistence.
12-14 03:38:41.955 V/StatusBar( 1729): setLightsOn(true)
--------- beginning of system
12-14 03:38:41.955 W/ActivityManager( 1626): Finishing task with all activities already finished
12-14 03:38:41.955 W/ActivityManager( 1626): Duplicate finish request for ActivityRecord{72b9c9b u0 com.evancharlton.mileage/.Mileage t50 f}
12-14 03:38:41.955 W/ActivityManager( 1626): Finishing task with all activities already finished
12-14 03:38:41.955 W/ActivityManager( 1626): Duplicate finish request for ActivityRecord{72b9c9b u0 com.evancharlton.mileage/.Mileage t50 f}
12-14 03:38:41.957 I/chatty  ( 1729): uid=10028(u0_a28) com.android.systemui identical 1 line
12-14 03:38:41.967 W/ActivityManager( 1626): Finishing task with all activities already finished
12-14 03:38:41.967 W/ActivityManager( 1626): Duplicate finish request for ActivityRecord{72b9c9b u0 com.evancharlton.mileage/.Mileage t50 f}
12-14 03:38:41.973 V/StatusBar( 1729): setLightsOn(true)
12-14 03:38:41.974 W/SearchService( 2217): Abort, client detached.
12-14 03:38:41.981 V/StatusBar( 1729): setLightsOn(true)
12-14 03:38:41.985 V/StatusBar( 1729): setLightsOn(true)
12-14 03:38:41.992 D/gralloc_ranchu( 1396): gralloc_alloc: Creating ashmem region of size 8298496
12-14 03:38:42.017 I/chatty  ( 1396): uid=1000(system) allocator@2.0-s identical 1 line
12-14 03:38:42.049 D/gralloc_ranchu( 1396): gralloc_alloc: Creating ashmem region of size 8298496
12-14 03:38:42.049 D/SurfaceFlinger( 1408): duplicate layer name: changing com.google.android.apps.nexuslauncher/com.google.android.apps.nexuslauncher.NexusLauncherActivity to com.google.android.apps.nexuslauncher/com.google.android.apps.nexuslauncher.NexusLauncherActivity#1
12-14 03:38:42.076 D/gralloc_ranchu( 1396): gralloc_alloc: Creating ashmem region of size 8298496
12-14 03:38:42.085 D/EGL_emulation( 1729): eglMakeCurrent: 0x95cdb340: ver 3 0 (tinfo 0xa6aeec60)
12-14 03:38:42.091 E/TaskPersister( 1626): File error accessing recents directory (directory doesn't exist?).
12-14 03:38:42.146 I/zygote  ( 4096): Do partial code cache collection, code=110KB, data=53KB
12-14 03:38:42.146 I/zygote  ( 4096): After code cache collection, code=110KB, data=53KB
12-14 03:38:42.147 I/zygote  ( 4096): Increasing code cache capacity to 512KB
12-14 03:38:42.188 D/EGL_emulation( 2217): eglMakeCurrent: 0xa6cc7b00: ver 3 0 (tinfo 0xa6e7f7f0)
12-14 03:38:42.191 D/gralloc_ranchu( 1396): gralloc_alloc: Creating ashmem region of size 8298496
12-14 03:38:42.268 D/gralloc_ranchu( 1396): gralloc_alloc: Creating ashmem region of size 8298496
12-14 03:38:42.373 I/zygote  ( 2217): Deoptimizing void com.google.android.apps.gsa.search.core.service.worker.a.a.a(com.google.android.apps.gsa.search.core.state.qc) due to JIT inline cache
12-14 03:38:42.393 D/EGL_emulation( 2176): eglMakeCurrent: 0xa6cc77a0: ver 3 0 (tinfo 0xa6e7fea0)
12-14 03:38:42.401 W/ActivityManager( 1626): Unable to start service Intent { act=com.google.android.gms.speech.service.START pkg=com.google.android.gms } U=0: not found
12-14 03:38:42.402 W/ActivityManager( 1626): Unbind failed: could not find connection for android.os.BinderProxy@84fbcf8
12-14 03:38:42.403 E/GmsClient( 2217): unable to connect to service: com.google.android.gms.speech.service.START on com.google.android.gms
12-14 03:38:42.415 W/SessionLifecycleManager( 2217): Handover failed. Creating new session controller.
12-14 03:38:42.420 I/OptInState( 2217): There is a new client and it does not support opt-in. Dropping request.
12-14 03:38:42.424 I/zygote  ( 2217): Deoptimizing int[] com.google.common.collect.gx.b(java.lang.Object[], int, int, int) due to JIT inline cache
12-14 03:38:42.440 D/gralloc_ranchu( 1396): gralloc_alloc: Creating ashmem region of size 7753728
12-14 03:38:42.456 I/zygote  ( 2217): Deoptimizing void com.google.android.apps.gsa.shared.searchbox.components.a.am(java.lang.Object) due to JIT inline cache
12-14 03:38:42.472 I/MicroDetectionWorker( 2217): #updateMicroDetector [detectionMode: [mDetectionMode: [1]]]
12-14 03:38:42.472 D/EGL_emulation( 1729): eglMakeCurrent: 0x95cdb340: ver 3 0 (tinfo 0xa6aeec60)
12-14 03:38:42.476 I/MicroDetectionWorker( 2217): #startMicroDetector [speakerMode: 0]
12-14 03:38:42.481 I/AudioController( 2217): Using mInputStreamFactoryBuilder
12-14 03:38:42.489 I/MicroRecognitionRunner( 2217): Starting detection.
12-14 03:38:42.499 D/EGL_emulation( 1729): eglMakeCurrent: 0x95cdb340: ver 3 0 (tinfo 0xa6aeec60)
12-14 03:38:42.501 I/MicroDetectionWorker( 2217): onReady
12-14 03:38:42.512 D/EGL_emulation( 1729): eglMakeCurrent: 0x95cdb340: ver 3 0 (tinfo 0xa6aeec60)
12-14 03:38:42.523 D/EGL_emulation( 1729): eglMakeCurrent: 0x95cdb340: ver 3 0 (tinfo 0xa6aeec60)
12-14 03:38:42.525 I/MicrophoneInputStream( 2217): mic_starting com.google.android.apps.gsa.staticplugins.aa.c@1fc674b
12-14 03:38:42.531 D/EGL_emulation( 1729): eglMakeCurrent: 0x95cdb340: ver 3 0 (tinfo 0xa6aeec60)
12-14 03:38:42.543 I/MicrophoneInputStream( 2217): mic_started com.google.android.apps.gsa.staticplugins.aa.c@1fc674b
12-14 03:38:42.544 D/EGL_emulation( 1729): eglMakeCurrent: 0x95cdb340: ver 3 0 (tinfo 0xa6aeec60)
12-14 03:38:42.544 E/ActivityThread( 2217): Failed to find provider info for com.google.android.apps.gsa.testing.ui.audio.recorded
12-14 03:38:42.545 I/MicroDetectionWorker( 2217): onReady
12-14 03:38:42.551 I/MicrophoneInputStream( 2217): mic_close com.google.android.apps.gsa.staticplugins.aa.c@1fc674b
12-14 03:38:42.557 W/SpeechLevelGenerator( 2217): Really low audio levels detected. The audio input may have issues.
12-14 03:38:42.557 I/AudioFlinger( 1476): AudioFlinger's thread 0xacf83600 tid=4152 ready to run
12-14 03:38:42.562 D/EGL_emulation( 1729): eglMakeCurrent: 0x95cdb340: ver 3 0 (tinfo 0xa6aeec60)
12-14 03:38:42.572 I/chatty  ( 1729): uid=10028(u0_a28) RenderThread identical 1 line
12-14 03:38:42.579 D/EGL_emulation( 1729): eglMakeCurrent: 0x95cdb340: ver 3 0 (tinfo 0xa6aeec60)
12-14 03:38:42.582 I/MicroRecognitionRunner( 2217): Detection finished
12-14 03:38:42.583 W/ErrorReporter( 2217): reportError [type: 211, code: 524300]: Error reading from input stream
12-14 03:38:42.583 I/MicroRecognitionRunner( 2217): Stopping hotword detection.
12-14 03:38:42.583 W/ErrorProcessor( 2217): onFatalError, processing error from engine(4)
12-14 03:38:42.583 W/ErrorProcessor( 2217): com.google.android.apps.gsa.shared.speech.b.g: Error reading from input stream
12-14 03:38:42.583 W/ErrorProcessor( 2217): 	at com.google.android.apps.gsa.staticplugins.recognizer.j.a.a(SourceFile:28)
12-14 03:38:42.583 W/ErrorProcessor( 2217): 	at com.google.android.apps.gsa.staticplugins.recognizer.j.b.run(SourceFile:15)
12-14 03:38:42.583 W/ErrorProcessor( 2217): 	at java.util.concurrent.Executors$RunnableAdapter.call(Executors.java:457)
12-14 03:38:42.583 W/ErrorProcessor( 2217): 	at java.util.concurrent.FutureTask.run(FutureTask.java:266)
12-14 03:38:42.583 W/ErrorProcessor( 2217): 	at com.google.android.apps.gsa.shared.util.concurrent.a.ax.run(SourceFile:14)
12-14 03:38:42.583 W/ErrorProcessor( 2217): 	at com.google.android.apps.gsa.shared.util.concurrent.a.bl.run(SourceFile:4)
12-14 03:38:42.583 W/ErrorProcessor( 2217): 	at com.google.android.apps.gsa.shared.util.concurrent.a.bl.run(SourceFile:4)
12-14 03:38:42.583 W/ErrorProcessor( 2217): 	at java.util.concurrent.ThreadPoolExecutor.runWorker(ThreadPoolExecutor.java:1162)
12-14 03:38:42.583 W/ErrorProcessor( 2217): 	at java.util.concurrent.ThreadPoolExecutor$Worker.run(ThreadPoolExecutor.java:636)
12-14 03:38:42.583 W/ErrorProcessor( 2217): 	at java.lang.Thread.run(Thread.java:764)
12-14 03:38:42.583 W/ErrorProcessor( 2217): 	at com.google.android.apps.gsa.shared.util.concurrent.a.ai.run(SourceFile:6)
12-14 03:38:42.583 W/ErrorProcessor( 2217): Caused by: com.google.android.apps.gsa.shared.exception.GsaIOException: Error code: 393238 | Buffer overflow, no available space.
12-14 03:38:42.583 W/ErrorProcessor( 2217): 	at com.google.android.apps.gsa.speech.audio.Tee.f(SourceFile:103)
12-14 03:38:42.583 W/ErrorProcessor( 2217): 	at com.google.android.apps.gsa.speech.audio.au.read(SourceFile:2)
12-14 03:38:42.583 W/ErrorProcessor( 2217): 	at java.io.InputStream.read(InputStream.java:101)
12-14 03:38:42.583 W/ErrorProcessor( 2217): 	at com.google.android.apps.gsa.speech.audio.ao.run(SourceFile:18)
12-14 03:38:42.583 W/ErrorProcessor( 2217): 	at com.google.android.apps.gsa.speech.audio.an.run(SourceFile:2)
12-14 03:38:42.583 W/ErrorProcessor( 2217): 	... 9 more
12-14 03:38:42.583 I/AudioController( 2217): internalShutdown
12-14 03:38:42.591 I/zygote  ( 1729): NativeAllocBackground concurrent copying GC freed 1360(149KB) AllocSpace objects, 0(0B) LOS objects, 49% free, 4MB/9MB, paused 492us total 108.754ms
12-14 03:38:42.597 D/EGL_emulation( 1729): eglMakeCurrent: 0x95cdb340: ver 3 0 (tinfo 0xa6aeec60)
12-14 03:38:42.608 D/EGL_emulation( 1729): eglMakeCurrent: 0x95cdb340: ver 3 0 (tinfo 0xa6aeec60)
12-14 03:38:42.610 I/MicroDetector( 2217): Keeping mic open: false
12-14 03:38:42.610 I/MicroDetectionWorker( 2217): #onError(false)
12-14 03:38:42.611 I/DeviceStateChecker( 2217): DeviceStateChecker cancelled
12-14 03:38:42.616 D/EGL_emulation( 1729): eglMakeCurrent: 0x95cdb340: ver 3 0 (tinfo 0xa6aeec60)
12-14 03:38:42.637 I/chatty  ( 1729): uid=10028(u0_a28) RenderThread identical 1 line
12-14 03:38:42.640 D/EGL_emulation( 1729): eglMakeCurrent: 0x95cdb340: ver 3 0 (tinfo 0xa6aeec60)
12-14 03:38:42.652 I/zygote  ( 2217): Background concurrent copying GC freed 28494(1419KB) AllocSpace objects, 8(2MB) LOS objects, 49% free, 4MB/8MB, paused 3.389ms total 144.086ms
12-14 03:38:42.655 D/EGL_emulation( 1729): eglMakeCurrent: 0x95cdb340: ver 3 0 (tinfo 0xa6aeec60)
12-14 03:38:42.707 I/chatty  ( 1729): uid=10028(u0_a28) RenderThread identical 5 lines
12-14 03:38:42.718 D/EGL_emulation( 1729): eglMakeCurrent: 0x95cdb340: ver 3 0 (tinfo 0xa6aeec60)
12-14 03:38:42.884 W/OpenGLRenderer( 2176): Incorrectly called buildLayer on View: ShortcutAndWidgetContainer, destroying layer...
12-14 03:38:42.930 D/AndroidRuntime( 4147): >>>>>> START com.android.internal.os.RuntimeInit uid 2000 <<<<<<
12-14 03:38:42.987 W/app_process( 4147): Unexpected CPU variant for X86 using defaults: x86
12-14 03:38:43.017 D/AndroidRuntime( 4147): Calling main entry com.android.commands.am.Am
12-14 03:38:43.028 I/ActivityManager( 1626): Force stopping com.evancharlton.mileage appid=10422 user=0: start instr
12-14 03:38:43.031 I/ActivityManager( 1626): Killing 4096:com.evancharlton.mileage/u0a422 (adj 0): stop com.evancharlton.mileage
12-14 03:38:43.035 W/ActivityManager( 1626): Crash of app com.evancharlton.mileage running instrumentation ComponentInfo{com.evancharlton.mileage.test/sh.calaba.instrumentationbackend.CalabashInstrumentationTestRunner}
12-14 03:38:43.036 I/ActivityManager( 1626): Force stopping com.evancharlton.mileage appid=10422 user=0: finished inst
12-14 03:38:43.049 I/OpenGLRenderer( 1626): Initialized EGL, version 1.4
12-14 03:38:43.050 D/OpenGLRenderer( 1626): Swap behavior 1
12-14 03:38:43.050 W/OpenGLRenderer( 1626): Failed to choose config with EGL_SWAP_BEHAVIOR_PRESERVED, retrying without...
12-14 03:38:43.050 D/OpenGLRenderer( 1626): Swap behavior 0
12-14 03:38:43.056 I/zygote  ( 4162): Not late-enabling -Xcheck:jni (already on)
12-14 03:38:43.058 I/ActivityManager( 1626): Start proc 4162:com.evancharlton.mileage/u0a422 for added application com.evancharlton.mileage
12-14 03:38:43.058 D/AndroidRuntime( 4147): Shutting down VM
12-14 03:38:43.060 E/memtrack( 1626): Couldn't load memtrack module
12-14 03:38:43.060 W/android.os.Debug( 1626): failed to get memory consumption info: -1
12-14 03:38:43.061 D/EGL_emulation( 1626): eglCreateContext: 0x9309b460: maj 3 min 0 rcv 3
12-14 03:38:43.066 D/EGL_emulation( 1626): eglMakeCurrent: 0x9309b460: ver 3 0 (tinfo 0x973e9440)
12-14 03:38:43.071 E/eglCodecCommon( 1626): glUtilsParamSize: unknow param 0x00008cdf
12-14 03:38:43.071 E/eglCodecCommon( 1626): glUtilsParamSize: unknow param 0x00008cdf
12-14 03:38:43.072 E/eglCodecCommon( 1626): glUtilsParamSize: unknow param 0x00008824
12-14 03:38:43.072 E/eglCodecCommon( 1626): glUtilsParamSize: unknow param 0x00008824
12-14 03:38:43.079 W/ActivityManager( 1626): setHasOverlayUi called on unknown pid: 4096
12-14 03:38:43.110 W/zygote  ( 4162): Unexpected CPU variant for X86 using defaults: x86
12-14 03:38:43.127 E/adbd    ( 1383): failed to connect to socket 'tcp:7102': Connection refused
12-14 03:38:43.138 E/adbd    ( 1383): failed to connect to socket 'tcp:7102': Connection refused
12-14 03:38:43.141 I/zygote  ( 1626): NativeAllocBackground concurrent copying GC freed 11826(906KB) AllocSpace objects, 6(120KB) LOS objects, 36% free, 10MB/16MB, paused 2.573ms total 122.853ms
12-14 03:38:43.144 W/zygote  ( 4162): Found duplicate classes, falling back to extracting from APK : /data/app/com.evancharlton.mileage.test-xAcinFtAYJfEDokWVcXY3w==/base.apk
12-14 03:38:43.144 W/zygote  ( 4162): NOTE: This wastes RAM and hurts startup performance.
12-14 03:38:43.144 W/zygote  ( 4162): Found duplicated class when checking oat files: 'Ljunit/runner/BaseTestRunner;' in /data/app/com.evancharlton.mileage.test-xAcinFtAYJfEDokWVcXY3w==/base.apk and /system/framework/android.test.runner.jar
12-14 03:38:43.144 W/zygote  ( 4162): 
12-14 03:38:43.190 W/System  ( 4162): ClassLoader referenced unknown path: 
12-14 03:38:43.207 I/System.out( 4162): Main activity name automatically set to: com.evancharlton.mileage.Mileage
12-14 03:38:43.208 I/System.out( 4162): Calabash did not load Mono. This is only a problem if you are trying to test a Mono application
12-14 03:38:43.209 I/calabash( 4162): Test server port: 7102
12-14 03:38:43.210 I/InstrumentationBackend( 4162): Added:'GetPreferences', with key:'get_preferences'
12-14 03:38:43.243 E/adbd    ( 1383): failed to connect to socket 'tcp:7102': Connection refused
12-14 03:38:43.246 E/adbd    ( 1383): failed to connect to socket 'tcp:7102': Connection refused
12-14 03:38:43.290 I/InstrumentationBackend( 4162): Added:'SetPreferences', with key:'set_preferences'
12-14 03:38:43.290 I/InstrumentationBackend( 4162): Added:'ClearPreferences', with key:'clear_preferences'
12-14 03:38:43.291 I/InstrumentationBackend( 4162): Added:'PressElement', with key:'press_l10n_element'
12-14 03:38:43.291 I/InstrumentationBackend( 4162): Added:'WaitForElement', with key:'wait_for_l10n_element'
12-14 03:38:43.292 I/InstrumentationBackend( 4162): Added:'NullAction', with key:'nullAction'
12-14 03:38:43.292 I/InstrumentationBackend( 4162): Added:'PressKey', with key:'press_key'
12-14 03:38:43.292 I/InstrumentationBackend( 4162): Added:'SetActivityOrientation', with key:'set_activity_orientation'
12-14 03:38:43.293 I/InstrumentationBackend( 4162): Added:'GetActivityOrientation', with key:'get_activity_orientation'
12-14 03:38:43.294 I/InstrumentationBackend( 4162): Added:'FakeGPSLocation', with key:'set_gps_coordinates'
12-14 03:38:43.294 I/InstrumentationBackend( 4162): Added:'SetPropertyByCssSelector', with key:'set_property_by_css_selector'
12-14 03:38:43.295 I/InstrumentationBackend( 4162): Added:'GetUrl', with key:'get_url'
12-14 03:38:43.298 I/InstrumentationBackend( 4162): Added:'ScrollTo', with key:'scroll_to'
12-14 03:38:43.298 I/InstrumentationBackend( 4162): Added:'GetLoadProgress', with key:'get_load_progress'
12-14 03:38:43.299 I/InstrumentationBackend( 4162): Added:'DumpHtml', with key:'dump_html'
12-14 03:38:43.299 I/InstrumentationBackend( 4162): Added:'DumpBodyHtml', with key:'dump_body_html'
12-14 03:38:43.299 I/InstrumentationBackend( 4162): Added:'EnterTextByCssSelector', with key:'enter_text_by_selector'
12-14 03:38:43.305 I/InstrumentationBackend( 4162): Added:'AndroidSDKVersion', with key:'android_sdk_version'
12-14 03:38:43.305 I/InstrumentationBackend( 4162): Added:'Version', with key:'version'
12-14 03:38:43.305 I/InstrumentationBackend( 4162): Added:'Drag', with key:'drag'
12-14 03:38:43.305 I/InstrumentationBackend( 4162): Added:'TouchCoordinates', with key:'touch_coordinate'
12-14 03:38:43.306 I/InstrumentationBackend( 4162): Added:'LongPressCoordinate', with key:'long_press_coordinate'
12-14 03:38:43.306 I/InstrumentationBackend( 4162): Added:'DragCoordinates', with key:'drag_coordinates'
12-14 03:38:43.307 I/InstrumentationBackend( 4162): Added:'ResumeApplication', with key:'resume_application'
12-14 03:38:43.307 I/InstrumentationBackend( 4162): Added:'Swipe', with key:'swipe'
12-14 03:38:43.307 I/InstrumentationBackend( 4162): Added:'DoubleTapCoordinate', with key:'double_tap_coordinate'
12-14 03:38:43.308 I/InstrumentationBackend( 4162): Added:'ClickOnScreen', with key:'click_on_screen'
12-14 03:38:43.308 I/InstrumentationBackend( 4162): Added:'GetActivityName', with key:'get_activity_name'
12-14 03:38:43.309 I/InstrumentationBackend( 4162): Added:'ScrollToView', with key:'scroll_to_view'
12-14 03:38:43.309 I/InstrumentationBackend( 4162): Added:'ViewConfiguration', with key:'view_configuration'
12-14 03:38:43.310 I/InstrumentationBackend( 4162): Added:'IsCurrentActivityFocused', with key:'is_current_activity_focused'
12-14 03:38:43.310 I/InstrumentationBackend( 4162): Added:'SendTcp', with key:'send_tcp'
12-14 03:38:43.311 I/InstrumentationBackend( 4162): Added:'DpToDevicePixel', with key:'dp_to_device_pixel'
12-14 03:38:43.312 I/InstrumentationBackend( 4162): Added:'KeyboardEnterText', with key:'keyboard_enter_text'
12-14 03:38:43.312 I/InstrumentationBackend( 4162): Added:'DeleteSurroundingText', with key:'delete_surrounding_text'
12-14 03:38:43.313 I/InstrumentationBackend( 4162): Added:'SetComposingRegion', with key:'set_composing_region'
12-14 03:38:43.313 I/InstrumentationBackend( 4162): Added:'SetSelection', with key:'set_selection'
12-14 03:38:43.313 I/InstrumentationBackend( 4162): Added:'KeyboardKeyEvent', with key:'keyboard_key_event'
12-14 03:38:43.314 I/InstrumentationBackend( 4162): Added:'PressUserActionButton', with key:'press_user_action_button'
12-14 03:38:43.315 I/InstrumentationBackend( 4162): Added:'HideSoftKeyboard', with key:'hide_soft_keyboard'
12-14 03:38:43.316 I/InstrumentationBackend( 4162): Added:'ListActions', with key:'list_actions'
12-14 03:38:43.316 I/calabash( 4162): Instantiating http server at 7102
12-14 03:38:43.317 I/System.out( 4162): HTTP Daemon listening on: 7102
12-14 03:38:43.370 I/System.out( 4162): URI: //ping
12-14 03:38:43.371 I/System.out( 4162): params: {json={}
12-14 03:38:43.371 I/System.out( 4162): }
12-14 03:38:43.400 I/System.out( 4162): URI: //ping
12-14 03:38:43.400 I/System.out( 4162): params: {json={}
12-14 03:38:43.400 I/System.out( 4162): }
12-14 03:38:43.412 I/System.out( 4162): URI: //ready
12-14 03:38:43.412 I/System.out( 4162): params: {json={}
12-14 03:38:43.412 I/System.out( 4162): }
12-14 03:38:43.421 I/System.out( 4162): URI: //
12-14 03:38:43.421 I/System.out( 4162): params: {json={"command":"version","arguments":[]}
12-14 03:38:43.421 I/System.out( 4162): }
12-14 03:38:43.422 I/System.out( 4162): header: {content-type=application/json;charset=utf-8, date=Mon, 14 Dec 2020 08:38:43 GMT, accept=*/*, host=127.0.0.1:34777, content-length=36, user-agent=HTTPClient/1.0 (2.8.3, ruby 2.5.8 (2020-03-31))}
12-14 03:38:43.422 I/System.out( 4162): params: {json={"command":"version","arguments":[]}
12-14 03:38:43.422 I/System.out( 4162): }
12-14 03:38:43.422 I/System.out( 4162): ProP json = {"command":"version","arguments":[]}
12-14 03:38:43.422 I/System.out( 4162): files: {}
12-14 03:38:43.422 I/System.out( 4162): command: {"command":"version","arguments":[]}
12-14 03:38:43.453 I/InstrumentationBackend( 4162): Got command:'Command:'Line:null,version', arguments:'[]'
12-14 03:38:43.491 I/System.out( 4162): result:{"bonusInformation":[],"message":"0.9.8","success":true}
12-14 03:38:43.498 I/System.out( 4162): URI: //start-application
12-14 03:38:43.498 I/System.out( 4162): params: {json={"intent":null}
12-14 03:38:43.498 I/System.out( 4162): }
12-14 03:38:43.544 I/ActivityManager( 1626): START u0 {act=android.intent.action.MAIN cat=[android.intent.category.LAUNCHER] flg=0x10200000 cmp=com.evancharlton.mileage/.Mileage} from uid 10422
12-14 03:38:43.560 I/calabash( 4162): newActivity1
12-14 03:38:43.574 D/gralloc_ranchu( 1396): gralloc_alloc: Creating ashmem region of size 7753728
12-14 03:38:43.608 W/ActivityManager( 1626): Bad activity token: android.os.BinderProxy@d99e47d
12-14 03:38:43.608 W/ActivityManager( 1626): java.lang.ClassCastException: android.os.BinderProxy cannot be cast to com.android.server.am.ActivityRecord$Token
12-14 03:38:43.608 W/ActivityManager( 1626): 	at com.android.server.am.ActivityRecord.forTokenLocked(ActivityRecord.java:778)
12-14 03:38:43.608 W/ActivityManager( 1626): 	at com.android.server.am.ActivityRecord.isInStackLocked(ActivityRecord.java:2085)
12-14 03:38:43.608 W/ActivityManager( 1626): 	at com.android.server.am.ActivityRecord.getStackLocked(ActivityRecord.java:2090)
12-14 03:38:43.608 W/ActivityManager( 1626): 	at com.android.server.am.ActivityManagerService.getActivityDisplayId(ActivityManagerService.java:10406)
12-14 03:38:43.608 W/ActivityManager( 1626): 	at android.app.IActivityManager$Stub.onTransact(IActivityManager.java:2738)
12-14 03:38:43.608 W/ActivityManager( 1626): 	at com.android.server.am.ActivityManagerService.onTransact(ActivityManagerService.java:2935)
12-14 03:38:43.608 W/ActivityManager( 1626): 	at android.os.Binder.execTransact(Binder.java:674)
12-14 03:38:43.610 I/calabash( 4162): newActivity1
12-14 03:38:43.630 D/EGL_emulation( 2217): eglMakeCurrent: 0xa6cc7b00: ver 3 0 (tinfo 0xa6e7f7f0)
12-14 03:38:43.631 D/EGL_emulation( 2176): eglMakeCurrent: 0xa6cc77a0: ver 3 0 (tinfo 0xa6e7fea0)
12-14 03:38:43.640 W/ActivityManager( 1626): Bad activity token: android.os.BinderProxy@d99e47d
12-14 03:38:43.640 W/ActivityManager( 1626): java.lang.ClassCastException: android.os.BinderProxy cannot be cast to com.android.server.am.ActivityRecord$Token
12-14 03:38:43.640 W/ActivityManager( 1626): 	at com.android.server.am.ActivityRecord.forTokenLocked(ActivityRecord.java:778)
12-14 03:38:43.640 W/ActivityManager( 1626): 	at com.android.server.am.ActivityRecord.isInStackLocked(ActivityRecord.java:2085)
12-14 03:38:43.640 W/ActivityManager( 1626): 	at com.android.server.am.ActivityManagerService.setTaskDescription(ActivityManagerService.java:9988)
12-14 03:38:43.640 W/ActivityManager( 1626): 	at android.app.IActivityManager$Stub.onTransact(IActivityManager.java:2824)
12-14 03:38:43.640 W/ActivityManager( 1626): 	at com.android.server.am.ActivityManagerService.onTransact(ActivityManagerService.java:2935)
12-14 03:38:43.640 W/ActivityManager( 1626): 	at android.os.Binder.execTransact(Binder.java:674)
12-14 03:38:43.649 W/ActivityManager( 1626): Bad activity token: android.os.BinderProxy@d99e47d
12-14 03:38:43.649 W/ActivityManager( 1626): java.lang.ClassCastException: android.os.BinderProxy cannot be cast to com.android.server.am.ActivityRecord$Token
12-14 03:38:43.649 W/ActivityManager( 1626): 	at com.android.server.am.ActivityRecord.forTokenLocked(ActivityRecord.java:778)
12-14 03:38:43.649 W/ActivityManager( 1626): 	at com.android.server.am.ActivityRecord.isInStackLocked(ActivityRecord.java:2085)
12-14 03:38:43.649 W/ActivityManager( 1626): 	at com.android.server.am.ActivityRecord.getStackLocked(ActivityRecord.java:2090)
12-14 03:38:43.649 W/ActivityManager( 1626): 	at com.android.server.am.ActivityManagerService.getActivityStackId(ActivityManagerService.java:10417)
12-14 03:38:43.649 W/ActivityManager( 1626): 	at android.app.IActivityManager$Stub.onTransact(IActivityManager.java:3548)
12-14 03:38:43.649 W/ActivityManager( 1626): 	at com.android.server.am.ActivityManagerService.onTransact(ActivityManagerService.java:2935)
12-14 03:38:43.649 W/ActivityManager( 1626): 	at android.os.Binder.execTransact(Binder.java:674)
12-14 03:38:43.658 D/EGL_emulation( 1729): eglMakeCurrent: 0x95cdb340: ver 3 0 (tinfo 0xa6aeec60)
12-14 03:38:43.682 I/chatty  ( 1729): uid=10028(u0_a28) RenderThread identical 3 lines
12-14 03:38:43.689 D/EGL_emulation( 1729): eglMakeCurrent: 0x95cdb340: ver 3 0 (tinfo 0xa6aeec60)
12-14 03:38:43.690 V/StatusBar( 1729): setLightsOn(true)
12-14 03:38:43.699 D/EGL_emulation( 1729): eglMakeCurrent: 0x95cdb340: ver 3 0 (tinfo 0xa6aeec60)
12-14 03:38:43.747 I/chatty  ( 1729): uid=10028(u0_a28) RenderThread identical 4 lines
12-14 03:38:43.751 D/EGL_emulation( 1729): eglMakeCurrent: 0x95cdb340: ver 3 0 (tinfo 0xa6aeec60)
12-14 03:38:43.762 E/ContentStoreEUAS( 2217): Failed to commit the deferred actions
12-14 03:38:43.764 D/EGL_emulation( 1729): eglMakeCurrent: 0x95cdb340: ver 3 0 (tinfo 0xa6aeec60)
12-14 03:38:43.846 W/ActivityManager( 1626): Bad activity token: android.os.BinderProxy@d99e47d
12-14 03:38:43.846 W/ActivityManager( 1626): java.lang.ClassCastException: android.os.BinderProxy cannot be cast to com.android.server.am.ActivityRecord$Token
12-14 03:38:43.846 W/ActivityManager( 1626): 	at com.android.server.am.ActivityRecord.forTokenLocked(ActivityRecord.java:778)
12-14 03:38:43.846 W/ActivityManager( 1626): 	at com.android.server.am.ActivityRecord.isInStackLocked(ActivityRecord.java:2085)
12-14 03:38:43.846 W/ActivityManager( 1626): 	at com.android.server.am.ActivityManagerService.getActivityOptions(ActivityManagerService.java:13302)
12-14 03:38:43.846 W/ActivityManager( 1626): 	at android.app.IActivityManager$Stub.onTransact(IActivityManager.java:2910)
12-14 03:38:43.846 W/ActivityManager( 1626): 	at com.android.server.am.ActivityManagerService.onTransact(ActivityManagerService.java:2935)
12-14 03:38:43.846 W/ActivityManager( 1626): 	at android.os.Binder.execTransact(Binder.java:674)
12-14 03:38:43.847 I/chatty  ( 1729): uid=10028(u0_a28) RenderThread identical 9 lines
12-14 03:38:43.848 W/ActivityManager( 1626): Bad activity token: android.os.BinderProxy@d99e47d
12-14 03:38:43.848 W/ActivityManager( 1626): java.lang.ClassCastException: android.os.BinderProxy cannot be cast to com.android.server.am.ActivityRecord$Token
12-14 03:38:43.848 W/ActivityManager( 1626): 	at com.android.server.am.ActivityRecord.forTokenLocked(ActivityRecord.java:778)
12-14 03:38:43.848 W/ActivityManager( 1626): 	at com.android.server.am.ActivityRecord.isInStackLocked(ActivityRecord.java:2085)
12-14 03:38:43.848 W/ActivityManager( 1626): 	at com.android.server.am.ActivityManagerService.getActivityOptions(ActivityManagerService.java:13302)
12-14 03:38:43.848 W/ActivityManager( 1626): 	at android.app.IActivityManager$Stub.onTransact(IActivityManager.java:2910)
12-14 03:38:43.848 W/ActivityManager( 1626): 	at com.android.server.am.ActivityManagerService.onTransact(ActivityManagerService.java:2935)
12-14 03:38:43.848 W/ActivityManager( 1626): 	at android.os.Binder.execTransact(Binder.java:674)
12-14 03:38:43.871 D/EGL_emulation( 1729): eglMakeCurrent: 0x95cdb340: ver 3 0 (tinfo 0xa6aeec60)
12-14 03:38:43.957 V/StatusBar( 1729): setLightsOn(true)
12-14 03:38:43.999 I/zygote  ( 4162): Do partial code cache collection, code=28KB, data=30KB
12-14 03:38:43.999 I/zygote  ( 4162): After code cache collection, code=28KB, data=30KB
12-14 03:38:43.999 I/zygote  ( 4162): Increasing code cache capacity to 128KB
12-14 03:38:44.006 I/zygote  ( 4162): Do partial code cache collection, code=28KB, data=48KB
12-14 03:38:44.007 I/zygote  ( 4162): After code cache collection, code=28KB, data=48KB
12-14 03:38:44.007 I/zygote  ( 4162): Increasing code cache capacity to 256KB
12-14 03:38:44.009 I/zygote  ( 4162): JIT allocated 71KB for compiled code of void android.widget.TextView.<init>(android.content.Context, android.util.AttributeSet, int, int)
12-14 03:38:44.009 I/zygote  ( 4162): Compiler allocated 4MB to compile void android.widget.TextView.<init>(android.content.Context, android.util.AttributeSet, int, int)
12-14 03:38:44.041 V/StatusBar( 1729): setLightsOn(true)
12-14 03:38:44.054 I/chatty  ( 1729): uid=10028(u0_a28) com.android.systemui identical 1 line
12-14 03:38:44.062 V/StatusBar( 1729): setLightsOn(true)
12-14 03:38:44.104 D/gralloc_ranchu( 1396): gralloc_alloc: Creating ashmem region of size 7753728
12-14 03:38:44.126 D/        ( 4162): HostConnection::get() New Host Connection established 0xa6a30dc0, tid 4162
12-14 03:38:44.186 V/StatusBar( 1729): setLightsOn(true)
12-14 03:38:44.189 V/StatusBar( 1729): setLightsOn(true)
12-14 03:38:44.196 I/ActivityManager( 1626): Displayed com.evancharlton.mileage/.Mileage: +637ms
12-14 03:38:44.198 V/StatusBar( 1729): setLightsOn(true)
12-14 03:38:44.232 D/gralloc_ranchu( 1396): gralloc_alloc: Creating ashmem region of size 7753728
12-14 03:38:44.360 V/StatusBar( 1729): setLightsOn(true)
12-14 03:38:44.376 I/chatty  ( 1729): uid=10028(u0_a28) com.android.systemui identical 2 lines
12-14 03:38:44.379 V/StatusBar( 1729): setLightsOn(true)
12-14 03:38:44.407 I/zygote  ( 4162): Do full code cache collection, code=125KB, data=71KB
12-14 03:38:44.408 I/zygote  ( 4162): After code cache collection, code=107KB, data=43KB
12-14 03:38:44.417 W/SurfaceFlinger( 1408): couldn't log to binary event log: overflow.
12-14 03:38:44.486 D/BoundBrokerSvc( 1937): onUnbind: Intent { act=com.google.android.gms.clearcut.service.START cmp=com.google.android.gms/.chimera.PersistentDirectBootAwareApiService }
