12-14 02:26:30.450 E/OpenGLRenderer( 1630): GL error:  GL_INVALID_OPERATION
12-14 02:26:30.451 E/OpenGLRenderer( 1630): GL error:  GL_INVALID_OPERATION
12-14 02:26:30.451 D/EGL_emulation( 2216): eglMakeCurrent: 0x9b9fdaa0: ver 3 0 (tinfo 0xa760b0f0)
12-14 02:26:30.453 E/OpenGLRenderer( 1630): GL error:  GL_INVALID_OPERATION
12-14 02:26:30.460 I/chatty  ( 1630): uid=1000(system) RenderThread identical 49 lines
12-14 02:26:30.462 E/OpenGLRenderer( 1630): GL error:  GL_INVALID_OPERATION
12-14 02:26:30.467 D/EGL_emulation( 1729): eglMakeCurrent: 0x8a653340: ver 3 0 (tinfo 0x99a7bc80)
12-14 02:26:30.467 V/StatusBar( 1729): setLightsOn(true)
12-14 02:26:30.470 E/OpenGLRenderer( 1630): GL error:  GL_INVALID_OPERATION
12-14 02:26:30.472 I/chatty  ( 1630): uid=1000(system) RenderThread identical 9 lines
12-14 02:26:30.472 E/OpenGLRenderer( 1630): GL error:  GL_INVALID_OPERATION
12-14 02:26:30.479 D/EGL_emulation( 1729): eglMakeCurrent: 0x8a653340: ver 3 0 (tinfo 0x99a7bc80)
12-14 02:26:30.484 D/EGL_emulation( 1729): eglMakeCurrent: 0x8a653340: ver 3 0 (tinfo 0x99a7bc80)
12-14 02:26:30.487 E/ContentStoreEUAS( 2216): Failed to commit the deferred actions
12-14 02:26:30.490 E/OpenGLRenderer( 1630): GL error:  GL_INVALID_OPERATION
12-14 02:26:30.499 I/chatty  ( 1630): uid=1000(system) RenderThread identical 43 lines
12-14 02:26:30.499 E/OpenGLRenderer( 1630): GL error:  GL_INVALID_OPERATION
12-14 02:26:30.500 D/EGL_emulation( 1729): eglMakeCurrent: 0x8a653340: ver 3 0 (tinfo 0x99a7bc80)
12-14 02:26:30.500 E/OpenGLRenderer( 1630): GL error:  GL_INVALID_OPERATION
12-14 02:26:30.510 I/chatty  ( 1630): uid=1000(system) RenderThread identical 57 lines
12-14 02:26:30.511 E/OpenGLRenderer( 1630): GL error:  GL_INVALID_OPERATION
12-14 02:26:30.511 D/EGL_emulation( 1729): eglMakeCurrent: 0x8a653340: ver 3 0 (tinfo 0x99a7bc80)
12-14 02:26:30.511 E/OpenGLRenderer( 1630): GL error:  GL_INVALID_OPERATION
12-14 02:26:30.512 I/chatty  ( 1630): uid=1000(system) RenderThread identical 3 lines
12-14 02:26:30.512 V/StatusBar( 1729): setLightsOn(true)
12-14 02:26:30.512 E/OpenGLRenderer( 1630): GL error:  GL_INVALID_OPERATION
12-14 02:26:30.512 E/OpenGLRenderer( 1630): GL error:  GL_INVALID_OPERATION
12-14 02:26:30.524 I/chatty  ( 1630): uid=1000(system) RenderThread identical 108 lines
12-14 02:26:30.526 E/OpenGLRenderer( 1630): GL error:  GL_INVALID_OPERATION
12-14 02:26:30.526 D/EGL_emulation( 1729): eglMakeCurrent: 0x8a653340: ver 3 0 (tinfo 0x99a7bc80)
12-14 02:26:30.529 E/OpenGLRenderer( 1630): GL error:  GL_INVALID_OPERATION
12-14 02:26:30.535 I/chatty  ( 1630): uid=1000(system) RenderThread identical 26 lines
12-14 02:26:30.535 E/OpenGLRenderer( 1630): GL error:  GL_INVALID_OPERATION
12-14 02:26:30.535 D/EGL_emulation( 1729): eglMakeCurrent: 0x8a653340: ver 3 0 (tinfo 0x99a7bc80)
12-14 02:26:30.535 E/OpenGLRenderer( 1630): GL error:  GL_INVALID_OPERATION
12-14 02:26:30.537 I/chatty  ( 1630): uid=1000(system) RenderThread identical 10 lines
12-14 02:26:30.538 E/OpenGLRenderer( 1630): GL error:  GL_INVALID_OPERATION
12-14 02:26:30.538 D/EGL_emulation( 1729): eglMakeCurrent: 0x8a653340: ver 3 0 (tinfo 0x99a7bc80)
12-14 02:26:30.538 E/OpenGLRenderer( 1630): GL error:  GL_INVALID_OPERATION
12-14 02:26:30.541 W/ActivityManager( 1630): Bad activity token: android.os.BinderProxy@b6d1039
12-14 02:26:30.541 W/ActivityManager( 1630): java.lang.ClassCastException: android.os.BinderProxy cannot be cast to com.android.server.am.ActivityRecord$Token
12-14 02:26:30.541 W/ActivityManager( 1630): 	at com.android.server.am.ActivityRecord.forTokenLocked(ActivityRecord.java:778)
12-14 02:26:30.541 W/ActivityManager( 1630): 	at com.android.server.am.ActivityRecord.isInStackLocked(ActivityRecord.java:2085)
12-14 02:26:30.541 W/ActivityManager( 1630): 	at com.android.server.am.ActivityManagerService.getActivityOptions(ActivityManagerService.java:13302)
12-14 02:26:30.541 W/ActivityManager( 1630): 	at android.app.IActivityManager$Stub.onTransact(IActivityManager.java:2910)
12-14 02:26:30.541 W/ActivityManager( 1630): 	at com.android.server.am.ActivityManagerService.onTransact(ActivityManagerService.java:2935)
12-14 02:26:30.541 W/ActivityManager( 1630): 	at android.os.Binder.execTransact(Binder.java:674)
12-14 02:26:30.542 W/ActivityManager( 1630): Bad activity token: android.os.BinderProxy@b6d1039
12-14 02:26:30.542 W/ActivityManager( 1630): java.lang.ClassCastException: android.os.BinderProxy cannot be cast to com.android.server.am.ActivityRecord$Token
12-14 02:26:30.542 W/ActivityManager( 1630): 	at com.android.server.am.ActivityRecord.forTokenLocked(ActivityRecord.java:778)
12-14 02:26:30.542 W/ActivityManager( 1630): 	at com.android.server.am.ActivityRecord.isInStackLocked(ActivityRecord.java:2085)
12-14 02:26:30.542 W/ActivityManager( 1630): 	at com.android.server.am.ActivityManagerService.getActivityOptions(ActivityManagerService.java:13302)
12-14 02:26:30.542 W/ActivityManager( 1630): 	at android.app.IActivityManager$Stub.onTransact(IActivityManager.java:2910)
12-14 02:26:30.542 W/ActivityManager( 1630): 	at com.android.server.am.ActivityManagerService.onTransact(ActivityManagerService.java:2935)
12-14 02:26:30.542 W/ActivityManager( 1630): 	at android.os.Binder.execTransact(Binder.java:674)
12-14 02:26:30.549 I/chatty  ( 1630): uid=1000(system) RenderThread identical 33 lines
12-14 02:26:30.549 E/OpenGLRenderer( 1630): GL error:  GL_INVALID_OPERATION
12-14 02:26:30.549 D/EGL_emulation( 1729): eglMakeCurrent: 0x8a653340: ver 3 0 (tinfo 0x99a7bc80)
12-14 02:26:30.550 E/OpenGLRenderer( 1630): GL error:  GL_INVALID_OPERATION
12-14 02:26:30.552 I/chatty  ( 1630): uid=1000(system) RenderThread identical 11 lines
12-14 02:26:30.552 E/OpenGLRenderer( 1630): GL error:  GL_INVALID_OPERATION
12-14 02:26:30.552 D/EGL_emulation( 1729): eglMakeCurrent: 0x8a653340: ver 3 0 (tinfo 0x99a7bc80)
12-14 02:26:30.553 E/OpenGLRenderer( 1630): GL error:  GL_INVALID_OPERATION
12-14 02:26:30.567 I/chatty  ( 1630): uid=1000(system) RenderThread identical 66 lines
12-14 02:26:30.567 E/OpenGLRenderer( 1630): GL error:  GL_INVALID_OPERATION
12-14 02:26:30.567 D/EGL_emulation( 1729): eglMakeCurrent: 0x8a653340: ver 3 0 (tinfo 0x99a7bc80)
12-14 02:26:30.567 E/OpenGLRenderer( 1630): GL error:  GL_INVALID_OPERATION
12-14 02:26:30.570 I/chatty  ( 1630): uid=1000(system) RenderThread identical 14 lines
12-14 02:26:30.570 E/OpenGLRenderer( 1630): GL error:  GL_INVALID_OPERATION
12-14 02:26:30.571 D/EGL_emulation( 1729): eglMakeCurrent: 0x8a653340: ver 3 0 (tinfo 0x99a7bc80)
12-14 02:26:30.571 E/OpenGLRenderer( 1630): GL error:  GL_INVALID_OPERATION
12-14 02:26:30.572 I/chatty  ( 1630): uid=1000(system) RenderThread identical 5 lines
12-14 02:26:30.572 E/OpenGLRenderer( 1630): GL error:  GL_INVALID_OPERATION
12-14 02:26:30.572 D/EGL_emulation( 1729): eglMakeCurrent: 0x8a653340: ver 3 0 (tinfo 0x99a7bc80)
12-14 02:26:30.572 E/OpenGLRenderer( 1630): GL error:  GL_INVALID_OPERATION
12-14 02:26:30.582 I/chatty  ( 1630): uid=1000(system) RenderThread identical 26 lines
12-14 02:26:30.582 E/OpenGLRenderer( 1630): GL error:  GL_INVALID_OPERATION
12-14 02:26:30.583 D/EGL_emulation( 1729): eglMakeCurrent: 0x8a653340: ver 3 0 (tinfo 0x99a7bc80)
12-14 02:26:30.583 E/OpenGLRenderer( 1630): GL error:  GL_INVALID_OPERATION
12-14 02:26:30.619 I/chatty  ( 1630): uid=1000(system) RenderThread identical 190 lines
12-14 02:26:30.619 E/OpenGLRenderer( 1630): GL error:  GL_INVALID_OPERATION
12-14 02:26:30.619 D/EGL_emulation( 1729): eglMakeCurrent: 0x8a653340: ver 3 0 (tinfo 0x99a7bc80)
12-14 02:26:30.619 E/OpenGLRenderer( 1630): GL error:  GL_INVALID_OPERATION
12-14 02:26:30.635 I/chatty  ( 1630): uid=1000(system) RenderThread identical 37 lines
12-14 02:26:30.635 E/OpenGLRenderer( 1630): GL error:  GL_INVALID_OPERATION
12-14 02:26:30.635 D/EGL_emulation( 1729): eglMakeCurrent: 0x8a653340: ver 3 0 (tinfo 0x99a7bc80)
12-14 02:26:30.635 E/OpenGLRenderer( 1630): GL error:  GL_INVALID_OPERATION
12-14 02:26:30.638 I/chatty  ( 1630): uid=1000(system) RenderThread identical 11 lines
12-14 02:26:30.638 E/OpenGLRenderer( 1630): GL error:  GL_INVALID_OPERATION
12-14 02:26:30.638 D/EGL_emulation( 1729): eglMakeCurrent: 0x8a653340: ver 3 0 (tinfo 0x99a7bc80)
12-14 02:26:30.638 E/OpenGLRenderer( 1630): GL error:  GL_INVALID_OPERATION
12-14 02:26:30.638 I/chatty  ( 1630): uid=1000(system) RenderThread identical 2 lines
12-14 02:26:30.638 E/OpenGLRenderer( 1630): GL error:  GL_INVALID_OPERATION
12-14 02:26:30.638 V/StatusBar( 1729): setLightsOn(true)
12-14 02:26:30.639 E/OpenGLRenderer( 1630): GL error:  GL_INVALID_OPERATION
12-14 02:26:30.651 I/chatty  ( 1630): uid=1000(system) RenderThread identical 49 lines
12-14 02:26:30.651 E/OpenGLRenderer( 1630): GL error:  GL_INVALID_OPERATION
12-14 02:26:30.651 D/EGL_emulation( 1729): eglMakeCurrent: 0x8a653340: ver 3 0 (tinfo 0x99a7bc80)
12-14 02:26:30.651 E/OpenGLRenderer( 1630): GL error:  GL_INVALID_OPERATION
12-14 02:26:30.654 I/chatty  ( 1630): uid=1000(system) RenderThread identical 17 lines
12-14 02:26:30.654 E/OpenGLRenderer( 1630): GL error:  GL_INVALID_OPERATION
12-14 02:26:30.654 D/EGL_emulation( 1729): eglMakeCurrent: 0x8a653340: ver 3 0 (tinfo 0x99a7bc80)
12-14 02:26:30.654 E/OpenGLRenderer( 1630): GL error:  GL_INVALID_OPERATION
12-14 02:26:30.665 I/chatty  ( 1630): uid=1000(system) RenderThread identical 31 lines
12-14 02:26:30.665 E/OpenGLRenderer( 1630): GL error:  GL_INVALID_OPERATION
12-14 02:26:30.665 D/EGL_emulation( 1729): eglMakeCurrent: 0x8a653340: ver 3 0 (tinfo 0x99a7bc80)
12-14 02:26:30.665 E/OpenGLRenderer( 1630): GL error:  GL_INVALID_OPERATION
12-14 02:26:30.675 I/chatty  ( 1630): uid=1000(system) RenderThread identical 48 lines
12-14 02:26:30.676 E/OpenGLRenderer( 1630): GL error:  GL_INVALID_OPERATION
12-14 02:26:30.679 E/OpenGLRenderer( 1630): GL error:  GL_INVALID_OPERATION
12-14 02:26:30.685 V/StatusBar( 1729): setLightsOn(true)
12-14 02:26:30.744 I/chatty  ( 1630): uid=1000(system) RenderThread expire 273 lines
12-14 02:26:30.744 E/OpenGLRenderer( 1630): GL error:  GL_INVALID_OPERATION
12-14 02:26:30.749 D/gralloc_ranchu( 1397): gralloc_alloc: Creating ashmem region of size 7753728
12-14 02:26:30.750 E/OpenGLRenderer( 1630): GL error:  GL_INVALID_OPERATION
12-14 02:26:30.754 I/chatty  ( 1630): uid=1000(system) RenderThread identical 19 lines
12-14 02:26:30.754 E/OpenGLRenderer( 1630): GL error:  GL_INVALID_OPERATION
12-14 02:26:30.754 I/zygote  ( 4526): Do partial code cache collection, code=18KB, data=30KB
12-14 02:26:30.754 E/OpenGLRenderer( 1630): GL error:  GL_INVALID_OPERATION
12-14 02:26:30.763 I/chatty  ( 1630): uid=1000(system) RenderThread identical 19 lines
12-14 02:26:30.763 E/OpenGLRenderer( 1630): GL error:  GL_INVALID_OPERATION
12-14 02:26:30.764 I/zygote  ( 4526): After code cache collection, code=18KB, data=30KB
12-14 02:26:30.764 I/zygote  ( 4526): Increasing code cache capacity to 128KB
12-14 02:26:30.764 E/OpenGLRenderer( 1630): GL error:  GL_INVALID_OPERATION
12-14 02:26:30.773 I/chatty  ( 1630): uid=1000(system) RenderThread identical 52 lines
12-14 02:26:30.773 E/OpenGLRenderer( 1630): GL error:  GL_INVALID_OPERATION
12-14 02:26:30.773 D/        ( 4526): HostConnection::get() New Host Connection established 0x9b6afd40, tid 4526
12-14 02:26:30.773 E/OpenGLRenderer( 1630): GL error:  GL_INVALID_OPERATION
12-14 02:26:30.820 I/chatty  ( 1630): uid=1000(system) RenderThread identical 103 lines
12-14 02:26:30.820 E/OpenGLRenderer( 1630): GL error:  GL_INVALID_OPERATION
12-14 02:26:30.820 I/zygote  ( 4526): Background concurrent copying GC freed 21355(986KB) AllocSpace objects, 9(180KB) LOS objects, 58% free, 1087KB/2MB, paused 1.377ms total 211.727ms
12-14 02:26:30.820 E/OpenGLRenderer( 1630): GL error:  GL_INVALID_OPERATION
12-14 02:26:30.836 I/chatty  ( 1630): uid=1000(system) RenderThread identical 45 lines
12-14 02:26:30.836 E/OpenGLRenderer( 1630): GL error:  GL_INVALID_OPERATION
12-14 02:26:30.837 V/StatusBar( 1729): setLightsOn(true)
12-14 02:26:30.837 E/OpenGLRenderer( 1630): GL error:  GL_INVALID_OPERATION
12-14 02:26:30.838 I/chatty  ( 1630): uid=1000(system) RenderThread identical 2 lines
12-14 02:26:30.838 E/OpenGLRenderer( 1630): GL error:  GL_INVALID_OPERATION
12-14 02:26:30.838 V/StatusBar( 1729): setLightsOn(true)
12-14 02:26:30.838 E/OpenGLRenderer( 1630): GL error:  GL_INVALID_OPERATION
12-14 02:26:30.840 I/chatty  ( 1630): uid=1000(system) RenderThread identical 4 lines
12-14 02:26:30.840 E/OpenGLRenderer( 1630): GL error:  GL_INVALID_OPERATION
12-14 02:26:30.841 I/ActivityManager( 1630): Displayed com.evancharlton.mileage/.Mileage: +472ms
12-14 02:26:30.841 E/OpenGLRenderer( 1630): GL error:  GL_INVALID_OPERATION
12-14 02:26:30.849 I/chatty  ( 1630): uid=1000(system) RenderThread identical 32 lines
12-14 02:26:30.849 E/OpenGLRenderer( 1630): GL error:  GL_INVALID_OPERATION
12-14 02:26:30.850 V/StatusBar( 1729): setLightsOn(true)
12-14 02:26:30.851 E/OpenGLRenderer( 1630): GL error:  GL_INVALID_OPERATION
12-14 02:26:30.862 I/chatty  ( 1630): uid=1000(system) RenderThread identical 37 lines
12-14 02:26:30.862 E/OpenGLRenderer( 1630): GL error:  GL_INVALID_OPERATION
12-14 02:26:30.863 V/StatusBar( 1729): setLightsOn(true)
12-14 02:26:30.863 E/OpenGLRenderer( 1630): GL error:  GL_INVALID_OPERATION
12-14 02:26:30.892 I/chatty  ( 1630): uid=1000(system) RenderThread identical 92 lines
12-14 02:26:30.894 E/OpenGLRenderer( 1630): GL error:  GL_INVALID_OPERATION
12-14 02:26:30.894 V/StatusBar( 1729): setLightsOn(true)
12-14 02:26:30.894 E/OpenGLRenderer( 1630): GL error:  GL_INVALID_OPERATION
12-14 02:26:30.906 I/chatty  ( 1630): uid=1000(system) RenderThread identical 50 lines
12-14 02:26:30.907 E/OpenGLRenderer( 1630): GL error:  GL_INVALID_OPERATION
12-14 02:26:30.907 D/gralloc_ranchu( 1397): gralloc_alloc: Creating ashmem region of size 7753728
12-14 02:26:30.907 E/OpenGLRenderer( 1630): GL error:  GL_INVALID_OPERATION
12-14 02:26:31.031 I/chatty  ( 1630): uid=1000(system) RenderThread identical 349 lines
12-14 02:26:31.032 E/OpenGLRenderer( 1630): GL error:  GL_INVALID_OPERATION
12-14 02:26:31.032 V/StatusBar( 1729): setLightsOn(true)
12-14 02:26:31.033 E/OpenGLRenderer( 1630): GL error:  GL_INVALID_OPERATION
12-14 02:26:31.131 I/chatty  ( 1630): uid=1000(system) RenderThread identical 347 lines
12-14 02:26:31.131 I/zygote  ( 4526): Do partial code cache collection, code=24KB, data=54KB
12-14 02:26:31.131 E/OpenGLRenderer( 1630): GL error:  GL_INVALID_OPERATION
12-14 02:26:31.131 E/OpenGLRenderer( 1630): GL error:  GL_INVALID_OPERATION
12-14 02:26:31.133 I/chatty  ( 1630): uid=1000(system) RenderThread identical 4 lines
12-14 02:26:31.133 E/OpenGLRenderer( 1630): GL error:  GL_INVALID_OPERATION
12-14 02:26:31.133 I/zygote  ( 4526): After code cache collection, code=24KB, data=54KB
12-14 02:26:31.133 I/zygote  ( 4526): Increasing code cache capacity to 256KB
12-14 02:26:31.133 E/OpenGLRenderer( 1630): GL error:  GL_INVALID_OPERATION
12-14 02:26:31.133 E/OpenGLRenderer( 1630): GL error:  GL_INVALID_OPERATION
12-14 02:26:31.136 I/chatty  ( 1630): uid=1000(system) RenderThread identical 8 lines
12-14 02:26:31.136 E/OpenGLRenderer( 1630): GL error:  GL_INVALID_OPERATION
12-14 02:26:31.136 I/zygote  ( 4526): JIT allocated 71KB for compiled code of void android.widget.TextView.<init>(android.content.Context, android.util.AttributeSet, int, int)
12-14 02:26:31.136 I/zygote  ( 4526): Compiler allocated 4MB to compile void android.widget.TextView.<init>(android.content.Context, android.util.AttributeSet, int, int)
12-14 02:26:31.136 E/OpenGLRenderer( 1630): GL error:  GL_INVALID_OPERATION
12-14 02:26:31.137 E/OpenGLRenderer( 1630): GL error:  GL_INVALID_OPERATION
12-14 02:26:31.170 I/chatty  ( 1630): uid=1000(system) RenderThread identical 113 lines
12-14 02:26:31.170 E/OpenGLRenderer( 1630): GL error:  GL_INVALID_OPERATION
12-14 02:26:31.170 I/System.out( 4526): URI: //gesture
12-14 02:26:31.170 E/OpenGLRenderer( 1630): GL error:  GL_INVALID_OPERATION
12-14 02:26:31.171 I/System.out( 4526): params: {json={"query_timeout":5.0,"gestures":[{"query_string":"android.widget.TabWidget descendant TextView index:1","touches":[{"x":50,"y":50,"offset_x":0,"offset_y":0,"wait":0.0,"time":0.2,"release":true,"query_string":null}]}]}
12-14 02:26:31.171 I/System.out( 4526): }
12-14 02:26:31.171 E/OpenGLRenderer( 1630): GL error:  GL_INVALID_OPERATION
12-14 02:26:31.180 I/chatty  ( 1630): uid=1000(system) RenderThread identical 30 lines
12-14 02:26:31.180 E/OpenGLRenderer( 1630): GL error:  GL_INVALID_OPERATION
12-14 02:26:31.181 V/StatusBar( 1729): setLightsOn(true)
12-14 02:26:31.182 E/OpenGLRenderer( 1630): GL error:  GL_INVALID_OPERATION
12-14 02:26:31.201 I/chatty  ( 1630): uid=1000(system) RenderThread identical 54 lines
12-14 02:26:31.201 E/OpenGLRenderer( 1630): GL error:  GL_INVALID_OPERATION
12-14 02:26:31.201 V/StatusBar( 1729): setLightsOn(true)
12-14 02:26:31.201 E/OpenGLRenderer( 1630): GL error:  GL_INVALID_OPERATION
12-14 02:26:31.209 I/chatty  ( 1630): uid=1000(system) RenderThread identical 24 lines
12-14 02:26:31.210 E/OpenGLRenderer( 1630): GL error:  GL_INVALID_OPERATION
12-14 02:26:31.210 W/SurfaceFlinger( 1407): couldn't log to binary event log: overflow.
12-14 02:26:31.210 E/OpenGLRenderer( 1630): GL error:  GL_INVALID_OPERATION
12-14 02:26:31.210 W/SurfaceFlinger( 1407): couldn't log to binary event log: overflow.
12-14 02:26:31.210 E/OpenGLRenderer( 1630): GL error:  GL_INVALID_OPERATION
12-14 02:26:31.304 I/chatty  ( 1630): uid=1000(system) RenderThread identical 340 lines
12-14 02:26:31.304 E/OpenGLRenderer( 1630): GL error:  GL_INVALID_OPERATION
12-14 02:26:31.304 I/PBSessionCacheImpl( 2216): Deleted sessionId[8880891806835] from persistence.
12-14 02:26:31.304 E/OpenGLRenderer( 1630): GL error:  GL_INVALID_OPERATION
12-14 02:26:31.336 I/chatty  ( 1630): uid=1000(system) RenderThread identical 123 lines
12-14 02:26:31.337 E/OpenGLRenderer( 1630): GL error:  GL_INVALID_OPERATION
12-14 02:26:31.337 W/SearchService( 2216): Abort, client detached.
12-14 02:26:31.338 E/OpenGLRenderer( 1630): GL error:  GL_INVALID_OPERATION
12-14 02:26:31.381 I/chatty  ( 1630): uid=1000(system) RenderThread identical 181 lines
12-14 02:26:31.381 E/OpenGLRenderer( 1630): GL error:  GL_INVALID_OPERATION
12-14 02:26:31.381 I/zygote  ( 2216): Do full code cache collection, code=504KB, data=349KB
12-14 02:26:31.381 E/OpenGLRenderer( 1630): GL error:  GL_INVALID_OPERATION
12-14 02:26:31.381 E/OpenGLRenderer( 1630): GL error:  GL_INVALID_OPERATION
12-14 02:26:31.381 I/zygote  ( 2216): After code cache collection, code=495KB, data=315KB
12-14 02:26:31.381 E/OpenGLRenderer( 1630): GL error:  GL_INVALID_OPERATION
12-14 02:26:31.542 I/chatty  ( 1630): uid=1000(system) RenderThread identical 598 lines
12-14 02:26:31.542 E/OpenGLRenderer( 1630): GL error:  GL_INVALID_OPERATION
12-14 02:26:31.542 I/zygote  ( 4526): Do full code cache collection, code=122KB, data=75KB
12-14 02:26:31.543 E/OpenGLRenderer( 1630): GL error:  GL_INVALID_OPERATION
12-14 02:26:31.546 I/chatty  ( 1630): uid=1000(system) RenderThread identical 7 lines
12-14 02:26:31.546 E/OpenGLRenderer( 1630): GL error:  GL_INVALID_OPERATION
12-14 02:26:31.547 I/zygote  ( 4526): After code cache collection, code=110KB, data=51KB
12-14 02:26:31.548 E/OpenGLRenderer( 1630): GL error:  GL_INVALID_OPERATION
12-14 02:26:31.710 I/chatty  ( 1630): uid=1000(system) RenderThread identical 981 lines
12-14 02:26:31.713 E/OpenGLRenderer( 1630): GL error:  GL_INVALID_OPERATION
12-14 02:26:31.720 W/ActivityManager( 1630): Bad activity token: android.os.BinderProxy@456e0eb
12-14 02:26:31.720 W/ActivityManager( 1630): java.lang.ClassCastException: android.os.BinderProxy cannot be cast to com.android.server.am.ActivityRecord$Token
12-14 02:26:31.720 W/ActivityManager( 1630): 	at com.android.server.am.ActivityRecord.forTokenLocked(ActivityRecord.java:778)
12-14 02:26:31.720 W/ActivityManager( 1630): 	at com.android.server.am.ActivityRecord.isInStackLocked(ActivityRecord.java:2085)
12-14 02:26:31.720 W/ActivityManager( 1630): 	at com.android.server.am.ActivityRecord.getStackLocked(ActivityRecord.java:2090)
12-14 02:26:31.720 W/ActivityManager( 1630): 	at com.android.server.am.ActivityManagerService.getActivityDisplayId(ActivityManagerService.java:10406)
12-14 02:26:31.720 W/ActivityManager( 1630): 	at android.app.IActivityManager$Stub.onTransact(IActivityManager.java:2738)
12-14 02:26:31.720 W/ActivityManager( 1630): 	at com.android.server.am.ActivityManagerService.onTransact(ActivityManagerService.java:2935)
12-14 02:26:31.720 W/ActivityManager( 1630): 	at android.os.Binder.execTransact(Binder.java:674)
12-14 02:26:31.721 I/calabash( 4526): newActivity1
12-14 02:26:31.723 W/ActivityManager( 1630): Bad activity token: android.os.BinderProxy@456e0eb
12-14 02:26:31.723 W/ActivityManager( 1630): java.lang.ClassCastException: android.os.BinderProxy cannot be cast to com.android.server.am.ActivityRecord$Token
12-14 02:26:31.723 W/ActivityManager( 1630): 	at com.android.server.am.ActivityRecord.forTokenLocked(ActivityRecord.java:778)
12-14 02:26:31.723 W/ActivityManager( 1630): 	at com.android.server.am.ActivityRecord.isInStackLocked(ActivityRecord.java:2085)
12-14 02:26:31.723 W/ActivityManager( 1630): 	at com.android.server.am.ActivityManagerService.setTaskDescription(ActivityManagerService.java:9988)
12-14 02:26:31.723 W/ActivityManager( 1630): 	at android.app.IActivityManager$Stub.onTransact(IActivityManager.java:2824)
12-14 02:26:31.723 W/ActivityManager( 1630): 	at com.android.server.am.ActivityManagerService.onTransact(ActivityManagerService.java:2935)
12-14 02:26:31.723 W/ActivityManager( 1630): 	at android.os.Binder.execTransact(Binder.java:674)
12-14 02:26:31.725 W/ActivityManager( 1630): Bad activity token: android.os.BinderProxy@456e0eb
12-14 02:26:31.725 W/ActivityManager( 1630): java.lang.ClassCastException: android.os.BinderProxy cannot be cast to com.android.server.am.ActivityRecord$Token
12-14 02:26:31.725 W/ActivityManager( 1630): 	at com.android.server.am.ActivityRecord.forTokenLocked(ActivityRecord.java:778)
12-14 02:26:31.725 W/ActivityManager( 1630): 	at com.android.server.am.ActivityRecord.isInStackLocked(ActivityRecord.java:2085)
12-14 02:26:31.725 W/ActivityManager( 1630): 	at com.android.server.am.ActivityRecord.getStackLocked(ActivityRecord.java:2090)
12-14 02:26:31.725 W/ActivityManager( 1630): 	at com.android.server.am.ActivityManagerService.getActivityStackId(ActivityManagerService.java:10417)
12-14 02:26:31.725 W/ActivityManager( 1630): 	at android.app.IActivityManager$Stub.onTransact(IActivityManager.java:3548)
12-14 02:26:31.725 W/ActivityManager( 1630): 	at com.android.server.am.ActivityManagerService.onTransact(ActivityManagerService.java:2935)
12-14 02:26:31.725 W/ActivityManager( 1630): 	at android.os.Binder.execTransact(Binder.java:674)
12-14 02:26:31.728 W/audio_hw_generic( 1391): Not supplying enough data to HAL, expected position 601527 , only wrote 601200
12-14 02:26:31.735 E/OpenGLRenderer( 1630): GL error:  GL_INVALID_OPERATION
12-14 02:26:31.812 W/ActivityManager( 1630): Bad activity token: android.os.BinderProxy@456e0eb
12-14 02:26:31.812 W/ActivityManager( 1630): java.lang.ClassCastException: android.os.BinderProxy cannot be cast to com.android.server.am.ActivityRecord$Token
12-14 02:26:31.812 W/ActivityManager( 1630): 	at com.android.server.am.ActivityRecord.forTokenLocked(ActivityRecord.java:778)
12-14 02:26:31.812 W/ActivityManager( 1630): 	at com.android.server.am.ActivityRecord.isInStackLocked(ActivityRecord.java:2085)
12-14 02:26:31.812 W/ActivityManager( 1630): 	at com.android.server.am.ActivityManagerService.getActivityOptions(ActivityManagerService.java:13302)
12-14 02:26:31.812 W/ActivityManager( 1630): 	at android.app.IActivityManager$Stub.onTransact(IActivityManager.java:2910)
12-14 02:26:31.812 W/ActivityManager( 1630): 	at com.android.server.am.ActivityManagerService.onTransact(ActivityManagerService.java:2935)
12-14 02:26:31.812 W/ActivityManager( 1630): 	at android.os.Binder.execTransact(Binder.java:674)
12-14 02:26:31.813 W/ActivityManager( 1630): Bad activity token: android.os.BinderProxy@456e0eb
12-14 02:26:31.813 W/ActivityManager( 1630): java.lang.ClassCastException: android.os.BinderProxy cannot be cast to com.android.server.am.ActivityRecord$Token
12-14 02:26:31.813 W/ActivityManager( 1630): 	at com.android.server.am.ActivityRecord.forTokenLocked(ActivityRecord.java:778)
12-14 02:26:31.813 W/ActivityManager( 1630): 	at com.android.server.am.ActivityRecord.isInStackLocked(ActivityRecord.java:2085)
12-14 02:26:31.813 W/ActivityManager( 1630): 	at com.android.server.am.ActivityManagerService.getActivityOptions(ActivityManagerService.java:13302)
12-14 02:26:31.813 W/ActivityManager( 1630): 	at android.app.IActivityManager$Stub.onTransact(IActivityManager.java:2910)
12-14 02:26:31.813 W/ActivityManager( 1630): 	at com.android.server.am.ActivityManagerService.onTransact(ActivityManagerService.java:2935)
12-14 02:26:31.813 W/ActivityManager( 1630): 	at android.os.Binder.execTransact(Binder.java:674)
12-14 02:26:31.843 I/chatty  ( 1630): uid=1000(system) RenderThread identical 366 lines
12-14 02:26:31.844 E/OpenGLRenderer( 1630): GL error:  GL_INVALID_OPERATION
12-14 02:26:31.844 I/zygote  ( 4526): Background concurrent copying GC freed 27375(1245KB) AllocSpace objects, 4(80KB) LOS objects, 50% free, 1766KB/3MB, paused 647us total 108.963ms
12-14 02:26:31.844 E/OpenGLRenderer( 1630): GL error:  GL_INVALID_OPERATION
12-14 02:26:31.951 I/chatty  ( 1630): uid=1000(system) RenderThread identical 318 lines
12-14 02:26:31.951 E/OpenGLRenderer( 1630): GL error:  GL_INVALID_OPERATION
12-14 02:26:31.951 D/gralloc_ranchu( 1397): gralloc_alloc: Creating ashmem region of size 7753728
12-14 02:26:31.952 E/OpenGLRenderer( 1630): GL error:  GL_INVALID_OPERATION
12-14 02:26:31.965 I/chatty  ( 1630): uid=1000(system) RenderThread identical 19 lines
12-14 02:26:31.966 E/OpenGLRenderer( 1630): GL error:  GL_INVALID_OPERATION
12-14 02:26:31.966 D/Mileage ( 4526): Not enough fillups to calculate economy
12-14 02:26:31.966 E/OpenGLRenderer( 1630): GL error:  GL_INVALID_OPERATION
12-14 02:26:32.239 I/chatty  ( 1630): uid=1000(system) RenderThread identical 739 lines
12-14 02:26:32.239 E/OpenGLRenderer( 1630): GL error:  GL_INVALID_OPERATION
12-14 02:26:32.239 E/SurfaceFlinger( 1407): ro.sf.lcd_density must be defined as a build property
12-14 02:26:32.239 E/OpenGLRenderer( 1630): GL error:  GL_INVALID_OPERATION
12-14 02:26:32.252 I/chatty  ( 1630): uid=1000(system) RenderThread identical 66 lines
12-14 02:26:32.252 E/OpenGLRenderer( 1630): GL error:  GL_INVALID_OPERATION
12-14 02:26:32.253 D/gralloc_ranchu( 1397): gralloc_alloc: Creating ashmem region of size 8298496
12-14 02:26:32.253 E/OpenGLRenderer( 1630): GL error:  GL_INVALID_OPERATION
12-14 02:26:32.262 I/chatty  ( 1630): uid=1000(system) RenderThread identical 28 lines
12-14 02:26:32.263 E/OpenGLRenderer( 1630): GL error:  GL_INVALID_OPERATION
12-14 02:26:32.263 D/        ( 4568): HostConnection::get() New Host Connection established 0xaeaaf800, tid 4568
12-14 02:26:32.263 E/OpenGLRenderer( 1630): GL error:  GL_INVALID_OPERATION
12-14 02:26:32.678 I/chatty  ( 1630): uid=1000(system) RenderThread identical 1632 lines
12-14 02:26:32.678 E/OpenGLRenderer( 1630): GL error:  GL_INVALID_OPERATION
12-14 02:26:32.678 I/System.out( 4526): URI: //gesture
12-14 02:26:32.679 I/System.out( 4526): params: {json={"query_timeout":5.0,"gestures":[{"query_string":"android.widget.TabWidget descendant TextView index:3","touches":[{"x":50,"y":50,"offset_x":0,"offset_y":0,"wait":0.0,"time":0.2,"release":true,"query_string":null}]}]}
12-14 02:26:32.679 I/System.out( 4526): }
12-14 02:26:32.679 E/OpenGLRenderer( 1630): GL error:  GL_INVALID_OPERATION
12-14 02:26:32.750 I/chatty  ( 1630): uid=1000(system) RenderThread identical 333 lines
12-14 02:26:32.750 E/OpenGLRenderer( 1630): GL error:  GL_INVALID_OPERATION
12-14 02:26:32.751 I/zygote  ( 4526): Do partial code cache collection, code=124KB, data=67KB
12-14 02:26:32.752 I/zygote  ( 4526): After code cache collection, code=124KB, data=67KB
12-14 02:26:32.752 I/zygote  ( 4526): Increasing code cache capacity to 512KB
12-14 02:26:32.752 E/OpenGLRenderer( 1630): GL error:  GL_INVALID_OPERATION
12-14 02:26:32.947 W/ActivityManager( 1630): Bad activity token: android.os.BinderProxy@f4ae1bf
12-14 02:26:32.947 W/ActivityManager( 1630): java.lang.ClassCastException: android.os.BinderProxy cannot be cast to com.android.server.am.ActivityRecord$Token
12-14 02:26:32.947 W/ActivityManager( 1630): 	at com.android.server.am.ActivityRecord.forTokenLocked(ActivityRecord.java:778)
12-14 02:26:32.947 W/ActivityManager( 1630): 	at com.android.server.am.ActivityRecord.isInStackLocked(ActivityRecord.java:2085)
12-14 02:26:32.947 W/ActivityManager( 1630): 	at com.android.server.am.ActivityRecord.getStackLocked(ActivityRecord.java:2090)
12-14 02:26:32.947 W/ActivityManager( 1630): 	at com.android.server.am.ActivityManagerService.getActivityDisplayId(ActivityManagerService.java:10406)
12-14 02:26:32.947 W/ActivityManager( 1630): 	at android.app.IActivityManager$Stub.onTransact(IActivityManager.java:2738)
12-14 02:26:32.947 W/ActivityManager( 1630): 	at com.android.server.am.ActivityManagerService.onTransact(ActivityManagerService.java:2935)
12-14 02:26:32.947 W/ActivityManager( 1630): 	at android.os.Binder.execTransact(Binder.java:674)
12-14 02:26:32.949 I/chatty  ( 1630): uid=1000(system) RenderThread identical 548 lines
12-14 02:26:32.949 E/OpenGLRenderer( 1630): GL error:  GL_INVALID_OPERATION
12-14 02:26:32.949 I/calabash( 4526): newActivity1
12-14 02:26:32.949 E/OpenGLRenderer( 1630): GL error:  GL_INVALID_OPERATION
12-14 02:26:32.954 W/ActivityManager( 1630): Bad activity token: android.os.BinderProxy@f4ae1bf
12-14 02:26:32.954 W/ActivityManager( 1630): java.lang.ClassCastException: android.os.BinderProxy cannot be cast to com.android.server.am.ActivityRecord$Token
12-14 02:26:32.954 W/ActivityManager( 1630): 	at com.android.server.am.ActivityRecord.forTokenLocked(ActivityRecord.java:778)
12-14 02:26:32.954 W/ActivityManager( 1630): 	at com.android.server.am.ActivityRecord.isInStackLocked(ActivityRecord.java:2085)
12-14 02:26:32.954 W/ActivityManager( 1630): 	at com.android.server.am.ActivityManagerService.setTaskDescription(ActivityManagerService.java:9988)
12-14 02:26:32.954 W/ActivityManager( 1630): 	at android.app.IActivityManager$Stub.onTransact(IActivityManager.java:2824)
12-14 02:26:32.954 W/ActivityManager( 1630): 	at com.android.server.am.ActivityManagerService.onTransact(ActivityManagerService.java:2935)
12-14 02:26:32.954 W/ActivityManager( 1630): 	at android.os.Binder.execTransact(Binder.java:674)
12-14 02:26:32.955 W/ActivityManager( 1630): Bad activity token: android.os.BinderProxy@f4ae1bf
12-14 02:26:32.955 W/ActivityManager( 1630): java.lang.ClassCastException: android.os.BinderProxy cannot be cast to com.android.server.am.ActivityRecord$Token
12-14 02:26:32.955 W/ActivityManager( 1630): 	at com.android.server.am.ActivityRecord.forTokenLocked(ActivityRecord.java:778)
12-14 02:26:32.955 W/ActivityManager( 1630): 	at com.android.server.am.ActivityRecord.isInStackLocked(ActivityRecord.java:2085)
12-14 02:26:32.955 W/ActivityManager( 1630): 	at com.android.server.am.ActivityRecord.getStackLocked(ActivityRecord.java:2090)
12-14 02:26:32.955 W/ActivityManager( 1630): 	at com.android.server.am.ActivityManagerService.getActivityStackId(ActivityManagerService.java:10417)
12-14 02:26:32.955 W/ActivityManager( 1630): 	at android.app.IActivityManager$Stub.onTransact(IActivityManager.java:3548)
12-14 02:26:32.955 W/ActivityManager( 1630): 	at com.android.server.am.ActivityManagerService.onTransact(ActivityManagerService.java:2935)
12-14 02:26:32.955 W/ActivityManager( 1630): 	at android.os.Binder.execTransact(Binder.java:674)
12-14 02:26:32.971 W/ActivityManager( 1630): Bad activity token: android.os.BinderProxy@f4ae1bf
12-14 02:26:32.971 W/ActivityManager( 1630): java.lang.ClassCastException: android.os.BinderProxy cannot be cast to com.android.server.am.ActivityRecord$Token
12-14 02:26:32.971 W/ActivityManager( 1630): 	at com.android.server.am.ActivityRecord.forTokenLocked(ActivityRecord.java:778)
12-14 02:26:32.971 W/ActivityManager( 1630): 	at com.android.server.am.ActivityRecord.isInStackLocked(ActivityRecord.java:2085)
12-14 02:26:32.971 W/ActivityManager( 1630): 	at com.android.server.am.ActivityManagerService.getActivityOptions(ActivityManagerService.java:13302)
12-14 02:26:32.971 W/ActivityManager( 1630): 	at android.app.IActivityManager$Stub.onTransact(IActivityManager.java:2910)
12-14 02:26:32.971 W/ActivityManager( 1630): 	at com.android.server.am.ActivityManagerService.onTransact(ActivityManagerService.java:2935)
12-14 02:26:32.971 W/ActivityManager( 1630): 	at android.os.Binder.execTransact(Binder.java:674)
12-14 02:26:32.972 W/ActivityManager( 1630): Bad activity token: android.os.BinderProxy@f4ae1bf
12-14 02:26:32.972 W/ActivityManager( 1630): java.lang.ClassCastException: android.os.BinderProxy cannot be cast to com.android.server.am.ActivityRecord$Token
12-14 02:26:32.972 W/ActivityManager( 1630): 	at com.android.server.am.ActivityRecord.forTokenLocked(ActivityRecord.java:778)
12-14 02:26:32.972 W/ActivityManager( 1630): 	at com.android.server.am.ActivityRecord.isInStackLocked(ActivityRecord.java:2085)
12-14 02:26:32.972 W/ActivityManager( 1630): 	at com.android.server.am.ActivityManagerService.getActivityOptions(ActivityManagerService.java:13302)
12-14 02:26:32.972 W/ActivityManager( 1630): 	at android.app.IActivityManager$Stub.onTransact(IActivityManager.java:2910)
12-14 02:26:32.972 W/ActivityManager( 1630): 	at com.android.server.am.ActivityManagerService.onTransact(ActivityManagerService.java:2935)
12-14 02:26:32.972 W/ActivityManager( 1630): 	at android.os.Binder.execTransact(Binder.java:674)
12-14 02:26:33.189 E/TaskPersister( 1630): File error accessing recents directory (directory doesn't exist?).
12-14 02:26:33.366 I/chatty  ( 1630): uid=1000(system) RenderThread identical 1256 lines
12-14 02:26:33.366 E/OpenGLRenderer( 1630): GL error:  GL_INVALID_OPERATION
12-14 02:26:33.366 E/SurfaceFlinger( 1407): ro.sf.lcd_density must be defined as a build property
12-14 02:26:33.366 E/OpenGLRenderer( 1630): GL error:  GL_INVALID_OPERATION
12-14 02:26:33.378 I/chatty  ( 1630): uid=1000(system) RenderThread identical 48 lines
12-14 02:26:33.378 E/OpenGLRenderer( 1630): GL error:  GL_INVALID_OPERATION
12-14 02:26:33.378 D/gralloc_ranchu( 1397): gralloc_alloc: Creating ashmem region of size 8298496
12-14 02:26:33.379 E/OpenGLRenderer( 1630): GL error:  GL_INVALID_OPERATION
12-14 02:26:33.387 I/chatty  ( 1630): uid=1000(system) RenderThread identical 22 lines
12-14 02:26:33.388 E/OpenGLRenderer( 1630): GL error:  GL_INVALID_OPERATION
12-14 02:26:33.388 D/        ( 4574): HostConnection::get() New Host Connection established 0xac72f800, tid 4574
12-14 02:26:33.388 E/OpenGLRenderer( 1630): GL error:  GL_INVALID_OPERATION
12-14 02:26:33.638 I/chatty  ( 1630): uid=1000(system) RenderThread identical 389 lines
12-14 02:26:33.659 E/OpenGLRenderer( 1630): GL error:  GL_INVALID_OPERATION
12-14 02:26:33.660 I/Dialer  ( 2042): VvmTaskExecutor - executing task com.android.voicemail.impl.ActivationTask@7203127
12-14 02:26:33.661 E/OpenGLRenderer( 1630): GL error:  GL_INVALID_OPERATION
12-14 02:26:33.661 I/chatty  ( 1630): uid=1000(system) RenderThread identical 1 line
12-14 02:26:33.662 E/OpenGLRenderer( 1630): GL error:  GL_INVALID_OPERATION
12-14 02:26:33.662 I/Dialer  ( 2042): PreOMigrationHandler - ComponentInfo{com.android.phone/com.android.services.telephony.TelephonyConnectionService}, [****], UserHandle{0} already migrated
12-14 02:26:33.663 E/OpenGLRenderer( 1630): GL error:  GL_INVALID_OPERATION
12-14 02:26:33.754 I/chatty  ( 1630): uid=1000(system) RenderThread identical 144 lines
12-14 02:26:33.755 E/OpenGLRenderer( 1630): GL error:  GL_INVALID_OPERATION
12-14 02:26:33.755 I/Dialer  ( 2042): VvmActivationTask - VVM content provider configured - vvm_type_cvvm
12-14 02:26:33.755 E/OpenGLRenderer( 1630): GL error:  GL_INVALID_OPERATION
12-14 02:26:33.756 E/OpenGLRenderer( 1630): GL error:  GL_INVALID_OPERATION
12-14 02:26:33.756 I/Dialer  ( 2042): OmtpVvmCarrierCfgHlpr - OmtpEvent:CONFIG_ACTIVATING
12-14 02:26:33.757 E/OpenGLRenderer( 1630): GL error:  GL_INVALID_OPERATION
12-14 02:26:33.803 I/chatty  ( 1630): uid=1000(system) RenderThread identical 58 lines
12-14 02:26:33.803 E/OpenGLRenderer( 1630): GL error:  GL_INVALID_OPERATION
12-14 02:26:33.803 I/Dialer  ( 2042): TelephonyMangerCompat.setVisualVoicemailSmsFilterSettings - using TelephonyManager
12-14 02:26:33.803 E/OpenGLRenderer( 1630): GL error:  GL_INVALID_OPERATION
12-14 02:26:33.814 I/chatty  ( 1630): uid=1000(system) RenderThread identical 19 lines
12-14 02:26:33.814 E/OpenGLRenderer( 1630): GL error:  GL_INVALID_OPERATION
12-14 02:26:33.815 I/Dialer  ( 2042): TelephonyMangerCompat.sendVisualVoicemailSms - using TelephonyManager
12-14 02:26:33.815 E/OpenGLRenderer( 1630): GL error:  GL_INVALID_OPERATION
12-14 02:26:34.001 I/chatty  ( 1630): uid=1000(system) RenderThread identical 618 lines
12-14 02:26:34.001 E/OpenGLRenderer( 1630): GL error:  GL_INVALID_OPERATION
12-14 02:26:34.001 I/System.out( 4526): URI: //gesture
12-14 02:26:34.001 E/OpenGLRenderer( 1630): GL error:  GL_INVALID_OPERATION
12-14 02:26:34.001 I/System.out( 4526): params: {json={"query_timeout":5.0,"gestures":[{"query_string":"android.widget.TabWidget descendant TextView index:2","touches":[{"x":50,"y":50,"offset_x":0,"offset_y":0,"wait":0.0,"time":0.2,"release":true,"query_string":null}]}]}
12-14 02:26:34.001 I/System.out( 4526): }
12-14 02:26:34.001 E/OpenGLRenderer( 1630): GL error:  GL_INVALID_OPERATION
12-14 02:26:34.054 I/chatty  ( 1630): uid=1000(system) RenderThread identical 234 lines
12-14 02:26:34.055 E/OpenGLRenderer( 1630): GL error:  GL_INVALID_OPERATION
12-14 02:26:34.055 I/zygote  ( 4526): Background concurrent copying GC freed 53353(1918KB) AllocSpace objects, 8(160KB) LOS objects, 50% free, 1677KB/3MB, paused 7.035ms total 53.011ms
12-14 02:26:34.055 E/OpenGLRenderer( 1630): GL error:  GL_INVALID_OPERATION
12-14 02:26:34.470 W/ActivityManager( 1630): Bad activity token: android.os.BinderProxy@b5688d
12-14 02:26:34.470 W/ActivityManager( 1630): java.lang.ClassCastException: android.os.BinderProxy cannot be cast to com.android.server.am.ActivityRecord$Token
12-14 02:26:34.470 W/ActivityManager( 1630): 	at com.android.server.am.ActivityRecord.forTokenLocked(ActivityRecord.java:778)
12-14 02:26:34.470 W/ActivityManager( 1630): 	at com.android.server.am.ActivityRecord.isInStackLocked(ActivityRecord.java:2085)
12-14 02:26:34.470 W/ActivityManager( 1630): 	at com.android.server.am.ActivityRecord.getStackLocked(ActivityRecord.java:2090)
12-14 02:26:34.470 W/ActivityManager( 1630): 	at com.android.server.am.ActivityManagerService.getActivityDisplayId(ActivityManagerService.java:10406)
12-14 02:26:34.470 W/ActivityManager( 1630): 	at android.app.IActivityManager$Stub.onTransact(IActivityManager.java:2738)
12-14 02:26:34.470 W/ActivityManager( 1630): 	at com.android.server.am.ActivityManagerService.onTransact(ActivityManagerService.java:2935)
12-14 02:26:34.470 W/ActivityManager( 1630): 	at android.os.Binder.execTransact(Binder.java:674)
12-14 02:26:34.471 I/chatty  ( 1630): uid=1000(system) RenderThread identical 797 lines
12-14 02:26:34.472 E/OpenGLRenderer( 1630): GL error:  GL_INVALID_OPERATION
12-14 02:26:34.473 I/calabash( 4526): newActivity1
12-14 02:26:34.474 E/OpenGLRenderer( 1630): GL error:  GL_INVALID_OPERATION
12-14 02:26:34.655 W/ActivityManager( 1630): Bad activity token: android.os.BinderProxy@b5688d
12-14 02:26:34.655 W/ActivityManager( 1630): java.lang.ClassCastException: android.os.BinderProxy cannot be cast to com.android.server.am.ActivityRecord$Token
12-14 02:26:34.655 W/ActivityManager( 1630): 	at com.android.server.am.ActivityRecord.forTokenLocked(ActivityRecord.java:778)
12-14 02:26:34.655 W/ActivityManager( 1630): 	at com.android.server.am.ActivityRecord.isInStackLocked(ActivityRecord.java:2085)
12-14 02:26:34.655 W/ActivityManager( 1630): 	at com.android.server.am.ActivityManagerService.setTaskDescription(ActivityManagerService.java:9988)
12-14 02:26:34.655 W/ActivityManager( 1630): 	at android.app.IActivityManager$Stub.onTransact(IActivityManager.java:2824)
12-14 02:26:34.655 W/ActivityManager( 1630): 	at com.android.server.am.ActivityManagerService.onTransact(ActivityManagerService.java:2935)
12-14 02:26:34.655 W/ActivityManager( 1630): 	at android.os.Binder.execTransact(Binder.java:674)
12-14 02:26:34.658 W/ActivityManager( 1630): Bad activity token: android.os.BinderProxy@b5688d
12-14 02:26:34.658 W/ActivityManager( 1630): java.lang.ClassCastException: android.os.BinderProxy cannot be cast to com.android.server.am.ActivityRecord$Token
12-14 02:26:34.658 W/ActivityManager( 1630): 	at com.android.server.am.ActivityRecord.forTokenLocked(ActivityRecord.java:778)
12-14 02:26:34.658 W/ActivityManager( 1630): 	at com.android.server.am.ActivityRecord.isInStackLocked(ActivityRecord.java:2085)
12-14 02:26:34.658 W/ActivityManager( 1630): 	at com.android.server.am.ActivityRecord.getStackLocked(ActivityRecord.java:2090)
12-14 02:26:34.658 W/ActivityManager( 1630): 	at com.android.server.am.ActivityManagerService.getActivityStackId(ActivityManagerService.java:10417)
12-14 02:26:34.658 W/ActivityManager( 1630): 	at android.app.IActivityManager$Stub.onTransact(IActivityManager.java:3548)
12-14 02:26:34.658 W/ActivityManager( 1630): 	at com.android.server.am.ActivityManagerService.onTransact(ActivityManagerService.java:2935)
12-14 02:26:34.658 W/ActivityManager( 1630): 	at android.os.Binder.execTransact(Binder.java:674)
12-14 02:26:34.751 I/chatty  ( 1630): uid=1000(system) RenderThread identical 695 lines
12-14 02:26:34.752 D/VehicleStatisticsActivity( 4526): Checking recalculation ...
12-14 02:26:34.752 E/OpenGLRenderer( 1630): GL error:  GL_INVALID_OPERATION
12-14 02:26:34.752 E/OpenGLRenderer( 1630): GL error:  GL_INVALID_OPERATION
12-14 02:26:34.754 I/chatty  ( 1630): uid=1000(system) RenderThread identical 8 lines
12-14 02:26:34.754 E/OpenGLRenderer( 1630): GL error:  GL_INVALID_OPERATION
12-14 02:26:34.755 D/VehicleStatisticsActivity( 4526): Recalculating statistics
12-14 02:26:34.756 D/VehicleStatisticsTask( 4526): Calculation starting...
12-14 02:26:34.756 E/OpenGLRenderer( 1630): GL error:  GL_INVALID_OPERATION
12-14 02:26:34.757 I/chatty  ( 1630): uid=1000(system) RenderThread identical 3 lines
12-14 02:26:34.757 E/OpenGLRenderer( 1630): GL error:  GL_INVALID_OPERATION
12-14 02:26:34.758 D/VehicleStatisticsActivity( 4526): Recalculation started!
12-14 02:26:34.758 E/OpenGLRenderer( 1630): GL error:  GL_INVALID_OPERATION
12-14 02:26:34.763 W/ActivityManager( 1630): Bad activity token: android.os.BinderProxy@b5688d
12-14 02:26:34.763 W/ActivityManager( 1630): java.lang.ClassCastException: android.os.BinderProxy cannot be cast to com.android.server.am.ActivityRecord$Token
12-14 02:26:34.763 W/ActivityManager( 1630): 	at com.android.server.am.ActivityRecord.forTokenLocked(ActivityRecord.java:778)
12-14 02:26:34.763 W/ActivityManager( 1630): 	at com.android.server.am.ActivityRecord.isInStackLocked(ActivityRecord.java:2085)
12-14 02:26:34.763 W/ActivityManager( 1630): 	at com.android.server.am.ActivityManagerService.getActivityOptions(ActivityManagerService.java:13302)
12-14 02:26:34.763 W/ActivityManager( 1630): 	at android.app.IActivityManager$Stub.onTransact(IActivityManager.java:2910)
12-14 02:26:34.763 W/ActivityManager( 1630): 	at com.android.server.am.ActivityManagerService.onTransact(ActivityManagerService.java:2935)
12-14 02:26:34.763 W/ActivityManager( 1630): 	at android.os.Binder.execTransact(Binder.java:674)
12-14 02:26:34.763 W/ActivityManager( 1630): Bad activity token: android.os.BinderProxy@b5688d
12-14 02:26:34.763 W/ActivityManager( 1630): java.lang.ClassCastException: android.os.BinderProxy cannot be cast to com.android.server.am.ActivityRecord$Token
12-14 02:26:34.763 W/ActivityManager( 1630): 	at com.android.server.am.ActivityRecord.forTokenLocked(ActivityRecord.java:778)
12-14 02:26:34.763 W/ActivityManager( 1630): 	at com.android.server.am.ActivityRecord.isInStackLocked(ActivityRecord.java:2085)
12-14 02:26:34.763 W/ActivityManager( 1630): 	at com.android.server.am.ActivityManagerService.getActivityOptions(ActivityManagerService.java:13302)
12-14 02:26:34.763 W/ActivityManager( 1630): 	at android.app.IActivityManager$Stub.onTransact(IActivityManager.java:2910)
12-14 02:26:34.763 W/ActivityManager( 1630): 	at com.android.server.am.ActivityManagerService.onTransact(ActivityManagerService.java:2935)
12-14 02:26:34.763 W/ActivityManager( 1630): 	at android.os.Binder.execTransact(Binder.java:674)
12-14 02:26:34.775 I/chatty  ( 1630): uid=1000(system) RenderThread identical 48 lines
12-14 02:26:34.775 E/OpenGLRenderer( 1630): GL error:  GL_INVALID_OPERATION
12-14 02:26:34.775 D/VehicleStatisticsActivity( 4526): Checking recalculation ...
12-14 02:26:34.775 E/OpenGLRenderer( 1630): GL error:  GL_INVALID_OPERATION
12-14 02:26:34.779 I/chatty  ( 1630): uid=1000(system) RenderThread identical 11 lines
12-14 02:26:34.779 E/OpenGLRenderer( 1630): GL error:  GL_INVALID_OPERATION
12-14 02:26:34.780 D/VehicleStatisticsActivity( 4526): Recalculating statistics
12-14 02:26:34.780 E/OpenGLRenderer( 1630): GL error:  GL_INVALID_OPERATION
12-14 02:26:34.780 D/VehicleStatisticsTask( 4526): Calculation starting...
12-14 02:26:34.780 E/OpenGLRenderer( 1630): GL error:  GL_INVALID_OPERATION
12-14 02:26:34.780 D/VehicleStatisticsActivity( 4526): Recalculation started!
12-14 02:26:34.781 E/OpenGLRenderer( 1630): GL error:  GL_INVALID_OPERATION
12-14 02:26:34.785 I/chatty  ( 1630): uid=1000(system) RenderThread identical 13 lines
12-14 02:26:34.785 E/OpenGLRenderer( 1630): GL error:  GL_INVALID_OPERATION
12-14 02:26:34.785 D/VehicleStatisticsTask( 4526): Not enough fillups to calculate statistics
12-14 02:26:34.785 E/OpenGLRenderer( 1630): GL error:  GL_INVALID_OPERATION
12-14 02:26:34.946 I/chatty  ( 1630): uid=1000(system) RenderThread identical 576 lines
12-14 02:26:34.946 E/OpenGLRenderer( 1630): GL error:  GL_INVALID_OPERATION
12-14 02:26:34.946 D/VehicleStatisticsTask( 4526): Not enough fillups to calculate statistics
12-14 02:26:34.946 E/OpenGLRenderer( 1630): GL error:  GL_INVALID_OPERATION
12-14 02:26:34.992 I/chatty  ( 1630): uid=1000(system) RenderThread identical 91 lines
12-14 02:26:34.993 E/OpenGLRenderer( 1630): GL error:  GL_INVALID_OPERATION
12-14 02:26:34.993 I/zygote  ( 4526): Waiting for a blocking GC ProfileSaver
12-14 02:26:34.993 E/OpenGLRenderer( 1630): GL error:  GL_INVALID_OPERATION
12-14 02:26:35.007 I/chatty  ( 1630): uid=1000(system) RenderThread identical 41 lines
12-14 02:26:35.007 E/OpenGLRenderer( 1630): GL error:  GL_INVALID_OPERATION
12-14 02:26:35.007 E/SurfaceFlinger( 1407): ro.sf.lcd_density must be defined as a build property
12-14 02:26:35.007 E/OpenGLRenderer( 1630): GL error:  GL_INVALID_OPERATION
12-14 02:26:35.033 I/chatty  ( 1630): uid=1000(system) RenderThread identical 83 lines
12-14 02:26:35.033 E/OpenGLRenderer( 1630): GL error:  GL_INVALID_OPERATION
12-14 02:26:35.034 D/VehicleStatisticsTask( 4526): Done recalculating!
12-14 02:26:35.034 E/OpenGLRenderer( 1630): GL error:  GL_INVALID_OPERATION
12-14 02:26:35.039 I/chatty  ( 1630): uid=1000(system) RenderThread identical 23 lines
12-14 02:26:35.040 E/OpenGLRenderer( 1630): GL error:  GL_INVALID_OPERATION
12-14 02:26:35.040 D/VehicleStatisticsAdapter( 4526): Erasing the cache ...
12-14 02:26:35.041 E/OpenGLRenderer( 1630): GL error:  GL_INVALID_OPERATION
12-14 02:26:35.041 D/VehicleStatisticsTask( 4526): Done recalculating!
12-14 02:26:35.042 E/OpenGLRenderer( 1630): GL error:  GL_INVALID_OPERATION
12-14 02:26:35.044 I/chatty  ( 1630): uid=1000(system) RenderThread identical 3 lines
12-14 02:26:35.044 E/OpenGLRenderer( 1630): GL error:  GL_INVALID_OPERATION
12-14 02:26:35.044 D/gralloc_ranchu( 1397): gralloc_alloc: Creating ashmem region of size 8298496
12-14 02:26:35.045 E/OpenGLRenderer( 1630): GL error:  GL_INVALID_OPERATION
12-14 02:26:35.045 E/OpenGLRenderer( 1630): GL error:  GL_INVALID_OPERATION
12-14 02:26:35.046 I/zygote  ( 4526): Background concurrent copying GC freed 42908(1573KB) AllocSpace objects, 3(60KB) LOS objects, 49% free, 1711KB/3MB, paused 2.362ms total 117.751ms
12-14 02:26:35.046 I/zygote  ( 4526): WaitForGcToComplete blocked for 53.682ms for cause ProfileSaver
12-14 02:26:35.047 E/OpenGLRenderer( 1630): GL error:  GL_INVALID_OPERATION
12-14 02:26:35.049 E/OpenGLRenderer( 1630): GL error:  GL_INVALID_OPERATION
12-14 02:26:35.049 D/VehicleStatisticsAdapter( 4526): Building new values ...
12-14 02:26:35.049 E/OpenGLRenderer( 1630): GL error:  GL_INVALID_OPERATION
12-14 02:26:35.051 I/chatty  ( 1630): uid=1000(system) RenderThread identical 1 line
12-14 02:26:35.052 E/OpenGLRenderer( 1630): GL error:  GL_INVALID_OPERATION
12-14 02:26:35.052 D/VehicleStatisticsAdapter( 4526): Writing 29 records to the database ...
12-14 02:26:35.053 E/OpenGLRenderer( 1630): GL error:  GL_INVALID_OPERATION
12-14 02:26:35.061 I/chatty  ( 1630): uid=1000(system) RenderThread identical 29 lines
12-14 02:26:35.061 E/OpenGLRenderer( 1630): GL error:  GL_INVALID_OPERATION
12-14 02:26:35.061 D/        ( 4580): HostConnection::get() New Host Connection established 0xb592f800, tid 4580
12-14 02:26:35.062 E/OpenGLRenderer( 1630): GL error:  GL_INVALID_OPERATION
12-14 02:26:35.067 I/chatty  ( 1630): uid=1000(system) RenderThread identical 15 lines
12-14 02:26:35.067 E/OpenGLRenderer( 1630): GL error:  GL_INVALID_OPERATION
12-14 02:26:35.067 D/VehicleStatisticsAdapter( 4526): Erasing the cache ...
12-14 02:26:35.067 E/OpenGLRenderer( 1630): GL error:  GL_INVALID_OPERATION
12-14 02:26:35.102 I/chatty  ( 1630): uid=1000(system) RenderThread identical 30 lines
