12-14 02:26:40.565 E/OpenGLRenderer( 1630): GL error:  GL_INVALID_OPERATION
12-14 02:26:40.566 E/SurfaceFlinger( 1407): ro.sf.lcd_density must be defined as a build property
12-14 02:26:40.567 E/OpenGLRenderer( 1630): GL error:  GL_INVALID_OPERATION
12-14 02:26:40.609 I/chatty  ( 1630): uid=1000(system) RenderThread identical 113 lines
12-14 02:26:40.609 E/OpenGLRenderer( 1630): GL error:  GL_INVALID_OPERATION
12-14 02:26:40.609 D/gralloc_ranchu( 1397): gralloc_alloc: Creating ashmem region of size 8298496
12-14 02:26:40.610 E/OpenGLRenderer( 1630): GL error:  GL_INVALID_OPERATION
12-14 02:26:40.631 I/chatty  ( 1630): uid=1000(system) RenderThread identical 52 lines
12-14 02:26:40.632 E/OpenGLRenderer( 1630): GL error:  GL_INVALID_OPERATION
12-14 02:26:40.632 D/        ( 4618): HostConnection::get() New Host Connection established 0xb09af800, tid 4618
12-14 02:26:40.632 E/OpenGLRenderer( 1630): GL error:  GL_INVALID_OPERATION
12-14 02:26:41.183 I/chatty  ( 1630): uid=1000(system) RenderThread identical 1207 lines
12-14 02:26:41.184 E/OpenGLRenderer( 1630): GL error:  GL_INVALID_OPERATION
12-14 02:26:41.184 I/System.out( 4526): URI: //gesture
12-14 02:26:41.184 I/System.out( 4526): params: {json={"query_timeout":5.0,"gestures":[{"query_string":"android.widget.TabWidget descendant TextView index:3","touches":[{"x":50,"y":50,"offset_x":0,"offset_y":0,"wait":0.0,"time":0.2,"release":true,"query_string":null}]}]}
12-14 02:26:41.184 E/OpenGLRenderer( 1630): GL error:  GL_INVALID_OPERATION
12-14 02:26:41.184 I/System.out( 4526): }
12-14 02:26:41.464 I/chatty  ( 1630): uid=1000(system) RenderThread expire 930 lines
12-14 02:26:41.465 E/OpenGLRenderer( 1630): GL error:  GL_INVALID_OPERATION
12-14 02:26:41.469 W/ActivityManager( 1630): Bad activity token: android.os.BinderProxy@8126568
12-14 02:26:41.469 W/ActivityManager( 1630): java.lang.ClassCastException: android.os.BinderProxy cannot be cast to com.android.server.am.ActivityRecord$Token
12-14 02:26:41.469 W/ActivityManager( 1630): 	at com.android.server.am.ActivityRecord.forTokenLocked(ActivityRecord.java:778)
12-14 02:26:41.469 W/ActivityManager( 1630): 	at com.android.server.am.ActivityRecord.isInStackLocked(ActivityRecord.java:2085)
12-14 02:26:41.469 W/ActivityManager( 1630): 	at com.android.server.am.ActivityRecord.getStackLocked(ActivityRecord.java:2090)
12-14 02:26:41.469 W/ActivityManager( 1630): 	at com.android.server.am.ActivityManagerService.getActivityDisplayId(ActivityManagerService.java:10406)
12-14 02:26:41.469 W/ActivityManager( 1630): 	at android.app.IActivityManager$Stub.onTransact(IActivityManager.java:2738)
12-14 02:26:41.469 W/ActivityManager( 1630): 	at com.android.server.am.ActivityManagerService.onTransact(ActivityManagerService.java:2935)
12-14 02:26:41.469 W/ActivityManager( 1630): 	at android.os.Binder.execTransact(Binder.java:674)
12-14 02:26:41.470 I/calabash( 4526): newActivity1
12-14 02:26:41.472 E/OpenGLRenderer( 1630): GL error:  GL_INVALID_OPERATION
12-14 02:26:41.473 W/ActivityManager( 1630): Bad activity token: android.os.BinderProxy@8126568
12-14 02:26:41.473 W/ActivityManager( 1630): java.lang.ClassCastException: android.os.BinderProxy cannot be cast to com.android.server.am.ActivityRecord$Token
12-14 02:26:41.473 W/ActivityManager( 1630): 	at com.android.server.am.ActivityRecord.forTokenLocked(ActivityRecord.java:778)
12-14 02:26:41.473 W/ActivityManager( 1630): 	at com.android.server.am.ActivityRecord.isInStackLocked(ActivityRecord.java:2085)
12-14 02:26:41.473 W/ActivityManager( 1630): 	at com.android.server.am.ActivityManagerService.setTaskDescription(ActivityManagerService.java:9988)
12-14 02:26:41.473 W/ActivityManager( 1630): 	at android.app.IActivityManager$Stub.onTransact(IActivityManager.java:2824)
12-14 02:26:41.473 W/ActivityManager( 1630): 	at com.android.server.am.ActivityManagerService.onTransact(ActivityManagerService.java:2935)
12-14 02:26:41.473 W/ActivityManager( 1630): 	at android.os.Binder.execTransact(Binder.java:674)
12-14 02:26:41.473 W/ActivityManager( 1630): Bad activity token: android.os.BinderProxy@8126568
12-14 02:26:41.473 W/ActivityManager( 1630): java.lang.ClassCastException: android.os.BinderProxy cannot be cast to com.android.server.am.ActivityRecord$Token
12-14 02:26:41.473 W/ActivityManager( 1630): 	at com.android.server.am.ActivityRecord.forTokenLocked(ActivityRecord.java:778)
12-14 02:26:41.473 W/ActivityManager( 1630): 	at com.android.server.am.ActivityRecord.isInStackLocked(ActivityRecord.java:2085)
12-14 02:26:41.473 W/ActivityManager( 1630): 	at com.android.server.am.ActivityRecord.getStackLocked(ActivityRecord.java:2090)
12-14 02:26:41.473 W/ActivityManager( 1630): 	at com.android.server.am.ActivityManagerService.getActivityStackId(ActivityManagerService.java:10417)
12-14 02:26:41.473 W/ActivityManager( 1630): 	at android.app.IActivityManager$Stub.onTransact(IActivityManager.java:3548)
12-14 02:26:41.473 W/ActivityManager( 1630): 	at com.android.server.am.ActivityManagerService.onTransact(ActivityManagerService.java:2935)
12-14 02:26:41.473 W/ActivityManager( 1630): 	at android.os.Binder.execTransact(Binder.java:674)
12-14 02:26:41.483 W/ActivityManager( 1630): Bad activity token: android.os.BinderProxy@8126568
12-14 02:26:41.483 W/ActivityManager( 1630): java.lang.ClassCastException: android.os.BinderProxy cannot be cast to com.android.server.am.ActivityRecord$Token
12-14 02:26:41.483 W/ActivityManager( 1630): 	at com.android.server.am.ActivityRecord.forTokenLocked(ActivityRecord.java:778)
12-14 02:26:41.483 W/ActivityManager( 1630): 	at com.android.server.am.ActivityRecord.isInStackLocked(ActivityRecord.java:2085)
12-14 02:26:41.483 W/ActivityManager( 1630): 	at com.android.server.am.ActivityManagerService.getActivityOptions(ActivityManagerService.java:13302)
12-14 02:26:41.483 W/ActivityManager( 1630): 	at android.app.IActivityManager$Stub.onTransact(IActivityManager.java:2910)
12-14 02:26:41.483 W/ActivityManager( 1630): 	at com.android.server.am.ActivityManagerService.onTransact(ActivityManagerService.java:2935)
12-14 02:26:41.483 W/ActivityManager( 1630): 	at android.os.Binder.execTransact(Binder.java:674)
12-14 02:26:41.484 W/ActivityManager( 1630): Bad activity token: android.os.BinderProxy@8126568
12-14 02:26:41.484 W/ActivityManager( 1630): java.lang.ClassCastException: android.os.BinderProxy cannot be cast to com.android.server.am.ActivityRecord$Token
12-14 02:26:41.484 W/ActivityManager( 1630): 	at com.android.server.am.ActivityRecord.forTokenLocked(ActivityRecord.java:778)
12-14 02:26:41.484 W/ActivityManager( 1630): 	at com.android.server.am.ActivityRecord.isInStackLocked(ActivityRecord.java:2085)
12-14 02:26:41.484 W/ActivityManager( 1630): 	at com.android.server.am.ActivityManagerService.getActivityOptions(ActivityManagerService.java:13302)
12-14 02:26:41.484 W/ActivityManager( 1630): 	at android.app.IActivityManager$Stub.onTransact(IActivityManager.java:2910)
12-14 02:26:41.484 W/ActivityManager( 1630): 	at com.android.server.am.ActivityManagerService.onTransact(ActivityManagerService.java:2935)
12-14 02:26:41.484 W/ActivityManager( 1630): 	at android.os.Binder.execTransact(Binder.java:674)
12-14 02:26:41.824 W/RemoteFillService( 1630): Not handling { when=-3ms what=3 target=com.android.internal.os.HandlerCaller$MyHandler } as service for ComponentInfo{com.google.android.gms/com.google.android.gms.autofill.service.AutofillService} is already destroyed
12-14 02:26:41.947 I/chatty  ( 1630): uid=1000(system) RenderThread identical 1289 lines
12-14 02:26:41.948 E/OpenGLRenderer( 1630): GL error:  GL_INVALID_OPERATION
12-14 02:26:41.948 E/SurfaceFlinger( 1407): ro.sf.lcd_density must be defined as a build property
12-14 02:26:41.948 E/OpenGLRenderer( 1630): GL error:  GL_INVALID_OPERATION
12-14 02:26:41.985 I/chatty  ( 1630): uid=1000(system) RenderThread identical 120 lines
12-14 02:26:41.985 E/OpenGLRenderer( 1630): GL error:  GL_INVALID_OPERATION
12-14 02:26:41.985 D/gralloc_ranchu( 1397): gralloc_alloc: Creating ashmem region of size 8298496
12-14 02:26:41.985 E/OpenGLRenderer( 1630): GL error:  GL_INVALID_OPERATION
12-14 02:26:41.997 I/chatty  ( 1630): uid=1000(system) RenderThread identical 33 lines
12-14 02:26:41.997 E/OpenGLRenderer( 1630): GL error:  GL_INVALID_OPERATION
12-14 02:26:41.997 D/        ( 4624): HostConnection::get() New Host Connection established 0xa8c2f800, tid 4624
12-14 02:26:41.997 E/OpenGLRenderer( 1630): GL error:  GL_INVALID_OPERATION
12-14 02:26:42.592 I/chatty  ( 1630): uid=1000(system) RenderThread identical 1126 lines
12-14 02:26:42.592 E/OpenGLRenderer( 1630): GL error:  GL_INVALID_OPERATION
12-14 02:26:42.592 I/System.out( 4526): URI: //gesture
12-14 02:26:42.592 I/System.out( 4526): params: {json={"query_timeout":5.0,"gestures":[{"query_string":"android.widget.TabWidget descendant TextView index:2","touches":[{"x":50,"y":50,"offset_x":0,"offset_y":0,"wait":0.0,"time":0.2,"release":true,"query_string":null}]}]}
12-14 02:26:42.592 E/OpenGLRenderer( 1630): GL error:  GL_INVALID_OPERATION
12-14 02:26:42.592 I/System.out( 4526): }
12-14 02:26:42.593 E/OpenGLRenderer( 1630): GL error:  GL_INVALID_OPERATION
12-14 02:26:43.021 W/ActivityManager( 1630): Bad activity token: android.os.BinderProxy@4721603
12-14 02:26:43.021 W/ActivityManager( 1630): java.lang.ClassCastException: android.os.BinderProxy cannot be cast to com.android.server.am.ActivityRecord$Token
12-14 02:26:43.021 W/ActivityManager( 1630): 	at com.android.server.am.ActivityRecord.forTokenLocked(ActivityRecord.java:778)
12-14 02:26:43.021 W/ActivityManager( 1630): 	at com.android.server.am.ActivityRecord.isInStackLocked(ActivityRecord.java:2085)
12-14 02:26:43.021 W/ActivityManager( 1630): 	at com.android.server.am.ActivityRecord.getStackLocked(ActivityRecord.java:2090)
12-14 02:26:43.021 W/ActivityManager( 1630): 	at com.android.server.am.ActivityManagerService.getActivityDisplayId(ActivityManagerService.java:10406)
12-14 02:26:43.021 W/ActivityManager( 1630): 	at android.app.IActivityManager$Stub.onTransact(IActivityManager.java:2738)
12-14 02:26:43.021 W/ActivityManager( 1630): 	at com.android.server.am.ActivityManagerService.onTransact(ActivityManagerService.java:2935)
12-14 02:26:43.021 W/ActivityManager( 1630): 	at android.os.Binder.execTransact(Binder.java:674)
12-14 02:26:43.022 I/chatty  ( 1630): uid=1000(system) RenderThread identical 995 lines
12-14 02:26:43.023 E/OpenGLRenderer( 1630): GL error:  GL_INVALID_OPERATION
12-14 02:26:43.023 I/calabash( 4526): newActivity1
12-14 02:26:43.023 E/OpenGLRenderer( 1630): GL error:  GL_INVALID_OPERATION
12-14 02:26:43.030 W/ActivityManager( 1630): Bad activity token: android.os.BinderProxy@4721603
12-14 02:26:43.030 W/ActivityManager( 1630): java.lang.ClassCastException: android.os.BinderProxy cannot be cast to com.android.server.am.ActivityRecord$Token
12-14 02:26:43.030 W/ActivityManager( 1630): 	at com.android.server.am.ActivityRecord.forTokenLocked(ActivityRecord.java:778)
12-14 02:26:43.030 W/ActivityManager( 1630): 	at com.android.server.am.ActivityRecord.isInStackLocked(ActivityRecord.java:2085)
12-14 02:26:43.030 W/ActivityManager( 1630): 	at com.android.server.am.ActivityManagerService.setTaskDescription(ActivityManagerService.java:9988)
12-14 02:26:43.030 W/ActivityManager( 1630): 	at android.app.IActivityManager$Stub.onTransact(IActivityManager.java:2824)
12-14 02:26:43.030 W/ActivityManager( 1630): 	at com.android.server.am.ActivityManagerService.onTransact(ActivityManagerService.java:2935)
12-14 02:26:43.030 W/ActivityManager( 1630): 	at android.os.Binder.execTransact(Binder.java:674)
12-14 02:26:43.032 W/ActivityManager( 1630): Bad activity token: android.os.BinderProxy@4721603
12-14 02:26:43.032 W/ActivityManager( 1630): java.lang.ClassCastException: android.os.BinderProxy cannot be cast to com.android.server.am.ActivityRecord$Token
12-14 02:26:43.032 W/ActivityManager( 1630): 	at com.android.server.am.ActivityRecord.forTokenLocked(ActivityRecord.java:778)
12-14 02:26:43.032 W/ActivityManager( 1630): 	at com.android.server.am.ActivityRecord.isInStackLocked(ActivityRecord.java:2085)
12-14 02:26:43.032 W/ActivityManager( 1630): 	at com.android.server.am.ActivityRecord.getStackLocked(ActivityRecord.java:2090)
12-14 02:26:43.032 W/ActivityManager( 1630): 	at com.android.server.am.ActivityManagerService.getActivityStackId(ActivityManagerService.java:10417)
12-14 02:26:43.032 W/ActivityManager( 1630): 	at android.app.IActivityManager$Stub.onTransact(IActivityManager.java:3548)
12-14 02:26:43.032 W/ActivityManager( 1630): 	at com.android.server.am.ActivityManagerService.onTransact(ActivityManagerService.java:2935)
12-14 02:26:43.032 W/ActivityManager( 1630): 	at android.os.Binder.execTransact(Binder.java:674)
12-14 02:26:43.125 I/chatty  ( 1630): uid=1000(system) RenderThread identical 176 lines
12-14 02:26:43.125 E/OpenGLRenderer( 1630): GL error:  GL_INVALID_OPERATION
12-14 02:26:43.125 D/VehicleStatisticsActivity( 4526): Checking recalculation ...
12-14 02:26:43.125 E/OpenGLRenderer( 1630): GL error:  GL_INVALID_OPERATION
12-14 02:26:43.129 I/chatty  ( 1630): uid=1000(system) RenderThread identical 5 lines
12-14 02:26:43.129 E/OpenGLRenderer( 1630): GL error:  GL_INVALID_OPERATION
12-14 02:26:43.129 D/VehicleStatisticsActivity( 4526): Recalculation not necessary.
12-14 02:26:43.130 E/OpenGLRenderer( 1630): GL error:  GL_INVALID_OPERATION
12-14 02:26:43.138 W/ActivityManager( 1630): Bad activity token: android.os.BinderProxy@4721603
12-14 02:26:43.138 W/ActivityManager( 1630): java.lang.ClassCastException: android.os.BinderProxy cannot be cast to com.android.server.am.ActivityRecord$Token
12-14 02:26:43.138 W/ActivityManager( 1630): 	at com.android.server.am.ActivityRecord.forTokenLocked(ActivityRecord.java:778)
12-14 02:26:43.138 W/ActivityManager( 1630): 	at com.android.server.am.ActivityRecord.isInStackLocked(ActivityRecord.java:2085)
12-14 02:26:43.138 W/ActivityManager( 1630): 	at com.android.server.am.ActivityManagerService.getActivityOptions(ActivityManagerService.java:13302)
12-14 02:26:43.138 W/ActivityManager( 1630): 	at android.app.IActivityManager$Stub.onTransact(IActivityManager.java:2910)
12-14 02:26:43.138 W/ActivityManager( 1630): 	at com.android.server.am.ActivityManagerService.onTransact(ActivityManagerService.java:2935)
12-14 02:26:43.138 W/ActivityManager( 1630): 	at android.os.Binder.execTransact(Binder.java:674)
12-14 02:26:43.139 W/ActivityManager( 1630): Bad activity token: android.os.BinderProxy@4721603
12-14 02:26:43.139 W/ActivityManager( 1630): java.lang.ClassCastException: android.os.BinderProxy cannot be cast to com.android.server.am.ActivityRecord$Token
12-14 02:26:43.139 W/ActivityManager( 1630): 	at com.android.server.am.ActivityRecord.forTokenLocked(ActivityRecord.java:778)
12-14 02:26:43.139 W/ActivityManager( 1630): 	at com.android.server.am.ActivityRecord.isInStackLocked(ActivityRecord.java:2085)
12-14 02:26:43.139 W/ActivityManager( 1630): 	at com.android.server.am.ActivityManagerService.getActivityOptions(ActivityManagerService.java:13302)
12-14 02:26:43.139 W/ActivityManager( 1630): 	at android.app.IActivityManager$Stub.onTransact(IActivityManager.java:2910)
12-14 02:26:43.139 W/ActivityManager( 1630): 	at com.android.server.am.ActivityManagerService.onTransact(ActivityManagerService.java:2935)
12-14 02:26:43.139 W/ActivityManager( 1630): 	at android.os.Binder.execTransact(Binder.java:674)
12-14 02:26:43.164 I/chatty  ( 1630): uid=1000(system) RenderThread identical 40 lines
12-14 02:26:43.164 E/OpenGLRenderer( 1630): GL error:  GL_INVALID_OPERATION
12-14 02:26:43.167 D/VehicleStatisticsActivity( 4526): Checking recalculation ...
12-14 02:26:43.168 E/OpenGLRenderer( 1630): GL error:  GL_INVALID_OPERATION
12-14 02:26:43.170 I/chatty  ( 1630): uid=1000(system) RenderThread identical 3 lines
12-14 02:26:43.170 E/OpenGLRenderer( 1630): GL error:  GL_INVALID_OPERATION
12-14 02:26:43.170 D/VehicleStatisticsActivity( 4526): Recalculation not necessary.
12-14 02:26:43.170 E/OpenGLRenderer( 1630): GL error:  GL_INVALID_OPERATION
12-14 02:26:43.287 I/chatty  ( 1630): uid=1000(system) RenderThread identical 372 lines
12-14 02:26:43.287 E/OpenGLRenderer( 1630): GL error:  GL_INVALID_OPERATION
12-14 02:26:43.369 W/audio_hw_generic( 1391): Not supplying enough data to HAL, expected position 1135501 , only wrote 1134000
12-14 02:26:43.370 W/audio_hw_generic( 1391): Not supplying enough data to HAL, expected position 1134017 , only wrote 1134000
12-14 02:26:43.370 E/OpenGLRenderer( 1630): GL error:  GL_INVALID_OPERATION
12-14 02:26:43.429 I/chatty  ( 1630): uid=1000(system) RenderThread identical 212 lines
12-14 02:26:43.429 E/OpenGLRenderer( 1630): GL error:  GL_INVALID_OPERATION
12-14 02:26:43.429 I/zygote  ( 4526): JIT allocated 67KB for compiled code of void android.view.View.<init>(android.content.Context, android.util.AttributeSet, int, int)
12-14 02:26:43.429 E/OpenGLRenderer( 1630): GL error:  GL_INVALID_OPERATION
12-14 02:26:43.484 I/chatty  ( 1630): uid=1000(system) RenderThread identical 284 lines
12-14 02:26:43.485 E/OpenGLRenderer( 1630): GL error:  GL_INVALID_OPERATION
12-14 02:26:43.486 E/SurfaceFlinger( 1407): ro.sf.lcd_density must be defined as a build property
12-14 02:26:43.486 E/OpenGLRenderer( 1630): GL error:  GL_INVALID_OPERATION
12-14 02:26:43.499 I/chatty  ( 1630): uid=1000(system) RenderThread identical 43 lines
12-14 02:26:43.499 E/OpenGLRenderer( 1630): GL error:  GL_INVALID_OPERATION
12-14 02:26:43.499 D/gralloc_ranchu( 1397): gralloc_alloc: Creating ashmem region of size 8298496
12-14 02:26:43.500 E/OpenGLRenderer( 1630): GL error:  GL_INVALID_OPERATION
12-14 02:26:43.508 I/chatty  ( 1630): uid=1000(system) RenderThread identical 26 lines
12-14 02:26:43.509 E/OpenGLRenderer( 1630): GL error:  GL_INVALID_OPERATION
12-14 02:26:43.509 D/        ( 4630): HostConnection::get() New Host Connection established 0xa852f800, tid 4630
12-14 02:26:43.510 E/OpenGLRenderer( 1630): GL error:  GL_INVALID_OPERATION
12-14 02:26:43.933 I/chatty  ( 1630): uid=1000(system) RenderThread identical 1230 lines
12-14 02:26:43.933 I/System.out( 4526): URI: //gesture
12-14 02:26:43.933 E/OpenGLRenderer( 1630): GL error:  GL_INVALID_OPERATION
12-14 02:26:43.933 I/System.out( 4526): params: {json={"query_timeout":5.0,"gestures":[{"query_string":"android.widget.TabWidget descendant TextView index:0","touches":[{"x":50,"y":50,"offset_x":0,"offset_y":0,"wait":0.0,"time":0.2,"release":true,"query_string":null}]}]}
12-14 02:26:43.933 I/System.out( 4526): }
12-14 02:26:43.933 E/OpenGLRenderer( 1630): GL error:  GL_INVALID_OPERATION
12-14 02:26:44.266 I/chatty  ( 1630): uid=1000(system) RenderThread identical 1422 lines
12-14 02:26:44.266 E/OpenGLRenderer( 1630): GL error:  GL_INVALID_OPERATION
12-14 02:26:44.266 I/zygote  ( 4526): Do full code cache collection, code=499KB, data=304KB
12-14 02:26:44.267 E/OpenGLRenderer( 1630): GL error:  GL_INVALID_OPERATION
12-14 02:26:44.283 I/chatty  ( 1630): uid=1000(system) RenderThread identical 74 lines
12-14 02:26:44.284 E/OpenGLRenderer( 1630): GL error:  GL_INVALID_OPERATION
12-14 02:26:44.284 I/zygote  ( 4526): After code cache collection, code=406KB, data=232KB
12-14 02:26:44.284 E/OpenGLRenderer( 1630): GL error:  GL_INVALID_OPERATION
12-14 02:26:44.288 I/chatty  ( 1630): uid=1000(system) RenderThread identical 7 lines
12-14 02:26:44.288 E/OpenGLRenderer( 1630): GL error:  GL_INVALID_OPERATION
12-14 02:26:44.288 W/View    ( 4526): dispatchProvideAutofillStructure(): not laid out, ignoring
12-14 02:26:44.288 E/OpenGLRenderer( 1630): GL error:  GL_INVALID_OPERATION
12-14 02:26:44.289 I/chatty  ( 1630): uid=1000(system) RenderThread identical 6 lines
12-14 02:26:44.289 E/OpenGLRenderer( 1630): GL error:  GL_INVALID_OPERATION
12-14 02:26:44.289 W/View    ( 4526): dispatchProvideAutofillStructure(): not laid out, ignoring
12-14 02:26:44.289 E/OpenGLRenderer( 1630): GL error:  GL_INVALID_OPERATION
12-14 02:26:44.290 I/chatty  ( 1630): uid=1000(system) RenderThread identical 2 lines
12-14 02:26:44.290 W/View    ( 4526): dispatchProvideAutofillStructure(): not laid out, ignoring
12-14 02:26:44.290 E/OpenGLRenderer( 1630): GL error:  GL_INVALID_OPERATION
12-14 02:26:44.290 E/OpenGLRenderer( 1630): GL error:  GL_INVALID_OPERATION
12-14 02:26:44.292 I/chatty  ( 1630): uid=1000(system) RenderThread identical 11 lines
12-14 02:26:44.292 E/OpenGLRenderer( 1630): GL error:  GL_INVALID_OPERATION
12-14 02:26:44.292 W/View    ( 4526): dispatchProvideAutofillStructure(): not laid out, ignoring
12-14 02:26:44.293 W/View    ( 4526): dispatchProvideAutofillStructure(): not laid out, ignoring
12-14 02:26:44.293 W/Binder  ( 1630): Outgoing transactions from this process must be FLAG_ONEWAY
12-14 02:26:44.293 W/Binder  ( 1630): java.lang.Throwable
12-14 02:26:44.293 W/Binder  ( 1630): 	at android.os.BinderProxy.transact(Binder.java:736)
12-14 02:26:44.293 W/Binder  ( 1630): 	at android.app.assist.AssistStructure$ParcelTransferReader.fetchData(AssistStructure.java:407)
12-14 02:26:44.293 W/Binder  ( 1630): 	at android.app.assist.AssistStructure$ParcelTransferReader.go(AssistStructure.java:343)
12-14 02:26:44.293 W/Binder  ( 1630): 	at android.app.assist.AssistStructure.ensureData(AssistStructure.java:2096)
12-14 02:26:44.293 W/Binder  ( 1630): 	at com.android.server.autofill.Session$1.send(Session.java:200)
12-14 02:26:44.293 W/Binder  ( 1630): 	at com.android.server.am.ActivityManagerService.reportAssistContextExtras(ActivityManagerService.java:13137)
12-14 02:26:44.293 W/Binder  ( 1630): 	at android.app.IActivityManager$Stub.onTransact(IActivityManager.java:2466)
12-14 02:26:44.293 W/Binder  ( 1630): 	at com.android.server.am.ActivityManagerService.onTransact(ActivityManagerService.java:2935)
12-14 02:26:44.293 W/Binder  ( 1630): 	at android.os.Binder.execTransact(Binder.java:674)
12-14 02:26:44.293 E/OpenGLRenderer( 1630): GL error:  GL_INVALID_OPERATION
12-14 02:26:44.301 I/chatty  ( 1630): uid=1000(system) RenderThread identical 24 lines
12-14 02:26:44.301 E/OpenGLRenderer( 1630): GL error:  GL_INVALID_OPERATION
12-14 02:26:44.301 I/AssistStructure( 4526): Flattened final assist data: 10960 bytes, containing 1 windows, 49 views
12-14 02:26:44.301 E/OpenGLRenderer( 1630): GL error:  GL_INVALID_OPERATION
12-14 02:26:44.327 I/chatty  ( 1630): uid=1000(system) RenderThread identical 47 lines
12-14 02:26:44.327 E/OpenGLRenderer( 1630): GL error:  GL_INVALID_OPERATION
12-14 02:26:44.327 I/AssistStructure( 1630): Flattened final assist data: 9988 bytes, containing 1 windows, 49 views
12-14 02:26:44.327 E/OpenGLRenderer( 1630): GL error:  GL_INVALID_OPERATION
12-14 02:26:44.330 I/chatty  ( 1630): uid=1000(system) RenderThread identical 5 lines
12-14 02:26:44.332 E/OpenGLRenderer( 1630): GL error:  GL_INVALID_OPERATION
12-14 02:26:44.334 W/lgq     ( 1944): Pending fill request while another request in the same session was triggered. [CONTEXT service_id=177 ]
12-14 02:26:44.335 E/OpenGLRenderer( 1630): GL error:  GL_INVALID_OPERATION
12-14 02:26:44.515 I/chatty  ( 1630): uid=1000(system) RenderThread identical 693 lines
12-14 02:26:44.515 E/OpenGLRenderer( 1630): GL error:  GL_INVALID_OPERATION
12-14 02:26:44.515 E/SurfaceFlinger( 1407): ro.sf.lcd_density must be defined as a build property
12-14 02:26:44.515 E/OpenGLRenderer( 1630): GL error:  GL_INVALID_OPERATION
12-14 02:26:44.525 I/chatty  ( 1630): uid=1000(system) RenderThread identical 63 lines
12-14 02:26:44.525 E/OpenGLRenderer( 1630): GL error:  GL_INVALID_OPERATION
12-14 02:26:44.525 E/OpenGLRenderer( 1630): GL error:  GL_INVALID_OPERATION
12-14 02:26:44.525 D/gralloc_ranchu( 1397): gralloc_alloc: Creating ashmem region of size 8298496
12-14 02:26:44.534 I/chatty  ( 1630): uid=1000(system) RenderThread expire 21 lines
12-14 02:26:44.535 E/OpenGLRenderer( 1630): GL error:  GL_INVALID_OPERATION
12-14 02:26:44.535 D/        ( 4636): HostConnection::get() New Host Connection established 0xa912f800, tid 4636
12-14 02:26:44.536 E/OpenGLRenderer( 1630): GL error:  GL_INVALID_OPERATION
12-14 02:26:44.842 I/chatty  ( 1630): uid=1000(system) RenderThread identical 606 lines
12-14 02:26:44.842 E/OpenGLRenderer( 1630): GL error:  GL_INVALID_OPERATION
12-14 02:26:44.870 W/audio_hw_generic( 1391): Not supplying enough data to HAL, expected position 1206011 , only wrote 1206000
12-14 02:26:44.870 W/audio_hw_generic( 1391): Not supplying enough data to HAL, expected position 1206020 , only wrote 1206000
12-14 02:26:44.871 E/OpenGLRenderer( 1630): GL error:  GL_INVALID_OPERATION
