--------- beginning of main
12-14 02:26:27.998 I/chatty  ( 1630): uid=1000(system) RenderThread expire 79 lines
12-14 02:26:27.998 E/OpenGLRenderer( 1630): GL error:  GL_INVALID_OPERATION
12-14 02:26:28.000 D/gralloc_ranchu( 1397): gralloc_alloc: Creating ashmem region of size 8298496
12-14 02:26:28.000 E/OpenGLRenderer( 1630): GL error:  GL_INVALID_OPERATION
12-14 02:26:28.090 I/chatty  ( 1630): uid=1000(system) RenderThread identical 193 lines
12-14 02:26:28.091 E/OpenGLRenderer( 1630): GL error:  GL_INVALID_OPERATION
12-14 02:26:28.091 D/gralloc_ranchu( 1397): gralloc_alloc: Creating ashmem region of size 8298496
12-14 02:26:28.099 E/OpenGLRenderer( 1630): GL error:  GL_INVALID_OPERATION
12-14 02:26:28.147 I/chatty  ( 1630): uid=1000(system) RenderThread identical 136 lines
12-14 02:26:28.147 E/OpenGLRenderer( 1630): GL error:  GL_INVALID_OPERATION
12-14 02:26:28.148 D/gralloc_ranchu( 1397): gralloc_alloc: Creating ashmem region of size 8298496
12-14 02:26:28.151 E/OpenGLRenderer( 1630): GL error:  GL_INVALID_OPERATION
12-14 02:26:28.293 I/chatty  ( 1630): uid=1000(system) RenderThread identical 257 lines
12-14 02:26:28.294 E/OpenGLRenderer( 1630): GL error:  GL_INVALID_OPERATION
12-14 02:26:28.295 E/IPCThreadState( 1407): binder thread pool (4 threads) starved for 327 ms
12-14 02:26:28.298 E/OpenGLRenderer( 1630): GL error:  GL_INVALID_OPERATION
12-14 02:26:28.298 E/hw-IPCThreadState( 1397): binder thread pool (1 threads) starved for 150 ms
12-14 02:26:28.302 D/gralloc_ranchu( 1397): gralloc_alloc: Creating ashmem region of size 8298496
12-14 02:26:28.303 E/OpenGLRenderer( 1630): GL error:  GL_INVALID_OPERATION
12-14 02:26:28.448 I/chatty  ( 1630): uid=1000(system) RenderThread identical 210 lines
12-14 02:26:28.448 E/OpenGLRenderer( 1630): GL error:  GL_INVALID_OPERATION
12-14 02:26:28.449 E/hw-IPCThreadState( 1397): binder thread pool (1 threads) starved for 150 ms
12-14 02:26:28.451 I/Choreographer( 2216): Skipped 30 frames!  The application may be doing too much work on its main thread.
12-14 02:26:28.455 E/OpenGLRenderer( 1630): GL error:  GL_INVALID_OPERATION
12-14 02:26:28.488 I/chatty  ( 1630): uid=1000(system) RenderThread identical 28 lines
12-14 02:26:28.489 E/OpenGLRenderer( 1630): GL error:  GL_INVALID_OPERATION
12-14 02:26:28.491 D/EGL_emulation( 2185): eglMakeCurrent: 0x9b9fda40: ver 3 0 (tinfo 0x9b9ffb30)
12-14 02:26:28.491 E/OpenGLRenderer( 1630): GL error:  GL_INVALID_OPERATION
12-14 02:26:28.524 I/chatty  ( 1630): uid=1000(system) RenderThread identical 31 lines
12-14 02:26:28.524 E/OpenGLRenderer( 1630): GL error:  GL_INVALID_OPERATION
12-14 02:26:28.524 D/EGL_emulation( 2216): eglMakeCurrent: 0x9b9fdaa0: ver 3 0 (tinfo 0xa760b0f0)
12-14 02:26:28.524 E/OpenGLRenderer( 1630): GL error:  GL_INVALID_OPERATION
12-14 02:26:28.571 I/chatty  ( 1630): uid=1000(system) RenderThread identical 89 lines
12-14 02:26:28.572 E/OpenGLRenderer( 1630): GL error:  GL_INVALID_OPERATION
12-14 02:26:28.572 D/gralloc_ranchu( 1397): gralloc_alloc: Creating ashmem region of size 7753728
12-14 02:26:28.572 E/OpenGLRenderer( 1630): GL error:  GL_INVALID_OPERATION
12-14 02:26:28.602 I/chatty  ( 1630): uid=1000(system) RenderThread identical 37 lines
12-14 02:26:28.603 E/OpenGLRenderer( 1630): GL error:  GL_INVALID_OPERATION
12-14 02:26:28.603 I/zygote  ( 2216): Deoptimizing void com.google.android.apps.gsa.search.core.service.worker.a.a.a(com.google.android.apps.gsa.search.core.state.qc) due to JIT inline cache
12-14 02:26:28.603 E/OpenGLRenderer( 1630): GL error:  GL_INVALID_OPERATION
12-14 02:26:28.604 E/OpenGLRenderer( 1630): GL error:  GL_INVALID_OPERATION
12-14 02:26:28.607 I/Dialer  ( 2042): OmtpVvmCarrierCfgHlpr - OmtpEvent:CONFIG_STATUS_SMS_TIME_OUT
12-14 02:26:28.612 E/OpenGLRenderer( 1630): GL error:  GL_INVALID_OPERATION
12-14 02:26:28.615 I/chatty  ( 1630): uid=1000(system) RenderThread identical 6 lines
12-14 02:26:28.616 E/OpenGLRenderer( 1630): GL error:  GL_INVALID_OPERATION
12-14 02:26:28.616 I/Dialer  ( 2042): RetryPolicy - discarding deferred status: configuration_state=4
12-14 02:26:28.616 E/OpenGLRenderer( 1630): GL error:  GL_INVALID_OPERATION
12-14 02:26:28.616 I/chatty  ( 1630): uid=1000(system) RenderThread identical 1 line
12-14 02:26:28.616 E/OpenGLRenderer( 1630): GL error:  GL_INVALID_OPERATION
12-14 02:26:28.617 E/OpenGLRenderer( 1630): GL error:  GL_INVALID_OPERATION
12-14 02:26:28.619 I/Dialer  ( 2042): VvmTaskExecutor - no more tasks, stopping service if no task are added in 5000 millis
12-14 02:26:28.638 I/chatty  ( 1630): uid=1000(system) RenderThread expire 25 lines
12-14 02:26:28.638 E/OpenGLRenderer( 1630): GL error:  GL_INVALID_OPERATION
12-14 02:26:28.638 I/Dialer  ( 2042): VvmTaskReceiver - task received
12-14 02:26:28.639 I/Dialer  ( 2042): VvmTaskReceiver - TaskExecutor already running
12-14 02:26:28.639 I/Dialer  ( 2042): Task.createTask - create task:com.android.voicemail.impl.ActivationTask
12-14 02:26:28.639 I/Dialer  ( 2042): RetryPolicy - retry #1 for com.android.voicemail.impl.ActivationTask@7203127 queued, executing in 5000
12-14 02:26:28.639 I/Dialer  ( 2042): VvmTaskExecutor - com.android.voicemail.impl.ActivationTask@7203127 added
12-14 02:26:28.640 E/OpenGLRenderer( 1630): GL error:  GL_INVALID_OPERATION
12-14 02:26:28.641 I/chatty  ( 1630): uid=1000(system) RenderThread identical 3 lines
12-14 02:26:28.641 E/OpenGLRenderer( 1630): GL error:  GL_INVALID_OPERATION
12-14 02:26:28.641 I/Dialer  ( 2042): VvmTaskExecutor - minimal wait time:4999
12-14 02:26:28.641 E/OpenGLRenderer( 1630): GL error:  GL_INVALID_OPERATION
12-14 02:26:28.642 E/OpenGLRenderer( 1630): GL error:  GL_INVALID_OPERATION
12-14 02:26:28.642 I/Dialer  ( 2042): VvmTaskExecutor - sleep for 4999 millis
12-14 02:26:28.642 E/OpenGLRenderer( 1630): GL error:  GL_INVALID_OPERATION
12-14 02:26:28.679 I/chatty  ( 1630): uid=1000(system) RenderThread identical 100 lines
12-14 02:26:28.679 E/OpenGLRenderer( 1630): GL error:  GL_INVALID_OPERATION
12-14 02:26:28.680 E/hw-IPCThreadState( 1397): binder thread pool (1 threads) starved for 108 ms
12-14 02:26:28.681 E/OpenGLRenderer( 1630): GL error:  GL_INVALID_OPERATION
12-14 02:26:28.683 I/chatty  ( 1630): uid=1000(system) RenderThread identical 3 lines
12-14 02:26:28.686 E/OpenGLRenderer( 1630): GL error:  GL_INVALID_OPERATION
12-14 02:26:28.690 D/EGL_emulation( 2185): eglMakeCurrent: 0x9b9fda40: ver 3 0 (tinfo 0x9b9ffb30)
12-14 02:26:28.696 D/EGL_emulation( 2216): eglMakeCurrent: 0x9b9fdaa0: ver 3 0 (tinfo 0xa760b0f0)
12-14 02:26:28.699 D/gralloc_ranchu( 1397): gralloc_alloc: Creating ashmem region of size 8298496
12-14 02:26:28.704 E/OpenGLRenderer( 1630): GL error:  GL_INVALID_OPERATION
12-14 02:26:28.709 I/chatty  ( 1630): uid=1000(system) RenderThread identical 11 lines
12-14 02:26:28.710 E/OpenGLRenderer( 1630): GL error:  GL_INVALID_OPERATION
12-14 02:26:28.711 D/EGL_emulation( 1729): eglMakeCurrent: 0x8a653340: ver 3 0 (tinfo 0x99a7bc80)
12-14 02:26:28.713 D/gralloc_ranchu( 1397): gralloc_alloc: Creating ashmem region of size 8298496
12-14 02:26:28.714 E/OpenGLRenderer( 1630): GL error:  GL_INVALID_OPERATION
12-14 02:26:28.823 I/chatty  ( 1630): uid=1000(system) RenderThread identical 297 lines
12-14 02:26:28.824 E/OpenGLRenderer( 1630): GL error:  GL_INVALID_OPERATION
12-14 02:26:28.824 D/EGL_emulation( 2185): eglMakeCurrent: 0x9b9fda40: ver 3 0 (tinfo 0x9b9ffb30)
12-14 02:26:28.829 E/OpenGLRenderer( 1630): GL error:  GL_INVALID_OPERATION
12-14 02:26:28.855 I/chatty  ( 1630): uid=1000(system) RenderThread identical 63 lines
12-14 02:26:28.855 E/OpenGLRenderer( 1630): GL error:  GL_INVALID_OPERATION
12-14 02:26:28.855 D/EGL_emulation( 2216): eglMakeCurrent: 0x9b9fdaa0: ver 3 0 (tinfo 0xa760b0f0)
12-14 02:26:28.857 E/OpenGLRenderer( 1630): GL error:  GL_INVALID_OPERATION
12-14 02:26:28.858 E/OpenGLRenderer( 1630): GL error:  GL_INVALID_OPERATION
12-14 02:26:28.859 D/gralloc_ranchu( 1397): gralloc_alloc: Creating ashmem region of size 8298496
12-14 02:26:28.865 E/OpenGLRenderer( 1630): GL error:  GL_INVALID_OPERATION
12-14 02:26:28.920 I/chatty  ( 1630): uid=1000(system) RenderThread identical 182 lines
12-14 02:26:28.920 E/OpenGLRenderer( 1630): GL error:  GL_INVALID_OPERATION
12-14 02:26:28.921 D/EGL_emulation( 1729): eglMakeCurrent: 0x8a653340: ver 3 0 (tinfo 0x99a7bc80)
12-14 02:26:28.923 D/gralloc_ranchu( 1397): gralloc_alloc: Creating ashmem region of size 8298496
12-14 02:26:28.925 E/OpenGLRenderer( 1630): GL error:  GL_INVALID_OPERATION
12-14 02:26:28.983 I/chatty  ( 1630): uid=1000(system) RenderThread identical 179 lines
12-14 02:26:28.983 E/OpenGLRenderer( 1630): GL error:  GL_INVALID_OPERATION
12-14 02:26:28.984 D/EGL_emulation( 1729): eglMakeCurrent: 0x8a653340: ver 3 0 (tinfo 0x99a7bc80)
12-14 02:26:28.985 E/OpenGLRenderer( 1630): GL error:  GL_INVALID_OPERATION
12-14 02:26:28.986 I/chatty  ( 1630): uid=1000(system) RenderThread identical 8 lines
12-14 02:26:28.987 E/OpenGLRenderer( 1630): GL error:  GL_INVALID_OPERATION
12-14 02:26:28.987 E/OpenGLRenderer( 1630): GL error:  GL_INVALID_OPERATION
12-14 02:26:28.987 W/OpenGLRenderer( 2185): Incorrectly called buildLayer on View: ShortcutAndWidgetContainer, destroying layer...
12-14 02:26:28.988 I/chatty  ( 1630): uid=1000(system) RenderThread expire 5 lines
12-14 02:26:28.991 E/OpenGLRenderer( 1630): GL error:  GL_INVALID_OPERATION
12-14 02:26:28.993 D/gralloc_ranchu( 1397): gralloc_alloc: Creating ashmem region of size 8298496
12-14 02:26:28.993 E/OpenGLRenderer( 1630): GL error:  GL_INVALID_OPERATION
12-14 02:26:29.009 I/chatty  ( 1630): uid=1000(system) RenderThread identical 1 line
12-14 02:26:29.018 E/OpenGLRenderer( 1630): GL error:  GL_INVALID_OPERATION
--------- beginning of system
12-14 02:26:29.018 W/ActivityManager( 1630): Unable to start service Intent { act=com.google.android.gms.speech.service.START pkg=com.google.android.gms } U=0: not found
12-14 02:26:29.019 W/ActivityManager( 1630): Unbind failed: could not find connection for android.os.BinderProxy@7a9fdce
12-14 02:26:29.020 E/GmsClient( 2216): unable to connect to service: com.google.android.gms.speech.service.START on com.google.android.gms
12-14 02:26:29.026 E/OpenGLRenderer( 1630): GL error:  GL_INVALID_OPERATION
12-14 02:26:29.030 I/chatty  ( 1630): uid=1000(system) RenderThread identical 11 lines
12-14 02:26:29.031 E/OpenGLRenderer( 1630): GL error:  GL_INVALID_OPERATION
12-14 02:26:29.032 W/SessionLifecycleManager( 2216): Handover failed. Creating new session controller.
12-14 02:26:29.035 E/OpenGLRenderer( 1630): GL error:  GL_INVALID_OPERATION
12-14 02:26:29.049 I/chatty  ( 1630): uid=1000(system) RenderThread identical 29 lines
12-14 02:26:29.050 E/OpenGLRenderer( 1630): GL error:  GL_INVALID_OPERATION
12-14 02:26:29.050 I/OptInState( 2216): There is a new client and it does not support opt-in. Dropping request.
12-14 02:26:29.050 E/OpenGLRenderer( 1630): GL error:  GL_INVALID_OPERATION
12-14 02:26:29.080 I/chatty  ( 1630): uid=1000(system) RenderThread identical 66 lines
12-14 02:26:29.080 E/OpenGLRenderer( 1630): GL error:  GL_INVALID_OPERATION
12-14 02:26:29.081 D/EGL_emulation( 1729): eglMakeCurrent: 0x8a653340: ver 3 0 (tinfo 0x99a7bc80)
12-14 02:26:29.081 E/OpenGLRenderer( 1630): GL error:  GL_INVALID_OPERATION
12-14 02:26:29.092 I/chatty  ( 1630): uid=1000(system) RenderThread identical 24 lines
12-14 02:26:29.095 E/OpenGLRenderer( 1630): GL error:  GL_INVALID_OPERATION
12-14 02:26:29.096 D/EGL_emulation( 1729): eglMakeCurrent: 0x8a653340: ver 3 0 (tinfo 0x99a7bc80)
12-14 02:26:29.096 E/OpenGLRenderer( 1630): GL error:  GL_INVALID_OPERATION
12-14 02:26:29.149 I/chatty  ( 1630): uid=1000(system) RenderThread identical 122 lines
12-14 02:26:29.150 E/OpenGLRenderer( 1630): GL error:  GL_INVALID_OPERATION
12-14 02:26:29.150 I/zygote  ( 2216): Deoptimizing void com.google.android.apps.gsa.shared.searchbox.components.a.am(java.lang.Object) due to JIT inline cache
12-14 02:26:29.150 E/OpenGLRenderer( 1630): GL error:  GL_INVALID_OPERATION
12-14 02:26:29.166 I/chatty  ( 1630): uid=1000(system) RenderThread identical 55 lines
12-14 02:26:29.166 E/OpenGLRenderer( 1630): GL error:  GL_INVALID_OPERATION
12-14 02:26:29.166 I/MicroDetectionWorker( 2216): #updateMicroDetector [detectionMode: [mDetectionMode: [1]]]
12-14 02:26:29.166 E/OpenGLRenderer( 1630): GL error:  GL_INVALID_OPERATION
12-14 02:26:29.166 I/MicroDetectionWorker( 2216): #startMicroDetector [speakerMode: 0]
12-14 02:26:29.166 E/OpenGLRenderer( 1630): GL error:  GL_INVALID_OPERATION
12-14 02:26:29.167 I/chatty  ( 1630): uid=1000(system) RenderThread identical 1 line
12-14 02:26:29.167 E/OpenGLRenderer( 1630): GL error:  GL_INVALID_OPERATION
12-14 02:26:29.167 I/AudioController( 2216): Using mInputStreamFactoryBuilder
12-14 02:26:29.167 E/OpenGLRenderer( 1630): GL error:  GL_INVALID_OPERATION
12-14 02:26:29.187 I/chatty  ( 1630): uid=1000(system) RenderThread identical 40 lines
12-14 02:26:29.187 E/OpenGLRenderer( 1630): GL error:  GL_INVALID_OPERATION
12-14 02:26:29.187 I/MicroDetectionWorker( 2216): onReady
12-14 02:26:29.187 E/OpenGLRenderer( 1630): GL error:  GL_INVALID_OPERATION
12-14 02:26:29.195 I/chatty  ( 1630): uid=1000(system) RenderThread identical 24 lines
12-14 02:26:29.195 E/OpenGLRenderer( 1630): GL error:  GL_INVALID_OPERATION
12-14 02:26:29.197 I/MicroRecognitionRunner( 2216): Starting detection.
12-14 02:26:29.197 E/OpenGLRenderer( 1630): GL error:  GL_INVALID_OPERATION
12-14 02:26:29.198 I/MicrophoneInputStream( 2216): mic_starting com.google.android.apps.gsa.staticplugins.aa.c@d60ba07
12-14 02:26:29.198 E/OpenGLRenderer( 1630): GL error:  GL_INVALID_OPERATION
12-14 02:26:29.215 I/chatty  ( 1630): uid=1000(system) RenderThread identical 50 lines
12-14 02:26:29.215 E/OpenGLRenderer( 1630): GL error:  GL_INVALID_OPERATION
12-14 02:26:29.215 I/AudioFlinger( 1477): AudioFlinger's thread 0xb221b580 tid=4517 ready to run
12-14 02:26:29.217 E/OpenGLRenderer( 1630): GL error:  GL_INVALID_OPERATION
12-14 02:26:29.219 I/chatty  ( 1630): uid=1000(system) RenderThread identical 9 lines
12-14 02:26:29.220 E/OpenGLRenderer( 1630): GL error:  GL_INVALID_OPERATION
12-14 02:26:29.220 I/MicrophoneInputStream( 2216): mic_started com.google.android.apps.gsa.staticplugins.aa.c@d60ba07
12-14 02:26:29.220 E/OpenGLRenderer( 1630): GL error:  GL_INVALID_OPERATION
12-14 02:26:29.221 E/ActivityThread( 2216): Failed to find provider info for com.google.android.apps.gsa.testing.ui.audio.recorded
12-14 02:26:29.221 I/chatty  ( 1630): uid=1000(system) RenderThread identical 2 lines
12-14 02:26:29.221 E/OpenGLRenderer( 1630): GL error:  GL_INVALID_OPERATION
12-14 02:26:29.222 I/MicroDetectionWorker( 2216): onReady
12-14 02:26:29.222 E/OpenGLRenderer( 1630): GL error:  GL_INVALID_OPERATION
12-14 02:26:29.222 I/chatty  ( 1630): uid=1000(system) RenderThread identical 2 lines
12-14 02:26:29.222 E/OpenGLRenderer( 1630): GL error:  GL_INVALID_OPERATION
12-14 02:26:29.222 W/SpeechLevelGenerator( 2216): Really low audio levels detected. The audio input may have issues.
12-14 02:26:29.222 E/OpenGLRenderer( 1630): GL error:  GL_INVALID_OPERATION
12-14 02:26:29.225 I/chatty  ( 1630): uid=1000(system) RenderThread identical 11 lines
12-14 02:26:29.227 E/OpenGLRenderer( 1630): GL error:  GL_INVALID_OPERATION
12-14 02:26:29.227 I/MicrophoneInputStream( 2216): mic_close com.google.android.apps.gsa.staticplugins.aa.c@d60ba07
12-14 02:26:29.228 E/OpenGLRenderer( 1630): GL error:  GL_INVALID_OPERATION
12-14 02:26:29.243 I/chatty  ( 1630): uid=1000(system) RenderThread identical 53 lines
12-14 02:26:29.245 E/OpenGLRenderer( 1630): GL error:  GL_INVALID_OPERATION
12-14 02:26:29.245 I/MicroRecognitionRunner( 2216): Detection finished
12-14 02:26:29.245 E/OpenGLRenderer( 1630): GL error:  GL_INVALID_OPERATION
12-14 02:26:29.250 I/chatty  ( 1630): uid=1000(system) RenderThread identical 18 lines
12-14 02:26:29.250 E/OpenGLRenderer( 1630): GL error:  GL_INVALID_OPERATION
12-14 02:26:29.250 W/ErrorReporter( 2216): reportError [type: 211, code: 524300]: Error reading from input stream
12-14 02:26:29.251 E/OpenGLRenderer( 1630): GL error:  GL_INVALID_OPERATION
12-14 02:26:29.276 I/chatty  ( 1630): uid=1000(system) RenderThread identical 84 lines
12-14 02:26:29.278 E/OpenGLRenderer( 1630): GL error:  GL_INVALID_OPERATION
12-14 02:26:29.278 I/MicroRecognitionRunner( 2216): Stopping hotword detection.
12-14 02:26:29.278 E/OpenGLRenderer( 1630): GL error:  GL_INVALID_OPERATION
12-14 02:26:29.304 W/ErrorProcessor( 2216): onFatalError, processing error from engine(4)
12-14 02:26:29.304 W/ErrorProcessor( 2216): com.google.android.apps.gsa.shared.speech.b.g: Error reading from input stream
12-14 02:26:29.304 W/ErrorProcessor( 2216): 	at com.google.android.apps.gsa.staticplugins.recognizer.j.a.a(SourceFile:28)
12-14 02:26:29.304 W/ErrorProcessor( 2216): 	at com.google.android.apps.gsa.staticplugins.recognizer.j.b.run(SourceFile:15)
12-14 02:26:29.304 W/ErrorProcessor( 2216): 	at java.util.concurrent.Executors$RunnableAdapter.call(Executors.java:457)
12-14 02:26:29.304 W/ErrorProcessor( 2216): 	at java.util.concurrent.FutureTask.run(FutureTask.java:266)
12-14 02:26:29.304 W/ErrorProcessor( 2216): 	at com.google.android.apps.gsa.shared.util.concurrent.a.ax.run(SourceFile:14)
12-14 02:26:29.304 W/ErrorProcessor( 2216): 	at com.google.android.apps.gsa.shared.util.concurrent.a.bl.run(SourceFile:4)
12-14 02:26:29.304 W/ErrorProcessor( 2216): 	at com.google.android.apps.gsa.shared.util.concurrent.a.bl.run(SourceFile:4)
12-14 02:26:29.304 W/ErrorProcessor( 2216): 	at java.util.concurrent.ThreadPoolExecutor.runWorker(ThreadPoolExecutor.java:1162)
12-14 02:26:29.304 W/ErrorProcessor( 2216): 	at java.util.concurrent.ThreadPoolExecutor$Worker.run(ThreadPoolExecutor.java:636)
12-14 02:26:29.304 W/ErrorProcessor( 2216): 	at java.lang.Thread.run(Thread.java:764)
12-14 02:26:29.304 W/ErrorProcessor( 2216): 	at com.google.android.apps.gsa.shared.util.concurrent.a.ai.run(SourceFile:6)
12-14 02:26:29.304 W/ErrorProcessor( 2216): Caused by: com.google.android.apps.gsa.shared.exception.GsaIOException: Error code: 393238 | Buffer overflow, no available space.
12-14 02:26:29.304 W/ErrorProcessor( 2216): 	at com.google.android.apps.gsa.speech.audio.Tee.f(SourceFile:103)
12-14 02:26:29.304 W/ErrorProcessor( 2216): 	at com.google.android.apps.gsa.speech.audio.au.read(SourceFile:2)
12-14 02:26:29.304 W/ErrorProcessor( 2216): 	at java.io.InputStream.read(InputStream.java:101)
12-14 02:26:29.304 W/ErrorProcessor( 2216): 	at com.google.android.apps.gsa.speech.audio.ao.run(SourceFile:18)
12-14 02:26:29.304 W/ErrorProcessor( 2216): 	at com.google.android.apps.gsa.speech.audio.an.run(SourceFile:2)
12-14 02:26:29.304 W/ErrorProcessor( 2216): 	... 9 more
12-14 02:26:29.306 I/chatty  ( 1630): uid=1000(system) RenderThread expire 82 lines
12-14 02:26:29.306 E/OpenGLRenderer( 1630): GL error:  GL_INVALID_OPERATION
12-14 02:26:29.306 I/AudioController( 2216): internalShutdown
12-14 02:26:29.306 E/OpenGLRenderer( 1630): GL error:  GL_INVALID_OPERATION
12-14 02:26:29.309 I/chatty  ( 1630): uid=1000(system) RenderThread identical 9 lines
12-14 02:26:29.311 E/OpenGLRenderer( 1630): GL error:  GL_INVALID_OPERATION
12-14 02:26:29.312 E/OpenGLRenderer( 1630): GL error:  GL_INVALID_OPERATION
12-14 02:26:29.314 I/chatty  ( 1630): uid=1000(system) RenderThread identical 8 lines
12-14 02:26:29.314 E/OpenGLRenderer( 1630): GL error:  GL_INVALID_OPERATION
12-14 02:26:29.315 I/zygote  ( 2216): Background concurrent copying GC freed 7504(518KB) AllocSpace objects, 7(188KB) LOS objects, 49% free, 4MB/8MB, paused 917us total 117.173ms
12-14 02:26:29.315 E/OpenGLRenderer( 1630): GL error:  GL_INVALID_OPERATION
12-14 02:26:29.338 I/chatty  ( 1630): uid=1000(system) RenderThread identical 54 lines
12-14 02:26:29.339 E/OpenGLRenderer( 1630): GL error:  GL_INVALID_OPERATION
12-14 02:26:29.339 I/MicroDetector( 2216): Keeping mic open: false
12-14 02:26:29.339 I/MicroDetectionWorker( 2216): #onError(false)
12-14 02:26:29.340 E/OpenGLRenderer( 1630): GL error:  GL_INVALID_OPERATION
12-14 02:26:29.340 I/DeviceStateChecker( 2216): DeviceStateChecker cancelled
12-14 02:26:29.340 I/chatty  ( 1630): uid=1000(system) RenderThread expire 1 line
12-14 02:26:29.340 E/OpenGLRenderer( 1630): GL error:  GL_INVALID_OPERATION
12-14 02:26:29.342 E/OpenGLRenderer( 1630): GL error:  GL_INVALID_OPERATION
12-14 02:26:29.346 I/chatty  ( 1630): uid=1000(system) RenderThread identical 4 lines
12-14 02:26:29.346 E/OpenGLRenderer( 1630): GL error:  GL_INVALID_OPERATION
12-14 02:26:29.346 I/zygote  ( 1630): NativeAllocBackground concurrent copying GC freed 5505(517KB) AllocSpace objects, 1(20KB) LOS objects, 37% free, 9MB/15MB, paused 1.213ms total 136.811ms
12-14 02:26:29.347 E/OpenGLRenderer( 1630): GL error:  GL_INVALID_OPERATION
12-14 02:26:29.656 I/chatty  ( 1630): uid=1000(system) RenderThread identical 881 lines
12-14 02:26:29.656 E/OpenGLRenderer( 1630): GL error:  GL_INVALID_OPERATION
12-14 02:26:29.656 D/AndroidRuntime( 4512): >>>>>> START com.android.internal.os.RuntimeInit uid 2000 <<<<<<
12-14 02:26:29.656 E/OpenGLRenderer( 1630): GL error:  GL_INVALID_OPERATION
12-14 02:26:29.792 I/chatty  ( 1630): uid=1000(system) RenderThread identical 490 lines
12-14 02:26:29.793 E/OpenGLRenderer( 1630): GL error:  GL_INVALID_OPERATION
12-14 02:26:29.793 W/app_process( 4512): Unexpected CPU variant for X86 using defaults: x86
12-14 02:26:29.793 E/OpenGLRenderer( 1630): GL error:  GL_INVALID_OPERATION
12-14 02:26:29.825 I/chatty  ( 1630): uid=1000(system) RenderThread identical 114 lines
12-14 02:26:29.825 E/OpenGLRenderer( 1630): GL error:  GL_INVALID_OPERATION
12-14 02:26:29.825 D/AndroidRuntime( 4512): Calling main entry com.android.commands.am.Am
12-14 02:26:29.825 E/OpenGLRenderer( 1630): GL error:  GL_INVALID_OPERATION
12-14 02:26:29.829 I/ActivityManager( 1630): Force stopping com.evancharlton.mileage appid=10348 user=0: start instr
12-14 02:26:29.829 I/ActivityManager( 1630): Killing 4415:com.evancharlton.mileage/u0a348 (adj 0): stop com.evancharlton.mileage
12-14 02:26:29.829 W/ActivityManager( 1630): Crash of app com.evancharlton.mileage running instrumentation ComponentInfo{com.evancharlton.mileage.test/sh.calaba.instrumentationbackend.CalabashInstrumentationTestRunner}
12-14 02:26:29.830 I/ActivityManager( 1630): Force stopping com.evancharlton.mileage appid=10348 user=0: finished inst
12-14 02:26:29.848 I/chatty  ( 1630): uid=1000(system) RenderThread identical 71 lines
12-14 02:26:29.848 E/OpenGLRenderer( 1630): GL error:  GL_INVALID_OPERATION
12-14 02:26:29.848 I/zygote  ( 4526): Not late-enabling -Xcheck:jni (already on)
12-14 02:26:29.849 E/OpenGLRenderer( 1630): GL error:  GL_INVALID_OPERATION
12-14 02:26:29.849 E/OpenGLRenderer( 1630): GL error:  GL_INVALID_OPERATION
12-14 02:26:29.850 I/ActivityManager( 1630): Start proc 4526:com.evancharlton.mileage/u0a348 for added application com.evancharlton.mileage
12-14 02:26:29.854 E/memtrack( 1630): Couldn't load memtrack module
12-14 02:26:29.854 E/OpenGLRenderer( 1630): GL error:  GL_INVALID_OPERATION
12-14 02:26:29.854 W/android.os.Debug( 1630): failed to get memory consumption info: -1
12-14 02:26:29.854 E/OpenGLRenderer( 1630): GL error:  GL_INVALID_OPERATION
12-14 02:26:29.864 I/chatty  ( 1630): uid=1000(system) RenderThread identical 68 lines
12-14 02:26:29.864 E/OpenGLRenderer( 1630): GL error:  GL_INVALID_OPERATION
12-14 02:26:29.864 W/zygote  ( 4526): Unexpected CPU variant for X86 using defaults: x86
12-14 02:26:29.864 E/OpenGLRenderer( 1630): GL error:  GL_INVALID_OPERATION
12-14 02:26:29.867 I/chatty  ( 1630): uid=1000(system) RenderThread identical 22 lines
12-14 02:26:29.868 E/OpenGLRenderer( 1630): GL error:  GL_INVALID_OPERATION
12-14 02:26:29.868 D/AndroidRuntime( 4512): Shutting down VM
12-14 02:26:29.870 E/OpenGLRenderer( 1630): GL error:  GL_INVALID_OPERATION
12-14 02:26:29.896 W/ActivityManager( 1630): setHasOverlayUi called on unknown pid: 4415
12-14 02:26:29.903 I/chatty  ( 1630): uid=1000(system) RenderThread identical 107 lines
12-14 02:26:29.904 E/OpenGLRenderer( 1630): GL error:  GL_INVALID_OPERATION
12-14 02:26:29.904 W/zygote  ( 4526): Found duplicate classes, falling back to extracting from APK : /data/app/com.evancharlton.mileage.test-7V8ZvAu8R6VfKITQ3HLReA==/base.apk
12-14 02:26:29.904 W/zygote  ( 4526): NOTE: This wastes RAM and hurts startup performance.
12-14 02:26:29.904 W/zygote  ( 4526): Found duplicated class when checking oat files: 'Ljunit/runner/BaseTestRunner;' in /data/app/com.evancharlton.mileage.test-7V8ZvAu8R6VfKITQ3HLReA==/base.apk and /system/framework/android.test.runner.jar
12-14 02:26:29.904 W/zygote  ( 4526): 
12-14 02:26:29.904 E/OpenGLRenderer( 1630): GL error:  GL_INVALID_OPERATION
12-14 02:26:29.912 I/chatty  ( 1630): uid=1000(system) RenderThread identical 3 lines
12-14 02:26:29.913 E/OpenGLRenderer( 1630): GL error:  GL_INVALID_OPERATION
12-14 02:26:29.913 E/adbd    ( 1362): failed to connect to socket 'tcp:7102': Connection refused
12-14 02:26:29.913 E/OpenGLRenderer( 1630): GL error:  GL_INVALID_OPERATION
12-14 02:26:29.915 I/chatty  ( 1630): uid=1000(system) RenderThread identical 6 lines
12-14 02:26:29.916 E/OpenGLRenderer( 1630): GL error:  GL_INVALID_OPERATION
12-14 02:26:29.916 E/adbd    ( 1362): failed to connect to socket 'tcp:7102': Connection refused
12-14 02:26:29.916 E/OpenGLRenderer( 1630): GL error:  GL_INVALID_OPERATION
12-14 02:26:29.955 I/chatty  ( 1630): uid=1000(system) RenderThread identical 280 lines
12-14 02:26:29.955 E/OpenGLRenderer( 1630): GL error:  GL_INVALID_OPERATION
12-14 02:26:29.955 W/System  ( 4526): ClassLoader referenced unknown path: 
12-14 02:26:29.955 E/OpenGLRenderer( 1630): GL error:  GL_INVALID_OPERATION
12-14 02:26:29.975 I/chatty  ( 1630): uid=1000(system) RenderThread identical 108 lines
12-14 02:26:29.976 E/OpenGLRenderer( 1630): GL error:  GL_INVALID_OPERATION
12-14 02:26:29.976 I/System.out( 4526): Main activity name automatically set to: com.evancharlton.mileage.Mileage
12-14 02:26:29.976 E/OpenGLRenderer( 1630): GL error:  GL_INVALID_OPERATION
12-14 02:26:29.976 I/chatty  ( 1630): uid=1000(system) RenderThread identical 2 lines
12-14 02:26:29.976 E/OpenGLRenderer( 1630): GL error:  GL_INVALID_OPERATION
12-14 02:26:29.976 I/System.out( 4526): Calabash did not load Mono. This is only a problem if you are trying to test a Mono application
12-14 02:26:29.976 E/OpenGLRenderer( 1630): GL error:  GL_INVALID_OPERATION
12-14 02:26:29.977 E/OpenGLRenderer( 1630): GL error:  GL_INVALID_OPERATION
12-14 02:26:29.977 I/calabash( 4526): Test server port: 7102
12-14 02:26:29.977 E/OpenGLRenderer( 1630): GL error:  GL_INVALID_OPERATION
12-14 02:26:29.978 I/chatty  ( 1630): uid=1000(system) RenderThread identical 9 lines
12-14 02:26:29.978 E/OpenGLRenderer( 1630): GL error:  GL_INVALID_OPERATION
12-14 02:26:29.978 I/InstrumentationBackend( 4526): Added:'GetPreferences', with key:'get_preferences'
12-14 02:26:29.978 E/OpenGLRenderer( 1630): GL error:  GL_INVALID_OPERATION
12-14 02:26:30.035 I/chatty  ( 1630): uid=1000(system) RenderThread identical 431 lines
12-14 02:26:30.035 E/OpenGLRenderer( 1630): GL error:  GL_INVALID_OPERATION
12-14 02:26:30.035 E/adbd    ( 1362): failed to connect to socket 'tcp:7102': Connection refused
12-14 02:26:30.035 E/OpenGLRenderer( 1630): GL error:  GL_INVALID_OPERATION
12-14 02:26:30.041 I/chatty  ( 1630): uid=1000(system) RenderThread identical 27 lines
12-14 02:26:30.041 E/OpenGLRenderer( 1630): GL error:  GL_INVALID_OPERATION
12-14 02:26:30.042 E/adbd    ( 1362): failed to connect to socket 'tcp:7102': Connection refused
12-14 02:26:30.042 E/OpenGLRenderer( 1630): GL error:  GL_INVALID_OPERATION
12-14 02:26:30.086 I/chatty  ( 1630): uid=1000(system) RenderThread identical 333 lines
12-14 02:26:30.086 E/OpenGLRenderer( 1630): GL error:  GL_INVALID_OPERATION
12-14 02:26:30.086 I/InstrumentationBackend( 4526): Added:'SetPreferences', with key:'set_preferences'
12-14 02:26:30.086 E/OpenGLRenderer( 1630): GL error:  GL_INVALID_OPERATION
12-14 02:26:30.086 I/chatty  ( 1630): uid=1000(system) RenderThread identical 1 line
12-14 02:26:30.086 E/OpenGLRenderer( 1630): GL error:  GL_INVALID_OPERATION
12-14 02:26:30.086 I/InstrumentationBackend( 4526): Added:'ClearPreferences', with key:'clear_preferences'
12-14 02:26:30.086 E/OpenGLRenderer( 1630): GL error:  GL_INVALID_OPERATION
12-14 02:26:30.086 I/chatty  ( 1630): uid=1000(system) RenderThread identical 1 line
12-14 02:26:30.086 E/OpenGLRenderer( 1630): GL error:  GL_INVALID_OPERATION
12-14 02:26:30.087 I/InstrumentationBackend( 4526): Added:'PressElement', with key:'press_l10n_element'
12-14 02:26:30.087 E/OpenGLRenderer( 1630): GL error:  GL_INVALID_OPERATION
12-14 02:26:30.087 I/chatty  ( 1630): uid=1000(system) RenderThread identical 1 line
12-14 02:26:30.087 E/OpenGLRenderer( 1630): GL error:  GL_INVALID_OPERATION
12-14 02:26:30.087 I/InstrumentationBackend( 4526): Added:'WaitForElement', with key:'wait_for_l10n_element'
12-14 02:26:30.087 E/OpenGLRenderer( 1630): GL error:  GL_INVALID_OPERATION
12-14 02:26:30.088 I/chatty  ( 1630): uid=1000(system) RenderThread identical 6 lines
12-14 02:26:30.088 E/OpenGLRenderer( 1630): GL error:  GL_INVALID_OPERATION
12-14 02:26:30.088 I/InstrumentationBackend( 4526): Added:'NullAction', with key:'nullAction'
12-14 02:26:30.088 E/OpenGLRenderer( 1630): GL error:  GL_INVALID_OPERATION
12-14 02:26:30.088 I/chatty  ( 1630): uid=1000(system) RenderThread identical 3 lines
12-14 02:26:30.088 E/OpenGLRenderer( 1630): GL error:  GL_INVALID_OPERATION
12-14 02:26:30.088 I/InstrumentationBackend( 4526): Added:'PressKey', with key:'press_key'
12-14 02:26:30.089 E/OpenGLRenderer( 1630): GL error:  GL_INVALID_OPERATION
12-14 02:26:30.089 I/chatty  ( 1630): uid=1000(system) RenderThread identical 1 line
12-14 02:26:30.089 E/OpenGLRenderer( 1630): GL error:  GL_INVALID_OPERATION
12-14 02:26:30.089 I/InstrumentationBackend( 4526): Added:'SetActivityOrientation', with key:'set_activity_orientation'
12-14 02:26:30.089 E/OpenGLRenderer( 1630): GL error:  GL_INVALID_OPERATION
12-14 02:26:30.089 I/chatty  ( 1630): uid=1000(system) RenderThread identical 1 line
12-14 02:26:30.089 E/OpenGLRenderer( 1630): GL error:  GL_INVALID_OPERATION
12-14 02:26:30.089 I/InstrumentationBackend( 4526): Added:'GetActivityOrientation', with key:'get_activity_orientation'
12-14 02:26:30.089 E/OpenGLRenderer( 1630): GL error:  GL_INVALID_OPERATION
12-14 02:26:30.090 I/chatty  ( 1630): uid=1000(system) RenderThread identical 2 lines
12-14 02:26:30.090 E/OpenGLRenderer( 1630): GL error:  GL_INVALID_OPERATION
12-14 02:26:30.090 I/InstrumentationBackend( 4526): Added:'FakeGPSLocation', with key:'set_gps_coordinates'
12-14 02:26:30.090 E/OpenGLRenderer( 1630): GL error:  GL_INVALID_OPERATION
12-14 02:26:30.090 I/chatty  ( 1630): uid=1000(system) RenderThread identical 2 lines
12-14 02:26:30.090 E/OpenGLRenderer( 1630): GL error:  GL_INVALID_OPERATION
12-14 02:26:30.090 I/InstrumentationBackend( 4526): Added:'SetPropertyByCssSelector', with key:'set_property_by_css_selector'
12-14 02:26:30.090 E/OpenGLRenderer( 1630): GL error:  GL_INVALID_OPERATION
12-14 02:26:30.092 I/chatty  ( 1630): uid=1000(system) RenderThread identical 10 lines
12-14 02:26:30.092 E/OpenGLRenderer( 1630): GL error:  GL_INVALID_OPERATION
12-14 02:26:30.092 I/InstrumentationBackend( 4526): Added:'GetUrl', with key:'get_url'
12-14 02:26:30.092 E/OpenGLRenderer( 1630): GL error:  GL_INVALID_OPERATION
12-14 02:26:30.097 I/chatty  ( 1630): uid=1000(system) RenderThread identical 34 lines
12-14 02:26:30.097 E/OpenGLRenderer( 1630): GL error:  GL_INVALID_OPERATION
12-14 02:26:30.097 I/InstrumentationBackend( 4526): Added:'ScrollTo', with key:'scroll_to'
12-14 02:26:30.097 E/OpenGLRenderer( 1630): GL error:  GL_INVALID_OPERATION
12-14 02:26:30.098 I/chatty  ( 1630): uid=1000(system) RenderThread identical 1 line
12-14 02:26:30.098 E/OpenGLRenderer( 1630): GL error:  GL_INVALID_OPERATION
12-14 02:26:30.098 I/InstrumentationBackend( 4526): Added:'GetLoadProgress', with key:'get_load_progress'
12-14 02:26:30.098 E/OpenGLRenderer( 1630): GL error:  GL_INVALID_OPERATION
12-14 02:26:30.098 I/chatty  ( 1630): uid=1000(system) RenderThread identical 3 lines
12-14 02:26:30.098 E/OpenGLRenderer( 1630): GL error:  GL_INVALID_OPERATION
12-14 02:26:30.098 I/InstrumentationBackend( 4526): Added:'DumpHtml', with key:'dump_html'
12-14 02:26:30.098 E/OpenGLRenderer( 1630): GL error:  GL_INVALID_OPERATION
12-14 02:26:30.099 E/OpenGLRenderer( 1630): GL error:  GL_INVALID_OPERATION
12-14 02:26:30.099 I/InstrumentationBackend( 4526): Added:'DumpBodyHtml', with key:'dump_body_html'
12-14 02:26:30.099 E/OpenGLRenderer( 1630): GL error:  GL_INVALID_OPERATION
12-14 02:26:30.099 E/OpenGLRenderer( 1630): GL error:  GL_INVALID_OPERATION
12-14 02:26:30.099 I/InstrumentationBackend( 4526): Added:'EnterTextByCssSelector', with key:'enter_text_by_selector'
12-14 02:26:30.099 E/OpenGLRenderer( 1630): GL error:  GL_INVALID_OPERATION
12-14 02:26:30.104 I/chatty  ( 1630): uid=1000(system) RenderThread identical 39 lines
12-14 02:26:30.104 E/OpenGLRenderer( 1630): GL error:  GL_INVALID_OPERATION
12-14 02:26:30.104 I/InstrumentationBackend( 4526): Added:'AndroidSDKVersion', with key:'android_sdk_version'
12-14 02:26:30.104 E/OpenGLRenderer( 1630): GL error:  GL_INVALID_OPERATION
12-14 02:26:30.105 I/chatty  ( 1630): uid=1000(system) RenderThread identical 2 lines
12-14 02:26:30.105 E/OpenGLRenderer( 1630): GL error:  GL_INVALID_OPERATION
12-14 02:26:30.105 I/InstrumentationBackend( 4526): Added:'Version', with key:'version'
12-14 02:26:30.105 E/OpenGLRenderer( 1630): GL error:  GL_INVALID_OPERATION
12-14 02:26:30.105 E/OpenGLRenderer( 1630): GL error:  GL_INVALID_OPERATION
12-14 02:26:30.105 I/InstrumentationBackend( 4526): Added:'Drag', with key:'drag'
12-14 02:26:30.105 E/OpenGLRenderer( 1630): GL error:  GL_INVALID_OPERATION
12-14 02:26:30.105 I/chatty  ( 1630): uid=1000(system) RenderThread identical 1 line
12-14 02:26:30.105 E/OpenGLRenderer( 1630): GL error:  GL_INVALID_OPERATION
12-14 02:26:30.105 I/InstrumentationBackend( 4526): Added:'TouchCoordinates', with key:'touch_coordinate'
12-14 02:26:30.105 E/OpenGLRenderer( 1630): GL error:  GL_INVALID_OPERATION
12-14 02:26:30.106 I/chatty  ( 1630): uid=1000(system) RenderThread identical 1 line
12-14 02:26:30.106 E/OpenGLRenderer( 1630): GL error:  GL_INVALID_OPERATION
12-14 02:26:30.106 I/InstrumentationBackend( 4526): Added:'LongPressCoordinate', with key:'long_press_coordinate'
12-14 02:26:30.106 E/OpenGLRenderer( 1630): GL error:  GL_INVALID_OPERATION
12-14 02:26:30.106 E/OpenGLRenderer( 1630): GL error:  GL_INVALID_OPERATION
12-14 02:26:30.106 I/InstrumentationBackend( 4526): Added:'DragCoordinates', with key:'drag_coordinates'
12-14 02:26:30.106 E/OpenGLRenderer( 1630): GL error:  GL_INVALID_OPERATION
12-14 02:26:30.106 I/chatty  ( 1630): uid=1000(system) RenderThread identical 2 lines
12-14 02:26:30.106 E/OpenGLRenderer( 1630): GL error:  GL_INVALID_OPERATION
12-14 02:26:30.106 I/InstrumentationBackend( 4526): Added:'ResumeApplication', with key:'resume_application'
12-14 02:26:30.107 E/OpenGLRenderer( 1630): GL error:  GL_INVALID_OPERATION
12-14 02:26:30.107 E/OpenGLRenderer( 1630): GL error:  GL_INVALID_OPERATION
12-14 02:26:30.107 I/InstrumentationBackend( 4526): Added:'Swipe', with key:'swipe'
12-14 02:26:30.107 E/OpenGLRenderer( 1630): GL error:  GL_INVALID_OPERATION
12-14 02:26:30.107 E/OpenGLRenderer( 1630): GL error:  GL_INVALID_OPERATION
12-14 02:26:30.107 I/InstrumentationBackend( 4526): Added:'DoubleTapCoordinate', with key:'double_tap_coordinate'
12-14 02:26:30.107 E/OpenGLRenderer( 1630): GL error:  GL_INVALID_OPERATION
12-14 02:26:30.107 I/chatty  ( 1630): uid=1000(system) RenderThread identical 2 lines
12-14 02:26:30.107 E/OpenGLRenderer( 1630): GL error:  GL_INVALID_OPERATION
12-14 02:26:30.107 I/InstrumentationBackend( 4526): Added:'ClickOnScreen', with key:'click_on_screen'
12-14 02:26:30.107 E/OpenGLRenderer( 1630): GL error:  GL_INVALID_OPERATION
12-14 02:26:30.108 I/chatty  ( 1630): uid=1000(system) RenderThread identical 6 lines
12-14 02:26:30.108 I/InstrumentationBackend( 4526): Added:'GetActivityName', with key:'get_activity_name'
12-14 02:26:30.108 E/OpenGLRenderer( 1630): GL error:  GL_INVALID_OPERATION
12-14 02:26:30.109 E/OpenGLRenderer( 1630): GL error:  GL_INVALID_OPERATION
12-14 02:26:30.109 I/chatty  ( 1630): uid=1000(system) RenderThread identical 1 line
12-14 02:26:30.109 E/OpenGLRenderer( 1630): GL error:  GL_INVALID_OPERATION
12-14 02:26:30.110 I/InstrumentationBackend( 4526): Added:'ScrollToView', with key:'scroll_to_view'
12-14 02:26:30.110 E/OpenGLRenderer( 1630): GL error:  GL_INVALID_OPERATION
12-14 02:26:30.110 I/chatty  ( 1630): uid=1000(system) RenderThread identical 4 lines
12-14 02:26:30.110 E/OpenGLRenderer( 1630): GL error:  GL_INVALID_OPERATION
12-14 02:26:30.110 I/InstrumentationBackend( 4526): Added:'ViewConfiguration', with key:'view_configuration'
12-14 02:26:30.110 E/OpenGLRenderer( 1630): GL error:  GL_INVALID_OPERATION
12-14 02:26:30.111 I/chatty  ( 1630): uid=1000(system) RenderThread identical 1 line
12-14 02:26:30.111 E/OpenGLRenderer( 1630): GL error:  GL_INVALID_OPERATION
12-14 02:26:30.111 I/InstrumentationBackend( 4526): Added:'IsCurrentActivityFocused', with key:'is_current_activity_focused'
12-14 02:26:30.111 E/OpenGLRenderer( 1630): GL error:  GL_INVALID_OPERATION
12-14 02:26:30.111 I/chatty  ( 1630): uid=1000(system) RenderThread identical 1 line
12-14 02:26:30.111 E/OpenGLRenderer( 1630): GL error:  GL_INVALID_OPERATION
12-14 02:26:30.111 I/InstrumentationBackend( 4526): Added:'SendTcp', with key:'send_tcp'
12-14 02:26:30.111 E/OpenGLRenderer( 1630): GL error:  GL_INVALID_OPERATION
12-14 02:26:30.111 I/chatty  ( 1630): uid=1000(system) RenderThread identical 1 line
12-14 02:26:30.111 E/OpenGLRenderer( 1630): GL error:  GL_INVALID_OPERATION
12-14 02:26:30.111 I/InstrumentationBackend( 4526): Added:'DpToDevicePixel', with key:'dp_to_device_pixel'
12-14 02:26:30.112 E/OpenGLRenderer( 1630): GL error:  GL_INVALID_OPERATION
12-14 02:26:30.112 I/chatty  ( 1630): uid=1000(system) RenderThread identical 7 lines
12-14 02:26:30.112 E/OpenGLRenderer( 1630): GL error:  GL_INVALID_OPERATION
12-14 02:26:30.112 I/InstrumentationBackend( 4526): Added:'KeyboardEnterText', with key:'keyboard_enter_text'
12-14 02:26:30.113 E/OpenGLRenderer( 1630): GL error:  GL_INVALID_OPERATION
12-14 02:26:30.113 I/chatty  ( 1630): uid=1000(system) RenderThread identical 2 lines
12-14 02:26:30.113 E/OpenGLRenderer( 1630): GL error:  GL_INVALID_OPERATION
12-14 02:26:30.113 I/InstrumentationBackend( 4526): Added:'DeleteSurroundingText', with key:'delete_surrounding_text'
12-14 02:26:30.113 E/OpenGLRenderer( 1630): GL error:  GL_INVALID_OPERATION
12-14 02:26:30.113 I/chatty  ( 1630): uid=1000(system) RenderThread identical 2 lines
12-14 02:26:30.113 I/InstrumentationBackend( 4526): Added:'SetComposingRegion', with key:'set_composing_region'
12-14 02:26:30.113 E/OpenGLRenderer( 1630): GL error:  GL_INVALID_OPERATION
12-14 02:26:30.113 E/OpenGLRenderer( 1630): GL error:  GL_INVALID_OPERATION
12-14 02:26:30.117 I/chatty  ( 1630): uid=1000(system) RenderThread identical 27 lines
12-14 02:26:30.117 E/OpenGLRenderer( 1630): GL error:  GL_INVALID_OPERATION
12-14 02:26:30.117 I/InstrumentationBackend( 4526): Added:'SetSelection', with key:'set_selection'
12-14 02:26:30.117 E/OpenGLRenderer( 1630): GL error:  GL_INVALID_OPERATION
12-14 02:26:30.117 E/OpenGLRenderer( 1630): GL error:  GL_INVALID_OPERATION
12-14 02:26:30.117 I/InstrumentationBackend( 4526): Added:'KeyboardKeyEvent', with key:'keyboard_key_event'
12-14 02:26:30.117 E/OpenGLRenderer( 1630): GL error:  GL_INVALID_OPERATION
12-14 02:26:30.118 I/chatty  ( 1630): uid=1000(system) RenderThread identical 2 lines
12-14 02:26:30.118 E/OpenGLRenderer( 1630): GL error:  GL_INVALID_OPERATION
12-14 02:26:30.118 I/InstrumentationBackend( 4526): Added:'PressUserActionButton', with key:'press_user_action_button'
12-14 02:26:30.118 E/OpenGLRenderer( 1630): GL error:  GL_INVALID_OPERATION
12-14 02:26:30.119 I/chatty  ( 1630): uid=1000(system) RenderThread identical 6 lines
12-14 02:26:30.119 E/OpenGLRenderer( 1630): GL error:  GL_INVALID_OPERATION
12-14 02:26:30.119 I/InstrumentationBackend( 4526): Added:'HideSoftKeyboard', with key:'hide_soft_keyboard'
12-14 02:26:30.119 E/OpenGLRenderer( 1630): GL error:  GL_INVALID_OPERATION
12-14 02:26:30.121 I/chatty  ( 1630): uid=1000(system) RenderThread identical 10 lines
12-14 02:26:30.121 E/OpenGLRenderer( 1630): GL error:  GL_INVALID_OPERATION
12-14 02:26:30.121 I/InstrumentationBackend( 4526): Added:'ListActions', with key:'list_actions'
12-14 02:26:30.121 E/OpenGLRenderer( 1630): GL error:  GL_INVALID_OPERATION
12-14 02:26:30.121 E/OpenGLRenderer( 1630): GL error:  GL_INVALID_OPERATION
12-14 02:26:30.121 I/calabash( 4526): Instantiating http server at 7102
12-14 02:26:30.121 E/OpenGLRenderer( 1630): GL error:  GL_INVALID_OPERATION
12-14 02:26:30.122 I/chatty  ( 1630): uid=1000(system) RenderThread identical 4 lines
12-14 02:26:30.122 E/OpenGLRenderer( 1630): GL error:  GL_INVALID_OPERATION
12-14 02:26:30.122 I/System.out( 4526): HTTP Daemon listening on: 7102
12-14 02:26:30.122 E/OpenGLRenderer( 1630): GL error:  GL_INVALID_OPERATION
12-14 02:26:30.157 I/chatty  ( 1630): uid=1000(system) RenderThread identical 197 lines
12-14 02:26:30.157 E/OpenGLRenderer( 1630): GL error:  GL_INVALID_OPERATION
12-14 02:26:30.158 I/System.out( 4526): URI: //ping
12-14 02:26:30.158 E/OpenGLRenderer( 1630): GL error:  GL_INVALID_OPERATION
12-14 02:26:30.158 I/chatty  ( 1630): uid=1000(system) RenderThread identical 1 line
12-14 02:26:30.158 E/OpenGLRenderer( 1630): GL error:  GL_INVALID_OPERATION
12-14 02:26:30.158 I/System.out( 4526): params: {json={}
12-14 02:26:30.158 I/System.out( 4526): }
12-14 02:26:30.158 E/OpenGLRenderer( 1630): GL error:  GL_INVALID_OPERATION
12-14 02:26:30.168 I/chatty  ( 1630): uid=1000(system) RenderThread identical 46 lines
12-14 02:26:30.168 E/OpenGLRenderer( 1630): GL error:  GL_INVALID_OPERATION
12-14 02:26:30.168 I/System.out( 4526): URI: //ping
12-14 02:26:30.169 E/OpenGLRenderer( 1630): GL error:  GL_INVALID_OPERATION
12-14 02:26:30.169 I/System.out( 4526): params: {json={}
12-14 02:26:30.169 I/System.out( 4526): }
12-14 02:26:30.169 E/OpenGLRenderer( 1630): GL error:  GL_INVALID_OPERATION
12-14 02:26:30.178 I/chatty  ( 1630): uid=1000(system) RenderThread identical 35 lines
12-14 02:26:30.178 E/OpenGLRenderer( 1630): GL error:  GL_INVALID_OPERATION
12-14 02:26:30.178 I/System.out( 4526): URI: //ready
12-14 02:26:30.178 E/OpenGLRenderer( 1630): GL error:  GL_INVALID_OPERATION
12-14 02:26:30.178 I/System.out( 4526): params: {json={}
12-14 02:26:30.178 I/System.out( 4526): }
12-14 02:26:30.178 E/OpenGLRenderer( 1630): GL error:  GL_INVALID_OPERATION
12-14 02:26:30.192 I/chatty  ( 1630): uid=1000(system) RenderThread identical 68 lines
12-14 02:26:30.192 E/OpenGLRenderer( 1630): GL error:  GL_INVALID_OPERATION
12-14 02:26:30.192 I/System.out( 4526): URI: //
12-14 02:26:30.192 I/System.out( 4526): params: {json={"command":"version","arguments":[]}
12-14 02:26:30.192 I/System.out( 4526): }
12-14 02:26:30.192 E/OpenGLRenderer( 1630): GL error:  GL_INVALID_OPERATION
12-14 02:26:30.193 E/OpenGLRenderer( 1630): GL error:  GL_INVALID_OPERATION
12-14 02:26:30.193 I/System.out( 4526): header: {content-type=application/json;charset=utf-8, date=Mon, 14 Dec 2020 07:26:31 GMT, accept=*/*, host=127.0.0.1:34777, content-length=36, user-agent=HTTPClient/1.0 (2.8.3, ruby 2.5.8 (2020-03-31))}
12-14 02:26:30.193 I/System.out( 4526): params: {json={"command":"version","arguments":[]}
12-14 02:26:30.193 I/System.out( 4526): }
12-14 02:26:30.193 E/OpenGLRenderer( 1630): GL error:  GL_INVALID_OPERATION
12-14 02:26:30.193 I/System.out( 4526): ProP json = {"command":"version","arguments":[]}
12-14 02:26:30.193 I/System.out( 4526): files: {}
12-14 02:26:30.193 I/System.out( 4526): command: {"command":"version","arguments":[]}
12-14 02:26:30.193 E/OpenGLRenderer( 1630): GL error:  GL_INVALID_OPERATION
12-14 02:26:30.240 I/chatty  ( 1630): uid=1000(system) RenderThread identical 364 lines
12-14 02:26:30.240 E/OpenGLRenderer( 1630): GL error:  GL_INVALID_OPERATION
12-14 02:26:30.240 I/InstrumentationBackend( 4526): Got command:'Command:'Line:null,version', arguments:'[]'
12-14 02:26:30.240 E/OpenGLRenderer( 1630): GL error:  GL_INVALID_OPERATION
12-14 02:26:30.287 I/chatty  ( 1630): uid=1000(system) RenderThread identical 353 lines
12-14 02:26:30.287 E/OpenGLRenderer( 1630): GL error:  GL_INVALID_OPERATION
12-14 02:26:30.287 I/System.out( 4526): result:{"bonusInformation":[],"message":"0.9.8","success":true}
12-14 02:26:30.287 E/OpenGLRenderer( 1630): GL error:  GL_INVALID_OPERATION
12-14 02:26:30.296 I/chatty  ( 1630): uid=1000(system) RenderThread identical 36 lines
12-14 02:26:30.296 E/OpenGLRenderer( 1630): GL error:  GL_INVALID_OPERATION
12-14 02:26:30.296 I/System.out( 4526): URI: //start-application
12-14 02:26:30.296 I/System.out( 4526): params: {json={"intent":null}
12-14 02:26:30.296 I/System.out( 4526): }
12-14 02:26:30.296 E/OpenGLRenderer( 1630): GL error:  GL_INVALID_OPERATION
12-14 02:26:30.349 I/ActivityManager( 1630): START u0 {act=android.intent.action.MAIN cat=[android.intent.category.LAUNCHER] flg=0x10200000 cmp=com.evancharlton.mileage/.Mileage} from uid 10348
12-14 02:26:30.375 I/chatty  ( 1630): uid=1000(system) RenderThread identical 474 lines
12-14 02:26:30.375 E/OpenGLRenderer( 1630): GL error:  GL_INVALID_OPERATION
12-14 02:26:30.376 I/calabash( 4526): newActivity1
12-14 02:26:30.377 E/OpenGLRenderer( 1630): GL error:  GL_INVALID_OPERATION
12-14 02:26:30.378 I/chatty  ( 1630): uid=1000(system) RenderThread identical 1 line
12-14 02:26:30.378 E/OpenGLRenderer( 1630): GL error:  GL_INVALID_OPERATION
12-14 02:26:30.378 D/gralloc_ranchu( 1397): gralloc_alloc: Creating ashmem region of size 7753728
12-14 02:26:30.379 E/OpenGLRenderer( 1630): GL error:  GL_INVALID_OPERATION
12-14 02:26:30.426 I/chatty  ( 1630): uid=1000(system) RenderThread identical 177 lines
12-14 02:26:30.426 E/OpenGLRenderer( 1630): GL error:  GL_INVALID_OPERATION
12-14 02:26:30.427 W/ActivityManager( 1630): Bad activity token: android.os.BinderProxy@b6d1039
12-14 02:26:30.427 W/ActivityManager( 1630): java.lang.ClassCastException: android.os.BinderProxy cannot be cast to com.android.server.am.ActivityRecord$Token
12-14 02:26:30.427 W/ActivityManager( 1630): 	at com.android.server.am.ActivityRecord.forTokenLocked(ActivityRecord.java:778)
12-14 02:26:30.427 W/ActivityManager( 1630): 	at com.android.server.am.ActivityRecord.isInStackLocked(ActivityRecord.java:2085)
12-14 02:26:30.427 W/ActivityManager( 1630): 	at com.android.server.am.ActivityRecord.getStackLocked(ActivityRecord.java:2090)
12-14 02:26:30.427 W/ActivityManager( 1630): 	at com.android.server.am.ActivityManagerService.getActivityDisplayId(ActivityManagerService.java:10406)
12-14 02:26:30.427 W/ActivityManager( 1630): 	at android.app.IActivityManager$Stub.onTransact(IActivityManager.java:2738)
12-14 02:26:30.427 W/ActivityManager( 1630): 	at com.android.server.am.ActivityManagerService.onTransact(ActivityManagerService.java:2935)
12-14 02:26:30.427 W/ActivityManager( 1630): 	at android.os.Binder.execTransact(Binder.java:674)
12-14 02:26:30.428 I/calabash( 4526): newActivity1
12-14 02:26:30.433 E/OpenGLRenderer( 1630): GL error:  GL_INVALID_OPERATION
12-14 02:26:30.435 W/ActivityManager( 1630): Bad activity token: android.os.BinderProxy@b6d1039
12-14 02:26:30.435 W/ActivityManager( 1630): java.lang.ClassCastException: android.os.BinderProxy cannot be cast to com.android.server.am.ActivityRecord$Token
12-14 02:26:30.435 W/ActivityManager( 1630): 	at com.android.server.am.ActivityRecord.forTokenLocked(ActivityRecord.java:778)
12-14 02:26:30.435 W/ActivityManager( 1630): 	at com.android.server.am.ActivityRecord.isInStackLocked(ActivityRecord.java:2085)
12-14 02:26:30.435 W/ActivityManager( 1630): 	at com.android.server.am.ActivityManagerService.setTaskDescription(ActivityManagerService.java:9988)
12-14 02:26:30.435 W/ActivityManager( 1630): 	at android.app.IActivityManager$Stub.onTransact(IActivityManager.java:2824)
12-14 02:26:30.435 W/ActivityManager( 1630): 	at com.android.server.am.ActivityManagerService.onTransact(ActivityManagerService.java:2935)
12-14 02:26:30.435 W/ActivityManager( 1630): 	at android.os.Binder.execTransact(Binder.java:674)
12-14 02:26:30.438 W/ActivityManager( 1630): Bad activity token: android.os.BinderProxy@b6d1039
12-14 02:26:30.438 W/ActivityManager( 1630): java.lang.ClassCastException: android.os.BinderProxy cannot be cast to com.android.server.am.ActivityRecord$Token
12-14 02:26:30.438 W/ActivityManager( 1630): 	at com.android.server.am.ActivityRecord.forTokenLocked(ActivityRecord.java:778)
12-14 02:26:30.438 W/ActivityManager( 1630): 	at com.android.server.am.ActivityRecord.isInStackLocked(ActivityRecord.java:2085)
12-14 02:26:30.438 W/ActivityManager( 1630): 	at com.android.server.am.ActivityRecord.getStackLocked(ActivityRecord.java:2090)
12-14 02:26:30.438 W/ActivityManager( 1630): 	at com.android.server.am.ActivityManagerService.getActivityStackId(ActivityManagerService.java:10417)
12-14 02:26:30.438 W/ActivityManager( 1630): 	at android.app.IActivityManager$Stub.onTransact(IActivityManager.java:3548)
12-14 02:26:30.438 W/ActivityManager( 1630): 	at com.android.server.am.ActivityManagerService.onTransact(ActivityManagerService.java:2935)
12-14 02:26:30.438 W/ActivityManager( 1630): 	at android.os.Binder.execTransact(Binder.java:674)
12-14 02:26:30.442 I/chatty  ( 1630): uid=1000(system) RenderThread identical 59 lines
12-14 02:26:30.442 E/OpenGLRenderer( 1630): GL error:  GL_INVALID_OPERATION
12-14 02:26:30.448 D/EGL_emulation( 2185): eglMakeCurrent: 0x9b9fda40: ver 3 0 (tinfo 0x9b9ffb30)
12-14 02:26:30.450 V/StatusBar( 1729): setLightsOn(true)
