--------- beginning of main
12-14 02:26:08.503 D/AndroidRuntime( 4203): >>>>>> START com.android.internal.os.RuntimeInit uid 2000 <<<<<<
12-14 02:26:08.534 W/app_process( 4203): Unexpected CPU variant for X86 using defaults: x86
12-14 02:26:08.552 D/AndroidRuntime( 4203): Calling main entry com.android.commands.am.Am
12-14 02:26:08.563 I/zygote  ( 4213): Not late-enabling -Xcheck:jni (already on)
12-14 02:26:08.569 W/zygote  ( 4213): Unexpected CPU variant for X86 using defaults: x86
12-14 02:26:08.571 D/AndroidRuntime( 4203): Shutting down VM
12-14 02:26:08.573 E/memtrack( 1630): Couldn't load memtrack module
12-14 02:26:08.573 W/android.os.Debug( 1630): failed to get memory consumption info: -1
12-14 02:26:08.598 W/zygote  ( 4213): Found duplicate classes, falling back to extracting from APK : /data/app/com.evancharlton.mileage.test-7V8ZvAu8R6VfKITQ3HLReA==/base.apk
12-14 02:26:08.598 W/zygote  ( 4213): NOTE: This wastes RAM and hurts startup performance.
12-14 02:26:08.598 W/zygote  ( 4213): Found duplicated class when checking oat files: 'Ljunit/runner/BaseTestRunner;' in /data/app/com.evancharlton.mileage.test-7V8ZvAu8R6VfKITQ3HLReA==/base.apk and /system/framework/android.test.runner.jar
12-14 02:26:08.598 W/zygote  ( 4213): 
12-14 02:26:08.600 E/adbd    ( 1362): failed to connect to socket 'tcp:7102': Connection refused
12-14 02:26:08.600 E/memtrack( 1630): Couldn't load memtrack module
12-14 02:26:08.600 W/android.os.Debug( 1630): failed to get memory consumption info: -1
12-14 02:26:08.608 E/adbd    ( 1362): failed to connect to socket 'tcp:7102': Connection refused
12-14 02:26:08.614 E/memtrack( 1630): Couldn't load memtrack module
12-14 02:26:08.614 W/android.os.Debug( 1630): failed to get memory consumption info: -1
12-14 02:26:08.622 E/memtrack( 1630): Couldn't load memtrack module
12-14 02:26:08.622 W/android.os.Debug( 1630): failed to get memory consumption info: -1
12-14 02:26:08.633 W/System  ( 4213): ClassLoader referenced unknown path: 
12-14 02:26:08.645 I/System.out( 4213): Main activity name automatically set to: com.evancharlton.mileage.Mileage
12-14 02:26:08.647 I/System.out( 4213): Calabash did not load Mono. This is only a problem if you are trying to test a Mono application
12-14 02:26:08.647 I/calabash( 4213): Test server port: 7102
12-14 02:26:08.648 I/InstrumentationBackend( 4213): Added:'GetPreferences', with key:'get_preferences'
12-14 02:26:08.707 I/InstrumentationBackend( 4213): Added:'SetPreferences', with key:'set_preferences'
12-14 02:26:08.707 I/InstrumentationBackend( 4213): Added:'ClearPreferences', with key:'clear_preferences'
12-14 02:26:08.707 I/InstrumentationBackend( 4213): Added:'PressElement', with key:'press_l10n_element'
12-14 02:26:08.707 I/InstrumentationBackend( 4213): Added:'WaitForElement', with key:'wait_for_l10n_element'
12-14 02:26:08.708 I/InstrumentationBackend( 4213): Added:'NullAction', with key:'nullAction'
12-14 02:26:08.708 I/InstrumentationBackend( 4213): Added:'PressKey', with key:'press_key'
12-14 02:26:08.708 I/InstrumentationBackend( 4213): Added:'SetActivityOrientation', with key:'set_activity_orientation'
12-14 02:26:08.709 I/InstrumentationBackend( 4213): Added:'GetActivityOrientation', with key:'get_activity_orientation'
12-14 02:26:08.709 I/InstrumentationBackend( 4213): Added:'FakeGPSLocation', with key:'set_gps_coordinates'
12-14 02:26:08.710 I/InstrumentationBackend( 4213): Added:'SetPropertyByCssSelector', with key:'set_property_by_css_selector'
12-14 02:26:08.712 I/InstrumentationBackend( 4213): Added:'GetUrl', with key:'get_url'
12-14 02:26:08.714 I/InstrumentationBackend( 4213): Added:'ScrollTo', with key:'scroll_to'
12-14 02:26:08.714 I/InstrumentationBackend( 4213): Added:'GetLoadProgress', with key:'get_load_progress'
12-14 02:26:08.715 I/InstrumentationBackend( 4213): Added:'DumpHtml', with key:'dump_html'
12-14 02:26:08.716 I/InstrumentationBackend( 4213): Added:'DumpBodyHtml', with key:'dump_body_html'
12-14 02:26:08.716 E/adbd    ( 1362): failed to connect to socket 'tcp:7102': Connection refused
12-14 02:26:08.717 I/InstrumentationBackend( 4213): Added:'EnterTextByCssSelector', with key:'enter_text_by_selector'
12-14 02:26:08.718 E/adbd    ( 1362): failed to connect to socket 'tcp:7102': Connection refused
12-14 02:26:08.722 I/InstrumentationBackend( 4213): Added:'AndroidSDKVersion', with key:'android_sdk_version'
12-14 02:26:08.722 I/InstrumentationBackend( 4213): Added:'Version', with key:'version'
12-14 02:26:08.723 I/InstrumentationBackend( 4213): Added:'Drag', with key:'drag'
12-14 02:26:08.723 I/InstrumentationBackend( 4213): Added:'TouchCoordinates', with key:'touch_coordinate'
12-14 02:26:08.723 I/InstrumentationBackend( 4213): Added:'LongPressCoordinate', with key:'long_press_coordinate'
12-14 02:26:08.723 I/InstrumentationBackend( 4213): Added:'DragCoordinates', with key:'drag_coordinates'
12-14 02:26:08.724 I/InstrumentationBackend( 4213): Added:'ResumeApplication', with key:'resume_application'
12-14 02:26:08.725 I/InstrumentationBackend( 4213): Added:'Swipe', with key:'swipe'
12-14 02:26:08.725 I/InstrumentationBackend( 4213): Added:'DoubleTapCoordinate', with key:'double_tap_coordinate'
12-14 02:26:08.725 I/InstrumentationBackend( 4213): Added:'ClickOnScreen', with key:'click_on_screen'
12-14 02:26:08.727 I/InstrumentationBackend( 4213): Added:'GetActivityName', with key:'get_activity_name'
12-14 02:26:08.727 I/InstrumentationBackend( 4213): Added:'ScrollToView', with key:'scroll_to_view'
12-14 02:26:08.728 I/InstrumentationBackend( 4213): Added:'ViewConfiguration', with key:'view_configuration'
12-14 02:26:08.728 I/InstrumentationBackend( 4213): Added:'IsCurrentActivityFocused', with key:'is_current_activity_focused'
12-14 02:26:08.728 I/InstrumentationBackend( 4213): Added:'SendTcp', with key:'send_tcp'
12-14 02:26:08.729 I/InstrumentationBackend( 4213): Added:'DpToDevicePixel', with key:'dp_to_device_pixel'
12-14 02:26:08.730 I/InstrumentationBackend( 4213): Added:'KeyboardEnterText', with key:'keyboard_enter_text'
12-14 02:26:08.731 I/InstrumentationBackend( 4213): Added:'DeleteSurroundingText', with key:'delete_surrounding_text'
12-14 02:26:08.731 I/InstrumentationBackend( 4213): Added:'SetComposingRegion', with key:'set_composing_region'
12-14 02:26:08.732 I/InstrumentationBackend( 4213): Added:'SetSelection', with key:'set_selection'
12-14 02:26:08.732 I/InstrumentationBackend( 4213): Added:'KeyboardKeyEvent', with key:'keyboard_key_event'
12-14 02:26:08.733 I/InstrumentationBackend( 4213): Added:'PressUserActionButton', with key:'press_user_action_button'
12-14 02:26:08.733 I/InstrumentationBackend( 4213): Added:'HideSoftKeyboard', with key:'hide_soft_keyboard'
12-14 02:26:08.734 I/InstrumentationBackend( 4213): Added:'ListActions', with key:'list_actions'
12-14 02:26:08.735 I/calabash( 4213): Instantiating http server at 7102
12-14 02:26:08.736 I/System.out( 4213): HTTP Daemon listening on: 7102
12-14 02:26:08.837 I/System.out( 4213): URI: //ping
12-14 02:26:08.838 I/System.out( 4213): params: {json={}
12-14 02:26:08.838 I/System.out( 4213): }
12-14 02:26:08.850 I/System.out( 4213): URI: //ping
12-14 02:26:08.850 I/System.out( 4213): params: {json={}
12-14 02:26:08.850 I/System.out( 4213): }
12-14 02:26:08.857 I/System.out( 4213): URI: //ready
12-14 02:26:08.858 I/System.out( 4213): params: {json={}
12-14 02:26:08.858 I/System.out( 4213): }
12-14 02:26:08.865 I/System.out( 4213): URI: //
12-14 02:26:08.865 I/System.out( 4213): params: {json={"command":"version","arguments":[]}
12-14 02:26:08.865 I/System.out( 4213): }
12-14 02:26:08.865 I/System.out( 4213): header: {content-type=application/json;charset=utf-8, date=Mon, 14 Dec 2020 07:26:09 GMT, accept=*/*, host=127.0.0.1:34777, content-length=36, user-agent=HTTPClient/1.0 (2.8.3, ruby 2.5.8 (2020-03-31))}
12-14 02:26:08.865 I/System.out( 4213): params: {json={"command":"version","arguments":[]}
12-14 02:26:08.865 I/System.out( 4213): }
12-14 02:26:08.865 I/System.out( 4213): ProP json = {"command":"version","arguments":[]}
12-14 02:26:08.866 I/System.out( 4213): files: {}
12-14 02:26:08.866 I/System.out( 4213): command: {"command":"version","arguments":[]}
12-14 02:26:08.893 I/InstrumentationBackend( 4213): Got command:'Command:'Line:null,version', arguments:'[]'
12-14 02:26:08.929 I/System.out( 4213): result:{"bonusInformation":[],"message":"0.9.8","success":true}
12-14 02:26:08.936 I/System.out( 4213): URI: //start-application
12-14 02:26:08.936 I/System.out( 4213): params: {json={"intent":null}
12-14 02:26:08.936 I/System.out( 4213): }
12-14 02:26:08.993 I/calabash( 4213): newActivity1
12-14 02:26:09.013 D/gralloc_ranchu( 1397): gralloc_alloc: Creating ashmem region of size 7753728
12-14 02:26:09.037 I/calabash( 4213): newActivity1
12-14 02:26:09.094 E/ContentStoreEUAS( 2216): Failed to commit the deferred actions
12-14 02:26:09.118 V/StatusBar( 1729): setLightsOn(true)
12-14 02:26:09.130 D/EGL_emulation( 2185): eglMakeCurrent: 0x9b9fda40: ver 3 0 (tinfo 0x9b9ffb30)
12-14 02:26:09.130 D/EGL_emulation( 2216): eglMakeCurrent: 0x9b9fdaa0: ver 3 0 (tinfo 0xa760b0f0)
12-14 02:26:09.144 D/EGL_emulation( 1729): eglMakeCurrent: 0x8a653340: ver 3 0 (tinfo 0x99a7bc80)
12-14 02:26:09.170 I/chatty  ( 1729): uid=10028(u0_a28) RenderThread identical 3 lines
12-14 02:26:09.176 D/EGL_emulation( 1729): eglMakeCurrent: 0x8a653340: ver 3 0 (tinfo 0x99a7bc80)
12-14 02:26:09.178 V/StatusBar( 1729): setLightsOn(true)
12-14 02:26:09.187 D/EGL_emulation( 1729): eglMakeCurrent: 0x8a653340: ver 3 0 (tinfo 0x99a7bc80)
12-14 02:26:09.312 I/chatty  ( 1729): uid=10028(u0_a28) RenderThread identical 16 lines
12-14 02:26:09.320 D/EGL_emulation( 1729): eglMakeCurrent: 0x8a653340: ver 3 0 (tinfo 0x99a7bc80)
12-14 02:26:09.321 V/StatusBar( 1729): setLightsOn(true)
12-14 02:26:09.329 D/EGL_emulation( 1729): eglMakeCurrent: 0x8a653340: ver 3 0 (tinfo 0x99a7bc80)
12-14 02:26:09.339 I/chatty  ( 1729): uid=10028(u0_a28) RenderThread identical 1 line
12-14 02:26:09.345 D/EGL_emulation( 1729): eglMakeCurrent: 0x8a653340: ver 3 0 (tinfo 0x99a7bc80)
12-14 02:26:09.356 I/zygote  ( 4213): Do partial code cache collection, code=29KB, data=30KB
12-14 02:26:09.357 I/zygote  ( 4213): After code cache collection, code=29KB, data=30KB
12-14 02:26:09.357 I/zygote  ( 4213): Increasing code cache capacity to 128KB
12-14 02:26:09.358 I/zygote  ( 4213): Do partial code cache collection, code=29KB, data=48KB
12-14 02:26:09.358 I/zygote  ( 4213): After code cache collection, code=29KB, data=48KB
12-14 02:26:09.358 I/zygote  ( 4213): Increasing code cache capacity to 256KB
12-14 02:26:09.359 I/zygote  ( 4213): JIT allocated 71KB for compiled code of void android.widget.TextView.<init>(android.content.Context, android.util.AttributeSet, int, int)
12-14 02:26:09.359 I/zygote  ( 4213): Compiler allocated 4MB to compile void android.widget.TextView.<init>(android.content.Context, android.util.AttributeSet, int, int)
12-14 02:26:09.361 V/StatusBar( 1729): setLightsOn(true)
12-14 02:26:09.366 I/chatty  ( 1729): uid=10028(u0_a28) com.android.systemui identical 1 line
12-14 02:26:09.370 V/StatusBar( 1729): setLightsOn(true)
12-14 02:26:09.418 D/gralloc_ranchu( 1397): gralloc_alloc: Creating ashmem region of size 7753728
12-14 02:26:09.439 D/        ( 4213): HostConnection::get() New Host Connection established 0x9b6afdc0, tid 4213
12-14 02:26:09.485 V/StatusBar( 1729): setLightsOn(true)
12-14 02:26:09.488 I/ActivityManager( 1630): Displayed com.evancharlton.mileage/.Mileage: +496ms
12-14 02:26:09.506 V/StatusBar( 1729): setLightsOn(true)
12-14 02:26:09.537 I/zygote  ( 4213): Do full code cache collection, code=125KB, data=71KB
12-14 02:26:09.538 I/zygote  ( 4213): After code cache collection, code=106KB, data=43KB
12-14 02:26:09.539 D/gralloc_ranchu( 1397): gralloc_alloc: Creating ashmem region of size 7753728
12-14 02:26:09.584 V/StatusBar( 1729): setLightsOn(true)
12-14 02:26:09.683 I/chatty  ( 1729): uid=10028(u0_a28) com.android.systemui identical 1 line
12-14 02:26:09.714 V/StatusBar( 1729): setLightsOn(true)
12-14 02:26:09.832 I/System.out( 4213): URI: //kill
12-14 02:26:09.832 I/System.out( 4213): params: {json={}
12-14 02:26:09.832 I/System.out( 4213): }
12-14 02:26:09.832 I/System.out( 4213): Stopping test server
12-14 02:26:09.837 E/adbd    ( 1362): failed to connect to socket 'tcp:7102': Connection refused
12-14 02:26:09.839 E/adbd    ( 1362): failed to connect to socket 'tcp:7102': Connection refused
12-14 02:26:09.846 V/StatusBar( 1729): setLightsOn(true)
12-14 02:26:09.854 I/chatty  ( 1729): uid=10028(u0_a28) com.android.systemui identical 2 lines
12-14 02:26:09.871 V/StatusBar( 1729): setLightsOn(true)
12-14 02:26:09.885 D/gralloc_ranchu( 1397): gralloc_alloc: Creating ashmem region of size 7753728
12-14 02:26:09.894 D/        ( 1630): HostConnection::get() New Host Connection established 0x87e186c0, tid 1752
12-14 02:26:09.907 V/StatusBar( 1729): setLightsOn(true)
12-14 02:26:09.911 D/gralloc_ranchu( 1397): gralloc_alloc: Creating ashmem region of size 8298496
12-14 02:26:09.932 I/OpenGLRenderer( 1630): Initialized EGL, version 1.4
12-14 02:26:09.932 D/OpenGLRenderer( 1630): Swap behavior 1
12-14 02:26:09.933 W/OpenGLRenderer( 1630): Failed to choose config with EGL_SWAP_BEHAVIOR_PRESERVED, retrying without...
12-14 02:26:09.933 D/OpenGLRenderer( 1630): Swap behavior 0
12-14 02:26:09.963 D/EGL_emulation( 1729): eglMakeCurrent: 0x8a653340: ver 3 0 (tinfo 0x99a7bc80)
12-14 02:26:09.964 D/gralloc_ranchu( 1397): gralloc_alloc: Creating ashmem region of size 8298496
12-14 02:26:09.964 D/EGL_emulation( 1630): eglCreateContext: 0x9b66f380: maj 3 min 0 rcv 3
12-14 02:26:10.032 D/gralloc_ranchu( 1397): gralloc_alloc: Creating ashmem region of size 8298496
12-14 02:26:10.035 D/EGL_emulation( 1630): eglMakeCurrent: 0x9b66f380: ver 3 0 (tinfo 0x99a6fdb0)
12-14 02:26:10.037 E/eglCodecCommon( 1630): glUtilsParamSize: unknow param 0x00008cdf
12-14 02:26:10.038 E/eglCodecCommon( 1630): glUtilsParamSize: unknow param 0x00008cdf
12-14 02:26:10.038 E/eglCodecCommon( 1630): glUtilsParamSize: unknow param 0x00008824
12-14 02:26:10.039 E/eglCodecCommon( 1630): glUtilsParamSize: unknow param 0x00008824
12-14 02:26:10.078 I/zygote  ( 1630): NativeAllocBackground concurrent copying GC freed 7877(796KB) AllocSpace objects, 5(100KB) LOS objects, 36% free, 10MB/16MB, paused 15.781ms total 171.948ms
12-14 02:26:10.082 D/gralloc_ranchu( 1397): gralloc_alloc: Creating ashmem region of size 8298496
12-14 02:26:10.086 D/        ( 1729): HostConnection::get() New Host Connection established 0x99a30d80, tid 1744
12-14 02:26:10.137 D/gralloc_ranchu( 1397): gralloc_alloc: Creating ashmem region of size 8298496
12-14 02:26:10.147 D/gralloc_ranchu( 1397): gralloc_alloc: Creating ashmem region of size 8298496
12-14 02:26:10.155 E/IPCThreadState( 1407): binder thread pool (4 threads) starved for 193 ms
12-14 02:26:10.170 D/EGL_emulation( 1729): eglMakeCurrent: 0x8a653340: ver 3 0 (tinfo 0x99a7bc80)
12-14 02:26:10.199 D/EGL_emulation( 2185): eglMakeCurrent: 0x9b9fda40: ver 3 0 (tinfo 0x9b9ffb30)
12-14 02:26:10.226 D/EGL_emulation( 1729): eglMakeCurrent: 0x8a653340: ver 3 0 (tinfo 0x99a7bc80)
12-14 02:26:10.225 D/EGL_emulation( 2216): eglMakeCurrent: 0x9b9fdaa0: ver 3 0 (tinfo 0xa760b0f0)
12-14 02:26:10.244 D/EGL_emulation( 1729): eglMakeCurrent: 0x8a653340: ver 3 0 (tinfo 0x99a7bc80)
12-14 02:26:10.248 I/MicroDetectionWorker( 2216): #updateMicroDetector [detectionMode: [mDetectionMode: [1]]]
12-14 02:26:10.248 I/MicroDetectionWorker( 2216): #startMicroDetector [speakerMode: 0]
12-14 02:26:10.248 I/AudioController( 2216): Using mInputStreamFactoryBuilder
12-14 02:26:10.250 I/MicroDetectionWorker( 2216): onReady
12-14 02:26:10.261 I/MicroRecognitionRunner( 2216): Starting detection.
12-14 02:26:10.262 I/MicrophoneInputStream( 2216): mic_starting com.google.android.apps.gsa.staticplugins.aa.c@6728ec5
12-14 02:26:10.280 I/AudioFlinger( 1477): AudioFlinger's thread 0xb2783b80 tid=4263 ready to run
12-14 02:26:10.293 I/MicrophoneInputStream( 2216): mic_started com.google.android.apps.gsa.staticplugins.aa.c@6728ec5
12-14 02:26:10.294 I/MicroDetectionWorker( 2216): onReady
12-14 02:26:10.303 I/MicrophoneInputStream( 2216): mic_close com.google.android.apps.gsa.staticplugins.aa.c@6728ec5
12-14 02:26:10.314 I/MicroRecognitionRunner( 2216): Detection finished
12-14 02:26:10.317 W/ErrorReporter( 2216): reportError [type: 211, code: 524300]: Error reading from input stream
12-14 02:26:10.319 I/MicroRecognitionRunner( 2216): Stopping hotword detection.
12-14 02:26:10.320 W/ErrorProcessor( 2216): onFatalError, processing error from engine(4)
12-14 02:26:10.320 W/ErrorProcessor( 2216): com.google.android.apps.gsa.shared.speech.b.g: Error reading from input stream
12-14 02:26:10.320 W/ErrorProcessor( 2216): 	at com.google.android.apps.gsa.staticplugins.recognizer.j.a.a(SourceFile:28)
12-14 02:26:10.320 W/ErrorProcessor( 2216): 	at com.google.android.apps.gsa.staticplugins.recognizer.j.b.run(SourceFile:15)
12-14 02:26:10.320 W/ErrorProcessor( 2216): 	at java.util.concurrent.Executors$RunnableAdapter.call(Executors.java:457)
12-14 02:26:10.320 W/ErrorProcessor( 2216): 	at java.util.concurrent.FutureTask.run(FutureTask.java:266)
12-14 02:26:10.320 W/ErrorProcessor( 2216): 	at com.google.android.apps.gsa.shared.util.concurrent.a.ax.run(SourceFile:14)
12-14 02:26:10.320 W/ErrorProcessor( 2216): 	at com.google.android.apps.gsa.shared.util.concurrent.a.bl.run(SourceFile:4)
12-14 02:26:10.320 W/ErrorProcessor( 2216): 	at com.google.android.apps.gsa.shared.util.concurrent.a.bl.run(SourceFile:4)
12-14 02:26:10.320 W/ErrorProcessor( 2216): 	at java.util.concurrent.ThreadPoolExecutor.runWorker(ThreadPoolExecutor.java:1162)
12-14 02:26:10.320 W/ErrorProcessor( 2216): 	at java.util.concurrent.ThreadPoolExecutor$Worker.run(ThreadPoolExecutor.java:636)
12-14 02:26:10.320 W/ErrorProcessor( 2216): 	at java.lang.Thread.run(Thread.java:764)
12-14 02:26:10.320 W/ErrorProcessor( 2216): 	at com.google.android.apps.gsa.shared.util.concurrent.a.ai.run(SourceFile:6)
12-14 02:26:10.320 W/ErrorProcessor( 2216): Caused by: com.google.android.apps.gsa.shared.exception.GsaIOException: Error code: 393238 | Buffer overflow, no available space.
12-14 02:26:10.320 W/ErrorProcessor( 2216): 	at com.google.android.apps.gsa.speech.audio.Tee.f(SourceFile:103)
12-14 02:26:10.320 W/ErrorProcessor( 2216): 	at com.google.android.apps.gsa.speech.audio.au.read(SourceFile:2)
12-14 02:26:10.320 W/ErrorProcessor( 2216): 	at java.io.InputStream.read(InputStream.java:101)
12-14 02:26:10.320 W/ErrorProcessor( 2216): 	at com.google.android.apps.gsa.speech.audio.ao.run(SourceFile:18)
12-14 02:26:10.320 W/ErrorProcessor( 2216): 	at com.google.android.apps.gsa.speech.audio.an.run(SourceFile:2)
12-14 02:26:10.320 W/ErrorProcessor( 2216): 	... 9 more
12-14 02:26:10.320 I/AudioController( 2216): internalShutdown
12-14 02:26:10.327 I/MicroDetector( 2216): Keeping mic open: false
12-14 02:26:10.327 I/MicroDetectionWorker( 2216): #onError(false)
12-14 02:26:10.328 I/DeviceStateChecker( 2216): DeviceStateChecker cancelled
12-14 02:26:10.336 I/zygote  ( 1630): NativeAllocBackground concurrent copying GC freed 577(353KB) AllocSpace objects, 1(20KB) LOS objects, 36% free, 10MB/16MB, paused 8.633ms total 61.184ms
12-14 02:26:10.698 W/OpenGLRenderer( 2185): Incorrectly called buildLayer on View: ShortcutAndWidgetContainer, destroying layer...
--------- beginning of system
12-14 02:26:12.995 E/TaskPersister( 1630): File error accessing recents directory (directory doesn't exist?).
12-14 02:26:13.150 D/AndroidRuntime( 4267): >>>>>> START com.android.internal.os.RuntimeInit uid 2000 <<<<<<
12-14 02:26:13.183 W/app_process( 4267): Unexpected CPU variant for X86 using defaults: x86
12-14 02:26:13.198 D/AndroidRuntime( 4267): Calling main entry com.android.commands.am.Am
12-14 02:26:13.202 I/ActivityManager( 1630): Force stopping com.evancharlton.mileage appid=10348 user=0: start instr
12-14 02:26:13.202 I/ActivityManager( 1630): Killing 4213:com.evancharlton.mileage/u0a348 (adj 0): stop com.evancharlton.mileage
12-14 02:26:13.202 W/ActivityManager( 1630): Crash of app com.evancharlton.mileage running instrumentation ComponentInfo{com.evancharlton.mileage.test/sh.calaba.instrumentationbackend.CalabashInstrumentationTestRunner}
12-14 02:26:13.202 I/ActivityManager( 1630): Force stopping com.evancharlton.mileage appid=10348 user=0: finished inst
12-14 02:26:13.212 I/zygote  ( 4277): Not late-enabling -Xcheck:jni (already on)
12-14 02:26:13.218 I/ActivityManager( 1630): Start proc 4277:com.evancharlton.mileage/u0a348 for added application com.evancharlton.mileage
12-14 02:26:13.218 D/AndroidRuntime( 4267): Shutting down VM
12-14 02:26:13.221 E/memtrack( 1630): Couldn't load memtrack module
12-14 02:26:13.221 W/android.os.Debug( 1630): failed to get memory consumption info: -1
12-14 02:26:13.226 W/zygote  ( 4277): Unexpected CPU variant for X86 using defaults: x86
12-14 02:26:13.242 E/memtrack( 1630): Couldn't load memtrack module
12-14 02:26:13.242 W/android.os.Debug( 1630): failed to get memory consumption info: -1
12-14 02:26:13.245 W/ActivityManager( 1630): setHasOverlayUi called on unknown pid: 4213
12-14 02:26:13.246 W/zygote  ( 4277): Found duplicate classes, falling back to extracting from APK : /data/app/com.evancharlton.mileage.test-7V8ZvAu8R6VfKITQ3HLReA==/base.apk
12-14 02:26:13.246 W/zygote  ( 4277): NOTE: This wastes RAM and hurts startup performance.
12-14 02:26:13.246 W/zygote  ( 4277): Found duplicated class when checking oat files: 'Ljunit/runner/BaseTestRunner;' in /data/app/com.evancharlton.mileage.test-7V8ZvAu8R6VfKITQ3HLReA==/base.apk and /system/framework/android.test.runner.jar
12-14 02:26:13.246 W/zygote  ( 4277): 
12-14 02:26:13.252 E/memtrack( 1630): Couldn't load memtrack module
12-14 02:26:13.252 W/android.os.Debug( 1630): failed to get memory consumption info: -1
12-14 02:26:13.254 E/adbd    ( 1362): failed to connect to socket 'tcp:7102': Connection refused
12-14 02:26:13.263 E/memtrack( 1630): Couldn't load memtrack module
12-14 02:26:13.263 W/android.os.Debug( 1630): failed to get memory consumption info: -1
12-14 02:26:13.264 E/adbd    ( 1362): failed to connect to socket 'tcp:7102': Connection refused
12-14 02:26:13.281 W/System  ( 4277): ClassLoader referenced unknown path: 
12-14 02:26:13.293 I/System.out( 4277): Main activity name automatically set to: com.evancharlton.mileage.Mileage
12-14 02:26:13.294 I/System.out( 4277): Calabash did not load Mono. This is only a problem if you are trying to test a Mono application
12-14 02:26:13.294 I/calabash( 4277): Test server port: 7102
12-14 02:26:13.297 I/InstrumentationBackend( 4277): Added:'GetPreferences', with key:'get_preferences'
12-14 02:26:13.355 I/InstrumentationBackend( 4277): Added:'SetPreferences', with key:'set_preferences'
12-14 02:26:13.355 I/InstrumentationBackend( 4277): Added:'ClearPreferences', with key:'clear_preferences'
12-14 02:26:13.355 I/InstrumentationBackend( 4277): Added:'PressElement', with key:'press_l10n_element'
12-14 02:26:13.356 I/InstrumentationBackend( 4277): Added:'WaitForElement', with key:'wait_for_l10n_element'
12-14 02:26:13.357 I/InstrumentationBackend( 4277): Added:'NullAction', with key:'nullAction'
12-14 02:26:13.357 I/InstrumentationBackend( 4277): Added:'PressKey', with key:'press_key'
12-14 02:26:13.357 I/InstrumentationBackend( 4277): Added:'SetActivityOrientation', with key:'set_activity_orientation'
12-14 02:26:13.357 I/InstrumentationBackend( 4277): Added:'GetActivityOrientation', with key:'get_activity_orientation'
12-14 02:26:13.358 I/InstrumentationBackend( 4277): Added:'FakeGPSLocation', with key:'set_gps_coordinates'
12-14 02:26:13.359 I/InstrumentationBackend( 4277): Added:'SetPropertyByCssSelector', with key:'set_property_by_css_selector'
12-14 02:26:13.360 I/InstrumentationBackend( 4277): Added:'GetUrl', with key:'get_url'
12-14 02:26:13.362 I/InstrumentationBackend( 4277): Added:'ScrollTo', with key:'scroll_to'
12-14 02:26:13.362 I/InstrumentationBackend( 4277): Added:'GetLoadProgress', with key:'get_load_progress'
12-14 02:26:13.363 I/InstrumentationBackend( 4277): Added:'DumpHtml', with key:'dump_html'
12-14 02:26:13.363 I/InstrumentationBackend( 4277): Added:'DumpBodyHtml', with key:'dump_body_html'
12-14 02:26:13.363 I/InstrumentationBackend( 4277): Added:'EnterTextByCssSelector', with key:'enter_text_by_selector'
12-14 02:26:13.367 I/InstrumentationBackend( 4277): Added:'AndroidSDKVersion', with key:'android_sdk_version'
12-14 02:26:13.367 I/InstrumentationBackend( 4277): Added:'Version', with key:'version'
12-14 02:26:13.367 I/InstrumentationBackend( 4277): Added:'Drag', with key:'drag'
12-14 02:26:13.368 I/InstrumentationBackend( 4277): Added:'TouchCoordinates', with key:'touch_coordinate'
12-14 02:26:13.368 I/InstrumentationBackend( 4277): Added:'LongPressCoordinate', with key:'long_press_coordinate'
12-14 02:26:13.368 I/InstrumentationBackend( 4277): Added:'DragCoordinates', with key:'drag_coordinates'
12-14 02:26:13.369 I/InstrumentationBackend( 4277): Added:'ResumeApplication', with key:'resume_application'
12-14 02:26:13.369 I/InstrumentationBackend( 4277): Added:'Swipe', with key:'swipe'
12-14 02:26:13.369 I/InstrumentationBackend( 4277): Added:'DoubleTapCoordinate', with key:'double_tap_coordinate'
12-14 02:26:13.369 I/InstrumentationBackend( 4277): Added:'ClickOnScreen', with key:'click_on_screen'
12-14 02:26:13.370 I/InstrumentationBackend( 4277): Added:'GetActivityName', with key:'get_activity_name'
12-14 02:26:13.370 I/InstrumentationBackend( 4277): Added:'ScrollToView', with key:'scroll_to_view'
12-14 02:26:13.371 I/InstrumentationBackend( 4277): Added:'ViewConfiguration', with key:'view_configuration'
12-14 02:26:13.371 I/InstrumentationBackend( 4277): Added:'IsCurrentActivityFocused', with key:'is_current_activity_focused'
12-14 02:26:13.371 I/InstrumentationBackend( 4277): Added:'SendTcp', with key:'send_tcp'
12-14 02:26:13.372 I/InstrumentationBackend( 4277): Added:'DpToDevicePixel', with key:'dp_to_device_pixel'
12-14 02:26:13.373 I/InstrumentationBackend( 4277): Added:'KeyboardEnterText', with key:'keyboard_enter_text'
12-14 02:26:13.374 I/InstrumentationBackend( 4277): Added:'DeleteSurroundingText', with key:'delete_surrounding_text'
12-14 02:26:13.374 I/InstrumentationBackend( 4277): Added:'SetComposingRegion', with key:'set_composing_region'
12-14 02:26:13.375 I/InstrumentationBackend( 4277): Added:'SetSelection', with key:'set_selection'
12-14 02:26:13.375 I/InstrumentationBackend( 4277): Added:'KeyboardKeyEvent', with key:'keyboard_key_event'
12-14 02:26:13.375 I/InstrumentationBackend( 4277): Added:'PressUserActionButton', with key:'press_user_action_button'
12-14 02:26:13.376 I/InstrumentationBackend( 4277): Added:'HideSoftKeyboard', with key:'hide_soft_keyboard'
12-14 02:26:13.377 I/InstrumentationBackend( 4277): Added:'ListActions', with key:'list_actions'
12-14 02:26:13.378 I/calabash( 4277): Instantiating http server at 7102
12-14 02:26:13.378 I/System.out( 4277): HTTP Daemon listening on: 7102
12-14 02:26:13.384 I/System.out( 4277): URI: //ping
12-14 02:26:13.385 I/System.out( 4277): params: {json={}
12-14 02:26:13.385 I/System.out( 4277): }
12-14 02:26:13.392 I/System.out( 4277): URI: //ping
12-14 02:26:13.392 I/System.out( 4277): params: {json={}
12-14 02:26:13.392 I/System.out( 4277): }
12-14 02:26:13.399 I/System.out( 4277): URI: //ready
12-14 02:26:13.399 I/System.out( 4277): params: {json={}
12-14 02:26:13.399 I/System.out( 4277): }
12-14 02:26:13.405 I/System.out( 4277): URI: //
12-14 02:26:13.405 I/System.out( 4277): params: {json={"command":"version","arguments":[]}
12-14 02:26:13.405 I/System.out( 4277): }
12-14 02:26:13.405 I/System.out( 4277): header: {content-type=application/json;charset=utf-8, date=Mon, 14 Dec 2020 07:26:14 GMT, accept=*/*, host=127.0.0.1:34777, content-length=36, user-agent=HTTPClient/1.0 (2.8.3, ruby 2.5.8 (2020-03-31))}
12-14 02:26:13.405 I/System.out( 4277): params: {json={"command":"version","arguments":[]}
12-14 02:26:13.405 I/System.out( 4277): }
12-14 02:26:13.405 I/System.out( 4277): ProP json = {"command":"version","arguments":[]}
12-14 02:26:13.405 I/System.out( 4277): files: {}
12-14 02:26:13.405 I/System.out( 4277): command: {"command":"version","arguments":[]}
12-14 02:26:13.438 I/InstrumentationBackend( 4277): Got command:'Command:'Line:null,version', arguments:'[]'
12-14 02:26:13.469 I/System.out( 4277): result:{"bonusInformation":[],"message":"0.9.8","success":true}
12-14 02:26:13.476 I/System.out( 4277): URI: //start-application
12-14 02:26:13.476 I/System.out( 4277): params: {json={"intent":null}
12-14 02:26:13.476 I/System.out( 4277): }
12-14 02:26:13.511 I/ActivityManager( 1630): START u0 {act=android.intent.action.MAIN cat=[android.intent.category.LAUNCHER] flg=0x10200000 cmp=com.evancharlton.mileage/.Mileage} from uid 10348
12-14 02:26:13.525 I/calabash( 4277): newActivity1
12-14 02:26:13.544 W/ActivityManager( 1630): Bad activity token: android.os.BinderProxy@f0f2b60
12-14 02:26:13.544 W/ActivityManager( 1630): java.lang.ClassCastException: android.os.BinderProxy cannot be cast to com.android.server.am.ActivityRecord$Token
12-14 02:26:13.544 W/ActivityManager( 1630): 	at com.android.server.am.ActivityRecord.forTokenLocked(ActivityRecord.java:778)
12-14 02:26:13.544 W/ActivityManager( 1630): 	at com.android.server.am.ActivityRecord.isInStackLocked(ActivityRecord.java:2085)
12-14 02:26:13.544 W/ActivityManager( 1630): 	at com.android.server.am.ActivityRecord.getStackLocked(ActivityRecord.java:2090)
12-14 02:26:13.544 W/ActivityManager( 1630): 	at com.android.server.am.ActivityManagerService.getActivityDisplayId(ActivityManagerService.java:10406)
12-14 02:26:13.544 W/ActivityManager( 1630): 	at android.app.IActivityManager$Stub.onTransact(IActivityManager.java:2738)
12-14 02:26:13.544 W/ActivityManager( 1630): 	at com.android.server.am.ActivityManagerService.onTransact(ActivityManagerService.java:2935)
12-14 02:26:13.544 W/ActivityManager( 1630): 	at android.os.Binder.execTransact(Binder.java:674)
12-14 02:26:13.545 I/calabash( 4277): newActivity1
12-14 02:26:13.555 W/ActivityManager( 1630): Bad activity token: android.os.BinderProxy@f0f2b60
12-14 02:26:13.555 W/ActivityManager( 1630): java.lang.ClassCastException: android.os.BinderProxy cannot be cast to com.android.server.am.ActivityRecord$Token
12-14 02:26:13.555 W/ActivityManager( 1630): 	at com.android.server.am.ActivityRecord.forTokenLocked(ActivityRecord.java:778)
12-14 02:26:13.555 W/ActivityManager( 1630): 	at com.android.server.am.ActivityRecord.isInStackLocked(ActivityRecord.java:2085)
12-14 02:26:13.555 W/ActivityManager( 1630): 	at com.android.server.am.ActivityManagerService.setTaskDescription(ActivityManagerService.java:9988)
12-14 02:26:13.555 W/ActivityManager( 1630): 	at android.app.IActivityManager$Stub.onTransact(IActivityManager.java:2824)
12-14 02:26:13.555 W/ActivityManager( 1630): 	at com.android.server.am.ActivityManagerService.onTransact(ActivityManagerService.java:2935)
12-14 02:26:13.555 W/ActivityManager( 1630): 	at android.os.Binder.execTransact(Binder.java:674)
12-14 02:26:13.556 W/ActivityManager( 1630): Bad activity token: android.os.BinderProxy@f0f2b60
12-14 02:26:13.556 W/ActivityManager( 1630): java.lang.ClassCastException: android.os.BinderProxy cannot be cast to com.android.server.am.ActivityRecord$Token
12-14 02:26:13.556 W/ActivityManager( 1630): 	at com.android.server.am.ActivityRecord.forTokenLocked(ActivityRecord.java:778)
12-14 02:26:13.556 W/ActivityManager( 1630): 	at com.android.server.am.ActivityRecord.isInStackLocked(ActivityRecord.java:2085)
12-14 02:26:13.556 W/ActivityManager( 1630): 	at com.android.server.am.ActivityRecord.getStackLocked(ActivityRecord.java:2090)
12-14 02:26:13.556 W/ActivityManager( 1630): 	at com.android.server.am.ActivityManagerService.getActivityStackId(ActivityManagerService.java:10417)
12-14 02:26:13.556 W/ActivityManager( 1630): 	at android.app.IActivityManager$Stub.onTransact(IActivityManager.java:3548)
12-14 02:26:13.556 W/ActivityManager( 1630): 	at com.android.server.am.ActivityManagerService.onTransact(ActivityManagerService.java:2935)
12-14 02:26:13.556 W/ActivityManager( 1630): 	at android.os.Binder.execTransact(Binder.java:674)
12-14 02:26:13.568 D/gralloc_ranchu( 1397): gralloc_alloc: Creating ashmem region of size 7753728
12-14 02:26:13.619 V/StatusBar( 1729): setLightsOn(true)
12-14 02:26:13.622 D/EGL_emulation( 2185): eglMakeCurrent: 0x9b9fda40: ver 3 0 (tinfo 0x9b9ffb30)
12-14 02:26:13.624 D/EGL_emulation( 2216): eglMakeCurrent: 0x9b9fdaa0: ver 3 0 (tinfo 0xa760b0f0)
12-14 02:26:13.647 D/EGL_emulation( 1729): eglMakeCurrent: 0x8a653340: ver 3 0 (tinfo 0x99a7bc80)
12-14 02:26:13.649 V/StatusBar( 1729): setLightsOn(true)
12-14 02:26:13.652 D/EGL_emulation( 1729): eglMakeCurrent: 0x8a653340: ver 3 0 (tinfo 0x99a7bc80)
12-14 02:26:13.658 D/EGL_emulation( 1729): eglMakeCurrent: 0x8a653340: ver 3 0 (tinfo 0x99a7bc80)
12-14 02:26:13.664 E/ContentStoreEUAS( 2216): Failed to commit the deferred actions
12-14 02:26:13.672 D/EGL_emulation( 1729): eglMakeCurrent: 0x8a653340: ver 3 0 (tinfo 0x99a7bc80)
12-14 02:26:13.687 W/ActivityManager( 1630): Bad activity token: android.os.BinderProxy@f0f2b60
12-14 02:26:13.687 W/ActivityManager( 1630): java.lang.ClassCastException: android.os.BinderProxy cannot be cast to com.android.server.am.ActivityRecord$Token
12-14 02:26:13.687 W/ActivityManager( 1630): 	at com.android.server.am.ActivityRecord.forTokenLocked(ActivityRecord.java:778)
12-14 02:26:13.687 W/ActivityManager( 1630): 	at com.android.server.am.ActivityRecord.isInStackLocked(ActivityRecord.java:2085)
12-14 02:26:13.687 W/ActivityManager( 1630): 	at com.android.server.am.ActivityManagerService.getActivityOptions(ActivityManagerService.java:13302)
12-14 02:26:13.687 W/ActivityManager( 1630): 	at android.app.IActivityManager$Stub.onTransact(IActivityManager.java:2910)
12-14 02:26:13.687 W/ActivityManager( 1630): 	at com.android.server.am.ActivityManagerService.onTransact(ActivityManagerService.java:2935)
12-14 02:26:13.687 W/ActivityManager( 1630): 	at android.os.Binder.execTransact(Binder.java:674)
12-14 02:26:13.688 W/ActivityManager( 1630): Bad activity token: android.os.BinderProxy@f0f2b60
12-14 02:26:13.688 W/ActivityManager( 1630): java.lang.ClassCastException: android.os.BinderProxy cannot be cast to com.android.server.am.ActivityRecord$Token
12-14 02:26:13.688 W/ActivityManager( 1630): 	at com.android.server.am.ActivityRecord.forTokenLocked(ActivityRecord.java:778)
12-14 02:26:13.688 W/ActivityManager( 1630): 	at com.android.server.am.ActivityRecord.isInStackLocked(ActivityRecord.java:2085)
12-14 02:26:13.688 W/ActivityManager( 1630): 	at com.android.server.am.ActivityManagerService.getActivityOptions(ActivityManagerService.java:13302)
12-14 02:26:13.688 W/ActivityManager( 1630): 	at android.app.IActivityManager$Stub.onTransact(IActivityManager.java:2910)
12-14 02:26:13.688 W/ActivityManager( 1630): 	at com.android.server.am.ActivityManagerService.onTransact(ActivityManagerService.java:2935)
12-14 02:26:13.688 W/ActivityManager( 1630): 	at android.os.Binder.execTransact(Binder.java:674)
12-14 02:26:13.783 I/chatty  ( 1729): uid=10028(u0_a28) RenderThread identical 14 lines
12-14 02:26:13.791 D/EGL_emulation( 1729): eglMakeCurrent: 0x8a653340: ver 3 0 (tinfo 0x99a7bc80)
12-14 02:26:13.793 V/StatusBar( 1729): setLightsOn(true)
12-14 02:26:13.798 D/EGL_emulation( 1729): eglMakeCurrent: 0x8a653340: ver 3 0 (tinfo 0x99a7bc80)
12-14 02:26:13.816 I/chatty  ( 1729): uid=10028(u0_a28) RenderThread identical 2 lines
12-14 02:26:13.824 D/EGL_emulation( 1729): eglMakeCurrent: 0x8a653340: ver 3 0 (tinfo 0x99a7bc80)
12-14 02:26:13.829 I/zygote  ( 4277): Do partial code cache collection, code=29KB, data=30KB
12-14 02:26:13.832 D/EGL_emulation( 1729): eglMakeCurrent: 0x8a653340: ver 3 0 (tinfo 0x99a7bc80)
12-14 02:26:13.832 I/zygote  ( 4277): After code cache collection, code=29KB, data=30KB
12-14 02:26:13.832 I/zygote  ( 4277): Increasing code cache capacity to 128KB
12-14 02:26:13.835 I/zygote  ( 4277): Do partial code cache collection, code=29KB, data=48KB
12-14 02:26:13.836 I/zygote  ( 4277): After code cache collection, code=29KB, data=48KB
12-14 02:26:13.836 I/zygote  ( 4277): Increasing code cache capacity to 256KB
12-14 02:26:13.836 I/zygote  ( 4277): JIT allocated 71KB for compiled code of void android.widget.TextView.<init>(android.content.Context, android.util.AttributeSet, int, int)
12-14 02:26:13.836 I/zygote  ( 4277): Compiler allocated 4MB to compile void android.widget.TextView.<init>(android.content.Context, android.util.AttributeSet, int, int)
12-14 02:26:13.841 D/EGL_emulation( 1729): eglMakeCurrent: 0x8a653340: ver 3 0 (tinfo 0x99a7bc80)
12-14 02:26:13.849 D/EGL_emulation( 1729): eglMakeCurrent: 0x8a653340: ver 3 0 (tinfo 0x99a7bc80)
12-14 02:26:13.861 V/StatusBar( 1729): setLightsOn(true)
12-14 02:26:13.862 I/chatty  ( 1729): uid=10028(u0_a28) com.android.systemui identical 1 line
12-14 02:26:13.863 V/StatusBar( 1729): setLightsOn(true)
12-14 02:26:13.912 D/gralloc_ranchu( 1397): gralloc_alloc: Creating ashmem region of size 7753728
12-14 02:26:13.932 D/        ( 4277): HostConnection::get() New Host Connection established 0x9b6afd80, tid 4277
12-14 02:26:13.995 V/StatusBar( 1729): setLightsOn(true)
12-14 02:26:13.999 I/ActivityManager( 1630): Displayed com.evancharlton.mileage/.Mileage: +475ms
12-14 02:26:14.013 V/StatusBar( 1729): setLightsOn(true)
12-14 02:26:14.013 D/gralloc_ranchu( 1397): gralloc_alloc: Creating ashmem region of size 7753728
12-14 02:26:14.051 V/StatusBar( 1729): setLightsOn(true)
12-14 02:26:14.073 I/zygote  ( 4277): Do full code cache collection, code=125KB, data=71KB
12-14 02:26:14.074 I/zygote  ( 4277): After code cache collection, code=107KB, data=43KB
12-14 02:26:14.183 V/StatusBar( 1729): setLightsOn(true)
12-14 02:26:14.185 V/StatusBar( 1729): setLightsOn(true)
12-14 02:26:14.255 E/WifiVendorHal( 1630): getTxPktFates(l.1941) failed {.code = ERROR_NOT_SUPPORTED, .description = }
12-14 02:26:14.257 E/WifiVendorHal( 1630): getRxPktFates(l.1981) failed {.code = ERROR_NOT_SUPPORTED, .description = }
