12-14 03:46:11.362 W/ActivityManager( 1627): java.lang.ClassCastException: android.os.BinderProxy cannot be cast to com.android.server.am.ActivityRecord$Token
12-14 03:46:11.362 W/ActivityManager( 1627): 	at com.android.server.am.ActivityRecord.forTokenLocked(ActivityRecord.java:778)
12-14 03:46:11.362 W/ActivityManager( 1627): 	at com.android.server.am.ActivityRecord.isInStackLocked(ActivityRecord.java:2085)
12-14 03:46:11.362 W/ActivityManager( 1627): 	at com.android.server.am.ActivityManagerService.getActivityOptions(ActivityManagerService.java:13302)
12-14 03:46:11.362 W/ActivityManager( 1627): 	at android.app.IActivityManager$Stub.onTransact(IActivityManager.java:2910)
12-14 03:46:11.362 W/ActivityManager( 1627): 	at com.android.server.am.ActivityManagerService.onTransact(ActivityManagerService.java:2935)
12-14 03:46:11.362 W/ActivityManager( 1627): 	at android.os.Binder.execTransact(Binder.java:674)
12-14 03:46:11.344 I/chatty  ( 1730): uid=10028(u0_a28) RenderThread identical 1 line
12-14 03:46:11.351 D/EGL_emulation( 1730): eglMakeCurrent: 0x95deb400: ver 3 0 (tinfo 0x95df4d10)
12-14 03:46:11.439 V/StatusBar( 1730): setLightsOn(true)
12-14 03:46:11.520 I/chatty  ( 1730): uid=10028(u0_a28) com.android.systemui identical 2 lines
12-14 03:46:11.537 V/StatusBar( 1730): setLightsOn(true)
12-14 03:46:11.545 I/zygote  ( 3891): Do partial code cache collection, code=40KB, data=43KB
12-14 03:46:11.548 I/zygote  ( 3891): After code cache collection, code=40KB, data=43KB
12-14 03:46:11.548 I/zygote  ( 3891): Increasing code cache capacity to 256KB
12-14 03:46:11.551 I/zygote  ( 3891): JIT allocated 71KB for compiled code of void android.widget.TextView.<init>(android.content.Context, android.util.AttributeSet, int, int)
12-14 03:46:11.551 I/zygote  ( 3891): Compiler allocated 4MB to compile void android.widget.TextView.<init>(android.content.Context, android.util.AttributeSet, int, int)
12-14 03:46:11.561 D/gralloc_ranchu( 1396): gralloc_alloc: Creating ashmem region of size 7753728
12-14 03:46:11.589 I/zygote  ( 3891): Do full code cache collection, code=121KB, data=69KB
12-14 03:46:11.594 I/zygote  ( 3891): After code cache collection, code=83KB, data=34KB
12-14 03:46:11.601 D/        ( 3891): HostConnection::get() New Host Connection established 0x979afd00, tid 3891
12-14 03:46:11.646 V/StatusBar( 1730): setLightsOn(true)
12-14 03:46:11.647 V/StatusBar( 1730): setLightsOn(true)
12-14 03:46:11.648 I/ActivityManager( 1627): Displayed com.evancharlton.mileage/.Mileage: +615ms
12-14 03:46:11.649 V/StatusBar( 1730): setLightsOn(true)
12-14 03:46:11.671 V/StatusBar( 1730): setLightsOn(true)
12-14 03:46:11.679 D/gralloc_ranchu( 1396): gralloc_alloc: Creating ashmem region of size 7753728
12-14 03:46:11.837 V/StatusBar( 1730): setLightsOn(true)
12-14 03:46:11.865 I/chatty  ( 1730): uid=10028(u0_a28) com.android.systemui identical 1 line
12-14 03:46:11.876 V/StatusBar( 1730): setLightsOn(true)
12-14 03:46:11.883 W/SurfaceFlinger( 1413): couldn't log to binary event log: overflow.
12-14 03:46:11.883 W/SurfaceFlinger( 1413): couldn't log to binary event log: overflow.
12-14 03:46:11.934 W/Nearby  ( 1941): Failed attempt #3 out of 3 for RestoreDeviceName [CONTEXT service_id=49 ]
12-14 03:46:11.934 W/Nearby  ( 1941): java.lang.IllegalStateException: BluetoothAdapter not ready yet!
12-14 03:46:11.934 W/Nearby  ( 1941): 	at alhd.g(:com.google.android.gms@204713022@20.47.13 (040700-344095733):2)
12-14 03:46:11.934 W/Nearby  ( 1941): 	at alhc.run(Unknown Source:0)
12-14 03:46:11.934 W/Nearby  ( 1941): 	at bznt.call(Unknown Source:0)
12-14 03:46:11.934 W/Nearby  ( 1941): 	at bzny.b(:com.google.android.gms@204713022@20.47.13 (040700-344095733):2)
12-14 03:46:11.934 W/Nearby  ( 1941): 	at bzny.a(:com.google.android.gms@204713022@20.47.13 (040700-344095733):0)
12-14 03:46:11.934 W/Nearby  ( 1941): 	at alhb.run(Unknown Source:2)
12-14 03:46:11.934 W/Nearby  ( 1941): 	at java.lang.Thread.run(Thread.java:764)
12-14 03:46:11.934 W/Nearby  ( 1941): 	at tly.run(Unknown Source:5)
12-14 03:46:11.934 W/Nearby  ( 1941): 	at java.util.concurrent.ThreadPoolExecutor.runWorker(ThreadPoolExecutor.java:1162)
12-14 03:46:11.934 W/Nearby  ( 1941): 	at java.util.concurrent.ThreadPoolExecutor$Worker.run(ThreadPoolExecutor.java:636)
12-14 03:46:11.934 W/Nearby  ( 1941): 	at trx.run(:com.google.android.gms@204713022@20.47.13 (040700-344095733):0)
12-14 03:46:11.934 W/Nearby  ( 1941): 	at java.lang.Thread.run(Thread.java:764)
12-14 03:46:11.959 I/System.out( 3891): URI: //map
12-14 03:46:11.959 I/System.out( 3891): params: {json={"query":"android.widget.Button index:2","operation":{"method_name":"query","arguments":[]}}
12-14 03:46:11.959 I/System.out( 3891): }
12-14 03:46:11.977 I/PBSessionCacheImpl( 2172): Deleted sessionId[11698390400496] from persistence.
12-14 03:46:12.016 W/SearchService( 2172): Abort, client detached.
12-14 03:46:12.024 E/WorkerRegistryImpl( 2172): getWorker() is called after WorkerRegistry disposal.
12-14 03:46:12.026 E/WorkerRegistryImpl( 2172): getWorker() is called after WorkerRegistry disposal.
12-14 03:46:12.138 I/System.out( 3891): URI: //gesture
12-14 03:46:12.138 I/System.out( 3891): params: {json={"query_timeout":5.0,"gestures":[{"query_string":"android.widget.Button index:2","touches":[{"x":50,"y":50,"offset_x":0,"offset_y":0,"wait":0.0,"time":0.2,"release":true,"query_string":null}]}]}
12-14 03:46:12.138 I/System.out( 3891): }
12-14 03:46:12.397 I/zygote  ( 3891): Do partial code cache collection, code=123KB, data=63KB
12-14 03:46:12.397 I/zygote  ( 3891): After code cache collection, code=123KB, data=63KB
12-14 03:46:12.397 I/zygote  ( 3891): Increasing code cache capacity to 512KB
12-14 03:46:12.422 I/AudioTrack( 1627): AUDIO_OUTPUT_FLAG_FAST successful; frameCount 4512 -> 4512
12-14 03:46:12.492 V/StatusBar( 1730): setLightsOn(true)
12-14 03:46:12.493 I/chatty  ( 1730): uid=10028(u0_a28) com.android.systemui identical 1 line
12-14 03:46:12.495 V/StatusBar( 1730): setLightsOn(true)
12-14 03:46:12.511 W/View    ( 3891): dispatchProvideAutofillStructure(): not laid out, ignoring
12-14 03:46:12.515 W/Binder  ( 1627): Outgoing transactions from this process must be FLAG_ONEWAY
12-14 03:46:12.515 W/Binder  ( 1627): java.lang.Throwable
12-14 03:46:12.515 W/Binder  ( 1627): 	at android.os.BinderProxy.transact(Binder.java:736)
12-14 03:46:12.515 W/Binder  ( 1627): 	at android.app.assist.AssistStructure$ParcelTransferReader.fetchData(AssistStructure.java:407)
12-14 03:46:12.515 W/Binder  ( 1627): 	at android.app.assist.AssistStructure$ParcelTransferReader.go(AssistStructure.java:343)
12-14 03:46:12.515 W/Binder  ( 1627): 	at android.app.assist.AssistStructure.ensureData(AssistStructure.java:2096)
12-14 03:46:12.515 W/Binder  ( 1627): 	at com.android.server.autofill.Session$1.send(Session.java:200)
12-14 03:46:12.515 W/Binder  ( 1627): 	at com.android.server.am.ActivityManagerService.reportAssistContextExtras(ActivityManagerService.java:13137)
12-14 03:46:12.515 W/Binder  ( 1627): 	at android.app.IActivityManager$Stub.onTransact(IActivityManager.java:2466)
12-14 03:46:12.515 W/Binder  ( 1627): 	at com.android.server.am.ActivityManagerService.onTransact(ActivityManagerService.java:2935)
12-14 03:46:12.515 W/Binder  ( 1627): 	at android.os.Binder.execTransact(Binder.java:674)
12-14 03:46:12.521 I/AssistStructure( 3891): Flattened final assist data: 5024 bytes, containing 2 windows, 19 views
12-14 03:46:12.532 D/gralloc_ranchu( 1396): gralloc_alloc: Creating ashmem region of size 303104
12-14 03:46:12.554 V/StatusBar( 1730): setLightsOn(true)
12-14 03:46:12.554 V/StatusBar( 1730): setLightsOn(true)
12-14 03:46:13.027 W/audio_hw_generic( 1390): Not supplying enough data to HAL, expected position 22631 , only wrote 1440
12-14 03:46:13.028 W/audio_hw_generic( 1390): Not supplying enough data to HAL, expected position 1458 , only wrote 1440
12-14 03:46:13.031 W/AudioFlinger( 1476): write blocked for 479 msecs, 1 delayed writes, thread 0xae083b00
12-14 03:46:13.039 V/StatusBar( 1730): setLightsOn(true)
12-14 03:46:13.061 D/AudioFlinger( 1476): mixer(0xae083b00) throttle end: throttle time(11)
12-14 03:46:13.091 I/AssistStructure( 1627): Flattened final assist data: 4496 bytes, containing 2 windows, 19 views
12-14 03:46:13.125 D/gralloc_ranchu( 1396): gralloc_alloc: Creating ashmem region of size 7753728
12-14 03:46:13.134 W/lgq     ( 1941): Pending fill request while another request in the same session was triggered. [CONTEXT service_id=177 ]
12-14 03:46:13.147 E/SurfaceFlinger( 1413): ro.sf.lcd_density must be defined as a build property
12-14 03:46:13.147 D/PermissionCache( 1413): checking android.permission.READ_FRAME_BUFFER for uid=2000 => granted (311 us)
12-14 03:46:13.188 D/gralloc_ranchu( 1396): gralloc_alloc: Creating ashmem region of size 8298496
12-14 03:46:13.198 D/        ( 3942): HostConnection::get() New Host Connection established 0xa762f800, tid 3942
12-14 03:46:13.299 V/StatusBar( 1730): setLightsOn(true)
12-14 03:46:13.370 I/zygote  ( 1941): Deoptimizing bpvb bpuz.i(bpva) due to JIT inline cache
12-14 03:46:13.638 D/BoundBrokerSvc( 1941): onUnbind: Intent { act=com.google.android.gms.auth.account.workaccount.START cmp=com.google.android.gms/.chimera.PersistentApiService }
