--------- beginning of main
12-14 03:46:04.084 E/memtrack( 1627): Couldn't load memtrack module
12-14 03:46:04.084 W/android.os.Debug( 1627): failed to get memory consumption info: -1
12-14 03:46:04.103 I/Checkin ( 2258): [CheckinRequestProcessor] Default Task : Checkin Succeeded: https://android.googleapis.com/checkin (fragment #1).
12-14 03:46:04.269 D/WificondControl( 1627): Scan result ready event
12-14 03:46:06.062 W/NamedFutures( 2172): Timeout future task has been cancelled: 10000 milliseconds
12-14 03:46:06.066 E/SearchServiceStarter( 2172): Task 174 failed or timed out. Client 9554164957652233 disconnecting from SearchService!
12-14 03:46:06.066 E/SearchServiceStarter( 2172): java.util.concurrent.CancellationException: Task was cancelled.
12-14 03:46:06.066 E/SearchServiceStarter( 2172): 	at com.google.common.util.concurrent.d.ct(SourceFile:75)
12-14 03:46:06.066 E/SearchServiceStarter( 2172): 	at com.google.common.util.concurrent.d.get(SourceFile:57)
12-14 03:46:06.066 E/SearchServiceStarter( 2172): 	at com.google.common.util.concurrent.cg.n(SourceFile:2)
12-14 03:46:06.066 E/SearchServiceStarter( 2172): 	at com.google.common.util.concurrent.av.l(SourceFile:50)
12-14 03:46:06.066 E/SearchServiceStarter( 2172): 	at com.google.common.util.concurrent.ax.run(SourceFile:5)
12-14 03:46:06.066 E/SearchServiceStarter( 2172): 	at com.google.android.apps.gsa.shared.util.concurrent.a.bc.run(SourceFile:2)
12-14 03:46:06.066 E/SearchServiceStarter( 2172): 	at android.os.Handler.handleCallback(Handler.java:789)
12-14 03:46:06.066 E/SearchServiceStarter( 2172): 	at android.os.Handler.dispatchMessage(Handler.java:98)
12-14 03:46:06.066 E/SearchServiceStarter( 2172): 	at android.os.Looper.loop(Looper.java:164)
12-14 03:46:06.066 E/SearchServiceStarter( 2172): 	at android.app.ActivityThread.main(ActivityThread.java:6541)
12-14 03:46:06.066 E/SearchServiceStarter( 2172): 	at java.lang.reflect.Method.invoke(Native Method)
12-14 03:46:06.066 E/SearchServiceStarter( 2172): 	at com.android.internal.os.Zygote$MethodAndArgsCaller.run(Zygote.java:240)
12-14 03:46:06.066 E/SearchServiceStarter( 2172): 	at com.android.internal.os.ZygoteInit.main(ZygoteInit.java:767)
12-14 03:46:06.103 I/Dialer  ( 1997): VvmTaskReceiver - task received
12-14 03:46:06.103 I/Dialer  ( 1997): VvmTaskReceiver - TaskExecutor already running
12-14 03:46:06.103 I/Dialer  ( 1997): Task.createTask - create task:com.android.voicemail.impl.ActivationTask
12-14 03:46:06.103 I/Dialer  ( 1997): TaskQueue.add - duplicated task added
12-14 03:46:06.104 I/Dialer  ( 1997): VvmTaskExecutor - com.android.voicemail.impl.ActivationTask@71c4479 added
12-14 03:46:06.115 I/DigitalWidgetProvider( 2018): onReceive: Intent { act=com.android.deskclock.ALARM_CHANGED flg=0x10 cmp=com.google.android.deskclock/com.android.alarmclock.DigitalAppWidgetProvider }
12-14 03:46:06.145 I/Finsky  ( 2557): [2] ycb.d(13): PackageMonitorReceiverImpl - Received: android.intent.action.PACKAGE_FULLY_REMOVED, [Hc-uu0eID9wC4ptvRCsWBIQPDhHxrgxu8bZlIwakNJw]
12-14 03:46:06.145 I/Finsky  ( 2557): [2] ydc.g(1): Invalidating cached PackageState for com.evancharlton.mileage.test
12-14 03:46:06.148 I/Finsky  ( 2557): [2] ouk.d(2): Frosting ID looked up on UI thread. Caller should move to a background thread.
12-14 03:46:06.153 I/Finsky  ( 2557): [2] qlq.s(2): Installer: package com.evancharlton.mileage.test was removed. replacing: false
12-14 03:46:06.155 I/Finsky  ( 2557): [2] qmo.L(12): Installer: Notifying status update. package=com.evancharlton.mileage.test, status=UNINSTALLED
12-14 03:46:06.158 I/Finsky  ( 2557): [2] alxk.a(3): Do not start WearSupportService due to Wear service optimization
12-14 03:46:06.159 I/Finsky  ( 2557): [2] alxk.a(3): Do not start WearSupportService due to Wear service optimization
12-14 03:46:06.159 I/Finsky  ( 2557): [166] otx.run(16): Wrote row to frosting DB: 1647
12-14 03:46:06.159 I/Finsky  ( 2557): [2] adxl.a(8): Clearing split related stale data.
12-14 03:46:06.160 I/Finsky  ( 2557): [173] gvx.a(12): Asset module storage cleared for package com.evancharlton.mileage.test.
12-14 03:46:06.169 I/Finsky  ( 2557): [161] rab.C(2): IQ: Notifying installation update. package=com.evancharlton.mileage.test, status=UNINSTALLED
12-14 03:46:06.170 I/Finsky  ( 2557): [2] qmo.O(7): Installer: found apps to install. isMultiUserMode=false, apps=[]
12-14 03:46:06.174 I/Finsky  ( 2557): [125] jmd.a(15): [ContentSync] finished, scheduled=false
12-14 03:46:06.178 I/ExposureNotification( 2258): Still can find package com.evancharlton.mileage.test after receive its fully removed broadcast, which was installed 8026 ms ago. Ignore the fully removed broadcast. [CONTEXT service_id=236 ]
12-14 03:46:06.180 D/BoundBrokerSvc( 2258): onBind: Intent { act=com.google.android.gms.common.BIND_SHARED_PREFS pkg=com.google.android.gms }
12-14 03:46:06.180 D/BoundBrokerSvc( 2258): Loading bound service for intent: Intent { act=com.google.android.gms.common.BIND_SHARED_PREFS pkg=com.google.android.gms }
12-14 03:46:06.188 D/BoundBrokerSvc( 2258): onUnbind: Intent { act=com.google.android.gms.common.BIND_SHARED_PREFS pkg=com.google.android.gms }
12-14 03:46:06.193 I/Finsky  ( 2557): [166] otx.run(16): Wrote row to frosting DB: 1648
12-14 03:46:06.205 I/Finsky  ( 2557): [161] rab.t(33): IQ: No matching installs to run for jobs: []
12-14 03:46:06.253 W/zygote  ( 3823): Unexpected CPU variant for X86 using defaults: x86
12-14 03:46:06.263 I/zygote  ( 1941): Do partial code cache collection, code=498KB, data=318KB
12-14 03:46:06.263 I/zygote  ( 1941): After code cache collection, code=495KB, data=317KB
12-14 03:46:06.263 I/zygote  ( 1941): Increasing code cache capacity to 2MB
12-14 03:46:06.279 D/BoundBrokerSvc( 2258): onUnbind: Intent { act=com.google.android.gms.checkin.START pkg=com.google.android.gms }
12-14 03:46:06.280 I/MultiDex( 3823): VM with version 2.1.0 has multidex support
12-14 03:46:06.280 I/MultiDex( 3823): install
12-14 03:46:06.280 I/MultiDex( 3823): VM has multidex support, MultiDex support library is disabled.
12-14 03:46:06.290 E/NetworkScheduler.ATC( 1941): Called cancelTask for already completed task com.google.android.videos/.service.drm.RefreshLicenseTaskService{u=0 tag="refresh_license_forced" trigger=window{start=0s,end=1s,earliest=0s,latest=0s} requirements=[NET_CONNECTED] attributes=[] scheduled=0s last_run=0s exec_window_multiplier=1.0000 jid=N/A status=PENDING retries=0 client_lib=MANCHEGO_GCM-10400000} :5 [CONTEXT service_id=218 ]
12-14 03:46:06.293 W/NetworkScheduler( 1941): Immediate task was not started com.google.android.videos/.service.drm.RefreshLicenseTaskService{u=0 tag="refresh_license_forced" trigger=window{start=0s,end=1s,earliest=0s,latest=0s} requirements=[NET_CONNECTED] attributes=[] scheduled=0s last_run=N/A exec_window_multiplier=1.0000 jid=N/A status=PENDING retries=0 client_lib=MANCHEGO_GCM-10400000}. Rescheduling immediate tasks can cause excessive battery drain.
12-14 03:46:06.387 I/zygote  ( 1941): Deoptimizing int cdcx.u(java.lang.Object, byte[], int, int, int, int, int, int, long, int, long, ccyx) due to JIT inline cache
12-14 03:46:06.546 I/NetworkScheduler.Stats( 1941): Task com.google.android.videos/ finished executing. cause:7 result: 6 elapsed_millis: 43 uptime_millis: 43 exec_start_elapsed_seconds: 48 [CONTEXT service_id=218 ]
12-14 03:46:06.547 W/NetworkScheduler( 1941): No record of active task com.google.android.videos/.service.drm.RefreshLicenseTaskService{u=0 tag="refresh_license_forced" trigger=window{start=0s,end=1s,earliest=0s,latest=0s} requirements=[NET_CONNECTED] attributes=[] scheduled=0s last_run=0s exec_window_multiplier=1.0000 jid=N/A status=PENDING retries=0 client_lib=MANCHEGO_GCM-10400000}
12-14 03:46:06.567 I/Finsky  ( 2557): [111] daj.a(7): Received content filters request from com.google.android.videos
12-14 03:46:06.582 I/PlayMovies( 3823): RefreshLicenseTaskService.forceLicenseRefreshNow:66 Scheduled task now refresh_license_forced
12-14 03:46:06.582 I/PlayMovies( 3823): 
12-14 03:46:06.585 D/PlayMovies( 3823): PersistentCache.cleanup:104 Cache is below limit, no need to shrink: [size=0, limit=5242880]
12-14 03:46:06.585 D/PlayMovies( 3823): 
12-14 03:46:06.585 D/Primes  ( 3823): Package metric disabled.
12-14 03:46:06.585 D/Primes  ( 3823): Battery metric disabled
12-14 03:46:06.585 D/Primes  ( 3823): MagicEye logging metric disabled
12-14 03:46:06.748 D/BoundBrokerSvc( 2258): onUnbind: Intent { act=com.google.android.gms.auth.service.START pkg=com.google.android.gms }
12-14 03:46:06.796 I/PlayMovies( 3823): RefreshLicenseTaskService.onRunTask:96 On run task refresh_license_forced
12-14 03:46:06.796 I/PlayMovies( 3823): 
12-14 03:46:06.838 I/zygote  ( 2258): Deoptimizing boolean dbx.d(android.content.Context, dbv, java.lang.String) due to JIT inline cache
12-14 03:46:06.945 I/zygote  ( 1941): Deoptimizing java.lang.String asqf.i(android.os.Bundle) due to JIT inline cache
12-14 03:46:07.071 E/NetworkScheduler.ATC( 1941): Called cancelTask for already completed task com.google.android.videos/.service.drm.RefreshLicenseTaskService{u=0 tag="refresh_license_forced" trigger=window{start=0s,end=1s,earliest=0s,latest=0s} requirements=[NET_CONNECTED] attributes=[] scheduled=0s last_run=0s exec_window_multiplier=1.0000 jid=N/A status=ACTIVE retries=0 client_lib=MANCHEGO_GCM-10400000} :0 [CONTEXT service_id=218 ]
12-14 03:46:07.072 W/NetworkScheduler( 1941): Immediate task was not started com.google.android.videos/.service.drm.RefreshLicenseTaskService{u=0 tag="refresh_license_forced" trigger=window{start=0s,end=1s,earliest=0s,latest=0s} requirements=[NET_CONNECTED] attributes=[] scheduled=0s last_run=N/A exec_window_multiplier=1.0000 jid=N/A status=PENDING retries=0 client_lib=MANCHEGO_GCM-10400000}. Rescheduling immediate tasks can cause excessive battery drain.
12-14 03:46:07.072 I/NetworkScheduler.Stats( 1941): Task com.google.android.videos/ started execution. cause:7 exec_start_elapsed_seconds: 48 [CONTEXT service_id=218 ]
12-14 03:46:07.072 I/NetworkScheduler.Stats( 1941): Task com.google.android.gms/com.google.android.gms.pay.gcmtask.PayGcmTaskService started execution. cause:7 exec_start_elapsed_seconds: 48 [CONTEXT service_id=218 ]
12-14 03:46:07.073 I/NetworkScheduler.Stats( 1941): Task com.google.android.videos/ finished executing. cause:7 result: 1 elapsed_millis: 76 uptime_millis: 76 exec_start_elapsed_seconds: 48 [CONTEXT service_id=218 ]
12-14 03:46:07.074 I/NetworkScheduler.Stats( 1941): Task com.google.android.gms/com.google.android.gms.pay.gcmtask.PayGcmTaskService finished executing. cause:7 result: 1 elapsed_millis: 48 uptime_millis: 48 exec_start_elapsed_seconds: 48 [CONTEXT service_id=218 ]
12-14 03:46:07.143 I/NetworkScheduler.Stats( 1941): Task com.google.android.gms/com.google.android.gms.clearcut.uploader.QosUploaderService started execution. cause:5 exec_start_elapsed_seconds: 49 [CONTEXT service_id=218 ]
12-14 03:46:07.157 I/NetworkScheduler.Stats( 1941): Task com.google.android.videos/ started execution. cause:5 exec_start_elapsed_seconds: 49 [CONTEXT service_id=218 ]
12-14 03:46:07.158 I/PlayMovies( 3823): RefreshLicenseTaskService.onRunTask:96 On run task refresh_license
12-14 03:46:07.158 I/PlayMovies( 3823): 
12-14 03:46:07.176 I/NetworkScheduler.Stats( 1941): Task com.google.android.videos/ finished executing. cause:5 result: 1 elapsed_millis: 29 uptime_millis: 29 exec_start_elapsed_seconds: 49 [CONTEXT service_id=218 ]
12-14 03:46:07.190 I/NetworkScheduler.Stats( 1941): Task com.google.android.gms/com.google.android.gms.clearcut.uploader.QosUploaderService finished executing. cause:5 result: 1 elapsed_millis: 67 uptime_millis: 67 exec_start_elapsed_seconds: 49 [CONTEXT service_id=218 ]
12-14 03:46:07.262 I/NetworkScheduler.Stats( 1941): Task com.google.android.gms/com.google.android.gms.gass.chimera.SchedulePeriodicTasksService started execution. cause:5 exec_start_elapsed_seconds: 49 [CONTEXT service_id=218 ]
12-14 03:46:07.357 I/NetworkScheduler.Stats( 1941): Task com.google.android.gms/com.google.android.gms.pay.gcmtask.PayGcmTaskService started execution. cause:5 exec_start_elapsed_seconds: 49 [CONTEXT service_id=218 ]
12-14 03:46:07.361 D/BoundBrokerSvc( 1941): onBind: Intent { act=com.google.android.gms.tapandpay.service.BIND cmp=com.google.android.gms/.chimera.PersistentApiService }
12-14 03:46:07.361 D/BoundBrokerSvc( 1941): Loading bound service for intent: Intent { act=com.google.android.gms.tapandpay.service.BIND cmp=com.google.android.gms/.chimera.PersistentApiService }
12-14 03:46:07.390 I/NetworkScheduler.Stats( 1941): Task com.google.android.gms/com.google.android.gms.gass.chimera.SchedulePeriodicTasksService finished executing. cause:5 result: 1 elapsed_millis: 161 uptime_millis: 161 exec_start_elapsed_seconds: 49 [CONTEXT service_id=218 ]
12-14 03:46:07.398 E/Pay     ( 2258): No account found on the task or the device. Notification task will not be rescheduled. [CONTEXT service_id=198 ]
12-14 03:46:07.465 W/Binder:3615_3( 3615): type=1400 audit(0.0:20): avc: denied { read } for name="modules" dev="proc" ino=4026532034 scontext=u:r:priv_app:s0:c512,c768 tcontext=u:object_r:proc_modules:s0 tclass=file permissive=0
12-14 03:46:07.485 I/NetworkScheduler.Stats( 1941): Task com.google.android.gms/com.google.android.gms.pay.gcmtask.PayGcmTaskService started execution. cause:5 exec_start_elapsed_seconds: 49 [CONTEXT service_id=218 ]
12-14 03:46:07.490 I/NetworkScheduler.Stats( 1941): Task com.google.android.gms/com.google.android.gms.pay.gcmtask.PayGcmTaskService finished executing. cause:5 result: 2 elapsed_millis: 180 uptime_millis: 180 exec_start_elapsed_seconds: 49 [CONTEXT service_id=218 ]
12-14 03:46:07.498 I/NetworkScheduler.Stats( 1941): Task com.google.android.gms/com.google.android.gms.pay.gcmtask.PayGcmTaskService finished executing. cause:5 result: 1 elapsed_millis: 61 uptime_millis: 61 exec_start_elapsed_seconds: 49 [CONTEXT service_id=218 ]
12-14 03:46:07.509 W/SystemServiceRegistry( 3615): No service published for: persistent_data_block
12-14 03:46:07.572 D/        ( 3615): HostConnection::get() New Host Connection established 0xa393d080, tid 3684
12-14 03:46:07.585 D/EGL_emulation( 3615): eglCreateContext: 0xa7ca1860: maj 3 min 0 rcv 3
12-14 03:46:07.589 D/EGL_emulation( 3615): eglMakeCurrent: 0xa7ca1860: ver 3 0 (tinfo 0xa390b220)
12-14 03:46:07.589 E/eglCodecCommon( 3615): glUtilsParamSize: unknow param 0x00008cdf
12-14 03:46:07.589 E/eglCodecCommon( 3615): glUtilsParamSize: unknow param 0x00008cdf
12-14 03:46:07.589 E/eglCodecCommon( 3615): glUtilsParamSize: unknow param 0x00008824
12-14 03:46:07.589 E/eglCodecCommon( 3615): glUtilsParamSize: unknow param 0x00008824
12-14 03:46:07.594 I/NetworkScheduler.Stats( 1941): Task com.google.android.gms/com.google.android.gms.pay.gcmtask.PayGcmTaskService started execution. cause:5 exec_start_elapsed_seconds: 49 [CONTEXT service_id=218 ]
12-14 03:46:07.595 I/Pay     ( 2258): Device does not support HCE. [CONTEXT service_id=198 ]
12-14 03:46:07.650 D/EGL_emulation( 3615): eglCreateContext: 0xa3932be0: maj 3 min 0 rcv 3
12-14 03:46:07.652 D/EGL_emulation( 3615): eglMakeCurrent: 0xa3932be0: ver 3 0 (tinfo 0xa390b220)
12-14 03:46:07.652 E/eglCodecCommon( 3615): glUtilsParamSize: unknow param 0x00008cdf
12-14 03:46:07.652 E/eglCodecCommon( 3615): glUtilsParamSize: unknow param 0x00008cdf
12-14 03:46:07.653 E/eglCodecCommon( 3615): glUtilsParamSize: unknow param 0x00008824
--------- beginning of system
12-14 03:46:07.668 I/ActivityManager( 1627): Killing 3225:com.android.cellbroadcastreceiver/u0a5 (adj 906): empty #17
12-14 03:46:07.653 E/eglCodecCommon( 3615): glUtilsParamSize: unknow param 0x00008824
12-14 03:46:07.688 I/NetworkScheduler.Stats( 1941): Task com.google.android.gms/com.google.android.gms.pay.gcmtask.PayGcmTaskService started execution. cause:5 exec_start_elapsed_seconds: 49 [CONTEXT service_id=218 ]
12-14 03:46:07.703 I/NetworkScheduler.Stats( 1941): Task com.google.android.gms/com.google.android.gms.pay.gcmtask.PayGcmTaskService finished executing. cause:5 result: 2 elapsed_millis: 160 uptime_millis: 160 exec_start_elapsed_seconds: 49 [CONTEXT service_id=218 ]
12-14 03:46:07.720 I/NetworkScheduler.Stats( 1941): Task com.google.android.gms/com.google.android.gms.pay.gcmtask.PayGcmTaskService finished executing. cause:5 result: 1 elapsed_millis: 58 uptime_millis: 58 exec_start_elapsed_seconds: 49 [CONTEXT service_id=218 ]
12-14 03:46:07.800 I/NetworkScheduler.Stats( 1941): Task com.google.android.gms/com.google.android.gms.pay.gcmtask.PayGcmTaskService started execution. cause:5 exec_start_elapsed_seconds: 49 [CONTEXT service_id=218 ]
12-14 03:46:07.804 D/BoundBrokerSvc( 2258): onBind: Intent { act=com.google.android.gms.pay.service.BIND cmp=com.google.android.gms/.chimera.GmsApiService }
12-14 03:46:07.804 D/BoundBrokerSvc( 2258): Loading bound service for intent: Intent { act=com.google.android.gms.pay.service.BIND cmp=com.google.android.gms/.chimera.GmsApiService }
12-14 03:46:07.808 I/Pay     ( 2258): Migration flag not enabled. [CONTEXT service_id=198 ]
12-14 03:46:07.809 I/jgl     ( 2258): Primes not initialized, returning default (no-op) Primes instance which will ignore all calls. Please call Primes.initialize(...) before using any Primes API.
12-14 03:46:07.850 I/zygote  ( 2258): Deoptimizing bpsj bpto.o(bpsk) due to JIT inline cache
12-14 03:46:07.853 I/Pay     ( 2258): Migration already completed. [CONTEXT service_id=198 ]
12-14 03:46:07.857 I/chatty  ( 2258): uid=10011(u0_a11) lowpool[5] identical 1 line
12-14 03:46:07.860 I/Pay     ( 2258): Migration already completed. [CONTEXT service_id=198 ]
12-14 03:46:07.861 I/Pay     ( 2258): Migration flag not enabled. [CONTEXT service_id=198 ]
12-14 03:46:07.866 I/Pay     ( 2258): Migration already completed. [CONTEXT service_id=198 ]
12-14 03:46:07.866 I/Pay     ( 2258): Migration flag not enabled. [CONTEXT service_id=198 ]
12-14 03:46:07.902 I/NetworkScheduler.Stats( 1941): Task com.google.android.gms/com.google.android.gms.tapandpay.gcmtask.TapAndPayGcmTaskService started execution. cause:5 exec_start_elapsed_seconds: 50 [CONTEXT service_id=218 ]
12-14 03:46:07.908 W/Conscrypt( 2258): Could not set socket write timeout: java.net.SocketException: Socket closed
12-14 03:46:07.909 W/Conscrypt( 2258): 	at com.google.android.gms.org.conscrypt.Platform.setSocketWriteTimeout(:com.google.android.gms@204713022@20.47.13 (040700-344095733):2)
12-14 03:46:07.909 W/Conscrypt( 2258): 	at com.google.android.gms.org.conscrypt.ConscryptFileDescriptorSocket.setSoWriteTimeout(:com.google.android.gms@204713022@20.47.13 (040700-344095733):0)
12-14 03:46:07.918 I/NetworkScheduler.Stats( 1941): Task com.google.android.gms/com.google.android.gms.pay.gcmtask.PayGcmTaskService finished executing. cause:5 result: 1 elapsed_millis: 152 uptime_millis: 152 exec_start_elapsed_seconds: 49 [CONTEXT service_id=218 ]
12-14 03:46:07.921 I/NetworkScheduler.Stats( 1941): Task com.google.android.gms/com.google.android.gms.tapandpay.gcmtask.TapAndPayGcmTaskService finished executing. cause:5 result: 1 elapsed_millis: 52 uptime_millis: 52 exec_start_elapsed_seconds: 50 [CONTEXT service_id=218 ]
12-14 03:46:07.988 I/NetworkScheduler.Stats( 1941): Task com.google.android.gms/com.google.android.gms.tapandpay.gcmtask.TapAndPayGcmTaskService started execution. cause:5 exec_start_elapsed_seconds: 50 [CONTEXT service_id=218 ]
12-14 03:46:07.991 W/Conscrypt( 2258): Could not set socket write timeout: java.net.SocketException: Socket closed
12-14 03:46:07.991 W/Conscrypt( 2258): 	at com.google.android.gms.org.conscrypt.Platform.setSocketWriteTimeout(:com.google.android.gms@204713022@20.47.13 (040700-344095733):2)
12-14 03:46:07.991 W/Conscrypt( 2258): 	at com.google.android.gms.org.conscrypt.ConscryptFileDescriptorSocket.setSoWriteTimeout(:com.google.android.gms@204713022@20.47.13 (040700-344095733):0)
12-14 03:46:08.039 I/NetworkScheduler.Stats( 1941): Task com.google.android.gms/com.google.android.gms.tapandpay.gcmtask.TapAndPayGcmTaskService started execution. cause:5 exec_start_elapsed_seconds: 50 [CONTEXT service_id=218 ]
12-14 03:46:08.063 I/NetworkScheduler.Stats( 1941): Task com.google.android.gms/com.google.android.gms.tapandpay.gcmtask.TapAndPayGcmTaskService finished executing. cause:5 result: 1 elapsed_millis: 108 uptime_millis: 108 exec_start_elapsed_seconds: 50 [CONTEXT service_id=218 ]
12-14 03:46:08.064 I/NetworkScheduler.Stats( 1941): Task com.google.android.gms/com.google.android.gms.tapandpay.gcmtask.TapAndPayGcmTaskService finished executing. cause:5 result: 1 elapsed_millis: 50 uptime_millis: 50 exec_start_elapsed_seconds: 50 [CONTEXT service_id=218 ]
12-14 03:46:08.135 I/NetworkScheduler.Stats( 1941): Task com.google.android.gms/com.google.android.gms.udc.service.UdcContextInitService started execution. cause:5 exec_start_elapsed_seconds: 50 [CONTEXT service_id=218 ]
12-14 03:46:08.161 I/NetworkScheduler.Stats( 1941): Task com.google.android.videos/ started execution. cause:1 exec_start_elapsed_seconds: 50 [CONTEXT service_id=218 ]
12-14 03:46:08.161 I/PlayMovies( 3823): RefreshLicenseTaskService.onRunTask:96 On run task refresh_license_forced
12-14 03:46:08.161 I/PlayMovies( 3823): 
12-14 03:46:08.167 I/NetworkScheduler.Stats( 1941): Task com.google.android.videos/ finished executing. cause:1 result: 1 elapsed_millis: 15 uptime_millis: 15 exec_start_elapsed_seconds: 50 [CONTEXT service_id=218 ]
12-14 03:46:08.189 I/NetworkScheduler.Stats( 1941): Task com.google.android.gms/com.google.android.gms.udc.service.UdcContextInitService finished executing. cause:5 result: 1 elapsed_millis: 88 uptime_millis: 88 exec_start_elapsed_seconds: 50 [CONTEXT service_id=218 ]
12-14 03:46:08.257 I/MicroDetectionWorker( 2172): #updateMicroDetector [detectionMode: [mDetectionMode: [1]]]
12-14 03:46:08.258 I/MicroDetectionWorker( 2172): #startMicroDetector [speakerMode: 0]
12-14 03:46:08.260 I/AudioController( 2172): Using mInputStreamFactoryBuilder
12-14 03:46:08.265 I/MicroDetectionWorker( 2172): onReady
12-14 03:46:08.280 I/MicroRecognitionRunner( 2172): Starting detection.
12-14 03:46:08.281 I/MicrophoneInputStream( 2172): mic_starting com.google.android.apps.gsa.staticplugins.aa.c@6bcd285
12-14 03:46:08.286 I/AudioFlinger( 1476): AudioFlinger's thread 0xacf83880 tid=3877 ready to run
12-14 03:46:08.290 I/MicrophoneInputStream( 2172): mic_started com.google.android.apps.gsa.staticplugins.aa.c@6bcd285
12-14 03:46:08.291 E/ActivityThread( 2172): Failed to find provider info for com.google.android.apps.gsa.testing.ui.audio.recorded
12-14 03:46:08.291 I/MicroDetectionWorker( 2172): onReady
12-14 03:46:08.293 I/MicrophoneInputStream( 2172): mic_close com.google.android.apps.gsa.staticplugins.aa.c@6bcd285
12-14 03:46:08.293 I/MicroRecognitionRunner( 2172): Detection finished
12-14 03:46:08.293 W/ErrorReporter( 2172): reportError [type: 211, code: 524300]: Error reading from input stream
12-14 03:46:08.294 I/MicroRecognitionRunner( 2172): Stopping hotword detection.
12-14 03:46:08.294 W/ErrorProcessor( 2172): onFatalError, processing error from engine(4)
12-14 03:46:08.294 W/ErrorProcessor( 2172): com.google.android.apps.gsa.shared.speech.b.g: Error reading from input stream
12-14 03:46:08.294 W/ErrorProcessor( 2172): 	at com.google.android.apps.gsa.staticplugins.recognizer.j.a.a(SourceFile:28)
12-14 03:46:08.294 W/ErrorProcessor( 2172): 	at com.google.android.apps.gsa.staticplugins.recognizer.j.b.run(SourceFile:15)
12-14 03:46:08.294 W/ErrorProcessor( 2172): 	at java.util.concurrent.Executors$RunnableAdapter.call(Executors.java:457)
12-14 03:46:08.294 W/ErrorProcessor( 2172): 	at java.util.concurrent.FutureTask.run(FutureTask.java:266)
12-14 03:46:08.294 W/ErrorProcessor( 2172): 	at com.google.android.apps.gsa.shared.util.concurrent.a.ax.run(SourceFile:14)
12-14 03:46:08.294 W/ErrorProcessor( 2172): 	at com.google.android.apps.gsa.shared.util.concurrent.a.bl.run(SourceFile:4)
12-14 03:46:08.294 W/ErrorProcessor( 2172): 	at com.google.android.apps.gsa.shared.util.concurrent.a.bl.run(SourceFile:4)
12-14 03:46:08.294 W/ErrorProcessor( 2172): 	at java.util.concurrent.ThreadPoolExecutor.runWorker(ThreadPoolExecutor.java:1162)
12-14 03:46:08.294 W/ErrorProcessor( 2172): 	at java.util.concurrent.ThreadPoolExecutor$Worker.run(ThreadPoolExecutor.java:636)
12-14 03:46:08.294 W/ErrorProcessor( 2172): 	at java.lang.Thread.run(Thread.java:764)
12-14 03:46:08.294 W/ErrorProcessor( 2172): 	at com.google.android.apps.gsa.shared.util.concurrent.a.ai.run(SourceFile:6)
12-14 03:46:08.294 W/ErrorProcessor( 2172): Caused by: com.google.android.apps.gsa.shared.exception.GsaIOException: Error code: 393238 | Buffer overflow, no available space.
12-14 03:46:08.294 W/ErrorProcessor( 2172): 	at com.google.android.apps.gsa.speech.audio.Tee.f(SourceFile:103)
12-14 03:46:08.294 W/ErrorProcessor( 2172): 	at com.google.android.apps.gsa.speech.audio.au.read(SourceFile:2)
12-14 03:46:08.294 W/ErrorProcessor( 2172): 	at java.io.InputStream.read(InputStream.java:101)
12-14 03:46:08.294 W/ErrorProcessor( 2172): 	at com.google.android.apps.gsa.speech.audio.ao.run(SourceFile:18)
12-14 03:46:08.294 W/ErrorProcessor( 2172): 	at com.google.android.apps.gsa.speech.audio.an.run(SourceFile:2)
12-14 03:46:08.294 W/ErrorProcessor( 2172): 	... 9 more
12-14 03:46:08.294 I/AudioController( 2172): internalShutdown
12-14 03:46:08.296 I/MicroDetector( 2172): Keeping mic open: false
12-14 03:46:08.296 I/MicroDetectionWorker( 2172): #onError(false)
12-14 03:46:08.296 I/DeviceStateChecker( 2172): DeviceStateChecker cancelled
12-14 03:46:08.759 V/LifecycleAwareServiceBi( 2557): notify unbound
12-14 03:46:08.759 V/LifecycleAwareServiceBi( 2557): com.google.common.flogger.LogSiteStackTrace: MEDIUM
12-14 03:46:08.759 V/LifecycleAwareServiceBi( 2557): 	at com.google.frameworks.client.data.android.binder.LifecycleAwareServiceBinding.h(PG:1)
12-14 03:46:08.759 V/LifecycleAwareServiceBi( 2557): 	at axqg.run(Unknown Source:4)
12-14 03:46:08.759 V/LifecycleAwareServiceBi( 2557): 	at android.os.Handler.handleCallback(Handler.java:789)
12-14 03:46:08.759 V/LifecycleAwareServiceBi( 2557): 	at android.os.Handler.dispatchMessage(Handler.java:98)
12-14 03:46:08.759 V/LifecycleAwareServiceBi( 2557): 	at android.os.Looper.loop(Looper.java:164)
12-14 03:46:08.759 V/LifecycleAwareServiceBi( 2557): 	at android.app.ActivityThread.main(ActivityThread.java:6541)
12-14 03:46:08.759 V/LifecycleAwareServiceBi( 2557): 	at java.lang.reflect.Method.invoke(Native Method)
12-14 03:46:08.759 V/LifecycleAwareServiceBi( 2557): 	at com.android.internal.os.Zygote$MethodAndArgsCaller.run(Zygote.java:240)
12-14 03:46:08.759 V/LifecycleAwareServiceBi( 2557): 	at com.android.internal.os.ZygoteInit.main(ZygoteInit.java:767)
12-14 03:46:08.760 V/LifecycleAwareServiceBi( 2557): notify unbound - notifying
12-14 03:46:08.766 I/Finsky:download_service( 2682): [2] sxn.onDestroy(8): IPC-SERVER: Stopping gRPC host service...
12-14 03:46:08.813 D/BoundBrokerSvc( 2258): onUnbind: Intent { act=com.google.android.gms.feedback.internal.IFeedbackService cmp=com.google.android.gms/.chimera.GmsBoundBrokerService }
12-14 03:46:09.677 D/BoundBrokerSvc( 1941): onUnbind: Intent { act=com.google.android.gms.usagereporting.service.START pkg=com.google.android.gms }
12-14 03:46:09.870 I/ActivityManager( 1627): Killing 3251:com.google.android.apps.maps/u0a59 (adj 906): empty #17
12-14 03:46:09.909 D/BoundBrokerSvc( 2258): onUnbind: Intent { act=com.google.android.gms.people.service.START pkg=com.google.android.gms }
12-14 03:46:09.910 D/BoundBrokerSvc( 1941): onUnbind: Intent { act=com.google.android.gms.phenotype.service.START pkg=com.google.android.gms }
12-14 03:46:09.915 E/memtrack( 1627): Couldn't load memtrack module
12-14 03:46:09.915 W/android.os.Debug( 1627): failed to get memory consumption info: -1
12-14 03:46:10.152 I/Checkin ( 2258): [CheckinOperation] Checkin Operation finished with result: 0 finish time: 52296.
12-14 03:46:10.327 D/BoundBrokerSvc( 1941): onUnbind: Intent { act=com.google.android.gms.icing.LIGHTWEIGHT_INDEX_SERVICE cmp=com.google.android.gms/.chimera.PersistentApiService }
12-14 03:46:10.388 D/AndroidRuntime( 3881): >>>>>> START com.android.internal.os.RuntimeInit uid 2000 <<<<<<
12-14 03:46:10.420 W/app_process( 3881): Unexpected CPU variant for X86 using defaults: x86
12-14 03:46:10.436 D/AndroidRuntime( 3881): Calling main entry com.android.commands.am.Am
12-14 03:46:10.438 I/ActivityManager( 1627): Force stopping com.evancharlton.mileage appid=10430 user=0: start instr
12-14 03:46:10.438 I/ActivityManager( 1627): Killing 3746:com.evancharlton.mileage/u0a430 (adj 0): stop com.evancharlton.mileage
12-14 03:46:10.438 W/ActivityManager( 1627): Crash of app com.evancharlton.mileage running instrumentation ComponentInfo{com.evancharlton.mileage.test/sh.calaba.instrumentationbackend.ClearAppData2}
12-14 03:46:10.439 I/ActivityManager( 1627): Force stopping com.evancharlton.mileage appid=10430 user=0: finished inst
12-14 03:46:10.439 I/ActivityManager( 1627): Killing 3307:com.google.android.apps.messaging:rcs/u0a66 (adj 906): empty #17
12-14 03:46:10.448 I/zygote  ( 3891): Not late-enabling -Xcheck:jni (already on)
12-14 03:46:10.454 I/ActivityManager( 1627): Start proc 3891:com.evancharlton.mileage/u0a430 for added application com.evancharlton.mileage
12-14 03:46:10.454 D/AndroidRuntime( 3881): Shutting down VM
12-14 03:46:10.456 D/BoundBrokerSvc( 1941): onUnbind: Intent { act=com.google.android.gms.clearcut.bootcount.service.START cmp=com.google.android.gms/.chimera.PersistentBoundBrokerService }
12-14 03:46:10.459 W/zygote  ( 3891): Unexpected CPU variant for X86 using defaults: x86
12-14 03:46:10.487 E/adbd    ( 1383): failed to connect to socket 'tcp:7102': Connection refused
12-14 03:46:10.490 E/adbd    ( 1383): failed to connect to socket 'tcp:7102': Connection refused
12-14 03:46:10.494 W/zygote  ( 3891): Found duplicate classes, falling back to extracting from APK : /data/app/com.evancharlton.mileage.test-WzDmyo-n7mwCwcpTCAhOZA==/base.apk
12-14 03:46:10.494 W/zygote  ( 3891): NOTE: This wastes RAM and hurts startup performance.
12-14 03:46:10.494 W/zygote  ( 3891): Found duplicated class when checking oat files: 'Ljunit/runner/BaseTestRunner;' in /data/app/com.evancharlton.mileage.test-WzDmyo-n7mwCwcpTCAhOZA==/base.apk and /system/framework/android.test.runner.jar
12-14 03:46:10.495 W/zygote  ( 3891): 
12-14 03:46:10.527 W/System  ( 3891): ClassLoader referenced unknown path: 
12-14 03:46:10.534 D/ConnectivityService( 1627): handleLingerComplete for NetworkAgentInfo [MOBILE (LTE) - 100]
12-14 03:46:10.542 I/System.out( 3891): Main activity name automatically set to: com.evancharlton.mileage.Mileage
12-14 03:46:10.543 I/System.out( 3891): Calabash did not load Mono. This is only a problem if you are trying to test a Mono application
12-14 03:46:10.543 I/calabash( 3891): Test server port: 7102
12-14 03:46:10.545 I/InstrumentationBackend( 3891): Added:'GetPreferences', with key:'get_preferences'
12-14 03:46:10.604 E/adbd    ( 1383): failed to connect to socket 'tcp:7102': Connection refused
12-14 03:46:10.607 E/adbd    ( 1383): failed to connect to socket 'tcp:7102': Connection refused
12-14 03:46:10.609 I/InstrumentationBackend( 3891): Added:'SetPreferences', with key:'set_preferences'
12-14 03:46:10.610 I/InstrumentationBackend( 3891): Added:'ClearPreferences', with key:'clear_preferences'
12-14 03:46:10.610 I/InstrumentationBackend( 3891): Added:'PressElement', with key:'press_l10n_element'
12-14 03:46:10.610 I/InstrumentationBackend( 3891): Added:'WaitForElement', with key:'wait_for_l10n_element'
12-14 03:46:10.611 I/InstrumentationBackend( 3891): Added:'NullAction', with key:'nullAction'
12-14 03:46:10.611 I/InstrumentationBackend( 3891): Added:'PressKey', with key:'press_key'
12-14 03:46:10.612 I/InstrumentationBackend( 3891): Added:'SetActivityOrientation', with key:'set_activity_orientation'
12-14 03:46:10.612 I/InstrumentationBackend( 3891): Added:'GetActivityOrientation', with key:'get_activity_orientation'
12-14 03:46:10.613 I/InstrumentationBackend( 3891): Added:'FakeGPSLocation', with key:'set_gps_coordinates'
12-14 03:46:10.613 I/InstrumentationBackend( 3891): Added:'SetPropertyByCssSelector', with key:'set_property_by_css_selector'
12-14 03:46:10.614 I/InstrumentationBackend( 3891): Added:'GetUrl', with key:'get_url'
12-14 03:46:10.616 I/InstrumentationBackend( 3891): Added:'ScrollTo', with key:'scroll_to'
12-14 03:46:10.617 I/InstrumentationBackend( 3891): Added:'GetLoadProgress', with key:'get_load_progress'
12-14 03:46:10.617 I/InstrumentationBackend( 3891): Added:'DumpHtml', with key:'dump_html'
12-14 03:46:10.618 I/InstrumentationBackend( 3891): Added:'DumpBodyHtml', with key:'dump_body_html'
12-14 03:46:10.618 I/InstrumentationBackend( 3891): Added:'EnterTextByCssSelector', with key:'enter_text_by_selector'
12-14 03:46:10.622 I/InstrumentationBackend( 3891): Added:'AndroidSDKVersion', with key:'android_sdk_version'
12-14 03:46:10.622 I/InstrumentationBackend( 3891): Added:'Version', with key:'version'
12-14 03:46:10.622 I/InstrumentationBackend( 3891): Added:'Drag', with key:'drag'
12-14 03:46:10.623 I/InstrumentationBackend( 3891): Added:'TouchCoordinates', with key:'touch_coordinate'
12-14 03:46:10.623 I/InstrumentationBackend( 3891): Added:'LongPressCoordinate', with key:'long_press_coordinate'
12-14 03:46:10.623 I/InstrumentationBackend( 3891): Added:'DragCoordinates', with key:'drag_coordinates'
12-14 03:46:10.624 I/InstrumentationBackend( 3891): Added:'ResumeApplication', with key:'resume_application'
12-14 03:46:10.624 I/InstrumentationBackend( 3891): Added:'Swipe', with key:'swipe'
12-14 03:46:10.625 I/InstrumentationBackend( 3891): Added:'DoubleTapCoordinate', with key:'double_tap_coordinate'
12-14 03:46:10.625 I/InstrumentationBackend( 3891): Added:'ClickOnScreen', with key:'click_on_screen'
12-14 03:46:10.626 I/InstrumentationBackend( 3891): Added:'GetActivityName', with key:'get_activity_name'
12-14 03:46:10.627 I/InstrumentationBackend( 3891): Added:'ScrollToView', with key:'scroll_to_view'
12-14 03:46:10.627 I/InstrumentationBackend( 3891): Added:'ViewConfiguration', with key:'view_configuration'
12-14 03:46:10.628 I/InstrumentationBackend( 3891): Added:'IsCurrentActivityFocused', with key:'is_current_activity_focused'
12-14 03:46:10.628 I/InstrumentationBackend( 3891): Added:'SendTcp', with key:'send_tcp'
12-14 03:46:10.628 I/InstrumentationBackend( 3891): Added:'DpToDevicePixel', with key:'dp_to_device_pixel'
12-14 03:46:10.629 I/InstrumentationBackend( 3891): Added:'KeyboardEnterText', with key:'keyboard_enter_text'
12-14 03:46:10.630 I/InstrumentationBackend( 3891): Added:'DeleteSurroundingText', with key:'delete_surrounding_text'
12-14 03:46:10.630 I/InstrumentationBackend( 3891): Added:'SetComposingRegion', with key:'set_composing_region'
12-14 03:46:10.631 I/InstrumentationBackend( 3891): Added:'SetSelection', with key:'set_selection'
12-14 03:46:10.631 I/InstrumentationBackend( 3891): Added:'KeyboardKeyEvent', with key:'keyboard_key_event'
12-14 03:46:10.631 I/InstrumentationBackend( 3891): Added:'PressUserActionButton', with key:'press_user_action_button'
12-14 03:46:10.632 I/InstrumentationBackend( 3891): Added:'HideSoftKeyboard', with key:'hide_soft_keyboard'
12-14 03:46:10.634 I/InstrumentationBackend( 3891): Added:'ListActions', with key:'list_actions'
12-14 03:46:10.634 I/calabash( 3891): Instantiating http server at 7102
12-14 03:46:10.635 I/System.out( 3891): HTTP Daemon listening on: 7102
12-14 03:46:10.721 I/System.out( 3891): URI: //ping
12-14 03:46:10.721 I/System.out( 3891): params: {json={}
12-14 03:46:10.721 I/System.out( 3891): }
12-14 03:46:10.736 I/System.out( 3891): URI: //ping
12-14 03:46:10.736 I/System.out( 3891): params: {json={}
12-14 03:46:10.736 I/System.out( 3891): }
12-14 03:46:10.744 I/System.out( 3891): URI: //ready
12-14 03:46:10.744 I/System.out( 3891): params: {json={}
12-14 03:46:10.744 I/System.out( 3891): }
12-14 03:46:10.750 I/System.out( 3891): URI: //
12-14 03:46:10.750 I/System.out( 3891): params: {json={"command":"version","arguments":[]}
12-14 03:46:10.750 I/System.out( 3891): }
12-14 03:46:10.750 I/System.out( 3891): header: {content-type=application/json;charset=utf-8, date=Mon, 14 Dec 2020 08:46:10 GMT, accept=*/*, host=127.0.0.1:34777, content-length=36, user-agent=HTTPClient/1.0 (2.8.3, ruby 2.5.8 (2020-03-31))}
12-14 03:46:10.750 I/System.out( 3891): params: {json={"command":"version","arguments":[]}
12-14 03:46:10.750 I/System.out( 3891): }
12-14 03:46:10.750 I/System.out( 3891): ProP json = {"command":"version","arguments":[]}
12-14 03:46:10.750 I/System.out( 3891): files: {}
12-14 03:46:10.750 I/System.out( 3891): command: {"command":"version","arguments":[]}
12-14 03:46:10.765 W/ResourceType( 1627): ResTable_typeSpec entry count inconsistent: given 67, previously 69
12-14 03:46:10.765 W/ResourceType( 1627): ResTable_typeSpec entry count inconsistent: given 5411, previously 5412
12-14 03:46:10.768 I/InputReader( 1627): Reconfiguring input devices.  changes=0x00000010
12-14 03:46:10.787 I/Telecom ( 1627): DefaultDialerCache: Refreshing default dialer for user 0: now com.google.android.dialer: DDC.oR@AE0
12-14 03:46:10.804 W/ResourceType( 1627): ResTable_typeSpec entry count inconsistent: given 67, previously 69
12-14 03:46:10.804 W/ResourceType( 1627): ResTable_typeSpec entry count inconsistent: given 5411, previously 5412
12-14 03:46:10.813 I/Fitness ( 1941): OnPackageChangedOperation got intent: Intent { act=android.intent.action.PACKAGE_CHANGED dat=package:com.google.android.gms flg=0x45000010 pkg=com.google.android.gms cmp=com.google.android.gms/.chimera.PersistentIntentOperationService (has extras) } [CONTEXT service_id=17 ]
12-14 03:46:10.843 I/Fitness ( 1941): FitCleanupIntentOperation received Intent android.intent.action.PACKAGE_CHANGED [CONTEXT service_id=17 ]
12-14 03:46:10.847 D/CarrierSvcBindHelper( 1818): No carrier app for: 0
12-14 03:46:10.848 D/ImsResolver( 1818): maybeAddedImsService, packageName: com.google.android.gms
12-14 03:46:10.848 W/PeopleGalProvider( 2258): Not enabled to outside of GmsCore.
12-14 03:46:10.848 I/PeopleGalProvider( 2258): Method 0 completed.
12-14 03:46:10.849 I/ContactDirectoryManager( 2425): Directory provider com.google.android.gms(com.google.android.gms.people.gal.provider) returned a NULL cursor.
12-14 03:46:10.875 I/Icing   ( 2258): updateResources: need to parse adiq{com.google.android.gms}
12-14 03:46:10.878 I/InstrumentationBackend( 3891): Got command:'Command:'Line:null,version', arguments:'[]'
12-14 03:46:10.884 I/Icing   ( 2258): IndexChimeraService.getServiceInterface callingPackage=com.google.android.gms componentName=AppsCorpus serviceId=36
12-14 03:46:10.910 I/zygote  ( 2258): Deoptimizing brse brse.p(int, java.lang.Object[]) due to JIT inline cache
12-14 03:46:10.913 I/ProvidersCache( 3353): Provider returned no roots. Possibly naughty: com.google.android.apps.docs.storage
12-14 03:46:10.946 W/Binder  ( 1627): Outgoing transactions from this process must be FLAG_ONEWAY
12-14 03:46:10.946 W/Binder  ( 1627): java.lang.Throwable
12-14 03:46:10.946 W/Binder  ( 1627): 	at android.os.BinderProxy.transact(Binder.java:736)
12-14 03:46:10.946 W/Binder  ( 1627): 	at com.android.internal.location.ILocationProvider$Stub$Proxy.getProperties(ILocationProvider.java:232)
12-14 03:46:10.946 W/Binder  ( 1627): 	at com.android.server.location.LocationProviderProxy$1.run(LocationProviderProxy.java:119)
12-14 03:46:10.946 W/Binder  ( 1627): 	at android.os.Handler.handleCallback(Handler.java:789)
12-14 03:46:10.946 W/Binder  ( 1627): 	at android.os.Handler.dispatchMessage(Handler.java:98)
12-14 03:46:10.946 W/Binder  ( 1627): 	at android.os.Looper.loop(Looper.java:164)
12-14 03:46:10.946 W/Binder  ( 1627): 	at android.os.HandlerThread.run(HandlerThread.java:65)
12-14 03:46:10.948 W/Binder  ( 1627): Outgoing transactions from this process must be FLAG_ONEWAY
12-14 03:46:10.948 W/Binder  ( 1627): java.lang.Throwable
12-14 03:46:10.948 W/Binder  ( 1627): 	at android.os.BinderProxy.transact(Binder.java:736)
12-14 03:46:10.948 W/Binder  ( 1627): 	at com.android.internal.location.ILocationProvider$Stub$Proxy.getProperties(ILocationProvider.java:232)
12-14 03:46:10.948 W/Binder  ( 1627): 	at com.android.server.location.LocationProviderProxy$1.run(LocationProviderProxy.java:119)
12-14 03:46:10.948 W/Binder  ( 1627): 	at android.os.Handler.handleCallback(Handler.java:789)
12-14 03:46:10.948 W/Binder  ( 1627): 	at android.os.Handler.dispatchMessage(Handler.java:98)
12-14 03:46:10.948 W/Binder  ( 1627): 	at android.os.Looper.loop(Looper.java:164)
12-14 03:46:10.948 W/Binder  ( 1627): 	at android.os.HandlerThread.run(HandlerThread.java:65)
12-14 03:46:10.955 I/System.out( 3891): result:{"bonusInformation":[],"message":"0.9.8","success":true}
12-14 03:46:10.969 I/System.out( 3891): URI: //start-application
12-14 03:46:10.969 I/System.out( 3891): params: {json={"intent":null}
12-14 03:46:10.969 I/System.out( 3891): }
12-14 03:46:10.996 W/Icing   ( 2258): No valid account for uploading user actions
12-14 03:46:11.012 I/Icing   ( 2258): Usage reports ok 0, Failed Usage reports 0, indexed 0, rejected 0
12-14 03:46:11.019 I/Icing   ( 2258): Indexing com.google.android.gms-apps from com.google.android.gms
12-14 03:46:11.022 I/Icing   ( 2258): Indexing done com.google.android.gms-apps
12-14 03:46:11.023 I/Icing   ( 2258): IndexChimeraService.getServiceInterface callingPackage=com.google.android.gms componentName=null serviceId=30
12-14 03:46:11.026 I/ActivityManager( 1627): START u0 {act=android.intent.action.MAIN cat=[android.intent.category.LAUNCHER] flg=0x10200000 cmp=com.evancharlton.mileage/.Mileage} from uid 10430
12-14 03:46:11.042 I/calabash( 3891): newActivity1
12-14 03:46:11.043 W/Icing   ( 2258): No valid account for uploading user actions
12-14 03:46:11.056 D/gralloc_ranchu( 1396): gralloc_alloc: Creating ashmem region of size 7753728
12-14 03:46:11.096 W/ActivityManager( 1627): Bad activity token: android.os.BinderProxy@fd259cc
12-14 03:46:11.096 W/ActivityManager( 1627): java.lang.ClassCastException: android.os.BinderProxy cannot be cast to com.android.server.am.ActivityRecord$Token
12-14 03:46:11.096 W/ActivityManager( 1627): 	at com.android.server.am.ActivityRecord.forTokenLocked(ActivityRecord.java:778)
12-14 03:46:11.096 W/ActivityManager( 1627): 	at com.android.server.am.ActivityRecord.isInStackLocked(ActivityRecord.java:2085)
12-14 03:46:11.096 W/ActivityManager( 1627): 	at com.android.server.am.ActivityRecord.getStackLocked(ActivityRecord.java:2090)
12-14 03:46:11.096 W/ActivityManager( 1627): 	at com.android.server.am.ActivityManagerService.getActivityDisplayId(ActivityManagerService.java:10406)
12-14 03:46:11.096 W/ActivityManager( 1627): 	at android.app.IActivityManager$Stub.onTransact(IActivityManager.java:2738)
12-14 03:46:11.096 W/ActivityManager( 1627): 	at com.android.server.am.ActivityManagerService.onTransact(ActivityManagerService.java:2935)
12-14 03:46:11.096 W/ActivityManager( 1627): 	at android.os.Binder.execTransact(Binder.java:674)
12-14 03:46:11.100 I/calabash( 3891): newActivity1
12-14 03:46:11.105 W/ActivityManager( 1627): Bad activity token: android.os.BinderProxy@fd259cc
12-14 03:46:11.105 W/ActivityManager( 1627): java.lang.ClassCastException: android.os.BinderProxy cannot be cast to com.android.server.am.ActivityRecord$Token
12-14 03:46:11.105 W/ActivityManager( 1627): 	at com.android.server.am.ActivityRecord.forTokenLocked(ActivityRecord.java:778)
12-14 03:46:11.105 W/ActivityManager( 1627): 	at com.android.server.am.ActivityRecord.isInStackLocked(ActivityRecord.java:2085)
12-14 03:46:11.105 W/ActivityManager( 1627): 	at com.android.server.am.ActivityManagerService.setTaskDescription(ActivityManagerService.java:9988)
12-14 03:46:11.105 W/ActivityManager( 1627): 	at android.app.IActivityManager$Stub.onTransact(IActivityManager.java:2824)
12-14 03:46:11.105 W/ActivityManager( 1627): 	at com.android.server.am.ActivityManagerService.onTransact(ActivityManagerService.java:2935)
12-14 03:46:11.105 W/ActivityManager( 1627): 	at android.os.Binder.execTransact(Binder.java:674)
12-14 03:46:11.106 W/ActivityManager( 1627): Bad activity token: android.os.BinderProxy@fd259cc
12-14 03:46:11.106 W/ActivityManager( 1627): java.lang.ClassCastException: android.os.BinderProxy cannot be cast to com.android.server.am.ActivityRecord$Token
12-14 03:46:11.106 W/ActivityManager( 1627): 	at com.android.server.am.ActivityRecord.forTokenLocked(ActivityRecord.java:778)
12-14 03:46:11.106 W/ActivityManager( 1627): 	at com.android.server.am.ActivityRecord.isInStackLocked(ActivityRecord.java:2085)
12-14 03:46:11.106 W/ActivityManager( 1627): 	at com.android.server.am.ActivityRecord.getStackLocked(ActivityRecord.java:2090)
12-14 03:46:11.106 W/ActivityManager( 1627): 	at com.android.server.am.ActivityManagerService.getActivityStackId(ActivityManagerService.java:10417)
12-14 03:46:11.106 W/ActivityManager( 1627): 	at android.app.IActivityManager$Stub.onTransact(IActivityManager.java:3548)
12-14 03:46:11.106 W/ActivityManager( 1627): 	at com.android.server.am.ActivityManagerService.onTransact(ActivityManagerService.java:2935)
12-14 03:46:11.106 W/ActivityManager( 1627): 	at android.os.Binder.execTransact(Binder.java:674)
12-14 03:46:11.118 D/EGL_emulation( 2172): eglMakeCurrent: 0x97d7de00: ver 3 0 (tinfo 0x97d7f860)
12-14 03:46:11.120 D/EGL_emulation( 2144): eglMakeCurrent: 0x9a304420: ver 3 0 (tinfo 0x9a303360)
12-14 03:46:11.127 D/EGL_emulation( 1730): eglMakeCurrent: 0x95deb400: ver 3 0 (tinfo 0x95df4d10)
12-14 03:46:11.129 V/StatusBar( 1730): setLightsOn(true)
12-14 03:46:11.146 D/EGL_emulation( 1730): eglMakeCurrent: 0x95deb400: ver 3 0 (tinfo 0x95df4d10)
12-14 03:46:11.156 D/EGL_emulation( 1730): eglMakeCurrent: 0x95deb400: ver 3 0 (tinfo 0x95df4d10)
12-14 03:46:11.158 W/asset   ( 1730): Asset path /data/app/com.evancharlton.mileage-loMbfwRf5hSO5P3wIggJNQ==/base.apk is neither a directory nor file (type=1).
12-14 03:46:11.159 E/ResourcesManager( 1730): failed to add asset path /data/app/com.evancharlton.mileage-loMbfwRf5hSO5P3wIggJNQ==/base.apk
12-14 03:46:11.159 W/PackageManager( 1730): Failure retrieving resources for com.evancharlton.mileage
12-14 03:46:11.161 W/asset   ( 1730): Asset path /data/app/com.evancharlton.mileage-loMbfwRf5hSO5P3wIggJNQ==/base.apk is neither a directory nor file (type=1).
12-14 03:46:11.165 E/ResourcesManager( 1730): failed to add asset path /data/app/com.evancharlton.mileage-loMbfwRf5hSO5P3wIggJNQ==/base.apk
12-14 03:46:11.165 D/EGL_emulation( 1730): eglMakeCurrent: 0x95deb400: ver 3 0 (tinfo 0x95df4d10)
12-14 03:46:11.172 W/PackageManager( 1730): Failure retrieving resources for com.evancharlton.mileage
12-14 03:46:11.173 W/asset   ( 1730): Asset path /data/app/com.evancharlton.mileage-loMbfwRf5hSO5P3wIggJNQ==/base.apk is neither a directory nor file (type=1).
12-14 03:46:11.173 E/ResourcesManager( 1730): failed to add asset path /data/app/com.evancharlton.mileage-loMbfwRf5hSO5P3wIggJNQ==/base.apk
12-14 03:46:11.174 W/PackageManager( 1730): Failure retrieving resources for com.evancharlton.mileage
12-14 03:46:11.177 I/Icing   ( 2258): Usage reports ok 1, Failed Usage reports 0, indexed 0, rejected 0
12-14 03:46:11.179 E/ContentStoreEUAS( 2172): Failed to commit the deferred actions
12-14 03:46:11.193 D/FillupsProvider( 3891): Creating database
12-14 03:46:11.199 D/EGL_emulation( 1730): eglMakeCurrent: 0x95deb400: ver 3 0 (tinfo 0x95df4d10)
12-14 03:46:11.203 V/StatusBar( 1730): setLightsOn(true)
12-14 03:46:11.208 D/EGL_emulation( 1730): eglMakeCurrent: 0x95deb400: ver 3 0 (tinfo 0x95df4d10)
12-14 03:46:11.264 I/chatty  ( 1730): uid=10028(u0_a28) RenderThread identical 7 lines
12-14 03:46:11.277 D/EGL_emulation( 1730): eglMakeCurrent: 0x95deb400: ver 3 0 (tinfo 0x95df4d10)
12-14 03:46:11.278 I/zygote  ( 3823): Waiting for a blocking GC ProfileSaver
12-14 03:46:11.280 D/EGL_emulation( 1730): eglMakeCurrent: 0x95deb400: ver 3 0 (tinfo 0x95df4d10)
12-14 03:46:11.287 I/zygote  ( 3823): WaitForGcToComplete blocked for 9.321ms for cause ProfileSaver
12-14 03:46:11.293 D/EGL_emulation( 1730): eglMakeCurrent: 0x95deb400: ver 3 0 (tinfo 0x95df4d10)
12-14 03:46:11.312 I/chatty  ( 1730): uid=10028(u0_a28) RenderThread identical 3 lines
12-14 03:46:11.327 D/EGL_emulation( 1730): eglMakeCurrent: 0x95deb400: ver 3 0 (tinfo 0x95df4d10)
12-14 03:46:11.329 I/zygote  ( 3891): Do partial code cache collection, code=29KB, data=28KB
12-14 03:46:11.331 D/EGL_emulation( 1730): eglMakeCurrent: 0x95deb400: ver 3 0 (tinfo 0x95df4d10)
12-14 03:46:11.331 I/zygote  ( 3891): After code cache collection, code=29KB, data=28KB
12-14 03:46:11.331 I/zygote  ( 3891): Increasing code cache capacity to 128KB
12-14 03:46:11.335 D/EGL_emulation( 1730): eglMakeCurrent: 0x95deb400: ver 3 0 (tinfo 0x95df4d10)
12-14 03:46:11.362 W/ActivityManager( 1627): Bad activity token: android.os.BinderProxy@fd259cc
12-14 03:46:11.362 W/ActivityManager( 1627): java.lang.ClassCastException: android.os.BinderProxy cannot be cast to com.android.server.am.ActivityRecord$Token
12-14 03:46:11.362 W/ActivityManager( 1627): 	at com.android.server.am.ActivityRecord.forTokenLocked(ActivityRecord.java:778)
12-14 03:46:11.362 W/ActivityManager( 1627): 	at com.android.server.am.ActivityRecord.isInStackLocked(ActivityRecord.java:2085)
12-14 03:46:11.362 W/ActivityManager( 1627): 	at com.android.server.am.ActivityManagerService.getActivityOptions(ActivityManagerService.java:13302)
12-14 03:46:11.362 W/ActivityManager( 1627): 	at android.app.IActivityManager$Stub.onTransact(IActivityManager.java:2910)
12-14 03:46:11.362 W/ActivityManager( 1627): 	at com.android.server.am.ActivityManagerService.onTransact(ActivityManagerService.java:2935)
12-14 03:46:11.362 W/ActivityManager( 1627): 	at android.os.Binder.execTransact(Binder.java:674)
12-14 03:46:11.362 W/ActivityManager( 1627): Bad activity token: android.os.BinderProxy@fd259cc
