--------- beginning of main
12-14 04:10:18.544 D/AndroidRuntime( 4422): >>>>>> START com.android.internal.os.RuntimeInit uid 2000 <<<<<<
12-14 04:10:18.578 W/app_process( 4422): Unexpected CPU variant for X86 using defaults: x86
12-14 04:10:18.594 D/AndroidRuntime( 4422): Calling main entry com.android.commands.am.Am
--------- beginning of system
12-14 04:10:18.598 I/ActivityManager( 1625): Force stopping com.evancharlton.mileage appid=10454 user=0: start instr
12-14 04:10:18.598 I/ActivityManager( 1625): Killing 4400:com.evancharlton.mileage/u0a454 (adj 0): stop com.evancharlton.mileage
12-14 04:10:18.600 W/ActivityManager( 1625): Crash of app com.evancharlton.mileage running instrumentation ComponentInfo{com.evancharlton.mileage.test/sh.calaba.instrumentationbackend.ClearAppData2}
12-14 04:10:18.600 I/ActivityManager( 1625): Force stopping com.evancharlton.mileage appid=10454 user=0: finished inst
12-14 04:10:18.605 I/zygote  ( 4432): Not late-enabling -Xcheck:jni (already on)
12-14 04:10:18.612 I/ActivityManager( 1625): Start proc 4432:com.evancharlton.mileage/u0a454 for added application com.evancharlton.mileage
12-14 04:10:18.613 E/memtrack( 1625): Couldn't load memtrack module
12-14 04:10:18.613 W/android.os.Debug( 1625): failed to get memory consumption info: -1
12-14 04:10:18.613 D/AndroidRuntime( 4422): Shutting down VM
12-14 04:10:18.617 W/zygote  ( 4432): Unexpected CPU variant for X86 using defaults: x86
12-14 04:10:18.624 E/memtrack( 1625): Couldn't load memtrack module
12-14 04:10:18.624 W/android.os.Debug( 1625): failed to get memory consumption info: -1
12-14 04:10:18.643 W/zygote  ( 4432): Found duplicate classes, falling back to extracting from APK : /data/app/com.evancharlton.mileage.test-qjRczWlfKgWr7hEzpOXH4w==/base.apk
12-14 04:10:18.643 W/zygote  ( 4432): NOTE: This wastes RAM and hurts startup performance.
12-14 04:10:18.644 E/adbd    ( 1373): failed to connect to socket 'tcp:7102': Connection refused
12-14 04:10:18.644 W/zygote  ( 4432): Found duplicated class when checking oat files: 'Ljunit/runner/BaseTestRunner;' in /data/app/com.evancharlton.mileage.test-qjRczWlfKgWr7hEzpOXH4w==/base.apk and /system/framework/android.test.runner.jar
12-14 04:10:18.644 W/zygote  ( 4432): 
12-14 04:10:18.648 E/adbd    ( 1373): failed to connect to socket 'tcp:7102': Connection refused
12-14 04:10:18.678 W/System  ( 4432): ClassLoader referenced unknown path: 
12-14 04:10:18.691 I/System.out( 4432): Main activity name automatically set to: com.evancharlton.mileage.Mileage
12-14 04:10:18.692 I/System.out( 4432): Calabash did not load Mono. This is only a problem if you are trying to test a Mono application
12-14 04:10:18.692 I/calabash( 4432): Test server port: 7102
12-14 04:10:18.693 I/InstrumentationBackend( 4432): Added:'GetPreferences', with key:'get_preferences'
12-14 04:10:18.751 I/InstrumentationBackend( 4432): Added:'SetPreferences', with key:'set_preferences'
12-14 04:10:18.752 I/InstrumentationBackend( 4432): Added:'ClearPreferences', with key:'clear_preferences'
12-14 04:10:18.752 I/InstrumentationBackend( 4432): Added:'PressElement', with key:'press_l10n_element'
12-14 04:10:18.752 I/InstrumentationBackend( 4432): Added:'WaitForElement', with key:'wait_for_l10n_element'
12-14 04:10:18.753 I/InstrumentationBackend( 4432): Added:'NullAction', with key:'nullAction'
12-14 04:10:18.754 I/InstrumentationBackend( 4432): Added:'PressKey', with key:'press_key'
12-14 04:10:18.754 I/InstrumentationBackend( 4432): Added:'SetActivityOrientation', with key:'set_activity_orientation'
12-14 04:10:18.754 I/InstrumentationBackend( 4432): Added:'GetActivityOrientation', with key:'get_activity_orientation'
12-14 04:10:18.755 I/InstrumentationBackend( 4432): Added:'FakeGPSLocation', with key:'set_gps_coordinates'
12-14 04:10:18.755 I/InstrumentationBackend( 4432): Added:'SetPropertyByCssSelector', with key:'set_property_by_css_selector'
12-14 04:10:18.756 I/InstrumentationBackend( 4432): Added:'GetUrl', with key:'get_url'
12-14 04:10:18.759 I/InstrumentationBackend( 4432): Added:'ScrollTo', with key:'scroll_to'
12-14 04:10:18.759 I/InstrumentationBackend( 4432): Added:'GetLoadProgress', with key:'get_load_progress'
12-14 04:10:18.759 I/InstrumentationBackend( 4432): Added:'DumpHtml', with key:'dump_html'
12-14 04:10:18.760 I/InstrumentationBackend( 4432): Added:'DumpBodyHtml', with key:'dump_body_html'
12-14 04:10:18.760 I/InstrumentationBackend( 4432): Added:'EnterTextByCssSelector', with key:'enter_text_by_selector'
12-14 04:10:18.765 I/InstrumentationBackend( 4432): Added:'AndroidSDKVersion', with key:'android_sdk_version'
12-14 04:10:18.766 I/InstrumentationBackend( 4432): Added:'Version', with key:'version'
12-14 04:10:18.766 E/adbd    ( 1373): failed to connect to socket 'tcp:7102': Connection refused
12-14 04:10:18.766 I/InstrumentationBackend( 4432): Added:'Drag', with key:'drag'
12-14 04:10:18.767 I/InstrumentationBackend( 4432): Added:'TouchCoordinates', with key:'touch_coordinate'
12-14 04:10:18.768 I/InstrumentationBackend( 4432): Added:'LongPressCoordinate', with key:'long_press_coordinate'
12-14 04:10:18.769 E/adbd    ( 1373): failed to connect to socket 'tcp:7102': Connection refused
12-14 04:10:18.769 I/InstrumentationBackend( 4432): Added:'DragCoordinates', with key:'drag_coordinates'
12-14 04:10:18.771 I/InstrumentationBackend( 4432): Added:'ResumeApplication', with key:'resume_application'
12-14 04:10:18.771 I/InstrumentationBackend( 4432): Added:'Swipe', with key:'swipe'
12-14 04:10:18.771 I/InstrumentationBackend( 4432): Added:'DoubleTapCoordinate', with key:'double_tap_coordinate'
12-14 04:10:18.772 I/InstrumentationBackend( 4432): Added:'ClickOnScreen', with key:'click_on_screen'
12-14 04:10:18.773 I/InstrumentationBackend( 4432): Added:'GetActivityName', with key:'get_activity_name'
12-14 04:10:18.773 I/InstrumentationBackend( 4432): Added:'ScrollToView', with key:'scroll_to_view'
12-14 04:10:18.773 I/InstrumentationBackend( 4432): Added:'ViewConfiguration', with key:'view_configuration'
12-14 04:10:18.774 I/InstrumentationBackend( 4432): Added:'IsCurrentActivityFocused', with key:'is_current_activity_focused'
12-14 04:10:18.774 I/InstrumentationBackend( 4432): Added:'SendTcp', with key:'send_tcp'
12-14 04:10:18.774 I/InstrumentationBackend( 4432): Added:'DpToDevicePixel', with key:'dp_to_device_pixel'
12-14 04:10:18.775 I/InstrumentationBackend( 4432): Added:'KeyboardEnterText', with key:'keyboard_enter_text'
12-14 04:10:18.776 I/InstrumentationBackend( 4432): Added:'DeleteSurroundingText', with key:'delete_surrounding_text'
12-14 04:10:18.776 I/InstrumentationBackend( 4432): Added:'SetComposingRegion', with key:'set_composing_region'
12-14 04:10:18.777 I/InstrumentationBackend( 4432): Added:'SetSelection', with key:'set_selection'
12-14 04:10:18.777 I/InstrumentationBackend( 4432): Added:'KeyboardKeyEvent', with key:'keyboard_key_event'
12-14 04:10:18.777 I/InstrumentationBackend( 4432): Added:'PressUserActionButton', with key:'press_user_action_button'
12-14 04:10:18.778 I/InstrumentationBackend( 4432): Added:'HideSoftKeyboard', with key:'hide_soft_keyboard'
12-14 04:10:18.779 I/InstrumentationBackend( 4432): Added:'ListActions', with key:'list_actions'
12-14 04:10:18.780 I/calabash( 4432): Instantiating http server at 7102
12-14 04:10:18.780 I/System.out( 4432): HTTP Daemon listening on: 7102
12-14 04:10:18.883 I/System.out( 4432): URI: //ping
12-14 04:10:18.884 I/System.out( 4432): params: {json={}
12-14 04:10:18.884 I/System.out( 4432): }
12-14 04:10:18.896 I/System.out( 4432): URI: //ping
12-14 04:10:18.896 I/System.out( 4432): params: {json={}
12-14 04:10:18.896 I/System.out( 4432): }
12-14 04:10:18.905 I/System.out( 4432): URI: //ready
12-14 04:10:18.905 I/System.out( 4432): params: {json={}
12-14 04:10:18.905 I/System.out( 4432): }
12-14 04:10:18.915 I/System.out( 4432): URI: //
12-14 04:10:18.915 I/System.out( 4432): params: {json={"command":"version","arguments":[]}
12-14 04:10:18.915 I/System.out( 4432): }
12-14 04:10:18.915 I/System.out( 4432): header: {content-type=application/json;charset=utf-8, date=Mon, 14 Dec 2020 09:10:19 GMT, accept=*/*, host=127.0.0.1:34777, content-length=36, user-agent=HTTPClient/1.0 (2.8.3, ruby 2.5.8 (2020-03-31))}
12-14 04:10:18.916 I/System.out( 4432): params: {json={"command":"version","arguments":[]}
12-14 04:10:18.916 I/System.out( 4432): }
12-14 04:10:18.916 I/System.out( 4432): ProP json = {"command":"version","arguments":[]}
12-14 04:10:18.916 I/System.out( 4432): files: {}
12-14 04:10:18.916 I/System.out( 4432): command: {"command":"version","arguments":[]}
12-14 04:10:18.944 I/InstrumentationBackend( 4432): Got command:'Command:'Line:null,version', arguments:'[]'
12-14 04:10:18.975 I/System.out( 4432): result:{"bonusInformation":[],"message":"0.9.8","success":true}
12-14 04:10:18.982 I/System.out( 4432): URI: //start-application
12-14 04:10:18.982 I/System.out( 4432): params: {json={"intent":null}
12-14 04:10:18.982 I/System.out( 4432): }
12-14 04:10:19.019 I/ActivityManager( 1625): START u0 {act=android.intent.action.MAIN cat=[android.intent.category.LAUNCHER] flg=0x10200000 cmp=com.evancharlton.mileage/.Mileage} from uid 10454
12-14 04:10:19.043 I/calabash( 4432): newActivity1
12-14 04:10:19.051 D/gralloc_ranchu( 1395): gralloc_alloc: Creating ashmem region of size 7753728
12-14 04:10:19.079 W/ActivityManager( 1625): Bad activity token: android.os.BinderProxy@6015ef3
12-14 04:10:19.079 W/ActivityManager( 1625): java.lang.ClassCastException: android.os.BinderProxy cannot be cast to com.android.server.am.ActivityRecord$Token
12-14 04:10:19.079 W/ActivityManager( 1625): 	at com.android.server.am.ActivityRecord.forTokenLocked(ActivityRecord.java:778)
12-14 04:10:19.079 W/ActivityManager( 1625): 	at com.android.server.am.ActivityRecord.isInStackLocked(ActivityRecord.java:2085)
12-14 04:10:19.079 W/ActivityManager( 1625): 	at com.android.server.am.ActivityRecord.getStackLocked(ActivityRecord.java:2090)
12-14 04:10:19.079 W/ActivityManager( 1625): 	at com.android.server.am.ActivityManagerService.getActivityDisplayId(ActivityManagerService.java:10406)
12-14 04:10:19.079 W/ActivityManager( 1625): 	at android.app.IActivityManager$Stub.onTransact(IActivityManager.java:2738)
12-14 04:10:19.079 W/ActivityManager( 1625): 	at com.android.server.am.ActivityManagerService.onTransact(ActivityManagerService.java:2935)
12-14 04:10:19.079 W/ActivityManager( 1625): 	at android.os.Binder.execTransact(Binder.java:674)
12-14 04:10:19.081 I/calabash( 4432): newActivity1
12-14 04:10:19.089 W/ActivityManager( 1625): Bad activity token: android.os.BinderProxy@6015ef3
12-14 04:10:19.089 W/ActivityManager( 1625): java.lang.ClassCastException: android.os.BinderProxy cannot be cast to com.android.server.am.ActivityRecord$Token
12-14 04:10:19.089 W/ActivityManager( 1625): 	at com.android.server.am.ActivityRecord.forTokenLocked(ActivityRecord.java:778)
12-14 04:10:19.089 W/ActivityManager( 1625): 	at com.android.server.am.ActivityRecord.isInStackLocked(ActivityRecord.java:2085)
12-14 04:10:19.089 W/ActivityManager( 1625): 	at com.android.server.am.ActivityManagerService.setTaskDescription(ActivityManagerService.java:9988)
12-14 04:10:19.089 W/ActivityManager( 1625): 	at android.app.IActivityManager$Stub.onTransact(IActivityManager.java:2824)
12-14 04:10:19.089 W/ActivityManager( 1625): 	at com.android.server.am.ActivityManagerService.onTransact(ActivityManagerService.java:2935)
12-14 04:10:19.089 W/ActivityManager( 1625): 	at android.os.Binder.execTransact(Binder.java:674)
12-14 04:10:19.091 W/ActivityManager( 1625): Bad activity token: android.os.BinderProxy@6015ef3
12-14 04:10:19.091 W/ActivityManager( 1625): java.lang.ClassCastException: android.os.BinderProxy cannot be cast to com.android.server.am.ActivityRecord$Token
12-14 04:10:19.091 W/ActivityManager( 1625): 	at com.android.server.am.ActivityRecord.forTokenLocked(ActivityRecord.java:778)
12-14 04:10:19.091 W/ActivityManager( 1625): 	at com.android.server.am.ActivityRecord.isInStackLocked(ActivityRecord.java:2085)
12-14 04:10:19.091 W/ActivityManager( 1625): 	at com.android.server.am.ActivityRecord.getStackLocked(ActivityRecord.java:2090)
12-14 04:10:19.091 W/ActivityManager( 1625): 	at com.android.server.am.ActivityManagerService.getActivityStackId(ActivityManagerService.java:10417)
12-14 04:10:19.091 W/ActivityManager( 1625): 	at android.app.IActivityManager$Stub.onTransact(IActivityManager.java:3548)
12-14 04:10:19.091 W/ActivityManager( 1625): 	at com.android.server.am.ActivityManagerService.onTransact(ActivityManagerService.java:2935)
12-14 04:10:19.091 W/ActivityManager( 1625): 	at android.os.Binder.execTransact(Binder.java:674)
12-14 04:10:19.101 D/EGL_emulation( 2186): eglMakeCurrent: 0xa20849c0: ver 3 0 (tinfo 0xa20835d0)
12-14 04:10:19.102 D/EGL_emulation( 2155): eglMakeCurrent: 0xa20849c0: ver 3 0 (tinfo 0xa2083790)
12-14 04:10:19.128 D/EGL_emulation( 1729): eglMakeCurrent: 0x8e968520: ver 3 0 (tinfo 0x9f83ed00)
12-14 04:10:19.131 V/StatusBar( 1729): setLightsOn(true)
12-14 04:10:19.138 D/EGL_emulation( 1729): eglMakeCurrent: 0x8e968520: ver 3 0 (tinfo 0x9f83ed00)
12-14 04:10:19.144 D/EGL_emulation( 1729): eglMakeCurrent: 0x8e968520: ver 3 0 (tinfo 0x9f83ed00)
12-14 04:10:19.148 E/ContentStoreEUAS( 2186): Failed to commit the deferred actions
12-14 04:10:19.161 D/EGL_emulation( 1729): eglMakeCurrent: 0x8e968520: ver 3 0 (tinfo 0x9f83ed00)
12-14 04:10:19.178 I/chatty  ( 1729): uid=10028(u0_a28) RenderThread identical 2 lines
12-14 04:10:19.184 D/EGL_emulation( 1729): eglMakeCurrent: 0x8e968520: ver 3 0 (tinfo 0x9f83ed00)
12-14 04:10:19.195 D/FillupsProvider( 4432): Creating database
12-14 04:10:19.198 D/EGL_emulation( 1729): eglMakeCurrent: 0x8e968520: ver 3 0 (tinfo 0x9f83ed00)
12-14 04:10:19.277 I/chatty  ( 1729): uid=10028(u0_a28) RenderThread identical 9 lines
12-14 04:10:19.279 D/EGL_emulation( 1729): eglMakeCurrent: 0x8e968520: ver 3 0 (tinfo 0x9f83ed00)
12-14 04:10:19.282 I/zygote  ( 4432): Do partial code cache collection, code=29KB, data=21KB
12-14 04:10:19.282 I/zygote  ( 4432): After code cache collection, code=29KB, data=21KB
12-14 04:10:19.282 I/zygote  ( 4432): Increasing code cache capacity to 128KB
12-14 04:10:19.293 D/EGL_emulation( 1729): eglMakeCurrent: 0x8e968520: ver 3 0 (tinfo 0x9f83ed00)
12-14 04:10:19.328 I/chatty  ( 1729): uid=10028(u0_a28) RenderThread identical 4 lines
12-14 04:10:19.331 D/EGL_emulation( 1729): eglMakeCurrent: 0x8e968520: ver 3 0 (tinfo 0x9f83ed00)
12-14 04:10:19.344 W/ActivityManager( 1625): Bad activity token: android.os.BinderProxy@6015ef3
12-14 04:10:19.344 W/ActivityManager( 1625): java.lang.ClassCastException: android.os.BinderProxy cannot be cast to com.android.server.am.ActivityRecord$Token
12-14 04:10:19.344 W/ActivityManager( 1625): 	at com.android.server.am.ActivityRecord.forTokenLocked(ActivityRecord.java:778)
12-14 04:10:19.344 W/ActivityManager( 1625): 	at com.android.server.am.ActivityRecord.isInStackLocked(ActivityRecord.java:2085)
12-14 04:10:19.344 W/ActivityManager( 1625): 	at com.android.server.am.ActivityManagerService.getActivityOptions(ActivityManagerService.java:13302)
12-14 04:10:19.344 W/ActivityManager( 1625): 	at android.app.IActivityManager$Stub.onTransact(IActivityManager.java:2910)
12-14 04:10:19.344 W/ActivityManager( 1625): 	at com.android.server.am.ActivityManagerService.onTransact(ActivityManagerService.java:2935)
12-14 04:10:19.344 W/ActivityManager( 1625): 	at android.os.Binder.execTransact(Binder.java:674)
12-14 04:10:19.344 W/ActivityManager( 1625): Bad activity token: android.os.BinderProxy@6015ef3
12-14 04:10:19.344 W/ActivityManager( 1625): java.lang.ClassCastException: android.os.BinderProxy cannot be cast to com.android.server.am.ActivityRecord$Token
12-14 04:10:19.344 W/ActivityManager( 1625): 	at com.android.server.am.ActivityRecord.forTokenLocked(ActivityRecord.java:778)
12-14 04:10:19.344 W/ActivityManager( 1625): 	at com.android.server.am.ActivityRecord.isInStackLocked(ActivityRecord.java:2085)
12-14 04:10:19.344 W/ActivityManager( 1625): 	at com.android.server.am.ActivityManagerService.getActivityOptions(ActivityManagerService.java:13302)
12-14 04:10:19.344 W/ActivityManager( 1625): 	at android.app.IActivityManager$Stub.onTransact(IActivityManager.java:2910)
12-14 04:10:19.344 W/ActivityManager( 1625): 	at com.android.server.am.ActivityManagerService.onTransact(ActivityManagerService.java:2935)
12-14 04:10:19.344 W/ActivityManager( 1625): 	at android.os.Binder.execTransact(Binder.java:674)
12-14 04:10:19.423 V/StatusBar( 1729): setLightsOn(true)
12-14 04:10:19.473 V/StatusBar( 1729): setLightsOn(true)
12-14 04:10:19.478 I/zygote  ( 4432): Do partial code cache collection, code=44KB, data=58KB
12-14 04:10:19.479 I/zygote  ( 4432): After code cache collection, code=44KB, data=58KB
12-14 04:10:19.479 I/zygote  ( 4432): Increasing code cache capacity to 256KB
12-14 04:10:19.479 V/StatusBar( 1729): setLightsOn(true)
12-14 04:10:19.479 I/zygote  ( 4432): JIT allocated 71KB for compiled code of void android.widget.TextView.<init>(android.content.Context, android.util.AttributeSet, int, int)
12-14 04:10:19.479 I/zygote  ( 4432): Compiler allocated 4MB to compile void android.widget.TextView.<init>(android.content.Context, android.util.AttributeSet, int, int)
12-14 04:10:19.479 V/StatusBar( 1729): setLightsOn(true)
12-14 04:10:19.518 D/gralloc_ranchu( 1395): gralloc_alloc: Creating ashmem region of size 7753728
12-14 04:10:19.518 I/zygote  ( 4432): Do full code cache collection, code=123KB, data=69KB
12-14 04:10:19.519 I/zygote  ( 4432): After code cache collection, code=90KB, data=38KB
12-14 04:10:19.537 V/StatusBar( 1729): setLightsOn(true)
12-14 04:10:19.540 D/        ( 4432): HostConnection::get() New Host Connection established 0x9f72fdc0, tid 4432
12-14 04:10:19.588 V/StatusBar( 1729): setLightsOn(true)
12-14 04:10:19.592 V/StatusBar( 1729): setLightsOn(true)
12-14 04:10:19.595 I/ActivityManager( 1625): Displayed com.evancharlton.mileage/.Mileage: +558ms
12-14 04:10:19.597 V/StatusBar( 1729): setLightsOn(true)
12-14 04:10:19.607 V/StatusBar( 1729): setLightsOn(true)
12-14 04:10:19.625 D/gralloc_ranchu( 1395): gralloc_alloc: Creating ashmem region of size 7753728
12-14 04:10:19.722 E/memtrack( 1625): Couldn't load memtrack module
12-14 04:10:19.722 W/android.os.Debug( 1625): failed to get memory consumption info: -1
12-14 04:10:19.794 V/StatusBar( 1729): setLightsOn(true)
12-14 04:10:19.840 I/chatty  ( 1729): uid=10028(u0_a28) com.android.systemui identical 2 lines
12-14 04:10:19.844 V/StatusBar( 1729): setLightsOn(true)
12-14 04:10:19.847 I/System.out( 4432): URI: //
12-14 04:10:19.847 I/System.out( 4432): params: {json={"command":"set_activity_orientation","arguments":["landscape"]}
12-14 04:10:19.847 I/System.out( 4432): }
12-14 04:10:19.847 I/System.out( 4432): header: {content-type=application/json;charset=utf-8, date=Mon, 14 Dec 2020 09:10:20 GMT, accept=*/*, host=127.0.0.1:34777, content-length=64, user-agent=HTTPClient/1.0 (2.8.3, ruby 2.5.8 (2020-03-31))}
12-14 04:10:19.847 I/System.out( 4432): params: {json={"command":"set_activity_orientation","arguments":["landscape"]}
12-14 04:10:19.847 I/System.out( 4432): }
12-14 04:10:19.847 I/System.out( 4432): ProP json = {"command":"set_activity_orientation","arguments":["landscape"]}
12-14 04:10:19.847 I/System.out( 4432): files: {}
12-14 04:10:19.847 I/System.out( 4432): command: {"command":"set_activity_orientation","arguments":["landscape"]}
12-14 04:10:19.854 I/InstrumentationBackend( 4432): Got command:'Command:'Line:null,set_activity_orientation', arguments:'[landscape]'
12-14 04:10:19.854 V/StatusBar( 1729): setLightsOn(true)
12-14 04:10:19.860 D/gralloc_ranchu( 1395): gralloc_alloc: Creating ashmem region of size 8298496
12-14 04:10:19.874 W/SurfaceFlinger( 1408): couldn't log to binary event log: overflow.
12-14 04:10:19.876 W/LocalDisplayAdapter( 1625): Unable to find color mode 0, ignoring request.
12-14 04:10:19.906 I/InputReader( 1625): Reconfiguring input devices.  changes=0x00000004
12-14 04:10:19.906 I/InputReader( 1625): Device reconfigured: id=0, name='qwerty2', size 1080x1920, orientation 1, mode 1, display id 0
12-14 04:10:19.909 I/InputReader( 1625): Reconfiguring input devices.  changes=0x00000004
12-14 04:10:19.910 I/InputReader( 1625): Reconfiguring input devices.  changes=0x00000004
12-14 04:10:19.912 I/ActivityManager( 1625): Config changes=480 {1.0 310mcc260mnc [en_US] ldltr sw411dp w683dp h387dp 420dpi nrml land finger qwerty/v/v -nav/h appBounds=Rect(0, 0 - 1794, 1080) s.7}
12-14 04:10:19.951 I/ActivityManager( 1625): Override config changes=480 {1.0 310mcc260mnc [en_US] ldltr sw411dp w683dp h387dp 420dpi nrml land finger qwerty/v/v -nav/h appBounds=Rect(0, 0 - 1794, 1080) s.7} for displayId=0
12-14 04:10:19.963 I/PBSessionCacheImpl( 2186): Deleted sessionId[12523024136030] from persistence.
12-14 04:10:20.015 W/SearchService( 2186): Abort, client detached.
12-14 04:10:20.017 E/memtrack( 1625): Couldn't load memtrack module
12-14 04:10:20.017 W/android.os.Debug( 1625): failed to get memory consumption info: -1
12-14 04:10:20.021 I/calabash( 4432): newActivity1
12-14 04:10:20.058 W/ActivityManager( 1625): Bad activity token: android.os.BinderProxy@68ae7f8
12-14 04:10:20.058 W/ActivityManager( 1625): java.lang.ClassCastException: android.os.BinderProxy cannot be cast to com.android.server.am.ActivityRecord$Token
12-14 04:10:20.058 W/ActivityManager( 1625): 	at com.android.server.am.ActivityRecord.forTokenLocked(ActivityRecord.java:778)
12-14 04:10:20.058 W/ActivityManager( 1625): 	at com.android.server.am.ActivityRecord.isInStackLocked(ActivityRecord.java:2085)
12-14 04:10:20.058 W/ActivityManager( 1625): 	at com.android.server.am.ActivityRecord.getStackLocked(ActivityRecord.java:2090)
12-14 04:10:20.058 W/ActivityManager( 1625): 	at com.android.server.am.ActivityManagerService.getActivityDisplayId(ActivityManagerService.java:10406)
12-14 04:10:20.058 W/ActivityManager( 1625): 	at android.app.IActivityManager$Stub.onTransact(IActivityManager.java:2738)
12-14 04:10:20.058 W/ActivityManager( 1625): 	at com.android.server.am.ActivityManagerService.onTransact(ActivityManagerService.java:2935)
12-14 04:10:20.058 W/ActivityManager( 1625): 	at android.os.Binder.execTransact(Binder.java:674)
12-14 04:10:20.059 I/calabash( 4432): newActivity1
12-14 04:10:20.063 W/ActivityManager( 1625): Bad activity token: android.os.BinderProxy@68ae7f8
12-14 04:10:20.063 W/ActivityManager( 1625): java.lang.ClassCastException: android.os.BinderProxy cannot be cast to com.android.server.am.ActivityRecord$Token
12-14 04:10:20.063 W/ActivityManager( 1625): 	at com.android.server.am.ActivityRecord.forTokenLocked(ActivityRecord.java:778)
12-14 04:10:20.063 W/ActivityManager( 1625): 	at com.android.server.am.ActivityRecord.isInStackLocked(ActivityRecord.java:2085)
12-14 04:10:20.063 W/ActivityManager( 1625): 	at com.android.server.am.ActivityManagerService.setTaskDescription(ActivityManagerService.java:9988)
12-14 04:10:20.063 W/ActivityManager( 1625): 	at android.app.IActivityManager$Stub.onTransact(IActivityManager.java:2824)
12-14 04:10:20.063 W/ActivityManager( 1625): 	at com.android.server.am.ActivityManagerService.onTransact(ActivityManagerService.java:2935)
12-14 04:10:20.063 W/ActivityManager( 1625): 	at android.os.Binder.execTransact(Binder.java:674)
12-14 04:10:20.064 W/ActivityManager( 1625): Bad activity token: android.os.BinderProxy@68ae7f8
12-14 04:10:20.064 W/ActivityManager( 1625): java.lang.ClassCastException: android.os.BinderProxy cannot be cast to com.android.server.am.ActivityRecord$Token
12-14 04:10:20.064 W/ActivityManager( 1625): 	at com.android.server.am.ActivityRecord.forTokenLocked(ActivityRecord.java:778)
12-14 04:10:20.064 W/ActivityManager( 1625): 	at com.android.server.am.ActivityRecord.isInStackLocked(ActivityRecord.java:2085)
12-14 04:10:20.064 W/ActivityManager( 1625): 	at com.android.server.am.ActivityRecord.getStackLocked(ActivityRecord.java:2090)
12-14 04:10:20.064 W/ActivityManager( 1625): 	at com.android.server.am.ActivityManagerService.getActivityStackId(ActivityManagerService.java:10417)
12-14 04:10:20.064 W/ActivityManager( 1625): 	at android.app.IActivityManager$Stub.onTransact(IActivityManager.java:3548)
12-14 04:10:20.064 W/ActivityManager( 1625): 	at com.android.server.am.ActivityManagerService.onTransact(ActivityManagerService.java:2935)
12-14 04:10:20.064 W/ActivityManager( 1625): 	at android.os.Binder.execTransact(Binder.java:674)
12-14 04:10:20.066 D/gralloc_ranchu( 1395): gralloc_alloc: Creating ashmem region of size 544768
12-14 04:10:20.081 D/EGL_emulation( 1729): eglMakeCurrent: 0x8e968520: ver 3 0 (tinfo 0x9f83ed00)
12-14 04:10:20.087 D/gralloc_ranchu( 1395): gralloc_alloc: Creating ashmem region of size 544768
12-14 04:10:20.124 W/ActivityManager( 1625): Bad activity token: android.os.BinderProxy@68ae7f8
12-14 04:10:20.124 W/ActivityManager( 1625): java.lang.ClassCastException: android.os.BinderProxy cannot be cast to com.android.server.am.ActivityRecord$Token
12-14 04:10:20.124 W/ActivityManager( 1625): 	at com.android.server.am.ActivityRecord.forTokenLocked(ActivityRecord.java:778)
12-14 04:10:20.124 W/ActivityManager( 1625): 	at com.android.server.am.ActivityRecord.isInStackLocked(ActivityRecord.java:2085)
12-14 04:10:20.124 W/ActivityManager( 1625): 	at com.android.server.am.ActivityManagerService.getActivityOptions(ActivityManagerService.java:13302)
12-14 04:10:20.124 W/ActivityManager( 1625): 	at android.app.IActivityManager$Stub.onTransact(IActivityManager.java:2910)
12-14 04:10:20.124 W/ActivityManager( 1625): 	at com.android.server.am.ActivityManagerService.onTransact(ActivityManagerService.java:2935)
12-14 04:10:20.124 W/ActivityManager( 1625): 	at android.os.Binder.execTransact(Binder.java:674)
12-14 04:10:20.127 W/ActivityManager( 1625): Bad activity token: android.os.BinderProxy@68ae7f8
12-14 04:10:20.127 W/ActivityManager( 1625): java.lang.ClassCastException: android.os.BinderProxy cannot be cast to com.android.server.am.ActivityRecord$Token
12-14 04:10:20.127 W/ActivityManager( 1625): 	at com.android.server.am.ActivityRecord.forTokenLocked(ActivityRecord.java:778)
12-14 04:10:20.127 W/ActivityManager( 1625): 	at com.android.server.am.ActivityRecord.isInStackLocked(ActivityRecord.java:2085)
12-14 04:10:20.127 W/ActivityManager( 1625): 	at com.android.server.am.ActivityManagerService.getActivityOptions(ActivityManagerService.java:13302)
12-14 04:10:20.127 W/ActivityManager( 1625): 	at android.app.IActivityManager$Stub.onTransact(IActivityManager.java:2910)
12-14 04:10:20.127 W/ActivityManager( 1625): 	at com.android.server.am.ActivityManagerService.onTransact(ActivityManagerService.java:2935)
12-14 04:10:20.127 W/ActivityManager( 1625): 	at android.os.Binder.execTransact(Binder.java:674)
12-14 04:10:20.130 D/NuPlayerDriver( 1483): NuPlayerDriver(0xae89c380) created, clientPid(1729)
12-14 04:10:20.163 V/StatusBar( 1729): setLightsOn(true)
12-14 04:10:20.165 D/GenericSource( 1483): FileSource remote
12-14 04:10:20.171 D/gralloc_ranchu( 1395): gralloc_alloc: Creating ashmem region of size 544768
12-14 04:10:20.173 D/NuPlayerDriver( 1483): notifyListener_l(0xae89c380), (1, 0, 0, -1), loop setting(0, 0)
12-14 04:10:20.191 I/zygote  ( 1716): ThreadFlipBegin blocked for 25.410ms
12-14 04:10:20.198 I/zygote  ( 1716): IncrementDisableThreadFlip blocked for 6.475ms
12-14 04:10:20.216 I/MediaFocusControl( 1625):  AudioFocus  requestAudioFocus() from uid/pid 10028/1729 clientId=android.media.AudioManager@eadf183 req=3 flags=0x0
12-14 04:10:20.230 D/gralloc_ranchu( 1395): gralloc_alloc: Creating ashmem region of size 487424
12-14 04:10:20.242 I/System.out( 4432): result:{"bonusInformation":[],"message":"","success":true}
12-14 04:10:20.264 D/StatusBar( 1729): disable<e i a s b h r c s q >
12-14 04:10:20.270 D/EGL_emulation( 1729): eglMakeCurrent: 0x8e968520: ver 3 0 (tinfo 0x9f83ed00)
12-14 04:10:20.280 D/gralloc_ranchu( 1395): gralloc_alloc: Creating ashmem region of size 487424
12-14 04:10:20.288 D/gralloc_ranchu( 1395): gralloc_alloc: Creating ashmem region of size 7753728
12-14 04:10:20.301 I/zygote  ( 1716): Background concurrent copying GC freed 12594(541KB) AllocSpace objects, 0(0B) LOS objects, 49% free, 2MB/4MB, paused 6.006ms total 152.166ms
12-14 04:10:20.303 I/zygote  ( 1716): Do partial code cache collection, code=62KB, data=38KB
12-14 04:10:20.304 I/zygote  ( 1716): After code cache collection, code=62KB, data=38KB
12-14 04:10:20.304 I/zygote  ( 1716): Increasing code cache capacity to 256KB
12-14 04:10:20.307 I/zygote  ( 1729): Do partial code cache collection, code=124KB, data=94KB
12-14 04:10:20.307 I/zygote  ( 1729): After code cache collection, code=124KB, data=94KB
12-14 04:10:20.307 I/zygote  ( 1729): Increasing code cache capacity to 512KB
12-14 04:10:20.348 D/gralloc_ranchu( 1395): gralloc_alloc: Creating ashmem region of size 487424
12-14 04:10:20.360 D/EGL_emulation( 1729): eglMakeCurrent: 0x8e968520: ver 3 0 (tinfo 0x9f83ed00)
12-14 04:10:20.376 I/WindowManager( 1625): Screen frozen for +517ms due to Window{686494b u0 com.evancharlton.mileage/com.evancharlton.mileage.Mileage}
12-14 04:10:20.381 D/EGL_emulation( 1729): eglMakeCurrent: 0x8e968520: ver 3 0 (tinfo 0x9f83ed00)
12-14 04:10:20.405 V/StatusBar( 1729): setLightsOn(true)
12-14 04:10:20.414 D/gralloc_ranchu( 1395): gralloc_alloc: Creating ashmem region of size 7753728
12-14 04:10:20.432 I/zygote  ( 4432): Do partial code cache collection, code=124KB, data=75KB
12-14 04:10:20.432 I/zygote  ( 4432): After code cache collection, code=124KB, data=75KB
12-14 04:10:20.432 I/zygote  ( 4432): Increasing code cache capacity to 512KB
12-14 04:10:20.504 E/memtrack( 1625): Couldn't load memtrack module
12-14 04:10:20.504 W/android.os.Debug( 1625): failed to get memory consumption info: -1
12-14 04:10:20.721 D/NuPlayerDriver( 1483): start(0xae89c380), state is 4, eos is 0
12-14 04:10:20.723 I/GenericSource( 1483): start
12-14 04:10:20.750 I/OMXClient( 1483): Treble IOmx obtained
12-14 04:10:20.751 I/OMXMaster( 1488): makeComponentInstance(OMX.google.vorbis.decoder) in omx@1.0-service process
12-14 04:10:20.758 E/OMXNodeInstance( 1488): setConfig(0xa661f420:google.vorbis.decoder, ConfigPriority(0x6f800002)) ERROR: Undefined(0x80001001)
12-14 04:10:20.759 I/ACodec  ( 1483): codec does not support config priority (err -2147483648)
12-14 04:10:20.759 E/OMXNodeInstance( 1488): getConfig(0xa661f420:google.vorbis.decoder, ConfigAndroidVendorExtension(0x6f100004)) ERROR: Undefined(0x80001001)
12-14 04:10:20.760 I/MediaCodec( 1483): MediaCodec will operate in async mode
12-14 04:10:20.764 W//system/bin/hw/android.hidl.allocator@1.0-service( 1387): ashmem_create_region(32768) returning hidl_memory(0xb4d1b850, 32768)
12-14 04:10:20.786 I/chatty  ( 1387): uid=1000(system) allocator@1.0-s identical 10 lines
12-14 04:10:20.787 W//system/bin/hw/android.hidl.allocator@1.0-service( 1387): ashmem_create_region(32768) returning hidl_memory(0xb4d1b850, 32768)
12-14 04:10:20.803 D/AudioTrack( 1483): Client defaulted notificationFrames to 7406 for frameCount 22218
12-14 04:10:20.805 D/NuPlayerDriver( 1483): notifyListener_l(0xae89c380), (6, 0, 0, -1), loop setting(0, 0)
12-14 04:10:20.805 W/audio_hw_generic( 1389): Not supplying enough data to HAL, expected position 354977 , only wrote 354960
12-14 04:10:20.827 V/StatusBar( 1729): setLightsOn(true)
12-14 04:10:21.102 E/WifiVendorHal( 1625): getTxPktFates(l.1941) failed {.code = ERROR_NOT_SUPPORTED, .description = }
12-14 04:10:21.104 E/WifiVendorHal( 1625): getRxPktFates(l.1981) failed {.code = ERROR_NOT_SUPPORTED, .description = }
12-14 04:10:21.455 D/gralloc_ranchu( 1395): gralloc_alloc: Creating ashmem region of size 7753728
12-14 04:10:22.302 I/NuPlayerDecoder( 1483): [audio] saw output EOS
12-14 04:10:22.426 I/zygote  ( 1625): Explicit concurrent copying GC freed 21986(1701KB) AllocSpace objects, 9(180KB) LOS objects, 38% free, 9MB/15MB, paused 553us total 36.703ms
12-14 04:10:22.429 E/SurfaceFlinger( 1408): ro.sf.lcd_density must be defined as a build property
12-14 04:10:22.436 D/gralloc_ranchu( 1395): gralloc_alloc: Creating ashmem region of size 8298496
12-14 04:10:22.445 D/        ( 4489): HostConnection::get() New Host Connection established 0xb00af800, tid 4489
12-14 04:10:22.555 D/AudioTrack( 1483): stop() called with 84672 frames delivered
12-14 04:10:22.723 I/System.out( 4432): URI: //
12-14 04:10:22.723 I/System.out( 4432): params: {json={"command":"set_activity_orientation","arguments":["portrait"]}
12-14 04:10:22.723 I/System.out( 4432): }
12-14 04:10:22.723 I/System.out( 4432): header: {content-type=application/json;charset=utf-8, date=Mon, 14 Dec 2020 09:10:23 GMT, accept=*/*, host=127.0.0.1:34777, content-length=63, user-agent=HTTPClient/1.0 (2.8.3, ruby 2.5.8 (2020-03-31))}
12-14 04:10:22.723 I/System.out( 4432): params: {json={"command":"set_activity_orientation","arguments":["portrait"]}
12-14 04:10:22.723 I/System.out( 4432): }
12-14 04:10:22.723 I/System.out( 4432): ProP json = {"command":"set_activity_orientation","arguments":["portrait"]}
12-14 04:10:22.723 I/System.out( 4432): files: {}
12-14 04:10:22.723 I/System.out( 4432): command: {"command":"set_activity_orientation","arguments":["portrait"]}
12-14 04:10:22.725 I/InstrumentationBackend( 4432): Got command:'Command:'Line:null,set_activity_orientation', arguments:'[portrait]'
12-14 04:10:22.729 D/gralloc_ranchu( 1395): gralloc_alloc: Creating ashmem region of size 8298496
12-14 04:10:22.746 W/LocalDisplayAdapter( 1625): Unable to find color mode 0, ignoring request.
12-14 04:10:22.757 I/ActivityManager( 1625): Config changes=480 {1.0 310mcc260mnc [en_US] ldltr sw411dp w411dp h659dp 420dpi nrml port finger qwerty/v/v -nav/h appBounds=Rect(0, 0 - 1080, 1794) s.8}
12-14 04:10:22.765 I/InputReader( 1625): Reconfiguring input devices.  changes=0x00000004
12-14 04:10:22.765 I/InputReader( 1625): Device reconfigured: id=0, name='qwerty2', size 1080x1920, orientation 0, mode 1, display id 0
12-14 04:10:22.771 I/ActivityManager( 1625): Override config changes=480 {1.0 310mcc260mnc [en_US] ldltr sw411dp w411dp h659dp 420dpi nrml port finger qwerty/v/v -nav/h appBounds=Rect(0, 0 - 1080, 1794) s.8} for displayId=0
12-14 04:10:22.833 D/gralloc_ranchu( 1395): gralloc_alloc: Creating ashmem region of size 544768
12-14 04:10:22.846 I/calabash( 4432): newActivity1
12-14 04:10:22.852 D/EGL_emulation( 1729): eglMakeCurrent: 0x8e968520: ver 3 0 (tinfo 0x9f83ed00)
12-14 04:10:22.856 D/gralloc_ranchu( 1395): gralloc_alloc: Creating ashmem region of size 544768
12-14 04:10:22.886 D/NuPlayerDriver( 1483): notifyListener_l(0xae89c380), (2, 0, 0, -1), loop setting(0, 0)
12-14 04:10:22.887 I/MediaFocusControl( 1625):  AudioFocus  abandonAudioFocus() from uid/pid 10028/1729 clientId=android.media.AudioManager@eadf183
12-14 04:10:22.890 W/ActivityManager( 1625): Bad activity token: android.os.BinderProxy@dfebfb1
12-14 04:10:22.890 W/ActivityManager( 1625): java.lang.ClassCastException: android.os.BinderProxy cannot be cast to com.android.server.am.ActivityRecord$Token
12-14 04:10:22.890 W/ActivityManager( 1625): 	at com.android.server.am.ActivityRecord.forTokenLocked(ActivityRecord.java:778)
12-14 04:10:22.890 W/ActivityManager( 1625): 	at com.android.server.am.ActivityRecord.isInStackLocked(ActivityRecord.java:2085)
12-14 04:10:22.890 W/ActivityManager( 1625): 	at com.android.server.am.ActivityRecord.getStackLocked(ActivityRecord.java:2090)
12-14 04:10:22.890 W/ActivityManager( 1625): 	at com.android.server.am.ActivityManagerService.getActivityDisplayId(ActivityManagerService.java:10406)
12-14 04:10:22.890 W/ActivityManager( 1625): 	at android.app.IActivityManager$Stub.onTransact(IActivityManager.java:2738)
12-14 04:10:22.890 W/ActivityManager( 1625): 	at com.android.server.am.ActivityManagerService.onTransact(ActivityManagerService.java:2935)
12-14 04:10:22.890 W/ActivityManager( 1625): 	at android.os.Binder.execTransact(Binder.java:674)
12-14 04:10:22.892 I/calabash( 4432): newActivity1
12-14 04:10:22.899 W/ActivityManager( 1625): Bad activity token: android.os.BinderProxy@dfebfb1
12-14 04:10:22.899 W/ActivityManager( 1625): java.lang.ClassCastException: android.os.BinderProxy cannot be cast to com.android.server.am.ActivityRecord$Token
12-14 04:10:22.899 W/ActivityManager( 1625): 	at com.android.server.am.ActivityRecord.forTokenLocked(ActivityRecord.java:778)
12-14 04:10:22.899 W/ActivityManager( 1625): 	at com.android.server.am.ActivityRecord.isInStackLocked(ActivityRecord.java:2085)
12-14 04:10:22.899 W/ActivityManager( 1625): 	at com.android.server.am.ActivityManagerService.setTaskDescription(ActivityManagerService.java:9988)
12-14 04:10:22.899 W/ActivityManager( 1625): 	at android.app.IActivityManager$Stub.onTransact(IActivityManager.java:2824)
12-14 04:10:22.899 W/ActivityManager( 1625): 	at com.android.server.am.ActivityManagerService.onTransact(ActivityManagerService.java:2935)
12-14 04:10:22.899 W/ActivityManager( 1625): 	at android.os.Binder.execTransact(Binder.java:674)
12-14 04:10:22.902 W/ActivityManager( 1625): Bad activity token: android.os.BinderProxy@dfebfb1
12-14 04:10:22.902 W/ActivityManager( 1625): java.lang.ClassCastException: android.os.BinderProxy cannot be cast to com.android.server.am.ActivityRecord$Token
12-14 04:10:22.902 W/ActivityManager( 1625): 	at com.android.server.am.ActivityRecord.forTokenLocked(ActivityRecord.java:778)
12-14 04:10:22.902 W/ActivityManager( 1625): 	at com.android.server.am.ActivityRecord.isInStackLocked(ActivityRecord.java:2085)
12-14 04:10:22.902 W/ActivityManager( 1625): 	at com.android.server.am.ActivityRecord.getStackLocked(ActivityRecord.java:2090)
12-14 04:10:22.902 W/ActivityManager( 1625): 	at com.android.server.am.ActivityManagerService.getActivityStackId(ActivityManagerService.java:10417)
12-14 04:10:22.902 W/ActivityManager( 1625): 	at android.app.IActivityManager$Stub.onTransact(IActivityManager.java:3548)
12-14 04:10:22.902 W/ActivityManager( 1625): 	at com.android.server.am.ActivityManagerService.onTransact(ActivityManagerService.java:2935)
12-14 04:10:22.902 W/ActivityManager( 1625): 	at android.os.Binder.execTransact(Binder.java:674)
12-14 04:10:22.929 I/zygote  ( 4432): JIT allocated 56KB for compiled code of void android.view.View.<init>(android.content.Context, android.util.AttributeSet, int, int)
12-14 04:10:22.962 W/ActivityManager( 1625): Bad activity token: android.os.BinderProxy@dfebfb1
12-14 04:10:22.962 W/ActivityManager( 1625): java.lang.ClassCastException: android.os.BinderProxy cannot be cast to com.android.server.am.ActivityRecord$Token
12-14 04:10:22.962 W/ActivityManager( 1625): 	at com.android.server.am.ActivityRecord.forTokenLocked(ActivityRecord.java:778)
12-14 04:10:22.962 W/ActivityManager( 1625): 	at com.android.server.am.ActivityRecord.isInStackLocked(ActivityRecord.java:2085)
12-14 04:10:22.962 W/ActivityManager( 1625): 	at com.android.server.am.ActivityManagerService.getActivityOptions(ActivityManagerService.java:13302)
12-14 04:10:22.962 W/ActivityManager( 1625): 	at android.app.IActivityManager$Stub.onTransact(IActivityManager.java:2910)
12-14 04:10:22.962 W/ActivityManager( 1625): 	at com.android.server.am.ActivityManagerService.onTransact(ActivityManagerService.java:2935)
12-14 04:10:22.962 W/ActivityManager( 1625): 	at android.os.Binder.execTransact(Binder.java:674)
12-14 04:10:22.962 W/ActivityManager( 1625): Bad activity token: android.os.BinderProxy@dfebfb1
12-14 04:10:22.962 W/ActivityManager( 1625): java.lang.ClassCastException: android.os.BinderProxy cannot be cast to com.android.server.am.ActivityRecord$Token
12-14 04:10:22.962 W/ActivityManager( 1625): 	at com.android.server.am.ActivityRecord.forTokenLocked(ActivityRecord.java:778)
12-14 04:10:22.962 W/ActivityManager( 1625): 	at com.android.server.am.ActivityRecord.isInStackLocked(ActivityRecord.java:2085)
12-14 04:10:22.962 W/ActivityManager( 1625): 	at com.android.server.am.ActivityManagerService.getActivityOptions(ActivityManagerService.java:13302)
12-14 04:10:22.962 W/ActivityManager( 1625): 	at android.app.IActivityManager$Stub.onTransact(IActivityManager.java:2910)
12-14 04:10:22.962 W/ActivityManager( 1625): 	at com.android.server.am.ActivityManagerService.onTransact(ActivityManagerService.java:2935)
12-14 04:10:22.962 W/ActivityManager( 1625): 	at android.os.Binder.execTransact(Binder.java:674)
12-14 04:10:22.990 I/System.out( 4432): result:{"bonusInformation":[],"message":"","success":true}
12-14 04:10:22.994 V/StatusBar( 1729): setLightsOn(true)
12-14 04:10:22.998 D/gralloc_ranchu( 1395): gralloc_alloc: Creating ashmem region of size 544768
12-14 04:10:23.026 I/zygote  ( 4432): Do full code cache collection, code=251KB, data=132KB
12-14 04:10:23.028 I/zygote  ( 4432): After code cache collection, code=237KB, data=97KB
12-14 04:10:23.048 E/TaskPersister( 1625): File error accessing recents directory (directory doesn't exist?).
12-14 04:10:23.076 I/zygote  ( 4432): Do partial code cache collection, code=250KB, data=113KB
12-14 04:10:23.077 I/zygote  ( 4432): After code cache collection, code=250KB, data=113KB
12-14 04:10:23.077 I/zygote  ( 4432): Increasing code cache capacity to 1024KB
12-14 04:10:23.091 D/gralloc_ranchu( 1395): gralloc_alloc: Creating ashmem region of size 7753728
12-14 04:10:23.111 D/gralloc_ranchu( 1395): gralloc_alloc: Creating ashmem region of size 274432
12-14 04:10:23.122 D/StatusBar( 1729): disable<e i a s b h r c s q >
12-14 04:10:23.146 D/EGL_emulation( 1729): eglMakeCurrent: 0x8e968520: ver 3 0 (tinfo 0x9f83ed00)
12-14 04:10:23.156 D/gralloc_ranchu( 1395): gralloc_alloc: Creating ashmem region of size 274432
12-14 04:10:23.169 D/gralloc_ranchu( 1395): gralloc_alloc: Creating ashmem region of size 7753728
12-14 04:10:23.174 I/WindowManager( 1625): Screen frozen for +447ms due to Window{3101652 u0 StatusBar}
12-14 04:10:23.212 D/SurfaceFlinger( 1408): duplicate layer name: changing BlackSurface to BlackSurface#1
12-14 04:10:23.216 D/SurfaceFlinger( 1408): duplicate layer name: changing BlackSurface to BlackSurface#1
12-14 04:10:23.223 D/gralloc_ranchu( 1395): gralloc_alloc: Creating ashmem region of size 274432
12-14 04:10:23.229 D/EGL_emulation( 1729): eglMakeCurrent: 0x8e968520: ver 3 0 (tinfo 0x9f83ed00)
12-14 04:10:23.236 V/StatusBar( 1729): setLightsOn(true)
12-14 04:10:23.240 D/EGL_emulation( 1729): eglMakeCurrent: 0x8e968520: ver 3 0 (tinfo 0x9f83ed00)
12-14 04:10:23.641 V/StatusBar( 1729): setLightsOn(true)
12-14 04:10:24.319 D/gralloc_ranchu( 1395): gralloc_alloc: Creating ashmem region of size 7753728
12-14 04:10:25.057 I/EventLogSendingHelper( 2186): Sending log events.
12-14 04:10:25.217 I/NetworkScheduler.Stats( 1940): Task com.google.android.gms/com.google.android.gms.icing.service.IcingGcmTaskService started execution. cause:4 exec_start_elapsed_seconds: 87 [CONTEXT service_id=218 ]
12-14 04:10:25.267 I/zygote  ( 1625): Explicit concurrent copying GC freed 9121(890KB) AllocSpace objects, 2(56KB) LOS objects, 38% free, 9MB/15MB, paused 369us total 49ms
12-14 04:10:25.285 E/SurfaceFlinger( 1408): ro.sf.lcd_density must be defined as a build property
12-14 04:10:25.303 D/gralloc_ranchu( 1395): gralloc_alloc: Creating ashmem region of size 8298496
12-14 04:10:25.313 D/        ( 4502): HostConnection::get() New Host Connection established 0xa962f800, tid 4502
12-14 04:10:25.336 I/NetworkScheduler.Stats( 1940): Task com.google.android.gms/com.google.android.gms.ads.social.GcmSchedulerWakeupService started execution. cause:4 exec_start_elapsed_seconds: 87 [CONTEXT service_id=218 ]
12-14 04:10:25.370 I/NetworkScheduler.Stats( 1940): Task com.google.android.gms/com.google.android.gms.icing.service.IcingGcmTaskService finished executing. cause:4 result: 1 elapsed_millis: 226 uptime_millis: 226 exec_start_elapsed_seconds: 87 [CONTEXT service_id=218 ]
12-14 04:10:25.385 I/NetworkScheduler.Stats( 1940): Task com.google.android.gms/com.google.android.gms.ads.social.GcmSchedulerWakeupService finished executing. cause:4 result: 1 elapsed_millis: 94 uptime_millis: 94 exec_start_elapsed_seconds: 87 [CONTEXT service_id=218 ]
12-14 04:10:25.587 I/NetworkScheduler.Stats( 1940): Task com.google.android.gms/com.google.android.gms.clearcut.uploader.QosUploaderService started execution. cause:5 exec_start_elapsed_seconds: 87 [CONTEXT service_id=218 ]
12-14 04:10:25.594 I/NetworkScheduler.Stats( 1940): Task com.google.android.gms/com.google.android.gms.clearcut.uploader.QosUploaderService finished executing. cause:5 result: 1 elapsed_millis: 73 uptime_millis: 73 exec_start_elapsed_seconds: 87 [CONTEXT service_id=218 ]
