12-14 02:04:40.333 W/ActivityManager( 1628): 	at android.os.Binder.execTransact(Binder.java:674)
12-14 02:04:40.336 W/ActivityManager( 1628): Bad activity token: android.os.BinderProxy@a3d04e5
12-14 02:04:40.336 W/ActivityManager( 1628): java.lang.ClassCastException: android.os.BinderProxy cannot be cast to com.android.server.am.ActivityRecord$Token
12-14 02:04:40.336 W/ActivityManager( 1628): 	at com.android.server.am.ActivityRecord.forTokenLocked(ActivityRecord.java:778)
12-14 02:04:40.336 W/ActivityManager( 1628): 	at com.android.server.am.ActivityRecord.isInStackLocked(ActivityRecord.java:2085)
12-14 02:04:40.336 W/ActivityManager( 1628): 	at com.android.server.am.ActivityRecord.getStackLocked(ActivityRecord.java:2090)
12-14 02:04:40.336 W/ActivityManager( 1628): 	at com.android.server.am.ActivityManagerService.getActivityStackId(ActivityManagerService.java:10417)
12-14 02:04:40.336 W/ActivityManager( 1628): 	at android.app.IActivityManager$Stub.onTransact(IActivityManager.java:3548)
12-14 02:04:40.336 W/ActivityManager( 1628): 	at com.android.server.am.ActivityManagerService.onTransact(ActivityManagerService.java:2935)
12-14 02:04:40.336 W/ActivityManager( 1628): 	at android.os.Binder.execTransact(Binder.java:674)
12-14 02:04:40.342 W/ActivityManager( 1628): Bad activity token: android.os.BinderProxy@a3d04e5
12-14 02:04:40.342 W/ActivityManager( 1628): java.lang.ClassCastException: android.os.BinderProxy cannot be cast to com.android.server.am.ActivityRecord$Token
12-14 02:04:40.342 W/ActivityManager( 1628): 	at com.android.server.am.ActivityRecord.forTokenLocked(ActivityRecord.java:778)
12-14 02:04:40.342 W/ActivityManager( 1628): 	at com.android.server.am.ActivityRecord.isInStackLocked(ActivityRecord.java:2085)
12-14 02:04:40.342 W/ActivityManager( 1628): 	at com.android.server.am.ActivityManagerService.getActivityOptions(ActivityManagerService.java:13302)
12-14 02:04:40.342 W/ActivityManager( 1628): 	at android.app.IActivityManager$Stub.onTransact(IActivityManager.java:2910)
12-14 02:04:40.342 W/ActivityManager( 1628): 	at com.android.server.am.ActivityManagerService.onTransact(ActivityManagerService.java:2935)
12-14 02:04:40.342 W/ActivityManager( 1628): 	at android.os.Binder.execTransact(Binder.java:674)
12-14 02:04:40.342 W/ActivityManager( 1628): Bad activity token: android.os.BinderProxy@a3d04e5
12-14 02:04:40.342 W/ActivityManager( 1628): java.lang.ClassCastException: android.os.BinderProxy cannot be cast to com.android.server.am.ActivityRecord$Token
12-14 02:04:40.342 W/ActivityManager( 1628): 	at com.android.server.am.ActivityRecord.forTokenLocked(ActivityRecord.java:778)
12-14 02:04:40.342 W/ActivityManager( 1628): 	at com.android.server.am.ActivityRecord.isInStackLocked(ActivityRecord.java:2085)
12-14 02:04:40.342 W/ActivityManager( 1628): 	at com.android.server.am.ActivityManagerService.getActivityOptions(ActivityManagerService.java:13302)
12-14 02:04:40.342 W/ActivityManager( 1628): 	at android.app.IActivityManager$Stub.onTransact(IActivityManager.java:2910)
12-14 02:04:40.342 W/ActivityManager( 1628): 	at com.android.server.am.ActivityManagerService.onTransact(ActivityManagerService.java:2935)
12-14 02:04:40.342 W/ActivityManager( 1628): 	at android.os.Binder.execTransact(Binder.java:674)
12-14 02:04:40.595 I/chatty  ( 1628): uid=1000(system) RenderThread identical 869 lines
12-14 02:04:40.595 E/OpenGLRenderer( 1628): GL error:  GL_INVALID_OPERATION
12-14 02:04:40.617 W/audio_hw_generic( 1389): Not supplying enough data to HAL, expected position 680678 , only wrote 680400
12-14 02:04:40.619 W/audio_hw_generic( 1389): Not supplying enough data to HAL, expected position 680517 , only wrote 680400
12-14 02:04:40.619 E/OpenGLRenderer( 1628): GL error:  GL_INVALID_OPERATION
12-14 02:04:40.631 I/chatty  ( 1628): uid=1000(system) RenderThread identical 65 lines
12-14 02:04:40.632 E/OpenGLRenderer( 1628): GL error:  GL_INVALID_OPERATION
12-14 02:04:40.632 E/OpenGLRenderer( 1628): GL error:  GL_INVALID_OPERATION
12-14 02:04:40.632 E/SurfaceFlinger( 1413): ro.sf.lcd_density must be defined as a build property
12-14 02:04:40.645 I/chatty  ( 1628): uid=1000(system) RenderThread expire 53 lines
12-14 02:04:40.646 E/OpenGLRenderer( 1628): GL error:  GL_INVALID_OPERATION
12-14 02:04:40.646 D/gralloc_ranchu( 1395): gralloc_alloc: Creating ashmem region of size 8298496
12-14 02:04:40.646 E/OpenGLRenderer( 1628): GL error:  GL_INVALID_OPERATION
12-14 02:04:40.657 I/chatty  ( 1628): uid=1000(system) RenderThread identical 15 lines
12-14 02:04:40.659 E/OpenGLRenderer( 1628): GL error:  GL_INVALID_OPERATION
12-14 02:04:40.675 D/        ( 4592): HostConnection::get() New Host Connection established 0xa97af800, tid 4592
12-14 02:04:40.676 E/OpenGLRenderer( 1628): GL error:  GL_INVALID_OPERATION
12-14 02:04:40.774 E/TaskPersister( 1628): File error accessing recents directory (directory doesn't exist?).
12-14 02:04:41.201 I/chatty  ( 1628): uid=1000(system) RenderThread identical 1044 lines
12-14 02:04:41.201 E/OpenGLRenderer( 1628): GL error:  GL_INVALID_OPERATION
12-14 02:04:41.202 I/System.out( 4542): URI: //gesture
12-14 02:04:41.202 I/System.out( 4542): params: {json={"query_timeout":5.0,"gestures":[{"query_string":"android.widget.TabWidget descendant TextView index:2","touches":[{"x":50,"y":50,"offset_x":0,"offset_y":0,"wait":0.0,"time":0.2,"release":true,"query_string":null}]}]}
12-14 02:04:41.202 I/System.out( 4542): }
12-14 02:04:41.203 E/OpenGLRenderer( 1628): GL error:  GL_INVALID_OPERATION
12-14 02:04:41.305 I/chatty  ( 1628): uid=1000(system) RenderThread identical 392 lines
12-14 02:04:41.305 E/OpenGLRenderer( 1628): GL error:  GL_INVALID_OPERATION
12-14 02:04:41.361 W/audio_hw_generic( 1389): Not supplying enough data to HAL, expected position 716012 , only wrote 714960
12-14 02:04:41.362 W/audio_hw_generic( 1389): Not supplying enough data to HAL, expected position 714976 , only wrote 714960
12-14 02:04:41.362 E/OpenGLRenderer( 1628): GL error:  GL_INVALID_OPERATION
12-14 02:04:41.515 W/ActivityManager( 1628): Bad activity token: android.os.BinderProxy@4ddba74
12-14 02:04:41.515 W/ActivityManager( 1628): java.lang.ClassCastException: android.os.BinderProxy cannot be cast to com.android.server.am.ActivityRecord$Token
12-14 02:04:41.515 W/ActivityManager( 1628): 	at com.android.server.am.ActivityRecord.forTokenLocked(ActivityRecord.java:778)
12-14 02:04:41.515 W/ActivityManager( 1628): 	at com.android.server.am.ActivityRecord.isInStackLocked(ActivityRecord.java:2085)
12-14 02:04:41.515 W/ActivityManager( 1628): 	at com.android.server.am.ActivityRecord.getStackLocked(ActivityRecord.java:2090)
12-14 02:04:41.515 W/ActivityManager( 1628): 	at com.android.server.am.ActivityManagerService.getActivityDisplayId(ActivityManagerService.java:10406)
12-14 02:04:41.515 W/ActivityManager( 1628): 	at android.app.IActivityManager$Stub.onTransact(IActivityManager.java:2738)
12-14 02:04:41.515 W/ActivityManager( 1628): 	at com.android.server.am.ActivityManagerService.onTransact(ActivityManagerService.java:2935)
12-14 02:04:41.515 W/ActivityManager( 1628): 	at android.os.Binder.execTransact(Binder.java:674)
12-14 02:04:41.515 I/chatty  ( 1628): uid=1000(system) RenderThread identical 637 lines
12-14 02:04:41.515 E/OpenGLRenderer( 1628): GL error:  GL_INVALID_OPERATION
12-14 02:04:41.515 I/calabash( 4542): newActivity1
12-14 02:04:41.515 E/OpenGLRenderer( 1628): GL error:  GL_INVALID_OPERATION
12-14 02:04:41.662 W/ActivityManager( 1628): Bad activity token: android.os.BinderProxy@4ddba74
12-14 02:04:41.662 W/ActivityManager( 1628): java.lang.ClassCastException: android.os.BinderProxy cannot be cast to com.android.server.am.ActivityRecord$Token
12-14 02:04:41.662 W/ActivityManager( 1628): 	at com.android.server.am.ActivityRecord.forTokenLocked(ActivityRecord.java:778)
12-14 02:04:41.662 W/ActivityManager( 1628): 	at com.android.server.am.ActivityRecord.isInStackLocked(ActivityRecord.java:2085)
12-14 02:04:41.662 W/ActivityManager( 1628): 	at com.android.server.am.ActivityManagerService.setTaskDescription(ActivityManagerService.java:9988)
12-14 02:04:41.662 W/ActivityManager( 1628): 	at android.app.IActivityManager$Stub.onTransact(IActivityManager.java:2824)
12-14 02:04:41.662 W/ActivityManager( 1628): 	at com.android.server.am.ActivityManagerService.onTransact(ActivityManagerService.java:2935)
12-14 02:04:41.662 W/ActivityManager( 1628): 	at android.os.Binder.execTransact(Binder.java:674)
12-14 02:04:41.665 W/ActivityManager( 1628): Bad activity token: android.os.BinderProxy@4ddba74
12-14 02:04:41.665 W/ActivityManager( 1628): java.lang.ClassCastException: android.os.BinderProxy cannot be cast to com.android.server.am.ActivityRecord$Token
12-14 02:04:41.665 W/ActivityManager( 1628): 	at com.android.server.am.ActivityRecord.forTokenLocked(ActivityRecord.java:778)
12-14 02:04:41.665 W/ActivityManager( 1628): 	at com.android.server.am.ActivityRecord.isInStackLocked(ActivityRecord.java:2085)
12-14 02:04:41.665 W/ActivityManager( 1628): 	at com.android.server.am.ActivityRecord.getStackLocked(ActivityRecord.java:2090)
12-14 02:04:41.665 W/ActivityManager( 1628): 	at com.android.server.am.ActivityManagerService.getActivityStackId(ActivityManagerService.java:10417)
12-14 02:04:41.665 W/ActivityManager( 1628): 	at android.app.IActivityManager$Stub.onTransact(IActivityManager.java:3548)
12-14 02:04:41.665 W/ActivityManager( 1628): 	at com.android.server.am.ActivityManagerService.onTransact(ActivityManagerService.java:2935)
12-14 02:04:41.665 W/ActivityManager( 1628): 	at android.os.Binder.execTransact(Binder.java:674)
12-14 02:04:41.738 I/chatty  ( 1628): uid=1000(system) RenderThread identical 452 lines
12-14 02:04:41.739 E/OpenGLRenderer( 1628): GL error:  GL_INVALID_OPERATION
12-14 02:04:41.739 D/VehicleStatisticsActivity( 4542): Checking recalculation ...
12-14 02:04:41.740 E/OpenGLRenderer( 1628): GL error:  GL_INVALID_OPERATION
12-14 02:04:41.742 I/chatty  ( 1628): uid=1000(system) RenderThread identical 8 lines
12-14 02:04:41.742 E/OpenGLRenderer( 1628): GL error:  GL_INVALID_OPERATION
12-14 02:04:41.742 D/VehicleStatisticsActivity( 4542): Recalculating statistics
12-14 02:04:41.743 E/OpenGLRenderer( 1628): GL error:  GL_INVALID_OPERATION
12-14 02:04:41.743 D/VehicleStatisticsTask( 4542): Calculation starting...
12-14 02:04:41.743 E/OpenGLRenderer( 1628): GL error:  GL_INVALID_OPERATION
12-14 02:04:41.743 E/OpenGLRenderer( 1628): GL error:  GL_INVALID_OPERATION
12-14 02:04:41.743 D/VehicleStatisticsActivity( 4542): Recalculation started!
12-14 02:04:41.744 E/OpenGLRenderer( 1628): GL error:  GL_INVALID_OPERATION
12-14 02:04:41.748 W/ActivityManager( 1628): Bad activity token: android.os.BinderProxy@4ddba74
12-14 02:04:41.748 W/ActivityManager( 1628): java.lang.ClassCastException: android.os.BinderProxy cannot be cast to com.android.server.am.ActivityRecord$Token
12-14 02:04:41.748 W/ActivityManager( 1628): 	at com.android.server.am.ActivityRecord.forTokenLocked(ActivityRecord.java:778)
12-14 02:04:41.748 W/ActivityManager( 1628): 	at com.android.server.am.ActivityRecord.isInStackLocked(ActivityRecord.java:2085)
12-14 02:04:41.748 W/ActivityManager( 1628): 	at com.android.server.am.ActivityManagerService.getActivityOptions(ActivityManagerService.java:13302)
12-14 02:04:41.748 W/ActivityManager( 1628): 	at android.app.IActivityManager$Stub.onTransact(IActivityManager.java:2910)
12-14 02:04:41.748 W/ActivityManager( 1628): 	at com.android.server.am.ActivityManagerService.onTransact(ActivityManagerService.java:2935)
12-14 02:04:41.748 W/ActivityManager( 1628): 	at android.os.Binder.execTransact(Binder.java:674)
12-14 02:04:41.749 W/ActivityManager( 1628): Bad activity token: android.os.BinderProxy@4ddba74
12-14 02:04:41.749 W/ActivityManager( 1628): java.lang.ClassCastException: android.os.BinderProxy cannot be cast to com.android.server.am.ActivityRecord$Token
12-14 02:04:41.749 W/ActivityManager( 1628): 	at com.android.server.am.ActivityRecord.forTokenLocked(ActivityRecord.java:778)
12-14 02:04:41.749 W/ActivityManager( 1628): 	at com.android.server.am.ActivityRecord.isInStackLocked(ActivityRecord.java:2085)
12-14 02:04:41.749 W/ActivityManager( 1628): 	at com.android.server.am.ActivityManagerService.getActivityOptions(ActivityManagerService.java:13302)
12-14 02:04:41.749 W/ActivityManager( 1628): 	at android.app.IActivityManager$Stub.onTransact(IActivityManager.java:2910)
12-14 02:04:41.749 W/ActivityManager( 1628): 	at com.android.server.am.ActivityManagerService.onTransact(ActivityManagerService.java:2935)
12-14 02:04:41.749 W/ActivityManager( 1628): 	at android.os.Binder.execTransact(Binder.java:674)
12-14 02:04:41.757 I/chatty  ( 1628): uid=1000(system) RenderThread identical 42 lines
12-14 02:04:41.757 E/OpenGLRenderer( 1628): GL error:  GL_INVALID_OPERATION
12-14 02:04:41.758 D/VehicleStatisticsActivity( 4542): Checking recalculation ...
12-14 02:04:41.758 E/OpenGLRenderer( 1628): GL error:  GL_INVALID_OPERATION
12-14 02:04:41.761 I/chatty  ( 1628): uid=1000(system) RenderThread identical 12 lines
12-14 02:04:41.761 E/OpenGLRenderer( 1628): GL error:  GL_INVALID_OPERATION
12-14 02:04:41.762 E/OpenGLRenderer( 1628): GL error:  GL_INVALID_OPERATION
12-14 02:04:41.762 E/memtrack( 1628): Couldn't load memtrack module
12-14 02:04:41.762 W/android.os.Debug( 1628): failed to get memory consumption info: -1
12-14 02:04:41.762 D/VehicleStatisticsActivity( 4542): Recalculating statistics
12-14 02:04:41.762 D/VehicleStatisticsTask( 4542): Calculation starting...
12-14 02:04:41.763 D/VehicleStatisticsActivity( 4542): Recalculation started!
12-14 02:04:41.763 E/OpenGLRenderer( 1628): GL error:  GL_INVALID_OPERATION
12-14 02:04:41.783 I/chatty  ( 1628): uid=1000(system) RenderThread identical 78 lines
12-14 02:04:41.784 E/OpenGLRenderer( 1628): GL error:  GL_INVALID_OPERATION
12-14 02:04:41.785 D/VehicleStatisticsTask( 4542): Not enough fillups to calculate statistics
12-14 02:04:41.787 E/OpenGLRenderer( 1628): GL error:  GL_INVALID_OPERATION
12-14 02:04:41.839 I/chatty  ( 1628): uid=1000(system) RenderThread identical 174 lines
12-14 02:04:41.839 E/OpenGLRenderer( 1628): GL error:  GL_INVALID_OPERATION
12-14 02:04:41.840 D/VehicleStatisticsTask( 4542): Not enough fillups to calculate statistics
12-14 02:04:41.840 E/OpenGLRenderer( 1628): GL error:  GL_INVALID_OPERATION
12-14 02:04:41.958 I/chatty  ( 1628): uid=1000(system) RenderThread identical 338 lines
12-14 02:04:41.959 E/OpenGLRenderer( 1628): GL error:  GL_INVALID_OPERATION
12-14 02:04:41.960 D/VehicleStatisticsTask( 4542): Done recalculating!
12-14 02:04:41.960 E/OpenGLRenderer( 1628): GL error:  GL_INVALID_OPERATION
12-14 02:04:41.961 E/OpenGLRenderer( 1628): GL error:  GL_INVALID_OPERATION
12-14 02:04:41.961 D/VehicleStatisticsTask( 4542): Done recalculating!
12-14 02:04:41.962 E/OpenGLRenderer( 1628): GL error:  GL_INVALID_OPERATION
12-14 02:04:41.963 D/VehicleStatisticsAdapter( 4542): Erasing the cache ...
12-14 02:04:41.964 E/OpenGLRenderer( 1628): GL error:  GL_INVALID_OPERATION
12-14 02:04:41.965 I/chatty  ( 1628): uid=1000(system) RenderThread identical 3 lines
12-14 02:04:41.965 D/VehicleStatisticsAdapter( 4542): Erasing the cache ...
12-14 02:04:41.965 E/OpenGLRenderer( 1628): GL error:  GL_INVALID_OPERATION
12-14 02:04:41.965 E/OpenGLRenderer( 1628): GL error:  GL_INVALID_OPERATION
12-14 02:04:41.973 I/chatty  ( 1628): uid=1000(system) RenderThread identical 20 lines
12-14 02:04:41.973 E/OpenGLRenderer( 1628): GL error:  GL_INVALID_OPERATION
12-14 02:04:41.974 D/VehicleStatisticsAdapter( 4542): Building new values ...
12-14 02:04:41.974 E/OpenGLRenderer( 1628): GL error:  GL_INVALID_OPERATION
12-14 02:04:41.974 D/VehicleStatisticsAdapter( 4542): Writing 29 records to the database ...
12-14 02:04:41.974 E/OpenGLRenderer( 1628): GL error:  GL_INVALID_OPERATION
12-14 02:04:41.982 I/chatty  ( 1628): uid=1000(system) RenderThread identical 33 lines
12-14 02:04:41.982 D/VehicleStatisticsAdapter( 4542): Building new values ...
12-14 02:04:41.982 E/OpenGLRenderer( 1628): GL error:  GL_INVALID_OPERATION
12-14 02:04:41.982 E/OpenGLRenderer( 1628): GL error:  GL_INVALID_OPERATION
12-14 02:04:41.996 I/chatty  ( 1628): uid=1000(system) RenderThread identical 57 lines
12-14 02:04:41.997 E/OpenGLRenderer( 1628): GL error:  GL_INVALID_OPERATION
12-14 02:04:41.997 D/VehicleStatisticsAdapter( 4542): Writing 29 records to the database ...
12-14 02:04:41.998 E/OpenGLRenderer( 1628): GL error:  GL_INVALID_OPERATION
12-14 02:04:42.013 I/chatty  ( 1628): uid=1000(system) RenderThread identical 32 lines
12-14 02:04:42.014 E/OpenGLRenderer( 1628): GL error:  GL_INVALID_OPERATION
12-14 02:04:42.015 D/Mileage.ABS( 4542): Finished backup
12-14 02:04:42.016 E/OpenGLRenderer( 1628): GL error:  GL_INVALID_OPERATION
12-14 02:04:42.019 I/chatty  ( 1628): uid=1000(system) RenderThread identical 9 lines
12-14 02:04:42.019 E/OpenGLRenderer( 1628): GL error:  GL_INVALID_OPERATION
12-14 02:04:42.019 D/Mileage.ABS( 4542): Not backing up; 55
12-14 02:04:42.019 E/OpenGLRenderer( 1628): GL error:  GL_INVALID_OPERATION
12-14 02:04:42.077 I/chatty  ( 1628): uid=1000(system) RenderThread identical 77 lines
12-14 02:04:42.078 E/OpenGLRenderer( 1628): GL error:  GL_INVALID_OPERATION
12-14 02:04:42.078 D/Mileage.ABS( 4542): Not backing up; 115
12-14 02:04:42.078 D/Mileage.ABS( 4542): Not backing up; 115
12-14 02:04:42.079 E/OpenGLRenderer( 1628): GL error:  GL_INVALID_OPERATION
12-14 02:04:42.081 I/chatty  ( 1628): uid=1000(system) RenderThread identical 3 lines
12-14 02:04:42.081 E/OpenGLRenderer( 1628): GL error:  GL_INVALID_OPERATION
12-14 02:04:42.086 I/zygote  ( 4542): Do full code cache collection, code=219KB, data=154KB
12-14 02:04:42.090 E/OpenGLRenderer( 1628): GL error:  GL_INVALID_OPERATION
12-14 02:04:42.091 I/zygote  ( 4542): After code cache collection, code=218KB, data=121KB
12-14 02:04:42.098 E/OpenGLRenderer( 1628): GL error:  GL_INVALID_OPERATION
12-14 02:04:42.099 E/OpenGLRenderer( 1628): GL error:  GL_INVALID_OPERATION
12-14 02:04:42.099 I/zygote  ( 4542): Waiting for a blocking GC ProfileSaver
12-14 02:04:42.100 E/OpenGLRenderer( 1628): GL error:  GL_INVALID_OPERATION
12-14 02:04:42.100 I/zygote  ( 4542): Background concurrent copying GC freed 37256(1478KB) AllocSpace objects, 3(60KB) LOS objects, 49% free, 1868KB/3MB, paused 1.073ms total 130.210ms
12-14 02:04:42.101 E/OpenGLRenderer( 1628): GL error:  GL_INVALID_OPERATION
12-14 02:04:42.162 I/chatty  ( 1628): uid=1000(system) RenderThread identical 25 lines
12-14 02:04:42.164 E/OpenGLRenderer( 1628): GL error:  GL_INVALID_OPERATION
12-14 02:04:42.166 D/Mileage.ABS( 4542): Not backing up; 203
12-14 02:04:42.166 I/chatty  ( 4542): uid=10324(u0_a324) com.evancharlton.mileage identical 1 line
12-14 02:04:42.166 D/Mileage.ABS( 4542): Not backing up; 203
12-14 02:04:42.167 D/Mileage.ABS( 4542): Not backing up; 204
12-14 02:04:42.169 E/OpenGLRenderer( 1628): GL error:  GL_INVALID_OPERATION
12-14 02:04:42.196 I/chatty  ( 1628): uid=1000(system) RenderThread identical 23 lines
12-14 02:04:42.196 E/OpenGLRenderer( 1628): GL error:  GL_INVALID_OPERATION
12-14 02:04:42.197 D/Mileage.ABS( 4542): Not backing up; 234
12-14 02:04:42.198 E/OpenGLRenderer( 1628): GL error:  GL_INVALID_OPERATION
12-14 02:04:42.201 D/Mileage.ABS( 4542): Not backing up; 238
12-14 02:04:42.202 I/chatty  ( 1628): uid=1000(system) RenderThread expire 6 lines
12-14 02:04:42.203 E/OpenGLRenderer( 1628): GL error:  GL_INVALID_OPERATION
12-14 02:04:42.204 E/OpenGLRenderer( 1628): GL error:  GL_INVALID_OPERATION
12-14 02:04:42.216 I/chatty  ( 1628): uid=1000(system) RenderThread identical 23 lines
12-14 02:04:42.216 E/OpenGLRenderer( 1628): GL error:  GL_INVALID_OPERATION
12-14 02:04:42.216 D/Mileage.ABS( 4542): Not backing up; 253
12-14 02:04:42.221 E/OpenGLRenderer( 1628): GL error:  GL_INVALID_OPERATION
12-14 02:04:42.223 I/chatty  ( 1628): uid=1000(system) RenderThread identical 13 lines
12-14 02:04:42.223 E/OpenGLRenderer( 1628): GL error:  GL_INVALID_OPERATION
12-14 02:04:42.223 E/SurfaceFlinger( 1413): ro.sf.lcd_density must be defined as a build property
12-14 02:04:42.223 E/OpenGLRenderer( 1628): GL error:  GL_INVALID_OPERATION
12-14 02:04:42.234 I/chatty  ( 1628): uid=1000(system) RenderThread identical 17 lines
12-14 02:04:42.236 E/OpenGLRenderer( 1628): GL error:  GL_INVALID_OPERATION
12-14 02:04:42.238 D/Mileage.ABS( 4542): Not backing up; 275
12-14 02:04:42.238 E/OpenGLRenderer( 1628): GL error:  GL_INVALID_OPERATION
12-14 02:04:42.239 I/chatty  ( 1628): uid=1000(system) RenderThread identical 1 line
12-14 02:04:42.244 E/OpenGLRenderer( 1628): GL error:  GL_INVALID_OPERATION
12-14 02:04:42.244 D/Mileage.ABS( 4542): Not backing up; 281
12-14 02:04:42.245 E/OpenGLRenderer( 1628): GL error:  GL_INVALID_OPERATION
12-14 02:04:42.251 I/chatty  ( 1628): uid=1000(system) RenderThread identical 18 lines
12-14 02:04:42.252 E/OpenGLRenderer( 1628): GL error:  GL_INVALID_OPERATION
12-14 02:04:42.252 D/gralloc_ranchu( 1395): gralloc_alloc: Creating ashmem region of size 8298496
12-14 02:04:42.252 E/OpenGLRenderer( 1628): GL error:  GL_INVALID_OPERATION
12-14 02:04:42.261 I/chatty  ( 1628): uid=1000(system) RenderThread identical 7 lines
12-14 02:04:42.261 E/OpenGLRenderer( 1628): GL error:  GL_INVALID_OPERATION
12-14 02:04:42.264 D/        ( 4598): HostConnection::get() New Host Connection established 0xaafaf800, tid 4598
12-14 02:04:42.266 E/OpenGLRenderer( 1628): GL error:  GL_INVALID_OPERATION
12-14 02:04:42.266 E/OpenGLRenderer( 1628): GL error:  GL_INVALID_OPERATION
12-14 02:04:42.268 D/Mileage.ABS( 4542): Not backing up; 305
12-14 02:04:42.268 E/OpenGLRenderer( 1628): GL error:  GL_INVALID_OPERATION
12-14 02:04:42.281 I/chatty  ( 1628): uid=1000(system) RenderThread identical 17 lines
12-14 02:04:42.281 E/OpenGLRenderer( 1628): GL error:  GL_INVALID_OPERATION
12-14 02:04:42.282 D/Mileage.ABS( 4542): Not backing up; 318
12-14 02:04:42.282 E/OpenGLRenderer( 1628): GL error:  GL_INVALID_OPERATION
12-14 02:04:42.291 I/chatty  ( 1628): uid=1000(system) RenderThread identical 20 lines
12-14 02:04:42.293 E/OpenGLRenderer( 1628): GL error:  GL_INVALID_OPERATION
12-14 02:04:42.295 D/Mileage.ABS( 4542): Not backing up; 332
12-14 02:04:42.296 E/OpenGLRenderer( 1628): GL error:  GL_INVALID_OPERATION
12-14 02:04:42.318 I/chatty  ( 1628): uid=1000(system) RenderThread identical 31 lines
12-14 02:04:42.325 E/OpenGLRenderer( 1628): GL error:  GL_INVALID_OPERATION
12-14 02:04:42.326 D/Mileage.ABS( 4542): Not backing up; 359
12-14 02:04:42.327 E/OpenGLRenderer( 1628): GL error:  GL_INVALID_OPERATION
12-14 02:04:42.335 I/chatty  ( 1628): uid=1000(system) RenderThread identical 4 lines
12-14 02:04:42.336 E/OpenGLRenderer( 1628): GL error:  GL_INVALID_OPERATION
12-14 02:04:42.337 D/Mileage.ABS( 4542): Not backing up; 374
12-14 02:04:42.341 E/OpenGLRenderer( 1628): GL error:  GL_INVALID_OPERATION
12-14 02:04:42.343 D/Mileage.ABS( 4542): Not backing up; 380
12-14 02:04:42.344 E/OpenGLRenderer( 1628): GL error:  GL_INVALID_OPERATION
12-14 02:04:42.358 I/chatty  ( 1628): uid=1000(system) RenderThread identical 11 lines
12-14 02:04:42.361 E/OpenGLRenderer( 1628): GL error:  GL_INVALID_OPERATION
12-14 02:04:42.362 D/Mileage.ABS( 4542): Not backing up; 399
12-14 02:04:42.364 E/OpenGLRenderer( 1628): GL error:  GL_INVALID_OPERATION
12-14 02:04:42.371 I/chatty  ( 1628): uid=1000(system) RenderThread identical 9 lines
12-14 02:04:42.371 D/Mileage.ABS( 4542): Not backing up; 408
12-14 02:04:42.372 E/OpenGLRenderer( 1628): GL error:  GL_INVALID_OPERATION
12-14 02:04:42.373 E/OpenGLRenderer( 1628): GL error:  GL_INVALID_OPERATION
12-14 02:04:42.375 I/chatty  ( 1628): uid=1000(system) RenderThread identical 5 lines
12-14 02:04:42.376 E/OpenGLRenderer( 1628): GL error:  GL_INVALID_OPERATION
12-14 02:04:42.376 D/Mileage.ABS( 4542): Not backing up; 413
12-14 02:04:42.377 E/OpenGLRenderer( 1628): GL error:  GL_INVALID_OPERATION
12-14 02:04:42.379 I/chatty  ( 1628): uid=1000(system) RenderThread identical 3 lines
12-14 02:04:42.380 E/OpenGLRenderer( 1628): GL error:  GL_INVALID_OPERATION
12-14 02:04:42.383 D/Mileage.ABS( 4542): Not backing up; 420
12-14 02:04:42.384 E/OpenGLRenderer( 1628): GL error:  GL_INVALID_OPERATION
12-14 02:04:42.414 I/chatty  ( 1628): uid=1000(system) RenderThread identical 5 lines
12-14 02:04:42.415 E/OpenGLRenderer( 1628): GL error:  GL_INVALID_OPERATION
12-14 02:04:42.416 D/Mileage.ABS( 4542): Not backing up; 453
12-14 02:04:42.417 E/OpenGLRenderer( 1628): GL error:  GL_INVALID_OPERATION
12-14 02:04:42.417 D/Mileage.ABS( 4542): Not backing up; 454
12-14 02:04:42.424 E/OpenGLRenderer( 1628): GL error:  GL_INVALID_OPERATION
12-14 02:04:42.438 I/chatty  ( 1628): uid=1000(system) RenderThread identical 15 lines
12-14 02:04:42.438 E/OpenGLRenderer( 1628): GL error:  GL_INVALID_OPERATION
12-14 02:04:42.441 D/Mileage.ABS( 4542): Not backing up; 478
12-14 02:04:42.445 E/OpenGLRenderer( 1628): GL error:  GL_INVALID_OPERATION
12-14 02:04:42.449 I/chatty  ( 1628): uid=1000(system) RenderThread identical 4 lines
12-14 02:04:42.451 E/OpenGLRenderer( 1628): GL error:  GL_INVALID_OPERATION
12-14 02:04:42.452 D/Mileage.ABS( 4542): Not backing up; 488
12-14 02:04:42.453 E/OpenGLRenderer( 1628): GL error:  GL_INVALID_OPERATION
12-14 02:04:42.453 I/chatty  ( 1628): uid=1000(system) RenderThread identical 1 line
12-14 02:04:42.460 E/OpenGLRenderer( 1628): GL error:  GL_INVALID_OPERATION
12-14 02:04:42.461 E/OpenGLRenderer( 1628): GL error:  GL_INVALID_OPERATION
12-14 02:04:42.462 D/Mileage.ABS( 4542): Not backing up; 499
12-14 02:04:42.468 I/chatty  ( 1628): uid=1000(system) RenderThread expire 4 lines
12-14 02:04:42.469 E/OpenGLRenderer( 1628): GL error:  GL_INVALID_OPERATION
12-14 02:04:42.471 D/Mileage.ABS( 4542): Not backing up; 508
12-14 02:04:42.473 E/OpenGLRenderer( 1628): GL error:  GL_INVALID_OPERATION
12-14 02:04:42.491 I/chatty  ( 1628): uid=1000(system) RenderThread identical 14 lines
12-14 02:04:42.492 E/OpenGLRenderer( 1628): GL error:  GL_INVALID_OPERATION
12-14 02:04:42.492 E/OpenGLRenderer( 1628): GL error:  GL_INVALID_OPERATION
12-14 02:04:42.493 D/Mileage.ABS( 4542): Not backing up; 528
12-14 02:04:42.494 I/chatty  ( 1628): uid=1000(system) RenderThread expire 2 lines
12-14 02:04:42.495 E/OpenGLRenderer( 1628): GL error:  GL_INVALID_OPERATION
12-14 02:04:42.496 D/Mileage.ABS( 4542): Not backing up; 533
12-14 02:04:42.496 E/OpenGLRenderer( 1628): GL error:  GL_INVALID_OPERATION
12-14 02:04:42.531 I/chatty  ( 1628): uid=1000(system) RenderThread identical 28 lines
12-14 02:04:42.536 E/OpenGLRenderer( 1628): GL error:  GL_INVALID_OPERATION
12-14 02:04:42.543 D/Mileage.ABS( 4542): Not backing up; 579
12-14 02:04:42.543 E/OpenGLRenderer( 1628): GL error:  GL_INVALID_OPERATION
12-14 02:04:42.544 I/chatty  ( 1628): uid=1000(system) RenderThread identical 1 line
12-14 02:04:42.547 E/OpenGLRenderer( 1628): GL error:  GL_INVALID_OPERATION
12-14 02:04:42.550 D/Mileage.ABS( 4542): Not backing up; 587
12-14 02:04:42.551 E/OpenGLRenderer( 1628): GL error:  GL_INVALID_OPERATION
12-14 02:04:42.552 I/chatty  ( 1628): uid=1000(system) RenderThread identical 1 line
12-14 02:04:42.552 E/OpenGLRenderer( 1628): GL error:  GL_INVALID_OPERATION
12-14 02:04:42.561 D/Mileage.ABS( 4542): Not backing up; 598
12-14 02:04:42.564 E/OpenGLRenderer( 1628): GL error:  GL_INVALID_OPERATION
12-14 02:04:42.566 D/Mileage.ABS( 4542): Not backing up; 603
12-14 02:04:42.566 E/OpenGLRenderer( 1628): GL error:  GL_INVALID_OPERATION
12-14 02:04:42.589 I/chatty  ( 1628): uid=1000(system) RenderThread identical 16 lines
12-14 02:04:42.590 E/OpenGLRenderer( 1628): GL error:  GL_INVALID_OPERATION
12-14 02:04:42.591 D/Mileage.ABS( 4542): Not backing up; 628
12-14 02:04:42.595 E/OpenGLRenderer( 1628): GL error:  GL_INVALID_OPERATION
12-14 02:04:42.609 I/chatty  ( 1628): uid=1000(system) RenderThread identical 10 lines
12-14 02:04:42.609 E/OpenGLRenderer( 1628): GL error:  GL_INVALID_OPERATION
12-14 02:04:42.609 D/Mileage.ABS( 4542): Not backing up; 644
12-14 02:04:42.610 E/OpenGLRenderer( 1628): GL error:  GL_INVALID_OPERATION
12-14 02:04:42.615 I/chatty  ( 1628): uid=1000(system) RenderThread identical 7 lines
12-14 02:04:42.617 E/OpenGLRenderer( 1628): GL error:  GL_INVALID_OPERATION
12-14 02:04:42.619 D/Mileage.ABS( 4542): Not backing up; 656
12-14 02:04:42.619 E/OpenGLRenderer( 1628): GL error:  GL_INVALID_OPERATION
12-14 02:04:42.622 I/chatty  ( 1628): uid=1000(system) RenderThread identical 4 lines
12-14 02:04:42.622 E/OpenGLRenderer( 1628): GL error:  GL_INVALID_OPERATION
12-14 02:04:42.625 D/Mileage.ABS( 4542): Not backing up; 661
12-14 02:04:42.625 E/OpenGLRenderer( 1628): GL error:  GL_INVALID_OPERATION
12-14 02:04:42.652 D/Mileage.ABS( 4542): Not backing up; 689
12-14 02:04:42.657 I/chatty  ( 1628): uid=1000(system) RenderThread expire 25 lines
12-14 02:04:42.657 E/OpenGLRenderer( 1628): GL error:  GL_INVALID_OPERATION
12-14 02:04:42.658 D/Mileage.ABS( 4542): Not backing up; 695
12-14 02:04:42.658 E/OpenGLRenderer( 1628): GL error:  GL_INVALID_OPERATION
12-14 02:04:42.712 I/chatty  ( 1628): uid=1000(system) RenderThread identical 61 lines
12-14 02:04:42.713 E/OpenGLRenderer( 1628): GL error:  GL_INVALID_OPERATION
12-14 02:04:42.715 D/Mileage.ABS( 4542): Not backing up; 752
12-14 02:04:42.716 D/Mileage.ABS( 4542): Not backing up; 753
12-14 02:04:42.719 D/Mileage.ABS( 4542): Not backing up; 756
12-14 02:04:42.720 E/OpenGLRenderer( 1628): GL error:  GL_INVALID_OPERATION
12-14 02:04:42.754 I/chatty  ( 1628): uid=1000(system) RenderThread identical 24 lines
12-14 02:04:42.754 E/OpenGLRenderer( 1628): GL error:  GL_INVALID_OPERATION
12-14 02:04:42.758 D/Mileage.ABS( 4542): Not backing up; 795
12-14 02:04:42.759 E/OpenGLRenderer( 1628): GL error:  GL_INVALID_OPERATION
12-14 02:04:42.764 I/chatty  ( 1628): uid=1000(system) RenderThread identical 4 lines
12-14 02:04:42.765 E/OpenGLRenderer( 1628): GL error:  GL_INVALID_OPERATION
12-14 02:04:42.767 D/Mileage.ABS( 4542): Not backing up; 799
12-14 02:04:42.767 E/OpenGLRenderer( 1628): GL error:  GL_INVALID_OPERATION
12-14 02:04:42.806 I/chatty  ( 1628): uid=1000(system) RenderThread identical 21 lines
12-14 02:04:42.808 E/OpenGLRenderer( 1628): GL error:  GL_INVALID_OPERATION
12-14 02:04:42.810 D/Mileage.ABS( 4542): Not backing up; 847
12-14 02:04:42.811 E/OpenGLRenderer( 1628): GL error:  GL_INVALID_OPERATION
12-14 02:04:42.812 D/Mileage.ABS( 4542): Not backing up; 849
12-14 02:04:42.812 E/OpenGLRenderer( 1628): GL error:  GL_INVALID_OPERATION
12-14 02:04:42.831 I/chatty  ( 1628): uid=1000(system) RenderThread identical 15 lines
12-14 02:04:42.833 D/Mileage.ABS( 4542): Not backing up; 870
12-14 02:04:42.835 E/OpenGLRenderer( 1628): GL error:  GL_INVALID_OPERATION
12-14 02:04:42.836 E/OpenGLRenderer( 1628): GL error:  GL_INVALID_OPERATION
12-14 02:04:42.837 E/OpenGLRenderer( 1628): GL error:  GL_INVALID_OPERATION
12-14 02:04:42.839 D/Mileage.ABS( 4542): Not backing up; 876
12-14 02:04:42.840 E/OpenGLRenderer( 1628): GL error:  GL_INVALID_OPERATION
12-14 02:04:42.849 I/chatty  ( 1628): uid=1000(system) RenderThread identical 15 lines
12-14 02:04:42.851 E/OpenGLRenderer( 1628): GL error:  GL_INVALID_OPERATION
12-14 02:04:42.854 D/Mileage.ABS( 4542): Not backing up; 891
12-14 02:04:42.855 E/OpenGLRenderer( 1628): GL error:  GL_INVALID_OPERATION
12-14 02:04:42.864 I/chatty  ( 1628): uid=1000(system) RenderThread identical 15 lines
12-14 02:04:42.865 E/OpenGLRenderer( 1628): GL error:  GL_INVALID_OPERATION
12-14 02:04:42.868 D/Mileage.ABS( 4542): Not backing up; 905
12-14 02:04:42.869 E/OpenGLRenderer( 1628): GL error:  GL_INVALID_OPERATION
12-14 02:04:42.886 I/chatty  ( 1628): uid=1000(system) RenderThread identical 24 lines
12-14 02:04:42.886 E/OpenGLRenderer( 1628): GL error:  GL_INVALID_OPERATION
12-14 02:04:42.886 D/Mileage.ABS( 4542): Not backing up; 923
12-14 02:04:42.889 E/OpenGLRenderer( 1628): GL error:  GL_INVALID_OPERATION
12-14 02:04:42.903 I/chatty  ( 1628): uid=1000(system) RenderThread identical 10 lines
12-14 02:04:42.907 E/OpenGLRenderer( 1628): GL error:  GL_INVALID_OPERATION
12-14 02:04:42.907 D/Mileage.ABS( 4542): Not backing up; 944
12-14 02:04:42.907 D/Mileage.ABS( 4542): Not backing up; 944
12-14 02:04:42.910 E/OpenGLRenderer( 1628): GL error:  GL_INVALID_OPERATION
12-14 02:04:42.926 I/chatty  ( 1628): uid=1000(system) RenderThread identical 23 lines
12-14 02:04:42.928 E/OpenGLRenderer( 1628): GL error:  GL_INVALID_OPERATION
12-14 02:04:42.929 D/Mileage.ABS( 4542): Not backing up; 966
12-14 02:04:42.930 E/OpenGLRenderer( 1628): GL error:  GL_INVALID_OPERATION
12-14 02:04:42.940 I/chatty  ( 1628): uid=1000(system) RenderThread identical 14 lines
12-14 02:04:42.940 E/OpenGLRenderer( 1628): GL error:  GL_INVALID_OPERATION
12-14 02:04:42.944 D/VehicleStatisticsAdapter( 4542): Caching of 29 records complete! (0.947 seconds)
12-14 02:04:42.945 E/OpenGLRenderer( 1628): GL error:  GL_INVALID_OPERATION
12-14 02:04:42.947 I/chatty  ( 1628): uid=1000(system) RenderThread identical 2 lines
12-14 02:04:42.948 E/OpenGLRenderer( 1628): GL error:  GL_INVALID_OPERATION
12-14 02:04:42.948 D/Mileage.ABS( 4542): Not backing up; 985
12-14 02:04:42.948 E/OpenGLRenderer( 1628): GL error:  GL_INVALID_OPERATION
12-14 02:04:42.983 I/chatty  ( 1628): uid=1000(system) RenderThread identical 85 lines
12-14 02:04:42.983 E/OpenGLRenderer( 1628): GL error:  GL_INVALID_OPERATION
12-14 02:04:42.986 D/Mileage.ABS( 4542): Finished backup
12-14 02:04:42.987 E/OpenGLRenderer( 1628): GL error:  GL_INVALID_OPERATION
12-14 02:04:42.987 I/chatty  ( 1628): uid=1000(system) RenderThread identical 1 line
12-14 02:04:42.988 E/OpenGLRenderer( 1628): GL error:  GL_INVALID_OPERATION
12-14 02:04:42.988 D/Mileage.ABS( 4542): Not backing up; 17
12-14 02:04:42.989 E/OpenGLRenderer( 1628): GL error:  GL_INVALID_OPERATION
12-14 02:04:43.003 I/chatty  ( 1628): uid=1000(system) RenderThread identical 25 lines
12-14 02:04:43.004 E/OpenGLRenderer( 1628): GL error:  GL_INVALID_OPERATION
12-14 02:04:43.005 D/Mileage.ABS( 4542): Not backing up; 34
12-14 02:04:43.006 E/OpenGLRenderer( 1628): GL error:  GL_INVALID_OPERATION
12-14 02:04:43.024 I/chatty  ( 1628): uid=1000(system) RenderThread identical 39 lines
12-14 02:04:43.024 E/OpenGLRenderer( 1628): GL error:  GL_INVALID_OPERATION
12-14 02:04:43.025 D/Mileage.ABS( 4542): Not backing up; 54
12-14 02:04:43.025 E/OpenGLRenderer( 1628): GL error:  GL_INVALID_OPERATION
12-14 02:04:43.040 I/chatty  ( 1628): uid=1000(system) RenderThread identical 31 lines
12-14 02:04:43.040 E/OpenGLRenderer( 1628): GL error:  GL_INVALID_OPERATION
12-14 02:04:43.040 D/VehicleStatisticsAdapter( 4542): Caching of 29 records complete! (1.066 seconds)
12-14 02:04:43.041 E/OpenGLRenderer( 1628): GL error:  GL_INVALID_OPERATION
12-14 02:04:43.047 I/chatty  ( 1628): uid=1000(system) RenderThread identical 24 lines
12-14 02:04:43.048 E/OpenGLRenderer( 1628): GL error:  GL_INVALID_OPERATION
12-14 02:04:43.048 D/Mileage.ABS( 4542): Not backing up; 77
12-14 02:04:43.048 E/OpenGLRenderer( 1628): GL error:  GL_INVALID_OPERATION
12-14 02:04:43.060 I/chatty  ( 1628): uid=1000(system) RenderThread identical 27 lines
12-14 02:04:43.060 E/OpenGLRenderer( 1628): GL error:  GL_INVALID_OPERATION
12-14 02:04:43.061 I/System.out( 4542): URI: //gesture
12-14 02:04:43.061 E/OpenGLRenderer( 1628): GL error:  GL_INVALID_OPERATION
12-14 02:04:43.061 I/System.out( 4542): params: {json={"query_timeout":5.0,"gestures":[{"query_string":"android.widget.TabWidget descendant TextView index:0","touches":[{"x":50,"y":50,"offset_x":0,"offset_y":0,"wait":0.0,"time":0.2,"release":true,"query_string":null}]}]}
12-14 02:04:43.061 I/System.out( 4542): }
12-14 02:04:43.061 E/OpenGLRenderer( 1628): GL error:  GL_INVALID_OPERATION
12-14 02:04:43.121 I/chatty  ( 1628): uid=1000(system) RenderThread identical 185 lines
12-14 02:04:43.121 E/OpenGLRenderer( 1628): GL error:  GL_INVALID_OPERATION
12-14 02:04:43.122 I/Dialer  ( 2015): VvmTaskExecutor - executing task com.android.voicemail.impl.ActivationTask@78a07d7
12-14 02:04:43.123 E/OpenGLRenderer( 1628): GL error:  GL_INVALID_OPERATION
12-14 02:04:43.123 E/OpenGLRenderer( 1628): GL error:  GL_INVALID_OPERATION
12-14 02:04:43.123 I/Dialer  ( 2015): PreOMigrationHandler - ComponentInfo{com.android.phone/com.android.services.telephony.TelephonyConnectionService}, [****], UserHandle{0} already migrated
12-14 02:04:43.124 E/OpenGLRenderer( 1628): GL error:  GL_INVALID_OPERATION
12-14 02:04:43.182 I/chatty  ( 1628): uid=1000(system) RenderThread identical 112 lines
12-14 02:04:43.182 E/OpenGLRenderer( 1628): GL error:  GL_INVALID_OPERATION
12-14 02:04:43.187 I/Dialer  ( 2015): VvmActivationTask - VVM content provider configured - vvm_type_cvvm
12-14 02:04:43.189 I/Dialer  ( 2015): OmtpVvmCarrierCfgHlpr - OmtpEvent:CONFIG_ACTIVATING
12-14 02:04:43.190 E/OpenGLRenderer( 1628): GL error:  GL_INVALID_OPERATION
12-14 02:04:43.213 I/chatty  ( 1628): uid=1000(system) RenderThread identical 45 lines
12-14 02:04:43.214 E/OpenGLRenderer( 1628): GL error:  GL_INVALID_OPERATION
12-14 02:04:43.214 I/Dialer  ( 2015): TelephonyMangerCompat.setVisualVoicemailSmsFilterSettings - using TelephonyManager
12-14 02:04:43.214 E/OpenGLRenderer( 1628): GL error:  GL_INVALID_OPERATION
12-14 02:04:43.216 I/chatty  ( 1628): uid=1000(system) RenderThread identical 3 lines
12-14 02:04:43.217 E/OpenGLRenderer( 1628): GL error:  GL_INVALID_OPERATION
12-14 02:04:43.223 I/Dialer  ( 2015): TelephonyMangerCompat.sendVisualVoicemailSms - using TelephonyManager
12-14 02:04:43.226 E/OpenGLRenderer( 1628): GL error:  GL_INVALID_OPERATION
12-14 02:04:43.357 I/chatty  ( 1628): uid=1000(system) RenderThread identical 349 lines
12-14 02:04:43.357 E/OpenGLRenderer( 1628): GL error:  GL_INVALID_OPERATION
12-14 02:04:43.357 I/zygote  ( 4542): Do partial code cache collection, code=249KB, data=144KB
12-14 02:04:43.357 E/OpenGLRenderer( 1628): GL error:  GL_INVALID_OPERATION
12-14 02:04:43.358 I/zygote  ( 4542): After code cache collection, code=249KB, data=144KB
12-14 02:04:43.358 I/zygote  ( 4542): Increasing code cache capacity to 1024KB
12-14 02:04:43.358 E/OpenGLRenderer( 1628): GL error:  GL_INVALID_OPERATION
12-14 02:04:43.426 I/chatty  ( 1628): uid=1000(system) RenderThread identical 154 lines
12-14 02:04:43.429 E/OpenGLRenderer( 1628): GL error:  GL_INVALID_OPERATION
12-14 02:04:43.429 I/EventLogSendingHelper( 2205): Sending log events.
12-14 02:04:43.430 E/OpenGLRenderer( 1628): GL error:  GL_INVALID_OPERATION
12-14 02:04:43.602 I/chatty  ( 1628): uid=1000(system) RenderThread identical 475 lines
12-14 02:04:43.603 E/OpenGLRenderer( 1628): GL error:  GL_INVALID_OPERATION
12-14 02:04:43.606 I/zygote  ( 4542): Background concurrent copying GC freed 33257(1834KB) AllocSpace objects, 1(20KB) LOS objects, 49% free, 2MB/4MB, paused 1.058ms total 128.666ms
12-14 02:04:43.613 E/OpenGLRenderer( 1628): GL error:  GL_INVALID_OPERATION
12-14 02:04:43.653 I/chatty  ( 1628): uid=1000(system) RenderThread identical 120 lines
12-14 02:04:43.654 E/OpenGLRenderer( 1628): GL error:  GL_INVALID_OPERATION
12-14 02:04:43.654 W/View    ( 4542): dispatchProvideAutofillStructure(): not laid out, ignoring
12-14 02:04:43.654 E/OpenGLRenderer( 1628): GL error:  GL_INVALID_OPERATION
12-14 02:04:43.661 I/chatty  ( 1628): uid=1000(system) RenderThread identical 26 lines
12-14 02:04:43.661 E/OpenGLRenderer( 1628): GL error:  GL_INVALID_OPERATION
12-14 02:04:43.661 W/View    ( 4542): dispatchProvideAutofillStructure(): not laid out, ignoring
12-14 02:04:43.661 E/OpenGLRenderer( 1628): GL error:  GL_INVALID_OPERATION
12-14 02:04:43.664 I/chatty  ( 1628): uid=1000(system) RenderThread identical 13 lines
12-14 02:04:43.664 E/OpenGLRenderer( 1628): GL error:  GL_INVALID_OPERATION
12-14 02:04:43.664 W/View    ( 4542): dispatchProvideAutofillStructure(): not laid out, ignoring
12-14 02:04:43.664 E/OpenGLRenderer( 1628): GL error:  GL_INVALID_OPERATION
12-14 02:04:43.672 I/chatty  ( 1628): uid=1000(system) RenderThread identical 29 lines
12-14 02:04:43.672 E/OpenGLRenderer( 1628): GL error:  GL_INVALID_OPERATION
12-14 02:04:43.673 W/Binder  ( 1628): Outgoing transactions from this process must be FLAG_ONEWAY
12-14 02:04:43.673 W/Binder  ( 1628): java.lang.Throwable
12-14 02:04:43.673 W/Binder  ( 1628): 	at android.os.BinderProxy.transact(Binder.java:736)
12-14 02:04:43.673 W/Binder  ( 1628): 	at android.app.assist.AssistStructure$ParcelTransferReader.fetchData(AssistStructure.java:407)
12-14 02:04:43.673 W/Binder  ( 1628): 	at android.app.assist.AssistStructure$ParcelTransferReader.go(AssistStructure.java:343)
12-14 02:04:43.673 W/Binder  ( 1628): 	at android.app.assist.AssistStructure.ensureData(AssistStructure.java:2096)
12-14 02:04:43.673 W/Binder  ( 1628): 	at com.android.server.autofill.Session$1.send(Session.java:200)
12-14 02:04:43.673 W/Binder  ( 1628): 	at com.android.server.am.ActivityManagerService.reportAssistContextExtras(ActivityManagerService.java:13137)
12-14 02:04:43.673 W/Binder  ( 1628): 	at android.app.IActivityManager$Stub.onTransact(IActivityManager.java:2466)
12-14 02:04:43.673 W/Binder  ( 1628): 	at com.android.server.am.ActivityManagerService.onTransact(ActivityManagerService.java:2935)
12-14 02:04:43.673 W/Binder  ( 1628): 	at android.os.Binder.execTransact(Binder.java:674)
12-14 02:04:43.674 E/OpenGLRenderer( 1628): GL error:  GL_INVALID_OPERATION
12-14 02:04:43.684 I/chatty  ( 1628): uid=1000(system) RenderThread identical 41 lines
12-14 02:04:43.684 E/OpenGLRenderer( 1628): GL error:  GL_INVALID_OPERATION
12-14 02:04:43.684 I/AssistStructure( 4542): Flattened final assist data: 15312 bytes, containing 1 windows, 69 views
12-14 02:04:43.685 E/OpenGLRenderer( 1628): GL error:  GL_INVALID_OPERATION
12-14 02:04:43.699 I/chatty  ( 1628): uid=1000(system) RenderThread identical 47 lines
12-14 02:04:43.699 E/OpenGLRenderer( 1628): GL error:  GL_INVALID_OPERATION
12-14 02:04:43.699 I/AssistStructure( 1628): Flattened final assist data: 13988 bytes, containing 1 windows, 69 views
12-14 02:04:43.699 E/OpenGLRenderer( 1628): GL error:  GL_INVALID_OPERATION
12-14 02:04:43.703 I/chatty  ( 1628): uid=1000(system) RenderThread identical 10 lines
12-14 02:04:43.703 W/lgq     ( 1941): Pending fill request while another request in the same session was triggered. [CONTEXT service_id=177 ]
12-14 02:04:43.703 E/OpenGLRenderer( 1628): GL error:  GL_INVALID_OPERATION
12-14 02:04:43.704 E/OpenGLRenderer( 1628): GL error:  GL_INVALID_OPERATION
12-14 02:04:43.894 I/chatty  ( 1628): uid=1000(system) RenderThread identical 589 lines
12-14 02:04:43.895 E/OpenGLRenderer( 1628): GL error:  GL_INVALID_OPERATION
12-14 02:04:43.895 E/SurfaceFlinger( 1413): ro.sf.lcd_density must be defined as a build property
12-14 02:04:43.896 E/OpenGLRenderer( 1628): GL error:  GL_INVALID_OPERATION
12-14 02:04:43.910 I/chatty  ( 1628): uid=1000(system) RenderThread identical 14 lines
12-14 02:04:43.911 E/OpenGLRenderer( 1628): GL error:  GL_INVALID_OPERATION
12-14 02:04:43.911 D/gralloc_ranchu( 1395): gralloc_alloc: Creating ashmem region of size 8298496
12-14 02:04:43.921 E/OpenGLRenderer( 1628): GL error:  GL_INVALID_OPERATION
12-14 02:04:43.922 I/chatty  ( 1628): uid=1000(system) RenderThread identical 1 line
12-14 02:04:43.923 E/OpenGLRenderer( 1628): GL error:  GL_INVALID_OPERATION
12-14 02:04:43.923 D/        ( 4638): HostConnection::get() New Host Connection established 0xaf62f800, tid 4638
12-14 02:04:43.923 E/OpenGLRenderer( 1628): GL error:  GL_INVALID_OPERATION
12-14 02:04:44.547 I/chatty  ( 1628): uid=1000(system) RenderThread identical 1845 lines
12-14 02:04:44.547 E/OpenGLRenderer( 1628): GL error:  GL_INVALID_OPERATION
12-14 02:04:44.547 I/System.out( 4542): URI: //
12-14 02:04:44.547 E/OpenGLRenderer( 1628): GL error:  GL_INVALID_OPERATION
12-14 02:04:44.547 I/System.out( 4542): params: {json={"command":"set_activity_orientation","arguments":["landscape"]}
12-14 02:04:44.547 I/System.out( 4542): }
12-14 02:04:44.547 E/OpenGLRenderer( 1628): GL error:  GL_INVALID_OPERATION
12-14 02:04:44.547 I/System.out( 4542): header: {content-type=application/json;charset=utf-8, date=Mon, 14 Dec 2020 07:04:44 GMT, accept=*/*, host=127.0.0.1:34777, content-length=64, user-agent=HTTPClient/1.0 (2.8.3, ruby 2.5.8 (2020-03-31))}
12-14 02:04:44.547 I/System.out( 4542): params: {json={"command":"set_activity_orientation","arguments":["landscape"]}
12-14 02:04:44.547 E/OpenGLRenderer( 1628): GL error:  GL_INVALID_OPERATION
12-14 02:04:44.547 I/System.out( 4542): }
12-14 02:04:44.548 I/System.out( 4542): ProP json = {"command":"set_activity_orientation","arguments":["landscape"]}
12-14 02:04:44.548 I/System.out( 4542): files: {}
12-14 02:04:44.548 I/System.out( 4542): command: {"command":"set_activity_orientation","arguments":["landscape"]}
12-14 02:04:44.548 E/OpenGLRenderer( 1628): GL error:  GL_INVALID_OPERATION
12-14 02:04:44.551 I/chatty  ( 1628): uid=1000(system) RenderThread identical 12 lines
12-14 02:04:44.551 E/OpenGLRenderer( 1628): GL error:  GL_INVALID_OPERATION
12-14 02:04:44.551 I/InstrumentationBackend( 4542): Got command:'Command:'Line:null,set_activity_orientation', arguments:'[landscape]'
12-14 02:04:44.551 E/OpenGLRenderer( 1628): GL error:  GL_INVALID_OPERATION
12-14 02:04:44.555 I/chatty  ( 1628): uid=1000(system) RenderThread identical 10 lines
12-14 02:04:44.555 E/OpenGLRenderer( 1628): GL error:  GL_INVALID_OPERATION
12-14 02:04:44.555 D/gralloc_ranchu( 1395): gralloc_alloc: Creating ashmem region of size 8298496
12-14 02:04:44.555 E/OpenGLRenderer( 1628): GL error:  GL_INVALID_OPERATION
12-14 02:04:44.594 W/LocalDisplayAdapter( 1628): Unable to find color mode 0, ignoring request.
12-14 02:04:44.614 I/chatty  ( 1628): uid=1000(system) RenderThread identical 109 lines
12-14 02:04:44.614 E/OpenGLRenderer( 1628): GL error:  GL_INVALID_OPERATION
12-14 02:04:44.616 I/InputReader( 1628): Reconfiguring input devices.  changes=0x00000004
12-14 02:04:44.616 I/InputReader( 1628): Device reconfigured: id=0, name='qwerty2', size 1080x1920, orientation 1, mode 1, display id 0
12-14 02:04:44.617 I/InputReader( 1628): Reconfiguring input devices.  changes=0x00000004
12-14 02:04:44.618 I/InputReader( 1628): Reconfiguring input devices.  changes=0x00000004
12-14 02:04:44.619 I/ActivityManager( 1628): Config changes=480 {1.0 310mcc260mnc [en_US] ldltr sw411dp w683dp h387dp 420dpi nrml land finger qwerty/v/v -nav/h appBounds=Rect(0, 0 - 1794, 1080) s.9}
12-14 02:04:44.620 E/OpenGLRenderer( 1628): GL error:  GL_INVALID_OPERATION
12-14 02:04:44.646 I/ActivityManager( 1628): Override config changes=480 {1.0 310mcc260mnc [en_US] ldltr sw411dp w683dp h387dp 420dpi nrml land finger qwerty/v/v -nav/h appBounds=Rect(0, 0 - 1794, 1080) s.9} for displayId=0
12-14 02:04:44.721 I/calabash( 4542): newActivity1
12-14 02:04:44.721 I/chatty  ( 1628): uid=1000(system) RenderThread expire 196 lines
12-14 02:04:44.722 E/OpenGLRenderer( 1628): GL error:  GL_INVALID_OPERATION
12-14 02:04:44.722 E/OpenGLRenderer( 1628): GL error:  GL_INVALID_OPERATION
12-14 02:04:44.732 I/chatty  ( 1628): uid=1000(system) RenderThread identical 25 lines
12-14 02:04:44.734 E/OpenGLRenderer( 1628): GL error:  GL_INVALID_OPERATION
12-14 02:04:44.735 D/gralloc_ranchu( 1395): gralloc_alloc: Creating ashmem region of size 544768
12-14 02:04:44.736 E/OpenGLRenderer( 1628): GL error:  GL_INVALID_OPERATION
12-14 02:04:44.753 I/chatty  ( 1628): uid=1000(system) RenderThread identical 40 lines
12-14 02:04:44.754 E/OpenGLRenderer( 1628): GL error:  GL_INVALID_OPERATION
12-14 02:04:44.754 D/EGL_emulation( 1733): eglMakeCurrent: 0x8d04f040: ver 3 0 (tinfo 0x9c60da80)
12-14 02:04:44.754 E/OpenGLRenderer( 1628): GL error:  GL_INVALID_OPERATION
12-14 02:04:44.760 I/chatty  ( 1628): uid=1000(system) RenderThread identical 22 lines
12-14 02:04:44.761 E/OpenGLRenderer( 1628): GL error:  GL_INVALID_OPERATION
12-14 02:04:44.761 D/gralloc_ranchu( 1395): gralloc_alloc: Creating ashmem region of size 544768
12-14 02:04:44.761 E/OpenGLRenderer( 1628): GL error:  GL_INVALID_OPERATION
12-14 02:04:44.811 I/chatty  ( 1628): uid=1000(system) RenderThread identical 124 lines
12-14 02:04:44.811 W/ActivityManager( 1628): Bad activity token: android.os.BinderProxy@a9c027a
12-14 02:04:44.811 W/ActivityManager( 1628): java.lang.ClassCastException: android.os.BinderProxy cannot be cast to com.android.server.am.ActivityRecord$Token
12-14 02:04:44.811 W/ActivityManager( 1628): 	at com.android.server.am.ActivityRecord.forTokenLocked(ActivityRecord.java:778)
12-14 02:04:44.811 W/ActivityManager( 1628): 	at com.android.server.am.ActivityRecord.isInStackLocked(ActivityRecord.java:2085)
12-14 02:04:44.811 W/ActivityManager( 1628): 	at com.android.server.am.ActivityRecord.getStackLocked(ActivityRecord.java:2090)
12-14 02:04:44.811 W/ActivityManager( 1628): 	at com.android.server.am.ActivityManagerService.getActivityDisplayId(ActivityManagerService.java:10406)
12-14 02:04:44.811 W/ActivityManager( 1628): 	at android.app.IActivityManager$Stub.onTransact(IActivityManager.java:2738)
12-14 02:04:44.811 W/ActivityManager( 1628): 	at com.android.server.am.ActivityManagerService.onTransact(ActivityManagerService.java:2935)
12-14 02:04:44.811 W/ActivityManager( 1628): 	at android.os.Binder.execTransact(Binder.java:674)
12-14 02:04:44.811 E/OpenGLRenderer( 1628): GL error:  GL_INVALID_OPERATION
12-14 02:04:44.812 I/calabash( 4542): newActivity1
12-14 02:04:44.813 E/OpenGLRenderer( 1628): GL error:  GL_INVALID_OPERATION
12-14 02:04:44.819 I/chatty  ( 1628): uid=1000(system) RenderThread identical 11 lines
12-14 02:04:44.820 E/OpenGLRenderer( 1628): GL error:  GL_INVALID_OPERATION
12-14 02:04:44.820 W/AutofillManager( 4542): Session -1702111268 could not be restored
12-14 02:04:44.821 E/OpenGLRenderer( 1628): GL error:  GL_INVALID_OPERATION
12-14 02:04:44.824 W/ActivityManager( 1628): Bad activity token: android.os.BinderProxy@a9c027a
12-14 02:04:44.824 W/ActivityManager( 1628): java.lang.ClassCastException: android.os.BinderProxy cannot be cast to com.android.server.am.ActivityRecord$Token
