--------- beginning of main
12-14 02:04:18.596 D/AndroidRuntime( 4229): >>>>>> START com.android.internal.os.RuntimeInit uid 2000 <<<<<<
12-14 02:04:18.629 W/app_process( 4229): Unexpected CPU variant for X86 using defaults: x86
12-14 02:04:18.646 D/AndroidRuntime( 4229): Calling main entry com.android.commands.am.Am
12-14 02:04:18.655 I/zygote  ( 4239): Not late-enabling -Xcheck:jni (already on)
12-14 02:04:18.661 D/AndroidRuntime( 4229): Shutting down VM
12-14 02:04:18.662 W/zygote  ( 4239): Unexpected CPU variant for X86 using defaults: x86
12-14 02:04:18.664 E/memtrack( 1628): Couldn't load memtrack module
12-14 02:04:18.664 W/android.os.Debug( 1628): failed to get memory consumption info: -1
12-14 02:04:18.678 W/zygote  ( 4239): Found duplicate classes, falling back to extracting from APK : /data/app/com.evancharlton.mileage.test-VP9tyC_IxSQV4SlAGc_08g==/base.apk
12-14 02:04:18.678 W/zygote  ( 4239): NOTE: This wastes RAM and hurts startup performance.
12-14 02:04:18.678 W/zygote  ( 4239): Found duplicated class when checking oat files: 'Ljunit/runner/BaseTestRunner;' in /data/app/com.evancharlton.mileage.test-VP9tyC_IxSQV4SlAGc_08g==/base.apk and /system/framework/android.test.runner.jar
12-14 02:04:18.678 W/zygote  ( 4239): 
12-14 02:04:18.680 E/memtrack( 1628): Couldn't load memtrack module
12-14 02:04:18.680 W/android.os.Debug( 1628): failed to get memory consumption info: -1
12-14 02:04:18.693 E/memtrack( 1628): Couldn't load memtrack module
12-14 02:04:18.693 W/android.os.Debug( 1628): failed to get memory consumption info: -1
12-14 02:04:18.700 E/adbd    ( 1369): failed to connect to socket 'tcp:7102': Connection refused
12-14 02:04:18.703 E/adbd    ( 1369): failed to connect to socket 'tcp:7102': Connection refused
12-14 02:04:18.714 D/BoundBrokerSvc( 1941): onUnbind: Intent { act=com.google.android.gms.clearcut.service.START pkg=com.google.android.gms }
12-14 02:04:18.722 W/System  ( 4239): ClassLoader referenced unknown path: 
12-14 02:04:18.735 I/System.out( 4239): Main activity name automatically set to: com.evancharlton.mileage.Mileage
12-14 02:04:18.735 I/System.out( 4239): Calabash did not load Mono. This is only a problem if you are trying to test a Mono application
12-14 02:04:18.736 I/calabash( 4239): Test server port: 7102
12-14 02:04:18.738 I/InstrumentationBackend( 4239): Added:'GetPreferences', with key:'get_preferences'
12-14 02:04:18.794 I/InstrumentationBackend( 4239): Added:'SetPreferences', with key:'set_preferences'
12-14 02:04:18.794 I/InstrumentationBackend( 4239): Added:'ClearPreferences', with key:'clear_preferences'
12-14 02:04:18.795 I/InstrumentationBackend( 4239): Added:'PressElement', with key:'press_l10n_element'
12-14 02:04:18.795 I/InstrumentationBackend( 4239): Added:'WaitForElement', with key:'wait_for_l10n_element'
12-14 02:04:18.796 I/InstrumentationBackend( 4239): Added:'NullAction', with key:'nullAction'
12-14 02:04:18.797 I/InstrumentationBackend( 4239): Added:'PressKey', with key:'press_key'
12-14 02:04:18.797 I/InstrumentationBackend( 4239): Added:'SetActivityOrientation', with key:'set_activity_orientation'
12-14 02:04:18.797 I/InstrumentationBackend( 4239): Added:'GetActivityOrientation', with key:'get_activity_orientation'
12-14 02:04:18.798 I/InstrumentationBackend( 4239): Added:'FakeGPSLocation', with key:'set_gps_coordinates'
12-14 02:04:18.798 I/InstrumentationBackend( 4239): Added:'SetPropertyByCssSelector', with key:'set_property_by_css_selector'
12-14 02:04:18.799 I/InstrumentationBackend( 4239): Added:'GetUrl', with key:'get_url'
12-14 02:04:18.802 I/InstrumentationBackend( 4239): Added:'ScrollTo', with key:'scroll_to'
12-14 02:04:18.802 I/InstrumentationBackend( 4239): Added:'GetLoadProgress', with key:'get_load_progress'
12-14 02:04:18.803 I/InstrumentationBackend( 4239): Added:'DumpHtml', with key:'dump_html'
12-14 02:04:18.803 I/InstrumentationBackend( 4239): Added:'DumpBodyHtml', with key:'dump_body_html'
12-14 02:04:18.804 I/InstrumentationBackend( 4239): Added:'EnterTextByCssSelector', with key:'enter_text_by_selector'
12-14 02:04:18.808 I/InstrumentationBackend( 4239): Added:'AndroidSDKVersion', with key:'android_sdk_version'
12-14 02:04:18.808 I/InstrumentationBackend( 4239): Added:'Version', with key:'version'
12-14 02:04:18.808 I/InstrumentationBackend( 4239): Added:'Drag', with key:'drag'
12-14 02:04:18.808 I/InstrumentationBackend( 4239): Added:'TouchCoordinates', with key:'touch_coordinate'
12-14 02:04:18.809 I/InstrumentationBackend( 4239): Added:'LongPressCoordinate', with key:'long_press_coordinate'
12-14 02:04:18.809 I/InstrumentationBackend( 4239): Added:'DragCoordinates', with key:'drag_coordinates'
12-14 02:04:18.810 I/InstrumentationBackend( 4239): Added:'ResumeApplication', with key:'resume_application'
12-14 02:04:18.810 I/InstrumentationBackend( 4239): Added:'Swipe', with key:'swipe'
12-14 02:04:18.810 I/InstrumentationBackend( 4239): Added:'DoubleTapCoordinate', with key:'double_tap_coordinate'
12-14 02:04:18.811 I/InstrumentationBackend( 4239): Added:'ClickOnScreen', with key:'click_on_screen'
12-14 02:04:18.812 I/InstrumentationBackend( 4239): Added:'GetActivityName', with key:'get_activity_name'
12-14 02:04:18.812 I/InstrumentationBackend( 4239): Added:'ScrollToView', with key:'scroll_to_view'
12-14 02:04:18.813 I/InstrumentationBackend( 4239): Added:'ViewConfiguration', with key:'view_configuration'
12-14 02:04:18.813 I/InstrumentationBackend( 4239): Added:'IsCurrentActivityFocused', with key:'is_current_activity_focused'
12-14 02:04:18.813 I/InstrumentationBackend( 4239): Added:'SendTcp', with key:'send_tcp'
12-14 02:04:18.814 I/InstrumentationBackend( 4239): Added:'DpToDevicePixel', with key:'dp_to_device_pixel'
12-14 02:04:18.815 I/InstrumentationBackend( 4239): Added:'KeyboardEnterText', with key:'keyboard_enter_text'
12-14 02:04:18.815 I/InstrumentationBackend( 4239): Added:'DeleteSurroundingText', with key:'delete_surrounding_text'
12-14 02:04:18.816 I/InstrumentationBackend( 4239): Added:'SetComposingRegion', with key:'set_composing_region'
12-14 02:04:18.816 I/InstrumentationBackend( 4239): Added:'SetSelection', with key:'set_selection'
12-14 02:04:18.817 I/InstrumentationBackend( 4239): Added:'KeyboardKeyEvent', with key:'keyboard_key_event'
12-14 02:04:18.817 I/InstrumentationBackend( 4239): Added:'PressUserActionButton', with key:'press_user_action_button'
12-14 02:04:18.818 E/adbd    ( 1369): failed to connect to socket 'tcp:7102': Connection refused
12-14 02:04:18.821 I/InstrumentationBackend( 4239): Added:'HideSoftKeyboard', with key:'hide_soft_keyboard'
12-14 02:04:18.821 E/adbd    ( 1369): failed to connect to socket 'tcp:7102': Connection refused
12-14 02:04:18.823 I/InstrumentationBackend( 4239): Added:'ListActions', with key:'list_actions'
12-14 02:04:18.823 I/calabash( 4239): Instantiating http server at 7102
12-14 02:04:18.824 I/System.out( 4239): HTTP Daemon listening on: 7102
12-14 02:04:18.932 I/System.out( 4239): URI: //ping
12-14 02:04:18.932 I/System.out( 4239): params: {json={}
12-14 02:04:18.932 I/System.out( 4239): }
12-14 02:04:18.941 I/System.out( 4239): URI: //ping
12-14 02:04:18.941 I/System.out( 4239): params: {json={}
12-14 02:04:18.941 I/System.out( 4239): }
12-14 02:04:18.948 I/System.out( 4239): URI: //ready
12-14 02:04:18.948 I/System.out( 4239): params: {json={}
12-14 02:04:18.948 I/System.out( 4239): }
12-14 02:04:18.956 I/System.out( 4239): URI: //
12-14 02:04:18.956 I/System.out( 4239): params: {json={"command":"version","arguments":[]}
12-14 02:04:18.956 I/System.out( 4239): }
12-14 02:04:18.956 I/System.out( 4239): header: {content-type=application/json;charset=utf-8, date=Mon, 14 Dec 2020 07:04:19 GMT, accept=*/*, host=127.0.0.1:34777, content-length=36, user-agent=HTTPClient/1.0 (2.8.3, ruby 2.5.8 (2020-03-31))}
12-14 02:04:18.956 I/System.out( 4239): params: {json={"command":"version","arguments":[]}
12-14 02:04:18.956 I/System.out( 4239): }
12-14 02:04:18.956 I/System.out( 4239): ProP json = {"command":"version","arguments":[]}
12-14 02:04:18.957 I/System.out( 4239): files: {}
12-14 02:04:18.957 I/System.out( 4239): command: {"command":"version","arguments":[]}
12-14 02:04:18.983 I/InstrumentationBackend( 4239): Got command:'Command:'Line:null,version', arguments:'[]'
12-14 02:04:19.024 I/System.out( 4239): result:{"bonusInformation":[],"message":"0.9.8","success":true}
12-14 02:04:19.032 I/System.out( 4239): URI: //start-application
12-14 02:04:19.032 I/System.out( 4239): params: {json={"intent":null}
12-14 02:04:19.032 I/System.out( 4239): }
12-14 02:04:19.082 I/calabash( 4239): newActivity1
12-14 02:04:19.107 D/gralloc_ranchu( 1395): gralloc_alloc: Creating ashmem region of size 7753728
12-14 02:04:19.113 I/calabash( 4239): newActivity1
12-14 02:04:19.175 D/EGL_emulation( 2205): eglMakeCurrent: 0x9e5fde60: ver 3 0 (tinfo 0xaa20b090)
12-14 02:04:19.176 D/EGL_emulation( 2175): eglMakeCurrent: 0x9e5fd080: ver 3 0 (tinfo 0x9e5ff600)
12-14 02:04:19.181 V/StatusBar( 1733): setLightsOn(true)
12-14 02:04:19.196 D/EGL_emulation( 1733): eglMakeCurrent: 0x8d04f040: ver 3 0 (tinfo 0x9c60da80)
12-14 02:04:19.207 D/EGL_emulation( 1733): eglMakeCurrent: 0x8d04f040: ver 3 0 (tinfo 0x9c60da80)
12-14 02:04:19.216 E/ContentStoreEUAS( 2205): Failed to commit the deferred actions
12-14 02:04:19.217 D/EGL_emulation( 1733): eglMakeCurrent: 0x8d04f040: ver 3 0 (tinfo 0x9c60da80)
12-14 02:04:19.218 V/StatusBar( 1733): setLightsOn(true)
12-14 02:04:19.225 D/EGL_emulation( 1733): eglMakeCurrent: 0x8d04f040: ver 3 0 (tinfo 0x9c60da80)
12-14 02:04:19.343 I/chatty  ( 1733): uid=10028(u0_a28) RenderThread identical 14 lines
12-14 02:04:19.349 D/EGL_emulation( 1733): eglMakeCurrent: 0x8d04f040: ver 3 0 (tinfo 0x9c60da80)
12-14 02:04:19.350 V/StatusBar( 1733): setLightsOn(true)
12-14 02:04:19.359 D/EGL_emulation( 1733): eglMakeCurrent: 0x8d04f040: ver 3 0 (tinfo 0x9c60da80)
12-14 02:04:19.375 I/chatty  ( 1733): uid=10028(u0_a28) RenderThread identical 2 lines
12-14 02:04:19.381 D/EGL_emulation( 1733): eglMakeCurrent: 0x8d04f040: ver 3 0 (tinfo 0x9c60da80)
12-14 02:04:19.396 I/zygote  ( 4239): Do partial code cache collection, code=28KB, data=30KB
12-14 02:04:19.397 D/EGL_emulation( 1733): eglMakeCurrent: 0x8d04f040: ver 3 0 (tinfo 0x9c60da80)
12-14 02:04:19.398 I/zygote  ( 4239): After code cache collection, code=28KB, data=30KB
12-14 02:04:19.398 I/zygote  ( 4239): Increasing code cache capacity to 128KB
12-14 02:04:19.400 I/zygote  ( 4239): Do partial code cache collection, code=28KB, data=47KB
12-14 02:04:19.403 D/EGL_emulation( 1733): eglMakeCurrent: 0x8d04f040: ver 3 0 (tinfo 0x9c60da80)
12-14 02:04:19.403 I/zygote  ( 4239): After code cache collection, code=28KB, data=47KB
12-14 02:04:19.403 I/zygote  ( 4239): Increasing code cache capacity to 256KB
12-14 02:04:19.404 I/zygote  ( 4239): JIT allocated 71KB for compiled code of void android.widget.TextView.<init>(android.content.Context, android.util.AttributeSet, int, int)
12-14 02:04:19.404 I/zygote  ( 4239): Compiler allocated 4MB to compile void android.widget.TextView.<init>(android.content.Context, android.util.AttributeSet, int, int)
12-14 02:04:19.415 D/EGL_emulation( 1733): eglMakeCurrent: 0x8d04f040: ver 3 0 (tinfo 0x9c60da80)
12-14 02:04:19.435 V/StatusBar( 1733): setLightsOn(true)
12-14 02:04:19.438 I/chatty  ( 1733): uid=10028(u0_a28) com.android.systemui identical 1 line
12-14 02:04:19.447 V/StatusBar( 1733): setLightsOn(true)
12-14 02:04:19.475 D/gralloc_ranchu( 1395): gralloc_alloc: Creating ashmem region of size 7753728
12-14 02:04:19.497 D/        ( 4239): HostConnection::get() New Host Connection established 0x9e2afe80, tid 4239
12-14 02:04:19.552 V/StatusBar( 1733): setLightsOn(true)
12-14 02:04:19.557 V/StatusBar( 1733): setLightsOn(true)
12-14 02:04:19.563 I/ActivityManager( 1628): Displayed com.evancharlton.mileage/.Mileage: +481ms
12-14 02:04:19.566 V/StatusBar( 1733): setLightsOn(true)
12-14 02:04:19.593 D/gralloc_ranchu( 1395): gralloc_alloc: Creating ashmem region of size 7753728
12-14 02:04:19.597 I/zygote  ( 4239): Do full code cache collection, code=125KB, data=69KB
12-14 02:04:19.597 I/zygote  ( 4239): After code cache collection, code=106KB, data=43KB
12-14 02:04:19.623 V/StatusBar( 1733): setLightsOn(true)
12-14 02:04:19.743 I/chatty  ( 1733): uid=10028(u0_a28) com.android.systemui identical 1 line
12-14 02:04:19.745 V/StatusBar( 1733): setLightsOn(true)
12-14 02:04:19.892 I/System.out( 4239): URI: //kill
12-14 02:04:19.892 I/System.out( 4239): params: {json={}
12-14 02:04:19.892 I/System.out( 4239): }
12-14 02:04:19.892 I/System.out( 4239): Stopping test server
12-14 02:04:19.896 E/adbd    ( 1369): failed to connect to socket 'tcp:7102': Connection refused
12-14 02:04:19.898 E/adbd    ( 1369): failed to connect to socket 'tcp:7102': Connection refused
12-14 02:04:19.908 V/StatusBar( 1733): setLightsOn(true)
12-14 02:04:19.925 V/StatusBar( 1733): setLightsOn(true)
12-14 02:04:19.939 W/SurfaceFlinger( 1413): couldn't log to binary event log: overflow.
12-14 02:04:19.947 V/StatusBar( 1733): setLightsOn(true)
12-14 02:04:19.961 I/chatty  ( 1733): uid=10028(u0_a28) com.android.systemui identical 3 lines
12-14 02:04:19.962 V/StatusBar( 1733): setLightsOn(true)
12-14 02:04:19.965 D/gralloc_ranchu( 1395): gralloc_alloc: Creating ashmem region of size 8298496
12-14 02:04:19.989 I/chatty  ( 1395): uid=1000(system) allocator@2.0-s identical 1 line
12-14 02:04:20.009 D/gralloc_ranchu( 1395): gralloc_alloc: Creating ashmem region of size 8298496
12-14 02:04:20.021 D/SurfaceFlinger( 1413): duplicate layer name: changing com.google.android.apps.nexuslauncher/com.google.android.apps.nexuslauncher.NexusLauncherActivity to com.google.android.apps.nexuslauncher/com.google.android.apps.nexuslauncher.NexusLauncherActivity#1
12-14 02:04:20.028 D/gralloc_ranchu( 1395): gralloc_alloc: Creating ashmem region of size 8298496
12-14 02:04:20.030 I/zygote  ( 4239): Do partial code cache collection, code=110KB, data=52KB
12-14 02:04:20.030 I/zygote  ( 4239): After code cache collection, code=110KB, data=52KB
12-14 02:04:20.030 I/zygote  ( 4239): Increasing code cache capacity to 512KB
12-14 02:04:20.040 D/gralloc_ranchu( 1395): gralloc_alloc: Creating ashmem region of size 8298496
12-14 02:04:20.054 D/EGL_emulation( 1733): eglMakeCurrent: 0x8d04f040: ver 3 0 (tinfo 0x9c60da80)
12-14 02:04:20.054 D/EGL_emulation( 2205): eglMakeCurrent: 0x9e5fde60: ver 3 0 (tinfo 0xaa20b090)
12-14 02:04:20.056 D/gralloc_ranchu( 1395): gralloc_alloc: Creating ashmem region of size 8298496
12-14 02:04:20.098 I/MicroDetectionWorker( 2205): #updateMicroDetector [detectionMode: [mDetectionMode: [1]]]
12-14 02:04:20.098 I/MicroDetectionWorker( 2205): #startMicroDetector [speakerMode: 0]
12-14 02:04:20.099 I/AudioController( 2205): Using mInputStreamFactoryBuilder
12-14 02:04:20.102 D/EGL_emulation( 2175): eglMakeCurrent: 0x9e5fd080: ver 3 0 (tinfo 0x9e5ff600)
12-14 02:04:20.104 I/MicroDetectionWorker( 2205): onReady
12-14 02:04:20.111 I/MicroRecognitionRunner( 2205): Starting detection.
12-14 02:04:20.111 I/MicrophoneInputStream( 2205): mic_starting com.google.android.apps.gsa.staticplugins.aa.c@9141285
12-14 02:04:20.114 I/AudioFlinger( 1475): AudioFlinger's thread 0xabb03c80 tid=4289 ready to run
12-14 02:04:20.122 I/MicrophoneInputStream( 2205): mic_started com.google.android.apps.gsa.staticplugins.aa.c@9141285
12-14 02:04:20.124 I/MicroDetectionWorker( 2205): onReady
12-14 02:04:20.127 I/MicrophoneInputStream( 2205): mic_close com.google.android.apps.gsa.staticplugins.aa.c@9141285
12-14 02:04:20.129 I/MicroRecognitionRunner( 2205): Detection finished
12-14 02:04:20.130 W/ErrorReporter( 2205): reportError [type: 211, code: 524300]: Error reading from input stream
12-14 02:04:20.130 D/gralloc_ranchu( 1395): gralloc_alloc: Creating ashmem region of size 7753728
12-14 02:04:20.131 I/MicroRecognitionRunner( 2205): Stopping hotword detection.
12-14 02:04:20.131 W/ErrorProcessor( 2205): onFatalError, processing error from engine(4)
12-14 02:04:20.131 W/ErrorProcessor( 2205): com.google.android.apps.gsa.shared.speech.b.g: Error reading from input stream
12-14 02:04:20.131 W/ErrorProcessor( 2205): 	at com.google.android.apps.gsa.staticplugins.recognizer.j.a.a(SourceFile:28)
12-14 02:04:20.131 W/ErrorProcessor( 2205): 	at com.google.android.apps.gsa.staticplugins.recognizer.j.b.run(SourceFile:15)
12-14 02:04:20.131 W/ErrorProcessor( 2205): 	at java.util.concurrent.Executors$RunnableAdapter.call(Executors.java:457)
12-14 02:04:20.131 W/ErrorProcessor( 2205): 	at java.util.concurrent.FutureTask.run(FutureTask.java:266)
12-14 02:04:20.131 W/ErrorProcessor( 2205): 	at com.google.android.apps.gsa.shared.util.concurrent.a.ax.run(SourceFile:14)
12-14 02:04:20.131 W/ErrorProcessor( 2205): 	at com.google.android.apps.gsa.shared.util.concurrent.a.bl.run(SourceFile:4)
12-14 02:04:20.131 W/ErrorProcessor( 2205): 	at com.google.android.apps.gsa.shared.util.concurrent.a.bl.run(SourceFile:4)
12-14 02:04:20.131 W/ErrorProcessor( 2205): 	at java.util.concurrent.ThreadPoolExecutor.runWorker(ThreadPoolExecutor.java:1162)
12-14 02:04:20.131 W/ErrorProcessor( 2205): 	at java.util.concurrent.ThreadPoolExecutor$Worker.run(ThreadPoolExecutor.java:636)
12-14 02:04:20.131 W/ErrorProcessor( 2205): 	at java.lang.Thread.run(Thread.java:764)
12-14 02:04:20.131 W/ErrorProcessor( 2205): 	at com.google.android.apps.gsa.shared.util.concurrent.a.ai.run(SourceFile:6)
12-14 02:04:20.131 W/ErrorProcessor( 2205): Caused by: com.google.android.apps.gsa.shared.exception.GsaIOException: Error code: 393238 | Buffer overflow, no available space.
12-14 02:04:20.131 W/ErrorProcessor( 2205): 	at com.google.android.apps.gsa.speech.audio.Tee.f(SourceFile:103)
12-14 02:04:20.131 W/ErrorProcessor( 2205): 	at com.google.android.apps.gsa.speech.audio.au.read(SourceFile:2)
12-14 02:04:20.131 W/ErrorProcessor( 2205): 	at java.io.InputStream.read(InputStream.java:101)
12-14 02:04:20.131 W/ErrorProcessor( 2205): 	at com.google.android.apps.gsa.speech.audio.ao.run(SourceFile:18)
12-14 02:04:20.131 W/ErrorProcessor( 2205): 	at com.google.android.apps.gsa.speech.audio.an.run(SourceFile:2)
12-14 02:04:20.131 W/ErrorProcessor( 2205): 	... 9 more
12-14 02:04:20.131 I/AudioController( 2205): internalShutdown
12-14 02:04:20.133 I/MicroDetector( 2205): Keeping mic open: false
12-14 02:04:20.133 I/MicroDetectionWorker( 2205): #onError(false)
12-14 02:04:20.134 I/DeviceStateChecker( 2205): DeviceStateChecker cancelled
12-14 02:04:20.196 D/EGL_emulation( 1733): eglMakeCurrent: 0x8d04f040: ver 3 0 (tinfo 0x9c60da80)
12-14 02:04:20.414 I/chatty  ( 1733): uid=10028(u0_a28) RenderThread identical 21 lines
12-14 02:04:20.434 D/EGL_emulation( 1733): eglMakeCurrent: 0x8d04f040: ver 3 0 (tinfo 0x9c60da80)
12-14 02:04:20.616 W/OpenGLRenderer( 2175): Incorrectly called buildLayer on View: ShortcutAndWidgetContainer, destroying layer...
12-14 02:04:20.661 I/OpenGLRenderer( 1628): Initialized EGL, version 1.4
12-14 02:04:20.661 D/OpenGLRenderer( 1628): Swap behavior 1
12-14 02:04:20.661 W/OpenGLRenderer( 1628): Failed to choose config with EGL_SWAP_BEHAVIOR_PRESERVED, retrying without...
12-14 02:04:20.661 D/OpenGLRenderer( 1628): Swap behavior 0
12-14 02:04:20.668 D/EGL_emulation( 1628): eglCreateContext: 0x9e26e720: maj 3 min 0 rcv 3
12-14 02:04:20.670 D/EGL_emulation( 1628): eglMakeCurrent: 0x9e26e720: ver 3 0 (tinfo 0x9e3daa50)
12-14 02:04:20.671 E/eglCodecCommon( 1628): glUtilsParamSize: unknow param 0x00008cdf
12-14 02:04:20.671 E/eglCodecCommon( 1628): glUtilsParamSize: unknow param 0x00008cdf
12-14 02:04:20.671 E/eglCodecCommon( 1628): glUtilsParamSize: unknow param 0x00008824
12-14 02:04:20.671 E/eglCodecCommon( 1628): glUtilsParamSize: unknow param 0x00008824
12-14 02:04:21.174 E/memtrack( 1628): Couldn't load memtrack module
12-14 02:04:21.175 W/android.os.Debug( 1628): failed to get memory consumption info: -1
--------- beginning of system
12-14 02:04:23.085 E/TaskPersister( 1628): File error accessing recents directory (directory doesn't exist?).
12-14 02:04:23.215 D/AndroidRuntime( 4293): >>>>>> START com.android.internal.os.RuntimeInit uid 2000 <<<<<<
12-14 02:04:23.248 W/app_process( 4293): Unexpected CPU variant for X86 using defaults: x86
12-14 02:04:23.263 D/AndroidRuntime( 4293): Calling main entry com.android.commands.am.Am
12-14 02:04:23.268 I/ActivityManager( 1628): Force stopping com.evancharlton.mileage appid=10324 user=0: start instr
12-14 02:04:23.268 I/ActivityManager( 1628): Killing 4239:com.evancharlton.mileage/u0a324 (adj 0): stop com.evancharlton.mileage
12-14 02:04:23.271 W/ActivityManager( 1628): Crash of app com.evancharlton.mileage running instrumentation ComponentInfo{com.evancharlton.mileage.test/sh.calaba.instrumentationbackend.CalabashInstrumentationTestRunner}
12-14 02:04:23.271 I/ActivityManager( 1628): Force stopping com.evancharlton.mileage appid=10324 user=0: finished inst
12-14 02:04:23.278 I/zygote  ( 4303): Not late-enabling -Xcheck:jni (already on)
12-14 02:04:23.284 I/ActivityManager( 1628): Start proc 4303:com.evancharlton.mileage/u0a324 for added application com.evancharlton.mileage
12-14 02:04:23.284 E/memtrack( 1628): Couldn't load memtrack module
12-14 02:04:23.284 W/android.os.Debug( 1628): failed to get memory consumption info: -1
12-14 02:04:23.285 D/AndroidRuntime( 4293): Shutting down VM
12-14 02:04:23.289 W/zygote  ( 4303): Unexpected CPU variant for X86 using defaults: x86
12-14 02:04:23.294 E/memtrack( 1628): Couldn't load memtrack module
12-14 02:04:23.294 W/android.os.Debug( 1628): failed to get memory consumption info: -1
12-14 02:04:23.306 E/adbd    ( 1369): failed to connect to socket 'tcp:7102': Connection refused
12-14 02:04:23.310 E/adbd    ( 1369): failed to connect to socket 'tcp:7102': Connection refused
12-14 02:04:23.312 W/ActivityManager( 1628): setHasOverlayUi called on unknown pid: 4239
12-14 02:04:23.314 E/memtrack( 1628): Couldn't load memtrack module
12-14 02:04:23.315 W/android.os.Debug( 1628): failed to get memory consumption info: -1
12-14 02:04:23.318 W/zygote  ( 4303): Found duplicate classes, falling back to extracting from APK : /data/app/com.evancharlton.mileage.test-VP9tyC_IxSQV4SlAGc_08g==/base.apk
12-14 02:04:23.318 W/zygote  ( 4303): NOTE: This wastes RAM and hurts startup performance.
12-14 02:04:23.318 W/zygote  ( 4303): Found duplicated class when checking oat files: 'Ljunit/runner/BaseTestRunner;' in /data/app/com.evancharlton.mileage.test-VP9tyC_IxSQV4SlAGc_08g==/base.apk and /system/framework/android.test.runner.jar
12-14 02:04:23.318 W/zygote  ( 4303): 
12-14 02:04:23.345 W/System  ( 4303): ClassLoader referenced unknown path: 
12-14 02:04:23.358 I/System.out( 4303): Main activity name automatically set to: com.evancharlton.mileage.Mileage
12-14 02:04:23.359 I/System.out( 4303): Calabash did not load Mono. This is only a problem if you are trying to test a Mono application
12-14 02:04:23.359 I/calabash( 4303): Test server port: 7102
12-14 02:04:23.360 I/InstrumentationBackend( 4303): Added:'GetPreferences', with key:'get_preferences'
12-14 02:04:23.418 E/adbd    ( 1369): failed to connect to socket 'tcp:7102': Connection refused
12-14 02:04:23.421 I/InstrumentationBackend( 4303): Added:'SetPreferences', with key:'set_preferences'
12-14 02:04:23.421 I/InstrumentationBackend( 4303): Added:'ClearPreferences', with key:'clear_preferences'
12-14 02:04:23.421 E/adbd    ( 1369): failed to connect to socket 'tcp:7102': Connection refused
12-14 02:04:23.422 I/InstrumentationBackend( 4303): Added:'PressElement', with key:'press_l10n_element'
12-14 02:04:23.422 I/InstrumentationBackend( 4303): Added:'WaitForElement', with key:'wait_for_l10n_element'
12-14 02:04:23.423 I/InstrumentationBackend( 4303): Added:'NullAction', with key:'nullAction'
12-14 02:04:23.423 I/InstrumentationBackend( 4303): Added:'PressKey', with key:'press_key'
12-14 02:04:23.423 I/InstrumentationBackend( 4303): Added:'SetActivityOrientation', with key:'set_activity_orientation'
12-14 02:04:23.423 I/InstrumentationBackend( 4303): Added:'GetActivityOrientation', with key:'get_activity_orientation'
12-14 02:04:23.424 I/InstrumentationBackend( 4303): Added:'FakeGPSLocation', with key:'set_gps_coordinates'
12-14 02:04:23.424 I/InstrumentationBackend( 4303): Added:'SetPropertyByCssSelector', with key:'set_property_by_css_selector'
12-14 02:04:23.426 I/InstrumentationBackend( 4303): Added:'GetUrl', with key:'get_url'
12-14 02:04:23.428 I/InstrumentationBackend( 4303): Added:'ScrollTo', with key:'scroll_to'
12-14 02:04:23.428 I/InstrumentationBackend( 4303): Added:'GetLoadProgress', with key:'get_load_progress'
12-14 02:04:23.428 I/InstrumentationBackend( 4303): Added:'DumpHtml', with key:'dump_html'
12-14 02:04:23.428 I/InstrumentationBackend( 4303): Added:'DumpBodyHtml', with key:'dump_body_html'
12-14 02:04:23.429 I/InstrumentationBackend( 4303): Added:'EnterTextByCssSelector', with key:'enter_text_by_selector'
12-14 02:04:23.433 I/InstrumentationBackend( 4303): Added:'AndroidSDKVersion', with key:'android_sdk_version'
12-14 02:04:23.433 I/InstrumentationBackend( 4303): Added:'Version', with key:'version'
12-14 02:04:23.434 I/InstrumentationBackend( 4303): Added:'Drag', with key:'drag'
12-14 02:04:23.434 I/InstrumentationBackend( 4303): Added:'TouchCoordinates', with key:'touch_coordinate'
12-14 02:04:23.434 I/InstrumentationBackend( 4303): Added:'LongPressCoordinate', with key:'long_press_coordinate'
12-14 02:04:23.434 I/InstrumentationBackend( 4303): Added:'DragCoordinates', with key:'drag_coordinates'
12-14 02:04:23.435 I/InstrumentationBackend( 4303): Added:'ResumeApplication', with key:'resume_application'
12-14 02:04:23.436 I/InstrumentationBackend( 4303): Added:'Swipe', with key:'swipe'
12-14 02:04:23.436 I/InstrumentationBackend( 4303): Added:'DoubleTapCoordinate', with key:'double_tap_coordinate'
12-14 02:04:23.436 I/InstrumentationBackend( 4303): Added:'ClickOnScreen', with key:'click_on_screen'
12-14 02:04:23.437 I/InstrumentationBackend( 4303): Added:'GetActivityName', with key:'get_activity_name'
12-14 02:04:23.438 I/InstrumentationBackend( 4303): Added:'ScrollToView', with key:'scroll_to_view'
12-14 02:04:23.438 I/InstrumentationBackend( 4303): Added:'ViewConfiguration', with key:'view_configuration'
12-14 02:04:23.438 I/InstrumentationBackend( 4303): Added:'IsCurrentActivityFocused', with key:'is_current_activity_focused'
12-14 02:04:23.439 I/InstrumentationBackend( 4303): Added:'SendTcp', with key:'send_tcp'
12-14 02:04:23.439 I/InstrumentationBackend( 4303): Added:'DpToDevicePixel', with key:'dp_to_device_pixel'
12-14 02:04:23.440 I/InstrumentationBackend( 4303): Added:'KeyboardEnterText', with key:'keyboard_enter_text'
12-14 02:04:23.441 I/InstrumentationBackend( 4303): Added:'DeleteSurroundingText', with key:'delete_surrounding_text'
12-14 02:04:23.442 I/InstrumentationBackend( 4303): Added:'SetComposingRegion', with key:'set_composing_region'
12-14 02:04:23.442 I/InstrumentationBackend( 4303): Added:'SetSelection', with key:'set_selection'
12-14 02:04:23.442 I/InstrumentationBackend( 4303): Added:'KeyboardKeyEvent', with key:'keyboard_key_event'
12-14 02:04:23.443 I/InstrumentationBackend( 4303): Added:'PressUserActionButton', with key:'press_user_action_button'
12-14 02:04:23.444 I/InstrumentationBackend( 4303): Added:'HideSoftKeyboard', with key:'hide_soft_keyboard'
12-14 02:04:23.445 I/InstrumentationBackend( 4303): Added:'ListActions', with key:'list_actions'
12-14 02:04:23.445 I/calabash( 4303): Instantiating http server at 7102
12-14 02:04:23.446 I/System.out( 4303): HTTP Daemon listening on: 7102
12-14 02:04:23.546 I/System.out( 4303): URI: //ping
12-14 02:04:23.546 I/System.out( 4303): params: {json={}
12-14 02:04:23.546 I/System.out( 4303): }
12-14 02:04:23.558 I/System.out( 4303): URI: //ping
12-14 02:04:23.558 I/System.out( 4303): params: {json={}
12-14 02:04:23.558 I/System.out( 4303): }
12-14 02:04:23.565 I/System.out( 4303): URI: //ready
12-14 02:04:23.565 I/System.out( 4303): params: {json={}
12-14 02:04:23.565 I/System.out( 4303): }
12-14 02:04:23.573 I/System.out( 4303): URI: //
12-14 02:04:23.573 I/System.out( 4303): params: {json={"command":"version","arguments":[]}
12-14 02:04:23.573 I/System.out( 4303): }
12-14 02:04:23.573 I/System.out( 4303): header: {content-type=application/json;charset=utf-8, date=Mon, 14 Dec 2020 07:04:23 GMT, accept=*/*, host=127.0.0.1:34777, content-length=36, user-agent=HTTPClient/1.0 (2.8.3, ruby 2.5.8 (2020-03-31))}
12-14 02:04:23.573 I/System.out( 4303): params: {json={"command":"version","arguments":[]}
12-14 02:04:23.573 I/System.out( 4303): }
12-14 02:04:23.573 I/System.out( 4303): ProP json = {"command":"version","arguments":[]}
12-14 02:04:23.573 I/System.out( 4303): files: {}
12-14 02:04:23.573 I/System.out( 4303): command: {"command":"version","arguments":[]}
12-14 02:04:23.605 I/InstrumentationBackend( 4303): Got command:'Command:'Line:null,version', arguments:'[]'
12-14 02:04:23.637 I/System.out( 4303): result:{"bonusInformation":[],"message":"0.9.8","success":true}
12-14 02:04:23.643 I/System.out( 4303): URI: //start-application
12-14 02:04:23.643 I/System.out( 4303): params: {json={"intent":null}
12-14 02:04:23.643 I/System.out( 4303): }
12-14 02:04:23.680 I/ActivityManager( 1628): START u0 {act=android.intent.action.MAIN cat=[android.intent.category.LAUNCHER] flg=0x10200000 cmp=com.evancharlton.mileage/.Mileage} from uid 10324
12-14 02:04:23.698 I/calabash( 4303): newActivity1
12-14 02:04:23.705 D/gralloc_ranchu( 1395): gralloc_alloc: Creating ashmem region of size 7753728
12-14 02:04:23.728 E/WifiVendorHal( 1628): getTxPktFates(l.1941) failed {.code = ERROR_NOT_SUPPORTED, .description = }
12-14 02:04:23.731 E/WifiVendorHal( 1628): getRxPktFates(l.1981) failed {.code = ERROR_NOT_SUPPORTED, .description = }
12-14 02:04:23.776 W/ActivityManager( 1628): Bad activity token: android.os.BinderProxy@cddf798
12-14 02:04:23.776 W/ActivityManager( 1628): java.lang.ClassCastException: android.os.BinderProxy cannot be cast to com.android.server.am.ActivityRecord$Token
12-14 02:04:23.776 W/ActivityManager( 1628): 	at com.android.server.am.ActivityRecord.forTokenLocked(ActivityRecord.java:778)
12-14 02:04:23.776 W/ActivityManager( 1628): 	at com.android.server.am.ActivityRecord.isInStackLocked(ActivityRecord.java:2085)
12-14 02:04:23.776 W/ActivityManager( 1628): 	at com.android.server.am.ActivityRecord.getStackLocked(ActivityRecord.java:2090)
12-14 02:04:23.776 W/ActivityManager( 1628): 	at com.android.server.am.ActivityManagerService.getActivityDisplayId(ActivityManagerService.java:10406)
12-14 02:04:23.776 W/ActivityManager( 1628): 	at android.app.IActivityManager$Stub.onTransact(IActivityManager.java:2738)
12-14 02:04:23.776 W/ActivityManager( 1628): 	at com.android.server.am.ActivityManagerService.onTransact(ActivityManagerService.java:2935)
12-14 02:04:23.776 W/ActivityManager( 1628): 	at android.os.Binder.execTransact(Binder.java:674)
12-14 02:04:23.777 I/calabash( 4303): newActivity1
12-14 02:04:23.782 W/ActivityManager( 1628): Bad activity token: android.os.BinderProxy@cddf798
12-14 02:04:23.782 W/ActivityManager( 1628): java.lang.ClassCastException: android.os.BinderProxy cannot be cast to com.android.server.am.ActivityRecord$Token
12-14 02:04:23.782 W/ActivityManager( 1628): 	at com.android.server.am.ActivityRecord.forTokenLocked(ActivityRecord.java:778)
12-14 02:04:23.782 W/ActivityManager( 1628): 	at com.android.server.am.ActivityRecord.isInStackLocked(ActivityRecord.java:2085)
12-14 02:04:23.782 W/ActivityManager( 1628): 	at com.android.server.am.ActivityManagerService.setTaskDescription(ActivityManagerService.java:9988)
12-14 02:04:23.782 W/ActivityManager( 1628): 	at android.app.IActivityManager$Stub.onTransact(IActivityManager.java:2824)
12-14 02:04:23.782 W/ActivityManager( 1628): 	at com.android.server.am.ActivityManagerService.onTransact(ActivityManagerService.java:2935)
12-14 02:04:23.782 W/ActivityManager( 1628): 	at android.os.Binder.execTransact(Binder.java:674)
12-14 02:04:23.783 W/ActivityManager( 1628): Bad activity token: android.os.BinderProxy@cddf798
12-14 02:04:23.783 W/ActivityManager( 1628): java.lang.ClassCastException: android.os.BinderProxy cannot be cast to com.android.server.am.ActivityRecord$Token
12-14 02:04:23.783 W/ActivityManager( 1628): 	at com.android.server.am.ActivityRecord.forTokenLocked(ActivityRecord.java:778)
12-14 02:04:23.783 W/ActivityManager( 1628): 	at com.android.server.am.ActivityRecord.isInStackLocked(ActivityRecord.java:2085)
12-14 02:04:23.783 W/ActivityManager( 1628): 	at com.android.server.am.ActivityRecord.getStackLocked(ActivityRecord.java:2090)
12-14 02:04:23.783 W/ActivityManager( 1628): 	at com.android.server.am.ActivityManagerService.getActivityStackId(ActivityManagerService.java:10417)
12-14 02:04:23.783 W/ActivityManager( 1628): 	at android.app.IActivityManager$Stub.onTransact(IActivityManager.java:3548)
12-14 02:04:23.783 W/ActivityManager( 1628): 	at com.android.server.am.ActivityManagerService.onTransact(ActivityManagerService.java:2935)
12-14 02:04:23.783 W/ActivityManager( 1628): 	at android.os.Binder.execTransact(Binder.java:674)
12-14 02:04:23.804 E/ContentStoreEUAS( 2205): Failed to commit the deferred actions
12-14 02:04:23.824 V/StatusBar( 1733): setLightsOn(true)
12-14 02:04:23.825 D/EGL_emulation( 2205): eglMakeCurrent: 0x9e5fde60: ver 3 0 (tinfo 0xaa20b090)
12-14 02:04:23.827 D/EGL_emulation( 2175): eglMakeCurrent: 0x9e5fd080: ver 3 0 (tinfo 0x9e5ff600)
12-14 02:04:23.844 D/EGL_emulation( 1733): eglMakeCurrent: 0x8d04f040: ver 3 0 (tinfo 0x9c60da80)
12-14 02:04:23.863 I/chatty  ( 1733): uid=10028(u0_a28) RenderThread identical 1 line
12-14 02:04:23.867 D/EGL_emulation( 1733): eglMakeCurrent: 0x8d04f040: ver 3 0 (tinfo 0x9c60da80)
12-14 02:04:23.868 V/StatusBar( 1733): setLightsOn(true)
12-14 02:04:23.874 D/EGL_emulation( 1733): eglMakeCurrent: 0x8d04f040: ver 3 0 (tinfo 0x9c60da80)
12-14 02:04:23.920 W/ActivityManager( 1628): Bad activity token: android.os.BinderProxy@cddf798
12-14 02:04:23.920 W/ActivityManager( 1628): java.lang.ClassCastException: android.os.BinderProxy cannot be cast to com.android.server.am.ActivityRecord$Token
12-14 02:04:23.920 W/ActivityManager( 1628): 	at com.android.server.am.ActivityRecord.forTokenLocked(ActivityRecord.java:778)
12-14 02:04:23.920 W/ActivityManager( 1628): 	at com.android.server.am.ActivityRecord.isInStackLocked(ActivityRecord.java:2085)
12-14 02:04:23.920 W/ActivityManager( 1628): 	at com.android.server.am.ActivityManagerService.getActivityOptions(ActivityManagerService.java:13302)
12-14 02:04:23.920 W/ActivityManager( 1628): 	at android.app.IActivityManager$Stub.onTransact(IActivityManager.java:2910)
12-14 02:04:23.920 W/ActivityManager( 1628): 	at com.android.server.am.ActivityManagerService.onTransact(ActivityManagerService.java:2935)
12-14 02:04:23.920 W/ActivityManager( 1628): 	at android.os.Binder.execTransact(Binder.java:674)
12-14 02:04:23.921 W/ActivityManager( 1628): Bad activity token: android.os.BinderProxy@cddf798
12-14 02:04:23.921 W/ActivityManager( 1628): java.lang.ClassCastException: android.os.BinderProxy cannot be cast to com.android.server.am.ActivityRecord$Token
12-14 02:04:23.921 W/ActivityManager( 1628): 	at com.android.server.am.ActivityRecord.forTokenLocked(ActivityRecord.java:778)
12-14 02:04:23.921 W/ActivityManager( 1628): 	at com.android.server.am.ActivityRecord.isInStackLocked(ActivityRecord.java:2085)
12-14 02:04:23.921 W/ActivityManager( 1628): 	at com.android.server.am.ActivityManagerService.getActivityOptions(ActivityManagerService.java:13302)
12-14 02:04:23.921 W/ActivityManager( 1628): 	at android.app.IActivityManager$Stub.onTransact(IActivityManager.java:2910)
12-14 02:04:23.921 W/ActivityManager( 1628): 	at com.android.server.am.ActivityManagerService.onTransact(ActivityManagerService.java:2935)
12-14 02:04:23.921 W/ActivityManager( 1628): 	at android.os.Binder.execTransact(Binder.java:674)
12-14 02:04:23.998 I/chatty  ( 1733): uid=10028(u0_a28) RenderThread identical 14 lines
12-14 02:04:24.003 D/EGL_emulation( 1733): eglMakeCurrent: 0x8d04f040: ver 3 0 (tinfo 0x9c60da80)
12-14 02:04:24.003 V/StatusBar( 1733): setLightsOn(true)
12-14 02:04:24.011 D/EGL_emulation( 1733): eglMakeCurrent: 0x8d04f040: ver 3 0 (tinfo 0x9c60da80)
12-14 02:04:24.035 I/chatty  ( 1733): uid=10028(u0_a28) RenderThread identical 3 lines
12-14 02:04:24.048 D/EGL_emulation( 1733): eglMakeCurrent: 0x8d04f040: ver 3 0 (tinfo 0x9c60da80)
12-14 02:04:24.064 I/zygote  ( 4303): Do partial code cache collection, code=27KB, data=30KB
12-14 02:04:24.065 I/zygote  ( 4303): After code cache collection, code=27KB, data=30KB
12-14 02:04:24.065 I/zygote  ( 4303): Increasing code cache capacity to 128KB
12-14 02:04:24.066 I/zygote  ( 4303): Do partial code cache collection, code=27KB, data=48KB
12-14 02:04:24.066 I/zygote  ( 4303): After code cache collection, code=27KB, data=48KB
12-14 02:04:24.066 I/zygote  ( 4303): Increasing code cache capacity to 256KB
12-14 02:04:24.067 I/zygote  ( 4303): JIT allocated 71KB for compiled code of void android.widget.TextView.<init>(android.content.Context, android.util.AttributeSet, int, int)
12-14 02:04:24.067 I/zygote  ( 4303): Compiler allocated 4MB to compile void android.widget.TextView.<init>(android.content.Context, android.util.AttributeSet, int, int)
12-14 02:04:24.085 V/StatusBar( 1733): setLightsOn(true)
12-14 02:04:24.087 I/chatty  ( 1733): uid=10028(u0_a28) com.android.systemui identical 1 line
12-14 02:04:24.087 V/StatusBar( 1733): setLightsOn(true)
12-14 02:04:24.137 D/gralloc_ranchu( 1395): gralloc_alloc: Creating ashmem region of size 7753728
12-14 02:04:24.157 D/        ( 4303): HostConnection::get() New Host Connection established 0x9e2afd40, tid 4303
12-14 02:04:24.204 V/StatusBar( 1733): setLightsOn(true)
12-14 02:04:24.207 V/StatusBar( 1733): setLightsOn(true)
12-14 02:04:24.211 I/ActivityManager( 1628): Displayed com.evancharlton.mileage/.Mileage: +513ms
12-14 02:04:24.213 V/StatusBar( 1733): setLightsOn(true)
12-14 02:04:24.218 I/chatty  ( 1733): uid=10028(u0_a28) com.android.systemui identical 1 line
12-14 02:04:24.242 V/StatusBar( 1733): setLightsOn(true)
12-14 02:04:24.247 D/gralloc_ranchu( 1395): gralloc_alloc: Creating ashmem region of size 7753728
12-14 02:04:24.386 I/zygote  ( 4303): Do full code cache collection, code=125KB, data=72KB
12-14 02:04:24.387 I/zygote  ( 4303): After code cache collection, code=109KB, data=45KB
12-14 02:04:24.390 V/StatusBar( 1733): setLightsOn(true)
