12-14 03:21:48.933 D/SurfaceFlinger( 1412): duplicate layer name: changing BlackSurface to BlackSurface#2
12-14 03:21:48.936 E/OpenGLRenderer( 1627): GL error:  GL_INVALID_OPERATION
12-14 03:21:48.942 I/chatty  ( 1627): uid=1000(system) RenderThread identical 20 lines
12-14 03:21:48.942 E/OpenGLRenderer( 1627): GL error:  GL_INVALID_OPERATION
12-14 03:21:48.942 D/SurfaceFlinger( 1412): duplicate layer name: changing BlackSurface to BlackSurface#3
12-14 03:21:48.942 E/OpenGLRenderer( 1627): GL error:  GL_INVALID_OPERATION
12-14 03:21:48.971 I/chatty  ( 1627): uid=1000(system) RenderThread identical 63 lines
12-14 03:21:48.972 E/OpenGLRenderer( 1627): GL error:  GL_INVALID_OPERATION
12-14 03:21:48.972 D/gralloc_ranchu( 1397): gralloc_alloc: Creating ashmem region of size 487424
12-14 03:21:48.972 E/OpenGLRenderer( 1627): GL error:  GL_INVALID_OPERATION
12-14 03:21:48.989 I/chatty  ( 1627): uid=1000(system) RenderThread identical 20 lines
12-14 03:21:48.989 E/OpenGLRenderer( 1627): GL error:  GL_INVALID_OPERATION
12-14 03:21:48.989 D/EGL_emulation( 1725): eglMakeCurrent: 0x8d0cc040: ver 3 0 (tinfo 0x8d092b00)
12-14 03:21:48.990 E/OpenGLRenderer( 1627): GL error:  GL_INVALID_OPERATION
12-14 03:21:49.001 I/chatty  ( 1627): uid=1000(system) RenderThread identical 3 lines
12-14 03:21:49.002 E/OpenGLRenderer( 1627): GL error:  GL_INVALID_OPERATION
12-14 03:21:49.002 D/EGL_emulation( 1725): eglMakeCurrent: 0x8d0cc040: ver 3 0 (tinfo 0x8d092b00)
12-14 03:21:49.003 E/OpenGLRenderer( 1627): GL error:  GL_INVALID_OPERATION
12-14 03:21:49.003 I/chatty  ( 1627): uid=1000(system) RenderThread identical 1 line
12-14 03:21:49.003 E/OpenGLRenderer( 1627): GL error:  GL_INVALID_OPERATION
12-14 03:21:49.003 V/StatusBar( 1725): setLightsOn(true)
12-14 03:21:49.004 E/OpenGLRenderer( 1627): GL error:  GL_INVALID_OPERATION
12-14 03:21:49.380 I/chatty  ( 1627): uid=1000(system) RenderThread identical 1403 lines
12-14 03:21:49.382 E/OpenGLRenderer( 1627): GL error:  GL_INVALID_OPERATION
12-14 03:21:49.382 V/StatusBar( 1725): setLightsOn(true)
12-14 03:21:49.382 E/OpenGLRenderer( 1627): GL error:  GL_INVALID_OPERATION
12-14 03:21:49.825 I/chatty  ( 1627): uid=1000(system) RenderThread identical 2057 lines
12-14 03:21:49.827 E/OpenGLRenderer( 1627): GL error:  GL_INVALID_OPERATION
12-14 03:21:49.827 D/gralloc_ranchu( 1397): gralloc_alloc: Creating ashmem region of size 7753728
12-14 03:21:49.827 E/OpenGLRenderer( 1627): GL error:  GL_INVALID_OPERATION
12-14 03:21:50.333 I/chatty  ( 1627): uid=1000(system) RenderThread identical 2225 lines
12-14 03:21:50.334 E/OpenGLRenderer( 1627): GL error:  GL_INVALID_OPERATION
12-14 03:21:50.334 W/audio_hw_generic( 1391): Not supplying enough data to HAL, expected position 1387367 , only wrote 992160
12-14 03:21:50.334 E/OpenGLRenderer( 1627): GL error:  GL_INVALID_OPERATION
12-14 03:21:50.402 I/chatty  ( 1627): uid=1000(system) RenderThread identical 318 lines
12-14 03:21:50.402 E/OpenGLRenderer( 1627): GL error:  GL_INVALID_OPERATION
12-14 03:21:50.402 I/System.out( 4530): URI: //gesture
12-14 03:21:50.402 E/OpenGLRenderer( 1627): GL error:  GL_INVALID_OPERATION
12-14 03:21:50.402 I/System.out( 4530): params: {json={"query_timeout":5.0,"gestures":[{"query_string":"android.widget.TabWidget descendant TextView index:1","touches":[{"x":50,"y":50,"offset_x":0,"offset_y":0,"wait":0.0,"time":0.2,"release":true,"query_string":null}]}]}
12-14 03:21:50.402 I/System.out( 4530): }
12-14 03:21:50.402 E/OpenGLRenderer( 1627): GL error:  GL_INVALID_OPERATION
12-14 03:21:50.669 W/ActivityManager( 1627): Bad activity token: android.os.BinderProxy@176ee50
12-14 03:21:50.669 W/ActivityManager( 1627): java.lang.ClassCastException: android.os.BinderProxy cannot be cast to com.android.server.am.ActivityRecord$Token
12-14 03:21:50.669 W/ActivityManager( 1627): 	at com.android.server.am.ActivityRecord.forTokenLocked(ActivityRecord.java:778)
12-14 03:21:50.669 W/ActivityManager( 1627): 	at com.android.server.am.ActivityRecord.isInStackLocked(ActivityRecord.java:2085)
12-14 03:21:50.669 W/ActivityManager( 1627): 	at com.android.server.am.ActivityRecord.getStackLocked(ActivityRecord.java:2090)
12-14 03:21:50.669 W/ActivityManager( 1627): 	at com.android.server.am.ActivityManagerService.getActivityDisplayId(ActivityManagerService.java:10406)
12-14 03:21:50.669 W/ActivityManager( 1627): 	at android.app.IActivityManager$Stub.onTransact(IActivityManager.java:2738)
12-14 03:21:50.669 W/ActivityManager( 1627): 	at com.android.server.am.ActivityManagerService.onTransact(ActivityManagerService.java:2935)
12-14 03:21:50.669 W/ActivityManager( 1627): 	at android.os.Binder.execTransact(Binder.java:674)
12-14 03:21:50.673 I/chatty  ( 1627): uid=1000(system) RenderThread identical 917 lines
12-14 03:21:50.673 I/calabash( 4530): newActivity1
12-14 03:21:50.673 E/OpenGLRenderer( 1627): GL error:  GL_INVALID_OPERATION
12-14 03:21:50.673 E/OpenGLRenderer( 1627): GL error:  GL_INVALID_OPERATION
12-14 03:21:50.677 I/chatty  ( 1627): uid=1000(system) RenderThread identical 11 lines
12-14 03:21:50.677 E/OpenGLRenderer( 1627): GL error:  GL_INVALID_OPERATION
12-14 03:21:50.677 W/audio_hw_generic( 1391): Not supplying enough data to HAL, expected position 992439 , only wrote 992160
12-14 03:21:50.677 E/OpenGLRenderer( 1627): GL error:  GL_INVALID_OPERATION
12-14 03:21:50.681 W/ActivityManager( 1627): Bad activity token: android.os.BinderProxy@176ee50
12-14 03:21:50.681 W/ActivityManager( 1627): java.lang.ClassCastException: android.os.BinderProxy cannot be cast to com.android.server.am.ActivityRecord$Token
12-14 03:21:50.681 W/ActivityManager( 1627): 	at com.android.server.am.ActivityRecord.forTokenLocked(ActivityRecord.java:778)
12-14 03:21:50.681 W/ActivityManager( 1627): 	at com.android.server.am.ActivityRecord.isInStackLocked(ActivityRecord.java:2085)
12-14 03:21:50.681 W/ActivityManager( 1627): 	at com.android.server.am.ActivityManagerService.setTaskDescription(ActivityManagerService.java:9988)
12-14 03:21:50.681 W/ActivityManager( 1627): 	at android.app.IActivityManager$Stub.onTransact(IActivityManager.java:2824)
12-14 03:21:50.681 W/ActivityManager( 1627): 	at com.android.server.am.ActivityManagerService.onTransact(ActivityManagerService.java:2935)
12-14 03:21:50.681 W/ActivityManager( 1627): 	at android.os.Binder.execTransact(Binder.java:674)
12-14 03:21:50.681 W/ActivityManager( 1627): Bad activity token: android.os.BinderProxy@176ee50
12-14 03:21:50.681 W/ActivityManager( 1627): java.lang.ClassCastException: android.os.BinderProxy cannot be cast to com.android.server.am.ActivityRecord$Token
12-14 03:21:50.681 W/ActivityManager( 1627): 	at com.android.server.am.ActivityRecord.forTokenLocked(ActivityRecord.java:778)
12-14 03:21:50.681 W/ActivityManager( 1627): 	at com.android.server.am.ActivityRecord.isInStackLocked(ActivityRecord.java:2085)
12-14 03:21:50.681 W/ActivityManager( 1627): 	at com.android.server.am.ActivityRecord.getStackLocked(ActivityRecord.java:2090)
12-14 03:21:50.681 W/ActivityManager( 1627): 	at com.android.server.am.ActivityManagerService.getActivityStackId(ActivityManagerService.java:10417)
12-14 03:21:50.681 W/ActivityManager( 1627): 	at android.app.IActivityManager$Stub.onTransact(IActivityManager.java:3548)
12-14 03:21:50.681 W/ActivityManager( 1627): 	at com.android.server.am.ActivityManagerService.onTransact(ActivityManagerService.java:2935)
12-14 03:21:50.681 W/ActivityManager( 1627): 	at android.os.Binder.execTransact(Binder.java:674)
12-14 03:21:50.747 I/chatty  ( 1627): uid=1000(system) RenderThread identical 253 lines
12-14 03:21:50.747 W/ActivityManager( 1627): Bad activity token: android.os.BinderProxy@176ee50
12-14 03:21:50.747 W/ActivityManager( 1627): java.lang.ClassCastException: android.os.BinderProxy cannot be cast to com.android.server.am.ActivityRecord$Token
12-14 03:21:50.747 W/ActivityManager( 1627): 	at com.android.server.am.ActivityRecord.forTokenLocked(ActivityRecord.java:778)
12-14 03:21:50.747 W/ActivityManager( 1627): 	at com.android.server.am.ActivityRecord.isInStackLocked(ActivityRecord.java:2085)
12-14 03:21:50.747 W/ActivityManager( 1627): 	at com.android.server.am.ActivityManagerService.getActivityOptions(ActivityManagerService.java:13302)
12-14 03:21:50.747 W/ActivityManager( 1627): 	at android.app.IActivityManager$Stub.onTransact(IActivityManager.java:2910)
12-14 03:21:50.747 W/ActivityManager( 1627): 	at com.android.server.am.ActivityManagerService.onTransact(ActivityManagerService.java:2935)
12-14 03:21:50.747 W/ActivityManager( 1627): 	at android.os.Binder.execTransact(Binder.java:674)
12-14 03:21:50.747 E/OpenGLRenderer( 1627): GL error:  GL_INVALID_OPERATION
12-14 03:21:50.747 E/memtrack( 1627): Couldn't load memtrack module
12-14 03:21:50.747 W/android.os.Debug( 1627): failed to get memory consumption info: -1
12-14 03:21:50.747 W/ActivityManager( 1627): Bad activity token: android.os.BinderProxy@176ee50
12-14 03:21:50.747 W/ActivityManager( 1627): java.lang.ClassCastException: android.os.BinderProxy cannot be cast to com.android.server.am.ActivityRecord$Token
12-14 03:21:50.747 W/ActivityManager( 1627): 	at com.android.server.am.ActivityRecord.forTokenLocked(ActivityRecord.java:778)
12-14 03:21:50.747 W/ActivityManager( 1627): 	at com.android.server.am.ActivityRecord.isInStackLocked(ActivityRecord.java:2085)
12-14 03:21:50.747 W/ActivityManager( 1627): 	at com.android.server.am.ActivityManagerService.getActivityOptions(ActivityManagerService.java:13302)
12-14 03:21:50.747 W/ActivityManager( 1627): 	at android.app.IActivityManager$Stub.onTransact(IActivityManager.java:2910)
12-14 03:21:50.747 W/ActivityManager( 1627): 	at com.android.server.am.ActivityManagerService.onTransact(ActivityManagerService.java:2935)
12-14 03:21:50.747 W/ActivityManager( 1627): 	at android.os.Binder.execTransact(Binder.java:674)
12-14 03:21:50.748 E/OpenGLRenderer( 1627): GL error:  GL_INVALID_OPERATION
12-14 03:21:50.805 I/chatty  ( 1627): uid=1000(system) RenderThread identical 123 lines
12-14 03:21:50.806 E/OpenGLRenderer( 1627): GL error:  GL_INVALID_OPERATION
12-14 03:21:50.811 E/memtrack( 1627): Couldn't load memtrack module
12-14 03:21:50.811 W/android.os.Debug( 1627): failed to get memory consumption info: -1
12-14 03:21:50.817 E/OpenGLRenderer( 1627): GL error:  GL_INVALID_OPERATION
12-14 03:21:50.867 I/chatty  ( 1627): uid=1000(system) RenderThread identical 159 lines
12-14 03:21:50.868 E/OpenGLRenderer( 1627): GL error:  GL_INVALID_OPERATION
12-14 03:21:50.869 D/Mileage ( 4530): Not enough fillups to calculate economy
12-14 03:21:50.870 E/OpenGLRenderer( 1627): GL error:  GL_INVALID_OPERATION
12-14 03:21:51.077 I/chatty  ( 1627): uid=1000(system) RenderThread identical 561 lines
12-14 03:21:51.077 E/OpenGLRenderer( 1627): GL error:  GL_INVALID_OPERATION
12-14 03:21:51.077 I/zygote  ( 1627): Explicit concurrent copying GC freed 17257(1490KB) AllocSpace objects, 2(40KB) LOS objects, 38% free, 9MB/15MB, paused 5.603ms total 122.948ms
12-14 03:21:51.077 E/OpenGLRenderer( 1627): GL error:  GL_INVALID_OPERATION
12-14 03:21:51.160 I/chatty  ( 1627): uid=1000(system) RenderThread identical 293 lines
12-14 03:21:51.160 E/OpenGLRenderer( 1627): GL error:  GL_INVALID_OPERATION
12-14 03:21:51.161 E/SurfaceFlinger( 1412): ro.sf.lcd_density must be defined as a build property
12-14 03:21:51.161 E/OpenGLRenderer( 1627): GL error:  GL_INVALID_OPERATION
12-14 03:21:51.173 I/chatty  ( 1627): uid=1000(system) RenderThread identical 51 lines
12-14 03:21:51.173 E/OpenGLRenderer( 1627): GL error:  GL_INVALID_OPERATION
12-14 03:21:51.173 D/gralloc_ranchu( 1397): gralloc_alloc: Creating ashmem region of size 8298496
12-14 03:21:51.173 E/OpenGLRenderer( 1627): GL error:  GL_INVALID_OPERATION
12-14 03:21:51.181 I/chatty  ( 1627): uid=1000(system) RenderThread identical 21 lines
12-14 03:21:51.182 E/OpenGLRenderer( 1627): GL error:  GL_INVALID_OPERATION
12-14 03:21:51.182 D/        ( 4625): HostConnection::get() New Host Connection established 0xada2f800, tid 4625
12-14 03:21:51.182 E/OpenGLRenderer( 1627): GL error:  GL_INVALID_OPERATION
12-14 03:21:51.678 I/chatty  ( 1627): uid=1000(system) RenderThread identical 1178 lines
12-14 03:21:51.678 E/OpenGLRenderer( 1627): GL error:  GL_INVALID_OPERATION
12-14 03:21:51.678 I/System.out( 4530): URI: //gesture
12-14 03:21:51.678 I/System.out( 4530): params: {json={"query_timeout":5.0,"gestures":[{"query_string":"android.widget.TabWidget descendant TextView index:3","touches":[{"x":50,"y":50,"offset_x":0,"offset_y":0,"wait":0.0,"time":0.2,"release":true,"query_string":null}]}]}
12-14 03:21:51.678 E/OpenGLRenderer( 1627): GL error:  GL_INVALID_OPERATION
12-14 03:21:51.678 I/System.out( 4530): }
12-14 03:21:51.679 E/OpenGLRenderer( 1627): GL error:  GL_INVALID_OPERATION
12-14 03:21:51.769 I/chatty  ( 1627): uid=1000(system) RenderThread identical 378 lines
12-14 03:21:51.770 E/OpenGLRenderer( 1627): GL error:  GL_INVALID_OPERATION
12-14 03:21:51.770 I/Dialer  ( 2016): VvmTaskExecutor - executing task com.android.voicemail.impl.ActivationTask@dae4f9b
12-14 03:21:51.770 E/OpenGLRenderer( 1627): GL error:  GL_INVALID_OPERATION
12-14 03:21:51.770 I/Dialer  ( 2016): PreOMigrationHandler - ComponentInfo{com.android.phone/com.android.services.telephony.TelephonyConnectionService}, [****], UserHandle{0} already migrated
12-14 03:21:51.771 E/OpenGLRenderer( 1627): GL error:  GL_INVALID_OPERATION
12-14 03:21:51.828 I/chatty  ( 1627): uid=1000(system) RenderThread identical 141 lines
12-14 03:21:51.828 E/OpenGLRenderer( 1627): GL error:  GL_INVALID_OPERATION
12-14 03:21:51.828 I/Dialer  ( 2016): VvmActivationTask - VVM content provider configured - vvm_type_cvvm
12-14 03:21:51.829 E/OpenGLRenderer( 1627): GL error:  GL_INVALID_OPERATION
12-14 03:21:51.829 I/Dialer  ( 2016): OmtpVvmCarrierCfgHlpr - OmtpEvent:CONFIG_ACTIVATING
12-14 03:21:51.829 E/OpenGLRenderer( 1627): GL error:  GL_INVALID_OPERATION
12-14 03:21:51.849 I/chatty  ( 1627): uid=1000(system) RenderThread identical 70 lines
12-14 03:21:51.849 E/OpenGLRenderer( 1627): GL error:  GL_INVALID_OPERATION
12-14 03:21:51.849 I/Dialer  ( 2016): TelephonyMangerCompat.setVisualVoicemailSmsFilterSettings - using TelephonyManager
12-14 03:21:51.850 E/OpenGLRenderer( 1627): GL error:  GL_INVALID_OPERATION
12-14 03:21:51.854 I/chatty  ( 1627): uid=1000(system) RenderThread identical 18 lines
12-14 03:21:51.854 E/OpenGLRenderer( 1627): GL error:  GL_INVALID_OPERATION
12-14 03:21:51.854 I/Dialer  ( 2016): TelephonyMangerCompat.sendVisualVoicemailSms - using TelephonyManager
12-14 03:21:51.855 E/OpenGLRenderer( 1627): GL error:  GL_INVALID_OPERATION
12-14 03:21:52.094 I/chatty  ( 1627): uid=1000(system) RenderThread identical 749 lines
12-14 03:21:52.095 W/ActivityManager( 1627): Bad activity token: android.os.BinderProxy@9af3003
12-14 03:21:52.095 W/ActivityManager( 1627): java.lang.ClassCastException: android.os.BinderProxy cannot be cast to com.android.server.am.ActivityRecord$Token
12-14 03:21:52.095 W/ActivityManager( 1627): 	at com.android.server.am.ActivityRecord.forTokenLocked(ActivityRecord.java:778)
12-14 03:21:52.095 W/ActivityManager( 1627): 	at com.android.server.am.ActivityRecord.isInStackLocked(ActivityRecord.java:2085)
12-14 03:21:52.095 W/ActivityManager( 1627): 	at com.android.server.am.ActivityRecord.getStackLocked(ActivityRecord.java:2090)
12-14 03:21:52.095 W/ActivityManager( 1627): 	at com.android.server.am.ActivityManagerService.getActivityDisplayId(ActivityManagerService.java:10406)
12-14 03:21:52.095 W/ActivityManager( 1627): 	at android.app.IActivityManager$Stub.onTransact(IActivityManager.java:2738)
12-14 03:21:52.095 W/ActivityManager( 1627): 	at com.android.server.am.ActivityManagerService.onTransact(ActivityManagerService.java:2935)
12-14 03:21:52.095 W/ActivityManager( 1627): 	at android.os.Binder.execTransact(Binder.java:674)
12-14 03:21:52.096 E/OpenGLRenderer( 1627): GL error:  GL_INVALID_OPERATION
12-14 03:21:52.097 I/calabash( 4530): newActivity1
12-14 03:21:52.098 E/OpenGLRenderer( 1627): GL error:  GL_INVALID_OPERATION
12-14 03:21:52.101 W/ActivityManager( 1627): Bad activity token: android.os.BinderProxy@9af3003
12-14 03:21:52.101 W/ActivityManager( 1627): java.lang.ClassCastException: android.os.BinderProxy cannot be cast to com.android.server.am.ActivityRecord$Token
12-14 03:21:52.101 W/ActivityManager( 1627): 	at com.android.server.am.ActivityRecord.forTokenLocked(ActivityRecord.java:778)
12-14 03:21:52.101 W/ActivityManager( 1627): 	at com.android.server.am.ActivityRecord.isInStackLocked(ActivityRecord.java:2085)
12-14 03:21:52.101 W/ActivityManager( 1627): 	at com.android.server.am.ActivityManagerService.setTaskDescription(ActivityManagerService.java:9988)
12-14 03:21:52.101 W/ActivityManager( 1627): 	at android.app.IActivityManager$Stub.onTransact(IActivityManager.java:2824)
12-14 03:21:52.101 W/ActivityManager( 1627): 	at com.android.server.am.ActivityManagerService.onTransact(ActivityManagerService.java:2935)
12-14 03:21:52.101 W/ActivityManager( 1627): 	at android.os.Binder.execTransact(Binder.java:674)
12-14 03:21:52.102 W/ActivityManager( 1627): Bad activity token: android.os.BinderProxy@9af3003
12-14 03:21:52.102 W/ActivityManager( 1627): java.lang.ClassCastException: android.os.BinderProxy cannot be cast to com.android.server.am.ActivityRecord$Token
12-14 03:21:52.102 W/ActivityManager( 1627): 	at com.android.server.am.ActivityRecord.forTokenLocked(ActivityRecord.java:778)
12-14 03:21:52.102 W/ActivityManager( 1627): 	at com.android.server.am.ActivityRecord.isInStackLocked(ActivityRecord.java:2085)
12-14 03:21:52.102 W/ActivityManager( 1627): 	at com.android.server.am.ActivityRecord.getStackLocked(ActivityRecord.java:2090)
12-14 03:21:52.102 W/ActivityManager( 1627): 	at com.android.server.am.ActivityManagerService.getActivityStackId(ActivityManagerService.java:10417)
12-14 03:21:52.102 W/ActivityManager( 1627): 	at android.app.IActivityManager$Stub.onTransact(IActivityManager.java:3548)
12-14 03:21:52.102 W/ActivityManager( 1627): 	at com.android.server.am.ActivityManagerService.onTransact(ActivityManagerService.java:2935)
12-14 03:21:52.102 W/ActivityManager( 1627): 	at android.os.Binder.execTransact(Binder.java:674)
12-14 03:21:52.111 W/ActivityManager( 1627): Bad activity token: android.os.BinderProxy@9af3003
12-14 03:21:52.111 W/ActivityManager( 1627): java.lang.ClassCastException: android.os.BinderProxy cannot be cast to com.android.server.am.ActivityRecord$Token
12-14 03:21:52.111 W/ActivityManager( 1627): 	at com.android.server.am.ActivityRecord.forTokenLocked(ActivityRecord.java:778)
12-14 03:21:52.111 W/ActivityManager( 1627): 	at com.android.server.am.ActivityRecord.isInStackLocked(ActivityRecord.java:2085)
12-14 03:21:52.111 W/ActivityManager( 1627): 	at com.android.server.am.ActivityManagerService.getActivityOptions(ActivityManagerService.java:13302)
12-14 03:21:52.111 W/ActivityManager( 1627): 	at android.app.IActivityManager$Stub.onTransact(IActivityManager.java:2910)
12-14 03:21:52.111 W/ActivityManager( 1627): 	at com.android.server.am.ActivityManagerService.onTransact(ActivityManagerService.java:2935)
12-14 03:21:52.111 W/ActivityManager( 1627): 	at android.os.Binder.execTransact(Binder.java:674)
12-14 03:21:52.112 W/ActivityManager( 1627): Bad activity token: android.os.BinderProxy@9af3003
12-14 03:21:52.112 W/ActivityManager( 1627): java.lang.ClassCastException: android.os.BinderProxy cannot be cast to com.android.server.am.ActivityRecord$Token
12-14 03:21:52.112 W/ActivityManager( 1627): 	at com.android.server.am.ActivityRecord.forTokenLocked(ActivityRecord.java:778)
12-14 03:21:52.112 W/ActivityManager( 1627): 	at com.android.server.am.ActivityRecord.isInStackLocked(ActivityRecord.java:2085)
12-14 03:21:52.112 W/ActivityManager( 1627): 	at com.android.server.am.ActivityManagerService.getActivityOptions(ActivityManagerService.java:13302)
12-14 03:21:52.112 W/ActivityManager( 1627): 	at android.app.IActivityManager$Stub.onTransact(IActivityManager.java:2910)
12-14 03:21:52.112 W/ActivityManager( 1627): 	at com.android.server.am.ActivityManagerService.onTransact(ActivityManagerService.java:2935)
12-14 03:21:52.112 W/ActivityManager( 1627): 	at android.os.Binder.execTransact(Binder.java:674)
12-14 03:21:52.340 I/chatty  ( 1627): uid=1000(system) RenderThread identical 1013 lines
12-14 03:21:52.341 E/OpenGLRenderer( 1627): GL error:  GL_INVALID_OPERATION
12-14 03:21:52.341 E/SurfaceFlinger( 1412): ro.sf.lcd_density must be defined as a build property
12-14 03:21:52.341 E/OpenGLRenderer( 1627): GL error:  GL_INVALID_OPERATION
12-14 03:21:52.356 I/chatty  ( 1627): uid=1000(system) RenderThread identical 58 lines
12-14 03:21:52.357 E/OpenGLRenderer( 1627): GL error:  GL_INVALID_OPERATION
12-14 03:21:52.357 D/gralloc_ranchu( 1397): gralloc_alloc: Creating ashmem region of size 8298496
12-14 03:21:52.357 E/OpenGLRenderer( 1627): GL error:  GL_INVALID_OPERATION
12-14 03:21:52.367 I/chatty  ( 1627): uid=1000(system) RenderThread identical 25 lines
12-14 03:21:52.367 E/OpenGLRenderer( 1627): GL error:  GL_INVALID_OPERATION
12-14 03:21:52.367 D/        ( 4631): HostConnection::get() New Host Connection established 0xacaaf800, tid 4631
12-14 03:21:52.367 E/OpenGLRenderer( 1627): GL error:  GL_INVALID_OPERATION
12-14 03:21:52.429 W/RemoteFillService( 1627): Not handling { when=-2ms what=3 target=com.android.internal.os.HandlerCaller$MyHandler } as service for ComponentInfo{com.google.android.gms/com.google.android.gms.autofill.service.AutofillService} is already destroyed
12-14 03:21:53.145 I/chatty  ( 1627): uid=1000(system) RenderThread identical 1370 lines
12-14 03:21:53.145 E/OpenGLRenderer( 1627): GL error:  GL_INVALID_OPERATION
12-14 03:21:53.145 I/System.out( 4530): URI: //gesture
12-14 03:21:53.145 E/OpenGLRenderer( 1627): GL error:  GL_INVALID_OPERATION
12-14 03:21:53.147 I/System.out( 4530): params: {json={"query_timeout":5.0,"gestures":[{"query_string":"android.widget.TabWidget descendant TextView index:2","touches":[{"x":50,"y":50,"offset_x":0,"offset_y":0,"wait":0.0,"time":0.2,"release":true,"query_string":null}]}]}
12-14 03:21:53.147 I/chatty  ( 1627): uid=1000(system) RenderThread expire 5 lines
12-14 03:21:53.147 E/OpenGLRenderer( 1627): GL error:  GL_INVALID_OPERATION
12-14 03:21:53.147 I/System.out( 4530): }
12-14 03:21:53.148 E/OpenGLRenderer( 1627): GL error:  GL_INVALID_OPERATION
12-14 03:21:53.696 W/ActivityManager( 1627): Bad activity token: android.os.BinderProxy@d494c0a
12-14 03:21:53.696 W/ActivityManager( 1627): java.lang.ClassCastException: android.os.BinderProxy cannot be cast to com.android.server.am.ActivityRecord$Token
12-14 03:21:53.696 W/ActivityManager( 1627): 	at com.android.server.am.ActivityRecord.forTokenLocked(ActivityRecord.java:778)
12-14 03:21:53.696 W/ActivityManager( 1627): 	at com.android.server.am.ActivityRecord.isInStackLocked(ActivityRecord.java:2085)
12-14 03:21:53.696 W/ActivityManager( 1627): 	at com.android.server.am.ActivityRecord.getStackLocked(ActivityRecord.java:2090)
12-14 03:21:53.696 W/ActivityManager( 1627): 	at com.android.server.am.ActivityManagerService.getActivityDisplayId(ActivityManagerService.java:10406)
12-14 03:21:53.696 W/ActivityManager( 1627): 	at android.app.IActivityManager$Stub.onTransact(IActivityManager.java:2738)
12-14 03:21:53.696 W/ActivityManager( 1627): 	at com.android.server.am.ActivityManagerService.onTransact(ActivityManagerService.java:2935)
12-14 03:21:53.696 W/ActivityManager( 1627): 	at android.os.Binder.execTransact(Binder.java:674)
12-14 03:21:53.699 I/chatty  ( 1627): uid=1000(system) RenderThread identical 1475 lines
12-14 03:21:53.700 E/OpenGLRenderer( 1627): GL error:  GL_INVALID_OPERATION
12-14 03:21:53.700 I/calabash( 4530): newActivity1
12-14 03:21:53.700 E/OpenGLRenderer( 1627): GL error:  GL_INVALID_OPERATION
12-14 03:21:53.703 W/ActivityManager( 1627): Bad activity token: android.os.BinderProxy@d494c0a
12-14 03:21:53.703 W/ActivityManager( 1627): java.lang.ClassCastException: android.os.BinderProxy cannot be cast to com.android.server.am.ActivityRecord$Token
12-14 03:21:53.703 W/ActivityManager( 1627): 	at com.android.server.am.ActivityRecord.forTokenLocked(ActivityRecord.java:778)
12-14 03:21:53.703 W/ActivityManager( 1627): 	at com.android.server.am.ActivityRecord.isInStackLocked(ActivityRecord.java:2085)
12-14 03:21:53.703 W/ActivityManager( 1627): 	at com.android.server.am.ActivityManagerService.setTaskDescription(ActivityManagerService.java:9988)
12-14 03:21:53.703 W/ActivityManager( 1627): 	at android.app.IActivityManager$Stub.onTransact(IActivityManager.java:2824)
12-14 03:21:53.703 W/ActivityManager( 1627): 	at com.android.server.am.ActivityManagerService.onTransact(ActivityManagerService.java:2935)
12-14 03:21:53.703 W/ActivityManager( 1627): 	at android.os.Binder.execTransact(Binder.java:674)
12-14 03:21:53.705 W/ActivityManager( 1627): Bad activity token: android.os.BinderProxy@d494c0a
12-14 03:21:53.705 W/ActivityManager( 1627): java.lang.ClassCastException: android.os.BinderProxy cannot be cast to com.android.server.am.ActivityRecord$Token
12-14 03:21:53.705 W/ActivityManager( 1627): 	at com.android.server.am.ActivityRecord.forTokenLocked(ActivityRecord.java:778)
12-14 03:21:53.705 W/ActivityManager( 1627): 	at com.android.server.am.ActivityRecord.isInStackLocked(ActivityRecord.java:2085)
12-14 03:21:53.705 W/ActivityManager( 1627): 	at com.android.server.am.ActivityRecord.getStackLocked(ActivityRecord.java:2090)
12-14 03:21:53.705 W/ActivityManager( 1627): 	at com.android.server.am.ActivityManagerService.getActivityStackId(ActivityManagerService.java:10417)
12-14 03:21:53.705 W/ActivityManager( 1627): 	at android.app.IActivityManager$Stub.onTransact(IActivityManager.java:3548)
12-14 03:21:53.705 W/ActivityManager( 1627): 	at com.android.server.am.ActivityManagerService.onTransact(ActivityManagerService.java:2935)
12-14 03:21:53.705 W/ActivityManager( 1627): 	at android.os.Binder.execTransact(Binder.java:674)
12-14 03:21:53.725 I/chatty  ( 1627): uid=1000(system) RenderThread identical 96 lines
12-14 03:21:53.725 E/OpenGLRenderer( 1627): GL error:  GL_INVALID_OPERATION
12-14 03:21:53.725 D/VehicleStatisticsActivity( 4530): Checking recalculation ...
12-14 03:21:53.725 E/OpenGLRenderer( 1627): GL error:  GL_INVALID_OPERATION
12-14 03:21:53.726 I/chatty  ( 1627): uid=1000(system) RenderThread identical 7 lines
12-14 03:21:53.726 E/OpenGLRenderer( 1627): GL error:  GL_INVALID_OPERATION
12-14 03:21:53.727 D/VehicleStatisticsActivity( 4530): Recalculation not necessary.
12-14 03:21:53.727 E/OpenGLRenderer( 1627): GL error:  GL_INVALID_OPERATION
12-14 03:21:53.731 W/ActivityManager( 1627): Bad activity token: android.os.BinderProxy@d494c0a
12-14 03:21:53.731 W/ActivityManager( 1627): java.lang.ClassCastException: android.os.BinderProxy cannot be cast to com.android.server.am.ActivityRecord$Token
12-14 03:21:53.731 W/ActivityManager( 1627): 	at com.android.server.am.ActivityRecord.forTokenLocked(ActivityRecord.java:778)
12-14 03:21:53.731 W/ActivityManager( 1627): 	at com.android.server.am.ActivityRecord.isInStackLocked(ActivityRecord.java:2085)
12-14 03:21:53.731 W/ActivityManager( 1627): 	at com.android.server.am.ActivityManagerService.getActivityOptions(ActivityManagerService.java:13302)
12-14 03:21:53.731 W/ActivityManager( 1627): 	at android.app.IActivityManager$Stub.onTransact(IActivityManager.java:2910)
12-14 03:21:53.731 W/ActivityManager( 1627): 	at com.android.server.am.ActivityManagerService.onTransact(ActivityManagerService.java:2935)
12-14 03:21:53.731 W/ActivityManager( 1627): 	at android.os.Binder.execTransact(Binder.java:674)
12-14 03:21:53.733 W/ActivityManager( 1627): Bad activity token: android.os.BinderProxy@d494c0a
12-14 03:21:53.733 W/ActivityManager( 1627): java.lang.ClassCastException: android.os.BinderProxy cannot be cast to com.android.server.am.ActivityRecord$Token
12-14 03:21:53.733 W/ActivityManager( 1627): 	at com.android.server.am.ActivityRecord.forTokenLocked(ActivityRecord.java:778)
12-14 03:21:53.733 W/ActivityManager( 1627): 	at com.android.server.am.ActivityRecord.isInStackLocked(ActivityRecord.java:2085)
12-14 03:21:53.733 W/ActivityManager( 1627): 	at com.android.server.am.ActivityManagerService.getActivityOptions(ActivityManagerService.java:13302)
12-14 03:21:53.733 W/ActivityManager( 1627): 	at android.app.IActivityManager$Stub.onTransact(IActivityManager.java:2910)
12-14 03:21:53.733 W/ActivityManager( 1627): 	at com.android.server.am.ActivityManagerService.onTransact(ActivityManagerService.java:2935)
12-14 03:21:53.733 W/ActivityManager( 1627): 	at android.os.Binder.execTransact(Binder.java:674)
12-14 03:21:53.737 I/chatty  ( 1627): uid=1000(system) RenderThread identical 35 lines
12-14 03:21:53.737 E/OpenGLRenderer( 1627): GL error:  GL_INVALID_OPERATION
12-14 03:21:53.737 D/VehicleStatisticsActivity( 4530): Checking recalculation ...
12-14 03:21:53.737 E/OpenGLRenderer( 1627): GL error:  GL_INVALID_OPERATION
12-14 03:21:53.738 I/chatty  ( 1627): uid=1000(system) RenderThread identical 6 lines
12-14 03:21:53.739 E/OpenGLRenderer( 1627): GL error:  GL_INVALID_OPERATION
12-14 03:21:53.739 D/VehicleStatisticsActivity( 4530): Recalculation not necessary.
12-14 03:21:53.739 E/OpenGLRenderer( 1627): GL error:  GL_INVALID_OPERATION
12-14 03:21:53.950 I/chatty  ( 1627): uid=1000(system) RenderThread identical 576 lines
12-14 03:21:53.950 E/OpenGLRenderer( 1627): GL error:  GL_INVALID_OPERATION
12-14 03:21:53.950 I/zygote  ( 4530): Do full code cache collection, code=445KB, data=312KB
12-14 03:21:53.951 E/OpenGLRenderer( 1627): GL error:  GL_INVALID_OPERATION
12-14 03:21:53.951 I/chatty  ( 1627): uid=1000(system) RenderThread identical 1 line
12-14 03:21:53.951 E/OpenGLRenderer( 1627): GL error:  GL_INVALID_OPERATION
12-14 03:21:53.951 I/zygote  ( 4530): After code cache collection, code=428KB, data=256KB
12-14 03:21:53.951 E/OpenGLRenderer( 1627): GL error:  GL_INVALID_OPERATION
12-14 03:21:54.116 I/chatty  ( 1627): uid=1000(system) RenderThread identical 427 lines
12-14 03:21:54.116 E/OpenGLRenderer( 1627): GL error:  GL_INVALID_OPERATION
12-14 03:21:54.117 E/SurfaceFlinger( 1412): ro.sf.lcd_density must be defined as a build property
12-14 03:21:54.117 E/OpenGLRenderer( 1627): GL error:  GL_INVALID_OPERATION
12-14 03:21:54.128 I/chatty  ( 1627): uid=1000(system) RenderThread identical 46 lines
12-14 03:21:54.129 E/OpenGLRenderer( 1627): GL error:  GL_INVALID_OPERATION
12-14 03:21:54.129 D/gralloc_ranchu( 1397): gralloc_alloc: Creating ashmem region of size 8298496
12-14 03:21:54.129 E/OpenGLRenderer( 1627): GL error:  GL_INVALID_OPERATION
12-14 03:21:54.178 I/chatty  ( 1627): uid=1000(system) RenderThread identical 75 lines
12-14 03:21:54.179 E/OpenGLRenderer( 1627): GL error:  GL_INVALID_OPERATION
12-14 03:21:54.180 D/        ( 4637): HostConnection::get() New Host Connection established 0xb632f800, tid 4637
12-14 03:21:54.181 E/OpenGLRenderer( 1627): GL error:  GL_INVALID_OPERATION
12-14 03:21:54.684 I/chatty  ( 1627): uid=1000(system) RenderThread identical 1209 lines
12-14 03:21:54.684 E/OpenGLRenderer( 1627): GL error:  GL_INVALID_OPERATION
12-14 03:21:54.684 I/System.out( 4530): URI: //gesture
12-14 03:21:54.684 I/System.out( 4530): params: {json={"query_timeout":5.0,"gestures":[{"query_string":"android.widget.TabWidget descendant TextView index:0","touches":[{"x":50,"y":50,"offset_x":0,"offset_y":0,"wait":0.0,"time":0.2,"release":true,"query_string":null}]}]}
12-14 03:21:54.684 I/System.out( 4530): }
12-14 03:21:54.684 E/OpenGLRenderer( 1627): GL error:  GL_INVALID_OPERATION
12-14 03:21:55.034 I/chatty  ( 1627): uid=1000(system) RenderThread identical 1257 lines
12-14 03:21:55.034 W/View    ( 4530): dispatchProvideAutofillStructure(): not laid out, ignoring
12-14 03:21:55.034 E/OpenGLRenderer( 1627): GL error:  GL_INVALID_OPERATION
12-14 03:21:55.034 E/OpenGLRenderer( 1627): GL error:  GL_INVALID_OPERATION
12-14 03:21:55.034 I/chatty  ( 1627): uid=1000(system) RenderThread identical 2 lines
12-14 03:21:55.036 E/OpenGLRenderer( 1627): GL error:  GL_INVALID_OPERATION
12-14 03:21:55.036 W/View    ( 4530): dispatchProvideAutofillStructure(): not laid out, ignoring
12-14 03:21:55.036 E/OpenGLRenderer( 1627): GL error:  GL_INVALID_OPERATION
12-14 03:21:55.036 W/View    ( 4530): dispatchProvideAutofillStructure(): not laid out, ignoring
12-14 03:21:55.036 E/OpenGLRenderer( 1627): GL error:  GL_INVALID_OPERATION
12-14 03:21:55.038 I/chatty  ( 1627): uid=1000(system) RenderThread identical 9 lines
12-14 03:21:55.038 E/OpenGLRenderer( 1627): GL error:  GL_INVALID_OPERATION
12-14 03:21:55.038 W/View    ( 4530): dispatchProvideAutofillStructure(): not laid out, ignoring
12-14 03:21:55.038 E/OpenGLRenderer( 1627): GL error:  GL_INVALID_OPERATION
12-14 03:21:55.038 W/View    ( 4530): dispatchProvideAutofillStructure(): not laid out, ignoring
12-14 03:21:55.038 E/OpenGLRenderer( 1627): GL error:  GL_INVALID_OPERATION
12-14 03:21:55.041 I/chatty  ( 1627): uid=1000(system) RenderThread identical 19 lines
12-14 03:21:55.041 E/OpenGLRenderer( 1627): GL error:  GL_INVALID_OPERATION
12-14 03:21:55.043 W/Binder  ( 1627): Outgoing transactions from this process must be FLAG_ONEWAY
12-14 03:21:55.043 W/Binder  ( 1627): java.lang.Throwable
12-14 03:21:55.043 W/Binder  ( 1627): 	at android.os.BinderProxy.transact(Binder.java:736)
12-14 03:21:55.043 W/Binder  ( 1627): 	at android.app.assist.AssistStructure$ParcelTransferReader.fetchData(AssistStructure.java:407)
12-14 03:21:55.043 W/Binder  ( 1627): 	at android.app.assist.AssistStructure$ParcelTransferReader.go(AssistStructure.java:343)
12-14 03:21:55.043 W/Binder  ( 1627): 	at android.app.assist.AssistStructure.ensureData(AssistStructure.java:2096)
12-14 03:21:55.043 W/Binder  ( 1627): 	at com.android.server.autofill.Session$1.send(Session.java:200)
12-14 03:21:55.043 W/Binder  ( 1627): 	at com.android.server.am.ActivityManagerService.reportAssistContextExtras(ActivityManagerService.java:13137)
12-14 03:21:55.043 W/Binder  ( 1627): 	at android.app.IActivityManager$Stub.onTransact(IActivityManager.java:2466)
12-14 03:21:55.043 W/Binder  ( 1627): 	at com.android.server.am.ActivityManagerService.onTransact(ActivityManagerService.java:2935)
12-14 03:21:55.043 W/Binder  ( 1627): 	at android.os.Binder.execTransact(Binder.java:674)
12-14 03:21:55.043 E/OpenGLRenderer( 1627): GL error:  GL_INVALID_OPERATION
12-14 03:21:55.053 I/chatty  ( 1627): uid=1000(system) RenderThread identical 30 lines
12-14 03:21:55.053 E/OpenGLRenderer( 1627): GL error:  GL_INVALID_OPERATION
12-14 03:21:55.053 I/AssistStructure( 4530): Flattened final assist data: 10960 bytes, containing 1 windows, 49 views
12-14 03:21:55.054 E/OpenGLRenderer( 1627): GL error:  GL_INVALID_OPERATION
12-14 03:21:55.067 I/chatty  ( 1627): uid=1000(system) RenderThread identical 39 lines
12-14 03:21:55.068 E/OpenGLRenderer( 1627): GL error:  GL_INVALID_OPERATION
12-14 03:21:55.068 I/AssistStructure( 1627): Flattened final assist data: 9988 bytes, containing 1 windows, 49 views
12-14 03:21:55.068 E/OpenGLRenderer( 1627): GL error:  GL_INVALID_OPERATION
12-14 03:21:55.069 I/chatty  ( 1627): uid=1000(system) RenderThread identical 9 lines
12-14 03:21:55.069 E/OpenGLRenderer( 1627): GL error:  GL_INVALID_OPERATION
12-14 03:21:55.069 W/lgq     ( 1939): Pending fill request while another request in the same session was triggered. [CONTEXT service_id=177 ]
12-14 03:21:55.069 E/OpenGLRenderer( 1627): GL error:  GL_INVALID_OPERATION
12-14 03:21:55.253 I/chatty  ( 1627): uid=1000(system) RenderThread identical 738 lines
12-14 03:21:55.253 E/OpenGLRenderer( 1627): GL error:  GL_INVALID_OPERATION
12-14 03:21:55.253 E/SurfaceFlinger( 1412): ro.sf.lcd_density must be defined as a build property
12-14 03:21:55.253 E/OpenGLRenderer( 1627): GL error:  GL_INVALID_OPERATION
12-14 03:21:55.266 I/chatty  ( 1627): uid=1000(system) RenderThread identical 64 lines
12-14 03:21:55.266 E/OpenGLRenderer( 1627): GL error:  GL_INVALID_OPERATION
12-14 03:21:55.266 D/gralloc_ranchu( 1397): gralloc_alloc: Creating ashmem region of size 8298496
12-14 03:21:55.267 E/OpenGLRenderer( 1627): GL error:  GL_INVALID_OPERATION
12-14 03:21:55.276 I/chatty  ( 1627): uid=1000(system) RenderThread identical 38 lines
12-14 03:21:55.276 D/        ( 4643): HostConnection::get() New Host Connection established 0xa7d2f800, tid 4643
12-14 03:21:55.276 E/OpenGLRenderer( 1627): GL error:  GL_INVALID_OPERATION
12-14 03:21:55.276 E/OpenGLRenderer( 1627): GL error:  GL_INVALID_OPERATION
12-14 03:21:55.604 I/chatty  ( 1627): uid=1000(system) RenderThread identical 694 lines
12-14 03:21:55.604 E/OpenGLRenderer( 1627): GL error:  GL_INVALID_OPERATION
12-14 03:21:55.607 W/audio_hw_generic( 1391): Not supplying enough data to HAL, expected position 1228769 , only wrote 1228320
12-14 03:21:55.609 W/audio_hw_generic( 1391): Not supplying enough data to HAL, expected position 1228417 , only wrote 1228320
12-14 03:21:55.609 E/OpenGLRenderer( 1627): GL error:  GL_INVALID_OPERATION
