--------- beginning of main
12-14 01:34:42.017 I/zygote  ( 4230): Do full code cache collection, code=125KB, data=73KB
12-14 01:34:42.017 D/gralloc_ranchu( 1396): gralloc_alloc: Creating ashmem region of size 8298496
12-14 01:34:42.017 I/zygote  ( 4230): After code cache collection, code=110KB, data=46KB
12-14 01:34:42.051 D/SurfaceFlinger( 1411): duplicate layer name: changing com.google.android.apps.nexuslauncher/com.google.android.apps.nexuslauncher.NexusLauncherActivity to com.google.android.apps.nexuslauncher/com.google.android.apps.nexuslauncher.NexusLauncherActivity#1
12-14 01:34:42.053 D/gralloc_ranchu( 1396): gralloc_alloc: Creating ashmem region of size 8298496
12-14 01:34:42.077 D/EGL_emulation( 1726): eglMakeCurrent: 0x89820e00: ver 3 0 (tinfo 0x98e439b0)
12-14 01:34:42.078 D/gralloc_ranchu( 1396): gralloc_alloc: Creating ashmem region of size 8298496
12-14 01:34:42.097 D/gralloc_ranchu( 1396): gralloc_alloc: Creating ashmem region of size 8298496
12-14 01:34:42.133 D/EGL_emulation( 2172): eglMakeCurrent: 0x9adfe160: ver 3 0 (tinfo 0x9adff930)
12-14 01:34:42.133 D/gralloc_ranchu( 1396): gralloc_alloc: Creating ashmem region of size 8298496
--------- beginning of system
12-14 01:34:42.152 E/TaskPersister( 1629): File error accessing recents directory (directory doesn't exist?).
12-14 01:34:42.201 D/EGL_emulation( 2144): eglMakeCurrent: 0x9adfce40: ver 3 0 (tinfo 0x9adff980)
12-14 01:34:42.208 I/zygote  ( 2172): Deoptimizing void com.google.android.apps.gsa.search.core.service.worker.a.a.a(com.google.android.apps.gsa.search.core.state.qc) due to JIT inline cache
12-14 01:34:42.232 D/gralloc_ranchu( 1396): gralloc_alloc: Creating ashmem region of size 7753728
12-14 01:34:42.243 W/ActivityManager( 1629): Unable to start service Intent { act=com.google.android.gms.speech.service.START pkg=com.google.android.gms } U=0: not found
12-14 01:34:42.244 W/SessionLifecycleManager( 2172): Handover failed. Creating new session controller.
12-14 01:34:42.247 W/ActivityManager( 1629): Unbind failed: could not find connection for android.os.BinderProxy@11b3461
12-14 01:34:42.250 I/OptInState( 2172): There is a new client and it does not support opt-in. Dropping request.
12-14 01:34:42.261 E/GmsClient( 2172): unable to connect to service: com.google.android.gms.speech.service.START on com.google.android.gms
12-14 01:34:42.274 D/EGL_emulation( 1726): eglMakeCurrent: 0x89820e00: ver 3 0 (tinfo 0x98e439b0)
12-14 01:34:42.306 D/EGL_emulation( 1726): eglMakeCurrent: 0x89820e00: ver 3 0 (tinfo 0x98e439b0)
12-14 01:34:42.326 I/MicroDetectionWorker( 2172): #updateMicroDetector [detectionMode: [mDetectionMode: [1]]]
12-14 01:34:42.326 I/MicroDetectionWorker( 2172): #startMicroDetector [speakerMode: 0]
12-14 01:34:42.327 I/AudioController( 2172): Using mInputStreamFactoryBuilder
12-14 01:34:42.339 D/EGL_emulation( 1726): eglMakeCurrent: 0x89820e00: ver 3 0 (tinfo 0x98e439b0)
12-14 01:34:42.351 I/MicroDetectionWorker( 2172): onReady
12-14 01:34:42.355 D/EGL_emulation( 1726): eglMakeCurrent: 0x89820e00: ver 3 0 (tinfo 0x98e439b0)
12-14 01:34:42.357 I/MicroRecognitionRunner( 2172): Starting detection.
12-14 01:34:42.371 D/EGL_emulation( 1726): eglMakeCurrent: 0x89820e00: ver 3 0 (tinfo 0x98e439b0)
12-14 01:34:42.377 I/chatty  ( 1726): uid=10028(u0_a28) RenderThread identical 1 line
12-14 01:34:42.386 D/EGL_emulation( 1726): eglMakeCurrent: 0x89820e00: ver 3 0 (tinfo 0x98e439b0)
12-14 01:34:42.393 I/MicrophoneInputStream( 2172): mic_starting com.google.android.apps.gsa.staticplugins.aa.c@be6074f
12-14 01:34:42.405 D/EGL_emulation( 1726): eglMakeCurrent: 0x89820e00: ver 3 0 (tinfo 0x98e439b0)
12-14 01:34:42.406 I/MicrophoneInputStream( 2172): mic_started com.google.android.apps.gsa.staticplugins.aa.c@be6074f
12-14 01:34:42.407 E/ActivityThread( 2172): Failed to find provider info for com.google.android.apps.gsa.testing.ui.audio.recorded
12-14 01:34:42.409 I/MicroDetectionWorker( 2172): onReady
12-14 01:34:42.413 D/EGL_emulation( 1726): eglMakeCurrent: 0x89820e00: ver 3 0 (tinfo 0x98e439b0)
12-14 01:34:42.418 I/AudioFlinger( 1476): AudioFlinger's thread 0xb2683200 tid=4285 ready to run
12-14 01:34:42.422 D/EGL_emulation( 1726): eglMakeCurrent: 0x89820e00: ver 3 0 (tinfo 0x98e439b0)
12-14 01:34:42.436 I/MicrophoneInputStream( 2172): mic_close com.google.android.apps.gsa.staticplugins.aa.c@be6074f
12-14 01:34:42.437 D/EGL_emulation( 1726): eglMakeCurrent: 0x89820e00: ver 3 0 (tinfo 0x98e439b0)
12-14 01:34:42.439 I/MicroRecognitionRunner( 2172): Detection finished
12-14 01:34:42.442 D/EGL_emulation( 1726): eglMakeCurrent: 0x89820e00: ver 3 0 (tinfo 0x98e439b0)
12-14 01:34:42.452 D/EGL_emulation( 1726): eglMakeCurrent: 0x89820e00: ver 3 0 (tinfo 0x98e439b0)
12-14 01:34:42.452 W/ErrorReporter( 2172): reportError [type: 211, code: 524300]: Error reading from input stream
12-14 01:34:42.468 I/MicroRecognitionRunner( 2172): Stopping hotword detection.
12-14 01:34:42.469 D/EGL_emulation( 1726): eglMakeCurrent: 0x89820e00: ver 3 0 (tinfo 0x98e439b0)
12-14 01:34:42.469 W/ErrorProcessor( 2172): onFatalError, processing error from engine(4)
12-14 01:34:42.469 W/ErrorProcessor( 2172): com.google.android.apps.gsa.shared.speech.b.g: Error reading from input stream
12-14 01:34:42.469 W/ErrorProcessor( 2172): 	at com.google.android.apps.gsa.staticplugins.recognizer.j.a.a(SourceFile:28)
12-14 01:34:42.469 W/ErrorProcessor( 2172): 	at com.google.android.apps.gsa.staticplugins.recognizer.j.b.run(SourceFile:15)
12-14 01:34:42.469 W/ErrorProcessor( 2172): 	at java.util.concurrent.Executors$RunnableAdapter.call(Executors.java:457)
12-14 01:34:42.469 W/ErrorProcessor( 2172): 	at java.util.concurrent.FutureTask.run(FutureTask.java:266)
12-14 01:34:42.469 W/ErrorProcessor( 2172): 	at com.google.android.apps.gsa.shared.util.concurrent.a.ax.run(SourceFile:14)
12-14 01:34:42.469 W/ErrorProcessor( 2172): 	at com.google.android.apps.gsa.shared.util.concurrent.a.bl.run(SourceFile:4)
12-14 01:34:42.469 W/ErrorProcessor( 2172): 	at com.google.android.apps.gsa.shared.util.concurrent.a.bl.run(SourceFile:4)
12-14 01:34:42.469 W/ErrorProcessor( 2172): 	at java.util.concurrent.ThreadPoolExecutor.runWorker(ThreadPoolExecutor.java:1162)
12-14 01:34:42.469 W/ErrorProcessor( 2172): 	at java.util.concurrent.ThreadPoolExecutor$Worker.run(ThreadPoolExecutor.java:636)
12-14 01:34:42.469 W/ErrorProcessor( 2172): 	at java.lang.Thread.run(Thread.java:764)
12-14 01:34:42.469 W/ErrorProcessor( 2172): 	at com.google.android.apps.gsa.shared.util.concurrent.a.ai.run(SourceFile:6)
12-14 01:34:42.469 W/ErrorProcessor( 2172): Caused by: com.google.android.apps.gsa.shared.exception.GsaIOException: Error code: 393238 | Buffer overflow, no available space.
12-14 01:34:42.469 W/ErrorProcessor( 2172): 	at com.google.android.apps.gsa.speech.audio.Tee.f(SourceFile:103)
12-14 01:34:42.469 W/ErrorProcessor( 2172): 	at com.google.android.apps.gsa.speech.audio.au.read(SourceFile:2)
12-14 01:34:42.469 W/ErrorProcessor( 2172): 	at java.io.InputStream.read(InputStream.java:101)
12-14 01:34:42.469 W/ErrorProcessor( 2172): 	at com.google.android.apps.gsa.speech.audio.ao.run(SourceFile:18)
12-14 01:34:42.469 W/ErrorProcessor( 2172): 	at com.google.android.apps.gsa.speech.audio.an.run(SourceFile:2)
12-14 01:34:42.469 W/ErrorProcessor( 2172): 	... 9 more
12-14 01:34:42.471 I/AudioController( 2172): internalShutdown
12-14 01:34:42.473 D/EGL_emulation( 1726): eglMakeCurrent: 0x89820e00: ver 3 0 (tinfo 0x98e439b0)
12-14 01:34:42.487 D/EGL_emulation( 1726): eglMakeCurrent: 0x89820e00: ver 3 0 (tinfo 0x98e439b0)
12-14 01:34:42.494 I/DeviceStateChecker( 2172): DeviceStateChecker cancelled
12-14 01:34:42.495 I/MicroDetector( 2172): Keeping mic open: false
12-14 01:34:42.495 I/MicroDetectionWorker( 2172): #onError(false)
12-14 01:34:42.508 I/zygote  ( 1726): NativeAllocBackground concurrent copying GC freed 1639(159KB) AllocSpace objects, 0(0B) LOS objects, 49% free, 4MB/8MB, paused 20.309ms total 192.105ms
12-14 01:34:42.515 I/zygote  ( 2172): Background concurrent copying GC freed 23896(1281KB) AllocSpace objects, 11(3MB) LOS objects, 50% free, 4MB/8MB, paused 1.287ms total 137.815ms
12-14 01:34:42.520 D/EGL_emulation( 1726): eglMakeCurrent: 0x89820e00: ver 3 0 (tinfo 0x98e439b0)
12-14 01:34:42.674 W/OpenGLRenderer( 2144): Incorrectly called buildLayer on View: ShortcutAndWidgetContainer, destroying layer...
12-14 01:34:42.811 D/AndroidRuntime( 4280): >>>>>> START com.android.internal.os.RuntimeInit uid 2000 <<<<<<
12-14 01:34:42.815 I/OpenGLRenderer( 1629): Initialized EGL, version 1.4
12-14 01:34:42.815 D/OpenGLRenderer( 1629): Swap behavior 1
12-14 01:34:42.816 W/OpenGLRenderer( 1629): Failed to choose config with EGL_SWAP_BEHAVIOR_PRESERVED, retrying without...
12-14 01:34:42.816 D/OpenGLRenderer( 1629): Swap behavior 0
12-14 01:34:42.823 D/EGL_emulation( 1629): eglCreateContext: 0x8b534e40: maj 3 min 0 rcv 3
12-14 01:34:42.826 D/EGL_emulation( 1629): eglMakeCurrent: 0x8b534e40: ver 3 0 (tinfo 0x82d90270)
12-14 01:34:42.828 E/eglCodecCommon( 1629): glUtilsParamSize: unknow param 0x00008cdf
12-14 01:34:42.829 E/eglCodecCommon( 1629): glUtilsParamSize: unknow param 0x00008cdf
12-14 01:34:42.829 E/eglCodecCommon( 1629): glUtilsParamSize: unknow param 0x00008824
12-14 01:34:42.830 E/eglCodecCommon( 1629): glUtilsParamSize: unknow param 0x00008824
12-14 01:34:42.878 W/app_process( 4280): Unexpected CPU variant for X86 using defaults: x86
12-14 01:34:42.922 D/AndroidRuntime( 4280): Calling main entry com.android.commands.am.Am
12-14 01:34:42.940 I/ActivityManager( 1629): Force stopping com.evancharlton.mileage appid=10294 user=0: start instr
12-14 01:34:42.940 I/ActivityManager( 1629): Killing 4230:com.evancharlton.mileage/u0a294 (adj 0): stop com.evancharlton.mileage
12-14 01:34:42.946 W/ActivityManager( 1629): Crash of app com.evancharlton.mileage running instrumentation ComponentInfo{com.evancharlton.mileage.test/sh.calaba.instrumentationbackend.CalabashInstrumentationTestRunner}
12-14 01:34:42.946 I/ActivityManager( 1629): Force stopping com.evancharlton.mileage appid=10294 user=0: finished inst
12-14 01:34:42.965 I/ActivityManager( 1629): Start proc 4294:com.evancharlton.mileage/u0a294 for added application com.evancharlton.mileage
12-14 01:34:42.967 D/AndroidRuntime( 4280): Shutting down VM
12-14 01:34:42.969 I/zygote  ( 4294): Not late-enabling -Xcheck:jni (already on)
12-14 01:34:42.983 W/zygote  ( 4294): Unexpected CPU variant for X86 using defaults: x86
12-14 01:34:42.986 W/ActivityManager( 1629): setHasOverlayUi called on unknown pid: 4230
12-14 01:34:42.998 I/zygote  ( 1629): NativeAllocBackground concurrent copying GC freed 56(37KB) AllocSpace objects, 0(0B) LOS objects, 37% free, 10MB/16MB, paused 614us total 101.155ms
12-14 01:34:43.017 I/ActivityManager( 1629): Killing 3478:com.google.android.apps.docs/u0a52 (adj 906): empty #17
12-14 01:34:43.021 E/adbd    ( 1367): failed to connect to socket 'tcp:7102': Connection refused
12-14 01:34:43.026 E/adbd    ( 1367): failed to connect to socket 'tcp:7102': Connection refused
12-14 01:34:43.035 W/zygote  ( 4294): Found duplicate classes, falling back to extracting from APK : /data/app/com.evancharlton.mileage.test-e3Q2d-T6eRQlDwBA1kEG4A==/base.apk
12-14 01:34:43.035 W/zygote  ( 4294): NOTE: This wastes RAM and hurts startup performance.
12-14 01:34:43.035 W/zygote  ( 4294): Found duplicated class when checking oat files: 'Ljunit/runner/BaseTestRunner;' in /data/app/com.evancharlton.mileage.test-e3Q2d-T6eRQlDwBA1kEG4A==/base.apk and /system/framework/android.test.runner.jar
12-14 01:34:43.035 W/zygote  ( 4294): 
12-14 01:34:43.055 D/BoundBrokerSvc( 1940): onUnbind: Intent { act=com.google.android.gms.clearcut.service.START pkg=com.google.android.gms }
12-14 01:34:43.083 W/System  ( 4294): ClassLoader referenced unknown path: 
12-14 01:34:43.107 I/System.out( 4294): Main activity name automatically set to: com.evancharlton.mileage.Mileage
12-14 01:34:43.108 I/System.out( 4294): Calabash did not load Mono. This is only a problem if you are trying to test a Mono application
12-14 01:34:43.108 I/calabash( 4294): Test server port: 7102
12-14 01:34:43.110 I/InstrumentationBackend( 4294): Added:'GetPreferences', with key:'get_preferences'
12-14 01:34:43.141 E/adbd    ( 1367): failed to connect to socket 'tcp:7102': Connection refused
12-14 01:34:43.144 E/adbd    ( 1367): failed to connect to socket 'tcp:7102': Connection refused
12-14 01:34:43.194 I/InstrumentationBackend( 4294): Added:'SetPreferences', with key:'set_preferences'
12-14 01:34:43.195 I/InstrumentationBackend( 4294): Added:'ClearPreferences', with key:'clear_preferences'
12-14 01:34:43.196 I/InstrumentationBackend( 4294): Added:'PressElement', with key:'press_l10n_element'
12-14 01:34:43.197 I/InstrumentationBackend( 4294): Added:'WaitForElement', with key:'wait_for_l10n_element'
12-14 01:34:43.197 I/InstrumentationBackend( 4294): Added:'NullAction', with key:'nullAction'
12-14 01:34:43.198 I/InstrumentationBackend( 4294): Added:'PressKey', with key:'press_key'
12-14 01:34:43.198 I/InstrumentationBackend( 4294): Added:'SetActivityOrientation', with key:'set_activity_orientation'
12-14 01:34:43.199 I/InstrumentationBackend( 4294): Added:'GetActivityOrientation', with key:'get_activity_orientation'
12-14 01:34:43.199 I/InstrumentationBackend( 4294): Added:'FakeGPSLocation', with key:'set_gps_coordinates'
12-14 01:34:43.200 I/InstrumentationBackend( 4294): Added:'SetPropertyByCssSelector', with key:'set_property_by_css_selector'
12-14 01:34:43.201 I/InstrumentationBackend( 4294): Added:'GetUrl', with key:'get_url'
12-14 01:34:43.204 I/InstrumentationBackend( 4294): Added:'ScrollTo', with key:'scroll_to'
12-14 01:34:43.204 I/InstrumentationBackend( 4294): Added:'GetLoadProgress', with key:'get_load_progress'
12-14 01:34:43.205 I/InstrumentationBackend( 4294): Added:'DumpHtml', with key:'dump_html'
12-14 01:34:43.205 I/InstrumentationBackend( 4294): Added:'DumpBodyHtml', with key:'dump_body_html'
12-14 01:34:43.205 I/InstrumentationBackend( 4294): Added:'EnterTextByCssSelector', with key:'enter_text_by_selector'
12-14 01:34:43.210 I/InstrumentationBackend( 4294): Added:'AndroidSDKVersion', with key:'android_sdk_version'
12-14 01:34:43.210 I/InstrumentationBackend( 4294): Added:'Version', with key:'version'
12-14 01:34:43.210 I/InstrumentationBackend( 4294): Added:'Drag', with key:'drag'
12-14 01:34:43.211 I/InstrumentationBackend( 4294): Added:'TouchCoordinates', with key:'touch_coordinate'
12-14 01:34:43.211 I/InstrumentationBackend( 4294): Added:'LongPressCoordinate', with key:'long_press_coordinate'
12-14 01:34:43.212 I/InstrumentationBackend( 4294): Added:'DragCoordinates', with key:'drag_coordinates'
12-14 01:34:43.213 I/InstrumentationBackend( 4294): Added:'ResumeApplication', with key:'resume_application'
12-14 01:34:43.214 I/InstrumentationBackend( 4294): Added:'Swipe', with key:'swipe'
12-14 01:34:43.214 I/InstrumentationBackend( 4294): Added:'DoubleTapCoordinate', with key:'double_tap_coordinate'
12-14 01:34:43.215 I/InstrumentationBackend( 4294): Added:'ClickOnScreen', with key:'click_on_screen'
12-14 01:34:43.216 I/InstrumentationBackend( 4294): Added:'GetActivityName', with key:'get_activity_name'
12-14 01:34:43.217 I/InstrumentationBackend( 4294): Added:'ScrollToView', with key:'scroll_to_view'
12-14 01:34:43.217 I/InstrumentationBackend( 4294): Added:'ViewConfiguration', with key:'view_configuration'
12-14 01:34:43.217 I/InstrumentationBackend( 4294): Added:'IsCurrentActivityFocused', with key:'is_current_activity_focused'
12-14 01:34:43.218 I/InstrumentationBackend( 4294): Added:'SendTcp', with key:'send_tcp'
12-14 01:34:43.219 I/InstrumentationBackend( 4294): Added:'DpToDevicePixel', with key:'dp_to_device_pixel'
12-14 01:34:43.220 I/InstrumentationBackend( 4294): Added:'KeyboardEnterText', with key:'keyboard_enter_text'
12-14 01:34:43.220 I/InstrumentationBackend( 4294): Added:'DeleteSurroundingText', with key:'delete_surrounding_text'
12-14 01:34:43.221 I/InstrumentationBackend( 4294): Added:'SetComposingRegion', with key:'set_composing_region'
12-14 01:34:43.221 I/InstrumentationBackend( 4294): Added:'SetSelection', with key:'set_selection'
12-14 01:34:43.221 I/InstrumentationBackend( 4294): Added:'KeyboardKeyEvent', with key:'keyboard_key_event'
12-14 01:34:43.222 I/InstrumentationBackend( 4294): Added:'PressUserActionButton', with key:'press_user_action_button'
12-14 01:34:43.223 I/InstrumentationBackend( 4294): Added:'HideSoftKeyboard', with key:'hide_soft_keyboard'
12-14 01:34:43.224 I/InstrumentationBackend( 4294): Added:'ListActions', with key:'list_actions'
12-14 01:34:43.224 I/calabash( 4294): Instantiating http server at 7102
12-14 01:34:43.225 I/System.out( 4294): HTTP Daemon listening on: 7102
12-14 01:34:43.269 I/System.out( 4294): URI: //ping
12-14 01:34:43.269 I/System.out( 4294): params: {json={}
12-14 01:34:43.270 I/System.out( 4294): }
12-14 01:34:43.288 I/System.out( 4294): URI: //ping
12-14 01:34:43.288 I/System.out( 4294): params: {json={}
12-14 01:34:43.289 I/System.out( 4294): }
12-14 01:34:43.298 I/System.out( 4294): URI: //ready
12-14 01:34:43.298 I/System.out( 4294): params: {json={}
12-14 01:34:43.298 I/System.out( 4294): }
12-14 01:34:43.305 I/System.out( 4294): URI: //
12-14 01:34:43.306 I/System.out( 4294): params: {json={"command":"version","arguments":[]}
12-14 01:34:43.306 I/System.out( 4294): }
12-14 01:34:43.306 I/System.out( 4294): header: {content-type=application/json;charset=utf-8, date=Mon, 14 Dec 2020 06:34:43 GMT, accept=*/*, host=127.0.0.1:34777, content-length=36, user-agent=HTTPClient/1.0 (2.8.3, ruby 2.5.8 (2020-03-31))}
12-14 01:34:43.306 I/System.out( 4294): params: {json={"command":"version","arguments":[]}
12-14 01:34:43.306 I/System.out( 4294): }
12-14 01:34:43.306 I/System.out( 4294): ProP json = {"command":"version","arguments":[]}
12-14 01:34:43.306 I/System.out( 4294): files: {}
12-14 01:34:43.306 I/System.out( 4294): command: {"command":"version","arguments":[]}
12-14 01:34:43.343 I/InstrumentationBackend( 4294): Got command:'Command:'Line:null,version', arguments:'[]'
12-14 01:34:43.381 I/System.out( 4294): result:{"bonusInformation":[],"message":"0.9.8","success":true}
12-14 01:34:43.389 I/System.out( 4294): URI: //start-application
12-14 01:34:43.389 I/System.out( 4294): params: {json={"intent":null}
12-14 01:34:43.389 I/System.out( 4294): }
12-14 01:34:43.431 I/ActivityManager( 1629): START u0 {act=android.intent.action.MAIN cat=[android.intent.category.LAUNCHER] flg=0x10200000 cmp=com.evancharlton.mileage/.Mileage} from uid 10294
12-14 01:34:43.453 I/calabash( 4294): newActivity1
12-14 01:34:43.463 D/gralloc_ranchu( 1396): gralloc_alloc: Creating ashmem region of size 7753728
12-14 01:34:43.498 W/ActivityManager( 1629): Bad activity token: android.os.BinderProxy@888f7d1
12-14 01:34:43.498 W/ActivityManager( 1629): java.lang.ClassCastException: android.os.BinderProxy cannot be cast to com.android.server.am.ActivityRecord$Token
12-14 01:34:43.498 W/ActivityManager( 1629): 	at com.android.server.am.ActivityRecord.forTokenLocked(ActivityRecord.java:778)
12-14 01:34:43.498 W/ActivityManager( 1629): 	at com.android.server.am.ActivityRecord.isInStackLocked(ActivityRecord.java:2085)
12-14 01:34:43.498 W/ActivityManager( 1629): 	at com.android.server.am.ActivityRecord.getStackLocked(ActivityRecord.java:2090)
12-14 01:34:43.498 W/ActivityManager( 1629): 	at com.android.server.am.ActivityManagerService.getActivityDisplayId(ActivityManagerService.java:10406)
12-14 01:34:43.498 W/ActivityManager( 1629): 	at android.app.IActivityManager$Stub.onTransact(IActivityManager.java:2738)
12-14 01:34:43.498 W/ActivityManager( 1629): 	at com.android.server.am.ActivityManagerService.onTransact(ActivityManagerService.java:2935)
12-14 01:34:43.498 W/ActivityManager( 1629): 	at android.os.Binder.execTransact(Binder.java:674)
12-14 01:34:43.501 I/calabash( 4294): newActivity1
12-14 01:34:43.512 D/EGL_emulation( 2144): eglMakeCurrent: 0x9adfce40: ver 3 0 (tinfo 0x9adff980)
12-14 01:34:43.517 D/EGL_emulation( 2172): eglMakeCurrent: 0x9adfe160: ver 3 0 (tinfo 0x9adff930)
12-14 01:34:43.533 D/EGL_emulation( 1726): eglMakeCurrent: 0x89820e00: ver 3 0 (tinfo 0x98e439b0)
12-14 01:34:43.537 W/ActivityManager( 1629): Bad activity token: android.os.BinderProxy@888f7d1
12-14 01:34:43.537 W/ActivityManager( 1629): java.lang.ClassCastException: android.os.BinderProxy cannot be cast to com.android.server.am.ActivityRecord$Token
12-14 01:34:43.537 W/ActivityManager( 1629): 	at com.android.server.am.ActivityRecord.forTokenLocked(ActivityRecord.java:778)
12-14 01:34:43.537 W/ActivityManager( 1629): 	at com.android.server.am.ActivityRecord.isInStackLocked(ActivityRecord.java:2085)
12-14 01:34:43.537 W/ActivityManager( 1629): 	at com.android.server.am.ActivityManagerService.setTaskDescription(ActivityManagerService.java:9988)
12-14 01:34:43.537 W/ActivityManager( 1629): 	at android.app.IActivityManager$Stub.onTransact(IActivityManager.java:2824)
12-14 01:34:43.537 W/ActivityManager( 1629): 	at com.android.server.am.ActivityManagerService.onTransact(ActivityManagerService.java:2935)
12-14 01:34:43.537 W/ActivityManager( 1629): 	at android.os.Binder.execTransact(Binder.java:674)
12-14 01:34:43.538 W/ActivityManager( 1629): Bad activity token: android.os.BinderProxy@888f7d1
12-14 01:34:43.538 W/ActivityManager( 1629): java.lang.ClassCastException: android.os.BinderProxy cannot be cast to com.android.server.am.ActivityRecord$Token
12-14 01:34:43.538 W/ActivityManager( 1629): 	at com.android.server.am.ActivityRecord.forTokenLocked(ActivityRecord.java:778)
12-14 01:34:43.538 W/ActivityManager( 1629): 	at com.android.server.am.ActivityRecord.isInStackLocked(ActivityRecord.java:2085)
12-14 01:34:43.538 W/ActivityManager( 1629): 	at com.android.server.am.ActivityRecord.getStackLocked(ActivityRecord.java:2090)
12-14 01:34:43.538 W/ActivityManager( 1629): 	at com.android.server.am.ActivityManagerService.getActivityStackId(ActivityManagerService.java:10417)
12-14 01:34:43.538 W/ActivityManager( 1629): 	at android.app.IActivityManager$Stub.onTransact(IActivityManager.java:3548)
12-14 01:34:43.538 W/ActivityManager( 1629): 	at com.android.server.am.ActivityManagerService.onTransact(ActivityManagerService.java:2935)
12-14 01:34:43.538 W/ActivityManager( 1629): 	at android.os.Binder.execTransact(Binder.java:674)
12-14 01:34:43.547 D/EGL_emulation( 1726): eglMakeCurrent: 0x89820e00: ver 3 0 (tinfo 0x98e439b0)
12-14 01:34:43.566 E/ContentStoreEUAS( 2172): Failed to commit the deferred actions
12-14 01:34:43.567 D/EGL_emulation( 1726): eglMakeCurrent: 0x89820e00: ver 3 0 (tinfo 0x98e439b0)
12-14 01:34:43.569 V/StatusBar( 1726): setLightsOn(true)
12-14 01:34:43.571 D/EGL_emulation( 1726): eglMakeCurrent: 0x89820e00: ver 3 0 (tinfo 0x98e439b0)
12-14 01:34:43.699 W/ActivityManager( 1629): Bad activity token: android.os.BinderProxy@888f7d1
12-14 01:34:43.699 W/ActivityManager( 1629): java.lang.ClassCastException: android.os.BinderProxy cannot be cast to com.android.server.am.ActivityRecord$Token
12-14 01:34:43.699 W/ActivityManager( 1629): 	at com.android.server.am.ActivityRecord.forTokenLocked(ActivityRecord.java:778)
12-14 01:34:43.699 W/ActivityManager( 1629): 	at com.android.server.am.ActivityRecord.isInStackLocked(ActivityRecord.java:2085)
12-14 01:34:43.699 W/ActivityManager( 1629): 	at com.android.server.am.ActivityManagerService.getActivityOptions(ActivityManagerService.java:13302)
12-14 01:34:43.699 W/ActivityManager( 1629): 	at android.app.IActivityManager$Stub.onTransact(IActivityManager.java:2910)
12-14 01:34:43.699 W/ActivityManager( 1629): 	at com.android.server.am.ActivityManagerService.onTransact(ActivityManagerService.java:2935)
12-14 01:34:43.699 W/ActivityManager( 1629): 	at android.os.Binder.execTransact(Binder.java:674)
12-14 01:34:43.702 W/ActivityManager( 1629): Bad activity token: android.os.BinderProxy@888f7d1
12-14 01:34:43.702 W/ActivityManager( 1629): java.lang.ClassCastException: android.os.BinderProxy cannot be cast to com.android.server.am.ActivityRecord$Token
12-14 01:34:43.702 W/ActivityManager( 1629): 	at com.android.server.am.ActivityRecord.forTokenLocked(ActivityRecord.java:778)
12-14 01:34:43.702 W/ActivityManager( 1629): 	at com.android.server.am.ActivityRecord.isInStackLocked(ActivityRecord.java:2085)
12-14 01:34:43.702 W/ActivityManager( 1629): 	at com.android.server.am.ActivityManagerService.getActivityOptions(ActivityManagerService.java:13302)
12-14 01:34:43.702 W/ActivityManager( 1629): 	at android.app.IActivityManager$Stub.onTransact(IActivityManager.java:2910)
12-14 01:34:43.702 W/ActivityManager( 1629): 	at com.android.server.am.ActivityManagerService.onTransact(ActivityManagerService.java:2935)
12-14 01:34:43.702 W/ActivityManager( 1629): 	at android.os.Binder.execTransact(Binder.java:674)
12-14 01:34:43.720 I/chatty  ( 1726): uid=10028(u0_a28) RenderThread identical 17 lines
12-14 01:34:43.733 D/EGL_emulation( 1726): eglMakeCurrent: 0x89820e00: ver 3 0 (tinfo 0x98e439b0)
12-14 01:34:43.827 V/StatusBar( 1726): setLightsOn(true)
12-14 01:34:43.871 I/zygote  ( 4294): Do partial code cache collection, code=28KB, data=30KB
12-14 01:34:43.872 I/zygote  ( 4294): After code cache collection, code=28KB, data=30KB
12-14 01:34:43.872 I/zygote  ( 4294): Increasing code cache capacity to 128KB
12-14 01:34:43.876 I/zygote  ( 4294): Do partial code cache collection, code=28KB, data=47KB
12-14 01:34:43.878 I/zygote  ( 4294): After code cache collection, code=28KB, data=47KB
12-14 01:34:43.878 I/zygote  ( 4294): Increasing code cache capacity to 256KB
12-14 01:34:43.881 I/zygote  ( 4294): JIT allocated 71KB for compiled code of void android.widget.TextView.<init>(android.content.Context, android.util.AttributeSet, int, int)
12-14 01:34:43.881 I/zygote  ( 4294): Compiler allocated 4MB to compile void android.widget.TextView.<init>(android.content.Context, android.util.AttributeSet, int, int)
12-14 01:34:43.942 V/StatusBar( 1726): setLightsOn(true)
12-14 01:34:43.975 I/chatty  ( 1726): uid=10028(u0_a28) com.android.systemui identical 1 line
12-14 01:34:43.980 V/StatusBar( 1726): setLightsOn(true)
12-14 01:34:44.035 D/gralloc_ranchu( 1396): gralloc_alloc: Creating ashmem region of size 7753728
12-14 01:34:44.057 D/        ( 4294): HostConnection::get() New Host Connection established 0x9aa2fec0, tid 4294
12-14 01:34:44.117 V/StatusBar( 1726): setLightsOn(true)
12-14 01:34:44.119 V/StatusBar( 1726): setLightsOn(true)
12-14 01:34:44.121 I/ActivityManager( 1629): Displayed com.evancharlton.mileage/.Mileage: +669ms
12-14 01:34:44.131 V/StatusBar( 1726): setLightsOn(true)
12-14 01:34:44.142 V/StatusBar( 1726): setLightsOn(true)
12-14 01:34:44.169 I/zygote  ( 4294): Do full code cache collection, code=125KB, data=69KB
12-14 01:34:44.170 I/zygote  ( 4294): After code cache collection, code=108KB, data=44KB
12-14 01:34:44.186 D/gralloc_ranchu( 1396): gralloc_alloc: Creating ashmem region of size 7753728
12-14 01:34:44.287 V/StatusBar( 1726): setLightsOn(true)
12-14 01:34:44.296 I/chatty  ( 1726): uid=10028(u0_a28) com.android.systemui identical 1 line
12-14 01:34:44.315 V/StatusBar( 1726): setLightsOn(true)
12-14 01:34:44.339 W/SurfaceFlinger( 1411): couldn't log to binary event log: overflow.
12-14 01:34:44.426 I/PBSessionCacheImpl( 2172): Deleted sessionId[7025465903895] from persistence.
12-14 01:34:44.462 W/SearchService( 2172): Abort, client detached.
