12-14 00:23:43.549 W/ActivityManager( 1626): 	at com.android.server.am.ActivityRecord.isInStackLocked(ActivityRecord.java:2085)
12-14 00:23:43.549 W/ActivityManager( 1626): 	at com.android.server.am.ActivityManagerService.setTaskDescription(ActivityManagerService.java:9988)
12-14 00:23:43.549 W/ActivityManager( 1626): 	at android.app.IActivityManager$Stub.onTransact(IActivityManager.java:2824)
12-14 00:23:43.549 W/ActivityManager( 1626): 	at com.android.server.am.ActivityManagerService.onTransact(ActivityManagerService.java:2935)
12-14 00:23:43.549 W/ActivityManager( 1626): 	at android.os.Binder.execTransact(Binder.java:674)
12-14 00:23:43.550 W/ActivityManager( 1626): Bad activity token: android.os.BinderProxy@739a526
12-14 00:23:43.550 W/ActivityManager( 1626): java.lang.ClassCastException: android.os.BinderProxy cannot be cast to com.android.server.am.ActivityRecord$Token
12-14 00:23:43.550 W/ActivityManager( 1626): 	at com.android.server.am.ActivityRecord.forTokenLocked(ActivityRecord.java:778)
12-14 00:23:43.550 W/ActivityManager( 1626): 	at com.android.server.am.ActivityRecord.isInStackLocked(ActivityRecord.java:2085)
12-14 00:23:43.550 W/ActivityManager( 1626): 	at com.android.server.am.ActivityRecord.getStackLocked(ActivityRecord.java:2090)
12-14 00:23:43.550 W/ActivityManager( 1626): 	at com.android.server.am.ActivityManagerService.getActivityStackId(ActivityManagerService.java:10417)
12-14 00:23:43.550 W/ActivityManager( 1626): 	at android.app.IActivityManager$Stub.onTransact(IActivityManager.java:3548)
12-14 00:23:43.550 W/ActivityManager( 1626): 	at com.android.server.am.ActivityManagerService.onTransact(ActivityManagerService.java:2935)
12-14 00:23:43.550 W/ActivityManager( 1626): 	at android.os.Binder.execTransact(Binder.java:674)
12-14 00:23:43.577 D/EGL_emulation( 2145): eglMakeCurrent: 0xa7405540: ver 3 0 (tinfo 0xa74033d0)
12-14 00:23:43.578 D/EGL_emulation( 2171): eglMakeCurrent: 0xa4bfdfe0: ver 3 0 (tinfo 0xa4bff840)
12-14 00:23:43.587 V/StatusBar( 1730): setLightsOn(true)
12-14 00:23:43.604 D/EGL_emulation( 1730): eglMakeCurrent: 0xa2c7f1c0: ver 3 0 (tinfo 0xa2c1adb0)
12-14 00:23:43.608 W/asset   ( 1730): Asset path /data/app/com.evancharlton.mileage-afUvUJEjJsUoCpIoX9dKzg==/base.apk is neither a directory nor file (type=1).
12-14 00:23:43.608 E/ResourcesManager( 1730): failed to add asset path /data/app/com.evancharlton.mileage-afUvUJEjJsUoCpIoX9dKzg==/base.apk
12-14 00:23:43.608 W/PackageManager( 1730): Failure retrieving resources for com.evancharlton.mileage
12-14 00:23:43.608 W/asset   ( 1730): Asset path /data/app/com.evancharlton.mileage-afUvUJEjJsUoCpIoX9dKzg==/base.apk is neither a directory nor file (type=1).
12-14 00:23:43.609 E/ResourcesManager( 1730): failed to add asset path /data/app/com.evancharlton.mileage-afUvUJEjJsUoCpIoX9dKzg==/base.apk
12-14 00:23:43.609 W/PackageManager( 1730): Failure retrieving resources for com.evancharlton.mileage
12-14 00:23:43.609 W/asset   ( 1730): Asset path /data/app/com.evancharlton.mileage-afUvUJEjJsUoCpIoX9dKzg==/base.apk is neither a directory nor file (type=1).
12-14 00:23:43.609 E/ResourcesManager( 1730): failed to add asset path /data/app/com.evancharlton.mileage-afUvUJEjJsUoCpIoX9dKzg==/base.apk
12-14 00:23:43.609 W/PackageManager( 1730): Failure retrieving resources for com.evancharlton.mileage
12-14 00:23:43.610 V/StatusBar( 1730): setLightsOn(true)
12-14 00:23:43.616 D/EGL_emulation( 1730): eglMakeCurrent: 0xa2c7f1c0: ver 3 0 (tinfo 0xa2c1adb0)
12-14 00:23:43.620 I/chatty  ( 1730): uid=10028(u0_a28) RenderThread identical 1 line
12-14 00:23:43.632 D/EGL_emulation( 1730): eglMakeCurrent: 0xa2c7f1c0: ver 3 0 (tinfo 0xa2c1adb0)
12-14 00:23:43.640 E/ContentStoreEUAS( 2171): Failed to commit the deferred actions
12-14 00:23:43.664 D/FillupsProvider( 3871): Creating database
12-14 00:23:43.666 D/EGL_emulation( 1730): eglMakeCurrent: 0xa2c7f1c0: ver 3 0 (tinfo 0xa2c1adb0)
12-14 00:23:43.732 I/chatty  ( 1730): uid=10028(u0_a28) RenderThread identical 8 lines
12-14 00:23:43.736 D/EGL_emulation( 1730): eglMakeCurrent: 0xa2c7f1c0: ver 3 0 (tinfo 0xa2c1adb0)
12-14 00:23:43.736 I/zygote  ( 3871): Do partial code cache collection, code=29KB, data=21KB
12-14 00:23:43.737 D/EGL_emulation( 1730): eglMakeCurrent: 0xa2c7f1c0: ver 3 0 (tinfo 0xa2c1adb0)
12-14 00:23:43.740 I/zygote  ( 3871): After code cache collection, code=29KB, data=21KB
12-14 00:23:43.740 I/zygote  ( 3871): Increasing code cache capacity to 128KB
12-14 00:23:43.748 D/EGL_emulation( 1730): eglMakeCurrent: 0xa2c7f1c0: ver 3 0 (tinfo 0xa2c1adb0)
12-14 00:23:43.803 W/ActivityManager( 1626): Bad activity token: android.os.BinderProxy@739a526
12-14 00:23:43.803 W/ActivityManager( 1626): java.lang.ClassCastException: android.os.BinderProxy cannot be cast to com.android.server.am.ActivityRecord$Token
12-14 00:23:43.803 W/ActivityManager( 1626): 	at com.android.server.am.ActivityRecord.forTokenLocked(ActivityRecord.java:778)
12-14 00:23:43.803 W/ActivityManager( 1626): 	at com.android.server.am.ActivityRecord.isInStackLocked(ActivityRecord.java:2085)
12-14 00:23:43.803 W/ActivityManager( 1626): 	at com.android.server.am.ActivityManagerService.getActivityOptions(ActivityManagerService.java:13302)
12-14 00:23:43.803 W/ActivityManager( 1626): 	at android.app.IActivityManager$Stub.onTransact(IActivityManager.java:2910)
12-14 00:23:43.803 W/ActivityManager( 1626): 	at com.android.server.am.ActivityManagerService.onTransact(ActivityManagerService.java:2935)
12-14 00:23:43.803 W/ActivityManager( 1626): 	at android.os.Binder.execTransact(Binder.java:674)
12-14 00:23:43.804 W/ActivityManager( 1626): Bad activity token: android.os.BinderProxy@739a526
12-14 00:23:43.804 W/ActivityManager( 1626): java.lang.ClassCastException: android.os.BinderProxy cannot be cast to com.android.server.am.ActivityRecord$Token
12-14 00:23:43.804 W/ActivityManager( 1626): 	at com.android.server.am.ActivityRecord.forTokenLocked(ActivityRecord.java:778)
12-14 00:23:43.804 W/ActivityManager( 1626): 	at com.android.server.am.ActivityRecord.isInStackLocked(ActivityRecord.java:2085)
12-14 00:23:43.804 W/ActivityManager( 1626): 	at com.android.server.am.ActivityManagerService.getActivityOptions(ActivityManagerService.java:13302)
12-14 00:23:43.804 W/ActivityManager( 1626): 	at android.app.IActivityManager$Stub.onTransact(IActivityManager.java:2910)
12-14 00:23:43.804 W/ActivityManager( 1626): 	at com.android.server.am.ActivityManagerService.onTransact(ActivityManagerService.java:2935)
12-14 00:23:43.804 W/ActivityManager( 1626): 	at android.os.Binder.execTransact(Binder.java:674)
12-14 00:23:43.817 I/chatty  ( 1730): uid=10028(u0_a28) RenderThread identical 9 lines
12-14 00:23:43.825 D/EGL_emulation( 1730): eglMakeCurrent: 0xa2c7f1c0: ver 3 0 (tinfo 0xa2c1adb0)
12-14 00:23:43.830 E/memtrack( 1626): Couldn't load memtrack module
12-14 00:23:43.831 W/android.os.Debug( 1626): failed to get memory consumption info: -1
12-14 00:23:43.832 D/BoundBrokerSvc( 1943): onUnbind: Intent { act=com.google.android.gms.clearcut.bootcount.service.START cmp=com.google.android.gms/.chimera.PersistentBoundBrokerService }
12-14 00:23:43.905 V/StatusBar( 1730): setLightsOn(true)
12-14 00:23:43.935 I/zygote  ( 3871): Do partial code cache collection, code=44KB, data=57KB
12-14 00:23:43.936 I/zygote  ( 3871): After code cache collection, code=44KB, data=57KB
12-14 00:23:43.936 I/zygote  ( 3871): Increasing code cache capacity to 256KB
12-14 00:23:43.936 I/zygote  ( 3871): JIT allocated 71KB for compiled code of void android.widget.TextView.<init>(android.content.Context, android.util.AttributeSet, int, int)
12-14 00:23:43.936 I/zygote  ( 3871): Compiler allocated 4MB to compile void android.widget.TextView.<init>(android.content.Context, android.util.AttributeSet, int, int)
12-14 00:23:43.953 V/StatusBar( 1730): setLightsOn(true)
12-14 00:23:43.955 I/chatty  ( 1730): uid=10028(u0_a28) com.android.systemui identical 1 line
12-14 00:23:43.959 V/StatusBar( 1730): setLightsOn(true)
12-14 00:23:43.985 I/zygote  ( 3871): Do full code cache collection, code=123KB, data=70KB
12-14 00:23:43.986 I/zygote  ( 3871): After code cache collection, code=89KB, data=38KB
12-14 00:23:43.989 D/gralloc_ranchu( 1396): gralloc_alloc: Creating ashmem region of size 7753728
12-14 00:23:44.009 V/StatusBar( 1730): setLightsOn(true)
12-14 00:23:44.015 D/        ( 3871): HostConnection::get() New Host Connection established 0xa4830e40, tid 3871
12-14 00:23:44.061 V/StatusBar( 1730): setLightsOn(true)
12-14 00:23:44.067 I/ActivityManager( 1626): Displayed com.evancharlton.mileage/.Mileage: +565ms
12-14 00:23:44.093 V/StatusBar( 1730): setLightsOn(true)
12-14 00:23:44.100 D/gralloc_ranchu( 1396): gralloc_alloc: Creating ashmem region of size 7753728
12-14 00:23:44.253 D/ConnectivityService( 1626): handleLingerComplete for NetworkAgentInfo [MOBILE (LTE) - 100]
12-14 00:23:44.265 V/StatusBar( 1730): setLightsOn(true)
12-14 00:23:44.281 V/StatusBar( 1730): setLightsOn(true)
12-14 00:23:44.321 I/zygote  ( 1943): Deoptimizing void tma.c(java.lang.Runnable) due to JIT inline cache
12-14 00:23:44.333 V/StatusBar( 1730): setLightsOn(true)
12-14 00:23:44.357 W/SurfaceFlinger( 1411): couldn't log to binary event log: overflow.
12-14 00:23:44.357 W/SurfaceFlinger( 1411): couldn't log to binary event log: overflow.
12-14 00:23:44.371 I/System.out( 3871): URI: //map
12-14 00:23:44.371 I/System.out( 3871): params: {json={"query":"android.widget.Button index:2","operation":{"method_name":"query","arguments":[]}}
12-14 00:23:44.371 I/System.out( 3871): }
12-14 00:23:44.437 I/PBSessionCacheImpl( 2171): Deleted sessionId[4551564698472] from persistence.
12-14 00:23:44.466 W/SearchService( 2171): Abort, client detached.
12-14 00:23:44.468 E/WorkerRegistryImpl( 2171): getWorker() is called after WorkerRegistry disposal.
12-14 00:23:44.468 E/WorkerRegistryImpl( 2171): getWorker() is called after WorkerRegistry disposal.
12-14 00:23:44.530 I/System.out( 3871): URI: //gesture
12-14 00:23:44.530 I/System.out( 3871): params: {json={"query_timeout":5.0,"gestures":[{"query_string":"android.widget.Button index:2","touches":[{"x":50,"y":50,"offset_x":0,"offset_y":0,"wait":0.0,"time":0.2,"release":true,"query_string":null}]}]}
12-14 00:23:44.530 I/System.out( 3871): }
12-14 00:23:44.635 I/zygote  ( 3871): Do partial code cache collection, code=116KB, data=58KB
12-14 00:23:44.635 I/zygote  ( 3871): After code cache collection, code=116KB, data=58KB
12-14 00:23:44.635 I/zygote  ( 3871): Increasing code cache capacity to 512KB
12-14 00:23:44.677 I/zygote  ( 3802): Waiting for a blocking GC ProfileSaver
12-14 00:23:44.695 I/zygote  ( 3802): WaitForGcToComplete blocked for 18.453ms for cause ProfileSaver
12-14 00:23:44.802 I/AudioTrack( 1626): AUDIO_OUTPUT_FLAG_FAST successful; frameCount 4512 -> 4512
12-14 00:23:44.877 V/StatusBar( 1730): setLightsOn(true)
12-14 00:23:44.879 I/chatty  ( 1730): uid=10028(u0_a28) com.android.systemui identical 1 line
12-14 00:23:44.882 V/StatusBar( 1730): setLightsOn(true)
12-14 00:23:44.899 W/View    ( 3871): dispatchProvideAutofillStructure(): not laid out, ignoring
12-14 00:23:44.904 W/Binder  ( 1626): Outgoing transactions from this process must be FLAG_ONEWAY
12-14 00:23:44.904 W/Binder  ( 1626): java.lang.Throwable
12-14 00:23:44.904 W/Binder  ( 1626): 	at android.os.BinderProxy.transact(Binder.java:736)
12-14 00:23:44.904 W/Binder  ( 1626): 	at android.app.assist.AssistStructure$ParcelTransferReader.fetchData(AssistStructure.java:407)
12-14 00:23:44.904 W/Binder  ( 1626): 	at android.app.assist.AssistStructure$ParcelTransferReader.go(AssistStructure.java:343)
12-14 00:23:44.904 W/Binder  ( 1626): 	at android.app.assist.AssistStructure.ensureData(AssistStructure.java:2096)
12-14 00:23:44.904 W/Binder  ( 1626): 	at com.android.server.autofill.Session$1.send(Session.java:200)
12-14 00:23:44.904 W/Binder  ( 1626): 	at com.android.server.am.ActivityManagerService.reportAssistContextExtras(ActivityManagerService.java:13137)
12-14 00:23:44.904 W/Binder  ( 1626): 	at android.app.IActivityManager$Stub.onTransact(IActivityManager.java:2466)
12-14 00:23:44.904 W/Binder  ( 1626): 	at com.android.server.am.ActivityManagerService.onTransact(ActivityManagerService.java:2935)
12-14 00:23:44.904 W/Binder  ( 1626): 	at android.os.Binder.execTransact(Binder.java:674)
12-14 00:23:44.913 I/AssistStructure( 3871): Flattened final assist data: 5024 bytes, containing 2 windows, 19 views
12-14 00:23:44.922 D/gralloc_ranchu( 1396): gralloc_alloc: Creating ashmem region of size 303104
12-14 00:23:44.929 V/StatusBar( 1730): setLightsOn(true)
12-14 00:23:44.932 V/StatusBar( 1730): setLightsOn(true)
12-14 00:23:45.419 W/AudioFlinger( 1476): write blocked for 487 msecs, 1 delayed writes, thread 0xaa3834c0
12-14 00:23:45.419 W/audio_hw_generic( 1390): Not supplying enough data to HAL, expected position 23203 , only wrote 1440
12-14 00:23:45.420 W/audio_hw_generic( 1390): Not supplying enough data to HAL, expected position 1456 , only wrote 1440
12-14 00:23:45.436 V/StatusBar( 1730): setLightsOn(true)
12-14 00:23:45.451 D/AudioFlinger( 1476): mixer(0xaa3834c0) throttle end: throttle time(10)
12-14 00:23:45.452 W/Nearby  ( 1943): Failed attempt #3 out of 3 for RestoreDeviceName [CONTEXT service_id=49 ]
12-14 00:23:45.452 W/Nearby  ( 1943): java.lang.IllegalStateException: BluetoothAdapter not ready yet!
12-14 00:23:45.452 W/Nearby  ( 1943): 	at alhd.g(:com.google.android.gms@204713022@20.47.13 (040700-344095733):2)
12-14 00:23:45.452 W/Nearby  ( 1943): 	at alhc.run(Unknown Source:0)
12-14 00:23:45.452 W/Nearby  ( 1943): 	at bznt.call(Unknown Source:0)
12-14 00:23:45.452 W/Nearby  ( 1943): 	at bzny.b(:com.google.android.gms@204713022@20.47.13 (040700-344095733):2)
12-14 00:23:45.452 W/Nearby  ( 1943): 	at bzny.a(:com.google.android.gms@204713022@20.47.13 (040700-344095733):0)
12-14 00:23:45.452 W/Nearby  ( 1943): 	at alhb.run(Unknown Source:2)
12-14 00:23:45.452 W/Nearby  ( 1943): 	at java.lang.Thread.run(Thread.java:764)
12-14 00:23:45.452 W/Nearby  ( 1943): 	at tly.run(Unknown Source:5)
12-14 00:23:45.452 W/Nearby  ( 1943): 	at java.util.concurrent.ThreadPoolExecutor.runWorker(ThreadPoolExecutor.java:1162)
12-14 00:23:45.452 W/Nearby  ( 1943): 	at java.util.concurrent.ThreadPoolExecutor$Worker.run(ThreadPoolExecutor.java:636)
12-14 00:23:45.452 W/Nearby  ( 1943): 	at trx.run(:com.google.android.gms@204713022@20.47.13 (040700-344095733):0)
12-14 00:23:45.452 W/Nearby  ( 1943): 	at java.lang.Thread.run(Thread.java:764)
12-14 00:23:45.491 I/AssistStructure( 1626): Flattened final assist data: 4496 bytes, containing 2 windows, 19 views
12-14 00:23:45.516 W/lgq     ( 1943): Pending fill request while another request in the same session was triggered. [CONTEXT service_id=177 ]
12-14 00:23:45.540 D/gralloc_ranchu( 1396): gralloc_alloc: Creating ashmem region of size 7753728
12-14 00:23:45.586 E/SurfaceFlinger( 1411): ro.sf.lcd_density must be defined as a build property
12-14 00:23:45.590 D/PermissionCache( 1411): checking android.permission.READ_FRAME_BUFFER for uid=2000 => granted (1568 us)
12-14 00:23:45.632 D/gralloc_ranchu( 1396): gralloc_alloc: Creating ashmem region of size 8298496
12-14 00:23:45.642 D/        ( 3924): HostConnection::get() New Host Connection established 0xa9baf800, tid 3924
12-14 00:23:45.730 V/StatusBar( 1730): setLightsOn(true)
