--------- beginning of main
12-14 00:24:19.851 D/gralloc_ranchu( 1396): gralloc_alloc: Creating ashmem region of size 8298496
12-14 00:24:19.865 D/EGL_emulation( 1730): eglMakeCurrent: 0xa2c7f1c0: ver 3 0 (tinfo 0xa2c1adb0)
12-14 00:24:19.972 E/hw-IPCThreadState( 1396): binder thread pool (1 threads) starved for 121 ms
12-14 00:24:19.975 D/gralloc_ranchu( 1396): gralloc_alloc: Creating ashmem region of size 8298496
12-14 00:24:20.091 E/hw-IPCThreadState( 1396): binder thread pool (1 threads) starved for 116 ms
12-14 00:24:20.093 D/gralloc_ranchu( 1396): gralloc_alloc: Creating ashmem region of size 8298496
12-14 00:24:20.300 I/chatty  ( 1396): uid=1000(system) allocator@2.0-s identical 3 lines
12-14 00:24:20.397 D/gralloc_ranchu( 1396): gralloc_alloc: Creating ashmem region of size 8298496
12-14 00:24:20.408 D/EGL_emulation( 2171): eglMakeCurrent: 0xa4bfdfe0: ver 3 0 (tinfo 0xa4bff840)
12-14 00:24:20.505 E/hw-IPCThreadState( 1396): binder thread pool (1 threads) starved for 108 ms
12-14 00:24:20.511 D/gralloc_ranchu( 1396): gralloc_alloc: Creating ashmem region of size 8298496
12-14 00:24:20.536 D/EGL_emulation( 2145): eglMakeCurrent: 0xa7405540: ver 3 0 (tinfo 0xa74033d0)
12-14 00:24:20.681 E/hw-IPCThreadState( 1396): binder thread pool (1 threads) starved for 170 ms
12-14 00:24:20.682 D/gralloc_ranchu( 1396): gralloc_alloc: Creating ashmem region of size 8298496
12-14 00:24:20.773 W/SessionLifecycleManager( 2171): Handover failed. Creating new session controller.
--------- beginning of system
12-14 00:24:20.773 W/ActivityManager( 1626): Unable to start service Intent { act=com.google.android.gms.speech.service.START pkg=com.google.android.gms } U=0: not found
12-14 00:24:20.791 I/OptInState( 2171): There is a new client and it does not support opt-in. Dropping request.
12-14 00:24:20.796 W/ActivityManager( 1626): Unbind failed: could not find connection for android.os.BinderProxy@f767a37
12-14 00:24:20.796 E/GmsClient( 2171): unable to connect to service: com.google.android.gms.speech.service.START on com.google.android.gms
12-14 00:24:20.826 E/hw-IPCThreadState( 1396): binder thread pool (1 threads) starved for 144 ms
12-14 00:24:20.844 D/gralloc_ranchu( 1396): gralloc_alloc: Creating ashmem region of size 7753728
12-14 00:24:20.905 I/MicroDetectionWorker( 2171): #updateMicroDetector [detectionMode: [mDetectionMode: [1]]]
12-14 00:24:20.905 I/MicroDetectionWorker( 2171): #startMicroDetector [speakerMode: 0]
12-14 00:24:20.905 I/AudioController( 2171): Using mInputStreamFactoryBuilder
12-14 00:24:20.907 D/EGL_emulation( 1730): eglMakeCurrent: 0xa2c7f1c0: ver 3 0 (tinfo 0xa2c1adb0)
12-14 00:24:20.916 I/MicroRecognitionRunner( 2171): Starting detection.
12-14 00:24:20.920 W/OpenGLRenderer( 2145): Incorrectly called buildLayer on View: ShortcutAndWidgetContainer, destroying layer...
12-14 00:24:20.923 D/gralloc_ranchu( 1396): gralloc_alloc: Creating ashmem region of size 8298496
12-14 00:24:20.929 I/MicroDetectionWorker( 2171): onReady
12-14 00:24:20.933 I/MicrophoneInputStream( 2171): mic_starting com.google.android.apps.gsa.staticplugins.aa.c@cc303e2
12-14 00:24:20.950 I/Finsky:download_service( 2694): [125] nmi.run(36): Stats for Executor: bgExecutor non@74e916[Running, pool size = 0, active threads = 0, queued tasks = 0, completed tasks = 0]
12-14 00:24:20.964 I/MicrophoneInputStream( 2171): mic_started com.google.android.apps.gsa.staticplugins.aa.c@cc303e2
12-14 00:24:20.967 E/ActivityThread( 2171): Failed to find provider info for com.google.android.apps.gsa.testing.ui.audio.recorded
12-14 00:24:20.967 I/AudioFlinger( 1476): AudioFlinger's thread 0xa7a03ec0 tid=4502 ready to run
12-14 00:24:20.969 I/MicroDetectionWorker( 2171): onReady
12-14 00:24:20.971 W/SpeechLevelGenerator( 2171): Really low audio levels detected. The audio input may have issues.
12-14 00:24:20.995 I/MicrophoneInputStream( 2171): mic_close com.google.android.apps.gsa.staticplugins.aa.c@cc303e2
12-14 00:24:20.998 I/MicroRecognitionRunner( 2171): Detection finished
12-14 00:24:20.998 W/ErrorReporter( 2171): reportError [type: 211, code: 524300]: Error reading from input stream
12-14 00:24:20.999 I/MicroRecognitionRunner( 2171): Stopping hotword detection.
12-14 00:24:21.000 W/ErrorProcessor( 2171): onFatalError, processing error from engine(4)
12-14 00:24:21.000 W/ErrorProcessor( 2171): com.google.android.apps.gsa.shared.speech.b.g: Error reading from input stream
12-14 00:24:21.000 W/ErrorProcessor( 2171): 	at com.google.android.apps.gsa.staticplugins.recognizer.j.a.a(SourceFile:28)
12-14 00:24:21.000 W/ErrorProcessor( 2171): 	at com.google.android.apps.gsa.staticplugins.recognizer.j.b.run(SourceFile:15)
12-14 00:24:21.000 W/ErrorProcessor( 2171): 	at java.util.concurrent.Executors$RunnableAdapter.call(Executors.java:457)
12-14 00:24:21.000 W/ErrorProcessor( 2171): 	at java.util.concurrent.FutureTask.run(FutureTask.java:266)
12-14 00:24:21.000 W/ErrorProcessor( 2171): 	at com.google.android.apps.gsa.shared.util.concurrent.a.ax.run(SourceFile:14)
12-14 00:24:21.000 W/ErrorProcessor( 2171): 	at com.google.android.apps.gsa.shared.util.concurrent.a.bl.run(SourceFile:4)
12-14 00:24:21.000 W/ErrorProcessor( 2171): 	at com.google.android.apps.gsa.shared.util.concurrent.a.bl.run(SourceFile:4)
12-14 00:24:21.000 W/ErrorProcessor( 2171): 	at java.util.concurrent.ThreadPoolExecutor.runWorker(ThreadPoolExecutor.java:1162)
12-14 00:24:21.000 W/ErrorProcessor( 2171): 	at java.util.concurrent.ThreadPoolExecutor$Worker.run(ThreadPoolExecutor.java:636)
12-14 00:24:21.000 W/ErrorProcessor( 2171): 	at java.lang.Thread.run(Thread.java:764)
12-14 00:24:21.000 W/ErrorProcessor( 2171): 	at com.google.android.apps.gsa.shared.util.concurrent.a.ai.run(SourceFile:6)
12-14 00:24:21.000 W/ErrorProcessor( 2171): Caused by: com.google.android.apps.gsa.shared.exception.GsaIOException: Error code: 393238 | Buffer overflow, no available space.
12-14 00:24:21.000 W/ErrorProcessor( 2171): 	at com.google.android.apps.gsa.speech.audio.Tee.f(SourceFile:103)
12-14 00:24:21.000 W/ErrorProcessor( 2171): 	at com.google.android.apps.gsa.speech.audio.au.read(SourceFile:2)
12-14 00:24:21.000 W/ErrorProcessor( 2171): 	at java.io.InputStream.read(InputStream.java:101)
12-14 00:24:21.000 W/ErrorProcessor( 2171): 	at com.google.android.apps.gsa.speech.audio.ao.run(SourceFile:18)
12-14 00:24:21.000 W/ErrorProcessor( 2171): 	at com.google.android.apps.gsa.speech.audio.an.run(SourceFile:2)
12-14 00:24:21.000 W/ErrorProcessor( 2171): 	... 9 more
12-14 00:24:21.000 I/AudioController( 2171): internalShutdown
12-14 00:24:21.006 D/EGL_emulation( 1730): eglMakeCurrent: 0xa2c7f1c0: ver 3 0 (tinfo 0xa2c1adb0)
12-14 00:24:21.043 I/chatty  ( 1730): uid=10028(u0_a28) RenderThread identical 5 lines
12-14 00:24:21.051 I/MicroDetector( 2171): Keeping mic open: false
12-14 00:24:21.052 D/EGL_emulation( 1730): eglMakeCurrent: 0xa2c7f1c0: ver 3 0 (tinfo 0xa2c1adb0)
12-14 00:24:21.052 I/DeviceStateChecker( 2171): DeviceStateChecker cancelled
12-14 00:24:21.053 I/MicroDetectionWorker( 2171): #onError(false)
12-14 00:24:21.063 I/zygote  ( 1730): NativeAllocBackground concurrent copying GC freed 11030(716KB) AllocSpace objects, 0(0B) LOS objects, 50% free, 4MB/9MB, paused 424us total 170.149ms
12-14 00:24:21.069 D/EGL_emulation( 1730): eglMakeCurrent: 0xa2c7f1c0: ver 3 0 (tinfo 0xa2c1adb0)
12-14 00:24:21.073 D/EGL_emulation( 1730): eglMakeCurrent: 0xa2c7f1c0: ver 3 0 (tinfo 0xa2c1adb0)
12-14 00:24:21.091 I/zygote  ( 2171): Background concurrent copying GC freed 8194(575KB) AllocSpace objects, 7(188KB) LOS objects, 49% free, 4MB/9MB, paused 2.702ms total 162.734ms
12-14 00:24:21.093 D/EGL_emulation( 1730): eglMakeCurrent: 0xa2c7f1c0: ver 3 0 (tinfo 0xa2c1adb0)
12-14 00:24:21.104 I/chatty  ( 1730): uid=10028(u0_a28) RenderThread identical 1 line
12-14 00:24:21.112 D/EGL_emulation( 1730): eglMakeCurrent: 0xa2c7f1c0: ver 3 0 (tinfo 0xa2c1adb0)
12-14 00:24:21.162 D/AndroidRuntime( 4497): >>>>>> START com.android.internal.os.RuntimeInit uid 2000 <<<<<<
12-14 00:24:21.278 W/app_process( 4497): Unexpected CPU variant for X86 using defaults: x86
12-14 00:24:21.320 I/OpenGLRenderer( 1626): Initialized EGL, version 1.4
12-14 00:24:21.320 D/OpenGLRenderer( 1626): Swap behavior 1
12-14 00:24:21.321 W/OpenGLRenderer( 1626): Failed to choose config with EGL_SWAP_BEHAVIOR_PRESERVED, retrying without...
12-14 00:24:21.321 D/OpenGLRenderer( 1626): Swap behavior 0
12-14 00:24:21.325 D/EGL_emulation( 1626): eglCreateContext: 0xa7406380: maj 3 min 0 rcv 3
12-14 00:24:21.327 D/EGL_emulation( 1626): eglMakeCurrent: 0xa7406380: ver 3 0 (tinfo 0x91b48800)
12-14 00:24:21.329 E/eglCodecCommon( 1626): glUtilsParamSize: unknow param 0x00008cdf
12-14 00:24:21.329 E/eglCodecCommon( 1626): glUtilsParamSize: unknow param 0x00008cdf
12-14 00:24:21.330 E/eglCodecCommon( 1626): glUtilsParamSize: unknow param 0x00008824
12-14 00:24:21.330 E/eglCodecCommon( 1626): glUtilsParamSize: unknow param 0x00008824
12-14 00:24:21.343 W/OpenGLRenderer( 1626): glEGLImageTargetTexture2DOES failed (0x502)
12-14 00:24:21.344 D/AndroidRuntime( 4497): Calling main entry com.android.commands.am.Am
12-14 00:24:21.347 I/ActivityManager( 1626): Force stopping com.evancharlton.mileage appid=10222 user=0: start instr
12-14 00:24:21.347 I/ActivityManager( 1626): Killing 4410:com.evancharlton.mileage/u0a222 (adj 0): stop com.evancharlton.mileage
12-14 00:24:21.347 W/ActivityManager( 1626): Crash of app com.evancharlton.mileage running instrumentation ComponentInfo{com.evancharlton.mileage.test/sh.calaba.instrumentationbackend.CalabashInstrumentationTestRunner}
12-14 00:24:21.347 I/ActivityManager( 1626): Force stopping com.evancharlton.mileage appid=10222 user=0: finished inst
12-14 00:24:21.364 I/ActivityManager( 1626): Start proc 4511:com.evancharlton.mileage/u0a222 for added application com.evancharlton.mileage
12-14 00:24:21.364 D/AndroidRuntime( 4497): Shutting down VM
12-14 00:24:21.377 I/zygote  ( 4511): Not late-enabling -Xcheck:jni (already on)
12-14 00:24:21.387 W/ActivityManager( 1626): setHasOverlayUi called on unknown pid: 4410
12-14 00:24:21.391 W/zygote  ( 4511): Unexpected CPU variant for X86 using defaults: x86
12-14 00:24:21.413 E/adbd    ( 1356): failed to connect to socket 'tcp:7102': Connection refused
12-14 00:24:21.428 E/adbd    ( 1356): failed to connect to socket 'tcp:7102': Connection refused
12-14 00:24:21.446 W/zygote  ( 4511): Found duplicate classes, falling back to extracting from APK : /data/app/com.evancharlton.mileage.test-u8u-RArwlNVa8j_fUY7ngQ==/base.apk
12-14 00:24:21.446 W/zygote  ( 4511): NOTE: This wastes RAM and hurts startup performance.
12-14 00:24:21.447 W/zygote  ( 4511): Found duplicated class when checking oat files: 'Ljunit/runner/BaseTestRunner;' in /data/app/com.evancharlton.mileage.test-u8u-RArwlNVa8j_fUY7ngQ==/base.apk and /system/framework/android.test.runner.jar
12-14 00:24:21.447 W/zygote  ( 4511): 
12-14 00:24:21.448 I/zygote  ( 1626): NativeAllocBackground concurrent copying GC freed 5826(540KB) AllocSpace objects, 2(40KB) LOS objects, 37% free, 9MB/15MB, paused 652us total 127.837ms
12-14 00:24:21.492 W/System  ( 4511): ClassLoader referenced unknown path: 
12-14 00:24:21.512 I/System.out( 4511): Main activity name automatically set to: com.evancharlton.mileage.Mileage
12-14 00:24:21.513 I/System.out( 4511): Calabash did not load Mono. This is only a problem if you are trying to test a Mono application
12-14 00:24:21.515 I/calabash( 4511): Test server port: 7102
12-14 00:24:21.519 I/InstrumentationBackend( 4511): Added:'GetPreferences', with key:'get_preferences'
12-14 00:24:21.547 E/adbd    ( 1356): failed to connect to socket 'tcp:7102': Connection refused
12-14 00:24:21.551 E/adbd    ( 1356): failed to connect to socket 'tcp:7102': Connection refused
12-14 00:24:21.613 I/InstrumentationBackend( 4511): Added:'SetPreferences', with key:'set_preferences'
12-14 00:24:21.613 I/InstrumentationBackend( 4511): Added:'ClearPreferences', with key:'clear_preferences'
12-14 00:24:21.614 I/InstrumentationBackend( 4511): Added:'PressElement', with key:'press_l10n_element'
12-14 00:24:21.615 I/InstrumentationBackend( 4511): Added:'WaitForElement', with key:'wait_for_l10n_element'
12-14 00:24:21.616 I/InstrumentationBackend( 4511): Added:'NullAction', with key:'nullAction'
12-14 00:24:21.617 I/InstrumentationBackend( 4511): Added:'PressKey', with key:'press_key'
12-14 00:24:21.618 I/InstrumentationBackend( 4511): Added:'SetActivityOrientation', with key:'set_activity_orientation'
12-14 00:24:21.618 I/InstrumentationBackend( 4511): Added:'GetActivityOrientation', with key:'get_activity_orientation'
12-14 00:24:21.618 I/InstrumentationBackend( 4511): Added:'FakeGPSLocation', with key:'set_gps_coordinates'
12-14 00:24:21.619 I/InstrumentationBackend( 4511): Added:'SetPropertyByCssSelector', with key:'set_property_by_css_selector'
12-14 00:24:21.620 I/InstrumentationBackend( 4511): Added:'GetUrl', with key:'get_url'
12-14 00:24:21.623 I/InstrumentationBackend( 4511): Added:'ScrollTo', with key:'scroll_to'
12-14 00:24:21.624 I/InstrumentationBackend( 4511): Added:'GetLoadProgress', with key:'get_load_progress'
12-14 00:24:21.625 I/InstrumentationBackend( 4511): Added:'DumpHtml', with key:'dump_html'
12-14 00:24:21.625 I/InstrumentationBackend( 4511): Added:'DumpBodyHtml', with key:'dump_body_html'
12-14 00:24:21.625 I/InstrumentationBackend( 4511): Added:'EnterTextByCssSelector', with key:'enter_text_by_selector'
12-14 00:24:21.630 I/InstrumentationBackend( 4511): Added:'AndroidSDKVersion', with key:'android_sdk_version'
12-14 00:24:21.631 I/InstrumentationBackend( 4511): Added:'Version', with key:'version'
12-14 00:24:21.631 I/InstrumentationBackend( 4511): Added:'Drag', with key:'drag'
12-14 00:24:21.631 I/InstrumentationBackend( 4511): Added:'TouchCoordinates', with key:'touch_coordinate'
12-14 00:24:21.631 I/InstrumentationBackend( 4511): Added:'LongPressCoordinate', with key:'long_press_coordinate'
12-14 00:24:21.631 I/InstrumentationBackend( 4511): Added:'DragCoordinates', with key:'drag_coordinates'
12-14 00:24:21.632 I/InstrumentationBackend( 4511): Added:'ResumeApplication', with key:'resume_application'
12-14 00:24:21.633 I/InstrumentationBackend( 4511): Added:'Swipe', with key:'swipe'
12-14 00:24:21.634 I/InstrumentationBackend( 4511): Added:'DoubleTapCoordinate', with key:'double_tap_coordinate'
12-14 00:24:21.634 I/InstrumentationBackend( 4511): Added:'ClickOnScreen', with key:'click_on_screen'
12-14 00:24:21.637 I/InstrumentationBackend( 4511): Added:'GetActivityName', with key:'get_activity_name'
12-14 00:24:21.638 I/InstrumentationBackend( 4511): Added:'ScrollToView', with key:'scroll_to_view'
12-14 00:24:21.638 I/InstrumentationBackend( 4511): Added:'ViewConfiguration', with key:'view_configuration'
12-14 00:24:21.639 I/InstrumentationBackend( 4511): Added:'IsCurrentActivityFocused', with key:'is_current_activity_focused'
12-14 00:24:21.640 I/InstrumentationBackend( 4511): Added:'SendTcp', with key:'send_tcp'
12-14 00:24:21.640 I/InstrumentationBackend( 4511): Added:'DpToDevicePixel', with key:'dp_to_device_pixel'
12-14 00:24:21.642 I/InstrumentationBackend( 4511): Added:'KeyboardEnterText', with key:'keyboard_enter_text'
12-14 00:24:21.643 I/InstrumentationBackend( 4511): Added:'DeleteSurroundingText', with key:'delete_surrounding_text'
12-14 00:24:21.643 I/InstrumentationBackend( 4511): Added:'SetComposingRegion', with key:'set_composing_region'
12-14 00:24:21.644 I/InstrumentationBackend( 4511): Added:'SetSelection', with key:'set_selection'
12-14 00:24:21.644 I/InstrumentationBackend( 4511): Added:'KeyboardKeyEvent', with key:'keyboard_key_event'
12-14 00:24:21.645 I/InstrumentationBackend( 4511): Added:'PressUserActionButton', with key:'press_user_action_button'
12-14 00:24:21.646 I/InstrumentationBackend( 4511): Added:'HideSoftKeyboard', with key:'hide_soft_keyboard'
12-14 00:24:21.648 I/InstrumentationBackend( 4511): Added:'ListActions', with key:'list_actions'
12-14 00:24:21.650 I/calabash( 4511): Instantiating http server at 7102
12-14 00:24:21.651 I/System.out( 4511): HTTP Daemon listening on: 7102
12-14 00:24:21.661 I/System.out( 4511): URI: //ping
12-14 00:24:21.661 I/System.out( 4511): params: {json={}
12-14 00:24:21.661 I/System.out( 4511): }
12-14 00:24:21.671 I/System.out( 4511): URI: //ping
12-14 00:24:21.671 I/System.out( 4511): params: {json={}
12-14 00:24:21.672 I/System.out( 4511): }
12-14 00:24:21.680 I/System.out( 4511): URI: //ready
12-14 00:24:21.680 I/System.out( 4511): params: {json={}
12-14 00:24:21.680 I/System.out( 4511): }
12-14 00:24:21.692 I/System.out( 4511): URI: //
12-14 00:24:21.692 I/System.out( 4511): params: {json={"command":"version","arguments":[]}
12-14 00:24:21.692 I/System.out( 4511): }
12-14 00:24:21.693 I/System.out( 4511): header: {content-type=application/json;charset=utf-8, date=Mon, 14 Dec 2020 05:24:22 GMT, accept=*/*, host=127.0.0.1:34777, content-length=36, user-agent=HTTPClient/1.0 (2.8.3, ruby 2.5.8 (2020-03-31))}
12-14 00:24:21.693 I/System.out( 4511): params: {json={"command":"version","arguments":[]}
12-14 00:24:21.693 I/System.out( 4511): }
12-14 00:24:21.694 I/System.out( 4511): ProP json = {"command":"version","arguments":[]}
12-14 00:24:21.694 I/System.out( 4511): files: {}
12-14 00:24:21.694 I/System.out( 4511): command: {"command":"version","arguments":[]}
12-14 00:24:21.741 I/InstrumentationBackend( 4511): Got command:'Command:'Line:null,version', arguments:'[]'
12-14 00:24:21.791 I/System.out( 4511): result:{"bonusInformation":[],"message":"0.9.8","success":true}
12-14 00:24:21.799 I/System.out( 4511): URI: //start-application
12-14 00:24:21.800 I/System.out( 4511): params: {json={"intent":null}
12-14 00:24:21.800 I/System.out( 4511): }
12-14 00:24:21.863 I/ActivityManager( 1626): START u0 {act=android.intent.action.MAIN cat=[android.intent.category.LAUNCHER] flg=0x10200000 cmp=com.evancharlton.mileage/.Mileage} from uid 10222
12-14 00:24:21.892 I/calabash( 4511): newActivity1
12-14 00:24:21.909 D/gralloc_ranchu( 1396): gralloc_alloc: Creating ashmem region of size 7753728
12-14 00:24:21.935 W/ActivityManager( 1626): Bad activity token: android.os.BinderProxy@6edc6c3
12-14 00:24:21.935 W/ActivityManager( 1626): java.lang.ClassCastException: android.os.BinderProxy cannot be cast to com.android.server.am.ActivityRecord$Token
12-14 00:24:21.935 W/ActivityManager( 1626): 	at com.android.server.am.ActivityRecord.forTokenLocked(ActivityRecord.java:778)
12-14 00:24:21.935 W/ActivityManager( 1626): 	at com.android.server.am.ActivityRecord.isInStackLocked(ActivityRecord.java:2085)
12-14 00:24:21.935 W/ActivityManager( 1626): 	at com.android.server.am.ActivityRecord.getStackLocked(ActivityRecord.java:2090)
12-14 00:24:21.935 W/ActivityManager( 1626): 	at com.android.server.am.ActivityManagerService.getActivityDisplayId(ActivityManagerService.java:10406)
12-14 00:24:21.935 W/ActivityManager( 1626): 	at android.app.IActivityManager$Stub.onTransact(IActivityManager.java:2738)
12-14 00:24:21.935 W/ActivityManager( 1626): 	at com.android.server.am.ActivityManagerService.onTransact(ActivityManagerService.java:2935)
12-14 00:24:21.935 W/ActivityManager( 1626): 	at android.os.Binder.execTransact(Binder.java:674)
12-14 00:24:21.937 I/calabash( 4511): newActivity1
12-14 00:24:21.947 W/ActivityManager( 1626): Bad activity token: android.os.BinderProxy@6edc6c3
12-14 00:24:21.947 W/ActivityManager( 1626): java.lang.ClassCastException: android.os.BinderProxy cannot be cast to com.android.server.am.ActivityRecord$Token
12-14 00:24:21.947 W/ActivityManager( 1626): 	at com.android.server.am.ActivityRecord.forTokenLocked(ActivityRecord.java:778)
12-14 00:24:21.947 W/ActivityManager( 1626): 	at com.android.server.am.ActivityRecord.isInStackLocked(ActivityRecord.java:2085)
12-14 00:24:21.947 W/ActivityManager( 1626): 	at com.android.server.am.ActivityManagerService.setTaskDescription(ActivityManagerService.java:9988)
12-14 00:24:21.947 W/ActivityManager( 1626): 	at android.app.IActivityManager$Stub.onTransact(IActivityManager.java:2824)
12-14 00:24:21.947 W/ActivityManager( 1626): 	at com.android.server.am.ActivityManagerService.onTransact(ActivityManagerService.java:2935)
12-14 00:24:21.947 W/ActivityManager( 1626): 	at android.os.Binder.execTransact(Binder.java:674)
12-14 00:24:21.950 W/ActivityManager( 1626): Bad activity token: android.os.BinderProxy@6edc6c3
12-14 00:24:21.950 W/ActivityManager( 1626): java.lang.ClassCastException: android.os.BinderProxy cannot be cast to com.android.server.am.ActivityRecord$Token
12-14 00:24:21.950 W/ActivityManager( 1626): 	at com.android.server.am.ActivityRecord.forTokenLocked(ActivityRecord.java:778)
12-14 00:24:21.950 W/ActivityManager( 1626): 	at com.android.server.am.ActivityRecord.isInStackLocked(ActivityRecord.java:2085)
12-14 00:24:21.950 W/ActivityManager( 1626): 	at com.android.server.am.ActivityRecord.getStackLocked(ActivityRecord.java:2090)
12-14 00:24:21.950 W/ActivityManager( 1626): 	at com.android.server.am.ActivityManagerService.getActivityStackId(ActivityManagerService.java:10417)
12-14 00:24:21.950 W/ActivityManager( 1626): 	at android.app.IActivityManager$Stub.onTransact(IActivityManager.java:3548)
12-14 00:24:21.950 W/ActivityManager( 1626): 	at com.android.server.am.ActivityManagerService.onTransact(ActivityManagerService.java:2935)
12-14 00:24:21.950 W/ActivityManager( 1626): 	at android.os.Binder.execTransact(Binder.java:674)
12-14 00:24:21.962 D/EGL_emulation( 2145): eglMakeCurrent: 0xa7405540: ver 3 0 (tinfo 0xa74033d0)
12-14 00:24:21.962 D/EGL_emulation( 2171): eglMakeCurrent: 0xa4bfdfe0: ver 3 0 (tinfo 0xa4bff840)
12-14 00:24:21.995 D/EGL_emulation( 1730): eglMakeCurrent: 0xa2c7f1c0: ver 3 0 (tinfo 0xa2c1adb0)
12-14 00:24:21.997 V/StatusBar( 1730): setLightsOn(true)
12-14 00:24:22.002 E/ContentStoreEUAS( 2171): Failed to commit the deferred actions
12-14 00:24:22.008 D/EGL_emulation( 1730): eglMakeCurrent: 0xa2c7f1c0: ver 3 0 (tinfo 0xa2c1adb0)
12-14 00:24:22.092 W/ActivityManager( 1626): Bad activity token: android.os.BinderProxy@6edc6c3
12-14 00:24:22.092 W/ActivityManager( 1626): java.lang.ClassCastException: android.os.BinderProxy cannot be cast to com.android.server.am.ActivityRecord$Token
12-14 00:24:22.092 W/ActivityManager( 1626): 	at com.android.server.am.ActivityRecord.forTokenLocked(ActivityRecord.java:778)
12-14 00:24:22.092 W/ActivityManager( 1626): 	at com.android.server.am.ActivityRecord.isInStackLocked(ActivityRecord.java:2085)
12-14 00:24:22.092 W/ActivityManager( 1626): 	at com.android.server.am.ActivityManagerService.getActivityOptions(ActivityManagerService.java:13302)
12-14 00:24:22.092 W/ActivityManager( 1626): 	at android.app.IActivityManager$Stub.onTransact(IActivityManager.java:2910)
12-14 00:24:22.092 W/ActivityManager( 1626): 	at com.android.server.am.ActivityManagerService.onTransact(ActivityManagerService.java:2935)
12-14 00:24:22.092 W/ActivityManager( 1626): 	at android.os.Binder.execTransact(Binder.java:674)
12-14 00:24:22.093 W/ActivityManager( 1626): Bad activity token: android.os.BinderProxy@6edc6c3
12-14 00:24:22.093 W/ActivityManager( 1626): java.lang.ClassCastException: android.os.BinderProxy cannot be cast to com.android.server.am.ActivityRecord$Token
12-14 00:24:22.093 W/ActivityManager( 1626): 	at com.android.server.am.ActivityRecord.forTokenLocked(ActivityRecord.java:778)
12-14 00:24:22.093 W/ActivityManager( 1626): 	at com.android.server.am.ActivityRecord.isInStackLocked(ActivityRecord.java:2085)
12-14 00:24:22.093 W/ActivityManager( 1626): 	at com.android.server.am.ActivityManagerService.getActivityOptions(ActivityManagerService.java:13302)
12-14 00:24:22.093 W/ActivityManager( 1626): 	at android.app.IActivityManager$Stub.onTransact(IActivityManager.java:2910)
12-14 00:24:22.093 W/ActivityManager( 1626): 	at com.android.server.am.ActivityManagerService.onTransact(ActivityManagerService.java:2935)
12-14 00:24:22.093 W/ActivityManager( 1626): 	at android.os.Binder.execTransact(Binder.java:674)
12-14 00:24:22.189 I/chatty  ( 1730): uid=10028(u0_a28) RenderThread identical 21 lines
12-14 00:24:22.210 D/EGL_emulation( 1730): eglMakeCurrent: 0xa2c7f1c0: ver 3 0 (tinfo 0xa2c1adb0)
12-14 00:24:22.212 V/StatusBar( 1730): setLightsOn(true)
12-14 00:24:22.271 I/chatty  ( 1730): uid=10028(u0_a28) com.android.systemui identical 2 lines
12-14 00:24:22.271 V/StatusBar( 1730): setLightsOn(true)
12-14 00:24:22.297 I/zygote  ( 4511): Do partial code cache collection, code=29KB, data=30KB
12-14 00:24:22.299 I/zygote  ( 4511): After code cache collection, code=29KB, data=30KB
12-14 00:24:22.299 I/zygote  ( 4511): Increasing code cache capacity to 128KB
12-14 00:24:22.300 I/zygote  ( 4511): Do partial code cache collection, code=29KB, data=48KB
12-14 00:24:22.300 I/zygote  ( 4511): After code cache collection, code=29KB, data=48KB
12-14 00:24:22.301 I/zygote  ( 4511): Increasing code cache capacity to 256KB
12-14 00:24:22.301 I/zygote  ( 4511): JIT allocated 71KB for compiled code of void android.widget.TextView.<init>(android.content.Context, android.util.AttributeSet, int, int)
12-14 00:24:22.301 I/zygote  ( 4511): Compiler allocated 4MB to compile void android.widget.TextView.<init>(android.content.Context, android.util.AttributeSet, int, int)
12-14 00:24:22.317 D/gralloc_ranchu( 1396): gralloc_alloc: Creating ashmem region of size 7753728
12-14 00:24:22.359 D/        ( 4511): HostConnection::get() New Host Connection established 0xa4830c00, tid 4511
12-14 00:24:22.395 V/StatusBar( 1730): setLightsOn(true)
12-14 00:24:22.400 I/chatty  ( 1730): uid=10028(u0_a28) com.android.systemui identical 1 line
12-14 00:24:22.402 V/StatusBar( 1730): setLightsOn(true)
12-14 00:24:22.403 I/ActivityManager( 1626): Displayed com.evancharlton.mileage/.Mileage: +524ms
12-14 00:24:22.406 V/StatusBar( 1730): setLightsOn(true)
12-14 00:24:22.407 E/OpenGLRenderer( 1626): GL error:  GL_INVALID_OPERATION
12-14 00:24:22.430 I/chatty  ( 1626): uid=1000(system) RenderThread identical 68 lines
12-14 00:24:22.430 E/OpenGLRenderer( 1626): GL error:  GL_INVALID_OPERATION
12-14 00:24:22.430 V/StatusBar( 1730): setLightsOn(true)
12-14 00:24:22.430 E/OpenGLRenderer( 1626): GL error:  GL_INVALID_OPERATION
12-14 00:24:22.437 I/chatty  ( 1626): uid=1000(system) RenderThread identical 42 lines
12-14 00:24:22.437 E/OpenGLRenderer( 1626): GL error:  GL_INVALID_OPERATION
12-14 00:24:22.438 D/gralloc_ranchu( 1396): gralloc_alloc: Creating ashmem region of size 7753728
12-14 00:24:22.438 E/OpenGLRenderer( 1626): GL error:  GL_INVALID_OPERATION
12-14 00:24:22.597 I/chatty  ( 1626): uid=1000(system) RenderThread identical 532 lines
12-14 00:24:22.597 E/OpenGLRenderer( 1626): GL error:  GL_INVALID_OPERATION
12-14 00:24:22.598 V/StatusBar( 1730): setLightsOn(true)
12-14 00:24:22.598 E/OpenGLRenderer( 1626): GL error:  GL_INVALID_OPERATION
12-14 00:24:22.632 I/chatty  ( 1626): uid=1000(system) RenderThread identical 140 lines
12-14 00:24:22.633 E/OpenGLRenderer( 1626): GL error:  GL_INVALID_OPERATION
12-14 00:24:22.633 V/StatusBar( 1730): setLightsOn(true)
12-14 00:24:22.633 E/OpenGLRenderer( 1626): GL error:  GL_INVALID_OPERATION
12-14 00:24:22.670 I/chatty  ( 1626): uid=1000(system) RenderThread identical 141 lines
12-14 00:24:22.670 E/OpenGLRenderer( 1626): GL error:  GL_INVALID_OPERATION
12-14 00:24:22.671 I/System.out( 4511): URI: //gesture
12-14 00:24:22.671 E/OpenGLRenderer( 1626): GL error:  GL_INVALID_OPERATION
12-14 00:24:22.671 I/System.out( 4511): params: {json={"query_timeout":5.0,"gestures":[{"query_string":"android.widget.TabWidget descendant TextView index:1","touches":[{"x":50,"y":50,"offset_x":0,"offset_y":0,"wait":0.0,"time":0.2,"release":true,"query_string":null}]}]}
12-14 00:24:22.671 I/System.out( 4511): }
12-14 00:24:22.671 E/OpenGLRenderer( 1626): GL error:  GL_INVALID_OPERATION
12-14 00:24:22.682 I/chatty  ( 1626): uid=1000(system) RenderThread identical 52 lines
12-14 00:24:22.682 E/OpenGLRenderer( 1626): GL error:  GL_INVALID_OPERATION
12-14 00:24:22.682 V/StatusBar( 1730): setLightsOn(true)
12-14 00:24:22.682 E/OpenGLRenderer( 1626): GL error:  GL_INVALID_OPERATION
12-14 00:24:22.697 I/chatty  ( 1626): uid=1000(system) RenderThread identical 51 lines
12-14 00:24:22.697 E/OpenGLRenderer( 1626): GL error:  GL_INVALID_OPERATION
12-14 00:24:22.697 V/StatusBar( 1730): setLightsOn(true)
12-14 00:24:22.697 E/OpenGLRenderer( 1626): GL error:  GL_INVALID_OPERATION
12-14 00:24:22.706 I/chatty  ( 1626): uid=1000(system) RenderThread identical 45 lines
12-14 00:24:22.706 E/OpenGLRenderer( 1626): GL error:  GL_INVALID_OPERATION
12-14 00:24:22.706 W/SurfaceFlinger( 1411): couldn't log to binary event log: overflow.
12-14 00:24:22.706 E/OpenGLRenderer( 1626): GL error:  GL_INVALID_OPERATION
12-14 00:24:22.781 I/chatty  ( 1626): uid=1000(system) RenderThread identical 431 lines
12-14 00:24:22.781 E/OpenGLRenderer( 1626): GL error:  GL_INVALID_OPERATION
12-14 00:24:22.781 I/zygote  ( 4511): Do full code cache collection, code=124KB, data=74KB
12-14 00:24:22.781 E/OpenGLRenderer( 1626): GL error:  GL_INVALID_OPERATION
12-14 00:24:22.784 I/chatty  ( 1626): uid=1000(system) RenderThread identical 16 lines
12-14 00:24:22.785 E/OpenGLRenderer( 1626): GL error:  GL_INVALID_OPERATION
12-14 00:24:22.788 I/zygote  ( 4511): After code cache collection, code=113KB, data=48KB
12-14 00:24:22.795 I/PBSessionCacheImpl( 2171): Deleted sessionId[4551564699184] from persistence.
12-14 00:24:22.797 E/OpenGLRenderer( 1626): GL error:  GL_INVALID_OPERATION
12-14 00:24:22.831 I/chatty  ( 1626): uid=1000(system) RenderThread identical 166 lines
12-14 00:24:22.831 E/OpenGLRenderer( 1626): GL error:  GL_INVALID_OPERATION
12-14 00:24:22.832 W/SearchService( 2171): Abort, client detached.
12-14 00:24:22.834 E/OpenGLRenderer( 1626): GL error:  GL_INVALID_OPERATION
12-14 00:24:23.067 W/ActivityManager( 1626): Bad activity token: android.os.BinderProxy@a0f55a5
12-14 00:24:23.067 W/ActivityManager( 1626): java.lang.ClassCastException: android.os.BinderProxy cannot be cast to com.android.server.am.ActivityRecord$Token
12-14 00:24:23.067 W/ActivityManager( 1626): 	at com.android.server.am.ActivityRecord.forTokenLocked(ActivityRecord.java:778)
12-14 00:24:23.067 W/ActivityManager( 1626): 	at com.android.server.am.ActivityRecord.isInStackLocked(ActivityRecord.java:2085)
12-14 00:24:23.067 W/ActivityManager( 1626): 	at com.android.server.am.ActivityRecord.getStackLocked(ActivityRecord.java:2090)
12-14 00:24:23.067 W/ActivityManager( 1626): 	at com.android.server.am.ActivityManagerService.getActivityDisplayId(ActivityManagerService.java:10406)
12-14 00:24:23.067 W/ActivityManager( 1626): 	at android.app.IActivityManager$Stub.onTransact(IActivityManager.java:2738)
12-14 00:24:23.067 W/ActivityManager( 1626): 	at com.android.server.am.ActivityManagerService.onTransact(ActivityManagerService.java:2935)
12-14 00:24:23.067 W/ActivityManager( 1626): 	at android.os.Binder.execTransact(Binder.java:674)
12-14 00:24:23.068 I/chatty  ( 1626): uid=1000(system) RenderThread identical 1056 lines
12-14 00:24:23.068 E/OpenGLRenderer( 1626): GL error:  GL_INVALID_OPERATION
12-14 00:24:23.068 I/calabash( 4511): newActivity1
12-14 00:24:23.068 E/OpenGLRenderer( 1626): GL error:  GL_INVALID_OPERATION
12-14 00:24:23.070 W/ActivityManager( 1626): Bad activity token: android.os.BinderProxy@a0f55a5
12-14 00:24:23.070 W/ActivityManager( 1626): java.lang.ClassCastException: android.os.BinderProxy cannot be cast to com.android.server.am.ActivityRecord$Token
12-14 00:24:23.070 W/ActivityManager( 1626): 	at com.android.server.am.ActivityRecord.forTokenLocked(ActivityRecord.java:778)
12-14 00:24:23.070 W/ActivityManager( 1626): 	at com.android.server.am.ActivityRecord.isInStackLocked(ActivityRecord.java:2085)
12-14 00:24:23.070 W/ActivityManager( 1626): 	at com.android.server.am.ActivityManagerService.setTaskDescription(ActivityManagerService.java:9988)
12-14 00:24:23.070 W/ActivityManager( 1626): 	at android.app.IActivityManager$Stub.onTransact(IActivityManager.java:2824)
12-14 00:24:23.070 W/ActivityManager( 1626): 	at com.android.server.am.ActivityManagerService.onTransact(ActivityManagerService.java:2935)
12-14 00:24:23.070 W/ActivityManager( 1626): 	at android.os.Binder.execTransact(Binder.java:674)
12-14 00:24:23.071 I/chatty  ( 1626): uid=1000(system) RenderThread identical 17 lines
12-14 00:24:23.071 E/OpenGLRenderer( 1626): GL error:  GL_INVALID_OPERATION
12-14 00:24:23.071 W/audio_hw_generic( 1390): Not supplying enough data to HAL, expected position 599312 , only wrote 599040
12-14 00:24:23.072 W/ActivityManager( 1626): Bad activity token: android.os.BinderProxy@a0f55a5
12-14 00:24:23.072 W/ActivityManager( 1626): java.lang.ClassCastException: android.os.BinderProxy cannot be cast to com.android.server.am.ActivityRecord$Token
12-14 00:24:23.072 W/ActivityManager( 1626): 	at com.android.server.am.ActivityRecord.forTokenLocked(ActivityRecord.java:778)
12-14 00:24:23.072 W/ActivityManager( 1626): 	at com.android.server.am.ActivityRecord.isInStackLocked(ActivityRecord.java:2085)
12-14 00:24:23.072 W/ActivityManager( 1626): 	at com.android.server.am.ActivityRecord.getStackLocked(ActivityRecord.java:2090)
12-14 00:24:23.072 W/ActivityManager( 1626): 	at com.android.server.am.ActivityManagerService.getActivityStackId(ActivityManagerService.java:10417)
12-14 00:24:23.072 W/ActivityManager( 1626): 	at android.app.IActivityManager$Stub.onTransact(IActivityManager.java:3548)
12-14 00:24:23.072 W/ActivityManager( 1626): 	at com.android.server.am.ActivityManagerService.onTransact(ActivityManagerService.java:2935)
12-14 00:24:23.072 W/ActivityManager( 1626): 	at android.os.Binder.execTransact(Binder.java:674)
12-14 00:24:23.073 E/OpenGLRenderer( 1626): GL error:  GL_INVALID_OPERATION
12-14 00:24:23.107 I/chatty  ( 1626): uid=1000(system) RenderThread identical 168 lines
12-14 00:24:23.107 E/OpenGLRenderer( 1626): GL error:  GL_INVALID_OPERATION
12-14 00:24:23.107 I/zygote  ( 4511): Do partial code cache collection, code=117KB, data=54KB
12-14 00:24:23.108 E/OpenGLRenderer( 1626): GL error:  GL_INVALID_OPERATION
12-14 00:24:23.149 W/ActivityManager( 1626): Bad activity token: android.os.BinderProxy@a0f55a5
12-14 00:24:23.149 W/ActivityManager( 1626): java.lang.ClassCastException: android.os.BinderProxy cannot be cast to com.android.server.am.ActivityRecord$Token
12-14 00:24:23.149 W/ActivityManager( 1626): 	at com.android.server.am.ActivityRecord.forTokenLocked(ActivityRecord.java:778)
12-14 00:24:23.149 W/ActivityManager( 1626): 	at com.android.server.am.ActivityRecord.isInStackLocked(ActivityRecord.java:2085)
12-14 00:24:23.149 W/ActivityManager( 1626): 	at com.android.server.am.ActivityManagerService.getActivityOptions(ActivityManagerService.java:13302)
12-14 00:24:23.149 W/ActivityManager( 1626): 	at android.app.IActivityManager$Stub.onTransact(IActivityManager.java:2910)
12-14 00:24:23.149 W/ActivityManager( 1626): 	at com.android.server.am.ActivityManagerService.onTransact(ActivityManagerService.java:2935)
12-14 00:24:23.149 W/ActivityManager( 1626): 	at android.os.Binder.execTransact(Binder.java:674)
12-14 00:24:23.149 W/ActivityManager( 1626): Bad activity token: android.os.BinderProxy@a0f55a5
12-14 00:24:23.149 W/ActivityManager( 1626): java.lang.ClassCastException: android.os.BinderProxy cannot be cast to com.android.server.am.ActivityRecord$Token
12-14 00:24:23.149 W/ActivityManager( 1626): 	at com.android.server.am.ActivityRecord.forTokenLocked(ActivityRecord.java:778)
12-14 00:24:23.149 W/ActivityManager( 1626): 	at com.android.server.am.ActivityRecord.isInStackLocked(ActivityRecord.java:2085)
12-14 00:24:23.149 W/ActivityManager( 1626): 	at com.android.server.am.ActivityManagerService.getActivityOptions(ActivityManagerService.java:13302)
12-14 00:24:23.149 W/ActivityManager( 1626): 	at android.app.IActivityManager$Stub.onTransact(IActivityManager.java:2910)
12-14 00:24:23.149 W/ActivityManager( 1626): 	at com.android.server.am.ActivityManagerService.onTransact(ActivityManagerService.java:2935)
12-14 00:24:23.149 W/ActivityManager( 1626): 	at android.os.Binder.execTransact(Binder.java:674)
12-14 00:24:23.161 I/chatty  ( 1626): uid=1000(system) RenderThread identical 294 lines
12-14 00:24:23.162 E/OpenGLRenderer( 1626): GL error:  GL_INVALID_OPERATION
12-14 00:24:23.162 I/zygote  ( 4511): After code cache collection, code=117KB, data=54KB
12-14 00:24:23.162 I/zygote  ( 4511): Increasing code cache capacity to 512KB
12-14 00:24:23.162 E/OpenGLRenderer( 1626): GL error:  GL_INVALID_OPERATION
12-14 00:24:23.164 I/chatty  ( 1626): uid=1000(system) RenderThread identical 7 lines
12-14 00:24:23.164 E/OpenGLRenderer( 1626): GL error:  GL_INVALID_OPERATION
12-14 00:24:23.165 E/OpenGLRenderer( 1626): GL error:  GL_INVALID_OPERATION
12-14 00:24:23.167 I/chatty  ( 1626): uid=1000(system) RenderThread identical 6 lines
12-14 00:24:23.167 E/OpenGLRenderer( 1626): GL error:  GL_INVALID_OPERATION
12-14 00:24:23.168 I/zygote  ( 4511): Background concurrent copying GC freed 26877(1131KB) AllocSpace objects, 4(80KB) LOS objects, 49% free, 1750KB/3MB, paused 6.389ms total 117.951ms
12-14 00:24:23.168 E/OpenGLRenderer( 1626): GL error:  GL_INVALID_OPERATION
12-14 00:24:23.268 I/chatty  ( 1626): uid=1000(system) RenderThread identical 198 lines
12-14 00:24:23.268 E/OpenGLRenderer( 1626): GL error:  GL_INVALID_OPERATION
12-14 00:24:23.268 D/gralloc_ranchu( 1396): gralloc_alloc: Creating ashmem region of size 7753728
12-14 00:24:23.269 E/OpenGLRenderer( 1626): GL error:  GL_INVALID_OPERATION
12-14 00:24:23.281 I/chatty  ( 1626): uid=1000(system) RenderThread identical 13 lines
12-14 00:24:23.282 E/OpenGLRenderer( 1626): GL error:  GL_INVALID_OPERATION
12-14 00:24:23.282 D/Mileage ( 4511): Not enough fillups to calculate economy
12-14 00:24:23.282 E/OpenGLRenderer( 1626): GL error:  GL_INVALID_OPERATION
12-14 00:24:23.536 I/chatty  ( 1626): uid=1000(system) RenderThread identical 418 lines
12-14 00:24:23.537 E/OpenGLRenderer( 1626): GL error:  GL_INVALID_OPERATION
12-14 00:24:23.542 E/SurfaceFlinger( 1411): ro.sf.lcd_density must be defined as a build property
12-14 00:24:23.542 E/OpenGLRenderer( 1626): GL error:  GL_INVALID_OPERATION
12-14 00:24:23.574 I/chatty  ( 1626): uid=1000(system) RenderThread identical 123 lines
12-14 00:24:23.574 E/OpenGLRenderer( 1626): GL error:  GL_INVALID_OPERATION
12-14 00:24:23.574 D/gralloc_ranchu( 1396): gralloc_alloc: Creating ashmem region of size 8298496
12-14 00:24:23.575 E/OpenGLRenderer( 1626): GL error:  GL_INVALID_OPERATION
12-14 00:24:23.585 I/chatty  ( 1626): uid=1000(system) RenderThread identical 31 lines
12-14 00:24:23.585 D/        ( 4553): HostConnection::get() New Host Connection established 0xaa92f800, tid 4553
12-14 00:24:23.585 E/OpenGLRenderer( 1626): GL error:  GL_INVALID_OPERATION
12-14 00:24:23.585 E/OpenGLRenderer( 1626): GL error:  GL_INVALID_OPERATION
12-14 00:24:24.049 I/chatty  ( 1626): uid=1000(system) RenderThread identical 1164 lines
12-14 00:24:24.049 E/OpenGLRenderer( 1626): GL error:  GL_INVALID_OPERATION
12-14 00:24:24.049 I/System.out( 4511): URI: //gesture
12-14 00:24:24.049 I/System.out( 4511): params: {json={"query_timeout":5.0,"gestures":[{"query_string":"android.widget.TabWidget descendant TextView index:3","touches":[{"x":50,"y":50,"offset_x":0,"offset_y":0,"wait":0.0,"time":0.2,"release":true,"query_string":null}]}]}
12-14 00:24:24.049 I/System.out( 4511): }
12-14 00:24:24.049 E/OpenGLRenderer( 1626): GL error:  GL_INVALID_OPERATION
12-14 00:24:24.321 I/chatty  ( 1626): uid=1000(system) RenderThread identical 737 lines
12-14 00:24:24.323 E/OpenGLRenderer( 1626): GL error:  GL_INVALID_OPERATION
12-14 00:24:24.324 W/ActivityManager( 1626): Bad activity token: android.os.BinderProxy@e8a1959
12-14 00:24:24.324 W/ActivityManager( 1626): java.lang.ClassCastException: android.os.BinderProxy cannot be cast to com.android.server.am.ActivityRecord$Token
12-14 00:24:24.324 W/ActivityManager( 1626): 	at com.android.server.am.ActivityRecord.forTokenLocked(ActivityRecord.java:778)
12-14 00:24:24.324 W/ActivityManager( 1626): 	at com.android.server.am.ActivityRecord.isInStackLocked(ActivityRecord.java:2085)
12-14 00:24:24.324 W/ActivityManager( 1626): 	at com.android.server.am.ActivityRecord.getStackLocked(ActivityRecord.java:2090)
12-14 00:24:24.324 W/ActivityManager( 1626): 	at com.android.server.am.ActivityManagerService.getActivityDisplayId(ActivityManagerService.java:10406)
12-14 00:24:24.324 W/ActivityManager( 1626): 	at android.app.IActivityManager$Stub.onTransact(IActivityManager.java:2738)
12-14 00:24:24.324 W/ActivityManager( 1626): 	at com.android.server.am.ActivityManagerService.onTransact(ActivityManagerService.java:2935)
12-14 00:24:24.324 W/ActivityManager( 1626): 	at android.os.Binder.execTransact(Binder.java:674)
12-14 00:24:24.325 I/calabash( 4511): newActivity1
12-14 00:24:24.328 W/ActivityManager( 1626): Bad activity token: android.os.BinderProxy@e8a1959
12-14 00:24:24.328 W/ActivityManager( 1626): java.lang.ClassCastException: android.os.BinderProxy cannot be cast to com.android.server.am.ActivityRecord$Token
12-14 00:24:24.328 W/ActivityManager( 1626): 	at com.android.server.am.ActivityRecord.forTokenLocked(ActivityRecord.java:778)
12-14 00:24:24.328 W/ActivityManager( 1626): 	at com.android.server.am.ActivityRecord.isInStackLocked(ActivityRecord.java:2085)
12-14 00:24:24.328 W/ActivityManager( 1626): 	at com.android.server.am.ActivityManagerService.setTaskDescription(ActivityManagerService.java:9988)
12-14 00:24:24.328 W/ActivityManager( 1626): 	at android.app.IActivityManager$Stub.onTransact(IActivityManager.java:2824)
12-14 00:24:24.328 W/ActivityManager( 1626): 	at com.android.server.am.ActivityManagerService.onTransact(ActivityManagerService.java:2935)
12-14 00:24:24.328 W/ActivityManager( 1626): 	at android.os.Binder.execTransact(Binder.java:674)
12-14 00:24:24.328 W/ActivityManager( 1626): Bad activity token: android.os.BinderProxy@e8a1959
12-14 00:24:24.328 W/ActivityManager( 1626): java.lang.ClassCastException: android.os.BinderProxy cannot be cast to com.android.server.am.ActivityRecord$Token
12-14 00:24:24.328 W/ActivityManager( 1626): 	at com.android.server.am.ActivityRecord.forTokenLocked(ActivityRecord.java:778)
12-14 00:24:24.328 W/ActivityManager( 1626): 	at com.android.server.am.ActivityRecord.isInStackLocked(ActivityRecord.java:2085)
12-14 00:24:24.328 W/ActivityManager( 1626): 	at com.android.server.am.ActivityRecord.getStackLocked(ActivityRecord.java:2090)
12-14 00:24:24.328 W/ActivityManager( 1626): 	at com.android.server.am.ActivityManagerService.getActivityStackId(ActivityManagerService.java:10417)
12-14 00:24:24.328 W/ActivityManager( 1626): 	at android.app.IActivityManager$Stub.onTransact(IActivityManager.java:3548)
12-14 00:24:24.328 W/ActivityManager( 1626): 	at com.android.server.am.ActivityManagerService.onTransact(ActivityManagerService.java:2935)
12-14 00:24:24.328 W/ActivityManager( 1626): 	at android.os.Binder.execTransact(Binder.java:674)
12-14 00:24:24.332 E/OpenGLRenderer( 1626): GL error:  GL_INVALID_OPERATION
12-14 00:24:24.333 W/ActivityManager( 1626): Bad activity token: android.os.BinderProxy@e8a1959
12-14 00:24:24.333 W/ActivityManager( 1626): java.lang.ClassCastException: android.os.BinderProxy cannot be cast to com.android.server.am.ActivityRecord$Token
12-14 00:24:24.333 W/ActivityManager( 1626): 	at com.android.server.am.ActivityRecord.forTokenLocked(ActivityRecord.java:778)
12-14 00:24:24.333 W/ActivityManager( 1626): 	at com.android.server.am.ActivityRecord.isInStackLocked(ActivityRecord.java:2085)
12-14 00:24:24.333 W/ActivityManager( 1626): 	at com.android.server.am.ActivityManagerService.getActivityOptions(ActivityManagerService.java:13302)
12-14 00:24:24.333 W/ActivityManager( 1626): 	at android.app.IActivityManager$Stub.onTransact(IActivityManager.java:2910)
12-14 00:24:24.333 W/ActivityManager( 1626): 	at com.android.server.am.ActivityManagerService.onTransact(ActivityManagerService.java:2935)
12-14 00:24:24.333 W/ActivityManager( 1626): 	at android.os.Binder.execTransact(Binder.java:674)
12-14 00:24:24.335 W/ActivityManager( 1626): Bad activity token: android.os.BinderProxy@e8a1959
12-14 00:24:24.335 W/ActivityManager( 1626): java.lang.ClassCastException: android.os.BinderProxy cannot be cast to com.android.server.am.ActivityRecord$Token
12-14 00:24:24.335 W/ActivityManager( 1626): 	at com.android.server.am.ActivityRecord.forTokenLocked(ActivityRecord.java:778)
12-14 00:24:24.335 W/ActivityManager( 1626): 	at com.android.server.am.ActivityRecord.isInStackLocked(ActivityRecord.java:2085)
12-14 00:24:24.335 W/ActivityManager( 1626): 	at com.android.server.am.ActivityManagerService.getActivityOptions(ActivityManagerService.java:13302)
12-14 00:24:24.335 W/ActivityManager( 1626): 	at android.app.IActivityManager$Stub.onTransact(IActivityManager.java:2910)
12-14 00:24:24.335 W/ActivityManager( 1626): 	at com.android.server.am.ActivityManagerService.onTransact(ActivityManagerService.java:2935)
12-14 00:24:24.335 W/ActivityManager( 1626): 	at android.os.Binder.execTransact(Binder.java:674)
12-14 00:24:24.800 I/chatty  ( 1626): uid=1000(system) RenderThread identical 1194 lines
12-14 00:24:24.800 E/OpenGLRenderer( 1626): GL error:  GL_INVALID_OPERATION
12-14 00:24:24.800 E/SurfaceFlinger( 1411): ro.sf.lcd_density must be defined as a build property
12-14 00:24:24.800 E/OpenGLRenderer( 1626): GL error:  GL_INVALID_OPERATION
12-14 00:24:24.809 I/chatty  ( 1626): uid=1000(system) RenderThread identical 42 lines
12-14 00:24:24.810 E/OpenGLRenderer( 1626): GL error:  GL_INVALID_OPERATION
12-14 00:24:24.810 D/gralloc_ranchu( 1396): gralloc_alloc: Creating ashmem region of size 8298496
12-14 00:24:24.810 E/OpenGLRenderer( 1626): GL error:  GL_INVALID_OPERATION
12-14 00:24:24.818 I/chatty  ( 1626): uid=1000(system) RenderThread identical 27 lines
12-14 00:24:24.819 E/OpenGLRenderer( 1626): GL error:  GL_INVALID_OPERATION
12-14 00:24:24.819 D/        ( 4559): HostConnection::get() New Host Connection established 0xabaaf800, tid 4559
12-14 00:24:24.819 E/OpenGLRenderer( 1626): GL error:  GL_INVALID_OPERATION
12-14 00:24:25.141 E/TaskPersister( 1626): File error accessing recents directory (directory doesn't exist?).
12-14 00:24:25.443 I/chatty  ( 1626): uid=1000(system) RenderThread identical 1403 lines
12-14 00:24:25.443 E/OpenGLRenderer( 1626): GL error:  GL_INVALID_OPERATION
12-14 00:24:25.443 I/System.out( 4511): URI: //gesture
12-14 00:24:25.443 I/System.out( 4511): params: {json={"query_timeout":5.0,"gestures":[{"query_string":"android.widget.TabWidget descendant TextView index:2","touches":[{"x":50,"y":50,"offset_x":0,"offset_y":0,"wait":0.0,"time":0.2,"release":true,"query_string":null}]}]}
12-14 00:24:25.443 E/OpenGLRenderer( 1626): GL error:  GL_INVALID_OPERATION
12-14 00:24:25.443 I/System.out( 4511): }
12-14 00:24:25.444 E/OpenGLRenderer( 1626): GL error:  GL_INVALID_OPERATION
12-14 00:24:25.856 W/ActivityManager( 1626): Bad activity token: android.os.BinderProxy@4bcb8
12-14 00:24:25.856 W/ActivityManager( 1626): java.lang.ClassCastException: android.os.BinderProxy cannot be cast to com.android.server.am.ActivityRecord$Token
12-14 00:24:25.856 W/ActivityManager( 1626): 	at com.android.server.am.ActivityRecord.forTokenLocked(ActivityRecord.java:778)
12-14 00:24:25.856 W/ActivityManager( 1626): 	at com.android.server.am.ActivityRecord.isInStackLocked(ActivityRecord.java:2085)
12-14 00:24:25.856 W/ActivityManager( 1626): 	at com.android.server.am.ActivityRecord.getStackLocked(ActivityRecord.java:2090)
12-14 00:24:25.856 W/ActivityManager( 1626): 	at com.android.server.am.ActivityManagerService.getActivityDisplayId(ActivityManagerService.java:10406)
12-14 00:24:25.856 W/ActivityManager( 1626): 	at android.app.IActivityManager$Stub.onTransact(IActivityManager.java:2738)
12-14 00:24:25.856 W/ActivityManager( 1626): 	at com.android.server.am.ActivityManagerService.onTransact(ActivityManagerService.java:2935)
12-14 00:24:25.856 W/ActivityManager( 1626): 	at android.os.Binder.execTransact(Binder.java:674)
12-14 00:24:25.857 I/chatty  ( 1626): uid=1000(system) RenderThread identical 1397 lines
12-14 00:24:25.857 E/OpenGLRenderer( 1626): GL error:  GL_INVALID_OPERATION
12-14 00:24:25.857 I/calabash( 4511): newActivity1
12-14 00:24:25.857 E/OpenGLRenderer( 1626): GL error:  GL_INVALID_OPERATION
12-14 00:24:25.993 W/ActivityManager( 1626): Bad activity token: android.os.BinderProxy@4bcb8
12-14 00:24:25.993 W/ActivityManager( 1626): java.lang.ClassCastException: android.os.BinderProxy cannot be cast to com.android.server.am.ActivityRecord$Token
12-14 00:24:25.993 W/ActivityManager( 1626): 	at com.android.server.am.ActivityRecord.forTokenLocked(ActivityRecord.java:778)
12-14 00:24:25.993 W/ActivityManager( 1626): 	at com.android.server.am.ActivityRecord.isInStackLocked(ActivityRecord.java:2085)
12-14 00:24:25.993 W/ActivityManager( 1626): 	at com.android.server.am.ActivityManagerService.setTaskDescription(ActivityManagerService.java:9988)
12-14 00:24:25.993 W/ActivityManager( 1626): 	at android.app.IActivityManager$Stub.onTransact(IActivityManager.java:2824)
12-14 00:24:25.993 W/ActivityManager( 1626): 	at com.android.server.am.ActivityManagerService.onTransact(ActivityManagerService.java:2935)
12-14 00:24:25.993 W/ActivityManager( 1626): 	at android.os.Binder.execTransact(Binder.java:674)
12-14 00:24:25.995 W/ActivityManager( 1626): Bad activity token: android.os.BinderProxy@4bcb8
12-14 00:24:25.995 W/ActivityManager( 1626): java.lang.ClassCastException: android.os.BinderProxy cannot be cast to com.android.server.am.ActivityRecord$Token
12-14 00:24:25.995 W/ActivityManager( 1626): 	at com.android.server.am.ActivityRecord.forTokenLocked(ActivityRecord.java:778)
12-14 00:24:25.995 W/ActivityManager( 1626): 	at com.android.server.am.ActivityRecord.isInStackLocked(ActivityRecord.java:2085)
