--------- beginning of main
12-14 00:23:59.759 D/AndroidRuntime( 4117): >>>>>> START com.android.internal.os.RuntimeInit uid 2000 <<<<<<
12-14 00:23:59.792 E/memtrack( 1626): Couldn't load memtrack module
12-14 00:23:59.792 W/android.os.Debug( 1626): failed to get memory consumption info: -1
12-14 00:23:59.795 W/app_process( 4117): Unexpected CPU variant for X86 using defaults: x86
12-14 00:23:59.819 E/memtrack( 1626): Couldn't load memtrack module
12-14 00:23:59.819 W/android.os.Debug( 1626): failed to get memory consumption info: -1
12-14 00:23:59.827 D/AndroidRuntime( 4117): Calling main entry com.android.commands.am.Am
12-14 00:23:59.839 D/hwcomposer( 1397): hw_composer sent 98 syncs in 67s
12-14 00:23:59.841 I/zygote  ( 4128): Not late-enabling -Xcheck:jni (already on)
12-14 00:23:59.847 W/zygote  ( 4128): Unexpected CPU variant for X86 using defaults: x86
12-14 00:23:59.849 D/AndroidRuntime( 4117): Shutting down VM
12-14 00:23:59.887 E/adbd    ( 1356): failed to connect to socket 'tcp:7102': Connection refused
12-14 00:23:59.894 W/zygote  ( 4128): Found duplicate classes, falling back to extracting from APK : /data/app/com.evancharlton.mileage.test-u8u-RArwlNVa8j_fUY7ngQ==/base.apk
12-14 00:23:59.894 W/zygote  ( 4128): NOTE: This wastes RAM and hurts startup performance.
12-14 00:23:59.894 W/zygote  ( 4128): Found duplicated class when checking oat files: 'Ljunit/runner/BaseTestRunner;' in /data/app/com.evancharlton.mileage.test-u8u-RArwlNVa8j_fUY7ngQ==/base.apk and /system/framework/android.test.runner.jar
12-14 00:23:59.894 W/zygote  ( 4128): 
12-14 00:23:59.896 E/adbd    ( 1356): failed to connect to socket 'tcp:7102': Connection refused
12-14 00:23:59.940 W/System  ( 4128): ClassLoader referenced unknown path: 
12-14 00:23:59.960 I/System.out( 4128): Main activity name automatically set to: com.evancharlton.mileage.Mileage
12-14 00:23:59.961 I/System.out( 4128): Calabash did not load Mono. This is only a problem if you are trying to test a Mono application
12-14 00:23:59.961 I/calabash( 4128): Test server port: 7102
12-14 00:23:59.968 I/InstrumentationBackend( 4128): Added:'GetPreferences', with key:'get_preferences'
12-14 00:24:00.010 E/adbd    ( 1356): failed to connect to socket 'tcp:7102': Connection refused
12-14 00:24:00.016 E/adbd    ( 1356): failed to connect to socket 'tcp:7102': Connection refused
12-14 00:24:00.099 I/InstrumentationBackend( 4128): Added:'SetPreferences', with key:'set_preferences'
12-14 00:24:00.100 I/InstrumentationBackend( 4128): Added:'ClearPreferences', with key:'clear_preferences'
12-14 00:24:00.101 I/InstrumentationBackend( 4128): Added:'PressElement', with key:'press_l10n_element'
12-14 00:24:00.101 I/InstrumentationBackend( 4128): Added:'WaitForElement', with key:'wait_for_l10n_element'
12-14 00:24:00.102 I/InstrumentationBackend( 4128): Added:'NullAction', with key:'nullAction'
12-14 00:24:00.103 I/InstrumentationBackend( 4128): Added:'PressKey', with key:'press_key'
12-14 00:24:00.103 I/InstrumentationBackend( 4128): Added:'SetActivityOrientation', with key:'set_activity_orientation'
12-14 00:24:00.105 I/InstrumentationBackend( 4128): Added:'GetActivityOrientation', with key:'get_activity_orientation'
12-14 00:24:00.105 I/InstrumentationBackend( 4128): Added:'FakeGPSLocation', with key:'set_gps_coordinates'
12-14 00:24:00.105 I/InstrumentationBackend( 4128): Added:'SetPropertyByCssSelector', with key:'set_property_by_css_selector'
12-14 00:24:00.107 I/InstrumentationBackend( 4128): Added:'GetUrl', with key:'get_url'
12-14 00:24:00.110 I/InstrumentationBackend( 4128): Added:'ScrollTo', with key:'scroll_to'
12-14 00:24:00.110 I/InstrumentationBackend( 4128): Added:'GetLoadProgress', with key:'get_load_progress'
12-14 00:24:00.111 I/InstrumentationBackend( 4128): Added:'DumpHtml', with key:'dump_html'
12-14 00:24:00.111 I/InstrumentationBackend( 4128): Added:'DumpBodyHtml', with key:'dump_body_html'
12-14 00:24:00.112 I/InstrumentationBackend( 4128): Added:'EnterTextByCssSelector', with key:'enter_text_by_selector'
12-14 00:24:00.118 I/InstrumentationBackend( 4128): Added:'AndroidSDKVersion', with key:'android_sdk_version'
12-14 00:24:00.119 I/InstrumentationBackend( 4128): Added:'Version', with key:'version'
12-14 00:24:00.120 I/InstrumentationBackend( 4128): Added:'Drag', with key:'drag'
12-14 00:24:00.121 I/InstrumentationBackend( 4128): Added:'TouchCoordinates', with key:'touch_coordinate'
12-14 00:24:00.121 I/InstrumentationBackend( 4128): Added:'LongPressCoordinate', with key:'long_press_coordinate'
12-14 00:24:00.121 I/InstrumentationBackend( 4128): Added:'DragCoordinates', with key:'drag_coordinates'
12-14 00:24:00.122 I/InstrumentationBackend( 4128): Added:'ResumeApplication', with key:'resume_application'
12-14 00:24:00.123 I/InstrumentationBackend( 4128): Added:'Swipe', with key:'swipe'
12-14 00:24:00.123 I/InstrumentationBackend( 4128): Added:'DoubleTapCoordinate', with key:'double_tap_coordinate'
12-14 00:24:00.123 I/InstrumentationBackend( 4128): Added:'ClickOnScreen', with key:'click_on_screen'
12-14 00:24:00.125 I/InstrumentationBackend( 4128): Added:'GetActivityName', with key:'get_activity_name'
12-14 00:24:00.125 I/InstrumentationBackend( 4128): Added:'ScrollToView', with key:'scroll_to_view'
12-14 00:24:00.126 I/InstrumentationBackend( 4128): Added:'ViewConfiguration', with key:'view_configuration'
12-14 00:24:00.127 I/InstrumentationBackend( 4128): Added:'IsCurrentActivityFocused', with key:'is_current_activity_focused'
12-14 00:24:00.129 I/InstrumentationBackend( 4128): Added:'SendTcp', with key:'send_tcp'
12-14 00:24:00.129 I/InstrumentationBackend( 4128): Added:'DpToDevicePixel', with key:'dp_to_device_pixel'
12-14 00:24:00.131 I/InstrumentationBackend( 4128): Added:'KeyboardEnterText', with key:'keyboard_enter_text'
12-14 00:24:00.132 I/InstrumentationBackend( 4128): Added:'DeleteSurroundingText', with key:'delete_surrounding_text'
12-14 00:24:00.132 I/InstrumentationBackend( 4128): Added:'SetComposingRegion', with key:'set_composing_region'
12-14 00:24:00.132 I/InstrumentationBackend( 4128): Added:'SetSelection', with key:'set_selection'
12-14 00:24:00.133 I/InstrumentationBackend( 4128): Added:'KeyboardKeyEvent', with key:'keyboard_key_event'
12-14 00:24:00.134 I/InstrumentationBackend( 4128): Added:'PressUserActionButton', with key:'press_user_action_button'
12-14 00:24:00.135 I/InstrumentationBackend( 4128): Added:'HideSoftKeyboard', with key:'hide_soft_keyboard'
12-14 00:24:00.136 E/adbd    ( 1356): failed to connect to socket 'tcp:7102': Connection refused
12-14 00:24:00.139 I/InstrumentationBackend( 4128): Added:'ListActions', with key:'list_actions'
12-14 00:24:00.140 I/calabash( 4128): Instantiating http server at 7102
12-14 00:24:00.141 I/System.out( 4128): HTTP Daemon listening on: 7102
12-14 00:24:00.148 I/System.out( 4128): URI: //ping
12-14 00:24:00.148 I/System.out( 4128): params: {json={}
12-14 00:24:00.148 I/System.out( 4128): }
12-14 00:24:00.157 I/System.out( 4128): URI: //ping
12-14 00:24:00.157 I/System.out( 4128): params: {json={}
12-14 00:24:00.158 I/System.out( 4128): }
12-14 00:24:00.158 I/BackgroundDexOptService( 1626): Pinning optimized code {}
12-14 00:24:00.166 I/System.out( 4128): URI: //ready
12-14 00:24:00.166 I/System.out( 4128): params: {json={}
12-14 00:24:00.166 I/System.out( 4128): }
12-14 00:24:00.172 I/System.out( 4128): URI: //
12-14 00:24:00.172 I/System.out( 4128): params: {json={"command":"version","arguments":[]}
12-14 00:24:00.172 I/System.out( 4128): }
12-14 00:24:00.172 I/System.out( 4128): header: {content-type=application/json;charset=utf-8, date=Mon, 14 Dec 2020 05:24:00 GMT, accept=*/*, host=127.0.0.1:34777, content-length=36, user-agent=HTTPClient/1.0 (2.8.3, ruby 2.5.8 (2020-03-31))}
12-14 00:24:00.172 I/System.out( 4128): params: {json={"command":"version","arguments":[]}
12-14 00:24:00.172 I/System.out( 4128): }
12-14 00:24:00.173 I/System.out( 4128): ProP json = {"command":"version","arguments":[]}
12-14 00:24:00.173 I/System.out( 4128): files: {}
12-14 00:24:00.173 I/System.out( 4128): command: {"command":"version","arguments":[]}
12-14 00:24:00.200 I/InstrumentationBackend( 4128): Got command:'Command:'Line:null,version', arguments:'[]'
12-14 00:24:00.236 I/System.out( 4128): result:{"bonusInformation":[],"message":"0.9.8","success":true}
12-14 00:24:00.242 I/System.out( 4128): URI: //start-application
12-14 00:24:00.242 I/System.out( 4128): params: {json={"intent":null}
12-14 00:24:00.242 I/System.out( 4128): }
12-14 00:24:00.290 I/calabash( 4128): newActivity1
12-14 00:24:00.317 D/gralloc_ranchu( 1396): gralloc_alloc: Creating ashmem region of size 7753728
12-14 00:24:00.331 I/calabash( 4128): newActivity1
12-14 00:24:00.375 D/EGL_emulation( 2171): eglMakeCurrent: 0xa4bfdfe0: ver 3 0 (tinfo 0xa4bff840)
12-14 00:24:00.381 D/EGL_emulation( 2145): eglMakeCurrent: 0xa7405540: ver 3 0 (tinfo 0xa74033d0)
12-14 00:24:00.382 D/EGL_emulation( 1730): eglMakeCurrent: 0xa2c7f1c0: ver 3 0 (tinfo 0xa2c1adb0)
12-14 00:24:00.403 D/EGL_emulation( 1730): eglMakeCurrent: 0xa2c7f1c0: ver 3 0 (tinfo 0xa2c1adb0)
12-14 00:24:00.411 E/ContentStoreEUAS( 2171): Failed to commit the deferred actions
12-14 00:24:00.414 D/EGL_emulation( 1730): eglMakeCurrent: 0xa2c7f1c0: ver 3 0 (tinfo 0xa2c1adb0)
12-14 00:24:00.416 V/StatusBar( 1730): setLightsOn(true)
12-14 00:24:00.419 D/EGL_emulation( 1730): eglMakeCurrent: 0xa2c7f1c0: ver 3 0 (tinfo 0xa2c1adb0)
12-14 00:24:00.556 I/chatty  ( 1730): uid=10028(u0_a28) RenderThread identical 16 lines
12-14 00:24:00.560 D/EGL_emulation( 1730): eglMakeCurrent: 0xa2c7f1c0: ver 3 0 (tinfo 0xa2c1adb0)
12-14 00:24:00.565 V/StatusBar( 1730): setLightsOn(true)
12-14 00:24:00.568 D/EGL_emulation( 1730): eglMakeCurrent: 0xa2c7f1c0: ver 3 0 (tinfo 0xa2c1adb0)
12-14 00:24:00.582 I/chatty  ( 1730): uid=10028(u0_a28) RenderThread identical 1 line
12-14 00:24:00.586 D/EGL_emulation( 1730): eglMakeCurrent: 0xa2c7f1c0: ver 3 0 (tinfo 0xa2c1adb0)
12-14 00:24:00.600 I/zygote  ( 4128): Do partial code cache collection, code=28KB, data=30KB
12-14 00:24:00.602 I/zygote  ( 4128): After code cache collection, code=28KB, data=30KB
12-14 00:24:00.602 I/zygote  ( 4128): Increasing code cache capacity to 128KB
12-14 00:24:00.603 I/zygote  ( 4128): Do partial code cache collection, code=28KB, data=48KB
12-14 00:24:00.603 I/zygote  ( 4128): After code cache collection, code=28KB, data=48KB
12-14 00:24:00.603 I/zygote  ( 4128): Increasing code cache capacity to 256KB
12-14 00:24:00.604 I/zygote  ( 4128): JIT allocated 71KB for compiled code of void android.widget.TextView.<init>(android.content.Context, android.util.AttributeSet, int, int)
12-14 00:24:00.604 I/zygote  ( 4128): Compiler allocated 4MB to compile void android.widget.TextView.<init>(android.content.Context, android.util.AttributeSet, int, int)
12-14 00:24:00.620 V/StatusBar( 1730): setLightsOn(true)
12-14 00:24:00.622 I/chatty  ( 1730): uid=10028(u0_a28) com.android.systemui identical 1 line
12-14 00:24:00.622 V/StatusBar( 1730): setLightsOn(true)
12-14 00:24:00.655 D/gralloc_ranchu( 1396): gralloc_alloc: Creating ashmem region of size 7753728
12-14 00:24:00.684 D/        ( 4128): HostConnection::get() New Host Connection established 0xa4830f80, tid 4128
12-14 00:24:00.740 V/StatusBar( 1730): setLightsOn(true)
12-14 00:24:00.743 V/StatusBar( 1730): setLightsOn(true)
12-14 00:24:00.748 I/ActivityManager( 1626): Displayed com.evancharlton.mileage/.Mileage: +458ms
12-14 00:24:00.751 V/StatusBar( 1730): setLightsOn(true)
12-14 00:24:00.755 V/StatusBar( 1730): setLightsOn(true)
12-14 00:24:00.786 D/gralloc_ranchu( 1396): gralloc_alloc: Creating ashmem region of size 7753728
12-14 00:24:00.795 V/StatusBar( 1730): setLightsOn(true)
12-14 00:24:00.928 V/StatusBar( 1730): setLightsOn(true)
12-14 00:24:00.936 D/WificondControl( 1626): Scan result ready event
12-14 00:24:00.951 I/zygote  ( 4128): Do full code cache collection, code=125KB, data=71KB
12-14 00:24:00.951 I/zygote  ( 4128): After code cache collection, code=108KB, data=44KB
12-14 00:24:00.958 V/StatusBar( 1730): setLightsOn(true)
12-14 00:24:01.055 D/BoundBrokerSvc( 1943): onUnbind: Intent { act=com.google.android.gms.clearcut.service.START cmp=com.google.android.gms/.chimera.PersistentDirectBootAwareApiService }
12-14 00:24:01.062 D/BoundBrokerSvc( 2222): onUnbind: Intent { act=com.google.android.mdd.service.START cmp=com.google.android.gms/.chimera.GmsBoundBrokerService }
12-14 00:24:01.092 V/StatusBar( 1730): setLightsOn(true)
12-14 00:24:01.093 V/StatusBar( 1730): setLightsOn(true)
12-14 00:24:01.097 I/System.out( 4128): URI: //kill
12-14 00:24:01.097 I/System.out( 4128): params: {json={}
12-14 00:24:01.097 I/System.out( 4128): }
12-14 00:24:01.097 I/System.out( 4128): Stopping test server
12-14 00:24:01.102 E/adbd    ( 1356): failed to connect to socket 'tcp:7102': Connection refused
12-14 00:24:01.104 E/adbd    ( 1356): failed to connect to socket 'tcp:7102': Connection refused
12-14 00:24:01.110 V/StatusBar( 1730): setLightsOn(true)
12-14 00:24:01.124 W/SurfaceFlinger( 1411): couldn't log to binary event log: overflow.
12-14 00:24:01.165 V/StatusBar( 1730): setLightsOn(true)
12-14 00:24:01.185 I/chatty  ( 1730): uid=10028(u0_a28) com.android.systemui identical 2 lines
12-14 00:24:01.189 V/StatusBar( 1730): setLightsOn(true)
12-14 00:24:01.190 D/gralloc_ranchu( 1396): gralloc_alloc: Creating ashmem region of size 8298496
12-14 00:24:01.225 I/chatty  ( 1396): uid=1000(system) allocator@2.0-s identical 1 line
12-14 00:24:01.278 D/gralloc_ranchu( 1396): gralloc_alloc: Creating ashmem region of size 8298496
12-14 00:24:01.288 D/SurfaceFlinger( 1411): duplicate layer name: changing com.google.android.apps.nexuslauncher/com.google.android.apps.nexuslauncher.NexusLauncherActivity to com.google.android.apps.nexuslauncher/com.google.android.apps.nexuslauncher.NexusLauncherActivity#1
12-14 00:24:01.303 D/gralloc_ranchu( 1396): gralloc_alloc: Creating ashmem region of size 8298496
12-14 00:24:01.323 D/EGL_emulation( 1730): eglMakeCurrent: 0xa2c7f1c0: ver 3 0 (tinfo 0xa2c1adb0)
12-14 00:24:01.331 D/gralloc_ranchu( 1396): gralloc_alloc: Creating ashmem region of size 8298496
12-14 00:24:01.357 D/EGL_emulation( 2171): eglMakeCurrent: 0xa4bfdfe0: ver 3 0 (tinfo 0xa4bff840)
12-14 00:24:01.358 D/gralloc_ranchu( 1396): gralloc_alloc: Creating ashmem region of size 8298496
12-14 00:24:01.389 I/MicroDetectionWorker( 2171): #updateMicroDetector [detectionMode: [mDetectionMode: [1]]]
12-14 00:24:01.389 I/MicroDetectionWorker( 2171): #startMicroDetector [speakerMode: 0]
12-14 00:24:01.390 I/AudioController( 2171): Using mInputStreamFactoryBuilder
12-14 00:24:01.393 I/MicroDetectionWorker( 2171): onReady
12-14 00:24:01.394 D/EGL_emulation( 2145): eglMakeCurrent: 0xa7405540: ver 3 0 (tinfo 0xa74033d0)
12-14 00:24:01.400 I/MicroRecognitionRunner( 2171): Starting detection.
12-14 00:24:01.402 I/MicrophoneInputStream( 2171): mic_starting com.google.android.apps.gsa.staticplugins.aa.c@e53d621
12-14 00:24:01.416 I/AudioFlinger( 1476): AudioFlinger's thread 0xa8483400 tid=4181 ready to run
12-14 00:24:01.419 I/MicrophoneInputStream( 2171): mic_started com.google.android.apps.gsa.staticplugins.aa.c@e53d621
12-14 00:24:01.420 I/MicroDetectionWorker( 2171): onReady
12-14 00:24:01.421 I/MicrophoneInputStream( 2171): mic_close com.google.android.apps.gsa.staticplugins.aa.c@e53d621
12-14 00:24:01.422 I/MicroRecognitionRunner( 2171): Detection finished
12-14 00:24:01.422 W/ErrorReporter( 2171): reportError [type: 211, code: 524300]: Error reading from input stream
12-14 00:24:01.423 I/MicroRecognitionRunner( 2171): Stopping hotword detection.
12-14 00:24:01.423 W/ErrorProcessor( 2171): onFatalError, processing error from engine(4)
12-14 00:24:01.423 W/ErrorProcessor( 2171): com.google.android.apps.gsa.shared.speech.b.g: Error reading from input stream
12-14 00:24:01.423 W/ErrorProcessor( 2171): 	at com.google.android.apps.gsa.staticplugins.recognizer.j.a.a(SourceFile:28)
12-14 00:24:01.423 W/ErrorProcessor( 2171): 	at com.google.android.apps.gsa.staticplugins.recognizer.j.b.run(SourceFile:15)
12-14 00:24:01.423 W/ErrorProcessor( 2171): 	at java.util.concurrent.Executors$RunnableAdapter.call(Executors.java:457)
12-14 00:24:01.423 W/ErrorProcessor( 2171): 	at java.util.concurrent.FutureTask.run(FutureTask.java:266)
12-14 00:24:01.423 W/ErrorProcessor( 2171): 	at com.google.android.apps.gsa.shared.util.concurrent.a.ax.run(SourceFile:14)
12-14 00:24:01.423 W/ErrorProcessor( 2171): 	at com.google.android.apps.gsa.shared.util.concurrent.a.bl.run(SourceFile:4)
12-14 00:24:01.423 W/ErrorProcessor( 2171): 	at com.google.android.apps.gsa.shared.util.concurrent.a.bl.run(SourceFile:4)
12-14 00:24:01.423 W/ErrorProcessor( 2171): 	at java.util.concurrent.ThreadPoolExecutor.runWorker(ThreadPoolExecutor.java:1162)
12-14 00:24:01.423 W/ErrorProcessor( 2171): 	at java.util.concurrent.ThreadPoolExecutor$Worker.run(ThreadPoolExecutor.java:636)
12-14 00:24:01.423 W/ErrorProcessor( 2171): 	at java.lang.Thread.run(Thread.java:764)
12-14 00:24:01.423 W/ErrorProcessor( 2171): 	at com.google.android.apps.gsa.shared.util.concurrent.a.ai.run(SourceFile:6)
12-14 00:24:01.423 W/ErrorProcessor( 2171): Caused by: com.google.android.apps.gsa.shared.exception.GsaIOException: Error code: 393238 | Buffer overflow, no available space.
12-14 00:24:01.423 W/ErrorProcessor( 2171): 	at com.google.android.apps.gsa.speech.audio.Tee.f(SourceFile:103)
12-14 00:24:01.423 W/ErrorProcessor( 2171): 	at com.google.android.apps.gsa.speech.audio.au.read(SourceFile:2)
12-14 00:24:01.423 W/ErrorProcessor( 2171): 	at java.io.InputStream.read(InputStream.java:101)
12-14 00:24:01.423 W/ErrorProcessor( 2171): 	at com.google.android.apps.gsa.speech.audio.ao.run(SourceFile:18)
12-14 00:24:01.423 W/ErrorProcessor( 2171): 	at com.google.android.apps.gsa.speech.audio.an.run(SourceFile:2)
12-14 00:24:01.423 W/ErrorProcessor( 2171): 	... 9 more
12-14 00:24:01.423 I/AudioController( 2171): internalShutdown
12-14 00:24:01.433 I/DeviceStateChecker( 2171): DeviceStateChecker cancelled
12-14 00:24:01.433 I/MicroDetector( 2171): Keeping mic open: false
12-14 00:24:01.434 I/MicroDetectionWorker( 2171): #onError(false)
12-14 00:24:01.436 D/gralloc_ranchu( 1396): gralloc_alloc: Creating ashmem region of size 7753728
12-14 00:24:01.467 D/EGL_emulation( 1730): eglMakeCurrent: 0xa2c7f1c0: ver 3 0 (tinfo 0xa2c1adb0)
12-14 00:24:01.681 I/chatty  ( 1730): uid=10028(u0_a28) RenderThread identical 19 lines
12-14 00:24:01.704 D/EGL_emulation( 1730): eglMakeCurrent: 0xa2c7f1c0: ver 3 0 (tinfo 0xa2c1adb0)
12-14 00:24:01.898 W/OpenGLRenderer( 2145): Incorrectly called buildLayer on View: ShortcutAndWidgetContainer, destroying layer...
12-14 00:24:01.938 I/OpenGLRenderer( 1626): Initialized EGL, version 1.4
12-14 00:24:01.938 D/OpenGLRenderer( 1626): Swap behavior 1
12-14 00:24:01.939 W/OpenGLRenderer( 1626): Failed to choose config with EGL_SWAP_BEHAVIOR_PRESERVED, retrying without...
12-14 00:24:01.939 D/OpenGLRenderer( 1626): Swap behavior 0
12-14 00:24:01.945 D/EGL_emulation( 1626): eglCreateContext: 0xa7407b20: maj 3 min 0 rcv 3
12-14 00:24:01.948 D/EGL_emulation( 1626): eglMakeCurrent: 0xa7407b20: ver 3 0 (tinfo 0x91b48800)
12-14 00:24:01.949 E/eglCodecCommon( 1626): glUtilsParamSize: unknow param 0x00008cdf
12-14 00:24:01.949 E/eglCodecCommon( 1626): glUtilsParamSize: unknow param 0x00008cdf
12-14 00:24:01.950 E/eglCodecCommon( 1626): glUtilsParamSize: unknow param 0x00008824
12-14 00:24:01.950 E/eglCodecCommon( 1626): glUtilsParamSize: unknow param 0x00008824
12-14 00:24:02.095 I/WebViewFactory( 2171): Loading com.android.chrome version 58.0.3029.125 (code 303012512)
12-14 00:24:02.147 I/cr_LibraryLoader( 2171): Time to load native libraries: 3 ms (timestamps 1870-1873)
12-14 00:24:02.157 I/chromium( 2171): [INFO:library_loader_hooks.cc(140)] Chromium logging enabled: level = 0, default verbosity = 0
12-14 00:24:02.157 I/cr_LibraryLoader( 2171): Expected native library version number "58.0.3029.125", actual native library version number "58.0.3029.125"
12-14 00:24:02.175 W/CookieHeaderHelper( 2171): Auth token not ready, no auth header set.
12-14 00:24:02.201 I/cr_CronetLibraryLoader( 2171): Cronet version: 59.0.3071.25, arch: i686
12-14 00:24:02.423 D/NetworkSecurityConfig( 2171): Using Network Security Config from resource network_security_config debugBuild: false
12-14 00:24:02.561 E/memtrack( 1626): Couldn't load memtrack module
12-14 00:24:02.561 W/android.os.Debug( 1626): failed to get memory consumption info: -1
--------- beginning of system
12-14 00:24:04.300 E/TaskPersister( 1626): File error accessing recents directory (directory doesn't exist?).
12-14 00:24:04.417 D/AndroidRuntime( 4197): >>>>>> START com.android.internal.os.RuntimeInit uid 2000 <<<<<<
12-14 00:24:04.463 W/app_process( 4197): Unexpected CPU variant for X86 using defaults: x86
12-14 00:24:04.478 D/AndroidRuntime( 4197): Calling main entry com.android.commands.am.Am
12-14 00:24:04.481 I/ActivityManager( 1626): Force stopping com.evancharlton.mileage appid=10222 user=0: start instr
12-14 00:24:04.481 I/ActivityManager( 1626): Killing 4128:com.evancharlton.mileage/u0a222 (adj 0): stop com.evancharlton.mileage
12-14 00:24:04.484 W/ActivityManager( 1626): Crash of app com.evancharlton.mileage running instrumentation ComponentInfo{com.evancharlton.mileage.test/sh.calaba.instrumentationbackend.CalabashInstrumentationTestRunner}
12-14 00:24:04.484 I/ActivityManager( 1626): Force stopping com.evancharlton.mileage appid=10222 user=0: finished inst
12-14 00:24:04.491 I/zygote  ( 4207): Not late-enabling -Xcheck:jni (already on)
12-14 00:24:04.497 I/ActivityManager( 1626): Start proc 4207:com.evancharlton.mileage/u0a222 for added application com.evancharlton.mileage
12-14 00:24:04.497 D/AndroidRuntime( 4197): Shutting down VM
12-14 00:24:04.498 E/memtrack( 1626): Couldn't load memtrack module
12-14 00:24:04.498 W/android.os.Debug( 1626): failed to get memory consumption info: -1
12-14 00:24:04.502 W/zygote  ( 4207): Unexpected CPU variant for X86 using defaults: x86
12-14 00:24:04.507 E/memtrack( 1626): Couldn't load memtrack module
12-14 00:24:04.507 W/android.os.Debug( 1626): failed to get memory consumption info: -1
12-14 00:24:04.518 W/ActivityManager( 1626): setHasOverlayUi called on unknown pid: 4128
12-14 00:24:04.521 E/adbd    ( 1356): failed to connect to socket 'tcp:7102': Connection refused
12-14 00:24:04.526 E/adbd    ( 1356): failed to connect to socket 'tcp:7102': Connection refused
12-14 00:24:04.530 W/zygote  ( 4207): Found duplicate classes, falling back to extracting from APK : /data/app/com.evancharlton.mileage.test-u8u-RArwlNVa8j_fUY7ngQ==/base.apk
12-14 00:24:04.530 W/zygote  ( 4207): NOTE: This wastes RAM and hurts startup performance.
12-14 00:24:04.530 W/zygote  ( 4207): Found duplicated class when checking oat files: 'Ljunit/runner/BaseTestRunner;' in /data/app/com.evancharlton.mileage.test-u8u-RArwlNVa8j_fUY7ngQ==/base.apk and /system/framework/android.test.runner.jar
12-14 00:24:04.530 W/zygote  ( 4207): 
12-14 00:24:04.557 W/System  ( 4207): ClassLoader referenced unknown path: 
12-14 00:24:04.569 I/System.out( 4207): Main activity name automatically set to: com.evancharlton.mileage.Mileage
12-14 00:24:04.570 I/System.out( 4207): Calabash did not load Mono. This is only a problem if you are trying to test a Mono application
12-14 00:24:04.570 I/calabash( 4207): Test server port: 7102
12-14 00:24:04.573 I/InstrumentationBackend( 4207): Added:'GetPreferences', with key:'get_preferences'
12-14 00:24:04.631 I/InstrumentationBackend( 4207): Added:'SetPreferences', with key:'set_preferences'
12-14 00:24:04.632 I/InstrumentationBackend( 4207): Added:'ClearPreferences', with key:'clear_preferences'
12-14 00:24:04.632 I/InstrumentationBackend( 4207): Added:'PressElement', with key:'press_l10n_element'
12-14 00:24:04.632 I/InstrumentationBackend( 4207): Added:'WaitForElement', with key:'wait_for_l10n_element'
12-14 00:24:04.633 I/InstrumentationBackend( 4207): Added:'NullAction', with key:'nullAction'
12-14 00:24:04.633 I/InstrumentationBackend( 4207): Added:'PressKey', with key:'press_key'
12-14 00:24:04.633 I/InstrumentationBackend( 4207): Added:'SetActivityOrientation', with key:'set_activity_orientation'
12-14 00:24:04.634 I/InstrumentationBackend( 4207): Added:'GetActivityOrientation', with key:'get_activity_orientation'
12-14 00:24:04.634 I/InstrumentationBackend( 4207): Added:'FakeGPSLocation', with key:'set_gps_coordinates'
12-14 00:24:04.635 I/InstrumentationBackend( 4207): Added:'SetPropertyByCssSelector', with key:'set_property_by_css_selector'
12-14 00:24:04.636 I/InstrumentationBackend( 4207): Added:'GetUrl', with key:'get_url'
12-14 00:24:04.638 I/InstrumentationBackend( 4207): Added:'ScrollTo', with key:'scroll_to'
12-14 00:24:04.638 I/InstrumentationBackend( 4207): Added:'GetLoadProgress', with key:'get_load_progress'
12-14 00:24:04.639 I/InstrumentationBackend( 4207): Added:'DumpHtml', with key:'dump_html'
12-14 00:24:04.640 I/InstrumentationBackend( 4207): Added:'DumpBodyHtml', with key:'dump_body_html'
12-14 00:24:04.640 E/adbd    ( 1356): failed to connect to socket 'tcp:7102': Connection refused
12-14 00:24:04.640 I/InstrumentationBackend( 4207): Added:'EnterTextByCssSelector', with key:'enter_text_by_selector'
12-14 00:24:04.642 E/adbd    ( 1356): failed to connect to socket 'tcp:7102': Connection refused
12-14 00:24:04.645 I/InstrumentationBackend( 4207): Added:'AndroidSDKVersion', with key:'android_sdk_version'
12-14 00:24:04.646 I/InstrumentationBackend( 4207): Added:'Version', with key:'version'
12-14 00:24:04.646 I/InstrumentationBackend( 4207): Added:'Drag', with key:'drag'
12-14 00:24:04.647 I/InstrumentationBackend( 4207): Added:'TouchCoordinates', with key:'touch_coordinate'
12-14 00:24:04.647 I/InstrumentationBackend( 4207): Added:'LongPressCoordinate', with key:'long_press_coordinate'
12-14 00:24:04.648 I/InstrumentationBackend( 4207): Added:'DragCoordinates', with key:'drag_coordinates'
12-14 00:24:04.648 I/InstrumentationBackend( 4207): Added:'ResumeApplication', with key:'resume_application'
12-14 00:24:04.648 I/InstrumentationBackend( 4207): Added:'Swipe', with key:'swipe'
12-14 00:24:04.648 I/InstrumentationBackend( 4207): Added:'DoubleTapCoordinate', with key:'double_tap_coordinate'
12-14 00:24:04.649 I/InstrumentationBackend( 4207): Added:'ClickOnScreen', with key:'click_on_screen'
12-14 00:24:04.649 I/InstrumentationBackend( 4207): Added:'GetActivityName', with key:'get_activity_name'
12-14 00:24:04.650 I/InstrumentationBackend( 4207): Added:'ScrollToView', with key:'scroll_to_view'
12-14 00:24:04.650 I/InstrumentationBackend( 4207): Added:'ViewConfiguration', with key:'view_configuration'
12-14 00:24:04.650 I/InstrumentationBackend( 4207): Added:'IsCurrentActivityFocused', with key:'is_current_activity_focused'
12-14 00:24:04.651 I/InstrumentationBackend( 4207): Added:'SendTcp', with key:'send_tcp'
12-14 00:24:04.651 I/InstrumentationBackend( 4207): Added:'DpToDevicePixel', with key:'dp_to_device_pixel'
12-14 00:24:04.652 I/InstrumentationBackend( 4207): Added:'KeyboardEnterText', with key:'keyboard_enter_text'
12-14 00:24:04.653 I/InstrumentationBackend( 4207): Added:'DeleteSurroundingText', with key:'delete_surrounding_text'
12-14 00:24:04.653 I/InstrumentationBackend( 4207): Added:'SetComposingRegion', with key:'set_composing_region'
12-14 00:24:04.654 I/InstrumentationBackend( 4207): Added:'SetSelection', with key:'set_selection'
12-14 00:24:04.654 I/InstrumentationBackend( 4207): Added:'KeyboardKeyEvent', with key:'keyboard_key_event'
12-14 00:24:04.655 I/InstrumentationBackend( 4207): Added:'PressUserActionButton', with key:'press_user_action_button'
12-14 00:24:04.656 I/InstrumentationBackend( 4207): Added:'HideSoftKeyboard', with key:'hide_soft_keyboard'
12-14 00:24:04.657 I/InstrumentationBackend( 4207): Added:'ListActions', with key:'list_actions'
12-14 00:24:04.657 I/calabash( 4207): Instantiating http server at 7102
12-14 00:24:04.657 I/System.out( 4207): HTTP Daemon listening on: 7102
12-14 00:24:04.753 I/System.out( 4207): URI: //ping
12-14 00:24:04.754 I/System.out( 4207): params: {json={}
12-14 00:24:04.754 I/System.out( 4207): }
12-14 00:24:04.761 I/System.out( 4207): URI: //ping
12-14 00:24:04.761 I/System.out( 4207): params: {json={}
12-14 00:24:04.761 I/System.out( 4207): }
12-14 00:24:04.768 I/System.out( 4207): URI: //ready
12-14 00:24:04.768 I/System.out( 4207): params: {json={}
12-14 00:24:04.768 I/System.out( 4207): }
12-14 00:24:04.774 I/System.out( 4207): URI: //
12-14 00:24:04.775 I/System.out( 4207): params: {json={"command":"version","arguments":[]}
12-14 00:24:04.775 I/System.out( 4207): }
12-14 00:24:04.775 I/System.out( 4207): header: {content-type=application/json;charset=utf-8, date=Mon, 14 Dec 2020 05:24:05 GMT, accept=*/*, host=127.0.0.1:34777, content-length=36, user-agent=HTTPClient/1.0 (2.8.3, ruby 2.5.8 (2020-03-31))}
12-14 00:24:04.775 I/System.out( 4207): params: {json={"command":"version","arguments":[]}
12-14 00:24:04.775 I/System.out( 4207): }
12-14 00:24:04.775 I/System.out( 4207): ProP json = {"command":"version","arguments":[]}
12-14 00:24:04.775 I/System.out( 4207): files: {}
12-14 00:24:04.775 I/System.out( 4207): command: {"command":"version","arguments":[]}
12-14 00:24:04.803 I/InstrumentationBackend( 4207): Got command:'Command:'Line:null,version', arguments:'[]'
12-14 00:24:04.839 I/System.out( 4207): result:{"bonusInformation":[],"message":"0.9.8","success":true}
12-14 00:24:04.845 I/System.out( 4207): URI: //start-application
12-14 00:24:04.845 I/System.out( 4207): params: {json={"intent":null}
12-14 00:24:04.845 I/System.out( 4207): }
12-14 00:24:04.883 I/ActivityManager( 1626): START u0 {act=android.intent.action.MAIN cat=[android.intent.category.LAUNCHER] flg=0x10200000 cmp=com.evancharlton.mileage/.Mileage} from uid 10222
12-14 00:24:04.896 I/calabash( 4207): newActivity1
12-14 00:24:04.919 D/gralloc_ranchu( 1396): gralloc_alloc: Creating ashmem region of size 7753728
12-14 00:24:04.922 W/ActivityManager( 1626): Bad activity token: android.os.BinderProxy@34fe812
12-14 00:24:04.922 W/ActivityManager( 1626): java.lang.ClassCastException: android.os.BinderProxy cannot be cast to com.android.server.am.ActivityRecord$Token
12-14 00:24:04.922 W/ActivityManager( 1626): 	at com.android.server.am.ActivityRecord.forTokenLocked(ActivityRecord.java:778)
12-14 00:24:04.922 W/ActivityManager( 1626): 	at com.android.server.am.ActivityRecord.isInStackLocked(ActivityRecord.java:2085)
12-14 00:24:04.922 W/ActivityManager( 1626): 	at com.android.server.am.ActivityRecord.getStackLocked(ActivityRecord.java:2090)
12-14 00:24:04.922 W/ActivityManager( 1626): 	at com.android.server.am.ActivityManagerService.getActivityDisplayId(ActivityManagerService.java:10406)
12-14 00:24:04.922 W/ActivityManager( 1626): 	at android.app.IActivityManager$Stub.onTransact(IActivityManager.java:2738)
12-14 00:24:04.922 W/ActivityManager( 1626): 	at com.android.server.am.ActivityManagerService.onTransact(ActivityManagerService.java:2935)
12-14 00:24:04.922 W/ActivityManager( 1626): 	at android.os.Binder.execTransact(Binder.java:674)
12-14 00:24:04.924 I/calabash( 4207): newActivity1
12-14 00:24:04.946 W/ActivityManager( 1626): Bad activity token: android.os.BinderProxy@34fe812
12-14 00:24:04.946 W/ActivityManager( 1626): java.lang.ClassCastException: android.os.BinderProxy cannot be cast to com.android.server.am.ActivityRecord$Token
12-14 00:24:04.946 W/ActivityManager( 1626): 	at com.android.server.am.ActivityRecord.forTokenLocked(ActivityRecord.java:778)
12-14 00:24:04.946 W/ActivityManager( 1626): 	at com.android.server.am.ActivityRecord.isInStackLocked(ActivityRecord.java:2085)
12-14 00:24:04.946 W/ActivityManager( 1626): 	at com.android.server.am.ActivityManagerService.setTaskDescription(ActivityManagerService.java:9988)
12-14 00:24:04.946 W/ActivityManager( 1626): 	at android.app.IActivityManager$Stub.onTransact(IActivityManager.java:2824)
12-14 00:24:04.946 W/ActivityManager( 1626): 	at com.android.server.am.ActivityManagerService.onTransact(ActivityManagerService.java:2935)
12-14 00:24:04.946 W/ActivityManager( 1626): 	at android.os.Binder.execTransact(Binder.java:674)
12-14 00:24:04.949 W/ActivityManager( 1626): Bad activity token: android.os.BinderProxy@34fe812
12-14 00:24:04.949 W/ActivityManager( 1626): java.lang.ClassCastException: android.os.BinderProxy cannot be cast to com.android.server.am.ActivityRecord$Token
12-14 00:24:04.949 W/ActivityManager( 1626): 	at com.android.server.am.ActivityRecord.forTokenLocked(ActivityRecord.java:778)
12-14 00:24:04.949 W/ActivityManager( 1626): 	at com.android.server.am.ActivityRecord.isInStackLocked(ActivityRecord.java:2085)
12-14 00:24:04.949 W/ActivityManager( 1626): 	at com.android.server.am.ActivityRecord.getStackLocked(ActivityRecord.java:2090)
12-14 00:24:04.949 W/ActivityManager( 1626): 	at com.android.server.am.ActivityManagerService.getActivityStackId(ActivityManagerService.java:10417)
12-14 00:24:04.949 W/ActivityManager( 1626): 	at android.app.IActivityManager$Stub.onTransact(IActivityManager.java:3548)
12-14 00:24:04.949 W/ActivityManager( 1626): 	at com.android.server.am.ActivityManagerService.onTransact(ActivityManagerService.java:2935)
12-14 00:24:04.949 W/ActivityManager( 1626): 	at android.os.Binder.execTransact(Binder.java:674)
12-14 00:24:04.999 E/ContentStoreEUAS( 2171): Failed to commit the deferred actions
12-14 00:24:05.002 D/EGL_emulation( 2145): eglMakeCurrent: 0xa7405540: ver 3 0 (tinfo 0xa74033d0)
12-14 00:24:05.015 D/EGL_emulation( 2171): eglMakeCurrent: 0xa4bfdfe0: ver 3 0 (tinfo 0xa4bff840)
12-14 00:24:05.028 D/EGL_emulation( 1730): eglMakeCurrent: 0xa2c7f1c0: ver 3 0 (tinfo 0xa2c1adb0)
12-14 00:24:05.036 I/chatty  ( 1730): uid=10028(u0_a28) RenderThread identical 1 line
12-14 00:24:05.043 D/EGL_emulation( 1730): eglMakeCurrent: 0xa2c7f1c0: ver 3 0 (tinfo 0xa2c1adb0)
12-14 00:24:05.044 V/StatusBar( 1730): setLightsOn(true)
12-14 00:24:05.053 D/EGL_emulation( 1730): eglMakeCurrent: 0xa2c7f1c0: ver 3 0 (tinfo 0xa2c1adb0)
12-14 00:24:05.071 W/ActivityManager( 1626): Bad activity token: android.os.BinderProxy@34fe812
12-14 00:24:05.071 W/ActivityManager( 1626): java.lang.ClassCastException: android.os.BinderProxy cannot be cast to com.android.server.am.ActivityRecord$Token
12-14 00:24:05.071 W/ActivityManager( 1626): 	at com.android.server.am.ActivityRecord.forTokenLocked(ActivityRecord.java:778)
12-14 00:24:05.071 W/ActivityManager( 1626): 	at com.android.server.am.ActivityRecord.isInStackLocked(ActivityRecord.java:2085)
12-14 00:24:05.071 W/ActivityManager( 1626): 	at com.android.server.am.ActivityManagerService.getActivityOptions(ActivityManagerService.java:13302)
12-14 00:24:05.071 W/ActivityManager( 1626): 	at android.app.IActivityManager$Stub.onTransact(IActivityManager.java:2910)
12-14 00:24:05.071 W/ActivityManager( 1626): 	at com.android.server.am.ActivityManagerService.onTransact(ActivityManagerService.java:2935)
12-14 00:24:05.071 W/ActivityManager( 1626): 	at android.os.Binder.execTransact(Binder.java:674)
12-14 00:24:05.073 W/ActivityManager( 1626): Bad activity token: android.os.BinderProxy@34fe812
12-14 00:24:05.073 W/ActivityManager( 1626): java.lang.ClassCastException: android.os.BinderProxy cannot be cast to com.android.server.am.ActivityRecord$Token
12-14 00:24:05.073 W/ActivityManager( 1626): 	at com.android.server.am.ActivityRecord.forTokenLocked(ActivityRecord.java:778)
12-14 00:24:05.073 W/ActivityManager( 1626): 	at com.android.server.am.ActivityRecord.isInStackLocked(ActivityRecord.java:2085)
12-14 00:24:05.073 W/ActivityManager( 1626): 	at com.android.server.am.ActivityManagerService.getActivityOptions(ActivityManagerService.java:13302)
12-14 00:24:05.073 W/ActivityManager( 1626): 	at android.app.IActivityManager$Stub.onTransact(IActivityManager.java:2910)
12-14 00:24:05.073 W/ActivityManager( 1626): 	at com.android.server.am.ActivityManagerService.onTransact(ActivityManagerService.java:2935)
12-14 00:24:05.073 W/ActivityManager( 1626): 	at android.os.Binder.execTransact(Binder.java:674)
12-14 00:24:05.172 I/chatty  ( 1730): uid=10028(u0_a28) RenderThread identical 14 lines
12-14 00:24:05.187 D/EGL_emulation( 1730): eglMakeCurrent: 0xa2c7f1c0: ver 3 0 (tinfo 0xa2c1adb0)
12-14 00:24:05.188 V/StatusBar( 1730): setLightsOn(true)
12-14 00:24:05.190 D/EGL_emulation( 1730): eglMakeCurrent: 0xa2c7f1c0: ver 3 0 (tinfo 0xa2c1adb0)
12-14 00:24:05.226 I/chatty  ( 1730): uid=10028(u0_a28) RenderThread identical 2 lines
12-14 00:24:05.227 D/EGL_emulation( 1730): eglMakeCurrent: 0xa2c7f1c0: ver 3 0 (tinfo 0xa2c1adb0)
12-14 00:24:05.231 I/zygote  ( 4207): Do partial code cache collection, code=29KB, data=30KB
12-14 00:24:05.232 I/zygote  ( 4207): After code cache collection, code=29KB, data=30KB
12-14 00:24:05.232 I/zygote  ( 4207): Increasing code cache capacity to 128KB
12-14 00:24:05.233 I/zygote  ( 4207): Do partial code cache collection, code=29KB, data=48KB
12-14 00:24:05.233 I/zygote  ( 4207): After code cache collection, code=29KB, data=48KB
12-14 00:24:05.233 I/zygote  ( 4207): Increasing code cache capacity to 256KB
12-14 00:24:05.234 I/zygote  ( 4207): JIT allocated 71KB for compiled code of void android.widget.TextView.<init>(android.content.Context, android.util.AttributeSet, int, int)
12-14 00:24:05.234 I/zygote  ( 4207): Compiler allocated 4MB to compile void android.widget.TextView.<init>(android.content.Context, android.util.AttributeSet, int, int)
12-14 00:24:05.245 D/EGL_emulation( 1730): eglMakeCurrent: 0xa2c7f1c0: ver 3 0 (tinfo 0xa2c1adb0)
12-14 00:24:05.247 V/StatusBar( 1730): setLightsOn(true)
12-14 00:24:05.267 D/gralloc_ranchu( 1396): gralloc_alloc: Creating ashmem region of size 7753728
12-14 00:24:05.292 D/        ( 4207): HostConnection::get() New Host Connection established 0xa4830b00, tid 4207
12-14 00:24:05.343 V/StatusBar( 1730): setLightsOn(true)
12-14 00:24:05.348 V/StatusBar( 1730): setLightsOn(true)
12-14 00:24:05.348 I/ActivityManager( 1626): Displayed com.evancharlton.mileage/.Mileage: +458ms
12-14 00:24:05.350 V/StatusBar( 1730): setLightsOn(true)
12-14 00:24:05.371 V/StatusBar( 1730): setLightsOn(true)
12-14 00:24:05.380 D/gralloc_ranchu( 1396): gralloc_alloc: Creating ashmem region of size 7753728
12-14 00:24:05.481 V/StatusBar( 1730): setLightsOn(true)
12-14 00:24:05.532 E/memtrack( 1626): Couldn't load memtrack module
12-14 00:24:05.532 W/android.os.Debug( 1626): failed to get memory consumption info: -1
12-14 00:24:05.544 V/StatusBar( 1730): setLightsOn(true)
