--------- beginning of main
12-14 00:53:19.361 V/StatusBar( 1734): setLightsOn(true)
12-14 00:53:19.634 I/zygote  ( 1943): Background concurrent copying GC freed 69598(4MB) AllocSpace objects, 8(292KB) LOS objects, 45% free, 7MB/13MB, paused 1.726ms total 202.238ms
12-14 00:53:19.868 I/System.out( 3917): URI: //kill
12-14 00:53:19.869 I/System.out( 3917): params: {json={}
12-14 00:53:19.869 I/System.out( 3917): }
12-14 00:53:19.869 I/System.out( 3917): Stopping test server
12-14 00:53:19.873 E/adbd    ( 1383): failed to connect to socket 'tcp:7102': Connection refused
12-14 00:53:19.875 E/adbd    ( 1383): failed to connect to socket 'tcp:7102': Connection refused
12-14 00:53:19.879 V/StatusBar( 1734): setLightsOn(true)
12-14 00:53:19.895 I/chatty  ( 1734): uid=10028(u0_a28) com.android.systemui identical 4 lines
12-14 00:53:19.900 V/StatusBar( 1734): setLightsOn(true)
12-14 00:53:19.903 D/gralloc_ranchu( 1396): gralloc_alloc: Creating ashmem region of size 8298496
12-14 00:53:19.921 D/gralloc_ranchu( 1396): gralloc_alloc: Creating ashmem region of size 8298496
12-14 00:53:19.924 D/SurfaceFlinger( 1405): duplicate layer name: changing com.google.android.apps.nexuslauncher/com.google.android.apps.nexuslauncher.NexusLauncherActivity to com.google.android.apps.nexuslauncher/com.google.android.apps.nexuslauncher.NexusLauncherActivity#1
12-14 00:53:19.932 D/gralloc_ranchu( 1396): gralloc_alloc: Creating ashmem region of size 8298496
12-14 00:53:19.948 D/gralloc_ranchu( 1396): gralloc_alloc: Creating ashmem region of size 8298496
12-14 00:53:19.969 D/EGL_emulation( 1734): eglMakeCurrent: 0x8836d3a0: ver 3 0 (tinfo 0x88318d60)
12-14 00:53:19.992 D/gralloc_ranchu( 1396): gralloc_alloc: Creating ashmem region of size 8298496
12-14 00:53:19.992 D/EGL_emulation( 2180): eglMakeCurrent: 0x9ba04cc0: ver 3 0 (tinfo 0x9ba037d0)
12-14 00:53:20.017 D/gralloc_ranchu( 1396): gralloc_alloc: Creating ashmem region of size 8298496
12-14 00:53:20.070 E/memtrack( 1629): Couldn't load memtrack module
12-14 00:53:20.077 W/android.os.Debug( 1629): failed to get memory consumption info: -1
12-14 00:53:20.093 D/BoundBrokerSvc( 1943): onUnbind: Intent { act=com.google.android.gms.auth.account.workaccount.START cmp=com.google.android.gms/.chimera.PersistentApiService }
12-14 00:53:20.102 D/EGL_emulation( 2147): eglMakeCurrent: 0x9957d3e0: ver 3 0 (tinfo 0x9957fc80)
12-14 00:53:20.149 I/zygote  ( 2180): Deoptimizing void com.google.android.apps.gsa.search.core.service.worker.a.a.a(com.google.android.apps.gsa.search.core.state.qc) due to JIT inline cache
12-14 00:53:20.155 D/gralloc_ranchu( 1396): gralloc_alloc: Creating ashmem region of size 7753728
12-14 00:53:20.164 E/GmsClient( 2180): unable to connect to service: com.google.android.gms.speech.service.START on com.google.android.gms
12-14 00:53:20.167 W/SessionLifecycleManager( 2180): Handover failed. Creating new session controller.
12-14 00:53:20.189 I/OptInState( 2180): There is a new client and it does not support opt-in. Dropping request.
12-14 00:53:20.212 I/zygote  ( 2180): Deoptimizing int[] com.google.common.collect.gx.b(java.lang.Object[], int, int, int) due to JIT inline cache
12-14 00:53:20.273 D/EGL_emulation( 1734): eglMakeCurrent: 0x8836d3a0: ver 3 0 (tinfo 0x88318d60)
12-14 00:53:20.277 I/zygote  ( 2180): Do full code cache collection, code=246KB, data=198KB
12-14 00:53:20.277 D/        ( 1734): HostConnection::get() New Host Connection established 0x87e5b740, tid 1752
12-14 00:53:20.287 I/zygote  ( 2180): After code cache collection, code=235KB, data=159KB
12-14 00:53:20.295 I/zygote  ( 2180): Background concurrent copying GC freed 17118(1109KB) AllocSpace objects, 9(3MB) LOS objects, 49% free, 3MB/7MB, paused 444us total 156.253ms
12-14 00:53:20.315 I/MicroDetectionWorker( 2180): #updateMicroDetector [detectionMode: [mDetectionMode: [1]]]
12-14 00:53:20.315 I/MicroDetectionWorker( 2180): #startMicroDetector [speakerMode: 0]
12-14 00:53:20.317 I/AudioController( 2180): Using mInputStreamFactoryBuilder
12-14 00:53:20.324 I/MicroRecognitionRunner( 2180): Starting detection.
12-14 00:53:20.325 I/MicrophoneInputStream( 2180): mic_starting com.google.android.apps.gsa.staticplugins.aa.c@3f281e4
12-14 00:53:20.329 D/EGL_emulation( 1734): eglMakeCurrent: 0x8836d3a0: ver 3 0 (tinfo 0x88318d60)
12-14 00:53:20.343 I/MicroDetectionWorker( 2180): onReady
12-14 00:53:20.349 I/AudioFlinger( 1476): AudioFlinger's thread 0xafb83d40 tid=3987 ready to run
12-14 00:53:20.355 D/EGL_emulation( 1734): eglMakeCurrent: 0x8836d3a0: ver 3 0 (tinfo 0x88318d60)
12-14 00:53:20.362 D/EGL_emulation( 1734): eglMakeCurrent: 0x8836d3a0: ver 3 0 (tinfo 0x88318d60)
12-14 00:53:20.365 I/MicrophoneInputStream( 2180): mic_started com.google.android.apps.gsa.staticplugins.aa.c@3f281e4
12-14 00:53:20.367 I/MicroDetectionWorker( 2180): onReady
12-14 00:53:20.370 D/EGL_emulation( 1734): eglMakeCurrent: 0x8836d3a0: ver 3 0 (tinfo 0x88318d60)
12-14 00:53:20.371 W/SpeechLevelGenerator( 2180): Really low audio levels detected. The audio input may have issues.
12-14 00:53:20.375 I/MicrophoneInputStream( 2180): mic_close com.google.android.apps.gsa.staticplugins.aa.c@3f281e4
12-14 00:53:20.378 I/MicroRecognitionRunner( 2180): Detection finished
12-14 00:53:20.378 W/ErrorReporter( 2180): reportError [type: 211, code: 524300]: Error reading from input stream
12-14 00:53:20.379 I/MicroRecognitionRunner( 2180): Stopping hotword detection.
12-14 00:53:20.380 W/ErrorProcessor( 2180): onFatalError, processing error from engine(4)
12-14 00:53:20.380 W/ErrorProcessor( 2180): com.google.android.apps.gsa.shared.speech.b.g: Error reading from input stream
12-14 00:53:20.380 W/ErrorProcessor( 2180): 	at com.google.android.apps.gsa.staticplugins.recognizer.j.a.a(SourceFile:28)
12-14 00:53:20.380 W/ErrorProcessor( 2180): 	at com.google.android.apps.gsa.staticplugins.recognizer.j.b.run(SourceFile:15)
12-14 00:53:20.380 W/ErrorProcessor( 2180): 	at java.util.concurrent.Executors$RunnableAdapter.call(Executors.java:457)
12-14 00:53:20.380 W/ErrorProcessor( 2180): 	at java.util.concurrent.FutureTask.run(FutureTask.java:266)
12-14 00:53:20.380 W/ErrorProcessor( 2180): 	at com.google.android.apps.gsa.shared.util.concurrent.a.ax.run(SourceFile:14)
12-14 00:53:20.380 W/ErrorProcessor( 2180): 	at com.google.android.apps.gsa.shared.util.concurrent.a.bl.run(SourceFile:4)
12-14 00:53:20.380 W/ErrorProcessor( 2180): 	at com.google.android.apps.gsa.shared.util.concurrent.a.bl.run(SourceFile:4)
12-14 00:53:20.380 W/ErrorProcessor( 2180): 	at java.util.concurrent.ThreadPoolExecutor.runWorker(ThreadPoolExecutor.java:1162)
12-14 00:53:20.380 W/ErrorProcessor( 2180): 	at java.util.concurrent.ThreadPoolExecutor$Worker.run(ThreadPoolExecutor.java:636)
12-14 00:53:20.380 W/ErrorProcessor( 2180): 	at java.lang.Thread.run(Thread.java:764)
12-14 00:53:20.380 W/ErrorProcessor( 2180): 	at com.google.android.apps.gsa.shared.util.concurrent.a.ai.run(SourceFile:6)
12-14 00:53:20.380 W/ErrorProcessor( 2180): Caused by: com.google.android.apps.gsa.shared.exception.GsaIOException: Error code: 393238 | Buffer overflow, no available space.
12-14 00:53:20.380 W/ErrorProcessor( 2180): 	at com.google.android.apps.gsa.speech.audio.Tee.f(SourceFile:103)
12-14 00:53:20.380 W/ErrorProcessor( 2180): 	at com.google.android.apps.gsa.speech.audio.au.read(SourceFile:2)
12-14 00:53:20.380 W/ErrorProcessor( 2180): 	at java.io.InputStream.read(InputStream.java:101)
12-14 00:53:20.380 W/ErrorProcessor( 2180): 	at com.google.android.apps.gsa.speech.audio.ao.run(SourceFile:18)
12-14 00:53:20.380 W/ErrorProcessor( 2180): 	at com.google.android.apps.gsa.speech.audio.an.run(SourceFile:2)
12-14 00:53:20.380 W/ErrorProcessor( 2180): 	... 9 more
12-14 00:53:20.381 I/AudioController( 2180): internalShutdown
12-14 00:53:20.384 I/MicroDetector( 2180): Keeping mic open: false
12-14 00:53:20.384 I/MicroDetectionWorker( 2180): #onError(false)
12-14 00:53:20.384 I/DeviceStateChecker( 2180): DeviceStateChecker cancelled
12-14 00:53:20.387 D/EGL_emulation( 1734): eglMakeCurrent: 0x8836d3a0: ver 3 0 (tinfo 0x88318d60)
12-14 00:53:20.472 I/chatty  ( 1734): uid=10028(u0_a28) RenderThread identical 8 lines
12-14 00:53:20.485 D/EGL_emulation( 1734): eglMakeCurrent: 0x8836d3a0: ver 3 0 (tinfo 0x88318d60)
12-14 00:53:20.488 D/BoundBrokerSvc( 1943): onUnbind: Intent { act=com.google.android.gms.auth.proximity.START cmp=com.google.android.gms/.chimera.PersistentBoundBrokerService }
12-14 00:53:20.493 D/EGL_emulation( 1734): eglMakeCurrent: 0x8836d3a0: ver 3 0 (tinfo 0x88318d60)
12-14 00:53:20.517 D/BoundBrokerSvc( 2251): onUnbind: Intent { act=com.google.android.gms.auth.cryptauth.cryptauthservice.START cmp=com.google.android.gms/.chimera.GmsBoundBrokerService }
12-14 00:53:20.519 D/EGL_emulation( 1734): eglMakeCurrent: 0x8836d3a0: ver 3 0 (tinfo 0x88318d60)
12-14 00:53:20.578 W/OpenGLRenderer( 2147): Incorrectly called buildLayer on View: ShortcutAndWidgetContainer, destroying layer...
12-14 00:53:20.722 D/OpenGLRenderer( 1629): HWUI GL Pipeline
12-14 00:53:20.727 E/SurfaceFlinger( 1405): ro.sf.lcd_density must be defined as a build property
12-14 00:53:20.778 D/        ( 1629): HostConnection::get() New Host Connection established 0x89cef4c0, tid 3988
12-14 00:53:20.780 I/OpenGLRenderer( 1629): Initialized EGL, version 1.4
12-14 00:53:20.780 D/OpenGLRenderer( 1629): Swap behavior 1
12-14 00:53:20.780 W/OpenGLRenderer( 1629): Failed to choose config with EGL_SWAP_BEHAVIOR_PRESERVED, retrying without...
12-14 00:53:20.780 D/OpenGLRenderer( 1629): Swap behavior 0
12-14 00:53:20.790 D/EGL_emulation( 1629): eglCreateContext: 0x9907de00: maj 3 min 0 rcv 3
12-14 00:53:20.795 D/EGL_emulation( 1629): eglMakeCurrent: 0x9907de00: ver 3 0 (tinfo 0x89acb300)
12-14 00:53:20.795 E/eglCodecCommon( 1629): glUtilsParamSize: unknow param 0x00008cdf
12-14 00:53:20.795 E/eglCodecCommon( 1629): glUtilsParamSize: unknow param 0x00008cdf
12-14 00:53:20.795 E/eglCodecCommon( 1629): glUtilsParamSize: unknow param 0x00008824
12-14 00:53:20.796 E/eglCodecCommon( 1629): glUtilsParamSize: unknow param 0x00008824
12-14 00:53:21.611 D/BoundBrokerSvc( 1943): onUnbind: Intent { act=com.google.android.contextmanager.service.ContextManagerService.START cmp=com.google.android.gms/.chimera.PersistentApiService }
12-14 00:53:22.292 W/audio_hw_generic( 1390): Not supplying enough data to HAL, expected position 310754 , only wrote 157680
--------- beginning of system
12-14 00:53:23.547 E/TaskPersister( 1629): File error accessing recents directory (directory doesn't exist?).
12-14 00:53:24.680 W/RemoteFillService( 1629): Not handling { when=-6ms what=3 target=com.android.internal.os.HandlerCaller$MyHandler } as service for ComponentInfo{com.google.android.gms/com.google.android.gms.autofill.service.AutofillService} is already destroyed
12-14 00:53:24.825 D/BoundBrokerSvc( 1943): onUnbind: Intent { act=com.google.android.gms.pseudonymous.service.START cmp=com.google.android.gms/.chimera.PersistentApiService }
12-14 00:53:25.385 I/MicroDetectionWorker( 2180): #updateMicroDetector [detectionMode: [mDetectionMode: [1]]]
12-14 00:53:25.385 I/MicroDetectionWorker( 2180): #startMicroDetector [speakerMode: 0]
12-14 00:53:25.386 I/AudioController( 2180): Using mInputStreamFactoryBuilder
12-14 00:53:25.387 I/MicroDetectionWorker( 2180): onReady
12-14 00:53:25.390 I/MicroRecognitionRunner( 2180): Starting detection.
12-14 00:53:25.390 I/MicrophoneInputStream( 2180): mic_starting com.google.android.apps.gsa.staticplugins.aa.c@8d7ae7b
12-14 00:53:25.392 I/AudioFlinger( 1476): AudioFlinger's thread 0xafa03800 tid=3992 ready to run
12-14 00:53:25.393 I/MicrophoneInputStream( 2180): mic_started com.google.android.apps.gsa.staticplugins.aa.c@8d7ae7b
12-14 00:53:25.394 E/ActivityThread( 2180): Failed to find provider info for com.google.android.apps.gsa.testing.ui.audio.recorded
12-14 00:53:25.394 I/MicroDetectionWorker( 2180): onReady
12-14 00:53:25.397 I/MicrophoneInputStream( 2180): mic_close com.google.android.apps.gsa.staticplugins.aa.c@8d7ae7b
12-14 00:53:25.398 I/MicroRecognitionRunner( 2180): Detection finished
12-14 00:53:25.398 W/ErrorReporter( 2180): reportError [type: 211, code: 524300]: Error reading from input stream
12-14 00:53:25.398 I/MicroRecognitionRunner( 2180): Stopping hotword detection.
12-14 00:53:25.398 W/ErrorProcessor( 2180): onFatalError, processing error from engine(4)
12-14 00:53:25.398 W/ErrorProcessor( 2180): com.google.android.apps.gsa.shared.speech.b.g: Error reading from input stream
12-14 00:53:25.398 W/ErrorProcessor( 2180): 	at com.google.android.apps.gsa.staticplugins.recognizer.j.a.a(SourceFile:28)
12-14 00:53:25.398 W/ErrorProcessor( 2180): 	at com.google.android.apps.gsa.staticplugins.recognizer.j.b.run(SourceFile:15)
12-14 00:53:25.398 W/ErrorProcessor( 2180): 	at java.util.concurrent.Executors$RunnableAdapter.call(Executors.java:457)
12-14 00:53:25.398 W/ErrorProcessor( 2180): 	at java.util.concurrent.FutureTask.run(FutureTask.java:266)
12-14 00:53:25.398 W/ErrorProcessor( 2180): 	at com.google.android.apps.gsa.shared.util.concurrent.a.ax.run(SourceFile:14)
12-14 00:53:25.398 W/ErrorProcessor( 2180): 	at com.google.android.apps.gsa.shared.util.concurrent.a.bl.run(SourceFile:4)
12-14 00:53:25.398 W/ErrorProcessor( 2180): 	at com.google.android.apps.gsa.shared.util.concurrent.a.bl.run(SourceFile:4)
12-14 00:53:25.398 W/ErrorProcessor( 2180): 	at java.util.concurrent.ThreadPoolExecutor.runWorker(ThreadPoolExecutor.java:1162)
12-14 00:53:25.398 W/ErrorProcessor( 2180): 	at java.util.concurrent.ThreadPoolExecutor$Worker.run(ThreadPoolExecutor.java:636)
12-14 00:53:25.398 W/ErrorProcessor( 2180): 	at java.lang.Thread.run(Thread.java:764)
12-14 00:53:25.398 W/ErrorProcessor( 2180): 	at com.google.android.apps.gsa.shared.util.concurrent.a.ai.run(SourceFile:6)
12-14 00:53:25.398 W/ErrorProcessor( 2180): Caused by: com.google.android.apps.gsa.shared.exception.GsaIOException: Error code: 393238 | Buffer overflow, no available space.
12-14 00:53:25.398 W/ErrorProcessor( 2180): 	at com.google.android.apps.gsa.speech.audio.Tee.f(SourceFile:103)
12-14 00:53:25.398 W/ErrorProcessor( 2180): 	at com.google.android.apps.gsa.speech.audio.au.read(SourceFile:2)
12-14 00:53:25.398 W/ErrorProcessor( 2180): 	at java.io.InputStream.read(InputStream.java:101)
12-14 00:53:25.398 W/ErrorProcessor( 2180): 	at com.google.android.apps.gsa.speech.audio.ao.run(SourceFile:18)
12-14 00:53:25.398 W/ErrorProcessor( 2180): 	at com.google.android.apps.gsa.speech.audio.an.run(SourceFile:2)
12-14 00:53:25.398 W/ErrorProcessor( 2180): 	... 9 more
12-14 00:53:25.398 I/AudioController( 2180): internalShutdown
12-14 00:53:25.399 I/MicroDetector( 2180): Keeping mic open: false
12-14 00:53:25.399 I/DeviceStateChecker( 2180): DeviceStateChecker cancelled
12-14 00:53:25.399 I/MicroDetectionWorker( 2180): #onError(false)
12-14 00:53:26.219 D/AndroidRuntime( 3996): >>>>>> START com.android.internal.os.RuntimeInit uid 2000 <<<<<<
12-14 00:53:26.252 W/app_process( 3996): Unexpected CPU variant for X86 using defaults: x86
12-14 00:53:26.268 D/AndroidRuntime( 3996): Calling main entry com.android.commands.am.Am
12-14 00:53:26.270 I/ActivityManager( 1629): Force stopping com.evancharlton.mileage appid=10252 user=0: start instr
12-14 00:53:26.270 I/ActivityManager( 1629): Killing 3917:com.evancharlton.mileage/u0a252 (adj 0): stop com.evancharlton.mileage
12-14 00:53:26.271 W/ActivityManager( 1629): Crash of app com.evancharlton.mileage running instrumentation ComponentInfo{com.evancharlton.mileage.test/sh.calaba.instrumentationbackend.CalabashInstrumentationTestRunner}
12-14 00:53:26.271 I/ActivityManager( 1629): Force stopping com.evancharlton.mileage appid=10252 user=0: finished inst
12-14 00:53:26.271 I/ActivityManager( 1629): Killing 2534:com.android.providers.calendar/u0a4 (adj 906): empty #17
12-14 00:53:26.279 I/zygote  ( 4006): Not late-enabling -Xcheck:jni (already on)
12-14 00:53:26.283 D/hwcomposer( 1397): hw_composer sent 37 syncs in 60s
12-14 00:53:26.286 I/ActivityManager( 1629): Start proc 4006:com.evancharlton.mileage/u0a252 for added application com.evancharlton.mileage
12-14 00:53:26.288 W/zygote  ( 4006): Unexpected CPU variant for X86 using defaults: x86
12-14 00:53:26.289 D/AndroidRuntime( 3996): Shutting down VM
12-14 00:53:26.314 W/zygote  ( 4006): Found duplicate classes, falling back to extracting from APK : /data/app/com.evancharlton.mileage.test-ZlbFBCKzNHXub-ckZRYXAg==/base.apk
12-14 00:53:26.314 W/zygote  ( 4006): NOTE: This wastes RAM and hurts startup performance.
12-14 00:53:26.314 W/zygote  ( 4006): Found duplicated class when checking oat files: 'Ljunit/runner/BaseTestRunner;' in /data/app/com.evancharlton.mileage.test-ZlbFBCKzNHXub-ckZRYXAg==/base.apk and /system/framework/android.test.runner.jar
12-14 00:53:26.314 W/zygote  ( 4006): 
12-14 00:53:26.319 W/ActivityManager( 1629): setHasOverlayUi called on unknown pid: 3917
12-14 00:53:26.320 E/adbd    ( 1383): failed to connect to socket 'tcp:7102': Connection refused
12-14 00:53:26.323 E/adbd    ( 1383): failed to connect to socket 'tcp:7102': Connection refused
12-14 00:53:26.348 W/System  ( 4006): ClassLoader referenced unknown path: 
12-14 00:53:26.361 I/System.out( 4006): Main activity name automatically set to: com.evancharlton.mileage.Mileage
12-14 00:53:26.362 I/System.out( 4006): Calabash did not load Mono. This is only a problem if you are trying to test a Mono application
12-14 00:53:26.362 I/calabash( 4006): Test server port: 7102
12-14 00:53:26.363 I/InstrumentationBackend( 4006): Added:'GetPreferences', with key:'get_preferences'
12-14 00:53:26.421 I/InstrumentationBackend( 4006): Added:'SetPreferences', with key:'set_preferences'
12-14 00:53:26.421 I/InstrumentationBackend( 4006): Added:'ClearPreferences', with key:'clear_preferences'
12-14 00:53:26.422 I/InstrumentationBackend( 4006): Added:'PressElement', with key:'press_l10n_element'
12-14 00:53:26.422 I/InstrumentationBackend( 4006): Added:'WaitForElement', with key:'wait_for_l10n_element'
12-14 00:53:26.423 I/InstrumentationBackend( 4006): Added:'NullAction', with key:'nullAction'
12-14 00:53:26.423 I/InstrumentationBackend( 4006): Added:'PressKey', with key:'press_key'
12-14 00:53:26.423 I/InstrumentationBackend( 4006): Added:'SetActivityOrientation', with key:'set_activity_orientation'
12-14 00:53:26.424 I/InstrumentationBackend( 4006): Added:'GetActivityOrientation', with key:'get_activity_orientation'
12-14 00:53:26.424 I/InstrumentationBackend( 4006): Added:'FakeGPSLocation', with key:'set_gps_coordinates'
12-14 00:53:26.424 I/InstrumentationBackend( 4006): Added:'SetPropertyByCssSelector', with key:'set_property_by_css_selector'
12-14 00:53:26.425 I/InstrumentationBackend( 4006): Added:'GetUrl', with key:'get_url'
12-14 00:53:26.428 I/InstrumentationBackend( 4006): Added:'ScrollTo', with key:'scroll_to'
12-14 00:53:26.428 I/InstrumentationBackend( 4006): Added:'GetLoadProgress', with key:'get_load_progress'
12-14 00:53:26.428 I/InstrumentationBackend( 4006): Added:'DumpHtml', with key:'dump_html'
12-14 00:53:26.429 I/InstrumentationBackend( 4006): Added:'DumpBodyHtml', with key:'dump_body_html'
12-14 00:53:26.429 I/InstrumentationBackend( 4006): Added:'EnterTextByCssSelector', with key:'enter_text_by_selector'
12-14 00:53:26.433 E/adbd    ( 1383): failed to connect to socket 'tcp:7102': Connection refused
12-14 00:53:26.436 E/adbd    ( 1383): failed to connect to socket 'tcp:7102': Connection refused
12-14 00:53:26.436 I/InstrumentationBackend( 4006): Added:'AndroidSDKVersion', with key:'android_sdk_version'
12-14 00:53:26.437 I/InstrumentationBackend( 4006): Added:'Version', with key:'version'
12-14 00:53:26.438 I/InstrumentationBackend( 4006): Added:'Drag', with key:'drag'
12-14 00:53:26.438 I/InstrumentationBackend( 4006): Added:'TouchCoordinates', with key:'touch_coordinate'
12-14 00:53:26.438 I/InstrumentationBackend( 4006): Added:'LongPressCoordinate', with key:'long_press_coordinate'
12-14 00:53:26.439 I/InstrumentationBackend( 4006): Added:'DragCoordinates', with key:'drag_coordinates'
12-14 00:53:26.439 I/InstrumentationBackend( 4006): Added:'ResumeApplication', with key:'resume_application'
12-14 00:53:26.439 I/InstrumentationBackend( 4006): Added:'Swipe', with key:'swipe'
12-14 00:53:26.440 I/InstrumentationBackend( 4006): Added:'DoubleTapCoordinate', with key:'double_tap_coordinate'
12-14 00:53:26.440 I/InstrumentationBackend( 4006): Added:'ClickOnScreen', with key:'click_on_screen'
12-14 00:53:26.440 I/InstrumentationBackend( 4006): Added:'GetActivityName', with key:'get_activity_name'
12-14 00:53:26.441 I/InstrumentationBackend( 4006): Added:'ScrollToView', with key:'scroll_to_view'
12-14 00:53:26.441 I/InstrumentationBackend( 4006): Added:'ViewConfiguration', with key:'view_configuration'
12-14 00:53:26.442 I/InstrumentationBackend( 4006): Added:'IsCurrentActivityFocused', with key:'is_current_activity_focused'
12-14 00:53:26.442 I/InstrumentationBackend( 4006): Added:'SendTcp', with key:'send_tcp'
12-14 00:53:26.442 I/InstrumentationBackend( 4006): Added:'DpToDevicePixel', with key:'dp_to_device_pixel'
12-14 00:53:26.443 I/InstrumentationBackend( 4006): Added:'KeyboardEnterText', with key:'keyboard_enter_text'
12-14 00:53:26.444 I/InstrumentationBackend( 4006): Added:'DeleteSurroundingText', with key:'delete_surrounding_text'
12-14 00:53:26.445 I/InstrumentationBackend( 4006): Added:'SetComposingRegion', with key:'set_composing_region'
12-14 00:53:26.445 I/InstrumentationBackend( 4006): Added:'SetSelection', with key:'set_selection'
12-14 00:53:26.445 I/InstrumentationBackend( 4006): Added:'KeyboardKeyEvent', with key:'keyboard_key_event'
12-14 00:53:26.445 I/InstrumentationBackend( 4006): Added:'PressUserActionButton', with key:'press_user_action_button'
12-14 00:53:26.446 I/InstrumentationBackend( 4006): Added:'HideSoftKeyboard', with key:'hide_soft_keyboard'
12-14 00:53:26.448 I/InstrumentationBackend( 4006): Added:'ListActions', with key:'list_actions'
12-14 00:53:26.448 I/calabash( 4006): Instantiating http server at 7102
12-14 00:53:26.448 I/System.out( 4006): HTTP Daemon listening on: 7102
12-14 00:53:26.546 I/qemu-props( 1403): start adbd ...
12-14 00:53:26.560 I/System.out( 4006): URI: //ping
12-14 00:53:26.560 I/System.out( 4006): params: {json={}
12-14 00:53:26.560 I/System.out( 4006): }
12-14 00:53:26.578 I/System.out( 4006): URI: //ping
12-14 00:53:26.578 I/System.out( 4006): params: {json={}
12-14 00:53:26.578 I/System.out( 4006): }
12-14 00:53:26.584 I/System.out( 4006): URI: //ready
12-14 00:53:26.584 I/System.out( 4006): params: {json={}
12-14 00:53:26.584 I/System.out( 4006): }
12-14 00:53:26.591 I/System.out( 4006): URI: //
12-14 00:53:26.591 I/System.out( 4006): params: {json={"command":"version","arguments":[]}
12-14 00:53:26.591 I/System.out( 4006): }
12-14 00:53:26.591 I/System.out( 4006): header: {content-type=application/json;charset=utf-8, date=Mon, 14 Dec 2020 05:53:26 GMT, accept=*/*, host=127.0.0.1:34777, content-length=36, user-agent=HTTPClient/1.0 (2.8.3, ruby 2.5.8 (2020-03-31))}
12-14 00:53:26.591 I/System.out( 4006): params: {json={"command":"version","arguments":[]}
12-14 00:53:26.591 I/System.out( 4006): }
12-14 00:53:26.591 I/System.out( 4006): ProP json = {"command":"version","arguments":[]}
12-14 00:53:26.591 I/System.out( 4006): files: {}
12-14 00:53:26.591 I/System.out( 4006): command: {"command":"version","arguments":[]}
12-14 00:53:26.618 I/InstrumentationBackend( 4006): Got command:'Command:'Line:null,version', arguments:'[]'
12-14 00:53:26.654 I/System.out( 4006): result:{"bonusInformation":[],"message":"0.9.8","success":true}
12-14 00:53:26.660 I/System.out( 4006): URI: //start-application
12-14 00:53:26.660 I/System.out( 4006): params: {json={"intent":null}
12-14 00:53:26.660 I/System.out( 4006): }
12-14 00:53:26.698 I/ActivityManager( 1629): START u0 {act=android.intent.action.MAIN cat=[android.intent.category.LAUNCHER] flg=0x10200000 cmp=com.evancharlton.mileage/.Mileage} from uid 10252
12-14 00:53:26.726 E/memtrack( 1629): Couldn't load memtrack module
12-14 00:53:26.726 W/android.os.Debug( 1629): failed to get memory consumption info: -1
12-14 00:53:26.729 I/calabash( 4006): newActivity1
12-14 00:53:26.737 D/gralloc_ranchu( 1396): gralloc_alloc: Creating ashmem region of size 7753728
12-14 00:53:26.810 W/ActivityManager( 1629): Bad activity token: android.os.BinderProxy@88dde51
12-14 00:53:26.810 W/ActivityManager( 1629): java.lang.ClassCastException: android.os.BinderProxy cannot be cast to com.android.server.am.ActivityRecord$Token
12-14 00:53:26.810 W/ActivityManager( 1629): 	at com.android.server.am.ActivityRecord.forTokenLocked(ActivityRecord.java:778)
12-14 00:53:26.810 W/ActivityManager( 1629): 	at com.android.server.am.ActivityRecord.isInStackLocked(ActivityRecord.java:2085)
12-14 00:53:26.810 W/ActivityManager( 1629): 	at com.android.server.am.ActivityRecord.getStackLocked(ActivityRecord.java:2090)
12-14 00:53:26.810 W/ActivityManager( 1629): 	at com.android.server.am.ActivityManagerService.getActivityDisplayId(ActivityManagerService.java:10406)
12-14 00:53:26.810 W/ActivityManager( 1629): 	at android.app.IActivityManager$Stub.onTransact(IActivityManager.java:2738)
12-14 00:53:26.810 W/ActivityManager( 1629): 	at com.android.server.am.ActivityManagerService.onTransact(ActivityManagerService.java:2935)
12-14 00:53:26.810 W/ActivityManager( 1629): 	at android.os.Binder.execTransact(Binder.java:674)
12-14 00:53:26.811 I/calabash( 4006): newActivity1
12-14 00:53:26.817 W/ActivityManager( 1629): Bad activity token: android.os.BinderProxy@88dde51
12-14 00:53:26.817 W/ActivityManager( 1629): java.lang.ClassCastException: android.os.BinderProxy cannot be cast to com.android.server.am.ActivityRecord$Token
12-14 00:53:26.817 W/ActivityManager( 1629): 	at com.android.server.am.ActivityRecord.forTokenLocked(ActivityRecord.java:778)
12-14 00:53:26.817 W/ActivityManager( 1629): 	at com.android.server.am.ActivityRecord.isInStackLocked(ActivityRecord.java:2085)
12-14 00:53:26.817 W/ActivityManager( 1629): 	at com.android.server.am.ActivityManagerService.setTaskDescription(ActivityManagerService.java:9988)
12-14 00:53:26.817 W/ActivityManager( 1629): 	at android.app.IActivityManager$Stub.onTransact(IActivityManager.java:2824)
12-14 00:53:26.817 W/ActivityManager( 1629): 	at com.android.server.am.ActivityManagerService.onTransact(ActivityManagerService.java:2935)
12-14 00:53:26.817 W/ActivityManager( 1629): 	at android.os.Binder.execTransact(Binder.java:674)
12-14 00:53:26.818 W/ActivityManager( 1629): Bad activity token: android.os.BinderProxy@88dde51
12-14 00:53:26.818 W/ActivityManager( 1629): java.lang.ClassCastException: android.os.BinderProxy cannot be cast to com.android.server.am.ActivityRecord$Token
12-14 00:53:26.818 W/ActivityManager( 1629): 	at com.android.server.am.ActivityRecord.forTokenLocked(ActivityRecord.java:778)
12-14 00:53:26.818 W/ActivityManager( 1629): 	at com.android.server.am.ActivityRecord.isInStackLocked(ActivityRecord.java:2085)
12-14 00:53:26.818 W/ActivityManager( 1629): 	at com.android.server.am.ActivityRecord.getStackLocked(ActivityRecord.java:2090)
12-14 00:53:26.818 W/ActivityManager( 1629): 	at com.android.server.am.ActivityManagerService.getActivityStackId(ActivityManagerService.java:10417)
12-14 00:53:26.818 W/ActivityManager( 1629): 	at android.app.IActivityManager$Stub.onTransact(IActivityManager.java:3548)
12-14 00:53:26.818 W/ActivityManager( 1629): 	at com.android.server.am.ActivityManagerService.onTransact(ActivityManagerService.java:2935)
12-14 00:53:26.818 W/ActivityManager( 1629): 	at android.os.Binder.execTransact(Binder.java:674)
12-14 00:53:26.842 E/ContentStoreEUAS( 2180): Failed to commit the deferred actions
12-14 00:53:26.853 D/EGL_emulation( 2180): eglMakeCurrent: 0x9ba04cc0: ver 3 0 (tinfo 0x9ba037d0)
12-14 00:53:26.859 D/EGL_emulation( 2147): eglMakeCurrent: 0x9957d3e0: ver 3 0 (tinfo 0x9957fc80)
12-14 00:53:26.876 D/EGL_emulation( 1734): eglMakeCurrent: 0x8836d3a0: ver 3 0 (tinfo 0x88318d60)
12-14 00:53:26.878 V/StatusBar( 1734): setLightsOn(true)
12-14 00:53:26.882 I/ActivityManager( 1629): Start proc 4042:com.android.providers.calendar/u0a4 for content provider com.android.providers.calendar/.CalendarProvider2
12-14 00:53:26.885 D/EGL_emulation( 1734): eglMakeCurrent: 0x8836d3a0: ver 3 0 (tinfo 0x88318d60)
12-14 00:53:26.899 I/chatty  ( 1734): uid=10028(u0_a28) RenderThread identical 1 line
12-14 00:53:26.904 D/EGL_emulation( 1734): eglMakeCurrent: 0x8836d3a0: ver 3 0 (tinfo 0x88318d60)
12-14 00:53:26.910 W/zygote  ( 4042): Unexpected CPU variant for X86 using defaults: x86
12-14 00:53:26.914 D/EGL_emulation( 1734): eglMakeCurrent: 0x8836d3a0: ver 3 0 (tinfo 0x88318d60)
12-14 00:53:26.915 V/StatusBar( 1734): setLightsOn(true)
12-14 00:53:26.930 D/EGL_emulation( 1734): eglMakeCurrent: 0x8836d3a0: ver 3 0 (tinfo 0x88318d60)
12-14 00:53:26.944 I/chatty  ( 1734): uid=10028(u0_a28) RenderThread identical 2 lines
12-14 00:53:26.961 D/EGL_emulation( 1734): eglMakeCurrent: 0x8836d3a0: ver 3 0 (tinfo 0x88318d60)
12-14 00:53:26.965 I/CalendarProvider2( 4042): Created com.android.providers.calendar.CalendarAlarmManager@f27de69(com.android.providers.calendar.CalendarProvider2@7f3e0ee)
12-14 00:53:26.966 W/ActivityManager( 1629): Bad activity token: android.os.BinderProxy@88dde51
12-14 00:53:26.966 W/ActivityManager( 1629): java.lang.ClassCastException: android.os.BinderProxy cannot be cast to com.android.server.am.ActivityRecord$Token
12-14 00:53:26.966 W/ActivityManager( 1629): 	at com.android.server.am.ActivityRecord.forTokenLocked(ActivityRecord.java:778)
12-14 00:53:26.966 W/ActivityManager( 1629): 	at com.android.server.am.ActivityRecord.isInStackLocked(ActivityRecord.java:2085)
12-14 00:53:26.966 W/ActivityManager( 1629): 	at com.android.server.am.ActivityManagerService.getActivityOptions(ActivityManagerService.java:13302)
12-14 00:53:26.966 W/ActivityManager( 1629): 	at android.app.IActivityManager$Stub.onTransact(IActivityManager.java:2910)
12-14 00:53:26.966 W/ActivityManager( 1629): 	at com.android.server.am.ActivityManagerService.onTransact(ActivityManagerService.java:2935)
12-14 00:53:26.966 W/ActivityManager( 1629): 	at android.os.Binder.execTransact(Binder.java:674)
12-14 00:53:26.967 D/EGL_emulation( 1734): eglMakeCurrent: 0x8836d3a0: ver 3 0 (tinfo 0x88318d60)
12-14 00:53:26.968 W/ActivityManager( 1629): Bad activity token: android.os.BinderProxy@88dde51
12-14 00:53:26.968 W/ActivityManager( 1629): java.lang.ClassCastException: android.os.BinderProxy cannot be cast to com.android.server.am.ActivityRecord$Token
12-14 00:53:26.968 W/ActivityManager( 1629): 	at com.android.server.am.ActivityRecord.forTokenLocked(ActivityRecord.java:778)
12-14 00:53:26.968 W/ActivityManager( 1629): 	at com.android.server.am.ActivityRecord.isInStackLocked(ActivityRecord.java:2085)
12-14 00:53:26.968 W/ActivityManager( 1629): 	at com.android.server.am.ActivityManagerService.getActivityOptions(ActivityManagerService.java:13302)
12-14 00:53:26.968 W/ActivityManager( 1629): 	at android.app.IActivityManager$Stub.onTransact(IActivityManager.java:2910)
12-14 00:53:26.968 W/ActivityManager( 1629): 	at com.android.server.am.ActivityManagerService.onTransact(ActivityManagerService.java:2935)
12-14 00:53:26.968 W/ActivityManager( 1629): 	at android.os.Binder.execTransact(Binder.java:674)
12-14 00:53:26.994 I/ActivityManager( 1629): Killing 3391:com.android.externalstorage/u0a8 (adj 906): empty #17
12-14 00:53:27.027 I/chatty  ( 1734): uid=10028(u0_a28) RenderThread identical 6 lines
12-14 00:53:27.030 D/EGL_emulation( 1734): eglMakeCurrent: 0x8836d3a0: ver 3 0 (tinfo 0x88318d60)
12-14 00:53:27.031 V/StatusBar( 1734): setLightsOn(true)
12-14 00:53:27.044 D/EGL_emulation( 1734): eglMakeCurrent: 0x8836d3a0: ver 3 0 (tinfo 0x88318d60)
12-14 00:53:27.077 I/chatty  ( 1734): uid=10028(u0_a28) RenderThread identical 7 lines
12-14 00:53:27.088 D/EGL_emulation( 1734): eglMakeCurrent: 0x8836d3a0: ver 3 0 (tinfo 0x88318d60)
12-14 00:53:27.090 V/StatusBar( 1734): setLightsOn(true)
12-14 00:53:27.130 I/zygote  ( 4006): Do partial code cache collection, code=28KB, data=30KB
12-14 00:53:27.130 I/zygote  ( 4006): After code cache collection, code=28KB, data=30KB
12-14 00:53:27.130 I/zygote  ( 4006): Increasing code cache capacity to 128KB
12-14 00:53:27.132 I/zygote  ( 4006): Do partial code cache collection, code=28KB, data=48KB
12-14 00:53:27.132 I/zygote  ( 4006): After code cache collection, code=28KB, data=48KB
12-14 00:53:27.132 I/zygote  ( 4006): Increasing code cache capacity to 256KB
12-14 00:53:27.133 I/zygote  ( 4006): JIT allocated 71KB for compiled code of void android.widget.TextView.<init>(android.content.Context, android.util.AttributeSet, int, int)
12-14 00:53:27.133 I/zygote  ( 4006): Compiler allocated 4MB to compile void android.widget.TextView.<init>(android.content.Context, android.util.AttributeSet, int, int)
12-14 00:53:27.156 V/StatusBar( 1734): setLightsOn(true)
12-14 00:53:27.163 V/StatusBar( 1734): setLightsOn(true)
12-14 00:53:27.196 D/gralloc_ranchu( 1396): gralloc_alloc: Creating ashmem region of size 7753728
12-14 00:53:27.214 D/        ( 4006): HostConnection::get() New Host Connection established 0x990afc00, tid 4006
12-14 00:53:27.265 V/StatusBar( 1734): setLightsOn(true)
12-14 00:53:27.266 V/StatusBar( 1734): setLightsOn(true)
12-14 00:53:27.268 I/ActivityManager( 1629): Displayed com.evancharlton.mileage/.Mileage: +552ms
12-14 00:53:27.272 V/StatusBar( 1734): setLightsOn(true)
12-14 00:53:27.287 V/StatusBar( 1734): setLightsOn(true)
12-14 00:53:27.301 D/gralloc_ranchu( 1396): gralloc_alloc: Creating ashmem region of size 7753728
12-14 00:53:27.386 I/ActivityManager( 1629): Killing 3432:com.android.mtp/u0a9 (adj 906): empty #17
12-14 00:53:27.397 V/StatusBar( 1734): setLightsOn(true)
12-14 00:53:27.456 V/StatusBar( 1734): setLightsOn(true)
12-14 00:53:27.458 I/zygote  ( 4006): Do full code cache collection, code=125KB, data=71KB
12-14 00:53:27.459 I/zygote  ( 4006): After code cache collection, code=109KB, data=44KB
12-14 00:53:27.476 I/System.out( 4006): URI: //map
12-14 00:53:27.476 I/System.out( 4006): params: {json={"query":"android.widget.CheckBox index:0","operation":{"method_name":"query","arguments":[]}}
12-14 00:53:27.476 I/System.out( 4006): }
12-14 00:53:27.487 V/StatusBar( 1734): setLightsOn(true)
12-14 00:53:27.587 I/chatty  ( 1734): uid=10028(u0_a28) com.android.systemui identical 2 lines
12-14 00:53:27.602 V/StatusBar( 1734): setLightsOn(true)
12-14 00:53:27.604 I/System.out( 4006): URI: //gesture
12-14 00:53:27.604 I/System.out( 4006): params: {json={"query_timeout":5.0,"gestures":[{"query_string":"android.widget.CheckBox index:0","touches":[{"x":50,"y":50,"offset_x":0,"offset_y":0,"wait":0.0,"time":0.2,"release":true,"query_string":null}]}]}
12-14 00:53:27.604 I/System.out( 4006): }
12-14 00:53:27.618 W/SurfaceFlinger( 1405): couldn't log to binary event log: overflow.
12-14 00:53:27.700 I/PBSessionCacheImpl( 2180): Deleted sessionId[5582356867618] from persistence.
12-14 00:53:27.754 I/zygote  ( 4006): Do partial code cache collection, code=124KB, data=57KB
12-14 00:53:27.754 I/zygote  ( 4006): After code cache collection, code=124KB, data=57KB
12-14 00:53:27.754 I/zygote  ( 4006): Increasing code cache capacity to 512KB
12-14 00:53:27.759 W/SearchService( 2180): Abort, client detached.
12-14 00:53:27.892 W/audio_hw_generic( 1390): Not supplying enough data to HAL, expected position 157881 , only wrote 157680
12-14 00:53:27.898 I/ContentMaintenance( 2251): Internal cache bytes used: 0; limit: 100000000; download size: 0
12-14 00:53:27.912 I/RealtimeCacheCleanup( 2251): Beginning Realtime garbage collection.
12-14 00:53:27.913 I/RealtimeCacheCleanup( 2251): Finished Realtime garbage collection.
12-14 00:53:28.085 E/SurfaceFlinger( 1405): ro.sf.lcd_density must be defined as a build property
12-14 00:53:28.092 D/gralloc_ranchu( 1396): gralloc_alloc: Creating ashmem region of size 8298496
12-14 00:53:28.102 D/        ( 4068): HostConnection::get() New Host Connection established 0xa95af800, tid 4068
12-14 00:53:28.354 D/gralloc_ranchu( 1396): gralloc_alloc: Creating ashmem region of size 7753728
12-14 00:53:28.380 I/System.out( 4006): URI: //map
12-14 00:53:28.380 I/System.out( 4006): params: {json={"query":"android.widget.CheckBox index:0","operation":{"method_name":"query","arguments":[]}}
12-14 00:53:28.380 I/System.out( 4006): }
12-14 00:53:28.503 I/System.out( 4006): URI: //gesture
12-14 00:53:28.503 I/System.out( 4006): params: {json={"query_timeout":5.0,"gestures":[{"query_string":"android.widget.CheckBox index:0","touches":[{"x":50,"y":50,"offset_x":0,"offset_y":0,"wait":0.0,"time":0.2,"release":true,"query_string":null}]}]}
12-14 00:53:28.503 I/System.out( 4006): }
12-14 00:53:29.079 E/BatteryStatsService( 1629): modem info is invalid: ModemActivityInfo{ mTimestamp=0 mSleepTimeMs=0 mIdleTimeMs=0 mTxTimeMs[]=[0, 0, 0, 0, 0] mRxTimeMs=0 mEnergyUsed=0}
12-14 00:53:29.083 E/SurfaceFlinger( 1405): ro.sf.lcd_density must be defined as a build property
12-14 00:53:29.089 D/gralloc_ranchu( 1396): gralloc_alloc: Creating ashmem region of size 8298496
12-14 00:53:29.099 D/        ( 4076): HostConnection::get() New Host Connection established 0xa932f800, tid 4076
12-14 00:53:29.356 D/BoundBrokerSvc( 2251): onUnbind: Intent { act=com.google.android.gms.pay.service.BIND cmp=com.google.android.gms/.chimera.GmsApiService }
