--------- beginning of system
12-14 00:53:57.486 W/ActivityManager( 1629): Finishing task with all activities already finished
12-14 00:53:57.486 W/ActivityManager( 1629): Duplicate finish request for ActivityRecord{d01a476 u0 com.evancharlton.mileage/.Mileage t575 f}
--------- beginning of main
12-14 00:53:57.487 I/chatty  ( 1734): uid=10028(u0_a28) com.android.systemui expire 3 lines
12-14 00:53:57.488 W/ActivityManager( 1629): Finishing task with all activities already finished
12-14 00:53:57.488 W/ActivityManager( 1629): Duplicate finish request for ActivityRecord{d01a476 u0 com.evancharlton.mileage/.Mileage t575 f}
12-14 00:53:57.490 W/ActivityManager( 1629): Finishing task with all activities already finished
12-14 00:53:57.490 W/ActivityManager( 1629): Duplicate finish request for ActivityRecord{d01a476 u0 com.evancharlton.mileage/.Mileage t575 f}
12-14 00:53:57.493 W/ActivityManager( 1629): Finishing task with all activities already finished
12-14 00:53:57.493 W/ActivityManager( 1629): Duplicate finish request for ActivityRecord{d01a476 u0 com.evancharlton.mileage/.Mileage t575 f}
12-14 00:53:57.508 V/StatusBar( 1734): setLightsOn(true)
12-14 00:53:57.511 D/gralloc_ranchu( 1396): gralloc_alloc: Creating ashmem region of size 8298496
12-14 00:53:57.548 I/zygote  ( 2147): Do full code cache collection, code=125KB, data=84KB
12-14 00:53:57.549 I/zygote  ( 2147): After code cache collection, code=117KB, data=71KB
12-14 00:53:57.560 D/gralloc_ranchu( 1396): gralloc_alloc: Creating ashmem region of size 8298496
12-14 00:53:57.573 D/EGL_emulation( 1734): eglMakeCurrent: 0x8836d3a0: ver 3 0 (tinfo 0x88318d60)
12-14 00:53:57.659 W/audio_hw_generic( 1390): Not supplying enough data to HAL, expected position 837049 , only wrote 597600
12-14 00:53:57.666 E/hw-IPCThreadState( 1396): binder thread pool (1 threads) starved for 107 ms
12-14 00:53:57.670 I/NetworkScheduler.Stats( 1943): Task com.google.android.gms/com.google.android.gms.icing.service.IcingGcmTaskService started execution. cause:4 exec_start_elapsed_seconds: 93 [CONTEXT service_id=218 ]
12-14 00:53:57.670 D/gralloc_ranchu( 1396): gralloc_alloc: Creating ashmem region of size 8298496
12-14 00:53:57.865 I/chatty  ( 1396): uid=1000(system) allocator@2.0-s identical 2 lines
12-14 00:53:57.938 D/gralloc_ranchu( 1396): gralloc_alloc: Creating ashmem region of size 8298496
12-14 00:53:57.939 E/IPCThreadState( 1405): binder thread pool (4 threads) starved for 422 ms
12-14 00:53:57.977 D/EGL_emulation( 2180): eglMakeCurrent: 0x9ba04cc0: ver 3 0 (tinfo 0x9ba037d0)
12-14 00:53:57.993 D/gralloc_ranchu( 1396): gralloc_alloc: Creating ashmem region of size 8298496
12-14 00:53:58.047 D/EGL_emulation( 2147): eglMakeCurrent: 0x9957d3e0: ver 3 0 (tinfo 0x9957fc80)
12-14 00:53:58.051 D/EGL_emulation( 2180): eglMakeCurrent: 0x9ba04cc0: ver 3 0 (tinfo 0x9ba037d0)
12-14 00:53:58.052 I/NetworkScheduler.Stats( 1943): Task com.google.android.gms/com.google.android.gms.ads.social.GcmSchedulerWakeupService started execution. cause:4 exec_start_elapsed_seconds: 93 [CONTEXT service_id=218 ]
12-14 00:53:58.055 D/gralloc_ranchu( 1396): gralloc_alloc: Creating ashmem region of size 8298496
12-14 00:53:58.083 I/NetworkScheduler.Stats( 1943): Task com.google.android.gms/com.google.android.gms.icing.service.IcingGcmTaskService finished executing. cause:4 result: 1 elapsed_millis: 621 uptime_millis: 621 exec_start_elapsed_seconds: 93 [CONTEXT service_id=218 ]
12-14 00:53:58.104 D/gralloc_ranchu( 1396): gralloc_alloc: Creating ashmem region of size 8298496
12-14 00:53:58.109 I/NetworkScheduler.Stats( 1943): Task com.google.android.gms/com.google.android.gms.ads.social.GcmSchedulerWakeupService finished executing. cause:4 result: 1 elapsed_millis: 269 uptime_millis: 269 exec_start_elapsed_seconds: 93 [CONTEXT service_id=218 ]
12-14 00:53:58.204 D/EGL_emulation( 2180): eglMakeCurrent: 0x9ba04cc0: ver 3 0 (tinfo 0x9ba037d0)
12-14 00:53:58.208 D/gralloc_ranchu( 1396): gralloc_alloc: Creating ashmem region of size 8298496
12-14 00:53:58.305 D/gralloc_ranchu( 1396): gralloc_alloc: Creating ashmem region of size 7753728
12-14 00:53:58.427 D/EGL_emulation( 1734): eglMakeCurrent: 0x8836d3a0: ver 3 0 (tinfo 0x88318d60)
12-14 00:53:58.435 W/ActivityManager( 1629): Unable to start service Intent { act=com.google.android.gms.speech.service.START pkg=com.google.android.gms } U=0: not found
12-14 00:53:58.438 W/SessionLifecycleManager( 2180): Handover failed. Creating new session controller.
12-14 00:53:58.440 W/ActivityManager( 1629): Unbind failed: could not find connection for android.os.BinderProxy@28d1685
12-14 00:53:58.440 E/GmsClient( 2180): unable to connect to service: com.google.android.gms.speech.service.START on com.google.android.gms
12-14 00:53:58.443 I/OptInState( 2180): There is a new client and it does not support opt-in. Dropping request.
12-14 00:53:58.451 D/EGL_emulation( 1734): eglMakeCurrent: 0x8836d3a0: ver 3 0 (tinfo 0x88318d60)
12-14 00:53:58.470 D/EGL_emulation( 1734): eglMakeCurrent: 0x8836d3a0: ver 3 0 (tinfo 0x88318d60)
12-14 00:53:58.487 I/MicroDetectionWorker( 2180): #updateMicroDetector [detectionMode: [mDetectionMode: [1]]]
12-14 00:53:58.495 I/MicroDetectionWorker( 2180): #startMicroDetector [speakerMode: 0]
12-14 00:53:58.497 D/EGL_emulation( 1734): eglMakeCurrent: 0x8836d3a0: ver 3 0 (tinfo 0x88318d60)
12-14 00:53:58.504 W/OpenGLRenderer( 2147): Incorrectly called buildLayer on View: ShortcutAndWidgetContainer, destroying layer...
12-14 00:53:58.506 I/AudioController( 2180): Using mInputStreamFactoryBuilder
12-14 00:53:58.507 D/gralloc_ranchu( 1396): gralloc_alloc: Creating ashmem region of size 8298496
12-14 00:53:58.522 I/MicroRecognitionRunner( 2180): Starting detection.
12-14 00:53:58.533 I/MicroDetectionWorker( 2180): onReady
12-14 00:53:58.553 I/MicrophoneInputStream( 2180): mic_starting com.google.android.apps.gsa.staticplugins.aa.c@d514592
12-14 00:53:58.580 D/EGL_emulation( 1734): eglMakeCurrent: 0x8836d3a0: ver 3 0 (tinfo 0x88318d60)
12-14 00:53:58.591 I/chatty  ( 1734): uid=10028(u0_a28) RenderThread identical 1 line
12-14 00:53:58.596 D/EGL_emulation( 1734): eglMakeCurrent: 0x8836d3a0: ver 3 0 (tinfo 0x88318d60)
12-14 00:53:58.610 I/MicrophoneInputStream( 2180): mic_started com.google.android.apps.gsa.staticplugins.aa.c@d514592
12-14 00:53:58.612 D/EGL_emulation( 1734): eglMakeCurrent: 0x8836d3a0: ver 3 0 (tinfo 0x88318d60)
12-14 00:53:58.618 E/ActivityThread( 2180): Failed to find provider info for com.google.android.apps.gsa.testing.ui.audio.recorded
12-14 00:53:58.622 I/MicrophoneInputStream( 2180): mic_close com.google.android.apps.gsa.staticplugins.aa.c@d514592
12-14 00:53:58.623 I/MicroDetectionWorker( 2180): onReady
12-14 00:53:58.624 I/MicroRecognitionRunner( 2180): Detection finished
12-14 00:53:58.624 W/ErrorReporter( 2180): reportError [type: 211, code: 524300]: Error reading from input stream
12-14 00:53:58.626 I/AudioFlinger( 1476): AudioFlinger's thread 0xaeb033c0 tid=4542 ready to run
12-14 00:53:58.627 I/MicroRecognitionRunner( 2180): Stopping hotword detection.
12-14 00:53:58.639 D/EGL_emulation( 1734): eglMakeCurrent: 0x8836d3a0: ver 3 0 (tinfo 0x88318d60)
12-14 00:53:58.654 D/EGL_emulation( 1734): eglMakeCurrent: 0x8836d3a0: ver 3 0 (tinfo 0x88318d60)
12-14 00:53:58.657 W/ErrorProcessor( 2180): onFatalError, processing error from engine(4)
12-14 00:53:58.657 W/ErrorProcessor( 2180): com.google.android.apps.gsa.shared.speech.b.g: Error reading from input stream
12-14 00:53:58.657 W/ErrorProcessor( 2180): 	at com.google.android.apps.gsa.staticplugins.recognizer.j.a.a(SourceFile:28)
12-14 00:53:58.657 W/ErrorProcessor( 2180): 	at com.google.android.apps.gsa.staticplugins.recognizer.j.b.run(SourceFile:15)
12-14 00:53:58.657 W/ErrorProcessor( 2180): 	at java.util.concurrent.Executors$RunnableAdapter.call(Executors.java:457)
12-14 00:53:58.657 W/ErrorProcessor( 2180): 	at java.util.concurrent.FutureTask.run(FutureTask.java:266)
12-14 00:53:58.657 W/ErrorProcessor( 2180): 	at com.google.android.apps.gsa.shared.util.concurrent.a.ax.run(SourceFile:14)
12-14 00:53:58.657 W/ErrorProcessor( 2180): 	at com.google.android.apps.gsa.shared.util.concurrent.a.bl.run(SourceFile:4)
12-14 00:53:58.657 W/ErrorProcessor( 2180): 	at com.google.android.apps.gsa.shared.util.concurrent.a.bl.run(SourceFile:4)
12-14 00:53:58.657 W/ErrorProcessor( 2180): 	at java.util.concurrent.ThreadPoolExecutor.runWorker(ThreadPoolExecutor.java:1162)
12-14 00:53:58.657 W/ErrorProcessor( 2180): 	at java.util.concurrent.ThreadPoolExecutor$Worker.run(ThreadPoolExecutor.java:636)
12-14 00:53:58.657 W/ErrorProcessor( 2180): 	at java.lang.Thread.run(Thread.java:764)
12-14 00:53:58.657 W/ErrorProcessor( 2180): 	at com.google.android.apps.gsa.shared.util.concurrent.a.ai.run(SourceFile:6)
12-14 00:53:58.657 W/ErrorProcessor( 2180): Caused by: com.google.android.apps.gsa.shared.exception.GsaIOException: Error code: 393238 | Buffer overflow, no available space.
12-14 00:53:58.657 W/ErrorProcessor( 2180): 	at com.google.android.apps.gsa.speech.audio.Tee.f(SourceFile:103)
12-14 00:53:58.657 W/ErrorProcessor( 2180): 	at com.google.android.apps.gsa.speech.audio.au.read(SourceFile:2)
12-14 00:53:58.657 W/ErrorProcessor( 2180): 	at java.io.InputStream.read(InputStream.java:101)
12-14 00:53:58.657 W/ErrorProcessor( 2180): 	at com.google.android.apps.gsa.speech.audio.ao.run(SourceFile:18)
12-14 00:53:58.657 W/ErrorProcessor( 2180): 	at com.google.android.apps.gsa.speech.audio.an.run(SourceFile:2)
12-14 00:53:58.657 W/ErrorProcessor( 2180): 	... 9 more
12-14 00:53:58.665 D/AndroidRuntime( 4536): >>>>>> START com.android.internal.os.RuntimeInit uid 2000 <<<<<<
12-14 00:53:58.672 I/AudioController( 2180): internalShutdown
12-14 00:53:58.675 I/zygote  ( 1734): NativeAllocBackground concurrent copying GC freed 11436(755KB) AllocSpace objects, 0(0B) LOS objects, 49% free, 4MB/9MB, paused 9.276ms total 215.560ms
12-14 00:53:58.681 D/EGL_emulation( 1734): eglMakeCurrent: 0x8836d3a0: ver 3 0 (tinfo 0x88318d60)
12-14 00:53:58.701 I/MicroDetector( 2180): Keeping mic open: false
12-14 00:53:58.701 I/MicroDetectionWorker( 2180): #onError(false)
12-14 00:53:58.703 I/DeviceStateChecker( 2180): DeviceStateChecker cancelled
12-14 00:53:58.730 W/app_process( 4536): Unexpected CPU variant for X86 using defaults: x86
12-14 00:53:58.746 I/zygote  ( 2180): Background concurrent copying GC freed 7442(538KB) AllocSpace objects, 7(188KB) LOS objects, 49% free, 4MB/8MB, paused 826us total 204.649ms
12-14 00:53:58.761 D/AndroidRuntime( 4536): Calling main entry com.android.commands.am.Am
12-14 00:53:58.764 I/ActivityManager( 1629): Force stopping com.evancharlton.mileage appid=10252 user=0: start instr
12-14 00:53:58.764 I/ActivityManager( 1629): Killing 4449:com.evancharlton.mileage/u0a252 (adj 0): stop com.evancharlton.mileage
12-14 00:53:58.764 W/ActivityManager( 1629): Crash of app com.evancharlton.mileage running instrumentation ComponentInfo{com.evancharlton.mileage.test/sh.calaba.instrumentationbackend.CalabashInstrumentationTestRunner}
12-14 00:53:58.764 I/ActivityManager( 1629): Force stopping com.evancharlton.mileage appid=10252 user=0: finished inst
12-14 00:53:58.800 I/ActivityManager( 1629): Start proc 4551:com.evancharlton.mileage/u0a252 for added application com.evancharlton.mileage
12-14 00:53:58.805 D/AndroidRuntime( 4536): Shutting down VM
12-14 00:53:58.808 I/zygote  ( 4551): Not late-enabling -Xcheck:jni (already on)
12-14 00:53:58.811 I/OpenGLRenderer( 1629): Initialized EGL, version 1.4
12-14 00:53:58.811 D/OpenGLRenderer( 1629): Swap behavior 1
12-14 00:53:58.812 W/OpenGLRenderer( 1629): Failed to choose config with EGL_SWAP_BEHAVIOR_PRESERVED, retrying without...
12-14 00:53:58.812 D/OpenGLRenderer( 1629): Swap behavior 0
12-14 00:53:58.818 W/ActivityManager( 1629): setHasOverlayUi called on unknown pid: 4449
12-14 00:53:58.819 D/EGL_emulation( 1629): eglCreateContext: 0x99070e20: maj 3 min 0 rcv 3
12-14 00:53:58.821 D/EGL_emulation( 1629): eglMakeCurrent: 0x99070e20: ver 3 0 (tinfo 0x89acb300)
12-14 00:53:58.822 E/eglCodecCommon( 1629): glUtilsParamSize: unknow param 0x00008cdf
12-14 00:53:58.822 E/eglCodecCommon( 1629): glUtilsParamSize: unknow param 0x00008cdf
12-14 00:53:58.822 E/eglCodecCommon( 1629): glUtilsParamSize: unknow param 0x00008824
12-14 00:53:58.822 E/eglCodecCommon( 1629): glUtilsParamSize: unknow param 0x00008824
12-14 00:53:58.833 W/zygote  ( 4551): Unexpected CPU variant for X86 using defaults: x86
12-14 00:53:58.854 E/adbd    ( 1383): failed to connect to socket 'tcp:7102': Connection refused
12-14 00:53:58.872 E/adbd    ( 1383): failed to connect to socket 'tcp:7102': Connection refused
12-14 00:53:58.891 W/zygote  ( 4551): Found duplicate classes, falling back to extracting from APK : /data/app/com.evancharlton.mileage.test-ZlbFBCKzNHXub-ckZRYXAg==/base.apk
12-14 00:53:58.891 W/zygote  ( 4551): NOTE: This wastes RAM and hurts startup performance.
12-14 00:53:58.891 W/zygote  ( 4551): Found duplicated class when checking oat files: 'Ljunit/runner/BaseTestRunner;' in /data/app/com.evancharlton.mileage.test-ZlbFBCKzNHXub-ckZRYXAg==/base.apk and /system/framework/android.test.runner.jar
12-14 00:53:58.891 W/zygote  ( 4551): 
12-14 00:53:58.891 I/zygote  ( 1629): NativeAllocBackground concurrent copying GC freed 6546(580KB) AllocSpace objects, 2(40KB) LOS objects, 37% free, 9MB/15MB, paused 395us total 101.892ms
12-14 00:53:58.933 I/zygote  ( 2180): Do full code cache collection, code=501KB, data=355KB
12-14 00:53:58.933 I/zygote  ( 2180): After code cache collection, code=492KB, data=313KB
12-14 00:53:58.935 W/System  ( 4551): ClassLoader referenced unknown path: 
12-14 00:53:58.949 I/NetworkScheduler.Stats( 1943): Task com.google.android.gms/com.google.android.gms.clearcut.uploader.QosUploaderService started execution. cause:5 exec_start_elapsed_seconds: 94 [CONTEXT service_id=218 ]
12-14 00:53:58.953 I/System.out( 4551): Main activity name automatically set to: com.evancharlton.mileage.Mileage
12-14 00:53:58.954 I/System.out( 4551): Calabash did not load Mono. This is only a problem if you are trying to test a Mono application
12-14 00:53:58.954 I/calabash( 4551): Test server port: 7102
12-14 00:53:58.955 I/InstrumentationBackend( 4551): Added:'GetPreferences', with key:'get_preferences'
12-14 00:53:58.973 I/NetworkScheduler.Stats( 1943): Task com.google.android.gms/com.google.android.gms.clearcut.uploader.QosUploaderService finished executing. cause:5 result: 1 elapsed_millis: 194 uptime_millis: 194 exec_start_elapsed_seconds: 94 [CONTEXT service_id=218 ]
12-14 00:53:58.985 E/adbd    ( 1383): failed to connect to socket 'tcp:7102': Connection refused
12-14 00:53:58.996 E/adbd    ( 1383): failed to connect to socket 'tcp:7102': Connection refused
12-14 00:53:59.036 I/InstrumentationBackend( 4551): Added:'SetPreferences', with key:'set_preferences'
12-14 00:53:59.037 I/InstrumentationBackend( 4551): Added:'ClearPreferences', with key:'clear_preferences'
12-14 00:53:59.037 I/InstrumentationBackend( 4551): Added:'PressElement', with key:'press_l10n_element'
12-14 00:53:59.037 I/InstrumentationBackend( 4551): Added:'WaitForElement', with key:'wait_for_l10n_element'
12-14 00:53:59.038 I/InstrumentationBackend( 4551): Added:'NullAction', with key:'nullAction'
12-14 00:53:59.038 I/InstrumentationBackend( 4551): Added:'PressKey', with key:'press_key'
12-14 00:53:59.039 I/InstrumentationBackend( 4551): Added:'SetActivityOrientation', with key:'set_activity_orientation'
12-14 00:53:59.039 I/InstrumentationBackend( 4551): Added:'GetActivityOrientation', with key:'get_activity_orientation'
12-14 00:53:59.039 I/InstrumentationBackend( 4551): Added:'FakeGPSLocation', with key:'set_gps_coordinates'
12-14 00:53:59.040 I/InstrumentationBackend( 4551): Added:'SetPropertyByCssSelector', with key:'set_property_by_css_selector'
12-14 00:53:59.041 I/InstrumentationBackend( 4551): Added:'GetUrl', with key:'get_url'
12-14 00:53:59.043 I/InstrumentationBackend( 4551): Added:'ScrollTo', with key:'scroll_to'
12-14 00:53:59.043 I/InstrumentationBackend( 4551): Added:'GetLoadProgress', with key:'get_load_progress'
12-14 00:53:59.044 I/InstrumentationBackend( 4551): Added:'DumpHtml', with key:'dump_html'
12-14 00:53:59.045 I/InstrumentationBackend( 4551): Added:'DumpBodyHtml', with key:'dump_body_html'
12-14 00:53:59.045 I/InstrumentationBackend( 4551): Added:'EnterTextByCssSelector', with key:'enter_text_by_selector'
12-14 00:53:59.049 I/InstrumentationBackend( 4551): Added:'AndroidSDKVersion', with key:'android_sdk_version'
12-14 00:53:59.049 I/InstrumentationBackend( 4551): Added:'Version', with key:'version'
12-14 00:53:59.050 I/InstrumentationBackend( 4551): Added:'Drag', with key:'drag'
12-14 00:53:59.050 I/InstrumentationBackend( 4551): Added:'TouchCoordinates', with key:'touch_coordinate'
12-14 00:53:59.050 I/InstrumentationBackend( 4551): Added:'LongPressCoordinate', with key:'long_press_coordinate'
12-14 00:53:59.050 I/InstrumentationBackend( 4551): Added:'DragCoordinates', with key:'drag_coordinates'
12-14 00:53:59.051 I/InstrumentationBackend( 4551): Added:'ResumeApplication', with key:'resume_application'
12-14 00:53:59.051 I/InstrumentationBackend( 4551): Added:'Swipe', with key:'swipe'
12-14 00:53:59.052 I/InstrumentationBackend( 4551): Added:'DoubleTapCoordinate', with key:'double_tap_coordinate'
12-14 00:53:59.052 I/InstrumentationBackend( 4551): Added:'ClickOnScreen', with key:'click_on_screen'
12-14 00:53:59.053 I/InstrumentationBackend( 4551): Added:'GetActivityName', with key:'get_activity_name'
12-14 00:53:59.053 I/InstrumentationBackend( 4551): Added:'ScrollToView', with key:'scroll_to_view'
12-14 00:53:59.054 I/InstrumentationBackend( 4551): Added:'ViewConfiguration', with key:'view_configuration'
12-14 00:53:59.054 I/InstrumentationBackend( 4551): Added:'IsCurrentActivityFocused', with key:'is_current_activity_focused'
12-14 00:53:59.054 I/InstrumentationBackend( 4551): Added:'SendTcp', with key:'send_tcp'
12-14 00:53:59.055 I/InstrumentationBackend( 4551): Added:'DpToDevicePixel', with key:'dp_to_device_pixel'
12-14 00:53:59.056 I/InstrumentationBackend( 4551): Added:'KeyboardEnterText', with key:'keyboard_enter_text'
12-14 00:53:59.057 I/InstrumentationBackend( 4551): Added:'DeleteSurroundingText', with key:'delete_surrounding_text'
12-14 00:53:59.057 I/InstrumentationBackend( 4551): Added:'SetComposingRegion', with key:'set_composing_region'
12-14 00:53:59.057 I/InstrumentationBackend( 4551): Added:'SetSelection', with key:'set_selection'
12-14 00:53:59.058 I/InstrumentationBackend( 4551): Added:'KeyboardKeyEvent', with key:'keyboard_key_event'
12-14 00:53:59.059 I/InstrumentationBackend( 4551): Added:'PressUserActionButton', with key:'press_user_action_button'
12-14 00:53:59.059 I/InstrumentationBackend( 4551): Added:'HideSoftKeyboard', with key:'hide_soft_keyboard'
12-14 00:53:59.062 I/InstrumentationBackend( 4551): Added:'ListActions', with key:'list_actions'
12-14 00:53:59.062 I/calabash( 4551): Instantiating http server at 7102
12-14 00:53:59.063 I/System.out( 4551): HTTP Daemon listening on: 7102
12-14 00:53:59.125 I/System.out( 4551): URI: //ping
12-14 00:53:59.126 I/System.out( 4551): params: {json={}
12-14 00:53:59.126 I/System.out( 4551): }
12-14 00:53:59.149 I/System.out( 4551): URI: //ping
12-14 00:53:59.149 I/System.out( 4551): params: {json={}
12-14 00:53:59.149 I/System.out( 4551): }
12-14 00:53:59.158 I/System.out( 4551): URI: //ready
12-14 00:53:59.158 I/System.out( 4551): params: {json={}
12-14 00:53:59.158 I/System.out( 4551): }
12-14 00:53:59.169 I/System.out( 4551): URI: //
12-14 00:53:59.169 I/System.out( 4551): params: {json={"command":"version","arguments":[]}
12-14 00:53:59.169 I/System.out( 4551): }
12-14 00:53:59.170 I/System.out( 4551): header: {content-type=application/json;charset=utf-8, date=Mon, 14 Dec 2020 05:53:59 GMT, accept=*/*, host=127.0.0.1:34777, content-length=36, user-agent=HTTPClient/1.0 (2.8.3, ruby 2.5.8 (2020-03-31))}
12-14 00:53:59.170 I/System.out( 4551): params: {json={"command":"version","arguments":[]}
12-14 00:53:59.170 I/System.out( 4551): }
12-14 00:53:59.170 I/System.out( 4551): ProP json = {"command":"version","arguments":[]}
12-14 00:53:59.170 I/System.out( 4551): files: {}
12-14 00:53:59.170 I/System.out( 4551): command: {"command":"version","arguments":[]}
12-14 00:53:59.201 I/InstrumentationBackend( 4551): Got command:'Command:'Line:null,version', arguments:'[]'
12-14 00:53:59.233 I/System.out( 4551): result:{"bonusInformation":[],"message":"0.9.8","success":true}
12-14 00:53:59.239 I/System.out( 4551): URI: //start-application
12-14 00:53:59.239 I/System.out( 4551): params: {json={"intent":null}
12-14 00:53:59.239 I/System.out( 4551): }
12-14 00:53:59.277 I/ActivityManager( 1629): START u0 {act=android.intent.action.MAIN cat=[android.intent.category.LAUNCHER] flg=0x10200000 cmp=com.evancharlton.mileage/.Mileage} from uid 10252
12-14 00:53:59.293 I/calabash( 4551): newActivity1
12-14 00:53:59.307 D/gralloc_ranchu( 1396): gralloc_alloc: Creating ashmem region of size 7753728
12-14 00:53:59.350 W/ActivityManager( 1629): Bad activity token: android.os.BinderProxy@3270171
12-14 00:53:59.350 W/ActivityManager( 1629): java.lang.ClassCastException: android.os.BinderProxy cannot be cast to com.android.server.am.ActivityRecord$Token
12-14 00:53:59.350 W/ActivityManager( 1629): 	at com.android.server.am.ActivityRecord.forTokenLocked(ActivityRecord.java:778)
12-14 00:53:59.350 W/ActivityManager( 1629): 	at com.android.server.am.ActivityRecord.isInStackLocked(ActivityRecord.java:2085)
12-14 00:53:59.350 W/ActivityManager( 1629): 	at com.android.server.am.ActivityRecord.getStackLocked(ActivityRecord.java:2090)
12-14 00:53:59.350 W/ActivityManager( 1629): 	at com.android.server.am.ActivityManagerService.getActivityDisplayId(ActivityManagerService.java:10406)
12-14 00:53:59.350 W/ActivityManager( 1629): 	at android.app.IActivityManager$Stub.onTransact(IActivityManager.java:2738)
12-14 00:53:59.350 W/ActivityManager( 1629): 	at com.android.server.am.ActivityManagerService.onTransact(ActivityManagerService.java:2935)
12-14 00:53:59.350 W/ActivityManager( 1629): 	at android.os.Binder.execTransact(Binder.java:674)
12-14 00:53:59.352 I/calabash( 4551): newActivity1
12-14 00:53:59.370 W/ActivityManager( 1629): Bad activity token: android.os.BinderProxy@3270171
12-14 00:53:59.370 W/ActivityManager( 1629): java.lang.ClassCastException: android.os.BinderProxy cannot be cast to com.android.server.am.ActivityRecord$Token
12-14 00:53:59.370 W/ActivityManager( 1629): 	at com.android.server.am.ActivityRecord.forTokenLocked(ActivityRecord.java:778)
12-14 00:53:59.370 W/ActivityManager( 1629): 	at com.android.server.am.ActivityRecord.isInStackLocked(ActivityRecord.java:2085)
12-14 00:53:59.370 W/ActivityManager( 1629): 	at com.android.server.am.ActivityManagerService.setTaskDescription(ActivityManagerService.java:9988)
12-14 00:53:59.370 W/ActivityManager( 1629): 	at android.app.IActivityManager$Stub.onTransact(IActivityManager.java:2824)
12-14 00:53:59.370 W/ActivityManager( 1629): 	at com.android.server.am.ActivityManagerService.onTransact(ActivityManagerService.java:2935)
12-14 00:53:59.370 W/ActivityManager( 1629): 	at android.os.Binder.execTransact(Binder.java:674)
12-14 00:53:59.373 W/ActivityManager( 1629): Bad activity token: android.os.BinderProxy@3270171
12-14 00:53:59.373 W/ActivityManager( 1629): java.lang.ClassCastException: android.os.BinderProxy cannot be cast to com.android.server.am.ActivityRecord$Token
12-14 00:53:59.373 W/ActivityManager( 1629): 	at com.android.server.am.ActivityRecord.forTokenLocked(ActivityRecord.java:778)
12-14 00:53:59.373 W/ActivityManager( 1629): 	at com.android.server.am.ActivityRecord.isInStackLocked(ActivityRecord.java:2085)
12-14 00:53:59.373 W/ActivityManager( 1629): 	at com.android.server.am.ActivityRecord.getStackLocked(ActivityRecord.java:2090)
12-14 00:53:59.373 W/ActivityManager( 1629): 	at com.android.server.am.ActivityManagerService.getActivityStackId(ActivityManagerService.java:10417)
12-14 00:53:59.373 W/ActivityManager( 1629): 	at android.app.IActivityManager$Stub.onTransact(IActivityManager.java:3548)
12-14 00:53:59.373 W/ActivityManager( 1629): 	at com.android.server.am.ActivityManagerService.onTransact(ActivityManagerService.java:2935)
12-14 00:53:59.373 W/ActivityManager( 1629): 	at android.os.Binder.execTransact(Binder.java:674)
12-14 00:53:59.417 E/ContentStoreEUAS( 2180): Failed to commit the deferred actions
12-14 00:53:59.425 D/EGL_emulation( 2147): eglMakeCurrent: 0x9957d3e0: ver 3 0 (tinfo 0x9957fc80)
12-14 00:53:59.432 V/StatusBar( 1734): setLightsOn(true)
12-14 00:53:59.436 D/EGL_emulation( 2180): eglMakeCurrent: 0x9ba04cc0: ver 3 0 (tinfo 0x9ba037d0)
12-14 00:53:59.448 D/EGL_emulation( 1734): eglMakeCurrent: 0x8836d3a0: ver 3 0 (tinfo 0x88318d60)
12-14 00:53:59.456 I/chatty  ( 1734): uid=10028(u0_a28) RenderThread identical 1 line
12-14 00:53:59.467 D/EGL_emulation( 1734): eglMakeCurrent: 0x8836d3a0: ver 3 0 (tinfo 0x88318d60)
12-14 00:53:59.468 V/StatusBar( 1734): setLightsOn(true)
12-14 00:53:59.473 D/EGL_emulation( 1734): eglMakeCurrent: 0x8836d3a0: ver 3 0 (tinfo 0x88318d60)
12-14 00:53:59.518 W/ActivityManager( 1629): Bad activity token: android.os.BinderProxy@3270171
12-14 00:53:59.518 W/ActivityManager( 1629): java.lang.ClassCastException: android.os.BinderProxy cannot be cast to com.android.server.am.ActivityRecord$Token
12-14 00:53:59.518 W/ActivityManager( 1629): 	at com.android.server.am.ActivityRecord.forTokenLocked(ActivityRecord.java:778)
12-14 00:53:59.518 W/ActivityManager( 1629): 	at com.android.server.am.ActivityRecord.isInStackLocked(ActivityRecord.java:2085)
12-14 00:53:59.518 W/ActivityManager( 1629): 	at com.android.server.am.ActivityManagerService.getActivityOptions(ActivityManagerService.java:13302)
12-14 00:53:59.518 W/ActivityManager( 1629): 	at android.app.IActivityManager$Stub.onTransact(IActivityManager.java:2910)
12-14 00:53:59.518 W/ActivityManager( 1629): 	at com.android.server.am.ActivityManagerService.onTransact(ActivityManagerService.java:2935)
12-14 00:53:59.518 W/ActivityManager( 1629): 	at android.os.Binder.execTransact(Binder.java:674)
12-14 00:53:59.519 W/ActivityManager( 1629): Bad activity token: android.os.BinderProxy@3270171
12-14 00:53:59.519 W/ActivityManager( 1629): java.lang.ClassCastException: android.os.BinderProxy cannot be cast to com.android.server.am.ActivityRecord$Token
12-14 00:53:59.519 W/ActivityManager( 1629): 	at com.android.server.am.ActivityRecord.forTokenLocked(ActivityRecord.java:778)
12-14 00:53:59.519 W/ActivityManager( 1629): 	at com.android.server.am.ActivityRecord.isInStackLocked(ActivityRecord.java:2085)
12-14 00:53:59.519 W/ActivityManager( 1629): 	at com.android.server.am.ActivityManagerService.getActivityOptions(ActivityManagerService.java:13302)
12-14 00:53:59.519 W/ActivityManager( 1629): 	at android.app.IActivityManager$Stub.onTransact(IActivityManager.java:2910)
12-14 00:53:59.519 W/ActivityManager( 1629): 	at com.android.server.am.ActivityManagerService.onTransact(ActivityManagerService.java:2935)
12-14 00:53:59.519 W/ActivityManager( 1629): 	at android.os.Binder.execTransact(Binder.java:674)
12-14 00:53:59.650 I/chatty  ( 1734): uid=10028(u0_a28) RenderThread identical 20 lines
12-14 00:53:59.654 D/EGL_emulation( 1734): eglMakeCurrent: 0x8836d3a0: ver 3 0 (tinfo 0x88318d60)
12-14 00:53:59.659 V/StatusBar( 1734): setLightsOn(true)
12-14 00:53:59.666 D/EGL_emulation( 1734): eglMakeCurrent: 0x8836d3a0: ver 3 0 (tinfo 0x88318d60)
12-14 00:53:59.696 V/StatusBar( 1734): setLightsOn(true)
12-14 00:53:59.700 I/chatty  ( 1734): uid=10028(u0_a28) com.android.systemui identical 1 line
12-14 00:53:59.700 V/StatusBar( 1734): setLightsOn(true)
12-14 00:53:59.710 I/zygote  ( 4551): Do partial code cache collection, code=27KB, data=30KB
12-14 00:53:59.711 I/zygote  ( 4551): After code cache collection, code=27KB, data=30KB
12-14 00:53:59.711 I/zygote  ( 4551): Increasing code cache capacity to 128KB
12-14 00:53:59.713 I/zygote  ( 4551): Do partial code cache collection, code=27KB, data=48KB
12-14 00:53:59.714 I/zygote  ( 4551): After code cache collection, code=27KB, data=48KB
12-14 00:53:59.714 I/zygote  ( 4551): Increasing code cache capacity to 256KB
12-14 00:53:59.715 I/zygote  ( 4551): JIT allocated 71KB for compiled code of void android.widget.TextView.<init>(android.content.Context, android.util.AttributeSet, int, int)
12-14 00:53:59.715 I/zygote  ( 4551): Compiler allocated 4MB to compile void android.widget.TextView.<init>(android.content.Context, android.util.AttributeSet, int, int)
12-14 00:53:59.752 D/gralloc_ranchu( 1396): gralloc_alloc: Creating ashmem region of size 7753728
12-14 00:53:59.774 D/        ( 4551): HostConnection::get() New Host Connection established 0x990afbc0, tid 4551
12-14 00:53:59.837 V/StatusBar( 1734): setLightsOn(true)
12-14 00:53:59.841 V/StatusBar( 1734): setLightsOn(true)
12-14 00:53:59.848 I/ActivityManager( 1629): Displayed com.evancharlton.mileage/.Mileage: +558ms
12-14 00:53:59.855 V/StatusBar( 1734): setLightsOn(true)
12-14 00:53:59.870 V/StatusBar( 1734): setLightsOn(true)
12-14 00:53:59.883 D/gralloc_ranchu( 1396): gralloc_alloc: Creating ashmem region of size 7753728
12-14 00:54:00.037 V/StatusBar( 1734): setLightsOn(true)
12-14 00:54:00.058 V/StatusBar( 1734): setLightsOn(true)
12-14 00:54:00.066 I/System.out( 4551): URI: //gesture
12-14 00:54:00.066 I/System.out( 4551): params: {json={"query_timeout":5.0,"gestures":[{"query_string":"android.widget.TabWidget descendant TextView index:1","touches":[{"x":50,"y":50,"offset_x":0,"offset_y":0,"wait":0.0,"time":0.2,"release":true,"query_string":null}]}]}
12-14 00:54:00.066 I/System.out( 4551): }
12-14 00:54:00.086 I/zygote  ( 4551): Do full code cache collection, code=125KB, data=73KB
12-14 00:54:00.087 I/zygote  ( 4551): After code cache collection, code=112KB, data=47KB
12-14 00:54:00.164 V/StatusBar( 1734): setLightsOn(true)
12-14 00:54:00.168 I/chatty  ( 1734): uid=10028(u0_a28) com.android.systemui identical 1 line
12-14 00:54:00.184 V/StatusBar( 1734): setLightsOn(true)
12-14 00:54:00.205 W/SurfaceFlinger( 1405): couldn't log to binary event log: overflow.
12-14 00:54:00.206 W/SurfaceFlinger( 1405): couldn't log to binary event log: overflow.
12-14 00:54:00.303 I/PBSessionCacheImpl( 2180): Deleted sessionId[5582356868001] from persistence.
12-14 00:54:00.335 W/SearchService( 2180): Abort, client detached.
12-14 00:54:00.406 W/audio_hw_generic( 1390): Not supplying enough data to HAL, expected position 597724 , only wrote 597600
12-14 00:54:00.409 W/ActivityManager( 1629): Bad activity token: android.os.BinderProxy@e162260
12-14 00:54:00.409 W/ActivityManager( 1629): java.lang.ClassCastException: android.os.BinderProxy cannot be cast to com.android.server.am.ActivityRecord$Token
12-14 00:54:00.409 W/ActivityManager( 1629): 	at com.android.server.am.ActivityRecord.forTokenLocked(ActivityRecord.java:778)
12-14 00:54:00.409 W/ActivityManager( 1629): 	at com.android.server.am.ActivityRecord.isInStackLocked(ActivityRecord.java:2085)
12-14 00:54:00.409 W/ActivityManager( 1629): 	at com.android.server.am.ActivityRecord.getStackLocked(ActivityRecord.java:2090)
12-14 00:54:00.409 W/ActivityManager( 1629): 	at com.android.server.am.ActivityManagerService.getActivityDisplayId(ActivityManagerService.java:10406)
12-14 00:54:00.409 W/ActivityManager( 1629): 	at android.app.IActivityManager$Stub.onTransact(IActivityManager.java:2738)
12-14 00:54:00.409 W/ActivityManager( 1629): 	at com.android.server.am.ActivityManagerService.onTransact(ActivityManagerService.java:2935)
12-14 00:54:00.409 W/ActivityManager( 1629): 	at android.os.Binder.execTransact(Binder.java:674)
12-14 00:54:00.411 I/calabash( 4551): newActivity1
12-14 00:54:00.417 W/ActivityManager( 1629): Bad activity token: android.os.BinderProxy@e162260
12-14 00:54:00.417 W/ActivityManager( 1629): java.lang.ClassCastException: android.os.BinderProxy cannot be cast to com.android.server.am.ActivityRecord$Token
12-14 00:54:00.417 W/ActivityManager( 1629): 	at com.android.server.am.ActivityRecord.forTokenLocked(ActivityRecord.java:778)
12-14 00:54:00.417 W/ActivityManager( 1629): 	at com.android.server.am.ActivityRecord.isInStackLocked(ActivityRecord.java:2085)
12-14 00:54:00.417 W/ActivityManager( 1629): 	at com.android.server.am.ActivityManagerService.setTaskDescription(ActivityManagerService.java:9988)
12-14 00:54:00.417 W/ActivityManager( 1629): 	at android.app.IActivityManager$Stub.onTransact(IActivityManager.java:2824)
12-14 00:54:00.417 W/ActivityManager( 1629): 	at com.android.server.am.ActivityManagerService.onTransact(ActivityManagerService.java:2935)
12-14 00:54:00.417 W/ActivityManager( 1629): 	at android.os.Binder.execTransact(Binder.java:674)
12-14 00:54:00.419 W/ActivityManager( 1629): Bad activity token: android.os.BinderProxy@e162260
12-14 00:54:00.419 W/ActivityManager( 1629): java.lang.ClassCastException: android.os.BinderProxy cannot be cast to com.android.server.am.ActivityRecord$Token
12-14 00:54:00.419 W/ActivityManager( 1629): 	at com.android.server.am.ActivityRecord.forTokenLocked(ActivityRecord.java:778)
12-14 00:54:00.419 W/ActivityManager( 1629): 	at com.android.server.am.ActivityRecord.isInStackLocked(ActivityRecord.java:2085)
12-14 00:54:00.419 W/ActivityManager( 1629): 	at com.android.server.am.ActivityRecord.getStackLocked(ActivityRecord.java:2090)
12-14 00:54:00.419 W/ActivityManager( 1629): 	at com.android.server.am.ActivityManagerService.getActivityStackId(ActivityManagerService.java:10417)
12-14 00:54:00.419 W/ActivityManager( 1629): 	at android.app.IActivityManager$Stub.onTransact(IActivityManager.java:3548)
12-14 00:54:00.419 W/ActivityManager( 1629): 	at com.android.server.am.ActivityManagerService.onTransact(ActivityManagerService.java:2935)
12-14 00:54:00.419 W/ActivityManager( 1629): 	at android.os.Binder.execTransact(Binder.java:674)
12-14 00:54:00.430 I/Dialer  ( 2001): OmtpVvmCarrierCfgHlpr - OmtpEvent:CONFIG_STATUS_SMS_TIME_OUT
12-14 00:54:00.430 I/Dialer  ( 2001): RetryPolicy - discarding deferred status: configuration_state=4
12-14 00:54:00.432 I/Dialer  ( 2001): VvmTaskExecutor - no more tasks, stopping service if no task are added in 5000 millis
12-14 00:54:00.441 I/Dialer  ( 2001): VvmTaskReceiver - task received
12-14 00:54:00.441 I/Dialer  ( 2001): VvmTaskReceiver - TaskExecutor already running
12-14 00:54:00.441 I/Dialer  ( 2001): Task.createTask - create task:com.android.voicemail.impl.ActivationTask
12-14 00:54:00.441 I/Dialer  ( 2001): RetryPolicy - retry #1 for com.android.voicemail.impl.ActivationTask@626cf8b queued, executing in 5000
12-14 00:54:00.441 I/Dialer  ( 2001): VvmTaskExecutor - com.android.voicemail.impl.ActivationTask@626cf8b added
12-14 00:54:00.442 I/Dialer  ( 2001): VvmTaskExecutor - minimal wait time:5000
12-14 00:54:00.442 I/Dialer  ( 2001): VvmTaskExecutor - sleep for 5000 millis
12-14 00:54:00.470 W/ActivityManager( 1629): Bad activity token: android.os.BinderProxy@e162260
12-14 00:54:00.470 W/ActivityManager( 1629): java.lang.ClassCastException: android.os.BinderProxy cannot be cast to com.android.server.am.ActivityRecord$Token
12-14 00:54:00.470 W/ActivityManager( 1629): 	at com.android.server.am.ActivityRecord.forTokenLocked(ActivityRecord.java:778)
12-14 00:54:00.470 W/ActivityManager( 1629): 	at com.android.server.am.ActivityRecord.isInStackLocked(ActivityRecord.java:2085)
12-14 00:54:00.470 W/ActivityManager( 1629): 	at com.android.server.am.ActivityManagerService.getActivityOptions(ActivityManagerService.java:13302)
12-14 00:54:00.470 W/ActivityManager( 1629): 	at android.app.IActivityManager$Stub.onTransact(IActivityManager.java:2910)
12-14 00:54:00.470 W/ActivityManager( 1629): 	at com.android.server.am.ActivityManagerService.onTransact(ActivityManagerService.java:2935)
12-14 00:54:00.470 W/ActivityManager( 1629): 	at android.os.Binder.execTransact(Binder.java:674)
12-14 00:54:00.471 W/ActivityManager( 1629): Bad activity token: android.os.BinderProxy@e162260
12-14 00:54:00.471 W/ActivityManager( 1629): java.lang.ClassCastException: android.os.BinderProxy cannot be cast to com.android.server.am.ActivityRecord$Token
12-14 00:54:00.471 W/ActivityManager( 1629): 	at com.android.server.am.ActivityRecord.forTokenLocked(ActivityRecord.java:778)
12-14 00:54:00.471 W/ActivityManager( 1629): 	at com.android.server.am.ActivityRecord.isInStackLocked(ActivityRecord.java:2085)
12-14 00:54:00.471 W/ActivityManager( 1629): 	at com.android.server.am.ActivityManagerService.getActivityOptions(ActivityManagerService.java:13302)
12-14 00:54:00.471 W/ActivityManager( 1629): 	at android.app.IActivityManager$Stub.onTransact(IActivityManager.java:2910)
12-14 00:54:00.471 W/ActivityManager( 1629): 	at com.android.server.am.ActivityManagerService.onTransact(ActivityManagerService.java:2935)
12-14 00:54:00.471 W/ActivityManager( 1629): 	at android.os.Binder.execTransact(Binder.java:674)
12-14 00:54:00.545 D/gralloc_ranchu( 1396): gralloc_alloc: Creating ashmem region of size 7753728
12-14 00:54:00.545 I/zygote  ( 4551): Do partial code cache collection, code=124KB, data=66KB
12-14 00:54:00.545 I/zygote  ( 4551): After code cache collection, code=124KB, data=66KB
12-14 00:54:00.546 I/zygote  ( 4551): Increasing code cache capacity to 512KB
12-14 00:54:00.554 D/Mileage ( 4551): Not enough fillups to calculate economy
12-14 00:54:00.702 E/SurfaceFlinger( 1405): ro.sf.lcd_density must be defined as a build property
12-14 00:54:00.710 D/gralloc_ranchu( 1396): gralloc_alloc: Creating ashmem region of size 8298496
12-14 00:54:00.725 D/        ( 4595): HostConnection::get() New Host Connection established 0xb39af800, tid 4595
12-14 00:54:01.103 I/System.out( 4551): URI: //gesture
12-14 00:54:01.103 I/System.out( 4551): params: {json={"query_timeout":5.0,"gestures":[{"query_string":"android.widget.TabWidget descendant TextView index:3","touches":[{"x":50,"y":50,"offset_x":0,"offset_y":0,"wait":0.0,"time":0.2,"release":true,"query_string":null}]}]}
12-14 00:54:01.103 I/System.out( 4551): }
12-14 00:54:01.120 E/BatteryStatsService( 1629): modem info is invalid: ModemActivityInfo{ mTimestamp=0 mSleepTimeMs=0 mIdleTimeMs=0 mTxTimeMs[]=[0, 0, 0, 0, 0] mRxTimeMs=0 mEnergyUsed=0}
12-14 00:54:01.379 W/ActivityManager( 1629): Bad activity token: android.os.BinderProxy@1449e53
12-14 00:54:01.379 W/ActivityManager( 1629): java.lang.ClassCastException: android.os.BinderProxy cannot be cast to com.android.server.am.ActivityRecord$Token
12-14 00:54:01.379 W/ActivityManager( 1629): 	at com.android.server.am.ActivityRecord.forTokenLocked(ActivityRecord.java:778)
12-14 00:54:01.379 W/ActivityManager( 1629): 	at com.android.server.am.ActivityRecord.isInStackLocked(ActivityRecord.java:2085)
12-14 00:54:01.379 W/ActivityManager( 1629): 	at com.android.server.am.ActivityRecord.getStackLocked(ActivityRecord.java:2090)
12-14 00:54:01.379 W/ActivityManager( 1629): 	at com.android.server.am.ActivityManagerService.getActivityDisplayId(ActivityManagerService.java:10406)
12-14 00:54:01.379 W/ActivityManager( 1629): 	at android.app.IActivityManager$Stub.onTransact(IActivityManager.java:2738)
12-14 00:54:01.379 W/ActivityManager( 1629): 	at com.android.server.am.ActivityManagerService.onTransact(ActivityManagerService.java:2935)
12-14 00:54:01.379 W/ActivityManager( 1629): 	at android.os.Binder.execTransact(Binder.java:674)
12-14 00:54:01.381 I/calabash( 4551): newActivity1
12-14 00:54:01.388 W/ActivityManager( 1629): Bad activity token: android.os.BinderProxy@1449e53
12-14 00:54:01.388 W/ActivityManager( 1629): java.lang.ClassCastException: android.os.BinderProxy cannot be cast to com.android.server.am.ActivityRecord$Token
12-14 00:54:01.388 W/ActivityManager( 1629): 	at com.android.server.am.ActivityRecord.forTokenLocked(ActivityRecord.java:778)
12-14 00:54:01.388 W/ActivityManager( 1629): 	at com.android.server.am.ActivityRecord.isInStackLocked(ActivityRecord.java:2085)
12-14 00:54:01.388 W/ActivityManager( 1629): 	at com.android.server.am.ActivityManagerService.setTaskDescription(ActivityManagerService.java:9988)
12-14 00:54:01.388 W/ActivityManager( 1629): 	at android.app.IActivityManager$Stub.onTransact(IActivityManager.java:2824)
12-14 00:54:01.388 W/ActivityManager( 1629): 	at com.android.server.am.ActivityManagerService.onTransact(ActivityManagerService.java:2935)
12-14 00:54:01.388 W/ActivityManager( 1629): 	at android.os.Binder.execTransact(Binder.java:674)
12-14 00:54:01.389 W/ActivityManager( 1629): Bad activity token: android.os.BinderProxy@1449e53
12-14 00:54:01.389 W/ActivityManager( 1629): java.lang.ClassCastException: android.os.BinderProxy cannot be cast to com.android.server.am.ActivityRecord$Token
12-14 00:54:01.389 W/ActivityManager( 1629): 	at com.android.server.am.ActivityRecord.forTokenLocked(ActivityRecord.java:778)
12-14 00:54:01.389 W/ActivityManager( 1629): 	at com.android.server.am.ActivityRecord.isInStackLocked(ActivityRecord.java:2085)
12-14 00:54:01.389 W/ActivityManager( 1629): 	at com.android.server.am.ActivityRecord.getStackLocked(ActivityRecord.java:2090)
12-14 00:54:01.389 W/ActivityManager( 1629): 	at com.android.server.am.ActivityManagerService.getActivityStackId(ActivityManagerService.java:10417)
12-14 00:54:01.389 W/ActivityManager( 1629): 	at android.app.IActivityManager$Stub.onTransact(IActivityManager.java:3548)
12-14 00:54:01.389 W/ActivityManager( 1629): 	at com.android.server.am.ActivityManagerService.onTransact(ActivityManagerService.java:2935)
12-14 00:54:01.389 W/ActivityManager( 1629): 	at android.os.Binder.execTransact(Binder.java:674)
12-14 00:54:01.395 W/ActivityManager( 1629): Bad activity token: android.os.BinderProxy@1449e53
12-14 00:54:01.395 W/ActivityManager( 1629): java.lang.ClassCastException: android.os.BinderProxy cannot be cast to com.android.server.am.ActivityRecord$Token
12-14 00:54:01.395 W/ActivityManager( 1629): 	at com.android.server.am.ActivityRecord.forTokenLocked(ActivityRecord.java:778)
12-14 00:54:01.395 W/ActivityManager( 1629): 	at com.android.server.am.ActivityRecord.isInStackLocked(ActivityRecord.java:2085)
12-14 00:54:01.395 W/ActivityManager( 1629): 	at com.android.server.am.ActivityManagerService.getActivityOptions(ActivityManagerService.java:13302)
12-14 00:54:01.395 W/ActivityManager( 1629): 	at android.app.IActivityManager$Stub.onTransact(IActivityManager.java:2910)
12-14 00:54:01.395 W/ActivityManager( 1629): 	at com.android.server.am.ActivityManagerService.onTransact(ActivityManagerService.java:2935)
12-14 00:54:01.395 W/ActivityManager( 1629): 	at android.os.Binder.execTransact(Binder.java:674)
12-14 00:54:01.395 W/ActivityManager( 1629): Bad activity token: android.os.BinderProxy@1449e53
12-14 00:54:01.395 W/ActivityManager( 1629): java.lang.ClassCastException: android.os.BinderProxy cannot be cast to com.android.server.am.ActivityRecord$Token
12-14 00:54:01.395 W/ActivityManager( 1629): 	at com.android.server.am.ActivityRecord.forTokenLocked(ActivityRecord.java:778)
12-14 00:54:01.395 W/ActivityManager( 1629): 	at com.android.server.am.ActivityRecord.isInStackLocked(ActivityRecord.java:2085)
12-14 00:54:01.395 W/ActivityManager( 1629): 	at com.android.server.am.ActivityManagerService.getActivityOptions(ActivityManagerService.java:13302)
12-14 00:54:01.395 W/ActivityManager( 1629): 	at android.app.IActivityManager$Stub.onTransact(IActivityManager.java:2910)
12-14 00:54:01.395 W/ActivityManager( 1629): 	at com.android.server.am.ActivityManagerService.onTransact(ActivityManagerService.java:2935)
12-14 00:54:01.395 W/ActivityManager( 1629): 	at android.os.Binder.execTransact(Binder.java:674)
12-14 00:54:01.583 E/SurfaceFlinger( 1405): ro.sf.lcd_density must be defined as a build property
12-14 00:54:01.589 D/gralloc_ranchu( 1396): gralloc_alloc: Creating ashmem region of size 8298496
12-14 00:54:01.599 D/        ( 4602): HostConnection::get() New Host Connection established 0xaecaf800, tid 4602
12-14 00:54:01.899 I/System.out( 4551): URI: //gesture
12-14 00:54:01.899 I/System.out( 4551): params: {json={"query_timeout":5.0,"gestures":[{"query_string":"android.widget.TabWidget descendant TextView index:2","touches":[{"x":50,"y":50,"offset_x":0,"offset_y":0,"wait":0.0,"time":0.2,"release":true,"query_string":null}]}]}
12-14 00:54:01.899 I/System.out( 4551): }
12-14 00:54:02.178 W/ActivityManager( 1629): Bad activity token: android.os.BinderProxy@c88639a
12-14 00:54:02.178 W/ActivityManager( 1629): java.lang.ClassCastException: android.os.BinderProxy cannot be cast to com.android.server.am.ActivityRecord$Token
12-14 00:54:02.178 W/ActivityManager( 1629): 	at com.android.server.am.ActivityRecord.forTokenLocked(ActivityRecord.java:778)
12-14 00:54:02.178 W/ActivityManager( 1629): 	at com.android.server.am.ActivityRecord.isInStackLocked(ActivityRecord.java:2085)
12-14 00:54:02.178 W/ActivityManager( 1629): 	at com.android.server.am.ActivityRecord.getStackLocked(ActivityRecord.java:2090)
12-14 00:54:02.178 W/ActivityManager( 1629): 	at com.android.server.am.ActivityManagerService.getActivityDisplayId(ActivityManagerService.java:10406)
12-14 00:54:02.178 W/ActivityManager( 1629): 	at android.app.IActivityManager$Stub.onTransact(IActivityManager.java:2738)
12-14 00:54:02.178 W/ActivityManager( 1629): 	at com.android.server.am.ActivityManagerService.onTransact(ActivityManagerService.java:2935)
12-14 00:54:02.178 W/ActivityManager( 1629): 	at android.os.Binder.execTransact(Binder.java:674)
12-14 00:54:02.179 I/calabash( 4551): newActivity1
12-14 00:54:02.268 W/ActivityManager( 1629): Bad activity token: android.os.BinderProxy@c88639a
12-14 00:54:02.268 W/ActivityManager( 1629): java.lang.ClassCastException: android.os.BinderProxy cannot be cast to com.android.server.am.ActivityRecord$Token
12-14 00:54:02.268 W/ActivityManager( 1629): 	at com.android.server.am.ActivityRecord.forTokenLocked(ActivityRecord.java:778)
12-14 00:54:02.268 W/ActivityManager( 1629): 	at com.android.server.am.ActivityRecord.isInStackLocked(ActivityRecord.java:2085)
12-14 00:54:02.268 W/ActivityManager( 1629): 	at com.android.server.am.ActivityManagerService.setTaskDescription(ActivityManagerService.java:9988)
12-14 00:54:02.268 W/ActivityManager( 1629): 	at android.app.IActivityManager$Stub.onTransact(IActivityManager.java:2824)
12-14 00:54:02.268 W/ActivityManager( 1629): 	at com.android.server.am.ActivityManagerService.onTransact(ActivityManagerService.java:2935)
12-14 00:54:02.268 W/ActivityManager( 1629): 	at android.os.Binder.execTransact(Binder.java:674)
12-14 00:54:02.269 W/ActivityManager( 1629): Bad activity token: android.os.BinderProxy@c88639a
12-14 00:54:02.269 W/ActivityManager( 1629): java.lang.ClassCastException: android.os.BinderProxy cannot be cast to com.android.server.am.ActivityRecord$Token
12-14 00:54:02.269 W/ActivityManager( 1629): 	at com.android.server.am.ActivityRecord.forTokenLocked(ActivityRecord.java:778)
12-14 00:54:02.269 W/ActivityManager( 1629): 	at com.android.server.am.ActivityRecord.isInStackLocked(ActivityRecord.java:2085)
12-14 00:54:02.269 W/ActivityManager( 1629): 	at com.android.server.am.ActivityRecord.getStackLocked(ActivityRecord.java:2090)
12-14 00:54:02.269 W/ActivityManager( 1629): 	at com.android.server.am.ActivityManagerService.getActivityStackId(ActivityManagerService.java:10417)
12-14 00:54:02.269 W/ActivityManager( 1629): 	at android.app.IActivityManager$Stub.onTransact(IActivityManager.java:3548)
12-14 00:54:02.269 W/ActivityManager( 1629): 	at com.android.server.am.ActivityManagerService.onTransact(ActivityManagerService.java:2935)
12-14 00:54:02.269 W/ActivityManager( 1629): 	at android.os.Binder.execTransact(Binder.java:674)
12-14 00:54:02.310 D/VehicleStatisticsActivity( 4551): Checking recalculation ...
12-14 00:54:02.312 D/VehicleStatisticsActivity( 4551): Recalculating statistics
12-14 00:54:02.313 D/VehicleStatisticsTask( 4551): Calculation starting...
12-14 00:54:02.313 D/VehicleStatisticsActivity( 4551): Recalculation started!
12-14 00:54:02.316 W/ActivityManager( 1629): Bad activity token: android.os.BinderProxy@c88639a
12-14 00:54:02.316 W/ActivityManager( 1629): java.lang.ClassCastException: android.os.BinderProxy cannot be cast to com.android.server.am.ActivityRecord$Token
12-14 00:54:02.316 W/ActivityManager( 1629): 	at com.android.server.am.ActivityRecord.forTokenLocked(ActivityRecord.java:778)
12-14 00:54:02.316 W/ActivityManager( 1629): 	at com.android.server.am.ActivityRecord.isInStackLocked(ActivityRecord.java:2085)
12-14 00:54:02.316 W/ActivityManager( 1629): 	at com.android.server.am.ActivityManagerService.getActivityOptions(ActivityManagerService.java:13302)
12-14 00:54:02.316 W/ActivityManager( 1629): 	at android.app.IActivityManager$Stub.onTransact(IActivityManager.java:2910)
12-14 00:54:02.316 W/ActivityManager( 1629): 	at com.android.server.am.ActivityManagerService.onTransact(ActivityManagerService.java:2935)
12-14 00:54:02.316 W/ActivityManager( 1629): 	at android.os.Binder.execTransact(Binder.java:674)
12-14 00:54:02.317 W/ActivityManager( 1629): Bad activity token: android.os.BinderProxy@c88639a
12-14 00:54:02.317 W/ActivityManager( 1629): java.lang.ClassCastException: android.os.BinderProxy cannot be cast to com.android.server.am.ActivityRecord$Token
12-14 00:54:02.317 W/ActivityManager( 1629): 	at com.android.server.am.ActivityRecord.forTokenLocked(ActivityRecord.java:778)
12-14 00:54:02.317 W/ActivityManager( 1629): 	at com.android.server.am.ActivityRecord.isInStackLocked(ActivityRecord.java:2085)
12-14 00:54:02.317 W/ActivityManager( 1629): 	at com.android.server.am.ActivityManagerService.getActivityOptions(ActivityManagerService.java:13302)
12-14 00:54:02.317 W/ActivityManager( 1629): 	at android.app.IActivityManager$Stub.onTransact(IActivityManager.java:2910)
12-14 00:54:02.317 W/ActivityManager( 1629): 	at com.android.server.am.ActivityManagerService.onTransact(ActivityManagerService.java:2935)
