--------- beginning of main
12-14 00:53:44.121 I/zygote  ( 4245): Do full code cache collection, code=125KB, data=72KB
12-14 00:53:44.131 D/gralloc_ranchu( 1396): gralloc_alloc: Creating ashmem region of size 8298496
--------- beginning of system
12-14 00:53:44.134 W/ActivityManager( 1629): Finishing task with all activities already finished
12-14 00:53:44.134 W/ActivityManager( 1629): Duplicate finish request for ActivityRecord{379262b u0 com.evancharlton.mileage/.Mileage t572 f}
12-14 00:53:44.135 I/zygote  ( 4245): After code cache collection, code=111KB, data=46KB
12-14 00:53:44.144 D/SurfaceFlinger( 1405): duplicate layer name: changing com.google.android.apps.nexuslauncher/com.google.android.apps.nexuslauncher.NexusLauncherActivity to com.google.android.apps.nexuslauncher/com.google.android.apps.nexuslauncher.NexusLauncherActivity#1
12-14 00:53:44.151 D/gralloc_ranchu( 1396): gralloc_alloc: Creating ashmem region of size 8298496
12-14 00:53:44.168 D/EGL_emulation( 1734): eglMakeCurrent: 0x8836d3a0: ver 3 0 (tinfo 0x88318d60)
12-14 00:53:44.180 D/gralloc_ranchu( 1396): gralloc_alloc: Creating ashmem region of size 8298496
12-14 00:53:44.202 D/EGL_emulation( 2180): eglMakeCurrent: 0x9ba04cc0: ver 3 0 (tinfo 0x9ba037d0)
12-14 00:53:44.266 D/gralloc_ranchu( 1396): gralloc_alloc: Creating ashmem region of size 8298496
12-14 00:53:44.295 I/MicroDetectionWorker( 2180): #updateMicroDetector [detectionMode: [mDetectionMode: [1]]]
12-14 00:53:44.295 I/MicroDetectionWorker( 2180): #startMicroDetector [speakerMode: 0]
12-14 00:53:44.296 I/AudioController( 2180): Using mInputStreamFactoryBuilder
12-14 00:53:44.311 I/MicroDetectionWorker( 2180): onReady
12-14 00:53:44.313 I/MicroRecognitionRunner( 2180): Starting detection.
12-14 00:53:44.313 I/MicrophoneInputStream( 2180): mic_starting com.google.android.apps.gsa.staticplugins.aa.c@6cb101c
12-14 00:53:44.315 I/AudioFlinger( 1476): AudioFlinger's thread 0xaf283cc0 tid=4299 ready to run
12-14 00:53:44.319 I/MicrophoneInputStream( 2180): mic_started com.google.android.apps.gsa.staticplugins.aa.c@6cb101c
12-14 00:53:44.320 E/ActivityThread( 2180): Failed to find provider info for com.google.android.apps.gsa.testing.ui.audio.recorded
12-14 00:53:44.320 I/MicroDetectionWorker( 2180): onReady
12-14 00:53:44.328 I/MicrophoneInputStream( 2180): mic_close com.google.android.apps.gsa.staticplugins.aa.c@6cb101c
12-14 00:53:44.332 I/MicroRecognitionRunner( 2180): Detection finished
12-14 00:53:44.332 W/ErrorReporter( 2180): reportError [type: 211, code: 524300]: Error reading from input stream
12-14 00:53:44.334 I/MicroRecognitionRunner( 2180): Stopping hotword detection.
12-14 00:53:44.336 W/ErrorProcessor( 2180): onFatalError, processing error from engine(4)
12-14 00:53:44.336 W/ErrorProcessor( 2180): com.google.android.apps.gsa.shared.speech.b.g: Error reading from input stream
12-14 00:53:44.336 W/ErrorProcessor( 2180): 	at com.google.android.apps.gsa.staticplugins.recognizer.j.a.a(SourceFile:28)
12-14 00:53:44.336 W/ErrorProcessor( 2180): 	at com.google.android.apps.gsa.staticplugins.recognizer.j.b.run(SourceFile:15)
12-14 00:53:44.336 W/ErrorProcessor( 2180): 	at java.util.concurrent.Executors$RunnableAdapter.call(Executors.java:457)
12-14 00:53:44.336 W/ErrorProcessor( 2180): 	at java.util.concurrent.FutureTask.run(FutureTask.java:266)
12-14 00:53:44.336 W/ErrorProcessor( 2180): 	at com.google.android.apps.gsa.shared.util.concurrent.a.ax.run(SourceFile:14)
12-14 00:53:44.336 W/ErrorProcessor( 2180): 	at com.google.android.apps.gsa.shared.util.concurrent.a.bl.run(SourceFile:4)
12-14 00:53:44.336 W/ErrorProcessor( 2180): 	at com.google.android.apps.gsa.shared.util.concurrent.a.bl.run(SourceFile:4)
12-14 00:53:44.336 W/ErrorProcessor( 2180): 	at java.util.concurrent.ThreadPoolExecutor.runWorker(ThreadPoolExecutor.java:1162)
12-14 00:53:44.336 W/ErrorProcessor( 2180): 	at java.util.concurrent.ThreadPoolExecutor$Worker.run(ThreadPoolExecutor.java:636)
12-14 00:53:44.336 W/ErrorProcessor( 2180): 	at java.lang.Thread.run(Thread.java:764)
12-14 00:53:44.336 W/ErrorProcessor( 2180): 	at com.google.android.apps.gsa.shared.util.concurrent.a.ai.run(SourceFile:6)
12-14 00:53:44.336 W/ErrorProcessor( 2180): Caused by: com.google.android.apps.gsa.shared.exception.GsaIOException: Error code: 393238 | Buffer overflow, no available space.
12-14 00:53:44.336 W/ErrorProcessor( 2180): 	at com.google.android.apps.gsa.speech.audio.Tee.f(SourceFile:103)
12-14 00:53:44.336 W/ErrorProcessor( 2180): 	at com.google.android.apps.gsa.speech.audio.au.read(SourceFile:2)
12-14 00:53:44.336 W/ErrorProcessor( 2180): 	at java.io.InputStream.read(InputStream.java:101)
12-14 00:53:44.336 W/ErrorProcessor( 2180): 	at com.google.android.apps.gsa.speech.audio.ao.run(SourceFile:18)
12-14 00:53:44.336 W/ErrorProcessor( 2180): 	at com.google.android.apps.gsa.speech.audio.an.run(SourceFile:2)
12-14 00:53:44.336 W/ErrorProcessor( 2180): 	... 9 more
12-14 00:53:44.336 I/AudioController( 2180): internalShutdown
12-14 00:53:44.343 I/MicroDetector( 2180): Keeping mic open: false
12-14 00:53:44.344 I/MicroDetectionWorker( 2180): #onError(false)
12-14 00:53:44.344 I/DeviceStateChecker( 2180): DeviceStateChecker cancelled
12-14 00:53:44.399 D/EGL_emulation( 2147): eglMakeCurrent: 0x9957d3e0: ver 3 0 (tinfo 0x9957fc80)
12-14 00:53:44.429 D/gralloc_ranchu( 1396): gralloc_alloc: Creating ashmem region of size 7753728
12-14 00:53:44.481 D/EGL_emulation( 1734): eglMakeCurrent: 0x8836d3a0: ver 3 0 (tinfo 0x88318d60)
12-14 00:53:44.708 I/chatty  ( 1734): uid=10028(u0_a28) RenderThread identical 23 lines
12-14 00:53:44.718 D/EGL_emulation( 1734): eglMakeCurrent: 0x8836d3a0: ver 3 0 (tinfo 0x88318d60)
12-14 00:53:44.802 D/AndroidRuntime( 4300): >>>>>> START com.android.internal.os.RuntimeInit uid 2000 <<<<<<
12-14 00:53:44.866 W/app_process( 4300): Unexpected CPU variant for X86 using defaults: x86
12-14 00:53:44.877 W/OpenGLRenderer( 2147): Incorrectly called buildLayer on View: ShortcutAndWidgetContainer, destroying layer...
12-14 00:53:44.896 D/AndroidRuntime( 4300): Calling main entry com.android.commands.am.Am
12-14 00:53:44.900 I/ActivityManager( 1629): Force stopping com.evancharlton.mileage appid=10252 user=0: start instr
12-14 00:53:44.900 I/ActivityManager( 1629): Killing 4245:com.evancharlton.mileage/u0a252 (adj 0): stop com.evancharlton.mileage
12-14 00:53:44.901 W/ActivityManager( 1629): Crash of app com.evancharlton.mileage running instrumentation ComponentInfo{com.evancharlton.mileage.test/sh.calaba.instrumentationbackend.CalabashInstrumentationTestRunner}
12-14 00:53:44.901 I/ActivityManager( 1629): Force stopping com.evancharlton.mileage appid=10252 user=0: finished inst
12-14 00:53:44.913 I/ActivityManager( 1629): Start proc 4310:com.evancharlton.mileage/u0a252 for added application com.evancharlton.mileage
12-14 00:53:44.919 I/OpenGLRenderer( 1629): Initialized EGL, version 1.4
12-14 00:53:44.919 D/OpenGLRenderer( 1629): Swap behavior 1
12-14 00:53:44.920 W/OpenGLRenderer( 1629): Failed to choose config with EGL_SWAP_BEHAVIOR_PRESERVED, retrying without...
12-14 00:53:44.920 D/OpenGLRenderer( 1629): Swap behavior 0
12-14 00:53:44.920 D/AndroidRuntime( 4300): Shutting down VM
12-14 00:53:44.925 I/zygote  ( 4310): Not late-enabling -Xcheck:jni (already on)
12-14 00:53:44.927 D/EGL_emulation( 1629): eglCreateContext: 0x9906fe00: maj 3 min 0 rcv 3
12-14 00:53:44.929 D/EGL_emulation( 1629): eglMakeCurrent: 0x9906fe00: ver 3 0 (tinfo 0x89acb300)
12-14 00:53:44.931 E/eglCodecCommon( 1629): glUtilsParamSize: unknow param 0x00008cdf
12-14 00:53:44.931 E/eglCodecCommon( 1629): glUtilsParamSize: unknow param 0x00008cdf
12-14 00:53:44.932 E/eglCodecCommon( 1629): glUtilsParamSize: unknow param 0x00008824
12-14 00:53:44.932 E/eglCodecCommon( 1629): glUtilsParamSize: unknow param 0x00008824
12-14 00:53:44.948 W/zygote  ( 4310): Unexpected CPU variant for X86 using defaults: x86
12-14 00:53:44.949 E/adbd    ( 1383): failed to connect to socket 'tcp:7102': Connection refused
12-14 00:53:44.960 E/adbd    ( 1383): failed to connect to socket 'tcp:7102': Connection refused
12-14 00:53:44.978 W/ActivityManager( 1629): setHasOverlayUi called on unknown pid: 4245
12-14 00:53:44.990 W/zygote  ( 4310): Found duplicate classes, falling back to extracting from APK : /data/app/com.evancharlton.mileage.test-ZlbFBCKzNHXub-ckZRYXAg==/base.apk
12-14 00:53:44.991 W/zygote  ( 4310): NOTE: This wastes RAM and hurts startup performance.
12-14 00:53:44.991 W/zygote  ( 4310): Found duplicated class when checking oat files: 'Ljunit/runner/BaseTestRunner;' in /data/app/com.evancharlton.mileage.test-ZlbFBCKzNHXub-ckZRYXAg==/base.apk and /system/framework/android.test.runner.jar
12-14 00:53:44.991 W/zygote  ( 4310): 
12-14 00:53:45.017 I/zygote  ( 1629): NativeAllocBackground concurrent copying GC freed 8294(772KB) AllocSpace objects, 4(80KB) LOS objects, 37% free, 10MB/16MB, paused 469us total 100.741ms
12-14 00:53:45.041 W/System  ( 4310): ClassLoader referenced unknown path: 
12-14 00:53:45.060 I/System.out( 4310): Main activity name automatically set to: com.evancharlton.mileage.Mileage
12-14 00:53:45.061 I/System.out( 4310): Calabash did not load Mono. This is only a problem if you are trying to test a Mono application
12-14 00:53:45.061 I/calabash( 4310): Test server port: 7102
12-14 00:53:45.063 I/InstrumentationBackend( 4310): Added:'GetPreferences', with key:'get_preferences'
12-14 00:53:45.064 E/adbd    ( 1383): failed to connect to socket 'tcp:7102': Connection refused
12-14 00:53:45.072 E/adbd    ( 1383): failed to connect to socket 'tcp:7102': Connection refused
12-14 00:53:45.132 I/InstrumentationBackend( 4310): Added:'SetPreferences', with key:'set_preferences'
12-14 00:53:45.132 I/InstrumentationBackend( 4310): Added:'ClearPreferences', with key:'clear_preferences'
12-14 00:53:45.133 I/InstrumentationBackend( 4310): Added:'PressElement', with key:'press_l10n_element'
12-14 00:53:45.133 I/InstrumentationBackend( 4310): Added:'WaitForElement', with key:'wait_for_l10n_element'
12-14 00:53:45.134 I/InstrumentationBackend( 4310): Added:'NullAction', with key:'nullAction'
12-14 00:53:45.134 I/InstrumentationBackend( 4310): Added:'PressKey', with key:'press_key'
12-14 00:53:45.134 I/InstrumentationBackend( 4310): Added:'SetActivityOrientation', with key:'set_activity_orientation'
12-14 00:53:45.134 I/InstrumentationBackend( 4310): Added:'GetActivityOrientation', with key:'get_activity_orientation'
12-14 00:53:45.135 I/InstrumentationBackend( 4310): Added:'FakeGPSLocation', with key:'set_gps_coordinates'
12-14 00:53:45.135 I/InstrumentationBackend( 4310): Added:'SetPropertyByCssSelector', with key:'set_property_by_css_selector'
12-14 00:53:45.137 I/InstrumentationBackend( 4310): Added:'GetUrl', with key:'get_url'
12-14 00:53:45.140 I/InstrumentationBackend( 4310): Added:'ScrollTo', with key:'scroll_to'
12-14 00:53:45.140 I/InstrumentationBackend( 4310): Added:'GetLoadProgress', with key:'get_load_progress'
12-14 00:53:45.141 I/InstrumentationBackend( 4310): Added:'DumpHtml', with key:'dump_html'
12-14 00:53:45.141 I/InstrumentationBackend( 4310): Added:'DumpBodyHtml', with key:'dump_body_html'
12-14 00:53:45.141 I/InstrumentationBackend( 4310): Added:'EnterTextByCssSelector', with key:'enter_text_by_selector'
12-14 00:53:45.145 I/InstrumentationBackend( 4310): Added:'AndroidSDKVersion', with key:'android_sdk_version'
12-14 00:53:45.145 I/InstrumentationBackend( 4310): Added:'Version', with key:'version'
12-14 00:53:45.146 I/InstrumentationBackend( 4310): Added:'Drag', with key:'drag'
12-14 00:53:45.146 I/InstrumentationBackend( 4310): Added:'TouchCoordinates', with key:'touch_coordinate'
12-14 00:53:45.146 I/InstrumentationBackend( 4310): Added:'LongPressCoordinate', with key:'long_press_coordinate'
12-14 00:53:45.146 I/InstrumentationBackend( 4310): Added:'DragCoordinates', with key:'drag_coordinates'
12-14 00:53:45.147 I/InstrumentationBackend( 4310): Added:'ResumeApplication', with key:'resume_application'
12-14 00:53:45.147 I/InstrumentationBackend( 4310): Added:'Swipe', with key:'swipe'
12-14 00:53:45.147 I/InstrumentationBackend( 4310): Added:'DoubleTapCoordinate', with key:'double_tap_coordinate'
12-14 00:53:45.148 I/InstrumentationBackend( 4310): Added:'ClickOnScreen', with key:'click_on_screen'
12-14 00:53:45.148 I/InstrumentationBackend( 4310): Added:'GetActivityName', with key:'get_activity_name'
12-14 00:53:45.149 I/InstrumentationBackend( 4310): Added:'ScrollToView', with key:'scroll_to_view'
12-14 00:53:45.149 I/InstrumentationBackend( 4310): Added:'ViewConfiguration', with key:'view_configuration'
12-14 00:53:45.149 I/InstrumentationBackend( 4310): Added:'IsCurrentActivityFocused', with key:'is_current_activity_focused'
12-14 00:53:45.150 I/InstrumentationBackend( 4310): Added:'SendTcp', with key:'send_tcp'
12-14 00:53:45.150 I/InstrumentationBackend( 4310): Added:'DpToDevicePixel', with key:'dp_to_device_pixel'
12-14 00:53:45.151 I/InstrumentationBackend( 4310): Added:'KeyboardEnterText', with key:'keyboard_enter_text'
12-14 00:53:45.152 I/InstrumentationBackend( 4310): Added:'DeleteSurroundingText', with key:'delete_surrounding_text'
12-14 00:53:45.152 I/InstrumentationBackend( 4310): Added:'SetComposingRegion', with key:'set_composing_region'
12-14 00:53:45.153 I/InstrumentationBackend( 4310): Added:'SetSelection', with key:'set_selection'
12-14 00:53:45.153 I/InstrumentationBackend( 4310): Added:'KeyboardKeyEvent', with key:'keyboard_key_event'
12-14 00:53:45.153 I/InstrumentationBackend( 4310): Added:'PressUserActionButton', with key:'press_user_action_button'
12-14 00:53:45.154 I/InstrumentationBackend( 4310): Added:'HideSoftKeyboard', with key:'hide_soft_keyboard'
12-14 00:53:45.156 I/InstrumentationBackend( 4310): Added:'ListActions', with key:'list_actions'
12-14 00:53:45.156 I/calabash( 4310): Instantiating http server at 7102
12-14 00:53:45.157 I/System.out( 4310): HTTP Daemon listening on: 7102
12-14 00:53:45.196 I/System.out( 4310): URI: //ping
12-14 00:53:45.197 I/System.out( 4310): params: {json={}
12-14 00:53:45.197 I/System.out( 4310): }
12-14 00:53:45.204 I/System.out( 4310): URI: //ping
12-14 00:53:45.204 I/System.out( 4310): params: {json={}
12-14 00:53:45.204 I/System.out( 4310): }
12-14 00:53:45.211 I/System.out( 4310): URI: //ready
12-14 00:53:45.211 I/System.out( 4310): params: {json={}
12-14 00:53:45.211 I/System.out( 4310): }
12-14 00:53:45.217 I/System.out( 4310): URI: //
12-14 00:53:45.217 I/System.out( 4310): params: {json={"command":"version","arguments":[]}
12-14 00:53:45.217 I/System.out( 4310): }
12-14 00:53:45.217 I/System.out( 4310): header: {content-type=application/json;charset=utf-8, date=Mon, 14 Dec 2020 05:53:45 GMT, accept=*/*, host=127.0.0.1:34777, content-length=36, user-agent=HTTPClient/1.0 (2.8.3, ruby 2.5.8 (2020-03-31))}
12-14 00:53:45.217 I/System.out( 4310): params: {json={"command":"version","arguments":[]}
12-14 00:53:45.217 I/System.out( 4310): }
12-14 00:53:45.218 I/System.out( 4310): ProP json = {"command":"version","arguments":[]}
12-14 00:53:45.218 I/System.out( 4310): files: {}
12-14 00:53:45.218 I/System.out( 4310): command: {"command":"version","arguments":[]}
12-14 00:53:45.250 I/InstrumentationBackend( 4310): Got command:'Command:'Line:null,version', arguments:'[]'
12-14 00:53:45.285 I/System.out( 4310): result:{"bonusInformation":[],"message":"0.9.8","success":true}
12-14 00:53:45.293 I/System.out( 4310): URI: //start-application
12-14 00:53:45.293 I/System.out( 4310): params: {json={"intent":null}
12-14 00:53:45.293 I/System.out( 4310): }
12-14 00:53:45.333 I/ActivityManager( 1629): START u0 {act=android.intent.action.MAIN cat=[android.intent.category.LAUNCHER] flg=0x10200000 cmp=com.evancharlton.mileage/.Mileage} from uid 10252
12-14 00:53:45.347 I/calabash( 4310): newActivity1
12-14 00:53:45.368 W/ActivityManager( 1629): Bad activity token: android.os.BinderProxy@f5675eb
12-14 00:53:45.368 W/ActivityManager( 1629): java.lang.ClassCastException: android.os.BinderProxy cannot be cast to com.android.server.am.ActivityRecord$Token
12-14 00:53:45.368 W/ActivityManager( 1629): 	at com.android.server.am.ActivityRecord.forTokenLocked(ActivityRecord.java:778)
12-14 00:53:45.368 W/ActivityManager( 1629): 	at com.android.server.am.ActivityRecord.isInStackLocked(ActivityRecord.java:2085)
12-14 00:53:45.368 W/ActivityManager( 1629): 	at com.android.server.am.ActivityRecord.getStackLocked(ActivityRecord.java:2090)
12-14 00:53:45.368 W/ActivityManager( 1629): 	at com.android.server.am.ActivityManagerService.getActivityDisplayId(ActivityManagerService.java:10406)
12-14 00:53:45.368 W/ActivityManager( 1629): 	at android.app.IActivityManager$Stub.onTransact(IActivityManager.java:2738)
12-14 00:53:45.368 W/ActivityManager( 1629): 	at com.android.server.am.ActivityManagerService.onTransact(ActivityManagerService.java:2935)
12-14 00:53:45.368 W/ActivityManager( 1629): 	at android.os.Binder.execTransact(Binder.java:674)
12-14 00:53:45.369 I/calabash( 4310): newActivity1
12-14 00:53:45.374 D/gralloc_ranchu( 1396): gralloc_alloc: Creating ashmem region of size 7753728
12-14 00:53:45.377 W/ActivityManager( 1629): Bad activity token: android.os.BinderProxy@f5675eb
12-14 00:53:45.377 W/ActivityManager( 1629): java.lang.ClassCastException: android.os.BinderProxy cannot be cast to com.android.server.am.ActivityRecord$Token
12-14 00:53:45.377 W/ActivityManager( 1629): 	at com.android.server.am.ActivityRecord.forTokenLocked(ActivityRecord.java:778)
12-14 00:53:45.377 W/ActivityManager( 1629): 	at com.android.server.am.ActivityRecord.isInStackLocked(ActivityRecord.java:2085)
12-14 00:53:45.377 W/ActivityManager( 1629): 	at com.android.server.am.ActivityManagerService.setTaskDescription(ActivityManagerService.java:9988)
12-14 00:53:45.377 W/ActivityManager( 1629): 	at android.app.IActivityManager$Stub.onTransact(IActivityManager.java:2824)
12-14 00:53:45.377 W/ActivityManager( 1629): 	at com.android.server.am.ActivityManagerService.onTransact(ActivityManagerService.java:2935)
12-14 00:53:45.377 W/ActivityManager( 1629): 	at android.os.Binder.execTransact(Binder.java:674)
12-14 00:53:45.379 W/ActivityManager( 1629): Bad activity token: android.os.BinderProxy@f5675eb
12-14 00:53:45.379 W/ActivityManager( 1629): java.lang.ClassCastException: android.os.BinderProxy cannot be cast to com.android.server.am.ActivityRecord$Token
12-14 00:53:45.379 W/ActivityManager( 1629): 	at com.android.server.am.ActivityRecord.forTokenLocked(ActivityRecord.java:778)
12-14 00:53:45.379 W/ActivityManager( 1629): 	at com.android.server.am.ActivityRecord.isInStackLocked(ActivityRecord.java:2085)
12-14 00:53:45.379 W/ActivityManager( 1629): 	at com.android.server.am.ActivityRecord.getStackLocked(ActivityRecord.java:2090)
12-14 00:53:45.379 W/ActivityManager( 1629): 	at com.android.server.am.ActivityManagerService.getActivityStackId(ActivityManagerService.java:10417)
12-14 00:53:45.379 W/ActivityManager( 1629): 	at android.app.IActivityManager$Stub.onTransact(IActivityManager.java:3548)
12-14 00:53:45.379 W/ActivityManager( 1629): 	at com.android.server.am.ActivityManagerService.onTransact(ActivityManagerService.java:2935)
12-14 00:53:45.379 W/ActivityManager( 1629): 	at android.os.Binder.execTransact(Binder.java:674)
12-14 00:53:45.426 V/StatusBar( 1734): setLightsOn(true)
12-14 00:53:45.433 D/EGL_emulation( 2147): eglMakeCurrent: 0x9957d3e0: ver 3 0 (tinfo 0x9957fc80)
12-14 00:53:45.433 D/EGL_emulation( 2180): eglMakeCurrent: 0x9ba04cc0: ver 3 0 (tinfo 0x9ba037d0)
12-14 00:53:45.449 D/EGL_emulation( 1734): eglMakeCurrent: 0x8836d3a0: ver 3 0 (tinfo 0x88318d60)
12-14 00:53:45.458 E/memtrack( 1629): Couldn't load memtrack module
12-14 00:53:45.458 W/android.os.Debug( 1629): failed to get memory consumption info: -1
12-14 00:53:45.463 D/EGL_emulation( 1734): eglMakeCurrent: 0x8836d3a0: ver 3 0 (tinfo 0x88318d60)
12-14 00:53:45.469 D/EGL_emulation( 1734): eglMakeCurrent: 0x8836d3a0: ver 3 0 (tinfo 0x88318d60)
12-14 00:53:45.473 V/StatusBar( 1734): setLightsOn(true)
12-14 00:53:45.480 D/EGL_emulation( 1734): eglMakeCurrent: 0x8836d3a0: ver 3 0 (tinfo 0x88318d60)
12-14 00:53:45.483 D/EGL_emulation( 1734): eglMakeCurrent: 0x8836d3a0: ver 3 0 (tinfo 0x88318d60)
12-14 00:53:45.484 E/ContentStoreEUAS( 2180): Failed to commit the deferred actions
12-14 00:53:45.498 D/EGL_emulation( 1734): eglMakeCurrent: 0x8836d3a0: ver 3 0 (tinfo 0x88318d60)
12-14 00:53:45.502 W/ActivityManager( 1629): Bad activity token: android.os.BinderProxy@f5675eb
12-14 00:53:45.502 W/ActivityManager( 1629): java.lang.ClassCastException: android.os.BinderProxy cannot be cast to com.android.server.am.ActivityRecord$Token
12-14 00:53:45.502 W/ActivityManager( 1629): 	at com.android.server.am.ActivityRecord.forTokenLocked(ActivityRecord.java:778)
12-14 00:53:45.502 W/ActivityManager( 1629): 	at com.android.server.am.ActivityRecord.isInStackLocked(ActivityRecord.java:2085)
12-14 00:53:45.502 W/ActivityManager( 1629): 	at com.android.server.am.ActivityManagerService.getActivityOptions(ActivityManagerService.java:13302)
12-14 00:53:45.502 W/ActivityManager( 1629): 	at android.app.IActivityManager$Stub.onTransact(IActivityManager.java:2910)
12-14 00:53:45.502 W/ActivityManager( 1629): 	at com.android.server.am.ActivityManagerService.onTransact(ActivityManagerService.java:2935)
12-14 00:53:45.502 W/ActivityManager( 1629): 	at android.os.Binder.execTransact(Binder.java:674)
12-14 00:53:45.503 W/ActivityManager( 1629): Bad activity token: android.os.BinderProxy@f5675eb
12-14 00:53:45.503 W/ActivityManager( 1629): java.lang.ClassCastException: android.os.BinderProxy cannot be cast to com.android.server.am.ActivityRecord$Token
12-14 00:53:45.503 W/ActivityManager( 1629): 	at com.android.server.am.ActivityRecord.forTokenLocked(ActivityRecord.java:778)
12-14 00:53:45.503 W/ActivityManager( 1629): 	at com.android.server.am.ActivityRecord.isInStackLocked(ActivityRecord.java:2085)
12-14 00:53:45.503 W/ActivityManager( 1629): 	at com.android.server.am.ActivityManagerService.getActivityOptions(ActivityManagerService.java:13302)
12-14 00:53:45.503 W/ActivityManager( 1629): 	at android.app.IActivityManager$Stub.onTransact(IActivityManager.java:2910)
12-14 00:53:45.503 W/ActivityManager( 1629): 	at com.android.server.am.ActivityManagerService.onTransact(ActivityManagerService.java:2935)
12-14 00:53:45.503 W/ActivityManager( 1629): 	at android.os.Binder.execTransact(Binder.java:674)
12-14 00:53:45.536 I/chatty  ( 1734): uid=10028(u0_a28) RenderThread identical 5 lines
12-14 00:53:45.549 D/EGL_emulation( 1734): eglMakeCurrent: 0x8836d3a0: ver 3 0 (tinfo 0x88318d60)
12-14 00:53:45.550 E/memtrack( 1629): Couldn't load memtrack module
12-14 00:53:45.550 W/android.os.Debug( 1629): failed to get memory consumption info: -1
12-14 00:53:45.553 D/EGL_emulation( 1734): eglMakeCurrent: 0x8836d3a0: ver 3 0 (tinfo 0x88318d60)
12-14 00:53:45.620 I/chatty  ( 1734): uid=10028(u0_a28) RenderThread identical 7 lines
12-14 00:53:45.640 D/EGL_emulation( 1734): eglMakeCurrent: 0x8836d3a0: ver 3 0 (tinfo 0x88318d60)
12-14 00:53:45.642 V/StatusBar( 1734): setLightsOn(true)
12-14 00:53:45.644 D/EGL_emulation( 1734): eglMakeCurrent: 0x8836d3a0: ver 3 0 (tinfo 0x88318d60)
12-14 00:53:45.647 I/chatty  ( 1734): uid=10028(u0_a28) RenderThread identical 1 line
12-14 00:53:45.658 D/EGL_emulation( 1734): eglMakeCurrent: 0x8836d3a0: ver 3 0 (tinfo 0x88318d60)
12-14 00:53:45.668 V/StatusBar( 1734): setLightsOn(true)
12-14 00:53:45.669 I/zygote  ( 4310): Do partial code cache collection, code=27KB, data=30KB
12-14 00:53:45.670 V/StatusBar( 1734): setLightsOn(true)
12-14 00:53:45.677 I/zygote  ( 4310): After code cache collection, code=27KB, data=30KB
12-14 00:53:45.678 I/zygote  ( 4310): Increasing code cache capacity to 128KB
12-14 00:53:45.679 I/zygote  ( 4310): Do partial code cache collection, code=27KB, data=48KB
12-14 00:53:45.693 I/zygote  ( 4310): After code cache collection, code=27KB, data=48KB
12-14 00:53:45.693 I/zygote  ( 4310): Increasing code cache capacity to 256KB
12-14 00:53:45.693 I/zygote  ( 4310): JIT allocated 71KB for compiled code of void android.widget.TextView.<init>(android.content.Context, android.util.AttributeSet, int, int)
12-14 00:53:45.693 I/zygote  ( 4310): Compiler allocated 4MB to compile void android.widget.TextView.<init>(android.content.Context, android.util.AttributeSet, int, int)
12-14 00:53:45.737 D/gralloc_ranchu( 1396): gralloc_alloc: Creating ashmem region of size 7753728
12-14 00:53:45.760 D/        ( 4310): HostConnection::get() New Host Connection established 0x990afd40, tid 4310
12-14 00:53:45.813 V/StatusBar( 1734): setLightsOn(true)
12-14 00:53:45.817 V/StatusBar( 1734): setLightsOn(true)
12-14 00:53:45.819 I/ActivityManager( 1629): Displayed com.evancharlton.mileage/.Mileage: +478ms
12-14 00:53:45.843 V/StatusBar( 1734): setLightsOn(true)
12-14 00:53:45.848 D/gralloc_ranchu( 1396): gralloc_alloc: Creating ashmem region of size 7753728
12-14 00:53:45.884 V/StatusBar( 1734): setLightsOn(true)
12-14 00:53:45.945 V/StatusBar( 1734): setLightsOn(true)
12-14 00:53:45.949 I/zygote  ( 4310): Do full code cache collection, code=123KB, data=72KB
12-14 00:53:45.950 I/zygote  ( 4310): After code cache collection, code=102KB, data=45KB
12-14 00:53:45.977 E/WifiVendorHal( 1629): getTxPktFates(l.1941) failed {.code = ERROR_NOT_SUPPORTED, .description = }
12-14 00:53:45.978 E/WifiVendorHal( 1629): getRxPktFates(l.1981) failed {.code = ERROR_NOT_SUPPORTED, .description = }
12-14 00:53:46.006 E/SurfaceFlinger( 1405): Failed to find layer (Splash Screen com.evancharlton.mileage#0) in layer parent (no-parent).
12-14 00:53:46.015 V/StatusBar( 1734): setLightsOn(true)
12-14 00:53:46.047 I/chatty  ( 1734): uid=10028(u0_a28) com.android.systemui identical 1 line
12-14 00:53:46.181 V/StatusBar( 1734): setLightsOn(true)
12-14 00:53:46.188 W/SurfaceFlinger( 1405): couldn't log to binary event log: overflow.
