--------- beginning of main
12-14 04:08:25.999 D/AndroidRuntime( 4427): >>>>>> START com.android.internal.os.RuntimeInit uid 2000 <<<<<<
12-14 04:08:26.032 W/app_process( 4427): Unexpected CPU variant for X86 using defaults: x86
12-14 04:08:26.047 D/AndroidRuntime( 4427): Calling main entry com.android.commands.am.Am
--------- beginning of system
12-14 04:08:26.048 I/ActivityManager( 1627): Force stopping com.evancharlton.mileage appid=10452 user=0: start instr
12-14 04:08:26.048 I/ActivityManager( 1627): Killing 4406:com.evancharlton.mileage/u0a452 (adj 0): stop com.evancharlton.mileage
12-14 04:08:26.050 W/ActivityManager( 1627): Crash of app com.evancharlton.mileage running instrumentation ComponentInfo{com.evancharlton.mileage.test/sh.calaba.instrumentationbackend.ClearAppData2}
12-14 04:08:26.051 I/ActivityManager( 1627): Force stopping com.evancharlton.mileage appid=10452 user=0: finished inst
12-14 04:08:26.058 I/zygote  ( 4437): Not late-enabling -Xcheck:jni (already on)
12-14 04:08:26.064 W/zygote  ( 4437): Unexpected CPU variant for X86 using defaults: x86
12-14 04:08:26.066 I/ActivityManager( 1627): Start proc 4437:com.evancharlton.mileage/u0a452 for added application com.evancharlton.mileage
12-14 04:08:26.066 D/AndroidRuntime( 4427): Shutting down VM
12-14 04:08:26.068 E/memtrack( 1627): Couldn't load memtrack module
12-14 04:08:26.068 W/android.os.Debug( 1627): failed to get memory consumption info: -1
12-14 04:08:26.090 W/zygote  ( 4437): Found duplicate classes, falling back to extracting from APK : /data/app/com.evancharlton.mileage.test-9AeW-roeoCDa3q2red5kiw==/base.apk
12-14 04:08:26.090 W/zygote  ( 4437): NOTE: This wastes RAM and hurts startup performance.
12-14 04:08:26.090 W/zygote  ( 4437): Found duplicated class when checking oat files: 'Ljunit/runner/BaseTestRunner;' in /data/app/com.evancharlton.mileage.test-9AeW-roeoCDa3q2red5kiw==/base.apk and /system/framework/android.test.runner.jar
12-14 04:08:26.090 W/zygote  ( 4437): 
12-14 04:08:26.094 E/memtrack( 1627): Couldn't load memtrack module
12-14 04:08:26.094 W/android.os.Debug( 1627): failed to get memory consumption info: -1
12-14 04:08:26.105 E/memtrack( 1627): Couldn't load memtrack module
12-14 04:08:26.105 W/android.os.Debug( 1627): failed to get memory consumption info: -1
12-14 04:08:26.108 E/adbd    ( 1383): failed to connect to socket 'tcp:7102': Connection refused
12-14 04:08:26.116 E/adbd    ( 1383): failed to connect to socket 'tcp:7102': Connection refused
12-14 04:08:26.125 W/System  ( 4437): ClassLoader referenced unknown path: 
12-14 04:08:26.137 I/System.out( 4437): Main activity name automatically set to: com.evancharlton.mileage.Mileage
12-14 04:08:26.138 I/System.out( 4437): Calabash did not load Mono. This is only a problem if you are trying to test a Mono application
12-14 04:08:26.139 I/calabash( 4437): Test server port: 7102
12-14 04:08:26.140 I/InstrumentationBackend( 4437): Added:'GetPreferences', with key:'get_preferences'
12-14 04:08:26.196 I/InstrumentationBackend( 4437): Added:'SetPreferences', with key:'set_preferences'
12-14 04:08:26.197 I/InstrumentationBackend( 4437): Added:'ClearPreferences', with key:'clear_preferences'
12-14 04:08:26.197 I/InstrumentationBackend( 4437): Added:'PressElement', with key:'press_l10n_element'
12-14 04:08:26.197 I/InstrumentationBackend( 4437): Added:'WaitForElement', with key:'wait_for_l10n_element'
12-14 04:08:26.198 I/InstrumentationBackend( 4437): Added:'NullAction', with key:'nullAction'
12-14 04:08:26.198 I/InstrumentationBackend( 4437): Added:'PressKey', with key:'press_key'
12-14 04:08:26.199 I/InstrumentationBackend( 4437): Added:'SetActivityOrientation', with key:'set_activity_orientation'
12-14 04:08:26.199 I/InstrumentationBackend( 4437): Added:'GetActivityOrientation', with key:'get_activity_orientation'
12-14 04:08:26.200 I/InstrumentationBackend( 4437): Added:'FakeGPSLocation', with key:'set_gps_coordinates'
12-14 04:08:26.200 I/InstrumentationBackend( 4437): Added:'SetPropertyByCssSelector', with key:'set_property_by_css_selector'
12-14 04:08:26.201 I/InstrumentationBackend( 4437): Added:'GetUrl', with key:'get_url'
12-14 04:08:26.203 I/InstrumentationBackend( 4437): Added:'ScrollTo', with key:'scroll_to'
12-14 04:08:26.204 I/InstrumentationBackend( 4437): Added:'GetLoadProgress', with key:'get_load_progress'
12-14 04:08:26.204 I/InstrumentationBackend( 4437): Added:'DumpHtml', with key:'dump_html'
12-14 04:08:26.204 I/InstrumentationBackend( 4437): Added:'DumpBodyHtml', with key:'dump_body_html'
12-14 04:08:26.204 I/InstrumentationBackend( 4437): Added:'EnterTextByCssSelector', with key:'enter_text_by_selector'
12-14 04:08:26.209 I/InstrumentationBackend( 4437): Added:'AndroidSDKVersion', with key:'android_sdk_version'
12-14 04:08:26.209 I/InstrumentationBackend( 4437): Added:'Version', with key:'version'
12-14 04:08:26.209 I/InstrumentationBackend( 4437): Added:'Drag', with key:'drag'
12-14 04:08:26.210 I/InstrumentationBackend( 4437): Added:'TouchCoordinates', with key:'touch_coordinate'
12-14 04:08:26.211 I/InstrumentationBackend( 4437): Added:'LongPressCoordinate', with key:'long_press_coordinate'
12-14 04:08:26.211 I/InstrumentationBackend( 4437): Added:'DragCoordinates', with key:'drag_coordinates'
12-14 04:08:26.211 I/InstrumentationBackend( 4437): Added:'ResumeApplication', with key:'resume_application'
12-14 04:08:26.212 I/InstrumentationBackend( 4437): Added:'Swipe', with key:'swipe'
12-14 04:08:26.212 I/InstrumentationBackend( 4437): Added:'DoubleTapCoordinate', with key:'double_tap_coordinate'
12-14 04:08:26.212 I/InstrumentationBackend( 4437): Added:'ClickOnScreen', with key:'click_on_screen'
12-14 04:08:26.213 I/InstrumentationBackend( 4437): Added:'GetActivityName', with key:'get_activity_name'
12-14 04:08:26.213 I/InstrumentationBackend( 4437): Added:'ScrollToView', with key:'scroll_to_view'
12-14 04:08:26.214 I/InstrumentationBackend( 4437): Added:'ViewConfiguration', with key:'view_configuration'
12-14 04:08:26.214 I/InstrumentationBackend( 4437): Added:'IsCurrentActivityFocused', with key:'is_current_activity_focused'
12-14 04:08:26.214 I/InstrumentationBackend( 4437): Added:'SendTcp', with key:'send_tcp'
12-14 04:08:26.214 I/InstrumentationBackend( 4437): Added:'DpToDevicePixel', with key:'dp_to_device_pixel'
12-14 04:08:26.216 I/InstrumentationBackend( 4437): Added:'KeyboardEnterText', with key:'keyboard_enter_text'
12-14 04:08:26.216 I/InstrumentationBackend( 4437): Added:'DeleteSurroundingText', with key:'delete_surrounding_text'
12-14 04:08:26.217 I/InstrumentationBackend( 4437): Added:'SetComposingRegion', with key:'set_composing_region'
12-14 04:08:26.217 I/InstrumentationBackend( 4437): Added:'SetSelection', with key:'set_selection'
12-14 04:08:26.217 I/InstrumentationBackend( 4437): Added:'KeyboardKeyEvent', with key:'keyboard_key_event'
12-14 04:08:26.218 I/InstrumentationBackend( 4437): Added:'PressUserActionButton', with key:'press_user_action_button'
12-14 04:08:26.219 I/InstrumentationBackend( 4437): Added:'HideSoftKeyboard', with key:'hide_soft_keyboard'
12-14 04:08:26.220 I/InstrumentationBackend( 4437): Added:'ListActions', with key:'list_actions'
12-14 04:08:26.220 I/calabash( 4437): Instantiating http server at 7102
12-14 04:08:26.221 I/System.out( 4437): HTTP Daemon listening on: 7102
12-14 04:08:26.236 I/System.out( 4437): URI: //ping
12-14 04:08:26.237 I/System.out( 4437): params: {json={}
12-14 04:08:26.237 I/System.out( 4437): }
12-14 04:08:26.244 I/System.out( 4437): URI: //ping
12-14 04:08:26.244 I/System.out( 4437): params: {json={}
12-14 04:08:26.244 I/System.out( 4437): }
12-14 04:08:26.250 I/System.out( 4437): URI: //ready
12-14 04:08:26.250 I/System.out( 4437): params: {json={}
12-14 04:08:26.250 I/System.out( 4437): }
12-14 04:08:26.256 I/System.out( 4437): URI: //
12-14 04:08:26.256 I/System.out( 4437): params: {json={"command":"version","arguments":[]}
12-14 04:08:26.256 I/System.out( 4437): }
12-14 04:08:26.257 I/System.out( 4437): header: {content-type=application/json;charset=utf-8, date=Mon, 14 Dec 2020 09:08:26 GMT, accept=*/*, host=127.0.0.1:34777, content-length=36, user-agent=HTTPClient/1.0 (2.8.3, ruby 2.5.8 (2020-03-31))}
12-14 04:08:26.257 I/System.out( 4437): params: {json={"command":"version","arguments":[]}
12-14 04:08:26.257 I/System.out( 4437): }
12-14 04:08:26.257 I/System.out( 4437): ProP json = {"command":"version","arguments":[]}
12-14 04:08:26.258 I/System.out( 4437): files: {}
12-14 04:08:26.258 I/System.out( 4437): command: {"command":"version","arguments":[]}
12-14 04:08:26.288 I/InstrumentationBackend( 4437): Got command:'Command:'Line:null,version', arguments:'[]'
12-14 04:08:26.319 I/System.out( 4437): result:{"bonusInformation":[],"message":"0.9.8","success":true}
12-14 04:08:26.324 I/System.out( 4437): URI: //start-application
12-14 04:08:26.325 I/System.out( 4437): params: {json={"intent":null}
12-14 04:08:26.325 I/System.out( 4437): }
12-14 04:08:26.362 I/ActivityManager( 1627): START u0 {act=android.intent.action.MAIN cat=[android.intent.category.LAUNCHER] flg=0x10200000 cmp=com.evancharlton.mileage/.Mileage} from uid 10452
12-14 04:08:26.375 I/calabash( 4437): newActivity1
12-14 04:08:26.398 D/gralloc_ranchu( 1393): gralloc_alloc: Creating ashmem region of size 7753728
12-14 04:08:26.405 W/ActivityManager( 1627): Bad activity token: android.os.BinderProxy@d095c58
12-14 04:08:26.405 W/ActivityManager( 1627): java.lang.ClassCastException: android.os.BinderProxy cannot be cast to com.android.server.am.ActivityRecord$Token
12-14 04:08:26.405 W/ActivityManager( 1627): 	at com.android.server.am.ActivityRecord.forTokenLocked(ActivityRecord.java:778)
12-14 04:08:26.405 W/ActivityManager( 1627): 	at com.android.server.am.ActivityRecord.isInStackLocked(ActivityRecord.java:2085)
12-14 04:08:26.405 W/ActivityManager( 1627): 	at com.android.server.am.ActivityRecord.getStackLocked(ActivityRecord.java:2090)
12-14 04:08:26.405 W/ActivityManager( 1627): 	at com.android.server.am.ActivityManagerService.getActivityDisplayId(ActivityManagerService.java:10406)
12-14 04:08:26.405 W/ActivityManager( 1627): 	at android.app.IActivityManager$Stub.onTransact(IActivityManager.java:2738)
12-14 04:08:26.405 W/ActivityManager( 1627): 	at com.android.server.am.ActivityManagerService.onTransact(ActivityManagerService.java:2935)
12-14 04:08:26.405 W/ActivityManager( 1627): 	at android.os.Binder.execTransact(Binder.java:674)
12-14 04:08:26.406 I/calabash( 4437): newActivity1
12-14 04:08:26.415 W/ActivityManager( 1627): Bad activity token: android.os.BinderProxy@d095c58
12-14 04:08:26.415 W/ActivityManager( 1627): java.lang.ClassCastException: android.os.BinderProxy cannot be cast to com.android.server.am.ActivityRecord$Token
12-14 04:08:26.415 W/ActivityManager( 1627): 	at com.android.server.am.ActivityRecord.forTokenLocked(ActivityRecord.java:778)
12-14 04:08:26.415 W/ActivityManager( 1627): 	at com.android.server.am.ActivityRecord.isInStackLocked(ActivityRecord.java:2085)
12-14 04:08:26.415 W/ActivityManager( 1627): 	at com.android.server.am.ActivityManagerService.setTaskDescription(ActivityManagerService.java:9988)
12-14 04:08:26.415 W/ActivityManager( 1627): 	at android.app.IActivityManager$Stub.onTransact(IActivityManager.java:2824)
12-14 04:08:26.415 W/ActivityManager( 1627): 	at com.android.server.am.ActivityManagerService.onTransact(ActivityManagerService.java:2935)
12-14 04:08:26.415 W/ActivityManager( 1627): 	at android.os.Binder.execTransact(Binder.java:674)
12-14 04:08:26.415 W/ActivityManager( 1627): Bad activity token: android.os.BinderProxy@d095c58
12-14 04:08:26.415 W/ActivityManager( 1627): java.lang.ClassCastException: android.os.BinderProxy cannot be cast to com.android.server.am.ActivityRecord$Token
12-14 04:08:26.415 W/ActivityManager( 1627): 	at com.android.server.am.ActivityRecord.forTokenLocked(ActivityRecord.java:778)
12-14 04:08:26.415 W/ActivityManager( 1627): 	at com.android.server.am.ActivityRecord.isInStackLocked(ActivityRecord.java:2085)
12-14 04:08:26.415 W/ActivityManager( 1627): 	at com.android.server.am.ActivityRecord.getStackLocked(ActivityRecord.java:2090)
12-14 04:08:26.415 W/ActivityManager( 1627): 	at com.android.server.am.ActivityManagerService.getActivityStackId(ActivityManagerService.java:10417)
12-14 04:08:26.415 W/ActivityManager( 1627): 	at android.app.IActivityManager$Stub.onTransact(IActivityManager.java:3548)
12-14 04:08:26.415 W/ActivityManager( 1627): 	at com.android.server.am.ActivityManagerService.onTransact(ActivityManagerService.java:2935)
12-14 04:08:26.415 W/ActivityManager( 1627): 	at android.os.Binder.execTransact(Binder.java:674)
12-14 04:08:26.451 D/EGL_emulation( 2187): eglMakeCurrent: 0xa57c7f80: ver 3 0 (tinfo 0xa597f570)
12-14 04:08:26.453 D/EGL_emulation( 2157): eglMakeCurrent: 0xa57c6d80: ver 3 0 (tinfo 0xa597f900)
12-14 04:08:26.476 D/EGL_emulation( 1725): eglMakeCurrent: 0xa39acf20: ver 3 0 (tinfo 0xb1690960)
12-14 04:08:26.492 I/chatty  ( 1725): uid=10028(u0_a28) RenderThread identical 1 line
12-14 04:08:26.495 D/EGL_emulation( 1725): eglMakeCurrent: 0xa39acf20: ver 3 0 (tinfo 0xb1690960)
12-14 04:08:26.497 V/StatusBar( 1725): setLightsOn(true)
12-14 04:08:26.500 E/ContentStoreEUAS( 2187): Failed to commit the deferred actions
12-14 04:08:26.505 D/EGL_emulation( 1725): eglMakeCurrent: 0xa39acf20: ver 3 0 (tinfo 0xb1690960)
12-14 04:08:26.511 D/EGL_emulation( 1725): eglMakeCurrent: 0xa39acf20: ver 3 0 (tinfo 0xb1690960)
12-14 04:08:26.521 D/FillupsProvider( 4437): Creating database
12-14 04:08:26.522 D/EGL_emulation( 1725): eglMakeCurrent: 0xa39acf20: ver 3 0 (tinfo 0xb1690960)
12-14 04:08:26.588 I/chatty  ( 1725): uid=10028(u0_a28) RenderThread identical 8 lines
12-14 04:08:26.592 D/EGL_emulation( 1725): eglMakeCurrent: 0xa39acf20: ver 3 0 (tinfo 0xb1690960)
12-14 04:08:26.594 I/zygote  ( 4437): Do partial code cache collection, code=29KB, data=21KB
12-14 04:08:26.594 I/zygote  ( 4437): After code cache collection, code=29KB, data=21KB
12-14 04:08:26.597 I/zygote  ( 4437): Increasing code cache capacity to 128KB
12-14 04:08:26.609 D/EGL_emulation( 1725): eglMakeCurrent: 0xa39acf20: ver 3 0 (tinfo 0xb1690960)
12-14 04:08:26.659 W/ActivityManager( 1627): Bad activity token: android.os.BinderProxy@d095c58
12-14 04:08:26.659 W/ActivityManager( 1627): java.lang.ClassCastException: android.os.BinderProxy cannot be cast to com.android.server.am.ActivityRecord$Token
12-14 04:08:26.659 W/ActivityManager( 1627): 	at com.android.server.am.ActivityRecord.forTokenLocked(ActivityRecord.java:778)
12-14 04:08:26.659 W/ActivityManager( 1627): 	at com.android.server.am.ActivityRecord.isInStackLocked(ActivityRecord.java:2085)
12-14 04:08:26.659 W/ActivityManager( 1627): 	at com.android.server.am.ActivityManagerService.getActivityOptions(ActivityManagerService.java:13302)
12-14 04:08:26.659 W/ActivityManager( 1627): 	at android.app.IActivityManager$Stub.onTransact(IActivityManager.java:2910)
12-14 04:08:26.659 W/ActivityManager( 1627): 	at com.android.server.am.ActivityManagerService.onTransact(ActivityManagerService.java:2935)
12-14 04:08:26.659 W/ActivityManager( 1627): 	at android.os.Binder.execTransact(Binder.java:674)
12-14 04:08:26.660 W/ActivityManager( 1627): Bad activity token: android.os.BinderProxy@d095c58
12-14 04:08:26.660 W/ActivityManager( 1627): java.lang.ClassCastException: android.os.BinderProxy cannot be cast to com.android.server.am.ActivityRecord$Token
12-14 04:08:26.660 W/ActivityManager( 1627): 	at com.android.server.am.ActivityRecord.forTokenLocked(ActivityRecord.java:778)
12-14 04:08:26.660 W/ActivityManager( 1627): 	at com.android.server.am.ActivityRecord.isInStackLocked(ActivityRecord.java:2085)
12-14 04:08:26.660 W/ActivityManager( 1627): 	at com.android.server.am.ActivityManagerService.getActivityOptions(ActivityManagerService.java:13302)
12-14 04:08:26.660 W/ActivityManager( 1627): 	at android.app.IActivityManager$Stub.onTransact(IActivityManager.java:2910)
12-14 04:08:26.660 W/ActivityManager( 1627): 	at com.android.server.am.ActivityManagerService.onTransact(ActivityManagerService.java:2935)
12-14 04:08:26.660 W/ActivityManager( 1627): 	at android.os.Binder.execTransact(Binder.java:674)
12-14 04:08:26.673 I/chatty  ( 1725): uid=10028(u0_a28) RenderThread identical 7 lines
12-14 04:08:26.681 D/EGL_emulation( 1725): eglMakeCurrent: 0xa39acf20: ver 3 0 (tinfo 0xb1690960)
12-14 04:08:26.752 V/StatusBar( 1725): setLightsOn(true)
12-14 04:08:26.812 I/chatty  ( 1725): uid=10028(u0_a28) com.android.systemui identical 1 line
12-14 04:08:26.822 I/zygote  ( 4437): Do partial code cache collection, code=44KB, data=58KB
12-14 04:08:26.822 V/StatusBar( 1725): setLightsOn(true)
12-14 04:08:26.823 I/zygote  ( 4437): After code cache collection, code=44KB, data=58KB
12-14 04:08:26.823 I/zygote  ( 4437): Increasing code cache capacity to 256KB
12-14 04:08:26.823 I/zygote  ( 4437): JIT allocated 71KB for compiled code of void android.widget.TextView.<init>(android.content.Context, android.util.AttributeSet, int, int)
12-14 04:08:26.823 I/zygote  ( 4437): Compiler allocated 4MB to compile void android.widget.TextView.<init>(android.content.Context, android.util.AttributeSet, int, int)
12-14 04:08:26.825 V/StatusBar( 1725): setLightsOn(true)
12-14 04:08:26.844 I/zygote  ( 4437): Do full code cache collection, code=123KB, data=70KB
12-14 04:08:26.847 I/zygote  ( 4437): After code cache collection, code=89KB, data=38KB
12-14 04:08:26.853 D/gralloc_ranchu( 1393): gralloc_alloc: Creating ashmem region of size 7753728
12-14 04:08:26.877 D/        ( 4437): HostConnection::get() New Host Connection established 0xa56b0e80, tid 4437
12-14 04:08:26.883 V/StatusBar( 1725): setLightsOn(true)
12-14 04:08:26.922 I/chatty  ( 1725): uid=10028(u0_a28) com.android.systemui identical 1 line
12-14 04:08:26.924 V/StatusBar( 1725): setLightsOn(true)
12-14 04:08:26.926 I/ActivityManager( 1627): Displayed com.evancharlton.mileage/.Mileage: +555ms
12-14 04:08:26.948 V/StatusBar( 1725): setLightsOn(true)
12-14 04:08:26.960 D/gralloc_ranchu( 1393): gralloc_alloc: Creating ashmem region of size 7753728
12-14 04:08:27.115 V/StatusBar( 1725): setLightsOn(true)
12-14 04:08:27.133 V/StatusBar( 1725): setLightsOn(true)
12-14 04:08:27.138 I/System.out( 4437): URI: //
12-14 04:08:27.138 I/System.out( 4437): params: {json={"command":"set_activity_orientation","arguments":["landscape"]}
12-14 04:08:27.138 I/System.out( 4437): }
12-14 04:08:27.139 I/System.out( 4437): header: {content-type=application/json;charset=utf-8, date=Mon, 14 Dec 2020 09:08:27 GMT, accept=*/*, host=127.0.0.1:34777, content-length=64, user-agent=HTTPClient/1.0 (2.8.3, ruby 2.5.8 (2020-03-31))}
12-14 04:08:27.139 I/System.out( 4437): params: {json={"command":"set_activity_orientation","arguments":["landscape"]}
12-14 04:08:27.139 I/System.out( 4437): }
12-14 04:08:27.139 I/System.out( 4437): ProP json = {"command":"set_activity_orientation","arguments":["landscape"]}
12-14 04:08:27.139 I/System.out( 4437): files: {}
12-14 04:08:27.139 I/System.out( 4437): command: {"command":"set_activity_orientation","arguments":["landscape"]}
12-14 04:08:27.142 I/InstrumentationBackend( 4437): Got command:'Command:'Line:null,set_activity_orientation', arguments:'[landscape]'
12-14 04:08:27.144 D/gralloc_ranchu( 1393): gralloc_alloc: Creating ashmem region of size 8298496
12-14 04:08:27.161 W/LocalDisplayAdapter( 1627): Unable to find color mode 0, ignoring request.
12-14 04:08:27.171 I/ActivityManager( 1627): Config changes=480 {1.0 310mcc260mnc [en_US] ldltr sw411dp w683dp h387dp 420dpi nrml land finger qwerty/v/v -nav/h appBounds=Rect(0, 0 - 1794, 1080) s.7}
12-14 04:08:27.181 I/InputReader( 1627): Reconfiguring input devices.  changes=0x00000004
12-14 04:08:27.181 I/InputReader( 1627): Device reconfigured: id=0, name='qwerty2', size 1080x1920, orientation 1, mode 1, display id 0
12-14 04:08:27.222 I/ActivityManager( 1627): Override config changes=480 {1.0 310mcc260mnc [en_US] ldltr sw411dp w683dp h387dp 420dpi nrml land finger qwerty/v/v -nav/h appBounds=Rect(0, 0 - 1794, 1080) s.7} for displayId=0
12-14 04:08:27.265 I/calabash( 4437): newActivity1
12-14 04:08:27.295 W/ActivityManager( 1627): Bad activity token: android.os.BinderProxy@75b43a0
12-14 04:08:27.295 W/ActivityManager( 1627): java.lang.ClassCastException: android.os.BinderProxy cannot be cast to com.android.server.am.ActivityRecord$Token
12-14 04:08:27.295 W/ActivityManager( 1627): 	at com.android.server.am.ActivityRecord.forTokenLocked(ActivityRecord.java:778)
12-14 04:08:27.295 W/ActivityManager( 1627): 	at com.android.server.am.ActivityRecord.isInStackLocked(ActivityRecord.java:2085)
12-14 04:08:27.295 W/ActivityManager( 1627): 	at com.android.server.am.ActivityRecord.getStackLocked(ActivityRecord.java:2090)
12-14 04:08:27.295 W/ActivityManager( 1627): 	at com.android.server.am.ActivityManagerService.getActivityDisplayId(ActivityManagerService.java:10406)
12-14 04:08:27.295 W/ActivityManager( 1627): 	at android.app.IActivityManager$Stub.onTransact(IActivityManager.java:2738)
12-14 04:08:27.295 W/ActivityManager( 1627): 	at com.android.server.am.ActivityManagerService.onTransact(ActivityManagerService.java:2935)
12-14 04:08:27.295 W/ActivityManager( 1627): 	at android.os.Binder.execTransact(Binder.java:674)
12-14 04:08:27.298 I/calabash( 4437): newActivity1
12-14 04:08:27.303 W/ActivityManager( 1627): Bad activity token: android.os.BinderProxy@75b43a0
12-14 04:08:27.303 W/ActivityManager( 1627): java.lang.ClassCastException: android.os.BinderProxy cannot be cast to com.android.server.am.ActivityRecord$Token
12-14 04:08:27.303 W/ActivityManager( 1627): 	at com.android.server.am.ActivityRecord.forTokenLocked(ActivityRecord.java:778)
12-14 04:08:27.303 W/ActivityManager( 1627): 	at com.android.server.am.ActivityRecord.isInStackLocked(ActivityRecord.java:2085)
12-14 04:08:27.303 W/ActivityManager( 1627): 	at com.android.server.am.ActivityManagerService.setTaskDescription(ActivityManagerService.java:9988)
12-14 04:08:27.303 W/ActivityManager( 1627): 	at android.app.IActivityManager$Stub.onTransact(IActivityManager.java:2824)
12-14 04:08:27.303 W/ActivityManager( 1627): 	at com.android.server.am.ActivityManagerService.onTransact(ActivityManagerService.java:2935)
12-14 04:08:27.303 W/ActivityManager( 1627): 	at android.os.Binder.execTransact(Binder.java:674)
12-14 04:08:27.304 W/ActivityManager( 1627): Bad activity token: android.os.BinderProxy@75b43a0
12-14 04:08:27.304 W/ActivityManager( 1627): java.lang.ClassCastException: android.os.BinderProxy cannot be cast to com.android.server.am.ActivityRecord$Token
12-14 04:08:27.304 W/ActivityManager( 1627): 	at com.android.server.am.ActivityRecord.forTokenLocked(ActivityRecord.java:778)
12-14 04:08:27.304 W/ActivityManager( 1627): 	at com.android.server.am.ActivityRecord.isInStackLocked(ActivityRecord.java:2085)
12-14 04:08:27.304 W/ActivityManager( 1627): 	at com.android.server.am.ActivityRecord.getStackLocked(ActivityRecord.java:2090)
12-14 04:08:27.304 W/ActivityManager( 1627): 	at com.android.server.am.ActivityManagerService.getActivityStackId(ActivityManagerService.java:10417)
12-14 04:08:27.304 W/ActivityManager( 1627): 	at android.app.IActivityManager$Stub.onTransact(IActivityManager.java:3548)
12-14 04:08:27.304 W/ActivityManager( 1627): 	at com.android.server.am.ActivityManagerService.onTransact(ActivityManagerService.java:2935)
12-14 04:08:27.304 W/ActivityManager( 1627): 	at android.os.Binder.execTransact(Binder.java:674)
12-14 04:08:27.323 D/gralloc_ranchu( 1393): gralloc_alloc: Creating ashmem region of size 544768
12-14 04:08:27.325 I/zygote  ( 1718): Do partial code cache collection, code=62KB, data=39KB
12-14 04:08:27.333 D/EGL_emulation( 1725): eglMakeCurrent: 0xa39acf20: ver 3 0 (tinfo 0xb1690960)
12-14 04:08:27.336 I/zygote  ( 1718): After code cache collection, code=58KB, data=37KB
12-14 04:08:27.336 I/zygote  ( 1718): Increasing code cache capacity to 256KB
12-14 04:08:27.337 D/gralloc_ranchu( 1393): gralloc_alloc: Creating ashmem region of size 544768
12-14 04:08:27.394 W/ActivityManager( 1627): Bad activity token: android.os.BinderProxy@75b43a0
12-14 04:08:27.394 W/ActivityManager( 1627): java.lang.ClassCastException: android.os.BinderProxy cannot be cast to com.android.server.am.ActivityRecord$Token
12-14 04:08:27.394 W/ActivityManager( 1627): 	at com.android.server.am.ActivityRecord.forTokenLocked(ActivityRecord.java:778)
12-14 04:08:27.394 W/ActivityManager( 1627): 	at com.android.server.am.ActivityRecord.isInStackLocked(ActivityRecord.java:2085)
12-14 04:08:27.394 W/ActivityManager( 1627): 	at com.android.server.am.ActivityManagerService.getActivityOptions(ActivityManagerService.java:13302)
12-14 04:08:27.394 W/ActivityManager( 1627): 	at android.app.IActivityManager$Stub.onTransact(IActivityManager.java:2910)
12-14 04:08:27.394 W/ActivityManager( 1627): 	at com.android.server.am.ActivityManagerService.onTransact(ActivityManagerService.java:2935)
12-14 04:08:27.394 W/ActivityManager( 1627): 	at android.os.Binder.execTransact(Binder.java:674)
12-14 04:08:27.395 W/ActivityManager( 1627): Bad activity token: android.os.BinderProxy@75b43a0
12-14 04:08:27.395 W/ActivityManager( 1627): java.lang.ClassCastException: android.os.BinderProxy cannot be cast to com.android.server.am.ActivityRecord$Token
12-14 04:08:27.395 W/ActivityManager( 1627): 	at com.android.server.am.ActivityRecord.forTokenLocked(ActivityRecord.java:778)
12-14 04:08:27.395 W/ActivityManager( 1627): 	at com.android.server.am.ActivityRecord.isInStackLocked(ActivityRecord.java:2085)
12-14 04:08:27.395 W/ActivityManager( 1627): 	at com.android.server.am.ActivityManagerService.getActivityOptions(ActivityManagerService.java:13302)
12-14 04:08:27.395 W/ActivityManager( 1627): 	at android.app.IActivityManager$Stub.onTransact(IActivityManager.java:2910)
12-14 04:08:27.395 W/ActivityManager( 1627): 	at com.android.server.am.ActivityManagerService.onTransact(ActivityManagerService.java:2935)
12-14 04:08:27.395 W/ActivityManager( 1627): 	at android.os.Binder.execTransact(Binder.java:674)
12-14 04:08:27.403 D/NuPlayerDriver( 1483): NuPlayerDriver(0xb44a92a0) created, clientPid(1725)
12-14 04:08:27.411 I/System.out( 4437): result:{"bonusInformation":[],"message":"","success":true}
12-14 04:08:27.421 D/GenericSource( 1483): FileSource remote
12-14 04:08:27.434 D/NuPlayerDriver( 1483): notifyListener_l(0xb44a92a0), (1, 0, 0, -1), loop setting(0, 0)
12-14 04:08:27.435 V/StatusBar( 1725): setLightsOn(true)
12-14 04:08:27.438 D/gralloc_ranchu( 1393): gralloc_alloc: Creating ashmem region of size 544768
12-14 04:08:27.451 I/MediaFocusControl( 1627):  AudioFocus  requestAudioFocus() from uid/pid 10028/1725 clientId=android.media.AudioManager@fe85420 req=3 flags=0x0
12-14 04:08:27.463 I/zygote  ( 1725): Do partial code cache collection, code=124KB, data=88KB
12-14 04:08:27.468 I/zygote  ( 1725): After code cache collection, code=124KB, data=88KB
12-14 04:08:27.468 I/zygote  ( 1725): Increasing code cache capacity to 512KB
12-14 04:08:27.498 D/gralloc_ranchu( 1393): gralloc_alloc: Creating ashmem region of size 487424
12-14 04:08:27.544 I/zygote  ( 1725): Deoptimizing void com.android.systemui.statusbar.ExpandableView.updateClipping() due to JIT inline cache
12-14 04:08:27.544 D/StatusBar( 1725): disable<e i a s b h r c s q >
12-14 04:08:27.556 D/EGL_emulation( 1725): eglMakeCurrent: 0xa39acf20: ver 3 0 (tinfo 0xb1690960)
12-14 04:08:27.559 D/gralloc_ranchu( 1393): gralloc_alloc: Creating ashmem region of size 7753728
12-14 04:08:27.559 I/zygote  ( 4437): Do partial code cache collection, code=123KB, data=77KB
12-14 04:08:27.560 I/zygote  ( 4437): After code cache collection, code=123KB, data=77KB
12-14 04:08:27.560 I/zygote  ( 4437): Increasing code cache capacity to 512KB
12-14 04:08:27.570 D/gralloc_ranchu( 1393): gralloc_alloc: Creating ashmem region of size 487424
12-14 04:08:27.616 I/WindowManager( 1627): Screen frozen for +473ms due to Window{7702cc9 u0 com.evancharlton.mileage/com.evancharlton.mileage.Mileage}
12-14 04:08:27.643 D/gralloc_ranchu( 1393): gralloc_alloc: Creating ashmem region of size 7753728
12-14 04:08:27.646 W/SurfaceFlinger( 1410): couldn't log to binary event log: overflow.
12-14 04:08:27.671 D/gralloc_ranchu( 1393): gralloc_alloc: Creating ashmem region of size 487424
12-14 04:08:27.699 D/EGL_emulation( 1725): eglMakeCurrent: 0xa39acf20: ver 3 0 (tinfo 0xb1690960)
12-14 04:08:27.711 D/EGL_emulation( 1725): eglMakeCurrent: 0xa39acf20: ver 3 0 (tinfo 0xb1690960)
12-14 04:08:27.713 V/StatusBar( 1725): setLightsOn(true)
12-14 04:08:27.731 I/PBSessionCacheImpl( 2187): Deleted sessionId[12454304658166] from persistence.
12-14 04:08:27.777 W/SearchService( 2187): Abort, client detached.
12-14 04:08:27.971 D/NuPlayerDriver( 1483): start(0xb44a92a0), state is 4, eos is 0
12-14 04:08:27.974 I/GenericSource( 1483): start
12-14 04:08:28.010 I/OMXClient( 1483): Treble IOmx obtained
12-14 04:08:28.012 I/OMXMaster( 1488): makeComponentInstance(OMX.google.vorbis.decoder) in omx@1.0-service process
12-14 04:08:28.016 E/OMXNodeInstance( 1488): setConfig(0xabf9f000:google.vorbis.decoder, ConfigPriority(0x6f800002)) ERROR: Undefined(0x80001001)
12-14 04:08:28.016 I/ACodec  ( 1483): codec does not support config priority (err -2147483648)
12-14 04:08:28.017 E/OMXNodeInstance( 1488): getConfig(0xabf9f000:google.vorbis.decoder, ConfigAndroidVendorExtension(0x6f100004)) ERROR: Undefined(0x80001001)
12-14 04:08:28.020 I/MediaCodec( 1483): MediaCodec will operate in async mode
12-14 04:08:28.025 W//system/bin/hw/android.hidl.allocator@1.0-service( 1386): ashmem_create_region(32768) returning hidl_memory(0xb549b850, 32768)
12-14 04:08:28.056 I/chatty  ( 1386): uid=1000(system) allocator@1.0-s identical 10 lines
12-14 04:08:28.057 W//system/bin/hw/android.hidl.allocator@1.0-service( 1386): ashmem_create_region(32768) returning hidl_memory(0xb549b850, 32768)
12-14 04:08:28.065 D/AudioTrack( 1483): Client defaulted notificationFrames to 7406 for frameCount 22218
12-14 04:08:28.068 D/NuPlayerDriver( 1483): notifyListener_l(0xb44a92a0), (6, 0, 0, -1), loop setting(0, 0)
12-14 04:08:28.072 W/audio_hw_generic( 1387): Not supplying enough data to HAL, expected position 357229 , only wrote 357120
12-14 04:08:28.078 V/StatusBar( 1725): setLightsOn(true)
12-14 04:08:28.760 D/gralloc_ranchu( 1393): gralloc_alloc: Creating ashmem region of size 7753728
12-14 04:08:29.579 I/NuPlayerDecoder( 1483): [audio] saw output EOS
12-14 04:08:29.579 D/AudioTrack( 1483): stop() called with 84672 frames delivered
12-14 04:08:29.647 E/SurfaceFlinger( 1410): ro.sf.lcd_density must be defined as a build property
12-14 04:08:29.654 D/gralloc_ranchu( 1393): gralloc_alloc: Creating ashmem region of size 8298496
12-14 04:08:29.664 D/        ( 4493): HostConnection::get() New Host Connection established 0xa9daf800, tid 4493
12-14 04:08:29.670 I/zygote  ( 1627): Explicit concurrent copying GC freed 24070(1759KB) AllocSpace objects, 10(200KB) LOS objects, 37% free, 9MB/15MB, paused 348us total 43.068ms
12-14 04:08:29.965 I/System.out( 4437): URI: //
12-14 04:08:29.965 I/System.out( 4437): params: {json={"command":"set_activity_orientation","arguments":["portrait"]}
12-14 04:08:29.965 I/System.out( 4437): }
12-14 04:08:29.965 I/System.out( 4437): header: {content-type=application/json;charset=utf-8, date=Mon, 14 Dec 2020 09:08:30 GMT, accept=*/*, host=127.0.0.1:34777, content-length=63, user-agent=HTTPClient/1.0 (2.8.3, ruby 2.5.8 (2020-03-31))}
12-14 04:08:29.966 I/System.out( 4437): params: {json={"command":"set_activity_orientation","arguments":["portrait"]}
12-14 04:08:29.966 I/System.out( 4437): }
12-14 04:08:29.966 I/System.out( 4437): ProP json = {"command":"set_activity_orientation","arguments":["portrait"]}
12-14 04:08:29.966 I/System.out( 4437): files: {}
12-14 04:08:29.966 I/System.out( 4437): command: {"command":"set_activity_orientation","arguments":["portrait"]}
12-14 04:08:29.968 I/InstrumentationBackend( 4437): Got command:'Command:'Line:null,set_activity_orientation', arguments:'[portrait]'
12-14 04:08:29.971 D/gralloc_ranchu( 1393): gralloc_alloc: Creating ashmem region of size 8298496
12-14 04:08:29.988 W/LocalDisplayAdapter( 1627): Unable to find color mode 0, ignoring request.
12-14 04:08:29.998 I/ActivityManager( 1627): Config changes=480 {1.0 310mcc260mnc [en_US] ldltr sw411dp w411dp h659dp 420dpi nrml port finger qwerty/v/v -nav/h appBounds=Rect(0, 0 - 1080, 1794) s.8}
12-14 04:08:30.000 I/ActivityManager( 1627): Override config changes=480 {1.0 310mcc260mnc [en_US] ldltr sw411dp w411dp h659dp 420dpi nrml port finger qwerty/v/v -nav/h appBounds=Rect(0, 0 - 1080, 1794) s.8} for displayId=0
12-14 04:08:30.005 I/InputReader( 1627): Reconfiguring input devices.  changes=0x00000004
12-14 04:08:30.005 I/InputReader( 1627): Device reconfigured: id=0, name='qwerty2', size 1080x1920, orientation 0, mode 1, display id 0
12-14 04:08:30.062 I/calabash( 4437): newActivity1
12-14 04:08:30.091 W/ActivityManager( 1627): Bad activity token: android.os.BinderProxy@259c083
12-14 04:08:30.091 W/ActivityManager( 1627): java.lang.ClassCastException: android.os.BinderProxy cannot be cast to com.android.server.am.ActivityRecord$Token
12-14 04:08:30.091 W/ActivityManager( 1627): 	at com.android.server.am.ActivityRecord.forTokenLocked(ActivityRecord.java:778)
12-14 04:08:30.091 W/ActivityManager( 1627): 	at com.android.server.am.ActivityRecord.isInStackLocked(ActivityRecord.java:2085)
12-14 04:08:30.091 W/ActivityManager( 1627): 	at com.android.server.am.ActivityRecord.getStackLocked(ActivityRecord.java:2090)
12-14 04:08:30.091 W/ActivityManager( 1627): 	at com.android.server.am.ActivityManagerService.getActivityDisplayId(ActivityManagerService.java:10406)
12-14 04:08:30.091 W/ActivityManager( 1627): 	at android.app.IActivityManager$Stub.onTransact(IActivityManager.java:2738)
12-14 04:08:30.091 W/ActivityManager( 1627): 	at com.android.server.am.ActivityManagerService.onTransact(ActivityManagerService.java:2935)
12-14 04:08:30.091 W/ActivityManager( 1627): 	at android.os.Binder.execTransact(Binder.java:674)
12-14 04:08:30.092 I/calabash( 4437): newActivity1
12-14 04:08:30.096 W/ActivityManager( 1627): Bad activity token: android.os.BinderProxy@259c083
12-14 04:08:30.096 W/ActivityManager( 1627): java.lang.ClassCastException: android.os.BinderProxy cannot be cast to com.android.server.am.ActivityRecord$Token
12-14 04:08:30.096 W/ActivityManager( 1627): 	at com.android.server.am.ActivityRecord.forTokenLocked(ActivityRecord.java:778)
12-14 04:08:30.096 W/ActivityManager( 1627): 	at com.android.server.am.ActivityRecord.isInStackLocked(ActivityRecord.java:2085)
12-14 04:08:30.096 W/ActivityManager( 1627): 	at com.android.server.am.ActivityManagerService.setTaskDescription(ActivityManagerService.java:9988)
12-14 04:08:30.096 W/ActivityManager( 1627): 	at android.app.IActivityManager$Stub.onTransact(IActivityManager.java:2824)
12-14 04:08:30.096 W/ActivityManager( 1627): 	at com.android.server.am.ActivityManagerService.onTransact(ActivityManagerService.java:2935)
12-14 04:08:30.096 W/ActivityManager( 1627): 	at android.os.Binder.execTransact(Binder.java:674)
12-14 04:08:30.097 W/ActivityManager( 1627): Bad activity token: android.os.BinderProxy@259c083
12-14 04:08:30.097 W/ActivityManager( 1627): java.lang.ClassCastException: android.os.BinderProxy cannot be cast to com.android.server.am.ActivityRecord$Token
12-14 04:08:30.097 W/ActivityManager( 1627): 	at com.android.server.am.ActivityRecord.forTokenLocked(ActivityRecord.java:778)
12-14 04:08:30.097 W/ActivityManager( 1627): 	at com.android.server.am.ActivityRecord.isInStackLocked(ActivityRecord.java:2085)
12-14 04:08:30.097 W/ActivityManager( 1627): 	at com.android.server.am.ActivityRecord.getStackLocked(ActivityRecord.java:2090)
12-14 04:08:30.097 W/ActivityManager( 1627): 	at com.android.server.am.ActivityManagerService.getActivityStackId(ActivityManagerService.java:10417)
12-14 04:08:30.097 W/ActivityManager( 1627): 	at android.app.IActivityManager$Stub.onTransact(IActivityManager.java:3548)
12-14 04:08:30.097 W/ActivityManager( 1627): 	at com.android.server.am.ActivityManagerService.onTransact(ActivityManagerService.java:2935)
12-14 04:08:30.097 W/ActivityManager( 1627): 	at android.os.Binder.execTransact(Binder.java:674)
12-14 04:08:30.112 D/NuPlayerDriver( 1483): notifyListener_l(0xb44a92a0), (2, 0, 0, -1), loop setting(0, 0)
12-14 04:08:30.114 I/MediaFocusControl( 1627):  AudioFocus  abandonAudioFocus() from uid/pid 10028/1725 clientId=android.media.AudioManager@fe85420
12-14 04:08:30.134 W/ActivityManager( 1627): Bad activity token: android.os.BinderProxy@259c083
12-14 04:08:30.134 W/ActivityManager( 1627): java.lang.ClassCastException: android.os.BinderProxy cannot be cast to com.android.server.am.ActivityRecord$Token
12-14 04:08:30.134 W/ActivityManager( 1627): 	at com.android.server.am.ActivityRecord.forTokenLocked(ActivityRecord.java:778)
12-14 04:08:30.134 W/ActivityManager( 1627): 	at com.android.server.am.ActivityRecord.isInStackLocked(ActivityRecord.java:2085)
12-14 04:08:30.134 W/ActivityManager( 1627): 	at com.android.server.am.ActivityManagerService.getActivityOptions(ActivityManagerService.java:13302)
12-14 04:08:30.134 W/ActivityManager( 1627): 	at android.app.IActivityManager$Stub.onTransact(IActivityManager.java:2910)
12-14 04:08:30.134 W/ActivityManager( 1627): 	at com.android.server.am.ActivityManagerService.onTransact(ActivityManagerService.java:2935)
12-14 04:08:30.134 W/ActivityManager( 1627): 	at android.os.Binder.execTransact(Binder.java:674)
12-14 04:08:30.135 W/ActivityManager( 1627): Bad activity token: android.os.BinderProxy@259c083
12-14 04:08:30.135 W/ActivityManager( 1627): java.lang.ClassCastException: android.os.BinderProxy cannot be cast to com.android.server.am.ActivityRecord$Token
12-14 04:08:30.135 W/ActivityManager( 1627): 	at com.android.server.am.ActivityRecord.forTokenLocked(ActivityRecord.java:778)
12-14 04:08:30.135 W/ActivityManager( 1627): 	at com.android.server.am.ActivityRecord.isInStackLocked(ActivityRecord.java:2085)
12-14 04:08:30.135 W/ActivityManager( 1627): 	at com.android.server.am.ActivityManagerService.getActivityOptions(ActivityManagerService.java:13302)
12-14 04:08:30.135 W/ActivityManager( 1627): 	at android.app.IActivityManager$Stub.onTransact(IActivityManager.java:2910)
12-14 04:08:30.135 W/ActivityManager( 1627): 	at com.android.server.am.ActivityManagerService.onTransact(ActivityManagerService.java:2935)
12-14 04:08:30.135 W/ActivityManager( 1627): 	at android.os.Binder.execTransact(Binder.java:674)
12-14 04:08:30.151 D/gralloc_ranchu( 1393): gralloc_alloc: Creating ashmem region of size 544768
12-14 04:08:30.162 D/EGL_emulation( 1725): eglMakeCurrent: 0xa39acf20: ver 3 0 (tinfo 0xb1690960)
12-14 04:08:30.167 D/gralloc_ranchu( 1393): gralloc_alloc: Creating ashmem region of size 544768
12-14 04:08:30.179 D/StatusBar( 1725): disable<e i a s b h r c s q >
12-14 04:08:30.182 D/EGL_emulation( 1725): eglMakeCurrent: 0xa39acf20: ver 3 0 (tinfo 0xb1690960)
12-14 04:08:30.211 I/System.out( 4437): result:{"bonusInformation":[],"message":"","success":true}
12-14 04:08:30.224 V/StatusBar( 1725): setLightsOn(true)
12-14 04:08:30.240 D/EGL_emulation( 1725): eglMakeCurrent: 0xa39acf20: ver 3 0 (tinfo 0xb1690960)
12-14 04:08:30.245 D/gralloc_ranchu( 1393): gralloc_alloc: Creating ashmem region of size 544768
12-14 04:08:30.249 I/zygote  ( 4437): JIT allocated 56KB for compiled code of void android.view.View.<init>(android.content.Context, android.util.AttributeSet, int, int)
12-14 04:08:30.262 D/gralloc_ranchu( 1393): gralloc_alloc: Creating ashmem region of size 7753728
12-14 04:08:30.309 D/gralloc_ranchu( 1393): gralloc_alloc: Creating ashmem region of size 274432
12-14 04:08:30.325 D/EGL_emulation( 1725): eglMakeCurrent: 0xa39acf20: ver 3 0 (tinfo 0xb1690960)
12-14 04:08:30.335 D/gralloc_ranchu( 1393): gralloc_alloc: Creating ashmem region of size 274432
12-14 04:08:30.358 I/zygote  ( 4437): Do full code cache collection, code=250KB, data=140KB
12-14 04:08:30.360 D/gralloc_ranchu( 1393): gralloc_alloc: Creating ashmem region of size 7753728
12-14 04:08:30.362 I/zygote  ( 4437): After code cache collection, code=249KB, data=104KB
12-14 04:08:30.367 I/WindowManager( 1627): Screen frozen for +398ms due to Window{63a736 u0 StatusBar}
12-14 04:08:30.375 D/gralloc_ranchu( 1393): gralloc_alloc: Creating ashmem region of size 274432
12-14 04:08:30.414 D/SurfaceFlinger( 1410): duplicate layer name: changing BlackSurface to BlackSurface#1
12-14 04:08:30.416 D/SurfaceFlinger( 1410): duplicate layer name: changing BlackSurface to BlackSurface#2
12-14 04:08:30.427 D/SurfaceFlinger( 1410): duplicate layer name: changing BlackSurface to BlackSurface#2
12-14 04:08:30.430 V/StatusBar( 1725): setLightsOn(true)
12-14 04:08:30.430 E/TaskPersister( 1627): File error accessing recents directory (directory doesn't exist?).
12-14 04:08:30.484 I/Finsky  ( 2566): [115] nmi.run(36): Stats for Executor: BlockingExecutor non@6246cdb[Running, pool size = 2, active threads = 0, queued tasks = 0, completed tasks = 18]
12-14 04:08:30.487 I/Finsky  ( 2566): [115] nmi.run(36): Stats for Executor: LightweightExecutor non@30f4378[Running, pool size = 2, active threads = 0, queued tasks = 0, completed tasks = 71]
12-14 04:08:30.849 V/StatusBar( 1725): setLightsOn(true)
12-14 04:08:31.428 I/Finsky  ( 2566): [115] nmi.run(36): Stats for Executor: bgExecutor non@ade7a51[Running, pool size = 4, active threads = 0, queued tasks = 0, completed tasks = 78]
12-14 04:08:31.464 D/gralloc_ranchu( 1393): gralloc_alloc: Creating ashmem region of size 7753728
12-14 04:08:31.667 I/zygote  ( 4437): Do partial code cache collection, code=250KB, data=109KB
12-14 04:08:31.667 I/zygote  ( 4437): After code cache collection, code=250KB, data=109KB
12-14 04:08:31.667 I/zygote  ( 4437): Increasing code cache capacity to 1024KB
12-14 04:08:32.422 E/SurfaceFlinger( 1410): ro.sf.lcd_density must be defined as a build property
12-14 04:08:32.430 D/gralloc_ranchu( 1393): gralloc_alloc: Creating ashmem region of size 8298496
12-14 04:08:32.439 D/        ( 4503): HostConnection::get() New Host Connection established 0xa9caf800, tid 4503
12-14 04:08:32.501 I/zygote  ( 1627): Explicit concurrent copying GC freed 6932(854KB) AllocSpace objects, 1(20KB) LOS objects, 37% free, 9MB/15MB, paused 490us total 67.971ms
12-14 04:08:32.778 E/memtrack( 1627): Couldn't load memtrack module
12-14 04:08:32.778 W/android.os.Debug( 1627): failed to get memory consumption info: -1
12-14 04:08:32.791 I/EventLogSendingHelper( 2187): Sending log events.
