12-14 04:17:36.321 W/Nearby  ( 1940): 	at trx.run(:com.google.android.gms@204713022@20.47.13 (040700-344095733):0)
12-14 04:17:36.321 W/Nearby  ( 1940): 	at java.lang.Thread.run(Thread.java:764)
12-14 04:17:36.339 V/StatusBar( 1725): setLightsOn(true)
12-14 04:17:36.348 I/chatty  ( 1725): uid=10028(u0_a28) com.android.systemui identical 2 lines
12-14 04:17:36.356 V/StatusBar( 1725): setLightsOn(true)
12-14 04:17:36.380 I/System.out( 3865): URI: //map
12-14 04:17:36.381 I/System.out( 3865): params: {json={"query":"android.widget.Button index:2","operation":{"method_name":"query","arguments":[]}}
12-14 04:17:36.381 I/System.out( 3865): }
12-14 04:17:36.387 W/SurfaceFlinger( 1410): couldn't log to binary event log: overflow.
12-14 04:17:36.387 W/SurfaceFlinger( 1410): couldn't log to binary event log: overflow.
12-14 04:17:36.464 I/PBSessionCacheImpl( 2190): Deleted sessionId[12797902047123] from persistence.
12-14 04:17:36.497 W/SearchService( 2190): Abort, client detached.
12-14 04:17:36.499 E/WorkerRegistryImpl( 2190): getWorker() is called after WorkerRegistry disposal.
12-14 04:17:36.500 E/WorkerRegistryImpl( 2190): getWorker() is called after WorkerRegistry disposal.
12-14 04:17:36.521 I/System.out( 3865): URI: //gesture
12-14 04:17:36.521 I/System.out( 3865): params: {json={"query_timeout":5.0,"gestures":[{"query_string":"android.widget.Button index:2","touches":[{"x":50,"y":50,"offset_x":0,"offset_y":0,"wait":0.0,"time":0.2,"release":true,"query_string":null}]}]}
12-14 04:17:36.521 I/System.out( 3865): }
12-14 04:17:36.730 I/zygote  ( 3865): Do partial code cache collection, code=122KB, data=60KB
12-14 04:17:36.730 I/zygote  ( 3865): After code cache collection, code=122KB, data=60KB
12-14 04:17:36.730 I/zygote  ( 3865): Increasing code cache capacity to 512KB
12-14 04:17:36.815 I/AudioTrack( 1628): AUDIO_OUTPUT_FLAG_FAST successful; frameCount 4512 -> 4512
12-14 04:17:36.905 V/StatusBar( 1725): setLightsOn(true)
12-14 04:17:36.908 I/chatty  ( 1725): uid=10028(u0_a28) com.android.systemui identical 1 line
12-14 04:17:36.916 V/StatusBar( 1725): setLightsOn(true)
12-14 04:17:36.933 W/View    ( 3865): dispatchProvideAutofillStructure(): not laid out, ignoring
12-14 04:17:36.938 W/Binder  ( 1628): Outgoing transactions from this process must be FLAG_ONEWAY
12-14 04:17:36.938 W/Binder  ( 1628): java.lang.Throwable
12-14 04:17:36.938 W/Binder  ( 1628): 	at android.os.BinderProxy.transact(Binder.java:736)
12-14 04:17:36.938 W/Binder  ( 1628): 	at android.app.assist.AssistStructure$ParcelTransferReader.fetchData(AssistStructure.java:407)
12-14 04:17:36.938 W/Binder  ( 1628): 	at android.app.assist.AssistStructure$ParcelTransferReader.go(AssistStructure.java:343)
12-14 04:17:36.938 W/Binder  ( 1628): 	at android.app.assist.AssistStructure.ensureData(AssistStructure.java:2096)
12-14 04:17:36.938 W/Binder  ( 1628): 	at com.android.server.autofill.Session$1.send(Session.java:200)
12-14 04:17:36.938 W/Binder  ( 1628): 	at com.android.server.am.ActivityManagerService.reportAssistContextExtras(ActivityManagerService.java:13137)
12-14 04:17:36.938 W/Binder  ( 1628): 	at android.app.IActivityManager$Stub.onTransact(IActivityManager.java:2466)
12-14 04:17:36.938 W/Binder  ( 1628): 	at com.android.server.am.ActivityManagerService.onTransact(ActivityManagerService.java:2935)
12-14 04:17:36.938 W/Binder  ( 1628): 	at android.os.Binder.execTransact(Binder.java:674)
12-14 04:17:36.949 I/AssistStructure( 3865): Flattened final assist data: 5024 bytes, containing 2 windows, 19 views
12-14 04:17:37.436 W/audio_hw_generic( 1389): Not supplying enough data to HAL, expected position 23367 , only wrote 2880
12-14 04:17:37.436 W/AudioFlinger( 1477): write blocked for 489 msecs, 1 delayed writes, thread 0xb1603540
12-14 04:17:37.436 W/audio_hw_generic( 1389): Not supplying enough data to HAL, expected position 2893 , only wrote 2880
12-14 04:17:37.437 W/audio_hw_generic( 1389): Hardware backing HAL too slow, could only write 0 of 720 frames
12-14 04:17:37.440 I/Choreographer( 3865): Skipped 31 frames!  The application may be doing too much work on its main thread.
12-14 04:17:37.445 D/gralloc_ranchu( 1395): gralloc_alloc: Creating ashmem region of size 303104
12-14 04:17:37.453 V/StatusBar( 1725): setLightsOn(true)
12-14 04:17:37.454 W/audio_hw_generic( 1389): Hardware backing HAL too slow, could only write 0 of 720 frames
12-14 04:17:37.459 V/StatusBar( 1725): setLightsOn(true)
12-14 04:17:37.466 D/AudioFlinger( 1477): mixer(0xb1603540) throttle end: throttle time(11)
12-14 04:17:37.475 V/StatusBar( 1725): setLightsOn(true)
12-14 04:17:37.500 I/zygote  ( 2113): Background concurrent copying GC freed 3693(201KB) AllocSpace objects, 0(0B) LOS objects, 67% free, 754KB/2MB, paused 5.714ms total 13.383ms
12-14 04:17:37.547 I/AssistStructure( 1628): Flattened final assist data: 4496 bytes, containing 2 windows, 19 views
12-14 04:17:37.563 W/lgq     ( 1940): Pending fill request while another request in the same session was triggered. [CONTEXT service_id=177 ]
12-14 04:17:37.567 D/gralloc_ranchu( 1395): gralloc_alloc: Creating ashmem region of size 7753728
12-14 04:17:37.594 E/SurfaceFlinger( 1410): ro.sf.lcd_density must be defined as a build property
12-14 04:17:37.599 D/PermissionCache( 1410): checking android.permission.READ_FRAME_BUFFER for uid=2000 => granted (1578 us)
12-14 04:17:37.640 D/gralloc_ranchu( 1395): gralloc_alloc: Creating ashmem region of size 8298496
12-14 04:17:37.652 D/        ( 3910): HostConnection::get() New Host Connection established 0xaee2f800, tid 3910
12-14 04:17:37.747 V/StatusBar( 1725): setLightsOn(true)
12-14 04:17:37.942 I/zygote  ( 1940): Background concurrent copying GC freed 89033(4MB) AllocSpace objects, 8(292KB) LOS objects, 44% free, 7MB/13MB, paused 390us total 271.520ms
12-14 04:17:38.021 E/memtrack( 1628): Couldn't load memtrack module
12-14 04:17:38.021 W/android.os.Debug( 1628): failed to get memory consumption info: -1
12-14 04:17:38.148 D/BoundBrokerSvc( 1940): onUnbind: Intent { act=com.google.android.gms.auth.account.workaccount.START cmp=com.google.android.gms/.chimera.PersistentApiService }
12-14 04:17:38.155 D/BoundBrokerSvc( 1940): onUnbind: Intent { act=com.google.android.gms.auth.proximity.START cmp=com.google.android.gms/.chimera.PersistentBoundBrokerService }
12-14 04:17:38.216 D/BoundBrokerSvc( 2242): onUnbind: Intent { act=com.google.android.gms.auth.cryptauth.cryptauthservice.START cmp=com.google.android.gms/.chimera.GmsBoundBrokerService }
