--------- beginning of main
12-14 04:18:04.135 I/chatty  ( 1628): uid=1000(system) RenderThread expire 9270 lines
12-14 04:18:04.136 E/OpenGLRenderer( 1628): GL error:  GL_INVALID_OPERATION
12-14 04:18:04.136 I/MicroDetectionWorker( 2190): #updateMicroDetector [detectionMode: [mDetectionMode: [1]]]
12-14 04:18:04.136 I/MicroDetectionWorker( 2190): #startMicroDetector [speakerMode: 0]
12-14 04:18:04.136 E/OpenGLRenderer( 1628): GL error:  GL_INVALID_OPERATION
12-14 04:18:04.136 I/chatty  ( 1628): uid=1000(system) RenderThread identical 1 line
12-14 04:18:04.136 E/OpenGLRenderer( 1628): GL error:  GL_INVALID_OPERATION
12-14 04:18:04.136 I/AudioController( 2190): Using mInputStreamFactoryBuilder
12-14 04:18:04.136 E/OpenGLRenderer( 1628): GL error:  GL_INVALID_OPERATION
12-14 04:18:04.138 I/chatty  ( 1628): uid=1000(system) RenderThread identical 10 lines
12-14 04:18:04.138 E/OpenGLRenderer( 1628): GL error:  GL_INVALID_OPERATION
12-14 04:18:04.139 I/MicroDetectionWorker( 2190): onReady
12-14 04:18:04.139 E/OpenGLRenderer( 1628): GL error:  GL_INVALID_OPERATION
12-14 04:18:04.153 I/chatty  ( 1628): uid=1000(system) RenderThread identical 61 lines
12-14 04:18:04.153 E/OpenGLRenderer( 1628): GL error:  GL_INVALID_OPERATION
12-14 04:18:04.154 I/MicroRecognitionRunner( 2190): Starting detection.
12-14 04:18:04.154 E/OpenGLRenderer( 1628): GL error:  GL_INVALID_OPERATION
12-14 04:18:04.154 E/OpenGLRenderer( 1628): GL error:  GL_INVALID_OPERATION
12-14 04:18:04.154 I/MicrophoneInputStream( 2190): mic_starting com.google.android.apps.gsa.staticplugins.aa.c@9f8432e
12-14 04:18:04.154 E/OpenGLRenderer( 1628): GL error:  GL_INVALID_OPERATION
12-14 04:18:04.155 I/chatty  ( 1628): uid=1000(system) RenderThread identical 1 line
12-14 04:18:04.155 E/OpenGLRenderer( 1628): GL error:  GL_INVALID_OPERATION
12-14 04:18:04.155 E/WifiVendorHal( 1628): getTxPktFates(l.1941) failed {.code = ERROR_NOT_SUPPORTED, .description = }
12-14 04:18:04.155 E/OpenGLRenderer( 1628): GL error:  GL_INVALID_OPERATION
12-14 04:18:04.156 I/chatty  ( 1628): uid=1000(system) RenderThread identical 2 lines
12-14 04:18:04.156 E/OpenGLRenderer( 1628): GL error:  GL_INVALID_OPERATION
12-14 04:18:04.157 E/WifiVendorHal( 1628): getRxPktFates(l.1981) failed {.code = ERROR_NOT_SUPPORTED, .description = }
12-14 04:18:04.157 E/OpenGLRenderer( 1628): GL error:  GL_INVALID_OPERATION
12-14 04:18:04.177 I/chatty  ( 1628): uid=1000(system) RenderThread identical 109 lines
12-14 04:18:04.178 E/OpenGLRenderer( 1628): GL error:  GL_INVALID_OPERATION
12-14 04:18:04.178 I/MicrophoneInputStream( 2190): mic_started com.google.android.apps.gsa.staticplugins.aa.c@9f8432e
12-14 04:18:04.178 E/OpenGLRenderer( 1628): GL error:  GL_INVALID_OPERATION
12-14 04:18:04.178 E/OpenGLRenderer( 1628): GL error:  GL_INVALID_OPERATION
--------- beginning of system
12-14 04:18:04.178 E/ActivityThread( 2190): Failed to find provider info for com.google.android.apps.gsa.testing.ui.audio.recorded
12-14 04:18:04.179 I/MicroDetectionWorker( 2190): onReady
12-14 04:18:04.179 E/OpenGLRenderer( 1628): GL error:  GL_INVALID_OPERATION
12-14 04:18:04.180 I/MicrophoneInputStream( 2190): mic_close com.google.android.apps.gsa.staticplugins.aa.c@9f8432e
12-14 04:18:04.181 E/OpenGLRenderer( 1628): GL error:  GL_INVALID_OPERATION
12-14 04:18:04.181 I/chatty  ( 1628): uid=1000(system) RenderThread identical 3 lines
12-14 04:18:04.181 E/OpenGLRenderer( 1628): GL error:  GL_INVALID_OPERATION
12-14 04:18:04.181 I/AudioFlinger( 1477): AudioFlinger's thread 0xaf383b40 tid=4383 ready to run
12-14 04:18:04.182 E/OpenGLRenderer( 1628): GL error:  GL_INVALID_OPERATION
12-14 04:18:04.186 I/chatty  ( 1628): uid=1000(system) RenderThread identical 26 lines
12-14 04:18:04.186 E/OpenGLRenderer( 1628): GL error:  GL_INVALID_OPERATION
12-14 04:18:04.187 I/MicroRecognitionRunner( 2190): Detection finished
12-14 04:18:04.187 E/OpenGLRenderer( 1628): GL error:  GL_INVALID_OPERATION
12-14 04:18:04.187 W/ErrorReporter( 2190): reportError [type: 211, code: 524300]: Error reading from input stream
12-14 04:18:04.187 E/OpenGLRenderer( 1628): GL error:  GL_INVALID_OPERATION
12-14 04:18:04.187 I/MicroRecognitionRunner( 2190): Stopping hotword detection.
12-14 04:18:04.187 W/ErrorProcessor( 2190): onFatalError, processing error from engine(4)
12-14 04:18:04.187 W/ErrorProcessor( 2190): com.google.android.apps.gsa.shared.speech.b.g: Error reading from input stream
12-14 04:18:04.187 W/ErrorProcessor( 2190): 	at com.google.android.apps.gsa.staticplugins.recognizer.j.a.a(SourceFile:28)
12-14 04:18:04.187 W/ErrorProcessor( 2190): 	at com.google.android.apps.gsa.staticplugins.recognizer.j.b.run(SourceFile:15)
12-14 04:18:04.187 W/ErrorProcessor( 2190): 	at java.util.concurrent.Executors$RunnableAdapter.call(Executors.java:457)
12-14 04:18:04.187 W/ErrorProcessor( 2190): 	at java.util.concurrent.FutureTask.run(FutureTask.java:266)
12-14 04:18:04.187 W/ErrorProcessor( 2190): 	at com.google.android.apps.gsa.shared.util.concurrent.a.ax.run(SourceFile:14)
12-14 04:18:04.187 W/ErrorProcessor( 2190): 	at com.google.android.apps.gsa.shared.util.concurrent.a.bl.run(SourceFile:4)
12-14 04:18:04.187 W/ErrorProcessor( 2190): 	at com.google.android.apps.gsa.shared.util.concurrent.a.bl.run(SourceFile:4)
12-14 04:18:04.187 W/ErrorProcessor( 2190): 	at java.util.concurrent.ThreadPoolExecutor.runWorker(ThreadPoolExecutor.java:1162)
12-14 04:18:04.187 W/ErrorProcessor( 2190): 	at java.util.concurrent.ThreadPoolExecutor$Worker.run(ThreadPoolExecutor.java:636)
12-14 04:18:04.187 W/ErrorProcessor( 2190): 	at java.lang.Thread.run(Thread.java:764)
12-14 04:18:04.187 W/ErrorProcessor( 2190): 	at com.google.android.apps.gsa.shared.util.concurrent.a.ai.run(SourceFile:6)
12-14 04:18:04.187 W/ErrorProcessor( 2190): Caused by: com.google.android.apps.gsa.shared.exception.GsaIOException: Error code: 393238 | Buffer overflow, no available space.
12-14 04:18:04.187 W/ErrorProcessor( 2190): 	at com.google.android.apps.gsa.speech.audio.Tee.f(SourceFile:103)
12-14 04:18:04.187 W/ErrorProcessor( 2190): 	at com.google.android.apps.gsa.speech.audio.au.read(SourceFile:2)
12-14 04:18:04.187 W/ErrorProcessor( 2190): 	at java.io.InputStream.read(InputStream.java:101)
12-14 04:18:04.187 W/ErrorProcessor( 2190): 	at com.google.android.apps.gsa.speech.audio.ao.run(SourceFile:18)
12-14 04:18:04.187 W/ErrorProcessor( 2190): 	at com.google.android.apps.gsa.speech.audio.an.run(SourceFile:2)
12-14 04:18:04.187 W/ErrorProcessor( 2190): 	... 9 more
12-14 04:18:04.188 I/AudioController( 2190): internalShutdown
12-14 04:18:04.188 E/OpenGLRenderer( 1628): GL error:  GL_INVALID_OPERATION
12-14 04:18:04.208 I/chatty  ( 1628): uid=1000(system) RenderThread identical 121 lines
12-14 04:18:04.208 E/OpenGLRenderer( 1628): GL error:  GL_INVALID_OPERATION
12-14 04:18:04.208 I/MicroDetector( 2190): Keeping mic open: false
12-14 04:18:04.208 I/MicroDetectionWorker( 2190): #onError(false)
12-14 04:18:04.208 E/OpenGLRenderer( 1628): GL error:  GL_INVALID_OPERATION
12-14 04:18:04.208 I/DeviceStateChecker( 2190): DeviceStateChecker cancelled
12-14 04:18:04.208 E/OpenGLRenderer( 1628): GL error:  GL_INVALID_OPERATION
12-14 04:18:04.279 I/chatty  ( 1628): uid=1000(system) RenderThread identical 430 lines
12-14 04:18:04.279 E/OpenGLRenderer( 1628): GL error:  GL_INVALID_OPERATION
12-14 04:18:04.279 D/AndroidRuntime( 4378): >>>>>> START com.android.internal.os.RuntimeInit uid 2000 <<<<<<
12-14 04:18:04.279 E/OpenGLRenderer( 1628): GL error:  GL_INVALID_OPERATION
12-14 04:18:04.295 I/chatty  ( 1628): uid=1000(system) RenderThread identical 85 lines
12-14 04:18:04.296 E/OpenGLRenderer( 1628): GL error:  GL_INVALID_OPERATION
12-14 04:18:04.296 I/zygote  ( 2190): Do full code cache collection, code=496KB, data=344KB
12-14 04:18:04.296 I/zygote  ( 2190): After code cache collection, code=488KB, data=309KB
12-14 04:18:04.297 E/OpenGLRenderer( 1628): GL error:  GL_INVALID_OPERATION
12-14 04:18:04.330 I/chatty  ( 1628): uid=1000(system) RenderThread identical 193 lines
12-14 04:18:04.330 E/OpenGLRenderer( 1628): GL error:  GL_INVALID_OPERATION
12-14 04:18:04.330 W/app_process( 4378): Unexpected CPU variant for X86 using defaults: x86
12-14 04:18:04.330 E/OpenGLRenderer( 1628): GL error:  GL_INVALID_OPERATION
12-14 04:18:04.359 I/chatty  ( 1628): uid=1000(system) RenderThread identical 172 lines
12-14 04:18:04.359 E/OpenGLRenderer( 1628): GL error:  GL_INVALID_OPERATION
12-14 04:18:04.359 D/AndroidRuntime( 4378): Calling main entry com.android.commands.am.Am
12-14 04:18:04.360 E/OpenGLRenderer( 1628): GL error:  GL_INVALID_OPERATION
12-14 04:18:04.361 I/ActivityManager( 1628): Force stopping com.evancharlton.mileage appid=10462 user=0: start instr
12-14 04:18:04.361 I/ActivityManager( 1628): Killing 4357:com.evancharlton.mileage/u0a462 (adj 0): stop com.evancharlton.mileage
12-14 04:18:04.363 W/ActivityManager( 1628): Crash of app com.evancharlton.mileage running instrumentation ComponentInfo{com.evancharlton.mileage.test/sh.calaba.instrumentationbackend.ClearAppData2}
12-14 04:18:04.363 I/ActivityManager( 1628): Force stopping com.evancharlton.mileage appid=10462 user=0: finished inst
12-14 04:18:04.372 I/chatty  ( 1628): uid=1000(system) RenderThread identical 64 lines
12-14 04:18:04.372 E/OpenGLRenderer( 1628): GL error:  GL_INVALID_OPERATION
12-14 04:18:04.373 I/zygote  ( 4392): Not late-enabling -Xcheck:jni (already on)
12-14 04:18:04.373 E/OpenGLRenderer( 1628): GL error:  GL_INVALID_OPERATION
12-14 04:18:04.376 I/ActivityManager( 1628): Start proc 4392:com.evancharlton.mileage/u0a462 for added application com.evancharlton.mileage
12-14 04:18:04.377 I/chatty  ( 1628): uid=1000(system) RenderThread identical 22 lines
12-14 04:18:04.377 E/OpenGLRenderer( 1628): GL error:  GL_INVALID_OPERATION
12-14 04:18:04.377 D/AndroidRuntime( 4378): Shutting down VM
12-14 04:18:04.377 E/OpenGLRenderer( 1628): GL error:  GL_INVALID_OPERATION
12-14 04:18:04.379 I/chatty  ( 1628): uid=1000(system) RenderThread identical 8 lines
12-14 04:18:04.379 E/OpenGLRenderer( 1628): GL error:  GL_INVALID_OPERATION
12-14 04:18:04.379 E/memtrack( 1628): Couldn't load memtrack module
12-14 04:18:04.379 W/android.os.Debug( 1628): failed to get memory consumption info: -1
12-14 04:18:04.379 E/OpenGLRenderer( 1628): GL error:  GL_INVALID_OPERATION
12-14 04:18:04.394 I/chatty  ( 1628): uid=1000(system) RenderThread identical 69 lines
12-14 04:18:04.394 E/OpenGLRenderer( 1628): GL error:  GL_INVALID_OPERATION
12-14 04:18:04.394 W/zygote  ( 4392): Unexpected CPU variant for X86 using defaults: x86
12-14 04:18:04.394 E/OpenGLRenderer( 1628): GL error:  GL_INVALID_OPERATION
12-14 04:18:04.418 I/chatty  ( 1628): uid=1000(system) RenderThread identical 105 lines
12-14 04:18:04.418 E/OpenGLRenderer( 1628): GL error:  GL_INVALID_OPERATION
12-14 04:18:04.418 E/memtrack( 1628): Couldn't load memtrack module
12-14 04:18:04.418 W/android.os.Debug( 1628): failed to get memory consumption info: -1
12-14 04:18:04.418 E/OpenGLRenderer( 1628): GL error:  GL_INVALID_OPERATION
12-14 04:18:04.425 I/chatty  ( 1628): uid=1000(system) RenderThread identical 49 lines
12-14 04:18:04.425 E/OpenGLRenderer( 1628): GL error:  GL_INVALID_OPERATION
12-14 04:18:04.426 E/adbd    ( 1382): failed to connect to socket 'tcp:7102': Connection refused
12-14 04:18:04.428 E/OpenGLRenderer( 1628): GL error:  GL_INVALID_OPERATION
12-14 04:18:04.432 I/chatty  ( 1628): uid=1000(system) RenderThread identical 23 lines
12-14 04:18:04.433 E/OpenGLRenderer( 1628): GL error:  GL_INVALID_OPERATION
12-14 04:18:04.433 E/adbd    ( 1382): failed to connect to socket 'tcp:7102': Connection refused
12-14 04:18:04.434 E/OpenGLRenderer( 1628): GL error:  GL_INVALID_OPERATION
12-14 04:18:04.443 I/chatty  ( 1628): uid=1000(system) RenderThread identical 34 lines
12-14 04:18:04.443 E/OpenGLRenderer( 1628): GL error:  GL_INVALID_OPERATION
12-14 04:18:04.443 W/zygote  ( 4392): Found duplicate classes, falling back to extracting from APK : /data/app/com.evancharlton.mileage.test-PXBuUm7EzhIQXhzynwWq2A==/base.apk
12-14 04:18:04.443 E/OpenGLRenderer( 1628): GL error:  GL_INVALID_OPERATION
12-14 04:18:04.443 W/zygote  ( 4392): NOTE: This wastes RAM and hurts startup performance.
12-14 04:18:04.443 W/zygote  ( 4392): Found duplicated class when checking oat files: 'Ljunit/runner/BaseTestRunner;' in /data/app/com.evancharlton.mileage.test-PXBuUm7EzhIQXhzynwWq2A==/base.apk and /system/framework/android.test.runner.jar
12-14 04:18:04.443 W/zygote  ( 4392): 
12-14 04:18:04.444 E/OpenGLRenderer( 1628): GL error:  GL_INVALID_OPERATION
12-14 04:18:04.480 I/chatty  ( 1628): uid=1000(system) RenderThread identical 215 lines
12-14 04:18:04.480 E/OpenGLRenderer( 1628): GL error:  GL_INVALID_OPERATION
12-14 04:18:04.480 W/System  ( 4392): ClassLoader referenced unknown path: 
12-14 04:18:04.480 E/OpenGLRenderer( 1628): GL error:  GL_INVALID_OPERATION
12-14 04:18:04.499 I/chatty  ( 1628): uid=1000(system) RenderThread identical 110 lines
12-14 04:18:04.499 E/OpenGLRenderer( 1628): GL error:  GL_INVALID_OPERATION
12-14 04:18:04.499 I/System.out( 4392): Main activity name automatically set to: com.evancharlton.mileage.Mileage
12-14 04:18:04.499 E/OpenGLRenderer( 1628): GL error:  GL_INVALID_OPERATION
12-14 04:18:04.501 I/chatty  ( 1628): uid=1000(system) RenderThread identical 9 lines
12-14 04:18:04.502 E/OpenGLRenderer( 1628): GL error:  GL_INVALID_OPERATION
12-14 04:18:04.502 I/System.out( 4392): Calabash did not load Mono. This is only a problem if you are trying to test a Mono application
12-14 04:18:04.502 E/OpenGLRenderer( 1628): GL error:  GL_INVALID_OPERATION
12-14 04:18:04.502 E/OpenGLRenderer( 1628): GL error:  GL_INVALID_OPERATION
12-14 04:18:04.502 I/calabash( 4392): Test server port: 7102
12-14 04:18:04.502 E/OpenGLRenderer( 1628): GL error:  GL_INVALID_OPERATION
12-14 04:18:04.504 I/chatty  ( 1628): uid=1000(system) RenderThread identical 9 lines
12-14 04:18:04.504 E/OpenGLRenderer( 1628): GL error:  GL_INVALID_OPERATION
12-14 04:18:04.504 I/InstrumentationBackend( 4392): Added:'GetPreferences', with key:'get_preferences'
12-14 04:18:04.504 E/OpenGLRenderer( 1628): GL error:  GL_INVALID_OPERATION
12-14 04:18:04.544 I/chatty  ( 1628): uid=1000(system) RenderThread identical 265 lines
12-14 04:18:04.544 E/OpenGLRenderer( 1628): GL error:  GL_INVALID_OPERATION
12-14 04:18:04.545 E/adbd    ( 1382): failed to connect to socket 'tcp:7102': Connection refused
12-14 04:18:04.545 E/OpenGLRenderer( 1628): GL error:  GL_INVALID_OPERATION
12-14 04:18:04.552 I/chatty  ( 1628): uid=1000(system) RenderThread identical 30 lines
12-14 04:18:04.552 E/OpenGLRenderer( 1628): GL error:  GL_INVALID_OPERATION
12-14 04:18:04.553 E/adbd    ( 1382): failed to connect to socket 'tcp:7102': Connection refused
12-14 04:18:04.553 E/OpenGLRenderer( 1628): GL error:  GL_INVALID_OPERATION
12-14 04:18:04.617 I/chatty  ( 1628): uid=1000(system) RenderThread identical 408 lines
12-14 04:18:04.617 E/OpenGLRenderer( 1628): GL error:  GL_INVALID_OPERATION
12-14 04:18:04.617 I/InstrumentationBackend( 4392): Added:'SetPreferences', with key:'set_preferences'
12-14 04:18:04.617 E/OpenGLRenderer( 1628): GL error:  GL_INVALID_OPERATION
12-14 04:18:04.618 I/InstrumentationBackend( 4392): Added:'ClearPreferences', with key:'clear_preferences'
12-14 04:18:04.618 E/OpenGLRenderer( 1628): GL error:  GL_INVALID_OPERATION
12-14 04:18:04.618 E/OpenGLRenderer( 1628): GL error:  GL_INVALID_OPERATION
12-14 04:18:04.618 I/InstrumentationBackend( 4392): Added:'PressElement', with key:'press_l10n_element'
12-14 04:18:04.618 E/OpenGLRenderer( 1628): GL error:  GL_INVALID_OPERATION
12-14 04:18:04.618 E/OpenGLRenderer( 1628): GL error:  GL_INVALID_OPERATION
12-14 04:18:04.618 I/InstrumentationBackend( 4392): Added:'WaitForElement', with key:'wait_for_l10n_element'
12-14 04:18:04.619 E/OpenGLRenderer( 1628): GL error:  GL_INVALID_OPERATION
12-14 04:18:04.619 I/chatty  ( 1628): uid=1000(system) RenderThread identical 1 line
12-14 04:18:04.619 E/OpenGLRenderer( 1628): GL error:  GL_INVALID_OPERATION
12-14 04:18:04.619 I/InstrumentationBackend( 4392): Added:'NullAction', with key:'nullAction'
12-14 04:18:04.619 E/OpenGLRenderer( 1628): GL error:  GL_INVALID_OPERATION
12-14 04:18:04.620 I/chatty  ( 1628): uid=1000(system) RenderThread identical 1 line
12-14 04:18:04.620 E/OpenGLRenderer( 1628): GL error:  GL_INVALID_OPERATION
12-14 04:18:04.620 I/InstrumentationBackend( 4392): Added:'PressKey', with key:'press_key'
12-14 04:18:04.620 E/OpenGLRenderer( 1628): GL error:  GL_INVALID_OPERATION
12-14 04:18:04.621 I/chatty  ( 1628): uid=1000(system) RenderThread identical 8 lines
12-14 04:18:04.621 E/OpenGLRenderer( 1628): GL error:  GL_INVALID_OPERATION
12-14 04:18:04.621 I/InstrumentationBackend( 4392): Added:'SetActivityOrientation', with key:'set_activity_orientation'
12-14 04:18:04.622 E/OpenGLRenderer( 1628): GL error:  GL_INVALID_OPERATION
12-14 04:18:04.622 I/chatty  ( 1628): uid=1000(system) RenderThread identical 2 lines
12-14 04:18:04.622 E/OpenGLRenderer( 1628): GL error:  GL_INVALID_OPERATION
12-14 04:18:04.622 I/InstrumentationBackend( 4392): Added:'GetActivityOrientation', with key:'get_activity_orientation'
12-14 04:18:04.622 E/OpenGLRenderer( 1628): GL error:  GL_INVALID_OPERATION
12-14 04:18:04.622 I/chatty  ( 1628): uid=1000(system) RenderThread identical 2 lines
12-14 04:18:04.622 E/OpenGLRenderer( 1628): GL error:  GL_INVALID_OPERATION
12-14 04:18:04.622 I/InstrumentationBackend( 4392): Added:'FakeGPSLocation', with key:'set_gps_coordinates'
12-14 04:18:04.622 E/OpenGLRenderer( 1628): GL error:  GL_INVALID_OPERATION
12-14 04:18:04.622 I/chatty  ( 1628): uid=1000(system) RenderThread identical 1 line
12-14 04:18:04.623 E/OpenGLRenderer( 1628): GL error:  GL_INVALID_OPERATION
12-14 04:18:04.623 I/InstrumentationBackend( 4392): Added:'SetPropertyByCssSelector', with key:'set_property_by_css_selector'
12-14 04:18:04.623 E/OpenGLRenderer( 1628): GL error:  GL_INVALID_OPERATION
12-14 04:18:04.624 I/chatty  ( 1628): uid=1000(system) RenderThread identical 6 lines
12-14 04:18:04.625 E/OpenGLRenderer( 1628): GL error:  GL_INVALID_OPERATION
12-14 04:18:04.625 I/InstrumentationBackend( 4392): Added:'GetUrl', with key:'get_url'
12-14 04:18:04.625 E/OpenGLRenderer( 1628): GL error:  GL_INVALID_OPERATION
12-14 04:18:04.628 I/chatty  ( 1628): uid=1000(system) RenderThread identical 17 lines
12-14 04:18:04.629 E/OpenGLRenderer( 1628): GL error:  GL_INVALID_OPERATION
12-14 04:18:04.629 I/InstrumentationBackend( 4392): Added:'ScrollTo', with key:'scroll_to'
12-14 04:18:04.629 E/OpenGLRenderer( 1628): GL error:  GL_INVALID_OPERATION
12-14 04:18:04.629 E/OpenGLRenderer( 1628): GL error:  GL_INVALID_OPERATION
12-14 04:18:04.629 I/InstrumentationBackend( 4392): Added:'GetLoadProgress', with key:'get_load_progress'
12-14 04:18:04.629 E/OpenGLRenderer( 1628): GL error:  GL_INVALID_OPERATION
12-14 04:18:04.629 I/chatty  ( 1628): uid=1000(system) RenderThread identical 4 lines
12-14 04:18:04.630 E/OpenGLRenderer( 1628): GL error:  GL_INVALID_OPERATION
12-14 04:18:04.630 I/InstrumentationBackend( 4392): Added:'DumpHtml', with key:'dump_html'
12-14 04:18:04.630 E/OpenGLRenderer( 1628): GL error:  GL_INVALID_OPERATION
12-14 04:18:04.630 I/chatty  ( 1628): uid=1000(system) RenderThread identical 1 line
12-14 04:18:04.630 E/OpenGLRenderer( 1628): GL error:  GL_INVALID_OPERATION
12-14 04:18:04.630 I/InstrumentationBackend( 4392): Added:'DumpBodyHtml', with key:'dump_body_html'
12-14 04:18:04.630 E/OpenGLRenderer( 1628): GL error:  GL_INVALID_OPERATION
12-14 04:18:04.630 I/chatty  ( 1628): uid=1000(system) RenderThread identical 2 lines
12-14 04:18:04.630 E/OpenGLRenderer( 1628): GL error:  GL_INVALID_OPERATION
12-14 04:18:04.630 I/InstrumentationBackend( 4392): Added:'EnterTextByCssSelector', with key:'enter_text_by_selector'
12-14 04:18:04.630 E/OpenGLRenderer( 1628): GL error:  GL_INVALID_OPERATION
12-14 04:18:04.637 I/chatty  ( 1628): uid=1000(system) RenderThread identical 40 lines
12-14 04:18:04.637 E/OpenGLRenderer( 1628): GL error:  GL_INVALID_OPERATION
12-14 04:18:04.637 I/InstrumentationBackend( 4392): Added:'AndroidSDKVersion', with key:'android_sdk_version'
12-14 04:18:04.637 E/OpenGLRenderer( 1628): GL error:  GL_INVALID_OPERATION
12-14 04:18:04.637 E/OpenGLRenderer( 1628): GL error:  GL_INVALID_OPERATION
12-14 04:18:04.638 I/InstrumentationBackend( 4392): Added:'Version', with key:'version'
12-14 04:18:04.638 E/OpenGLRenderer( 1628): GL error:  GL_INVALID_OPERATION
12-14 04:18:04.638 I/chatty  ( 1628): uid=1000(system) RenderThread identical 1 line
12-14 04:18:04.638 E/OpenGLRenderer( 1628): GL error:  GL_INVALID_OPERATION
12-14 04:18:04.638 I/InstrumentationBackend( 4392): Added:'Drag', with key:'drag'
12-14 04:18:04.638 E/OpenGLRenderer( 1628): GL error:  GL_INVALID_OPERATION
12-14 04:18:04.638 E/OpenGLRenderer( 1628): GL error:  GL_INVALID_OPERATION
12-14 04:18:04.638 I/InstrumentationBackend( 4392): Added:'TouchCoordinates', with key:'touch_coordinate'
12-14 04:18:04.638 E/OpenGLRenderer( 1628): GL error:  GL_INVALID_OPERATION
12-14 04:18:04.639 I/chatty  ( 1628): uid=1000(system) RenderThread identical 1 line
12-14 04:18:04.639 E/OpenGLRenderer( 1628): GL error:  GL_INVALID_OPERATION
12-14 04:18:04.639 I/InstrumentationBackend( 4392): Added:'LongPressCoordinate', with key:'long_press_coordinate'
12-14 04:18:04.639 E/OpenGLRenderer( 1628): GL error:  GL_INVALID_OPERATION
12-14 04:18:04.639 E/OpenGLRenderer( 1628): GL error:  GL_INVALID_OPERATION
12-14 04:18:04.639 I/InstrumentationBackend( 4392): Added:'DragCoordinates', with key:'drag_coordinates'
12-14 04:18:04.639 E/OpenGLRenderer( 1628): GL error:  GL_INVALID_OPERATION
12-14 04:18:04.639 I/chatty  ( 1628): uid=1000(system) RenderThread identical 2 lines
12-14 04:18:04.639 E/OpenGLRenderer( 1628): GL error:  GL_INVALID_OPERATION
12-14 04:18:04.639 I/InstrumentationBackend( 4392): Added:'ResumeApplication', with key:'resume_application'
12-14 04:18:04.639 E/OpenGLRenderer( 1628): GL error:  GL_INVALID_OPERATION
12-14 04:18:04.640 I/chatty  ( 1628): uid=1000(system) RenderThread identical 1 line
12-14 04:18:04.640 E/OpenGLRenderer( 1628): GL error:  GL_INVALID_OPERATION
12-14 04:18:04.640 I/InstrumentationBackend( 4392): Added:'Swipe', with key:'swipe'
12-14 04:18:04.640 E/OpenGLRenderer( 1628): GL error:  GL_INVALID_OPERATION
12-14 04:18:04.640 I/chatty  ( 1628): uid=1000(system) RenderThread identical 1 line
12-14 04:18:04.640 E/OpenGLRenderer( 1628): GL error:  GL_INVALID_OPERATION
12-14 04:18:04.640 I/InstrumentationBackend( 4392): Added:'DoubleTapCoordinate', with key:'double_tap_coordinate'
12-14 04:18:04.640 E/OpenGLRenderer( 1628): GL error:  GL_INVALID_OPERATION
12-14 04:18:04.640 I/chatty  ( 1628): uid=1000(system) RenderThread identical 1 line
12-14 04:18:04.640 E/OpenGLRenderer( 1628): GL error:  GL_INVALID_OPERATION
12-14 04:18:04.640 I/InstrumentationBackend( 4392): Added:'ClickOnScreen', with key:'click_on_screen'
12-14 04:18:04.641 E/OpenGLRenderer( 1628): GL error:  GL_INVALID_OPERATION
12-14 04:18:04.641 I/chatty  ( 1628): uid=1000(system) RenderThread identical 7 lines
12-14 04:18:04.641 E/OpenGLRenderer( 1628): GL error:  GL_INVALID_OPERATION
12-14 04:18:04.641 I/InstrumentationBackend( 4392): Added:'GetActivityName', with key:'get_activity_name'
12-14 04:18:04.641 E/OpenGLRenderer( 1628): GL error:  GL_INVALID_OPERATION
12-14 04:18:04.644 I/chatty  ( 1628): uid=1000(system) RenderThread identical 19 lines
12-14 04:18:04.644 E/OpenGLRenderer( 1628): GL error:  GL_INVALID_OPERATION
12-14 04:18:04.644 I/InstrumentationBackend( 4392): Added:'ScrollToView', with key:'scroll_to_view'
12-14 04:18:04.644 E/OpenGLRenderer( 1628): GL error:  GL_INVALID_OPERATION
12-14 04:18:04.645 I/chatty  ( 1628): uid=1000(system) RenderThread identical 2 lines
12-14 04:18:04.645 E/OpenGLRenderer( 1628): GL error:  GL_INVALID_OPERATION
12-14 04:18:04.645 I/InstrumentationBackend( 4392): Added:'ViewConfiguration', with key:'view_configuration'
12-14 04:18:04.645 E/OpenGLRenderer( 1628): GL error:  GL_INVALID_OPERATION
12-14 04:18:04.645 E/OpenGLRenderer( 1628): GL error:  GL_INVALID_OPERATION
12-14 04:18:04.646 I/InstrumentationBackend( 4392): Added:'IsCurrentActivityFocused', with key:'is_current_activity_focused'
12-14 04:18:04.646 E/OpenGLRenderer( 1628): GL error:  GL_INVALID_OPERATION
12-14 04:18:04.646 I/chatty  ( 1628): uid=1000(system) RenderThread identical 3 lines
12-14 04:18:04.646 E/OpenGLRenderer( 1628): GL error:  GL_INVALID_OPERATION
12-14 04:18:04.646 I/InstrumentationBackend( 4392): Added:'SendTcp', with key:'send_tcp'
12-14 04:18:04.646 E/OpenGLRenderer( 1628): GL error:  GL_INVALID_OPERATION
12-14 04:18:04.646 E/OpenGLRenderer( 1628): GL error:  GL_INVALID_OPERATION
12-14 04:18:04.646 I/InstrumentationBackend( 4392): Added:'DpToDevicePixel', with key:'dp_to_device_pixel'
12-14 04:18:04.646 E/OpenGLRenderer( 1628): GL error:  GL_INVALID_OPERATION
12-14 04:18:04.647 I/chatty  ( 1628): uid=1000(system) RenderThread identical 8 lines
12-14 04:18:04.647 E/OpenGLRenderer( 1628): GL error:  GL_INVALID_OPERATION
12-14 04:18:04.647 I/InstrumentationBackend( 4392): Added:'KeyboardEnterText', with key:'keyboard_enter_text'
12-14 04:18:04.647 E/OpenGLRenderer( 1628): GL error:  GL_INVALID_OPERATION
12-14 04:18:04.647 I/chatty  ( 1628): uid=1000(system) RenderThread identical 2 lines
12-14 04:18:04.648 E/OpenGLRenderer( 1628): GL error:  GL_INVALID_OPERATION
12-14 04:18:04.648 I/InstrumentationBackend( 4392): Added:'DeleteSurroundingText', with key:'delete_surrounding_text'
12-14 04:18:04.648 E/OpenGLRenderer( 1628): GL error:  GL_INVALID_OPERATION
12-14 04:18:04.648 I/chatty  ( 1628): uid=1000(system) RenderThread identical 2 lines
12-14 04:18:04.648 E/OpenGLRenderer( 1628): GL error:  GL_INVALID_OPERATION
12-14 04:18:04.648 I/InstrumentationBackend( 4392): Added:'SetComposingRegion', with key:'set_composing_region'
12-14 04:18:04.648 E/OpenGLRenderer( 1628): GL error:  GL_INVALID_OPERATION
12-14 04:18:04.648 I/chatty  ( 1628): uid=1000(system) RenderThread identical 1 line
12-14 04:18:04.648 E/OpenGLRenderer( 1628): GL error:  GL_INVALID_OPERATION
12-14 04:18:04.648 I/InstrumentationBackend( 4392): Added:'SetSelection', with key:'set_selection'
12-14 04:18:04.648 E/OpenGLRenderer( 1628): GL error:  GL_INVALID_OPERATION
12-14 04:18:04.649 I/chatty  ( 1628): uid=1000(system) RenderThread identical 1 line
12-14 04:18:04.649 E/OpenGLRenderer( 1628): GL error:  GL_INVALID_OPERATION
12-14 04:18:04.649 I/InstrumentationBackend( 4392): Added:'KeyboardKeyEvent', with key:'keyboard_key_event'
12-14 04:18:04.649 E/OpenGLRenderer( 1628): GL error:  GL_INVALID_OPERATION
12-14 04:18:04.649 I/chatty  ( 1628): uid=1000(system) RenderThread identical 2 lines
12-14 04:18:04.649 E/OpenGLRenderer( 1628): GL error:  GL_INVALID_OPERATION
12-14 04:18:04.650 I/InstrumentationBackend( 4392): Added:'PressUserActionButton', with key:'press_user_action_button'
12-14 04:18:04.650 E/OpenGLRenderer( 1628): GL error:  GL_INVALID_OPERATION
12-14 04:18:04.651 I/chatty  ( 1628): uid=1000(system) RenderThread identical 5 lines
12-14 04:18:04.651 E/OpenGLRenderer( 1628): GL error:  GL_INVALID_OPERATION
12-14 04:18:04.651 I/InstrumentationBackend( 4392): Added:'HideSoftKeyboard', with key:'hide_soft_keyboard'
12-14 04:18:04.651 E/OpenGLRenderer( 1628): GL error:  GL_INVALID_OPERATION
12-14 04:18:04.653 I/chatty  ( 1628): uid=1000(system) RenderThread identical 14 lines
12-14 04:18:04.653 E/OpenGLRenderer( 1628): GL error:  GL_INVALID_OPERATION
12-14 04:18:04.653 I/InstrumentationBackend( 4392): Added:'ListActions', with key:'list_actions'
12-14 04:18:04.653 E/OpenGLRenderer( 1628): GL error:  GL_INVALID_OPERATION
12-14 04:18:04.653 E/OpenGLRenderer( 1628): GL error:  GL_INVALID_OPERATION
12-14 04:18:04.653 I/calabash( 4392): Instantiating http server at 7102
12-14 04:18:04.653 E/OpenGLRenderer( 1628): GL error:  GL_INVALID_OPERATION
12-14 04:18:04.654 I/chatty  ( 1628): uid=1000(system) RenderThread identical 5 lines
12-14 04:18:04.654 E/OpenGLRenderer( 1628): GL error:  GL_INVALID_OPERATION
12-14 04:18:04.654 I/System.out( 4392): HTTP Daemon listening on: 7102
12-14 04:18:04.654 E/OpenGLRenderer( 1628): GL error:  GL_INVALID_OPERATION
12-14 04:18:04.699 I/chatty  ( 1628): uid=1000(system) RenderThread identical 213 lines
12-14 04:18:04.700 I/System.out( 4392): URI: //ping
12-14 04:18:04.700 E/OpenGLRenderer( 1628): GL error:  GL_INVALID_OPERATION
12-14 04:18:04.700 E/OpenGLRenderer( 1628): GL error:  GL_INVALID_OPERATION
12-14 04:18:04.715 I/chatty  ( 1628): uid=1000(system) RenderThread identical 110 lines
12-14 04:18:04.715 E/OpenGLRenderer( 1628): GL error:  GL_INVALID_OPERATION
12-14 04:18:04.715 I/System.out( 4392): params: {json={}
12-14 04:18:04.715 I/System.out( 4392): }
12-14 04:18:04.717 E/OpenGLRenderer( 1628): GL error:  GL_INVALID_OPERATION
12-14 04:18:04.756 I/chatty  ( 1628): uid=1000(system) RenderThread identical 184 lines
12-14 04:18:04.757 E/OpenGLRenderer( 1628): GL error:  GL_INVALID_OPERATION
12-14 04:18:04.757 I/System.out( 4392): URI: //ping
12-14 04:18:04.757 E/OpenGLRenderer( 1628): GL error:  GL_INVALID_OPERATION
12-14 04:18:04.757 I/System.out( 4392): params: {json={}
12-14 04:18:04.757 I/System.out( 4392): }
12-14 04:18:04.757 E/OpenGLRenderer( 1628): GL error:  GL_INVALID_OPERATION
12-14 04:18:04.764 I/chatty  ( 1628): uid=1000(system) RenderThread identical 19 lines
12-14 04:18:04.764 E/OpenGLRenderer( 1628): GL error:  GL_INVALID_OPERATION
12-14 04:18:04.764 I/System.out( 4392): URI: //ready
12-14 04:18:04.764 E/OpenGLRenderer( 1628): GL error:  GL_INVALID_OPERATION
12-14 04:18:04.764 I/System.out( 4392): params: {json={}
12-14 04:18:04.764 I/System.out( 4392): }
12-14 04:18:04.765 E/OpenGLRenderer( 1628): GL error:  GL_INVALID_OPERATION
12-14 04:18:04.772 I/chatty  ( 1628): uid=1000(system) RenderThread identical 22 lines
12-14 04:18:04.772 E/OpenGLRenderer( 1628): GL error:  GL_INVALID_OPERATION
12-14 04:18:04.772 I/System.out( 4392): URI: //
12-14 04:18:04.772 I/System.out( 4392): params: {json={"command":"version","arguments":[]}
12-14 04:18:04.772 E/OpenGLRenderer( 1628): GL error:  GL_INVALID_OPERATION
12-14 04:18:04.772 I/System.out( 4392): }
12-14 04:18:04.773 I/System.out( 4392): header: {content-type=application/json;charset=utf-8, date=Mon, 14 Dec 2020 09:18:05 GMT, accept=*/*, host=127.0.0.1:34777, content-length=36, user-agent=HTTPClient/1.0 (2.8.3, ruby 2.5.8 (2020-03-31))}
12-14 04:18:04.773 E/OpenGLRenderer( 1628): GL error:  GL_INVALID_OPERATION
12-14 04:18:04.773 I/System.out( 4392): params: {json={"command":"version","arguments":[]}
12-14 04:18:04.773 I/System.out( 4392): }
12-14 04:18:04.773 I/System.out( 4392): ProP json = {"command":"version","arguments":[]}
12-14 04:18:04.773 I/System.out( 4392): files: {}
12-14 04:18:04.773 E/OpenGLRenderer( 1628): GL error:  GL_INVALID_OPERATION
12-14 04:18:04.773 I/System.out( 4392): command: {"command":"version","arguments":[]}
12-14 04:18:04.773 E/OpenGLRenderer( 1628): GL error:  GL_INVALID_OPERATION
12-14 04:18:04.822 I/chatty  ( 1628): uid=1000(system) RenderThread identical 270 lines
12-14 04:18:04.822 E/OpenGLRenderer( 1628): GL error:  GL_INVALID_OPERATION
12-14 04:18:04.822 I/InstrumentationBackend( 4392): Got command:'Command:'Line:null,version', arguments:'[]'
12-14 04:18:04.822 E/OpenGLRenderer( 1628): GL error:  GL_INVALID_OPERATION
12-14 04:18:04.893 I/chatty  ( 1628): uid=1000(system) RenderThread identical 411 lines
12-14 04:18:04.894 E/OpenGLRenderer( 1628): GL error:  GL_INVALID_OPERATION
12-14 04:18:04.894 I/System.out( 4392): result:{"bonusInformation":[],"message":"0.9.8","success":true}
12-14 04:18:04.894 E/OpenGLRenderer( 1628): GL error:  GL_INVALID_OPERATION
12-14 04:18:04.902 I/chatty  ( 1628): uid=1000(system) RenderThread identical 28 lines
12-14 04:18:04.903 E/OpenGLRenderer( 1628): GL error:  GL_INVALID_OPERATION
12-14 04:18:04.903 I/System.out( 4392): URI: //start-application
12-14 04:18:04.903 E/OpenGLRenderer( 1628): GL error:  GL_INVALID_OPERATION
12-14 04:18:04.903 I/System.out( 4392): params: {json={"intent":null}
12-14 04:18:04.903 I/System.out( 4392): }
12-14 04:18:04.903 E/OpenGLRenderer( 1628): GL error:  GL_INVALID_OPERATION
12-14 04:18:04.956 I/ActivityManager( 1628): START u0 {act=android.intent.action.MAIN cat=[android.intent.category.LAUNCHER] flg=0x10200000 cmp=com.evancharlton.mileage/.Mileage} from uid 10462
12-14 04:18:04.974 I/ActivityManager( 1628): Killing 3425:com.google.android.ext.services/u0a14 (adj 906): empty #17
12-14 04:18:04.979 I/chatty  ( 1628): uid=1000(system) RenderThread identical 399 lines
12-14 04:18:04.980 E/OpenGLRenderer( 1628): GL error:  GL_INVALID_OPERATION
12-14 04:18:04.981 D/gralloc_ranchu( 1395): gralloc_alloc: Creating ashmem region of size 7753728
12-14 04:18:04.981 E/OpenGLRenderer( 1628): GL error:  GL_INVALID_OPERATION
12-14 04:18:04.988 I/chatty  ( 1628): uid=1000(system) RenderThread identical 10 lines
12-14 04:18:04.989 E/OpenGLRenderer( 1628): GL error:  GL_INVALID_OPERATION
12-14 04:18:04.990 I/calabash( 4392): newActivity1
12-14 04:18:04.990 E/OpenGLRenderer( 1628): GL error:  GL_INVALID_OPERATION
12-14 04:18:05.034 I/chatty  ( 1628): uid=1000(system) RenderThread identical 91 lines
12-14 04:18:05.034 E/OpenGLRenderer( 1628): GL error:  GL_INVALID_OPERATION
12-14 04:18:05.035 D/EGL_emulation( 2190): eglMakeCurrent: 0x9c284ba0: ver 3 0 (tinfo 0x9c2837a0)
12-14 04:18:05.035 E/OpenGLRenderer( 1628): GL error:  GL_INVALID_OPERATION
12-14 04:18:05.037 V/StatusBar( 1725): setLightsOn(true)
12-14 04:18:05.038 I/chatty  ( 1628): uid=1000(system) RenderThread expire 4 lines
12-14 04:18:05.039 E/OpenGLRenderer( 1628): GL error:  GL_INVALID_OPERATION
12-14 04:18:05.039 E/OpenGLRenderer( 1628): GL error:  GL_INVALID_OPERATION
12-14 04:18:05.043 I/chatty  ( 1628): uid=1000(system) RenderThread identical 11 lines
12-14 04:18:05.044 E/OpenGLRenderer( 1628): GL error:  GL_INVALID_OPERATION
12-14 04:18:05.044 D/EGL_emulation( 2150): eglMakeCurrent: 0x99cfca20: ver 3 0 (tinfo 0x99cff890)
12-14 04:18:05.045 E/OpenGLRenderer( 1628): GL error:  GL_INVALID_OPERATION
12-14 04:18:05.050 I/chatty  ( 1628): uid=1000(system) RenderThread identical 7 lines
12-14 04:18:05.050 E/OpenGLRenderer( 1628): GL error:  GL_INVALID_OPERATION
12-14 04:18:05.051 D/EGL_emulation( 1725): eglMakeCurrent: 0x97d56f80: ver 3 0 (tinfo 0x99a269c0)
12-14 04:18:05.051 E/OpenGLRenderer( 1628): GL error:  GL_INVALID_OPERATION
12-14 04:18:05.052 I/chatty  ( 1628): uid=1000(system) RenderThread identical 2 lines
12-14 04:18:05.052 E/OpenGLRenderer( 1628): GL error:  GL_INVALID_OPERATION
12-14 04:18:05.052 V/StatusBar( 1725): setLightsOn(true)
12-14 04:18:05.053 E/OpenGLRenderer( 1628): GL error:  GL_INVALID_OPERATION
12-14 04:18:05.058 W/ActivityManager( 1628): Bad activity token: android.os.BinderProxy@186a75d
12-14 04:18:05.058 W/ActivityManager( 1628): java.lang.ClassCastException: android.os.BinderProxy cannot be cast to com.android.server.am.ActivityRecord$Token
12-14 04:18:05.058 W/ActivityManager( 1628): 	at com.android.server.am.ActivityRecord.forTokenLocked(ActivityRecord.java:778)
12-14 04:18:05.058 W/ActivityManager( 1628): 	at com.android.server.am.ActivityRecord.isInStackLocked(ActivityRecord.java:2085)
12-14 04:18:05.058 W/ActivityManager( 1628): 	at com.android.server.am.ActivityRecord.getStackLocked(ActivityRecord.java:2090)
12-14 04:18:05.058 W/ActivityManager( 1628): 	at com.android.server.am.ActivityManagerService.getActivityDisplayId(ActivityManagerService.java:10406)
12-14 04:18:05.058 W/ActivityManager( 1628): 	at android.app.IActivityManager$Stub.onTransact(IActivityManager.java:2738)
12-14 04:18:05.058 W/ActivityManager( 1628): 	at com.android.server.am.ActivityManagerService.onTransact(ActivityManagerService.java:2935)
12-14 04:18:05.058 W/ActivityManager( 1628): 	at android.os.Binder.execTransact(Binder.java:674)
12-14 04:18:05.059 I/chatty  ( 1628): uid=1000(system) RenderThread identical 9 lines
12-14 04:18:05.059 E/OpenGLRenderer( 1628): GL error:  GL_INVALID_OPERATION
12-14 04:18:05.059 I/calabash( 4392): newActivity1
12-14 04:18:05.059 E/OpenGLRenderer( 1628): GL error:  GL_INVALID_OPERATION
12-14 04:18:05.063 I/chatty  ( 1628): uid=1000(system) RenderThread identical 15 lines
12-14 04:18:05.063 E/OpenGLRenderer( 1628): GL error:  GL_INVALID_OPERATION
12-14 04:18:05.065 D/EGL_emulation( 1725): eglMakeCurrent: 0x97d56f80: ver 3 0 (tinfo 0x99a269c0)
12-14 04:18:05.067 E/OpenGLRenderer( 1628): GL error:  GL_INVALID_OPERATION
12-14 04:18:05.079 I/chatty  ( 1628): uid=1000(system) RenderThread identical 26 lines
12-14 04:18:05.080 E/OpenGLRenderer( 1628): GL error:  GL_INVALID_OPERATION
12-14 04:18:05.081 D/EGL_emulation( 1725): eglMakeCurrent: 0x97d56f80: ver 3 0 (tinfo 0x99a269c0)
12-14 04:18:05.082 E/OpenGLRenderer( 1628): GL error:  GL_INVALID_OPERATION
12-14 04:18:05.087 I/chatty  ( 1628): uid=1000(system) RenderThread identical 17 lines
12-14 04:18:05.087 E/OpenGLRenderer( 1628): GL error:  GL_INVALID_OPERATION
12-14 04:18:05.088 V/StatusBar( 1725): setLightsOn(true)
12-14 04:18:05.089 E/ContentStoreEUAS( 2190): Failed to commit the deferred actions
12-14 04:18:05.089 E/OpenGLRenderer( 1628): GL error:  GL_INVALID_OPERATION
12-14 04:18:05.092 I/chatty  ( 1628): uid=1000(system) RenderThread identical 8 lines
12-14 04:18:05.093 E/OpenGLRenderer( 1628): GL error:  GL_INVALID_OPERATION
12-14 04:18:05.093 D/EGL_emulation( 1725): eglMakeCurrent: 0x97d56f80: ver 3 0 (tinfo 0x99a269c0)
12-14 04:18:05.093 E/OpenGLRenderer( 1628): GL error:  GL_INVALID_OPERATION
12-14 04:18:05.106 W/ActivityManager( 1628): Bad activity token: android.os.BinderProxy@186a75d
12-14 04:18:05.106 W/ActivityManager( 1628): java.lang.ClassCastException: android.os.BinderProxy cannot be cast to com.android.server.am.ActivityRecord$Token
12-14 04:18:05.106 W/ActivityManager( 1628): 	at com.android.server.am.ActivityRecord.forTokenLocked(ActivityRecord.java:778)
12-14 04:18:05.106 W/ActivityManager( 1628): 	at com.android.server.am.ActivityRecord.isInStackLocked(ActivityRecord.java:2085)
12-14 04:18:05.106 W/ActivityManager( 1628): 	at com.android.server.am.ActivityManagerService.setTaskDescription(ActivityManagerService.java:9988)
12-14 04:18:05.106 W/ActivityManager( 1628): 	at android.app.IActivityManager$Stub.onTransact(IActivityManager.java:2824)
12-14 04:18:05.106 W/ActivityManager( 1628): 	at com.android.server.am.ActivityManagerService.onTransact(ActivityManagerService.java:2935)
12-14 04:18:05.106 W/ActivityManager( 1628): 	at android.os.Binder.execTransact(Binder.java:674)
12-14 04:18:05.109 W/ActivityManager( 1628): Bad activity token: android.os.BinderProxy@186a75d
12-14 04:18:05.109 W/ActivityManager( 1628): java.lang.ClassCastException: android.os.BinderProxy cannot be cast to com.android.server.am.ActivityRecord$Token
12-14 04:18:05.109 W/ActivityManager( 1628): 	at com.android.server.am.ActivityRecord.forTokenLocked(ActivityRecord.java:778)
12-14 04:18:05.109 W/ActivityManager( 1628): 	at com.android.server.am.ActivityRecord.isInStackLocked(ActivityRecord.java:2085)
12-14 04:18:05.109 W/ActivityManager( 1628): 	at com.android.server.am.ActivityRecord.getStackLocked(ActivityRecord.java:2090)
12-14 04:18:05.109 W/ActivityManager( 1628): 	at com.android.server.am.ActivityManagerService.getActivityStackId(ActivityManagerService.java:10417)
12-14 04:18:05.109 W/ActivityManager( 1628): 	at android.app.IActivityManager$Stub.onTransact(IActivityManager.java:3548)
12-14 04:18:05.109 W/ActivityManager( 1628): 	at com.android.server.am.ActivityManagerService.onTransact(ActivityManagerService.java:2935)
12-14 04:18:05.109 W/ActivityManager( 1628): 	at android.os.Binder.execTransact(Binder.java:674)
12-14 04:18:05.118 D/EGL_emulation( 1725): eglMakeCurrent: 0x97d56f80: ver 3 0 (tinfo 0x99a269c0)
12-14 04:18:05.118 I/chatty  ( 1628): uid=1000(system) RenderThread expire 59 lines
12-14 04:18:05.119 E/OpenGLRenderer( 1628): GL error:  GL_INVALID_OPERATION
12-14 04:18:05.119 E/OpenGLRenderer( 1628): GL error:  GL_INVALID_OPERATION
12-14 04:18:05.133 I/chatty  ( 1628): uid=1000(system) RenderThread identical 47 lines
12-14 04:18:05.133 E/OpenGLRenderer( 1628): GL error:  GL_INVALID_OPERATION
12-14 04:18:05.134 D/EGL_emulation( 1725): eglMakeCurrent: 0x97d56f80: ver 3 0 (tinfo 0x99a269c0)
12-14 04:18:05.134 E/OpenGLRenderer( 1628): GL error:  GL_INVALID_OPERATION
12-14 04:18:05.142 I/chatty  ( 1628): uid=1000(system) RenderThread identical 27 lines
12-14 04:18:05.142 E/OpenGLRenderer( 1628): GL error:  GL_INVALID_OPERATION
12-14 04:18:05.142 D/EGL_emulation( 1725): eglMakeCurrent: 0x97d56f80: ver 3 0 (tinfo 0x99a269c0)
12-14 04:18:05.142 E/OpenGLRenderer( 1628): GL error:  GL_INVALID_OPERATION
12-14 04:18:05.167 I/chatty  ( 1628): uid=1000(system) RenderThread identical 71 lines
12-14 04:18:05.168 E/OpenGLRenderer( 1628): GL error:  GL_INVALID_OPERATION
12-14 04:18:05.168 D/EGL_emulation( 1725): eglMakeCurrent: 0x97d56f80: ver 3 0 (tinfo 0x99a269c0)
12-14 04:18:05.168 E/OpenGLRenderer( 1628): GL error:  GL_INVALID_OPERATION
12-14 04:18:05.177 I/chatty  ( 1628): uid=1000(system) RenderThread identical 20 lines
12-14 04:18:05.177 E/OpenGLRenderer( 1628): GL error:  GL_INVALID_OPERATION
12-14 04:18:05.178 D/EGL_emulation( 1725): eglMakeCurrent: 0x97d56f80: ver 3 0 (tinfo 0x99a269c0)
12-14 04:18:05.178 E/OpenGLRenderer( 1628): GL error:  GL_INVALID_OPERATION
12-14 04:18:05.192 I/chatty  ( 1628): uid=1000(system) RenderThread identical 39 lines
12-14 04:18:05.192 E/OpenGLRenderer( 1628): GL error:  GL_INVALID_OPERATION
12-14 04:18:05.192 D/EGL_emulation( 1725): eglMakeCurrent: 0x97d56f80: ver 3 0 (tinfo 0x99a269c0)
12-14 04:18:05.193 E/OpenGLRenderer( 1628): GL error:  GL_INVALID_OPERATION
12-14 04:18:05.204 I/chatty  ( 1628): uid=1000(system) RenderThread identical 26 lines
12-14 04:18:05.204 E/OpenGLRenderer( 1628): GL error:  GL_INVALID_OPERATION
12-14 04:18:05.205 D/FillupsProvider( 4392): Creating database
12-14 04:18:05.205 E/OpenGLRenderer( 1628): GL error:  GL_INVALID_OPERATION
12-14 04:18:05.229 I/chatty  ( 1628): uid=1000(system) RenderThread identical 92 lines
12-14 04:18:05.230 E/OpenGLRenderer( 1628): GL error:  GL_INVALID_OPERATION
12-14 04:18:05.230 D/EGL_emulation( 1725): eglMakeCurrent: 0x97d56f80: ver 3 0 (tinfo 0x99a269c0)
12-14 04:18:05.230 E/OpenGLRenderer( 1628): GL error:  GL_INVALID_OPERATION
12-14 04:18:05.232 I/chatty  ( 1628): uid=1000(system) RenderThread identical 2 lines
12-14 04:18:05.233 E/OpenGLRenderer( 1628): GL error:  GL_INVALID_OPERATION
12-14 04:18:05.234 D/EGL_emulation( 1725): eglMakeCurrent: 0x97d56f80: ver 3 0 (tinfo 0x99a269c0)
12-14 04:18:05.234 E/OpenGLRenderer( 1628): GL error:  GL_INVALID_OPERATION
12-14 04:18:05.261 I/chatty  ( 1628): uid=1000(system) RenderThread identical 91 lines
12-14 04:18:05.261 E/OpenGLRenderer( 1628): GL error:  GL_INVALID_OPERATION
12-14 04:18:05.262 D/EGL_emulation( 1725): eglMakeCurrent: 0x97d56f80: ver 3 0 (tinfo 0x99a269c0)
12-14 04:18:05.262 E/OpenGLRenderer( 1628): GL error:  GL_INVALID_OPERATION
12-14 04:18:05.281 I/chatty  ( 1628): uid=1000(system) RenderThread identical 36 lines
12-14 04:18:05.281 E/OpenGLRenderer( 1628): GL error:  GL_INVALID_OPERATION
12-14 04:18:05.284 I/zygote  ( 4392): Do partial code cache collection, code=30KB, data=21KB
12-14 04:18:05.285 E/OpenGLRenderer( 1628): GL error:  GL_INVALID_OPERATION
12-14 04:18:05.285 E/OpenGLRenderer( 1628): GL error:  GL_INVALID_OPERATION
12-14 04:18:05.286 I/zygote  ( 4392): After code cache collection, code=30KB, data=21KB
12-14 04:18:05.286 I/zygote  ( 4392): Increasing code cache capacity to 128KB
12-14 04:18:05.286 E/OpenGLRenderer( 1628): GL error:  GL_INVALID_OPERATION
12-14 04:18:05.303 I/chatty  ( 1628): uid=1000(system) RenderThread identical 24 lines
12-14 04:18:05.304 E/OpenGLRenderer( 1628): GL error:  GL_INVALID_OPERATION
12-14 04:18:05.304 D/EGL_emulation( 1725): eglMakeCurrent: 0x97d56f80: ver 3 0 (tinfo 0x99a269c0)
12-14 04:18:05.306 E/OpenGLRenderer( 1628): GL error:  GL_INVALID_OPERATION
12-14 04:18:05.344 W/ActivityManager( 1628): Bad activity token: android.os.BinderProxy@186a75d
12-14 04:18:05.344 W/ActivityManager( 1628): java.lang.ClassCastException: android.os.BinderProxy cannot be cast to com.android.server.am.ActivityRecord$Token
12-14 04:18:05.344 W/ActivityManager( 1628): 	at com.android.server.am.ActivityRecord.forTokenLocked(ActivityRecord.java:778)
12-14 04:18:05.344 W/ActivityManager( 1628): 	at com.android.server.am.ActivityRecord.isInStackLocked(ActivityRecord.java:2085)
12-14 04:18:05.344 W/ActivityManager( 1628): 	at com.android.server.am.ActivityManagerService.getActivityOptions(ActivityManagerService.java:13302)
12-14 04:18:05.344 W/ActivityManager( 1628): 	at android.app.IActivityManager$Stub.onTransact(IActivityManager.java:2910)
12-14 04:18:05.344 W/ActivityManager( 1628): 	at com.android.server.am.ActivityManagerService.onTransact(ActivityManagerService.java:2935)
12-14 04:18:05.344 W/ActivityManager( 1628): 	at android.os.Binder.execTransact(Binder.java:674)
12-14 04:18:05.344 W/ActivityManager( 1628): Bad activity token: android.os.BinderProxy@186a75d
12-14 04:18:05.344 W/ActivityManager( 1628): java.lang.ClassCastException: android.os.BinderProxy cannot be cast to com.android.server.am.ActivityRecord$Token
12-14 04:18:05.344 W/ActivityManager( 1628): 	at com.android.server.am.ActivityRecord.forTokenLocked(ActivityRecord.java:778)
12-14 04:18:05.344 W/ActivityManager( 1628): 	at com.android.server.am.ActivityRecord.isInStackLocked(ActivityRecord.java:2085)
12-14 04:18:05.344 W/ActivityManager( 1628): 	at com.android.server.am.ActivityManagerService.getActivityOptions(ActivityManagerService.java:13302)
12-14 04:18:05.344 W/ActivityManager( 1628): 	at android.app.IActivityManager$Stub.onTransact(IActivityManager.java:2910)
12-14 04:18:05.344 W/ActivityManager( 1628): 	at com.android.server.am.ActivityManagerService.onTransact(ActivityManagerService.java:2935)
12-14 04:18:05.344 W/ActivityManager( 1628): 	at android.os.Binder.execTransact(Binder.java:674)
12-14 04:18:05.447 I/chatty  ( 1628): uid=1000(system) RenderThread identical 316 lines
12-14 04:18:05.448 E/OpenGLRenderer( 1628): GL error:  GL_INVALID_OPERATION
12-14 04:18:05.453 V/StatusBar( 1725): setLightsOn(true)
12-14 04:18:05.456 E/OpenGLRenderer( 1628): GL error:  GL_INVALID_OPERATION
12-14 04:18:05.460 I/chatty  ( 1628): uid=1000(system) RenderThread identical 2 lines
12-14 04:18:05.463 E/OpenGLRenderer( 1628): GL error:  GL_INVALID_OPERATION
12-14 04:18:05.476 I/zygote  ( 4392): Do partial code cache collection, code=44KB, data=56KB
12-14 04:18:05.476 E/OpenGLRenderer( 1628): GL error:  GL_INVALID_OPERATION
12-14 04:18:05.476 E/OpenGLRenderer( 1628): GL error:  GL_INVALID_OPERATION
12-14 04:18:05.477 I/zygote  ( 4392): After code cache collection, code=44KB, data=56KB
12-14 04:18:05.477 I/zygote  ( 4392): Increasing code cache capacity to 256KB
12-14 04:18:05.477 E/OpenGLRenderer( 1628): GL error:  GL_INVALID_OPERATION
12-14 04:18:05.477 I/zygote  ( 4392): JIT allocated 71KB for compiled code of void android.widget.TextView.<init>(android.content.Context, android.util.AttributeSet, int, int)
12-14 04:18:05.477 I/zygote  ( 4392): Compiler allocated 4MB to compile void android.widget.TextView.<init>(android.content.Context, android.util.AttributeSet, int, int)
12-14 04:18:05.482 E/OpenGLRenderer( 1628): GL error:  GL_INVALID_OPERATION
12-14 04:18:05.493 I/chatty  ( 1628): uid=1000(system) RenderThread identical 13 lines
12-14 04:18:05.494 E/OpenGLRenderer( 1628): GL error:  GL_INVALID_OPERATION
12-14 04:18:05.494 V/StatusBar( 1725): setLightsOn(true)
12-14 04:18:05.496 V/StatusBar( 1725): setLightsOn(true)
12-14 04:18:05.497 E/OpenGLRenderer( 1628): GL error:  GL_INVALID_OPERATION
12-14 04:18:05.541 I/chatty  ( 1628): uid=1000(system) RenderThread identical 154 lines
12-14 04:18:05.541 E/OpenGLRenderer( 1628): GL error:  GL_INVALID_OPERATION
12-14 04:18:05.541 D/gralloc_ranchu( 1395): gralloc_alloc: Creating ashmem region of size 7753728
12-14 04:18:05.542 E/OpenGLRenderer( 1628): GL error:  GL_INVALID_OPERATION
12-14 04:18:05.559 I/chatty  ( 1628): uid=1000(system) RenderThread identical 48 lines
12-14 04:18:05.560 E/OpenGLRenderer( 1628): GL error:  GL_INVALID_OPERATION
12-14 04:18:05.560 D/        ( 4392): HostConnection::get() New Host Connection established 0x9992fd80, tid 4392
12-14 04:18:05.560 E/OpenGLRenderer( 1628): GL error:  GL_INVALID_OPERATION
12-14 04:18:05.606 I/chatty  ( 1628): uid=1000(system) RenderThread identical 154 lines
12-14 04:18:05.607 E/OpenGLRenderer( 1628): GL error:  GL_INVALID_OPERATION
12-14 04:18:05.607 I/zygote  ( 4392): Do full code cache collection, code=123KB, data=69KB
12-14 04:18:05.607 E/OpenGLRenderer( 1628): GL error:  GL_INVALID_OPERATION
12-14 04:18:05.608 I/chatty  ( 1628): uid=1000(system) RenderThread identical 7 lines
12-14 04:18:05.609 E/OpenGLRenderer( 1628): GL error:  GL_INVALID_OPERATION
12-14 04:18:05.609 I/zygote  ( 4392): After code cache collection, code=90KB, data=38KB
12-14 04:18:05.609 E/OpenGLRenderer( 1628): GL error:  GL_INVALID_OPERATION
12-14 04:18:05.626 I/chatty  ( 1628): uid=1000(system) RenderThread identical 59 lines
12-14 04:18:05.626 E/OpenGLRenderer( 1628): GL error:  GL_INVALID_OPERATION
12-14 04:18:05.626 V/StatusBar( 1725): setLightsOn(true)
12-14 04:18:05.627 E/OpenGLRenderer( 1628): GL error:  GL_INVALID_OPERATION
12-14 04:18:05.627 E/OpenGLRenderer( 1628): GL error:  GL_INVALID_OPERATION
12-14 04:18:05.627 V/StatusBar( 1725): setLightsOn(true)
12-14 04:18:05.627 E/OpenGLRenderer( 1628): GL error:  GL_INVALID_OPERATION
12-14 04:18:05.628 I/chatty  ( 1628): uid=1000(system) RenderThread identical 1 line
12-14 04:18:05.628 E/OpenGLRenderer( 1628): GL error:  GL_INVALID_OPERATION
12-14 04:18:05.629 I/ActivityManager( 1628): Displayed com.evancharlton.mileage/.Mileage: +654ms
12-14 04:18:05.629 E/OpenGLRenderer( 1628): GL error:  GL_INVALID_OPERATION
