12-14 04:17:57.425 I/chatty  ( 1628): uid=1000(system) RenderThread identical 77 lines
12-14 04:17:57.427 E/OpenGLRenderer( 1628): GL error:  GL_INVALID_OPERATION
12-14 04:17:57.427 D/EGL_emulation( 1725): eglMakeCurrent: 0x97d56f80: ver 3 0 (tinfo 0x99a269c0)
12-14 04:17:57.427 E/OpenGLRenderer( 1628): GL error:  GL_INVALID_OPERATION
12-14 04:17:57.442 I/chatty  ( 1628): uid=1000(system) RenderThread identical 44 lines
12-14 04:17:57.443 E/OpenGLRenderer( 1628): GL error:  GL_INVALID_OPERATION
12-14 04:17:57.443 D/EGL_emulation( 1725): eglMakeCurrent: 0x97d56f80: ver 3 0 (tinfo 0x99a269c0)
12-14 04:17:57.444 E/OpenGLRenderer( 1628): GL error:  GL_INVALID_OPERATION
12-14 04:17:57.450 I/chatty  ( 1628): uid=1000(system) RenderThread identical 4 lines
12-14 04:17:57.450 E/OpenGLRenderer( 1628): GL error:  GL_INVALID_OPERATION
12-14 04:17:57.450 D/EGL_emulation( 1725): eglMakeCurrent: 0x97d56f80: ver 3 0 (tinfo 0x99a269c0)
12-14 04:17:57.451 E/OpenGLRenderer( 1628): GL error:  GL_INVALID_OPERATION
12-14 04:17:57.454 W/ActivityManager( 1628): Bad activity token: android.os.BinderProxy@d282e0a
12-14 04:17:57.454 W/ActivityManager( 1628): java.lang.ClassCastException: android.os.BinderProxy cannot be cast to com.android.server.am.ActivityRecord$Token
12-14 04:17:57.454 W/ActivityManager( 1628): 	at com.android.server.am.ActivityRecord.forTokenLocked(ActivityRecord.java:778)
12-14 04:17:57.454 W/ActivityManager( 1628): 	at com.android.server.am.ActivityRecord.isInStackLocked(ActivityRecord.java:2085)
12-14 04:17:57.454 W/ActivityManager( 1628): 	at com.android.server.am.ActivityManagerService.getActivityOptions(ActivityManagerService.java:13302)
12-14 04:17:57.454 W/ActivityManager( 1628): 	at android.app.IActivityManager$Stub.onTransact(IActivityManager.java:2910)
12-14 04:17:57.454 W/ActivityManager( 1628): 	at com.android.server.am.ActivityManagerService.onTransact(ActivityManagerService.java:2935)
12-14 04:17:57.454 W/ActivityManager( 1628): 	at android.os.Binder.execTransact(Binder.java:674)
12-14 04:17:57.455 W/ActivityManager( 1628): Bad activity token: android.os.BinderProxy@d282e0a
12-14 04:17:57.455 W/ActivityManager( 1628): java.lang.ClassCastException: android.os.BinderProxy cannot be cast to com.android.server.am.ActivityRecord$Token
12-14 04:17:57.455 W/ActivityManager( 1628): 	at com.android.server.am.ActivityRecord.forTokenLocked(ActivityRecord.java:778)
12-14 04:17:57.455 W/ActivityManager( 1628): 	at com.android.server.am.ActivityRecord.isInStackLocked(ActivityRecord.java:2085)
12-14 04:17:57.455 W/ActivityManager( 1628): 	at com.android.server.am.ActivityManagerService.getActivityOptions(ActivityManagerService.java:13302)
12-14 04:17:57.455 W/ActivityManager( 1628): 	at android.app.IActivityManager$Stub.onTransact(IActivityManager.java:2910)
12-14 04:17:57.455 W/ActivityManager( 1628): 	at com.android.server.am.ActivityManagerService.onTransact(ActivityManagerService.java:2935)
12-14 04:17:57.455 W/ActivityManager( 1628): 	at android.os.Binder.execTransact(Binder.java:674)
12-14 04:17:57.457 I/chatty  ( 1628): uid=1000(system) RenderThread identical 16 lines
12-14 04:17:57.457 E/OpenGLRenderer( 1628): GL error:  GL_INVALID_OPERATION
12-14 04:17:57.457 D/EGL_emulation( 1725): eglMakeCurrent: 0x97d56f80: ver 3 0 (tinfo 0x99a269c0)
12-14 04:17:57.457 E/OpenGLRenderer( 1628): GL error:  GL_INVALID_OPERATION
12-14 04:17:57.474 I/chatty  ( 1628): uid=1000(system) RenderThread identical 60 lines
12-14 04:17:57.475 E/OpenGLRenderer( 1628): GL error:  GL_INVALID_OPERATION
12-14 04:17:57.475 D/EGL_emulation( 1725): eglMakeCurrent: 0x97d56f80: ver 3 0 (tinfo 0x99a269c0)
12-14 04:17:57.477 E/OpenGLRenderer( 1628): GL error:  GL_INVALID_OPERATION
12-14 04:17:57.482 I/chatty  ( 1628): uid=1000(system) RenderThread identical 15 lines
12-14 04:17:57.483 E/OpenGLRenderer( 1628): GL error:  GL_INVALID_OPERATION
12-14 04:17:57.483 D/EGL_emulation( 1725): eglMakeCurrent: 0x97d56f80: ver 3 0 (tinfo 0x99a269c0)
12-14 04:17:57.484 E/OpenGLRenderer( 1628): GL error:  GL_INVALID_OPERATION
12-14 04:17:57.489 I/chatty  ( 1628): uid=1000(system) RenderThread identical 15 lines
12-14 04:17:57.489 E/OpenGLRenderer( 1628): GL error:  GL_INVALID_OPERATION
12-14 04:17:57.490 D/EGL_emulation( 1725): eglMakeCurrent: 0x97d56f80: ver 3 0 (tinfo 0x99a269c0)
12-14 04:17:57.490 E/OpenGLRenderer( 1628): GL error:  GL_INVALID_OPERATION
12-14 04:17:57.503 I/chatty  ( 1628): uid=1000(system) RenderThread identical 29 lines
12-14 04:17:57.503 E/OpenGLRenderer( 1628): GL error:  GL_INVALID_OPERATION
12-14 04:17:57.503 D/EGL_emulation( 1725): eglMakeCurrent: 0x97d56f80: ver 3 0 (tinfo 0x99a269c0)
12-14 04:17:57.504 E/OpenGLRenderer( 1628): GL error:  GL_INVALID_OPERATION
12-14 04:17:57.605 I/chatty  ( 1628): uid=1000(system) RenderThread identical 219 lines
12-14 04:17:57.606 E/OpenGLRenderer( 1628): GL error:  GL_INVALID_OPERATION
12-14 04:17:57.606 V/StatusBar( 1725): setLightsOn(true)
12-14 04:17:57.606 E/OpenGLRenderer( 1628): GL error:  GL_INVALID_OPERATION
12-14 04:17:57.699 I/chatty  ( 1628): uid=1000(system) RenderThread identical 246 lines
12-14 04:17:57.700 E/OpenGLRenderer( 1628): GL error:  GL_INVALID_OPERATION
12-14 04:17:57.701 V/StatusBar( 1725): setLightsOn(true)
12-14 04:17:57.702 E/OpenGLRenderer( 1628): GL error:  GL_INVALID_OPERATION
12-14 04:17:57.722 I/chatty  ( 1628): uid=1000(system) RenderThread identical 60 lines
12-14 04:17:57.722 E/OpenGLRenderer( 1628): GL error:  GL_INVALID_OPERATION
12-14 04:17:57.723 V/StatusBar( 1725): setLightsOn(true)
12-14 04:17:57.723 E/OpenGLRenderer( 1628): GL error:  GL_INVALID_OPERATION
12-14 04:17:57.724 I/chatty  ( 1628): uid=1000(system) RenderThread identical 4 lines
12-14 04:17:57.725 E/OpenGLRenderer( 1628): GL error:  GL_INVALID_OPERATION
12-14 04:17:57.725 V/StatusBar( 1725): setLightsOn(true)
12-14 04:17:57.725 E/OpenGLRenderer( 1628): GL error:  GL_INVALID_OPERATION
12-14 04:17:57.755 I/chatty  ( 1628): uid=1000(system) RenderThread identical 80 lines
12-14 04:17:57.755 E/OpenGLRenderer( 1628): GL error:  GL_INVALID_OPERATION
12-14 04:17:57.755 I/zygote  ( 4247): Do partial code cache collection, code=25KB, data=30KB
12-14 04:17:57.756 E/OpenGLRenderer( 1628): GL error:  GL_INVALID_OPERATION
12-14 04:17:57.757 I/chatty  ( 1628): uid=1000(system) RenderThread identical 1 line
12-14 04:17:57.757 E/OpenGLRenderer( 1628): GL error:  GL_INVALID_OPERATION
12-14 04:17:57.757 I/zygote  ( 4247): After code cache collection, code=25KB, data=30KB
12-14 04:17:57.757 E/OpenGLRenderer( 1628): GL error:  GL_INVALID_OPERATION
12-14 04:17:57.757 I/zygote  ( 4247): Increasing code cache capacity to 128KB
12-14 04:17:57.757 E/OpenGLRenderer( 1628): GL error:  GL_INVALID_OPERATION
12-14 04:17:57.761 I/chatty  ( 1628): uid=1000(system) RenderThread identical 14 lines
12-14 04:17:57.761 E/OpenGLRenderer( 1628): GL error:  GL_INVALID_OPERATION
12-14 04:17:57.762 I/zygote  ( 4247): Do partial code cache collection, code=25KB, data=48KB
12-14 04:17:57.762 E/OpenGLRenderer( 1628): GL error:  GL_INVALID_OPERATION
12-14 04:17:57.765 I/chatty  ( 1628): uid=1000(system) RenderThread identical 7 lines
12-14 04:17:57.765 E/OpenGLRenderer( 1628): GL error:  GL_INVALID_OPERATION
12-14 04:17:57.765 I/zygote  ( 4247): After code cache collection, code=25KB, data=48KB
12-14 04:17:57.765 I/zygote  ( 4247): Increasing code cache capacity to 256KB
12-14 04:17:57.766 E/OpenGLRenderer( 1628): GL error:  GL_INVALID_OPERATION
12-14 04:17:57.766 E/OpenGLRenderer( 1628): GL error:  GL_INVALID_OPERATION
12-14 04:17:57.766 I/zygote  ( 4247): JIT allocated 71KB for compiled code of void android.widget.TextView.<init>(android.content.Context, android.util.AttributeSet, int, int)
12-14 04:17:57.766 I/zygote  ( 4247): Compiler allocated 4MB to compile void android.widget.TextView.<init>(android.content.Context, android.util.AttributeSet, int, int)
12-14 04:17:57.766 E/OpenGLRenderer( 1628): GL error:  GL_INVALID_OPERATION
12-14 04:17:57.814 I/chatty  ( 1628): uid=1000(system) RenderThread identical 90 lines
12-14 04:17:57.815 E/OpenGLRenderer( 1628): GL error:  GL_INVALID_OPERATION
12-14 04:17:57.815 D/gralloc_ranchu( 1395): gralloc_alloc: Creating ashmem region of size 7753728
12-14 04:17:57.815 E/OpenGLRenderer( 1628): GL error:  GL_INVALID_OPERATION
12-14 04:17:57.834 I/chatty  ( 1628): uid=1000(system) RenderThread identical 51 lines
12-14 04:17:57.834 D/        ( 4247): HostConnection::get() New Host Connection established 0x9992fe80, tid 4247
12-14 04:17:57.834 E/OpenGLRenderer( 1628): GL error:  GL_INVALID_OPERATION
12-14 04:17:57.834 E/OpenGLRenderer( 1628): GL error:  GL_INVALID_OPERATION
12-14 04:17:57.883 I/chatty  ( 1628): uid=1000(system) RenderThread identical 176 lines
12-14 04:17:57.884 E/OpenGLRenderer( 1628): GL error:  GL_INVALID_OPERATION
12-14 04:17:57.884 V/StatusBar( 1725): setLightsOn(true)
12-14 04:17:57.885 E/OpenGLRenderer( 1628): GL error:  GL_INVALID_OPERATION
12-14 04:17:57.892 I/chatty  ( 1628): uid=1000(system) RenderThread identical 30 lines
12-14 04:17:57.892 E/OpenGLRenderer( 1628): GL error:  GL_INVALID_OPERATION
12-14 04:17:57.894 V/StatusBar( 1725): setLightsOn(true)
12-14 04:17:57.894 E/OpenGLRenderer( 1628): GL error:  GL_INVALID_OPERATION
12-14 04:17:57.895 E/OpenGLRenderer( 1628): GL error:  GL_INVALID_OPERATION
12-14 04:17:57.896 I/ActivityManager( 1628): Displayed com.evancharlton.mileage/.Mileage: +705ms
12-14 04:17:57.897 E/OpenGLRenderer( 1628): GL error:  GL_INVALID_OPERATION
12-14 04:17:57.902 I/chatty  ( 1628): uid=1000(system) RenderThread identical 20 lines
12-14 04:17:57.902 E/OpenGLRenderer( 1628): GL error:  GL_INVALID_OPERATION
12-14 04:17:57.902 V/StatusBar( 1725): setLightsOn(true)
12-14 04:17:57.902 E/OpenGLRenderer( 1628): GL error:  GL_INVALID_OPERATION
12-14 04:17:57.925 I/chatty  ( 1628): uid=1000(system) RenderThread identical 86 lines
12-14 04:17:57.925 E/OpenGLRenderer( 1628): GL error:  GL_INVALID_OPERATION
12-14 04:17:57.925 D/gralloc_ranchu( 1395): gralloc_alloc: Creating ashmem region of size 7753728
12-14 04:17:57.926 E/OpenGLRenderer( 1628): GL error:  GL_INVALID_OPERATION
12-14 04:17:57.991 I/chatty  ( 1628): uid=1000(system) RenderThread identical 226 lines
12-14 04:17:57.991 E/OpenGLRenderer( 1628): GL error:  GL_INVALID_OPERATION
12-14 04:17:58.001 E/memtrack( 1628): Couldn't load memtrack module
12-14 04:17:58.001 W/android.os.Debug( 1628): failed to get memory consumption info: -1
12-14 04:17:58.006 E/OpenGLRenderer( 1628): GL error:  GL_INVALID_OPERATION
12-14 04:17:58.013 I/chatty  ( 1628): uid=1000(system) RenderThread identical 10 lines
12-14 04:17:58.013 E/OpenGLRenderer( 1628): GL error:  GL_INVALID_OPERATION
12-14 04:17:58.014 V/StatusBar( 1725): setLightsOn(true)
12-14 04:17:58.014 E/OpenGLRenderer( 1628): GL error:  GL_INVALID_OPERATION
12-14 04:17:58.018 I/chatty  ( 1628): uid=1000(system) RenderThread identical 11 lines
12-14 04:17:58.019 E/OpenGLRenderer( 1628): GL error:  GL_INVALID_OPERATION
12-14 04:17:58.019 V/StatusBar( 1725): setLightsOn(true)
12-14 04:17:58.019 E/OpenGLRenderer( 1628): GL error:  GL_INVALID_OPERATION
12-14 04:17:58.038 I/chatty  ( 1628): uid=1000(system) RenderThread identical 59 lines
12-14 04:17:58.041 E/OpenGLRenderer( 1628): GL error:  GL_INVALID_OPERATION
12-14 04:17:58.042 W/SurfaceFlinger( 1410): couldn't log to binary event log: overflow.
12-14 04:17:58.046 V/StatusBar( 1725): setLightsOn(true)
12-14 04:17:58.047 E/OpenGLRenderer( 1628): GL error:  GL_INVALID_OPERATION
12-14 04:17:58.083 I/chatty  ( 1628): uid=1000(system) RenderThread identical 122 lines
12-14 04:17:58.083 E/OpenGLRenderer( 1628): GL error:  GL_INVALID_OPERATION
12-14 04:17:58.083 V/StatusBar( 1725): setLightsOn(true)
12-14 04:17:58.083 E/OpenGLRenderer( 1628): GL error:  GL_INVALID_OPERATION
12-14 04:17:58.097 I/chatty  ( 1628): uid=1000(system) RenderThread identical 30 lines
12-14 04:17:58.097 E/OpenGLRenderer( 1628): GL error:  GL_INVALID_OPERATION
12-14 04:17:58.099 V/StatusBar( 1725): setLightsOn(true)
12-14 04:17:58.099 E/OpenGLRenderer( 1628): GL error:  GL_INVALID_OPERATION
12-14 04:17:58.112 I/chatty  ( 1628): uid=1000(system) RenderThread identical 39 lines
12-14 04:17:58.113 E/OpenGLRenderer( 1628): GL error:  GL_INVALID_OPERATION
12-14 04:17:58.113 I/PBSessionCacheImpl( 2190): Deleted sessionId[12797902047605] from persistence.
12-14 04:17:58.113 E/OpenGLRenderer( 1628): GL error:  GL_INVALID_OPERATION
12-14 04:17:58.171 I/chatty  ( 1628): uid=1000(system) RenderThread identical 183 lines
12-14 04:17:58.171 E/OpenGLRenderer( 1628): GL error:  GL_INVALID_OPERATION
12-14 04:17:58.171 W/SearchService( 2190): Abort, client detached.
12-14 04:17:58.171 E/OpenGLRenderer( 1628): GL error:  GL_INVALID_OPERATION
