--------- beginning of main
12-14 03:52:27.075 V/StatusBar( 1731): setLightsOn(true)
12-14 03:52:27.084 D/gralloc_ranchu( 1395): gralloc_alloc: Creating ashmem region of size 8298496
12-14 03:52:27.155 D/SurfaceFlinger( 1404): duplicate layer name: changing com.google.android.apps.nexuslauncher/com.google.android.apps.nexuslauncher.NexusLauncherActivity to com.google.android.apps.nexuslauncher/com.google.android.apps.nexuslauncher.NexusLauncherActivity#1
12-14 03:52:27.156 D/gralloc_ranchu( 1395): gralloc_alloc: Creating ashmem region of size 8298496
12-14 03:52:27.231 D/gralloc_ranchu( 1395): gralloc_alloc: Creating ashmem region of size 8298496
12-14 03:52:27.244 D/EGL_emulation( 1731): eglMakeCurrent: 0x9bbb3f80: ver 3 0 (tinfo 0x9bca59f0)
12-14 03:52:27.326 D/gralloc_ranchu( 1395): gralloc_alloc: Creating ashmem region of size 8298496
12-14 03:52:27.396 D/gralloc_ranchu( 1395): gralloc_alloc: Creating ashmem region of size 8298496
12-14 03:52:27.416 D/EGL_emulation( 2221): eglMakeCurrent: 0x9bdc7f20: ver 3 0 (tinfo 0x9bf7f5b0)
12-14 03:52:27.446 E/memtrack( 1628): Couldn't load memtrack module
12-14 03:52:27.446 W/android.os.Debug( 1628): failed to get memory consumption info: -1
12-14 03:52:27.454 D/EGL_emulation( 2182): eglMakeCurrent: 0x9bdc7500: ver 3 0 (tinfo 0x9bf7fb90)
12-14 03:52:27.480 D/gralloc_ranchu( 1395): gralloc_alloc: Creating ashmem region of size 7753728
12-14 03:52:27.511 D/EGL_emulation( 1731): eglMakeCurrent: 0x9bbb3f80: ver 3 0 (tinfo 0x9bca59f0)
12-14 03:52:27.717 I/chatty  ( 1731): uid=10028(u0_a28) RenderThread identical 23 lines
12-14 03:52:27.739 D/EGL_emulation( 1731): eglMakeCurrent: 0x9bbb3f80: ver 3 0 (tinfo 0x9bca59f0)
12-14 03:52:27.818 D/AndroidRuntime( 4151): >>>>>> START com.android.internal.os.RuntimeInit uid 2000 <<<<<<
12-14 03:52:27.874 W/app_process( 4151): Unexpected CPU variant for X86 using defaults: x86
12-14 03:52:27.901 D/AndroidRuntime( 4151): Calling main entry com.android.commands.am.Am
--------- beginning of system
12-14 03:52:27.903 I/ActivityManager( 1628): Force stopping com.evancharlton.mileage appid=10436 user=0: start instr
12-14 03:52:27.903 I/ActivityManager( 1628): Killing 4101:com.evancharlton.mileage/u0a436 (adj 0): stop com.evancharlton.mileage
12-14 03:52:27.910 W/ActivityManager( 1628): Crash of app com.evancharlton.mileage running instrumentation ComponentInfo{com.evancharlton.mileage.test/sh.calaba.instrumentationbackend.CalabashInstrumentationTestRunner}
12-14 03:52:27.910 I/ActivityManager( 1628): Force stopping com.evancharlton.mileage appid=10436 user=0: finished inst
12-14 03:52:27.920 I/zygote  ( 4161): Not late-enabling -Xcheck:jni (already on)
12-14 03:52:27.926 I/ActivityManager( 1628): Start proc 4161:com.evancharlton.mileage/u0a436 for added application com.evancharlton.mileage
12-14 03:52:27.929 D/AndroidRuntime( 4151): Shutting down VM
12-14 03:52:27.940 W/OpenGLRenderer( 2182): Incorrectly called buildLayer on View: ShortcutAndWidgetContainer, destroying layer...
12-14 03:52:27.955 W/ActivityManager( 1628): setHasOverlayUi called on unknown pid: 4101
12-14 03:52:27.960 W/zygote  ( 4161): Unexpected CPU variant for X86 using defaults: x86
12-14 03:52:27.988 I/OpenGLRenderer( 1628): Initialized EGL, version 1.4
12-14 03:52:27.988 D/OpenGLRenderer( 1628): Swap behavior 1
12-14 03:52:27.991 W/OpenGLRenderer( 1628): Failed to choose config with EGL_SWAP_BEHAVIOR_PRESERVED, retrying without...
12-14 03:52:27.991 D/OpenGLRenderer( 1628): Swap behavior 0
12-14 03:52:28.013 W/zygote  ( 4161): Found duplicate classes, falling back to extracting from APK : /data/app/com.evancharlton.mileage.test-PgXcWLCVyDAOv_NT8o6-ow==/base.apk
12-14 03:52:28.013 W/zygote  ( 4161): NOTE: This wastes RAM and hurts startup performance.
12-14 03:52:28.013 W/zygote  ( 4161): Found duplicated class when checking oat files: 'Ljunit/runner/BaseTestRunner;' in /data/app/com.evancharlton.mileage.test-PgXcWLCVyDAOv_NT8o6-ow==/base.apk and /system/framework/android.test.runner.jar
12-14 03:52:28.013 W/zygote  ( 4161): 
12-14 03:52:28.014 E/adbd    ( 1375): failed to connect to socket 'tcp:7102': Connection refused
12-14 03:52:28.052 D/EGL_emulation( 1628): eglCreateContext: 0x8117f0a0: maj 3 min 0 rcv 3
12-14 03:52:28.057 D/EGL_emulation( 1628): eglMakeCurrent: 0x8117f0a0: ver 3 0 (tinfo 0x81592bd0)
12-14 03:52:28.058 E/adbd    ( 1375): failed to connect to socket 'tcp:7102': Connection refused
12-14 03:52:28.059 E/eglCodecCommon( 1628): glUtilsParamSize: unknow param 0x00008cdf
12-14 03:52:28.059 E/eglCodecCommon( 1628): glUtilsParamSize: unknow param 0x00008cdf
12-14 03:52:28.060 E/eglCodecCommon( 1628): glUtilsParamSize: unknow param 0x00008824
12-14 03:52:28.061 E/eglCodecCommon( 1628): glUtilsParamSize: unknow param 0x00008824
12-14 03:52:28.068 W/System  ( 4161): ClassLoader referenced unknown path: 
12-14 03:52:28.090 I/System.out( 4161): Main activity name automatically set to: com.evancharlton.mileage.Mileage
12-14 03:52:28.092 I/System.out( 4161): Calabash did not load Mono. This is only a problem if you are trying to test a Mono application
12-14 03:52:28.093 I/calabash( 4161): Test server port: 7102
12-14 03:52:28.096 I/InstrumentationBackend( 4161): Added:'GetPreferences', with key:'get_preferences'
12-14 03:52:28.183 I/InstrumentationBackend( 4161): Added:'SetPreferences', with key:'set_preferences'
12-14 03:52:28.183 I/InstrumentationBackend( 4161): Added:'ClearPreferences', with key:'clear_preferences'
12-14 03:52:28.184 I/InstrumentationBackend( 4161): Added:'PressElement', with key:'press_l10n_element'
12-14 03:52:28.184 I/InstrumentationBackend( 4161): Added:'WaitForElement', with key:'wait_for_l10n_element'
12-14 03:52:28.186 E/adbd    ( 1375): failed to connect to socket 'tcp:7102': Connection refused
12-14 03:52:28.186 I/InstrumentationBackend( 4161): Added:'NullAction', with key:'nullAction'
12-14 03:52:28.187 I/InstrumentationBackend( 4161): Added:'PressKey', with key:'press_key'
12-14 03:52:28.188 I/InstrumentationBackend( 4161): Added:'SetActivityOrientation', with key:'set_activity_orientation'
12-14 03:52:28.188 I/InstrumentationBackend( 4161): Added:'GetActivityOrientation', with key:'get_activity_orientation'
12-14 03:52:28.188 E/adbd    ( 1375): failed to connect to socket 'tcp:7102': Connection refused
12-14 03:52:28.189 I/InstrumentationBackend( 4161): Added:'FakeGPSLocation', with key:'set_gps_coordinates'
12-14 03:52:28.189 I/InstrumentationBackend( 4161): Added:'SetPropertyByCssSelector', with key:'set_property_by_css_selector'
12-14 03:52:28.191 I/InstrumentationBackend( 4161): Added:'GetUrl', with key:'get_url'
12-14 03:52:28.193 I/InstrumentationBackend( 4161): Added:'ScrollTo', with key:'scroll_to'
12-14 03:52:28.193 I/InstrumentationBackend( 4161): Added:'GetLoadProgress', with key:'get_load_progress'
12-14 03:52:28.193 I/InstrumentationBackend( 4161): Added:'DumpHtml', with key:'dump_html'
12-14 03:52:28.194 I/InstrumentationBackend( 4161): Added:'DumpBodyHtml', with key:'dump_body_html'
12-14 03:52:28.194 I/InstrumentationBackend( 4161): Added:'EnterTextByCssSelector', with key:'enter_text_by_selector'
12-14 03:52:28.199 I/InstrumentationBackend( 4161): Added:'AndroidSDKVersion', with key:'android_sdk_version'
12-14 03:52:28.199 I/InstrumentationBackend( 4161): Added:'Version', with key:'version'
12-14 03:52:28.200 I/InstrumentationBackend( 4161): Added:'Drag', with key:'drag'
12-14 03:52:28.200 I/InstrumentationBackend( 4161): Added:'TouchCoordinates', with key:'touch_coordinate'
12-14 03:52:28.200 I/InstrumentationBackend( 4161): Added:'LongPressCoordinate', with key:'long_press_coordinate'
12-14 03:52:28.200 I/InstrumentationBackend( 4161): Added:'DragCoordinates', with key:'drag_coordinates'
12-14 03:52:28.201 I/InstrumentationBackend( 4161): Added:'ResumeApplication', with key:'resume_application'
12-14 03:52:28.201 I/InstrumentationBackend( 4161): Added:'Swipe', with key:'swipe'
12-14 03:52:28.202 I/InstrumentationBackend( 4161): Added:'DoubleTapCoordinate', with key:'double_tap_coordinate'
12-14 03:52:28.202 I/InstrumentationBackend( 4161): Added:'ClickOnScreen', with key:'click_on_screen'
12-14 03:52:28.203 I/InstrumentationBackend( 4161): Added:'GetActivityName', with key:'get_activity_name'
12-14 03:52:28.203 I/InstrumentationBackend( 4161): Added:'ScrollToView', with key:'scroll_to_view'
12-14 03:52:28.203 I/InstrumentationBackend( 4161): Added:'ViewConfiguration', with key:'view_configuration'
12-14 03:52:28.204 I/InstrumentationBackend( 4161): Added:'IsCurrentActivityFocused', with key:'is_current_activity_focused'
12-14 03:52:28.204 I/InstrumentationBackend( 4161): Added:'SendTcp', with key:'send_tcp'
12-14 03:52:28.204 I/InstrumentationBackend( 4161): Added:'DpToDevicePixel', with key:'dp_to_device_pixel'
12-14 03:52:28.205 I/InstrumentationBackend( 4161): Added:'KeyboardEnterText', with key:'keyboard_enter_text'
12-14 03:52:28.206 I/InstrumentationBackend( 4161): Added:'DeleteSurroundingText', with key:'delete_surrounding_text'
12-14 03:52:28.206 I/InstrumentationBackend( 4161): Added:'SetComposingRegion', with key:'set_composing_region'
12-14 03:52:28.206 I/InstrumentationBackend( 4161): Added:'SetSelection', with key:'set_selection'
12-14 03:52:28.207 I/InstrumentationBackend( 4161): Added:'KeyboardKeyEvent', with key:'keyboard_key_event'
12-14 03:52:28.207 I/InstrumentationBackend( 4161): Added:'PressUserActionButton', with key:'press_user_action_button'
12-14 03:52:28.208 I/InstrumentationBackend( 4161): Added:'HideSoftKeyboard', with key:'hide_soft_keyboard'
12-14 03:52:28.209 I/InstrumentationBackend( 4161): Added:'ListActions', with key:'list_actions'
12-14 03:52:28.209 I/calabash( 4161): Instantiating http server at 7102
12-14 03:52:28.210 I/System.out( 4161): HTTP Daemon listening on: 7102
12-14 03:52:28.311 I/System.out( 4161): URI: //ping
12-14 03:52:28.311 I/System.out( 4161): params: {json={}
12-14 03:52:28.311 I/System.out( 4161): }
12-14 03:52:28.341 I/System.out( 4161): URI: //ping
12-14 03:52:28.341 I/System.out( 4161): params: {json={}
12-14 03:52:28.341 I/System.out( 4161): }
12-14 03:52:28.357 I/System.out( 4161): URI: //ready
12-14 03:52:28.357 I/System.out( 4161): params: {json={}
12-14 03:52:28.357 I/System.out( 4161): }
12-14 03:52:28.367 I/System.out( 4161): URI: //
12-14 03:52:28.367 I/System.out( 4161): params: {json={"command":"version","arguments":[]}
12-14 03:52:28.367 I/System.out( 4161): }
12-14 03:52:28.367 I/System.out( 4161): header: {content-type=application/json;charset=utf-8, date=Mon, 14 Dec 2020 08:52:29 GMT, accept=*/*, host=127.0.0.1:34777, content-length=36, user-agent=HTTPClient/1.0 (2.8.3, ruby 2.5.8 (2020-03-31))}
12-14 03:52:28.367 I/System.out( 4161): params: {json={"command":"version","arguments":[]}
12-14 03:52:28.367 I/System.out( 4161): }
12-14 03:52:28.367 I/System.out( 4161): ProP json = {"command":"version","arguments":[]}
12-14 03:52:28.367 I/System.out( 4161): files: {}
12-14 03:52:28.367 I/System.out( 4161): command: {"command":"version","arguments":[]}
12-14 03:52:28.398 I/InstrumentationBackend( 4161): Got command:'Command:'Line:null,version', arguments:'[]'
12-14 03:52:28.433 I/System.out( 4161): result:{"bonusInformation":[],"message":"0.9.8","success":true}
12-14 03:52:28.440 I/System.out( 4161): URI: //start-application
12-14 03:52:28.440 I/System.out( 4161): params: {json={"intent":null}
12-14 03:52:28.440 I/System.out( 4161): }
12-14 03:52:28.476 I/ActivityManager( 1628): START u0 {act=android.intent.action.MAIN cat=[android.intent.category.LAUNCHER] flg=0x10200000 cmp=com.evancharlton.mileage/.Mileage} from uid 10436
12-14 03:52:28.499 I/calabash( 4161): newActivity1
12-14 03:52:28.519 D/gralloc_ranchu( 1395): gralloc_alloc: Creating ashmem region of size 7753728
12-14 03:52:28.534 W/ActivityManager( 1628): Bad activity token: android.os.BinderProxy@a44ea9b
12-14 03:52:28.534 W/ActivityManager( 1628): java.lang.ClassCastException: android.os.BinderProxy cannot be cast to com.android.server.am.ActivityRecord$Token
12-14 03:52:28.534 W/ActivityManager( 1628): 	at com.android.server.am.ActivityRecord.forTokenLocked(ActivityRecord.java:778)
12-14 03:52:28.534 W/ActivityManager( 1628): 	at com.android.server.am.ActivityRecord.isInStackLocked(ActivityRecord.java:2085)
12-14 03:52:28.534 W/ActivityManager( 1628): 	at com.android.server.am.ActivityRecord.getStackLocked(ActivityRecord.java:2090)
12-14 03:52:28.534 W/ActivityManager( 1628): 	at com.android.server.am.ActivityManagerService.getActivityDisplayId(ActivityManagerService.java:10406)
12-14 03:52:28.534 W/ActivityManager( 1628): 	at android.app.IActivityManager$Stub.onTransact(IActivityManager.java:2738)
12-14 03:52:28.534 W/ActivityManager( 1628): 	at com.android.server.am.ActivityManagerService.onTransact(ActivityManagerService.java:2935)
12-14 03:52:28.534 W/ActivityManager( 1628): 	at android.os.Binder.execTransact(Binder.java:674)
12-14 03:52:28.535 I/calabash( 4161): newActivity1
12-14 03:52:28.539 W/ActivityManager( 1628): Bad activity token: android.os.BinderProxy@a44ea9b
12-14 03:52:28.539 W/ActivityManager( 1628): java.lang.ClassCastException: android.os.BinderProxy cannot be cast to com.android.server.am.ActivityRecord$Token
12-14 03:52:28.539 W/ActivityManager( 1628): 	at com.android.server.am.ActivityRecord.forTokenLocked(ActivityRecord.java:778)
12-14 03:52:28.539 W/ActivityManager( 1628): 	at com.android.server.am.ActivityRecord.isInStackLocked(ActivityRecord.java:2085)
12-14 03:52:28.539 W/ActivityManager( 1628): 	at com.android.server.am.ActivityManagerService.setTaskDescription(ActivityManagerService.java:9988)
12-14 03:52:28.539 W/ActivityManager( 1628): 	at android.app.IActivityManager$Stub.onTransact(IActivityManager.java:2824)
12-14 03:52:28.539 W/ActivityManager( 1628): 	at com.android.server.am.ActivityManagerService.onTransact(ActivityManagerService.java:2935)
12-14 03:52:28.539 W/ActivityManager( 1628): 	at android.os.Binder.execTransact(Binder.java:674)
12-14 03:52:28.539 W/ActivityManager( 1628): Bad activity token: android.os.BinderProxy@a44ea9b
12-14 03:52:28.539 W/ActivityManager( 1628): java.lang.ClassCastException: android.os.BinderProxy cannot be cast to com.android.server.am.ActivityRecord$Token
12-14 03:52:28.539 W/ActivityManager( 1628): 	at com.android.server.am.ActivityRecord.forTokenLocked(ActivityRecord.java:778)
12-14 03:52:28.539 W/ActivityManager( 1628): 	at com.android.server.am.ActivityRecord.isInStackLocked(ActivityRecord.java:2085)
12-14 03:52:28.539 W/ActivityManager( 1628): 	at com.android.server.am.ActivityRecord.getStackLocked(ActivityRecord.java:2090)
12-14 03:52:28.539 W/ActivityManager( 1628): 	at com.android.server.am.ActivityManagerService.getActivityStackId(ActivityManagerService.java:10417)
12-14 03:52:28.539 W/ActivityManager( 1628): 	at android.app.IActivityManager$Stub.onTransact(IActivityManager.java:3548)
12-14 03:52:28.539 W/ActivityManager( 1628): 	at com.android.server.am.ActivityManagerService.onTransact(ActivityManagerService.java:2935)
12-14 03:52:28.539 W/ActivityManager( 1628): 	at android.os.Binder.execTransact(Binder.java:674)
12-14 03:52:28.569 D/EGL_emulation( 2221): eglMakeCurrent: 0x9bdc7f20: ver 3 0 (tinfo 0x9bf7f5b0)
12-14 03:52:28.588 D/EGL_emulation( 2182): eglMakeCurrent: 0x9bdc7500: ver 3 0 (tinfo 0x9bf7fb90)
12-14 03:52:28.595 D/EGL_emulation( 1731): eglMakeCurrent: 0x9bbb3f80: ver 3 0 (tinfo 0x9bca59f0)
12-14 03:52:28.597 V/StatusBar( 1731): setLightsOn(true)
12-14 03:52:28.613 E/ContentStoreEUAS( 2221): Failed to commit the deferred actions
12-14 03:52:28.613 D/EGL_emulation( 1731): eglMakeCurrent: 0x9bbb3f80: ver 3 0 (tinfo 0x9bca59f0)
12-14 03:52:28.619 D/EGL_emulation( 1731): eglMakeCurrent: 0x9bbb3f80: ver 3 0 (tinfo 0x9bca59f0)
12-14 03:52:28.621 V/StatusBar( 1731): setLightsOn(true)
12-14 03:52:28.626 D/EGL_emulation( 1731): eglMakeCurrent: 0x9bbb3f80: ver 3 0 (tinfo 0x9bca59f0)
12-14 03:52:28.698 W/ActivityManager( 1628): Bad activity token: android.os.BinderProxy@a44ea9b
12-14 03:52:28.698 W/ActivityManager( 1628): java.lang.ClassCastException: android.os.BinderProxy cannot be cast to com.android.server.am.ActivityRecord$Token
12-14 03:52:28.698 W/ActivityManager( 1628): 	at com.android.server.am.ActivityRecord.forTokenLocked(ActivityRecord.java:778)
12-14 03:52:28.698 W/ActivityManager( 1628): 	at com.android.server.am.ActivityRecord.isInStackLocked(ActivityRecord.java:2085)
12-14 03:52:28.698 W/ActivityManager( 1628): 	at com.android.server.am.ActivityManagerService.getActivityOptions(ActivityManagerService.java:13302)
12-14 03:52:28.698 W/ActivityManager( 1628): 	at android.app.IActivityManager$Stub.onTransact(IActivityManager.java:2910)
12-14 03:52:28.698 W/ActivityManager( 1628): 	at com.android.server.am.ActivityManagerService.onTransact(ActivityManagerService.java:2935)
12-14 03:52:28.698 W/ActivityManager( 1628): 	at android.os.Binder.execTransact(Binder.java:674)
12-14 03:52:28.699 W/ActivityManager( 1628): Bad activity token: android.os.BinderProxy@a44ea9b
12-14 03:52:28.699 W/ActivityManager( 1628): java.lang.ClassCastException: android.os.BinderProxy cannot be cast to com.android.server.am.ActivityRecord$Token
12-14 03:52:28.699 W/ActivityManager( 1628): 	at com.android.server.am.ActivityRecord.forTokenLocked(ActivityRecord.java:778)
12-14 03:52:28.699 W/ActivityManager( 1628): 	at com.android.server.am.ActivityRecord.isInStackLocked(ActivityRecord.java:2085)
12-14 03:52:28.699 W/ActivityManager( 1628): 	at com.android.server.am.ActivityManagerService.getActivityOptions(ActivityManagerService.java:13302)
12-14 03:52:28.699 W/ActivityManager( 1628): 	at android.app.IActivityManager$Stub.onTransact(IActivityManager.java:2910)
12-14 03:52:28.699 W/ActivityManager( 1628): 	at com.android.server.am.ActivityManagerService.onTransact(ActivityManagerService.java:2935)
12-14 03:52:28.699 W/ActivityManager( 1628): 	at android.os.Binder.execTransact(Binder.java:674)
12-14 03:52:28.780 I/chatty  ( 1731): uid=10028(u0_a28) RenderThread identical 17 lines
12-14 03:52:28.793 D/EGL_emulation( 1731): eglMakeCurrent: 0x9bbb3f80: ver 3 0 (tinfo 0x9bca59f0)
12-14 03:52:28.806 V/StatusBar( 1731): setLightsOn(true)
12-14 03:52:28.841 I/zygote  ( 4161): Do partial code cache collection, code=29KB, data=30KB
12-14 03:52:28.843 I/zygote  ( 4161): After code cache collection, code=29KB, data=30KB
12-14 03:52:28.843 I/zygote  ( 4161): Increasing code cache capacity to 128KB
12-14 03:52:28.844 I/zygote  ( 4161): Do partial code cache collection, code=29KB, data=48KB
12-14 03:52:28.844 I/zygote  ( 4161): After code cache collection, code=29KB, data=48KB
12-14 03:52:28.844 I/zygote  ( 4161): Increasing code cache capacity to 256KB
12-14 03:52:28.845 I/zygote  ( 4161): JIT allocated 71KB for compiled code of void android.widget.TextView.<init>(android.content.Context, android.util.AttributeSet, int, int)
12-14 03:52:28.845 I/zygote  ( 4161): Compiler allocated 4MB to compile void android.widget.TextView.<init>(android.content.Context, android.util.AttributeSet, int, int)
12-14 03:52:28.878 V/StatusBar( 1731): setLightsOn(true)
12-14 03:52:28.879 I/chatty  ( 1731): uid=10028(u0_a28) com.android.systemui identical 1 line
12-14 03:52:28.880 V/StatusBar( 1731): setLightsOn(true)
12-14 03:52:28.910 D/gralloc_ranchu( 1395): gralloc_alloc: Creating ashmem region of size 7753728
12-14 03:52:28.930 D/        ( 4161): HostConnection::get() New Host Connection established 0x9ba30d40, tid 4161
12-14 03:52:28.986 V/StatusBar( 1731): setLightsOn(true)
12-14 03:52:28.990 V/StatusBar( 1731): setLightsOn(true)
12-14 03:52:28.992 I/ActivityManager( 1628): Displayed com.evancharlton.mileage/.Mileage: +500ms
12-14 03:52:29.001 V/StatusBar( 1731): setLightsOn(true)
12-14 03:52:29.033 V/StatusBar( 1731): setLightsOn(true)
12-14 03:52:29.034 D/gralloc_ranchu( 1395): gralloc_alloc: Creating ashmem region of size 7753728
12-14 03:52:29.094 I/zygote  ( 4161): Do full code cache collection, code=125KB, data=71KB
12-14 03:52:29.095 I/zygote  ( 4161): After code cache collection, code=106KB, data=43KB
12-14 03:52:29.125 E/memtrack( 1628): Couldn't load memtrack module
12-14 03:52:29.125 W/android.os.Debug( 1628): failed to get memory consumption info: -1
12-14 03:52:29.192 V/StatusBar( 1731): setLightsOn(true)
12-14 03:52:29.208 I/chatty  ( 1731): uid=10028(u0_a28) com.android.systemui identical 1 line
12-14 03:52:29.324 V/StatusBar( 1731): setLightsOn(true)
12-14 03:52:29.332 W/SurfaceFlinger( 1404): couldn't log to binary event log: overflow.
