12-14 01:40:54.911 D/Mileage.ABS( 4560): Not backing up; 167
12-14 01:40:54.912 D/Mileage.ABS( 4560): Not backing up; 168
12-14 01:40:54.912 D/Mileage.ABS( 4560): Not backing up; 168
12-14 01:40:54.913 D/Mileage.ABS( 4560): Not backing up; 169
12-14 01:40:54.914 E/OpenGLRenderer( 1629): GL error:  GL_INVALID_OPERATION
12-14 01:40:54.952 I/chatty  ( 1629): uid=1000(system) RenderThread identical 43 lines
12-14 01:40:54.953 E/OpenGLRenderer( 1629): GL error:  GL_INVALID_OPERATION
12-14 01:40:54.953 D/Mileage.ABS( 4560): Not backing up; 208
12-14 01:40:54.954 E/OpenGLRenderer( 1629): GL error:  GL_INVALID_OPERATION
12-14 01:40:54.955 E/SurfaceFlinger( 1414): ro.sf.lcd_density must be defined as a build property
12-14 01:40:54.956 E/OpenGLRenderer( 1629): GL error:  GL_INVALID_OPERATION
12-14 01:40:54.957 D/Mileage.ABS( 4560): Not backing up; 213
12-14 01:40:54.957 E/OpenGLRenderer( 1629): GL error:  GL_INVALID_OPERATION
12-14 01:40:54.992 I/chatty  ( 1629): uid=1000(system) RenderThread identical 47 lines
12-14 01:40:54.993 E/OpenGLRenderer( 1629): GL error:  GL_INVALID_OPERATION
12-14 01:40:54.994 D/Mileage.ABS( 4560): Not backing up; 250
12-14 01:40:54.995 E/OpenGLRenderer( 1629): GL error:  GL_INVALID_OPERATION
12-14 01:40:54.995 E/OpenGLRenderer( 1629): GL error:  GL_INVALID_OPERATION
12-14 01:40:54.996 D/Mileage.ABS( 4560): Not backing up; 252
12-14 01:40:54.996 E/OpenGLRenderer( 1629): GL error:  GL_INVALID_OPERATION
12-14 01:40:55.020 I/chatty  ( 1629): uid=1000(system) RenderThread identical 35 lines
12-14 01:40:55.020 E/OpenGLRenderer( 1629): GL error:  GL_INVALID_OPERATION
12-14 01:40:55.022 D/gralloc_ranchu( 1395): gralloc_alloc: Creating ashmem region of size 8298496
12-14 01:40:55.023 E/OpenGLRenderer( 1629): GL error:  GL_INVALID_OPERATION
12-14 01:40:55.031 I/chatty  ( 1629): uid=1000(system) RenderThread identical 8 lines
12-14 01:40:55.031 E/OpenGLRenderer( 1629): GL error:  GL_INVALID_OPERATION
12-14 01:40:55.033 D/        ( 4618): HostConnection::get() New Host Connection established 0xaf02f800, tid 4618
12-14 01:40:55.033 E/OpenGLRenderer( 1629): GL error:  GL_INVALID_OPERATION
12-14 01:40:55.034 I/chatty  ( 1629): uid=1000(system) RenderThread identical 1 line
12-14 01:40:55.034 E/OpenGLRenderer( 1629): GL error:  GL_INVALID_OPERATION
12-14 01:40:55.035 D/Mileage.ABS( 4560): Not backing up; 291
12-14 01:40:55.037 E/OpenGLRenderer( 1629): GL error:  GL_INVALID_OPERATION
12-14 01:40:55.037 D/Mileage.ABS( 4560): Not backing up; 293
12-14 01:40:55.037 E/OpenGLRenderer( 1629): GL error:  GL_INVALID_OPERATION
12-14 01:40:55.041 I/chatty  ( 1629): uid=1000(system) RenderThread identical 2 lines
12-14 01:40:55.041 D/Mileage.ABS( 4560): Not backing up; 297
12-14 01:40:55.041 E/OpenGLRenderer( 1629): GL error:  GL_INVALID_OPERATION
12-14 01:40:55.041 E/OpenGLRenderer( 1629): GL error:  GL_INVALID_OPERATION
12-14 01:40:55.059 I/chatty  ( 1629): uid=1000(system) RenderThread identical 32 lines
12-14 01:40:55.059 E/OpenGLRenderer( 1629): GL error:  GL_INVALID_OPERATION
12-14 01:40:55.060 D/Mileage.ABS( 4560): Not backing up; 316
12-14 01:40:55.062 E/OpenGLRenderer( 1629): GL error:  GL_INVALID_OPERATION
12-14 01:40:55.069 I/chatty  ( 1629): uid=1000(system) RenderThread identical 15 lines
12-14 01:40:55.072 E/OpenGLRenderer( 1629): GL error:  GL_INVALID_OPERATION
12-14 01:40:55.072 D/Mileage.ABS( 4560): Not backing up; 326
12-14 01:40:55.073 E/OpenGLRenderer( 1629): GL error:  GL_INVALID_OPERATION
12-14 01:40:55.115 I/chatty  ( 1629): uid=1000(system) RenderThread identical 53 lines
12-14 01:40:55.116 E/OpenGLRenderer( 1629): GL error:  GL_INVALID_OPERATION
12-14 01:40:55.118 D/Mileage.ABS( 4560): Not backing up; 374
12-14 01:40:55.120 D/Mileage.ABS( 4560): Not backing up; 375
12-14 01:40:55.121 E/OpenGLRenderer( 1629): GL error:  GL_INVALID_OPERATION
12-14 01:40:55.145 I/chatty  ( 1629): uid=1000(system) RenderThread identical 27 lines
12-14 01:40:55.146 E/OpenGLRenderer( 1629): GL error:  GL_INVALID_OPERATION
12-14 01:40:55.148 D/Mileage.ABS( 4560): Not backing up; 404
12-14 01:40:55.150 D/Mileage.ABS( 4560): Not backing up; 405
12-14 01:40:55.150 E/OpenGLRenderer( 1629): GL error:  GL_INVALID_OPERATION
12-14 01:40:55.172 I/chatty  ( 1629): uid=1000(system) RenderThread identical 34 lines
12-14 01:40:55.172 E/OpenGLRenderer( 1629): GL error:  GL_INVALID_OPERATION
12-14 01:40:55.174 D/Mileage.ABS( 4560): Not backing up; 430
12-14 01:40:55.174 E/OpenGLRenderer( 1629): GL error:  GL_INVALID_OPERATION
12-14 01:40:55.200 I/chatty  ( 1629): uid=1000(system) RenderThread identical 51 lines
12-14 01:40:55.201 E/OpenGLRenderer( 1629): GL error:  GL_INVALID_OPERATION
12-14 01:40:55.201 E/OpenGLRenderer( 1629): GL error:  GL_INVALID_OPERATION
12-14 01:40:55.203 D/Mileage.ABS( 4560): Not backing up; 459
12-14 01:40:55.209 I/chatty  ( 1629): uid=1000(system) RenderThread expire 4 lines
12-14 01:40:55.209 E/OpenGLRenderer( 1629): GL error:  GL_INVALID_OPERATION
12-14 01:40:55.210 D/Mileage.ABS( 4560): Not backing up; 465
12-14 01:40:55.210 E/OpenGLRenderer( 1629): GL error:  GL_INVALID_OPERATION
12-14 01:40:55.219 I/chatty  ( 1629): uid=1000(system) RenderThread identical 18 lines
12-14 01:40:55.220 E/OpenGLRenderer( 1629): GL error:  GL_INVALID_OPERATION
12-14 01:40:55.223 D/Mileage.ABS( 4560): Not backing up; 479
12-14 01:40:55.227 E/OpenGLRenderer( 1629): GL error:  GL_INVALID_OPERATION
12-14 01:40:55.252 I/chatty  ( 1629): uid=1000(system) RenderThread identical 36 lines
12-14 01:40:55.253 E/OpenGLRenderer( 1629): GL error:  GL_INVALID_OPERATION
12-14 01:40:55.255 D/Mileage.ABS( 4560): Not backing up; 511
12-14 01:40:55.255 E/OpenGLRenderer( 1629): GL error:  GL_INVALID_OPERATION
12-14 01:40:55.288 I/chatty  ( 1629): uid=1000(system) RenderThread identical 65 lines
12-14 01:40:55.288 E/OpenGLRenderer( 1629): GL error:  GL_INVALID_OPERATION
12-14 01:40:55.291 D/Mileage.ABS( 4560): Not backing up; 547
12-14 01:40:55.291 D/Mileage.ABS( 4560): Not backing up; 547
12-14 01:40:55.293 E/OpenGLRenderer( 1629): GL error:  GL_INVALID_OPERATION
12-14 01:40:55.294 I/chatty  ( 1629): uid=1000(system) RenderThread identical 1 line
12-14 01:40:55.294 E/OpenGLRenderer( 1629): GL error:  GL_INVALID_OPERATION
12-14 01:40:55.294 I/Dialer  ( 2021): VvmTaskExecutor - executing task com.android.voicemail.impl.ActivationTask@e0e00d3
12-14 01:40:55.297 E/OpenGLRenderer( 1629): GL error:  GL_INVALID_OPERATION
12-14 01:40:55.299 I/Dialer  ( 2021): PreOMigrationHandler - ComponentInfo{com.android.phone/com.android.services.telephony.TelephonyConnectionService}, [****], UserHandle{0} already migrated
12-14 01:40:55.300 E/OpenGLRenderer( 1629): GL error:  GL_INVALID_OPERATION
12-14 01:40:55.345 I/chatty  ( 1629): uid=1000(system) RenderThread identical 86 lines
12-14 01:40:55.345 D/Mileage.ABS( 4560): Not backing up; 601
12-14 01:40:55.346 E/OpenGLRenderer( 1629): GL error:  GL_INVALID_OPERATION
12-14 01:40:55.346 E/OpenGLRenderer( 1629): GL error:  GL_INVALID_OPERATION
12-14 01:40:55.361 I/chatty  ( 1629): uid=1000(system) RenderThread identical 32 lines
12-14 01:40:55.361 E/OpenGLRenderer( 1629): GL error:  GL_INVALID_OPERATION
12-14 01:40:55.361 D/Mileage.ABS( 4560): Not backing up; 616
12-14 01:40:55.361 E/OpenGLRenderer( 1629): GL error:  GL_INVALID_OPERATION
12-14 01:40:55.364 I/chatty  ( 1629): uid=1000(system) RenderThread identical 10 lines
12-14 01:40:55.365 E/OpenGLRenderer( 1629): GL error:  GL_INVALID_OPERATION
12-14 01:40:55.365 D/Mileage.ABS( 4560): Not backing up; 621
12-14 01:40:55.366 E/OpenGLRenderer( 1629): GL error:  GL_INVALID_OPERATION
12-14 01:40:55.367 I/chatty  ( 1629): uid=1000(system) RenderThread identical 2 lines
12-14 01:40:55.369 E/OpenGLRenderer( 1629): GL error:  GL_INVALID_OPERATION
12-14 01:40:55.369 D/Mileage.ABS( 4560): Not backing up; 625
12-14 01:40:55.369 E/OpenGLRenderer( 1629): GL error:  GL_INVALID_OPERATION
12-14 01:40:55.375 I/chatty  ( 1629): uid=1000(system) RenderThread identical 11 lines
12-14 01:40:55.375 E/OpenGLRenderer( 1629): GL error:  GL_INVALID_OPERATION
12-14 01:40:55.375 D/Mileage.ABS( 4560): Not backing up; 631
12-14 01:40:55.375 E/OpenGLRenderer( 1629): GL error:  GL_INVALID_OPERATION
12-14 01:40:55.421 I/chatty  ( 1629): uid=1000(system) RenderThread identical 94 lines
12-14 01:40:55.421 E/OpenGLRenderer( 1629): GL error:  GL_INVALID_OPERATION
12-14 01:40:55.422 D/Mileage.ABS( 4560): Not backing up; 672
12-14 01:40:55.422 E/OpenGLRenderer( 1629): GL error:  GL_INVALID_OPERATION
12-14 01:40:55.446 I/chatty  ( 1629): uid=1000(system) RenderThread identical 75 lines
12-14 01:40:55.447 E/OpenGLRenderer( 1629): GL error:  GL_INVALID_OPERATION
12-14 01:40:55.447 D/Mileage.ABS( 4560): Not backing up; 703
12-14 01:40:55.447 E/OpenGLRenderer( 1629): GL error:  GL_INVALID_OPERATION
12-14 01:40:55.464 I/chatty  ( 1629): uid=1000(system) RenderThread identical 47 lines
12-14 01:40:55.464 E/OpenGLRenderer( 1629): GL error:  GL_INVALID_OPERATION
12-14 01:40:55.464 D/Mileage.ABS( 4560): Not backing up; 720
12-14 01:40:55.465 E/OpenGLRenderer( 1629): GL error:  GL_INVALID_OPERATION
12-14 01:40:55.465 I/chatty  ( 1629): uid=1000(system) RenderThread identical 1 line
12-14 01:40:55.465 E/OpenGLRenderer( 1629): GL error:  GL_INVALID_OPERATION
12-14 01:40:55.465 I/Dialer  ( 2021): VvmActivationTask - VVM content provider configured - vvm_type_cvvm
12-14 01:40:55.465 E/OpenGLRenderer( 1629): GL error:  GL_INVALID_OPERATION
12-14 01:40:55.466 I/chatty  ( 1629): uid=1000(system) RenderThread identical 1 line
12-14 01:40:55.466 E/OpenGLRenderer( 1629): GL error:  GL_INVALID_OPERATION
12-14 01:40:55.466 I/Dialer  ( 2021): OmtpVvmCarrierCfgHlpr - OmtpEvent:CONFIG_ACTIVATING
12-14 01:40:55.468 E/OpenGLRenderer( 1629): GL error:  GL_INVALID_OPERATION
12-14 01:40:55.471 I/chatty  ( 1629): uid=1000(system) RenderThread identical 7 lines
12-14 01:40:55.471 D/Mileage.ABS( 4560): Not backing up; 727
12-14 01:40:55.472 E/OpenGLRenderer( 1629): GL error:  GL_INVALID_OPERATION
12-14 01:40:55.472 E/OpenGLRenderer( 1629): GL error:  GL_INVALID_OPERATION
12-14 01:40:55.479 I/chatty  ( 1629): uid=1000(system) RenderThread identical 16 lines
12-14 01:40:55.479 E/OpenGLRenderer( 1629): GL error:  GL_INVALID_OPERATION
12-14 01:40:55.481 D/Mileage.ABS( 4560): Not backing up; 737
12-14 01:40:55.482 E/OpenGLRenderer( 1629): GL error:  GL_INVALID_OPERATION
12-14 01:40:55.509 I/chatty  ( 1629): uid=1000(system) RenderThread identical 47 lines
12-14 01:40:55.510 E/OpenGLRenderer( 1629): GL error:  GL_INVALID_OPERATION
12-14 01:40:55.511 D/Mileage.ABS( 4560): Not backing up; 767
12-14 01:40:55.511 E/OpenGLRenderer( 1629): GL error:  GL_INVALID_OPERATION
12-14 01:40:55.534 I/chatty  ( 1629): uid=1000(system) RenderThread identical 31 lines
12-14 01:40:55.534 E/OpenGLRenderer( 1629): GL error:  GL_INVALID_OPERATION
12-14 01:40:55.536 D/Mileage.ABS( 4560): Not backing up; 792
12-14 01:40:55.536 E/OpenGLRenderer( 1629): GL error:  GL_INVALID_OPERATION
12-14 01:40:55.560 I/chatty  ( 1629): uid=1000(system) RenderThread identical 37 lines
12-14 01:40:55.560 E/OpenGLRenderer( 1629): GL error:  GL_INVALID_OPERATION
12-14 01:40:55.561 I/Dialer  ( 2021): TelephonyMangerCompat.setVisualVoicemailSmsFilterSettings - using TelephonyManager
12-14 01:40:55.562 E/OpenGLRenderer( 1629): GL error:  GL_INVALID_OPERATION
12-14 01:40:55.579 I/chatty  ( 1629): uid=1000(system) RenderThread identical 36 lines
12-14 01:40:55.580 E/OpenGLRenderer( 1629): GL error:  GL_INVALID_OPERATION
12-14 01:40:55.580 D/Mileage.ABS( 4560): Not backing up; 826
12-14 01:40:55.580 E/OpenGLRenderer( 1629): GL error:  GL_INVALID_OPERATION
12-14 01:40:55.595 I/chatty  ( 1629): uid=1000(system) RenderThread identical 30 lines
12-14 01:40:55.596 E/OpenGLRenderer( 1629): GL error:  GL_INVALID_OPERATION
12-14 01:40:55.596 D/Mileage.ABS( 4560): Not backing up; 840
12-14 01:40:55.596 E/OpenGLRenderer( 1629): GL error:  GL_INVALID_OPERATION
12-14 01:40:55.599 I/chatty  ( 1629): uid=1000(system) RenderThread identical 4 lines
12-14 01:40:55.599 E/OpenGLRenderer( 1629): GL error:  GL_INVALID_OPERATION
12-14 01:40:55.599 D/Mileage.ABS( 4560): Not backing up; 855
12-14 01:40:55.599 E/OpenGLRenderer( 1629): GL error:  GL_INVALID_OPERATION
12-14 01:40:55.614 I/chatty  ( 1629): uid=1000(system) RenderThread identical 24 lines
12-14 01:40:55.615 E/OpenGLRenderer( 1629): GL error:  GL_INVALID_OPERATION
12-14 01:40:55.615 I/Dialer  ( 2021): TelephonyMangerCompat.sendVisualVoicemailSms - using TelephonyManager
12-14 01:40:55.616 E/OpenGLRenderer( 1629): GL error:  GL_INVALID_OPERATION
12-14 01:40:55.622 I/chatty  ( 1629): uid=1000(system) RenderThread identical 8 lines
12-14 01:40:55.622 E/OpenGLRenderer( 1629): GL error:  GL_INVALID_OPERATION
12-14 01:40:55.623 I/zygote  ( 4560): Do full code cache collection, code=203KB, data=147KB
12-14 01:40:55.623 E/OpenGLRenderer( 1629): GL error:  GL_INVALID_OPERATION
12-14 01:40:55.629 I/chatty  ( 1629): uid=1000(system) RenderThread identical 16 lines
12-14 01:40:55.630 E/OpenGLRenderer( 1629): GL error:  GL_INVALID_OPERATION
12-14 01:40:55.630 D/Mileage.ABS( 4560): Not backing up; 886
12-14 01:40:55.632 E/OpenGLRenderer( 1629): GL error:  GL_INVALID_OPERATION
12-14 01:40:55.634 I/chatty  ( 1629): uid=1000(system) RenderThread identical 3 lines
12-14 01:40:55.635 I/zygote  ( 4560): After code cache collection, code=202KB, data=114KB
12-14 01:40:55.635 E/OpenGLRenderer( 1629): GL error:  GL_INVALID_OPERATION
12-14 01:40:55.635 E/OpenGLRenderer( 1629): GL error:  GL_INVALID_OPERATION
12-14 01:40:55.638 I/chatty  ( 1629): uid=1000(system) RenderThread identical 5 lines
12-14 01:40:55.639 E/OpenGLRenderer( 1629): GL error:  GL_INVALID_OPERATION
12-14 01:40:55.640 D/Mileage.ABS( 4560): Not backing up; 892
12-14 01:40:55.640 E/OpenGLRenderer( 1629): GL error:  GL_INVALID_OPERATION
12-14 01:40:55.661 I/chatty  ( 1629): uid=1000(system) RenderThread identical 29 lines
12-14 01:40:55.662 E/OpenGLRenderer( 1629): GL error:  GL_INVALID_OPERATION
12-14 01:40:55.662 D/Mileage.ABS( 4560): Not backing up; 918
12-14 01:40:55.662 E/OpenGLRenderer( 1629): GL error:  GL_INVALID_OPERATION
12-14 01:40:55.675 I/chatty  ( 1629): uid=1000(system) RenderThread identical 27 lines
12-14 01:40:55.676 D/Mileage.ABS( 4560): Not backing up; 932
12-14 01:40:55.676 E/OpenGLRenderer( 1629): GL error:  GL_INVALID_OPERATION
12-14 01:40:55.676 E/OpenGLRenderer( 1629): GL error:  GL_INVALID_OPERATION
12-14 01:40:55.705 I/chatty  ( 1629): uid=1000(system) RenderThread identical 32 lines
12-14 01:40:55.707 E/OpenGLRenderer( 1629): GL error:  GL_INVALID_OPERATION
12-14 01:40:55.708 D/Mileage.ABS( 4560): Not backing up; 964
12-14 01:40:55.710 E/OpenGLRenderer( 1629): GL error:  GL_INVALID_OPERATION
12-14 01:40:55.728 I/chatty  ( 1629): uid=1000(system) RenderThread identical 42 lines
12-14 01:40:55.729 E/OpenGLRenderer( 1629): GL error:  GL_INVALID_OPERATION
12-14 01:40:55.730 D/Mileage.ABS( 4560): Not backing up; 986
12-14 01:40:55.731 E/OpenGLRenderer( 1629): GL error:  GL_INVALID_OPERATION
12-14 01:40:55.824 I/chatty  ( 1629): uid=1000(system) RenderThread identical 115 lines
12-14 01:40:55.824 E/OpenGLRenderer( 1629): GL error:  GL_INVALID_OPERATION
12-14 01:40:55.825 D/Mileage.ABS( 4560): Finished backup
12-14 01:40:55.825 E/OpenGLRenderer( 1629): GL error:  GL_INVALID_OPERATION
12-14 01:40:55.840 I/chatty  ( 1629): uid=1000(system) RenderThread identical 27 lines
12-14 01:40:55.840 E/OpenGLRenderer( 1629): GL error:  GL_INVALID_OPERATION
12-14 01:40:55.841 D/Mileage.ABS( 4560): Not backing up; 81
12-14 01:40:55.841 E/OpenGLRenderer( 1629): GL error:  GL_INVALID_OPERATION
12-14 01:40:55.842 I/chatty  ( 1629): uid=1000(system) RenderThread identical 2 lines
12-14 01:40:55.843 E/OpenGLRenderer( 1629): GL error:  GL_INVALID_OPERATION
12-14 01:40:55.843 D/Mileage.ABS( 4560): Not backing up; 83
12-14 01:40:55.843 E/OpenGLRenderer( 1629): GL error:  GL_INVALID_OPERATION
12-14 01:40:55.844 I/chatty  ( 1629): uid=1000(system) RenderThread identical 1 line
12-14 01:40:55.844 E/OpenGLRenderer( 1629): GL error:  GL_INVALID_OPERATION
12-14 01:40:55.844 D/Mileage.ABS( 4560): Not backing up; 84
12-14 01:40:55.845 E/OpenGLRenderer( 1629): GL error:  GL_INVALID_OPERATION
12-14 01:40:55.846 I/chatty  ( 1629): uid=1000(system) RenderThread identical 3 lines
12-14 01:40:55.847 E/OpenGLRenderer( 1629): GL error:  GL_INVALID_OPERATION
12-14 01:40:55.848 D/Mileage.ABS( 4560): Not backing up; 87
12-14 01:40:55.848 E/OpenGLRenderer( 1629): GL error:  GL_INVALID_OPERATION
12-14 01:40:55.849 E/OpenGLRenderer( 1629): GL error:  GL_INVALID_OPERATION
12-14 01:40:55.850 D/Mileage.ABS( 4560): Not backing up; 90
12-14 01:40:55.852 E/OpenGLRenderer( 1629): GL error:  GL_INVALID_OPERATION
12-14 01:40:55.857 I/chatty  ( 1629): uid=1000(system) RenderThread identical 6 lines
12-14 01:40:55.857 E/OpenGLRenderer( 1629): GL error:  GL_INVALID_OPERATION
12-14 01:40:55.858 D/Mileage.ABS( 4560): Not backing up; 96
12-14 01:40:55.858 E/OpenGLRenderer( 1629): GL error:  GL_INVALID_OPERATION
12-14 01:40:55.863 I/chatty  ( 1629): uid=1000(system) RenderThread identical 16 lines
12-14 01:40:55.864 E/OpenGLRenderer( 1629): GL error:  GL_INVALID_OPERATION
12-14 01:40:55.864 D/Mileage.ABS( 4560): Not backing up; 104
12-14 01:40:55.865 E/OpenGLRenderer( 1629): GL error:  GL_INVALID_OPERATION
12-14 01:40:55.876 I/chatty  ( 1629): uid=1000(system) RenderThread identical 20 lines
12-14 01:40:55.876 E/OpenGLRenderer( 1629): GL error:  GL_INVALID_OPERATION
12-14 01:40:55.877 D/Mileage.ABS( 4560): Not backing up; 117
12-14 01:40:55.877 E/OpenGLRenderer( 1629): GL error:  GL_INVALID_OPERATION
12-14 01:40:55.888 I/chatty  ( 1629): uid=1000(system) RenderThread identical 8 lines
12-14 01:40:55.888 E/OpenGLRenderer( 1629): GL error:  GL_INVALID_OPERATION
12-14 01:40:55.890 I/System.out( 4560): URI: //gesture
12-14 01:40:55.890 E/OpenGLRenderer( 1629): GL error:  GL_INVALID_OPERATION
12-14 01:40:55.890 I/System.out( 4560): params: {json={"query_timeout":5.0,"gestures":[{"query_string":"android.widget.TabWidget descendant TextView index:0","touches":[{"x":50,"y":50,"offset_x":0,"offset_y":0,"wait":0.0,"time":0.2,"release":true,"query_string":null}]}]}
12-14 01:40:55.890 E/OpenGLRenderer( 1629): GL error:  GL_INVALID_OPERATION
12-14 01:40:55.890 E/OpenGLRenderer( 1629): GL error:  GL_INVALID_OPERATION
12-14 01:40:55.891 D/Mileage.ABS( 4560): Not backing up; 130
12-14 01:40:55.891 E/OpenGLRenderer( 1629): GL error:  GL_INVALID_OPERATION
12-14 01:40:55.894 I/chatty  ( 1629): uid=1000(system) RenderThread identical 6 lines
12-14 01:40:55.895 E/OpenGLRenderer( 1629): GL error:  GL_INVALID_OPERATION
12-14 01:40:55.895 I/System.out( 4560): }
12-14 01:40:55.895 E/OpenGLRenderer( 1629): GL error:  GL_INVALID_OPERATION
12-14 01:40:55.895 E/OpenGLRenderer( 1629): GL error:  GL_INVALID_OPERATION
12-14 01:40:55.895 D/Mileage.ABS( 4560): Not backing up; 135
12-14 01:40:55.896 E/OpenGLRenderer( 1629): GL error:  GL_INVALID_OPERATION
12-14 01:40:55.909 I/chatty  ( 1629): uid=1000(system) RenderThread identical 23 lines
12-14 01:40:55.909 E/OpenGLRenderer( 1629): GL error:  GL_INVALID_OPERATION
12-14 01:40:55.910 D/VehicleStatisticsAdapter( 4560): Caching of 29 records complete! (1.156 seconds)
12-14 01:40:55.911 E/OpenGLRenderer( 1629): GL error:  GL_INVALID_OPERATION
12-14 01:40:55.916 I/chatty  ( 1629): uid=1000(system) RenderThread identical 11 lines
12-14 01:40:55.917 E/OpenGLRenderer( 1629): GL error:  GL_INVALID_OPERATION
12-14 01:40:55.917 D/Mileage.ABS( 4560): Not backing up; 157
12-14 01:40:55.917 E/OpenGLRenderer( 1629): GL error:  GL_INVALID_OPERATION
12-14 01:40:55.942 I/chatty  ( 1629): uid=1000(system) RenderThread identical 50 lines
12-14 01:40:55.943 E/OpenGLRenderer( 1629): GL error:  GL_INVALID_OPERATION
12-14 01:40:55.943 D/VehicleStatisticsAdapter( 4560): Caching of 29 records complete! (1.06 seconds)
12-14 01:40:55.943 E/OpenGLRenderer( 1629): GL error:  GL_INVALID_OPERATION
12-14 01:40:55.948 I/chatty  ( 1629): uid=1000(system) RenderThread identical 15 lines
12-14 01:40:55.948 E/OpenGLRenderer( 1629): GL error:  GL_INVALID_OPERATION
12-14 01:40:55.949 D/Mileage.ABS( 4560): Not backing up; 189
12-14 01:40:55.949 E/OpenGLRenderer( 1629): GL error:  GL_INVALID_OPERATION
12-14 01:40:55.949 D/Mileage.ABS( 4560): Not backing up; 189
12-14 01:40:55.950 E/OpenGLRenderer( 1629): GL error:  GL_INVALID_OPERATION
12-14 01:40:56.477 I/chatty  ( 1629): uid=1000(system) RenderThread identical 1758 lines
12-14 01:40:56.477 E/OpenGLRenderer( 1629): GL error:  GL_INVALID_OPERATION
12-14 01:40:56.488 I/EventLogSendingHelper( 2215): Sending log events.
12-14 01:40:56.491 E/OpenGLRenderer( 1629): GL error:  GL_INVALID_OPERATION
12-14 01:40:56.537 I/chatty  ( 1629): uid=1000(system) RenderThread identical 175 lines
12-14 01:40:56.537 E/OpenGLRenderer( 1629): GL error:  GL_INVALID_OPERATION
12-14 01:40:56.537 W/View    ( 4560): dispatchProvideAutofillStructure(): not laid out, ignoring
12-14 01:40:56.537 E/OpenGLRenderer( 1629): GL error:  GL_INVALID_OPERATION
12-14 01:40:56.539 I/chatty  ( 1629): uid=1000(system) RenderThread identical 15 lines
12-14 01:40:56.539 E/OpenGLRenderer( 1629): GL error:  GL_INVALID_OPERATION
12-14 01:40:56.540 W/View    ( 4560): dispatchProvideAutofillStructure(): not laid out, ignoring
12-14 01:40:56.540 E/OpenGLRenderer( 1629): GL error:  GL_INVALID_OPERATION
12-14 01:40:56.541 I/chatty  ( 1629): uid=1000(system) RenderThread identical 11 lines
12-14 01:40:56.541 E/OpenGLRenderer( 1629): GL error:  GL_INVALID_OPERATION
12-14 01:40:56.541 W/View    ( 4560): dispatchProvideAutofillStructure(): not laid out, ignoring
12-14 01:40:56.546 E/OpenGLRenderer( 1629): GL error:  GL_INVALID_OPERATION
12-14 01:40:56.551 I/chatty  ( 1629): uid=1000(system) RenderThread identical 22 lines
12-14 01:40:56.551 E/OpenGLRenderer( 1629): GL error:  GL_INVALID_OPERATION
12-14 01:40:56.551 W/Binder  ( 1629): Outgoing transactions from this process must be FLAG_ONEWAY
12-14 01:40:56.551 W/Binder  ( 1629): java.lang.Throwable
12-14 01:40:56.551 W/Binder  ( 1629): 	at android.os.BinderProxy.transact(Binder.java:736)
12-14 01:40:56.551 W/Binder  ( 1629): 	at android.app.assist.AssistStructure$ParcelTransferReader.fetchData(AssistStructure.java:407)
12-14 01:40:56.551 W/Binder  ( 1629): 	at android.app.assist.AssistStructure$ParcelTransferReader.go(AssistStructure.java:343)
12-14 01:40:56.551 W/Binder  ( 1629): 	at android.app.assist.AssistStructure.ensureData(AssistStructure.java:2096)
12-14 01:40:56.551 W/Binder  ( 1629): 	at com.android.server.autofill.Session$1.send(Session.java:200)
12-14 01:40:56.551 W/Binder  ( 1629): 	at com.android.server.am.ActivityManagerService.reportAssistContextExtras(ActivityManagerService.java:13137)
12-14 01:40:56.551 W/Binder  ( 1629): 	at android.app.IActivityManager$Stub.onTransact(IActivityManager.java:2466)
12-14 01:40:56.551 W/Binder  ( 1629): 	at com.android.server.am.ActivityManagerService.onTransact(ActivityManagerService.java:2935)
12-14 01:40:56.551 W/Binder  ( 1629): 	at android.os.Binder.execTransact(Binder.java:674)
12-14 01:40:56.551 E/OpenGLRenderer( 1629): GL error:  GL_INVALID_OPERATION
12-14 01:40:56.560 I/chatty  ( 1629): uid=1000(system) RenderThread identical 21 lines
12-14 01:40:56.560 E/OpenGLRenderer( 1629): GL error:  GL_INVALID_OPERATION
12-14 01:40:56.560 I/AssistStructure( 4560): Flattened final assist data: 15312 bytes, containing 1 windows, 69 views
12-14 01:40:56.560 E/OpenGLRenderer( 1629): GL error:  GL_INVALID_OPERATION
12-14 01:40:56.563 I/chatty  ( 1629): uid=1000(system) RenderThread identical 18 lines
12-14 01:40:56.563 E/OpenGLRenderer( 1629): GL error:  GL_INVALID_OPERATION
12-14 01:40:56.567 I/AssistStructure( 1629): Flattened final assist data: 13988 bytes, containing 1 windows, 69 views
12-14 01:40:56.571 W/lgq     ( 1945): Pending fill request while another request in the same session was triggered. [CONTEXT service_id=177 ]
12-14 01:40:56.575 E/OpenGLRenderer( 1629): GL error:  GL_INVALID_OPERATION
12-14 01:40:56.597 I/chatty  ( 1629): uid=1000(system) RenderThread identical 70 lines
12-14 01:40:56.597 E/OpenGLRenderer( 1629): GL error:  GL_INVALID_OPERATION
12-14 01:40:56.597 I/zygote  ( 4560): Background concurrent copying GC freed 39916(2013KB) AllocSpace objects, 4(80KB) LOS objects, 49% free, 2035KB/3MB, paused 1.676ms total 100.641ms
12-14 01:40:56.597 E/OpenGLRenderer( 1629): GL error:  GL_INVALID_OPERATION
12-14 01:40:56.700 I/chatty  ( 1629): uid=1000(system) RenderThread identical 238 lines
12-14 01:40:56.700 E/OpenGLRenderer( 1629): GL error:  GL_INVALID_OPERATION
12-14 01:40:56.701 I/zygote  ( 1629): Background concurrent copying GC freed 22491(1512KB) AllocSpace objects, 6(152KB) LOS objects, 37% free, 9MB/15MB, paused 550us total 222.103ms
12-14 01:40:56.704 E/OpenGLRenderer( 1629): GL error:  GL_INVALID_OPERATION
12-14 01:40:56.957 I/chatty  ( 1629): uid=1000(system) RenderThread identical 770 lines
12-14 01:40:56.957 E/OpenGLRenderer( 1629): GL error:  GL_INVALID_OPERATION
12-14 01:40:56.957 E/SurfaceFlinger( 1414): ro.sf.lcd_density must be defined as a build property
12-14 01:40:56.957 E/OpenGLRenderer( 1629): GL error:  GL_INVALID_OPERATION
12-14 01:40:56.967 I/chatty  ( 1629): uid=1000(system) RenderThread identical 56 lines
12-14 01:40:56.968 E/OpenGLRenderer( 1629): GL error:  GL_INVALID_OPERATION
12-14 01:40:56.968 D/gralloc_ranchu( 1395): gralloc_alloc: Creating ashmem region of size 8298496
12-14 01:40:56.968 E/OpenGLRenderer( 1629): GL error:  GL_INVALID_OPERATION
12-14 01:40:56.979 I/chatty  ( 1629): uid=1000(system) RenderThread identical 17 lines
12-14 01:40:56.979 E/OpenGLRenderer( 1629): GL error:  GL_INVALID_OPERATION
12-14 01:40:56.979 D/        ( 4651): HostConnection::get() New Host Connection established 0xacd2f800, tid 4651
12-14 01:40:56.980 E/OpenGLRenderer( 1629): GL error:  GL_INVALID_OPERATION
12-14 01:40:57.441 I/chatty  ( 1629): uid=1000(system) RenderThread identical 1140 lines
12-14 01:40:57.442 I/System.out( 4560): URI: //
12-14 01:40:57.442 E/OpenGLRenderer( 1629): GL error:  GL_INVALID_OPERATION
12-14 01:40:57.442 E/OpenGLRenderer( 1629): GL error:  GL_INVALID_OPERATION
12-14 01:40:57.442 I/System.out( 4560): params: {json={"command":"set_activity_orientation","arguments":["landscape"]}
12-14 01:40:57.442 I/System.out( 4560): }
12-14 01:40:57.443 E/OpenGLRenderer( 1629): GL error:  GL_INVALID_OPERATION
12-14 01:40:57.443 I/System.out( 4560): header: {content-type=application/json;charset=utf-8, date=Mon, 14 Dec 2020 06:40:57 GMT, accept=*/*, host=127.0.0.1:34777, content-length=64, user-agent=HTTPClient/1.0 (2.8.3, ruby 2.5.8 (2020-03-31))}
12-14 01:40:57.443 I/System.out( 4560): params: {json={"command":"set_activity_orientation","arguments":["landscape"]}
12-14 01:40:57.443 I/System.out( 4560): }
12-14 01:40:57.443 I/System.out( 4560): ProP json = {"command":"set_activity_orientation","arguments":["landscape"]}
12-14 01:40:57.443 E/OpenGLRenderer( 1629): GL error:  GL_INVALID_OPERATION
12-14 01:40:57.443 I/System.out( 4560): files: {}
12-14 01:40:57.443 I/System.out( 4560): command: {"command":"set_activity_orientation","arguments":["landscape"]}
12-14 01:40:57.443 E/OpenGLRenderer( 1629): GL error:  GL_INVALID_OPERATION
12-14 01:40:57.449 I/chatty  ( 1629): uid=1000(system) RenderThread identical 18 lines
12-14 01:40:57.449 E/OpenGLRenderer( 1629): GL error:  GL_INVALID_OPERATION
12-14 01:40:57.450 I/InstrumentationBackend( 4560): Got command:'Command:'Line:null,set_activity_orientation', arguments:'[landscape]'
12-14 01:40:57.450 E/OpenGLRenderer( 1629): GL error:  GL_INVALID_OPERATION
12-14 01:40:57.454 I/chatty  ( 1629): uid=1000(system) RenderThread identical 4 lines
12-14 01:40:57.454 E/OpenGLRenderer( 1629): GL error:  GL_INVALID_OPERATION
12-14 01:40:57.455 D/gralloc_ranchu( 1395): gralloc_alloc: Creating ashmem region of size 8298496
12-14 01:40:57.455 E/OpenGLRenderer( 1629): GL error:  GL_INVALID_OPERATION
12-14 01:40:57.472 W/LocalDisplayAdapter( 1629): Unable to find color mode 0, ignoring request.
12-14 01:40:57.504 I/chatty  ( 1629): uid=1000(system) RenderThread identical 55 lines
12-14 01:40:57.505 E/OpenGLRenderer( 1629): GL error:  GL_INVALID_OPERATION
12-14 01:40:57.506 I/InputReader( 1629): Reconfiguring input devices.  changes=0x00000004
12-14 01:40:57.506 I/InputReader( 1629): Device reconfigured: id=0, name='qwerty2', size 1080x1920, orientation 1, mode 1, display id 0
12-14 01:40:57.510 E/OpenGLRenderer( 1629): GL error:  GL_INVALID_OPERATION
12-14 01:40:57.510 I/ActivityManager( 1629): Config changes=480 {1.0 310mcc260mnc [en_US] ldltr sw411dp w683dp h387dp 420dpi nrml land finger qwerty/v/v -nav/h appBounds=Rect(0, 0 - 1794, 1080) s.9}
12-14 01:40:57.524 I/ActivityManager( 1629): Override config changes=480 {1.0 310mcc260mnc [en_US] ldltr sw411dp w683dp h387dp 420dpi nrml land finger qwerty/v/v -nav/h appBounds=Rect(0, 0 - 1794, 1080) s.9} for displayId=0
12-14 01:40:57.612 I/chatty  ( 1629): uid=1000(system) RenderThread identical 131 lines
12-14 01:40:57.612 E/OpenGLRenderer( 1629): GL error:  GL_INVALID_OPERATION
12-14 01:40:57.614 D/gralloc_ranchu( 1395): gralloc_alloc: Creating ashmem region of size 544768
12-14 01:40:57.614 E/OpenGLRenderer( 1629): GL error:  GL_INVALID_OPERATION
12-14 01:40:57.628 I/chatty  ( 1629): uid=1000(system) RenderThread identical 24 lines
12-14 01:40:57.628 E/OpenGLRenderer( 1629): GL error:  GL_INVALID_OPERATION
12-14 01:40:57.628 D/EGL_emulation( 1733): eglMakeCurrent: 0x8f8b23a0: ver 3 0 (tinfo 0x9ee9fd60)
12-14 01:40:57.628 E/OpenGLRenderer( 1629): GL error:  GL_INVALID_OPERATION
12-14 01:40:57.634 I/chatty  ( 1629): uid=1000(system) RenderThread identical 19 lines
12-14 01:40:57.635 E/OpenGLRenderer( 1629): GL error:  GL_INVALID_OPERATION
12-14 01:40:57.636 D/gralloc_ranchu( 1395): gralloc_alloc: Creating ashmem region of size 544768
12-14 01:40:57.636 E/OpenGLRenderer( 1629): GL error:  GL_INVALID_OPERATION
12-14 01:40:57.651 I/chatty  ( 1629): uid=1000(system) RenderThread identical 27 lines
12-14 01:40:57.654 E/OpenGLRenderer( 1629): GL error:  GL_INVALID_OPERATION
12-14 01:40:57.654 D/gralloc_ranchu( 1395): gralloc_alloc: Creating ashmem region of size 7753728
12-14 01:40:57.654 E/OpenGLRenderer( 1629): GL error:  GL_INVALID_OPERATION
12-14 01:40:57.790 I/chatty  ( 1629): uid=1000(system) RenderThread identical 315 lines
12-14 01:40:57.791 E/OpenGLRenderer( 1629): GL error:  GL_INVALID_OPERATION
12-14 01:40:57.792 I/calabash( 4560): newActivity1
12-14 01:40:57.792 I/System.out( 4560): result:{"bonusInformation":[],"message":"","success":true}
12-14 01:40:57.792 E/OpenGLRenderer( 1629): GL error:  GL_INVALID_OPERATION
12-14 01:40:57.823 I/chatty  ( 1629): uid=1000(system) RenderThread identical 73 lines
12-14 01:40:57.824 E/OpenGLRenderer( 1629): GL error:  GL_INVALID_OPERATION
12-14 01:40:57.824 D/gralloc_ranchu( 1395): gralloc_alloc: Creating ashmem region of size 544768
12-14 01:40:57.824 E/OpenGLRenderer( 1629): GL error:  GL_INVALID_OPERATION
12-14 01:40:57.855 W/ActivityManager( 1629): Bad activity token: android.os.BinderProxy@3853c8
12-14 01:40:57.855 W/ActivityManager( 1629): java.lang.ClassCastException: android.os.BinderProxy cannot be cast to com.android.server.am.ActivityRecord$Token
12-14 01:40:57.855 W/ActivityManager( 1629): 	at com.android.server.am.ActivityRecord.forTokenLocked(ActivityRecord.java:778)
12-14 01:40:57.855 W/ActivityManager( 1629): 	at com.android.server.am.ActivityRecord.isInStackLocked(ActivityRecord.java:2085)
12-14 01:40:57.855 W/ActivityManager( 1629): 	at com.android.server.am.ActivityRecord.getStackLocked(ActivityRecord.java:2090)
12-14 01:40:57.855 W/ActivityManager( 1629): 	at com.android.server.am.ActivityManagerService.getActivityDisplayId(ActivityManagerService.java:10406)
12-14 01:40:57.855 W/ActivityManager( 1629): 	at android.app.IActivityManager$Stub.onTransact(IActivityManager.java:2738)
12-14 01:40:57.855 W/ActivityManager( 1629): 	at com.android.server.am.ActivityManagerService.onTransact(ActivityManagerService.java:2935)
12-14 01:40:57.855 W/ActivityManager( 1629): 	at android.os.Binder.execTransact(Binder.java:674)
12-14 01:40:57.856 I/chatty  ( 1629): uid=1000(system) RenderThread identical 78 lines
12-14 01:40:57.856 E/OpenGLRenderer( 1629): GL error:  GL_INVALID_OPERATION
12-14 01:40:57.856 I/calabash( 4560): newActivity1
12-14 01:40:57.856 E/OpenGLRenderer( 1629): GL error:  GL_INVALID_OPERATION
12-14 01:40:57.859 I/chatty  ( 1629): uid=1000(system) RenderThread identical 12 lines
12-14 01:40:57.861 E/OpenGLRenderer( 1629): GL error:  GL_INVALID_OPERATION
12-14 01:40:57.861 W/AutofillManager( 4560): Session 111682015 could not be restored
12-14 01:40:57.861 E/OpenGLRenderer( 1629): GL error:  GL_INVALID_OPERATION
12-14 01:40:57.865 W/ActivityManager( 1629): Bad activity token: android.os.BinderProxy@3853c8
12-14 01:40:57.865 W/ActivityManager( 1629): java.lang.ClassCastException: android.os.BinderProxy cannot be cast to com.android.server.am.ActivityRecord$Token
12-14 01:40:57.865 W/ActivityManager( 1629): 	at com.android.server.am.ActivityRecord.forTokenLocked(ActivityRecord.java:778)
12-14 01:40:57.865 W/ActivityManager( 1629): 	at com.android.server.am.ActivityRecord.isInStackLocked(ActivityRecord.java:2085)
12-14 01:40:57.865 W/ActivityManager( 1629): 	at com.android.server.am.ActivityManagerService.setTaskDescription(ActivityManagerService.java:9988)
12-14 01:40:57.865 W/ActivityManager( 1629): 	at android.app.IActivityManager$Stub.onTransact(IActivityManager.java:2824)
12-14 01:40:57.865 W/ActivityManager( 1629): 	at com.android.server.am.ActivityManagerService.onTransact(ActivityManagerService.java:2935)
12-14 01:40:57.865 W/ActivityManager( 1629): 	at android.os.Binder.execTransact(Binder.java:674)
12-14 01:40:57.866 W/ActivityManager( 1629): Bad activity token: android.os.BinderProxy@3853c8
12-14 01:40:57.866 W/ActivityManager( 1629): java.lang.ClassCastException: android.os.BinderProxy cannot be cast to com.android.server.am.ActivityRecord$Token
12-14 01:40:57.866 W/ActivityManager( 1629): 	at com.android.server.am.ActivityRecord.forTokenLocked(ActivityRecord.java:778)
12-14 01:40:57.866 W/ActivityManager( 1629): 	at com.android.server.am.ActivityRecord.isInStackLocked(ActivityRecord.java:2085)
12-14 01:40:57.866 W/ActivityManager( 1629): 	at com.android.server.am.ActivityRecord.getStackLocked(ActivityRecord.java:2090)
12-14 01:40:57.866 W/ActivityManager( 1629): 	at com.android.server.am.ActivityManagerService.getActivityStackId(ActivityManagerService.java:10417)
12-14 01:40:57.866 W/ActivityManager( 1629): 	at android.app.IActivityManager$Stub.onTransact(IActivityManager.java:3548)
12-14 01:40:57.866 W/ActivityManager( 1629): 	at com.android.server.am.ActivityManagerService.onTransact(ActivityManagerService.java:2935)
12-14 01:40:57.866 W/ActivityManager( 1629): 	at android.os.Binder.execTransact(Binder.java:674)
12-14 01:40:57.955 I/chatty  ( 1629): uid=1000(system) RenderThread identical 282 lines
12-14 01:40:57.956 E/OpenGLRenderer( 1629): GL error:  GL_INVALID_OPERATION
12-14 01:40:57.956 D/gralloc_ranchu( 1395): gralloc_alloc: Creating ashmem region of size 487424
12-14 01:40:57.956 E/OpenGLRenderer( 1629): GL error:  GL_INVALID_OPERATION
12-14 01:40:57.961 W/ActivityManager( 1629): Bad activity token: android.os.BinderProxy@3853c8
12-14 01:40:57.961 W/ActivityManager( 1629): java.lang.ClassCastException: android.os.BinderProxy cannot be cast to com.android.server.am.ActivityRecord$Token
12-14 01:40:57.961 W/ActivityManager( 1629): 	at com.android.server.am.ActivityRecord.forTokenLocked(ActivityRecord.java:778)
12-14 01:40:57.961 W/ActivityManager( 1629): 	at com.android.server.am.ActivityRecord.isInStackLocked(ActivityRecord.java:2085)
12-14 01:40:57.961 W/ActivityManager( 1629): 	at com.android.server.am.ActivityManagerService.getActivityOptions(ActivityManagerService.java:13302)
12-14 01:40:57.961 W/ActivityManager( 1629): 	at android.app.IActivityManager$Stub.onTransact(IActivityManager.java:2910)
12-14 01:40:57.961 W/ActivityManager( 1629): 	at com.android.server.am.ActivityManagerService.onTransact(ActivityManagerService.java:2935)
12-14 01:40:57.961 W/ActivityManager( 1629): 	at android.os.Binder.execTransact(Binder.java:674)
12-14 01:40:57.961 W/ActivityManager( 1629): Bad activity token: android.os.BinderProxy@3853c8
12-14 01:40:57.961 W/ActivityManager( 1629): java.lang.ClassCastException: android.os.BinderProxy cannot be cast to com.android.server.am.ActivityRecord$Token
12-14 01:40:57.961 W/ActivityManager( 1629): 	at com.android.server.am.ActivityRecord.forTokenLocked(ActivityRecord.java:778)
12-14 01:40:57.961 W/ActivityManager( 1629): 	at com.android.server.am.ActivityRecord.isInStackLocked(ActivityRecord.java:2085)
12-14 01:40:57.961 W/ActivityManager( 1629): 	at com.android.server.am.ActivityManagerService.getActivityOptions(ActivityManagerService.java:13302)
12-14 01:40:57.961 W/ActivityManager( 1629): 	at android.app.IActivityManager$Stub.onTransact(IActivityManager.java:2910)
12-14 01:40:57.961 W/ActivityManager( 1629): 	at com.android.server.am.ActivityManagerService.onTransact(ActivityManagerService.java:2935)
12-14 01:40:57.961 W/ActivityManager( 1629): 	at android.os.Binder.execTransact(Binder.java:674)
12-14 01:40:57.968 I/chatty  ( 1629): uid=1000(system) RenderThread identical 35 lines
12-14 01:40:57.968 E/OpenGLRenderer( 1629): GL error:  GL_INVALID_OPERATION
12-14 01:40:57.968 I/zygote  ( 4560): Do partial code cache collection, code=248KB, data=162KB
12-14 01:40:57.970 E/OpenGLRenderer( 1629): GL error:  GL_INVALID_OPERATION
12-14 01:40:57.995 I/chatty  ( 1629): uid=1000(system) RenderThread identical 85 lines
12-14 01:40:57.996 E/OpenGLRenderer( 1629): GL error:  GL_INVALID_OPERATION
12-14 01:40:57.996 I/zygote  ( 4560): After code cache collection, code=246KB, data=162KB
12-14 01:40:57.996 I/zygote  ( 4560): Increasing code cache capacity to 1024KB
12-14 01:40:57.996 E/OpenGLRenderer( 1629): GL error:  GL_INVALID_OPERATION
12-14 01:40:58.005 I/chatty  ( 1629): uid=1000(system) RenderThread identical 25 lines
12-14 01:40:58.005 E/OpenGLRenderer( 1629): GL error:  GL_INVALID_OPERATION
12-14 01:40:58.006 W/PhoneWindow( 4560): Previously focused view reported id 2131296279 during save, but can't be found during restore.
12-14 01:40:58.006 E/OpenGLRenderer( 1629): GL error:  GL_INVALID_OPERATION
12-14 01:40:58.028 I/chatty  ( 1629): uid=1000(system) RenderThread identical 72 lines
12-14 01:40:58.028 E/OpenGLRenderer( 1629): GL error:  GL_INVALID_OPERATION
12-14 01:40:58.028 D/StatusBar( 1733): disable<e i a s b h r c s q >
12-14 01:40:58.029 E/OpenGLRenderer( 1629): GL error:  GL_INVALID_OPERATION
12-14 01:40:58.045 I/chatty  ( 1629): uid=1000(system) RenderThread identical 40 lines
12-14 01:40:58.045 E/OpenGLRenderer( 1629): GL error:  GL_INVALID_OPERATION
12-14 01:40:58.047 D/EGL_emulation( 1733): eglMakeCurrent: 0x8f8b23a0: ver 3 0 (tinfo 0x9ee9fd60)
12-14 01:40:58.048 E/OpenGLRenderer( 1629): GL error:  GL_INVALID_OPERATION
12-14 01:40:58.066 I/chatty  ( 1629): uid=1000(system) RenderThread identical 47 lines
12-14 01:40:58.066 E/OpenGLRenderer( 1629): GL error:  GL_INVALID_OPERATION
12-14 01:40:58.066 D/gralloc_ranchu( 1395): gralloc_alloc: Creating ashmem region of size 487424
12-14 01:40:58.067 E/OpenGLRenderer( 1629): GL error:  GL_INVALID_OPERATION
12-14 01:40:58.155 I/chatty  ( 1629): uid=1000(system) RenderThread identical 65 lines
12-14 01:40:58.156 E/OpenGLRenderer( 1629): GL error:  GL_INVALID_OPERATION
12-14 01:40:58.156 D/gralloc_ranchu( 1395): gralloc_alloc: Creating ashmem region of size 487424
12-14 01:40:58.163 E/OpenGLRenderer( 1629): GL error:  GL_INVALID_OPERATION
12-14 01:40:58.166 I/chatty  ( 1629): uid=1000(system) RenderThread identical 3 lines
12-14 01:40:58.168 E/OpenGLRenderer( 1629): GL error:  GL_INVALID_OPERATION
12-14 01:40:58.169 D/EGL_emulation( 1733): eglMakeCurrent: 0x8f8b23a0: ver 3 0 (tinfo 0x9ee9fd60)
12-14 01:40:58.170 D/gralloc_ranchu( 1395): gralloc_alloc: Creating ashmem region of size 7753728
12-14 01:40:58.173 E/OpenGLRenderer( 1629): GL error:  GL_INVALID_OPERATION
12-14 01:40:58.194 I/chatty  ( 1629): uid=1000(system) RenderThread identical 64 lines
12-14 01:40:58.195 E/OpenGLRenderer( 1629): GL error:  GL_INVALID_OPERATION
12-14 01:40:58.196 E/OpenGLRenderer( 1629): GL error:  GL_INVALID_OPERATION
12-14 01:40:58.196 D/EGL_emulation( 1733): eglMakeCurrent: 0x8f8b23a0: ver 3 0 (tinfo 0x9ee9fd60)
12-14 01:40:58.199 V/StatusBar( 1733): setLightsOn(true)
12-14 01:40:58.200 E/OpenGLRenderer( 1629): GL error:  GL_INVALID_OPERATION
12-14 01:40:58.241 I/chatty  ( 1629): uid=1000(system) RenderThread identical 152 lines
12-14 01:40:58.241 E/OpenGLRenderer( 1629): GL error:  GL_INVALID_OPERATION
12-14 01:40:58.242 D/gralloc_ranchu( 1395): gralloc_alloc: Creating ashmem region of size 7753728
12-14 01:40:58.242 E/OpenGLRenderer( 1629): GL error:  GL_INVALID_OPERATION
12-14 01:40:58.244 I/WindowManager( 1629): Screen frozen for +793ms due to Window{103d3e0 u0 com.evancharlton.mileage/com.evancharlton.mileage.Mileage}
12-14 01:40:58.287 I/chatty  ( 1629): uid=1000(system) RenderThread identical 39 lines
12-14 01:40:58.287 E/OpenGLRenderer( 1629): GL error:  GL_INVALID_OPERATION
12-14 01:40:58.288 E/OpenGLRenderer( 1629): GL error:  GL_INVALID_OPERATION
12-14 01:40:58.289 I/zygote  ( 1945): Background concurrent copying GC freed 88679(5MB) AllocSpace objects, 6(232KB) LOS objects, 47% free, 6MB/12MB, paused 53.399ms total 223.362ms
12-14 01:40:58.402 I/chatty  ( 1629): uid=1000(system) RenderThread expire 99 lines
12-14 01:40:58.403 E/OpenGLRenderer( 1629): GL error:  GL_INVALID_OPERATION
12-14 01:40:58.405 E/hw-IPCThreadState( 1395): binder thread pool (1 threads) starved for 164 ms
12-14 01:40:58.406 E/OpenGLRenderer( 1629): GL error:  GL_INVALID_OPERATION
12-14 01:40:58.487 I/chatty  ( 1629): uid=1000(system) RenderThread identical 167 lines
12-14 01:40:58.488 E/OpenGLRenderer( 1629): GL error:  GL_INVALID_OPERATION
12-14 01:40:58.489 D/SurfaceFlinger( 1414): duplicate layer name: changing BlackSurface to BlackSurface#1
12-14 01:40:58.489 E/OpenGLRenderer( 1629): GL error:  GL_INVALID_OPERATION
12-14 01:40:58.489 I/chatty  ( 1629): uid=1000(system) RenderThread identical 1 line
12-14 01:40:58.490 E/OpenGLRenderer( 1629): GL error:  GL_INVALID_OPERATION
12-14 01:40:58.491 D/SurfaceFlinger( 1414): duplicate layer name: changing BlackSurface to BlackSurface#1
12-14 01:40:58.491 E/OpenGLRenderer( 1629): GL error:  GL_INVALID_OPERATION
12-14 01:40:58.493 I/chatty  ( 1629): uid=1000(system) RenderThread identical 4 lines
12-14 01:40:58.493 E/OpenGLRenderer( 1629): GL error:  GL_INVALID_OPERATION
12-14 01:40:58.493 V/StatusBar( 1733): setLightsOn(true)
12-14 01:40:58.493 E/OpenGLRenderer( 1629): GL error:  GL_INVALID_OPERATION
12-14 01:40:58.914 I/chatty  ( 1629): uid=1000(system) RenderThread identical 1680 lines
12-14 01:40:58.915 E/OpenGLRenderer( 1629): GL error:  GL_INVALID_OPERATION
12-14 01:40:58.917 V/StatusBar( 1733): setLightsOn(true)
12-14 01:40:58.918 E/OpenGLRenderer( 1629): GL error:  GL_INVALID_OPERATION
12-14 01:40:59.295 I/chatty  ( 1629): uid=1000(system) RenderThread identical 1957 lines
12-14 01:40:59.298 E/OpenGLRenderer( 1629): GL error:  GL_INVALID_OPERATION
12-14 01:40:59.298 D/gralloc_ranchu( 1395): gralloc_alloc: Creating ashmem region of size 7753728
12-14 01:40:59.298 E/OpenGLRenderer( 1629): GL error:  GL_INVALID_OPERATION
12-14 01:40:59.649 I/chatty  ( 1629): uid=1000(system) RenderThread identical 815 lines
12-14 01:40:59.650 E/OpenGLRenderer( 1629): GL error:  GL_INVALID_OPERATION
12-14 01:40:59.652 W/audio_hw_generic( 1389): Not supplying enough data to HAL, expected position 1367547 , only wrote 982800
12-14 01:40:59.653 E/OpenGLRenderer( 1629): GL error:  GL_INVALID_OPERATION
12-14 01:40:59.815 I/chatty  ( 1629): uid=1000(system) RenderThread identical 418 lines
12-14 01:40:59.815 E/OpenGLRenderer( 1629): GL error:  GL_INVALID_OPERATION
12-14 01:40:59.815 I/System.out( 4560): URI: //gesture
12-14 01:40:59.815 I/System.out( 4560): params: {json={"query_timeout":5.0,"gestures":[{"query_string":"android.widget.TabWidget descendant TextView index:1","touches":[{"x":50,"y":50,"offset_x":0,"offset_y":0,"wait":0.0,"time":0.2,"release":true,"query_string":null}]}]}
12-14 01:40:59.815 E/OpenGLRenderer( 1629): GL error:  GL_INVALID_OPERATION
12-14 01:40:59.815 I/System.out( 4560): }
12-14 01:40:59.815 E/OpenGLRenderer( 1629): GL error:  GL_INVALID_OPERATION
12-14 01:41:00.089 W/ActivityManager( 1629): Bad activity token: android.os.BinderProxy@59516a
12-14 01:41:00.089 W/ActivityManager( 1629): java.lang.ClassCastException: android.os.BinderProxy cannot be cast to com.android.server.am.ActivityRecord$Token
12-14 01:41:00.089 W/ActivityManager( 1629): 	at com.android.server.am.ActivityRecord.forTokenLocked(ActivityRecord.java:778)
12-14 01:41:00.089 W/ActivityManager( 1629): 	at com.android.server.am.ActivityRecord.isInStackLocked(ActivityRecord.java:2085)
12-14 01:41:00.089 W/ActivityManager( 1629): 	at com.android.server.am.ActivityRecord.getStackLocked(ActivityRecord.java:2090)
12-14 01:41:00.089 W/ActivityManager( 1629): 	at com.android.server.am.ActivityManagerService.getActivityDisplayId(ActivityManagerService.java:10406)
12-14 01:41:00.089 W/ActivityManager( 1629): 	at android.app.IActivityManager$Stub.onTransact(IActivityManager.java:2738)
12-14 01:41:00.089 W/ActivityManager( 1629): 	at com.android.server.am.ActivityManagerService.onTransact(ActivityManagerService.java:2935)
12-14 01:41:00.089 W/ActivityManager( 1629): 	at android.os.Binder.execTransact(Binder.java:674)
12-14 01:41:00.092 I/chatty  ( 1629): uid=1000(system) RenderThread identical 787 lines
12-14 01:41:00.092 E/OpenGLRenderer( 1629): GL error:  GL_INVALID_OPERATION
12-14 01:41:00.092 I/calabash( 4560): newActivity1
12-14 01:41:00.092 E/OpenGLRenderer( 1629): GL error:  GL_INVALID_OPERATION
12-14 01:41:00.096 I/chatty  ( 1629): uid=1000(system) RenderThread identical 11 lines
12-14 01:41:00.096 E/OpenGLRenderer( 1629): GL error:  GL_INVALID_OPERATION
12-14 01:41:00.096 W/audio_hw_generic( 1389): Not supplying enough data to HAL, expected position 983070 , only wrote 982800
12-14 01:41:00.097 E/OpenGLRenderer( 1629): GL error:  GL_INVALID_OPERATION
12-14 01:41:00.100 W/ActivityManager( 1629): Bad activity token: android.os.BinderProxy@59516a
12-14 01:41:00.100 W/ActivityManager( 1629): java.lang.ClassCastException: android.os.BinderProxy cannot be cast to com.android.server.am.ActivityRecord$Token
12-14 01:41:00.100 W/ActivityManager( 1629): 	at com.android.server.am.ActivityRecord.forTokenLocked(ActivityRecord.java:778)
12-14 01:41:00.100 W/ActivityManager( 1629): 	at com.android.server.am.ActivityRecord.isInStackLocked(ActivityRecord.java:2085)
12-14 01:41:00.100 W/ActivityManager( 1629): 	at com.android.server.am.ActivityManagerService.setTaskDescription(ActivityManagerService.java:9988)
12-14 01:41:00.100 W/ActivityManager( 1629): 	at android.app.IActivityManager$Stub.onTransact(IActivityManager.java:2824)
12-14 01:41:00.100 W/ActivityManager( 1629): 	at com.android.server.am.ActivityManagerService.onTransact(ActivityManagerService.java:2935)
12-14 01:41:00.100 W/ActivityManager( 1629): 	at android.os.Binder.execTransact(Binder.java:674)
12-14 01:41:00.102 W/ActivityManager( 1629): Bad activity token: android.os.BinderProxy@59516a
12-14 01:41:00.102 W/ActivityManager( 1629): java.lang.ClassCastException: android.os.BinderProxy cannot be cast to com.android.server.am.ActivityRecord$Token
12-14 01:41:00.102 W/ActivityManager( 1629): 	at com.android.server.am.ActivityRecord.forTokenLocked(ActivityRecord.java:778)
12-14 01:41:00.102 W/ActivityManager( 1629): 	at com.android.server.am.ActivityRecord.isInStackLocked(ActivityRecord.java:2085)
12-14 01:41:00.102 W/ActivityManager( 1629): 	at com.android.server.am.ActivityRecord.getStackLocked(ActivityRecord.java:2090)
12-14 01:41:00.102 W/ActivityManager( 1629): 	at com.android.server.am.ActivityManagerService.getActivityStackId(ActivityManagerService.java:10417)
12-14 01:41:00.102 W/ActivityManager( 1629): 	at android.app.IActivityManager$Stub.onTransact(IActivityManager.java:3548)
12-14 01:41:00.102 W/ActivityManager( 1629): 	at com.android.server.am.ActivityManagerService.onTransact(ActivityManagerService.java:2935)
12-14 01:41:00.102 W/ActivityManager( 1629): 	at android.os.Binder.execTransact(Binder.java:674)
12-14 01:41:00.166 W/ActivityManager( 1629): Bad activity token: android.os.BinderProxy@59516a
12-14 01:41:00.166 W/ActivityManager( 1629): java.lang.ClassCastException: android.os.BinderProxy cannot be cast to com.android.server.am.ActivityRecord$Token
12-14 01:41:00.166 W/ActivityManager( 1629): 	at com.android.server.am.ActivityRecord.forTokenLocked(ActivityRecord.java:778)
12-14 01:41:00.166 W/ActivityManager( 1629): 	at com.android.server.am.ActivityRecord.isInStackLocked(ActivityRecord.java:2085)
12-14 01:41:00.166 W/ActivityManager( 1629): 	at com.android.server.am.ActivityManagerService.getActivityOptions(ActivityManagerService.java:13302)
12-14 01:41:00.166 W/ActivityManager( 1629): 	at android.app.IActivityManager$Stub.onTransact(IActivityManager.java:2910)
12-14 01:41:00.166 W/ActivityManager( 1629): 	at com.android.server.am.ActivityManagerService.onTransact(ActivityManagerService.java:2935)
12-14 01:41:00.166 W/ActivityManager( 1629): 	at android.os.Binder.execTransact(Binder.java:674)
12-14 01:41:00.167 W/ActivityManager( 1629): Bad activity token: android.os.BinderProxy@59516a
12-14 01:41:00.167 W/ActivityManager( 1629): java.lang.ClassCastException: android.os.BinderProxy cannot be cast to com.android.server.am.ActivityRecord$Token
12-14 01:41:00.167 W/ActivityManager( 1629): 	at com.android.server.am.ActivityRecord.forTokenLocked(ActivityRecord.java:778)
12-14 01:41:00.167 W/ActivityManager( 1629): 	at com.android.server.am.ActivityRecord.isInStackLocked(ActivityRecord.java:2085)
