12-14 01:52:19.019 W/ActivityManager( 1628): 	at android.os.Binder.execTransact(Binder.java:674)
12-14 01:52:19.061 D/EGL_emulation( 2166): eglMakeCurrent: 0x986fdc20: ver 3 0 (tinfo 0x986ff540)
12-14 01:52:19.073 D/EGL_emulation( 2144): eglMakeCurrent: 0x986fcf00: ver 3 0 (tinfo 0x986ff930)
12-14 01:52:19.078 W/asset   ( 1729): Asset path /data/app/com.evancharlton.mileage-1aZpgeAQdk14r4q_vy257g==/base.apk is neither a directory nor file (type=1).
12-14 01:52:19.078 E/ResourcesManager( 1729): failed to add asset path /data/app/com.evancharlton.mileage-1aZpgeAQdk14r4q_vy257g==/base.apk
12-14 01:52:19.078 W/PackageManager( 1729): Failure retrieving resources for com.evancharlton.mileage
12-14 01:52:19.078 W/asset   ( 1729): Asset path /data/app/com.evancharlton.mileage-1aZpgeAQdk14r4q_vy257g==/base.apk is neither a directory nor file (type=1).
12-14 01:52:19.078 E/ResourcesManager( 1729): failed to add asset path /data/app/com.evancharlton.mileage-1aZpgeAQdk14r4q_vy257g==/base.apk
12-14 01:52:19.078 W/PackageManager( 1729): Failure retrieving resources for com.evancharlton.mileage
12-14 01:52:19.078 W/asset   ( 1729): Asset path /data/app/com.evancharlton.mileage-1aZpgeAQdk14r4q_vy257g==/base.apk is neither a directory nor file (type=1).
12-14 01:52:19.078 E/ResourcesManager( 1729): failed to add asset path /data/app/com.evancharlton.mileage-1aZpgeAQdk14r4q_vy257g==/base.apk
12-14 01:52:19.078 W/PackageManager( 1729): Failure retrieving resources for com.evancharlton.mileage
12-14 01:52:19.093 D/FillupsProvider( 3896): Creating database
12-14 01:52:19.100 D/EGL_emulation( 1729): eglMakeCurrent: 0x87259160: ver 3 0 (tinfo 0x8724faf0)
12-14 01:52:19.107 I/chatty  ( 1729): uid=10028(u0_a28) RenderThread identical 1 line
12-14 01:52:19.124 D/EGL_emulation( 1729): eglMakeCurrent: 0x87259160: ver 3 0 (tinfo 0x8724faf0)
12-14 01:52:19.126 V/StatusBar( 1729): setLightsOn(true)
12-14 01:52:19.129 D/EGL_emulation( 1729): eglMakeCurrent: 0x87259160: ver 3 0 (tinfo 0x8724faf0)
12-14 01:52:19.130 E/ContentStoreEUAS( 2166): Failed to commit the deferred actions
12-14 01:52:19.158 D/EGL_emulation( 1729): eglMakeCurrent: 0x87259160: ver 3 0 (tinfo 0x8724faf0)
12-14 01:52:19.162 D/EGL_emulation( 1729): eglMakeCurrent: 0x87259160: ver 3 0 (tinfo 0x8724faf0)
12-14 01:52:19.173 D/BoundBrokerSvc( 1944): onUnbind: Intent { act=com.google.android.gms.clearcut.bootcount.service.START cmp=com.google.android.gms/.chimera.PersistentBoundBrokerService }
12-14 01:52:19.174 D/EGL_emulation( 1729): eglMakeCurrent: 0x87259160: ver 3 0 (tinfo 0x8724faf0)
12-14 01:52:19.191 I/chatty  ( 1729): uid=10028(u0_a28) RenderThread identical 2 lines
12-14 01:52:19.194 D/EGL_emulation( 1729): eglMakeCurrent: 0x87259160: ver 3 0 (tinfo 0x8724faf0)
12-14 01:52:19.207 I/zygote  ( 3896): Do partial code cache collection, code=29KB, data=28KB
12-14 01:52:19.207 D/EGL_emulation( 1729): eglMakeCurrent: 0x87259160: ver 3 0 (tinfo 0x8724faf0)
12-14 01:52:19.208 I/zygote  ( 3896): After code cache collection, code=29KB, data=28KB
12-14 01:52:19.208 I/zygote  ( 3896): Increasing code cache capacity to 128KB
12-14 01:52:19.211 D/EGL_emulation( 1729): eglMakeCurrent: 0x87259160: ver 3 0 (tinfo 0x8724faf0)
12-14 01:52:19.248 W/ActivityManager( 1628): Bad activity token: android.os.BinderProxy@d59f563
12-14 01:52:19.248 W/ActivityManager( 1628): java.lang.ClassCastException: android.os.BinderProxy cannot be cast to com.android.server.am.ActivityRecord$Token
12-14 01:52:19.248 W/ActivityManager( 1628): 	at com.android.server.am.ActivityRecord.forTokenLocked(ActivityRecord.java:778)
12-14 01:52:19.248 W/ActivityManager( 1628): 	at com.android.server.am.ActivityRecord.isInStackLocked(ActivityRecord.java:2085)
12-14 01:52:19.248 W/ActivityManager( 1628): 	at com.android.server.am.ActivityManagerService.getActivityOptions(ActivityManagerService.java:13302)
12-14 01:52:19.248 W/ActivityManager( 1628): 	at android.app.IActivityManager$Stub.onTransact(IActivityManager.java:2910)
12-14 01:52:19.248 W/ActivityManager( 1628): 	at com.android.server.am.ActivityManagerService.onTransact(ActivityManagerService.java:2935)
12-14 01:52:19.248 W/ActivityManager( 1628): 	at android.os.Binder.execTransact(Binder.java:674)
12-14 01:52:19.251 W/ActivityManager( 1628): Bad activity token: android.os.BinderProxy@d59f563
12-14 01:52:19.251 W/ActivityManager( 1628): java.lang.ClassCastException: android.os.BinderProxy cannot be cast to com.android.server.am.ActivityRecord$Token
12-14 01:52:19.251 W/ActivityManager( 1628): 	at com.android.server.am.ActivityRecord.forTokenLocked(ActivityRecord.java:778)
12-14 01:52:19.251 W/ActivityManager( 1628): 	at com.android.server.am.ActivityRecord.isInStackLocked(ActivityRecord.java:2085)
12-14 01:52:19.251 W/ActivityManager( 1628): 	at com.android.server.am.ActivityManagerService.getActivityOptions(ActivityManagerService.java:13302)
12-14 01:52:19.251 W/ActivityManager( 1628): 	at android.app.IActivityManager$Stub.onTransact(IActivityManager.java:2910)
12-14 01:52:19.251 W/ActivityManager( 1628): 	at com.android.server.am.ActivityManagerService.onTransact(ActivityManagerService.java:2935)
12-14 01:52:19.251 W/ActivityManager( 1628): 	at android.os.Binder.execTransact(Binder.java:674)
12-14 01:52:19.301 I/chatty  ( 1729): uid=10028(u0_a28) RenderThread identical 11 lines
12-14 01:52:19.309 D/EGL_emulation( 1729): eglMakeCurrent: 0x87259160: ver 3 0 (tinfo 0x8724faf0)
12-14 01:52:19.336 V/StatusBar( 1729): setLightsOn(true)
12-14 01:52:19.394 I/chatty  ( 1729): uid=10028(u0_a28) com.android.systemui identical 2 lines
12-14 01:52:19.395 V/StatusBar( 1729): setLightsOn(true)
12-14 01:52:19.406 I/zygote  ( 3896): Do partial code cache collection, code=41KB, data=57KB
12-14 01:52:19.408 I/zygote  ( 3896): After code cache collection, code=41KB, data=57KB
12-14 01:52:19.408 I/zygote  ( 3896): Increasing code cache capacity to 256KB
12-14 01:52:19.412 I/zygote  ( 3896): JIT allocated 71KB for compiled code of void android.widget.TextView.<init>(android.content.Context, android.util.AttributeSet, int, int)
12-14 01:52:19.413 I/zygote  ( 3896): Compiler allocated 4MB to compile void android.widget.TextView.<init>(android.content.Context, android.util.AttributeSet, int, int)
12-14 01:52:19.434 D/gralloc_ranchu( 1396): gralloc_alloc: Creating ashmem region of size 7753728
12-14 01:52:19.440 I/zygote  ( 3896): Do full code cache collection, code=122KB, data=68KB
12-14 01:52:19.440 I/zygote  ( 3896): After code cache collection, code=86KB, data=36KB
12-14 01:52:19.460 D/        ( 3896): HostConnection::get() New Host Connection established 0x984afc80, tid 3896
12-14 01:52:19.487 V/StatusBar( 1729): setLightsOn(true)
12-14 01:52:19.512 I/chatty  ( 1729): uid=10028(u0_a28) com.android.systemui identical 1 line
12-14 01:52:19.513 V/StatusBar( 1729): setLightsOn(true)
12-14 01:52:19.514 I/ActivityManager( 1628): Displayed com.evancharlton.mileage/.Mileage: +544ms
12-14 01:52:19.541 V/StatusBar( 1729): setLightsOn(true)
12-14 01:52:19.543 D/gralloc_ranchu( 1396): gralloc_alloc: Creating ashmem region of size 7753728
12-14 01:52:19.702 V/StatusBar( 1729): setLightsOn(true)
12-14 01:52:19.761 I/System.out( 3896): URI: //map
12-14 01:52:19.761 I/System.out( 3896): params: {json={"query":"android.widget.Button index:2","operation":{"method_name":"query","arguments":[]}}
12-14 01:52:19.761 I/System.out( 3896): }
12-14 01:52:19.784 V/StatusBar( 1729): setLightsOn(true)
12-14 01:52:19.785 I/chatty  ( 1729): uid=10028(u0_a28) com.android.systemui identical 1 line
12-14 01:52:19.802 V/StatusBar( 1729): setLightsOn(true)
12-14 01:52:19.816 W/SurfaceFlinger( 1405): couldn't log to binary event log: overflow.
12-14 01:52:19.816 W/SurfaceFlinger( 1405): couldn't log to binary event log: overflow.
12-14 01:52:19.829 W/Nearby  ( 1944): Failed attempt #3 out of 3 for RestoreDeviceName [CONTEXT service_id=49 ]
12-14 01:52:19.829 W/Nearby  ( 1944): java.lang.IllegalStateException: BluetoothAdapter not ready yet!
12-14 01:52:19.829 W/Nearby  ( 1944): 	at alhd.g(:com.google.android.gms@204713022@20.47.13 (040700-344095733):2)
12-14 01:52:19.829 W/Nearby  ( 1944): 	at alhc.run(Unknown Source:0)
12-14 01:52:19.829 W/Nearby  ( 1944): 	at bznt.call(Unknown Source:0)
12-14 01:52:19.829 W/Nearby  ( 1944): 	at bzny.b(:com.google.android.gms@204713022@20.47.13 (040700-344095733):2)
12-14 01:52:19.829 W/Nearby  ( 1944): 	at bzny.a(:com.google.android.gms@204713022@20.47.13 (040700-344095733):0)
12-14 01:52:19.829 W/Nearby  ( 1944): 	at alhb.run(Unknown Source:2)
12-14 01:52:19.829 W/Nearby  ( 1944): 	at java.lang.Thread.run(Thread.java:764)
12-14 01:52:19.829 W/Nearby  ( 1944): 	at tly.run(Unknown Source:5)
12-14 01:52:19.829 W/Nearby  ( 1944): 	at java.util.concurrent.ThreadPoolExecutor.runWorker(ThreadPoolExecutor.java:1162)
12-14 01:52:19.829 W/Nearby  ( 1944): 	at java.util.concurrent.ThreadPoolExecutor$Worker.run(ThreadPoolExecutor.java:636)
12-14 01:52:19.829 W/Nearby  ( 1944): 	at trx.run(:com.google.android.gms@204713022@20.47.13 (040700-344095733):0)
12-14 01:52:19.829 W/Nearby  ( 1944): 	at java.lang.Thread.run(Thread.java:764)
12-14 01:52:19.894 I/PBSessionCacheImpl( 2166): Deleted sessionId[7643941204754] from persistence.
12-14 01:52:19.919 W/SearchService( 2166): Abort, client detached.
12-14 01:52:19.921 E/WorkerRegistryImpl( 2166): getWorker() is called after WorkerRegistry disposal.
12-14 01:52:19.921 E/WorkerRegistryImpl( 2166): getWorker() is called after WorkerRegistry disposal.
12-14 01:52:19.922 I/System.out( 3896): URI: //gesture
12-14 01:52:19.922 I/System.out( 3896): params: {json={"query_timeout":5.0,"gestures":[{"query_string":"android.widget.Button index:2","touches":[{"x":50,"y":50,"offset_x":0,"offset_y":0,"wait":0.0,"time":0.2,"release":true,"query_string":null}]}]}
12-14 01:52:19.922 I/System.out( 3896): }
12-14 01:52:19.934 I/zygote  ( 1944): Deoptimizing void tma.c(java.lang.Runnable) due to JIT inline cache
12-14 01:52:20.163 I/zygote  ( 3896): Do partial code cache collection, code=119KB, data=63KB
12-14 01:52:20.163 I/zygote  ( 3896): After code cache collection, code=119KB, data=63KB
12-14 01:52:20.163 I/zygote  ( 3896): Increasing code cache capacity to 512KB
12-14 01:52:20.226 I/AudioTrack( 1628): AUDIO_OUTPUT_FLAG_FAST successful; frameCount 4512 -> 4512
12-14 01:52:20.309 V/StatusBar( 1729): setLightsOn(true)
12-14 01:52:20.310 I/chatty  ( 1729): uid=10028(u0_a28) com.android.systemui identical 1 line
12-14 01:52:20.312 V/StatusBar( 1729): setLightsOn(true)
12-14 01:52:20.329 W/View    ( 3896): dispatchProvideAutofillStructure(): not laid out, ignoring
12-14 01:52:20.339 W/Binder  ( 1628): Outgoing transactions from this process must be FLAG_ONEWAY
12-14 01:52:20.339 W/Binder  ( 1628): java.lang.Throwable
12-14 01:52:20.339 W/Binder  ( 1628): 	at android.os.BinderProxy.transact(Binder.java:736)
12-14 01:52:20.339 W/Binder  ( 1628): 	at android.app.assist.AssistStructure$ParcelTransferReader.fetchData(AssistStructure.java:407)
12-14 01:52:20.339 W/Binder  ( 1628): 	at android.app.assist.AssistStructure$ParcelTransferReader.go(AssistStructure.java:343)
12-14 01:52:20.339 W/Binder  ( 1628): 	at android.app.assist.AssistStructure.ensureData(AssistStructure.java:2096)
12-14 01:52:20.339 W/Binder  ( 1628): 	at com.android.server.autofill.Session$1.send(Session.java:200)
12-14 01:52:20.339 W/Binder  ( 1628): 	at com.android.server.am.ActivityManagerService.reportAssistContextExtras(ActivityManagerService.java:13137)
12-14 01:52:20.339 W/Binder  ( 1628): 	at android.app.IActivityManager$Stub.onTransact(IActivityManager.java:2466)
12-14 01:52:20.339 W/Binder  ( 1628): 	at com.android.server.am.ActivityManagerService.onTransact(ActivityManagerService.java:2935)
12-14 01:52:20.339 W/Binder  ( 1628): 	at android.os.Binder.execTransact(Binder.java:674)
12-14 01:52:20.344 I/AssistStructure( 3896): Flattened final assist data: 5024 bytes, containing 2 windows, 19 views
12-14 01:52:20.363 D/gralloc_ranchu( 1396): gralloc_alloc: Creating ashmem region of size 303104
12-14 01:52:20.857 W/audio_hw_generic( 1390): Not supplying enough data to HAL, expected position 23553 , only wrote 2160
12-14 01:52:20.857 W/AudioFlinger( 1476): write blocked for 495 msecs, 1 delayed writes, thread 0xaf203740
12-14 01:52:20.857 W/audio_hw_generic( 1390): Not supplying enough data to HAL, expected position 2183 , only wrote 2160
12-14 01:52:20.868 V/StatusBar( 1729): setLightsOn(true)
12-14 01:52:20.872 V/StatusBar( 1729): setLightsOn(true)
12-14 01:52:20.874 W/audio_hw_generic( 1390): Hardware backing HAL too slow, could only write 0 of 720 frames
12-14 01:52:20.885 V/StatusBar( 1729): setLightsOn(true)
12-14 01:52:20.887 D/AudioFlinger( 1476): mixer(0xaf203740) throttle end: throttle time(12)
12-14 01:52:20.945 I/AssistStructure( 1628): Flattened final assist data: 4496 bytes, containing 2 windows, 19 views
12-14 01:52:20.955 D/gralloc_ranchu( 1396): gralloc_alloc: Creating ashmem region of size 7753728
12-14 01:52:20.968 W/lgq     ( 1944): Pending fill request while another request in the same session was triggered. [CONTEXT service_id=177 ]
12-14 01:52:21.002 E/SurfaceFlinger( 1405): ro.sf.lcd_density must be defined as a build property
12-14 01:52:21.004 D/PermissionCache( 1405): checking android.permission.READ_FRAME_BUFFER for uid=2000 => granted (674 us)
12-14 01:52:21.031 D/gralloc_ranchu( 1396): gralloc_alloc: Creating ashmem region of size 8298496
12-14 01:52:21.049 D/        ( 3948): HostConnection::get() New Host Connection established 0xa6f2f800, tid 3948
12-14 01:52:21.137 V/StatusBar( 1729): setLightsOn(true)
12-14 01:52:21.236 I/zygote  ( 1944): Background concurrent copying GC freed 99740(5MB) AllocSpace objects, 7(164KB) LOS objects, 45% free, 7MB/13MB, paused 2.778ms total 193.336ms
12-14 01:52:21.527 D/BoundBrokerSvc( 1944): onUnbind: Intent { act=com.google.android.gms.auth.account.workaccount.START cmp=com.google.android.gms/.chimera.PersistentApiService }
