--------- beginning of main
12-14 01:52:52.214 D/AndroidRuntime( 4416): >>>>>> START com.android.internal.os.RuntimeInit uid 2000 <<<<<<
12-14 01:52:52.246 W/app_process( 4416): Unexpected CPU variant for X86 using defaults: x86
12-14 01:52:52.263 D/AndroidRuntime( 4416): Calling main entry com.android.commands.am.Am
--------- beginning of system
12-14 01:52:52.267 I/ActivityManager( 1628): Force stopping com.evancharlton.mileage appid=10312 user=0: start instr
12-14 01:52:52.267 I/ActivityManager( 1628): Killing 4394:com.evancharlton.mileage/u0a312 (adj 0): stop com.evancharlton.mileage
12-14 01:52:52.269 W/ActivityManager( 1628): Crash of app com.evancharlton.mileage running instrumentation ComponentInfo{com.evancharlton.mileage.test/sh.calaba.instrumentationbackend.ClearAppData2}
12-14 01:52:52.269 I/ActivityManager( 1628): Force stopping com.evancharlton.mileage appid=10312 user=0: finished inst
12-14 01:52:52.274 I/zygote  ( 4426): Not late-enabling -Xcheck:jni (already on)
12-14 01:52:52.282 W/zygote  ( 4426): Unexpected CPU variant for X86 using defaults: x86
12-14 01:52:52.282 I/ActivityManager( 1628): Start proc 4426:com.evancharlton.mileage/u0a312 for added application com.evancharlton.mileage
12-14 01:52:52.283 D/AndroidRuntime( 4416): Shutting down VM
12-14 01:52:52.285 E/memtrack( 1628): Couldn't load memtrack module
12-14 01:52:52.285 W/android.os.Debug( 1628): failed to get memory consumption info: -1
12-14 01:52:52.307 W/zygote  ( 4426): Found duplicate classes, falling back to extracting from APK : /data/app/com.evancharlton.mileage.test-tltOuAxfebRHzeCtg78T8w==/base.apk
12-14 01:52:52.307 W/zygote  ( 4426): NOTE: This wastes RAM and hurts startup performance.
12-14 01:52:52.307 W/zygote  ( 4426): Found duplicated class when checking oat files: 'Ljunit/runner/BaseTestRunner;' in /data/app/com.evancharlton.mileage.test-tltOuAxfebRHzeCtg78T8w==/base.apk and /system/framework/android.test.runner.jar
12-14 01:52:52.307 W/zygote  ( 4426): 
12-14 01:52:52.318 E/adbd    ( 1383): failed to connect to socket 'tcp:7102': Connection refused
12-14 01:52:52.320 E/adbd    ( 1383): failed to connect to socket 'tcp:7102': Connection refused
12-14 01:52:52.340 W/System  ( 4426): ClassLoader referenced unknown path: 
12-14 01:52:52.352 I/System.out( 4426): Main activity name automatically set to: com.evancharlton.mileage.Mileage
12-14 01:52:52.353 I/System.out( 4426): Calabash did not load Mono. This is only a problem if you are trying to test a Mono application
12-14 01:52:52.353 I/calabash( 4426): Test server port: 7102
12-14 01:52:52.354 I/InstrumentationBackend( 4426): Added:'GetPreferences', with key:'get_preferences'
12-14 01:52:52.412 I/InstrumentationBackend( 4426): Added:'SetPreferences', with key:'set_preferences'
12-14 01:52:52.412 I/InstrumentationBackend( 4426): Added:'ClearPreferences', with key:'clear_preferences'
12-14 01:52:52.413 I/InstrumentationBackend( 4426): Added:'PressElement', with key:'press_l10n_element'
12-14 01:52:52.413 I/InstrumentationBackend( 4426): Added:'WaitForElement', with key:'wait_for_l10n_element'
12-14 01:52:52.413 I/InstrumentationBackend( 4426): Added:'NullAction', with key:'nullAction'
12-14 01:52:52.414 I/InstrumentationBackend( 4426): Added:'PressKey', with key:'press_key'
12-14 01:52:52.414 I/InstrumentationBackend( 4426): Added:'SetActivityOrientation', with key:'set_activity_orientation'
12-14 01:52:52.414 I/InstrumentationBackend( 4426): Added:'GetActivityOrientation', with key:'get_activity_orientation'
12-14 01:52:52.415 I/InstrumentationBackend( 4426): Added:'FakeGPSLocation', with key:'set_gps_coordinates'
12-14 01:52:52.416 I/InstrumentationBackend( 4426): Added:'SetPropertyByCssSelector', with key:'set_property_by_css_selector'
12-14 01:52:52.417 I/InstrumentationBackend( 4426): Added:'GetUrl', with key:'get_url'
12-14 01:52:52.419 I/InstrumentationBackend( 4426): Added:'ScrollTo', with key:'scroll_to'
12-14 01:52:52.419 I/InstrumentationBackend( 4426): Added:'GetLoadProgress', with key:'get_load_progress'
12-14 01:52:52.420 I/InstrumentationBackend( 4426): Added:'DumpHtml', with key:'dump_html'
12-14 01:52:52.420 I/InstrumentationBackend( 4426): Added:'DumpBodyHtml', with key:'dump_body_html'
12-14 01:52:52.420 I/InstrumentationBackend( 4426): Added:'EnterTextByCssSelector', with key:'enter_text_by_selector'
12-14 01:52:52.425 I/InstrumentationBackend( 4426): Added:'AndroidSDKVersion', with key:'android_sdk_version'
12-14 01:52:52.425 I/InstrumentationBackend( 4426): Added:'Version', with key:'version'
12-14 01:52:52.425 I/InstrumentationBackend( 4426): Added:'Drag', with key:'drag'
12-14 01:52:52.425 I/InstrumentationBackend( 4426): Added:'TouchCoordinates', with key:'touch_coordinate'
12-14 01:52:52.426 I/InstrumentationBackend( 4426): Added:'LongPressCoordinate', with key:'long_press_coordinate'
12-14 01:52:52.426 I/InstrumentationBackend( 4426): Added:'DragCoordinates', with key:'drag_coordinates'
12-14 01:52:52.426 I/InstrumentationBackend( 4426): Added:'ResumeApplication', with key:'resume_application'
12-14 01:52:52.427 I/InstrumentationBackend( 4426): Added:'Swipe', with key:'swipe'
12-14 01:52:52.427 I/InstrumentationBackend( 4426): Added:'DoubleTapCoordinate', with key:'double_tap_coordinate'
12-14 01:52:52.427 I/InstrumentationBackend( 4426): Added:'ClickOnScreen', with key:'click_on_screen'
12-14 01:52:52.428 I/InstrumentationBackend( 4426): Added:'GetActivityName', with key:'get_activity_name'
12-14 01:52:52.428 I/InstrumentationBackend( 4426): Added:'ScrollToView', with key:'scroll_to_view'
12-14 01:52:52.429 I/InstrumentationBackend( 4426): Added:'ViewConfiguration', with key:'view_configuration'
12-14 01:52:52.429 I/InstrumentationBackend( 4426): Added:'IsCurrentActivityFocused', with key:'is_current_activity_focused'
12-14 01:52:52.429 I/InstrumentationBackend( 4426): Added:'SendTcp', with key:'send_tcp'
12-14 01:52:52.430 I/InstrumentationBackend( 4426): Added:'DpToDevicePixel', with key:'dp_to_device_pixel'
12-14 01:52:52.431 I/InstrumentationBackend( 4426): Added:'KeyboardEnterText', with key:'keyboard_enter_text'
12-14 01:52:52.433 I/InstrumentationBackend( 4426): Added:'DeleteSurroundingText', with key:'delete_surrounding_text'
12-14 01:52:52.433 I/InstrumentationBackend( 4426): Added:'SetComposingRegion', with key:'set_composing_region'
12-14 01:52:52.433 I/InstrumentationBackend( 4426): Added:'SetSelection', with key:'set_selection'
12-14 01:52:52.433 I/InstrumentationBackend( 4426): Added:'KeyboardKeyEvent', with key:'keyboard_key_event'
12-14 01:52:52.434 I/InstrumentationBackend( 4426): Added:'PressUserActionButton', with key:'press_user_action_button'
12-14 01:52:52.435 I/InstrumentationBackend( 4426): Added:'HideSoftKeyboard', with key:'hide_soft_keyboard'
12-14 01:52:52.436 I/InstrumentationBackend( 4426): Added:'ListActions', with key:'list_actions'
12-14 01:52:52.436 I/calabash( 4426): Instantiating http server at 7102
12-14 01:52:52.437 I/System.out( 4426): HTTP Daemon listening on: 7102
12-14 01:52:52.443 I/System.out( 4426): URI: //ping
12-14 01:52:52.443 I/System.out( 4426): params: {json={}
12-14 01:52:52.443 I/System.out( 4426): }
12-14 01:52:52.449 I/System.out( 4426): URI: //ping
12-14 01:52:52.449 I/System.out( 4426): params: {json={}
12-14 01:52:52.449 I/System.out( 4426): }
12-14 01:52:52.455 I/System.out( 4426): URI: //ready
12-14 01:52:52.455 I/System.out( 4426): params: {json={}
12-14 01:52:52.455 I/System.out( 4426): }
12-14 01:52:52.478 I/System.out( 4426): URI: //
12-14 01:52:52.478 I/System.out( 4426): params: {json={"command":"version","arguments":[]}
12-14 01:52:52.478 I/System.out( 4426): }
12-14 01:52:52.478 I/System.out( 4426): header: {content-type=application/json;charset=utf-8, date=Mon, 14 Dec 2020 06:52:53 GMT, accept=*/*, host=127.0.0.1:34777, content-length=36, user-agent=HTTPClient/1.0 (2.8.3, ruby 2.5.8 (2020-03-31))}
12-14 01:52:52.479 I/System.out( 4426): params: {json={"command":"version","arguments":[]}
12-14 01:52:52.479 I/System.out( 4426): }
12-14 01:52:52.479 I/System.out( 4426): ProP json = {"command":"version","arguments":[]}
12-14 01:52:52.479 I/System.out( 4426): files: {}
12-14 01:52:52.479 I/System.out( 4426): command: {"command":"version","arguments":[]}
12-14 01:52:52.506 I/InstrumentationBackend( 4426): Got command:'Command:'Line:null,version', arguments:'[]'
12-14 01:52:52.528 I/Finsky  ( 2536): [116] nmi.run(36): Stats for Executor: BlockingExecutor non@4c9858e[Running, pool size = 2, active threads = 0, queued tasks = 0, completed tasks = 18]
12-14 01:52:52.531 I/Finsky  ( 2536): [116] nmi.run(36): Stats for Executor: LightweightExecutor non@a5351af[Running, pool size = 2, active threads = 0, queued tasks = 0, completed tasks = 71]
12-14 01:52:52.540 I/System.out( 4426): result:{"bonusInformation":[],"message":"0.9.8","success":true}
12-14 01:52:52.547 I/System.out( 4426): URI: //start-application
12-14 01:52:52.547 I/System.out( 4426): params: {json={"intent":null}
12-14 01:52:52.547 I/System.out( 4426): }
12-14 01:52:52.583 I/ActivityManager( 1628): START u0 {act=android.intent.action.MAIN cat=[android.intent.category.LAUNCHER] flg=0x10200000 cmp=com.evancharlton.mileage/.Mileage} from uid 10312
12-14 01:52:52.608 I/calabash( 4426): newActivity1
12-14 01:52:52.618 D/gralloc_ranchu( 1396): gralloc_alloc: Creating ashmem region of size 7753728
12-14 01:52:52.645 W/ActivityManager( 1628): Bad activity token: android.os.BinderProxy@fccdb79
12-14 01:52:52.645 W/ActivityManager( 1628): java.lang.ClassCastException: android.os.BinderProxy cannot be cast to com.android.server.am.ActivityRecord$Token
12-14 01:52:52.645 W/ActivityManager( 1628): 	at com.android.server.am.ActivityRecord.forTokenLocked(ActivityRecord.java:778)
12-14 01:52:52.645 W/ActivityManager( 1628): 	at com.android.server.am.ActivityRecord.isInStackLocked(ActivityRecord.java:2085)
12-14 01:52:52.645 W/ActivityManager( 1628): 	at com.android.server.am.ActivityRecord.getStackLocked(ActivityRecord.java:2090)
12-14 01:52:52.645 W/ActivityManager( 1628): 	at com.android.server.am.ActivityManagerService.getActivityDisplayId(ActivityManagerService.java:10406)
12-14 01:52:52.645 W/ActivityManager( 1628): 	at android.app.IActivityManager$Stub.onTransact(IActivityManager.java:2738)
12-14 01:52:52.645 W/ActivityManager( 1628): 	at com.android.server.am.ActivityManagerService.onTransact(ActivityManagerService.java:2935)
12-14 01:52:52.645 W/ActivityManager( 1628): 	at android.os.Binder.execTransact(Binder.java:674)
12-14 01:52:52.646 I/calabash( 4426): newActivity1
12-14 01:52:52.651 W/ActivityManager( 1628): Bad activity token: android.os.BinderProxy@fccdb79
12-14 01:52:52.651 W/ActivityManager( 1628): java.lang.ClassCastException: android.os.BinderProxy cannot be cast to com.android.server.am.ActivityRecord$Token
12-14 01:52:52.651 W/ActivityManager( 1628): 	at com.android.server.am.ActivityRecord.forTokenLocked(ActivityRecord.java:778)
12-14 01:52:52.651 W/ActivityManager( 1628): 	at com.android.server.am.ActivityRecord.isInStackLocked(ActivityRecord.java:2085)
12-14 01:52:52.651 W/ActivityManager( 1628): 	at com.android.server.am.ActivityManagerService.setTaskDescription(ActivityManagerService.java:9988)
12-14 01:52:52.651 W/ActivityManager( 1628): 	at android.app.IActivityManager$Stub.onTransact(IActivityManager.java:2824)
12-14 01:52:52.651 W/ActivityManager( 1628): 	at com.android.server.am.ActivityManagerService.onTransact(ActivityManagerService.java:2935)
12-14 01:52:52.651 W/ActivityManager( 1628): 	at android.os.Binder.execTransact(Binder.java:674)
12-14 01:52:52.652 W/ActivityManager( 1628): Bad activity token: android.os.BinderProxy@fccdb79
12-14 01:52:52.652 W/ActivityManager( 1628): java.lang.ClassCastException: android.os.BinderProxy cannot be cast to com.android.server.am.ActivityRecord$Token
12-14 01:52:52.652 W/ActivityManager( 1628): 	at com.android.server.am.ActivityRecord.forTokenLocked(ActivityRecord.java:778)
12-14 01:52:52.652 W/ActivityManager( 1628): 	at com.android.server.am.ActivityRecord.isInStackLocked(ActivityRecord.java:2085)
12-14 01:52:52.652 W/ActivityManager( 1628): 	at com.android.server.am.ActivityRecord.getStackLocked(ActivityRecord.java:2090)
12-14 01:52:52.652 W/ActivityManager( 1628): 	at com.android.server.am.ActivityManagerService.getActivityStackId(ActivityManagerService.java:10417)
12-14 01:52:52.652 W/ActivityManager( 1628): 	at android.app.IActivityManager$Stub.onTransact(IActivityManager.java:3548)
12-14 01:52:52.652 W/ActivityManager( 1628): 	at com.android.server.am.ActivityManagerService.onTransact(ActivityManagerService.java:2935)
12-14 01:52:52.652 W/ActivityManager( 1628): 	at android.os.Binder.execTransact(Binder.java:674)
12-14 01:52:52.668 V/StatusBar( 1729): setLightsOn(true)
12-14 01:52:52.669 D/EGL_emulation( 2166): eglMakeCurrent: 0x986fdc20: ver 3 0 (tinfo 0x986ff540)
12-14 01:52:52.674 D/EGL_emulation( 2144): eglMakeCurrent: 0x986fcf00: ver 3 0 (tinfo 0x986ff930)
12-14 01:52:52.692 D/EGL_emulation( 1729): eglMakeCurrent: 0x87259160: ver 3 0 (tinfo 0x8724faf0)
12-14 01:52:52.699 I/chatty  ( 1729): uid=10028(u0_a28) RenderThread identical 1 line
12-14 01:52:52.709 D/EGL_emulation( 1729): eglMakeCurrent: 0x87259160: ver 3 0 (tinfo 0x8724faf0)
12-14 01:52:52.710 V/StatusBar( 1729): setLightsOn(true)
12-14 01:52:52.719 D/EGL_emulation( 1729): eglMakeCurrent: 0x87259160: ver 3 0 (tinfo 0x8724faf0)
12-14 01:52:52.726 D/EGL_emulation( 1729): eglMakeCurrent: 0x87259160: ver 3 0 (tinfo 0x8724faf0)
12-14 01:52:52.729 E/ContentStoreEUAS( 2166): Failed to commit the deferred actions
12-14 01:52:52.737 D/EGL_emulation( 1729): eglMakeCurrent: 0x87259160: ver 3 0 (tinfo 0x8724faf0)
12-14 01:52:52.744 I/chatty  ( 1729): uid=10028(u0_a28) RenderThread identical 1 line
12-14 01:52:52.758 D/EGL_emulation( 1729): eglMakeCurrent: 0x87259160: ver 3 0 (tinfo 0x8724faf0)
12-14 01:52:52.759 D/FillupsProvider( 4426): Creating database
12-14 01:52:52.761 D/EGL_emulation( 1729): eglMakeCurrent: 0x87259160: ver 3 0 (tinfo 0x8724faf0)
12-14 01:52:52.850 I/chatty  ( 1729): uid=10028(u0_a28) RenderThread identical 9 lines
12-14 01:52:52.857 D/EGL_emulation( 1729): eglMakeCurrent: 0x87259160: ver 3 0 (tinfo 0x8724faf0)
12-14 01:52:52.861 I/zygote  ( 4426): Do partial code cache collection, code=29KB, data=28KB
12-14 01:52:52.862 I/zygote  ( 4426): After code cache collection, code=29KB, data=28KB
12-14 01:52:52.862 I/zygote  ( 4426): Increasing code cache capacity to 128KB
12-14 01:52:52.867 D/EGL_emulation( 1729): eglMakeCurrent: 0x87259160: ver 3 0 (tinfo 0x8724faf0)
12-14 01:52:52.874 I/chatty  ( 1729): uid=10028(u0_a28) RenderThread identical 1 line
12-14 01:52:52.882 D/EGL_emulation( 1729): eglMakeCurrent: 0x87259160: ver 3 0 (tinfo 0x8724faf0)
12-14 01:52:52.904 W/ActivityManager( 1628): Bad activity token: android.os.BinderProxy@fccdb79
12-14 01:52:52.904 W/ActivityManager( 1628): java.lang.ClassCastException: android.os.BinderProxy cannot be cast to com.android.server.am.ActivityRecord$Token
12-14 01:52:52.904 W/ActivityManager( 1628): 	at com.android.server.am.ActivityRecord.forTokenLocked(ActivityRecord.java:778)
12-14 01:52:52.904 W/ActivityManager( 1628): 	at com.android.server.am.ActivityRecord.isInStackLocked(ActivityRecord.java:2085)
12-14 01:52:52.904 W/ActivityManager( 1628): 	at com.android.server.am.ActivityManagerService.getActivityOptions(ActivityManagerService.java:13302)
12-14 01:52:52.904 W/ActivityManager( 1628): 	at android.app.IActivityManager$Stub.onTransact(IActivityManager.java:2910)
12-14 01:52:52.904 W/ActivityManager( 1628): 	at com.android.server.am.ActivityManagerService.onTransact(ActivityManagerService.java:2935)
12-14 01:52:52.904 W/ActivityManager( 1628): 	at android.os.Binder.execTransact(Binder.java:674)
12-14 01:52:52.905 W/ActivityManager( 1628): Bad activity token: android.os.BinderProxy@fccdb79
12-14 01:52:52.905 W/ActivityManager( 1628): java.lang.ClassCastException: android.os.BinderProxy cannot be cast to com.android.server.am.ActivityRecord$Token
12-14 01:52:52.905 W/ActivityManager( 1628): 	at com.android.server.am.ActivityRecord.forTokenLocked(ActivityRecord.java:778)
12-14 01:52:52.905 W/ActivityManager( 1628): 	at com.android.server.am.ActivityRecord.isInStackLocked(ActivityRecord.java:2085)
12-14 01:52:52.905 W/ActivityManager( 1628): 	at com.android.server.am.ActivityManagerService.getActivityOptions(ActivityManagerService.java:13302)
12-14 01:52:52.905 W/ActivityManager( 1628): 	at android.app.IActivityManager$Stub.onTransact(IActivityManager.java:2910)
12-14 01:52:52.905 W/ActivityManager( 1628): 	at com.android.server.am.ActivityManagerService.onTransact(ActivityManagerService.java:2935)
12-14 01:52:52.905 W/ActivityManager( 1628): 	at android.os.Binder.execTransact(Binder.java:674)
12-14 01:52:52.991 V/StatusBar( 1729): setLightsOn(true)
12-14 01:52:53.028 I/zygote  ( 4426): Do partial code cache collection, code=42KB, data=57KB
12-14 01:52:53.029 I/zygote  ( 4426): After code cache collection, code=42KB, data=57KB
12-14 01:52:53.029 I/zygote  ( 4426): Increasing code cache capacity to 256KB
12-14 01:52:53.032 I/zygote  ( 4426): JIT allocated 71KB for compiled code of void android.widget.TextView.<init>(android.content.Context, android.util.AttributeSet, int, int)
12-14 01:52:53.032 I/zygote  ( 4426): Compiler allocated 4MB to compile void android.widget.TextView.<init>(android.content.Context, android.util.AttributeSet, int, int)
12-14 01:52:53.037 V/StatusBar( 1729): setLightsOn(true)
12-14 01:52:53.043 I/chatty  ( 1729): uid=10028(u0_a28) com.android.systemui identical 1 line
12-14 01:52:53.044 V/StatusBar( 1729): setLightsOn(true)
12-14 01:52:53.074 I/zygote  ( 4426): Do full code cache collection, code=123KB, data=69KB
12-14 01:52:53.075 I/zygote  ( 4426): After code cache collection, code=90KB, data=38KB
12-14 01:52:53.079 D/gralloc_ranchu( 1396): gralloc_alloc: Creating ashmem region of size 7753728
12-14 01:52:53.103 V/StatusBar( 1729): setLightsOn(true)
12-14 01:52:53.103 D/        ( 4426): HostConnection::get() New Host Connection established 0x984afe00, tid 4426
12-14 01:52:53.154 V/StatusBar( 1729): setLightsOn(true)
12-14 01:52:53.160 V/StatusBar( 1729): setLightsOn(true)
12-14 01:52:53.161 I/ActivityManager( 1628): Displayed com.evancharlton.mileage/.Mileage: +559ms
12-14 01:52:53.171 V/StatusBar( 1729): setLightsOn(true)
12-14 01:52:53.180 D/gralloc_ranchu( 1396): gralloc_alloc: Creating ashmem region of size 7753728
12-14 01:52:53.183 V/StatusBar( 1729): setLightsOn(true)
12-14 01:52:53.347 V/StatusBar( 1729): setLightsOn(true)
12-14 01:52:53.356 I/System.out( 4426): URI: //
12-14 01:52:53.357 I/System.out( 4426): params: {json={"command":"set_activity_orientation","arguments":["landscape"]}
12-14 01:52:53.357 I/System.out( 4426): }
12-14 01:52:53.357 I/System.out( 4426): header: {content-type=application/json;charset=utf-8, date=Mon, 14 Dec 2020 06:52:54 GMT, accept=*/*, host=127.0.0.1:34777, content-length=64, user-agent=HTTPClient/1.0 (2.8.3, ruby 2.5.8 (2020-03-31))}
12-14 01:52:53.357 I/System.out( 4426): params: {json={"command":"set_activity_orientation","arguments":["landscape"]}
12-14 01:52:53.357 I/System.out( 4426): }
12-14 01:52:53.358 I/System.out( 4426): ProP json = {"command":"set_activity_orientation","arguments":["landscape"]}
12-14 01:52:53.358 I/System.out( 4426): files: {}
12-14 01:52:53.358 I/System.out( 4426): command: {"command":"set_activity_orientation","arguments":["landscape"]}
12-14 01:52:53.374 I/InstrumentationBackend( 4426): Got command:'Command:'Line:null,set_activity_orientation', arguments:'[landscape]'
12-14 01:52:53.376 D/gralloc_ranchu( 1396): gralloc_alloc: Creating ashmem region of size 8298496
12-14 01:52:53.380 V/StatusBar( 1729): setLightsOn(true)
12-14 01:52:53.393 W/LocalDisplayAdapter( 1628): Unable to find color mode 0, ignoring request.
12-14 01:52:53.405 I/ActivityManager( 1628): Config changes=480 {1.0 310mcc260mnc [en_US] ldltr sw411dp w683dp h387dp 420dpi nrml land finger qwerty/v/v -nav/h appBounds=Rect(0, 0 - 1794, 1080) s.7}
12-14 01:52:53.419 I/InputReader( 1628): Reconfiguring input devices.  changes=0x00000004
12-14 01:52:53.419 I/InputReader( 1628): Device reconfigured: id=0, name='qwerty2', size 1080x1920, orientation 1, mode 1, display id 0
12-14 01:52:53.422 I/InputReader( 1628): Reconfiguring input devices.  changes=0x00000004
12-14 01:52:53.427 I/ActivityManager( 1628): Override config changes=480 {1.0 310mcc260mnc [en_US] ldltr sw411dp w683dp h387dp 420dpi nrml land finger qwerty/v/v -nav/h appBounds=Rect(0, 0 - 1794, 1080) s.7} for displayId=0
12-14 01:52:53.527 D/gralloc_ranchu( 1396): gralloc_alloc: Creating ashmem region of size 544768
12-14 01:52:53.533 I/calabash( 4426): newActivity1
12-14 01:52:53.543 D/EGL_emulation( 1729): eglMakeCurrent: 0x87259160: ver 3 0 (tinfo 0x8724faf0)
12-14 01:52:53.545 I/Finsky  ( 2536): [116] nmi.run(36): Stats for Executor: bgExecutor non@4b749bc[Running, pool size = 4, active threads = 0, queued tasks = 0, completed tasks = 78]
12-14 01:52:53.550 D/NuPlayerDriver( 1484): NuPlayerDriver(0xaae44540) created, clientPid(1729)
12-14 01:52:53.550 D/gralloc_ranchu( 1396): gralloc_alloc: Creating ashmem region of size 544768
12-14 01:52:53.582 W/ActivityManager( 1628): Bad activity token: android.os.BinderProxy@31df55d
12-14 01:52:53.582 W/ActivityManager( 1628): java.lang.ClassCastException: android.os.BinderProxy cannot be cast to com.android.server.am.ActivityRecord$Token
12-14 01:52:53.582 W/ActivityManager( 1628): 	at com.android.server.am.ActivityRecord.forTokenLocked(ActivityRecord.java:778)
12-14 01:52:53.582 W/ActivityManager( 1628): 	at com.android.server.am.ActivityRecord.isInStackLocked(ActivityRecord.java:2085)
12-14 01:52:53.582 W/ActivityManager( 1628): 	at com.android.server.am.ActivityRecord.getStackLocked(ActivityRecord.java:2090)
12-14 01:52:53.582 W/ActivityManager( 1628): 	at com.android.server.am.ActivityManagerService.getActivityDisplayId(ActivityManagerService.java:10406)
12-14 01:52:53.582 W/ActivityManager( 1628): 	at android.app.IActivityManager$Stub.onTransact(IActivityManager.java:2738)
12-14 01:52:53.582 W/ActivityManager( 1628): 	at com.android.server.am.ActivityManagerService.onTransact(ActivityManagerService.java:2935)
12-14 01:52:53.582 W/ActivityManager( 1628): 	at android.os.Binder.execTransact(Binder.java:674)
12-14 01:52:53.585 I/calabash( 4426): newActivity1
12-14 01:52:53.597 D/GenericSource( 1484): FileSource remote
12-14 01:52:53.604 D/NuPlayerDriver( 1484): notifyListener_l(0xaae44540), (1, 0, 0, -1), loop setting(0, 0)
12-14 01:52:53.607 W/ActivityManager( 1628): Bad activity token: android.os.BinderProxy@31df55d
12-14 01:52:53.607 W/ActivityManager( 1628): java.lang.ClassCastException: android.os.BinderProxy cannot be cast to com.android.server.am.ActivityRecord$Token
12-14 01:52:53.607 W/ActivityManager( 1628): 	at com.android.server.am.ActivityRecord.forTokenLocked(ActivityRecord.java:778)
12-14 01:52:53.607 W/ActivityManager( 1628): 	at com.android.server.am.ActivityRecord.isInStackLocked(ActivityRecord.java:2085)
12-14 01:52:53.607 W/ActivityManager( 1628): 	at com.android.server.am.ActivityManagerService.setTaskDescription(ActivityManagerService.java:9988)
12-14 01:52:53.607 W/ActivityManager( 1628): 	at android.app.IActivityManager$Stub.onTransact(IActivityManager.java:2824)
12-14 01:52:53.607 W/ActivityManager( 1628): 	at com.android.server.am.ActivityManagerService.onTransact(ActivityManagerService.java:2935)
12-14 01:52:53.607 W/ActivityManager( 1628): 	at android.os.Binder.execTransact(Binder.java:674)
12-14 01:52:53.609 W/ActivityManager( 1628): Bad activity token: android.os.BinderProxy@31df55d
12-14 01:52:53.609 W/ActivityManager( 1628): java.lang.ClassCastException: android.os.BinderProxy cannot be cast to com.android.server.am.ActivityRecord$Token
12-14 01:52:53.609 W/ActivityManager( 1628): 	at com.android.server.am.ActivityRecord.forTokenLocked(ActivityRecord.java:778)
12-14 01:52:53.609 W/ActivityManager( 1628): 	at com.android.server.am.ActivityRecord.isInStackLocked(ActivityRecord.java:2085)
12-14 01:52:53.609 W/ActivityManager( 1628): 	at com.android.server.am.ActivityRecord.getStackLocked(ActivityRecord.java:2090)
12-14 01:52:53.609 W/ActivityManager( 1628): 	at com.android.server.am.ActivityManagerService.getActivityStackId(ActivityManagerService.java:10417)
12-14 01:52:53.609 W/ActivityManager( 1628): 	at android.app.IActivityManager$Stub.onTransact(IActivityManager.java:3548)
12-14 01:52:53.609 W/ActivityManager( 1628): 	at com.android.server.am.ActivityManagerService.onTransact(ActivityManagerService.java:2935)
12-14 01:52:53.609 W/ActivityManager( 1628): 	at android.os.Binder.execTransact(Binder.java:674)
12-14 01:52:53.629 I/System.out( 4426): result:{"bonusInformation":[],"message":"","success":true}
12-14 01:52:53.630 V/StatusBar( 1729): setLightsOn(true)
12-14 01:52:53.638 D/gralloc_ranchu( 1396): gralloc_alloc: Creating ashmem region of size 544768
12-14 01:52:53.643 I/MediaFocusControl( 1628):  AudioFocus  requestAudioFocus() from uid/pid 10028/1729 clientId=android.media.AudioManager@18c8211 req=3 flags=0x0
12-14 01:52:53.681 W/ActivityManager( 1628): Bad activity token: android.os.BinderProxy@31df55d
12-14 01:52:53.681 W/ActivityManager( 1628): java.lang.ClassCastException: android.os.BinderProxy cannot be cast to com.android.server.am.ActivityRecord$Token
12-14 01:52:53.681 W/ActivityManager( 1628): 	at com.android.server.am.ActivityRecord.forTokenLocked(ActivityRecord.java:778)
12-14 01:52:53.681 W/ActivityManager( 1628): 	at com.android.server.am.ActivityRecord.isInStackLocked(ActivityRecord.java:2085)
12-14 01:52:53.681 W/ActivityManager( 1628): 	at com.android.server.am.ActivityManagerService.getActivityOptions(ActivityManagerService.java:13302)
12-14 01:52:53.681 W/ActivityManager( 1628): 	at android.app.IActivityManager$Stub.onTransact(IActivityManager.java:2910)
12-14 01:52:53.681 W/ActivityManager( 1628): 	at com.android.server.am.ActivityManagerService.onTransact(ActivityManagerService.java:2935)
12-14 01:52:53.681 W/ActivityManager( 1628): 	at android.os.Binder.execTransact(Binder.java:674)
12-14 01:52:53.682 W/ActivityManager( 1628): Bad activity token: android.os.BinderProxy@31df55d
12-14 01:52:53.682 W/ActivityManager( 1628): java.lang.ClassCastException: android.os.BinderProxy cannot be cast to com.android.server.am.ActivityRecord$Token
12-14 01:52:53.682 W/ActivityManager( 1628): 	at com.android.server.am.ActivityRecord.forTokenLocked(ActivityRecord.java:778)
12-14 01:52:53.682 W/ActivityManager( 1628): 	at com.android.server.am.ActivityRecord.isInStackLocked(ActivityRecord.java:2085)
12-14 01:52:53.682 W/ActivityManager( 1628): 	at com.android.server.am.ActivityManagerService.getActivityOptions(ActivityManagerService.java:13302)
12-14 01:52:53.682 W/ActivityManager( 1628): 	at android.app.IActivityManager$Stub.onTransact(IActivityManager.java:2910)
12-14 01:52:53.682 W/ActivityManager( 1628): 	at com.android.server.am.ActivityManagerService.onTransact(ActivityManagerService.java:2935)
12-14 01:52:53.682 W/ActivityManager( 1628): 	at android.os.Binder.execTransact(Binder.java:674)
12-14 01:52:53.684 D/gralloc_ranchu( 1396): gralloc_alloc: Creating ashmem region of size 487424
12-14 01:52:53.693 D/StatusBar( 1729): disable<e i a s b h r c s q >
12-14 01:52:53.712 D/EGL_emulation( 1729): eglMakeCurrent: 0x87259160: ver 3 0 (tinfo 0x8724faf0)
12-14 01:52:53.721 D/gralloc_ranchu( 1396): gralloc_alloc: Creating ashmem region of size 487424
12-14 01:52:53.740 I/WindowManager( 1628): Screen frozen for +366ms due to Window{c06f91a u0 StatusBar}
12-14 01:52:53.805 D/gralloc_ranchu( 1396): gralloc_alloc: Creating ashmem region of size 487424
12-14 01:52:53.811 D/EGL_emulation( 1729): eglMakeCurrent: 0x87259160: ver 3 0 (tinfo 0x8724faf0)
12-14 01:52:53.821 D/EGL_emulation( 1729): eglMakeCurrent: 0x87259160: ver 3 0 (tinfo 0x8724faf0)
12-14 01:52:53.830 E/memtrack( 1628): Couldn't load memtrack module
12-14 01:52:53.835 W/android.os.Debug( 1628): failed to get memory consumption info: -1
12-14 01:52:53.899 V/StatusBar( 1729): setLightsOn(true)
12-14 01:52:53.916 I/zygote  ( 4426): Do partial code cache collection, code=123KB, data=77KB
12-14 01:52:53.918 I/zygote  ( 4426): After code cache collection, code=123KB, data=77KB
12-14 01:52:53.918 I/zygote  ( 4426): Increasing code cache capacity to 512KB
12-14 01:52:53.936 D/gralloc_ranchu( 1396): gralloc_alloc: Creating ashmem region of size 7753728
12-14 01:52:53.938 I/zygote  ( 1729): Do partial code cache collection, code=123KB, data=95KB
12-14 01:52:53.939 I/zygote  ( 1729): After code cache collection, code=123KB, data=95KB
12-14 01:52:53.939 I/zygote  ( 1729): Increasing code cache capacity to 512KB
12-14 01:52:54.023 V/StatusBar( 1729): setLightsOn(true)
12-14 01:52:54.044 V/StatusBar( 1729): setLightsOn(true)
12-14 01:52:54.046 W/SurfaceFlinger( 1405): couldn't log to binary event log: overflow.
12-14 01:52:54.048 D/gralloc_ranchu( 1396): gralloc_alloc: Creating ashmem region of size 7753728
12-14 01:52:54.138 I/PBSessionCacheImpl( 2166): Deleted sessionId[7643941205338] from persistence.
12-14 01:52:54.148 D/NuPlayerDriver( 1484): start(0xaae44540), state is 4, eos is 0
12-14 01:52:54.149 I/GenericSource( 1484): start
12-14 01:52:54.188 I/OMXClient( 1484): Treble IOmx obtained
12-14 01:52:54.191 I/OMXMaster( 1489): makeComponentInstance(OMX.google.vorbis.decoder) in omx@1.0-service process
12-14 01:52:54.199 E/OMXNodeInstance( 1489): setConfig(0xae5213e0:google.vorbis.decoder, ConfigPriority(0x6f800002)) ERROR: Undefined(0x80001001)
12-14 01:52:54.199 I/ACodec  ( 1484): codec does not support config priority (err -2147483648)
12-14 01:52:54.200 E/OMXNodeInstance( 1489): getConfig(0xae5213e0:google.vorbis.decoder, ConfigAndroidVendorExtension(0x6f100004)) ERROR: Undefined(0x80001001)
12-14 01:52:54.202 E/SurfaceFlinger( 1405): Failed to find layer (BlackSurface#0) in layer parent (no-parent).
12-14 01:52:54.203 I/MediaCodec( 1484): MediaCodec will operate in async mode
12-14 01:52:54.206 W//system/bin/hw/android.hidl.allocator@1.0-service( 1389): ashmem_create_region(32768) returning hidl_memory(0xb6d9b850, 32768)
12-14 01:52:54.213 I/chatty  ( 1389): uid=1000(system) allocator@1.0-s identical 1 line
12-14 01:52:54.215 W//system/bin/hw/android.hidl.allocator@1.0-service( 1389): ashmem_create_region(32768) returning hidl_memory(0xb6d9b850, 32768)
12-14 01:52:54.216 V/StatusBar( 1729): setLightsOn(true)
12-14 01:52:54.216 W//system/bin/hw/android.hidl.allocator@1.0-service( 1389): ashmem_create_region(32768) returning hidl_memory(0xb6d9b850, 32768)
12-14 01:52:54.225 I/chatty  ( 1389): uid=1000(system) allocator@1.0-s identical 3 lines
12-14 01:52:54.226 W//system/bin/hw/android.hidl.allocator@1.0-service( 1389): ashmem_create_region(32768) returning hidl_memory(0xb6d9b850, 32768)
12-14 01:52:54.231 W/SearchService( 2166): Abort, client detached.
12-14 01:52:54.241 W//system/bin/hw/android.hidl.allocator@1.0-service( 1389): ashmem_create_region(32768) returning hidl_memory(0xb6d9b850, 32768)
12-14 01:52:54.242 I/chatty  ( 1389): uid=1000(system) allocator@1.0-s identical 2 lines
12-14 01:52:54.242 W//system/bin/hw/android.hidl.allocator@1.0-service( 1389): ashmem_create_region(32768) returning hidl_memory(0xb6d9b850, 32768)
12-14 01:52:54.263 D/AudioTrack( 1484): Client defaulted notificationFrames to 7406 for frameCount 22218
12-14 01:52:54.266 D/NuPlayerDriver( 1484): notifyListener_l(0xaae44540), (6, 0, 0, -1), loop setting(0, 0)
12-14 01:52:54.272 W/audio_hw_generic( 1390): Not supplying enough data to HAL, expected position 352901 , only wrote 352800
12-14 01:52:55.085 D/gralloc_ranchu( 1396): gralloc_alloc: Creating ashmem region of size 7753728
12-14 01:52:55.574 I/Finsky:download_service( 2682): [126] nmi.run(36): Stats for Executor: bgExecutor non@ee6c2df[Running, pool size = 0, active threads = 0, queued tasks = 0, completed tasks = 0]
12-14 01:52:55.768 I/NuPlayerDecoder( 1484): [audio] saw output EOS
12-14 01:52:55.768 D/AudioTrack( 1484): stop() called with 84672 frames delivered
12-14 01:52:55.805 I/zygote  ( 1628): Explicit concurrent copying GC freed 25702(1892KB) AllocSpace objects, 13(292KB) LOS objects, 38% free, 9MB/15MB, paused 595us total 48.832ms
12-14 01:52:55.812 E/SurfaceFlinger( 1405): ro.sf.lcd_density must be defined as a build property
12-14 01:52:55.821 D/gralloc_ranchu( 1396): gralloc_alloc: Creating ashmem region of size 8298496
12-14 01:52:55.830 D/        ( 4483): HostConnection::get() New Host Connection established 0xb47af800, tid 4483
12-14 01:52:56.136 I/System.out( 4426): URI: //
12-14 01:52:56.136 I/System.out( 4426): params: {json={"command":"set_activity_orientation","arguments":["portrait"]}
12-14 01:52:56.136 I/System.out( 4426): }
12-14 01:52:56.136 I/System.out( 4426): header: {content-type=application/json;charset=utf-8, date=Mon, 14 Dec 2020 06:52:57 GMT, accept=*/*, host=127.0.0.1:34777, content-length=63, user-agent=HTTPClient/1.0 (2.8.3, ruby 2.5.8 (2020-03-31))}
12-14 01:52:56.136 I/System.out( 4426): params: {json={"command":"set_activity_orientation","arguments":["portrait"]}
12-14 01:52:56.136 I/System.out( 4426): }
12-14 01:52:56.136 I/System.out( 4426): ProP json = {"command":"set_activity_orientation","arguments":["portrait"]}
12-14 01:52:56.136 I/System.out( 4426): files: {}
12-14 01:52:56.136 I/System.out( 4426): command: {"command":"set_activity_orientation","arguments":["portrait"]}
12-14 01:52:56.139 I/InstrumentationBackend( 4426): Got command:'Command:'Line:null,set_activity_orientation', arguments:'[portrait]'
12-14 01:52:56.141 D/gralloc_ranchu( 1396): gralloc_alloc: Creating ashmem region of size 8298496
12-14 01:52:56.157 W/LocalDisplayAdapter( 1628): Unable to find color mode 0, ignoring request.
12-14 01:52:56.169 I/ActivityManager( 1628): Config changes=480 {1.0 310mcc260mnc [en_US] ldltr sw411dp w411dp h659dp 420dpi nrml port finger qwerty/v/v -nav/h appBounds=Rect(0, 0 - 1080, 1794) s.8}
12-14 01:52:56.173 I/InputReader( 1628): Reconfiguring input devices.  changes=0x00000004
12-14 01:52:56.173 I/InputReader( 1628): Device reconfigured: id=0, name='qwerty2', size 1080x1920, orientation 0, mode 1, display id 0
12-14 01:52:56.194 I/ActivityManager( 1628): Override config changes=480 {1.0 310mcc260mnc [en_US] ldltr sw411dp w411dp h659dp 420dpi nrml port finger qwerty/v/v -nav/h appBounds=Rect(0, 0 - 1080, 1794) s.8} for displayId=0
12-14 01:52:56.241 I/calabash( 4426): newActivity1
12-14 01:52:56.260 W/ActivityManager( 1628): Bad activity token: android.os.BinderProxy@4f2fda6
12-14 01:52:56.260 W/ActivityManager( 1628): java.lang.ClassCastException: android.os.BinderProxy cannot be cast to com.android.server.am.ActivityRecord$Token
12-14 01:52:56.260 W/ActivityManager( 1628): 	at com.android.server.am.ActivityRecord.forTokenLocked(ActivityRecord.java:778)
12-14 01:52:56.260 W/ActivityManager( 1628): 	at com.android.server.am.ActivityRecord.isInStackLocked(ActivityRecord.java:2085)
12-14 01:52:56.260 W/ActivityManager( 1628): 	at com.android.server.am.ActivityRecord.getStackLocked(ActivityRecord.java:2090)
12-14 01:52:56.260 W/ActivityManager( 1628): 	at com.android.server.am.ActivityManagerService.getActivityDisplayId(ActivityManagerService.java:10406)
12-14 01:52:56.260 W/ActivityManager( 1628): 	at android.app.IActivityManager$Stub.onTransact(IActivityManager.java:2738)
12-14 01:52:56.260 W/ActivityManager( 1628): 	at com.android.server.am.ActivityManagerService.onTransact(ActivityManagerService.java:2935)
12-14 01:52:56.260 W/ActivityManager( 1628): 	at android.os.Binder.execTransact(Binder.java:674)
12-14 01:52:56.262 I/calabash( 4426): newActivity1
12-14 01:52:56.265 W/ActivityManager( 1628): Bad activity token: android.os.BinderProxy@4f2fda6
12-14 01:52:56.265 W/ActivityManager( 1628): java.lang.ClassCastException: android.os.BinderProxy cannot be cast to com.android.server.am.ActivityRecord$Token
12-14 01:52:56.265 W/ActivityManager( 1628): 	at com.android.server.am.ActivityRecord.forTokenLocked(ActivityRecord.java:778)
12-14 01:52:56.265 W/ActivityManager( 1628): 	at com.android.server.am.ActivityRecord.isInStackLocked(ActivityRecord.java:2085)
12-14 01:52:56.265 W/ActivityManager( 1628): 	at com.android.server.am.ActivityManagerService.setTaskDescription(ActivityManagerService.java:9988)
12-14 01:52:56.265 W/ActivityManager( 1628): 	at android.app.IActivityManager$Stub.onTransact(IActivityManager.java:2824)
12-14 01:52:56.265 W/ActivityManager( 1628): 	at com.android.server.am.ActivityManagerService.onTransact(ActivityManagerService.java:2935)
12-14 01:52:56.265 W/ActivityManager( 1628): 	at android.os.Binder.execTransact(Binder.java:674)
12-14 01:52:56.266 W/ActivityManager( 1628): Bad activity token: android.os.BinderProxy@4f2fda6
12-14 01:52:56.266 W/ActivityManager( 1628): java.lang.ClassCastException: android.os.BinderProxy cannot be cast to com.android.server.am.ActivityRecord$Token
12-14 01:52:56.266 W/ActivityManager( 1628): 	at com.android.server.am.ActivityRecord.forTokenLocked(ActivityRecord.java:778)
12-14 01:52:56.266 W/ActivityManager( 1628): 	at com.android.server.am.ActivityRecord.isInStackLocked(ActivityRecord.java:2085)
12-14 01:52:56.266 W/ActivityManager( 1628): 	at com.android.server.am.ActivityRecord.getStackLocked(ActivityRecord.java:2090)
12-14 01:52:56.266 W/ActivityManager( 1628): 	at com.android.server.am.ActivityManagerService.getActivityStackId(ActivityManagerService.java:10417)
12-14 01:52:56.266 W/ActivityManager( 1628): 	at android.app.IActivityManager$Stub.onTransact(IActivityManager.java:3548)
12-14 01:52:56.266 W/ActivityManager( 1628): 	at com.android.server.am.ActivityManagerService.onTransact(ActivityManagerService.java:2935)
12-14 01:52:56.266 W/ActivityManager( 1628): 	at android.os.Binder.execTransact(Binder.java:674)
12-14 01:52:56.276 I/zygote  ( 1719): Do partial code cache collection, code=62KB, data=41KB
12-14 01:52:56.279 I/zygote  ( 1719): After code cache collection, code=62KB, data=41KB
12-14 01:52:56.279 I/zygote  ( 1719): Increasing code cache capacity to 256KB
12-14 01:52:56.305 W/ActivityManager( 1628): Bad activity token: android.os.BinderProxy@4f2fda6
12-14 01:52:56.305 W/ActivityManager( 1628): java.lang.ClassCastException: android.os.BinderProxy cannot be cast to com.android.server.am.ActivityRecord$Token
12-14 01:52:56.305 W/ActivityManager( 1628): 	at com.android.server.am.ActivityRecord.forTokenLocked(ActivityRecord.java:778)
12-14 01:52:56.305 W/ActivityManager( 1628): 	at com.android.server.am.ActivityRecord.isInStackLocked(ActivityRecord.java:2085)
12-14 01:52:56.305 W/ActivityManager( 1628): 	at com.android.server.am.ActivityManagerService.getActivityOptions(ActivityManagerService.java:13302)
12-14 01:52:56.305 W/ActivityManager( 1628): 	at android.app.IActivityManager$Stub.onTransact(IActivityManager.java:2910)
12-14 01:52:56.305 W/ActivityManager( 1628): 	at com.android.server.am.ActivityManagerService.onTransact(ActivityManagerService.java:2935)
12-14 01:52:56.305 W/ActivityManager( 1628): 	at android.os.Binder.execTransact(Binder.java:674)
12-14 01:52:56.306 W/ActivityManager( 1628): Bad activity token: android.os.BinderProxy@4f2fda6
12-14 01:52:56.306 W/ActivityManager( 1628): java.lang.ClassCastException: android.os.BinderProxy cannot be cast to com.android.server.am.ActivityRecord$Token
12-14 01:52:56.306 W/ActivityManager( 1628): 	at com.android.server.am.ActivityRecord.forTokenLocked(ActivityRecord.java:778)
12-14 01:52:56.306 W/ActivityManager( 1628): 	at com.android.server.am.ActivityRecord.isInStackLocked(ActivityRecord.java:2085)
12-14 01:52:56.306 W/ActivityManager( 1628): 	at com.android.server.am.ActivityManagerService.getActivityOptions(ActivityManagerService.java:13302)
12-14 01:52:56.306 W/ActivityManager( 1628): 	at android.app.IActivityManager$Stub.onTransact(IActivityManager.java:2910)
12-14 01:52:56.306 W/ActivityManager( 1628): 	at com.android.server.am.ActivityManagerService.onTransact(ActivityManagerService.java:2935)
12-14 01:52:56.306 W/ActivityManager( 1628): 	at android.os.Binder.execTransact(Binder.java:674)
12-14 01:52:56.337 D/NuPlayerDriver( 1484): notifyListener_l(0xaae44540), (2, 0, 0, -1), loop setting(0, 0)
12-14 01:52:56.337 I/MediaFocusControl( 1628):  AudioFocus  abandonAudioFocus() from uid/pid 10028/1729 clientId=android.media.AudioManager@18c8211
12-14 01:52:56.348 I/System.out( 4426): result:{"bonusInformation":[],"message":"","success":true}
12-14 01:52:56.366 I/zygote  ( 4426): JIT allocated 56KB for compiled code of void android.view.View.<init>(android.content.Context, android.util.AttributeSet, int, int)
12-14 01:52:56.368 D/gralloc_ranchu( 1396): gralloc_alloc: Creating ashmem region of size 544768
12-14 01:52:56.379 D/EGL_emulation( 1729): eglMakeCurrent: 0x87259160: ver 3 0 (tinfo 0x8724faf0)
12-14 01:52:56.389 I/zygote  ( 4426): Do full code cache collection, code=250KB, data=137KB
12-14 01:52:56.390 D/gralloc_ranchu( 1396): gralloc_alloc: Creating ashmem region of size 544768
12-14 01:52:56.392 I/zygote  ( 4426): After code cache collection, code=250KB, data=104KB
12-14 01:52:56.408 D/StatusBar( 1729): disable<e i a s b h r c s q >
12-14 01:52:56.410 D/EGL_emulation( 1729): eglMakeCurrent: 0x87259160: ver 3 0 (tinfo 0x8724faf0)
12-14 01:52:56.422 I/zygote  ( 4426): Do partial code cache collection, code=250KB, data=109KB
12-14 01:52:56.431 I/zygote  ( 4426): After code cache collection, code=250KB, data=110KB
12-14 01:52:56.431 I/zygote  ( 4426): Increasing code cache capacity to 1024KB
12-14 01:52:56.448 D/gralloc_ranchu( 1396): gralloc_alloc: Creating ashmem region of size 7753728
12-14 01:52:56.477 D/EGL_emulation( 1729): eglMakeCurrent: 0x87259160: ver 3 0 (tinfo 0x8724faf0)
12-14 01:52:56.490 D/gralloc_ranchu( 1396): gralloc_alloc: Creating ashmem region of size 544768
12-14 01:52:56.545 D/gralloc_ranchu( 1396): gralloc_alloc: Creating ashmem region of size 274432
12-14 01:52:56.563 D/gralloc_ranchu( 1396): gralloc_alloc: Creating ashmem region of size 7753728
12-14 01:52:56.590 D/EGL_emulation( 1729): eglMakeCurrent: 0x87259160: ver 3 0 (tinfo 0x8724faf0)
12-14 01:52:56.608 D/gralloc_ranchu( 1396): gralloc_alloc: Creating ashmem region of size 274432
12-14 01:52:56.609 E/TaskPersister( 1628): File error accessing recents directory (directory doesn't exist?).
12-14 01:52:56.621 I/WindowManager( 1628): Screen frozen for +482ms due to Window{c06f91a u0 StatusBar}
12-14 01:52:56.625 D/gralloc_ranchu( 1396): gralloc_alloc: Creating ashmem region of size 274432
12-14 01:52:56.646 V/StatusBar( 1729): setLightsOn(true)
12-14 01:52:57.097 V/StatusBar( 1729): setLightsOn(true)
12-14 01:52:57.652 D/gralloc_ranchu( 1396): gralloc_alloc: Creating ashmem region of size 7753728
12-14 01:52:58.578 E/SurfaceFlinger( 1405): ro.sf.lcd_density must be defined as a build property
12-14 01:52:58.585 D/gralloc_ranchu( 1396): gralloc_alloc: Creating ashmem region of size 8298496
12-14 01:52:58.595 D/        ( 4491): HostConnection::get() New Host Connection established 0xaec2f800, tid 4491
12-14 01:52:58.722 I/zygote  ( 1628): Explicit concurrent copying GC freed 6944(763KB) AllocSpace objects, 1(20KB) LOS objects, 38% free, 9MB/15MB, paused 379us total 85.776ms
