--------- beginning of main
12-14 01:52:58.988 E/adbd    ( 1383): failed to connect to socket 'tcp:7102': Connection refused
12-14 01:52:59.052 V/StatusBar( 1729): setLightsOn(true)
12-14 01:52:59.057 I/chatty  ( 1729): uid=10028(u0_a28) com.android.systemui identical 1 line
12-14 01:52:59.058 V/StatusBar( 1729): setLightsOn(true)
12-14 01:52:59.060 E/memtrack( 1628): Couldn't load memtrack module
12-14 01:52:59.060 W/android.os.Debug( 1628): failed to get memory consumption info: -1
--------- beginning of system
12-14 01:52:59.062 W/ActivityManager( 1628): Finishing task with all activities already finished
12-14 01:52:59.062 W/ActivityManager( 1628): Duplicate finish request for ActivityRecord{da4d1c5 u0 com.evancharlton.mileage/.Mileage t905 f}
12-14 01:52:59.063 W/ActivityManager( 1628): Finishing task with all activities already finished
12-14 01:52:59.063 W/ActivityManager( 1628): Duplicate finish request for ActivityRecord{da4d1c5 u0 com.evancharlton.mileage/.Mileage t905 f}
12-14 01:52:59.065 W/ActivityManager( 1628): Finishing task with all activities already finished
12-14 01:52:59.066 W/ActivityManager( 1628): Duplicate finish request for ActivityRecord{da4d1c5 u0 com.evancharlton.mileage/.Mileage t905 f}
12-14 01:52:59.068 D/gralloc_ranchu( 1396): gralloc_alloc: Creating ashmem region of size 8298496
12-14 01:52:59.069 V/StatusBar( 1729): setLightsOn(true)
12-14 01:52:59.070 W/ActivityManager( 1628): Finishing task with all activities already finished
12-14 01:52:59.070 W/ActivityManager( 1628): Duplicate finish request for ActivityRecord{da4d1c5 u0 com.evancharlton.mileage/.Mileage t905 f}
12-14 01:52:59.070 W/ActivityManager( 1628): Finishing task with all activities already finished
12-14 01:52:59.071 W/ActivityManager( 1628): Duplicate finish request for ActivityRecord{da4d1c5 u0 com.evancharlton.mileage/.Mileage t905 f}
12-14 01:52:59.071 W/ActivityManager( 1628): Finishing task with all activities already finished
12-14 01:52:59.071 W/ActivityManager( 1628): Duplicate finish request for ActivityRecord{da4d1c5 u0 com.evancharlton.mileage/.Mileage t905 f}
12-14 01:52:59.074 W/ActivityManager( 1628): Finishing task with all activities already finished
12-14 01:52:59.081 W/ActivityManager( 1628): Duplicate finish request for ActivityRecord{da4d1c5 u0 com.evancharlton.mileage/.Mileage t905 f}
12-14 01:52:59.082 W/ActivityManager( 1628): Finishing task with all activities already finished
12-14 01:52:59.082 W/ActivityManager( 1628): Duplicate finish request for ActivityRecord{da4d1c5 u0 com.evancharlton.mileage/.Mileage t905 f}
12-14 01:52:59.083 W/ActivityManager( 1628): Finishing task with all activities already finished
12-14 01:52:59.084 W/ActivityManager( 1628): Duplicate finish request for ActivityRecord{da4d1c5 u0 com.evancharlton.mileage/.Mileage t905 f}
12-14 01:52:59.084 W/ActivityManager( 1628): Finishing task with all activities already finished
12-14 01:52:59.084 W/ActivityManager( 1628): Duplicate finish request for ActivityRecord{da4d1c5 u0 com.evancharlton.mileage/.Mileage t905 f}
12-14 01:52:59.086 W/ActivityManager( 1628): Finishing task with all activities already finished
12-14 01:52:59.086 W/ActivityManager( 1628): Duplicate finish request for ActivityRecord{da4d1c5 u0 com.evancharlton.mileage/.Mileage t905 f}
12-14 01:52:59.094 D/gralloc_ranchu( 1396): gralloc_alloc: Creating ashmem region of size 8298496
12-14 01:52:59.099 E/memtrack( 1628): Couldn't load memtrack module
12-14 01:52:59.099 W/android.os.Debug( 1628): failed to get memory consumption info: -1
12-14 01:52:59.117 D/gralloc_ranchu( 1396): gralloc_alloc: Creating ashmem region of size 8298496
12-14 01:52:59.218 E/hw-IPCThreadState( 1396): binder thread pool (1 threads) starved for 101 ms
12-14 01:52:59.223 D/SurfaceFlinger( 1405): duplicate layer name: changing com.google.android.apps.nexuslauncher/com.google.android.apps.nexuslauncher.NexusLauncherActivity to com.google.android.apps.nexuslauncher/com.google.android.apps.nexuslauncher.NexusLauncherActivity#1
12-14 01:52:59.237 D/gralloc_ranchu( 1396): gralloc_alloc: Creating ashmem region of size 8298496
12-14 01:52:59.255 D/gralloc_ranchu( 1396): gralloc_alloc: Creating ashmem region of size 8298496
12-14 01:52:59.298 W/audio_hw_generic( 1390): Not supplying enough data to HAL, expected position 833349 , only wrote 594000
12-14 01:52:59.329 D/EGL_emulation( 1729): eglMakeCurrent: 0x87259160: ver 3 0 (tinfo 0x8724faf0)
12-14 01:52:59.329 D/gralloc_ranchu( 1396): gralloc_alloc: Creating ashmem region of size 8298496
12-14 01:52:59.406 D/gralloc_ranchu( 1396): gralloc_alloc: Creating ashmem region of size 8298496
12-14 01:52:59.502 D/EGL_emulation( 2166): eglMakeCurrent: 0x986fdc20: ver 3 0 (tinfo 0x986ff540)
12-14 01:52:59.510 D/gralloc_ranchu( 1396): gralloc_alloc: Creating ashmem region of size 8298496
12-14 01:52:59.524 I/NetworkScheduler.Stats( 1944): Task com.google.android.gms/com.google.android.gms.icing.service.IcingGcmTaskService started execution. cause:4 exec_start_elapsed_seconds: 95 [CONTEXT service_id=218 ]
12-14 01:52:59.607 D/EGL_emulation( 2144): eglMakeCurrent: 0x986fcf00: ver 3 0 (tinfo 0x986ff930)
12-14 01:52:59.651 D/gralloc_ranchu( 1396): gralloc_alloc: Creating ashmem region of size 7753728
12-14 01:52:59.696 W/ActivityManager( 1628): Unable to start service Intent { act=com.google.android.gms.speech.service.START pkg=com.google.android.gms } U=0: not found
12-14 01:52:59.696 W/ActivityManager( 1628): Unbind failed: could not find connection for android.os.BinderProxy@5c81f43
12-14 01:52:59.696 E/GmsClient( 2166): unable to connect to service: com.google.android.gms.speech.service.START on com.google.android.gms
12-14 01:52:59.700 D/EGL_emulation( 2144): eglMakeCurrent: 0x986fcf00: ver 3 0 (tinfo 0x986ff930)
12-14 01:52:59.704 D/gralloc_ranchu( 1396): gralloc_alloc: Creating ashmem region of size 8298496
12-14 01:52:59.720 W/SessionLifecycleManager( 2166): Handover failed. Creating new session controller.
12-14 01:52:59.732 I/OptInState( 2166): There is a new client and it does not support opt-in. Dropping request.
12-14 01:52:59.745 D/EGL_emulation( 1729): eglMakeCurrent: 0x87259160: ver 3 0 (tinfo 0x8724faf0)
12-14 01:52:59.769 D/EGL_emulation( 2144): eglMakeCurrent: 0x986fcf00: ver 3 0 (tinfo 0x986ff930)
12-14 01:52:59.779 D/gralloc_ranchu( 1396): gralloc_alloc: Creating ashmem region of size 8298496
12-14 01:52:59.818 I/EventLogSendingHelper( 2166): Sending log events.
12-14 01:52:59.857 I/MicroDetectionWorker( 2166): #updateMicroDetector [detectionMode: [mDetectionMode: [1]]]
12-14 01:52:59.857 I/MicroDetectionWorker( 2166): #startMicroDetector [speakerMode: 0]
12-14 01:52:59.858 I/AudioController( 2166): Using mInputStreamFactoryBuilder
12-14 01:52:59.870 I/MicroDetectionWorker( 2166): onReady
12-14 01:52:59.874 I/MicroRecognitionRunner( 2166): Starting detection.
12-14 01:52:59.936 I/zygote  ( 1729): NativeAllocBackground concurrent copying GC freed 11815(790KB) AllocSpace objects, 0(0B) LOS objects, 50% free, 4MB/9MB, paused 80.111ms total 226.102ms
12-14 01:52:59.937 D/EGL_emulation( 1729): eglMakeCurrent: 0x87259160: ver 3 0 (tinfo 0x8724faf0)
12-14 01:52:59.958 E/hw-IPCThreadState( 1396): binder thread pool (1 threads) starved for 178 ms
12-14 01:52:59.981 D/EGL_emulation( 1729): eglMakeCurrent: 0x87259160: ver 3 0 (tinfo 0x8724faf0)
12-14 01:53:00.000 D/EGL_emulation( 1729): eglMakeCurrent: 0x87259160: ver 3 0 (tinfo 0x8724faf0)
12-14 01:53:00.002 W/OpenGLRenderer( 2144): Incorrectly called buildLayer on View: ShortcutAndWidgetContainer, destroying layer...
12-14 01:53:00.012 D/gralloc_ranchu( 1396): gralloc_alloc: Creating ashmem region of size 8298496
12-14 01:53:00.070 I/MicrophoneInputStream( 2166): mic_starting com.google.android.apps.gsa.staticplugins.aa.c@b3eeb7f
12-14 01:53:00.081 I/MicrophoneInputStream( 2166): mic_started com.google.android.apps.gsa.staticplugins.aa.c@b3eeb7f
12-14 01:53:00.082 E/ActivityThread( 2166): Failed to find provider info for com.google.android.apps.gsa.testing.ui.audio.recorded
12-14 01:53:00.083 I/MicroDetectionWorker( 2166): onReady
12-14 01:53:00.088 I/MicrophoneInputStream( 2166): mic_close com.google.android.apps.gsa.staticplugins.aa.c@b3eeb7f
12-14 01:53:00.089 I/MicroRecognitionRunner( 2166): Detection finished
12-14 01:53:00.090 W/ErrorReporter( 2166): reportError [type: 211, code: 524300]: Error reading from input stream
12-14 01:53:00.094 I/MicroRecognitionRunner( 2166): Stopping hotword detection.
12-14 01:53:00.095 W/ErrorProcessor( 2166): onFatalError, processing error from engine(4)
12-14 01:53:00.095 W/ErrorProcessor( 2166): com.google.android.apps.gsa.shared.speech.b.g: Error reading from input stream
12-14 01:53:00.095 W/ErrorProcessor( 2166): 	at com.google.android.apps.gsa.staticplugins.recognizer.j.a.a(SourceFile:28)
12-14 01:53:00.095 W/ErrorProcessor( 2166): 	at com.google.android.apps.gsa.staticplugins.recognizer.j.b.run(SourceFile:15)
12-14 01:53:00.095 W/ErrorProcessor( 2166): 	at java.util.concurrent.Executors$RunnableAdapter.call(Executors.java:457)
12-14 01:53:00.095 W/ErrorProcessor( 2166): 	at java.util.concurrent.FutureTask.run(FutureTask.java:266)
12-14 01:53:00.095 W/ErrorProcessor( 2166): 	at com.google.android.apps.gsa.shared.util.concurrent.a.ax.run(SourceFile:14)
12-14 01:53:00.095 W/ErrorProcessor( 2166): 	at com.google.android.apps.gsa.shared.util.concurrent.a.bl.run(SourceFile:4)
12-14 01:53:00.095 W/ErrorProcessor( 2166): 	at com.google.android.apps.gsa.shared.util.concurrent.a.bl.run(SourceFile:4)
12-14 01:53:00.095 W/ErrorProcessor( 2166): 	at java.util.concurrent.ThreadPoolExecutor.runWorker(ThreadPoolExecutor.java:1162)
12-14 01:53:00.095 W/ErrorProcessor( 2166): 	at java.util.concurrent.ThreadPoolExecutor$Worker.run(ThreadPoolExecutor.java:636)
12-14 01:53:00.095 W/ErrorProcessor( 2166): 	at java.lang.Thread.run(Thread.java:764)
12-14 01:53:00.095 W/ErrorProcessor( 2166): 	at com.google.android.apps.gsa.shared.util.concurrent.a.ai.run(SourceFile:6)
12-14 01:53:00.095 W/ErrorProcessor( 2166): Caused by: com.google.android.apps.gsa.shared.exception.GsaIOException: Error code: 393238 | Buffer overflow, no available space.
12-14 01:53:00.095 W/ErrorProcessor( 2166): 	at com.google.android.apps.gsa.speech.audio.Tee.f(SourceFile:103)
12-14 01:53:00.095 W/ErrorProcessor( 2166): 	at com.google.android.apps.gsa.speech.audio.au.read(SourceFile:2)
12-14 01:53:00.095 W/ErrorProcessor( 2166): 	at java.io.InputStream.read(InputStream.java:101)
12-14 01:53:00.095 W/ErrorProcessor( 2166): 	at com.google.android.apps.gsa.speech.audio.ao.run(SourceFile:18)
12-14 01:53:00.095 W/ErrorProcessor( 2166): 	at com.google.android.apps.gsa.speech.audio.an.run(SourceFile:2)
12-14 01:53:00.095 W/ErrorProcessor( 2166): 	... 9 more
12-14 01:53:00.096 I/AudioController( 2166): internalShutdown
12-14 01:53:00.098 D/EGL_emulation( 1729): eglMakeCurrent: 0x87259160: ver 3 0 (tinfo 0x8724faf0)
12-14 01:53:00.103 I/MicroDetector( 2166): Keeping mic open: false
12-14 01:53:00.103 I/MicroDetectionWorker( 2166): #onError(false)
12-14 01:53:00.105 I/DeviceStateChecker( 2166): DeviceStateChecker cancelled
12-14 01:53:00.115 I/AudioFlinger( 1476): AudioFlinger's thread 0xac7830c0 tid=4516 ready to run
12-14 01:53:00.160 I/OpenGLRenderer( 1628): Initialized EGL, version 1.4
12-14 01:53:00.160 D/OpenGLRenderer( 1628): Swap behavior 1
12-14 01:53:00.161 W/OpenGLRenderer( 1628): Failed to choose config with EGL_SWAP_BEHAVIOR_PRESERVED, retrying without...
12-14 01:53:00.161 D/OpenGLRenderer( 1628): Swap behavior 0
12-14 01:53:00.169 D/EGL_emulation( 1628): eglCreateContext: 0xa4432dc0: maj 3 min 0 rcv 3
12-14 01:53:00.172 D/EGL_emulation( 1628): eglMakeCurrent: 0xa4432dc0: ver 3 0 (tinfo 0x968dda80)
12-14 01:53:00.181 E/eglCodecCommon( 1628): glUtilsParamSize: unknow param 0x00008cdf
12-14 01:53:00.183 E/eglCodecCommon( 1628): glUtilsParamSize: unknow param 0x00008cdf
12-14 01:53:00.184 E/eglCodecCommon( 1628): glUtilsParamSize: unknow param 0x00008824
12-14 01:53:00.186 E/eglCodecCommon( 1628): glUtilsParamSize: unknow param 0x00008824
12-14 01:53:00.211 I/zygote  ( 2166): Background concurrent copying GC freed 5860(430KB) AllocSpace objects, 1(68KB) LOS objects, 49% free, 4MB/9MB, paused 23.519ms total 330.763ms
12-14 01:53:00.259 I/zygote  ( 1628): NativeAllocBackground concurrent copying GC freed 5060(504KB) AllocSpace objects, 2(40KB) LOS objects, 37% free, 9MB/15MB, paused 10.006ms total 101.188ms
12-14 01:53:00.269 D/AndroidRuntime( 4507): >>>>>> START com.android.internal.os.RuntimeInit uid 2000 <<<<<<
12-14 01:53:00.302 I/NetworkScheduler.Stats( 1944): Task com.google.android.gms/com.google.android.gms.ads.social.GcmSchedulerWakeupService started execution. cause:4 exec_start_elapsed_seconds: 95 [CONTEXT service_id=218 ]
12-14 01:53:00.324 W/app_process( 4507): Unexpected CPU variant for X86 using defaults: x86
12-14 01:53:00.328 I/NetworkScheduler.Stats( 1944): Task com.google.android.gms/com.google.android.gms.icing.service.IcingGcmTaskService finished executing. cause:4 result: 1 elapsed_millis: 938 uptime_millis: 938 exec_start_elapsed_seconds: 95 [CONTEXT service_id=218 ]
12-14 01:53:00.346 D/AndroidRuntime( 4507): Calling main entry com.android.commands.am.Am
12-14 01:53:00.346 I/NetworkScheduler.Stats( 1944): Task com.google.android.gms/com.google.android.gms.ads.social.GcmSchedulerWakeupService finished executing. cause:4 result: 1 elapsed_millis: 410 uptime_millis: 410 exec_start_elapsed_seconds: 95 [CONTEXT service_id=218 ]
12-14 01:53:00.351 I/ActivityManager( 1628): Force stopping com.evancharlton.mileage appid=10312 user=0: start instr
12-14 01:53:00.351 I/ActivityManager( 1628): Killing 4426:com.evancharlton.mileage/u0a312 (adj 0): stop com.evancharlton.mileage
12-14 01:53:00.352 W/ActivityManager( 1628): Crash of app com.evancharlton.mileage running instrumentation ComponentInfo{com.evancharlton.mileage.test/sh.calaba.instrumentationbackend.CalabashInstrumentationTestRunner}
12-14 01:53:00.352 I/ActivityManager( 1628): Force stopping com.evancharlton.mileage appid=10312 user=0: finished inst
12-14 01:53:00.363 I/zygote  ( 4528): Not late-enabling -Xcheck:jni (already on)
12-14 01:53:00.370 I/ActivityManager( 1628): Start proc 4528:com.evancharlton.mileage/u0a312 for added application com.evancharlton.mileage
12-14 01:53:00.373 D/AndroidRuntime( 4507): Shutting down VM
12-14 01:53:00.392 W/zygote  ( 4528): Unexpected CPU variant for X86 using defaults: x86
12-14 01:53:00.406 W/ActivityManager( 1628): setHasOverlayUi called on unknown pid: 4426
12-14 01:53:00.425 E/adbd    ( 1383): failed to connect to socket 'tcp:7102': Connection refused
12-14 01:53:00.434 E/adbd    ( 1383): failed to connect to socket 'tcp:7102': Connection refused
12-14 01:53:00.437 W/zygote  ( 4528): Found duplicate classes, falling back to extracting from APK : /data/app/com.evancharlton.mileage.test-tltOuAxfebRHzeCtg78T8w==/base.apk
12-14 01:53:00.438 W/zygote  ( 4528): NOTE: This wastes RAM and hurts startup performance.
12-14 01:53:00.438 W/zygote  ( 4528): Found duplicated class when checking oat files: 'Ljunit/runner/BaseTestRunner;' in /data/app/com.evancharlton.mileage.test-tltOuAxfebRHzeCtg78T8w==/base.apk and /system/framework/android.test.runner.jar
12-14 01:53:00.438 W/zygote  ( 4528): 
12-14 01:53:00.446 I/zygote  ( 2166): Do full code cache collection, code=497KB, data=352KB
12-14 01:53:00.447 I/zygote  ( 2166): After code cache collection, code=490KB, data=312KB
12-14 01:53:00.495 W/System  ( 4528): ClassLoader referenced unknown path: 
12-14 01:53:00.510 I/NetworkScheduler.Stats( 1944): Task com.google.android.gms/com.google.android.gms.clearcut.uploader.QosUploaderService started execution. cause:5 exec_start_elapsed_seconds: 96 [CONTEXT service_id=218 ]
12-14 01:53:00.514 I/System.out( 4528): Main activity name automatically set to: com.evancharlton.mileage.Mileage
12-14 01:53:00.516 I/System.out( 4528): Calabash did not load Mono. This is only a problem if you are trying to test a Mono application
12-14 01:53:00.517 I/calabash( 4528): Test server port: 7102
12-14 01:53:00.519 I/InstrumentationBackend( 4528): Added:'GetPreferences', with key:'get_preferences'
12-14 01:53:00.531 I/NetworkScheduler.Stats( 1944): Task com.google.android.gms/com.google.android.gms.clearcut.uploader.QosUploaderService finished executing. cause:5 result: 1 elapsed_millis: 91 uptime_millis: 91 exec_start_elapsed_seconds: 96 [CONTEXT service_id=218 ]
12-14 01:53:00.550 E/adbd    ( 1383): failed to connect to socket 'tcp:7102': Connection refused
12-14 01:53:00.559 E/adbd    ( 1383): failed to connect to socket 'tcp:7102': Connection refused
12-14 01:53:00.598 I/InstrumentationBackend( 4528): Added:'SetPreferences', with key:'set_preferences'
12-14 01:53:00.599 I/InstrumentationBackend( 4528): Added:'ClearPreferences', with key:'clear_preferences'
12-14 01:53:00.600 I/InstrumentationBackend( 4528): Added:'PressElement', with key:'press_l10n_element'
12-14 01:53:00.600 I/InstrumentationBackend( 4528): Added:'WaitForElement', with key:'wait_for_l10n_element'
12-14 01:53:00.602 I/InstrumentationBackend( 4528): Added:'NullAction', with key:'nullAction'
12-14 01:53:00.602 I/InstrumentationBackend( 4528): Added:'PressKey', with key:'press_key'
12-14 01:53:00.603 I/InstrumentationBackend( 4528): Added:'SetActivityOrientation', with key:'set_activity_orientation'
12-14 01:53:00.603 I/InstrumentationBackend( 4528): Added:'GetActivityOrientation', with key:'get_activity_orientation'
12-14 01:53:00.604 I/InstrumentationBackend( 4528): Added:'FakeGPSLocation', with key:'set_gps_coordinates'
12-14 01:53:00.605 I/InstrumentationBackend( 4528): Added:'SetPropertyByCssSelector', with key:'set_property_by_css_selector'
12-14 01:53:00.607 I/InstrumentationBackend( 4528): Added:'GetUrl', with key:'get_url'
12-14 01:53:00.610 I/InstrumentationBackend( 4528): Added:'ScrollTo', with key:'scroll_to'
12-14 01:53:00.611 I/InstrumentationBackend( 4528): Added:'GetLoadProgress', with key:'get_load_progress'
12-14 01:53:00.612 I/InstrumentationBackend( 4528): Added:'DumpHtml', with key:'dump_html'
12-14 01:53:00.612 I/InstrumentationBackend( 4528): Added:'DumpBodyHtml', with key:'dump_body_html'
12-14 01:53:00.612 I/InstrumentationBackend( 4528): Added:'EnterTextByCssSelector', with key:'enter_text_by_selector'
12-14 01:53:00.621 I/InstrumentationBackend( 4528): Added:'AndroidSDKVersion', with key:'android_sdk_version'
12-14 01:53:00.621 I/InstrumentationBackend( 4528): Added:'Version', with key:'version'
12-14 01:53:00.622 I/InstrumentationBackend( 4528): Added:'Drag', with key:'drag'
12-14 01:53:00.622 I/InstrumentationBackend( 4528): Added:'TouchCoordinates', with key:'touch_coordinate'
12-14 01:53:00.622 I/InstrumentationBackend( 4528): Added:'LongPressCoordinate', with key:'long_press_coordinate'
12-14 01:53:00.623 I/InstrumentationBackend( 4528): Added:'DragCoordinates', with key:'drag_coordinates'
12-14 01:53:00.624 I/InstrumentationBackend( 4528): Added:'ResumeApplication', with key:'resume_application'
12-14 01:53:00.624 I/InstrumentationBackend( 4528): Added:'Swipe', with key:'swipe'
12-14 01:53:00.625 I/InstrumentationBackend( 4528): Added:'DoubleTapCoordinate', with key:'double_tap_coordinate'
12-14 01:53:00.625 I/InstrumentationBackend( 4528): Added:'ClickOnScreen', with key:'click_on_screen'
12-14 01:53:00.626 I/InstrumentationBackend( 4528): Added:'GetActivityName', with key:'get_activity_name'
12-14 01:53:00.627 I/InstrumentationBackend( 4528): Added:'ScrollToView', with key:'scroll_to_view'
12-14 01:53:00.627 I/InstrumentationBackend( 4528): Added:'ViewConfiguration', with key:'view_configuration'
12-14 01:53:00.628 I/InstrumentationBackend( 4528): Added:'IsCurrentActivityFocused', with key:'is_current_activity_focused'
12-14 01:53:00.628 I/InstrumentationBackend( 4528): Added:'SendTcp', with key:'send_tcp'
12-14 01:53:00.629 I/InstrumentationBackend( 4528): Added:'DpToDevicePixel', with key:'dp_to_device_pixel'
12-14 01:53:00.631 I/InstrumentationBackend( 4528): Added:'KeyboardEnterText', with key:'keyboard_enter_text'
12-14 01:53:00.632 I/InstrumentationBackend( 4528): Added:'DeleteSurroundingText', with key:'delete_surrounding_text'
12-14 01:53:00.632 I/InstrumentationBackend( 4528): Added:'SetComposingRegion', with key:'set_composing_region'
12-14 01:53:00.633 I/InstrumentationBackend( 4528): Added:'SetSelection', with key:'set_selection'
12-14 01:53:00.634 I/InstrumentationBackend( 4528): Added:'KeyboardKeyEvent', with key:'keyboard_key_event'
12-14 01:53:00.634 I/InstrumentationBackend( 4528): Added:'PressUserActionButton', with key:'press_user_action_button'
12-14 01:53:00.637 I/InstrumentationBackend( 4528): Added:'HideSoftKeyboard', with key:'hide_soft_keyboard'
12-14 01:53:00.639 I/InstrumentationBackend( 4528): Added:'ListActions', with key:'list_actions'
12-14 01:53:00.639 I/calabash( 4528): Instantiating http server at 7102
12-14 01:53:00.639 I/System.out( 4528): HTTP Daemon listening on: 7102
12-14 01:53:00.670 I/System.out( 4528): URI: //ping
12-14 01:53:00.670 I/System.out( 4528): params: {json={}
12-14 01:53:00.670 I/System.out( 4528): }
12-14 01:53:00.678 I/System.out( 4528): URI: //ping
12-14 01:53:00.678 I/System.out( 4528): params: {json={}
12-14 01:53:00.678 I/System.out( 4528): }
12-14 01:53:00.685 I/System.out( 4528): URI: //ready
12-14 01:53:00.685 I/System.out( 4528): params: {json={}
12-14 01:53:00.686 I/System.out( 4528): }
12-14 01:53:00.694 I/System.out( 4528): URI: //
12-14 01:53:00.695 I/System.out( 4528): params: {json={"command":"version","arguments":[]}
12-14 01:53:00.695 I/System.out( 4528): }
12-14 01:53:00.696 I/System.out( 4528): header: {content-type=application/json;charset=utf-8, date=Mon, 14 Dec 2020 06:53:01 GMT, accept=*/*, host=127.0.0.1:34777, content-length=36, user-agent=HTTPClient/1.0 (2.8.3, ruby 2.5.8 (2020-03-31))}
12-14 01:53:00.696 I/System.out( 4528): params: {json={"command":"version","arguments":[]}
12-14 01:53:00.696 I/System.out( 4528): }
12-14 01:53:00.696 I/System.out( 4528): ProP json = {"command":"version","arguments":[]}
12-14 01:53:00.696 I/System.out( 4528): files: {}
12-14 01:53:00.696 I/System.out( 4528): command: {"command":"version","arguments":[]}
12-14 01:53:00.731 I/InstrumentationBackend( 4528): Got command:'Command:'Line:null,version', arguments:'[]'
12-14 01:53:00.767 I/System.out( 4528): result:{"bonusInformation":[],"message":"0.9.8","success":true}
12-14 01:53:00.774 I/System.out( 4528): URI: //start-application
12-14 01:53:00.774 I/System.out( 4528): params: {json={"intent":null}
12-14 01:53:00.774 I/System.out( 4528): }
12-14 01:53:00.813 I/ActivityManager( 1628): START u0 {act=android.intent.action.MAIN cat=[android.intent.category.LAUNCHER] flg=0x10200000 cmp=com.evancharlton.mileage/.Mileage} from uid 10312
12-14 01:53:00.829 I/calabash( 4528): newActivity1
12-14 01:53:00.847 D/gralloc_ranchu( 1396): gralloc_alloc: Creating ashmem region of size 7753728
12-14 01:53:00.866 W/ActivityManager( 1628): Bad activity token: android.os.BinderProxy@12d23a1
12-14 01:53:00.866 W/ActivityManager( 1628): java.lang.ClassCastException: android.os.BinderProxy cannot be cast to com.android.server.am.ActivityRecord$Token
12-14 01:53:00.866 W/ActivityManager( 1628): 	at com.android.server.am.ActivityRecord.forTokenLocked(ActivityRecord.java:778)
12-14 01:53:00.866 W/ActivityManager( 1628): 	at com.android.server.am.ActivityRecord.isInStackLocked(ActivityRecord.java:2085)
12-14 01:53:00.866 W/ActivityManager( 1628): 	at com.android.server.am.ActivityRecord.getStackLocked(ActivityRecord.java:2090)
12-14 01:53:00.866 W/ActivityManager( 1628): 	at com.android.server.am.ActivityManagerService.getActivityDisplayId(ActivityManagerService.java:10406)
12-14 01:53:00.866 W/ActivityManager( 1628): 	at android.app.IActivityManager$Stub.onTransact(IActivityManager.java:2738)
12-14 01:53:00.866 W/ActivityManager( 1628): 	at com.android.server.am.ActivityManagerService.onTransact(ActivityManagerService.java:2935)
12-14 01:53:00.866 W/ActivityManager( 1628): 	at android.os.Binder.execTransact(Binder.java:674)
12-14 01:53:00.868 I/calabash( 4528): newActivity1
12-14 01:53:00.872 W/ActivityManager( 1628): Bad activity token: android.os.BinderProxy@12d23a1
12-14 01:53:00.872 W/ActivityManager( 1628): java.lang.ClassCastException: android.os.BinderProxy cannot be cast to com.android.server.am.ActivityRecord$Token
12-14 01:53:00.872 W/ActivityManager( 1628): 	at com.android.server.am.ActivityRecord.forTokenLocked(ActivityRecord.java:778)
12-14 01:53:00.872 W/ActivityManager( 1628): 	at com.android.server.am.ActivityRecord.isInStackLocked(ActivityRecord.java:2085)
12-14 01:53:00.872 W/ActivityManager( 1628): 	at com.android.server.am.ActivityManagerService.setTaskDescription(ActivityManagerService.java:9988)
12-14 01:53:00.872 W/ActivityManager( 1628): 	at android.app.IActivityManager$Stub.onTransact(IActivityManager.java:2824)
12-14 01:53:00.872 W/ActivityManager( 1628): 	at com.android.server.am.ActivityManagerService.onTransact(ActivityManagerService.java:2935)
12-14 01:53:00.872 W/ActivityManager( 1628): 	at android.os.Binder.execTransact(Binder.java:674)
12-14 01:53:00.872 W/ActivityManager( 1628): Bad activity token: android.os.BinderProxy@12d23a1
12-14 01:53:00.872 W/ActivityManager( 1628): java.lang.ClassCastException: android.os.BinderProxy cannot be cast to com.android.server.am.ActivityRecord$Token
12-14 01:53:00.872 W/ActivityManager( 1628): 	at com.android.server.am.ActivityRecord.forTokenLocked(ActivityRecord.java:778)
12-14 01:53:00.872 W/ActivityManager( 1628): 	at com.android.server.am.ActivityRecord.isInStackLocked(ActivityRecord.java:2085)
12-14 01:53:00.872 W/ActivityManager( 1628): 	at com.android.server.am.ActivityRecord.getStackLocked(ActivityRecord.java:2090)
12-14 01:53:00.872 W/ActivityManager( 1628): 	at com.android.server.am.ActivityManagerService.getActivityStackId(ActivityManagerService.java:10417)
12-14 01:53:00.872 W/ActivityManager( 1628): 	at android.app.IActivityManager$Stub.onTransact(IActivityManager.java:3548)
12-14 01:53:00.872 W/ActivityManager( 1628): 	at com.android.server.am.ActivityManagerService.onTransact(ActivityManagerService.java:2935)
12-14 01:53:00.872 W/ActivityManager( 1628): 	at android.os.Binder.execTransact(Binder.java:674)
12-14 01:53:00.902 V/StatusBar( 1729): setLightsOn(true)
12-14 01:53:00.905 D/EGL_emulation( 2166): eglMakeCurrent: 0x986fdc20: ver 3 0 (tinfo 0x986ff540)
12-14 01:53:00.906 D/EGL_emulation( 2144): eglMakeCurrent: 0x986fcf00: ver 3 0 (tinfo 0x986ff930)
12-14 01:53:00.919 D/EGL_emulation( 1729): eglMakeCurrent: 0x87259160: ver 3 0 (tinfo 0x8724faf0)
12-14 01:53:00.923 V/StatusBar( 1729): setLightsOn(true)
12-14 01:53:00.943 D/EGL_emulation( 1729): eglMakeCurrent: 0x87259160: ver 3 0 (tinfo 0x8724faf0)
12-14 01:53:00.970 I/chatty  ( 1729): uid=10028(u0_a28) RenderThread identical 2 lines
12-14 01:53:00.976 D/EGL_emulation( 1729): eglMakeCurrent: 0x87259160: ver 3 0 (tinfo 0x8724faf0)
12-14 01:53:00.979 V/StatusBar( 1729): setLightsOn(true)
12-14 01:53:00.984 D/EGL_emulation( 1729): eglMakeCurrent: 0x87259160: ver 3 0 (tinfo 0x8724faf0)
12-14 01:53:00.990 D/EGL_emulation( 1729): eglMakeCurrent: 0x87259160: ver 3 0 (tinfo 0x8724faf0)
12-14 01:53:00.994 E/ContentStoreEUAS( 2166): Failed to commit the deferred actions
12-14 01:53:01.004 D/EGL_emulation( 1729): eglMakeCurrent: 0x87259160: ver 3 0 (tinfo 0x8724faf0)
12-14 01:53:01.005 W/ActivityManager( 1628): Bad activity token: android.os.BinderProxy@12d23a1
12-14 01:53:01.005 W/ActivityManager( 1628): java.lang.ClassCastException: android.os.BinderProxy cannot be cast to com.android.server.am.ActivityRecord$Token
12-14 01:53:01.005 W/ActivityManager( 1628): 	at com.android.server.am.ActivityRecord.forTokenLocked(ActivityRecord.java:778)
12-14 01:53:01.005 W/ActivityManager( 1628): 	at com.android.server.am.ActivityRecord.isInStackLocked(ActivityRecord.java:2085)
12-14 01:53:01.005 W/ActivityManager( 1628): 	at com.android.server.am.ActivityManagerService.getActivityOptions(ActivityManagerService.java:13302)
12-14 01:53:01.005 W/ActivityManager( 1628): 	at android.app.IActivityManager$Stub.onTransact(IActivityManager.java:2910)
12-14 01:53:01.005 W/ActivityManager( 1628): 	at com.android.server.am.ActivityManagerService.onTransact(ActivityManagerService.java:2935)
12-14 01:53:01.005 W/ActivityManager( 1628): 	at android.os.Binder.execTransact(Binder.java:674)
12-14 01:53:01.006 W/ActivityManager( 1628): Bad activity token: android.os.BinderProxy@12d23a1
12-14 01:53:01.006 W/ActivityManager( 1628): java.lang.ClassCastException: android.os.BinderProxy cannot be cast to com.android.server.am.ActivityRecord$Token
12-14 01:53:01.006 W/ActivityManager( 1628): 	at com.android.server.am.ActivityRecord.forTokenLocked(ActivityRecord.java:778)
12-14 01:53:01.006 W/ActivityManager( 1628): 	at com.android.server.am.ActivityRecord.isInStackLocked(ActivityRecord.java:2085)
12-14 01:53:01.006 W/ActivityManager( 1628): 	at com.android.server.am.ActivityManagerService.getActivityOptions(ActivityManagerService.java:13302)
12-14 01:53:01.006 W/ActivityManager( 1628): 	at android.app.IActivityManager$Stub.onTransact(IActivityManager.java:2910)
12-14 01:53:01.006 W/ActivityManager( 1628): 	at com.android.server.am.ActivityManagerService.onTransact(ActivityManagerService.java:2935)
12-14 01:53:01.006 W/ActivityManager( 1628): 	at android.os.Binder.execTransact(Binder.java:674)
12-14 01:53:01.121 I/chatty  ( 1729): uid=10028(u0_a28) RenderThread identical 13 lines
12-14 01:53:01.124 D/EGL_emulation( 1729): eglMakeCurrent: 0x87259160: ver 3 0 (tinfo 0x8724faf0)
12-14 01:53:01.125 V/StatusBar( 1729): setLightsOn(true)
12-14 01:53:01.167 I/zygote  ( 4528): Do partial code cache collection, code=28KB, data=29KB
12-14 01:53:01.169 I/zygote  ( 4528): After code cache collection, code=28KB, data=29KB
12-14 01:53:01.169 I/zygote  ( 4528): Increasing code cache capacity to 128KB
12-14 01:53:01.172 I/zygote  ( 4528): Do partial code cache collection, code=28KB, data=47KB
12-14 01:53:01.178 I/zygote  ( 4528): After code cache collection, code=28KB, data=47KB
12-14 01:53:01.178 I/zygote  ( 4528): Increasing code cache capacity to 256KB
12-14 01:53:01.180 I/zygote  ( 4528): JIT allocated 71KB for compiled code of void android.widget.TextView.<init>(android.content.Context, android.util.AttributeSet, int, int)
12-14 01:53:01.181 I/zygote  ( 4528): Compiler allocated 4MB to compile void android.widget.TextView.<init>(android.content.Context, android.util.AttributeSet, int, int)
12-14 01:53:01.224 V/StatusBar( 1729): setLightsOn(true)
12-14 01:53:01.226 I/chatty  ( 1729): uid=10028(u0_a28) com.android.systemui identical 1 line
12-14 01:53:01.226 V/StatusBar( 1729): setLightsOn(true)
12-14 01:53:01.276 D/gralloc_ranchu( 1396): gralloc_alloc: Creating ashmem region of size 7753728
12-14 01:53:01.300 D/        ( 4528): HostConnection::get() New Host Connection established 0x984afbc0, tid 4528
12-14 01:53:01.312 V/StatusBar( 1729): setLightsOn(true)
12-14 01:53:01.352 I/chatty  ( 1729): uid=10028(u0_a28) com.android.systemui identical 1 line
12-14 01:53:01.354 V/StatusBar( 1729): setLightsOn(true)
12-14 01:53:01.357 I/ActivityManager( 1628): Displayed com.evancharlton.mileage/.Mileage: +533ms
12-14 01:53:01.358 V/StatusBar( 1729): setLightsOn(true)
12-14 01:53:01.386 V/StatusBar( 1729): setLightsOn(true)
12-14 01:53:01.389 D/gralloc_ranchu( 1396): gralloc_alloc: Creating ashmem region of size 7753728
12-14 01:53:01.537 V/StatusBar( 1729): setLightsOn(true)
12-14 01:53:01.557 I/zygote  ( 4528): Do full code cache collection, code=125KB, data=72KB
12-14 01:53:01.557 I/zygote  ( 4528): After code cache collection, code=110KB, data=45KB
12-14 01:53:01.583 I/System.out( 4528): URI: //gesture
12-14 01:53:01.583 I/System.out( 4528): params: {json={"query_timeout":5.0,"gestures":[{"query_string":"android.widget.TabWidget descendant TextView index:1","touches":[{"x":50,"y":50,"offset_x":0,"offset_y":0,"wait":0.0,"time":0.2,"release":true,"query_string":null}]}]}
12-14 01:53:01.583 I/System.out( 4528): }
12-14 01:53:01.587 V/StatusBar( 1729): setLightsOn(true)
12-14 01:53:01.622 I/chatty  ( 1729): uid=10028(u0_a28) com.android.systemui identical 2 lines
12-14 01:53:01.636 V/StatusBar( 1729): setLightsOn(true)
12-14 01:53:01.643 W/SurfaceFlinger( 1405): couldn't log to binary event log: overflow.
12-14 01:53:01.736 I/PBSessionCacheImpl( 2166): Deleted sessionId[7643941205494] from persistence.
12-14 01:53:01.751 W/SearchService( 2166): Abort, client detached.
12-14 01:53:01.948 W/audio_hw_generic( 1390): Not supplying enough data to HAL, expected position 594303 , only wrote 594000
12-14 01:53:01.952 W/ActivityManager( 1628): Bad activity token: android.os.BinderProxy@8c92d6f
12-14 01:53:01.952 W/ActivityManager( 1628): java.lang.ClassCastException: android.os.BinderProxy cannot be cast to com.android.server.am.ActivityRecord$Token
12-14 01:53:01.952 W/ActivityManager( 1628): 	at com.android.server.am.ActivityRecord.forTokenLocked(ActivityRecord.java:778)
12-14 01:53:01.952 W/ActivityManager( 1628): 	at com.android.server.am.ActivityRecord.isInStackLocked(ActivityRecord.java:2085)
12-14 01:53:01.952 W/ActivityManager( 1628): 	at com.android.server.am.ActivityRecord.getStackLocked(ActivityRecord.java:2090)
12-14 01:53:01.952 W/ActivityManager( 1628): 	at com.android.server.am.ActivityManagerService.getActivityDisplayId(ActivityManagerService.java:10406)
12-14 01:53:01.952 W/ActivityManager( 1628): 	at android.app.IActivityManager$Stub.onTransact(IActivityManager.java:2738)
12-14 01:53:01.952 W/ActivityManager( 1628): 	at com.android.server.am.ActivityManagerService.onTransact(ActivityManagerService.java:2935)
12-14 01:53:01.952 W/ActivityManager( 1628): 	at android.os.Binder.execTransact(Binder.java:674)
12-14 01:53:01.953 I/calabash( 4528): newActivity1
12-14 01:53:01.958 W/ActivityManager( 1628): Bad activity token: android.os.BinderProxy@8c92d6f
12-14 01:53:01.958 W/ActivityManager( 1628): java.lang.ClassCastException: android.os.BinderProxy cannot be cast to com.android.server.am.ActivityRecord$Token
12-14 01:53:01.958 W/ActivityManager( 1628): 	at com.android.server.am.ActivityRecord.forTokenLocked(ActivityRecord.java:778)
12-14 01:53:01.958 W/ActivityManager( 1628): 	at com.android.server.am.ActivityRecord.isInStackLocked(ActivityRecord.java:2085)
12-14 01:53:01.958 W/ActivityManager( 1628): 	at com.android.server.am.ActivityManagerService.setTaskDescription(ActivityManagerService.java:9988)
12-14 01:53:01.958 W/ActivityManager( 1628): 	at android.app.IActivityManager$Stub.onTransact(IActivityManager.java:2824)
12-14 01:53:01.958 W/ActivityManager( 1628): 	at com.android.server.am.ActivityManagerService.onTransact(ActivityManagerService.java:2935)
12-14 01:53:01.958 W/ActivityManager( 1628): 	at android.os.Binder.execTransact(Binder.java:674)
12-14 01:53:01.960 W/ActivityManager( 1628): Bad activity token: android.os.BinderProxy@8c92d6f
12-14 01:53:01.960 W/ActivityManager( 1628): java.lang.ClassCastException: android.os.BinderProxy cannot be cast to com.android.server.am.ActivityRecord$Token
12-14 01:53:01.960 W/ActivityManager( 1628): 	at com.android.server.am.ActivityRecord.forTokenLocked(ActivityRecord.java:778)
12-14 01:53:01.960 W/ActivityManager( 1628): 	at com.android.server.am.ActivityRecord.isInStackLocked(ActivityRecord.java:2085)
12-14 01:53:01.960 W/ActivityManager( 1628): 	at com.android.server.am.ActivityRecord.getStackLocked(ActivityRecord.java:2090)
12-14 01:53:01.960 W/ActivityManager( 1628): 	at com.android.server.am.ActivityManagerService.getActivityStackId(ActivityManagerService.java:10417)
12-14 01:53:01.960 W/ActivityManager( 1628): 	at android.app.IActivityManager$Stub.onTransact(IActivityManager.java:3548)
12-14 01:53:01.960 W/ActivityManager( 1628): 	at com.android.server.am.ActivityManagerService.onTransact(ActivityManagerService.java:2935)
12-14 01:53:01.960 W/ActivityManager( 1628): 	at android.os.Binder.execTransact(Binder.java:674)
12-14 01:53:02.026 W/ActivityManager( 1628): Bad activity token: android.os.BinderProxy@8c92d6f
12-14 01:53:02.026 W/ActivityManager( 1628): java.lang.ClassCastException: android.os.BinderProxy cannot be cast to com.android.server.am.ActivityRecord$Token
12-14 01:53:02.026 W/ActivityManager( 1628): 	at com.android.server.am.ActivityRecord.forTokenLocked(ActivityRecord.java:778)
12-14 01:53:02.026 W/ActivityManager( 1628): 	at com.android.server.am.ActivityRecord.isInStackLocked(ActivityRecord.java:2085)
12-14 01:53:02.026 W/ActivityManager( 1628): 	at com.android.server.am.ActivityManagerService.getActivityOptions(ActivityManagerService.java:13302)
12-14 01:53:02.026 W/ActivityManager( 1628): 	at android.app.IActivityManager$Stub.onTransact(IActivityManager.java:2910)
12-14 01:53:02.026 W/ActivityManager( 1628): 	at com.android.server.am.ActivityManagerService.onTransact(ActivityManagerService.java:2935)
12-14 01:53:02.026 W/ActivityManager( 1628): 	at android.os.Binder.execTransact(Binder.java:674)
12-14 01:53:02.027 W/ActivityManager( 1628): Bad activity token: android.os.BinderProxy@8c92d6f
12-14 01:53:02.027 W/ActivityManager( 1628): java.lang.ClassCastException: android.os.BinderProxy cannot be cast to com.android.server.am.ActivityRecord$Token
12-14 01:53:02.027 W/ActivityManager( 1628): 	at com.android.server.am.ActivityRecord.forTokenLocked(ActivityRecord.java:778)
12-14 01:53:02.027 W/ActivityManager( 1628): 	at com.android.server.am.ActivityRecord.isInStackLocked(ActivityRecord.java:2085)
12-14 01:53:02.027 W/ActivityManager( 1628): 	at com.android.server.am.ActivityManagerService.getActivityOptions(ActivityManagerService.java:13302)
12-14 01:53:02.027 W/ActivityManager( 1628): 	at android.app.IActivityManager$Stub.onTransact(IActivityManager.java:2910)
12-14 01:53:02.027 W/ActivityManager( 1628): 	at com.android.server.am.ActivityManagerService.onTransact(ActivityManagerService.java:2935)
12-14 01:53:02.027 W/ActivityManager( 1628): 	at android.os.Binder.execTransact(Binder.java:674)
12-14 01:53:02.027 I/zygote  ( 4528): Do partial code cache collection, code=124KB, data=59KB
12-14 01:53:02.028 I/zygote  ( 4528): After code cache collection, code=124KB, data=59KB
12-14 01:53:02.028 I/zygote  ( 4528): Increasing code cache capacity to 512KB
12-14 01:53:02.098 D/gralloc_ranchu( 1396): gralloc_alloc: Creating ashmem region of size 7753728
12-14 01:53:02.106 D/Mileage ( 4528): Not enough fillups to calculate economy
12-14 01:53:02.231 I/Dialer  ( 2018): OmtpVvmCarrierCfgHlpr - OmtpEvent:CONFIG_STATUS_SMS_TIME_OUT
12-14 01:53:02.232 I/Dialer  ( 2018): RetryPolicy - discarding deferred status: configuration_state=4
12-14 01:53:02.238 I/Dialer  ( 2018): VvmTaskExecutor - no more tasks, stopping service if no task are added in 5000 millis
12-14 01:53:02.243 I/Dialer  ( 2018): VvmTaskReceiver - task received
12-14 01:53:02.243 I/Dialer  ( 2018): VvmTaskReceiver - TaskExecutor already running
12-14 01:53:02.243 I/Dialer  ( 2018): Task.createTask - create task:com.android.voicemail.impl.ActivationTask
12-14 01:53:02.243 I/Dialer  ( 2018): RetryPolicy - retry #1 for com.android.voicemail.impl.ActivationTask@8a839cd queued, executing in 5000
12-14 01:53:02.243 I/Dialer  ( 2018): VvmTaskExecutor - com.android.voicemail.impl.ActivationTask@8a839cd added
12-14 01:53:02.243 I/Dialer  ( 2018): VvmTaskExecutor - minimal wait time:5000
12-14 01:53:02.244 I/Dialer  ( 2018): VvmTaskExecutor - sleep for 5000 millis
12-14 01:53:02.266 E/SurfaceFlinger( 1405): ro.sf.lcd_density must be defined as a build property
12-14 01:53:02.295 D/gralloc_ranchu( 1396): gralloc_alloc: Creating ashmem region of size 8298496
12-14 01:53:02.311 D/        ( 4571): HostConnection::get() New Host Connection established 0xa7e2f800, tid 4571
12-14 01:53:02.648 I/System.out( 4528): URI: //gesture
12-14 01:53:02.648 I/System.out( 4528): params: {json={"query_timeout":5.0,"gestures":[{"query_string":"android.widget.TabWidget descendant TextView index:3","touches":[{"x":50,"y":50,"offset_x":0,"offset_y":0,"wait":0.0,"time":0.2,"release":true,"query_string":null}]}]}
12-14 01:53:02.648 I/System.out( 4528): }
12-14 01:53:02.918 W/ActivityManager( 1628): Bad activity token: android.os.BinderProxy@3e390fe
12-14 01:53:02.918 W/ActivityManager( 1628): java.lang.ClassCastException: android.os.BinderProxy cannot be cast to com.android.server.am.ActivityRecord$Token
12-14 01:53:02.918 W/ActivityManager( 1628): 	at com.android.server.am.ActivityRecord.forTokenLocked(ActivityRecord.java:778)
12-14 01:53:02.918 W/ActivityManager( 1628): 	at com.android.server.am.ActivityRecord.isInStackLocked(ActivityRecord.java:2085)
12-14 01:53:02.918 W/ActivityManager( 1628): 	at com.android.server.am.ActivityRecord.getStackLocked(ActivityRecord.java:2090)
12-14 01:53:02.918 W/ActivityManager( 1628): 	at com.android.server.am.ActivityManagerService.getActivityDisplayId(ActivityManagerService.java:10406)
12-14 01:53:02.918 W/ActivityManager( 1628): 	at android.app.IActivityManager$Stub.onTransact(IActivityManager.java:2738)
12-14 01:53:02.918 W/ActivityManager( 1628): 	at com.android.server.am.ActivityManagerService.onTransact(ActivityManagerService.java:2935)
12-14 01:53:02.918 W/ActivityManager( 1628): 	at android.os.Binder.execTransact(Binder.java:674)
12-14 01:53:02.921 I/calabash( 4528): newActivity1
12-14 01:53:02.921 E/BatteryStatsService( 1628): modem info is invalid: ModemActivityInfo{ mTimestamp=0 mSleepTimeMs=0 mIdleTimeMs=0 mTxTimeMs[]=[0, 0, 0, 0, 0] mRxTimeMs=0 mEnergyUsed=0}
12-14 01:53:02.925 W/ActivityManager( 1628): Bad activity token: android.os.BinderProxy@3e390fe
12-14 01:53:02.925 W/ActivityManager( 1628): java.lang.ClassCastException: android.os.BinderProxy cannot be cast to com.android.server.am.ActivityRecord$Token
12-14 01:53:02.925 W/ActivityManager( 1628): 	at com.android.server.am.ActivityRecord.forTokenLocked(ActivityRecord.java:778)
12-14 01:53:02.925 W/ActivityManager( 1628): 	at com.android.server.am.ActivityRecord.isInStackLocked(ActivityRecord.java:2085)
12-14 01:53:02.925 W/ActivityManager( 1628): 	at com.android.server.am.ActivityManagerService.setTaskDescription(ActivityManagerService.java:9988)
12-14 01:53:02.925 W/ActivityManager( 1628): 	at android.app.IActivityManager$Stub.onTransact(IActivityManager.java:2824)
12-14 01:53:02.925 W/ActivityManager( 1628): 	at com.android.server.am.ActivityManagerService.onTransact(ActivityManagerService.java:2935)
12-14 01:53:02.925 W/ActivityManager( 1628): 	at android.os.Binder.execTransact(Binder.java:674)
12-14 01:53:02.928 W/ActivityManager( 1628): Bad activity token: android.os.BinderProxy@3e390fe
12-14 01:53:02.928 W/ActivityManager( 1628): java.lang.ClassCastException: android.os.BinderProxy cannot be cast to com.android.server.am.ActivityRecord$Token
12-14 01:53:02.928 W/ActivityManager( 1628): 	at com.android.server.am.ActivityRecord.forTokenLocked(ActivityRecord.java:778)
12-14 01:53:02.928 W/ActivityManager( 1628): 	at com.android.server.am.ActivityRecord.isInStackLocked(ActivityRecord.java:2085)
12-14 01:53:02.928 W/ActivityManager( 1628): 	at com.android.server.am.ActivityRecord.getStackLocked(ActivityRecord.java:2090)
12-14 01:53:02.928 W/ActivityManager( 1628): 	at com.android.server.am.ActivityManagerService.getActivityStackId(ActivityManagerService.java:10417)
12-14 01:53:02.928 W/ActivityManager( 1628): 	at android.app.IActivityManager$Stub.onTransact(IActivityManager.java:3548)
12-14 01:53:02.928 W/ActivityManager( 1628): 	at com.android.server.am.ActivityManagerService.onTransact(ActivityManagerService.java:2935)
12-14 01:53:02.928 W/ActivityManager( 1628): 	at android.os.Binder.execTransact(Binder.java:674)
12-14 01:53:02.933 W/ActivityManager( 1628): Bad activity token: android.os.BinderProxy@3e390fe
12-14 01:53:02.933 W/ActivityManager( 1628): java.lang.ClassCastException: android.os.BinderProxy cannot be cast to com.android.server.am.ActivityRecord$Token
12-14 01:53:02.933 W/ActivityManager( 1628): 	at com.android.server.am.ActivityRecord.forTokenLocked(ActivityRecord.java:778)
12-14 01:53:02.933 W/ActivityManager( 1628): 	at com.android.server.am.ActivityRecord.isInStackLocked(ActivityRecord.java:2085)
12-14 01:53:02.933 W/ActivityManager( 1628): 	at com.android.server.am.ActivityManagerService.getActivityOptions(ActivityManagerService.java:13302)
12-14 01:53:02.933 W/ActivityManager( 1628): 	at android.app.IActivityManager$Stub.onTransact(IActivityManager.java:2910)
12-14 01:53:02.933 W/ActivityManager( 1628): 	at com.android.server.am.ActivityManagerService.onTransact(ActivityManagerService.java:2935)
12-14 01:53:02.933 W/ActivityManager( 1628): 	at android.os.Binder.execTransact(Binder.java:674)
12-14 01:53:02.934 W/ActivityManager( 1628): Bad activity token: android.os.BinderProxy@3e390fe
12-14 01:53:02.934 W/ActivityManager( 1628): java.lang.ClassCastException: android.os.BinderProxy cannot be cast to com.android.server.am.ActivityRecord$Token
12-14 01:53:02.934 W/ActivityManager( 1628): 	at com.android.server.am.ActivityRecord.forTokenLocked(ActivityRecord.java:778)
12-14 01:53:02.934 W/ActivityManager( 1628): 	at com.android.server.am.ActivityRecord.isInStackLocked(ActivityRecord.java:2085)
12-14 01:53:02.934 W/ActivityManager( 1628): 	at com.android.server.am.ActivityManagerService.getActivityOptions(ActivityManagerService.java:13302)
12-14 01:53:02.934 W/ActivityManager( 1628): 	at android.app.IActivityManager$Stub.onTransact(IActivityManager.java:2910)
12-14 01:53:02.934 W/ActivityManager( 1628): 	at com.android.server.am.ActivityManagerService.onTransact(ActivityManagerService.java:2935)
12-14 01:53:02.934 W/ActivityManager( 1628): 	at android.os.Binder.execTransact(Binder.java:674)
12-14 01:53:03.130 E/SurfaceFlinger( 1405): ro.sf.lcd_density must be defined as a build property
12-14 01:53:03.137 D/gralloc_ranchu( 1396): gralloc_alloc: Creating ashmem region of size 8298496
12-14 01:53:03.146 D/        ( 4578): HostConnection::get() New Host Connection established 0xb2e2f800, tid 4578
12-14 01:53:03.439 I/System.out( 4528): URI: //gesture
12-14 01:53:03.439 I/System.out( 4528): params: {json={"query_timeout":5.0,"gestures":[{"query_string":"android.widget.TabWidget descendant TextView index:2","touches":[{"x":50,"y":50,"offset_x":0,"offset_y":0,"wait":0.0,"time":0.2,"release":true,"query_string":null}]}]}
12-14 01:53:03.439 I/System.out( 4528): }
12-14 01:53:03.684 W/ActivityManager( 1628): Bad activity token: android.os.BinderProxy@8b791f1
12-14 01:53:03.684 W/ActivityManager( 1628): java.lang.ClassCastException: android.os.BinderProxy cannot be cast to com.android.server.am.ActivityRecord$Token
12-14 01:53:03.684 W/ActivityManager( 1628): 	at com.android.server.am.ActivityRecord.forTokenLocked(ActivityRecord.java:778)
12-14 01:53:03.684 W/ActivityManager( 1628): 	at com.android.server.am.ActivityRecord.isInStackLocked(ActivityRecord.java:2085)
12-14 01:53:03.684 W/ActivityManager( 1628): 	at com.android.server.am.ActivityRecord.getStackLocked(ActivityRecord.java:2090)
12-14 01:53:03.684 W/ActivityManager( 1628): 	at com.android.server.am.ActivityManagerService.getActivityDisplayId(ActivityManagerService.java:10406)
12-14 01:53:03.684 W/ActivityManager( 1628): 	at android.app.IActivityManager$Stub.onTransact(IActivityManager.java:2738)
12-14 01:53:03.684 W/ActivityManager( 1628): 	at com.android.server.am.ActivityManagerService.onTransact(ActivityManagerService.java:2935)
12-14 01:53:03.684 W/ActivityManager( 1628): 	at android.os.Binder.execTransact(Binder.java:674)
12-14 01:53:03.685 I/calabash( 4528): newActivity1
12-14 01:53:03.793 W/ActivityManager( 1628): Bad activity token: android.os.BinderProxy@8b791f1
12-14 01:53:03.793 W/ActivityManager( 1628): java.lang.ClassCastException: android.os.BinderProxy cannot be cast to com.android.server.am.ActivityRecord$Token
12-14 01:53:03.793 W/ActivityManager( 1628): 	at com.android.server.am.ActivityRecord.forTokenLocked(ActivityRecord.java:778)
12-14 01:53:03.793 W/ActivityManager( 1628): 	at com.android.server.am.ActivityRecord.isInStackLocked(ActivityRecord.java:2085)
12-14 01:53:03.793 W/ActivityManager( 1628): 	at com.android.server.am.ActivityManagerService.setTaskDescription(ActivityManagerService.java:9988)
12-14 01:53:03.793 W/ActivityManager( 1628): 	at android.app.IActivityManager$Stub.onTransact(IActivityManager.java:2824)
12-14 01:53:03.793 W/ActivityManager( 1628): 	at com.android.server.am.ActivityManagerService.onTransact(ActivityManagerService.java:2935)
12-14 01:53:03.793 W/ActivityManager( 1628): 	at android.os.Binder.execTransact(Binder.java:674)
12-14 01:53:03.795 W/ActivityManager( 1628): Bad activity token: android.os.BinderProxy@8b791f1
12-14 01:53:03.795 W/ActivityManager( 1628): java.lang.ClassCastException: android.os.BinderProxy cannot be cast to com.android.server.am.ActivityRecord$Token
12-14 01:53:03.795 W/ActivityManager( 1628): 	at com.android.server.am.ActivityRecord.forTokenLocked(ActivityRecord.java:778)
12-14 01:53:03.795 W/ActivityManager( 1628): 	at com.android.server.am.ActivityRecord.isInStackLocked(ActivityRecord.java:2085)
12-14 01:53:03.795 W/ActivityManager( 1628): 	at com.android.server.am.ActivityRecord.getStackLocked(ActivityRecord.java:2090)
12-14 01:53:03.795 W/ActivityManager( 1628): 	at com.android.server.am.ActivityManagerService.getActivityStackId(ActivityManagerService.java:10417)
12-14 01:53:03.795 W/ActivityManager( 1628): 	at android.app.IActivityManager$Stub.onTransact(IActivityManager.java:3548)
12-14 01:53:03.795 W/ActivityManager( 1628): 	at com.android.server.am.ActivityManagerService.onTransact(ActivityManagerService.java:2935)
12-14 01:53:03.795 W/ActivityManager( 1628): 	at android.os.Binder.execTransact(Binder.java:674)
12-14 01:53:03.834 D/VehicleStatisticsActivity( 4528): Checking recalculation ...
12-14 01:53:03.836 D/VehicleStatisticsActivity( 4528): Recalculating statistics
