12-13 23:57:53.250 W/Nearby  ( 1944): 	at java.lang.Thread.run(Thread.java:764)
12-13 23:57:53.250 W/Nearby  ( 1944): 	at tly.run(Unknown Source:5)
12-13 23:57:53.250 W/Nearby  ( 1944): 	at java.util.concurrent.ThreadPoolExecutor.runWorker(ThreadPoolExecutor.java:1162)
12-13 23:57:53.250 W/Nearby  ( 1944): 	at java.util.concurrent.ThreadPoolExecutor$Worker.run(ThreadPoolExecutor.java:636)
12-13 23:57:53.250 W/Nearby  ( 1944): 	at trx.run(:com.google.android.gms@204713022@20.47.13 (040700-344095733):0)
12-13 23:57:53.250 W/Nearby  ( 1944): 	at java.lang.Thread.run(Thread.java:764)
12-13 23:57:53.262 D/gralloc_ranchu( 1396): gralloc_alloc: Creating ashmem region of size 7753728
12-13 23:57:53.297 W/ActivityManager( 1627): Bad activity token: android.os.BinderProxy@59479e
12-13 23:57:53.297 W/ActivityManager( 1627): java.lang.ClassCastException: android.os.BinderProxy cannot be cast to com.android.server.am.ActivityRecord$Token
12-13 23:57:53.297 W/ActivityManager( 1627): 	at com.android.server.am.ActivityRecord.forTokenLocked(ActivityRecord.java:778)
12-13 23:57:53.297 W/ActivityManager( 1627): 	at com.android.server.am.ActivityRecord.isInStackLocked(ActivityRecord.java:2085)
12-13 23:57:53.297 W/ActivityManager( 1627): 	at com.android.server.am.ActivityRecord.getStackLocked(ActivityRecord.java:2090)
12-13 23:57:53.297 W/ActivityManager( 1627): 	at com.android.server.am.ActivityManagerService.getActivityDisplayId(ActivityManagerService.java:10406)
12-13 23:57:53.297 W/ActivityManager( 1627): 	at android.app.IActivityManager$Stub.onTransact(IActivityManager.java:2738)
12-13 23:57:53.297 W/ActivityManager( 1627): 	at com.android.server.am.ActivityManagerService.onTransact(ActivityManagerService.java:2935)
12-13 23:57:53.297 W/ActivityManager( 1627): 	at android.os.Binder.execTransact(Binder.java:674)
12-13 23:57:53.299 I/calabash( 3898): newActivity1
12-13 23:57:53.306 W/ActivityManager( 1627): Bad activity token: android.os.BinderProxy@59479e
12-13 23:57:53.306 W/ActivityManager( 1627): java.lang.ClassCastException: android.os.BinderProxy cannot be cast to com.android.server.am.ActivityRecord$Token
12-13 23:57:53.306 W/ActivityManager( 1627): 	at com.android.server.am.ActivityRecord.forTokenLocked(ActivityRecord.java:778)
12-13 23:57:53.306 W/ActivityManager( 1627): 	at com.android.server.am.ActivityRecord.isInStackLocked(ActivityRecord.java:2085)
12-13 23:57:53.306 W/ActivityManager( 1627): 	at com.android.server.am.ActivityManagerService.setTaskDescription(ActivityManagerService.java:9988)
12-13 23:57:53.306 W/ActivityManager( 1627): 	at android.app.IActivityManager$Stub.onTransact(IActivityManager.java:2824)
12-13 23:57:53.306 W/ActivityManager( 1627): 	at com.android.server.am.ActivityManagerService.onTransact(ActivityManagerService.java:2935)
12-13 23:57:53.306 W/ActivityManager( 1627): 	at android.os.Binder.execTransact(Binder.java:674)
12-13 23:57:53.306 W/ActivityManager( 1627): Bad activity token: android.os.BinderProxy@59479e
12-13 23:57:53.306 W/ActivityManager( 1627): java.lang.ClassCastException: android.os.BinderProxy cannot be cast to com.android.server.am.ActivityRecord$Token
12-13 23:57:53.306 W/ActivityManager( 1627): 	at com.android.server.am.ActivityRecord.forTokenLocked(ActivityRecord.java:778)
12-13 23:57:53.306 W/ActivityManager( 1627): 	at com.android.server.am.ActivityRecord.isInStackLocked(ActivityRecord.java:2085)
12-13 23:57:53.306 W/ActivityManager( 1627): 	at com.android.server.am.ActivityRecord.getStackLocked(ActivityRecord.java:2090)
12-13 23:57:53.306 W/ActivityManager( 1627): 	at com.android.server.am.ActivityManagerService.getActivityStackId(ActivityManagerService.java:10417)
12-13 23:57:53.306 W/ActivityManager( 1627): 	at android.app.IActivityManager$Stub.onTransact(IActivityManager.java:3548)
12-13 23:57:53.306 W/ActivityManager( 1627): 	at com.android.server.am.ActivityManagerService.onTransact(ActivityManagerService.java:2935)
12-13 23:57:53.306 W/ActivityManager( 1627): 	at android.os.Binder.execTransact(Binder.java:674)
12-13 23:57:53.338 W/asset   ( 1730): Asset path /data/app/com.evancharlton.mileage-rn3GDaKxkaFFvLDdz2AQdA==/base.apk is neither a directory nor file (type=1).
12-13 23:57:53.338 E/ResourcesManager( 1730): failed to add asset path /data/app/com.evancharlton.mileage-rn3GDaKxkaFFvLDdz2AQdA==/base.apk
12-13 23:57:53.338 W/PackageManager( 1730): Failure retrieving resources for com.evancharlton.mileage
12-13 23:57:53.338 W/asset   ( 1730): Asset path /data/app/com.evancharlton.mileage-rn3GDaKxkaFFvLDdz2AQdA==/base.apk is neither a directory nor file (type=1).
12-13 23:57:53.338 E/ResourcesManager( 1730): failed to add asset path /data/app/com.evancharlton.mileage-rn3GDaKxkaFFvLDdz2AQdA==/base.apk
12-13 23:57:53.338 W/PackageManager( 1730): Failure retrieving resources for com.evancharlton.mileage
12-13 23:57:53.338 W/asset   ( 1730): Asset path /data/app/com.evancharlton.mileage-rn3GDaKxkaFFvLDdz2AQdA==/base.apk is neither a directory nor file (type=1).
12-13 23:57:53.338 E/ContentStoreEUAS( 2079): Failed to commit the deferred actions
12-13 23:57:53.338 E/ResourcesManager( 1730): failed to add asset path /data/app/com.evancharlton.mileage-rn3GDaKxkaFFvLDdz2AQdA==/base.apk
12-13 23:57:53.339 W/PackageManager( 1730): Failure retrieving resources for com.evancharlton.mileage
12-13 23:57:53.346 V/StatusBar( 1730): setLightsOn(true)
12-13 23:57:53.348 D/EGL_emulation( 2031): eglMakeCurrent: 0x9f9fc480: ver 3 0 (tinfo 0x9f9ff5e0)
12-13 23:57:53.366 D/EGL_emulation( 2079): eglMakeCurrent: 0xa20849c0: ver 3 0 (tinfo 0xa2083860)
12-13 23:57:53.380 D/EGL_emulation( 1730): eglMakeCurrent: 0x8e53c520: ver 3 0 (tinfo 0x8e534c30)
12-13 23:57:53.393 I/chatty  ( 1730): uid=10028(u0_a28) RenderThread identical 1 line
12-13 23:57:53.438 D/EGL_emulation( 1730): eglMakeCurrent: 0x8e53c520: ver 3 0 (tinfo 0x8e534c30)
12-13 23:57:53.440 V/StatusBar( 1730): setLightsOn(true)
12-13 23:57:53.453 D/FillupsProvider( 3898): Creating database
12-13 23:57:53.458 D/EGL_emulation( 1730): eglMakeCurrent: 0x8e53c520: ver 3 0 (tinfo 0x8e534c30)
12-13 23:57:53.564 I/chatty  ( 1730): uid=10028(u0_a28) RenderThread identical 9 lines
12-13 23:57:53.579 D/EGL_emulation( 1730): eglMakeCurrent: 0x8e53c520: ver 3 0 (tinfo 0x8e534c30)
12-13 23:57:53.587 I/zygote  ( 3898): Do partial code cache collection, code=30KB, data=21KB
12-13 23:57:53.588 I/zygote  ( 3898): After code cache collection, code=30KB, data=21KB
12-13 23:57:53.588 I/zygote  ( 3898): Increasing code cache capacity to 128KB
12-13 23:57:53.712 W/ActivityManager( 1627): Bad activity token: android.os.BinderProxy@59479e
12-13 23:57:53.712 W/ActivityManager( 1627): java.lang.ClassCastException: android.os.BinderProxy cannot be cast to com.android.server.am.ActivityRecord$Token
12-13 23:57:53.712 W/ActivityManager( 1627): 	at com.android.server.am.ActivityRecord.forTokenLocked(ActivityRecord.java:778)
12-13 23:57:53.712 W/ActivityManager( 1627): 	at com.android.server.am.ActivityRecord.isInStackLocked(ActivityRecord.java:2085)
12-13 23:57:53.712 W/ActivityManager( 1627): 	at com.android.server.am.ActivityManagerService.getActivityOptions(ActivityManagerService.java:13302)
12-13 23:57:53.712 W/ActivityManager( 1627): 	at android.app.IActivityManager$Stub.onTransact(IActivityManager.java:2910)
12-13 23:57:53.712 W/ActivityManager( 1627): 	at com.android.server.am.ActivityManagerService.onTransact(ActivityManagerService.java:2935)
12-13 23:57:53.712 W/ActivityManager( 1627): 	at android.os.Binder.execTransact(Binder.java:674)
12-13 23:57:53.714 W/ActivityManager( 1627): Bad activity token: android.os.BinderProxy@59479e
12-13 23:57:53.714 W/ActivityManager( 1627): java.lang.ClassCastException: android.os.BinderProxy cannot be cast to com.android.server.am.ActivityRecord$Token
12-13 23:57:53.714 W/ActivityManager( 1627): 	at com.android.server.am.ActivityRecord.forTokenLocked(ActivityRecord.java:778)
12-13 23:57:53.714 W/ActivityManager( 1627): 	at com.android.server.am.ActivityRecord.isInStackLocked(ActivityRecord.java:2085)
12-13 23:57:53.714 W/ActivityManager( 1627): 	at com.android.server.am.ActivityManagerService.getActivityOptions(ActivityManagerService.java:13302)
12-13 23:57:53.714 W/ActivityManager( 1627): 	at android.app.IActivityManager$Stub.onTransact(IActivityManager.java:2910)
12-13 23:57:53.714 W/ActivityManager( 1627): 	at com.android.server.am.ActivityManagerService.onTransact(ActivityManagerService.java:2935)
12-13 23:57:53.714 W/ActivityManager( 1627): 	at android.os.Binder.execTransact(Binder.java:674)
12-13 23:57:53.767 V/StatusBar( 1730): setLightsOn(true)
12-13 23:57:53.906 I/chatty  ( 1730): uid=10028(u0_a28) com.android.systemui identical 2 lines
12-13 23:57:53.907 V/StatusBar( 1730): setLightsOn(true)
12-13 23:57:53.907 I/zygote  ( 3898): Do partial code cache collection, code=44KB, data=58KB
12-13 23:57:53.907 I/zygote  ( 3898): After code cache collection, code=44KB, data=58KB
12-13 23:57:53.907 I/zygote  ( 3898): Increasing code cache capacity to 256KB
12-13 23:57:53.908 I/zygote  ( 3898): JIT allocated 71KB for compiled code of void android.widget.TextView.<init>(android.content.Context, android.util.AttributeSet, int, int)
12-13 23:57:53.908 I/zygote  ( 3898): Compiler allocated 4MB to compile void android.widget.TextView.<init>(android.content.Context, android.util.AttributeSet, int, int)
12-13 23:57:53.941 I/zygote  ( 3898): Do full code cache collection, code=124KB, data=67KB
12-13 23:57:53.942 I/zygote  ( 3898): After code cache collection, code=89KB, data=38KB
12-13 23:57:53.966 D/gralloc_ranchu( 1396): gralloc_alloc: Creating ashmem region of size 7753728
12-13 23:57:53.990 D/        ( 3898): HostConnection::get() New Host Connection established 0x9f72fd40, tid 3898
12-13 23:57:54.013 I/zygote  ( 1627): Background concurrent copying GC freed 53740(2MB) AllocSpace objects, 10(216KB) LOS objects, 37% free, 10MB/16MB, paused 1.094ms total 185.353ms
12-13 23:57:54.018 I/zygote  ( 3826): Waiting for a blocking GC ProfileSaver
12-13 23:57:54.080 V/StatusBar( 1730): setLightsOn(true)
12-13 23:57:54.088 V/StatusBar( 1730): setLightsOn(true)
12-13 23:57:54.092 I/ActivityManager( 1627): Displayed com.evancharlton.mileage/.Mileage: +860ms
12-13 23:57:54.120 V/StatusBar( 1730): setLightsOn(true)
12-13 23:57:54.128 D/gralloc_ranchu( 1396): gralloc_alloc: Creating ashmem region of size 7753728
12-13 23:57:54.185 V/StatusBar( 1730): setLightsOn(true)
12-13 23:57:54.292 V/StatusBar( 1730): setLightsOn(true)
12-13 23:57:54.344 W/SurfaceFlinger( 1405): couldn't log to binary event log: overflow.
12-13 23:57:54.344 W/SurfaceFlinger( 1405): couldn't log to binary event log: overflow.
12-13 23:57:54.428 I/PBSessionCacheImpl( 2079): Deleted sessionId[3658211485316] from persistence.
12-13 23:57:54.496 W/SearchService( 2079): Abort, client detached.
12-13 23:57:54.499 E/WorkerRegistryImpl( 2079): getWorker() is called after WorkerRegistry disposal.
12-13 23:57:54.499 E/WorkerRegistryImpl( 2079): getWorker() is called after WorkerRegistry disposal.
12-13 23:57:54.522 I/System.out( 3898): URI: //map
12-13 23:57:54.522 I/System.out( 3898): params: {json={"query":"android.widget.Button index:2","operation":{"method_name":"query","arguments":[]}}
12-13 23:57:54.522 I/System.out( 3898): }
12-13 23:57:54.722 I/System.out( 3898): URI: //gesture
12-13 23:57:54.722 I/System.out( 3898): params: {json={"query_timeout":5.0,"gestures":[{"query_string":"android.widget.Button index:2","touches":[{"x":50,"y":50,"offset_x":0,"offset_y":0,"wait":0.0,"time":0.2,"release":true,"query_string":null}]}]}
12-13 23:57:54.722 I/System.out( 3898): }
12-13 23:57:54.819 I/zygote  ( 3898): Do partial code cache collection, code=116KB, data=61KB
12-13 23:57:54.819 I/zygote  ( 3898): After code cache collection, code=116KB, data=61KB
12-13 23:57:54.819 I/zygote  ( 3898): Increasing code cache capacity to 512KB
12-13 23:57:55.014 D/BoundBrokerSvc( 1944): onUnbind: Intent { act=com.google.android.gms.auth.account.workaccount.START cmp=com.google.android.gms/.chimera.PersistentApiService }
12-13 23:57:55.021 I/AudioTrack( 1627): AUDIO_OUTPUT_FLAG_FAST successful; frameCount 4512 -> 4512
12-13 23:57:55.120 V/StatusBar( 1730): setLightsOn(true)
12-13 23:57:55.121 I/chatty  ( 1730): uid=10028(u0_a28) com.android.systemui identical 1 line
12-13 23:57:55.125 V/StatusBar( 1730): setLightsOn(true)
12-13 23:57:55.142 W/View    ( 3898): dispatchProvideAutofillStructure(): not laid out, ignoring
12-13 23:57:55.148 W/Binder  ( 1627): Outgoing transactions from this process must be FLAG_ONEWAY
12-13 23:57:55.148 W/Binder  ( 1627): java.lang.Throwable
12-13 23:57:55.148 W/Binder  ( 1627): 	at android.os.BinderProxy.transact(Binder.java:736)
12-13 23:57:55.148 W/Binder  ( 1627): 	at android.app.assist.AssistStructure$ParcelTransferReader.fetchData(AssistStructure.java:407)
12-13 23:57:55.148 W/Binder  ( 1627): 	at android.app.assist.AssistStructure$ParcelTransferReader.go(AssistStructure.java:343)
12-13 23:57:55.148 W/Binder  ( 1627): 	at android.app.assist.AssistStructure.ensureData(AssistStructure.java:2096)
12-13 23:57:55.148 W/Binder  ( 1627): 	at com.android.server.autofill.Session$1.send(Session.java:200)
12-13 23:57:55.148 W/Binder  ( 1627): 	at com.android.server.am.ActivityManagerService.reportAssistContextExtras(ActivityManagerService.java:13137)
12-13 23:57:55.148 W/Binder  ( 1627): 	at android.app.IActivityManager$Stub.onTransact(IActivityManager.java:2466)
12-13 23:57:55.148 W/Binder  ( 1627): 	at com.android.server.am.ActivityManagerService.onTransact(ActivityManagerService.java:2935)
12-13 23:57:55.148 W/Binder  ( 1627): 	at android.os.Binder.execTransact(Binder.java:674)
12-13 23:57:55.685 W/AudioFlinger( 1474): write blocked for 533 msecs, 1 delayed writes, thread 0xb3b03a40
12-13 23:57:55.685 W/audio_hw_generic( 1390): Not supplying enough data to HAL, expected position 25455 , only wrote 2160
12-13 23:57:55.688 I/AssistStructure( 3898): Flattened final assist data: 5024 bytes, containing 2 windows, 19 views
12-13 23:57:55.695 W/zygote  ( 1998): Suspending all threads took: 8.377ms
12-13 23:57:55.696 I/Choreographer( 3898): Skipped 35 frames!  The application may be doing too much work on its main thread.
12-13 23:57:55.703 W/audio_hw_generic( 1390): Hardware backing HAL too slow, could only write 0 of 720 frames
12-13 23:57:55.704 D/BoundBrokerSvc( 2157): onUnbind: Intent { act=com.google.android.mdd.service.START cmp=com.google.android.gms/.chimera.GmsBoundBrokerService }
12-13 23:57:55.727 D/AudioFlinger( 1474): mixer(0xb3b03a40) throttle end: throttle time(4)
12-13 23:57:55.762 D/gralloc_ranchu( 1396): gralloc_alloc: Creating ashmem region of size 303104
12-13 23:57:55.780 V/StatusBar( 1730): setLightsOn(true)
12-13 23:57:55.786 V/StatusBar( 1730): setLightsOn(true)
12-13 23:57:55.786 D/BoundBrokerSvc( 1944): onUnbind: Intent { act=com.google.android.gms.auth.proximity.START cmp=com.google.android.gms/.chimera.PersistentBoundBrokerService }
12-13 23:57:55.797 V/StatusBar( 1730): setLightsOn(true)
12-13 23:57:55.865 W/audio_hw_generic( 1390): Not supplying enough data to HAL, expected position 10801 , only wrote 10800
12-13 23:57:55.866 W/audio_hw_generic( 1390): Not supplying enough data to HAL, expected position 10851 , only wrote 10800
12-13 23:57:55.873 I/AssistStructure( 1627): Flattened final assist data: 4496 bytes, containing 2 windows, 19 views
12-13 23:57:55.882 W/audio_hw_generic( 1390): Not supplying enough data to HAL, expected position 11559 , only wrote 11520
12-13 23:57:55.910 E/SurfaceFlinger( 1405): ro.sf.lcd_density must be defined as a build property
12-13 23:57:55.916 D/PermissionCache( 1405): checking android.permission.READ_FRAME_BUFFER for uid=2000 => granted (990 us)
12-13 23:57:55.937 W/lgq     ( 1944): Pending fill request while another request in the same session was triggered. [CONTEXT service_id=177 ]
12-13 23:57:55.946 D/gralloc_ranchu( 1396): gralloc_alloc: Creating ashmem region of size 8298496
12-13 23:57:55.958 D/        ( 3952): HostConnection::get() New Host Connection established 0xb3aaf800, tid 3952
12-13 23:57:56.071 V/StatusBar( 1730): setLightsOn(true)
12-13 23:57:56.200 I/zygote  ( 1944): Background concurrent copying GC freed 95652(5MB) AllocSpace objects, 7(164KB) LOS objects, 46% free, 7MB/13MB, paused 849us total 178.067ms
12-13 23:57:56.295 I/zygote  ( 1944): Deoptimizing bpvb bpuz.i(bpva) due to JIT inline cache
12-13 23:57:56.567 D/BoundBrokerSvc( 1944): onUnbind: Intent { act=com.google.android.contextmanager.service.ContextManagerService.START cmp=com.google.android.gms/.chimera.PersistentApiService }
