--------- beginning of main
12-13 23:57:46.522 E/memtrack( 1627): Couldn't load memtrack module
12-13 23:57:46.522 W/android.os.Debug( 1627): failed to get memory consumption info: -1
12-13 23:57:47.511 D/BoundBrokerSvc( 1944): onUnbind: Intent { act=com.google.android.gms.icing.LIGHTWEIGHT_INDEX_SERVICE cmp=com.google.android.gms/.chimera.PersistentApiService }
12-13 23:57:47.750 D/BoundBrokerSvc( 2157): onUnbind: Intent { act=com.google.android.gms.checkin.START pkg=com.google.android.gms }
12-13 23:57:48.510 D/BoundBrokerSvc( 2157): onUnbind: Intent { act=com.google.android.gms.auth.service.START pkg=com.google.android.gms }
12-13 23:57:48.534 W/NamedFutures( 2079): Timeout future task has been cancelled: 10000 milliseconds
12-13 23:57:48.535 E/SearchServiceStarter( 2079): Task 174 failed or timed out. Client 9145146618411648 disconnecting from SearchService!
12-13 23:57:48.535 E/SearchServiceStarter( 2079): java.util.concurrent.CancellationException: Task was cancelled.
12-13 23:57:48.535 E/SearchServiceStarter( 2079): 	at com.google.common.util.concurrent.d.ct(SourceFile:75)
12-13 23:57:48.535 E/SearchServiceStarter( 2079): 	at com.google.common.util.concurrent.d.get(SourceFile:57)
12-13 23:57:48.535 E/SearchServiceStarter( 2079): 	at com.google.common.util.concurrent.cg.n(SourceFile:2)
12-13 23:57:48.535 E/SearchServiceStarter( 2079): 	at com.google.common.util.concurrent.av.l(SourceFile:50)
12-13 23:57:48.535 E/SearchServiceStarter( 2079): 	at com.google.common.util.concurrent.ax.run(SourceFile:5)
12-13 23:57:48.535 E/SearchServiceStarter( 2079): 	at com.google.android.apps.gsa.shared.util.concurrent.a.bc.run(SourceFile:2)
12-13 23:57:48.535 E/SearchServiceStarter( 2079): 	at android.os.Handler.handleCallback(Handler.java:789)
12-13 23:57:48.535 E/SearchServiceStarter( 2079): 	at android.os.Handler.dispatchMessage(Handler.java:98)
12-13 23:57:48.535 E/SearchServiceStarter( 2079): 	at android.os.Looper.loop(Looper.java:164)
12-13 23:57:48.535 E/SearchServiceStarter( 2079): 	at android.app.ActivityThread.main(ActivityThread.java:6541)
12-13 23:57:48.535 E/SearchServiceStarter( 2079): 	at java.lang.reflect.Method.invoke(Native Method)
12-13 23:57:48.535 E/SearchServiceStarter( 2079): 	at com.android.internal.os.Zygote$MethodAndArgsCaller.run(Zygote.java:240)
12-13 23:57:48.535 E/SearchServiceStarter( 2079): 	at com.android.internal.os.ZygoteInit.main(ZygoteInit.java:767)
--------- beginning of system
12-13 23:57:48.553 W/BroadcastQueue( 1627): Background execution not allowed: receiving Intent { act=android.intent.action.PACKAGE_REMOVED dat=package:com.evancharlton.mileage.test flg=0x4000010 (has extras) } to com.android.vending/com.google.android.finsky.packagemanager.impl.PackageMonitorReceiverImpl$RegisteredReceiver
12-13 23:57:48.553 W/BroadcastQueue( 1627): Background execution not allowed: receiving Intent { act=android.intent.action.PACKAGE_REMOVED dat=package:com.evancharlton.mileage.test flg=0x4000010 (has extras) } to com.android.vending/com.google.android.finsky.instantapps.appmanagement.InstantAppRemoveMonitor
12-13 23:57:48.553 W/BroadcastQueue( 1627): Background execution not allowed: receiving Intent { act=android.intent.action.PACKAGE_REMOVED dat=package:com.evancharlton.mileage.test flg=0x4000010 (has extras) } to com.google.android.gms/.games.chimera.GamesSystemBroadcastReceiverProxy
12-13 23:57:48.553 W/BroadcastQueue( 1627): Background execution not allowed: receiving Intent { act=android.intent.action.PACKAGE_REMOVED dat=package:com.evancharlton.mileage.test flg=0x4000010 (has extras) } to com.google.android.gms/.chimera.GmsIntentOperationService$PersistentTrustedReceiver
12-13 23:57:48.554 W/BroadcastQueue( 1627): Background execution not allowed: receiving Intent { act=android.intent.action.PACKAGE_REMOVED dat=package:com.evancharlton.mileage.test flg=0x4000010 (has extras) } to com.google.android.googlequicksearchbox/com.google.android.apps.gsa.googlequicksearchbox.GelStubAppWatcher
12-13 23:57:48.567 I/Finsky  ( 2548): [2] ycb.d(13): PackageMonitorReceiverImpl - Received: android.intent.action.PACKAGE_FULLY_REMOVED, [Hc-uu0eID9wC4ptvRCsWBIQPDhHxrgxu8bZlIwakNJw]
12-13 23:57:48.567 I/Finsky  ( 2548): [2] ydc.g(1): Invalidating cached PackageState for com.evancharlton.mileage.test
12-13 23:57:48.572 I/Finsky  ( 2548): [2] ouk.d(2): Frosting ID looked up on UI thread. Caller should move to a background thread.
12-13 23:57:48.579 I/Finsky  ( 2548): [2] qlq.s(2): Installer: package com.evancharlton.mileage.test was removed. replacing: false
12-13 23:57:48.581 I/Finsky  ( 2548): [2] qmo.L(12): Installer: Notifying status update. package=com.evancharlton.mileage.test, status=UNINSTALLED
12-13 23:57:48.584 I/Finsky  ( 2548): [2] alxk.a(3): Do not start WearSupportService due to Wear service optimization
12-13 23:57:48.585 I/Finsky  ( 2548): [2] alxk.a(3): Do not start WearSupportService due to Wear service optimization
12-13 23:57:48.585 I/Finsky  ( 2548): [2] adxl.a(8): Clearing split related stale data.
12-13 23:57:48.586 I/Finsky  ( 2548): [164] gvx.a(12): Asset module storage cleared for package com.evancharlton.mileage.test.
12-13 23:57:48.592 I/Finsky  ( 2548): [155] otx.run(16): Wrote row to frosting DB: 592
12-13 23:57:48.596 I/Finsky  ( 2548): [125] jmd.a(15): [ContentSync] finished, scheduled=false
12-13 23:57:48.600 I/Finsky  ( 2548): [2] qmo.O(7): Installer: found apps to install. isMultiUserMode=false, apps=[]
12-13 23:57:48.606 D/BoundBrokerSvc( 2157): onBind: Intent { act=com.google.android.gms.common.BIND_SHARED_PREFS pkg=com.google.android.gms }
12-13 23:57:48.606 D/BoundBrokerSvc( 2157): Loading bound service for intent: Intent { act=com.google.android.gms.common.BIND_SHARED_PREFS pkg=com.google.android.gms }
12-13 23:57:48.610 I/ExposureNotification( 2157): Still can find package com.evancharlton.mileage.test after receive its fully removed broadcast, which was installed 9553 ms ago. Ignore the fully removed broadcast. [CONTEXT service_id=236 ]
12-13 23:57:48.615 D/BoundBrokerSvc( 2157): onUnbind: Intent { act=com.google.android.gms.common.BIND_SHARED_PREFS pkg=com.google.android.gms }
12-13 23:57:48.627 I/Finsky  ( 2548): [155] otx.run(16): Wrote row to frosting DB: 593
12-13 23:57:48.630 I/Finsky  ( 2548): [167] rab.C(2): IQ: Notifying installation update. package=com.evancharlton.mileage.test, status=UNINSTALLED
12-13 23:57:48.641 I/DigitalWidgetProvider( 2165): onReceive: Intent { act=com.android.deskclock.ALARM_CHANGED flg=0x10 cmp=com.google.android.deskclock/com.android.alarmclock.DigitalAppWidgetProvider }
12-13 23:57:48.644 I/Dialer  ( 2248): VvmTaskReceiver - task received
12-13 23:57:48.645 I/Dialer  ( 2248): VvmTaskReceiver - scheduling new job
12-13 23:57:48.645 I/Dialer  ( 2248): TaskSchedulerJobService - scheduling job with 1 tasks
12-13 23:57:48.647 I/Dialer  ( 2248): TaskSchedulerJobService - running job instantly.
12-13 23:57:48.648 I/Dialer  ( 2248): TaskSchedulerJobService - job 52 scheduled
12-13 23:57:48.654 I/Dialer  ( 2248): TaskSchedulerJobService - starting 52
12-13 23:57:48.655 I/Dialer  ( 2248): VvmTaskExecutor - onStartJob
12-13 23:57:48.655 I/Dialer  ( 2248): Task.createTask - create task:com.android.voicemail.impl.ActivationTask
12-13 23:57:48.659 I/Dialer  ( 2248): VvmTaskExecutor - executing task com.android.voicemail.impl.ActivationTask@f8b3f53
12-13 23:57:48.659 I/Finsky  ( 2548): [167] rab.t(33): IQ: No matching installs to run for jobs: []
12-13 23:57:48.663 I/Dialer  ( 2248): PreOMigrationHandler - ComponentInfo{com.android.phone/com.android.services.telephony.TelephonyConnectionService}, [****], UserHandle{0} already migrated
12-13 23:57:48.671 I/Dialer  ( 2248): VvmTaskReceiver - task received
12-13 23:57:48.672 I/Dialer  ( 2248): VvmTaskReceiver - TaskExecutor already running
12-13 23:57:48.672 I/Dialer  ( 2248): Task.createTask - create task:com.android.voicemail.impl.ActivationTask
12-13 23:57:48.672 I/Dialer  ( 2248): TaskQueue.add - duplicated task added
12-13 23:57:48.672 I/Dialer  ( 2248): VvmTaskExecutor - com.android.voicemail.impl.ActivationTask@8c77090 added
12-13 23:57:48.712 W/BroadcastQueue( 1627): Background execution not allowed: receiving Intent { act=android.intent.action.PACKAGE_ADDED dat=package:com.evancharlton.mileage.test flg=0x4000010 (has extras) } to com.android.vending/com.google.android.finsky.packagemanager.impl.PackageMonitorReceiverImpl$RegisteredReceiver
12-13 23:57:48.712 W/BroadcastQueue( 1627): Background execution not allowed: receiving Intent { act=android.intent.action.PACKAGE_ADDED dat=package:com.evancharlton.mileage.test flg=0x4000010 (has extras) } to com.google.android.gms/.games.chimera.GamesSystemBroadcastReceiverProxy
12-13 23:57:48.712 W/BroadcastQueue( 1627): Background execution not allowed: receiving Intent { act=android.intent.action.PACKAGE_ADDED dat=package:com.evancharlton.mileage.test flg=0x4000010 (has extras) } to com.google.android.gms/.gass.chimera.PackageChangeBroadcastReceiver
12-13 23:57:48.713 W/BroadcastQueue( 1627): Background execution not allowed: receiving Intent { act=android.intent.action.PACKAGE_ADDED dat=package:com.evancharlton.mileage.test flg=0x4000010 (has extras) } to com.google.android.gms/.chimera.GmsIntentOperationService$PersistentTrustedReceiver
12-13 23:57:48.713 W/BroadcastQueue( 1627): Background execution not allowed: receiving Intent { act=android.intent.action.PACKAGE_ADDED dat=package:com.evancharlton.mileage.test flg=0x4000010 (has extras) } to com.google.android.googlequicksearchbox/com.google.android.apps.gsa.googlequicksearchbox.GelStubAppWatcher
12-13 23:57:48.718 I/Dialer  ( 2248): VvmActivationTask - VVM content provider configured - vvm_type_cvvm
12-13 23:57:48.720 I/Dialer  ( 2248): OmtpVvmCarrierCfgHlpr - OmtpEvent:CONFIG_ACTIVATING
12-13 23:57:48.756 I/Dialer  ( 2248): TelephonyMangerCompat.setVisualVoicemailSmsFilterSettings - using TelephonyManager
12-13 23:57:48.766 I/Dialer  ( 2248): TelephonyMangerCompat.sendVisualVoicemailSms - using TelephonyManager
12-13 23:57:48.769 W/BroadcastQueue( 1627): Background execution not allowed: receiving Intent { act=android.intent.action.DROPBOX_ENTRY_ADDED flg=0x10 (has extras) } to com.google.android.gms/.stats.service.DropBoxEntryAddedReceiver
12-13 23:57:48.770 W/BroadcastQueue( 1627): Background execution not allowed: receiving Intent { act=android.intent.action.DROPBOX_ENTRY_ADDED flg=0x10 (has extras) } to com.google.android.gms/.chimera.GmsIntentOperationService$PersistentTrustedReceiver
12-13 23:57:48.894 I/zygote  ( 1944): Do partial code cache collection, code=502KB, data=331KB
12-13 23:57:48.895 I/zygote  ( 1944): After code cache collection, code=499KB, data=329KB
12-13 23:57:48.895 I/zygote  ( 1944): Increasing code cache capacity to 2MB
12-13 23:57:48.920 I/TelephonySpamChimeraSer( 2157): Running Telephony Spam Chimera Service [CONTEXT service_id=150 ]
12-13 23:57:48.920 I/TelephonySpamChimeraSer( 2157): Cleaning SIP Header local table of old entries [CONTEXT service_id=150 ]
12-13 23:57:48.937 I/Checkin ( 2157): [CheckinRequestProcessor] updateCheckinIdTokenFileFromResponse, Reading existing AID
12-13 23:57:48.941 I/SpamListSync( 2157): Call spam module disabled. Skipping cleaning cache sip header table. [CONTEXT service_id=150 ]
12-13 23:57:48.941 I/TelephonySpamChimeraSer( 2157): Syncing Call Spam List [CONTEXT service_id=150 ]
12-13 23:57:48.941 I/SpamListSync( 2157): SpamListSyncChimeraService.syncSpamList called with tag: telephonyspam.SpamListSyncOneOffTask, extras: Bundle[{SpamList Type=0, Action=1.0}] [CONTEXT service_id=150 ]
12-13 23:57:48.951 I/SpamListSync( 2157): Call spam module disabled. Skipping spam list syncing. [CONTEXT service_id=150 ]
12-13 23:57:48.959 W/zygote  ( 3826): Unexpected CPU variant for X86 using defaults: x86
12-13 23:57:48.964 I/ActivityManager( 1627): Start proc 3826:com.google.android.videos/u0a72 for service com.google.android.videos/.service.drm.RefreshLicenseTaskService
12-13 23:57:48.969 E/NetworkScheduler.ATC( 1944): Called cancelTask for already completed task com.google.android.videos/.service.drm.RefreshLicenseTaskService{u=0 tag="refresh_license_forced" trigger=window{start=0s,end=1s,earliest=0s,latest=0s} requirements=[NET_CONNECTED] attributes=[] scheduled=0s last_run=0s exec_window_multiplier=1.0000 jid=N/A status=PENDING retries=0 client_lib=MANCHEGO_GCM-10400000} :0 [CONTEXT service_id=218 ]
12-13 23:57:49.015 W/NetworkScheduler( 1944): Immediate task was not started com.google.android.videos/.service.drm.RefreshLicenseTaskService{u=0 tag="refresh_license_forced" trigger=window{start=0s,end=1s,earliest=0s,latest=0s} requirements=[NET_CONNECTED] attributes=[] scheduled=0s last_run=N/A exec_window_multiplier=1.0000 jid=N/A status=PENDING retries=0 client_lib=MANCHEGO_GCM-10400000}. Rescheduling immediate tasks can cause excessive battery drain.
12-13 23:57:49.019 I/MultiDex( 3826): VM with version 2.1.0 has multidex support
12-13 23:57:49.019 I/MultiDex( 3826): install
12-13 23:57:49.019 I/MultiDex( 3826): VM has multidex support, MultiDex support library is disabled.
12-13 23:57:49.211 W/ActivityManager( 1627): Background start not allowed: service Intent { cmp=com.google.android.videos/.service.pinning.TransferService (has extras) } to com.google.android.videos/.service.pinning.TransferService from pid=3826 uid=10072 pkg=com.google.android.videos
12-13 23:57:49.216 I/Finsky  ( 2548): [110] daj.a(7): Received content filters request from com.google.android.videos
12-13 23:57:49.225 I/PlayMovies( 3826): RefreshLicenseTaskService.forceLicenseRefreshNow:66 Scheduled task now refresh_license_forced
12-13 23:57:49.225 I/PlayMovies( 3826): 
12-13 23:57:49.227 D/PlayMovies( 3826): PersistentCache.cleanup:104 Cache is below limit, no need to shrink: [size=0, limit=5242880]
12-13 23:57:49.227 D/PlayMovies( 3826): 
12-13 23:57:49.243 D/Primes  ( 3826): Package metric disabled.
12-13 23:57:49.243 D/Primes  ( 3826): Battery metric disabled
12-13 23:57:49.244 D/Primes  ( 3826): MagicEye logging metric disabled
12-13 23:57:49.264 D/CryptdConnector( 1627): SND -> {11 cryptfs getpwtype}
12-13 23:57:49.265 D/VoldCryptCmdListener( 1342): cryptfs getpwtype
12-13 23:57:49.265 D/CryptdConnector( 1627): RCV <- {213 11 default}
12-13 23:57:49.365 I/NetworkScheduler.Stats( 1944): Task com.google.android.gms/com.google.android.gms.telephonyspam.sync.SpamListSyncTaskService started execution. cause:7 exec_start_elapsed_seconds: 61 [CONTEXT service_id=218 ]
12-13 23:57:49.424 I/NetworkScheduler.Stats( 1944): Task com.google.android.videos/ finished executing. cause:7 result: 6 elapsed_millis: 36 uptime_millis: 36 exec_start_elapsed_seconds: 61 [CONTEXT service_id=218 ]
12-13 23:57:49.425 W/NetworkScheduler( 1944): No record of active task com.google.android.videos/.service.drm.RefreshLicenseTaskService{u=0 tag="refresh_license_forced" trigger=window{start=0s,end=1s,earliest=0s,latest=0s} requirements=[NET_CONNECTED] attributes=[] scheduled=0s last_run=0s exec_window_multiplier=1.0000 jid=N/A status=PENDING retries=0 client_lib=MANCHEGO_GCM-10400000}
12-13 23:57:49.437 I/NetworkScheduler.Stats( 1944): Task com.google.android.gms/com.google.android.gms.telephonyspam.sync.SpamListSyncTaskService finished executing. cause:7 result: 1 elapsed_millis: 150 uptime_millis: 150 exec_start_elapsed_seconds: 61 [CONTEXT service_id=218 ]
12-13 23:57:49.537 I/PlayMovies( 3826): RefreshLicenseTaskService.onRunTask:96 On run task refresh_license_forced
12-13 23:57:49.537 I/PlayMovies( 3826): 
12-13 23:57:49.571 I/zygote  ( 1944): Deoptimizing java.lang.String asqf.i(android.os.Bundle) due to JIT inline cache
12-13 23:57:49.798 V/LifecycleAwareServiceBi( 2548): notify unbound
12-13 23:57:49.798 V/LifecycleAwareServiceBi( 2548): com.google.common.flogger.LogSiteStackTrace: MEDIUM
12-13 23:57:49.798 V/LifecycleAwareServiceBi( 2548): 	at com.google.frameworks.client.data.android.binder.LifecycleAwareServiceBinding.h(PG:1)
12-13 23:57:49.798 V/LifecycleAwareServiceBi( 2548): 	at axqg.run(Unknown Source:4)
12-13 23:57:49.798 V/LifecycleAwareServiceBi( 2548): 	at android.os.Handler.handleCallback(Handler.java:789)
12-13 23:57:49.798 V/LifecycleAwareServiceBi( 2548): 	at android.os.Handler.dispatchMessage(Handler.java:98)
12-13 23:57:49.798 V/LifecycleAwareServiceBi( 2548): 	at android.os.Looper.loop(Looper.java:164)
12-13 23:57:49.798 V/LifecycleAwareServiceBi( 2548): 	at android.app.ActivityThread.main(ActivityThread.java:6541)
12-13 23:57:49.798 V/LifecycleAwareServiceBi( 2548): 	at java.lang.reflect.Method.invoke(Native Method)
12-13 23:57:49.798 V/LifecycleAwareServiceBi( 2548): 	at com.android.internal.os.Zygote$MethodAndArgsCaller.run(Zygote.java:240)
12-13 23:57:49.798 V/LifecycleAwareServiceBi( 2548): 	at com.android.internal.os.ZygoteInit.main(ZygoteInit.java:767)
12-13 23:57:49.798 V/LifecycleAwareServiceBi( 2548): notify unbound - notifying
12-13 23:57:49.800 I/Finsky:download_service( 2741): [2] sxn.onDestroy(8): IPC-SERVER: Stopping gRPC host service...
12-13 23:57:49.929 I/zygote  ( 1944): Deoptimizing java.lang.String asqf.i(android.os.Bundle) due to JIT inline cache
12-13 23:57:49.937 E/NetworkScheduler.ATC( 1944): Called cancelTask for already completed task com.google.android.videos/.service.drm.RefreshLicenseTaskService{u=0 tag="refresh_license_forced" trigger=window{start=0s,end=1s,earliest=-1s,latest=0s} requirements=[NET_CONNECTED] attributes=[] scheduled=-1s last_run=0s exec_window_multiplier=1.0000 jid=N/A status=ACTIVE retries=0 client_lib=MANCHEGO_GCM-10400000} :0 [CONTEXT service_id=218 ]
12-13 23:57:49.942 W/NetworkScheduler( 1944): Immediate task was not started com.google.android.videos/.service.drm.RefreshLicenseTaskService{u=0 tag="refresh_license_forced" trigger=window{start=0s,end=1s,earliest=0s,latest=0s} requirements=[NET_CONNECTED] attributes=[] scheduled=0s last_run=N/A exec_window_multiplier=1.0000 jid=N/A status=PENDING retries=0 client_lib=MANCHEGO_GCM-10400000}. Rescheduling immediate tasks can cause excessive battery drain.
12-13 23:57:49.943 I/NetworkScheduler.Stats( 1944): Task com.google.android.gms/com.google.android.gms.clearcut.uploader.QosUploaderService started execution. cause:5 exec_start_elapsed_seconds: 62 [CONTEXT service_id=218 ]
12-13 23:57:49.943 I/NetworkScheduler.Stats( 1944): Task com.google.android.videos/ started execution. cause:5 exec_start_elapsed_seconds: 62 [CONTEXT service_id=218 ]
12-13 23:57:49.944 I/NetworkScheduler.Stats( 1944): Task com.google.android.videos/ finished executing. cause:5 result: 1 elapsed_millis: 19 uptime_millis: 18 exec_start_elapsed_seconds: 62 [CONTEXT service_id=218 ]
12-13 23:57:49.946 I/NetworkScheduler.Stats( 1944): Task com.google.android.gms/com.google.android.gms.clearcut.uploader.QosUploaderService finished executing. cause:5 result: 1 elapsed_millis: 81 uptime_millis: 81 exec_start_elapsed_seconds: 62 [CONTEXT service_id=218 ]
12-13 23:57:49.963 I/PlayMovies( 3826): RefreshLicenseTaskService.onRunTask:96 On run task refresh_license
12-13 23:57:49.963 I/PlayMovies( 3826): 
12-13 23:57:49.977 I/NetworkScheduler.Stats( 1944): Task com.google.android.videos/ started execution. cause:5 exec_start_elapsed_seconds: 62 [CONTEXT service_id=218 ]
12-13 23:57:49.978 I/NetworkScheduler.Stats( 1944): Task com.google.android.videos/ finished executing. cause:5 result: 1 elapsed_millis: 14 uptime_millis: 14 exec_start_elapsed_seconds: 62 [CONTEXT service_id=218 ]
12-13 23:57:50.066 I/NetworkScheduler.Stats( 1944): Task com.google.android.gms/com.google.android.gms.gass.chimera.SchedulePeriodicTasksService started execution. cause:5 exec_start_elapsed_seconds: 62 [CONTEXT service_id=218 ]
12-13 23:57:50.161 I/NetworkScheduler.Stats( 1944): Task com.google.android.gms/com.google.android.gms.pay.gcmtask.PayGcmTaskService started execution. cause:5 exec_start_elapsed_seconds: 62 [CONTEXT service_id=218 ]
12-13 23:57:50.171 I/NetworkScheduler.Stats( 1944): Task com.google.android.gms/com.google.android.gms.gass.chimera.SchedulePeriodicTasksService finished executing. cause:5 result: 1 elapsed_millis: 157 uptime_millis: 157 exec_start_elapsed_seconds: 62 [CONTEXT service_id=218 ]
12-13 23:57:50.184 I/NetworkScheduler.Stats( 1944): Task com.google.android.gms/com.google.android.gms.pay.gcmtask.PayGcmTaskService finished executing. cause:5 result: 1 elapsed_millis: 68 uptime_millis: 69 exec_start_elapsed_seconds: 62 [CONTEXT service_id=218 ]
12-13 23:57:50.277 I/Pay     ( 2157): Device does not support HCE. [CONTEXT service_id=198 ]
12-13 23:57:50.268 W/Binder:3619_1( 3619): type=1400 audit(0.0:20): avc: denied { read } for name="modules" dev="proc" ino=4026532034 scontext=u:r:priv_app:s0:c512,c768 tcontext=u:object_r:proc_modules:s0 tclass=file permissive=0
12-13 23:57:50.296 I/NetworkScheduler.Stats( 1944): Task com.google.android.gms/com.google.android.gms.pay.gcmtask.PayGcmTaskService started execution. cause:5 exec_start_elapsed_seconds: 62 [CONTEXT service_id=218 ]
12-13 23:57:50.308 I/NetworkScheduler.Stats( 1944): Task com.google.android.gms/com.google.android.gms.pay.gcmtask.PayGcmTaskService finished executing. cause:5 result: 2 elapsed_millis: 78 uptime_millis: 78 exec_start_elapsed_seconds: 62 [CONTEXT service_id=218 ]
12-13 23:57:50.339 D/EGL_emulation( 3619): eglCreateContext: 0xa20dc740: maj 3 min 0 rcv 3
12-13 23:57:50.343 D/EGL_emulation( 3619): eglMakeCurrent: 0xa20dc740: ver 3 0 (tinfo 0xa20a8720)
12-13 23:57:50.344 E/eglCodecCommon( 3619): glUtilsParamSize: unknow param 0x00008cdf
12-13 23:57:50.344 E/eglCodecCommon( 3619): glUtilsParamSize: unknow param 0x00008cdf
12-13 23:57:50.344 E/eglCodecCommon( 3619): glUtilsParamSize: unknow param 0x00008824
12-13 23:57:50.344 E/eglCodecCommon( 3619): glUtilsParamSize: unknow param 0x00008824
12-13 23:57:50.374 I/MicroDetectionWorker( 2079): #updateMicroDetector [detectionMode: [mDetectionMode: [1]]]
12-13 23:57:50.374 I/MicroDetectionWorker( 2079): #startMicroDetector [speakerMode: 0]
12-13 23:57:50.374 I/AudioController( 2079): Using mInputStreamFactoryBuilder
12-13 23:57:50.379 I/MicroDetectionWorker( 2079): onReady
12-13 23:57:50.386 I/MicroRecognitionRunner( 2079): Starting detection.
12-13 23:57:50.387 I/MicrophoneInputStream( 2079): mic_starting com.google.android.apps.gsa.staticplugins.aa.c@2e97895
12-13 23:57:50.389 I/AudioFlinger( 1474): AudioFlinger's thread 0xb2983000 tid=3877 ready to run
12-13 23:57:50.396 I/MicrophoneInputStream( 2079): mic_started com.google.android.apps.gsa.staticplugins.aa.c@2e97895
12-13 23:57:50.397 E/ActivityThread( 2079): Failed to find provider info for com.google.android.apps.gsa.testing.ui.audio.recorded
12-13 23:57:50.397 I/MicroDetectionWorker( 2079): onReady
12-13 23:57:50.402 D/EGL_emulation( 3619): eglCreateContext: 0xa20dc980: maj 3 min 0 rcv 3
12-13 23:57:50.407 D/EGL_emulation( 3619): eglMakeCurrent: 0xa20dc980: ver 3 0 (tinfo 0xa20a8720)
12-13 23:57:50.407 E/eglCodecCommon( 3619): glUtilsParamSize: unknow param 0x00008cdf
12-13 23:57:50.407 E/eglCodecCommon( 3619): glUtilsParamSize: unknow param 0x00008cdf
12-13 23:57:50.408 E/eglCodecCommon( 3619): glUtilsParamSize: unknow param 0x00008824
12-13 23:57:50.408 E/eglCodecCommon( 3619): glUtilsParamSize: unknow param 0x00008824
12-13 23:57:50.408 I/MicrophoneInputStream( 2079): mic_close com.google.android.apps.gsa.staticplugins.aa.c@2e97895
12-13 23:57:50.409 I/MicroRecognitionRunner( 2079): Detection finished
12-13 23:57:50.409 W/ErrorReporter( 2079): reportError [type: 211, code: 524300]: Error reading from input stream
12-13 23:57:50.410 I/MicroRecognitionRunner( 2079): Stopping hotword detection.
12-13 23:57:50.410 W/ErrorProcessor( 2079): onFatalError, processing error from engine(4)
12-13 23:57:50.410 W/ErrorProcessor( 2079): com.google.android.apps.gsa.shared.speech.b.g: Error reading from input stream
12-13 23:57:50.410 W/ErrorProcessor( 2079): 	at com.google.android.apps.gsa.staticplugins.recognizer.j.a.a(SourceFile:28)
12-13 23:57:50.410 W/ErrorProcessor( 2079): 	at com.google.android.apps.gsa.staticplugins.recognizer.j.b.run(SourceFile:15)
12-13 23:57:50.410 W/ErrorProcessor( 2079): 	at java.util.concurrent.Executors$RunnableAdapter.call(Executors.java:457)
12-13 23:57:50.410 W/ErrorProcessor( 2079): 	at java.util.concurrent.FutureTask.run(FutureTask.java:266)
12-13 23:57:50.410 W/ErrorProcessor( 2079): 	at com.google.android.apps.gsa.shared.util.concurrent.a.ax.run(SourceFile:14)
12-13 23:57:50.410 W/ErrorProcessor( 2079): 	at com.google.android.apps.gsa.shared.util.concurrent.a.bl.run(SourceFile:4)
12-13 23:57:50.410 W/ErrorProcessor( 2079): 	at com.google.android.apps.gsa.shared.util.concurrent.a.bl.run(SourceFile:4)
12-13 23:57:50.410 W/ErrorProcessor( 2079): 	at java.util.concurrent.ThreadPoolExecutor.runWorker(ThreadPoolExecutor.java:1162)
12-13 23:57:50.410 W/ErrorProcessor( 2079): 	at java.util.concurrent.ThreadPoolExecutor$Worker.run(ThreadPoolExecutor.java:636)
12-13 23:57:50.410 W/ErrorProcessor( 2079): 	at java.lang.Thread.run(Thread.java:764)
12-13 23:57:50.410 W/ErrorProcessor( 2079): 	at com.google.android.apps.gsa.shared.util.concurrent.a.ai.run(SourceFile:6)
12-13 23:57:50.410 W/ErrorProcessor( 2079): Caused by: com.google.android.apps.gsa.shared.exception.GsaIOException: Error code: 393238 | Buffer overflow, no available space.
12-13 23:57:50.410 W/ErrorProcessor( 2079): 	at com.google.android.apps.gsa.speech.audio.Tee.f(SourceFile:103)
12-13 23:57:50.410 W/ErrorProcessor( 2079): 	at com.google.android.apps.gsa.speech.audio.au.read(SourceFile:2)
12-13 23:57:50.410 W/ErrorProcessor( 2079): 	at java.io.InputStream.read(InputStream.java:101)
12-13 23:57:50.410 W/ErrorProcessor( 2079): 	at com.google.android.apps.gsa.speech.audio.ao.run(SourceFile:18)
12-13 23:57:50.410 W/ErrorProcessor( 2079): 	at com.google.android.apps.gsa.speech.audio.an.run(SourceFile:2)
12-13 23:57:50.410 W/ErrorProcessor( 2079): 	... 9 more
12-13 23:57:50.410 I/AudioController( 2079): internalShutdown
12-13 23:57:50.420 I/MicroDetector( 2079): Keeping mic open: false
12-13 23:57:50.421 I/MicroDetectionWorker( 2079): #onError(false)
12-13 23:57:50.421 I/DeviceStateChecker( 2079): DeviceStateChecker cancelled
12-13 23:57:50.471 I/Pay     ( 2157): Migration flag not enabled. [CONTEXT service_id=198 ]
12-13 23:57:50.472 D/BoundBrokerSvc( 2157): onBind: Intent { act=com.google.android.gms.pay.service.BIND cmp=com.google.android.gms/.chimera.GmsApiService }
12-13 23:57:50.472 D/BoundBrokerSvc( 2157): Loading bound service for intent: Intent { act=com.google.android.gms.pay.service.BIND cmp=com.google.android.gms/.chimera.GmsApiService }
12-13 23:57:50.476 I/jgl     ( 2157): Primes not initialized, returning default (no-op) Primes instance which will ignore all calls. Please call Primes.initialize(...) before using any Primes API.
12-13 23:57:50.493 W/SystemServiceRegistry( 3619): No service published for: persistent_data_block
12-13 23:57:50.501 I/NetworkScheduler.Stats( 1944): Task com.google.android.gms/com.google.android.gms.pay.gcmtask.PayGcmTaskService started execution. cause:5 exec_start_elapsed_seconds: 63 [CONTEXT service_id=218 ]
12-13 23:57:50.537 I/Pay     ( 2157): Migration already completed. [CONTEXT service_id=198 ]
12-13 23:57:50.550 I/chatty  ( 2157): uid=10011(u0_a11) lowpool[4] identical 1 line
12-13 23:57:50.563 I/Pay     ( 2157): Migration already completed. [CONTEXT service_id=198 ]
12-13 23:57:50.564 I/Pay     ( 2157): Migration flag not enabled. [CONTEXT service_id=198 ]
12-13 23:57:50.620 I/NetworkScheduler.Stats( 1944): Task com.google.android.gms/com.google.android.gms.pay.gcmtask.PayGcmTaskService started execution. cause:5 exec_start_elapsed_seconds: 63 [CONTEXT service_id=218 ]
12-13 23:57:50.622 I/Pay     ( 2157): Migration already completed. [CONTEXT service_id=198 ]
12-13 23:57:50.622 I/Pay     ( 2157): Migration flag not enabled. [CONTEXT service_id=198 ]
12-13 23:57:50.626 D/BoundBrokerSvc( 1944): onBind: Intent { act=com.google.android.gms.tapandpay.service.BIND cmp=com.google.android.gms/.chimera.PersistentApiService }
12-13 23:57:50.626 D/BoundBrokerSvc( 1944): Loading bound service for intent: Intent { act=com.google.android.gms.tapandpay.service.BIND cmp=com.google.android.gms/.chimera.PersistentApiService }
12-13 23:57:50.658 I/NetworkScheduler.Stats( 1944): Task com.google.android.gms/com.google.android.gms.pay.gcmtask.PayGcmTaskService finished executing. cause:5 result: 1 elapsed_millis: 255 uptime_millis: 255 exec_start_elapsed_seconds: 63 [CONTEXT service_id=218 ]
12-13 23:57:50.682 E/Pay     ( 2157): No account found on the task or the device. Notification task will not be rescheduled. [CONTEXT service_id=198 ]
12-13 23:57:50.778 I/NetworkScheduler.Stats( 1944): Task com.google.android.gms/com.google.android.gms.pay.gcmtask.PayGcmTaskService started execution. cause:5 exec_start_elapsed_seconds: 63 [CONTEXT service_id=218 ]
12-13 23:57:50.780 W/Conscrypt( 2157): Could not set socket write timeout: java.net.SocketException: Socket closed
12-13 23:57:50.783 W/Conscrypt( 2157): 	at com.google.android.gms.org.conscrypt.Platform.setSocketWriteTimeout(:com.google.android.gms@204713022@20.47.13 (040700-344095733):2)
12-13 23:57:50.783 W/Conscrypt( 2157): 	at com.google.android.gms.org.conscrypt.ConscryptFileDescriptorSocket.setSoWriteTimeout(:com.google.android.gms@204713022@20.47.13 (040700-344095733):0)
12-13 23:57:50.793 I/NetworkScheduler.Stats( 1944): Task com.google.android.gms/com.google.android.gms.pay.gcmtask.PayGcmTaskService finished executing. cause:5 result: 2 elapsed_millis: 226 uptime_millis: 226 exec_start_elapsed_seconds: 63 [CONTEXT service_id=218 ]
12-13 23:57:50.805 I/NetworkScheduler.Stats( 1944): Task com.google.android.gms/com.google.android.gms.pay.gcmtask.PayGcmTaskService finished executing. cause:5 result: 1 elapsed_millis: 48 uptime_millis: 48 exec_start_elapsed_seconds: 63 [CONTEXT service_id=218 ]
12-13 23:57:50.840 I/qemu-props( 1403): start adbd ...
12-13 23:57:50.867 W/Conscrypt( 2157): Could not set socket write timeout: java.net.SocketException: Socket closed
12-13 23:57:50.867 W/Conscrypt( 2157): 	at com.google.android.gms.org.conscrypt.Platform.setSocketWriteTimeout(:com.google.android.gms@204713022@20.47.13 (040700-344095733):2)
12-13 23:57:50.867 W/Conscrypt( 2157): 	at com.google.android.gms.org.conscrypt.ConscryptFileDescriptorSocket.setSoWriteTimeout(:com.google.android.gms@204713022@20.47.13 (040700-344095733):0)
12-13 23:57:50.929 I/NetworkScheduler.Stats( 1944): Task com.google.android.gms/com.google.android.gms.pay.gcmtask.PayGcmTaskService started execution. cause:5 exec_start_elapsed_seconds: 63 [CONTEXT service_id=218 ]
12-13 23:57:50.930 I/NetworkScheduler.Stats( 1944): Task com.google.android.gms/com.google.android.gms.pay.gcmtask.PayGcmTaskService finished executing. cause:5 result: 1 elapsed_millis: 63 uptime_millis: 63 exec_start_elapsed_seconds: 63 [CONTEXT service_id=218 ]
12-13 23:57:51.060 I/NetworkScheduler.Stats( 1944): Task com.google.android.gms/com.google.android.gms.tapandpay.gcmtask.TapAndPayGcmTaskService started execution. cause:5 exec_start_elapsed_seconds: 63 [CONTEXT service_id=218 ]
12-13 23:57:51.063 I/NetworkScheduler.Stats( 1944): Task com.google.android.gms/com.google.android.gms.tapandpay.gcmtask.TapAndPayGcmTaskService finished executing. cause:5 result: 1 elapsed_millis: 49 uptime_millis: 49 exec_start_elapsed_seconds: 63 [CONTEXT service_id=218 ]
12-13 23:57:51.172 E/BatteryStatsService( 1627): modem info is invalid: ModemActivityInfo{ mTimestamp=0 mSleepTimeMs=0 mIdleTimeMs=0 mTxTimeMs[]=[0, 0, 0, 0, 0] mRxTimeMs=0 mEnergyUsed=0}
12-13 23:57:51.173 I/NetworkScheduler.Stats( 1944): Task com.google.android.gms/com.google.android.gms.tapandpay.gcmtask.TapAndPayGcmTaskService started execution. cause:5 exec_start_elapsed_seconds: 63 [CONTEXT service_id=218 ]
12-13 23:57:51.259 I/NetworkScheduler.Stats( 1944): Task com.google.android.gms/com.google.android.gms.tapandpay.gcmtask.TapAndPayGcmTaskService started execution. cause:1 exec_start_elapsed_seconds: 63 [CONTEXT service_id=218 ]
12-13 23:57:51.285 I/NetworkScheduler.Stats( 1944): Task com.google.android.gms/com.google.android.gms.tapandpay.gcmtask.TapAndPayGcmTaskService finished executing. cause:5 result: 1 elapsed_millis: 180 uptime_millis: 180 exec_start_elapsed_seconds: 63 [CONTEXT service_id=218 ]
12-13 23:57:51.311 I/NetworkScheduler.Stats( 1944): Task com.google.android.gms/com.google.android.gms.tapandpay.gcmtask.TapAndPayGcmTaskService finished executing. cause:1 result: 1 elapsed_millis: 76 uptime_millis: 76 exec_start_elapsed_seconds: 63 [CONTEXT service_id=218 ]
12-13 23:57:51.437 I/NetworkScheduler.Stats( 1944): Task com.google.android.gms/com.google.android.gms.udc.service.UdcContextInitService started execution. cause:5 exec_start_elapsed_seconds: 64 [CONTEXT service_id=218 ]
12-13 23:57:51.481 I/NetworkScheduler.Stats( 1944): Task com.google.android.videos/ started execution. cause:5 exec_start_elapsed_seconds: 64 [CONTEXT service_id=218 ]
12-13 23:57:51.484 I/PlayMovies( 3826): RefreshLicenseTaskService.onRunTask:96 On run task refresh_license_forced
12-13 23:57:51.484 I/PlayMovies( 3826): 
12-13 23:57:51.494 I/NetworkScheduler.Stats( 1944): Task com.google.android.videos/ finished executing. cause:5 result: 1 elapsed_millis: 32 uptime_millis: 32 exec_start_elapsed_seconds: 64 [CONTEXT service_id=218 ]
12-13 23:57:51.533 I/NetworkScheduler.Stats( 1944): Task com.google.android.gms/com.google.android.gms.udc.service.UdcContextInitService finished executing. cause:5 result: 1 elapsed_millis: 173 uptime_millis: 173 exec_start_elapsed_seconds: 64 [CONTEXT service_id=218 ]
12-13 23:57:51.932 I/Checkin ( 2157): [CheckinRequestProcessor] Default Task : Checkin Succeeded: https://android.googleapis.com/checkin (fragment #1).
12-13 23:57:51.938 E/memtrack( 1627): Couldn't load memtrack module
12-13 23:57:51.938 W/android.os.Debug( 1627): failed to get memory consumption info: -1
12-13 23:57:51.946 W/BroadcastQueue( 1627): Permission Denial: broadcasting Intent { act=com.google.android.checkin.CHECKIN_COMPLETE flg=0x1000010 (has extras) } from com.google.android.gms (pid=2157, uid=10011) is not exported from uid 10023 due to receiver com.android.vending/com.google.android.finsky.checkin.CheckinReceiver
12-13 23:57:51.979 I/Checkin ( 2157): [CheckinOperation] Checkin Operation finished with result: 0 finish time: 64702.
12-13 23:57:52.020 D/BoundBrokerSvc( 1944): onUnbind: Intent { act=com.google.android.gms.clearcut.bootcount.service.START cmp=com.google.android.gms/.chimera.PersistentBoundBrokerService }
12-13 23:57:52.328 D/AndroidRuntime( 3888): >>>>>> START com.android.internal.os.RuntimeInit uid 2000 <<<<<<
12-13 23:57:52.399 W/app_process( 3888): Unexpected CPU variant for X86 using defaults: x86
12-13 23:57:52.417 D/AndroidRuntime( 3888): Calling main entry com.android.commands.am.Am
12-13 23:57:52.421 I/ActivityManager( 1627): Force stopping com.evancharlton.mileage appid=10196 user=0: start instr
12-13 23:57:52.422 I/ActivityManager( 1627): Killing 3735:com.evancharlton.mileage/u0a196 (adj 0): stop com.evancharlton.mileage
12-13 23:57:52.422 W/ActivityManager( 1627): Crash of app com.evancharlton.mileage running instrumentation ComponentInfo{com.evancharlton.mileage.test/sh.calaba.instrumentationbackend.ClearAppData2}
12-13 23:57:52.422 I/ActivityManager( 1627): Force stopping com.evancharlton.mileage appid=10196 user=0: finished inst
12-13 23:57:52.423 I/ActivityManager( 1627): Killing 3336:com.android.cellbroadcastreceiver/u0a5 (adj 906): empty #17
12-13 23:57:52.431 I/ActivityManager( 1627): Start proc 3898:com.evancharlton.mileage/u0a196 for added application com.evancharlton.mileage
12-13 23:57:52.432 I/zygote  ( 3898): Not late-enabling -Xcheck:jni (already on)
12-13 23:57:52.437 D/AndroidRuntime( 3888): Shutting down VM
12-13 23:57:52.441 W/zygote  ( 3898): Unexpected CPU variant for X86 using defaults: x86
12-13 23:57:52.444 D/hwcomposer( 1397): hw_composer sent 42 syncs in 62s
12-13 23:57:52.489 I/ActivityManager( 1627): Killing 3387:com.android.externalstorage/u0a8 (adj 906): empty #17
12-13 23:57:52.491 E/adbd    ( 1383): failed to connect to socket 'tcp:7102': Connection refused
12-13 23:57:52.495 E/adbd    ( 1383): failed to connect to socket 'tcp:7102': Connection refused
12-13 23:57:52.501 W/zygote  ( 3898): Found duplicate classes, falling back to extracting from APK : /data/app/com.evancharlton.mileage.test-8rBmDp83A0ydoR0TLaZpbw==/base.apk
12-13 23:57:52.501 W/zygote  ( 3898): NOTE: This wastes RAM and hurts startup performance.
12-13 23:57:52.501 W/zygote  ( 3898): Found duplicated class when checking oat files: 'Ljunit/runner/BaseTestRunner;' in /data/app/com.evancharlton.mileage.test-8rBmDp83A0ydoR0TLaZpbw==/base.apk and /system/framework/android.test.runner.jar
12-13 23:57:52.501 W/zygote  ( 3898): 
12-13 23:57:52.547 W/System  ( 3898): ClassLoader referenced unknown path: 
12-13 23:57:52.568 I/InputReader( 1627): Reconfiguring input devices.  changes=0x00000010
12-13 23:57:52.568 I/zygote  ( 1944): Deoptimizing bsbk brqx.C() due to JIT inline cache
12-13 23:57:52.568 I/zygote  ( 1944): Deoptimizing bsbk brqx.D(int) due to JIT inline cache
12-13 23:57:52.574 W/ResourceType( 1627): ResTable_typeSpec entry count inconsistent: given 67, previously 69
12-13 23:57:52.574 W/ResourceType( 1627): ResTable_typeSpec entry count inconsistent: given 5411, previously 5412
12-13 23:57:52.584 W/ResourceType( 1627): ResTable_typeSpec entry count inconsistent: given 67, previously 69
12-13 23:57:52.584 W/ResourceType( 1627): ResTable_typeSpec entry count inconsistent: given 5411, previously 5412
12-13 23:57:52.622 I/Fitness ( 1944): OnPackageChangedOperation got intent: Intent { act=android.intent.action.PACKAGE_CHANGED dat=package:com.google.android.gms flg=0x45000010 pkg=com.google.android.gms cmp=com.google.android.gms/.chimera.PersistentIntentOperationService (has extras) } [CONTEXT service_id=17 ]
12-13 23:57:52.642 I/Fitness ( 1944): FitCleanupIntentOperation received Intent android.intent.action.PACKAGE_CHANGED [CONTEXT service_id=17 ]
12-13 23:57:52.645 I/System.out( 3898): Main activity name automatically set to: com.evancharlton.mileage.Mileage
12-13 23:57:52.646 I/System.out( 3898): Calabash did not load Mono. This is only a problem if you are trying to test a Mono application
12-13 23:57:52.646 I/calabash( 3898): Test server port: 7102
12-13 23:57:52.648 E/adbd    ( 1383): failed to connect to socket 'tcp:7102': Connection refused
12-13 23:57:52.649 I/Telecom ( 1627): DefaultDialerCache: Refreshing default dialer for user 0: now com.google.android.dialer: DDC.oR@AE4
12-13 23:57:52.658 W/PeopleGalProvider( 2157): Not enabled to outside of GmsCore.
12-13 23:57:52.659 I/PeopleGalProvider( 2157): Method 0 completed.
12-13 23:57:52.662 I/ContactDirectoryManager( 2102): Directory provider com.google.android.gms(com.google.android.gms.people.gal.provider) returned a NULL cursor.
12-13 23:57:52.669 E/adbd    ( 1383): failed to connect to socket 'tcp:7102': Connection refused
12-13 23:57:52.670 I/InstrumentationBackend( 3898): Added:'GetPreferences', with key:'get_preferences'
12-13 23:57:52.680 D/CarrierSvcBindHelper( 1822): No carrier app for: 0
12-13 23:57:52.680 D/ImsResolver( 1822): maybeAddedImsService, packageName: com.google.android.gms
12-13 23:57:52.730 I/Icing   ( 2157): IndexChimeraService.getServiceInterface callingPackage=com.google.android.gms componentName=AppsCorpus serviceId=36
12-13 23:57:52.767 W/Binder  ( 1627): Outgoing transactions from this process must be FLAG_ONEWAY
12-13 23:57:52.767 W/Binder  ( 1627): java.lang.Throwable
12-13 23:57:52.767 W/Binder  ( 1627): 	at android.os.BinderProxy.transact(Binder.java:736)
12-13 23:57:52.767 W/Binder  ( 1627): 	at com.android.internal.location.ILocationProvider$Stub$Proxy.getProperties(ILocationProvider.java:232)
12-13 23:57:52.767 W/Binder  ( 1627): 	at com.android.server.location.LocationProviderProxy$1.run(LocationProviderProxy.java:119)
12-13 23:57:52.767 W/Binder  ( 1627): 	at android.os.Handler.handleCallback(Handler.java:789)
12-13 23:57:52.767 W/Binder  ( 1627): 	at android.os.Handler.dispatchMessage(Handler.java:98)
12-13 23:57:52.767 W/Binder  ( 1627): 	at android.os.Looper.loop(Looper.java:164)
12-13 23:57:52.767 W/Binder  ( 1627): 	at android.os.HandlerThread.run(HandlerThread.java:65)
12-13 23:57:52.768 W/Binder  ( 1627): Outgoing transactions from this process must be FLAG_ONEWAY
12-13 23:57:52.768 W/Binder  ( 1627): java.lang.Throwable
12-13 23:57:52.768 W/Binder  ( 1627): 	at android.os.BinderProxy.transact(Binder.java:736)
12-13 23:57:52.768 W/Binder  ( 1627): 	at com.android.internal.location.ILocationProvider$Stub$Proxy.getProperties(ILocationProvider.java:232)
12-13 23:57:52.768 W/Binder  ( 1627): 	at com.android.server.location.LocationProviderProxy$1.run(LocationProviderProxy.java:119)
12-13 23:57:52.768 W/Binder  ( 1627): 	at android.os.Handler.handleCallback(Handler.java:789)
12-13 23:57:52.768 W/Binder  ( 1627): 	at android.os.Handler.dispatchMessage(Handler.java:98)
12-13 23:57:52.768 W/Binder  ( 1627): 	at android.os.Looper.loop(Looper.java:164)
12-13 23:57:52.768 W/Binder  ( 1627): 	at android.os.HandlerThread.run(HandlerThread.java:65)
12-13 23:57:52.768 I/Icing   ( 2157): updateResources: need to parse adiq{com.google.android.gms}
12-13 23:57:52.787 E/adbd    ( 1383): failed to connect to socket 'tcp:7102': Connection refused
12-13 23:57:52.791 E/adbd    ( 1383): failed to connect to socket 'tcp:7102': Connection refused
12-13 23:57:52.809 I/zygote  ( 2157): Deoptimizing brse brse.p(int, java.lang.Object[]) due to JIT inline cache
12-13 23:57:52.844 I/zygote  ( 2157): Background concurrent copying GC freed 56735(3MB) AllocSpace objects, 37(756KB) LOS objects, 44% free, 7MB/13MB, paused 760us total 134.380ms
12-13 23:57:52.868 I/ProvidersCache( 3361): Provider returned no roots. Possibly naughty: com.google.android.apps.docs.storage
12-13 23:57:52.881 I/zygote  ( 1944): Deoptimizing void tma.c(java.lang.Runnable) due to JIT inline cache
12-13 23:57:52.898 E/adbd    ( 1383): failed to connect to socket 'tcp:7102': Connection refused
12-13 23:57:52.907 E/adbd    ( 1383): failed to connect to socket 'tcp:7102': Connection refused
12-13 23:57:52.936 W/Icing   ( 2157): No valid account for uploading user actions
12-13 23:57:52.944 I/InstrumentationBackend( 3898): Added:'SetPreferences', with key:'set_preferences'
12-13 23:57:52.944 I/InstrumentationBackend( 3898): Added:'ClearPreferences', with key:'clear_preferences'
12-13 23:57:52.945 I/InstrumentationBackend( 3898): Added:'PressElement', with key:'press_l10n_element'
12-13 23:57:52.945 I/InstrumentationBackend( 3898): Added:'WaitForElement', with key:'wait_for_l10n_element'
12-13 23:57:52.947 I/InstrumentationBackend( 3898): Added:'NullAction', with key:'nullAction'
12-13 23:57:52.948 I/InstrumentationBackend( 3898): Added:'PressKey', with key:'press_key'
12-13 23:57:52.948 I/InstrumentationBackend( 3898): Added:'SetActivityOrientation', with key:'set_activity_orientation'
12-13 23:57:52.948 I/InstrumentationBackend( 3898): Added:'GetActivityOrientation', with key:'get_activity_orientation'
12-13 23:57:52.949 I/InstrumentationBackend( 3898): Added:'FakeGPSLocation', with key:'set_gps_coordinates'
12-13 23:57:52.949 I/InstrumentationBackend( 3898): Added:'SetPropertyByCssSelector', with key:'set_property_by_css_selector'
12-13 23:57:52.952 I/InstrumentationBackend( 3898): Added:'GetUrl', with key:'get_url'
12-13 23:57:52.960 I/InstrumentationBackend( 3898): Added:'ScrollTo', with key:'scroll_to'
12-13 23:57:52.960 I/InstrumentationBackend( 3898): Added:'GetLoadProgress', with key:'get_load_progress'
12-13 23:57:52.961 I/InstrumentationBackend( 3898): Added:'DumpHtml', with key:'dump_html'
12-13 23:57:52.962 I/InstrumentationBackend( 3898): Added:'DumpBodyHtml', with key:'dump_body_html'
12-13 23:57:52.962 I/InstrumentationBackend( 3898): Added:'EnterTextByCssSelector', with key:'enter_text_by_selector'
12-13 23:57:52.963 I/Icing   ( 2157): Usage reports ok 0, Failed Usage reports 0, indexed 0, rejected 0
12-13 23:57:52.966 I/Icing   ( 2157): IndexChimeraService.getServiceInterface callingPackage=com.google.android.gms componentName=null serviceId=30
12-13 23:57:52.968 I/InstrumentationBackend( 3898): Added:'AndroidSDKVersion', with key:'android_sdk_version'
12-13 23:57:52.969 I/InstrumentationBackend( 3898): Added:'Version', with key:'version'
12-13 23:57:52.969 I/InstrumentationBackend( 3898): Added:'Drag', with key:'drag'
12-13 23:57:52.970 I/InstrumentationBackend( 3898): Added:'TouchCoordinates', with key:'touch_coordinate'
12-13 23:57:52.970 I/InstrumentationBackend( 3898): Added:'LongPressCoordinate', with key:'long_press_coordinate'
12-13 23:57:52.970 I/InstrumentationBackend( 3898): Added:'DragCoordinates', with key:'drag_coordinates'
12-13 23:57:52.971 I/InstrumentationBackend( 3898): Added:'ResumeApplication', with key:'resume_application'
12-13 23:57:52.971 I/InstrumentationBackend( 3898): Added:'Swipe', with key:'swipe'
12-13 23:57:52.972 I/InstrumentationBackend( 3898): Added:'DoubleTapCoordinate', with key:'double_tap_coordinate'
12-13 23:57:52.972 I/InstrumentationBackend( 3898): Added:'ClickOnScreen', with key:'click_on_screen'
12-13 23:57:52.973 I/InstrumentationBackend( 3898): Added:'GetActivityName', with key:'get_activity_name'
12-13 23:57:52.976 I/InstrumentationBackend( 3898): Added:'ScrollToView', with key:'scroll_to_view'
12-13 23:57:52.978 I/InstrumentationBackend( 3898): Added:'ViewConfiguration', with key:'view_configuration'
12-13 23:57:52.978 I/InstrumentationBackend( 3898): Added:'IsCurrentActivityFocused', with key:'is_current_activity_focused'
12-13 23:57:52.980 I/InstrumentationBackend( 3898): Added:'SendTcp', with key:'send_tcp'
12-13 23:57:52.980 I/InstrumentationBackend( 3898): Added:'DpToDevicePixel', with key:'dp_to_device_pixel'
12-13 23:57:52.983 I/InstrumentationBackend( 3898): Added:'KeyboardEnterText', with key:'keyboard_enter_text'
12-13 23:57:52.984 I/InstrumentationBackend( 3898): Added:'DeleteSurroundingText', with key:'delete_surrounding_text'
12-13 23:57:52.985 I/InstrumentationBackend( 3898): Added:'SetComposingRegion', with key:'set_composing_region'
12-13 23:57:52.986 I/InstrumentationBackend( 3898): Added:'SetSelection', with key:'set_selection'
12-13 23:57:52.986 I/InstrumentationBackend( 3898): Added:'KeyboardKeyEvent', with key:'keyboard_key_event'
12-13 23:57:52.987 I/InstrumentationBackend( 3898): Added:'PressUserActionButton', with key:'press_user_action_button'
12-13 23:57:52.988 I/InstrumentationBackend( 3898): Added:'HideSoftKeyboard', with key:'hide_soft_keyboard'
12-13 23:57:52.991 W/Icing   ( 2157): No valid account for uploading user actions
12-13 23:57:52.991 I/InstrumentationBackend( 3898): Added:'ListActions', with key:'list_actions'
12-13 23:57:52.992 I/calabash( 3898): Instantiating http server at 7102
12-13 23:57:52.994 I/System.out( 3898): HTTP Daemon listening on: 7102
12-13 23:57:53.003 I/Icing   ( 2157): Usage reports ok 0, Failed Usage reports 0, indexed 0, rejected 0
12-13 23:57:53.004 I/Icing   ( 2157): Indexing com.google.android.gms-apps from com.google.android.gms
12-13 23:57:53.007 I/Icing   ( 2157): Indexing done com.google.android.gms-apps
12-13 23:57:53.026 I/System.out( 3898): URI: //ping
12-13 23:57:53.027 I/System.out( 3898): params: {json={}
12-13 23:57:53.027 I/System.out( 3898): }
12-13 23:57:53.037 I/System.out( 3898): URI: //ping
12-13 23:57:53.037 I/System.out( 3898): params: {json={}
12-13 23:57:53.037 I/System.out( 3898): }
12-13 23:57:53.045 I/System.out( 3898): URI: //ready
12-13 23:57:53.045 I/System.out( 3898): params: {json={}
12-13 23:57:53.045 I/System.out( 3898): }
12-13 23:57:53.052 I/System.out( 3898): URI: //
12-13 23:57:53.052 I/System.out( 3898): params: {json={"command":"version","arguments":[]}
12-13 23:57:53.052 I/System.out( 3898): }
12-13 23:57:53.052 I/System.out( 3898): header: {content-type=application/json;charset=utf-8, date=Mon, 14 Dec 2020 04:57:53 GMT, accept=*/*, host=127.0.0.1:34777, content-length=36, user-agent=HTTPClient/1.0 (2.8.3, ruby 2.5.8 (2020-03-31))}
12-13 23:57:53.052 I/System.out( 3898): params: {json={"command":"version","arguments":[]}
12-13 23:57:53.052 I/System.out( 3898): }
12-13 23:57:53.052 I/System.out( 3898): ProP json = {"command":"version","arguments":[]}
12-13 23:57:53.053 I/System.out( 3898): files: {}
12-13 23:57:53.053 I/System.out( 3898): command: {"command":"version","arguments":[]}
12-13 23:57:53.100 I/InstrumentationBackend( 3898): Got command:'Command:'Line:null,version', arguments:'[]'
12-13 23:57:53.144 I/System.out( 3898): result:{"bonusInformation":[],"message":"0.9.8","success":true}
12-13 23:57:53.156 I/System.out( 3898): URI: //start-application
12-13 23:57:53.156 I/System.out( 3898): params: {json={"intent":null}
12-13 23:57:53.156 I/System.out( 3898): }
12-13 23:57:53.216 I/ActivityManager( 1627): START u0 {act=android.intent.action.MAIN cat=[android.intent.category.LAUNCHER] flg=0x10200000 cmp=com.evancharlton.mileage/.Mileage} from uid 10196
12-13 23:57:53.234 I/calabash( 3898): newActivity1
12-13 23:57:53.250 W/Nearby  ( 1944): Failed attempt #3 out of 3 for RestoreDeviceName [CONTEXT service_id=49 ]
12-13 23:57:53.250 W/Nearby  ( 1944): java.lang.IllegalStateException: BluetoothAdapter not ready yet!
12-13 23:57:53.250 W/Nearby  ( 1944): 	at alhd.g(:com.google.android.gms@204713022@20.47.13 (040700-344095733):2)
12-13 23:57:53.250 W/Nearby  ( 1944): 	at alhc.run(Unknown Source:0)
12-13 23:57:53.250 W/Nearby  ( 1944): 	at bznt.call(Unknown Source:0)
12-13 23:57:53.250 W/Nearby  ( 1944): 	at bzny.b(:com.google.android.gms@204713022@20.47.13 (040700-344095733):2)
12-13 23:57:53.250 W/Nearby  ( 1944): 	at bzny.a(:com.google.android.gms@204713022@20.47.13 (040700-344095733):0)
12-13 23:57:53.250 W/Nearby  ( 1944): 	at alhb.run(Unknown Source:2)
