--------- beginning of main
12-13 23:58:22.508 D/AndroidRuntime( 4410): >>>>>> START com.android.internal.os.RuntimeInit uid 2000 <<<<<<
12-13 23:58:22.563 W/app_process( 4410): Unexpected CPU variant for X86 using defaults: x86
12-13 23:58:22.589 D/AndroidRuntime( 4410): Calling main entry com.android.commands.am.Am
--------- beginning of system
12-13 23:58:22.592 I/ActivityManager( 1627): Force stopping com.evancharlton.mileage appid=10196 user=0: start instr
12-13 23:58:22.592 I/ActivityManager( 1627): Killing 4384:com.evancharlton.mileage/u0a196 (adj 0): stop com.evancharlton.mileage
12-13 23:58:22.595 W/ActivityManager( 1627): Crash of app com.evancharlton.mileage running instrumentation ComponentInfo{com.evancharlton.mileage.test/sh.calaba.instrumentationbackend.ClearAppData2}
12-13 23:58:22.595 I/ActivityManager( 1627): Force stopping com.evancharlton.mileage appid=10196 user=0: finished inst
12-13 23:58:22.595 I/ActivityManager( 1627): Killing 3306:com.android.keychain/1000 (adj 906): empty #17
12-13 23:58:22.612 I/zygote  ( 4420): Not late-enabling -Xcheck:jni (already on)
12-13 23:58:22.615 I/ActivityManager( 1627): Start proc 4420:com.evancharlton.mileage/u0a196 for added application com.evancharlton.mileage
12-13 23:58:22.615 D/AndroidRuntime( 4410): Shutting down VM
12-13 23:58:22.618 E/memtrack( 1627): Couldn't load memtrack module
12-13 23:58:22.618 W/android.os.Debug( 1627): failed to get memory consumption info: -1
12-13 23:58:22.649 W/zygote  ( 4420): Unexpected CPU variant for X86 using defaults: x86
12-13 23:58:22.653 E/adbd    ( 1383): failed to connect to socket 'tcp:7102': Connection refused
12-13 23:58:22.662 E/adbd    ( 1383): failed to connect to socket 'tcp:7102': Connection refused
12-13 23:58:22.693 W/zygote  ( 4420): Found duplicate classes, falling back to extracting from APK : /data/app/com.evancharlton.mileage.test-8rBmDp83A0ydoR0TLaZpbw==/base.apk
12-13 23:58:22.693 W/zygote  ( 4420): NOTE: This wastes RAM and hurts startup performance.
12-13 23:58:22.693 W/zygote  ( 4420): Found duplicated class when checking oat files: 'Ljunit/runner/BaseTestRunner;' in /data/app/com.evancharlton.mileage.test-8rBmDp83A0ydoR0TLaZpbw==/base.apk and /system/framework/android.test.runner.jar
12-13 23:58:22.693 W/zygote  ( 4420): 
12-13 23:58:22.744 W/System  ( 4420): ClassLoader referenced unknown path: 
12-13 23:58:22.764 I/System.out( 4420): Main activity name automatically set to: com.evancharlton.mileage.Mileage
12-13 23:58:22.765 I/System.out( 4420): Calabash did not load Mono. This is only a problem if you are trying to test a Mono application
12-13 23:58:22.766 I/calabash( 4420): Test server port: 7102
12-13 23:58:22.770 I/InstrumentationBackend( 4420): Added:'GetPreferences', with key:'get_preferences'
12-13 23:58:22.775 E/adbd    ( 1383): failed to connect to socket 'tcp:7102': Connection refused
12-13 23:58:22.778 E/adbd    ( 1383): failed to connect to socket 'tcp:7102': Connection refused
12-13 23:58:22.878 I/InstrumentationBackend( 4420): Added:'SetPreferences', with key:'set_preferences'
12-13 23:58:22.878 I/InstrumentationBackend( 4420): Added:'ClearPreferences', with key:'clear_preferences'
12-13 23:58:22.879 I/InstrumentationBackend( 4420): Added:'PressElement', with key:'press_l10n_element'
12-13 23:58:22.879 I/InstrumentationBackend( 4420): Added:'WaitForElement', with key:'wait_for_l10n_element'
12-13 23:58:22.880 I/InstrumentationBackend( 4420): Added:'NullAction', with key:'nullAction'
12-13 23:58:22.880 I/InstrumentationBackend( 4420): Added:'PressKey', with key:'press_key'
12-13 23:58:22.881 I/InstrumentationBackend( 4420): Added:'SetActivityOrientation', with key:'set_activity_orientation'
12-13 23:58:22.881 I/InstrumentationBackend( 4420): Added:'GetActivityOrientation', with key:'get_activity_orientation'
12-13 23:58:22.882 I/InstrumentationBackend( 4420): Added:'FakeGPSLocation', with key:'set_gps_coordinates'
12-13 23:58:22.883 I/InstrumentationBackend( 4420): Added:'SetPropertyByCssSelector', with key:'set_property_by_css_selector'
12-13 23:58:22.887 I/InstrumentationBackend( 4420): Added:'GetUrl', with key:'get_url'
12-13 23:58:22.887 E/adbd    ( 1383): failed to connect to socket 'tcp:7102': Connection refused
12-13 23:58:22.892 E/adbd    ( 1383): failed to connect to socket 'tcp:7102': Connection refused
12-13 23:58:22.893 I/InstrumentationBackend( 4420): Added:'ScrollTo', with key:'scroll_to'
12-13 23:58:22.894 I/InstrumentationBackend( 4420): Added:'GetLoadProgress', with key:'get_load_progress'
12-13 23:58:22.895 I/InstrumentationBackend( 4420): Added:'DumpHtml', with key:'dump_html'
12-13 23:58:22.895 I/InstrumentationBackend( 4420): Added:'DumpBodyHtml', with key:'dump_body_html'
12-13 23:58:22.895 I/InstrumentationBackend( 4420): Added:'EnterTextByCssSelector', with key:'enter_text_by_selector'
12-13 23:58:22.904 I/InstrumentationBackend( 4420): Added:'AndroidSDKVersion', with key:'android_sdk_version'
12-13 23:58:22.905 I/InstrumentationBackend( 4420): Added:'Version', with key:'version'
12-13 23:58:22.907 I/InstrumentationBackend( 4420): Added:'Drag', with key:'drag'
12-13 23:58:22.907 I/InstrumentationBackend( 4420): Added:'TouchCoordinates', with key:'touch_coordinate'
12-13 23:58:22.907 I/InstrumentationBackend( 4420): Added:'LongPressCoordinate', with key:'long_press_coordinate'
12-13 23:58:22.908 I/InstrumentationBackend( 4420): Added:'DragCoordinates', with key:'drag_coordinates'
12-13 23:58:22.909 I/InstrumentationBackend( 4420): Added:'ResumeApplication', with key:'resume_application'
12-13 23:58:22.909 I/InstrumentationBackend( 4420): Added:'Swipe', with key:'swipe'
12-13 23:58:22.909 I/InstrumentationBackend( 4420): Added:'DoubleTapCoordinate', with key:'double_tap_coordinate'
12-13 23:58:22.910 I/InstrumentationBackend( 4420): Added:'ClickOnScreen', with key:'click_on_screen'
12-13 23:58:22.911 I/InstrumentationBackend( 4420): Added:'GetActivityName', with key:'get_activity_name'
12-13 23:58:22.912 I/InstrumentationBackend( 4420): Added:'ScrollToView', with key:'scroll_to_view'
12-13 23:58:22.912 I/InstrumentationBackend( 4420): Added:'ViewConfiguration', with key:'view_configuration'
12-13 23:58:22.913 I/InstrumentationBackend( 4420): Added:'IsCurrentActivityFocused', with key:'is_current_activity_focused'
12-13 23:58:22.913 I/InstrumentationBackend( 4420): Added:'SendTcp', with key:'send_tcp'
12-13 23:58:22.914 I/InstrumentationBackend( 4420): Added:'DpToDevicePixel', with key:'dp_to_device_pixel'
12-13 23:58:22.916 I/InstrumentationBackend( 4420): Added:'KeyboardEnterText', with key:'keyboard_enter_text'
12-13 23:58:22.916 I/InstrumentationBackend( 4420): Added:'DeleteSurroundingText', with key:'delete_surrounding_text'
12-13 23:58:22.917 I/InstrumentationBackend( 4420): Added:'SetComposingRegion', with key:'set_composing_region'
12-13 23:58:22.917 I/InstrumentationBackend( 4420): Added:'SetSelection', with key:'set_selection'
12-13 23:58:22.918 I/InstrumentationBackend( 4420): Added:'KeyboardKeyEvent', with key:'keyboard_key_event'
12-13 23:58:22.919 I/InstrumentationBackend( 4420): Added:'PressUserActionButton', with key:'press_user_action_button'
12-13 23:58:22.920 I/InstrumentationBackend( 4420): Added:'HideSoftKeyboard', with key:'hide_soft_keyboard'
12-13 23:58:22.922 I/InstrumentationBackend( 4420): Added:'ListActions', with key:'list_actions'
12-13 23:58:22.922 I/calabash( 4420): Instantiating http server at 7102
12-13 23:58:22.923 I/System.out( 4420): HTTP Daemon listening on: 7102
12-13 23:58:22.999 I/System.out( 4420): URI: //ping
12-13 23:58:22.999 I/System.out( 4420): params: {json={}
12-13 23:58:22.999 I/System.out( 4420): }
12-13 23:58:23.011 I/System.out( 4420): URI: //ping
12-13 23:58:23.011 I/System.out( 4420): params: {json={}
12-13 23:58:23.011 I/System.out( 4420): }
12-13 23:58:23.023 I/System.out( 4420): URI: //ready
12-13 23:58:23.023 I/System.out( 4420): params: {json={}
12-13 23:58:23.023 I/System.out( 4420): }
12-13 23:58:23.032 I/System.out( 4420): URI: //
12-13 23:58:23.032 I/System.out( 4420): params: {json={"command":"version","arguments":[]}
12-13 23:58:23.032 I/System.out( 4420): }
12-13 23:58:23.033 I/System.out( 4420): header: {content-type=application/json;charset=utf-8, date=Mon, 14 Dec 2020 04:58:23 GMT, accept=*/*, host=127.0.0.1:34777, content-length=36, user-agent=HTTPClient/1.0 (2.8.3, ruby 2.5.8 (2020-03-31))}
12-13 23:58:23.033 I/System.out( 4420): params: {json={"command":"version","arguments":[]}
12-13 23:58:23.033 I/System.out( 4420): }
12-13 23:58:23.033 I/System.out( 4420): ProP json = {"command":"version","arguments":[]}
12-13 23:58:23.033 I/System.out( 4420): files: {}
12-13 23:58:23.033 I/System.out( 4420): command: {"command":"version","arguments":[]}
12-13 23:58:23.086 I/InstrumentationBackend( 4420): Got command:'Command:'Line:null,version', arguments:'[]'
12-13 23:58:23.161 I/System.out( 4420): result:{"bonusInformation":[],"message":"0.9.8","success":true}
12-13 23:58:23.175 I/System.out( 4420): URI: //start-application
12-13 23:58:23.175 I/System.out( 4420): params: {json={"intent":null}
12-13 23:58:23.175 I/System.out( 4420): }
12-13 23:58:23.246 I/ActivityManager( 1627): START u0 {act=android.intent.action.MAIN cat=[android.intent.category.LAUNCHER] flg=0x10200000 cmp=com.evancharlton.mileage/.Mileage} from uid 10196
12-13 23:58:23.283 I/calabash( 4420): newActivity1
12-13 23:58:23.289 D/gralloc_ranchu( 1396): gralloc_alloc: Creating ashmem region of size 7753728
12-13 23:58:23.357 D/EGL_emulation( 2079): eglMakeCurrent: 0xa20849c0: ver 3 0 (tinfo 0xa2083860)
12-13 23:58:23.364 D/EGL_emulation( 2031): eglMakeCurrent: 0x9f9fc480: ver 3 0 (tinfo 0x9f9ff5e0)
12-13 23:58:23.402 W/ActivityManager( 1627): Bad activity token: android.os.BinderProxy@228ecbf
12-13 23:58:23.402 W/ActivityManager( 1627): java.lang.ClassCastException: android.os.BinderProxy cannot be cast to com.android.server.am.ActivityRecord$Token
12-13 23:58:23.402 W/ActivityManager( 1627): 	at com.android.server.am.ActivityRecord.forTokenLocked(ActivityRecord.java:778)
12-13 23:58:23.402 W/ActivityManager( 1627): 	at com.android.server.am.ActivityRecord.isInStackLocked(ActivityRecord.java:2085)
12-13 23:58:23.402 W/ActivityManager( 1627): 	at com.android.server.am.ActivityRecord.getStackLocked(ActivityRecord.java:2090)
12-13 23:58:23.402 W/ActivityManager( 1627): 	at com.android.server.am.ActivityManagerService.getActivityDisplayId(ActivityManagerService.java:10406)
12-13 23:58:23.402 W/ActivityManager( 1627): 	at android.app.IActivityManager$Stub.onTransact(IActivityManager.java:2738)
12-13 23:58:23.402 W/ActivityManager( 1627): 	at com.android.server.am.ActivityManagerService.onTransact(ActivityManagerService.java:2935)
12-13 23:58:23.402 W/ActivityManager( 1627): 	at android.os.Binder.execTransact(Binder.java:674)
12-13 23:58:23.407 D/EGL_emulation( 1730): eglMakeCurrent: 0x8e53c520: ver 3 0 (tinfo 0x8e534c30)
12-13 23:58:23.409 I/calabash( 4420): newActivity1
12-13 23:58:23.415 E/ContentStoreEUAS( 2079): Failed to commit the deferred actions
12-13 23:58:23.421 V/StatusBar( 1730): setLightsOn(true)
12-13 23:58:23.426 D/EGL_emulation( 1730): eglMakeCurrent: 0x8e53c520: ver 3 0 (tinfo 0x8e534c30)
12-13 23:58:23.431 W/ActivityManager( 1627): Bad activity token: android.os.BinderProxy@228ecbf
12-13 23:58:23.431 W/ActivityManager( 1627): java.lang.ClassCastException: android.os.BinderProxy cannot be cast to com.android.server.am.ActivityRecord$Token
12-13 23:58:23.431 W/ActivityManager( 1627): 	at com.android.server.am.ActivityRecord.forTokenLocked(ActivityRecord.java:778)
12-13 23:58:23.431 W/ActivityManager( 1627): 	at com.android.server.am.ActivityRecord.isInStackLocked(ActivityRecord.java:2085)
12-13 23:58:23.431 W/ActivityManager( 1627): 	at com.android.server.am.ActivityManagerService.setTaskDescription(ActivityManagerService.java:9988)
12-13 23:58:23.431 W/ActivityManager( 1627): 	at android.app.IActivityManager$Stub.onTransact(IActivityManager.java:2824)
12-13 23:58:23.431 W/ActivityManager( 1627): 	at com.android.server.am.ActivityManagerService.onTransact(ActivityManagerService.java:2935)
12-13 23:58:23.431 W/ActivityManager( 1627): 	at android.os.Binder.execTransact(Binder.java:674)
12-13 23:58:23.435 W/ActivityManager( 1627): Bad activity token: android.os.BinderProxy@228ecbf
12-13 23:58:23.435 W/ActivityManager( 1627): java.lang.ClassCastException: android.os.BinderProxy cannot be cast to com.android.server.am.ActivityRecord$Token
12-13 23:58:23.435 W/ActivityManager( 1627): 	at com.android.server.am.ActivityRecord.forTokenLocked(ActivityRecord.java:778)
12-13 23:58:23.435 W/ActivityManager( 1627): 	at com.android.server.am.ActivityRecord.isInStackLocked(ActivityRecord.java:2085)
12-13 23:58:23.435 W/ActivityManager( 1627): 	at com.android.server.am.ActivityRecord.getStackLocked(ActivityRecord.java:2090)
12-13 23:58:23.435 W/ActivityManager( 1627): 	at com.android.server.am.ActivityManagerService.getActivityStackId(ActivityManagerService.java:10417)
12-13 23:58:23.435 W/ActivityManager( 1627): 	at android.app.IActivityManager$Stub.onTransact(IActivityManager.java:3548)
12-13 23:58:23.435 W/ActivityManager( 1627): 	at com.android.server.am.ActivityManagerService.onTransact(ActivityManagerService.java:2935)
12-13 23:58:23.435 W/ActivityManager( 1627): 	at android.os.Binder.execTransact(Binder.java:674)
12-13 23:58:23.567 I/chatty  ( 1730): uid=10028(u0_a28) RenderThread identical 10 lines
12-13 23:58:23.583 D/EGL_emulation( 1730): eglMakeCurrent: 0x8e53c520: ver 3 0 (tinfo 0x8e534c30)
12-13 23:58:23.583 D/FillupsProvider( 4420): Creating database
12-13 23:58:23.593 D/EGL_emulation( 1730): eglMakeCurrent: 0x8e53c520: ver 3 0 (tinfo 0x8e534c30)
12-13 23:58:23.817 W/ActivityManager( 1627): Bad activity token: android.os.BinderProxy@228ecbf
12-13 23:58:23.817 W/ActivityManager( 1627): java.lang.ClassCastException: android.os.BinderProxy cannot be cast to com.android.server.am.ActivityRecord$Token
12-13 23:58:23.817 W/ActivityManager( 1627): 	at com.android.server.am.ActivityRecord.forTokenLocked(ActivityRecord.java:778)
12-13 23:58:23.817 W/ActivityManager( 1627): 	at com.android.server.am.ActivityRecord.isInStackLocked(ActivityRecord.java:2085)
12-13 23:58:23.817 W/ActivityManager( 1627): 	at com.android.server.am.ActivityManagerService.getActivityOptions(ActivityManagerService.java:13302)
12-13 23:58:23.817 W/ActivityManager( 1627): 	at android.app.IActivityManager$Stub.onTransact(IActivityManager.java:2910)
12-13 23:58:23.817 W/ActivityManager( 1627): 	at com.android.server.am.ActivityManagerService.onTransact(ActivityManagerService.java:2935)
12-13 23:58:23.817 W/ActivityManager( 1627): 	at android.os.Binder.execTransact(Binder.java:674)
12-13 23:58:23.828 W/ActivityManager( 1627): Bad activity token: android.os.BinderProxy@228ecbf
12-13 23:58:23.828 W/ActivityManager( 1627): java.lang.ClassCastException: android.os.BinderProxy cannot be cast to com.android.server.am.ActivityRecord$Token
12-13 23:58:23.828 W/ActivityManager( 1627): 	at com.android.server.am.ActivityRecord.forTokenLocked(ActivityRecord.java:778)
12-13 23:58:23.828 W/ActivityManager( 1627): 	at com.android.server.am.ActivityRecord.isInStackLocked(ActivityRecord.java:2085)
12-13 23:58:23.828 W/ActivityManager( 1627): 	at com.android.server.am.ActivityManagerService.getActivityOptions(ActivityManagerService.java:13302)
12-13 23:58:23.828 W/ActivityManager( 1627): 	at android.app.IActivityManager$Stub.onTransact(IActivityManager.java:2910)
12-13 23:58:23.828 W/ActivityManager( 1627): 	at com.android.server.am.ActivityManagerService.onTransact(ActivityManagerService.java:2935)
12-13 23:58:23.828 W/ActivityManager( 1627): 	at android.os.Binder.execTransact(Binder.java:674)
12-13 23:58:23.843 I/zygote  ( 4420): Do partial code cache collection, code=29KB, data=29KB
12-13 23:58:23.844 I/NetworkScheduler.Stats( 1944): Task com.google.android.gms/com.google.android.gms.ads.social.GcmSchedulerWakeupService started execution. cause:4 exec_start_elapsed_seconds: 96 [CONTEXT service_id=218 ]
12-13 23:58:23.848 I/zygote  ( 4420): After code cache collection, code=29KB, data=29KB
12-13 23:58:23.848 I/zygote  ( 4420): Increasing code cache capacity to 128KB
12-13 23:58:23.872 V/StatusBar( 1730): setLightsOn(true)
12-13 23:58:23.905 I/NetworkScheduler.Stats( 1944): Task com.google.android.gms/com.google.android.gms.ads.social.GcmSchedulerWakeupService finished executing. cause:4 result: 1 elapsed_millis: 188 uptime_millis: 188 exec_start_elapsed_seconds: 96 [CONTEXT service_id=218 ]
12-13 23:58:24.088 V/StatusBar( 1730): setLightsOn(true)
12-13 23:58:24.090 V/StatusBar( 1730): setLightsOn(true)
12-13 23:58:24.093 I/zygote  ( 4420): Do partial code cache collection, code=42KB, data=56KB
12-13 23:58:24.097 I/zygote  ( 4420): After code cache collection, code=42KB, data=56KB
12-13 23:58:24.097 I/zygote  ( 4420): Increasing code cache capacity to 256KB
12-13 23:58:24.098 I/zygote  ( 4420): JIT allocated 71KB for compiled code of void android.widget.TextView.<init>(android.content.Context, android.util.AttributeSet, int, int)
12-13 23:58:24.098 I/zygote  ( 4420): Compiler allocated 4MB to compile void android.widget.TextView.<init>(android.content.Context, android.util.AttributeSet, int, int)
12-13 23:58:24.113 V/StatusBar( 1730): setLightsOn(true)
12-13 23:58:24.114 V/StatusBar( 1730): setLightsOn(true)
12-13 23:58:24.155 I/zygote  ( 4420): Do full code cache collection, code=122KB, data=67KB
12-13 23:58:24.156 I/zygote  ( 4420): After code cache collection, code=88KB, data=38KB
12-13 23:58:24.170 D/gralloc_ranchu( 1396): gralloc_alloc: Creating ashmem region of size 7753728
12-13 23:58:24.196 D/        ( 4420): HostConnection::get() New Host Connection established 0x9f72fe00, tid 4420
12-13 23:58:24.248 V/StatusBar( 1730): setLightsOn(true)
12-13 23:58:24.249 V/StatusBar( 1730): setLightsOn(true)
12-13 23:58:24.252 I/ActivityManager( 1627): Displayed com.evancharlton.mileage/.Mileage: +989ms
12-13 23:58:24.277 V/StatusBar( 1730): setLightsOn(true)
12-13 23:58:24.294 D/gralloc_ranchu( 1396): gralloc_alloc: Creating ashmem region of size 7753728
12-13 23:58:24.442 V/StatusBar( 1730): setLightsOn(true)
12-13 23:58:24.479 V/StatusBar( 1730): setLightsOn(true)
12-13 23:58:24.507 W/SurfaceFlinger( 1405): couldn't log to binary event log: overflow.
12-13 23:58:24.578 I/PBSessionCacheImpl( 2079): Deleted sessionId[3658211485918] from persistence.
12-13 23:58:24.598 W/SearchService( 2079): Abort, client detached.
12-13 23:58:24.635 I/System.out( 4420): URI: //
12-13 23:58:24.635 I/System.out( 4420): params: {json={"command":"set_activity_orientation","arguments":["landscape"]}
12-13 23:58:24.635 I/System.out( 4420): }
12-13 23:58:24.635 I/System.out( 4420): header: {content-type=application/json;charset=utf-8, date=Mon, 14 Dec 2020 04:58:24 GMT, accept=*/*, host=127.0.0.1:34777, content-length=64, user-agent=HTTPClient/1.0 (2.8.3, ruby 2.5.8 (2020-03-31))}
12-13 23:58:24.635 I/System.out( 4420): params: {json={"command":"set_activity_orientation","arguments":["landscape"]}
12-13 23:58:24.635 I/System.out( 4420): }
12-13 23:58:24.635 I/System.out( 4420): ProP json = {"command":"set_activity_orientation","arguments":["landscape"]}
12-13 23:58:24.635 I/System.out( 4420): files: {}
12-13 23:58:24.635 I/System.out( 4420): command: {"command":"set_activity_orientation","arguments":["landscape"]}
12-13 23:58:24.639 I/InstrumentationBackend( 4420): Got command:'Command:'Line:null,set_activity_orientation', arguments:'[landscape]'
12-13 23:58:24.643 D/gralloc_ranchu( 1396): gralloc_alloc: Creating ashmem region of size 8298496
12-13 23:58:24.660 W/LocalDisplayAdapter( 1627): Unable to find color mode 0, ignoring request.
12-13 23:58:24.668 I/Finsky  ( 2548): [115] nmi.run(36): Stats for Executor: BlockingExecutor non@e1254d[Running, pool size = 2, active threads = 0, queued tasks = 0, completed tasks = 17]
12-13 23:58:24.672 I/ActivityManager( 1627): Config changes=480 {1.0 310mcc260mnc [en_US] ldltr sw411dp w683dp h387dp 420dpi nrml land finger qwerty/v/v -nav/h appBounds=Rect(0, 0 - 1794, 1080) s.7}
12-13 23:58:24.675 I/Finsky  ( 2548): [115] nmi.run(36): Stats for Executor: LightweightExecutor non@fc88802[Running, pool size = 2, active threads = 0, queued tasks = 0, completed tasks = 71]
12-13 23:58:24.685 I/InputReader( 1627): Reconfiguring input devices.  changes=0x00000004
12-13 23:58:24.685 I/InputReader( 1627): Device reconfigured: id=0, name='qwerty2', size 1080x1920, orientation 1, mode 1, display id 0
12-13 23:58:24.734 I/ActivityManager( 1627): Override config changes=480 {1.0 310mcc260mnc [en_US] ldltr sw411dp w683dp h387dp 420dpi nrml land finger qwerty/v/v -nav/h appBounds=Rect(0, 0 - 1794, 1080) s.7} for displayId=0
12-13 23:58:24.845 D/gralloc_ranchu( 1396): gralloc_alloc: Creating ashmem region of size 544768
12-13 23:58:24.853 D/NuPlayerDriver( 1482): NuPlayerDriver(0xa7ccd5b0) created, clientPid(1730)
12-13 23:58:24.855 I/calabash( 4420): newActivity1
12-13 23:58:24.864 D/EGL_emulation( 1730): eglMakeCurrent: 0x8e53c520: ver 3 0 (tinfo 0x8e534c30)
12-13 23:58:24.875 D/gralloc_ranchu( 1396): gralloc_alloc: Creating ashmem region of size 544768
12-13 23:58:24.904 D/GenericSource( 1482): FileSource remote
12-13 23:58:24.923 W/ActivityManager( 1627): Bad activity token: android.os.BinderProxy@19d8ef2
12-13 23:58:24.923 W/ActivityManager( 1627): java.lang.ClassCastException: android.os.BinderProxy cannot be cast to com.android.server.am.ActivityRecord$Token
12-13 23:58:24.923 W/ActivityManager( 1627): 	at com.android.server.am.ActivityRecord.forTokenLocked(ActivityRecord.java:778)
12-13 23:58:24.923 W/ActivityManager( 1627): 	at com.android.server.am.ActivityRecord.isInStackLocked(ActivityRecord.java:2085)
12-13 23:58:24.923 W/ActivityManager( 1627): 	at com.android.server.am.ActivityRecord.getStackLocked(ActivityRecord.java:2090)
12-13 23:58:24.923 W/ActivityManager( 1627): 	at com.android.server.am.ActivityManagerService.getActivityDisplayId(ActivityManagerService.java:10406)
12-13 23:58:24.923 W/ActivityManager( 1627): 	at android.app.IActivityManager$Stub.onTransact(IActivityManager.java:2738)
12-13 23:58:24.923 W/ActivityManager( 1627): 	at com.android.server.am.ActivityManagerService.onTransact(ActivityManagerService.java:2935)
12-13 23:58:24.923 W/ActivityManager( 1627): 	at android.os.Binder.execTransact(Binder.java:674)
12-13 23:58:24.926 I/calabash( 4420): newActivity1
12-13 23:58:24.930 W/ActivityManager( 1627): Bad activity token: android.os.BinderProxy@19d8ef2
12-13 23:58:24.930 W/ActivityManager( 1627): java.lang.ClassCastException: android.os.BinderProxy cannot be cast to com.android.server.am.ActivityRecord$Token
12-13 23:58:24.930 W/ActivityManager( 1627): 	at com.android.server.am.ActivityRecord.forTokenLocked(ActivityRecord.java:778)
12-13 23:58:24.930 W/ActivityManager( 1627): 	at com.android.server.am.ActivityRecord.isInStackLocked(ActivityRecord.java:2085)
12-13 23:58:24.930 W/ActivityManager( 1627): 	at com.android.server.am.ActivityManagerService.setTaskDescription(ActivityManagerService.java:9988)
12-13 23:58:24.930 W/ActivityManager( 1627): 	at android.app.IActivityManager$Stub.onTransact(IActivityManager.java:2824)
12-13 23:58:24.930 W/ActivityManager( 1627): 	at com.android.server.am.ActivityManagerService.onTransact(ActivityManagerService.java:2935)
12-13 23:58:24.930 W/ActivityManager( 1627): 	at android.os.Binder.execTransact(Binder.java:674)
12-13 23:58:24.931 D/NuPlayerDriver( 1482): notifyListener_l(0xa7ccd5b0), (1, 0, 0, -1), loop setting(0, 0)
12-13 23:58:24.932 W/ActivityManager( 1627): Bad activity token: android.os.BinderProxy@19d8ef2
12-13 23:58:24.932 W/ActivityManager( 1627): java.lang.ClassCastException: android.os.BinderProxy cannot be cast to com.android.server.am.ActivityRecord$Token
12-13 23:58:24.932 W/ActivityManager( 1627): 	at com.android.server.am.ActivityRecord.forTokenLocked(ActivityRecord.java:778)
12-13 23:58:24.932 W/ActivityManager( 1627): 	at com.android.server.am.ActivityRecord.isInStackLocked(ActivityRecord.java:2085)
12-13 23:58:24.932 W/ActivityManager( 1627): 	at com.android.server.am.ActivityRecord.getStackLocked(ActivityRecord.java:2090)
12-13 23:58:24.932 W/ActivityManager( 1627): 	at com.android.server.am.ActivityManagerService.getActivityStackId(ActivityManagerService.java:10417)
12-13 23:58:24.932 W/ActivityManager( 1627): 	at android.app.IActivityManager$Stub.onTransact(IActivityManager.java:3548)
12-13 23:58:24.932 W/ActivityManager( 1627): 	at com.android.server.am.ActivityManagerService.onTransact(ActivityManagerService.java:2935)
12-13 23:58:24.932 W/ActivityManager( 1627): 	at android.os.Binder.execTransact(Binder.java:674)
12-13 23:58:24.948 I/System.out( 4420): result:{"bonusInformation":[],"message":"","success":true}
12-13 23:58:24.956 I/MediaFocusControl( 1627):  AudioFocus  requestAudioFocus() from uid/pid 10028/1730 clientId=android.media.AudioManager@7305be4 req=3 flags=0x0
12-13 23:58:24.998 W/ActivityManager( 1627): Bad activity token: android.os.BinderProxy@19d8ef2
12-13 23:58:24.998 W/ActivityManager( 1627): java.lang.ClassCastException: android.os.BinderProxy cannot be cast to com.android.server.am.ActivityRecord$Token
12-13 23:58:24.998 W/ActivityManager( 1627): 	at com.android.server.am.ActivityRecord.forTokenLocked(ActivityRecord.java:778)
12-13 23:58:24.998 W/ActivityManager( 1627): 	at com.android.server.am.ActivityRecord.isInStackLocked(ActivityRecord.java:2085)
12-13 23:58:24.998 W/ActivityManager( 1627): 	at com.android.server.am.ActivityManagerService.getActivityOptions(ActivityManagerService.java:13302)
12-13 23:58:24.998 W/ActivityManager( 1627): 	at android.app.IActivityManager$Stub.onTransact(IActivityManager.java:2910)
12-13 23:58:24.998 W/ActivityManager( 1627): 	at com.android.server.am.ActivityManagerService.onTransact(ActivityManagerService.java:2935)
12-13 23:58:24.998 W/ActivityManager( 1627): 	at android.os.Binder.execTransact(Binder.java:674)
12-13 23:58:24.998 W/ActivityManager( 1627): Bad activity token: android.os.BinderProxy@19d8ef2
12-13 23:58:24.998 W/ActivityManager( 1627): java.lang.ClassCastException: android.os.BinderProxy cannot be cast to com.android.server.am.ActivityRecord$Token
12-13 23:58:24.998 W/ActivityManager( 1627): 	at com.android.server.am.ActivityRecord.forTokenLocked(ActivityRecord.java:778)
12-13 23:58:24.998 W/ActivityManager( 1627): 	at com.android.server.am.ActivityRecord.isInStackLocked(ActivityRecord.java:2085)
12-13 23:58:24.998 W/ActivityManager( 1627): 	at com.android.server.am.ActivityManagerService.getActivityOptions(ActivityManagerService.java:13302)
12-13 23:58:24.998 W/ActivityManager( 1627): 	at android.app.IActivityManager$Stub.onTransact(IActivityManager.java:2910)
12-13 23:58:24.998 W/ActivityManager( 1627): 	at com.android.server.am.ActivityManagerService.onTransact(ActivityManagerService.java:2935)
12-13 23:58:24.998 W/ActivityManager( 1627): 	at android.os.Binder.execTransact(Binder.java:674)
12-13 23:58:25.035 V/StatusBar( 1730): setLightsOn(true)
12-13 23:58:25.041 D/gralloc_ranchu( 1396): gralloc_alloc: Creating ashmem region of size 544768
12-13 23:58:25.128 D/gralloc_ranchu( 1396): gralloc_alloc: Creating ashmem region of size 487424
12-13 23:58:25.147 I/zygote  ( 4420): Background concurrent copying GC freed 21206(1114KB) AllocSpace objects, 7(140KB) LOS objects, 54% free, 1287KB/2MB, paused 4.650ms total 130.541ms
12-13 23:58:25.156 I/zygote  ( 1730): Deoptimizing void com.android.systemui.statusbar.ExpandableView.updateClipping() due to JIT inline cache
12-13 23:58:25.156 I/zygote  ( 1730): Do partial code cache collection, code=125KB, data=93KB
12-13 23:58:25.157 D/StatusBar( 1730): disable<e i a s b h r c s q >
12-13 23:58:25.161 I/zygote  ( 1730): After code cache collection, code=124KB, data=94KB
12-13 23:58:25.162 I/zygote  ( 1730): Increasing code cache capacity to 512KB
12-13 23:58:25.171 D/EGL_emulation( 1730): eglMakeCurrent: 0x8e53c520: ver 3 0 (tinfo 0x8e534c30)
12-13 23:58:25.182 D/gralloc_ranchu( 1396): gralloc_alloc: Creating ashmem region of size 487424
12-13 23:58:25.242 D/gralloc_ranchu( 1396): gralloc_alloc: Creating ashmem region of size 487424
12-13 23:58:25.245 D/gralloc_ranchu( 1396): gralloc_alloc: Creating ashmem region of size 7753728
12-13 23:58:25.286 I/zygote  ( 4420): Do partial code cache collection, code=123KB, data=76KB
12-13 23:58:25.286 I/zygote  ( 4420): After code cache collection, code=123KB, data=76KB
12-13 23:58:25.286 I/zygote  ( 4420): Increasing code cache capacity to 512KB
12-13 23:58:25.287 D/EGL_emulation( 1730): eglMakeCurrent: 0x8e53c520: ver 3 0 (tinfo 0x8e534c30)
12-13 23:58:25.323 D/EGL_emulation( 1730): eglMakeCurrent: 0x8e53c520: ver 3 0 (tinfo 0x8e534c30)
12-13 23:58:25.356 I/WindowManager( 1627): Screen frozen for +717ms due to Window{7a1946d u0 com.evancharlton.mileage/com.evancharlton.mileage.Mileage}
12-13 23:58:25.359 V/StatusBar( 1730): setLightsOn(true)
12-13 23:58:25.367 D/gralloc_ranchu( 1396): gralloc_alloc: Creating ashmem region of size 7753728
12-13 23:58:25.422 E/WifiVendorHal( 1627): getTxPktFates(l.1941) failed {.code = ERROR_NOT_SUPPORTED, .description = }
12-13 23:58:25.424 E/WifiVendorHal( 1627): getRxPktFates(l.1981) failed {.code = ERROR_NOT_SUPPORTED, .description = }
12-13 23:58:25.465 D/NuPlayerDriver( 1482): start(0xa7ccd5b0), state is 4, eos is 0
12-13 23:58:25.465 I/GenericSource( 1482): start
12-13 23:58:25.518 I/OMXClient( 1482): Treble IOmx obtained
12-13 23:58:25.519 I/OMXMaster( 1487): makeComponentInstance(OMX.google.vorbis.decoder) in omx@1.0-service process
12-13 23:58:25.525 E/OMXNodeInstance( 1487): setConfig(0xb2ca1020:google.vorbis.decoder, ConfigPriority(0x6f800002)) ERROR: Undefined(0x80001001)
12-13 23:58:25.526 I/ACodec  ( 1482): codec does not support config priority (err -2147483648)
12-13 23:58:25.528 E/OMXNodeInstance( 1487): getConfig(0xb2ca1020:google.vorbis.decoder, ConfigAndroidVendorExtension(0x6f100004)) ERROR: Undefined(0x80001001)
12-13 23:58:25.532 I/MediaCodec( 1482): MediaCodec will operate in async mode
12-13 23:58:25.536 W//system/bin/hw/android.hidl.allocator@1.0-service( 1389): ashmem_create_region(32768) returning hidl_memory(0xae11b850, 32768)
12-13 23:58:25.572 I/chatty  ( 1389): uid=1000(system) allocator@1.0-s identical 10 lines
12-13 23:58:25.577 W//system/bin/hw/android.hidl.allocator@1.0-service( 1389): ashmem_create_region(32768) returning hidl_memory(0xae11b850, 32768)
12-13 23:58:25.608 D/AudioTrack( 1482): Client defaulted notificationFrames to 7406 for frameCount 22218
12-13 23:58:25.610 W/audio_hw_generic( 1390): Not supplying enough data to HAL, expected position 370813 , only wrote 370800
12-13 23:58:25.612 D/NuPlayerDriver( 1482): notifyListener_l(0xa7ccd5b0), (6, 0, 0, -1), loop setting(0, 0)
12-13 23:58:25.810 V/StatusBar( 1730): setLightsOn(true)
12-13 23:58:25.825 I/Finsky  ( 2548): [115] nmi.run(36): Stats for Executor: bgExecutor non@55eb513[Running, pool size = 4, active threads = 0, queued tasks = 0, completed tasks = 76]
12-13 23:58:26.391 D/gralloc_ranchu( 1396): gralloc_alloc: Creating ashmem region of size 7753728
12-13 23:58:27.242 I/NuPlayerDecoder( 1482): [audio] saw output EOS
12-13 23:58:27.243 D/AudioTrack( 1482): stop() called with 84672 frames delivered
12-13 23:58:27.252 E/SurfaceFlinger( 1405): ro.sf.lcd_density must be defined as a build property
12-13 23:58:27.263 E/TaskPersister( 1627): File error accessing recents directory (directory doesn't exist?).
12-13 23:58:27.264 D/gralloc_ranchu( 1396): gralloc_alloc: Creating ashmem region of size 8298496
12-13 23:58:27.275 D/        ( 4484): HostConnection::get() New Host Connection established 0xb60af800, tid 4484
12-13 23:58:27.542 I/zygote  ( 1627): Explicit concurrent copying GC freed 25884(1984KB) AllocSpace objects, 14(296KB) LOS objects, 38% free, 9MB/15MB, paused 567us total 167.341ms
12-13 23:58:27.792 D/NuPlayerDriver( 1482): notifyListener_l(0xa7ccd5b0), (2, 0, 0, -1), loop setting(0, 0)
12-13 23:58:27.793 I/MediaFocusControl( 1627):  AudioFocus  abandonAudioFocus() from uid/pid 10028/1730 clientId=android.media.AudioManager@7305be4
12-13 23:58:27.809 I/System.out( 4420): URI: //
12-13 23:58:27.810 I/System.out( 4420): params: {json={"command":"set_activity_orientation","arguments":["portrait"]}
12-13 23:58:27.810 I/System.out( 4420): }
12-13 23:58:27.810 I/System.out( 4420): header: {content-type=application/json;charset=utf-8, date=Mon, 14 Dec 2020 04:58:28 GMT, accept=*/*, host=127.0.0.1:34777, content-length=63, user-agent=HTTPClient/1.0 (2.8.3, ruby 2.5.8 (2020-03-31))}
12-13 23:58:27.810 I/System.out( 4420): params: {json={"command":"set_activity_orientation","arguments":["portrait"]}
12-13 23:58:27.810 I/System.out( 4420): }
12-13 23:58:27.810 I/System.out( 4420): ProP json = {"command":"set_activity_orientation","arguments":["portrait"]}
12-13 23:58:27.810 I/System.out( 4420): files: {}
12-13 23:58:27.810 I/System.out( 4420): command: {"command":"set_activity_orientation","arguments":["portrait"]}
12-13 23:58:27.814 I/InstrumentationBackend( 4420): Got command:'Command:'Line:null,set_activity_orientation', arguments:'[portrait]'
12-13 23:58:27.818 D/gralloc_ranchu( 1396): gralloc_alloc: Creating ashmem region of size 8298496
12-13 23:58:27.873 W/LocalDisplayAdapter( 1627): Unable to find color mode 0, ignoring request.
12-13 23:58:27.893 I/ActivityManager( 1627): Config changes=480 {1.0 310mcc260mnc [en_US] ldltr sw411dp w411dp h659dp 420dpi nrml port finger qwerty/v/v -nav/h appBounds=Rect(0, 0 - 1080, 1794) s.8}
12-13 23:58:27.896 I/InputReader( 1627): Reconfiguring input devices.  changes=0x00000004
12-13 23:58:27.896 I/InputReader( 1627): Device reconfigured: id=0, name='qwerty2', size 1080x1920, orientation 0, mode 1, display id 0
12-13 23:58:27.896 I/InputReader( 1627): Reconfiguring input devices.  changes=0x00000004
12-13 23:58:27.897 I/InputReader( 1627): Reconfiguring input devices.  changes=0x00000004
12-13 23:58:27.929 I/ActivityManager( 1627): Override config changes=480 {1.0 310mcc260mnc [en_US] ldltr sw411dp w411dp h659dp 420dpi nrml port finger qwerty/v/v -nav/h appBounds=Rect(0, 0 - 1080, 1794) s.8} for displayId=0
12-13 23:58:27.935 I/zygote  ( 1718): Do partial code cache collection, code=62KB, data=38KB
12-13 23:58:27.953 I/zygote  ( 1718): After code cache collection, code=62KB, data=38KB
12-13 23:58:27.953 I/zygote  ( 1718): Increasing code cache capacity to 256KB
12-13 23:58:28.001 D/gralloc_ranchu( 1396): gralloc_alloc: Creating ashmem region of size 544768
12-13 23:58:28.024 I/calabash( 4420): newActivity1
12-13 23:58:28.054 D/EGL_emulation( 1730): eglMakeCurrent: 0x8e53c520: ver 3 0 (tinfo 0x8e534c30)
12-13 23:58:28.061 D/gralloc_ranchu( 1396): gralloc_alloc: Creating ashmem region of size 544768
12-13 23:58:28.095 W/ActivityManager( 1627): Bad activity token: android.os.BinderProxy@35aa208
12-13 23:58:28.095 W/ActivityManager( 1627): java.lang.ClassCastException: android.os.BinderProxy cannot be cast to com.android.server.am.ActivityRecord$Token
12-13 23:58:28.095 W/ActivityManager( 1627): 	at com.android.server.am.ActivityRecord.forTokenLocked(ActivityRecord.java:778)
12-13 23:58:28.095 W/ActivityManager( 1627): 	at com.android.server.am.ActivityRecord.isInStackLocked(ActivityRecord.java:2085)
12-13 23:58:28.095 W/ActivityManager( 1627): 	at com.android.server.am.ActivityRecord.getStackLocked(ActivityRecord.java:2090)
12-13 23:58:28.095 W/ActivityManager( 1627): 	at com.android.server.am.ActivityManagerService.getActivityDisplayId(ActivityManagerService.java:10406)
12-13 23:58:28.095 W/ActivityManager( 1627): 	at android.app.IActivityManager$Stub.onTransact(IActivityManager.java:2738)
12-13 23:58:28.095 W/ActivityManager( 1627): 	at com.android.server.am.ActivityManagerService.onTransact(ActivityManagerService.java:2935)
12-13 23:58:28.095 W/ActivityManager( 1627): 	at android.os.Binder.execTransact(Binder.java:674)
12-13 23:58:28.102 I/calabash( 4420): newActivity1
12-13 23:58:28.112 W/ActivityManager( 1627): Bad activity token: android.os.BinderProxy@35aa208
12-13 23:58:28.112 W/ActivityManager( 1627): java.lang.ClassCastException: android.os.BinderProxy cannot be cast to com.android.server.am.ActivityRecord$Token
12-13 23:58:28.112 W/ActivityManager( 1627): 	at com.android.server.am.ActivityRecord.forTokenLocked(ActivityRecord.java:778)
12-13 23:58:28.112 W/ActivityManager( 1627): 	at com.android.server.am.ActivityRecord.isInStackLocked(ActivityRecord.java:2085)
12-13 23:58:28.112 W/ActivityManager( 1627): 	at com.android.server.am.ActivityManagerService.setTaskDescription(ActivityManagerService.java:9988)
12-13 23:58:28.112 W/ActivityManager( 1627): 	at android.app.IActivityManager$Stub.onTransact(IActivityManager.java:2824)
12-13 23:58:28.112 W/ActivityManager( 1627): 	at com.android.server.am.ActivityManagerService.onTransact(ActivityManagerService.java:2935)
12-13 23:58:28.112 W/ActivityManager( 1627): 	at android.os.Binder.execTransact(Binder.java:674)
12-13 23:58:28.115 W/ActivityManager( 1627): Bad activity token: android.os.BinderProxy@35aa208
12-13 23:58:28.115 W/ActivityManager( 1627): java.lang.ClassCastException: android.os.BinderProxy cannot be cast to com.android.server.am.ActivityRecord$Token
12-13 23:58:28.115 W/ActivityManager( 1627): 	at com.android.server.am.ActivityRecord.forTokenLocked(ActivityRecord.java:778)
12-13 23:58:28.115 W/ActivityManager( 1627): 	at com.android.server.am.ActivityRecord.isInStackLocked(ActivityRecord.java:2085)
12-13 23:58:28.115 W/ActivityManager( 1627): 	at com.android.server.am.ActivityRecord.getStackLocked(ActivityRecord.java:2090)
12-13 23:58:28.115 W/ActivityManager( 1627): 	at com.android.server.am.ActivityManagerService.getActivityStackId(ActivityManagerService.java:10417)
12-13 23:58:28.115 W/ActivityManager( 1627): 	at android.app.IActivityManager$Stub.onTransact(IActivityManager.java:3548)
12-13 23:58:28.115 W/ActivityManager( 1627): 	at com.android.server.am.ActivityManagerService.onTransact(ActivityManagerService.java:2935)
12-13 23:58:28.115 W/ActivityManager( 1627): 	at android.os.Binder.execTransact(Binder.java:674)
12-13 23:58:28.127 I/System.out( 4420): result:{"bonusInformation":[],"message":"","success":true}
12-13 23:58:28.188 V/StatusBar( 1730): setLightsOn(true)
12-13 23:58:28.190 W/ActivityManager( 1627): Bad activity token: android.os.BinderProxy@35aa208
12-13 23:58:28.190 W/ActivityManager( 1627): java.lang.ClassCastException: android.os.BinderProxy cannot be cast to com.android.server.am.ActivityRecord$Token
12-13 23:58:28.190 W/ActivityManager( 1627): 	at com.android.server.am.ActivityRecord.forTokenLocked(ActivityRecord.java:778)
12-13 23:58:28.190 W/ActivityManager( 1627): 	at com.android.server.am.ActivityRecord.isInStackLocked(ActivityRecord.java:2085)
12-13 23:58:28.190 W/ActivityManager( 1627): 	at com.android.server.am.ActivityManagerService.getActivityOptions(ActivityManagerService.java:13302)
12-13 23:58:28.190 W/ActivityManager( 1627): 	at android.app.IActivityManager$Stub.onTransact(IActivityManager.java:2910)
12-13 23:58:28.190 W/ActivityManager( 1627): 	at com.android.server.am.ActivityManagerService.onTransact(ActivityManagerService.java:2935)
12-13 23:58:28.190 W/ActivityManager( 1627): 	at android.os.Binder.execTransact(Binder.java:674)
12-13 23:58:28.190 W/ActivityManager( 1627): Bad activity token: android.os.BinderProxy@35aa208
12-13 23:58:28.190 W/ActivityManager( 1627): java.lang.ClassCastException: android.os.BinderProxy cannot be cast to com.android.server.am.ActivityRecord$Token
12-13 23:58:28.190 W/ActivityManager( 1627): 	at com.android.server.am.ActivityRecord.forTokenLocked(ActivityRecord.java:778)
12-13 23:58:28.190 W/ActivityManager( 1627): 	at com.android.server.am.ActivityRecord.isInStackLocked(ActivityRecord.java:2085)
12-13 23:58:28.190 W/ActivityManager( 1627): 	at com.android.server.am.ActivityManagerService.getActivityOptions(ActivityManagerService.java:13302)
12-13 23:58:28.190 W/ActivityManager( 1627): 	at android.app.IActivityManager$Stub.onTransact(IActivityManager.java:2910)
12-13 23:58:28.190 W/ActivityManager( 1627): 	at com.android.server.am.ActivityManagerService.onTransact(ActivityManagerService.java:2935)
12-13 23:58:28.190 W/ActivityManager( 1627): 	at android.os.Binder.execTransact(Binder.java:674)
12-13 23:58:28.192 D/gralloc_ranchu( 1396): gralloc_alloc: Creating ashmem region of size 544768
12-13 23:58:28.228 I/zygote  ( 1718): Deoptimizing android.os.Parcelable[] cht.a(android.os.Parcel, android.os.Parcelable$Creator) due to JIT inline cache
12-13 23:58:28.260 D/gralloc_ranchu( 1396): gralloc_alloc: Creating ashmem region of size 274432
12-13 23:58:28.291 E/memtrack( 1627): Couldn't load memtrack module
12-13 23:58:28.291 W/android.os.Debug( 1627): failed to get memory consumption info: -1
12-13 23:58:28.319 I/zygote  ( 4420): JIT allocated 56KB for compiled code of void android.view.View.<init>(android.content.Context, android.util.AttributeSet, int, int)
12-13 23:58:28.344 D/StatusBar( 1730): disable<e i a s b h r c s q >
12-13 23:58:28.395 I/zygote  ( 4420): Do full code cache collection, code=250KB, data=138KB
12-13 23:58:28.395 I/zygote  ( 4420): After code cache collection, code=250KB, data=107KB
12-13 23:58:28.402 I/zygote  ( 4420): Do partial code cache collection, code=250KB, data=110KB
12-13 23:58:28.403 I/zygote  ( 4420): After code cache collection, code=250KB, data=110KB
12-13 23:58:28.404 D/gralloc_ranchu( 1396): gralloc_alloc: Creating ashmem region of size 7753728
12-13 23:58:28.405 D/EGL_emulation( 1730): eglMakeCurrent: 0x8e53c520: ver 3 0 (tinfo 0x8e534c30)
12-13 23:58:28.406 I/zygote  ( 4420): Increasing code cache capacity to 1024KB
12-13 23:58:28.453 D/gralloc_ranchu( 1396): gralloc_alloc: Creating ashmem region of size 274432
12-13 23:58:28.521 I/WindowManager( 1627): Screen frozen for +706ms due to Window{2812095 u0 com.evancharlton.mileage/com.evancharlton.mileage.Mileage}
12-13 23:58:28.547 D/SurfaceFlinger( 1405): duplicate layer name: changing BlackSurface to BlackSurface#1
12-13 23:58:28.551 D/SurfaceFlinger( 1405): duplicate layer name: changing BlackSurface to BlackSurface#1
12-13 23:58:28.563 D/gralloc_ranchu( 1396): gralloc_alloc: Creating ashmem region of size 7753728
12-13 23:58:28.622 D/gralloc_ranchu( 1396): gralloc_alloc: Creating ashmem region of size 274432
12-13 23:58:28.734 D/EGL_emulation( 1730): eglMakeCurrent: 0x8e53c520: ver 3 0 (tinfo 0x8e534c30)
12-13 23:58:28.741 V/StatusBar( 1730): setLightsOn(true)
12-13 23:58:28.825 W/audio_hw_generic( 1390): Not supplying enough data to HAL, expected position 525156 , only wrote 523440
12-13 23:58:28.826 W/audio_hw_generic( 1390): Not supplying enough data to HAL, expected position 523453 , only wrote 523440
12-13 23:58:28.827 I/Finsky:download_service( 2741): [129] nmi.run(36): Stats for Executor: bgExecutor non@e6dca3e[Running, pool size = 0, active threads = 0, queued tasks = 0, completed tasks = 0]
12-13 23:58:28.837 D/EGL_emulation( 1730): eglMakeCurrent: 0x8e53c520: ver 3 0 (tinfo 0x8e534c30)
12-13 23:58:29.020 E/SurfaceFlinger( 1405): Failed to find layer (BlackSurface#1) in layer parent (no-parent).
12-13 23:58:29.023 V/StatusBar( 1730): setLightsOn(true)
12-13 23:58:29.551 D/gralloc_ranchu( 1396): gralloc_alloc: Creating ashmem region of size 7753728
12-13 23:58:29.610 I/EventLogSendingHelper( 2079): Sending log events.
12-13 23:58:30.075 W/audio_hw_generic( 1390): Not supplying enough data to HAL, expected position 583428 , only wrote 583200
12-13 23:58:30.098 W/audio_hw_generic( 1390): Not supplying enough data to HAL, expected position 584135 , only wrote 583200
12-13 23:58:30.413 E/SurfaceFlinger( 1405): ro.sf.lcd_density must be defined as a build property
12-13 23:58:30.422 D/gralloc_ranchu( 1396): gralloc_alloc: Creating ashmem region of size 8298496
12-13 23:58:30.435 D/        ( 4499): HostConnection::get() New Host Connection established 0xad62f800, tid 4499
12-13 23:58:30.686 I/zygote  ( 1627): Explicit concurrent copying GC freed 8435(865KB) AllocSpace objects, 1(36KB) LOS objects, 38% free, 9MB/15MB, paused 1.085ms total 123.743ms
12-13 23:58:30.727 W/audio_hw_generic( 1390): Not supplying enough data to HAL, expected position 643097 , only wrote 613440
