--------- beginning of main
12-13 23:58:31.021 E/adbd    ( 1383): failed to connect to socket 'tcp:7102': Connection refused
--------- beginning of system
12-13 23:58:31.083 W/ActivityManager( 1627): Finishing task with all activities already finished
12-13 23:58:31.083 W/ActivityManager( 1627): Duplicate finish request for ActivityRecord{d01f1cf u0 com.evancharlton.mileage/.Mileage t267 f}
12-13 23:58:31.083 W/ActivityManager( 1627): Finishing task with all activities already finished
12-13 23:58:31.083 W/ActivityManager( 1627): Duplicate finish request for ActivityRecord{d01f1cf u0 com.evancharlton.mileage/.Mileage t267 f}
12-13 23:58:31.084 V/StatusBar( 1730): setLightsOn(true)
12-13 23:58:31.084 W/ActivityManager( 1627): Finishing task with all activities already finished
12-13 23:58:31.084 W/ActivityManager( 1627): Duplicate finish request for ActivityRecord{d01f1cf u0 com.evancharlton.mileage/.Mileage t267 f}
12-13 23:58:31.085 W/ActivityManager( 1627): Finishing task with all activities already finished
12-13 23:58:31.085 W/ActivityManager( 1627): Duplicate finish request for ActivityRecord{d01f1cf u0 com.evancharlton.mileage/.Mileage t267 f}
12-13 23:58:31.088 V/StatusBar( 1730): setLightsOn(true)
12-13 23:58:31.098 W/ActivityManager( 1627): Finishing task with all activities already finished
12-13 23:58:31.098 W/ActivityManager( 1627): Duplicate finish request for ActivityRecord{d01f1cf u0 com.evancharlton.mileage/.Mileage t267 f}
12-13 23:58:31.104 W/ActivityManager( 1627): Finishing task with all activities already finished
12-13 23:58:31.104 W/ActivityManager( 1627): Duplicate finish request for ActivityRecord{d01f1cf u0 com.evancharlton.mileage/.Mileage t267 f}
12-13 23:58:31.105 D/gralloc_ranchu( 1396): gralloc_alloc: Creating ashmem region of size 8298496
12-13 23:58:31.106 W/ActivityManager( 1627): Finishing task with all activities already finished
12-13 23:58:31.106 W/ActivityManager( 1627): Duplicate finish request for ActivityRecord{d01f1cf u0 com.evancharlton.mileage/.Mileage t267 f}
12-13 23:58:31.107 W/ActivityManager( 1627): Finishing task with all activities already finished
12-13 23:58:31.107 W/ActivityManager( 1627): Duplicate finish request for ActivityRecord{d01f1cf u0 com.evancharlton.mileage/.Mileage t267 f}
12-13 23:58:31.110 V/StatusBar( 1730): setLightsOn(true)
12-13 23:58:31.112 W/ActivityManager( 1627): Finishing task with all activities already finished
12-13 23:58:31.112 W/ActivityManager( 1627): Duplicate finish request for ActivityRecord{d01f1cf u0 com.evancharlton.mileage/.Mileage t267 f}
12-13 23:58:31.113 W/ActivityManager( 1627): Finishing task with all activities already finished
12-13 23:58:31.113 W/ActivityManager( 1627): Duplicate finish request for ActivityRecord{d01f1cf u0 com.evancharlton.mileage/.Mileage t267 f}
12-13 23:58:31.127 D/SurfaceFlinger( 1405): duplicate layer name: changing com.google.android.apps.nexuslauncher/com.google.android.apps.nexuslauncher.NexusLauncherActivity to com.google.android.apps.nexuslauncher/com.google.android.apps.nexuslauncher.NexusLauncherActivity#1
12-13 23:58:31.129 D/gralloc_ranchu( 1396): gralloc_alloc: Creating ashmem region of size 8298496
12-13 23:58:31.131 W/ActivityManager( 1627): Finishing task with all activities already finished
12-13 23:58:31.131 W/ActivityManager( 1627): Duplicate finish request for ActivityRecord{d01f1cf u0 com.evancharlton.mileage/.Mileage t267 f}
12-13 23:58:31.200 D/gralloc_ranchu( 1396): gralloc_alloc: Creating ashmem region of size 8298496
12-13 23:58:31.216 D/EGL_emulation( 1730): eglMakeCurrent: 0x8e53c520: ver 3 0 (tinfo 0x8e534c30)
12-13 23:58:31.332 E/hw-IPCThreadState( 1396): binder thread pool (1 threads) starved for 132 ms
12-13 23:58:31.332 D/gralloc_ranchu( 1396): gralloc_alloc: Creating ashmem region of size 8298496
12-13 23:58:31.438 E/hw-IPCThreadState( 1396): binder thread pool (1 threads) starved for 106 ms
12-13 23:58:31.438 D/gralloc_ranchu( 1396): gralloc_alloc: Creating ashmem region of size 8298496
12-13 23:58:31.453 E/IPCThreadState( 1405): binder thread pool (4 threads) starved for 315 ms
12-13 23:58:31.569 E/hw-IPCThreadState( 1396): binder thread pool (1 threads) starved for 130 ms
12-13 23:58:31.569 D/gralloc_ranchu( 1396): gralloc_alloc: Creating ashmem region of size 8298496
12-13 23:58:31.673 E/hw-IPCThreadState( 1396): binder thread pool (1 threads) starved for 104 ms
12-13 23:58:31.673 D/gralloc_ranchu( 1396): gralloc_alloc: Creating ashmem region of size 8298496
12-13 23:58:31.740 D/gralloc_ranchu( 1396): gralloc_alloc: Creating ashmem region of size 8298496
12-13 23:58:31.752 D/EGL_emulation( 2079): eglMakeCurrent: 0xa20849c0: ver 3 0 (tinfo 0xa2083860)
12-13 23:58:31.940 E/hw-IPCThreadState( 1396): binder thread pool (1 threads) starved for 201 ms
12-13 23:58:31.940 D/gralloc_ranchu( 1396): gralloc_alloc: Creating ashmem region of size 8298496
12-13 23:58:32.087 E/hw-IPCThreadState( 1396): binder thread pool (1 threads) starved for 147 ms
12-13 23:58:32.098 I/zygote  ( 2031): Do full code cache collection, code=125KB, data=84KB
12-13 23:58:32.098 I/zygote  ( 2031): After code cache collection, code=117KB, data=71KB
12-13 23:58:32.131 D/EGL_emulation( 2031): eglMakeCurrent: 0x9f9fc480: ver 3 0 (tinfo 0x9f9ff5e0)
12-13 23:58:32.138 E/memtrack( 1627): Couldn't load memtrack module
12-13 23:58:32.138 W/android.os.Debug( 1627): failed to get memory consumption info: -1
12-13 23:58:32.140 D/gralloc_ranchu( 1396): gralloc_alloc: Creating ashmem region of size 8298496
12-13 23:58:32.177 W/ActivityManager( 1627): Unable to start service Intent { act=com.google.android.gms.speech.service.START pkg=com.google.android.gms } U=0: not found
12-13 23:58:32.178 W/ActivityManager( 1627): Unbind failed: could not find connection for android.os.BinderProxy@166c8dc
12-13 23:58:32.178 W/SessionLifecycleManager( 2079): Handover failed. Creating new session controller.
12-13 23:58:32.185 I/OptInState( 2079): There is a new client and it does not support opt-in. Dropping request.
12-13 23:58:32.190 E/GmsClient( 2079): unable to connect to service: com.google.android.gms.speech.service.START on com.google.android.gms
12-13 23:58:32.221 D/AndroidRuntime( 4515): >>>>>> START com.android.internal.os.RuntimeInit uid 2000 <<<<<<
12-13 23:58:32.231 I/MicroDetectionWorker( 2079): #updateMicroDetector [detectionMode: [mDetectionMode: [1]]]
12-13 23:58:32.232 I/MicroDetectionWorker( 2079): #startMicroDetector [speakerMode: 0]
12-13 23:58:32.232 I/AudioController( 2079): Using mInputStreamFactoryBuilder
12-13 23:58:32.250 I/MicroDetectionWorker( 2079): onReady
12-13 23:58:32.260 I/MicroRecognitionRunner( 2079): Starting detection.
12-13 23:58:32.265 E/hw-IPCThreadState( 1396): binder thread pool (1 threads) starved for 125 ms
12-13 23:58:32.313 I/MicrophoneInputStream( 2079): mic_starting com.google.android.apps.gsa.staticplugins.aa.c@a97ee4a
12-13 23:58:32.324 W/OpenGLRenderer( 2031): Incorrectly called buildLayer on View: ShortcutAndWidgetContainer, destroying layer...
12-13 23:58:32.332 D/gralloc_ranchu( 1396): gralloc_alloc: Creating ashmem region of size 7753728
12-13 23:58:32.332 I/MicrophoneInputStream( 2079): mic_started com.google.android.apps.gsa.staticplugins.aa.c@a97ee4a
12-13 23:58:32.335 I/AudioFlinger( 1474): AudioFlinger's thread 0xb1283100 tid=4520 ready to run
12-13 23:58:32.442 E/hw-IPCThreadState( 1396): binder thread pool (1 threads) starved for 110 ms
12-13 23:58:32.442 D/gralloc_ranchu( 1396): gralloc_alloc: Creating ashmem region of size 8298496
12-13 23:58:32.483 W/app_process( 4515): Unexpected CPU variant for X86 using defaults: x86
12-13 23:58:32.548 E/hw-IPCThreadState( 1396): binder thread pool (1 threads) starved for 106 ms
12-13 23:58:32.551 E/hw-IPCThreadState( 1405): binder thread pool (1 threads) starved for 221 ms
12-13 23:58:32.584 E/ActivityThread( 2079): Failed to find provider info for com.google.android.apps.gsa.testing.ui.audio.recorded
12-13 23:58:32.587 E/memtrack( 1627): Couldn't load memtrack module
12-13 23:58:32.588 W/android.os.Debug( 1627): failed to get memory consumption info: -1
12-13 23:58:32.592 I/MicroDetectionWorker( 2079): onReady
12-13 23:58:32.592 D/AndroidRuntime( 4515): Calling main entry com.android.commands.am.Am
12-13 23:58:32.600 W/SpeechLevelGenerator( 2079): Really low audio levels detected. The audio input may have issues.
12-13 23:58:32.613 I/MicrophoneInputStream( 2079): mic_close com.google.android.apps.gsa.staticplugins.aa.c@a97ee4a
12-13 23:58:32.615 I/ActivityManager( 1627): Force stopping com.evancharlton.mileage appid=10196 user=0: start instr
12-13 23:58:32.615 I/ActivityManager( 1627): Killing 4420:com.evancharlton.mileage/u0a196 (adj 0): stop com.evancharlton.mileage
12-13 23:58:32.617 I/MicroRecognitionRunner( 2079): Detection finished
12-13 23:58:32.617 W/ErrorReporter( 2079): reportError [type: 211, code: 524300]: Error reading from input stream
12-13 23:58:32.619 W/ErrorProcessor( 2079): onFatalError, processing error from engine(4)
12-13 23:58:32.619 W/ErrorProcessor( 2079): com.google.android.apps.gsa.shared.speech.b.g: Error reading from input stream
12-13 23:58:32.619 W/ErrorProcessor( 2079): 	at com.google.android.apps.gsa.staticplugins.recognizer.j.a.a(SourceFile:28)
12-13 23:58:32.619 W/ErrorProcessor( 2079): 	at com.google.android.apps.gsa.staticplugins.recognizer.j.b.run(SourceFile:15)
12-13 23:58:32.619 W/ErrorProcessor( 2079): 	at java.util.concurrent.Executors$RunnableAdapter.call(Executors.java:457)
12-13 23:58:32.619 W/ErrorProcessor( 2079): 	at java.util.concurrent.FutureTask.run(FutureTask.java:266)
12-13 23:58:32.619 W/ErrorProcessor( 2079): 	at com.google.android.apps.gsa.shared.util.concurrent.a.ax.run(SourceFile:14)
12-13 23:58:32.619 W/ErrorProcessor( 2079): 	at com.google.android.apps.gsa.shared.util.concurrent.a.bl.run(SourceFile:4)
12-13 23:58:32.619 W/ErrorProcessor( 2079): 	at com.google.android.apps.gsa.shared.util.concurrent.a.bl.run(SourceFile:4)
12-13 23:58:32.619 W/ErrorProcessor( 2079): 	at java.util.concurrent.ThreadPoolExecutor.runWorker(ThreadPoolExecutor.java:1162)
12-13 23:58:32.619 W/ErrorProcessor( 2079): 	at java.util.concurrent.ThreadPoolExecutor$Worker.run(ThreadPoolExecutor.java:636)
12-13 23:58:32.619 W/ErrorProcessor( 2079): 	at java.lang.Thread.run(Thread.java:764)
12-13 23:58:32.619 W/ErrorProcessor( 2079): 	at com.google.android.apps.gsa.shared.util.concurrent.a.ai.run(SourceFile:6)
12-13 23:58:32.619 W/ErrorProcessor( 2079): Caused by: com.google.android.apps.gsa.shared.exception.GsaIOException: Error code: 393238 | Buffer overflow, no available space.
12-13 23:58:32.619 W/ErrorProcessor( 2079): 	at com.google.android.apps.gsa.speech.audio.Tee.f(SourceFile:103)
12-13 23:58:32.619 W/ErrorProcessor( 2079): 	at com.google.android.apps.gsa.speech.audio.au.read(SourceFile:2)
12-13 23:58:32.619 W/ErrorProcessor( 2079): 	at java.io.InputStream.read(InputStream.java:101)
12-13 23:58:32.619 W/ErrorProcessor( 2079): 	at com.google.android.apps.gsa.speech.audio.ao.run(SourceFile:18)
12-13 23:58:32.619 W/ErrorProcessor( 2079): 	at com.google.android.apps.gsa.speech.audio.an.run(SourceFile:2)
12-13 23:58:32.619 W/ErrorProcessor( 2079): 	... 9 more
12-13 23:58:32.619 I/AudioController( 2079): internalShutdown
12-13 23:58:32.621 I/MicroRecognitionRunner( 2079): Stopping hotword detection.
12-13 23:58:32.626 W/ActivityManager( 1627): Crash of app com.evancharlton.mileage running instrumentation ComponentInfo{com.evancharlton.mileage.test/sh.calaba.instrumentationbackend.CalabashInstrumentationTestRunner}
12-13 23:58:32.626 I/ActivityManager( 1627): Force stopping com.evancharlton.mileage appid=10196 user=0: finished inst
12-13 23:58:32.633 D/EGL_emulation( 1730): eglMakeCurrent: 0x8e53c520: ver 3 0 (tinfo 0x8e534c30)
12-13 23:58:32.639 D/EGL_emulation( 1730): eglMakeCurrent: 0x8e53c520: ver 3 0 (tinfo 0x8e534c30)
12-13 23:58:32.657 I/ActivityManager( 1627): Start proc 4529:com.evancharlton.mileage/u0a196 for added application com.evancharlton.mileage
12-13 23:58:32.658 D/AndroidRuntime( 4515): Shutting down VM
12-13 23:58:32.662 D/EGL_emulation( 1730): eglMakeCurrent: 0x8e53c520: ver 3 0 (tinfo 0x8e534c30)
12-13 23:58:32.670 D/EGL_emulation( 1730): eglMakeCurrent: 0x8e53c520: ver 3 0 (tinfo 0x8e534c30)
12-13 23:58:32.674 I/MicroDetector( 2079): Keeping mic open: false
12-13 23:58:32.675 I/MicroDetectionWorker( 2079): #onError(false)
12-13 23:58:32.676 I/zygote  ( 4529): Not late-enabling -Xcheck:jni (already on)
12-13 23:58:32.683 D/EGL_emulation( 1730): eglMakeCurrent: 0x8e53c520: ver 3 0 (tinfo 0x8e534c30)
12-13 23:58:32.724 D/EGL_emulation( 1730): eglMakeCurrent: 0x8e53c520: ver 3 0 (tinfo 0x8e534c30)
12-13 23:58:32.731 W/InputDispatcher( 1627): channel '2812095 com.evancharlton.mileage/com.evancharlton.mileage.Mileage (server)' ~ Consumer closed input channel or an error occurred.  events=0x9
12-13 23:58:32.731 E/InputDispatcher( 1627): channel '2812095 com.evancharlton.mileage/com.evancharlton.mileage.Mileage (server)' ~ Channel is unrecoverably broken and will be disposed!
12-13 23:58:32.741 I/WindowManager( 1627): WIN DEATH: Window{2812095 u0 com.evancharlton.mileage/com.evancharlton.mileage.Mileage EXITING}
12-13 23:58:32.741 W/InputDispatcher( 1627): Attempted to unregister already unregistered input channel '2812095 com.evancharlton.mileage/com.evancharlton.mileage.Mileage (server)'
12-13 23:58:32.747 D/EGL_emulation( 1730): eglMakeCurrent: 0x8e53c520: ver 3 0 (tinfo 0x8e534c30)
12-13 23:58:32.786 I/DeviceStateChecker( 2079): DeviceStateChecker cancelled
12-13 23:58:32.795 W/zygote  ( 4529): Unexpected CPU variant for X86 using defaults: x86
12-13 23:58:32.806 D/EGL_emulation( 1730): eglMakeCurrent: 0x8e53c520: ver 3 0 (tinfo 0x8e534c30)
12-13 23:58:32.837 D/EGL_emulation( 1730): eglMakeCurrent: 0x8e53c520: ver 3 0 (tinfo 0x8e534c30)
12-13 23:58:32.841 E/adbd    ( 1383): failed to connect to socket 'tcp:7102': Connection refused
12-13 23:58:32.858 D/EGL_emulation( 1730): eglMakeCurrent: 0x8e53c520: ver 3 0 (tinfo 0x8e534c30)
12-13 23:58:32.881 E/adbd    ( 1383): failed to connect to socket 'tcp:7102': Connection refused
12-13 23:58:32.890 D/EGL_emulation( 1730): eglMakeCurrent: 0x8e53c520: ver 3 0 (tinfo 0x8e534c30)
12-13 23:58:32.899 W/zygote  ( 4529): Found duplicate classes, falling back to extracting from APK : /data/app/com.evancharlton.mileage.test-8rBmDp83A0ydoR0TLaZpbw==/base.apk
12-13 23:58:32.899 W/zygote  ( 4529): NOTE: This wastes RAM and hurts startup performance.
12-13 23:58:32.899 W/zygote  ( 4529): Found duplicated class when checking oat files: 'Ljunit/runner/BaseTestRunner;' in /data/app/com.evancharlton.mileage.test-8rBmDp83A0ydoR0TLaZpbw==/base.apk and /system/framework/android.test.runner.jar
12-13 23:58:32.899 W/zygote  ( 4529): 
12-13 23:58:32.909 I/zygote  ( 1730): NativeAllocBackground concurrent copying GC freed 11207(741KB) AllocSpace objects, 0(0B) LOS objects, 49% free, 4MB/9MB, paused 17.869ms total 304.752ms
12-13 23:58:32.972 W/ActivityManager( 1627): setHasOverlayUi called on unknown pid: 4420
12-13 23:58:33.013 E/adbd    ( 1383): failed to connect to socket 'tcp:7102': Connection refused
12-13 23:58:33.020 E/adbd    ( 1383): failed to connect to socket 'tcp:7102': Connection refused
12-13 23:58:33.023 I/OpenGLRenderer( 1627): Initialized EGL, version 1.4
12-13 23:58:33.023 D/OpenGLRenderer( 1627): Swap behavior 1
12-13 23:58:33.024 W/OpenGLRenderer( 1627): Failed to choose config with EGL_SWAP_BEHAVIOR_PRESERVED, retrying without...
12-13 23:58:33.024 D/OpenGLRenderer( 1627): Swap behavior 0
12-13 23:58:33.036 D/EGL_emulation( 1627): eglCreateContext: 0x91165de0: maj 3 min 0 rcv 3
12-13 23:58:33.039 D/EGL_emulation( 1627): eglMakeCurrent: 0x91165de0: ver 3 0 (tinfo 0x90643e60)
12-13 23:58:33.040 E/eglCodecCommon( 1627): glUtilsParamSize: unknow param 0x00008cdf
12-13 23:58:33.040 E/eglCodecCommon( 1627): glUtilsParamSize: unknow param 0x00008cdf
12-13 23:58:33.041 E/eglCodecCommon( 1627): glUtilsParamSize: unknow param 0x00008824
12-13 23:58:33.041 E/eglCodecCommon( 1627): glUtilsParamSize: unknow param 0x00008824
12-13 23:58:33.050 W/System  ( 4529): ClassLoader referenced unknown path: 
12-13 23:58:33.086 I/System.out( 4529): Main activity name automatically set to: com.evancharlton.mileage.Mileage
12-13 23:58:33.087 I/System.out( 4529): Calabash did not load Mono. This is only a problem if you are trying to test a Mono application
12-13 23:58:33.088 I/calabash( 4529): Test server port: 7102
12-13 23:58:33.090 I/InstrumentationBackend( 4529): Added:'GetPreferences', with key:'get_preferences'
12-13 23:58:33.100 I/zygote  ( 1627): NativeAllocBackground concurrent copying GC freed 3814(563KB) AllocSpace objects, 2(40KB) LOS objects, 38% free, 9MB/15MB, paused 5.049ms total 78.802ms
12-13 23:58:33.138 E/adbd    ( 1383): failed to connect to socket 'tcp:7102': Connection refused
12-13 23:58:33.148 E/adbd    ( 1383): failed to connect to socket 'tcp:7102': Connection refused
12-13 23:58:33.225 I/InstrumentationBackend( 4529): Added:'SetPreferences', with key:'set_preferences'
12-13 23:58:33.225 I/InstrumentationBackend( 4529): Added:'ClearPreferences', with key:'clear_preferences'
12-13 23:58:33.226 I/InstrumentationBackend( 4529): Added:'PressElement', with key:'press_l10n_element'
12-13 23:58:33.228 I/InstrumentationBackend( 4529): Added:'WaitForElement', with key:'wait_for_l10n_element'
12-13 23:58:33.230 I/InstrumentationBackend( 4529): Added:'NullAction', with key:'nullAction'
12-13 23:58:33.231 I/InstrumentationBackend( 4529): Added:'PressKey', with key:'press_key'
12-13 23:58:33.232 I/InstrumentationBackend( 4529): Added:'SetActivityOrientation', with key:'set_activity_orientation'
12-13 23:58:33.233 I/InstrumentationBackend( 4529): Added:'GetActivityOrientation', with key:'get_activity_orientation'
12-13 23:58:33.234 I/InstrumentationBackend( 4529): Added:'FakeGPSLocation', with key:'set_gps_coordinates'
12-13 23:58:33.235 I/InstrumentationBackend( 4529): Added:'SetPropertyByCssSelector', with key:'set_property_by_css_selector'
12-13 23:58:33.237 I/InstrumentationBackend( 4529): Added:'GetUrl', with key:'get_url'
12-13 23:58:33.241 I/InstrumentationBackend( 4529): Added:'ScrollTo', with key:'scroll_to'
12-13 23:58:33.241 I/InstrumentationBackend( 4529): Added:'GetLoadProgress', with key:'get_load_progress'
12-13 23:58:33.242 I/InstrumentationBackend( 4529): Added:'DumpHtml', with key:'dump_html'
12-13 23:58:33.243 I/InstrumentationBackend( 4529): Added:'DumpBodyHtml', with key:'dump_body_html'
12-13 23:58:33.245 I/InstrumentationBackend( 4529): Added:'EnterTextByCssSelector', with key:'enter_text_by_selector'
12-13 23:58:33.251 I/InstrumentationBackend( 4529): Added:'AndroidSDKVersion', with key:'android_sdk_version'
12-13 23:58:33.252 I/InstrumentationBackend( 4529): Added:'Version', with key:'version'
12-13 23:58:33.253 I/InstrumentationBackend( 4529): Added:'Drag', with key:'drag'
12-13 23:58:33.253 I/InstrumentationBackend( 4529): Added:'TouchCoordinates', with key:'touch_coordinate'
12-13 23:58:33.253 I/InstrumentationBackend( 4529): Added:'LongPressCoordinate', with key:'long_press_coordinate'
12-13 23:58:33.254 I/InstrumentationBackend( 4529): Added:'DragCoordinates', with key:'drag_coordinates'
12-13 23:58:33.255 I/InstrumentationBackend( 4529): Added:'ResumeApplication', with key:'resume_application'
12-13 23:58:33.255 I/InstrumentationBackend( 4529): Added:'Swipe', with key:'swipe'
12-13 23:58:33.255 I/InstrumentationBackend( 4529): Added:'DoubleTapCoordinate', with key:'double_tap_coordinate'
12-13 23:58:33.256 I/InstrumentationBackend( 4529): Added:'ClickOnScreen', with key:'click_on_screen'
12-13 23:58:33.257 I/InstrumentationBackend( 4529): Added:'GetActivityName', with key:'get_activity_name'
12-13 23:58:33.258 I/InstrumentationBackend( 4529): Added:'ScrollToView', with key:'scroll_to_view'
12-13 23:58:33.259 I/InstrumentationBackend( 4529): Added:'ViewConfiguration', with key:'view_configuration'
12-13 23:58:33.260 I/InstrumentationBackend( 4529): Added:'IsCurrentActivityFocused', with key:'is_current_activity_focused'
12-13 23:58:33.262 I/InstrumentationBackend( 4529): Added:'SendTcp', with key:'send_tcp'
12-13 23:58:33.263 I/InstrumentationBackend( 4529): Added:'DpToDevicePixel', with key:'dp_to_device_pixel'
12-13 23:58:33.265 I/InstrumentationBackend( 4529): Added:'KeyboardEnterText', with key:'keyboard_enter_text'
12-13 23:58:33.266 I/InstrumentationBackend( 4529): Added:'DeleteSurroundingText', with key:'delete_surrounding_text'
12-13 23:58:33.266 I/InstrumentationBackend( 4529): Added:'SetComposingRegion', with key:'set_composing_region'
12-13 23:58:33.266 E/adbd    ( 1383): failed to connect to socket 'tcp:7102': Connection refused
12-13 23:58:33.267 I/InstrumentationBackend( 4529): Added:'SetSelection', with key:'set_selection'
12-13 23:58:33.268 I/InstrumentationBackend( 4529): Added:'KeyboardKeyEvent', with key:'keyboard_key_event'
12-13 23:58:33.269 I/InstrumentationBackend( 4529): Added:'PressUserActionButton', with key:'press_user_action_button'
12-13 23:58:33.269 E/adbd    ( 1383): failed to connect to socket 'tcp:7102': Connection refused
12-13 23:58:33.271 I/InstrumentationBackend( 4529): Added:'HideSoftKeyboard', with key:'hide_soft_keyboard'
12-13 23:58:33.273 I/InstrumentationBackend( 4529): Added:'ListActions', with key:'list_actions'
12-13 23:58:33.273 I/calabash( 4529): Instantiating http server at 7102
12-13 23:58:33.274 I/System.out( 4529): HTTP Daemon listening on: 7102
12-13 23:58:33.378 I/System.out( 4529): URI: //ping
12-13 23:58:33.378 I/System.out( 4529): params: {json={}
12-13 23:58:33.379 I/System.out( 4529): }
12-13 23:58:33.388 I/System.out( 4529): URI: //ping
12-13 23:58:33.388 I/System.out( 4529): params: {json={}
12-13 23:58:33.388 I/System.out( 4529): }
12-13 23:58:33.397 I/System.out( 4529): URI: //ready
12-13 23:58:33.397 I/System.out( 4529): params: {json={}
12-13 23:58:33.397 I/System.out( 4529): }
12-13 23:58:33.408 I/System.out( 4529): URI: //
12-13 23:58:33.408 I/System.out( 4529): params: {json={"command":"version","arguments":[]}
12-13 23:58:33.408 I/System.out( 4529): }
12-13 23:58:33.411 I/System.out( 4529): header: {content-type=application/json;charset=utf-8, date=Mon, 14 Dec 2020 04:58:33 GMT, accept=*/*, host=127.0.0.1:34777, content-length=36, user-agent=HTTPClient/1.0 (2.8.3, ruby 2.5.8 (2020-03-31))}
12-13 23:58:33.411 I/System.out( 4529): params: {json={"command":"version","arguments":[]}
12-13 23:58:33.411 I/System.out( 4529): }
12-13 23:58:33.411 I/System.out( 4529): ProP json = {"command":"version","arguments":[]}
12-13 23:58:33.411 I/System.out( 4529): files: {}
12-13 23:58:33.411 I/System.out( 4529): command: {"command":"version","arguments":[]}
12-13 23:58:33.459 I/InstrumentationBackend( 4529): Got command:'Command:'Line:null,version', arguments:'[]'
12-13 23:58:33.506 I/System.out( 4529): result:{"bonusInformation":[],"message":"0.9.8","success":true}
12-13 23:58:33.519 I/System.out( 4529): URI: //start-application
12-13 23:58:33.519 I/System.out( 4529): params: {json={"intent":null}
12-13 23:58:33.519 I/System.out( 4529): }
12-13 23:58:33.579 I/ActivityManager( 1627): START u0 {act=android.intent.action.MAIN cat=[android.intent.category.LAUNCHER] flg=0x10200000 cmp=com.evancharlton.mileage/.Mileage} from uid 10196
12-13 23:58:33.609 I/calabash( 4529): newActivity1
12-13 23:58:33.620 D/gralloc_ranchu( 1396): gralloc_alloc: Creating ashmem region of size 7753728
12-13 23:58:33.667 W/ActivityManager( 1627): Bad activity token: android.os.BinderProxy@ea385a4
12-13 23:58:33.667 W/ActivityManager( 1627): java.lang.ClassCastException: android.os.BinderProxy cannot be cast to com.android.server.am.ActivityRecord$Token
12-13 23:58:33.667 W/ActivityManager( 1627): 	at com.android.server.am.ActivityRecord.forTokenLocked(ActivityRecord.java:778)
12-13 23:58:33.667 W/ActivityManager( 1627): 	at com.android.server.am.ActivityRecord.isInStackLocked(ActivityRecord.java:2085)
12-13 23:58:33.667 W/ActivityManager( 1627): 	at com.android.server.am.ActivityRecord.getStackLocked(ActivityRecord.java:2090)
12-13 23:58:33.667 W/ActivityManager( 1627): 	at com.android.server.am.ActivityManagerService.getActivityDisplayId(ActivityManagerService.java:10406)
12-13 23:58:33.667 W/ActivityManager( 1627): 	at android.app.IActivityManager$Stub.onTransact(IActivityManager.java:2738)
12-13 23:58:33.667 W/ActivityManager( 1627): 	at com.android.server.am.ActivityManagerService.onTransact(ActivityManagerService.java:2935)
12-13 23:58:33.667 W/ActivityManager( 1627): 	at android.os.Binder.execTransact(Binder.java:674)
12-13 23:58:33.668 I/calabash( 4529): newActivity1
12-13 23:58:33.674 W/ActivityManager( 1627): Bad activity token: android.os.BinderProxy@ea385a4
12-13 23:58:33.674 W/ActivityManager( 1627): java.lang.ClassCastException: android.os.BinderProxy cannot be cast to com.android.server.am.ActivityRecord$Token
12-13 23:58:33.674 W/ActivityManager( 1627): 	at com.android.server.am.ActivityRecord.forTokenLocked(ActivityRecord.java:778)
12-13 23:58:33.674 W/ActivityManager( 1627): 	at com.android.server.am.ActivityRecord.isInStackLocked(ActivityRecord.java:2085)
12-13 23:58:33.674 W/ActivityManager( 1627): 	at com.android.server.am.ActivityManagerService.setTaskDescription(ActivityManagerService.java:9988)
12-13 23:58:33.674 W/ActivityManager( 1627): 	at android.app.IActivityManager$Stub.onTransact(IActivityManager.java:2824)
12-13 23:58:33.674 W/ActivityManager( 1627): 	at com.android.server.am.ActivityManagerService.onTransact(ActivityManagerService.java:2935)
12-13 23:58:33.674 W/ActivityManager( 1627): 	at android.os.Binder.execTransact(Binder.java:674)
12-13 23:58:33.675 W/ActivityManager( 1627): Bad activity token: android.os.BinderProxy@ea385a4
12-13 23:58:33.675 W/ActivityManager( 1627): java.lang.ClassCastException: android.os.BinderProxy cannot be cast to com.android.server.am.ActivityRecord$Token
12-13 23:58:33.675 W/ActivityManager( 1627): 	at com.android.server.am.ActivityRecord.forTokenLocked(ActivityRecord.java:778)
12-13 23:58:33.675 W/ActivityManager( 1627): 	at com.android.server.am.ActivityRecord.isInStackLocked(ActivityRecord.java:2085)
12-13 23:58:33.675 W/ActivityManager( 1627): 	at com.android.server.am.ActivityRecord.getStackLocked(ActivityRecord.java:2090)
12-13 23:58:33.675 W/ActivityManager( 1627): 	at com.android.server.am.ActivityManagerService.getActivityStackId(ActivityManagerService.java:10417)
12-13 23:58:33.675 W/ActivityManager( 1627): 	at android.app.IActivityManager$Stub.onTransact(IActivityManager.java:3548)
12-13 23:58:33.675 W/ActivityManager( 1627): 	at com.android.server.am.ActivityManagerService.onTransact(ActivityManagerService.java:2935)
12-13 23:58:33.675 W/ActivityManager( 1627): 	at android.os.Binder.execTransact(Binder.java:674)
12-13 23:58:33.688 D/EGL_emulation( 2079): eglMakeCurrent: 0xa20849c0: ver 3 0 (tinfo 0xa2083860)
12-13 23:58:33.689 D/EGL_emulation( 2031): eglMakeCurrent: 0x9f9fc480: ver 3 0 (tinfo 0x9f9ff5e0)
12-13 23:58:33.708 D/EGL_emulation( 1730): eglMakeCurrent: 0x8e53c520: ver 3 0 (tinfo 0x8e534c30)
12-13 23:58:33.752 I/chatty  ( 1730): uid=10028(u0_a28) RenderThread identical 3 lines
12-13 23:58:33.770 D/EGL_emulation( 1730): eglMakeCurrent: 0x8e53c520: ver 3 0 (tinfo 0x8e534c30)
12-13 23:58:33.772 E/ContentStoreEUAS( 2079): Failed to commit the deferred actions
12-13 23:58:33.774 V/StatusBar( 1730): setLightsOn(true)
12-13 23:58:33.788 D/EGL_emulation( 1730): eglMakeCurrent: 0x8e53c520: ver 3 0 (tinfo 0x8e534c30)
12-13 23:58:33.901 W/ActivityManager( 1627): Bad activity token: android.os.BinderProxy@ea385a4
12-13 23:58:33.901 W/ActivityManager( 1627): java.lang.ClassCastException: android.os.BinderProxy cannot be cast to com.android.server.am.ActivityRecord$Token
12-13 23:58:33.901 W/ActivityManager( 1627): 	at com.android.server.am.ActivityRecord.forTokenLocked(ActivityRecord.java:778)
12-13 23:58:33.901 W/ActivityManager( 1627): 	at com.android.server.am.ActivityRecord.isInStackLocked(ActivityRecord.java:2085)
12-13 23:58:33.901 W/ActivityManager( 1627): 	at com.android.server.am.ActivityManagerService.getActivityOptions(ActivityManagerService.java:13302)
12-13 23:58:33.901 W/ActivityManager( 1627): 	at android.app.IActivityManager$Stub.onTransact(IActivityManager.java:2910)
12-13 23:58:33.901 W/ActivityManager( 1627): 	at com.android.server.am.ActivityManagerService.onTransact(ActivityManagerService.java:2935)
12-13 23:58:33.901 W/ActivityManager( 1627): 	at android.os.Binder.execTransact(Binder.java:674)
12-13 23:58:33.903 W/ActivityManager( 1627): Bad activity token: android.os.BinderProxy@ea385a4
12-13 23:58:33.903 W/ActivityManager( 1627): java.lang.ClassCastException: android.os.BinderProxy cannot be cast to com.android.server.am.ActivityRecord$Token
12-13 23:58:33.903 W/ActivityManager( 1627): 	at com.android.server.am.ActivityRecord.forTokenLocked(ActivityRecord.java:778)
12-13 23:58:33.903 W/ActivityManager( 1627): 	at com.android.server.am.ActivityRecord.isInStackLocked(ActivityRecord.java:2085)
12-13 23:58:33.903 W/ActivityManager( 1627): 	at com.android.server.am.ActivityManagerService.getActivityOptions(ActivityManagerService.java:13302)
12-13 23:58:33.903 W/ActivityManager( 1627): 	at android.app.IActivityManager$Stub.onTransact(IActivityManager.java:2910)
12-13 23:58:33.903 W/ActivityManager( 1627): 	at com.android.server.am.ActivityManagerService.onTransact(ActivityManagerService.java:2935)
12-13 23:58:33.903 W/ActivityManager( 1627): 	at android.os.Binder.execTransact(Binder.java:674)
12-13 23:58:33.912 I/chatty  ( 1730): uid=10028(u0_a28) RenderThread identical 9 lines
12-13 23:58:33.933 D/EGL_emulation( 1730): eglMakeCurrent: 0x8e53c520: ver 3 0 (tinfo 0x8e534c30)
12-13 23:58:34.078 V/StatusBar( 1730): setLightsOn(true)
12-13 23:58:34.149 V/StatusBar( 1730): setLightsOn(true)
12-13 23:58:34.176 I/zygote  ( 4529): Do partial code cache collection, code=28KB, data=30KB
12-13 23:58:34.176 I/zygote  ( 4529): After code cache collection, code=28KB, data=30KB
12-13 23:58:34.176 V/StatusBar( 1730): setLightsOn(true)
12-13 23:58:34.176 I/zygote  ( 4529): Increasing code cache capacity to 128KB
12-13 23:58:34.178 V/StatusBar( 1730): setLightsOn(true)
12-13 23:58:34.199 I/zygote  ( 4529): Do partial code cache collection, code=28KB, data=48KB
12-13 23:58:34.202 I/zygote  ( 4529): After code cache collection, code=28KB, data=48KB
12-13 23:58:34.202 I/zygote  ( 4529): Increasing code cache capacity to 256KB
12-13 23:58:34.205 I/zygote  ( 4529): JIT allocated 71KB for compiled code of void android.widget.TextView.<init>(android.content.Context, android.util.AttributeSet, int, int)
12-13 23:58:34.207 I/zygote  ( 4529): Compiler allocated 4MB to compile void android.widget.TextView.<init>(android.content.Context, android.util.AttributeSet, int, int)
12-13 23:58:34.261 D/gralloc_ranchu( 1396): gralloc_alloc: Creating ashmem region of size 7753728
12-13 23:58:34.310 D/        ( 4529): HostConnection::get() New Host Connection established 0x9f72fcc0, tid 4529
12-13 23:58:34.454 V/StatusBar( 1730): setLightsOn(true)
12-13 23:58:34.458 V/StatusBar( 1730): setLightsOn(true)
12-13 23:58:34.469 I/ActivityManager( 1627): Displayed com.evancharlton.mileage/.Mileage: +860ms
12-13 23:58:34.489 V/StatusBar( 1730): setLightsOn(true)
12-13 23:58:34.496 I/chatty  ( 1730): uid=10028(u0_a28) com.android.systemui identical 1 line
12-13 23:58:34.501 V/StatusBar( 1730): setLightsOn(true)
12-13 23:58:34.514 D/gralloc_ranchu( 1396): gralloc_alloc: Creating ashmem region of size 7753728
12-13 23:58:34.665 W/SurfaceFlinger( 1405): couldn't log to binary event log: overflow.
12-13 23:58:34.671 V/StatusBar( 1730): setLightsOn(true)
12-13 23:58:34.696 V/StatusBar( 1730): setLightsOn(true)
12-13 23:58:34.740 I/PBSessionCacheImpl( 2079): Deleted sessionId[3658211486130] from persistence.
12-13 23:58:34.757 I/System.out( 4529): URI: //gesture
12-13 23:58:34.757 I/System.out( 4529): params: {json={"query_timeout":5.0,"gestures":[{"query_string":"android.widget.TabWidget descendant TextView index:1","touches":[{"x":50,"y":50,"offset_x":0,"offset_y":0,"wait":0.0,"time":0.2,"release":true,"query_string":null}]}]}
12-13 23:58:34.757 I/System.out( 4529): }
12-13 23:58:34.771 W/SearchService( 2079): Abort, client detached.
12-13 23:58:34.780 I/zygote  ( 4529): Do full code cache collection, code=125KB, data=72KB
12-13 23:58:34.781 I/zygote  ( 4529): After code cache collection, code=112KB, data=47KB
12-13 23:58:35.126 W/audio_hw_generic( 1390): Not supplying enough data to HAL, expected position 613550 , only wrote 613440
12-13 23:58:35.128 W/ActivityManager( 1627): Bad activity token: android.os.BinderProxy@3382c72
12-13 23:58:35.128 W/ActivityManager( 1627): java.lang.ClassCastException: android.os.BinderProxy cannot be cast to com.android.server.am.ActivityRecord$Token
12-13 23:58:35.128 W/ActivityManager( 1627): 	at com.android.server.am.ActivityRecord.forTokenLocked(ActivityRecord.java:778)
12-13 23:58:35.128 W/ActivityManager( 1627): 	at com.android.server.am.ActivityRecord.isInStackLocked(ActivityRecord.java:2085)
12-13 23:58:35.128 W/ActivityManager( 1627): 	at com.android.server.am.ActivityRecord.getStackLocked(ActivityRecord.java:2090)
12-13 23:58:35.128 W/ActivityManager( 1627): 	at com.android.server.am.ActivityManagerService.getActivityDisplayId(ActivityManagerService.java:10406)
12-13 23:58:35.128 W/ActivityManager( 1627): 	at android.app.IActivityManager$Stub.onTransact(IActivityManager.java:2738)
12-13 23:58:35.128 W/ActivityManager( 1627): 	at com.android.server.am.ActivityManagerService.onTransact(ActivityManagerService.java:2935)
12-13 23:58:35.128 W/ActivityManager( 1627): 	at android.os.Binder.execTransact(Binder.java:674)
12-13 23:58:35.128 I/calabash( 4529): newActivity1
12-13 23:58:35.134 W/ActivityManager( 1627): Bad activity token: android.os.BinderProxy@3382c72
12-13 23:58:35.134 W/ActivityManager( 1627): java.lang.ClassCastException: android.os.BinderProxy cannot be cast to com.android.server.am.ActivityRecord$Token
12-13 23:58:35.134 W/ActivityManager( 1627): 	at com.android.server.am.ActivityRecord.forTokenLocked(ActivityRecord.java:778)
12-13 23:58:35.134 W/ActivityManager( 1627): 	at com.android.server.am.ActivityRecord.isInStackLocked(ActivityRecord.java:2085)
12-13 23:58:35.134 W/ActivityManager( 1627): 	at com.android.server.am.ActivityManagerService.setTaskDescription(ActivityManagerService.java:9988)
12-13 23:58:35.134 W/ActivityManager( 1627): 	at android.app.IActivityManager$Stub.onTransact(IActivityManager.java:2824)
12-13 23:58:35.134 W/ActivityManager( 1627): 	at com.android.server.am.ActivityManagerService.onTransact(ActivityManagerService.java:2935)
12-13 23:58:35.134 W/ActivityManager( 1627): 	at android.os.Binder.execTransact(Binder.java:674)
12-13 23:58:35.135 W/ActivityManager( 1627): Bad activity token: android.os.BinderProxy@3382c72
12-13 23:58:35.135 W/ActivityManager( 1627): java.lang.ClassCastException: android.os.BinderProxy cannot be cast to com.android.server.am.ActivityRecord$Token
12-13 23:58:35.135 W/ActivityManager( 1627): 	at com.android.server.am.ActivityRecord.forTokenLocked(ActivityRecord.java:778)
12-13 23:58:35.135 W/ActivityManager( 1627): 	at com.android.server.am.ActivityRecord.isInStackLocked(ActivityRecord.java:2085)
12-13 23:58:35.135 W/ActivityManager( 1627): 	at com.android.server.am.ActivityRecord.getStackLocked(ActivityRecord.java:2090)
12-13 23:58:35.135 W/ActivityManager( 1627): 	at com.android.server.am.ActivityManagerService.getActivityStackId(ActivityManagerService.java:10417)
12-13 23:58:35.135 W/ActivityManager( 1627): 	at android.app.IActivityManager$Stub.onTransact(IActivityManager.java:3548)
12-13 23:58:35.135 W/ActivityManager( 1627): 	at com.android.server.am.ActivityManagerService.onTransact(ActivityManagerService.java:2935)
12-13 23:58:35.135 W/ActivityManager( 1627): 	at android.os.Binder.execTransact(Binder.java:674)
12-13 23:58:35.221 I/zygote  ( 4529): Do partial code cache collection, code=124KB, data=60KB
12-13 23:58:35.222 I/zygote  ( 4529): After code cache collection, code=124KB, data=60KB
12-13 23:58:35.223 I/zygote  ( 4529): Increasing code cache capacity to 512KB
12-13 23:58:35.235 W/ActivityManager( 1627): Bad activity token: android.os.BinderProxy@3382c72
12-13 23:58:35.235 W/ActivityManager( 1627): java.lang.ClassCastException: android.os.BinderProxy cannot be cast to com.android.server.am.ActivityRecord$Token
12-13 23:58:35.235 W/ActivityManager( 1627): 	at com.android.server.am.ActivityRecord.forTokenLocked(ActivityRecord.java:778)
12-13 23:58:35.235 W/ActivityManager( 1627): 	at com.android.server.am.ActivityRecord.isInStackLocked(ActivityRecord.java:2085)
12-13 23:58:35.235 W/ActivityManager( 1627): 	at com.android.server.am.ActivityManagerService.getActivityOptions(ActivityManagerService.java:13302)
12-13 23:58:35.235 W/ActivityManager( 1627): 	at android.app.IActivityManager$Stub.onTransact(IActivityManager.java:2910)
12-13 23:58:35.235 W/ActivityManager( 1627): 	at com.android.server.am.ActivityManagerService.onTransact(ActivityManagerService.java:2935)
12-13 23:58:35.235 W/ActivityManager( 1627): 	at android.os.Binder.execTransact(Binder.java:674)
12-13 23:58:35.235 W/ActivityManager( 1627): Bad activity token: android.os.BinderProxy@3382c72
12-13 23:58:35.235 W/ActivityManager( 1627): java.lang.ClassCastException: android.os.BinderProxy cannot be cast to com.android.server.am.ActivityRecord$Token
12-13 23:58:35.235 W/ActivityManager( 1627): 	at com.android.server.am.ActivityRecord.forTokenLocked(ActivityRecord.java:778)
12-13 23:58:35.235 W/ActivityManager( 1627): 	at com.android.server.am.ActivityRecord.isInStackLocked(ActivityRecord.java:2085)
12-13 23:58:35.235 W/ActivityManager( 1627): 	at com.android.server.am.ActivityManagerService.getActivityOptions(ActivityManagerService.java:13302)
12-13 23:58:35.235 W/ActivityManager( 1627): 	at android.app.IActivityManager$Stub.onTransact(IActivityManager.java:2910)
12-13 23:58:35.235 W/ActivityManager( 1627): 	at com.android.server.am.ActivityManagerService.onTransact(ActivityManagerService.java:2935)
12-13 23:58:35.235 W/ActivityManager( 1627): 	at android.os.Binder.execTransact(Binder.java:674)
12-13 23:58:35.360 D/gralloc_ranchu( 1396): gralloc_alloc: Creating ashmem region of size 7753728
12-13 23:58:35.375 D/Mileage ( 4529): Not enough fillups to calculate economy
12-13 23:58:35.668 E/SurfaceFlinger( 1405): ro.sf.lcd_density must be defined as a build property
12-13 23:58:35.693 D/gralloc_ranchu( 1396): gralloc_alloc: Creating ashmem region of size 8298496
12-13 23:58:35.710 D/        ( 4575): HostConnection::get() New Host Connection established 0xaf32f800, tid 4575
12-13 23:58:36.193 W/audio_hw_generic( 1390): Not supplying enough data to HAL, expected position 664677 , only wrote 664560
12-13 23:58:36.627 I/System.out( 4529): URI: //gesture
12-13 23:58:36.627 I/System.out( 4529): params: {json={"query_timeout":5.0,"gestures":[{"query_string":"android.widget.TabWidget descendant TextView index:3","touches":[{"x":50,"y":50,"offset_x":0,"offset_y":0,"wait":0.0,"time":0.2,"release":true,"query_string":null}]}]}
12-13 23:58:36.627 I/System.out( 4529): }
12-13 23:58:36.647 E/TaskPersister( 1627): File error accessing recents directory (directory doesn't exist?).
12-13 23:58:37.196 W/ActivityManager( 1627): Bad activity token: android.os.BinderProxy@a78a696
12-13 23:58:37.196 W/ActivityManager( 1627): java.lang.ClassCastException: android.os.BinderProxy cannot be cast to com.android.server.am.ActivityRecord$Token
12-13 23:58:37.196 W/ActivityManager( 1627): 	at com.android.server.am.ActivityRecord.forTokenLocked(ActivityRecord.java:778)
12-13 23:58:37.196 W/ActivityManager( 1627): 	at com.android.server.am.ActivityRecord.isInStackLocked(ActivityRecord.java:2085)
12-13 23:58:37.196 W/ActivityManager( 1627): 	at com.android.server.am.ActivityRecord.getStackLocked(ActivityRecord.java:2090)
12-13 23:58:37.196 W/ActivityManager( 1627): 	at com.android.server.am.ActivityManagerService.getActivityDisplayId(ActivityManagerService.java:10406)
12-13 23:58:37.196 W/ActivityManager( 1627): 	at android.app.IActivityManager$Stub.onTransact(IActivityManager.java:2738)
12-13 23:58:37.196 W/ActivityManager( 1627): 	at com.android.server.am.ActivityManagerService.onTransact(ActivityManagerService.java:2935)
12-13 23:58:37.196 W/ActivityManager( 1627): 	at android.os.Binder.execTransact(Binder.java:674)
12-13 23:58:37.198 I/calabash( 4529): newActivity1
12-13 23:58:37.202 W/ActivityManager( 1627): Bad activity token: android.os.BinderProxy@a78a696
12-13 23:58:37.202 W/ActivityManager( 1627): java.lang.ClassCastException: android.os.BinderProxy cannot be cast to com.android.server.am.ActivityRecord$Token
12-13 23:58:37.202 W/ActivityManager( 1627): 	at com.android.server.am.ActivityRecord.forTokenLocked(ActivityRecord.java:778)
12-13 23:58:37.202 W/ActivityManager( 1627): 	at com.android.server.am.ActivityRecord.isInStackLocked(ActivityRecord.java:2085)
12-13 23:58:37.202 W/ActivityManager( 1627): 	at com.android.server.am.ActivityManagerService.setTaskDescription(ActivityManagerService.java:9988)
12-13 23:58:37.202 W/ActivityManager( 1627): 	at android.app.IActivityManager$Stub.onTransact(IActivityManager.java:2824)
12-13 23:58:37.202 W/ActivityManager( 1627): 	at com.android.server.am.ActivityManagerService.onTransact(ActivityManagerService.java:2935)
12-13 23:58:37.202 W/ActivityManager( 1627): 	at android.os.Binder.execTransact(Binder.java:674)
12-13 23:58:37.203 W/ActivityManager( 1627): Bad activity token: android.os.BinderProxy@a78a696
12-13 23:58:37.203 W/ActivityManager( 1627): java.lang.ClassCastException: android.os.BinderProxy cannot be cast to com.android.server.am.ActivityRecord$Token
12-13 23:58:37.203 W/ActivityManager( 1627): 	at com.android.server.am.ActivityRecord.forTokenLocked(ActivityRecord.java:778)
12-13 23:58:37.203 W/ActivityManager( 1627): 	at com.android.server.am.ActivityRecord.isInStackLocked(ActivityRecord.java:2085)
12-13 23:58:37.203 W/ActivityManager( 1627): 	at com.android.server.am.ActivityRecord.getStackLocked(ActivityRecord.java:2090)
12-13 23:58:37.203 W/ActivityManager( 1627): 	at com.android.server.am.ActivityManagerService.getActivityStackId(ActivityManagerService.java:10417)
12-13 23:58:37.203 W/ActivityManager( 1627): 	at android.app.IActivityManager$Stub.onTransact(IActivityManager.java:3548)
12-13 23:58:37.203 W/ActivityManager( 1627): 	at com.android.server.am.ActivityManagerService.onTransact(ActivityManagerService.java:2935)
12-13 23:58:37.203 W/ActivityManager( 1627): 	at android.os.Binder.execTransact(Binder.java:674)
12-13 23:58:37.224 W/ActivityManager( 1627): Bad activity token: android.os.BinderProxy@a78a696
12-13 23:58:37.224 W/ActivityManager( 1627): java.lang.ClassCastException: android.os.BinderProxy cannot be cast to com.android.server.am.ActivityRecord$Token
12-13 23:58:37.224 W/ActivityManager( 1627): 	at com.android.server.am.ActivityRecord.forTokenLocked(ActivityRecord.java:778)
12-13 23:58:37.224 W/ActivityManager( 1627): 	at com.android.server.am.ActivityRecord.isInStackLocked(ActivityRecord.java:2085)
12-13 23:58:37.224 W/ActivityManager( 1627): 	at com.android.server.am.ActivityManagerService.getActivityOptions(ActivityManagerService.java:13302)
12-13 23:58:37.224 W/ActivityManager( 1627): 	at android.app.IActivityManager$Stub.onTransact(IActivityManager.java:2910)
12-13 23:58:37.224 W/ActivityManager( 1627): 	at com.android.server.am.ActivityManagerService.onTransact(ActivityManagerService.java:2935)
12-13 23:58:37.224 W/ActivityManager( 1627): 	at android.os.Binder.execTransact(Binder.java:674)
12-13 23:58:37.225 W/ActivityManager( 1627): Bad activity token: android.os.BinderProxy@a78a696
12-13 23:58:37.225 W/ActivityManager( 1627): java.lang.ClassCastException: android.os.BinderProxy cannot be cast to com.android.server.am.ActivityRecord$Token
12-13 23:58:37.225 W/ActivityManager( 1627): 	at com.android.server.am.ActivityRecord.forTokenLocked(ActivityRecord.java:778)
12-13 23:58:37.225 W/ActivityManager( 1627): 	at com.android.server.am.ActivityRecord.isInStackLocked(ActivityRecord.java:2085)
12-13 23:58:37.225 W/ActivityManager( 1627): 	at com.android.server.am.ActivityManagerService.getActivityOptions(ActivityManagerService.java:13302)
12-13 23:58:37.225 W/ActivityManager( 1627): 	at android.app.IActivityManager$Stub.onTransact(IActivityManager.java:2910)
12-13 23:58:37.225 W/ActivityManager( 1627): 	at com.android.server.am.ActivityManagerService.onTransact(ActivityManagerService.java:2935)
12-13 23:58:37.225 W/ActivityManager( 1627): 	at android.os.Binder.execTransact(Binder.java:674)
12-13 23:58:37.386 W/audio_hw_generic( 1390): Not supplying enough data to HAL, expected position 721806 , only wrote 717840
12-13 23:58:37.453 D/AudioFlinger( 1474): mixer(0xb3b03a40) throttle end: throttle time(12)
12-13 23:58:37.454 W/audio_hw_generic( 1390): Not supplying enough data to HAL, expected position 721111 , only wrote 719280
12-13 23:58:37.469 W/audio_hw_generic( 1390): Not supplying enough data to HAL, expected position 720013 , only wrote 720000
12-13 23:58:37.469 W/audio_hw_generic( 1390): Not supplying enough data to HAL, expected position 720019 , only wrote 720000
12-13 23:58:37.504 W/audio_hw_generic( 1390): Not supplying enough data to HAL, expected position 721667 , only wrote 720720
12-13 23:58:37.527 I/zygote  ( 4529): Background concurrent copying GC freed 49244(1769KB) AllocSpace objects, 4(80KB) LOS objects, 50% free, 1524KB/2MB, paused 12.938ms total 232.905ms
12-13 23:58:37.965 E/SurfaceFlinger( 1405): ro.sf.lcd_density must be defined as a build property
12-13 23:58:37.999 D/gralloc_ranchu( 1396): gralloc_alloc: Creating ashmem region of size 8298496
12-13 23:58:38.019 D/        ( 4581): HostConnection::get() New Host Connection established 0xb502f800, tid 4581
12-13 23:58:38.737 I/System.out( 4529): URI: //gesture
12-13 23:58:38.737 I/System.out( 4529): params: {json={"query_timeout":5.0,"gestures":[{"query_string":"android.widget.TabWidget descendant TextView index:2","touches":[{"x":50,"y":50,"offset_x":0,"offset_y":0,"wait":0.0,"time":0.2,"release":true,"query_string":null}]}]}
12-13 23:58:38.737 I/System.out( 4529): }
12-13 23:58:38.830 W/audio_hw_generic( 1390): Not supplying enough data to HAL, expected position 784353 , only wrote 783360
12-13 23:58:38.831 W/audio_hw_generic( 1390): Not supplying enough data to HAL, expected position 783374 , only wrote 783360
12-13 23:58:39.163 W/ActivityManager( 1627): Bad activity token: android.os.BinderProxy@1945e9
12-13 23:58:39.163 W/ActivityManager( 1627): java.lang.ClassCastException: android.os.BinderProxy cannot be cast to com.android.server.am.ActivityRecord$Token
12-13 23:58:39.163 W/ActivityManager( 1627): 	at com.android.server.am.ActivityRecord.forTokenLocked(ActivityRecord.java:778)
12-13 23:58:39.163 W/ActivityManager( 1627): 	at com.android.server.am.ActivityRecord.isInStackLocked(ActivityRecord.java:2085)
12-13 23:58:39.163 W/ActivityManager( 1627): 	at com.android.server.am.ActivityRecord.getStackLocked(ActivityRecord.java:2090)
12-13 23:58:39.163 W/ActivityManager( 1627): 	at com.android.server.am.ActivityManagerService.getActivityDisplayId(ActivityManagerService.java:10406)
12-13 23:58:39.163 W/ActivityManager( 1627): 	at android.app.IActivityManager$Stub.onTransact(IActivityManager.java:2738)
12-13 23:58:39.163 W/ActivityManager( 1627): 	at com.android.server.am.ActivityManagerService.onTransact(ActivityManagerService.java:2935)
12-13 23:58:39.163 W/ActivityManager( 1627): 	at android.os.Binder.execTransact(Binder.java:674)
12-13 23:58:39.164 I/calabash( 4529): newActivity1
12-13 23:58:39.195 E/BatteryStatsService( 1627): modem info is invalid: ModemActivityInfo{ mTimestamp=0 mSleepTimeMs=0 mIdleTimeMs=0 mTxTimeMs[]=[0, 0, 0, 0, 0] mRxTimeMs=0 mEnergyUsed=0}
12-13 23:58:39.301 W/ActivityManager( 1627): Bad activity token: android.os.BinderProxy@1945e9
12-13 23:58:39.301 W/ActivityManager( 1627): java.lang.ClassCastException: android.os.BinderProxy cannot be cast to com.android.server.am.ActivityRecord$Token
12-13 23:58:39.301 W/ActivityManager( 1627): 	at com.android.server.am.ActivityRecord.forTokenLocked(ActivityRecord.java:778)
12-13 23:58:39.301 W/ActivityManager( 1627): 	at com.android.server.am.ActivityRecord.isInStackLocked(ActivityRecord.java:2085)
12-13 23:58:39.301 W/ActivityManager( 1627): 	at com.android.server.am.ActivityManagerService.setTaskDescription(ActivityManagerService.java:9988)
12-13 23:58:39.301 W/ActivityManager( 1627): 	at android.app.IActivityManager$Stub.onTransact(IActivityManager.java:2824)
12-13 23:58:39.301 W/ActivityManager( 1627): 	at com.android.server.am.ActivityManagerService.onTransact(ActivityManagerService.java:2935)
12-13 23:58:39.301 W/ActivityManager( 1627): 	at android.os.Binder.execTransact(Binder.java:674)
12-13 23:58:39.303 W/ActivityManager( 1627): Bad activity token: android.os.BinderProxy@1945e9
12-13 23:58:39.303 W/ActivityManager( 1627): java.lang.ClassCastException: android.os.BinderProxy cannot be cast to com.android.server.am.ActivityRecord$Token
12-13 23:58:39.303 W/ActivityManager( 1627): 	at com.android.server.am.ActivityRecord.forTokenLocked(ActivityRecord.java:778)
12-13 23:58:39.303 W/ActivityManager( 1627): 	at com.android.server.am.ActivityRecord.isInStackLocked(ActivityRecord.java:2085)
12-13 23:58:39.303 W/ActivityManager( 1627): 	at com.android.server.am.ActivityRecord.getStackLocked(ActivityRecord.java:2090)
12-13 23:58:39.303 W/ActivityManager( 1627): 	at com.android.server.am.ActivityManagerService.getActivityStackId(ActivityManagerService.java:10417)
12-13 23:58:39.303 W/ActivityManager( 1627): 	at android.app.IActivityManager$Stub.onTransact(IActivityManager.java:3548)
