12-14 02:30:19.276 W/ActivityManager( 1627): 	at android.os.Binder.execTransact(Binder.java:674)
12-14 02:30:19.278 I/calabash( 4530): newActivity1
12-14 02:30:19.279 D/AndroidRuntime( 4530): Shutting down VM
12-14 02:30:19.283 E/OpenGLRenderer( 1627): GL error:  GL_INVALID_OPERATION
--------- beginning of crash
12-14 02:30:19.284 E/AndroidRuntime( 4530): FATAL EXCEPTION: main
12-14 02:30:19.284 E/AndroidRuntime( 4530): Process: com.evancharlton.mileage, PID: 4530
12-14 02:30:19.284 E/AndroidRuntime( 4530): java.lang.VerifyError: Verifier rejected class com.evancharlton.mileage.VehicleStatisticsActivity: void com.evancharlton.mileage.VehicleStatisticsActivity.onCreate(android.os.Bundle): [0xFFFFFFFF] register index out of range (9 >= 5) (declaration of 'com.evancharlton.mileage.VehicleStatisticsActivity' appears in /data/app/com.evancharlton.mileage-M8XICHO-UOUuvJy_hMEo3Q==/base.apk)
12-14 02:30:19.284 E/AndroidRuntime( 4530): 	at java.lang.Class.newInstance(Native Method)
12-14 02:30:19.284 E/AndroidRuntime( 4530): 	at android.app.Instrumentation.newActivity(Instrumentation.java:1173)
12-14 02:30:19.284 E/AndroidRuntime( 4530): 	at sh.calaba.instrumentationbackend.CalabashInstrumentation.newActivity(CalabashInstrumentation.java:52)
12-14 02:30:19.284 E/AndroidRuntime( 4530): 	at android.app.ActivityThread.performLaunchActivity(ActivityThread.java:2708)
12-14 02:30:19.284 E/AndroidRuntime( 4530): 	at android.app.ActivityThread.startActivityNow(ActivityThread.java:2615)
12-14 02:30:19.284 E/AndroidRuntime( 4530): 	at android.app.LocalActivityManager.moveToState(LocalActivityManager.java:136)
12-14 02:30:19.284 E/AndroidRuntime( 4530): 	at android.app.LocalActivityManager.startActivity(LocalActivityManager.java:348)
12-14 02:30:19.284 E/AndroidRuntime( 4530): 	at android.widget.TabHost$IntentContentStrategy.getContentView(TabHost.java:769)
12-14 02:30:19.284 E/AndroidRuntime( 4530): 	at android.widget.TabHost.setCurrentTab(TabHost.java:423)
12-14 02:30:19.284 E/AndroidRuntime( 4530): 	at android.widget.TabHost$2.onTabSelectionChanged(TabHost.java:167)
12-14 02:30:19.284 E/AndroidRuntime( 4530): 	at android.widget.TabWidget$TabClickListener.onClick(TabWidget.java:546)
12-14 02:30:19.284 E/AndroidRuntime( 4530): 	at android.view.View.performClick(View.java:6256)
12-14 02:30:19.284 E/AndroidRuntime( 4530): 	at android.view.View$PerformClick.run(View.java:24701)
12-14 02:30:19.284 E/AndroidRuntime( 4530): 	at android.os.Handler.handleCallback(Handler.java:789)
12-14 02:30:19.284 E/AndroidRuntime( 4530): 	at android.os.Handler.dispatchMessage(Handler.java:98)
12-14 02:30:19.284 E/AndroidRuntime( 4530): 	at android.os.Looper.loop(Looper.java:164)
12-14 02:30:19.284 E/AndroidRuntime( 4530): 	at android.app.ActivityThread.main(ActivityThread.java:6541)
12-14 02:30:19.284 E/AndroidRuntime( 4530): 	at java.lang.reflect.Method.invoke(Native Method)
12-14 02:30:19.284 E/AndroidRuntime( 4530): 	at com.android.internal.os.Zygote$MethodAndArgsCaller.run(Zygote.java:240)
12-14 02:30:19.284 E/AndroidRuntime( 4530): 	at com.android.internal.os.ZygoteInit.main(ZygoteInit.java:767)
12-14 02:30:19.290 I/chatty  ( 1627): uid=1000(system) RenderThread identical 13 lines
12-14 02:30:19.290 E/OpenGLRenderer( 1627): GL error:  GL_INVALID_OPERATION
12-14 02:30:19.290 I/Process ( 4530): Sending signal. PID: 4530 SIG: 9
12-14 02:30:19.291 E/OpenGLRenderer( 1627): GL error:  GL_INVALID_OPERATION
12-14 02:30:19.300 I/chatty  ( 1627): uid=1000(system) RenderThread identical 14 lines
12-14 02:30:19.301 W/BroadcastQueue( 1627): Background execution not allowed: receiving Intent { act=android.intent.action.DROPBOX_ENTRY_ADDED flg=0x10 (has extras) } to com.google.android.gms/.stats.service.DropBoxEntryAddedReceiver
12-14 02:30:19.301 W/BroadcastQueue( 1627): Background execution not allowed: receiving Intent { act=android.intent.action.DROPBOX_ENTRY_ADDED flg=0x10 (has extras) } to com.google.android.gms/.chimera.GmsIntentOperationService$PersistentTrustedReceiver
12-14 02:30:19.302 E/OpenGLRenderer( 1627): GL error:  GL_INVALID_OPERATION
12-14 02:30:19.302 E/memtrack( 1627): Couldn't load memtrack module
12-14 02:30:19.302 W/android.os.Debug( 1627): failed to get memory consumption info: -1
12-14 02:30:19.302 I/zygote  ( 1938): Deoptimizing java.lang.Object bsbk.next() due to JIT inline cache
12-14 02:30:19.303 E/OpenGLRenderer( 1627): GL error:  GL_INVALID_OPERATION
12-14 02:30:19.335 I/chatty  ( 1627): uid=1000(system) RenderThread identical 73 lines
12-14 02:30:19.335 E/OpenGLRenderer( 1627): GL error:  GL_INVALID_OPERATION
12-14 02:30:19.336 W/InputDispatcher( 1627): channel 'e3c8184 com.evancharlton.mileage/com.evancharlton.mileage.Mileage (server)' ~ Consumer closed input channel or an error occurred.  events=0x9
12-14 02:30:19.336 E/InputDispatcher( 1627): channel 'e3c8184 com.evancharlton.mileage/com.evancharlton.mileage.Mileage (server)' ~ Channel is unrecoverably broken and will be disposed!
12-14 02:30:19.339 I/WindowManager( 1627): WIN DEATH: Window{e3c8184 u0 com.evancharlton.mileage/com.evancharlton.mileage.Mileage}
12-14 02:30:19.339 W/InputDispatcher( 1627): Attempted to unregister already unregistered input channel 'e3c8184 com.evancharlton.mileage/com.evancharlton.mileage.Mileage (server)'
12-14 02:30:19.339 E/OpenGLRenderer( 1627): GL error:  GL_INVALID_OPERATION
12-14 02:30:19.340 I/ActivityManager( 1627): Process com.evancharlton.mileage (pid 4530) has died: fore TOP 
12-14 02:30:19.341 W/ActivityManager( 1627): Force removing ActivityRecord{f5834af u0 com.evancharlton.mileage/.Mileage t56}: app died, no saved state
12-14 02:30:19.342 E/OpenGLRenderer( 1627): GL error:  GL_INVALID_OPERATION
12-14 02:30:19.342 E/adbd    ( 1356): failed to connect to socket 'tcp:7102': Connection refused
12-14 02:30:19.343 E/OpenGLRenderer( 1627): GL error:  GL_INVALID_OPERATION
12-14 02:30:19.372 W/ActivityManager( 1627): Crash of app com.evancharlton.mileage running instrumentation ComponentInfo{com.evancharlton.mileage.test/sh.calaba.instrumentationbackend.CalabashInstrumentationTestRunner}
12-14 02:30:19.373 I/ActivityManager( 1627): Force stopping com.evancharlton.mileage appid=10352 user=0: finished inst
12-14 02:30:19.384 I/chatty  ( 1627): uid=1000(system) RenderThread identical 51 lines
12-14 02:30:19.387 E/OpenGLRenderer( 1627): GL error:  GL_INVALID_OPERATION
12-14 02:30:19.390 W/ActivityManager( 1627): setHasOverlayUi called on unknown pid: 4530
12-14 02:30:19.397 V/StatusBar( 1730): setLightsOn(true)
12-14 02:30:19.403 E/OpenGLRenderer( 1627): GL error:  GL_INVALID_OPERATION
12-14 02:30:19.413 I/chatty  ( 1627): uid=1000(system) RenderThread identical 4 lines
12-14 02:30:19.415 E/OpenGLRenderer( 1627): GL error:  GL_INVALID_OPERATION
12-14 02:30:19.416 D/gralloc_ranchu( 1395): gralloc_alloc: Creating ashmem region of size 8298496
12-14 02:30:19.423 E/OpenGLRenderer( 1627): GL error:  GL_INVALID_OPERATION
12-14 02:30:19.428 I/chatty  ( 1627): uid=1000(system) RenderThread identical 11 lines
12-14 02:30:19.429 E/OpenGLRenderer( 1627): GL error:  GL_INVALID_OPERATION
12-14 02:30:19.429 D/gralloc_ranchu( 1395): gralloc_alloc: Creating ashmem region of size 8298496
12-14 02:30:19.429 E/OpenGLRenderer( 1627): GL error:  GL_INVALID_OPERATION
12-14 02:30:19.440 I/chatty  ( 1627): uid=1000(system) RenderThread identical 6 lines
12-14 02:30:19.440 E/OpenGLRenderer( 1627): GL error:  GL_INVALID_OPERATION
12-14 02:30:19.441 E/memtrack( 1627): Couldn't load memtrack module
12-14 02:30:19.441 W/android.os.Debug( 1627): failed to get memory consumption info: -1
12-14 02:30:19.441 E/OpenGLRenderer( 1627): GL error:  GL_INVALID_OPERATION
12-14 02:30:19.442 E/OpenGLRenderer( 1627): GL error:  GL_INVALID_OPERATION
12-14 02:30:19.442 D/SurfaceFlinger( 1404): duplicate layer name: changing com.google.android.apps.nexuslauncher/com.google.android.apps.nexuslauncher.NexusLauncherActivity to com.google.android.apps.nexuslauncher/com.google.android.apps.nexuslauncher.NexusLauncherActivity#1
12-14 02:30:19.442 E/OpenGLRenderer( 1627): GL error:  GL_INVALID_OPERATION
12-14 02:30:19.443 E/OpenGLRenderer( 1627): GL error:  GL_INVALID_OPERATION
12-14 02:30:19.443 D/gralloc_ranchu( 1395): gralloc_alloc: Creating ashmem region of size 8298496
12-14 02:30:19.443 E/OpenGLRenderer( 1627): GL error:  GL_INVALID_OPERATION
12-14 02:30:19.510 I/chatty  ( 1627): uid=1000(system) RenderThread identical 77 lines
12-14 02:30:19.511 E/OpenGLRenderer( 1627): GL error:  GL_INVALID_OPERATION
12-14 02:30:19.512 D/gralloc_ranchu( 1395): gralloc_alloc: Creating ashmem region of size 8298496
12-14 02:30:19.512 E/OpenGLRenderer( 1627): GL error:  GL_INVALID_OPERATION
12-14 02:30:19.557 I/chatty  ( 1627): uid=1000(system) RenderThread identical 75 lines
12-14 02:30:19.558 E/OpenGLRenderer( 1627): GL error:  GL_INVALID_OPERATION
12-14 02:30:19.558 D/gralloc_ranchu( 1395): gralloc_alloc: Creating ashmem region of size 8298496
12-14 02:30:19.559 E/OpenGLRenderer( 1627): GL error:  GL_INVALID_OPERATION
12-14 02:30:19.629 I/chatty  ( 1627): uid=1000(system) RenderThread identical 76 lines
12-14 02:30:19.629 E/OpenGLRenderer( 1627): GL error:  GL_INVALID_OPERATION
12-14 02:30:19.633 D/gralloc_ranchu( 1395): gralloc_alloc: Creating ashmem region of size 8298496
12-14 02:30:19.633 E/OpenGLRenderer( 1627): GL error:  GL_INVALID_OPERATION
12-14 02:30:19.687 I/chatty  ( 1627): uid=1000(system) RenderThread identical 47 lines
12-14 02:30:19.687 E/OpenGLRenderer( 1627): GL error:  GL_INVALID_OPERATION
12-14 02:30:19.715 W/audio_hw_generic( 1389): Not supplying enough data to HAL, expected position 783595 , only wrote 783360
12-14 02:30:19.717 W/audio_hw_generic( 1389): Not supplying enough data to HAL, expected position 783457 , only wrote 783360
12-14 02:30:19.719 E/OpenGLRenderer( 1627): GL error:  GL_INVALID_OPERATION
12-14 02:30:19.745 I/chatty  ( 1627): uid=1000(system) RenderThread identical 18 lines
12-14 02:30:19.747 E/OpenGLRenderer( 1627): GL error:  GL_INVALID_OPERATION
12-14 02:30:19.765 W/audio_hw_generic( 1389): Not supplying enough data to HAL, expected position 785646 , only wrote 785520
12-14 02:30:19.765 E/OpenGLRenderer( 1627): GL error:  GL_INVALID_OPERATION
12-14 02:30:19.768 E/hw-IPCThreadState( 1395): binder thread pool (1 threads) starved for 134 ms
12-14 02:30:19.776 I/chatty  ( 1627): uid=1000(system) RenderThread expire 5 lines
12-14 02:30:19.776 E/OpenGLRenderer( 1627): GL error:  GL_INVALID_OPERATION
12-14 02:30:19.799 W/audio_hw_generic( 1389): Not supplying enough data to HAL, expected position 787172 , only wrote 786960
12-14 02:30:19.801 D/EGL_emulation( 2173): eglMakeCurrent: 0x9e47dd40: ver 3 0 (tinfo 0x9e47f850)
12-14 02:30:19.801 E/OpenGLRenderer( 1627): GL error:  GL_INVALID_OPERATION
