--------- beginning of main
12-14 02:30:05.094 E/WifiVendorHal( 1627): getTxPktFates(l.1941) failed {.code = ERROR_NOT_SUPPORTED, .description = }
12-14 02:30:05.094 E/WifiVendorHal( 1627): getRxPktFates(l.1981) failed {.code = ERROR_NOT_SUPPORTED, .description = }
12-14 02:30:05.304 D/AndroidRuntime( 4414): >>>>>> START com.android.internal.os.RuntimeInit uid 2000 <<<<<<
12-14 02:30:05.336 W/app_process( 4414): Unexpected CPU variant for X86 using defaults: x86
12-14 02:30:05.355 D/AndroidRuntime( 4414): Calling main entry com.android.commands.am.Am
--------- beginning of system
12-14 02:30:05.358 I/ActivityManager( 1627): Force stopping com.evancharlton.mileage appid=10352 user=0: start instr
12-14 02:30:05.358 I/ActivityManager( 1627): Killing 4393:com.evancharlton.mileage/u0a352 (adj 0): stop com.evancharlton.mileage
12-14 02:30:05.360 W/ActivityManager( 1627): Crash of app com.evancharlton.mileage running instrumentation ComponentInfo{com.evancharlton.mileage.test/sh.calaba.instrumentationbackend.ClearAppData2}
12-14 02:30:05.360 I/ActivityManager( 1627): Force stopping com.evancharlton.mileage appid=10352 user=0: finished inst
12-14 02:30:05.366 I/zygote  ( 4424): Not late-enabling -Xcheck:jni (already on)
12-14 02:30:05.372 W/zygote  ( 4424): Unexpected CPU variant for X86 using defaults: x86
12-14 02:30:05.374 I/ActivityManager( 1627): Start proc 4424:com.evancharlton.mileage/u0a352 for added application com.evancharlton.mileage
12-14 02:30:05.374 D/AndroidRuntime( 4414): Shutting down VM
12-14 02:30:05.377 E/memtrack( 1627): Couldn't load memtrack module
12-14 02:30:05.377 W/android.os.Debug( 1627): failed to get memory consumption info: -1
12-14 02:30:05.398 W/zygote  ( 4424): Found duplicate classes, falling back to extracting from APK : /data/app/com.evancharlton.mileage.test-Gomz8PTOGFOj7Dw9lnwQtA==/base.apk
12-14 02:30:05.398 W/zygote  ( 4424): NOTE: This wastes RAM and hurts startup performance.
12-14 02:30:05.398 W/zygote  ( 4424): Found duplicated class when checking oat files: 'Ljunit/runner/BaseTestRunner;' in /data/app/com.evancharlton.mileage.test-Gomz8PTOGFOj7Dw9lnwQtA==/base.apk and /system/framework/android.test.runner.jar
12-14 02:30:05.398 W/zygote  ( 4424): 
12-14 02:30:05.401 E/memtrack( 1627): Couldn't load memtrack module
12-14 02:30:05.401 W/android.os.Debug( 1627): failed to get memory consumption info: -1
12-14 02:30:05.404 E/adbd    ( 1356): failed to connect to socket 'tcp:7102': Connection refused
12-14 02:30:05.411 E/adbd    ( 1356): failed to connect to socket 'tcp:7102': Connection refused
12-14 02:30:05.431 W/System  ( 4424): ClassLoader referenced unknown path: 
12-14 02:30:05.444 I/System.out( 4424): Main activity name automatically set to: com.evancharlton.mileage.Mileage
12-14 02:30:05.444 I/System.out( 4424): Calabash did not load Mono. This is only a problem if you are trying to test a Mono application
12-14 02:30:05.445 I/calabash( 4424): Test server port: 7102
12-14 02:30:05.448 I/InstrumentationBackend( 4424): Added:'GetPreferences', with key:'get_preferences'
12-14 02:30:05.505 I/InstrumentationBackend( 4424): Added:'SetPreferences', with key:'set_preferences'
12-14 02:30:05.505 I/InstrumentationBackend( 4424): Added:'ClearPreferences', with key:'clear_preferences'
12-14 02:30:05.506 I/InstrumentationBackend( 4424): Added:'PressElement', with key:'press_l10n_element'
12-14 02:30:05.506 I/InstrumentationBackend( 4424): Added:'WaitForElement', with key:'wait_for_l10n_element'
12-14 02:30:05.506 I/InstrumentationBackend( 4424): Added:'NullAction', with key:'nullAction'
12-14 02:30:05.507 I/InstrumentationBackend( 4424): Added:'PressKey', with key:'press_key'
12-14 02:30:05.507 I/InstrumentationBackend( 4424): Added:'SetActivityOrientation', with key:'set_activity_orientation'
12-14 02:30:05.507 I/InstrumentationBackend( 4424): Added:'GetActivityOrientation', with key:'get_activity_orientation'
12-14 02:30:05.507 I/InstrumentationBackend( 4424): Added:'FakeGPSLocation', with key:'set_gps_coordinates'
12-14 02:30:05.508 I/InstrumentationBackend( 4424): Added:'SetPropertyByCssSelector', with key:'set_property_by_css_selector'
12-14 02:30:05.509 I/InstrumentationBackend( 4424): Added:'GetUrl', with key:'get_url'
12-14 02:30:05.511 I/InstrumentationBackend( 4424): Added:'ScrollTo', with key:'scroll_to'
12-14 02:30:05.511 I/InstrumentationBackend( 4424): Added:'GetLoadProgress', with key:'get_load_progress'
12-14 02:30:05.512 I/InstrumentationBackend( 4424): Added:'DumpHtml', with key:'dump_html'
12-14 02:30:05.512 I/InstrumentationBackend( 4424): Added:'DumpBodyHtml', with key:'dump_body_html'
12-14 02:30:05.512 I/InstrumentationBackend( 4424): Added:'EnterTextByCssSelector', with key:'enter_text_by_selector'
12-14 02:30:05.516 I/InstrumentationBackend( 4424): Added:'AndroidSDKVersion', with key:'android_sdk_version'
12-14 02:30:05.517 I/InstrumentationBackend( 4424): Added:'Version', with key:'version'
12-14 02:30:05.518 I/InstrumentationBackend( 4424): Added:'Drag', with key:'drag'
12-14 02:30:05.518 I/InstrumentationBackend( 4424): Added:'TouchCoordinates', with key:'touch_coordinate'
12-14 02:30:05.519 I/InstrumentationBackend( 4424): Added:'LongPressCoordinate', with key:'long_press_coordinate'
12-14 02:30:05.519 I/InstrumentationBackend( 4424): Added:'DragCoordinates', with key:'drag_coordinates'
12-14 02:30:05.519 E/adbd    ( 1356): failed to connect to socket 'tcp:7102': Connection refused
12-14 02:30:05.520 I/InstrumentationBackend( 4424): Added:'ResumeApplication', with key:'resume_application'
12-14 02:30:05.521 I/InstrumentationBackend( 4424): Added:'Swipe', with key:'swipe'
12-14 02:30:05.522 E/adbd    ( 1356): failed to connect to socket 'tcp:7102': Connection refused
12-14 02:30:05.523 I/InstrumentationBackend( 4424): Added:'DoubleTapCoordinate', with key:'double_tap_coordinate'
12-14 02:30:05.523 I/InstrumentationBackend( 4424): Added:'ClickOnScreen', with key:'click_on_screen'
12-14 02:30:05.524 I/InstrumentationBackend( 4424): Added:'GetActivityName', with key:'get_activity_name'
12-14 02:30:05.524 I/InstrumentationBackend( 4424): Added:'ScrollToView', with key:'scroll_to_view'
12-14 02:30:05.525 I/InstrumentationBackend( 4424): Added:'ViewConfiguration', with key:'view_configuration'
12-14 02:30:05.525 I/InstrumentationBackend( 4424): Added:'IsCurrentActivityFocused', with key:'is_current_activity_focused'
12-14 02:30:05.526 I/InstrumentationBackend( 4424): Added:'SendTcp', with key:'send_tcp'
12-14 02:30:05.526 I/InstrumentationBackend( 4424): Added:'DpToDevicePixel', with key:'dp_to_device_pixel'
12-14 02:30:05.527 I/InstrumentationBackend( 4424): Added:'KeyboardEnterText', with key:'keyboard_enter_text'
12-14 02:30:05.528 I/InstrumentationBackend( 4424): Added:'DeleteSurroundingText', with key:'delete_surrounding_text'
12-14 02:30:05.528 I/InstrumentationBackend( 4424): Added:'SetComposingRegion', with key:'set_composing_region'
12-14 02:30:05.528 I/InstrumentationBackend( 4424): Added:'SetSelection', with key:'set_selection'
12-14 02:30:05.529 I/InstrumentationBackend( 4424): Added:'KeyboardKeyEvent', with key:'keyboard_key_event'
12-14 02:30:05.529 I/InstrumentationBackend( 4424): Added:'PressUserActionButton', with key:'press_user_action_button'
12-14 02:30:05.530 I/InstrumentationBackend( 4424): Added:'HideSoftKeyboard', with key:'hide_soft_keyboard'
12-14 02:30:05.531 I/InstrumentationBackend( 4424): Added:'ListActions', with key:'list_actions'
12-14 02:30:05.531 I/calabash( 4424): Instantiating http server at 7102
12-14 02:30:05.532 I/System.out( 4424): HTTP Daemon listening on: 7102
12-14 02:30:05.646 I/System.out( 4424): URI: //ping
12-14 02:30:05.647 I/System.out( 4424): params: {json={}
12-14 02:30:05.648 I/System.out( 4424): }
12-14 02:30:05.660 I/System.out( 4424): URI: //ping
12-14 02:30:05.660 I/System.out( 4424): params: {json={}
12-14 02:30:05.660 I/System.out( 4424): }
12-14 02:30:05.667 I/System.out( 4424): URI: //ready
12-14 02:30:05.667 I/System.out( 4424): params: {json={}
12-14 02:30:05.667 I/System.out( 4424): }
12-14 02:30:05.677 I/System.out( 4424): URI: //
12-14 02:30:05.677 I/System.out( 4424): params: {json={"command":"version","arguments":[]}
12-14 02:30:05.677 I/System.out( 4424): }
12-14 02:30:05.678 I/System.out( 4424): header: {content-type=application/json;charset=utf-8, date=Mon, 14 Dec 2020 07:30:06 GMT, accept=*/*, host=127.0.0.1:34777, content-length=36, user-agent=HTTPClient/1.0 (2.8.3, ruby 2.5.8 (2020-03-31))}
12-14 02:30:05.678 I/System.out( 4424): params: {json={"command":"version","arguments":[]}
12-14 02:30:05.678 I/System.out( 4424): }
12-14 02:30:05.678 I/System.out( 4424): ProP json = {"command":"version","arguments":[]}
12-14 02:30:05.678 I/System.out( 4424): files: {}
12-14 02:30:05.678 I/System.out( 4424): command: {"command":"version","arguments":[]}
12-14 02:30:05.707 I/InstrumentationBackend( 4424): Got command:'Command:'Line:null,version', arguments:'[]'
12-14 02:30:05.738 I/System.out( 4424): result:{"bonusInformation":[],"message":"0.9.8","success":true}
12-14 02:30:05.745 I/System.out( 4424): URI: //start-application
12-14 02:30:05.745 I/System.out( 4424): params: {json={"intent":null}
12-14 02:30:05.745 I/System.out( 4424): }
12-14 02:30:05.782 I/ActivityManager( 1627): START u0 {act=android.intent.action.MAIN cat=[android.intent.category.LAUNCHER] flg=0x10200000 cmp=com.evancharlton.mileage/.Mileage} from uid 10352
12-14 02:30:05.795 I/calabash( 4424): newActivity1
12-14 02:30:05.823 D/gralloc_ranchu( 1395): gralloc_alloc: Creating ashmem region of size 7753728
12-14 02:30:05.825 W/ActivityManager( 1627): Bad activity token: android.os.BinderProxy@e52ffa4
12-14 02:30:05.825 W/ActivityManager( 1627): java.lang.ClassCastException: android.os.BinderProxy cannot be cast to com.android.server.am.ActivityRecord$Token
12-14 02:30:05.825 W/ActivityManager( 1627): 	at com.android.server.am.ActivityRecord.forTokenLocked(ActivityRecord.java:778)
12-14 02:30:05.825 W/ActivityManager( 1627): 	at com.android.server.am.ActivityRecord.isInStackLocked(ActivityRecord.java:2085)
12-14 02:30:05.825 W/ActivityManager( 1627): 	at com.android.server.am.ActivityRecord.getStackLocked(ActivityRecord.java:2090)
12-14 02:30:05.825 W/ActivityManager( 1627): 	at com.android.server.am.ActivityManagerService.getActivityDisplayId(ActivityManagerService.java:10406)
12-14 02:30:05.825 W/ActivityManager( 1627): 	at android.app.IActivityManager$Stub.onTransact(IActivityManager.java:2738)
12-14 02:30:05.825 W/ActivityManager( 1627): 	at com.android.server.am.ActivityManagerService.onTransact(ActivityManagerService.java:2935)
12-14 02:30:05.825 W/ActivityManager( 1627): 	at android.os.Binder.execTransact(Binder.java:674)
12-14 02:30:05.827 I/calabash( 4424): newActivity1
12-14 02:30:05.838 W/ActivityManager( 1627): Bad activity token: android.os.BinderProxy@e52ffa4
12-14 02:30:05.838 W/ActivityManager( 1627): java.lang.ClassCastException: android.os.BinderProxy cannot be cast to com.android.server.am.ActivityRecord$Token
12-14 02:30:05.838 W/ActivityManager( 1627): 	at com.android.server.am.ActivityRecord.forTokenLocked(ActivityRecord.java:778)
12-14 02:30:05.838 W/ActivityManager( 1627): 	at com.android.server.am.ActivityRecord.isInStackLocked(ActivityRecord.java:2085)
12-14 02:30:05.838 W/ActivityManager( 1627): 	at com.android.server.am.ActivityManagerService.setTaskDescription(ActivityManagerService.java:9988)
12-14 02:30:05.838 W/ActivityManager( 1627): 	at android.app.IActivityManager$Stub.onTransact(IActivityManager.java:2824)
12-14 02:30:05.838 W/ActivityManager( 1627): 	at com.android.server.am.ActivityManagerService.onTransact(ActivityManagerService.java:2935)
12-14 02:30:05.838 W/ActivityManager( 1627): 	at android.os.Binder.execTransact(Binder.java:674)
12-14 02:30:05.839 W/ActivityManager( 1627): Bad activity token: android.os.BinderProxy@e52ffa4
12-14 02:30:05.839 W/ActivityManager( 1627): java.lang.ClassCastException: android.os.BinderProxy cannot be cast to com.android.server.am.ActivityRecord$Token
12-14 02:30:05.839 W/ActivityManager( 1627): 	at com.android.server.am.ActivityRecord.forTokenLocked(ActivityRecord.java:778)
12-14 02:30:05.839 W/ActivityManager( 1627): 	at com.android.server.am.ActivityRecord.isInStackLocked(ActivityRecord.java:2085)
12-14 02:30:05.839 W/ActivityManager( 1627): 	at com.android.server.am.ActivityRecord.getStackLocked(ActivityRecord.java:2090)
12-14 02:30:05.839 W/ActivityManager( 1627): 	at com.android.server.am.ActivityManagerService.getActivityStackId(ActivityManagerService.java:10417)
12-14 02:30:05.839 W/ActivityManager( 1627): 	at android.app.IActivityManager$Stub.onTransact(IActivityManager.java:3548)
12-14 02:30:05.839 W/ActivityManager( 1627): 	at com.android.server.am.ActivityManagerService.onTransact(ActivityManagerService.java:2935)
12-14 02:30:05.839 W/ActivityManager( 1627): 	at android.os.Binder.execTransact(Binder.java:674)
12-14 02:30:05.867 D/EGL_emulation( 2173): eglMakeCurrent: 0x9e47dd40: ver 3 0 (tinfo 0x9e47f850)
12-14 02:30:05.868 D/EGL_emulation( 2153): eglMakeCurrent: 0xa0c85ba0: ver 3 0 (tinfo 0xa0c83720)
12-14 02:30:05.869 V/StatusBar( 1730): setLightsOn(true)
12-14 02:30:05.897 D/EGL_emulation( 1730): eglMakeCurrent: 0x8cfd0400: ver 3 0 (tinfo 0x8cfcdb30)
12-14 02:30:05.899 E/memtrack( 1627): Couldn't load memtrack module
12-14 02:30:05.900 W/android.os.Debug( 1627): failed to get memory consumption info: -1
12-14 02:30:05.924 D/FillupsProvider( 4424): Creating database
12-14 02:30:05.929 V/StatusBar( 1730): setLightsOn(true)
12-14 02:30:05.930 D/EGL_emulation( 1730): eglMakeCurrent: 0x8cfd0400: ver 3 0 (tinfo 0x8cfcdb30)
12-14 02:30:05.934 I/chatty  ( 1730): uid=10028(u0_a28) RenderThread identical 1 line
12-14 02:30:05.945 D/EGL_emulation( 1730): eglMakeCurrent: 0x8cfd0400: ver 3 0 (tinfo 0x8cfcdb30)
12-14 02:30:05.946 E/ContentStoreEUAS( 2173): Failed to commit the deferred actions
12-14 02:30:05.959 D/EGL_emulation( 1730): eglMakeCurrent: 0x8cfd0400: ver 3 0 (tinfo 0x8cfcdb30)
12-14 02:30:05.963 D/EGL_emulation( 1730): eglMakeCurrent: 0x8cfd0400: ver 3 0 (tinfo 0x8cfcdb30)
12-14 02:30:05.979 I/zygote  ( 4424): Do partial code cache collection, code=29KB, data=21KB
12-14 02:30:05.980 I/zygote  ( 4424): After code cache collection, code=29KB, data=21KB
12-14 02:30:05.980 I/zygote  ( 4424): Increasing code cache capacity to 128KB
12-14 02:30:05.987 D/EGL_emulation( 1730): eglMakeCurrent: 0x8cfd0400: ver 3 0 (tinfo 0x8cfcdb30)
12-14 02:30:06.027 W/ActivityManager( 1627): Bad activity token: android.os.BinderProxy@e52ffa4
12-14 02:30:06.027 W/ActivityManager( 1627): java.lang.ClassCastException: android.os.BinderProxy cannot be cast to com.android.server.am.ActivityRecord$Token
12-14 02:30:06.027 W/ActivityManager( 1627): 	at com.android.server.am.ActivityRecord.forTokenLocked(ActivityRecord.java:778)
12-14 02:30:06.027 W/ActivityManager( 1627): 	at com.android.server.am.ActivityRecord.isInStackLocked(ActivityRecord.java:2085)
12-14 02:30:06.027 W/ActivityManager( 1627): 	at com.android.server.am.ActivityManagerService.getActivityOptions(ActivityManagerService.java:13302)
12-14 02:30:06.027 W/ActivityManager( 1627): 	at android.app.IActivityManager$Stub.onTransact(IActivityManager.java:2910)
12-14 02:30:06.027 W/ActivityManager( 1627): 	at com.android.server.am.ActivityManagerService.onTransact(ActivityManagerService.java:2935)
12-14 02:30:06.027 W/ActivityManager( 1627): 	at android.os.Binder.execTransact(Binder.java:674)
12-14 02:30:06.028 W/ActivityManager( 1627): Bad activity token: android.os.BinderProxy@e52ffa4
12-14 02:30:06.028 W/ActivityManager( 1627): java.lang.ClassCastException: android.os.BinderProxy cannot be cast to com.android.server.am.ActivityRecord$Token
12-14 02:30:06.028 W/ActivityManager( 1627): 	at com.android.server.am.ActivityRecord.forTokenLocked(ActivityRecord.java:778)
12-14 02:30:06.028 W/ActivityManager( 1627): 	at com.android.server.am.ActivityRecord.isInStackLocked(ActivityRecord.java:2085)
12-14 02:30:06.028 W/ActivityManager( 1627): 	at com.android.server.am.ActivityManagerService.getActivityOptions(ActivityManagerService.java:13302)
12-14 02:30:06.028 W/ActivityManager( 1627): 	at android.app.IActivityManager$Stub.onTransact(IActivityManager.java:2910)
12-14 02:30:06.028 W/ActivityManager( 1627): 	at com.android.server.am.ActivityManagerService.onTransact(ActivityManagerService.java:2935)
12-14 02:30:06.028 W/ActivityManager( 1627): 	at android.os.Binder.execTransact(Binder.java:674)
12-14 02:30:06.093 I/chatty  ( 1730): uid=10028(u0_a28) RenderThread identical 12 lines
12-14 02:30:06.100 D/EGL_emulation( 1730): eglMakeCurrent: 0x8cfd0400: ver 3 0 (tinfo 0x8cfcdb30)
12-14 02:30:06.125 V/StatusBar( 1730): setLightsOn(true)
12-14 02:30:06.158 I/zygote  ( 4424): Do partial code cache collection, code=43KB, data=55KB
12-14 02:30:06.160 I/zygote  ( 4424): After code cache collection, code=43KB, data=55KB
12-14 02:30:06.160 I/zygote  ( 4424): Increasing code cache capacity to 256KB
12-14 02:30:06.161 I/zygote  ( 4424): JIT allocated 71KB for compiled code of void android.widget.TextView.<init>(android.content.Context, android.util.AttributeSet, int, int)
12-14 02:30:06.161 I/zygote  ( 4424): Compiler allocated 4MB to compile void android.widget.TextView.<init>(android.content.Context, android.util.AttributeSet, int, int)
12-14 02:30:06.194 V/StatusBar( 1730): setLightsOn(true)
12-14 02:30:06.196 I/chatty  ( 1730): uid=10028(u0_a28) com.android.systemui identical 1 line
12-14 02:30:06.196 V/StatusBar( 1730): setLightsOn(true)
12-14 02:30:06.220 I/zygote  ( 4424): Do full code cache collection, code=123KB, data=66KB
12-14 02:30:06.221 I/zygote  ( 4424): After code cache collection, code=91KB, data=39KB
12-14 02:30:06.230 D/gralloc_ranchu( 1395): gralloc_alloc: Creating ashmem region of size 7753728
12-14 02:30:06.257 D/        ( 4424): HostConnection::get() New Host Connection established 0x9e0b0cc0, tid 4424
12-14 02:30:06.305 V/StatusBar( 1730): setLightsOn(true)
12-14 02:30:06.308 I/chatty  ( 1730): uid=10028(u0_a28) com.android.systemui identical 1 line
12-14 02:30:06.311 V/StatusBar( 1730): setLightsOn(true)
12-14 02:30:06.311 I/ActivityManager( 1627): Displayed com.evancharlton.mileage/.Mileage: +519ms
12-14 02:30:06.314 V/StatusBar( 1730): setLightsOn(true)
12-14 02:30:06.334 V/StatusBar( 1730): setLightsOn(true)
12-14 02:30:06.345 D/gralloc_ranchu( 1395): gralloc_alloc: Creating ashmem region of size 7753728
12-14 02:30:06.449 I/ActivityManager( 1627): Killing 3528:com.google.android.apps.docs/u0a52 (adj 906): empty #17
12-14 02:30:06.491 V/StatusBar( 1730): setLightsOn(true)
12-14 02:30:06.521 D/BoundBrokerSvc( 1938): onUnbind: Intent { act=com.google.android.gms.clearcut.service.START pkg=com.google.android.gms }
12-14 02:30:06.522 V/StatusBar( 1730): setLightsOn(true)
12-14 02:30:06.534 V/StatusBar( 1730): setLightsOn(true)
12-14 02:30:06.547 I/System.out( 4424): URI: //
12-14 02:30:06.547 I/System.out( 4424): params: {json={"command":"set_activity_orientation","arguments":["landscape"]}
12-14 02:30:06.547 I/System.out( 4424): }
12-14 02:30:06.547 I/System.out( 4424): header: {content-type=application/json;charset=utf-8, date=Mon, 14 Dec 2020 07:30:07 GMT, accept=*/*, host=127.0.0.1:34777, content-length=64, user-agent=HTTPClient/1.0 (2.8.3, ruby 2.5.8 (2020-03-31))}
12-14 02:30:06.547 I/System.out( 4424): params: {json={"command":"set_activity_orientation","arguments":["landscape"]}
12-14 02:30:06.547 I/System.out( 4424): }
12-14 02:30:06.547 I/System.out( 4424): ProP json = {"command":"set_activity_orientation","arguments":["landscape"]}
12-14 02:30:06.547 I/System.out( 4424): files: {}
12-14 02:30:06.547 I/System.out( 4424): command: {"command":"set_activity_orientation","arguments":["landscape"]}
12-14 02:30:06.554 I/InstrumentationBackend( 4424): Got command:'Command:'Line:null,set_activity_orientation', arguments:'[landscape]'
12-14 02:30:06.559 D/gralloc_ranchu( 1395): gralloc_alloc: Creating ashmem region of size 8298496
12-14 02:30:06.581 W/LocalDisplayAdapter( 1627): Unable to find color mode 0, ignoring request.
12-14 02:30:06.613 I/ActivityManager( 1627): Config changes=480 {1.0 310mcc260mnc [en_US] ldltr sw411dp w683dp h387dp 420dpi nrml land finger qwerty/v/v -nav/h appBounds=Rect(0, 0 - 1794, 1080) s.7}
12-14 02:30:06.622 I/InputReader( 1627): Reconfiguring input devices.  changes=0x00000004
12-14 02:30:06.622 I/InputReader( 1627): Device reconfigured: id=0, name='qwerty2', size 1080x1920, orientation 1, mode 1, display id 0
12-14 02:30:06.629 I/ActivityManager( 1627): Override config changes=480 {1.0 310mcc260mnc [en_US] ldltr sw411dp w683dp h387dp 420dpi nrml land finger qwerty/v/v -nav/h appBounds=Rect(0, 0 - 1794, 1080) s.7} for displayId=0
12-14 02:30:06.711 D/gralloc_ranchu( 1395): gralloc_alloc: Creating ashmem region of size 544768
12-14 02:30:06.726 D/EGL_emulation( 1730): eglMakeCurrent: 0x8cfd0400: ver 3 0 (tinfo 0x8cfcdb30)
12-14 02:30:06.727 I/calabash( 4424): newActivity1
12-14 02:30:06.733 D/gralloc_ranchu( 1395): gralloc_alloc: Creating ashmem region of size 544768
12-14 02:30:06.776 W/ActivityManager( 1627): Bad activity token: android.os.BinderProxy@d7a1ca
12-14 02:30:06.776 W/ActivityManager( 1627): java.lang.ClassCastException: android.os.BinderProxy cannot be cast to com.android.server.am.ActivityRecord$Token
12-14 02:30:06.776 W/ActivityManager( 1627): 	at com.android.server.am.ActivityRecord.forTokenLocked(ActivityRecord.java:778)
12-14 02:30:06.776 W/ActivityManager( 1627): 	at com.android.server.am.ActivityRecord.isInStackLocked(ActivityRecord.java:2085)
12-14 02:30:06.776 W/ActivityManager( 1627): 	at com.android.server.am.ActivityRecord.getStackLocked(ActivityRecord.java:2090)
12-14 02:30:06.776 W/ActivityManager( 1627): 	at com.android.server.am.ActivityManagerService.getActivityDisplayId(ActivityManagerService.java:10406)
12-14 02:30:06.776 W/ActivityManager( 1627): 	at android.app.IActivityManager$Stub.onTransact(IActivityManager.java:2738)
12-14 02:30:06.776 W/ActivityManager( 1627): 	at com.android.server.am.ActivityManagerService.onTransact(ActivityManagerService.java:2935)
12-14 02:30:06.776 W/ActivityManager( 1627): 	at android.os.Binder.execTransact(Binder.java:674)
12-14 02:30:06.784 I/calabash( 4424): newActivity1
12-14 02:30:06.794 W/ActivityManager( 1627): Bad activity token: android.os.BinderProxy@d7a1ca
12-14 02:30:06.794 W/ActivityManager( 1627): java.lang.ClassCastException: android.os.BinderProxy cannot be cast to com.android.server.am.ActivityRecord$Token
12-14 02:30:06.794 W/ActivityManager( 1627): 	at com.android.server.am.ActivityRecord.forTokenLocked(ActivityRecord.java:778)
12-14 02:30:06.794 W/ActivityManager( 1627): 	at com.android.server.am.ActivityRecord.isInStackLocked(ActivityRecord.java:2085)
12-14 02:30:06.794 W/ActivityManager( 1627): 	at com.android.server.am.ActivityManagerService.setTaskDescription(ActivityManagerService.java:9988)
12-14 02:30:06.794 W/ActivityManager( 1627): 	at android.app.IActivityManager$Stub.onTransact(IActivityManager.java:2824)
12-14 02:30:06.794 W/ActivityManager( 1627): 	at com.android.server.am.ActivityManagerService.onTransact(ActivityManagerService.java:2935)
12-14 02:30:06.794 W/ActivityManager( 1627): 	at android.os.Binder.execTransact(Binder.java:674)
12-14 02:30:06.796 W/ActivityManager( 1627): Bad activity token: android.os.BinderProxy@d7a1ca
12-14 02:30:06.796 W/ActivityManager( 1627): java.lang.ClassCastException: android.os.BinderProxy cannot be cast to com.android.server.am.ActivityRecord$Token
12-14 02:30:06.796 W/ActivityManager( 1627): 	at com.android.server.am.ActivityRecord.forTokenLocked(ActivityRecord.java:778)
12-14 02:30:06.796 W/ActivityManager( 1627): 	at com.android.server.am.ActivityRecord.isInStackLocked(ActivityRecord.java:2085)
12-14 02:30:06.796 W/ActivityManager( 1627): 	at com.android.server.am.ActivityRecord.getStackLocked(ActivityRecord.java:2090)
12-14 02:30:06.796 W/ActivityManager( 1627): 	at com.android.server.am.ActivityManagerService.getActivityStackId(ActivityManagerService.java:10417)
12-14 02:30:06.796 W/ActivityManager( 1627): 	at android.app.IActivityManager$Stub.onTransact(IActivityManager.java:3548)
12-14 02:30:06.796 W/ActivityManager( 1627): 	at com.android.server.am.ActivityManagerService.onTransact(ActivityManagerService.java:2935)
12-14 02:30:06.796 W/ActivityManager( 1627): 	at android.os.Binder.execTransact(Binder.java:674)
12-14 02:30:06.800 D/NuPlayerDriver( 1484): NuPlayerDriver(0xa73d7070) created, clientPid(1730)
12-14 02:30:06.828 I/System.out( 4424): result:{"bonusInformation":[],"message":"","success":true}
12-14 02:30:06.844 W/ActivityManager( 1627): Bad activity token: android.os.BinderProxy@d7a1ca
12-14 02:30:06.844 W/ActivityManager( 1627): java.lang.ClassCastException: android.os.BinderProxy cannot be cast to com.android.server.am.ActivityRecord$Token
12-14 02:30:06.844 W/ActivityManager( 1627): 	at com.android.server.am.ActivityRecord.forTokenLocked(ActivityRecord.java:778)
12-14 02:30:06.844 W/ActivityManager( 1627): 	at com.android.server.am.ActivityRecord.isInStackLocked(ActivityRecord.java:2085)
12-14 02:30:06.844 W/ActivityManager( 1627): 	at com.android.server.am.ActivityManagerService.getActivityOptions(ActivityManagerService.java:13302)
12-14 02:30:06.844 W/ActivityManager( 1627): 	at android.app.IActivityManager$Stub.onTransact(IActivityManager.java:2910)
12-14 02:30:06.844 W/ActivityManager( 1627): 	at com.android.server.am.ActivityManagerService.onTransact(ActivityManagerService.java:2935)
12-14 02:30:06.844 W/ActivityManager( 1627): 	at android.os.Binder.execTransact(Binder.java:674)
12-14 02:30:06.845 W/ActivityManager( 1627): Bad activity token: android.os.BinderProxy@d7a1ca
12-14 02:30:06.845 W/ActivityManager( 1627): java.lang.ClassCastException: android.os.BinderProxy cannot be cast to com.android.server.am.ActivityRecord$Token
12-14 02:30:06.845 W/ActivityManager( 1627): 	at com.android.server.am.ActivityRecord.forTokenLocked(ActivityRecord.java:778)
12-14 02:30:06.845 W/ActivityManager( 1627): 	at com.android.server.am.ActivityRecord.isInStackLocked(ActivityRecord.java:2085)
12-14 02:30:06.845 W/ActivityManager( 1627): 	at com.android.server.am.ActivityManagerService.getActivityOptions(ActivityManagerService.java:13302)
12-14 02:30:06.845 W/ActivityManager( 1627): 	at android.app.IActivityManager$Stub.onTransact(IActivityManager.java:2910)
12-14 02:30:06.845 W/ActivityManager( 1627): 	at com.android.server.am.ActivityManagerService.onTransact(ActivityManagerService.java:2935)
12-14 02:30:06.845 W/ActivityManager( 1627): 	at android.os.Binder.execTransact(Binder.java:674)
12-14 02:30:06.847 V/StatusBar( 1730): setLightsOn(true)
12-14 02:30:06.847 D/GenericSource( 1484): FileSource remote
12-14 02:30:06.852 D/gralloc_ranchu( 1395): gralloc_alloc: Creating ashmem region of size 544768
12-14 02:30:06.863 D/NuPlayerDriver( 1484): notifyListener_l(0xa73d7070), (1, 0, 0, -1), loop setting(0, 0)
12-14 02:30:06.899 D/gralloc_ranchu( 1395): gralloc_alloc: Creating ashmem region of size 487424
12-14 02:30:06.903 I/MediaFocusControl( 1627):  AudioFocus  requestAudioFocus() from uid/pid 10028/1730 clientId=android.media.AudioManager@ebc2290 req=3 flags=0x0
12-14 02:30:06.910 D/StatusBar( 1730): disable<e i a s b h r c s q >
12-14 02:30:06.915 D/EGL_emulation( 1730): eglMakeCurrent: 0x8cfd0400: ver 3 0 (tinfo 0x8cfcdb30)
12-14 02:30:06.921 D/gralloc_ranchu( 1395): gralloc_alloc: Creating ashmem region of size 487424
12-14 02:30:06.990 I/zygote  ( 4424): Background concurrent copying GC freed 21392(1090KB) AllocSpace objects, 7(140KB) LOS objects, 53% free, 1314KB/2MB, paused 3.771ms total 127.701ms
12-14 02:30:07.003 D/gralloc_ranchu( 1395): gralloc_alloc: Creating ashmem region of size 487424
12-14 02:30:07.007 D/gralloc_ranchu( 1395): gralloc_alloc: Creating ashmem region of size 7753728
12-14 02:30:07.018 D/EGL_emulation( 1730): eglMakeCurrent: 0x8cfd0400: ver 3 0 (tinfo 0x8cfcdb30)
12-14 02:30:07.042 D/EGL_emulation( 1730): eglMakeCurrent: 0x8cfd0400: ver 3 0 (tinfo 0x8cfcdb30)
12-14 02:30:07.046 V/StatusBar( 1730): setLightsOn(true)
12-14 02:30:07.059 I/zygote  ( 4424): Do partial code cache collection, code=123KB, data=80KB
12-14 02:30:07.060 I/zygote  ( 4424): After code cache collection, code=123KB, data=80KB
12-14 02:30:07.060 I/zygote  ( 4424): Increasing code cache capacity to 512KB
12-14 02:30:07.101 V/StatusBar( 1730): setLightsOn(true)
12-14 02:30:07.102 I/WindowManager( 1627): Screen frozen for +547ms due to Window{ec789a5 u0 com.evancharlton.mileage/com.evancharlton.mileage.Mileage}
12-14 02:30:07.113 V/StatusBar( 1730): setLightsOn(true)
12-14 02:30:07.115 D/gralloc_ranchu( 1395): gralloc_alloc: Creating ashmem region of size 7753728
12-14 02:30:07.145 D/SurfaceFlinger( 1404): duplicate layer name: changing BlackSurface to BlackSurface#1
12-14 02:30:07.176 D/SurfaceFlinger( 1404): duplicate layer name: changing BlackSurface to BlackSurface#2
12-14 02:30:07.192 D/SurfaceFlinger( 1404): duplicate layer name: changing BlackSurface to BlackSurface#3
12-14 02:30:07.209 I/zygote  ( 1730): Do partial code cache collection, code=122KB, data=95KB
12-14 02:30:07.209 I/zygote  ( 1730): After code cache collection, code=122KB, data=95KB
12-14 02:30:07.209 I/zygote  ( 1730): Increasing code cache capacity to 512KB
12-14 02:30:07.231 W/SurfaceFlinger( 1404): couldn't log to binary event log: overflow.
12-14 02:30:07.317 I/PBSessionCacheImpl( 2173): Deleted sessionId[9018330762362] from persistence.
12-14 02:30:07.356 W/SearchService( 2173): Abort, client detached.
12-14 02:30:07.406 D/NuPlayerDriver( 1484): start(0xa73d7070), state is 4, eos is 0
12-14 02:30:07.406 I/GenericSource( 1484): start
12-14 02:30:07.432 I/OMXClient( 1484): Treble IOmx obtained
12-14 02:30:07.433 I/OMXMaster( 1489): makeComponentInstance(OMX.google.vorbis.decoder) in omx@1.0-service process
12-14 02:30:07.437 E/OMXNodeInstance( 1489): setConfig(0xac4a1020:google.vorbis.decoder, ConfigPriority(0x6f800002)) ERROR: Undefined(0x80001001)
12-14 02:30:07.437 I/ACodec  ( 1484): codec does not support config priority (err -2147483648)
12-14 02:30:07.439 E/OMXNodeInstance( 1489): getConfig(0xac4a1020:google.vorbis.decoder, ConfigAndroidVendorExtension(0x6f100004)) ERROR: Undefined(0x80001001)
12-14 02:30:07.442 I/MediaCodec( 1484): MediaCodec will operate in async mode
12-14 02:30:07.445 W//system/bin/hw/android.hidl.allocator@1.0-service( 1388): ashmem_create_region(32768) returning hidl_memory(0xb639b850, 32768)
12-14 02:30:07.469 I/chatty  ( 1388): uid=1000(system) allocator@1.0-s identical 10 lines
12-14 02:30:07.470 W//system/bin/hw/android.hidl.allocator@1.0-service( 1388): ashmem_create_region(32768) returning hidl_memory(0xb639b850, 32768)
12-14 02:30:07.489 D/AudioTrack( 1484): Client defaulted notificationFrames to 7406 for frameCount 22218
12-14 02:30:07.491 D/NuPlayerDriver( 1484): notifyListener_l(0xa73d7070), (6, 0, 0, -1), loop setting(0, 0)
12-14 02:30:07.492 W/audio_hw_generic( 1389): Not supplying enough data to HAL, expected position 356451 , only wrote 356400
12-14 02:30:07.621 V/StatusBar( 1730): setLightsOn(true)
12-14 02:30:08.201 D/gralloc_ranchu( 1395): gralloc_alloc: Creating ashmem region of size 7753728
12-14 02:30:08.963 I/NuPlayerDecoder( 1484): [audio] saw output EOS
12-14 02:30:09.009 E/SurfaceFlinger( 1404): ro.sf.lcd_density must be defined as a build property
12-14 02:30:09.017 D/gralloc_ranchu( 1395): gralloc_alloc: Creating ashmem region of size 8298496
12-14 02:30:09.027 D/        ( 4484): HostConnection::get() New Host Connection established 0xb142f800, tid 4484
12-14 02:30:09.216 D/AudioTrack( 1484): stop() called with 84672 frames delivered
12-14 02:30:09.247 I/zygote  ( 1627): Explicit concurrent copying GC freed 23993(1762KB) AllocSpace objects, 11(236KB) LOS objects, 37% free, 9MB/15MB, paused 435us total 47.094ms
12-14 02:30:09.309 I/System.out( 4424): URI: //
12-14 02:30:09.309 I/System.out( 4424): params: {json={"command":"set_activity_orientation","arguments":["portrait"]}
12-14 02:30:09.309 I/System.out( 4424): }
12-14 02:30:09.309 I/System.out( 4424): header: {content-type=application/json;charset=utf-8, date=Mon, 14 Dec 2020 07:30:09 GMT, accept=*/*, host=127.0.0.1:34777, content-length=63, user-agent=HTTPClient/1.0 (2.8.3, ruby 2.5.8 (2020-03-31))}
12-14 02:30:09.309 I/System.out( 4424): params: {json={"command":"set_activity_orientation","arguments":["portrait"]}
12-14 02:30:09.309 I/System.out( 4424): }
12-14 02:30:09.310 I/System.out( 4424): ProP json = {"command":"set_activity_orientation","arguments":["portrait"]}
12-14 02:30:09.310 I/System.out( 4424): files: {}
12-14 02:30:09.310 I/System.out( 4424): command: {"command":"set_activity_orientation","arguments":["portrait"]}
12-14 02:30:09.312 I/InstrumentationBackend( 4424): Got command:'Command:'Line:null,set_activity_orientation', arguments:'[portrait]'
12-14 02:30:09.315 D/gralloc_ranchu( 1395): gralloc_alloc: Creating ashmem region of size 8298496
12-14 02:30:09.332 W/LocalDisplayAdapter( 1627): Unable to find color mode 0, ignoring request.
12-14 02:30:09.343 I/ActivityManager( 1627): Config changes=480 {1.0 310mcc260mnc [en_US] ldltr sw411dp w411dp h659dp 420dpi nrml port finger qwerty/v/v -nav/h appBounds=Rect(0, 0 - 1080, 1794) s.8}
12-14 02:30:09.346 I/ActivityManager( 1627): Override config changes=480 {1.0 310mcc260mnc [en_US] ldltr sw411dp w411dp h659dp 420dpi nrml port finger qwerty/v/v -nav/h appBounds=Rect(0, 0 - 1080, 1794) s.8} for displayId=0
12-14 02:30:09.389 I/zygote  ( 1718): Do partial code cache collection, code=62KB, data=39KB
12-14 02:30:09.389 I/zygote  ( 1718): After code cache collection, code=62KB, data=39KB
12-14 02:30:09.389 I/zygote  ( 1718): Increasing code cache capacity to 256KB
12-14 02:30:09.401 I/InputReader( 1627): Reconfiguring input devices.  changes=0x00000004
12-14 02:30:09.401 I/InputReader( 1627): Device reconfigured: id=0, name='qwerty2', size 1080x1920, orientation 0, mode 1, display id 0
12-14 02:30:09.424 I/calabash( 4424): newActivity1
12-14 02:30:09.450 W/ActivityManager( 1627): Bad activity token: android.os.BinderProxy@739b6a3
12-14 02:30:09.450 W/ActivityManager( 1627): java.lang.ClassCastException: android.os.BinderProxy cannot be cast to com.android.server.am.ActivityRecord$Token
12-14 02:30:09.450 W/ActivityManager( 1627): 	at com.android.server.am.ActivityRecord.forTokenLocked(ActivityRecord.java:778)
12-14 02:30:09.450 W/ActivityManager( 1627): 	at com.android.server.am.ActivityRecord.isInStackLocked(ActivityRecord.java:2085)
12-14 02:30:09.450 W/ActivityManager( 1627): 	at com.android.server.am.ActivityRecord.getStackLocked(ActivityRecord.java:2090)
12-14 02:30:09.450 W/ActivityManager( 1627): 	at com.android.server.am.ActivityManagerService.getActivityDisplayId(ActivityManagerService.java:10406)
12-14 02:30:09.450 W/ActivityManager( 1627): 	at android.app.IActivityManager$Stub.onTransact(IActivityManager.java:2738)
12-14 02:30:09.450 W/ActivityManager( 1627): 	at com.android.server.am.ActivityManagerService.onTransact(ActivityManagerService.java:2935)
12-14 02:30:09.450 W/ActivityManager( 1627): 	at android.os.Binder.execTransact(Binder.java:674)
12-14 02:30:09.451 I/calabash( 4424): newActivity1
12-14 02:30:09.457 W/ActivityManager( 1627): Bad activity token: android.os.BinderProxy@739b6a3
12-14 02:30:09.457 W/ActivityManager( 1627): java.lang.ClassCastException: android.os.BinderProxy cannot be cast to com.android.server.am.ActivityRecord$Token
12-14 02:30:09.457 W/ActivityManager( 1627): 	at com.android.server.am.ActivityRecord.forTokenLocked(ActivityRecord.java:778)
12-14 02:30:09.457 W/ActivityManager( 1627): 	at com.android.server.am.ActivityRecord.isInStackLocked(ActivityRecord.java:2085)
12-14 02:30:09.457 W/ActivityManager( 1627): 	at com.android.server.am.ActivityManagerService.setTaskDescription(ActivityManagerService.java:9988)
12-14 02:30:09.457 W/ActivityManager( 1627): 	at android.app.IActivityManager$Stub.onTransact(IActivityManager.java:2824)
12-14 02:30:09.457 W/ActivityManager( 1627): 	at com.android.server.am.ActivityManagerService.onTransact(ActivityManagerService.java:2935)
12-14 02:30:09.457 W/ActivityManager( 1627): 	at android.os.Binder.execTransact(Binder.java:674)
12-14 02:30:09.459 W/ActivityManager( 1627): Bad activity token: android.os.BinderProxy@739b6a3
12-14 02:30:09.459 W/ActivityManager( 1627): java.lang.ClassCastException: android.os.BinderProxy cannot be cast to com.android.server.am.ActivityRecord$Token
12-14 02:30:09.459 W/ActivityManager( 1627): 	at com.android.server.am.ActivityRecord.forTokenLocked(ActivityRecord.java:778)
12-14 02:30:09.459 W/ActivityManager( 1627): 	at com.android.server.am.ActivityRecord.isInStackLocked(ActivityRecord.java:2085)
12-14 02:30:09.459 W/ActivityManager( 1627): 	at com.android.server.am.ActivityRecord.getStackLocked(ActivityRecord.java:2090)
12-14 02:30:09.459 W/ActivityManager( 1627): 	at com.android.server.am.ActivityManagerService.getActivityStackId(ActivityManagerService.java:10417)
12-14 02:30:09.459 W/ActivityManager( 1627): 	at android.app.IActivityManager$Stub.onTransact(IActivityManager.java:3548)
12-14 02:30:09.459 W/ActivityManager( 1627): 	at com.android.server.am.ActivityManagerService.onTransact(ActivityManagerService.java:2935)
12-14 02:30:09.459 W/ActivityManager( 1627): 	at android.os.Binder.execTransact(Binder.java:674)
12-14 02:30:09.494 W/ActivityManager( 1627): Bad activity token: android.os.BinderProxy@739b6a3
12-14 02:30:09.494 W/ActivityManager( 1627): java.lang.ClassCastException: android.os.BinderProxy cannot be cast to com.android.server.am.ActivityRecord$Token
12-14 02:30:09.494 W/ActivityManager( 1627): 	at com.android.server.am.ActivityRecord.forTokenLocked(ActivityRecord.java:778)
12-14 02:30:09.494 W/ActivityManager( 1627): 	at com.android.server.am.ActivityRecord.isInStackLocked(ActivityRecord.java:2085)
12-14 02:30:09.494 W/ActivityManager( 1627): 	at com.android.server.am.ActivityManagerService.getActivityOptions(ActivityManagerService.java:13302)
12-14 02:30:09.494 W/ActivityManager( 1627): 	at android.app.IActivityManager$Stub.onTransact(IActivityManager.java:2910)
12-14 02:30:09.494 W/ActivityManager( 1627): 	at com.android.server.am.ActivityManagerService.onTransact(ActivityManagerService.java:2935)
12-14 02:30:09.494 W/ActivityManager( 1627): 	at android.os.Binder.execTransact(Binder.java:674)
12-14 02:30:09.495 W/ActivityManager( 1627): Bad activity token: android.os.BinderProxy@739b6a3
12-14 02:30:09.495 W/ActivityManager( 1627): java.lang.ClassCastException: android.os.BinderProxy cannot be cast to com.android.server.am.ActivityRecord$Token
12-14 02:30:09.495 W/ActivityManager( 1627): 	at com.android.server.am.ActivityRecord.forTokenLocked(ActivityRecord.java:778)
12-14 02:30:09.495 W/ActivityManager( 1627): 	at com.android.server.am.ActivityRecord.isInStackLocked(ActivityRecord.java:2085)
12-14 02:30:09.495 W/ActivityManager( 1627): 	at com.android.server.am.ActivityManagerService.getActivityOptions(ActivityManagerService.java:13302)
12-14 02:30:09.495 W/ActivityManager( 1627): 	at android.app.IActivityManager$Stub.onTransact(IActivityManager.java:2910)
12-14 02:30:09.495 W/ActivityManager( 1627): 	at com.android.server.am.ActivityManagerService.onTransact(ActivityManagerService.java:2935)
12-14 02:30:09.495 W/ActivityManager( 1627): 	at android.os.Binder.execTransact(Binder.java:674)
12-14 02:30:09.516 I/System.out( 4424): result:{"bonusInformation":[],"message":"","success":true}
12-14 02:30:09.532 I/zygote  ( 4424): Do full code cache collection, code=196KB, data=138KB
12-14 02:30:09.532 I/zygote  ( 4424): After code cache collection, code=196KB, data=108KB
12-14 02:30:09.557 D/gralloc_ranchu( 1395): gralloc_alloc: Creating ashmem region of size 544768
12-14 02:30:09.567 D/EGL_emulation( 1730): eglMakeCurrent: 0x8cfd0400: ver 3 0 (tinfo 0x8cfcdb30)
12-14 02:30:09.575 D/gralloc_ranchu( 1395): gralloc_alloc: Creating ashmem region of size 544768
12-14 02:30:09.603 D/NuPlayerDriver( 1484): notifyListener_l(0xa73d7070), (2, 0, 0, -1), loop setting(0, 0)
12-14 02:30:09.603 I/MediaFocusControl( 1627):  AudioFocus  abandonAudioFocus() from uid/pid 10028/1730 clientId=android.media.AudioManager@ebc2290
12-14 02:30:09.624 D/gralloc_ranchu( 1395): gralloc_alloc: Creating ashmem region of size 274432
12-14 02:30:09.628 D/gralloc_ranchu( 1395): gralloc_alloc: Creating ashmem region of size 7753728
12-14 02:30:09.630 D/StatusBar( 1730): disable<e i a s b h r c s q >
12-14 02:30:09.640 D/EGL_emulation( 1730): eglMakeCurrent: 0x8cfd0400: ver 3 0 (tinfo 0x8cfcdb30)
12-14 02:30:09.666 D/gralloc_ranchu( 1395): gralloc_alloc: Creating ashmem region of size 274432
12-14 02:30:09.695 D/gralloc_ranchu( 1395): gralloc_alloc: Creating ashmem region of size 7753728
12-14 02:30:09.698 I/WindowManager( 1627): Screen frozen for +385ms due to Window{a62f064 u0 com.evancharlton.mileage/com.evancharlton.mileage.Mileage}
12-14 02:30:09.730 D/SurfaceFlinger( 1404): duplicate layer name: changing BlackSurface to BlackSurface#1
12-14 02:30:09.756 D/SurfaceFlinger( 1404): duplicate layer name: changing BlackSurface to BlackSurface#2
12-14 02:30:09.769 D/SurfaceFlinger( 1404): duplicate layer name: changing BlackSurface to BlackSurface#3
12-14 02:30:09.786 D/EGL_emulation( 1730): eglMakeCurrent: 0x8cfd0400: ver 3 0 (tinfo 0x8cfcdb30)
12-14 02:30:09.789 D/gralloc_ranchu( 1395): gralloc_alloc: Creating ashmem region of size 544768
12-14 02:30:09.797 E/TaskPersister( 1627): File error accessing recents directory (directory doesn't exist?).
12-14 02:30:09.800 D/EGL_emulation( 1730): eglMakeCurrent: 0x8cfd0400: ver 3 0 (tinfo 0x8cfcdb30)
12-14 02:30:09.803 D/gralloc_ranchu( 1395): gralloc_alloc: Creating ashmem region of size 274432
12-14 02:30:09.806 V/StatusBar( 1730): setLightsOn(true)
12-14 02:30:10.200 I/Finsky  ( 2548): [115] nmi.run(36): Stats for Executor: BlockingExecutor non@3d9601[Running, pool size = 2, active threads = 0, queued tasks = 0, completed tasks = 18]
12-14 02:30:10.200 I/Finsky  ( 2548): [115] nmi.run(36): Stats for Executor: LightweightExecutor non@3b35ca6[Running, pool size = 2, active threads = 0, queued tasks = 0, completed tasks = 71]
12-14 02:30:10.211 V/StatusBar( 1730): setLightsOn(true)
12-14 02:30:10.830 D/gralloc_ranchu( 1395): gralloc_alloc: Creating ashmem region of size 7753728
12-14 02:30:11.027 I/Finsky  ( 2548): [115] nmi.run(36): Stats for Executor: bgExecutor non@7fd36e7[Running, pool size = 4, active threads = 0, queued tasks = 0, completed tasks = 78]
12-14 02:30:11.719 E/SurfaceFlinger( 1404): ro.sf.lcd_density must be defined as a build property
12-14 02:30:11.729 D/gralloc_ranchu( 1395): gralloc_alloc: Creating ashmem region of size 8298496
12-14 02:30:11.738 D/        ( 4494): HostConnection::get() New Host Connection established 0xb342f800, tid 4494
12-14 02:30:11.836 I/zygote  ( 1627): Explicit concurrent copying GC freed 7758(932KB) AllocSpace objects, 2(56KB) LOS objects, 38% free, 9MB/15MB, paused 496us total 64.613ms
