--------- beginning of main
12-14 03:03:32.796 V/StatusBar( 1728): setLightsOn(true)
12-14 03:03:32.822 I/chatty  ( 1728): uid=10028(u0_a28) com.android.systemui identical 1 line
12-14 03:03:32.829 V/StatusBar( 1728): setLightsOn(true)
12-14 03:03:32.837 W/SurfaceFlinger( 1410): couldn't log to binary event log: overflow.
12-14 03:03:32.837 W/SurfaceFlinger( 1410): couldn't log to binary event log: overflow.
12-14 03:03:32.839 V/StatusBar( 1728): setLightsOn(true)
12-14 03:03:32.863 I/System.out( 3926): URI: //map
12-14 03:03:32.863 I/System.out( 3926): params: {json={"query":"android.widget.Button index:2","operation":{"method_name":"query","arguments":[]}}
12-14 03:03:32.863 I/System.out( 3926): }
12-14 03:03:32.868 I/Icing   ( 2109): Usage reports ok 2, Failed Usage reports 0, indexed 1, rejected 0
12-14 03:03:32.873 W/Icing   ( 2109): No valid account for uploading user actions
12-14 03:03:32.882 I/Icing   ( 2109): Usage reports ok 0, Failed Usage reports 0, indexed 0, rejected 0
12-14 03:03:32.883 I/Icing   ( 2109): Indexing com.google.android.gms-apps from com.google.android.gms
12-14 03:03:32.886 I/Icing   ( 2109): Indexing done com.google.android.gms-apps
12-14 03:03:32.929 I/PBSessionCacheImpl( 2234): Deleted sessionId[10186561886715] from persistence.
12-14 03:03:32.951 W/SearchService( 2234): Abort, client detached.
12-14 03:03:32.958 E/WorkerRegistryImpl( 2234): getWorker() is called after WorkerRegistry disposal.
12-14 03:03:32.958 E/WorkerRegistryImpl( 2234): getWorker() is called after WorkerRegistry disposal.
12-14 03:03:32.965 W/Nearby  ( 1942): Failed attempt #3 out of 3 for RestoreDeviceName [CONTEXT service_id=49 ]
12-14 03:03:32.965 W/Nearby  ( 1942): java.lang.IllegalStateException: BluetoothAdapter not ready yet!
12-14 03:03:32.965 W/Nearby  ( 1942): 	at alhd.g(:com.google.android.gms@204713022@20.47.13 (040700-344095733):2)
12-14 03:03:32.965 W/Nearby  ( 1942): 	at alhc.run(Unknown Source:0)
12-14 03:03:32.965 W/Nearby  ( 1942): 	at bznt.call(Unknown Source:0)
12-14 03:03:32.965 W/Nearby  ( 1942): 	at bzny.b(:com.google.android.gms@204713022@20.47.13 (040700-344095733):2)
12-14 03:03:32.965 W/Nearby  ( 1942): 	at bzny.a(:com.google.android.gms@204713022@20.47.13 (040700-344095733):0)
12-14 03:03:32.965 W/Nearby  ( 1942): 	at alhb.run(Unknown Source:2)
12-14 03:03:32.965 W/Nearby  ( 1942): 	at java.lang.Thread.run(Thread.java:764)
12-14 03:03:32.965 W/Nearby  ( 1942): 	at tly.run(Unknown Source:5)
12-14 03:03:32.965 W/Nearby  ( 1942): 	at java.util.concurrent.ThreadPoolExecutor.runWorker(ThreadPoolExecutor.java:1162)
12-14 03:03:32.965 W/Nearby  ( 1942): 	at java.util.concurrent.ThreadPoolExecutor$Worker.run(ThreadPoolExecutor.java:636)
12-14 03:03:32.965 W/Nearby  ( 1942): 	at trx.run(:com.google.android.gms@204713022@20.47.13 (040700-344095733):0)
12-14 03:03:32.965 W/Nearby  ( 1942): 	at java.lang.Thread.run(Thread.java:764)
12-14 03:03:33.007 I/System.out( 3926): URI: //gesture
12-14 03:03:33.007 I/System.out( 3926): params: {json={"query_timeout":5.0,"gestures":[{"query_string":"android.widget.Button index:2","touches":[{"x":50,"y":50,"offset_x":0,"offset_y":0,"wait":0.0,"time":0.2,"release":true,"query_string":null}]}]}
12-14 03:03:33.007 I/System.out( 3926): }
12-14 03:03:33.075 I/zygote  ( 1942): Deoptimizing void tma.c(java.lang.Runnable) due to JIT inline cache
12-14 03:03:33.311 I/zygote  ( 3926): Do partial code cache collection, code=124KB, data=64KB
12-14 03:03:33.312 I/AudioTrack( 1628): AUDIO_OUTPUT_FLAG_FAST successful; frameCount 4512 -> 4512
12-14 03:03:33.314 I/zygote  ( 3926): After code cache collection, code=124KB, data=64KB
12-14 03:03:33.314 I/zygote  ( 3926): Increasing code cache capacity to 512KB
12-14 03:03:33.384 V/StatusBar( 1728): setLightsOn(true)
12-14 03:03:33.386 I/chatty  ( 1728): uid=10028(u0_a28) com.android.systemui identical 1 line
12-14 03:03:33.395 V/StatusBar( 1728): setLightsOn(true)
12-14 03:03:33.414 W/View    ( 3926): dispatchProvideAutofillStructure(): not laid out, ignoring
12-14 03:03:33.419 W/Binder  ( 1628): Outgoing transactions from this process must be FLAG_ONEWAY
12-14 03:03:33.419 W/Binder  ( 1628): java.lang.Throwable
12-14 03:03:33.419 W/Binder  ( 1628): 	at android.os.BinderProxy.transact(Binder.java:736)
12-14 03:03:33.419 W/Binder  ( 1628): 	at android.app.assist.AssistStructure$ParcelTransferReader.fetchData(AssistStructure.java:407)
12-14 03:03:33.419 W/Binder  ( 1628): 	at android.app.assist.AssistStructure$ParcelTransferReader.go(AssistStructure.java:343)
12-14 03:03:33.419 W/Binder  ( 1628): 	at android.app.assist.AssistStructure.ensureData(AssistStructure.java:2096)
12-14 03:03:33.419 W/Binder  ( 1628): 	at com.android.server.autofill.Session$1.send(Session.java:200)
12-14 03:03:33.419 W/Binder  ( 1628): 	at com.android.server.am.ActivityManagerService.reportAssistContextExtras(ActivityManagerService.java:13137)
12-14 03:03:33.419 W/Binder  ( 1628): 	at android.app.IActivityManager$Stub.onTransact(IActivityManager.java:2466)
12-14 03:03:33.419 W/Binder  ( 1628): 	at com.android.server.am.ActivityManagerService.onTransact(ActivityManagerService.java:2935)
12-14 03:03:33.419 W/Binder  ( 1628): 	at android.os.Binder.execTransact(Binder.java:674)
12-14 03:03:33.424 I/AssistStructure( 3926): Flattened final assist data: 5024 bytes, containing 2 windows, 19 views
12-14 03:03:33.433 D/gralloc_ranchu( 1396): gralloc_alloc: Creating ashmem region of size 303104
12-14 03:03:33.447 V/StatusBar( 1728): setLightsOn(true)
12-14 03:03:33.452 V/StatusBar( 1728): setLightsOn(true)
12-14 03:03:33.967 W/audio_hw_generic( 1390): Not supplying enough data to HAL, expected position 24832 , only wrote 2880
12-14 03:03:33.968 W/audio_hw_generic( 1390): Not supplying enough data to HAL, expected position 2925 , only wrote 2880
12-14 03:03:33.969 W/audio_hw_generic( 1390): Hardware backing HAL too slow, could only write 0 of 720 frames
12-14 03:03:33.975 W/AudioFlinger( 1476): write blocked for 530 msecs, 1 delayed writes, thread 0xad003480
12-14 03:03:33.978 I/zygote  ( 3856): Waiting for a blocking GC ProfileSaver
12-14 03:03:33.985 W/audio_hw_generic( 1390): Hardware backing HAL too slow, could only write 0 of 720 frames
12-14 03:03:33.989 I/Choreographer( 1628): Skipped 32 frames!  The application may be doing too much work on its main thread.
12-14 03:03:33.992 V/StatusBar( 1728): setLightsOn(true)
12-14 03:03:34.000 I/zygote  ( 3856): Waiting for a blocking GC ProfileSaver
12-14 03:03:34.000 I/zygote  ( 3856): WaitForGcToComplete blocked for 21.650ms for cause ProfileSaver
12-14 03:03:34.001 W/audio_hw_generic( 1390): Hardware backing HAL too slow, could only write 0 of 720 frames
12-14 03:03:34.004 D/AudioFlinger( 1476): mixer(0xad003480) throttle end: throttle time(12)
12-14 03:03:34.015 W/audio_hw_generic( 1390): Hardware backing HAL too slow, could only write 0 of 720 frames
12-14 03:03:34.030 I/chatty  ( 1390): uid=1041(audioserver) writer identical 1 line
12-14 03:03:34.045 W/audio_hw_generic( 1390): Hardware backing HAL too slow, could only write 0 of 720 frames
12-14 03:03:34.046 I/zygote  ( 3856): WaitForGcToComplete blocked for 45.660ms for cause HeapTrim
12-14 03:03:34.060 W/audio_hw_generic( 1390): Hardware backing HAL too slow, could only write 0 of 720 frames
12-14 03:03:34.073 D/gralloc_ranchu( 1396): gralloc_alloc: Creating ashmem region of size 7753728
12-14 03:03:34.075 W/audio_hw_generic( 1390): Hardware backing HAL too slow, could only write 0 of 720 frames
12-14 03:03:34.091 W/audio_hw_generic( 1390): Hardware backing HAL too slow, could only write 0 of 720 frames
12-14 03:03:34.095 I/zygote  ( 1628): Background concurrent copying GC freed 52127(2MB) AllocSpace objects, 10(200KB) LOS objects, 36% free, 10MB/16MB, paused 539us total 663.794ms
12-14 03:03:34.101 I/AssistStructure( 1628): Flattened final assist data: 4496 bytes, containing 2 windows, 19 views
12-14 03:03:34.104 W/audio_hw_generic( 1390): Hardware backing HAL too slow, could only write 0 of 720 frames
12-14 03:03:34.123 W/lgq     ( 1942): Pending fill request while another request in the same session was triggered. [CONTEXT service_id=177 ]
12-14 03:03:34.135 E/SurfaceFlinger( 1410): ro.sf.lcd_density must be defined as a build property
12-14 03:03:34.137 D/PermissionCache( 1410): checking android.permission.READ_FRAME_BUFFER for uid=2000 => granted (506 us)
12-14 03:03:34.166 D/gralloc_ranchu( 1396): gralloc_alloc: Creating ashmem region of size 8298496
12-14 03:03:34.177 D/        ( 3977): HostConnection::get() New Host Connection established 0xafcaf800, tid 3977
12-14 03:03:34.268 V/StatusBar( 1728): setLightsOn(true)
12-14 03:03:34.357 I/zygote  ( 1942): Do full code cache collection, code=615KB, data=390KB
12-14 03:03:34.386 I/zygote  ( 1942): After code cache collection, code=551KB, data=328KB
12-14 03:03:34.748 I/System.out( 3926): URI: //kill
12-14 03:03:34.748 I/System.out( 3926): params: {json={}
12-14 03:03:34.748 I/System.out( 3926): }
12-14 03:03:34.748 I/System.out( 3926): Stopping test server
12-14 03:03:34.754 E/adbd    ( 1383): failed to connect to socket 'tcp:7102': Connection refused
12-14 03:03:34.756 E/adbd    ( 1383): failed to connect to socket 'tcp:7102': Connection refused
12-14 03:03:34.781 V/StatusBar( 1728): setLightsOn(true)
12-14 03:03:34.787 I/chatty  ( 1728): uid=10028(u0_a28) com.android.systemui identical 1 line
12-14 03:03:34.792 V/StatusBar( 1728): setLightsOn(true)
12-14 03:03:34.795 E/memtrack( 1628): Couldn't load memtrack module
12-14 03:03:34.797 W/android.os.Debug( 1628): failed to get memory consumption info: -1
12-14 03:03:34.809 V/StatusBar( 1728): setLightsOn(true)
12-14 03:03:34.832 V/StatusBar( 1728): setLightsOn(true)
12-14 03:03:34.836 D/gralloc_ranchu( 1396): gralloc_alloc: Creating ashmem region of size 8298496
12-14 03:03:34.843 D/BoundBrokerSvc( 1942): onUnbind: Intent { act=com.google.android.gms.auth.account.workaccount.START cmp=com.google.android.gms/.chimera.PersistentApiService }
12-14 03:03:34.856 D/EGL_emulation( 1728): eglMakeCurrent: 0x9394d2e0: ver 3 0 (tinfo 0x9394ab70)
12-14 03:03:34.858 D/gralloc_ranchu( 1396): gralloc_alloc: Creating ashmem region of size 8298496
12-14 03:03:34.892 I/chatty  ( 1396): uid=1000(system) allocator@2.0-s identical 3 lines
12-14 03:03:34.957 D/gralloc_ranchu( 1396): gralloc_alloc: Creating ashmem region of size 8298496
12-14 03:03:34.957 E/IPCThreadState( 1410): binder thread pool (4 threads) starved for 115 ms
12-14 03:03:35.043 D/EGL_emulation( 2234): eglMakeCurrent: 0xa7705a20: ver 3 0 (tinfo 0xa7703650)
12-14 03:03:35.099 D/EGL_emulation( 2198): eglMakeCurrent: 0xa4efdb60: ver 3 0 (tinfo 0xa4effbd0)
12-14 03:03:35.137 D/gralloc_ranchu( 1396): gralloc_alloc: Creating ashmem region of size 7753728
12-14 03:03:35.149 I/zygote  ( 2234): Deoptimizing void com.google.android.apps.gsa.search.core.service.worker.a.a.a(com.google.android.apps.gsa.search.core.state.qc) due to JIT inline cache
12-14 03:03:35.170 W/SessionLifecycleManager( 2234): Handover failed. Creating new session controller.
12-14 03:03:35.172 E/GmsClient( 2234): unable to connect to service: com.google.android.gms.speech.service.START on com.google.android.gms
12-14 03:03:35.193 I/OptInState( 2234): There is a new client and it does not support opt-in. Dropping request.
12-14 03:03:35.204 I/zygote  ( 2234): Deoptimizing int[] com.google.common.collect.gx.b(java.lang.Object[], int, int, int) due to JIT inline cache
12-14 03:03:35.253 I/MicroDetectionWorker( 2234): #updateMicroDetector [detectionMode: [mDetectionMode: [1]]]
12-14 03:03:35.255 I/MicroDetectionWorker( 2234): #startMicroDetector [speakerMode: 0]
12-14 03:03:35.259 D/BoundBrokerSvc( 1942): onUnbind: Intent { act=com.google.android.gms.auth.proximity.START cmp=com.google.android.gms/.chimera.PersistentBoundBrokerService }
12-14 03:03:35.261 I/AudioController( 2234): Using mInputStreamFactoryBuilder
12-14 03:03:35.261 D/        ( 1728): HostConnection::get() New Host Connection established 0x9237ff40, tid 1761
12-14 03:03:35.269 D/EGL_emulation( 1728): eglMakeCurrent: 0x9394d2e0: ver 3 0 (tinfo 0x9394ab70)
12-14 03:03:35.270 I/MicroDetectionWorker( 2234): onReady
12-14 03:03:35.275 I/MicroRecognitionRunner( 2234): Starting detection.
12-14 03:03:35.282 I/MicrophoneInputStream( 2234): mic_starting com.google.android.apps.gsa.staticplugins.aa.c@a15287d
12-14 03:03:35.286 I/MicrophoneInputStream( 2234): mic_started com.google.android.apps.gsa.staticplugins.aa.c@a15287d
12-14 03:03:35.288 I/MicroDetectionWorker( 2234): onReady
12-14 03:03:35.292 I/MicrophoneInputStream( 2234): mic_close com.google.android.apps.gsa.staticplugins.aa.c@a15287d
12-14 03:03:35.297 I/MicroRecognitionRunner( 2234): Detection finished
12-14 03:03:35.297 W/ErrorReporter( 2234): reportError [type: 211, code: 524300]: Error reading from input stream
12-14 03:03:35.298 W/ErrorProcessor( 2234): onFatalError, processing error from engine(4)
12-14 03:03:35.298 W/ErrorProcessor( 2234): com.google.android.apps.gsa.shared.speech.b.g: Error reading from input stream
12-14 03:03:35.298 W/ErrorProcessor( 2234): 	at com.google.android.apps.gsa.staticplugins.recognizer.j.a.a(SourceFile:28)
12-14 03:03:35.298 W/ErrorProcessor( 2234): 	at com.google.android.apps.gsa.staticplugins.recognizer.j.b.run(SourceFile:15)
12-14 03:03:35.298 W/ErrorProcessor( 2234): 	at java.util.concurrent.Executors$RunnableAdapter.call(Executors.java:457)
12-14 03:03:35.298 W/ErrorProcessor( 2234): 	at java.util.concurrent.FutureTask.run(FutureTask.java:266)
12-14 03:03:35.298 W/ErrorProcessor( 2234): 	at com.google.android.apps.gsa.shared.util.concurrent.a.ax.run(SourceFile:14)
12-14 03:03:35.298 W/ErrorProcessor( 2234): 	at com.google.android.apps.gsa.shared.util.concurrent.a.bl.run(SourceFile:4)
12-14 03:03:35.298 W/ErrorProcessor( 2234): 	at com.google.android.apps.gsa.shared.util.concurrent.a.bl.run(SourceFile:4)
12-14 03:03:35.298 W/ErrorProcessor( 2234): 	at java.util.concurrent.ThreadPoolExecutor.runWorker(ThreadPoolExecutor.java:1162)
12-14 03:03:35.298 W/ErrorProcessor( 2234): 	at java.util.concurrent.ThreadPoolExecutor$Worker.run(ThreadPoolExecutor.java:636)
12-14 03:03:35.298 W/ErrorProcessor( 2234): 	at java.lang.Thread.run(Thread.java:764)
12-14 03:03:35.298 W/ErrorProcessor( 2234): 	at com.google.android.apps.gsa.shared.util.concurrent.a.ai.run(SourceFile:6)
12-14 03:03:35.298 W/ErrorProcessor( 2234): Caused by: com.google.android.apps.gsa.shared.exception.GsaIOException: Error code: 393238 | Buffer overflow, no available space.
12-14 03:03:35.298 W/ErrorProcessor( 2234): 	at com.google.android.apps.gsa.speech.audio.Tee.f(SourceFile:103)
12-14 03:03:35.298 W/ErrorProcessor( 2234): 	at com.google.android.apps.gsa.speech.audio.au.read(SourceFile:2)
12-14 03:03:35.298 W/ErrorProcessor( 2234): 	at java.io.InputStream.read(InputStream.java:101)
12-14 03:03:35.298 W/ErrorProcessor( 2234): 	at com.google.android.apps.gsa.speech.audio.ao.run(SourceFile:18)
12-14 03:03:35.298 W/ErrorProcessor( 2234): 	at com.google.android.apps.gsa.speech.audio.an.run(SourceFile:2)
12-14 03:03:35.298 W/ErrorProcessor( 2234): 	... 9 more
12-14 03:03:35.298 I/AudioController( 2234): internalShutdown
12-14 03:03:35.298 I/MicroRecognitionRunner( 2234): Stopping hotword detection.
12-14 03:03:35.302 I/AudioFlinger( 1476): AudioFlinger's thread 0xab90d780 tid=3995 ready to run
12-14 03:03:35.304 I/MicroDetector( 2234): Keeping mic open: false
12-14 03:03:35.304 I/MicroDetectionWorker( 2234): #onError(false)
12-14 03:03:35.304 I/DeviceStateChecker( 2234): DeviceStateChecker cancelled
12-14 03:03:35.310 D/BoundBrokerSvc( 2109): onUnbind: Intent { act=com.google.android.gms.auth.cryptauth.cryptauthservice.START cmp=com.google.android.gms/.chimera.GmsBoundBrokerService }
12-14 03:03:35.317 D/EGL_emulation( 1728): eglMakeCurrent: 0x9394d2e0: ver 3 0 (tinfo 0x9394ab70)
12-14 03:03:35.327 I/chatty  ( 1728): uid=10028(u0_a28) RenderThread identical 1 line
12-14 03:03:35.334 D/EGL_emulation( 1728): eglMakeCurrent: 0x9394d2e0: ver 3 0 (tinfo 0x9394ab70)
12-14 03:03:35.342 I/zygote  ( 2234): Do full code cache collection, code=243KB, data=204KB
12-14 03:03:35.343 I/zygote  ( 2234): After code cache collection, code=233KB, data=157KB
12-14 03:03:35.346 D/EGL_emulation( 1728): eglMakeCurrent: 0x9394d2e0: ver 3 0 (tinfo 0x9394ab70)
12-14 03:03:35.504 I/chatty  ( 1728): uid=10028(u0_a28) RenderThread identical 15 lines
12-14 03:03:35.515 D/EGL_emulation( 1728): eglMakeCurrent: 0x9394d2e0: ver 3 0 (tinfo 0x9394ab70)
12-14 03:03:35.588 W/OpenGLRenderer( 2198): Incorrectly called buildLayer on View: ShortcutAndWidgetContainer, destroying layer...
12-14 03:03:35.703 I/OpenGLRenderer( 1628): Initialized EGL, version 1.4
12-14 03:03:35.703 D/OpenGLRenderer( 1628): Swap behavior 1
12-14 03:03:35.704 W/OpenGLRenderer( 1628): Failed to choose config with EGL_SWAP_BEHAVIOR_PRESERVED, retrying without...
12-14 03:03:35.704 D/OpenGLRenderer( 1628): Swap behavior 0
12-14 03:03:35.711 D/EGL_emulation( 1628): eglCreateContext: 0xa4aed6c0: maj 3 min 0 rcv 3
12-14 03:03:35.713 D/EGL_emulation( 1628): eglMakeCurrent: 0xa4aed6c0: ver 3 0 (tinfo 0x93cca5c0)
12-14 03:03:35.714 E/eglCodecCommon( 1628): glUtilsParamSize: unknow param 0x00008cdf
12-14 03:03:35.714 E/eglCodecCommon( 1628): glUtilsParamSize: unknow param 0x00008cdf
12-14 03:03:35.714 E/eglCodecCommon( 1628): glUtilsParamSize: unknow param 0x00008824
12-14 03:03:35.714 E/eglCodecCommon( 1628): glUtilsParamSize: unknow param 0x00008824
12-14 03:03:36.189 D/BoundBrokerSvc( 1942): onUnbind: Intent { act=com.google.android.contextmanager.service.ContextManagerService.START cmp=com.google.android.gms/.chimera.PersistentApiService }
12-14 03:03:37.179 W/audio_hw_generic( 1390): Not supplying enough data to HAL, expected position 309467 , only wrote 156960
12-14 03:03:38.078 D/AndroidRuntime( 3999): >>>>>> START com.android.internal.os.RuntimeInit uid 2000 <<<<<<
12-14 03:03:38.112 W/app_process( 3999): Unexpected CPU variant for X86 using defaults: x86
12-14 03:03:38.126 D/AndroidRuntime( 3999): Calling main entry com.android.commands.am.Am
--------- beginning of system
12-14 03:03:38.130 I/ActivityManager( 1628): Force stopping com.evancharlton.mileage appid=10386 user=0: start instr
12-14 03:03:38.131 I/ActivityManager( 1628): Killing 3926:com.evancharlton.mileage/u0a386 (adj 0): stop com.evancharlton.mileage
12-14 03:03:38.131 W/ActivityManager( 1628): Crash of app com.evancharlton.mileage running instrumentation ComponentInfo{com.evancharlton.mileage.test/sh.calaba.instrumentationbackend.CalabashInstrumentationTestRunner}
12-14 03:03:38.131 I/ActivityManager( 1628): Force stopping com.evancharlton.mileage appid=10386 user=0: finished inst
12-14 03:03:38.141 I/zygote  ( 4009): Not late-enabling -Xcheck:jni (already on)
12-14 03:03:38.149 I/ActivityManager( 1628): Start proc 4009:com.evancharlton.mileage/u0a386 for added application com.evancharlton.mileage
12-14 03:03:38.149 W/ActivityManager( 1628): setHasOverlayUi called on unknown pid: 3926
12-14 03:03:38.150 D/AndroidRuntime( 3999): Shutting down VM
12-14 03:03:38.151 W/zygote  ( 4009): Unexpected CPU variant for X86 using defaults: x86
12-14 03:03:38.173 E/adbd    ( 1383): failed to connect to socket 'tcp:7102': Connection refused
12-14 03:03:38.175 E/adbd    ( 1383): failed to connect to socket 'tcp:7102': Connection refused
12-14 03:03:38.176 W/zygote  ( 4009): Found duplicate classes, falling back to extracting from APK : /data/app/com.evancharlton.mileage.test-QQseR8zCVC1KAYW1TSNHEg==/base.apk
12-14 03:03:38.176 W/zygote  ( 4009): NOTE: This wastes RAM and hurts startup performance.
12-14 03:03:38.176 W/zygote  ( 4009): Found duplicated class when checking oat files: 'Ljunit/runner/BaseTestRunner;' in /data/app/com.evancharlton.mileage.test-QQseR8zCVC1KAYW1TSNHEg==/base.apk and /system/framework/android.test.runner.jar
12-14 03:03:38.176 W/zygote  ( 4009): 
12-14 03:03:38.205 W/System  ( 4009): ClassLoader referenced unknown path: 
12-14 03:03:38.217 I/System.out( 4009): Main activity name automatically set to: com.evancharlton.mileage.Mileage
12-14 03:03:38.218 I/System.out( 4009): Calabash did not load Mono. This is only a problem if you are trying to test a Mono application
12-14 03:03:38.218 I/calabash( 4009): Test server port: 7102
12-14 03:03:38.219 I/InstrumentationBackend( 4009): Added:'GetPreferences', with key:'get_preferences'
12-14 03:03:38.285 I/InstrumentationBackend( 4009): Added:'SetPreferences', with key:'set_preferences'
12-14 03:03:38.285 I/InstrumentationBackend( 4009): Added:'ClearPreferences', with key:'clear_preferences'
12-14 03:03:38.285 I/InstrumentationBackend( 4009): Added:'PressElement', with key:'press_l10n_element'
12-14 03:03:38.286 I/InstrumentationBackend( 4009): Added:'WaitForElement', with key:'wait_for_l10n_element'
12-14 03:03:38.286 I/InstrumentationBackend( 4009): Added:'NullAction', with key:'nullAction'
12-14 03:03:38.287 I/InstrumentationBackend( 4009): Added:'PressKey', with key:'press_key'
12-14 03:03:38.287 I/InstrumentationBackend( 4009): Added:'SetActivityOrientation', with key:'set_activity_orientation'
12-14 03:03:38.287 I/InstrumentationBackend( 4009): Added:'GetActivityOrientation', with key:'get_activity_orientation'
12-14 03:03:38.288 I/InstrumentationBackend( 4009): Added:'FakeGPSLocation', with key:'set_gps_coordinates'
12-14 03:03:38.288 I/InstrumentationBackend( 4009): Added:'SetPropertyByCssSelector', with key:'set_property_by_css_selector'
12-14 03:03:38.289 I/InstrumentationBackend( 4009): Added:'GetUrl', with key:'get_url'
12-14 03:03:38.292 I/InstrumentationBackend( 4009): Added:'ScrollTo', with key:'scroll_to'
12-14 03:03:38.292 I/InstrumentationBackend( 4009): Added:'GetLoadProgress', with key:'get_load_progress'
12-14 03:03:38.293 E/adbd    ( 1383): failed to connect to socket 'tcp:7102': Connection refused
12-14 03:03:38.293 I/InstrumentationBackend( 4009): Added:'DumpHtml', with key:'dump_html'
12-14 03:03:38.294 I/InstrumentationBackend( 4009): Added:'DumpBodyHtml', with key:'dump_body_html'
12-14 03:03:38.295 I/InstrumentationBackend( 4009): Added:'EnterTextByCssSelector', with key:'enter_text_by_selector'
12-14 03:03:38.299 I/InstrumentationBackend( 4009): Added:'AndroidSDKVersion', with key:'android_sdk_version'
12-14 03:03:38.299 I/InstrumentationBackend( 4009): Added:'Version', with key:'version'
12-14 03:03:38.300 I/InstrumentationBackend( 4009): Added:'Drag', with key:'drag'
12-14 03:03:38.300 I/InstrumentationBackend( 4009): Added:'TouchCoordinates', with key:'touch_coordinate'
12-14 03:03:38.300 I/InstrumentationBackend( 4009): Added:'LongPressCoordinate', with key:'long_press_coordinate'
12-14 03:03:38.300 I/InstrumentationBackend( 4009): Added:'DragCoordinates', with key:'drag_coordinates'
12-14 03:03:38.300 I/InstrumentationBackend( 4009): Added:'ResumeApplication', with key:'resume_application'
12-14 03:03:38.301 I/InstrumentationBackend( 4009): Added:'Swipe', with key:'swipe'
12-14 03:03:38.301 I/InstrumentationBackend( 4009): Added:'DoubleTapCoordinate', with key:'double_tap_coordinate'
12-14 03:03:38.301 I/InstrumentationBackend( 4009): Added:'ClickOnScreen', with key:'click_on_screen'
12-14 03:03:38.302 I/InstrumentationBackend( 4009): Added:'GetActivityName', with key:'get_activity_name'
12-14 03:03:38.302 I/InstrumentationBackend( 4009): Added:'ScrollToView', with key:'scroll_to_view'
12-14 03:03:38.303 I/InstrumentationBackend( 4009): Added:'ViewConfiguration', with key:'view_configuration'
12-14 03:03:38.303 I/InstrumentationBackend( 4009): Added:'IsCurrentActivityFocused', with key:'is_current_activity_focused'
12-14 03:03:38.303 E/adbd    ( 1383): failed to connect to socket 'tcp:7102': Connection refused
12-14 03:03:38.304 I/InstrumentationBackend( 4009): Added:'SendTcp', with key:'send_tcp'
12-14 03:03:38.305 I/InstrumentationBackend( 4009): Added:'DpToDevicePixel', with key:'dp_to_device_pixel'
12-14 03:03:38.306 I/InstrumentationBackend( 4009): Added:'KeyboardEnterText', with key:'keyboard_enter_text'
12-14 03:03:38.307 I/InstrumentationBackend( 4009): Added:'DeleteSurroundingText', with key:'delete_surrounding_text'
12-14 03:03:38.307 I/InstrumentationBackend( 4009): Added:'SetComposingRegion', with key:'set_composing_region'
12-14 03:03:38.307 I/InstrumentationBackend( 4009): Added:'SetSelection', with key:'set_selection'
12-14 03:03:38.307 I/InstrumentationBackend( 4009): Added:'KeyboardKeyEvent', with key:'keyboard_key_event'
12-14 03:03:38.308 I/InstrumentationBackend( 4009): Added:'PressUserActionButton', with key:'press_user_action_button'
12-14 03:03:38.308 I/InstrumentationBackend( 4009): Added:'HideSoftKeyboard', with key:'hide_soft_keyboard'
12-14 03:03:38.309 I/InstrumentationBackend( 4009): Added:'ListActions', with key:'list_actions'
12-14 03:03:38.310 I/calabash( 4009): Instantiating http server at 7102
12-14 03:03:38.310 I/System.out( 4009): HTTP Daemon listening on: 7102
12-14 03:03:38.427 I/System.out( 4009): URI: //ping
12-14 03:03:38.427 I/System.out( 4009): params: {json={}
12-14 03:03:38.427 I/System.out( 4009): }
12-14 03:03:38.442 I/System.out( 4009): URI: //ping
12-14 03:03:38.442 I/System.out( 4009): params: {json={}
12-14 03:03:38.442 I/System.out( 4009): }
12-14 03:03:38.450 I/System.out( 4009): URI: //ready
12-14 03:03:38.450 I/System.out( 4009): params: {json={}
12-14 03:03:38.450 I/System.out( 4009): }
12-14 03:03:38.457 I/System.out( 4009): URI: //
12-14 03:03:38.457 I/System.out( 4009): params: {json={"command":"version","arguments":[]}
12-14 03:03:38.457 I/System.out( 4009): }
12-14 03:03:38.457 I/System.out( 4009): header: {content-type=application/json;charset=utf-8, date=Mon, 14 Dec 2020 08:03:38 GMT, accept=*/*, host=127.0.0.1:34777, content-length=36, user-agent=HTTPClient/1.0 (2.8.3, ruby 2.5.8 (2020-03-31))}
12-14 03:03:38.457 I/System.out( 4009): params: {json={"command":"version","arguments":[]}
12-14 03:03:38.457 I/System.out( 4009): }
12-14 03:03:38.457 I/System.out( 4009): ProP json = {"command":"version","arguments":[]}
12-14 03:03:38.457 I/System.out( 4009): files: {}
12-14 03:03:38.457 I/System.out( 4009): command: {"command":"version","arguments":[]}
12-14 03:03:38.485 I/InstrumentationBackend( 4009): Got command:'Command:'Line:null,version', arguments:'[]'
12-14 03:03:38.520 I/System.out( 4009): result:{"bonusInformation":[],"message":"0.9.8","success":true}
12-14 03:03:38.526 I/System.out( 4009): URI: //start-application
12-14 03:03:38.526 I/System.out( 4009): params: {json={"intent":null}
12-14 03:03:38.526 I/System.out( 4009): }
12-14 03:03:38.536 E/TaskPersister( 1628): File error accessing recents directory (directory doesn't exist?).
12-14 03:03:38.566 I/ActivityManager( 1628): START u0 {act=android.intent.action.MAIN cat=[android.intent.category.LAUNCHER] flg=0x10200000 cmp=com.evancharlton.mileage/.Mileage} from uid 10386
12-14 03:03:38.588 I/calabash( 4009): newActivity1
12-14 03:03:38.594 D/gralloc_ranchu( 1396): gralloc_alloc: Creating ashmem region of size 7753728
12-14 03:03:38.634 W/ActivityManager( 1628): Bad activity token: android.os.BinderProxy@3810bd
12-14 03:03:38.634 W/ActivityManager( 1628): java.lang.ClassCastException: android.os.BinderProxy cannot be cast to com.android.server.am.ActivityRecord$Token
12-14 03:03:38.634 W/ActivityManager( 1628): 	at com.android.server.am.ActivityRecord.forTokenLocked(ActivityRecord.java:778)
12-14 03:03:38.634 W/ActivityManager( 1628): 	at com.android.server.am.ActivityRecord.isInStackLocked(ActivityRecord.java:2085)
12-14 03:03:38.634 W/ActivityManager( 1628): 	at com.android.server.am.ActivityRecord.getStackLocked(ActivityRecord.java:2090)
12-14 03:03:38.634 W/ActivityManager( 1628): 	at com.android.server.am.ActivityManagerService.getActivityDisplayId(ActivityManagerService.java:10406)
12-14 03:03:38.634 W/ActivityManager( 1628): 	at android.app.IActivityManager$Stub.onTransact(IActivityManager.java:2738)
12-14 03:03:38.634 W/ActivityManager( 1628): 	at com.android.server.am.ActivityManagerService.onTransact(ActivityManagerService.java:2935)
12-14 03:03:38.634 W/ActivityManager( 1628): 	at android.os.Binder.execTransact(Binder.java:674)
12-14 03:03:38.635 I/calabash( 4009): newActivity1
12-14 03:03:38.639 W/ActivityManager( 1628): Bad activity token: android.os.BinderProxy@3810bd
12-14 03:03:38.639 W/ActivityManager( 1628): java.lang.ClassCastException: android.os.BinderProxy cannot be cast to com.android.server.am.ActivityRecord$Token
12-14 03:03:38.639 W/ActivityManager( 1628): 	at com.android.server.am.ActivityRecord.forTokenLocked(ActivityRecord.java:778)
12-14 03:03:38.639 W/ActivityManager( 1628): 	at com.android.server.am.ActivityRecord.isInStackLocked(ActivityRecord.java:2085)
12-14 03:03:38.639 W/ActivityManager( 1628): 	at com.android.server.am.ActivityManagerService.setTaskDescription(ActivityManagerService.java:9988)
12-14 03:03:38.639 W/ActivityManager( 1628): 	at android.app.IActivityManager$Stub.onTransact(IActivityManager.java:2824)
12-14 03:03:38.639 W/ActivityManager( 1628): 	at com.android.server.am.ActivityManagerService.onTransact(ActivityManagerService.java:2935)
12-14 03:03:38.639 W/ActivityManager( 1628): 	at android.os.Binder.execTransact(Binder.java:674)
12-14 03:03:38.640 W/ActivityManager( 1628): Bad activity token: android.os.BinderProxy@3810bd
12-14 03:03:38.640 W/ActivityManager( 1628): java.lang.ClassCastException: android.os.BinderProxy cannot be cast to com.android.server.am.ActivityRecord$Token
12-14 03:03:38.640 W/ActivityManager( 1628): 	at com.android.server.am.ActivityRecord.forTokenLocked(ActivityRecord.java:778)
12-14 03:03:38.640 W/ActivityManager( 1628): 	at com.android.server.am.ActivityRecord.isInStackLocked(ActivityRecord.java:2085)
12-14 03:03:38.640 W/ActivityManager( 1628): 	at com.android.server.am.ActivityRecord.getStackLocked(ActivityRecord.java:2090)
12-14 03:03:38.640 W/ActivityManager( 1628): 	at com.android.server.am.ActivityManagerService.getActivityStackId(ActivityManagerService.java:10417)
12-14 03:03:38.640 W/ActivityManager( 1628): 	at android.app.IActivityManager$Stub.onTransact(IActivityManager.java:3548)
12-14 03:03:38.640 W/ActivityManager( 1628): 	at com.android.server.am.ActivityManagerService.onTransact(ActivityManagerService.java:2935)
12-14 03:03:38.640 W/ActivityManager( 1628): 	at android.os.Binder.execTransact(Binder.java:674)
12-14 03:03:38.642 D/EGL_emulation( 2234): eglMakeCurrent: 0xa7705a20: ver 3 0 (tinfo 0xa7703650)
12-14 03:03:38.653 D/EGL_emulation( 2198): eglMakeCurrent: 0xa4efdb60: ver 3 0 (tinfo 0xa4effbd0)
12-14 03:03:38.666 D/EGL_emulation( 1728): eglMakeCurrent: 0x9394d2e0: ver 3 0 (tinfo 0x9394ab70)
12-14 03:03:38.686 D/EGL_emulation( 1728): eglMakeCurrent: 0x9394d2e0: ver 3 0 (tinfo 0x9394ab70)
12-14 03:03:38.697 E/ContentStoreEUAS( 2234): Failed to commit the deferred actions
12-14 03:03:38.700 D/EGL_emulation( 1728): eglMakeCurrent: 0x9394d2e0: ver 3 0 (tinfo 0x9394ab70)
12-14 03:03:38.701 V/StatusBar( 1728): setLightsOn(true)
12-14 03:03:38.703 D/EGL_emulation( 1728): eglMakeCurrent: 0x9394d2e0: ver 3 0 (tinfo 0x9394ab70)
12-14 03:03:38.787 W/ActivityManager( 1628): Bad activity token: android.os.BinderProxy@3810bd
12-14 03:03:38.787 W/ActivityManager( 1628): java.lang.ClassCastException: android.os.BinderProxy cannot be cast to com.android.server.am.ActivityRecord$Token
12-14 03:03:38.787 W/ActivityManager( 1628): 	at com.android.server.am.ActivityRecord.forTokenLocked(ActivityRecord.java:778)
12-14 03:03:38.787 W/ActivityManager( 1628): 	at com.android.server.am.ActivityRecord.isInStackLocked(ActivityRecord.java:2085)
12-14 03:03:38.787 W/ActivityManager( 1628): 	at com.android.server.am.ActivityManagerService.getActivityOptions(ActivityManagerService.java:13302)
12-14 03:03:38.787 W/ActivityManager( 1628): 	at android.app.IActivityManager$Stub.onTransact(IActivityManager.java:2910)
12-14 03:03:38.787 W/ActivityManager( 1628): 	at com.android.server.am.ActivityManagerService.onTransact(ActivityManagerService.java:2935)
12-14 03:03:38.787 W/ActivityManager( 1628): 	at android.os.Binder.execTransact(Binder.java:674)
12-14 03:03:38.788 W/ActivityManager( 1628): Bad activity token: android.os.BinderProxy@3810bd
12-14 03:03:38.788 W/ActivityManager( 1628): java.lang.ClassCastException: android.os.BinderProxy cannot be cast to com.android.server.am.ActivityRecord$Token
12-14 03:03:38.788 W/ActivityManager( 1628): 	at com.android.server.am.ActivityRecord.forTokenLocked(ActivityRecord.java:778)
12-14 03:03:38.788 W/ActivityManager( 1628): 	at com.android.server.am.ActivityRecord.isInStackLocked(ActivityRecord.java:2085)
12-14 03:03:38.788 W/ActivityManager( 1628): 	at com.android.server.am.ActivityManagerService.getActivityOptions(ActivityManagerService.java:13302)
12-14 03:03:38.788 W/ActivityManager( 1628): 	at android.app.IActivityManager$Stub.onTransact(IActivityManager.java:2910)
12-14 03:03:38.788 W/ActivityManager( 1628): 	at com.android.server.am.ActivityManagerService.onTransact(ActivityManagerService.java:2935)
12-14 03:03:38.788 W/ActivityManager( 1628): 	at android.os.Binder.execTransact(Binder.java:674)
12-14 03:03:38.854 I/chatty  ( 1728): uid=10028(u0_a28) RenderThread identical 19 lines
12-14 03:03:38.867 D/EGL_emulation( 1728): eglMakeCurrent: 0x9394d2e0: ver 3 0 (tinfo 0x9394ab70)
12-14 03:03:38.883 V/StatusBar( 1728): setLightsOn(true)
12-14 03:03:38.932 I/zygote  ( 4009): Do partial code cache collection, code=29KB, data=30KB
12-14 03:03:38.933 I/zygote  ( 4009): After code cache collection, code=29KB, data=30KB
12-14 03:03:38.933 I/zygote  ( 4009): Increasing code cache capacity to 128KB
12-14 03:03:38.933 V/StatusBar( 1728): setLightsOn(true)
12-14 03:03:38.934 I/zygote  ( 4009): Do partial code cache collection, code=29KB, data=48KB
12-14 03:03:38.935 I/zygote  ( 4009): After code cache collection, code=29KB, data=48KB
12-14 03:03:38.935 I/zygote  ( 4009): Increasing code cache capacity to 256KB
12-14 03:03:38.935 I/zygote  ( 4009): JIT allocated 71KB for compiled code of void android.widget.TextView.<init>(android.content.Context, android.util.AttributeSet, int, int)
12-14 03:03:38.935 I/zygote  ( 4009): Compiler allocated 4MB to compile void android.widget.TextView.<init>(android.content.Context, android.util.AttributeSet, int, int)
12-14 03:03:38.936 V/StatusBar( 1728): setLightsOn(true)
12-14 03:03:38.936 V/StatusBar( 1728): setLightsOn(true)
12-14 03:03:38.975 D/gralloc_ranchu( 1396): gralloc_alloc: Creating ashmem region of size 7753728
12-14 03:03:39.000 D/        ( 4009): HostConnection::get() New Host Connection established 0xa4b30d80, tid 4009
12-14 03:03:39.046 V/StatusBar( 1728): setLightsOn(true)
12-14 03:03:39.048 V/StatusBar( 1728): setLightsOn(true)
12-14 03:03:39.051 I/ActivityManager( 1628): Displayed com.evancharlton.mileage/.Mileage: +469ms
12-14 03:03:39.055 V/StatusBar( 1728): setLightsOn(true)
12-14 03:03:39.093 V/StatusBar( 1728): setLightsOn(true)
12-14 03:03:39.104 D/gralloc_ranchu( 1396): gralloc_alloc: Creating ashmem region of size 7753728
12-14 03:03:39.227 I/zygote  ( 4009): Do full code cache collection, code=125KB, data=71KB
12-14 03:03:39.231 I/zygote  ( 4009): After code cache collection, code=107KB, data=43KB
12-14 03:03:39.234 V/StatusBar( 1728): setLightsOn(true)
12-14 03:03:39.265 V/StatusBar( 1728): setLightsOn(true)
12-14 03:03:39.302 I/System.out( 4009): URI: //map
12-14 03:03:39.303 I/System.out( 4009): params: {json={"query":"android.widget.CheckBox index:0","operation":{"method_name":"query","arguments":[]}}
12-14 03:03:39.303 I/System.out( 4009): }
12-14 03:03:39.384 V/StatusBar( 1728): setLightsOn(true)
12-14 03:03:39.395 V/StatusBar( 1728): setLightsOn(true)
12-14 03:03:39.408 W/SurfaceFlinger( 1410): couldn't log to binary event log: overflow.
12-14 03:03:39.460 I/System.out( 4009): URI: //gesture
12-14 03:03:39.460 I/System.out( 4009): params: {json={"query_timeout":5.0,"gestures":[{"query_string":"android.widget.CheckBox index:0","touches":[{"x":50,"y":50,"offset_x":0,"offset_y":0,"wait":0.0,"time":0.2,"release":true,"query_string":null}]}]}
12-14 03:03:39.460 I/System.out( 4009): }
12-14 03:03:39.477 I/zygote  ( 4009): Do partial code cache collection, code=123KB, data=55KB
12-14 03:03:39.478 I/zygote  ( 4009): After code cache collection, code=123KB, data=55KB
12-14 03:03:39.478 I/zygote  ( 4009): Increasing code cache capacity to 512KB
12-14 03:03:39.489 I/PBSessionCacheImpl( 2234): Deleted sessionId[10186561887080] from persistence.
12-14 03:03:39.502 W/SearchService( 2234): Abort, client detached.
12-14 03:03:39.603 W/RemoteFillService( 1628): Not handling { when=-4ms what=3 target=com.android.internal.os.HandlerCaller$MyHandler } as service for ComponentInfo{com.google.android.gms/com.google.android.gms.autofill.service.AutofillService} is already destroyed
12-14 03:03:39.733 W/audio_hw_generic( 1390): Not supplying enough data to HAL, expected position 157050 , only wrote 156960
12-14 03:03:39.966 E/SurfaceFlinger( 1410): ro.sf.lcd_density must be defined as a build property
12-14 03:03:39.973 D/gralloc_ranchu( 1396): gralloc_alloc: Creating ashmem region of size 8298496
12-14 03:03:39.982 D/        ( 4052): HostConnection::get() New Host Connection established 0xa792f800, tid 4052
12-14 03:03:40.141 D/gralloc_ranchu( 1396): gralloc_alloc: Creating ashmem region of size 7753728
12-14 03:03:40.164 D/BoundBrokerSvc( 1942): onUnbind: Intent { act=com.google.android.gms.pseudonymous.service.START cmp=com.google.android.gms/.chimera.PersistentApiService }
12-14 03:03:40.382 I/System.out( 4009): URI: //map
12-14 03:03:40.382 I/System.out( 4009): params: {json={"query":"android.widget.CheckBox index:0","operation":{"method_name":"query","arguments":[]}}
12-14 03:03:40.382 I/System.out( 4009): }
12-14 03:03:40.441 I/System.out( 4009): URI: //gesture
12-14 03:03:40.441 I/System.out( 4009): params: {json={"query_timeout":5.0,"gestures":[{"query_string":"android.widget.CheckBox index:0","touches":[{"x":50,"y":50,"offset_x":0,"offset_y":0,"wait":0.0,"time":0.2,"release":true,"query_string":null}]}]}
12-14 03:03:40.441 I/System.out( 4009): }
12-14 03:03:40.669 I/qemu-props( 1404): start adbd ...
12-14 03:03:40.881 E/SurfaceFlinger( 1410): ro.sf.lcd_density must be defined as a build property
12-14 03:03:40.887 D/gralloc_ranchu( 1396): gralloc_alloc: Creating ashmem region of size 8298496
12-14 03:03:40.897 D/        ( 4062): HostConnection::get() New Host Connection established 0xb052f800, tid 4062
