--------- beginning of main
12-14 03:04:00.438 D/AndroidRuntime( 4442): >>>>>> START com.android.internal.os.RuntimeInit uid 2000 <<<<<<
12-14 03:04:00.472 W/app_process( 4442): Unexpected CPU variant for X86 using defaults: x86
12-14 03:04:00.487 D/AndroidRuntime( 4442): Calling main entry com.android.commands.am.Am
--------- beginning of system
12-14 03:04:00.488 I/ActivityManager( 1628): Force stopping com.evancharlton.mileage appid=10386 user=0: start instr
12-14 03:04:00.488 I/ActivityManager( 1628): Killing 4421:com.evancharlton.mileage/u0a386 (adj 0): stop com.evancharlton.mileage
12-14 03:04:00.489 W/ActivityManager( 1628): Crash of app com.evancharlton.mileage running instrumentation ComponentInfo{com.evancharlton.mileage.test/sh.calaba.instrumentationbackend.ClearAppData2}
12-14 03:04:00.489 I/ActivityManager( 1628): Force stopping com.evancharlton.mileage appid=10386 user=0: finished inst
12-14 03:04:00.495 I/zygote  ( 4452): Not late-enabling -Xcheck:jni (already on)
12-14 03:04:00.499 E/WifiVendorHal( 1628): getTxPktFates(l.1941) failed {.code = ERROR_NOT_SUPPORTED, .description = }
12-14 03:04:00.499 E/WifiVendorHal( 1628): getRxPktFates(l.1981) failed {.code = ERROR_NOT_SUPPORTED, .description = }
12-14 03:04:00.501 I/ActivityManager( 1628): Start proc 4452:com.evancharlton.mileage/u0a386 for added application com.evancharlton.mileage
12-14 03:04:00.502 D/AndroidRuntime( 4442): Shutting down VM
12-14 03:04:00.504 W/zygote  ( 4452): Unexpected CPU variant for X86 using defaults: x86
12-14 03:04:00.505 E/memtrack( 1628): Couldn't load memtrack module
12-14 03:04:00.505 W/android.os.Debug( 1628): failed to get memory consumption info: -1
12-14 03:04:00.518 W/zygote  ( 4452): Found duplicate classes, falling back to extracting from APK : /data/app/com.evancharlton.mileage.test-QQseR8zCVC1KAYW1TSNHEg==/base.apk
12-14 03:04:00.518 W/zygote  ( 4452): NOTE: This wastes RAM and hurts startup performance.
12-14 03:04:00.518 W/zygote  ( 4452): Found duplicated class when checking oat files: 'Ljunit/runner/BaseTestRunner;' in /data/app/com.evancharlton.mileage.test-QQseR8zCVC1KAYW1TSNHEg==/base.apk and /system/framework/android.test.runner.jar
12-14 03:04:00.518 W/zygote  ( 4452): 
12-14 03:04:00.529 E/adbd    ( 1383): failed to connect to socket 'tcp:7102': Connection refused
12-14 03:04:00.534 E/adbd    ( 1383): failed to connect to socket 'tcp:7102': Connection refused
12-14 03:04:00.555 W/System  ( 4452): ClassLoader referenced unknown path: 
12-14 03:04:00.567 I/System.out( 4452): Main activity name automatically set to: com.evancharlton.mileage.Mileage
12-14 03:04:00.568 I/System.out( 4452): Calabash did not load Mono. This is only a problem if you are trying to test a Mono application
12-14 03:04:00.568 I/calabash( 4452): Test server port: 7102
12-14 03:04:00.569 I/InstrumentationBackend( 4452): Added:'GetPreferences', with key:'get_preferences'
12-14 03:04:00.627 I/InstrumentationBackend( 4452): Added:'SetPreferences', with key:'set_preferences'
12-14 03:04:00.628 I/InstrumentationBackend( 4452): Added:'ClearPreferences', with key:'clear_preferences'
12-14 03:04:00.628 I/InstrumentationBackend( 4452): Added:'PressElement', with key:'press_l10n_element'
12-14 03:04:00.628 I/InstrumentationBackend( 4452): Added:'WaitForElement', with key:'wait_for_l10n_element'
12-14 03:04:00.629 I/InstrumentationBackend( 4452): Added:'NullAction', with key:'nullAction'
12-14 03:04:00.629 I/InstrumentationBackend( 4452): Added:'PressKey', with key:'press_key'
12-14 03:04:00.630 I/InstrumentationBackend( 4452): Added:'SetActivityOrientation', with key:'set_activity_orientation'
12-14 03:04:00.630 I/InstrumentationBackend( 4452): Added:'GetActivityOrientation', with key:'get_activity_orientation'
12-14 03:04:00.631 I/InstrumentationBackend( 4452): Added:'FakeGPSLocation', with key:'set_gps_coordinates'
12-14 03:04:00.631 I/InstrumentationBackend( 4452): Added:'SetPropertyByCssSelector', with key:'set_property_by_css_selector'
12-14 03:04:00.632 I/InstrumentationBackend( 4452): Added:'GetUrl', with key:'get_url'
12-14 03:04:00.634 I/InstrumentationBackend( 4452): Added:'ScrollTo', with key:'scroll_to'
12-14 03:04:00.635 I/InstrumentationBackend( 4452): Added:'GetLoadProgress', with key:'get_load_progress'
12-14 03:04:00.635 I/InstrumentationBackend( 4452): Added:'DumpHtml', with key:'dump_html'
12-14 03:04:00.635 I/InstrumentationBackend( 4452): Added:'DumpBodyHtml', with key:'dump_body_html'
12-14 03:04:00.636 I/InstrumentationBackend( 4452): Added:'EnterTextByCssSelector', with key:'enter_text_by_selector'
12-14 03:04:00.639 E/adbd    ( 1383): failed to connect to socket 'tcp:7102': Connection refused
12-14 03:04:00.641 I/InstrumentationBackend( 4452): Added:'AndroidSDKVersion', with key:'android_sdk_version'
12-14 03:04:00.641 I/InstrumentationBackend( 4452): Added:'Version', with key:'version'
12-14 03:04:00.642 E/adbd    ( 1383): failed to connect to socket 'tcp:7102': Connection refused
12-14 03:04:00.642 I/InstrumentationBackend( 4452): Added:'Drag', with key:'drag'
12-14 03:04:00.642 I/InstrumentationBackend( 4452): Added:'TouchCoordinates', with key:'touch_coordinate'
12-14 03:04:00.643 I/InstrumentationBackend( 4452): Added:'LongPressCoordinate', with key:'long_press_coordinate'
12-14 03:04:00.643 I/InstrumentationBackend( 4452): Added:'DragCoordinates', with key:'drag_coordinates'
12-14 03:04:00.644 I/InstrumentationBackend( 4452): Added:'ResumeApplication', with key:'resume_application'
12-14 03:04:00.644 I/InstrumentationBackend( 4452): Added:'Swipe', with key:'swipe'
12-14 03:04:00.644 I/InstrumentationBackend( 4452): Added:'DoubleTapCoordinate', with key:'double_tap_coordinate'
12-14 03:04:00.645 I/InstrumentationBackend( 4452): Added:'ClickOnScreen', with key:'click_on_screen'
12-14 03:04:00.645 I/InstrumentationBackend( 4452): Added:'GetActivityName', with key:'get_activity_name'
12-14 03:04:00.646 I/InstrumentationBackend( 4452): Added:'ScrollToView', with key:'scroll_to_view'
12-14 03:04:00.647 I/InstrumentationBackend( 4452): Added:'ViewConfiguration', with key:'view_configuration'
12-14 03:04:00.647 I/InstrumentationBackend( 4452): Added:'IsCurrentActivityFocused', with key:'is_current_activity_focused'
12-14 03:04:00.647 I/InstrumentationBackend( 4452): Added:'SendTcp', with key:'send_tcp'
12-14 03:04:00.648 I/InstrumentationBackend( 4452): Added:'DpToDevicePixel', with key:'dp_to_device_pixel'
12-14 03:04:00.648 I/InstrumentationBackend( 4452): Added:'KeyboardEnterText', with key:'keyboard_enter_text'
12-14 03:04:00.649 I/InstrumentationBackend( 4452): Added:'DeleteSurroundingText', with key:'delete_surrounding_text'
12-14 03:04:00.649 I/InstrumentationBackend( 4452): Added:'SetComposingRegion', with key:'set_composing_region'
12-14 03:04:00.650 I/InstrumentationBackend( 4452): Added:'SetSelection', with key:'set_selection'
12-14 03:04:00.650 I/InstrumentationBackend( 4452): Added:'KeyboardKeyEvent', with key:'keyboard_key_event'
12-14 03:04:00.650 I/InstrumentationBackend( 4452): Added:'PressUserActionButton', with key:'press_user_action_button'
12-14 03:04:00.651 I/InstrumentationBackend( 4452): Added:'HideSoftKeyboard', with key:'hide_soft_keyboard'
12-14 03:04:00.652 I/InstrumentationBackend( 4452): Added:'ListActions', with key:'list_actions'
12-14 03:04:00.652 I/calabash( 4452): Instantiating http server at 7102
12-14 03:04:00.653 I/System.out( 4452): HTTP Daemon listening on: 7102
12-14 03:04:00.759 I/System.out( 4452): URI: //ping
12-14 03:04:00.759 I/System.out( 4452): params: {json={}
12-14 03:04:00.759 I/System.out( 4452): }
12-14 03:04:00.773 I/System.out( 4452): URI: //ping
12-14 03:04:00.773 I/System.out( 4452): params: {json={}
12-14 03:04:00.773 I/System.out( 4452): }
12-14 03:04:00.781 I/System.out( 4452): URI: //ready
12-14 03:04:00.781 I/System.out( 4452): params: {json={}
12-14 03:04:00.781 I/System.out( 4452): }
12-14 03:04:00.793 I/System.out( 4452): URI: //
12-14 03:04:00.793 I/System.out( 4452): params: {json={"command":"version","arguments":[]}
12-14 03:04:00.793 I/System.out( 4452): }
12-14 03:04:00.793 I/System.out( 4452): header: {content-type=application/json;charset=utf-8, date=Mon, 14 Dec 2020 08:04:01 GMT, accept=*/*, host=127.0.0.1:34777, content-length=36, user-agent=HTTPClient/1.0 (2.8.3, ruby 2.5.8 (2020-03-31))}
12-14 03:04:00.793 I/System.out( 4452): params: {json={"command":"version","arguments":[]}
12-14 03:04:00.793 I/System.out( 4452): }
12-14 03:04:00.793 I/System.out( 4452): ProP json = {"command":"version","arguments":[]}
12-14 03:04:00.794 I/System.out( 4452): files: {}
12-14 03:04:00.794 I/System.out( 4452): command: {"command":"version","arguments":[]}
12-14 03:04:00.821 I/InstrumentationBackend( 4452): Got command:'Command:'Line:null,version', arguments:'[]'
12-14 03:04:00.854 I/System.out( 4452): result:{"bonusInformation":[],"message":"0.9.8","success":true}
12-14 03:04:00.860 I/System.out( 4452): URI: //start-application
12-14 03:04:00.860 I/System.out( 4452): params: {json={"intent":null}
12-14 03:04:00.860 I/System.out( 4452): }
12-14 03:04:00.899 I/ActivityManager( 1628): START u0 {act=android.intent.action.MAIN cat=[android.intent.category.LAUNCHER] flg=0x10200000 cmp=com.evancharlton.mileage/.Mileage} from uid 10386
12-14 03:04:00.916 I/calabash( 4452): newActivity1
12-14 03:04:00.926 D/gralloc_ranchu( 1396): gralloc_alloc: Creating ashmem region of size 7753728
12-14 03:04:00.947 W/ActivityManager( 1628): Bad activity token: android.os.BinderProxy@562fbca
12-14 03:04:00.947 W/ActivityManager( 1628): java.lang.ClassCastException: android.os.BinderProxy cannot be cast to com.android.server.am.ActivityRecord$Token
12-14 03:04:00.947 W/ActivityManager( 1628): 	at com.android.server.am.ActivityRecord.forTokenLocked(ActivityRecord.java:778)
12-14 03:04:00.947 W/ActivityManager( 1628): 	at com.android.server.am.ActivityRecord.isInStackLocked(ActivityRecord.java:2085)
12-14 03:04:00.947 W/ActivityManager( 1628): 	at com.android.server.am.ActivityRecord.getStackLocked(ActivityRecord.java:2090)
12-14 03:04:00.947 W/ActivityManager( 1628): 	at com.android.server.am.ActivityManagerService.getActivityDisplayId(ActivityManagerService.java:10406)
12-14 03:04:00.947 W/ActivityManager( 1628): 	at android.app.IActivityManager$Stub.onTransact(IActivityManager.java:2738)
12-14 03:04:00.947 W/ActivityManager( 1628): 	at com.android.server.am.ActivityManagerService.onTransact(ActivityManagerService.java:2935)
12-14 03:04:00.947 W/ActivityManager( 1628): 	at android.os.Binder.execTransact(Binder.java:674)
12-14 03:04:00.952 I/calabash( 4452): newActivity1
12-14 03:04:00.961 W/ActivityManager( 1628): Bad activity token: android.os.BinderProxy@562fbca
12-14 03:04:00.961 W/ActivityManager( 1628): java.lang.ClassCastException: android.os.BinderProxy cannot be cast to com.android.server.am.ActivityRecord$Token
12-14 03:04:00.961 W/ActivityManager( 1628): 	at com.android.server.am.ActivityRecord.forTokenLocked(ActivityRecord.java:778)
12-14 03:04:00.961 W/ActivityManager( 1628): 	at com.android.server.am.ActivityRecord.isInStackLocked(ActivityRecord.java:2085)
12-14 03:04:00.961 W/ActivityManager( 1628): 	at com.android.server.am.ActivityManagerService.setTaskDescription(ActivityManagerService.java:9988)
12-14 03:04:00.961 W/ActivityManager( 1628): 	at android.app.IActivityManager$Stub.onTransact(IActivityManager.java:2824)
12-14 03:04:00.961 W/ActivityManager( 1628): 	at com.android.server.am.ActivityManagerService.onTransact(ActivityManagerService.java:2935)
12-14 03:04:00.961 W/ActivityManager( 1628): 	at android.os.Binder.execTransact(Binder.java:674)
12-14 03:04:00.963 W/ActivityManager( 1628): Bad activity token: android.os.BinderProxy@562fbca
12-14 03:04:00.963 W/ActivityManager( 1628): java.lang.ClassCastException: android.os.BinderProxy cannot be cast to com.android.server.am.ActivityRecord$Token
12-14 03:04:00.963 W/ActivityManager( 1628): 	at com.android.server.am.ActivityRecord.forTokenLocked(ActivityRecord.java:778)
12-14 03:04:00.963 W/ActivityManager( 1628): 	at com.android.server.am.ActivityRecord.isInStackLocked(ActivityRecord.java:2085)
12-14 03:04:00.963 W/ActivityManager( 1628): 	at com.android.server.am.ActivityRecord.getStackLocked(ActivityRecord.java:2090)
12-14 03:04:00.963 W/ActivityManager( 1628): 	at com.android.server.am.ActivityManagerService.getActivityStackId(ActivityManagerService.java:10417)
12-14 03:04:00.963 W/ActivityManager( 1628): 	at android.app.IActivityManager$Stub.onTransact(IActivityManager.java:3548)
12-14 03:04:00.963 W/ActivityManager( 1628): 	at com.android.server.am.ActivityManagerService.onTransact(ActivityManagerService.java:2935)
12-14 03:04:00.963 W/ActivityManager( 1628): 	at android.os.Binder.execTransact(Binder.java:674)
12-14 03:04:00.983 D/EGL_emulation( 2234): eglMakeCurrent: 0xa7705a20: ver 3 0 (tinfo 0xa7703650)
12-14 03:04:00.985 D/EGL_emulation( 2198): eglMakeCurrent: 0xa4efdb60: ver 3 0 (tinfo 0xa4effbd0)
12-14 03:04:01.002 D/EGL_emulation( 1728): eglMakeCurrent: 0x9394d2e0: ver 3 0 (tinfo 0x9394ab70)
12-14 03:04:01.003 V/StatusBar( 1728): setLightsOn(true)
12-14 03:04:01.025 D/EGL_emulation( 1728): eglMakeCurrent: 0x9394d2e0: ver 3 0 (tinfo 0x9394ab70)
12-14 03:04:01.030 E/ContentStoreEUAS( 2234): Failed to commit the deferred actions
12-14 03:04:01.032 D/EGL_emulation( 1728): eglMakeCurrent: 0x9394d2e0: ver 3 0 (tinfo 0x9394ab70)
12-14 03:04:01.037 D/FillupsProvider( 4452): Creating database
12-14 03:04:01.067 D/EGL_emulation( 1728): eglMakeCurrent: 0x9394d2e0: ver 3 0 (tinfo 0x9394ab70)
12-14 03:04:01.071 D/EGL_emulation( 1728): eglMakeCurrent: 0x9394d2e0: ver 3 0 (tinfo 0x9394ab70)
12-14 03:04:01.083 I/zygote  ( 4452): Do partial code cache collection, code=30KB, data=21KB
12-14 03:04:01.083 D/EGL_emulation( 1728): eglMakeCurrent: 0x9394d2e0: ver 3 0 (tinfo 0x9394ab70)
12-14 03:04:01.085 I/zygote  ( 4452): After code cache collection, code=30KB, data=21KB
12-14 03:04:01.085 I/zygote  ( 4452): Increasing code cache capacity to 128KB
12-14 03:04:01.090 D/EGL_emulation( 1728): eglMakeCurrent: 0x9394d2e0: ver 3 0 (tinfo 0x9394ab70)
12-14 03:04:01.149 W/ActivityManager( 1628): Bad activity token: android.os.BinderProxy@562fbca
12-14 03:04:01.149 W/ActivityManager( 1628): java.lang.ClassCastException: android.os.BinderProxy cannot be cast to com.android.server.am.ActivityRecord$Token
12-14 03:04:01.149 W/ActivityManager( 1628): 	at com.android.server.am.ActivityRecord.forTokenLocked(ActivityRecord.java:778)
12-14 03:04:01.149 W/ActivityManager( 1628): 	at com.android.server.am.ActivityRecord.isInStackLocked(ActivityRecord.java:2085)
12-14 03:04:01.149 W/ActivityManager( 1628): 	at com.android.server.am.ActivityManagerService.getActivityOptions(ActivityManagerService.java:13302)
12-14 03:04:01.149 W/ActivityManager( 1628): 	at android.app.IActivityManager$Stub.onTransact(IActivityManager.java:2910)
12-14 03:04:01.149 W/ActivityManager( 1628): 	at com.android.server.am.ActivityManagerService.onTransact(ActivityManagerService.java:2935)
12-14 03:04:01.149 W/ActivityManager( 1628): 	at android.os.Binder.execTransact(Binder.java:674)
12-14 03:04:01.150 W/ActivityManager( 1628): Bad activity token: android.os.BinderProxy@562fbca
12-14 03:04:01.150 W/ActivityManager( 1628): java.lang.ClassCastException: android.os.BinderProxy cannot be cast to com.android.server.am.ActivityRecord$Token
12-14 03:04:01.150 W/ActivityManager( 1628): 	at com.android.server.am.ActivityRecord.forTokenLocked(ActivityRecord.java:778)
12-14 03:04:01.150 W/ActivityManager( 1628): 	at com.android.server.am.ActivityRecord.isInStackLocked(ActivityRecord.java:2085)
12-14 03:04:01.150 W/ActivityManager( 1628): 	at com.android.server.am.ActivityManagerService.getActivityOptions(ActivityManagerService.java:13302)
12-14 03:04:01.150 W/ActivityManager( 1628): 	at android.app.IActivityManager$Stub.onTransact(IActivityManager.java:2910)
12-14 03:04:01.150 W/ActivityManager( 1628): 	at com.android.server.am.ActivityManagerService.onTransact(ActivityManagerService.java:2935)
12-14 03:04:01.150 W/ActivityManager( 1628): 	at android.os.Binder.execTransact(Binder.java:674)
12-14 03:04:01.201 I/chatty  ( 1728): uid=10028(u0_a28) RenderThread identical 14 lines
12-14 03:04:01.210 D/EGL_emulation( 1728): eglMakeCurrent: 0x9394d2e0: ver 3 0 (tinfo 0x9394ab70)
12-14 03:04:01.227 V/StatusBar( 1728): setLightsOn(true)
12-14 03:04:01.288 I/chatty  ( 1728): uid=10028(u0_a28) com.android.systemui identical 2 lines
12-14 03:04:01.289 V/StatusBar( 1728): setLightsOn(true)
12-14 03:04:01.294 I/zygote  ( 4452): Do partial code cache collection, code=44KB, data=58KB
12-14 03:04:01.295 I/zygote  ( 4452): After code cache collection, code=44KB, data=58KB
12-14 03:04:01.295 I/zygote  ( 4452): Increasing code cache capacity to 256KB
12-14 03:04:01.295 I/zygote  ( 4452): JIT allocated 71KB for compiled code of void android.widget.TextView.<init>(android.content.Context, android.util.AttributeSet, int, int)
12-14 03:04:01.295 I/zygote  ( 4452): Compiler allocated 4MB to compile void android.widget.TextView.<init>(android.content.Context, android.util.AttributeSet, int, int)
12-14 03:04:01.320 I/zygote  ( 4452): Do full code cache collection, code=123KB, data=70KB
12-14 03:04:01.321 I/zygote  ( 4452): After code cache collection, code=83KB, data=35KB
12-14 03:04:01.325 D/gralloc_ranchu( 1396): gralloc_alloc: Creating ashmem region of size 7753728
12-14 03:04:01.348 D/        ( 4452): HostConnection::get() New Host Connection established 0xa4b30e80, tid 4452
12-14 03:04:01.406 V/StatusBar( 1728): setLightsOn(true)
12-14 03:04:01.407 V/StatusBar( 1728): setLightsOn(true)
12-14 03:04:01.409 I/ActivityManager( 1628): Displayed com.evancharlton.mileage/.Mileage: +502ms
12-14 03:04:01.413 V/StatusBar( 1728): setLightsOn(true)
12-14 03:04:01.438 D/gralloc_ranchu( 1396): gralloc_alloc: Creating ashmem region of size 7753728
12-14 03:04:01.595 V/StatusBar( 1728): setLightsOn(true)
12-14 03:04:01.600 V/StatusBar( 1728): setLightsOn(true)
12-14 03:04:01.616 I/System.out( 4452): URI: //
12-14 03:04:01.616 I/System.out( 4452): params: {json={"command":"set_activity_orientation","arguments":["landscape"]}
12-14 03:04:01.616 I/System.out( 4452): }
12-14 03:04:01.617 I/System.out( 4452): header: {content-type=application/json;charset=utf-8, date=Mon, 14 Dec 2020 08:04:02 GMT, accept=*/*, host=127.0.0.1:34777, content-length=64, user-agent=HTTPClient/1.0 (2.8.3, ruby 2.5.8 (2020-03-31))}
12-14 03:04:01.617 I/System.out( 4452): params: {json={"command":"set_activity_orientation","arguments":["landscape"]}
12-14 03:04:01.617 I/System.out( 4452): }
12-14 03:04:01.617 I/System.out( 4452): ProP json = {"command":"set_activity_orientation","arguments":["landscape"]}
12-14 03:04:01.617 I/System.out( 4452): files: {}
12-14 03:04:01.617 I/System.out( 4452): command: {"command":"set_activity_orientation","arguments":["landscape"]}
12-14 03:04:01.620 I/InstrumentationBackend( 4452): Got command:'Command:'Line:null,set_activity_orientation', arguments:'[landscape]'
12-14 03:04:01.622 D/gralloc_ranchu( 1396): gralloc_alloc: Creating ashmem region of size 8298496
12-14 03:04:01.639 W/LocalDisplayAdapter( 1628): Unable to find color mode 0, ignoring request.
12-14 03:04:01.648 I/ActivityManager( 1628): Config changes=480 {1.0 310mcc260mnc [en_US] ldltr sw411dp w683dp h387dp 420dpi nrml land finger qwerty/v/v -nav/h appBounds=Rect(0, 0 - 1794, 1080) s.7}
12-14 03:04:01.659 I/InputReader( 1628): Reconfiguring input devices.  changes=0x00000004
12-14 03:04:01.659 I/InputReader( 1628): Device reconfigured: id=0, name='qwerty2', size 1080x1920, orientation 1, mode 1, display id 0
12-14 03:04:01.675 I/ActivityManager( 1628): Override config changes=480 {1.0 310mcc260mnc [en_US] ldltr sw411dp w683dp h387dp 420dpi nrml land finger qwerty/v/v -nav/h appBounds=Rect(0, 0 - 1794, 1080) s.7} for displayId=0
12-14 03:04:01.767 D/gralloc_ranchu( 1396): gralloc_alloc: Creating ashmem region of size 544768
12-14 03:04:01.790 D/NuPlayerDriver( 1484): NuPlayerDriver(0xaf5a9230) created, clientPid(1728)
12-14 03:04:01.791 D/EGL_emulation( 1728): eglMakeCurrent: 0x9394d2e0: ver 3 0 (tinfo 0x9394ab70)
12-14 03:04:01.797 D/gralloc_ranchu( 1396): gralloc_alloc: Creating ashmem region of size 544768
12-14 03:04:01.800 D/gralloc_ranchu( 1396): gralloc_alloc: Creating ashmem region of size 7753728
12-14 03:04:01.812 D/GenericSource( 1484): FileSource remote
12-14 03:04:01.831 D/NuPlayerDriver( 1484): notifyListener_l(0xaf5a9230), (1, 0, 0, -1), loop setting(0, 0)
12-14 03:04:01.854 I/MediaFocusControl( 1628):  AudioFocus  requestAudioFocus() from uid/pid 10028/1728 clientId=android.media.AudioManager@78648e8 req=3 flags=0x0
12-14 03:04:01.881 I/System.out( 4452): result:{"bonusInformation":[],"message":"","success":true}
12-14 03:04:01.902 I/calabash( 4452): newActivity1
12-14 03:04:01.927 W/ActivityManager( 1628): Bad activity token: android.os.BinderProxy@12fa91b
12-14 03:04:01.927 W/ActivityManager( 1628): java.lang.ClassCastException: android.os.BinderProxy cannot be cast to com.android.server.am.ActivityRecord$Token
12-14 03:04:01.927 W/ActivityManager( 1628): 	at com.android.server.am.ActivityRecord.forTokenLocked(ActivityRecord.java:778)
12-14 03:04:01.927 W/ActivityManager( 1628): 	at com.android.server.am.ActivityRecord.isInStackLocked(ActivityRecord.java:2085)
12-14 03:04:01.927 W/ActivityManager( 1628): 	at com.android.server.am.ActivityRecord.getStackLocked(ActivityRecord.java:2090)
12-14 03:04:01.927 W/ActivityManager( 1628): 	at com.android.server.am.ActivityManagerService.getActivityDisplayId(ActivityManagerService.java:10406)
12-14 03:04:01.927 W/ActivityManager( 1628): 	at android.app.IActivityManager$Stub.onTransact(IActivityManager.java:2738)
12-14 03:04:01.927 W/ActivityManager( 1628): 	at com.android.server.am.ActivityManagerService.onTransact(ActivityManagerService.java:2935)
12-14 03:04:01.927 W/ActivityManager( 1628): 	at android.os.Binder.execTransact(Binder.java:674)
12-14 03:04:01.928 I/calabash( 4452): newActivity1
12-14 03:04:01.933 W/ActivityManager( 1628): Bad activity token: android.os.BinderProxy@12fa91b
12-14 03:04:01.933 W/ActivityManager( 1628): java.lang.ClassCastException: android.os.BinderProxy cannot be cast to com.android.server.am.ActivityRecord$Token
12-14 03:04:01.933 W/ActivityManager( 1628): 	at com.android.server.am.ActivityRecord.forTokenLocked(ActivityRecord.java:778)
12-14 03:04:01.933 W/ActivityManager( 1628): 	at com.android.server.am.ActivityRecord.isInStackLocked(ActivityRecord.java:2085)
12-14 03:04:01.933 W/ActivityManager( 1628): 	at com.android.server.am.ActivityManagerService.setTaskDescription(ActivityManagerService.java:9988)
12-14 03:04:01.933 W/ActivityManager( 1628): 	at android.app.IActivityManager$Stub.onTransact(IActivityManager.java:2824)
12-14 03:04:01.933 W/ActivityManager( 1628): 	at com.android.server.am.ActivityManagerService.onTransact(ActivityManagerService.java:2935)
12-14 03:04:01.933 W/ActivityManager( 1628): 	at android.os.Binder.execTransact(Binder.java:674)
12-14 03:04:01.934 W/ActivityManager( 1628): Bad activity token: android.os.BinderProxy@12fa91b
12-14 03:04:01.934 W/ActivityManager( 1628): java.lang.ClassCastException: android.os.BinderProxy cannot be cast to com.android.server.am.ActivityRecord$Token
12-14 03:04:01.934 W/ActivityManager( 1628): 	at com.android.server.am.ActivityRecord.forTokenLocked(ActivityRecord.java:778)
12-14 03:04:01.934 W/ActivityManager( 1628): 	at com.android.server.am.ActivityRecord.isInStackLocked(ActivityRecord.java:2085)
12-14 03:04:01.934 W/ActivityManager( 1628): 	at com.android.server.am.ActivityRecord.getStackLocked(ActivityRecord.java:2090)
12-14 03:04:01.934 W/ActivityManager( 1628): 	at com.android.server.am.ActivityManagerService.getActivityStackId(ActivityManagerService.java:10417)
12-14 03:04:01.934 W/ActivityManager( 1628): 	at android.app.IActivityManager$Stub.onTransact(IActivityManager.java:3548)
12-14 03:04:01.934 W/ActivityManager( 1628): 	at com.android.server.am.ActivityManagerService.onTransact(ActivityManagerService.java:2935)
12-14 03:04:01.934 W/ActivityManager( 1628): 	at android.os.Binder.execTransact(Binder.java:674)
12-14 03:04:01.966 D/gralloc_ranchu( 1396): gralloc_alloc: Creating ashmem region of size 544768
12-14 03:04:01.990 W/ActivityManager( 1628): Bad activity token: android.os.BinderProxy@12fa91b
12-14 03:04:01.990 W/ActivityManager( 1628): java.lang.ClassCastException: android.os.BinderProxy cannot be cast to com.android.server.am.ActivityRecord$Token
12-14 03:04:01.990 W/ActivityManager( 1628): 	at com.android.server.am.ActivityRecord.forTokenLocked(ActivityRecord.java:778)
12-14 03:04:01.990 W/ActivityManager( 1628): 	at com.android.server.am.ActivityRecord.isInStackLocked(ActivityRecord.java:2085)
12-14 03:04:01.990 W/ActivityManager( 1628): 	at com.android.server.am.ActivityManagerService.getActivityOptions(ActivityManagerService.java:13302)
12-14 03:04:01.990 W/ActivityManager( 1628): 	at android.app.IActivityManager$Stub.onTransact(IActivityManager.java:2910)
12-14 03:04:01.990 W/ActivityManager( 1628): 	at com.android.server.am.ActivityManagerService.onTransact(ActivityManagerService.java:2935)
12-14 03:04:01.990 W/ActivityManager( 1628): 	at android.os.Binder.execTransact(Binder.java:674)
12-14 03:04:01.991 W/ActivityManager( 1628): Bad activity token: android.os.BinderProxy@12fa91b
12-14 03:04:01.991 W/ActivityManager( 1628): java.lang.ClassCastException: android.os.BinderProxy cannot be cast to com.android.server.am.ActivityRecord$Token
12-14 03:04:01.991 W/ActivityManager( 1628): 	at com.android.server.am.ActivityRecord.forTokenLocked(ActivityRecord.java:778)
12-14 03:04:01.991 W/ActivityManager( 1628): 	at com.android.server.am.ActivityRecord.isInStackLocked(ActivityRecord.java:2085)
12-14 03:04:01.991 W/ActivityManager( 1628): 	at com.android.server.am.ActivityManagerService.getActivityOptions(ActivityManagerService.java:13302)
12-14 03:04:01.991 W/ActivityManager( 1628): 	at android.app.IActivityManager$Stub.onTransact(IActivityManager.java:2910)
12-14 03:04:01.991 W/ActivityManager( 1628): 	at com.android.server.am.ActivityManagerService.onTransact(ActivityManagerService.java:2935)
12-14 03:04:01.991 W/ActivityManager( 1628): 	at android.os.Binder.execTransact(Binder.java:674)
12-14 03:04:02.006 D/gralloc_ranchu( 1396): gralloc_alloc: Creating ashmem region of size 487424
12-14 03:04:02.020 D/StatusBar( 1728): disable<e i a s b h r c s q >
12-14 03:04:02.028 D/EGL_emulation( 1728): eglMakeCurrent: 0x9394d2e0: ver 3 0 (tinfo 0x9394ab70)
12-14 03:04:02.031 I/zygote  ( 4452): Do partial code cache collection, code=122KB, data=74KB
12-14 03:04:02.032 I/zygote  ( 4452): After code cache collection, code=122KB, data=74KB
12-14 03:04:02.038 D/gralloc_ranchu( 1396): gralloc_alloc: Creating ashmem region of size 487424
12-14 03:04:02.038 I/zygote  ( 4452): Increasing code cache capacity to 512KB
12-14 03:04:02.059 V/StatusBar( 1728): setLightsOn(true)
12-14 03:04:02.070 D/gralloc_ranchu( 1396): gralloc_alloc: Creating ashmem region of size 487424
12-14 03:04:02.087 I/zygote  ( 1728): Do partial code cache collection, code=125KB, data=93KB
12-14 03:04:02.087 D/EGL_emulation( 1728): eglMakeCurrent: 0x9394d2e0: ver 3 0 (tinfo 0x9394ab70)
12-14 03:04:02.089 I/zygote  ( 1728): After code cache collection, code=125KB, data=93KB
12-14 03:04:02.089 I/zygote  ( 1728): Increasing code cache capacity to 512KB
12-14 03:04:02.092 D/EGL_emulation( 1728): eglMakeCurrent: 0x9394d2e0: ver 3 0 (tinfo 0x9394ab70)
12-14 03:04:02.118 V/StatusBar( 1728): setLightsOn(true)
12-14 03:04:02.143 D/gralloc_ranchu( 1396): gralloc_alloc: Creating ashmem region of size 7753728
12-14 03:04:02.206 V/StatusBar( 1728): setLightsOn(true)
12-14 03:04:02.222 V/StatusBar( 1728): setLightsOn(true)
12-14 03:04:02.224 I/WindowManager( 1628): Screen frozen for +603ms due to Window{9e02093 u0 com.evancharlton.mileage/com.evancharlton.mileage.Mileage}
12-14 03:04:02.224 D/gralloc_ranchu( 1396): gralloc_alloc: Creating ashmem region of size 7753728
12-14 03:04:02.258 V/StatusBar( 1728): setLightsOn(true)
12-14 03:04:02.267 D/SurfaceFlinger( 1410): duplicate layer name: changing BlackSurface to BlackSurface#1
12-14 03:04:02.298 D/SurfaceFlinger( 1410): duplicate layer name: changing BlackSurface to BlackSurface#2
12-14 03:04:02.311 D/SurfaceFlinger( 1410): duplicate layer name: changing BlackSurface to BlackSurface#3
12-14 03:04:02.323 E/memtrack( 1628): Couldn't load memtrack module
12-14 03:04:02.323 W/android.os.Debug( 1628): failed to get memory consumption info: -1
12-14 03:04:02.357 D/NuPlayerDriver( 1484): start(0xaf5a9230), state is 4, eos is 0
12-14 03:04:02.357 I/GenericSource( 1484): start
12-14 03:04:02.358 W/SurfaceFlinger( 1410): couldn't log to binary event log: overflow.
12-14 03:04:02.367 I/OMXClient( 1484): Treble IOmx obtained
12-14 03:04:02.367 I/OMXMaster( 1489): makeComponentInstance(OMX.google.vorbis.decoder) in omx@1.0-service process
12-14 03:04:02.371 E/OMXNodeInstance( 1489): setConfig(0xaf5a1260:google.vorbis.decoder, ConfigPriority(0x6f800002)) ERROR: Undefined(0x80001001)
12-14 03:04:02.372 I/ACodec  ( 1484): codec does not support config priority (err -2147483648)
12-14 03:04:02.372 E/OMXNodeInstance( 1489): getConfig(0xaf5a1260:google.vorbis.decoder, ConfigAndroidVendorExtension(0x6f100004)) ERROR: Undefined(0x80001001)
12-14 03:04:02.372 I/MediaCodec( 1484): MediaCodec will operate in async mode
12-14 03:04:02.373 W//system/bin/hw/android.hidl.allocator@1.0-service( 1389): ashmem_create_region(32768) returning hidl_memory(0xb5e1b850, 32768)
12-14 03:04:02.393 I/chatty  ( 1389): uid=1000(system) allocator@1.0-s identical 10 lines
12-14 03:04:02.396 W//system/bin/hw/android.hidl.allocator@1.0-service( 1389): ashmem_create_region(32768) returning hidl_memory(0xb5e1b850, 32768)
12-14 03:04:02.413 D/AudioTrack( 1484): Client defaulted notificationFrames to 7406 for frameCount 22218
12-14 03:04:02.417 D/NuPlayerDriver( 1484): notifyListener_l(0xaf5a9230), (6, 0, 0, -1), loop setting(0, 0)
12-14 03:04:02.419 W/audio_hw_generic( 1390): Not supplying enough data to HAL, expected position 355748 , only wrote 355680
12-14 03:04:02.440 I/PBSessionCacheImpl( 2234): Deleted sessionId[10186561887291] from persistence.
12-14 03:04:02.490 W/SearchService( 2234): Abort, client detached.
12-14 03:04:02.747 V/StatusBar( 1728): setLightsOn(true)
12-14 03:04:03.355 D/gralloc_ranchu( 1396): gralloc_alloc: Creating ashmem region of size 7753728
12-14 03:04:03.996 I/NuPlayerDecoder( 1484): [audio] saw output EOS
12-14 03:04:03.996 D/AudioTrack( 1484): stop() called with 84672 frames delivered
12-14 03:04:04.058 E/SurfaceFlinger( 1410): ro.sf.lcd_density must be defined as a build property
12-14 03:04:04.066 D/gralloc_ranchu( 1396): gralloc_alloc: Creating ashmem region of size 8298496
12-14 03:04:04.076 D/        ( 4509): HostConnection::get() New Host Connection established 0xa7eaf800, tid 4509
12-14 03:04:04.359 I/System.out( 4452): URI: //
12-14 03:04:04.359 I/System.out( 4452): params: {json={"command":"set_activity_orientation","arguments":["portrait"]}
12-14 03:04:04.359 I/System.out( 4452): }
12-14 03:04:04.359 I/System.out( 4452): header: {content-type=application/json;charset=utf-8, date=Mon, 14 Dec 2020 08:04:04 GMT, accept=*/*, host=127.0.0.1:34777, content-length=63, user-agent=HTTPClient/1.0 (2.8.3, ruby 2.5.8 (2020-03-31))}
12-14 03:04:04.359 I/System.out( 4452): params: {json={"command":"set_activity_orientation","arguments":["portrait"]}
12-14 03:04:04.359 I/System.out( 4452): }
12-14 03:04:04.359 I/System.out( 4452): ProP json = {"command":"set_activity_orientation","arguments":["portrait"]}
12-14 03:04:04.359 I/System.out( 4452): files: {}
12-14 03:04:04.359 I/System.out( 4452): command: {"command":"set_activity_orientation","arguments":["portrait"]}
12-14 03:04:04.364 I/InstrumentationBackend( 4452): Got command:'Command:'Line:null,set_activity_orientation', arguments:'[portrait]'
12-14 03:04:04.365 I/zygote  ( 1628): Explicit concurrent copying GC freed 25045(1886KB) AllocSpace objects, 11(236KB) LOS objects, 37% free, 9MB/15MB, paused 461us total 44.488ms
12-14 03:04:04.367 D/gralloc_ranchu( 1396): gralloc_alloc: Creating ashmem region of size 8298496
12-14 03:04:04.382 W/LocalDisplayAdapter( 1628): Unable to find color mode 0, ignoring request.
12-14 03:04:04.392 I/ActivityManager( 1628): Config changes=480 {1.0 310mcc260mnc [en_US] ldltr sw411dp w411dp h659dp 420dpi nrml port finger qwerty/v/v -nav/h appBounds=Rect(0, 0 - 1080, 1794) s.8}
12-14 03:04:04.405 I/InputReader( 1628): Reconfiguring input devices.  changes=0x00000004
12-14 03:04:04.405 I/InputReader( 1628): Device reconfigured: id=0, name='qwerty2', size 1080x1920, orientation 0, mode 1, display id 0
12-14 03:04:04.422 I/ActivityManager( 1628): Override config changes=480 {1.0 310mcc260mnc [en_US] ldltr sw411dp w411dp h659dp 420dpi nrml port finger qwerty/v/v -nav/h appBounds=Rect(0, 0 - 1080, 1794) s.8} for displayId=0
12-14 03:04:04.453 I/calabash( 4452): newActivity1
12-14 03:04:04.466 D/gralloc_ranchu( 1396): gralloc_alloc: Creating ashmem region of size 544768
12-14 03:04:04.475 D/EGL_emulation( 1728): eglMakeCurrent: 0x9394d2e0: ver 3 0 (tinfo 0x9394ab70)
12-14 03:04:04.480 D/gralloc_ranchu( 1396): gralloc_alloc: Creating ashmem region of size 544768
12-14 03:04:04.490 W/ActivityManager( 1628): Bad activity token: android.os.BinderProxy@2d5e001
12-14 03:04:04.490 W/ActivityManager( 1628): java.lang.ClassCastException: android.os.BinderProxy cannot be cast to com.android.server.am.ActivityRecord$Token
12-14 03:04:04.490 W/ActivityManager( 1628): 	at com.android.server.am.ActivityRecord.forTokenLocked(ActivityRecord.java:778)
12-14 03:04:04.490 W/ActivityManager( 1628): 	at com.android.server.am.ActivityRecord.isInStackLocked(ActivityRecord.java:2085)
12-14 03:04:04.490 W/ActivityManager( 1628): 	at com.android.server.am.ActivityRecord.getStackLocked(ActivityRecord.java:2090)
12-14 03:04:04.490 W/ActivityManager( 1628): 	at com.android.server.am.ActivityManagerService.getActivityDisplayId(ActivityManagerService.java:10406)
12-14 03:04:04.490 W/ActivityManager( 1628): 	at android.app.IActivityManager$Stub.onTransact(IActivityManager.java:2738)
12-14 03:04:04.490 W/ActivityManager( 1628): 	at com.android.server.am.ActivityManagerService.onTransact(ActivityManagerService.java:2935)
12-14 03:04:04.490 W/ActivityManager( 1628): 	at android.os.Binder.execTransact(Binder.java:674)
12-14 03:04:04.492 I/calabash( 4452): newActivity1
12-14 03:04:04.500 W/ActivityManager( 1628): Bad activity token: android.os.BinderProxy@2d5e001
12-14 03:04:04.500 W/ActivityManager( 1628): java.lang.ClassCastException: android.os.BinderProxy cannot be cast to com.android.server.am.ActivityRecord$Token
12-14 03:04:04.500 W/ActivityManager( 1628): 	at com.android.server.am.ActivityRecord.forTokenLocked(ActivityRecord.java:778)
12-14 03:04:04.500 W/ActivityManager( 1628): 	at com.android.server.am.ActivityRecord.isInStackLocked(ActivityRecord.java:2085)
12-14 03:04:04.500 W/ActivityManager( 1628): 	at com.android.server.am.ActivityManagerService.setTaskDescription(ActivityManagerService.java:9988)
12-14 03:04:04.500 W/ActivityManager( 1628): 	at android.app.IActivityManager$Stub.onTransact(IActivityManager.java:2824)
12-14 03:04:04.500 W/ActivityManager( 1628): 	at com.android.server.am.ActivityManagerService.onTransact(ActivityManagerService.java:2935)
12-14 03:04:04.500 W/ActivityManager( 1628): 	at android.os.Binder.execTransact(Binder.java:674)
12-14 03:04:04.500 W/ActivityManager( 1628): Bad activity token: android.os.BinderProxy@2d5e001
12-14 03:04:04.500 W/ActivityManager( 1628): java.lang.ClassCastException: android.os.BinderProxy cannot be cast to com.android.server.am.ActivityRecord$Token
12-14 03:04:04.500 W/ActivityManager( 1628): 	at com.android.server.am.ActivityRecord.forTokenLocked(ActivityRecord.java:778)
12-14 03:04:04.500 W/ActivityManager( 1628): 	at com.android.server.am.ActivityRecord.isInStackLocked(ActivityRecord.java:2085)
12-14 03:04:04.500 W/ActivityManager( 1628): 	at com.android.server.am.ActivityRecord.getStackLocked(ActivityRecord.java:2090)
12-14 03:04:04.500 W/ActivityManager( 1628): 	at com.android.server.am.ActivityManagerService.getActivityStackId(ActivityManagerService.java:10417)
12-14 03:04:04.500 W/ActivityManager( 1628): 	at android.app.IActivityManager$Stub.onTransact(IActivityManager.java:3548)
12-14 03:04:04.500 W/ActivityManager( 1628): 	at com.android.server.am.ActivityManagerService.onTransact(ActivityManagerService.java:2935)
12-14 03:04:04.500 W/ActivityManager( 1628): 	at android.os.Binder.execTransact(Binder.java:674)
12-14 03:04:04.545 W/ActivityManager( 1628): Bad activity token: android.os.BinderProxy@2d5e001
12-14 03:04:04.545 W/ActivityManager( 1628): java.lang.ClassCastException: android.os.BinderProxy cannot be cast to com.android.server.am.ActivityRecord$Token
12-14 03:04:04.545 W/ActivityManager( 1628): 	at com.android.server.am.ActivityRecord.forTokenLocked(ActivityRecord.java:778)
12-14 03:04:04.545 W/ActivityManager( 1628): 	at com.android.server.am.ActivityRecord.isInStackLocked(ActivityRecord.java:2085)
12-14 03:04:04.545 W/ActivityManager( 1628): 	at com.android.server.am.ActivityManagerService.getActivityOptions(ActivityManagerService.java:13302)
12-14 03:04:04.545 W/ActivityManager( 1628): 	at android.app.IActivityManager$Stub.onTransact(IActivityManager.java:2910)
12-14 03:04:04.545 W/ActivityManager( 1628): 	at com.android.server.am.ActivityManagerService.onTransact(ActivityManagerService.java:2935)
12-14 03:04:04.545 W/ActivityManager( 1628): 	at android.os.Binder.execTransact(Binder.java:674)
12-14 03:04:04.545 W/ActivityManager( 1628): Bad activity token: android.os.BinderProxy@2d5e001
12-14 03:04:04.545 W/ActivityManager( 1628): java.lang.ClassCastException: android.os.BinderProxy cannot be cast to com.android.server.am.ActivityRecord$Token
12-14 03:04:04.545 W/ActivityManager( 1628): 	at com.android.server.am.ActivityRecord.forTokenLocked(ActivityRecord.java:778)
12-14 03:04:04.545 W/ActivityManager( 1628): 	at com.android.server.am.ActivityRecord.isInStackLocked(ActivityRecord.java:2085)
12-14 03:04:04.545 W/ActivityManager( 1628): 	at com.android.server.am.ActivityManagerService.getActivityOptions(ActivityManagerService.java:13302)
12-14 03:04:04.545 W/ActivityManager( 1628): 	at android.app.IActivityManager$Stub.onTransact(IActivityManager.java:2910)
12-14 03:04:04.545 W/ActivityManager( 1628): 	at com.android.server.am.ActivityManagerService.onTransact(ActivityManagerService.java:2935)
12-14 03:04:04.545 W/ActivityManager( 1628): 	at android.os.Binder.execTransact(Binder.java:674)
12-14 03:04:04.547 V/StatusBar( 1728): setLightsOn(true)
12-14 03:04:04.549 D/gralloc_ranchu( 1396): gralloc_alloc: Creating ashmem region of size 544768
12-14 03:04:04.559 D/NuPlayerDriver( 1484): notifyListener_l(0xaf5a9230), (2, 0, 0, -1), loop setting(0, 0)
12-14 03:04:04.565 I/MediaFocusControl( 1628):  AudioFocus  abandonAudioFocus() from uid/pid 10028/1728 clientId=android.media.AudioManager@78648e8
12-14 03:04:04.573 I/zygote  ( 1720): Do partial code cache collection, code=61KB, data=39KB
12-14 03:04:04.573 I/zygote  ( 1720): After code cache collection, code=61KB, data=39KB
12-14 03:04:04.573 I/zygote  ( 1720): Increasing code cache capacity to 256KB
12-14 03:04:04.575 I/System.out( 4452): result:{"bonusInformation":[],"message":"","success":true}
12-14 03:04:04.597 I/zygote  ( 4452): Do full code cache collection, code=201KB, data=143KB
12-14 03:04:04.598 I/zygote  ( 4452): After code cache collection, code=201KB, data=111KB
12-14 03:04:04.629 I/zygote  ( 1720): Background concurrent copying GC freed 10738(543KB) AllocSpace objects, 0(0B) LOS objects, 49% free, 2MB/4MB, paused 2.029ms total 109.626ms
12-14 03:04:04.635 D/gralloc_ranchu( 1396): gralloc_alloc: Creating ashmem region of size 274432
12-14 03:04:04.655 D/StatusBar( 1728): disable<e i a s b h r c s q >
12-14 03:04:04.661 D/gralloc_ranchu( 1396): gralloc_alloc: Creating ashmem region of size 7753728
12-14 03:04:04.673 D/EGL_emulation( 1728): eglMakeCurrent: 0x9394d2e0: ver 3 0 (tinfo 0x9394ab70)
12-14 03:04:04.691 D/gralloc_ranchu( 1396): gralloc_alloc: Creating ashmem region of size 274432
12-14 03:04:04.724 D/gralloc_ranchu( 1396): gralloc_alloc: Creating ashmem region of size 274432
12-14 03:04:04.729 I/WindowManager( 1628): Screen frozen for +364ms due to Window{3de828a u0 com.evancharlton.mileage/com.evancharlton.mileage.Mileage}
12-14 03:04:04.734 D/gralloc_ranchu( 1396): gralloc_alloc: Creating ashmem region of size 7753728
12-14 03:04:04.756 D/EGL_emulation( 1728): eglMakeCurrent: 0x9394d2e0: ver 3 0 (tinfo 0x9394ab70)
12-14 03:04:04.780 D/EGL_emulation( 1728): eglMakeCurrent: 0x9394d2e0: ver 3 0 (tinfo 0x9394ab70)
12-14 03:04:04.795 V/StatusBar( 1728): setLightsOn(true)
12-14 03:04:04.935 E/TaskPersister( 1628): File error accessing recents directory (directory doesn't exist?).
12-14 03:04:05.179 V/StatusBar( 1728): setLightsOn(true)
12-14 03:04:05.774 I/Finsky  ( 2503): [115] nmi.run(36): Stats for Executor: BlockingExecutor non@3933556[Running, pool size = 2, active threads = 0, queued tasks = 0, completed tasks = 19]
12-14 03:04:05.778 I/Finsky  ( 2503): [115] nmi.run(36): Stats for Executor: LightweightExecutor non@67219d7[Running, pool size = 2, active threads = 0, queued tasks = 0, completed tasks = 71]
12-14 03:04:05.880 D/gralloc_ranchu( 1396): gralloc_alloc: Creating ashmem region of size 7753728
12-14 03:04:06.481 I/Finsky  ( 2503): [115] nmi.run(36): Stats for Executor: bgExecutor non@5beb2c4[Running, pool size = 4, active threads = 0, queued tasks = 0, completed tasks = 80]
12-14 03:04:06.772 I/zygote  ( 1628): Explicit concurrent copying GC freed 8015(865KB) AllocSpace objects, 2(56KB) LOS objects, 38% free, 9MB/15MB, paused 602us total 34.132ms
12-14 03:04:06.778 E/SurfaceFlinger( 1410): ro.sf.lcd_density must be defined as a build property
12-14 03:04:06.786 D/gralloc_ranchu( 1396): gralloc_alloc: Creating ashmem region of size 8298496
12-14 03:04:06.795 D/        ( 4520): HostConnection::get() New Host Connection established 0xacb2f800, tid 4520
