--------- beginning of main
12-13 22:36:52.000 I/InputReader( 1629): Reconfiguring input devices.  changes=0x00000010
12-13 22:36:52.011 W/ResourceType( 1629): ResTable_typeSpec entry count inconsistent: given 67, previously 69
12-13 22:36:52.011 W/ResourceType( 1629): ResTable_typeSpec entry count inconsistent: given 5411, previously 5412
12-13 22:36:52.052 D/gralloc_ranchu( 1396): gralloc_alloc: Creating ashmem region of size 8298496
12-13 22:36:52.154 D/EGL_emulation( 2227): eglMakeCurrent: 0x9b685a20: ver 3 0 (tinfo 0x9b683830)
12-13 22:36:52.155 D/gralloc_ranchu( 1396): gralloc_alloc: Creating ashmem region of size 8298496
12-13 22:36:52.167 I/Fitness ( 1936): OnPackageChangedOperation got intent: Intent { act=android.intent.action.PACKAGE_CHANGED dat=package:com.google.android.gms flg=0x45000010 pkg=com.google.android.gms cmp=com.google.android.gms/.chimera.PersistentIntentOperationService (has extras) } [CONTEXT service_id=17 ]
12-13 22:36:52.234 I/Fitness ( 1936): FitCleanupIntentOperation received Intent android.intent.action.PACKAGE_CHANGED [CONTEXT service_id=17 ]
12-13 22:36:52.243 W/ResourceType( 1629): ResTable_typeSpec entry count inconsistent: given 67, previously 69
12-13 22:36:52.243 W/ResourceType( 1629): ResTable_typeSpec entry count inconsistent: given 5411, previously 5412
--------- beginning of system
12-13 22:36:52.250 I/Telecom ( 1629): DefaultDialerCache: Refreshing default dialer for user 0: now com.google.android.dialer: DDC.oR@AE0
12-13 22:36:52.274 D/CarrierSvcBindHelper( 1812): No carrier app for: 0
12-13 22:36:52.274 D/ImsResolver( 1812): maybeAddedImsService, packageName: com.google.android.gms
12-13 22:36:52.340 D/EGL_emulation( 2186): eglMakeCurrent: 0x98dc77a0: ver 3 0 (tinfo 0x98f7f850)
12-13 22:36:52.344 I/Icing   ( 2113): updateResources: need to parse adiq{com.google.android.gms}
12-13 22:36:52.393 W/PeopleGalProvider( 2113): Not enabled to outside of GmsCore.
12-13 22:36:52.393 I/PeopleGalProvider( 2113): Method 0 completed.
12-13 22:36:52.398 I/ContactDirectoryManager( 2296): Directory provider com.google.android.gms(com.google.android.gms.people.gal.provider) returned a NULL cursor.
12-13 22:36:52.399 D/gralloc_ranchu( 1396): gralloc_alloc: Creating ashmem region of size 7753728
12-13 22:36:52.434 I/Icing   ( 2113): IndexChimeraService.getServiceInterface callingPackage=com.google.android.gms componentName=AppsCorpus serviceId=36
12-13 22:36:52.599 I/zygote  ( 2227): Deoptimizing void com.google.android.apps.gsa.search.core.service.worker.a.a.a(com.google.android.apps.gsa.search.core.state.qc) due to JIT inline cache
12-13 22:36:52.630 D/EGL_emulation( 1732): eglMakeCurrent: 0x87cd11c0: ver 3 0 (tinfo 0x98be5a20)
12-13 22:36:52.695 W/ActivityManager( 1629): Unable to start service Intent { act=com.google.android.gms.speech.service.START pkg=com.google.android.gms } U=0: not found
12-13 22:36:52.707 W/ActivityManager( 1629): Unbind failed: could not find connection for android.os.BinderProxy@bac17dc
12-13 22:36:52.708 E/GmsClient( 2227): unable to connect to service: com.google.android.gms.speech.service.START on com.google.android.gms
12-13 22:36:52.757 D/EGL_emulation( 1732): eglMakeCurrent: 0x87cd11c0: ver 3 0 (tinfo 0x98be5a20)
12-13 22:36:52.795 I/chatty  ( 1732): uid=10028(u0_a28) RenderThread identical 3 lines
12-13 22:36:52.814 D/EGL_emulation( 1732): eglMakeCurrent: 0x87cd11c0: ver 3 0 (tinfo 0x98be5a20)
12-13 22:36:52.819 W/OpenGLRenderer( 2186): Incorrectly called buildLayer on View: ShortcutAndWidgetContainer, destroying layer...
12-13 22:36:52.827 D/EGL_emulation( 1732): eglMakeCurrent: 0x87cd11c0: ver 3 0 (tinfo 0x98be5a20)
12-13 22:36:52.842 W/SessionLifecycleManager( 2227): Handover failed. Creating new session controller.
12-13 22:36:52.851 D/EGL_emulation( 1732): eglMakeCurrent: 0x87cd11c0: ver 3 0 (tinfo 0x98be5a20)
12-13 22:36:52.865 I/OptInState( 2227): There is a new client and it does not support opt-in. Dropping request.
12-13 22:36:52.871 I/ProvidersCache( 3358): Provider returned no roots. Possibly naughty: com.google.android.apps.docs.storage
12-13 22:36:52.911 D/EGL_emulation( 1732): eglMakeCurrent: 0x87cd11c0: ver 3 0 (tinfo 0x98be5a20)
12-13 22:36:52.925 I/chatty  ( 1732): uid=10028(u0_a28) RenderThread identical 1 line
12-13 22:36:52.933 D/EGL_emulation( 1732): eglMakeCurrent: 0x87cd11c0: ver 3 0 (tinfo 0x98be5a20)
12-13 22:36:52.960 I/MicroDetectionWorker( 2227): #updateMicroDetector [detectionMode: [mDetectionMode: [1]]]
12-13 22:36:52.960 I/MicroDetectionWorker( 2227): #startMicroDetector [speakerMode: 0]
12-13 22:36:52.962 I/AudioController( 2227): Using mInputStreamFactoryBuilder
12-13 22:36:52.973 I/MicroRecognitionRunner( 2227): Starting detection.
12-13 22:36:52.976 I/MicroDetectionWorker( 2227): onReady
12-13 22:36:53.013 I/MicrophoneInputStream( 2227): mic_starting com.google.android.apps.gsa.staticplugins.aa.c@24e0002
12-13 22:36:53.028 I/zygote  ( 1732): NativeAllocBackground concurrent copying GC freed 2674(220KB) AllocSpace objects, 0(0B) LOS objects, 49% free, 4MB/8MB, paused 26.257ms total 327.327ms
12-13 22:36:53.036 I/AudioFlinger( 1476): AudioFlinger's thread 0xb3783a80 tid=3946 ready to run
12-13 22:36:53.046 I/MicrophoneInputStream( 2227): mic_started com.google.android.apps.gsa.staticplugins.aa.c@24e0002
12-13 22:36:53.050 I/OpenGLRenderer( 1629): Initialized EGL, version 1.4
12-13 22:36:53.051 D/OpenGLRenderer( 1629): Swap behavior 1
12-13 22:36:53.051 W/OpenGLRenderer( 1629): Failed to choose config with EGL_SWAP_BEHAVIOR_PRESERVED, retrying without...
12-13 22:36:53.051 D/OpenGLRenderer( 1629): Swap behavior 0
12-13 22:36:53.059 D/EGL_emulation( 1629): eglCreateContext: 0x98a7e100: maj 3 min 0 rcv 3
12-13 22:36:53.064 I/zygote  ( 3820): Waiting for a blocking GC ProfileSaver
12-13 22:36:53.064 D/EGL_emulation( 1629): eglMakeCurrent: 0x98a7e100: ver 3 0 (tinfo 0x7df49000)
12-13 22:36:53.065 E/eglCodecCommon( 1629): glUtilsParamSize: unknow param 0x00008cdf
12-13 22:36:53.065 E/eglCodecCommon( 1629): glUtilsParamSize: unknow param 0x00008cdf
12-13 22:36:53.065 E/eglCodecCommon( 1629): glUtilsParamSize: unknow param 0x00008824
12-13 22:36:53.066 E/eglCodecCommon( 1629): glUtilsParamSize: unknow param 0x00008824
12-13 22:36:53.069 E/ActivityThread( 2227): Failed to find provider info for com.google.android.apps.gsa.testing.ui.audio.recorded
12-13 22:36:53.069 I/MicroDetectionWorker( 2227): onReady
12-13 22:36:53.071 W/SpeechLevelGenerator( 2227): Really low audio levels detected. The audio input may have issues.
12-13 22:36:53.074 I/MicrophoneInputStream( 2227): mic_close com.google.android.apps.gsa.staticplugins.aa.c@24e0002
12-13 22:36:53.075 I/MicroRecognitionRunner( 2227): Detection finished
12-13 22:36:53.075 W/ErrorReporter( 2227): reportError [type: 211, code: 524300]: Error reading from input stream
12-13 22:36:53.082 I/MicroRecognitionRunner( 2227): Stopping hotword detection.
12-13 22:36:53.083 W/ErrorProcessor( 2227): onFatalError, processing error from engine(4)
12-13 22:36:53.083 W/ErrorProcessor( 2227): com.google.android.apps.gsa.shared.speech.b.g: Error reading from input stream
12-13 22:36:53.083 W/ErrorProcessor( 2227): 	at com.google.android.apps.gsa.staticplugins.recognizer.j.a.a(SourceFile:28)
12-13 22:36:53.083 W/ErrorProcessor( 2227): 	at com.google.android.apps.gsa.staticplugins.recognizer.j.b.run(SourceFile:15)
12-13 22:36:53.083 W/ErrorProcessor( 2227): 	at java.util.concurrent.Executors$RunnableAdapter.call(Executors.java:457)
12-13 22:36:53.083 W/ErrorProcessor( 2227): 	at java.util.concurrent.FutureTask.run(FutureTask.java:266)
12-13 22:36:53.083 W/ErrorProcessor( 2227): 	at com.google.android.apps.gsa.shared.util.concurrent.a.ax.run(SourceFile:14)
12-13 22:36:53.083 W/ErrorProcessor( 2227): 	at com.google.android.apps.gsa.shared.util.concurrent.a.bl.run(SourceFile:4)
12-13 22:36:53.083 W/ErrorProcessor( 2227): 	at com.google.android.apps.gsa.shared.util.concurrent.a.bl.run(SourceFile:4)
12-13 22:36:53.083 W/ErrorProcessor( 2227): 	at java.util.concurrent.ThreadPoolExecutor.runWorker(ThreadPoolExecutor.java:1162)
12-13 22:36:53.083 W/ErrorProcessor( 2227): 	at java.util.concurrent.ThreadPoolExecutor$Worker.run(ThreadPoolExecutor.java:636)
12-13 22:36:53.083 W/ErrorProcessor( 2227): 	at java.lang.Thread.run(Thread.java:764)
12-13 22:36:53.083 W/ErrorProcessor( 2227): 	at com.google.android.apps.gsa.shared.util.concurrent.a.ai.run(SourceFile:6)
12-13 22:36:53.083 W/ErrorProcessor( 2227): Caused by: com.google.android.apps.gsa.shared.exception.GsaIOException: Error code: 393238 | Buffer overflow, no available space.
12-13 22:36:53.083 W/ErrorProcessor( 2227): 	at com.google.android.apps.gsa.speech.audio.Tee.f(SourceFile:103)
12-13 22:36:53.083 W/ErrorProcessor( 2227): 	at com.google.android.apps.gsa.speech.audio.au.read(SourceFile:2)
12-13 22:36:53.083 W/ErrorProcessor( 2227): 	at java.io.InputStream.read(InputStream.java:101)
12-13 22:36:53.083 W/ErrorProcessor( 2227): 	at com.google.android.apps.gsa.speech.audio.ao.run(SourceFile:18)
12-13 22:36:53.083 W/ErrorProcessor( 2227): 	at com.google.android.apps.gsa.speech.audio.an.run(SourceFile:2)
12-13 22:36:53.083 W/ErrorProcessor( 2227): 	... 9 more
12-13 22:36:53.084 I/AudioController( 2227): internalShutdown
12-13 22:36:53.095 V/MediaPlayer( 3820): resetDrmState:  mDrmInfo=null mDrmProvisioningThread=null mPrepareDrmInProgress=false mActiveDrmScheme=false
12-13 22:36:53.095 V/MediaPlayer( 3820): cleanDrmObj: mDrmObj=null mDrmSessionId=null
12-13 22:36:53.096 D/NuPlayerDriver( 1484): reset(0xa38440e0) at state 4
12-13 22:36:53.096 D/NuPlayerDriver( 1484): notifyListener_l(0xa38440e0), (8, 0, 0, -1), loop setting(1, 0)
12-13 22:36:53.096 D/NuPlayerDriver( 1484): notifyResetComplete(0xa38440e0)
12-13 22:36:53.096 I/zygote  ( 3820): WaitForGcToComplete blocked for 32.409ms for cause ProfileSaver
12-13 22:36:53.113 I/MicroDetector( 2227): Keeping mic open: false
12-13 22:36:53.113 I/MicroDetectionWorker( 2227): #onError(false)
12-13 22:36:53.113 I/DeviceStateChecker( 2227): DeviceStateChecker cancelled
12-13 22:36:53.143 V/LifecycleAwareServiceBi( 2526): notify unbound
12-13 22:36:53.143 V/LifecycleAwareServiceBi( 2526): com.google.common.flogger.LogSiteStackTrace: MEDIUM
12-13 22:36:53.143 V/LifecycleAwareServiceBi( 2526): 	at com.google.frameworks.client.data.android.binder.LifecycleAwareServiceBinding.h(PG:1)
12-13 22:36:53.143 V/LifecycleAwareServiceBi( 2526): 	at axqg.run(Unknown Source:4)
12-13 22:36:53.143 V/LifecycleAwareServiceBi( 2526): 	at android.os.Handler.handleCallback(Handler.java:789)
12-13 22:36:53.143 V/LifecycleAwareServiceBi( 2526): 	at android.os.Handler.dispatchMessage(Handler.java:98)
12-13 22:36:53.143 V/LifecycleAwareServiceBi( 2526): 	at android.os.Looper.loop(Looper.java:164)
12-13 22:36:53.143 V/LifecycleAwareServiceBi( 2526): 	at android.app.ActivityThread.main(ActivityThread.java:6541)
12-13 22:36:53.143 V/LifecycleAwareServiceBi( 2526): 	at java.lang.reflect.Method.invoke(Native Method)
12-13 22:36:53.143 V/LifecycleAwareServiceBi( 2526): 	at com.android.internal.os.Zygote$MethodAndArgsCaller.run(Zygote.java:240)
12-13 22:36:53.143 V/LifecycleAwareServiceBi( 2526): 	at com.android.internal.os.ZygoteInit.main(ZygoteInit.java:767)
12-13 22:36:53.144 V/LifecycleAwareServiceBi( 2526): notify unbound - notifying
12-13 22:36:53.146 I/Finsky:download_service( 2720): [2] sxn.onDestroy(8): IPC-SERVER: Stopping gRPC host service...
12-13 22:36:53.160 I/zygote  ( 1629): Background concurrent copying GC freed 37413(2MB) AllocSpace objects, 10(216KB) LOS objects, 35% free, 10MB/16MB, paused 940us total 360.062ms
12-13 22:36:53.186 W/Binder  ( 1629): Outgoing transactions from this process must be FLAG_ONEWAY
12-13 22:36:53.186 W/Binder  ( 1629): java.lang.Throwable
12-13 22:36:53.186 W/Binder  ( 1629): 	at android.os.BinderProxy.transact(Binder.java:736)
12-13 22:36:53.186 W/Binder  ( 1629): 	at com.android.internal.location.ILocationProvider$Stub$Proxy.getProperties(ILocationProvider.java:232)
12-13 22:36:53.186 W/Binder  ( 1629): 	at com.android.server.location.LocationProviderProxy$1.run(LocationProviderProxy.java:119)
12-13 22:36:53.186 W/Binder  ( 1629): 	at android.os.Handler.handleCallback(Handler.java:789)
12-13 22:36:53.186 W/Binder  ( 1629): 	at android.os.Handler.dispatchMessage(Handler.java:98)
12-13 22:36:53.186 W/Binder  ( 1629): 	at android.os.Looper.loop(Looper.java:164)
12-13 22:36:53.186 W/Binder  ( 1629): 	at android.os.HandlerThread.run(HandlerThread.java:65)
12-13 22:36:53.187 W/Binder  ( 1629): Outgoing transactions from this process must be FLAG_ONEWAY
12-13 22:36:53.187 W/Binder  ( 1629): java.lang.Throwable
12-13 22:36:53.187 W/Binder  ( 1629): 	at android.os.BinderProxy.transact(Binder.java:736)
12-13 22:36:53.187 W/Binder  ( 1629): 	at com.android.internal.location.ILocationProvider$Stub$Proxy.getProperties(ILocationProvider.java:232)
12-13 22:36:53.187 W/Binder  ( 1629): 	at com.android.server.location.LocationProviderProxy$1.run(LocationProviderProxy.java:119)
12-13 22:36:53.187 W/Binder  ( 1629): 	at android.os.Handler.handleCallback(Handler.java:789)
12-13 22:36:53.187 W/Binder  ( 1629): 	at android.os.Handler.dispatchMessage(Handler.java:98)
12-13 22:36:53.187 W/Binder  ( 1629): 	at android.os.Looper.loop(Looper.java:164)
12-13 22:36:53.187 W/Binder  ( 1629): 	at android.os.HandlerThread.run(HandlerThread.java:65)
12-13 22:36:53.234 W/Conscrypt( 2113): Could not set socket write timeout: java.net.SocketException: Socket closed
12-13 22:36:53.246 W/Conscrypt( 2113): 	at com.google.android.gms.org.conscrypt.Platform.setSocketWriteTimeout(:com.google.android.gms@204713022@20.47.13 (040700-344095733):2)
12-13 22:36:53.255 W/Conscrypt( 2113): 	at com.google.android.gms.org.conscrypt.ConscryptFileDescriptorSocket.setSoWriteTimeout(:com.google.android.gms@204713022@20.47.13 (040700-344095733):0)
12-13 22:36:53.276 W/Icing   ( 2113): No valid account for uploading user actions
12-13 22:36:53.334 D/AndroidRuntime( 3941): >>>>>> START com.android.internal.os.RuntimeInit uid 2000 <<<<<<
12-13 22:36:53.373 I/Icing   ( 2113): Usage reports ok 1, Failed Usage reports 0, indexed 1, rejected 0
12-13 22:36:53.391 W/app_process( 3941): Unexpected CPU variant for X86 using defaults: x86
12-13 22:36:53.396 I/Icing   ( 2113): Indexing com.google.android.gms-apps from com.google.android.gms
12-13 22:36:53.401 W/Conscrypt( 2113): Could not set socket write timeout: java.net.SocketException: Socket closed
12-13 22:36:53.402 W/Conscrypt( 2113): 	at com.google.android.gms.org.conscrypt.Platform.setSocketWriteTimeout(:com.google.android.gms@204713022@20.47.13 (040700-344095733):2)
12-13 22:36:53.402 W/Conscrypt( 2113): 	at com.google.android.gms.org.conscrypt.ConscryptFileDescriptorSocket.setSoWriteTimeout(:com.google.android.gms@204713022@20.47.13 (040700-344095733):0)
12-13 22:36:53.409 I/Icing   ( 2113): Indexing done com.google.android.gms-apps
12-13 22:36:53.418 D/AndroidRuntime( 3941): Calling main entry com.android.commands.am.Am
12-13 22:36:53.420 I/ActivityManager( 1629): Force stopping com.evancharlton.mileage appid=10118 user=0: start instr
12-13 22:36:53.420 I/ActivityManager( 1629): Killing 3789:com.evancharlton.mileage/u0a118 (adj 0): stop com.evancharlton.mileage
12-13 22:36:53.426 W/ActivityManager( 1629): Crash of app com.evancharlton.mileage running instrumentation ComponentInfo{com.evancharlton.mileage.test/sh.calaba.instrumentationbackend.CalabashInstrumentationTestRunner}
12-13 22:36:53.426 I/ActivityManager( 1629): Force stopping com.evancharlton.mileage appid=10118 user=0: finished inst
12-13 22:36:53.438 I/ActivityManager( 1629): Start proc 3957:com.evancharlton.mileage/u0a118 for added application com.evancharlton.mileage
12-13 22:36:53.439 E/memtrack( 1629): Couldn't load memtrack module
12-13 22:36:53.439 W/android.os.Debug( 1629): failed to get memory consumption info: -1
12-13 22:36:53.441 I/zygote  ( 3957): Not late-enabling -Xcheck:jni (already on)
12-13 22:36:53.442 D/AndroidRuntime( 3941): Shutting down VM
12-13 22:36:53.464 I/NetworkScheduler.Stats( 1936): Task com.google.android.videos/ started execution. cause:5 exec_start_elapsed_seconds: 44 [CONTEXT service_id=218 ]
12-13 22:36:53.464 I/NetworkScheduler.Stats( 1936): Task com.google.android.gms/com.google.android.gms.gass.chimera.SchedulePeriodicTasksService started execution. cause:5 exec_start_elapsed_seconds: 44 [CONTEXT service_id=218 ]
12-13 22:36:53.467 W/zygote  ( 3957): Unexpected CPU variant for X86 using defaults: x86
12-13 22:36:53.469 E/adbd    ( 1372): failed to connect to socket 'tcp:7102': Connection refused
12-13 22:36:53.471 I/NetworkScheduler.Stats( 1936): Task com.google.android.videos/ finished executing. cause:5 result: 1 elapsed_millis: 969 uptime_millis: 969 exec_start_elapsed_seconds: 44 [CONTEXT service_id=218 ]
12-13 22:36:53.479 E/adbd    ( 1372): failed to connect to socket 'tcp:7102': Connection refused
12-13 22:36:53.499 I/zygote  ( 1936): Deoptimizing void tma.c(java.lang.Runnable) due to JIT inline cache
12-13 22:36:53.502 W/ActivityManager( 1629): setHasOverlayUi called on unknown pid: 3789
12-13 22:36:53.507 I/NetworkScheduler.Stats( 1936): Task com.google.android.gms/com.google.android.gms.gass.chimera.SchedulePeriodicTasksService finished executing. cause:5 result: 1 elapsed_millis: 901 uptime_millis: 901 exec_start_elapsed_seconds: 44 [CONTEXT service_id=218 ]
12-13 22:36:53.516 W/zygote  ( 3957): Found duplicate classes, falling back to extracting from APK : /data/app/com.evancharlton.mileage.test-nEb3YTU2DIw2sDeoF2Wwww==/base.apk
12-13 22:36:53.516 W/zygote  ( 3957): NOTE: This wastes RAM and hurts startup performance.
12-13 22:36:53.516 W/zygote  ( 3957): Found duplicated class when checking oat files: 'Ljunit/runner/BaseTestRunner;' in /data/app/com.evancharlton.mileage.test-nEb3YTU2DIw2sDeoF2Wwww==/base.apk and /system/framework/android.test.runner.jar
12-13 22:36:53.516 W/zygote  ( 3957): 
12-13 22:36:53.520 I/zygote  ( 2227): Do full code cache collection, code=244KB, data=202KB
12-13 22:36:53.520 I/zygote  ( 2227): After code cache collection, code=235KB, data=161KB
12-13 22:36:53.569 W/System  ( 3957): ClassLoader referenced unknown path: 
12-13 22:36:53.592 E/adbd    ( 1372): failed to connect to socket 'tcp:7102': Connection refused
12-13 22:36:53.594 E/adbd    ( 1372): failed to connect to socket 'tcp:7102': Connection refused
12-13 22:36:53.602 I/System.out( 3957): Main activity name automatically set to: com.evancharlton.mileage.Mileage
12-13 22:36:53.603 I/System.out( 3957): Calabash did not load Mono. This is only a problem if you are trying to test a Mono application
12-13 22:36:53.605 I/calabash( 3957): Test server port: 7102
12-13 22:36:53.613 I/InstrumentationBackend( 3957): Added:'GetPreferences', with key:'get_preferences'
12-13 22:36:53.646 I/zygote  ( 2113): Deoptimizing boolean dbx.d(android.content.Context, dbv, java.lang.String) due to JIT inline cache
12-13 22:36:53.660 D/BoundBrokerSvc( 1936): onBind: Intent { act=com.google.android.gms.tapandpay.service.BIND cmp=com.google.android.gms/.chimera.PersistentApiService }
12-13 22:36:53.661 D/BoundBrokerSvc( 1936): Loading bound service for intent: Intent { act=com.google.android.gms.tapandpay.service.BIND cmp=com.google.android.gms/.chimera.PersistentApiService }
12-13 22:36:53.667 I/NetworkScheduler.Stats( 1936): Task com.google.android.gms/com.google.android.gms.pay.gcmtask.PayGcmTaskService started execution. cause:5 exec_start_elapsed_seconds: 48 [CONTEXT service_id=218 ]
12-13 22:36:53.704 E/adbd    ( 1372): failed to connect to socket 'tcp:7102': Connection refused
12-13 22:36:53.716 E/adbd    ( 1372): failed to connect to socket 'tcp:7102': Connection refused
12-13 22:36:53.729 I/InstrumentationBackend( 3957): Added:'SetPreferences', with key:'set_preferences'
12-13 22:36:53.729 I/InstrumentationBackend( 3957): Added:'ClearPreferences', with key:'clear_preferences'
12-13 22:36:53.730 I/InstrumentationBackend( 3957): Added:'PressElement', with key:'press_l10n_element'
12-13 22:36:53.730 I/InstrumentationBackend( 3957): Added:'WaitForElement', with key:'wait_for_l10n_element'
12-13 22:36:53.734 I/InstrumentationBackend( 3957): Added:'NullAction', with key:'nullAction'
12-13 22:36:53.734 I/InstrumentationBackend( 3957): Added:'PressKey', with key:'press_key'
12-13 22:36:53.734 I/InstrumentationBackend( 3957): Added:'SetActivityOrientation', with key:'set_activity_orientation'
12-13 22:36:53.734 I/InstrumentationBackend( 3957): Added:'GetActivityOrientation', with key:'get_activity_orientation'
12-13 22:36:53.735 I/InstrumentationBackend( 3957): Added:'FakeGPSLocation', with key:'set_gps_coordinates'
12-13 22:36:53.735 I/InstrumentationBackend( 3957): Added:'SetPropertyByCssSelector', with key:'set_property_by_css_selector'
12-13 22:36:53.737 I/InstrumentationBackend( 3957): Added:'GetUrl', with key:'get_url'
12-13 22:36:53.740 I/InstrumentationBackend( 3957): Added:'ScrollTo', with key:'scroll_to'
12-13 22:36:53.741 I/InstrumentationBackend( 3957): Added:'GetLoadProgress', with key:'get_load_progress'
12-13 22:36:53.741 I/InstrumentationBackend( 3957): Added:'DumpHtml', with key:'dump_html'
12-13 22:36:53.742 I/InstrumentationBackend( 3957): Added:'DumpBodyHtml', with key:'dump_body_html'
12-13 22:36:53.742 I/InstrumentationBackend( 3957): Added:'EnterTextByCssSelector', with key:'enter_text_by_selector'
12-13 22:36:53.748 I/InstrumentationBackend( 3957): Added:'AndroidSDKVersion', with key:'android_sdk_version'
12-13 22:36:53.749 I/InstrumentationBackend( 3957): Added:'Version', with key:'version'
12-13 22:36:53.749 I/InstrumentationBackend( 3957): Added:'Drag', with key:'drag'
12-13 22:36:53.749 I/InstrumentationBackend( 3957): Added:'TouchCoordinates', with key:'touch_coordinate'
12-13 22:36:53.750 I/InstrumentationBackend( 3957): Added:'LongPressCoordinate', with key:'long_press_coordinate'
12-13 22:36:53.750 I/InstrumentationBackend( 3957): Added:'DragCoordinates', with key:'drag_coordinates'
12-13 22:36:53.750 I/InstrumentationBackend( 3957): Added:'ResumeApplication', with key:'resume_application'
12-13 22:36:53.751 I/InstrumentationBackend( 3957): Added:'Swipe', with key:'swipe'
12-13 22:36:53.751 I/InstrumentationBackend( 3957): Added:'DoubleTapCoordinate', with key:'double_tap_coordinate'
12-13 22:36:53.752 I/InstrumentationBackend( 3957): Added:'ClickOnScreen', with key:'click_on_screen'
12-13 22:36:53.755 I/InstrumentationBackend( 3957): Added:'GetActivityName', with key:'get_activity_name'
12-13 22:36:53.755 I/InstrumentationBackend( 3957): Added:'ScrollToView', with key:'scroll_to_view'
12-13 22:36:53.756 I/InstrumentationBackend( 3957): Added:'ViewConfiguration', with key:'view_configuration'
12-13 22:36:53.756 I/InstrumentationBackend( 3957): Added:'IsCurrentActivityFocused', with key:'is_current_activity_focused'
12-13 22:36:53.756 I/InstrumentationBackend( 3957): Added:'SendTcp', with key:'send_tcp'
12-13 22:36:53.757 I/InstrumentationBackend( 3957): Added:'DpToDevicePixel', with key:'dp_to_device_pixel'
12-13 22:36:53.758 I/InstrumentationBackend( 3957): Added:'KeyboardEnterText', with key:'keyboard_enter_text'
12-13 22:36:53.758 I/InstrumentationBackend( 3957): Added:'DeleteSurroundingText', with key:'delete_surrounding_text'
12-13 22:36:53.759 I/InstrumentationBackend( 3957): Added:'SetComposingRegion', with key:'set_composing_region'
12-13 22:36:53.771 I/InstrumentationBackend( 3957): Added:'SetSelection', with key:'set_selection'
12-13 22:36:53.772 I/InstrumentationBackend( 3957): Added:'KeyboardKeyEvent', with key:'keyboard_key_event'
12-13 22:36:53.772 I/InstrumentationBackend( 3957): Added:'PressUserActionButton', with key:'press_user_action_button'
12-13 22:36:53.773 I/InstrumentationBackend( 3957): Added:'HideSoftKeyboard', with key:'hide_soft_keyboard'
12-13 22:36:53.775 I/InstrumentationBackend( 3957): Added:'ListActions', with key:'list_actions'
12-13 22:36:53.775 I/calabash( 3957): Instantiating http server at 7102
12-13 22:36:53.783 I/System.out( 3957): HTTP Daemon listening on: 7102
12-13 22:36:53.798 I/NetworkScheduler.Stats( 1936): Task com.google.android.gms/com.google.android.gms.pay.gcmtask.PayGcmTaskService started execution. cause:5 exec_start_elapsed_seconds: 48 [CONTEXT service_id=218 ]
12-13 22:36:53.821 I/NetworkScheduler.Stats( 1936): Task com.google.android.gms/com.google.android.gms.pay.gcmtask.PayGcmTaskService finished executing. cause:5 result: 1 elapsed_millis: 234 uptime_millis: 234 exec_start_elapsed_seconds: 48 [CONTEXT service_id=218 ]
12-13 22:36:53.824 I/NetworkScheduler.Stats( 1936): Task com.google.android.gms/com.google.android.gms.pay.gcmtask.PayGcmTaskService finished executing. cause:5 result: 1 elapsed_millis: 60 uptime_millis: 60 exec_start_elapsed_seconds: 48 [CONTEXT service_id=218 ]
12-13 22:36:53.837 I/System.out( 3957): URI: //ping
12-13 22:36:53.838 I/System.out( 3957): params: {json={}
12-13 22:36:53.838 I/System.out( 3957): }
12-13 22:36:53.855 I/System.out( 3957): URI: //ping
12-13 22:36:53.855 I/System.out( 3957): params: {json={}
12-13 22:36:53.855 I/System.out( 3957): }
12-13 22:36:53.867 I/System.out( 3957): URI: //ready
12-13 22:36:53.867 I/System.out( 3957): params: {json={}
12-13 22:36:53.867 I/System.out( 3957): }
12-13 22:36:53.876 I/System.out( 3957): URI: //
12-13 22:36:53.876 I/System.out( 3957): params: {json={"command":"version","arguments":[]}
12-13 22:36:53.876 I/System.out( 3957): }
12-13 22:36:53.877 I/System.out( 3957): header: {content-type=application/json;charset=utf-8, date=Mon, 14 Dec 2020 03:36:54 GMT, accept=*/*, host=127.0.0.1:34777, content-length=36, user-agent=HTTPClient/1.0 (2.8.3, ruby 2.5.8 (2020-03-31))}
12-13 22:36:53.877 I/System.out( 3957): params: {json={"command":"version","arguments":[]}
12-13 22:36:53.877 I/System.out( 3957): }
12-13 22:36:53.877 I/System.out( 3957): ProP json = {"command":"version","arguments":[]}
12-13 22:36:53.877 I/System.out( 3957): files: {}
12-13 22:36:53.877 I/System.out( 3957): command: {"command":"version","arguments":[]}
12-13 22:36:53.918 I/InstrumentationBackend( 3957): Got command:'Command:'Line:null,version', arguments:'[]'
12-13 22:36:53.943 I/NetworkScheduler.Stats( 1936): Task com.google.android.gms/com.google.android.gms.pay.gcmtask.PayGcmTaskService started execution. cause:5 exec_start_elapsed_seconds: 48 [CONTEXT service_id=218 ]
12-13 22:36:53.945 E/Pay     ( 2113): No account found on the task or the device. Notification task will not be rescheduled. [CONTEXT service_id=198 ]
12-13 22:36:53.987 I/System.out( 3957): result:{"bonusInformation":[],"message":"0.9.8","success":true}
12-13 22:36:54.002 I/System.out( 3957): URI: //start-application
12-13 22:36:54.002 I/System.out( 3957): params: {json={"intent":null}
12-13 22:36:54.002 I/System.out( 3957): }
12-13 22:36:54.020 I/NetworkScheduler.Stats( 1936): Task com.google.android.gms/com.google.android.gms.pay.gcmtask.PayGcmTaskService started execution. cause:5 exec_start_elapsed_seconds: 48 [CONTEXT service_id=218 ]
12-13 22:36:54.024 I/Pay     ( 2113): Device does not support HCE. [CONTEXT service_id=198 ]
12-13 22:36:54.050 I/NetworkScheduler.Stats( 1936): Task com.google.android.gms/com.google.android.gms.pay.gcmtask.PayGcmTaskService finished executing. cause:5 result: 2 elapsed_millis: 154 uptime_millis: 154 exec_start_elapsed_seconds: 48 [CONTEXT service_id=218 ]
12-13 22:36:54.062 I/NetworkScheduler.Stats( 1936): Task com.google.android.gms/com.google.android.gms.pay.gcmtask.PayGcmTaskService finished executing. cause:5 result: 2 elapsed_millis: 72 uptime_millis: 72 exec_start_elapsed_seconds: 48 [CONTEXT service_id=218 ]
12-13 22:36:54.078 I/ActivityManager( 1629): START u0 {act=android.intent.action.MAIN cat=[android.intent.category.LAUNCHER] flg=0x10200000 cmp=com.evancharlton.mileage/.Mileage} from uid 10118
12-13 22:36:54.098 D/gralloc_ranchu( 1396): gralloc_alloc: Creating ashmem region of size 7753728
12-13 22:36:54.111 I/calabash( 3957): newActivity1
12-13 22:36:54.154 D/EGL_emulation( 2186): eglMakeCurrent: 0x98dc77a0: ver 3 0 (tinfo 0x98f7f850)
12-13 22:36:54.155 D/EGL_emulation( 2227): eglMakeCurrent: 0x9b685a20: ver 3 0 (tinfo 0x9b683830)
12-13 22:36:54.167 W/audio_hw_generic( 1390): Not supplying enough data to HAL, expected position 309305 , only wrote 156960
12-13 22:36:54.176 D/EGL_emulation( 1732): eglMakeCurrent: 0x87cd11c0: ver 3 0 (tinfo 0x98be5a20)
12-13 22:36:54.184 D/EGL_emulation( 1732): eglMakeCurrent: 0x87cd11c0: ver 3 0 (tinfo 0x98be5a20)
12-13 22:36:54.188 W/ActivityManager( 1629): Bad activity token: android.os.BinderProxy@a377eca
12-13 22:36:54.188 W/ActivityManager( 1629): java.lang.ClassCastException: android.os.BinderProxy cannot be cast to com.android.server.am.ActivityRecord$Token
12-13 22:36:54.188 W/ActivityManager( 1629): 	at com.android.server.am.ActivityRecord.forTokenLocked(ActivityRecord.java:778)
12-13 22:36:54.188 W/ActivityManager( 1629): 	at com.android.server.am.ActivityRecord.isInStackLocked(ActivityRecord.java:2085)
12-13 22:36:54.188 W/ActivityManager( 1629): 	at com.android.server.am.ActivityRecord.getStackLocked(ActivityRecord.java:2090)
12-13 22:36:54.188 W/ActivityManager( 1629): 	at com.android.server.am.ActivityManagerService.getActivityDisplayId(ActivityManagerService.java:10406)
12-13 22:36:54.188 W/ActivityManager( 1629): 	at android.app.IActivityManager$Stub.onTransact(IActivityManager.java:2738)
12-13 22:36:54.188 W/ActivityManager( 1629): 	at com.android.server.am.ActivityManagerService.onTransact(ActivityManagerService.java:2935)
12-13 22:36:54.188 W/ActivityManager( 1629): 	at android.os.Binder.execTransact(Binder.java:674)
12-13 22:36:54.191 I/calabash( 3957): newActivity1
12-13 22:36:54.197 D/EGL_emulation( 1732): eglMakeCurrent: 0x87cd11c0: ver 3 0 (tinfo 0x98be5a20)
12-13 22:36:54.203 V/StatusBar( 1732): setLightsOn(true)
12-13 22:36:54.207 W/ActivityManager( 1629): Bad activity token: android.os.BinderProxy@a377eca
12-13 22:36:54.207 W/ActivityManager( 1629): java.lang.ClassCastException: android.os.BinderProxy cannot be cast to com.android.server.am.ActivityRecord$Token
12-13 22:36:54.207 W/ActivityManager( 1629): 	at com.android.server.am.ActivityRecord.forTokenLocked(ActivityRecord.java:778)
12-13 22:36:54.207 W/ActivityManager( 1629): 	at com.android.server.am.ActivityRecord.isInStackLocked(ActivityRecord.java:2085)
12-13 22:36:54.207 W/ActivityManager( 1629): 	at com.android.server.am.ActivityManagerService.setTaskDescription(ActivityManagerService.java:9988)
12-13 22:36:54.207 W/ActivityManager( 1629): 	at android.app.IActivityManager$Stub.onTransact(IActivityManager.java:2824)
12-13 22:36:54.207 W/ActivityManager( 1629): 	at com.android.server.am.ActivityManagerService.onTransact(ActivityManagerService.java:2935)
12-13 22:36:54.207 W/ActivityManager( 1629): 	at android.os.Binder.execTransact(Binder.java:674)
12-13 22:36:54.208 D/EGL_emulation( 1732): eglMakeCurrent: 0x87cd11c0: ver 3 0 (tinfo 0x98be5a20)
12-13 22:36:54.209 W/ActivityManager( 1629): Bad activity token: android.os.BinderProxy@a377eca
12-13 22:36:54.209 W/ActivityManager( 1629): java.lang.ClassCastException: android.os.BinderProxy cannot be cast to com.android.server.am.ActivityRecord$Token
12-13 22:36:54.209 W/ActivityManager( 1629): 	at com.android.server.am.ActivityRecord.forTokenLocked(ActivityRecord.java:778)
12-13 22:36:54.209 W/ActivityManager( 1629): 	at com.android.server.am.ActivityRecord.isInStackLocked(ActivityRecord.java:2085)
12-13 22:36:54.209 W/ActivityManager( 1629): 	at com.android.server.am.ActivityRecord.getStackLocked(ActivityRecord.java:2090)
12-13 22:36:54.209 W/ActivityManager( 1629): 	at com.android.server.am.ActivityManagerService.getActivityStackId(ActivityManagerService.java:10417)
12-13 22:36:54.209 W/ActivityManager( 1629): 	at android.app.IActivityManager$Stub.onTransact(IActivityManager.java:3548)
12-13 22:36:54.209 W/ActivityManager( 1629): 	at com.android.server.am.ActivityManagerService.onTransact(ActivityManagerService.java:2935)
12-13 22:36:54.209 W/ActivityManager( 1629): 	at android.os.Binder.execTransact(Binder.java:674)
12-13 22:36:54.234 I/chatty  ( 1732): uid=10028(u0_a28) RenderThread identical 3 lines
12-13 22:36:54.251 D/EGL_emulation( 1732): eglMakeCurrent: 0x87cd11c0: ver 3 0 (tinfo 0x98be5a20)
12-13 22:36:54.260 E/ContentStoreEUAS( 2227): Failed to commit the deferred actions
12-13 22:36:54.263 D/EGL_emulation( 1732): eglMakeCurrent: 0x87cd11c0: ver 3 0 (tinfo 0x98be5a20)
12-13 22:36:54.363 I/chatty  ( 1732): uid=10028(u0_a28) RenderThread identical 12 lines
12-13 22:36:54.378 W/ActivityManager( 1629): Bad activity token: android.os.BinderProxy@a377eca
12-13 22:36:54.378 W/ActivityManager( 1629): java.lang.ClassCastException: android.os.BinderProxy cannot be cast to com.android.server.am.ActivityRecord$Token
12-13 22:36:54.378 W/ActivityManager( 1629): 	at com.android.server.am.ActivityRecord.forTokenLocked(ActivityRecord.java:778)
12-13 22:36:54.378 W/ActivityManager( 1629): 	at com.android.server.am.ActivityRecord.isInStackLocked(ActivityRecord.java:2085)
12-13 22:36:54.378 W/ActivityManager( 1629): 	at com.android.server.am.ActivityManagerService.getActivityOptions(ActivityManagerService.java:13302)
12-13 22:36:54.378 W/ActivityManager( 1629): 	at android.app.IActivityManager$Stub.onTransact(IActivityManager.java:2910)
12-13 22:36:54.378 W/ActivityManager( 1629): 	at com.android.server.am.ActivityManagerService.onTransact(ActivityManagerService.java:2935)
12-13 22:36:54.378 W/ActivityManager( 1629): 	at android.os.Binder.execTransact(Binder.java:674)
12-13 22:36:54.378 D/EGL_emulation( 1732): eglMakeCurrent: 0x87cd11c0: ver 3 0 (tinfo 0x98be5a20)
12-13 22:36:54.379 W/ActivityManager( 1629): Bad activity token: android.os.BinderProxy@a377eca
12-13 22:36:54.379 W/ActivityManager( 1629): java.lang.ClassCastException: android.os.BinderProxy cannot be cast to com.android.server.am.ActivityRecord$Token
12-13 22:36:54.379 W/ActivityManager( 1629): 	at com.android.server.am.ActivityRecord.forTokenLocked(ActivityRecord.java:778)
12-13 22:36:54.379 W/ActivityManager( 1629): 	at com.android.server.am.ActivityRecord.isInStackLocked(ActivityRecord.java:2085)
12-13 22:36:54.379 W/ActivityManager( 1629): 	at com.android.server.am.ActivityManagerService.getActivityOptions(ActivityManagerService.java:13302)
12-13 22:36:54.379 W/ActivityManager( 1629): 	at android.app.IActivityManager$Stub.onTransact(IActivityManager.java:2910)
12-13 22:36:54.379 W/ActivityManager( 1629): 	at com.android.server.am.ActivityManagerService.onTransact(ActivityManagerService.java:2935)
12-13 22:36:54.379 W/ActivityManager( 1629): 	at android.os.Binder.execTransact(Binder.java:674)
12-13 22:36:54.463 I/NetworkScheduler.Stats( 1936): Task com.google.android.gms/com.google.android.gms.pay.gcmtask.PayGcmTaskService started execution. cause:5 exec_start_elapsed_seconds: 49 [CONTEXT service_id=218 ]
12-13 22:36:54.511 V/StatusBar( 1732): setLightsOn(true)
12-13 22:36:54.561 I/zygote  ( 3957): Do partial code cache collection, code=29KB, data=29KB
12-13 22:36:54.562 I/zygote  ( 3957): After code cache collection, code=29KB, data=29KB
12-13 22:36:54.562 I/zygote  ( 3957): Increasing code cache capacity to 128KB
12-13 22:36:54.562 D/BoundBrokerSvc( 1936): onUnbind: Intent { act=com.google.android.gms.icing.LIGHTWEIGHT_INDEX_SERVICE pkg=com.google.android.gms }
12-13 22:36:54.562 I/zygote  ( 3957): Do partial code cache collection, code=29KB, data=47KB
12-13 22:36:54.563 I/zygote  ( 3957): After code cache collection, code=29KB, data=47KB
12-13 22:36:54.563 I/zygote  ( 3957): Increasing code cache capacity to 256KB
12-13 22:36:54.563 I/zygote  ( 3957): JIT allocated 71KB for compiled code of void android.widget.TextView.<init>(android.content.Context, android.util.AttributeSet, int, int)
12-13 22:36:54.563 I/zygote  ( 3957): Compiler allocated 4MB to compile void android.widget.TextView.<init>(android.content.Context, android.util.AttributeSet, int, int)
12-13 22:36:54.587 V/StatusBar( 1732): setLightsOn(true)
12-13 22:36:54.609 I/chatty  ( 1732): uid=10028(u0_a28) com.android.systemui identical 1 line
12-13 22:36:54.612 V/StatusBar( 1732): setLightsOn(true)
12-13 22:36:54.656 D/gralloc_ranchu( 1396): gralloc_alloc: Creating ashmem region of size 7753728
12-13 22:36:54.678 I/NetworkScheduler.Stats( 1936): Task com.google.android.gms/com.google.android.gms.pay.gcmtask.PayGcmTaskService started execution. cause:5 exec_start_elapsed_seconds: 49 [CONTEXT service_id=218 ]
12-13 22:36:54.692 D/        ( 3957): HostConnection::get() New Host Connection established 0x98ab0c00, tid 3957
12-13 22:36:54.700 I/Pay     ( 2113): Migration flag not enabled. [CONTEXT service_id=198 ]
12-13 22:36:54.701 D/BoundBrokerSvc( 2113): onBind: Intent { act=com.google.android.gms.pay.service.BIND cmp=com.google.android.gms/.chimera.GmsApiService }
12-13 22:36:54.701 D/BoundBrokerSvc( 2113): Loading bound service for intent: Intent { act=com.google.android.gms.pay.service.BIND cmp=com.google.android.gms/.chimera.GmsApiService }
12-13 22:36:54.717 I/jgl     ( 2113): Primes not initialized, returning default (no-op) Primes instance which will ignore all calls. Please call Primes.initialize(...) before using any Primes API.
12-13 22:36:54.753 V/StatusBar( 1732): setLightsOn(true)
12-13 22:36:54.763 I/ActivityManager( 1629): Displayed com.evancharlton.mileage/.Mileage: +665ms
12-13 22:36:54.775 V/StatusBar( 1732): setLightsOn(true)
12-13 22:36:54.790 D/gralloc_ranchu( 1396): gralloc_alloc: Creating ashmem region of size 7753728
12-13 22:36:54.794 I/NetworkScheduler.Stats( 1936): Task com.google.android.gms/com.google.android.gms.pay.gcmtask.PayGcmTaskService finished executing. cause:5 result: 1 elapsed_millis: 489 uptime_millis: 489 exec_start_elapsed_seconds: 49 [CONTEXT service_id=218 ]
12-13 22:36:54.795 W/Nearby  ( 1936): Failed attempt #3 out of 3 for RestoreDeviceName [CONTEXT service_id=49 ]
12-13 22:36:54.795 W/Nearby  ( 1936): java.lang.IllegalStateException: BluetoothAdapter not ready yet!
12-13 22:36:54.795 W/Nearby  ( 1936): 	at alhd.g(:com.google.android.gms@204713022@20.47.13 (040700-344095733):2)
12-13 22:36:54.795 W/Nearby  ( 1936): 	at alhc.run(Unknown Source:0)
12-13 22:36:54.795 W/Nearby  ( 1936): 	at bznt.call(Unknown Source:0)
12-13 22:36:54.795 W/Nearby  ( 1936): 	at bzny.b(:com.google.android.gms@204713022@20.47.13 (040700-344095733):2)
12-13 22:36:54.795 W/Nearby  ( 1936): 	at bzny.a(:com.google.android.gms@204713022@20.47.13 (040700-344095733):0)
12-13 22:36:54.795 W/Nearby  ( 1936): 	at alhb.run(Unknown Source:2)
12-13 22:36:54.795 W/Nearby  ( 1936): 	at java.lang.Thread.run(Thread.java:764)
12-13 22:36:54.795 W/Nearby  ( 1936): 	at tly.run(Unknown Source:5)
12-13 22:36:54.795 W/Nearby  ( 1936): 	at java.util.concurrent.ThreadPoolExecutor.runWorker(ThreadPoolExecutor.java:1162)
12-13 22:36:54.795 W/Nearby  ( 1936): 	at java.util.concurrent.ThreadPoolExecutor$Worker.run(ThreadPoolExecutor.java:636)
12-13 22:36:54.795 W/Nearby  ( 1936): 	at trx.run(:com.google.android.gms@204713022@20.47.13 (040700-344095733):0)
12-13 22:36:54.795 W/Nearby  ( 1936): 	at java.lang.Thread.run(Thread.java:764)
12-13 22:36:54.838 I/Pay     ( 2113): Migration already completed. [CONTEXT service_id=198 ]
12-13 22:36:54.844 I/chatty  ( 2113): uid=10011(u0_a11) lowpool[1] identical 1 line
12-13 22:36:54.858 I/Pay     ( 2113): Migration already completed. [CONTEXT service_id=198 ]
12-13 22:36:54.858 I/Pay     ( 2113): Migration flag not enabled. [CONTEXT service_id=198 ]
12-13 22:36:54.898 V/StatusBar( 1732): setLightsOn(true)
12-13 22:36:54.907 V/StatusBar( 1732): setLightsOn(true)
12-13 22:36:54.915 W/SurfaceFlinger( 1407): couldn't log to binary event log: overflow.
12-13 22:36:54.934 I/Pay     ( 2113): Migration already completed. [CONTEXT service_id=198 ]
12-13 22:36:54.937 I/Pay     ( 2113): Migration flag not enabled. [CONTEXT service_id=198 ]
12-13 22:36:54.939 V/StatusBar( 1732): setLightsOn(true)
12-13 22:36:54.947 V/StatusBar( 1732): setLightsOn(true)
12-13 22:36:54.949 I/zygote  ( 3957): Do full code cache collection, code=125KB, data=71KB
12-13 22:36:54.950 I/zygote  ( 3957): After code cache collection, code=108KB, data=44KB
12-13 22:36:54.955 D/BoundBrokerSvc( 1936): onUnbind: Intent { act=com.google.android.gms.auth.account.workaccount.START cmp=com.google.android.gms/.chimera.PersistentApiService }
12-13 22:36:54.958 V/StatusBar( 1732): setLightsOn(true)
12-13 22:36:55.005 I/PBSessionCacheImpl( 2227): Deleted sessionId[978151844433] from persistence.
12-13 22:36:55.006 I/System.out( 3957): URI: //map
12-13 22:36:55.006 I/System.out( 3957): params: {json={"query":"android.widget.CheckBox index:0","operation":{"method_name":"query","arguments":[]}}
12-13 22:36:55.006 I/System.out( 3957): }
12-13 22:36:55.014 I/NetworkScheduler.Stats( 1936): Task com.google.android.gms/com.google.android.gms.tapandpay.gcmtask.TapAndPayGcmTaskService started execution. cause:5 exec_start_elapsed_seconds: 49 [CONTEXT service_id=218 ]
12-13 22:36:55.030 W/SearchService( 2227): Abort, client detached.
12-13 22:36:55.039 I/NetworkScheduler.Stats( 1936): Task com.google.android.gms/com.google.android.gms.pay.gcmtask.PayGcmTaskService finished executing. cause:5 result: 1 elapsed_millis: 445 uptime_millis: 446 exec_start_elapsed_seconds: 49 [CONTEXT service_id=218 ]
12-13 22:36:55.042 I/NetworkScheduler.Stats( 1936): Task com.google.android.gms/com.google.android.gms.tapandpay.gcmtask.TapAndPayGcmTaskService finished executing. cause:5 result: 1 elapsed_millis: 79 uptime_millis: 79 exec_start_elapsed_seconds: 49 [CONTEXT service_id=218 ]
12-13 22:36:55.133 I/NetworkScheduler.Stats( 1936): Task com.google.android.gms/com.google.android.gms.tapandpay.gcmtask.TapAndPayGcmTaskService started execution. cause:5 exec_start_elapsed_seconds: 49 [CONTEXT service_id=218 ]
12-13 22:36:55.163 I/System.out( 3957): URI: //gesture
12-13 22:36:55.163 I/System.out( 3957): params: {json={"query_timeout":5.0,"gestures":[{"query_string":"android.widget.CheckBox index:0","touches":[{"x":50,"y":50,"offset_x":0,"offset_y":0,"wait":0.0,"time":0.2,"release":true,"query_string":null}]}]}
12-13 22:36:55.164 I/System.out( 3957): }
12-13 22:36:55.213 I/zygote  ( 3957): Do partial code cache collection, code=124KB, data=55KB
12-13 22:36:55.214 I/zygote  ( 3957): After code cache collection, code=124KB, data=55KB
12-13 22:36:55.214 I/zygote  ( 3957): Increasing code cache capacity to 512KB
12-13 22:36:55.215 I/NetworkScheduler.Stats( 1936): Task com.google.android.gms/com.google.android.gms.tapandpay.gcmtask.TapAndPayGcmTaskService started execution. cause:5 exec_start_elapsed_seconds: 49 [CONTEXT service_id=218 ]
12-13 22:36:55.250 I/NetworkScheduler.Stats( 1936): Task com.google.android.gms/com.google.android.gms.tapandpay.gcmtask.TapAndPayGcmTaskService finished executing. cause:5 result: 1 elapsed_millis: 153 uptime_millis: 153 exec_start_elapsed_seconds: 49 [CONTEXT service_id=218 ]
12-13 22:36:55.252 I/NetworkScheduler.Stats( 1936): Task com.google.android.gms/com.google.android.gms.tapandpay.gcmtask.TapAndPayGcmTaskService finished executing. cause:5 result: 1 elapsed_millis: 74 uptime_millis: 74 exec_start_elapsed_seconds: 49 [CONTEXT service_id=218 ]
12-13 22:36:55.270 D/BoundBrokerSvc( 1936): onUnbind: Intent { act=com.google.android.gms.auth.proximity.START cmp=com.google.android.gms/.chimera.PersistentBoundBrokerService }
12-13 22:36:55.313 D/BoundBrokerSvc( 2113): onUnbind: Intent { act=com.google.android.gms.auth.cryptauth.cryptauthservice.START cmp=com.google.android.gms/.chimera.GmsBoundBrokerService }
12-13 22:36:55.345 I/NetworkScheduler.Stats( 1936): Task com.google.android.gms/com.google.android.gms.udc.service.UdcContextInitService started execution. cause:5 exec_start_elapsed_seconds: 50 [CONTEXT service_id=218 ]
12-13 22:36:55.412 I/NetworkScheduler.Stats( 1936): Task com.google.android.gms/com.google.android.gms.udc.service.UdcContextInitService finished executing. cause:5 result: 1 elapsed_millis: 121 uptime_millis: 121 exec_start_elapsed_seconds: 50 [CONTEXT service_id=218 ]
12-13 22:36:55.466 W/audio_hw_generic( 1390): Not supplying enough data to HAL, expected position 157181 , only wrote 156960
12-13 22:36:55.679 E/SurfaceFlinger( 1407): ro.sf.lcd_density must be defined as a build property
12-13 22:36:55.687 D/gralloc_ranchu( 1396): gralloc_alloc: Creating ashmem region of size 8298496
12-13 22:36:55.696 D/        ( 4003): HostConnection::get() New Host Connection established 0xb2daf800, tid 4003
12-13 22:36:55.766 D/gralloc_ranchu( 1396): gralloc_alloc: Creating ashmem region of size 7753728
12-13 22:36:55.802 D/ConnectivityService( 1629): handleLingerComplete for NetworkAgentInfo [MOBILE (LTE) - 100]
12-13 22:36:56.137 I/System.out( 3957): URI: //map
12-13 22:36:56.137 I/System.out( 3957): params: {json={"query":"android.widget.CheckBox index:0","operation":{"method_name":"query","arguments":[]}}
12-13 22:36:56.137 I/System.out( 3957): }
12-13 22:36:56.194 I/System.out( 3957): URI: //gesture
12-13 22:36:56.194 I/System.out( 3957): params: {json={"query_timeout":5.0,"gestures":[{"query_string":"android.widget.CheckBox index:0","touches":[{"x":50,"y":50,"offset_x":0,"offset_y":0,"wait":0.0,"time":0.2,"release":true,"query_string":null}]}]}
12-13 22:36:56.194 I/System.out( 3957): }
12-13 22:36:56.258 E/memtrack( 1629): Couldn't load memtrack module
12-13 22:36:56.260 W/android.os.Debug( 1629): failed to get memory consumption info: -1
12-13 22:36:56.260 D/BoundBrokerSvc( 1936): onUnbind: Intent { act=com.google.android.contextmanager.service.ContextManagerService.START cmp=com.google.android.gms/.chimera.PersistentApiService }
12-13 22:36:56.667 E/SurfaceFlinger( 1407): ro.sf.lcd_density must be defined as a build property
12-13 22:36:56.675 D/gralloc_ranchu( 1396): gralloc_alloc: Creating ashmem region of size 8298496
12-13 22:36:56.684 D/        ( 4012): HostConnection::get() New Host Connection established 0xb422f800, tid 4012
12-13 22:36:56.704 W/RemoteFillService( 1629): Not handling { when=-2ms what=3 target=com.android.internal.os.HandlerCaller$MyHandler } as service for ComponentInfo{com.google.android.gms/com.google.android.gms.autofill.service.AutofillService} is already destroyed
12-13 22:36:57.021 E/TaskPersister( 1629): File error accessing recents directory (directory doesn't exist?).
