12-13 22:42:07.405 W/ActivityManager( 1626): 	at com.android.server.am.ActivityRecord.isInStackLocked(ActivityRecord.java:2085)
12-13 22:42:07.405 W/ActivityManager( 1626): 	at com.android.server.am.ActivityManagerService.setTaskDescription(ActivityManagerService.java:9988)
12-13 22:42:07.405 W/ActivityManager( 1626): 	at android.app.IActivityManager$Stub.onTransact(IActivityManager.java:2824)
12-13 22:42:07.405 W/ActivityManager( 1626): 	at com.android.server.am.ActivityManagerService.onTransact(ActivityManagerService.java:2935)
12-13 22:42:07.405 W/ActivityManager( 1626): 	at android.os.Binder.execTransact(Binder.java:674)
12-13 22:42:07.409 W/ActivityManager( 1626): Bad activity token: android.os.BinderProxy@1d2629d
12-13 22:42:07.409 W/ActivityManager( 1626): java.lang.ClassCastException: android.os.BinderProxy cannot be cast to com.android.server.am.ActivityRecord$Token
12-13 22:42:07.409 W/ActivityManager( 1626): 	at com.android.server.am.ActivityRecord.forTokenLocked(ActivityRecord.java:778)
12-13 22:42:07.409 W/ActivityManager( 1626): 	at com.android.server.am.ActivityRecord.isInStackLocked(ActivityRecord.java:2085)
12-13 22:42:07.409 W/ActivityManager( 1626): 	at com.android.server.am.ActivityRecord.getStackLocked(ActivityRecord.java:2090)
12-13 22:42:07.409 W/ActivityManager( 1626): 	at com.android.server.am.ActivityManagerService.getActivityStackId(ActivityManagerService.java:10417)
12-13 22:42:07.409 W/ActivityManager( 1626): 	at android.app.IActivityManager$Stub.onTransact(IActivityManager.java:3548)
12-13 22:42:07.409 W/ActivityManager( 1626): 	at com.android.server.am.ActivityManagerService.onTransact(ActivityManagerService.java:2935)
12-13 22:42:07.409 W/ActivityManager( 1626): 	at android.os.Binder.execTransact(Binder.java:674)
12-13 22:42:07.488 I/chatty  ( 1626): uid=1000(system) RenderThread identical 418 lines
12-13 22:42:07.489 E/OpenGLRenderer( 1626): GL error:  GL_INVALID_OPERATION
12-13 22:42:07.489 D/VehicleStatisticsActivity( 4504): Checking recalculation ...
12-13 22:42:07.489 E/OpenGLRenderer( 1626): GL error:  GL_INVALID_OPERATION
12-13 22:42:07.496 I/chatty  ( 1626): uid=1000(system) RenderThread identical 13 lines
12-13 22:42:07.496 E/OpenGLRenderer( 1626): GL error:  GL_INVALID_OPERATION
12-13 22:42:07.496 D/VehicleStatisticsActivity( 4504): Recalculating statistics
12-13 22:42:07.497 E/OpenGLRenderer( 1626): GL error:  GL_INVALID_OPERATION
12-13 22:42:07.497 I/chatty  ( 1626): uid=1000(system) RenderThread identical 1 line
12-13 22:42:07.497 E/OpenGLRenderer( 1626): GL error:  GL_INVALID_OPERATION
12-13 22:42:07.497 D/VehicleStatisticsTask( 4504): Calculation starting...
12-13 22:42:07.498 E/OpenGLRenderer( 1626): GL error:  GL_INVALID_OPERATION
12-13 22:42:07.500 I/chatty  ( 1626): uid=1000(system) RenderThread identical 7 lines
12-13 22:42:07.500 E/OpenGLRenderer( 1626): GL error:  GL_INVALID_OPERATION
12-13 22:42:07.501 D/VehicleStatisticsActivity( 4504): Recalculation started!
12-13 22:42:07.501 E/OpenGLRenderer( 1626): GL error:  GL_INVALID_OPERATION
12-13 22:42:07.507 W/ActivityManager( 1626): Bad activity token: android.os.BinderProxy@1d2629d
12-13 22:42:07.507 W/ActivityManager( 1626): java.lang.ClassCastException: android.os.BinderProxy cannot be cast to com.android.server.am.ActivityRecord$Token
12-13 22:42:07.507 W/ActivityManager( 1626): 	at com.android.server.am.ActivityRecord.forTokenLocked(ActivityRecord.java:778)
12-13 22:42:07.507 W/ActivityManager( 1626): 	at com.android.server.am.ActivityRecord.isInStackLocked(ActivityRecord.java:2085)
12-13 22:42:07.507 W/ActivityManager( 1626): 	at com.android.server.am.ActivityManagerService.getActivityOptions(ActivityManagerService.java:13302)
12-13 22:42:07.507 W/ActivityManager( 1626): 	at android.app.IActivityManager$Stub.onTransact(IActivityManager.java:2910)
12-13 22:42:07.507 W/ActivityManager( 1626): 	at com.android.server.am.ActivityManagerService.onTransact(ActivityManagerService.java:2935)
12-13 22:42:07.507 W/ActivityManager( 1626): 	at android.os.Binder.execTransact(Binder.java:674)
12-13 22:42:07.508 W/ActivityManager( 1626): Bad activity token: android.os.BinderProxy@1d2629d
12-13 22:42:07.508 W/ActivityManager( 1626): java.lang.ClassCastException: android.os.BinderProxy cannot be cast to com.android.server.am.ActivityRecord$Token
12-13 22:42:07.508 W/ActivityManager( 1626): 	at com.android.server.am.ActivityRecord.forTokenLocked(ActivityRecord.java:778)
12-13 22:42:07.508 W/ActivityManager( 1626): 	at com.android.server.am.ActivityRecord.isInStackLocked(ActivityRecord.java:2085)
12-13 22:42:07.508 W/ActivityManager( 1626): 	at com.android.server.am.ActivityManagerService.getActivityOptions(ActivityManagerService.java:13302)
12-13 22:42:07.508 W/ActivityManager( 1626): 	at android.app.IActivityManager$Stub.onTransact(IActivityManager.java:2910)
12-13 22:42:07.508 W/ActivityManager( 1626): 	at com.android.server.am.ActivityManagerService.onTransact(ActivityManagerService.java:2935)
12-13 22:42:07.508 W/ActivityManager( 1626): 	at android.os.Binder.execTransact(Binder.java:674)
12-13 22:42:07.516 I/chatty  ( 1626): uid=1000(system) RenderThread identical 32 lines
12-13 22:42:07.517 E/OpenGLRenderer( 1626): GL error:  GL_INVALID_OPERATION
12-13 22:42:07.517 D/VehicleStatisticsActivity( 4504): Checking recalculation ...
12-13 22:42:07.517 E/OpenGLRenderer( 1626): GL error:  GL_INVALID_OPERATION
12-13 22:42:07.520 I/chatty  ( 1626): uid=1000(system) RenderThread identical 9 lines
12-13 22:42:07.521 E/OpenGLRenderer( 1626): GL error:  GL_INVALID_OPERATION
12-13 22:42:07.521 E/memtrack( 1626): Couldn't load memtrack module
12-13 22:42:07.521 W/android.os.Debug( 1626): failed to get memory consumption info: -1
12-13 22:42:07.521 E/OpenGLRenderer( 1626): GL error:  GL_INVALID_OPERATION
12-13 22:42:07.523 E/OpenGLRenderer( 1626): GL error:  GL_INVALID_OPERATION
12-13 22:42:07.523 D/VehicleStatisticsActivity( 4504): Recalculating statistics
12-13 22:42:07.523 D/VehicleStatisticsTask( 4504): Calculation starting...
12-13 22:42:07.523 E/OpenGLRenderer( 1626): GL error:  GL_INVALID_OPERATION
12-13 22:42:07.524 D/VehicleStatisticsActivity( 4504): Recalculation started!
12-13 22:42:07.527 E/OpenGLRenderer( 1626): GL error:  GL_INVALID_OPERATION
12-13 22:42:07.693 I/chatty  ( 1626): uid=1000(system) RenderThread identical 447 lines
12-13 22:42:07.694 E/OpenGLRenderer( 1626): GL error:  GL_INVALID_OPERATION
12-13 22:42:07.696 E/memtrack( 1626): Couldn't load memtrack module
12-13 22:42:07.696 W/android.os.Debug( 1626): failed to get memory consumption info: -1
12-13 22:42:07.697 E/OpenGLRenderer( 1626): GL error:  GL_INVALID_OPERATION
12-13 22:42:07.706 I/chatty  ( 1626): uid=1000(system) RenderThread identical 26 lines
12-13 22:42:07.707 E/OpenGLRenderer( 1626): GL error:  GL_INVALID_OPERATION
12-13 22:42:07.712 D/VehicleStatisticsTask( 4504): Not enough fillups to calculate statistics
12-13 22:42:07.715 E/OpenGLRenderer( 1626): GL error:  GL_INVALID_OPERATION
12-13 22:42:07.803 I/chatty  ( 1626): uid=1000(system) RenderThread identical 169 lines
12-13 22:42:07.803 E/OpenGLRenderer( 1626): GL error:  GL_INVALID_OPERATION
12-13 22:42:07.803 D/VehicleStatisticsTask( 4504): Not enough fillups to calculate statistics
12-13 22:42:07.803 E/OpenGLRenderer( 1626): GL error:  GL_INVALID_OPERATION
12-13 22:42:07.806 I/chatty  ( 1626): uid=1000(system) RenderThread identical 11 lines
12-13 22:42:07.806 E/OpenGLRenderer( 1626): GL error:  GL_INVALID_OPERATION
12-13 22:42:07.809 D/VehicleStatisticsTask( 4504): Done recalculating!
12-13 22:42:07.809 E/OpenGLRenderer( 1626): GL error:  GL_INVALID_OPERATION
12-13 22:42:07.811 I/chatty  ( 1626): uid=1000(system) RenderThread identical 2 lines
12-13 22:42:07.811 E/OpenGLRenderer( 1626): GL error:  GL_INVALID_OPERATION
12-13 22:42:07.811 D/VehicleStatisticsTask( 4504): Done recalculating!
12-13 22:42:07.811 E/OpenGLRenderer( 1626): GL error:  GL_INVALID_OPERATION
12-13 22:42:07.814 I/chatty  ( 1626): uid=1000(system) RenderThread identical 6 lines
12-13 22:42:07.814 E/OpenGLRenderer( 1626): GL error:  GL_INVALID_OPERATION
12-13 22:42:07.814 D/VehicleStatisticsAdapter( 4504): Erasing the cache ...
12-13 22:42:07.815 E/OpenGLRenderer( 1626): GL error:  GL_INVALID_OPERATION
12-13 22:42:07.815 D/VehicleStatisticsAdapter( 4504): Erasing the cache ...
12-13 22:42:07.816 I/chatty  ( 1626): uid=1000(system) RenderThread expire 6 lines
12-13 22:42:07.817 E/OpenGLRenderer( 1626): GL error:  GL_INVALID_OPERATION
12-13 22:42:07.817 E/OpenGLRenderer( 1626): GL error:  GL_INVALID_OPERATION
12-13 22:42:07.837 I/chatty  ( 1626): uid=1000(system) RenderThread identical 54 lines
12-13 22:42:07.838 E/OpenGLRenderer( 1626): GL error:  GL_INVALID_OPERATION
12-13 22:42:07.838 D/VehicleStatisticsAdapter( 4504): Building new values ...
12-13 22:42:07.838 E/OpenGLRenderer( 1626): GL error:  GL_INVALID_OPERATION
12-13 22:42:07.845 I/chatty  ( 1626): uid=1000(system) RenderThread identical 23 lines
12-13 22:42:07.845 E/OpenGLRenderer( 1626): GL error:  GL_INVALID_OPERATION
12-13 22:42:07.845 D/VehicleStatisticsAdapter( 4504): Building new values ...
12-13 22:42:07.845 E/OpenGLRenderer( 1626): GL error:  GL_INVALID_OPERATION
12-13 22:42:07.852 I/chatty  ( 1626): uid=1000(system) RenderThread identical 37 lines
12-13 22:42:07.852 E/OpenGLRenderer( 1626): GL error:  GL_INVALID_OPERATION
12-13 22:42:07.852 D/VehicleStatisticsAdapter( 4504): Writing 29 records to the database ...
12-13 22:42:07.852 E/OpenGLRenderer( 1626): GL error:  GL_INVALID_OPERATION
12-13 22:42:07.861 I/chatty  ( 1626): uid=1000(system) RenderThread identical 28 lines
12-13 22:42:07.861 D/VehicleStatisticsAdapter( 4504): Writing 29 records to the database ...
12-13 22:42:07.861 E/OpenGLRenderer( 1626): GL error:  GL_INVALID_OPERATION
12-13 22:42:07.862 E/OpenGLRenderer( 1626): GL error:  GL_INVALID_OPERATION
12-13 22:42:07.878 I/chatty  ( 1626): uid=1000(system) RenderThread identical 52 lines
12-13 22:42:07.878 E/OpenGLRenderer( 1626): GL error:  GL_INVALID_OPERATION
12-13 22:42:07.878 D/Mileage.ABS( 4504): Finished backup
12-13 22:42:07.879 E/OpenGLRenderer( 1626): GL error:  GL_INVALID_OPERATION
12-13 22:42:07.879 E/OpenGLRenderer( 1626): GL error:  GL_INVALID_OPERATION
12-13 22:42:07.879 D/Mileage.ABS( 4504): Not backing up; 40
12-13 22:42:07.880 E/OpenGLRenderer( 1626): GL error:  GL_INVALID_OPERATION
12-13 22:42:07.880 I/zygote  ( 4504): Background concurrent copying GC freed 41410(1524KB) AllocSpace objects, 3(60KB) LOS objects, 49% free, 1772KB/3MB, paused 4.795ms total 186.939ms
12-13 22:42:07.882 E/OpenGLRenderer( 1626): GL error:  GL_INVALID_OPERATION
12-13 22:42:07.951 I/chatty  ( 1626): uid=1000(system) RenderThread identical 100 lines
12-13 22:42:07.955 E/OpenGLRenderer( 1626): GL error:  GL_INVALID_OPERATION
12-13 22:42:07.955 E/SurfaceFlinger( 1407): ro.sf.lcd_density must be defined as a build property
12-13 22:42:07.956 E/OpenGLRenderer( 1626): GL error:  GL_INVALID_OPERATION
12-13 22:42:07.961 I/chatty  ( 1626): uid=1000(system) RenderThread identical 5 lines
12-13 22:42:07.962 E/OpenGLRenderer( 1626): GL error:  GL_INVALID_OPERATION
12-13 22:42:07.962 I/zygote  ( 4504): Do full code cache collection, code=225KB, data=158KB
12-13 22:42:07.963 E/OpenGLRenderer( 1626): GL error:  GL_INVALID_OPERATION
12-13 22:42:07.963 I/zygote  ( 4504): After code cache collection, code=225KB, data=128KB
12-13 22:42:07.967 E/OpenGLRenderer( 1626): GL error:  GL_INVALID_OPERATION
12-13 22:42:07.998 I/chatty  ( 1626): uid=1000(system) RenderThread identical 43 lines
12-13 22:42:07.998 E/OpenGLRenderer( 1626): GL error:  GL_INVALID_OPERATION
12-13 22:42:07.999 D/Mileage.ABS( 4504): Not backing up; 160
12-13 22:42:07.999 E/OpenGLRenderer( 1626): GL error:  GL_INVALID_OPERATION
12-13 22:42:08.002 I/chatty  ( 1626): uid=1000(system) RenderThread identical 2 lines
12-13 22:42:08.002 E/OpenGLRenderer( 1626): GL error:  GL_INVALID_OPERATION
12-13 22:42:08.003 D/Mileage.ABS( 4504): Not backing up; 164
12-13 22:42:08.003 E/OpenGLRenderer( 1626): GL error:  GL_INVALID_OPERATION
12-13 22:42:08.004 D/Mileage.ABS( 4504): Not backing up; 165
12-13 22:42:08.004 D/Mileage.ABS( 4504): Not backing up; 165
12-13 22:42:08.005 E/OpenGLRenderer( 1626): GL error:  GL_INVALID_OPERATION
12-13 22:42:08.006 D/Mileage.ABS( 4504): Not backing up; 167
12-13 22:42:08.009 E/OpenGLRenderer( 1626): GL error:  GL_INVALID_OPERATION
12-13 22:42:08.010 I/chatty  ( 1626): uid=1000(system) RenderThread identical 2 lines
12-13 22:42:08.010 E/OpenGLRenderer( 1626): GL error:  GL_INVALID_OPERATION
12-13 22:42:08.010 D/Mileage.ABS( 4504): Not backing up; 171
12-13 22:42:08.011 E/OpenGLRenderer( 1626): GL error:  GL_INVALID_OPERATION
12-13 22:42:08.012 I/chatty  ( 1626): uid=1000(system) RenderThread identical 1 line
12-13 22:42:08.012 E/OpenGLRenderer( 1626): GL error:  GL_INVALID_OPERATION
12-13 22:42:08.013 D/Mileage.ABS( 4504): Not backing up; 174
12-13 22:42:08.013 E/OpenGLRenderer( 1626): GL error:  GL_INVALID_OPERATION
12-13 22:42:08.018 I/chatty  ( 1626): uid=1000(system) RenderThread identical 12 lines
12-13 22:42:08.020 E/OpenGLRenderer( 1626): GL error:  GL_INVALID_OPERATION
12-13 22:42:08.020 D/Mileage.ABS( 4504): Not backing up; 181
12-13 22:42:08.021 E/OpenGLRenderer( 1626): GL error:  GL_INVALID_OPERATION
12-13 22:42:08.022 I/chatty  ( 1626): uid=1000(system) RenderThread identical 3 lines
12-13 22:42:08.022 E/OpenGLRenderer( 1626): GL error:  GL_INVALID_OPERATION
12-13 22:42:08.023 D/gralloc_ranchu( 1396): gralloc_alloc: Creating ashmem region of size 8298496
12-13 22:42:08.023 E/OpenGLRenderer( 1626): GL error:  GL_INVALID_OPERATION
12-13 22:42:08.031 I/chatty  ( 1626): uid=1000(system) RenderThread identical 5 lines
12-13 22:42:08.032 E/OpenGLRenderer( 1626): GL error:  GL_INVALID_OPERATION
12-13 22:42:08.033 E/OpenGLRenderer( 1626): GL error:  GL_INVALID_OPERATION
12-13 22:42:08.033 D/        ( 4558): HostConnection::get() New Host Connection established 0xaeb2f800, tid 4558
12-13 22:42:08.034 I/chatty  ( 1626): uid=1000(system) RenderThread expire 1 line
12-13 22:42:08.037 E/OpenGLRenderer( 1626): GL error:  GL_INVALID_OPERATION
12-13 22:42:08.037 D/Mileage.ABS( 4504): Not backing up; 198
12-13 22:42:08.038 E/OpenGLRenderer( 1626): GL error:  GL_INVALID_OPERATION
12-13 22:42:08.039 I/chatty  ( 1626): uid=1000(system) RenderThread identical 2 lines
12-13 22:42:08.040 E/OpenGLRenderer( 1626): GL error:  GL_INVALID_OPERATION
12-13 22:42:08.042 D/Mileage.ABS( 4504): Not backing up; 201
12-13 22:42:08.043 E/OpenGLRenderer( 1626): GL error:  GL_INVALID_OPERATION
12-13 22:42:08.045 E/OpenGLRenderer( 1626): GL error:  GL_INVALID_OPERATION
12-13 22:42:08.046 D/Mileage.ABS( 4504): Not backing up; 207
12-13 22:42:08.047 D/Mileage.ABS( 4504): Not backing up; 208
12-13 22:42:08.047 E/OpenGLRenderer( 1626): GL error:  GL_INVALID_OPERATION
12-13 22:42:08.066 I/chatty  ( 1626): uid=1000(system) RenderThread identical 20 lines
12-13 22:42:08.066 E/OpenGLRenderer( 1626): GL error:  GL_INVALID_OPERATION
12-13 22:42:08.078 D/Mileage.ABS( 4504): Not backing up; 239
12-13 22:42:08.079 D/Mileage.ABS( 4504): Not backing up; 240
12-13 22:42:08.084 E/OpenGLRenderer( 1626): GL error:  GL_INVALID_OPERATION
12-13 22:42:08.089 I/chatty  ( 1626): uid=1000(system) RenderThread identical 14 lines
12-13 22:42:08.089 E/OpenGLRenderer( 1626): GL error:  GL_INVALID_OPERATION
12-13 22:42:08.093 D/Mileage.ABS( 4504): Not backing up; 254
12-13 22:42:08.094 E/OpenGLRenderer( 1626): GL error:  GL_INVALID_OPERATION
12-13 22:42:08.137 I/chatty  ( 1626): uid=1000(system) RenderThread identical 78 lines
12-13 22:42:08.138 E/OpenGLRenderer( 1626): GL error:  GL_INVALID_OPERATION
12-13 22:42:08.138 D/Mileage.ABS( 4504): Not backing up; 298
12-13 22:42:08.140 E/OpenGLRenderer( 1626): GL error:  GL_INVALID_OPERATION
12-13 22:42:08.143 E/OpenGLRenderer( 1626): GL error:  GL_INVALID_OPERATION
12-13 22:42:08.145 E/OpenGLRenderer( 1626): GL error:  GL_INVALID_OPERATION
12-13 22:42:08.145 D/Mileage.ABS( 4504): Not backing up; 305
12-13 22:42:08.172 I/chatty  ( 1626): uid=1000(system) RenderThread expire 47 lines
12-13 22:42:08.173 E/OpenGLRenderer( 1626): GL error:  GL_INVALID_OPERATION
12-13 22:42:08.173 D/Mileage.ABS( 4504): Not backing up; 334
12-13 22:42:08.175 E/OpenGLRenderer( 1626): GL error:  GL_INVALID_OPERATION
12-13 22:42:08.185 I/chatty  ( 1626): uid=1000(system) RenderThread identical 18 lines
12-13 22:42:08.186 E/OpenGLRenderer( 1626): GL error:  GL_INVALID_OPERATION
12-13 22:42:08.186 D/Mileage.ABS( 4504): Not backing up; 347
12-13 22:42:08.186 E/OpenGLRenderer( 1626): GL error:  GL_INVALID_OPERATION
12-13 22:42:08.192 I/chatty  ( 1626): uid=1000(system) RenderThread identical 12 lines
12-13 22:42:08.192 E/OpenGLRenderer( 1626): GL error:  GL_INVALID_OPERATION
12-13 22:42:08.195 D/Mileage.ABS( 4504): Not backing up; 356
12-13 22:42:08.198 E/OpenGLRenderer( 1626): GL error:  GL_INVALID_OPERATION
12-13 22:42:08.202 I/chatty  ( 1626): uid=1000(system) RenderThread identical 18 lines
12-13 22:42:08.202 E/OpenGLRenderer( 1626): GL error:  GL_INVALID_OPERATION
12-13 22:42:08.202 D/Mileage.ABS( 4504): Not backing up; 363
12-13 22:42:08.202 E/OpenGLRenderer( 1626): GL error:  GL_INVALID_OPERATION
12-13 22:42:08.246 I/chatty  ( 1626): uid=1000(system) RenderThread identical 22 lines
12-13 22:42:08.250 E/OpenGLRenderer( 1626): GL error:  GL_INVALID_OPERATION
12-13 22:42:08.251 D/Mileage.ABS( 4504): Not backing up; 412
12-13 22:42:08.253 D/Mileage.ABS( 4504): Not backing up; 414
12-13 22:42:08.254 E/OpenGLRenderer( 1626): GL error:  GL_INVALID_OPERATION
12-13 22:42:08.257 D/Mileage.ABS( 4504): Not backing up; 417
12-13 22:42:08.258 D/Mileage.ABS( 4504): Not backing up; 419
12-13 22:42:08.259 D/Mileage.ABS( 4504): Not backing up; 420
12-13 22:42:08.259 E/OpenGLRenderer( 1626): GL error:  GL_INVALID_OPERATION
12-13 22:42:08.306 I/chatty  ( 1626): uid=1000(system) RenderThread identical 84 lines
12-13 22:42:08.308 E/OpenGLRenderer( 1626): GL error:  GL_INVALID_OPERATION
12-13 22:42:08.308 D/Mileage.ABS( 4504): Not backing up; 469
12-13 22:42:08.308 E/OpenGLRenderer( 1626): GL error:  GL_INVALID_OPERATION
12-13 22:42:08.313 I/chatty  ( 1626): uid=1000(system) RenderThread identical 8 lines
12-13 22:42:08.314 E/OpenGLRenderer( 1626): GL error:  GL_INVALID_OPERATION
12-13 22:42:08.314 D/Mileage.ABS( 4504): Not backing up; 475
12-13 22:42:08.314 E/OpenGLRenderer( 1626): GL error:  GL_INVALID_OPERATION
12-13 22:42:08.329 I/chatty  ( 1626): uid=1000(system) RenderThread identical 40 lines
12-13 22:42:08.329 E/OpenGLRenderer( 1626): GL error:  GL_INVALID_OPERATION
12-13 22:42:08.330 D/Mileage.ABS( 4504): Not backing up; 491
12-13 22:42:08.331 E/OpenGLRenderer( 1626): GL error:  GL_INVALID_OPERATION
12-13 22:42:08.343 I/chatty  ( 1626): uid=1000(system) RenderThread identical 24 lines
12-13 22:42:08.344 E/OpenGLRenderer( 1626): GL error:  GL_INVALID_OPERATION
12-13 22:42:08.344 D/Mileage.ABS( 4504): Not backing up; 505
12-13 22:42:08.344 E/OpenGLRenderer( 1626): GL error:  GL_INVALID_OPERATION
12-13 22:42:08.364 I/chatty  ( 1626): uid=1000(system) RenderThread identical 35 lines
12-13 22:42:08.365 E/OpenGLRenderer( 1626): GL error:  GL_INVALID_OPERATION
12-13 22:42:08.365 D/Mileage.ABS( 4504): Not backing up; 526
12-13 22:42:08.365 E/OpenGLRenderer( 1626): GL error:  GL_INVALID_OPERATION
12-13 22:42:08.378 I/chatty  ( 1626): uid=1000(system) RenderThread identical 16 lines
12-13 22:42:08.378 E/OpenGLRenderer( 1626): GL error:  GL_INVALID_OPERATION
12-13 22:42:08.378 D/Mileage.ABS( 4504): Not backing up; 539
12-13 22:42:08.379 E/OpenGLRenderer( 1626): GL error:  GL_INVALID_OPERATION
12-13 22:42:08.398 I/chatty  ( 1626): uid=1000(system) RenderThread identical 32 lines
12-13 22:42:08.399 E/OpenGLRenderer( 1626): GL error:  GL_INVALID_OPERATION
12-13 22:42:08.399 D/Mileage.ABS( 4504): Not backing up; 560
12-13 22:42:08.399 E/OpenGLRenderer( 1626): GL error:  GL_INVALID_OPERATION
12-13 22:42:08.416 I/chatty  ( 1626): uid=1000(system) RenderThread identical 47 lines
12-13 22:42:08.417 E/OpenGLRenderer( 1626): GL error:  GL_INVALID_OPERATION
12-13 22:42:08.417 D/Mileage.ABS( 4504): Not backing up; 578
12-13 22:42:08.417 E/OpenGLRenderer( 1626): GL error:  GL_INVALID_OPERATION
12-13 22:42:08.433 I/chatty  ( 1626): uid=1000(system) RenderThread identical 27 lines
12-13 22:42:08.433 D/Mileage.ABS( 4504): Not backing up; 594
12-13 22:42:08.433 E/OpenGLRenderer( 1626): GL error:  GL_INVALID_OPERATION
12-13 22:42:08.433 E/OpenGLRenderer( 1626): GL error:  GL_INVALID_OPERATION
12-13 22:42:08.451 I/chatty  ( 1626): uid=1000(system) RenderThread identical 37 lines
12-13 22:42:08.451 E/OpenGLRenderer( 1626): GL error:  GL_INVALID_OPERATION
12-13 22:42:08.451 D/Mileage.ABS( 4504): Not backing up; 612
12-13 22:42:08.451 E/OpenGLRenderer( 1626): GL error:  GL_INVALID_OPERATION
12-13 22:42:08.490 I/chatty  ( 1626): uid=1000(system) RenderThread identical 70 lines
12-13 22:42:08.492 E/OpenGLRenderer( 1626): GL error:  GL_INVALID_OPERATION
12-13 22:42:08.492 D/Mileage.ABS( 4504): Not backing up; 653
12-13 22:42:08.493 E/OpenGLRenderer( 1626): GL error:  GL_INVALID_OPERATION
12-13 22:42:08.495 E/OpenGLRenderer( 1626): GL error:  GL_INVALID_OPERATION
12-13 22:42:08.495 D/Mileage.ABS( 4504): Not backing up; 656
12-13 22:42:08.496 E/OpenGLRenderer( 1626): GL error:  GL_INVALID_OPERATION
12-13 22:42:08.533 I/chatty  ( 1626): uid=1000(system) RenderThread identical 53 lines
12-13 22:42:08.534 E/OpenGLRenderer( 1626): GL error:  GL_INVALID_OPERATION
12-13 22:42:08.536 E/OpenGLRenderer( 1626): GL error:  GL_INVALID_OPERATION
12-13 22:42:08.537 D/Mileage.ABS( 4504): Not backing up; 697
12-13 22:42:08.542 D/Mileage.ABS( 4504): Not backing up; 703
12-13 22:42:08.545 D/Mileage.ABS( 4504): Not backing up; 706
12-13 22:42:08.546 E/OpenGLRenderer( 1626): GL error:  GL_INVALID_OPERATION
12-13 22:42:08.570 I/chatty  ( 1626): uid=1000(system) RenderThread identical 37 lines
12-13 22:42:08.571 E/OpenGLRenderer( 1626): GL error:  GL_INVALID_OPERATION
12-13 22:42:08.571 D/Mileage.ABS( 4504): Not backing up; 732
12-13 22:42:08.572 D/Mileage.ABS( 4504): Not backing up; 733
12-13 22:42:08.576 E/OpenGLRenderer( 1626): GL error:  GL_INVALID_OPERATION
12-13 22:42:08.593 I/chatty  ( 1626): uid=1000(system) RenderThread identical 25 lines
12-13 22:42:08.593 E/OpenGLRenderer( 1626): GL error:  GL_INVALID_OPERATION
12-13 22:42:08.594 D/Mileage.ABS( 4504): Not backing up; 755
12-13 22:42:08.594 E/OpenGLRenderer( 1626): GL error:  GL_INVALID_OPERATION
12-13 22:42:08.599 I/chatty  ( 1626): uid=1000(system) RenderThread identical 14 lines
12-13 22:42:08.599 E/OpenGLRenderer( 1626): GL error:  GL_INVALID_OPERATION
12-13 22:42:08.601 D/Mileage.ABS( 4504): Not backing up; 762
12-13 22:42:08.601 E/OpenGLRenderer( 1626): GL error:  GL_INVALID_OPERATION
12-13 22:42:08.633 I/chatty  ( 1626): uid=1000(system) RenderThread identical 62 lines
12-13 22:42:08.633 E/OpenGLRenderer( 1626): GL error:  GL_INVALID_OPERATION
12-13 22:42:08.633 D/Mileage.ABS( 4504): Not backing up; 794
12-13 22:42:08.633 E/OpenGLRenderer( 1626): GL error:  GL_INVALID_OPERATION
12-13 22:42:08.633 E/OpenGLRenderer( 1626): GL error:  GL_INVALID_OPERATION
12-13 22:42:08.633 D/Mileage.ABS( 4504): Not backing up; 794
12-13 22:42:08.633 E/OpenGLRenderer( 1626): GL error:  GL_INVALID_OPERATION
12-13 22:42:08.670 I/chatty  ( 1626): uid=1000(system) RenderThread identical 69 lines
12-13 22:42:08.670 E/OpenGLRenderer( 1626): GL error:  GL_INVALID_OPERATION
12-13 22:42:08.671 D/Mileage.ABS( 4504): Not backing up; 831
12-13 22:42:08.671 E/OpenGLRenderer( 1626): GL error:  GL_INVALID_OPERATION
12-13 22:42:08.676 I/chatty  ( 1626): uid=1000(system) RenderThread identical 5 lines
12-13 22:42:08.677 E/OpenGLRenderer( 1626): GL error:  GL_INVALID_OPERATION
12-13 22:42:08.677 D/Mileage.ABS( 4504): Not backing up; 838
12-13 22:42:08.677 E/OpenGLRenderer( 1626): GL error:  GL_INVALID_OPERATION
12-13 22:42:08.736 I/chatty  ( 1626): uid=1000(system) RenderThread identical 141 lines
12-13 22:42:08.736 E/OpenGLRenderer( 1626): GL error:  GL_INVALID_OPERATION
12-13 22:42:08.737 D/Mileage.ABS( 4504): Not backing up; 895
12-13 22:42:08.737 E/OpenGLRenderer( 1626): GL error:  GL_INVALID_OPERATION
12-13 22:42:08.747 I/chatty  ( 1626): uid=1000(system) RenderThread identical 13 lines
12-13 22:42:08.748 E/OpenGLRenderer( 1626): GL error:  GL_INVALID_OPERATION
12-13 22:42:08.748 D/Mileage.ABS( 4504): Not backing up; 909
12-13 22:42:08.748 E/OpenGLRenderer( 1626): GL error:  GL_INVALID_OPERATION
12-13 22:42:08.774 I/chatty  ( 1626): uid=1000(system) RenderThread identical 27 lines
12-13 22:42:08.775 E/OpenGLRenderer( 1626): GL error:  GL_INVALID_OPERATION
12-13 22:42:08.775 D/Mileage.ABS( 4504): Not backing up; 933
12-13 22:42:08.775 E/OpenGLRenderer( 1626): GL error:  GL_INVALID_OPERATION
12-13 22:42:08.777 I/chatty  ( 1626): uid=1000(system) RenderThread identical 7 lines
12-13 22:42:08.777 D/Mileage.ABS( 4504): Not backing up; 938
12-13 22:42:08.778 E/OpenGLRenderer( 1626): GL error:  GL_INVALID_OPERATION
12-13 22:42:08.778 E/OpenGLRenderer( 1626): GL error:  GL_INVALID_OPERATION
12-13 22:42:08.803 I/chatty  ( 1626): uid=1000(system) RenderThread identical 45 lines
12-13 22:42:08.803 E/OpenGLRenderer( 1626): GL error:  GL_INVALID_OPERATION
12-13 22:42:08.804 D/Mileage.ABS( 4504): Not backing up; 965
12-13 22:42:08.804 E/OpenGLRenderer( 1626): GL error:  GL_INVALID_OPERATION
12-13 22:42:08.807 I/chatty  ( 1626): uid=1000(system) RenderThread identical 3 lines
12-13 22:42:08.809 E/OpenGLRenderer( 1626): GL error:  GL_INVALID_OPERATION
12-13 22:42:08.809 D/Mileage.ABS( 4504): Not backing up; 969
12-13 22:42:08.809 E/OpenGLRenderer( 1626): GL error:  GL_INVALID_OPERATION
12-13 22:42:08.829 I/chatty  ( 1626): uid=1000(system) RenderThread identical 17 lines
12-13 22:42:08.830 E/OpenGLRenderer( 1626): GL error:  GL_INVALID_OPERATION
12-13 22:42:08.834 D/Mileage.ABS( 4504): Not backing up; 995
12-13 22:42:08.835 E/OpenGLRenderer( 1626): GL error:  GL_INVALID_OPERATION
12-13 22:42:08.882 I/chatty  ( 1626): uid=1000(system) RenderThread identical 59 lines
12-13 22:42:08.882 E/OpenGLRenderer( 1626): GL error:  GL_INVALID_OPERATION
12-13 22:42:08.884 D/Mileage.ABS( 4504): Finished backup
12-13 22:42:08.886 E/OpenGLRenderer( 1626): GL error:  GL_INVALID_OPERATION
12-13 22:42:08.901 I/chatty  ( 1626): uid=1000(system) RenderThread identical 16 lines
12-13 22:42:08.901 E/OpenGLRenderer( 1626): GL error:  GL_INVALID_OPERATION
12-13 22:42:08.901 D/Mileage.ABS( 4504): Not backing up; 40
12-13 22:42:08.901 E/OpenGLRenderer( 1626): GL error:  GL_INVALID_OPERATION
12-13 22:42:08.903 I/chatty  ( 1626): uid=1000(system) RenderThread identical 14 lines
12-13 22:42:08.903 E/OpenGLRenderer( 1626): GL error:  GL_INVALID_OPERATION
12-13 22:42:08.907 D/Mileage.ABS( 4504): Not backing up; 45
12-13 22:42:08.908 D/VehicleStatisticsAdapter( 4504): Caching of 29 records complete! (1.056 seconds)
12-13 22:42:08.910 E/OpenGLRenderer( 1626): GL error:  GL_INVALID_OPERATION
12-13 22:42:08.910 D/Mileage.ABS( 4504): Not backing up; 49
12-13 22:42:08.910 E/OpenGLRenderer( 1626): GL error:  GL_INVALID_OPERATION
12-13 22:42:08.910 E/OpenGLRenderer( 1626): GL error:  GL_INVALID_OPERATION
12-13 22:42:08.911 D/VehicleStatisticsAdapter( 4504): Caching of 29 records complete! (1.049 seconds)
12-13 22:42:08.911 E/OpenGLRenderer( 1626): GL error:  GL_INVALID_OPERATION
12-13 22:42:08.918 I/chatty  ( 1626): uid=1000(system) RenderThread identical 9 lines
12-13 22:42:08.918 E/OpenGLRenderer( 1626): GL error:  GL_INVALID_OPERATION
12-13 22:42:08.920 I/EventLogSendingHelper( 2124): Sending log events.
12-13 22:42:08.920 E/OpenGLRenderer( 1626): GL error:  GL_INVALID_OPERATION
12-13 22:42:08.983 I/chatty  ( 1626): uid=1000(system) RenderThread identical 220 lines
12-13 22:42:08.983 E/OpenGLRenderer( 1626): GL error:  GL_INVALID_OPERATION
12-13 22:42:08.983 I/System.out( 4504): URI: //gesture
12-13 22:42:08.983 I/System.out( 4504): params: {json={"query_timeout":5.0,"gestures":[{"query_string":"android.widget.TabWidget descendant TextView index:0","touches":[{"x":50,"y":50,"offset_x":0,"offset_y":0,"wait":0.0,"time":0.2,"release":true,"query_string":null}]}]}
12-13 22:42:08.983 I/System.out( 4504): }
12-13 22:42:08.983 E/OpenGLRenderer( 1626): GL error:  GL_INVALID_OPERATION
12-13 22:42:09.186 I/chatty  ( 1626): uid=1000(system) RenderThread identical 540 lines
12-13 22:42:09.186 E/OpenGLRenderer( 1626): GL error:  GL_INVALID_OPERATION
12-13 22:42:09.188 I/zygote  ( 4504): Do partial code cache collection, code=249KB, data=144KB
12-13 22:42:09.188 E/OpenGLRenderer( 1626): GL error:  GL_INVALID_OPERATION
12-13 22:42:09.190 E/OpenGLRenderer( 1626): GL error:  GL_INVALID_OPERATION
12-13 22:42:09.190 I/zygote  ( 4504): After code cache collection, code=249KB, data=144KB
12-13 22:42:09.190 I/zygote  ( 4504): Increasing code cache capacity to 1024KB
12-13 22:42:09.190 E/OpenGLRenderer( 1626): GL error:  GL_INVALID_OPERATION
12-13 22:42:09.495 I/chatty  ( 1626): uid=1000(system) RenderThread identical 794 lines
12-13 22:42:09.495 E/OpenGLRenderer( 1626): GL error:  GL_INVALID_OPERATION
12-13 22:42:09.495 W/View    ( 4504): dispatchProvideAutofillStructure(): not laid out, ignoring
12-13 22:42:09.495 E/OpenGLRenderer( 1626): GL error:  GL_INVALID_OPERATION
12-13 22:42:09.511 I/chatty  ( 1626): uid=1000(system) RenderThread identical 37 lines
12-13 22:42:09.511 E/OpenGLRenderer( 1626): GL error:  GL_INVALID_OPERATION
12-13 22:42:09.511 W/View    ( 4504): dispatchProvideAutofillStructure(): not laid out, ignoring
12-13 22:42:09.511 E/OpenGLRenderer( 1626): GL error:  GL_INVALID_OPERATION
12-13 22:42:09.513 I/chatty  ( 1626): uid=1000(system) RenderThread identical 5 lines
12-13 22:42:09.514 E/OpenGLRenderer( 1626): GL error:  GL_INVALID_OPERATION
12-13 22:42:09.514 W/View    ( 4504): dispatchProvideAutofillStructure(): not laid out, ignoring
12-13 22:42:09.514 E/OpenGLRenderer( 1626): GL error:  GL_INVALID_OPERATION
12-13 22:42:09.520 I/chatty  ( 1626): uid=1000(system) RenderThread identical 30 lines
12-13 22:42:09.521 E/OpenGLRenderer( 1626): GL error:  GL_INVALID_OPERATION
12-13 22:42:09.521 W/Binder  ( 1626): Outgoing transactions from this process must be FLAG_ONEWAY
12-13 22:42:09.521 W/Binder  ( 1626): java.lang.Throwable
12-13 22:42:09.521 W/Binder  ( 1626): 	at android.os.BinderProxy.transact(Binder.java:736)
12-13 22:42:09.521 W/Binder  ( 1626): 	at android.app.assist.AssistStructure$ParcelTransferReader.fetchData(AssistStructure.java:407)
12-13 22:42:09.521 W/Binder  ( 1626): 	at android.app.assist.AssistStructure$ParcelTransferReader.go(AssistStructure.java:343)
12-13 22:42:09.521 W/Binder  ( 1626): 	at android.app.assist.AssistStructure.ensureData(AssistStructure.java:2096)
12-13 22:42:09.521 W/Binder  ( 1626): 	at com.android.server.autofill.Session$1.send(Session.java:200)
12-13 22:42:09.521 W/Binder  ( 1626): 	at com.android.server.am.ActivityManagerService.reportAssistContextExtras(ActivityManagerService.java:13137)
12-13 22:42:09.521 W/Binder  ( 1626): 	at android.app.IActivityManager$Stub.onTransact(IActivityManager.java:2466)
12-13 22:42:09.521 W/Binder  ( 1626): 	at com.android.server.am.ActivityManagerService.onTransact(ActivityManagerService.java:2935)
12-13 22:42:09.521 W/Binder  ( 1626): 	at android.os.Binder.execTransact(Binder.java:674)
12-13 22:42:09.521 E/OpenGLRenderer( 1626): GL error:  GL_INVALID_OPERATION
12-13 22:42:09.535 I/chatty  ( 1626): uid=1000(system) RenderThread identical 51 lines
12-13 22:42:09.535 I/AssistStructure( 4504): Flattened final assist data: 15312 bytes, containing 1 windows, 69 views
12-13 22:42:09.535 E/OpenGLRenderer( 1626): GL error:  GL_INVALID_OPERATION
12-13 22:42:09.535 E/OpenGLRenderer( 1626): GL error:  GL_INVALID_OPERATION
12-13 22:42:09.547 I/chatty  ( 1626): uid=1000(system) RenderThread identical 28 lines
12-13 22:42:09.547 E/OpenGLRenderer( 1626): GL error:  GL_INVALID_OPERATION
12-13 22:42:09.548 I/AssistStructure( 1626): Flattened final assist data: 13988 bytes, containing 1 windows, 69 views
12-13 22:42:09.548 E/OpenGLRenderer( 1626): GL error:  GL_INVALID_OPERATION
12-13 22:42:09.553 I/chatty  ( 1626): uid=1000(system) RenderThread identical 18 lines
12-13 22:42:09.553 E/OpenGLRenderer( 1626): GL error:  GL_INVALID_OPERATION
12-13 22:42:09.553 W/lgq     ( 1946): Pending fill request while another request in the same session was triggered. [CONTEXT service_id=177 ]
12-13 22:42:09.554 E/OpenGLRenderer( 1626): GL error:  GL_INVALID_OPERATION
12-13 22:42:09.806 I/chatty  ( 1626): uid=1000(system) RenderThread identical 536 lines
12-13 22:42:09.809 E/OpenGLRenderer( 1626): GL error:  GL_INVALID_OPERATION
12-13 22:42:09.810 E/SurfaceFlinger( 1407): ro.sf.lcd_density must be defined as a build property
12-13 22:42:09.812 E/OpenGLRenderer( 1626): GL error:  GL_INVALID_OPERATION
12-13 22:42:09.840 I/chatty  ( 1626): uid=1000(system) RenderThread identical 5 lines
12-13 22:42:09.841 E/OpenGLRenderer( 1626): GL error:  GL_INVALID_OPERATION
12-13 22:42:09.845 D/gralloc_ranchu( 1396): gralloc_alloc: Creating ashmem region of size 8298496
12-13 22:42:09.854 E/OpenGLRenderer( 1626): GL error:  GL_INVALID_OPERATION
12-13 22:42:09.859 E/OpenGLRenderer( 1626): GL error:  GL_INVALID_OPERATION
12-13 22:42:09.860 D/        ( 4592): HostConnection::get() New Host Connection established 0xb2d2f800, tid 4592
12-13 22:42:09.861 E/OpenGLRenderer( 1626): GL error:  GL_INVALID_OPERATION
12-13 22:42:10.534 I/chatty  ( 1626): uid=1000(system) RenderThread identical 1279 lines
12-13 22:42:10.535 E/OpenGLRenderer( 1626): GL error:  GL_INVALID_OPERATION
12-13 22:42:10.536 I/Dialer  ( 2019): OmtpVvmCarrierCfgHlpr - OmtpEvent:CONFIG_STATUS_SMS_TIME_OUT
12-13 22:42:10.536 I/Dialer  ( 2019): RetryPolicy - discarding deferred status: configuration_state=4
12-13 22:42:10.537 E/OpenGLRenderer( 1626): GL error:  GL_INVALID_OPERATION
12-13 22:42:10.537 I/chatty  ( 1626): uid=1000(system) RenderThread identical 1 line
12-13 22:42:10.537 E/OpenGLRenderer( 1626): GL error:  GL_INVALID_OPERATION
12-13 22:42:10.540 I/Dialer  ( 2019): VvmTaskExecutor - no more tasks, stopping service if no task are added in 5000 millis
12-13 22:42:10.541 E/OpenGLRenderer( 1626): GL error:  GL_INVALID_OPERATION
12-13 22:42:10.542 I/chatty  ( 1626): uid=1000(system) RenderThread identical 1 line
12-13 22:42:10.542 E/OpenGLRenderer( 1626): GL error:  GL_INVALID_OPERATION
12-13 22:42:10.544 I/Dialer  ( 2019): VvmTaskReceiver - task received
12-13 22:42:10.544 I/Dialer  ( 2019): VvmTaskReceiver - TaskExecutor already running
12-13 22:42:10.545 I/Dialer  ( 2019): Task.createTask - create task:com.android.voicemail.impl.ActivationTask
12-13 22:42:10.546 E/OpenGLRenderer( 1626): GL error:  GL_INVALID_OPERATION
12-13 22:42:10.546 I/Dialer  ( 2019): RetryPolicy - retry #1 for com.android.voicemail.impl.ActivationTask@708c745 queued, executing in 5000
12-13 22:42:10.546 I/Dialer  ( 2019): VvmTaskExecutor - com.android.voicemail.impl.ActivationTask@708c745 added
12-13 22:42:10.546 E/OpenGLRenderer( 1626): GL error:  GL_INVALID_OPERATION
12-13 22:42:10.546 I/Dialer  ( 2019): VvmTaskExecutor - minimal wait time:5000
12-13 22:42:10.546 E/OpenGLRenderer( 1626): GL error:  GL_INVALID_OPERATION
12-13 22:42:10.546 I/Dialer  ( 2019): VvmTaskExecutor - sleep for 5000 millis
12-13 22:42:10.547 E/OpenGLRenderer( 1626): GL error:  GL_INVALID_OPERATION
12-13 22:42:10.558 I/chatty  ( 1626): uid=1000(system) RenderThread identical 35 lines
12-13 22:42:10.558 E/OpenGLRenderer( 1626): GL error:  GL_INVALID_OPERATION
12-13 22:42:10.558 I/System.out( 4504): URI: //
12-13 22:42:10.558 E/OpenGLRenderer( 1626): GL error:  GL_INVALID_OPERATION
12-13 22:42:10.558 I/System.out( 4504): params: {json={"command":"set_activity_orientation","arguments":["landscape"]}
12-13 22:42:10.559 I/System.out( 4504): }
12-13 22:42:10.559 I/System.out( 4504): header: {content-type=application/json;charset=utf-8, date=Mon, 14 Dec 2020 03:42:11 GMT, accept=*/*, host=127.0.0.1:34777, content-length=64, user-agent=HTTPClient/1.0 (2.8.3, ruby 2.5.8 (2020-03-31))}
12-13 22:42:10.559 E/OpenGLRenderer( 1626): GL error:  GL_INVALID_OPERATION
12-13 22:42:10.559 I/System.out( 4504): params: {json={"command":"set_activity_orientation","arguments":["landscape"]}
12-13 22:42:10.559 I/System.out( 4504): }
12-13 22:42:10.559 I/System.out( 4504): ProP json = {"command":"set_activity_orientation","arguments":["landscape"]}
12-13 22:42:10.559 I/System.out( 4504): files: {}
12-13 22:42:10.559 E/OpenGLRenderer( 1626): GL error:  GL_INVALID_OPERATION
12-13 22:42:10.559 I/System.out( 4504): command: {"command":"set_activity_orientation","arguments":["landscape"]}
12-13 22:42:10.559 E/OpenGLRenderer( 1626): GL error:  GL_INVALID_OPERATION
12-13 22:42:10.561 I/chatty  ( 1626): uid=1000(system) RenderThread identical 12 lines
12-13 22:42:10.562 E/OpenGLRenderer( 1626): GL error:  GL_INVALID_OPERATION
12-13 22:42:10.562 I/InstrumentationBackend( 4504): Got command:'Command:'Line:null,set_activity_orientation', arguments:'[landscape]'
12-13 22:42:10.562 E/OpenGLRenderer( 1626): GL error:  GL_INVALID_OPERATION
12-13 22:42:10.567 I/chatty  ( 1626): uid=1000(system) RenderThread identical 19 lines
12-13 22:42:10.567 E/OpenGLRenderer( 1626): GL error:  GL_INVALID_OPERATION
12-13 22:42:10.567 D/gralloc_ranchu( 1396): gralloc_alloc: Creating ashmem region of size 8298496
12-13 22:42:10.568 E/OpenGLRenderer( 1626): GL error:  GL_INVALID_OPERATION
12-13 22:42:10.589 W/LocalDisplayAdapter( 1626): Unable to find color mode 0, ignoring request.
12-13 22:42:10.600 I/chatty  ( 1626): uid=1000(system) RenderThread identical 85 lines
12-13 22:42:10.602 E/OpenGLRenderer( 1626): GL error:  GL_INVALID_OPERATION
12-13 22:42:10.602 E/OpenGLRenderer( 1626): GL error:  GL_INVALID_OPERATION
12-13 22:42:10.604 I/InputReader( 1626): Reconfiguring input devices.  changes=0x00000004
12-13 22:42:10.604 I/InputReader( 1626): Device reconfigured: id=0, name='qwerty2', size 1080x1920, orientation 1, mode 1, display id 0
12-13 22:42:10.608 I/ActivityManager( 1626): Config changes=480 {1.0 310mcc260mnc [en_US] ldltr sw411dp w683dp h387dp 420dpi nrml land finger qwerty/v/v -nav/h appBounds=Rect(0, 0 - 1794, 1080) s.9}
12-13 22:42:10.612 I/ActivityManager( 1626): Override config changes=480 {1.0 310mcc260mnc [en_US] ldltr sw411dp w683dp h387dp 420dpi nrml land finger qwerty/v/v -nav/h appBounds=Rect(0, 0 - 1794, 1080) s.9} for displayId=0
12-13 22:42:10.766 I/chatty  ( 1626): uid=1000(system) RenderThread expire 117 lines
12-13 22:42:10.769 E/OpenGLRenderer( 1626): GL error:  GL_INVALID_OPERATION
12-13 22:42:10.769 D/gralloc_ranchu( 1396): gralloc_alloc: Creating ashmem region of size 544768
12-13 22:42:10.774 E/OpenGLRenderer( 1626): GL error:  GL_INVALID_OPERATION
12-13 22:42:10.778 I/chatty  ( 1626): uid=1000(system) RenderThread identical 3 lines
12-13 22:42:10.778 E/OpenGLRenderer( 1626): GL error:  GL_INVALID_OPERATION
12-13 22:42:10.778 D/EGL_emulation( 1725): eglMakeCurrent: 0x8de5b460: ver 3 0 (tinfo 0x9eefbc80)
12-13 22:42:10.778 E/OpenGLRenderer( 1626): GL error:  GL_INVALID_OPERATION
12-13 22:42:10.785 I/chatty  ( 1626): uid=1000(system) RenderThread identical 19 lines
12-13 22:42:10.786 E/OpenGLRenderer( 1626): GL error:  GL_INVALID_OPERATION
12-13 22:42:10.787 D/gralloc_ranchu( 1396): gralloc_alloc: Creating ashmem region of size 544768
12-13 22:42:10.787 E/OpenGLRenderer( 1626): GL error:  GL_INVALID_OPERATION
12-13 22:42:10.816 I/chatty  ( 1626): uid=1000(system) RenderThread identical 64 lines
12-13 22:42:10.817 E/OpenGLRenderer( 1626): GL error:  GL_INVALID_OPERATION
12-13 22:42:10.820 I/calabash( 4504): newActivity1
12-13 22:42:10.821 E/OpenGLRenderer( 1626): GL error:  GL_INVALID_OPERATION
12-13 22:42:10.860 W/ActivityManager( 1626): Bad activity token: android.os.BinderProxy@5ac5470
12-13 22:42:10.860 W/ActivityManager( 1626): java.lang.ClassCastException: android.os.BinderProxy cannot be cast to com.android.server.am.ActivityRecord$Token
12-13 22:42:10.860 W/ActivityManager( 1626): 	at com.android.server.am.ActivityRecord.forTokenLocked(ActivityRecord.java:778)
12-13 22:42:10.860 W/ActivityManager( 1626): 	at com.android.server.am.ActivityRecord.isInStackLocked(ActivityRecord.java:2085)
12-13 22:42:10.860 W/ActivityManager( 1626): 	at com.android.server.am.ActivityRecord.getStackLocked(ActivityRecord.java:2090)
12-13 22:42:10.860 W/ActivityManager( 1626): 	at com.android.server.am.ActivityManagerService.getActivityDisplayId(ActivityManagerService.java:10406)
12-13 22:42:10.860 W/ActivityManager( 1626): 	at android.app.IActivityManager$Stub.onTransact(IActivityManager.java:2738)
12-13 22:42:10.860 W/ActivityManager( 1626): 	at com.android.server.am.ActivityManagerService.onTransact(ActivityManagerService.java:2935)
12-13 22:42:10.860 W/ActivityManager( 1626): 	at android.os.Binder.execTransact(Binder.java:674)
12-13 22:42:10.860 I/chatty  ( 1626): uid=1000(system) RenderThread identical 137 lines
12-13 22:42:10.861 E/OpenGLRenderer( 1626): GL error:  GL_INVALID_OPERATION
12-13 22:42:10.861 I/calabash( 4504): newActivity1
12-13 22:42:10.861 E/OpenGLRenderer( 1626): GL error:  GL_INVALID_OPERATION
12-13 22:42:10.868 I/chatty  ( 1626): uid=1000(system) RenderThread identical 33 lines
12-13 22:42:10.868 E/OpenGLRenderer( 1626): GL error:  GL_INVALID_OPERATION
12-13 22:42:10.868 I/System.out( 4504): result:{"bonusInformation":[],"message":"","success":true}
12-13 22:42:10.868 E/OpenGLRenderer( 1626): GL error:  GL_INVALID_OPERATION
12-13 22:42:10.870 I/chatty  ( 1626): uid=1000(system) RenderThread identical 4 lines
12-13 22:42:10.870 E/OpenGLRenderer( 1626): GL error:  GL_INVALID_OPERATION
12-13 22:42:10.870 W/AutofillManager( 4504): Session -2113961012 could not be restored
12-13 22:42:10.870 E/OpenGLRenderer( 1626): GL error:  GL_INVALID_OPERATION
12-13 22:42:10.878 W/ActivityManager( 1626): Bad activity token: android.os.BinderProxy@5ac5470
12-13 22:42:10.878 W/ActivityManager( 1626): java.lang.ClassCastException: android.os.BinderProxy cannot be cast to com.android.server.am.ActivityRecord$Token
12-13 22:42:10.878 W/ActivityManager( 1626): 	at com.android.server.am.ActivityRecord.forTokenLocked(ActivityRecord.java:778)
12-13 22:42:10.878 W/ActivityManager( 1626): 	at com.android.server.am.ActivityRecord.isInStackLocked(ActivityRecord.java:2085)
12-13 22:42:10.878 W/ActivityManager( 1626): 	at com.android.server.am.ActivityManagerService.setTaskDescription(ActivityManagerService.java:9988)
12-13 22:42:10.878 W/ActivityManager( 1626): 	at android.app.IActivityManager$Stub.onTransact(IActivityManager.java:2824)
12-13 22:42:10.878 W/ActivityManager( 1626): 	at com.android.server.am.ActivityManagerService.onTransact(ActivityManagerService.java:2935)
12-13 22:42:10.878 W/ActivityManager( 1626): 	at android.os.Binder.execTransact(Binder.java:674)
12-13 22:42:10.881 W/ActivityManager( 1626): Bad activity token: android.os.BinderProxy@5ac5470
12-13 22:42:10.881 W/ActivityManager( 1626): java.lang.ClassCastException: android.os.BinderProxy cannot be cast to com.android.server.am.ActivityRecord$Token
12-13 22:42:10.881 W/ActivityManager( 1626): 	at com.android.server.am.ActivityRecord.forTokenLocked(ActivityRecord.java:778)
12-13 22:42:10.881 W/ActivityManager( 1626): 	at com.android.server.am.ActivityRecord.isInStackLocked(ActivityRecord.java:2085)
12-13 22:42:10.881 W/ActivityManager( 1626): 	at com.android.server.am.ActivityRecord.getStackLocked(ActivityRecord.java:2090)
12-13 22:42:10.881 W/ActivityManager( 1626): 	at com.android.server.am.ActivityManagerService.getActivityStackId(ActivityManagerService.java:10417)
12-13 22:42:10.881 W/ActivityManager( 1626): 	at android.app.IActivityManager$Stub.onTransact(IActivityManager.java:3548)
12-13 22:42:10.881 W/ActivityManager( 1626): 	at com.android.server.am.ActivityManagerService.onTransact(ActivityManagerService.java:2935)
12-13 22:42:10.881 W/ActivityManager( 1626): 	at android.os.Binder.execTransact(Binder.java:674)
12-13 22:42:10.994 W/ActivityManager( 1626): Bad activity token: android.os.BinderProxy@5ac5470
12-13 22:42:10.994 W/ActivityManager( 1626): java.lang.ClassCastException: android.os.BinderProxy cannot be cast to com.android.server.am.ActivityRecord$Token
12-13 22:42:10.994 W/ActivityManager( 1626): 	at com.android.server.am.ActivityRecord.forTokenLocked(ActivityRecord.java:778)
12-13 22:42:10.994 W/ActivityManager( 1626): 	at com.android.server.am.ActivityRecord.isInStackLocked(ActivityRecord.java:2085)
12-13 22:42:10.994 W/ActivityManager( 1626): 	at com.android.server.am.ActivityManagerService.getActivityOptions(ActivityManagerService.java:13302)
12-13 22:42:10.994 W/ActivityManager( 1626): 	at android.app.IActivityManager$Stub.onTransact(IActivityManager.java:2910)
12-13 22:42:10.994 W/ActivityManager( 1626): 	at com.android.server.am.ActivityManagerService.onTransact(ActivityManagerService.java:2935)
12-13 22:42:10.994 W/ActivityManager( 1626): 	at android.os.Binder.execTransact(Binder.java:674)
12-13 22:42:10.995 W/ActivityManager( 1626): Bad activity token: android.os.BinderProxy@5ac5470
12-13 22:42:10.995 W/ActivityManager( 1626): java.lang.ClassCastException: android.os.BinderProxy cannot be cast to com.android.server.am.ActivityRecord$Token
12-13 22:42:10.995 W/ActivityManager( 1626): 	at com.android.server.am.ActivityRecord.forTokenLocked(ActivityRecord.java:778)
12-13 22:42:10.995 W/ActivityManager( 1626): 	at com.android.server.am.ActivityRecord.isInStackLocked(ActivityRecord.java:2085)
12-13 22:42:10.995 W/ActivityManager( 1626): 	at com.android.server.am.ActivityManagerService.getActivityOptions(ActivityManagerService.java:13302)
12-13 22:42:10.995 W/ActivityManager( 1626): 	at android.app.IActivityManager$Stub.onTransact(IActivityManager.java:2910)
12-13 22:42:10.995 W/ActivityManager( 1626): 	at com.android.server.am.ActivityManagerService.onTransact(ActivityManagerService.java:2935)
12-13 22:42:10.995 W/ActivityManager( 1626): 	at android.os.Binder.execTransact(Binder.java:674)
12-13 22:42:11.019 I/chatty  ( 1626): uid=1000(system) RenderThread identical 539 lines
12-13 22:42:11.019 E/OpenGLRenderer( 1626): GL error:  GL_INVALID_OPERATION
12-13 22:42:11.019 W/PhoneWindow( 4504): Previously focused view reported id 2131296279 during save, but can't be found during restore.
12-13 22:42:11.019 E/OpenGLRenderer( 1626): GL error:  GL_INVALID_OPERATION
12-13 22:42:11.026 I/chatty  ( 1626): uid=1000(system) RenderThread identical 11 lines
12-13 22:42:11.027 E/OpenGLRenderer( 1626): GL error:  GL_INVALID_OPERATION
12-13 22:42:11.043 D/gralloc_ranchu( 1396): gralloc_alloc: Creating ashmem region of size 544768
12-13 22:42:11.061 E/OpenGLRenderer( 1626): GL error:  GL_INVALID_OPERATION
12-13 22:42:11.184 I/chatty  ( 1626): uid=1000(system) RenderThread identical 240 lines
12-13 22:42:11.185 E/OpenGLRenderer( 1626): GL error:  GL_INVALID_OPERATION
12-13 22:42:11.185 D/gralloc_ranchu( 1396): gralloc_alloc: Creating ashmem region of size 487424
12-13 22:42:11.185 E/OpenGLRenderer( 1626): GL error:  GL_INVALID_OPERATION
12-13 22:42:11.203 I/chatty  ( 1626): uid=1000(system) RenderThread identical 57 lines
12-13 22:42:11.203 E/OpenGLRenderer( 1626): GL error:  GL_INVALID_OPERATION
12-13 22:42:11.206 D/gralloc_ranchu( 1396): gralloc_alloc: Creating ashmem region of size 7753728
12-13 22:42:11.206 E/OpenGLRenderer( 1626): GL error:  GL_INVALID_OPERATION
12-13 22:42:11.265 I/chatty  ( 1626): uid=1000(system) RenderThread identical 75 lines
12-13 22:42:11.265 E/OpenGLRenderer( 1626): GL error:  GL_INVALID_OPERATION
12-13 22:42:11.265 D/StatusBar( 1725): disable<e i a s b h r c s q >
12-13 22:42:11.265 E/OpenGLRenderer( 1626): GL error:  GL_INVALID_OPERATION
12-13 22:42:11.303 I/chatty  ( 1626): uid=1000(system) RenderThread identical 96 lines
12-13 22:42:11.304 E/OpenGLRenderer( 1626): GL error:  GL_INVALID_OPERATION
12-13 22:42:11.304 D/EGL_emulation( 1725): eglMakeCurrent: 0x8de5b460: ver 3 0 (tinfo 0x9eefbc80)
12-13 22:42:11.305 E/OpenGLRenderer( 1626): GL error:  GL_INVALID_OPERATION
12-13 22:42:11.333 I/chatty  ( 1626): uid=1000(system) RenderThread identical 60 lines
12-13 22:42:11.333 E/OpenGLRenderer( 1626): GL error:  GL_INVALID_OPERATION
12-13 22:42:11.334 D/gralloc_ranchu( 1396): gralloc_alloc: Creating ashmem region of size 487424
12-13 22:42:11.334 E/OpenGLRenderer( 1626): GL error:  GL_INVALID_OPERATION
12-13 22:42:11.406 I/chatty  ( 1626): uid=1000(system) RenderThread identical 109 lines
12-13 22:42:11.410 E/OpenGLRenderer( 1626): GL error:  GL_INVALID_OPERATION
12-13 22:42:11.410 D/gralloc_ranchu( 1396): gralloc_alloc: Creating ashmem region of size 487424
12-13 22:42:11.415 E/OpenGLRenderer( 1626): GL error:  GL_INVALID_OPERATION
12-13 22:42:11.424 I/chatty  ( 1626): uid=1000(system) RenderThread identical 4 lines
12-13 22:42:11.433 E/OpenGLRenderer( 1626): GL error:  GL_INVALID_OPERATION
12-13 22:42:11.433 D/gralloc_ranchu( 1396): gralloc_alloc: Creating ashmem region of size 7753728
12-13 22:42:11.434 E/OpenGLRenderer( 1626): GL error:  GL_INVALID_OPERATION
12-13 22:42:11.441 I/WindowManager( 1626): Screen frozen for +876ms due to Window{78611d2 u0 com.evancharlton.mileage/com.evancharlton.mileage.Mileage}
12-13 22:42:11.511 I/chatty  ( 1626): uid=1000(system) RenderThread identical 80 lines
12-13 22:42:11.512 E/OpenGLRenderer( 1626): GL error:  GL_INVALID_OPERATION
12-13 22:42:11.518 D/SurfaceFlinger( 1407): duplicate layer name: changing BlackSurface to BlackSurface#1
12-13 22:42:11.519 E/OpenGLRenderer( 1626): GL error:  GL_INVALID_OPERATION
12-13 22:42:11.531 I/chatty  ( 1626): uid=1000(system) RenderThread identical 17 lines
12-13 22:42:11.532 E/OpenGLRenderer( 1626): GL error:  GL_INVALID_OPERATION
12-13 22:42:11.532 D/SurfaceFlinger( 1407): duplicate layer name: changing BlackSurface to BlackSurface#2
12-13 22:42:11.532 E/OpenGLRenderer( 1626): GL error:  GL_INVALID_OPERATION
