--------- beginning of main
12-13 22:41:52.929 D/AndroidRuntime( 4392): >>>>>> START com.android.internal.os.RuntimeInit uid 2000 <<<<<<
12-13 22:41:52.989 W/app_process( 4392): Unexpected CPU variant for X86 using defaults: x86
12-13 22:41:53.010 D/AndroidRuntime( 4392): Calling main entry com.android.commands.am.Am
--------- beginning of system
12-13 22:41:53.015 I/ActivityManager( 1626): Force stopping com.evancharlton.mileage appid=10122 user=0: start instr
12-13 22:41:53.015 I/ActivityManager( 1626): Killing 4371:com.evancharlton.mileage/u0a122 (adj 0): stop com.evancharlton.mileage
12-13 22:41:53.018 W/ActivityManager( 1626): Crash of app com.evancharlton.mileage running instrumentation ComponentInfo{com.evancharlton.mileage.test/sh.calaba.instrumentationbackend.ClearAppData2}
12-13 22:41:53.018 I/ActivityManager( 1626): Force stopping com.evancharlton.mileage appid=10122 user=0: finished inst
12-13 22:41:53.026 I/zygote  ( 4402): Not late-enabling -Xcheck:jni (already on)
12-13 22:41:53.033 I/ActivityManager( 1626): Start proc 4402:com.evancharlton.mileage/u0a122 for added application com.evancharlton.mileage
12-13 22:41:53.033 D/AndroidRuntime( 4392): Shutting down VM
12-13 22:41:53.034 W/zygote  ( 4402): Unexpected CPU variant for X86 using defaults: x86
12-13 22:41:53.076 E/adbd    ( 1371): failed to connect to socket 'tcp:7102': Connection refused
12-13 22:41:53.078 W/zygote  ( 4402): Found duplicate classes, falling back to extracting from APK : /data/app/com.evancharlton.mileage.test-SUwXPeVWdsXBcK7v0XMgAA==/base.apk
12-13 22:41:53.078 W/zygote  ( 4402): NOTE: This wastes RAM and hurts startup performance.
12-13 22:41:53.078 W/zygote  ( 4402): Found duplicated class when checking oat files: 'Ljunit/runner/BaseTestRunner;' in /data/app/com.evancharlton.mileage.test-SUwXPeVWdsXBcK7v0XMgAA==/base.apk and /system/framework/android.test.runner.jar
12-13 22:41:53.078 W/zygote  ( 4402): 
12-13 22:41:53.080 E/adbd    ( 1371): failed to connect to socket 'tcp:7102': Connection refused
12-13 22:41:53.083 E/WifiVendorHal( 1626): getTxPktFates(l.1941) failed {.code = ERROR_NOT_SUPPORTED, .description = }
12-13 22:41:53.084 E/WifiVendorHal( 1626): getRxPktFates(l.1981) failed {.code = ERROR_NOT_SUPPORTED, .description = }
12-13 22:41:53.115 W/System  ( 4402): ClassLoader referenced unknown path: 
12-13 22:41:53.128 I/System.out( 4402): Main activity name automatically set to: com.evancharlton.mileage.Mileage
12-13 22:41:53.129 I/System.out( 4402): Calabash did not load Mono. This is only a problem if you are trying to test a Mono application
12-13 22:41:53.129 I/calabash( 4402): Test server port: 7102
12-13 22:41:53.130 I/InstrumentationBackend( 4402): Added:'GetPreferences', with key:'get_preferences'
12-13 22:41:53.189 E/adbd    ( 1371): failed to connect to socket 'tcp:7102': Connection refused
12-13 22:41:53.191 E/adbd    ( 1371): failed to connect to socket 'tcp:7102': Connection refused
12-13 22:41:53.197 I/InstrumentationBackend( 4402): Added:'SetPreferences', with key:'set_preferences'
12-13 22:41:53.198 I/InstrumentationBackend( 4402): Added:'ClearPreferences', with key:'clear_preferences'
12-13 22:41:53.198 I/InstrumentationBackend( 4402): Added:'PressElement', with key:'press_l10n_element'
12-13 22:41:53.199 I/InstrumentationBackend( 4402): Added:'WaitForElement', with key:'wait_for_l10n_element'
12-13 22:41:53.200 I/InstrumentationBackend( 4402): Added:'NullAction', with key:'nullAction'
12-13 22:41:53.200 I/InstrumentationBackend( 4402): Added:'PressKey', with key:'press_key'
12-13 22:41:53.201 I/InstrumentationBackend( 4402): Added:'SetActivityOrientation', with key:'set_activity_orientation'
12-13 22:41:53.201 I/InstrumentationBackend( 4402): Added:'GetActivityOrientation', with key:'get_activity_orientation'
12-13 22:41:53.202 I/InstrumentationBackend( 4402): Added:'FakeGPSLocation', with key:'set_gps_coordinates'
12-13 22:41:53.203 I/InstrumentationBackend( 4402): Added:'SetPropertyByCssSelector', with key:'set_property_by_css_selector'
12-13 22:41:53.205 I/InstrumentationBackend( 4402): Added:'GetUrl', with key:'get_url'
12-13 22:41:53.208 I/InstrumentationBackend( 4402): Added:'ScrollTo', with key:'scroll_to'
12-13 22:41:53.208 I/InstrumentationBackend( 4402): Added:'GetLoadProgress', with key:'get_load_progress'
12-13 22:41:53.209 I/InstrumentationBackend( 4402): Added:'DumpHtml', with key:'dump_html'
12-13 22:41:53.209 I/InstrumentationBackend( 4402): Added:'DumpBodyHtml', with key:'dump_body_html'
12-13 22:41:53.210 I/InstrumentationBackend( 4402): Added:'EnterTextByCssSelector', with key:'enter_text_by_selector'
12-13 22:41:53.217 I/InstrumentationBackend( 4402): Added:'AndroidSDKVersion', with key:'android_sdk_version'
12-13 22:41:53.218 I/InstrumentationBackend( 4402): Added:'Version', with key:'version'
12-13 22:41:53.218 I/InstrumentationBackend( 4402): Added:'Drag', with key:'drag'
12-13 22:41:53.221 I/InstrumentationBackend( 4402): Added:'TouchCoordinates', with key:'touch_coordinate'
12-13 22:41:53.221 I/InstrumentationBackend( 4402): Added:'LongPressCoordinate', with key:'long_press_coordinate'
12-13 22:41:53.222 I/InstrumentationBackend( 4402): Added:'DragCoordinates', with key:'drag_coordinates'
12-13 22:41:53.223 I/InstrumentationBackend( 4402): Added:'ResumeApplication', with key:'resume_application'
12-13 22:41:53.223 I/InstrumentationBackend( 4402): Added:'Swipe', with key:'swipe'
12-13 22:41:53.223 I/InstrumentationBackend( 4402): Added:'DoubleTapCoordinate', with key:'double_tap_coordinate'
12-13 22:41:53.223 I/InstrumentationBackend( 4402): Added:'ClickOnScreen', with key:'click_on_screen'
12-13 22:41:53.225 I/InstrumentationBackend( 4402): Added:'GetActivityName', with key:'get_activity_name'
12-13 22:41:53.225 I/InstrumentationBackend( 4402): Added:'ScrollToView', with key:'scroll_to_view'
12-13 22:41:53.226 I/InstrumentationBackend( 4402): Added:'ViewConfiguration', with key:'view_configuration'
12-13 22:41:53.227 I/InstrumentationBackend( 4402): Added:'IsCurrentActivityFocused', with key:'is_current_activity_focused'
12-13 22:41:53.227 I/InstrumentationBackend( 4402): Added:'SendTcp', with key:'send_tcp'
12-13 22:41:53.228 I/InstrumentationBackend( 4402): Added:'DpToDevicePixel', with key:'dp_to_device_pixel'
12-13 22:41:53.229 I/InstrumentationBackend( 4402): Added:'KeyboardEnterText', with key:'keyboard_enter_text'
12-13 22:41:53.229 I/InstrumentationBackend( 4402): Added:'DeleteSurroundingText', with key:'delete_surrounding_text'
12-13 22:41:53.229 I/InstrumentationBackend( 4402): Added:'SetComposingRegion', with key:'set_composing_region'
12-13 22:41:53.230 I/InstrumentationBackend( 4402): Added:'SetSelection', with key:'set_selection'
12-13 22:41:53.230 I/InstrumentationBackend( 4402): Added:'KeyboardKeyEvent', with key:'keyboard_key_event'
12-13 22:41:53.231 I/InstrumentationBackend( 4402): Added:'PressUserActionButton', with key:'press_user_action_button'
12-13 22:41:53.231 I/InstrumentationBackend( 4402): Added:'HideSoftKeyboard', with key:'hide_soft_keyboard'
12-13 22:41:53.233 I/InstrumentationBackend( 4402): Added:'ListActions', with key:'list_actions'
12-13 22:41:53.233 I/calabash( 4402): Instantiating http server at 7102
12-13 22:41:53.234 I/System.out( 4402): HTTP Daemon listening on: 7102
12-13 22:41:53.316 I/System.out( 4402): URI: //ping
12-13 22:41:53.317 I/System.out( 4402): params: {json={}
12-13 22:41:53.317 I/System.out( 4402): }
12-13 22:41:53.342 I/System.out( 4402): URI: //ping
12-13 22:41:53.342 I/System.out( 4402): params: {json={}
12-13 22:41:53.342 I/System.out( 4402): }
12-13 22:41:53.353 I/System.out( 4402): URI: //ready
12-13 22:41:53.353 I/System.out( 4402): params: {json={}
12-13 22:41:53.353 I/System.out( 4402): }
12-13 22:41:53.363 I/System.out( 4402): URI: //
12-13 22:41:53.363 I/System.out( 4402): params: {json={"command":"version","arguments":[]}
12-13 22:41:53.363 I/System.out( 4402): }
12-13 22:41:53.363 I/System.out( 4402): header: {content-type=application/json;charset=utf-8, date=Mon, 14 Dec 2020 03:41:54 GMT, accept=*/*, host=127.0.0.1:34777, content-length=36, user-agent=HTTPClient/1.0 (2.8.3, ruby 2.5.8 (2020-03-31))}
12-13 22:41:53.363 I/System.out( 4402): params: {json={"command":"version","arguments":[]}
12-13 22:41:53.364 I/System.out( 4402): }
12-13 22:41:53.364 I/System.out( 4402): ProP json = {"command":"version","arguments":[]}
12-13 22:41:53.364 I/System.out( 4402): files: {}
12-13 22:41:53.364 I/System.out( 4402): command: {"command":"version","arguments":[]}
12-13 22:41:53.392 I/InstrumentationBackend( 4402): Got command:'Command:'Line:null,version', arguments:'[]'
12-13 22:41:53.447 I/System.out( 4402): result:{"bonusInformation":[],"message":"0.9.8","success":true}
12-13 22:41:53.456 I/System.out( 4402): URI: //start-application
12-13 22:41:53.456 I/System.out( 4402): params: {json={"intent":null}
12-13 22:41:53.456 I/System.out( 4402): }
12-13 22:41:53.534 I/ActivityManager( 1626): START u0 {act=android.intent.action.MAIN cat=[android.intent.category.LAUNCHER] flg=0x10200000 cmp=com.evancharlton.mileage/.Mileage} from uid 10122
12-13 22:41:53.555 I/NetworkScheduler.Stats( 1946): Task com.google.android.gms/com.google.android.gms.ads.social.GcmSchedulerWakeupService started execution. cause:4 exec_start_elapsed_seconds: 84 [CONTEXT service_id=218 ]
12-13 22:41:53.556 I/calabash( 4402): newActivity1
12-13 22:41:53.571 D/gralloc_ranchu( 1396): gralloc_alloc: Creating ashmem region of size 7753728
12-13 22:41:53.575 I/NetworkScheduler.Stats( 1946): Task com.google.android.gms/com.google.android.gms.ads.social.GcmSchedulerWakeupService finished executing. cause:4 result: 1 elapsed_millis: 80 uptime_millis: 81 exec_start_elapsed_seconds: 84 [CONTEXT service_id=218 ]
12-13 22:41:53.622 W/ActivityManager( 1626): Bad activity token: android.os.BinderProxy@2953ace
12-13 22:41:53.622 W/ActivityManager( 1626): java.lang.ClassCastException: android.os.BinderProxy cannot be cast to com.android.server.am.ActivityRecord$Token
12-13 22:41:53.622 W/ActivityManager( 1626): 	at com.android.server.am.ActivityRecord.forTokenLocked(ActivityRecord.java:778)
12-13 22:41:53.622 W/ActivityManager( 1626): 	at com.android.server.am.ActivityRecord.isInStackLocked(ActivityRecord.java:2085)
12-13 22:41:53.622 W/ActivityManager( 1626): 	at com.android.server.am.ActivityRecord.getStackLocked(ActivityRecord.java:2090)
12-13 22:41:53.622 W/ActivityManager( 1626): 	at com.android.server.am.ActivityManagerService.getActivityDisplayId(ActivityManagerService.java:10406)
12-13 22:41:53.622 W/ActivityManager( 1626): 	at android.app.IActivityManager$Stub.onTransact(IActivityManager.java:2738)
12-13 22:41:53.622 W/ActivityManager( 1626): 	at com.android.server.am.ActivityManagerService.onTransact(ActivityManagerService.java:2935)
12-13 22:41:53.622 W/ActivityManager( 1626): 	at android.os.Binder.execTransact(Binder.java:674)
12-13 22:41:53.622 I/calabash( 4402): newActivity1
12-13 22:41:53.626 W/ActivityManager( 1626): Bad activity token: android.os.BinderProxy@2953ace
12-13 22:41:53.626 W/ActivityManager( 1626): java.lang.ClassCastException: android.os.BinderProxy cannot be cast to com.android.server.am.ActivityRecord$Token
12-13 22:41:53.626 W/ActivityManager( 1626): 	at com.android.server.am.ActivityRecord.forTokenLocked(ActivityRecord.java:778)
12-13 22:41:53.626 W/ActivityManager( 1626): 	at com.android.server.am.ActivityRecord.isInStackLocked(ActivityRecord.java:2085)
12-13 22:41:53.626 W/ActivityManager( 1626): 	at com.android.server.am.ActivityManagerService.setTaskDescription(ActivityManagerService.java:9988)
12-13 22:41:53.626 W/ActivityManager( 1626): 	at android.app.IActivityManager$Stub.onTransact(IActivityManager.java:2824)
12-13 22:41:53.626 W/ActivityManager( 1626): 	at com.android.server.am.ActivityManagerService.onTransact(ActivityManagerService.java:2935)
12-13 22:41:53.626 W/ActivityManager( 1626): 	at android.os.Binder.execTransact(Binder.java:674)
12-13 22:41:53.626 W/ActivityManager( 1626): Bad activity token: android.os.BinderProxy@2953ace
12-13 22:41:53.626 W/ActivityManager( 1626): java.lang.ClassCastException: android.os.BinderProxy cannot be cast to com.android.server.am.ActivityRecord$Token
12-13 22:41:53.626 W/ActivityManager( 1626): 	at com.android.server.am.ActivityRecord.forTokenLocked(ActivityRecord.java:778)
12-13 22:41:53.626 W/ActivityManager( 1626): 	at com.android.server.am.ActivityRecord.isInStackLocked(ActivityRecord.java:2085)
12-13 22:41:53.626 W/ActivityManager( 1626): 	at com.android.server.am.ActivityRecord.getStackLocked(ActivityRecord.java:2090)
12-13 22:41:53.626 W/ActivityManager( 1626): 	at com.android.server.am.ActivityManagerService.getActivityStackId(ActivityManagerService.java:10417)
12-13 22:41:53.626 W/ActivityManager( 1626): 	at android.app.IActivityManager$Stub.onTransact(IActivityManager.java:3548)
12-13 22:41:53.626 W/ActivityManager( 1626): 	at com.android.server.am.ActivityManagerService.onTransact(ActivityManagerService.java:2935)
12-13 22:41:53.626 W/ActivityManager( 1626): 	at android.os.Binder.execTransact(Binder.java:674)
12-13 22:41:53.642 D/EGL_emulation( 2124): eglMakeCurrent: 0xa1704840: ver 3 0 (tinfo 0xa1703400)
12-13 22:41:53.642 D/EGL_emulation( 2171): eglMakeCurrent: 0x9f27d980: ver 3 0 (tinfo 0x9f27fc10)
12-13 22:41:53.680 D/EGL_emulation( 1725): eglMakeCurrent: 0x8de5b460: ver 3 0 (tinfo 0x9eefbc80)
12-13 22:41:53.688 E/memtrack( 1626): Couldn't load memtrack module
12-13 22:41:53.688 W/android.os.Debug( 1626): failed to get memory consumption info: -1
12-13 22:41:53.689 D/EGL_emulation( 1725): eglMakeCurrent: 0x8de5b460: ver 3 0 (tinfo 0x9eefbc80)
12-13 22:41:53.692 D/EGL_emulation( 1725): eglMakeCurrent: 0x8de5b460: ver 3 0 (tinfo 0x9eefbc80)
12-13 22:41:53.693 V/StatusBar( 1725): setLightsOn(true)
12-13 22:41:53.704 D/EGL_emulation( 1725): eglMakeCurrent: 0x8de5b460: ver 3 0 (tinfo 0x9eefbc80)
12-13 22:41:53.733 I/chatty  ( 1725): uid=10028(u0_a28) RenderThread identical 3 lines
12-13 22:41:53.740 D/EGL_emulation( 1725): eglMakeCurrent: 0x8de5b460: ver 3 0 (tinfo 0x9eefbc80)
12-13 22:41:53.742 E/ContentStoreEUAS( 2124): Failed to commit the deferred actions
12-13 22:41:53.757 D/FillupsProvider( 4402): Creating database
12-13 22:41:53.760 D/EGL_emulation( 1725): eglMakeCurrent: 0x8de5b460: ver 3 0 (tinfo 0x9eefbc80)
12-13 22:41:53.833 I/chatty  ( 1725): uid=10028(u0_a28) RenderThread identical 7 lines
12-13 22:41:53.846 D/EGL_emulation( 1725): eglMakeCurrent: 0x8de5b460: ver 3 0 (tinfo 0x9eefbc80)
12-13 22:41:53.847 I/zygote  ( 4402): Do partial code cache collection, code=29KB, data=21KB
12-13 22:41:53.853 I/zygote  ( 4402): After code cache collection, code=29KB, data=21KB
12-13 22:41:53.854 I/zygote  ( 4402): Increasing code cache capacity to 128KB
12-13 22:41:53.859 D/EGL_emulation( 1725): eglMakeCurrent: 0x8de5b460: ver 3 0 (tinfo 0x9eefbc80)
12-13 22:41:53.928 W/ActivityManager( 1626): Bad activity token: android.os.BinderProxy@2953ace
12-13 22:41:53.928 W/ActivityManager( 1626): java.lang.ClassCastException: android.os.BinderProxy cannot be cast to com.android.server.am.ActivityRecord$Token
12-13 22:41:53.928 W/ActivityManager( 1626): 	at com.android.server.am.ActivityRecord.forTokenLocked(ActivityRecord.java:778)
12-13 22:41:53.928 W/ActivityManager( 1626): 	at com.android.server.am.ActivityRecord.isInStackLocked(ActivityRecord.java:2085)
12-13 22:41:53.928 W/ActivityManager( 1626): 	at com.android.server.am.ActivityManagerService.getActivityOptions(ActivityManagerService.java:13302)
12-13 22:41:53.928 W/ActivityManager( 1626): 	at android.app.IActivityManager$Stub.onTransact(IActivityManager.java:2910)
12-13 22:41:53.928 W/ActivityManager( 1626): 	at com.android.server.am.ActivityManagerService.onTransact(ActivityManagerService.java:2935)
12-13 22:41:53.928 W/ActivityManager( 1626): 	at android.os.Binder.execTransact(Binder.java:674)
12-13 22:41:53.931 W/ActivityManager( 1626): Bad activity token: android.os.BinderProxy@2953ace
12-13 22:41:53.931 W/ActivityManager( 1626): java.lang.ClassCastException: android.os.BinderProxy cannot be cast to com.android.server.am.ActivityRecord$Token
12-13 22:41:53.931 W/ActivityManager( 1626): 	at com.android.server.am.ActivityRecord.forTokenLocked(ActivityRecord.java:778)
12-13 22:41:53.931 W/ActivityManager( 1626): 	at com.android.server.am.ActivityRecord.isInStackLocked(ActivityRecord.java:2085)
12-13 22:41:53.931 W/ActivityManager( 1626): 	at com.android.server.am.ActivityManagerService.getActivityOptions(ActivityManagerService.java:13302)
12-13 22:41:53.931 W/ActivityManager( 1626): 	at android.app.IActivityManager$Stub.onTransact(IActivityManager.java:2910)
12-13 22:41:53.931 W/ActivityManager( 1626): 	at com.android.server.am.ActivityManagerService.onTransact(ActivityManagerService.java:2935)
12-13 22:41:53.931 W/ActivityManager( 1626): 	at android.os.Binder.execTransact(Binder.java:674)
12-13 22:41:54.022 V/StatusBar( 1725): setLightsOn(true)
12-13 22:41:54.040 I/zygote  ( 4402): Do partial code cache collection, code=44KB, data=57KB
12-13 22:41:54.042 I/zygote  ( 4402): After code cache collection, code=44KB, data=57KB
12-13 22:41:54.042 I/zygote  ( 4402): Increasing code cache capacity to 256KB
12-13 22:41:54.043 I/zygote  ( 4402): JIT allocated 71KB for compiled code of void android.widget.TextView.<init>(android.content.Context, android.util.AttributeSet, int, int)
12-13 22:41:54.043 I/zygote  ( 4402): Compiler allocated 4MB to compile void android.widget.TextView.<init>(android.content.Context, android.util.AttributeSet, int, int)
12-13 22:41:54.068 V/StatusBar( 1725): setLightsOn(true)
12-13 22:41:54.075 I/chatty  ( 1725): uid=10028(u0_a28) com.android.systemui identical 1 line
12-13 22:41:54.076 V/StatusBar( 1725): setLightsOn(true)
12-13 22:41:54.111 I/zygote  ( 4402): Do full code cache collection, code=123KB, data=70KB
12-13 22:41:54.113 I/zygote  ( 4402): After code cache collection, code=88KB, data=37KB
12-13 22:41:54.123 D/gralloc_ranchu( 1396): gralloc_alloc: Creating ashmem region of size 7753728
12-13 22:41:54.142 D/        ( 4402): HostConnection::get() New Host Connection established 0x9edafb80, tid 4402
12-13 22:41:54.189 V/StatusBar( 1725): setLightsOn(true)
12-13 22:41:54.192 V/StatusBar( 1725): setLightsOn(true)
12-13 22:41:54.193 I/ActivityManager( 1626): Displayed com.evancharlton.mileage/.Mileage: +643ms
12-13 22:41:54.215 V/StatusBar( 1725): setLightsOn(true)
12-13 22:41:54.225 D/gralloc_ranchu( 1396): gralloc_alloc: Creating ashmem region of size 7753728
12-13 22:41:54.311 E/memtrack( 1626): Couldn't load memtrack module
12-13 22:41:54.311 W/android.os.Debug( 1626): failed to get memory consumption info: -1
12-13 22:41:54.391 V/StatusBar( 1725): setLightsOn(true)
12-13 22:41:54.395 W/SurfaceFlinger( 1407): couldn't log to binary event log: overflow.
12-13 22:41:54.404 V/StatusBar( 1725): setLightsOn(true)
12-13 22:41:54.431 I/System.out( 4402): URI: //
12-13 22:41:54.431 I/System.out( 4402): params: {json={"command":"set_activity_orientation","arguments":["landscape"]}
12-13 22:41:54.431 I/System.out( 4402): }
12-13 22:41:54.432 I/System.out( 4402): header: {content-type=application/json;charset=utf-8, date=Mon, 14 Dec 2020 03:41:55 GMT, accept=*/*, host=127.0.0.1:34777, content-length=64, user-agent=HTTPClient/1.0 (2.8.3, ruby 2.5.8 (2020-03-31))}
12-13 22:41:54.432 I/System.out( 4402): params: {json={"command":"set_activity_orientation","arguments":["landscape"]}
12-13 22:41:54.432 I/System.out( 4402): }
12-13 22:41:54.432 I/System.out( 4402): ProP json = {"command":"set_activity_orientation","arguments":["landscape"]}
12-13 22:41:54.433 I/System.out( 4402): files: {}
12-13 22:41:54.433 I/System.out( 4402): command: {"command":"set_activity_orientation","arguments":["landscape"]}
12-13 22:41:54.438 I/InstrumentationBackend( 4402): Got command:'Command:'Line:null,set_activity_orientation', arguments:'[landscape]'
12-13 22:41:54.441 D/gralloc_ranchu( 1396): gralloc_alloc: Creating ashmem region of size 8298496
12-13 22:41:54.475 W/LocalDisplayAdapter( 1626): Unable to find color mode 0, ignoring request.
12-13 22:41:54.490 I/PBSessionCacheImpl( 2124): Deleted sessionId[1115590800809] from persistence.
12-13 22:41:54.497 I/InputReader( 1626): Reconfiguring input devices.  changes=0x00000004
12-13 22:41:54.497 I/InputReader( 1626): Device reconfigured: id=0, name='qwerty2', size 1080x1920, orientation 1, mode 1, display id 0
12-13 22:41:54.502 I/ActivityManager( 1626): Config changes=480 {1.0 310mcc260mnc [en_US] ldltr sw411dp w683dp h387dp 420dpi nrml land finger qwerty/v/v -nav/h appBounds=Rect(0, 0 - 1794, 1080) s.7}
12-13 22:41:54.522 I/ActivityManager( 1626): Override config changes=480 {1.0 310mcc260mnc [en_US] ldltr sw411dp w683dp h387dp 420dpi nrml land finger qwerty/v/v -nav/h appBounds=Rect(0, 0 - 1794, 1080) s.7} for displayId=0
12-13 22:41:54.590 W/SearchService( 2124): Abort, client detached.
12-13 22:41:54.609 I/calabash( 4402): newActivity1
12-13 22:41:54.625 D/gralloc_ranchu( 1396): gralloc_alloc: Creating ashmem region of size 544768
12-13 22:41:54.639 D/NuPlayerDriver( 1483): NuPlayerDriver(0xafbcd540) created, clientPid(1725)
12-13 22:41:54.652 W/ActivityManager( 1626): Bad activity token: android.os.BinderProxy@e90fe71
12-13 22:41:54.652 W/ActivityManager( 1626): java.lang.ClassCastException: android.os.BinderProxy cannot be cast to com.android.server.am.ActivityRecord$Token
12-13 22:41:54.652 W/ActivityManager( 1626): 	at com.android.server.am.ActivityRecord.forTokenLocked(ActivityRecord.java:778)
12-13 22:41:54.652 W/ActivityManager( 1626): 	at com.android.server.am.ActivityRecord.isInStackLocked(ActivityRecord.java:2085)
12-13 22:41:54.652 W/ActivityManager( 1626): 	at com.android.server.am.ActivityRecord.getStackLocked(ActivityRecord.java:2090)
12-13 22:41:54.652 W/ActivityManager( 1626): 	at com.android.server.am.ActivityManagerService.getActivityDisplayId(ActivityManagerService.java:10406)
12-13 22:41:54.652 W/ActivityManager( 1626): 	at android.app.IActivityManager$Stub.onTransact(IActivityManager.java:2738)
12-13 22:41:54.652 W/ActivityManager( 1626): 	at com.android.server.am.ActivityManagerService.onTransact(ActivityManagerService.java:2935)
12-13 22:41:54.652 W/ActivityManager( 1626): 	at android.os.Binder.execTransact(Binder.java:674)
12-13 22:41:54.653 I/calabash( 4402): newActivity1
12-13 22:41:54.658 D/EGL_emulation( 1725): eglMakeCurrent: 0x8de5b460: ver 3 0 (tinfo 0x9eefbc80)
12-13 22:41:54.660 W/ActivityManager( 1626): Bad activity token: android.os.BinderProxy@e90fe71
12-13 22:41:54.660 W/ActivityManager( 1626): java.lang.ClassCastException: android.os.BinderProxy cannot be cast to com.android.server.am.ActivityRecord$Token
12-13 22:41:54.660 W/ActivityManager( 1626): 	at com.android.server.am.ActivityRecord.forTokenLocked(ActivityRecord.java:778)
12-13 22:41:54.660 W/ActivityManager( 1626): 	at com.android.server.am.ActivityRecord.isInStackLocked(ActivityRecord.java:2085)
12-13 22:41:54.660 W/ActivityManager( 1626): 	at com.android.server.am.ActivityManagerService.setTaskDescription(ActivityManagerService.java:9988)
12-13 22:41:54.660 W/ActivityManager( 1626): 	at android.app.IActivityManager$Stub.onTransact(IActivityManager.java:2824)
12-13 22:41:54.660 W/ActivityManager( 1626): 	at com.android.server.am.ActivityManagerService.onTransact(ActivityManagerService.java:2935)
12-13 22:41:54.660 W/ActivityManager( 1626): 	at android.os.Binder.execTransact(Binder.java:674)
12-13 22:41:54.661 W/ActivityManager( 1626): Bad activity token: android.os.BinderProxy@e90fe71
12-13 22:41:54.661 W/ActivityManager( 1626): java.lang.ClassCastException: android.os.BinderProxy cannot be cast to com.android.server.am.ActivityRecord$Token
12-13 22:41:54.661 W/ActivityManager( 1626): 	at com.android.server.am.ActivityRecord.forTokenLocked(ActivityRecord.java:778)
12-13 22:41:54.661 W/ActivityManager( 1626): 	at com.android.server.am.ActivityRecord.isInStackLocked(ActivityRecord.java:2085)
12-13 22:41:54.661 W/ActivityManager( 1626): 	at com.android.server.am.ActivityRecord.getStackLocked(ActivityRecord.java:2090)
12-13 22:41:54.661 W/ActivityManager( 1626): 	at com.android.server.am.ActivityManagerService.getActivityStackId(ActivityManagerService.java:10417)
12-13 22:41:54.661 W/ActivityManager( 1626): 	at android.app.IActivityManager$Stub.onTransact(IActivityManager.java:3548)
12-13 22:41:54.661 W/ActivityManager( 1626): 	at com.android.server.am.ActivityManagerService.onTransact(ActivityManagerService.java:2935)
12-13 22:41:54.661 W/ActivityManager( 1626): 	at android.os.Binder.execTransact(Binder.java:674)
12-13 22:41:54.662 D/gralloc_ranchu( 1396): gralloc_alloc: Creating ashmem region of size 544768
12-13 22:41:54.713 D/GenericSource( 1483): FileSource remote
12-13 22:41:54.727 D/NuPlayerDriver( 1483): notifyListener_l(0xafbcd540), (1, 0, 0, -1), loop setting(0, 0)
12-13 22:41:54.730 I/zygote  ( 1718): Do partial code cache collection, code=60KB, data=39KB
12-13 22:41:54.730 I/zygote  ( 1718): After code cache collection, code=60KB, data=39KB
12-13 22:41:54.730 I/zygote  ( 1718): Increasing code cache capacity to 256KB
12-13 22:41:54.738 I/MediaFocusControl( 1626):  AudioFocus  requestAudioFocus() from uid/pid 10028/1725 clientId=android.media.AudioManager@6387244 req=3 flags=0x0
12-13 22:41:54.750 I/System.out( 4402): result:{"bonusInformation":[],"message":"","success":true}
12-13 22:41:54.753 W/ActivityManager( 1626): Bad activity token: android.os.BinderProxy@e90fe71
12-13 22:41:54.753 W/ActivityManager( 1626): java.lang.ClassCastException: android.os.BinderProxy cannot be cast to com.android.server.am.ActivityRecord$Token
12-13 22:41:54.753 W/ActivityManager( 1626): 	at com.android.server.am.ActivityRecord.forTokenLocked(ActivityRecord.java:778)
12-13 22:41:54.753 W/ActivityManager( 1626): 	at com.android.server.am.ActivityRecord.isInStackLocked(ActivityRecord.java:2085)
12-13 22:41:54.753 W/ActivityManager( 1626): 	at com.android.server.am.ActivityManagerService.getActivityOptions(ActivityManagerService.java:13302)
12-13 22:41:54.753 W/ActivityManager( 1626): 	at android.app.IActivityManager$Stub.onTransact(IActivityManager.java:2910)
12-13 22:41:54.753 W/ActivityManager( 1626): 	at com.android.server.am.ActivityManagerService.onTransact(ActivityManagerService.java:2935)
12-13 22:41:54.753 W/ActivityManager( 1626): 	at android.os.Binder.execTransact(Binder.java:674)
12-13 22:41:54.753 W/ActivityManager( 1626): Bad activity token: android.os.BinderProxy@e90fe71
12-13 22:41:54.753 W/ActivityManager( 1626): java.lang.ClassCastException: android.os.BinderProxy cannot be cast to com.android.server.am.ActivityRecord$Token
12-13 22:41:54.753 W/ActivityManager( 1626): 	at com.android.server.am.ActivityRecord.forTokenLocked(ActivityRecord.java:778)
12-13 22:41:54.753 W/ActivityManager( 1626): 	at com.android.server.am.ActivityRecord.isInStackLocked(ActivityRecord.java:2085)
12-13 22:41:54.753 W/ActivityManager( 1626): 	at com.android.server.am.ActivityManagerService.getActivityOptions(ActivityManagerService.java:13302)
12-13 22:41:54.753 W/ActivityManager( 1626): 	at android.app.IActivityManager$Stub.onTransact(IActivityManager.java:2910)
12-13 22:41:54.753 W/ActivityManager( 1626): 	at com.android.server.am.ActivityManagerService.onTransact(ActivityManagerService.java:2935)
12-13 22:41:54.753 W/ActivityManager( 1626): 	at android.os.Binder.execTransact(Binder.java:674)
12-13 22:41:54.778 V/StatusBar( 1725): setLightsOn(true)
12-13 22:41:54.788 D/gralloc_ranchu( 1396): gralloc_alloc: Creating ashmem region of size 544768
12-13 22:41:54.816 I/zygote  ( 4402): Background concurrent copying GC freed 21321(1089KB) AllocSpace objects, 7(140KB) LOS objects, 55% free, 1242KB/2MB, paused 6.724ms total 41.901ms
12-13 22:41:54.874 D/StatusBar( 1725): disable<e i a s b h r c s q >
12-13 22:41:54.877 D/gralloc_ranchu( 1396): gralloc_alloc: Creating ashmem region of size 487424
12-13 22:41:54.892 D/EGL_emulation( 1725): eglMakeCurrent: 0x8de5b460: ver 3 0 (tinfo 0x9eefbc80)
12-13 22:41:54.908 D/gralloc_ranchu( 1396): gralloc_alloc: Creating ashmem region of size 487424
12-13 22:41:54.930 D/gralloc_ranchu( 1396): gralloc_alloc: Creating ashmem region of size 7753728
12-13 22:41:54.936 I/zygote  ( 4402): Do partial code cache collection, code=124KB, data=79KB
12-13 22:41:54.936 I/zygote  ( 4402): After code cache collection, code=124KB, data=79KB
12-13 22:41:54.936 I/zygote  ( 4402): Increasing code cache capacity to 512KB
12-13 22:41:54.941 D/gralloc_ranchu( 1396): gralloc_alloc: Creating ashmem region of size 487424
12-13 22:41:54.965 D/EGL_emulation( 1725): eglMakeCurrent: 0x8de5b460: ver 3 0 (tinfo 0x9eefbc80)
12-13 22:41:54.970 D/EGL_emulation( 1725): eglMakeCurrent: 0x8de5b460: ver 3 0 (tinfo 0x9eefbc80)
12-13 22:41:54.980 V/StatusBar( 1725): setLightsOn(true)
12-13 22:41:55.004 I/chatty  ( 1725): uid=10028(u0_a28) com.android.systemui identical 2 lines
12-13 22:41:55.006 I/WindowManager( 1626): Screen frozen for +567ms due to Window{41f6348 u0 com.evancharlton.mileage/com.evancharlton.mileage.Mileage}
12-13 22:41:55.009 V/StatusBar( 1725): setLightsOn(true)
12-13 22:41:55.028 D/gralloc_ranchu( 1396): gralloc_alloc: Creating ashmem region of size 7753728
12-13 22:41:55.074 I/zygote  ( 1725): Deoptimizing void com.android.systemui.statusbar.stack.ViewState.applyToView(android.view.View) due to JIT inline cache
12-13 22:41:55.095 I/zygote  ( 1725): Do partial code cache collection, code=124KB, data=94KB
12-13 22:41:55.095 I/zygote  ( 1725): After code cache collection, code=120KB, data=91KB
12-13 22:41:55.096 I/zygote  ( 1725): Increasing code cache capacity to 512KB
12-13 22:41:55.241 D/NuPlayerDriver( 1483): start(0xafbcd540), state is 4, eos is 0
12-13 22:41:55.241 I/GenericSource( 1483): start
12-13 22:41:55.259 I/OMXClient( 1483): Treble IOmx obtained
12-13 22:41:55.263 I/OMXMaster( 1489): makeComponentInstance(OMX.google.vorbis.decoder) in omx@1.0-service process
12-13 22:41:55.273 E/OMXNodeInstance( 1489): setConfig(0xadba1380:google.vorbis.decoder, ConfigPriority(0x6f800002)) ERROR: Undefined(0x80001001)
12-13 22:41:55.273 I/ACodec  ( 1483): codec does not support config priority (err -2147483648)
12-13 22:41:55.274 E/OMXNodeInstance( 1489): getConfig(0xadba1380:google.vorbis.decoder, ConfigAndroidVendorExtension(0x6f100004)) ERROR: Undefined(0x80001001)
12-13 22:41:55.275 I/MediaCodec( 1483): MediaCodec will operate in async mode
12-13 22:41:55.281 W//system/bin/hw/android.hidl.allocator@1.0-service( 1389): ashmem_create_region(32768) returning hidl_memory(0xaf21b850, 32768)
12-13 22:41:55.311 I/chatty  ( 1389): uid=1000(system) allocator@1.0-s identical 10 lines
12-13 22:41:55.311 W//system/bin/hw/android.hidl.allocator@1.0-service( 1389): ashmem_create_region(32768) returning hidl_memory(0xaf21b850, 32768)
12-13 22:41:55.339 D/AudioTrack( 1483): Client defaulted notificationFrames to 7406 for frameCount 22218
12-13 22:41:55.343 W/audio_hw_generic( 1390): Not supplying enough data to HAL, expected position 354971 , only wrote 354960
12-13 22:41:55.343 D/NuPlayerDriver( 1483): notifyListener_l(0xafbcd540), (6, 0, 0, -1), loop setting(0, 0)
12-13 22:41:55.399 W/AudioTrack( 1483): getTimestamp() location moved from kernel to server
12-13 22:41:55.441 V/StatusBar( 1725): setLightsOn(true)
12-13 22:41:56.111 D/gralloc_ranchu( 1396): gralloc_alloc: Creating ashmem region of size 7753728
12-13 22:41:56.867 I/NuPlayerDecoder( 1483): [audio] saw output EOS
12-13 22:41:56.971 E/SurfaceFlinger( 1407): ro.sf.lcd_density must be defined as a build property
12-13 22:41:56.981 D/gralloc_ranchu( 1396): gralloc_alloc: Creating ashmem region of size 8298496
12-13 22:41:56.989 D/        ( 4461): HostConnection::get() New Host Connection established 0xa97af800, tid 4461
12-13 22:41:57.120 D/AudioTrack( 1483): stop() called with 84672 frames delivered
12-13 22:41:57.191 I/zygote  ( 1626): Explicit concurrent copying GC freed 24720(1824KB) AllocSpace objects, 9(180KB) LOS objects, 38% free, 9MB/15MB, paused 577us total 179.088ms
12-13 22:41:57.477 I/System.out( 4402): URI: //
12-13 22:41:57.477 I/System.out( 4402): params: {json={"command":"set_activity_orientation","arguments":["portrait"]}
12-13 22:41:57.477 I/System.out( 4402): }
12-13 22:41:57.477 I/System.out( 4402): header: {content-type=application/json;charset=utf-8, date=Mon, 14 Dec 2020 03:41:58 GMT, accept=*/*, host=127.0.0.1:34777, content-length=63, user-agent=HTTPClient/1.0 (2.8.3, ruby 2.5.8 (2020-03-31))}
12-13 22:41:57.477 I/System.out( 4402): params: {json={"command":"set_activity_orientation","arguments":["portrait"]}
12-13 22:41:57.477 I/System.out( 4402): }
12-13 22:41:57.478 I/System.out( 4402): ProP json = {"command":"set_activity_orientation","arguments":["portrait"]}
12-13 22:41:57.478 I/System.out( 4402): files: {}
12-13 22:41:57.478 I/System.out( 4402): command: {"command":"set_activity_orientation","arguments":["portrait"]}
12-13 22:41:57.481 D/NuPlayerDriver( 1483): notifyListener_l(0xafbcd540), (2, 0, 0, -1), loop setting(0, 0)
12-13 22:41:57.482 I/MediaFocusControl( 1626):  AudioFocus  abandonAudioFocus() from uid/pid 10028/1725 clientId=android.media.AudioManager@6387244
12-13 22:41:57.485 I/InstrumentationBackend( 4402): Got command:'Command:'Line:null,set_activity_orientation', arguments:'[portrait]'
12-13 22:41:57.489 D/gralloc_ranchu( 1396): gralloc_alloc: Creating ashmem region of size 8298496
12-13 22:41:57.504 W/LocalDisplayAdapter( 1626): Unable to find color mode 0, ignoring request.
12-13 22:41:57.515 I/ActivityManager( 1626): Config changes=480 {1.0 310mcc260mnc [en_US] ldltr sw411dp w411dp h659dp 420dpi nrml port finger qwerty/v/v -nav/h appBounds=Rect(0, 0 - 1080, 1794) s.8}
12-13 22:41:57.523 I/ActivityManager( 1626): Override config changes=480 {1.0 310mcc260mnc [en_US] ldltr sw411dp w411dp h659dp 420dpi nrml port finger qwerty/v/v -nav/h appBounds=Rect(0, 0 - 1080, 1794) s.8} for displayId=0
12-13 22:41:57.539 I/InputReader( 1626): Reconfiguring input devices.  changes=0x00000004
12-13 22:41:57.539 I/InputReader( 1626): Device reconfigured: id=0, name='qwerty2', size 1080x1920, orientation 0, mode 1, display id 0
12-13 22:41:57.540 I/InputReader( 1626): Reconfiguring input devices.  changes=0x00000004
12-13 22:41:57.540 I/InputReader( 1626): Reconfiguring input devices.  changes=0x00000004
12-13 22:41:57.567 E/TaskPersister( 1626): File error accessing recents directory (directory doesn't exist?).
12-13 22:41:57.617 D/gralloc_ranchu( 1396): gralloc_alloc: Creating ashmem region of size 544768
12-13 22:41:57.618 I/calabash( 4402): newActivity1
12-13 22:41:57.627 D/EGL_emulation( 1725): eglMakeCurrent: 0x8de5b460: ver 3 0 (tinfo 0x9eefbc80)
12-13 22:41:57.633 D/gralloc_ranchu( 1396): gralloc_alloc: Creating ashmem region of size 544768
12-13 22:41:57.678 W/ActivityManager( 1626): Bad activity token: android.os.BinderProxy@da4458c
12-13 22:41:57.678 W/ActivityManager( 1626): java.lang.ClassCastException: android.os.BinderProxy cannot be cast to com.android.server.am.ActivityRecord$Token
12-13 22:41:57.678 W/ActivityManager( 1626): 	at com.android.server.am.ActivityRecord.forTokenLocked(ActivityRecord.java:778)
12-13 22:41:57.678 W/ActivityManager( 1626): 	at com.android.server.am.ActivityRecord.isInStackLocked(ActivityRecord.java:2085)
12-13 22:41:57.678 W/ActivityManager( 1626): 	at com.android.server.am.ActivityRecord.getStackLocked(ActivityRecord.java:2090)
12-13 22:41:57.678 W/ActivityManager( 1626): 	at com.android.server.am.ActivityManagerService.getActivityDisplayId(ActivityManagerService.java:10406)
12-13 22:41:57.678 W/ActivityManager( 1626): 	at android.app.IActivityManager$Stub.onTransact(IActivityManager.java:2738)
12-13 22:41:57.678 W/ActivityManager( 1626): 	at com.android.server.am.ActivityManagerService.onTransact(ActivityManagerService.java:2935)
12-13 22:41:57.678 W/ActivityManager( 1626): 	at android.os.Binder.execTransact(Binder.java:674)
12-13 22:41:57.684 I/calabash( 4402): newActivity1
12-13 22:41:57.694 W/ActivityManager( 1626): Bad activity token: android.os.BinderProxy@da4458c
12-13 22:41:57.694 W/ActivityManager( 1626): java.lang.ClassCastException: android.os.BinderProxy cannot be cast to com.android.server.am.ActivityRecord$Token
12-13 22:41:57.694 W/ActivityManager( 1626): 	at com.android.server.am.ActivityRecord.forTokenLocked(ActivityRecord.java:778)
12-13 22:41:57.694 W/ActivityManager( 1626): 	at com.android.server.am.ActivityRecord.isInStackLocked(ActivityRecord.java:2085)
12-13 22:41:57.694 W/ActivityManager( 1626): 	at com.android.server.am.ActivityManagerService.setTaskDescription(ActivityManagerService.java:9988)
12-13 22:41:57.694 W/ActivityManager( 1626): 	at android.app.IActivityManager$Stub.onTransact(IActivityManager.java:2824)
12-13 22:41:57.694 W/ActivityManager( 1626): 	at com.android.server.am.ActivityManagerService.onTransact(ActivityManagerService.java:2935)
12-13 22:41:57.694 W/ActivityManager( 1626): 	at android.os.Binder.execTransact(Binder.java:674)
12-13 22:41:57.695 W/ActivityManager( 1626): Bad activity token: android.os.BinderProxy@da4458c
12-13 22:41:57.695 W/ActivityManager( 1626): java.lang.ClassCastException: android.os.BinderProxy cannot be cast to com.android.server.am.ActivityRecord$Token
12-13 22:41:57.695 W/ActivityManager( 1626): 	at com.android.server.am.ActivityRecord.forTokenLocked(ActivityRecord.java:778)
12-13 22:41:57.695 W/ActivityManager( 1626): 	at com.android.server.am.ActivityRecord.isInStackLocked(ActivityRecord.java:2085)
12-13 22:41:57.695 W/ActivityManager( 1626): 	at com.android.server.am.ActivityRecord.getStackLocked(ActivityRecord.java:2090)
12-13 22:41:57.695 W/ActivityManager( 1626): 	at com.android.server.am.ActivityManagerService.getActivityStackId(ActivityManagerService.java:10417)
12-13 22:41:57.695 W/ActivityManager( 1626): 	at android.app.IActivityManager$Stub.onTransact(IActivityManager.java:3548)
12-13 22:41:57.695 W/ActivityManager( 1626): 	at com.android.server.am.ActivityManagerService.onTransact(ActivityManagerService.java:2935)
12-13 22:41:57.695 W/ActivityManager( 1626): 	at android.os.Binder.execTransact(Binder.java:674)
12-13 22:41:57.725 I/System.out( 4402): result:{"bonusInformation":[],"message":"","success":true}
12-13 22:41:57.741 V/StatusBar( 1725): setLightsOn(true)
12-13 22:41:57.748 D/gralloc_ranchu( 1396): gralloc_alloc: Creating ashmem region of size 544768
12-13 22:41:57.801 W/ActivityManager( 1626): Bad activity token: android.os.BinderProxy@da4458c
12-13 22:41:57.801 W/ActivityManager( 1626): java.lang.ClassCastException: android.os.BinderProxy cannot be cast to com.android.server.am.ActivityRecord$Token
12-13 22:41:57.801 W/ActivityManager( 1626): 	at com.android.server.am.ActivityRecord.forTokenLocked(ActivityRecord.java:778)
12-13 22:41:57.801 W/ActivityManager( 1626): 	at com.android.server.am.ActivityRecord.isInStackLocked(ActivityRecord.java:2085)
12-13 22:41:57.801 W/ActivityManager( 1626): 	at com.android.server.am.ActivityManagerService.getActivityOptions(ActivityManagerService.java:13302)
12-13 22:41:57.801 W/ActivityManager( 1626): 	at android.app.IActivityManager$Stub.onTransact(IActivityManager.java:2910)
12-13 22:41:57.801 W/ActivityManager( 1626): 	at com.android.server.am.ActivityManagerService.onTransact(ActivityManagerService.java:2935)
12-13 22:41:57.801 W/ActivityManager( 1626): 	at android.os.Binder.execTransact(Binder.java:674)
12-13 22:41:57.801 W/ActivityManager( 1626): Bad activity token: android.os.BinderProxy@da4458c
12-13 22:41:57.801 W/ActivityManager( 1626): java.lang.ClassCastException: android.os.BinderProxy cannot be cast to com.android.server.am.ActivityRecord$Token
12-13 22:41:57.801 W/ActivityManager( 1626): 	at com.android.server.am.ActivityRecord.forTokenLocked(ActivityRecord.java:778)
12-13 22:41:57.801 W/ActivityManager( 1626): 	at com.android.server.am.ActivityRecord.isInStackLocked(ActivityRecord.java:2085)
12-13 22:41:57.801 W/ActivityManager( 1626): 	at com.android.server.am.ActivityManagerService.getActivityOptions(ActivityManagerService.java:13302)
12-13 22:41:57.801 W/ActivityManager( 1626): 	at android.app.IActivityManager$Stub.onTransact(IActivityManager.java:2910)
12-13 22:41:57.801 W/ActivityManager( 1626): 	at com.android.server.am.ActivityManagerService.onTransact(ActivityManagerService.java:2935)
12-13 22:41:57.801 W/ActivityManager( 1626): 	at android.os.Binder.execTransact(Binder.java:674)
12-13 22:41:57.802 D/gralloc_ranchu( 1396): gralloc_alloc: Creating ashmem region of size 274432
12-13 22:41:57.813 D/StatusBar( 1725): disable<e i a s b h r c s q >
12-13 22:41:57.831 D/EGL_emulation( 1725): eglMakeCurrent: 0x8de5b460: ver 3 0 (tinfo 0x9eefbc80)
12-13 22:41:57.854 D/gralloc_ranchu( 1396): gralloc_alloc: Creating ashmem region of size 274432
12-13 22:41:57.877 I/zygote  ( 4402): JIT allocated 56KB for compiled code of void android.view.View.<init>(android.content.Context, android.util.AttributeSet, int, int)
12-13 22:41:57.895 D/gralloc_ranchu( 1396): gralloc_alloc: Creating ashmem region of size 274432
12-13 22:41:57.906 D/EGL_emulation( 1725): eglMakeCurrent: 0x8de5b460: ver 3 0 (tinfo 0x9eefbc80)
12-13 22:41:57.911 D/EGL_emulation( 1725): eglMakeCurrent: 0x8de5b460: ver 3 0 (tinfo 0x9eefbc80)
12-13 22:41:57.920 E/memtrack( 1626): Couldn't load memtrack module
12-13 22:41:57.925 W/android.os.Debug( 1626): failed to get memory consumption info: -1
12-13 22:41:57.961 V/StatusBar( 1725): setLightsOn(true)
12-13 22:41:57.963 E/memtrack( 1626): Couldn't load memtrack module
12-13 22:41:57.963 D/gralloc_ranchu( 1396): gralloc_alloc: Creating ashmem region of size 7753728
12-13 22:41:57.963 W/android.os.Debug( 1626): failed to get memory consumption info: -1
12-13 22:41:58.009 I/zygote  ( 4402): Do full code cache collection, code=250KB, data=139KB
12-13 22:41:58.009 I/zygote  ( 4402): After code cache collection, code=250KB, data=105KB
12-13 22:41:58.012 I/zygote  ( 4402): Do partial code cache collection, code=250KB, data=106KB
12-13 22:41:58.013 I/zygote  ( 4402): After code cache collection, code=250KB, data=106KB
12-13 22:41:58.013 I/zygote  ( 4402): Increasing code cache capacity to 1024KB
12-13 22:41:58.027 V/StatusBar( 1725): setLightsOn(true)
12-13 22:41:58.029 I/chatty  ( 1725): uid=10028(u0_a28) com.android.systemui identical 1 line
12-13 22:41:58.045 I/WindowManager( 1626): Screen frozen for +559ms due to Window{e9d1742 u0 com.evancharlton.mileage/com.evancharlton.mileage.Mileage}
12-13 22:41:58.049 V/StatusBar( 1725): setLightsOn(true)
12-13 22:41:58.055 D/gralloc_ranchu( 1396): gralloc_alloc: Creating ashmem region of size 7753728
12-13 22:41:58.505 V/StatusBar( 1725): setLightsOn(true)
12-13 22:41:59.127 D/gralloc_ranchu( 1396): gralloc_alloc: Creating ashmem region of size 7753728
12-13 22:41:59.489 I/Finsky  ( 2577): [115] nmi.run(36): Stats for Executor: BlockingExecutor non@f5014b9[Running, pool size = 2, active threads = 0, queued tasks = 0, completed tasks = 19]
12-13 22:41:59.490 I/Finsky  ( 2577): [115] nmi.run(36): Stats for Executor: LightweightExecutor non@b7f60fe[Running, pool size = 2, active threads = 0, queued tasks = 0, completed tasks = 71]
12-13 22:41:59.594 I/EventLogSendingHelper( 2124): Sending log events.
12-13 22:42:00.067 E/SurfaceFlinger( 1407): ro.sf.lcd_density must be defined as a build property
12-13 22:42:00.081 D/gralloc_ranchu( 1396): gralloc_alloc: Creating ashmem region of size 8298496
12-13 22:42:00.092 D/        ( 4474): HostConnection::get() New Host Connection established 0xb132f800, tid 4474
12-13 22:42:00.126 I/zygote  ( 1626): Explicit concurrent copying GC freed 8325(898KB) AllocSpace objects, 2(56KB) LOS objects, 38% free, 9MB/15MB, paused 595us total 68.346ms
12-13 22:42:00.430 W/audio_hw_generic( 1390): Not supplying enough data to HAL, expected position 841464 , only wrote 599040
12-13 22:42:00.438 I/Finsky  ( 2577): [115] nmi.run(36): Stats for Executor: bgExecutor non@73de05f[Running, pool size = 4, active threads = 0, queued tasks = 0, completed tasks = 80]
