--------- beginning of main
12-13 22:42:00.822 E/hw-IPCThreadState( 1396): binder thread pool (1 threads) starved for 105 ms
12-13 22:42:00.822 D/gralloc_ranchu( 1396): gralloc_alloc: Creating ashmem region of size 8298496
12-13 22:42:00.838 E/IPCThreadState( 1407): binder thread pool (4 threads) starved for 117 ms
12-13 22:42:00.838 D/EGL_emulation( 1725): eglMakeCurrent: 0x8de5b460: ver 3 0 (tinfo 0x9eefbc80)
12-13 22:42:00.939 E/hw-IPCThreadState( 1396): binder thread pool (1 threads) starved for 117 ms
12-13 22:42:00.963 D/gralloc_ranchu( 1396): gralloc_alloc: Creating ashmem region of size 8298496
12-13 22:42:01.098 E/hw-IPCThreadState( 1396): binder thread pool (1 threads) starved for 135 ms
12-13 22:42:01.099 D/gralloc_ranchu( 1396): gralloc_alloc: Creating ashmem region of size 8298496
12-13 22:42:01.258 E/hw-IPCThreadState( 1396): binder thread pool (1 threads) starved for 159 ms
12-13 22:42:01.259 D/gralloc_ranchu( 1396): gralloc_alloc: Creating ashmem region of size 8298496
12-13 22:42:01.393 E/hw-IPCThreadState( 1396): binder thread pool (1 threads) starved for 134 ms
12-13 22:42:01.432 D/gralloc_ranchu( 1396): gralloc_alloc: Creating ashmem region of size 8298496
12-13 22:42:01.437 D/EGL_emulation( 2124): eglMakeCurrent: 0xa1704840: ver 3 0 (tinfo 0xa1703400)
12-13 22:42:01.460 D/gralloc_ranchu( 1396): gralloc_alloc: Creating ashmem region of size 8298496
12-13 22:42:01.506 D/EGL_emulation( 2171): eglMakeCurrent: 0x9f27d980: ver 3 0 (tinfo 0x9f27fc10)
12-13 22:42:01.576 D/gralloc_ranchu( 1396): gralloc_alloc: Creating ashmem region of size 8298496
12-13 22:42:01.617 D/gralloc_ranchu( 1396): gralloc_alloc: Creating ashmem region of size 7753728
12-13 22:42:01.677 D/        ( 1725): HostConnection::get() New Host Connection established 0xa1720980, tid 1751
--------- beginning of system
12-13 22:42:01.704 W/ActivityManager( 1626): Unable to start service Intent { act=com.google.android.gms.speech.service.START pkg=com.google.android.gms } U=0: not found
12-13 22:42:01.709 W/ActivityManager( 1626): Unbind failed: could not find connection for android.os.BinderProxy@38b7e95
12-13 22:42:01.710 W/SessionLifecycleManager( 2124): Handover failed. Creating new session controller.
12-13 22:42:01.712 E/GmsClient( 2124): unable to connect to service: com.google.android.gms.speech.service.START on com.google.android.gms
12-13 22:42:01.717 I/OptInState( 2124): There is a new client and it does not support opt-in. Dropping request.
12-13 22:42:01.723 D/EGL_emulation( 1725): eglMakeCurrent: 0x8de5b460: ver 3 0 (tinfo 0x9eefbc80)
12-13 22:42:01.786 I/chatty  ( 1725): uid=10028(u0_a28) RenderThread identical 5 lines
12-13 22:42:01.803 D/EGL_emulation( 1725): eglMakeCurrent: 0x8de5b460: ver 3 0 (tinfo 0x9eefbc80)
12-13 22:42:01.809 I/MicroDetectionWorker( 2124): #updateMicroDetector [detectionMode: [mDetectionMode: [1]]]
12-13 22:42:01.809 I/MicroDetectionWorker( 2124): #startMicroDetector [speakerMode: 0]
12-13 22:42:01.810 I/AudioController( 2124): Using mInputStreamFactoryBuilder
12-13 22:42:01.816 D/EGL_emulation( 1725): eglMakeCurrent: 0x8de5b460: ver 3 0 (tinfo 0x9eefbc80)
12-13 22:42:01.832 I/MicroDetectionWorker( 2124): onReady
12-13 22:42:01.835 D/EGL_emulation( 1725): eglMakeCurrent: 0x8de5b460: ver 3 0 (tinfo 0x9eefbc80)
12-13 22:42:01.836 I/MicroRecognitionRunner( 2124): Starting detection.
12-13 22:42:01.841 D/EGL_emulation( 1725): eglMakeCurrent: 0x8de5b460: ver 3 0 (tinfo 0x9eefbc80)
12-13 22:42:01.849 D/EGL_emulation( 1725): eglMakeCurrent: 0x8de5b460: ver 3 0 (tinfo 0x9eefbc80)
12-13 22:42:01.855 I/MicrophoneInputStream( 2124): mic_starting com.google.android.apps.gsa.staticplugins.aa.c@9e2ccd8
12-13 22:42:01.857 I/zygote  ( 1725): NativeAllocBackground concurrent copying GC freed 12634(805KB) AllocSpace objects, 0(0B) LOS objects, 49% free, 4MB/9MB, paused 5.527ms total 116.421ms
12-13 22:42:01.874 I/MicrophoneInputStream( 2124): mic_started com.google.android.apps.gsa.staticplugins.aa.c@9e2ccd8
12-13 22:42:01.877 I/AudioFlinger( 1475): AudioFlinger's thread 0xa9903340 tid=4495 ready to run
12-13 22:42:01.878 D/EGL_emulation( 1725): eglMakeCurrent: 0x8de5b460: ver 3 0 (tinfo 0x9eefbc80)
12-13 22:42:01.879 E/ActivityThread( 2124): Failed to find provider info for com.google.android.apps.gsa.testing.ui.audio.recorded
12-13 22:42:01.880 I/MicroDetectionWorker( 2124): onReady
12-13 22:42:01.882 W/SpeechLevelGenerator( 2124): Really low audio levels detected. The audio input may have issues.
12-13 22:42:01.889 I/MicrophoneInputStream( 2124): mic_close com.google.android.apps.gsa.staticplugins.aa.c@9e2ccd8
12-13 22:42:01.890 D/EGL_emulation( 1725): eglMakeCurrent: 0x8de5b460: ver 3 0 (tinfo 0x9eefbc80)
12-13 22:42:01.904 I/chatty  ( 1725): uid=10028(u0_a28) RenderThread identical 1 line
12-13 22:42:01.918 D/EGL_emulation( 1725): eglMakeCurrent: 0x8de5b460: ver 3 0 (tinfo 0x9eefbc80)
12-13 22:42:01.939 W/OpenGLRenderer( 2171): Incorrectly called buildLayer on View: ShortcutAndWidgetContainer, destroying layer...
12-13 22:42:01.944 D/gralloc_ranchu( 1396): gralloc_alloc: Creating ashmem region of size 8298496
12-13 22:42:01.955 I/zygote  ( 2124): Background concurrent copying GC freed 7210(520KB) AllocSpace objects, 7(188KB) LOS objects, 49% free, 4MB/9MB, paused 16.228ms total 118.560ms
12-13 22:42:01.968 I/MicroRecognitionRunner( 2124): Detection finished
12-13 22:42:01.968 W/ErrorReporter( 2124): reportError [type: 211, code: 524300]: Error reading from input stream
12-13 22:42:01.994 I/MicroRecognitionRunner( 2124): Stopping hotword detection.
12-13 22:42:01.995 W/ErrorProcessor( 2124): onFatalError, processing error from engine(4)
12-13 22:42:01.995 W/ErrorProcessor( 2124): com.google.android.apps.gsa.shared.speech.b.g: Error reading from input stream
12-13 22:42:01.995 W/ErrorProcessor( 2124): 	at com.google.android.apps.gsa.staticplugins.recognizer.j.a.a(SourceFile:28)
12-13 22:42:01.995 W/ErrorProcessor( 2124): 	at com.google.android.apps.gsa.staticplugins.recognizer.j.b.run(SourceFile:15)
12-13 22:42:01.995 W/ErrorProcessor( 2124): 	at java.util.concurrent.Executors$RunnableAdapter.call(Executors.java:457)
12-13 22:42:01.995 W/ErrorProcessor( 2124): 	at java.util.concurrent.FutureTask.run(FutureTask.java:266)
12-13 22:42:01.995 W/ErrorProcessor( 2124): 	at com.google.android.apps.gsa.shared.util.concurrent.a.ax.run(SourceFile:14)
12-13 22:42:01.995 W/ErrorProcessor( 2124): 	at com.google.android.apps.gsa.shared.util.concurrent.a.bl.run(SourceFile:4)
12-13 22:42:01.995 W/ErrorProcessor( 2124): 	at com.google.android.apps.gsa.shared.util.concurrent.a.bl.run(SourceFile:4)
12-13 22:42:01.995 W/ErrorProcessor( 2124): 	at java.util.concurrent.ThreadPoolExecutor.runWorker(ThreadPoolExecutor.java:1162)
12-13 22:42:01.995 W/ErrorProcessor( 2124): 	at java.util.concurrent.ThreadPoolExecutor$Worker.run(ThreadPoolExecutor.java:636)
12-13 22:42:01.995 W/ErrorProcessor( 2124): 	at java.lang.Thread.run(Thread.java:764)
12-13 22:42:01.995 W/ErrorProcessor( 2124): 	at com.google.android.apps.gsa.shared.util.concurrent.a.ai.run(SourceFile:6)
12-13 22:42:01.995 W/ErrorProcessor( 2124): Caused by: com.google.android.apps.gsa.shared.exception.GsaIOException: Error code: 393238 | Buffer overflow, no available space.
12-13 22:42:01.995 W/ErrorProcessor( 2124): 	at com.google.android.apps.gsa.speech.audio.Tee.f(SourceFile:103)
12-13 22:42:01.995 W/ErrorProcessor( 2124): 	at com.google.android.apps.gsa.speech.audio.au.read(SourceFile:2)
12-13 22:42:01.995 W/ErrorProcessor( 2124): 	at java.io.InputStream.read(InputStream.java:101)
12-13 22:42:01.995 W/ErrorProcessor( 2124): 	at com.google.android.apps.gsa.speech.audio.ao.run(SourceFile:18)
12-13 22:42:01.995 W/ErrorProcessor( 2124): 	at com.google.android.apps.gsa.speech.audio.an.run(SourceFile:2)
12-13 22:42:01.995 W/ErrorProcessor( 2124): 	... 9 more
12-13 22:42:01.995 I/AudioController( 2124): internalShutdown
12-13 22:42:01.999 I/MicroDetector( 2124): Keeping mic open: false
12-13 22:42:02.000 I/MicroDetectionWorker( 2124): #onError(false)
12-13 22:42:02.002 I/DeviceStateChecker( 2124): DeviceStateChecker cancelled
12-13 22:42:02.023 I/zygote  ( 2124): Do full code cache collection, code=506KB, data=357KB
12-13 22:42:02.023 I/zygote  ( 2124): After code cache collection, code=496KB, data=313KB
12-13 22:42:02.127 I/OpenGLRenderer( 1626): Initialized EGL, version 1.4
12-13 22:42:02.127 D/OpenGLRenderer( 1626): Swap behavior 1
12-13 22:42:02.127 W/OpenGLRenderer( 1626): Failed to choose config with EGL_SWAP_BEHAVIOR_PRESERVED, retrying without...
12-13 22:42:02.127 D/OpenGLRenderer( 1626): Swap behavior 0
12-13 22:42:02.144 D/AndroidRuntime( 4490): >>>>>> START com.android.internal.os.RuntimeInit uid 2000 <<<<<<
12-13 22:42:02.177 D/EGL_emulation( 1626): eglCreateContext: 0x9ed7cf00: maj 3 min 0 rcv 3
12-13 22:42:02.185 D/EGL_emulation( 1626): eglMakeCurrent: 0x9ed7cf00: ver 3 0 (tinfo 0x8f7df3e0)
12-13 22:42:02.187 E/eglCodecCommon( 1626): glUtilsParamSize: unknow param 0x00008cdf
12-13 22:42:02.188 E/eglCodecCommon( 1626): glUtilsParamSize: unknow param 0x00008cdf
12-13 22:42:02.189 E/eglCodecCommon( 1626): glUtilsParamSize: unknow param 0x00008824
12-13 22:42:02.189 E/eglCodecCommon( 1626): glUtilsParamSize: unknow param 0x00008824
12-13 22:42:02.210 W/OpenGLRenderer( 1626): glEGLImageTargetTexture2DOES failed (0x502)
12-13 22:42:02.267 W/app_process( 4490): Unexpected CPU variant for X86 using defaults: x86
12-13 22:42:02.305 D/AndroidRuntime( 4490): Calling main entry com.android.commands.am.Am
12-13 22:42:02.310 I/ActivityManager( 1626): Force stopping com.evancharlton.mileage appid=10122 user=0: start instr
12-13 22:42:02.310 I/ActivityManager( 1626): Killing 4402:com.evancharlton.mileage/u0a122 (adj 0): stop com.evancharlton.mileage
12-13 22:42:02.315 W/ActivityManager( 1626): Crash of app com.evancharlton.mileage running instrumentation ComponentInfo{com.evancharlton.mileage.test/sh.calaba.instrumentationbackend.CalabashInstrumentationTestRunner}
12-13 22:42:02.315 I/ActivityManager( 1626): Force stopping com.evancharlton.mileage appid=10122 user=0: finished inst
12-13 22:42:02.323 I/ActivityManager( 1626): Start proc 4504:com.evancharlton.mileage/u0a122 for added application com.evancharlton.mileage
12-13 22:42:02.323 D/AndroidRuntime( 4490): Shutting down VM
12-13 22:42:02.325 E/memtrack( 1626): Couldn't load memtrack module
12-13 22:42:02.325 W/android.os.Debug( 1626): failed to get memory consumption info: -1
12-13 22:42:02.332 I/zygote  ( 4504): Not late-enabling -Xcheck:jni (already on)
12-13 22:42:02.333 W/app_process( 4490): Thread attaching while runtime is shutting down: Binder:4490_2
12-13 22:42:02.334 I/AndroidRuntime( 4490): NOTE: attach of thread 'Binder:4490_2' failed
12-13 22:42:02.347 W/zygote  ( 4504): Unexpected CPU variant for X86 using defaults: x86
12-13 22:42:02.369 E/adbd    ( 1371): failed to connect to socket 'tcp:7102': Connection refused
12-13 22:42:02.374 W/ActivityManager( 1626): setHasOverlayUi called on unknown pid: 4402
12-13 22:42:02.377 W/zygote  ( 4504): Found duplicate classes, falling back to extracting from APK : /data/app/com.evancharlton.mileage.test-SUwXPeVWdsXBcK7v0XMgAA==/base.apk
12-13 22:42:02.377 W/zygote  ( 4504): NOTE: This wastes RAM and hurts startup performance.
12-13 22:42:02.377 W/zygote  ( 4504): Found duplicated class when checking oat files: 'Ljunit/runner/BaseTestRunner;' in /data/app/com.evancharlton.mileage.test-SUwXPeVWdsXBcK7v0XMgAA==/base.apk and /system/framework/android.test.runner.jar
12-13 22:42:02.377 W/zygote  ( 4504): 
12-13 22:42:02.381 E/adbd    ( 1371): failed to connect to socket 'tcp:7102': Connection refused
12-13 22:42:02.428 W/System  ( 4504): ClassLoader referenced unknown path: 
12-13 22:42:02.449 I/System.out( 4504): Main activity name automatically set to: com.evancharlton.mileage.Mileage
12-13 22:42:02.450 I/System.out( 4504): Calabash did not load Mono. This is only a problem if you are trying to test a Mono application
12-13 22:42:02.450 I/calabash( 4504): Test server port: 7102
12-13 22:42:02.452 I/InstrumentationBackend( 4504): Added:'GetPreferences', with key:'get_preferences'
12-13 22:42:02.502 E/adbd    ( 1371): failed to connect to socket 'tcp:7102': Connection refused
12-13 22:42:02.513 E/adbd    ( 1371): failed to connect to socket 'tcp:7102': Connection refused
12-13 22:42:02.549 I/InstrumentationBackend( 4504): Added:'SetPreferences', with key:'set_preferences'
12-13 22:42:02.549 I/InstrumentationBackend( 4504): Added:'ClearPreferences', with key:'clear_preferences'
12-13 22:42:02.549 I/InstrumentationBackend( 4504): Added:'PressElement', with key:'press_l10n_element'
12-13 22:42:02.550 I/InstrumentationBackend( 4504): Added:'WaitForElement', with key:'wait_for_l10n_element'
12-13 22:42:02.551 I/InstrumentationBackend( 4504): Added:'NullAction', with key:'nullAction'
12-13 22:42:02.551 I/InstrumentationBackend( 4504): Added:'PressKey', with key:'press_key'
12-13 22:42:02.552 I/InstrumentationBackend( 4504): Added:'SetActivityOrientation', with key:'set_activity_orientation'
12-13 22:42:02.553 I/InstrumentationBackend( 4504): Added:'GetActivityOrientation', with key:'get_activity_orientation'
12-13 22:42:02.553 I/InstrumentationBackend( 4504): Added:'FakeGPSLocation', with key:'set_gps_coordinates'
12-13 22:42:02.554 I/InstrumentationBackend( 4504): Added:'SetPropertyByCssSelector', with key:'set_property_by_css_selector'
12-13 22:42:02.555 I/InstrumentationBackend( 4504): Added:'GetUrl', with key:'get_url'
12-13 22:42:02.558 I/InstrumentationBackend( 4504): Added:'ScrollTo', with key:'scroll_to'
12-13 22:42:02.558 I/InstrumentationBackend( 4504): Added:'GetLoadProgress', with key:'get_load_progress'
12-13 22:42:02.559 I/InstrumentationBackend( 4504): Added:'DumpHtml', with key:'dump_html'
12-13 22:42:02.559 I/InstrumentationBackend( 4504): Added:'DumpBodyHtml', with key:'dump_body_html'
12-13 22:42:02.560 I/InstrumentationBackend( 4504): Added:'EnterTextByCssSelector', with key:'enter_text_by_selector'
12-13 22:42:02.567 I/InstrumentationBackend( 4504): Added:'AndroidSDKVersion', with key:'android_sdk_version'
12-13 22:42:02.567 I/InstrumentationBackend( 4504): Added:'Version', with key:'version'
12-13 22:42:02.567 I/InstrumentationBackend( 4504): Added:'Drag', with key:'drag'
12-13 22:42:02.567 I/InstrumentationBackend( 4504): Added:'TouchCoordinates', with key:'touch_coordinate'
12-13 22:42:02.568 I/InstrumentationBackend( 4504): Added:'LongPressCoordinate', with key:'long_press_coordinate'
12-13 22:42:02.568 I/InstrumentationBackend( 4504): Added:'DragCoordinates', with key:'drag_coordinates'
12-13 22:42:02.568 I/InstrumentationBackend( 4504): Added:'ResumeApplication', with key:'resume_application'
12-13 22:42:02.569 I/InstrumentationBackend( 4504): Added:'Swipe', with key:'swipe'
12-13 22:42:02.569 I/InstrumentationBackend( 4504): Added:'DoubleTapCoordinate', with key:'double_tap_coordinate'
12-13 22:42:02.569 I/InstrumentationBackend( 4504): Added:'ClickOnScreen', with key:'click_on_screen'
12-13 22:42:02.570 I/InstrumentationBackend( 4504): Added:'GetActivityName', with key:'get_activity_name'
12-13 22:42:02.571 I/InstrumentationBackend( 4504): Added:'ScrollToView', with key:'scroll_to_view'
12-13 22:42:02.571 I/InstrumentationBackend( 4504): Added:'ViewConfiguration', with key:'view_configuration'
12-13 22:42:02.571 I/InstrumentationBackend( 4504): Added:'IsCurrentActivityFocused', with key:'is_current_activity_focused'
12-13 22:42:02.572 I/InstrumentationBackend( 4504): Added:'SendTcp', with key:'send_tcp'
12-13 22:42:02.572 I/InstrumentationBackend( 4504): Added:'DpToDevicePixel', with key:'dp_to_device_pixel'
12-13 22:42:02.575 I/InstrumentationBackend( 4504): Added:'KeyboardEnterText', with key:'keyboard_enter_text'
12-13 22:42:02.576 I/InstrumentationBackend( 4504): Added:'DeleteSurroundingText', with key:'delete_surrounding_text'
12-13 22:42:02.576 I/InstrumentationBackend( 4504): Added:'SetComposingRegion', with key:'set_composing_region'
12-13 22:42:02.577 I/InstrumentationBackend( 4504): Added:'SetSelection', with key:'set_selection'
12-13 22:42:02.577 I/InstrumentationBackend( 4504): Added:'KeyboardKeyEvent', with key:'keyboard_key_event'
12-13 22:42:02.577 I/InstrumentationBackend( 4504): Added:'PressUserActionButton', with key:'press_user_action_button'
12-13 22:42:02.580 I/InstrumentationBackend( 4504): Added:'HideSoftKeyboard', with key:'hide_soft_keyboard'
12-13 22:42:02.582 I/InstrumentationBackend( 4504): Added:'ListActions', with key:'list_actions'
12-13 22:42:02.582 I/calabash( 4504): Instantiating http server at 7102
12-13 22:42:02.583 I/System.out( 4504): HTTP Daemon listening on: 7102
12-13 22:42:02.625 I/System.out( 4504): URI: //ping
12-13 22:42:02.625 I/System.out( 4504): params: {json={}
12-13 22:42:02.625 I/System.out( 4504): }
12-13 22:42:02.640 I/System.out( 4504): URI: //ping
12-13 22:42:02.640 I/System.out( 4504): params: {json={}
12-13 22:42:02.640 I/System.out( 4504): }
12-13 22:42:02.656 I/System.out( 4504): URI: //ready
12-13 22:42:02.656 I/System.out( 4504): params: {json={}
12-13 22:42:02.656 I/System.out( 4504): }
12-13 22:42:02.669 I/System.out( 4504): URI: //
12-13 22:42:02.669 I/System.out( 4504): params: {json={"command":"version","arguments":[]}
12-13 22:42:02.669 I/System.out( 4504): }
12-13 22:42:02.670 I/System.out( 4504): header: {content-type=application/json;charset=utf-8, date=Mon, 14 Dec 2020 03:42:03 GMT, accept=*/*, host=127.0.0.1:34777, content-length=36, user-agent=HTTPClient/1.0 (2.8.3, ruby 2.5.8 (2020-03-31))}
12-13 22:42:02.670 I/System.out( 4504): params: {json={"command":"version","arguments":[]}
12-13 22:42:02.670 I/System.out( 4504): }
12-13 22:42:02.670 I/System.out( 4504): ProP json = {"command":"version","arguments":[]}
12-13 22:42:02.670 I/System.out( 4504): files: {}
12-13 22:42:02.670 I/System.out( 4504): command: {"command":"version","arguments":[]}
12-13 22:42:02.716 I/InstrumentationBackend( 4504): Got command:'Command:'Line:null,version', arguments:'[]'
12-13 22:42:02.764 I/System.out( 4504): result:{"bonusInformation":[],"message":"0.9.8","success":true}
12-13 22:42:02.771 I/System.out( 4504): URI: //start-application
12-13 22:42:02.771 I/System.out( 4504): params: {json={"intent":null}
12-13 22:42:02.771 I/System.out( 4504): }
12-13 22:42:02.827 I/ActivityManager( 1626): START u0 {act=android.intent.action.MAIN cat=[android.intent.category.LAUNCHER] flg=0x10200000 cmp=com.evancharlton.mileage/.Mileage} from uid 10122
12-13 22:42:02.856 I/calabash( 4504): newActivity1
12-13 22:42:02.872 D/gralloc_ranchu( 1396): gralloc_alloc: Creating ashmem region of size 7753728
12-13 22:42:02.971 W/ActivityManager( 1626): Bad activity token: android.os.BinderProxy@addf27c
12-13 22:42:02.971 W/ActivityManager( 1626): java.lang.ClassCastException: android.os.BinderProxy cannot be cast to com.android.server.am.ActivityRecord$Token
12-13 22:42:02.971 W/ActivityManager( 1626): 	at com.android.server.am.ActivityRecord.forTokenLocked(ActivityRecord.java:778)
12-13 22:42:02.971 W/ActivityManager( 1626): 	at com.android.server.am.ActivityRecord.isInStackLocked(ActivityRecord.java:2085)
12-13 22:42:02.971 W/ActivityManager( 1626): 	at com.android.server.am.ActivityRecord.getStackLocked(ActivityRecord.java:2090)
12-13 22:42:02.971 W/ActivityManager( 1626): 	at com.android.server.am.ActivityManagerService.getActivityDisplayId(ActivityManagerService.java:10406)
12-13 22:42:02.971 W/ActivityManager( 1626): 	at android.app.IActivityManager$Stub.onTransact(IActivityManager.java:2738)
12-13 22:42:02.971 W/ActivityManager( 1626): 	at com.android.server.am.ActivityManagerService.onTransact(ActivityManagerService.java:2935)
12-13 22:42:02.971 W/ActivityManager( 1626): 	at android.os.Binder.execTransact(Binder.java:674)
12-13 22:42:02.973 I/calabash( 4504): newActivity1
12-13 22:42:02.976 E/ContentStoreEUAS( 2124): Failed to commit the deferred actions
12-13 22:42:02.982 W/ActivityManager( 1626): Bad activity token: android.os.BinderProxy@addf27c
12-13 22:42:02.982 W/ActivityManager( 1626): java.lang.ClassCastException: android.os.BinderProxy cannot be cast to com.android.server.am.ActivityRecord$Token
12-13 22:42:02.982 W/ActivityManager( 1626): 	at com.android.server.am.ActivityRecord.forTokenLocked(ActivityRecord.java:778)
12-13 22:42:02.982 W/ActivityManager( 1626): 	at com.android.server.am.ActivityRecord.isInStackLocked(ActivityRecord.java:2085)
12-13 22:42:02.982 W/ActivityManager( 1626): 	at com.android.server.am.ActivityManagerService.setTaskDescription(ActivityManagerService.java:9988)
12-13 22:42:02.982 W/ActivityManager( 1626): 	at android.app.IActivityManager$Stub.onTransact(IActivityManager.java:2824)
12-13 22:42:02.982 W/ActivityManager( 1626): 	at com.android.server.am.ActivityManagerService.onTransact(ActivityManagerService.java:2935)
12-13 22:42:02.982 W/ActivityManager( 1626): 	at android.os.Binder.execTransact(Binder.java:674)
12-13 22:42:02.989 W/ActivityManager( 1626): Bad activity token: android.os.BinderProxy@addf27c
12-13 22:42:02.989 W/ActivityManager( 1626): java.lang.ClassCastException: android.os.BinderProxy cannot be cast to com.android.server.am.ActivityRecord$Token
12-13 22:42:02.989 W/ActivityManager( 1626): 	at com.android.server.am.ActivityRecord.forTokenLocked(ActivityRecord.java:778)
12-13 22:42:02.989 W/ActivityManager( 1626): 	at com.android.server.am.ActivityRecord.isInStackLocked(ActivityRecord.java:2085)
12-13 22:42:02.989 W/ActivityManager( 1626): 	at com.android.server.am.ActivityRecord.getStackLocked(ActivityRecord.java:2090)
12-13 22:42:02.989 W/ActivityManager( 1626): 	at com.android.server.am.ActivityManagerService.getActivityStackId(ActivityManagerService.java:10417)
12-13 22:42:02.989 W/ActivityManager( 1626): 	at android.app.IActivityManager$Stub.onTransact(IActivityManager.java:3548)
12-13 22:42:02.989 W/ActivityManager( 1626): 	at com.android.server.am.ActivityManagerService.onTransact(ActivityManagerService.java:2935)
12-13 22:42:02.989 W/ActivityManager( 1626): 	at android.os.Binder.execTransact(Binder.java:674)
12-13 22:42:03.005 D/EGL_emulation( 2171): eglMakeCurrent: 0x9f27d980: ver 3 0 (tinfo 0x9f27fc10)
12-13 22:42:03.024 D/EGL_emulation( 1725): eglMakeCurrent: 0x8de5b460: ver 3 0 (tinfo 0x9eefbc80)
12-13 22:42:03.025 D/EGL_emulation( 2124): eglMakeCurrent: 0xa1704840: ver 3 0 (tinfo 0xa1703400)
12-13 22:42:03.042 D/EGL_emulation( 1725): eglMakeCurrent: 0x8de5b460: ver 3 0 (tinfo 0x9eefbc80)
12-13 22:42:03.046 D/EGL_emulation( 1725): eglMakeCurrent: 0x8de5b460: ver 3 0 (tinfo 0x9eefbc80)
12-13 22:42:03.048 V/StatusBar( 1725): setLightsOn(true)
12-13 22:42:03.056 I/Finsky:download_service( 2787): [130] nmi.run(36): Stats for Executor: bgExecutor non@b65ae31[Running, pool size = 0, active threads = 0, queued tasks = 0, completed tasks = 0]
12-13 22:42:03.058 D/EGL_emulation( 1725): eglMakeCurrent: 0x8de5b460: ver 3 0 (tinfo 0x9eefbc80)
12-13 22:42:03.136 W/ActivityManager( 1626): Bad activity token: android.os.BinderProxy@addf27c
12-13 22:42:03.136 W/ActivityManager( 1626): java.lang.ClassCastException: android.os.BinderProxy cannot be cast to com.android.server.am.ActivityRecord$Token
12-13 22:42:03.136 W/ActivityManager( 1626): 	at com.android.server.am.ActivityRecord.forTokenLocked(ActivityRecord.java:778)
12-13 22:42:03.136 W/ActivityManager( 1626): 	at com.android.server.am.ActivityRecord.isInStackLocked(ActivityRecord.java:2085)
12-13 22:42:03.136 W/ActivityManager( 1626): 	at com.android.server.am.ActivityManagerService.getActivityOptions(ActivityManagerService.java:13302)
12-13 22:42:03.136 W/ActivityManager( 1626): 	at android.app.IActivityManager$Stub.onTransact(IActivityManager.java:2910)
12-13 22:42:03.136 W/ActivityManager( 1626): 	at com.android.server.am.ActivityManagerService.onTransact(ActivityManagerService.java:2935)
12-13 22:42:03.136 W/ActivityManager( 1626): 	at android.os.Binder.execTransact(Binder.java:674)
12-13 22:42:03.139 W/ActivityManager( 1626): Bad activity token: android.os.BinderProxy@addf27c
12-13 22:42:03.139 W/ActivityManager( 1626): java.lang.ClassCastException: android.os.BinderProxy cannot be cast to com.android.server.am.ActivityRecord$Token
12-13 22:42:03.139 W/ActivityManager( 1626): 	at com.android.server.am.ActivityRecord.forTokenLocked(ActivityRecord.java:778)
12-13 22:42:03.139 W/ActivityManager( 1626): 	at com.android.server.am.ActivityRecord.isInStackLocked(ActivityRecord.java:2085)
12-13 22:42:03.139 W/ActivityManager( 1626): 	at com.android.server.am.ActivityManagerService.getActivityOptions(ActivityManagerService.java:13302)
12-13 22:42:03.139 W/ActivityManager( 1626): 	at android.app.IActivityManager$Stub.onTransact(IActivityManager.java:2910)
12-13 22:42:03.139 W/ActivityManager( 1626): 	at com.android.server.am.ActivityManagerService.onTransact(ActivityManagerService.java:2935)
12-13 22:42:03.139 W/ActivityManager( 1626): 	at android.os.Binder.execTransact(Binder.java:674)
12-13 22:42:03.213 I/chatty  ( 1725): uid=10028(u0_a28) RenderThread identical 19 lines
12-13 22:42:03.227 D/EGL_emulation( 1725): eglMakeCurrent: 0x8de5b460: ver 3 0 (tinfo 0x9eefbc80)
12-13 22:42:03.246 V/StatusBar( 1725): setLightsOn(true)
12-13 22:42:03.313 V/StatusBar( 1725): setLightsOn(true)
12-13 22:42:03.316 I/zygote  ( 4504): Background concurrent copying GC freed 21415(1008KB) AllocSpace objects, 10(200KB) LOS objects, 59% free, 1043KB/2MB, paused 2.282ms total 110.784ms
12-13 22:42:03.355 D/gralloc_ranchu( 1396): gralloc_alloc: Creating ashmem region of size 7753728
12-13 22:42:03.360 I/zygote  ( 4504): Do partial code cache collection, code=28KB, data=30KB
12-13 22:42:03.360 I/zygote  ( 4504): After code cache collection, code=28KB, data=30KB
12-13 22:42:03.360 I/zygote  ( 4504): Increasing code cache capacity to 128KB
12-13 22:42:03.361 I/zygote  ( 4504): Do partial code cache collection, code=28KB, data=48KB
12-13 22:42:03.361 I/zygote  ( 4504): After code cache collection, code=28KB, data=48KB
12-13 22:42:03.361 I/zygote  ( 4504): Increasing code cache capacity to 256KB
12-13 22:42:03.361 I/zygote  ( 4504): JIT allocated 71KB for compiled code of void android.widget.TextView.<init>(android.content.Context, android.util.AttributeSet, int, int)
12-13 22:42:03.361 I/zygote  ( 4504): Compiler allocated 4MB to compile void android.widget.TextView.<init>(android.content.Context, android.util.AttributeSet, int, int)
12-13 22:42:03.409 D/        ( 4504): HostConnection::get() New Host Connection established 0x9edafdc0, tid 4504
12-13 22:42:03.442 V/StatusBar( 1725): setLightsOn(true)
12-13 22:42:03.468 I/chatty  ( 1725): uid=10028(u0_a28) com.android.systemui identical 1 line
12-13 22:42:03.474 V/StatusBar( 1725): setLightsOn(true)
12-13 22:42:03.476 I/ActivityManager( 1626): Displayed com.evancharlton.mileage/.Mileage: +635ms
12-13 22:42:03.479 V/StatusBar( 1725): setLightsOn(true)
12-13 22:42:03.481 E/OpenGLRenderer( 1626): GL error:  GL_INVALID_OPERATION
12-13 22:42:03.516 I/chatty  ( 1626): uid=1000(system) RenderThread identical 119 lines
12-13 22:42:03.516 E/OpenGLRenderer( 1626): GL error:  GL_INVALID_OPERATION
12-13 22:42:03.516 D/gralloc_ranchu( 1396): gralloc_alloc: Creating ashmem region of size 7753728
12-13 22:42:03.516 E/OpenGLRenderer( 1626): GL error:  GL_INVALID_OPERATION
12-13 22:42:03.649 I/chatty  ( 1626): uid=1000(system) RenderThread identical 361 lines
12-13 22:42:03.650 E/OpenGLRenderer( 1626): GL error:  GL_INVALID_OPERATION
12-13 22:42:03.656 V/StatusBar( 1725): setLightsOn(true)
12-13 22:42:03.660 V/StatusBar( 1725): setLightsOn(true)
12-13 22:42:03.660 E/OpenGLRenderer( 1626): GL error:  GL_INVALID_OPERATION
12-13 22:42:03.714 I/chatty  ( 1626): uid=1000(system) RenderThread identical 238 lines
12-13 22:42:03.715 E/OpenGLRenderer( 1626): GL error:  GL_INVALID_OPERATION
12-13 22:42:03.720 V/StatusBar( 1725): setLightsOn(true)
12-13 22:42:03.720 V/StatusBar( 1725): setLightsOn(true)
12-13 22:42:03.723 E/OpenGLRenderer( 1626): GL error:  GL_INVALID_OPERATION
12-13 22:42:03.726 I/chatty  ( 1626): uid=1000(system) RenderThread identical 11 lines
12-13 22:42:03.726 E/OpenGLRenderer( 1626): GL error:  GL_INVALID_OPERATION
12-13 22:42:03.728 I/System.out( 4504): URI: //gesture
12-13 22:42:03.728 I/System.out( 4504): params: {json={"query_timeout":5.0,"gestures":[{"query_string":"android.widget.TabWidget descendant TextView index:1","touches":[{"x":50,"y":50,"offset_x":0,"offset_y":0,"wait":0.0,"time":0.2,"release":true,"query_string":null}]}]}
12-13 22:42:03.728 I/System.out( 4504): }
12-13 22:42:03.732 E/OpenGLRenderer( 1626): GL error:  GL_INVALID_OPERATION
12-13 22:42:03.733 I/chatty  ( 1626): uid=1000(system) RenderThread identical 2 lines
12-13 22:42:03.733 E/OpenGLRenderer( 1626): GL error:  GL_INVALID_OPERATION
12-13 22:42:03.736 V/StatusBar( 1725): setLightsOn(true)
12-13 22:42:03.736 E/OpenGLRenderer( 1626): GL error:  GL_INVALID_OPERATION
12-13 22:42:03.750 I/chatty  ( 1626): uid=1000(system) RenderThread identical 39 lines
12-13 22:42:03.751 E/OpenGLRenderer( 1626): GL error:  GL_INVALID_OPERATION
12-13 22:42:03.751 W/SurfaceFlinger( 1407): couldn't log to binary event log: overflow.
12-13 22:42:03.752 E/OpenGLRenderer( 1626): GL error:  GL_INVALID_OPERATION
12-13 22:42:03.841 I/chatty  ( 1626): uid=1000(system) RenderThread identical 297 lines
12-13 22:42:03.841 E/OpenGLRenderer( 1626): GL error:  GL_INVALID_OPERATION
12-13 22:42:03.841 I/PBSessionCacheImpl( 2124): Deleted sessionId[1115590800994] from persistence.
12-13 22:42:03.841 E/OpenGLRenderer( 1626): GL error:  GL_INVALID_OPERATION
12-13 22:42:03.886 I/chatty  ( 1626): uid=1000(system) RenderThread identical 190 lines
12-13 22:42:03.889 E/OpenGLRenderer( 1626): GL error:  GL_INVALID_OPERATION
12-13 22:42:03.889 W/SearchService( 2124): Abort, client detached.
12-13 22:42:03.889 E/OpenGLRenderer( 1626): GL error:  GL_INVALID_OPERATION
12-13 22:42:03.905 I/chatty  ( 1626): uid=1000(system) RenderThread identical 70 lines
12-13 22:42:03.905 E/OpenGLRenderer( 1626): GL error:  GL_INVALID_OPERATION
12-13 22:42:03.908 I/zygote  ( 4504): Do full code cache collection, code=125KB, data=74KB
12-13 22:42:03.908 I/zygote  ( 4504): After code cache collection, code=112KB, data=47KB
12-13 22:42:03.911 E/OpenGLRenderer( 1626): GL error:  GL_INVALID_OPERATION
12-13 22:42:04.238 I/chatty  ( 1626): uid=1000(system) RenderThread identical 1414 lines
12-13 22:42:04.238 E/OpenGLRenderer( 1626): GL error:  GL_INVALID_OPERATION
12-13 22:42:04.238 I/zygote  ( 4504): Do partial code cache collection, code=118KB, data=53KB
12-13 22:42:04.238 E/OpenGLRenderer( 1626): GL error:  GL_INVALID_OPERATION
12-13 22:42:04.238 I/zygote  ( 4504): After code cache collection, code=118KB, data=53KB
12-13 22:42:04.238 E/OpenGLRenderer( 1626): GL error:  GL_INVALID_OPERATION
12-13 22:42:04.238 I/zygote  ( 4504): Increasing code cache capacity to 512KB
12-13 22:42:04.239 E/OpenGLRenderer( 1626): GL error:  GL_INVALID_OPERATION
12-13 22:42:04.253 I/chatty  ( 1626): uid=1000(system) RenderThread identical 37 lines
12-13 22:42:04.253 E/OpenGLRenderer( 1626): GL error:  GL_INVALID_OPERATION
12-13 22:42:04.254 W/audio_hw_generic( 1390): Not supplying enough data to HAL, expected position 599120 , only wrote 599040
12-13 22:42:04.256 E/OpenGLRenderer( 1626): GL error:  GL_INVALID_OPERATION
12-13 22:42:04.258 W/ActivityManager( 1626): Bad activity token: android.os.BinderProxy@1399d6
12-13 22:42:04.258 W/ActivityManager( 1626): java.lang.ClassCastException: android.os.BinderProxy cannot be cast to com.android.server.am.ActivityRecord$Token
12-13 22:42:04.258 W/ActivityManager( 1626): 	at com.android.server.am.ActivityRecord.forTokenLocked(ActivityRecord.java:778)
12-13 22:42:04.258 W/ActivityManager( 1626): 	at com.android.server.am.ActivityRecord.isInStackLocked(ActivityRecord.java:2085)
12-13 22:42:04.258 W/ActivityManager( 1626): 	at com.android.server.am.ActivityRecord.getStackLocked(ActivityRecord.java:2090)
12-13 22:42:04.258 W/ActivityManager( 1626): 	at com.android.server.am.ActivityManagerService.getActivityDisplayId(ActivityManagerService.java:10406)
12-13 22:42:04.258 W/ActivityManager( 1626): 	at android.app.IActivityManager$Stub.onTransact(IActivityManager.java:2738)
12-13 22:42:04.258 W/ActivityManager( 1626): 	at com.android.server.am.ActivityManagerService.onTransact(ActivityManagerService.java:2935)
12-13 22:42:04.258 W/ActivityManager( 1626): 	at android.os.Binder.execTransact(Binder.java:674)
12-13 22:42:04.259 I/chatty  ( 1626): uid=1000(system) RenderThread identical 6 lines
12-13 22:42:04.259 E/OpenGLRenderer( 1626): GL error:  GL_INVALID_OPERATION
12-13 22:42:04.260 I/calabash( 4504): newActivity1
12-13 22:42:04.260 E/OpenGLRenderer( 1626): GL error:  GL_INVALID_OPERATION
12-13 22:42:04.280 W/ActivityManager( 1626): Bad activity token: android.os.BinderProxy@1399d6
12-13 22:42:04.280 W/ActivityManager( 1626): java.lang.ClassCastException: android.os.BinderProxy cannot be cast to com.android.server.am.ActivityRecord$Token
12-13 22:42:04.280 W/ActivityManager( 1626): 	at com.android.server.am.ActivityRecord.forTokenLocked(ActivityRecord.java:778)
12-13 22:42:04.280 W/ActivityManager( 1626): 	at com.android.server.am.ActivityRecord.isInStackLocked(ActivityRecord.java:2085)
12-13 22:42:04.280 W/ActivityManager( 1626): 	at com.android.server.am.ActivityManagerService.setTaskDescription(ActivityManagerService.java:9988)
12-13 22:42:04.280 W/ActivityManager( 1626): 	at android.app.IActivityManager$Stub.onTransact(IActivityManager.java:2824)
12-13 22:42:04.280 W/ActivityManager( 1626): 	at com.android.server.am.ActivityManagerService.onTransact(ActivityManagerService.java:2935)
12-13 22:42:04.280 W/ActivityManager( 1626): 	at android.os.Binder.execTransact(Binder.java:674)
12-13 22:42:04.282 W/ActivityManager( 1626): Bad activity token: android.os.BinderProxy@1399d6
12-13 22:42:04.282 W/ActivityManager( 1626): java.lang.ClassCastException: android.os.BinderProxy cannot be cast to com.android.server.am.ActivityRecord$Token
12-13 22:42:04.282 W/ActivityManager( 1626): 	at com.android.server.am.ActivityRecord.forTokenLocked(ActivityRecord.java:778)
12-13 22:42:04.282 W/ActivityManager( 1626): 	at com.android.server.am.ActivityRecord.isInStackLocked(ActivityRecord.java:2085)
12-13 22:42:04.282 W/ActivityManager( 1626): 	at com.android.server.am.ActivityRecord.getStackLocked(ActivityRecord.java:2090)
12-13 22:42:04.282 W/ActivityManager( 1626): 	at com.android.server.am.ActivityManagerService.getActivityStackId(ActivityManagerService.java:10417)
12-13 22:42:04.282 W/ActivityManager( 1626): 	at android.app.IActivityManager$Stub.onTransact(IActivityManager.java:3548)
12-13 22:42:04.282 W/ActivityManager( 1626): 	at com.android.server.am.ActivityManagerService.onTransact(ActivityManagerService.java:2935)
12-13 22:42:04.282 W/ActivityManager( 1626): 	at android.os.Binder.execTransact(Binder.java:674)
12-13 22:42:04.366 W/ActivityManager( 1626): Bad activity token: android.os.BinderProxy@1399d6
12-13 22:42:04.366 W/ActivityManager( 1626): java.lang.ClassCastException: android.os.BinderProxy cannot be cast to com.android.server.am.ActivityRecord$Token
12-13 22:42:04.366 W/ActivityManager( 1626): 	at com.android.server.am.ActivityRecord.forTokenLocked(ActivityRecord.java:778)
12-13 22:42:04.366 W/ActivityManager( 1626): 	at com.android.server.am.ActivityRecord.isInStackLocked(ActivityRecord.java:2085)
12-13 22:42:04.366 W/ActivityManager( 1626): 	at com.android.server.am.ActivityManagerService.getActivityOptions(ActivityManagerService.java:13302)
12-13 22:42:04.366 W/ActivityManager( 1626): 	at android.app.IActivityManager$Stub.onTransact(IActivityManager.java:2910)
12-13 22:42:04.366 W/ActivityManager( 1626): 	at com.android.server.am.ActivityManagerService.onTransact(ActivityManagerService.java:2935)
12-13 22:42:04.366 W/ActivityManager( 1626): 	at android.os.Binder.execTransact(Binder.java:674)
12-13 22:42:04.366 W/ActivityManager( 1626): Bad activity token: android.os.BinderProxy@1399d6
12-13 22:42:04.366 W/ActivityManager( 1626): java.lang.ClassCastException: android.os.BinderProxy cannot be cast to com.android.server.am.ActivityRecord$Token
12-13 22:42:04.366 W/ActivityManager( 1626): 	at com.android.server.am.ActivityRecord.forTokenLocked(ActivityRecord.java:778)
12-13 22:42:04.366 W/ActivityManager( 1626): 	at com.android.server.am.ActivityRecord.isInStackLocked(ActivityRecord.java:2085)
12-13 22:42:04.366 W/ActivityManager( 1626): 	at com.android.server.am.ActivityManagerService.getActivityOptions(ActivityManagerService.java:13302)
12-13 22:42:04.366 W/ActivityManager( 1626): 	at android.app.IActivityManager$Stub.onTransact(IActivityManager.java:2910)
12-13 22:42:04.366 W/ActivityManager( 1626): 	at com.android.server.am.ActivityManagerService.onTransact(ActivityManagerService.java:2935)
12-13 22:42:04.366 W/ActivityManager( 1626): 	at android.os.Binder.execTransact(Binder.java:674)
12-13 22:42:04.413 I/chatty  ( 1626): uid=1000(system) RenderThread identical 541 lines
12-13 22:42:04.414 I/zygote  ( 4504): Background concurrent copying GC freed 27072(1212KB) AllocSpace objects, 4(80KB) LOS objects, 50% free, 1803KB/3MB, paused 1.444ms total 156.688ms
12-13 22:42:04.414 E/OpenGLRenderer( 1626): GL error:  GL_INVALID_OPERATION
12-13 22:42:04.415 E/OpenGLRenderer( 1626): GL error:  GL_INVALID_OPERATION
12-13 22:42:04.446 I/chatty  ( 1626): uid=1000(system) RenderThread identical 57 lines
12-13 22:42:04.447 E/OpenGLRenderer( 1626): GL error:  GL_INVALID_OPERATION
12-13 22:42:04.447 D/gralloc_ranchu( 1396): gralloc_alloc: Creating ashmem region of size 7753728
12-13 22:42:04.448 E/OpenGLRenderer( 1626): GL error:  GL_INVALID_OPERATION
12-13 22:42:04.458 I/chatty  ( 1626): uid=1000(system) RenderThread identical 21 lines
12-13 22:42:04.460 E/OpenGLRenderer( 1626): GL error:  GL_INVALID_OPERATION
12-13 22:42:04.460 D/Mileage ( 4504): Not enough fillups to calculate economy
12-13 22:42:04.462 E/OpenGLRenderer( 1626): GL error:  GL_INVALID_OPERATION
12-13 22:42:04.867 I/chatty  ( 1626): uid=1000(system) RenderThread identical 1069 lines
12-13 22:42:04.867 E/OpenGLRenderer( 1626): GL error:  GL_INVALID_OPERATION
12-13 22:42:04.867 E/SurfaceFlinger( 1407): ro.sf.lcd_density must be defined as a build property
12-13 22:42:04.868 E/OpenGLRenderer( 1626): GL error:  GL_INVALID_OPERATION
12-13 22:42:04.885 I/chatty  ( 1626): uid=1000(system) RenderThread identical 66 lines
12-13 22:42:04.885 E/OpenGLRenderer( 1626): GL error:  GL_INVALID_OPERATION
12-13 22:42:04.885 D/gralloc_ranchu( 1396): gralloc_alloc: Creating ashmem region of size 8298496
12-13 22:42:04.885 E/OpenGLRenderer( 1626): GL error:  GL_INVALID_OPERATION
12-13 22:42:04.896 I/chatty  ( 1626): uid=1000(system) RenderThread identical 26 lines
12-13 22:42:04.896 E/OpenGLRenderer( 1626): GL error:  GL_INVALID_OPERATION
12-13 22:42:04.896 D/        ( 4546): HostConnection::get() New Host Connection established 0xb36af800, tid 4546
12-13 22:42:04.896 E/OpenGLRenderer( 1626): GL error:  GL_INVALID_OPERATION
12-13 22:42:05.354 I/chatty  ( 1626): uid=1000(system) RenderThread identical 1099 lines
12-13 22:42:05.354 E/OpenGLRenderer( 1626): GL error:  GL_INVALID_OPERATION
12-13 22:42:05.354 I/System.out( 4504): URI: //gesture
12-13 22:42:05.354 I/System.out( 4504): params: {json={"query_timeout":5.0,"gestures":[{"query_string":"android.widget.TabWidget descendant TextView index:3","touches":[{"x":50,"y":50,"offset_x":0,"offset_y":0,"wait":0.0,"time":0.2,"release":true,"query_string":null}]}]}
12-13 22:42:05.354 I/System.out( 4504): }
12-13 22:42:05.354 E/OpenGLRenderer( 1626): GL error:  GL_INVALID_OPERATION
12-13 22:42:05.832 W/ActivityManager( 1626): Bad activity token: android.os.BinderProxy@fe756ba
12-13 22:42:05.832 W/ActivityManager( 1626): java.lang.ClassCastException: android.os.BinderProxy cannot be cast to com.android.server.am.ActivityRecord$Token
12-13 22:42:05.832 W/ActivityManager( 1626): 	at com.android.server.am.ActivityRecord.forTokenLocked(ActivityRecord.java:778)
12-13 22:42:05.832 W/ActivityManager( 1626): 	at com.android.server.am.ActivityRecord.isInStackLocked(ActivityRecord.java:2085)
12-13 22:42:05.832 W/ActivityManager( 1626): 	at com.android.server.am.ActivityRecord.getStackLocked(ActivityRecord.java:2090)
12-13 22:42:05.832 W/ActivityManager( 1626): 	at com.android.server.am.ActivityManagerService.getActivityDisplayId(ActivityManagerService.java:10406)
12-13 22:42:05.832 W/ActivityManager( 1626): 	at android.app.IActivityManager$Stub.onTransact(IActivityManager.java:2738)
12-13 22:42:05.832 W/ActivityManager( 1626): 	at com.android.server.am.ActivityManagerService.onTransact(ActivityManagerService.java:2935)
12-13 22:42:05.832 W/ActivityManager( 1626): 	at android.os.Binder.execTransact(Binder.java:674)
12-13 22:42:05.833 I/chatty  ( 1626): uid=1000(system) RenderThread identical 1658 lines
12-13 22:42:05.833 E/OpenGLRenderer( 1626): GL error:  GL_INVALID_OPERATION
12-13 22:42:05.833 I/calabash( 4504): newActivity1
12-13 22:42:05.833 E/OpenGLRenderer( 1626): GL error:  GL_INVALID_OPERATION
12-13 22:42:05.836 W/ActivityManager( 1626): Bad activity token: android.os.BinderProxy@fe756ba
12-13 22:42:05.836 W/ActivityManager( 1626): java.lang.ClassCastException: android.os.BinderProxy cannot be cast to com.android.server.am.ActivityRecord$Token
12-13 22:42:05.836 W/ActivityManager( 1626): 	at com.android.server.am.ActivityRecord.forTokenLocked(ActivityRecord.java:778)
12-13 22:42:05.836 W/ActivityManager( 1626): 	at com.android.server.am.ActivityRecord.isInStackLocked(ActivityRecord.java:2085)
12-13 22:42:05.836 W/ActivityManager( 1626): 	at com.android.server.am.ActivityManagerService.setTaskDescription(ActivityManagerService.java:9988)
12-13 22:42:05.836 W/ActivityManager( 1626): 	at android.app.IActivityManager$Stub.onTransact(IActivityManager.java:2824)
12-13 22:42:05.836 W/ActivityManager( 1626): 	at com.android.server.am.ActivityManagerService.onTransact(ActivityManagerService.java:2935)
12-13 22:42:05.836 W/ActivityManager( 1626): 	at android.os.Binder.execTransact(Binder.java:674)
12-13 22:42:05.838 W/ActivityManager( 1626): Bad activity token: android.os.BinderProxy@fe756ba
12-13 22:42:05.838 W/ActivityManager( 1626): java.lang.ClassCastException: android.os.BinderProxy cannot be cast to com.android.server.am.ActivityRecord$Token
12-13 22:42:05.838 W/ActivityManager( 1626): 	at com.android.server.am.ActivityRecord.forTokenLocked(ActivityRecord.java:778)
12-13 22:42:05.838 W/ActivityManager( 1626): 	at com.android.server.am.ActivityRecord.isInStackLocked(ActivityRecord.java:2085)
12-13 22:42:05.838 W/ActivityManager( 1626): 	at com.android.server.am.ActivityRecord.getStackLocked(ActivityRecord.java:2090)
12-13 22:42:05.838 W/ActivityManager( 1626): 	at com.android.server.am.ActivityManagerService.getActivityStackId(ActivityManagerService.java:10417)
12-13 22:42:05.838 W/ActivityManager( 1626): 	at android.app.IActivityManager$Stub.onTransact(IActivityManager.java:3548)
12-13 22:42:05.838 W/ActivityManager( 1626): 	at com.android.server.am.ActivityManagerService.onTransact(ActivityManagerService.java:2935)
12-13 22:42:05.838 W/ActivityManager( 1626): 	at android.os.Binder.execTransact(Binder.java:674)
12-13 22:42:05.843 W/ActivityManager( 1626): Bad activity token: android.os.BinderProxy@fe756ba
12-13 22:42:05.843 W/ActivityManager( 1626): java.lang.ClassCastException: android.os.BinderProxy cannot be cast to com.android.server.am.ActivityRecord$Token
12-13 22:42:05.843 W/ActivityManager( 1626): 	at com.android.server.am.ActivityRecord.forTokenLocked(ActivityRecord.java:778)
12-13 22:42:05.843 W/ActivityManager( 1626): 	at com.android.server.am.ActivityRecord.isInStackLocked(ActivityRecord.java:2085)
12-13 22:42:05.843 W/ActivityManager( 1626): 	at com.android.server.am.ActivityManagerService.getActivityOptions(ActivityManagerService.java:13302)
12-13 22:42:05.843 W/ActivityManager( 1626): 	at android.app.IActivityManager$Stub.onTransact(IActivityManager.java:2910)
12-13 22:42:05.843 W/ActivityManager( 1626): 	at com.android.server.am.ActivityManagerService.onTransact(ActivityManagerService.java:2935)
12-13 22:42:05.843 W/ActivityManager( 1626): 	at android.os.Binder.execTransact(Binder.java:674)
12-13 22:42:05.844 W/ActivityManager( 1626): Bad activity token: android.os.BinderProxy@fe756ba
12-13 22:42:05.844 W/ActivityManager( 1626): java.lang.ClassCastException: android.os.BinderProxy cannot be cast to com.android.server.am.ActivityRecord$Token
12-13 22:42:05.844 W/ActivityManager( 1626): 	at com.android.server.am.ActivityRecord.forTokenLocked(ActivityRecord.java:778)
12-13 22:42:05.844 W/ActivityManager( 1626): 	at com.android.server.am.ActivityRecord.isInStackLocked(ActivityRecord.java:2085)
12-13 22:42:05.844 W/ActivityManager( 1626): 	at com.android.server.am.ActivityManagerService.getActivityOptions(ActivityManagerService.java:13302)
12-13 22:42:05.844 W/ActivityManager( 1626): 	at android.app.IActivityManager$Stub.onTransact(IActivityManager.java:2910)
12-13 22:42:05.844 W/ActivityManager( 1626): 	at com.android.server.am.ActivityManagerService.onTransact(ActivityManagerService.java:2935)
12-13 22:42:05.844 W/ActivityManager( 1626): 	at android.os.Binder.execTransact(Binder.java:674)
12-13 22:42:05.962 E/TaskPersister( 1626): File error accessing recents directory (directory doesn't exist?).
12-13 22:42:06.141 I/chatty  ( 1626): uid=1000(system) RenderThread identical 1245 lines
12-13 22:42:06.141 E/OpenGLRenderer( 1626): GL error:  GL_INVALID_OPERATION
12-13 22:42:06.142 E/SurfaceFlinger( 1407): ro.sf.lcd_density must be defined as a build property
12-13 22:42:06.142 E/OpenGLRenderer( 1626): GL error:  GL_INVALID_OPERATION
12-13 22:42:06.156 I/chatty  ( 1626): uid=1000(system) RenderThread identical 69 lines
12-13 22:42:06.157 E/OpenGLRenderer( 1626): GL error:  GL_INVALID_OPERATION
12-13 22:42:06.157 D/gralloc_ranchu( 1396): gralloc_alloc: Creating ashmem region of size 8298496
12-13 22:42:06.157 E/OpenGLRenderer( 1626): GL error:  GL_INVALID_OPERATION
12-13 22:42:06.167 I/chatty  ( 1626): uid=1000(system) RenderThread identical 19 lines
12-13 22:42:06.167 E/OpenGLRenderer( 1626): GL error:  GL_INVALID_OPERATION
12-13 22:42:06.167 D/        ( 4552): HostConnection::get() New Host Connection established 0xb012f800, tid 4552
12-13 22:42:06.168 E/OpenGLRenderer( 1626): GL error:  GL_INVALID_OPERATION
12-13 22:42:06.779 I/chatty  ( 1626): uid=1000(system) RenderThread identical 1725 lines
12-13 22:42:06.780 E/OpenGLRenderer( 1626): GL error:  GL_INVALID_OPERATION
12-13 22:42:06.780 I/System.out( 4504): URI: //gesture
12-13 22:42:06.780 E/OpenGLRenderer( 1626): GL error:  GL_INVALID_OPERATION
12-13 22:42:06.780 I/System.out( 4504): params: {json={"query_timeout":5.0,"gestures":[{"query_string":"android.widget.TabWidget descendant TextView index:2","touches":[{"x":50,"y":50,"offset_x":0,"offset_y":0,"wait":0.0,"time":0.2,"release":true,"query_string":null}]}]}
12-13 22:42:06.780 E/OpenGLRenderer( 1626): GL error:  GL_INVALID_OPERATION
12-13 22:42:06.780 E/OpenGLRenderer( 1626): GL error:  GL_INVALID_OPERATION
12-13 22:42:06.780 I/System.out( 4504): }
12-13 22:42:06.780 E/OpenGLRenderer( 1626): GL error:  GL_INVALID_OPERATION
12-13 22:42:06.877 I/chatty  ( 1626): uid=1000(system) RenderThread identical 443 lines
12-13 22:42:06.877 E/OpenGLRenderer( 1626): GL error:  GL_INVALID_OPERATION
12-13 22:42:06.937 W/audio_hw_generic( 1390): Not supplying enough data to HAL, expected position 727797 , only wrote 726480
12-13 22:42:06.937 W/audio_hw_generic( 1390): Not supplying enough data to HAL, expected position 726491 , only wrote 726480
12-13 22:42:06.938 E/OpenGLRenderer( 1626): GL error:  GL_INVALID_OPERATION
12-13 22:42:06.951 I/chatty  ( 1626): uid=1000(system) RenderThread identical 53 lines
12-13 22:42:06.952 E/OpenGLRenderer( 1626): GL error:  GL_INVALID_OPERATION
12-13 22:42:06.952 W/audio_hw_generic( 1390): Not supplying enough data to HAL, expected position 727225 , only wrote 727200
12-13 22:42:06.953 E/OpenGLRenderer( 1626): GL error:  GL_INVALID_OPERATION
12-13 22:42:07.214 W/ActivityManager( 1626): Bad activity token: android.os.BinderProxy@1d2629d
12-13 22:42:07.214 W/ActivityManager( 1626): java.lang.ClassCastException: android.os.BinderProxy cannot be cast to com.android.server.am.ActivityRecord$Token
12-13 22:42:07.214 W/ActivityManager( 1626): 	at com.android.server.am.ActivityRecord.forTokenLocked(ActivityRecord.java:778)
12-13 22:42:07.214 W/ActivityManager( 1626): 	at com.android.server.am.ActivityRecord.isInStackLocked(ActivityRecord.java:2085)
12-13 22:42:07.214 W/ActivityManager( 1626): 	at com.android.server.am.ActivityRecord.getStackLocked(ActivityRecord.java:2090)
12-13 22:42:07.214 W/ActivityManager( 1626): 	at com.android.server.am.ActivityManagerService.getActivityDisplayId(ActivityManagerService.java:10406)
12-13 22:42:07.214 W/ActivityManager( 1626): 	at android.app.IActivityManager$Stub.onTransact(IActivityManager.java:2738)
12-13 22:42:07.214 W/ActivityManager( 1626): 	at com.android.server.am.ActivityManagerService.onTransact(ActivityManagerService.java:2935)
12-13 22:42:07.214 W/ActivityManager( 1626): 	at android.os.Binder.execTransact(Binder.java:674)
12-13 22:42:07.216 I/chatty  ( 1626): uid=1000(system) RenderThread identical 806 lines
12-13 22:42:07.216 E/OpenGLRenderer( 1626): GL error:  GL_INVALID_OPERATION
12-13 22:42:07.216 I/calabash( 4504): newActivity1
12-13 22:42:07.216 E/OpenGLRenderer( 1626): GL error:  GL_INVALID_OPERATION
12-13 22:42:07.405 W/ActivityManager( 1626): Bad activity token: android.os.BinderProxy@1d2629d
12-13 22:42:07.405 W/ActivityManager( 1626): java.lang.ClassCastException: android.os.BinderProxy cannot be cast to com.android.server.am.ActivityRecord$Token
12-13 22:42:07.405 W/ActivityManager( 1626): 	at com.android.server.am.ActivityRecord.forTokenLocked(ActivityRecord.java:778)
