--------- beginning of system
12-13 22:37:24.495 I/ActivityManager( 1629): Killing 3449:com.google.android.apps.docs/u0a52 (adj 906): empty #17
--------- beginning of main
12-13 22:37:24.499 V/StatusBar( 1732): setLightsOn(true)
12-13 22:37:24.503 E/memtrack( 1629): Couldn't load memtrack module
12-13 22:37:24.503 W/android.os.Debug( 1629): failed to get memory consumption info: -1
12-13 22:37:24.505 W/ActivityManager( 1629): Finishing task with all activities already finished
12-13 22:37:24.505 W/ActivityManager( 1629): Duplicate finish request for ActivityRecord{d2a5f2e u0 com.evancharlton.mileage/.Mileage t197 f}
12-13 22:37:24.506 V/StatusBar( 1732): setLightsOn(true)
12-13 22:37:24.507 W/ActivityManager( 1629): Finishing task with all activities already finished
12-13 22:37:24.507 W/ActivityManager( 1629): Duplicate finish request for ActivityRecord{d2a5f2e u0 com.evancharlton.mileage/.Mileage t197 f}
12-13 22:37:24.507 W/ActivityManager( 1629): Finishing task with all activities already finished
12-13 22:37:24.508 W/ActivityManager( 1629): Duplicate finish request for ActivityRecord{d2a5f2e u0 com.evancharlton.mileage/.Mileage t197 f}
12-13 22:37:24.508 W/ActivityManager( 1629): Finishing task with all activities already finished
12-13 22:37:24.508 W/ActivityManager( 1629): Duplicate finish request for ActivityRecord{d2a5f2e u0 com.evancharlton.mileage/.Mileage t197 f}
12-13 22:37:24.509 W/ActivityManager( 1629): Finishing task with all activities already finished
12-13 22:37:24.509 W/ActivityManager( 1629): Duplicate finish request for ActivityRecord{d2a5f2e u0 com.evancharlton.mileage/.Mileage t197 f}
12-13 22:37:24.510 W/ActivityManager( 1629): Finishing task with all activities already finished
12-13 22:37:24.510 W/ActivityManager( 1629): Duplicate finish request for ActivityRecord{d2a5f2e u0 com.evancharlton.mileage/.Mileage t197 f}
12-13 22:37:24.510 V/StatusBar( 1732): setLightsOn(true)
12-13 22:37:24.511 W/ActivityManager( 1629): Finishing task with all activities already finished
12-13 22:37:24.511 W/ActivityManager( 1629): Duplicate finish request for ActivityRecord{d2a5f2e u0 com.evancharlton.mileage/.Mileage t197 f}
12-13 22:37:24.512 W/ActivityManager( 1629): Finishing task with all activities already finished
12-13 22:37:24.512 W/ActivityManager( 1629): Duplicate finish request for ActivityRecord{d2a5f2e u0 com.evancharlton.mileage/.Mileage t197 f}
12-13 22:37:24.513 D/gralloc_ranchu( 1396): gralloc_alloc: Creating ashmem region of size 8298496
12-13 22:37:24.517 V/StatusBar( 1732): setLightsOn(true)
12-13 22:37:24.525 W/ActivityManager( 1629): Finishing task with all activities already finished
12-13 22:37:24.525 W/ActivityManager( 1629): Duplicate finish request for ActivityRecord{d2a5f2e u0 com.evancharlton.mileage/.Mileage t197 f}
12-13 22:37:24.527 D/gralloc_ranchu( 1396): gralloc_alloc: Creating ashmem region of size 8298496
12-13 22:37:24.531 W/ActivityManager( 1629): Finishing task with all activities already finished
12-13 22:37:24.531 W/ActivityManager( 1629): Duplicate finish request for ActivityRecord{d2a5f2e u0 com.evancharlton.mileage/.Mileage t197 f}
12-13 22:37:24.566 I/zygote  ( 2186): Do full code cache collection, code=125KB, data=84KB
12-13 22:37:24.566 I/zygote  ( 2186): After code cache collection, code=117KB, data=70KB
12-13 22:37:24.612 D/gralloc_ranchu( 1396): gralloc_alloc: Creating ashmem region of size 8298496
12-13 22:37:24.614 D/SurfaceFlinger( 1407): duplicate layer name: changing com.google.android.apps.nexuslauncher/com.google.android.apps.nexuslauncher.NexusLauncherActivity to com.google.android.apps.nexuslauncher/com.google.android.apps.nexuslauncher.NexusLauncherActivity#1
12-13 22:37:24.624 D/gralloc_ranchu( 1396): gralloc_alloc: Creating ashmem region of size 8298496
12-13 22:37:24.720 W/audio_hw_generic( 1390): Not supplying enough data to HAL, expected position 839850 , only wrote 599760
12-13 22:37:24.730 D/EGL_emulation( 1732): eglMakeCurrent: 0x87cd11c0: ver 3 0 (tinfo 0x98be5a20)
12-13 22:37:24.732 D/gralloc_ranchu( 1396): gralloc_alloc: Creating ashmem region of size 8298496
12-13 22:37:24.812 I/chatty  ( 1396): uid=1000(system) allocator@2.0-s identical 1 line
12-13 22:37:24.886 D/gralloc_ranchu( 1396): gralloc_alloc: Creating ashmem region of size 8298496
12-13 22:37:24.963 I/NetworkScheduler.Stats( 1936): Task com.google.android.gms/com.google.android.gms.icing.service.IcingGcmTaskService started execution. cause:4 exec_start_elapsed_seconds: 79 [CONTEXT service_id=218 ]
12-13 22:37:25.001 D/EGL_emulation( 2227): eglMakeCurrent: 0x9b685a20: ver 3 0 (tinfo 0x9b683830)
12-13 22:37:25.025 D/EGL_emulation( 2186): eglMakeCurrent: 0x98dc77a0: ver 3 0 (tinfo 0x98f7f850)
12-13 22:37:25.029 D/gralloc_ranchu( 1396): gralloc_alloc: Creating ashmem region of size 8298496
12-13 22:37:25.141 D/gralloc_ranchu( 1396): gralloc_alloc: Creating ashmem region of size 7753728
12-13 22:37:25.154 W/ActivityManager( 1629): Unable to start service Intent { act=com.google.android.gms.speech.service.START pkg=com.google.android.gms } U=0: not found
12-13 22:37:25.155 W/ActivityManager( 1629): Unbind failed: could not find connection for android.os.BinderProxy@1102b86
12-13 22:37:25.159 E/GmsClient( 2227): unable to connect to service: com.google.android.gms.speech.service.START on com.google.android.gms
12-13 22:37:25.160 W/SessionLifecycleManager( 2227): Handover failed. Creating new session controller.
12-13 22:37:25.165 I/OptInState( 2227): There is a new client and it does not support opt-in. Dropping request.
12-13 22:37:25.180 I/EventLogSendingHelper( 2227): Sending log events.
12-13 22:37:25.198 D/EGL_emulation( 2186): eglMakeCurrent: 0x98dc77a0: ver 3 0 (tinfo 0x98f7f850)
12-13 22:37:25.202 D/gralloc_ranchu( 1396): gralloc_alloc: Creating ashmem region of size 8298496
12-13 22:37:25.226 E/WifiVendorHal( 1629): getTxPktFates(l.1941) failed {.code = ERROR_NOT_SUPPORTED, .description = }
12-13 22:37:25.230 E/WifiVendorHal( 1629): getRxPktFates(l.1981) failed {.code = ERROR_NOT_SUPPORTED, .description = }
12-13 22:37:25.242 I/MicroDetectionWorker( 2227): #updateMicroDetector [detectionMode: [mDetectionMode: [1]]]
12-13 22:37:25.243 I/MicroDetectionWorker( 2227): #startMicroDetector [speakerMode: 0]
12-13 22:37:25.247 D/EGL_emulation( 1732): eglMakeCurrent: 0x87cd11c0: ver 3 0 (tinfo 0x98be5a20)
12-13 22:37:25.253 I/AudioController( 2227): Using mInputStreamFactoryBuilder
12-13 22:37:25.284 D/EGL_emulation( 1732): eglMakeCurrent: 0x87cd11c0: ver 3 0 (tinfo 0x98be5a20)
12-13 22:37:25.300 I/MicroRecognitionRunner( 2227): Starting detection.
12-13 22:37:25.302 I/MicrophoneInputStream( 2227): mic_starting com.google.android.apps.gsa.staticplugins.aa.c@34ac719
12-13 22:37:25.318 D/EGL_emulation( 1732): eglMakeCurrent: 0x87cd11c0: ver 3 0 (tinfo 0x98be5a20)
12-13 22:37:25.318 D/EGL_emulation( 2186): eglMakeCurrent: 0x98dc77a0: ver 3 0 (tinfo 0x98f7f850)
12-13 22:37:25.320 I/zygote  ( 1732): NativeAllocBackground concurrent copying GC freed 11909(775KB) AllocSpace objects, 0(0B) LOS objects, 49% free, 4MB/9MB, paused 6.399ms total 122.805ms
12-13 22:37:25.330 I/NetworkScheduler.Stats( 1936): Task com.google.android.gms/com.google.android.gms.ads.social.GcmSchedulerWakeupService started execution. cause:4 exec_start_elapsed_seconds: 79 [CONTEXT service_id=218 ]
12-13 22:37:25.332 I/AudioFlinger( 1476): AudioFlinger's thread 0xb2703f00 tid=4481 ready to run
12-13 22:37:25.339 I/MicrophoneInputStream( 2227): mic_started com.google.android.apps.gsa.staticplugins.aa.c@34ac719
12-13 22:37:25.340 I/MicroDetectionWorker( 2227): onReady
12-13 22:37:25.342 E/ActivityThread( 2227): Failed to find provider info for com.google.android.apps.gsa.testing.ui.audio.recorded
12-13 22:37:25.343 I/MicroDetectionWorker( 2227): onReady
12-13 22:37:25.343 W/SpeechLevelGenerator( 2227): Really low audio levels detected. The audio input may have issues.
12-13 22:37:25.345 I/MicrophoneInputStream( 2227): mic_close com.google.android.apps.gsa.staticplugins.aa.c@34ac719
12-13 22:37:25.347 I/MicroRecognitionRunner( 2227): Detection finished
12-13 22:37:25.365 D/gralloc_ranchu( 1396): gralloc_alloc: Creating ashmem region of size 8298496
12-13 22:37:25.414 W/ErrorReporter( 2227): reportError [type: 211, code: 524300]: Error reading from input stream
12-13 22:37:25.416 I/MicroRecognitionRunner( 2227): Stopping hotword detection.
12-13 22:37:25.417 W/ErrorProcessor( 2227): onFatalError, processing error from engine(4)
12-13 22:37:25.417 W/ErrorProcessor( 2227): com.google.android.apps.gsa.shared.speech.b.g: Error reading from input stream
12-13 22:37:25.417 W/ErrorProcessor( 2227): 	at com.google.android.apps.gsa.staticplugins.recognizer.j.a.a(SourceFile:28)
12-13 22:37:25.417 W/ErrorProcessor( 2227): 	at com.google.android.apps.gsa.staticplugins.recognizer.j.b.run(SourceFile:15)
12-13 22:37:25.417 W/ErrorProcessor( 2227): 	at java.util.concurrent.Executors$RunnableAdapter.call(Executors.java:457)
12-13 22:37:25.417 W/ErrorProcessor( 2227): 	at java.util.concurrent.FutureTask.run(FutureTask.java:266)
12-13 22:37:25.417 W/ErrorProcessor( 2227): 	at com.google.android.apps.gsa.shared.util.concurrent.a.ax.run(SourceFile:14)
12-13 22:37:25.417 W/ErrorProcessor( 2227): 	at com.google.android.apps.gsa.shared.util.concurrent.a.bl.run(SourceFile:4)
12-13 22:37:25.417 W/ErrorProcessor( 2227): 	at com.google.android.apps.gsa.shared.util.concurrent.a.bl.run(SourceFile:4)
12-13 22:37:25.417 W/ErrorProcessor( 2227): 	at java.util.concurrent.ThreadPoolExecutor.runWorker(ThreadPoolExecutor.java:1162)
12-13 22:37:25.417 W/ErrorProcessor( 2227): 	at java.util.concurrent.ThreadPoolExecutor$Worker.run(ThreadPoolExecutor.java:636)
12-13 22:37:25.417 W/ErrorProcessor( 2227): 	at java.lang.Thread.run(Thread.java:764)
12-13 22:37:25.417 W/ErrorProcessor( 2227): 	at com.google.android.apps.gsa.shared.util.concurrent.a.ai.run(SourceFile:6)
12-13 22:37:25.417 W/ErrorProcessor( 2227): Caused by: com.google.android.apps.gsa.shared.exception.GsaIOException: Error code: 393238 | Buffer overflow, no available space.
12-13 22:37:25.417 W/ErrorProcessor( 2227): 	at com.google.android.apps.gsa.speech.audio.Tee.f(SourceFile:103)
12-13 22:37:25.417 W/ErrorProcessor( 2227): 	at com.google.android.apps.gsa.speech.audio.au.read(SourceFile:2)
12-13 22:37:25.417 W/ErrorProcessor( 2227): 	at java.io.InputStream.read(InputStream.java:101)
12-13 22:37:25.417 W/ErrorProcessor( 2227): 	at com.google.android.apps.gsa.speech.audio.ao.run(SourceFile:18)
12-13 22:37:25.417 W/ErrorProcessor( 2227): 	at com.google.android.apps.gsa.speech.audio.an.run(SourceFile:2)
12-13 22:37:25.417 W/ErrorProcessor( 2227): 	... 9 more
12-13 22:37:25.418 I/AudioController( 2227): internalShutdown
12-13 22:37:25.421 I/NetworkScheduler.Stats( 1936): Task com.google.android.gms/com.google.android.gms.icing.service.IcingGcmTaskService finished executing. cause:4 result: 1 elapsed_millis: 614 uptime_millis: 614 exec_start_elapsed_seconds: 79 [CONTEXT service_id=218 ]
12-13 22:37:25.433 I/NetworkScheduler.Stats( 1936): Task com.google.android.gms/com.google.android.gms.ads.social.GcmSchedulerWakeupService finished executing. cause:4 result: 1 elapsed_millis: 317 uptime_millis: 314 exec_start_elapsed_seconds: 79 [CONTEXT service_id=218 ]
12-13 22:37:25.442 I/MicroDetector( 2227): Keeping mic open: false
12-13 22:37:25.442 I/MicroDetectionWorker( 2227): #onError(false)
12-13 22:37:25.442 I/DeviceStateChecker( 2227): DeviceStateChecker cancelled
12-13 22:37:25.488 I/zygote  ( 2227): Background concurrent copying GC freed 5766(429KB) AllocSpace objects, 3(108KB) LOS objects, 50% free, 4MB/8MB, paused 18.134ms total 185.639ms
12-13 22:37:25.501 E/hw-IPCThreadState( 1396): binder thread pool (1 threads) starved for 137 ms
12-13 22:37:25.523 W/OpenGLRenderer( 2186): Incorrectly called buildLayer on View: ShortcutAndWidgetContainer, destroying layer...
12-13 22:37:25.535 D/gralloc_ranchu( 1396): gralloc_alloc: Creating ashmem region of size 8298496
12-13 22:37:25.551 D/EGL_emulation( 1732): eglMakeCurrent: 0x87cd11c0: ver 3 0 (tinfo 0x98be5a20)
12-13 22:37:25.566 I/chatty  ( 1732): uid=10028(u0_a28) RenderThread identical 1 line
12-13 22:37:25.580 D/EGL_emulation( 1732): eglMakeCurrent: 0x87cd11c0: ver 3 0 (tinfo 0x98be5a20)
12-13 22:37:25.580 I/zygote  ( 2227): Do full code cache collection, code=503KB, data=354KB
12-13 22:37:25.584 I/zygote  ( 2227): After code cache collection, code=493KB, data=309KB
12-13 22:37:25.629 I/OpenGLRenderer( 1629): Initialized EGL, version 1.4
12-13 22:37:25.629 D/OpenGLRenderer( 1629): Swap behavior 1
12-13 22:37:25.630 W/OpenGLRenderer( 1629): Failed to choose config with EGL_SWAP_BEHAVIOR_PRESERVED, retrying without...
12-13 22:37:25.630 D/OpenGLRenderer( 1629): Swap behavior 0
12-13 22:37:25.636 D/EGL_emulation( 1629): eglCreateContext: 0x98a7eee0: maj 3 min 0 rcv 3
12-13 22:37:25.638 D/EGL_emulation( 1629): eglMakeCurrent: 0x98a7eee0: ver 3 0 (tinfo 0x7df49000)
12-13 22:37:25.639 E/eglCodecCommon( 1629): glUtilsParamSize: unknow param 0x00008cdf
12-13 22:37:25.639 E/eglCodecCommon( 1629): glUtilsParamSize: unknow param 0x00008cdf
12-13 22:37:25.639 E/eglCodecCommon( 1629): glUtilsParamSize: unknow param 0x00008824
12-13 22:37:25.639 E/eglCodecCommon( 1629): glUtilsParamSize: unknow param 0x00008824
12-13 22:37:25.703 D/AndroidRuntime( 4474): >>>>>> START com.android.internal.os.RuntimeInit uid 2000 <<<<<<
12-13 22:37:25.748 W/app_process( 4474): Unexpected CPU variant for X86 using defaults: x86
12-13 22:37:25.763 D/AndroidRuntime( 4474): Calling main entry com.android.commands.am.Am
12-13 22:37:25.765 I/ActivityManager( 1629): Force stopping com.evancharlton.mileage appid=10118 user=0: start instr
12-13 22:37:25.765 I/ActivityManager( 1629): Killing 4393:com.evancharlton.mileage/u0a118 (adj 0): stop com.evancharlton.mileage
12-13 22:37:25.765 W/ActivityManager( 1629): Crash of app com.evancharlton.mileage running instrumentation ComponentInfo{com.evancharlton.mileage.test/sh.calaba.instrumentationbackend.CalabashInstrumentationTestRunner}
12-13 22:37:25.765 I/ActivityManager( 1629): Force stopping com.evancharlton.mileage appid=10118 user=0: finished inst
12-13 22:37:25.778 I/zygote  ( 4494): Not late-enabling -Xcheck:jni (already on)
12-13 22:37:25.781 I/ActivityManager( 1629): Start proc 4494:com.evancharlton.mileage/u0a118 for added application com.evancharlton.mileage
12-13 22:37:25.782 D/AndroidRuntime( 4474): Shutting down VM
12-13 22:37:25.784 W/ActivityManager( 1629): setHasOverlayUi called on unknown pid: 4393
12-13 22:37:25.796 W/zygote  ( 4494): Unexpected CPU variant for X86 using defaults: x86
12-13 22:37:25.805 E/adbd    ( 1372): failed to connect to socket 'tcp:7102': Connection refused
12-13 22:37:25.812 E/adbd    ( 1372): failed to connect to socket 'tcp:7102': Connection refused
12-13 22:37:25.822 W/zygote  ( 4494): Found duplicate classes, falling back to extracting from APK : /data/app/com.evancharlton.mileage.test-nEb3YTU2DIw2sDeoF2Wwww==/base.apk
12-13 22:37:25.822 W/zygote  ( 4494): NOTE: This wastes RAM and hurts startup performance.
12-13 22:37:25.822 W/zygote  ( 4494): Found duplicated class when checking oat files: 'Ljunit/runner/BaseTestRunner;' in /data/app/com.evancharlton.mileage.test-nEb3YTU2DIw2sDeoF2Wwww==/base.apk and /system/framework/android.test.runner.jar
12-13 22:37:25.822 W/zygote  ( 4494): 
12-13 22:37:25.856 W/System  ( 4494): ClassLoader referenced unknown path: 
12-13 22:37:25.869 I/System.out( 4494): Main activity name automatically set to: com.evancharlton.mileage.Mileage
12-13 22:37:25.872 I/System.out( 4494): Calabash did not load Mono. This is only a problem if you are trying to test a Mono application
12-13 22:37:25.872 I/calabash( 4494): Test server port: 7102
12-13 22:37:25.873 I/InstrumentationBackend( 4494): Added:'GetPreferences', with key:'get_preferences'
12-13 22:37:25.930 E/adbd    ( 1372): failed to connect to socket 'tcp:7102': Connection refused
12-13 22:37:25.937 E/adbd    ( 1372): failed to connect to socket 'tcp:7102': Connection refused
12-13 22:37:25.945 I/InstrumentationBackend( 4494): Added:'SetPreferences', with key:'set_preferences'
12-13 22:37:25.945 I/InstrumentationBackend( 4494): Added:'ClearPreferences', with key:'clear_preferences'
12-13 22:37:25.945 I/InstrumentationBackend( 4494): Added:'PressElement', with key:'press_l10n_element'
12-13 22:37:25.946 I/InstrumentationBackend( 4494): Added:'WaitForElement', with key:'wait_for_l10n_element'
12-13 22:37:25.947 I/InstrumentationBackend( 4494): Added:'NullAction', with key:'nullAction'
12-13 22:37:25.947 I/InstrumentationBackend( 4494): Added:'PressKey', with key:'press_key'
12-13 22:37:25.948 I/InstrumentationBackend( 4494): Added:'SetActivityOrientation', with key:'set_activity_orientation'
12-13 22:37:25.948 I/InstrumentationBackend( 4494): Added:'GetActivityOrientation', with key:'get_activity_orientation'
12-13 22:37:25.949 I/InstrumentationBackend( 4494): Added:'FakeGPSLocation', with key:'set_gps_coordinates'
12-13 22:37:25.949 I/InstrumentationBackend( 4494): Added:'SetPropertyByCssSelector', with key:'set_property_by_css_selector'
12-13 22:37:25.953 I/InstrumentationBackend( 4494): Added:'GetUrl', with key:'get_url'
12-13 22:37:25.955 I/InstrumentationBackend( 4494): Added:'ScrollTo', with key:'scroll_to'
12-13 22:37:25.956 I/InstrumentationBackend( 4494): Added:'GetLoadProgress', with key:'get_load_progress'
12-13 22:37:25.956 I/InstrumentationBackend( 4494): Added:'DumpHtml', with key:'dump_html'
12-13 22:37:25.956 I/InstrumentationBackend( 4494): Added:'DumpBodyHtml', with key:'dump_body_html'
12-13 22:37:25.956 I/InstrumentationBackend( 4494): Added:'EnterTextByCssSelector', with key:'enter_text_by_selector'
12-13 22:37:25.965 I/InstrumentationBackend( 4494): Added:'AndroidSDKVersion', with key:'android_sdk_version'
12-13 22:37:25.965 I/InstrumentationBackend( 4494): Added:'Version', with key:'version'
12-13 22:37:25.966 I/InstrumentationBackend( 4494): Added:'Drag', with key:'drag'
12-13 22:37:25.966 I/InstrumentationBackend( 4494): Added:'TouchCoordinates', with key:'touch_coordinate'
12-13 22:37:25.966 I/InstrumentationBackend( 4494): Added:'LongPressCoordinate', with key:'long_press_coordinate'
12-13 22:37:25.967 I/InstrumentationBackend( 4494): Added:'DragCoordinates', with key:'drag_coordinates'
12-13 22:37:25.967 I/InstrumentationBackend( 4494): Added:'ResumeApplication', with key:'resume_application'
12-13 22:37:25.968 I/InstrumentationBackend( 4494): Added:'Swipe', with key:'swipe'
12-13 22:37:25.968 I/InstrumentationBackend( 4494): Added:'DoubleTapCoordinate', with key:'double_tap_coordinate'
12-13 22:37:25.968 I/InstrumentationBackend( 4494): Added:'ClickOnScreen', with key:'click_on_screen'
12-13 22:37:25.969 I/InstrumentationBackend( 4494): Added:'GetActivityName', with key:'get_activity_name'
12-13 22:37:25.970 I/InstrumentationBackend( 4494): Added:'ScrollToView', with key:'scroll_to_view'
12-13 22:37:25.970 I/InstrumentationBackend( 4494): Added:'ViewConfiguration', with key:'view_configuration'
12-13 22:37:25.971 I/InstrumentationBackend( 4494): Added:'IsCurrentActivityFocused', with key:'is_current_activity_focused'
12-13 22:37:25.971 I/InstrumentationBackend( 4494): Added:'SendTcp', with key:'send_tcp'
12-13 22:37:25.972 I/InstrumentationBackend( 4494): Added:'DpToDevicePixel', with key:'dp_to_device_pixel'
12-13 22:37:25.973 I/InstrumentationBackend( 4494): Added:'KeyboardEnterText', with key:'keyboard_enter_text'
12-13 22:37:25.973 I/InstrumentationBackend( 4494): Added:'DeleteSurroundingText', with key:'delete_surrounding_text'
12-13 22:37:25.974 I/InstrumentationBackend( 4494): Added:'SetComposingRegion', with key:'set_composing_region'
12-13 22:37:25.974 I/InstrumentationBackend( 4494): Added:'SetSelection', with key:'set_selection'
12-13 22:37:25.974 I/InstrumentationBackend( 4494): Added:'KeyboardKeyEvent', with key:'keyboard_key_event'
12-13 22:37:25.975 I/InstrumentationBackend( 4494): Added:'PressUserActionButton', with key:'press_user_action_button'
12-13 22:37:25.977 I/InstrumentationBackend( 4494): Added:'HideSoftKeyboard', with key:'hide_soft_keyboard'
12-13 22:37:25.979 I/InstrumentationBackend( 4494): Added:'ListActions', with key:'list_actions'
12-13 22:37:25.979 I/calabash( 4494): Instantiating http server at 7102
12-13 22:37:25.980 I/System.out( 4494): HTTP Daemon listening on: 7102
12-13 22:37:26.057 I/System.out( 4494): URI: //ping
12-13 22:37:26.058 I/System.out( 4494): params: {json={}
12-13 22:37:26.058 I/System.out( 4494): }
12-13 22:37:26.088 I/System.out( 4494): URI: //ping
12-13 22:37:26.088 I/System.out( 4494): params: {json={}
12-13 22:37:26.088 I/System.out( 4494): }
12-13 22:37:26.101 I/System.out( 4494): URI: //ready
12-13 22:37:26.101 I/System.out( 4494): params: {json={}
12-13 22:37:26.101 I/System.out( 4494): }
12-13 22:37:26.116 I/System.out( 4494): URI: //
12-13 22:37:26.116 I/System.out( 4494): params: {json={"command":"version","arguments":[]}
12-13 22:37:26.116 I/System.out( 4494): }
12-13 22:37:26.116 I/System.out( 4494): header: {content-type=application/json;charset=utf-8, date=Mon, 14 Dec 2020 03:37:26 GMT, accept=*/*, host=127.0.0.1:34777, content-length=36, user-agent=HTTPClient/1.0 (2.8.3, ruby 2.5.8 (2020-03-31))}
12-13 22:37:26.116 I/System.out( 4494): params: {json={"command":"version","arguments":[]}
12-13 22:37:26.116 I/System.out( 4494): }
12-13 22:37:26.116 I/System.out( 4494): ProP json = {"command":"version","arguments":[]}
12-13 22:37:26.116 I/System.out( 4494): files: {}
12-13 22:37:26.116 I/System.out( 4494): command: {"command":"version","arguments":[]}
12-13 22:37:26.146 I/InstrumentationBackend( 4494): Got command:'Command:'Line:null,version', arguments:'[]'
12-13 22:37:26.177 I/System.out( 4494): result:{"bonusInformation":[],"message":"0.9.8","success":true}
12-13 22:37:26.185 I/System.out( 4494): URI: //start-application
12-13 22:37:26.185 I/System.out( 4494): params: {json={"intent":null}
12-13 22:37:26.185 I/System.out( 4494): }
12-13 22:37:26.223 I/ActivityManager( 1629): START u0 {act=android.intent.action.MAIN cat=[android.intent.category.LAUNCHER] flg=0x10200000 cmp=com.evancharlton.mileage/.Mileage} from uid 10118
12-13 22:37:26.237 I/calabash( 4494): newActivity1
12-13 22:37:26.261 W/ActivityManager( 1629): Bad activity token: android.os.BinderProxy@f5ecdd3
12-13 22:37:26.261 W/ActivityManager( 1629): java.lang.ClassCastException: android.os.BinderProxy cannot be cast to com.android.server.am.ActivityRecord$Token
12-13 22:37:26.261 W/ActivityManager( 1629): 	at com.android.server.am.ActivityRecord.forTokenLocked(ActivityRecord.java:778)
12-13 22:37:26.261 W/ActivityManager( 1629): 	at com.android.server.am.ActivityRecord.isInStackLocked(ActivityRecord.java:2085)
12-13 22:37:26.261 W/ActivityManager( 1629): 	at com.android.server.am.ActivityRecord.getStackLocked(ActivityRecord.java:2090)
12-13 22:37:26.261 W/ActivityManager( 1629): 	at com.android.server.am.ActivityManagerService.getActivityDisplayId(ActivityManagerService.java:10406)
12-13 22:37:26.261 W/ActivityManager( 1629): 	at android.app.IActivityManager$Stub.onTransact(IActivityManager.java:2738)
12-13 22:37:26.261 W/ActivityManager( 1629): 	at com.android.server.am.ActivityManagerService.onTransact(ActivityManagerService.java:2935)
12-13 22:37:26.261 W/ActivityManager( 1629): 	at android.os.Binder.execTransact(Binder.java:674)
12-13 22:37:26.263 I/calabash( 4494): newActivity1
12-13 22:37:26.265 D/gralloc_ranchu( 1396): gralloc_alloc: Creating ashmem region of size 7753728
12-13 22:37:26.269 W/ActivityManager( 1629): Bad activity token: android.os.BinderProxy@f5ecdd3
12-13 22:37:26.269 W/ActivityManager( 1629): java.lang.ClassCastException: android.os.BinderProxy cannot be cast to com.android.server.am.ActivityRecord$Token
12-13 22:37:26.269 W/ActivityManager( 1629): 	at com.android.server.am.ActivityRecord.forTokenLocked(ActivityRecord.java:778)
12-13 22:37:26.269 W/ActivityManager( 1629): 	at com.android.server.am.ActivityRecord.isInStackLocked(ActivityRecord.java:2085)
12-13 22:37:26.269 W/ActivityManager( 1629): 	at com.android.server.am.ActivityManagerService.setTaskDescription(ActivityManagerService.java:9988)
12-13 22:37:26.269 W/ActivityManager( 1629): 	at android.app.IActivityManager$Stub.onTransact(IActivityManager.java:2824)
12-13 22:37:26.269 W/ActivityManager( 1629): 	at com.android.server.am.ActivityManagerService.onTransact(ActivityManagerService.java:2935)
12-13 22:37:26.269 W/ActivityManager( 1629): 	at android.os.Binder.execTransact(Binder.java:674)
12-13 22:37:26.270 W/ActivityManager( 1629): Bad activity token: android.os.BinderProxy@f5ecdd3
12-13 22:37:26.270 W/ActivityManager( 1629): java.lang.ClassCastException: android.os.BinderProxy cannot be cast to com.android.server.am.ActivityRecord$Token
12-13 22:37:26.270 W/ActivityManager( 1629): 	at com.android.server.am.ActivityRecord.forTokenLocked(ActivityRecord.java:778)
12-13 22:37:26.270 W/ActivityManager( 1629): 	at com.android.server.am.ActivityRecord.isInStackLocked(ActivityRecord.java:2085)
12-13 22:37:26.270 W/ActivityManager( 1629): 	at com.android.server.am.ActivityRecord.getStackLocked(ActivityRecord.java:2090)
12-13 22:37:26.270 W/ActivityManager( 1629): 	at com.android.server.am.ActivityManagerService.getActivityStackId(ActivityManagerService.java:10417)
12-13 22:37:26.270 W/ActivityManager( 1629): 	at android.app.IActivityManager$Stub.onTransact(IActivityManager.java:3548)
12-13 22:37:26.270 W/ActivityManager( 1629): 	at com.android.server.am.ActivityManagerService.onTransact(ActivityManagerService.java:2935)
12-13 22:37:26.270 W/ActivityManager( 1629): 	at android.os.Binder.execTransact(Binder.java:674)
12-13 22:37:26.324 D/EGL_emulation( 2227): eglMakeCurrent: 0x9b685a20: ver 3 0 (tinfo 0x9b683830)
12-13 22:37:26.326 D/EGL_emulation( 2186): eglMakeCurrent: 0x98dc77a0: ver 3 0 (tinfo 0x98f7f850)
12-13 22:37:26.346 D/EGL_emulation( 1732): eglMakeCurrent: 0x87cd11c0: ver 3 0 (tinfo 0x98be5a20)
12-13 22:37:26.350 D/EGL_emulation( 1732): eglMakeCurrent: 0x87cd11c0: ver 3 0 (tinfo 0x98be5a20)
12-13 22:37:26.353 V/StatusBar( 1732): setLightsOn(true)
12-13 22:37:26.357 D/EGL_emulation( 1732): eglMakeCurrent: 0x87cd11c0: ver 3 0 (tinfo 0x98be5a20)
12-13 22:37:26.364 E/ContentStoreEUAS( 2227): Failed to commit the deferred actions
12-13 22:37:26.369 W/ActivityManager( 1629): Bad activity token: android.os.BinderProxy@f5ecdd3
12-13 22:37:26.369 W/ActivityManager( 1629): java.lang.ClassCastException: android.os.BinderProxy cannot be cast to com.android.server.am.ActivityRecord$Token
12-13 22:37:26.369 W/ActivityManager( 1629): 	at com.android.server.am.ActivityRecord.forTokenLocked(ActivityRecord.java:778)
12-13 22:37:26.369 W/ActivityManager( 1629): 	at com.android.server.am.ActivityRecord.isInStackLocked(ActivityRecord.java:2085)
12-13 22:37:26.369 W/ActivityManager( 1629): 	at com.android.server.am.ActivityManagerService.getActivityOptions(ActivityManagerService.java:13302)
12-13 22:37:26.369 W/ActivityManager( 1629): 	at android.app.IActivityManager$Stub.onTransact(IActivityManager.java:2910)
12-13 22:37:26.369 W/ActivityManager( 1629): 	at com.android.server.am.ActivityManagerService.onTransact(ActivityManagerService.java:2935)
12-13 22:37:26.369 W/ActivityManager( 1629): 	at android.os.Binder.execTransact(Binder.java:674)
12-13 22:37:26.370 W/ActivityManager( 1629): Bad activity token: android.os.BinderProxy@f5ecdd3
12-13 22:37:26.370 W/ActivityManager( 1629): java.lang.ClassCastException: android.os.BinderProxy cannot be cast to com.android.server.am.ActivityRecord$Token
12-13 22:37:26.370 W/ActivityManager( 1629): 	at com.android.server.am.ActivityRecord.forTokenLocked(ActivityRecord.java:778)
12-13 22:37:26.370 W/ActivityManager( 1629): 	at com.android.server.am.ActivityRecord.isInStackLocked(ActivityRecord.java:2085)
12-13 22:37:26.370 W/ActivityManager( 1629): 	at com.android.server.am.ActivityManagerService.getActivityOptions(ActivityManagerService.java:13302)
12-13 22:37:26.370 W/ActivityManager( 1629): 	at android.app.IActivityManager$Stub.onTransact(IActivityManager.java:2910)
12-13 22:37:26.370 W/ActivityManager( 1629): 	at com.android.server.am.ActivityManagerService.onTransact(ActivityManagerService.java:2935)
12-13 22:37:26.370 W/ActivityManager( 1629): 	at android.os.Binder.execTransact(Binder.java:674)
12-13 22:37:26.374 D/EGL_emulation( 1732): eglMakeCurrent: 0x87cd11c0: ver 3 0 (tinfo 0x98be5a20)
12-13 22:37:26.380 I/chatty  ( 1732): uid=10028(u0_a28) RenderThread identical 1 line
12-13 22:37:26.390 D/EGL_emulation( 1732): eglMakeCurrent: 0x87cd11c0: ver 3 0 (tinfo 0x98be5a20)
12-13 22:37:26.392 V/StatusBar( 1732): setLightsOn(true)
12-13 22:37:26.395 D/EGL_emulation( 1732): eglMakeCurrent: 0x87cd11c0: ver 3 0 (tinfo 0x98be5a20)
12-13 22:37:26.524 I/chatty  ( 1732): uid=10028(u0_a28) RenderThread identical 14 lines
12-13 22:37:26.529 D/EGL_emulation( 1732): eglMakeCurrent: 0x87cd11c0: ver 3 0 (tinfo 0x98be5a20)
12-13 22:37:26.531 V/StatusBar( 1732): setLightsOn(true)
12-13 22:37:26.540 D/EGL_emulation( 1732): eglMakeCurrent: 0x87cd11c0: ver 3 0 (tinfo 0x98be5a20)
12-13 22:37:26.589 V/StatusBar( 1732): setLightsOn(true)
12-13 22:37:26.594 I/chatty  ( 1732): uid=10028(u0_a28) com.android.systemui identical 1 line
12-13 22:37:26.595 V/StatusBar( 1732): setLightsOn(true)
12-13 22:37:26.607 I/zygote  ( 4494): Do partial code cache collection, code=27KB, data=30KB
12-13 22:37:26.608 I/zygote  ( 4494): After code cache collection, code=27KB, data=30KB
12-13 22:37:26.608 I/zygote  ( 4494): Increasing code cache capacity to 128KB
12-13 22:37:26.609 I/zygote  ( 4494): Do partial code cache collection, code=27KB, data=48KB
12-13 22:37:26.611 I/zygote  ( 4494): After code cache collection, code=27KB, data=48KB
12-13 22:37:26.611 I/zygote  ( 4494): Increasing code cache capacity to 256KB
12-13 22:37:26.612 I/zygote  ( 4494): JIT allocated 71KB for compiled code of void android.widget.TextView.<init>(android.content.Context, android.util.AttributeSet, int, int)
12-13 22:37:26.612 I/zygote  ( 4494): Compiler allocated 4MB to compile void android.widget.TextView.<init>(android.content.Context, android.util.AttributeSet, int, int)
12-13 22:37:26.646 D/gralloc_ranchu( 1396): gralloc_alloc: Creating ashmem region of size 7753728
12-13 22:37:26.688 D/        ( 4494): HostConnection::get() New Host Connection established 0x98ab0cc0, tid 4494
12-13 22:37:26.733 V/StatusBar( 1732): setLightsOn(true)
12-13 22:37:26.745 I/chatty  ( 1732): uid=10028(u0_a28) com.android.systemui identical 1 line
12-13 22:37:26.746 V/StatusBar( 1732): setLightsOn(true)
12-13 22:37:26.749 I/ActivityManager( 1629): Displayed com.evancharlton.mileage/.Mileage: +516ms
12-13 22:37:26.753 V/StatusBar( 1732): setLightsOn(true)
12-13 22:37:26.753 V/StatusBar( 1732): setLightsOn(true)
12-13 22:37:26.779 D/gralloc_ranchu( 1396): gralloc_alloc: Creating ashmem region of size 7753728
12-13 22:37:26.928 I/System.out( 4494): URI: //gesture
12-13 22:37:26.928 I/System.out( 4494): params: {json={"query_timeout":5.0,"gestures":[{"query_string":"android.widget.TabWidget descendant TextView index:1","touches":[{"x":50,"y":50,"offset_x":0,"offset_y":0,"wait":0.0,"time":0.2,"release":true,"query_string":null}]}]}
12-13 22:37:26.928 I/System.out( 4494): }
12-13 22:37:26.936 V/StatusBar( 1732): setLightsOn(true)
12-13 22:37:26.965 V/StatusBar( 1732): setLightsOn(true)
12-13 22:37:27.008 I/zygote  ( 4494): Do full code cache collection, code=124KB, data=74KB
12-13 22:37:27.008 I/zygote  ( 4494): After code cache collection, code=113KB, data=48KB
12-13 22:37:27.044 V/StatusBar( 1732): setLightsOn(true)
12-13 22:37:27.055 I/chatty  ( 1732): uid=10028(u0_a28) com.android.systemui identical 1 line
12-13 22:37:27.075 V/StatusBar( 1732): setLightsOn(true)
12-13 22:37:27.099 W/SurfaceFlinger( 1407): couldn't log to binary event log: overflow.
12-13 22:37:27.169 I/PBSessionCacheImpl( 2227): Deleted sessionId[978151844756] from persistence.
12-13 22:37:27.195 W/SearchService( 2227): Abort, client detached.
12-13 22:37:27.279 W/audio_hw_generic( 1390): Not supplying enough data to HAL, expected position 599935 , only wrote 599760
12-13 22:37:27.283 W/ActivityManager( 1629): Bad activity token: android.os.BinderProxy@dde6835
12-13 22:37:27.283 W/ActivityManager( 1629): java.lang.ClassCastException: android.os.BinderProxy cannot be cast to com.android.server.am.ActivityRecord$Token
12-13 22:37:27.283 W/ActivityManager( 1629): 	at com.android.server.am.ActivityRecord.forTokenLocked(ActivityRecord.java:778)
12-13 22:37:27.283 W/ActivityManager( 1629): 	at com.android.server.am.ActivityRecord.isInStackLocked(ActivityRecord.java:2085)
12-13 22:37:27.283 W/ActivityManager( 1629): 	at com.android.server.am.ActivityRecord.getStackLocked(ActivityRecord.java:2090)
12-13 22:37:27.283 W/ActivityManager( 1629): 	at com.android.server.am.ActivityManagerService.getActivityDisplayId(ActivityManagerService.java:10406)
12-13 22:37:27.283 W/ActivityManager( 1629): 	at android.app.IActivityManager$Stub.onTransact(IActivityManager.java:2738)
12-13 22:37:27.283 W/ActivityManager( 1629): 	at com.android.server.am.ActivityManagerService.onTransact(ActivityManagerService.java:2935)
12-13 22:37:27.283 W/ActivityManager( 1629): 	at android.os.Binder.execTransact(Binder.java:674)
12-13 22:37:27.284 I/calabash( 4494): newActivity1
12-13 22:37:27.288 W/ActivityManager( 1629): Bad activity token: android.os.BinderProxy@dde6835
12-13 22:37:27.288 W/ActivityManager( 1629): java.lang.ClassCastException: android.os.BinderProxy cannot be cast to com.android.server.am.ActivityRecord$Token
12-13 22:37:27.288 W/ActivityManager( 1629): 	at com.android.server.am.ActivityRecord.forTokenLocked(ActivityRecord.java:778)
12-13 22:37:27.288 W/ActivityManager( 1629): 	at com.android.server.am.ActivityRecord.isInStackLocked(ActivityRecord.java:2085)
12-13 22:37:27.288 W/ActivityManager( 1629): 	at com.android.server.am.ActivityManagerService.setTaskDescription(ActivityManagerService.java:9988)
12-13 22:37:27.288 W/ActivityManager( 1629): 	at android.app.IActivityManager$Stub.onTransact(IActivityManager.java:2824)
12-13 22:37:27.288 W/ActivityManager( 1629): 	at com.android.server.am.ActivityManagerService.onTransact(ActivityManagerService.java:2935)
12-13 22:37:27.288 W/ActivityManager( 1629): 	at android.os.Binder.execTransact(Binder.java:674)
12-13 22:37:27.289 W/ActivityManager( 1629): Bad activity token: android.os.BinderProxy@dde6835
12-13 22:37:27.289 W/ActivityManager( 1629): java.lang.ClassCastException: android.os.BinderProxy cannot be cast to com.android.server.am.ActivityRecord$Token
12-13 22:37:27.289 W/ActivityManager( 1629): 	at com.android.server.am.ActivityRecord.forTokenLocked(ActivityRecord.java:778)
12-13 22:37:27.289 W/ActivityManager( 1629): 	at com.android.server.am.ActivityRecord.isInStackLocked(ActivityRecord.java:2085)
12-13 22:37:27.289 W/ActivityManager( 1629): 	at com.android.server.am.ActivityRecord.getStackLocked(ActivityRecord.java:2090)
12-13 22:37:27.289 W/ActivityManager( 1629): 	at com.android.server.am.ActivityManagerService.getActivityStackId(ActivityManagerService.java:10417)
12-13 22:37:27.289 W/ActivityManager( 1629): 	at android.app.IActivityManager$Stub.onTransact(IActivityManager.java:3548)
12-13 22:37:27.289 W/ActivityManager( 1629): 	at com.android.server.am.ActivityManagerService.onTransact(ActivityManagerService.java:2935)
12-13 22:37:27.289 W/ActivityManager( 1629): 	at android.os.Binder.execTransact(Binder.java:674)
12-13 22:37:27.351 W/ActivityManager( 1629): Bad activity token: android.os.BinderProxy@dde6835
12-13 22:37:27.351 W/ActivityManager( 1629): java.lang.ClassCastException: android.os.BinderProxy cannot be cast to com.android.server.am.ActivityRecord$Token
12-13 22:37:27.351 W/ActivityManager( 1629): 	at com.android.server.am.ActivityRecord.forTokenLocked(ActivityRecord.java:778)
12-13 22:37:27.351 W/ActivityManager( 1629): 	at com.android.server.am.ActivityRecord.isInStackLocked(ActivityRecord.java:2085)
12-13 22:37:27.351 W/ActivityManager( 1629): 	at com.android.server.am.ActivityManagerService.getActivityOptions(ActivityManagerService.java:13302)
12-13 22:37:27.351 W/ActivityManager( 1629): 	at android.app.IActivityManager$Stub.onTransact(IActivityManager.java:2910)
12-13 22:37:27.351 W/ActivityManager( 1629): 	at com.android.server.am.ActivityManagerService.onTransact(ActivityManagerService.java:2935)
12-13 22:37:27.351 W/ActivityManager( 1629): 	at android.os.Binder.execTransact(Binder.java:674)
12-13 22:37:27.352 W/ActivityManager( 1629): Bad activity token: android.os.BinderProxy@dde6835
12-13 22:37:27.352 W/ActivityManager( 1629): java.lang.ClassCastException: android.os.BinderProxy cannot be cast to com.android.server.am.ActivityRecord$Token
12-13 22:37:27.352 W/ActivityManager( 1629): 	at com.android.server.am.ActivityRecord.forTokenLocked(ActivityRecord.java:778)
12-13 22:37:27.352 W/ActivityManager( 1629): 	at com.android.server.am.ActivityRecord.isInStackLocked(ActivityRecord.java:2085)
12-13 22:37:27.352 W/ActivityManager( 1629): 	at com.android.server.am.ActivityManagerService.getActivityOptions(ActivityManagerService.java:13302)
12-13 22:37:27.352 W/ActivityManager( 1629): 	at android.app.IActivityManager$Stub.onTransact(IActivityManager.java:2910)
12-13 22:37:27.352 W/ActivityManager( 1629): 	at com.android.server.am.ActivityManagerService.onTransact(ActivityManagerService.java:2935)
12-13 22:37:27.352 W/ActivityManager( 1629): 	at android.os.Binder.execTransact(Binder.java:674)
12-13 22:37:27.408 I/zygote  ( 4494): Do partial code cache collection, code=121KB, data=64KB
12-13 22:37:27.408 I/zygote  ( 4494): After code cache collection, code=121KB, data=64KB
12-13 22:37:27.408 I/zygote  ( 4494): Increasing code cache capacity to 512KB
12-13 22:37:27.414 D/gralloc_ranchu( 1396): gralloc_alloc: Creating ashmem region of size 7753728
12-13 22:37:27.419 D/Mileage ( 4494): Not enough fillups to calculate economy
12-13 22:37:27.577 E/SurfaceFlinger( 1407): ro.sf.lcd_density must be defined as a build property
12-13 22:37:27.586 D/gralloc_ranchu( 1396): gralloc_alloc: Creating ashmem region of size 8298496
12-13 22:37:27.596 D/        ( 4536): HostConnection::get() New Host Connection established 0xb48af800, tid 4536
12-13 22:37:27.993 I/System.out( 4494): URI: //gesture
12-13 22:37:27.993 I/System.out( 4494): params: {json={"query_timeout":5.0,"gestures":[{"query_string":"android.widget.TabWidget descendant TextView index:3","touches":[{"x":50,"y":50,"offset_x":0,"offset_y":0,"wait":0.0,"time":0.2,"release":true,"query_string":null}]}]}
12-13 22:37:27.993 I/System.out( 4494): }
12-13 22:37:28.060 I/Finsky  ( 2526): [115] nmi.run(36): Stats for Executor: BlockingExecutor non@8721317[Running, pool size = 2, active threads = 0, queued tasks = 0, completed tasks = 17]
12-13 22:37:28.061 I/Finsky  ( 2526): [115] nmi.run(36): Stats for Executor: LightweightExecutor non@52d5304[Running, pool size = 2, active threads = 0, queued tasks = 0, completed tasks = 71]
12-13 22:37:28.276 W/ActivityManager( 1629): Bad activity token: android.os.BinderProxy@f57a6e9
12-13 22:37:28.276 W/ActivityManager( 1629): java.lang.ClassCastException: android.os.BinderProxy cannot be cast to com.android.server.am.ActivityRecord$Token
12-13 22:37:28.276 W/ActivityManager( 1629): 	at com.android.server.am.ActivityRecord.forTokenLocked(ActivityRecord.java:778)
12-13 22:37:28.276 W/ActivityManager( 1629): 	at com.android.server.am.ActivityRecord.isInStackLocked(ActivityRecord.java:2085)
12-13 22:37:28.276 W/ActivityManager( 1629): 	at com.android.server.am.ActivityRecord.getStackLocked(ActivityRecord.java:2090)
12-13 22:37:28.276 W/ActivityManager( 1629): 	at com.android.server.am.ActivityManagerService.getActivityDisplayId(ActivityManagerService.java:10406)
12-13 22:37:28.276 W/ActivityManager( 1629): 	at android.app.IActivityManager$Stub.onTransact(IActivityManager.java:2738)
12-13 22:37:28.276 W/ActivityManager( 1629): 	at com.android.server.am.ActivityManagerService.onTransact(ActivityManagerService.java:2935)
12-13 22:37:28.276 W/ActivityManager( 1629): 	at android.os.Binder.execTransact(Binder.java:674)
12-13 22:37:28.278 I/calabash( 4494): newActivity1
12-13 22:37:28.284 W/ActivityManager( 1629): Bad activity token: android.os.BinderProxy@f57a6e9
12-13 22:37:28.284 W/ActivityManager( 1629): java.lang.ClassCastException: android.os.BinderProxy cannot be cast to com.android.server.am.ActivityRecord$Token
12-13 22:37:28.284 W/ActivityManager( 1629): 	at com.android.server.am.ActivityRecord.forTokenLocked(ActivityRecord.java:778)
12-13 22:37:28.284 W/ActivityManager( 1629): 	at com.android.server.am.ActivityRecord.isInStackLocked(ActivityRecord.java:2085)
12-13 22:37:28.284 W/ActivityManager( 1629): 	at com.android.server.am.ActivityManagerService.setTaskDescription(ActivityManagerService.java:9988)
12-13 22:37:28.284 W/ActivityManager( 1629): 	at android.app.IActivityManager$Stub.onTransact(IActivityManager.java:2824)
12-13 22:37:28.284 W/ActivityManager( 1629): 	at com.android.server.am.ActivityManagerService.onTransact(ActivityManagerService.java:2935)
12-13 22:37:28.284 W/ActivityManager( 1629): 	at android.os.Binder.execTransact(Binder.java:674)
12-13 22:37:28.285 W/ActivityManager( 1629): Bad activity token: android.os.BinderProxy@f57a6e9
12-13 22:37:28.285 W/ActivityManager( 1629): java.lang.ClassCastException: android.os.BinderProxy cannot be cast to com.android.server.am.ActivityRecord$Token
12-13 22:37:28.285 W/ActivityManager( 1629): 	at com.android.server.am.ActivityRecord.forTokenLocked(ActivityRecord.java:778)
12-13 22:37:28.285 W/ActivityManager( 1629): 	at com.android.server.am.ActivityRecord.isInStackLocked(ActivityRecord.java:2085)
12-13 22:37:28.285 W/ActivityManager( 1629): 	at com.android.server.am.ActivityRecord.getStackLocked(ActivityRecord.java:2090)
12-13 22:37:28.285 W/ActivityManager( 1629): 	at com.android.server.am.ActivityManagerService.getActivityStackId(ActivityManagerService.java:10417)
12-13 22:37:28.285 W/ActivityManager( 1629): 	at android.app.IActivityManager$Stub.onTransact(IActivityManager.java:3548)
12-13 22:37:28.285 W/ActivityManager( 1629): 	at com.android.server.am.ActivityManagerService.onTransact(ActivityManagerService.java:2935)
12-13 22:37:28.285 W/ActivityManager( 1629): 	at android.os.Binder.execTransact(Binder.java:674)
12-13 22:37:28.291 W/ActivityManager( 1629): Bad activity token: android.os.BinderProxy@f57a6e9
12-13 22:37:28.291 W/ActivityManager( 1629): java.lang.ClassCastException: android.os.BinderProxy cannot be cast to com.android.server.am.ActivityRecord$Token
12-13 22:37:28.291 W/ActivityManager( 1629): 	at com.android.server.am.ActivityRecord.forTokenLocked(ActivityRecord.java:778)
12-13 22:37:28.291 W/ActivityManager( 1629): 	at com.android.server.am.ActivityRecord.isInStackLocked(ActivityRecord.java:2085)
12-13 22:37:28.291 W/ActivityManager( 1629): 	at com.android.server.am.ActivityManagerService.getActivityOptions(ActivityManagerService.java:13302)
12-13 22:37:28.291 W/ActivityManager( 1629): 	at android.app.IActivityManager$Stub.onTransact(IActivityManager.java:2910)
12-13 22:37:28.291 W/ActivityManager( 1629): 	at com.android.server.am.ActivityManagerService.onTransact(ActivityManagerService.java:2935)
12-13 22:37:28.291 W/ActivityManager( 1629): 	at android.os.Binder.execTransact(Binder.java:674)
12-13 22:37:28.292 W/ActivityManager( 1629): Bad activity token: android.os.BinderProxy@f57a6e9
12-13 22:37:28.292 W/ActivityManager( 1629): java.lang.ClassCastException: android.os.BinderProxy cannot be cast to com.android.server.am.ActivityRecord$Token
12-13 22:37:28.292 W/ActivityManager( 1629): 	at com.android.server.am.ActivityRecord.forTokenLocked(ActivityRecord.java:778)
12-13 22:37:28.292 W/ActivityManager( 1629): 	at com.android.server.am.ActivityRecord.isInStackLocked(ActivityRecord.java:2085)
12-13 22:37:28.292 W/ActivityManager( 1629): 	at com.android.server.am.ActivityManagerService.getActivityOptions(ActivityManagerService.java:13302)
12-13 22:37:28.292 W/ActivityManager( 1629): 	at android.app.IActivityManager$Stub.onTransact(IActivityManager.java:2910)
12-13 22:37:28.292 W/ActivityManager( 1629): 	at com.android.server.am.ActivityManagerService.onTransact(ActivityManagerService.java:2935)
12-13 22:37:28.292 W/ActivityManager( 1629): 	at android.os.Binder.execTransact(Binder.java:674)
12-13 22:37:28.494 E/SurfaceFlinger( 1407): ro.sf.lcd_density must be defined as a build property
12-13 22:37:28.503 D/gralloc_ranchu( 1396): gralloc_alloc: Creating ashmem region of size 8298496
12-13 22:37:28.512 D/        ( 4542): HostConnection::get() New Host Connection established 0xab8af800, tid 4542
12-13 22:37:28.619 I/Finsky  ( 2526): [115] nmi.run(36): Stats for Executor: bgExecutor non@cafc0ed[Running, pool size = 4, active threads = 0, queued tasks = 0, completed tasks = 76]
12-13 22:37:28.799 I/System.out( 4494): URI: //gesture
12-13 22:37:28.799 I/System.out( 4494): params: {json={"query_timeout":5.0,"gestures":[{"query_string":"android.widget.TabWidget descendant TextView index:2","touches":[{"x":50,"y":50,"offset_x":0,"offset_y":0,"wait":0.0,"time":0.2,"release":true,"query_string":null}]}]}
12-13 22:37:28.799 I/System.out( 4494): }
12-13 22:37:28.877 E/memtrack( 1629): Couldn't load memtrack module
12-13 22:37:28.877 W/android.os.Debug( 1629): failed to get memory consumption info: -1
12-13 22:37:29.052 W/ActivityManager( 1629): Bad activity token: android.os.BinderProxy@1fce46
12-13 22:37:29.052 W/ActivityManager( 1629): java.lang.ClassCastException: android.os.BinderProxy cannot be cast to com.android.server.am.ActivityRecord$Token
12-13 22:37:29.052 W/ActivityManager( 1629): 	at com.android.server.am.ActivityRecord.forTokenLocked(ActivityRecord.java:778)
12-13 22:37:29.052 W/ActivityManager( 1629): 	at com.android.server.am.ActivityRecord.isInStackLocked(ActivityRecord.java:2085)
12-13 22:37:29.052 W/ActivityManager( 1629): 	at com.android.server.am.ActivityRecord.getStackLocked(ActivityRecord.java:2090)
12-13 22:37:29.052 W/ActivityManager( 1629): 	at com.android.server.am.ActivityManagerService.getActivityDisplayId(ActivityManagerService.java:10406)
12-13 22:37:29.052 W/ActivityManager( 1629): 	at android.app.IActivityManager$Stub.onTransact(IActivityManager.java:2738)
12-13 22:37:29.052 W/ActivityManager( 1629): 	at com.android.server.am.ActivityManagerService.onTransact(ActivityManagerService.java:2935)
12-13 22:37:29.052 W/ActivityManager( 1629): 	at android.os.Binder.execTransact(Binder.java:674)
12-13 22:37:29.053 I/calabash( 4494): newActivity1
12-13 22:37:29.147 W/ActivityManager( 1629): Bad activity token: android.os.BinderProxy@1fce46
12-13 22:37:29.147 W/ActivityManager( 1629): java.lang.ClassCastException: android.os.BinderProxy cannot be cast to com.android.server.am.ActivityRecord$Token
12-13 22:37:29.147 W/ActivityManager( 1629): 	at com.android.server.am.ActivityRecord.forTokenLocked(ActivityRecord.java:778)
12-13 22:37:29.147 W/ActivityManager( 1629): 	at com.android.server.am.ActivityRecord.isInStackLocked(ActivityRecord.java:2085)
12-13 22:37:29.147 W/ActivityManager( 1629): 	at com.android.server.am.ActivityManagerService.setTaskDescription(ActivityManagerService.java:9988)
12-13 22:37:29.147 W/ActivityManager( 1629): 	at android.app.IActivityManager$Stub.onTransact(IActivityManager.java:2824)
12-13 22:37:29.147 W/ActivityManager( 1629): 	at com.android.server.am.ActivityManagerService.onTransact(ActivityManagerService.java:2935)
12-13 22:37:29.147 W/ActivityManager( 1629): 	at android.os.Binder.execTransact(Binder.java:674)
12-13 22:37:29.148 W/ActivityManager( 1629): Bad activity token: android.os.BinderProxy@1fce46
12-13 22:37:29.148 W/ActivityManager( 1629): java.lang.ClassCastException: android.os.BinderProxy cannot be cast to com.android.server.am.ActivityRecord$Token
12-13 22:37:29.148 W/ActivityManager( 1629): 	at com.android.server.am.ActivityRecord.forTokenLocked(ActivityRecord.java:778)
12-13 22:37:29.148 W/ActivityManager( 1629): 	at com.android.server.am.ActivityRecord.isInStackLocked(ActivityRecord.java:2085)
12-13 22:37:29.148 W/ActivityManager( 1629): 	at com.android.server.am.ActivityRecord.getStackLocked(ActivityRecord.java:2090)
12-13 22:37:29.148 W/ActivityManager( 1629): 	at com.android.server.am.ActivityManagerService.getActivityStackId(ActivityManagerService.java:10417)
12-13 22:37:29.148 W/ActivityManager( 1629): 	at android.app.IActivityManager$Stub.onTransact(IActivityManager.java:3548)
12-13 22:37:29.148 W/ActivityManager( 1629): 	at com.android.server.am.ActivityManagerService.onTransact(ActivityManagerService.java:2935)
12-13 22:37:29.148 W/ActivityManager( 1629): 	at android.os.Binder.execTransact(Binder.java:674)
12-13 22:37:29.177 D/VehicleStatisticsActivity( 4494): Checking recalculation ...
12-13 22:37:29.180 D/VehicleStatisticsActivity( 4494): Recalculating statistics
12-13 22:37:29.180 D/VehicleStatisticsTask( 4494): Calculation starting...
12-13 22:37:29.181 D/VehicleStatisticsActivity( 4494): Recalculation started!
12-13 22:37:29.187 W/ActivityManager( 1629): Bad activity token: android.os.BinderProxy@1fce46
12-13 22:37:29.187 W/ActivityManager( 1629): java.lang.ClassCastException: android.os.BinderProxy cannot be cast to com.android.server.am.ActivityRecord$Token
12-13 22:37:29.187 W/ActivityManager( 1629): 	at com.android.server.am.ActivityRecord.forTokenLocked(ActivityRecord.java:778)
12-13 22:37:29.187 W/ActivityManager( 1629): 	at com.android.server.am.ActivityRecord.isInStackLocked(ActivityRecord.java:2085)
12-13 22:37:29.187 W/ActivityManager( 1629): 	at com.android.server.am.ActivityManagerService.getActivityOptions(ActivityManagerService.java:13302)
12-13 22:37:29.187 W/ActivityManager( 1629): 	at android.app.IActivityManager$Stub.onTransact(IActivityManager.java:2910)
