--------- beginning of main
12-13 22:43:35.138 I/System.out( 3977): URI: //kill
12-13 22:43:35.138 I/System.out( 3977): params: {json={}
12-13 22:43:35.138 I/System.out( 3977): }
12-13 22:43:35.139 I/System.out( 3977): Stopping test server
12-13 22:43:35.159 E/adbd    ( 1355): failed to connect to socket 'tcp:7102': Connection refused
12-13 22:43:35.174 E/adbd    ( 1355): failed to connect to socket 'tcp:7102': Connection refused
12-13 22:43:35.239 V/StatusBar( 1723): setLightsOn(true)
12-13 22:43:35.242 D/hwcomposer( 1397): hw_composer sent 74 syncs in 61s
12-13 22:43:35.247 V/StatusBar( 1723): setLightsOn(true)
12-13 22:43:35.288 I/chatty  ( 1723): uid=10028(u0_a28) com.android.systemui identical 2 lines
12-13 22:43:35.290 V/StatusBar( 1723): setLightsOn(true)
12-13 22:43:35.302 D/gralloc_ranchu( 1396): gralloc_alloc: Creating ashmem region of size 8298496
12-13 22:43:35.319 D/gralloc_ranchu( 1396): gralloc_alloc: Creating ashmem region of size 8298496
12-13 22:43:35.322 D/SurfaceFlinger( 1412): duplicate layer name: changing com.google.android.apps.nexuslauncher/com.google.android.apps.nexuslauncher.NexusLauncherActivity to com.google.android.apps.nexuslauncher/com.google.android.apps.nexuslauncher.NexusLauncherActivity#1
12-13 22:43:35.343 D/gralloc_ranchu( 1396): gralloc_alloc: Creating ashmem region of size 8298496
12-13 22:43:35.434 D/EGL_emulation( 1723): eglMakeCurrent: 0xa51b3e60: ver 3 0 (tinfo 0xa51e5ad0)
12-13 22:43:35.434 D/gralloc_ranchu( 1396): gralloc_alloc: Creating ashmem region of size 8298496
12-13 22:43:35.521 E/IPCThreadState( 1412): binder thread pool (4 threads) starved for 181 ms
12-13 22:43:35.527 D/gralloc_ranchu( 1396): gralloc_alloc: Creating ashmem region of size 8298496
12-13 22:43:35.543 D/gralloc_ranchu( 1396): gralloc_alloc: Creating ashmem region of size 8298496
12-13 22:43:35.570 D/EGL_emulation( 2109): eglMakeCurrent: 0xa557de00: ver 3 0 (tinfo 0xa557f400)
12-13 22:43:35.637 W/SessionLifecycleManager( 2109): Handover failed. Creating new session controller.
12-13 22:43:35.683 D/EGL_emulation( 2031): eglMakeCurrent: 0xa557ccc0: ver 3 0 (tinfo 0xa557fd10)
12-13 22:43:35.735 D/gralloc_ranchu( 1396): gralloc_alloc: Creating ashmem region of size 7753728
12-13 22:43:35.786 D/EGL_emulation( 1723): eglMakeCurrent: 0xa51b3e60: ver 3 0 (tinfo 0xa51e5ad0)
12-13 22:43:35.797 D/        ( 1723): HostConnection::get() New Host Connection established 0xa7aa3080, tid 1753
12-13 22:43:35.803 I/MicroDetectionWorker( 2109): #updateMicroDetector [detectionMode: [mDetectionMode: [1]]]
12-13 22:43:35.803 I/MicroDetectionWorker( 2109): #startMicroDetector [speakerMode: 0]
12-13 22:43:35.803 I/AudioController( 2109): Using mInputStreamFactoryBuilder
12-13 22:43:35.813 I/MicroDetectionWorker( 2109): onReady
12-13 22:43:35.817 I/MicroRecognitionRunner( 2109): Starting detection.
12-13 22:43:35.818 I/MicrophoneInputStream( 2109): mic_starting com.google.android.apps.gsa.staticplugins.aa.c@cd28df7
12-13 22:43:35.827 I/AudioFlinger( 1476): AudioFlinger's thread 0xb2c83400 tid=4046 ready to run
12-13 22:43:35.835 I/MicrophoneInputStream( 2109): mic_started com.google.android.apps.gsa.staticplugins.aa.c@cd28df7
12-13 22:43:35.838 I/MicroDetectionWorker( 2109): onReady
12-13 22:43:35.848 I/MicrophoneInputStream( 2109): mic_close com.google.android.apps.gsa.staticplugins.aa.c@cd28df7
12-13 22:43:35.856 I/MicroRecognitionRunner( 2109): Detection finished
12-13 22:43:35.856 W/ErrorReporter( 2109): reportError [type: 211, code: 524300]: Error reading from input stream
12-13 22:43:35.857 I/MicroRecognitionRunner( 2109): Stopping hotword detection.
12-13 22:43:35.857 W/ErrorProcessor( 2109): onFatalError, processing error from engine(4)
12-13 22:43:35.857 W/ErrorProcessor( 2109): com.google.android.apps.gsa.shared.speech.b.g: Error reading from input stream
12-13 22:43:35.857 W/ErrorProcessor( 2109): 	at com.google.android.apps.gsa.staticplugins.recognizer.j.a.a(SourceFile:28)
12-13 22:43:35.857 W/ErrorProcessor( 2109): 	at com.google.android.apps.gsa.staticplugins.recognizer.j.b.run(SourceFile:15)
12-13 22:43:35.857 W/ErrorProcessor( 2109): 	at java.util.concurrent.Executors$RunnableAdapter.call(Executors.java:457)
12-13 22:43:35.857 W/ErrorProcessor( 2109): 	at java.util.concurrent.FutureTask.run(FutureTask.java:266)
12-13 22:43:35.857 W/ErrorProcessor( 2109): 	at com.google.android.apps.gsa.shared.util.concurrent.a.ax.run(SourceFile:14)
12-13 22:43:35.857 W/ErrorProcessor( 2109): 	at com.google.android.apps.gsa.shared.util.concurrent.a.bl.run(SourceFile:4)
12-13 22:43:35.857 W/ErrorProcessor( 2109): 	at com.google.android.apps.gsa.shared.util.concurrent.a.bl.run(SourceFile:4)
12-13 22:43:35.857 W/ErrorProcessor( 2109): 	at java.util.concurrent.ThreadPoolExecutor.runWorker(ThreadPoolExecutor.java:1162)
12-13 22:43:35.857 W/ErrorProcessor( 2109): 	at java.util.concurrent.ThreadPoolExecutor$Worker.run(ThreadPoolExecutor.java:636)
12-13 22:43:35.857 W/ErrorProcessor( 2109): 	at java.lang.Thread.run(Thread.java:764)
12-13 22:43:35.857 W/ErrorProcessor( 2109): 	at com.google.android.apps.gsa.shared.util.concurrent.a.ai.run(SourceFile:6)
12-13 22:43:35.857 W/ErrorProcessor( 2109): Caused by: com.google.android.apps.gsa.shared.exception.GsaIOException: Error code: 393238 | Buffer overflow, no available space.
12-13 22:43:35.857 W/ErrorProcessor( 2109): 	at com.google.android.apps.gsa.speech.audio.Tee.f(SourceFile:103)
12-13 22:43:35.857 W/ErrorProcessor( 2109): 	at com.google.android.apps.gsa.speech.audio.au.read(SourceFile:2)
12-13 22:43:35.857 W/ErrorProcessor( 2109): 	at java.io.InputStream.read(InputStream.java:101)
12-13 22:43:35.857 W/ErrorProcessor( 2109): 	at com.google.android.apps.gsa.speech.audio.ao.run(SourceFile:18)
12-13 22:43:35.857 W/ErrorProcessor( 2109): 	at com.google.android.apps.gsa.speech.audio.an.run(SourceFile:2)
12-13 22:43:35.857 W/ErrorProcessor( 2109): 	... 9 more
12-13 22:43:35.857 I/AudioController( 2109): internalShutdown
12-13 22:43:35.862 I/MicroDetector( 2109): Keeping mic open: false
12-13 22:43:35.862 I/MicroDetectionWorker( 2109): #onError(false)
12-13 22:43:35.862 I/DeviceStateChecker( 2109): DeviceStateChecker cancelled
12-13 22:43:35.873 D/EGL_emulation( 1723): eglMakeCurrent: 0xa51b3e60: ver 3 0 (tinfo 0xa51e5ad0)
12-13 22:43:35.886 I/chatty  ( 1723): uid=10028(u0_a28) RenderThread identical 1 line
12-13 22:43:35.890 D/EGL_emulation( 1723): eglMakeCurrent: 0xa51b3e60: ver 3 0 (tinfo 0xa51e5ad0)
12-13 22:43:35.900 I/zygote  ( 1723): NativeAllocBackground concurrent copying GC freed 3263(274KB) AllocSpace objects, 0(0B) LOS objects, 49% free, 4MB/8MB, paused 7.692ms total 57.216ms
12-13 22:43:35.906 D/EGL_emulation( 1723): eglMakeCurrent: 0xa51b3e60: ver 3 0 (tinfo 0xa51e5ad0)
12-13 22:43:35.997 I/chatty  ( 1723): uid=10028(u0_a28) RenderThread identical 9 lines
12-13 22:43:36.000 D/EGL_emulation( 1723): eglMakeCurrent: 0xa51b3e60: ver 3 0 (tinfo 0xa51e5ad0)
12-13 22:43:36.015 D/BoundBrokerSvc( 1940): onUnbind: Intent { act=com.google.android.gms.pseudonymous.service.START cmp=com.google.android.gms/.chimera.PersistentApiService }
12-13 22:43:36.017 D/EGL_emulation( 1723): eglMakeCurrent: 0xa51b3e60: ver 3 0 (tinfo 0xa51e5ad0)
12-13 22:43:36.047 I/chatty  ( 1723): uid=10028(u0_a28) RenderThread identical 4 lines
12-13 22:43:36.053 D/EGL_emulation( 1723): eglMakeCurrent: 0xa51b3e60: ver 3 0 (tinfo 0xa51e5ad0)
12-13 22:43:36.136 W/OpenGLRenderer( 2031): Incorrectly called buildLayer on View: ShortcutAndWidgetContainer, destroying layer...
12-13 22:43:36.360 I/OpenGLRenderer( 1627): Initialized EGL, version 1.4
12-13 22:43:36.360 D/OpenGLRenderer( 1627): Swap behavior 1
12-13 22:43:36.360 W/OpenGLRenderer( 1627): Failed to choose config with EGL_SWAP_BEHAVIOR_PRESERVED, retrying without...
12-13 22:43:36.360 D/OpenGLRenderer( 1627): Swap behavior 0
12-13 22:43:36.368 D/EGL_emulation( 1627): eglCreateContext: 0xa7a2e320: maj 3 min 0 rcv 3
12-13 22:43:36.371 D/EGL_emulation( 1627): eglMakeCurrent: 0xa7a2e320: ver 3 0 (tinfo 0xa52a5460)
12-13 22:43:36.372 E/eglCodecCommon( 1627): glUtilsParamSize: unknow param 0x00008cdf
12-13 22:43:36.373 E/eglCodecCommon( 1627): glUtilsParamSize: unknow param 0x00008cdf
12-13 22:43:36.373 E/eglCodecCommon( 1627): glUtilsParamSize: unknow param 0x00008824
12-13 22:43:36.374 E/eglCodecCommon( 1627): glUtilsParamSize: unknow param 0x00008824
12-13 22:43:36.397 D/        ( 1627): HostConnection::get() New Host Connection established 0x8aa23dc0, tid 1634
12-13 22:43:37.603 W/audio_hw_generic( 1380): Not supplying enough data to HAL, expected position 560469 , only wrote 357840
12-13 22:43:37.842 E/memtrack( 1627): Couldn't load memtrack module
12-13 22:43:37.842 W/android.os.Debug( 1627): failed to get memory consumption info: -1
--------- beginning of system
12-13 22:43:39.058 E/TaskPersister( 1627): File error accessing recents directory (directory doesn't exist?).
12-13 22:43:40.730 E/memtrack( 1627): Couldn't load memtrack module
12-13 22:43:40.730 D/BoundBrokerSvc( 1940): onUnbind: Intent { act=com.google.android.gms.phenotype.service.START cmp=com.google.android.gms/.chimera.PersistentApiService }
12-13 22:43:40.730 W/android.os.Debug( 1627): failed to get memory consumption info: -1
12-13 22:43:40.835 D/BoundBrokerSvc( 1940): onUnbind: Intent { act=com.google.android.gms.tapandpay.service.BIND cmp=com.google.android.gms/.chimera.PersistentApiService }
12-13 22:43:40.871 I/MicroDetectionWorker( 2109): #updateMicroDetector [detectionMode: [mDetectionMode: [1]]]
12-13 22:43:40.871 I/MicroDetectionWorker( 2109): #startMicroDetector [speakerMode: 0]
12-13 22:43:40.872 I/AudioController( 2109): Using mInputStreamFactoryBuilder
12-13 22:43:40.873 I/MicroDetectionWorker( 2109): onReady
12-13 22:43:40.877 I/MicroRecognitionRunner( 2109): Starting detection.
12-13 22:43:40.877 I/MicrophoneInputStream( 2109): mic_starting com.google.android.apps.gsa.staticplugins.aa.c@a3482fb
12-13 22:43:40.880 I/AudioFlinger( 1476): AudioFlinger's thread 0xb2a03340 tid=4051 ready to run
12-13 22:43:40.885 I/MicrophoneInputStream( 2109): mic_started com.google.android.apps.gsa.staticplugins.aa.c@a3482fb
12-13 22:43:40.885 E/ActivityThread( 2109): Failed to find provider info for com.google.android.apps.gsa.testing.ui.audio.recorded
12-13 22:43:40.885 I/MicroDetectionWorker( 2109): onReady
12-13 22:43:40.888 I/MicrophoneInputStream( 2109): mic_close com.google.android.apps.gsa.staticplugins.aa.c@a3482fb
12-13 22:43:40.888 I/MicroRecognitionRunner( 2109): Detection finished
12-13 22:43:40.888 W/ErrorReporter( 2109): reportError [type: 211, code: 524300]: Error reading from input stream
12-13 22:43:40.889 W/ErrorProcessor( 2109): onFatalError, processing error from engine(4)
12-13 22:43:40.889 W/ErrorProcessor( 2109): com.google.android.apps.gsa.shared.speech.b.g: Error reading from input stream
12-13 22:43:40.889 W/ErrorProcessor( 2109): 	at com.google.android.apps.gsa.staticplugins.recognizer.j.a.a(SourceFile:28)
12-13 22:43:40.889 W/ErrorProcessor( 2109): 	at com.google.android.apps.gsa.staticplugins.recognizer.j.b.run(SourceFile:15)
12-13 22:43:40.889 W/ErrorProcessor( 2109): 	at java.util.concurrent.Executors$RunnableAdapter.call(Executors.java:457)
12-13 22:43:40.889 W/ErrorProcessor( 2109): 	at java.util.concurrent.FutureTask.run(FutureTask.java:266)
12-13 22:43:40.889 W/ErrorProcessor( 2109): 	at com.google.android.apps.gsa.shared.util.concurrent.a.ax.run(SourceFile:14)
12-13 22:43:40.889 W/ErrorProcessor( 2109): 	at com.google.android.apps.gsa.shared.util.concurrent.a.bl.run(SourceFile:4)
12-13 22:43:40.889 W/ErrorProcessor( 2109): 	at com.google.android.apps.gsa.shared.util.concurrent.a.bl.run(SourceFile:4)
12-13 22:43:40.889 W/ErrorProcessor( 2109): 	at java.util.concurrent.ThreadPoolExecutor.runWorker(ThreadPoolExecutor.java:1162)
12-13 22:43:40.889 W/ErrorProcessor( 2109): 	at java.util.concurrent.ThreadPoolExecutor$Worker.run(ThreadPoolExecutor.java:636)
12-13 22:43:40.889 W/ErrorProcessor( 2109): 	at java.lang.Thread.run(Thread.java:764)
12-13 22:43:40.889 W/ErrorProcessor( 2109): 	at com.google.android.apps.gsa.shared.util.concurrent.a.ai.run(SourceFile:6)
12-13 22:43:40.889 W/ErrorProcessor( 2109): Caused by: com.google.android.apps.gsa.shared.exception.GsaIOException: Error code: 393238 | Buffer overflow, no available space.
12-13 22:43:40.889 W/ErrorProcessor( 2109): 	at com.google.android.apps.gsa.speech.audio.Tee.f(SourceFile:103)
12-13 22:43:40.889 W/ErrorProcessor( 2109): 	at com.google.android.apps.gsa.speech.audio.au.read(SourceFile:2)
12-13 22:43:40.889 W/ErrorProcessor( 2109): 	at java.io.InputStream.read(InputStream.java:101)
12-13 22:43:40.889 W/ErrorProcessor( 2109): 	at com.google.android.apps.gsa.speech.audio.ao.run(SourceFile:18)
12-13 22:43:40.889 W/ErrorProcessor( 2109): 	at com.google.android.apps.gsa.speech.audio.an.run(SourceFile:2)
12-13 22:43:40.889 W/ErrorProcessor( 2109): 	... 9 more
12-13 22:43:40.889 I/MicroRecognitionRunner( 2109): Stopping hotword detection.
12-13 22:43:40.889 I/AudioController( 2109): internalShutdown
12-13 22:43:40.890 I/MicroDetector( 2109): Keeping mic open: false
12-13 22:43:40.890 I/MicroDetectionWorker( 2109): #onError(false)
12-13 22:43:40.890 I/DeviceStateChecker( 2109): DeviceStateChecker cancelled
12-13 22:43:41.198 I/Finsky  ( 2578): [2] abyu.onStartJob(3): SCH: onJobSchedulerWakeup with jobId 9001
12-13 22:43:41.200 I/Finsky  ( 2578): [2] abtz.a(9): SCH: Scheduling fallback job with id: 9034, and delay: 43200000 ms
12-13 22:43:41.204 I/Finsky  ( 2578): [2] abtz.b(9): SCH: Scheduling fallback in 64799998 (absolute: 64870876)
12-13 22:43:41.208 I/Finsky  ( 2578): [2] abyu.onStartJob(3): SCH: onJobSchedulerWakeup with jobId 9003
12-13 22:43:41.210 I/Finsky  ( 2578): [2] abtz.a(9): SCH: Scheduling fallback job with id: 9034, and delay: 43200000 ms
12-13 22:43:41.212 I/Finsky  ( 2578): [2] abtz.b(9): SCH: Scheduling fallback in 64799999 (absolute: 64870885)
12-13 22:43:41.215 W/Finsky  ( 2578): [2] abyu.onStartJob(10): SCH: onJobSchedulerWakeup while already running
12-13 22:43:41.257 I/Finsky  ( 2578): [2] abui.handleMessage(8): SCH: DeviceState: DeviceState{currentTime=1607917421254, isCharging=false, isIdle=false, netAny=true, netNotRoaming=true, netUnmetered=true, batteryPercent=100.0}
12-13 22:43:41.261 I/Finsky  ( 2578): [125] abwt.b(5): SCH: Jobs in database: 1-1337 2-48879 3-19 12-1 26-1414141414 29-29 
12-13 22:43:41.269 I/Finsky  ( 2578): [2] abuj.b(10): SCH: Running job: 12-1
12-13 22:43:41.270 I/Finsky  ( 2578): [2] ContentSyncJob.r(1): [ContentSync] job started
12-13 22:43:41.271 I/Finsky  ( 2578): [2] abuj.b(10): SCH: Running job: 29-29
12-13 22:43:41.279 I/Finsky  ( 2578): [2] abui.handleMessage(59): SCH: RunningQueue size: 2, PendingQueue size: 0
12-13 22:43:41.279 I/Finsky  ( 2578): [2] abuj.p(3): SCH: Running queue: 12-1 29-29 
12-13 22:43:41.288 I/Finsky  ( 2578): [190] ajmy.a(0): ProcessRecoveryLogsUtil: No files in recovery directory
12-13 22:43:41.289 I/Finsky  ( 2578): [190] abvs.n(4): SCH: jobFinished: 29-29. TimeElapsed: 17ms.
12-13 22:43:41.291 I/Finsky  ( 2578): [2] abuj.e(4): SCH: Job 29-29 finished. Not rescheduling.
12-13 22:43:41.293 I/Finsky  ( 2578): [2] abui.handleMessage(59): SCH: RunningQueue size: 1, PendingQueue size: 0
12-13 22:43:41.293 I/Finsky  ( 2578): [2] abuj.p(3): SCH: Running queue: 12-1 
12-13 22:43:41.311 E/memtrack( 1627): Couldn't load memtrack module
12-13 22:43:41.311 W/android.os.Debug( 1627): failed to get memory consumption info: -1
12-13 22:43:41.617 I/BackgroundDexOptService( 1627): Pinning optimized code {}
12-13 22:43:41.619 E/memtrack( 1627): Couldn't load memtrack module
12-13 22:43:41.619 W/android.os.Debug( 1627): failed to get memory consumption info: -1
12-13 22:43:41.662 I/zygote  ( 2578): Deoptimizing void j$.util.stream.AbstractPipeline.copyInto(j$.util.stream.Sink, j$.util.Spliterator) due to JIT inline cache
12-13 22:43:41.680 D/AndroidRuntime( 4058): >>>>>> START com.android.internal.os.RuntimeInit uid 2000 <<<<<<
12-13 22:43:41.686 D/BoundBrokerSvc( 2148): onUnbind: Intent { act=com.google.android.gms.pay.service.BIND cmp=com.google.android.gms/.chimera.GmsApiService }
12-13 22:43:41.719 I/Finsky  ( 2578): [181] glv.b(1): Completed 0 account content syncs with 0 successful.
12-13 22:43:41.719 I/Finsky  ( 2578): [2] ContentSyncJob.a(1): [ContentSync] Installation state replication succeeded.
12-13 22:43:41.719 I/Finsky  ( 2578): [2] abvs.n(4): SCH: jobFinished: 12-1. TimeElapsed: 450ms.
12-13 22:43:41.720 I/Finsky  ( 2578): [2] abuj.e(4): SCH: Job 12-1 finished. Not rescheduling.
12-13 22:43:41.721 I/Finsky  ( 2578): [2] abui.handleMessage(59): SCH: RunningQueue size: 0, PendingQueue size: 0
12-13 22:43:41.722 I/Finsky  ( 2578): [2] abui.handleMessage(26): SCH: Executor finished
12-13 22:43:41.731 W/app_process( 4058): Unexpected CPU variant for X86 using defaults: x86
12-13 22:43:41.732 I/Finsky  ( 2578): [2] abwt.b(5): SCH: Jobs in database: 1-1337 2-48879 3-19 26-1414141414 
12-13 22:43:41.733 I/Finsky  ( 2578): [2] abvf.d(37): SCH: ConstraintMapping: 1-1337,  -> L: 16145229ms, D: 59345229ms, C: false, I: false, N: 1
12-13 22:43:41.734 I/Finsky  ( 2578): [2] abvf.d(37): SCH: ConstraintMapping: 2-48879, 3-19,  -> L: 0ms, D: 79014362ms, C: true, I: true, N: 2
12-13 22:43:41.734 I/Finsky  ( 2578): [2] abvf.d(37): SCH: ConstraintMapping: 26-1414141414,  -> L: 37135317ms, D: 38035317ms, C: false, I: false, N: 0
12-13 22:43:41.735 I/Finsky  ( 2578): [2] abvf.f(7): SCH: Cancelling existing jobscheduler jobs: 9002 
12-13 22:43:41.736 I/Finsky  ( 2578): [2] abvf.e(23): SCH: Scheduling job Id: 9000, L: 16145229, D: 59345229, C: false, I: false, N: 1
12-13 22:43:41.737 I/Finsky  ( 2578): [2] abvf.e(8): SCH: Throttling wakeup for job 9003 (expected to run in 0 ms) due to recent wakeup
12-13 22:43:41.748 I/Finsky  ( 2578): [2] abvf.e(23): SCH: Scheduling job Id: 9003, L: 30000, D: 79014362, C: true, I: true, N: 2
12-13 22:43:41.749 I/Finsky  ( 2578): [2] abvf.e(23): SCH: Scheduling job Id: 9004, L: 37135317, D: 38035317, C: false, I: false, N: 0
12-13 22:43:41.752 D/AndroidRuntime( 4058): Calling main entry com.android.commands.am.Am
12-13 22:43:41.754 I/ActivityManager( 1627): Force stopping com.evancharlton.mileage appid=10124 user=0: start instr
12-13 22:43:41.754 I/ActivityManager( 1627): Killing 3977:com.evancharlton.mileage/u0a124 (adj 0): stop com.evancharlton.mileage
12-13 22:43:41.754 W/ActivityManager( 1627): Crash of app com.evancharlton.mileage running instrumentation ComponentInfo{com.evancharlton.mileage.test/sh.calaba.instrumentationbackend.CalabashInstrumentationTestRunner}
12-13 22:43:41.754 I/ActivityManager( 1627): Force stopping com.evancharlton.mileage appid=10124 user=0: finished inst
12-13 22:43:41.762 I/zygote  ( 4068): Not late-enabling -Xcheck:jni (already on)
12-13 22:43:41.769 W/zygote  ( 4068): Unexpected CPU variant for X86 using defaults: x86
12-13 22:43:41.770 I/ActivityManager( 1627): Start proc 4068:com.evancharlton.mileage/u0a124 for added application com.evancharlton.mileage
12-13 22:43:41.770 D/AndroidRuntime( 4058): Shutting down VM
12-13 22:43:41.793 E/adbd    ( 1355): failed to connect to socket 'tcp:7102': Connection refused
12-13 22:43:41.799 W/ActivityManager( 1627): setHasOverlayUi called on unknown pid: 3977
12-13 22:43:41.795 E/adbd    ( 1355): failed to connect to socket 'tcp:7102': Connection refused
12-13 22:43:41.802 W/zygote  ( 4068): Found duplicate classes, falling back to extracting from APK : /data/app/com.evancharlton.mileage.test-u2wdnNVSDgCEYGMR9R7qlQ==/base.apk
12-13 22:43:41.802 W/zygote  ( 4068): NOTE: This wastes RAM and hurts startup performance.
12-13 22:43:41.802 W/zygote  ( 4068): Found duplicated class when checking oat files: 'Ljunit/runner/BaseTestRunner;' in /data/app/com.evancharlton.mileage.test-u2wdnNVSDgCEYGMR9R7qlQ==/base.apk and /system/framework/android.test.runner.jar
12-13 22:43:41.802 W/zygote  ( 4068): 
12-13 22:43:41.833 W/System  ( 4068): ClassLoader referenced unknown path: 
12-13 22:43:41.845 I/System.out( 4068): Main activity name automatically set to: com.evancharlton.mileage.Mileage
12-13 22:43:41.846 I/System.out( 4068): Calabash did not load Mono. This is only a problem if you are trying to test a Mono application
12-13 22:43:41.846 I/calabash( 4068): Test server port: 7102
12-13 22:43:41.847 I/InstrumentationBackend( 4068): Added:'GetPreferences', with key:'get_preferences'
12-13 22:43:41.899 E/adbd    ( 1355): failed to connect to socket 'tcp:7102': Connection refused
12-13 22:43:41.901 E/adbd    ( 1355): failed to connect to socket 'tcp:7102': Connection refused
12-13 22:43:41.913 I/InstrumentationBackend( 4068): Added:'SetPreferences', with key:'set_preferences'
12-13 22:43:41.914 I/InstrumentationBackend( 4068): Added:'ClearPreferences', with key:'clear_preferences'
12-13 22:43:41.914 I/InstrumentationBackend( 4068): Added:'PressElement', with key:'press_l10n_element'
12-13 22:43:41.914 I/InstrumentationBackend( 4068): Added:'WaitForElement', with key:'wait_for_l10n_element'
12-13 22:43:41.915 I/InstrumentationBackend( 4068): Added:'NullAction', with key:'nullAction'
12-13 22:43:41.915 I/InstrumentationBackend( 4068): Added:'PressKey', with key:'press_key'
12-13 22:43:41.915 I/InstrumentationBackend( 4068): Added:'SetActivityOrientation', with key:'set_activity_orientation'
12-13 22:43:41.916 I/InstrumentationBackend( 4068): Added:'GetActivityOrientation', with key:'get_activity_orientation'
12-13 22:43:41.916 I/InstrumentationBackend( 4068): Added:'FakeGPSLocation', with key:'set_gps_coordinates'
12-13 22:43:41.917 I/InstrumentationBackend( 4068): Added:'SetPropertyByCssSelector', with key:'set_property_by_css_selector'
12-13 22:43:41.918 I/InstrumentationBackend( 4068): Added:'GetUrl', with key:'get_url'
12-13 22:43:41.921 I/InstrumentationBackend( 4068): Added:'ScrollTo', with key:'scroll_to'
12-13 22:43:41.921 I/InstrumentationBackend( 4068): Added:'GetLoadProgress', with key:'get_load_progress'
12-13 22:43:41.922 I/InstrumentationBackend( 4068): Added:'DumpHtml', with key:'dump_html'
12-13 22:43:41.922 I/InstrumentationBackend( 4068): Added:'DumpBodyHtml', with key:'dump_body_html'
12-13 22:43:41.922 I/InstrumentationBackend( 4068): Added:'EnterTextByCssSelector', with key:'enter_text_by_selector'
12-13 22:43:41.927 I/InstrumentationBackend( 4068): Added:'AndroidSDKVersion', with key:'android_sdk_version'
12-13 22:43:41.928 I/InstrumentationBackend( 4068): Added:'Version', with key:'version'
12-13 22:43:41.928 I/InstrumentationBackend( 4068): Added:'Drag', with key:'drag'
12-13 22:43:41.928 I/InstrumentationBackend( 4068): Added:'TouchCoordinates', with key:'touch_coordinate'
12-13 22:43:41.928 I/InstrumentationBackend( 4068): Added:'LongPressCoordinate', with key:'long_press_coordinate'
12-13 22:43:41.929 I/InstrumentationBackend( 4068): Added:'DragCoordinates', with key:'drag_coordinates'
12-13 22:43:41.930 I/InstrumentationBackend( 4068): Added:'ResumeApplication', with key:'resume_application'
12-13 22:43:41.930 I/InstrumentationBackend( 4068): Added:'Swipe', with key:'swipe'
12-13 22:43:41.930 I/InstrumentationBackend( 4068): Added:'DoubleTapCoordinate', with key:'double_tap_coordinate'
12-13 22:43:41.931 I/InstrumentationBackend( 4068): Added:'ClickOnScreen', with key:'click_on_screen'
12-13 22:43:41.932 I/InstrumentationBackend( 4068): Added:'GetActivityName', with key:'get_activity_name'
12-13 22:43:41.932 I/InstrumentationBackend( 4068): Added:'ScrollToView', with key:'scroll_to_view'
12-13 22:43:41.933 I/InstrumentationBackend( 4068): Added:'ViewConfiguration', with key:'view_configuration'
12-13 22:43:41.933 I/InstrumentationBackend( 4068): Added:'IsCurrentActivityFocused', with key:'is_current_activity_focused'
12-13 22:43:41.934 I/InstrumentationBackend( 4068): Added:'SendTcp', with key:'send_tcp'
12-13 22:43:41.934 I/InstrumentationBackend( 4068): Added:'DpToDevicePixel', with key:'dp_to_device_pixel'
12-13 22:43:41.935 I/InstrumentationBackend( 4068): Added:'KeyboardEnterText', with key:'keyboard_enter_text'
12-13 22:43:41.936 I/InstrumentationBackend( 4068): Added:'DeleteSurroundingText', with key:'delete_surrounding_text'
12-13 22:43:41.936 I/InstrumentationBackend( 4068): Added:'SetComposingRegion', with key:'set_composing_region'
12-13 22:43:41.937 I/InstrumentationBackend( 4068): Added:'SetSelection', with key:'set_selection'
12-13 22:43:41.937 I/InstrumentationBackend( 4068): Added:'KeyboardKeyEvent', with key:'keyboard_key_event'
12-13 22:43:41.938 I/InstrumentationBackend( 4068): Added:'PressUserActionButton', with key:'press_user_action_button'
12-13 22:43:41.938 I/InstrumentationBackend( 4068): Added:'HideSoftKeyboard', with key:'hide_soft_keyboard'
12-13 22:43:41.940 I/InstrumentationBackend( 4068): Added:'ListActions', with key:'list_actions'
12-13 22:43:41.941 I/calabash( 4068): Instantiating http server at 7102
12-13 22:43:41.941 I/System.out( 4068): HTTP Daemon listening on: 7102
12-13 22:43:42.014 I/System.out( 4068): URI: //ping
12-13 22:43:42.014 I/System.out( 4068): params: {json={}
12-13 22:43:42.014 I/System.out( 4068): }
12-13 22:43:42.022 I/System.out( 4068): URI: //ping
12-13 22:43:42.022 I/System.out( 4068): params: {json={}
12-13 22:43:42.022 I/System.out( 4068): }
12-13 22:43:42.030 I/System.out( 4068): URI: //ready
12-13 22:43:42.030 I/System.out( 4068): params: {json={}
12-13 22:43:42.030 I/System.out( 4068): }
12-13 22:43:42.036 I/System.out( 4068): URI: //
12-13 22:43:42.037 I/System.out( 4068): params: {json={"command":"version","arguments":[]}
12-13 22:43:42.037 I/System.out( 4068): }
12-13 22:43:42.037 I/System.out( 4068): header: {content-type=application/json;charset=utf-8, date=Mon, 14 Dec 2020 03:43:42 GMT, accept=*/*, host=127.0.0.1:34777, content-length=36, user-agent=HTTPClient/1.0 (2.8.3, ruby 2.5.8 (2020-03-31))}
12-13 22:43:42.037 I/System.out( 4068): params: {json={"command":"version","arguments":[]}
12-13 22:43:42.037 I/System.out( 4068): }
12-13 22:43:42.037 I/System.out( 4068): ProP json = {"command":"version","arguments":[]}
12-13 22:43:42.037 I/System.out( 4068): files: {}
12-13 22:43:42.037 I/System.out( 4068): command: {"command":"version","arguments":[]}
12-13 22:43:42.070 I/InstrumentationBackend( 4068): Got command:'Command:'Line:null,version', arguments:'[]'
12-13 22:43:42.103 I/System.out( 4068): result:{"bonusInformation":[],"message":"0.9.8","success":true}
12-13 22:43:42.111 I/System.out( 4068): URI: //start-application
12-13 22:43:42.111 I/System.out( 4068): params: {json={"intent":null}
12-13 22:43:42.112 I/System.out( 4068): }
12-13 22:43:42.151 I/ActivityManager( 1627): START u0 {act=android.intent.action.MAIN cat=[android.intent.category.LAUNCHER] flg=0x10200000 cmp=com.evancharlton.mileage/.Mileage} from uid 10124
12-13 22:43:42.164 I/calabash( 4068): newActivity1
12-13 22:43:42.186 W/ActivityManager( 1627): Bad activity token: android.os.BinderProxy@e6671b0
12-13 22:43:42.186 W/ActivityManager( 1627): java.lang.ClassCastException: android.os.BinderProxy cannot be cast to com.android.server.am.ActivityRecord$Token
12-13 22:43:42.186 W/ActivityManager( 1627): 	at com.android.server.am.ActivityRecord.forTokenLocked(ActivityRecord.java:778)
12-13 22:43:42.186 W/ActivityManager( 1627): 	at com.android.server.am.ActivityRecord.isInStackLocked(ActivityRecord.java:2085)
12-13 22:43:42.186 W/ActivityManager( 1627): 	at com.android.server.am.ActivityRecord.getStackLocked(ActivityRecord.java:2090)
12-13 22:43:42.186 W/ActivityManager( 1627): 	at com.android.server.am.ActivityManagerService.getActivityDisplayId(ActivityManagerService.java:10406)
12-13 22:43:42.186 W/ActivityManager( 1627): 	at android.app.IActivityManager$Stub.onTransact(IActivityManager.java:2738)
12-13 22:43:42.186 W/ActivityManager( 1627): 	at com.android.server.am.ActivityManagerService.onTransact(ActivityManagerService.java:2935)
12-13 22:43:42.186 W/ActivityManager( 1627): 	at android.os.Binder.execTransact(Binder.java:674)
12-13 22:43:42.187 I/calabash( 4068): newActivity1
12-13 22:43:42.188 D/gralloc_ranchu( 1396): gralloc_alloc: Creating ashmem region of size 7753728
12-13 22:43:42.195 W/ActivityManager( 1627): Bad activity token: android.os.BinderProxy@e6671b0
12-13 22:43:42.195 W/ActivityManager( 1627): java.lang.ClassCastException: android.os.BinderProxy cannot be cast to com.android.server.am.ActivityRecord$Token
12-13 22:43:42.195 W/ActivityManager( 1627): 	at com.android.server.am.ActivityRecord.forTokenLocked(ActivityRecord.java:778)
12-13 22:43:42.195 W/ActivityManager( 1627): 	at com.android.server.am.ActivityRecord.isInStackLocked(ActivityRecord.java:2085)
12-13 22:43:42.195 W/ActivityManager( 1627): 	at com.android.server.am.ActivityManagerService.setTaskDescription(ActivityManagerService.java:9988)
12-13 22:43:42.195 W/ActivityManager( 1627): 	at android.app.IActivityManager$Stub.onTransact(IActivityManager.java:2824)
12-13 22:43:42.195 W/ActivityManager( 1627): 	at com.android.server.am.ActivityManagerService.onTransact(ActivityManagerService.java:2935)
12-13 22:43:42.195 W/ActivityManager( 1627): 	at android.os.Binder.execTransact(Binder.java:674)
12-13 22:43:42.196 W/ActivityManager( 1627): Bad activity token: android.os.BinderProxy@e6671b0
12-13 22:43:42.196 W/ActivityManager( 1627): java.lang.ClassCastException: android.os.BinderProxy cannot be cast to com.android.server.am.ActivityRecord$Token
12-13 22:43:42.196 W/ActivityManager( 1627): 	at com.android.server.am.ActivityRecord.forTokenLocked(ActivityRecord.java:778)
12-13 22:43:42.196 W/ActivityManager( 1627): 	at com.android.server.am.ActivityRecord.isInStackLocked(ActivityRecord.java:2085)
12-13 22:43:42.196 W/ActivityManager( 1627): 	at com.android.server.am.ActivityRecord.getStackLocked(ActivityRecord.java:2090)
12-13 22:43:42.196 W/ActivityManager( 1627): 	at com.android.server.am.ActivityManagerService.getActivityStackId(ActivityManagerService.java:10417)
12-13 22:43:42.196 W/ActivityManager( 1627): 	at android.app.IActivityManager$Stub.onTransact(IActivityManager.java:3548)
12-13 22:43:42.196 W/ActivityManager( 1627): 	at com.android.server.am.ActivityManagerService.onTransact(ActivityManagerService.java:2935)
12-13 22:43:42.196 W/ActivityManager( 1627): 	at android.os.Binder.execTransact(Binder.java:674)
12-13 22:43:42.246 D/EGL_emulation( 2109): eglMakeCurrent: 0xa557de00: ver 3 0 (tinfo 0xa557f400)
12-13 22:43:42.247 D/EGL_emulation( 2031): eglMakeCurrent: 0xa557ccc0: ver 3 0 (tinfo 0xa557fd10)
12-13 22:43:42.261 D/EGL_emulation( 1723): eglMakeCurrent: 0xa51b3e60: ver 3 0 (tinfo 0xa51e5ad0)
12-13 22:43:42.265 V/StatusBar( 1723): setLightsOn(true)
12-13 22:43:42.275 D/EGL_emulation( 1723): eglMakeCurrent: 0xa51b3e60: ver 3 0 (tinfo 0xa51e5ad0)
12-13 22:43:42.282 D/EGL_emulation( 1723): eglMakeCurrent: 0xa51b3e60: ver 3 0 (tinfo 0xa51e5ad0)
12-13 22:43:42.283 V/StatusBar( 1723): setLightsOn(true)
12-13 22:43:42.288 D/EGL_emulation( 1723): eglMakeCurrent: 0xa51b3e60: ver 3 0 (tinfo 0xa51e5ad0)
12-13 22:43:42.299 E/ContentStoreEUAS( 2109): Failed to commit the deferred actions
12-13 22:43:42.300 D/EGL_emulation( 1723): eglMakeCurrent: 0xa51b3e60: ver 3 0 (tinfo 0xa51e5ad0)
12-13 22:43:42.344 W/ActivityManager( 1627): Bad activity token: android.os.BinderProxy@e6671b0
12-13 22:43:42.344 W/ActivityManager( 1627): java.lang.ClassCastException: android.os.BinderProxy cannot be cast to com.android.server.am.ActivityRecord$Token
12-13 22:43:42.344 W/ActivityManager( 1627): 	at com.android.server.am.ActivityRecord.forTokenLocked(ActivityRecord.java:778)
12-13 22:43:42.344 W/ActivityManager( 1627): 	at com.android.server.am.ActivityRecord.isInStackLocked(ActivityRecord.java:2085)
12-13 22:43:42.344 W/ActivityManager( 1627): 	at com.android.server.am.ActivityManagerService.getActivityOptions(ActivityManagerService.java:13302)
12-13 22:43:42.344 W/ActivityManager( 1627): 	at android.app.IActivityManager$Stub.onTransact(IActivityManager.java:2910)
12-13 22:43:42.344 W/ActivityManager( 1627): 	at com.android.server.am.ActivityManagerService.onTransact(ActivityManagerService.java:2935)
12-13 22:43:42.344 W/ActivityManager( 1627): 	at android.os.Binder.execTransact(Binder.java:674)
12-13 22:43:42.346 W/ActivityManager( 1627): Bad activity token: android.os.BinderProxy@e6671b0
12-13 22:43:42.346 W/ActivityManager( 1627): java.lang.ClassCastException: android.os.BinderProxy cannot be cast to com.android.server.am.ActivityRecord$Token
12-13 22:43:42.346 W/ActivityManager( 1627): 	at com.android.server.am.ActivityRecord.forTokenLocked(ActivityRecord.java:778)
12-13 22:43:42.346 W/ActivityManager( 1627): 	at com.android.server.am.ActivityRecord.isInStackLocked(ActivityRecord.java:2085)
12-13 22:43:42.346 W/ActivityManager( 1627): 	at com.android.server.am.ActivityManagerService.getActivityOptions(ActivityManagerService.java:13302)
12-13 22:43:42.346 W/ActivityManager( 1627): 	at android.app.IActivityManager$Stub.onTransact(IActivityManager.java:2910)
12-13 22:43:42.346 W/ActivityManager( 1627): 	at com.android.server.am.ActivityManagerService.onTransact(ActivityManagerService.java:2935)
12-13 22:43:42.346 W/ActivityManager( 1627): 	at android.os.Binder.execTransact(Binder.java:674)
12-13 22:43:42.447 I/chatty  ( 1723): uid=10028(u0_a28) RenderThread identical 16 lines
12-13 22:43:42.466 D/EGL_emulation( 1723): eglMakeCurrent: 0xa51b3e60: ver 3 0 (tinfo 0xa51e5ad0)
12-13 22:43:42.468 V/StatusBar( 1723): setLightsOn(true)
12-13 22:43:42.534 I/zygote  ( 4068): Do partial code cache collection, code=28KB, data=30KB
12-13 22:43:42.535 I/zygote  ( 4068): After code cache collection, code=28KB, data=30KB
12-13 22:43:42.535 I/zygote  ( 4068): Increasing code cache capacity to 128KB
12-13 22:43:42.538 I/zygote  ( 4068): Do partial code cache collection, code=28KB, data=48KB
12-13 22:43:42.539 I/zygote  ( 4068): After code cache collection, code=28KB, data=48KB
12-13 22:43:42.539 I/zygote  ( 4068): Increasing code cache capacity to 256KB
12-13 22:43:42.540 I/zygote  ( 4068): JIT allocated 71KB for compiled code of void android.widget.TextView.<init>(android.content.Context, android.util.AttributeSet, int, int)
12-13 22:43:42.540 I/zygote  ( 4068): Compiler allocated 4MB to compile void android.widget.TextView.<init>(android.content.Context, android.util.AttributeSet, int, int)
12-13 22:43:42.551 V/StatusBar( 1723): setLightsOn(true)
12-13 22:43:42.563 V/StatusBar( 1723): setLightsOn(true)
12-13 22:43:42.601 D/gralloc_ranchu( 1396): gralloc_alloc: Creating ashmem region of size 7753728
12-13 22:43:42.626 D/        ( 4068): HostConnection::get() New Host Connection established 0xa512fe80, tid 4068
12-13 22:43:42.656 V/StatusBar( 1723): setLightsOn(true)
12-13 22:43:42.678 I/chatty  ( 1723): uid=10028(u0_a28) com.android.systemui identical 1 line
12-13 22:43:42.682 V/StatusBar( 1723): setLightsOn(true)
12-13 22:43:42.684 I/ActivityManager( 1627): Displayed com.evancharlton.mileage/.Mileage: +524ms
12-13 22:43:42.689 V/StatusBar( 1723): setLightsOn(true)
12-13 22:43:42.706 V/StatusBar( 1723): setLightsOn(true)
12-13 22:43:42.718 I/zygote  ( 4068): Do full code cache collection, code=125KB, data=70KB
12-13 22:43:42.718 I/zygote  ( 4068): After code cache collection, code=106KB, data=43KB
12-13 22:43:42.728 D/gralloc_ranchu( 1396): gralloc_alloc: Creating ashmem region of size 7753728
12-13 22:43:42.865 E/memtrack( 1627): Couldn't load memtrack module
12-13 22:43:42.865 W/android.os.Debug( 1627): failed to get memory consumption info: -1
12-13 22:43:42.888 V/StatusBar( 1723): setLightsOn(true)
12-13 22:43:42.962 I/chatty  ( 1723): uid=10028(u0_a28) com.android.systemui identical 2 lines
12-13 22:43:42.980 V/StatusBar( 1723): setLightsOn(true)
12-13 22:43:42.986 W/SurfaceFlinger( 1412): couldn't log to binary event log: overflow.
