--------- beginning of main
12-14 00:14:18.050 E/adbd    ( 1383): failed to connect to socket 'tcp:7102': Connection refused
12-14 00:14:18.110 V/StatusBar( 1731): setLightsOn(true)
--------- beginning of system
12-14 00:14:18.128 W/ActivityManager( 1627): Finishing task with all activities already finished
12-14 00:14:18.128 W/ActivityManager( 1627): Duplicate finish request for ActivityRecord{c0a4851 u0 com.evancharlton.mileage/.Mileage t352 f}
12-14 00:14:18.129 W/ActivityManager( 1627): Finishing task with all activities already finished
12-14 00:14:18.129 W/ActivityManager( 1627): Duplicate finish request for ActivityRecord{c0a4851 u0 com.evancharlton.mileage/.Mileage t352 f}
12-14 00:14:18.130 W/ActivityManager( 1627): Finishing task with all activities already finished
12-14 00:14:18.130 W/ActivityManager( 1627): Duplicate finish request for ActivityRecord{c0a4851 u0 com.evancharlton.mileage/.Mileage t352 f}
12-14 00:14:18.148 I/chatty  ( 1731): uid=10028(u0_a28) com.android.systemui identical 3 lines
12-14 00:14:18.150 V/StatusBar( 1731): setLightsOn(true)
12-14 00:14:18.150 D/gralloc_ranchu( 1396): gralloc_alloc: Creating ashmem region of size 8298496
12-14 00:14:18.175 D/gralloc_ranchu( 1396): gralloc_alloc: Creating ashmem region of size 8298496
12-14 00:14:18.189 D/SurfaceFlinger( 1412): duplicate layer name: changing com.google.android.apps.nexuslauncher/com.google.android.apps.nexuslauncher.NexusLauncherActivity to com.google.android.apps.nexuslauncher/com.google.android.apps.nexuslauncher.NexusLauncherActivity#1
12-14 00:14:18.190 D/gralloc_ranchu( 1396): gralloc_alloc: Creating ashmem region of size 8298496
12-14 00:14:18.220 D/EGL_emulation( 1731): eglMakeCurrent: 0xa0e33da0: ver 3 0 (tinfo 0x8fc19940)
12-14 00:14:18.224 D/gralloc_ranchu( 1396): gralloc_alloc: Creating ashmem region of size 8298496
12-14 00:14:18.245 I/zygote  ( 1731): Do partial code cache collection, code=120KB, data=88KB
12-14 00:14:18.245 I/zygote  ( 1731): After code cache collection, code=120KB, data=88KB
12-14 00:14:18.245 I/zygote  ( 1731): Increasing code cache capacity to 512KB
12-14 00:14:18.258 D/gralloc_ranchu( 1396): gralloc_alloc: Creating ashmem region of size 8298496
12-14 00:14:18.298 D/EGL_emulation( 2175): eglMakeCurrent: 0xa1047440: ver 3 0 (tinfo 0xa11ff290)
12-14 00:14:18.299 D/gralloc_ranchu( 1396): gralloc_alloc: Creating ashmem region of size 8298496
12-14 00:14:18.351 I/zygote  ( 2175): Deoptimizing void com.google.android.apps.gsa.search.core.service.worker.a.a.a(com.google.android.apps.gsa.search.core.state.qc) due to JIT inline cache
12-14 00:14:18.363 D/EGL_emulation( 2147): eglMakeCurrent: 0xa1047020: ver 3 0 (tinfo 0xa11ffb80)
12-14 00:14:18.380 W/ActivityManager( 1627): Unable to start service Intent { act=com.google.android.gms.speech.service.START pkg=com.google.android.gms } U=0: not found
12-14 00:14:18.380 W/ActivityManager( 1627): Unbind failed: could not find connection for android.os.BinderProxy@f30b213
12-14 00:14:18.380 E/GmsClient( 2175): unable to connect to service: com.google.android.gms.speech.service.START on com.google.android.gms
12-14 00:14:18.382 W/SessionLifecycleManager( 2175): Handover failed. Creating new session controller.
12-14 00:14:18.392 I/OptInState( 2175): There is a new client and it does not support opt-in. Dropping request.
12-14 00:14:18.400 D/gralloc_ranchu( 1396): gralloc_alloc: Creating ashmem region of size 7753728
12-14 00:14:18.428 D/EGL_emulation( 1731): eglMakeCurrent: 0xa0e33da0: ver 3 0 (tinfo 0x8fc19940)
12-14 00:14:18.446 I/MicroDetectionWorker( 2175): #updateMicroDetector [detectionMode: [mDetectionMode: [1]]]
12-14 00:14:18.447 I/MicroDetectionWorker( 2175): #startMicroDetector [speakerMode: 0]
12-14 00:14:18.447 I/AudioController( 2175): Using mInputStreamFactoryBuilder
12-14 00:14:18.455 E/memtrack( 1627): Couldn't load memtrack module
12-14 00:14:18.468 D/EGL_emulation( 1731): eglMakeCurrent: 0xa0e33da0: ver 3 0 (tinfo 0x8fc19940)
12-14 00:14:18.470 I/MicroRecognitionRunner( 2175): Starting detection.
12-14 00:14:18.471 W/android.os.Debug( 1627): failed to get memory consumption info: -1
12-14 00:14:18.472 I/MicrophoneInputStream( 2175): mic_starting com.google.android.apps.gsa.staticplugins.aa.c@ae7b8b4
12-14 00:14:18.474 I/MicroDetectionWorker( 2175): onReady
12-14 00:14:18.487 D/EGL_emulation( 1731): eglMakeCurrent: 0xa0e33da0: ver 3 0 (tinfo 0x8fc19940)
12-14 00:14:18.493 I/MicrophoneInputStream( 2175): mic_started com.google.android.apps.gsa.staticplugins.aa.c@ae7b8b4
12-14 00:14:18.494 D/EGL_emulation( 1731): eglMakeCurrent: 0xa0e33da0: ver 3 0 (tinfo 0x8fc19940)
12-14 00:14:18.500 E/ActivityThread( 2175): Failed to find provider info for com.google.android.apps.gsa.testing.ui.audio.recorded
12-14 00:14:18.500 D/EGL_emulation( 1731): eglMakeCurrent: 0xa0e33da0: ver 3 0 (tinfo 0x8fc19940)
12-14 00:14:18.500 I/MicroDetectionWorker( 2175): onReady
12-14 00:14:18.501 W/SpeechLevelGenerator( 2175): Really low audio levels detected. The audio input may have issues.
12-14 00:14:18.517 D/EGL_emulation( 1731): eglMakeCurrent: 0xa0e33da0: ver 3 0 (tinfo 0x8fc19940)
12-14 00:14:18.528 D/EGL_emulation( 1731): eglMakeCurrent: 0xa0e33da0: ver 3 0 (tinfo 0x8fc19940)
12-14 00:14:18.535 I/AudioFlinger( 1476): AudioFlinger's thread 0xb2f83180 tid=4284 ready to run
12-14 00:14:18.538 D/EGL_emulation( 1731): eglMakeCurrent: 0xa0e33da0: ver 3 0 (tinfo 0x8fc19940)
12-14 00:14:18.548 I/MicrophoneInputStream( 2175): mic_close com.google.android.apps.gsa.staticplugins.aa.c@ae7b8b4
12-14 00:14:18.553 I/MicroRecognitionRunner( 2175): Detection finished
12-14 00:14:18.553 D/EGL_emulation( 1731): eglMakeCurrent: 0xa0e33da0: ver 3 0 (tinfo 0x8fc19940)
12-14 00:14:18.559 I/chatty  ( 1731): uid=10028(u0_a28) RenderThread identical 1 line
12-14 00:14:18.565 W/ErrorReporter( 2175): reportError [type: 211, code: 524300]: Error reading from input stream
12-14 00:14:18.566 D/EGL_emulation( 1731): eglMakeCurrent: 0xa0e33da0: ver 3 0 (tinfo 0x8fc19940)
12-14 00:14:18.570 W/ErrorProcessor( 2175): onFatalError, processing error from engine(4)
12-14 00:14:18.570 W/ErrorProcessor( 2175): com.google.android.apps.gsa.shared.speech.b.g: Error reading from input stream
12-14 00:14:18.570 W/ErrorProcessor( 2175): 	at com.google.android.apps.gsa.staticplugins.recognizer.j.a.a(SourceFile:28)
12-14 00:14:18.570 W/ErrorProcessor( 2175): 	at com.google.android.apps.gsa.staticplugins.recognizer.j.b.run(SourceFile:15)
12-14 00:14:18.570 W/ErrorProcessor( 2175): 	at java.util.concurrent.Executors$RunnableAdapter.call(Executors.java:457)
12-14 00:14:18.570 W/ErrorProcessor( 2175): 	at java.util.concurrent.FutureTask.run(FutureTask.java:266)
12-14 00:14:18.570 W/ErrorProcessor( 2175): 	at com.google.android.apps.gsa.shared.util.concurrent.a.ax.run(SourceFile:14)
12-14 00:14:18.570 W/ErrorProcessor( 2175): 	at com.google.android.apps.gsa.shared.util.concurrent.a.bl.run(SourceFile:4)
12-14 00:14:18.570 W/ErrorProcessor( 2175): 	at com.google.android.apps.gsa.shared.util.concurrent.a.bl.run(SourceFile:4)
12-14 00:14:18.570 W/ErrorProcessor( 2175): 	at java.util.concurrent.ThreadPoolExecutor.runWorker(ThreadPoolExecutor.java:1162)
12-14 00:14:18.570 W/ErrorProcessor( 2175): 	at java.util.concurrent.ThreadPoolExecutor$Worker.run(ThreadPoolExecutor.java:636)
12-14 00:14:18.570 W/ErrorProcessor( 2175): 	at java.lang.Thread.run(Thread.java:764)
12-14 00:14:18.570 W/ErrorProcessor( 2175): 	at com.google.android.apps.gsa.shared.util.concurrent.a.ai.run(SourceFile:6)
12-14 00:14:18.570 W/ErrorProcessor( 2175): Caused by: com.google.android.apps.gsa.shared.exception.GsaIOException: Error code: 393238 | Buffer overflow, no available space.
12-14 00:14:18.570 W/ErrorProcessor( 2175): 	at com.google.android.apps.gsa.speech.audio.Tee.f(SourceFile:103)
12-14 00:14:18.570 W/ErrorProcessor( 2175): 	at com.google.android.apps.gsa.speech.audio.au.read(SourceFile:2)
12-14 00:14:18.570 W/ErrorProcessor( 2175): 	at java.io.InputStream.read(InputStream.java:101)
12-14 00:14:18.570 W/ErrorProcessor( 2175): 	at com.google.android.apps.gsa.speech.audio.ao.run(SourceFile:18)
12-14 00:14:18.570 W/ErrorProcessor( 2175): 	at com.google.android.apps.gsa.speech.audio.an.run(SourceFile:2)
12-14 00:14:18.570 W/ErrorProcessor( 2175): 	... 9 more
12-14 00:14:18.571 I/MicroRecognitionRunner( 2175): Stopping hotword detection.
12-14 00:14:18.579 I/AudioController( 2175): internalShutdown
12-14 00:14:18.583 D/EGL_emulation( 1731): eglMakeCurrent: 0xa0e33da0: ver 3 0 (tinfo 0x8fc19940)
12-14 00:14:18.583 I/MicroDetector( 2175): Keeping mic open: false
12-14 00:14:18.584 I/MicroDetectionWorker( 2175): #onError(false)
12-14 00:14:18.584 I/DeviceStateChecker( 2175): DeviceStateChecker cancelled
12-14 00:14:18.591 D/EGL_emulation( 1731): eglMakeCurrent: 0xa0e33da0: ver 3 0 (tinfo 0x8fc19940)
12-14 00:14:18.600 D/EGL_emulation( 1731): eglMakeCurrent: 0xa0e33da0: ver 3 0 (tinfo 0x8fc19940)
12-14 00:14:18.608 I/zygote  ( 1731): NativeAllocBackground concurrent copying GC freed 995(149KB) AllocSpace objects, 0(0B) LOS objects, 50% free, 4MB/8MB, paused 1.364ms total 121.402ms
12-14 00:14:18.615 D/EGL_emulation( 1731): eglMakeCurrent: 0xa0e33da0: ver 3 0 (tinfo 0x8fc19940)
12-14 00:14:18.684 I/chatty  ( 1731): uid=10028(u0_a28) RenderThread identical 5 lines
12-14 00:14:18.690 D/EGL_emulation( 1731): eglMakeCurrent: 0xa0e33da0: ver 3 0 (tinfo 0x8fc19940)
12-14 00:14:18.837 W/OpenGLRenderer( 2147): Incorrectly called buildLayer on View: ShortcutAndWidgetContainer, destroying layer...
12-14 00:14:18.912 I/OpenGLRenderer( 1627): Initialized EGL, version 1.4
12-14 00:14:18.912 D/OpenGLRenderer( 1627): Swap behavior 1
12-14 00:14:18.912 W/OpenGLRenderer( 1627): Failed to choose config with EGL_SWAP_BEHAVIOR_PRESERVED, retrying without...
12-14 00:14:18.912 D/OpenGLRenderer( 1627): Swap behavior 0
12-14 00:14:18.920 D/EGL_emulation( 1627): eglCreateContext: 0xa3987f40: maj 3 min 0 rcv 3
12-14 00:14:18.923 D/EGL_emulation( 1627): eglMakeCurrent: 0xa3987f40: ver 3 0 (tinfo 0x8d5488b0)
12-14 00:14:18.924 E/eglCodecCommon( 1627): glUtilsParamSize: unknow param 0x00008cdf
12-14 00:14:18.924 E/eglCodecCommon( 1627): glUtilsParamSize: unknow param 0x00008cdf
12-14 00:14:18.925 E/eglCodecCommon( 1627): glUtilsParamSize: unknow param 0x00008824
12-14 00:14:18.925 E/eglCodecCommon( 1627): glUtilsParamSize: unknow param 0x00008824
12-14 00:14:18.970 D/AndroidRuntime( 4279): >>>>>> START com.android.internal.os.RuntimeInit uid 2000 <<<<<<
12-14 00:14:19.073 W/app_process( 4279): Unexpected CPU variant for X86 using defaults: x86
12-14 00:14:19.092 D/AndroidRuntime( 4279): Calling main entry com.android.commands.am.Am
12-14 00:14:19.094 I/ActivityManager( 1627): Force stopping com.evancharlton.mileage appid=10212 user=0: start instr
12-14 00:14:19.094 I/ActivityManager( 1627): Killing 4229:com.evancharlton.mileage/u0a212 (adj 0): stop com.evancharlton.mileage
12-14 00:14:19.095 W/ActivityManager( 1627): Crash of app com.evancharlton.mileage running instrumentation ComponentInfo{com.evancharlton.mileage.test/sh.calaba.instrumentationbackend.CalabashInstrumentationTestRunner}
12-14 00:14:19.095 I/ActivityManager( 1627): Force stopping com.evancharlton.mileage appid=10212 user=0: finished inst
12-14 00:14:19.104 I/zygote  ( 4293): Not late-enabling -Xcheck:jni (already on)
12-14 00:14:19.110 I/ActivityManager( 1627): Start proc 4293:com.evancharlton.mileage/u0a212 for added application com.evancharlton.mileage
12-14 00:14:19.112 D/AndroidRuntime( 4279): Shutting down VM
12-14 00:14:19.113 W/ActivityManager( 1627): setHasOverlayUi called on unknown pid: 4229
12-14 00:14:19.116 W/zygote  ( 4293): Unexpected CPU variant for X86 using defaults: x86
12-14 00:14:19.154 E/adbd    ( 1383): failed to connect to socket 'tcp:7102': Connection refused
12-14 00:14:19.158 E/adbd    ( 1383): failed to connect to socket 'tcp:7102': Connection refused
12-14 00:14:19.161 W/zygote  ( 4293): Found duplicate classes, falling back to extracting from APK : /data/app/com.evancharlton.mileage.test-Kj0fGLYWW4rA3cVa8LXYyQ==/base.apk
12-14 00:14:19.161 W/zygote  ( 4293): NOTE: This wastes RAM and hurts startup performance.
12-14 00:14:19.161 W/zygote  ( 4293): Found duplicated class when checking oat files: 'Ljunit/runner/BaseTestRunner;' in /data/app/com.evancharlton.mileage.test-Kj0fGLYWW4rA3cVa8LXYyQ==/base.apk and /system/framework/android.test.runner.jar
12-14 00:14:19.161 W/zygote  ( 4293): 
12-14 00:14:19.200 W/System  ( 4293): ClassLoader referenced unknown path: 
12-14 00:14:19.215 I/System.out( 4293): Main activity name automatically set to: com.evancharlton.mileage.Mileage
12-14 00:14:19.215 I/System.out( 4293): Calabash did not load Mono. This is only a problem if you are trying to test a Mono application
12-14 00:14:19.215 I/calabash( 4293): Test server port: 7102
12-14 00:14:19.217 I/InstrumentationBackend( 4293): Added:'GetPreferences', with key:'get_preferences'
12-14 00:14:19.272 E/adbd    ( 1383): failed to connect to socket 'tcp:7102': Connection refused
12-14 00:14:19.280 E/adbd    ( 1383): failed to connect to socket 'tcp:7102': Connection refused
12-14 00:14:19.296 I/InstrumentationBackend( 4293): Added:'SetPreferences', with key:'set_preferences'
12-14 00:14:19.296 I/InstrumentationBackend( 4293): Added:'ClearPreferences', with key:'clear_preferences'
12-14 00:14:19.297 I/InstrumentationBackend( 4293): Added:'PressElement', with key:'press_l10n_element'
12-14 00:14:19.297 I/InstrumentationBackend( 4293): Added:'WaitForElement', with key:'wait_for_l10n_element'
12-14 00:14:19.298 I/InstrumentationBackend( 4293): Added:'NullAction', with key:'nullAction'
12-14 00:14:19.298 I/InstrumentationBackend( 4293): Added:'PressKey', with key:'press_key'
12-14 00:14:19.299 I/InstrumentationBackend( 4293): Added:'SetActivityOrientation', with key:'set_activity_orientation'
12-14 00:14:19.299 I/InstrumentationBackend( 4293): Added:'GetActivityOrientation', with key:'get_activity_orientation'
12-14 00:14:19.300 I/InstrumentationBackend( 4293): Added:'FakeGPSLocation', with key:'set_gps_coordinates'
12-14 00:14:19.300 I/InstrumentationBackend( 4293): Added:'SetPropertyByCssSelector', with key:'set_property_by_css_selector'
12-14 00:14:19.302 I/InstrumentationBackend( 4293): Added:'GetUrl', with key:'get_url'
12-14 00:14:19.305 I/InstrumentationBackend( 4293): Added:'ScrollTo', with key:'scroll_to'
12-14 00:14:19.305 I/InstrumentationBackend( 4293): Added:'GetLoadProgress', with key:'get_load_progress'
12-14 00:14:19.306 I/InstrumentationBackend( 4293): Added:'DumpHtml', with key:'dump_html'
12-14 00:14:19.306 I/InstrumentationBackend( 4293): Added:'DumpBodyHtml', with key:'dump_body_html'
12-14 00:14:19.306 I/InstrumentationBackend( 4293): Added:'EnterTextByCssSelector', with key:'enter_text_by_selector'
12-14 00:14:19.312 I/InstrumentationBackend( 4293): Added:'AndroidSDKVersion', with key:'android_sdk_version'
12-14 00:14:19.312 I/InstrumentationBackend( 4293): Added:'Version', with key:'version'
12-14 00:14:19.313 I/InstrumentationBackend( 4293): Added:'Drag', with key:'drag'
12-14 00:14:19.313 I/InstrumentationBackend( 4293): Added:'TouchCoordinates', with key:'touch_coordinate'
12-14 00:14:19.313 I/InstrumentationBackend( 4293): Added:'LongPressCoordinate', with key:'long_press_coordinate'
12-14 00:14:19.313 I/InstrumentationBackend( 4293): Added:'DragCoordinates', with key:'drag_coordinates'
12-14 00:14:19.314 I/InstrumentationBackend( 4293): Added:'ResumeApplication', with key:'resume_application'
12-14 00:14:19.315 I/InstrumentationBackend( 4293): Added:'Swipe', with key:'swipe'
12-14 00:14:19.315 I/InstrumentationBackend( 4293): Added:'DoubleTapCoordinate', with key:'double_tap_coordinate'
12-14 00:14:19.315 I/InstrumentationBackend( 4293): Added:'ClickOnScreen', with key:'click_on_screen'
12-14 00:14:19.317 I/InstrumentationBackend( 4293): Added:'GetActivityName', with key:'get_activity_name'
12-14 00:14:19.317 I/InstrumentationBackend( 4293): Added:'ScrollToView', with key:'scroll_to_view'
12-14 00:14:19.318 I/InstrumentationBackend( 4293): Added:'ViewConfiguration', with key:'view_configuration'
12-14 00:14:19.318 I/InstrumentationBackend( 4293): Added:'IsCurrentActivityFocused', with key:'is_current_activity_focused'
12-14 00:14:19.318 I/InstrumentationBackend( 4293): Added:'SendTcp', with key:'send_tcp'
12-14 00:14:19.319 I/InstrumentationBackend( 4293): Added:'DpToDevicePixel', with key:'dp_to_device_pixel'
12-14 00:14:19.321 I/InstrumentationBackend( 4293): Added:'KeyboardEnterText', with key:'keyboard_enter_text'
12-14 00:14:19.321 I/InstrumentationBackend( 4293): Added:'DeleteSurroundingText', with key:'delete_surrounding_text'
12-14 00:14:19.322 I/InstrumentationBackend( 4293): Added:'SetComposingRegion', with key:'set_composing_region'
12-14 00:14:19.323 I/InstrumentationBackend( 4293): Added:'SetSelection', with key:'set_selection'
12-14 00:14:19.323 I/InstrumentationBackend( 4293): Added:'KeyboardKeyEvent', with key:'keyboard_key_event'
12-14 00:14:19.323 I/InstrumentationBackend( 4293): Added:'PressUserActionButton', with key:'press_user_action_button'
12-14 00:14:19.324 I/InstrumentationBackend( 4293): Added:'HideSoftKeyboard', with key:'hide_soft_keyboard'
12-14 00:14:19.326 I/InstrumentationBackend( 4293): Added:'ListActions', with key:'list_actions'
12-14 00:14:19.326 I/calabash( 4293): Instantiating http server at 7102
12-14 00:14:19.326 I/System.out( 4293): HTTP Daemon listening on: 7102
12-14 00:14:19.407 I/System.out( 4293): URI: //ping
12-14 00:14:19.407 I/System.out( 4293): params: {json={}
12-14 00:14:19.407 I/System.out( 4293): }
12-14 00:14:19.431 I/System.out( 4293): URI: //ping
12-14 00:14:19.432 I/System.out( 4293): params: {json={}
12-14 00:14:19.432 I/System.out( 4293): }
12-14 00:14:19.447 I/System.out( 4293): URI: //ready
12-14 00:14:19.447 I/System.out( 4293): params: {json={}
12-14 00:14:19.447 I/System.out( 4293): }
12-14 00:14:19.462 I/System.out( 4293): URI: //
12-14 00:14:19.463 I/System.out( 4293): params: {json={"command":"version","arguments":[]}
12-14 00:14:19.463 I/System.out( 4293): }
12-14 00:14:19.463 I/System.out( 4293): header: {content-type=application/json;charset=utf-8, date=Mon, 14 Dec 2020 05:14:20 GMT, accept=*/*, host=127.0.0.1:34777, content-length=36, user-agent=HTTPClient/1.0 (2.8.3, ruby 2.5.8 (2020-03-31))}
12-14 00:14:19.463 I/System.out( 4293): params: {json={"command":"version","arguments":[]}
12-14 00:14:19.463 I/System.out( 4293): }
12-14 00:14:19.463 I/System.out( 4293): ProP json = {"command":"version","arguments":[]}
12-14 00:14:19.463 I/System.out( 4293): files: {}
12-14 00:14:19.463 I/System.out( 4293): command: {"command":"version","arguments":[]}
12-14 00:14:19.489 E/TaskPersister( 1627): File error accessing recents directory (directory doesn't exist?).
12-14 00:14:19.505 I/InstrumentationBackend( 4293): Got command:'Command:'Line:null,version', arguments:'[]'
12-14 00:14:19.538 I/System.out( 4293): result:{"bonusInformation":[],"message":"0.9.8","success":true}
12-14 00:14:19.545 I/System.out( 4293): URI: //start-application
12-14 00:14:19.545 I/System.out( 4293): params: {json={"intent":null}
12-14 00:14:19.545 I/System.out( 4293): }
12-14 00:14:19.585 I/ActivityManager( 1627): START u0 {act=android.intent.action.MAIN cat=[android.intent.category.LAUNCHER] flg=0x10200000 cmp=com.evancharlton.mileage/.Mileage} from uid 10212
12-14 00:14:19.599 I/calabash( 4293): newActivity1
12-14 00:14:19.621 D/gralloc_ranchu( 1396): gralloc_alloc: Creating ashmem region of size 7753728
12-14 00:14:19.628 W/ActivityManager( 1627): Bad activity token: android.os.BinderProxy@87a4603
12-14 00:14:19.628 W/ActivityManager( 1627): java.lang.ClassCastException: android.os.BinderProxy cannot be cast to com.android.server.am.ActivityRecord$Token
12-14 00:14:19.628 W/ActivityManager( 1627): 	at com.android.server.am.ActivityRecord.forTokenLocked(ActivityRecord.java:778)
12-14 00:14:19.628 W/ActivityManager( 1627): 	at com.android.server.am.ActivityRecord.isInStackLocked(ActivityRecord.java:2085)
12-14 00:14:19.628 W/ActivityManager( 1627): 	at com.android.server.am.ActivityRecord.getStackLocked(ActivityRecord.java:2090)
12-14 00:14:19.628 W/ActivityManager( 1627): 	at com.android.server.am.ActivityManagerService.getActivityDisplayId(ActivityManagerService.java:10406)
12-14 00:14:19.628 W/ActivityManager( 1627): 	at android.app.IActivityManager$Stub.onTransact(IActivityManager.java:2738)
12-14 00:14:19.628 W/ActivityManager( 1627): 	at com.android.server.am.ActivityManagerService.onTransact(ActivityManagerService.java:2935)
12-14 00:14:19.628 W/ActivityManager( 1627): 	at android.os.Binder.execTransact(Binder.java:674)
12-14 00:14:19.630 I/calabash( 4293): newActivity1
12-14 00:14:19.640 W/ActivityManager( 1627): Bad activity token: android.os.BinderProxy@87a4603
12-14 00:14:19.640 W/ActivityManager( 1627): java.lang.ClassCastException: android.os.BinderProxy cannot be cast to com.android.server.am.ActivityRecord$Token
12-14 00:14:19.640 W/ActivityManager( 1627): 	at com.android.server.am.ActivityRecord.forTokenLocked(ActivityRecord.java:778)
12-14 00:14:19.640 W/ActivityManager( 1627): 	at com.android.server.am.ActivityRecord.isInStackLocked(ActivityRecord.java:2085)
12-14 00:14:19.640 W/ActivityManager( 1627): 	at com.android.server.am.ActivityManagerService.setTaskDescription(ActivityManagerService.java:9988)
12-14 00:14:19.640 W/ActivityManager( 1627): 	at android.app.IActivityManager$Stub.onTransact(IActivityManager.java:2824)
12-14 00:14:19.640 W/ActivityManager( 1627): 	at com.android.server.am.ActivityManagerService.onTransact(ActivityManagerService.java:2935)
12-14 00:14:19.640 W/ActivityManager( 1627): 	at android.os.Binder.execTransact(Binder.java:674)
12-14 00:14:19.641 W/ActivityManager( 1627): Bad activity token: android.os.BinderProxy@87a4603
12-14 00:14:19.641 W/ActivityManager( 1627): java.lang.ClassCastException: android.os.BinderProxy cannot be cast to com.android.server.am.ActivityRecord$Token
12-14 00:14:19.641 W/ActivityManager( 1627): 	at com.android.server.am.ActivityRecord.forTokenLocked(ActivityRecord.java:778)
12-14 00:14:19.641 W/ActivityManager( 1627): 	at com.android.server.am.ActivityRecord.isInStackLocked(ActivityRecord.java:2085)
12-14 00:14:19.641 W/ActivityManager( 1627): 	at com.android.server.am.ActivityRecord.getStackLocked(ActivityRecord.java:2090)
12-14 00:14:19.641 W/ActivityManager( 1627): 	at com.android.server.am.ActivityManagerService.getActivityStackId(ActivityManagerService.java:10417)
12-14 00:14:19.641 W/ActivityManager( 1627): 	at android.app.IActivityManager$Stub.onTransact(IActivityManager.java:3548)
12-14 00:14:19.641 W/ActivityManager( 1627): 	at com.android.server.am.ActivityManagerService.onTransact(ActivityManagerService.java:2935)
12-14 00:14:19.641 W/ActivityManager( 1627): 	at android.os.Binder.execTransact(Binder.java:674)
12-14 00:14:19.671 D/EGL_emulation( 2147): eglMakeCurrent: 0xa1047020: ver 3 0 (tinfo 0xa11ffb80)
12-14 00:14:19.681 V/StatusBar( 1731): setLightsOn(true)
12-14 00:14:19.686 D/EGL_emulation( 2175): eglMakeCurrent: 0xa1047440: ver 3 0 (tinfo 0xa11ff290)
12-14 00:14:19.695 D/EGL_emulation( 1731): eglMakeCurrent: 0xa0e33da0: ver 3 0 (tinfo 0x8fc19940)
12-14 00:14:19.697 V/StatusBar( 1731): setLightsOn(true)
12-14 00:14:19.709 D/EGL_emulation( 1731): eglMakeCurrent: 0xa0e33da0: ver 3 0 (tinfo 0x8fc19940)
12-14 00:14:19.723 D/EGL_emulation( 1731): eglMakeCurrent: 0xa0e33da0: ver 3 0 (tinfo 0x8fc19940)
12-14 00:14:19.724 E/ContentStoreEUAS( 2175): Failed to commit the deferred actions
12-14 00:14:19.725 V/StatusBar( 1731): setLightsOn(true)
12-14 00:14:19.730 D/EGL_emulation( 1731): eglMakeCurrent: 0xa0e33da0: ver 3 0 (tinfo 0x8fc19940)
12-14 00:14:19.843 W/ActivityManager( 1627): Bad activity token: android.os.BinderProxy@87a4603
12-14 00:14:19.843 W/ActivityManager( 1627): java.lang.ClassCastException: android.os.BinderProxy cannot be cast to com.android.server.am.ActivityRecord$Token
12-14 00:14:19.843 W/ActivityManager( 1627): 	at com.android.server.am.ActivityRecord.forTokenLocked(ActivityRecord.java:778)
12-14 00:14:19.843 W/ActivityManager( 1627): 	at com.android.server.am.ActivityRecord.isInStackLocked(ActivityRecord.java:2085)
12-14 00:14:19.843 W/ActivityManager( 1627): 	at com.android.server.am.ActivityManagerService.getActivityOptions(ActivityManagerService.java:13302)
12-14 00:14:19.843 W/ActivityManager( 1627): 	at android.app.IActivityManager$Stub.onTransact(IActivityManager.java:2910)
12-14 00:14:19.843 W/ActivityManager( 1627): 	at com.android.server.am.ActivityManagerService.onTransact(ActivityManagerService.java:2935)
12-14 00:14:19.843 W/ActivityManager( 1627): 	at android.os.Binder.execTransact(Binder.java:674)
12-14 00:14:19.844 W/ActivityManager( 1627): Bad activity token: android.os.BinderProxy@87a4603
12-14 00:14:19.844 W/ActivityManager( 1627): java.lang.ClassCastException: android.os.BinderProxy cannot be cast to com.android.server.am.ActivityRecord$Token
12-14 00:14:19.844 W/ActivityManager( 1627): 	at com.android.server.am.ActivityRecord.forTokenLocked(ActivityRecord.java:778)
12-14 00:14:19.844 W/ActivityManager( 1627): 	at com.android.server.am.ActivityRecord.isInStackLocked(ActivityRecord.java:2085)
12-14 00:14:19.844 W/ActivityManager( 1627): 	at com.android.server.am.ActivityManagerService.getActivityOptions(ActivityManagerService.java:13302)
12-14 00:14:19.844 W/ActivityManager( 1627): 	at android.app.IActivityManager$Stub.onTransact(IActivityManager.java:2910)
12-14 00:14:19.844 W/ActivityManager( 1627): 	at com.android.server.am.ActivityManagerService.onTransact(ActivityManagerService.java:2935)
12-14 00:14:19.844 W/ActivityManager( 1627): 	at android.os.Binder.execTransact(Binder.java:674)
12-14 00:14:19.897 I/chatty  ( 1731): uid=10028(u0_a28) RenderThread identical 19 lines
12-14 00:14:19.901 D/EGL_emulation( 1731): eglMakeCurrent: 0xa0e33da0: ver 3 0 (tinfo 0x8fc19940)
12-14 00:14:19.970 V/StatusBar( 1731): setLightsOn(true)
12-14 00:14:20.017 I/zygote  ( 4293): Do partial code cache collection, code=28KB, data=30KB
12-14 00:14:20.018 I/zygote  ( 4293): After code cache collection, code=28KB, data=30KB
12-14 00:14:20.018 I/zygote  ( 4293): Increasing code cache capacity to 128KB
12-14 00:14:20.020 I/zygote  ( 4293): Do partial code cache collection, code=28KB, data=48KB
12-14 00:14:20.022 I/zygote  ( 4293): After code cache collection, code=28KB, data=48KB
12-14 00:14:20.022 I/zygote  ( 4293): Increasing code cache capacity to 256KB
12-14 00:14:20.022 I/zygote  ( 4293): JIT allocated 71KB for compiled code of void android.widget.TextView.<init>(android.content.Context, android.util.AttributeSet, int, int)
12-14 00:14:20.022 I/zygote  ( 4293): Compiler allocated 4MB to compile void android.widget.TextView.<init>(android.content.Context, android.util.AttributeSet, int, int)
12-14 00:14:20.051 V/StatusBar( 1731): setLightsOn(true)
12-14 00:14:20.058 I/chatty  ( 1731): uid=10028(u0_a28) com.android.systemui identical 2 lines
12-14 00:14:20.107 V/StatusBar( 1731): setLightsOn(true)
12-14 00:14:20.135 D/gralloc_ranchu( 1396): gralloc_alloc: Creating ashmem region of size 7753728
12-14 00:14:20.159 D/        ( 4293): HostConnection::get() New Host Connection established 0xa0db0b40, tid 4293
12-14 00:14:20.212 V/StatusBar( 1731): setLightsOn(true)
12-14 00:14:20.215 V/StatusBar( 1731): setLightsOn(true)
12-14 00:14:20.217 I/ActivityManager( 1627): Displayed com.evancharlton.mileage/.Mileage: +624ms
12-14 00:14:20.222 V/StatusBar( 1731): setLightsOn(true)
12-14 00:14:20.241 V/StatusBar( 1731): setLightsOn(true)
12-14 00:14:20.256 D/gralloc_ranchu( 1396): gralloc_alloc: Creating ashmem region of size 7753728
12-14 00:14:20.339 I/zygote  ( 4293): Do full code cache collection, code=125KB, data=71KB
12-14 00:14:20.341 I/zygote  ( 4293): After code cache collection, code=106KB, data=43KB
12-14 00:14:20.366 E/memtrack( 1627): Couldn't load memtrack module
12-14 00:14:20.366 W/android.os.Debug( 1627): failed to get memory consumption info: -1
12-14 00:14:20.407 V/StatusBar( 1731): setLightsOn(true)
12-14 00:14:20.437 W/SurfaceFlinger( 1412): couldn't log to binary event log: overflow.
12-14 00:14:20.442 V/StatusBar( 1731): setLightsOn(true)
12-14 00:14:20.459 V/StatusBar( 1731): setLightsOn(true)
12-14 00:14:20.522 I/PBSessionCacheImpl( 2175): Deleted sessionId[4207967309480] from persistence.
12-14 00:14:20.552 W/SearchService( 2175): Abort, client detached.
