--------- beginning of main
12-13 23:30:52.820 V/StatusBar( 1726): setLightsOn(true)
--------- beginning of system
12-13 23:30:52.826 W/ActivityManager( 1629): Finishing task with all activities already finished
12-13 23:30:52.826 W/ActivityManager( 1629): Duplicate finish request for ActivityRecord{a118913 u0 com.evancharlton.mileage/.Mileage t117 f}
12-13 23:30:52.829 W/ActivityManager( 1629): Finishing task with all activities already finished
12-13 23:30:52.829 W/ActivityManager( 1629): Duplicate finish request for ActivityRecord{a118913 u0 com.evancharlton.mileage/.Mileage t117 f}
12-13 23:30:52.830 W/ActivityManager( 1629): Finishing task with all activities already finished
12-13 23:30:52.830 W/ActivityManager( 1629): Duplicate finish request for ActivityRecord{a118913 u0 com.evancharlton.mileage/.Mileage t117 f}
12-13 23:30:52.854 E/NetworkScheduler.ATC( 1943): Called cancelTask for already completed task com.google.android.videos/.service.drm.RefreshLicenseTaskService{u=0 tag="refresh_license_forced" trigger=window{start=0s,end=1s,earliest=0s,latest=0s} requirements=[NET_CONNECTED] attributes=[] scheduled=0s last_run=0s exec_window_multiplier=1.0000 jid=N/A status=PENDING retries=0 client_lib=MANCHEGO_GCM-10400000} :0 [CONTEXT service_id=218 ]
12-13 23:30:52.889 V/StatusBar( 1726): setLightsOn(true)
12-13 23:30:52.902 I/chatty  ( 1726): uid=10028(u0_a28) com.android.systemui identical 1 line
12-13 23:30:52.917 V/StatusBar( 1726): setLightsOn(true)
12-13 23:30:52.921 D/gralloc_ranchu( 1396): gralloc_alloc: Creating ashmem region of size 8298496
12-13 23:30:52.937 I/chatty  ( 1396): uid=1000(system) allocator@2.0-s identical 1 line
12-13 23:30:52.949 D/gralloc_ranchu( 1396): gralloc_alloc: Creating ashmem region of size 8298496
12-13 23:30:52.959 W/NetworkScheduler( 1943): Immediate task was not started com.google.android.videos/.service.drm.RefreshLicenseTaskService{u=0 tag="refresh_license_forced" trigger=window{start=0s,end=1s,earliest=0s,latest=0s} requirements=[NET_CONNECTED] attributes=[] scheduled=0s last_run=N/A exec_window_multiplier=1.0000 jid=N/A status=PENDING retries=0 client_lib=MANCHEGO_GCM-10400000}. Rescheduling immediate tasks can cause excessive battery drain.
12-13 23:30:52.965 D/SurfaceFlinger( 1406): duplicate layer name: changing com.google.android.apps.nexuslauncher/com.google.android.apps.nexuslauncher.NexusLauncherActivity to com.google.android.apps.nexuslauncher/com.google.android.apps.nexuslauncher.NexusLauncherActivity#1
12-13 23:30:52.978 D/gralloc_ranchu( 1396): gralloc_alloc: Creating ashmem region of size 8298496
12-13 23:30:52.997 D/EGL_emulation( 1726): eglMakeCurrent: 0x86cc6fe0: ver 3 0 (tinfo 0x961c39d0)
12-13 23:30:52.999 D/gralloc_ranchu( 1396): gralloc_alloc: Creating ashmem region of size 8298496
12-13 23:30:53.078 D/gralloc_ranchu( 1396): gralloc_alloc: Creating ashmem region of size 8298496
12-13 23:30:53.091 W/BroadcastQueue( 1629): Permission Denial: broadcasting Intent { act=com.google.android.checkin.CHECKIN_COMPLETE flg=0x1000010 (has extras) } from com.google.android.gms (pid=2181, uid=10011) is not exported from uid 10023 due to receiver com.android.vending/com.google.android.finsky.checkin.CheckinReceiver
12-13 23:30:53.116 D/EGL_emulation( 2106): eglMakeCurrent: 0x9aa856c0: ver 3 0 (tinfo 0x9aa83410)
12-13 23:30:53.197 E/hw-IPCThreadState( 1396): binder thread pool (1 threads) starved for 119 ms
12-13 23:30:53.245 D/EGL_emulation( 2033): eglMakeCurrent: 0x9817c900: ver 3 0 (tinfo 0x9817fc10)
12-13 23:30:53.273 W/SessionLifecycleManager( 2106): Handover failed. Creating new session controller.
12-13 23:30:53.291 D/gralloc_ranchu( 1396): gralloc_alloc: Creating ashmem region of size 7753728
12-13 23:30:53.366 I/MicroDetectionWorker( 2106): #updateMicroDetector [detectionMode: [mDetectionMode: [1]]]
12-13 23:30:53.366 I/MicroDetectionWorker( 2106): #startMicroDetector [speakerMode: 0]
12-13 23:30:53.367 I/AudioController( 2106): Using mInputStreamFactoryBuilder
12-13 23:30:53.370 I/MicroRecognitionRunner( 2106): Starting detection.
12-13 23:30:53.397 D/        ( 1726): HostConnection::get() New Host Connection established 0x843186c0, tid 1751
12-13 23:30:53.402 I/MicrophoneInputStream( 2106): mic_starting com.google.android.apps.gsa.staticplugins.aa.c@7e68f5d
12-13 23:30:53.408 I/MicroDetectionWorker( 2106): onReady
12-13 23:30:53.423 D/EGL_emulation( 1726): eglMakeCurrent: 0x86cc6fe0: ver 3 0 (tinfo 0x961c39d0)
12-13 23:30:53.436 I/AudioFlinger( 1476): AudioFlinger's thread 0xaaa83840 tid=3932 ready to run
12-13 23:30:53.457 D/EGL_emulation( 1726): eglMakeCurrent: 0x86cc6fe0: ver 3 0 (tinfo 0x961c39d0)
12-13 23:30:53.459 I/MicrophoneInputStream( 2106): mic_started com.google.android.apps.gsa.staticplugins.aa.c@7e68f5d
12-13 23:30:53.512 E/ActivityThread( 2106): Failed to find provider info for com.google.android.apps.gsa.testing.ui.audio.recorded
12-13 23:30:53.512 I/MicroDetectionWorker( 2106): onReady
12-13 23:30:53.516 I/MicrophoneInputStream( 2106): mic_close com.google.android.apps.gsa.staticplugins.aa.c@7e68f5d
12-13 23:30:53.517 I/MicroRecognitionRunner( 2106): Detection finished
12-13 23:30:53.517 W/ErrorReporter( 2106): reportError [type: 211, code: 524300]: Error reading from input stream
12-13 23:30:53.518 I/MicroRecognitionRunner( 2106): Stopping hotword detection.
12-13 23:30:53.518 W/ErrorProcessor( 2106): onFatalError, processing error from engine(4)
12-13 23:30:53.518 W/ErrorProcessor( 2106): com.google.android.apps.gsa.shared.speech.b.g: Error reading from input stream
12-13 23:30:53.518 W/ErrorProcessor( 2106): 	at com.google.android.apps.gsa.staticplugins.recognizer.j.a.a(SourceFile:28)
12-13 23:30:53.518 W/ErrorProcessor( 2106): 	at com.google.android.apps.gsa.staticplugins.recognizer.j.b.run(SourceFile:15)
12-13 23:30:53.518 W/ErrorProcessor( 2106): 	at java.util.concurrent.Executors$RunnableAdapter.call(Executors.java:457)
12-13 23:30:53.518 W/ErrorProcessor( 2106): 	at java.util.concurrent.FutureTask.run(FutureTask.java:266)
12-13 23:30:53.518 W/ErrorProcessor( 2106): 	at com.google.android.apps.gsa.shared.util.concurrent.a.ax.run(SourceFile:14)
12-13 23:30:53.518 W/ErrorProcessor( 2106): 	at com.google.android.apps.gsa.shared.util.concurrent.a.bl.run(SourceFile:4)
12-13 23:30:53.518 W/ErrorProcessor( 2106): 	at com.google.android.apps.gsa.shared.util.concurrent.a.bl.run(SourceFile:4)
12-13 23:30:53.518 W/ErrorProcessor( 2106): 	at java.util.concurrent.ThreadPoolExecutor.runWorker(ThreadPoolExecutor.java:1162)
12-13 23:30:53.518 W/ErrorProcessor( 2106): 	at java.util.concurrent.ThreadPoolExecutor$Worker.run(ThreadPoolExecutor.java:636)
12-13 23:30:53.518 W/ErrorProcessor( 2106): 	at java.lang.Thread.run(Thread.java:764)
12-13 23:30:53.518 W/ErrorProcessor( 2106): 	at com.google.android.apps.gsa.shared.util.concurrent.a.ai.run(SourceFile:6)
12-13 23:30:53.518 W/ErrorProcessor( 2106): Caused by: com.google.android.apps.gsa.shared.exception.GsaIOException: Error code: 393238 | Buffer overflow, no available space.
12-13 23:30:53.518 W/ErrorProcessor( 2106): 	at com.google.android.apps.gsa.speech.audio.Tee.f(SourceFile:103)
12-13 23:30:53.518 W/ErrorProcessor( 2106): 	at com.google.android.apps.gsa.speech.audio.au.read(SourceFile:2)
12-13 23:30:53.518 W/ErrorProcessor( 2106): 	at java.io.InputStream.read(InputStream.java:101)
12-13 23:30:53.518 W/ErrorProcessor( 2106): 	at com.google.android.apps.gsa.speech.audio.ao.run(SourceFile:18)
12-13 23:30:53.518 W/ErrorProcessor( 2106): 	at com.google.android.apps.gsa.speech.audio.an.run(SourceFile:2)
12-13 23:30:53.518 W/ErrorProcessor( 2106): 	... 9 more
12-13 23:30:53.518 I/AudioController( 2106): internalShutdown
12-13 23:30:53.546 D/EGL_emulation( 1726): eglMakeCurrent: 0x86cc6fe0: ver 3 0 (tinfo 0x961c39d0)
12-13 23:30:53.550 E/TaskPersister( 1629): File error accessing recents directory (directory doesn't exist?).
12-13 23:30:53.558 I/MicroDetector( 2106): Keeping mic open: false
12-13 23:30:53.559 I/MicroDetectionWorker( 2106): #onError(false)
12-13 23:30:53.559 I/DeviceStateChecker( 2106): DeviceStateChecker cancelled
12-13 23:30:53.560 D/EGL_emulation( 1726): eglMakeCurrent: 0x86cc6fe0: ver 3 0 (tinfo 0x961c39d0)
12-13 23:30:53.633 I/chatty  ( 1726): uid=10028(u0_a28) RenderThread identical 4 lines
12-13 23:30:53.647 D/EGL_emulation( 1726): eglMakeCurrent: 0x86cc6fe0: ver 3 0 (tinfo 0x961c39d0)
12-13 23:30:53.723 I/zygote  ( 1726): NativeAllocBackground concurrent copying GC freed 24697(1683KB) AllocSpace objects, 0(0B) LOS objects, 50% free, 4MB/8MB, paused 539us total 156.306ms
12-13 23:30:53.729 W/OpenGLRenderer( 2033): Incorrectly called buildLayer on View: ShortcutAndWidgetContainer, destroying layer...
12-13 23:30:53.737 D/        ( 1726): HostConnection::get() New Host Connection established 0x84318600, tid 1746
12-13 23:30:53.819 D/OpenGLRenderer( 1629): HWUI GL Pipeline
12-13 23:30:53.839 I/ActivityManager( 1629): Killing 3367:com.android.externalstorage/u0a8 (adj 906): empty #17
12-13 23:30:53.840 W/ActivityManager( 1629): Background start not allowed: service Intent { cmp=com.google.android.videos/.service.pinning.TransferService (has extras) } to com.google.android.videos/.service.pinning.TransferService from pid=3887 uid=10072 pkg=com.google.android.videos
12-13 23:30:53.846 I/Finsky  ( 2603): [110] daj.a(7): Received content filters request from com.google.android.videos
12-13 23:30:53.871 I/PlayMovies( 3887): RefreshLicenseTaskService.forceLicenseRefreshNow:66 Scheduled task now refresh_license_forced
12-13 23:30:53.871 I/PlayMovies( 3887): 
12-13 23:30:53.874 D/PlayMovies( 3887): PersistentCache.cleanup:104 Cache is below limit, no need to shrink: [size=0, limit=5242880]
12-13 23:30:53.874 D/PlayMovies( 3887): 
12-13 23:30:53.888 D/Primes  ( 3887): Package metric disabled.
12-13 23:30:53.889 D/Primes  ( 3887): Battery metric disabled
12-13 23:30:53.889 D/Primes  ( 3887): MagicEye logging metric disabled
12-13 23:30:53.890 D/CryptdConnector( 1629): SND -> {11 cryptfs getpwtype}
12-13 23:30:53.890 D/VoldCryptCmdListener( 1343): cryptfs getpwtype
12-13 23:30:53.892 D/CryptdConnector( 1629): RCV <- {213 11 default}
12-13 23:30:53.893 E/SurfaceFlinger( 1406): ro.sf.lcd_density must be defined as a build property
12-13 23:30:53.895 D/        ( 1629): HostConnection::get() New Host Connection established 0x8187f880, tid 3940
12-13 23:30:53.896 I/OpenGLRenderer( 1629): Initialized EGL, version 1.4
12-13 23:30:53.896 D/OpenGLRenderer( 1629): Swap behavior 1
12-13 23:30:53.896 W/OpenGLRenderer( 1629): Failed to choose config with EGL_SWAP_BEHAVIOR_PRESERVED, retrying without...
12-13 23:30:53.896 D/OpenGLRenderer( 1629): Swap behavior 0
12-13 23:30:53.908 D/EGL_emulation( 1629): eglCreateContext: 0x97e6d8a0: maj 3 min 0 rcv 3
12-13 23:30:53.910 D/EGL_emulation( 1629): eglMakeCurrent: 0x97e6d8a0: ver 3 0 (tinfo 0x887e1730)
12-13 23:30:53.910 E/eglCodecCommon( 1629): glUtilsParamSize: unknow param 0x00008cdf
12-13 23:30:53.910 E/eglCodecCommon( 1629): glUtilsParamSize: unknow param 0x00008cdf
12-13 23:30:53.911 E/eglCodecCommon( 1629): glUtilsParamSize: unknow param 0x00008824
12-13 23:30:53.911 E/eglCodecCommon( 1629): glUtilsParamSize: unknow param 0x00008824
12-13 23:30:53.963 D/AndroidRuntime( 3918): >>>>>> START com.android.internal.os.RuntimeInit uid 2000 <<<<<<
12-13 23:30:53.974 I/zygote  ( 1629): NativeAllocBackground concurrent copying GC freed 12625(929KB) AllocSpace objects, 4(80KB) LOS objects, 37% free, 9MB/15MB, paused 4.911ms total 153.484ms
12-13 23:30:54.028 W/app_process( 3918): Unexpected CPU variant for X86 using defaults: x86
12-13 23:30:54.053 D/AndroidRuntime( 3918): Calling main entry com.android.commands.am.Am
12-13 23:30:54.055 I/ActivityManager( 1629): Force stopping com.evancharlton.mileage appid=10170 user=0: start instr
12-13 23:30:54.056 I/ActivityManager( 1629): Killing 3824:com.evancharlton.mileage/u0a170 (adj 0): stop com.evancharlton.mileage
12-13 23:30:54.063 W/ActivityManager( 1629): Crash of app com.evancharlton.mileage running instrumentation ComponentInfo{com.evancharlton.mileage.test/sh.calaba.instrumentationbackend.CalabashInstrumentationTestRunner}
12-13 23:30:54.063 I/ActivityManager( 1629): Force stopping com.evancharlton.mileage appid=10170 user=0: finished inst
12-13 23:30:54.075 I/zygote  ( 2106): Do full code cache collection, code=242KB, data=195KB
12-13 23:30:54.076 I/zygote  ( 2106): After code cache collection, code=234KB, data=160KB
12-13 23:30:54.077 I/zygote  ( 3953): Not late-enabling -Xcheck:jni (already on)
12-13 23:30:54.079 I/ActivityManager( 1629): Start proc 3953:com.evancharlton.mileage/u0a170 for added application com.evancharlton.mileage
12-13 23:30:54.083 D/AndroidRuntime( 3918): Shutting down VM
12-13 23:30:54.110 W/zygote  ( 3953): Unexpected CPU variant for X86 using defaults: x86
12-13 23:30:54.121 E/adbd    ( 1383): failed to connect to socket 'tcp:7102': Connection refused
12-13 23:30:54.127 E/adbd    ( 1383): failed to connect to socket 'tcp:7102': Connection refused
12-13 23:30:54.143 W/ActivityManager( 1629): setHasOverlayUi called on unknown pid: 3824
12-13 23:30:54.156 W/zygote  ( 3953): Found duplicate classes, falling back to extracting from APK : /data/app/com.evancharlton.mileage.test-OkGuFx086JJBQzNBV3Ig_w==/base.apk
12-13 23:30:54.156 W/zygote  ( 3953): NOTE: This wastes RAM and hurts startup performance.
12-13 23:30:54.156 W/zygote  ( 3953): Found duplicated class when checking oat files: 'Ljunit/runner/BaseTestRunner;' in /data/app/com.evancharlton.mileage.test-OkGuFx086JJBQzNBV3Ig_w==/base.apk and /system/framework/android.test.runner.jar
12-13 23:30:54.156 W/zygote  ( 3953): 
12-13 23:30:54.162 I/NetworkScheduler.Stats( 1943): Task com.google.android.videos/ finished executing. cause:7 result: 6 elapsed_millis: 85 uptime_millis: 85 exec_start_elapsed_seconds: 57 [CONTEXT service_id=218 ]
12-13 23:30:54.162 W/NetworkScheduler( 1943): No record of active task com.google.android.videos/.service.drm.RefreshLicenseTaskService{u=0 tag="refresh_license_forced" trigger=window{start=0s,end=1s,earliest=-1s,latest=0s} requirements=[NET_CONNECTED] attributes=[] scheduled=-1s last_run=-1s exec_window_multiplier=1.0000 jid=N/A status=PENDING retries=0 client_lib=MANCHEGO_GCM-10400000}
12-13 23:30:54.206 W/System  ( 3953): ClassLoader referenced unknown path: 
12-13 23:30:54.234 I/System.out( 3953): Main activity name automatically set to: com.evancharlton.mileage.Mileage
12-13 23:30:54.235 I/System.out( 3953): Calabash did not load Mono. This is only a problem if you are trying to test a Mono application
12-13 23:30:54.237 I/calabash( 3953): Test server port: 7102
12-13 23:30:54.239 E/adbd    ( 1383): failed to connect to socket 'tcp:7102': Connection refused
12-13 23:30:54.241 I/InstrumentationBackend( 3953): Added:'GetPreferences', with key:'get_preferences'
12-13 23:30:54.245 E/adbd    ( 1383): failed to connect to socket 'tcp:7102': Connection refused
12-13 23:30:54.321 I/PlayMovies( 3887): RefreshLicenseTaskService.onRunTask:96 On run task refresh_license_forced
12-13 23:30:54.321 I/PlayMovies( 3887): 
12-13 23:30:54.356 I/zygote  ( 1943): Deoptimizing java.lang.String asqf.i(android.os.Bundle) due to JIT inline cache
12-13 23:30:54.365 E/adbd    ( 1383): failed to connect to socket 'tcp:7102': Connection refused
12-13 23:30:54.368 E/adbd    ( 1383): failed to connect to socket 'tcp:7102': Connection refused
12-13 23:30:54.395 I/InstrumentationBackend( 3953): Added:'SetPreferences', with key:'set_preferences'
12-13 23:30:54.395 I/InstrumentationBackend( 3953): Added:'ClearPreferences', with key:'clear_preferences'
12-13 23:30:54.400 I/InstrumentationBackend( 3953): Added:'PressElement', with key:'press_l10n_element'
12-13 23:30:54.401 I/InstrumentationBackend( 3953): Added:'WaitForElement', with key:'wait_for_l10n_element'
12-13 23:30:54.403 I/InstrumentationBackend( 3953): Added:'NullAction', with key:'nullAction'
12-13 23:30:54.404 I/InstrumentationBackend( 3953): Added:'PressKey', with key:'press_key'
12-13 23:30:54.404 I/InstrumentationBackend( 3953): Added:'SetActivityOrientation', with key:'set_activity_orientation'
12-13 23:30:54.404 I/InstrumentationBackend( 3953): Added:'GetActivityOrientation', with key:'get_activity_orientation'
12-13 23:30:54.405 I/InstrumentationBackend( 3953): Added:'FakeGPSLocation', with key:'set_gps_coordinates'
12-13 23:30:54.405 I/InstrumentationBackend( 3953): Added:'SetPropertyByCssSelector', with key:'set_property_by_css_selector'
12-13 23:30:54.407 I/InstrumentationBackend( 3953): Added:'GetUrl', with key:'get_url'
12-13 23:30:54.409 I/InstrumentationBackend( 3953): Added:'ScrollTo', with key:'scroll_to'
12-13 23:30:54.409 I/InstrumentationBackend( 3953): Added:'GetLoadProgress', with key:'get_load_progress'
12-13 23:30:54.410 I/InstrumentationBackend( 3953): Added:'DumpHtml', with key:'dump_html'
12-13 23:30:54.410 I/InstrumentationBackend( 3953): Added:'DumpBodyHtml', with key:'dump_body_html'
12-13 23:30:54.411 I/InstrumentationBackend( 3953): Added:'EnterTextByCssSelector', with key:'enter_text_by_selector'
12-13 23:30:54.417 I/InstrumentationBackend( 3953): Added:'AndroidSDKVersion', with key:'android_sdk_version'
12-13 23:30:54.417 I/InstrumentationBackend( 3953): Added:'Version', with key:'version'
12-13 23:30:54.418 I/InstrumentationBackend( 3953): Added:'Drag', with key:'drag'
12-13 23:30:54.418 I/InstrumentationBackend( 3953): Added:'TouchCoordinates', with key:'touch_coordinate'
12-13 23:30:54.418 I/InstrumentationBackend( 3953): Added:'LongPressCoordinate', with key:'long_press_coordinate'
12-13 23:30:54.418 I/InstrumentationBackend( 3953): Added:'DragCoordinates', with key:'drag_coordinates'
12-13 23:30:54.419 I/InstrumentationBackend( 3953): Added:'ResumeApplication', with key:'resume_application'
12-13 23:30:54.423 I/InstrumentationBackend( 3953): Added:'Swipe', with key:'swipe'
12-13 23:30:54.423 I/InstrumentationBackend( 3953): Added:'DoubleTapCoordinate', with key:'double_tap_coordinate'
12-13 23:30:54.423 I/InstrumentationBackend( 3953): Added:'ClickOnScreen', with key:'click_on_screen'
12-13 23:30:54.424 I/InstrumentationBackend( 3953): Added:'GetActivityName', with key:'get_activity_name'
12-13 23:30:54.424 I/InstrumentationBackend( 3953): Added:'ScrollToView', with key:'scroll_to_view'
12-13 23:30:54.425 I/InstrumentationBackend( 3953): Added:'ViewConfiguration', with key:'view_configuration'
12-13 23:30:54.425 I/InstrumentationBackend( 3953): Added:'IsCurrentActivityFocused', with key:'is_current_activity_focused'
12-13 23:30:54.426 I/InstrumentationBackend( 3953): Added:'SendTcp', with key:'send_tcp'
12-13 23:30:54.426 I/InstrumentationBackend( 3953): Added:'DpToDevicePixel', with key:'dp_to_device_pixel'
12-13 23:30:54.426 I/InstrumentationBackend( 3953): Added:'KeyboardEnterText', with key:'keyboard_enter_text'
12-13 23:30:54.427 I/InstrumentationBackend( 3953): Added:'DeleteSurroundingText', with key:'delete_surrounding_text'
12-13 23:30:54.427 I/InstrumentationBackend( 3953): Added:'SetComposingRegion', with key:'set_composing_region'
12-13 23:30:54.430 I/InstrumentationBackend( 3953): Added:'SetSelection', with key:'set_selection'
12-13 23:30:54.431 I/InstrumentationBackend( 3953): Added:'KeyboardKeyEvent', with key:'keyboard_key_event'
12-13 23:30:54.432 I/InstrumentationBackend( 3953): Added:'PressUserActionButton', with key:'press_user_action_button'
12-13 23:30:54.433 I/InstrumentationBackend( 3953): Added:'HideSoftKeyboard', with key:'hide_soft_keyboard'
12-13 23:30:54.434 I/InstrumentationBackend( 3953): Added:'ListActions', with key:'list_actions'
12-13 23:30:54.434 I/calabash( 3953): Instantiating http server at 7102
12-13 23:30:54.435 I/System.out( 3953): HTTP Daemon listening on: 7102
12-13 23:30:54.476 I/System.out( 3953): URI: //ping
12-13 23:30:54.476 I/System.out( 3953): params: {json={}
12-13 23:30:54.476 I/System.out( 3953): }
12-13 23:30:54.488 I/System.out( 3953): URI: //ping
12-13 23:30:54.488 I/System.out( 3953): params: {json={}
12-13 23:30:54.488 I/System.out( 3953): }
12-13 23:30:54.494 I/System.out( 3953): URI: //ready
12-13 23:30:54.494 I/System.out( 3953): params: {json={}
12-13 23:30:54.494 I/System.out( 3953): }
12-13 23:30:54.506 I/System.out( 3953): URI: //
12-13 23:30:54.506 I/System.out( 3953): params: {json={"command":"version","arguments":[]}
12-13 23:30:54.506 I/System.out( 3953): }
12-13 23:30:54.507 I/System.out( 3953): header: {content-type=application/json;charset=utf-8, date=Mon, 14 Dec 2020 04:30:54 GMT, accept=*/*, host=127.0.0.1:34777, content-length=36, user-agent=HTTPClient/1.0 (2.8.3, ruby 2.5.8 (2020-03-31))}
12-13 23:30:54.507 I/System.out( 3953): params: {json={"command":"version","arguments":[]}
12-13 23:30:54.507 I/System.out( 3953): }
12-13 23:30:54.507 I/System.out( 3953): ProP json = {"command":"version","arguments":[]}
12-13 23:30:54.507 I/System.out( 3953): files: {}
12-13 23:30:54.507 I/System.out( 3953): command: {"command":"version","arguments":[]}
12-13 23:30:54.525 D/BoundBrokerSvc( 1943): onBind: Intent { act=com.google.android.gms.tapandpay.service.BIND cmp=com.google.android.gms/.chimera.PersistentApiService }
12-13 23:30:54.525 D/BoundBrokerSvc( 1943): Loading bound service for intent: Intent { act=com.google.android.gms.tapandpay.service.BIND cmp=com.google.android.gms/.chimera.PersistentApiService }
12-13 23:30:54.567 E/Pay     ( 2181): No account found on the task or the device. Notification task will not be rescheduled. [CONTEXT service_id=198 ]
12-13 23:30:54.572 I/InstrumentationBackend( 3953): Got command:'Command:'Line:null,version', arguments:'[]'
12-13 23:30:54.616 V/LifecycleAwareServiceBi( 2603): notify unbound
12-13 23:30:54.616 V/LifecycleAwareServiceBi( 2603): com.google.common.flogger.LogSiteStackTrace: MEDIUM
12-13 23:30:54.616 V/LifecycleAwareServiceBi( 2603): 	at com.google.frameworks.client.data.android.binder.LifecycleAwareServiceBinding.h(PG:1)
12-13 23:30:54.616 V/LifecycleAwareServiceBi( 2603): 	at axqg.run(Unknown Source:4)
12-13 23:30:54.616 V/LifecycleAwareServiceBi( 2603): 	at android.os.Handler.handleCallback(Handler.java:789)
12-13 23:30:54.616 V/LifecycleAwareServiceBi( 2603): 	at android.os.Handler.dispatchMessage(Handler.java:98)
12-13 23:30:54.616 V/LifecycleAwareServiceBi( 2603): 	at android.os.Looper.loop(Looper.java:164)
12-13 23:30:54.616 V/LifecycleAwareServiceBi( 2603): 	at android.app.ActivityThread.main(ActivityThread.java:6541)
12-13 23:30:54.616 V/LifecycleAwareServiceBi( 2603): 	at java.lang.reflect.Method.invoke(Native Method)
12-13 23:30:54.616 V/LifecycleAwareServiceBi( 2603): 	at com.android.internal.os.Zygote$MethodAndArgsCaller.run(Zygote.java:240)
12-13 23:30:54.616 V/LifecycleAwareServiceBi( 2603): 	at com.android.internal.os.ZygoteInit.main(ZygoteInit.java:767)
12-13 23:30:54.616 V/LifecycleAwareServiceBi( 2603): notify unbound - notifying
12-13 23:30:54.617 I/Finsky:download_service( 2838): [2] sxn.onDestroy(8): IPC-SERVER: Stopping gRPC host service...
12-13 23:30:54.658 I/System.out( 3953): result:{"bonusInformation":[],"message":"0.9.8","success":true}
12-13 23:30:54.671 I/System.out( 3953): URI: //start-application
12-13 23:30:54.671 I/System.out( 3953): params: {json={"intent":null}
12-13 23:30:54.671 I/System.out( 3953): }
12-13 23:30:54.736 I/ActivityManager( 1629): START u0 {act=android.intent.action.MAIN cat=[android.intent.category.LAUNCHER] flg=0x10200000 cmp=com.evancharlton.mileage/.Mileage} from uid 10170
12-13 23:30:54.761 D/gralloc_ranchu( 1396): gralloc_alloc: Creating ashmem region of size 7753728
12-13 23:30:54.769 I/calabash( 3953): newActivity1
12-13 23:30:54.831 D/EGL_emulation( 2033): eglMakeCurrent: 0x9817c900: ver 3 0 (tinfo 0x9817fc10)
12-13 23:30:54.835 D/EGL_emulation( 2106): eglMakeCurrent: 0x9aa856c0: ver 3 0 (tinfo 0x9aa83410)
12-13 23:30:54.842 V/StatusBar( 1726): setLightsOn(true)
12-13 23:30:54.857 D/EGL_emulation( 1726): eglMakeCurrent: 0x86cc6fe0: ver 3 0 (tinfo 0x961c39d0)
12-13 23:30:54.864 V/StatusBar( 1726): setLightsOn(true)
12-13 23:30:54.867 W/ResourceType( 1629): ResTable_typeSpec entry count inconsistent: given 67, previously 69
12-13 23:30:54.867 W/ResourceType( 1629): ResTable_typeSpec entry count inconsistent: given 5411, previously 5412
12-13 23:30:54.871 I/InputReader( 1629): Reconfiguring input devices.  changes=0x00000010
12-13 23:30:54.878 I/zygote  ( 1943): Deoptimizing bsbk brqx.D(int) due to JIT inline cache
12-13 23:30:54.883 W/ActivityManager( 1629): Bad activity token: android.os.BinderProxy@950145a
12-13 23:30:54.883 W/ActivityManager( 1629): java.lang.ClassCastException: android.os.BinderProxy cannot be cast to com.android.server.am.ActivityRecord$Token
12-13 23:30:54.883 W/ActivityManager( 1629): 	at com.android.server.am.ActivityRecord.forTokenLocked(ActivityRecord.java:778)
12-13 23:30:54.883 W/ActivityManager( 1629): 	at com.android.server.am.ActivityRecord.isInStackLocked(ActivityRecord.java:2085)
12-13 23:30:54.883 W/ActivityManager( 1629): 	at com.android.server.am.ActivityRecord.getStackLocked(ActivityRecord.java:2090)
12-13 23:30:54.883 W/ActivityManager( 1629): 	at com.android.server.am.ActivityManagerService.getActivityDisplayId(ActivityManagerService.java:10406)
12-13 23:30:54.883 W/ActivityManager( 1629): 	at android.app.IActivityManager$Stub.onTransact(IActivityManager.java:2738)
12-13 23:30:54.883 W/ActivityManager( 1629): 	at com.android.server.am.ActivityManagerService.onTransact(ActivityManagerService.java:2935)
12-13 23:30:54.883 W/ActivityManager( 1629): 	at android.os.Binder.execTransact(Binder.java:674)
12-13 23:30:54.884 D/EGL_emulation( 1726): eglMakeCurrent: 0x86cc6fe0: ver 3 0 (tinfo 0x961c39d0)
12-13 23:30:54.886 I/calabash( 3953): newActivity1
12-13 23:30:54.897 D/EGL_emulation( 1726): eglMakeCurrent: 0x86cc6fe0: ver 3 0 (tinfo 0x961c39d0)
12-13 23:30:54.912 W/ActivityManager( 1629): Bad activity token: android.os.BinderProxy@950145a
12-13 23:30:54.912 W/ActivityManager( 1629): java.lang.ClassCastException: android.os.BinderProxy cannot be cast to com.android.server.am.ActivityRecord$Token
12-13 23:30:54.912 W/ActivityManager( 1629): 	at com.android.server.am.ActivityRecord.forTokenLocked(ActivityRecord.java:778)
12-13 23:30:54.912 W/ActivityManager( 1629): 	at com.android.server.am.ActivityRecord.isInStackLocked(ActivityRecord.java:2085)
12-13 23:30:54.912 W/ActivityManager( 1629): 	at com.android.server.am.ActivityManagerService.setTaskDescription(ActivityManagerService.java:9988)
12-13 23:30:54.912 W/ActivityManager( 1629): 	at android.app.IActivityManager$Stub.onTransact(IActivityManager.java:2824)
12-13 23:30:54.912 W/ActivityManager( 1629): 	at com.android.server.am.ActivityManagerService.onTransact(ActivityManagerService.java:2935)
12-13 23:30:54.912 W/ActivityManager( 1629): 	at android.os.Binder.execTransact(Binder.java:674)
12-13 23:30:54.934 I/Telecom ( 1629): DefaultDialerCache: Refreshing default dialer for user 0: now com.google.android.dialer: DDC.oR@AE0
12-13 23:30:54.939 W/ResourceType( 1629): ResTable_typeSpec entry count inconsistent: given 67, previously 69
12-13 23:30:54.939 W/ResourceType( 1629): ResTable_typeSpec entry count inconsistent: given 5411, previously 5412
12-13 23:30:54.939 D/EGL_emulation( 1726): eglMakeCurrent: 0x86cc6fe0: ver 3 0 (tinfo 0x961c39d0)
12-13 23:30:54.944 W/ActivityManager( 1629): Bad activity token: android.os.BinderProxy@950145a
12-13 23:30:54.944 W/ActivityManager( 1629): java.lang.ClassCastException: android.os.BinderProxy cannot be cast to com.android.server.am.ActivityRecord$Token
12-13 23:30:54.944 W/ActivityManager( 1629): 	at com.android.server.am.ActivityRecord.forTokenLocked(ActivityRecord.java:778)
12-13 23:30:54.944 W/ActivityManager( 1629): 	at com.android.server.am.ActivityRecord.isInStackLocked(ActivityRecord.java:2085)
12-13 23:30:54.944 W/ActivityManager( 1629): 	at com.android.server.am.ActivityRecord.getStackLocked(ActivityRecord.java:2090)
12-13 23:30:54.944 W/ActivityManager( 1629): 	at com.android.server.am.ActivityManagerService.getActivityStackId(ActivityManagerService.java:10417)
12-13 23:30:54.944 W/ActivityManager( 1629): 	at android.app.IActivityManager$Stub.onTransact(IActivityManager.java:3548)
12-13 23:30:54.944 W/ActivityManager( 1629): 	at com.android.server.am.ActivityManagerService.onTransact(ActivityManagerService.java:2935)
12-13 23:30:54.944 W/ActivityManager( 1629): 	at android.os.Binder.execTransact(Binder.java:674)
12-13 23:30:54.990 I/chatty  ( 1726): uid=10028(u0_a28) RenderThread identical 4 lines
12-13 23:30:54.995 D/EGL_emulation( 1726): eglMakeCurrent: 0x86cc6fe0: ver 3 0 (tinfo 0x961c39d0)
12-13 23:30:54.998 V/StatusBar( 1726): setLightsOn(true)
12-13 23:30:55.012 E/ContentStoreEUAS( 2106): Failed to commit the deferred actions
12-13 23:30:55.019 D/EGL_emulation( 1726): eglMakeCurrent: 0x86cc6fe0: ver 3 0 (tinfo 0x961c39d0)
12-13 23:30:55.024 D/CarrierSvcBindHelper( 1827): No carrier app for: 0
12-13 23:30:55.024 D/ImsResolver( 1827): maybeAddedImsService, packageName: com.google.android.gms
12-13 23:30:55.024 W/audio_hw_generic( 1390): Not supplying enough data to HAL, expected position 310673 , only wrote 157680
12-13 23:30:55.038 D/EGL_emulation( 1726): eglMakeCurrent: 0x86cc6fe0: ver 3 0 (tinfo 0x961c39d0)
12-13 23:30:55.050 D/EGL_emulation( 1726): eglMakeCurrent: 0x86cc6fe0: ver 3 0 (tinfo 0x961c39d0)
12-13 23:30:55.058 I/Fitness ( 1943): OnPackageChangedOperation got intent: Intent { act=android.intent.action.PACKAGE_CHANGED dat=package:com.google.android.gms flg=0x45000010 pkg=com.google.android.gms cmp=com.google.android.gms/.chimera.PersistentIntentOperationService (has extras) } [CONTEXT service_id=17 ]
12-13 23:30:55.063 D/EGL_emulation( 1726): eglMakeCurrent: 0x86cc6fe0: ver 3 0 (tinfo 0x961c39d0)
12-13 23:30:55.074 D/EGL_emulation( 1726): eglMakeCurrent: 0x86cc6fe0: ver 3 0 (tinfo 0x961c39d0)
12-13 23:30:55.078 W/PeopleGalProvider( 2181): Not enabled to outside of GmsCore.
12-13 23:30:55.078 I/PeopleGalProvider( 2181): Method 0 completed.
12-13 23:30:55.107 I/ContactDirectoryManager( 2038): Directory provider com.google.android.gms(com.google.android.gms.people.gal.provider) returned a NULL cursor.
12-13 23:30:55.124 I/Fitness ( 1943): FitCleanupIntentOperation received Intent android.intent.action.PACKAGE_CHANGED [CONTEXT service_id=17 ]
12-13 23:30:55.159 I/zygote  ( 2181): Deoptimizing void bpsi.close() due to JIT inline cache
12-13 23:30:55.211 I/ProvidersCache( 3346): Provider returned no roots. Possibly naughty: com.google.android.apps.docs.storage
12-13 23:30:55.234 W/ActivityManager( 1629): Bad activity token: android.os.BinderProxy@950145a
12-13 23:30:55.234 W/ActivityManager( 1629): java.lang.ClassCastException: android.os.BinderProxy cannot be cast to com.android.server.am.ActivityRecord$Token
12-13 23:30:55.234 W/ActivityManager( 1629): 	at com.android.server.am.ActivityRecord.forTokenLocked(ActivityRecord.java:778)
12-13 23:30:55.234 W/ActivityManager( 1629): 	at com.android.server.am.ActivityRecord.isInStackLocked(ActivityRecord.java:2085)
12-13 23:30:55.234 W/ActivityManager( 1629): 	at com.android.server.am.ActivityManagerService.getActivityOptions(ActivityManagerService.java:13302)
12-13 23:30:55.234 W/ActivityManager( 1629): 	at android.app.IActivityManager$Stub.onTransact(IActivityManager.java:2910)
12-13 23:30:55.234 W/ActivityManager( 1629): 	at com.android.server.am.ActivityManagerService.onTransact(ActivityManagerService.java:2935)
12-13 23:30:55.234 W/ActivityManager( 1629): 	at android.os.Binder.execTransact(Binder.java:674)
12-13 23:30:55.235 W/ActivityManager( 1629): Bad activity token: android.os.BinderProxy@950145a
12-13 23:30:55.235 W/ActivityManager( 1629): java.lang.ClassCastException: android.os.BinderProxy cannot be cast to com.android.server.am.ActivityRecord$Token
12-13 23:30:55.235 W/ActivityManager( 1629): 	at com.android.server.am.ActivityRecord.forTokenLocked(ActivityRecord.java:778)
12-13 23:30:55.235 W/ActivityManager( 1629): 	at com.android.server.am.ActivityRecord.isInStackLocked(ActivityRecord.java:2085)
12-13 23:30:55.235 W/ActivityManager( 1629): 	at com.android.server.am.ActivityManagerService.getActivityOptions(ActivityManagerService.java:13302)
12-13 23:30:55.235 W/ActivityManager( 1629): 	at android.app.IActivityManager$Stub.onTransact(IActivityManager.java:2910)
12-13 23:30:55.235 W/ActivityManager( 1629): 	at com.android.server.am.ActivityManagerService.onTransact(ActivityManagerService.java:2935)
12-13 23:30:55.235 W/ActivityManager( 1629): 	at android.os.Binder.execTransact(Binder.java:674)
12-13 23:30:55.247 I/Icing   ( 2181): IndexChimeraService.getServiceInterface callingPackage=com.google.android.gms componentName=AppsCorpus serviceId=36
12-13 23:30:55.263 V/StatusBar( 1726): setLightsOn(true)
12-13 23:30:55.301 I/Icing   ( 2181): updateResources: need to parse adiq{com.google.android.gms}
12-13 23:30:55.303 I/zygote  ( 2181): Deoptimizing brse brse.p(int, java.lang.Object[]) due to JIT inline cache
12-13 23:30:55.451 V/StatusBar( 1726): setLightsOn(true)
12-13 23:30:55.452 I/zygote  ( 3953): Do partial code cache collection, code=27KB, data=30KB
12-13 23:30:55.452 I/zygote  ( 3953): After code cache collection, code=27KB, data=30KB
12-13 23:30:55.452 I/zygote  ( 3953): Increasing code cache capacity to 128KB
12-13 23:30:55.456 V/StatusBar( 1726): setLightsOn(true)
12-13 23:30:55.463 V/StatusBar( 1726): setLightsOn(true)
12-13 23:30:55.526 I/zygote  ( 3953): Do partial code cache collection, code=27KB, data=51KB
12-13 23:30:55.531 I/zygote  ( 3953): After code cache collection, code=27KB, data=51KB
12-13 23:30:55.531 I/zygote  ( 3953): Increasing code cache capacity to 256KB
12-13 23:30:55.531 I/zygote  ( 3953): JIT allocated 71KB for compiled code of void android.widget.TextView.<init>(android.content.Context, android.util.AttributeSet, int, int)
12-13 23:30:55.532 I/zygote  ( 3953): Compiler allocated 4MB to compile void android.widget.TextView.<init>(android.content.Context, android.util.AttributeSet, int, int)
12-13 23:30:55.539 D/gralloc_ranchu( 1396): gralloc_alloc: Creating ashmem region of size 7753728
12-13 23:30:55.565 V/StatusBar( 1726): setLightsOn(true)
12-13 23:30:55.567 D/        ( 3953): HostConnection::get() New Host Connection established 0x97eb0e00, tid 3953
12-13 23:30:55.574 V/StatusBar( 1726): setLightsOn(true)
12-13 23:30:55.606 W/Binder  ( 1629): Outgoing transactions from this process must be FLAG_ONEWAY
12-13 23:30:55.606 W/Binder  ( 1629): java.lang.Throwable
12-13 23:30:55.606 W/Binder  ( 1629): 	at android.os.BinderProxy.transact(Binder.java:736)
12-13 23:30:55.606 W/Binder  ( 1629): 	at com.android.internal.location.ILocationProvider$Stub$Proxy.getProperties(ILocationProvider.java:232)
12-13 23:30:55.606 W/Binder  ( 1629): 	at com.android.server.location.LocationProviderProxy$1.run(LocationProviderProxy.java:119)
12-13 23:30:55.606 W/Binder  ( 1629): 	at android.os.Handler.handleCallback(Handler.java:789)
12-13 23:30:55.606 W/Binder  ( 1629): 	at android.os.Handler.dispatchMessage(Handler.java:98)
12-13 23:30:55.606 W/Binder  ( 1629): 	at android.os.Looper.loop(Looper.java:164)
12-13 23:30:55.606 W/Binder  ( 1629): 	at android.os.HandlerThread.run(HandlerThread.java:65)
12-13 23:30:55.609 W/Binder  ( 1629): Outgoing transactions from this process must be FLAG_ONEWAY
12-13 23:30:55.609 W/Binder  ( 1629): java.lang.Throwable
12-13 23:30:55.609 W/Binder  ( 1629): 	at android.os.BinderProxy.transact(Binder.java:736)
12-13 23:30:55.609 W/Binder  ( 1629): 	at com.android.internal.location.ILocationProvider$Stub$Proxy.getProperties(ILocationProvider.java:232)
12-13 23:30:55.609 W/Binder  ( 1629): 	at com.android.server.location.LocationProviderProxy$1.run(LocationProviderProxy.java:119)
12-13 23:30:55.609 W/Binder  ( 1629): 	at android.os.Handler.handleCallback(Handler.java:789)
12-13 23:30:55.609 W/Binder  ( 1629): 	at android.os.Handler.dispatchMessage(Handler.java:98)
12-13 23:30:55.609 W/Binder  ( 1629): 	at android.os.Looper.loop(Looper.java:164)
12-13 23:30:55.609 W/Binder  ( 1629): 	at android.os.HandlerThread.run(HandlerThread.java:65)
12-13 23:30:55.617 E/memtrack( 1629): Couldn't load memtrack module
12-13 23:30:55.617 W/android.os.Debug( 1629): failed to get memory consumption info: -1
12-13 23:30:55.638 W/Icing   ( 2181): No valid account for uploading user actions
12-13 23:30:55.650 V/StatusBar( 1726): setLightsOn(true)
12-13 23:30:55.654 I/ActivityManager( 1629): Displayed com.evancharlton.mileage/.Mileage: +893ms
12-13 23:30:55.672 V/StatusBar( 1726): setLightsOn(true)
12-13 23:30:55.674 D/gralloc_ranchu( 1396): gralloc_alloc: Creating ashmem region of size 7753728
12-13 23:30:55.681 V/StatusBar( 1726): setLightsOn(true)
12-13 23:30:55.746 I/Icing   ( 2181): IndexChimeraService.getServiceInterface callingPackage=com.google.android.gms componentName=null serviceId=30
12-13 23:30:55.842 D/BoundBrokerSvc( 1943): onUnbind: Intent { act=com.google.android.gms.clearcut.bootcount.service.START cmp=com.google.android.gms/.chimera.PersistentBoundBrokerService }
12-13 23:30:55.854 I/zygote  ( 2181): Background concurrent copying GC freed 53558(3MB) AllocSpace objects, 39(792KB) LOS objects, 47% free, 6MB/12MB, paused 650us total 162.945ms
12-13 23:30:55.873 V/StatusBar( 1726): setLightsOn(true)
12-13 23:30:55.893 W/SurfaceFlinger( 1406): couldn't log to binary event log: overflow.
12-13 23:30:55.952 I/Icing   ( 2181): Usage reports ok 1, Failed Usage reports 0, indexed 0, rejected 0
12-13 23:30:55.967 W/Icing   ( 2181): No valid account for uploading user actions
12-13 23:30:55.982 I/PBSessionCacheImpl( 2106): Deleted sessionId[2764858271590] from persistence.
12-13 23:30:55.982 I/System.out( 3953): URI: //map
12-13 23:30:55.982 I/System.out( 3953): params: {json={"query":"android.widget.CheckBox index:0","operation":{"method_name":"query","arguments":[]}}
12-13 23:30:55.982 I/System.out( 3953): }
12-13 23:30:55.990 I/Icing   ( 2181): Usage reports ok 0, Failed Usage reports 0, indexed 0, rejected 0
12-13 23:30:55.994 E/NetworkScheduler.ATC( 1943): Called cancelTask for already completed task com.google.android.videos/.service.drm.RefreshLicenseTaskService{u=0 tag="refresh_license_forced" trigger=window{start=0s,end=1s,earliest=-3s,latest=-2s} requirements=[NET_CONNECTED] attributes=[] scheduled=-3s last_run=-1s exec_window_multiplier=1.0000 jid=N/A status=ACTIVE retries=0 client_lib=MANCHEGO_GCM-10400000} :0 [CONTEXT service_id=218 ]
12-13 23:30:55.997 I/zygote  ( 3953): Do full code cache collection, code=125KB, data=72KB
12-13 23:30:56.001 W/SearchService( 2106): Abort, client detached.
12-13 23:30:56.003 I/Icing   ( 2181): Indexing com.google.android.gms-apps from com.google.android.gms
12-13 23:30:56.007 I/Icing   ( 2181): Indexing done com.google.android.gms-apps
12-13 23:30:56.009 I/zygote  ( 3953): After code cache collection, code=112KB, data=48KB
12-13 23:30:56.023 W/NetworkScheduler( 1943): Immediate task was not started com.google.android.videos/.service.drm.RefreshLicenseTaskService{u=0 tag="refresh_license_forced" trigger=window{start=0s,end=1s,earliest=-1s,latest=0s} requirements=[NET_CONNECTED] attributes=[] scheduled=-1s last_run=N/A exec_window_multiplier=1.0000 jid=N/A status=PENDING retries=0 client_lib=MANCHEGO_GCM-10400000}. Rescheduling immediate tasks can cause excessive battery drain.
12-13 23:30:56.024 I/NetworkScheduler.Stats( 1943): Task com.google.android.videos/ started execution. cause:4 exec_start_elapsed_seconds: 58 [CONTEXT service_id=218 ]
12-13 23:30:56.025 I/NetworkScheduler.Stats( 1943): Task com.google.android.videos/ finished executing. cause:4 result: 1 elapsed_millis: 35 uptime_millis: 35 exec_start_elapsed_seconds: 58 [CONTEXT service_id=218 ]
12-13 23:30:56.026 I/NetworkScheduler.Stats( 1943): Task com.google.android.gms/com.google.android.gms.pay.gcmtask.PayGcmTaskService started execution. cause:7 exec_start_elapsed_seconds: 59 [CONTEXT service_id=218 ]
12-13 23:30:56.027 I/NetworkScheduler.Stats( 1943): Task com.google.android.gms/com.google.android.gms.pay.gcmtask.PayGcmTaskService finished executing. cause:7 result: 2 elapsed_millis: 113 uptime_millis: 113 exec_start_elapsed_seconds: 59 [CONTEXT service_id=218 ]
12-13 23:30:56.150 I/NetworkScheduler.Stats( 1943): Task com.google.android.gms/com.google.android.gms.clearcut.uploader.QosUploaderService started execution. cause:5 exec_start_elapsed_seconds: 60 [CONTEXT service_id=218 ]
12-13 23:30:56.160 I/System.out( 3953): URI: //gesture
12-13 23:30:56.160 I/System.out( 3953): params: {json={"query_timeout":5.0,"gestures":[{"query_string":"android.widget.CheckBox index:0","touches":[{"x":50,"y":50,"offset_x":0,"offset_y":0,"wait":0.0,"time":0.2,"release":true,"query_string":null}]}]}
12-13 23:30:56.160 I/System.out( 3953): }
12-13 23:30:56.181 I/PlayMovies( 3887): RefreshLicenseTaskService.onRunTask:96 On run task refresh_license
12-13 23:30:56.181 I/PlayMovies( 3887): 
12-13 23:30:56.207 I/zygote  ( 3953): Do partial code cache collection, code=124KB, data=57KB
12-13 23:30:56.208 I/zygote  ( 3953): After code cache collection, code=124KB, data=57KB
12-13 23:30:56.208 I/zygote  ( 3953): Increasing code cache capacity to 512KB
12-13 23:30:56.217 I/NetworkScheduler.Stats( 1943): Task com.google.android.videos/ started execution. cause:5 exec_start_elapsed_seconds: 60 [CONTEXT service_id=218 ]
12-13 23:30:56.219 I/NetworkScheduler.Stats( 1943): Task com.google.android.gms/com.google.android.gms.clearcut.uploader.QosUploaderService finished executing. cause:5 result: 1 elapsed_millis: 123 uptime_millis: 123 exec_start_elapsed_seconds: 60 [CONTEXT service_id=218 ]
12-13 23:30:56.236 I/NetworkScheduler.Stats( 1943): Task com.google.android.videos/ finished executing. cause:5 result: 1 elapsed_millis: 55 uptime_millis: 54 exec_start_elapsed_seconds: 60 [CONTEXT service_id=218 ]
12-13 23:30:56.343 I/NetworkScheduler.Stats( 1943): Task com.google.android.gms/com.google.android.gms.gass.chimera.SchedulePeriodicTasksService started execution. cause:5 exec_start_elapsed_seconds: 60 [CONTEXT service_id=218 ]
12-13 23:30:56.439 I/NetworkScheduler.Stats( 1943): Task com.google.android.gms/com.google.android.gms.pay.gcmtask.PayGcmTaskService started execution. cause:5 exec_start_elapsed_seconds: 61 [CONTEXT service_id=218 ]
12-13 23:30:56.448 W/audio_hw_generic( 1390): Not supplying enough data to HAL, expected position 157809 , only wrote 157680
12-13 23:30:56.452 I/Pay     ( 2181): Device does not support HCE. [CONTEXT service_id=198 ]
12-13 23:30:56.528 I/NetworkScheduler.Stats( 1943): Task com.google.android.gms/com.google.android.gms.gass.chimera.SchedulePeriodicTasksService finished executing. cause:5 result: 1 elapsed_millis: 234 uptime_millis: 234 exec_start_elapsed_seconds: 60 [CONTEXT service_id=218 ]
12-13 23:30:56.562 D/        ( 1629): HostConnection::get() New Host Connection established 0x840f9a40, tid 1636
12-13 23:30:56.566 I/zygote  ( 1629): Background concurrent copying GC freed 48455(2MB) AllocSpace objects, 4(80KB) LOS objects, 37% free, 10MB/16MB, paused 1.266ms total 102.347ms
12-13 23:30:56.591 I/NetworkScheduler.Stats( 1943): Task com.google.android.gms/com.google.android.gms.pay.gcmtask.PayGcmTaskService finished executing. cause:5 result: 2 elapsed_millis: 151 uptime_millis: 152 exec_start_elapsed_seconds: 61 [CONTEXT service_id=218 ]
12-13 23:30:56.628 D/gralloc_ranchu( 1396): gralloc_alloc: Creating ashmem region of size 7753728
12-13 23:30:56.629 W/Nearby  ( 1943): Failed attempt #3 out of 3 for RestoreDeviceName [CONTEXT service_id=49 ]
12-13 23:30:56.629 W/Nearby  ( 1943): java.lang.IllegalStateException: BluetoothAdapter not ready yet!
12-13 23:30:56.629 W/Nearby  ( 1943): 	at alhd.g(:com.google.android.gms@204713022@20.47.13 (040700-344095733):2)
12-13 23:30:56.629 W/Nearby  ( 1943): 	at alhc.run(Unknown Source:0)
12-13 23:30:56.629 W/Nearby  ( 1943): 	at bznt.call(Unknown Source:0)
12-13 23:30:56.629 W/Nearby  ( 1943): 	at bzny.b(:com.google.android.gms@204713022@20.47.13 (040700-344095733):2)
12-13 23:30:56.629 W/Nearby  ( 1943): 	at bzny.a(:com.google.android.gms@204713022@20.47.13 (040700-344095733):0)
12-13 23:30:56.629 W/Nearby  ( 1943): 	at alhb.run(Unknown Source:2)
12-13 23:30:56.629 W/Nearby  ( 1943): 	at java.lang.Thread.run(Thread.java:764)
12-13 23:30:56.629 W/Nearby  ( 1943): 	at tly.run(Unknown Source:5)
12-13 23:30:56.629 W/Nearby  ( 1943): 	at java.util.concurrent.ThreadPoolExecutor.runWorker(ThreadPoolExecutor.java:1162)
12-13 23:30:56.629 W/Nearby  ( 1943): 	at java.util.concurrent.ThreadPoolExecutor$Worker.run(ThreadPoolExecutor.java:636)
12-13 23:30:56.629 W/Nearby  ( 1943): 	at trx.run(:com.google.android.gms@204713022@20.47.13 (040700-344095733):0)
12-13 23:30:56.629 W/Nearby  ( 1943): 	at java.lang.Thread.run(Thread.java:764)
12-13 23:30:56.775 D/EGL_emulation( 3419): eglCreateContext: 0x83c8b920: maj 3 min 0 rcv 3
12-13 23:30:56.778 D/EGL_emulation( 3419): eglMakeCurrent: 0x83c8b920: ver 3 0 (tinfo 0x9aa83f10)
12-13 23:30:56.779 E/eglCodecCommon( 3419): glUtilsParamSize: unknow param 0x00008cdf
12-13 23:30:56.781 E/eglCodecCommon( 3419): glUtilsParamSize: unknow param 0x00008cdf
12-13 23:30:56.781 E/eglCodecCommon( 3419): glUtilsParamSize: unknow param 0x00008824
12-13 23:30:56.781 E/eglCodecCommon( 3419): glUtilsParamSize: unknow param 0x00008824
12-13 23:30:56.880 D/EGL_emulation( 3419): eglCreateContext: 0x83c8bc20: maj 3 min 0 rcv 3
12-13 23:30:56.886 D/EGL_emulation( 3419): eglMakeCurrent: 0x83c8bc20: ver 3 0 (tinfo 0x9aa83f10)
12-13 23:30:56.888 E/eglCodecCommon( 3419): glUtilsParamSize: unknow param 0x00008cdf
12-13 23:30:56.888 E/eglCodecCommon( 3419): glUtilsParamSize: unknow param 0x00008cdf
12-13 23:30:56.888 E/eglCodecCommon( 3419): glUtilsParamSize: unknow param 0x00008824
12-13 23:30:56.889 E/eglCodecCommon( 3419): glUtilsParamSize: unknow param 0x00008824
12-13 23:30:56.898 I/NetworkScheduler.Stats( 1943): Task com.google.android.gms/com.google.android.gms.pay.gcmtask.PayGcmTaskService started execution. cause:5 exec_start_elapsed_seconds: 61 [CONTEXT service_id=218 ]
12-13 23:30:56.908 E/SurfaceFlinger( 1406): ro.sf.lcd_density must be defined as a build property
12-13 23:30:56.931 D/gralloc_ranchu( 1396): gralloc_alloc: Creating ashmem region of size 8298496
12-13 23:30:56.943 D/        ( 4011): HostConnection::get() New Host Connection established 0xae6af800, tid 4011
12-13 23:30:56.997 W/SystemServiceRegistry( 3419): No service published for: persistent_data_block
12-13 23:30:57.054 W/Binder:3419_1( 3419): type=1400 audit(0.0:21): avc: denied { read } for name="modules" dev="proc" ino=4026532034 scontext=u:r:priv_app:s0:c512,c768 tcontext=u:object_r:proc_modules:s0 tclass=file permissive=0
12-13 23:30:57.118 I/NetworkScheduler.Stats( 1943): Task com.google.android.gms/com.google.android.gms.pay.gcmtask.PayGcmTaskService started execution. cause:5 exec_start_elapsed_seconds: 61 [CONTEXT service_id=218 ]
12-13 23:30:57.185 I/NetworkScheduler.Stats( 1943): Task com.google.android.gms/com.google.android.gms.pay.gcmtask.PayGcmTaskService finished executing. cause:5 result: 1 elapsed_millis: 400 uptime_millis: 400 exec_start_elapsed_seconds: 61 [CONTEXT service_id=218 ]
12-13 23:30:57.230 I/NetworkScheduler.Stats( 1943): Task com.google.android.gms/com.google.android.gms.pay.gcmtask.PayGcmTaskService finished executing. cause:5 result: 1 elapsed_millis: 228 uptime_millis: 227 exec_start_elapsed_seconds: 61 [CONTEXT service_id=218 ]
12-13 23:30:57.341 W/RemoteFillService( 1629): Not handling { when=-4ms what=3 target=com.android.internal.os.HandlerCaller$MyHandler } as service for ComponentInfo{com.google.android.gms/com.google.android.gms.autofill.service.AutofillService} is already destroyed
12-13 23:30:57.351 I/System.out( 3953): URI: //map
12-13 23:30:57.351 I/System.out( 3953): params: {json={"query":"android.widget.CheckBox index:0","operation":{"method_name":"query","arguments":[]}}
12-13 23:30:57.351 I/System.out( 3953): }
12-13 23:30:57.416 I/NetworkScheduler.Stats( 1943): Task com.google.android.gms/com.google.android.gms.pay.gcmtask.PayGcmTaskService started execution. cause:5 exec_start_elapsed_seconds: 61 [CONTEXT service_id=218 ]
12-13 23:30:57.419 I/System.out( 3953): URI: //gesture
12-13 23:30:57.419 I/System.out( 3953): params: {json={"query_timeout":5.0,"gestures":[{"query_string":"android.widget.CheckBox index:0","touches":[{"x":50,"y":50,"offset_x":0,"offset_y":0,"wait":0.0,"time":0.2,"release":true,"query_string":null}]}]}
12-13 23:30:57.419 I/System.out( 3953): }
12-13 23:30:57.433 D/BoundBrokerSvc( 2181): onBind: Intent { act=com.google.android.gms.pay.service.BIND cmp=com.google.android.gms/.chimera.GmsApiService }
12-13 23:30:57.433 D/BoundBrokerSvc( 2181): Loading bound service for intent: Intent { act=com.google.android.gms.pay.service.BIND cmp=com.google.android.gms/.chimera.GmsApiService }
12-13 23:30:57.441 I/jgl     ( 2181): Primes not initialized, returning default (no-op) Primes instance which will ignore all calls. Please call Primes.initialize(...) before using any Primes API.
12-13 23:30:57.445 I/Pay     ( 2181): Migration flag not enabled. [CONTEXT service_id=198 ]
12-13 23:30:57.473 I/zygote  ( 3953): Background concurrent copying GC freed 42294(1439KB) AllocSpace objects, 5(100KB) LOS objects, 52% free, 1412KB/2MB, paused 5.984ms total 42.748ms
12-13 23:30:57.499 E/WorkerRegistryImpl( 2106): getWorker() is called after WorkerRegistry disposal.
12-13 23:30:57.499 E/WorkerRegistryImpl( 2106): getWorker() is called after WorkerRegistry disposal.
12-13 23:30:57.526 W/Conscrypt( 2181): Could not set socket write timeout: java.net.SocketException: Socket closed
12-13 23:30:57.530 W/Conscrypt( 2181): 	at com.google.android.gms.org.conscrypt.Platform.setSocketWriteTimeout(:com.google.android.gms@204713022@20.47.13 (040700-344095733):2)
