--------- beginning of main
12-13 23:30:43.041 I/Checkin ( 2181): [CheckinOperation] Checkin Operation finished with result: 0 finish time: 47660.
12-13 23:30:43.073 I/SystemUpdate( 2181): [Installation,ReceiverIntentOperation] Received intent: Intent { act=com.google.android.gms.update.BASE_MODULE_INIT cat=[targeted_intent_op_prefix:.update.control.ReceiverIntentOperation] cmp=com.google.android.gms/.chimera.GmsIntentOperationService }.
12-13 23:30:43.074 I/Auth    ( 2181): [WorkAccount] update authenticator enabled for boot or update
12-13 23:30:43.085 W/SystemServiceRegistry( 2181): No service published for: persistent_data_block
12-13 23:30:43.087 I/Auth    ( 2181): [FRP, FrpUpdateIntentOperation] Frp is not supported for this device / user
12-13 23:30:43.091 I/zygote  ( 1943): Deoptimizing void ccyq.n(java.lang.Iterable, java.util.List) due to JIT inline cache
12-13 23:30:43.107 I/zygote  ( 1943): Deoptimizing void ger.<init>(android.content.Context) due to JIT inline cache
12-13 23:30:43.127 W/WakefulBroadcastReceiv.( 1943): No active wake lock id #2
12-13 23:30:43.146 D/BoundBrokerSvc( 1943): onBind: Intent { act=com.google.android.gms.auth.account.workaccount.START cmp=com.google.android.gms/.chimera.PersistentApiService }
12-13 23:30:43.146 D/BoundBrokerSvc( 1943): Loading bound service for intent: Intent { act=com.google.android.gms.auth.account.workaccount.START cmp=com.google.android.gms/.chimera.PersistentApiService }
12-13 23:30:43.150 I/zygote  ( 2181): Do partial code cache collection, code=246KB, data=151KB
12-13 23:30:43.150 I/zygote  ( 2181): After code cache collection, code=242KB, data=149KB
12-13 23:30:43.150 I/zygote  ( 2181): Increasing code cache capacity to 1024KB
12-13 23:30:43.164 I/Auth    ( 1943): [WorkAccountServiceImpl] init work authenticator
12-13 23:30:43.167 I/zygote  ( 1943): Background concurrent copying GC freed 61890(3MB) AllocSpace objects, 2(40KB) LOS objects, 49% free, 5MB/10MB, paused 1.139ms total 129.743ms
12-13 23:30:43.176 I/SystemUpdate( 2181): [Execution,InstallationEventIntentOperation] Handling event of type 1.
12-13 23:30:43.185 I/SystemUpdate( 2181): [Execution,InstallationIntentOperation] Received intent: Intent { act=com.google.android.gms.update.INSTALL_UPDATE cat=[targeted_intent_op_prefix:.update.execution.InstallationIntentOperation] cmp=com.google.android.gms/.chimera.GmsIntentOperationService }.
12-13 23:30:43.185 I/SystemUpdate( 2181): [Execution,ExecutionManager] Action finished-execution executed for 0.00 seconds.
12-13 23:30:43.248 I/Auth    ( 2181): [SupervisedAccountIntentOperation] onHandleIntent(): android.intent.action.BOOT_COMPLETED
12-13 23:30:43.258 W/Auth    ( 2181): [PubsubPeriodicSyncherRuntimeInit] Initializing periodic tasks, IntentAction=android.intent.action.BOOT_COMPLETED, InitRuntimeState=2
12-13 23:30:43.281 E/BluetoothAdapter( 1943): Bluetooth binder is null
12-13 23:30:43.311 I/Auth    ( 2181): [AuthManaged, PasswordComplexityHelperImpl] Updating password complexity components state.
12-13 23:30:43.311 I/Auth    ( 2181): [AuthManaged, PasswordComplexityHelperImpl] Enabling com.google.android.gms.auth.managed.ui.SetNewPasswordActivity
12-13 23:30:43.312 I/Auth    ( 2181): [AuthManaged, PasswordComplexityHelperImpl] Enabling com.google.android.gms.auth.managed.admin.DeviceAdminReceiver
12-13 23:30:43.321 W/RequestQueueProvider( 2181): Cannot detect com.android.volley.GmsAbstractRequestQueue at runtime. GmsModuleApi API version is too low: required=101, current=-1
12-13 23:30:43.323 E/GmsRequestQueue( 2181): Tried to stop global GMSCore RequestQueue. This is likely unintended, so ignoring.
12-13 23:30:43.326 I/Authzen ( 2181): [AuthZenEventHandler] Handling event: android.intent.action.BOOT_COMPLETED
12-13 23:30:43.327 I/Authzen ( 2181): [TransactionCache] Clearing transaction cache
12-13 23:30:43.334 I/zygote  ( 2603): Deoptimizing java.lang.Object j$.util.concurrent.ConcurrentHashMap.get(java.lang.Object) due to JIT inline cache
12-13 23:30:43.335 V/LifecycleAwareServiceBi( 2603): notify unbound
12-13 23:30:43.335 V/LifecycleAwareServiceBi( 2603): com.google.common.flogger.LogSiteStackTrace: MEDIUM
12-13 23:30:43.335 V/LifecycleAwareServiceBi( 2603): 	at com.google.frameworks.client.data.android.binder.LifecycleAwareServiceBinding.h(PG:1)
12-13 23:30:43.335 V/LifecycleAwareServiceBi( 2603): 	at axqg.run(Unknown Source:4)
12-13 23:30:43.335 V/LifecycleAwareServiceBi( 2603): 	at android.os.Handler.handleCallback(Handler.java:789)
12-13 23:30:43.335 V/LifecycleAwareServiceBi( 2603): 	at android.os.Handler.dispatchMessage(Handler.java:98)
12-13 23:30:43.335 V/LifecycleAwareServiceBi( 2603): 	at android.os.Looper.loop(Looper.java:164)
12-13 23:30:43.335 V/LifecycleAwareServiceBi( 2603): 	at android.app.ActivityThread.main(ActivityThread.java:6541)
12-13 23:30:43.335 V/LifecycleAwareServiceBi( 2603): 	at java.lang.reflect.Method.invoke(Native Method)
12-13 23:30:43.335 V/LifecycleAwareServiceBi( 2603): 	at com.android.internal.os.Zygote$MethodAndArgsCaller.run(Zygote.java:240)
12-13 23:30:43.335 V/LifecycleAwareServiceBi( 2603): 	at com.android.internal.os.ZygoteInit.main(ZygoteInit.java:767)
12-13 23:30:43.335 V/LifecycleAwareServiceBi( 2603): notify unbound - notifying
12-13 23:30:43.343 I/Finsky:download_service( 2838): [2] sxn.onDestroy(8): IPC-SERVER: Stopping gRPC host service...
12-13 23:30:43.379 W/EasyUnlock( 1943): [EasyUnlockSupportReporterIntentOperation] Invalid account list.
12-13 23:30:43.384 D/BoundBrokerSvc( 1943): onBind: Intent { act=com.google.android.gms.auth.proximity.START cmp=com.google.android.gms/.chimera.PersistentBoundBrokerService }
12-13 23:30:43.384 D/BoundBrokerSvc( 1943): Loading bound service for intent: Intent { act=com.google.android.gms.auth.proximity.START cmp=com.google.android.gms/.chimera.PersistentBoundBrokerService }
12-13 23:30:43.404 I/AutofillModuleInitInten( 2181): AutofillModuleInitIntentOperation onInitRuntimeState(2) [CONTEXT service_id=177 ]
12-13 23:30:43.408 I/ProximityAuth( 2181): [FeatureLoader] auth_easyunlock module load status: 2, auth_magictether module load status: 2
12-13 23:30:43.442 E/memtrack( 1629): Couldn't load memtrack module
12-13 23:30:43.442 W/android.os.Debug( 1629): failed to get memory consumption info: -1
12-13 23:30:43.449 W/ProximityAuth( 1943): [GetMyPublicKey] Failed to fetch public key.
12-13 23:30:43.453 E/butn    ( 1943): RuntimeException while executing runnable buua{jig@26163c9} with executor MoreExecutors.directExecutor()
12-13 23:30:43.453 E/butn    ( 1943): java.lang.NullPointerException: Attempt to get length of null array
12-13 23:30:43.453 E/butn    ( 1943): 	at android.util.Base64.encode(Base64.java:494)
12-13 23:30:43.453 E/butn    ( 1943): 	at android.util.Base64.encodeToString(Base64.java:456)
12-13 23:30:43.453 E/butn    ( 1943): 	at com.google.android.gms.auth.proximity.RemoteDevice.a(:com.google.android.gms@204713022@20.47.13 (040700-344095733):0)
12-13 23:30:43.453 E/butn    ( 1943): 	at jig.b(:com.google.android.gms@204713022@20.47.13 (040700-344095733):0)
12-13 23:30:43.453 E/butn    ( 1943): 	at buua.run(:com.google.android.gms@204713022@20.47.13 (040700-344095733):6)
12-13 23:30:43.453 E/butn    ( 1943): 	at butk.execute(:com.google.android.gms@204713022@20.47.13 (040700-344095733):0)
12-13 23:30:43.453 E/butn    ( 1943): 	at butn.c(:com.google.android.gms@204713022@20.47.13 (040700-344095733):1)
12-13 23:30:43.453 E/butn    ( 1943): 	at butn.b(:com.google.android.gms@204713022@20.47.13 (040700-344095733):3)
12-13 23:30:43.453 E/butn    ( 1943): 	at tmf.done(:com.google.android.gms@204713022@20.47.13 (040700-344095733):0)
12-13 23:30:43.453 E/butn    ( 1943): 	at java.util.concurrent.FutureTask.finishCompletion(FutureTask.java:383)
12-13 23:30:43.453 E/butn    ( 1943): 	at java.util.concurrent.FutureTask.set(FutureTask.java:234)
12-13 23:30:43.453 E/butn    ( 1943): 	at java.util.concurrent.FutureTask.run(FutureTask.java:274)
12-13 23:30:43.453 E/butn    ( 1943): 	at tma.c(:com.google.android.gms@204713022@20.47.13 (040700-344095733):6)
12-13 23:30:43.453 E/butn    ( 1943): 	at tma.run(:com.google.android.gms@204713022@20.47.13 (040700-344095733):7)
12-13 23:30:43.453 E/butn    ( 1943): 	at java.util.concurrent.ThreadPoolExecutor.runWorker(ThreadPoolExecutor.java:1162)
12-13 23:30:43.453 E/butn    ( 1943): 	at java.util.concurrent.ThreadPoolExecutor$Worker.run(ThreadPoolExecutor.java:636)
12-13 23:30:43.453 E/butn    ( 1943): 	at trx.run(:com.google.android.gms@204713022@20.47.13 (040700-344095733):0)
12-13 23:30:43.453 E/butn    ( 1943): 	at java.lang.Thread.run(Thread.java:764)
12-13 23:30:43.476 I/Finsky  ( 2603): [2] ades.run(32): Detected restoreservicev2://recovery not needed, will not run
12-13 23:30:43.538 D/BoundBrokerSvc( 2181): onBind: Intent { act=com.google.android.mdd.service.START cmp=com.google.android.gms/.chimera.GmsBoundBrokerService }
12-13 23:30:43.540 D/BoundBrokerSvc( 2181): Loading bound service for intent: Intent { act=com.google.android.mdd.service.START cmp=com.google.android.gms/.chimera.GmsBoundBrokerService }
12-13 23:30:43.585 D/BoundBrokerSvc( 2181): onBind: Intent { act=com.google.android.gms.common.BIND_SHARED_PREFS pkg=com.google.android.gms }
12-13 23:30:43.585 D/BoundBrokerSvc( 2181): Loading bound service for intent: Intent { act=com.google.android.gms.common.BIND_SHARED_PREFS pkg=com.google.android.gms }
12-13 23:30:43.619 D/BoundBrokerSvc( 2181): onUnbind: Intent { act=com.google.android.gms.common.BIND_SHARED_PREFS pkg=com.google.android.gms }
12-13 23:30:43.620 I/zygote  ( 2181): Background concurrent copying GC freed 23794(1954KB) AllocSpace objects, 33(680KB) LOS objects, 49% free, 5MB/11MB, paused 4.273ms total 172.761ms
12-13 23:30:43.621 I/Finsky  ( 2603): [125] abwt.b(5): SCH: Jobs in database: 1-1337 2-48879 3-43 12-1 26-1414141414 29-29 37-38 
12-13 23:30:43.623 W/ProximityAuth( 2181): [GetSyncedDevices] Initial sync not done
12-13 23:30:43.644 I/Backup  ( 2181): [TargetEnabler] Setting target components to enabled = false
12-13 23:30:43.648 I/Backup  ( 2181): [SourceEnabler] Setting source components to enabled = true
12-13 23:30:43.653 I/Finsky  ( 2603): [2] abuj.b(10): SCH: Running job: 37-38
12-13 23:30:43.674 I/Finsky  ( 2603): [2] abvs.n(4): SCH: jobFinished: 37-38. TimeElapsed: 20ms.
12-13 23:30:43.675 I/Finsky  ( 2603): [2] abui.handleMessage(59): SCH: RunningQueue size: 1, PendingQueue size: 0
12-13 23:30:43.675 I/Finsky  ( 2603): [2] abuj.p(3): SCH: Running queue: 37-38 
12-13 23:30:43.675 I/Finsky  ( 2603): [2] abuj.e(4): SCH: Job 37-38 finished. Not rescheduling.
12-13 23:30:43.677 I/Finsky  ( 2603): [2] abui.handleMessage(59): SCH: RunningQueue size: 0, PendingQueue size: 0
12-13 23:30:43.680 I/Finsky  ( 2603): [2] abui.handleMessage(26): SCH: Executor finished
12-13 23:30:43.702 D/BoundBrokerSvc( 2181): onBind: Intent { act=com.google.android.gms.common.BIND_SHARED_PREFS pkg=com.google.android.gms }
12-13 23:30:43.702 D/BoundBrokerSvc( 2181): Loading bound service for intent: Intent { act=com.google.android.gms.common.BIND_SHARED_PREFS pkg=com.google.android.gms }
12-13 23:30:43.711 D/BoundBrokerSvc( 2181): onUnbind: Intent { act=com.google.android.gms.common.BIND_SHARED_PREFS pkg=com.google.android.gms }
12-13 23:30:43.713 I/Finsky  ( 2603): [2] abwt.b(5): SCH: Jobs in database: 1-1337 2-48879 3-43 12-1 26-1414141414 29-29 
12-13 23:30:43.727 D/BoundBrokerSvc( 2181): onBind: Intent { act=com.google.android.gms.common.BIND_SHARED_PREFS pkg=com.google.android.gms }
12-13 23:30:43.727 D/BoundBrokerSvc( 2181): Loading bound service for intent: Intent { act=com.google.android.gms.common.BIND_SHARED_PREFS pkg=com.google.android.gms }
12-13 23:30:43.731 I/Finsky  ( 2603): [2] abvf.d(37): SCH: ConstraintMapping: 1-1337, 12-1,  -> L: 5555ms, D: 56523244ms, C: false, I: false, N: 1
12-13 23:30:43.732 I/Finsky  ( 2603): [2] abvf.d(37): SCH: ConstraintMapping: 2-48879, 3-43,  -> L: 0ms, D: 76192377ms, C: true, I: true, N: 2
12-13 23:30:43.733 D/BoundBrokerSvc( 2181): onUnbind: Intent { act=com.google.android.gms.common.BIND_SHARED_PREFS pkg=com.google.android.gms }
12-13 23:30:43.734 I/Finsky  ( 2603): [2] abvf.d(37): SCH: ConstraintMapping: 26-1414141414, 29-29,  -> L: 8347ms, D: 38347ms, C: false, I: false, N: 0
12-13 23:30:43.737 D/BoundBrokerSvc( 2181): onBind: Intent { act=com.google.android.gms.common.BIND_SHARED_PREFS pkg=com.google.android.gms }
12-13 23:30:43.737 D/BoundBrokerSvc( 2181): Loading bound service for intent: Intent { act=com.google.android.gms.common.BIND_SHARED_PREFS pkg=com.google.android.gms }
12-13 23:30:43.748 D/BoundBrokerSvc( 2181): onUnbind: Intent { act=com.google.android.gms.common.BIND_SHARED_PREFS pkg=com.google.android.gms }
12-13 23:30:43.750 I/Finsky  ( 2603): [2] abvf.f(7): SCH: Cancelling existing jobscheduler jobs: 9004 9005 
12-13 23:30:43.750 I/Finsky  ( 2603): [2] abvf.e(8): SCH: Throttling wakeup for job 9000 (expected to run in 5555 ms) due to recent wakeup
12-13 23:30:43.751 I/Finsky  ( 2603): [2] abvf.e(23): SCH: Scheduling job Id: 9000, L: 30000, D: 56523244, C: false, I: false, N: 1
12-13 23:30:43.752 I/Finsky  ( 2603): [2] abvf.e(8): SCH: Throttling wakeup for job 9001 (expected to run in 0 ms) due to recent wakeup
12-13 23:30:43.752 I/Finsky  ( 2603): [2] abvf.e(23): SCH: Scheduling job Id: 9001, L: 30000, D: 76192377, C: true, I: true, N: 2
12-13 23:30:43.753 I/Finsky  ( 2603): [2] abvf.e(8): SCH: Throttling wakeup for job 9002 (expected to run in 8347 ms) due to recent wakeup
12-13 23:30:43.753 I/Finsky  ( 2603): [2] abvf.e(23): SCH: Scheduling job Id: 9002, L: 30000, D: 38347, C: false, I: false, N: 0
12-13 23:30:43.762 I/Ads     ( 2181): Parental control value is stale. Refreshing.
12-13 23:30:43.773 I/Ads     ( 2181): Initialized AdMob in container 20.47.13 (040700-344095733)
12-13 23:30:43.779 D/BoundBrokerSvc( 1943): onBind: Intent { act=com.google.android.gms.chimera.container.BIND_FIND_BUFFER_SIZE cmp=com.google.android.gms/.chimera.PersistentInternalBoundBrokerService }
12-13 23:30:43.779 D/BoundBrokerSvc( 1943): Loading bound service for intent: Intent { act=com.google.android.gms.chimera.container.BIND_FIND_BUFFER_SIZE cmp=com.google.android.gms/.chimera.PersistentInternalBoundBrokerService }
12-13 23:30:43.780 I/Finsky  ( 2603): [110] daj.a(7): Received content filters request from sharedUserId=com.google.uid.shared:10011
12-13 23:30:43.782 D/BoundBrokerSvc( 2181): onBind: Intent { act=com.google.android.gms.common.BIND_SHARED_PREFS pkg=com.google.android.gms }
12-13 23:30:43.782 D/BoundBrokerSvc( 2181): Loading bound service for intent: Intent { act=com.google.android.gms.common.BIND_SHARED_PREFS pkg=com.google.android.gms }
12-13 23:30:43.784 I/Ads     ( 2181): Successfully received play store parental controls the result.
12-13 23:30:43.791 I/zygote  ( 3399): Waiting for a blocking GC ProfileSaver
12-13 23:30:43.795 I/zygote  ( 2181): Deoptimizing void aftj.dispatchMessage(android.os.Message) due to class hierarchy analysis
12-13 23:30:43.802 I/zygote  ( 3399): WaitForGcToComplete blocked for 11.343ms for cause ProfileSaver
12-13 23:30:43.812 D/BoundBrokerSvc( 2181): onUnbind: Intent { act=com.google.android.gms.common.BIND_SHARED_PREFS pkg=com.google.android.gms }
12-13 23:30:43.823 D/BoundBrokerSvc( 2181): onBind: Intent { act=com.google.android.gms.common.BIND_SHARED_PREFS pkg=com.google.android.gms }
12-13 23:30:43.823 D/BoundBrokerSvc( 2181): Loading bound service for intent: Intent { act=com.google.android.gms.common.BIND_SHARED_PREFS pkg=com.google.android.gms }
12-13 23:30:43.825 I/ChromeSync( 2181): [Sync,SyncIntentOperation] Handling the intent: Intent { act=android.intent.action.BOOT_COMPLETED flg=0x9000010 pkg=com.google.android.gms cmp=com.google.android.gms/.chimera.GmsIntentOperationService (has extras) }.
12-13 23:30:43.826 D/BoundBrokerSvc( 2181): onUnbind: Intent { act=com.google.android.gms.common.BIND_SHARED_PREFS pkg=com.google.android.gms }
12-13 23:30:43.842 E/JavaBinder( 2181): !!! FAILED BINDER TRANSACTION !!!  (parcel size = 1056768)
12-13 23:30:43.848 D/BoundBrokerSvc( 1943): onUnbind: Intent { act=com.google.android.gms.chimera.container.BIND_FIND_BUFFER_SIZE cmp=com.google.android.gms/.chimera.PersistentInternalBoundBrokerService }
12-13 23:30:43.862 I/constellation( 2181): [intent_handler] Received onBootCompleted intent
12-13 23:30:43.863 I/constellation( 2181): [reboot_checker] Reboot checker check status.
12-13 23:30:43.870 D/BoundBrokerSvc( 2181): onBind: Intent { act=com.google.android.gms.common.BIND_SHARED_PREFS pkg=com.google.android.gms }
12-13 23:30:43.870 D/BoundBrokerSvc( 2181): Loading bound service for intent: Intent { act=com.google.android.gms.common.BIND_SHARED_PREFS pkg=com.google.android.gms }
12-13 23:30:43.874 I/constellation( 2181): [reboot_checker] Reboot Sync didn't run.
12-13 23:30:43.874 I/constellation( 2181): [intent_handler] on init with intent Intent { act=android.intent.action.BOOT_COMPLETED flg=0x9000010 pkg=com.google.android.gms cmp=com.google.android.gms/.chimera.GmsIntentOperationService (has extras) }
12-13 23:30:43.874 D/BoundBrokerSvc( 2181): onUnbind: Intent { act=com.google.android.gms.common.BIND_SHARED_PREFS pkg=com.google.android.gms }
12-13 23:30:43.932 W/zygote  ( 3690): Unexpected CPU variant for X86 using defaults: x86
12-13 23:30:43.977 I/EnPromo ( 2181): Enpromo components already enabled. [CONTEXT service_id=286 ]
12-13 23:30:44.017 I/ExposureNotification( 2181): isPrimaryUser=true, isWorkProfile=false [CONTEXT service_id=236 ]
12-13 23:30:44.029 I/Fido    ( 2181): [FidoInitIntentOperation] Initializing Fido module, InitRuntimeState=2
12-13 23:30:44.061 I/zygote  ( 3435): Waiting for a blocking GC ProfileSaver
12-13 23:30:44.068 I/zygote  ( 3435): WaitForGcToComplete blocked for 13.030ms for cause ProfileSaver
12-13 23:30:44.097 I/Fido    ( 1943): [CableAuthenticatorChimeraService] Registering broadcast receiver.
12-13 23:30:44.113 I/zygote  ( 2181): Deoptimizing java.lang.Object cpq.a() due to JIT inline cache
12-13 23:30:44.141 I/EnPromo ( 2181): scheduler initialized [CONTEXT service_id=286 ]
12-13 23:30:44.180 I/Herrevad( 1943): [98] acwl.a: updateListenState
12-13 23:30:44.192 D/BoundBrokerSvc( 1943): onBind: Intent { act=com.google.android.contextmanager.service.ContextManagerService.START cmp=com.google.android.gms/.chimera.PersistentApiService }
12-13 23:30:44.192 D/BoundBrokerSvc( 1943): Loading bound service for intent: Intent { act=com.google.android.contextmanager.service.ContextManagerService.START cmp=com.google.android.gms/.chimera.PersistentApiService }
12-13 23:30:44.201 I/MobileDataHub( 2181): Scheduling periodic tasks
12-13 23:30:44.227 I/NewModuleOp( 2181): Schedule LanguageProfileGcmTaskChimeraService tasks. [CONTEXT service_id=167 ]
12-13 23:30:44.243 I/LPGcmTaskChimeraService( 2181): Unscheduling sync tasks. [CONTEXT service_id=167 ]
12-13 23:30:44.279 W/MagicTether( 2181): [MagicTetherInitializer] Invalid account list.
12-13 23:30:44.329 I/MS_Utils( 2181): version of com.google.android.apps.maps = 956702030
12-13 23:30:44.337 D/BoundBrokerSvc( 2181): onBind: Intent { act=com.google.android.gms.common.BIND_SHARED_PREFS pkg=com.google.android.gms }
12-13 23:30:44.337 D/BoundBrokerSvc( 2181): Loading bound service for intent: Intent { act=com.google.android.gms.common.BIND_SHARED_PREFS pkg=com.google.android.gms }
12-13 23:30:44.398 D/BoundBrokerSvc( 2181): onUnbind: Intent { act=com.google.android.gms.common.BIND_SHARED_PREFS pkg=com.google.android.gms }
12-13 23:30:44.405 I/zygote  ( 3475): Waiting for a blocking GC ProfileSaver
12-13 23:30:44.415 I/MagicTether( 1943): [HostValidator] InvalidHost. MobileData: true, Tethering: false, whitelist: true, ble: false
12-13 23:30:44.478 W/ProviderHelper( 2181): Unknown dynamite feature providerinstaller.dynamite
12-13 23:30:44.479 I/DynamiteModule( 2181): Considering local module com.google.android.gms.providerinstaller.dynamite:1 and remote module com.google.android.gms.providerinstaller.dynamite:0
12-13 23:30:44.479 I/DynamiteModule( 2181): Selected local version of com.google.android.gms.providerinstaller.dynamite
12-13 23:30:44.480 D/BoundBrokerSvc( 2181): onBind: Intent { act=com.google.android.gms.common.BIND_SHARED_PREFS pkg=com.google.android.gms }
12-13 23:30:44.480 D/BoundBrokerSvc( 2181): Loading bound service for intent: Intent { act=com.google.android.gms.common.BIND_SHARED_PREFS pkg=com.google.android.gms }
12-13 23:30:44.484 I/zygote  ( 2181): Background concurrent copying GC freed 24278(1698KB) AllocSpace objects, 33(660KB) LOS objects, 48% free, 6MB/12MB, paused 524us total 137.878ms
12-13 23:30:44.498 I/zygote  ( 3475): WaitForGcToComplete blocked for 93.123ms for cause ProfileSaver
12-13 23:30:44.511 I/Finsky  ( 2603): [175] atpi.b(2): registerListener
12-13 23:30:44.511 I/Finsky  ( 2603): [175] msb.d(1): getDownloads()
12-13 23:30:44.528 D/BoundBrokerSvc( 2181): onUnbind: Intent { act=com.google.android.gms.common.BIND_SHARED_PREFS pkg=com.google.android.gms }
12-13 23:30:44.529 D/BoundBrokerSvc( 2181): onBind: Intent { act=com.google.android.gms.common.BIND_SHARED_PREFS pkg=com.google.android.gms }
12-13 23:30:44.529 D/BoundBrokerSvc( 2181): Loading bound service for intent: Intent { act=com.google.android.gms.common.BIND_SHARED_PREFS pkg=com.google.android.gms }
12-13 23:30:44.544 I/Finsky:download_service( 2838): [2] sxn.onCreate(2): IPC-SERVER: Starting gRPC host service...
12-13 23:30:44.545 D/BoundBrokerSvc( 2181): onUnbind: Intent { act=com.google.android.gms.common.BIND_SHARED_PREFS pkg=com.google.android.gms }
12-13 23:30:44.557 I/Finsky  ( 2603): [175] gpv.run(7): Initialized AssetModuleDownloader.
12-13 23:30:44.559 I/MdiSyncModule( 2181): initializing module...
12-13 23:30:44.562 V/LifecycleAwareServiceBi( 2603): notify bound - notifying
12-13 23:30:44.562 D/AndroidServiceServer( 2838): host binder handling transaction 1 (0x1)
12-13 23:30:44.565 V/Inbound ( 2603): axpw[SfxA=false/De=INITIALIZED/Msg=false/Lis=true].deliver DONE (0 deliveries)
12-13 23:30:44.565 V/Outbound( 2603): axql[S=INITIAL/NDM=0].send()
12-13 23:30:44.565 V/Outbound( 2603): sendTransaction(axql[S=SUFFIX_SENT/NDM=1]): 172 bytes
12-13 23:30:44.576 I/zygote  ( 1629): Background concurrent copying GC freed 17478(833KB) AllocSpace objects, 0(0B) LOS objects, 37% free, 9MB/15MB, paused 572us total 131.091ms
12-13 23:30:44.577 V/Outbound( 2603): axql[S=SUFFIX_SENT/NDM=1].send() DONE (sent something 1 times)
12-13 23:30:44.578 V/Inbound ( 2838): axpx[SfxA=false/De=UNINITIALIZED/Msg=false/Lis=false].handleTransaction(172 bytes)
12-13 23:30:44.578 V/Inbound ( 2838): handleTransaction: F0x17 index=0 Pfx=TRUE Msg=TRUE Sfx=TRUE
12-13 23:30:44.578 V/Inbound ( 2838): axpx[SfxA=true/De=PREFIX_DELIVERED/Msg=true/Lis=true].deliver DONE (0 deliveries)
12-13 23:30:44.582 W/GCoreFlp( 1943): No location to return for getLastLocation()
12-13 23:30:44.582 W/MS_MessagingService( 2181): userID not defined in intent
12-13 23:30:44.587 V/Inbound ( 2838): axpx[SfxA=true/De=PREFIX_DELIVERED/Msg=true/Lis=true].deliver DONE (1 deliveries)
12-13 23:30:44.588 V/Inbound ( 2838): axpx[SfxA=true/De=SUFFIX_DELIVERED/Msg=false/Lis=true].deliver DONE (1 deliveries)
12-13 23:30:44.588 I/Finsky:download_service( 2838): [131] mkj.c(1): getDownloads().
12-13 23:30:44.594 D/BoundBrokerSvc( 2181): onBind: Intent { act=com.google.android.gms.common.BIND_SHARED_PREFS pkg=com.google.android.gms }
12-13 23:30:44.594 D/BoundBrokerSvc( 2181): Loading bound service for intent: Intent { act=com.google.android.gms.common.BIND_SHARED_PREFS pkg=com.google.android.gms }
12-13 23:30:44.596 I/LockboxService( 1943): Completed task: true [CONTEXT service_id=26 ]
12-13 23:30:44.597 D/BoundBrokerSvc( 2181): onUnbind: Intent { act=com.google.android.gms.common.BIND_SHARED_PREFS pkg=com.google.android.gms }
12-13 23:30:44.601 D/BoundBrokerSvc( 2181): onBind: Intent { act=com.google.android.gms.common.BIND_SHARED_PREFS pkg=com.google.android.gms }
12-13 23:30:44.601 D/BoundBrokerSvc( 2181): Loading bound service for intent: Intent { act=com.google.android.gms.common.BIND_SHARED_PREFS pkg=com.google.android.gms }
12-13 23:30:44.603 D/BoundBrokerSvc( 2181): onUnbind: Intent { act=com.google.android.gms.common.BIND_SHARED_PREFS pkg=com.google.android.gms }
12-13 23:30:44.606 D/BoundBrokerSvc( 2181): onBind: Intent { act=com.google.android.gms.common.BIND_SHARED_PREFS pkg=com.google.android.gms }
12-13 23:30:44.606 D/BoundBrokerSvc( 2181): Loading bound service for intent: Intent { act=com.google.android.gms.common.BIND_SHARED_PREFS pkg=com.google.android.gms }
12-13 23:30:44.607 V/Outbound( 2838): axqm[S=INITIAL/NDM=0].send()
12-13 23:30:44.608 V/Outbound( 2838): sendTransaction(axqm[S=SUFFIX_SENT/NDM=1]): 68 bytes
12-13 23:30:44.611 V/Inbound ( 2603): axpw[SfxA=false/De=INITIALIZED/Msg=false/Lis=true].handleTransaction(68 bytes)
12-13 23:30:44.612 V/Inbound ( 2603): handleTransaction: F0x7 index=0 Pfx=TRUE Msg=TRUE Sfx=TRUE
12-13 23:30:44.612 V/Inbound ( 2603): axpw[SfxA=true/De=PREFIX_DELIVERED/Msg=true/Lis=true].deliver DONE (1 deliveries)
12-13 23:30:44.612 V/Inbound ( 2603): axpw[SfxA=true/De=CLOSED/Msg=false/Lis=true].deliver DONE (1 deliveries)
12-13 23:30:44.613 V/Outbound( 2838): axqm[S=SUFFIX_SENT/NDM=1].send() DONE (sent something 1 times)
12-13 23:30:44.614 D/BoundBrokerSvc( 2181): onUnbind: Intent { act=com.google.android.gms.common.BIND_SHARED_PREFS pkg=com.google.android.gms }
12-13 23:30:44.617 D/BoundBrokerSvc( 2181): onBind: Intent { act=com.google.android.gms.common.BIND_SHARED_PREFS pkg=com.google.android.gms }
12-13 23:30:44.617 D/BoundBrokerSvc( 2181): Loading bound service for intent: Intent { act=com.google.android.gms.common.BIND_SHARED_PREFS pkg=com.google.android.gms }
12-13 23:30:44.619 D/BoundBrokerSvc( 2181): onUnbind: Intent { act=com.google.android.gms.common.BIND_SHARED_PREFS pkg=com.google.android.gms }
12-13 23:30:44.622 D/BoundBrokerSvc( 2181): onBind: Intent { act=com.google.android.gms.common.BIND_SHARED_PREFS pkg=com.google.android.gms }
12-13 23:30:44.622 D/BoundBrokerSvc( 2181): Loading bound service for intent: Intent { act=com.google.android.gms.common.BIND_SHARED_PREFS pkg=com.google.android.gms }
12-13 23:30:44.625 D/BoundBrokerSvc( 2181): onUnbind: Intent { act=com.google.android.gms.common.BIND_SHARED_PREFS pkg=com.google.android.gms }
12-13 23:30:44.678 W/MDM     ( 2181): [122] ahvm.d: Device admin action is a no-op. Action: true
12-13 23:30:44.703 I/LT_StubFactory( 2181): tachyonHostName = instantmessaging-pa.googleapis.com and tachyonPortNumber = 443
12-13 23:30:44.743 W/SystemServiceRegistry( 3419): No service published for: persistent_data_block
12-13 23:30:44.760 I/MdiSyncModule( 2181): module initialization completed
12-13 23:30:44.764 D/LT_OkHttpChannelBuilder( 2181): Using Spatula header keyless authentication.
12-13 23:30:44.775 D/BoundBrokerSvc( 2181): onBind: Intent { act=com.google.android.gms.common.BIND_SHARED_PREFS pkg=com.google.android.gms }
12-13 23:30:44.775 D/BoundBrokerSvc( 2181): Loading bound service for intent: Intent { act=com.google.android.gms.common.BIND_SHARED_PREFS pkg=com.google.android.gms }
12-13 23:30:44.786 D/BoundBrokerSvc( 2181): onBind: Intent { act=com.google.android.gms.auth.service.START pkg=com.google.android.gms }
12-13 23:30:44.786 D/BoundBrokerSvc( 2181): Loading bound service for intent: Intent { act=com.google.android.gms.auth.service.START pkg=com.google.android.gms }
12-13 23:30:44.786 I/zygote  ( 2181): Deoptimizing android.os.IBinder daa.onBind(android.content.Intent) due to JIT inline cache
12-13 23:30:44.794 D/BoundBrokerSvc( 2181): onUnbind: Intent { act=com.google.android.gms.common.BIND_SHARED_PREFS pkg=com.google.android.gms }
12-13 23:30:44.806 I/ExposureNotification( 2181): ExposureNotificationInitIntentOperation.onInitRuntimeState [CONTEXT service_id=236 ]
--------- beginning of system
12-13 23:30:44.837 W/ActivityManager( 1629): Unable to start service Intent { act=com.google.android.gms.nearby.discovery:ACTION_INIT_MESSAGES_PATH cmp=com.google.android.gms/.nearby.discovery.service.DiscoveryService } U=0: not found
12-13 23:30:44.843 I/ExposureNotification( 1943): ENInternalService.onCreate, com.google.android.gms.nearby.exposurenotification.service.ExposureNotificationInternalChimeraService@7627587 [CONTEXT service_id=236 ]
12-13 23:30:44.852 I/NearbyDiscovery( 2181): FastPair: HeadsetPieceImage, grant permission files:0 [CONTEXT service_id=49 ]
12-13 23:30:44.853 I/NearbySharing( 2181): Runtime state initialization complete. Sharing is disabled for reason MISSING_BLUETOOTH. [CONTEXT service_id=194 ]
12-13 23:30:44.853 I/ExposureNotification( 1943): ENInternalService.onStartCommand, Intent { act=com.google.android.gms.nearby.exposurenotification.service.ACTION_CLIENT_CHANGE cmp=com.google.android.gms/.nearby.exposurenotification.service.ExposureNotificationInternalService }, com.google.android.gms.nearby.exposurenotification.service.ExposureNotificationInternalChimeraService@7627587 [CONTEXT service_id=236 ]
12-13 23:30:44.863 E/BluetoothAdapter( 1943): Bluetooth binder is null
12-13 23:30:44.865 D/LT_LitBstrpCntrl( 2181): Initializing BootstrapController Instance
12-13 23:30:44.877 I/NearbySharing( 1943): ReceiveSurfaceService created [CONTEXT service_id=194 ]
12-13 23:30:44.878 I/keystore( 1480): del USRPKEY_unstable.c7202ece89390c490b1b94d5b71225e1.-5615191737840242784 10011
12-13 23:30:44.878 I/keystore( 1480): del USRSKEY_unstable.c7202ece89390c490b1b94d5b71225e1.-5615191737840242784 10011
12-13 23:30:44.878 I/keystore( 1480): del USRCERT_unstable.c7202ece89390c490b1b94d5b71225e1.-5615191737840242784 10011
12-13 23:30:44.878 I/keystore( 1480): del CACERT_unstable.c7202ece89390c490b1b94d5b71225e1.-5615191737840242784 10011
12-13 23:30:44.881 I/ExposureNotification( 1943): No active clients [CONTEXT service_id=236 ]
12-13 23:30:44.881 I/NearbySharing( 1943): ReceiveSurfaceService started [CONTEXT service_id=194 ]
12-13 23:30:44.893 I/NetRec  ( 1943): [98] BootCompletedOrAppUpdatedIntentOperation.onHandleIntent: onBootCompleted()
12-13 23:30:44.891 I/ExposureNotification( 1943): Utils#isSupported enabled=true [CONTEXT service_id=236 ]
12-13 23:30:44.896 I/NearbySharing( 1943): ReceiveSurfaceService destroyed [CONTEXT service_id=194 ]
12-13 23:30:44.905 I/ExposureNotification( 1943): isPrimaryUser=true, isWorkProfile=false [CONTEXT service_id=236 ]
12-13 23:30:44.907 W/GLSUser ( 1943): [DeviceKeyStore] Cannot load key: Device key file not found.
12-13 23:30:44.912 I/ExposureNotification( 1943): isDeviceSupported=true, isBluetoothSupported=false, BluetoothAdapter.isMultipleAdvertisementSupported=false [CONTEXT service_id=236 ]
12-13 23:30:44.919 I/NetRec  ( 1943): [98] BootCompletedOrAppUpdatedIntentOperation.onHandleIntent: Scheduling CleanupDatabaseTask
12-13 23:30:44.920 I/ExposureNotification( 1943): isPrimaryUser=true, isWorkProfile=false [CONTEXT service_id=236 ]
12-13 23:30:44.929 I/NetRec  ( 1943): [98] andy.a: onConfigChanged()
12-13 23:30:44.929 I/ExposureNotification( 1943): Exposure notifications disabled. [CONTEXT service_id=236 ]
12-13 23:30:44.932 I/ExposureNotification( 1943): ENInternalService.stopTracing, com.google.android.gms.nearby.exposurenotification.service.ExposureNotificationInternalChimeraService@7627587 [CONTEXT service_id=236 ]
12-13 23:30:44.934 W/GLSUser ( 1943): [DeviceKeyStore] Cannot load key: Device key file not found.
12-13 23:30:44.935 I/LT_PhenotypeApiImplV12( 2181): Retrieve experiment configurations for: 
12-13 23:30:44.956 D/LT_ClntIntrcptrFctryV12( 2181): Spatula header: CjYKFmNvbS5nb29nbGUuYW5kcm9pZC5nbXMaHE9KR0tSVDBIR1pOVStMR2E4RjdHVml6dFY0Zz0YlJmykoOq9PE+
12-13 23:30:44.957 E/WakeLock( 2181): DG:service ** IS FORCE-RELEASED ON TIMEOUT **
12-13 23:30:44.959 I/ExposureNotification( 1943): AlarmManagerImpl.opportunisticSchedule called, delay=1800000ms [CONTEXT service_id=236 ]
12-13 23:30:44.959 I/ExposureNotification( 1943): ScheduledExecutorImpl.schedule called, delay=1800000ms [CONTEXT service_id=236 ]
12-13 23:30:44.963 I/DeletedNullContactsCleanup( 2181): Scheduling the service.
12-13 23:30:44.976 I/NetRec  ( 1943): [98] andy.a: Cancelling all NetRec GCM tasks
12-13 23:30:44.989 I/NetRec  ( 1943): [102] ClearDatabaseService.onHandleIntent: Clearing score cache
12-13 23:30:45.017 I/LT_PhenotypeApiImplV12( 2181): Phenotype registration succeeded
12-13 23:30:45.046 I/BackupAndSyncValidation( 2181): Scheduling the service.
12-13 23:30:45.106 D/        ( 3419): HostConnection::get() New Host Connection established 0x9aaa08c0, tid 3523
12-13 23:30:45.107 I/PeopleInitIntentOp( 2181): Not initializing debuggability [CONTEXT service_id=5 ]
12-13 23:30:45.125 D/EGL_emulation( 3419): eglCreateContext: 0x83c8b560: maj 3 min 0 rcv 3
12-13 23:30:45.127 D/BoundBrokerSvc( 2181): onBind: Intent { act=com.google.android.gms.common.BIND_SHARED_PREFS pkg=com.google.android.gms }
12-13 23:30:45.127 D/BoundBrokerSvc( 2181): Loading bound service for intent: Intent { act=com.google.android.gms.common.BIND_SHARED_PREFS pkg=com.google.android.gms }
12-13 23:30:45.130 D/EGL_emulation( 3419): eglMakeCurrent: 0x83c8b560: ver 3 0 (tinfo 0x8390fc90)
12-13 23:30:45.131 E/eglCodecCommon( 3419): glUtilsParamSize: unknow param 0x00008cdf
12-13 23:30:45.131 E/eglCodecCommon( 3419): glUtilsParamSize: unknow param 0x00008cdf
12-13 23:30:45.131 E/eglCodecCommon( 3419): glUtilsParamSize: unknow param 0x00008824
12-13 23:30:45.131 E/eglCodecCommon( 3419): glUtilsParamSize: unknow param 0x00008824
12-13 23:30:45.157 D/BoundBrokerSvc( 2181): onUnbind: Intent { act=com.google.android.gms.common.BIND_SHARED_PREFS pkg=com.google.android.gms }
12-13 23:30:45.170 I/Pay     ( 2181): Requested immediate check to see whether to show pay module downloading complete notification. [CONTEXT service_id=198 ]
12-13 23:30:45.181 D/BoundBrokerSvc( 2181): onBind: Intent { act=com.google.android.gms.common.BIND_SHARED_PREFS pkg=com.google.android.gms }
12-13 23:30:45.181 D/BoundBrokerSvc( 2181): Loading bound service for intent: Intent { act=com.google.android.gms.common.BIND_SHARED_PREFS pkg=com.google.android.gms }
12-13 23:30:45.182 I/Pay     ( 2181): Requested check of feature migrations. [CONTEXT service_id=198 ]
12-13 23:30:45.201 D/BoundBrokerSvc( 2181): onUnbind: Intent { act=com.google.android.gms.common.BIND_SHARED_PREFS pkg=com.google.android.gms }
12-13 23:30:45.240 W/MDM     ( 2181): [94] ahvm.d: FMD does not own an admin that uses USES_POLICY_DISABLE_KEYGUARD_FEATURES
12-13 23:30:45.250 I/rcs     ( 1943): [RcsBindingManager] Checking if we should rebind to previous service. Attempt 0
12-13 23:30:45.251 I/rcs     ( 1943): [RcsBindingManager] No valid settings for binding.
12-13 23:30:45.267 D/EGL_emulation( 3419): eglCreateContext: 0x83c8b740: maj 3 min 0 rcv 3
12-13 23:30:45.275 D/EGL_emulation( 3419): eglMakeCurrent: 0x83c8b740: ver 3 0 (tinfo 0x8390fc90)
12-13 23:30:45.275 E/eglCodecCommon( 3419): glUtilsParamSize: unknow param 0x00008cdf
12-13 23:30:45.276 E/eglCodecCommon( 3419): glUtilsParamSize: unknow param 0x00008cdf
12-13 23:30:45.276 E/eglCodecCommon( 3419): glUtilsParamSize: unknow param 0x00008824
12-13 23:30:45.276 E/eglCodecCommon( 3419): glUtilsParamSize: unknow param 0x00008824
12-13 23:30:45.293 I/zygote  ( 1943): Background concurrent copying GC freed 83582(4MB) AllocSpace objects, 49(2MB) LOS objects, 47% free, 6MB/12MB, paused 7.145ms total 271.628ms
12-13 23:30:45.371 I/zygote  ( 2181): Background concurrent copying GC freed 25369(1892KB) AllocSpace objects, 20(404KB) LOS objects, 44% free, 7MB/13MB, paused 1.201ms total 157.014ms
12-13 23:30:45.417 I/TelephonySpamInit( 2181): On boot completed TelephonySpam module initialized [CONTEXT service_id=150 ]
12-13 23:30:45.419 I/TelephonySpamInit( 2181): onModuleUpdated TelephonySpam module initialized [CONTEXT service_id=150 ]
12-13 23:30:45.419 I/SpamListSync( 2181): scheduleSyncTasks [CONTEXT service_id=150 ]
12-13 23:30:45.419 I/SpamListSync( 2181): schedulePeriodicTask [CONTEXT service_id=150 ]
12-13 23:30:45.374 W/IntentService[D( 3419): type=1400 audit(0.0:19): avc: denied { read } for name="modules" dev="proc" ino=4026532034 scontext=u:r:priv_app:s0:c512,c768 tcontext=u:object_r:proc_modules:s0 tclass=file permissive=0
12-13 23:30:45.430 I/ExposureNotification( 1943): User turn off scanning. [CONTEXT service_id=236 ]
12-13 23:30:45.430 I/ExposureNotification( 1943): Not scanning! [CONTEXT service_id=236 ]
12-13 23:30:45.430 W/ExposureNotification( 1943): stopTracing called but Scanner failed to stop! [CONTEXT service_id=236 ]
12-13 23:30:45.430 I/ExposureNotification( 1943): No active clients [CONTEXT service_id=236 ]
12-13 23:30:45.450 I/SubscribedFeeds( 2181): Collected 5 certs in 9ms [CONTEXT service_id=250 ]
12-13 23:30:45.455 I/ActivityManager( 1629): Start proc 3753:com.google.android.gms.ui/u0a11 for service com.google.android.gms/.chimera.UiIntentOperationService
12-13 23:30:45.455 W/zygote  ( 3753): Unexpected CPU variant for X86 using defaults: x86
12-13 23:30:45.458 I/SpamListSync( 2181): scheduleOneTimeTask [CONTEXT service_id=150 ]
12-13 23:30:45.483 I/Thunderbird( 1943): starting outgoing sms listener [CONTEXT service_id=226 ]
12-13 23:30:45.485 V/NFC     ( 1943): this device does not have NFC support
12-13 23:30:45.485 I/aqlk    ( 1943): updateFromConfigurations using legacy put method [CONTEXT service_id=204 ]
12-13 23:30:45.497 W/TapAndPay( 1943): Failed to get CardEmulation instance. [CONTEXT service_id=79 ]
12-13 23:30:45.497 W/TapAndPay( 1943): java.lang.NullPointerException: NfcAdapter is null
12-13 23:30:45.497 W/TapAndPay( 1943): 	at android.nfc.cardemulation.CardEmulation.getInstance(CardEmulation.java:146)
12-13 23:30:45.497 W/TapAndPay( 1943): 	at avux.f(:com.google.android.gms@204713022@20.47.13 (040700-344095733):0)
12-13 23:30:45.497 W/TapAndPay( 1943): 	at avux.c(:com.google.android.gms@204713022@20.47.13 (040700-344095733):1)
12-13 23:30:45.497 W/TapAndPay( 1943): 	at awbk.f(:com.google.android.gms@204713022@20.47.13 (040700-344095733):3)
12-13 23:30:45.497 W/TapAndPay( 1943): 	at awbk.e(:com.google.android.gms@204713022@20.47.13 (040700-344095733):2)
12-13 23:30:45.497 W/TapAndPay( 1943): 	at awbk.a(:com.google.android.gms@204713022@20.47.13 (040700-344095733):10)
12-13 23:30:45.497 W/TapAndPay( 1943): 	at com.google.android.gms.tapandpay.init.TapAndPayInitIntentOperation.onHandleIntent(:com.google.android.gms@204713022@20.47.13 (040700-344095733):3)
12-13 23:30:45.497 W/TapAndPay( 1943): 	at com.google.android.chimera.IntentOperation.onHandleIntent(:com.google.android.gms@204713022@20.47.13 (040700-344095733):2)
12-13 23:30:45.497 W/TapAndPay( 1943): 	at rfm.onHandleIntent(:com.google.android.gms@204713022@20.47.13 (040700-344095733):6)
12-13 23:30:45.497 W/TapAndPay( 1943): 	at cyr.run(:com.google.android.gms@204713022@20.47.13 (040700-344095733):4)
12-13 23:30:45.497 W/TapAndPay( 1943): 	at cyq.run(:com.google.android.gms@204713022@20.47.13 (040700-344095733):11)
12-13 23:30:45.497 W/TapAndPay( 1943): 	at bpsz.run(:com.google.android.gms@204713022@20.47.13 (040700-344095733):2)
12-13 23:30:45.497 W/TapAndPay( 1943): 	at java.util.concurrent.ThreadPoolExecutor.runWorker(ThreadPoolExecutor.java:1162)
12-13 23:30:45.497 W/TapAndPay( 1943): 	at java.util.concurrent.ThreadPoolExecutor$Worker.run(ThreadPoolExecutor.java:636)
12-13 23:30:45.497 W/TapAndPay( 1943): 	at java.lang.Thread.run(Thread.java:764)
12-13 23:30:45.511 W/ResourceType( 3753): ResTable_typeSpec entry count inconsistent: given 67, previously 69
12-13 23:30:45.511 W/ResourceType( 3753): ResTable_typeSpec entry count inconsistent: given 5411, previously 5412
12-13 23:30:45.567 I/Vision  ( 2181): Supported ABIS: [x86]
12-13 23:30:45.602 I/ActivityManager( 1629): Killing 3322:com.android.settings/1000 (adj 906): empty #17
12-13 23:30:45.621 I/Wear_Controller( 2181): Wearable module requires a companion app to be installed.
12-13 23:30:45.621 I/Wear_Controller( 2181): onStartup - Wear is not available on this device.
12-13 23:30:45.664 I/TapAndPay( 1943): getInstance: new instance created [CONTEXT service_id=79 ]
12-13 23:30:45.668 I/ExposureNotification( 1943): ENInternalService.onDestroy, com.google.android.gms.nearby.exposurenotification.service.ExposureNotificationInternalChimeraService@7627587 [CONTEXT service_id=236 ]
12-13 23:30:45.678 I/aqlk    ( 1943): updateFromConfigurations using legacy put method [CONTEXT service_id=204 ]
12-13 23:30:45.728 I/TapAndPay( 1943): Maintaining payment bundles [CONTEXT service_id=79 ]
12-13 23:30:45.731 W/TapAndPay( 1943): Failed to get CardEmulation instance. [CONTEXT service_id=79 ]
12-13 23:30:45.731 W/TapAndPay( 1943): java.lang.NullPointerException: NfcAdapter is null
12-13 23:30:45.731 W/TapAndPay( 1943): 	at android.nfc.cardemulation.CardEmulation.getInstance(CardEmulation.java:146)
12-13 23:30:45.731 W/TapAndPay( 1943): 	at avux.f(:com.google.android.gms@204713022@20.47.13 (040700-344095733):0)
12-13 23:30:45.731 W/TapAndPay( 1943): 	at avux.c(:com.google.android.gms@204713022@20.47.13 (040700-344095733):1)
12-13 23:30:45.731 W/TapAndPay( 1943): 	at awic.b(:com.google.android.gms@204713022@20.47.13 (040700-344095733):205)
12-13 23:30:45.731 W/TapAndPay( 1943): 	at com.google.android.gms.tapandpay.paymentbundle.PaymentBundleIntentOperation.a(:com.google.android.gms@204713022@20.47.13 (040700-344095733):2)
12-13 23:30:45.731 W/TapAndPay( 1943): 	at avpp.onHandleIntent(:com.google.android.gms@204713022@20.47.13 (040700-344095733):2)
12-13 23:30:45.731 W/TapAndPay( 1943): 	at com.google.android.chimera.IntentOperation.onHandleIntent(:com.google.android.gms@204713022@20.47.13 (040700-344095733):2)
12-13 23:30:45.731 W/TapAndPay( 1943): 	at rfm.onHandleIntent(:com.google.android.gms@204713022@20.47.13 (040700-344095733):6)
12-13 23:30:45.731 W/TapAndPay( 1943): 	at cyr.run(:com.google.android.gms@204713022@20.47.13 (040700-344095733):4)
12-13 23:30:45.731 W/TapAndPay( 1943): 	at cyq.run(:com.google.android.gms@204713022@20.47.13 (040700-344095733):11)
12-13 23:30:45.731 W/TapAndPay( 1943): 	at bpsz.run(:com.google.android.gms@204713022@20.47.13 (040700-344095733):2)
12-13 23:30:45.731 W/TapAndPay( 1943): 	at java.util.concurrent.ThreadPoolExecutor.runWorker(ThreadPoolExecutor.java:1162)
12-13 23:30:45.731 W/TapAndPay( 1943): 	at java.util.concurrent.ThreadPoolExecutor$Worker.run(ThreadPoolExecutor.java:636)
12-13 23:30:45.731 W/TapAndPay( 1943): 	at java.lang.Thread.run(Thread.java:764)
12-13 23:30:45.732 I/TapAndPay( 1943): Finished maintaining payment bundles [CONTEXT service_id=79 ]
12-13 23:30:45.753 I/zygote  ( 1629): Background concurrent copying GC freed 22469(1115KB) AllocSpace objects, 5(100KB) LOS objects, 37% free, 9MB/15MB, paused 508us total 109.997ms
12-13 23:30:45.802 I/zygote  ( 1943): Do full code cache collection, code=500KB, data=343KB
12-13 23:30:45.811 I/zygote  ( 1943): After code cache collection, code=486KB, data=300KB
12-13 23:30:45.819 I/zygote  ( 1943): Deoptimizing bsbk brqx.D(int) due to JIT inline cache
12-13 23:30:45.820 W/ProviderHelper( 3753): Unknown dynamite feature providerinstaller.dynamite
12-13 23:30:45.825 I/DynamiteModule( 3753): Considering local module com.google.android.gms.providerinstaller.dynamite:1 and remote module com.google.android.gms.providerinstaller.dynamite:0
12-13 23:30:45.825 I/DynamiteModule( 3753): Selected local version of com.google.android.gms.providerinstaller.dynamite
12-13 23:30:45.833 V/NativeCrypto( 3753): Registering com/google/android/gms/org/conscrypt/NativeCrypto's 286 native methods...
12-13 23:30:45.849 D/NetworkSecurityConfig( 3753): Using Network Security Config from resource network_security_config debugBuild: false
12-13 23:30:45.852 I/ProviderInstaller( 3753): Installed default security provider GmsCore_OpenSSL
12-13 23:30:45.852 I/Safeboot( 3753): Checking safeboot...
12-13 23:30:45.853 I/Safeboot( 3753): Not entering safeboot; wrong process.
12-13 23:30:45.895 I/GCoreUlr( 1943): WorldUpdater received intent Intent { act=com.google.android.location.reporting.ACTION_UPDATE_WORLD cmp=com.google.android.gms/com.google.android.location.reporting.service.DispatchingService (has extras) } with receiverAction init
12-13 23:30:45.907 I/zygote  ( 1943): Do partial code cache collection, code=486KB, data=299KB
12-13 23:30:45.907 I/zygote  ( 1943): After code cache collection, code=485KB, data=299KB
12-13 23:30:45.907 I/zygote  ( 1943): Increasing code cache capacity to 2MB
12-13 23:30:45.923 I/GMS_MM_Logger( 3753): Started.
12-13 23:30:45.924 I/bgwx    ( 3753): Primes not initialized, returning default (no-op) Primes instance which will ignore all calls. Please call Primes.initialize(...) before using any Primes API.
12-13 23:30:46.007 I/GCoreUlr( 1943): WorldUpdater:init: Ensuring that reporting is stopped because of reasons: (no Google accounts)
12-13 23:30:46.011 I/GCoreUlr( 1943): Unbound from all signal providers.
12-13 23:30:46.033 I/GCoreUlr( 1943): Unbound from all signal providers.
12-13 23:30:46.033 I/GCoreUlr( 1943): Stopping handler for UlrDispSvcFast
12-13 23:30:46.038 I/GCoreUlr( 1943): DispatchingService ignoring Intent { act=android.net.wifi.WIFI_STATE_CHANGED flg=0x4000010 (has extras) } because ULR inactive
12-13 23:30:46.215 I/Checkin ( 2181): [EventLogChimeraService] Opted in for usage reporting: false
12-13 23:30:46.273 I/Checkin ( 2181): [EventLogChimeraService] Accumulating logs since 1607920238335
12-13 23:30:46.414 W/Binder:3419_1( 3419): type=1400 audit(0.0:20): avc: denied { read } for name="modules" dev="proc" ino=4026532034 scontext=u:r:priv_app:s0:c512,c768 tcontext=u:object_r:proc_modules:s0 tclass=file permissive=0
12-13 23:30:46.448 W/SystemServiceRegistry( 3419): No service published for: persistent_data_block
12-13 23:30:46.475 I/GAv4-SVC( 2181): Google Analytics 204.7.13 is starting up.
12-13 23:30:46.479 W/ResourceType( 2181): ResTable_typeSpec entry count inconsistent: given 67, previously 69
12-13 23:30:46.479 W/ResourceType( 2181): ResTable_typeSpec entry count inconsistent: given 5411, previously 5412
12-13 23:30:46.488 D/EGL_emulation( 3419): eglCreateContext: 0x83c8b9e0: maj 3 min 0 rcv 3
12-13 23:30:46.491 D/EGL_emulation( 3419): eglMakeCurrent: 0x83c8b9e0: ver 3 0 (tinfo 0x9aa83f10)
12-13 23:30:46.492 E/eglCodecCommon( 3419): glUtilsParamSize: unknow param 0x00008cdf
12-13 23:30:46.492 E/eglCodecCommon( 3419): glUtilsParamSize: unknow param 0x00008cdf
12-13 23:30:46.492 E/eglCodecCommon( 3419): glUtilsParamSize: unknow param 0x00008824
12-13 23:30:46.493 E/eglCodecCommon( 3419): glUtilsParamSize: unknow param 0x00008824
12-13 23:30:46.545 D/EGL_emulation( 3419): eglCreateContext: 0x83c8bb60: maj 3 min 0 rcv 3
12-13 23:30:46.548 D/EGL_emulation( 3419): eglMakeCurrent: 0x83c8bb60: ver 3 0 (tinfo 0x9aa83f10)
12-13 23:30:46.549 E/eglCodecCommon( 3419): glUtilsParamSize: unknow param 0x00008cdf
12-13 23:30:46.549 E/eglCodecCommon( 3419): glUtilsParamSize: unknow param 0x00008cdf
12-13 23:30:46.549 E/eglCodecCommon( 3419): glUtilsParamSize: unknow param 0x00008824
12-13 23:30:46.549 E/eglCodecCommon( 3419): glUtilsParamSize: unknow param 0x00008824
12-13 23:30:46.626 I/Checkin ( 2181): [CheckinOperation] Starting Checkin: Default Task Reason : 1 Force : false UserId : 0 Start time : 51245
12-13 23:30:46.628 I/CheckinUtil( 2181): Classify the device as Phone. [CONTEXT service_id=130 ]
12-13 23:30:46.652 I/Checkin ( 2181): [AndroidCheckinProtoModule] Checkin reason type: 1 attempt count: 1.
12-13 23:30:47.208 W/AlarmManager( 1629): Unrecognized alarm listener com.android.server.wifi.WifiConfigStore$1@3268a39
12-13 23:30:47.228 D/WifiConfigStore( 1629): Writing to stores completed in 19 ms.
12-13 23:30:47.242 I/Authzen ( 2181): [DeviceStateSyncManager] The server is in sync with current state. Nothing to do
12-13 23:30:47.263 D/BoundBrokerSvc( 2181): onUnbind: Intent { act=com.google.android.gms.cast.firstparty.START cmp=com.google.android.gms/.chimera.GmsBoundBrokerService }
12-13 23:30:47.484 I/MicroDetectionWorker( 2106): #updateMicroDetector [detectionMode: [mDetectionMode: [1]]]
12-13 23:30:47.485 I/MicroDetectionWorker( 2106): #startMicroDetector [speakerMode: 0]
12-13 23:30:47.487 I/AudioController( 2106): Using mInputStreamFactoryBuilder
12-13 23:30:47.493 I/MicroDetectionWorker( 2106): onReady
12-13 23:30:47.496 I/MicroRecognitionRunner( 2106): Starting detection.
12-13 23:30:47.500 I/MicrophoneInputStream( 2106): mic_starting com.google.android.apps.gsa.staticplugins.aa.c@bffc1f3
12-13 23:30:47.508 I/AudioFlinger( 1476): AudioFlinger's thread 0xab183580 tid=3809 ready to run
12-13 23:30:47.510 I/MicrophoneInputStream( 2106): mic_started com.google.android.apps.gsa.staticplugins.aa.c@bffc1f3
12-13 23:30:47.512 E/ActivityThread( 2106): Failed to find provider info for com.google.android.apps.gsa.testing.ui.audio.recorded
12-13 23:30:47.512 I/MicroDetectionWorker( 2106): onReady
12-13 23:30:47.514 I/MicrophoneInputStream( 2106): mic_close com.google.android.apps.gsa.staticplugins.aa.c@bffc1f3
12-13 23:30:47.514 I/MicroRecognitionRunner( 2106): Detection finished
12-13 23:30:47.514 W/ErrorReporter( 2106): reportError [type: 211, code: 524300]: Error reading from input stream
12-13 23:30:47.515 I/MicroRecognitionRunner( 2106): Stopping hotword detection.
12-13 23:30:47.515 W/ErrorProcessor( 2106): onFatalError, processing error from engine(4)
12-13 23:30:47.515 W/ErrorProcessor( 2106): com.google.android.apps.gsa.shared.speech.b.g: Error reading from input stream
12-13 23:30:47.515 W/ErrorProcessor( 2106): 	at com.google.android.apps.gsa.staticplugins.recognizer.j.a.a(SourceFile:28)
12-13 23:30:47.515 W/ErrorProcessor( 2106): 	at com.google.android.apps.gsa.staticplugins.recognizer.j.b.run(SourceFile:15)
12-13 23:30:47.515 W/ErrorProcessor( 2106): 	at java.util.concurrent.Executors$RunnableAdapter.call(Executors.java:457)
12-13 23:30:47.515 W/ErrorProcessor( 2106): 	at java.util.concurrent.FutureTask.run(FutureTask.java:266)
