--------- beginning of main
12-13 23:31:20.396 D/AndroidRuntime( 4393): >>>>>> START com.android.internal.os.RuntimeInit uid 2000 <<<<<<
12-13 23:31:20.428 W/app_process( 4393): Unexpected CPU variant for X86 using defaults: x86
12-13 23:31:20.444 D/AndroidRuntime( 4393): Calling main entry com.android.commands.am.Am
--------- beginning of system
12-13 23:31:20.447 I/ActivityManager( 1629): Force stopping com.evancharlton.mileage appid=10170 user=0: start instr
12-13 23:31:20.447 I/ActivityManager( 1629): Killing 4372:com.evancharlton.mileage/u0a170 (adj 0): stop com.evancharlton.mileage
12-13 23:31:20.447 W/ActivityManager( 1629): Crash of app com.evancharlton.mileage running instrumentation ComponentInfo{com.evancharlton.mileage.test/sh.calaba.instrumentationbackend.ClearAppData2}
12-13 23:31:20.447 I/ActivityManager( 1629): Force stopping com.evancharlton.mileage appid=10170 user=0: finished inst
12-13 23:31:20.448 I/ActivityManager( 1629): Killing 3399:com.google.android.apps.maps/u0a59 (adj 906): empty #17
12-13 23:31:20.458 I/zygote  ( 4403): Not late-enabling -Xcheck:jni (already on)
12-13 23:31:20.464 W/zygote  ( 4403): Unexpected CPU variant for X86 using defaults: x86
12-13 23:31:20.467 I/ActivityManager( 1629): Start proc 4403:com.evancharlton.mileage/u0a170 for added application com.evancharlton.mileage
12-13 23:31:20.468 D/AndroidRuntime( 4393): Shutting down VM
12-13 23:31:20.486 W/zygote  ( 4403): Found duplicate classes, falling back to extracting from APK : /data/app/com.evancharlton.mileage.test-OkGuFx086JJBQzNBV3Ig_w==/base.apk
12-13 23:31:20.486 W/zygote  ( 4403): NOTE: This wastes RAM and hurts startup performance.
12-13 23:31:20.486 W/zygote  ( 4403): Found duplicated class when checking oat files: 'Ljunit/runner/BaseTestRunner;' in /data/app/com.evancharlton.mileage.test-OkGuFx086JJBQzNBV3Ig_w==/base.apk and /system/framework/android.test.runner.jar
12-13 23:31:20.486 W/zygote  ( 4403): 
12-13 23:31:20.494 E/adbd    ( 1383): failed to connect to socket 'tcp:7102': Connection refused
12-13 23:31:20.496 E/adbd    ( 1383): failed to connect to socket 'tcp:7102': Connection refused
12-13 23:31:20.513 D/BoundBrokerSvc( 1943): onUnbind: Intent { act=com.google.android.gms.clearcut.service.START pkg=com.google.android.gms }
12-13 23:31:20.513 D/BoundBrokerSvc( 2181): onUnbind: Intent { act=com.google.android.gms.people.service.START pkg=com.google.android.gms }
12-13 23:31:20.523 W/System  ( 4403): ClassLoader referenced unknown path: 
12-13 23:31:20.535 I/System.out( 4403): Main activity name automatically set to: com.evancharlton.mileage.Mileage
12-13 23:31:20.535 I/System.out( 4403): Calabash did not load Mono. This is only a problem if you are trying to test a Mono application
12-13 23:31:20.536 I/calabash( 4403): Test server port: 7102
12-13 23:31:20.537 I/InstrumentationBackend( 4403): Added:'GetPreferences', with key:'get_preferences'
12-13 23:31:20.597 I/InstrumentationBackend( 4403): Added:'SetPreferences', with key:'set_preferences'
12-13 23:31:20.597 I/InstrumentationBackend( 4403): Added:'ClearPreferences', with key:'clear_preferences'
12-13 23:31:20.598 I/InstrumentationBackend( 4403): Added:'PressElement', with key:'press_l10n_element'
12-13 23:31:20.599 I/InstrumentationBackend( 4403): Added:'WaitForElement', with key:'wait_for_l10n_element'
12-13 23:31:20.599 E/adbd    ( 1383): failed to connect to socket 'tcp:7102': Connection refused
12-13 23:31:20.600 I/InstrumentationBackend( 4403): Added:'NullAction', with key:'nullAction'
12-13 23:31:20.601 I/InstrumentationBackend( 4403): Added:'PressKey', with key:'press_key'
12-13 23:31:20.601 I/InstrumentationBackend( 4403): Added:'SetActivityOrientation', with key:'set_activity_orientation'
12-13 23:31:20.602 I/InstrumentationBackend( 4403): Added:'GetActivityOrientation', with key:'get_activity_orientation'
12-13 23:31:20.603 I/InstrumentationBackend( 4403): Added:'FakeGPSLocation', with key:'set_gps_coordinates'
12-13 23:31:20.603 I/InstrumentationBackend( 4403): Added:'SetPropertyByCssSelector', with key:'set_property_by_css_selector'
12-13 23:31:20.604 I/InstrumentationBackend( 4403): Added:'GetUrl', with key:'get_url'
12-13 23:31:20.606 I/InstrumentationBackend( 4403): Added:'ScrollTo', with key:'scroll_to'
12-13 23:31:20.607 I/InstrumentationBackend( 4403): Added:'GetLoadProgress', with key:'get_load_progress'
12-13 23:31:20.607 E/adbd    ( 1383): failed to connect to socket 'tcp:7102': Connection refused
12-13 23:31:20.608 I/InstrumentationBackend( 4403): Added:'DumpHtml', with key:'dump_html'
12-13 23:31:20.608 I/InstrumentationBackend( 4403): Added:'DumpBodyHtml', with key:'dump_body_html'
12-13 23:31:20.608 I/InstrumentationBackend( 4403): Added:'EnterTextByCssSelector', with key:'enter_text_by_selector'
12-13 23:31:20.612 I/InstrumentationBackend( 4403): Added:'AndroidSDKVersion', with key:'android_sdk_version'
12-13 23:31:20.613 I/InstrumentationBackend( 4403): Added:'Version', with key:'version'
12-13 23:31:20.613 I/InstrumentationBackend( 4403): Added:'Drag', with key:'drag'
12-13 23:31:20.613 I/InstrumentationBackend( 4403): Added:'TouchCoordinates', with key:'touch_coordinate'
12-13 23:31:20.614 I/InstrumentationBackend( 4403): Added:'LongPressCoordinate', with key:'long_press_coordinate'
12-13 23:31:20.614 I/InstrumentationBackend( 4403): Added:'DragCoordinates', with key:'drag_coordinates'
12-13 23:31:20.614 I/InstrumentationBackend( 4403): Added:'ResumeApplication', with key:'resume_application'
12-13 23:31:20.615 I/InstrumentationBackend( 4403): Added:'Swipe', with key:'swipe'
12-13 23:31:20.615 I/InstrumentationBackend( 4403): Added:'DoubleTapCoordinate', with key:'double_tap_coordinate'
12-13 23:31:20.615 I/InstrumentationBackend( 4403): Added:'ClickOnScreen', with key:'click_on_screen'
12-13 23:31:20.616 I/InstrumentationBackend( 4403): Added:'GetActivityName', with key:'get_activity_name'
12-13 23:31:20.616 I/InstrumentationBackend( 4403): Added:'ScrollToView', with key:'scroll_to_view'
12-13 23:31:20.617 I/InstrumentationBackend( 4403): Added:'ViewConfiguration', with key:'view_configuration'
12-13 23:31:20.617 I/InstrumentationBackend( 4403): Added:'IsCurrentActivityFocused', with key:'is_current_activity_focused'
12-13 23:31:20.617 I/InstrumentationBackend( 4403): Added:'SendTcp', with key:'send_tcp'
12-13 23:31:20.617 I/InstrumentationBackend( 4403): Added:'DpToDevicePixel', with key:'dp_to_device_pixel'
12-13 23:31:20.618 I/InstrumentationBackend( 4403): Added:'KeyboardEnterText', with key:'keyboard_enter_text'
12-13 23:31:20.619 I/InstrumentationBackend( 4403): Added:'DeleteSurroundingText', with key:'delete_surrounding_text'
12-13 23:31:20.619 I/InstrumentationBackend( 4403): Added:'SetComposingRegion', with key:'set_composing_region'
12-13 23:31:20.620 I/InstrumentationBackend( 4403): Added:'SetSelection', with key:'set_selection'
12-13 23:31:20.620 I/InstrumentationBackend( 4403): Added:'KeyboardKeyEvent', with key:'keyboard_key_event'
12-13 23:31:20.621 I/InstrumentationBackend( 4403): Added:'PressUserActionButton', with key:'press_user_action_button'
12-13 23:31:20.621 I/InstrumentationBackend( 4403): Added:'HideSoftKeyboard', with key:'hide_soft_keyboard'
12-13 23:31:20.623 I/InstrumentationBackend( 4403): Added:'ListActions', with key:'list_actions'
12-13 23:31:20.623 I/calabash( 4403): Instantiating http server at 7102
12-13 23:31:20.623 I/System.out( 4403): HTTP Daemon listening on: 7102
12-13 23:31:20.724 I/System.out( 4403): URI: //ping
12-13 23:31:20.724 I/System.out( 4403): params: {json={}
12-13 23:31:20.724 I/System.out( 4403): }
12-13 23:31:20.739 I/System.out( 4403): URI: //ping
12-13 23:31:20.739 I/System.out( 4403): params: {json={}
12-13 23:31:20.739 I/System.out( 4403): }
12-13 23:31:20.747 I/System.out( 4403): URI: //ready
12-13 23:31:20.747 I/System.out( 4403): params: {json={}
12-13 23:31:20.747 I/System.out( 4403): }
12-13 23:31:20.753 I/System.out( 4403): URI: //
12-13 23:31:20.753 I/System.out( 4403): params: {json={"command":"version","arguments":[]}
12-13 23:31:20.753 I/System.out( 4403): }
12-13 23:31:20.754 I/System.out( 4403): header: {content-type=application/json;charset=utf-8, date=Mon, 14 Dec 2020 04:31:21 GMT, accept=*/*, host=127.0.0.1:34777, content-length=36, user-agent=HTTPClient/1.0 (2.8.3, ruby 2.5.8 (2020-03-31))}
12-13 23:31:20.754 I/System.out( 4403): params: {json={"command":"version","arguments":[]}
12-13 23:31:20.754 I/System.out( 4403): }
12-13 23:31:20.754 I/System.out( 4403): ProP json = {"command":"version","arguments":[]}
12-13 23:31:20.754 I/System.out( 4403): files: {}
12-13 23:31:20.754 I/System.out( 4403): command: {"command":"version","arguments":[]}
12-13 23:31:20.780 I/InstrumentationBackend( 4403): Got command:'Command:'Line:null,version', arguments:'[]'
12-13 23:31:20.822 I/System.out( 4403): result:{"bonusInformation":[],"message":"0.9.8","success":true}
12-13 23:31:20.829 I/System.out( 4403): URI: //start-application
12-13 23:31:20.829 I/System.out( 4403): params: {json={"intent":null}
12-13 23:31:20.829 I/System.out( 4403): }
12-13 23:31:20.866 I/ActivityManager( 1629): START u0 {act=android.intent.action.MAIN cat=[android.intent.category.LAUNCHER] flg=0x10200000 cmp=com.evancharlton.mileage/.Mileage} from uid 10170
12-13 23:31:20.879 I/calabash( 4403): newActivity1
12-13 23:31:20.898 D/gralloc_ranchu( 1396): gralloc_alloc: Creating ashmem region of size 7753728
12-13 23:31:20.914 W/ActivityManager( 1629): Bad activity token: android.os.BinderProxy@6afa4b5
12-13 23:31:20.914 W/ActivityManager( 1629): java.lang.ClassCastException: android.os.BinderProxy cannot be cast to com.android.server.am.ActivityRecord$Token
12-13 23:31:20.914 W/ActivityManager( 1629): 	at com.android.server.am.ActivityRecord.forTokenLocked(ActivityRecord.java:778)
12-13 23:31:20.914 W/ActivityManager( 1629): 	at com.android.server.am.ActivityRecord.isInStackLocked(ActivityRecord.java:2085)
12-13 23:31:20.914 W/ActivityManager( 1629): 	at com.android.server.am.ActivityRecord.getStackLocked(ActivityRecord.java:2090)
12-13 23:31:20.914 W/ActivityManager( 1629): 	at com.android.server.am.ActivityManagerService.getActivityDisplayId(ActivityManagerService.java:10406)
12-13 23:31:20.914 W/ActivityManager( 1629): 	at android.app.IActivityManager$Stub.onTransact(IActivityManager.java:2738)
12-13 23:31:20.914 W/ActivityManager( 1629): 	at com.android.server.am.ActivityManagerService.onTransact(ActivityManagerService.java:2935)
12-13 23:31:20.914 W/ActivityManager( 1629): 	at android.os.Binder.execTransact(Binder.java:674)
12-13 23:31:20.914 I/calabash( 4403): newActivity1
12-13 23:31:20.919 W/ActivityManager( 1629): Bad activity token: android.os.BinderProxy@6afa4b5
12-13 23:31:20.919 W/ActivityManager( 1629): java.lang.ClassCastException: android.os.BinderProxy cannot be cast to com.android.server.am.ActivityRecord$Token
12-13 23:31:20.919 W/ActivityManager( 1629): 	at com.android.server.am.ActivityRecord.forTokenLocked(ActivityRecord.java:778)
12-13 23:31:20.919 W/ActivityManager( 1629): 	at com.android.server.am.ActivityRecord.isInStackLocked(ActivityRecord.java:2085)
12-13 23:31:20.919 W/ActivityManager( 1629): 	at com.android.server.am.ActivityManagerService.setTaskDescription(ActivityManagerService.java:9988)
12-13 23:31:20.919 W/ActivityManager( 1629): 	at android.app.IActivityManager$Stub.onTransact(IActivityManager.java:2824)
12-13 23:31:20.919 W/ActivityManager( 1629): 	at com.android.server.am.ActivityManagerService.onTransact(ActivityManagerService.java:2935)
12-13 23:31:20.919 W/ActivityManager( 1629): 	at android.os.Binder.execTransact(Binder.java:674)
12-13 23:31:20.920 W/ActivityManager( 1629): Bad activity token: android.os.BinderProxy@6afa4b5
12-13 23:31:20.920 W/ActivityManager( 1629): java.lang.ClassCastException: android.os.BinderProxy cannot be cast to com.android.server.am.ActivityRecord$Token
12-13 23:31:20.920 W/ActivityManager( 1629): 	at com.android.server.am.ActivityRecord.forTokenLocked(ActivityRecord.java:778)
12-13 23:31:20.920 W/ActivityManager( 1629): 	at com.android.server.am.ActivityRecord.isInStackLocked(ActivityRecord.java:2085)
12-13 23:31:20.920 W/ActivityManager( 1629): 	at com.android.server.am.ActivityRecord.getStackLocked(ActivityRecord.java:2090)
12-13 23:31:20.920 W/ActivityManager( 1629): 	at com.android.server.am.ActivityManagerService.getActivityStackId(ActivityManagerService.java:10417)
12-13 23:31:20.920 W/ActivityManager( 1629): 	at android.app.IActivityManager$Stub.onTransact(IActivityManager.java:3548)
12-13 23:31:20.920 W/ActivityManager( 1629): 	at com.android.server.am.ActivityManagerService.onTransact(ActivityManagerService.java:2935)
12-13 23:31:20.920 W/ActivityManager( 1629): 	at android.os.Binder.execTransact(Binder.java:674)
12-13 23:31:20.949 D/EGL_emulation( 2106): eglMakeCurrent: 0x9aa856c0: ver 3 0 (tinfo 0x9aa83410)
12-13 23:31:20.951 D/EGL_emulation( 2033): eglMakeCurrent: 0x9817c900: ver 3 0 (tinfo 0x9817fc10)
12-13 23:31:20.955 V/StatusBar( 1726): setLightsOn(true)
12-13 23:31:20.973 D/EGL_emulation( 1726): eglMakeCurrent: 0x86cc6fe0: ver 3 0 (tinfo 0x961c39d0)
12-13 23:31:20.990 V/StatusBar( 1726): setLightsOn(true)
12-13 23:31:20.991 D/EGL_emulation( 1726): eglMakeCurrent: 0x86cc6fe0: ver 3 0 (tinfo 0x961c39d0)
12-13 23:31:20.992 E/ContentStoreEUAS( 2106): Failed to commit the deferred actions
12-13 23:31:20.996 D/EGL_emulation( 1726): eglMakeCurrent: 0x86cc6fe0: ver 3 0 (tinfo 0x961c39d0)
12-13 23:31:21.003 I/chatty  ( 1726): uid=10028(u0_a28) RenderThread identical 1 line
12-13 23:31:21.009 D/EGL_emulation( 1726): eglMakeCurrent: 0x86cc6fe0: ver 3 0 (tinfo 0x961c39d0)
12-13 23:31:21.021 D/FillupsProvider( 4403): Creating database
12-13 23:31:21.024 D/EGL_emulation( 1726): eglMakeCurrent: 0x86cc6fe0: ver 3 0 (tinfo 0x961c39d0)
12-13 23:31:21.074 I/chatty  ( 1726): uid=10028(u0_a28) RenderThread identical 6 lines
12-13 23:31:21.078 D/EGL_emulation( 1726): eglMakeCurrent: 0x86cc6fe0: ver 3 0 (tinfo 0x961c39d0)
12-13 23:31:21.080 I/zygote  ( 4403): Do partial code cache collection, code=29KB, data=21KB
12-13 23:31:21.080 I/zygote  ( 4403): After code cache collection, code=29KB, data=21KB
12-13 23:31:21.080 I/zygote  ( 4403): Increasing code cache capacity to 128KB
12-13 23:31:21.084 D/EGL_emulation( 1726): eglMakeCurrent: 0x86cc6fe0: ver 3 0 (tinfo 0x961c39d0)
12-13 23:31:21.168 W/ActivityManager( 1629): Bad activity token: android.os.BinderProxy@6afa4b5
12-13 23:31:21.168 W/ActivityManager( 1629): java.lang.ClassCastException: android.os.BinderProxy cannot be cast to com.android.server.am.ActivityRecord$Token
12-13 23:31:21.168 W/ActivityManager( 1629): 	at com.android.server.am.ActivityRecord.forTokenLocked(ActivityRecord.java:778)
12-13 23:31:21.168 W/ActivityManager( 1629): 	at com.android.server.am.ActivityRecord.isInStackLocked(ActivityRecord.java:2085)
12-13 23:31:21.168 W/ActivityManager( 1629): 	at com.android.server.am.ActivityManagerService.getActivityOptions(ActivityManagerService.java:13302)
12-13 23:31:21.168 W/ActivityManager( 1629): 	at android.app.IActivityManager$Stub.onTransact(IActivityManager.java:2910)
12-13 23:31:21.168 W/ActivityManager( 1629): 	at com.android.server.am.ActivityManagerService.onTransact(ActivityManagerService.java:2935)
12-13 23:31:21.168 W/ActivityManager( 1629): 	at android.os.Binder.execTransact(Binder.java:674)
12-13 23:31:21.171 W/ActivityManager( 1629): Bad activity token: android.os.BinderProxy@6afa4b5
12-13 23:31:21.171 W/ActivityManager( 1629): java.lang.ClassCastException: android.os.BinderProxy cannot be cast to com.android.server.am.ActivityRecord$Token
12-13 23:31:21.171 W/ActivityManager( 1629): 	at com.android.server.am.ActivityRecord.forTokenLocked(ActivityRecord.java:778)
12-13 23:31:21.171 W/ActivityManager( 1629): 	at com.android.server.am.ActivityRecord.isInStackLocked(ActivityRecord.java:2085)
12-13 23:31:21.171 W/ActivityManager( 1629): 	at com.android.server.am.ActivityManagerService.getActivityOptions(ActivityManagerService.java:13302)
12-13 23:31:21.171 W/ActivityManager( 1629): 	at android.app.IActivityManager$Stub.onTransact(IActivityManager.java:2910)
12-13 23:31:21.171 W/ActivityManager( 1629): 	at com.android.server.am.ActivityManagerService.onTransact(ActivityManagerService.java:2935)
12-13 23:31:21.171 W/ActivityManager( 1629): 	at android.os.Binder.execTransact(Binder.java:674)
12-13 23:31:21.175 I/chatty  ( 1726): uid=10028(u0_a28) RenderThread identical 11 lines
12-13 23:31:21.183 D/EGL_emulation( 1726): eglMakeCurrent: 0x86cc6fe0: ver 3 0 (tinfo 0x961c39d0)
12-13 23:31:21.251 V/StatusBar( 1726): setLightsOn(true)
12-13 23:31:21.295 I/zygote  ( 4403): Do partial code cache collection, code=44KB, data=57KB
12-13 23:31:21.296 I/zygote  ( 4403): After code cache collection, code=44KB, data=57KB
12-13 23:31:21.296 I/zygote  ( 4403): Increasing code cache capacity to 256KB
12-13 23:31:21.296 I/zygote  ( 4403): JIT allocated 71KB for compiled code of void android.widget.TextView.<init>(android.content.Context, android.util.AttributeSet, int, int)
12-13 23:31:21.296 I/zygote  ( 4403): Compiler allocated 4MB to compile void android.widget.TextView.<init>(android.content.Context, android.util.AttributeSet, int, int)
12-13 23:31:21.322 V/StatusBar( 1726): setLightsOn(true)
12-13 23:31:21.324 I/chatty  ( 1726): uid=10028(u0_a28) com.android.systemui identical 1 line
12-13 23:31:21.325 V/StatusBar( 1726): setLightsOn(true)
12-13 23:31:21.335 I/zygote  ( 4403): Do full code cache collection, code=123KB, data=62KB
12-13 23:31:21.336 I/zygote  ( 4403): After code cache collection, code=89KB, data=34KB
12-13 23:31:21.359 D/gralloc_ranchu( 1396): gralloc_alloc: Creating ashmem region of size 7753728
12-13 23:31:21.378 D/        ( 4403): HostConnection::get() New Host Connection established 0x97eb0d80, tid 4403
12-13 23:31:21.384 V/StatusBar( 1726): setLightsOn(true)
12-13 23:31:21.429 V/StatusBar( 1726): setLightsOn(true)
12-13 23:31:21.430 I/ActivityManager( 1629): Displayed com.evancharlton.mileage/.Mileage: +557ms
12-13 23:31:21.432 V/StatusBar( 1726): setLightsOn(true)
12-13 23:31:21.450 V/StatusBar( 1726): setLightsOn(true)
12-13 23:31:21.460 D/gralloc_ranchu( 1396): gralloc_alloc: Creating ashmem region of size 7753728
12-13 23:31:21.616 V/StatusBar( 1726): setLightsOn(true)
12-13 23:31:21.662 I/System.out( 4403): URI: //
12-13 23:31:21.662 I/System.out( 4403): params: {json={"command":"set_activity_orientation","arguments":["landscape"]}
12-13 23:31:21.662 I/System.out( 4403): }
12-13 23:31:21.662 I/System.out( 4403): header: {content-type=application/json;charset=utf-8, date=Mon, 14 Dec 2020 04:31:21 GMT, accept=*/*, host=127.0.0.1:34777, content-length=64, user-agent=HTTPClient/1.0 (2.8.3, ruby 2.5.8 (2020-03-31))}
12-13 23:31:21.662 I/System.out( 4403): params: {json={"command":"set_activity_orientation","arguments":["landscape"]}
12-13 23:31:21.662 I/System.out( 4403): }
12-13 23:31:21.662 I/System.out( 4403): ProP json = {"command":"set_activity_orientation","arguments":["landscape"]}
12-13 23:31:21.662 I/System.out( 4403): files: {}
12-13 23:31:21.662 I/System.out( 4403): command: {"command":"set_activity_orientation","arguments":["landscape"]}
12-13 23:31:21.674 I/InstrumentationBackend( 4403): Got command:'Command:'Line:null,set_activity_orientation', arguments:'[landscape]'
12-13 23:31:21.678 D/gralloc_ranchu( 1396): gralloc_alloc: Creating ashmem region of size 8298496
12-13 23:31:21.697 W/LocalDisplayAdapter( 1629): Unable to find color mode 0, ignoring request.
12-13 23:31:21.709 I/ActivityManager( 1629): Config changes=480 {1.0 310mcc260mnc [en_US] ldltr sw411dp w683dp h387dp 420dpi nrml land finger qwerty/v/v -nav/h appBounds=Rect(0, 0 - 1794, 1080) s.7}
12-13 23:31:21.718 I/InputReader( 1629): Reconfiguring input devices.  changes=0x00000004
12-13 23:31:21.718 I/InputReader( 1629): Device reconfigured: id=0, name='qwerty2', size 1080x1920, orientation 1, mode 1, display id 0
12-13 23:31:21.756 I/ActivityManager( 1629): Override config changes=480 {1.0 310mcc260mnc [en_US] ldltr sw411dp w683dp h387dp 420dpi nrml land finger qwerty/v/v -nav/h appBounds=Rect(0, 0 - 1794, 1080) s.7} for displayId=0
12-13 23:31:21.809 I/calabash( 4403): newActivity1
12-13 23:31:21.836 D/gralloc_ranchu( 1396): gralloc_alloc: Creating ashmem region of size 544768
12-13 23:31:21.847 D/EGL_emulation( 1726): eglMakeCurrent: 0x86cc6fe0: ver 3 0 (tinfo 0x961c39d0)
12-13 23:31:21.852 D/gralloc_ranchu( 1396): gralloc_alloc: Creating ashmem region of size 544768
12-13 23:31:21.856 W/ActivityManager( 1629): Bad activity token: android.os.BinderProxy@491ee23
12-13 23:31:21.856 W/ActivityManager( 1629): java.lang.ClassCastException: android.os.BinderProxy cannot be cast to com.android.server.am.ActivityRecord$Token
12-13 23:31:21.856 W/ActivityManager( 1629): 	at com.android.server.am.ActivityRecord.forTokenLocked(ActivityRecord.java:778)
12-13 23:31:21.856 W/ActivityManager( 1629): 	at com.android.server.am.ActivityRecord.isInStackLocked(ActivityRecord.java:2085)
12-13 23:31:21.856 W/ActivityManager( 1629): 	at com.android.server.am.ActivityRecord.getStackLocked(ActivityRecord.java:2090)
12-13 23:31:21.856 W/ActivityManager( 1629): 	at com.android.server.am.ActivityManagerService.getActivityDisplayId(ActivityManagerService.java:10406)
12-13 23:31:21.856 W/ActivityManager( 1629): 	at android.app.IActivityManager$Stub.onTransact(IActivityManager.java:2738)
12-13 23:31:21.856 W/ActivityManager( 1629): 	at com.android.server.am.ActivityManagerService.onTransact(ActivityManagerService.java:2935)
12-13 23:31:21.856 W/ActivityManager( 1629): 	at android.os.Binder.execTransact(Binder.java:674)
12-13 23:31:21.863 D/NuPlayerDriver( 1484): NuPlayerDriver(0xaabc40e0) created, clientPid(1726)
12-13 23:31:21.863 I/calabash( 4403): newActivity1
12-13 23:31:21.872 W/ActivityManager( 1629): Bad activity token: android.os.BinderProxy@491ee23
12-13 23:31:21.872 W/ActivityManager( 1629): java.lang.ClassCastException: android.os.BinderProxy cannot be cast to com.android.server.am.ActivityRecord$Token
12-13 23:31:21.872 W/ActivityManager( 1629): 	at com.android.server.am.ActivityRecord.forTokenLocked(ActivityRecord.java:778)
12-13 23:31:21.872 W/ActivityManager( 1629): 	at com.android.server.am.ActivityRecord.isInStackLocked(ActivityRecord.java:2085)
12-13 23:31:21.872 W/ActivityManager( 1629): 	at com.android.server.am.ActivityManagerService.setTaskDescription(ActivityManagerService.java:9988)
12-13 23:31:21.872 W/ActivityManager( 1629): 	at android.app.IActivityManager$Stub.onTransact(IActivityManager.java:2824)
12-13 23:31:21.872 W/ActivityManager( 1629): 	at com.android.server.am.ActivityManagerService.onTransact(ActivityManagerService.java:2935)
12-13 23:31:21.872 W/ActivityManager( 1629): 	at android.os.Binder.execTransact(Binder.java:674)
12-13 23:31:21.874 W/ActivityManager( 1629): Bad activity token: android.os.BinderProxy@491ee23
12-13 23:31:21.874 W/ActivityManager( 1629): java.lang.ClassCastException: android.os.BinderProxy cannot be cast to com.android.server.am.ActivityRecord$Token
12-13 23:31:21.874 W/ActivityManager( 1629): 	at com.android.server.am.ActivityRecord.forTokenLocked(ActivityRecord.java:778)
12-13 23:31:21.874 W/ActivityManager( 1629): 	at com.android.server.am.ActivityRecord.isInStackLocked(ActivityRecord.java:2085)
12-13 23:31:21.874 W/ActivityManager( 1629): 	at com.android.server.am.ActivityRecord.getStackLocked(ActivityRecord.java:2090)
12-13 23:31:21.874 W/ActivityManager( 1629): 	at com.android.server.am.ActivityManagerService.getActivityStackId(ActivityManagerService.java:10417)
12-13 23:31:21.874 W/ActivityManager( 1629): 	at android.app.IActivityManager$Stub.onTransact(IActivityManager.java:3548)
12-13 23:31:21.874 W/ActivityManager( 1629): 	at com.android.server.am.ActivityManagerService.onTransact(ActivityManagerService.java:2935)
12-13 23:31:21.874 W/ActivityManager( 1629): 	at android.os.Binder.execTransact(Binder.java:674)
12-13 23:31:21.923 W/ActivityManager( 1629): Bad activity token: android.os.BinderProxy@491ee23
12-13 23:31:21.923 W/ActivityManager( 1629): java.lang.ClassCastException: android.os.BinderProxy cannot be cast to com.android.server.am.ActivityRecord$Token
12-13 23:31:21.923 W/ActivityManager( 1629): 	at com.android.server.am.ActivityRecord.forTokenLocked(ActivityRecord.java:778)
12-13 23:31:21.923 W/ActivityManager( 1629): 	at com.android.server.am.ActivityRecord.isInStackLocked(ActivityRecord.java:2085)
12-13 23:31:21.923 W/ActivityManager( 1629): 	at com.android.server.am.ActivityManagerService.getActivityOptions(ActivityManagerService.java:13302)
12-13 23:31:21.923 W/ActivityManager( 1629): 	at android.app.IActivityManager$Stub.onTransact(IActivityManager.java:2910)
12-13 23:31:21.923 W/ActivityManager( 1629): 	at com.android.server.am.ActivityManagerService.onTransact(ActivityManagerService.java:2935)
12-13 23:31:21.923 W/ActivityManager( 1629): 	at android.os.Binder.execTransact(Binder.java:674)
12-13 23:31:21.925 W/ActivityManager( 1629): Bad activity token: android.os.BinderProxy@491ee23
12-13 23:31:21.925 W/ActivityManager( 1629): java.lang.ClassCastException: android.os.BinderProxy cannot be cast to com.android.server.am.ActivityRecord$Token
12-13 23:31:21.925 W/ActivityManager( 1629): 	at com.android.server.am.ActivityRecord.forTokenLocked(ActivityRecord.java:778)
12-13 23:31:21.925 W/ActivityManager( 1629): 	at com.android.server.am.ActivityRecord.isInStackLocked(ActivityRecord.java:2085)
12-13 23:31:21.925 W/ActivityManager( 1629): 	at com.android.server.am.ActivityManagerService.getActivityOptions(ActivityManagerService.java:13302)
12-13 23:31:21.925 W/ActivityManager( 1629): 	at android.app.IActivityManager$Stub.onTransact(IActivityManager.java:2910)
12-13 23:31:21.925 W/ActivityManager( 1629): 	at com.android.server.am.ActivityManagerService.onTransact(ActivityManagerService.java:2935)
12-13 23:31:21.925 W/ActivityManager( 1629): 	at android.os.Binder.execTransact(Binder.java:674)
12-13 23:31:21.927 D/GenericSource( 1484): FileSource remote
12-13 23:31:21.971 D/NuPlayerDriver( 1484): notifyListener_l(0xaabc40e0), (1, 0, 0, -1), loop setting(0, 0)
12-13 23:31:21.976 V/StatusBar( 1726): setLightsOn(true)
12-13 23:31:21.977 I/System.out( 4403): result:{"bonusInformation":[],"message":"","success":true}
12-13 23:31:21.987 I/MediaFocusControl( 1629):  AudioFocus  requestAudioFocus() from uid/pid 10028/1726 clientId=android.media.AudioManager@d050655 req=3 flags=0x0
12-13 23:31:21.987 D/gralloc_ranchu( 1396): gralloc_alloc: Creating ashmem region of size 544768
12-13 23:31:22.024 I/zygote  ( 1726): Do partial code cache collection, code=124KB, data=88KB
12-13 23:31:22.025 I/zygote  ( 1726): After code cache collection, code=124KB, data=88KB
12-13 23:31:22.025 I/zygote  ( 1726): Increasing code cache capacity to 512KB
12-13 23:31:22.036 D/gralloc_ranchu( 1396): gralloc_alloc: Creating ashmem region of size 7753728
12-13 23:31:22.051 D/gralloc_ranchu( 1396): gralloc_alloc: Creating ashmem region of size 487424
12-13 23:31:22.074 D/StatusBar( 1726): disable<e i a s b h r c s q >
12-13 23:31:22.083 D/EGL_emulation( 1726): eglMakeCurrent: 0x86cc6fe0: ver 3 0 (tinfo 0x961c39d0)
12-13 23:31:22.096 I/zygote  ( 4403): Do partial code cache collection, code=123KB, data=88KB
12-13 23:31:22.096 I/zygote  ( 4403): After code cache collection, code=123KB, data=88KB
12-13 23:31:22.096 I/zygote  ( 4403): Increasing code cache capacity to 512KB
12-13 23:31:22.097 D/gralloc_ranchu( 1396): gralloc_alloc: Creating ashmem region of size 487424
12-13 23:31:22.116 D/gralloc_ranchu( 1396): gralloc_alloc: Creating ashmem region of size 7753728
12-13 23:31:22.119 I/WindowManager( 1629): Screen frozen for +443ms due to Window{ef15abc u0 StatusBar}
12-13 23:31:22.155 D/SurfaceFlinger( 1406): duplicate layer name: changing BlackSurface to BlackSurface#1
12-13 23:31:22.178 D/SurfaceFlinger( 1406): duplicate layer name: changing BlackSurface to BlackSurface#2
12-13 23:31:22.188 D/SurfaceFlinger( 1406): duplicate layer name: changing BlackSurface to BlackSurface#3
12-13 23:31:22.199 W/SurfaceFlinger( 1406): couldn't log to binary event log: overflow.
12-13 23:31:22.225 D/gralloc_ranchu( 1396): gralloc_alloc: Creating ashmem region of size 487424
12-13 23:31:22.226 I/PBSessionCacheImpl( 2106): Deleted sessionId[2764858272033] from persistence.
12-13 23:31:22.240 D/EGL_emulation( 1726): eglMakeCurrent: 0x86cc6fe0: ver 3 0 (tinfo 0x961c39d0)
12-13 23:31:22.272 W/SearchService( 2106): Abort, client detached.
12-13 23:31:22.277 D/EGL_emulation( 1726): eglMakeCurrent: 0x86cc6fe0: ver 3 0 (tinfo 0x961c39d0)
12-13 23:31:22.284 V/StatusBar( 1726): setLightsOn(true)
12-13 23:31:22.499 D/NuPlayerDriver( 1484): start(0xaabc40e0), state is 4, eos is 0
12-13 23:31:22.500 I/GenericSource( 1484): start
12-13 23:31:22.531 I/OMXClient( 1484): Treble IOmx obtained
12-13 23:31:22.535 I/OMXMaster( 1489): makeComponentInstance(OMX.google.vorbis.decoder) in omx@1.0-service process
12-13 23:31:22.538 E/OMXNodeInstance( 1489): setConfig(0xb47a0f00:google.vorbis.decoder, ConfigPriority(0x6f800002)) ERROR: Undefined(0x80001001)
12-13 23:31:22.538 I/ACodec  ( 1484): codec does not support config priority (err -2147483648)
12-13 23:31:22.538 E/OMXNodeInstance( 1489): getConfig(0xb47a0f00:google.vorbis.decoder, ConfigAndroidVendorExtension(0x6f100004)) ERROR: Undefined(0x80001001)
12-13 23:31:22.539 I/MediaCodec( 1484): MediaCodec will operate in async mode
12-13 23:31:22.544 W//system/bin/hw/android.hidl.allocator@1.0-service( 1389): ashmem_create_region(32768) returning hidl_memory(0xae99b850, 32768)
12-13 23:31:22.563 I/chatty  ( 1389): uid=1000(system) allocator@1.0-s identical 10 lines
12-13 23:31:22.563 W//system/bin/hw/android.hidl.allocator@1.0-service( 1389): ashmem_create_region(32768) returning hidl_memory(0xae99b850, 32768)
12-13 23:31:22.587 D/AudioTrack( 1484): Client defaulted notificationFrames to 7406 for frameCount 22218
12-13 23:31:22.590 W/audio_hw_generic( 1390): Not supplying enough data to HAL, expected position 369380 , only wrote 369360
12-13 23:31:22.594 D/NuPlayerDriver( 1484): notifyListener_l(0xaabc40e0), (6, 0, 0, -1), loop setting(0, 0)
12-13 23:31:22.605 V/StatusBar( 1726): setLightsOn(true)
12-13 23:31:22.690 E/memtrack( 1629): Couldn't load memtrack module
12-13 23:31:22.690 W/android.os.Debug( 1629): failed to get memory consumption info: -1
12-13 23:31:22.784 I/NetworkScheduler.Stats( 1943): Task com.google.android.gms/com.google.android.gms.ads.social.GcmSchedulerWakeupService started execution. cause:4 exec_start_elapsed_seconds: 87 [CONTEXT service_id=218 ]
12-13 23:31:22.788 I/NetworkScheduler.Stats( 1943): Task com.google.android.gms/com.google.android.gms.ads.social.GcmSchedulerWakeupService finished executing. cause:4 result: 1 elapsed_millis: 32 uptime_millis: 32 exec_start_elapsed_seconds: 87 [CONTEXT service_id=218 ]
12-13 23:31:22.857 I/NetworkScheduler.Stats( 1943): Task com.google.android.gms/com.google.android.gms.clearcut.uploader.QosUploaderService started execution. cause:5 exec_start_elapsed_seconds: 87 [CONTEXT service_id=218 ]
12-13 23:31:22.864 I/NetworkScheduler.Stats( 1943): Task com.google.android.gms/com.google.android.gms.clearcut.uploader.QosUploaderService finished executing. cause:5 result: 1 elapsed_millis: 35 uptime_millis: 35 exec_start_elapsed_seconds: 87 [CONTEXT service_id=218 ]
12-13 23:31:23.267 D/gralloc_ranchu( 1396): gralloc_alloc: Creating ashmem region of size 7753728
12-13 23:31:24.102 I/NuPlayerDecoder( 1484): [audio] saw output EOS
12-13 23:31:24.103 D/AudioTrack( 1484): stop() called with 84672 frames delivered
12-13 23:31:24.197 E/SurfaceFlinger( 1406): ro.sf.lcd_density must be defined as a build property
12-13 23:31:24.205 D/gralloc_ranchu( 1396): gralloc_alloc: Creating ashmem region of size 8298496
12-13 23:31:24.215 D/        ( 4461): HostConnection::get() New Host Connection established 0xa712f800, tid 4461
12-13 23:31:24.238 I/zygote  ( 1629): Explicit concurrent copying GC freed 26280(1829KB) AllocSpace objects, 9(180KB) LOS objects, 38% free, 9MB/15MB, paused 347us total 45.837ms
12-13 23:31:24.497 I/System.out( 4403): URI: //
12-13 23:31:24.498 I/System.out( 4403): params: {json={"command":"set_activity_orientation","arguments":["portrait"]}
12-13 23:31:24.498 I/System.out( 4403): }
12-13 23:31:24.499 I/System.out( 4403): header: {content-type=application/json;charset=utf-8, date=Mon, 14 Dec 2020 04:31:24 GMT, accept=*/*, host=127.0.0.1:34777, content-length=63, user-agent=HTTPClient/1.0 (2.8.3, ruby 2.5.8 (2020-03-31))}
12-13 23:31:24.499 I/System.out( 4403): params: {json={"command":"set_activity_orientation","arguments":["portrait"]}
12-13 23:31:24.499 I/System.out( 4403): }
12-13 23:31:24.499 I/System.out( 4403): ProP json = {"command":"set_activity_orientation","arguments":["portrait"]}
12-13 23:31:24.499 I/System.out( 4403): files: {}
12-13 23:31:24.499 I/System.out( 4403): command: {"command":"set_activity_orientation","arguments":["portrait"]}
12-13 23:31:24.504 I/InstrumentationBackend( 4403): Got command:'Command:'Line:null,set_activity_orientation', arguments:'[portrait]'
12-13 23:31:24.514 D/gralloc_ranchu( 1396): gralloc_alloc: Creating ashmem region of size 8298496
12-13 23:31:24.531 W/LocalDisplayAdapter( 1629): Unable to find color mode 0, ignoring request.
12-13 23:31:24.544 I/ActivityManager( 1629): Config changes=480 {1.0 310mcc260mnc [en_US] ldltr sw411dp w411dp h659dp 420dpi nrml port finger qwerty/v/v -nav/h appBounds=Rect(0, 0 - 1080, 1794) s.8}
12-13 23:31:24.546 I/InputReader( 1629): Reconfiguring input devices.  changes=0x00000004
12-13 23:31:24.546 I/InputReader( 1629): Device reconfigured: id=0, name='qwerty2', size 1080x1920, orientation 0, mode 1, display id 0
12-13 23:31:24.566 I/ActivityManager( 1629): Override config changes=480 {1.0 310mcc260mnc [en_US] ldltr sw411dp w411dp h659dp 420dpi nrml port finger qwerty/v/v -nav/h appBounds=Rect(0, 0 - 1080, 1794) s.8} for displayId=0
12-13 23:31:24.603 E/memtrack( 1629): Couldn't load memtrack module
12-13 23:31:24.604 W/android.os.Debug( 1629): failed to get memory consumption info: -1
12-13 23:31:24.612 I/calabash( 4403): newActivity1
12-13 23:31:24.616 D/gralloc_ranchu( 1396): gralloc_alloc: Creating ashmem region of size 544768
12-13 23:31:24.633 D/EGL_emulation( 1726): eglMakeCurrent: 0x86cc6fe0: ver 3 0 (tinfo 0x961c39d0)
12-13 23:31:24.639 D/gralloc_ranchu( 1396): gralloc_alloc: Creating ashmem region of size 544768
12-13 23:31:24.643 E/memtrack( 1629): Couldn't load memtrack module
12-13 23:31:24.643 W/android.os.Debug( 1629): failed to get memory consumption info: -1
12-13 23:31:24.664 D/NuPlayerDriver( 1484): notifyListener_l(0xaabc40e0), (2, 0, 0, -1), loop setting(0, 0)
12-13 23:31:24.667 I/MediaFocusControl( 1629):  AudioFocus  abandonAudioFocus() from uid/pid 10028/1726 clientId=android.media.AudioManager@d050655
12-13 23:31:24.677 W/ActivityManager( 1629): Bad activity token: android.os.BinderProxy@8738e75
12-13 23:31:24.677 W/ActivityManager( 1629): java.lang.ClassCastException: android.os.BinderProxy cannot be cast to com.android.server.am.ActivityRecord$Token
12-13 23:31:24.677 W/ActivityManager( 1629): 	at com.android.server.am.ActivityRecord.forTokenLocked(ActivityRecord.java:778)
12-13 23:31:24.677 W/ActivityManager( 1629): 	at com.android.server.am.ActivityRecord.isInStackLocked(ActivityRecord.java:2085)
12-13 23:31:24.677 W/ActivityManager( 1629): 	at com.android.server.am.ActivityRecord.getStackLocked(ActivityRecord.java:2090)
12-13 23:31:24.677 W/ActivityManager( 1629): 	at com.android.server.am.ActivityManagerService.getActivityDisplayId(ActivityManagerService.java:10406)
12-13 23:31:24.677 W/ActivityManager( 1629): 	at android.app.IActivityManager$Stub.onTransact(IActivityManager.java:2738)
12-13 23:31:24.677 W/ActivityManager( 1629): 	at com.android.server.am.ActivityManagerService.onTransact(ActivityManagerService.java:2935)
12-13 23:31:24.677 W/ActivityManager( 1629): 	at android.os.Binder.execTransact(Binder.java:674)
12-13 23:31:24.679 I/calabash( 4403): newActivity1
12-13 23:31:24.688 W/ActivityManager( 1629): Bad activity token: android.os.BinderProxy@8738e75
12-13 23:31:24.688 W/ActivityManager( 1629): java.lang.ClassCastException: android.os.BinderProxy cannot be cast to com.android.server.am.ActivityRecord$Token
12-13 23:31:24.688 W/ActivityManager( 1629): 	at com.android.server.am.ActivityRecord.forTokenLocked(ActivityRecord.java:778)
12-13 23:31:24.688 W/ActivityManager( 1629): 	at com.android.server.am.ActivityRecord.isInStackLocked(ActivityRecord.java:2085)
12-13 23:31:24.688 W/ActivityManager( 1629): 	at com.android.server.am.ActivityManagerService.setTaskDescription(ActivityManagerService.java:9988)
12-13 23:31:24.688 W/ActivityManager( 1629): 	at android.app.IActivityManager$Stub.onTransact(IActivityManager.java:2824)
12-13 23:31:24.688 W/ActivityManager( 1629): 	at com.android.server.am.ActivityManagerService.onTransact(ActivityManagerService.java:2935)
12-13 23:31:24.688 W/ActivityManager( 1629): 	at android.os.Binder.execTransact(Binder.java:674)
12-13 23:31:24.690 W/ActivityManager( 1629): Bad activity token: android.os.BinderProxy@8738e75
12-13 23:31:24.690 W/ActivityManager( 1629): java.lang.ClassCastException: android.os.BinderProxy cannot be cast to com.android.server.am.ActivityRecord$Token
12-13 23:31:24.690 W/ActivityManager( 1629): 	at com.android.server.am.ActivityRecord.forTokenLocked(ActivityRecord.java:778)
12-13 23:31:24.690 W/ActivityManager( 1629): 	at com.android.server.am.ActivityRecord.isInStackLocked(ActivityRecord.java:2085)
12-13 23:31:24.690 W/ActivityManager( 1629): 	at com.android.server.am.ActivityRecord.getStackLocked(ActivityRecord.java:2090)
12-13 23:31:24.690 W/ActivityManager( 1629): 	at com.android.server.am.ActivityManagerService.getActivityStackId(ActivityManagerService.java:10417)
12-13 23:31:24.690 W/ActivityManager( 1629): 	at android.app.IActivityManager$Stub.onTransact(IActivityManager.java:3548)
12-13 23:31:24.690 W/ActivityManager( 1629): 	at com.android.server.am.ActivityManagerService.onTransact(ActivityManagerService.java:2935)
12-13 23:31:24.690 W/ActivityManager( 1629): 	at android.os.Binder.execTransact(Binder.java:674)
12-13 23:31:24.703 I/zygote  ( 1720): Do partial code cache collection, code=62KB, data=40KB
12-13 23:31:24.703 I/zygote  ( 1720): After code cache collection, code=62KB, data=40KB
12-13 23:31:24.703 I/zygote  ( 1720): Increasing code cache capacity to 256KB
12-13 23:31:24.725 V/StatusBar( 1726): setLightsOn(true)
12-13 23:31:24.731 D/gralloc_ranchu( 1396): gralloc_alloc: Creating ashmem region of size 544768
12-13 23:31:24.751 W/ActivityManager( 1629): Bad activity token: android.os.BinderProxy@8738e75
12-13 23:31:24.751 W/ActivityManager( 1629): java.lang.ClassCastException: android.os.BinderProxy cannot be cast to com.android.server.am.ActivityRecord$Token
12-13 23:31:24.751 W/ActivityManager( 1629): 	at com.android.server.am.ActivityRecord.forTokenLocked(ActivityRecord.java:778)
12-13 23:31:24.751 W/ActivityManager( 1629): 	at com.android.server.am.ActivityRecord.isInStackLocked(ActivityRecord.java:2085)
12-13 23:31:24.751 W/ActivityManager( 1629): 	at com.android.server.am.ActivityManagerService.getActivityOptions(ActivityManagerService.java:13302)
12-13 23:31:24.751 W/ActivityManager( 1629): 	at android.app.IActivityManager$Stub.onTransact(IActivityManager.java:2910)
12-13 23:31:24.751 W/ActivityManager( 1629): 	at com.android.server.am.ActivityManagerService.onTransact(ActivityManagerService.java:2935)
12-13 23:31:24.751 W/ActivityManager( 1629): 	at android.os.Binder.execTransact(Binder.java:674)
12-13 23:31:24.753 W/ActivityManager( 1629): Bad activity token: android.os.BinderProxy@8738e75
12-13 23:31:24.753 W/ActivityManager( 1629): java.lang.ClassCastException: android.os.BinderProxy cannot be cast to com.android.server.am.ActivityRecord$Token
12-13 23:31:24.753 W/ActivityManager( 1629): 	at com.android.server.am.ActivityRecord.forTokenLocked(ActivityRecord.java:778)
12-13 23:31:24.753 W/ActivityManager( 1629): 	at com.android.server.am.ActivityRecord.isInStackLocked(ActivityRecord.java:2085)
12-13 23:31:24.753 W/ActivityManager( 1629): 	at com.android.server.am.ActivityManagerService.getActivityOptions(ActivityManagerService.java:13302)
12-13 23:31:24.753 W/ActivityManager( 1629): 	at android.app.IActivityManager$Stub.onTransact(IActivityManager.java:2910)
12-13 23:31:24.753 W/ActivityManager( 1629): 	at com.android.server.am.ActivityManagerService.onTransact(ActivityManagerService.java:2935)
12-13 23:31:24.753 W/ActivityManager( 1629): 	at android.os.Binder.execTransact(Binder.java:674)
12-13 23:31:24.770 I/System.out( 4403): result:{"bonusInformation":[],"message":"","success":true}
12-13 23:31:24.790 D/gralloc_ranchu( 1396): gralloc_alloc: Creating ashmem region of size 274432
12-13 23:31:24.798 D/StatusBar( 1726): disable<e i a s b h r c s q >
12-13 23:31:24.803 D/EGL_emulation( 1726): eglMakeCurrent: 0x86cc6fe0: ver 3 0 (tinfo 0x961c39d0)
12-13 23:31:24.810 E/memtrack( 1629): Couldn't load memtrack module
12-13 23:31:24.810 W/android.os.Debug( 1629): failed to get memory consumption info: -1
12-13 23:31:24.822 D/gralloc_ranchu( 1396): gralloc_alloc: Creating ashmem region of size 274432
12-13 23:31:24.839 I/zygote  ( 4403): Do full code cache collection, code=203KB, data=153KB
12-13 23:31:24.859 I/zygote  ( 4403): After code cache collection, code=203KB, data=116KB
12-13 23:31:24.861 D/gralloc_ranchu( 1396): gralloc_alloc: Creating ashmem region of size 274432
12-13 23:31:24.873 D/EGL_emulation( 1726): eglMakeCurrent: 0x86cc6fe0: ver 3 0 (tinfo 0x961c39d0)
12-13 23:31:24.876 D/EGL_emulation( 1726): eglMakeCurrent: 0x86cc6fe0: ver 3 0 (tinfo 0x961c39d0)
12-13 23:31:24.879 V/StatusBar( 1726): setLightsOn(true)
12-13 23:31:24.890 E/TaskPersister( 1629): File error accessing recents directory (directory doesn't exist?).
12-13 23:31:24.894 D/gralloc_ranchu( 1396): gralloc_alloc: Creating ashmem region of size 7753728
12-13 23:31:24.954 V/StatusBar( 1726): setLightsOn(true)
12-13 23:31:24.958 I/WindowManager( 1629): Screen frozen for +454ms due to Window{42dc4ae u0 com.evancharlton.mileage/com.evancharlton.mileage.Mileage}
12-13 23:31:24.962 V/StatusBar( 1726): setLightsOn(true)
12-13 23:31:24.983 D/gralloc_ranchu( 1396): gralloc_alloc: Creating ashmem region of size 7753728
12-13 23:31:25.414 V/StatusBar( 1726): setLightsOn(true)
12-13 23:31:26.072 D/gralloc_ranchu( 1396): gralloc_alloc: Creating ashmem region of size 7753728
12-13 23:31:26.950 E/SurfaceFlinger( 1406): ro.sf.lcd_density must be defined as a build property
12-13 23:31:26.956 D/gralloc_ranchu( 1396): gralloc_alloc: Creating ashmem region of size 8298496
12-13 23:31:26.965 D/        ( 4469): HostConnection::get() New Host Connection established 0xabaaf800, tid 4469
12-13 23:31:27.053 I/zygote  ( 1629): Explicit concurrent copying GC freed 7152(793KB) AllocSpace objects, 1(20KB) LOS objects, 38% free, 9MB/15MB, paused 434us total 83.588ms
12-13 23:31:27.275 I/EventLogSendingHelper( 2106): Sending log events.
