--------- beginning of main
12-14 02:51:07.918 I/MicroDetectionWorker( 2225): #updateMicroDetector [detectionMode: [mDetectionMode: [1]]]
12-14 02:51:07.918 I/MicroDetectionWorker( 2225): #startMicroDetector [speakerMode: 0]
12-14 02:51:07.920 I/AudioController( 2225): Using mInputStreamFactoryBuilder
12-14 02:51:07.922 I/MicroDetectionWorker( 2225): onReady
12-14 02:51:07.928 I/MicroRecognitionRunner( 2225): Starting detection.
12-14 02:51:07.929 I/MicrophoneInputStream( 2225): mic_starting com.google.android.apps.gsa.staticplugins.aa.c@1c8b34e
12-14 02:51:07.930 I/AudioFlinger( 1474): AudioFlinger's thread 0xb0c83980 tid=4039 ready to run
12-14 02:51:07.936 I/MicrophoneInputStream( 2225): mic_started com.google.android.apps.gsa.staticplugins.aa.c@1c8b34e
12-14 02:51:07.936 I/MicroDetectionWorker( 2225): onReady
12-14 02:51:07.939 I/MicrophoneInputStream( 2225): mic_close com.google.android.apps.gsa.staticplugins.aa.c@1c8b34e
12-14 02:51:07.939 I/MicroRecognitionRunner( 2225): Detection finished
12-14 02:51:07.939 W/ErrorReporter( 2225): reportError [type: 211, code: 524300]: Error reading from input stream
12-14 02:51:07.939 W/ErrorProcessor( 2225): onFatalError, processing error from engine(4)
12-14 02:51:07.939 W/ErrorProcessor( 2225): com.google.android.apps.gsa.shared.speech.b.g: Error reading from input stream
12-14 02:51:07.939 W/ErrorProcessor( 2225): 	at com.google.android.apps.gsa.staticplugins.recognizer.j.a.a(SourceFile:28)
12-14 02:51:07.939 W/ErrorProcessor( 2225): 	at com.google.android.apps.gsa.staticplugins.recognizer.j.b.run(SourceFile:15)
12-14 02:51:07.939 W/ErrorProcessor( 2225): 	at java.util.concurrent.Executors$RunnableAdapter.call(Executors.java:457)
12-14 02:51:07.939 W/ErrorProcessor( 2225): 	at java.util.concurrent.FutureTask.run(FutureTask.java:266)
12-14 02:51:07.939 W/ErrorProcessor( 2225): 	at com.google.android.apps.gsa.shared.util.concurrent.a.ax.run(SourceFile:14)
12-14 02:51:07.939 W/ErrorProcessor( 2225): 	at com.google.android.apps.gsa.shared.util.concurrent.a.bl.run(SourceFile:4)
12-14 02:51:07.939 W/ErrorProcessor( 2225): 	at com.google.android.apps.gsa.shared.util.concurrent.a.bl.run(SourceFile:4)
12-14 02:51:07.939 W/ErrorProcessor( 2225): 	at java.util.concurrent.ThreadPoolExecutor.runWorker(ThreadPoolExecutor.java:1162)
12-14 02:51:07.939 W/ErrorProcessor( 2225): 	at java.util.concurrent.ThreadPoolExecutor$Worker.run(ThreadPoolExecutor.java:636)
12-14 02:51:07.939 W/ErrorProcessor( 2225): 	at java.lang.Thread.run(Thread.java:764)
12-14 02:51:07.939 W/ErrorProcessor( 2225): 	at com.google.android.apps.gsa.shared.util.concurrent.a.ai.run(SourceFile:6)
12-14 02:51:07.939 W/ErrorProcessor( 2225): Caused by: com.google.android.apps.gsa.shared.exception.GsaIOException: Error code: 393238 | Buffer overflow, no available space.
12-14 02:51:07.939 W/ErrorProcessor( 2225): 	at com.google.android.apps.gsa.speech.audio.Tee.f(SourceFile:103)
12-14 02:51:07.939 W/ErrorProcessor( 2225): 	at com.google.android.apps.gsa.speech.audio.au.read(SourceFile:2)
12-14 02:51:07.939 W/ErrorProcessor( 2225): 	at java.io.InputStream.read(InputStream.java:101)
12-14 02:51:07.939 W/ErrorProcessor( 2225): 	at com.google.android.apps.gsa.speech.audio.ao.run(SourceFile:18)
12-14 02:51:07.939 W/ErrorProcessor( 2225): 	at com.google.android.apps.gsa.speech.audio.an.run(SourceFile:2)
12-14 02:51:07.939 W/ErrorProcessor( 2225): 	... 9 more
12-14 02:51:07.940 I/AudioController( 2225): internalShutdown
12-14 02:51:07.940 I/MicroRecognitionRunner( 2225): Stopping hotword detection.
12-14 02:51:07.941 I/MicroDetector( 2225): Keeping mic open: false
12-14 02:51:07.941 I/DeviceStateChecker( 2225): DeviceStateChecker cancelled
12-14 02:51:07.941 I/MicroDetectionWorker( 2225): #onError(false)
12-14 02:51:08.704 D/AndroidRuntime( 4043): >>>>>> START com.android.internal.os.RuntimeInit uid 2000 <<<<<<
12-14 02:51:08.736 W/app_process( 4043): Unexpected CPU variant for X86 using defaults: x86
12-14 02:51:08.752 D/AndroidRuntime( 4043): Calling main entry com.android.commands.am.Am
12-14 02:51:08.767 I/zygote  ( 4053): Not late-enabling -Xcheck:jni (already on)
12-14 02:51:08.773 W/zygote  ( 4053): Unexpected CPU variant for X86 using defaults: x86
12-14 02:51:08.774 D/AndroidRuntime( 4043): Shutting down VM
12-14 02:51:08.776 E/memtrack( 1626): Couldn't load memtrack module
12-14 02:51:08.776 W/android.os.Debug( 1626): failed to get memory consumption info: -1
12-14 02:51:08.806 E/adbd    ( 1374): failed to connect to socket 'tcp:7102': Connection refused
12-14 02:51:08.808 E/adbd    ( 1374): failed to connect to socket 'tcp:7102': Connection refused
12-14 02:51:08.809 W/zygote  ( 4053): Found duplicate classes, falling back to extracting from APK : /data/app/com.evancharlton.mileage.test-2DfYTkcSvDp_pFmw51Karg==/base.apk
12-14 02:51:08.809 W/zygote  ( 4053): NOTE: This wastes RAM and hurts startup performance.
12-14 02:51:08.809 W/zygote  ( 4053): Found duplicated class when checking oat files: 'Ljunit/runner/BaseTestRunner;' in /data/app/com.evancharlton.mileage.test-2DfYTkcSvDp_pFmw51Karg==/base.apk and /system/framework/android.test.runner.jar
12-14 02:51:08.809 W/zygote  ( 4053): 
12-14 02:51:08.839 W/System  ( 4053): ClassLoader referenced unknown path: 
12-14 02:51:08.851 I/System.out( 4053): Main activity name automatically set to: com.evancharlton.mileage.Mileage
12-14 02:51:08.852 I/System.out( 4053): Calabash did not load Mono. This is only a problem if you are trying to test a Mono application
12-14 02:51:08.852 I/calabash( 4053): Test server port: 7102
12-14 02:51:08.854 I/InstrumentationBackend( 4053): Added:'GetPreferences', with key:'get_preferences'
12-14 02:51:08.912 I/InstrumentationBackend( 4053): Added:'SetPreferences', with key:'set_preferences'
12-14 02:51:08.912 I/InstrumentationBackend( 4053): Added:'ClearPreferences', with key:'clear_preferences'
12-14 02:51:08.912 I/InstrumentationBackend( 4053): Added:'PressElement', with key:'press_l10n_element'
12-14 02:51:08.912 I/InstrumentationBackend( 4053): Added:'WaitForElement', with key:'wait_for_l10n_element'
12-14 02:51:08.914 I/InstrumentationBackend( 4053): Added:'NullAction', with key:'nullAction'
12-14 02:51:08.914 E/adbd    ( 1374): failed to connect to socket 'tcp:7102': Connection refused
12-14 02:51:08.915 I/InstrumentationBackend( 4053): Added:'PressKey', with key:'press_key'
12-14 02:51:08.916 I/InstrumentationBackend( 4053): Added:'SetActivityOrientation', with key:'set_activity_orientation'
12-14 02:51:08.917 I/InstrumentationBackend( 4053): Added:'GetActivityOrientation', with key:'get_activity_orientation'
12-14 02:51:08.917 I/InstrumentationBackend( 4053): Added:'FakeGPSLocation', with key:'set_gps_coordinates'
12-14 02:51:08.917 E/adbd    ( 1374): failed to connect to socket 'tcp:7102': Connection refused
12-14 02:51:08.918 I/InstrumentationBackend( 4053): Added:'SetPropertyByCssSelector', with key:'set_property_by_css_selector'
12-14 02:51:08.919 I/InstrumentationBackend( 4053): Added:'GetUrl', with key:'get_url'
12-14 02:51:08.922 I/InstrumentationBackend( 4053): Added:'ScrollTo', with key:'scroll_to'
12-14 02:51:08.922 I/InstrumentationBackend( 4053): Added:'GetLoadProgress', with key:'get_load_progress'
12-14 02:51:08.923 I/InstrumentationBackend( 4053): Added:'DumpHtml', with key:'dump_html'
12-14 02:51:08.923 I/InstrumentationBackend( 4053): Added:'DumpBodyHtml', with key:'dump_body_html'
12-14 02:51:08.923 I/InstrumentationBackend( 4053): Added:'EnterTextByCssSelector', with key:'enter_text_by_selector'
12-14 02:51:08.927 I/InstrumentationBackend( 4053): Added:'AndroidSDKVersion', with key:'android_sdk_version'
12-14 02:51:08.928 I/InstrumentationBackend( 4053): Added:'Version', with key:'version'
12-14 02:51:08.928 I/InstrumentationBackend( 4053): Added:'Drag', with key:'drag'
12-14 02:51:08.929 I/InstrumentationBackend( 4053): Added:'TouchCoordinates', with key:'touch_coordinate'
12-14 02:51:08.929 I/InstrumentationBackend( 4053): Added:'LongPressCoordinate', with key:'long_press_coordinate'
12-14 02:51:08.929 I/InstrumentationBackend( 4053): Added:'DragCoordinates', with key:'drag_coordinates'
12-14 02:51:08.930 I/InstrumentationBackend( 4053): Added:'ResumeApplication', with key:'resume_application'
12-14 02:51:08.931 I/InstrumentationBackend( 4053): Added:'Swipe', with key:'swipe'
12-14 02:51:08.931 I/InstrumentationBackend( 4053): Added:'DoubleTapCoordinate', with key:'double_tap_coordinate'
12-14 02:51:08.931 I/InstrumentationBackend( 4053): Added:'ClickOnScreen', with key:'click_on_screen'
12-14 02:51:08.932 I/InstrumentationBackend( 4053): Added:'GetActivityName', with key:'get_activity_name'
12-14 02:51:08.933 I/InstrumentationBackend( 4053): Added:'ScrollToView', with key:'scroll_to_view'
12-14 02:51:08.933 I/InstrumentationBackend( 4053): Added:'ViewConfiguration', with key:'view_configuration'
12-14 02:51:08.934 I/InstrumentationBackend( 4053): Added:'IsCurrentActivityFocused', with key:'is_current_activity_focused'
12-14 02:51:08.934 I/InstrumentationBackend( 4053): Added:'SendTcp', with key:'send_tcp'
12-14 02:51:08.934 I/InstrumentationBackend( 4053): Added:'DpToDevicePixel', with key:'dp_to_device_pixel'
12-14 02:51:08.935 I/InstrumentationBackend( 4053): Added:'KeyboardEnterText', with key:'keyboard_enter_text'
12-14 02:51:08.936 I/InstrumentationBackend( 4053): Added:'DeleteSurroundingText', with key:'delete_surrounding_text'
12-14 02:51:08.937 I/InstrumentationBackend( 4053): Added:'SetComposingRegion', with key:'set_composing_region'
12-14 02:51:08.937 I/InstrumentationBackend( 4053): Added:'SetSelection', with key:'set_selection'
12-14 02:51:08.937 I/InstrumentationBackend( 4053): Added:'KeyboardKeyEvent', with key:'keyboard_key_event'
12-14 02:51:08.938 I/InstrumentationBackend( 4053): Added:'PressUserActionButton', with key:'press_user_action_button'
12-14 02:51:08.939 I/InstrumentationBackend( 4053): Added:'HideSoftKeyboard', with key:'hide_soft_keyboard'
12-14 02:51:08.940 I/InstrumentationBackend( 4053): Added:'ListActions', with key:'list_actions'
12-14 02:51:08.940 I/calabash( 4053): Instantiating http server at 7102
12-14 02:51:08.941 I/System.out( 4053): HTTP Daemon listening on: 7102
12-14 02:51:09.030 I/System.out( 4053): URI: //ping
12-14 02:51:09.030 I/System.out( 4053): params: {json={}
12-14 02:51:09.030 I/System.out( 4053): }
12-14 02:51:09.046 I/System.out( 4053): URI: //ping
12-14 02:51:09.046 I/System.out( 4053): params: {json={}
12-14 02:51:09.046 I/System.out( 4053): }
12-14 02:51:09.053 I/System.out( 4053): URI: //ready
12-14 02:51:09.053 I/System.out( 4053): params: {json={}
12-14 02:51:09.053 I/System.out( 4053): }
12-14 02:51:09.060 I/System.out( 4053): URI: //
12-14 02:51:09.060 I/System.out( 4053): params: {json={"command":"version","arguments":[]}
12-14 02:51:09.060 I/System.out( 4053): }
12-14 02:51:09.061 I/System.out( 4053): header: {content-type=application/json;charset=utf-8, date=Mon, 14 Dec 2020 07:51:09 GMT, accept=*/*, host=127.0.0.1:34777, content-length=36, user-agent=HTTPClient/1.0 (2.8.3, ruby 2.5.8 (2020-03-31))}
12-14 02:51:09.061 I/System.out( 4053): params: {json={"command":"version","arguments":[]}
12-14 02:51:09.061 I/System.out( 4053): }
12-14 02:51:09.061 I/System.out( 4053): ProP json = {"command":"version","arguments":[]}
12-14 02:51:09.061 I/System.out( 4053): files: {}
12-14 02:51:09.061 I/System.out( 4053): command: {"command":"version","arguments":[]}
12-14 02:51:09.088 I/InstrumentationBackend( 4053): Got command:'Command:'Line:null,version', arguments:'[]'
12-14 02:51:09.123 I/System.out( 4053): result:{"bonusInformation":[],"message":"0.9.8","success":true}
12-14 02:51:09.132 I/System.out( 4053): URI: //start-application
12-14 02:51:09.132 I/System.out( 4053): params: {json={"intent":null}
12-14 02:51:09.132 I/System.out( 4053): }
12-14 02:51:09.183 I/calabash( 4053): newActivity1
12-14 02:51:09.202 D/gralloc_ranchu( 1388): gralloc_alloc: Creating ashmem region of size 7753728
12-14 02:51:09.222 I/calabash( 4053): newActivity1
12-14 02:51:09.285 E/ContentStoreEUAS( 2225): Failed to commit the deferred actions
12-14 02:51:09.321 V/StatusBar( 1727): setLightsOn(true)
12-14 02:51:09.328 D/EGL_emulation( 2225): eglMakeCurrent: 0x9fd84540: ver 3 0 (tinfo 0x9fd834e0)
12-14 02:51:09.328 D/EGL_emulation( 2182): eglMakeCurrent: 0x9d87d5c0: ver 3 0 (tinfo 0x9d87fbd0)
12-14 02:51:09.343 D/EGL_emulation( 1727): eglMakeCurrent: 0x9fd849c0: ver 3 0 (tinfo 0x9fd833d0)
12-14 02:51:09.352 I/chatty  ( 1727): uid=10028(u0_a28) RenderThread identical 1 line
12-14 02:51:09.360 D/EGL_emulation( 1727): eglMakeCurrent: 0x9fd849c0: ver 3 0 (tinfo 0x9fd833d0)
12-14 02:51:09.362 V/StatusBar( 1727): setLightsOn(true)
12-14 02:51:09.370 D/EGL_emulation( 1727): eglMakeCurrent: 0x9fd849c0: ver 3 0 (tinfo 0x9fd833d0)
12-14 02:51:09.468 I/chatty  ( 1727): uid=10028(u0_a28) RenderThread identical 12 lines
12-14 02:51:09.476 D/EGL_emulation( 1727): eglMakeCurrent: 0x9fd849c0: ver 3 0 (tinfo 0x9fd833d0)
12-14 02:51:09.478 V/StatusBar( 1727): setLightsOn(true)
12-14 02:51:09.483 D/EGL_emulation( 1727): eglMakeCurrent: 0x9fd849c0: ver 3 0 (tinfo 0x9fd833d0)
12-14 02:51:09.519 I/chatty  ( 1727): uid=10028(u0_a28) RenderThread identical 4 lines
12-14 02:51:09.528 D/EGL_emulation( 1727): eglMakeCurrent: 0x9fd849c0: ver 3 0 (tinfo 0x9fd833d0)
12-14 02:51:09.531 I/zygote  ( 4053): Do partial code cache collection, code=28KB, data=30KB
12-14 02:51:09.533 D/EGL_emulation( 1727): eglMakeCurrent: 0x9fd849c0: ver 3 0 (tinfo 0x9fd833d0)
12-14 02:51:09.535 I/zygote  ( 4053): After code cache collection, code=28KB, data=30KB
12-14 02:51:09.535 I/zygote  ( 4053): Increasing code cache capacity to 128KB
12-14 02:51:09.539 V/StatusBar( 1727): setLightsOn(true)
12-14 02:51:09.552 I/zygote  ( 4053): Do partial code cache collection, code=28KB, data=48KB
12-14 02:51:09.553 I/zygote  ( 4053): After code cache collection, code=28KB, data=48KB
12-14 02:51:09.553 I/zygote  ( 4053): Increasing code cache capacity to 256KB
12-14 02:51:09.554 I/zygote  ( 4053): JIT allocated 71KB for compiled code of void android.widget.TextView.<init>(android.content.Context, android.util.AttributeSet, int, int)
12-14 02:51:09.554 I/zygote  ( 4053): Compiler allocated 4MB to compile void android.widget.TextView.<init>(android.content.Context, android.util.AttributeSet, int, int)
12-14 02:51:09.581 D/gralloc_ranchu( 1388): gralloc_alloc: Creating ashmem region of size 7753728
12-14 02:51:09.600 D/        ( 4053): HostConnection::get() New Host Connection established 0x9d42fd40, tid 4053
12-14 02:51:09.658 V/StatusBar( 1727): setLightsOn(true)
12-14 02:51:09.660 V/StatusBar( 1727): setLightsOn(true)
12-14 02:51:09.661 I/ActivityManager( 1626): Displayed com.evancharlton.mileage/.Mileage: +483ms
12-14 02:51:09.665 V/StatusBar( 1727): setLightsOn(true)
12-14 02:51:09.687 V/StatusBar( 1727): setLightsOn(true)
12-14 02:51:09.698 D/gralloc_ranchu( 1388): gralloc_alloc: Creating ashmem region of size 7753728
12-14 02:51:09.788 V/StatusBar( 1727): setLightsOn(true)
12-14 02:51:09.811 E/memtrack( 1626): Couldn't load memtrack module
12-14 02:51:09.811 W/android.os.Debug( 1626): failed to get memory consumption info: -1
12-14 02:51:09.843 V/StatusBar( 1727): setLightsOn(true)
12-14 02:51:09.872 V/StatusBar( 1727): setLightsOn(true)
12-14 02:51:10.037 I/System.out( 4053): URI: //kill
12-14 02:51:10.037 I/System.out( 4053): params: {json={}
12-14 02:51:10.037 I/System.out( 4053): }
12-14 02:51:10.037 I/System.out( 4053): Stopping test server
12-14 02:51:10.042 E/adbd    ( 1374): failed to connect to socket 'tcp:7102': Connection refused
12-14 02:51:10.045 E/adbd    ( 1374): failed to connect to socket 'tcp:7102': Connection refused
12-14 02:51:10.054 V/StatusBar( 1727): setLightsOn(true)
12-14 02:51:10.062 I/chatty  ( 1727): uid=10028(u0_a28) com.android.systemui identical 2 lines
12-14 02:51:10.067 V/StatusBar( 1727): setLightsOn(true)
12-14 02:51:10.090 D/gralloc_ranchu( 1388): gralloc_alloc: Creating ashmem region of size 7753728
12-14 02:51:10.099 D/        ( 1626): HostConnection::get() New Host Connection established 0x8dd79800, tid 2138
12-14 02:51:10.112 D/gralloc_ranchu( 1388): gralloc_alloc: Creating ashmem region of size 8298496
12-14 02:51:10.112 V/StatusBar( 1727): setLightsOn(true)
12-14 02:51:10.123 D/gralloc_ranchu( 1388): gralloc_alloc: Creating ashmem region of size 8298496
12-14 02:51:10.133 D/gralloc_ranchu( 1388): gralloc_alloc: Creating ashmem region of size 8298496
12-14 02:51:10.141 I/zygote  ( 4053): Do full code cache collection, code=125KB, data=73KB
12-14 02:51:10.141 I/zygote  ( 4053): After code cache collection, code=111KB, data=46KB
12-14 02:51:10.150 D/gralloc_ranchu( 1388): gralloc_alloc: Creating ashmem region of size 8298496
12-14 02:51:10.194 D/gralloc_ranchu( 1388): gralloc_alloc: Creating ashmem region of size 8298496
12-14 02:51:10.218 D/        ( 1727): HostConnection::get() New Host Connection established 0x8957fb40, tid 1758
12-14 02:51:10.260 D/EGL_emulation( 1727): eglMakeCurrent: 0x9fd849c0: ver 3 0 (tinfo 0x9fd833d0)
12-14 02:51:10.261 D/gralloc_ranchu( 1388): gralloc_alloc: Creating ashmem region of size 8298496
12-14 02:51:10.366 D/EGL_emulation( 2225): eglMakeCurrent: 0x9fd84540: ver 3 0 (tinfo 0x9fd834e0)
12-14 02:51:10.366 D/EGL_emulation( 1727): eglMakeCurrent: 0x9fd849c0: ver 3 0 (tinfo 0x9fd833d0)
12-14 02:51:10.387 I/MicroDetectionWorker( 2225): #updateMicroDetector [detectionMode: [mDetectionMode: [1]]]
12-14 02:51:10.387 I/MicroDetectionWorker( 2225): #startMicroDetector [speakerMode: 0]
12-14 02:51:10.389 I/AudioController( 2225): Using mInputStreamFactoryBuilder
12-14 02:51:10.393 I/MicroDetectionWorker( 2225): onReady
12-14 02:51:10.396 D/EGL_emulation( 2182): eglMakeCurrent: 0x9d87d5c0: ver 3 0 (tinfo 0x9d87fbd0)
12-14 02:51:10.405 D/EGL_emulation( 1727): eglMakeCurrent: 0x9fd849c0: ver 3 0 (tinfo 0x9fd833d0)
12-14 02:51:10.410 I/MicroRecognitionRunner( 2225): Starting detection.
12-14 02:51:10.415 D/EGL_emulation( 1727): eglMakeCurrent: 0x9fd849c0: ver 3 0 (tinfo 0x9fd833d0)
12-14 02:51:10.420 I/MicrophoneInputStream( 2225): mic_starting com.google.android.apps.gsa.staticplugins.aa.c@6c9e06b
12-14 02:51:10.443 I/MicrophoneInputStream( 2225): mic_started com.google.android.apps.gsa.staticplugins.aa.c@6c9e06b
12-14 02:51:10.445 I/MicroDetectionWorker( 2225): onReady
12-14 02:51:10.447 I/MicroRecognitionRunner( 2225): Detection finished
12-14 02:51:10.447 W/ErrorReporter( 2225): reportError [type: 211, code: 524300]: Error reading from input stream
12-14 02:51:10.448 W/ErrorProcessor( 2225): onFatalError, processing error from engine(4)
12-14 02:51:10.448 W/ErrorProcessor( 2225): com.google.android.apps.gsa.shared.speech.b.g: Error reading from input stream
12-14 02:51:10.448 W/ErrorProcessor( 2225): 	at com.google.android.apps.gsa.staticplugins.recognizer.j.a.a(SourceFile:28)
12-14 02:51:10.448 W/ErrorProcessor( 2225): 	at com.google.android.apps.gsa.staticplugins.recognizer.j.b.run(SourceFile:15)
12-14 02:51:10.448 W/ErrorProcessor( 2225): 	at java.util.concurrent.Executors$RunnableAdapter.call(Executors.java:457)
12-14 02:51:10.448 W/ErrorProcessor( 2225): 	at java.util.concurrent.FutureTask.run(FutureTask.java:266)
12-14 02:51:10.448 W/ErrorProcessor( 2225): 	at com.google.android.apps.gsa.shared.util.concurrent.a.ax.run(SourceFile:14)
12-14 02:51:10.448 W/ErrorProcessor( 2225): 	at com.google.android.apps.gsa.shared.util.concurrent.a.bl.run(SourceFile:4)
12-14 02:51:10.448 W/ErrorProcessor( 2225): 	at com.google.android.apps.gsa.shared.util.concurrent.a.bl.run(SourceFile:4)
12-14 02:51:10.448 W/ErrorProcessor( 2225): 	at java.util.concurrent.ThreadPoolExecutor.runWorker(ThreadPoolExecutor.java:1162)
12-14 02:51:10.448 W/ErrorProcessor( 2225): 	at java.util.concurrent.ThreadPoolExecutor$Worker.run(ThreadPoolExecutor.java:636)
12-14 02:51:10.448 W/ErrorProcessor( 2225): 	at java.lang.Thread.run(Thread.java:764)
12-14 02:51:10.448 W/ErrorProcessor( 2225): 	at com.google.android.apps.gsa.shared.util.concurrent.a.ai.run(SourceFile:6)
12-14 02:51:10.448 W/ErrorProcessor( 2225): Caused by: com.google.android.apps.gsa.shared.exception.GsaIOException: Error code: 393238 | Buffer overflow, no available space.
12-14 02:51:10.448 W/ErrorProcessor( 2225): 	at com.google.android.apps.gsa.speech.audio.Tee.f(SourceFile:103)
12-14 02:51:10.448 W/ErrorProcessor( 2225): 	at com.google.android.apps.gsa.speech.audio.au.read(SourceFile:2)
12-14 02:51:10.448 W/ErrorProcessor( 2225): 	at java.io.InputStream.read(InputStream.java:101)
12-14 02:51:10.448 W/ErrorProcessor( 2225): 	at com.google.android.apps.gsa.speech.audio.ao.run(SourceFile:18)
12-14 02:51:10.448 W/ErrorProcessor( 2225): 	at com.google.android.apps.gsa.speech.audio.an.run(SourceFile:2)
12-14 02:51:10.448 W/ErrorProcessor( 2225): 	... 9 more
12-14 02:51:10.451 I/MicroRecognitionRunner( 2225): Stopping hotword detection.
12-14 02:51:10.453 I/AudioFlinger( 1474): AudioFlinger's thread 0xb0b034c0 tid=4103 ready to run
12-14 02:51:10.454 I/MicrophoneInputStream( 2225): mic_close com.google.android.apps.gsa.staticplugins.aa.c@6c9e06b
12-14 02:51:10.459 I/AudioController( 2225): internalShutdown
12-14 02:51:10.460 I/MicroDetector( 2225): Keeping mic open: false
12-14 02:51:10.461 I/MicroDetectionWorker( 2225): #onError(false)
12-14 02:51:10.461 I/DeviceStateChecker( 2225): DeviceStateChecker cancelled
12-14 02:51:10.465 I/zygote  ( 2225): Background concurrent copying GC freed 22523(1198KB) AllocSpace objects, 10(3MB) LOS objects, 49% free, 4MB/8MB, paused 7.114ms total 53.037ms
12-14 02:51:10.584 I/OpenGLRenderer( 1626): Initialized EGL, version 1.4
12-14 02:51:10.584 D/OpenGLRenderer( 1626): Swap behavior 1
12-14 02:51:10.584 W/OpenGLRenderer( 1626): Failed to choose config with EGL_SWAP_BEHAVIOR_PRESERVED, retrying without...
12-14 02:51:10.584 D/OpenGLRenderer( 1626): Swap behavior 0
12-14 02:51:10.591 D/EGL_emulation( 1626): eglCreateContext: 0x8f60a7c0: maj 3 min 0 rcv 3
12-14 02:51:10.593 D/EGL_emulation( 1626): eglMakeCurrent: 0x8f60a7c0: ver 3 0 (tinfo 0x83071d00)
12-14 02:51:10.594 E/eglCodecCommon( 1626): glUtilsParamSize: unknow param 0x00008cdf
12-14 02:51:10.594 E/eglCodecCommon( 1626): glUtilsParamSize: unknow param 0x00008cdf
12-14 02:51:10.595 E/eglCodecCommon( 1626): glUtilsParamSize: unknow param 0x00008824
12-14 02:51:10.595 E/eglCodecCommon( 1626): glUtilsParamSize: unknow param 0x00008824
12-14 02:51:10.856 W/OpenGLRenderer( 2182): Incorrectly called buildLayer on View: ShortcutAndWidgetContainer, destroying layer...
--------- beginning of system
12-14 02:51:13.202 E/TaskPersister( 1626): File error accessing recents directory (directory doesn't exist?).
12-14 02:51:13.360 D/AndroidRuntime( 4107): >>>>>> START com.android.internal.os.RuntimeInit uid 2000 <<<<<<
12-14 02:51:13.392 W/app_process( 4107): Unexpected CPU variant for X86 using defaults: x86
12-14 02:51:13.406 D/AndroidRuntime( 4107): Calling main entry com.android.commands.am.Am
12-14 02:51:13.407 I/ActivityManager( 1626): Force stopping com.evancharlton.mileage appid=10374 user=0: start instr
12-14 02:51:13.407 I/ActivityManager( 1626): Killing 4053:com.evancharlton.mileage/u0a374 (adj 0): stop com.evancharlton.mileage
12-14 02:51:13.408 W/ActivityManager( 1626): Crash of app com.evancharlton.mileage running instrumentation ComponentInfo{com.evancharlton.mileage.test/sh.calaba.instrumentationbackend.CalabashInstrumentationTestRunner}
12-14 02:51:13.408 I/ActivityManager( 1626): Force stopping com.evancharlton.mileage appid=10374 user=0: finished inst
12-14 02:51:13.409 I/ActivityManager( 1626): Killing 3425:com.google.android.apps.docs/u0a52 (adj 906): empty #17
12-14 02:51:13.417 I/zygote  ( 4117): Not late-enabling -Xcheck:jni (already on)
12-14 02:51:13.423 W/zygote  ( 4117): Unexpected CPU variant for X86 using defaults: x86
12-14 02:51:13.427 I/ActivityManager( 1626): Start proc 4117:com.evancharlton.mileage/u0a374 for added application com.evancharlton.mileage
12-14 02:51:13.427 D/AndroidRuntime( 4107): Shutting down VM
12-14 02:51:13.429 E/memtrack( 1626): Couldn't load memtrack module
12-14 02:51:13.429 W/android.os.Debug( 1626): failed to get memory consumption info: -1
12-14 02:51:13.441 W/zygote  ( 4117): Found duplicate classes, falling back to extracting from APK : /data/app/com.evancharlton.mileage.test-2DfYTkcSvDp_pFmw51Karg==/base.apk
12-14 02:51:13.441 W/zygote  ( 4117): NOTE: This wastes RAM and hurts startup performance.
12-14 02:51:13.441 W/zygote  ( 4117): Found duplicated class when checking oat files: 'Ljunit/runner/BaseTestRunner;' in /data/app/com.evancharlton.mileage.test-2DfYTkcSvDp_pFmw51Karg==/base.apk and /system/framework/android.test.runner.jar
12-14 02:51:13.441 W/zygote  ( 4117): 
12-14 02:51:13.456 E/adbd    ( 1374): failed to connect to socket 'tcp:7102': Connection refused
12-14 02:51:13.460 E/adbd    ( 1374): failed to connect to socket 'tcp:7102': Connection refused
12-14 02:51:13.461 D/BoundBrokerSvc( 1935): onUnbind: Intent { act=com.google.android.gms.clearcut.service.START pkg=com.google.android.gms }
12-14 02:51:13.463 W/ActivityManager( 1626): setHasOverlayUi called on unknown pid: 4053
12-14 02:51:13.482 W/System  ( 4117): ClassLoader referenced unknown path: 
12-14 02:51:13.495 I/System.out( 4117): Main activity name automatically set to: com.evancharlton.mileage.Mileage
12-14 02:51:13.495 I/System.out( 4117): Calabash did not load Mono. This is only a problem if you are trying to test a Mono application
12-14 02:51:13.496 I/calabash( 4117): Test server port: 7102
12-14 02:51:13.497 I/InstrumentationBackend( 4117): Added:'GetPreferences', with key:'get_preferences'
12-14 02:51:13.556 I/InstrumentationBackend( 4117): Added:'SetPreferences', with key:'set_preferences'
12-14 02:51:13.556 I/InstrumentationBackend( 4117): Added:'ClearPreferences', with key:'clear_preferences'
12-14 02:51:13.556 I/InstrumentationBackend( 4117): Added:'PressElement', with key:'press_l10n_element'
12-14 02:51:13.557 I/InstrumentationBackend( 4117): Added:'WaitForElement', with key:'wait_for_l10n_element'
12-14 02:51:13.558 I/InstrumentationBackend( 4117): Added:'NullAction', with key:'nullAction'
12-14 02:51:13.558 I/InstrumentationBackend( 4117): Added:'PressKey', with key:'press_key'
12-14 02:51:13.558 I/InstrumentationBackend( 4117): Added:'SetActivityOrientation', with key:'set_activity_orientation'
12-14 02:51:13.559 I/InstrumentationBackend( 4117): Added:'GetActivityOrientation', with key:'get_activity_orientation'
12-14 02:51:13.559 I/InstrumentationBackend( 4117): Added:'FakeGPSLocation', with key:'set_gps_coordinates'
12-14 02:51:13.560 I/InstrumentationBackend( 4117): Added:'SetPropertyByCssSelector', with key:'set_property_by_css_selector'
12-14 02:51:13.561 I/InstrumentationBackend( 4117): Added:'GetUrl', with key:'get_url'
12-14 02:51:13.563 I/InstrumentationBackend( 4117): Added:'ScrollTo', with key:'scroll_to'
12-14 02:51:13.563 I/InstrumentationBackend( 4117): Added:'GetLoadProgress', with key:'get_load_progress'
12-14 02:51:13.563 I/InstrumentationBackend( 4117): Added:'DumpHtml', with key:'dump_html'
12-14 02:51:13.564 I/InstrumentationBackend( 4117): Added:'DumpBodyHtml', with key:'dump_body_html'
12-14 02:51:13.564 I/InstrumentationBackend( 4117): Added:'EnterTextByCssSelector', with key:'enter_text_by_selector'
12-14 02:51:13.568 I/InstrumentationBackend( 4117): Added:'AndroidSDKVersion', with key:'android_sdk_version'
12-14 02:51:13.569 I/InstrumentationBackend( 4117): Added:'Version', with key:'version'
12-14 02:51:13.569 I/InstrumentationBackend( 4117): Added:'Drag', with key:'drag'
12-14 02:51:13.570 I/InstrumentationBackend( 4117): Added:'TouchCoordinates', with key:'touch_coordinate'
12-14 02:51:13.571 I/InstrumentationBackend( 4117): Added:'LongPressCoordinate', with key:'long_press_coordinate'
12-14 02:51:13.571 I/InstrumentationBackend( 4117): Added:'DragCoordinates', with key:'drag_coordinates'
12-14 02:51:13.572 E/adbd    ( 1374): failed to connect to socket 'tcp:7102': Connection refused
12-14 02:51:13.572 I/InstrumentationBackend( 4117): Added:'ResumeApplication', with key:'resume_application'
12-14 02:51:13.573 I/InstrumentationBackend( 4117): Added:'Swipe', with key:'swipe'
12-14 02:51:13.574 I/InstrumentationBackend( 4117): Added:'DoubleTapCoordinate', with key:'double_tap_coordinate'
12-14 02:51:13.575 I/InstrumentationBackend( 4117): Added:'ClickOnScreen', with key:'click_on_screen'
12-14 02:51:13.575 E/adbd    ( 1374): failed to connect to socket 'tcp:7102': Connection refused
12-14 02:51:13.576 I/InstrumentationBackend( 4117): Added:'GetActivityName', with key:'get_activity_name'
12-14 02:51:13.576 I/InstrumentationBackend( 4117): Added:'ScrollToView', with key:'scroll_to_view'
12-14 02:51:13.577 I/InstrumentationBackend( 4117): Added:'ViewConfiguration', with key:'view_configuration'
12-14 02:51:13.577 I/InstrumentationBackend( 4117): Added:'IsCurrentActivityFocused', with key:'is_current_activity_focused'
12-14 02:51:13.577 I/InstrumentationBackend( 4117): Added:'SendTcp', with key:'send_tcp'
12-14 02:51:13.578 I/InstrumentationBackend( 4117): Added:'DpToDevicePixel', with key:'dp_to_device_pixel'
12-14 02:51:13.579 I/InstrumentationBackend( 4117): Added:'KeyboardEnterText', with key:'keyboard_enter_text'
12-14 02:51:13.579 I/InstrumentationBackend( 4117): Added:'DeleteSurroundingText', with key:'delete_surrounding_text'
12-14 02:51:13.580 I/InstrumentationBackend( 4117): Added:'SetComposingRegion', with key:'set_composing_region'
12-14 02:51:13.580 I/InstrumentationBackend( 4117): Added:'SetSelection', with key:'set_selection'
12-14 02:51:13.580 I/InstrumentationBackend( 4117): Added:'KeyboardKeyEvent', with key:'keyboard_key_event'
12-14 02:51:13.581 I/InstrumentationBackend( 4117): Added:'PressUserActionButton', with key:'press_user_action_button'
12-14 02:51:13.581 I/InstrumentationBackend( 4117): Added:'HideSoftKeyboard', with key:'hide_soft_keyboard'
12-14 02:51:13.583 I/InstrumentationBackend( 4117): Added:'ListActions', with key:'list_actions'
12-14 02:51:13.583 I/calabash( 4117): Instantiating http server at 7102
12-14 02:51:13.583 I/System.out( 4117): HTTP Daemon listening on: 7102
12-14 02:51:13.694 I/System.out( 4117): URI: //ping
12-14 02:51:13.695 I/System.out( 4117): params: {json={}
12-14 02:51:13.695 I/System.out( 4117): }
12-14 02:51:13.707 I/System.out( 4117): URI: //ping
12-14 02:51:13.707 I/System.out( 4117): params: {json={}
12-14 02:51:13.707 I/System.out( 4117): }
12-14 02:51:13.715 I/System.out( 4117): URI: //ready
12-14 02:51:13.715 I/System.out( 4117): params: {json={}
12-14 02:51:13.715 I/System.out( 4117): }
12-14 02:51:13.721 I/System.out( 4117): URI: //
12-14 02:51:13.722 I/System.out( 4117): params: {json={"command":"version","arguments":[]}
12-14 02:51:13.722 I/System.out( 4117): }
12-14 02:51:13.722 I/System.out( 4117): header: {content-type=application/json;charset=utf-8, date=Mon, 14 Dec 2020 07:51:13 GMT, accept=*/*, host=127.0.0.1:34777, content-length=36, user-agent=HTTPClient/1.0 (2.8.3, ruby 2.5.8 (2020-03-31))}
12-14 02:51:13.722 I/System.out( 4117): params: {json={"command":"version","arguments":[]}
12-14 02:51:13.722 I/System.out( 4117): }
12-14 02:51:13.722 I/System.out( 4117): ProP json = {"command":"version","arguments":[]}
12-14 02:51:13.722 I/System.out( 4117): files: {}
12-14 02:51:13.722 I/System.out( 4117): command: {"command":"version","arguments":[]}
12-14 02:51:13.749 I/InstrumentationBackend( 4117): Got command:'Command:'Line:null,version', arguments:'[]'
12-14 02:51:13.786 I/System.out( 4117): result:{"bonusInformation":[],"message":"0.9.8","success":true}
12-14 02:51:13.792 I/System.out( 4117): URI: //start-application
12-14 02:51:13.792 I/System.out( 4117): params: {json={"intent":null}
12-14 02:51:13.792 I/System.out( 4117): }
12-14 02:51:13.828 I/ActivityManager( 1626): START u0 {act=android.intent.action.MAIN cat=[android.intent.category.LAUNCHER] flg=0x10200000 cmp=com.evancharlton.mileage/.Mileage} from uid 10374
12-14 02:51:13.841 E/memtrack( 1626): Couldn't load memtrack module
12-14 02:51:13.841 W/android.os.Debug( 1626): failed to get memory consumption info: -1
12-14 02:51:13.843 I/calabash( 4117): newActivity1
12-14 02:51:13.866 D/gralloc_ranchu( 1388): gralloc_alloc: Creating ashmem region of size 7753728
12-14 02:51:13.881 W/ActivityManager( 1626): Bad activity token: android.os.BinderProxy@d71f7f7
12-14 02:51:13.881 W/ActivityManager( 1626): java.lang.ClassCastException: android.os.BinderProxy cannot be cast to com.android.server.am.ActivityRecord$Token
12-14 02:51:13.881 W/ActivityManager( 1626): 	at com.android.server.am.ActivityRecord.forTokenLocked(ActivityRecord.java:778)
12-14 02:51:13.881 W/ActivityManager( 1626): 	at com.android.server.am.ActivityRecord.isInStackLocked(ActivityRecord.java:2085)
12-14 02:51:13.881 W/ActivityManager( 1626): 	at com.android.server.am.ActivityRecord.getStackLocked(ActivityRecord.java:2090)
12-14 02:51:13.881 W/ActivityManager( 1626): 	at com.android.server.am.ActivityManagerService.getActivityDisplayId(ActivityManagerService.java:10406)
12-14 02:51:13.881 W/ActivityManager( 1626): 	at android.app.IActivityManager$Stub.onTransact(IActivityManager.java:2738)
12-14 02:51:13.881 W/ActivityManager( 1626): 	at com.android.server.am.ActivityManagerService.onTransact(ActivityManagerService.java:2935)
12-14 02:51:13.881 W/ActivityManager( 1626): 	at android.os.Binder.execTransact(Binder.java:674)
12-14 02:51:13.882 I/calabash( 4117): newActivity1
12-14 02:51:13.889 W/ActivityManager( 1626): Bad activity token: android.os.BinderProxy@d71f7f7
12-14 02:51:13.889 W/ActivityManager( 1626): java.lang.ClassCastException: android.os.BinderProxy cannot be cast to com.android.server.am.ActivityRecord$Token
12-14 02:51:13.889 W/ActivityManager( 1626): 	at com.android.server.am.ActivityRecord.forTokenLocked(ActivityRecord.java:778)
12-14 02:51:13.889 W/ActivityManager( 1626): 	at com.android.server.am.ActivityRecord.isInStackLocked(ActivityRecord.java:2085)
12-14 02:51:13.889 W/ActivityManager( 1626): 	at com.android.server.am.ActivityManagerService.setTaskDescription(ActivityManagerService.java:9988)
12-14 02:51:13.889 W/ActivityManager( 1626): 	at android.app.IActivityManager$Stub.onTransact(IActivityManager.java:2824)
12-14 02:51:13.889 W/ActivityManager( 1626): 	at com.android.server.am.ActivityManagerService.onTransact(ActivityManagerService.java:2935)
12-14 02:51:13.889 W/ActivityManager( 1626): 	at android.os.Binder.execTransact(Binder.java:674)
12-14 02:51:13.890 W/ActivityManager( 1626): Bad activity token: android.os.BinderProxy@d71f7f7
12-14 02:51:13.890 W/ActivityManager( 1626): java.lang.ClassCastException: android.os.BinderProxy cannot be cast to com.android.server.am.ActivityRecord$Token
12-14 02:51:13.890 W/ActivityManager( 1626): 	at com.android.server.am.ActivityRecord.forTokenLocked(ActivityRecord.java:778)
12-14 02:51:13.890 W/ActivityManager( 1626): 	at com.android.server.am.ActivityRecord.isInStackLocked(ActivityRecord.java:2085)
12-14 02:51:13.890 W/ActivityManager( 1626): 	at com.android.server.am.ActivityRecord.getStackLocked(ActivityRecord.java:2090)
12-14 02:51:13.890 W/ActivityManager( 1626): 	at com.android.server.am.ActivityManagerService.getActivityStackId(ActivityManagerService.java:10417)
12-14 02:51:13.890 W/ActivityManager( 1626): 	at android.app.IActivityManager$Stub.onTransact(IActivityManager.java:3548)
12-14 02:51:13.890 W/ActivityManager( 1626): 	at com.android.server.am.ActivityManagerService.onTransact(ActivityManagerService.java:2935)
12-14 02:51:13.890 W/ActivityManager( 1626): 	at android.os.Binder.execTransact(Binder.java:674)
12-14 02:51:13.927 D/EGL_emulation( 2225): eglMakeCurrent: 0x9fd84540: ver 3 0 (tinfo 0x9fd834e0)
12-14 02:51:13.927 D/EGL_emulation( 2182): eglMakeCurrent: 0x9d87d5c0: ver 3 0 (tinfo 0x9d87fbd0)
12-14 02:51:13.945 D/EGL_emulation( 1727): eglMakeCurrent: 0x9fd849c0: ver 3 0 (tinfo 0x9fd833d0)
12-14 02:51:13.951 I/chatty  ( 1727): uid=10028(u0_a28) RenderThread identical 1 line
12-14 02:51:13.963 D/EGL_emulation( 1727): eglMakeCurrent: 0x9fd849c0: ver 3 0 (tinfo 0x9fd833d0)
12-14 02:51:13.964 V/StatusBar( 1727): setLightsOn(true)
12-14 02:51:13.970 E/ContentStoreEUAS( 2225): Failed to commit the deferred actions
12-14 02:51:13.976 D/EGL_emulation( 1727): eglMakeCurrent: 0x9fd849c0: ver 3 0 (tinfo 0x9fd833d0)
12-14 02:51:14.044 W/ActivityManager( 1626): Bad activity token: android.os.BinderProxy@d71f7f7
12-14 02:51:14.044 W/ActivityManager( 1626): java.lang.ClassCastException: android.os.BinderProxy cannot be cast to com.android.server.am.ActivityRecord$Token
12-14 02:51:14.044 W/ActivityManager( 1626): 	at com.android.server.am.ActivityRecord.forTokenLocked(ActivityRecord.java:778)
12-14 02:51:14.044 W/ActivityManager( 1626): 	at com.android.server.am.ActivityRecord.isInStackLocked(ActivityRecord.java:2085)
12-14 02:51:14.044 W/ActivityManager( 1626): 	at com.android.server.am.ActivityManagerService.getActivityOptions(ActivityManagerService.java:13302)
12-14 02:51:14.044 W/ActivityManager( 1626): 	at android.app.IActivityManager$Stub.onTransact(IActivityManager.java:2910)
12-14 02:51:14.044 W/ActivityManager( 1626): 	at com.android.server.am.ActivityManagerService.onTransact(ActivityManagerService.java:2935)
12-14 02:51:14.044 W/ActivityManager( 1626): 	at android.os.Binder.execTransact(Binder.java:674)
12-14 02:51:14.045 W/ActivityManager( 1626): Bad activity token: android.os.BinderProxy@d71f7f7
12-14 02:51:14.045 W/ActivityManager( 1626): java.lang.ClassCastException: android.os.BinderProxy cannot be cast to com.android.server.am.ActivityRecord$Token
12-14 02:51:14.045 W/ActivityManager( 1626): 	at com.android.server.am.ActivityRecord.forTokenLocked(ActivityRecord.java:778)
12-14 02:51:14.045 W/ActivityManager( 1626): 	at com.android.server.am.ActivityRecord.isInStackLocked(ActivityRecord.java:2085)
12-14 02:51:14.045 W/ActivityManager( 1626): 	at com.android.server.am.ActivityManagerService.getActivityOptions(ActivityManagerService.java:13302)
12-14 02:51:14.045 W/ActivityManager( 1626): 	at android.app.IActivityManager$Stub.onTransact(IActivityManager.java:2910)
12-14 02:51:14.045 W/ActivityManager( 1626): 	at com.android.server.am.ActivityManagerService.onTransact(ActivityManagerService.java:2935)
12-14 02:51:14.045 W/ActivityManager( 1626): 	at android.os.Binder.execTransact(Binder.java:674)
12-14 02:51:14.125 I/chatty  ( 1727): uid=10028(u0_a28) RenderThread identical 19 lines
12-14 02:51:14.141 D/EGL_emulation( 1727): eglMakeCurrent: 0x9fd849c0: ver 3 0 (tinfo 0x9fd833d0)
12-14 02:51:14.142 V/StatusBar( 1727): setLightsOn(true)
12-14 02:51:14.179 I/zygote  ( 4117): Do partial code cache collection, code=28KB, data=30KB
12-14 02:51:14.179 I/zygote  ( 4117): After code cache collection, code=28KB, data=30KB
12-14 02:51:14.179 I/zygote  ( 4117): Increasing code cache capacity to 128KB
12-14 02:51:14.180 I/zygote  ( 4117): Do partial code cache collection, code=28KB, data=48KB
12-14 02:51:14.182 I/zygote  ( 4117): After code cache collection, code=28KB, data=48KB
12-14 02:51:14.182 I/zygote  ( 4117): Increasing code cache capacity to 256KB
12-14 02:51:14.186 I/zygote  ( 4117): JIT allocated 71KB for compiled code of void android.widget.TextView.<init>(android.content.Context, android.util.AttributeSet, int, int)
12-14 02:51:14.186 I/zygote  ( 4117): Compiler allocated 4MB to compile void android.widget.TextView.<init>(android.content.Context, android.util.AttributeSet, int, int)
12-14 02:51:14.199 V/StatusBar( 1727): setLightsOn(true)
12-14 02:51:14.210 I/chatty  ( 1727): uid=10028(u0_a28) com.android.systemui identical 1 line
12-14 02:51:14.211 V/StatusBar( 1727): setLightsOn(true)
12-14 02:51:14.246 D/gralloc_ranchu( 1388): gralloc_alloc: Creating ashmem region of size 7753728
12-14 02:51:14.268 D/        ( 4117): HostConnection::get() New Host Connection established 0x9d42fcc0, tid 4117
12-14 02:51:14.320 V/StatusBar( 1727): setLightsOn(true)
12-14 02:51:14.323 V/StatusBar( 1727): setLightsOn(true)
12-14 02:51:14.328 I/ActivityManager( 1626): Displayed com.evancharlton.mileage/.Mileage: +488ms
12-14 02:51:14.336 V/StatusBar( 1727): setLightsOn(true)
12-14 02:51:14.351 I/chatty  ( 1727): uid=10028(u0_a28) com.android.systemui identical 1 line
12-14 02:51:14.367 V/StatusBar( 1727): setLightsOn(true)
12-14 02:51:14.377 D/gralloc_ranchu( 1388): gralloc_alloc: Creating ashmem region of size 7753728
12-14 02:51:14.525 V/StatusBar( 1727): setLightsOn(true)
