--------- beginning of main
12-14 03:36:26.253 D/BoundBrokerSvc( 2208): onUnbind: Intent { act=com.google.android.gms.auth.service.START pkg=com.google.android.gms }
12-14 03:36:26.669 D/BoundBrokerSvc( 2208): onUnbind: Intent { act=com.google.android.gms.checkin.START pkg=com.google.android.gms }
12-14 03:36:26.914 W/NamedFutures( 2178): Timeout future task has been cancelled: 10000 milliseconds
12-14 03:36:26.916 E/SearchServiceStarter( 2178): Task 174 failed or timed out. Client 9580553236139677 disconnecting from SearchService!
12-14 03:36:26.916 E/SearchServiceStarter( 2178): java.util.concurrent.CancellationException: Task was cancelled.
12-14 03:36:26.916 E/SearchServiceStarter( 2178): 	at com.google.common.util.concurrent.d.ct(SourceFile:75)
12-14 03:36:26.916 E/SearchServiceStarter( 2178): 	at com.google.common.util.concurrent.d.get(SourceFile:57)
12-14 03:36:26.916 E/SearchServiceStarter( 2178): 	at com.google.common.util.concurrent.cg.n(SourceFile:2)
12-14 03:36:26.916 E/SearchServiceStarter( 2178): 	at com.google.common.util.concurrent.av.l(SourceFile:50)
12-14 03:36:26.916 E/SearchServiceStarter( 2178): 	at com.google.common.util.concurrent.ax.run(SourceFile:5)
12-14 03:36:26.916 E/SearchServiceStarter( 2178): 	at com.google.android.apps.gsa.shared.util.concurrent.a.bc.run(SourceFile:2)
12-14 03:36:26.916 E/SearchServiceStarter( 2178): 	at android.os.Handler.handleCallback(Handler.java:789)
12-14 03:36:26.916 E/SearchServiceStarter( 2178): 	at android.os.Handler.dispatchMessage(Handler.java:98)
12-14 03:36:26.916 E/SearchServiceStarter( 2178): 	at android.os.Looper.loop(Looper.java:164)
12-14 03:36:26.916 E/SearchServiceStarter( 2178): 	at android.app.ActivityThread.main(ActivityThread.java:6541)
12-14 03:36:26.916 E/SearchServiceStarter( 2178): 	at java.lang.reflect.Method.invoke(Native Method)
12-14 03:36:26.916 E/SearchServiceStarter( 2178): 	at com.android.internal.os.Zygote$MethodAndArgsCaller.run(Zygote.java:240)
12-14 03:36:26.916 E/SearchServiceStarter( 2178): 	at com.android.internal.os.ZygoteInit.main(ZygoteInit.java:767)
12-14 03:36:26.968 I/Dialer  ( 2018): VvmTaskReceiver - task received
12-14 03:36:26.969 I/Dialer  ( 2018): VvmTaskReceiver - TaskExecutor already running
12-14 03:36:26.969 I/Dialer  ( 2018): Task.createTask - create task:com.android.voicemail.impl.ActivationTask
12-14 03:36:26.969 I/Dialer  ( 2018): TaskQueue.add - duplicated task added
12-14 03:36:26.969 I/Dialer  ( 2018): VvmTaskExecutor - com.android.voicemail.impl.ActivationTask@8a41c3e added
12-14 03:36:26.975 I/DigitalWidgetProvider( 3393): onReceive: Intent { act=com.android.deskclock.ALARM_CHANGED flg=0x10 cmp=com.google.android.deskclock/com.android.alarmclock.DigitalAppWidgetProvider }
12-14 03:36:27.008 I/Finsky  ( 2569): [2] ycb.d(13): PackageMonitorReceiverImpl - Received: android.intent.action.PACKAGE_FULLY_REMOVED, [Hc-uu0eID9wC4ptvRCsWBIQPDhHxrgxu8bZlIwakNJw]
12-14 03:36:27.008 I/Finsky  ( 2569): [2] ydc.g(1): Invalidating cached PackageState for com.evancharlton.mileage.test
12-14 03:36:27.013 I/Finsky  ( 2569): [2] ouk.d(2): Frosting ID looked up on UI thread. Caller should move to a background thread.
12-14 03:36:27.015 I/Finsky  ( 2569): [2] qlq.s(2): Installer: package com.evancharlton.mileage.test was removed. replacing: false
12-14 03:36:27.016 I/Finsky  ( 2569): [2] qmo.L(12): Installer: Notifying status update. package=com.evancharlton.mileage.test, status=UNINSTALLED
12-14 03:36:27.017 I/Finsky  ( 2569): [2] alxk.a(3): Do not start WearSupportService due to Wear service optimization
12-14 03:36:27.017 I/Finsky  ( 2569): [2] alxk.a(3): Do not start WearSupportService due to Wear service optimization
12-14 03:36:27.018 I/Finsky  ( 2569): [175] gvx.a(12): Asset module storage cleared for package com.evancharlton.mileage.test.
12-14 03:36:27.018 I/Finsky  ( 2569): [2] adxl.a(8): Clearing split related stale data.
12-14 03:36:27.022 I/Finsky  ( 2569): [125] jmd.a(15): [ContentSync] finished, scheduled=false
12-14 03:36:27.031 I/Finsky  ( 2569): [2] qmo.O(7): Installer: found apps to install. isMultiUserMode=false, apps=[]
12-14 03:36:27.036 I/Finsky  ( 2569): [161] rab.C(2): IQ: Notifying installation update. package=com.evancharlton.mileage.test, status=UNINSTALLED
12-14 03:36:27.039 I/ExposureNotification( 2208): Still can find package com.evancharlton.mileage.test after receive its fully removed broadcast, which was installed 5350 ms ago. Ignore the fully removed broadcast. [CONTEXT service_id=236 ]
12-14 03:36:27.043 D/BoundBrokerSvc( 2208): onBind: Intent { act=com.google.android.gms.common.BIND_SHARED_PREFS pkg=com.google.android.gms }
12-14 03:36:27.043 D/BoundBrokerSvc( 2208): Loading bound service for intent: Intent { act=com.google.android.gms.common.BIND_SHARED_PREFS pkg=com.google.android.gms }
12-14 03:36:27.049 D/BoundBrokerSvc( 2208): onUnbind: Intent { act=com.google.android.gms.common.BIND_SHARED_PREFS pkg=com.google.android.gms }
12-14 03:36:27.054 I/Finsky  ( 2569): [161] rab.t(33): IQ: No matching installs to run for jobs: []
12-14 03:36:27.060 I/Finsky  ( 2569): [166] otx.run(16): Wrote row to frosting DB: 1602
12-14 03:36:27.080 I/Finsky  ( 2569): [166] otx.run(16): Wrote row to frosting DB: 1603
12-14 03:36:27.104 W/zygote  ( 3847): Unexpected CPU variant for X86 using defaults: x86
12-14 03:36:27.130 W/NetworkScheduler( 1943): Immediate task was not started com.google.android.videos/.service.drm.RefreshLicenseTaskService{u=0 tag="refresh_license_forced" trigger=window{start=0s,end=1s,earliest=0s,latest=0s} requirements=[NET_CONNECTED] attributes=[] scheduled=0s last_run=N/A exec_window_multiplier=1.0000 jid=N/A status=PENDING retries=0 client_lib=MANCHEGO_GCM-10400000}. Rescheduling immediate tasks can cause excessive battery drain.
12-14 03:36:27.130 E/NetworkScheduler.ATC( 1943): Called cancelTask for already completed task com.google.android.videos/.service.drm.RefreshLicenseTaskService{u=0 tag="refresh_license_forced" trigger=window{start=0s,end=1s,earliest=0s,latest=0s} requirements=[NET_CONNECTED] attributes=[] scheduled=0s last_run=0s exec_window_multiplier=1.0000 jid=N/A status=PENDING retries=0 client_lib=MANCHEGO_GCM-10400000} :5 [CONTEXT service_id=218 ]
12-14 03:36:27.136 I/MultiDex( 3847): VM with version 2.1.0 has multidex support
12-14 03:36:27.136 I/MultiDex( 3847): install
12-14 03:36:27.136 I/MultiDex( 3847): VM has multidex support, MultiDex support library is disabled.
12-14 03:36:27.201 I/zygote  ( 1943): Do partial code cache collection, code=501KB, data=320KB
12-14 03:36:27.201 I/zygote  ( 1943): After code cache collection, code=498KB, data=319KB
12-14 03:36:27.202 I/zygote  ( 1943): Increasing code cache capacity to 2MB
12-14 03:36:27.277 I/zygote  ( 1943): Deoptimizing int cdcx.u(java.lang.Object, byte[], int, int, int, int, int, int, long, int, long, ccyx) due to JIT inline cache
12-14 03:36:27.339 I/NetworkScheduler.Stats( 1943): Task com.google.android.videos/ finished executing. cause:7 result: 6 elapsed_millis: 39 uptime_millis: 39 exec_start_elapsed_seconds: 48 [CONTEXT service_id=218 ]
12-14 03:36:27.339 W/NetworkScheduler( 1943): No record of active task com.google.android.videos/.service.drm.RefreshLicenseTaskService{u=0 tag="refresh_license_forced" trigger=window{start=0s,end=1s,earliest=0s,latest=0s} requirements=[NET_CONNECTED] attributes=[] scheduled=0s last_run=0s exec_window_multiplier=1.0000 jid=N/A status=PENDING retries=0 client_lib=MANCHEGO_GCM-10400000}
12-14 03:36:27.362 I/zygote  ( 1943): Deoptimizing cdbc cdav.A() due to JIT inline cache
12-14 03:36:27.430 I/Finsky  ( 2569): [110] daj.a(7): Received content filters request from com.google.android.videos
12-14 03:36:27.436 I/PlayMovies( 3847): RefreshLicenseTaskService.forceLicenseRefreshNow:66 Scheduled task now refresh_license_forced
12-14 03:36:27.436 I/PlayMovies( 3847): 
12-14 03:36:27.441 D/PlayMovies( 3847): PersistentCache.cleanup:104 Cache is below limit, no need to shrink: [size=0, limit=5242880]
12-14 03:36:27.441 D/PlayMovies( 3847): 
12-14 03:36:27.456 D/Primes  ( 3847): Package metric disabled.
12-14 03:36:27.456 D/Primes  ( 3847): Battery metric disabled
12-14 03:36:27.456 D/Primes  ( 3847): MagicEye logging metric disabled
12-14 03:36:27.632 I/PlayMovies( 3847): RefreshLicenseTaskService.onRunTask:96 On run task refresh_license_forced
12-14 03:36:27.632 I/PlayMovies( 3847): 
12-14 03:36:27.678 I/zygote  ( 2208): Deoptimizing boolean dbx.d(android.content.Context, dbv, java.lang.String) due to JIT inline cache
12-14 03:36:27.688 D/BoundBrokerSvc( 1943): onBind: Intent { act=com.google.android.gms.tapandpay.service.BIND cmp=com.google.android.gms/.chimera.PersistentApiService }
12-14 03:36:27.688 D/BoundBrokerSvc( 1943): Loading bound service for intent: Intent { act=com.google.android.gms.tapandpay.service.BIND cmp=com.google.android.gms/.chimera.PersistentApiService }
12-14 03:36:27.714 E/Pay     ( 2208): No account found on the task or the device. Notification task will not be rescheduled. [CONTEXT service_id=198 ]
12-14 03:36:27.803 I/zygote  ( 1943): Deoptimizing java.lang.String asqf.i(android.os.Bundle) due to JIT inline cache
12-14 03:36:27.903 E/NetworkScheduler.ATC( 1943): Called cancelTask for already completed task com.google.android.videos/.service.drm.RefreshLicenseTaskService{u=0 tag="refresh_license_forced" trigger=window{start=0s,end=1s,earliest=0s,latest=0s} requirements=[NET_CONNECTED] attributes=[] scheduled=0s last_run=0s exec_window_multiplier=1.0000 jid=N/A status=ACTIVE retries=0 client_lib=MANCHEGO_GCM-10400000} :0 [CONTEXT service_id=218 ]
12-14 03:36:27.903 W/NetworkScheduler( 1943): Immediate task was not started com.google.android.videos/.service.drm.RefreshLicenseTaskService{u=0 tag="refresh_license_forced" trigger=window{start=0s,end=1s,earliest=0s,latest=0s} requirements=[NET_CONNECTED] attributes=[] scheduled=0s last_run=N/A exec_window_multiplier=1.0000 jid=N/A status=PENDING retries=0 client_lib=MANCHEGO_GCM-10400000}. Rescheduling immediate tasks can cause excessive battery drain.
12-14 03:36:27.904 I/NetworkScheduler.Stats( 1943): Task com.google.android.videos/ started execution. cause:7 exec_start_elapsed_seconds: 49 [CONTEXT service_id=218 ]
12-14 03:36:27.904 I/NetworkScheduler.Stats( 1943): Task com.google.android.gms/com.google.android.gms.pay.gcmtask.PayGcmTaskService started execution. cause:7 exec_start_elapsed_seconds: 49 [CONTEXT service_id=218 ]
12-14 03:36:27.905 I/NetworkScheduler.Stats( 1943): Task com.google.android.videos/ finished executing. cause:7 result: 1 elapsed_millis: 82 uptime_millis: 82 exec_start_elapsed_seconds: 49 [CONTEXT service_id=218 ]
12-14 03:36:27.906 I/NetworkScheduler.Stats( 1943): Task com.google.android.gms/com.google.android.gms.pay.gcmtask.PayGcmTaskService finished executing. cause:7 result: 2 elapsed_millis: 74 uptime_millis: 74 exec_start_elapsed_seconds: 49 [CONTEXT service_id=218 ]
12-14 03:36:27.971 I/NetworkScheduler.Stats( 1943): Task com.google.android.gms/com.google.android.gms.clearcut.uploader.QosUploaderService started execution. cause:5 exec_start_elapsed_seconds: 49 [CONTEXT service_id=218 ]
12-14 03:36:27.987 I/PlayMovies( 3847): RefreshLicenseTaskService.onRunTask:96 On run task refresh_license
12-14 03:36:27.987 I/PlayMovies( 3847): 
12-14 03:36:27.993 I/NetworkScheduler.Stats( 1943): Task com.google.android.videos/ started execution. cause:5 exec_start_elapsed_seconds: 49 [CONTEXT service_id=218 ]
12-14 03:36:28.003 I/NetworkScheduler.Stats( 1943): Task com.google.android.gms/com.google.android.gms.clearcut.uploader.QosUploaderService finished executing. cause:5 result: 1 elapsed_millis: 65 uptime_millis: 65 exec_start_elapsed_seconds: 49 [CONTEXT service_id=218 ]
12-14 03:36:28.009 I/NetworkScheduler.Stats( 1943): Task com.google.android.videos/ finished executing. cause:5 result: 1 elapsed_millis: 28 uptime_millis: 28 exec_start_elapsed_seconds: 49 [CONTEXT service_id=218 ]
12-14 03:36:28.079 I/NetworkScheduler.Stats( 1943): Task com.google.android.gms/com.google.android.gms.gass.chimera.SchedulePeriodicTasksService started execution. cause:5 exec_start_elapsed_seconds: 49 [CONTEXT service_id=218 ]
12-14 03:36:28.147 I/NetworkScheduler.Stats( 1943): Task com.google.android.gms/com.google.android.gms.pay.gcmtask.PayGcmTaskService started execution. cause:5 exec_start_elapsed_seconds: 49 [CONTEXT service_id=218 ]
12-14 03:36:28.153 I/Pay     ( 2208): Migration flag not enabled. [CONTEXT service_id=198 ]
12-14 03:36:28.154 D/BoundBrokerSvc( 2208): onBind: Intent { act=com.google.android.gms.pay.service.BIND cmp=com.google.android.gms/.chimera.GmsApiService }
12-14 03:36:28.154 D/BoundBrokerSvc( 2208): Loading bound service for intent: Intent { act=com.google.android.gms.pay.service.BIND cmp=com.google.android.gms/.chimera.GmsApiService }
12-14 03:36:28.157 I/NetworkScheduler.Stats( 1943): Task com.google.android.gms/com.google.android.gms.gass.chimera.SchedulePeriodicTasksService finished executing. cause:5 result: 1 elapsed_millis: 117 uptime_millis: 117 exec_start_elapsed_seconds: 49 [CONTEXT service_id=218 ]
12-14 03:36:28.161 I/jgl     ( 2208): Primes not initialized, returning default (no-op) Primes instance which will ignore all calls. Please call Primes.initialize(...) before using any Primes API.
12-14 03:36:28.245 D/BoundBrokerSvc( 2208): onUnbind: Intent { act=com.google.android.gms.feedback.internal.IFeedbackService cmp=com.google.android.gms/.chimera.GmsBoundBrokerService }
12-14 03:36:28.253 I/NetworkScheduler.Stats( 1943): Task com.google.android.gms/com.google.android.gms.pay.gcmtask.PayGcmTaskService started execution. cause:5 exec_start_elapsed_seconds: 49 [CONTEXT service_id=218 ]
12-14 03:36:28.269 D/EGL_emulation( 3618): eglCreateContext: 0x8c71b2c0: maj 3 min 0 rcv 3
12-14 03:36:28.271 D/EGL_emulation( 3618): eglMakeCurrent: 0x8c71b2c0: ver 3 0 (tinfo 0x8c741560)
12-14 03:36:28.272 E/eglCodecCommon( 3618): glUtilsParamSize: unknow param 0x00008cdf
12-14 03:36:28.272 E/eglCodecCommon( 3618): glUtilsParamSize: unknow param 0x00008cdf
12-14 03:36:28.272 E/eglCodecCommon( 3618): glUtilsParamSize: unknow param 0x00008824
12-14 03:36:28.272 E/eglCodecCommon( 3618): glUtilsParamSize: unknow param 0x00008824
12-14 03:36:28.278 I/Pay     ( 2208): Migration already completed. [CONTEXT service_id=198 ]
12-14 03:36:28.279 I/NetworkScheduler.Stats( 1943): Task com.google.android.gms/com.google.android.gms.pay.gcmtask.PayGcmTaskService finished executing. cause:5 result: 1 elapsed_millis: 73 uptime_millis: 73 exec_start_elapsed_seconds: 49 [CONTEXT service_id=218 ]
12-14 03:36:28.286 I/Pay     ( 2208): Migration already completed. [CONTEXT service_id=198 ]
12-14 03:36:28.290 I/Pay     ( 2208): Migration already completed. [CONTEXT service_id=198 ]
12-14 03:36:28.290 I/Pay     ( 2208): Migration flag not enabled. [CONTEXT service_id=198 ]
12-14 03:36:28.299 I/Pay     ( 2208): Migration already completed. [CONTEXT service_id=198 ]
12-14 03:36:28.300 I/Pay     ( 2208): Migration flag not enabled. [CONTEXT service_id=198 ]
12-14 03:36:28.328 D/EGL_emulation( 3618): eglCreateContext: 0x8c71bd40: maj 3 min 0 rcv 3
12-14 03:36:28.330 D/EGL_emulation( 3618): eglMakeCurrent: 0x8c71bd40: ver 3 0 (tinfo 0x8c741560)
12-14 03:36:28.331 E/eglCodecCommon( 3618): glUtilsParamSize: unknow param 0x00008cdf
12-14 03:36:28.331 E/eglCodecCommon( 3618): glUtilsParamSize: unknow param 0x00008cdf
12-14 03:36:28.331 E/eglCodecCommon( 3618): glUtilsParamSize: unknow param 0x00008824
12-14 03:36:28.331 E/eglCodecCommon( 3618): glUtilsParamSize: unknow param 0x00008824
12-14 03:36:28.369 W/SystemServiceRegistry( 3618): No service published for: persistent_data_block
12-14 03:36:28.377 W/Binder:3618_1( 3618): type=1400 audit(0.0:20): avc: denied { read } for name="modules" dev="proc" ino=4026532034 scontext=u:r:priv_app:s0:c512,c768 tcontext=u:object_r:proc_modules:s0 tclass=file permissive=0
12-14 03:36:28.419 I/NetworkScheduler.Stats( 1943): Task com.google.android.gms/com.google.android.gms.pay.gcmtask.PayGcmTaskService started execution. cause:5 exec_start_elapsed_seconds: 49 [CONTEXT service_id=218 ]
12-14 03:36:28.432 I/NetworkScheduler.Stats( 1943): Task com.google.android.gms/com.google.android.gms.pay.gcmtask.PayGcmTaskService finished executing. cause:5 result: 1 elapsed_millis: 307 uptime_millis: 307 exec_start_elapsed_seconds: 49 [CONTEXT service_id=218 ]
--------- beginning of system
12-14 03:36:28.492 I/ActivityManager( 1627): Killing 3225:com.android.cellbroadcastreceiver/u0a5 (adj 906): empty #17
12-14 03:36:28.507 I/NetworkScheduler.Stats( 1943): Task com.google.android.gms/com.google.android.gms.pay.gcmtask.PayGcmTaskService started execution. cause:5 exec_start_elapsed_seconds: 49 [CONTEXT service_id=218 ]
12-14 03:36:28.514 I/NetworkScheduler.Stats( 1943): Task com.google.android.gms/com.google.android.gms.pay.gcmtask.PayGcmTaskService finished executing. cause:5 result: 1 elapsed_millis: 160 uptime_millis: 160 exec_start_elapsed_seconds: 49 [CONTEXT service_id=218 ]
12-14 03:36:28.516 I/NetworkScheduler.Stats( 1943): Task com.google.android.gms/com.google.android.gms.pay.gcmtask.PayGcmTaskService finished executing. cause:5 result: 1 elapsed_millis: 41 uptime_millis: 41 exec_start_elapsed_seconds: 49 [CONTEXT service_id=218 ]
12-14 03:36:28.607 I/Pay     ( 2208): Device does not support HCE. [CONTEXT service_id=198 ]
12-14 03:36:28.614 I/NetworkScheduler.Stats( 1943): Task com.google.android.gms/com.google.android.gms.pay.gcmtask.PayGcmTaskService started execution. cause:5 exec_start_elapsed_seconds: 49 [CONTEXT service_id=218 ]
12-14 03:36:28.707 W/Conscrypt( 2208): Could not set socket write timeout: java.net.SocketException: Socket closed
12-14 03:36:28.707 I/NetworkScheduler.Stats( 1943): Task com.google.android.gms/com.google.android.gms.tapandpay.gcmtask.TapAndPayGcmTaskService started execution. cause:5 exec_start_elapsed_seconds: 50 [CONTEXT service_id=218 ]
12-14 03:36:28.708 W/Conscrypt( 2208): 	at com.google.android.gms.org.conscrypt.Platform.setSocketWriteTimeout(:com.google.android.gms@204713022@20.47.13 (040700-344095733):2)
12-14 03:36:28.708 W/Conscrypt( 2208): 	at com.google.android.gms.org.conscrypt.ConscryptFileDescriptorSocket.setSoWriteTimeout(:com.google.android.gms@204713022@20.47.13 (040700-344095733):0)
12-14 03:36:28.720 I/NetworkScheduler.Stats( 1943): Task com.google.android.gms/com.google.android.gms.pay.gcmtask.PayGcmTaskService finished executing. cause:5 result: 2 elapsed_millis: 158 uptime_millis: 158 exec_start_elapsed_seconds: 49 [CONTEXT service_id=218 ]
12-14 03:36:28.730 I/NetworkScheduler.Stats( 1943): Task com.google.android.gms/com.google.android.gms.tapandpay.gcmtask.TapAndPayGcmTaskService finished executing. cause:5 result: 1 elapsed_millis: 54 uptime_millis: 54 exec_start_elapsed_seconds: 50 [CONTEXT service_id=218 ]
12-14 03:36:28.790 I/NetworkScheduler.Stats( 1943): Task com.google.android.gms/com.google.android.gms.tapandpay.gcmtask.TapAndPayGcmTaskService started execution. cause:5 exec_start_elapsed_seconds: 50 [CONTEXT service_id=218 ]
12-14 03:36:28.803 W/Conscrypt( 2208): Could not set socket write timeout: java.net.SocketException: Socket closed
12-14 03:36:28.803 W/Conscrypt( 2208): 	at com.google.android.gms.org.conscrypt.Platform.setSocketWriteTimeout(:com.google.android.gms@204713022@20.47.13 (040700-344095733):2)
12-14 03:36:28.803 W/Conscrypt( 2208): 	at com.google.android.gms.org.conscrypt.ConscryptFileDescriptorSocket.setSoWriteTimeout(:com.google.android.gms@204713022@20.47.13 (040700-344095733):0)
12-14 03:36:28.835 V/LifecycleAwareServiceBi( 2569): notify unbound
12-14 03:36:28.835 V/LifecycleAwareServiceBi( 2569): com.google.common.flogger.LogSiteStackTrace: MEDIUM
12-14 03:36:28.835 V/LifecycleAwareServiceBi( 2569): 	at com.google.frameworks.client.data.android.binder.LifecycleAwareServiceBinding.h(PG:1)
12-14 03:36:28.835 V/LifecycleAwareServiceBi( 2569): 	at axqg.run(Unknown Source:4)
12-14 03:36:28.835 V/LifecycleAwareServiceBi( 2569): 	at android.os.Handler.handleCallback(Handler.java:789)
12-14 03:36:28.835 V/LifecycleAwareServiceBi( 2569): 	at android.os.Handler.dispatchMessage(Handler.java:98)
12-14 03:36:28.835 V/LifecycleAwareServiceBi( 2569): 	at android.os.Looper.loop(Looper.java:164)
12-14 03:36:28.835 V/LifecycleAwareServiceBi( 2569): 	at android.app.ActivityThread.main(ActivityThread.java:6541)
12-14 03:36:28.835 V/LifecycleAwareServiceBi( 2569): 	at java.lang.reflect.Method.invoke(Native Method)
12-14 03:36:28.835 V/LifecycleAwareServiceBi( 2569): 	at com.android.internal.os.Zygote$MethodAndArgsCaller.run(Zygote.java:240)
12-14 03:36:28.835 V/LifecycleAwareServiceBi( 2569): 	at com.android.internal.os.ZygoteInit.main(ZygoteInit.java:767)
12-14 03:36:28.835 V/LifecycleAwareServiceBi( 2569): notify unbound - notifying
12-14 03:36:28.836 I/Finsky:download_service( 2688): [2] sxn.onDestroy(8): IPC-SERVER: Stopping gRPC host service...
12-14 03:36:28.851 I/NetworkScheduler.Stats( 1943): Task com.google.android.gms/com.google.android.gms.tapandpay.gcmtask.TapAndPayGcmTaskService started execution. cause:5 exec_start_elapsed_seconds: 50 [CONTEXT service_id=218 ]
12-14 03:36:28.872 I/NetworkScheduler.Stats( 1943): Task com.google.android.gms/com.google.android.gms.tapandpay.gcmtask.TapAndPayGcmTaskService finished executing. cause:5 result: 1 elapsed_millis: 108 uptime_millis: 108 exec_start_elapsed_seconds: 50 [CONTEXT service_id=218 ]
12-14 03:36:28.874 I/NetworkScheduler.Stats( 1943): Task com.google.android.gms/com.google.android.gms.tapandpay.gcmtask.TapAndPayGcmTaskService finished executing. cause:5 result: 1 elapsed_millis: 48 uptime_millis: 48 exec_start_elapsed_seconds: 50 [CONTEXT service_id=218 ]
12-14 03:36:28.953 I/NetworkScheduler.Stats( 1943): Task com.google.android.gms/com.google.android.gms.udc.service.UdcContextInitService started execution. cause:5 exec_start_elapsed_seconds: 50 [CONTEXT service_id=218 ]
12-14 03:36:28.972 I/NetworkScheduler.Stats( 1943): Task com.google.android.videos/ started execution. cause:5 exec_start_elapsed_seconds: 50 [CONTEXT service_id=218 ]
12-14 03:36:28.976 I/PlayMovies( 3847): RefreshLicenseTaskService.onRunTask:96 On run task refresh_license_forced
12-14 03:36:28.976 I/PlayMovies( 3847): 
12-14 03:36:28.991 I/NetworkScheduler.Stats( 1943): Task com.google.android.videos/ finished executing. cause:5 result: 1 elapsed_millis: 28 uptime_millis: 28 exec_start_elapsed_seconds: 50 [CONTEXT service_id=218 ]
12-14 03:36:29.011 I/NetworkScheduler.Stats( 1943): Task com.google.android.gms/com.google.android.gms.udc.service.UdcContextInitService finished executing. cause:5 result: 1 elapsed_millis: 103 uptime_millis: 103 exec_start_elapsed_seconds: 50 [CONTEXT service_id=218 ]
12-14 03:36:29.537 I/MicroDetectionWorker( 2178): #updateMicroDetector [detectionMode: [mDetectionMode: [1]]]
12-14 03:36:29.538 I/MicroDetectionWorker( 2178): #startMicroDetector [speakerMode: 0]
12-14 03:36:29.540 I/AudioController( 2178): Using mInputStreamFactoryBuilder
12-14 03:36:29.546 I/MicroDetectionWorker( 2178): onReady
12-14 03:36:29.553 I/MicroRecognitionRunner( 2178): Starting detection.
12-14 03:36:29.563 I/MicrophoneInputStream( 2178): mic_starting com.google.android.apps.gsa.staticplugins.aa.c@dc47f13
12-14 03:36:29.571 I/AudioFlinger( 1475): AudioFlinger's thread 0xa7903100 tid=3900 ready to run
12-14 03:36:29.576 I/MicrophoneInputStream( 2178): mic_started com.google.android.apps.gsa.staticplugins.aa.c@dc47f13
12-14 03:36:29.577 E/ActivityThread( 2178): Failed to find provider info for com.google.android.apps.gsa.testing.ui.audio.recorded
12-14 03:36:29.578 I/MicroDetectionWorker( 2178): onReady
12-14 03:36:29.581 I/MicrophoneInputStream( 2178): mic_close com.google.android.apps.gsa.staticplugins.aa.c@dc47f13
12-14 03:36:29.581 I/MicroRecognitionRunner( 2178): Detection finished
12-14 03:36:29.581 W/ErrorReporter( 2178): reportError [type: 211, code: 524300]: Error reading from input stream
12-14 03:36:29.588 I/MicroRecognitionRunner( 2178): Stopping hotword detection.
12-14 03:36:29.588 W/ErrorProcessor( 2178): onFatalError, processing error from engine(4)
12-14 03:36:29.588 W/ErrorProcessor( 2178): com.google.android.apps.gsa.shared.speech.b.g: Error reading from input stream
12-14 03:36:29.588 W/ErrorProcessor( 2178): 	at com.google.android.apps.gsa.staticplugins.recognizer.j.a.a(SourceFile:28)
12-14 03:36:29.588 W/ErrorProcessor( 2178): 	at com.google.android.apps.gsa.staticplugins.recognizer.j.b.run(SourceFile:15)
12-14 03:36:29.588 W/ErrorProcessor( 2178): 	at java.util.concurrent.Executors$RunnableAdapter.call(Executors.java:457)
12-14 03:36:29.588 W/ErrorProcessor( 2178): 	at java.util.concurrent.FutureTask.run(FutureTask.java:266)
12-14 03:36:29.588 W/ErrorProcessor( 2178): 	at com.google.android.apps.gsa.shared.util.concurrent.a.ax.run(SourceFile:14)
12-14 03:36:29.588 W/ErrorProcessor( 2178): 	at com.google.android.apps.gsa.shared.util.concurrent.a.bl.run(SourceFile:4)
12-14 03:36:29.588 W/ErrorProcessor( 2178): 	at com.google.android.apps.gsa.shared.util.concurrent.a.bl.run(SourceFile:4)
12-14 03:36:29.588 W/ErrorProcessor( 2178): 	at java.util.concurrent.ThreadPoolExecutor.runWorker(ThreadPoolExecutor.java:1162)
12-14 03:36:29.588 W/ErrorProcessor( 2178): 	at java.util.concurrent.ThreadPoolExecutor$Worker.run(ThreadPoolExecutor.java:636)
12-14 03:36:29.588 W/ErrorProcessor( 2178): 	at java.lang.Thread.run(Thread.java:764)
12-14 03:36:29.588 W/ErrorProcessor( 2178): 	at com.google.android.apps.gsa.shared.util.concurrent.a.ai.run(SourceFile:6)
12-14 03:36:29.588 W/ErrorProcessor( 2178): Caused by: com.google.android.apps.gsa.shared.exception.GsaIOException: Error code: 393238 | Buffer overflow, no available space.
12-14 03:36:29.588 W/ErrorProcessor( 2178): 	at com.google.android.apps.gsa.speech.audio.Tee.f(SourceFile:103)
12-14 03:36:29.588 W/ErrorProcessor( 2178): 	at com.google.android.apps.gsa.speech.audio.au.read(SourceFile:2)
12-14 03:36:29.588 W/ErrorProcessor( 2178): 	at java.io.InputStream.read(InputStream.java:101)
12-14 03:36:29.588 W/ErrorProcessor( 2178): 	at com.google.android.apps.gsa.speech.audio.ao.run(SourceFile:18)
12-14 03:36:29.588 W/ErrorProcessor( 2178): 	at com.google.android.apps.gsa.speech.audio.an.run(SourceFile:2)
12-14 03:36:29.588 W/ErrorProcessor( 2178): 	... 9 more
12-14 03:36:29.588 I/AudioController( 2178): internalShutdown
12-14 03:36:29.589 I/MicroDetector( 2178): Keeping mic open: false
12-14 03:36:29.589 I/MicroDetectionWorker( 2178): #onError(false)
12-14 03:36:29.592 I/DeviceStateChecker( 2178): DeviceStateChecker cancelled
12-14 03:36:29.826 I/ActivityManager( 1627): Killing 3255:com.google.android.apps.maps/u0a59 (adj 906): empty #17
12-14 03:36:29.893 D/BoundBrokerSvc( 2208): onUnbind: Intent { act=com.google.android.gms.people.service.START pkg=com.google.android.gms }
12-14 03:36:29.963 D/BoundBrokerSvc( 1943): onUnbind: Intent { act=com.google.android.gms.usagereporting.service.START pkg=com.google.android.gms }
12-14 03:36:30.014 D/BoundBrokerSvc( 1943): onUnbind: Intent { act=com.google.android.gms.icing.LIGHTWEIGHT_INDEX_SERVICE cmp=com.google.android.gms/.chimera.PersistentApiService }
12-14 03:36:30.407 E/memtrack( 1627): Couldn't load memtrack module
12-14 03:36:30.407 W/android.os.Debug( 1627): failed to get memory consumption info: -1
12-14 03:36:30.746 I/InputReader( 1627): Reconfiguring input devices.  changes=0x00000010
12-14 03:36:30.761 W/ResourceType( 1627): ResTable_typeSpec entry count inconsistent: given 67, previously 69
12-14 03:36:30.761 W/ResourceType( 1627): ResTable_typeSpec entry count inconsistent: given 5411, previously 5412
12-14 03:36:30.785 W/ResourceType( 1627): ResTable_typeSpec entry count inconsistent: given 67, previously 69
12-14 03:36:30.785 W/ResourceType( 1627): ResTable_typeSpec entry count inconsistent: given 5411, previously 5412
12-14 03:36:30.807 I/Fitness ( 1943): OnPackageChangedOperation got intent: Intent { act=android.intent.action.PACKAGE_CHANGED dat=package:com.google.android.gms flg=0x45000010 pkg=com.google.android.gms cmp=com.google.android.gms/.chimera.PersistentIntentOperationService (has extras) } [CONTEXT service_id=17 ]
12-14 03:36:30.842 D/CarrierSvcBindHelper( 1820): No carrier app for: 0
12-14 03:36:30.842 D/ImsResolver( 1820): maybeAddedImsService, packageName: com.google.android.gms
12-14 03:36:30.844 I/Fitness ( 1943): FitCleanupIntentOperation received Intent android.intent.action.PACKAGE_CHANGED [CONTEXT service_id=17 ]
12-14 03:36:30.848 W/PeopleGalProvider( 2208): Not enabled to outside of GmsCore.
12-14 03:36:30.848 I/PeopleGalProvider( 2208): Method 0 completed.
12-14 03:36:30.857 I/ContactDirectoryManager( 2435): Directory provider com.google.android.gms(com.google.android.gms.people.gal.provider) returned a NULL cursor.
12-14 03:36:30.858 I/Icing   ( 2208): updateResources: need to parse adiq{com.google.android.gms}
12-14 03:36:30.858 I/Telecom ( 1627): DefaultDialerCache: Refreshing default dialer for user 0: now com.google.android.dialer: DDC.oR@AE0
12-14 03:36:30.883 I/ProvidersCache( 3347): Provider returned no roots. Possibly naughty: com.google.android.apps.docs.storage
12-14 03:36:30.924 W/Binder  ( 1627): Outgoing transactions from this process must be FLAG_ONEWAY
12-14 03:36:30.924 W/Binder  ( 1627): java.lang.Throwable
12-14 03:36:30.924 W/Binder  ( 1627): 	at android.os.BinderProxy.transact(Binder.java:736)
12-14 03:36:30.924 W/Binder  ( 1627): 	at com.android.internal.location.ILocationProvider$Stub$Proxy.getProperties(ILocationProvider.java:232)
12-14 03:36:30.924 W/Binder  ( 1627): 	at com.android.server.location.LocationProviderProxy$1.run(LocationProviderProxy.java:119)
12-14 03:36:30.924 W/Binder  ( 1627): 	at android.os.Handler.handleCallback(Handler.java:789)
12-14 03:36:30.924 W/Binder  ( 1627): 	at android.os.Handler.dispatchMessage(Handler.java:98)
12-14 03:36:30.924 W/Binder  ( 1627): 	at android.os.Looper.loop(Looper.java:164)
12-14 03:36:30.924 W/Binder  ( 1627): 	at android.os.HandlerThread.run(HandlerThread.java:65)
12-14 03:36:30.924 W/Binder  ( 1627): Outgoing transactions from this process must be FLAG_ONEWAY
12-14 03:36:30.924 W/Binder  ( 1627): java.lang.Throwable
12-14 03:36:30.924 W/Binder  ( 1627): 	at android.os.BinderProxy.transact(Binder.java:736)
12-14 03:36:30.924 W/Binder  ( 1627): 	at com.android.internal.location.ILocationProvider$Stub$Proxy.getProperties(ILocationProvider.java:232)
12-14 03:36:30.924 W/Binder  ( 1627): 	at com.android.server.location.LocationProviderProxy$1.run(LocationProviderProxy.java:119)
12-14 03:36:30.924 W/Binder  ( 1627): 	at android.os.Handler.handleCallback(Handler.java:789)
12-14 03:36:30.924 W/Binder  ( 1627): 	at android.os.Handler.dispatchMessage(Handler.java:98)
12-14 03:36:30.924 W/Binder  ( 1627): 	at android.os.Looper.loop(Looper.java:164)
12-14 03:36:30.924 W/Binder  ( 1627): 	at android.os.HandlerThread.run(HandlerThread.java:65)
12-14 03:36:30.931 I/Icing   ( 2208): Indexing com.google.android.gms-apps from com.google.android.gms
12-14 03:36:30.934 I/Icing   ( 2208): Indexing done com.google.android.gms-apps
12-14 03:36:30.970 D/ConnectivityService( 1627): handleLingerComplete for NetworkAgentInfo [MOBILE (LTE) - 100]
12-14 03:36:31.361 D/BoundBrokerSvc( 1943): onUnbind: Intent { act=com.google.android.gms.clearcut.bootcount.service.START cmp=com.google.android.gms/.chimera.PersistentBoundBrokerService }
12-14 03:36:32.131 D/AndroidRuntime( 3913): >>>>>> START com.android.internal.os.RuntimeInit uid 2000 <<<<<<
12-14 03:36:32.167 W/app_process( 3913): Unexpected CPU variant for X86 using defaults: x86
12-14 03:36:32.183 D/AndroidRuntime( 3913): Calling main entry com.android.commands.am.Am
12-14 03:36:32.186 I/ActivityManager( 1627): Force stopping com.evancharlton.mileage appid=10420 user=0: start instr
12-14 03:36:32.186 I/ActivityManager( 1627): Killing 3805:com.evancharlton.mileage/u0a420 (adj 0): stop com.evancharlton.mileage
12-14 03:36:32.186 W/ActivityManager( 1627): Crash of app com.evancharlton.mileage running instrumentation ComponentInfo{com.evancharlton.mileage.test/sh.calaba.instrumentationbackend.ClearAppData2}
12-14 03:36:32.186 I/ActivityManager( 1627): Force stopping com.evancharlton.mileage appid=10420 user=0: finished inst
12-14 03:36:32.193 I/zygote  ( 3923): Not late-enabling -Xcheck:jni (already on)
12-14 03:36:32.199 W/zygote  ( 3923): Unexpected CPU variant for X86 using defaults: x86
12-14 03:36:32.201 I/ActivityManager( 1627): Start proc 3923:com.evancharlton.mileage/u0a420 for added application com.evancharlton.mileage
12-14 03:36:32.201 D/AndroidRuntime( 3913): Shutting down VM
12-14 03:36:32.231 W/zygote  ( 3923): Found duplicate classes, falling back to extracting from APK : /data/app/com.evancharlton.mileage.test-FzKt8JfeqHIWdQThal5k7A==/base.apk
12-14 03:36:32.231 W/zygote  ( 3923): NOTE: This wastes RAM and hurts startup performance.
12-14 03:36:32.231 W/zygote  ( 3923): Found duplicated class when checking oat files: 'Ljunit/runner/BaseTestRunner;' in /data/app/com.evancharlton.mileage.test-FzKt8JfeqHIWdQThal5k7A==/base.apk and /system/framework/android.test.runner.jar
12-14 03:36:32.231 W/zygote  ( 3923): 
12-14 03:36:32.231 E/adbd    ( 1382): failed to connect to socket 'tcp:7102': Connection refused
12-14 03:36:32.234 E/adbd    ( 1382): failed to connect to socket 'tcp:7102': Connection refused
12-14 03:36:32.263 W/System  ( 3923): ClassLoader referenced unknown path: 
12-14 03:36:32.274 I/System.out( 3923): Main activity name automatically set to: com.evancharlton.mileage.Mileage
12-14 03:36:32.275 I/System.out( 3923): Calabash did not load Mono. This is only a problem if you are trying to test a Mono application
12-14 03:36:32.275 I/calabash( 3923): Test server port: 7102
12-14 03:36:32.276 I/InstrumentationBackend( 3923): Added:'GetPreferences', with key:'get_preferences'
12-14 03:36:32.334 I/InstrumentationBackend( 3923): Added:'SetPreferences', with key:'set_preferences'
12-14 03:36:32.334 I/InstrumentationBackend( 3923): Added:'ClearPreferences', with key:'clear_preferences'
12-14 03:36:32.334 I/InstrumentationBackend( 3923): Added:'PressElement', with key:'press_l10n_element'
12-14 03:36:32.335 I/InstrumentationBackend( 3923): Added:'WaitForElement', with key:'wait_for_l10n_element'
12-14 03:36:32.335 I/InstrumentationBackend( 3923): Added:'NullAction', with key:'nullAction'
12-14 03:36:32.335 I/InstrumentationBackend( 3923): Added:'PressKey', with key:'press_key'
12-14 03:36:32.336 I/InstrumentationBackend( 3923): Added:'SetActivityOrientation', with key:'set_activity_orientation'
12-14 03:36:32.336 I/InstrumentationBackend( 3923): Added:'GetActivityOrientation', with key:'get_activity_orientation'
12-14 03:36:32.337 I/InstrumentationBackend( 3923): Added:'FakeGPSLocation', with key:'set_gps_coordinates'
12-14 03:36:32.337 I/InstrumentationBackend( 3923): Added:'SetPropertyByCssSelector', with key:'set_property_by_css_selector'
12-14 03:36:32.338 I/InstrumentationBackend( 3923): Added:'GetUrl', with key:'get_url'
12-14 03:36:32.340 I/InstrumentationBackend( 3923): Added:'ScrollTo', with key:'scroll_to'
12-14 03:36:32.340 I/InstrumentationBackend( 3923): Added:'GetLoadProgress', with key:'get_load_progress'
12-14 03:36:32.340 I/InstrumentationBackend( 3923): Added:'DumpHtml', with key:'dump_html'
12-14 03:36:32.341 I/InstrumentationBackend( 3923): Added:'DumpBodyHtml', with key:'dump_body_html'
12-14 03:36:32.341 I/InstrumentationBackend( 3923): Added:'EnterTextByCssSelector', with key:'enter_text_by_selector'
12-14 03:36:32.345 I/InstrumentationBackend( 3923): Added:'AndroidSDKVersion', with key:'android_sdk_version'
12-14 03:36:32.345 I/InstrumentationBackend( 3923): Added:'Version', with key:'version'
12-14 03:36:32.345 I/InstrumentationBackend( 3923): Added:'Drag', with key:'drag'
12-14 03:36:32.346 I/InstrumentationBackend( 3923): Added:'TouchCoordinates', with key:'touch_coordinate'
12-14 03:36:32.346 I/InstrumentationBackend( 3923): Added:'LongPressCoordinate', with key:'long_press_coordinate'
12-14 03:36:32.347 I/InstrumentationBackend( 3923): Added:'DragCoordinates', with key:'drag_coordinates'
12-14 03:36:32.348 I/InstrumentationBackend( 3923): Added:'ResumeApplication', with key:'resume_application'
12-14 03:36:32.348 I/InstrumentationBackend( 3923): Added:'Swipe', with key:'swipe'
12-14 03:36:32.348 I/InstrumentationBackend( 3923): Added:'DoubleTapCoordinate', with key:'double_tap_coordinate'
12-14 03:36:32.348 I/InstrumentationBackend( 3923): Added:'ClickOnScreen', with key:'click_on_screen'
12-14 03:36:32.349 I/InstrumentationBackend( 3923): Added:'GetActivityName', with key:'get_activity_name'
12-14 03:36:32.350 E/adbd    ( 1382): failed to connect to socket 'tcp:7102': Connection refused
12-14 03:36:32.351 I/InstrumentationBackend( 3923): Added:'ScrollToView', with key:'scroll_to_view'
12-14 03:36:32.352 I/InstrumentationBackend( 3923): Added:'ViewConfiguration', with key:'view_configuration'
12-14 03:36:32.352 I/InstrumentationBackend( 3923): Added:'IsCurrentActivityFocused', with key:'is_current_activity_focused'
12-14 03:36:32.353 E/adbd    ( 1382): failed to connect to socket 'tcp:7102': Connection refused
12-14 03:36:32.354 I/InstrumentationBackend( 3923): Added:'SendTcp', with key:'send_tcp'
12-14 03:36:32.354 I/InstrumentationBackend( 3923): Added:'DpToDevicePixel', with key:'dp_to_device_pixel'
12-14 03:36:32.355 I/InstrumentationBackend( 3923): Added:'KeyboardEnterText', with key:'keyboard_enter_text'
12-14 03:36:32.355 I/InstrumentationBackend( 3923): Added:'DeleteSurroundingText', with key:'delete_surrounding_text'
12-14 03:36:32.356 I/InstrumentationBackend( 3923): Added:'SetComposingRegion', with key:'set_composing_region'
12-14 03:36:32.356 I/InstrumentationBackend( 3923): Added:'SetSelection', with key:'set_selection'
12-14 03:36:32.356 I/InstrumentationBackend( 3923): Added:'KeyboardKeyEvent', with key:'keyboard_key_event'
12-14 03:36:32.357 I/InstrumentationBackend( 3923): Added:'PressUserActionButton', with key:'press_user_action_button'
12-14 03:36:32.358 I/InstrumentationBackend( 3923): Added:'HideSoftKeyboard', with key:'hide_soft_keyboard'
12-14 03:36:32.359 I/InstrumentationBackend( 3923): Added:'ListActions', with key:'list_actions'
12-14 03:36:32.359 I/calabash( 3923): Instantiating http server at 7102
12-14 03:36:32.359 I/System.out( 3923): HTTP Daemon listening on: 7102
12-14 03:36:32.467 I/System.out( 3923): URI: //ping
12-14 03:36:32.467 I/System.out( 3923): params: {json={}
12-14 03:36:32.468 I/System.out( 3923): }
12-14 03:36:32.482 I/System.out( 3923): URI: //ping
12-14 03:36:32.482 I/System.out( 3923): params: {json={}
12-14 03:36:32.482 I/System.out( 3923): }
12-14 03:36:32.489 I/System.out( 3923): URI: //ready
12-14 03:36:32.489 I/System.out( 3923): params: {json={}
12-14 03:36:32.489 I/System.out( 3923): }
12-14 03:36:32.497 I/System.out( 3923): URI: //
12-14 03:36:32.497 I/System.out( 3923): params: {json={"command":"version","arguments":[]}
12-14 03:36:32.497 I/System.out( 3923): }
12-14 03:36:32.497 I/System.out( 3923): header: {content-type=application/json;charset=utf-8, date=Mon, 14 Dec 2020 08:36:33 GMT, accept=*/*, host=127.0.0.1:34777, content-length=36, user-agent=HTTPClient/1.0 (2.8.3, ruby 2.5.8 (2020-03-31))}
12-14 03:36:32.497 I/System.out( 3923): params: {json={"command":"version","arguments":[]}
12-14 03:36:32.497 I/System.out( 3923): }
12-14 03:36:32.497 I/System.out( 3923): ProP json = {"command":"version","arguments":[]}
12-14 03:36:32.497 I/System.out( 3923): files: {}
12-14 03:36:32.497 I/System.out( 3923): command: {"command":"version","arguments":[]}
12-14 03:36:32.524 I/InstrumentationBackend( 3923): Got command:'Command:'Line:null,version', arguments:'[]'
12-14 03:36:32.557 I/System.out( 3923): result:{"bonusInformation":[],"message":"0.9.8","success":true}
12-14 03:36:32.565 I/System.out( 3923): URI: //start-application
12-14 03:36:32.565 I/System.out( 3923): params: {json={"intent":null}
12-14 03:36:32.565 I/System.out( 3923): }
12-14 03:36:32.576 W/Nearby  ( 1943): Failed attempt #3 out of 3 for RestoreDeviceName [CONTEXT service_id=49 ]
12-14 03:36:32.576 W/Nearby  ( 1943): java.lang.IllegalStateException: BluetoothAdapter not ready yet!
12-14 03:36:32.576 W/Nearby  ( 1943): 	at alhd.g(:com.google.android.gms@204713022@20.47.13 (040700-344095733):2)
12-14 03:36:32.576 W/Nearby  ( 1943): 	at alhc.run(Unknown Source:0)
12-14 03:36:32.576 W/Nearby  ( 1943): 	at bznt.call(Unknown Source:0)
12-14 03:36:32.576 W/Nearby  ( 1943): 	at bzny.b(:com.google.android.gms@204713022@20.47.13 (040700-344095733):2)
12-14 03:36:32.576 W/Nearby  ( 1943): 	at bzny.a(:com.google.android.gms@204713022@20.47.13 (040700-344095733):0)
12-14 03:36:32.576 W/Nearby  ( 1943): 	at alhb.run(Unknown Source:2)
12-14 03:36:32.576 W/Nearby  ( 1943): 	at java.lang.Thread.run(Thread.java:764)
12-14 03:36:32.576 W/Nearby  ( 1943): 	at tly.run(Unknown Source:5)
12-14 03:36:32.576 W/Nearby  ( 1943): 	at java.util.concurrent.ThreadPoolExecutor.runWorker(ThreadPoolExecutor.java:1162)
12-14 03:36:32.576 W/Nearby  ( 1943): 	at java.util.concurrent.ThreadPoolExecutor$Worker.run(ThreadPoolExecutor.java:636)
12-14 03:36:32.576 W/Nearby  ( 1943): 	at trx.run(:com.google.android.gms@204713022@20.47.13 (040700-344095733):0)
12-14 03:36:32.576 W/Nearby  ( 1943): 	at java.lang.Thread.run(Thread.java:764)
12-14 03:36:32.604 I/ActivityManager( 1627): START u0 {act=android.intent.action.MAIN cat=[android.intent.category.LAUNCHER] flg=0x10200000 cmp=com.evancharlton.mileage/.Mileage} from uid 10420
12-14 03:36:32.616 I/calabash( 3923): newActivity1
12-14 03:36:32.633 I/zygote  ( 1943): Deoptimizing void tma.c(java.lang.Runnable) due to JIT inline cache
12-14 03:36:32.636 D/gralloc_ranchu( 1395): gralloc_alloc: Creating ashmem region of size 7753728
12-14 03:36:32.656 W/ActivityManager( 1627): Bad activity token: android.os.BinderProxy@37532c8
12-14 03:36:32.656 W/ActivityManager( 1627): java.lang.ClassCastException: android.os.BinderProxy cannot be cast to com.android.server.am.ActivityRecord$Token
12-14 03:36:32.656 W/ActivityManager( 1627): 	at com.android.server.am.ActivityRecord.forTokenLocked(ActivityRecord.java:778)
12-14 03:36:32.656 W/ActivityManager( 1627): 	at com.android.server.am.ActivityRecord.isInStackLocked(ActivityRecord.java:2085)
12-14 03:36:32.656 W/ActivityManager( 1627): 	at com.android.server.am.ActivityRecord.getStackLocked(ActivityRecord.java:2090)
12-14 03:36:32.656 W/ActivityManager( 1627): 	at com.android.server.am.ActivityManagerService.getActivityDisplayId(ActivityManagerService.java:10406)
12-14 03:36:32.656 W/ActivityManager( 1627): 	at android.app.IActivityManager$Stub.onTransact(IActivityManager.java:2738)
12-14 03:36:32.656 W/ActivityManager( 1627): 	at com.android.server.am.ActivityManagerService.onTransact(ActivityManagerService.java:2935)
12-14 03:36:32.656 W/ActivityManager( 1627): 	at android.os.Binder.execTransact(Binder.java:674)
12-14 03:36:32.657 I/calabash( 3923): newActivity1
12-14 03:36:32.666 W/ActivityManager( 1627): Bad activity token: android.os.BinderProxy@37532c8
12-14 03:36:32.666 W/ActivityManager( 1627): java.lang.ClassCastException: android.os.BinderProxy cannot be cast to com.android.server.am.ActivityRecord$Token
12-14 03:36:32.666 W/ActivityManager( 1627): 	at com.android.server.am.ActivityRecord.forTokenLocked(ActivityRecord.java:778)
12-14 03:36:32.666 W/ActivityManager( 1627): 	at com.android.server.am.ActivityRecord.isInStackLocked(ActivityRecord.java:2085)
12-14 03:36:32.666 W/ActivityManager( 1627): 	at com.android.server.am.ActivityManagerService.setTaskDescription(ActivityManagerService.java:9988)
12-14 03:36:32.666 W/ActivityManager( 1627): 	at android.app.IActivityManager$Stub.onTransact(IActivityManager.java:2824)
12-14 03:36:32.666 W/ActivityManager( 1627): 	at com.android.server.am.ActivityManagerService.onTransact(ActivityManagerService.java:2935)
12-14 03:36:32.666 W/ActivityManager( 1627): 	at android.os.Binder.execTransact(Binder.java:674)
12-14 03:36:32.668 W/ActivityManager( 1627): Bad activity token: android.os.BinderProxy@37532c8
12-14 03:36:32.668 W/ActivityManager( 1627): java.lang.ClassCastException: android.os.BinderProxy cannot be cast to com.android.server.am.ActivityRecord$Token
12-14 03:36:32.668 W/ActivityManager( 1627): 	at com.android.server.am.ActivityRecord.forTokenLocked(ActivityRecord.java:778)
12-14 03:36:32.668 W/ActivityManager( 1627): 	at com.android.server.am.ActivityRecord.isInStackLocked(ActivityRecord.java:2085)
12-14 03:36:32.668 W/ActivityManager( 1627): 	at com.android.server.am.ActivityRecord.getStackLocked(ActivityRecord.java:2090)
12-14 03:36:32.668 W/ActivityManager( 1627): 	at com.android.server.am.ActivityManagerService.getActivityStackId(ActivityManagerService.java:10417)
12-14 03:36:32.668 W/ActivityManager( 1627): 	at android.app.IActivityManager$Stub.onTransact(IActivityManager.java:3548)
12-14 03:36:32.668 W/ActivityManager( 1627): 	at com.android.server.am.ActivityManagerService.onTransact(ActivityManagerService.java:2935)
12-14 03:36:32.668 W/ActivityManager( 1627): 	at android.os.Binder.execTransact(Binder.java:674)
12-14 03:36:32.687 D/EGL_emulation( 2147): eglMakeCurrent: 0xa0f7cf00: ver 3 0 (tinfo 0xa0f7fb90)
12-14 03:36:32.697 V/StatusBar( 1730): setLightsOn(true)
12-14 03:36:32.701 D/EGL_emulation( 2178): eglMakeCurrent: 0xa3484c00: ver 3 0 (tinfo 0xa34837c0)
12-14 03:36:32.713 D/EGL_emulation( 1730): eglMakeCurrent: 0x8fbe75e0: ver 3 0 (tinfo 0x8fbc2d50)
12-14 03:36:32.730 I/chatty  ( 1730): uid=10028(u0_a28) RenderThread identical 1 line
12-14 03:36:32.739 D/EGL_emulation( 1730): eglMakeCurrent: 0x8fbe75e0: ver 3 0 (tinfo 0x8fbc2d50)
12-14 03:36:32.741 V/StatusBar( 1730): setLightsOn(true)
12-14 03:36:32.747 W/asset   ( 1730): Asset path /data/app/com.evancharlton.mileage-jDjelz_mupZGst5HY9tw6A==/base.apk is neither a directory nor file (type=1).
12-14 03:36:32.747 E/ResourcesManager( 1730): failed to add asset path /data/app/com.evancharlton.mileage-jDjelz_mupZGst5HY9tw6A==/base.apk
12-14 03:36:32.747 W/PackageManager( 1730): Failure retrieving resources for com.evancharlton.mileage
12-14 03:36:32.748 W/asset   ( 1730): Asset path /data/app/com.evancharlton.mileage-jDjelz_mupZGst5HY9tw6A==/base.apk is neither a directory nor file (type=1).
12-14 03:36:32.748 E/ResourcesManager( 1730): failed to add asset path /data/app/com.evancharlton.mileage-jDjelz_mupZGst5HY9tw6A==/base.apk
12-14 03:36:32.748 W/PackageManager( 1730): Failure retrieving resources for com.evancharlton.mileage
12-14 03:36:32.748 W/asset   ( 1730): Asset path /data/app/com.evancharlton.mileage-jDjelz_mupZGst5HY9tw6A==/base.apk is neither a directory nor file (type=1).
12-14 03:36:32.748 E/ResourcesManager( 1730): failed to add asset path /data/app/com.evancharlton.mileage-jDjelz_mupZGst5HY9tw6A==/base.apk
12-14 03:36:32.748 W/PackageManager( 1730): Failure retrieving resources for com.evancharlton.mileage
12-14 03:36:32.751 D/FillupsProvider( 3923): Creating database
12-14 03:36:32.754 D/EGL_emulation( 1730): eglMakeCurrent: 0x8fbe75e0: ver 3 0 (tinfo 0x8fbc2d50)
12-14 03:36:32.762 E/ContentStoreEUAS( 2178): Failed to commit the deferred actions
12-14 03:36:32.783 D/EGL_emulation( 1730): eglMakeCurrent: 0x8fbe75e0: ver 3 0 (tinfo 0x8fbc2d50)
12-14 03:36:32.850 W/ActivityManager( 1627): Bad activity token: android.os.BinderProxy@37532c8
12-14 03:36:32.850 W/ActivityManager( 1627): java.lang.ClassCastException: android.os.BinderProxy cannot be cast to com.android.server.am.ActivityRecord$Token
12-14 03:36:32.850 W/ActivityManager( 1627): 	at com.android.server.am.ActivityRecord.forTokenLocked(ActivityRecord.java:778)
12-14 03:36:32.850 W/ActivityManager( 1627): 	at com.android.server.am.ActivityRecord.isInStackLocked(ActivityRecord.java:2085)
12-14 03:36:32.850 W/ActivityManager( 1627): 	at com.android.server.am.ActivityManagerService.getActivityOptions(ActivityManagerService.java:13302)
12-14 03:36:32.850 W/ActivityManager( 1627): 	at android.app.IActivityManager$Stub.onTransact(IActivityManager.java:2910)
12-14 03:36:32.850 W/ActivityManager( 1627): 	at com.android.server.am.ActivityManagerService.onTransact(ActivityManagerService.java:2935)
12-14 03:36:32.850 W/ActivityManager( 1627): 	at android.os.Binder.execTransact(Binder.java:674)
12-14 03:36:32.851 W/ActivityManager( 1627): Bad activity token: android.os.BinderProxy@37532c8
12-14 03:36:32.851 W/ActivityManager( 1627): java.lang.ClassCastException: android.os.BinderProxy cannot be cast to com.android.server.am.ActivityRecord$Token
12-14 03:36:32.851 W/ActivityManager( 1627): 	at com.android.server.am.ActivityRecord.forTokenLocked(ActivityRecord.java:778)
12-14 03:36:32.851 W/ActivityManager( 1627): 	at com.android.server.am.ActivityRecord.isInStackLocked(ActivityRecord.java:2085)
12-14 03:36:32.851 W/ActivityManager( 1627): 	at com.android.server.am.ActivityManagerService.getActivityOptions(ActivityManagerService.java:13302)
12-14 03:36:32.851 W/ActivityManager( 1627): 	at android.app.IActivityManager$Stub.onTransact(IActivityManager.java:2910)
12-14 03:36:32.851 W/ActivityManager( 1627): 	at com.android.server.am.ActivityManagerService.onTransact(ActivityManagerService.java:2935)
12-14 03:36:32.851 W/ActivityManager( 1627): 	at android.os.Binder.execTransact(Binder.java:674)
12-14 03:36:32.873 I/chatty  ( 1730): uid=10028(u0_a28) RenderThread identical 11 lines
12-14 03:36:32.879 D/EGL_emulation( 1730): eglMakeCurrent: 0x8fbe75e0: ver 3 0 (tinfo 0x8fbc2d50)
12-14 03:36:32.883 I/zygote  ( 3923): Do partial code cache collection, code=29KB, data=29KB
12-14 03:36:32.883 I/zygote  ( 3923): After code cache collection, code=29KB, data=29KB
12-14 03:36:32.883 I/zygote  ( 3923): Increasing code cache capacity to 128KB
12-14 03:36:32.890 D/EGL_emulation( 1730): eglMakeCurrent: 0x8fbe75e0: ver 3 0 (tinfo 0x8fbc2d50)
