--------- beginning of main
12-14 03:26:59.645 V/StatusBar( 1725): setLightsOn(true)
12-14 03:26:59.663 W/Icing   ( 2259): No valid account for uploading user actions
12-14 03:26:59.670 V/StatusBar( 1725): setLightsOn(true)
12-14 03:26:59.678 I/Icing   ( 2259): Usage reports ok 0, Failed Usage reports 0, indexed 0, rejected 0
12-14 03:26:59.679 I/Icing   ( 2259): Indexing com.google.android.gms-apps from com.google.android.gms
12-14 03:26:59.681 I/Icing   ( 2259): Indexing done com.google.android.gms-apps
12-14 03:26:59.683 W/SurfaceFlinger( 1411): couldn't log to binary event log: overflow.
12-14 03:26:59.683 W/SurfaceFlinger( 1411): couldn't log to binary event log: overflow.
12-14 03:26:59.734 I/System.out( 3877): URI: //map
12-14 03:26:59.734 I/System.out( 3877): params: {json={"query":"android.widget.Button index:2","operation":{"method_name":"query","arguments":[]}}
12-14 03:26:59.734 I/System.out( 3877): }
12-14 03:26:59.761 I/PBSessionCacheImpl( 2200): Deleted sessionId[11011195621608] from persistence.
12-14 03:26:59.775 W/SearchService( 2200): Abort, client detached.
12-14 03:26:59.777 E/WorkerRegistryImpl( 2200): getWorker() is called after WorkerRegistry disposal.
12-14 03:26:59.777 E/WorkerRegistryImpl( 2200): getWorker() is called after WorkerRegistry disposal.
12-14 03:26:59.888 I/System.out( 3877): URI: //gesture
12-14 03:26:59.889 I/System.out( 3877): params: {json={"query_timeout":5.0,"gestures":[{"query_string":"android.widget.Button index:2","touches":[{"x":50,"y":50,"offset_x":0,"offset_y":0,"wait":0.0,"time":0.2,"release":true,"query_string":null}]}]}
12-14 03:26:59.889 I/System.out( 3877): }
12-14 03:27:00.125 I/zygote  ( 3877): Do partial code cache collection, code=122KB, data=59KB
12-14 03:27:00.126 I/zygote  ( 3877): After code cache collection, code=122KB, data=59KB
12-14 03:27:00.126 I/zygote  ( 3877): Increasing code cache capacity to 512KB
12-14 03:27:00.186 W/Nearby  ( 1944): Failed attempt #3 out of 3 for RestoreDeviceName [CONTEXT service_id=49 ]
12-14 03:27:00.186 W/Nearby  ( 1944): java.lang.IllegalStateException: BluetoothAdapter not ready yet!
12-14 03:27:00.186 W/Nearby  ( 1944): 	at alhd.g(:com.google.android.gms@204713022@20.47.13 (040700-344095733):2)
12-14 03:27:00.186 W/Nearby  ( 1944): 	at alhc.run(Unknown Source:0)
12-14 03:27:00.186 W/Nearby  ( 1944): 	at bznt.call(Unknown Source:0)
12-14 03:27:00.186 W/Nearby  ( 1944): 	at bzny.b(:com.google.android.gms@204713022@20.47.13 (040700-344095733):2)
12-14 03:27:00.186 W/Nearby  ( 1944): 	at bzny.a(:com.google.android.gms@204713022@20.47.13 (040700-344095733):0)
12-14 03:27:00.186 W/Nearby  ( 1944): 	at alhb.run(Unknown Source:2)
12-14 03:27:00.186 W/Nearby  ( 1944): 	at java.lang.Thread.run(Thread.java:764)
12-14 03:27:00.186 W/Nearby  ( 1944): 	at tly.run(Unknown Source:5)
12-14 03:27:00.186 W/Nearby  ( 1944): 	at java.util.concurrent.ThreadPoolExecutor.runWorker(ThreadPoolExecutor.java:1162)
12-14 03:27:00.186 W/Nearby  ( 1944): 	at java.util.concurrent.ThreadPoolExecutor$Worker.run(ThreadPoolExecutor.java:636)
12-14 03:27:00.186 W/Nearby  ( 1944): 	at trx.run(:com.google.android.gms@204713022@20.47.13 (040700-344095733):0)
12-14 03:27:00.186 W/Nearby  ( 1944): 	at java.lang.Thread.run(Thread.java:764)
12-14 03:27:00.197 I/AudioTrack( 1626): AUDIO_OUTPUT_FLAG_FAST successful; frameCount 4512 -> 4512
12-14 03:27:00.268 V/StatusBar( 1725): setLightsOn(true)
12-14 03:27:00.271 I/chatty  ( 1725): uid=10028(u0_a28) com.android.systemui identical 1 line
12-14 03:27:00.275 V/StatusBar( 1725): setLightsOn(true)
12-14 03:27:00.292 W/View    ( 3877): dispatchProvideAutofillStructure(): not laid out, ignoring
12-14 03:27:00.296 W/Binder  ( 1626): Outgoing transactions from this process must be FLAG_ONEWAY
12-14 03:27:00.296 W/Binder  ( 1626): java.lang.Throwable
12-14 03:27:00.296 W/Binder  ( 1626): 	at android.os.BinderProxy.transact(Binder.java:736)
12-14 03:27:00.296 W/Binder  ( 1626): 	at android.app.assist.AssistStructure$ParcelTransferReader.fetchData(AssistStructure.java:407)
12-14 03:27:00.296 W/Binder  ( 1626): 	at android.app.assist.AssistStructure$ParcelTransferReader.go(AssistStructure.java:343)
12-14 03:27:00.296 W/Binder  ( 1626): 	at android.app.assist.AssistStructure.ensureData(AssistStructure.java:2096)
12-14 03:27:00.296 W/Binder  ( 1626): 	at com.android.server.autofill.Session$1.send(Session.java:200)
12-14 03:27:00.296 W/Binder  ( 1626): 	at com.android.server.am.ActivityManagerService.reportAssistContextExtras(ActivityManagerService.java:13137)
12-14 03:27:00.296 W/Binder  ( 1626): 	at android.app.IActivityManager$Stub.onTransact(IActivityManager.java:2466)
12-14 03:27:00.296 W/Binder  ( 1626): 	at com.android.server.am.ActivityManagerService.onTransact(ActivityManagerService.java:2935)
12-14 03:27:00.296 W/Binder  ( 1626): 	at android.os.Binder.execTransact(Binder.java:674)
12-14 03:27:00.298 I/AssistStructure( 3877): Flattened final assist data: 5024 bytes, containing 2 windows, 19 views
12-14 03:27:00.304 D/gralloc_ranchu( 1395): gralloc_alloc: Creating ashmem region of size 303104
12-14 03:27:00.319 V/StatusBar( 1725): setLightsOn(true)
12-14 03:27:00.324 I/chatty  ( 1725): uid=10028(u0_a28) com.android.systemui identical 1 line
12-14 03:27:00.337 V/StatusBar( 1725): setLightsOn(true)
12-14 03:27:00.855 W/audio_hw_generic( 1389): Not supplying enough data to HAL, expected position 25031 , only wrote 2880
12-14 03:27:00.855 W/audio_hw_generic( 1389): Not supplying enough data to HAL, expected position 2895 , only wrote 2880
12-14 03:27:00.856 W/audio_hw_generic( 1389): Hardware backing HAL too slow, could only write 0 of 720 frames
12-14 03:27:00.857 W/AudioFlinger( 1475): write blocked for 527 msecs, 1 delayed writes, thread 0xa6103500
12-14 03:27:00.873 W/audio_hw_generic( 1389): Hardware backing HAL too slow, could only write 0 of 720 frames
12-14 03:27:00.879 V/StatusBar( 1725): setLightsOn(true)
12-14 03:27:00.886 D/AudioFlinger( 1475): mixer(0xa6103500) throttle end: throttle time(12)
12-14 03:27:00.944 D/gralloc_ranchu( 1395): gralloc_alloc: Creating ashmem region of size 7753728
12-14 03:27:00.960 I/AssistStructure( 1626): Flattened final assist data: 4496 bytes, containing 2 windows, 19 views
12-14 03:27:00.980 W/lgq     ( 1944): Pending fill request while another request in the same session was triggered. [CONTEXT service_id=177 ]
12-14 03:27:00.997 E/SurfaceFlinger( 1411): ro.sf.lcd_density must be defined as a build property
12-14 03:27:00.998 D/PermissionCache( 1411): checking android.permission.READ_FRAME_BUFFER for uid=2000 => granted (544 us)
12-14 03:27:01.017 D/gralloc_ranchu( 1395): gralloc_alloc: Creating ashmem region of size 8298496
12-14 03:27:01.028 D/        ( 3933): HostConnection::get() New Host Connection established 0xacaaf800, tid 3933
12-14 03:27:01.510 D/BoundBrokerSvc( 1944): onUnbind: Intent { act=com.google.android.gms.auth.account.workaccount.START cmp=com.google.android.gms/.chimera.PersistentApiService }
12-14 03:27:01.671 I/System.out( 3877): URI: //kill
12-14 03:27:01.671 I/System.out( 3877): params: {json={}
12-14 03:27:01.671 I/System.out( 3877): }
12-14 03:27:01.671 I/System.out( 3877): Stopping test server
12-14 03:27:01.676 E/adbd    ( 1383): failed to connect to socket 'tcp:7102': Connection refused
12-14 03:27:01.678 E/adbd    ( 1383): failed to connect to socket 'tcp:7102': Connection refused
12-14 03:27:01.686 V/StatusBar( 1725): setLightsOn(true)
12-14 03:27:01.713 I/chatty  ( 1725): uid=10028(u0_a28) com.android.systemui identical 3 lines
12-14 03:27:01.715 V/StatusBar( 1725): setLightsOn(true)
12-14 03:27:01.717 D/gralloc_ranchu( 1395): gralloc_alloc: Creating ashmem region of size 8298496
12-14 03:27:01.740 I/chatty  ( 1395): uid=1000(system) allocator@2.0-s identical 1 line
12-14 03:27:01.760 D/gralloc_ranchu( 1395): gralloc_alloc: Creating ashmem region of size 8298496
12-14 03:27:01.761 D/SurfaceFlinger( 1411): duplicate layer name: changing com.google.android.apps.nexuslauncher/com.google.android.apps.nexuslauncher.NexusLauncherActivity to com.google.android.apps.nexuslauncher/com.google.android.apps.nexuslauncher.NexusLauncherActivity#1
12-14 03:27:01.772 D/gralloc_ranchu( 1395): gralloc_alloc: Creating ashmem region of size 8298496
12-14 03:27:01.782 D/gralloc_ranchu( 1395): gralloc_alloc: Creating ashmem region of size 8298496
12-14 03:27:01.783 D/EGL_emulation( 1725): eglMakeCurrent: 0x957ad160: ver 3 0 (tinfo 0x957afc70)
12-14 03:27:01.798 D/gralloc_ranchu( 1395): gralloc_alloc: Creating ashmem region of size 8298496
12-14 03:27:01.821 D/BoundBrokerSvc( 1944): onUnbind: Intent { act=com.google.android.gms.auth.proximity.START cmp=com.google.android.gms/.chimera.PersistentBoundBrokerService }
12-14 03:27:01.863 D/BoundBrokerSvc( 2259): onUnbind: Intent { act=com.google.android.gms.auth.cryptauth.cryptauthservice.START cmp=com.google.android.gms/.chimera.GmsBoundBrokerService }
12-14 03:27:01.882 D/EGL_emulation( 2200): eglMakeCurrent: 0xa8f849c0: ver 3 0 (tinfo 0xa8f83660)
12-14 03:27:01.924 D/EGL_emulation( 2158): eglMakeCurrent: 0xa8f843c0: ver 3 0 (tinfo 0xa8f83350)
12-14 03:27:01.956 W/SessionLifecycleManager( 2200): Handover failed. Creating new session controller.
12-14 03:27:01.957 E/GmsClient( 2200): unable to connect to service: com.google.android.gms.speech.service.START on com.google.android.gms
12-14 03:27:01.959 D/PermissionCache( 1411): checking android.permission.READ_FRAME_BUFFER for uid=1000 => granted (100 us)
12-14 03:27:01.960 I/OptInState( 2200): There is a new client and it does not support opt-in. Dropping request.
12-14 03:27:01.970 D/gralloc_ranchu( 1395): gralloc_alloc: Creating ashmem region of size 7753728
12-14 03:27:01.979 I/zygote  ( 2200): Deoptimizing int[] com.google.common.collect.gx.b(java.lang.Object[], int, int, int) due to JIT inline cache
12-14 03:27:02.067 I/MicroDetectionWorker( 2200): #updateMicroDetector [detectionMode: [mDetectionMode: [1]]]
12-14 03:27:02.067 I/MicroDetectionWorker( 2200): #startMicroDetector [speakerMode: 0]
12-14 03:27:02.068 I/AudioController( 2200): Using mInputStreamFactoryBuilder
12-14 03:27:02.072 I/MicroDetectionWorker( 2200): onReady
12-14 03:27:02.076 I/MicroRecognitionRunner( 2200): Starting detection.
12-14 03:27:02.076 I/MicrophoneInputStream( 2200): mic_starting com.google.android.apps.gsa.staticplugins.aa.c@a22fc9b
12-14 03:27:02.083 I/zygote  ( 2200): Background concurrent copying GC freed 18574(1134KB) AllocSpace objects, 8(3MB) LOS objects, 50% free, 4MB/8MB, paused 1.064ms total 117.775ms
12-14 03:27:02.083 I/AudioFlinger( 1475): AudioFlinger's thread 0xa4a03680 tid=3952 ready to run
12-14 03:27:02.101 I/MicrophoneInputStream( 2200): mic_started com.google.android.apps.gsa.staticplugins.aa.c@a22fc9b
12-14 03:27:02.105 E/memtrack( 1626): Couldn't load memtrack module
12-14 03:27:02.105 W/android.os.Debug( 1626): failed to get memory consumption info: -1
12-14 03:27:02.108 W/SpeechLevelGenerator( 2200): Really low audio levels detected. The audio input may have issues.
12-14 03:27:02.111 I/MicrophoneInputStream( 2200): mic_close com.google.android.apps.gsa.staticplugins.aa.c@a22fc9b
12-14 03:27:02.116 I/MicroDetectionWorker( 2200): onReady
12-14 03:27:02.118 D/        ( 1725): HostConnection::get() New Host Connection established 0x92f14700, tid 1765
12-14 03:27:02.123 I/MicroRecognitionRunner( 2200): Detection finished
12-14 03:27:02.126 D/EGL_emulation( 1725): eglMakeCurrent: 0x957ad160: ver 3 0 (tinfo 0x957afc70)
12-14 03:27:02.140 W/ErrorReporter( 2200): reportError [type: 211, code: 524300]: Error reading from input stream
12-14 03:27:02.146 I/MicroRecognitionRunner( 2200): Stopping hotword detection.
12-14 03:27:02.146 W/ErrorProcessor( 2200): onFatalError, processing error from engine(4)
12-14 03:27:02.146 W/ErrorProcessor( 2200): com.google.android.apps.gsa.shared.speech.b.g: Error reading from input stream
12-14 03:27:02.146 W/ErrorProcessor( 2200): 	at com.google.android.apps.gsa.staticplugins.recognizer.j.a.a(SourceFile:28)
12-14 03:27:02.146 W/ErrorProcessor( 2200): 	at com.google.android.apps.gsa.staticplugins.recognizer.j.b.run(SourceFile:15)
12-14 03:27:02.146 W/ErrorProcessor( 2200): 	at java.util.concurrent.Executors$RunnableAdapter.call(Executors.java:457)
12-14 03:27:02.146 W/ErrorProcessor( 2200): 	at java.util.concurrent.FutureTask.run(FutureTask.java:266)
12-14 03:27:02.146 W/ErrorProcessor( 2200): 	at com.google.android.apps.gsa.shared.util.concurrent.a.ax.run(SourceFile:14)
12-14 03:27:02.146 W/ErrorProcessor( 2200): 	at com.google.android.apps.gsa.shared.util.concurrent.a.bl.run(SourceFile:4)
12-14 03:27:02.146 W/ErrorProcessor( 2200): 	at com.google.android.apps.gsa.shared.util.concurrent.a.bl.run(SourceFile:4)
12-14 03:27:02.146 W/ErrorProcessor( 2200): 	at java.util.concurrent.ThreadPoolExecutor.runWorker(ThreadPoolExecutor.java:1162)
12-14 03:27:02.146 W/ErrorProcessor( 2200): 	at java.util.concurrent.ThreadPoolExecutor$Worker.run(ThreadPoolExecutor.java:636)
12-14 03:27:02.146 W/ErrorProcessor( 2200): 	at java.lang.Thread.run(Thread.java:764)
12-14 03:27:02.146 W/ErrorProcessor( 2200): 	at com.google.android.apps.gsa.shared.util.concurrent.a.ai.run(SourceFile:6)
12-14 03:27:02.146 W/ErrorProcessor( 2200): Caused by: com.google.android.apps.gsa.shared.exception.GsaIOException: Error code: 393238 | Buffer overflow, no available space.
12-14 03:27:02.146 W/ErrorProcessor( 2200): 	at com.google.android.apps.gsa.speech.audio.Tee.f(SourceFile:103)
12-14 03:27:02.146 W/ErrorProcessor( 2200): 	at com.google.android.apps.gsa.speech.audio.au.read(SourceFile:2)
12-14 03:27:02.146 W/ErrorProcessor( 2200): 	at java.io.InputStream.read(InputStream.java:101)
12-14 03:27:02.146 W/ErrorProcessor( 2200): 	at com.google.android.apps.gsa.speech.audio.ao.run(SourceFile:18)
12-14 03:27:02.146 W/ErrorProcessor( 2200): 	at com.google.android.apps.gsa.speech.audio.an.run(SourceFile:2)
12-14 03:27:02.146 W/ErrorProcessor( 2200): 	... 9 more
12-14 03:27:02.147 I/AudioController( 2200): internalShutdown
12-14 03:27:02.153 D/EGL_emulation( 1725): eglMakeCurrent: 0x957ad160: ver 3 0 (tinfo 0x957afc70)
12-14 03:27:02.156 I/MicroDetector( 2200): Keeping mic open: false
12-14 03:27:02.156 I/MicroDetectionWorker( 2200): #onError(false)
12-14 03:27:02.156 I/DeviceStateChecker( 2200): DeviceStateChecker cancelled
12-14 03:27:02.161 D/EGL_emulation( 1725): eglMakeCurrent: 0x957ad160: ver 3 0 (tinfo 0x957afc70)
12-14 03:27:02.168 D/EGL_emulation( 1725): eglMakeCurrent: 0x957ad160: ver 3 0 (tinfo 0x957afc70)
12-14 03:27:02.168 I/zygote  ( 2200): Do full code cache collection, code=242KB, data=202KB
12-14 03:27:02.169 I/zygote  ( 2200): After code cache collection, code=229KB, data=157KB
12-14 03:27:02.174 D/        ( 1725): HostConnection::get() New Host Connection established 0xa8fa0980, tid 1757
12-14 03:27:02.186 D/EGL_emulation( 1725): eglMakeCurrent: 0x957ad160: ver 3 0 (tinfo 0x957afc70)
12-14 03:27:02.332 I/chatty  ( 1725): uid=10028(u0_a28) RenderThread identical 17 lines
12-14 03:27:02.353 D/EGL_emulation( 1725): eglMakeCurrent: 0x957ad160: ver 3 0 (tinfo 0x957afc70)
12-14 03:27:02.445 W/OpenGLRenderer( 2158): Incorrectly called buildLayer on View: ShortcutAndWidgetContainer, destroying layer...
12-14 03:27:02.597 D/OpenGLRenderer( 1626): HWUI GL Pipeline
12-14 03:27:02.597 E/SurfaceFlinger( 1411): ro.sf.lcd_density must be defined as a build property
12-14 03:27:02.619 D/        ( 1626): HostConnection::get() New Host Connection established 0x95c649c0, tid 3953
12-14 03:27:02.625 I/OpenGLRenderer( 1626): Initialized EGL, version 1.4
12-14 03:27:02.625 D/OpenGLRenderer( 1626): Swap behavior 1
12-14 03:27:02.625 W/OpenGLRenderer( 1626): Failed to choose config with EGL_SWAP_BEHAVIOR_PRESERVED, retrying without...
12-14 03:27:02.625 D/OpenGLRenderer( 1626): Swap behavior 0
12-14 03:27:02.638 D/EGL_emulation( 1626): eglCreateContext: 0x91ad9420: maj 3 min 0 rcv 3
12-14 03:27:02.640 D/EGL_emulation( 1626): eglMakeCurrent: 0x91ad9420: ver 3 0 (tinfo 0x91a971a0)
12-14 03:27:02.640 E/eglCodecCommon( 1626): glUtilsParamSize: unknow param 0x00008cdf
12-14 03:27:02.640 E/eglCodecCommon( 1626): glUtilsParamSize: unknow param 0x00008cdf
12-14 03:27:02.641 E/eglCodecCommon( 1626): glUtilsParamSize: unknow param 0x00008824
12-14 03:27:02.641 E/eglCodecCommon( 1626): glUtilsParamSize: unknow param 0x00008824
12-14 03:27:02.868 D/BoundBrokerSvc( 1944): onUnbind: Intent { act=com.google.android.contextmanager.service.ContextManagerService.START cmp=com.google.android.gms/.chimera.PersistentApiService }
12-14 03:27:04.036 W/audio_hw_generic( 1389): Not supplying enough data to HAL, expected position 307635 , only wrote 155520
12-14 03:27:04.997 D/AndroidRuntime( 3957): >>>>>> START com.android.internal.os.RuntimeInit uid 2000 <<<<<<
12-14 03:27:05.029 W/app_process( 3957): Unexpected CPU variant for X86 using defaults: x86
12-14 03:27:05.045 D/AndroidRuntime( 3957): Calling main entry com.android.commands.am.Am
--------- beginning of system
12-14 03:27:05.048 I/ActivityManager( 1626): Force stopping com.evancharlton.mileage appid=10410 user=0: start instr
12-14 03:27:05.048 I/ActivityManager( 1626): Killing 3877:com.evancharlton.mileage/u0a410 (adj 0): stop com.evancharlton.mileage
12-14 03:27:05.048 W/ActivityManager( 1626): Crash of app com.evancharlton.mileage running instrumentation ComponentInfo{com.evancharlton.mileage.test/sh.calaba.instrumentationbackend.CalabashInstrumentationTestRunner}
12-14 03:27:05.048 I/ActivityManager( 1626): Force stopping com.evancharlton.mileage appid=10410 user=0: finished inst
12-14 03:27:05.057 I/zygote  ( 3967): Not late-enabling -Xcheck:jni (already on)
12-14 03:27:05.063 W/zygote  ( 3967): Unexpected CPU variant for X86 using defaults: x86
12-14 03:27:05.065 I/ActivityManager( 1626): Start proc 3967:com.evancharlton.mileage/u0a410 for added application com.evancharlton.mileage
12-14 03:27:05.066 D/AndroidRuntime( 3957): Shutting down VM
12-14 03:27:05.086 W/ActivityManager( 1626): setHasOverlayUi called on unknown pid: 3877
12-14 03:27:05.102 E/adbd    ( 1383): failed to connect to socket 'tcp:7102': Connection refused
12-14 03:27:05.105 E/adbd    ( 1383): failed to connect to socket 'tcp:7102': Connection refused
12-14 03:27:05.111 I/zygote  ( 3967): Background concurrent copying GC freed 4481(2MB) AllocSpace objects, 0(0B) LOS objects, 81% free, 343KB/1879KB, paused 8.035ms total 36.500ms
12-14 03:27:05.112 W/zygote  ( 3967): Found duplicate classes, falling back to extracting from APK : /data/app/com.evancharlton.mileage.test-RN7k4_oyUTrUJSV03PO4yQ==/base.apk
12-14 03:27:05.112 W/zygote  ( 3967): NOTE: This wastes RAM and hurts startup performance.
12-14 03:27:05.112 W/zygote  ( 3967): Found duplicated class when checking oat files: 'Ljunit/runner/BaseTestRunner;' in /data/app/com.evancharlton.mileage.test-RN7k4_oyUTrUJSV03PO4yQ==/base.apk and /system/framework/android.test.runner.jar
12-14 03:27:05.112 W/zygote  ( 3967): 
12-14 03:27:05.141 W/System  ( 3967): ClassLoader referenced unknown path: 
12-14 03:27:05.153 I/System.out( 3967): Main activity name automatically set to: com.evancharlton.mileage.Mileage
12-14 03:27:05.154 I/System.out( 3967): Calabash did not load Mono. This is only a problem if you are trying to test a Mono application
12-14 03:27:05.154 I/calabash( 3967): Test server port: 7102
12-14 03:27:05.155 I/InstrumentationBackend( 3967): Added:'GetPreferences', with key:'get_preferences'
12-14 03:27:05.213 I/InstrumentationBackend( 3967): Added:'SetPreferences', with key:'set_preferences'
12-14 03:27:05.214 I/InstrumentationBackend( 3967): Added:'ClearPreferences', with key:'clear_preferences'
12-14 03:27:05.214 I/InstrumentationBackend( 3967): Added:'PressElement', with key:'press_l10n_element'
12-14 03:27:05.214 I/InstrumentationBackend( 3967): Added:'WaitForElement', with key:'wait_for_l10n_element'
12-14 03:27:05.215 I/InstrumentationBackend( 3967): Added:'NullAction', with key:'nullAction'
12-14 03:27:05.215 I/InstrumentationBackend( 3967): Added:'PressKey', with key:'press_key'
12-14 03:27:05.216 I/InstrumentationBackend( 3967): Added:'SetActivityOrientation', with key:'set_activity_orientation'
12-14 03:27:05.216 I/InstrumentationBackend( 3967): Added:'GetActivityOrientation', with key:'get_activity_orientation'
12-14 03:27:05.217 I/InstrumentationBackend( 3967): Added:'FakeGPSLocation', with key:'set_gps_coordinates'
12-14 03:27:05.218 I/InstrumentationBackend( 3967): Added:'SetPropertyByCssSelector', with key:'set_property_by_css_selector'
12-14 03:27:05.219 I/InstrumentationBackend( 3967): Added:'GetUrl', with key:'get_url'
12-14 03:27:05.222 E/adbd    ( 1383): failed to connect to socket 'tcp:7102': Connection refused
12-14 03:27:05.223 I/InstrumentationBackend( 3967): Added:'ScrollTo', with key:'scroll_to'
12-14 03:27:05.225 E/adbd    ( 1383): failed to connect to socket 'tcp:7102': Connection refused
12-14 03:27:05.225 I/InstrumentationBackend( 3967): Added:'GetLoadProgress', with key:'get_load_progress'
12-14 03:27:05.226 I/InstrumentationBackend( 3967): Added:'DumpHtml', with key:'dump_html'
12-14 03:27:05.226 I/InstrumentationBackend( 3967): Added:'DumpBodyHtml', with key:'dump_body_html'
12-14 03:27:05.226 I/InstrumentationBackend( 3967): Added:'EnterTextByCssSelector', with key:'enter_text_by_selector'
12-14 03:27:05.230 I/InstrumentationBackend( 3967): Added:'AndroidSDKVersion', with key:'android_sdk_version'
12-14 03:27:05.230 I/InstrumentationBackend( 3967): Added:'Version', with key:'version'
12-14 03:27:05.230 I/InstrumentationBackend( 3967): Added:'Drag', with key:'drag'
12-14 03:27:05.230 I/InstrumentationBackend( 3967): Added:'TouchCoordinates', with key:'touch_coordinate'
12-14 03:27:05.231 I/InstrumentationBackend( 3967): Added:'LongPressCoordinate', with key:'long_press_coordinate'
12-14 03:27:05.231 I/InstrumentationBackend( 3967): Added:'DragCoordinates', with key:'drag_coordinates'
12-14 03:27:05.231 I/InstrumentationBackend( 3967): Added:'ResumeApplication', with key:'resume_application'
12-14 03:27:05.232 I/InstrumentationBackend( 3967): Added:'Swipe', with key:'swipe'
12-14 03:27:05.232 I/InstrumentationBackend( 3967): Added:'DoubleTapCoordinate', with key:'double_tap_coordinate'
12-14 03:27:05.232 I/InstrumentationBackend( 3967): Added:'ClickOnScreen', with key:'click_on_screen'
12-14 03:27:05.233 I/InstrumentationBackend( 3967): Added:'GetActivityName', with key:'get_activity_name'
12-14 03:27:05.234 I/InstrumentationBackend( 3967): Added:'ScrollToView', with key:'scroll_to_view'
12-14 03:27:05.235 I/InstrumentationBackend( 3967): Added:'ViewConfiguration', with key:'view_configuration'
12-14 03:27:05.235 I/InstrumentationBackend( 3967): Added:'IsCurrentActivityFocused', with key:'is_current_activity_focused'
12-14 03:27:05.235 I/InstrumentationBackend( 3967): Added:'SendTcp', with key:'send_tcp'
12-14 03:27:05.236 I/InstrumentationBackend( 3967): Added:'DpToDevicePixel', with key:'dp_to_device_pixel'
12-14 03:27:05.237 I/InstrumentationBackend( 3967): Added:'KeyboardEnterText', with key:'keyboard_enter_text'
12-14 03:27:05.237 I/InstrumentationBackend( 3967): Added:'DeleteSurroundingText', with key:'delete_surrounding_text'
12-14 03:27:05.238 I/InstrumentationBackend( 3967): Added:'SetComposingRegion', with key:'set_composing_region'
12-14 03:27:05.238 I/InstrumentationBackend( 3967): Added:'SetSelection', with key:'set_selection'
12-14 03:27:05.238 I/InstrumentationBackend( 3967): Added:'KeyboardKeyEvent', with key:'keyboard_key_event'
12-14 03:27:05.239 I/InstrumentationBackend( 3967): Added:'PressUserActionButton', with key:'press_user_action_button'
12-14 03:27:05.240 I/InstrumentationBackend( 3967): Added:'HideSoftKeyboard', with key:'hide_soft_keyboard'
12-14 03:27:05.241 I/InstrumentationBackend( 3967): Added:'ListActions', with key:'list_actions'
12-14 03:27:05.241 I/calabash( 3967): Instantiating http server at 7102
12-14 03:27:05.242 I/System.out( 3967): HTTP Daemon listening on: 7102
12-14 03:27:05.345 I/System.out( 3967): URI: //ping
12-14 03:27:05.346 I/System.out( 3967): params: {json={}
12-14 03:27:05.346 I/System.out( 3967): }
12-14 03:27:05.358 I/System.out( 3967): URI: //ping
12-14 03:27:05.358 I/System.out( 3967): params: {json={}
12-14 03:27:05.358 I/System.out( 3967): }
12-14 03:27:05.365 I/System.out( 3967): URI: //ready
12-14 03:27:05.365 I/System.out( 3967): params: {json={}
12-14 03:27:05.365 I/System.out( 3967): }
12-14 03:27:05.373 I/System.out( 3967): URI: //
12-14 03:27:05.373 I/System.out( 3967): params: {json={"command":"version","arguments":[]}
12-14 03:27:05.373 I/System.out( 3967): }
12-14 03:27:05.373 I/System.out( 3967): header: {content-type=application/json;charset=utf-8, date=Mon, 14 Dec 2020 08:27:05 GMT, accept=*/*, host=127.0.0.1:34777, content-length=36, user-agent=HTTPClient/1.0 (2.8.3, ruby 2.5.8 (2020-03-31))}
12-14 03:27:05.373 I/System.out( 3967): params: {json={"command":"version","arguments":[]}
12-14 03:27:05.373 I/System.out( 3967): }
12-14 03:27:05.373 I/System.out( 3967): ProP json = {"command":"version","arguments":[]}
12-14 03:27:05.373 I/System.out( 3967): files: {}
12-14 03:27:05.373 I/System.out( 3967): command: {"command":"version","arguments":[]}
12-14 03:27:05.376 E/TaskPersister( 1626): File error accessing recents directory (directory doesn't exist?).
12-14 03:27:05.403 I/InstrumentationBackend( 3967): Got command:'Command:'Line:null,version', arguments:'[]'
12-14 03:27:05.438 I/System.out( 3967): result:{"bonusInformation":[],"message":"0.9.8","success":true}
12-14 03:27:05.448 I/System.out( 3967): URI: //start-application
12-14 03:27:05.448 I/System.out( 3967): params: {json={"intent":null}
12-14 03:27:05.448 I/System.out( 3967): }
12-14 03:27:05.487 I/ActivityManager( 1626): START u0 {act=android.intent.action.MAIN cat=[android.intent.category.LAUNCHER] flg=0x10200000 cmp=com.evancharlton.mileage/.Mileage} from uid 10410
12-14 03:27:05.499 I/calabash( 3967): newActivity1
12-14 03:27:05.520 D/gralloc_ranchu( 1395): gralloc_alloc: Creating ashmem region of size 7753728
12-14 03:27:05.529 W/ActivityManager( 1626): Bad activity token: android.os.BinderProxy@53dd59
12-14 03:27:05.529 W/ActivityManager( 1626): java.lang.ClassCastException: android.os.BinderProxy cannot be cast to com.android.server.am.ActivityRecord$Token
12-14 03:27:05.529 W/ActivityManager( 1626): 	at com.android.server.am.ActivityRecord.forTokenLocked(ActivityRecord.java:778)
12-14 03:27:05.529 W/ActivityManager( 1626): 	at com.android.server.am.ActivityRecord.isInStackLocked(ActivityRecord.java:2085)
12-14 03:27:05.529 W/ActivityManager( 1626): 	at com.android.server.am.ActivityRecord.getStackLocked(ActivityRecord.java:2090)
12-14 03:27:05.529 W/ActivityManager( 1626): 	at com.android.server.am.ActivityManagerService.getActivityDisplayId(ActivityManagerService.java:10406)
12-14 03:27:05.529 W/ActivityManager( 1626): 	at android.app.IActivityManager$Stub.onTransact(IActivityManager.java:2738)
12-14 03:27:05.529 W/ActivityManager( 1626): 	at com.android.server.am.ActivityManagerService.onTransact(ActivityManagerService.java:2935)
12-14 03:27:05.529 W/ActivityManager( 1626): 	at android.os.Binder.execTransact(Binder.java:674)
12-14 03:27:05.531 I/calabash( 3967): newActivity1
12-14 03:27:05.541 W/ActivityManager( 1626): Bad activity token: android.os.BinderProxy@53dd59
12-14 03:27:05.541 W/ActivityManager( 1626): java.lang.ClassCastException: android.os.BinderProxy cannot be cast to com.android.server.am.ActivityRecord$Token
12-14 03:27:05.541 W/ActivityManager( 1626): 	at com.android.server.am.ActivityRecord.forTokenLocked(ActivityRecord.java:778)
12-14 03:27:05.541 W/ActivityManager( 1626): 	at com.android.server.am.ActivityRecord.isInStackLocked(ActivityRecord.java:2085)
12-14 03:27:05.541 W/ActivityManager( 1626): 	at com.android.server.am.ActivityManagerService.setTaskDescription(ActivityManagerService.java:9988)
12-14 03:27:05.541 W/ActivityManager( 1626): 	at android.app.IActivityManager$Stub.onTransact(IActivityManager.java:2824)
12-14 03:27:05.541 W/ActivityManager( 1626): 	at com.android.server.am.ActivityManagerService.onTransact(ActivityManagerService.java:2935)
12-14 03:27:05.541 W/ActivityManager( 1626): 	at android.os.Binder.execTransact(Binder.java:674)
12-14 03:27:05.542 W/ActivityManager( 1626): Bad activity token: android.os.BinderProxy@53dd59
12-14 03:27:05.542 W/ActivityManager( 1626): java.lang.ClassCastException: android.os.BinderProxy cannot be cast to com.android.server.am.ActivityRecord$Token
12-14 03:27:05.542 W/ActivityManager( 1626): 	at com.android.server.am.ActivityRecord.forTokenLocked(ActivityRecord.java:778)
12-14 03:27:05.542 W/ActivityManager( 1626): 	at com.android.server.am.ActivityRecord.isInStackLocked(ActivityRecord.java:2085)
12-14 03:27:05.542 W/ActivityManager( 1626): 	at com.android.server.am.ActivityRecord.getStackLocked(ActivityRecord.java:2090)
12-14 03:27:05.542 W/ActivityManager( 1626): 	at com.android.server.am.ActivityManagerService.getActivityStackId(ActivityManagerService.java:10417)
12-14 03:27:05.542 W/ActivityManager( 1626): 	at android.app.IActivityManager$Stub.onTransact(IActivityManager.java:3548)
12-14 03:27:05.542 W/ActivityManager( 1626): 	at com.android.server.am.ActivityManagerService.onTransact(ActivityManagerService.java:2935)
12-14 03:27:05.542 W/ActivityManager( 1626): 	at android.os.Binder.execTransact(Binder.java:674)
12-14 03:27:05.579 D/EGL_emulation( 2200): eglMakeCurrent: 0xa8f849c0: ver 3 0 (tinfo 0xa8f83660)
12-14 03:27:05.579 D/EGL_emulation( 2158): eglMakeCurrent: 0xa8f843c0: ver 3 0 (tinfo 0xa8f83350)
12-14 03:27:05.601 D/EGL_emulation( 1725): eglMakeCurrent: 0x957ad160: ver 3 0 (tinfo 0x957afc70)
12-14 03:27:05.612 I/chatty  ( 1725): uid=10028(u0_a28) RenderThread identical 1 line
12-14 03:27:05.616 D/EGL_emulation( 1725): eglMakeCurrent: 0x957ad160: ver 3 0 (tinfo 0x957afc70)
12-14 03:27:05.619 E/ContentStoreEUAS( 2200): Failed to commit the deferred actions
12-14 03:27:05.620 V/StatusBar( 1725): setLightsOn(true)
12-14 03:27:05.628 D/EGL_emulation( 1725): eglMakeCurrent: 0x957ad160: ver 3 0 (tinfo 0x957afc70)
12-14 03:27:05.706 W/ActivityManager( 1626): Bad activity token: android.os.BinderProxy@53dd59
12-14 03:27:05.706 W/ActivityManager( 1626): java.lang.ClassCastException: android.os.BinderProxy cannot be cast to com.android.server.am.ActivityRecord$Token
12-14 03:27:05.706 W/ActivityManager( 1626): 	at com.android.server.am.ActivityRecord.forTokenLocked(ActivityRecord.java:778)
12-14 03:27:05.706 W/ActivityManager( 1626): 	at com.android.server.am.ActivityRecord.isInStackLocked(ActivityRecord.java:2085)
12-14 03:27:05.706 W/ActivityManager( 1626): 	at com.android.server.am.ActivityManagerService.getActivityOptions(ActivityManagerService.java:13302)
12-14 03:27:05.706 W/ActivityManager( 1626): 	at android.app.IActivityManager$Stub.onTransact(IActivityManager.java:2910)
12-14 03:27:05.706 W/ActivityManager( 1626): 	at com.android.server.am.ActivityManagerService.onTransact(ActivityManagerService.java:2935)
12-14 03:27:05.706 W/ActivityManager( 1626): 	at android.os.Binder.execTransact(Binder.java:674)
12-14 03:27:05.707 W/ActivityManager( 1626): Bad activity token: android.os.BinderProxy@53dd59
12-14 03:27:05.707 W/ActivityManager( 1626): java.lang.ClassCastException: android.os.BinderProxy cannot be cast to com.android.server.am.ActivityRecord$Token
12-14 03:27:05.707 W/ActivityManager( 1626): 	at com.android.server.am.ActivityRecord.forTokenLocked(ActivityRecord.java:778)
12-14 03:27:05.707 W/ActivityManager( 1626): 	at com.android.server.am.ActivityRecord.isInStackLocked(ActivityRecord.java:2085)
12-14 03:27:05.707 W/ActivityManager( 1626): 	at com.android.server.am.ActivityManagerService.getActivityOptions(ActivityManagerService.java:13302)
12-14 03:27:05.707 W/ActivityManager( 1626): 	at android.app.IActivityManager$Stub.onTransact(IActivityManager.java:2910)
12-14 03:27:05.707 W/ActivityManager( 1626): 	at com.android.server.am.ActivityManagerService.onTransact(ActivityManagerService.java:2935)
12-14 03:27:05.707 W/ActivityManager( 1626): 	at android.os.Binder.execTransact(Binder.java:674)
12-14 03:27:05.779 I/chatty  ( 1725): uid=10028(u0_a28) RenderThread identical 19 lines
12-14 03:27:05.789 D/EGL_emulation( 1725): eglMakeCurrent: 0x957ad160: ver 3 0 (tinfo 0x957afc70)
12-14 03:27:05.791 V/StatusBar( 1725): setLightsOn(true)
12-14 03:27:05.833 I/zygote  ( 3967): Do partial code cache collection, code=28KB, data=30KB
12-14 03:27:05.834 I/zygote  ( 3967): After code cache collection, code=28KB, data=30KB
12-14 03:27:05.834 I/zygote  ( 3967): Increasing code cache capacity to 128KB
12-14 03:27:05.839 I/zygote  ( 3967): Do partial code cache collection, code=28KB, data=48KB
12-14 03:27:05.841 I/zygote  ( 3967): After code cache collection, code=28KB, data=48KB
12-14 03:27:05.842 I/zygote  ( 3967): Increasing code cache capacity to 256KB
12-14 03:27:05.843 I/zygote  ( 3967): JIT allocated 71KB for compiled code of void android.widget.TextView.<init>(android.content.Context, android.util.AttributeSet, int, int)
12-14 03:27:05.843 I/zygote  ( 3967): Compiler allocated 4MB to compile void android.widget.TextView.<init>(android.content.Context, android.util.AttributeSet, int, int)
12-14 03:27:05.848 V/StatusBar( 1725): setLightsOn(true)
12-14 03:27:05.850 I/chatty  ( 1725): uid=10028(u0_a28) com.android.systemui identical 1 line
12-14 03:27:05.855 V/StatusBar( 1725): setLightsOn(true)
12-14 03:27:05.899 D/gralloc_ranchu( 1395): gralloc_alloc: Creating ashmem region of size 7753728
12-14 03:27:05.918 D/        ( 3967): HostConnection::get() New Host Connection established 0xa662fc40, tid 3967
12-14 03:27:05.962 V/StatusBar( 1725): setLightsOn(true)
12-14 03:27:05.965 V/StatusBar( 1725): setLightsOn(true)
12-14 03:27:05.966 I/ActivityManager( 1626): Displayed com.evancharlton.mileage/.Mileage: +473ms
12-14 03:27:05.971 V/StatusBar( 1725): setLightsOn(true)
12-14 03:27:05.993 D/gralloc_ranchu( 1395): gralloc_alloc: Creating ashmem region of size 7753728
12-14 03:27:05.996 V/StatusBar( 1725): setLightsOn(true)
12-14 03:27:06.025 D/BoundBrokerSvc( 1944): onUnbind: Intent { act=com.google.android.gms.pseudonymous.service.START cmp=com.google.android.gms/.chimera.PersistentApiService }
12-14 03:27:06.060 I/zygote  ( 3967): Do full code cache collection, code=123KB, data=73KB
12-14 03:27:06.061 I/zygote  ( 3967): After code cache collection, code=105KB, data=46KB
12-14 03:27:06.062 V/StatusBar( 1725): setLightsOn(true)
12-14 03:27:06.158 I/chatty  ( 1725): uid=10028(u0_a28) com.android.systemui identical 1 line
12-14 03:27:06.176 V/StatusBar( 1725): setLightsOn(true)
12-14 03:27:06.187 I/System.out( 3967): URI: //map
12-14 03:27:06.187 I/System.out( 3967): params: {json={"query":"android.widget.CheckBox index:0","operation":{"method_name":"query","arguments":[]}}
12-14 03:27:06.187 I/System.out( 3967): }
12-14 03:27:06.314 V/StatusBar( 1725): setLightsOn(true)
12-14 03:27:06.326 V/StatusBar( 1725): setLightsOn(true)
12-14 03:27:06.334 W/SurfaceFlinger( 1411): couldn't log to binary event log: overflow.
12-14 03:27:06.365 I/System.out( 3967): URI: //gesture
12-14 03:27:06.365 I/System.out( 3967): params: {json={"query_timeout":5.0,"gestures":[{"query_string":"android.widget.CheckBox index:0","touches":[{"x":50,"y":50,"offset_x":0,"offset_y":0,"wait":0.0,"time":0.2,"release":true,"query_string":null}]}]}
12-14 03:27:06.365 I/System.out( 3967): }
12-14 03:27:06.391 I/zygote  ( 3967): Do partial code cache collection, code=124KB, data=57KB
12-14 03:27:06.392 I/zygote  ( 3967): After code cache collection, code=124KB, data=57KB
12-14 03:27:06.392 I/zygote  ( 3967): Increasing code cache capacity to 512KB
12-14 03:27:06.395 W/RemoteFillService( 1626): Not handling { when=-3ms what=3 target=com.android.internal.os.HandlerCaller$MyHandler } as service for ComponentInfo{com.google.android.gms/com.google.android.gms.autofill.service.AutofillService} is already destroyed
12-14 03:27:06.425 I/PBSessionCacheImpl( 2200): Deleted sessionId[11011195621980] from persistence.
12-14 03:27:06.447 W/SearchService( 2200): Abort, client detached.
12-14 03:27:06.642 W/audio_hw_generic( 1389): Not supplying enough data to HAL, expected position 155689 , only wrote 155520
12-14 03:27:06.861 E/SurfaceFlinger( 1411): ro.sf.lcd_density must be defined as a build property
12-14 03:27:06.871 D/gralloc_ranchu( 1395): gralloc_alloc: Creating ashmem region of size 8298496
12-14 03:27:06.880 D/        ( 4009): HostConnection::get() New Host Connection established 0xa792f800, tid 4009
12-14 03:27:07.055 D/gralloc_ranchu( 1395): gralloc_alloc: Creating ashmem region of size 7753728
12-14 03:27:07.227 I/System.out( 3967): URI: //map
12-14 03:27:07.227 I/System.out( 3967): params: {json={"query":"android.widget.CheckBox index:0","operation":{"method_name":"query","arguments":[]}}
12-14 03:27:07.227 I/System.out( 3967): }
12-14 03:27:07.380 I/System.out( 3967): URI: //gesture
12-14 03:27:07.380 I/System.out( 3967): params: {json={"query_timeout":5.0,"gestures":[{"query_string":"android.widget.CheckBox index:0","touches":[{"x":50,"y":50,"offset_x":0,"offset_y":0,"wait":0.0,"time":0.2,"release":true,"query_string":null}]}]}
12-14 03:27:07.380 I/System.out( 3967): }
12-14 03:27:07.545 I/ActivityManager( 1626): Killing 2523:com.android.providers.calendar/u0a4 (adj 906): empty #17
12-14 03:27:07.606 V/StatusBar( 1725): setLightsOn(true)
12-14 03:27:07.824 E/SurfaceFlinger( 1411): ro.sf.lcd_density must be defined as a build property
12-14 03:27:07.831 D/gralloc_ranchu( 1395): gralloc_alloc: Creating ashmem region of size 8298496
12-14 03:27:07.840 D/        ( 4017): HostConnection::get() New Host Connection established 0xace2f800, tid 4017
12-14 03:27:08.203 I/qemu-props( 1407): start adbd ...
