--------- beginning of main
12-14 03:27:18.300 E/adbd    ( 1383): failed to connect to socket 'tcp:7102': Connection refused
12-14 03:27:18.347 I/PBSessionCacheImpl( 2200): Deleted sessionId[11011195621981] from persistence.
12-14 03:27:18.370 V/StatusBar( 1725): setLightsOn(true)
12-14 03:27:18.381 V/StatusBar( 1725): setLightsOn(true)
--------- beginning of system
12-14 03:27:18.383 W/ActivityManager( 1626): Finishing task with all activities already finished
12-14 03:27:18.383 W/ActivityManager( 1626): Duplicate finish request for ActivityRecord{1695f08 u0 com.evancharlton.mileage/.Mileage t62 f}
12-14 03:27:18.385 W/ActivityManager( 1626): Finishing task with all activities already finished
12-14 03:27:18.385 W/SearchService( 2200): Abort, client detached.
12-14 03:27:18.385 W/ActivityManager( 1626): Duplicate finish request for ActivityRecord{1695f08 u0 com.evancharlton.mileage/.Mileage t62 f}
12-14 03:27:18.386 W/ActivityManager( 1626): Finishing task with all activities already finished
12-14 03:27:18.386 W/ActivityManager( 1626): Duplicate finish request for ActivityRecord{1695f08 u0 com.evancharlton.mileage/.Mileage t62 f}
12-14 03:27:18.389 V/StatusBar( 1725): setLightsOn(true)
12-14 03:27:18.391 V/StatusBar( 1725): setLightsOn(true)
12-14 03:27:18.427 D/gralloc_ranchu( 1395): gralloc_alloc: Creating ashmem region of size 8298496
12-14 03:27:18.438 D/EGL_emulation( 1725): eglMakeCurrent: 0x957ad160: ver 3 0 (tinfo 0x957afc70)
12-14 03:27:18.442 D/gralloc_ranchu( 1395): gralloc_alloc: Creating ashmem region of size 8298496
12-14 03:27:18.470 D/SurfaceFlinger( 1411): duplicate layer name: changing com.google.android.apps.nexuslauncher/com.google.android.apps.nexuslauncher.NexusLauncherActivity to com.google.android.apps.nexuslauncher/com.google.android.apps.nexuslauncher.NexusLauncherActivity#1
12-14 03:27:18.471 D/gralloc_ranchu( 1395): gralloc_alloc: Creating ashmem region of size 8298496
12-14 03:27:18.520 I/chatty  ( 1395): uid=1000(system) allocator@2.0-s identical 2 lines
12-14 03:27:18.536 D/gralloc_ranchu( 1395): gralloc_alloc: Creating ashmem region of size 8298496
12-14 03:27:18.589 D/EGL_emulation( 2158): eglMakeCurrent: 0xa8f843c0: ver 3 0 (tinfo 0xa8f83350)
12-14 03:27:18.658 D/EGL_emulation( 2200): eglMakeCurrent: 0xa8f849c0: ver 3 0 (tinfo 0xa8f83660)
12-14 03:27:18.695 D/gralloc_ranchu( 1395): gralloc_alloc: Creating ashmem region of size 7753728
12-14 03:27:18.712 W/SessionLifecycleManager( 2200): Handover failed. Creating new session controller.
12-14 03:27:18.717 I/OptInState( 2200): There is a new client and it does not support opt-in. Dropping request.
12-14 03:27:18.719 D/EGL_emulation( 1725): eglMakeCurrent: 0x957ad160: ver 3 0 (tinfo 0x957afc70)
12-14 03:27:18.743 W/ActivityManager( 1626): Unable to start service Intent { act=com.google.android.gms.speech.service.START pkg=com.google.android.gms } U=0: not found
12-14 03:27:18.745 W/ActivityManager( 1626): Unbind failed: could not find connection for android.os.BinderProxy@23ddde3
12-14 03:27:18.746 E/GmsClient( 2200): unable to connect to service: com.google.android.gms.speech.service.START on com.google.android.gms
12-14 03:27:18.750 D/        ( 1725): HostConnection::get() New Host Connection established 0xa8fa0e80, tid 1762
12-14 03:27:18.776 I/MicroDetectionWorker( 2200): #updateMicroDetector [detectionMode: [mDetectionMode: [1]]]
12-14 03:27:18.777 I/MicroDetectionWorker( 2200): #startMicroDetector [speakerMode: 0]
12-14 03:27:18.777 I/AudioController( 2200): Using mInputStreamFactoryBuilder
12-14 03:27:18.779 D/EGL_emulation( 1725): eglMakeCurrent: 0x957ad160: ver 3 0 (tinfo 0x957afc70)
12-14 03:27:18.782 I/MicroDetectionWorker( 2200): onReady
12-14 03:27:18.786 D/EGL_emulation( 1725): eglMakeCurrent: 0x957ad160: ver 3 0 (tinfo 0x957afc70)
12-14 03:27:18.797 D/EGL_emulation( 1725): eglMakeCurrent: 0x957ad160: ver 3 0 (tinfo 0x957afc70)
12-14 03:27:18.802 I/MicroRecognitionRunner( 2200): Starting detection.
12-14 03:27:18.804 D/EGL_emulation( 1725): eglMakeCurrent: 0x957ad160: ver 3 0 (tinfo 0x957afc70)
12-14 03:27:18.808 I/MicrophoneInputStream( 2200): mic_starting com.google.android.apps.gsa.staticplugins.aa.c@e6b3ad3
12-14 03:27:18.817 D/EGL_emulation( 1725): eglMakeCurrent: 0x957ad160: ver 3 0 (tinfo 0x957afc70)
12-14 03:27:18.824 I/MicrophoneInputStream( 2200): mic_started com.google.android.apps.gsa.staticplugins.aa.c@e6b3ad3
12-14 03:27:18.830 E/ActivityThread( 2200): Failed to find provider info for com.google.android.apps.gsa.testing.ui.audio.recorded
12-14 03:27:18.831 D/EGL_emulation( 1725): eglMakeCurrent: 0x957ad160: ver 3 0 (tinfo 0x957afc70)
12-14 03:27:18.831 I/MicroDetectionWorker( 2200): onReady
12-14 03:27:18.834 D/EGL_emulation( 1725): eglMakeCurrent: 0x957ad160: ver 3 0 (tinfo 0x957afc70)
12-14 03:27:18.837 I/MicrophoneInputStream( 2200): mic_close com.google.android.apps.gsa.staticplugins.aa.c@e6b3ad3
12-14 03:27:18.839 I/AudioFlinger( 1475): AudioFlinger's thread 0xa4403ac0 tid=4195 ready to run
12-14 03:27:18.846 I/MicroRecognitionRunner( 2200): Detection finished
12-14 03:27:18.847 W/ErrorReporter( 2200): reportError [type: 211, code: 524300]: Error reading from input stream
12-14 03:27:18.848 D/EGL_emulation( 1725): eglMakeCurrent: 0x957ad160: ver 3 0 (tinfo 0x957afc70)
12-14 03:27:18.849 I/zygote  ( 2200): Do partial code cache collection, code=245KB, data=200KB
12-14 03:27:18.849 I/zygote  ( 2200): After code cache collection, code=245KB, data=200KB
12-14 03:27:18.849 I/zygote  ( 2200): Increasing code cache capacity to 1024KB
12-14 03:27:18.851 I/MicroRecognitionRunner( 2200): Stopping hotword detection.
12-14 03:27:18.852 D/EGL_emulation( 1725): eglMakeCurrent: 0x957ad160: ver 3 0 (tinfo 0x957afc70)
12-14 03:27:18.856 W/ErrorProcessor( 2200): onFatalError, processing error from engine(4)
12-14 03:27:18.856 W/ErrorProcessor( 2200): com.google.android.apps.gsa.shared.speech.b.g: Error reading from input stream
12-14 03:27:18.856 W/ErrorProcessor( 2200): 	at com.google.android.apps.gsa.staticplugins.recognizer.j.a.a(SourceFile:28)
12-14 03:27:18.856 W/ErrorProcessor( 2200): 	at com.google.android.apps.gsa.staticplugins.recognizer.j.b.run(SourceFile:15)
12-14 03:27:18.856 W/ErrorProcessor( 2200): 	at java.util.concurrent.Executors$RunnableAdapter.call(Executors.java:457)
12-14 03:27:18.856 W/ErrorProcessor( 2200): 	at java.util.concurrent.FutureTask.run(FutureTask.java:266)
12-14 03:27:18.856 W/ErrorProcessor( 2200): 	at com.google.android.apps.gsa.shared.util.concurrent.a.ax.run(SourceFile:14)
12-14 03:27:18.856 W/ErrorProcessor( 2200): 	at com.google.android.apps.gsa.shared.util.concurrent.a.bl.run(SourceFile:4)
12-14 03:27:18.856 W/ErrorProcessor( 2200): 	at com.google.android.apps.gsa.shared.util.concurrent.a.bl.run(SourceFile:4)
12-14 03:27:18.856 W/ErrorProcessor( 2200): 	at java.util.concurrent.ThreadPoolExecutor.runWorker(ThreadPoolExecutor.java:1162)
12-14 03:27:18.856 W/ErrorProcessor( 2200): 	at java.util.concurrent.ThreadPoolExecutor$Worker.run(ThreadPoolExecutor.java:636)
12-14 03:27:18.856 W/ErrorProcessor( 2200): 	at java.lang.Thread.run(Thread.java:764)
12-14 03:27:18.856 W/ErrorProcessor( 2200): 	at com.google.android.apps.gsa.shared.util.concurrent.a.ai.run(SourceFile:6)
12-14 03:27:18.856 W/ErrorProcessor( 2200): Caused by: com.google.android.apps.gsa.shared.exception.GsaIOException: Error code: 393238 | Buffer overflow, no available space.
12-14 03:27:18.856 W/ErrorProcessor( 2200): 	at com.google.android.apps.gsa.speech.audio.Tee.f(SourceFile:103)
12-14 03:27:18.856 W/ErrorProcessor( 2200): 	at com.google.android.apps.gsa.speech.audio.au.read(SourceFile:2)
12-14 03:27:18.856 W/ErrorProcessor( 2200): 	at java.io.InputStream.read(InputStream.java:101)
12-14 03:27:18.856 W/ErrorProcessor( 2200): 	at com.google.android.apps.gsa.speech.audio.ao.run(SourceFile:18)
12-14 03:27:18.856 W/ErrorProcessor( 2200): 	at com.google.android.apps.gsa.speech.audio.an.run(SourceFile:2)
12-14 03:27:18.856 W/ErrorProcessor( 2200): 	... 9 more
12-14 03:27:18.857 I/AudioController( 2200): internalShutdown
12-14 03:27:18.863 I/MicroDetector( 2200): Keeping mic open: false
12-14 03:27:18.863 I/MicroDetectionWorker( 2200): #onError(false)
12-14 03:27:18.863 D/EGL_emulation( 1725): eglMakeCurrent: 0x957ad160: ver 3 0 (tinfo 0x957afc70)
12-14 03:27:18.864 I/DeviceStateChecker( 2200): DeviceStateChecker cancelled
12-14 03:27:18.867 D/EGL_emulation( 1725): eglMakeCurrent: 0x957ad160: ver 3 0 (tinfo 0x957afc70)
12-14 03:27:18.868 I/zygote  ( 1725): NativeAllocBackground concurrent copying GC freed 1202(143KB) AllocSpace objects, 0(0B) LOS objects, 50% free, 4MB/9MB, paused 1.305ms total 109.626ms
12-14 03:27:18.870 D/EGL_emulation( 1725): eglMakeCurrent: 0x957ad160: ver 3 0 (tinfo 0x957afc70)
12-14 03:27:18.979 I/chatty  ( 1725): uid=10028(u0_a28) RenderThread identical 11 lines
12-14 03:27:18.982 D/EGL_emulation( 1725): eglMakeCurrent: 0x957ad160: ver 3 0 (tinfo 0x957afc70)
12-14 03:27:19.020 W/OpenGLRenderer( 2158): Incorrectly called buildLayer on View: ShortcutAndWidgetContainer, destroying layer...
12-14 03:27:19.078 D/AndroidRuntime( 4190): >>>>>> START com.android.internal.os.RuntimeInit uid 2000 <<<<<<
12-14 03:27:19.129 W/app_process( 4190): Unexpected CPU variant for X86 using defaults: x86
12-14 03:27:19.150 I/OpenGLRenderer( 1626): Initialized EGL, version 1.4
12-14 03:27:19.150 D/OpenGLRenderer( 1626): Swap behavior 1
12-14 03:27:19.150 W/OpenGLRenderer( 1626): Failed to choose config with EGL_SWAP_BEHAVIOR_PRESERVED, retrying without...
12-14 03:27:19.150 D/OpenGLRenderer( 1626): Swap behavior 0
12-14 03:27:19.158 D/AndroidRuntime( 4190): Calling main entry com.android.commands.am.Am
12-14 03:27:19.158 D/EGL_emulation( 1626): eglCreateContext: 0x91ad98a0: maj 3 min 0 rcv 3
12-14 03:27:19.160 I/ActivityManager( 1626): Force stopping com.evancharlton.mileage appid=10410 user=0: start instr
12-14 03:27:19.161 I/ActivityManager( 1626): Killing 4140:com.evancharlton.mileage/u0a410 (adj 0): stop com.evancharlton.mileage
12-14 03:27:19.161 D/EGL_emulation( 1626): eglMakeCurrent: 0x91ad98a0: ver 3 0 (tinfo 0x91a971a0)
12-14 03:27:19.164 W/ActivityManager( 1626): Crash of app com.evancharlton.mileage running instrumentation ComponentInfo{com.evancharlton.mileage.test/sh.calaba.instrumentationbackend.CalabashInstrumentationTestRunner}
12-14 03:27:19.164 I/ActivityManager( 1626): Force stopping com.evancharlton.mileage appid=10410 user=0: finished inst
12-14 03:27:19.166 E/eglCodecCommon( 1626): glUtilsParamSize: unknow param 0x00008cdf
12-14 03:27:19.166 E/eglCodecCommon( 1626): glUtilsParamSize: unknow param 0x00008cdf
12-14 03:27:19.167 E/eglCodecCommon( 1626): glUtilsParamSize: unknow param 0x00008824
12-14 03:27:19.167 E/eglCodecCommon( 1626): glUtilsParamSize: unknow param 0x00008824
12-14 03:27:19.174 I/ActivityManager( 1626): Start proc 4203:com.evancharlton.mileage/u0a410 for added application com.evancharlton.mileage
12-14 03:27:19.175 D/AndroidRuntime( 4190): Shutting down VM
12-14 03:27:19.180 I/zygote  ( 4203): Not late-enabling -Xcheck:jni (already on)
12-14 03:27:19.187 W/app_process( 4190): Thread attaching while runtime is shutting down: Binder:4190_1
12-14 03:27:19.187 I/AndroidRuntime( 4190): NOTE: attach of thread 'Binder:4190_1' failed
12-14 03:27:19.195 W/zygote  ( 4203): Unexpected CPU variant for X86 using defaults: x86
12-14 03:27:19.218 E/adbd    ( 1383): failed to connect to socket 'tcp:7102': Connection refused
12-14 03:27:19.225 E/adbd    ( 1383): failed to connect to socket 'tcp:7102': Connection refused
12-14 03:27:19.231 W/zygote  ( 4203): Found duplicate classes, falling back to extracting from APK : /data/app/com.evancharlton.mileage.test-RN7k4_oyUTrUJSV03PO4yQ==/base.apk
12-14 03:27:19.231 W/zygote  ( 4203): NOTE: This wastes RAM and hurts startup performance.
12-14 03:27:19.231 W/zygote  ( 4203): Found duplicated class when checking oat files: 'Ljunit/runner/BaseTestRunner;' in /data/app/com.evancharlton.mileage.test-RN7k4_oyUTrUJSV03PO4yQ==/base.apk and /system/framework/android.test.runner.jar
12-14 03:27:19.231 W/zygote  ( 4203): 
12-14 03:27:19.237 W/ActivityManager( 1626): setHasOverlayUi called on unknown pid: 4140
12-14 03:27:19.290 W/System  ( 4203): ClassLoader referenced unknown path: 
12-14 03:27:19.311 I/System.out( 4203): Main activity name automatically set to: com.evancharlton.mileage.Mileage
12-14 03:27:19.312 I/System.out( 4203): Calabash did not load Mono. This is only a problem if you are trying to test a Mono application
12-14 03:27:19.313 I/calabash( 4203): Test server port: 7102
12-14 03:27:19.315 I/InstrumentationBackend( 4203): Added:'GetPreferences', with key:'get_preferences'
12-14 03:27:19.338 E/adbd    ( 1383): failed to connect to socket 'tcp:7102': Connection refused
12-14 03:27:19.341 E/adbd    ( 1383): failed to connect to socket 'tcp:7102': Connection refused
12-14 03:27:19.390 I/InstrumentationBackend( 4203): Added:'SetPreferences', with key:'set_preferences'
12-14 03:27:19.390 I/InstrumentationBackend( 4203): Added:'ClearPreferences', with key:'clear_preferences'
12-14 03:27:19.391 I/InstrumentationBackend( 4203): Added:'PressElement', with key:'press_l10n_element'
12-14 03:27:19.391 I/InstrumentationBackend( 4203): Added:'WaitForElement', with key:'wait_for_l10n_element'
12-14 03:27:19.392 I/InstrumentationBackend( 4203): Added:'NullAction', with key:'nullAction'
12-14 03:27:19.393 I/InstrumentationBackend( 4203): Added:'PressKey', with key:'press_key'
12-14 03:27:19.393 I/InstrumentationBackend( 4203): Added:'SetActivityOrientation', with key:'set_activity_orientation'
12-14 03:27:19.393 I/InstrumentationBackend( 4203): Added:'GetActivityOrientation', with key:'get_activity_orientation'
12-14 03:27:19.394 I/InstrumentationBackend( 4203): Added:'FakeGPSLocation', with key:'set_gps_coordinates'
12-14 03:27:19.394 I/InstrumentationBackend( 4203): Added:'SetPropertyByCssSelector', with key:'set_property_by_css_selector'
12-14 03:27:19.395 I/InstrumentationBackend( 4203): Added:'GetUrl', with key:'get_url'
12-14 03:27:19.397 I/InstrumentationBackend( 4203): Added:'ScrollTo', with key:'scroll_to'
12-14 03:27:19.397 I/InstrumentationBackend( 4203): Added:'GetLoadProgress', with key:'get_load_progress'
12-14 03:27:19.398 I/InstrumentationBackend( 4203): Added:'DumpHtml', with key:'dump_html'
12-14 03:27:19.398 I/InstrumentationBackend( 4203): Added:'DumpBodyHtml', with key:'dump_body_html'
12-14 03:27:19.398 I/InstrumentationBackend( 4203): Added:'EnterTextByCssSelector', with key:'enter_text_by_selector'
12-14 03:27:19.403 I/InstrumentationBackend( 4203): Added:'AndroidSDKVersion', with key:'android_sdk_version'
12-14 03:27:19.404 I/InstrumentationBackend( 4203): Added:'Version', with key:'version'
12-14 03:27:19.404 I/InstrumentationBackend( 4203): Added:'Drag', with key:'drag'
12-14 03:27:19.405 I/InstrumentationBackend( 4203): Added:'TouchCoordinates', with key:'touch_coordinate'
12-14 03:27:19.405 I/InstrumentationBackend( 4203): Added:'LongPressCoordinate', with key:'long_press_coordinate'
12-14 03:27:19.406 I/InstrumentationBackend( 4203): Added:'DragCoordinates', with key:'drag_coordinates'
12-14 03:27:19.407 I/InstrumentationBackend( 4203): Added:'ResumeApplication', with key:'resume_application'
12-14 03:27:19.407 I/InstrumentationBackend( 4203): Added:'Swipe', with key:'swipe'
12-14 03:27:19.407 I/InstrumentationBackend( 4203): Added:'DoubleTapCoordinate', with key:'double_tap_coordinate'
12-14 03:27:19.408 I/InstrumentationBackend( 4203): Added:'ClickOnScreen', with key:'click_on_screen'
12-14 03:27:19.408 I/InstrumentationBackend( 4203): Added:'GetActivityName', with key:'get_activity_name'
12-14 03:27:19.409 I/InstrumentationBackend( 4203): Added:'ScrollToView', with key:'scroll_to_view'
12-14 03:27:19.412 I/InstrumentationBackend( 4203): Added:'ViewConfiguration', with key:'view_configuration'
12-14 03:27:19.413 I/InstrumentationBackend( 4203): Added:'IsCurrentActivityFocused', with key:'is_current_activity_focused'
12-14 03:27:19.413 I/InstrumentationBackend( 4203): Added:'SendTcp', with key:'send_tcp'
12-14 03:27:19.414 I/InstrumentationBackend( 4203): Added:'DpToDevicePixel', with key:'dp_to_device_pixel'
12-14 03:27:19.416 I/InstrumentationBackend( 4203): Added:'KeyboardEnterText', with key:'keyboard_enter_text'
12-14 03:27:19.417 I/InstrumentationBackend( 4203): Added:'DeleteSurroundingText', with key:'delete_surrounding_text'
12-14 03:27:19.417 I/InstrumentationBackend( 4203): Added:'SetComposingRegion', with key:'set_composing_region'
12-14 03:27:19.418 I/InstrumentationBackend( 4203): Added:'SetSelection', with key:'set_selection'
12-14 03:27:19.418 I/InstrumentationBackend( 4203): Added:'KeyboardKeyEvent', with key:'keyboard_key_event'
12-14 03:27:19.419 I/InstrumentationBackend( 4203): Added:'PressUserActionButton', with key:'press_user_action_button'
12-14 03:27:19.421 I/InstrumentationBackend( 4203): Added:'HideSoftKeyboard', with key:'hide_soft_keyboard'
12-14 03:27:19.423 I/InstrumentationBackend( 4203): Added:'ListActions', with key:'list_actions'
12-14 03:27:19.424 I/calabash( 4203): Instantiating http server at 7102
12-14 03:27:19.425 I/System.out( 4203): HTTP Daemon listening on: 7102
12-14 03:27:19.454 I/System.out( 4203): URI: //ping
12-14 03:27:19.454 I/System.out( 4203): params: {json={}
12-14 03:27:19.454 I/System.out( 4203): }
12-14 03:27:19.462 I/System.out( 4203): URI: //ping
12-14 03:27:19.462 I/System.out( 4203): params: {json={}
12-14 03:27:19.462 I/System.out( 4203): }
12-14 03:27:19.468 I/System.out( 4203): URI: //ready
12-14 03:27:19.468 I/System.out( 4203): params: {json={}
12-14 03:27:19.468 I/System.out( 4203): }
12-14 03:27:19.477 I/System.out( 4203): URI: //
12-14 03:27:19.477 I/System.out( 4203): params: {json={"command":"version","arguments":[]}
12-14 03:27:19.477 I/System.out( 4203): }
12-14 03:27:19.477 I/System.out( 4203): header: {content-type=application/json;charset=utf-8, date=Mon, 14 Dec 2020 08:27:19 GMT, accept=*/*, host=127.0.0.1:34777, content-length=36, user-agent=HTTPClient/1.0 (2.8.3, ruby 2.5.8 (2020-03-31))}
12-14 03:27:19.477 I/System.out( 4203): params: {json={"command":"version","arguments":[]}
12-14 03:27:19.477 I/System.out( 4203): }
12-14 03:27:19.477 I/System.out( 4203): ProP json = {"command":"version","arguments":[]}
12-14 03:27:19.477 I/System.out( 4203): files: {}
12-14 03:27:19.477 I/System.out( 4203): command: {"command":"version","arguments":[]}
12-14 03:27:19.507 I/InstrumentationBackend( 4203): Got command:'Command:'Line:null,version', arguments:'[]'
12-14 03:27:19.545 I/System.out( 4203): result:{"bonusInformation":[],"message":"0.9.8","success":true}
12-14 03:27:19.552 I/System.out( 4203): URI: //start-application
12-14 03:27:19.552 I/System.out( 4203): params: {json={"intent":null}
12-14 03:27:19.552 I/System.out( 4203): }
12-14 03:27:19.591 I/ActivityManager( 1626): START u0 {act=android.intent.action.MAIN cat=[android.intent.category.LAUNCHER] flg=0x10200000 cmp=com.evancharlton.mileage/.Mileage} from uid 10410
12-14 03:27:19.602 E/memtrack( 1626): Couldn't load memtrack module
12-14 03:27:19.602 W/android.os.Debug( 1626): failed to get memory consumption info: -1
12-14 03:27:19.604 I/calabash( 4203): newActivity1
12-14 03:27:19.620 D/gralloc_ranchu( 1395): gralloc_alloc: Creating ashmem region of size 7753728
12-14 03:27:19.637 W/ActivityManager( 1626): Bad activity token: android.os.BinderProxy@4a7a3c2
12-14 03:27:19.637 W/ActivityManager( 1626): java.lang.ClassCastException: android.os.BinderProxy cannot be cast to com.android.server.am.ActivityRecord$Token
12-14 03:27:19.637 W/ActivityManager( 1626): 	at com.android.server.am.ActivityRecord.forTokenLocked(ActivityRecord.java:778)
12-14 03:27:19.637 W/ActivityManager( 1626): 	at com.android.server.am.ActivityRecord.isInStackLocked(ActivityRecord.java:2085)
12-14 03:27:19.637 W/ActivityManager( 1626): 	at com.android.server.am.ActivityRecord.getStackLocked(ActivityRecord.java:2090)
12-14 03:27:19.637 W/ActivityManager( 1626): 	at com.android.server.am.ActivityManagerService.getActivityDisplayId(ActivityManagerService.java:10406)
12-14 03:27:19.637 W/ActivityManager( 1626): 	at android.app.IActivityManager$Stub.onTransact(IActivityManager.java:2738)
12-14 03:27:19.637 W/ActivityManager( 1626): 	at com.android.server.am.ActivityManagerService.onTransact(ActivityManagerService.java:2935)
12-14 03:27:19.637 W/ActivityManager( 1626): 	at android.os.Binder.execTransact(Binder.java:674)
12-14 03:27:19.638 I/calabash( 4203): newActivity1
12-14 03:27:19.647 W/ActivityManager( 1626): Bad activity token: android.os.BinderProxy@4a7a3c2
12-14 03:27:19.647 W/ActivityManager( 1626): java.lang.ClassCastException: android.os.BinderProxy cannot be cast to com.android.server.am.ActivityRecord$Token
12-14 03:27:19.647 W/ActivityManager( 1626): 	at com.android.server.am.ActivityRecord.forTokenLocked(ActivityRecord.java:778)
12-14 03:27:19.647 W/ActivityManager( 1626): 	at com.android.server.am.ActivityRecord.isInStackLocked(ActivityRecord.java:2085)
12-14 03:27:19.647 W/ActivityManager( 1626): 	at com.android.server.am.ActivityManagerService.setTaskDescription(ActivityManagerService.java:9988)
12-14 03:27:19.647 W/ActivityManager( 1626): 	at android.app.IActivityManager$Stub.onTransact(IActivityManager.java:2824)
12-14 03:27:19.647 W/ActivityManager( 1626): 	at com.android.server.am.ActivityManagerService.onTransact(ActivityManagerService.java:2935)
12-14 03:27:19.647 W/ActivityManager( 1626): 	at android.os.Binder.execTransact(Binder.java:674)
12-14 03:27:19.649 W/ActivityManager( 1626): Bad activity token: android.os.BinderProxy@4a7a3c2
12-14 03:27:19.649 W/ActivityManager( 1626): java.lang.ClassCastException: android.os.BinderProxy cannot be cast to com.android.server.am.ActivityRecord$Token
12-14 03:27:19.649 W/ActivityManager( 1626): 	at com.android.server.am.ActivityRecord.forTokenLocked(ActivityRecord.java:778)
12-14 03:27:19.649 W/ActivityManager( 1626): 	at com.android.server.am.ActivityRecord.isInStackLocked(ActivityRecord.java:2085)
12-14 03:27:19.649 W/ActivityManager( 1626): 	at com.android.server.am.ActivityRecord.getStackLocked(ActivityRecord.java:2090)
12-14 03:27:19.649 W/ActivityManager( 1626): 	at com.android.server.am.ActivityManagerService.getActivityStackId(ActivityManagerService.java:10417)
12-14 03:27:19.649 W/ActivityManager( 1626): 	at android.app.IActivityManager$Stub.onTransact(IActivityManager.java:3548)
12-14 03:27:19.649 W/ActivityManager( 1626): 	at com.android.server.am.ActivityManagerService.onTransact(ActivityManagerService.java:2935)
12-14 03:27:19.649 W/ActivityManager( 1626): 	at android.os.Binder.execTransact(Binder.java:674)
12-14 03:27:19.670 D/EGL_emulation( 2200): eglMakeCurrent: 0xa8f849c0: ver 3 0 (tinfo 0xa8f83660)
12-14 03:27:19.679 D/EGL_emulation( 2158): eglMakeCurrent: 0xa8f843c0: ver 3 0 (tinfo 0xa8f83350)
12-14 03:27:19.692 D/EGL_emulation( 1725): eglMakeCurrent: 0x957ad160: ver 3 0 (tinfo 0x957afc70)
12-14 03:27:19.718 E/ContentStoreEUAS( 2200): Failed to commit the deferred actions
12-14 03:27:19.720 D/EGL_emulation( 1725): eglMakeCurrent: 0x957ad160: ver 3 0 (tinfo 0x957afc70)
12-14 03:27:19.724 D/EGL_emulation( 1725): eglMakeCurrent: 0x957ad160: ver 3 0 (tinfo 0x957afc70)
12-14 03:27:19.725 V/StatusBar( 1725): setLightsOn(true)
12-14 03:27:19.739 D/EGL_emulation( 1725): eglMakeCurrent: 0x957ad160: ver 3 0 (tinfo 0x957afc70)
12-14 03:27:19.759 W/ActivityManager( 1626): Bad activity token: android.os.BinderProxy@4a7a3c2
12-14 03:27:19.759 W/ActivityManager( 1626): java.lang.ClassCastException: android.os.BinderProxy cannot be cast to com.android.server.am.ActivityRecord$Token
12-14 03:27:19.759 W/ActivityManager( 1626): 	at com.android.server.am.ActivityRecord.forTokenLocked(ActivityRecord.java:778)
12-14 03:27:19.759 W/ActivityManager( 1626): 	at com.android.server.am.ActivityRecord.isInStackLocked(ActivityRecord.java:2085)
12-14 03:27:19.759 W/ActivityManager( 1626): 	at com.android.server.am.ActivityManagerService.getActivityOptions(ActivityManagerService.java:13302)
12-14 03:27:19.759 W/ActivityManager( 1626): 	at android.app.IActivityManager$Stub.onTransact(IActivityManager.java:2910)
12-14 03:27:19.759 W/ActivityManager( 1626): 	at com.android.server.am.ActivityManagerService.onTransact(ActivityManagerService.java:2935)
12-14 03:27:19.759 W/ActivityManager( 1626): 	at android.os.Binder.execTransact(Binder.java:674)
12-14 03:27:19.760 W/ActivityManager( 1626): Bad activity token: android.os.BinderProxy@4a7a3c2
12-14 03:27:19.760 W/ActivityManager( 1626): java.lang.ClassCastException: android.os.BinderProxy cannot be cast to com.android.server.am.ActivityRecord$Token
12-14 03:27:19.760 W/ActivityManager( 1626): 	at com.android.server.am.ActivityRecord.forTokenLocked(ActivityRecord.java:778)
12-14 03:27:19.760 W/ActivityManager( 1626): 	at com.android.server.am.ActivityRecord.isInStackLocked(ActivityRecord.java:2085)
12-14 03:27:19.760 W/ActivityManager( 1626): 	at com.android.server.am.ActivityManagerService.getActivityOptions(ActivityManagerService.java:13302)
12-14 03:27:19.760 W/ActivityManager( 1626): 	at android.app.IActivityManager$Stub.onTransact(IActivityManager.java:2910)
12-14 03:27:19.760 W/ActivityManager( 1626): 	at com.android.server.am.ActivityManagerService.onTransact(ActivityManagerService.java:2935)
12-14 03:27:19.760 W/ActivityManager( 1626): 	at android.os.Binder.execTransact(Binder.java:674)
12-14 03:27:19.864 I/chatty  ( 1725): uid=10028(u0_a28) RenderThread identical 14 lines
12-14 03:27:19.867 D/EGL_emulation( 1725): eglMakeCurrent: 0x957ad160: ver 3 0 (tinfo 0x957afc70)
12-14 03:27:19.871 V/StatusBar( 1725): setLightsOn(true)
12-14 03:27:19.879 D/EGL_emulation( 1725): eglMakeCurrent: 0x957ad160: ver 3 0 (tinfo 0x957afc70)
12-14 03:27:19.889 D/EGL_emulation( 1725): eglMakeCurrent: 0x957ad160: ver 3 0 (tinfo 0x957afc70)
12-14 03:27:19.895 I/zygote  ( 4203): Do partial code cache collection, code=27KB, data=29KB
12-14 03:27:19.896 I/zygote  ( 4203): After code cache collection, code=27KB, data=29KB
12-14 03:27:19.896 I/zygote  ( 4203): Increasing code cache capacity to 128KB
12-14 03:27:19.897 I/zygote  ( 4203): Do partial code cache collection, code=27KB, data=47KB
12-14 03:27:19.897 I/zygote  ( 4203): After code cache collection, code=27KB, data=47KB
12-14 03:27:19.897 I/zygote  ( 4203): Increasing code cache capacity to 256KB
12-14 03:27:19.897 I/zygote  ( 4203): JIT allocated 71KB for compiled code of void android.widget.TextView.<init>(android.content.Context, android.util.AttributeSet, int, int)
12-14 03:27:19.898 I/zygote  ( 4203): Compiler allocated 4MB to compile void android.widget.TextView.<init>(android.content.Context, android.util.AttributeSet, int, int)
12-14 03:27:19.902 D/EGL_emulation( 1725): eglMakeCurrent: 0x957ad160: ver 3 0 (tinfo 0x957afc70)
12-14 03:27:19.935 V/StatusBar( 1725): setLightsOn(true)
12-14 03:27:19.946 V/StatusBar( 1725): setLightsOn(true)
12-14 03:27:19.985 D/gralloc_ranchu( 1395): gralloc_alloc: Creating ashmem region of size 7753728
12-14 03:27:20.009 D/        ( 4203): HostConnection::get() New Host Connection established 0xa662fd40, tid 4203
12-14 03:27:20.068 V/StatusBar( 1725): setLightsOn(true)
12-14 03:27:20.075 V/StatusBar( 1725): setLightsOn(true)
12-14 03:27:20.077 I/ActivityManager( 1626): Displayed com.evancharlton.mileage/.Mileage: +471ms
12-14 03:27:20.081 V/StatusBar( 1725): setLightsOn(true)
12-14 03:27:20.108 V/StatusBar( 1725): setLightsOn(true)
12-14 03:27:20.110 D/gralloc_ranchu( 1395): gralloc_alloc: Creating ashmem region of size 7753728
12-14 03:27:20.247 I/zygote  ( 4203): Do full code cache collection, code=125KB, data=71KB
12-14 03:27:20.247 I/zygote  ( 4203): After code cache collection, code=108KB, data=44KB
12-14 03:27:20.258 V/StatusBar( 1725): setLightsOn(true)
