--------- beginning of main
12-14 01:42:33.261 E/adbd    ( 1383): failed to connect to socket 'tcp:7102': Connection refused
12-14 01:42:33.304 I/PBSessionCacheImpl( 2190): Deleted sessionId[7300343815372] from persistence.
12-14 01:42:33.320 W/SearchService( 2190): Abort, client detached.
12-14 01:42:33.338 I/zygote  ( 2190): Do partial code cache collection, code=239KB, data=183KB
12-14 01:42:33.338 I/zygote  ( 2190): After code cache collection, code=239KB, data=183KB
12-14 01:42:33.338 I/zygote  ( 2190): Increasing code cache capacity to 1024KB
12-14 01:42:33.358 V/StatusBar( 1733): setLightsOn(true)
--------- beginning of system
12-14 01:42:33.364 W/ActivityManager( 1628): Finishing task with all activities already finished
12-14 01:42:33.364 W/ActivityManager( 1628): Duplicate finish request for ActivityRecord{f1c045d u0 com.evancharlton.mileage/.Mileage t846 f}
12-14 01:42:33.366 W/ActivityManager( 1628): Finishing task with all activities already finished
12-14 01:42:33.366 W/ActivityManager( 1628): Duplicate finish request for ActivityRecord{f1c045d u0 com.evancharlton.mileage/.Mileage t846 f}
12-14 01:42:33.366 W/ActivityManager( 1628): Finishing task with all activities already finished
12-14 01:42:33.367 W/ActivityManager( 1628): Duplicate finish request for ActivityRecord{f1c045d u0 com.evancharlton.mileage/.Mileage t846 f}
12-14 01:42:33.367 I/chatty  ( 1733): uid=10028(u0_a28) com.android.systemui identical 2 lines
12-14 01:42:33.380 V/StatusBar( 1733): setLightsOn(true)
12-14 01:42:33.383 D/gralloc_ranchu( 1396): gralloc_alloc: Creating ashmem region of size 8298496
12-14 01:42:33.385 V/StatusBar( 1733): setLightsOn(true)
12-14 01:42:33.405 D/gralloc_ranchu( 1396): gralloc_alloc: Creating ashmem region of size 8298496
12-14 01:42:33.417 D/gralloc_ranchu( 1396): gralloc_alloc: Creating ashmem region of size 8298496
12-14 01:42:33.443 D/SurfaceFlinger( 1416): duplicate layer name: changing com.google.android.apps.nexuslauncher/com.google.android.apps.nexuslauncher.NexusLauncherActivity to com.google.android.apps.nexuslauncher/com.google.android.apps.nexuslauncher.NexusLauncherActivity#1
12-14 01:42:33.461 D/gralloc_ranchu( 1396): gralloc_alloc: Creating ashmem region of size 8298496
12-14 01:42:33.468 D/EGL_emulation( 2190): eglMakeCurrent: 0x9f87e0a0: ver 3 0 (tinfo 0x9f87f8e0)
12-14 01:42:33.477 D/EGL_emulation( 1733): eglMakeCurrent: 0x8e3d43a0: ver 3 0 (tinfo 0x8e3b4c20)
12-14 01:42:33.482 D/gralloc_ranchu( 1396): gralloc_alloc: Creating ashmem region of size 8298496
12-14 01:42:33.494 D/gralloc_ranchu( 1396): gralloc_alloc: Creating ashmem region of size 8298496
12-14 01:42:33.525 I/zygote  ( 2190): Deoptimizing void com.google.android.apps.gsa.search.core.service.worker.a.a.a(com.google.android.apps.gsa.search.core.state.qc) due to JIT inline cache
12-14 01:42:33.549 D/EGL_emulation( 2167): eglMakeCurrent: 0xa1c846c0: ver 3 0 (tinfo 0xa1c83810)
12-14 01:42:33.567 W/ActivityManager( 1628): Unable to start service Intent { act=com.google.android.gms.speech.service.START pkg=com.google.android.gms } U=0: not found
12-14 01:42:33.567 W/SessionLifecycleManager( 2190): Handover failed. Creating new session controller.
12-14 01:42:33.570 I/OptInState( 2190): There is a new client and it does not support opt-in. Dropping request.
12-14 01:42:33.579 W/ActivityManager( 1628): Unbind failed: could not find connection for android.os.BinderProxy@a6e5a63
12-14 01:42:33.581 D/gralloc_ranchu( 1396): gralloc_alloc: Creating ashmem region of size 7753728
12-14 01:42:33.581 E/GmsClient( 2190): unable to connect to service: com.google.android.gms.speech.service.START on com.google.android.gms
12-14 01:42:33.617 I/MicroDetectionWorker( 2190): #updateMicroDetector [detectionMode: [mDetectionMode: [1]]]
12-14 01:42:33.617 I/MicroDetectionWorker( 2190): #startMicroDetector [speakerMode: 0]
12-14 01:42:33.617 I/AudioController( 2190): Using mInputStreamFactoryBuilder
12-14 01:42:33.620 I/MicroDetectionWorker( 2190): onReady
12-14 01:42:33.624 D/EGL_emulation( 1733): eglMakeCurrent: 0x8e3d43a0: ver 3 0 (tinfo 0x8e3b4c20)
12-14 01:42:33.634 D/        ( 1733): HostConnection::get() New Host Connection established 0x88ffe000, tid 1991
12-14 01:42:33.652 D/EGL_emulation( 1733): eglMakeCurrent: 0x8e3d43a0: ver 3 0 (tinfo 0x8e3b4c20)
12-14 01:42:33.653 I/MicroRecognitionRunner( 2190): Starting detection.
12-14 01:42:33.660 D/EGL_emulation( 1733): eglMakeCurrent: 0x8e3d43a0: ver 3 0 (tinfo 0x8e3b4c20)
12-14 01:42:33.668 D/EGL_emulation( 1733): eglMakeCurrent: 0x8e3d43a0: ver 3 0 (tinfo 0x8e3b4c20)
12-14 01:42:33.673 I/MicrophoneInputStream( 2190): mic_starting com.google.android.apps.gsa.staticplugins.aa.c@dddd230
12-14 01:42:33.677 I/AudioFlinger( 1475): AudioFlinger's thread 0xafc83a80 tid=4233 ready to run
12-14 01:42:33.684 D/EGL_emulation( 1733): eglMakeCurrent: 0x8e3d43a0: ver 3 0 (tinfo 0x8e3b4c20)
12-14 01:42:33.688 I/MicrophoneInputStream( 2190): mic_started com.google.android.apps.gsa.staticplugins.aa.c@dddd230
12-14 01:42:33.694 E/ActivityThread( 2190): Failed to find provider info for com.google.android.apps.gsa.testing.ui.audio.recorded
12-14 01:42:33.694 I/MicroDetectionWorker( 2190): onReady
12-14 01:42:33.697 W/SpeechLevelGenerator( 2190): Really low audio levels detected. The audio input may have issues.
12-14 01:42:33.698 I/MicrophoneInputStream( 2190): mic_close com.google.android.apps.gsa.staticplugins.aa.c@dddd230
12-14 01:42:33.701 I/MicroRecognitionRunner( 2190): Detection finished
12-14 01:42:33.701 W/ErrorReporter( 2190): reportError [type: 211, code: 524300]: Error reading from input stream
12-14 01:42:33.701 I/MicroRecognitionRunner( 2190): Stopping hotword detection.
12-14 01:42:33.701 W/ErrorProcessor( 2190): onFatalError, processing error from engine(4)
12-14 01:42:33.701 W/ErrorProcessor( 2190): com.google.android.apps.gsa.shared.speech.b.g: Error reading from input stream
12-14 01:42:33.701 W/ErrorProcessor( 2190): 	at com.google.android.apps.gsa.staticplugins.recognizer.j.a.a(SourceFile:28)
12-14 01:42:33.701 W/ErrorProcessor( 2190): 	at com.google.android.apps.gsa.staticplugins.recognizer.j.b.run(SourceFile:15)
12-14 01:42:33.701 W/ErrorProcessor( 2190): 	at java.util.concurrent.Executors$RunnableAdapter.call(Executors.java:457)
12-14 01:42:33.701 W/ErrorProcessor( 2190): 	at java.util.concurrent.FutureTask.run(FutureTask.java:266)
12-14 01:42:33.701 W/ErrorProcessor( 2190): 	at com.google.android.apps.gsa.shared.util.concurrent.a.ax.run(SourceFile:14)
12-14 01:42:33.701 W/ErrorProcessor( 2190): 	at com.google.android.apps.gsa.shared.util.concurrent.a.bl.run(SourceFile:4)
12-14 01:42:33.701 W/ErrorProcessor( 2190): 	at com.google.android.apps.gsa.shared.util.concurrent.a.bl.run(SourceFile:4)
12-14 01:42:33.701 W/ErrorProcessor( 2190): 	at java.util.concurrent.ThreadPoolExecutor.runWorker(ThreadPoolExecutor.java:1162)
12-14 01:42:33.701 W/ErrorProcessor( 2190): 	at java.util.concurrent.ThreadPoolExecutor$Worker.run(ThreadPoolExecutor.java:636)
12-14 01:42:33.701 W/ErrorProcessor( 2190): 	at java.lang.Thread.run(Thread.java:764)
12-14 01:42:33.701 W/ErrorProcessor( 2190): 	at com.google.android.apps.gsa.shared.util.concurrent.a.ai.run(SourceFile:6)
12-14 01:42:33.701 W/ErrorProcessor( 2190): Caused by: com.google.android.apps.gsa.shared.exception.GsaIOException: Error code: 393238 | Buffer overflow, no available space.
12-14 01:42:33.701 W/ErrorProcessor( 2190): 	at com.google.android.apps.gsa.speech.audio.Tee.f(SourceFile:103)
12-14 01:42:33.701 W/ErrorProcessor( 2190): 	at com.google.android.apps.gsa.speech.audio.au.read(SourceFile:2)
12-14 01:42:33.701 W/ErrorProcessor( 2190): 	at java.io.InputStream.read(InputStream.java:101)
12-14 01:42:33.701 W/ErrorProcessor( 2190): 	at com.google.android.apps.gsa.speech.audio.ao.run(SourceFile:18)
12-14 01:42:33.701 W/ErrorProcessor( 2190): 	at com.google.android.apps.gsa.speech.audio.an.run(SourceFile:2)
12-14 01:42:33.701 W/ErrorProcessor( 2190): 	... 9 more
12-14 01:42:33.701 I/AudioController( 2190): internalShutdown
12-14 01:42:33.717 D/EGL_emulation( 1733): eglMakeCurrent: 0x8e3d43a0: ver 3 0 (tinfo 0x8e3b4c20)
12-14 01:42:33.723 D/EGL_emulation( 1733): eglMakeCurrent: 0x8e3d43a0: ver 3 0 (tinfo 0x8e3b4c20)
12-14 01:42:33.725 I/MicroDetector( 2190): Keeping mic open: false
12-14 01:42:33.725 I/MicroDetectionWorker( 2190): #onError(false)
12-14 01:42:33.726 I/DeviceStateChecker( 2190): DeviceStateChecker cancelled
12-14 01:42:33.733 D/EGL_emulation( 1733): eglMakeCurrent: 0x8e3d43a0: ver 3 0 (tinfo 0x8e3b4c20)
12-14 01:42:33.833 I/chatty  ( 1733): uid=10028(u0_a28) RenderThread identical 12 lines
12-14 01:42:33.850 D/EGL_emulation( 1733): eglMakeCurrent: 0x8e3d43a0: ver 3 0 (tinfo 0x8e3b4c20)
12-14 01:42:33.990 D/AndroidRuntime( 4228): >>>>>> START com.android.internal.os.RuntimeInit uid 2000 <<<<<<
12-14 01:42:34.039 W/OpenGLRenderer( 2167): Incorrectly called buildLayer on View: ShortcutAndWidgetContainer, destroying layer...
12-14 01:42:34.076 I/OpenGLRenderer( 1628): Initialized EGL, version 1.4
12-14 01:42:34.076 D/OpenGLRenderer( 1628): Swap behavior 1
12-14 01:42:34.077 W/OpenGLRenderer( 1628): Failed to choose config with EGL_SWAP_BEHAVIOR_PRESERVED, retrying without...
12-14 01:42:34.077 D/OpenGLRenderer( 1628): Swap behavior 0
12-14 01:42:34.082 D/EGL_emulation( 1628): eglCreateContext: 0xa1c854a0: maj 3 min 0 rcv 3
12-14 01:42:34.084 D/EGL_emulation( 1628): eglMakeCurrent: 0xa1c854a0: ver 3 0 (tinfo 0x8c74f230)
12-14 01:42:34.085 E/eglCodecCommon( 1628): glUtilsParamSize: unknow param 0x00008cdf
12-14 01:42:34.085 E/eglCodecCommon( 1628): glUtilsParamSize: unknow param 0x00008cdf
12-14 01:42:34.086 E/eglCodecCommon( 1628): glUtilsParamSize: unknow param 0x00008824
12-14 01:42:34.086 E/eglCodecCommon( 1628): glUtilsParamSize: unknow param 0x00008824
12-14 01:42:34.103 W/app_process( 4228): Unexpected CPU variant for X86 using defaults: x86
12-14 01:42:34.133 D/AndroidRuntime( 4228): Calling main entry com.android.commands.am.Am
12-14 01:42:34.139 I/ActivityManager( 1628): Force stopping com.evancharlton.mileage appid=10302 user=0: start instr
12-14 01:42:34.140 I/ActivityManager( 1628): Killing 4180:com.evancharlton.mileage/u0a302 (adj 0): stop com.evancharlton.mileage
12-14 01:42:34.140 W/ActivityManager( 1628): Crash of app com.evancharlton.mileage running instrumentation ComponentInfo{com.evancharlton.mileage.test/sh.calaba.instrumentationbackend.CalabashInstrumentationTestRunner}
12-14 01:42:34.140 I/ActivityManager( 1628): Force stopping com.evancharlton.mileage appid=10302 user=0: finished inst
12-14 01:42:34.153 I/zygote  ( 4242): Not late-enabling -Xcheck:jni (already on)
12-14 01:42:34.161 I/ActivityManager( 1628): Start proc 4242:com.evancharlton.mileage/u0a302 for added application com.evancharlton.mileage
12-14 01:42:34.162 D/AndroidRuntime( 4228): Shutting down VM
12-14 01:42:34.162 E/memtrack( 1628): Couldn't load memtrack module
12-14 01:42:34.162 W/android.os.Debug( 1628): failed to get memory consumption info: -1
12-14 01:42:34.174 W/zygote  ( 4242): Unexpected CPU variant for X86 using defaults: x86
12-14 01:42:34.225 W/ActivityManager( 1628): setHasOverlayUi called on unknown pid: 4180
12-14 01:42:34.236 E/adbd    ( 1383): failed to connect to socket 'tcp:7102': Connection refused
12-14 01:42:34.240 E/adbd    ( 1383): failed to connect to socket 'tcp:7102': Connection refused
12-14 01:42:34.244 W/zygote  ( 4242): Found duplicate classes, falling back to extracting from APK : /data/app/com.evancharlton.mileage.test-BkttnLyzvacEYHr30wg6-A==/base.apk
12-14 01:42:34.244 W/zygote  ( 4242): NOTE: This wastes RAM and hurts startup performance.
12-14 01:42:34.244 W/zygote  ( 4242): Found duplicated class when checking oat files: 'Ljunit/runner/BaseTestRunner;' in /data/app/com.evancharlton.mileage.test-BkttnLyzvacEYHr30wg6-A==/base.apk and /system/framework/android.test.runner.jar
12-14 01:42:34.244 W/zygote  ( 4242): 
12-14 01:42:34.274 W/System  ( 4242): ClassLoader referenced unknown path: 
12-14 01:42:34.287 I/System.out( 4242): Main activity name automatically set to: com.evancharlton.mileage.Mileage
12-14 01:42:34.288 I/System.out( 4242): Calabash did not load Mono. This is only a problem if you are trying to test a Mono application
12-14 01:42:34.288 I/calabash( 4242): Test server port: 7102
12-14 01:42:34.290 I/InstrumentationBackend( 4242): Added:'GetPreferences', with key:'get_preferences'
12-14 01:42:34.351 E/adbd    ( 1383): failed to connect to socket 'tcp:7102': Connection refused
12-14 01:42:34.355 E/adbd    ( 1383): failed to connect to socket 'tcp:7102': Connection refused
12-14 01:42:34.361 I/InstrumentationBackend( 4242): Added:'SetPreferences', with key:'set_preferences'
12-14 01:42:34.361 I/InstrumentationBackend( 4242): Added:'ClearPreferences', with key:'clear_preferences'
12-14 01:42:34.362 I/InstrumentationBackend( 4242): Added:'PressElement', with key:'press_l10n_element'
12-14 01:42:34.362 I/InstrumentationBackend( 4242): Added:'WaitForElement', with key:'wait_for_l10n_element'
12-14 01:42:34.363 I/InstrumentationBackend( 4242): Added:'NullAction', with key:'nullAction'
12-14 01:42:34.364 I/InstrumentationBackend( 4242): Added:'PressKey', with key:'press_key'
12-14 01:42:34.365 I/InstrumentationBackend( 4242): Added:'SetActivityOrientation', with key:'set_activity_orientation'
12-14 01:42:34.365 I/InstrumentationBackend( 4242): Added:'GetActivityOrientation', with key:'get_activity_orientation'
12-14 01:42:34.366 I/InstrumentationBackend( 4242): Added:'FakeGPSLocation', with key:'set_gps_coordinates'
12-14 01:42:34.366 I/InstrumentationBackend( 4242): Added:'SetPropertyByCssSelector', with key:'set_property_by_css_selector'
12-14 01:42:34.368 I/InstrumentationBackend( 4242): Added:'GetUrl', with key:'get_url'
12-14 01:42:34.372 I/InstrumentationBackend( 4242): Added:'ScrollTo', with key:'scroll_to'
12-14 01:42:34.373 I/InstrumentationBackend( 4242): Added:'GetLoadProgress', with key:'get_load_progress'
12-14 01:42:34.373 I/InstrumentationBackend( 4242): Added:'DumpHtml', with key:'dump_html'
12-14 01:42:34.374 I/InstrumentationBackend( 4242): Added:'DumpBodyHtml', with key:'dump_body_html'
12-14 01:42:34.374 I/InstrumentationBackend( 4242): Added:'EnterTextByCssSelector', with key:'enter_text_by_selector'
12-14 01:42:34.379 I/InstrumentationBackend( 4242): Added:'AndroidSDKVersion', with key:'android_sdk_version'
12-14 01:42:34.379 I/InstrumentationBackend( 4242): Added:'Version', with key:'version'
12-14 01:42:34.380 I/InstrumentationBackend( 4242): Added:'Drag', with key:'drag'
12-14 01:42:34.380 I/InstrumentationBackend( 4242): Added:'TouchCoordinates', with key:'touch_coordinate'
12-14 01:42:34.381 I/InstrumentationBackend( 4242): Added:'LongPressCoordinate', with key:'long_press_coordinate'
12-14 01:42:34.381 I/InstrumentationBackend( 4242): Added:'DragCoordinates', with key:'drag_coordinates'
12-14 01:42:34.382 I/InstrumentationBackend( 4242): Added:'ResumeApplication', with key:'resume_application'
12-14 01:42:34.382 I/InstrumentationBackend( 4242): Added:'Swipe', with key:'swipe'
12-14 01:42:34.383 I/InstrumentationBackend( 4242): Added:'DoubleTapCoordinate', with key:'double_tap_coordinate'
12-14 01:42:34.383 I/InstrumentationBackend( 4242): Added:'ClickOnScreen', with key:'click_on_screen'
12-14 01:42:34.384 I/InstrumentationBackend( 4242): Added:'GetActivityName', with key:'get_activity_name'
12-14 01:42:34.385 I/InstrumentationBackend( 4242): Added:'ScrollToView', with key:'scroll_to_view'
12-14 01:42:34.386 I/InstrumentationBackend( 4242): Added:'ViewConfiguration', with key:'view_configuration'
12-14 01:42:34.386 I/InstrumentationBackend( 4242): Added:'IsCurrentActivityFocused', with key:'is_current_activity_focused'
12-14 01:42:34.386 I/InstrumentationBackend( 4242): Added:'SendTcp', with key:'send_tcp'
12-14 01:42:34.387 I/InstrumentationBackend( 4242): Added:'DpToDevicePixel', with key:'dp_to_device_pixel'
12-14 01:42:34.389 I/InstrumentationBackend( 4242): Added:'KeyboardEnterText', with key:'keyboard_enter_text'
12-14 01:42:34.389 I/InstrumentationBackend( 4242): Added:'DeleteSurroundingText', with key:'delete_surrounding_text'
12-14 01:42:34.390 I/InstrumentationBackend( 4242): Added:'SetComposingRegion', with key:'set_composing_region'
12-14 01:42:34.391 I/InstrumentationBackend( 4242): Added:'SetSelection', with key:'set_selection'
12-14 01:42:34.391 I/InstrumentationBackend( 4242): Added:'KeyboardKeyEvent', with key:'keyboard_key_event'
12-14 01:42:34.393 I/InstrumentationBackend( 4242): Added:'PressUserActionButton', with key:'press_user_action_button'
12-14 01:42:34.395 I/InstrumentationBackend( 4242): Added:'HideSoftKeyboard', with key:'hide_soft_keyboard'
12-14 01:42:34.397 I/InstrumentationBackend( 4242): Added:'ListActions', with key:'list_actions'
12-14 01:42:34.397 I/calabash( 4242): Instantiating http server at 7102
12-14 01:42:34.397 I/System.out( 4242): HTTP Daemon listening on: 7102
12-14 01:42:34.481 I/System.out( 4242): URI: //ping
12-14 01:42:34.482 I/System.out( 4242): params: {json={}
12-14 01:42:34.482 I/System.out( 4242): }
12-14 01:42:34.509 I/System.out( 4242): URI: //ping
12-14 01:42:34.509 I/System.out( 4242): params: {json={}
12-14 01:42:34.509 I/System.out( 4242): }
12-14 01:42:34.517 I/System.out( 4242): URI: //ready
12-14 01:42:34.517 I/System.out( 4242): params: {json={}
12-14 01:42:34.517 I/System.out( 4242): }
12-14 01:42:34.526 I/System.out( 4242): URI: //
12-14 01:42:34.526 I/System.out( 4242): params: {json={"command":"version","arguments":[]}
12-14 01:42:34.526 I/System.out( 4242): }
12-14 01:42:34.527 I/System.out( 4242): header: {content-type=application/json;charset=utf-8, date=Mon, 14 Dec 2020 06:42:35 GMT, accept=*/*, host=127.0.0.1:34777, content-length=36, user-agent=HTTPClient/1.0 (2.8.3, ruby 2.5.8 (2020-03-31))}
12-14 01:42:34.527 I/System.out( 4242): params: {json={"command":"version","arguments":[]}
12-14 01:42:34.527 I/System.out( 4242): }
12-14 01:42:34.527 I/System.out( 4242): ProP json = {"command":"version","arguments":[]}
12-14 01:42:34.527 I/System.out( 4242): files: {}
12-14 01:42:34.527 I/System.out( 4242): command: {"command":"version","arguments":[]}
12-14 01:42:34.557 I/InstrumentationBackend( 4242): Got command:'Command:'Line:null,version', arguments:'[]'
12-14 01:42:34.594 I/System.out( 4242): result:{"bonusInformation":[],"message":"0.9.8","success":true}
12-14 01:42:34.601 I/System.out( 4242): URI: //start-application
12-14 01:42:34.601 I/System.out( 4242): params: {json={"intent":null}
12-14 01:42:34.601 I/System.out( 4242): }
12-14 01:42:34.641 I/ActivityManager( 1628): START u0 {act=android.intent.action.MAIN cat=[android.intent.category.LAUNCHER] flg=0x10200000 cmp=com.evancharlton.mileage/.Mileage} from uid 10302
12-14 01:42:34.657 I/calabash( 4242): newActivity1
12-14 01:42:34.682 D/gralloc_ranchu( 1396): gralloc_alloc: Creating ashmem region of size 7753728
12-14 01:42:34.683 W/ActivityManager( 1628): Bad activity token: android.os.BinderProxy@6daa253
12-14 01:42:34.683 W/ActivityManager( 1628): java.lang.ClassCastException: android.os.BinderProxy cannot be cast to com.android.server.am.ActivityRecord$Token
12-14 01:42:34.683 W/ActivityManager( 1628): 	at com.android.server.am.ActivityRecord.forTokenLocked(ActivityRecord.java:778)
12-14 01:42:34.683 W/ActivityManager( 1628): 	at com.android.server.am.ActivityRecord.isInStackLocked(ActivityRecord.java:2085)
12-14 01:42:34.683 W/ActivityManager( 1628): 	at com.android.server.am.ActivityRecord.getStackLocked(ActivityRecord.java:2090)
12-14 01:42:34.683 W/ActivityManager( 1628): 	at com.android.server.am.ActivityManagerService.getActivityDisplayId(ActivityManagerService.java:10406)
12-14 01:42:34.683 W/ActivityManager( 1628): 	at android.app.IActivityManager$Stub.onTransact(IActivityManager.java:2738)
12-14 01:42:34.683 W/ActivityManager( 1628): 	at com.android.server.am.ActivityManagerService.onTransact(ActivityManagerService.java:2935)
12-14 01:42:34.683 W/ActivityManager( 1628): 	at android.os.Binder.execTransact(Binder.java:674)
12-14 01:42:34.685 I/calabash( 4242): newActivity1
12-14 01:42:34.694 W/ActivityManager( 1628): Bad activity token: android.os.BinderProxy@6daa253
12-14 01:42:34.694 W/ActivityManager( 1628): java.lang.ClassCastException: android.os.BinderProxy cannot be cast to com.android.server.am.ActivityRecord$Token
12-14 01:42:34.694 W/ActivityManager( 1628): 	at com.android.server.am.ActivityRecord.forTokenLocked(ActivityRecord.java:778)
12-14 01:42:34.694 W/ActivityManager( 1628): 	at com.android.server.am.ActivityRecord.isInStackLocked(ActivityRecord.java:2085)
12-14 01:42:34.694 W/ActivityManager( 1628): 	at com.android.server.am.ActivityManagerService.setTaskDescription(ActivityManagerService.java:9988)
12-14 01:42:34.694 W/ActivityManager( 1628): 	at android.app.IActivityManager$Stub.onTransact(IActivityManager.java:2824)
12-14 01:42:34.694 W/ActivityManager( 1628): 	at com.android.server.am.ActivityManagerService.onTransact(ActivityManagerService.java:2935)
12-14 01:42:34.694 W/ActivityManager( 1628): 	at android.os.Binder.execTransact(Binder.java:674)
12-14 01:42:34.697 W/ActivityManager( 1628): Bad activity token: android.os.BinderProxy@6daa253
12-14 01:42:34.697 W/ActivityManager( 1628): java.lang.ClassCastException: android.os.BinderProxy cannot be cast to com.android.server.am.ActivityRecord$Token
12-14 01:42:34.697 W/ActivityManager( 1628): 	at com.android.server.am.ActivityRecord.forTokenLocked(ActivityRecord.java:778)
12-14 01:42:34.697 W/ActivityManager( 1628): 	at com.android.server.am.ActivityRecord.isInStackLocked(ActivityRecord.java:2085)
12-14 01:42:34.697 W/ActivityManager( 1628): 	at com.android.server.am.ActivityRecord.getStackLocked(ActivityRecord.java:2090)
12-14 01:42:34.697 W/ActivityManager( 1628): 	at com.android.server.am.ActivityManagerService.getActivityStackId(ActivityManagerService.java:10417)
12-14 01:42:34.697 W/ActivityManager( 1628): 	at android.app.IActivityManager$Stub.onTransact(IActivityManager.java:3548)
12-14 01:42:34.697 W/ActivityManager( 1628): 	at com.android.server.am.ActivityManagerService.onTransact(ActivityManagerService.java:2935)
12-14 01:42:34.697 W/ActivityManager( 1628): 	at android.os.Binder.execTransact(Binder.java:674)
12-14 01:42:34.738 V/StatusBar( 1733): setLightsOn(true)
12-14 01:42:34.738 D/EGL_emulation( 2190): eglMakeCurrent: 0x9f87e0a0: ver 3 0 (tinfo 0x9f87f8e0)
12-14 01:42:34.742 D/EGL_emulation( 2167): eglMakeCurrent: 0xa1c846c0: ver 3 0 (tinfo 0xa1c83810)
12-14 01:42:34.759 D/EGL_emulation( 1733): eglMakeCurrent: 0x8e3d43a0: ver 3 0 (tinfo 0x8e3b4c20)
12-14 01:42:34.774 I/chatty  ( 1733): uid=10028(u0_a28) RenderThread identical 1 line
12-14 01:42:34.777 D/EGL_emulation( 1733): eglMakeCurrent: 0x8e3d43a0: ver 3 0 (tinfo 0x8e3b4c20)
12-14 01:42:34.789 V/StatusBar( 1733): setLightsOn(true)
12-14 01:42:34.791 E/ContentStoreEUAS( 2190): Failed to commit the deferred actions
12-14 01:42:34.792 D/EGL_emulation( 1733): eglMakeCurrent: 0x8e3d43a0: ver 3 0 (tinfo 0x8e3b4c20)
12-14 01:42:34.817 W/ActivityManager( 1628): Bad activity token: android.os.BinderProxy@6daa253
12-14 01:42:34.817 W/ActivityManager( 1628): java.lang.ClassCastException: android.os.BinderProxy cannot be cast to com.android.server.am.ActivityRecord$Token
12-14 01:42:34.817 W/ActivityManager( 1628): 	at com.android.server.am.ActivityRecord.forTokenLocked(ActivityRecord.java:778)
12-14 01:42:34.817 W/ActivityManager( 1628): 	at com.android.server.am.ActivityRecord.isInStackLocked(ActivityRecord.java:2085)
12-14 01:42:34.817 W/ActivityManager( 1628): 	at com.android.server.am.ActivityManagerService.getActivityOptions(ActivityManagerService.java:13302)
12-14 01:42:34.817 W/ActivityManager( 1628): 	at android.app.IActivityManager$Stub.onTransact(IActivityManager.java:2910)
12-14 01:42:34.817 W/ActivityManager( 1628): 	at com.android.server.am.ActivityManagerService.onTransact(ActivityManagerService.java:2935)
12-14 01:42:34.817 W/ActivityManager( 1628): 	at android.os.Binder.execTransact(Binder.java:674)
12-14 01:42:34.818 W/ActivityManager( 1628): Bad activity token: android.os.BinderProxy@6daa253
12-14 01:42:34.818 W/ActivityManager( 1628): java.lang.ClassCastException: android.os.BinderProxy cannot be cast to com.android.server.am.ActivityRecord$Token
12-14 01:42:34.818 W/ActivityManager( 1628): 	at com.android.server.am.ActivityRecord.forTokenLocked(ActivityRecord.java:778)
12-14 01:42:34.818 W/ActivityManager( 1628): 	at com.android.server.am.ActivityRecord.isInStackLocked(ActivityRecord.java:2085)
12-14 01:42:34.818 W/ActivityManager( 1628): 	at com.android.server.am.ActivityManagerService.getActivityOptions(ActivityManagerService.java:13302)
12-14 01:42:34.818 W/ActivityManager( 1628): 	at android.app.IActivityManager$Stub.onTransact(IActivityManager.java:2910)
12-14 01:42:34.818 W/ActivityManager( 1628): 	at com.android.server.am.ActivityManagerService.onTransact(ActivityManagerService.java:2935)
12-14 01:42:34.818 W/ActivityManager( 1628): 	at android.os.Binder.execTransact(Binder.java:674)
12-14 01:42:34.917 I/chatty  ( 1733): uid=10028(u0_a28) RenderThread identical 16 lines
12-14 01:42:34.925 D/EGL_emulation( 1733): eglMakeCurrent: 0x8e3d43a0: ver 3 0 (tinfo 0x8e3b4c20)
12-14 01:42:34.926 V/StatusBar( 1733): setLightsOn(true)
12-14 01:42:34.942 D/EGL_emulation( 1733): eglMakeCurrent: 0x8e3d43a0: ver 3 0 (tinfo 0x8e3b4c20)
12-14 01:42:34.946 I/chatty  ( 1733): uid=10028(u0_a28) RenderThread identical 1 line
12-14 01:42:34.957 D/EGL_emulation( 1733): eglMakeCurrent: 0x8e3d43a0: ver 3 0 (tinfo 0x8e3b4c20)
12-14 01:42:35.011 I/zygote  ( 4242): Do partial code cache collection, code=28KB, data=30KB
12-14 01:42:35.012 I/zygote  ( 4242): After code cache collection, code=28KB, data=30KB
12-14 01:42:35.012 I/zygote  ( 4242): Increasing code cache capacity to 128KB
12-14 01:42:35.015 I/zygote  ( 4242): Do partial code cache collection, code=28KB, data=48KB
12-14 01:42:35.017 I/zygote  ( 4242): After code cache collection, code=28KB, data=48KB
12-14 01:42:35.017 I/zygote  ( 4242): Increasing code cache capacity to 256KB
12-14 01:42:35.024 I/zygote  ( 4242): JIT allocated 71KB for compiled code of void android.widget.TextView.<init>(android.content.Context, android.util.AttributeSet, int, int)
12-14 01:42:35.024 I/zygote  ( 4242): Compiler allocated 4MB to compile void android.widget.TextView.<init>(android.content.Context, android.util.AttributeSet, int, int)
12-14 01:42:35.046 V/StatusBar( 1733): setLightsOn(true)
12-14 01:42:35.057 V/StatusBar( 1733): setLightsOn(true)
12-14 01:42:35.096 D/gralloc_ranchu( 1396): gralloc_alloc: Creating ashmem region of size 7753728
12-14 01:42:35.118 D/        ( 4242): HostConnection::get() New Host Connection established 0x9f32fb00, tid 4242
12-14 01:42:35.168 V/StatusBar( 1733): setLightsOn(true)
12-14 01:42:35.174 V/StatusBar( 1733): setLightsOn(true)
12-14 01:42:35.176 I/ActivityManager( 1628): Displayed com.evancharlton.mileage/.Mileage: +524ms
12-14 01:42:35.185 V/StatusBar( 1733): setLightsOn(true)
12-14 01:42:35.211 I/zygote  ( 4242): Do full code cache collection, code=125KB, data=69KB
12-14 01:42:35.211 I/zygote  ( 4242): After code cache collection, code=106KB, data=43KB
12-14 01:42:35.213 D/gralloc_ranchu( 1396): gralloc_alloc: Creating ashmem region of size 7753728
12-14 01:42:35.308 I/ActivityManager( 1628): Killing 3449:com.google.android.apps.docs/u0a52 (adj 906): empty #17
12-14 01:42:35.344 D/BoundBrokerSvc( 1935): onUnbind: Intent { act=com.google.android.gms.clearcut.service.START pkg=com.google.android.gms }
12-14 01:42:35.374 V/StatusBar( 1733): setLightsOn(true)
12-14 01:42:35.474 I/chatty  ( 1733): uid=10028(u0_a28) com.android.systemui identical 2 lines
12-14 01:42:35.489 V/StatusBar( 1733): setLightsOn(true)
12-14 01:42:35.497 W/SurfaceFlinger( 1416): couldn't log to binary event log: overflow.
