--------- beginning of main
12-14 00:06:40.096 D/gralloc_ranchu( 1395): gralloc_alloc: Creating ashmem region of size 8298496
12-14 00:06:40.174 D/gralloc_ranchu( 1395): gralloc_alloc: Creating ashmem region of size 8298496
12-14 00:06:40.176 E/IPCThreadState( 1405): binder thread pool (4 threads) starved for 117 ms
12-14 00:06:40.276 W/audio_hw_generic( 1389): Not supplying enough data to HAL, expected position 841478 , only wrote 600480
12-14 00:06:40.286 D/gralloc_ranchu( 1395): gralloc_alloc: Creating ashmem region of size 8298496
12-14 00:06:40.299 D/EGL_emulation( 2184): eglMakeCurrent: 0xa8f05a80: ver 3 0 (tinfo 0xa8f03530)
12-14 00:06:40.415 D/EGL_emulation( 2147): eglMakeCurrent: 0xa8f05600: ver 3 0 (tinfo 0xa8f033e0)
12-14 00:06:40.418 D/EGL_emulation( 2184): eglMakeCurrent: 0xa8f05a80: ver 3 0 (tinfo 0xa8f03530)
12-14 00:06:40.425 D/gralloc_ranchu( 1395): gralloc_alloc: Creating ashmem region of size 8298496
12-14 00:06:40.478 D/EGL_emulation( 2184): eglMakeCurrent: 0xa8f05a80: ver 3 0 (tinfo 0xa8f03530)
12-14 00:06:40.486 D/gralloc_ranchu( 1395): gralloc_alloc: Creating ashmem region of size 8298496
12-14 00:06:40.495 I/NetworkScheduler.Stats( 1936): Task com.google.android.gms/com.google.android.gms.icing.service.IcingGcmTaskService started execution. cause:4 exec_start_elapsed_seconds: 88 [CONTEXT service_id=218 ]
12-14 00:06:40.531 D/gralloc_ranchu( 1395): gralloc_alloc: Creating ashmem region of size 7753728
12-14 00:06:40.593 D/EGL_emulation( 2147): eglMakeCurrent: 0xa8f05600: ver 3 0 (tinfo 0xa8f033e0)
12-14 00:06:40.598 D/gralloc_ranchu( 1395): gralloc_alloc: Creating ashmem region of size 8298496
12-14 00:06:40.607 I/Finsky  ( 2550): [116] nmi.run(36): Stats for Executor: BlockingExecutor non@df5e4fa[Running, pool size = 2, active threads = 0, queued tasks = 0, completed tasks = 19]
12-14 00:06:40.607 I/Finsky  ( 2550): [116] nmi.run(36): Stats for Executor: LightweightExecutor non@d2daab[Running, pool size = 2, active threads = 0, queued tasks = 0, completed tasks = 71]
12-14 00:06:40.641 D/EGL_emulation( 1732): eglMakeCurrent: 0x952cd460: ver 3 0 (tinfo 0x952cab70)
12-14 00:06:40.657 D/EGL_emulation( 1732): eglMakeCurrent: 0x952cd460: ver 3 0 (tinfo 0x952cab70)
12-14 00:06:40.672 I/EventLogSendingHelper( 2184): Sending log events.
12-14 00:06:40.683 D/EGL_emulation( 2147): eglMakeCurrent: 0xa8f05600: ver 3 0 (tinfo 0xa8f033e0)
12-14 00:06:40.714 D/gralloc_ranchu( 1395): gralloc_alloc: Creating ashmem region of size 8298496
12-14 00:06:40.720 I/zygote  ( 2184): Do full code cache collection, code=506KB, data=349KB
12-14 00:06:40.721 I/zygote  ( 2184): After code cache collection, code=498KB, data=314KB
12-14 00:06:40.721 I/zygote  ( 1732): NativeAllocBackground concurrent copying GC freed 11390(750KB) AllocSpace objects, 0(0B) LOS objects, 50% free, 4MB/9MB, paused 15.307ms total 102.986ms
--------- beginning of system
12-14 00:06:40.735 W/ActivityManager( 1627): Unable to start service Intent { act=com.google.android.gms.speech.service.START pkg=com.google.android.gms } U=0: not found
12-14 00:06:40.737 W/ActivityManager( 1627): Unbind failed: could not find connection for android.os.BinderProxy@8854fe4
12-14 00:06:40.739 W/SessionLifecycleManager( 2184): Handover failed. Creating new session controller.
12-14 00:06:40.741 E/GmsClient( 2184): unable to connect to service: com.google.android.gms.speech.service.START on com.google.android.gms
12-14 00:06:40.747 I/OptInState( 2184): There is a new client and it does not support opt-in. Dropping request.
12-14 00:06:40.766 D/EGL_emulation( 1732): eglMakeCurrent: 0x952cd460: ver 3 0 (tinfo 0x952cab70)
12-14 00:06:40.791 I/chatty  ( 1732): uid=10028(u0_a28) RenderThread identical 1 line
12-14 00:06:40.801 D/EGL_emulation( 1732): eglMakeCurrent: 0x952cd460: ver 3 0 (tinfo 0x952cab70)
12-14 00:06:40.805 I/MicroDetectionWorker( 2184): #updateMicroDetector [detectionMode: [mDetectionMode: [1]]]
12-14 00:06:40.805 I/MicroDetectionWorker( 2184): #startMicroDetector [speakerMode: 0]
12-14 00:06:40.806 I/AudioController( 2184): Using mInputStreamFactoryBuilder
12-14 00:06:40.824 D/EGL_emulation( 1732): eglMakeCurrent: 0x952cd460: ver 3 0 (tinfo 0x952cab70)
12-14 00:06:40.839 D/EGL_emulation( 1732): eglMakeCurrent: 0x952cd460: ver 3 0 (tinfo 0x952cab70)
12-14 00:06:40.840 I/MicroDetectionWorker( 2184): onReady
12-14 00:06:40.880 I/MicroRecognitionRunner( 2184): Starting detection.
12-14 00:06:40.882 I/NetworkScheduler.Stats( 1936): Task com.google.android.gms/com.google.android.gms.ads.social.GcmSchedulerWakeupService started execution. cause:4 exec_start_elapsed_seconds: 88 [CONTEXT service_id=218 ]
12-14 00:06:40.930 W/OpenGLRenderer( 2147): Incorrectly called buildLayer on View: ShortcutAndWidgetContainer, destroying layer...
12-14 00:06:40.937 D/gralloc_ranchu( 1395): gralloc_alloc: Creating ashmem region of size 8298496
12-14 00:06:40.940 I/MicrophoneInputStream( 2184): mic_starting com.google.android.apps.gsa.staticplugins.aa.c@1155ec5
12-14 00:06:40.980 I/AudioFlinger( 1476): AudioFlinger's thread 0xb2383440 tid=4517 ready to run
12-14 00:06:40.985 I/MicrophoneInputStream( 2184): mic_started com.google.android.apps.gsa.staticplugins.aa.c@1155ec5
12-14 00:06:40.986 E/ActivityThread( 2184): Failed to find provider info for com.google.android.apps.gsa.testing.ui.audio.recorded
12-14 00:06:40.986 I/MicroDetectionWorker( 2184): onReady
12-14 00:06:41.000 I/MicrophoneInputStream( 2184): mic_close com.google.android.apps.gsa.staticplugins.aa.c@1155ec5
12-14 00:06:41.003 I/MicroRecognitionRunner( 2184): Detection finished
12-14 00:06:41.004 W/ErrorReporter( 2184): reportError [type: 211, code: 524300]: Error reading from input stream
12-14 00:06:41.006 W/ErrorProcessor( 2184): onFatalError, processing error from engine(4)
12-14 00:06:41.006 W/ErrorProcessor( 2184): com.google.android.apps.gsa.shared.speech.b.g: Error reading from input stream
12-14 00:06:41.006 W/ErrorProcessor( 2184): 	at com.google.android.apps.gsa.staticplugins.recognizer.j.a.a(SourceFile:28)
12-14 00:06:41.006 W/ErrorProcessor( 2184): 	at com.google.android.apps.gsa.staticplugins.recognizer.j.b.run(SourceFile:15)
12-14 00:06:41.006 W/ErrorProcessor( 2184): 	at java.util.concurrent.Executors$RunnableAdapter.call(Executors.java:457)
12-14 00:06:41.006 W/ErrorProcessor( 2184): 	at java.util.concurrent.FutureTask.run(FutureTask.java:266)
12-14 00:06:41.006 W/ErrorProcessor( 2184): 	at com.google.android.apps.gsa.shared.util.concurrent.a.ax.run(SourceFile:14)
12-14 00:06:41.006 W/ErrorProcessor( 2184): 	at com.google.android.apps.gsa.shared.util.concurrent.a.bl.run(SourceFile:4)
12-14 00:06:41.006 W/ErrorProcessor( 2184): 	at com.google.android.apps.gsa.shared.util.concurrent.a.bl.run(SourceFile:4)
12-14 00:06:41.006 W/ErrorProcessor( 2184): 	at java.util.concurrent.ThreadPoolExecutor.runWorker(ThreadPoolExecutor.java:1162)
12-14 00:06:41.006 W/ErrorProcessor( 2184): 	at java.util.concurrent.ThreadPoolExecutor$Worker.run(ThreadPoolExecutor.java:636)
12-14 00:06:41.006 W/ErrorProcessor( 2184): 	at java.lang.Thread.run(Thread.java:764)
12-14 00:06:41.006 W/ErrorProcessor( 2184): 	at com.google.android.apps.gsa.shared.util.concurrent.a.ai.run(SourceFile:6)
12-14 00:06:41.006 W/ErrorProcessor( 2184): Caused by: com.google.android.apps.gsa.shared.exception.GsaIOException: Error code: 393238 | Buffer overflow, no available space.
12-14 00:06:41.006 W/ErrorProcessor( 2184): 	at com.google.android.apps.gsa.speech.audio.Tee.f(SourceFile:103)
12-14 00:06:41.006 W/ErrorProcessor( 2184): 	at com.google.android.apps.gsa.speech.audio.au.read(SourceFile:2)
12-14 00:06:41.006 W/ErrorProcessor( 2184): 	at java.io.InputStream.read(InputStream.java:101)
12-14 00:06:41.006 W/ErrorProcessor( 2184): 	at com.google.android.apps.gsa.speech.audio.ao.run(SourceFile:18)
12-14 00:06:41.006 W/ErrorProcessor( 2184): 	at com.google.android.apps.gsa.speech.audio.an.run(SourceFile:2)
12-14 00:06:41.006 W/ErrorProcessor( 2184): 	... 9 more
12-14 00:06:41.006 I/AudioController( 2184): internalShutdown
12-14 00:06:41.013 I/MicroRecognitionRunner( 2184): Stopping hotword detection.
12-14 00:06:41.033 I/MicroDetector( 2184): Keeping mic open: false
12-14 00:06:41.033 I/MicroDetectionWorker( 2184): #onError(false)
12-14 00:06:41.033 I/DeviceStateChecker( 2184): DeviceStateChecker cancelled
12-14 00:06:41.063 I/NetworkScheduler.Stats( 1936): Task com.google.android.gms/com.google.android.gms.icing.service.IcingGcmTaskService finished executing. cause:4 result: 1 elapsed_millis: 722 uptime_millis: 722 exec_start_elapsed_seconds: 88 [CONTEXT service_id=218 ]
12-14 00:06:41.087 I/OpenGLRenderer( 1627): Initialized EGL, version 1.4
12-14 00:06:41.087 D/OpenGLRenderer( 1627): Swap behavior 1
12-14 00:06:41.088 W/OpenGLRenderer( 1627): Failed to choose config with EGL_SWAP_BEHAVIOR_PRESERVED, retrying without...
12-14 00:06:41.088 D/OpenGLRenderer( 1627): Swap behavior 0
12-14 00:06:41.092 I/NetworkScheduler.Stats( 1936): Task com.google.android.gms/com.google.android.gms.ads.social.GcmSchedulerWakeupService finished executing. cause:4 result: 1 elapsed_millis: 468 uptime_millis: 468 exec_start_elapsed_seconds: 88 [CONTEXT service_id=218 ]
12-14 00:06:41.096 D/EGL_emulation( 1627): eglCreateContext: 0x96eb2600: maj 3 min 0 rcv 3
12-14 00:06:41.098 D/EGL_emulation( 1627): eglMakeCurrent: 0x96eb2600: ver 3 0 (tinfo 0x907cb8e0)
12-14 00:06:41.098 E/eglCodecCommon( 1627): glUtilsParamSize: unknow param 0x00008cdf
12-14 00:06:41.098 E/eglCodecCommon( 1627): glUtilsParamSize: unknow param 0x00008cdf
12-14 00:06:41.099 E/eglCodecCommon( 1627): glUtilsParamSize: unknow param 0x00008824
12-14 00:06:41.099 E/eglCodecCommon( 1627): glUtilsParamSize: unknow param 0x00008824
12-14 00:06:41.105 I/zygote  ( 2184): Background concurrent copying GC freed 5861(461KB) AllocSpace objects, 5(148KB) LOS objects, 49% free, 4MB/8MB, paused 446us total 217.807ms
12-14 00:06:41.165 D/AndroidRuntime( 4505): >>>>>> START com.android.internal.os.RuntimeInit uid 2000 <<<<<<
12-14 00:06:41.217 W/app_process( 4505): Unexpected CPU variant for X86 using defaults: x86
12-14 00:06:41.246 D/AndroidRuntime( 4505): Calling main entry com.android.commands.am.Am
12-14 00:06:41.248 I/ActivityManager( 1627): Force stopping com.evancharlton.mileage appid=10204 user=0: start instr
12-14 00:06:41.248 I/ActivityManager( 1627): Killing 4421:com.evancharlton.mileage/u0a204 (adj 0): stop com.evancharlton.mileage
12-14 00:06:41.248 W/ActivityManager( 1627): Crash of app com.evancharlton.mileage running instrumentation ComponentInfo{com.evancharlton.mileage.test/sh.calaba.instrumentationbackend.CalabashInstrumentationTestRunner}
12-14 00:06:41.248 I/ActivityManager( 1627): Force stopping com.evancharlton.mileage appid=10204 user=0: finished inst
12-14 00:06:41.264 I/ActivityManager( 1627): Start proc 4527:com.evancharlton.mileage/u0a204 for added application com.evancharlton.mileage
12-14 00:06:41.265 D/AndroidRuntime( 4505): Shutting down VM
12-14 00:06:41.266 I/zygote  ( 4527): Not late-enabling -Xcheck:jni (already on)
12-14 00:06:41.286 W/zygote  ( 4527): Unexpected CPU variant for X86 using defaults: x86
12-14 00:06:41.295 W/ActivityManager( 1627): setHasOverlayUi called on unknown pid: 4421
12-14 00:06:41.301 E/adbd    ( 1383): failed to connect to socket 'tcp:7102': Connection refused
12-14 00:06:41.306 E/adbd    ( 1383): failed to connect to socket 'tcp:7102': Connection refused
12-14 00:06:41.318 I/NetworkScheduler.Stats( 1936): Task com.google.android.gms/com.google.android.gms.clearcut.uploader.QosUploaderService started execution. cause:5 exec_start_elapsed_seconds: 89 [CONTEXT service_id=218 ]
12-14 00:06:41.320 W/zygote  ( 4527): Found duplicate classes, falling back to extracting from APK : /data/app/com.evancharlton.mileage.test--neyTp7-_ETCjJbof_sOcg==/base.apk
12-14 00:06:41.320 W/zygote  ( 4527): NOTE: This wastes RAM and hurts startup performance.
12-14 00:06:41.320 W/zygote  ( 4527): Found duplicated class when checking oat files: 'Ljunit/runner/BaseTestRunner;' in /data/app/com.evancharlton.mileage.test--neyTp7-_ETCjJbof_sOcg==/base.apk and /system/framework/android.test.runner.jar
12-14 00:06:41.320 W/zygote  ( 4527): 
12-14 00:06:41.340 I/NetworkScheduler.Stats( 1936): Task com.google.android.gms/com.google.android.gms.clearcut.uploader.QosUploaderService finished executing. cause:5 result: 1 elapsed_millis: 81 uptime_millis: 81 exec_start_elapsed_seconds: 89 [CONTEXT service_id=218 ]
12-14 00:06:41.362 W/System  ( 4527): ClassLoader referenced unknown path: 
12-14 00:06:41.374 I/System.out( 4527): Main activity name automatically set to: com.evancharlton.mileage.Mileage
12-14 00:06:41.374 I/System.out( 4527): Calabash did not load Mono. This is only a problem if you are trying to test a Mono application
12-14 00:06:41.375 I/calabash( 4527): Test server port: 7102
12-14 00:06:41.376 I/InstrumentationBackend( 4527): Added:'GetPreferences', with key:'get_preferences'
12-14 00:06:41.429 E/adbd    ( 1383): failed to connect to socket 'tcp:7102': Connection refused
12-14 00:06:41.437 E/adbd    ( 1383): failed to connect to socket 'tcp:7102': Connection refused
12-14 00:06:41.456 I/InstrumentationBackend( 4527): Added:'SetPreferences', with key:'set_preferences'
12-14 00:06:41.457 I/InstrumentationBackend( 4527): Added:'ClearPreferences', with key:'clear_preferences'
12-14 00:06:41.457 I/InstrumentationBackend( 4527): Added:'PressElement', with key:'press_l10n_element'
12-14 00:06:41.457 I/InstrumentationBackend( 4527): Added:'WaitForElement', with key:'wait_for_l10n_element'
12-14 00:06:41.458 I/InstrumentationBackend( 4527): Added:'NullAction', with key:'nullAction'
12-14 00:06:41.458 I/InstrumentationBackend( 4527): Added:'PressKey', with key:'press_key'
12-14 00:06:41.459 I/InstrumentationBackend( 4527): Added:'SetActivityOrientation', with key:'set_activity_orientation'
12-14 00:06:41.459 I/InstrumentationBackend( 4527): Added:'GetActivityOrientation', with key:'get_activity_orientation'
12-14 00:06:41.459 I/InstrumentationBackend( 4527): Added:'FakeGPSLocation', with key:'set_gps_coordinates'
12-14 00:06:41.460 I/InstrumentationBackend( 4527): Added:'SetPropertyByCssSelector', with key:'set_property_by_css_selector'
12-14 00:06:41.463 I/InstrumentationBackend( 4527): Added:'GetUrl', with key:'get_url'
12-14 00:06:41.466 I/InstrumentationBackend( 4527): Added:'ScrollTo', with key:'scroll_to'
12-14 00:06:41.466 I/InstrumentationBackend( 4527): Added:'GetLoadProgress', with key:'get_load_progress'
12-14 00:06:41.467 I/InstrumentationBackend( 4527): Added:'DumpHtml', with key:'dump_html'
12-14 00:06:41.467 I/InstrumentationBackend( 4527): Added:'DumpBodyHtml', with key:'dump_body_html'
12-14 00:06:41.468 I/InstrumentationBackend( 4527): Added:'EnterTextByCssSelector', with key:'enter_text_by_selector'
12-14 00:06:41.472 I/InstrumentationBackend( 4527): Added:'AndroidSDKVersion', with key:'android_sdk_version'
12-14 00:06:41.473 I/InstrumentationBackend( 4527): Added:'Version', with key:'version'
12-14 00:06:41.473 I/InstrumentationBackend( 4527): Added:'Drag', with key:'drag'
12-14 00:06:41.473 I/InstrumentationBackend( 4527): Added:'TouchCoordinates', with key:'touch_coordinate'
12-14 00:06:41.474 I/InstrumentationBackend( 4527): Added:'LongPressCoordinate', with key:'long_press_coordinate'
12-14 00:06:41.474 I/InstrumentationBackend( 4527): Added:'DragCoordinates', with key:'drag_coordinates'
12-14 00:06:41.474 I/InstrumentationBackend( 4527): Added:'ResumeApplication', with key:'resume_application'
12-14 00:06:41.474 I/InstrumentationBackend( 4527): Added:'Swipe', with key:'swipe'
12-14 00:06:41.475 I/InstrumentationBackend( 4527): Added:'DoubleTapCoordinate', with key:'double_tap_coordinate'
12-14 00:06:41.475 I/InstrumentationBackend( 4527): Added:'ClickOnScreen', with key:'click_on_screen'
12-14 00:06:41.475 I/InstrumentationBackend( 4527): Added:'GetActivityName', with key:'get_activity_name'
12-14 00:06:41.476 I/InstrumentationBackend( 4527): Added:'ScrollToView', with key:'scroll_to_view'
12-14 00:06:41.477 I/InstrumentationBackend( 4527): Added:'ViewConfiguration', with key:'view_configuration'
12-14 00:06:41.477 I/InstrumentationBackend( 4527): Added:'IsCurrentActivityFocused', with key:'is_current_activity_focused'
12-14 00:06:41.477 I/InstrumentationBackend( 4527): Added:'SendTcp', with key:'send_tcp'
12-14 00:06:41.477 I/InstrumentationBackend( 4527): Added:'DpToDevicePixel', with key:'dp_to_device_pixel'
12-14 00:06:41.478 I/InstrumentationBackend( 4527): Added:'KeyboardEnterText', with key:'keyboard_enter_text'
12-14 00:06:41.478 I/InstrumentationBackend( 4527): Added:'DeleteSurroundingText', with key:'delete_surrounding_text'
12-14 00:06:41.479 I/InstrumentationBackend( 4527): Added:'SetComposingRegion', with key:'set_composing_region'
12-14 00:06:41.479 I/InstrumentationBackend( 4527): Added:'SetSelection', with key:'set_selection'
12-14 00:06:41.479 I/InstrumentationBackend( 4527): Added:'KeyboardKeyEvent', with key:'keyboard_key_event'
12-14 00:06:41.480 I/InstrumentationBackend( 4527): Added:'PressUserActionButton', with key:'press_user_action_button'
12-14 00:06:41.480 I/InstrumentationBackend( 4527): Added:'HideSoftKeyboard', with key:'hide_soft_keyboard'
12-14 00:06:41.481 I/InstrumentationBackend( 4527): Added:'ListActions', with key:'list_actions'
12-14 00:06:41.482 I/calabash( 4527): Instantiating http server at 7102
12-14 00:06:41.484 I/System.out( 4527): HTTP Daemon listening on: 7102
12-14 00:06:41.523 I/Finsky  ( 2550): [116] nmi.run(36): Stats for Executor: bgExecutor non@3a96508[Running, pool size = 4, active threads = 0, queued tasks = 0, completed tasks = 80]
12-14 00:06:41.567 I/System.out( 4527): URI: //ping
12-14 00:06:41.568 I/System.out( 4527): params: {json={}
12-14 00:06:41.568 I/System.out( 4527): }
12-14 00:06:41.594 I/System.out( 4527): URI: //ping
12-14 00:06:41.595 I/System.out( 4527): params: {json={}
12-14 00:06:41.595 I/System.out( 4527): }
12-14 00:06:41.605 I/System.out( 4527): URI: //ready
12-14 00:06:41.605 I/System.out( 4527): params: {json={}
12-14 00:06:41.605 I/System.out( 4527): }
12-14 00:06:41.615 I/System.out( 4527): URI: //
12-14 00:06:41.616 I/System.out( 4527): params: {json={"command":"version","arguments":[]}
12-14 00:06:41.616 I/System.out( 4527): }
12-14 00:06:41.616 I/System.out( 4527): header: {content-type=application/json;charset=utf-8, date=Mon, 14 Dec 2020 05:06:42 GMT, accept=*/*, host=127.0.0.1:34777, content-length=36, user-agent=HTTPClient/1.0 (2.8.3, ruby 2.5.8 (2020-03-31))}
12-14 00:06:41.616 I/System.out( 4527): params: {json={"command":"version","arguments":[]}
12-14 00:06:41.616 I/System.out( 4527): }
12-14 00:06:41.617 I/System.out( 4527): ProP json = {"command":"version","arguments":[]}
12-14 00:06:41.617 I/System.out( 4527): files: {}
12-14 00:06:41.617 I/System.out( 4527): command: {"command":"version","arguments":[]}
12-14 00:06:41.647 I/InstrumentationBackend( 4527): Got command:'Command:'Line:null,version', arguments:'[]'
12-14 00:06:41.680 I/System.out( 4527): result:{"bonusInformation":[],"message":"0.9.8","success":true}
12-14 00:06:41.686 I/System.out( 4527): URI: //start-application
12-14 00:06:41.686 I/System.out( 4527): params: {json={"intent":null}
12-14 00:06:41.686 I/System.out( 4527): }
12-14 00:06:41.726 I/ActivityManager( 1627): START u0 {act=android.intent.action.MAIN cat=[android.intent.category.LAUNCHER] flg=0x10200000 cmp=com.evancharlton.mileage/.Mileage} from uid 10204
12-14 00:06:41.751 I/calabash( 4527): newActivity1
12-14 00:06:41.752 E/memtrack( 1627): Couldn't load memtrack module
12-14 00:06:41.752 W/android.os.Debug( 1627): failed to get memory consumption info: -1
12-14 00:06:41.757 D/gralloc_ranchu( 1395): gralloc_alloc: Creating ashmem region of size 7753728
12-14 00:06:41.839 W/ActivityManager( 1627): Bad activity token: android.os.BinderProxy@5f947b
12-14 00:06:41.839 W/ActivityManager( 1627): java.lang.ClassCastException: android.os.BinderProxy cannot be cast to com.android.server.am.ActivityRecord$Token
12-14 00:06:41.839 W/ActivityManager( 1627): 	at com.android.server.am.ActivityRecord.forTokenLocked(ActivityRecord.java:778)
12-14 00:06:41.839 W/ActivityManager( 1627): 	at com.android.server.am.ActivityRecord.isInStackLocked(ActivityRecord.java:2085)
12-14 00:06:41.839 W/ActivityManager( 1627): 	at com.android.server.am.ActivityRecord.getStackLocked(ActivityRecord.java:2090)
12-14 00:06:41.839 W/ActivityManager( 1627): 	at com.android.server.am.ActivityManagerService.getActivityDisplayId(ActivityManagerService.java:10406)
12-14 00:06:41.839 W/ActivityManager( 1627): 	at android.app.IActivityManager$Stub.onTransact(IActivityManager.java:2738)
12-14 00:06:41.839 W/ActivityManager( 1627): 	at com.android.server.am.ActivityManagerService.onTransact(ActivityManagerService.java:2935)
12-14 00:06:41.839 W/ActivityManager( 1627): 	at android.os.Binder.execTransact(Binder.java:674)
12-14 00:06:41.844 I/calabash( 4527): newActivity1
12-14 00:06:41.855 E/ContentStoreEUAS( 2184): Failed to commit the deferred actions
12-14 00:06:41.863 W/ActivityManager( 1627): Bad activity token: android.os.BinderProxy@5f947b
12-14 00:06:41.863 W/ActivityManager( 1627): java.lang.ClassCastException: android.os.BinderProxy cannot be cast to com.android.server.am.ActivityRecord$Token
12-14 00:06:41.863 W/ActivityManager( 1627): 	at com.android.server.am.ActivityRecord.forTokenLocked(ActivityRecord.java:778)
12-14 00:06:41.863 W/ActivityManager( 1627): 	at com.android.server.am.ActivityRecord.isInStackLocked(ActivityRecord.java:2085)
12-14 00:06:41.863 W/ActivityManager( 1627): 	at com.android.server.am.ActivityManagerService.setTaskDescription(ActivityManagerService.java:9988)
12-14 00:06:41.863 W/ActivityManager( 1627): 	at android.app.IActivityManager$Stub.onTransact(IActivityManager.java:2824)
12-14 00:06:41.863 W/ActivityManager( 1627): 	at com.android.server.am.ActivityManagerService.onTransact(ActivityManagerService.java:2935)
12-14 00:06:41.863 W/ActivityManager( 1627): 	at android.os.Binder.execTransact(Binder.java:674)
12-14 00:06:41.864 W/ActivityManager( 1627): Bad activity token: android.os.BinderProxy@5f947b
12-14 00:06:41.864 W/ActivityManager( 1627): java.lang.ClassCastException: android.os.BinderProxy cannot be cast to com.android.server.am.ActivityRecord$Token
12-14 00:06:41.864 W/ActivityManager( 1627): 	at com.android.server.am.ActivityRecord.forTokenLocked(ActivityRecord.java:778)
12-14 00:06:41.864 W/ActivityManager( 1627): 	at com.android.server.am.ActivityRecord.isInStackLocked(ActivityRecord.java:2085)
12-14 00:06:41.864 W/ActivityManager( 1627): 	at com.android.server.am.ActivityRecord.getStackLocked(ActivityRecord.java:2090)
12-14 00:06:41.864 W/ActivityManager( 1627): 	at com.android.server.am.ActivityManagerService.getActivityStackId(ActivityManagerService.java:10417)
12-14 00:06:41.864 W/ActivityManager( 1627): 	at android.app.IActivityManager$Stub.onTransact(IActivityManager.java:3548)
12-14 00:06:41.864 W/ActivityManager( 1627): 	at com.android.server.am.ActivityManagerService.onTransact(ActivityManagerService.java:2935)
12-14 00:06:41.864 W/ActivityManager( 1627): 	at android.os.Binder.execTransact(Binder.java:674)
12-14 00:06:41.884 D/EGL_emulation( 2184): eglMakeCurrent: 0xa8f05a80: ver 3 0 (tinfo 0xa8f03530)
12-14 00:06:41.889 D/EGL_emulation( 2147): eglMakeCurrent: 0xa8f05600: ver 3 0 (tinfo 0xa8f033e0)
12-14 00:06:41.890 V/StatusBar( 1732): setLightsOn(true)
12-14 00:06:41.908 D/EGL_emulation( 1732): eglMakeCurrent: 0x952cd460: ver 3 0 (tinfo 0x952cab70)
12-14 00:06:41.919 I/chatty  ( 1732): uid=10028(u0_a28) RenderThread identical 1 line
12-14 00:06:41.928 D/EGL_emulation( 1732): eglMakeCurrent: 0x952cd460: ver 3 0 (tinfo 0x952cab70)
12-14 00:06:41.930 V/StatusBar( 1732): setLightsOn(true)
12-14 00:06:41.937 D/EGL_emulation( 1732): eglMakeCurrent: 0x952cd460: ver 3 0 (tinfo 0x952cab70)
12-14 00:06:42.012 W/ActivityManager( 1627): Bad activity token: android.os.BinderProxy@5f947b
12-14 00:06:42.012 W/ActivityManager( 1627): java.lang.ClassCastException: android.os.BinderProxy cannot be cast to com.android.server.am.ActivityRecord$Token
12-14 00:06:42.012 W/ActivityManager( 1627): 	at com.android.server.am.ActivityRecord.forTokenLocked(ActivityRecord.java:778)
12-14 00:06:42.012 W/ActivityManager( 1627): 	at com.android.server.am.ActivityRecord.isInStackLocked(ActivityRecord.java:2085)
12-14 00:06:42.012 W/ActivityManager( 1627): 	at com.android.server.am.ActivityManagerService.getActivityOptions(ActivityManagerService.java:13302)
12-14 00:06:42.012 W/ActivityManager( 1627): 	at android.app.IActivityManager$Stub.onTransact(IActivityManager.java:2910)
12-14 00:06:42.012 W/ActivityManager( 1627): 	at com.android.server.am.ActivityManagerService.onTransact(ActivityManagerService.java:2935)
12-14 00:06:42.012 W/ActivityManager( 1627): 	at android.os.Binder.execTransact(Binder.java:674)
12-14 00:06:42.014 W/ActivityManager( 1627): Bad activity token: android.os.BinderProxy@5f947b
12-14 00:06:42.014 W/ActivityManager( 1627): java.lang.ClassCastException: android.os.BinderProxy cannot be cast to com.android.server.am.ActivityRecord$Token
12-14 00:06:42.014 W/ActivityManager( 1627): 	at com.android.server.am.ActivityRecord.forTokenLocked(ActivityRecord.java:778)
12-14 00:06:42.014 W/ActivityManager( 1627): 	at com.android.server.am.ActivityRecord.isInStackLocked(ActivityRecord.java:2085)
12-14 00:06:42.014 W/ActivityManager( 1627): 	at com.android.server.am.ActivityManagerService.getActivityOptions(ActivityManagerService.java:13302)
12-14 00:06:42.014 W/ActivityManager( 1627): 	at android.app.IActivityManager$Stub.onTransact(IActivityManager.java:2910)
12-14 00:06:42.014 W/ActivityManager( 1627): 	at com.android.server.am.ActivityManagerService.onTransact(ActivityManagerService.java:2935)
12-14 00:06:42.014 W/ActivityManager( 1627): 	at android.os.Binder.execTransact(Binder.java:674)
12-14 00:06:42.096 I/chatty  ( 1732): uid=10028(u0_a28) RenderThread identical 17 lines
12-14 00:06:42.107 D/EGL_emulation( 1732): eglMakeCurrent: 0x952cd460: ver 3 0 (tinfo 0x952cab70)
12-14 00:06:42.122 V/StatusBar( 1732): setLightsOn(true)
12-14 00:06:42.159 I/zygote  ( 4527): Do partial code cache collection, code=28KB, data=30KB
12-14 00:06:42.160 I/zygote  ( 4527): After code cache collection, code=28KB, data=30KB
12-14 00:06:42.160 I/zygote  ( 4527): Increasing code cache capacity to 128KB
12-14 00:06:42.161 I/zygote  ( 4527): Do partial code cache collection, code=28KB, data=48KB
12-14 00:06:42.162 I/zygote  ( 4527): After code cache collection, code=28KB, data=48KB
12-14 00:06:42.162 I/zygote  ( 4527): Increasing code cache capacity to 256KB
12-14 00:06:42.163 I/zygote  ( 4527): JIT allocated 71KB for compiled code of void android.widget.TextView.<init>(android.content.Context, android.util.AttributeSet, int, int)
12-14 00:06:42.163 I/zygote  ( 4527): Compiler allocated 4MB to compile void android.widget.TextView.<init>(android.content.Context, android.util.AttributeSet, int, int)
12-14 00:06:42.185 V/StatusBar( 1732): setLightsOn(true)
12-14 00:06:42.188 I/chatty  ( 1732): uid=10028(u0_a28) com.android.systemui identical 1 line
12-14 00:06:42.189 V/StatusBar( 1732): setLightsOn(true)
12-14 00:06:42.241 D/gralloc_ranchu( 1395): gralloc_alloc: Creating ashmem region of size 7753728
12-14 00:06:42.280 D/        ( 4527): HostConnection::get() New Host Connection established 0xa6330c40, tid 4527
12-14 00:06:42.360 D/gralloc_ranchu( 1395): gralloc_alloc: Creating ashmem region of size 7753728
12-14 00:06:42.362 V/StatusBar( 1732): setLightsOn(true)
12-14 00:06:42.364 V/StatusBar( 1732): setLightsOn(true)
12-14 00:06:42.365 I/ActivityManager( 1627): Displayed com.evancharlton.mileage/.Mileage: +621ms
12-14 00:06:42.398 V/StatusBar( 1732): setLightsOn(true)
12-14 00:06:42.524 I/System.out( 4527): URI: //gesture
12-14 00:06:42.524 I/System.out( 4527): params: {json={"query_timeout":5.0,"gestures":[{"query_string":"android.widget.TabWidget descendant TextView index:1","touches":[{"x":50,"y":50,"offset_x":0,"offset_y":0,"wait":0.0,"time":0.2,"release":true,"query_string":null}]}]}
12-14 00:06:42.524 I/System.out( 4527): }
12-14 00:06:42.534 I/zygote  ( 4527): Do full code cache collection, code=125KB, data=72KB
12-14 00:06:42.534 I/zygote  ( 4527): After code cache collection, code=112KB, data=46KB
12-14 00:06:42.574 V/StatusBar( 1732): setLightsOn(true)
12-14 00:06:42.619 I/chatty  ( 1732): uid=10028(u0_a28) com.android.systemui identical 2 lines
12-14 00:06:42.626 V/StatusBar( 1732): setLightsOn(true)
12-14 00:06:42.659 W/SurfaceFlinger( 1405): couldn't log to binary event log: overflow.
12-14 00:06:42.659 W/SurfaceFlinger( 1405): couldn't log to binary event log: overflow.
12-14 00:06:42.728 I/PBSessionCacheImpl( 2184): Deleted sessionId[3933089397960] from persistence.
12-14 00:06:42.744 W/SearchService( 2184): Abort, client detached.
12-14 00:06:42.905 W/ActivityManager( 1627): Bad activity token: android.os.BinderProxy@10de39d
12-14 00:06:42.905 W/ActivityManager( 1627): java.lang.ClassCastException: android.os.BinderProxy cannot be cast to com.android.server.am.ActivityRecord$Token
12-14 00:06:42.905 W/ActivityManager( 1627): 	at com.android.server.am.ActivityRecord.forTokenLocked(ActivityRecord.java:778)
12-14 00:06:42.905 W/ActivityManager( 1627): 	at com.android.server.am.ActivityRecord.isInStackLocked(ActivityRecord.java:2085)
12-14 00:06:42.905 W/ActivityManager( 1627): 	at com.android.server.am.ActivityRecord.getStackLocked(ActivityRecord.java:2090)
12-14 00:06:42.905 W/ActivityManager( 1627): 	at com.android.server.am.ActivityManagerService.getActivityDisplayId(ActivityManagerService.java:10406)
12-14 00:06:42.905 W/ActivityManager( 1627): 	at android.app.IActivityManager$Stub.onTransact(IActivityManager.java:2738)
12-14 00:06:42.905 W/ActivityManager( 1627): 	at com.android.server.am.ActivityManagerService.onTransact(ActivityManagerService.java:2935)
12-14 00:06:42.905 W/ActivityManager( 1627): 	at android.os.Binder.execTransact(Binder.java:674)
12-14 00:06:42.907 I/calabash( 4527): newActivity1
12-14 00:06:42.908 W/audio_hw_generic( 1389): Not supplying enough data to HAL, expected position 600592 , only wrote 600480
12-14 00:06:42.914 W/ActivityManager( 1627): Bad activity token: android.os.BinderProxy@10de39d
12-14 00:06:42.914 W/ActivityManager( 1627): java.lang.ClassCastException: android.os.BinderProxy cannot be cast to com.android.server.am.ActivityRecord$Token
12-14 00:06:42.914 W/ActivityManager( 1627): 	at com.android.server.am.ActivityRecord.forTokenLocked(ActivityRecord.java:778)
12-14 00:06:42.914 W/ActivityManager( 1627): 	at com.android.server.am.ActivityRecord.isInStackLocked(ActivityRecord.java:2085)
12-14 00:06:42.914 W/ActivityManager( 1627): 	at com.android.server.am.ActivityManagerService.setTaskDescription(ActivityManagerService.java:9988)
12-14 00:06:42.914 W/ActivityManager( 1627): 	at android.app.IActivityManager$Stub.onTransact(IActivityManager.java:2824)
12-14 00:06:42.914 W/ActivityManager( 1627): 	at com.android.server.am.ActivityManagerService.onTransact(ActivityManagerService.java:2935)
12-14 00:06:42.914 W/ActivityManager( 1627): 	at android.os.Binder.execTransact(Binder.java:674)
12-14 00:06:42.915 W/ActivityManager( 1627): Bad activity token: android.os.BinderProxy@10de39d
12-14 00:06:42.915 W/ActivityManager( 1627): java.lang.ClassCastException: android.os.BinderProxy cannot be cast to com.android.server.am.ActivityRecord$Token
12-14 00:06:42.915 W/ActivityManager( 1627): 	at com.android.server.am.ActivityRecord.forTokenLocked(ActivityRecord.java:778)
12-14 00:06:42.915 W/ActivityManager( 1627): 	at com.android.server.am.ActivityRecord.isInStackLocked(ActivityRecord.java:2085)
12-14 00:06:42.915 W/ActivityManager( 1627): 	at com.android.server.am.ActivityRecord.getStackLocked(ActivityRecord.java:2090)
12-14 00:06:42.915 W/ActivityManager( 1627): 	at com.android.server.am.ActivityManagerService.getActivityStackId(ActivityManagerService.java:10417)
12-14 00:06:42.915 W/ActivityManager( 1627): 	at android.app.IActivityManager$Stub.onTransact(IActivityManager.java:3548)
12-14 00:06:42.915 W/ActivityManager( 1627): 	at com.android.server.am.ActivityManagerService.onTransact(ActivityManagerService.java:2935)
12-14 00:06:42.915 W/ActivityManager( 1627): 	at android.os.Binder.execTransact(Binder.java:674)
12-14 00:06:42.967 I/zygote  ( 4527): Do partial code cache collection, code=124KB, data=59KB
12-14 00:06:42.968 I/zygote  ( 4527): After code cache collection, code=124KB, data=59KB
12-14 00:06:42.968 I/zygote  ( 4527): Increasing code cache capacity to 512KB
12-14 00:06:42.983 W/ActivityManager( 1627): Bad activity token: android.os.BinderProxy@10de39d
12-14 00:06:42.983 W/ActivityManager( 1627): java.lang.ClassCastException: android.os.BinderProxy cannot be cast to com.android.server.am.ActivityRecord$Token
12-14 00:06:42.983 W/ActivityManager( 1627): 	at com.android.server.am.ActivityRecord.forTokenLocked(ActivityRecord.java:778)
12-14 00:06:42.983 W/ActivityManager( 1627): 	at com.android.server.am.ActivityRecord.isInStackLocked(ActivityRecord.java:2085)
12-14 00:06:42.983 W/ActivityManager( 1627): 	at com.android.server.am.ActivityManagerService.getActivityOptions(ActivityManagerService.java:13302)
12-14 00:06:42.983 W/ActivityManager( 1627): 	at android.app.IActivityManager$Stub.onTransact(IActivityManager.java:2910)
12-14 00:06:42.983 W/ActivityManager( 1627): 	at com.android.server.am.ActivityManagerService.onTransact(ActivityManagerService.java:2935)
12-14 00:06:42.983 W/ActivityManager( 1627): 	at android.os.Binder.execTransact(Binder.java:674)
12-14 00:06:42.984 W/ActivityManager( 1627): Bad activity token: android.os.BinderProxy@10de39d
12-14 00:06:42.984 W/ActivityManager( 1627): java.lang.ClassCastException: android.os.BinderProxy cannot be cast to com.android.server.am.ActivityRecord$Token
12-14 00:06:42.984 W/ActivityManager( 1627): 	at com.android.server.am.ActivityRecord.forTokenLocked(ActivityRecord.java:778)
12-14 00:06:42.984 W/ActivityManager( 1627): 	at com.android.server.am.ActivityRecord.isInStackLocked(ActivityRecord.java:2085)
12-14 00:06:42.984 W/ActivityManager( 1627): 	at com.android.server.am.ActivityManagerService.getActivityOptions(ActivityManagerService.java:13302)
12-14 00:06:42.984 W/ActivityManager( 1627): 	at android.app.IActivityManager$Stub.onTransact(IActivityManager.java:2910)
12-14 00:06:42.984 W/ActivityManager( 1627): 	at com.android.server.am.ActivityManagerService.onTransact(ActivityManagerService.java:2935)
12-14 00:06:42.984 W/ActivityManager( 1627): 	at android.os.Binder.execTransact(Binder.java:674)
12-14 00:06:43.041 D/gralloc_ranchu( 1395): gralloc_alloc: Creating ashmem region of size 7753728
12-14 00:06:43.049 D/Mileage ( 4527): Not enough fillups to calculate economy
12-14 00:06:43.206 E/SurfaceFlinger( 1405): ro.sf.lcd_density must be defined as a build property
12-14 00:06:43.217 D/gralloc_ranchu( 1395): gralloc_alloc: Creating ashmem region of size 8298496
12-14 00:06:43.229 D/        ( 4570): HostConnection::get() New Host Connection established 0xa9c2f800, tid 4570
12-14 00:06:43.661 I/System.out( 4527): URI: //gesture
12-14 00:06:43.661 I/System.out( 4527): params: {json={"query_timeout":5.0,"gestures":[{"query_string":"android.widget.TabWidget descendant TextView index:3","touches":[{"x":50,"y":50,"offset_x":0,"offset_y":0,"wait":0.0,"time":0.2,"release":true,"query_string":null}]}]}
12-14 00:06:43.661 I/System.out( 4527): }
12-14 00:06:43.751 I/Finsky:download_service( 2691): [126] nmi.run(36): Stats for Executor: bgExecutor non@d6346db[Running, pool size = 0, active threads = 0, queued tasks = 0, completed tasks = 0]
12-14 00:06:43.959 W/ActivityManager( 1627): Bad activity token: android.os.BinderProxy@849c5d1
12-14 00:06:43.959 W/ActivityManager( 1627): java.lang.ClassCastException: android.os.BinderProxy cannot be cast to com.android.server.am.ActivityRecord$Token
12-14 00:06:43.959 W/ActivityManager( 1627): 	at com.android.server.am.ActivityRecord.forTokenLocked(ActivityRecord.java:778)
12-14 00:06:43.959 W/ActivityManager( 1627): 	at com.android.server.am.ActivityRecord.isInStackLocked(ActivityRecord.java:2085)
12-14 00:06:43.959 W/ActivityManager( 1627): 	at com.android.server.am.ActivityRecord.getStackLocked(ActivityRecord.java:2090)
12-14 00:06:43.959 W/ActivityManager( 1627): 	at com.android.server.am.ActivityManagerService.getActivityDisplayId(ActivityManagerService.java:10406)
12-14 00:06:43.959 W/ActivityManager( 1627): 	at android.app.IActivityManager$Stub.onTransact(IActivityManager.java:2738)
12-14 00:06:43.959 W/ActivityManager( 1627): 	at com.android.server.am.ActivityManagerService.onTransact(ActivityManagerService.java:2935)
12-14 00:06:43.959 W/ActivityManager( 1627): 	at android.os.Binder.execTransact(Binder.java:674)
12-14 00:06:43.962 I/calabash( 4527): newActivity1
12-14 00:06:43.966 W/ActivityManager( 1627): Bad activity token: android.os.BinderProxy@849c5d1
12-14 00:06:43.966 W/ActivityManager( 1627): java.lang.ClassCastException: android.os.BinderProxy cannot be cast to com.android.server.am.ActivityRecord$Token
12-14 00:06:43.966 W/ActivityManager( 1627): 	at com.android.server.am.ActivityRecord.forTokenLocked(ActivityRecord.java:778)
12-14 00:06:43.966 W/ActivityManager( 1627): 	at com.android.server.am.ActivityRecord.isInStackLocked(ActivityRecord.java:2085)
12-14 00:06:43.966 W/ActivityManager( 1627): 	at com.android.server.am.ActivityManagerService.setTaskDescription(ActivityManagerService.java:9988)
12-14 00:06:43.966 W/ActivityManager( 1627): 	at android.app.IActivityManager$Stub.onTransact(IActivityManager.java:2824)
12-14 00:06:43.966 W/ActivityManager( 1627): 	at com.android.server.am.ActivityManagerService.onTransact(ActivityManagerService.java:2935)
12-14 00:06:43.966 W/ActivityManager( 1627): 	at android.os.Binder.execTransact(Binder.java:674)
12-14 00:06:43.967 W/ActivityManager( 1627): Bad activity token: android.os.BinderProxy@849c5d1
12-14 00:06:43.967 W/ActivityManager( 1627): java.lang.ClassCastException: android.os.BinderProxy cannot be cast to com.android.server.am.ActivityRecord$Token
12-14 00:06:43.967 W/ActivityManager( 1627): 	at com.android.server.am.ActivityRecord.forTokenLocked(ActivityRecord.java:778)
12-14 00:06:43.967 W/ActivityManager( 1627): 	at com.android.server.am.ActivityRecord.isInStackLocked(ActivityRecord.java:2085)
12-14 00:06:43.967 W/ActivityManager( 1627): 	at com.android.server.am.ActivityRecord.getStackLocked(ActivityRecord.java:2090)
12-14 00:06:43.967 W/ActivityManager( 1627): 	at com.android.server.am.ActivityManagerService.getActivityStackId(ActivityManagerService.java:10417)
12-14 00:06:43.967 W/ActivityManager( 1627): 	at android.app.IActivityManager$Stub.onTransact(IActivityManager.java:3548)
12-14 00:06:43.967 W/ActivityManager( 1627): 	at com.android.server.am.ActivityManagerService.onTransact(ActivityManagerService.java:2935)
12-14 00:06:43.967 W/ActivityManager( 1627): 	at android.os.Binder.execTransact(Binder.java:674)
12-14 00:06:43.970 W/ActivityManager( 1627): Bad activity token: android.os.BinderProxy@849c5d1
12-14 00:06:43.970 W/ActivityManager( 1627): java.lang.ClassCastException: android.os.BinderProxy cannot be cast to com.android.server.am.ActivityRecord$Token
12-14 00:06:43.970 W/ActivityManager( 1627): 	at com.android.server.am.ActivityRecord.forTokenLocked(ActivityRecord.java:778)
12-14 00:06:43.970 W/ActivityManager( 1627): 	at com.android.server.am.ActivityRecord.isInStackLocked(ActivityRecord.java:2085)
12-14 00:06:43.970 W/ActivityManager( 1627): 	at com.android.server.am.ActivityManagerService.getActivityOptions(ActivityManagerService.java:13302)
12-14 00:06:43.970 W/ActivityManager( 1627): 	at android.app.IActivityManager$Stub.onTransact(IActivityManager.java:2910)
12-14 00:06:43.970 W/ActivityManager( 1627): 	at com.android.server.am.ActivityManagerService.onTransact(ActivityManagerService.java:2935)
12-14 00:06:43.970 W/ActivityManager( 1627): 	at android.os.Binder.execTransact(Binder.java:674)
12-14 00:06:43.970 W/ActivityManager( 1627): Bad activity token: android.os.BinderProxy@849c5d1
12-14 00:06:43.970 W/ActivityManager( 1627): java.lang.ClassCastException: android.os.BinderProxy cannot be cast to com.android.server.am.ActivityRecord$Token
12-14 00:06:43.970 W/ActivityManager( 1627): 	at com.android.server.am.ActivityRecord.forTokenLocked(ActivityRecord.java:778)
12-14 00:06:43.970 W/ActivityManager( 1627): 	at com.android.server.am.ActivityRecord.isInStackLocked(ActivityRecord.java:2085)
12-14 00:06:43.970 W/ActivityManager( 1627): 	at com.android.server.am.ActivityManagerService.getActivityOptions(ActivityManagerService.java:13302)
12-14 00:06:43.970 W/ActivityManager( 1627): 	at android.app.IActivityManager$Stub.onTransact(IActivityManager.java:2910)
12-14 00:06:43.970 W/ActivityManager( 1627): 	at com.android.server.am.ActivityManagerService.onTransact(ActivityManagerService.java:2935)
12-14 00:06:43.970 W/ActivityManager( 1627): 	at android.os.Binder.execTransact(Binder.java:674)
12-14 00:06:44.163 E/SurfaceFlinger( 1405): ro.sf.lcd_density must be defined as a build property
12-14 00:06:44.171 D/gralloc_ranchu( 1395): gralloc_alloc: Creating ashmem region of size 8298496
12-14 00:06:44.181 D/        ( 4576): HostConnection::get() New Host Connection established 0xb41af800, tid 4576
12-14 00:06:44.493 I/System.out( 4527): URI: //gesture
12-14 00:06:44.493 I/System.out( 4527): params: {json={"query_timeout":5.0,"gestures":[{"query_string":"android.widget.TabWidget descendant TextView index:2","touches":[{"x":50,"y":50,"offset_x":0,"offset_y":0,"wait":0.0,"time":0.2,"release":true,"query_string":null}]}]}
12-14 00:06:44.493 I/System.out( 4527): }
12-14 00:06:44.771 W/ActivityManager( 1627): Bad activity token: android.os.BinderProxy@2860310
12-14 00:06:44.771 W/ActivityManager( 1627): java.lang.ClassCastException: android.os.BinderProxy cannot be cast to com.android.server.am.ActivityRecord$Token
12-14 00:06:44.771 W/ActivityManager( 1627): 	at com.android.server.am.ActivityRecord.forTokenLocked(ActivityRecord.java:778)
12-14 00:06:44.771 W/ActivityManager( 1627): 	at com.android.server.am.ActivityRecord.isInStackLocked(ActivityRecord.java:2085)
12-14 00:06:44.771 W/ActivityManager( 1627): 	at com.android.server.am.ActivityRecord.getStackLocked(ActivityRecord.java:2090)
12-14 00:06:44.771 W/ActivityManager( 1627): 	at com.android.server.am.ActivityManagerService.getActivityDisplayId(ActivityManagerService.java:10406)
12-14 00:06:44.771 W/ActivityManager( 1627): 	at android.app.IActivityManager$Stub.onTransact(IActivityManager.java:2738)
12-14 00:06:44.771 W/ActivityManager( 1627): 	at com.android.server.am.ActivityManagerService.onTransact(ActivityManagerService.java:2935)
12-14 00:06:44.771 W/ActivityManager( 1627): 	at android.os.Binder.execTransact(Binder.java:674)
12-14 00:06:44.772 I/calabash( 4527): newActivity1
12-14 00:06:44.870 W/ActivityManager( 1627): Bad activity token: android.os.BinderProxy@2860310
12-14 00:06:44.870 W/ActivityManager( 1627): java.lang.ClassCastException: android.os.BinderProxy cannot be cast to com.android.server.am.ActivityRecord$Token
12-14 00:06:44.870 W/ActivityManager( 1627): 	at com.android.server.am.ActivityRecord.forTokenLocked(ActivityRecord.java:778)
12-14 00:06:44.870 W/ActivityManager( 1627): 	at com.android.server.am.ActivityRecord.isInStackLocked(ActivityRecord.java:2085)
12-14 00:06:44.870 W/ActivityManager( 1627): 	at com.android.server.am.ActivityManagerService.setTaskDescription(ActivityManagerService.java:9988)
12-14 00:06:44.870 W/ActivityManager( 1627): 	at android.app.IActivityManager$Stub.onTransact(IActivityManager.java:2824)
12-14 00:06:44.870 W/ActivityManager( 1627): 	at com.android.server.am.ActivityManagerService.onTransact(ActivityManagerService.java:2935)
12-14 00:06:44.870 W/ActivityManager( 1627): 	at android.os.Binder.execTransact(Binder.java:674)
12-14 00:06:44.871 W/ActivityManager( 1627): Bad activity token: android.os.BinderProxy@2860310
12-14 00:06:44.871 W/ActivityManager( 1627): java.lang.ClassCastException: android.os.BinderProxy cannot be cast to com.android.server.am.ActivityRecord$Token
12-14 00:06:44.871 W/ActivityManager( 1627): 	at com.android.server.am.ActivityRecord.forTokenLocked(ActivityRecord.java:778)
12-14 00:06:44.871 W/ActivityManager( 1627): 	at com.android.server.am.ActivityRecord.isInStackLocked(ActivityRecord.java:2085)
12-14 00:06:44.871 W/ActivityManager( 1627): 	at com.android.server.am.ActivityRecord.getStackLocked(ActivityRecord.java:2090)
12-14 00:06:44.871 W/ActivityManager( 1627): 	at com.android.server.am.ActivityManagerService.getActivityStackId(ActivityManagerService.java:10417)
12-14 00:06:44.871 W/ActivityManager( 1627): 	at android.app.IActivityManager$Stub.onTransact(IActivityManager.java:3548)
12-14 00:06:44.871 W/ActivityManager( 1627): 	at com.android.server.am.ActivityManagerService.onTransact(ActivityManagerService.java:2935)
12-14 00:06:44.871 W/ActivityManager( 1627): 	at android.os.Binder.execTransact(Binder.java:674)
12-14 00:06:44.890 E/TaskPersister( 1627): File error accessing recents directory (directory doesn't exist?).
12-14 00:06:44.903 D/VehicleStatisticsActivity( 4527): Checking recalculation ...
12-14 00:06:44.906 D/VehicleStatisticsActivity( 4527): Recalculating statistics
12-14 00:06:44.906 D/VehicleStatisticsTask( 4527): Calculation starting...
12-14 00:06:44.907 D/VehicleStatisticsActivity( 4527): Recalculation started!
12-14 00:06:44.911 W/ActivityManager( 1627): Bad activity token: android.os.BinderProxy@2860310
12-14 00:06:44.911 W/ActivityManager( 1627): java.lang.ClassCastException: android.os.BinderProxy cannot be cast to com.android.server.am.ActivityRecord$Token
12-14 00:06:44.911 W/ActivityManager( 1627): 	at com.android.server.am.ActivityRecord.forTokenLocked(ActivityRecord.java:778)
12-14 00:06:44.911 W/ActivityManager( 1627): 	at com.android.server.am.ActivityRecord.isInStackLocked(ActivityRecord.java:2085)
12-14 00:06:44.911 W/ActivityManager( 1627): 	at com.android.server.am.ActivityManagerService.getActivityOptions(ActivityManagerService.java:13302)
12-14 00:06:44.911 W/ActivityManager( 1627): 	at android.app.IActivityManager$Stub.onTransact(IActivityManager.java:2910)
12-14 00:06:44.911 W/ActivityManager( 1627): 	at com.android.server.am.ActivityManagerService.onTransact(ActivityManagerService.java:2935)
12-14 00:06:44.911 W/ActivityManager( 1627): 	at android.os.Binder.execTransact(Binder.java:674)
12-14 00:06:44.912 W/ActivityManager( 1627): Bad activity token: android.os.BinderProxy@2860310
12-14 00:06:44.912 W/ActivityManager( 1627): java.lang.ClassCastException: android.os.BinderProxy cannot be cast to com.android.server.am.ActivityRecord$Token
12-14 00:06:44.912 W/ActivityManager( 1627): 	at com.android.server.am.ActivityRecord.forTokenLocked(ActivityRecord.java:778)
12-14 00:06:44.912 W/ActivityManager( 1627): 	at com.android.server.am.ActivityRecord.isInStackLocked(ActivityRecord.java:2085)
12-14 00:06:44.912 W/ActivityManager( 1627): 	at com.android.server.am.ActivityManagerService.getActivityOptions(ActivityManagerService.java:13302)
12-14 00:06:44.912 W/ActivityManager( 1627): 	at android.app.IActivityManager$Stub.onTransact(IActivityManager.java:2910)
12-14 00:06:44.912 W/ActivityManager( 1627): 	at com.android.server.am.ActivityManagerService.onTransact(ActivityManagerService.java:2935)
12-14 00:06:44.912 W/ActivityManager( 1627): 	at android.os.Binder.execTransact(Binder.java:674)
12-14 00:06:44.918 D/VehicleStatisticsActivity( 4527): Checking recalculation ...
12-14 00:06:44.921 D/VehicleStatisticsActivity( 4527): Recalculating statistics
12-14 00:06:44.921 D/VehicleStatisticsTask( 4527): Calculation starting...
12-14 00:06:44.921 D/VehicleStatisticsActivity( 4527): Recalculation started!
12-14 00:06:44.921 D/VehicleStatisticsTask( 4527): Not enough fillups to calculate statistics
12-14 00:06:44.940 D/VehicleStatisticsTask( 4527): Not enough fillups to calculate statistics
12-14 00:06:44.976 I/zygote  ( 4527): Do full code cache collection, code=228KB, data=149KB
12-14 00:06:44.976 I/zygote  ( 4527): After code cache collection, code=227KB, data=127KB
12-14 00:06:45.032 E/SurfaceFlinger( 1405): ro.sf.lcd_density must be defined as a build property
12-14 00:06:45.047 D/gralloc_ranchu( 1395): gralloc_alloc: Creating ashmem region of size 8298496
12-14 00:06:45.059 D/        ( 4582): HostConnection::get() New Host Connection established 0xa7c2f800, tid 4582
12-14 00:06:45.075 D/VehicleStatisticsTask( 4527): Done recalculating!
12-14 00:06:45.076 D/VehicleStatisticsTask( 4527): Done recalculating!
12-14 00:06:45.077 D/VehicleStatisticsAdapter( 4527): Erasing the cache ...
12-14 00:06:45.077 D/VehicleStatisticsAdapter( 4527): Erasing the cache ...
12-14 00:06:45.080 D/VehicleStatisticsAdapter( 4527): Building new values ...
12-14 00:06:45.080 D/VehicleStatisticsAdapter( 4527): Writing 29 records to the database ...
12-14 00:06:45.100 D/Mileage.ABS( 4527): Finished backup
12-14 00:06:45.135 D/Mileage.ABS( 4527): Not backing up; 60
12-14 00:06:45.172 D/VehicleStatisticsAdapter( 4527): Building new values ...
12-14 00:06:45.173 D/VehicleStatisticsAdapter( 4527): Writing 29 records to the database ...
12-14 00:06:45.175 I/zygote  ( 4527): Do partial code cache collection, code=237KB, data=143KB
12-14 00:06:45.175 I/zygote  ( 4527): After code cache collection, code=237KB, data=143KB
12-14 00:06:45.175 I/zygote  ( 4527): Increasing code cache capacity to 1024KB
12-14 00:06:45.218 D/Mileage.ABS( 4527): Not backing up; 143
12-14 00:06:45.308 D/Mileage.ABS( 4527): Not backing up; 233
12-14 00:06:45.309 D/Mileage.ABS( 4527): Not backing up; 234
12-14 00:06:45.311 D/Mileage.ABS( 4527): Not backing up; 236
12-14 00:06:45.312 D/Mileage.ABS( 4527): Not backing up; 237
