12-13 23:11:06.584 I/InstrumentationBackend( 3897): Added:'SetComposingRegion', with key:'set_composing_region'
12-13 23:11:06.586 I/InstrumentationBackend( 3897): Added:'SetSelection', with key:'set_selection'
12-13 23:11:06.586 I/InstrumentationBackend( 3897): Added:'KeyboardKeyEvent', with key:'keyboard_key_event'
12-13 23:11:06.587 I/InstrumentationBackend( 3897): Added:'PressUserActionButton', with key:'press_user_action_button'
12-13 23:11:06.588 I/InstrumentationBackend( 3897): Added:'HideSoftKeyboard', with key:'hide_soft_keyboard'
12-13 23:11:06.591 I/InstrumentationBackend( 3897): Added:'ListActions', with key:'list_actions'
12-13 23:11:06.591 I/calabash( 3897): Instantiating http server at 7102
12-13 23:11:06.593 I/System.out( 3897): HTTP Daemon listening on: 7102
12-13 23:11:06.626 I/NetworkScheduler.Stats( 1941): Task com.google.android.gms/com.google.android.gms.udc.service.UdcContextInitService finished executing. cause:1 result: 1 elapsed_millis: 128 uptime_millis: 128 exec_start_elapsed_seconds: 58 [CONTEXT service_id=218 ]
12-13 23:11:06.691 I/System.out( 3897): URI: //ping
12-13 23:11:06.692 I/System.out( 3897): params: {json={}
12-13 23:11:06.692 I/System.out( 3897): }
12-13 23:11:06.719 I/System.out( 3897): URI: //ping
12-13 23:11:06.719 I/System.out( 3897): params: {json={}
12-13 23:11:06.719 I/System.out( 3897): }
12-13 23:11:06.731 I/ActivityManager( 1628): Killing 3395:com.android.externalstorage/u0a8 (adj 906): empty #17
12-13 23:11:06.733 I/System.out( 3897): URI: //ready
12-13 23:11:06.733 I/System.out( 3897): params: {json={}
12-13 23:11:06.733 I/System.out( 3897): }
12-13 23:11:06.743 I/System.out( 3897): URI: //
12-13 23:11:06.743 I/System.out( 3897): params: {json={"command":"version","arguments":[]}
12-13 23:11:06.743 I/System.out( 3897): }
12-13 23:11:06.743 I/System.out( 3897): header: {content-type=application/json;charset=utf-8, date=Mon, 14 Dec 2020 04:11:07 GMT, accept=*/*, host=127.0.0.1:34777, content-length=36, user-agent=HTTPClient/1.0 (2.8.3, ruby 2.5.8 (2020-03-31))}
12-13 23:11:06.743 I/System.out( 3897): params: {json={"command":"version","arguments":[]}
12-13 23:11:06.743 I/System.out( 3897): }
12-13 23:11:06.743 I/System.out( 3897): ProP json = {"command":"version","arguments":[]}
12-13 23:11:06.743 I/System.out( 3897): files: {}
12-13 23:11:06.744 I/System.out( 3897): command: {"command":"version","arguments":[]}
12-13 23:11:06.777 I/InstrumentationBackend( 3897): Got command:'Command:'Line:null,version', arguments:'[]'
12-13 23:11:06.814 I/System.out( 3897): result:{"bonusInformation":[],"message":"0.9.8","success":true}
12-13 23:11:06.822 I/System.out( 3897): URI: //start-application
12-13 23:11:06.822 I/System.out( 3897): params: {json={"intent":null}
12-13 23:11:06.823 I/System.out( 3897): }
12-13 23:11:06.866 I/ActivityManager( 1628): START u0 {act=android.intent.action.MAIN cat=[android.intent.category.LAUNCHER] flg=0x10200000 cmp=com.evancharlton.mileage/.Mileage} from uid 10150
12-13 23:11:06.882 I/calabash( 3897): newActivity1
12-13 23:11:06.912 D/gralloc_ranchu( 1396): gralloc_alloc: Creating ashmem region of size 7753728
12-13 23:11:06.920 W/ActivityManager( 1628): Bad activity token: android.os.BinderProxy@468a34f
12-13 23:11:06.920 W/ActivityManager( 1628): java.lang.ClassCastException: android.os.BinderProxy cannot be cast to com.android.server.am.ActivityRecord$Token
12-13 23:11:06.920 W/ActivityManager( 1628): 	at com.android.server.am.ActivityRecord.forTokenLocked(ActivityRecord.java:778)
12-13 23:11:06.920 W/ActivityManager( 1628): 	at com.android.server.am.ActivityRecord.isInStackLocked(ActivityRecord.java:2085)
12-13 23:11:06.920 W/ActivityManager( 1628): 	at com.android.server.am.ActivityRecord.getStackLocked(ActivityRecord.java:2090)
12-13 23:11:06.920 W/ActivityManager( 1628): 	at com.android.server.am.ActivityManagerService.getActivityDisplayId(ActivityManagerService.java:10406)
12-13 23:11:06.920 W/ActivityManager( 1628): 	at android.app.IActivityManager$Stub.onTransact(IActivityManager.java:2738)
12-13 23:11:06.920 W/ActivityManager( 1628): 	at com.android.server.am.ActivityManagerService.onTransact(ActivityManagerService.java:2935)
12-13 23:11:06.920 W/ActivityManager( 1628): 	at android.os.Binder.execTransact(Binder.java:674)
12-13 23:11:06.924 I/calabash( 3897): newActivity1
12-13 23:11:06.932 W/ActivityManager( 1628): Bad activity token: android.os.BinderProxy@468a34f
12-13 23:11:06.932 W/ActivityManager( 1628): java.lang.ClassCastException: android.os.BinderProxy cannot be cast to com.android.server.am.ActivityRecord$Token
12-13 23:11:06.932 W/ActivityManager( 1628): 	at com.android.server.am.ActivityRecord.forTokenLocked(ActivityRecord.java:778)
12-13 23:11:06.932 W/ActivityManager( 1628): 	at com.android.server.am.ActivityRecord.isInStackLocked(ActivityRecord.java:2085)
12-13 23:11:06.932 W/ActivityManager( 1628): 	at com.android.server.am.ActivityManagerService.setTaskDescription(ActivityManagerService.java:9988)
12-13 23:11:06.932 W/ActivityManager( 1628): 	at android.app.IActivityManager$Stub.onTransact(IActivityManager.java:2824)
12-13 23:11:06.932 W/ActivityManager( 1628): 	at com.android.server.am.ActivityManagerService.onTransact(ActivityManagerService.java:2935)
12-13 23:11:06.932 W/ActivityManager( 1628): 	at android.os.Binder.execTransact(Binder.java:674)
12-13 23:11:06.933 W/ActivityManager( 1628): Bad activity token: android.os.BinderProxy@468a34f
12-13 23:11:06.933 W/ActivityManager( 1628): java.lang.ClassCastException: android.os.BinderProxy cannot be cast to com.android.server.am.ActivityRecord$Token
12-13 23:11:06.933 W/ActivityManager( 1628): 	at com.android.server.am.ActivityRecord.forTokenLocked(ActivityRecord.java:778)
12-13 23:11:06.933 W/ActivityManager( 1628): 	at com.android.server.am.ActivityRecord.isInStackLocked(ActivityRecord.java:2085)
12-13 23:11:06.933 W/ActivityManager( 1628): 	at com.android.server.am.ActivityRecord.getStackLocked(ActivityRecord.java:2090)
12-13 23:11:06.933 W/ActivityManager( 1628): 	at com.android.server.am.ActivityManagerService.getActivityStackId(ActivityManagerService.java:10417)
12-13 23:11:06.933 W/ActivityManager( 1628): 	at android.app.IActivityManager$Stub.onTransact(IActivityManager.java:3548)
12-13 23:11:06.933 W/ActivityManager( 1628): 	at com.android.server.am.ActivityManagerService.onTransact(ActivityManagerService.java:2935)
12-13 23:11:06.933 W/ActivityManager( 1628): 	at android.os.Binder.execTransact(Binder.java:674)
12-13 23:11:06.968 V/StatusBar( 1726): setLightsOn(true)
12-13 23:11:06.968 D/EGL_emulation( 2162): eglMakeCurrent: 0xa3efd1a0: ver 3 0 (tinfo 0xa3eff9d0)
12-13 23:11:06.978 D/EGL_emulation( 2203): eglMakeCurrent: 0xa67859c0: ver 3 0 (tinfo 0xa67837d0)
12-13 23:11:06.992 W/asset   ( 1726): Asset path /data/app/com.evancharlton.mileage-mrYjsnpBk2dQpyIDSLjn3A==/base.apk is neither a directory nor file (type=1).
12-13 23:11:06.992 E/ResourcesManager( 1726): failed to add asset path /data/app/com.evancharlton.mileage-mrYjsnpBk2dQpyIDSLjn3A==/base.apk
12-13 23:11:06.992 W/PackageManager( 1726): Failure retrieving resources for com.evancharlton.mileage
12-13 23:11:06.992 W/asset   ( 1726): Asset path /data/app/com.evancharlton.mileage-mrYjsnpBk2dQpyIDSLjn3A==/base.apk is neither a directory nor file (type=1).
12-13 23:11:06.992 E/ResourcesManager( 1726): failed to add asset path /data/app/com.evancharlton.mileage-mrYjsnpBk2dQpyIDSLjn3A==/base.apk
12-13 23:11:06.993 W/PackageManager( 1726): Failure retrieving resources for com.evancharlton.mileage
12-13 23:11:06.993 W/asset   ( 1726): Asset path /data/app/com.evancharlton.mileage-mrYjsnpBk2dQpyIDSLjn3A==/base.apk is neither a directory nor file (type=1).
12-13 23:11:06.993 E/ResourcesManager( 1726): failed to add asset path /data/app/com.evancharlton.mileage-mrYjsnpBk2dQpyIDSLjn3A==/base.apk
12-13 23:11:06.993 W/PackageManager( 1726): Failure retrieving resources for com.evancharlton.mileage
12-13 23:11:06.998 D/FillupsProvider( 3897): Creating database
12-13 23:11:06.999 D/EGL_emulation( 1726): eglMakeCurrent: 0xa1f33fe0: ver 3 0 (tinfo 0x9291bb30)
12-13 23:11:07.048 I/chatty  ( 1726): uid=10028(u0_a28) RenderThread identical 3 lines
12-13 23:11:07.066 D/EGL_emulation( 1726): eglMakeCurrent: 0xa1f33fe0: ver 3 0 (tinfo 0x9291bb30)
12-13 23:11:07.067 V/StatusBar( 1726): setLightsOn(true)
12-13 23:11:07.069 E/ContentStoreEUAS( 2203): Failed to commit the deferred actions
12-13 23:11:07.079 D/EGL_emulation( 1726): eglMakeCurrent: 0xa1f33fe0: ver 3 0 (tinfo 0x9291bb30)
12-13 23:11:07.081 I/zygote  ( 3897): Do partial code cache collection, code=30KB, data=21KB
12-13 23:11:07.082 I/zygote  ( 3897): After code cache collection, code=30KB, data=21KB
12-13 23:11:07.082 I/zygote  ( 3897): Increasing code cache capacity to 128KB
12-13 23:11:07.088 D/EGL_emulation( 1726): eglMakeCurrent: 0xa1f33fe0: ver 3 0 (tinfo 0x9291bb30)
12-13 23:11:07.169 I/chatty  ( 1726): uid=10028(u0_a28) RenderThread identical 10 lines
12-13 23:11:07.182 D/EGL_emulation( 1726): eglMakeCurrent: 0xa1f33fe0: ver 3 0 (tinfo 0x9291bb30)
12-13 23:11:07.185 W/ActivityManager( 1628): Bad activity token: android.os.BinderProxy@468a34f
12-13 23:11:07.185 W/ActivityManager( 1628): java.lang.ClassCastException: android.os.BinderProxy cannot be cast to com.android.server.am.ActivityRecord$Token
12-13 23:11:07.185 W/ActivityManager( 1628): 	at com.android.server.am.ActivityRecord.forTokenLocked(ActivityRecord.java:778)
12-13 23:11:07.185 W/ActivityManager( 1628): 	at com.android.server.am.ActivityRecord.isInStackLocked(ActivityRecord.java:2085)
12-13 23:11:07.185 W/ActivityManager( 1628): 	at com.android.server.am.ActivityManagerService.getActivityOptions(ActivityManagerService.java:13302)
12-13 23:11:07.185 W/ActivityManager( 1628): 	at android.app.IActivityManager$Stub.onTransact(IActivityManager.java:2910)
12-13 23:11:07.185 W/ActivityManager( 1628): 	at com.android.server.am.ActivityManagerService.onTransact(ActivityManagerService.java:2935)
12-13 23:11:07.185 W/ActivityManager( 1628): 	at android.os.Binder.execTransact(Binder.java:674)
12-13 23:11:07.186 W/ActivityManager( 1628): Bad activity token: android.os.BinderProxy@468a34f
12-13 23:11:07.186 W/ActivityManager( 1628): java.lang.ClassCastException: android.os.BinderProxy cannot be cast to com.android.server.am.ActivityRecord$Token
12-13 23:11:07.186 W/ActivityManager( 1628): 	at com.android.server.am.ActivityRecord.forTokenLocked(ActivityRecord.java:778)
12-13 23:11:07.186 W/ActivityManager( 1628): 	at com.android.server.am.ActivityRecord.isInStackLocked(ActivityRecord.java:2085)
12-13 23:11:07.186 W/ActivityManager( 1628): 	at com.android.server.am.ActivityManagerService.getActivityOptions(ActivityManagerService.java:13302)
12-13 23:11:07.186 W/ActivityManager( 1628): 	at android.app.IActivityManager$Stub.onTransact(IActivityManager.java:2910)
12-13 23:11:07.186 W/ActivityManager( 1628): 	at com.android.server.am.ActivityManagerService.onTransact(ActivityManagerService.java:2935)
12-13 23:11:07.186 W/ActivityManager( 1628): 	at android.os.Binder.execTransact(Binder.java:674)
12-13 23:11:07.291 V/StatusBar( 1726): setLightsOn(true)
12-13 23:11:07.324 I/zygote  ( 1941): Deoptimizing bsbk brqx.D(int) due to JIT inline cache
12-13 23:11:07.331 I/InputReader( 1628): Reconfiguring input devices.  changes=0x00000010
12-13 23:11:07.353 W/ResourceType( 1628): ResTable_typeSpec entry count inconsistent: given 67, previously 69
12-13 23:11:07.353 W/ResourceType( 1628): ResTable_typeSpec entry count inconsistent: given 5411, previously 5412
12-13 23:11:07.428 I/zygote  ( 3897): Do partial code cache collection, code=43KB, data=42KB
12-13 23:11:07.429 I/zygote  ( 3897): After code cache collection, code=43KB, data=42KB
12-13 23:11:07.429 I/zygote  ( 3897): Increasing code cache capacity to 256KB
12-13 23:11:07.431 I/zygote  ( 3897): JIT allocated 71KB for compiled code of void android.widget.TextView.<init>(android.content.Context, android.util.AttributeSet, int, int)
12-13 23:11:07.431 I/zygote  ( 3897): Compiler allocated 4MB to compile void android.widget.TextView.<init>(android.content.Context, android.util.AttributeSet, int, int)
12-13 23:11:07.469 D/gralloc_ranchu( 1396): gralloc_alloc: Creating ashmem region of size 7753728
12-13 23:11:07.470 I/Fitness ( 1941): OnPackageChangedOperation got intent: Intent { act=android.intent.action.PACKAGE_CHANGED dat=package:com.google.android.gms flg=0x45000010 pkg=com.google.android.gms cmp=com.google.android.gms/.chimera.PersistentIntentOperationService (has extras) } [CONTEXT service_id=17 ]
12-13 23:11:07.490 D/        ( 3897): HostConnection::get() New Host Connection established 0xa3bb0e40, tid 3897
12-13 23:11:07.509 W/ResourceType( 1628): ResTable_typeSpec entry count inconsistent: given 67, previously 69
12-13 23:11:07.509 W/ResourceType( 1628): ResTable_typeSpec entry count inconsistent: given 5411, previously 5412
12-13 23:11:07.532 I/Telecom ( 1628): DefaultDialerCache: Refreshing default dialer for user 0: now com.google.android.dialer: DDC.oR@AE0
12-13 23:11:07.552 I/Fitness ( 1941): FitCleanupIntentOperation received Intent android.intent.action.PACKAGE_CHANGED [CONTEXT service_id=17 ]
12-13 23:11:07.599 D/CarrierSvcBindHelper( 1820): No carrier app for: 0
12-13 23:11:07.600 D/ImsResolver( 1820): maybeAddedImsService, packageName: com.google.android.gms
12-13 23:11:07.602 V/StatusBar( 1726): setLightsOn(true)
12-13 23:11:07.603 I/ActivityManager( 1628): Displayed com.evancharlton.mileage/.Mileage: +707ms
12-13 23:11:07.610 W/Nearby  ( 1941): Failed attempt #3 out of 3 for RestoreDeviceName [CONTEXT service_id=49 ]
12-13 23:11:07.610 W/Nearby  ( 1941): java.lang.IllegalStateException: BluetoothAdapter not ready yet!
12-13 23:11:07.610 W/Nearby  ( 1941): 	at alhd.g(:com.google.android.gms@204713022@20.47.13 (040700-344095733):2)
12-13 23:11:07.610 W/Nearby  ( 1941): 	at alhc.run(Unknown Source:0)
12-13 23:11:07.610 W/Nearby  ( 1941): 	at bznt.call(Unknown Source:0)
12-13 23:11:07.610 W/Nearby  ( 1941): 	at bzny.b(:com.google.android.gms@204713022@20.47.13 (040700-344095733):2)
12-13 23:11:07.610 W/Nearby  ( 1941): 	at bzny.a(:com.google.android.gms@204713022@20.47.13 (040700-344095733):0)
12-13 23:11:07.610 W/Nearby  ( 1941): 	at alhb.run(Unknown Source:2)
12-13 23:11:07.610 W/Nearby  ( 1941): 	at java.lang.Thread.run(Thread.java:764)
12-13 23:11:07.610 W/Nearby  ( 1941): 	at tly.run(Unknown Source:5)
12-13 23:11:07.610 W/Nearby  ( 1941): 	at java.util.concurrent.ThreadPoolExecutor.runWorker(ThreadPoolExecutor.java:1162)
12-13 23:11:07.610 W/Nearby  ( 1941): 	at java.util.concurrent.ThreadPoolExecutor$Worker.run(ThreadPoolExecutor.java:636)
12-13 23:11:07.610 W/Nearby  ( 1941): 	at trx.run(:com.google.android.gms@204713022@20.47.13 (040700-344095733):0)
12-13 23:11:07.610 W/Nearby  ( 1941): 	at java.lang.Thread.run(Thread.java:764)
12-13 23:11:07.630 I/zygote  ( 3897): Do full code cache collection, code=123KB, data=73KB
12-13 23:11:07.631 I/zygote  ( 3897): After code cache collection, code=88KB, data=37KB
12-13 23:11:07.631 D/gralloc_ranchu( 1396): gralloc_alloc: Creating ashmem region of size 7753728
12-13 23:11:07.637 V/StatusBar( 1726): setLightsOn(true)
12-13 23:11:07.644 W/PeopleGalProvider( 2267): Not enabled to outside of GmsCore.
12-13 23:11:07.644 I/PeopleGalProvider( 2267): Method 0 completed.
12-13 23:11:07.673 I/ContactDirectoryManager( 2378): Directory provider com.google.android.gms(com.google.android.gms.people.gal.provider) returned a NULL cursor.
12-13 23:11:07.718 V/StatusBar( 1726): setLightsOn(true)
12-13 23:11:07.720 V/StatusBar( 1726): setLightsOn(true)
12-13 23:11:07.721 I/Icing   ( 2267): IndexChimeraService.getServiceInterface callingPackage=com.google.android.gms componentName=AppsCorpus serviceId=36
12-13 23:11:07.743 V/StatusBar( 1726): setLightsOn(true)
12-13 23:11:07.802 I/ProvidersCache( 3367): Provider returned no roots. Possibly naughty: com.google.android.apps.docs.storage
12-13 23:11:07.824 V/StatusBar( 1726): setLightsOn(true)
12-13 23:11:07.831 V/StatusBar( 1726): setLightsOn(true)
12-13 23:11:07.833 I/Icing   ( 2267): updateResources: need to parse adiq{com.google.android.gms}
12-13 23:11:07.856 W/SurfaceFlinger( 1411): couldn't log to binary event log: overflow.
12-13 23:11:07.856 W/SurfaceFlinger( 1411): couldn't log to binary event log: overflow.
12-13 23:11:07.868 W/Binder  ( 1628): Outgoing transactions from this process must be FLAG_ONEWAY
12-13 23:11:07.868 W/Binder  ( 1628): java.lang.Throwable
12-13 23:11:07.868 W/Binder  ( 1628): 	at android.os.BinderProxy.transact(Binder.java:736)
12-13 23:11:07.868 W/Binder  ( 1628): 	at com.android.internal.location.ILocationProvider$Stub$Proxy.getProperties(ILocationProvider.java:232)
12-13 23:11:07.868 W/Binder  ( 1628): 	at com.android.server.location.LocationProviderProxy$1.run(LocationProviderProxy.java:119)
12-13 23:11:07.868 W/Binder  ( 1628): 	at android.os.Handler.handleCallback(Handler.java:789)
12-13 23:11:07.868 W/Binder  ( 1628): 	at android.os.Handler.dispatchMessage(Handler.java:98)
12-13 23:11:07.868 W/Binder  ( 1628): 	at android.os.Looper.loop(Looper.java:164)
12-13 23:11:07.868 W/Binder  ( 1628): 	at android.os.HandlerThread.run(HandlerThread.java:65)
12-13 23:11:07.871 W/Binder  ( 1628): Outgoing transactions from this process must be FLAG_ONEWAY
12-13 23:11:07.871 W/Binder  ( 1628): java.lang.Throwable
12-13 23:11:07.871 W/Binder  ( 1628): 	at android.os.BinderProxy.transact(Binder.java:736)
12-13 23:11:07.871 W/Binder  ( 1628): 	at com.android.internal.location.ILocationProvider$Stub$Proxy.getProperties(ILocationProvider.java:232)
12-13 23:11:07.871 W/Binder  ( 1628): 	at com.android.server.location.LocationProviderProxy$1.run(LocationProviderProxy.java:119)
12-13 23:11:07.871 W/Binder  ( 1628): 	at android.os.Handler.handleCallback(Handler.java:789)
12-13 23:11:07.871 W/Binder  ( 1628): 	at android.os.Handler.dispatchMessage(Handler.java:98)
12-13 23:11:07.871 W/Binder  ( 1628): 	at android.os.Looper.loop(Looper.java:164)
12-13 23:11:07.871 W/Binder  ( 1628): 	at android.os.HandlerThread.run(HandlerThread.java:65)
12-13 23:11:07.942 I/PBSessionCacheImpl( 2203): Deleted sessionId[2077663492401] from persistence.
12-13 23:11:07.958 I/System.out( 3897): URI: //map
12-13 23:11:07.958 I/System.out( 3897): params: {json={"query":"android.widget.Button index:2","operation":{"method_name":"query","arguments":[]}}
12-13 23:11:07.958 I/System.out( 3897): }
12-13 23:11:07.966 W/SearchService( 2203): Abort, client detached.
12-13 23:11:07.969 E/WorkerRegistryImpl( 2203): getWorker() is called after WorkerRegistry disposal.
12-13 23:11:07.970 E/WorkerRegistryImpl( 2203): getWorker() is called after WorkerRegistry disposal.
12-13 23:11:07.999 W/Icing   ( 2267): No valid account for uploading user actions
12-13 23:11:08.057 I/Icing   ( 2267): IndexChimeraService.getServiceInterface callingPackage=com.google.android.gms componentName=null serviceId=30
12-13 23:11:08.082 I/Icing   ( 2267): Usage reports ok 1, Failed Usage reports 0, indexed 0, rejected 0
12-13 23:11:08.090 W/Icing   ( 2267): No valid account for uploading user actions
12-13 23:11:08.106 I/Icing   ( 2267): Usage reports ok 0, Failed Usage reports 0, indexed 0, rejected 0
12-13 23:11:08.107 I/Icing   ( 2267): Indexing com.google.android.gms-apps from com.google.android.gms
12-13 23:11:08.110 I/Icing   ( 2267): Indexing done com.google.android.gms-apps
12-13 23:11:08.165 I/System.out( 3897): URI: //gesture
12-13 23:11:08.165 I/System.out( 3897): params: {json={"query_timeout":5.0,"gestures":[{"query_string":"android.widget.Button index:2","touches":[{"x":50,"y":50,"offset_x":0,"offset_y":0,"wait":0.0,"time":0.2,"release":true,"query_string":null}]}]}
12-13 23:11:08.165 I/System.out( 3897): }
12-13 23:11:08.421 I/zygote  ( 3897): Do partial code cache collection, code=119KB, data=58KB
12-13 23:11:08.421 I/zygote  ( 3897): After code cache collection, code=119KB, data=58KB
12-13 23:11:08.421 I/zygote  ( 3897): Increasing code cache capacity to 512KB
12-13 23:11:08.467 I/AudioTrack( 1628): AUDIO_OUTPUT_FLAG_FAST successful; frameCount 4512 -> 4512
12-13 23:11:08.522 I/zygote  ( 1941): Deoptimizing void tma.c(java.lang.Runnable) due to JIT inline cache
12-13 23:11:08.558 V/StatusBar( 1726): setLightsOn(true)
12-13 23:11:08.559 I/chatty  ( 1726): uid=10028(u0_a28) com.android.systemui identical 1 line
12-13 23:11:08.562 V/StatusBar( 1726): setLightsOn(true)
12-13 23:11:08.572 W/View    ( 3897): dispatchProvideAutofillStructure(): not laid out, ignoring
12-13 23:11:08.581 W/Binder  ( 1628): Outgoing transactions from this process must be FLAG_ONEWAY
12-13 23:11:08.581 W/Binder  ( 1628): java.lang.Throwable
12-13 23:11:08.581 W/Binder  ( 1628): 	at android.os.BinderProxy.transact(Binder.java:736)
12-13 23:11:08.581 W/Binder  ( 1628): 	at android.app.assist.AssistStructure$ParcelTransferReader.fetchData(AssistStructure.java:407)
12-13 23:11:08.581 W/Binder  ( 1628): 	at android.app.assist.AssistStructure$ParcelTransferReader.go(AssistStructure.java:343)
12-13 23:11:08.581 W/Binder  ( 1628): 	at android.app.assist.AssistStructure.ensureData(AssistStructure.java:2096)
12-13 23:11:08.581 W/Binder  ( 1628): 	at com.android.server.autofill.Session$1.send(Session.java:200)
12-13 23:11:08.581 W/Binder  ( 1628): 	at com.android.server.am.ActivityManagerService.reportAssistContextExtras(ActivityManagerService.java:13137)
12-13 23:11:08.581 W/Binder  ( 1628): 	at android.app.IActivityManager$Stub.onTransact(IActivityManager.java:2466)
12-13 23:11:08.581 W/Binder  ( 1628): 	at com.android.server.am.ActivityManagerService.onTransact(ActivityManagerService.java:2935)
12-13 23:11:08.581 W/Binder  ( 1628): 	at android.os.Binder.execTransact(Binder.java:674)
12-13 23:11:08.586 I/AssistStructure( 3897): Flattened final assist data: 5024 bytes, containing 2 windows, 19 views
12-13 23:11:08.593 D/gralloc_ranchu( 1396): gralloc_alloc: Creating ashmem region of size 303104
12-13 23:11:09.122 W/audio_hw_generic( 1390): Not supplying enough data to HAL, expected position 24877 , only wrote 2880
12-13 23:11:09.122 W/audio_hw_generic( 1390): Not supplying enough data to HAL, expected position 2893 , only wrote 2880
12-13 23:11:09.123 W/AudioFlinger( 1476): write blocked for 521 msecs, 1 delayed writes, thread 0xa8a83b00
12-13 23:11:09.123 W/audio_hw_generic( 1390): Hardware backing HAL too slow, could only write 0 of 720 frames
12-13 23:11:09.130 V/StatusBar( 1726): setLightsOn(true)
12-13 23:11:09.133 V/StatusBar( 1726): setLightsOn(true)
12-13 23:11:09.139 W/audio_hw_generic( 1390): Hardware backing HAL too slow, could only write 0 of 720 frames
12-13 23:11:09.143 V/StatusBar( 1726): setLightsOn(true)
12-13 23:11:09.151 D/AudioFlinger( 1476): mixer(0xa8a83b00) throttle end: throttle time(12)
12-13 23:11:09.230 D/gralloc_ranchu( 1396): gralloc_alloc: Creating ashmem region of size 7753728
12-13 23:11:09.243 I/AssistStructure( 1628): Flattened final assist data: 4496 bytes, containing 2 windows, 19 views
12-13 23:11:09.249 E/SurfaceFlinger( 1411): ro.sf.lcd_density must be defined as a build property
12-13 23:11:09.260 D/PermissionCache( 1411): checking android.permission.READ_FRAME_BUFFER for uid=2000 => granted (310 us)
12-13 23:11:09.265 W/lgq     ( 1941): Pending fill request while another request in the same session was triggered. [CONTEXT service_id=177 ]
12-13 23:11:09.288 I/zygote  ( 1628): Background concurrent copying GC freed 55035(2MB) AllocSpace objects, 8(160KB) LOS objects, 37% free, 10MB/16MB, paused 520us total 116.027ms
12-13 23:11:09.312 D/gralloc_ranchu( 1396): gralloc_alloc: Creating ashmem region of size 8298496
12-13 23:11:09.324 D/        ( 3949): HostConnection::get() New Host Connection established 0xab5af800, tid 3949
12-13 23:11:09.400 V/StatusBar( 1726): setLightsOn(true)
12-13 23:11:09.407 I/zygote  ( 3834): Waiting for a blocking GC ProfileSaver
12-13 23:11:09.439 I/zygote  ( 3834): WaitForGcToComplete blocked for 32.415ms for cause ProfileSaver
12-13 23:11:09.752 I/zygote  ( 1941): Background concurrent copying GC freed 79543(4MB) AllocSpace objects, 8(292KB) LOS objects, 44% free, 7MB/13MB, paused 1.639ms total 162.578ms
12-13 23:11:09.818 I/zygote  ( 1941): Deoptimizing void brrp.g(java.lang.Object, java.lang.Iterable) due to JIT inline cache
