--------- beginning of main
12-14 03:05:35.690 I/System.out( 3985): URI: //gesture
12-14 03:05:35.690 I/System.out( 3985): params: {json={"query_timeout":5.0,"gestures":[{"query_string":"android.widget.CheckBox index:0","touches":[{"x":50,"y":50,"offset_x":0,"offset_y":0,"wait":0.0,"time":0.2,"release":true,"query_string":null}]}]}
12-14 03:05:35.690 I/System.out( 3985): }
12-14 03:05:35.748 I/qemu-props( 1402): start adbd ...
12-14 03:05:36.147 E/SurfaceFlinger( 1405): ro.sf.lcd_density must be defined as a build property
12-14 03:05:36.155 D/gralloc_ranchu( 1395): gralloc_alloc: Creating ashmem region of size 8298496
12-14 03:05:36.165 D/        ( 4039): HostConnection::get() New Host Connection established 0xb72af800, tid 4039
12-14 03:05:36.560 I/System.out( 3985): URI: //kill
12-14 03:05:36.569 I/System.out( 3985): params: {json={}
12-14 03:05:36.569 I/System.out( 3985): }
12-14 03:05:36.569 I/System.out( 3985): Stopping test server
12-14 03:05:36.581 W/zygote  ( 4047): Unexpected CPU variant for X86 using defaults: x86
12-14 03:05:36.582 E/adbd    ( 1352): failed to connect to socket 'tcp:7102': Connection refused
12-14 03:05:36.586 E/adbd    ( 1352): failed to connect to socket 'tcp:7102': Connection refused
12-14 03:05:36.598 I/zygote  ( 4047): Background concurrent copying GC freed 6039(2MB) AllocSpace objects, 0(0B) LOS objects, 82% free, 320KB/1856KB, paused 8.147ms total 12.146ms
12-14 03:05:36.606 V/StatusBar( 1733): setLightsOn(true)
12-14 03:05:36.627 V/StatusBar( 1733): setLightsOn(true)
12-14 03:05:36.630 D/hwcomposer( 1396): hw_composer sent 62 syncs in 61s
12-14 03:05:36.637 V/StatusBar( 1733): setLightsOn(true)
12-14 03:05:36.647 E/memtrack( 1628): Couldn't load memtrack module
12-14 03:05:36.647 W/android.os.Debug( 1628): failed to get memory consumption info: -1
12-14 03:05:36.648 I/CalendarProvider2( 4047): Created com.android.providers.calendar.CalendarAlarmManager@68a2f3b(com.android.providers.calendar.CalendarProvider2@5dc4658)
12-14 03:05:36.659 V/StatusBar( 1733): setLightsOn(true)
12-14 03:05:36.671 D/gralloc_ranchu( 1395): gralloc_alloc: Creating ashmem region of size 8298496
12-14 03:05:36.672 V/StatusBar( 1733): setLightsOn(true)
12-14 03:05:36.676 D/SurfaceFlinger( 1405): duplicate layer name: changing com.google.android.apps.nexuslauncher/com.google.android.apps.nexuslauncher.NexusLauncherActivity to com.google.android.apps.nexuslauncher/com.google.android.apps.nexuslauncher.NexusLauncherActivity#1
12-14 03:05:36.684 D/gralloc_ranchu( 1395): gralloc_alloc: Creating ashmem region of size 8298496
12-14 03:05:36.698 D/gralloc_ranchu( 1395): gralloc_alloc: Creating ashmem region of size 8298496
12-14 03:05:36.715 D/EGL_emulation( 1733): eglMakeCurrent: 0xa20f3280: ver 3 0 (tinfo 0xa20bad40)
12-14 03:05:36.723 D/gralloc_ranchu( 1395): gralloc_alloc: Creating ashmem region of size 8298496
12-14 03:05:36.738 I/chatty  ( 1395): uid=1000(system) allocator@2.0-s identical 1 line
12-14 03:05:36.820 D/gralloc_ranchu( 1395): gralloc_alloc: Creating ashmem region of size 8298496
12-14 03:05:36.905 D/EGL_emulation( 2223): eglMakeCurrent: 0xa3ec7fe0: ver 3 0 (tinfo 0xa407f850)
12-14 03:05:36.934 D/EGL_emulation( 2181): eglMakeCurrent: 0xa68855a0: ver 3 0 (tinfo 0xa6883390)
12-14 03:05:36.942 W/SessionLifecycleManager( 2223): Handover failed. Creating new session controller.
12-14 03:05:36.970 D/gralloc_ranchu( 1395): gralloc_alloc: Creating ashmem region of size 7753728
12-14 03:05:37.007 D/EGL_emulation( 1733): eglMakeCurrent: 0xa20f3280: ver 3 0 (tinfo 0xa20bad40)
12-14 03:05:37.013 D/        ( 1733): HostConnection::get() New Host Connection established 0xa68a3080, tid 1752
12-14 03:05:37.030 I/MicroDetectionWorker( 2223): #updateMicroDetector [detectionMode: [mDetectionMode: [1]]]
12-14 03:05:37.030 I/MicroDetectionWorker( 2223): #startMicroDetector [speakerMode: 0]
12-14 03:05:37.030 I/AudioController( 2223): Using mInputStreamFactoryBuilder
12-14 03:05:37.032 I/MicroDetectionWorker( 2223): onReady
12-14 03:05:37.036 I/MicroRecognitionRunner( 2223): Starting detection.
12-14 03:05:37.039 I/MicrophoneInputStream( 2223): mic_starting com.google.android.apps.gsa.staticplugins.aa.c@67329bc
12-14 03:05:37.045 I/AudioFlinger( 1474): AudioFlinger's thread 0xa51a23c0 tid=4072 ready to run
12-14 03:05:37.048 I/MicrophoneInputStream( 2223): mic_started com.google.android.apps.gsa.staticplugins.aa.c@67329bc
12-14 03:05:37.052 D/EGL_emulation( 1733): eglMakeCurrent: 0xa20f3280: ver 3 0 (tinfo 0xa20bad40)
12-14 03:05:37.073 I/MicroDetectionWorker( 2223): onReady
12-14 03:05:37.082 I/MicrophoneInputStream( 2223): mic_close com.google.android.apps.gsa.staticplugins.aa.c@67329bc
12-14 03:05:37.089 I/MicroRecognitionRunner( 2223): Detection finished
12-14 03:05:37.089 W/ErrorReporter( 2223): reportError [type: 211, code: 524300]: Error reading from input stream
12-14 03:05:37.090 I/MicroRecognitionRunner( 2223): Stopping hotword detection.
12-14 03:05:37.091 W/ErrorProcessor( 2223): onFatalError, processing error from engine(4)
12-14 03:05:37.091 W/ErrorProcessor( 2223): com.google.android.apps.gsa.shared.speech.b.g: Error reading from input stream
12-14 03:05:37.091 W/ErrorProcessor( 2223): 	at com.google.android.apps.gsa.staticplugins.recognizer.j.a.a(SourceFile:28)
12-14 03:05:37.091 W/ErrorProcessor( 2223): 	at com.google.android.apps.gsa.staticplugins.recognizer.j.b.run(SourceFile:15)
12-14 03:05:37.091 W/ErrorProcessor( 2223): 	at java.util.concurrent.Executors$RunnableAdapter.call(Executors.java:457)
12-14 03:05:37.091 W/ErrorProcessor( 2223): 	at java.util.concurrent.FutureTask.run(FutureTask.java:266)
12-14 03:05:37.091 W/ErrorProcessor( 2223): 	at com.google.android.apps.gsa.shared.util.concurrent.a.ax.run(SourceFile:14)
12-14 03:05:37.091 W/ErrorProcessor( 2223): 	at com.google.android.apps.gsa.shared.util.concurrent.a.bl.run(SourceFile:4)
12-14 03:05:37.091 W/ErrorProcessor( 2223): 	at com.google.android.apps.gsa.shared.util.concurrent.a.bl.run(SourceFile:4)
12-14 03:05:37.091 W/ErrorProcessor( 2223): 	at java.util.concurrent.ThreadPoolExecutor.runWorker(ThreadPoolExecutor.java:1162)
12-14 03:05:37.091 W/ErrorProcessor( 2223): 	at java.util.concurrent.ThreadPoolExecutor$Worker.run(ThreadPoolExecutor.java:636)
12-14 03:05:37.091 W/ErrorProcessor( 2223): 	at java.lang.Thread.run(Thread.java:764)
12-14 03:05:37.091 W/ErrorProcessor( 2223): 	at com.google.android.apps.gsa.shared.util.concurrent.a.ai.run(SourceFile:6)
12-14 03:05:37.091 W/ErrorProcessor( 2223): Caused by: com.google.android.apps.gsa.shared.exception.GsaIOException: Error code: 393238 | Buffer overflow, no available space.
12-14 03:05:37.091 W/ErrorProcessor( 2223): 	at com.google.android.apps.gsa.speech.audio.Tee.f(SourceFile:103)
12-14 03:05:37.091 W/ErrorProcessor( 2223): 	at com.google.android.apps.gsa.speech.audio.au.read(SourceFile:2)
12-14 03:05:37.091 W/ErrorProcessor( 2223): 	at java.io.InputStream.read(InputStream.java:101)
12-14 03:05:37.091 W/ErrorProcessor( 2223): 	at com.google.android.apps.gsa.speech.audio.ao.run(SourceFile:18)
12-14 03:05:37.091 W/ErrorProcessor( 2223): 	at com.google.android.apps.gsa.speech.audio.an.run(SourceFile:2)
12-14 03:05:37.091 W/ErrorProcessor( 2223): 	... 9 more
12-14 03:05:37.091 I/AudioController( 2223): internalShutdown
12-14 03:05:37.099 I/DeviceStateChecker( 2223): DeviceStateChecker cancelled
12-14 03:05:37.099 I/MicroDetector( 2223): Keeping mic open: false
12-14 03:05:37.099 I/MicroDetectionWorker( 2223): #onError(false)
12-14 03:05:37.110 D/EGL_emulation( 1733): eglMakeCurrent: 0xa20f3280: ver 3 0 (tinfo 0xa20bad40)
12-14 03:05:37.117 I/zygote  ( 1733): NativeAllocBackground concurrent copying GC freed 3532(232KB) AllocSpace objects, 0(0B) LOS objects, 49% free, 4MB/8MB, paused 5.689ms total 42.152ms
12-14 03:05:37.135 D/EGL_emulation( 1733): eglMakeCurrent: 0xa20f3280: ver 3 0 (tinfo 0xa20bad40)
12-14 03:05:37.294 I/chatty  ( 1733): uid=10028(u0_a28) RenderThread identical 12 lines
12-14 03:05:37.303 D/EGL_emulation( 1733): eglMakeCurrent: 0xa20f3280: ver 3 0 (tinfo 0xa20bad40)
12-14 03:05:37.396 W/OpenGLRenderer( 2181): Incorrectly called buildLayer on View: ShortcutAndWidgetContainer, destroying layer...
12-14 03:05:37.491 I/OpenGLRenderer( 1628): Initialized EGL, version 1.4
12-14 03:05:37.491 D/OpenGLRenderer( 1628): Swap behavior 1
12-14 03:05:37.491 W/OpenGLRenderer( 1628): Failed to choose config with EGL_SWAP_BEHAVIOR_PRESERVED, retrying without...
12-14 03:05:37.491 D/OpenGLRenderer( 1628): Swap behavior 0
12-14 03:05:37.498 D/EGL_emulation( 1628): eglCreateContext: 0xa6887820: maj 3 min 0 rcv 3
12-14 03:05:37.500 D/EGL_emulation( 1628): eglMakeCurrent: 0xa6887820: ver 3 0 (tinfo 0x957d16c0)
12-14 03:05:37.501 E/eglCodecCommon( 1628): glUtilsParamSize: unknow param 0x00008cdf
12-14 03:05:37.502 E/eglCodecCommon( 1628): glUtilsParamSize: unknow param 0x00008cdf
12-14 03:05:37.502 E/eglCodecCommon( 1628): glUtilsParamSize: unknow param 0x00008824
12-14 03:05:37.503 E/eglCodecCommon( 1628): glUtilsParamSize: unknow param 0x00008824
12-14 03:05:37.524 D/        ( 1628): HostConnection::get() New Host Connection established 0x909c8640, tid 1635
12-14 03:05:38.341 I/ContentMaintenance( 2258): Internal cache bytes used: 0; limit: 100000000; download size: 0
12-14 03:05:38.352 I/RealtimeCacheCleanup( 2258): Beginning Realtime garbage collection.
12-14 03:05:38.352 I/RealtimeCacheCleanup( 2258): Finished Realtime garbage collection.
12-14 03:05:38.630 D/BoundBrokerSvc( 1934): onUnbind: Intent { act=com.google.android.gms.phenotype.service.START cmp=com.google.android.gms/.chimera.PersistentApiService }
12-14 03:05:39.122 W/audio_hw_generic( 1389): Not supplying enough data to HAL, expected position 551779 , only wrote 355680
12-14 03:05:39.702 D/BoundBrokerSvc( 1934): onUnbind: Intent { act=com.google.android.gms.tapandpay.service.BIND cmp=com.google.android.gms/.chimera.PersistentApiService }
12-14 03:05:39.924 D/AndroidRuntime( 4077): >>>>>> START com.android.internal.os.RuntimeInit uid 2000 <<<<<<
12-14 03:05:39.956 W/app_process( 4077): Unexpected CPU variant for X86 using defaults: x86
12-14 03:05:39.971 D/AndroidRuntime( 4077): Calling main entry com.android.commands.am.Am
--------- beginning of system
12-14 03:05:39.974 I/ActivityManager( 1628): Force stopping com.evancharlton.mileage appid=10388 user=0: start instr
12-14 03:05:39.974 I/ActivityManager( 1628): Killing 3985:com.evancharlton.mileage/u0a388 (adj 0): stop com.evancharlton.mileage
12-14 03:05:39.976 W/ActivityManager( 1628): Crash of app com.evancharlton.mileage running instrumentation ComponentInfo{com.evancharlton.mileage.test/sh.calaba.instrumentationbackend.CalabashInstrumentationTestRunner}
12-14 03:05:39.976 I/ActivityManager( 1628): Force stopping com.evancharlton.mileage appid=10388 user=0: finished inst
12-14 03:05:39.983 I/zygote  ( 4087): Not late-enabling -Xcheck:jni (already on)
12-14 03:05:39.989 W/zygote  ( 4087): Unexpected CPU variant for X86 using defaults: x86
12-14 03:05:39.990 I/ActivityManager( 1628): Start proc 4087:com.evancharlton.mileage/u0a388 for added application com.evancharlton.mileage
12-14 03:05:39.991 D/AndroidRuntime( 4077): Shutting down VM
12-14 03:05:40.002 D/BoundBrokerSvc( 2258): onUnbind: Intent { act=com.google.android.gms.pay.service.BIND cmp=com.google.android.gms/.chimera.GmsApiService }
12-14 03:05:40.014 E/adbd    ( 1352): failed to connect to socket 'tcp:7102': Connection refused
12-14 03:05:40.017 E/adbd    ( 1352): failed to connect to socket 'tcp:7102': Connection refused
12-14 03:05:40.025 W/zygote  ( 4087): Found duplicate classes, falling back to extracting from APK : /data/app/com.evancharlton.mileage.test-PTCel3RsGxUWWul0I1zJtA==/base.apk
12-14 03:05:40.025 W/zygote  ( 4087): NOTE: This wastes RAM and hurts startup performance.
12-14 03:05:40.026 W/zygote  ( 4087): Found duplicated class when checking oat files: 'Ljunit/runner/BaseTestRunner;' in /data/app/com.evancharlton.mileage.test-PTCel3RsGxUWWul0I1zJtA==/base.apk and /system/framework/android.test.runner.jar
12-14 03:05:40.026 W/zygote  ( 4087): 
12-14 03:05:40.038 W/ActivityManager( 1628): setHasOverlayUi called on unknown pid: 3985
12-14 03:05:40.055 W/System  ( 4087): ClassLoader referenced unknown path: 
12-14 03:05:40.067 I/System.out( 4087): Main activity name automatically set to: com.evancharlton.mileage.Mileage
12-14 03:05:40.067 I/System.out( 4087): Calabash did not load Mono. This is only a problem if you are trying to test a Mono application
12-14 03:05:40.067 I/calabash( 4087): Test server port: 7102
12-14 03:05:40.069 I/InstrumentationBackend( 4087): Added:'GetPreferences', with key:'get_preferences'
12-14 03:05:40.125 E/adbd    ( 1352): failed to connect to socket 'tcp:7102': Connection refused
12-14 03:05:40.130 I/InstrumentationBackend( 4087): Added:'SetPreferences', with key:'set_preferences'
12-14 03:05:40.130 I/InstrumentationBackend( 4087): Added:'ClearPreferences', with key:'clear_preferences'
12-14 03:05:40.131 I/InstrumentationBackend( 4087): Added:'PressElement', with key:'press_l10n_element'
12-14 03:05:40.131 I/InstrumentationBackend( 4087): Added:'WaitForElement', with key:'wait_for_l10n_element'
12-14 03:05:40.133 I/InstrumentationBackend( 4087): Added:'NullAction', with key:'nullAction'
12-14 03:05:40.133 I/InstrumentationBackend( 4087): Added:'PressKey', with key:'press_key'
12-14 03:05:40.133 I/InstrumentationBackend( 4087): Added:'SetActivityOrientation', with key:'set_activity_orientation'
12-14 03:05:40.134 I/InstrumentationBackend( 4087): Added:'GetActivityOrientation', with key:'get_activity_orientation'
12-14 03:05:40.134 I/InstrumentationBackend( 4087): Added:'FakeGPSLocation', with key:'set_gps_coordinates'
12-14 03:05:40.135 I/InstrumentationBackend( 4087): Added:'SetPropertyByCssSelector', with key:'set_property_by_css_selector'
12-14 03:05:40.137 E/adbd    ( 1352): failed to connect to socket 'tcp:7102': Connection refused
12-14 03:05:40.138 I/InstrumentationBackend( 4087): Added:'GetUrl', with key:'get_url'
12-14 03:05:40.140 I/InstrumentationBackend( 4087): Added:'ScrollTo', with key:'scroll_to'
12-14 03:05:40.140 I/InstrumentationBackend( 4087): Added:'GetLoadProgress', with key:'get_load_progress'
12-14 03:05:40.141 I/InstrumentationBackend( 4087): Added:'DumpHtml', with key:'dump_html'
12-14 03:05:40.141 I/InstrumentationBackend( 4087): Added:'DumpBodyHtml', with key:'dump_body_html'
12-14 03:05:40.141 I/InstrumentationBackend( 4087): Added:'EnterTextByCssSelector', with key:'enter_text_by_selector'
12-14 03:05:40.145 I/InstrumentationBackend( 4087): Added:'AndroidSDKVersion', with key:'android_sdk_version'
12-14 03:05:40.145 I/InstrumentationBackend( 4087): Added:'Version', with key:'version'
12-14 03:05:40.145 I/InstrumentationBackend( 4087): Added:'Drag', with key:'drag'
12-14 03:05:40.146 I/InstrumentationBackend( 4087): Added:'TouchCoordinates', with key:'touch_coordinate'
12-14 03:05:40.146 I/InstrumentationBackend( 4087): Added:'LongPressCoordinate', with key:'long_press_coordinate'
12-14 03:05:40.146 I/InstrumentationBackend( 4087): Added:'DragCoordinates', with key:'drag_coordinates'
12-14 03:05:40.147 I/InstrumentationBackend( 4087): Added:'ResumeApplication', with key:'resume_application'
12-14 03:05:40.147 I/InstrumentationBackend( 4087): Added:'Swipe', with key:'swipe'
12-14 03:05:40.147 I/InstrumentationBackend( 4087): Added:'DoubleTapCoordinate', with key:'double_tap_coordinate'
12-14 03:05:40.148 I/InstrumentationBackend( 4087): Added:'ClickOnScreen', with key:'click_on_screen'
12-14 03:05:40.148 I/InstrumentationBackend( 4087): Added:'GetActivityName', with key:'get_activity_name'
12-14 03:05:40.149 I/InstrumentationBackend( 4087): Added:'ScrollToView', with key:'scroll_to_view'
12-14 03:05:40.149 I/InstrumentationBackend( 4087): Added:'ViewConfiguration', with key:'view_configuration'
12-14 03:05:40.149 I/InstrumentationBackend( 4087): Added:'IsCurrentActivityFocused', with key:'is_current_activity_focused'
12-14 03:05:40.150 I/InstrumentationBackend( 4087): Added:'SendTcp', with key:'send_tcp'
12-14 03:05:40.150 I/InstrumentationBackend( 4087): Added:'DpToDevicePixel', with key:'dp_to_device_pixel'
12-14 03:05:40.151 I/InstrumentationBackend( 4087): Added:'KeyboardEnterText', with key:'keyboard_enter_text'
12-14 03:05:40.152 I/InstrumentationBackend( 4087): Added:'DeleteSurroundingText', with key:'delete_surrounding_text'
12-14 03:05:40.153 I/InstrumentationBackend( 4087): Added:'SetComposingRegion', with key:'set_composing_region'
12-14 03:05:40.153 I/InstrumentationBackend( 4087): Added:'SetSelection', with key:'set_selection'
12-14 03:05:40.153 I/InstrumentationBackend( 4087): Added:'KeyboardKeyEvent', with key:'keyboard_key_event'
12-14 03:05:40.154 I/InstrumentationBackend( 4087): Added:'PressUserActionButton', with key:'press_user_action_button'
12-14 03:05:40.154 I/InstrumentationBackend( 4087): Added:'HideSoftKeyboard', with key:'hide_soft_keyboard'
12-14 03:05:40.156 I/InstrumentationBackend( 4087): Added:'ListActions', with key:'list_actions'
12-14 03:05:40.156 I/calabash( 4087): Instantiating http server at 7102
12-14 03:05:40.157 I/System.out( 4087): HTTP Daemon listening on: 7102
12-14 03:05:40.249 E/TaskPersister( 1628): File error accessing recents directory (directory doesn't exist?).
12-14 03:05:40.257 I/System.out( 4087): URI: //ping
12-14 03:05:40.257 I/System.out( 4087): params: {json={}
12-14 03:05:40.257 I/System.out( 4087): }
12-14 03:05:40.266 I/System.out( 4087): URI: //ping
12-14 03:05:40.266 I/System.out( 4087): params: {json={}
12-14 03:05:40.266 I/System.out( 4087): }
12-14 03:05:40.272 I/System.out( 4087): URI: //ready
12-14 03:05:40.272 I/System.out( 4087): params: {json={}
12-14 03:05:40.272 I/System.out( 4087): }
12-14 03:05:40.278 I/System.out( 4087): URI: //
12-14 03:05:40.278 I/System.out( 4087): params: {json={"command":"version","arguments":[]}
12-14 03:05:40.278 I/System.out( 4087): }
12-14 03:05:40.278 I/System.out( 4087): header: {content-type=application/json;charset=utf-8, date=Mon, 14 Dec 2020 08:05:40 GMT, accept=*/*, host=127.0.0.1:34777, content-length=36, user-agent=HTTPClient/1.0 (2.8.3, ruby 2.5.8 (2020-03-31))}
12-14 03:05:40.278 I/System.out( 4087): params: {json={"command":"version","arguments":[]}
12-14 03:05:40.278 I/System.out( 4087): }
12-14 03:05:40.278 I/System.out( 4087): ProP json = {"command":"version","arguments":[]}
12-14 03:05:40.278 I/System.out( 4087): files: {}
12-14 03:05:40.278 I/System.out( 4087): command: {"command":"version","arguments":[]}
12-14 03:05:40.305 I/InstrumentationBackend( 4087): Got command:'Command:'Line:null,version', arguments:'[]'
12-14 03:05:40.342 I/System.out( 4087): result:{"bonusInformation":[],"message":"0.9.8","success":true}
12-14 03:05:40.348 I/System.out( 4087): URI: //start-application
12-14 03:05:40.349 I/System.out( 4087): params: {json={"intent":null}
12-14 03:05:40.349 I/System.out( 4087): }
12-14 03:05:40.387 I/ActivityManager( 1628): START u0 {act=android.intent.action.MAIN cat=[android.intent.category.LAUNCHER] flg=0x10200000 cmp=com.evancharlton.mileage/.Mileage} from uid 10388
12-14 03:05:40.404 I/calabash( 4087): newActivity1
12-14 03:05:40.419 D/gralloc_ranchu( 1395): gralloc_alloc: Creating ashmem region of size 7753728
12-14 03:05:40.437 W/ActivityManager( 1628): Bad activity token: android.os.BinderProxy@10c31c3
12-14 03:05:40.437 W/ActivityManager( 1628): java.lang.ClassCastException: android.os.BinderProxy cannot be cast to com.android.server.am.ActivityRecord$Token
12-14 03:05:40.437 W/ActivityManager( 1628): 	at com.android.server.am.ActivityRecord.forTokenLocked(ActivityRecord.java:778)
12-14 03:05:40.437 W/ActivityManager( 1628): 	at com.android.server.am.ActivityRecord.isInStackLocked(ActivityRecord.java:2085)
12-14 03:05:40.437 W/ActivityManager( 1628): 	at com.android.server.am.ActivityRecord.getStackLocked(ActivityRecord.java:2090)
12-14 03:05:40.437 W/ActivityManager( 1628): 	at com.android.server.am.ActivityManagerService.getActivityDisplayId(ActivityManagerService.java:10406)
12-14 03:05:40.437 W/ActivityManager( 1628): 	at android.app.IActivityManager$Stub.onTransact(IActivityManager.java:2738)
12-14 03:05:40.437 W/ActivityManager( 1628): 	at com.android.server.am.ActivityManagerService.onTransact(ActivityManagerService.java:2935)
12-14 03:05:40.437 W/ActivityManager( 1628): 	at android.os.Binder.execTransact(Binder.java:674)
12-14 03:05:40.438 I/calabash( 4087): newActivity1
12-14 03:05:40.448 W/ActivityManager( 1628): Bad activity token: android.os.BinderProxy@10c31c3
12-14 03:05:40.448 W/ActivityManager( 1628): java.lang.ClassCastException: android.os.BinderProxy cannot be cast to com.android.server.am.ActivityRecord$Token
12-14 03:05:40.448 W/ActivityManager( 1628): 	at com.android.server.am.ActivityRecord.forTokenLocked(ActivityRecord.java:778)
12-14 03:05:40.448 W/ActivityManager( 1628): 	at com.android.server.am.ActivityRecord.isInStackLocked(ActivityRecord.java:2085)
12-14 03:05:40.448 W/ActivityManager( 1628): 	at com.android.server.am.ActivityManagerService.setTaskDescription(ActivityManagerService.java:9988)
12-14 03:05:40.448 W/ActivityManager( 1628): 	at android.app.IActivityManager$Stub.onTransact(IActivityManager.java:2824)
12-14 03:05:40.448 W/ActivityManager( 1628): 	at com.android.server.am.ActivityManagerService.onTransact(ActivityManagerService.java:2935)
12-14 03:05:40.448 W/ActivityManager( 1628): 	at android.os.Binder.execTransact(Binder.java:674)
12-14 03:05:40.449 W/ActivityManager( 1628): Bad activity token: android.os.BinderProxy@10c31c3
12-14 03:05:40.449 W/ActivityManager( 1628): java.lang.ClassCastException: android.os.BinderProxy cannot be cast to com.android.server.am.ActivityRecord$Token
12-14 03:05:40.449 W/ActivityManager( 1628): 	at com.android.server.am.ActivityRecord.forTokenLocked(ActivityRecord.java:778)
12-14 03:05:40.449 W/ActivityManager( 1628): 	at com.android.server.am.ActivityRecord.isInStackLocked(ActivityRecord.java:2085)
12-14 03:05:40.449 W/ActivityManager( 1628): 	at com.android.server.am.ActivityRecord.getStackLocked(ActivityRecord.java:2090)
12-14 03:05:40.449 W/ActivityManager( 1628): 	at com.android.server.am.ActivityManagerService.getActivityStackId(ActivityManagerService.java:10417)
12-14 03:05:40.449 W/ActivityManager( 1628): 	at android.app.IActivityManager$Stub.onTransact(IActivityManager.java:3548)
12-14 03:05:40.449 W/ActivityManager( 1628): 	at com.android.server.am.ActivityManagerService.onTransact(ActivityManagerService.java:2935)
12-14 03:05:40.449 W/ActivityManager( 1628): 	at android.os.Binder.execTransact(Binder.java:674)
12-14 03:05:40.484 D/EGL_emulation( 2181): eglMakeCurrent: 0xa68855a0: ver 3 0 (tinfo 0xa6883390)
12-14 03:05:40.486 D/EGL_emulation( 2223): eglMakeCurrent: 0xa3ec7fe0: ver 3 0 (tinfo 0xa407f850)
12-14 03:05:40.489 V/StatusBar( 1733): setLightsOn(true)
12-14 03:05:40.505 D/EGL_emulation( 1733): eglMakeCurrent: 0xa20f3280: ver 3 0 (tinfo 0xa20bad40)
12-14 03:05:40.505 V/StatusBar( 1733): setLightsOn(true)
12-14 03:05:40.513 D/EGL_emulation( 1733): eglMakeCurrent: 0xa20f3280: ver 3 0 (tinfo 0xa20bad40)
12-14 03:05:40.534 I/chatty  ( 1733): uid=10028(u0_a28) RenderThread identical 2 lines
12-14 03:05:40.550 D/EGL_emulation( 1733): eglMakeCurrent: 0xa20f3280: ver 3 0 (tinfo 0xa20bad40)
12-14 03:05:40.552 V/StatusBar( 1733): setLightsOn(true)
12-14 03:05:40.561 D/EGL_emulation( 1733): eglMakeCurrent: 0xa20f3280: ver 3 0 (tinfo 0xa20bad40)
12-14 03:05:40.587 I/chatty  ( 1733): uid=10028(u0_a28) RenderThread identical 2 lines
12-14 03:05:40.590 D/EGL_emulation( 1733): eglMakeCurrent: 0xa20f3280: ver 3 0 (tinfo 0xa20bad40)
12-14 03:05:40.593 E/ContentStoreEUAS( 2223): Failed to commit the deferred actions
12-14 03:05:40.603 D/EGL_emulation( 1733): eglMakeCurrent: 0xa20f3280: ver 3 0 (tinfo 0xa20bad40)
12-14 03:05:40.614 W/ActivityManager( 1628): Bad activity token: android.os.BinderProxy@10c31c3
12-14 03:05:40.614 W/ActivityManager( 1628): java.lang.ClassCastException: android.os.BinderProxy cannot be cast to com.android.server.am.ActivityRecord$Token
12-14 03:05:40.614 W/ActivityManager( 1628): 	at com.android.server.am.ActivityRecord.forTokenLocked(ActivityRecord.java:778)
12-14 03:05:40.614 W/ActivityManager( 1628): 	at com.android.server.am.ActivityRecord.isInStackLocked(ActivityRecord.java:2085)
12-14 03:05:40.614 W/ActivityManager( 1628): 	at com.android.server.am.ActivityManagerService.getActivityOptions(ActivityManagerService.java:13302)
12-14 03:05:40.614 W/ActivityManager( 1628): 	at android.app.IActivityManager$Stub.onTransact(IActivityManager.java:2910)
12-14 03:05:40.614 W/ActivityManager( 1628): 	at com.android.server.am.ActivityManagerService.onTransact(ActivityManagerService.java:2935)
12-14 03:05:40.614 W/ActivityManager( 1628): 	at android.os.Binder.execTransact(Binder.java:674)
12-14 03:05:40.616 W/ActivityManager( 1628): Bad activity token: android.os.BinderProxy@10c31c3
12-14 03:05:40.616 W/ActivityManager( 1628): java.lang.ClassCastException: android.os.BinderProxy cannot be cast to com.android.server.am.ActivityRecord$Token
12-14 03:05:40.616 W/ActivityManager( 1628): 	at com.android.server.am.ActivityRecord.forTokenLocked(ActivityRecord.java:778)
12-14 03:05:40.616 W/ActivityManager( 1628): 	at com.android.server.am.ActivityRecord.isInStackLocked(ActivityRecord.java:2085)
12-14 03:05:40.616 W/ActivityManager( 1628): 	at com.android.server.am.ActivityManagerService.getActivityOptions(ActivityManagerService.java:13302)
12-14 03:05:40.616 W/ActivityManager( 1628): 	at android.app.IActivityManager$Stub.onTransact(IActivityManager.java:2910)
12-14 03:05:40.616 W/ActivityManager( 1628): 	at com.android.server.am.ActivityManagerService.onTransact(ActivityManagerService.java:2935)
12-14 03:05:40.616 W/ActivityManager( 1628): 	at android.os.Binder.execTransact(Binder.java:674)
12-14 03:05:40.704 I/chatty  ( 1733): uid=10028(u0_a28) RenderThread identical 12 lines
12-14 03:05:40.707 D/EGL_emulation( 1733): eglMakeCurrent: 0xa20f3280: ver 3 0 (tinfo 0xa20bad40)
12-14 03:05:40.708 V/StatusBar( 1733): setLightsOn(true)
12-14 03:05:40.712 D/EGL_emulation( 1733): eglMakeCurrent: 0xa20f3280: ver 3 0 (tinfo 0xa20bad40)
12-14 03:05:40.721 I/chatty  ( 1733): uid=10028(u0_a28) RenderThread identical 1 line
12-14 03:05:40.734 D/EGL_emulation( 1733): eglMakeCurrent: 0xa20f3280: ver 3 0 (tinfo 0xa20bad40)
12-14 03:05:40.781 I/zygote  ( 4087): Do partial code cache collection, code=29KB, data=30KB
12-14 03:05:40.782 I/zygote  ( 4087): After code cache collection, code=29KB, data=30KB
12-14 03:05:40.782 I/zygote  ( 4087): Increasing code cache capacity to 128KB
12-14 03:05:40.783 I/zygote  ( 4087): Do partial code cache collection, code=29KB, data=48KB
12-14 03:05:40.783 I/zygote  ( 4087): After code cache collection, code=29KB, data=48KB
12-14 03:05:40.785 I/zygote  ( 4087): Increasing code cache capacity to 256KB
12-14 03:05:40.786 I/zygote  ( 4087): JIT allocated 71KB for compiled code of void android.widget.TextView.<init>(android.content.Context, android.util.AttributeSet, int, int)
12-14 03:05:40.787 I/zygote  ( 4087): Compiler allocated 4MB to compile void android.widget.TextView.<init>(android.content.Context, android.util.AttributeSet, int, int)
12-14 03:05:40.791 V/StatusBar( 1733): setLightsOn(true)
12-14 03:05:40.792 I/chatty  ( 1733): uid=10028(u0_a28) com.android.systemui identical 1 line
12-14 03:05:40.792 V/StatusBar( 1733): setLightsOn(true)
12-14 03:05:40.837 D/gralloc_ranchu( 1395): gralloc_alloc: Creating ashmem region of size 7753728
12-14 03:05:40.855 D/        ( 4087): HostConnection::get() New Host Connection established 0xa3cb0d80, tid 4087
12-14 03:05:40.911 V/StatusBar( 1733): setLightsOn(true)
12-14 03:05:40.914 V/StatusBar( 1733): setLightsOn(true)
12-14 03:05:40.915 I/ActivityManager( 1628): Displayed com.evancharlton.mileage/.Mileage: +512ms
12-14 03:05:40.920 V/StatusBar( 1733): setLightsOn(true)
12-14 03:05:40.955 D/gralloc_ranchu( 1395): gralloc_alloc: Creating ashmem region of size 7753728
12-14 03:05:41.072 I/Finsky  ( 2549): [2] abyu.onStartJob(3): SCH: onJobSchedulerWakeup with jobId 9001
12-14 03:05:41.073 I/Finsky  ( 2549): [2] abtz.a(9): SCH: Scheduling fallback job with id: 9034, and delay: 43200000 ms
12-14 03:05:41.075 I/Finsky  ( 2549): [2] abtz.b(9): SCH: Scheduling fallback in 64799998 (absolute: 64867867)
12-14 03:05:41.079 I/Finsky  ( 2549): [2] abyu.onStartJob(3): SCH: onJobSchedulerWakeup with jobId 9003
12-14 03:05:41.085 I/Finsky  ( 2549): [2] abtz.a(9): SCH: Scheduling fallback job with id: 9034, and delay: 43200000 ms
12-14 03:05:41.088 I/Finsky  ( 2549): [2] abtz.b(9): SCH: Scheduling fallback in 64799998 (absolute: 64867880)
12-14 03:05:41.090 W/Finsky  ( 2549): [2] abyu.onStartJob(10): SCH: onJobSchedulerWakeup while already running
12-14 03:05:41.099 V/StatusBar( 1733): setLightsOn(true)
12-14 03:05:41.107 I/zygote  ( 4087): Do full code cache collection, code=125KB, data=72KB
12-14 03:05:41.107 I/zygote  ( 4087): After code cache collection, code=110KB, data=45KB
12-14 03:05:41.129 V/StatusBar( 1733): setLightsOn(true)
12-14 03:05:41.145 I/Finsky  ( 2549): [2] abui.handleMessage(8): SCH: DeviceState: DeviceState{currentTime=1607933141138, isCharging=false, isIdle=false, netAny=true, netNotRoaming=true, netUnmetered=true, batteryPercent=100.0}
12-14 03:05:41.154 I/Finsky  ( 2549): [126] abwt.b(5): SCH: Jobs in database: 1-1337 2-48879 3-152 12-1 26-1414141414 29-29 
12-14 03:05:41.171 I/Finsky  ( 2549): [2] abuj.b(10): SCH: Running job: 12-1
12-14 03:05:41.171 I/Finsky  ( 2549): [2] ContentSyncJob.r(1): [ContentSync] job started
12-14 03:05:41.172 I/Finsky  ( 2549): [2] abuj.b(10): SCH: Running job: 29-29
12-14 03:05:41.184 I/Finsky  ( 2549): [2] abui.handleMessage(59): SCH: RunningQueue size: 2, PendingQueue size: 0
12-14 03:05:41.184 I/Finsky  ( 2549): [2] abuj.p(3): SCH: Running queue: 12-1 29-29 
12-14 03:05:41.187 I/Finsky  ( 2549): [190] ajmy.a(0): ProcessRecoveryLogsUtil: No files in recovery directory
12-14 03:05:41.188 I/Finsky  ( 2549): [190] abvs.n(4): SCH: jobFinished: 29-29. TimeElapsed: 15ms.
12-14 03:05:41.190 I/Finsky  ( 2549): [2] abuj.e(4): SCH: Job 29-29 finished. Not rescheduling.
12-14 03:05:41.190 I/Finsky  ( 2549): [2] abui.handleMessage(59): SCH: RunningQueue size: 1, PendingQueue size: 0
12-14 03:05:41.190 I/Finsky  ( 2549): [2] abuj.p(3): SCH: Running queue: 12-1 
