--------- beginning of main
12-13 23:45:37.340 I/chatty  ( 1395): uid=1000(system) allocator@2.0-s expire 1 line
12-13 23:45:37.430 D/gralloc_ranchu( 1395): gralloc_alloc: Creating ashmem region of size 8298496
12-13 23:45:37.505 E/IPCThreadState( 1410): binder thread pool (4 threads) starved for 192 ms
12-13 23:45:37.510 D/gralloc_ranchu( 1395): gralloc_alloc: Creating ashmem region of size 8298496
12-13 23:45:37.600 D/EGL_emulation( 2169): eglMakeCurrent: 0xa4bfdd40: ver 3 0 (tinfo 0xa4bff590)
12-13 23:45:37.611 I/MicroDetectionWorker( 2169): #updateMicroDetector [detectionMode: [mDetectionMode: [1]]]
12-13 23:45:37.611 I/MicroDetectionWorker( 2169): #startMicroDetector [speakerMode: 0]
12-13 23:45:37.611 I/AudioController( 2169): Using mInputStreamFactoryBuilder
12-13 23:45:37.629 I/MicroDetectionWorker( 2169): onReady
12-13 23:45:37.631 I/MicroRecognitionRunner( 2169): Starting detection.
12-13 23:45:37.633 I/MicrophoneInputStream( 2169): mic_starting com.google.android.apps.gsa.staticplugins.aa.c@c6eca71
12-13 23:45:37.640 D/EGL_emulation( 2144): eglMakeCurrent: 0xa4bfd260: ver 3 0 (tinfo 0xa4bffee0)
12-13 23:45:37.645 I/MicrophoneInputStream( 2169): mic_started com.google.android.apps.gsa.staticplugins.aa.c@c6eca71
--------- beginning of system
12-13 23:45:37.645 E/ActivityThread( 2169): Failed to find provider info for com.google.android.apps.gsa.testing.ui.audio.recorded
12-13 23:45:37.646 I/MicroDetectionWorker( 2169): onReady
12-13 23:45:37.651 I/MicrophoneInputStream( 2169): mic_close com.google.android.apps.gsa.staticplugins.aa.c@c6eca71
12-13 23:45:37.655 I/AudioFlinger( 1474): AudioFlinger's thread 0xa4903640 tid=4228 ready to run
12-13 23:45:37.655 W/SpeechLevelGenerator( 2169): Really low audio levels detected. The audio input may have issues.
12-13 23:45:37.656 I/MicroRecognitionRunner( 2169): Detection finished
12-13 23:45:37.657 W/ErrorReporter( 2169): reportError [type: 211, code: 524300]: Error reading from input stream
12-13 23:45:37.665 I/MicroRecognitionRunner( 2169): Stopping hotword detection.
12-13 23:45:37.665 W/ErrorProcessor( 2169): onFatalError, processing error from engine(4)
12-13 23:45:37.665 W/ErrorProcessor( 2169): com.google.android.apps.gsa.shared.speech.b.g: Error reading from input stream
12-13 23:45:37.665 W/ErrorProcessor( 2169): 	at com.google.android.apps.gsa.staticplugins.recognizer.j.a.a(SourceFile:28)
12-13 23:45:37.665 W/ErrorProcessor( 2169): 	at com.google.android.apps.gsa.staticplugins.recognizer.j.b.run(SourceFile:15)
12-13 23:45:37.665 W/ErrorProcessor( 2169): 	at java.util.concurrent.Executors$RunnableAdapter.call(Executors.java:457)
12-13 23:45:37.665 W/ErrorProcessor( 2169): 	at java.util.concurrent.FutureTask.run(FutureTask.java:266)
12-13 23:45:37.665 W/ErrorProcessor( 2169): 	at com.google.android.apps.gsa.shared.util.concurrent.a.ax.run(SourceFile:14)
12-13 23:45:37.665 W/ErrorProcessor( 2169): 	at com.google.android.apps.gsa.shared.util.concurrent.a.bl.run(SourceFile:4)
12-13 23:45:37.665 W/ErrorProcessor( 2169): 	at com.google.android.apps.gsa.shared.util.concurrent.a.bl.run(SourceFile:4)
12-13 23:45:37.665 W/ErrorProcessor( 2169): 	at java.util.concurrent.ThreadPoolExecutor.runWorker(ThreadPoolExecutor.java:1162)
12-13 23:45:37.665 W/ErrorProcessor( 2169): 	at java.util.concurrent.ThreadPoolExecutor$Worker.run(ThreadPoolExecutor.java:636)
12-13 23:45:37.665 W/ErrorProcessor( 2169): 	at java.lang.Thread.run(Thread.java:764)
12-13 23:45:37.665 W/ErrorProcessor( 2169): 	at com.google.android.apps.gsa.shared.util.concurrent.a.ai.run(SourceFile:6)
12-13 23:45:37.665 W/ErrorProcessor( 2169): Caused by: com.google.android.apps.gsa.shared.exception.GsaIOException: Error code: 393238 | Buffer overflow, no available space.
12-13 23:45:37.665 W/ErrorProcessor( 2169): 	at com.google.android.apps.gsa.speech.audio.Tee.f(SourceFile:103)
12-13 23:45:37.665 W/ErrorProcessor( 2169): 	at com.google.android.apps.gsa.speech.audio.au.read(SourceFile:2)
12-13 23:45:37.665 W/ErrorProcessor( 2169): 	at java.io.InputStream.read(InputStream.java:101)
12-13 23:45:37.665 W/ErrorProcessor( 2169): 	at com.google.android.apps.gsa.speech.audio.ao.run(SourceFile:18)
12-13 23:45:37.665 W/ErrorProcessor( 2169): 	at com.google.android.apps.gsa.speech.audio.an.run(SourceFile:2)
12-13 23:45:37.665 W/ErrorProcessor( 2169): 	... 9 more
12-13 23:45:37.665 I/AudioController( 2169): internalShutdown
12-13 23:45:37.665 D/gralloc_ranchu( 1395): gralloc_alloc: Creating ashmem region of size 7753728
12-13 23:45:37.668 I/MicroDetector( 2169): Keeping mic open: false
12-13 23:45:37.668 I/MicroDetectionWorker( 2169): #onError(false)
12-13 23:45:37.669 I/DeviceStateChecker( 2169): DeviceStateChecker cancelled
12-13 23:45:37.692 D/EGL_emulation( 1720): eglMakeCurrent: 0x93640fe0: ver 3 0 (tinfo 0xb0890950)
12-13 23:45:37.896 I/chatty  ( 1720): uid=10028(u0_a28) RenderThread identical 22 lines
12-13 23:45:37.901 D/EGL_emulation( 1720): eglMakeCurrent: 0x93640fe0: ver 3 0 (tinfo 0xb0890950)
12-13 23:45:37.915 E/memtrack( 1614): Couldn't load memtrack module
12-13 23:45:37.915 W/android.os.Debug( 1614): failed to get memory consumption info: -1
12-13 23:45:37.932 D/EGL_emulation( 1720): eglMakeCurrent: 0x93640fe0: ver 3 0 (tinfo 0xb0890950)
12-13 23:45:37.987 D/AndroidRuntime( 4223): >>>>>> START com.android.internal.os.RuntimeInit uid 2000 <<<<<<
12-13 23:45:38.041 W/app_process( 4223): Unexpected CPU variant for X86 using defaults: x86
12-13 23:45:38.064 D/AndroidRuntime( 4223): Calling main entry com.android.commands.am.Am
12-13 23:45:38.067 I/ActivityManager( 1614): Force stopping com.evancharlton.mileage appid=10184 user=0: start instr
12-13 23:45:38.068 I/ActivityManager( 1614): Killing 4173:com.evancharlton.mileage/u0a184 (adj 0): stop com.evancharlton.mileage
12-13 23:45:38.071 W/ActivityManager( 1614): Crash of app com.evancharlton.mileage running instrumentation ComponentInfo{com.evancharlton.mileage.test/sh.calaba.instrumentationbackend.CalabashInstrumentationTestRunner}
12-13 23:45:38.071 I/ActivityManager( 1614): Force stopping com.evancharlton.mileage appid=10184 user=0: finished inst
12-13 23:45:38.078 I/zygote  ( 4237): Not late-enabling -Xcheck:jni (already on)
12-13 23:45:38.083 I/ActivityManager( 1614): Start proc 4237:com.evancharlton.mileage/u0a184 for added application com.evancharlton.mileage
12-13 23:45:38.084 D/AndroidRuntime( 4223): Shutting down VM
12-13 23:45:38.089 W/zygote  ( 4237): Unexpected CPU variant for X86 using defaults: x86
12-13 23:45:38.124 W/OpenGLRenderer( 2144): Incorrectly called buildLayer on View: ShortcutAndWidgetContainer, destroying layer...
12-13 23:45:38.137 I/OpenGLRenderer( 1614): Initialized EGL, version 1.4
12-13 23:45:38.137 D/OpenGLRenderer( 1614): Swap behavior 1
12-13 23:45:38.138 W/OpenGLRenderer( 1614): Failed to choose config with EGL_SWAP_BEHAVIOR_PRESERVED, retrying without...
12-13 23:45:38.138 D/OpenGLRenderer( 1614): Swap behavior 0
12-13 23:45:38.142 W/ActivityManager( 1614): setHasOverlayUi called on unknown pid: 4173
12-13 23:45:38.148 E/adbd    ( 1383): failed to connect to socket 'tcp:7102': Connection refused
12-13 23:45:38.162 W/zygote  ( 4237): Found duplicate classes, falling back to extracting from APK : /data/app/com.evancharlton.mileage.test-htIyU_EkyHcmANuychmm0Q==/base.apk
12-13 23:45:38.162 W/zygote  ( 4237): NOTE: This wastes RAM and hurts startup performance.
12-13 23:45:38.162 W/zygote  ( 4237): Found duplicated class when checking oat files: 'Ljunit/runner/BaseTestRunner;' in /data/app/com.evancharlton.mileage.test-htIyU_EkyHcmANuychmm0Q==/base.apk and /system/framework/android.test.runner.jar
12-13 23:45:38.162 W/zygote  ( 4237): 
12-13 23:45:38.196 E/adbd    ( 1383): failed to connect to socket 'tcp:7102': Connection refused
12-13 23:45:38.202 D/EGL_emulation( 1614): eglCreateContext: 0x90711880: maj 3 min 0 rcv 3
12-13 23:45:38.208 D/EGL_emulation( 1614): eglMakeCurrent: 0x90711880: ver 3 0 (tinfo 0x952a19c0)
12-13 23:45:38.215 E/eglCodecCommon( 1614): glUtilsParamSize: unknow param 0x00008cdf
12-13 23:45:38.217 E/eglCodecCommon( 1614): glUtilsParamSize: unknow param 0x00008cdf
12-13 23:45:38.220 E/eglCodecCommon( 1614): glUtilsParamSize: unknow param 0x00008824
12-13 23:45:38.221 E/eglCodecCommon( 1614): glUtilsParamSize: unknow param 0x00008824
12-13 23:45:38.226 W/System  ( 4237): ClassLoader referenced unknown path: 
12-13 23:45:38.244 I/System.out( 4237): Main activity name automatically set to: com.evancharlton.mileage.Mileage
12-13 23:45:38.245 I/System.out( 4237): Calabash did not load Mono. This is only a problem if you are trying to test a Mono application
12-13 23:45:38.245 I/calabash( 4237): Test server port: 7102
12-13 23:45:38.250 I/InstrumentationBackend( 4237): Added:'GetPreferences', with key:'get_preferences'
12-13 23:45:38.314 E/adbd    ( 1383): failed to connect to socket 'tcp:7102': Connection refused
12-13 23:45:38.321 I/zygote  ( 1614): NativeAllocBackground concurrent copying GC freed 303(324KB) AllocSpace objects, 0(0B) LOS objects, 37% free, 9MB/15MB, paused 5.519ms total 42.605ms
12-13 23:45:38.322 E/adbd    ( 1383): failed to connect to socket 'tcp:7102': Connection refused
12-13 23:45:38.341 I/InstrumentationBackend( 4237): Added:'SetPreferences', with key:'set_preferences'
12-13 23:45:38.341 I/InstrumentationBackend( 4237): Added:'ClearPreferences', with key:'clear_preferences'
12-13 23:45:38.341 I/InstrumentationBackend( 4237): Added:'PressElement', with key:'press_l10n_element'
12-13 23:45:38.342 I/InstrumentationBackend( 4237): Added:'WaitForElement', with key:'wait_for_l10n_element'
12-13 23:45:38.342 I/InstrumentationBackend( 4237): Added:'NullAction', with key:'nullAction'
12-13 23:45:38.343 I/InstrumentationBackend( 4237): Added:'PressKey', with key:'press_key'
12-13 23:45:38.343 I/InstrumentationBackend( 4237): Added:'SetActivityOrientation', with key:'set_activity_orientation'
12-13 23:45:38.343 I/InstrumentationBackend( 4237): Added:'GetActivityOrientation', with key:'get_activity_orientation'
12-13 23:45:38.346 I/InstrumentationBackend( 4237): Added:'FakeGPSLocation', with key:'set_gps_coordinates'
12-13 23:45:38.347 I/InstrumentationBackend( 4237): Added:'SetPropertyByCssSelector', with key:'set_property_by_css_selector'
12-13 23:45:38.349 I/InstrumentationBackend( 4237): Added:'GetUrl', with key:'get_url'
12-13 23:45:38.351 I/InstrumentationBackend( 4237): Added:'ScrollTo', with key:'scroll_to'
12-13 23:45:38.351 I/InstrumentationBackend( 4237): Added:'GetLoadProgress', with key:'get_load_progress'
12-13 23:45:38.351 I/InstrumentationBackend( 4237): Added:'DumpHtml', with key:'dump_html'
12-13 23:45:38.352 I/InstrumentationBackend( 4237): Added:'DumpBodyHtml', with key:'dump_body_html'
12-13 23:45:38.352 I/InstrumentationBackend( 4237): Added:'EnterTextByCssSelector', with key:'enter_text_by_selector'
12-13 23:45:38.356 I/InstrumentationBackend( 4237): Added:'AndroidSDKVersion', with key:'android_sdk_version'
12-13 23:45:38.356 I/InstrumentationBackend( 4237): Added:'Version', with key:'version'
12-13 23:45:38.356 I/InstrumentationBackend( 4237): Added:'Drag', with key:'drag'
12-13 23:45:38.357 I/InstrumentationBackend( 4237): Added:'TouchCoordinates', with key:'touch_coordinate'
12-13 23:45:38.357 I/InstrumentationBackend( 4237): Added:'LongPressCoordinate', with key:'long_press_coordinate'
12-13 23:45:38.357 I/InstrumentationBackend( 4237): Added:'DragCoordinates', with key:'drag_coordinates'
12-13 23:45:38.358 I/InstrumentationBackend( 4237): Added:'ResumeApplication', with key:'resume_application'
12-13 23:45:38.358 I/InstrumentationBackend( 4237): Added:'Swipe', with key:'swipe'
12-13 23:45:38.358 I/InstrumentationBackend( 4237): Added:'DoubleTapCoordinate', with key:'double_tap_coordinate'
12-13 23:45:38.358 I/InstrumentationBackend( 4237): Added:'ClickOnScreen', with key:'click_on_screen'
12-13 23:45:38.359 I/InstrumentationBackend( 4237): Added:'GetActivityName', with key:'get_activity_name'
12-13 23:45:38.359 I/InstrumentationBackend( 4237): Added:'ScrollToView', with key:'scroll_to_view'
12-13 23:45:38.360 I/InstrumentationBackend( 4237): Added:'ViewConfiguration', with key:'view_configuration'
12-13 23:45:38.360 I/InstrumentationBackend( 4237): Added:'IsCurrentActivityFocused', with key:'is_current_activity_focused'
12-13 23:45:38.360 I/InstrumentationBackend( 4237): Added:'SendTcp', with key:'send_tcp'
12-13 23:45:38.361 I/InstrumentationBackend( 4237): Added:'DpToDevicePixel', with key:'dp_to_device_pixel'
12-13 23:45:38.361 I/InstrumentationBackend( 4237): Added:'KeyboardEnterText', with key:'keyboard_enter_text'
12-13 23:45:38.362 I/InstrumentationBackend( 4237): Added:'DeleteSurroundingText', with key:'delete_surrounding_text'
12-13 23:45:38.362 I/InstrumentationBackend( 4237): Added:'SetComposingRegion', with key:'set_composing_region'
12-13 23:45:38.363 I/InstrumentationBackend( 4237): Added:'SetSelection', with key:'set_selection'
12-13 23:45:38.364 I/InstrumentationBackend( 4237): Added:'KeyboardKeyEvent', with key:'keyboard_key_event'
12-13 23:45:38.365 I/InstrumentationBackend( 4237): Added:'PressUserActionButton', with key:'press_user_action_button'
12-13 23:45:38.366 I/InstrumentationBackend( 4237): Added:'HideSoftKeyboard', with key:'hide_soft_keyboard'
12-13 23:45:38.367 I/InstrumentationBackend( 4237): Added:'ListActions', with key:'list_actions'
12-13 23:45:38.367 I/calabash( 4237): Instantiating http server at 7102
12-13 23:45:38.368 I/System.out( 4237): HTTP Daemon listening on: 7102
12-13 23:45:38.441 I/System.out( 4237): URI: //ping
12-13 23:45:38.441 I/System.out( 4237): params: {json={}
12-13 23:45:38.441 I/System.out( 4237): }
12-13 23:45:38.456 I/System.out( 4237): URI: //ping
12-13 23:45:38.457 I/System.out( 4237): params: {json={}
12-13 23:45:38.457 I/System.out( 4237): }
12-13 23:45:38.466 I/System.out( 4237): URI: //ready
12-13 23:45:38.466 I/System.out( 4237): params: {json={}
12-13 23:45:38.466 I/System.out( 4237): }
12-13 23:45:38.474 I/System.out( 4237): URI: //
12-13 23:45:38.474 I/System.out( 4237): params: {json={"command":"version","arguments":[]}
12-13 23:45:38.474 I/System.out( 4237): }
12-13 23:45:38.474 I/System.out( 4237): header: {content-type=application/json;charset=utf-8, date=Mon, 14 Dec 2020 04:45:38 GMT, accept=*/*, host=127.0.0.1:34777, content-length=36, user-agent=HTTPClient/1.0 (2.8.3, ruby 2.5.8 (2020-03-31))}
12-13 23:45:38.474 I/System.out( 4237): params: {json={"command":"version","arguments":[]}
12-13 23:45:38.474 I/System.out( 4237): }
12-13 23:45:38.474 I/System.out( 4237): ProP json = {"command":"version","arguments":[]}
12-13 23:45:38.474 I/System.out( 4237): files: {}
12-13 23:45:38.474 I/System.out( 4237): command: {"command":"version","arguments":[]}
12-13 23:45:38.502 I/InstrumentationBackend( 4237): Got command:'Command:'Line:null,version', arguments:'[]'
12-13 23:45:38.537 I/System.out( 4237): result:{"bonusInformation":[],"message":"0.9.8","success":true}
12-13 23:45:38.543 I/System.out( 4237): URI: //start-application
12-13 23:45:38.543 I/System.out( 4237): params: {json={"intent":null}
12-13 23:45:38.543 I/System.out( 4237): }
12-13 23:45:38.579 I/ActivityManager( 1614): START u0 {act=android.intent.action.MAIN cat=[android.intent.category.LAUNCHER] flg=0x10200000 cmp=com.evancharlton.mileage/.Mileage} from uid 10184
12-13 23:45:38.593 I/calabash( 4237): newActivity1
12-13 23:45:38.608 D/gralloc_ranchu( 1395): gralloc_alloc: Creating ashmem region of size 7753728
12-13 23:45:38.626 W/ActivityManager( 1614): Bad activity token: android.os.BinderProxy@334d8b6
12-13 23:45:38.626 W/ActivityManager( 1614): java.lang.ClassCastException: android.os.BinderProxy cannot be cast to com.android.server.am.ActivityRecord$Token
12-13 23:45:38.626 W/ActivityManager( 1614): 	at com.android.server.am.ActivityRecord.forTokenLocked(ActivityRecord.java:778)
12-13 23:45:38.626 W/ActivityManager( 1614): 	at com.android.server.am.ActivityRecord.isInStackLocked(ActivityRecord.java:2085)
12-13 23:45:38.626 W/ActivityManager( 1614): 	at com.android.server.am.ActivityRecord.getStackLocked(ActivityRecord.java:2090)
12-13 23:45:38.626 W/ActivityManager( 1614): 	at com.android.server.am.ActivityManagerService.getActivityDisplayId(ActivityManagerService.java:10406)
12-13 23:45:38.626 W/ActivityManager( 1614): 	at android.app.IActivityManager$Stub.onTransact(IActivityManager.java:2738)
12-13 23:45:38.626 W/ActivityManager( 1614): 	at com.android.server.am.ActivityManagerService.onTransact(ActivityManagerService.java:2935)
12-13 23:45:38.626 W/ActivityManager( 1614): 	at android.os.Binder.execTransact(Binder.java:674)
12-13 23:45:38.627 I/calabash( 4237): newActivity1
12-13 23:45:38.633 W/ActivityManager( 1614): Bad activity token: android.os.BinderProxy@334d8b6
12-13 23:45:38.633 W/ActivityManager( 1614): java.lang.ClassCastException: android.os.BinderProxy cannot be cast to com.android.server.am.ActivityRecord$Token
12-13 23:45:38.633 W/ActivityManager( 1614): 	at com.android.server.am.ActivityRecord.forTokenLocked(ActivityRecord.java:778)
12-13 23:45:38.633 W/ActivityManager( 1614): 	at com.android.server.am.ActivityRecord.isInStackLocked(ActivityRecord.java:2085)
12-13 23:45:38.633 W/ActivityManager( 1614): 	at com.android.server.am.ActivityManagerService.setTaskDescription(ActivityManagerService.java:9988)
12-13 23:45:38.633 W/ActivityManager( 1614): 	at android.app.IActivityManager$Stub.onTransact(IActivityManager.java:2824)
12-13 23:45:38.633 W/ActivityManager( 1614): 	at com.android.server.am.ActivityManagerService.onTransact(ActivityManagerService.java:2935)
12-13 23:45:38.633 W/ActivityManager( 1614): 	at android.os.Binder.execTransact(Binder.java:674)
12-13 23:45:38.637 W/ActivityManager( 1614): Bad activity token: android.os.BinderProxy@334d8b6
12-13 23:45:38.637 W/ActivityManager( 1614): java.lang.ClassCastException: android.os.BinderProxy cannot be cast to com.android.server.am.ActivityRecord$Token
12-13 23:45:38.637 W/ActivityManager( 1614): 	at com.android.server.am.ActivityRecord.forTokenLocked(ActivityRecord.java:778)
12-13 23:45:38.637 W/ActivityManager( 1614): 	at com.android.server.am.ActivityRecord.isInStackLocked(ActivityRecord.java:2085)
12-13 23:45:38.637 W/ActivityManager( 1614): 	at com.android.server.am.ActivityRecord.getStackLocked(ActivityRecord.java:2090)
12-13 23:45:38.637 W/ActivityManager( 1614): 	at com.android.server.am.ActivityManagerService.getActivityStackId(ActivityManagerService.java:10417)
12-13 23:45:38.637 W/ActivityManager( 1614): 	at android.app.IActivityManager$Stub.onTransact(IActivityManager.java:3548)
12-13 23:45:38.637 W/ActivityManager( 1614): 	at com.android.server.am.ActivityManagerService.onTransact(ActivityManagerService.java:2935)
12-13 23:45:38.637 W/ActivityManager( 1614): 	at android.os.Binder.execTransact(Binder.java:674)
12-13 23:45:38.665 D/EGL_emulation( 2144): eglMakeCurrent: 0xa4bfd260: ver 3 0 (tinfo 0xa4bffee0)
12-13 23:45:38.669 D/EGL_emulation( 2169): eglMakeCurrent: 0xa4bfdd40: ver 3 0 (tinfo 0xa4bff590)
12-13 23:45:38.689 D/EGL_emulation( 1720): eglMakeCurrent: 0x93640fe0: ver 3 0 (tinfo 0xb0890950)
12-13 23:45:38.701 V/StatusBar( 1720): setLightsOn(true)
12-13 23:45:38.702 D/EGL_emulation( 1720): eglMakeCurrent: 0x93640fe0: ver 3 0 (tinfo 0xb0890950)
12-13 23:45:38.720 W/ActivityManager( 1614): Bad activity token: android.os.BinderProxy@334d8b6
12-13 23:45:38.720 W/ActivityManager( 1614): java.lang.ClassCastException: android.os.BinderProxy cannot be cast to com.android.server.am.ActivityRecord$Token
12-13 23:45:38.720 W/ActivityManager( 1614): 	at com.android.server.am.ActivityRecord.forTokenLocked(ActivityRecord.java:778)
12-13 23:45:38.720 W/ActivityManager( 1614): 	at com.android.server.am.ActivityRecord.isInStackLocked(ActivityRecord.java:2085)
12-13 23:45:38.720 W/ActivityManager( 1614): 	at com.android.server.am.ActivityManagerService.getActivityOptions(ActivityManagerService.java:13302)
12-13 23:45:38.720 W/ActivityManager( 1614): 	at android.app.IActivityManager$Stub.onTransact(IActivityManager.java:2910)
12-13 23:45:38.720 W/ActivityManager( 1614): 	at com.android.server.am.ActivityManagerService.onTransact(ActivityManagerService.java:2935)
12-13 23:45:38.720 W/ActivityManager( 1614): 	at android.os.Binder.execTransact(Binder.java:674)
12-13 23:45:38.721 W/ActivityManager( 1614): Bad activity token: android.os.BinderProxy@334d8b6
12-13 23:45:38.721 W/ActivityManager( 1614): java.lang.ClassCastException: android.os.BinderProxy cannot be cast to com.android.server.am.ActivityRecord$Token
12-13 23:45:38.721 W/ActivityManager( 1614): 	at com.android.server.am.ActivityRecord.forTokenLocked(ActivityRecord.java:778)
12-13 23:45:38.721 W/ActivityManager( 1614): 	at com.android.server.am.ActivityRecord.isInStackLocked(ActivityRecord.java:2085)
12-13 23:45:38.721 W/ActivityManager( 1614): 	at com.android.server.am.ActivityManagerService.getActivityOptions(ActivityManagerService.java:13302)
12-13 23:45:38.721 W/ActivityManager( 1614): 	at android.app.IActivityManager$Stub.onTransact(IActivityManager.java:2910)
12-13 23:45:38.721 W/ActivityManager( 1614): 	at com.android.server.am.ActivityManagerService.onTransact(ActivityManagerService.java:2935)
12-13 23:45:38.721 W/ActivityManager( 1614): 	at android.os.Binder.execTransact(Binder.java:674)
12-13 23:45:38.734 I/chatty  ( 1720): uid=10028(u0_a28) RenderThread identical 4 lines
12-13 23:45:38.738 D/EGL_emulation( 1720): eglMakeCurrent: 0x93640fe0: ver 3 0 (tinfo 0xb0890950)
12-13 23:45:38.748 E/ContentStoreEUAS( 2169): Failed to commit the deferred actions
12-13 23:45:38.751 D/EGL_emulation( 1720): eglMakeCurrent: 0x93640fe0: ver 3 0 (tinfo 0xb0890950)
12-13 23:45:38.834 I/chatty  ( 1720): uid=10028(u0_a28) RenderThread identical 8 lines
12-13 23:45:38.837 D/EGL_emulation( 1720): eglMakeCurrent: 0x93640fe0: ver 3 0 (tinfo 0xb0890950)
12-13 23:45:38.838 V/StatusBar( 1720): setLightsOn(true)
12-13 23:45:38.852 D/EGL_emulation( 1720): eglMakeCurrent: 0x93640fe0: ver 3 0 (tinfo 0xb0890950)
12-13 23:45:38.860 I/chatty  ( 1720): uid=10028(u0_a28) RenderThread identical 1 line
12-13 23:45:38.871 D/EGL_emulation( 1720): eglMakeCurrent: 0x93640fe0: ver 3 0 (tinfo 0xb0890950)
12-13 23:45:38.874 I/zygote  ( 4237): Do partial code cache collection, code=27KB, data=29KB
12-13 23:45:38.883 I/zygote  ( 4237): After code cache collection, code=27KB, data=29KB
12-13 23:45:38.883 I/zygote  ( 4237): Increasing code cache capacity to 128KB
12-13 23:45:38.885 D/EGL_emulation( 1720): eglMakeCurrent: 0x93640fe0: ver 3 0 (tinfo 0xb0890950)
12-13 23:45:38.887 D/EGL_emulation( 1720): eglMakeCurrent: 0x93640fe0: ver 3 0 (tinfo 0xb0890950)
12-13 23:45:38.891 I/zygote  ( 4237): Do partial code cache collection, code=27KB, data=47KB
12-13 23:45:38.892 I/zygote  ( 4237): After code cache collection, code=27KB, data=47KB
12-13 23:45:38.892 I/zygote  ( 4237): Increasing code cache capacity to 256KB
12-13 23:45:38.893 I/zygote  ( 4237): JIT allocated 71KB for compiled code of void android.widget.TextView.<init>(android.content.Context, android.util.AttributeSet, int, int)
12-13 23:45:38.893 I/zygote  ( 4237): Compiler allocated 4MB to compile void android.widget.TextView.<init>(android.content.Context, android.util.AttributeSet, int, int)
12-13 23:45:38.917 D/EGL_emulation( 1720): eglMakeCurrent: 0x93640fe0: ver 3 0 (tinfo 0xb0890950)
12-13 23:45:38.920 D/EGL_emulation( 1720): eglMakeCurrent: 0x93640fe0: ver 3 0 (tinfo 0xb0890950)
12-13 23:45:38.948 V/StatusBar( 1720): setLightsOn(true)
12-13 23:45:38.955 V/StatusBar( 1720): setLightsOn(true)
12-13 23:45:38.994 D/gralloc_ranchu( 1395): gralloc_alloc: Creating ashmem region of size 7753728
12-13 23:45:39.018 D/        ( 4237): HostConnection::get() New Host Connection established 0xa48b0e40, tid 4237
12-13 23:45:39.069 V/StatusBar( 1720): setLightsOn(true)
12-13 23:45:39.070 V/StatusBar( 1720): setLightsOn(true)
12-13 23:45:39.072 I/ActivityManager( 1614): Displayed com.evancharlton.mileage/.Mileage: +484ms
12-13 23:45:39.079 V/StatusBar( 1720): setLightsOn(true)
12-13 23:45:39.094 I/chatty  ( 1720): uid=10028(u0_a28) com.android.systemui identical 1 line
12-13 23:45:39.110 V/StatusBar( 1720): setLightsOn(true)
12-13 23:45:39.127 D/gralloc_ranchu( 1395): gralloc_alloc: Creating ashmem region of size 7753728
12-13 23:45:39.261 V/StatusBar( 1720): setLightsOn(true)
12-13 23:45:39.299 I/zygote  ( 4237): Do full code cache collection, code=125KB, data=71KB
12-13 23:45:39.301 I/zygote  ( 4237): After code cache collection, code=108KB, data=44KB
12-13 23:45:39.403 V/StatusBar( 1720): setLightsOn(true)
12-13 23:45:39.404 I/chatty  ( 1720): uid=10028(u0_a28) com.android.systemui identical 1 line
12-13 23:45:39.412 V/StatusBar( 1720): setLightsOn(true)
12-13 23:45:39.440 W/SurfaceFlinger( 1410): couldn't log to binary event log: overflow.
