--------- beginning of main
12-14 03:54:03.228 I/AudioTrack( 1628): AUDIO_OUTPUT_FLAG_FAST successful; frameCount 4512 -> 4512
12-14 03:54:03.233 I/zygote  ( 1940): Deoptimizing void tma.c(java.lang.Runnable) due to JIT inline cache
12-14 03:54:03.267 I/zygote  ( 3890): Do partial code cache collection, code=124KB, data=64KB
12-14 03:54:03.270 I/zygote  ( 3890): After code cache collection, code=124KB, data=64KB
12-14 03:54:03.270 I/zygote  ( 3890): Increasing code cache capacity to 512KB
12-14 03:54:03.302 V/StatusBar( 1727): setLightsOn(true)
12-14 03:54:03.303 I/chatty  ( 1727): uid=10028(u0_a28) com.android.systemui identical 1 line
12-14 03:54:03.309 V/StatusBar( 1727): setLightsOn(true)
12-14 03:54:03.326 W/View    ( 3890): dispatchProvideAutofillStructure(): not laid out, ignoring
12-14 03:54:03.331 W/Binder  ( 1628): Outgoing transactions from this process must be FLAG_ONEWAY
12-14 03:54:03.331 W/Binder  ( 1628): java.lang.Throwable
12-14 03:54:03.331 W/Binder  ( 1628): 	at android.os.BinderProxy.transact(Binder.java:736)
12-14 03:54:03.331 W/Binder  ( 1628): 	at android.app.assist.AssistStructure$ParcelTransferReader.fetchData(AssistStructure.java:407)
12-14 03:54:03.331 W/Binder  ( 1628): 	at android.app.assist.AssistStructure$ParcelTransferReader.go(AssistStructure.java:343)
12-14 03:54:03.331 W/Binder  ( 1628): 	at android.app.assist.AssistStructure.ensureData(AssistStructure.java:2096)
12-14 03:54:03.331 W/Binder  ( 1628): 	at com.android.server.autofill.Session$1.send(Session.java:200)
12-14 03:54:03.331 W/Binder  ( 1628): 	at com.android.server.am.ActivityManagerService.reportAssistContextExtras(ActivityManagerService.java:13137)
12-14 03:54:03.331 W/Binder  ( 1628): 	at android.app.IActivityManager$Stub.onTransact(IActivityManager.java:2466)
12-14 03:54:03.331 W/Binder  ( 1628): 	at com.android.server.am.ActivityManagerService.onTransact(ActivityManagerService.java:2935)
12-14 03:54:03.331 W/Binder  ( 1628): 	at android.os.Binder.execTransact(Binder.java:674)
12-14 03:54:03.336 I/AssistStructure( 3890): Flattened final assist data: 5024 bytes, containing 2 windows, 19 views
12-14 03:54:03.340 D/gralloc_ranchu( 1396): gralloc_alloc: Creating ashmem region of size 303104
12-14 03:54:03.351 V/StatusBar( 1727): setLightsOn(true)
12-14 03:54:03.352 I/chatty  ( 1727): uid=10028(u0_a28) com.android.systemui identical 1 line
12-14 03:54:03.361 V/StatusBar( 1727): setLightsOn(true)
12-14 03:54:03.848 W/audio_hw_generic( 1390): Not supplying enough data to HAL, expected position 23073 , only wrote 1440
12-14 03:54:03.849 W/audio_hw_generic( 1390): Not supplying enough data to HAL, expected position 1480 , only wrote 1440
12-14 03:54:03.851 W/AudioFlinger( 1477): write blocked for 486 msecs, 1 delayed writes, thread 0xae083240
12-14 03:54:03.864 V/StatusBar( 1727): setLightsOn(true)
12-14 03:54:03.879 D/AudioFlinger( 1477): mixer(0xae083240) throttle end: throttle time(12)
12-14 03:54:03.881 W/audio_hw_generic( 1390): Hardware backing HAL too slow, could only write 0 of 720 frames
12-14 03:54:03.923 D/gralloc_ranchu( 1396): gralloc_alloc: Creating ashmem region of size 7753728
12-14 03:54:03.943 I/AssistStructure( 1628): Flattened final assist data: 4496 bytes, containing 2 windows, 19 views
12-14 03:54:03.964 W/lgq     ( 1940): Pending fill request while another request in the same session was triggered. [CONTEXT service_id=177 ]
12-14 03:54:03.973 E/SurfaceFlinger( 1410): ro.sf.lcd_density must be defined as a build property
12-14 03:54:03.974 D/PermissionCache( 1410): checking android.permission.READ_FRAME_BUFFER for uid=2000 => granted (317 us)
12-14 03:54:03.987 D/gralloc_ranchu( 1396): gralloc_alloc: Creating ashmem region of size 8298496
12-14 03:54:03.997 D/        ( 3945): HostConnection::get() New Host Connection established 0xb722f800, tid 3945
12-14 03:54:04.185 I/zygote  ( 1940): Deoptimizing bpvb bpuz.i(bpva) due to JIT inline cache
12-14 03:54:04.199 I/zygote  ( 1940): Deoptimizing bpvb bpuz.i(bpva) due to JIT inline cache
12-14 03:54:04.571 I/System.out( 3890): URI: //kill
12-14 03:54:04.571 I/System.out( 3890): params: {json={}
12-14 03:54:04.571 I/System.out( 3890): }
12-14 03:54:04.571 I/System.out( 3890): Stopping test server
12-14 03:54:04.575 E/adbd    ( 1383): failed to connect to socket 'tcp:7102': Connection refused
12-14 03:54:04.578 E/adbd    ( 1383): failed to connect to socket 'tcp:7102': Connection refused
12-14 03:54:04.587 V/StatusBar( 1727): setLightsOn(true)
12-14 03:54:04.611 I/chatty  ( 1727): uid=10028(u0_a28) com.android.systemui identical 3 lines
12-14 03:54:04.613 V/StatusBar( 1727): setLightsOn(true)
12-14 03:54:04.616 D/gralloc_ranchu( 1396): gralloc_alloc: Creating ashmem region of size 8298496
12-14 03:54:04.635 D/gralloc_ranchu( 1396): gralloc_alloc: Creating ashmem region of size 8298496
12-14 03:54:04.636 D/SurfaceFlinger( 1410): duplicate layer name: changing com.google.android.apps.nexuslauncher/com.google.android.apps.nexuslauncher.NexusLauncherActivity to com.google.android.apps.nexuslauncher/com.google.android.apps.nexuslauncher.NexusLauncherActivity#1
12-14 03:54:04.659 D/EGL_emulation( 1727): eglMakeCurrent: 0x9474b160: ver 3 0 (tinfo 0xa56e3c00)
12-14 03:54:04.662 D/gralloc_ranchu( 1396): gralloc_alloc: Creating ashmem region of size 8298496
12-14 03:54:04.674 I/chatty  ( 1396): uid=1000(system) allocator@2.0-s identical 1 line
12-14 03:54:04.686 D/gralloc_ranchu( 1396): gralloc_alloc: Creating ashmem region of size 8298496
12-14 03:54:04.750 D/BoundBrokerSvc( 1940): onUnbind: Intent { act=com.google.android.gms.auth.account.workaccount.START cmp=com.google.android.gms/.chimera.PersistentApiService }
12-14 03:54:04.753 E/memtrack( 1628): Couldn't load memtrack module
12-14 03:54:04.753 W/android.os.Debug( 1628): failed to get memory consumption info: -1
12-14 03:54:04.760 E/IPCThreadState( 1410): binder thread pool (4 threads) starved for 117 ms
12-14 03:54:04.768 D/gralloc_ranchu( 1396): gralloc_alloc: Creating ashmem region of size 8298496
12-14 03:54:04.790 D/EGL_emulation( 2229): eglMakeCurrent: 0xa5a7da40: ver 3 0 (tinfo 0xa5a7f600)
12-14 03:54:04.893 D/EGL_emulation( 2185): eglMakeCurrent: 0xa8185420: ver 3 0 (tinfo 0xa8183320)
12-14 03:54:04.922 I/zygote  ( 2229): Deoptimizing void com.google.android.apps.gsa.search.core.service.worker.a.a.a(com.google.android.apps.gsa.search.core.state.qc) due to JIT inline cache
12-14 03:54:04.931 E/GmsClient( 2229): unable to connect to service: com.google.android.gms.speech.service.START on com.google.android.gms
12-14 03:54:04.934 W/SessionLifecycleManager( 2229): Handover failed. Creating new session controller.
12-14 03:54:04.935 D/gralloc_ranchu( 1396): gralloc_alloc: Creating ashmem region of size 7753728
12-14 03:54:04.945 I/OptInState( 2229): There is a new client and it does not support opt-in. Dropping request.
12-14 03:54:04.966 I/zygote  ( 2229): Deoptimizing int[] com.google.common.collect.gx.b(java.lang.Object[], int, int, int) due to JIT inline cache
12-14 03:54:05.013 I/MicroDetectionWorker( 2229): #updateMicroDetector [detectionMode: [mDetectionMode: [1]]]
12-14 03:54:05.014 I/MicroDetectionWorker( 2229): #startMicroDetector [speakerMode: 0]
12-14 03:54:05.014 I/AudioController( 2229): Using mInputStreamFactoryBuilder
12-14 03:54:05.048 D/        ( 1727): HostConnection::get() New Host Connection established 0x93e3f7c0, tid 1748
12-14 03:54:05.050 I/MicroRecognitionRunner( 2229): Starting detection.
12-14 03:54:05.052 I/MicrophoneInputStream( 2229): mic_starting com.google.android.apps.gsa.staticplugins.aa.c@d241165
12-14 03:54:05.056 I/MicroDetectionWorker( 2229): onReady
12-14 03:54:05.061 D/EGL_emulation( 1727): eglMakeCurrent: 0x9474b160: ver 3 0 (tinfo 0xa56e3c00)
12-14 03:54:05.081 I/AudioFlinger( 1477): AudioFlinger's thread 0xac983400 tid=3965 ready to run
12-14 03:54:05.085 D/EGL_emulation( 1727): eglMakeCurrent: 0x9474b160: ver 3 0 (tinfo 0xa56e3c00)
12-14 03:54:05.084 I/MicrophoneInputStream( 2229): mic_started com.google.android.apps.gsa.staticplugins.aa.c@d241165
12-14 03:54:05.086 I/MicroDetectionWorker( 2229): onReady
12-14 03:54:05.087 W/SpeechLevelGenerator( 2229): Really low audio levels detected. The audio input may have issues.
12-14 03:54:05.094 D/EGL_emulation( 1727): eglMakeCurrent: 0x9474b160: ver 3 0 (tinfo 0xa56e3c00)
12-14 03:54:05.094 I/MicrophoneInputStream( 2229): mic_close com.google.android.apps.gsa.staticplugins.aa.c@d241165
12-14 03:54:05.098 I/MicroRecognitionRunner( 2229): Detection finished
12-14 03:54:05.098 W/ErrorReporter( 2229): reportError [type: 211, code: 524300]: Error reading from input stream
12-14 03:54:05.100 I/MicroRecognitionRunner( 2229): Stopping hotword detection.
12-14 03:54:05.102 D/EGL_emulation( 1727): eglMakeCurrent: 0x9474b160: ver 3 0 (tinfo 0xa56e3c00)
12-14 03:54:05.102 W/ErrorProcessor( 2229): onFatalError, processing error from engine(4)
12-14 03:54:05.102 W/ErrorProcessor( 2229): com.google.android.apps.gsa.shared.speech.b.g: Error reading from input stream
12-14 03:54:05.102 W/ErrorProcessor( 2229): 	at com.google.android.apps.gsa.staticplugins.recognizer.j.a.a(SourceFile:28)
12-14 03:54:05.102 W/ErrorProcessor( 2229): 	at com.google.android.apps.gsa.staticplugins.recognizer.j.b.run(SourceFile:15)
12-14 03:54:05.102 W/ErrorProcessor( 2229): 	at java.util.concurrent.Executors$RunnableAdapter.call(Executors.java:457)
12-14 03:54:05.102 W/ErrorProcessor( 2229): 	at java.util.concurrent.FutureTask.run(FutureTask.java:266)
12-14 03:54:05.102 W/ErrorProcessor( 2229): 	at com.google.android.apps.gsa.shared.util.concurrent.a.ax.run(SourceFile:14)
12-14 03:54:05.102 W/ErrorProcessor( 2229): 	at com.google.android.apps.gsa.shared.util.concurrent.a.bl.run(SourceFile:4)
12-14 03:54:05.102 W/ErrorProcessor( 2229): 	at com.google.android.apps.gsa.shared.util.concurrent.a.bl.run(SourceFile:4)
12-14 03:54:05.102 W/ErrorProcessor( 2229): 	at java.util.concurrent.ThreadPoolExecutor.runWorker(ThreadPoolExecutor.java:1162)
12-14 03:54:05.102 W/ErrorProcessor( 2229): 	at java.util.concurrent.ThreadPoolExecutor$Worker.run(ThreadPoolExecutor.java:636)
12-14 03:54:05.102 W/ErrorProcessor( 2229): 	at java.lang.Thread.run(Thread.java:764)
12-14 03:54:05.102 W/ErrorProcessor( 2229): 	at com.google.android.apps.gsa.shared.util.concurrent.a.ai.run(SourceFile:6)
12-14 03:54:05.102 W/ErrorProcessor( 2229): Caused by: com.google.android.apps.gsa.shared.exception.GsaIOException: Error code: 393238 | Buffer overflow, no available space.
12-14 03:54:05.102 W/ErrorProcessor( 2229): 	at com.google.android.apps.gsa.speech.audio.Tee.f(SourceFile:103)
12-14 03:54:05.102 W/ErrorProcessor( 2229): 	at com.google.android.apps.gsa.speech.audio.au.read(SourceFile:2)
12-14 03:54:05.102 W/ErrorProcessor( 2229): 	at java.io.InputStream.read(InputStream.java:101)
12-14 03:54:05.102 W/ErrorProcessor( 2229): 	at com.google.android.apps.gsa.speech.audio.ao.run(SourceFile:18)
12-14 03:54:05.102 W/ErrorProcessor( 2229): 	at com.google.android.apps.gsa.speech.audio.an.run(SourceFile:2)
12-14 03:54:05.102 W/ErrorProcessor( 2229): 	... 9 more
12-14 03:54:05.105 I/AudioController( 2229): internalShutdown
12-14 03:54:05.110 D/EGL_emulation( 1727): eglMakeCurrent: 0x9474b160: ver 3 0 (tinfo 0xa56e3c00)
12-14 03:54:05.118 I/MicroDetector( 2229): Keeping mic open: false
12-14 03:54:05.118 I/MicroDetectionWorker( 2229): #onError(false)
12-14 03:54:05.119 I/DeviceStateChecker( 2229): DeviceStateChecker cancelled
12-14 03:54:05.120 D/EGL_emulation( 1727): eglMakeCurrent: 0x9474b160: ver 3 0 (tinfo 0xa56e3c00)
12-14 03:54:05.121 D/        ( 1727): HostConnection::get() New Host Connection established 0x908630c0, tid 1744
12-14 03:54:05.127 D/BoundBrokerSvc( 1940): onUnbind: Intent { act=com.google.android.gms.auth.proximity.START cmp=com.google.android.gms/.chimera.PersistentBoundBrokerService }
12-14 03:54:05.127 D/EGL_emulation( 1727): eglMakeCurrent: 0x9474b160: ver 3 0 (tinfo 0xa56e3c00)
12-14 03:54:05.132 I/zygote  ( 2229): Do full code cache collection, code=239KB, data=202KB
12-14 03:54:05.132 I/zygote  ( 2229): After code cache collection, code=227KB, data=156KB
12-14 03:54:05.134 D/EGL_emulation( 1727): eglMakeCurrent: 0x9474b160: ver 3 0 (tinfo 0xa56e3c00)
12-14 03:54:05.167 I/chatty  ( 1727): uid=10028(u0_a28) RenderThread identical 3 lines
12-14 03:54:05.170 D/EGL_emulation( 1727): eglMakeCurrent: 0x9474b160: ver 3 0 (tinfo 0xa56e3c00)
12-14 03:54:05.176 D/BoundBrokerSvc( 2114): onUnbind: Intent { act=com.google.android.gms.auth.cryptauth.cryptauthservice.START cmp=com.google.android.gms/.chimera.GmsBoundBrokerService }
12-14 03:54:05.184 D/EGL_emulation( 1727): eglMakeCurrent: 0x9474b160: ver 3 0 (tinfo 0xa56e3c00)
12-14 03:54:05.286 I/chatty  ( 1727): uid=10028(u0_a28) RenderThread identical 13 lines
12-14 03:54:05.291 D/EGL_emulation( 1727): eglMakeCurrent: 0x9474b160: ver 3 0 (tinfo 0xa56e3c00)
12-14 03:54:05.404 W/OpenGLRenderer( 2185): Incorrectly called buildLayer on View: ShortcutAndWidgetContainer, destroying layer...
12-14 03:54:05.514 D/OpenGLRenderer( 1628): HWUI GL Pipeline
12-14 03:54:05.515 E/SurfaceFlinger( 1410): ro.sf.lcd_density must be defined as a build property
12-14 03:54:05.540 D/        ( 1628): HostConnection::get() New Host Connection established 0xa56de440, tid 3966
12-14 03:54:05.541 I/OpenGLRenderer( 1628): Initialized EGL, version 1.4
12-14 03:54:05.541 D/OpenGLRenderer( 1628): Swap behavior 1
12-14 03:54:05.542 W/OpenGLRenderer( 1628): Failed to choose config with EGL_SWAP_BEHAVIOR_PRESERVED, retrying without...
12-14 03:54:05.542 D/OpenGLRenderer( 1628): Swap behavior 0
12-14 03:54:05.552 D/EGL_emulation( 1628): eglCreateContext: 0xa7eafe80: maj 3 min 0 rcv 3
12-14 03:54:05.556 D/EGL_emulation( 1628): eglMakeCurrent: 0xa7eafe80: ver 3 0 (tinfo 0x95dfa510)
12-14 03:54:05.557 E/eglCodecCommon( 1628): glUtilsParamSize: unknow param 0x00008cdf
12-14 03:54:05.557 E/eglCodecCommon( 1628): glUtilsParamSize: unknow param 0x00008cdf
12-14 03:54:05.557 E/eglCodecCommon( 1628): glUtilsParamSize: unknow param 0x00008824
12-14 03:54:05.558 E/eglCodecCommon( 1628): glUtilsParamSize: unknow param 0x00008824
--------- beginning of system
12-14 03:54:05.833 E/TaskPersister( 1628): File error accessing recents directory (directory doesn't exist?).
12-14 03:54:06.077 D/BoundBrokerSvc( 1940): onUnbind: Intent { act=com.google.android.contextmanager.service.ContextManagerService.START cmp=com.google.android.gms/.chimera.PersistentApiService }
12-14 03:54:07.060 W/audio_hw_generic( 1390): Not supplying enough data to HAL, expected position 308405 , only wrote 155520
12-14 03:54:07.916 D/AndroidRuntime( 3970): >>>>>> START com.android.internal.os.RuntimeInit uid 2000 <<<<<<
12-14 03:54:07.954 W/app_process( 3970): Unexpected CPU variant for X86 using defaults: x86
12-14 03:54:07.968 D/AndroidRuntime( 3970): Calling main entry com.android.commands.am.Am
12-14 03:54:07.970 I/ActivityManager( 1628): Force stopping com.evancharlton.mileage appid=10438 user=0: start instr
12-14 03:54:07.970 I/ActivityManager( 1628): Killing 3890:com.evancharlton.mileage/u0a438 (adj 0): stop com.evancharlton.mileage
12-14 03:54:07.971 W/ActivityManager( 1628): Crash of app com.evancharlton.mileage running instrumentation ComponentInfo{com.evancharlton.mileage.test/sh.calaba.instrumentationbackend.CalabashInstrumentationTestRunner}
12-14 03:54:07.971 I/ActivityManager( 1628): Force stopping com.evancharlton.mileage appid=10438 user=0: finished inst
12-14 03:54:07.978 I/zygote  ( 3980): Not late-enabling -Xcheck:jni (already on)
12-14 03:54:07.984 I/ActivityManager( 1628): Start proc 3980:com.evancharlton.mileage/u0a438 for added application com.evancharlton.mileage
12-14 03:54:07.986 W/zygote  ( 3980): Unexpected CPU variant for X86 using defaults: x86
12-14 03:54:07.987 W/ActivityManager( 1628): setHasOverlayUi called on unknown pid: 3890
12-14 03:54:07.987 D/AndroidRuntime( 3970): Shutting down VM
12-14 03:54:08.012 W/zygote  ( 3980): Found duplicate classes, falling back to extracting from APK : /data/app/com.evancharlton.mileage.test-kGySCCAiH62DI7meO7bs_A==/base.apk
12-14 03:54:08.012 W/zygote  ( 3980): NOTE: This wastes RAM and hurts startup performance.
12-14 03:54:08.012 W/zygote  ( 3980): Found duplicated class when checking oat files: 'Ljunit/runner/BaseTestRunner;' in /data/app/com.evancharlton.mileage.test-kGySCCAiH62DI7meO7bs_A==/base.apk and /system/framework/android.test.runner.jar
12-14 03:54:08.012 W/zygote  ( 3980): 
12-14 03:54:08.012 E/adbd    ( 1383): failed to connect to socket 'tcp:7102': Connection refused
12-14 03:54:08.015 E/adbd    ( 1383): failed to connect to socket 'tcp:7102': Connection refused
12-14 03:54:08.041 W/System  ( 3980): ClassLoader referenced unknown path: 
12-14 03:54:08.052 I/System.out( 3980): Main activity name automatically set to: com.evancharlton.mileage.Mileage
12-14 03:54:08.053 I/System.out( 3980): Calabash did not load Mono. This is only a problem if you are trying to test a Mono application
12-14 03:54:08.053 I/calabash( 3980): Test server port: 7102
12-14 03:54:08.055 I/InstrumentationBackend( 3980): Added:'GetPreferences', with key:'get_preferences'
12-14 03:54:08.112 I/InstrumentationBackend( 3980): Added:'SetPreferences', with key:'set_preferences'
12-14 03:54:08.112 I/InstrumentationBackend( 3980): Added:'ClearPreferences', with key:'clear_preferences'
12-14 03:54:08.112 I/InstrumentationBackend( 3980): Added:'PressElement', with key:'press_l10n_element'
12-14 03:54:08.112 I/InstrumentationBackend( 3980): Added:'WaitForElement', with key:'wait_for_l10n_element'
12-14 03:54:08.113 I/InstrumentationBackend( 3980): Added:'NullAction', with key:'nullAction'
12-14 03:54:08.113 I/InstrumentationBackend( 3980): Added:'PressKey', with key:'press_key'
12-14 03:54:08.114 I/InstrumentationBackend( 3980): Added:'SetActivityOrientation', with key:'set_activity_orientation'
12-14 03:54:08.114 I/InstrumentationBackend( 3980): Added:'GetActivityOrientation', with key:'get_activity_orientation'
12-14 03:54:08.115 I/InstrumentationBackend( 3980): Added:'FakeGPSLocation', with key:'set_gps_coordinates'
12-14 03:54:08.115 I/InstrumentationBackend( 3980): Added:'SetPropertyByCssSelector', with key:'set_property_by_css_selector'
12-14 03:54:08.116 I/InstrumentationBackend( 3980): Added:'GetUrl', with key:'get_url'
12-14 03:54:08.118 I/InstrumentationBackend( 3980): Added:'ScrollTo', with key:'scroll_to'
12-14 03:54:08.119 I/InstrumentationBackend( 3980): Added:'GetLoadProgress', with key:'get_load_progress'
12-14 03:54:08.119 I/InstrumentationBackend( 3980): Added:'DumpHtml', with key:'dump_html'
12-14 03:54:08.120 I/InstrumentationBackend( 3980): Added:'DumpBodyHtml', with key:'dump_body_html'
12-14 03:54:08.120 I/InstrumentationBackend( 3980): Added:'EnterTextByCssSelector', with key:'enter_text_by_selector'
12-14 03:54:08.124 I/InstrumentationBackend( 3980): Added:'AndroidSDKVersion', with key:'android_sdk_version'
12-14 03:54:08.124 I/InstrumentationBackend( 3980): Added:'Version', with key:'version'
12-14 03:54:08.124 I/InstrumentationBackend( 3980): Added:'Drag', with key:'drag'
12-14 03:54:08.124 I/InstrumentationBackend( 3980): Added:'TouchCoordinates', with key:'touch_coordinate'
12-14 03:54:08.125 I/InstrumentationBackend( 3980): Added:'LongPressCoordinate', with key:'long_press_coordinate'
12-14 03:54:08.125 I/InstrumentationBackend( 3980): Added:'DragCoordinates', with key:'drag_coordinates'
12-14 03:54:08.125 I/InstrumentationBackend( 3980): Added:'ResumeApplication', with key:'resume_application'
12-14 03:54:08.126 I/InstrumentationBackend( 3980): Added:'Swipe', with key:'swipe'
12-14 03:54:08.126 I/InstrumentationBackend( 3980): Added:'DoubleTapCoordinate', with key:'double_tap_coordinate'
12-14 03:54:08.126 I/InstrumentationBackend( 3980): Added:'ClickOnScreen', with key:'click_on_screen'
12-14 03:54:08.127 I/InstrumentationBackend( 3980): Added:'GetActivityName', with key:'get_activity_name'
12-14 03:54:08.128 I/InstrumentationBackend( 3980): Added:'ScrollToView', with key:'scroll_to_view'
12-14 03:54:08.128 I/InstrumentationBackend( 3980): Added:'ViewConfiguration', with key:'view_configuration'
12-14 03:54:08.128 I/InstrumentationBackend( 3980): Added:'IsCurrentActivityFocused', with key:'is_current_activity_focused'
12-14 03:54:08.129 I/InstrumentationBackend( 3980): Added:'SendTcp', with key:'send_tcp'
12-14 03:54:08.129 I/InstrumentationBackend( 3980): Added:'DpToDevicePixel', with key:'dp_to_device_pixel'
12-14 03:54:08.130 I/InstrumentationBackend( 3980): Added:'KeyboardEnterText', with key:'keyboard_enter_text'
12-14 03:54:08.131 I/InstrumentationBackend( 3980): Added:'DeleteSurroundingText', with key:'delete_surrounding_text'
12-14 03:54:08.132 I/InstrumentationBackend( 3980): Added:'SetComposingRegion', with key:'set_composing_region'
12-14 03:54:08.132 I/InstrumentationBackend( 3980): Added:'SetSelection', with key:'set_selection'
12-14 03:54:08.133 I/InstrumentationBackend( 3980): Added:'KeyboardKeyEvent', with key:'keyboard_key_event'
12-14 03:54:08.133 I/InstrumentationBackend( 3980): Added:'PressUserActionButton', with key:'press_user_action_button'
12-14 03:54:08.134 E/adbd    ( 1383): failed to connect to socket 'tcp:7102': Connection refused
12-14 03:54:08.134 I/InstrumentationBackend( 3980): Added:'HideSoftKeyboard', with key:'hide_soft_keyboard'
12-14 03:54:08.137 I/InstrumentationBackend( 3980): Added:'ListActions', with key:'list_actions'
12-14 03:54:08.137 I/calabash( 3980): Instantiating http server at 7102
12-14 03:54:08.138 I/System.out( 3980): HTTP Daemon listening on: 7102
12-14 03:54:08.142 I/System.out( 3980): URI: //ping
12-14 03:54:08.142 I/System.out( 3980): params: {json={}
12-14 03:54:08.142 I/System.out( 3980): }
12-14 03:54:08.149 I/System.out( 3980): URI: //ping
12-14 03:54:08.149 I/System.out( 3980): params: {json={}
12-14 03:54:08.149 I/System.out( 3980): }
12-14 03:54:08.155 I/System.out( 3980): URI: //ready
12-14 03:54:08.155 I/System.out( 3980): params: {json={}
12-14 03:54:08.155 I/System.out( 3980): }
12-14 03:54:08.160 I/System.out( 3980): URI: //
12-14 03:54:08.160 I/System.out( 3980): params: {json={"command":"version","arguments":[]}
12-14 03:54:08.160 I/System.out( 3980): }
12-14 03:54:08.160 I/System.out( 3980): header: {content-type=application/json;charset=utf-8, date=Mon, 14 Dec 2020 08:54:08 GMT, accept=*/*, host=127.0.0.1:34777, content-length=36, user-agent=HTTPClient/1.0 (2.8.3, ruby 2.5.8 (2020-03-31))}
12-14 03:54:08.160 I/System.out( 3980): params: {json={"command":"version","arguments":[]}
12-14 03:54:08.160 I/System.out( 3980): }
12-14 03:54:08.160 I/System.out( 3980): ProP json = {"command":"version","arguments":[]}
12-14 03:54:08.161 I/System.out( 3980): files: {}
12-14 03:54:08.161 I/System.out( 3980): command: {"command":"version","arguments":[]}
12-14 03:54:08.188 I/InstrumentationBackend( 3980): Got command:'Command:'Line:null,version', arguments:'[]'
12-14 03:54:08.223 I/System.out( 3980): result:{"bonusInformation":[],"message":"0.9.8","success":true}
12-14 03:54:08.233 I/System.out( 3980): URI: //start-application
12-14 03:54:08.233 I/System.out( 3980): params: {json={"intent":null}
12-14 03:54:08.233 I/System.out( 3980): }
12-14 03:54:08.271 I/ActivityManager( 1628): START u0 {act=android.intent.action.MAIN cat=[android.intent.category.LAUNCHER] flg=0x10200000 cmp=com.evancharlton.mileage/.Mileage} from uid 10438
12-14 03:54:08.292 I/calabash( 3980): newActivity1
12-14 03:54:08.301 D/gralloc_ranchu( 1396): gralloc_alloc: Creating ashmem region of size 7753728
12-14 03:54:08.356 W/ActivityManager( 1628): Bad activity token: android.os.BinderProxy@e8bf896
12-14 03:54:08.356 W/ActivityManager( 1628): java.lang.ClassCastException: android.os.BinderProxy cannot be cast to com.android.server.am.ActivityRecord$Token
12-14 03:54:08.356 W/ActivityManager( 1628): 	at com.android.server.am.ActivityRecord.forTokenLocked(ActivityRecord.java:778)
12-14 03:54:08.356 W/ActivityManager( 1628): 	at com.android.server.am.ActivityRecord.isInStackLocked(ActivityRecord.java:2085)
12-14 03:54:08.356 W/ActivityManager( 1628): 	at com.android.server.am.ActivityRecord.getStackLocked(ActivityRecord.java:2090)
12-14 03:54:08.356 W/ActivityManager( 1628): 	at com.android.server.am.ActivityManagerService.getActivityDisplayId(ActivityManagerService.java:10406)
12-14 03:54:08.356 W/ActivityManager( 1628): 	at android.app.IActivityManager$Stub.onTransact(IActivityManager.java:2738)
12-14 03:54:08.356 W/ActivityManager( 1628): 	at com.android.server.am.ActivityManagerService.onTransact(ActivityManagerService.java:2935)
12-14 03:54:08.356 W/ActivityManager( 1628): 	at android.os.Binder.execTransact(Binder.java:674)
12-14 03:54:08.359 I/calabash( 3980): newActivity1
12-14 03:54:08.375 W/ActivityManager( 1628): Bad activity token: android.os.BinderProxy@e8bf896
12-14 03:54:08.375 W/ActivityManager( 1628): java.lang.ClassCastException: android.os.BinderProxy cannot be cast to com.android.server.am.ActivityRecord$Token
12-14 03:54:08.375 W/ActivityManager( 1628): 	at com.android.server.am.ActivityRecord.forTokenLocked(ActivityRecord.java:778)
12-14 03:54:08.375 W/ActivityManager( 1628): 	at com.android.server.am.ActivityRecord.isInStackLocked(ActivityRecord.java:2085)
12-14 03:54:08.375 W/ActivityManager( 1628): 	at com.android.server.am.ActivityManagerService.setTaskDescription(ActivityManagerService.java:9988)
12-14 03:54:08.375 W/ActivityManager( 1628): 	at android.app.IActivityManager$Stub.onTransact(IActivityManager.java:2824)
12-14 03:54:08.375 W/ActivityManager( 1628): 	at com.android.server.am.ActivityManagerService.onTransact(ActivityManagerService.java:2935)
12-14 03:54:08.375 W/ActivityManager( 1628): 	at android.os.Binder.execTransact(Binder.java:674)
12-14 03:54:08.377 W/ActivityManager( 1628): Bad activity token: android.os.BinderProxy@e8bf896
12-14 03:54:08.377 W/ActivityManager( 1628): java.lang.ClassCastException: android.os.BinderProxy cannot be cast to com.android.server.am.ActivityRecord$Token
12-14 03:54:08.377 W/ActivityManager( 1628): 	at com.android.server.am.ActivityRecord.forTokenLocked(ActivityRecord.java:778)
12-14 03:54:08.377 W/ActivityManager( 1628): 	at com.android.server.am.ActivityRecord.isInStackLocked(ActivityRecord.java:2085)
12-14 03:54:08.377 W/ActivityManager( 1628): 	at com.android.server.am.ActivityRecord.getStackLocked(ActivityRecord.java:2090)
12-14 03:54:08.377 W/ActivityManager( 1628): 	at com.android.server.am.ActivityManagerService.getActivityStackId(ActivityManagerService.java:10417)
12-14 03:54:08.377 W/ActivityManager( 1628): 	at android.app.IActivityManager$Stub.onTransact(IActivityManager.java:3548)
12-14 03:54:08.377 W/ActivityManager( 1628): 	at com.android.server.am.ActivityManagerService.onTransact(ActivityManagerService.java:2935)
12-14 03:54:08.377 W/ActivityManager( 1628): 	at android.os.Binder.execTransact(Binder.java:674)
12-14 03:54:08.386 E/ContentStoreEUAS( 2229): Failed to commit the deferred actions
12-14 03:54:08.416 D/EGL_emulation( 2229): eglMakeCurrent: 0xa5a7da40: ver 3 0 (tinfo 0xa5a7f600)
12-14 03:54:08.418 D/EGL_emulation( 2185): eglMakeCurrent: 0xa8185420: ver 3 0 (tinfo 0xa8183320)
12-14 03:54:08.441 D/EGL_emulation( 1727): eglMakeCurrent: 0x9474b160: ver 3 0 (tinfo 0xa56e3c00)
12-14 03:54:08.451 I/chatty  ( 1727): uid=10028(u0_a28) RenderThread identical 1 line
12-14 03:54:08.458 D/EGL_emulation( 1727): eglMakeCurrent: 0x9474b160: ver 3 0 (tinfo 0xa56e3c00)
12-14 03:54:08.460 V/StatusBar( 1727): setLightsOn(true)
12-14 03:54:08.469 D/EGL_emulation( 1727): eglMakeCurrent: 0x9474b160: ver 3 0 (tinfo 0xa56e3c00)
12-14 03:54:08.484 W/ActivityManager( 1628): Bad activity token: android.os.BinderProxy@e8bf896
12-14 03:54:08.484 W/ActivityManager( 1628): java.lang.ClassCastException: android.os.BinderProxy cannot be cast to com.android.server.am.ActivityRecord$Token
12-14 03:54:08.484 W/ActivityManager( 1628): 	at com.android.server.am.ActivityRecord.forTokenLocked(ActivityRecord.java:778)
12-14 03:54:08.484 W/ActivityManager( 1628): 	at com.android.server.am.ActivityRecord.isInStackLocked(ActivityRecord.java:2085)
12-14 03:54:08.484 W/ActivityManager( 1628): 	at com.android.server.am.ActivityManagerService.getActivityOptions(ActivityManagerService.java:13302)
12-14 03:54:08.484 W/ActivityManager( 1628): 	at android.app.IActivityManager$Stub.onTransact(IActivityManager.java:2910)
12-14 03:54:08.484 W/ActivityManager( 1628): 	at com.android.server.am.ActivityManagerService.onTransact(ActivityManagerService.java:2935)
12-14 03:54:08.484 W/ActivityManager( 1628): 	at android.os.Binder.execTransact(Binder.java:674)
12-14 03:54:08.486 W/ActivityManager( 1628): Bad activity token: android.os.BinderProxy@e8bf896
12-14 03:54:08.486 W/ActivityManager( 1628): java.lang.ClassCastException: android.os.BinderProxy cannot be cast to com.android.server.am.ActivityRecord$Token
12-14 03:54:08.486 W/ActivityManager( 1628): 	at com.android.server.am.ActivityRecord.forTokenLocked(ActivityRecord.java:778)
12-14 03:54:08.486 W/ActivityManager( 1628): 	at com.android.server.am.ActivityRecord.isInStackLocked(ActivityRecord.java:2085)
12-14 03:54:08.486 W/ActivityManager( 1628): 	at com.android.server.am.ActivityManagerService.getActivityOptions(ActivityManagerService.java:13302)
12-14 03:54:08.486 W/ActivityManager( 1628): 	at android.app.IActivityManager$Stub.onTransact(IActivityManager.java:2910)
12-14 03:54:08.486 W/ActivityManager( 1628): 	at com.android.server.am.ActivityManagerService.onTransact(ActivityManagerService.java:2935)
12-14 03:54:08.486 W/ActivityManager( 1628): 	at android.os.Binder.execTransact(Binder.java:674)
12-14 03:54:08.583 I/chatty  ( 1727): uid=10028(u0_a28) RenderThread identical 14 lines
12-14 03:54:08.604 D/EGL_emulation( 1727): eglMakeCurrent: 0x9474b160: ver 3 0 (tinfo 0xa56e3c00)
12-14 03:54:08.610 V/StatusBar( 1727): setLightsOn(true)
12-14 03:54:08.623 I/zygote  ( 3980): Do partial code cache collection, code=29KB, data=30KB
12-14 03:54:08.624 I/zygote  ( 3980): After code cache collection, code=29KB, data=30KB
12-14 03:54:08.624 I/zygote  ( 3980): Increasing code cache capacity to 128KB
12-14 03:54:08.624 D/EGL_emulation( 1727): eglMakeCurrent: 0x9474b160: ver 3 0 (tinfo 0xa56e3c00)
12-14 03:54:08.625 I/zygote  ( 3980): Do partial code cache collection, code=29KB, data=48KB
12-14 03:54:08.626 I/zygote  ( 3980): After code cache collection, code=29KB, data=48KB
12-14 03:54:08.626 I/zygote  ( 3980): Increasing code cache capacity to 256KB
12-14 03:54:08.627 I/zygote  ( 3980): JIT allocated 71KB for compiled code of void android.widget.TextView.<init>(android.content.Context, android.util.AttributeSet, int, int)
12-14 03:54:08.627 I/zygote  ( 3980): Compiler allocated 4MB to compile void android.widget.TextView.<init>(android.content.Context, android.util.AttributeSet, int, int)
12-14 03:54:08.636 D/EGL_emulation( 1727): eglMakeCurrent: 0x9474b160: ver 3 0 (tinfo 0xa56e3c00)
12-14 03:54:08.646 D/EGL_emulation( 1727): eglMakeCurrent: 0x9474b160: ver 3 0 (tinfo 0xa56e3c00)
12-14 03:54:08.657 V/StatusBar( 1727): setLightsOn(true)
12-14 03:54:08.660 I/chatty  ( 1727): uid=10028(u0_a28) com.android.systemui identical 1 line
12-14 03:54:08.661 V/StatusBar( 1727): setLightsOn(true)
12-14 03:54:08.697 D/gralloc_ranchu( 1396): gralloc_alloc: Creating ashmem region of size 7753728
12-14 03:54:08.723 D/        ( 3980): HostConnection::get() New Host Connection established 0xa55b0e80, tid 3980
12-14 03:54:08.804 V/StatusBar( 1727): setLightsOn(true)
12-14 03:54:08.806 V/StatusBar( 1727): setLightsOn(true)
12-14 03:54:08.808 I/ActivityManager( 1628): Displayed com.evancharlton.mileage/.Mileage: +523ms
12-14 03:54:08.811 V/StatusBar( 1727): setLightsOn(true)
12-14 03:54:08.832 D/gralloc_ranchu( 1396): gralloc_alloc: Creating ashmem region of size 7753728
12-14 03:54:08.834 V/StatusBar( 1727): setLightsOn(true)
12-14 03:54:08.902 V/StatusBar( 1727): setLightsOn(true)
12-14 03:54:08.926 I/zygote  ( 3980): Do full code cache collection, code=125KB, data=74KB
12-14 03:54:08.930 I/zygote  ( 3980): After code cache collection, code=106KB, data=46KB
12-14 03:54:09.008 V/StatusBar( 1727): setLightsOn(true)
12-14 03:54:09.028 I/System.out( 3980): URI: //map
12-14 03:54:09.028 I/System.out( 3980): params: {json={"query":"android.widget.CheckBox index:0","operation":{"method_name":"query","arguments":[]}}
12-14 03:54:09.028 I/System.out( 3980): }
12-14 03:54:09.042 V/StatusBar( 1727): setLightsOn(true)
12-14 03:54:09.159 I/chatty  ( 1727): uid=10028(u0_a28) com.android.systemui identical 1 line
12-14 03:54:09.168 V/StatusBar( 1727): setLightsOn(true)
12-14 03:54:09.181 W/SurfaceFlinger( 1410): couldn't log to binary event log: overflow.
12-14 03:54:09.217 I/System.out( 3980): URI: //gesture
12-14 03:54:09.217 I/System.out( 3980): params: {json={"query_timeout":5.0,"gestures":[{"query_string":"android.widget.CheckBox index:0","touches":[{"x":50,"y":50,"offset_x":0,"offset_y":0,"wait":0.0,"time":0.2,"release":true,"query_string":null}]}]}
12-14 03:54:09.217 I/System.out( 3980): }
12-14 03:54:09.241 I/zygote  ( 3980): Do partial code cache collection, code=124KB, data=57KB
12-14 03:54:09.242 I/zygote  ( 3980): After code cache collection, code=124KB, data=57KB
12-14 03:54:09.242 I/zygote  ( 3980): Increasing code cache capacity to 512KB
12-14 03:54:09.273 I/PBSessionCacheImpl( 2229): Deleted sessionId[11973268312514] from persistence.
12-14 03:54:09.299 W/SearchService( 2229): Abort, client detached.
12-14 03:54:09.426 D/BoundBrokerSvc( 1940): onUnbind: Intent { act=com.google.android.gms.pseudonymous.service.START cmp=com.google.android.gms/.chimera.PersistentApiService }
12-14 03:54:09.462 W/RemoteFillService( 1628): Not handling { when=-5ms what=3 target=com.android.internal.os.HandlerCaller$MyHandler } as service for ComponentInfo{com.google.android.gms/com.google.android.gms.autofill.service.AutofillService} is already destroyed
12-14 03:54:09.494 W/audio_hw_generic( 1390): Not supplying enough data to HAL, expected position 155599 , only wrote 155520
12-14 03:54:09.721 E/SurfaceFlinger( 1410): ro.sf.lcd_density must be defined as a build property
12-14 03:54:09.730 D/gralloc_ranchu( 1396): gralloc_alloc: Creating ashmem region of size 8298496
12-14 03:54:09.739 D/        ( 4022): HostConnection::get() New Host Connection established 0xad8af800, tid 4022
12-14 03:54:09.832 D/gralloc_ranchu( 1396): gralloc_alloc: Creating ashmem region of size 7753728
12-14 03:54:10.163 I/System.out( 3980): URI: //map
12-14 03:54:10.163 I/System.out( 3980): params: {json={"query":"android.widget.CheckBox index:0","operation":{"method_name":"query","arguments":[]}}
12-14 03:54:10.163 I/System.out( 3980): }
12-14 03:54:10.216 I/System.out( 3980): URI: //gesture
12-14 03:54:10.216 I/System.out( 3980): params: {json={"query_timeout":5.0,"gestures":[{"query_string":"android.widget.CheckBox index:0","touches":[{"x":50,"y":50,"offset_x":0,"offset_y":0,"wait":0.0,"time":0.2,"release":true,"query_string":null}]}]}
12-14 03:54:10.216 I/System.out( 3980): }
12-14 03:54:10.672 E/SurfaceFlinger( 1410): ro.sf.lcd_density must be defined as a build property
12-14 03:54:10.682 D/gralloc_ranchu( 1396): gralloc_alloc: Creating ashmem region of size 8298496
12-14 03:54:10.691 D/        ( 4030): HostConnection::get() New Host Connection established 0xb422f800, tid 4030
12-14 03:54:10.792 I/ActivityManager( 1628): Killing 3311:com.google.android.apps.messaging:rcs/u0a66 (adj 906): empty #17
12-14 03:54:10.808 V/StatusBar( 1727): setLightsOn(true)
