--------- beginning of main
12-14 03:54:17.940 D/gralloc_ranchu( 1396): gralloc_alloc: Creating ashmem region of size 8298496
12-14 03:54:17.943 E/OpenGLRenderer( 1628): GL error:  GL_INVALID_OPERATION
12-14 03:54:17.965 I/chatty  ( 1628): uid=1000(system) RenderThread identical 45 lines
12-14 03:54:17.966 E/OpenGLRenderer( 1628): GL error:  GL_INVALID_OPERATION
12-14 03:54:17.967 D/EGL_emulation( 2229): eglMakeCurrent: 0xa5a7da40: ver 3 0 (tinfo 0xa5a7f600)
12-14 03:54:17.968 E/OpenGLRenderer( 1628): GL error:  GL_INVALID_OPERATION
12-14 03:54:17.989 I/chatty  ( 1628): uid=1000(system) RenderThread identical 25 lines
12-14 03:54:17.989 E/OpenGLRenderer( 1628): GL error:  GL_INVALID_OPERATION
12-14 03:54:17.991 D/EGL_emulation( 1727): eglMakeCurrent: 0x9474b160: ver 3 0 (tinfo 0xa56e3c00)
12-14 03:54:17.992 D/gralloc_ranchu( 1396): gralloc_alloc: Creating ashmem region of size 8298496
12-14 03:54:17.994 E/OpenGLRenderer( 1628): GL error:  GL_INVALID_OPERATION
12-14 03:54:18.061 I/chatty  ( 1628): uid=1000(system) RenderThread identical 107 lines
12-14 03:54:18.061 E/OpenGLRenderer( 1628): GL error:  GL_INVALID_OPERATION
12-14 03:54:18.068 D/gralloc_ranchu( 1396): gralloc_alloc: Creating ashmem region of size 8298496
12-14 03:54:18.069 E/OpenGLRenderer( 1628): GL error:  GL_INVALID_OPERATION
12-14 03:54:18.074 I/chatty  ( 1628): uid=1000(system) RenderThread identical 15 lines
12-14 03:54:18.087 E/OpenGLRenderer( 1628): GL error:  GL_INVALID_OPERATION
12-14 03:54:18.094 I/MicroDetectionWorker( 2229): #updateMicroDetector [detectionMode: [mDetectionMode: [1]]]
12-14 03:54:18.095 I/MicroDetectionWorker( 2229): #startMicroDetector [speakerMode: 0]
12-14 03:54:18.096 E/OpenGLRenderer( 1628): GL error:  GL_INVALID_OPERATION
12-14 03:54:18.097 E/OpenGLRenderer( 1628): GL error:  GL_INVALID_OPERATION
12-14 03:54:18.100 I/AudioController( 2229): Using mInputStreamFactoryBuilder
12-14 03:54:18.107 I/MicroDetectionWorker( 2229): onReady
12-14 03:54:18.115 E/OpenGLRenderer( 1628): GL error:  GL_INVALID_OPERATION
12-14 03:54:18.133 I/chatty  ( 1628): uid=1000(system) RenderThread identical 33 lines
12-14 03:54:18.134 E/OpenGLRenderer( 1628): GL error:  GL_INVALID_OPERATION
12-14 03:54:18.135 I/MicroRecognitionRunner( 2229): Starting detection.
12-14 03:54:18.137 I/MicrophoneInputStream( 2229): mic_starting com.google.android.apps.gsa.staticplugins.aa.c@48a33f
12-14 03:54:18.138 E/OpenGLRenderer( 1628): GL error:  GL_INVALID_OPERATION
12-14 03:54:18.152 I/chatty  ( 1628): uid=1000(system) RenderThread identical 30 lines
12-14 03:54:18.152 E/OpenGLRenderer( 1628): GL error:  GL_INVALID_OPERATION
12-14 03:54:18.155 I/AudioFlinger( 1477): AudioFlinger's thread 0xac503cc0 tid=4139 ready to run
12-14 03:54:18.161 E/OpenGLRenderer( 1628): GL error:  GL_INVALID_OPERATION
12-14 03:54:18.164 I/chatty  ( 1628): uid=1000(system) RenderThread identical 5 lines
12-14 03:54:18.167 E/OpenGLRenderer( 1628): GL error:  GL_INVALID_OPERATION
12-14 03:54:18.171 I/MicrophoneInputStream( 2229): mic_started com.google.android.apps.gsa.staticplugins.aa.c@48a33f
12-14 03:54:18.172 E/OpenGLRenderer( 1628): GL error:  GL_INVALID_OPERATION
12-14 03:54:18.172 E/OpenGLRenderer( 1628): GL error:  GL_INVALID_OPERATION
12-14 03:54:18.173 I/MicroDetectionWorker( 2229): onReady
12-14 03:54:18.175 E/OpenGLRenderer( 1628): GL error:  GL_INVALID_OPERATION
12-14 03:54:18.176 I/chatty  ( 1628): uid=1000(system) RenderThread identical 2 lines
12-14 03:54:18.176 E/OpenGLRenderer( 1628): GL error:  GL_INVALID_OPERATION
12-14 03:54:18.181 I/MicrophoneInputStream( 2229): mic_close com.google.android.apps.gsa.staticplugins.aa.c@48a33f
12-14 03:54:18.182 E/OpenGLRenderer( 1628): GL error:  GL_INVALID_OPERATION
12-14 03:54:18.184 I/chatty  ( 1628): uid=1000(system) RenderThread identical 6 lines
12-14 03:54:18.188 E/OpenGLRenderer( 1628): GL error:  GL_INVALID_OPERATION
12-14 03:54:18.188 I/MicroRecognitionRunner( 2229): Detection finished
12-14 03:54:18.189 W/ErrorReporter( 2229): reportError [type: 211, code: 524300]: Error reading from input stream
12-14 03:54:18.190 E/OpenGLRenderer( 1628): GL error:  GL_INVALID_OPERATION
12-14 03:54:18.190 I/MicroRecognitionRunner( 2229): Stopping hotword detection.
12-14 03:54:18.191 E/OpenGLRenderer( 1628): GL error:  GL_INVALID_OPERATION
12-14 03:54:18.198 I/chatty  ( 1628): uid=1000(system) RenderThread identical 14 lines
12-14 03:54:18.199 E/OpenGLRenderer( 1628): GL error:  GL_INVALID_OPERATION
12-14 03:54:18.199 W/ErrorProcessor( 2229): onFatalError, processing error from engine(4)
12-14 03:54:18.199 W/ErrorProcessor( 2229): com.google.android.apps.gsa.shared.speech.b.g: Error reading from input stream
12-14 03:54:18.199 W/ErrorProcessor( 2229): 	at com.google.android.apps.gsa.staticplugins.recognizer.j.a.a(SourceFile:28)
12-14 03:54:18.199 W/ErrorProcessor( 2229): 	at com.google.android.apps.gsa.staticplugins.recognizer.j.b.run(SourceFile:15)
12-14 03:54:18.199 W/ErrorProcessor( 2229): 	at java.util.concurrent.Executors$RunnableAdapter.call(Executors.java:457)
12-14 03:54:18.199 W/ErrorProcessor( 2229): 	at java.util.concurrent.FutureTask.run(FutureTask.java:266)
12-14 03:54:18.199 W/ErrorProcessor( 2229): 	at com.google.android.apps.gsa.shared.util.concurrent.a.ax.run(SourceFile:14)
12-14 03:54:18.199 W/ErrorProcessor( 2229): 	at com.google.android.apps.gsa.shared.util.concurrent.a.bl.run(SourceFile:4)
12-14 03:54:18.199 W/ErrorProcessor( 2229): 	at com.google.android.apps.gsa.shared.util.concurrent.a.bl.run(SourceFile:4)
12-14 03:54:18.199 W/ErrorProcessor( 2229): 	at java.util.concurrent.ThreadPoolExecutor.runWorker(ThreadPoolExecutor.java:1162)
12-14 03:54:18.199 W/ErrorProcessor( 2229): 	at java.util.concurrent.ThreadPoolExecutor$Worker.run(ThreadPoolExecutor.java:636)
12-14 03:54:18.199 W/ErrorProcessor( 2229): 	at java.lang.Thread.run(Thread.java:764)
12-14 03:54:18.199 W/ErrorProcessor( 2229): 	at com.google.android.apps.gsa.shared.util.concurrent.a.ai.run(SourceFile:6)
12-14 03:54:18.199 W/ErrorProcessor( 2229): Caused by: com.google.android.apps.gsa.shared.exception.GsaIOException: Error code: 393238 | Buffer overflow, no available space.
12-14 03:54:18.199 W/ErrorProcessor( 2229): 	at com.google.android.apps.gsa.speech.audio.Tee.f(SourceFile:103)
12-14 03:54:18.199 W/ErrorProcessor( 2229): 	at com.google.android.apps.gsa.speech.audio.au.read(SourceFile:2)
12-14 03:54:18.199 W/ErrorProcessor( 2229): 	at java.io.InputStream.read(InputStream.java:101)
12-14 03:54:18.199 W/ErrorProcessor( 2229): 	at com.google.android.apps.gsa.speech.audio.ao.run(SourceFile:18)
12-14 03:54:18.199 W/ErrorProcessor( 2229): 	at com.google.android.apps.gsa.speech.audio.an.run(SourceFile:2)
12-14 03:54:18.199 W/ErrorProcessor( 2229): 	... 9 more
12-14 03:54:18.199 E/OpenGLRenderer( 1628): GL error:  GL_INVALID_OPERATION
12-14 03:54:18.199 I/AudioController( 2229): internalShutdown
12-14 03:54:18.199 E/OpenGLRenderer( 1628): GL error:  GL_INVALID_OPERATION
12-14 03:54:18.211 I/chatty  ( 1628): uid=1000(system) RenderThread identical 21 lines
12-14 03:54:18.212 E/OpenGLRenderer( 1628): GL error:  GL_INVALID_OPERATION
12-14 03:54:18.212 D/EGL_emulation( 2185): eglMakeCurrent: 0xa8185420: ver 3 0 (tinfo 0xa8183320)
12-14 03:54:18.212 E/OpenGLRenderer( 1628): GL error:  GL_INVALID_OPERATION
12-14 03:54:18.221 I/chatty  ( 1628): uid=1000(system) RenderThread identical 21 lines
12-14 03:54:18.222 E/OpenGLRenderer( 1628): GL error:  GL_INVALID_OPERATION
12-14 03:54:18.228 I/MicroDetector( 2229): Keeping mic open: false
12-14 03:54:18.228 I/MicroDetectionWorker( 2229): #onError(false)
12-14 03:54:18.228 I/DeviceStateChecker( 2229): DeviceStateChecker cancelled
12-14 03:54:18.229 E/OpenGLRenderer( 1628): GL error:  GL_INVALID_OPERATION
12-14 03:54:18.244 I/chatty  ( 1628): uid=1000(system) RenderThread identical 15 lines
12-14 03:54:18.244 E/OpenGLRenderer( 1628): GL error:  GL_INVALID_OPERATION
12-14 03:54:18.245 D/gralloc_ranchu( 1396): gralloc_alloc: Creating ashmem region of size 7753728
12-14 03:54:18.245 E/OpenGLRenderer( 1628): GL error:  GL_INVALID_OPERATION
12-14 03:54:18.314 I/chatty  ( 1628): uid=1000(system) RenderThread identical 107 lines
12-14 03:54:18.314 E/OpenGLRenderer( 1628): GL error:  GL_INVALID_OPERATION
12-14 03:54:18.316 D/        ( 1727): HostConnection::get() New Host Connection established 0x93024980, tid 1993
12-14 03:54:18.316 E/OpenGLRenderer( 1628): GL error:  GL_INVALID_OPERATION
12-14 03:54:18.325 I/chatty  ( 1628): uid=1000(system) RenderThread identical 19 lines
12-14 03:54:18.326 E/OpenGLRenderer( 1628): GL error:  GL_INVALID_OPERATION
12-14 03:54:18.326 D/EGL_emulation( 1727): eglMakeCurrent: 0x9474b160: ver 3 0 (tinfo 0xa56e3c00)
12-14 03:54:18.326 E/OpenGLRenderer( 1628): GL error:  GL_INVALID_OPERATION
12-14 03:54:18.346 I/chatty  ( 1628): uid=1000(system) RenderThread identical 42 lines
12-14 03:54:18.346 E/OpenGLRenderer( 1628): GL error:  GL_INVALID_OPERATION
12-14 03:54:18.346 D/EGL_emulation( 1727): eglMakeCurrent: 0x9474b160: ver 3 0 (tinfo 0xa56e3c00)
12-14 03:54:18.346 E/OpenGLRenderer( 1628): GL error:  GL_INVALID_OPERATION
12-14 03:54:18.356 I/chatty  ( 1628): uid=1000(system) RenderThread identical 25 lines
12-14 03:54:18.357 E/OpenGLRenderer( 1628): GL error:  GL_INVALID_OPERATION
12-14 03:54:18.357 D/EGL_emulation( 1727): eglMakeCurrent: 0x9474b160: ver 3 0 (tinfo 0xa56e3c00)
12-14 03:54:18.357 E/OpenGLRenderer( 1628): GL error:  GL_INVALID_OPERATION
12-14 03:54:18.364 I/chatty  ( 1628): uid=1000(system) RenderThread identical 13 lines
12-14 03:54:18.364 E/OpenGLRenderer( 1628): GL error:  GL_INVALID_OPERATION
12-14 03:54:18.364 D/EGL_emulation( 1727): eglMakeCurrent: 0x9474b160: ver 3 0 (tinfo 0xa56e3c00)
12-14 03:54:18.364 E/OpenGLRenderer( 1628): GL error:  GL_INVALID_OPERATION
12-14 03:54:18.378 I/chatty  ( 1628): uid=1000(system) RenderThread identical 27 lines
12-14 03:54:18.379 E/OpenGLRenderer( 1628): GL error:  GL_INVALID_OPERATION
12-14 03:54:18.379 D/EGL_emulation( 1727): eglMakeCurrent: 0x9474b160: ver 3 0 (tinfo 0xa56e3c00)
12-14 03:54:18.379 E/OpenGLRenderer( 1628): GL error:  GL_INVALID_OPERATION
12-14 03:54:18.384 I/chatty  ( 1628): uid=1000(system) RenderThread identical 15 lines
12-14 03:54:18.384 E/OpenGLRenderer( 1628): GL error:  GL_INVALID_OPERATION
12-14 03:54:18.385 D/EGL_emulation( 1727): eglMakeCurrent: 0x9474b160: ver 3 0 (tinfo 0xa56e3c00)
12-14 03:54:18.386 E/OpenGLRenderer( 1628): GL error:  GL_INVALID_OPERATION
12-14 03:54:18.397 I/chatty  ( 1628): uid=1000(system) RenderThread identical 26 lines
12-14 03:54:18.397 E/OpenGLRenderer( 1628): GL error:  GL_INVALID_OPERATION
12-14 03:54:18.397 D/EGL_emulation( 1727): eglMakeCurrent: 0x9474b160: ver 3 0 (tinfo 0xa56e3c00)
12-14 03:54:18.397 E/OpenGLRenderer( 1628): GL error:  GL_INVALID_OPERATION
12-14 03:54:18.408 I/chatty  ( 1628): uid=1000(system) RenderThread identical 25 lines
12-14 03:54:18.408 E/OpenGLRenderer( 1628): GL error:  GL_INVALID_OPERATION
12-14 03:54:18.406 D/EGL_emulation( 1727): eglMakeCurrent: 0x9474b160: ver 3 0 (tinfo 0xa56e3c00)
12-14 03:54:18.408 E/OpenGLRenderer( 1628): GL error:  GL_INVALID_OPERATION
12-14 03:54:18.416 I/chatty  ( 1628): uid=1000(system) RenderThread identical 20 lines
12-14 03:54:18.416 E/OpenGLRenderer( 1628): GL error:  GL_INVALID_OPERATION
12-14 03:54:18.416 D/EGL_emulation( 1727): eglMakeCurrent: 0x9474b160: ver 3 0 (tinfo 0xa56e3c00)
12-14 03:54:18.416 E/OpenGLRenderer( 1628): GL error:  GL_INVALID_OPERATION
12-14 03:54:18.433 I/chatty  ( 1628): uid=1000(system) RenderThread identical 32 lines
12-14 03:54:18.434 E/OpenGLRenderer( 1628): GL error:  GL_INVALID_OPERATION
12-14 03:54:18.435 D/EGL_emulation( 1727): eglMakeCurrent: 0x9474b160: ver 3 0 (tinfo 0xa56e3c00)
12-14 03:54:18.435 E/OpenGLRenderer( 1628): GL error:  GL_INVALID_OPERATION
12-14 03:54:18.446 I/chatty  ( 1628): uid=1000(system) RenderThread identical 20 lines
12-14 03:54:18.447 E/OpenGLRenderer( 1628): GL error:  GL_INVALID_OPERATION
12-14 03:54:18.447 D/EGL_emulation( 1727): eglMakeCurrent: 0x9474b160: ver 3 0 (tinfo 0xa56e3c00)
12-14 03:54:18.447 E/OpenGLRenderer( 1628): GL error:  GL_INVALID_OPERATION
12-14 03:54:18.456 I/chatty  ( 1628): uid=1000(system) RenderThread identical 30 lines
12-14 03:54:18.456 E/OpenGLRenderer( 1628): GL error:  GL_INVALID_OPERATION
12-14 03:54:18.457 D/EGL_emulation( 1727): eglMakeCurrent: 0x9474b160: ver 3 0 (tinfo 0xa56e3c00)
12-14 03:54:18.457 E/OpenGLRenderer( 1628): GL error:  GL_INVALID_OPERATION
12-14 03:54:18.462 I/chatty  ( 1628): uid=1000(system) RenderThread identical 9 lines
12-14 03:54:18.463 E/OpenGLRenderer( 1628): GL error:  GL_INVALID_OPERATION
12-14 03:54:18.463 D/EGL_emulation( 1727): eglMakeCurrent: 0x9474b160: ver 3 0 (tinfo 0xa56e3c00)
12-14 03:54:18.463 E/OpenGLRenderer( 1628): GL error:  GL_INVALID_OPERATION
12-14 03:54:18.467 I/chatty  ( 1628): uid=1000(system) RenderThread identical 11 lines
12-14 03:54:18.468 E/OpenGLRenderer( 1628): GL error:  GL_INVALID_OPERATION
12-14 03:54:18.468 D/EGL_emulation( 1727): eglMakeCurrent: 0x9474b160: ver 3 0 (tinfo 0xa56e3c00)
12-14 03:54:18.468 E/OpenGLRenderer( 1628): GL error:  GL_INVALID_OPERATION
12-14 03:54:18.482 I/chatty  ( 1628): uid=1000(system) RenderThread identical 30 lines
12-14 03:54:18.483 E/OpenGLRenderer( 1628): GL error:  GL_INVALID_OPERATION
12-14 03:54:18.483 D/EGL_emulation( 1727): eglMakeCurrent: 0x9474b160: ver 3 0 (tinfo 0xa56e3c00)
12-14 03:54:18.483 E/OpenGLRenderer( 1628): GL error:  GL_INVALID_OPERATION
12-14 03:54:18.498 I/chatty  ( 1628): uid=1000(system) RenderThread identical 29 lines
12-14 03:54:18.498 E/OpenGLRenderer( 1628): GL error:  GL_INVALID_OPERATION
12-14 03:54:18.498 D/EGL_emulation( 1727): eglMakeCurrent: 0x9474b160: ver 3 0 (tinfo 0xa56e3c00)
12-14 03:54:18.499 E/OpenGLRenderer( 1628): GL error:  GL_INVALID_OPERATION
12-14 03:54:18.512 I/chatty  ( 1628): uid=1000(system) RenderThread identical 36 lines
12-14 03:54:18.512 E/OpenGLRenderer( 1628): GL error:  GL_INVALID_OPERATION
12-14 03:54:18.512 D/EGL_emulation( 1727): eglMakeCurrent: 0x9474b160: ver 3 0 (tinfo 0xa56e3c00)
12-14 03:54:18.513 E/OpenGLRenderer( 1628): GL error:  GL_INVALID_OPERATION
12-14 03:54:18.526 I/chatty  ( 1628): uid=1000(system) RenderThread identical 34 lines
12-14 03:54:18.527 E/OpenGLRenderer( 1628): GL error:  GL_INVALID_OPERATION
12-14 03:54:18.528 D/EGL_emulation( 1727): eglMakeCurrent: 0x9474b160: ver 3 0 (tinfo 0xa56e3c00)
12-14 03:54:18.528 E/OpenGLRenderer( 1628): GL error:  GL_INVALID_OPERATION
12-14 03:54:18.532 I/chatty  ( 1628): uid=1000(system) RenderThread identical 12 lines
12-14 03:54:18.532 E/OpenGLRenderer( 1628): GL error:  GL_INVALID_OPERATION
12-14 03:54:18.532 D/EGL_emulation( 1727): eglMakeCurrent: 0x9474b160: ver 3 0 (tinfo 0xa56e3c00)
12-14 03:54:18.533 E/OpenGLRenderer( 1628): GL error:  GL_INVALID_OPERATION
12-14 03:54:18.556 I/chatty  ( 1628): uid=1000(system) RenderThread identical 40 lines
12-14 03:54:18.556 E/OpenGLRenderer( 1628): GL error:  GL_INVALID_OPERATION
12-14 03:54:18.557 D/EGL_emulation( 1727): eglMakeCurrent: 0x9474b160: ver 3 0 (tinfo 0xa56e3c00)
12-14 03:54:18.558 E/OpenGLRenderer( 1628): GL error:  GL_INVALID_OPERATION
12-14 03:54:18.565 I/chatty  ( 1628): uid=1000(system) RenderThread identical 20 lines
12-14 03:54:18.566 E/OpenGLRenderer( 1628): GL error:  GL_INVALID_OPERATION
12-14 03:54:18.566 D/EGL_emulation( 1727): eglMakeCurrent: 0x9474b160: ver 3 0 (tinfo 0xa56e3c00)
12-14 03:54:18.566 E/OpenGLRenderer( 1628): GL error:  GL_INVALID_OPERATION
12-14 03:54:18.629 I/chatty  ( 1628): uid=1000(system) RenderThread identical 150 lines
12-14 03:54:18.629 E/OpenGLRenderer( 1628): GL error:  GL_INVALID_OPERATION
12-14 03:54:18.630 I/zygote  ( 1727): NativeAllocBackground concurrent copying GC freed 1261(144KB) AllocSpace objects, 0(0B) LOS objects, 49% free, 4MB/9MB, paused 719us total 300.022ms
12-14 03:54:18.630 E/OpenGLRenderer( 1628): GL error:  GL_INVALID_OPERATION
12-14 03:54:18.684 I/chatty  ( 1628): uid=1000(system) RenderThread identical 145 lines
12-14 03:54:18.685 E/OpenGLRenderer( 1628): GL error:  GL_INVALID_OPERATION
12-14 03:54:18.689 W/OpenGLRenderer( 2185): Incorrectly called buildLayer on View: ShortcutAndWidgetContainer, destroying layer...
12-14 03:54:18.695 E/OpenGLRenderer( 1628): GL error:  GL_INVALID_OPERATION
12-14 03:54:18.859 I/chatty  ( 1628): uid=1000(system) RenderThread identical 259 lines
12-14 03:54:18.860 E/OpenGLRenderer( 1628): GL error:  GL_INVALID_OPERATION
12-14 03:54:18.862 D/WificondControl( 1628): Scan result ready event
12-14 03:54:18.870 E/OpenGLRenderer( 1628): GL error:  GL_INVALID_OPERATION
12-14 03:54:18.915 I/chatty  ( 1628): uid=1000(system) RenderThread identical 124 lines
12-14 03:54:18.915 E/OpenGLRenderer( 1628): GL error:  GL_INVALID_OPERATION
12-14 03:54:18.915 I/zygote  ( 1628): NativeAllocBackground concurrent copying GC freed 13726(1076KB) AllocSpace objects, 6(136KB) LOS objects, 36% free, 10MB/16MB, paused 692us total 159.680ms
12-14 03:54:18.915 E/OpenGLRenderer( 1628): GL error:  GL_INVALID_OPERATION
12-14 03:54:19.022 I/chatty  ( 1628): uid=1000(system) RenderThread identical 368 lines
12-14 03:54:19.023 E/OpenGLRenderer( 1628): GL error:  GL_INVALID_OPERATION
12-14 03:54:19.023 I/BackgroundDexOptService( 1628): Pinning optimized code {}
12-14 03:54:19.023 E/OpenGLRenderer( 1628): GL error:  GL_INVALID_OPERATION
12-14 03:54:19.503 I/chatty  ( 1628): uid=1000(system) RenderThread identical 2434 lines
12-14 03:54:19.503 E/OpenGLRenderer( 1628): GL error:  GL_INVALID_OPERATION
12-14 03:54:19.504 D/BoundBrokerSvc( 1940): onUnbind: Intent { act=com.google.android.gms.clearcut.service.START cmp=com.google.android.gms/.chimera.PersistentDirectBootAwareApiService }
12-14 03:54:19.505 E/OpenGLRenderer( 1628): GL error:  GL_INVALID_OPERATION
12-14 03:54:19.522 I/chatty  ( 1628): uid=1000(system) RenderThread identical 80 lines
12-14 03:54:19.522 E/OpenGLRenderer( 1628): GL error:  GL_INVALID_OPERATION
12-14 03:54:19.522 D/BoundBrokerSvc( 2114): onUnbind: Intent { act=com.google.android.mdd.service.START cmp=com.google.android.gms/.chimera.GmsBoundBrokerService }
12-14 03:54:19.523 E/OpenGLRenderer( 1628): GL error:  GL_INVALID_OPERATION
12-14 03:54:20.932 I/chatty  ( 1628): uid=1000(system) RenderThread identical 4903 lines
12-14 03:54:20.932 E/OpenGLRenderer( 1628): GL error:  GL_INVALID_OPERATION
12-14 03:54:20.932 E/memtrack( 1628): Couldn't load memtrack module
12-14 03:54:20.932 W/android.os.Debug( 1628): failed to get memory consumption info: -1
12-14 03:54:20.933 E/OpenGLRenderer( 1628): GL error:  GL_INVALID_OPERATION
--------- beginning of system
12-14 03:54:20.990 E/TaskPersister( 1628): File error accessing recents directory (directory doesn't exist?).
12-14 03:54:21.465 I/chatty  ( 1628): uid=1000(system) RenderThread identical 1475 lines
12-14 03:54:21.465 E/OpenGLRenderer( 1628): GL error:  GL_INVALID_OPERATION
12-14 03:54:21.466 E/memtrack( 1628): Couldn't load memtrack module
12-14 03:54:21.466 W/android.os.Debug( 1628): failed to get memory consumption info: -1
12-14 03:54:21.466 E/OpenGLRenderer( 1628): GL error:  GL_INVALID_OPERATION
12-14 03:54:23.233 I/chatty  ( 1628): uid=1000(system) RenderThread identical 4815 lines
12-14 03:54:23.234 E/OpenGLRenderer( 1628): GL error:  GL_INVALID_OPERATION
12-14 03:54:23.234 I/MicroDetectionWorker( 2229): #updateMicroDetector [detectionMode: [mDetectionMode: [1]]]
12-14 03:54:23.234 I/MicroDetectionWorker( 2229): #startMicroDetector [speakerMode: 0]
12-14 03:54:23.234 E/OpenGLRenderer( 1628): GL error:  GL_INVALID_OPERATION
12-14 03:54:23.234 I/chatty  ( 1628): uid=1000(system) RenderThread identical 1 line
12-14 03:54:23.234 E/OpenGLRenderer( 1628): GL error:  GL_INVALID_OPERATION
12-14 03:54:23.235 I/AudioController( 2229): Using mInputStreamFactoryBuilder
12-14 03:54:23.235 E/OpenGLRenderer( 1628): GL error:  GL_INVALID_OPERATION
12-14 03:54:23.236 I/chatty  ( 1628): uid=1000(system) RenderThread identical 5 lines
12-14 03:54:23.236 E/OpenGLRenderer( 1628): GL error:  GL_INVALID_OPERATION
12-14 03:54:23.236 I/MicroDetectionWorker( 2229): onReady
12-14 03:54:23.237 E/OpenGLRenderer( 1628): GL error:  GL_INVALID_OPERATION
12-14 03:54:23.242 I/chatty  ( 1628): uid=1000(system) RenderThread identical 21 lines
12-14 03:54:23.242 E/OpenGLRenderer( 1628): GL error:  GL_INVALID_OPERATION
12-14 03:54:23.242 I/MicroRecognitionRunner( 2229): Starting detection.
12-14 03:54:23.243 E/OpenGLRenderer( 1628): GL error:  GL_INVALID_OPERATION
12-14 03:54:23.243 I/MicrophoneInputStream( 2229): mic_starting com.google.android.apps.gsa.staticplugins.aa.c@f8ef60d
12-14 03:54:23.243 E/OpenGLRenderer( 1628): GL error:  GL_INVALID_OPERATION
12-14 03:54:23.245 I/chatty  ( 1628): uid=1000(system) RenderThread identical 6 lines
12-14 03:54:23.246 E/OpenGLRenderer( 1628): GL error:  GL_INVALID_OPERATION
12-14 03:54:23.246 I/AudioFlinger( 1477): AudioFlinger's thread 0xac383fc0 tid=4143 ready to run
12-14 03:54:23.247 E/OpenGLRenderer( 1628): GL error:  GL_INVALID_OPERATION
12-14 03:54:23.251 I/chatty  ( 1628): uid=1000(system) RenderThread identical 7 lines
12-14 03:54:23.251 E/OpenGLRenderer( 1628): GL error:  GL_INVALID_OPERATION
12-14 03:54:23.251 I/MicrophoneInputStream( 2229): mic_started com.google.android.apps.gsa.staticplugins.aa.c@f8ef60d
12-14 03:54:23.252 E/ActivityThread( 2229): Failed to find provider info for com.google.android.apps.gsa.testing.ui.audio.recorded
12-14 03:54:23.252 I/MicroDetectionWorker( 2229): onReady
12-14 03:54:23.252 E/OpenGLRenderer( 1628): GL error:  GL_INVALID_OPERATION
12-14 03:54:23.253 I/MicrophoneInputStream( 2229): mic_close com.google.android.apps.gsa.staticplugins.aa.c@f8ef60d
12-14 03:54:23.254 I/MicroRecognitionRunner( 2229): Detection finished
12-14 03:54:23.254 W/ErrorReporter( 2229): reportError [type: 211, code: 524300]: Error reading from input stream
12-14 03:54:23.254 E/OpenGLRenderer( 1628): GL error:  GL_INVALID_OPERATION
12-14 03:54:23.254 I/MicroRecognitionRunner( 2229): Stopping hotword detection.
12-14 03:54:23.255 E/OpenGLRenderer( 1628): GL error:  GL_INVALID_OPERATION
12-14 03:54:23.255 I/chatty  ( 1628): uid=1000(system) RenderThread identical 2 lines
12-14 03:54:23.256 E/OpenGLRenderer( 1628): GL error:  GL_INVALID_OPERATION
12-14 03:54:23.256 W/ErrorProcessor( 2229): onFatalError, processing error from engine(4)
12-14 03:54:23.256 W/ErrorProcessor( 2229): com.google.android.apps.gsa.shared.speech.b.g: Error reading from input stream
12-14 03:54:23.256 W/ErrorProcessor( 2229): 	at com.google.android.apps.gsa.staticplugins.recognizer.j.a.a(SourceFile:28)
12-14 03:54:23.256 W/ErrorProcessor( 2229): 	at com.google.android.apps.gsa.staticplugins.recognizer.j.b.run(SourceFile:15)
12-14 03:54:23.256 W/ErrorProcessor( 2229): 	at java.util.concurrent.Executors$RunnableAdapter.call(Executors.java:457)
12-14 03:54:23.256 W/ErrorProcessor( 2229): 	at java.util.concurrent.FutureTask.run(FutureTask.java:266)
12-14 03:54:23.256 W/ErrorProcessor( 2229): 	at com.google.android.apps.gsa.shared.util.concurrent.a.ax.run(SourceFile:14)
12-14 03:54:23.256 W/ErrorProcessor( 2229): 	at com.google.android.apps.gsa.shared.util.concurrent.a.bl.run(SourceFile:4)
12-14 03:54:23.256 W/ErrorProcessor( 2229): 	at com.google.android.apps.gsa.shared.util.concurrent.a.bl.run(SourceFile:4)
12-14 03:54:23.256 W/ErrorProcessor( 2229): 	at java.util.concurrent.ThreadPoolExecutor.runWorker(ThreadPoolExecutor.java:1162)
12-14 03:54:23.256 W/ErrorProcessor( 2229): 	at java.util.concurrent.ThreadPoolExecutor$Worker.run(ThreadPoolExecutor.java:636)
12-14 03:54:23.256 W/ErrorProcessor( 2229): 	at java.lang.Thread.run(Thread.java:764)
12-14 03:54:23.256 W/ErrorProcessor( 2229): 	at com.google.android.apps.gsa.shared.util.concurrent.a.ai.run(SourceFile:6)
12-14 03:54:23.256 W/ErrorProcessor( 2229): Caused by: com.google.android.apps.gsa.shared.exception.GsaIOException: Error code: 393238 | Buffer overflow, no available space.
12-14 03:54:23.256 W/ErrorProcessor( 2229): 	at com.google.android.apps.gsa.speech.audio.Tee.f(SourceFile:103)
12-14 03:54:23.256 W/ErrorProcessor( 2229): 	at com.google.android.apps.gsa.speech.audio.au.read(SourceFile:2)
12-14 03:54:23.256 W/ErrorProcessor( 2229): 	at java.io.InputStream.read(InputStream.java:101)
12-14 03:54:23.256 W/ErrorProcessor( 2229): 	at com.google.android.apps.gsa.speech.audio.ao.run(SourceFile:18)
12-14 03:54:23.256 W/ErrorProcessor( 2229): 	at com.google.android.apps.gsa.speech.audio.an.run(SourceFile:2)
12-14 03:54:23.256 W/ErrorProcessor( 2229): 	... 9 more
12-14 03:54:23.256 I/AudioController( 2229): internalShutdown
12-14 03:54:23.256 E/OpenGLRenderer( 1628): GL error:  GL_INVALID_OPERATION
12-14 03:54:23.258 I/chatty  ( 1628): uid=1000(system) RenderThread identical 4 lines
12-14 03:54:23.258 E/OpenGLRenderer( 1628): GL error:  GL_INVALID_OPERATION
12-14 03:54:23.259 I/MicroDetector( 2229): Keeping mic open: false
12-14 03:54:23.259 E/OpenGLRenderer( 1628): GL error:  GL_INVALID_OPERATION
12-14 03:54:23.259 I/MicroDetectionWorker( 2229): #onError(false)
12-14 03:54:23.259 E/OpenGLRenderer( 1628): GL error:  GL_INVALID_OPERATION
12-14 03:54:23.259 I/DeviceStateChecker( 2229): DeviceStateChecker cancelled
12-14 03:54:23.259 E/OpenGLRenderer( 1628): GL error:  GL_INVALID_OPERATION
12-14 03:54:24.443 I/chatty  ( 1628): uid=1000(system) RenderThread identical 3334 lines
12-14 03:54:24.443 D/AndroidRuntime( 4147): >>>>>> START com.android.internal.os.RuntimeInit uid 2000 <<<<<<
12-14 03:54:24.443 E/OpenGLRenderer( 1628): GL error:  GL_INVALID_OPERATION
12-14 03:54:24.443 E/OpenGLRenderer( 1628): GL error:  GL_INVALID_OPERATION
12-14 03:54:24.517 I/chatty  ( 1628): uid=1000(system) RenderThread identical 238 lines
12-14 03:54:24.517 E/OpenGLRenderer( 1628): GL error:  GL_INVALID_OPERATION
12-14 03:54:24.517 W/app_process( 4147): Unexpected CPU variant for X86 using defaults: x86
12-14 03:54:24.517 E/OpenGLRenderer( 1628): GL error:  GL_INVALID_OPERATION
12-14 03:54:24.562 I/chatty  ( 1628): uid=1000(system) RenderThread identical 118 lines
12-14 03:54:24.562 E/OpenGLRenderer( 1628): GL error:  GL_INVALID_OPERATION
12-14 03:54:24.562 D/AndroidRuntime( 4147): Calling main entry com.android.commands.am.Am
12-14 03:54:24.562 E/OpenGLRenderer( 1628): GL error:  GL_INVALID_OPERATION
12-14 03:54:24.565 I/ActivityManager( 1628): Force stopping com.evancharlton.mileage appid=10438 user=0: start instr
12-14 03:54:24.565 I/ActivityManager( 1628): Killing 4083:com.evancharlton.mileage/u0a438 (adj 0): stop com.evancharlton.mileage
12-14 03:54:24.569 W/ActivityManager( 1628): Crash of app com.evancharlton.mileage running instrumentation ComponentInfo{com.evancharlton.mileage.test/sh.calaba.instrumentationbackend.CalabashInstrumentationTestRunner}
12-14 03:54:24.569 I/ActivityManager( 1628): Force stopping com.evancharlton.mileage appid=10438 user=0: finished inst
12-14 03:54:24.571 I/ActivityManager( 1628): Killing 3486:com.google.android.apps.docs/u0a52 (adj 906): empty #17
12-14 03:54:24.595 I/chatty  ( 1628): uid=1000(system) RenderThread identical 67 lines
12-14 03:54:24.595 E/OpenGLRenderer( 1628): GL error:  GL_INVALID_OPERATION
12-14 03:54:24.596 I/zygote  ( 4157): Not late-enabling -Xcheck:jni (already on)
12-14 03:54:24.596 E/OpenGLRenderer( 1628): GL error:  GL_INVALID_OPERATION
12-14 03:54:24.599 I/chatty  ( 1628): uid=1000(system) RenderThread identical 16 lines
12-14 03:54:24.600 I/ActivityManager( 1628): Start proc 4157:com.evancharlton.mileage/u0a438 for added application com.evancharlton.mileage
12-14 03:54:24.600 E/OpenGLRenderer( 1628): GL error:  GL_INVALID_OPERATION
12-14 03:54:24.601 D/AndroidRuntime( 4147): Shutting down VM
12-14 03:54:24.601 E/OpenGLRenderer( 1628): GL error:  GL_INVALID_OPERATION
12-14 03:54:24.602 I/chatty  ( 1628): uid=1000(system) RenderThread identical 3 lines
12-14 03:54:24.602 E/OpenGLRenderer( 1628): GL error:  GL_INVALID_OPERATION
12-14 03:54:24.604 E/memtrack( 1628): Couldn't load memtrack module
12-14 03:54:24.604 W/android.os.Debug( 1628): failed to get memory consumption info: -1
12-14 03:54:24.607 E/OpenGLRenderer( 1628): GL error:  GL_INVALID_OPERATION
12-14 03:54:24.635 I/chatty  ( 1628): uid=1000(system) RenderThread identical 84 lines
12-14 03:54:24.636 E/OpenGLRenderer( 1628): GL error:  GL_INVALID_OPERATION
12-14 03:54:24.636 D/BoundBrokerSvc( 1940): onUnbind: Intent { act=com.google.android.gms.clearcut.service.START pkg=com.google.android.gms }
12-14 03:54:24.636 E/OpenGLRenderer( 1628): GL error:  GL_INVALID_OPERATION
12-14 03:54:24.639 W/ActivityManager( 1628): setHasOverlayUi called on unknown pid: 4083
12-14 03:54:24.643 I/chatty  ( 1628): uid=1000(system) RenderThread identical 19 lines
12-14 03:54:24.643 E/OpenGLRenderer( 1628): GL error:  GL_INVALID_OPERATION
12-14 03:54:24.643 E/adbd    ( 1383): failed to connect to socket 'tcp:7102': Connection refused
12-14 03:54:24.644 E/OpenGLRenderer( 1628): GL error:  GL_INVALID_OPERATION
12-14 03:54:24.647 I/chatty  ( 1628): uid=1000(system) RenderThread identical 7 lines
12-14 03:54:24.647 E/OpenGLRenderer( 1628): GL error:  GL_INVALID_OPERATION
12-14 03:54:24.647 W/zygote  ( 4157): Unexpected CPU variant for X86 using defaults: x86
12-14 03:54:24.648 E/OpenGLRenderer( 1628): GL error:  GL_INVALID_OPERATION
12-14 03:54:24.648 I/chatty  ( 1628): uid=1000(system) RenderThread identical 2 lines
12-14 03:54:24.648 E/OpenGLRenderer( 1628): GL error:  GL_INVALID_OPERATION
12-14 03:54:24.649 E/adbd    ( 1383): failed to connect to socket 'tcp:7102': Connection refused
12-14 03:54:24.649 E/OpenGLRenderer( 1628): GL error:  GL_INVALID_OPERATION
12-14 03:54:24.658 I/chatty  ( 1628): uid=1000(system) RenderThread identical 28 lines
12-14 03:54:24.658 E/OpenGLRenderer( 1628): GL error:  GL_INVALID_OPERATION
12-14 03:54:24.658 E/memtrack( 1628): Couldn't load memtrack module
12-14 03:54:24.658 W/android.os.Debug( 1628): failed to get memory consumption info: -1
12-14 03:54:24.658 E/OpenGLRenderer( 1628): GL error:  GL_INVALID_OPERATION
12-14 03:54:24.694 I/chatty  ( 1628): uid=1000(system) RenderThread identical 96 lines
12-14 03:54:24.694 E/OpenGLRenderer( 1628): GL error:  GL_INVALID_OPERATION
12-14 03:54:24.695 W/zygote  ( 4157): Found duplicate classes, falling back to extracting from APK : /data/app/com.evancharlton.mileage.test-kGySCCAiH62DI7meO7bs_A==/base.apk
12-14 03:54:24.695 E/OpenGLRenderer( 1628): GL error:  GL_INVALID_OPERATION
12-14 03:54:24.695 W/zygote  ( 4157): NOTE: This wastes RAM and hurts startup performance.
12-14 03:54:24.695 W/zygote  ( 4157): Found duplicated class when checking oat files: 'Ljunit/runner/BaseTestRunner;' in /data/app/com.evancharlton.mileage.test-kGySCCAiH62DI7meO7bs_A==/base.apk and /system/framework/android.test.runner.jar
12-14 03:54:24.695 W/zygote  ( 4157): 
12-14 03:54:24.695 E/OpenGLRenderer( 1628): GL error:  GL_INVALID_OPERATION
12-14 03:54:24.761 I/chatty  ( 1628): uid=1000(system) RenderThread identical 226 lines
12-14 03:54:24.762 E/OpenGLRenderer( 1628): GL error:  GL_INVALID_OPERATION
12-14 03:54:24.762 E/adbd    ( 1383): failed to connect to socket 'tcp:7102': Connection refused
12-14 03:54:24.762 E/OpenGLRenderer( 1628): GL error:  GL_INVALID_OPERATION
12-14 03:54:24.765 I/chatty  ( 1628): uid=1000(system) RenderThread identical 7 lines
12-14 03:54:24.765 E/OpenGLRenderer( 1628): GL error:  GL_INVALID_OPERATION
12-14 03:54:24.766 E/adbd    ( 1383): failed to connect to socket 'tcp:7102': Connection refused
12-14 03:54:24.766 E/OpenGLRenderer( 1628): GL error:  GL_INVALID_OPERATION
12-14 03:54:24.767 I/chatty  ( 1628): uid=1000(system) RenderThread identical 1 line
12-14 03:54:24.767 E/OpenGLRenderer( 1628): GL error:  GL_INVALID_OPERATION
12-14 03:54:24.767 W/System  ( 4157): ClassLoader referenced unknown path: 
12-14 03:54:24.767 E/OpenGLRenderer( 1628): GL error:  GL_INVALID_OPERATION
12-14 03:54:24.796 I/chatty  ( 1628): uid=1000(system) RenderThread identical 92 lines
12-14 03:54:24.796 E/OpenGLRenderer( 1628): GL error:  GL_INVALID_OPERATION
12-14 03:54:24.796 I/System.out( 4157): Main activity name automatically set to: com.evancharlton.mileage.Mileage
12-14 03:54:24.796 E/OpenGLRenderer( 1628): GL error:  GL_INVALID_OPERATION
12-14 03:54:24.798 I/chatty  ( 1628): uid=1000(system) RenderThread identical 4 lines
12-14 03:54:24.798 E/OpenGLRenderer( 1628): GL error:  GL_INVALID_OPERATION
12-14 03:54:24.798 I/System.out( 4157): Calabash did not load Mono. This is only a problem if you are trying to test a Mono application
12-14 03:54:24.798 E/OpenGLRenderer( 1628): GL error:  GL_INVALID_OPERATION
12-14 03:54:24.799 I/chatty  ( 1628): uid=1000(system) RenderThread identical 1 line
12-14 03:54:24.799 E/OpenGLRenderer( 1628): GL error:  GL_INVALID_OPERATION
12-14 03:54:24.799 I/calabash( 4157): Test server port: 7102
12-14 03:54:24.799 E/OpenGLRenderer( 1628): GL error:  GL_INVALID_OPERATION
12-14 03:54:24.803 I/chatty  ( 1628): uid=1000(system) RenderThread identical 13 lines
12-14 03:54:24.803 E/OpenGLRenderer( 1628): GL error:  GL_INVALID_OPERATION
12-14 03:54:24.804 I/InstrumentationBackend( 4157): Added:'GetPreferences', with key:'get_preferences'
12-14 03:54:24.804 E/OpenGLRenderer( 1628): GL error:  GL_INVALID_OPERATION
12-14 03:54:24.894 I/chatty  ( 1628): uid=1000(system) RenderThread identical 302 lines
12-14 03:54:24.894 E/OpenGLRenderer( 1628): GL error:  GL_INVALID_OPERATION
12-14 03:54:24.894 E/adbd    ( 1383): failed to connect to socket 'tcp:7102': Connection refused
12-14 03:54:24.894 E/OpenGLRenderer( 1628): GL error:  GL_INVALID_OPERATION
12-14 03:54:24.903 I/chatty  ( 1628): uid=1000(system) RenderThread identical 27 lines
12-14 03:54:24.903 E/OpenGLRenderer( 1628): GL error:  GL_INVALID_OPERATION
12-14 03:54:24.904 E/adbd    ( 1383): failed to connect to socket 'tcp:7102': Connection refused
12-14 03:54:24.904 E/OpenGLRenderer( 1628): GL error:  GL_INVALID_OPERATION
12-14 03:54:24.995 I/chatty  ( 1628): uid=1000(system) RenderThread identical 346 lines
12-14 03:54:24.995 E/OpenGLRenderer( 1628): GL error:  GL_INVALID_OPERATION
12-14 03:54:24.996 I/InstrumentationBackend( 4157): Added:'SetPreferences', with key:'set_preferences'
12-14 03:54:24.996 E/OpenGLRenderer( 1628): GL error:  GL_INVALID_OPERATION
12-14 03:54:24.996 I/chatty  ( 1628): uid=1000(system) RenderThread identical 2 lines
12-14 03:54:24.996 E/OpenGLRenderer( 1628): GL error:  GL_INVALID_OPERATION
12-14 03:54:24.997 I/InstrumentationBackend( 4157): Added:'ClearPreferences', with key:'clear_preferences'
12-14 03:54:24.997 E/OpenGLRenderer( 1628): GL error:  GL_INVALID_OPERATION
12-14 03:54:24.998 I/chatty  ( 1628): uid=1000(system) RenderThread identical 4 lines
12-14 03:54:24.998 E/OpenGLRenderer( 1628): GL error:  GL_INVALID_OPERATION
12-14 03:54:24.998 I/InstrumentationBackend( 4157): Added:'PressElement', with key:'press_l10n_element'
12-14 03:54:24.998 E/OpenGLRenderer( 1628): GL error:  GL_INVALID_OPERATION
12-14 03:54:24.999 I/chatty  ( 1628): uid=1000(system) RenderThread identical 2 lines
12-14 03:54:24.999 I/InstrumentationBackend( 4157): Added:'WaitForElement', with key:'wait_for_l10n_element'
12-14 03:54:24.999 E/OpenGLRenderer( 1628): GL error:  GL_INVALID_OPERATION
12-14 03:54:24.999 E/OpenGLRenderer( 1628): GL error:  GL_INVALID_OPERATION
12-14 03:54:25.003 I/chatty  ( 1628): uid=1000(system) RenderThread identical 13 lines
12-14 03:54:25.003 E/OpenGLRenderer( 1628): GL error:  GL_INVALID_OPERATION
12-14 03:54:25.003 I/InstrumentationBackend( 4157): Added:'NullAction', with key:'nullAction'
12-14 03:54:25.003 E/OpenGLRenderer( 1628): GL error:  GL_INVALID_OPERATION
12-14 03:54:25.006 I/chatty  ( 1628): uid=1000(system) RenderThread identical 9 lines
12-14 03:54:25.006 E/OpenGLRenderer( 1628): GL error:  GL_INVALID_OPERATION
12-14 03:54:25.006 I/InstrumentationBackend( 4157): Added:'PressKey', with key:'press_key'
12-14 03:54:25.006 E/OpenGLRenderer( 1628): GL error:  GL_INVALID_OPERATION
12-14 03:54:25.007 I/chatty  ( 1628): uid=1000(system) RenderThread identical 4 lines
12-14 03:54:25.007 E/OpenGLRenderer( 1628): GL error:  GL_INVALID_OPERATION
12-14 03:54:25.008 I/InstrumentationBackend( 4157): Added:'SetActivityOrientation', with key:'set_activity_orientation'
12-14 03:54:25.008 E/OpenGLRenderer( 1628): GL error:  GL_INVALID_OPERATION
12-14 03:54:25.008 I/chatty  ( 1628): uid=1000(system) RenderThread identical 3 lines
12-14 03:54:25.008 E/OpenGLRenderer( 1628): GL error:  GL_INVALID_OPERATION
12-14 03:54:25.009 I/InstrumentationBackend( 4157): Added:'GetActivityOrientation', with key:'get_activity_orientation'
12-14 03:54:25.009 E/OpenGLRenderer( 1628): GL error:  GL_INVALID_OPERATION
12-14 03:54:25.011 I/chatty  ( 1628): uid=1000(system) RenderThread identical 6 lines
12-14 03:54:25.011 E/OpenGLRenderer( 1628): GL error:  GL_INVALID_OPERATION
12-14 03:54:25.012 E/adbd    ( 1383): failed to connect to socket 'tcp:7102': Connection refused
12-14 03:54:25.012 I/InstrumentationBackend( 4157): Added:'FakeGPSLocation', with key:'set_gps_coordinates'
12-14 03:54:25.012 E/OpenGLRenderer( 1628): GL error:  GL_INVALID_OPERATION
12-14 03:54:25.012 E/OpenGLRenderer( 1628): GL error:  GL_INVALID_OPERATION
12-14 03:54:25.014 I/chatty  ( 1628): uid=1000(system) RenderThread identical 3 lines
12-14 03:54:25.014 E/OpenGLRenderer( 1628): GL error:  GL_INVALID_OPERATION
12-14 03:54:25.015 I/InstrumentationBackend( 4157): Added:'SetPropertyByCssSelector', with key:'set_property_by_css_selector'
12-14 03:54:25.015 E/OpenGLRenderer( 1628): GL error:  GL_INVALID_OPERATION
12-14 03:54:25.015 E/OpenGLRenderer( 1628): GL error:  GL_INVALID_OPERATION
12-14 03:54:25.015 E/adbd    ( 1383): failed to connect to socket 'tcp:7102': Connection refused
12-14 03:54:25.015 E/OpenGLRenderer( 1628): GL error:  GL_INVALID_OPERATION
12-14 03:54:25.018 I/chatty  ( 1628): uid=1000(system) RenderThread identical 7 lines
12-14 03:54:25.018 E/OpenGLRenderer( 1628): GL error:  GL_INVALID_OPERATION
12-14 03:54:25.018 I/InstrumentationBackend( 4157): Added:'GetUrl', with key:'get_url'
12-14 03:54:25.019 E/OpenGLRenderer( 1628): GL error:  GL_INVALID_OPERATION
12-14 03:54:25.024 I/chatty  ( 1628): uid=1000(system) RenderThread identical 16 lines
12-14 03:54:25.024 E/OpenGLRenderer( 1628): GL error:  GL_INVALID_OPERATION
12-14 03:54:25.024 I/InstrumentationBackend( 4157): Added:'ScrollTo', with key:'scroll_to'
12-14 03:54:25.024 E/OpenGLRenderer( 1628): GL error:  GL_INVALID_OPERATION
12-14 03:54:25.025 I/InstrumentationBackend( 4157): Added:'GetLoadProgress', with key:'get_load_progress'
12-14 03:54:25.025 E/OpenGLRenderer( 1628): GL error:  GL_INVALID_OPERATION
12-14 03:54:25.025 I/chatty  ( 1628): uid=1000(system) RenderThread identical 1 line
12-14 03:54:25.025 E/OpenGLRenderer( 1628): GL error:  GL_INVALID_OPERATION
12-14 03:54:25.026 I/InstrumentationBackend( 4157): Added:'DumpHtml', with key:'dump_html'
12-14 03:54:25.026 E/OpenGLRenderer( 1628): GL error:  GL_INVALID_OPERATION
12-14 03:54:25.026 E/OpenGLRenderer( 1628): GL error:  GL_INVALID_OPERATION
12-14 03:54:25.026 I/InstrumentationBackend( 4157): Added:'DumpBodyHtml', with key:'dump_body_html'
12-14 03:54:25.026 E/OpenGLRenderer( 1628): GL error:  GL_INVALID_OPERATION
12-14 03:54:25.027 E/OpenGLRenderer( 1628): GL error:  GL_INVALID_OPERATION
12-14 03:54:25.027 I/InstrumentationBackend( 4157): Added:'EnterTextByCssSelector', with key:'enter_text_by_selector'
12-14 03:54:25.027 E/OpenGLRenderer( 1628): GL error:  GL_INVALID_OPERATION
12-14 03:54:25.038 I/chatty  ( 1628): uid=1000(system) RenderThread identical 34 lines
12-14 03:54:25.039 E/OpenGLRenderer( 1628): GL error:  GL_INVALID_OPERATION
12-14 03:54:25.039 I/InstrumentationBackend( 4157): Added:'AndroidSDKVersion', with key:'android_sdk_version'
12-14 03:54:25.039 E/OpenGLRenderer( 1628): GL error:  GL_INVALID_OPERATION
12-14 03:54:25.039 E/OpenGLRenderer( 1628): GL error:  GL_INVALID_OPERATION
12-14 03:54:25.040 I/InstrumentationBackend( 4157): Added:'Version', with key:'version'
12-14 03:54:25.040 E/OpenGLRenderer( 1628): GL error:  GL_INVALID_OPERATION
12-14 03:54:25.040 I/chatty  ( 1628): uid=1000(system) RenderThread identical 1 line
12-14 03:54:25.040 E/OpenGLRenderer( 1628): GL error:  GL_INVALID_OPERATION
12-14 03:54:25.040 I/InstrumentationBackend( 4157): Added:'Drag', with key:'drag'
12-14 03:54:25.041 E/OpenGLRenderer( 1628): GL error:  GL_INVALID_OPERATION
12-14 03:54:25.041 E/OpenGLRenderer( 1628): GL error:  GL_INVALID_OPERATION
12-14 03:54:25.041 I/InstrumentationBackend( 4157): Added:'TouchCoordinates', with key:'touch_coordinate'
12-14 03:54:25.041 E/OpenGLRenderer( 1628): GL error:  GL_INVALID_OPERATION
12-14 03:54:25.041 I/InstrumentationBackend( 4157): Added:'LongPressCoordinate', with key:'long_press_coordinate'
12-14 03:54:25.041 E/OpenGLRenderer( 1628): GL error:  GL_INVALID_OPERATION
12-14 03:54:25.042 I/chatty  ( 1628): uid=1000(system) RenderThread identical 1 line
12-14 03:54:25.042 E/OpenGLRenderer( 1628): GL error:  GL_INVALID_OPERATION
12-14 03:54:25.042 I/InstrumentationBackend( 4157): Added:'DragCoordinates', with key:'drag_coordinates'
12-14 03:54:25.042 E/OpenGLRenderer( 1628): GL error:  GL_INVALID_OPERATION
12-14 03:54:25.043 I/chatty  ( 1628): uid=1000(system) RenderThread identical 1 line
12-14 03:54:25.043 E/OpenGLRenderer( 1628): GL error:  GL_INVALID_OPERATION
12-14 03:54:25.043 I/InstrumentationBackend( 4157): Added:'ResumeApplication', with key:'resume_application'
12-14 03:54:25.043 E/OpenGLRenderer( 1628): GL error:  GL_INVALID_OPERATION
12-14 03:54:25.044 I/chatty  ( 1628): uid=1000(system) RenderThread identical 1 line
12-14 03:54:25.044 E/OpenGLRenderer( 1628): GL error:  GL_INVALID_OPERATION
12-14 03:54:25.044 I/InstrumentationBackend( 4157): Added:'Swipe', with key:'swipe'
12-14 03:54:25.044 E/OpenGLRenderer( 1628): GL error:  GL_INVALID_OPERATION
12-14 03:54:25.044 E/OpenGLRenderer( 1628): GL error:  GL_INVALID_OPERATION
12-14 03:54:25.045 I/InstrumentationBackend( 4157): Added:'DoubleTapCoordinate', with key:'double_tap_coordinate'
12-14 03:54:25.045 E/OpenGLRenderer( 1628): GL error:  GL_INVALID_OPERATION
12-14 03:54:25.045 E/OpenGLRenderer( 1628): GL error:  GL_INVALID_OPERATION
12-14 03:54:25.045 I/InstrumentationBackend( 4157): Added:'ClickOnScreen', with key:'click_on_screen'
12-14 03:54:25.045 E/OpenGLRenderer( 1628): GL error:  GL_INVALID_OPERATION
12-14 03:54:25.047 I/chatty  ( 1628): uid=1000(system) RenderThread identical 6 lines
12-14 03:54:25.048 E/OpenGLRenderer( 1628): GL error:  GL_INVALID_OPERATION
12-14 03:54:25.048 I/InstrumentationBackend( 4157): Added:'GetActivityName', with key:'get_activity_name'
12-14 03:54:25.048 E/OpenGLRenderer( 1628): GL error:  GL_INVALID_OPERATION
12-14 03:54:25.049 I/chatty  ( 1628): uid=1000(system) RenderThread identical 2 lines
12-14 03:54:25.049 E/OpenGLRenderer( 1628): GL error:  GL_INVALID_OPERATION
12-14 03:54:25.049 I/InstrumentationBackend( 4157): Added:'ScrollToView', with key:'scroll_to_view'
12-14 03:54:25.049 E/OpenGLRenderer( 1628): GL error:  GL_INVALID_OPERATION
12-14 03:54:25.049 I/chatty  ( 1628): uid=1000(system) RenderThread identical 1 line
12-14 03:54:25.050 E/OpenGLRenderer( 1628): GL error:  GL_INVALID_OPERATION
12-14 03:54:25.050 I/InstrumentationBackend( 4157): Added:'ViewConfiguration', with key:'view_configuration'
12-14 03:54:25.050 E/OpenGLRenderer( 1628): GL error:  GL_INVALID_OPERATION
12-14 03:54:25.050 E/OpenGLRenderer( 1628): GL error:  GL_INVALID_OPERATION
12-14 03:54:25.050 I/InstrumentationBackend( 4157): Added:'IsCurrentActivityFocused', with key:'is_current_activity_focused'
12-14 03:54:25.051 E/OpenGLRenderer( 1628): GL error:  GL_INVALID_OPERATION
12-14 03:54:25.051 I/chatty  ( 1628): uid=1000(system) RenderThread identical 1 line
12-14 03:54:25.051 E/OpenGLRenderer( 1628): GL error:  GL_INVALID_OPERATION
12-14 03:54:25.051 I/InstrumentationBackend( 4157): Added:'SendTcp', with key:'send_tcp'
12-14 03:54:25.051 E/OpenGLRenderer( 1628): GL error:  GL_INVALID_OPERATION
12-14 03:54:25.052 I/chatty  ( 1628): uid=1000(system) RenderThread identical 1 line
12-14 03:54:25.052 E/OpenGLRenderer( 1628): GL error:  GL_INVALID_OPERATION
12-14 03:54:25.052 I/InstrumentationBackend( 4157): Added:'DpToDevicePixel', with key:'dp_to_device_pixel'
12-14 03:54:25.052 E/OpenGLRenderer( 1628): GL error:  GL_INVALID_OPERATION
12-14 03:54:25.054 I/chatty  ( 1628): uid=1000(system) RenderThread identical 5 lines
12-14 03:54:25.054 E/OpenGLRenderer( 1628): GL error:  GL_INVALID_OPERATION
12-14 03:54:25.054 I/InstrumentationBackend( 4157): Added:'KeyboardEnterText', with key:'keyboard_enter_text'
12-14 03:54:25.054 E/OpenGLRenderer( 1628): GL error:  GL_INVALID_OPERATION
12-14 03:54:25.056 I/chatty  ( 1628): uid=1000(system) RenderThread identical 4 lines
12-14 03:54:25.056 E/OpenGLRenderer( 1628): GL error:  GL_INVALID_OPERATION
12-14 03:54:25.057 I/InstrumentationBackend( 4157): Added:'DeleteSurroundingText', with key:'delete_surrounding_text'
12-14 03:54:25.057 E/OpenGLRenderer( 1628): GL error:  GL_INVALID_OPERATION
12-14 03:54:25.057 I/chatty  ( 1628): uid=1000(system) RenderThread identical 2 lines
12-14 03:54:25.057 E/OpenGLRenderer( 1628): GL error:  GL_INVALID_OPERATION
12-14 03:54:25.058 I/InstrumentationBackend( 4157): Added:'SetComposingRegion', with key:'set_composing_region'
12-14 03:54:25.058 E/OpenGLRenderer( 1628): GL error:  GL_INVALID_OPERATION
12-14 03:54:25.058 I/chatty  ( 1628): uid=1000(system) RenderThread identical 1 line
12-14 03:54:25.058 E/OpenGLRenderer( 1628): GL error:  GL_INVALID_OPERATION
12-14 03:54:25.058 I/InstrumentationBackend( 4157): Added:'SetSelection', with key:'set_selection'
12-14 03:54:25.059 E/OpenGLRenderer( 1628): GL error:  GL_INVALID_OPERATION
12-14 03:54:25.059 E/OpenGLRenderer( 1628): GL error:  GL_INVALID_OPERATION
12-14 03:54:25.059 I/InstrumentationBackend( 4157): Added:'KeyboardKeyEvent', with key:'keyboard_key_event'
12-14 03:54:25.059 E/OpenGLRenderer( 1628): GL error:  GL_INVALID_OPERATION
12-14 03:54:25.060 I/chatty  ( 1628): uid=1000(system) RenderThread identical 3 lines
12-14 03:54:25.060 E/OpenGLRenderer( 1628): GL error:  GL_INVALID_OPERATION
12-14 03:54:25.061 I/InstrumentationBackend( 4157): Added:'PressUserActionButton', with key:'press_user_action_button'
12-14 03:54:25.061 E/OpenGLRenderer( 1628): GL error:  GL_INVALID_OPERATION
12-14 03:54:25.063 I/chatty  ( 1628): uid=1000(system) RenderThread identical 7 lines
12-14 03:54:25.063 E/OpenGLRenderer( 1628): GL error:  GL_INVALID_OPERATION
12-14 03:54:25.063 I/InstrumentationBackend( 4157): Added:'HideSoftKeyboard', with key:'hide_soft_keyboard'
12-14 03:54:25.064 E/OpenGLRenderer( 1628): GL error:  GL_INVALID_OPERATION
12-14 03:54:25.065 I/chatty  ( 1628): uid=1000(system) RenderThread identical 8 lines
12-14 03:54:25.066 E/OpenGLRenderer( 1628): GL error:  GL_INVALID_OPERATION
12-14 03:54:25.066 I/InstrumentationBackend( 4157): Added:'ListActions', with key:'list_actions'
12-14 03:54:25.066 E/OpenGLRenderer( 1628): GL error:  GL_INVALID_OPERATION
12-14 03:54:25.067 I/chatty  ( 1628): uid=1000(system) RenderThread identical 2 lines
12-14 03:54:25.067 E/OpenGLRenderer( 1628): GL error:  GL_INVALID_OPERATION
12-14 03:54:25.067 I/calabash( 4157): Instantiating http server at 7102
12-14 03:54:25.067 E/OpenGLRenderer( 1628): GL error:  GL_INVALID_OPERATION
12-14 03:54:25.068 I/chatty  ( 1628): uid=1000(system) RenderThread identical 2 lines
12-14 03:54:25.068 E/OpenGLRenderer( 1628): GL error:  GL_INVALID_OPERATION
12-14 03:54:25.068 I/System.out( 4157): HTTP Daemon listening on: 7102
12-14 03:54:25.068 E/OpenGLRenderer( 1628): GL error:  GL_INVALID_OPERATION
12-14 03:54:25.126 I/chatty  ( 1628): uid=1000(system) RenderThread identical 184 lines
12-14 03:54:25.127 E/OpenGLRenderer( 1628): GL error:  GL_INVALID_OPERATION
12-14 03:54:25.127 I/System.out( 4157): URI: //ping
12-14 03:54:25.127 E/OpenGLRenderer( 1628): GL error:  GL_INVALID_OPERATION
12-14 03:54:25.127 I/System.out( 4157): params: {json={}
12-14 03:54:25.127 I/System.out( 4157): }
12-14 03:54:25.127 E/OpenGLRenderer( 1628): GL error:  GL_INVALID_OPERATION
12-14 03:54:25.143 I/chatty  ( 1628): uid=1000(system) RenderThread identical 58 lines
12-14 03:54:25.143 E/OpenGLRenderer( 1628): GL error:  GL_INVALID_OPERATION
12-14 03:54:25.143 I/System.out( 4157): URI: //ping
12-14 03:54:25.144 I/System.out( 4157): params: {json={}
12-14 03:54:25.144 E/OpenGLRenderer( 1628): GL error:  GL_INVALID_OPERATION
12-14 03:54:25.144 I/System.out( 4157): }
12-14 03:54:25.144 E/OpenGLRenderer( 1628): GL error:  GL_INVALID_OPERATION
12-14 03:54:25.156 I/chatty  ( 1628): uid=1000(system) RenderThread identical 49 lines
12-14 03:54:25.156 E/OpenGLRenderer( 1628): GL error:  GL_INVALID_OPERATION
12-14 03:54:25.156 I/System.out( 4157): URI: //ready
12-14 03:54:25.156 I/System.out( 4157): params: {json={}
12-14 03:54:25.156 E/OpenGLRenderer( 1628): GL error:  GL_INVALID_OPERATION
12-14 03:54:25.156 I/System.out( 4157): }
12-14 03:54:25.156 E/OpenGLRenderer( 1628): GL error:  GL_INVALID_OPERATION
12-14 03:54:25.164 I/chatty  ( 1628): uid=1000(system) RenderThread identical 23 lines
12-14 03:54:25.164 E/OpenGLRenderer( 1628): GL error:  GL_INVALID_OPERATION
12-14 03:54:25.164 I/System.out( 4157): URI: //
12-14 03:54:25.164 I/System.out( 4157): params: {json={"command":"version","arguments":[]}
12-14 03:54:25.164 E/OpenGLRenderer( 1628): GL error:  GL_INVALID_OPERATION
12-14 03:54:25.164 I/System.out( 4157): }
12-14 03:54:25.164 E/OpenGLRenderer( 1628): GL error:  GL_INVALID_OPERATION
12-14 03:54:25.164 I/System.out( 4157): header: {content-type=application/json;charset=utf-8, date=Mon, 14 Dec 2020 08:54:25 GMT, accept=*/*, host=127.0.0.1:34777, content-length=36, user-agent=HTTPClient/1.0 (2.8.3, ruby 2.5.8 (2020-03-31))}
12-14 03:54:25.165 I/System.out( 4157): params: {json={"command":"version","arguments":[]}
12-14 03:54:25.165 I/System.out( 4157): }
12-14 03:54:25.165 E/OpenGLRenderer( 1628): GL error:  GL_INVALID_OPERATION
