12-14 04:00:04.319 I/zygote  ( 3904): Increasing code cache capacity to 128KB
12-14 04:00:04.325 D/EGL_emulation( 1734): eglMakeCurrent: 0x89f5e5e0: ver 3 0 (tinfo 0x89f15d10)
12-14 04:00:04.326 W/ActivityManager( 1628): Bad activity token: android.os.BinderProxy@d5371d8
12-14 04:00:04.326 W/ActivityManager( 1628): java.lang.ClassCastException: android.os.BinderProxy cannot be cast to com.android.server.am.ActivityRecord$Token
12-14 04:00:04.326 W/ActivityManager( 1628): 	at com.android.server.am.ActivityRecord.forTokenLocked(ActivityRecord.java:778)
12-14 04:00:04.326 W/ActivityManager( 1628): 	at com.android.server.am.ActivityRecord.isInStackLocked(ActivityRecord.java:2085)
12-14 04:00:04.326 W/ActivityManager( 1628): 	at com.android.server.am.ActivityManagerService.getActivityOptions(ActivityManagerService.java:13302)
12-14 04:00:04.326 W/ActivityManager( 1628): 	at android.app.IActivityManager$Stub.onTransact(IActivityManager.java:2910)
12-14 04:00:04.326 W/ActivityManager( 1628): 	at com.android.server.am.ActivityManagerService.onTransact(ActivityManagerService.java:2935)
12-14 04:00:04.326 W/ActivityManager( 1628): 	at android.os.Binder.execTransact(Binder.java:674)
12-14 04:00:04.330 W/ActivityManager( 1628): Bad activity token: android.os.BinderProxy@d5371d8
12-14 04:00:04.330 W/ActivityManager( 1628): java.lang.ClassCastException: android.os.BinderProxy cannot be cast to com.android.server.am.ActivityRecord$Token
12-14 04:00:04.330 W/ActivityManager( 1628): 	at com.android.server.am.ActivityRecord.forTokenLocked(ActivityRecord.java:778)
12-14 04:00:04.330 W/ActivityManager( 1628): 	at com.android.server.am.ActivityRecord.isInStackLocked(ActivityRecord.java:2085)
12-14 04:00:04.330 W/ActivityManager( 1628): 	at com.android.server.am.ActivityManagerService.getActivityOptions(ActivityManagerService.java:13302)
12-14 04:00:04.330 W/ActivityManager( 1628): 	at android.app.IActivityManager$Stub.onTransact(IActivityManager.java:2910)
12-14 04:00:04.330 W/ActivityManager( 1628): 	at com.android.server.am.ActivityManagerService.onTransact(ActivityManagerService.java:2935)
12-14 04:00:04.330 W/ActivityManager( 1628): 	at android.os.Binder.execTransact(Binder.java:674)
12-14 04:00:04.333 D/CarrierSvcBindHelper( 1805): No carrier app for: 0
12-14 04:00:04.342 I/ProvidersCache( 3396): Provider returned no roots. Possibly naughty: com.google.android.apps.docs.storage
12-14 04:00:04.345 D/EGL_emulation( 1734): eglMakeCurrent: 0x89f5e5e0: ver 3 0 (tinfo 0x89f15d10)
12-14 04:00:04.353 D/EGL_emulation( 1734): eglMakeCurrent: 0x89f5e5e0: ver 3 0 (tinfo 0x89f15d10)
12-14 04:00:04.369 W/PeopleGalProvider( 2200): Not enabled to outside of GmsCore.
12-14 04:00:04.373 I/PeopleGalProvider( 2200): Method 0 completed.
12-14 04:00:04.375 I/ContactDirectoryManager( 2399): Directory provider com.google.android.gms(com.google.android.gms.people.gal.provider) returned a NULL cursor.
12-14 04:00:04.386 D/EGL_emulation( 1734): eglMakeCurrent: 0x89f5e5e0: ver 3 0 (tinfo 0x89f15d10)
12-14 04:00:04.410 D/ConnectivityService( 1628): handleLingerComplete for NetworkAgentInfo [MOBILE (LTE) - 100]
12-14 04:00:04.483 I/chatty  ( 1734): uid=10028(u0_a28) RenderThread identical 9 lines
12-14 04:00:04.497 D/EGL_emulation( 1734): eglMakeCurrent: 0x89f5e5e0: ver 3 0 (tinfo 0x89f15d10)
12-14 04:00:04.499 V/StatusBar( 1734): setLightsOn(true)
12-14 04:00:04.502 D/EGL_emulation( 1734): eglMakeCurrent: 0x89f5e5e0: ver 3 0 (tinfo 0x89f15d10)
12-14 04:00:04.535 V/StatusBar( 1734): setLightsOn(true)
12-14 04:00:04.551 I/chatty  ( 1734): uid=10028(u0_a28) com.android.systemui identical 1 line
12-14 04:00:04.565 V/StatusBar( 1734): setLightsOn(true)
12-14 04:00:04.567 W/Binder  ( 1628): Outgoing transactions from this process must be FLAG_ONEWAY
12-14 04:00:04.567 W/Binder  ( 1628): java.lang.Throwable
12-14 04:00:04.567 W/Binder  ( 1628): 	at android.os.BinderProxy.transact(Binder.java:736)
12-14 04:00:04.567 W/Binder  ( 1628): 	at com.android.internal.location.ILocationProvider$Stub$Proxy.getProperties(ILocationProvider.java:232)
12-14 04:00:04.567 W/Binder  ( 1628): 	at com.android.server.location.LocationProviderProxy$1.run(LocationProviderProxy.java:119)
12-14 04:00:04.567 W/Binder  ( 1628): 	at android.os.Handler.handleCallback(Handler.java:789)
12-14 04:00:04.567 W/Binder  ( 1628): 	at android.os.Handler.dispatchMessage(Handler.java:98)
12-14 04:00:04.567 W/Binder  ( 1628): 	at android.os.Looper.loop(Looper.java:164)
12-14 04:00:04.567 W/Binder  ( 1628): 	at android.os.HandlerThread.run(HandlerThread.java:65)
12-14 04:00:04.568 W/Binder  ( 1628): Outgoing transactions from this process must be FLAG_ONEWAY
12-14 04:00:04.568 W/Binder  ( 1628): java.lang.Throwable
12-14 04:00:04.568 W/Binder  ( 1628): 	at android.os.BinderProxy.transact(Binder.java:736)
12-14 04:00:04.568 W/Binder  ( 1628): 	at com.android.internal.location.ILocationProvider$Stub$Proxy.getProperties(ILocationProvider.java:232)
12-14 04:00:04.568 W/Binder  ( 1628): 	at com.android.server.location.LocationProviderProxy$1.run(LocationProviderProxy.java:119)
12-14 04:00:04.568 W/Binder  ( 1628): 	at android.os.Handler.handleCallback(Handler.java:789)
12-14 04:00:04.568 W/Binder  ( 1628): 	at android.os.Handler.dispatchMessage(Handler.java:98)
12-14 04:00:04.568 W/Binder  ( 1628): 	at android.os.Looper.loop(Looper.java:164)
12-14 04:00:04.568 W/Binder  ( 1628): 	at android.os.HandlerThread.run(HandlerThread.java:65)
12-14 04:00:04.601 D/gralloc_ranchu( 1395): gralloc_alloc: Creating ashmem region of size 7753728
12-14 04:00:04.618 W/Icing   ( 2200): No valid account for uploading user actions
12-14 04:00:04.622 D/        ( 3904): HostConnection::get() New Host Connection established 0x9ab30b40, tid 3904
12-14 04:00:04.635 E/memtrack( 1628): Couldn't load memtrack module
12-14 04:00:04.635 W/android.os.Debug( 1628): failed to get memory consumption info: -1
12-14 04:00:04.683 I/zygote  ( 3904): Do partial code cache collection, code=39KB, data=42KB
12-14 04:00:04.691 I/zygote  ( 3904): After code cache collection, code=39KB, data=42KB
12-14 04:00:04.691 I/zygote  ( 3904): Increasing code cache capacity to 256KB
12-14 04:00:04.694 V/StatusBar( 1734): setLightsOn(true)
12-14 04:00:04.698 V/StatusBar( 1734): setLightsOn(true)
12-14 04:00:04.700 I/zygote  ( 3904): JIT allocated 71KB for compiled code of void android.widget.TextView.<init>(android.content.Context, android.util.AttributeSet, int, int)
12-14 04:00:04.700 I/zygote  ( 3904): Compiler allocated 4MB to compile void android.widget.TextView.<init>(android.content.Context, android.util.AttributeSet, int, int)
12-14 04:00:04.723 D/gralloc_ranchu( 1395): gralloc_alloc: Creating ashmem region of size 7753728
12-14 04:00:04.724 I/ActivityManager( 1628): Displayed com.evancharlton.mileage/.Mileage: +651ms
12-14 04:00:04.734 V/StatusBar( 1734): setLightsOn(true)
12-14 04:00:04.740 I/Icing   ( 2200): IndexChimeraService.getServiceInterface callingPackage=com.google.android.gms componentName=null serviceId=30
12-14 04:00:04.815 I/Icing   ( 2200): Usage reports ok 2, Failed Usage reports 0, indexed 1, rejected 0
12-14 04:00:04.818 I/zygote  ( 3904): Do full code cache collection, code=119KB, data=70KB
12-14 04:00:04.822 W/Icing   ( 2200): No valid account for uploading user actions
12-14 04:00:04.832 I/zygote  ( 3904): After code cache collection, code=86KB, data=36KB
12-14 04:00:04.846 I/Icing   ( 2200): Usage reports ok 0, Failed Usage reports 0, indexed 0, rejected 0
12-14 04:00:04.849 I/Icing   ( 2200): Indexing com.google.android.gms-apps from com.google.android.gms
12-14 04:00:04.852 I/Icing   ( 2200): Indexing done com.google.android.gms-apps
12-14 04:00:04.859 V/StatusBar( 1734): setLightsOn(true)
12-14 04:00:04.910 I/chatty  ( 1734): uid=10028(u0_a28) com.android.systemui identical 3 lines
12-14 04:00:04.915 V/StatusBar( 1734): setLightsOn(true)
12-14 04:00:04.920 W/SurfaceFlinger( 1404): couldn't log to binary event log: overflow.
12-14 04:00:04.920 W/SurfaceFlinger( 1404): couldn't log to binary event log: overflow.
12-14 04:00:04.969 I/System.out( 3904): URI: //map
12-14 04:00:04.969 I/System.out( 3904): params: {json={"query":"android.widget.Button index:2","operation":{"method_name":"query","arguments":[]}}
12-14 04:00:04.969 I/System.out( 3904): }
12-14 04:00:05.007 I/PBSessionCacheImpl( 2207): Deleted sessionId[12179426745987] from persistence.
12-14 04:00:05.043 W/SearchService( 2207): Abort, client detached.
12-14 04:00:05.047 E/WorkerRegistryImpl( 2207): getWorker() is called after WorkerRegistry disposal.
12-14 04:00:05.047 E/WorkerRegistryImpl( 2207): getWorker() is called after WorkerRegistry disposal.
12-14 04:00:05.117 I/System.out( 3904): URI: //gesture
12-14 04:00:05.117 I/System.out( 3904): params: {json={"query_timeout":5.0,"gestures":[{"query_string":"android.widget.Button index:2","touches":[{"x":50,"y":50,"offset_x":0,"offset_y":0,"wait":0.0,"time":0.2,"release":true,"query_string":null}]}]}
12-14 04:00:05.117 I/System.out( 3904): }
12-14 04:00:05.142 D/BoundBrokerSvc( 1938): onUnbind: Intent { act=com.google.android.gms.clearcut.bootcount.service.START cmp=com.google.android.gms/.chimera.PersistentBoundBrokerService }
12-14 04:00:05.339 I/zygote  ( 3904): Do partial code cache collection, code=123KB, data=60KB
12-14 04:00:05.339 I/zygote  ( 3904): After code cache collection, code=123KB, data=60KB
12-14 04:00:05.339 I/zygote  ( 3904): Increasing code cache capacity to 512KB
12-14 04:00:05.408 I/AudioTrack( 1628): AUDIO_OUTPUT_FLAG_FAST successful; frameCount 4512 -> 4512
12-14 04:00:05.504 V/StatusBar( 1734): setLightsOn(true)
12-14 04:00:05.507 I/chatty  ( 1734): uid=10028(u0_a28) com.android.systemui identical 1 line
12-14 04:00:05.515 V/StatusBar( 1734): setLightsOn(true)
12-14 04:00:05.531 W/View    ( 3904): dispatchProvideAutofillStructure(): not laid out, ignoring
12-14 04:00:05.537 W/Binder  ( 1628): Outgoing transactions from this process must be FLAG_ONEWAY
12-14 04:00:05.537 W/Binder  ( 1628): java.lang.Throwable
12-14 04:00:05.537 W/Binder  ( 1628): 	at android.os.BinderProxy.transact(Binder.java:736)
12-14 04:00:05.537 W/Binder  ( 1628): 	at android.app.assist.AssistStructure$ParcelTransferReader.fetchData(AssistStructure.java:407)
12-14 04:00:05.537 W/Binder  ( 1628): 	at android.app.assist.AssistStructure$ParcelTransferReader.go(AssistStructure.java:343)
12-14 04:00:05.537 W/Binder  ( 1628): 	at android.app.assist.AssistStructure.ensureData(AssistStructure.java:2096)
12-14 04:00:05.537 W/Binder  ( 1628): 	at com.android.server.autofill.Session$1.send(Session.java:200)
12-14 04:00:05.537 W/Binder  ( 1628): 	at com.android.server.am.ActivityManagerService.reportAssistContextExtras(ActivityManagerService.java:13137)
12-14 04:00:05.537 W/Binder  ( 1628): 	at android.app.IActivityManager$Stub.onTransact(IActivityManager.java:2466)
12-14 04:00:05.537 W/Binder  ( 1628): 	at com.android.server.am.ActivityManagerService.onTransact(ActivityManagerService.java:2935)
12-14 04:00:05.537 W/Binder  ( 1628): 	at android.os.Binder.execTransact(Binder.java:674)
12-14 04:00:05.544 I/AssistStructure( 3904): Flattened final assist data: 5024 bytes, containing 2 windows, 19 views
12-14 04:00:06.044 W/audio_hw_generic( 1389): Not supplying enough data to HAL, expected position 23834 , only wrote 2880
12-14 04:00:06.044 W/audio_hw_generic( 1389): Not supplying enough data to HAL, expected position 2893 , only wrote 2880
12-14 04:00:06.044 W/AudioFlinger( 1476): write blocked for 501 msecs, 1 delayed writes, thread 0xb3003bc0
12-14 04:00:06.045 W/audio_hw_generic( 1389): Hardware backing HAL too slow, could only write 0 of 720 frames
12-14 04:00:06.049 I/Choreographer( 3904): Skipped 31 frames!  The application may be doing too much work on its main thread.
12-14 04:00:06.050 D/gralloc_ranchu( 1395): gralloc_alloc: Creating ashmem region of size 303104
12-14 04:00:06.060 W/audio_hw_generic( 1389): Hardware backing HAL too slow, could only write 0 of 720 frames
12-14 04:00:06.068 V/StatusBar( 1734): setLightsOn(true)
12-14 04:00:06.077 W/audio_hw_generic( 1389): Hardware backing HAL too slow, could only write 0 of 720 frames
12-14 04:00:06.077 D/AudioFlinger( 1476): mixer(0xb3003bc0) throttle end: throttle time(11)
12-14 04:00:06.084 V/StatusBar( 1734): setLightsOn(true)
12-14 04:00:06.091 W/audio_hw_generic( 1389): Hardware backing HAL too slow, could only write 0 of 720 frames
12-14 04:00:06.147 I/AssistStructure( 1628): Flattened final assist data: 4496 bytes, containing 2 windows, 19 views
12-14 04:00:06.152 D/gralloc_ranchu( 1395): gralloc_alloc: Creating ashmem region of size 7753728
12-14 04:00:06.172 W/lgq     ( 1938): Pending fill request while another request in the same session was triggered. [CONTEXT service_id=177 ]
12-14 04:00:06.178 I/zygote  ( 3831): Waiting for a blocking GC ProfileSaver
12-14 04:00:06.186 E/SurfaceFlinger( 1404): ro.sf.lcd_density must be defined as a build property
12-14 04:00:06.191 D/PermissionCache( 1404): checking android.permission.READ_FRAME_BUFFER for uid=2000 => granted (272 us)
12-14 04:00:06.193 I/zygote  ( 3831): WaitForGcToComplete blocked for 15.093ms for cause ProfileSaver
12-14 04:00:06.217 W/Nearby  ( 1938): Failed attempt #3 out of 3 for RestoreDeviceName [CONTEXT service_id=49 ]
12-14 04:00:06.217 W/Nearby  ( 1938): java.lang.IllegalStateException: BluetoothAdapter not ready yet!
12-14 04:00:06.217 W/Nearby  ( 1938): 	at alhd.g(:com.google.android.gms@204713022@20.47.13 (040700-344095733):2)
12-14 04:00:06.217 W/Nearby  ( 1938): 	at alhc.run(Unknown Source:0)
12-14 04:00:06.217 W/Nearby  ( 1938): 	at bznt.call(Unknown Source:0)
12-14 04:00:06.217 W/Nearby  ( 1938): 	at bzny.b(:com.google.android.gms@204713022@20.47.13 (040700-344095733):2)
12-14 04:00:06.217 W/Nearby  ( 1938): 	at bzny.a(:com.google.android.gms@204713022@20.47.13 (040700-344095733):0)
12-14 04:00:06.217 W/Nearby  ( 1938): 	at alhb.run(Unknown Source:2)
12-14 04:00:06.217 W/Nearby  ( 1938): 	at java.lang.Thread.run(Thread.java:764)
12-14 04:00:06.217 W/Nearby  ( 1938): 	at tly.run(Unknown Source:5)
12-14 04:00:06.217 W/Nearby  ( 1938): 	at java.util.concurrent.ThreadPoolExecutor.runWorker(ThreadPoolExecutor.java:1162)
12-14 04:00:06.217 W/Nearby  ( 1938): 	at java.util.concurrent.ThreadPoolExecutor$Worker.run(ThreadPoolExecutor.java:636)
12-14 04:00:06.217 W/Nearby  ( 1938): 	at trx.run(:com.google.android.gms@204713022@20.47.13 (040700-344095733):0)
12-14 04:00:06.217 W/Nearby  ( 1938): 	at java.lang.Thread.run(Thread.java:764)
12-14 04:00:06.234 D/gralloc_ranchu( 1395): gralloc_alloc: Creating ashmem region of size 8298496
12-14 04:00:06.246 D/        ( 3956): HostConnection::get() New Host Connection established 0xa852f800, tid 3956
12-14 04:00:06.357 V/StatusBar( 1734): setLightsOn(true)
12-14 04:00:06.507 I/zygote  ( 1938): Background concurrent copying GC freed 87360(5MB) AllocSpace objects, 4(88KB) LOS objects, 45% free, 7MB/13MB, paused 3.411ms total 184.908ms
12-14 04:00:06.735 I/zygote  ( 1938): Deoptimizing void tma.c(java.lang.Runnable) due to JIT inline cache
