--------- beginning of main
12-14 04:00:30.886 V/StatusBar( 1734): setLightsOn(true)
--------- beginning of system
12-14 04:00:30.889 W/ActivityManager( 1628): Finishing task with all activities already finished
12-14 04:00:30.889 W/ActivityManager( 1628): Duplicate finish request for ActivityRecord{1f31909 u0 com.evancharlton.mileage/.Mileage t173 f}
12-14 04:00:30.892 V/StatusBar( 1734): setLightsOn(true)
12-14 04:00:30.899 W/ActivityManager( 1628): Finishing task with all activities already finished
12-14 04:00:30.899 W/ActivityManager( 1628): Duplicate finish request for ActivityRecord{1f31909 u0 com.evancharlton.mileage/.Mileage t173 f}
12-14 04:00:30.900 W/SearchService( 2207): Abort, client detached.
12-14 04:00:30.902 W/ActivityManager( 1628): Finishing task with all activities already finished
12-14 04:00:30.902 W/ActivityManager( 1628): Duplicate finish request for ActivityRecord{1f31909 u0 com.evancharlton.mileage/.Mileage t173 f}
12-14 04:00:30.902 V/StatusBar( 1734): setLightsOn(true)
12-14 04:00:30.908 V/StatusBar( 1734): setLightsOn(true)
12-14 04:00:30.916 I/zygote  ( 4228): Do full code cache collection, code=125KB, data=73KB
12-14 04:00:30.919 I/zygote  ( 4228): After code cache collection, code=111KB, data=46KB
12-14 04:00:30.963 V/StatusBar( 1734): setLightsOn(true)
12-14 04:00:30.965 D/gralloc_ranchu( 1395): gralloc_alloc: Creating ashmem region of size 8298496
12-14 04:00:30.979 D/gralloc_ranchu( 1395): gralloc_alloc: Creating ashmem region of size 8298496
12-14 04:00:31.001 D/EGL_emulation( 1734): eglMakeCurrent: 0x89f5e5e0: ver 3 0 (tinfo 0x89f15d10)
12-14 04:00:31.001 D/gralloc_ranchu( 1395): gralloc_alloc: Creating ashmem region of size 8298496
12-14 04:00:31.030 I/chatty  ( 1395): uid=1000(system) allocator@2.0-s identical 1 line
12-14 04:00:31.101 D/gralloc_ranchu( 1395): gralloc_alloc: Creating ashmem region of size 8298496
12-14 04:00:31.172 E/IPCThreadState( 1404): binder thread pool (4 threads) starved for 195 ms
12-14 04:00:31.174 D/gralloc_ranchu( 1395): gralloc_alloc: Creating ashmem region of size 8298496
12-14 04:00:31.270 D/EGL_emulation( 2207): eglMakeCurrent: 0x9d705d80: ver 3 0 (tinfo 0x9d7038d0)
12-14 04:00:31.295 D/EGL_emulation( 2165): eglMakeCurrent: 0x9ae47d40: ver 3 0 (tinfo 0x9affff60)
12-14 04:00:31.317 I/zygote  ( 2207): Deoptimizing void com.google.android.apps.gsa.search.core.service.worker.a.a.a(com.google.android.apps.gsa.search.core.state.qc) due to JIT inline cache
12-14 04:00:31.329 D/gralloc_ranchu( 1395): gralloc_alloc: Creating ashmem region of size 7753728
12-14 04:00:31.344 W/ActivityManager( 1628): Unable to start service Intent { act=com.google.android.gms.speech.service.START pkg=com.google.android.gms } U=0: not found
12-14 04:00:31.344 W/SessionLifecycleManager( 2207): Handover failed. Creating new session controller.
12-14 04:00:31.350 I/OptInState( 2207): There is a new client and it does not support opt-in. Dropping request.
12-14 04:00:31.365 E/memtrack( 1628): Couldn't load memtrack module
12-14 04:00:31.365 W/android.os.Debug( 1628): failed to get memory consumption info: -1
12-14 04:00:31.366 W/ActivityManager( 1628): Unbind failed: could not find connection for android.os.BinderProxy@5c9bffc
12-14 04:00:31.368 D/EGL_emulation( 1734): eglMakeCurrent: 0x89f5e5e0: ver 3 0 (tinfo 0x89f15d10)
12-14 04:00:31.371 E/GmsClient( 2207): unable to connect to service: com.google.android.gms.speech.service.START on com.google.android.gms
12-14 04:00:31.398 D/EGL_emulation( 1734): eglMakeCurrent: 0x89f5e5e0: ver 3 0 (tinfo 0x89f15d10)
12-14 04:00:31.400 I/MicroDetectionWorker( 2207): #updateMicroDetector [detectionMode: [mDetectionMode: [1]]]
12-14 04:00:31.400 I/MicroDetectionWorker( 2207): #startMicroDetector [speakerMode: 0]
12-14 04:00:31.401 I/AudioController( 2207): Using mInputStreamFactoryBuilder
12-14 04:00:31.403 I/MicroDetectionWorker( 2207): onReady
12-14 04:00:31.405 I/MicroRecognitionRunner( 2207): Starting detection.
12-14 04:00:31.416 D/EGL_emulation( 1734): eglMakeCurrent: 0x89f5e5e0: ver 3 0 (tinfo 0x89f15d10)
12-14 04:00:31.432 I/chatty  ( 1734): uid=10028(u0_a28) RenderThread identical 2 lines
12-14 04:00:31.438 D/EGL_emulation( 1734): eglMakeCurrent: 0x89f5e5e0: ver 3 0 (tinfo 0x89f15d10)
12-14 04:00:31.447 I/MicrophoneInputStream( 2207): mic_starting com.google.android.apps.gsa.staticplugins.aa.c@a2f5882
12-14 04:00:31.450 D/EGL_emulation( 1734): eglMakeCurrent: 0x89f5e5e0: ver 3 0 (tinfo 0x89f15d10)
12-14 04:00:31.457 I/MicrophoneInputStream( 2207): mic_started com.google.android.apps.gsa.staticplugins.aa.c@a2f5882
12-14 04:00:31.458 D/EGL_emulation( 1734): eglMakeCurrent: 0x89f5e5e0: ver 3 0 (tinfo 0x89f15d10)
12-14 04:00:31.459 E/ActivityThread( 2207): Failed to find provider info for com.google.android.apps.gsa.testing.ui.audio.recorded
12-14 04:00:31.461 I/MicroDetectionWorker( 2207): onReady
12-14 04:00:31.463 W/SpeechLevelGenerator( 2207): Really low audio levels detected. The audio input may have issues.
12-14 04:00:31.470 D/EGL_emulation( 1734): eglMakeCurrent: 0x89f5e5e0: ver 3 0 (tinfo 0x89f15d10)
12-14 04:00:31.470 I/MicrophoneInputStream( 2207): mic_close com.google.android.apps.gsa.staticplugins.aa.c@a2f5882
12-14 04:00:31.471 I/MicroRecognitionRunner( 2207): Detection finished
12-14 04:00:31.471 W/ErrorReporter( 2207): reportError [type: 211, code: 524300]: Error reading from input stream
12-14 04:00:31.476 I/MicroRecognitionRunner( 2207): Stopping hotword detection.
12-14 04:00:31.480 I/AudioFlinger( 1476): AudioFlinger's thread 0xb0f03e40 tid=4283 ready to run
12-14 04:00:31.484 D/EGL_emulation( 1734): eglMakeCurrent: 0x89f5e5e0: ver 3 0 (tinfo 0x89f15d10)
12-14 04:00:31.486 W/ErrorProcessor( 2207): onFatalError, processing error from engine(4)
12-14 04:00:31.486 W/ErrorProcessor( 2207): com.google.android.apps.gsa.shared.speech.b.g: Error reading from input stream
12-14 04:00:31.486 W/ErrorProcessor( 2207): 	at com.google.android.apps.gsa.staticplugins.recognizer.j.a.a(SourceFile:28)
12-14 04:00:31.486 W/ErrorProcessor( 2207): 	at com.google.android.apps.gsa.staticplugins.recognizer.j.b.run(SourceFile:15)
12-14 04:00:31.486 W/ErrorProcessor( 2207): 	at java.util.concurrent.Executors$RunnableAdapter.call(Executors.java:457)
12-14 04:00:31.486 W/ErrorProcessor( 2207): 	at java.util.concurrent.FutureTask.run(FutureTask.java:266)
12-14 04:00:31.486 W/ErrorProcessor( 2207): 	at com.google.android.apps.gsa.shared.util.concurrent.a.ax.run(SourceFile:14)
12-14 04:00:31.486 W/ErrorProcessor( 2207): 	at com.google.android.apps.gsa.shared.util.concurrent.a.bl.run(SourceFile:4)
12-14 04:00:31.486 W/ErrorProcessor( 2207): 	at com.google.android.apps.gsa.shared.util.concurrent.a.bl.run(SourceFile:4)
12-14 04:00:31.486 W/ErrorProcessor( 2207): 	at java.util.concurrent.ThreadPoolExecutor.runWorker(ThreadPoolExecutor.java:1162)
12-14 04:00:31.486 W/ErrorProcessor( 2207): 	at java.util.concurrent.ThreadPoolExecutor$Worker.run(ThreadPoolExecutor.java:636)
12-14 04:00:31.486 W/ErrorProcessor( 2207): 	at java.lang.Thread.run(Thread.java:764)
12-14 04:00:31.486 W/ErrorProcessor( 2207): 	at com.google.android.apps.gsa.shared.util.concurrent.a.ai.run(SourceFile:6)
12-14 04:00:31.486 W/ErrorProcessor( 2207): Caused by: com.google.android.apps.gsa.shared.exception.GsaIOException: Error code: 393238 | Buffer overflow, no available space.
12-14 04:00:31.486 W/ErrorProcessor( 2207): 	at com.google.android.apps.gsa.speech.audio.Tee.f(SourceFile:103)
12-14 04:00:31.486 W/ErrorProcessor( 2207): 	at com.google.android.apps.gsa.speech.audio.au.read(SourceFile:2)
12-14 04:00:31.486 W/ErrorProcessor( 2207): 	at java.io.InputStream.read(InputStream.java:101)
12-14 04:00:31.486 W/ErrorProcessor( 2207): 	at com.google.android.apps.gsa.speech.audio.ao.run(SourceFile:18)
12-14 04:00:31.486 W/ErrorProcessor( 2207): 	at com.google.android.apps.gsa.speech.audio.an.run(SourceFile:2)
12-14 04:00:31.486 W/ErrorProcessor( 2207): 	... 9 more
12-14 04:00:31.487 I/AudioController( 2207): internalShutdown
12-14 04:00:31.489 D/EGL_emulation( 1734): eglMakeCurrent: 0x89f5e5e0: ver 3 0 (tinfo 0x89f15d10)
12-14 04:00:31.498 I/chatty  ( 1734): uid=10028(u0_a28) RenderThread identical 1 line
12-14 04:00:31.501 D/EGL_emulation( 1734): eglMakeCurrent: 0x89f5e5e0: ver 3 0 (tinfo 0x89f15d10)
12-14 04:00:31.505 I/MicroDetector( 2207): Keeping mic open: false
12-14 04:00:31.505 I/MicroDetectionWorker( 2207): #onError(false)
12-14 04:00:31.505 I/DeviceStateChecker( 2207): DeviceStateChecker cancelled
12-14 04:00:31.510 I/zygote  ( 1734): NativeAllocBackground concurrent copying GC freed 1675(145KB) AllocSpace objects, 0(0B) LOS objects, 50% free, 4MB/8MB, paused 1.532ms total 102.629ms
12-14 04:00:31.516 D/EGL_emulation( 1734): eglMakeCurrent: 0x89f5e5e0: ver 3 0 (tinfo 0x89f15d10)
12-14 04:00:31.631 I/chatty  ( 1734): uid=10028(u0_a28) RenderThread identical 10 lines
12-14 04:00:31.635 D/EGL_emulation( 1734): eglMakeCurrent: 0x89f5e5e0: ver 3 0 (tinfo 0x89f15d10)
12-14 04:00:31.731 D/AndroidRuntime( 4278): >>>>>> START com.android.internal.os.RuntimeInit uid 2000 <<<<<<
12-14 04:00:31.757 W/OpenGLRenderer( 2165): Incorrectly called buildLayer on View: ShortcutAndWidgetContainer, destroying layer...
12-14 04:00:31.831 I/OpenGLRenderer( 1628): Initialized EGL, version 1.4
12-14 04:00:31.831 D/OpenGLRenderer( 1628): Swap behavior 1
12-14 04:00:31.840 W/OpenGLRenderer( 1628): Failed to choose config with EGL_SWAP_BEHAVIOR_PRESERVED, retrying without...
12-14 04:00:31.840 D/OpenGLRenderer( 1628): Swap behavior 0
12-14 04:00:31.848 W/app_process( 4278): Unexpected CPU variant for X86 using defaults: x86
12-14 04:00:31.863 D/EGL_emulation( 1628): eglCreateContext: 0x86ec2080: maj 3 min 0 rcv 3
12-14 04:00:31.865 D/EGL_emulation( 1628): eglMakeCurrent: 0x86ec2080: ver 3 0 (tinfo 0x83c7f010)
12-14 04:00:31.866 E/eglCodecCommon( 1628): glUtilsParamSize: unknow param 0x00008cdf
12-14 04:00:31.866 E/eglCodecCommon( 1628): glUtilsParamSize: unknow param 0x00008cdf
12-14 04:00:31.867 E/eglCodecCommon( 1628): glUtilsParamSize: unknow param 0x00008824
12-14 04:00:31.867 E/eglCodecCommon( 1628): glUtilsParamSize: unknow param 0x00008824
12-14 04:00:31.882 D/AndroidRuntime( 4278): Calling main entry com.android.commands.am.Am
12-14 04:00:31.886 I/ActivityManager( 1628): Force stopping com.evancharlton.mileage appid=10444 user=0: start instr
12-14 04:00:31.886 I/ActivityManager( 1628): Killing 4228:com.evancharlton.mileage/u0a444 (adj 0): stop com.evancharlton.mileage
12-14 04:00:31.887 W/ActivityManager( 1628): Crash of app com.evancharlton.mileage running instrumentation ComponentInfo{com.evancharlton.mileage.test/sh.calaba.instrumentationbackend.CalabashInstrumentationTestRunner}
12-14 04:00:31.887 I/ActivityManager( 1628): Force stopping com.evancharlton.mileage appid=10444 user=0: finished inst
12-14 04:00:31.904 I/zygote  ( 4292): Not late-enabling -Xcheck:jni (already on)
12-14 04:00:31.904 I/ActivityManager( 1628): Start proc 4292:com.evancharlton.mileage/u0a444 for added application com.evancharlton.mileage
12-14 04:00:31.905 D/AndroidRuntime( 4278): Shutting down VM
12-14 04:00:31.906 W/ActivityManager( 1628): setHasOverlayUi called on unknown pid: 4228
12-14 04:00:31.918 W/zygote  ( 4292): Unexpected CPU variant for X86 using defaults: x86
12-14 04:00:31.942 E/adbd    ( 1382): failed to connect to socket 'tcp:7102': Connection refused
12-14 04:00:31.948 W/zygote  ( 4292): Found duplicate classes, falling back to extracting from APK : /data/app/com.evancharlton.mileage.test-xj4Ljb158M5yFqGZ1eokbQ==/base.apk
12-14 04:00:31.948 W/zygote  ( 4292): NOTE: This wastes RAM and hurts startup performance.
12-14 04:00:31.948 W/zygote  ( 4292): Found duplicated class when checking oat files: 'Ljunit/runner/BaseTestRunner;' in /data/app/com.evancharlton.mileage.test-xj4Ljb158M5yFqGZ1eokbQ==/base.apk and /system/framework/android.test.runner.jar
12-14 04:00:31.948 W/zygote  ( 4292): 
12-14 04:00:31.967 E/adbd    ( 1382): failed to connect to socket 'tcp:7102': Connection refused
12-14 04:00:31.997 W/System  ( 4292): ClassLoader referenced unknown path: 
12-14 04:00:32.011 I/System.out( 4292): Main activity name automatically set to: com.evancharlton.mileage.Mileage
12-14 04:00:32.011 I/System.out( 4292): Calabash did not load Mono. This is only a problem if you are trying to test a Mono application
12-14 04:00:32.012 I/calabash( 4292): Test server port: 7102
12-14 04:00:32.014 I/InstrumentationBackend( 4292): Added:'GetPreferences', with key:'get_preferences'
12-14 04:00:32.074 I/InstrumentationBackend( 4292): Added:'SetPreferences', with key:'set_preferences'
12-14 04:00:32.074 I/InstrumentationBackend( 4292): Added:'ClearPreferences', with key:'clear_preferences'
12-14 04:00:32.074 I/InstrumentationBackend( 4292): Added:'PressElement', with key:'press_l10n_element'
12-14 04:00:32.075 I/InstrumentationBackend( 4292): Added:'WaitForElement', with key:'wait_for_l10n_element'
12-14 04:00:32.075 I/InstrumentationBackend( 4292): Added:'NullAction', with key:'nullAction'
12-14 04:00:32.076 I/InstrumentationBackend( 4292): Added:'PressKey', with key:'press_key'
12-14 04:00:32.076 I/InstrumentationBackend( 4292): Added:'SetActivityOrientation', with key:'set_activity_orientation'
12-14 04:00:32.076 I/InstrumentationBackend( 4292): Added:'GetActivityOrientation', with key:'get_activity_orientation'
12-14 04:00:32.077 I/InstrumentationBackend( 4292): Added:'FakeGPSLocation', with key:'set_gps_coordinates'
12-14 04:00:32.077 I/InstrumentationBackend( 4292): Added:'SetPropertyByCssSelector', with key:'set_property_by_css_selector'
12-14 04:00:32.079 I/InstrumentationBackend( 4292): Added:'GetUrl', with key:'get_url'
12-14 04:00:32.081 I/InstrumentationBackend( 4292): Added:'ScrollTo', with key:'scroll_to'
12-14 04:00:32.081 I/InstrumentationBackend( 4292): Added:'GetLoadProgress', with key:'get_load_progress'
12-14 04:00:32.082 I/InstrumentationBackend( 4292): Added:'DumpHtml', with key:'dump_html'
12-14 04:00:32.082 I/InstrumentationBackend( 4292): Added:'DumpBodyHtml', with key:'dump_body_html'
12-14 04:00:32.083 I/InstrumentationBackend( 4292): Added:'EnterTextByCssSelector', with key:'enter_text_by_selector'
12-14 04:00:32.087 E/adbd    ( 1382): failed to connect to socket 'tcp:7102': Connection refused
12-14 04:00:32.091 I/InstrumentationBackend( 4292): Added:'AndroidSDKVersion', with key:'android_sdk_version'
12-14 04:00:32.091 I/InstrumentationBackend( 4292): Added:'Version', with key:'version'
12-14 04:00:32.091 I/InstrumentationBackend( 4292): Added:'Drag', with key:'drag'
12-14 04:00:32.091 I/InstrumentationBackend( 4292): Added:'TouchCoordinates', with key:'touch_coordinate'
12-14 04:00:32.092 I/InstrumentationBackend( 4292): Added:'LongPressCoordinate', with key:'long_press_coordinate'
12-14 04:00:32.092 I/InstrumentationBackend( 4292): Added:'DragCoordinates', with key:'drag_coordinates'
12-14 04:00:32.093 E/adbd    ( 1382): failed to connect to socket 'tcp:7102': Connection refused
12-14 04:00:32.094 I/InstrumentationBackend( 4292): Added:'ResumeApplication', with key:'resume_application'
12-14 04:00:32.094 I/InstrumentationBackend( 4292): Added:'Swipe', with key:'swipe'
12-14 04:00:32.094 I/InstrumentationBackend( 4292): Added:'DoubleTapCoordinate', with key:'double_tap_coordinate'
12-14 04:00:32.094 I/InstrumentationBackend( 4292): Added:'ClickOnScreen', with key:'click_on_screen'
12-14 04:00:32.095 I/InstrumentationBackend( 4292): Added:'GetActivityName', with key:'get_activity_name'
12-14 04:00:32.096 I/InstrumentationBackend( 4292): Added:'ScrollToView', with key:'scroll_to_view'
12-14 04:00:32.096 I/InstrumentationBackend( 4292): Added:'ViewConfiguration', with key:'view_configuration'
12-14 04:00:32.097 I/InstrumentationBackend( 4292): Added:'IsCurrentActivityFocused', with key:'is_current_activity_focused'
12-14 04:00:32.097 I/InstrumentationBackend( 4292): Added:'SendTcp', with key:'send_tcp'
12-14 04:00:32.097 I/InstrumentationBackend( 4292): Added:'DpToDevicePixel', with key:'dp_to_device_pixel'
12-14 04:00:32.098 I/InstrumentationBackend( 4292): Added:'KeyboardEnterText', with key:'keyboard_enter_text'
12-14 04:00:32.098 I/InstrumentationBackend( 4292): Added:'DeleteSurroundingText', with key:'delete_surrounding_text'
12-14 04:00:32.099 I/InstrumentationBackend( 4292): Added:'SetComposingRegion', with key:'set_composing_region'
12-14 04:00:32.099 I/InstrumentationBackend( 4292): Added:'SetSelection', with key:'set_selection'
12-14 04:00:32.100 I/InstrumentationBackend( 4292): Added:'KeyboardKeyEvent', with key:'keyboard_key_event'
12-14 04:00:32.100 I/InstrumentationBackend( 4292): Added:'PressUserActionButton', with key:'press_user_action_button'
12-14 04:00:32.101 I/InstrumentationBackend( 4292): Added:'HideSoftKeyboard', with key:'hide_soft_keyboard'
12-14 04:00:32.103 I/InstrumentationBackend( 4292): Added:'ListActions', with key:'list_actions'
12-14 04:00:32.103 I/calabash( 4292): Instantiating http server at 7102
12-14 04:00:32.104 I/System.out( 4292): HTTP Daemon listening on: 7102
12-14 04:00:32.225 I/System.out( 4292): URI: //ping
12-14 04:00:32.225 I/System.out( 4292): params: {json={}
12-14 04:00:32.226 I/System.out( 4292): }
12-14 04:00:32.252 I/System.out( 4292): URI: //ping
12-14 04:00:32.253 I/System.out( 4292): params: {json={}
12-14 04:00:32.253 I/System.out( 4292): }
12-14 04:00:32.271 I/System.out( 4292): URI: //ready
12-14 04:00:32.271 I/System.out( 4292): params: {json={}
12-14 04:00:32.271 I/System.out( 4292): }
12-14 04:00:32.281 I/System.out( 4292): URI: //
12-14 04:00:32.281 I/System.out( 4292): params: {json={"command":"version","arguments":[]}
12-14 04:00:32.281 I/System.out( 4292): }
12-14 04:00:32.281 I/System.out( 4292): header: {content-type=application/json;charset=utf-8, date=Mon, 14 Dec 2020 09:00:32 GMT, accept=*/*, host=127.0.0.1:34777, content-length=36, user-agent=HTTPClient/1.0 (2.8.3, ruby 2.5.8 (2020-03-31))}
12-14 04:00:32.281 I/System.out( 4292): params: {json={"command":"version","arguments":[]}
12-14 04:00:32.281 I/System.out( 4292): }
12-14 04:00:32.281 I/System.out( 4292): ProP json = {"command":"version","arguments":[]}
12-14 04:00:32.281 I/System.out( 4292): files: {}
12-14 04:00:32.281 I/System.out( 4292): command: {"command":"version","arguments":[]}
12-14 04:00:32.318 I/InstrumentationBackend( 4292): Got command:'Command:'Line:null,version', arguments:'[]'
12-14 04:00:32.348 I/System.out( 4292): result:{"bonusInformation":[],"message":"0.9.8","success":true}
12-14 04:00:32.354 I/System.out( 4292): URI: //start-application
12-14 04:00:32.355 I/System.out( 4292): params: {json={"intent":null}
12-14 04:00:32.355 I/System.out( 4292): }
12-14 04:00:32.380 E/TaskPersister( 1628): File error accessing recents directory (directory doesn't exist?).
12-14 04:00:32.392 I/ActivityManager( 1628): START u0 {act=android.intent.action.MAIN cat=[android.intent.category.LAUNCHER] flg=0x10200000 cmp=com.evancharlton.mileage/.Mileage} from uid 10444
12-14 04:00:32.414 I/calabash( 4292): newActivity1
12-14 04:00:32.425 D/gralloc_ranchu( 1395): gralloc_alloc: Creating ashmem region of size 7753728
12-14 04:00:32.455 W/ActivityManager( 1628): Bad activity token: android.os.BinderProxy@7dfbbdf
12-14 04:00:32.455 W/ActivityManager( 1628): java.lang.ClassCastException: android.os.BinderProxy cannot be cast to com.android.server.am.ActivityRecord$Token
12-14 04:00:32.455 W/ActivityManager( 1628): 	at com.android.server.am.ActivityRecord.forTokenLocked(ActivityRecord.java:778)
12-14 04:00:32.455 W/ActivityManager( 1628): 	at com.android.server.am.ActivityRecord.isInStackLocked(ActivityRecord.java:2085)
12-14 04:00:32.455 W/ActivityManager( 1628): 	at com.android.server.am.ActivityRecord.getStackLocked(ActivityRecord.java:2090)
12-14 04:00:32.455 W/ActivityManager( 1628): 	at com.android.server.am.ActivityManagerService.getActivityDisplayId(ActivityManagerService.java:10406)
12-14 04:00:32.455 W/ActivityManager( 1628): 	at android.app.IActivityManager$Stub.onTransact(IActivityManager.java:2738)
12-14 04:00:32.455 W/ActivityManager( 1628): 	at com.android.server.am.ActivityManagerService.onTransact(ActivityManagerService.java:2935)
12-14 04:00:32.455 W/ActivityManager( 1628): 	at android.os.Binder.execTransact(Binder.java:674)
12-14 04:00:32.456 I/calabash( 4292): newActivity1
12-14 04:00:32.471 W/ActivityManager( 1628): Bad activity token: android.os.BinderProxy@7dfbbdf
12-14 04:00:32.471 W/ActivityManager( 1628): java.lang.ClassCastException: android.os.BinderProxy cannot be cast to com.android.server.am.ActivityRecord$Token
12-14 04:00:32.471 W/ActivityManager( 1628): 	at com.android.server.am.ActivityRecord.forTokenLocked(ActivityRecord.java:778)
12-14 04:00:32.471 W/ActivityManager( 1628): 	at com.android.server.am.ActivityRecord.isInStackLocked(ActivityRecord.java:2085)
12-14 04:00:32.471 W/ActivityManager( 1628): 	at com.android.server.am.ActivityManagerService.setTaskDescription(ActivityManagerService.java:9988)
12-14 04:00:32.471 W/ActivityManager( 1628): 	at android.app.IActivityManager$Stub.onTransact(IActivityManager.java:2824)
12-14 04:00:32.471 W/ActivityManager( 1628): 	at com.android.server.am.ActivityManagerService.onTransact(ActivityManagerService.java:2935)
12-14 04:00:32.471 W/ActivityManager( 1628): 	at android.os.Binder.execTransact(Binder.java:674)
12-14 04:00:32.473 W/ActivityManager( 1628): Bad activity token: android.os.BinderProxy@7dfbbdf
12-14 04:00:32.473 W/ActivityManager( 1628): java.lang.ClassCastException: android.os.BinderProxy cannot be cast to com.android.server.am.ActivityRecord$Token
12-14 04:00:32.473 W/ActivityManager( 1628): 	at com.android.server.am.ActivityRecord.forTokenLocked(ActivityRecord.java:778)
12-14 04:00:32.473 W/ActivityManager( 1628): 	at com.android.server.am.ActivityRecord.isInStackLocked(ActivityRecord.java:2085)
12-14 04:00:32.473 W/ActivityManager( 1628): 	at com.android.server.am.ActivityRecord.getStackLocked(ActivityRecord.java:2090)
12-14 04:00:32.473 W/ActivityManager( 1628): 	at com.android.server.am.ActivityManagerService.getActivityStackId(ActivityManagerService.java:10417)
12-14 04:00:32.473 W/ActivityManager( 1628): 	at android.app.IActivityManager$Stub.onTransact(IActivityManager.java:3548)
12-14 04:00:32.473 W/ActivityManager( 1628): 	at com.android.server.am.ActivityManagerService.onTransact(ActivityManagerService.java:2935)
12-14 04:00:32.473 W/ActivityManager( 1628): 	at android.os.Binder.execTransact(Binder.java:674)
12-14 04:00:32.478 V/StatusBar( 1734): setLightsOn(true)
12-14 04:00:32.478 D/EGL_emulation( 2165): eglMakeCurrent: 0x9ae47d40: ver 3 0 (tinfo 0x9affff60)
12-14 04:00:32.482 D/EGL_emulation( 2207): eglMakeCurrent: 0x9d705d80: ver 3 0 (tinfo 0x9d7038d0)
12-14 04:00:32.501 D/EGL_emulation( 1734): eglMakeCurrent: 0x89f5e5e0: ver 3 0 (tinfo 0x89f15d10)
12-14 04:00:32.511 E/ContentStoreEUAS( 2207): Failed to commit the deferred actions
12-14 04:00:32.515 D/EGL_emulation( 1734): eglMakeCurrent: 0x89f5e5e0: ver 3 0 (tinfo 0x89f15d10)
12-14 04:00:32.526 D/EGL_emulation( 1734): eglMakeCurrent: 0x89f5e5e0: ver 3 0 (tinfo 0x89f15d10)
12-14 04:00:32.526 E/memtrack( 1628): Couldn't load memtrack module
12-14 04:00:32.526 W/android.os.Debug( 1628): failed to get memory consumption info: -1
12-14 04:00:32.527 V/StatusBar( 1734): setLightsOn(true)
12-14 04:00:32.542 D/EGL_emulation( 1734): eglMakeCurrent: 0x89f5e5e0: ver 3 0 (tinfo 0x89f15d10)
12-14 04:00:32.650 W/ActivityManager( 1628): Bad activity token: android.os.BinderProxy@7dfbbdf
12-14 04:00:32.650 W/ActivityManager( 1628): java.lang.ClassCastException: android.os.BinderProxy cannot be cast to com.android.server.am.ActivityRecord$Token
12-14 04:00:32.650 W/ActivityManager( 1628): 	at com.android.server.am.ActivityRecord.forTokenLocked(ActivityRecord.java:778)
12-14 04:00:32.650 W/ActivityManager( 1628): 	at com.android.server.am.ActivityRecord.isInStackLocked(ActivityRecord.java:2085)
12-14 04:00:32.650 W/ActivityManager( 1628): 	at com.android.server.am.ActivityManagerService.getActivityOptions(ActivityManagerService.java:13302)
12-14 04:00:32.650 W/ActivityManager( 1628): 	at android.app.IActivityManager$Stub.onTransact(IActivityManager.java:2910)
12-14 04:00:32.650 W/ActivityManager( 1628): 	at com.android.server.am.ActivityManagerService.onTransact(ActivityManagerService.java:2935)
12-14 04:00:32.650 W/ActivityManager( 1628): 	at android.os.Binder.execTransact(Binder.java:674)
12-14 04:00:32.651 W/ActivityManager( 1628): Bad activity token: android.os.BinderProxy@7dfbbdf
12-14 04:00:32.651 W/ActivityManager( 1628): java.lang.ClassCastException: android.os.BinderProxy cannot be cast to com.android.server.am.ActivityRecord$Token
12-14 04:00:32.651 W/ActivityManager( 1628): 	at com.android.server.am.ActivityRecord.forTokenLocked(ActivityRecord.java:778)
12-14 04:00:32.651 W/ActivityManager( 1628): 	at com.android.server.am.ActivityRecord.isInStackLocked(ActivityRecord.java:2085)
12-14 04:00:32.651 W/ActivityManager( 1628): 	at com.android.server.am.ActivityManagerService.getActivityOptions(ActivityManagerService.java:13302)
12-14 04:00:32.651 W/ActivityManager( 1628): 	at android.app.IActivityManager$Stub.onTransact(IActivityManager.java:2910)
12-14 04:00:32.651 W/ActivityManager( 1628): 	at com.android.server.am.ActivityManagerService.onTransact(ActivityManagerService.java:2935)
12-14 04:00:32.651 W/ActivityManager( 1628): 	at android.os.Binder.execTransact(Binder.java:674)
12-14 04:00:32.685 I/chatty  ( 1734): uid=10028(u0_a28) RenderThread identical 17 lines
12-14 04:00:32.698 D/EGL_emulation( 1734): eglMakeCurrent: 0x89f5e5e0: ver 3 0 (tinfo 0x89f15d10)
12-14 04:00:32.741 V/StatusBar( 1734): setLightsOn(true)
12-14 04:00:32.765 I/zygote  ( 4292): Do partial code cache collection, code=29KB, data=30KB
12-14 04:00:32.765 I/zygote  ( 4292): After code cache collection, code=29KB, data=30KB
12-14 04:00:32.765 I/zygote  ( 4292): Increasing code cache capacity to 128KB
12-14 04:00:32.766 I/zygote  ( 4292): Do partial code cache collection, code=29KB, data=48KB
12-14 04:00:32.770 I/zygote  ( 4292): After code cache collection, code=29KB, data=48KB
12-14 04:00:32.770 I/zygote  ( 4292): Increasing code cache capacity to 256KB
12-14 04:00:32.772 I/zygote  ( 4292): JIT allocated 71KB for compiled code of void android.widget.TextView.<init>(android.content.Context, android.util.AttributeSet, int, int)
12-14 04:00:32.772 I/zygote  ( 4292): Compiler allocated 4MB to compile void android.widget.TextView.<init>(android.content.Context, android.util.AttributeSet, int, int)
12-14 04:00:32.836 V/StatusBar( 1734): setLightsOn(true)
12-14 04:00:32.839 I/chatty  ( 1734): uid=10028(u0_a28) com.android.systemui identical 1 line
12-14 04:00:32.839 V/StatusBar( 1734): setLightsOn(true)
12-14 04:00:32.878 D/gralloc_ranchu( 1395): gralloc_alloc: Creating ashmem region of size 7753728
12-14 04:00:32.901 V/StatusBar( 1734): setLightsOn(true)
12-14 04:00:32.906 D/        ( 4292): HostConnection::get() New Host Connection established 0x9ab30d80, tid 4292
12-14 04:00:32.954 V/StatusBar( 1734): setLightsOn(true)
12-14 04:00:32.955 V/StatusBar( 1734): setLightsOn(true)
12-14 04:00:32.959 I/ActivityManager( 1628): Displayed com.evancharlton.mileage/.Mileage: +545ms
12-14 04:00:32.961 V/StatusBar( 1734): setLightsOn(true)
12-14 04:00:32.981 I/zygote  ( 4292): Do full code cache collection, code=125KB, data=70KB
12-14 04:00:32.982 I/zygote  ( 4292): After code cache collection, code=108KB, data=44KB
12-14 04:00:32.987 V/StatusBar( 1734): setLightsOn(true)
12-14 04:00:32.995 D/gralloc_ranchu( 1395): gralloc_alloc: Creating ashmem region of size 7753728
12-14 04:00:33.089 E/memtrack( 1628): Couldn't load memtrack module
12-14 04:00:33.089 W/android.os.Debug( 1628): failed to get memory consumption info: -1
12-14 04:00:33.165 V/StatusBar( 1734): setLightsOn(true)
12-14 04:00:33.221 I/chatty  ( 1734): uid=10028(u0_a28) com.android.systemui identical 1 line
12-14 04:00:33.224 V/StatusBar( 1734): setLightsOn(true)
12-14 04:00:33.234 W/SurfaceFlinger( 1404): couldn't log to binary event log: overflow.
12-14 04:00:33.265 E/WifiVendorHal( 1628): getTxPktFates(l.1941) failed {.code = ERROR_NOT_SUPPORTED, .description = }
12-14 04:00:33.266 E/WifiVendorHal( 1628): getRxPktFates(l.1981) failed {.code = ERROR_NOT_SUPPORTED, .description = }
