--------- beginning of main
12-14 03:23:29.373 I/chatty  ( 1724): uid=10028(u0_a28) com.android.systemui expire 2 lines
12-14 03:23:29.385 V/StatusBar( 1724): setLightsOn(true)
12-14 03:23:29.388 D/gralloc_ranchu( 1395): gralloc_alloc: Creating ashmem region of size 8298496
12-14 03:23:29.389 V/StatusBar( 1724): setLightsOn(true)
12-14 03:23:29.417 D/gralloc_ranchu( 1395): gralloc_alloc: Creating ashmem region of size 8298496
12-14 03:23:29.440 D/gralloc_ranchu( 1395): gralloc_alloc: Creating ashmem region of size 8298496
12-14 03:23:29.440 D/SurfaceFlinger( 1408): duplicate layer name: changing com.google.android.apps.nexuslauncher/com.google.android.apps.nexuslauncher.NexusLauncherActivity to com.google.android.apps.nexuslauncher/com.google.android.apps.nexuslauncher.NexusLauncherActivity#1
12-14 03:23:29.465 D/gralloc_ranchu( 1395): gralloc_alloc: Creating ashmem region of size 8298496
12-14 03:23:29.511 D/gralloc_ranchu( 1395): gralloc_alloc: Creating ashmem region of size 8298496
12-14 03:23:29.511 D/EGL_emulation( 1724): eglMakeCurrent: 0x8d94d3a0: ver 3 0 (tinfo 0x8d949c40)
12-14 03:23:29.532 D/EGL_emulation( 2187): eglMakeCurrent: 0xa1605ba0: ver 3 0 (tinfo 0xa16037c0)
12-14 03:23:29.573 E/memtrack( 1627): Couldn't load memtrack module
12-14 03:23:29.573 W/android.os.Debug( 1627): failed to get memory consumption info: -1
12-14 03:23:29.574 I/MicroDetectionWorker( 2187): #updateMicroDetector [detectionMode: [mDetectionMode: [1]]]
12-14 03:23:29.574 I/MicroDetectionWorker( 2187): #startMicroDetector [speakerMode: 0]
12-14 03:23:29.575 I/AudioController( 2187): Using mInputStreamFactoryBuilder
12-14 03:23:29.578 I/MicroDetectionWorker( 2187): onReady
12-14 03:23:29.587 D/gralloc_ranchu( 1395): gralloc_alloc: Creating ashmem region of size 8298496
12-14 03:23:29.592 I/MicroRecognitionRunner( 2187): Starting detection.
12-14 03:23:29.595 I/MicrophoneInputStream( 2187): mic_starting com.google.android.apps.gsa.staticplugins.aa.c@180327e
12-14 03:23:29.614 I/MicrophoneInputStream( 2187): mic_started com.google.android.apps.gsa.staticplugins.aa.c@180327e
--------- beginning of system
12-14 03:23:29.617 E/ActivityThread( 2187): Failed to find provider info for com.google.android.apps.gsa.testing.ui.audio.recorded
12-14 03:23:29.617 I/AudioFlinger( 1475): AudioFlinger's thread 0xa9a83180 tid=4280 ready to run
12-14 03:23:29.619 I/MicroDetectionWorker( 2187): onReady
12-14 03:23:29.626 I/MicrophoneInputStream( 2187): mic_close com.google.android.apps.gsa.staticplugins.aa.c@180327e
12-14 03:23:29.626 I/MicroRecognitionRunner( 2187): Detection finished
12-14 03:23:29.627 W/ErrorReporter( 2187): reportError [type: 211, code: 524300]: Error reading from input stream
12-14 03:23:29.627 I/MicroRecognitionRunner( 2187): Stopping hotword detection.
12-14 03:23:29.627 W/ErrorProcessor( 2187): onFatalError, processing error from engine(4)
12-14 03:23:29.627 W/ErrorProcessor( 2187): com.google.android.apps.gsa.shared.speech.b.g: Error reading from input stream
12-14 03:23:29.627 W/ErrorProcessor( 2187): 	at com.google.android.apps.gsa.staticplugins.recognizer.j.a.a(SourceFile:28)
12-14 03:23:29.627 W/ErrorProcessor( 2187): 	at com.google.android.apps.gsa.staticplugins.recognizer.j.b.run(SourceFile:15)
12-14 03:23:29.627 W/ErrorProcessor( 2187): 	at java.util.concurrent.Executors$RunnableAdapter.call(Executors.java:457)
12-14 03:23:29.627 W/ErrorProcessor( 2187): 	at java.util.concurrent.FutureTask.run(FutureTask.java:266)
12-14 03:23:29.627 W/ErrorProcessor( 2187): 	at com.google.android.apps.gsa.shared.util.concurrent.a.ax.run(SourceFile:14)
12-14 03:23:29.627 W/ErrorProcessor( 2187): 	at com.google.android.apps.gsa.shared.util.concurrent.a.bl.run(SourceFile:4)
12-14 03:23:29.627 W/ErrorProcessor( 2187): 	at com.google.android.apps.gsa.shared.util.concurrent.a.bl.run(SourceFile:4)
12-14 03:23:29.627 W/ErrorProcessor( 2187): 	at java.util.concurrent.ThreadPoolExecutor.runWorker(ThreadPoolExecutor.java:1162)
12-14 03:23:29.627 W/ErrorProcessor( 2187): 	at java.util.concurrent.ThreadPoolExecutor$Worker.run(ThreadPoolExecutor.java:636)
12-14 03:23:29.627 W/ErrorProcessor( 2187): 	at java.lang.Thread.run(Thread.java:764)
12-14 03:23:29.627 W/ErrorProcessor( 2187): 	at com.google.android.apps.gsa.shared.util.concurrent.a.ai.run(SourceFile:6)
12-14 03:23:29.627 W/ErrorProcessor( 2187): Caused by: com.google.android.apps.gsa.shared.exception.GsaIOException: Error code: 393238 | Buffer overflow, no available space.
12-14 03:23:29.627 W/ErrorProcessor( 2187): 	at com.google.android.apps.gsa.speech.audio.Tee.f(SourceFile:103)
12-14 03:23:29.627 W/ErrorProcessor( 2187): 	at com.google.android.apps.gsa.speech.audio.au.read(SourceFile:2)
12-14 03:23:29.627 W/ErrorProcessor( 2187): 	at java.io.InputStream.read(InputStream.java:101)
12-14 03:23:29.627 W/ErrorProcessor( 2187): 	at com.google.android.apps.gsa.speech.audio.ao.run(SourceFile:18)
12-14 03:23:29.627 W/ErrorProcessor( 2187): 	at com.google.android.apps.gsa.speech.audio.an.run(SourceFile:2)
12-14 03:23:29.627 W/ErrorProcessor( 2187): 	... 9 more
12-14 03:23:29.627 I/AudioController( 2187): internalShutdown
12-14 03:23:29.649 I/MicroDetector( 2187): Keeping mic open: false
12-14 03:23:29.649 I/MicroDetectionWorker( 2187): #onError(false)
12-14 03:23:29.649 I/DeviceStateChecker( 2187): DeviceStateChecker cancelled
12-14 03:23:29.723 D/EGL_emulation( 2145): eglMakeCurrent: 0x9ec47800: ver 3 0 (tinfo 0x9edffc70)
12-14 03:23:29.753 D/gralloc_ranchu( 1395): gralloc_alloc: Creating ashmem region of size 7753728
12-14 03:23:29.780 D/EGL_emulation( 1724): eglMakeCurrent: 0x8d94d3a0: ver 3 0 (tinfo 0x8d949c40)
12-14 03:23:29.991 I/chatty  ( 1724): uid=10028(u0_a28) RenderThread identical 22 lines
12-14 03:23:29.994 D/EGL_emulation( 1724): eglMakeCurrent: 0x8d94d3a0: ver 3 0 (tinfo 0x8d949c40)
12-14 03:23:30.008 E/memtrack( 1627): Couldn't load memtrack module
12-14 03:23:30.008 W/android.os.Debug( 1627): failed to get memory consumption info: -1
12-14 03:23:30.010 D/EGL_emulation( 1724): eglMakeCurrent: 0x8d94d3a0: ver 3 0 (tinfo 0x8d949c40)
12-14 03:23:30.054 D/AndroidRuntime( 4275): >>>>>> START com.android.internal.os.RuntimeInit uid 2000 <<<<<<
12-14 03:23:30.111 W/app_process( 4275): Unexpected CPU variant for X86 using defaults: x86
12-14 03:23:30.141 D/AndroidRuntime( 4275): Calling main entry com.android.commands.am.Am
12-14 03:23:30.144 I/ActivityManager( 1627): Force stopping com.evancharlton.mileage appid=10406 user=0: start instr
12-14 03:23:30.145 I/ActivityManager( 1627): Killing 4222:com.evancharlton.mileage/u0a406 (adj 0): stop com.evancharlton.mileage
12-14 03:23:30.150 W/ActivityManager( 1627): Crash of app com.evancharlton.mileage running instrumentation ComponentInfo{com.evancharlton.mileage.test/sh.calaba.instrumentationbackend.CalabashInstrumentationTestRunner}
12-14 03:23:30.151 I/ActivityManager( 1627): Force stopping com.evancharlton.mileage appid=10406 user=0: finished inst
12-14 03:23:30.157 I/ActivityManager( 1627): Start proc 4289:com.evancharlton.mileage/u0a406 for added application com.evancharlton.mileage
12-14 03:23:30.158 D/AndroidRuntime( 4275): Shutting down VM
12-14 03:23:30.161 I/zygote  ( 4289): Not late-enabling -Xcheck:jni (already on)
12-14 03:23:30.181 W/OpenGLRenderer( 2145): Incorrectly called buildLayer on View: ShortcutAndWidgetContainer, destroying layer...
12-14 03:23:30.191 W/zygote  ( 4289): Unexpected CPU variant for X86 using defaults: x86
12-14 03:23:30.218 E/adbd    ( 1382): failed to connect to socket 'tcp:7102': Connection refused
12-14 03:23:30.220 W/ActivityManager( 1627): setHasOverlayUi called on unknown pid: 4222
12-14 03:23:30.223 E/adbd    ( 1382): failed to connect to socket 'tcp:7102': Connection refused
12-14 03:23:30.227 I/OpenGLRenderer( 1627): Initialized EGL, version 1.4
12-14 03:23:30.228 D/OpenGLRenderer( 1627): Swap behavior 1
12-14 03:23:30.228 W/OpenGLRenderer( 1627): Failed to choose config with EGL_SWAP_BEHAVIOR_PRESERVED, retrying without...
12-14 03:23:30.228 D/OpenGLRenderer( 1627): Swap behavior 0
12-14 03:23:30.234 W/zygote  ( 4289): Found duplicate classes, falling back to extracting from APK : /data/app/com.evancharlton.mileage.test-x_vQRGZ7Yd2nRWZA-iqwIA==/base.apk
12-14 03:23:30.234 W/zygote  ( 4289): NOTE: This wastes RAM and hurts startup performance.
12-14 03:23:30.234 W/zygote  ( 4289): Found duplicated class when checking oat files: 'Ljunit/runner/BaseTestRunner;' in /data/app/com.evancharlton.mileage.test-x_vQRGZ7Yd2nRWZA-iqwIA==/base.apk and /system/framework/android.test.runner.jar
12-14 03:23:30.234 W/zygote  ( 4289): 
12-14 03:23:30.235 D/EGL_emulation( 1627): eglCreateContext: 0xa1605ae0: maj 3 min 0 rcv 3
12-14 03:23:30.237 D/EGL_emulation( 1627): eglMakeCurrent: 0xa1605ae0: ver 3 0 (tinfo 0x8d088c10)
12-14 03:23:30.238 E/eglCodecCommon( 1627): glUtilsParamSize: unknow param 0x00008cdf
12-14 03:23:30.238 E/eglCodecCommon( 1627): glUtilsParamSize: unknow param 0x00008cdf
12-14 03:23:30.238 E/eglCodecCommon( 1627): glUtilsParamSize: unknow param 0x00008824
12-14 03:23:30.238 E/eglCodecCommon( 1627): glUtilsParamSize: unknow param 0x00008824
12-14 03:23:30.290 W/System  ( 4289): ClassLoader referenced unknown path: 
12-14 03:23:30.312 I/System.out( 4289): Main activity name automatically set to: com.evancharlton.mileage.Mileage
12-14 03:23:30.315 I/System.out( 4289): Calabash did not load Mono. This is only a problem if you are trying to test a Mono application
12-14 03:23:30.315 I/calabash( 4289): Test server port: 7102
12-14 03:23:30.317 I/InstrumentationBackend( 4289): Added:'GetPreferences', with key:'get_preferences'
12-14 03:23:30.336 E/adbd    ( 1382): failed to connect to socket 'tcp:7102': Connection refused
12-14 03:23:30.361 E/adbd    ( 1382): failed to connect to socket 'tcp:7102': Connection refused
12-14 03:23:30.397 I/InstrumentationBackend( 4289): Added:'SetPreferences', with key:'set_preferences'
12-14 03:23:30.397 I/InstrumentationBackend( 4289): Added:'ClearPreferences', with key:'clear_preferences'
12-14 03:23:30.397 I/InstrumentationBackend( 4289): Added:'PressElement', with key:'press_l10n_element'
12-14 03:23:30.398 I/InstrumentationBackend( 4289): Added:'WaitForElement', with key:'wait_for_l10n_element'
12-14 03:23:30.398 I/InstrumentationBackend( 4289): Added:'NullAction', with key:'nullAction'
12-14 03:23:30.399 I/InstrumentationBackend( 4289): Added:'PressKey', with key:'press_key'
12-14 03:23:30.399 I/InstrumentationBackend( 4289): Added:'SetActivityOrientation', with key:'set_activity_orientation'
12-14 03:23:30.399 I/InstrumentationBackend( 4289): Added:'GetActivityOrientation', with key:'get_activity_orientation'
12-14 03:23:30.400 I/InstrumentationBackend( 4289): Added:'FakeGPSLocation', with key:'set_gps_coordinates'
12-14 03:23:30.400 I/InstrumentationBackend( 4289): Added:'SetPropertyByCssSelector', with key:'set_property_by_css_selector'
12-14 03:23:30.401 I/InstrumentationBackend( 4289): Added:'GetUrl', with key:'get_url'
12-14 03:23:30.404 I/InstrumentationBackend( 4289): Added:'ScrollTo', with key:'scroll_to'
12-14 03:23:30.404 I/InstrumentationBackend( 4289): Added:'GetLoadProgress', with key:'get_load_progress'
12-14 03:23:30.405 I/InstrumentationBackend( 4289): Added:'DumpHtml', with key:'dump_html'
12-14 03:23:30.405 I/InstrumentationBackend( 4289): Added:'DumpBodyHtml', with key:'dump_body_html'
12-14 03:23:30.405 I/InstrumentationBackend( 4289): Added:'EnterTextByCssSelector', with key:'enter_text_by_selector'
12-14 03:23:30.409 I/InstrumentationBackend( 4289): Added:'AndroidSDKVersion', with key:'android_sdk_version'
12-14 03:23:30.409 I/InstrumentationBackend( 4289): Added:'Version', with key:'version'
12-14 03:23:30.409 I/InstrumentationBackend( 4289): Added:'Drag', with key:'drag'
12-14 03:23:30.410 I/InstrumentationBackend( 4289): Added:'TouchCoordinates', with key:'touch_coordinate'
12-14 03:23:30.410 I/InstrumentationBackend( 4289): Added:'LongPressCoordinate', with key:'long_press_coordinate'
12-14 03:23:30.410 I/InstrumentationBackend( 4289): Added:'DragCoordinates', with key:'drag_coordinates'
12-14 03:23:30.410 I/InstrumentationBackend( 4289): Added:'ResumeApplication', with key:'resume_application'
12-14 03:23:30.411 I/InstrumentationBackend( 4289): Added:'Swipe', with key:'swipe'
12-14 03:23:30.411 I/InstrumentationBackend( 4289): Added:'DoubleTapCoordinate', with key:'double_tap_coordinate'
12-14 03:23:30.411 I/InstrumentationBackend( 4289): Added:'ClickOnScreen', with key:'click_on_screen'
12-14 03:23:30.413 I/InstrumentationBackend( 4289): Added:'GetActivityName', with key:'get_activity_name'
12-14 03:23:30.413 I/InstrumentationBackend( 4289): Added:'ScrollToView', with key:'scroll_to_view'
12-14 03:23:30.414 I/InstrumentationBackend( 4289): Added:'ViewConfiguration', with key:'view_configuration'
12-14 03:23:30.414 I/InstrumentationBackend( 4289): Added:'IsCurrentActivityFocused', with key:'is_current_activity_focused'
12-14 03:23:30.415 I/InstrumentationBackend( 4289): Added:'SendTcp', with key:'send_tcp'
12-14 03:23:30.415 I/InstrumentationBackend( 4289): Added:'DpToDevicePixel', with key:'dp_to_device_pixel'
12-14 03:23:30.416 I/InstrumentationBackend( 4289): Added:'KeyboardEnterText', with key:'keyboard_enter_text'
12-14 03:23:30.416 I/InstrumentationBackend( 4289): Added:'DeleteSurroundingText', with key:'delete_surrounding_text'
12-14 03:23:30.417 I/InstrumentationBackend( 4289): Added:'SetComposingRegion', with key:'set_composing_region'
12-14 03:23:30.417 I/InstrumentationBackend( 4289): Added:'SetSelection', with key:'set_selection'
12-14 03:23:30.417 I/InstrumentationBackend( 4289): Added:'KeyboardKeyEvent', with key:'keyboard_key_event'
12-14 03:23:30.418 I/InstrumentationBackend( 4289): Added:'PressUserActionButton', with key:'press_user_action_button'
12-14 03:23:30.419 I/InstrumentationBackend( 4289): Added:'HideSoftKeyboard', with key:'hide_soft_keyboard'
12-14 03:23:30.420 I/InstrumentationBackend( 4289): Added:'ListActions', with key:'list_actions'
12-14 03:23:30.420 I/calabash( 4289): Instantiating http server at 7102
12-14 03:23:30.421 I/System.out( 4289): HTTP Daemon listening on: 7102
12-14 03:23:30.477 I/System.out( 4289): URI: //ping
12-14 03:23:30.478 I/System.out( 4289): params: {json={}
12-14 03:23:30.478 I/System.out( 4289): }
12-14 03:23:30.487 I/System.out( 4289): URI: //ping
12-14 03:23:30.487 I/System.out( 4289): params: {json={}
12-14 03:23:30.487 I/System.out( 4289): }
12-14 03:23:30.494 I/System.out( 4289): URI: //ready
12-14 03:23:30.494 I/System.out( 4289): params: {json={}
12-14 03:23:30.494 I/System.out( 4289): }
12-14 03:23:30.501 I/System.out( 4289): URI: //
12-14 03:23:30.502 I/System.out( 4289): params: {json={"command":"version","arguments":[]}
12-14 03:23:30.502 I/System.out( 4289): }
12-14 03:23:30.502 I/System.out( 4289): header: {content-type=application/json;charset=utf-8, date=Mon, 14 Dec 2020 08:23:30 GMT, accept=*/*, host=127.0.0.1:34777, content-length=36, user-agent=HTTPClient/1.0 (2.8.3, ruby 2.5.8 (2020-03-31))}
12-14 03:23:30.502 I/System.out( 4289): params: {json={"command":"version","arguments":[]}
12-14 03:23:30.502 I/System.out( 4289): }
12-14 03:23:30.502 I/System.out( 4289): ProP json = {"command":"version","arguments":[]}
12-14 03:23:30.502 I/System.out( 4289): files: {}
12-14 03:23:30.502 I/System.out( 4289): command: {"command":"version","arguments":[]}
12-14 03:23:30.536 I/InstrumentationBackend( 4289): Got command:'Command:'Line:null,version', arguments:'[]'
12-14 03:23:30.572 I/System.out( 4289): result:{"bonusInformation":[],"message":"0.9.8","success":true}
12-14 03:23:30.578 I/System.out( 4289): URI: //start-application
12-14 03:23:30.578 I/System.out( 4289): params: {json={"intent":null}
12-14 03:23:30.578 I/System.out( 4289): }
12-14 03:23:30.583 E/WifiVendorHal( 1627): getTxPktFates(l.1941) failed {.code = ERROR_NOT_SUPPORTED, .description = }
12-14 03:23:30.584 E/WifiVendorHal( 1627): getRxPktFates(l.1981) failed {.code = ERROR_NOT_SUPPORTED, .description = }
12-14 03:23:30.620 I/ActivityManager( 1627): START u0 {act=android.intent.action.MAIN cat=[android.intent.category.LAUNCHER] flg=0x10200000 cmp=com.evancharlton.mileage/.Mileage} from uid 10406
12-14 03:23:30.632 E/memtrack( 1627): Couldn't load memtrack module
12-14 03:23:30.632 W/android.os.Debug( 1627): failed to get memory consumption info: -1
12-14 03:23:30.635 I/calabash( 4289): newActivity1
12-14 03:23:30.651 D/gralloc_ranchu( 1395): gralloc_alloc: Creating ashmem region of size 7753728
12-14 03:23:30.682 W/ActivityManager( 1627): Bad activity token: android.os.BinderProxy@95fd3f6
12-14 03:23:30.682 W/ActivityManager( 1627): java.lang.ClassCastException: android.os.BinderProxy cannot be cast to com.android.server.am.ActivityRecord$Token
12-14 03:23:30.682 W/ActivityManager( 1627): 	at com.android.server.am.ActivityRecord.forTokenLocked(ActivityRecord.java:778)
12-14 03:23:30.682 W/ActivityManager( 1627): 	at com.android.server.am.ActivityRecord.isInStackLocked(ActivityRecord.java:2085)
12-14 03:23:30.682 W/ActivityManager( 1627): 	at com.android.server.am.ActivityRecord.getStackLocked(ActivityRecord.java:2090)
12-14 03:23:30.682 W/ActivityManager( 1627): 	at com.android.server.am.ActivityManagerService.getActivityDisplayId(ActivityManagerService.java:10406)
12-14 03:23:30.682 W/ActivityManager( 1627): 	at android.app.IActivityManager$Stub.onTransact(IActivityManager.java:2738)
12-14 03:23:30.682 W/ActivityManager( 1627): 	at com.android.server.am.ActivityManagerService.onTransact(ActivityManagerService.java:2935)
12-14 03:23:30.682 W/ActivityManager( 1627): 	at android.os.Binder.execTransact(Binder.java:674)
12-14 03:23:30.683 I/calabash( 4289): newActivity1
12-14 03:23:30.689 W/ActivityManager( 1627): Bad activity token: android.os.BinderProxy@95fd3f6
12-14 03:23:30.689 W/ActivityManager( 1627): java.lang.ClassCastException: android.os.BinderProxy cannot be cast to com.android.server.am.ActivityRecord$Token
12-14 03:23:30.689 W/ActivityManager( 1627): 	at com.android.server.am.ActivityRecord.forTokenLocked(ActivityRecord.java:778)
12-14 03:23:30.689 W/ActivityManager( 1627): 	at com.android.server.am.ActivityRecord.isInStackLocked(ActivityRecord.java:2085)
12-14 03:23:30.689 W/ActivityManager( 1627): 	at com.android.server.am.ActivityManagerService.setTaskDescription(ActivityManagerService.java:9988)
12-14 03:23:30.689 W/ActivityManager( 1627): 	at android.app.IActivityManager$Stub.onTransact(IActivityManager.java:2824)
12-14 03:23:30.689 W/ActivityManager( 1627): 	at com.android.server.am.ActivityManagerService.onTransact(ActivityManagerService.java:2935)
12-14 03:23:30.689 W/ActivityManager( 1627): 	at android.os.Binder.execTransact(Binder.java:674)
12-14 03:23:30.689 W/ActivityManager( 1627): Bad activity token: android.os.BinderProxy@95fd3f6
12-14 03:23:30.689 W/ActivityManager( 1627): java.lang.ClassCastException: android.os.BinderProxy cannot be cast to com.android.server.am.ActivityRecord$Token
12-14 03:23:30.689 W/ActivityManager( 1627): 	at com.android.server.am.ActivityRecord.forTokenLocked(ActivityRecord.java:778)
12-14 03:23:30.689 W/ActivityManager( 1627): 	at com.android.server.am.ActivityRecord.isInStackLocked(ActivityRecord.java:2085)
12-14 03:23:30.689 W/ActivityManager( 1627): 	at com.android.server.am.ActivityRecord.getStackLocked(ActivityRecord.java:2090)
12-14 03:23:30.689 W/ActivityManager( 1627): 	at com.android.server.am.ActivityManagerService.getActivityStackId(ActivityManagerService.java:10417)
12-14 03:23:30.689 W/ActivityManager( 1627): 	at android.app.IActivityManager$Stub.onTransact(IActivityManager.java:3548)
12-14 03:23:30.689 W/ActivityManager( 1627): 	at com.android.server.am.ActivityManagerService.onTransact(ActivityManagerService.java:2935)
12-14 03:23:30.689 W/ActivityManager( 1627): 	at android.os.Binder.execTransact(Binder.java:674)
12-14 03:23:30.700 D/EGL_emulation( 2187): eglMakeCurrent: 0xa1605ba0: ver 3 0 (tinfo 0xa16037c0)
12-14 03:23:30.700 D/EGL_emulation( 2145): eglMakeCurrent: 0x9ec47800: ver 3 0 (tinfo 0x9edffc70)
12-14 03:23:30.718 D/EGL_emulation( 1724): eglMakeCurrent: 0x8d94d3a0: ver 3 0 (tinfo 0x8d949c40)
12-14 03:23:30.735 E/ContentStoreEUAS( 2187): Failed to commit the deferred actions
12-14 03:23:30.740 D/EGL_emulation( 1724): eglMakeCurrent: 0x8d94d3a0: ver 3 0 (tinfo 0x8d949c40)
12-14 03:23:30.744 D/EGL_emulation( 1724): eglMakeCurrent: 0x8d94d3a0: ver 3 0 (tinfo 0x8d949c40)
12-14 03:23:30.746 V/StatusBar( 1724): setLightsOn(true)
12-14 03:23:30.751 D/EGL_emulation( 1724): eglMakeCurrent: 0x8d94d3a0: ver 3 0 (tinfo 0x8d949c40)
12-14 03:23:30.859 W/ActivityManager( 1627): Bad activity token: android.os.BinderProxy@95fd3f6
12-14 03:23:30.859 W/ActivityManager( 1627): java.lang.ClassCastException: android.os.BinderProxy cannot be cast to com.android.server.am.ActivityRecord$Token
12-14 03:23:30.859 W/ActivityManager( 1627): 	at com.android.server.am.ActivityRecord.forTokenLocked(ActivityRecord.java:778)
12-14 03:23:30.859 W/ActivityManager( 1627): 	at com.android.server.am.ActivityRecord.isInStackLocked(ActivityRecord.java:2085)
12-14 03:23:30.859 W/ActivityManager( 1627): 	at com.android.server.am.ActivityManagerService.getActivityOptions(ActivityManagerService.java:13302)
12-14 03:23:30.859 W/ActivityManager( 1627): 	at android.app.IActivityManager$Stub.onTransact(IActivityManager.java:2910)
12-14 03:23:30.859 W/ActivityManager( 1627): 	at com.android.server.am.ActivityManagerService.onTransact(ActivityManagerService.java:2935)
12-14 03:23:30.859 W/ActivityManager( 1627): 	at android.os.Binder.execTransact(Binder.java:674)
12-14 03:23:30.860 W/ActivityManager( 1627): Bad activity token: android.os.BinderProxy@95fd3f6
12-14 03:23:30.860 W/ActivityManager( 1627): java.lang.ClassCastException: android.os.BinderProxy cannot be cast to com.android.server.am.ActivityRecord$Token
12-14 03:23:30.860 W/ActivityManager( 1627): 	at com.android.server.am.ActivityRecord.forTokenLocked(ActivityRecord.java:778)
12-14 03:23:30.860 W/ActivityManager( 1627): 	at com.android.server.am.ActivityRecord.isInStackLocked(ActivityRecord.java:2085)
12-14 03:23:30.860 W/ActivityManager( 1627): 	at com.android.server.am.ActivityManagerService.getActivityOptions(ActivityManagerService.java:13302)
12-14 03:23:30.860 W/ActivityManager( 1627): 	at android.app.IActivityManager$Stub.onTransact(IActivityManager.java:2910)
12-14 03:23:30.860 W/ActivityManager( 1627): 	at com.android.server.am.ActivityManagerService.onTransact(ActivityManagerService.java:2935)
12-14 03:23:30.860 W/ActivityManager( 1627): 	at android.os.Binder.execTransact(Binder.java:674)
12-14 03:23:30.910 I/chatty  ( 1724): uid=10028(u0_a28) RenderThread identical 19 lines
12-14 03:23:30.922 D/EGL_emulation( 1724): eglMakeCurrent: 0x8d94d3a0: ver 3 0 (tinfo 0x8d949c40)
12-14 03:23:30.936 V/StatusBar( 1724): setLightsOn(true)
12-14 03:23:31.000 I/chatty  ( 1724): uid=10028(u0_a28) com.android.systemui identical 2 lines
12-14 03:23:31.004 V/StatusBar( 1724): setLightsOn(true)
12-14 03:23:31.008 I/zygote  ( 4289): Do partial code cache collection, code=28KB, data=30KB
12-14 03:23:31.009 I/zygote  ( 4289): After code cache collection, code=28KB, data=30KB
12-14 03:23:31.009 I/zygote  ( 4289): Increasing code cache capacity to 128KB
12-14 03:23:31.010 I/zygote  ( 4289): Do partial code cache collection, code=28KB, data=48KB
12-14 03:23:31.011 I/zygote  ( 4289): After code cache collection, code=28KB, data=48KB
12-14 03:23:31.011 I/zygote  ( 4289): Increasing code cache capacity to 256KB
12-14 03:23:31.015 I/zygote  ( 4289): JIT allocated 71KB for compiled code of void android.widget.TextView.<init>(android.content.Context, android.util.AttributeSet, int, int)
12-14 03:23:31.015 I/zygote  ( 4289): Compiler allocated 4MB to compile void android.widget.TextView.<init>(android.content.Context, android.util.AttributeSet, int, int)
12-14 03:23:31.048 D/gralloc_ranchu( 1395): gralloc_alloc: Creating ashmem region of size 7753728
12-14 03:23:31.074 D/        ( 4289): HostConnection::get() New Host Connection established 0x9ea30c00, tid 4289
12-14 03:23:31.127 V/StatusBar( 1724): setLightsOn(true)
12-14 03:23:31.129 V/StatusBar( 1724): setLightsOn(true)
12-14 03:23:31.136 I/ActivityManager( 1627): Displayed com.evancharlton.mileage/.Mileage: +504ms
12-14 03:23:31.140 V/StatusBar( 1724): setLightsOn(true)
12-14 03:23:31.167 D/gralloc_ranchu( 1395): gralloc_alloc: Creating ashmem region of size 7753728
12-14 03:23:31.323 V/StatusBar( 1724): setLightsOn(true)
