--------- beginning of main
12-14 03:02:22.622 W/audio_hw_generic( 1391): Not supplying enough data to HAL, expected position 839217 , only wrote 599040
12-14 03:02:22.628 D/gralloc_ranchu( 1397): gralloc_alloc: Creating ashmem region of size 8298496
12-14 03:02:22.711 E/IPCThreadState( 1409): binder thread pool (4 threads) starved for 217 ms
12-14 03:02:22.713 D/gralloc_ranchu( 1397): gralloc_alloc: Creating ashmem region of size 8298496
12-14 03:02:22.717 I/NetworkScheduler.Stats( 1940): Task com.google.android.gms/com.google.android.gms.icing.service.IcingGcmTaskService started execution. cause:4 exec_start_elapsed_seconds: 87 [CONTEXT service_id=218 ]
12-14 03:02:22.791 I/Finsky  ( 2558): [115] nmi.run(36): Stats for Executor: BlockingExecutor non@cad2706[Running, pool size = 2, active threads = 0, queued tasks = 0, completed tasks = 17]
12-14 03:02:22.792 I/Finsky  ( 2558): [115] nmi.run(36): Stats for Executor: LightweightExecutor non@c41a1c7[Running, pool size = 2, active threads = 0, queued tasks = 0, completed tasks = 71]
12-14 03:02:22.813 D/gralloc_ranchu( 1397): gralloc_alloc: Creating ashmem region of size 8298496
12-14 03:02:22.826 I/chatty  ( 1397): uid=1000(system) allocator@2.0-s identical 1 line
12-14 03:02:22.891 D/gralloc_ranchu( 1397): gralloc_alloc: Creating ashmem region of size 8298496
12-14 03:02:22.900 D/EGL_emulation( 2172): eglMakeCurrent: 0x9d384840: ver 3 0 (tinfo 0x9d383490)
12-14 03:02:22.942 I/NetworkScheduler.Stats( 1940): Task com.google.android.gms/com.google.android.gms.ads.social.GcmSchedulerWakeupService started execution. cause:4 exec_start_elapsed_seconds: 87 [CONTEXT service_id=218 ]
12-14 03:02:22.962 D/gralloc_ranchu( 1397): gralloc_alloc: Creating ashmem region of size 8298496
12-14 03:02:22.995 I/NetworkScheduler.Stats( 1940): Task com.google.android.gms/com.google.android.gms.icing.service.IcingGcmTaskService finished executing. cause:4 result: 1 elapsed_millis: 515 uptime_millis: 515 exec_start_elapsed_seconds: 87 [CONTEXT service_id=218 ]
12-14 03:02:23.007 I/NetworkScheduler.Stats( 1940): Task com.google.android.gms/com.google.android.gms.ads.social.GcmSchedulerWakeupService finished executing. cause:4 result: 1 elapsed_millis: 172 uptime_millis: 172 exec_start_elapsed_seconds: 87 [CONTEXT service_id=218 ]
12-14 03:02:23.068 D/EGL_emulation( 2144): eglMakeCurrent: 0x9aefcb40: ver 3 0 (tinfo 0x9aeff8e0)
12-14 03:02:23.078 D/gralloc_ranchu( 1397): gralloc_alloc: Creating ashmem region of size 8298496
--------- beginning of system
12-14 03:02:23.140 W/ActivityManager( 1628): Unable to start service Intent { act=com.google.android.gms.speech.service.START pkg=com.google.android.gms } U=0: not found
12-14 03:02:23.144 W/ActivityManager( 1628): Unbind failed: could not find connection for android.os.BinderProxy@9ee65b6
12-14 03:02:23.145 E/GmsClient( 2172): unable to connect to service: com.google.android.gms.speech.service.START on com.google.android.gms
12-14 03:02:23.150 W/SessionLifecycleManager( 2172): Handover failed. Creating new session controller.
12-14 03:02:23.161 I/OptInState( 2172): There is a new client and it does not support opt-in. Dropping request.
12-14 03:02:23.170 I/zygote  ( 2172): Deoptimizing int[] com.google.common.collect.gx.b(java.lang.Object[], int, int, int) due to JIT inline cache
12-14 03:02:23.183 D/gralloc_ranchu( 1397): gralloc_alloc: Creating ashmem region of size 7753728
12-14 03:02:23.378 D/EGL_emulation( 1727): eglMakeCurrent: 0x9d384840: ver 3 0 (tinfo 0x9d3833d0)
12-14 03:02:23.431 D/EGL_emulation( 1727): eglMakeCurrent: 0x9d384840: ver 3 0 (tinfo 0x9d3833d0)
12-14 03:02:23.437 W/OpenGLRenderer( 2144): Incorrectly called buildLayer on View: ShortcutAndWidgetContainer, destroying layer...
12-14 03:02:23.457 I/MicroDetectionWorker( 2172): #updateMicroDetector [detectionMode: [mDetectionMode: [1]]]
12-14 03:02:23.457 I/MicroDetectionWorker( 2172): #startMicroDetector [speakerMode: 0]
12-14 03:02:23.458 I/AudioController( 2172): Using mInputStreamFactoryBuilder
12-14 03:02:23.463 D/gralloc_ranchu( 1397): gralloc_alloc: Creating ashmem region of size 8298496
12-14 03:02:23.482 I/MicroRecognitionRunner( 2172): Starting detection.
12-14 03:02:23.483 I/MicrophoneInputStream( 2172): mic_starting com.google.android.apps.gsa.staticplugins.aa.c@be15329
12-14 03:02:23.487 I/MicroDetectionWorker( 2172): onReady
12-14 03:02:23.503 I/MicrophoneInputStream( 2172): mic_started com.google.android.apps.gsa.staticplugins.aa.c@be15329
12-14 03:02:23.504 E/ActivityThread( 2172): Failed to find provider info for com.google.android.apps.gsa.testing.ui.audio.recorded
12-14 03:02:23.504 I/MicroDetectionWorker( 2172): onReady
12-14 03:02:23.512 I/AudioFlinger( 1476): AudioFlinger's thread 0xac1acb80 tid=4536 ready to run
12-14 03:02:23.515 W/SpeechLevelGenerator( 2172): Really low audio levels detected. The audio input may have issues.
12-14 03:02:23.524 I/MicrophoneInputStream( 2172): mic_close com.google.android.apps.gsa.staticplugins.aa.c@be15329
12-14 03:02:23.527 I/MicroRecognitionRunner( 2172): Detection finished
12-14 03:02:23.528 W/ErrorReporter( 2172): reportError [type: 211, code: 524300]: Error reading from input stream
12-14 03:02:23.530 I/MicroRecognitionRunner( 2172): Stopping hotword detection.
12-14 03:02:23.539 D/EGL_emulation( 1727): eglMakeCurrent: 0x9d384840: ver 3 0 (tinfo 0x9d3833d0)
12-14 03:02:23.556 D/EGL_emulation( 1727): eglMakeCurrent: 0x9d384840: ver 3 0 (tinfo 0x9d3833d0)
12-14 03:02:23.572 I/Finsky  ( 2558): [115] nmi.run(36): Stats for Executor: bgExecutor non@e26b3f4[Running, pool size = 4, active threads = 0, queued tasks = 0, completed tasks = 76]
12-14 03:02:23.580 D/EGL_emulation( 1727): eglMakeCurrent: 0x9d384840: ver 3 0 (tinfo 0x9d3833d0)
12-14 03:02:23.586 I/chatty  ( 1727): uid=10028(u0_a28) RenderThread identical 1 line
12-14 03:02:23.596 D/EGL_emulation( 1727): eglMakeCurrent: 0x9d384840: ver 3 0 (tinfo 0x9d3833d0)
12-14 03:02:23.600 W/ErrorProcessor( 2172): onFatalError, processing error from engine(4)
12-14 03:02:23.600 W/ErrorProcessor( 2172): com.google.android.apps.gsa.shared.speech.b.g: Error reading from input stream
12-14 03:02:23.600 W/ErrorProcessor( 2172): 	at com.google.android.apps.gsa.staticplugins.recognizer.j.a.a(SourceFile:28)
12-14 03:02:23.600 W/ErrorProcessor( 2172): 	at com.google.android.apps.gsa.staticplugins.recognizer.j.b.run(SourceFile:15)
12-14 03:02:23.600 W/ErrorProcessor( 2172): 	at java.util.concurrent.Executors$RunnableAdapter.call(Executors.java:457)
12-14 03:02:23.600 W/ErrorProcessor( 2172): 	at java.util.concurrent.FutureTask.run(FutureTask.java:266)
12-14 03:02:23.600 W/ErrorProcessor( 2172): 	at com.google.android.apps.gsa.shared.util.concurrent.a.ax.run(SourceFile:14)
12-14 03:02:23.600 W/ErrorProcessor( 2172): 	at com.google.android.apps.gsa.shared.util.concurrent.a.bl.run(SourceFile:4)
12-14 03:02:23.600 W/ErrorProcessor( 2172): 	at com.google.android.apps.gsa.shared.util.concurrent.a.bl.run(SourceFile:4)
12-14 03:02:23.600 W/ErrorProcessor( 2172): 	at java.util.concurrent.ThreadPoolExecutor.runWorker(ThreadPoolExecutor.java:1162)
12-14 03:02:23.600 W/ErrorProcessor( 2172): 	at java.util.concurrent.ThreadPoolExecutor$Worker.run(ThreadPoolExecutor.java:636)
12-14 03:02:23.600 W/ErrorProcessor( 2172): 	at java.lang.Thread.run(Thread.java:764)
12-14 03:02:23.600 W/ErrorProcessor( 2172): 	at com.google.android.apps.gsa.shared.util.concurrent.a.ai.run(SourceFile:6)
12-14 03:02:23.600 W/ErrorProcessor( 2172): Caused by: com.google.android.apps.gsa.shared.exception.GsaIOException: Error code: 393238 | Buffer overflow, no available space.
12-14 03:02:23.600 W/ErrorProcessor( 2172): 	at com.google.android.apps.gsa.speech.audio.Tee.f(SourceFile:103)
12-14 03:02:23.600 W/ErrorProcessor( 2172): 	at com.google.android.apps.gsa.speech.audio.au.read(SourceFile:2)
12-14 03:02:23.600 W/ErrorProcessor( 2172): 	at java.io.InputStream.read(InputStream.java:101)
12-14 03:02:23.600 W/ErrorProcessor( 2172): 	at com.google.android.apps.gsa.speech.audio.ao.run(SourceFile:18)
12-14 03:02:23.600 W/ErrorProcessor( 2172): 	at com.google.android.apps.gsa.speech.audio.an.run(SourceFile:2)
12-14 03:02:23.600 W/ErrorProcessor( 2172): 	... 9 more
12-14 03:02:23.600 I/AudioController( 2172): internalShutdown
12-14 03:02:23.612 I/MicroDetector( 2172): Keeping mic open: false
12-14 03:02:23.612 I/MicroDetectionWorker( 2172): #onError(false)
12-14 03:02:23.612 I/DeviceStateChecker( 2172): DeviceStateChecker cancelled
12-14 03:02:23.626 I/zygote  ( 1727): NativeAllocBackground concurrent copying GC freed 11317(743KB) AllocSpace objects, 0(0B) LOS objects, 49% free, 4MB/9MB, paused 1.361ms total 255.406ms
12-14 03:02:23.650 I/zygote  ( 2172): Background concurrent copying GC freed 7339(512KB) AllocSpace objects, 7(188KB) LOS objects, 49% free, 4MB/8MB, paused 1.753ms total 165.565ms
12-14 03:02:23.700 I/NetworkScheduler.Stats( 1940): Task com.google.android.gms/com.google.android.gms.clearcut.uploader.QosUploaderService started execution. cause:5 exec_start_elapsed_seconds: 87 [CONTEXT service_id=218 ]
12-14 03:02:23.754 D/AndroidRuntime( 4530): >>>>>> START com.android.internal.os.RuntimeInit uid 2000 <<<<<<
12-14 03:02:23.786 I/OpenGLRenderer( 1628): Initialized EGL, version 1.4
12-14 03:02:23.786 D/OpenGLRenderer( 1628): Swap behavior 1
12-14 03:02:23.786 W/OpenGLRenderer( 1628): Failed to choose config with EGL_SWAP_BEHAVIOR_PRESERVED, retrying without...
12-14 03:02:23.786 D/OpenGLRenderer( 1628): Swap behavior 0
12-14 03:02:23.790 I/NetworkScheduler.Stats( 1940): Task com.google.android.gms/com.google.android.gms.clearcut.uploader.QosUploaderService finished executing. cause:5 result: 1 elapsed_millis: 598 uptime_millis: 598 exec_start_elapsed_seconds: 87 [CONTEXT service_id=218 ]
12-14 03:02:23.793 E/memtrack( 1628): Couldn't load memtrack module
12-14 03:02:23.793 W/android.os.Debug( 1628): failed to get memory consumption info: -1
12-14 03:02:23.799 D/EGL_emulation( 1628): eglCreateContext: 0x9d384d20: maj 3 min 0 rcv 3
12-14 03:02:23.801 D/EGL_emulation( 1628): eglMakeCurrent: 0x9d384d20: ver 3 0 (tinfo 0x8c641110)
12-14 03:02:23.803 E/eglCodecCommon( 1628): glUtilsParamSize: unknow param 0x00008cdf
12-14 03:02:23.803 E/eglCodecCommon( 1628): glUtilsParamSize: unknow param 0x00008cdf
12-14 03:02:23.803 E/eglCodecCommon( 1628): glUtilsParamSize: unknow param 0x00008824
12-14 03:02:23.804 E/eglCodecCommon( 1628): glUtilsParamSize: unknow param 0x00008824
12-14 03:02:23.843 W/app_process( 4530): Unexpected CPU variant for X86 using defaults: x86
12-14 03:02:23.864 D/AndroidRuntime( 4530): Calling main entry com.android.commands.am.Am
12-14 03:02:23.866 I/ActivityManager( 1628): Force stopping com.evancharlton.mileage appid=10384 user=0: start instr
12-14 03:02:23.866 I/ActivityManager( 1628): Killing 4442:com.evancharlton.mileage/u0a384 (adj 0): stop com.evancharlton.mileage
12-14 03:02:23.870 W/ActivityManager( 1628): Crash of app com.evancharlton.mileage running instrumentation ComponentInfo{com.evancharlton.mileage.test/sh.calaba.instrumentationbackend.CalabashInstrumentationTestRunner}
12-14 03:02:23.870 I/ActivityManager( 1628): Force stopping com.evancharlton.mileage appid=10384 user=0: finished inst
12-14 03:02:23.879 I/zygote  ( 4546): Not late-enabling -Xcheck:jni (already on)
12-14 03:02:23.885 I/ActivityManager( 1628): Start proc 4546:com.evancharlton.mileage/u0a384 for added application com.evancharlton.mileage
12-14 03:02:23.886 W/ActivityManager( 1628): setHasOverlayUi called on unknown pid: 4442
12-14 03:02:23.892 W/zygote  ( 4546): Unexpected CPU variant for X86 using defaults: x86
12-14 03:02:23.895 D/AndroidRuntime( 4530): Shutting down VM
12-14 03:02:23.929 E/adbd    ( 1358): failed to connect to socket 'tcp:7102': Connection refused
12-14 03:02:23.933 W/zygote  ( 4546): Found duplicate classes, falling back to extracting from APK : /data/app/com.evancharlton.mileage.test-zSGt3XUnJhpDGOvtDE447w==/base.apk
12-14 03:02:23.933 W/zygote  ( 4546): NOTE: This wastes RAM and hurts startup performance.
12-14 03:02:23.933 W/zygote  ( 4546): Found duplicated class when checking oat files: 'Ljunit/runner/BaseTestRunner;' in /data/app/com.evancharlton.mileage.test-zSGt3XUnJhpDGOvtDE447w==/base.apk and /system/framework/android.test.runner.jar
12-14 03:02:23.933 W/zygote  ( 4546): 
12-14 03:02:23.947 E/adbd    ( 1358): failed to connect to socket 'tcp:7102': Connection refused
12-14 03:02:23.969 W/System  ( 4546): ClassLoader referenced unknown path: 
12-14 03:02:23.981 I/System.out( 4546): Main activity name automatically set to: com.evancharlton.mileage.Mileage
12-14 03:02:23.983 I/System.out( 4546): Calabash did not load Mono. This is only a problem if you are trying to test a Mono application
12-14 03:02:23.983 I/calabash( 4546): Test server port: 7102
12-14 03:02:23.984 I/InstrumentationBackend( 4546): Added:'GetPreferences', with key:'get_preferences'
12-14 03:02:24.065 E/adbd    ( 1358): failed to connect to socket 'tcp:7102': Connection refused
12-14 03:02:24.066 I/InstrumentationBackend( 4546): Added:'SetPreferences', with key:'set_preferences'
12-14 03:02:24.066 I/InstrumentationBackend( 4546): Added:'ClearPreferences', with key:'clear_preferences'
12-14 03:02:24.067 I/InstrumentationBackend( 4546): Added:'PressElement', with key:'press_l10n_element'
12-14 03:02:24.068 I/InstrumentationBackend( 4546): Added:'WaitForElement', with key:'wait_for_l10n_element'
12-14 03:02:24.068 I/InstrumentationBackend( 4546): Added:'NullAction', with key:'nullAction'
12-14 03:02:24.069 I/InstrumentationBackend( 4546): Added:'PressKey', with key:'press_key'
12-14 03:02:24.069 I/InstrumentationBackend( 4546): Added:'SetActivityOrientation', with key:'set_activity_orientation'
12-14 03:02:24.069 I/InstrumentationBackend( 4546): Added:'GetActivityOrientation', with key:'get_activity_orientation'
12-14 03:02:24.069 I/InstrumentationBackend( 4546): Added:'FakeGPSLocation', with key:'set_gps_coordinates'
12-14 03:02:24.070 I/InstrumentationBackend( 4546): Added:'SetPropertyByCssSelector', with key:'set_property_by_css_selector'
12-14 03:02:24.073 I/InstrumentationBackend( 4546): Added:'GetUrl', with key:'get_url'
12-14 03:02:24.075 I/InstrumentationBackend( 4546): Added:'ScrollTo', with key:'scroll_to'
12-14 03:02:24.075 I/InstrumentationBackend( 4546): Added:'GetLoadProgress', with key:'get_load_progress'
12-14 03:02:24.075 I/InstrumentationBackend( 4546): Added:'DumpHtml', with key:'dump_html'
12-14 03:02:24.076 I/InstrumentationBackend( 4546): Added:'DumpBodyHtml', with key:'dump_body_html'
12-14 03:02:24.076 I/InstrumentationBackend( 4546): Added:'EnterTextByCssSelector', with key:'enter_text_by_selector'
12-14 03:02:24.077 E/adbd    ( 1358): failed to connect to socket 'tcp:7102': Connection refused
12-14 03:02:24.081 I/InstrumentationBackend( 4546): Added:'AndroidSDKVersion', with key:'android_sdk_version'
12-14 03:02:24.082 I/InstrumentationBackend( 4546): Added:'Version', with key:'version'
12-14 03:02:24.082 I/InstrumentationBackend( 4546): Added:'Drag', with key:'drag'
12-14 03:02:24.082 I/InstrumentationBackend( 4546): Added:'TouchCoordinates', with key:'touch_coordinate'
12-14 03:02:24.082 I/InstrumentationBackend( 4546): Added:'LongPressCoordinate', with key:'long_press_coordinate'
12-14 03:02:24.082 I/InstrumentationBackend( 4546): Added:'DragCoordinates', with key:'drag_coordinates'
12-14 03:02:24.083 I/InstrumentationBackend( 4546): Added:'ResumeApplication', with key:'resume_application'
12-14 03:02:24.083 I/InstrumentationBackend( 4546): Added:'Swipe', with key:'swipe'
12-14 03:02:24.083 I/InstrumentationBackend( 4546): Added:'DoubleTapCoordinate', with key:'double_tap_coordinate'
12-14 03:02:24.083 I/InstrumentationBackend( 4546): Added:'ClickOnScreen', with key:'click_on_screen'
12-14 03:02:24.084 I/InstrumentationBackend( 4546): Added:'GetActivityName', with key:'get_activity_name'
12-14 03:02:24.084 I/InstrumentationBackend( 4546): Added:'ScrollToView', with key:'scroll_to_view'
12-14 03:02:24.085 I/InstrumentationBackend( 4546): Added:'ViewConfiguration', with key:'view_configuration'
12-14 03:02:24.085 I/InstrumentationBackend( 4546): Added:'IsCurrentActivityFocused', with key:'is_current_activity_focused'
12-14 03:02:24.085 I/InstrumentationBackend( 4546): Added:'SendTcp', with key:'send_tcp'
12-14 03:02:24.086 I/InstrumentationBackend( 4546): Added:'DpToDevicePixel', with key:'dp_to_device_pixel'
12-14 03:02:24.087 I/InstrumentationBackend( 4546): Added:'KeyboardEnterText', with key:'keyboard_enter_text'
12-14 03:02:24.088 I/InstrumentationBackend( 4546): Added:'DeleteSurroundingText', with key:'delete_surrounding_text'
12-14 03:02:24.089 I/InstrumentationBackend( 4546): Added:'SetComposingRegion', with key:'set_composing_region'
12-14 03:02:24.090 I/InstrumentationBackend( 4546): Added:'SetSelection', with key:'set_selection'
12-14 03:02:24.090 I/InstrumentationBackend( 4546): Added:'KeyboardKeyEvent', with key:'keyboard_key_event'
12-14 03:02:24.091 I/InstrumentationBackend( 4546): Added:'PressUserActionButton', with key:'press_user_action_button'
12-14 03:02:24.092 I/InstrumentationBackend( 4546): Added:'HideSoftKeyboard', with key:'hide_soft_keyboard'
12-14 03:02:24.093 I/InstrumentationBackend( 4546): Added:'ListActions', with key:'list_actions'
12-14 03:02:24.093 I/calabash( 4546): Instantiating http server at 7102
12-14 03:02:24.094 I/System.out( 4546): HTTP Daemon listening on: 7102
12-14 03:02:24.214 I/System.out( 4546): URI: //ping
12-14 03:02:24.216 I/System.out( 4546): params: {json={}
12-14 03:02:24.216 I/System.out( 4546): }
12-14 03:02:24.242 I/System.out( 4546): URI: //ping
12-14 03:02:24.242 I/System.out( 4546): params: {json={}
12-14 03:02:24.242 I/System.out( 4546): }
12-14 03:02:24.257 I/System.out( 4546): URI: //ready
12-14 03:02:24.257 I/System.out( 4546): params: {json={}
12-14 03:02:24.257 I/System.out( 4546): }
12-14 03:02:24.266 I/System.out( 4546): URI: //
12-14 03:02:24.266 I/System.out( 4546): params: {json={"command":"version","arguments":[]}
12-14 03:02:24.266 I/System.out( 4546): }
12-14 03:02:24.266 I/System.out( 4546): header: {content-type=application/json;charset=utf-8, date=Mon, 14 Dec 2020 08:02:24 GMT, accept=*/*, host=127.0.0.1:34777, content-length=36, user-agent=HTTPClient/1.0 (2.8.3, ruby 2.5.8 (2020-03-31))}
12-14 03:02:24.266 I/System.out( 4546): params: {json={"command":"version","arguments":[]}
12-14 03:02:24.266 I/System.out( 4546): }
12-14 03:02:24.266 I/System.out( 4546): ProP json = {"command":"version","arguments":[]}
12-14 03:02:24.266 I/System.out( 4546): files: {}
12-14 03:02:24.266 I/System.out( 4546): command: {"command":"version","arguments":[]}
12-14 03:02:24.295 I/InstrumentationBackend( 4546): Got command:'Command:'Line:null,version', arguments:'[]'
12-14 03:02:24.327 I/System.out( 4546): result:{"bonusInformation":[],"message":"0.9.8","success":true}
12-14 03:02:24.334 I/System.out( 4546): URI: //start-application
12-14 03:02:24.334 I/System.out( 4546): params: {json={"intent":null}
12-14 03:02:24.334 I/System.out( 4546): }
12-14 03:02:24.373 I/ActivityManager( 1628): START u0 {act=android.intent.action.MAIN cat=[android.intent.category.LAUNCHER] flg=0x10200000 cmp=com.evancharlton.mileage/.Mileage} from uid 10384
12-14 03:02:24.390 I/calabash( 4546): newActivity1
12-14 03:02:24.416 D/gralloc_ranchu( 1397): gralloc_alloc: Creating ashmem region of size 7753728
12-14 03:02:24.427 W/ActivityManager( 1628): Bad activity token: android.os.BinderProxy@942349f
12-14 03:02:24.427 W/ActivityManager( 1628): java.lang.ClassCastException: android.os.BinderProxy cannot be cast to com.android.server.am.ActivityRecord$Token
12-14 03:02:24.427 W/ActivityManager( 1628): 	at com.android.server.am.ActivityRecord.forTokenLocked(ActivityRecord.java:778)
12-14 03:02:24.427 W/ActivityManager( 1628): 	at com.android.server.am.ActivityRecord.isInStackLocked(ActivityRecord.java:2085)
12-14 03:02:24.427 W/ActivityManager( 1628): 	at com.android.server.am.ActivityRecord.getStackLocked(ActivityRecord.java:2090)
12-14 03:02:24.427 W/ActivityManager( 1628): 	at com.android.server.am.ActivityManagerService.getActivityDisplayId(ActivityManagerService.java:10406)
12-14 03:02:24.427 W/ActivityManager( 1628): 	at android.app.IActivityManager$Stub.onTransact(IActivityManager.java:2738)
12-14 03:02:24.427 W/ActivityManager( 1628): 	at com.android.server.am.ActivityManagerService.onTransact(ActivityManagerService.java:2935)
12-14 03:02:24.427 W/ActivityManager( 1628): 	at android.os.Binder.execTransact(Binder.java:674)
12-14 03:02:24.428 I/calabash( 4546): newActivity1
12-14 03:02:24.434 W/ActivityManager( 1628): Bad activity token: android.os.BinderProxy@942349f
12-14 03:02:24.434 W/ActivityManager( 1628): java.lang.ClassCastException: android.os.BinderProxy cannot be cast to com.android.server.am.ActivityRecord$Token
12-14 03:02:24.434 W/ActivityManager( 1628): 	at com.android.server.am.ActivityRecord.forTokenLocked(ActivityRecord.java:778)
12-14 03:02:24.434 W/ActivityManager( 1628): 	at com.android.server.am.ActivityRecord.isInStackLocked(ActivityRecord.java:2085)
12-14 03:02:24.434 W/ActivityManager( 1628): 	at com.android.server.am.ActivityManagerService.setTaskDescription(ActivityManagerService.java:9988)
12-14 03:02:24.434 W/ActivityManager( 1628): 	at android.app.IActivityManager$Stub.onTransact(IActivityManager.java:2824)
12-14 03:02:24.434 W/ActivityManager( 1628): 	at com.android.server.am.ActivityManagerService.onTransact(ActivityManagerService.java:2935)
12-14 03:02:24.434 W/ActivityManager( 1628): 	at android.os.Binder.execTransact(Binder.java:674)
12-14 03:02:24.435 W/ActivityManager( 1628): Bad activity token: android.os.BinderProxy@942349f
12-14 03:02:24.435 W/ActivityManager( 1628): java.lang.ClassCastException: android.os.BinderProxy cannot be cast to com.android.server.am.ActivityRecord$Token
12-14 03:02:24.435 W/ActivityManager( 1628): 	at com.android.server.am.ActivityRecord.forTokenLocked(ActivityRecord.java:778)
12-14 03:02:24.435 W/ActivityManager( 1628): 	at com.android.server.am.ActivityRecord.isInStackLocked(ActivityRecord.java:2085)
12-14 03:02:24.435 W/ActivityManager( 1628): 	at com.android.server.am.ActivityRecord.getStackLocked(ActivityRecord.java:2090)
12-14 03:02:24.435 W/ActivityManager( 1628): 	at com.android.server.am.ActivityManagerService.getActivityStackId(ActivityManagerService.java:10417)
12-14 03:02:24.435 W/ActivityManager( 1628): 	at android.app.IActivityManager$Stub.onTransact(IActivityManager.java:3548)
12-14 03:02:24.435 W/ActivityManager( 1628): 	at com.android.server.am.ActivityManagerService.onTransact(ActivityManagerService.java:2935)
12-14 03:02:24.435 W/ActivityManager( 1628): 	at android.os.Binder.execTransact(Binder.java:674)
12-14 03:02:24.460 V/StatusBar( 1727): setLightsOn(true)
12-14 03:02:24.481 D/EGL_emulation( 1727): eglMakeCurrent: 0x9d384840: ver 3 0 (tinfo 0x9d3833d0)
12-14 03:02:24.481 D/EGL_emulation( 2144): eglMakeCurrent: 0x9aefcb40: ver 3 0 (tinfo 0x9aeff8e0)
12-14 03:02:24.482 D/EGL_emulation( 2172): eglMakeCurrent: 0x9d384840: ver 3 0 (tinfo 0x9d383490)
12-14 03:02:24.483 V/StatusBar( 1727): setLightsOn(true)
12-14 03:02:24.491 D/EGL_emulation( 1727): eglMakeCurrent: 0x9d384840: ver 3 0 (tinfo 0x9d3833d0)
12-14 03:02:24.512 I/chatty  ( 1727): uid=10028(u0_a28) RenderThread identical 2 lines
12-14 03:02:24.518 D/EGL_emulation( 1727): eglMakeCurrent: 0x9d384840: ver 3 0 (tinfo 0x9d3833d0)
12-14 03:02:24.518 V/StatusBar( 1727): setLightsOn(true)
12-14 03:02:24.530 D/EGL_emulation( 1727): eglMakeCurrent: 0x9d384840: ver 3 0 (tinfo 0x9d3833d0)
12-14 03:02:24.533 D/EGL_emulation( 1727): eglMakeCurrent: 0x9d384840: ver 3 0 (tinfo 0x9d3833d0)
12-14 03:02:24.538 E/ContentStoreEUAS( 2172): Failed to commit the deferred actions
12-14 03:02:24.548 D/EGL_emulation( 1727): eglMakeCurrent: 0x9d384840: ver 3 0 (tinfo 0x9d3833d0)
12-14 03:02:24.563 I/chatty  ( 1727): uid=10028(u0_a28) RenderThread identical 2 lines
12-14 03:02:24.567 D/EGL_emulation( 1727): eglMakeCurrent: 0x9d384840: ver 3 0 (tinfo 0x9d3833d0)
12-14 03:02:24.579 I/zygote  ( 2172): Do full code cache collection, code=505KB, data=356KB
12-14 03:02:24.579 I/zygote  ( 2172): After code cache collection, code=497KB, data=316KB
12-14 03:02:24.581 D/EGL_emulation( 1727): eglMakeCurrent: 0x9d384840: ver 3 0 (tinfo 0x9d3833d0)
12-14 03:02:24.585 W/ActivityManager( 1628): Bad activity token: android.os.BinderProxy@942349f
12-14 03:02:24.585 W/ActivityManager( 1628): java.lang.ClassCastException: android.os.BinderProxy cannot be cast to com.android.server.am.ActivityRecord$Token
12-14 03:02:24.585 W/ActivityManager( 1628): 	at com.android.server.am.ActivityRecord.forTokenLocked(ActivityRecord.java:778)
12-14 03:02:24.585 W/ActivityManager( 1628): 	at com.android.server.am.ActivityRecord.isInStackLocked(ActivityRecord.java:2085)
12-14 03:02:24.585 W/ActivityManager( 1628): 	at com.android.server.am.ActivityManagerService.getActivityOptions(ActivityManagerService.java:13302)
12-14 03:02:24.585 W/ActivityManager( 1628): 	at android.app.IActivityManager$Stub.onTransact(IActivityManager.java:2910)
12-14 03:02:24.585 W/ActivityManager( 1628): 	at com.android.server.am.ActivityManagerService.onTransact(ActivityManagerService.java:2935)
12-14 03:02:24.585 W/ActivityManager( 1628): 	at android.os.Binder.execTransact(Binder.java:674)
12-14 03:02:24.585 W/ActivityManager( 1628): Bad activity token: android.os.BinderProxy@942349f
12-14 03:02:24.585 W/ActivityManager( 1628): java.lang.ClassCastException: android.os.BinderProxy cannot be cast to com.android.server.am.ActivityRecord$Token
12-14 03:02:24.585 W/ActivityManager( 1628): 	at com.android.server.am.ActivityRecord.forTokenLocked(ActivityRecord.java:778)
12-14 03:02:24.585 W/ActivityManager( 1628): 	at com.android.server.am.ActivityRecord.isInStackLocked(ActivityRecord.java:2085)
12-14 03:02:24.585 W/ActivityManager( 1628): 	at com.android.server.am.ActivityManagerService.getActivityOptions(ActivityManagerService.java:13302)
12-14 03:02:24.585 W/ActivityManager( 1628): 	at android.app.IActivityManager$Stub.onTransact(IActivityManager.java:2910)
12-14 03:02:24.585 W/ActivityManager( 1628): 	at com.android.server.am.ActivityManagerService.onTransact(ActivityManagerService.java:2935)
12-14 03:02:24.585 W/ActivityManager( 1628): 	at android.os.Binder.execTransact(Binder.java:674)
12-14 03:02:24.669 I/chatty  ( 1727): uid=10028(u0_a28) RenderThread identical 11 lines
12-14 03:02:24.685 D/EGL_emulation( 1727): eglMakeCurrent: 0x9d384840: ver 3 0 (tinfo 0x9d3833d0)
12-14 03:02:24.700 V/StatusBar( 1727): setLightsOn(true)
12-14 03:02:24.762 I/zygote  ( 4546): Do partial code cache collection, code=28KB, data=30KB
12-14 03:02:24.765 I/zygote  ( 4546): After code cache collection, code=28KB, data=30KB
12-14 03:02:24.765 I/zygote  ( 4546): Increasing code cache capacity to 128KB
12-14 03:02:24.766 I/zygote  ( 4546): Do partial code cache collection, code=28KB, data=48KB
12-14 03:02:24.766 I/zygote  ( 4546): After code cache collection, code=28KB, data=48KB
12-14 03:02:24.766 I/zygote  ( 4546): Increasing code cache capacity to 256KB
12-14 03:02:24.767 I/zygote  ( 4546): JIT allocated 71KB for compiled code of void android.widget.TextView.<init>(android.content.Context, android.util.AttributeSet, int, int)
12-14 03:02:24.767 I/zygote  ( 4546): Compiler allocated 4MB to compile void android.widget.TextView.<init>(android.content.Context, android.util.AttributeSet, int, int)
12-14 03:02:24.776 V/StatusBar( 1727): setLightsOn(true)
12-14 03:02:24.781 I/chatty  ( 1727): uid=10028(u0_a28) com.android.systemui identical 1 line
12-14 03:02:24.784 V/StatusBar( 1727): setLightsOn(true)
12-14 03:02:24.815 D/gralloc_ranchu( 1397): gralloc_alloc: Creating ashmem region of size 7753728
12-14 03:02:24.832 D/        ( 4546): HostConnection::get() New Host Connection established 0x9aa2fb00, tid 4546
12-14 03:02:24.877 V/StatusBar( 1727): setLightsOn(true)
12-14 03:02:24.879 V/StatusBar( 1727): setLightsOn(true)
12-14 03:02:24.880 I/ActivityManager( 1628): Displayed com.evancharlton.mileage/.Mileage: +497ms
12-14 03:02:24.884 V/StatusBar( 1727): setLightsOn(true)
12-14 03:02:24.897 V/StatusBar( 1727): setLightsOn(true)
12-14 03:02:24.929 D/gralloc_ranchu( 1397): gralloc_alloc: Creating ashmem region of size 7753728
12-14 03:02:25.001 I/zygote  ( 4546): Do full code cache collection, code=125KB, data=71KB
12-14 03:02:25.002 I/zygote  ( 4546): After code cache collection, code=106KB, data=43KB
12-14 03:02:25.073 V/StatusBar( 1727): setLightsOn(true)
12-14 03:02:25.117 I/System.out( 4546): URI: //gesture
12-14 03:02:25.117 I/System.out( 4546): params: {json={"query_timeout":5.0,"gestures":[{"query_string":"android.widget.TabWidget descendant TextView index:1","touches":[{"x":50,"y":50,"offset_x":0,"offset_y":0,"wait":0.0,"time":0.2,"release":true,"query_string":null}]}]}
12-14 03:02:25.117 I/System.out( 4546): }
12-14 03:02:25.189 V/StatusBar( 1727): setLightsOn(true)
12-14 03:02:25.190 I/chatty  ( 1727): uid=10028(u0_a28) com.android.systemui identical 1 line
12-14 03:02:25.210 V/StatusBar( 1727): setLightsOn(true)
12-14 03:02:25.223 W/SurfaceFlinger( 1409): couldn't log to binary event log: overflow.
12-14 03:02:25.304 I/Finsky:download_service( 2684): [125] nmi.run(36): Stats for Executor: bgExecutor non@117aa82[Running, pool size = 0, active threads = 0, queued tasks = 0, completed tasks = 0]
12-14 03:02:25.306 I/PBSessionCacheImpl( 2172): Deleted sessionId[10117842409624] from persistence.
12-14 03:02:25.320 W/SearchService( 2172): Abort, client detached.
12-14 03:02:25.448 W/audio_hw_generic( 1391): Not supplying enough data to HAL, expected position 599342 , only wrote 599040
12-14 03:02:25.456 W/ActivityManager( 1628): Bad activity token: android.os.BinderProxy@4a7aba1
12-14 03:02:25.456 W/ActivityManager( 1628): java.lang.ClassCastException: android.os.BinderProxy cannot be cast to com.android.server.am.ActivityRecord$Token
12-14 03:02:25.456 W/ActivityManager( 1628): 	at com.android.server.am.ActivityRecord.forTokenLocked(ActivityRecord.java:778)
12-14 03:02:25.456 W/ActivityManager( 1628): 	at com.android.server.am.ActivityRecord.isInStackLocked(ActivityRecord.java:2085)
12-14 03:02:25.456 W/ActivityManager( 1628): 	at com.android.server.am.ActivityRecord.getStackLocked(ActivityRecord.java:2090)
12-14 03:02:25.456 W/ActivityManager( 1628): 	at com.android.server.am.ActivityManagerService.getActivityDisplayId(ActivityManagerService.java:10406)
12-14 03:02:25.456 W/ActivityManager( 1628): 	at android.app.IActivityManager$Stub.onTransact(IActivityManager.java:2738)
12-14 03:02:25.456 W/ActivityManager( 1628): 	at com.android.server.am.ActivityManagerService.onTransact(ActivityManagerService.java:2935)
12-14 03:02:25.456 W/ActivityManager( 1628): 	at android.os.Binder.execTransact(Binder.java:674)
12-14 03:02:25.457 I/calabash( 4546): newActivity1
12-14 03:02:25.459 D/AndroidRuntime( 4546): Shutting down VM
--------- beginning of crash
12-14 03:02:25.462 E/AndroidRuntime( 4546): FATAL EXCEPTION: main
12-14 03:02:25.462 E/AndroidRuntime( 4546): Process: com.evancharlton.mileage, PID: 4546
12-14 03:02:25.462 E/AndroidRuntime( 4546): java.lang.VerifyError: Verifier rejected class com.evancharlton.mileage.FillupListActivity: void com.evancharlton.mileage.FillupListActivity.initUI(): [0xFFFFFFFF] register index out of range (9 >= 3) (declaration of 'com.evancharlton.mileage.FillupListActivity' appears in /data/app/com.evancharlton.mileage-Zay6DbHyYPxvgm_DJ3KeCg==/base.apk)
12-14 03:02:25.462 E/AndroidRuntime( 4546): 	at java.lang.Class.newInstance(Native Method)
12-14 03:02:25.462 E/AndroidRuntime( 4546): 	at android.app.Instrumentation.newActivity(Instrumentation.java:1173)
12-14 03:02:25.462 E/AndroidRuntime( 4546): 	at sh.calaba.instrumentationbackend.CalabashInstrumentation.newActivity(CalabashInstrumentation.java:52)
12-14 03:02:25.462 E/AndroidRuntime( 4546): 	at android.app.ActivityThread.performLaunchActivity(ActivityThread.java:2708)
12-14 03:02:25.462 E/AndroidRuntime( 4546): 	at android.app.ActivityThread.startActivityNow(ActivityThread.java:2615)
12-14 03:02:25.462 E/AndroidRuntime( 4546): 	at android.app.LocalActivityManager.moveToState(LocalActivityManager.java:136)
12-14 03:02:25.462 E/AndroidRuntime( 4546): 	at android.app.LocalActivityManager.startActivity(LocalActivityManager.java:348)
12-14 03:02:25.462 E/AndroidRuntime( 4546): 	at android.widget.TabHost$IntentContentStrategy.getContentView(TabHost.java:769)
12-14 03:02:25.462 E/AndroidRuntime( 4546): 	at android.widget.TabHost.setCurrentTab(TabHost.java:423)
12-14 03:02:25.462 E/AndroidRuntime( 4546): 	at android.widget.TabHost$2.onTabSelectionChanged(TabHost.java:167)
12-14 03:02:25.462 E/AndroidRuntime( 4546): 	at android.widget.TabWidget$TabClickListener.onClick(TabWidget.java:546)
12-14 03:02:25.462 E/AndroidRuntime( 4546): 	at android.view.View.performClick(View.java:6256)
12-14 03:02:25.462 E/AndroidRuntime( 4546): 	at android.view.View$PerformClick.run(View.java:24701)
12-14 03:02:25.462 E/AndroidRuntime( 4546): 	at android.os.Handler.handleCallback(Handler.java:789)
12-14 03:02:25.462 E/AndroidRuntime( 4546): 	at android.os.Handler.dispatchMessage(Handler.java:98)
12-14 03:02:25.462 E/AndroidRuntime( 4546): 	at android.os.Looper.loop(Looper.java:164)
12-14 03:02:25.462 E/AndroidRuntime( 4546): 	at android.app.ActivityThread.main(ActivityThread.java:6541)
12-14 03:02:25.462 E/AndroidRuntime( 4546): 	at java.lang.reflect.Method.invoke(Native Method)
12-14 03:02:25.462 E/AndroidRuntime( 4546): 	at com.android.internal.os.Zygote$MethodAndArgsCaller.run(Zygote.java:240)
12-14 03:02:25.462 E/AndroidRuntime( 4546): 	at com.android.internal.os.ZygoteInit.main(ZygoteInit.java:767)
12-14 03:02:25.467 I/Process ( 4546): Sending signal. PID: 4546 SIG: 9
12-14 03:02:25.471 W/BroadcastQueue( 1628): Background execution not allowed: receiving Intent { act=android.intent.action.DROPBOX_ENTRY_ADDED flg=0x10 (has extras) } to com.google.android.gms/.stats.service.DropBoxEntryAddedReceiver
12-14 03:02:25.471 W/BroadcastQueue( 1628): Background execution not allowed: receiving Intent { act=android.intent.action.DROPBOX_ENTRY_ADDED flg=0x10 (has extras) } to com.google.android.gms/.chimera.GmsIntentOperationService$PersistentTrustedReceiver
12-14 03:02:25.472 I/zygote  ( 1940): Deoptimizing bsbk brqx.D(int) due to JIT inline cache
12-14 03:02:25.531 I/ActivityManager( 1628): Process com.evancharlton.mileage (pid 4546) has died: fore TOP 
12-14 03:02:25.532 I/WindowManager( 1628): WIN DEATH: Window{e51eaf0 u0 com.evancharlton.mileage/com.evancharlton.mileage.Mileage}
12-14 03:02:25.534 W/ActivityManager( 1628): Force removing ActivityRecord{47489cb u0 com.evancharlton.mileage/.Mileage t147}: app died, no saved state
12-14 03:02:25.562 E/adbd    ( 1358): failed to connect to socket 'tcp:7102': Connection refused
12-14 03:02:25.567 W/ActivityManager( 1628): Crash of app com.evancharlton.mileage running instrumentation ComponentInfo{com.evancharlton.mileage.test/sh.calaba.instrumentationbackend.CalabashInstrumentationTestRunner}
12-14 03:02:25.568 I/ActivityManager( 1628): Force stopping com.evancharlton.mileage appid=10384 user=0: finished inst
12-14 03:02:25.581 V/StatusBar( 1727): setLightsOn(true)
12-14 03:02:25.581 W/ActivityManager( 1628): setHasOverlayUi called on unknown pid: 4546
12-14 03:02:25.598 D/gralloc_ranchu( 1397): gralloc_alloc: Creating ashmem region of size 8298496
12-14 03:02:25.613 I/chatty  ( 1397): uid=1000(system) allocator@2.0-s identical 1 line
12-14 03:02:25.626 D/gralloc_ranchu( 1397): gralloc_alloc: Creating ashmem region of size 8298496
12-14 03:02:25.630 D/SurfaceFlinger( 1409): duplicate layer name: changing com.google.android.apps.nexuslauncher/com.google.android.apps.nexuslauncher.NexusLauncherActivity to com.google.android.apps.nexuslauncher/com.google.android.apps.nexuslauncher.NexusLauncherActivity#1
12-14 03:02:25.650 D/gralloc_ranchu( 1397): gralloc_alloc: Creating ashmem region of size 8298496
12-14 03:02:25.671 D/gralloc_ranchu( 1397): gralloc_alloc: Creating ashmem region of size 8298496
12-14 03:02:25.692 D/EGL_emulation( 2172): eglMakeCurrent: 0x9d384840: ver 3 0 (tinfo 0x9d383490)
12-14 03:02:25.707 D/gralloc_ranchu( 1397): gralloc_alloc: Creating ashmem region of size 8298496
12-14 03:02:25.727 W/SessionLifecycleManager( 2172): Handover failed. Creating new session controller.
12-14 03:02:25.739 D/EGL_emulation( 1727): eglMakeCurrent: 0x9d384840: ver 3 0 (tinfo 0x9d3833d0)
12-14 03:02:25.765 D/EGL_emulation( 2144): eglMakeCurrent: 0x9aefcb40: ver 3 0 (tinfo 0x9aeff8e0)
12-14 03:02:25.771 D/EGL_emulation( 1727): eglMakeCurrent: 0x9d384840: ver 3 0 (tinfo 0x9d3833d0)
