--------- beginning of main
12-14 00:02:23.897 D/AndroidRuntime( 4046): >>>>>> START com.android.internal.os.RuntimeInit uid 2000 <<<<<<
12-14 00:02:23.929 W/app_process( 4046): Unexpected CPU variant for X86 using defaults: x86
12-14 00:02:23.946 D/AndroidRuntime( 4046): Calling main entry com.android.commands.am.Am
12-14 00:02:23.957 I/zygote  ( 4056): Not late-enabling -Xcheck:jni (already on)
12-14 00:02:23.965 D/AndroidRuntime( 4046): Shutting down VM
12-14 00:02:23.967 W/zygote  ( 4056): Unexpected CPU variant for X86 using defaults: x86
12-14 00:02:23.974 E/memtrack( 1627): Couldn't load memtrack module
12-14 00:02:23.974 W/android.os.Debug( 1627): failed to get memory consumption info: -1
12-14 00:02:23.991 E/adbd    ( 1385): failed to connect to socket 'tcp:7102': Connection refused
12-14 00:02:23.996 W/zygote  ( 4056): Found duplicate classes, falling back to extracting from APK : /data/app/com.evancharlton.mileage.test-mJd1ivrvK1WzYoXGvLOUcQ==/base.apk
12-14 00:02:23.996 W/zygote  ( 4056): NOTE: This wastes RAM and hurts startup performance.
12-14 00:02:23.996 W/zygote  ( 4056): Found duplicated class when checking oat files: 'Ljunit/runner/BaseTestRunner;' in /data/app/com.evancharlton.mileage.test-mJd1ivrvK1WzYoXGvLOUcQ==/base.apk and /system/framework/android.test.runner.jar
12-14 00:02:23.996 W/zygote  ( 4056): 
12-14 00:02:23.997 E/adbd    ( 1385): failed to connect to socket 'tcp:7102': Connection refused
12-14 00:02:24.025 W/System  ( 4056): ClassLoader referenced unknown path: 
12-14 00:02:24.039 I/System.out( 4056): Main activity name automatically set to: com.evancharlton.mileage.Mileage
12-14 00:02:24.039 I/System.out( 4056): Calabash did not load Mono. This is only a problem if you are trying to test a Mono application
12-14 00:02:24.040 I/calabash( 4056): Test server port: 7102
12-14 00:02:24.043 I/InstrumentationBackend( 4056): Added:'GetPreferences', with key:'get_preferences'
12-14 00:02:24.100 I/InstrumentationBackend( 4056): Added:'SetPreferences', with key:'set_preferences'
12-14 00:02:24.101 I/InstrumentationBackend( 4056): Added:'ClearPreferences', with key:'clear_preferences'
12-14 00:02:24.101 I/InstrumentationBackend( 4056): Added:'PressElement', with key:'press_l10n_element'
12-14 00:02:24.101 I/InstrumentationBackend( 4056): Added:'WaitForElement', with key:'wait_for_l10n_element'
12-14 00:02:24.102 I/InstrumentationBackend( 4056): Added:'NullAction', with key:'nullAction'
12-14 00:02:24.102 I/InstrumentationBackend( 4056): Added:'PressKey', with key:'press_key'
12-14 00:02:24.102 I/InstrumentationBackend( 4056): Added:'SetActivityOrientation', with key:'set_activity_orientation'
12-14 00:02:24.103 I/InstrumentationBackend( 4056): Added:'GetActivityOrientation', with key:'get_activity_orientation'
12-14 00:02:24.103 I/InstrumentationBackend( 4056): Added:'FakeGPSLocation', with key:'set_gps_coordinates'
12-14 00:02:24.103 I/InstrumentationBackend( 4056): Added:'SetPropertyByCssSelector', with key:'set_property_by_css_selector'
12-14 00:02:24.105 I/InstrumentationBackend( 4056): Added:'GetUrl', with key:'get_url'
12-14 00:02:24.107 I/InstrumentationBackend( 4056): Added:'ScrollTo', with key:'scroll_to'
12-14 00:02:24.107 I/InstrumentationBackend( 4056): Added:'GetLoadProgress', with key:'get_load_progress'
12-14 00:02:24.107 I/InstrumentationBackend( 4056): Added:'DumpHtml', with key:'dump_html'
12-14 00:02:24.107 I/InstrumentationBackend( 4056): Added:'DumpBodyHtml', with key:'dump_body_html'
12-14 00:02:24.108 I/InstrumentationBackend( 4056): Added:'EnterTextByCssSelector', with key:'enter_text_by_selector'
12-14 00:02:24.112 I/InstrumentationBackend( 4056): Added:'AndroidSDKVersion', with key:'android_sdk_version'
12-14 00:02:24.113 I/InstrumentationBackend( 4056): Added:'Version', with key:'version'
12-14 00:02:24.114 I/InstrumentationBackend( 4056): Added:'Drag', with key:'drag'
12-14 00:02:24.114 I/InstrumentationBackend( 4056): Added:'TouchCoordinates', with key:'touch_coordinate'
12-14 00:02:24.114 I/InstrumentationBackend( 4056): Added:'LongPressCoordinate', with key:'long_press_coordinate'
12-14 00:02:24.114 I/InstrumentationBackend( 4056): Added:'DragCoordinates', with key:'drag_coordinates'
12-14 00:02:24.115 I/InstrumentationBackend( 4056): Added:'ResumeApplication', with key:'resume_application'
12-14 00:02:24.116 I/InstrumentationBackend( 4056): Added:'Swipe', with key:'swipe'
12-14 00:02:24.116 E/adbd    ( 1385): failed to connect to socket 'tcp:7102': Connection refused
12-14 00:02:24.116 I/InstrumentationBackend( 4056): Added:'DoubleTapCoordinate', with key:'double_tap_coordinate'
12-14 00:02:24.117 I/InstrumentationBackend( 4056): Added:'ClickOnScreen', with key:'click_on_screen'
12-14 00:02:24.118 E/adbd    ( 1385): failed to connect to socket 'tcp:7102': Connection refused
12-14 00:02:24.119 I/InstrumentationBackend( 4056): Added:'GetActivityName', with key:'get_activity_name'
12-14 00:02:24.119 I/InstrumentationBackend( 4056): Added:'ScrollToView', with key:'scroll_to_view'
12-14 00:02:24.120 I/InstrumentationBackend( 4056): Added:'ViewConfiguration', with key:'view_configuration'
12-14 00:02:24.120 I/InstrumentationBackend( 4056): Added:'IsCurrentActivityFocused', with key:'is_current_activity_focused'
12-14 00:02:24.121 I/InstrumentationBackend( 4056): Added:'SendTcp', with key:'send_tcp'
12-14 00:02:24.121 I/InstrumentationBackend( 4056): Added:'DpToDevicePixel', with key:'dp_to_device_pixel'
12-14 00:02:24.122 I/InstrumentationBackend( 4056): Added:'KeyboardEnterText', with key:'keyboard_enter_text'
12-14 00:02:24.123 I/InstrumentationBackend( 4056): Added:'DeleteSurroundingText', with key:'delete_surrounding_text'
12-14 00:02:24.123 I/InstrumentationBackend( 4056): Added:'SetComposingRegion', with key:'set_composing_region'
12-14 00:02:24.123 I/InstrumentationBackend( 4056): Added:'SetSelection', with key:'set_selection'
12-14 00:02:24.123 I/InstrumentationBackend( 4056): Added:'KeyboardKeyEvent', with key:'keyboard_key_event'
12-14 00:02:24.124 I/InstrumentationBackend( 4056): Added:'PressUserActionButton', with key:'press_user_action_button'
12-14 00:02:24.125 I/InstrumentationBackend( 4056): Added:'HideSoftKeyboard', with key:'hide_soft_keyboard'
12-14 00:02:24.126 I/InstrumentationBackend( 4056): Added:'ListActions', with key:'list_actions'
12-14 00:02:24.126 I/calabash( 4056): Instantiating http server at 7102
12-14 00:02:24.127 I/System.out( 4056): HTTP Daemon listening on: 7102
12-14 00:02:24.231 I/System.out( 4056): URI: //ping
12-14 00:02:24.232 I/System.out( 4056): params: {json={}
12-14 00:02:24.232 I/System.out( 4056): }
12-14 00:02:24.242 I/System.out( 4056): URI: //ping
12-14 00:02:24.242 I/System.out( 4056): params: {json={}
12-14 00:02:24.242 I/System.out( 4056): }
12-14 00:02:24.250 I/System.out( 4056): URI: //ready
12-14 00:02:24.250 I/System.out( 4056): params: {json={}
12-14 00:02:24.250 I/System.out( 4056): }
12-14 00:02:24.256 I/System.out( 4056): URI: //
12-14 00:02:24.256 I/System.out( 4056): params: {json={"command":"version","arguments":[]}
12-14 00:02:24.256 I/System.out( 4056): }
12-14 00:02:24.256 I/System.out( 4056): header: {content-type=application/json;charset=utf-8, date=Mon, 14 Dec 2020 05:02:25 GMT, accept=*/*, host=127.0.0.1:34777, content-length=36, user-agent=HTTPClient/1.0 (2.8.3, ruby 2.5.8 (2020-03-31))}
12-14 00:02:24.256 I/System.out( 4056): params: {json={"command":"version","arguments":[]}
12-14 00:02:24.256 I/System.out( 4056): }
12-14 00:02:24.256 I/System.out( 4056): ProP json = {"command":"version","arguments":[]}
12-14 00:02:24.256 I/System.out( 4056): files: {}
12-14 00:02:24.256 I/System.out( 4056): command: {"command":"version","arguments":[]}
12-14 00:02:24.286 I/InstrumentationBackend( 4056): Got command:'Command:'Line:null,version', arguments:'[]'
12-14 00:02:24.321 I/System.out( 4056): result:{"bonusInformation":[],"message":"0.9.8","success":true}
12-14 00:02:24.328 I/System.out( 4056): URI: //start-application
12-14 00:02:24.328 I/System.out( 4056): params: {json={"intent":null}
12-14 00:02:24.328 I/System.out( 4056): }
12-14 00:02:24.381 I/calabash( 4056): newActivity1
12-14 00:02:24.406 D/gralloc_ranchu( 1394): gralloc_alloc: Creating ashmem region of size 7753728
12-14 00:02:24.413 I/calabash( 4056): newActivity1
12-14 00:02:24.457 V/StatusBar( 1731): setLightsOn(true)
12-14 00:02:24.458 D/EGL_emulation( 2152): eglMakeCurrent: 0x9b246cc0: ver 3 0 (tinfo 0x9b3ff870)
12-14 00:02:24.474 D/EGL_emulation( 2181): eglMakeCurrent: 0x9b247fe0: ver 3 0 (tinfo 0x9b3ff760)
12-14 00:02:24.482 D/EGL_emulation( 1731): eglMakeCurrent: 0x89e2b040: ver 3 0 (tinfo 0x9b043c00)
12-14 00:02:24.486 V/StatusBar( 1731): setLightsOn(true)
12-14 00:02:24.491 D/EGL_emulation( 1731): eglMakeCurrent: 0x89e2b040: ver 3 0 (tinfo 0x9b043c00)
12-14 00:02:24.514 I/chatty  ( 1731): uid=10028(u0_a28) RenderThread identical 2 lines
12-14 00:02:24.518 D/EGL_emulation( 1731): eglMakeCurrent: 0x89e2b040: ver 3 0 (tinfo 0x9b043c00)
12-14 00:02:24.520 V/StatusBar( 1731): setLightsOn(true)
12-14 00:02:24.530 D/EGL_emulation( 1731): eglMakeCurrent: 0x89e2b040: ver 3 0 (tinfo 0x9b043c00)
12-14 00:02:24.534 D/EGL_emulation( 1731): eglMakeCurrent: 0x89e2b040: ver 3 0 (tinfo 0x9b043c00)
12-14 00:02:24.535 E/ContentStoreEUAS( 2181): Failed to commit the deferred actions
12-14 00:02:24.546 D/EGL_emulation( 1731): eglMakeCurrent: 0x89e2b040: ver 3 0 (tinfo 0x9b043c00)
12-14 00:02:24.649 I/chatty  ( 1731): uid=10028(u0_a28) RenderThread identical 13 lines
12-14 00:02:24.668 D/EGL_emulation( 1731): eglMakeCurrent: 0x89e2b040: ver 3 0 (tinfo 0x9b043c00)
12-14 00:02:24.668 E/memtrack( 1627): Couldn't load memtrack module
12-14 00:02:24.668 W/android.os.Debug( 1627): failed to get memory consumption info: -1
12-14 00:02:24.673 D/EGL_emulation( 1731): eglMakeCurrent: 0x89e2b040: ver 3 0 (tinfo 0x9b043c00)
12-14 00:02:24.675 V/StatusBar( 1731): setLightsOn(true)
12-14 00:02:24.689 D/EGL_emulation( 1731): eglMakeCurrent: 0x89e2b040: ver 3 0 (tinfo 0x9b043c00)
12-14 00:02:24.715 I/zygote  ( 4056): Do partial code cache collection, code=28KB, data=30KB
12-14 00:02:24.718 I/zygote  ( 4056): After code cache collection, code=28KB, data=30KB
12-14 00:02:24.718 I/zygote  ( 4056): Increasing code cache capacity to 128KB
12-14 00:02:24.724 I/zygote  ( 4056): Do partial code cache collection, code=28KB, data=48KB
12-14 00:02:24.725 I/zygote  ( 4056): After code cache collection, code=28KB, data=48KB
12-14 00:02:24.725 I/zygote  ( 4056): Increasing code cache capacity to 256KB
12-14 00:02:24.727 I/zygote  ( 4056): JIT allocated 71KB for compiled code of void android.widget.TextView.<init>(android.content.Context, android.util.AttributeSet, int, int)
12-14 00:02:24.727 I/zygote  ( 4056): Compiler allocated 4MB to compile void android.widget.TextView.<init>(android.content.Context, android.util.AttributeSet, int, int)
12-14 00:02:24.731 V/StatusBar( 1731): setLightsOn(true)
12-14 00:02:24.733 I/chatty  ( 1731): uid=10028(u0_a28) com.android.systemui identical 1 line
12-14 00:02:24.733 V/StatusBar( 1731): setLightsOn(true)
12-14 00:02:24.776 D/gralloc_ranchu( 1394): gralloc_alloc: Creating ashmem region of size 7753728
12-14 00:02:24.820 D/        ( 4056): HostConnection::get() New Host Connection established 0x9af30c40, tid 4056
12-14 00:02:24.874 V/StatusBar( 1731): setLightsOn(true)
12-14 00:02:24.876 V/StatusBar( 1731): setLightsOn(true)
12-14 00:02:24.879 I/ActivityManager( 1627): Displayed com.evancharlton.mileage/.Mileage: +502ms
12-14 00:02:24.884 V/StatusBar( 1731): setLightsOn(true)
12-14 00:02:24.907 V/StatusBar( 1731): setLightsOn(true)
12-14 00:02:24.918 D/gralloc_ranchu( 1394): gralloc_alloc: Creating ashmem region of size 7753728
12-14 00:02:25.081 V/StatusBar( 1731): setLightsOn(true)
12-14 00:02:25.201 I/chatty  ( 1731): uid=10028(u0_a28) com.android.systemui identical 1 line
12-14 00:02:25.213 V/StatusBar( 1731): setLightsOn(true)
12-14 00:02:25.237 W/SurfaceFlinger( 1414): couldn't log to binary event log: overflow.
12-14 00:02:25.286 I/System.out( 4056): URI: //kill
12-14 00:02:25.286 I/System.out( 4056): params: {json={}
12-14 00:02:25.286 I/System.out( 4056): }
12-14 00:02:25.286 I/System.out( 4056): Stopping test server
12-14 00:02:25.290 E/adbd    ( 1385): failed to connect to socket 'tcp:7102': Connection refused
12-14 00:02:25.293 E/adbd    ( 1385): failed to connect to socket 'tcp:7102': Connection refused
12-14 00:02:25.312 I/PBSessionCacheImpl( 2181): Deleted sessionId[3795650441769] from persistence.
12-14 00:02:25.328 W/SearchService( 2181): Abort, client detached.
12-14 00:02:25.342 I/zygote  ( 2181): Do partial code cache collection, code=243KB, data=184KB
12-14 00:02:25.343 I/zygote  ( 2181): After code cache collection, code=243KB, data=184KB
12-14 00:02:25.343 I/zygote  ( 2181): Increasing code cache capacity to 1024KB
12-14 00:02:25.349 V/StatusBar( 1731): setLightsOn(true)
12-14 00:02:25.352 I/chatty  ( 1731): uid=10028(u0_a28) com.android.systemui identical 1 line
12-14 00:02:25.364 V/StatusBar( 1731): setLightsOn(true)
12-14 00:02:25.365 E/memtrack( 1627): Couldn't load memtrack module
12-14 00:02:25.365 W/android.os.Debug( 1627): failed to get memory consumption info: -1
12-14 00:02:25.365 D/gralloc_ranchu( 1394): gralloc_alloc: Creating ashmem region of size 8298496
12-14 00:02:25.377 D/gralloc_ranchu( 1394): gralloc_alloc: Creating ashmem region of size 8298496
12-14 00:02:25.380 D/SurfaceFlinger( 1414): duplicate layer name: changing com.google.android.apps.nexuslauncher/com.google.android.apps.nexuslauncher.NexusLauncherActivity to com.google.android.apps.nexuslauncher/com.google.android.apps.nexuslauncher.NexusLauncherActivity#1
12-14 00:02:25.389 D/EGL_emulation( 1731): eglMakeCurrent: 0x89e2b040: ver 3 0 (tinfo 0x9b043c00)
12-14 00:02:25.390 D/gralloc_ranchu( 1394): gralloc_alloc: Creating ashmem region of size 8298496
12-14 00:02:25.397 I/zygote  ( 4056): Do full code cache collection, code=123KB, data=73KB
12-14 00:02:25.397 I/zygote  ( 4056): After code cache collection, code=109KB, data=46KB
12-14 00:02:25.401 D/gralloc_ranchu( 1394): gralloc_alloc: Creating ashmem region of size 8298496
12-14 00:02:25.423 D/gralloc_ranchu( 1394): gralloc_alloc: Creating ashmem region of size 8298496
12-14 00:02:25.465 D/EGL_emulation( 2181): eglMakeCurrent: 0x9b247fe0: ver 3 0 (tinfo 0x9b3ff760)
12-14 00:02:25.466 D/gralloc_ranchu( 1394): gralloc_alloc: Creating ashmem region of size 8298496
12-14 00:02:25.506 D/EGL_emulation( 2152): eglMakeCurrent: 0x9b246cc0: ver 3 0 (tinfo 0x9b3ff870)
12-14 00:02:25.520 I/zygote  ( 2181): Deoptimizing void com.google.android.apps.gsa.search.core.service.worker.a.a.a(com.google.android.apps.gsa.search.core.state.qc) due to JIT inline cache
12-14 00:02:25.530 D/gralloc_ranchu( 1394): gralloc_alloc: Creating ashmem region of size 7753728
12-14 00:02:25.545 E/GmsClient( 2181): unable to connect to service: com.google.android.gms.speech.service.START on com.google.android.gms
12-14 00:02:25.554 W/SessionLifecycleManager( 2181): Handover failed. Creating new session controller.
12-14 00:02:25.556 D/EGL_emulation( 1731): eglMakeCurrent: 0x89e2b040: ver 3 0 (tinfo 0x9b043c00)
12-14 00:02:25.568 I/OptInState( 2181): There is a new client and it does not support opt-in. Dropping request.
12-14 00:02:25.576 I/zygote  ( 2181): Deoptimizing int[] com.google.common.collect.gx.b(java.lang.Object[], int, int, int) due to JIT inline cache
12-14 00:02:25.585 D/EGL_emulation( 1731): eglMakeCurrent: 0x89e2b040: ver 3 0 (tinfo 0x9b043c00)
12-14 00:02:25.592 I/chatty  ( 1731): uid=10028(u0_a28) RenderThread identical 1 line
12-14 00:02:25.601 D/EGL_emulation( 1731): eglMakeCurrent: 0x89e2b040: ver 3 0 (tinfo 0x9b043c00)
12-14 00:02:25.619 I/MicroDetectionWorker( 2181): #updateMicroDetector [detectionMode: [mDetectionMode: [1]]]
12-14 00:02:25.619 I/MicroDetectionWorker( 2181): #startMicroDetector [speakerMode: 0]
12-14 00:02:25.619 I/AudioController( 2181): Using mInputStreamFactoryBuilder
12-14 00:02:25.623 I/MicroRecognitionRunner( 2181): Starting detection.
12-14 00:02:25.624 I/MicrophoneInputStream( 2181): mic_starting com.google.android.apps.gsa.staticplugins.aa.c@503676a
12-14 00:02:25.629 D/EGL_emulation( 1731): eglMakeCurrent: 0x89e2b040: ver 3 0 (tinfo 0x9b043c00)
12-14 00:02:25.635 I/MicroDetectionWorker( 2181): onReady
12-14 00:02:25.636 I/MicrophoneInputStream( 2181): mic_started com.google.android.apps.gsa.staticplugins.aa.c@503676a
12-14 00:02:25.645 D/EGL_emulation( 1731): eglMakeCurrent: 0x89e2b040: ver 3 0 (tinfo 0x9b043c00)
12-14 00:02:25.645 I/MicrophoneInputStream( 2181): mic_close com.google.android.apps.gsa.staticplugins.aa.c@503676a
12-14 00:02:25.648 I/AudioFlinger( 1477): AudioFlinger's thread 0xa9083f40 tid=4106 ready to run
12-14 00:02:25.652 I/MicroDetectionWorker( 2181): onReady
12-14 00:02:25.653 I/MicroRecognitionRunner( 2181): Detection finished
12-14 00:02:25.654 W/ErrorReporter( 2181): reportError [type: 211, code: 524300]: Error reading from input stream
12-14 00:02:25.655 I/MicroRecognitionRunner( 2181): Stopping hotword detection.
12-14 00:02:25.656 D/EGL_emulation( 1731): eglMakeCurrent: 0x89e2b040: ver 3 0 (tinfo 0x9b043c00)
12-14 00:02:25.656 W/ErrorProcessor( 2181): onFatalError, processing error from engine(4)
12-14 00:02:25.656 W/ErrorProcessor( 2181): com.google.android.apps.gsa.shared.speech.b.g: Error reading from input stream
12-14 00:02:25.656 W/ErrorProcessor( 2181): 	at com.google.android.apps.gsa.staticplugins.recognizer.j.a.a(SourceFile:28)
12-14 00:02:25.656 W/ErrorProcessor( 2181): 	at com.google.android.apps.gsa.staticplugins.recognizer.j.b.run(SourceFile:15)
12-14 00:02:25.656 W/ErrorProcessor( 2181): 	at java.util.concurrent.Executors$RunnableAdapter.call(Executors.java:457)
12-14 00:02:25.656 W/ErrorProcessor( 2181): 	at java.util.concurrent.FutureTask.run(FutureTask.java:266)
12-14 00:02:25.656 W/ErrorProcessor( 2181): 	at com.google.android.apps.gsa.shared.util.concurrent.a.ax.run(SourceFile:14)
12-14 00:02:25.656 W/ErrorProcessor( 2181): 	at com.google.android.apps.gsa.shared.util.concurrent.a.bl.run(SourceFile:4)
12-14 00:02:25.656 W/ErrorProcessor( 2181): 	at com.google.android.apps.gsa.shared.util.concurrent.a.bl.run(SourceFile:4)
12-14 00:02:25.656 W/ErrorProcessor( 2181): 	at java.util.concurrent.ThreadPoolExecutor.runWorker(ThreadPoolExecutor.java:1162)
12-14 00:02:25.656 W/ErrorProcessor( 2181): 	at java.util.concurrent.ThreadPoolExecutor$Worker.run(ThreadPoolExecutor.java:636)
12-14 00:02:25.656 W/ErrorProcessor( 2181): 	at java.lang.Thread.run(Thread.java:764)
12-14 00:02:25.656 W/ErrorProcessor( 2181): 	at com.google.android.apps.gsa.shared.util.concurrent.a.ai.run(SourceFile:6)
12-14 00:02:25.656 W/ErrorProcessor( 2181): Caused by: com.google.android.apps.gsa.shared.exception.GsaIOException: Error code: 393238 | Buffer overflow, no available space.
12-14 00:02:25.656 W/ErrorProcessor( 2181): 	at com.google.android.apps.gsa.speech.audio.Tee.f(SourceFile:103)
12-14 00:02:25.656 W/ErrorProcessor( 2181): 	at com.google.android.apps.gsa.speech.audio.au.read(SourceFile:2)
12-14 00:02:25.656 W/ErrorProcessor( 2181): 	at java.io.InputStream.read(InputStream.java:101)
12-14 00:02:25.656 W/ErrorProcessor( 2181): 	at com.google.android.apps.gsa.speech.audio.ao.run(SourceFile:18)
12-14 00:02:25.656 W/ErrorProcessor( 2181): 	at com.google.android.apps.gsa.speech.audio.an.run(SourceFile:2)
12-14 00:02:25.656 W/ErrorProcessor( 2181): 	... 9 more
12-14 00:02:25.656 I/AudioController( 2181): internalShutdown
12-14 00:02:25.662 I/MicroDetector( 2181): Keeping mic open: false
12-14 00:02:25.662 I/DeviceStateChecker( 2181): DeviceStateChecker cancelled
12-14 00:02:25.663 I/MicroDetectionWorker( 2181): #onError(false)
12-14 00:02:25.667 D/EGL_emulation( 1731): eglMakeCurrent: 0x89e2b040: ver 3 0 (tinfo 0x9b043c00)
12-14 00:02:25.767 I/chatty  ( 1731): uid=10028(u0_a28) RenderThread identical 12 lines
12-14 00:02:25.783 D/EGL_emulation( 1731): eglMakeCurrent: 0x89e2b040: ver 3 0 (tinfo 0x9b043c00)
12-14 00:02:26.005 W/OpenGLRenderer( 2152): Incorrectly called buildLayer on View: ShortcutAndWidgetContainer, destroying layer...
12-14 00:02:26.011 I/OpenGLRenderer( 1627): Initialized EGL, version 1.4
12-14 00:02:26.011 D/OpenGLRenderer( 1627): Swap behavior 1
12-14 00:02:26.012 W/OpenGLRenderer( 1627): Failed to choose config with EGL_SWAP_BEHAVIOR_PRESERVED, retrying without...
12-14 00:02:26.012 D/OpenGLRenderer( 1627): Swap behavior 0
12-14 00:02:26.019 D/EGL_emulation( 1627): eglCreateContext: 0x9aeee560: maj 3 min 0 rcv 3
12-14 00:02:26.021 D/EGL_emulation( 1627): eglMakeCurrent: 0x9aeee560: ver 3 0 (tinfo 0x8a1bb470)
12-14 00:02:26.023 E/eglCodecCommon( 1627): glUtilsParamSize: unknow param 0x00008cdf
12-14 00:02:26.023 E/eglCodecCommon( 1627): glUtilsParamSize: unknow param 0x00008cdf
12-14 00:02:26.024 E/eglCodecCommon( 1627): glUtilsParamSize: unknow param 0x00008824
12-14 00:02:26.024 E/eglCodecCommon( 1627): glUtilsParamSize: unknow param 0x00008824
12-14 00:02:26.052 I/zygote  ( 1627): NativeAllocBackground concurrent copying GC freed 18931(1222KB) AllocSpace objects, 5(100KB) LOS objects, 37% free, 9MB/15MB, paused 5.410ms total 54.783ms
--------- beginning of system
12-14 00:02:28.400 E/TaskPersister( 1627): File error accessing recents directory (directory doesn't exist?).
12-14 00:02:28.608 D/AndroidRuntime( 4110): >>>>>> START com.android.internal.os.RuntimeInit uid 2000 <<<<<<
12-14 00:02:28.639 W/app_process( 4110): Unexpected CPU variant for X86 using defaults: x86
12-14 00:02:28.654 D/AndroidRuntime( 4110): Calling main entry com.android.commands.am.Am
12-14 00:02:28.656 I/ActivityManager( 1627): Force stopping com.evancharlton.mileage appid=10200 user=0: start instr
12-14 00:02:28.657 I/ActivityManager( 1627): Killing 4056:com.evancharlton.mileage/u0a200 (adj 0): stop com.evancharlton.mileage
12-14 00:02:28.659 W/ActivityManager( 1627): Crash of app com.evancharlton.mileage running instrumentation ComponentInfo{com.evancharlton.mileage.test/sh.calaba.instrumentationbackend.CalabashInstrumentationTestRunner}
12-14 00:02:28.659 I/ActivityManager( 1627): Force stopping com.evancharlton.mileage appid=10200 user=0: finished inst
12-14 00:02:28.659 I/ActivityManager( 1627): Killing 3451:com.google.android.ext.services/u0a14 (adj 906): empty #17
12-14 00:02:28.668 I/zygote  ( 4120): Not late-enabling -Xcheck:jni (already on)
12-14 00:02:28.674 I/ActivityManager( 1627): Start proc 4120:com.evancharlton.mileage/u0a200 for added application com.evancharlton.mileage
12-14 00:02:28.675 D/AndroidRuntime( 4110): Shutting down VM
12-14 00:02:28.675 W/ActivityManager( 1627): setHasOverlayUi called on unknown pid: 4056
12-14 00:02:28.675 E/memtrack( 1627): Couldn't load memtrack module
12-14 00:02:28.675 W/android.os.Debug( 1627): failed to get memory consumption info: -1
12-14 00:02:28.681 W/zygote  ( 4120): Unexpected CPU variant for X86 using defaults: x86
12-14 00:02:28.696 E/adbd    ( 1385): failed to connect to socket 'tcp:7102': Connection refused
12-14 00:02:28.698 E/adbd    ( 1385): failed to connect to socket 'tcp:7102': Connection refused
12-14 00:02:28.708 W/zygote  ( 4120): Found duplicate classes, falling back to extracting from APK : /data/app/com.evancharlton.mileage.test-mJd1ivrvK1WzYoXGvLOUcQ==/base.apk
12-14 00:02:28.708 W/zygote  ( 4120): NOTE: This wastes RAM and hurts startup performance.
12-14 00:02:28.708 W/zygote  ( 4120): Found duplicated class when checking oat files: 'Ljunit/runner/BaseTestRunner;' in /data/app/com.evancharlton.mileage.test-mJd1ivrvK1WzYoXGvLOUcQ==/base.apk and /system/framework/android.test.runner.jar
12-14 00:02:28.708 W/zygote  ( 4120): 
12-14 00:02:28.736 W/System  ( 4120): ClassLoader referenced unknown path: 
12-14 00:02:28.748 I/System.out( 4120): Main activity name automatically set to: com.evancharlton.mileage.Mileage
12-14 00:02:28.749 I/System.out( 4120): Calabash did not load Mono. This is only a problem if you are trying to test a Mono application
12-14 00:02:28.749 I/calabash( 4120): Test server port: 7102
12-14 00:02:28.751 I/InstrumentationBackend( 4120): Added:'GetPreferences', with key:'get_preferences'
12-14 00:02:28.803 E/adbd    ( 1385): failed to connect to socket 'tcp:7102': Connection refused
12-14 00:02:28.810 E/adbd    ( 1385): failed to connect to socket 'tcp:7102': Connection refused
12-14 00:02:28.811 I/InstrumentationBackend( 4120): Added:'SetPreferences', with key:'set_preferences'
12-14 00:02:28.812 I/InstrumentationBackend( 4120): Added:'ClearPreferences', with key:'clear_preferences'
12-14 00:02:28.812 I/InstrumentationBackend( 4120): Added:'PressElement', with key:'press_l10n_element'
12-14 00:02:28.812 I/InstrumentationBackend( 4120): Added:'WaitForElement', with key:'wait_for_l10n_element'
12-14 00:02:28.813 I/InstrumentationBackend( 4120): Added:'NullAction', with key:'nullAction'
12-14 00:02:28.813 I/InstrumentationBackend( 4120): Added:'PressKey', with key:'press_key'
12-14 00:02:28.813 I/InstrumentationBackend( 4120): Added:'SetActivityOrientation', with key:'set_activity_orientation'
12-14 00:02:28.814 I/InstrumentationBackend( 4120): Added:'GetActivityOrientation', with key:'get_activity_orientation'
12-14 00:02:28.814 I/InstrumentationBackend( 4120): Added:'FakeGPSLocation', with key:'set_gps_coordinates'
12-14 00:02:28.815 I/InstrumentationBackend( 4120): Added:'SetPropertyByCssSelector', with key:'set_property_by_css_selector'
12-14 00:02:28.816 I/InstrumentationBackend( 4120): Added:'GetUrl', with key:'get_url'
12-14 00:02:28.818 I/InstrumentationBackend( 4120): Added:'ScrollTo', with key:'scroll_to'
12-14 00:02:28.818 I/InstrumentationBackend( 4120): Added:'GetLoadProgress', with key:'get_load_progress'
12-14 00:02:28.819 I/InstrumentationBackend( 4120): Added:'DumpHtml', with key:'dump_html'
12-14 00:02:28.819 I/InstrumentationBackend( 4120): Added:'DumpBodyHtml', with key:'dump_body_html'
12-14 00:02:28.819 I/InstrumentationBackend( 4120): Added:'EnterTextByCssSelector', with key:'enter_text_by_selector'
12-14 00:02:28.823 I/InstrumentationBackend( 4120): Added:'AndroidSDKVersion', with key:'android_sdk_version'
12-14 00:02:28.824 I/InstrumentationBackend( 4120): Added:'Version', with key:'version'
12-14 00:02:28.824 I/InstrumentationBackend( 4120): Added:'Drag', with key:'drag'
12-14 00:02:28.824 I/InstrumentationBackend( 4120): Added:'TouchCoordinates', with key:'touch_coordinate'
12-14 00:02:28.825 I/InstrumentationBackend( 4120): Added:'LongPressCoordinate', with key:'long_press_coordinate'
12-14 00:02:28.825 I/InstrumentationBackend( 4120): Added:'DragCoordinates', with key:'drag_coordinates'
12-14 00:02:28.826 I/InstrumentationBackend( 4120): Added:'ResumeApplication', with key:'resume_application'
12-14 00:02:28.826 I/InstrumentationBackend( 4120): Added:'Swipe', with key:'swipe'
12-14 00:02:28.826 I/InstrumentationBackend( 4120): Added:'DoubleTapCoordinate', with key:'double_tap_coordinate'
12-14 00:02:28.826 I/InstrumentationBackend( 4120): Added:'ClickOnScreen', with key:'click_on_screen'
12-14 00:02:28.827 I/InstrumentationBackend( 4120): Added:'GetActivityName', with key:'get_activity_name'
12-14 00:02:28.827 I/InstrumentationBackend( 4120): Added:'ScrollToView', with key:'scroll_to_view'
12-14 00:02:28.828 I/InstrumentationBackend( 4120): Added:'ViewConfiguration', with key:'view_configuration'
12-14 00:02:28.828 I/InstrumentationBackend( 4120): Added:'IsCurrentActivityFocused', with key:'is_current_activity_focused'
12-14 00:02:28.828 I/InstrumentationBackend( 4120): Added:'SendTcp', with key:'send_tcp'
12-14 00:02:28.829 I/InstrumentationBackend( 4120): Added:'DpToDevicePixel', with key:'dp_to_device_pixel'
12-14 00:02:28.830 I/InstrumentationBackend( 4120): Added:'KeyboardEnterText', with key:'keyboard_enter_text'
12-14 00:02:28.831 I/InstrumentationBackend( 4120): Added:'DeleteSurroundingText', with key:'delete_surrounding_text'
12-14 00:02:28.832 I/InstrumentationBackend( 4120): Added:'SetComposingRegion', with key:'set_composing_region'
12-14 00:02:28.832 I/InstrumentationBackend( 4120): Added:'SetSelection', with key:'set_selection'
12-14 00:02:28.832 I/InstrumentationBackend( 4120): Added:'KeyboardKeyEvent', with key:'keyboard_key_event'
12-14 00:02:28.833 I/InstrumentationBackend( 4120): Added:'PressUserActionButton', with key:'press_user_action_button'
12-14 00:02:28.833 I/InstrumentationBackend( 4120): Added:'HideSoftKeyboard', with key:'hide_soft_keyboard'
12-14 00:02:28.835 I/InstrumentationBackend( 4120): Added:'ListActions', with key:'list_actions'
12-14 00:02:28.835 I/calabash( 4120): Instantiating http server at 7102
12-14 00:02:28.835 I/System.out( 4120): HTTP Daemon listening on: 7102
12-14 00:02:28.933 I/System.out( 4120): URI: //ping
12-14 00:02:28.934 I/System.out( 4120): params: {json={}
12-14 00:02:28.934 I/System.out( 4120): }
12-14 00:02:28.946 I/System.out( 4120): URI: //ping
12-14 00:02:28.946 I/System.out( 4120): params: {json={}
12-14 00:02:28.946 I/System.out( 4120): }
12-14 00:02:28.953 I/System.out( 4120): URI: //ready
12-14 00:02:28.953 I/System.out( 4120): params: {json={}
12-14 00:02:28.953 I/System.out( 4120): }
12-14 00:02:28.959 I/System.out( 4120): URI: //
12-14 00:02:28.959 I/System.out( 4120): params: {json={"command":"version","arguments":[]}
12-14 00:02:28.959 I/System.out( 4120): }
12-14 00:02:28.959 I/System.out( 4120): header: {content-type=application/json;charset=utf-8, date=Mon, 14 Dec 2020 05:02:29 GMT, accept=*/*, host=127.0.0.1:34777, content-length=36, user-agent=HTTPClient/1.0 (2.8.3, ruby 2.5.8 (2020-03-31))}
12-14 00:02:28.960 I/System.out( 4120): params: {json={"command":"version","arguments":[]}
12-14 00:02:28.960 I/System.out( 4120): }
12-14 00:02:28.960 I/System.out( 4120): ProP json = {"command":"version","arguments":[]}
12-14 00:02:28.960 I/System.out( 4120): files: {}
12-14 00:02:28.960 I/System.out( 4120): command: {"command":"version","arguments":[]}
12-14 00:02:28.987 I/InstrumentationBackend( 4120): Got command:'Command:'Line:null,version', arguments:'[]'
12-14 00:02:29.023 I/System.out( 4120): result:{"bonusInformation":[],"message":"0.9.8","success":true}
12-14 00:02:29.030 I/System.out( 4120): URI: //start-application
12-14 00:02:29.030 I/System.out( 4120): params: {json={"intent":null}
12-14 00:02:29.030 I/System.out( 4120): }
12-14 00:02:29.068 I/ActivityManager( 1627): START u0 {act=android.intent.action.MAIN cat=[android.intent.category.LAUNCHER] flg=0x10200000 cmp=com.evancharlton.mileage/.Mileage} from uid 10200
12-14 00:02:29.081 I/calabash( 4120): newActivity1
12-14 00:02:29.099 D/gralloc_ranchu( 1394): gralloc_alloc: Creating ashmem region of size 7753728
12-14 00:02:29.129 W/ActivityManager( 1627): Bad activity token: android.os.BinderProxy@44aa95
12-14 00:02:29.129 W/ActivityManager( 1627): java.lang.ClassCastException: android.os.BinderProxy cannot be cast to com.android.server.am.ActivityRecord$Token
12-14 00:02:29.129 W/ActivityManager( 1627): 	at com.android.server.am.ActivityRecord.forTokenLocked(ActivityRecord.java:778)
12-14 00:02:29.129 W/ActivityManager( 1627): 	at com.android.server.am.ActivityRecord.isInStackLocked(ActivityRecord.java:2085)
12-14 00:02:29.129 W/ActivityManager( 1627): 	at com.android.server.am.ActivityRecord.getStackLocked(ActivityRecord.java:2090)
12-14 00:02:29.129 W/ActivityManager( 1627): 	at com.android.server.am.ActivityManagerService.getActivityDisplayId(ActivityManagerService.java:10406)
12-14 00:02:29.129 W/ActivityManager( 1627): 	at android.app.IActivityManager$Stub.onTransact(IActivityManager.java:2738)
12-14 00:02:29.129 W/ActivityManager( 1627): 	at com.android.server.am.ActivityManagerService.onTransact(ActivityManagerService.java:2935)
12-14 00:02:29.129 W/ActivityManager( 1627): 	at android.os.Binder.execTransact(Binder.java:674)
12-14 00:02:29.132 I/calabash( 4120): newActivity1
12-14 00:02:29.143 W/ActivityManager( 1627): Bad activity token: android.os.BinderProxy@44aa95
12-14 00:02:29.143 W/ActivityManager( 1627): java.lang.ClassCastException: android.os.BinderProxy cannot be cast to com.android.server.am.ActivityRecord$Token
12-14 00:02:29.143 W/ActivityManager( 1627): 	at com.android.server.am.ActivityRecord.forTokenLocked(ActivityRecord.java:778)
12-14 00:02:29.143 W/ActivityManager( 1627): 	at com.android.server.am.ActivityRecord.isInStackLocked(ActivityRecord.java:2085)
12-14 00:02:29.143 W/ActivityManager( 1627): 	at com.android.server.am.ActivityManagerService.setTaskDescription(ActivityManagerService.java:9988)
12-14 00:02:29.143 W/ActivityManager( 1627): 	at android.app.IActivityManager$Stub.onTransact(IActivityManager.java:2824)
12-14 00:02:29.143 W/ActivityManager( 1627): 	at com.android.server.am.ActivityManagerService.onTransact(ActivityManagerService.java:2935)
12-14 00:02:29.143 W/ActivityManager( 1627): 	at android.os.Binder.execTransact(Binder.java:674)
12-14 00:02:29.146 W/ActivityManager( 1627): Bad activity token: android.os.BinderProxy@44aa95
12-14 00:02:29.146 W/ActivityManager( 1627): java.lang.ClassCastException: android.os.BinderProxy cannot be cast to com.android.server.am.ActivityRecord$Token
12-14 00:02:29.146 W/ActivityManager( 1627): 	at com.android.server.am.ActivityRecord.forTokenLocked(ActivityRecord.java:778)
12-14 00:02:29.146 W/ActivityManager( 1627): 	at com.android.server.am.ActivityRecord.isInStackLocked(ActivityRecord.java:2085)
12-14 00:02:29.146 W/ActivityManager( 1627): 	at com.android.server.am.ActivityRecord.getStackLocked(ActivityRecord.java:2090)
12-14 00:02:29.146 W/ActivityManager( 1627): 	at com.android.server.am.ActivityManagerService.getActivityStackId(ActivityManagerService.java:10417)
12-14 00:02:29.146 W/ActivityManager( 1627): 	at android.app.IActivityManager$Stub.onTransact(IActivityManager.java:3548)
12-14 00:02:29.146 W/ActivityManager( 1627): 	at com.android.server.am.ActivityManagerService.onTransact(ActivityManagerService.java:2935)
12-14 00:02:29.146 W/ActivityManager( 1627): 	at android.os.Binder.execTransact(Binder.java:674)
12-14 00:02:29.181 E/ContentStoreEUAS( 2181): Failed to commit the deferred actions
12-14 00:02:29.214 D/EGL_emulation( 2152): eglMakeCurrent: 0x9b246cc0: ver 3 0 (tinfo 0x9b3ff870)
12-14 00:02:29.221 D/EGL_emulation( 2181): eglMakeCurrent: 0x9b247fe0: ver 3 0 (tinfo 0x9b3ff760)
12-14 00:02:29.240 D/EGL_emulation( 1731): eglMakeCurrent: 0x89e2b040: ver 3 0 (tinfo 0x9b043c00)
12-14 00:02:29.241 V/StatusBar( 1731): setLightsOn(true)
12-14 00:02:29.247 D/EGL_emulation( 1731): eglMakeCurrent: 0x89e2b040: ver 3 0 (tinfo 0x9b043c00)
12-14 00:02:29.275 W/ActivityManager( 1627): Bad activity token: android.os.BinderProxy@44aa95
12-14 00:02:29.275 W/ActivityManager( 1627): java.lang.ClassCastException: android.os.BinderProxy cannot be cast to com.android.server.am.ActivityRecord$Token
12-14 00:02:29.275 W/ActivityManager( 1627): 	at com.android.server.am.ActivityRecord.forTokenLocked(ActivityRecord.java:778)
12-14 00:02:29.275 W/ActivityManager( 1627): 	at com.android.server.am.ActivityRecord.isInStackLocked(ActivityRecord.java:2085)
12-14 00:02:29.275 W/ActivityManager( 1627): 	at com.android.server.am.ActivityManagerService.getActivityOptions(ActivityManagerService.java:13302)
12-14 00:02:29.275 W/ActivityManager( 1627): 	at android.app.IActivityManager$Stub.onTransact(IActivityManager.java:2910)
12-14 00:02:29.275 W/ActivityManager( 1627): 	at com.android.server.am.ActivityManagerService.onTransact(ActivityManagerService.java:2935)
12-14 00:02:29.275 W/ActivityManager( 1627): 	at android.os.Binder.execTransact(Binder.java:674)
12-14 00:02:29.275 W/ActivityManager( 1627): Bad activity token: android.os.BinderProxy@44aa95
12-14 00:02:29.275 W/ActivityManager( 1627): java.lang.ClassCastException: android.os.BinderProxy cannot be cast to com.android.server.am.ActivityRecord$Token
12-14 00:02:29.275 W/ActivityManager( 1627): 	at com.android.server.am.ActivityRecord.forTokenLocked(ActivityRecord.java:778)
12-14 00:02:29.275 W/ActivityManager( 1627): 	at com.android.server.am.ActivityRecord.isInStackLocked(ActivityRecord.java:2085)
12-14 00:02:29.275 W/ActivityManager( 1627): 	at com.android.server.am.ActivityManagerService.getActivityOptions(ActivityManagerService.java:13302)
12-14 00:02:29.275 W/ActivityManager( 1627): 	at android.app.IActivityManager$Stub.onTransact(IActivityManager.java:2910)
12-14 00:02:29.275 W/ActivityManager( 1627): 	at com.android.server.am.ActivityManagerService.onTransact(ActivityManagerService.java:2935)
12-14 00:02:29.275 W/ActivityManager( 1627): 	at android.os.Binder.execTransact(Binder.java:674)
12-14 00:02:29.353 I/chatty  ( 1731): uid=10028(u0_a28) RenderThread identical 12 lines
12-14 00:02:29.357 D/EGL_emulation( 1731): eglMakeCurrent: 0x89e2b040: ver 3 0 (tinfo 0x9b043c00)
12-14 00:02:29.358 V/StatusBar( 1731): setLightsOn(true)
12-14 00:02:29.371 D/EGL_emulation( 1731): eglMakeCurrent: 0x89e2b040: ver 3 0 (tinfo 0x9b043c00)
12-14 00:02:29.410 I/chatty  ( 1731): uid=10028(u0_a28) RenderThread identical 5 lines
12-14 00:02:29.420 D/EGL_emulation( 1731): eglMakeCurrent: 0x89e2b040: ver 3 0 (tinfo 0x9b043c00)
12-14 00:02:29.422 I/zygote  ( 4120): Do partial code cache collection, code=29KB, data=30KB
12-14 00:02:29.423 I/zygote  ( 4120): After code cache collection, code=29KB, data=30KB
12-14 00:02:29.423 I/zygote  ( 4120): Increasing code cache capacity to 128KB
12-14 00:02:29.425 I/zygote  ( 4120): Do partial code cache collection, code=29KB, data=48KB
12-14 00:02:29.425 I/zygote  ( 4120): After code cache collection, code=29KB, data=48KB
12-14 00:02:29.425 I/zygote  ( 4120): Increasing code cache capacity to 256KB
12-14 00:02:29.426 D/EGL_emulation( 1731): eglMakeCurrent: 0x89e2b040: ver 3 0 (tinfo 0x9b043c00)
12-14 00:02:29.426 I/zygote  ( 4120): JIT allocated 71KB for compiled code of void android.widget.TextView.<init>(android.content.Context, android.util.AttributeSet, int, int)
12-14 00:02:29.426 I/zygote  ( 4120): Compiler allocated 4MB to compile void android.widget.TextView.<init>(android.content.Context, android.util.AttributeSet, int, int)
12-14 00:02:29.431 D/EGL_emulation( 1731): eglMakeCurrent: 0x89e2b040: ver 3 0 (tinfo 0x9b043c00)
12-14 00:02:29.441 I/chatty  ( 1731): uid=10028(u0_a28) RenderThread identical 1 line
12-14 00:02:29.449 D/EGL_emulation( 1731): eglMakeCurrent: 0x89e2b040: ver 3 0 (tinfo 0x9b043c00)
12-14 00:02:29.451 V/StatusBar( 1731): setLightsOn(true)
12-14 00:02:29.455 V/StatusBar( 1731): setLightsOn(true)
12-14 00:02:29.491 D/gralloc_ranchu( 1394): gralloc_alloc: Creating ashmem region of size 7753728
12-14 00:02:29.534 D/        ( 4120): HostConnection::get() New Host Connection established 0x9af30d40, tid 4120
12-14 00:02:29.588 V/StatusBar( 1731): setLightsOn(true)
12-14 00:02:29.590 V/StatusBar( 1731): setLightsOn(true)
12-14 00:02:29.592 I/ActivityManager( 1627): Displayed com.evancharlton.mileage/.Mileage: +517ms
12-14 00:02:29.596 V/StatusBar( 1731): setLightsOn(true)
12-14 00:02:29.601 V/StatusBar( 1731): setLightsOn(true)
12-14 00:02:29.627 D/gralloc_ranchu( 1394): gralloc_alloc: Creating ashmem region of size 7753728
12-14 00:02:29.684 V/StatusBar( 1731): setLightsOn(true)
12-14 00:02:29.760 I/zygote  ( 4120): Do full code cache collection, code=125KB, data=71KB
12-14 00:02:29.761 I/zygote  ( 4120): After code cache collection, code=108KB, data=44KB
12-14 00:02:29.770 V/StatusBar( 1731): setLightsOn(true)
