--------- beginning of main
12-14 04:06:14.265 E/adbd    ( 1383): failed to connect to socket 'tcp:7102': Connection refused
12-14 04:06:14.349 V/StatusBar( 1733): setLightsOn(true)
--------- beginning of system
12-14 04:06:14.352 W/ActivityManager( 1629): Finishing task with all activities already finished
12-14 04:06:14.352 W/ActivityManager( 1629): Duplicate finish request for ActivityRecord{e5fcc71 u0 com.evancharlton.mileage/.Mileage t203 f}
12-14 04:06:14.360 W/ActivityManager( 1629): Finishing task with all activities already finished
12-14 04:06:14.360 W/ActivityManager( 1629): Duplicate finish request for ActivityRecord{e5fcc71 u0 com.evancharlton.mileage/.Mileage t203 f}
12-14 04:06:14.361 W/ActivityManager( 1629): Finishing task with all activities already finished
12-14 04:06:14.361 W/ActivityManager( 1629): Duplicate finish request for ActivityRecord{e5fcc71 u0 com.evancharlton.mileage/.Mileage t203 f}
12-14 04:06:14.366 I/chatty  ( 1733): uid=10028(u0_a28) com.android.systemui identical 3 lines
12-14 04:06:14.394 V/StatusBar( 1733): setLightsOn(true)
12-14 04:06:14.397 D/gralloc_ranchu( 1396): gralloc_alloc: Creating ashmem region of size 8298496
12-14 04:06:14.428 D/gralloc_ranchu( 1396): gralloc_alloc: Creating ashmem region of size 8298496
12-14 04:06:14.429 D/SurfaceFlinger( 1412): duplicate layer name: changing com.google.android.apps.nexuslauncher/com.google.android.apps.nexuslauncher.NexusLauncherActivity to com.google.android.apps.nexuslauncher/com.google.android.apps.nexuslauncher.NexusLauncherActivity#1
12-14 04:06:14.443 D/EGL_emulation( 1733): eglMakeCurrent: 0x8bbd9340: ver 3 0 (tinfo 0x9aeecb20)
12-14 04:06:14.467 D/gralloc_ranchu( 1396): gralloc_alloc: Creating ashmem region of size 8298496
12-14 04:06:14.468 E/TaskPersister( 1629): File error accessing recents directory (directory doesn't exist?).
12-14 04:06:14.483 D/gralloc_ranchu( 1396): gralloc_alloc: Creating ashmem region of size 8298496
12-14 04:06:14.589 E/hw-IPCThreadState( 1396): binder thread pool (1 threads) starved for 105 ms
12-14 04:06:14.591 D/gralloc_ranchu( 1396): gralloc_alloc: Creating ashmem region of size 8298496
12-14 04:06:14.592 E/IPCThreadState( 1412): binder thread pool (4 threads) starved for 146 ms
12-14 04:06:14.693 E/hw-IPCThreadState( 1396): binder thread pool (1 threads) starved for 102 ms
12-14 04:06:14.694 D/gralloc_ranchu( 1396): gralloc_alloc: Creating ashmem region of size 8298496
12-14 04:06:14.823 E/hw-IPCThreadState( 1396): binder thread pool (1 threads) starved for 128 ms
12-14 04:06:14.857 D/EGL_emulation( 2173): eglMakeCurrent: 0x9f685b40: ver 3 0 (tinfo 0x9f6837b0)
12-14 04:06:14.871 W/SessionLifecycleManager( 2173): Handover failed. Creating new session controller.
12-14 04:06:14.911 D/EGL_emulation( 2149): eglMakeCurrent: 0x9ce7d680: ver 3 0 (tinfo 0x9ce7fea0)
12-14 04:06:14.954 D/gralloc_ranchu( 1396): gralloc_alloc: Creating ashmem region of size 7753728
12-14 04:06:14.965 I/MicroDetectionWorker( 2173): #updateMicroDetector [detectionMode: [mDetectionMode: [1]]]
12-14 04:06:14.965 I/MicroDetectionWorker( 2173): #startMicroDetector [speakerMode: 0]
12-14 04:06:14.968 I/AudioController( 2173): Using mInputStreamFactoryBuilder
12-14 04:06:14.973 I/MicroRecognitionRunner( 2173): Starting detection.
12-14 04:06:14.977 I/MicrophoneInputStream( 2173): mic_starting com.google.android.apps.gsa.staticplugins.aa.c@2248f0f
12-14 04:06:14.981 I/MicroDetectionWorker( 2173): onReady
12-14 04:06:14.986 D/        ( 1733): HostConnection::get() New Host Connection established 0x8a9917c0, tid 1751
12-14 04:06:14.990 I/MicrophoneInputStream( 2173): mic_started com.google.android.apps.gsa.staticplugins.aa.c@2248f0f
12-14 04:06:14.993 D/EGL_emulation( 1733): eglMakeCurrent: 0x8bbd9340: ver 3 0 (tinfo 0x9aeecb20)
12-14 04:06:15.004 E/ActivityThread( 2173): Failed to find provider info for com.google.android.apps.gsa.testing.ui.audio.recorded
12-14 04:06:15.010 I/MicroDetectionWorker( 2173): onReady
12-14 04:06:15.013 I/MicrophoneInputStream( 2173): mic_close com.google.android.apps.gsa.staticplugins.aa.c@2248f0f
12-14 04:06:15.019 I/AudioFlinger( 1477): AudioFlinger's thread 0xac803800 tid=4062 ready to run
12-14 04:06:15.038 D/EGL_emulation( 1733): eglMakeCurrent: 0x8bbd9340: ver 3 0 (tinfo 0x9aeecb20)
12-14 04:06:15.046 D/EGL_emulation( 1733): eglMakeCurrent: 0x8bbd9340: ver 3 0 (tinfo 0x9aeecb20)
12-14 04:06:15.053 I/MicroRecognitionRunner( 2173): Detection finished
12-14 04:06:15.056 D/EGL_emulation( 1733): eglMakeCurrent: 0x8bbd9340: ver 3 0 (tinfo 0x9aeecb20)
12-14 04:06:15.071 W/ErrorReporter( 2173): reportError [type: 211, code: 524300]: Error reading from input stream
12-14 04:06:15.074 D/EGL_emulation( 1733): eglMakeCurrent: 0x8bbd9340: ver 3 0 (tinfo 0x9aeecb20)
12-14 04:06:15.114 I/chatty  ( 1733): uid=10028(u0_a28) RenderThread identical 4 lines
12-14 04:06:15.123 D/EGL_emulation( 1733): eglMakeCurrent: 0x8bbd9340: ver 3 0 (tinfo 0x9aeecb20)
12-14 04:06:15.136 I/MicroRecognitionRunner( 2173): Stopping hotword detection.
12-14 04:06:15.137 D/EGL_emulation( 1733): eglMakeCurrent: 0x8bbd9340: ver 3 0 (tinfo 0x9aeecb20)
12-14 04:06:15.137 W/ErrorProcessor( 2173): onFatalError, processing error from engine(4)
12-14 04:06:15.137 W/ErrorProcessor( 2173): com.google.android.apps.gsa.shared.speech.b.g: Error reading from input stream
12-14 04:06:15.137 W/ErrorProcessor( 2173): 	at com.google.android.apps.gsa.staticplugins.recognizer.j.a.a(SourceFile:28)
12-14 04:06:15.137 W/ErrorProcessor( 2173): 	at com.google.android.apps.gsa.staticplugins.recognizer.j.b.run(SourceFile:15)
12-14 04:06:15.137 W/ErrorProcessor( 2173): 	at java.util.concurrent.Executors$RunnableAdapter.call(Executors.java:457)
12-14 04:06:15.137 W/ErrorProcessor( 2173): 	at java.util.concurrent.FutureTask.run(FutureTask.java:266)
12-14 04:06:15.137 W/ErrorProcessor( 2173): 	at com.google.android.apps.gsa.shared.util.concurrent.a.ax.run(SourceFile:14)
12-14 04:06:15.137 W/ErrorProcessor( 2173): 	at com.google.android.apps.gsa.shared.util.concurrent.a.bl.run(SourceFile:4)
12-14 04:06:15.137 W/ErrorProcessor( 2173): 	at com.google.android.apps.gsa.shared.util.concurrent.a.bl.run(SourceFile:4)
12-14 04:06:15.137 W/ErrorProcessor( 2173): 	at java.util.concurrent.ThreadPoolExecutor.runWorker(ThreadPoolExecutor.java:1162)
12-14 04:06:15.137 W/ErrorProcessor( 2173): 	at java.util.concurrent.ThreadPoolExecutor$Worker.run(ThreadPoolExecutor.java:636)
12-14 04:06:15.137 W/ErrorProcessor( 2173): 	at java.lang.Thread.run(Thread.java:764)
12-14 04:06:15.137 W/ErrorProcessor( 2173): 	at com.google.android.apps.gsa.shared.util.concurrent.a.ai.run(SourceFile:6)
12-14 04:06:15.137 W/ErrorProcessor( 2173): Caused by: com.google.android.apps.gsa.shared.exception.GsaIOException: Error code: 393238 | Buffer overflow, no available space.
12-14 04:06:15.137 W/ErrorProcessor( 2173): 	at com.google.android.apps.gsa.speech.audio.Tee.f(SourceFile:103)
12-14 04:06:15.137 W/ErrorProcessor( 2173): 	at com.google.android.apps.gsa.speech.audio.au.read(SourceFile:2)
12-14 04:06:15.137 W/ErrorProcessor( 2173): 	at java.io.InputStream.read(InputStream.java:101)
12-14 04:06:15.137 W/ErrorProcessor( 2173): 	at com.google.android.apps.gsa.speech.audio.ao.run(SourceFile:18)
12-14 04:06:15.137 W/ErrorProcessor( 2173): 	at com.google.android.apps.gsa.speech.audio.an.run(SourceFile:2)
12-14 04:06:15.137 W/ErrorProcessor( 2173): 	... 9 more
12-14 04:06:15.138 I/AudioController( 2173): internalShutdown
12-14 04:06:15.147 D/EGL_emulation( 1733): eglMakeCurrent: 0x8bbd9340: ver 3 0 (tinfo 0x9aeecb20)
12-14 04:06:15.154 D/EGL_emulation( 1733): eglMakeCurrent: 0x8bbd9340: ver 3 0 (tinfo 0x9aeecb20)
12-14 04:06:15.160 I/MicroDetector( 2173): Keeping mic open: false
12-14 04:06:15.160 I/MicroDetectionWorker( 2173): #onError(false)
12-14 04:06:15.161 I/DeviceStateChecker( 2173): DeviceStateChecker cancelled
12-14 04:06:15.171 D/EGL_emulation( 1733): eglMakeCurrent: 0x8bbd9340: ver 3 0 (tinfo 0x9aeecb20)
12-14 04:06:15.236 I/chatty  ( 1733): uid=10028(u0_a28) RenderThread identical 4 lines
12-14 04:06:15.244 D/EGL_emulation( 1733): eglMakeCurrent: 0x8bbd9340: ver 3 0 (tinfo 0x9aeecb20)
12-14 04:06:15.380 W/OpenGLRenderer( 2149): Incorrectly called buildLayer on View: ShortcutAndWidgetContainer, destroying layer...
12-14 04:06:15.430 D/BoundBrokerSvc( 1945): onUnbind: Intent { act=com.google.android.gms.pseudonymous.service.START cmp=com.google.android.gms/.chimera.PersistentApiService }
12-14 04:06:15.484 D/AndroidRuntime( 4057): >>>>>> START com.android.internal.os.RuntimeInit uid 2000 <<<<<<
12-14 04:06:15.523 I/OpenGLRenderer( 1629): Initialized EGL, version 1.4
12-14 04:06:15.523 D/OpenGLRenderer( 1629): Swap behavior 1
12-14 04:06:15.523 W/OpenGLRenderer( 1629): Failed to choose config with EGL_SWAP_BEHAVIOR_PRESERVED, retrying without...
12-14 04:06:15.523 D/OpenGLRenderer( 1629): Swap behavior 0
12-14 04:06:15.533 D/EGL_emulation( 1629): eglCreateContext: 0x8907f9a0: maj 3 min 0 rcv 3
12-14 04:06:15.536 D/EGL_emulation( 1629): eglMakeCurrent: 0x8907f9a0: ver 3 0 (tinfo 0x88d37de0)
12-14 04:06:15.537 E/eglCodecCommon( 1629): glUtilsParamSize: unknow param 0x00008cdf
12-14 04:06:15.538 E/eglCodecCommon( 1629): glUtilsParamSize: unknow param 0x00008cdf
12-14 04:06:15.538 E/eglCodecCommon( 1629): glUtilsParamSize: unknow param 0x00008824
12-14 04:06:15.538 E/eglCodecCommon( 1629): glUtilsParamSize: unknow param 0x00008824
12-14 04:06:15.547 W/app_process( 4057): Unexpected CPU variant for X86 using defaults: x86
12-14 04:06:15.566 D/        ( 1629): HostConnection::get() New Host Connection established 0x89afb800, tid 1634
12-14 04:06:15.587 D/AndroidRuntime( 4057): Calling main entry com.android.commands.am.Am
12-14 04:06:15.590 I/ActivityManager( 1629): Force stopping com.evancharlton.mileage appid=10450 user=0: start instr
12-14 04:06:15.590 I/ActivityManager( 1629): Killing 3990:com.evancharlton.mileage/u0a450 (adj 0): stop com.evancharlton.mileage
12-14 04:06:15.594 W/ActivityManager( 1629): Crash of app com.evancharlton.mileage running instrumentation ComponentInfo{com.evancharlton.mileage.test/sh.calaba.instrumentationbackend.CalabashInstrumentationTestRunner}
12-14 04:06:15.594 I/ActivityManager( 1629): Force stopping com.evancharlton.mileage appid=10450 user=0: finished inst
12-14 04:06:15.610 I/zygote  ( 4071): Not late-enabling -Xcheck:jni (already on)
12-14 04:06:15.610 I/ActivityManager( 1629): Start proc 4071:com.evancharlton.mileage/u0a450 for added application com.evancharlton.mileage
12-14 04:06:15.611 D/AndroidRuntime( 4057): Shutting down VM
12-14 04:06:15.638 W/zygote  ( 4071): Unexpected CPU variant for X86 using defaults: x86
12-14 04:06:15.640 E/adbd    ( 1383): failed to connect to socket 'tcp:7102': Connection refused
12-14 04:06:15.643 E/adbd    ( 1383): failed to connect to socket 'tcp:7102': Connection refused
12-14 04:06:15.662 W/ActivityManager( 1629): setHasOverlayUi called on unknown pid: 3990
12-14 04:06:15.671 W/zygote  ( 4071): Found duplicate classes, falling back to extracting from APK : /data/app/com.evancharlton.mileage.test-pLccz0_JyibPzu8aiAMfYQ==/base.apk
12-14 04:06:15.671 W/zygote  ( 4071): NOTE: This wastes RAM and hurts startup performance.
12-14 04:06:15.671 W/zygote  ( 4071): Found duplicated class when checking oat files: 'Ljunit/runner/BaseTestRunner;' in /data/app/com.evancharlton.mileage.test-pLccz0_JyibPzu8aiAMfYQ==/base.apk and /system/framework/android.test.runner.jar
12-14 04:06:15.671 W/zygote  ( 4071): 
12-14 04:06:15.707 W/System  ( 4071): ClassLoader referenced unknown path: 
12-14 04:06:15.721 I/System.out( 4071): Main activity name automatically set to: com.evancharlton.mileage.Mileage
12-14 04:06:15.722 I/System.out( 4071): Calabash did not load Mono. This is only a problem if you are trying to test a Mono application
12-14 04:06:15.722 I/calabash( 4071): Test server port: 7102
12-14 04:06:15.725 I/InstrumentationBackend( 4071): Added:'GetPreferences', with key:'get_preferences'
12-14 04:06:15.752 E/adbd    ( 1383): failed to connect to socket 'tcp:7102': Connection refused
12-14 04:06:15.761 E/adbd    ( 1383): failed to connect to socket 'tcp:7102': Connection refused
12-14 04:06:15.801 I/InstrumentationBackend( 4071): Added:'SetPreferences', with key:'set_preferences'
12-14 04:06:15.801 I/InstrumentationBackend( 4071): Added:'ClearPreferences', with key:'clear_preferences'
12-14 04:06:15.802 I/InstrumentationBackend( 4071): Added:'PressElement', with key:'press_l10n_element'
12-14 04:06:15.802 I/InstrumentationBackend( 4071): Added:'WaitForElement', with key:'wait_for_l10n_element'
12-14 04:06:15.803 I/InstrumentationBackend( 4071): Added:'NullAction', with key:'nullAction'
12-14 04:06:15.803 I/InstrumentationBackend( 4071): Added:'PressKey', with key:'press_key'
12-14 04:06:15.804 I/InstrumentationBackend( 4071): Added:'SetActivityOrientation', with key:'set_activity_orientation'
12-14 04:06:15.804 I/InstrumentationBackend( 4071): Added:'GetActivityOrientation', with key:'get_activity_orientation'
12-14 04:06:15.804 I/InstrumentationBackend( 4071): Added:'FakeGPSLocation', with key:'set_gps_coordinates'
12-14 04:06:15.805 I/InstrumentationBackend( 4071): Added:'SetPropertyByCssSelector', with key:'set_property_by_css_selector'
12-14 04:06:15.807 I/InstrumentationBackend( 4071): Added:'GetUrl', with key:'get_url'
12-14 04:06:15.810 I/InstrumentationBackend( 4071): Added:'ScrollTo', with key:'scroll_to'
12-14 04:06:15.810 I/InstrumentationBackend( 4071): Added:'GetLoadProgress', with key:'get_load_progress'
12-14 04:06:15.812 I/InstrumentationBackend( 4071): Added:'DumpHtml', with key:'dump_html'
12-14 04:06:15.813 I/InstrumentationBackend( 4071): Added:'DumpBodyHtml', with key:'dump_body_html'
12-14 04:06:15.814 I/InstrumentationBackend( 4071): Added:'EnterTextByCssSelector', with key:'enter_text_by_selector'
12-14 04:06:15.818 I/InstrumentationBackend( 4071): Added:'AndroidSDKVersion', with key:'android_sdk_version'
12-14 04:06:15.818 I/InstrumentationBackend( 4071): Added:'Version', with key:'version'
12-14 04:06:15.819 I/InstrumentationBackend( 4071): Added:'Drag', with key:'drag'
12-14 04:06:15.819 I/InstrumentationBackend( 4071): Added:'TouchCoordinates', with key:'touch_coordinate'
12-14 04:06:15.819 I/InstrumentationBackend( 4071): Added:'LongPressCoordinate', with key:'long_press_coordinate'
12-14 04:06:15.820 I/InstrumentationBackend( 4071): Added:'DragCoordinates', with key:'drag_coordinates'
12-14 04:06:15.820 I/InstrumentationBackend( 4071): Added:'ResumeApplication', with key:'resume_application'
12-14 04:06:15.820 I/InstrumentationBackend( 4071): Added:'Swipe', with key:'swipe'
12-14 04:06:15.821 I/InstrumentationBackend( 4071): Added:'DoubleTapCoordinate', with key:'double_tap_coordinate'
12-14 04:06:15.821 I/InstrumentationBackend( 4071): Added:'ClickOnScreen', with key:'click_on_screen'
12-14 04:06:15.822 I/InstrumentationBackend( 4071): Added:'GetActivityName', with key:'get_activity_name'
12-14 04:06:15.823 I/InstrumentationBackend( 4071): Added:'ScrollToView', with key:'scroll_to_view'
12-14 04:06:15.823 I/InstrumentationBackend( 4071): Added:'ViewConfiguration', with key:'view_configuration'
12-14 04:06:15.824 I/InstrumentationBackend( 4071): Added:'IsCurrentActivityFocused', with key:'is_current_activity_focused'
12-14 04:06:15.825 I/InstrumentationBackend( 4071): Added:'SendTcp', with key:'send_tcp'
12-14 04:06:15.825 I/InstrumentationBackend( 4071): Added:'DpToDevicePixel', with key:'dp_to_device_pixel'
12-14 04:06:15.827 I/InstrumentationBackend( 4071): Added:'KeyboardEnterText', with key:'keyboard_enter_text'
12-14 04:06:15.827 I/InstrumentationBackend( 4071): Added:'DeleteSurroundingText', with key:'delete_surrounding_text'
12-14 04:06:15.828 I/InstrumentationBackend( 4071): Added:'SetComposingRegion', with key:'set_composing_region'
12-14 04:06:15.828 I/InstrumentationBackend( 4071): Added:'SetSelection', with key:'set_selection'
12-14 04:06:15.829 I/InstrumentationBackend( 4071): Added:'KeyboardKeyEvent', with key:'keyboard_key_event'
12-14 04:06:15.829 I/InstrumentationBackend( 4071): Added:'PressUserActionButton', with key:'press_user_action_button'
12-14 04:06:15.830 I/InstrumentationBackend( 4071): Added:'HideSoftKeyboard', with key:'hide_soft_keyboard'
12-14 04:06:15.832 I/InstrumentationBackend( 4071): Added:'ListActions', with key:'list_actions'
12-14 04:06:15.832 I/calabash( 4071): Instantiating http server at 7102
12-14 04:06:15.832 I/System.out( 4071): HTTP Daemon listening on: 7102
12-14 04:06:15.893 I/System.out( 4071): URI: //ping
12-14 04:06:15.893 I/System.out( 4071): params: {json={}
12-14 04:06:15.893 I/System.out( 4071): }
12-14 04:06:15.905 I/System.out( 4071): URI: //ping
12-14 04:06:15.906 I/System.out( 4071): params: {json={}
12-14 04:06:15.906 I/System.out( 4071): }
12-14 04:06:15.913 I/System.out( 4071): URI: //ready
12-14 04:06:15.913 I/System.out( 4071): params: {json={}
12-14 04:06:15.913 I/System.out( 4071): }
12-14 04:06:15.920 I/System.out( 4071): URI: //
12-14 04:06:15.921 I/System.out( 4071): params: {json={"command":"version","arguments":[]}
12-14 04:06:15.921 I/System.out( 4071): }
12-14 04:06:15.921 I/System.out( 4071): header: {content-type=application/json;charset=utf-8, date=Mon, 14 Dec 2020 09:06:16 GMT, accept=*/*, host=127.0.0.1:34777, content-length=36, user-agent=HTTPClient/1.0 (2.8.3, ruby 2.5.8 (2020-03-31))}
12-14 04:06:15.921 I/System.out( 4071): params: {json={"command":"version","arguments":[]}
12-14 04:06:15.921 I/System.out( 4071): }
12-14 04:06:15.921 I/System.out( 4071): ProP json = {"command":"version","arguments":[]}
12-14 04:06:15.921 I/System.out( 4071): files: {}
12-14 04:06:15.921 I/System.out( 4071): command: {"command":"version","arguments":[]}
12-14 04:06:15.951 I/InstrumentationBackend( 4071): Got command:'Command:'Line:null,version', arguments:'[]'
12-14 04:06:15.987 I/System.out( 4071): result:{"bonusInformation":[],"message":"0.9.8","success":true}
12-14 04:06:15.996 I/System.out( 4071): URI: //start-application
12-14 04:06:15.996 I/System.out( 4071): params: {json={"intent":null}
12-14 04:06:15.996 I/System.out( 4071): }
12-14 04:06:16.037 I/ActivityManager( 1629): START u0 {act=android.intent.action.MAIN cat=[android.intent.category.LAUNCHER] flg=0x10200000 cmp=com.evancharlton.mileage/.Mileage} from uid 10450
12-14 04:06:16.051 I/calabash( 4071): newActivity1
12-14 04:06:16.072 W/ActivityManager( 1629): Bad activity token: android.os.BinderProxy@e5cc084
12-14 04:06:16.072 W/ActivityManager( 1629): java.lang.ClassCastException: android.os.BinderProxy cannot be cast to com.android.server.am.ActivityRecord$Token
12-14 04:06:16.072 W/ActivityManager( 1629): 	at com.android.server.am.ActivityRecord.forTokenLocked(ActivityRecord.java:778)
12-14 04:06:16.072 W/ActivityManager( 1629): 	at com.android.server.am.ActivityRecord.isInStackLocked(ActivityRecord.java:2085)
12-14 04:06:16.072 W/ActivityManager( 1629): 	at com.android.server.am.ActivityRecord.getStackLocked(ActivityRecord.java:2090)
12-14 04:06:16.072 W/ActivityManager( 1629): 	at com.android.server.am.ActivityManagerService.getActivityDisplayId(ActivityManagerService.java:10406)
12-14 04:06:16.072 W/ActivityManager( 1629): 	at android.app.IActivityManager$Stub.onTransact(IActivityManager.java:2738)
12-14 04:06:16.072 W/ActivityManager( 1629): 	at com.android.server.am.ActivityManagerService.onTransact(ActivityManagerService.java:2935)
12-14 04:06:16.072 W/ActivityManager( 1629): 	at android.os.Binder.execTransact(Binder.java:674)
12-14 04:06:16.073 I/calabash( 4071): newActivity1
12-14 04:06:16.086 W/ActivityManager( 1629): Bad activity token: android.os.BinderProxy@e5cc084
12-14 04:06:16.086 W/ActivityManager( 1629): java.lang.ClassCastException: android.os.BinderProxy cannot be cast to com.android.server.am.ActivityRecord$Token
12-14 04:06:16.086 W/ActivityManager( 1629): 	at com.android.server.am.ActivityRecord.forTokenLocked(ActivityRecord.java:778)
12-14 04:06:16.086 W/ActivityManager( 1629): 	at com.android.server.am.ActivityRecord.isInStackLocked(ActivityRecord.java:2085)
12-14 04:06:16.086 W/ActivityManager( 1629): 	at com.android.server.am.ActivityManagerService.setTaskDescription(ActivityManagerService.java:9988)
12-14 04:06:16.086 W/ActivityManager( 1629): 	at android.app.IActivityManager$Stub.onTransact(IActivityManager.java:2824)
12-14 04:06:16.086 W/ActivityManager( 1629): 	at com.android.server.am.ActivityManagerService.onTransact(ActivityManagerService.java:2935)
12-14 04:06:16.086 W/ActivityManager( 1629): 	at android.os.Binder.execTransact(Binder.java:674)
12-14 04:06:16.086 W/ActivityManager( 1629): Bad activity token: android.os.BinderProxy@e5cc084
12-14 04:06:16.086 W/ActivityManager( 1629): java.lang.ClassCastException: android.os.BinderProxy cannot be cast to com.android.server.am.ActivityRecord$Token
12-14 04:06:16.086 W/ActivityManager( 1629): 	at com.android.server.am.ActivityRecord.forTokenLocked(ActivityRecord.java:778)
12-14 04:06:16.086 W/ActivityManager( 1629): 	at com.android.server.am.ActivityRecord.isInStackLocked(ActivityRecord.java:2085)
12-14 04:06:16.086 W/ActivityManager( 1629): 	at com.android.server.am.ActivityRecord.getStackLocked(ActivityRecord.java:2090)
12-14 04:06:16.086 W/ActivityManager( 1629): 	at com.android.server.am.ActivityManagerService.getActivityStackId(ActivityManagerService.java:10417)
12-14 04:06:16.086 W/ActivityManager( 1629): 	at android.app.IActivityManager$Stub.onTransact(IActivityManager.java:3548)
12-14 04:06:16.086 W/ActivityManager( 1629): 	at com.android.server.am.ActivityManagerService.onTransact(ActivityManagerService.java:2935)
12-14 04:06:16.086 W/ActivityManager( 1629): 	at android.os.Binder.execTransact(Binder.java:674)
12-14 04:06:16.094 D/gralloc_ranchu( 1396): gralloc_alloc: Creating ashmem region of size 7753728
12-14 04:06:16.144 D/EGL_emulation( 2173): eglMakeCurrent: 0x9f685b40: ver 3 0 (tinfo 0x9f6837b0)
12-14 04:06:16.148 D/EGL_emulation( 2149): eglMakeCurrent: 0x9ce7d680: ver 3 0 (tinfo 0x9ce7fea0)
12-14 04:06:16.153 V/StatusBar( 1733): setLightsOn(true)
12-14 04:06:16.168 D/EGL_emulation( 1733): eglMakeCurrent: 0x8bbd9340: ver 3 0 (tinfo 0x9aeecb20)
12-14 04:06:16.170 V/StatusBar( 1733): setLightsOn(true)
12-14 04:06:16.183 D/EGL_emulation( 1733): eglMakeCurrent: 0x8bbd9340: ver 3 0 (tinfo 0x9aeecb20)
12-14 04:06:16.196 I/chatty  ( 1733): uid=10028(u0_a28) RenderThread identical 1 line
12-14 04:06:16.202 D/EGL_emulation( 1733): eglMakeCurrent: 0x8bbd9340: ver 3 0 (tinfo 0x9aeecb20)
12-14 04:06:16.210 E/ContentStoreEUAS( 2173): Failed to commit the deferred actions
12-14 04:06:16.217 D/EGL_emulation( 1733): eglMakeCurrent: 0x8bbd9340: ver 3 0 (tinfo 0x9aeecb20)
12-14 04:06:16.218 V/StatusBar( 1733): setLightsOn(true)
12-14 04:06:16.221 D/EGL_emulation( 1733): eglMakeCurrent: 0x8bbd9340: ver 3 0 (tinfo 0x9aeecb20)
12-14 04:06:16.235 W/ActivityManager( 1629): Bad activity token: android.os.BinderProxy@e5cc084
12-14 04:06:16.235 W/ActivityManager( 1629): java.lang.ClassCastException: android.os.BinderProxy cannot be cast to com.android.server.am.ActivityRecord$Token
12-14 04:06:16.235 W/ActivityManager( 1629): 	at com.android.server.am.ActivityRecord.forTokenLocked(ActivityRecord.java:778)
12-14 04:06:16.235 W/ActivityManager( 1629): 	at com.android.server.am.ActivityRecord.isInStackLocked(ActivityRecord.java:2085)
12-14 04:06:16.235 W/ActivityManager( 1629): 	at com.android.server.am.ActivityManagerService.getActivityOptions(ActivityManagerService.java:13302)
12-14 04:06:16.235 W/ActivityManager( 1629): 	at android.app.IActivityManager$Stub.onTransact(IActivityManager.java:2910)
12-14 04:06:16.235 W/ActivityManager( 1629): 	at com.android.server.am.ActivityManagerService.onTransact(ActivityManagerService.java:2935)
12-14 04:06:16.235 W/ActivityManager( 1629): 	at android.os.Binder.execTransact(Binder.java:674)
12-14 04:06:16.235 W/ActivityManager( 1629): Bad activity token: android.os.BinderProxy@e5cc084
12-14 04:06:16.235 W/ActivityManager( 1629): java.lang.ClassCastException: android.os.BinderProxy cannot be cast to com.android.server.am.ActivityRecord$Token
12-14 04:06:16.235 W/ActivityManager( 1629): 	at com.android.server.am.ActivityRecord.forTokenLocked(ActivityRecord.java:778)
12-14 04:06:16.235 W/ActivityManager( 1629): 	at com.android.server.am.ActivityRecord.isInStackLocked(ActivityRecord.java:2085)
12-14 04:06:16.235 W/ActivityManager( 1629): 	at com.android.server.am.ActivityManagerService.getActivityOptions(ActivityManagerService.java:13302)
12-14 04:06:16.235 W/ActivityManager( 1629): 	at android.app.IActivityManager$Stub.onTransact(IActivityManager.java:2910)
12-14 04:06:16.235 W/ActivityManager( 1629): 	at com.android.server.am.ActivityManagerService.onTransact(ActivityManagerService.java:2935)
12-14 04:06:16.235 W/ActivityManager( 1629): 	at android.os.Binder.execTransact(Binder.java:674)
12-14 04:06:16.356 I/chatty  ( 1733): uid=10028(u0_a28) RenderThread identical 17 lines
12-14 04:06:16.371 D/EGL_emulation( 1733): eglMakeCurrent: 0x8bbd9340: ver 3 0 (tinfo 0x9aeecb20)
12-14 04:06:16.372 V/StatusBar( 1733): setLightsOn(true)
12-14 04:06:16.413 I/zygote  ( 4071): Do partial code cache collection, code=28KB, data=29KB
12-14 04:06:16.415 I/zygote  ( 4071): After code cache collection, code=28KB, data=29KB
12-14 04:06:16.415 I/zygote  ( 4071): Increasing code cache capacity to 128KB
12-14 04:06:16.418 I/zygote  ( 4071): Do partial code cache collection, code=28KB, data=47KB
12-14 04:06:16.419 I/zygote  ( 4071): After code cache collection, code=28KB, data=47KB
12-14 04:06:16.419 I/zygote  ( 4071): Increasing code cache capacity to 256KB
12-14 04:06:16.419 I/zygote  ( 4071): JIT allocated 71KB for compiled code of void android.widget.TextView.<init>(android.content.Context, android.util.AttributeSet, int, int)
12-14 04:06:16.419 I/zygote  ( 4071): Compiler allocated 4MB to compile void android.widget.TextView.<init>(android.content.Context, android.util.AttributeSet, int, int)
12-14 04:06:16.469 V/StatusBar( 1733): setLightsOn(true)
12-14 04:06:16.472 I/chatty  ( 1733): uid=10028(u0_a28) com.android.systemui identical 1 line
12-14 04:06:16.475 V/StatusBar( 1733): setLightsOn(true)
12-14 04:06:16.539 D/gralloc_ranchu( 1396): gralloc_alloc: Creating ashmem region of size 7753728
12-14 04:06:16.571 D/        ( 4071): HostConnection::get() New Host Connection established 0x9cab0c40, tid 4071
12-14 04:06:16.577 V/StatusBar( 1733): setLightsOn(true)
12-14 04:06:16.629 I/chatty  ( 1733): uid=10028(u0_a28) com.android.systemui identical 1 line
12-14 04:06:16.632 V/StatusBar( 1733): setLightsOn(true)
12-14 04:06:16.635 I/ActivityManager( 1629): Displayed com.evancharlton.mileage/.Mileage: +587ms
12-14 04:06:16.642 V/StatusBar( 1733): setLightsOn(true)
12-14 04:06:16.666 V/StatusBar( 1733): setLightsOn(true)
12-14 04:06:16.685 I/zygote  ( 4071): Do full code cache collection, code=125KB, data=71KB
12-14 04:06:16.686 I/zygote  ( 4071): After code cache collection, code=106KB, data=43KB
12-14 04:06:16.686 D/gralloc_ranchu( 1396): gralloc_alloc: Creating ashmem region of size 7753728
12-14 04:06:16.756 W/audio_hw_generic( 1390): Not supplying enough data to HAL, expected position 557685 , only wrote 357840
12-14 04:06:16.832 V/StatusBar( 1733): setLightsOn(true)
12-14 04:06:16.886 I/chatty  ( 1733): uid=10028(u0_a28) com.android.systemui identical 2 lines
12-14 04:06:16.898 V/StatusBar( 1733): setLightsOn(true)
12-14 04:06:16.906 W/SurfaceFlinger( 1412): couldn't log to binary event log: overflow.
12-14 04:06:16.994 I/PBSessionCacheImpl( 2173): Deleted sessionId[12385585180183] from persistence.
12-14 04:06:17.040 W/SearchService( 2173): Abort, client detached.
12-14 04:06:17.046 I/zygote  ( 2173): Do partial code cache collection, code=240KB, data=172KB
12-14 04:06:17.046 I/zygote  ( 2173): After code cache collection, code=240KB, data=172KB
12-14 04:06:17.046 I/zygote  ( 2173): Increasing code cache capacity to 1024KB
