12-14 00:57:51.790 W/ActivityManager( 1628): 	at android.os.Binder.execTransact(Binder.java:674)
12-14 00:57:51.791 W/ActivityManager( 1628): Bad activity token: android.os.BinderProxy@77d0214
12-14 00:57:51.791 W/ActivityManager( 1628): java.lang.ClassCastException: android.os.BinderProxy cannot be cast to com.android.server.am.ActivityRecord$Token
12-14 00:57:51.791 W/ActivityManager( 1628): 	at com.android.server.am.ActivityRecord.forTokenLocked(ActivityRecord.java:778)
12-14 00:57:51.791 W/ActivityManager( 1628): 	at com.android.server.am.ActivityRecord.isInStackLocked(ActivityRecord.java:2085)
12-14 00:57:51.791 W/ActivityManager( 1628): 	at com.android.server.am.ActivityRecord.getStackLocked(ActivityRecord.java:2090)
12-14 00:57:51.791 W/ActivityManager( 1628): 	at com.android.server.am.ActivityManagerService.getActivityStackId(ActivityManagerService.java:10417)
12-14 00:57:51.791 W/ActivityManager( 1628): 	at android.app.IActivityManager$Stub.onTransact(IActivityManager.java:3548)
12-14 00:57:51.791 W/ActivityManager( 1628): 	at com.android.server.am.ActivityManagerService.onTransact(ActivityManagerService.java:2935)
12-14 00:57:51.791 W/ActivityManager( 1628): 	at android.os.Binder.execTransact(Binder.java:674)
12-14 00:57:51.791 I/Dialer  ( 2021): TelephonyMangerCompat.setVisualVoicemailSmsFilterSettings - using TelephonyManager
12-14 00:57:51.797 I/Dialer  ( 2021): TelephonyMangerCompat.sendVisualVoicemailSms - using TelephonyManager
12-14 00:57:51.837 D/VehicleStatisticsActivity( 4514): Checking recalculation ...
12-14 00:57:51.840 D/VehicleStatisticsActivity( 4514): Recalculating statistics
12-14 00:57:51.840 D/VehicleStatisticsTask( 4514): Calculation starting...
12-14 00:57:51.841 D/VehicleStatisticsActivity( 4514): Recalculation started!
12-14 00:57:51.846 W/ActivityManager( 1628): Bad activity token: android.os.BinderProxy@77d0214
12-14 00:57:51.846 W/ActivityManager( 1628): java.lang.ClassCastException: android.os.BinderProxy cannot be cast to com.android.server.am.ActivityRecord$Token
12-14 00:57:51.846 W/ActivityManager( 1628): 	at com.android.server.am.ActivityRecord.forTokenLocked(ActivityRecord.java:778)
12-14 00:57:51.846 W/ActivityManager( 1628): 	at com.android.server.am.ActivityRecord.isInStackLocked(ActivityRecord.java:2085)
12-14 00:57:51.846 W/ActivityManager( 1628): 	at com.android.server.am.ActivityManagerService.getActivityOptions(ActivityManagerService.java:13302)
12-14 00:57:51.846 W/ActivityManager( 1628): 	at android.app.IActivityManager$Stub.onTransact(IActivityManager.java:2910)
12-14 00:57:51.846 W/ActivityManager( 1628): 	at com.android.server.am.ActivityManagerService.onTransact(ActivityManagerService.java:2935)
12-14 00:57:51.846 W/ActivityManager( 1628): 	at android.os.Binder.execTransact(Binder.java:674)
12-14 00:57:51.854 W/ActivityManager( 1628): Bad activity token: android.os.BinderProxy@77d0214
12-14 00:57:51.854 W/ActivityManager( 1628): java.lang.ClassCastException: android.os.BinderProxy cannot be cast to com.android.server.am.ActivityRecord$Token
12-14 00:57:51.854 W/ActivityManager( 1628): 	at com.android.server.am.ActivityRecord.forTokenLocked(ActivityRecord.java:778)
12-14 00:57:51.854 W/ActivityManager( 1628): 	at com.android.server.am.ActivityRecord.isInStackLocked(ActivityRecord.java:2085)
12-14 00:57:51.854 W/ActivityManager( 1628): 	at com.android.server.am.ActivityManagerService.getActivityOptions(ActivityManagerService.java:13302)
12-14 00:57:51.854 W/ActivityManager( 1628): 	at android.app.IActivityManager$Stub.onTransact(IActivityManager.java:2910)
12-14 00:57:51.854 W/ActivityManager( 1628): 	at com.android.server.am.ActivityManagerService.onTransact(ActivityManagerService.java:2935)
12-14 00:57:51.854 W/ActivityManager( 1628): 	at android.os.Binder.execTransact(Binder.java:674)
12-14 00:57:51.860 D/VehicleStatisticsActivity( 4514): Checking recalculation ...
12-14 00:57:51.862 D/VehicleStatisticsActivity( 4514): Recalculating statistics
12-14 00:57:51.862 D/VehicleStatisticsTask( 4514): Calculation starting...
12-14 00:57:51.862 D/VehicleStatisticsActivity( 4514): Recalculation started!
12-14 00:57:51.922 D/VehicleStatisticsTask( 4514): Not enough fillups to calculate statistics
12-14 00:57:51.922 E/SurfaceFlinger( 1385): ro.sf.lcd_density must be defined as a build property
12-14 00:57:51.931 D/gralloc_ranchu( 1376): gralloc_alloc: Creating ashmem region of size 8298496
12-14 00:57:51.934 D/VehicleStatisticsTask( 4514): Not enough fillups to calculate statistics
12-14 00:57:51.938 I/zygote  ( 4514): Do full code cache collection, code=228KB, data=148KB
12-14 00:57:51.938 I/zygote  ( 4514): After code cache collection, code=226KB, data=126KB
12-14 00:57:51.952 D/        ( 4568): HostConnection::get() New Host Connection established 0xad4af800, tid 4568
12-14 00:57:51.993 D/VehicleStatisticsTask( 4514): Done recalculating!
12-14 00:57:51.994 D/VehicleStatisticsTask( 4514): Done recalculating!
12-14 00:57:51.996 D/VehicleStatisticsAdapter( 4514): Erasing the cache ...
12-14 00:57:52.000 D/VehicleStatisticsAdapter( 4514): Erasing the cache ...
12-14 00:57:52.013 D/VehicleStatisticsAdapter( 4514): Building new values ...
12-14 00:57:52.014 D/VehicleStatisticsAdapter( 4514): Writing 29 records to the database ...
12-14 00:57:52.024 D/VehicleStatisticsAdapter( 4514): Building new values ...
12-14 00:57:52.026 D/VehicleStatisticsAdapter( 4514): Writing 29 records to the database ...
12-14 00:57:52.031 D/Mileage.ABS( 4514): Finished backup
12-14 00:57:52.037 D/Mileage.ABS( 4514): Not backing up; 43
12-14 00:57:52.061 I/zygote  ( 4514): Do partial code cache collection, code=238KB, data=139KB
12-14 00:57:52.061 I/zygote  ( 4514): After code cache collection, code=238KB, data=139KB
12-14 00:57:52.061 I/zygote  ( 4514): Increasing code cache capacity to 1024KB
12-14 00:57:52.089 E/TaskPersister( 1628): File error accessing recents directory (directory doesn't exist?).
12-14 00:57:52.134 D/Mileage.ABS( 4514): Not backing up; 140
12-14 00:57:52.134 D/Mileage.ABS( 4514): Not backing up; 140
12-14 00:57:52.212 D/Mileage.ABS( 4514): Not backing up; 218
12-14 00:57:52.213 D/Mileage.ABS( 4514): Not backing up; 219
12-14 00:57:52.214 D/Mileage.ABS( 4514): Not backing up; 220
12-14 00:57:52.214 I/chatty  ( 4514): uid=10256(u0_a256) com.evancharlton.mileage identical 3 lines
12-14 00:57:52.214 D/Mileage.ABS( 4514): Not backing up; 220
12-14 00:57:52.215 D/Mileage.ABS( 4514): Not backing up; 221
12-14 00:57:52.215 I/chatty  ( 4514): uid=10256(u0_a256) com.evancharlton.mileage identical 1 line
12-14 00:57:52.215 D/Mileage.ABS( 4514): Not backing up; 221
12-14 00:57:52.249 D/Mileage.ABS( 4514): Not backing up; 255
12-14 00:57:52.258 D/Mileage.ABS( 4514): Not backing up; 264
12-14 00:57:52.260 D/Mileage.ABS( 4514): Not backing up; 265
12-14 00:57:52.282 D/Mileage.ABS( 4514): Not backing up; 288
12-14 00:57:52.296 D/Mileage.ABS( 4514): Not backing up; 302
12-14 00:57:52.302 D/Mileage.ABS( 4514): Not backing up; 307
12-14 00:57:52.334 D/Mileage.ABS( 4514): Not backing up; 340
12-14 00:57:52.339 D/Mileage.ABS( 4514): Not backing up; 345
12-14 00:57:52.344 D/Mileage.ABS( 4514): Not backing up; 350
12-14 00:57:52.347 D/Mileage.ABS( 4514): Not backing up; 353
12-14 00:57:52.368 D/Mileage.ABS( 4514): Not backing up; 374
12-14 00:57:52.371 D/Mileage.ABS( 4514): Not backing up; 377
12-14 00:57:52.385 D/Mileage.ABS( 4514): Not backing up; 391
12-14 00:57:52.405 D/Mileage.ABS( 4514): Not backing up; 411
12-14 00:57:52.410 D/Mileage.ABS( 4514): Not backing up; 416
12-14 00:57:52.438 D/Mileage.ABS( 4514): Not backing up; 444
12-14 00:57:52.442 D/Mileage.ABS( 4514): Not backing up; 448
12-14 00:57:52.454 D/Mileage.ABS( 4514): Not backing up; 460
12-14 00:57:52.473 D/Mileage.ABS( 4514): Not backing up; 479
12-14 00:57:52.487 D/Mileage.ABS( 4514): Not backing up; 493
12-14 00:57:52.499 D/Mileage.ABS( 4514): Not backing up; 505
12-14 00:57:52.514 D/Mileage.ABS( 4514): Not backing up; 519
12-14 00:57:52.525 D/Mileage.ABS( 4514): Not backing up; 531
12-14 00:57:52.538 D/Mileage.ABS( 4514): Not backing up; 544
12-14 00:57:52.547 D/Mileage.ABS( 4514): Not backing up; 553
12-14 00:57:52.557 D/Mileage.ABS( 4514): Not backing up; 563
12-14 00:57:52.564 D/Mileage.ABS( 4514): Not backing up; 570
12-14 00:57:52.576 D/Mileage.ABS( 4514): Not backing up; 582
12-14 00:57:52.587 D/Mileage.ABS( 4514): Not backing up; 593
12-14 00:57:52.602 D/Mileage.ABS( 4514): Not backing up; 608
12-14 00:57:52.606 D/Mileage.ABS( 4514): Not backing up; 612
12-14 00:57:52.626 D/Mileage.ABS( 4514): Not backing up; 631
12-14 00:57:52.628 D/Mileage.ABS( 4514): Not backing up; 634
12-14 00:57:52.629 I/System.out( 4514): URI: //gesture
12-14 00:57:52.630 I/System.out( 4514): params: {json={"query_timeout":5.0,"gestures":[{"query_string":"android.widget.TabWidget descendant TextView index:0","touches":[{"x":50,"y":50,"offset_x":0,"offset_y":0,"wait":0.0,"time":0.2,"release":true,"query_string":null}]}]}
12-14 00:57:52.630 I/System.out( 4514): }
12-14 00:57:52.647 D/Mileage.ABS( 4514): Not backing up; 653
12-14 00:57:52.659 D/Mileage.ABS( 4514): Not backing up; 654
12-14 00:57:52.659 D/Mileage.ABS( 4514): Not backing up; 665
12-14 00:57:52.674 D/Mileage.ABS( 4514): Not backing up; 679
12-14 00:57:52.676 D/Mileage.ABS( 4514): Not backing up; 682
12-14 00:57:52.688 D/Mileage.ABS( 4514): Not backing up; 693
12-14 00:57:52.696 D/Mileage.ABS( 4514): Not backing up; 698
12-14 00:57:52.699 D/Mileage.ABS( 4514): Not backing up; 704
12-14 00:57:52.707 D/Mileage.ABS( 4514): Not backing up; 713
12-14 00:57:52.725 D/Mileage.ABS( 4514): Not backing up; 731
12-14 00:57:52.727 D/Mileage.ABS( 4514): Not backing up; 733
12-14 00:57:52.728 D/Mileage.ABS( 4514): Not backing up; 734
12-14 00:57:52.734 D/Mileage.ABS( 4514): Not backing up; 740
12-14 00:57:52.745 D/VehicleStatisticsAdapter( 4514): Caching of 29 records complete! (0.718 seconds)
12-14 00:57:52.751 D/Mileage.ABS( 4514): Not backing up; 757
12-14 00:57:52.753 D/VehicleStatisticsAdapter( 4514): Caching of 29 records complete! (0.738 seconds)
12-14 00:57:52.756 D/Mileage.ABS( 4514): Not backing up; 762
12-14 00:57:53.096 W/View    ( 4514): dispatchProvideAutofillStructure(): not laid out, ignoring
12-14 00:57:53.098 I/chatty  ( 4514): uid=10256(u0_a256) com.evancharlton.mileage identical 1 line
12-14 00:57:53.098 W/View    ( 4514): dispatchProvideAutofillStructure(): not laid out, ignoring
12-14 00:57:53.103 W/Binder  ( 1628): Outgoing transactions from this process must be FLAG_ONEWAY
12-14 00:57:53.103 W/Binder  ( 1628): java.lang.Throwable
12-14 00:57:53.103 W/Binder  ( 1628): 	at android.os.BinderProxy.transact(Binder.java:736)
12-14 00:57:53.103 W/Binder  ( 1628): 	at android.app.assist.AssistStructure$ParcelTransferReader.fetchData(AssistStructure.java:407)
12-14 00:57:53.103 W/Binder  ( 1628): 	at android.app.assist.AssistStructure$ParcelTransferReader.go(AssistStructure.java:343)
12-14 00:57:53.103 W/Binder  ( 1628): 	at android.app.assist.AssistStructure.ensureData(AssistStructure.java:2096)
12-14 00:57:53.103 W/Binder  ( 1628): 	at com.android.server.autofill.Session$1.send(Session.java:200)
12-14 00:57:53.103 W/Binder  ( 1628): 	at com.android.server.am.ActivityManagerService.reportAssistContextExtras(ActivityManagerService.java:13137)
12-14 00:57:53.103 W/Binder  ( 1628): 	at android.app.IActivityManager$Stub.onTransact(IActivityManager.java:2466)
12-14 00:57:53.103 W/Binder  ( 1628): 	at com.android.server.am.ActivityManagerService.onTransact(ActivityManagerService.java:2935)
12-14 00:57:53.103 W/Binder  ( 1628): 	at android.os.Binder.execTransact(Binder.java:674)
12-14 00:57:53.114 I/AssistStructure( 4514): Flattened final assist data: 15312 bytes, containing 1 windows, 69 views
12-14 00:57:53.125 I/AssistStructure( 1628): Flattened final assist data: 13988 bytes, containing 1 windows, 69 views
12-14 00:57:53.126 W/lgq     ( 1938): Pending fill request while another request in the same session was triggered. [CONTEXT service_id=177 ]
12-14 00:57:53.178 I/zygote  ( 1938): Deoptimizing void ccyq.n(java.lang.Iterable, java.util.List) due to JIT inline cache
12-14 00:57:53.235 E/SurfaceFlinger( 1385): ro.sf.lcd_density must be defined as a build property
12-14 00:57:53.242 D/gralloc_ranchu( 1376): gralloc_alloc: Creating ashmem region of size 8298496
12-14 00:57:53.250 D/        ( 4606): HostConnection::get() New Host Connection established 0xa9b2f800, tid 4606
12-14 00:57:53.596 I/System.out( 4514): URI: //
12-14 00:57:53.596 I/System.out( 4514): params: {json={"command":"set_activity_orientation","arguments":["landscape"]}
12-14 00:57:53.596 I/System.out( 4514): }
12-14 00:57:53.596 I/System.out( 4514): header: {content-type=application/json;charset=utf-8, date=Mon, 14 Dec 2020 05:57:54 GMT, accept=*/*, host=127.0.0.1:34777, content-length=64, user-agent=HTTPClient/1.0 (2.8.3, ruby 2.5.8 (2020-03-31))}
12-14 00:57:53.597 I/System.out( 4514): params: {json={"command":"set_activity_orientation","arguments":["landscape"]}
12-14 00:57:53.597 I/System.out( 4514): }
12-14 00:57:53.597 I/System.out( 4514): ProP json = {"command":"set_activity_orientation","arguments":["landscape"]}
12-14 00:57:53.597 I/System.out( 4514): files: {}
12-14 00:57:53.597 I/System.out( 4514): command: {"command":"set_activity_orientation","arguments":["landscape"]}
12-14 00:57:53.599 I/InstrumentationBackend( 4514): Got command:'Command:'Line:null,set_activity_orientation', arguments:'[landscape]'
12-14 00:57:53.611 D/gralloc_ranchu( 1376): gralloc_alloc: Creating ashmem region of size 8298496
12-14 00:57:53.626 W/LocalDisplayAdapter( 1628): Unable to find color mode 0, ignoring request.
12-14 00:57:53.638 I/InputReader( 1628): Reconfiguring input devices.  changes=0x00000004
12-14 00:57:53.638 I/InputReader( 1628): Device reconfigured: id=0, name='qwerty2', size 1080x1920, orientation 1, mode 1, display id 0
12-14 00:57:53.640 I/ActivityManager( 1628): Config changes=480 {1.0 310mcc260mnc [en_US] ldltr sw411dp w683dp h387dp 420dpi nrml land finger qwerty/v/v -nav/h appBounds=Rect(0, 0 - 1794, 1080) s.9}
12-14 00:57:53.665 I/ActivityManager( 1628): Override config changes=480 {1.0 310mcc260mnc [en_US] ldltr sw411dp w683dp h387dp 420dpi nrml land finger qwerty/v/v -nav/h appBounds=Rect(0, 0 - 1794, 1080) s.9} for displayId=0
12-14 00:57:53.737 D/gralloc_ranchu( 1376): gralloc_alloc: Creating ashmem region of size 544768
12-14 00:57:53.743 I/calabash( 4514): newActivity1
12-14 00:57:53.747 D/EGL_emulation( 1733): eglMakeCurrent: 0xa0c849c0: ver 3 0 (tinfo 0xa0c83550)
12-14 00:57:53.755 D/gralloc_ranchu( 1376): gralloc_alloc: Creating ashmem region of size 544768
12-14 00:57:53.798 W/ActivityManager( 1628): Bad activity token: android.os.BinderProxy@fdf4f1a
12-14 00:57:53.798 W/ActivityManager( 1628): java.lang.ClassCastException: android.os.BinderProxy cannot be cast to com.android.server.am.ActivityRecord$Token
12-14 00:57:53.798 W/ActivityManager( 1628): 	at com.android.server.am.ActivityRecord.forTokenLocked(ActivityRecord.java:778)
12-14 00:57:53.798 W/ActivityManager( 1628): 	at com.android.server.am.ActivityRecord.isInStackLocked(ActivityRecord.java:2085)
12-14 00:57:53.798 W/ActivityManager( 1628): 	at com.android.server.am.ActivityRecord.getStackLocked(ActivityRecord.java:2090)
12-14 00:57:53.798 W/ActivityManager( 1628): 	at com.android.server.am.ActivityManagerService.getActivityDisplayId(ActivityManagerService.java:10406)
12-14 00:57:53.798 W/ActivityManager( 1628): 	at android.app.IActivityManager$Stub.onTransact(IActivityManager.java:2738)
12-14 00:57:53.798 W/ActivityManager( 1628): 	at com.android.server.am.ActivityManagerService.onTransact(ActivityManagerService.java:2935)
12-14 00:57:53.798 W/ActivityManager( 1628): 	at android.os.Binder.execTransact(Binder.java:674)
12-14 00:57:53.799 I/calabash( 4514): newActivity1
12-14 00:57:53.804 W/AutofillManager( 4514): Session 1049460039 could not be restored
12-14 00:57:53.806 W/ActivityManager( 1628): Bad activity token: android.os.BinderProxy@fdf4f1a
12-14 00:57:53.806 W/ActivityManager( 1628): java.lang.ClassCastException: android.os.BinderProxy cannot be cast to com.android.server.am.ActivityRecord$Token
12-14 00:57:53.806 W/ActivityManager( 1628): 	at com.android.server.am.ActivityRecord.forTokenLocked(ActivityRecord.java:778)
12-14 00:57:53.806 W/ActivityManager( 1628): 	at com.android.server.am.ActivityRecord.isInStackLocked(ActivityRecord.java:2085)
12-14 00:57:53.806 W/ActivityManager( 1628): 	at com.android.server.am.ActivityManagerService.setTaskDescription(ActivityManagerService.java:9988)
12-14 00:57:53.806 W/ActivityManager( 1628): 	at android.app.IActivityManager$Stub.onTransact(IActivityManager.java:2824)
12-14 00:57:53.806 W/ActivityManager( 1628): 	at com.android.server.am.ActivityManagerService.onTransact(ActivityManagerService.java:2935)
12-14 00:57:53.806 W/ActivityManager( 1628): 	at android.os.Binder.execTransact(Binder.java:674)
12-14 00:57:53.806 W/ActivityManager( 1628): Bad activity token: android.os.BinderProxy@fdf4f1a
12-14 00:57:53.806 W/ActivityManager( 1628): java.lang.ClassCastException: android.os.BinderProxy cannot be cast to com.android.server.am.ActivityRecord$Token
12-14 00:57:53.806 W/ActivityManager( 1628): 	at com.android.server.am.ActivityRecord.forTokenLocked(ActivityRecord.java:778)
12-14 00:57:53.806 W/ActivityManager( 1628): 	at com.android.server.am.ActivityRecord.isInStackLocked(ActivityRecord.java:2085)
12-14 00:57:53.806 W/ActivityManager( 1628): 	at com.android.server.am.ActivityRecord.getStackLocked(ActivityRecord.java:2090)
12-14 00:57:53.806 W/ActivityManager( 1628): 	at com.android.server.am.ActivityManagerService.getActivityStackId(ActivityManagerService.java:10417)
12-14 00:57:53.806 W/ActivityManager( 1628): 	at android.app.IActivityManager$Stub.onTransact(IActivityManager.java:3548)
12-14 00:57:53.806 W/ActivityManager( 1628): 	at com.android.server.am.ActivityManagerService.onTransact(ActivityManagerService.java:2935)
12-14 00:57:53.806 W/ActivityManager( 1628): 	at android.os.Binder.execTransact(Binder.java:674)
12-14 00:57:53.808 I/System.out( 4514): result:{"bonusInformation":[],"message":"","success":true}
12-14 00:57:53.819 V/StatusBar( 1733): setLightsOn(true)
12-14 00:57:53.824 D/gralloc_ranchu( 1376): gralloc_alloc: Creating ashmem region of size 544768
12-14 00:57:53.859 D/gralloc_ranchu( 1376): gralloc_alloc: Creating ashmem region of size 487424
12-14 00:57:53.862 W/ActivityManager( 1628): Bad activity token: android.os.BinderProxy@fdf4f1a
12-14 00:57:53.862 W/ActivityManager( 1628): java.lang.ClassCastException: android.os.BinderProxy cannot be cast to com.android.server.am.ActivityRecord$Token
12-14 00:57:53.862 W/ActivityManager( 1628): 	at com.android.server.am.ActivityRecord.forTokenLocked(ActivityRecord.java:778)
12-14 00:57:53.862 W/ActivityManager( 1628): 	at com.android.server.am.ActivityRecord.isInStackLocked(ActivityRecord.java:2085)
12-14 00:57:53.862 W/ActivityManager( 1628): 	at com.android.server.am.ActivityManagerService.getActivityOptions(ActivityManagerService.java:13302)
12-14 00:57:53.862 W/ActivityManager( 1628): 	at android.app.IActivityManager$Stub.onTransact(IActivityManager.java:2910)
12-14 00:57:53.862 W/ActivityManager( 1628): 	at com.android.server.am.ActivityManagerService.onTransact(ActivityManagerService.java:2935)
12-14 00:57:53.862 W/ActivityManager( 1628): 	at android.os.Binder.execTransact(Binder.java:674)
12-14 00:57:53.863 W/ActivityManager( 1628): Bad activity token: android.os.BinderProxy@fdf4f1a
12-14 00:57:53.863 W/ActivityManager( 1628): java.lang.ClassCastException: android.os.BinderProxy cannot be cast to com.android.server.am.ActivityRecord$Token
12-14 00:57:53.863 W/ActivityManager( 1628): 	at com.android.server.am.ActivityRecord.forTokenLocked(ActivityRecord.java:778)
12-14 00:57:53.863 W/ActivityManager( 1628): 	at com.android.server.am.ActivityRecord.isInStackLocked(ActivityRecord.java:2085)
12-14 00:57:53.863 W/ActivityManager( 1628): 	at com.android.server.am.ActivityManagerService.getActivityOptions(ActivityManagerService.java:13302)
12-14 00:57:53.863 W/ActivityManager( 1628): 	at android.app.IActivityManager$Stub.onTransact(IActivityManager.java:2910)
12-14 00:57:53.863 W/ActivityManager( 1628): 	at com.android.server.am.ActivityManagerService.onTransact(ActivityManagerService.java:2935)
12-14 00:57:53.863 W/ActivityManager( 1628): 	at android.os.Binder.execTransact(Binder.java:674)
12-14 00:57:53.875 D/StatusBar( 1733): disable<e i a s b h r c s q >
12-14 00:57:53.879 D/EGL_emulation( 1733): eglMakeCurrent: 0xa0c849c0: ver 3 0 (tinfo 0xa0c83550)
12-14 00:57:53.880 W/PhoneWindow( 4514): Previously focused view reported id 2131296279 during save, but can't be found during restore.
12-14 00:57:53.886 D/gralloc_ranchu( 1376): gralloc_alloc: Creating ashmem region of size 487424
12-14 00:57:53.903 I/WindowManager( 1628): Screen frozen for +304ms due to Window{a4a0acd u0 StatusBar}
12-14 00:57:53.915 D/gralloc_ranchu( 1376): gralloc_alloc: Creating ashmem region of size 487424
12-14 00:57:53.932 D/EGL_emulation( 1733): eglMakeCurrent: 0xa0c849c0: ver 3 0 (tinfo 0xa0c83550)
12-14 00:57:53.943 D/EGL_emulation( 1733): eglMakeCurrent: 0xa0c849c0: ver 3 0 (tinfo 0xa0c83550)
12-14 00:57:53.994 V/StatusBar( 1733): setLightsOn(true)
12-14 00:57:54.013 D/gralloc_ranchu( 1376): gralloc_alloc: Creating ashmem region of size 7753728
12-14 00:57:54.157 V/StatusBar( 1733): setLightsOn(true)
12-14 00:57:54.162 V/StatusBar( 1733): setLightsOn(true)
12-14 00:57:54.181 D/gralloc_ranchu( 1376): gralloc_alloc: Creating ashmem region of size 7753728
12-14 00:57:54.204 V/StatusBar( 1733): setLightsOn(true)
12-14 00:57:54.373 V/StatusBar( 1733): setLightsOn(true)
12-14 00:57:54.695 I/EventLogSendingHelper( 2186): Sending log events.
12-14 00:57:55.190 D/gralloc_ranchu( 1376): gralloc_alloc: Creating ashmem region of size 7753728
12-14 00:57:55.842 I/System.out( 4514): URI: //gesture
12-14 00:57:55.842 I/System.out( 4514): params: {json={"query_timeout":5.0,"gestures":[{"query_string":"android.widget.TabWidget descendant TextView index:1","touches":[{"x":50,"y":50,"offset_x":0,"offset_y":0,"wait":0.0,"time":0.2,"release":true,"query_string":null}]}]}
12-14 00:57:55.842 I/System.out( 4514): }
12-14 00:57:55.954 I/zygote  ( 1628): Explicit concurrent copying GC freed 27855(1837KB) AllocSpace objects, 2(40KB) LOS objects, 38% free, 9MB/15MB, paused 337us total 45.808ms
12-14 00:57:56.095 W/ActivityManager( 1628): Bad activity token: android.os.BinderProxy@f283196
12-14 00:57:56.095 W/ActivityManager( 1628): java.lang.ClassCastException: android.os.BinderProxy cannot be cast to com.android.server.am.ActivityRecord$Token
12-14 00:57:56.095 W/ActivityManager( 1628): 	at com.android.server.am.ActivityRecord.forTokenLocked(ActivityRecord.java:778)
12-14 00:57:56.095 W/ActivityManager( 1628): 	at com.android.server.am.ActivityRecord.isInStackLocked(ActivityRecord.java:2085)
12-14 00:57:56.095 W/ActivityManager( 1628): 	at com.android.server.am.ActivityRecord.getStackLocked(ActivityRecord.java:2090)
12-14 00:57:56.095 W/ActivityManager( 1628): 	at com.android.server.am.ActivityManagerService.getActivityDisplayId(ActivityManagerService.java:10406)
12-14 00:57:56.095 W/ActivityManager( 1628): 	at android.app.IActivityManager$Stub.onTransact(IActivityManager.java:2738)
12-14 00:57:56.095 W/ActivityManager( 1628): 	at com.android.server.am.ActivityManagerService.onTransact(ActivityManagerService.java:2935)
12-14 00:57:56.095 W/ActivityManager( 1628): 	at android.os.Binder.execTransact(Binder.java:674)
12-14 00:57:56.096 I/calabash( 4514): newActivity1
12-14 00:57:56.100 W/ActivityManager( 1628): Bad activity token: android.os.BinderProxy@f283196
12-14 00:57:56.100 W/ActivityManager( 1628): java.lang.ClassCastException: android.os.BinderProxy cannot be cast to com.android.server.am.ActivityRecord$Token
12-14 00:57:56.100 W/ActivityManager( 1628): 	at com.android.server.am.ActivityRecord.forTokenLocked(ActivityRecord.java:778)
12-14 00:57:56.100 W/ActivityManager( 1628): 	at com.android.server.am.ActivityRecord.isInStackLocked(ActivityRecord.java:2085)
12-14 00:57:56.100 W/ActivityManager( 1628): 	at com.android.server.am.ActivityManagerService.setTaskDescription(ActivityManagerService.java:9988)
12-14 00:57:56.100 W/ActivityManager( 1628): 	at android.app.IActivityManager$Stub.onTransact(IActivityManager.java:2824)
12-14 00:57:56.100 W/ActivityManager( 1628): 	at com.android.server.am.ActivityManagerService.onTransact(ActivityManagerService.java:2935)
12-14 00:57:56.100 W/ActivityManager( 1628): 	at android.os.Binder.execTransact(Binder.java:674)
12-14 00:57:56.101 W/ActivityManager( 1628): Bad activity token: android.os.BinderProxy@f283196
12-14 00:57:56.101 W/ActivityManager( 1628): java.lang.ClassCastException: android.os.BinderProxy cannot be cast to com.android.server.am.ActivityRecord$Token
12-14 00:57:56.101 W/ActivityManager( 1628): 	at com.android.server.am.ActivityRecord.forTokenLocked(ActivityRecord.java:778)
12-14 00:57:56.101 W/ActivityManager( 1628): 	at com.android.server.am.ActivityRecord.isInStackLocked(ActivityRecord.java:2085)
12-14 00:57:56.101 W/ActivityManager( 1628): 	at com.android.server.am.ActivityRecord.getStackLocked(ActivityRecord.java:2090)
12-14 00:57:56.101 W/ActivityManager( 1628): 	at com.android.server.am.ActivityManagerService.getActivityStackId(ActivityManagerService.java:10417)
12-14 00:57:56.101 W/ActivityManager( 1628): 	at android.app.IActivityManager$Stub.onTransact(IActivityManager.java:3548)
12-14 00:57:56.101 W/ActivityManager( 1628): 	at com.android.server.am.ActivityManagerService.onTransact(ActivityManagerService.java:2935)
12-14 00:57:56.101 W/ActivityManager( 1628): 	at android.os.Binder.execTransact(Binder.java:674)
12-14 00:57:56.151 W/ActivityManager( 1628): Bad activity token: android.os.BinderProxy@f283196
12-14 00:57:56.151 W/ActivityManager( 1628): java.lang.ClassCastException: android.os.BinderProxy cannot be cast to com.android.server.am.ActivityRecord$Token
12-14 00:57:56.151 W/ActivityManager( 1628): 	at com.android.server.am.ActivityRecord.forTokenLocked(ActivityRecord.java:778)
12-14 00:57:56.151 W/ActivityManager( 1628): 	at com.android.server.am.ActivityRecord.isInStackLocked(ActivityRecord.java:2085)
12-14 00:57:56.151 W/ActivityManager( 1628): 	at com.android.server.am.ActivityManagerService.getActivityOptions(ActivityManagerService.java:13302)
12-14 00:57:56.151 W/ActivityManager( 1628): 	at android.app.IActivityManager$Stub.onTransact(IActivityManager.java:2910)
12-14 00:57:56.151 W/ActivityManager( 1628): 	at com.android.server.am.ActivityManagerService.onTransact(ActivityManagerService.java:2935)
12-14 00:57:56.151 W/ActivityManager( 1628): 	at android.os.Binder.execTransact(Binder.java:674)
12-14 00:57:56.152 W/ActivityManager( 1628): Bad activity token: android.os.BinderProxy@f283196
12-14 00:57:56.152 W/ActivityManager( 1628): java.lang.ClassCastException: android.os.BinderProxy cannot be cast to com.android.server.am.ActivityRecord$Token
12-14 00:57:56.152 W/ActivityManager( 1628): 	at com.android.server.am.ActivityRecord.forTokenLocked(ActivityRecord.java:778)
12-14 00:57:56.152 W/ActivityManager( 1628): 	at com.android.server.am.ActivityRecord.isInStackLocked(ActivityRecord.java:2085)
12-14 00:57:56.152 W/ActivityManager( 1628): 	at com.android.server.am.ActivityManagerService.getActivityOptions(ActivityManagerService.java:13302)
12-14 00:57:56.152 W/ActivityManager( 1628): 	at android.app.IActivityManager$Stub.onTransact(IActivityManager.java:2910)
12-14 00:57:56.152 W/ActivityManager( 1628): 	at com.android.server.am.ActivityManagerService.onTransact(ActivityManagerService.java:2935)
12-14 00:57:56.152 W/ActivityManager( 1628): 	at android.os.Binder.execTransact(Binder.java:674)
12-14 00:57:56.232 D/Mileage ( 4514): Not enough fillups to calculate economy
12-14 00:57:56.362 E/SurfaceFlinger( 1385): ro.sf.lcd_density must be defined as a build property
12-14 00:57:56.375 D/gralloc_ranchu( 1376): gralloc_alloc: Creating ashmem region of size 8298496
12-14 00:57:56.389 D/        ( 4617): HostConnection::get() New Host Connection established 0xb34af800, tid 4617
12-14 00:57:56.704 I/System.out( 4514): URI: //gesture
12-14 00:57:56.704 I/System.out( 4514): params: {json={"query_timeout":5.0,"gestures":[{"query_string":"android.widget.TabWidget descendant TextView index:3","touches":[{"x":50,"y":50,"offset_x":0,"offset_y":0,"wait":0.0,"time":0.2,"release":true,"query_string":null}]}]}
12-14 00:57:56.704 I/System.out( 4514): }
12-14 00:57:56.961 W/ActivityManager( 1628): Bad activity token: android.os.BinderProxy@a8c627a
12-14 00:57:56.961 W/ActivityManager( 1628): java.lang.ClassCastException: android.os.BinderProxy cannot be cast to com.android.server.am.ActivityRecord$Token
12-14 00:57:56.961 W/ActivityManager( 1628): 	at com.android.server.am.ActivityRecord.forTokenLocked(ActivityRecord.java:778)
12-14 00:57:56.961 W/ActivityManager( 1628): 	at com.android.server.am.ActivityRecord.isInStackLocked(ActivityRecord.java:2085)
12-14 00:57:56.961 W/ActivityManager( 1628): 	at com.android.server.am.ActivityRecord.getStackLocked(ActivityRecord.java:2090)
12-14 00:57:56.961 W/ActivityManager( 1628): 	at com.android.server.am.ActivityManagerService.getActivityDisplayId(ActivityManagerService.java:10406)
12-14 00:57:56.961 W/ActivityManager( 1628): 	at android.app.IActivityManager$Stub.onTransact(IActivityManager.java:2738)
12-14 00:57:56.961 W/ActivityManager( 1628): 	at com.android.server.am.ActivityManagerService.onTransact(ActivityManagerService.java:2935)
12-14 00:57:56.961 W/ActivityManager( 1628): 	at android.os.Binder.execTransact(Binder.java:674)
12-14 00:57:56.965 I/calabash( 4514): newActivity1
12-14 00:57:56.969 W/ActivityManager( 1628): Bad activity token: android.os.BinderProxy@a8c627a
12-14 00:57:56.969 W/ActivityManager( 1628): java.lang.ClassCastException: android.os.BinderProxy cannot be cast to com.android.server.am.ActivityRecord$Token
12-14 00:57:56.969 W/ActivityManager( 1628): 	at com.android.server.am.ActivityRecord.forTokenLocked(ActivityRecord.java:778)
12-14 00:57:56.969 W/ActivityManager( 1628): 	at com.android.server.am.ActivityRecord.isInStackLocked(ActivityRecord.java:2085)
12-14 00:57:56.969 W/ActivityManager( 1628): 	at com.android.server.am.ActivityManagerService.setTaskDescription(ActivityManagerService.java:9988)
12-14 00:57:56.969 W/ActivityManager( 1628): 	at android.app.IActivityManager$Stub.onTransact(IActivityManager.java:2824)
12-14 00:57:56.969 W/ActivityManager( 1628): 	at com.android.server.am.ActivityManagerService.onTransact(ActivityManagerService.java:2935)
12-14 00:57:56.969 W/ActivityManager( 1628): 	at android.os.Binder.execTransact(Binder.java:674)
12-14 00:57:56.971 W/ActivityManager( 1628): Bad activity token: android.os.BinderProxy@a8c627a
12-14 00:57:56.971 W/ActivityManager( 1628): java.lang.ClassCastException: android.os.BinderProxy cannot be cast to com.android.server.am.ActivityRecord$Token
12-14 00:57:56.971 W/ActivityManager( 1628): 	at com.android.server.am.ActivityRecord.forTokenLocked(ActivityRecord.java:778)
12-14 00:57:56.971 W/ActivityManager( 1628): 	at com.android.server.am.ActivityRecord.isInStackLocked(ActivityRecord.java:2085)
12-14 00:57:56.971 W/ActivityManager( 1628): 	at com.android.server.am.ActivityRecord.getStackLocked(ActivityRecord.java:2090)
12-14 00:57:56.971 W/ActivityManager( 1628): 	at com.android.server.am.ActivityManagerService.getActivityStackId(ActivityManagerService.java:10417)
12-14 00:57:56.971 W/ActivityManager( 1628): 	at android.app.IActivityManager$Stub.onTransact(IActivityManager.java:3548)
12-14 00:57:56.971 W/ActivityManager( 1628): 	at com.android.server.am.ActivityManagerService.onTransact(ActivityManagerService.java:2935)
12-14 00:57:56.971 W/ActivityManager( 1628): 	at android.os.Binder.execTransact(Binder.java:674)
12-14 00:57:56.987 W/ActivityManager( 1628): Bad activity token: android.os.BinderProxy@a8c627a
12-14 00:57:56.987 W/ActivityManager( 1628): java.lang.ClassCastException: android.os.BinderProxy cannot be cast to com.android.server.am.ActivityRecord$Token
12-14 00:57:56.987 W/ActivityManager( 1628): 	at com.android.server.am.ActivityRecord.forTokenLocked(ActivityRecord.java:778)
12-14 00:57:56.987 W/ActivityManager( 1628): 	at com.android.server.am.ActivityRecord.isInStackLocked(ActivityRecord.java:2085)
12-14 00:57:56.987 W/ActivityManager( 1628): 	at com.android.server.am.ActivityManagerService.getActivityOptions(ActivityManagerService.java:13302)
12-14 00:57:56.987 W/ActivityManager( 1628): 	at android.app.IActivityManager$Stub.onTransact(IActivityManager.java:2910)
12-14 00:57:56.987 W/ActivityManager( 1628): 	at com.android.server.am.ActivityManagerService.onTransact(ActivityManagerService.java:2935)
12-14 00:57:56.987 W/ActivityManager( 1628): 	at android.os.Binder.execTransact(Binder.java:674)
12-14 00:57:56.987 W/ActivityManager( 1628): Bad activity token: android.os.BinderProxy@a8c627a
12-14 00:57:56.987 W/ActivityManager( 1628): java.lang.ClassCastException: android.os.BinderProxy cannot be cast to com.android.server.am.ActivityRecord$Token
12-14 00:57:56.987 W/ActivityManager( 1628): 	at com.android.server.am.ActivityRecord.forTokenLocked(ActivityRecord.java:778)
12-14 00:57:56.987 W/ActivityManager( 1628): 	at com.android.server.am.ActivityRecord.isInStackLocked(ActivityRecord.java:2085)
12-14 00:57:56.987 W/ActivityManager( 1628): 	at com.android.server.am.ActivityManagerService.getActivityOptions(ActivityManagerService.java:13302)
12-14 00:57:56.987 W/ActivityManager( 1628): 	at android.app.IActivityManager$Stub.onTransact(IActivityManager.java:2910)
12-14 00:57:56.987 W/ActivityManager( 1628): 	at com.android.server.am.ActivityManagerService.onTransact(ActivityManagerService.java:2935)
12-14 00:57:56.987 W/ActivityManager( 1628): 	at android.os.Binder.execTransact(Binder.java:674)
12-14 00:57:57.179 E/SurfaceFlinger( 1385): ro.sf.lcd_density must be defined as a build property
12-14 00:57:57.187 D/gralloc_ranchu( 1376): gralloc_alloc: Creating ashmem region of size 8298496
12-14 00:57:57.197 D/        ( 4623): HostConnection::get() New Host Connection established 0xb2e2f800, tid 4623
12-14 00:57:57.478 I/System.out( 4514): URI: //gesture
12-14 00:57:57.478 I/System.out( 4514): params: {json={"query_timeout":5.0,"gestures":[{"query_string":"android.widget.TabWidget descendant TextView index:2","touches":[{"x":50,"y":50,"offset_x":0,"offset_y":0,"wait":0.0,"time":0.2,"release":true,"query_string":null}]}]}
12-14 00:57:57.478 I/System.out( 4514): }
12-14 00:57:57.722 W/ActivityManager( 1628): Bad activity token: android.os.BinderProxy@89add5d
12-14 00:57:57.722 W/ActivityManager( 1628): java.lang.ClassCastException: android.os.BinderProxy cannot be cast to com.android.server.am.ActivityRecord$Token
12-14 00:57:57.722 W/ActivityManager( 1628): 	at com.android.server.am.ActivityRecord.forTokenLocked(ActivityRecord.java:778)
12-14 00:57:57.722 W/ActivityManager( 1628): 	at com.android.server.am.ActivityRecord.isInStackLocked(ActivityRecord.java:2085)
12-14 00:57:57.722 W/ActivityManager( 1628): 	at com.android.server.am.ActivityRecord.getStackLocked(ActivityRecord.java:2090)
12-14 00:57:57.722 W/ActivityManager( 1628): 	at com.android.server.am.ActivityManagerService.getActivityDisplayId(ActivityManagerService.java:10406)
12-14 00:57:57.722 W/ActivityManager( 1628): 	at android.app.IActivityManager$Stub.onTransact(IActivityManager.java:2738)
12-14 00:57:57.722 W/ActivityManager( 1628): 	at com.android.server.am.ActivityManagerService.onTransact(ActivityManagerService.java:2935)
12-14 00:57:57.722 W/ActivityManager( 1628): 	at android.os.Binder.execTransact(Binder.java:674)
12-14 00:57:57.723 I/calabash( 4514): newActivity1
12-14 00:57:57.726 W/ActivityManager( 1628): Bad activity token: android.os.BinderProxy@89add5d
12-14 00:57:57.726 W/ActivityManager( 1628): java.lang.ClassCastException: android.os.BinderProxy cannot be cast to com.android.server.am.ActivityRecord$Token
12-14 00:57:57.726 W/ActivityManager( 1628): 	at com.android.server.am.ActivityRecord.forTokenLocked(ActivityRecord.java:778)
12-14 00:57:57.726 W/ActivityManager( 1628): 	at com.android.server.am.ActivityRecord.isInStackLocked(ActivityRecord.java:2085)
12-14 00:57:57.726 W/ActivityManager( 1628): 	at com.android.server.am.ActivityManagerService.setTaskDescription(ActivityManagerService.java:9988)
12-14 00:57:57.726 W/ActivityManager( 1628): 	at android.app.IActivityManager$Stub.onTransact(IActivityManager.java:2824)
12-14 00:57:57.726 W/ActivityManager( 1628): 	at com.android.server.am.ActivityManagerService.onTransact(ActivityManagerService.java:2935)
12-14 00:57:57.726 W/ActivityManager( 1628): 	at android.os.Binder.execTransact(Binder.java:674)
12-14 00:57:57.727 W/ActivityManager( 1628): Bad activity token: android.os.BinderProxy@89add5d
12-14 00:57:57.727 W/ActivityManager( 1628): java.lang.ClassCastException: android.os.BinderProxy cannot be cast to com.android.server.am.ActivityRecord$Token
12-14 00:57:57.727 W/ActivityManager( 1628): 	at com.android.server.am.ActivityRecord.forTokenLocked(ActivityRecord.java:778)
12-14 00:57:57.727 W/ActivityManager( 1628): 	at com.android.server.am.ActivityRecord.isInStackLocked(ActivityRecord.java:2085)
12-14 00:57:57.727 W/ActivityManager( 1628): 	at com.android.server.am.ActivityRecord.getStackLocked(ActivityRecord.java:2090)
12-14 00:57:57.727 W/ActivityManager( 1628): 	at com.android.server.am.ActivityManagerService.getActivityStackId(ActivityManagerService.java:10417)
12-14 00:57:57.727 W/ActivityManager( 1628): 	at android.app.IActivityManager$Stub.onTransact(IActivityManager.java:3548)
12-14 00:57:57.727 W/ActivityManager( 1628): 	at com.android.server.am.ActivityManagerService.onTransact(ActivityManagerService.java:2935)
12-14 00:57:57.727 W/ActivityManager( 1628): 	at android.os.Binder.execTransact(Binder.java:674)
12-14 00:57:57.753 D/VehicleStatisticsActivity( 4514): Checking recalculation ...
12-14 00:57:57.756 D/VehicleStatisticsActivity( 4514): Recalculation not necessary.
12-14 00:57:57.762 W/ActivityManager( 1628): Bad activity token: android.os.BinderProxy@89add5d
12-14 00:57:57.762 W/ActivityManager( 1628): java.lang.ClassCastException: android.os.BinderProxy cannot be cast to com.android.server.am.ActivityRecord$Token
12-14 00:57:57.762 W/ActivityManager( 1628): 	at com.android.server.am.ActivityRecord.forTokenLocked(ActivityRecord.java:778)
12-14 00:57:57.762 W/ActivityManager( 1628): 	at com.android.server.am.ActivityRecord.isInStackLocked(ActivityRecord.java:2085)
12-14 00:57:57.762 W/ActivityManager( 1628): 	at com.android.server.am.ActivityManagerService.getActivityOptions(ActivityManagerService.java:13302)
12-14 00:57:57.762 W/ActivityManager( 1628): 	at android.app.IActivityManager$Stub.onTransact(IActivityManager.java:2910)
12-14 00:57:57.762 W/ActivityManager( 1628): 	at com.android.server.am.ActivityManagerService.onTransact(ActivityManagerService.java:2935)
12-14 00:57:57.762 W/ActivityManager( 1628): 	at android.os.Binder.execTransact(Binder.java:674)
12-14 00:57:57.762 W/ActivityManager( 1628): Bad activity token: android.os.BinderProxy@89add5d
12-14 00:57:57.762 W/ActivityManager( 1628): java.lang.ClassCastException: android.os.BinderProxy cannot be cast to com.android.server.am.ActivityRecord$Token
12-14 00:57:57.762 W/ActivityManager( 1628): 	at com.android.server.am.ActivityRecord.forTokenLocked(ActivityRecord.java:778)
12-14 00:57:57.762 W/ActivityManager( 1628): 	at com.android.server.am.ActivityRecord.isInStackLocked(ActivityRecord.java:2085)
12-14 00:57:57.762 W/ActivityManager( 1628): 	at com.android.server.am.ActivityManagerService.getActivityOptions(ActivityManagerService.java:13302)
12-14 00:57:57.762 W/ActivityManager( 1628): 	at android.app.IActivityManager$Stub.onTransact(IActivityManager.java:2910)
12-14 00:57:57.762 W/ActivityManager( 1628): 	at com.android.server.am.ActivityManagerService.onTransact(ActivityManagerService.java:2935)
12-14 00:57:57.762 W/ActivityManager( 1628): 	at android.os.Binder.execTransact(Binder.java:674)
12-14 00:57:57.769 D/VehicleStatisticsActivity( 4514): Checking recalculation ...
12-14 00:57:57.771 D/VehicleStatisticsActivity( 4514): Recalculation not necessary.
12-14 00:57:57.836 I/zygote  ( 4514): Do full code cache collection, code=444KB, data=312KB
12-14 00:57:57.838 I/zygote  ( 4514): After code cache collection, code=428KB, data=247KB
12-14 00:57:57.944 E/SurfaceFlinger( 1385): ro.sf.lcd_density must be defined as a build property
12-14 00:57:57.951 D/gralloc_ranchu( 1376): gralloc_alloc: Creating ashmem region of size 8298496
12-14 00:57:57.996 D/        ( 4629): HostConnection::get() New Host Connection established 0xa98af800, tid 4629
12-14 00:57:58.184 W/RemoteFillService( 1628): Not handling { when=-2ms what=3 target=com.android.internal.os.HandlerCaller$MyHandler } as service for ComponentInfo{com.google.android.gms/com.google.android.gms.autofill.service.AutofillService} is already destroyed
12-14 00:57:58.299 I/System.out( 4514): URI: //gesture
12-14 00:57:58.299 I/System.out( 4514): params: {json={"query_timeout":5.0,"gestures":[{"query_string":"android.widget.TabWidget descendant TextView index:0","touches":[{"x":50,"y":50,"offset_x":0,"offset_y":0,"wait":0.0,"time":0.2,"release":true,"query_string":null}]}]}
12-14 00:57:58.299 I/System.out( 4514): }
12-14 00:57:58.643 W/View    ( 4514): dispatchProvideAutofillStructure(): not laid out, ignoring
12-14 00:57:58.646 I/chatty  ( 4514): uid=10256(u0_a256) com.evancharlton.mileage identical 3 lines
12-14 00:57:58.646 W/View    ( 4514): dispatchProvideAutofillStructure(): not laid out, ignoring
12-14 00:57:58.647 W/Binder  ( 1628): Outgoing transactions from this process must be FLAG_ONEWAY
12-14 00:57:58.647 W/Binder  ( 1628): java.lang.Throwable
12-14 00:57:58.647 W/Binder  ( 1628): 	at android.os.BinderProxy.transact(Binder.java:736)
12-14 00:57:58.647 W/Binder  ( 1628): 	at android.app.assist.AssistStructure$ParcelTransferReader.fetchData(AssistStructure.java:407)
12-14 00:57:58.647 W/Binder  ( 1628): 	at android.app.assist.AssistStructure$ParcelTransferReader.go(AssistStructure.java:343)
12-14 00:57:58.647 W/Binder  ( 1628): 	at android.app.assist.AssistStructure.ensureData(AssistStructure.java:2096)
12-14 00:57:58.647 W/Binder  ( 1628): 	at com.android.server.autofill.Session$1.send(Session.java:200)
12-14 00:57:58.647 W/Binder  ( 1628): 	at com.android.server.am.ActivityManagerService.reportAssistContextExtras(ActivityManagerService.java:13137)
12-14 00:57:58.647 W/Binder  ( 1628): 	at android.app.IActivityManager$Stub.onTransact(IActivityManager.java:2466)
12-14 00:57:58.647 W/Binder  ( 1628): 	at com.android.server.am.ActivityManagerService.onTransact(ActivityManagerService.java:2935)
12-14 00:57:58.647 W/Binder  ( 1628): 	at android.os.Binder.execTransact(Binder.java:674)
12-14 00:57:58.658 I/AssistStructure( 4514): Flattened final assist data: 10960 bytes, containing 1 windows, 49 views
12-14 00:57:58.669 I/AssistStructure( 1628): Flattened final assist data: 9988 bytes, containing 1 windows, 49 views
12-14 00:57:58.671 W/lgq     ( 1938): Pending fill request while another request in the same session was triggered. [CONTEXT service_id=177 ]
12-14 00:57:58.804 E/SurfaceFlinger( 1385): ro.sf.lcd_density must be defined as a build property
12-14 00:57:58.811 D/gralloc_ranchu( 1376): gralloc_alloc: Creating ashmem region of size 8298496
12-14 00:57:58.819 D/        ( 4635): HostConnection::get() New Host Connection established 0xaec2f800, tid 4635
