--------- beginning of main
12-14 02:53:26.798 D/AndroidRuntime( 4405): >>>>>> START com.android.internal.os.RuntimeInit uid 2000 <<<<<<
12-14 02:53:26.831 W/app_process( 4405): Unexpected CPU variant for X86 using defaults: x86
12-14 02:53:26.847 D/AndroidRuntime( 4405): Calling main entry com.android.commands.am.Am
--------- beginning of system
12-14 02:53:26.850 I/ActivityManager( 1629): Force stopping com.evancharlton.mileage appid=10376 user=0: start instr
12-14 02:53:26.850 I/ActivityManager( 1629): Killing 4383:com.evancharlton.mileage/u0a376 (adj 0): stop com.evancharlton.mileage
12-14 02:53:26.852 W/ActivityManager( 1629): Crash of app com.evancharlton.mileage running instrumentation ComponentInfo{com.evancharlton.mileage.test/sh.calaba.instrumentationbackend.ClearAppData2}
12-14 02:53:26.852 I/ActivityManager( 1629): Force stopping com.evancharlton.mileage appid=10376 user=0: finished inst
12-14 02:53:26.858 I/zygote  ( 4415): Not late-enabling -Xcheck:jni (already on)
12-14 02:53:26.865 W/zygote  ( 4415): Unexpected CPU variant for X86 using defaults: x86
12-14 02:53:26.869 I/ActivityManager( 1629): Start proc 4415:com.evancharlton.mileage/u0a376 for added application com.evancharlton.mileage
12-14 02:53:26.873 E/memtrack( 1629): Couldn't load memtrack module
12-14 02:53:26.873 W/android.os.Debug( 1629): failed to get memory consumption info: -1
12-14 02:53:26.878 D/AndroidRuntime( 4405): Shutting down VM
12-14 02:53:26.887 E/memtrack( 1629): Couldn't load memtrack module
12-14 02:53:26.887 W/android.os.Debug( 1629): failed to get memory consumption info: -1
12-14 02:53:26.897 W/zygote  ( 4415): Found duplicate classes, falling back to extracting from APK : /data/app/com.evancharlton.mileage.test-smOIUG51t7YMhx9aB9k-cA==/base.apk
12-14 02:53:26.897 W/zygote  ( 4415): NOTE: This wastes RAM and hurts startup performance.
12-14 02:53:26.897 W/zygote  ( 4415): Found duplicated class when checking oat files: 'Ljunit/runner/BaseTestRunner;' in /data/app/com.evancharlton.mileage.test-smOIUG51t7YMhx9aB9k-cA==/base.apk and /system/framework/android.test.runner.jar
12-14 02:53:26.897 W/zygote  ( 4415): 
12-14 02:53:26.911 E/adbd    ( 1351): failed to connect to socket 'tcp:7102': Connection refused
12-14 02:53:26.915 E/adbd    ( 1351): failed to connect to socket 'tcp:7102': Connection refused
12-14 02:53:26.929 W/System  ( 4415): ClassLoader referenced unknown path: 
12-14 02:53:26.942 I/System.out( 4415): Main activity name automatically set to: com.evancharlton.mileage.Mileage
12-14 02:53:26.943 I/System.out( 4415): Calabash did not load Mono. This is only a problem if you are trying to test a Mono application
12-14 02:53:26.943 I/calabash( 4415): Test server port: 7102
12-14 02:53:26.944 I/InstrumentationBackend( 4415): Added:'GetPreferences', with key:'get_preferences'
12-14 02:53:27.004 I/InstrumentationBackend( 4415): Added:'SetPreferences', with key:'set_preferences'
12-14 02:53:27.004 I/InstrumentationBackend( 4415): Added:'ClearPreferences', with key:'clear_preferences'
12-14 02:53:27.005 I/InstrumentationBackend( 4415): Added:'PressElement', with key:'press_l10n_element'
12-14 02:53:27.005 I/InstrumentationBackend( 4415): Added:'WaitForElement', with key:'wait_for_l10n_element'
12-14 02:53:27.005 I/InstrumentationBackend( 4415): Added:'NullAction', with key:'nullAction'
12-14 02:53:27.006 I/InstrumentationBackend( 4415): Added:'PressKey', with key:'press_key'
12-14 02:53:27.006 I/InstrumentationBackend( 4415): Added:'SetActivityOrientation', with key:'set_activity_orientation'
12-14 02:53:27.006 I/InstrumentationBackend( 4415): Added:'GetActivityOrientation', with key:'get_activity_orientation'
12-14 02:53:27.007 I/InstrumentationBackend( 4415): Added:'FakeGPSLocation', with key:'set_gps_coordinates'
12-14 02:53:27.007 I/InstrumentationBackend( 4415): Added:'SetPropertyByCssSelector', with key:'set_property_by_css_selector'
12-14 02:53:27.008 I/InstrumentationBackend( 4415): Added:'GetUrl', with key:'get_url'
12-14 02:53:27.010 I/InstrumentationBackend( 4415): Added:'ScrollTo', with key:'scroll_to'
12-14 02:53:27.011 I/InstrumentationBackend( 4415): Added:'GetLoadProgress', with key:'get_load_progress'
12-14 02:53:27.011 I/InstrumentationBackend( 4415): Added:'DumpHtml', with key:'dump_html'
12-14 02:53:27.012 I/InstrumentationBackend( 4415): Added:'DumpBodyHtml', with key:'dump_body_html'
12-14 02:53:27.012 I/InstrumentationBackend( 4415): Added:'EnterTextByCssSelector', with key:'enter_text_by_selector'
12-14 02:53:27.016 I/InstrumentationBackend( 4415): Added:'AndroidSDKVersion', with key:'android_sdk_version'
12-14 02:53:27.016 I/InstrumentationBackend( 4415): Added:'Version', with key:'version'
12-14 02:53:27.017 I/InstrumentationBackend( 4415): Added:'Drag', with key:'drag'
12-14 02:53:27.017 I/InstrumentationBackend( 4415): Added:'TouchCoordinates', with key:'touch_coordinate'
12-14 02:53:27.017 I/InstrumentationBackend( 4415): Added:'LongPressCoordinate', with key:'long_press_coordinate'
12-14 02:53:27.017 I/InstrumentationBackend( 4415): Added:'DragCoordinates', with key:'drag_coordinates'
12-14 02:53:27.018 I/InstrumentationBackend( 4415): Added:'ResumeApplication', with key:'resume_application'
12-14 02:53:27.018 I/InstrumentationBackend( 4415): Added:'Swipe', with key:'swipe'
12-14 02:53:27.018 I/InstrumentationBackend( 4415): Added:'DoubleTapCoordinate', with key:'double_tap_coordinate'
12-14 02:53:27.018 I/InstrumentationBackend( 4415): Added:'ClickOnScreen', with key:'click_on_screen'
12-14 02:53:27.019 I/InstrumentationBackend( 4415): Added:'GetActivityName', with key:'get_activity_name'
12-14 02:53:27.020 I/InstrumentationBackend( 4415): Added:'ScrollToView', with key:'scroll_to_view'
12-14 02:53:27.020 I/InstrumentationBackend( 4415): Added:'ViewConfiguration', with key:'view_configuration'
12-14 02:53:27.020 I/InstrumentationBackend( 4415): Added:'IsCurrentActivityFocused', with key:'is_current_activity_focused'
12-14 02:53:27.021 I/InstrumentationBackend( 4415): Added:'SendTcp', with key:'send_tcp'
12-14 02:53:27.021 I/InstrumentationBackend( 4415): Added:'DpToDevicePixel', with key:'dp_to_device_pixel'
12-14 02:53:27.022 I/InstrumentationBackend( 4415): Added:'KeyboardEnterText', with key:'keyboard_enter_text'
12-14 02:53:27.023 I/InstrumentationBackend( 4415): Added:'DeleteSurroundingText', with key:'delete_surrounding_text'
12-14 02:53:27.023 I/InstrumentationBackend( 4415): Added:'SetComposingRegion', with key:'set_composing_region'
12-14 02:53:27.023 I/InstrumentationBackend( 4415): Added:'SetSelection', with key:'set_selection'
12-14 02:53:27.024 I/InstrumentationBackend( 4415): Added:'KeyboardKeyEvent', with key:'keyboard_key_event'
12-14 02:53:27.024 I/InstrumentationBackend( 4415): Added:'PressUserActionButton', with key:'press_user_action_button'
12-14 02:53:27.025 I/InstrumentationBackend( 4415): Added:'HideSoftKeyboard', with key:'hide_soft_keyboard'
12-14 02:53:27.026 I/InstrumentationBackend( 4415): Added:'ListActions', with key:'list_actions'
12-14 02:53:27.026 I/calabash( 4415): Instantiating http server at 7102
12-14 02:53:27.027 I/System.out( 4415): HTTP Daemon listening on: 7102
12-14 02:53:27.034 I/System.out( 4415): URI: //ping
12-14 02:53:27.034 I/System.out( 4415): params: {json={}
12-14 02:53:27.034 I/System.out( 4415): }
12-14 02:53:27.041 I/System.out( 4415): URI: //ping
12-14 02:53:27.041 I/System.out( 4415): params: {json={}
12-14 02:53:27.041 I/System.out( 4415): }
12-14 02:53:27.047 I/System.out( 4415): URI: //ready
12-14 02:53:27.047 I/System.out( 4415): params: {json={}
12-14 02:53:27.047 I/System.out( 4415): }
12-14 02:53:27.053 I/System.out( 4415): URI: //
12-14 02:53:27.053 I/System.out( 4415): params: {json={"command":"version","arguments":[]}
12-14 02:53:27.053 I/System.out( 4415): }
12-14 02:53:27.053 I/System.out( 4415): header: {content-type=application/json;charset=utf-8, date=Mon, 14 Dec 2020 07:53:27 GMT, accept=*/*, host=127.0.0.1:34777, content-length=36, user-agent=HTTPClient/1.0 (2.8.3, ruby 2.5.8 (2020-03-31))}
12-14 02:53:27.053 I/System.out( 4415): params: {json={"command":"version","arguments":[]}
12-14 02:53:27.053 I/System.out( 4415): }
12-14 02:53:27.053 I/System.out( 4415): ProP json = {"command":"version","arguments":[]}
12-14 02:53:27.054 I/System.out( 4415): files: {}
12-14 02:53:27.054 I/System.out( 4415): command: {"command":"version","arguments":[]}
12-14 02:53:27.088 I/InstrumentationBackend( 4415): Got command:'Command:'Line:null,version', arguments:'[]'
12-14 02:53:27.120 I/System.out( 4415): result:{"bonusInformation":[],"message":"0.9.8","success":true}
12-14 02:53:27.126 I/System.out( 4415): URI: //start-application
12-14 02:53:27.126 I/System.out( 4415): params: {json={"intent":null}
12-14 02:53:27.126 I/System.out( 4415): }
12-14 02:53:27.160 I/ActivityManager( 1629): START u0 {act=android.intent.action.MAIN cat=[android.intent.category.LAUNCHER] flg=0x10200000 cmp=com.evancharlton.mileage/.Mileage} from uid 10376
12-14 02:53:27.174 I/calabash( 4415): newActivity1
12-14 02:53:27.198 D/gralloc_ranchu( 1394): gralloc_alloc: Creating ashmem region of size 7753728
12-14 02:53:27.217 W/ActivityManager( 1629): Bad activity token: android.os.BinderProxy@485a25c
12-14 02:53:27.217 W/ActivityManager( 1629): java.lang.ClassCastException: android.os.BinderProxy cannot be cast to com.android.server.am.ActivityRecord$Token
12-14 02:53:27.217 W/ActivityManager( 1629): 	at com.android.server.am.ActivityRecord.forTokenLocked(ActivityRecord.java:778)
12-14 02:53:27.217 W/ActivityManager( 1629): 	at com.android.server.am.ActivityRecord.isInStackLocked(ActivityRecord.java:2085)
12-14 02:53:27.217 W/ActivityManager( 1629): 	at com.android.server.am.ActivityRecord.getStackLocked(ActivityRecord.java:2090)
12-14 02:53:27.217 W/ActivityManager( 1629): 	at com.android.server.am.ActivityManagerService.getActivityDisplayId(ActivityManagerService.java:10406)
12-14 02:53:27.217 W/ActivityManager( 1629): 	at android.app.IActivityManager$Stub.onTransact(IActivityManager.java:2738)
12-14 02:53:27.217 W/ActivityManager( 1629): 	at com.android.server.am.ActivityManagerService.onTransact(ActivityManagerService.java:2935)
12-14 02:53:27.217 W/ActivityManager( 1629): 	at android.os.Binder.execTransact(Binder.java:674)
12-14 02:53:27.218 I/calabash( 4415): newActivity1
12-14 02:53:27.227 W/ActivityManager( 1629): Bad activity token: android.os.BinderProxy@485a25c
12-14 02:53:27.227 W/ActivityManager( 1629): java.lang.ClassCastException: android.os.BinderProxy cannot be cast to com.android.server.am.ActivityRecord$Token
12-14 02:53:27.227 W/ActivityManager( 1629): 	at com.android.server.am.ActivityRecord.forTokenLocked(ActivityRecord.java:778)
12-14 02:53:27.227 W/ActivityManager( 1629): 	at com.android.server.am.ActivityRecord.isInStackLocked(ActivityRecord.java:2085)
12-14 02:53:27.227 W/ActivityManager( 1629): 	at com.android.server.am.ActivityManagerService.setTaskDescription(ActivityManagerService.java:9988)
12-14 02:53:27.227 W/ActivityManager( 1629): 	at android.app.IActivityManager$Stub.onTransact(IActivityManager.java:2824)
12-14 02:53:27.227 W/ActivityManager( 1629): 	at com.android.server.am.ActivityManagerService.onTransact(ActivityManagerService.java:2935)
12-14 02:53:27.227 W/ActivityManager( 1629): 	at android.os.Binder.execTransact(Binder.java:674)
12-14 02:53:27.231 W/ActivityManager( 1629): Bad activity token: android.os.BinderProxy@485a25c
12-14 02:53:27.231 W/ActivityManager( 1629): java.lang.ClassCastException: android.os.BinderProxy cannot be cast to com.android.server.am.ActivityRecord$Token
12-14 02:53:27.231 W/ActivityManager( 1629): 	at com.android.server.am.ActivityRecord.forTokenLocked(ActivityRecord.java:778)
12-14 02:53:27.231 W/ActivityManager( 1629): 	at com.android.server.am.ActivityRecord.isInStackLocked(ActivityRecord.java:2085)
12-14 02:53:27.231 W/ActivityManager( 1629): 	at com.android.server.am.ActivityRecord.getStackLocked(ActivityRecord.java:2090)
12-14 02:53:27.231 W/ActivityManager( 1629): 	at com.android.server.am.ActivityManagerService.getActivityStackId(ActivityManagerService.java:10417)
12-14 02:53:27.231 W/ActivityManager( 1629): 	at android.app.IActivityManager$Stub.onTransact(IActivityManager.java:3548)
12-14 02:53:27.231 W/ActivityManager( 1629): 	at com.android.server.am.ActivityManagerService.onTransact(ActivityManagerService.java:2935)
12-14 02:53:27.231 W/ActivityManager( 1629): 	at android.os.Binder.execTransact(Binder.java:674)
12-14 02:53:27.244 V/StatusBar( 1732): setLightsOn(true)
12-14 02:53:27.246 D/EGL_emulation( 2212): eglMakeCurrent: 0x9e747da0: ver 3 0 (tinfo 0x9e8ff5e0)
12-14 02:53:27.253 D/EGL_emulation( 2180): eglMakeCurrent: 0x9e747500: ver 3 0 (tinfo 0x9e8ffce0)
12-14 02:53:27.270 D/EGL_emulation( 1732): eglMakeCurrent: 0xa0f058a0: ver 3 0 (tinfo 0xa0f03400)
12-14 02:53:27.284 I/chatty  ( 1732): uid=10028(u0_a28) RenderThread identical 1 line
12-14 02:53:27.294 D/EGL_emulation( 1732): eglMakeCurrent: 0xa0f058a0: ver 3 0 (tinfo 0xa0f03400)
12-14 02:53:27.297 V/StatusBar( 1732): setLightsOn(true)
12-14 02:53:27.302 D/EGL_emulation( 1732): eglMakeCurrent: 0xa0f058a0: ver 3 0 (tinfo 0xa0f03400)
12-14 02:53:27.313 E/ContentStoreEUAS( 2212): Failed to commit the deferred actions
12-14 02:53:27.316 D/EGL_emulation( 1732): eglMakeCurrent: 0xa0f058a0: ver 3 0 (tinfo 0xa0f03400)
12-14 02:53:27.321 D/EGL_emulation( 1732): eglMakeCurrent: 0xa0f058a0: ver 3 0 (tinfo 0xa0f03400)
12-14 02:53:27.328 D/FillupsProvider( 4415): Creating database
12-14 02:53:27.333 D/EGL_emulation( 1732): eglMakeCurrent: 0xa0f058a0: ver 3 0 (tinfo 0xa0f03400)
12-14 02:53:27.418 I/chatty  ( 1732): uid=10028(u0_a28) RenderThread identical 10 lines
12-14 02:53:27.434 D/EGL_emulation( 1732): eglMakeCurrent: 0xa0f058a0: ver 3 0 (tinfo 0xa0f03400)
12-14 02:53:27.439 I/zygote  ( 4415): Do partial code cache collection, code=30KB, data=21KB
12-14 02:53:27.442 D/EGL_emulation( 1732): eglMakeCurrent: 0xa0f058a0: ver 3 0 (tinfo 0xa0f03400)
12-14 02:53:27.451 D/EGL_emulation( 1732): eglMakeCurrent: 0xa0f058a0: ver 3 0 (tinfo 0xa0f03400)
12-14 02:53:27.452 I/zygote  ( 4415): After code cache collection, code=30KB, data=21KB
12-14 02:53:27.452 I/zygote  ( 4415): Increasing code cache capacity to 128KB
12-14 02:53:27.466 D/EGL_emulation( 1732): eglMakeCurrent: 0xa0f058a0: ver 3 0 (tinfo 0xa0f03400)
12-14 02:53:27.469 D/EGL_emulation( 1732): eglMakeCurrent: 0xa0f058a0: ver 3 0 (tinfo 0xa0f03400)
12-14 02:53:27.503 W/ActivityManager( 1629): Bad activity token: android.os.BinderProxy@485a25c
12-14 02:53:27.503 W/ActivityManager( 1629): java.lang.ClassCastException: android.os.BinderProxy cannot be cast to com.android.server.am.ActivityRecord$Token
12-14 02:53:27.503 W/ActivityManager( 1629): 	at com.android.server.am.ActivityRecord.forTokenLocked(ActivityRecord.java:778)
12-14 02:53:27.503 W/ActivityManager( 1629): 	at com.android.server.am.ActivityRecord.isInStackLocked(ActivityRecord.java:2085)
12-14 02:53:27.503 W/ActivityManager( 1629): 	at com.android.server.am.ActivityManagerService.getActivityOptions(ActivityManagerService.java:13302)
12-14 02:53:27.503 W/ActivityManager( 1629): 	at android.app.IActivityManager$Stub.onTransact(IActivityManager.java:2910)
12-14 02:53:27.503 W/ActivityManager( 1629): 	at com.android.server.am.ActivityManagerService.onTransact(ActivityManagerService.java:2935)
12-14 02:53:27.503 W/ActivityManager( 1629): 	at android.os.Binder.execTransact(Binder.java:674)
12-14 02:53:27.503 W/ActivityManager( 1629): Bad activity token: android.os.BinderProxy@485a25c
12-14 02:53:27.503 W/ActivityManager( 1629): java.lang.ClassCastException: android.os.BinderProxy cannot be cast to com.android.server.am.ActivityRecord$Token
12-14 02:53:27.503 W/ActivityManager( 1629): 	at com.android.server.am.ActivityRecord.forTokenLocked(ActivityRecord.java:778)
12-14 02:53:27.503 W/ActivityManager( 1629): 	at com.android.server.am.ActivityRecord.isInStackLocked(ActivityRecord.java:2085)
12-14 02:53:27.503 W/ActivityManager( 1629): 	at com.android.server.am.ActivityManagerService.getActivityOptions(ActivityManagerService.java:13302)
12-14 02:53:27.503 W/ActivityManager( 1629): 	at android.app.IActivityManager$Stub.onTransact(IActivityManager.java:2910)
12-14 02:53:27.503 W/ActivityManager( 1629): 	at com.android.server.am.ActivityManagerService.onTransact(ActivityManagerService.java:2935)
12-14 02:53:27.503 W/ActivityManager( 1629): 	at android.os.Binder.execTransact(Binder.java:674)
12-14 02:53:27.575 V/StatusBar( 1732): setLightsOn(true)
12-14 02:53:27.604 I/zygote  ( 4415): Do partial code cache collection, code=43KB, data=55KB
12-14 02:53:27.604 I/zygote  ( 4415): After code cache collection, code=43KB, data=55KB
12-14 02:53:27.604 I/zygote  ( 4415): Increasing code cache capacity to 256KB
12-14 02:53:27.605 I/zygote  ( 4415): JIT allocated 71KB for compiled code of void android.widget.TextView.<init>(android.content.Context, android.util.AttributeSet, int, int)
12-14 02:53:27.605 I/zygote  ( 4415): Compiler allocated 4MB to compile void android.widget.TextView.<init>(android.content.Context, android.util.AttributeSet, int, int)
12-14 02:53:27.640 V/StatusBar( 1732): setLightsOn(true)
12-14 02:53:27.653 I/chatty  ( 1732): uid=10028(u0_a28) com.android.systemui identical 2 lines
12-14 02:53:27.673 V/StatusBar( 1732): setLightsOn(true)
12-14 02:53:27.681 I/zygote  ( 4415): Do full code cache collection, code=123KB, data=66KB
12-14 02:53:27.681 I/zygote  ( 4415): After code cache collection, code=91KB, data=39KB
12-14 02:53:27.690 D/gralloc_ranchu( 1394): gralloc_alloc: Creating ashmem region of size 7753728
12-14 02:53:27.710 D/        ( 4415): HostConnection::get() New Host Connection established 0x9e5b0dc0, tid 4415
12-14 02:53:27.763 V/StatusBar( 1732): setLightsOn(true)
12-14 02:53:27.763 I/chatty  ( 1732): uid=10028(u0_a28) com.android.systemui identical 1 line
12-14 02:53:27.764 V/StatusBar( 1732): setLightsOn(true)
12-14 02:53:27.765 I/ActivityManager( 1629): Displayed com.evancharlton.mileage/.Mileage: +594ms
12-14 02:53:27.766 V/StatusBar( 1732): setLightsOn(true)
12-14 02:53:27.785 D/gralloc_ranchu( 1394): gralloc_alloc: Creating ashmem region of size 7753728
12-14 02:53:27.941 V/StatusBar( 1732): setLightsOn(true)
12-14 02:53:27.944 I/System.out( 4415): URI: //
12-14 02:53:27.945 I/System.out( 4415): params: {json={"command":"set_activity_orientation","arguments":["landscape"]}
12-14 02:53:27.945 I/System.out( 4415): }
12-14 02:53:27.946 I/System.out( 4415): header: {content-type=application/json;charset=utf-8, date=Mon, 14 Dec 2020 07:53:28 GMT, accept=*/*, host=127.0.0.1:34777, content-length=64, user-agent=HTTPClient/1.0 (2.8.3, ruby 2.5.8 (2020-03-31))}
12-14 02:53:27.946 I/System.out( 4415): params: {json={"command":"set_activity_orientation","arguments":["landscape"]}
12-14 02:53:27.946 I/System.out( 4415): }
12-14 02:53:27.946 I/System.out( 4415): ProP json = {"command":"set_activity_orientation","arguments":["landscape"]}
12-14 02:53:27.946 I/System.out( 4415): files: {}
12-14 02:53:27.946 I/System.out( 4415): command: {"command":"set_activity_orientation","arguments":["landscape"]}
12-14 02:53:27.952 I/InstrumentationBackend( 4415): Got command:'Command:'Line:null,set_activity_orientation', arguments:'[landscape]'
12-14 02:53:27.954 D/gralloc_ranchu( 1394): gralloc_alloc: Creating ashmem region of size 8298496
12-14 02:53:27.973 W/LocalDisplayAdapter( 1629): Unable to find color mode 0, ignoring request.
12-14 02:53:27.991 I/InputReader( 1629): Reconfiguring input devices.  changes=0x00000004
12-14 02:53:27.991 I/InputReader( 1629): Device reconfigured: id=0, name='qwerty2', size 1080x1920, orientation 1, mode 1, display id 0
12-14 02:53:27.996 I/ActivityManager( 1629): Config changes=480 {1.0 310mcc260mnc [en_US] ldltr sw411dp w683dp h387dp 420dpi nrml land finger qwerty/v/v -nav/h appBounds=Rect(0, 0 - 1794, 1080) s.7}
12-14 02:53:28.037 I/ActivityManager( 1629): Override config changes=480 {1.0 310mcc260mnc [en_US] ldltr sw411dp w683dp h387dp 420dpi nrml land finger qwerty/v/v -nav/h appBounds=Rect(0, 0 - 1794, 1080) s.7} for displayId=0
12-14 02:53:28.083 D/gralloc_ranchu( 1394): gralloc_alloc: Creating ashmem region of size 544768
12-14 02:53:28.104 D/EGL_emulation( 1732): eglMakeCurrent: 0xa0f058a0: ver 3 0 (tinfo 0xa0f03400)
12-14 02:53:28.105 I/calabash( 4415): newActivity1
12-14 02:53:28.111 D/gralloc_ranchu( 1394): gralloc_alloc: Creating ashmem region of size 544768
12-14 02:53:28.151 D/NuPlayerDriver( 1481): NuPlayerDriver(0xa4444070) created, clientPid(1732)
12-14 02:53:28.165 D/GenericSource( 1481): FileSource remote
12-14 02:53:28.170 W/ActivityManager( 1629): Bad activity token: android.os.BinderProxy@f503289
12-14 02:53:28.170 W/ActivityManager( 1629): java.lang.ClassCastException: android.os.BinderProxy cannot be cast to com.android.server.am.ActivityRecord$Token
12-14 02:53:28.170 W/ActivityManager( 1629): 	at com.android.server.am.ActivityRecord.forTokenLocked(ActivityRecord.java:778)
12-14 02:53:28.170 W/ActivityManager( 1629): 	at com.android.server.am.ActivityRecord.isInStackLocked(ActivityRecord.java:2085)
12-14 02:53:28.170 W/ActivityManager( 1629): 	at com.android.server.am.ActivityRecord.getStackLocked(ActivityRecord.java:2090)
12-14 02:53:28.170 W/ActivityManager( 1629): 	at com.android.server.am.ActivityManagerService.getActivityDisplayId(ActivityManagerService.java:10406)
12-14 02:53:28.170 W/ActivityManager( 1629): 	at android.app.IActivityManager$Stub.onTransact(IActivityManager.java:2738)
12-14 02:53:28.170 W/ActivityManager( 1629): 	at com.android.server.am.ActivityManagerService.onTransact(ActivityManagerService.java:2935)
12-14 02:53:28.170 W/ActivityManager( 1629): 	at android.os.Binder.execTransact(Binder.java:674)
12-14 02:53:28.172 I/calabash( 4415): newActivity1
12-14 02:53:28.173 D/NuPlayerDriver( 1481): notifyListener_l(0xa4444070), (1, 0, 0, -1), loop setting(0, 0)
12-14 02:53:28.180 W/ActivityManager( 1629): Bad activity token: android.os.BinderProxy@f503289
12-14 02:53:28.180 W/ActivityManager( 1629): java.lang.ClassCastException: android.os.BinderProxy cannot be cast to com.android.server.am.ActivityRecord$Token
12-14 02:53:28.180 W/ActivityManager( 1629): 	at com.android.server.am.ActivityRecord.forTokenLocked(ActivityRecord.java:778)
12-14 02:53:28.180 W/ActivityManager( 1629): 	at com.android.server.am.ActivityRecord.isInStackLocked(ActivityRecord.java:2085)
12-14 02:53:28.180 W/ActivityManager( 1629): 	at com.android.server.am.ActivityManagerService.setTaskDescription(ActivityManagerService.java:9988)
12-14 02:53:28.180 W/ActivityManager( 1629): 	at android.app.IActivityManager$Stub.onTransact(IActivityManager.java:2824)
12-14 02:53:28.180 W/ActivityManager( 1629): 	at com.android.server.am.ActivityManagerService.onTransact(ActivityManagerService.java:2935)
12-14 02:53:28.180 W/ActivityManager( 1629): 	at android.os.Binder.execTransact(Binder.java:674)
12-14 02:53:28.181 I/MediaFocusControl( 1629):  AudioFocus  requestAudioFocus() from uid/pid 10028/1732 clientId=android.media.AudioManager@1cbaea3 req=3 flags=0x0
12-14 02:53:28.181 W/ActivityManager( 1629): Bad activity token: android.os.BinderProxy@f503289
12-14 02:53:28.181 W/ActivityManager( 1629): java.lang.ClassCastException: android.os.BinderProxy cannot be cast to com.android.server.am.ActivityRecord$Token
12-14 02:53:28.181 W/ActivityManager( 1629): 	at com.android.server.am.ActivityRecord.forTokenLocked(ActivityRecord.java:778)
12-14 02:53:28.181 W/ActivityManager( 1629): 	at com.android.server.am.ActivityRecord.isInStackLocked(ActivityRecord.java:2085)
12-14 02:53:28.181 W/ActivityManager( 1629): 	at com.android.server.am.ActivityRecord.getStackLocked(ActivityRecord.java:2090)
12-14 02:53:28.181 W/ActivityManager( 1629): 	at com.android.server.am.ActivityManagerService.getActivityStackId(ActivityManagerService.java:10417)
12-14 02:53:28.181 W/ActivityManager( 1629): 	at android.app.IActivityManager$Stub.onTransact(IActivityManager.java:3548)
12-14 02:53:28.181 W/ActivityManager( 1629): 	at com.android.server.am.ActivityManagerService.onTransact(ActivityManagerService.java:2935)
12-14 02:53:28.181 W/ActivityManager( 1629): 	at android.os.Binder.execTransact(Binder.java:674)
12-14 02:53:28.206 V/StatusBar( 1732): setLightsOn(true)
12-14 02:53:28.218 D/gralloc_ranchu( 1394): gralloc_alloc: Creating ashmem region of size 544768
12-14 02:53:28.234 W/ActivityManager( 1629): Bad activity token: android.os.BinderProxy@f503289
12-14 02:53:28.234 W/ActivityManager( 1629): java.lang.ClassCastException: android.os.BinderProxy cannot be cast to com.android.server.am.ActivityRecord$Token
12-14 02:53:28.234 W/ActivityManager( 1629): 	at com.android.server.am.ActivityRecord.forTokenLocked(ActivityRecord.java:778)
12-14 02:53:28.234 W/ActivityManager( 1629): 	at com.android.server.am.ActivityRecord.isInStackLocked(ActivityRecord.java:2085)
12-14 02:53:28.234 W/ActivityManager( 1629): 	at com.android.server.am.ActivityManagerService.getActivityOptions(ActivityManagerService.java:13302)
12-14 02:53:28.234 W/ActivityManager( 1629): 	at android.app.IActivityManager$Stub.onTransact(IActivityManager.java:2910)
12-14 02:53:28.234 W/ActivityManager( 1629): 	at com.android.server.am.ActivityManagerService.onTransact(ActivityManagerService.java:2935)
12-14 02:53:28.234 W/ActivityManager( 1629): 	at android.os.Binder.execTransact(Binder.java:674)
12-14 02:53:28.237 I/zygote  ( 1732): Do partial code cache collection, code=123KB, data=91KB
12-14 02:53:28.241 W/ActivityManager( 1629): Bad activity token: android.os.BinderProxy@f503289
12-14 02:53:28.241 W/ActivityManager( 1629): java.lang.ClassCastException: android.os.BinderProxy cannot be cast to com.android.server.am.ActivityRecord$Token
12-14 02:53:28.241 W/ActivityManager( 1629): 	at com.android.server.am.ActivityRecord.forTokenLocked(ActivityRecord.java:778)
12-14 02:53:28.241 W/ActivityManager( 1629): 	at com.android.server.am.ActivityRecord.isInStackLocked(ActivityRecord.java:2085)
12-14 02:53:28.241 W/ActivityManager( 1629): 	at com.android.server.am.ActivityManagerService.getActivityOptions(ActivityManagerService.java:13302)
12-14 02:53:28.241 W/ActivityManager( 1629): 	at android.app.IActivityManager$Stub.onTransact(IActivityManager.java:2910)
12-14 02:53:28.241 W/ActivityManager( 1629): 	at com.android.server.am.ActivityManagerService.onTransact(ActivityManagerService.java:2935)
12-14 02:53:28.241 W/ActivityManager( 1629): 	at android.os.Binder.execTransact(Binder.java:674)
12-14 02:53:28.247 I/zygote  ( 1732): After code cache collection, code=123KB, data=92KB
12-14 02:53:28.247 I/zygote  ( 1732): Increasing code cache capacity to 512KB
12-14 02:53:28.248 I/System.out( 4415): result:{"bonusInformation":[],"message":"","success":true}
12-14 02:53:28.278 D/gralloc_ranchu( 1394): gralloc_alloc: Creating ashmem region of size 487424
12-14 02:53:28.286 D/StatusBar( 1732): disable<e i a s b h r c s q >
12-14 02:53:28.294 D/EGL_emulation( 1732): eglMakeCurrent: 0xa0f058a0: ver 3 0 (tinfo 0xa0f03400)
12-14 02:53:28.310 D/gralloc_ranchu( 1394): gralloc_alloc: Creating ashmem region of size 487424
12-14 02:53:28.353 D/gralloc_ranchu( 1394): gralloc_alloc: Creating ashmem region of size 487424
12-14 02:53:28.368 D/EGL_emulation( 1732): eglMakeCurrent: 0xa0f058a0: ver 3 0 (tinfo 0xa0f03400)
12-14 02:53:28.375 D/EGL_emulation( 1732): eglMakeCurrent: 0xa0f058a0: ver 3 0 (tinfo 0xa0f03400)
12-14 02:53:28.422 V/StatusBar( 1732): setLightsOn(true)
12-14 02:53:28.426 I/zygote  ( 4415): Do partial code cache collection, code=123KB, data=78KB
12-14 02:53:28.435 I/zygote  ( 4415): After code cache collection, code=123KB, data=80KB
12-14 02:53:28.435 I/zygote  ( 4415): Increasing code cache capacity to 512KB
12-14 02:53:28.450 D/gralloc_ranchu( 1394): gralloc_alloc: Creating ashmem region of size 7753728
12-14 02:53:28.530 I/WindowManager( 1629): Screen frozen for +577ms due to Window{acb20fd u0 com.evancharlton.mileage/com.evancharlton.mileage.Mileage}
12-14 02:53:28.532 V/StatusBar( 1732): setLightsOn(true)
12-14 02:53:28.545 V/StatusBar( 1732): setLightsOn(true)
12-14 02:53:28.554 D/gralloc_ranchu( 1394): gralloc_alloc: Creating ashmem region of size 7753728
12-14 02:53:28.555 W/SurfaceFlinger( 1409): couldn't log to binary event log: overflow.
12-14 02:53:28.653 I/PBSessionCacheImpl( 2212): Deleted sessionId[9842964497278] from persistence.
12-14 02:53:28.685 W/SearchService( 2212): Abort, client detached.
12-14 02:53:28.690 D/NuPlayerDriver( 1481): start(0xa4444070), state is 4, eos is 0
12-14 02:53:28.690 I/GenericSource( 1481): start
12-14 02:53:28.718 I/OMXClient( 1481): Treble IOmx obtained
12-14 02:53:28.720 I/OMXMaster( 1486): makeComponentInstance(OMX.google.vorbis.decoder) in omx@1.0-service process
12-14 02:53:28.728 E/OMXNodeInstance( 1486): setConfig(0xae3a1860:google.vorbis.decoder, ConfigPriority(0x6f800002)) ERROR: Undefined(0x80001001)
12-14 02:53:28.728 I/ACodec  ( 1481): codec does not support config priority (err -2147483648)
12-14 02:53:28.728 E/OMXNodeInstance( 1486): getConfig(0xae3a1860:google.vorbis.decoder, ConfigAndroidVendorExtension(0x6f100004)) ERROR: Undefined(0x80001001)
12-14 02:53:28.729 I/MediaCodec( 1481): MediaCodec will operate in async mode
12-14 02:53:28.731 W//system/bin/hw/android.hidl.allocator@1.0-service( 1371): ashmem_create_region(32768) returning hidl_memory(0xa749b850, 32768)
12-14 02:53:28.745 I/chatty  ( 1371): uid=1000(system) allocator@1.0-s identical 10 lines
12-14 02:53:28.746 W//system/bin/hw/android.hidl.allocator@1.0-service( 1371): ashmem_create_region(32768) returning hidl_memory(0xa749b850, 32768)
12-14 02:53:28.764 D/AudioTrack( 1481): Client defaulted notificationFrames to 7406 for frameCount 22218
12-14 02:53:28.767 D/NuPlayerDriver( 1481): notifyListener_l(0xa4444070), (6, 0, 0, -1), loop setting(0, 0)
12-14 02:53:28.768 W/audio_hw_generic( 1378): Not supplying enough data to HAL, expected position 355689 , only wrote 355680
12-14 02:53:28.983 V/StatusBar( 1732): setLightsOn(true)
12-14 02:53:29.614 D/gralloc_ranchu( 1394): gralloc_alloc: Creating ashmem region of size 7753728
12-14 02:53:30.253 I/NuPlayerDecoder( 1481): [audio] saw output EOS
12-14 02:53:30.437 E/SurfaceFlinger( 1409): ro.sf.lcd_density must be defined as a build property
12-14 02:53:30.445 D/gralloc_ranchu( 1394): gralloc_alloc: Creating ashmem region of size 8298496
12-14 02:53:30.455 D/        ( 4470): HostConnection::get() New Host Connection established 0xa90af800, tid 4470
12-14 02:53:30.504 D/AudioTrack( 1481): stop() called with 84672 frames delivered
12-14 02:53:30.679 I/zygote  ( 1629): Explicit concurrent copying GC freed 23423(1843KB) AllocSpace objects, 11(220KB) LOS objects, 38% free, 9MB/15MB, paused 684us total 140.912ms
12-14 02:53:30.799 I/System.out( 4415): URI: //
12-14 02:53:30.799 I/System.out( 4415): params: {json={"command":"set_activity_orientation","arguments":["portrait"]}
12-14 02:53:30.799 I/System.out( 4415): }
12-14 02:53:30.799 I/System.out( 4415): header: {content-type=application/json;charset=utf-8, date=Mon, 14 Dec 2020 07:53:31 GMT, accept=*/*, host=127.0.0.1:34777, content-length=63, user-agent=HTTPClient/1.0 (2.8.3, ruby 2.5.8 (2020-03-31))}
12-14 02:53:30.799 I/System.out( 4415): params: {json={"command":"set_activity_orientation","arguments":["portrait"]}
12-14 02:53:30.799 I/System.out( 4415): }
12-14 02:53:30.799 I/System.out( 4415): ProP json = {"command":"set_activity_orientation","arguments":["portrait"]}
12-14 02:53:30.799 I/System.out( 4415): files: {}
12-14 02:53:30.799 I/System.out( 4415): command: {"command":"set_activity_orientation","arguments":["portrait"]}
12-14 02:53:30.802 I/InstrumentationBackend( 4415): Got command:'Command:'Line:null,set_activity_orientation', arguments:'[portrait]'
12-14 02:53:30.805 D/gralloc_ranchu( 1394): gralloc_alloc: Creating ashmem region of size 8298496
12-14 02:53:30.823 W/LocalDisplayAdapter( 1629): Unable to find color mode 0, ignoring request.
12-14 02:53:30.833 I/ActivityManager( 1629): Config changes=480 {1.0 310mcc260mnc [en_US] ldltr sw411dp w411dp h659dp 420dpi nrml port finger qwerty/v/v -nav/h appBounds=Rect(0, 0 - 1080, 1794) s.8}
12-14 02:53:30.860 I/InputReader( 1629): Reconfiguring input devices.  changes=0x00000004
12-14 02:53:30.860 I/InputReader( 1629): Device reconfigured: id=0, name='qwerty2', size 1080x1920, orientation 0, mode 1, display id 0
12-14 02:53:30.861 D/NuPlayerDriver( 1481): notifyListener_l(0xa4444070), (2, 0, 0, -1), loop setting(0, 0)
12-14 02:53:30.861 I/InputReader( 1629): Reconfiguring input devices.  changes=0x00000004
12-14 02:53:30.862 I/MediaFocusControl( 1629):  AudioFocus  abandonAudioFocus() from uid/pid 10028/1732 clientId=android.media.AudioManager@1cbaea3
12-14 02:53:30.862 I/InputReader( 1629): Reconfiguring input devices.  changes=0x00000004
12-14 02:53:30.868 I/zygote  ( 1720): Do partial code cache collection, code=61KB, data=39KB
12-14 02:53:30.869 I/ActivityManager( 1629): Override config changes=480 {1.0 310mcc260mnc [en_US] ldltr sw411dp w411dp h659dp 420dpi nrml port finger qwerty/v/v -nav/h appBounds=Rect(0, 0 - 1080, 1794) s.8} for displayId=0
12-14 02:53:30.882 I/zygote  ( 1720): After code cache collection, code=61KB, data=39KB
12-14 02:53:30.882 I/zygote  ( 1720): Increasing code cache capacity to 256KB
12-14 02:53:30.900 I/Dialer  ( 2016): OmtpVvmCarrierCfgHlpr - OmtpEvent:CONFIG_STATUS_SMS_TIME_OUT
12-14 02:53:30.901 I/Dialer  ( 2016): RetryPolicy - discarding deferred status: configuration_state=4
12-14 02:53:30.904 I/Dialer  ( 2016): VvmTaskExecutor - no more tasks, stopping service if no task are added in 5000 millis
12-14 02:53:30.918 I/Dialer  ( 2016): VvmTaskReceiver - task received
12-14 02:53:30.918 I/Dialer  ( 2016): VvmTaskReceiver - TaskExecutor already running
12-14 02:53:30.918 I/Dialer  ( 2016): Task.createTask - create task:com.android.voicemail.impl.ActivationTask
12-14 02:53:30.920 I/Dialer  ( 2016): RetryPolicy - retry #1 for com.android.voicemail.impl.ActivationTask@4f479ac queued, executing in 5000
12-14 02:53:30.921 I/Dialer  ( 2016): VvmTaskExecutor - com.android.voicemail.impl.ActivationTask@4f479ac added
12-14 02:53:30.922 I/Dialer  ( 2016): VvmTaskExecutor - minimal wait time:5000
12-14 02:53:30.923 I/Dialer  ( 2016): VvmTaskExecutor - sleep for 5000 millis
12-14 02:53:30.926 D/gralloc_ranchu( 1394): gralloc_alloc: Creating ashmem region of size 544768
12-14 02:53:30.926 I/calabash( 4415): newActivity1
12-14 02:53:30.937 D/EGL_emulation( 1732): eglMakeCurrent: 0xa0f058a0: ver 3 0 (tinfo 0xa0f03400)
12-14 02:53:30.953 D/gralloc_ranchu( 1394): gralloc_alloc: Creating ashmem region of size 544768
12-14 02:53:30.988 W/ActivityManager( 1629): Bad activity token: android.os.BinderProxy@407d416
12-14 02:53:30.988 W/ActivityManager( 1629): java.lang.ClassCastException: android.os.BinderProxy cannot be cast to com.android.server.am.ActivityRecord$Token
12-14 02:53:30.988 W/ActivityManager( 1629): 	at com.android.server.am.ActivityRecord.forTokenLocked(ActivityRecord.java:778)
12-14 02:53:30.988 W/ActivityManager( 1629): 	at com.android.server.am.ActivityRecord.isInStackLocked(ActivityRecord.java:2085)
12-14 02:53:30.988 W/ActivityManager( 1629): 	at com.android.server.am.ActivityRecord.getStackLocked(ActivityRecord.java:2090)
12-14 02:53:30.988 W/ActivityManager( 1629): 	at com.android.server.am.ActivityManagerService.getActivityDisplayId(ActivityManagerService.java:10406)
12-14 02:53:30.988 W/ActivityManager( 1629): 	at android.app.IActivityManager$Stub.onTransact(IActivityManager.java:2738)
12-14 02:53:30.988 W/ActivityManager( 1629): 	at com.android.server.am.ActivityManagerService.onTransact(ActivityManagerService.java:2935)
12-14 02:53:30.988 W/ActivityManager( 1629): 	at android.os.Binder.execTransact(Binder.java:674)
12-14 02:53:30.990 I/calabash( 4415): newActivity1
12-14 02:53:30.995 W/ActivityManager( 1629): Bad activity token: android.os.BinderProxy@407d416
12-14 02:53:30.995 W/ActivityManager( 1629): java.lang.ClassCastException: android.os.BinderProxy cannot be cast to com.android.server.am.ActivityRecord$Token
12-14 02:53:30.995 W/ActivityManager( 1629): 	at com.android.server.am.ActivityRecord.forTokenLocked(ActivityRecord.java:778)
12-14 02:53:30.995 W/ActivityManager( 1629): 	at com.android.server.am.ActivityRecord.isInStackLocked(ActivityRecord.java:2085)
12-14 02:53:30.995 W/ActivityManager( 1629): 	at com.android.server.am.ActivityManagerService.setTaskDescription(ActivityManagerService.java:9988)
12-14 02:53:30.995 W/ActivityManager( 1629): 	at android.app.IActivityManager$Stub.onTransact(IActivityManager.java:2824)
12-14 02:53:30.995 W/ActivityManager( 1629): 	at com.android.server.am.ActivityManagerService.onTransact(ActivityManagerService.java:2935)
12-14 02:53:30.995 W/ActivityManager( 1629): 	at android.os.Binder.execTransact(Binder.java:674)
12-14 02:53:30.996 W/ActivityManager( 1629): Bad activity token: android.os.BinderProxy@407d416
12-14 02:53:30.996 W/ActivityManager( 1629): java.lang.ClassCastException: android.os.BinderProxy cannot be cast to com.android.server.am.ActivityRecord$Token
12-14 02:53:30.996 W/ActivityManager( 1629): 	at com.android.server.am.ActivityRecord.forTokenLocked(ActivityRecord.java:778)
12-14 02:53:30.996 W/ActivityManager( 1629): 	at com.android.server.am.ActivityRecord.isInStackLocked(ActivityRecord.java:2085)
12-14 02:53:30.996 W/ActivityManager( 1629): 	at com.android.server.am.ActivityRecord.getStackLocked(ActivityRecord.java:2090)
12-14 02:53:30.996 W/ActivityManager( 1629): 	at com.android.server.am.ActivityManagerService.getActivityStackId(ActivityManagerService.java:10417)
12-14 02:53:30.996 W/ActivityManager( 1629): 	at android.app.IActivityManager$Stub.onTransact(IActivityManager.java:3548)
12-14 02:53:30.996 W/ActivityManager( 1629): 	at com.android.server.am.ActivityManagerService.onTransact(ActivityManagerService.java:2935)
12-14 02:53:30.996 W/ActivityManager( 1629): 	at android.os.Binder.execTransact(Binder.java:674)
12-14 02:53:31.008 I/zygote  ( 4415): Do full code cache collection, code=195KB, data=129KB
12-14 02:53:31.011 I/zygote  ( 4415): After code cache collection, code=192KB, data=105KB
12-14 02:53:31.034 W/ActivityManager( 1629): Bad activity token: android.os.BinderProxy@407d416
12-14 02:53:31.034 W/ActivityManager( 1629): java.lang.ClassCastException: android.os.BinderProxy cannot be cast to com.android.server.am.ActivityRecord$Token
12-14 02:53:31.034 W/ActivityManager( 1629): 	at com.android.server.am.ActivityRecord.forTokenLocked(ActivityRecord.java:778)
12-14 02:53:31.034 W/ActivityManager( 1629): 	at com.android.server.am.ActivityRecord.isInStackLocked(ActivityRecord.java:2085)
12-14 02:53:31.034 W/ActivityManager( 1629): 	at com.android.server.am.ActivityManagerService.getActivityOptions(ActivityManagerService.java:13302)
12-14 02:53:31.034 W/ActivityManager( 1629): 	at android.app.IActivityManager$Stub.onTransact(IActivityManager.java:2910)
12-14 02:53:31.034 W/ActivityManager( 1629): 	at com.android.server.am.ActivityManagerService.onTransact(ActivityManagerService.java:2935)
12-14 02:53:31.034 W/ActivityManager( 1629): 	at android.os.Binder.execTransact(Binder.java:674)
12-14 02:53:31.034 W/ActivityManager( 1629): Bad activity token: android.os.BinderProxy@407d416
12-14 02:53:31.034 W/ActivityManager( 1629): java.lang.ClassCastException: android.os.BinderProxy cannot be cast to com.android.server.am.ActivityRecord$Token
12-14 02:53:31.034 W/ActivityManager( 1629): 	at com.android.server.am.ActivityRecord.forTokenLocked(ActivityRecord.java:778)
12-14 02:53:31.034 W/ActivityManager( 1629): 	at com.android.server.am.ActivityRecord.isInStackLocked(ActivityRecord.java:2085)
12-14 02:53:31.034 W/ActivityManager( 1629): 	at com.android.server.am.ActivityManagerService.getActivityOptions(ActivityManagerService.java:13302)
12-14 02:53:31.034 W/ActivityManager( 1629): 	at android.app.IActivityManager$Stub.onTransact(IActivityManager.java:2910)
12-14 02:53:31.034 W/ActivityManager( 1629): 	at com.android.server.am.ActivityManagerService.onTransact(ActivityManagerService.java:2935)
12-14 02:53:31.034 W/ActivityManager( 1629): 	at android.os.Binder.execTransact(Binder.java:674)
12-14 02:53:31.055 I/System.out( 4415): result:{"bonusInformation":[],"message":"","success":true}
12-14 02:53:31.063 V/StatusBar( 1732): setLightsOn(true)
12-14 02:53:31.066 D/gralloc_ranchu( 1394): gralloc_alloc: Creating ashmem region of size 544768
12-14 02:53:31.106 D/gralloc_ranchu( 1394): gralloc_alloc: Creating ashmem region of size 274432
12-14 02:53:31.130 D/StatusBar( 1732): disable<e i a s b h r c s q >
12-14 02:53:31.134 D/EGL_emulation( 1732): eglMakeCurrent: 0xa0f058a0: ver 3 0 (tinfo 0xa0f03400)
12-14 02:53:31.149 D/gralloc_ranchu( 1394): gralloc_alloc: Creating ashmem region of size 274432
12-14 02:53:31.159 D/gralloc_ranchu( 1394): gralloc_alloc: Creating ashmem region of size 7753728
12-14 02:53:31.188 D/gralloc_ranchu( 1394): gralloc_alloc: Creating ashmem region of size 274432
12-14 02:53:31.195 E/TaskPersister( 1629): File error accessing recents directory (directory doesn't exist?).
12-14 02:53:31.205 D/EGL_emulation( 1732): eglMakeCurrent: 0xa0f058a0: ver 3 0 (tinfo 0xa0f03400)
12-14 02:53:31.212 D/EGL_emulation( 1732): eglMakeCurrent: 0xa0f058a0: ver 3 0 (tinfo 0xa0f03400)
12-14 02:53:31.220 V/StatusBar( 1732): setLightsOn(true)
12-14 02:53:31.252 I/WindowManager( 1629): Screen frozen for +449ms due to Window{38f92ab u0 com.evancharlton.mileage/com.evancharlton.mileage.Mileage}
12-14 02:53:31.270 D/gralloc_ranchu( 1394): gralloc_alloc: Creating ashmem region of size 7753728
12-14 02:53:31.284 V/StatusBar( 1732): setLightsOn(true)
12-14 02:53:31.529 E/BatteryStatsService( 1629): modem info is invalid: ModemActivityInfo{ mTimestamp=0 mSleepTimeMs=0 mIdleTimeMs=0 mTxTimeMs[]=[0, 0, 0, 0, 0] mRxTimeMs=0 mEnergyUsed=0}
12-14 02:53:31.533 E/memtrack( 1629): Couldn't load memtrack module
12-14 02:53:31.533 W/android.os.Debug( 1629): failed to get memory consumption info: -1
12-14 02:53:31.677 I/NetworkScheduler.Stats( 1944): Task com.google.android.gms/com.google.android.gms.icing.service.IcingGcmTaskService started execution. cause:4 exec_start_elapsed_seconds: 96 [CONTEXT service_id=218 ]
12-14 02:53:31.684 V/StatusBar( 1732): setLightsOn(true)
12-14 02:53:31.787 I/NetworkScheduler.Stats( 1944): Task com.google.android.gms/com.google.android.gms.ads.social.GcmSchedulerWakeupService started execution. cause:4 exec_start_elapsed_seconds: 96 [CONTEXT service_id=218 ]
12-14 02:53:31.801 I/NetworkScheduler.Stats( 1944): Task com.google.android.gms/com.google.android.gms.icing.service.IcingGcmTaskService finished executing. cause:4 result: 1 elapsed_millis: 177 uptime_millis: 177 exec_start_elapsed_seconds: 96 [CONTEXT service_id=218 ]
12-14 02:53:31.803 I/NetworkScheduler.Stats( 1944): Task com.google.android.gms/com.google.android.gms.ads.social.GcmSchedulerWakeupService finished executing. cause:4 result: 1 elapsed_millis: 65 uptime_millis: 65 exec_start_elapsed_seconds: 96 [CONTEXT service_id=218 ]
12-14 02:53:31.885 I/NetworkScheduler.Stats( 1944): Task com.google.android.gms/com.google.android.gms.clearcut.uploader.QosUploaderService started execution. cause:5 exec_start_elapsed_seconds: 96 [CONTEXT service_id=218 ]
12-14 02:53:31.949 I/NetworkScheduler.Stats( 1944): Task com.google.android.gms/com.google.android.gms.clearcut.uploader.QosUploaderService started execution. cause:5 exec_start_elapsed_seconds: 96 [CONTEXT service_id=218 ]
12-14 02:53:31.968 I/NetworkScheduler.Stats( 1944): Task com.google.android.gms/com.google.android.gms.clearcut.uploader.QosUploaderService finished executing. cause:5 result: 1 elapsed_millis: 118 uptime_millis: 118 exec_start_elapsed_seconds: 96 [CONTEXT service_id=218 ]
12-14 02:53:32.038 I/NetworkScheduler.Stats( 1944): Task com.google.android.gms/com.google.android.gms.clearcut.uploader.QosUploaderService started execution. cause:5 exec_start_elapsed_seconds: 96 [CONTEXT service_id=218 ]
12-14 02:53:32.046 I/NetworkScheduler.Stats( 1944): Task com.google.android.gms/com.google.android.gms.clearcut.uploader.QosUploaderService finished executing. cause:5 result: 1 elapsed_millis: 131 uptime_millis: 131 exec_start_elapsed_seconds: 96 [CONTEXT service_id=218 ]
12-14 02:53:32.107 I/zygote  ( 1944): Deoptimizing bsbk brqx.D(int) due to JIT inline cache
12-14 02:53:32.347 D/gralloc_ranchu( 1394): gralloc_alloc: Creating ashmem region of size 7753728
12-14 02:53:32.395 E/CCTFlatFileLogStore( 1944): Can't get boot count and uptime from log event.
12-14 02:53:32.395 E/CCTFlatFileLogStore( 1944): cdbx: While parsing a protocol message, the input ended unexpectedly in the middle of a field.  This could mean either that the input has been truncated or that an embedded message misreported its own length.
12-14 02:53:32.395 E/CCTFlatFileLogStore( 1944): 	at cczs.T(:com.google.android.gms@204713022@20.47.13 (040700-344095733):3)
12-14 02:53:32.395 E/CCTFlatFileLogStore( 1944): 	at cczs.G(:com.google.android.gms@204713022@20.47.13 (040700-344095733):1)
12-14 02:53:32.395 E/CCTFlatFileLogStore( 1944): 	at cczs.y(:com.google.android.gms@204713022@20.47.13 (040700-344095733):1)
12-14 02:53:32.395 E/CCTFlatFileLogStore( 1944): 	at cczs.w(:com.google.android.gms@204713022@20.47.13 (040700-344095733):7)
12-14 02:53:32.395 E/CCTFlatFileLogStore( 1944): 	at cczs.q(:com.google.android.gms@204713022@20.47.13 (040700-344095733):0)
12-14 02:53:32.395 E/CCTFlatFileLogStore( 1944): 	at ryj.c(:com.google.android.gms@204713022@20.47.13 (040700-344095733):2)
12-14 02:53:32.395 E/CCTFlatFileLogStore( 1944): 	at ryh.a(:com.google.android.gms@204713022@20.47.13 (040700-344095733):9)
12-14 02:53:32.395 E/CCTFlatFileLogStore( 1944): 	at com.google.android.gms.clearcut.uploader.QosUploaderChimeraService.e(:com.google.android.gms@204713022@20.47.13 (040700-344095733):33)
12-14 02:53:32.395 E/CCTFlatFileLogStore( 1944): 	at com.google.android.gms.clearcut.uploader.QosUploaderChimeraService.a(:com.google.android.gms@204713022@20.47.13 (040700-344095733):2)
12-14 02:53:32.395 E/CCTFlatFileLogStore( 1944): 	at afut.call(Unknown Source:4)
12-14 02:53:32.395 E/CCTFlatFileLogStore( 1944): 	at java.util.concurrent.FutureTask.run(FutureTask.java:266)
12-14 02:53:32.395 E/CCTFlatFileLogStore( 1944): 	at tma.c(:com.google.android.gms@204713022@20.47.13 (040700-344095733):6)
12-14 02:53:32.395 E/CCTFlatFileLogStore( 1944): 	at tma.run(:com.google.android.gms@204713022@20.47.13 (040700-344095733):7)
12-14 02:53:32.395 E/CCTFlatFileLogStore( 1944): 	at java.util.concurrent.ThreadPoolExecutor.runWorker(ThreadPoolExecutor.java:1162)
12-14 02:53:32.395 E/CCTFlatFileLogStore( 1944): 	at java.util.concurrent.ThreadPoolExecutor$Worker.run(ThreadPoolExecutor.java:636)
12-14 02:53:32.395 E/CCTFlatFileLogStore( 1944): 	at trx.run(:com.google.android.gms@204713022@20.47.13 (040700-344095733):0)
12-14 02:53:32.395 E/CCTFlatFileLogStore( 1944): 	at java.lang.Thread.run(Thread.java:764)
12-14 02:53:32.684 I/zygote  ( 1944): Deoptimizing void cczm.m(cczd) due to JIT inline cache
12-14 02:53:32.698 I/DynamiteModule( 1944): Considering local module com.google.android.gms.cronet_dynamite:0 and remote module com.google.android.gms.cronet_dynamite:1311
12-14 02:53:32.698 I/DynamiteModule( 1944): Selected remote version of com.google.android.gms.cronet_dynamite, version >= 1311
12-14 02:53:32.703 W/zygote  ( 1944): Skipping duplicate class check due to unrecognized classloader
12-14 02:53:32.778 I/cr_CronetLibraryLoader( 1944): Cronet version: 85.0.4183.127, arch: i686
12-14 02:53:32.793 W/ResourceType( 1944): ResTable_typeSpec entry count inconsistent: given 67, previously 69
12-14 02:53:32.793 W/ResourceType( 1944): ResTable_typeSpec entry count inconsistent: given 5411, previously 5412
12-14 02:53:32.794 I/zygote  ( 1944): Deoptimizing void cddo.P(int, java.util.List, cdad) due to JIT inline cache
12-14 02:53:33.263 E/SurfaceFlinger( 1409): ro.sf.lcd_density must be defined as a build property
12-14 02:53:33.271 D/gralloc_ranchu( 1394): gralloc_alloc: Creating ashmem region of size 8298496
12-14 02:53:33.281 D/        ( 4494): HostConnection::get() New Host Connection established 0xae72f800, tid 4494
12-14 02:53:33.322 I/zygote  ( 1629): Explicit concurrent copying GC freed 17962(1149KB) AllocSpace objects, 2(56KB) LOS objects, 38% free, 9MB/15MB, paused 343us total 51.662ms
