12-14 04:11:44.487 I/zygote  ( 3906): JIT allocated 71KB for compiled code of void android.widget.TextView.<init>(android.content.Context, android.util.AttributeSet, int, int)
12-14 04:11:44.487 I/zygote  ( 3906): Compiler allocated 4MB to compile void android.widget.TextView.<init>(android.content.Context, android.util.AttributeSet, int, int)
12-14 04:11:44.505 W/ResourceType( 1628): ResTable_typeSpec entry count inconsistent: given 67, previously 69
12-14 04:11:44.505 W/ResourceType( 1628): ResTable_typeSpec entry count inconsistent: given 5411, previously 5412
12-14 04:11:44.539 I/Fitness ( 1948): OnPackageChangedOperation got intent: Intent { act=android.intent.action.PACKAGE_CHANGED dat=package:com.google.android.gms flg=0x45000010 pkg=com.google.android.gms cmp=com.google.android.gms/.chimera.PersistentIntentOperationService (has extras) } [CONTEXT service_id=17 ]
12-14 04:11:44.559 I/Fitness ( 1948): FitCleanupIntentOperation received Intent android.intent.action.PACKAGE_CHANGED [CONTEXT service_id=17 ]
12-14 04:11:44.576 I/Telecom ( 1628): DefaultDialerCache: Refreshing default dialer for user 0: now com.google.android.dialer: DDC.oR@AE0
12-14 04:11:44.585 I/ProvidersCache( 3380): Provider returned no roots. Possibly naughty: com.google.android.apps.docs.storage
12-14 04:11:44.587 D/CarrierSvcBindHelper( 1821): No carrier app for: 0
12-14 04:11:44.587 D/ImsResolver( 1821): maybeAddedImsService, packageName: com.google.android.gms
12-14 04:11:44.589 V/StatusBar( 1729): setLightsOn(true)
12-14 04:11:44.590 V/StatusBar( 1729): setLightsOn(true)
12-14 04:11:44.593 W/PeopleGalProvider( 2123): Not enabled to outside of GmsCore.
12-14 04:11:44.593 I/PeopleGalProvider( 2123): Method 0 completed.
12-14 04:11:44.610 I/ContactDirectoryManager( 2373): Directory provider com.google.android.gms(com.google.android.gms.people.gal.provider) returned a NULL cursor.
12-14 04:11:44.610 D/gralloc_ranchu( 1397): gralloc_alloc: Creating ashmem region of size 7753728
12-14 04:11:44.616 I/ActivityManager( 1628): Killing 3339:com.google.android.apps.messaging:rcs/u0a66 (adj 906): empty #17
12-14 04:11:44.638 D/        ( 3906): HostConnection::get() New Host Connection established 0xa24afdc0, tid 3906
12-14 04:11:44.643 V/StatusBar( 1729): setLightsOn(true)
12-14 04:11:44.643 I/Icing   ( 2123): IndexChimeraService.getServiceInterface callingPackage=com.google.android.gms componentName=AppsCorpus serviceId=36
12-14 04:11:44.654 I/Icing   ( 2123): updateResources: need to parse adiq{com.google.android.gms}
12-14 04:11:44.702 I/zygote  ( 2123): Deoptimizing brse brse.p(int, java.lang.Object[]) due to JIT inline cache
12-14 04:11:44.709 I/zygote  ( 3906): Do full code cache collection, code=123KB, data=69KB
12-14 04:11:44.709 I/zygote  ( 3906): After code cache collection, code=91KB, data=39KB
12-14 04:11:44.716 V/StatusBar( 1729): setLightsOn(true)
12-14 04:11:44.720 I/chatty  ( 1729): uid=10028(u0_a28) com.android.systemui identical 1 line
12-14 04:11:44.725 V/StatusBar( 1729): setLightsOn(true)
12-14 04:11:44.726 I/ActivityManager( 1628): Displayed com.evancharlton.mileage/.Mileage: +702ms
12-14 04:11:44.726 V/StatusBar( 1729): setLightsOn(true)
12-14 04:11:44.741 D/gralloc_ranchu( 1397): gralloc_alloc: Creating ashmem region of size 7753728
12-14 04:11:44.774 E/memtrack( 1628): Couldn't load memtrack module
12-14 04:11:44.775 W/android.os.Debug( 1628): failed to get memory consumption info: -1
12-14 04:11:44.816 W/Binder  ( 1628): Outgoing transactions from this process must be FLAG_ONEWAY
12-14 04:11:44.816 W/Binder  ( 1628): java.lang.Throwable
12-14 04:11:44.816 W/Binder  ( 1628): 	at android.os.BinderProxy.transact(Binder.java:736)
12-14 04:11:44.816 W/Binder  ( 1628): 	at com.android.internal.location.ILocationProvider$Stub$Proxy.getProperties(ILocationProvider.java:232)
12-14 04:11:44.816 W/Binder  ( 1628): 	at com.android.server.location.LocationProviderProxy$1.run(LocationProviderProxy.java:119)
12-14 04:11:44.816 W/Binder  ( 1628): 	at android.os.Handler.handleCallback(Handler.java:789)
12-14 04:11:44.816 W/Binder  ( 1628): 	at android.os.Handler.dispatchMessage(Handler.java:98)
12-14 04:11:44.816 W/Binder  ( 1628): 	at android.os.Looper.loop(Looper.java:164)
12-14 04:11:44.816 W/Binder  ( 1628): 	at android.os.HandlerThread.run(HandlerThread.java:65)
12-14 04:11:44.822 W/Binder  ( 1628): Outgoing transactions from this process must be FLAG_ONEWAY
12-14 04:11:44.822 W/Binder  ( 1628): java.lang.Throwable
12-14 04:11:44.822 W/Binder  ( 1628): 	at android.os.BinderProxy.transact(Binder.java:736)
12-14 04:11:44.822 W/Binder  ( 1628): 	at com.android.internal.location.ILocationProvider$Stub$Proxy.getProperties(ILocationProvider.java:232)
12-14 04:11:44.822 W/Binder  ( 1628): 	at com.android.server.location.LocationProviderProxy$1.run(LocationProviderProxy.java:119)
12-14 04:11:44.822 W/Binder  ( 1628): 	at android.os.Handler.handleCallback(Handler.java:789)
12-14 04:11:44.822 W/Binder  ( 1628): 	at android.os.Handler.dispatchMessage(Handler.java:98)
12-14 04:11:44.822 W/Binder  ( 1628): 	at android.os.Looper.loop(Looper.java:164)
12-14 04:11:44.822 W/Binder  ( 1628): 	at android.os.HandlerThread.run(HandlerThread.java:65)
12-14 04:11:44.852 V/StatusBar( 1729): setLightsOn(true)
12-14 04:11:44.857 I/chatty  ( 1729): uid=10028(u0_a28) com.android.systemui identical 1 line
12-14 04:11:44.882 V/StatusBar( 1729): setLightsOn(true)
12-14 04:11:44.894 W/SurfaceFlinger( 1406): couldn't log to binary event log: overflow.
12-14 04:11:44.894 W/SurfaceFlinger( 1406): couldn't log to binary event log: overflow.
12-14 04:11:44.900 V/StatusBar( 1729): setLightsOn(true)
12-14 04:11:44.911 W/Icing   ( 2123): No valid account for uploading user actions
12-14 04:11:44.937 V/StatusBar( 1729): setLightsOn(true)
12-14 04:11:44.951 I/System.out( 3906): URI: //map
12-14 04:11:44.951 I/System.out( 3906): params: {json={"query":"android.widget.Button index:2","operation":{"method_name":"query","arguments":[]}}
12-14 04:11:44.951 I/System.out( 3906): }
12-14 04:11:44.956 I/Icing   ( 2123): IndexChimeraService.getServiceInterface callingPackage=com.google.android.gms componentName=null serviceId=30
12-14 04:11:44.960 D/BoundBrokerSvc( 1948): onUnbind: Intent { act=com.google.android.gms.clearcut.bootcount.service.START cmp=com.google.android.gms/.chimera.PersistentBoundBrokerService }
12-14 04:11:44.977 I/PBSessionCacheImpl( 2227): Deleted sessionId[12591743613402] from persistence.
12-14 04:11:44.999 W/SearchService( 2227): Abort, client detached.
12-14 04:11:45.004 E/WorkerRegistryImpl( 2227): getWorker() is called after WorkerRegistry disposal.
12-14 04:11:45.004 E/WorkerRegistryImpl( 2227): getWorker() is called after WorkerRegistry disposal.
12-14 04:11:45.050 I/Icing   ( 2123): Usage reports ok 2, Failed Usage reports 0, indexed 1, rejected 0
12-14 04:11:45.059 W/Icing   ( 2123): No valid account for uploading user actions
12-14 04:11:45.068 I/Icing   ( 2123): Usage reports ok 0, Failed Usage reports 0, indexed 0, rejected 0
12-14 04:11:45.068 I/Icing   ( 2123): Indexing com.google.android.gms-apps from com.google.android.gms
12-14 04:11:45.071 I/Icing   ( 2123): Indexing done com.google.android.gms-apps
12-14 04:11:45.111 I/System.out( 3906): URI: //gesture
12-14 04:11:45.111 I/System.out( 3906): params: {json={"query_timeout":5.0,"gestures":[{"query_string":"android.widget.Button index:2","touches":[{"x":50,"y":50,"offset_x":0,"offset_y":0,"wait":0.0,"time":0.2,"release":true,"query_string":null}]}]}
12-14 04:11:45.111 I/System.out( 3906): }
12-14 04:11:45.141 D/ConnectivityService( 1628): handleLingerComplete for NetworkAgentInfo [MOBILE (LTE) - 100]
12-14 04:11:45.343 I/zygote  ( 3906): Do partial code cache collection, code=118KB, data=59KB
12-14 04:11:45.343 I/zygote  ( 3906): After code cache collection, code=118KB, data=59KB
12-14 04:11:45.343 I/zygote  ( 3906): Increasing code cache capacity to 512KB
12-14 04:11:45.385 I/AudioTrack( 1628): AUDIO_OUTPUT_FLAG_FAST successful; frameCount 4512 -> 4512
12-14 04:11:45.484 V/StatusBar( 1729): setLightsOn(true)
12-14 04:11:45.487 I/chatty  ( 1729): uid=10028(u0_a28) com.android.systemui identical 1 line
12-14 04:11:45.490 V/StatusBar( 1729): setLightsOn(true)
12-14 04:11:45.506 W/View    ( 3906): dispatchProvideAutofillStructure(): not laid out, ignoring
12-14 04:11:45.512 W/Binder  ( 1628): Outgoing transactions from this process must be FLAG_ONEWAY
12-14 04:11:45.512 W/Binder  ( 1628): java.lang.Throwable
12-14 04:11:45.512 W/Binder  ( 1628): 	at android.os.BinderProxy.transact(Binder.java:736)
12-14 04:11:45.512 W/Binder  ( 1628): 	at android.app.assist.AssistStructure$ParcelTransferReader.fetchData(AssistStructure.java:407)
12-14 04:11:45.512 W/Binder  ( 1628): 	at android.app.assist.AssistStructure$ParcelTransferReader.go(AssistStructure.java:343)
12-14 04:11:45.512 W/Binder  ( 1628): 	at android.app.assist.AssistStructure.ensureData(AssistStructure.java:2096)
12-14 04:11:45.512 W/Binder  ( 1628): 	at com.android.server.autofill.Session$1.send(Session.java:200)
12-14 04:11:45.512 W/Binder  ( 1628): 	at com.android.server.am.ActivityManagerService.reportAssistContextExtras(ActivityManagerService.java:13137)
12-14 04:11:45.512 W/Binder  ( 1628): 	at android.app.IActivityManager$Stub.onTransact(IActivityManager.java:2466)
12-14 04:11:45.512 W/Binder  ( 1628): 	at com.android.server.am.ActivityManagerService.onTransact(ActivityManagerService.java:2935)
12-14 04:11:45.512 W/Binder  ( 1628): 	at android.os.Binder.execTransact(Binder.java:674)
12-14 04:11:45.999 W/audio_hw_generic( 1391): Not supplying enough data to HAL, expected position 22993 , only wrote 2880
12-14 04:11:45.999 W/audio_hw_generic( 1391): Not supplying enough data to HAL, expected position 2893 , only wrote 2880
12-14 04:11:46.000 W/audio_hw_generic( 1391): Hardware backing HAL too slow, could only write 0 of 720 frames
12-14 04:11:46.001 I/zygote  ( 3833): Waiting for a blocking GC ProfileSaver
12-14 04:11:45.999 W/AudioFlinger( 1476): write blocked for 483 msecs, 1 delayed writes, thread 0xb46831c0
12-14 04:11:46.003 I/AssistStructure( 3906): Flattened final assist data: 5024 bytes, containing 2 windows, 19 views
12-14 04:11:46.006 W/Nearby  ( 1948): Failed attempt #3 out of 3 for RestoreDeviceName [CONTEXT service_id=49 ]
12-14 04:11:46.006 W/Nearby  ( 1948): java.lang.IllegalStateException: BluetoothAdapter not ready yet!
12-14 04:11:46.006 W/Nearby  ( 1948): 	at alhd.g(:com.google.android.gms@204713022@20.47.13 (040700-344095733):2)
12-14 04:11:46.006 W/Nearby  ( 1948): 	at alhc.run(Unknown Source:0)
12-14 04:11:46.006 W/Nearby  ( 1948): 	at bznt.call(Unknown Source:0)
12-14 04:11:46.006 W/Nearby  ( 1948): 	at bzny.b(:com.google.android.gms@204713022@20.47.13 (040700-344095733):2)
12-14 04:11:46.006 W/Nearby  ( 1948): 	at bzny.a(:com.google.android.gms@204713022@20.47.13 (040700-344095733):0)
12-14 04:11:46.006 W/Nearby  ( 1948): 	at alhb.run(Unknown Source:2)
12-14 04:11:46.006 W/Nearby  ( 1948): 	at java.lang.Thread.run(Thread.java:764)
12-14 04:11:46.006 W/Nearby  ( 1948): 	at tly.run(Unknown Source:5)
12-14 04:11:46.006 W/Nearby  ( 1948): 	at java.util.concurrent.ThreadPoolExecutor.runWorker(ThreadPoolExecutor.java:1162)
12-14 04:11:46.006 W/Nearby  ( 1948): 	at java.util.concurrent.ThreadPoolExecutor$Worker.run(ThreadPoolExecutor.java:636)
12-14 04:11:46.006 W/Nearby  ( 1948): 	at trx.run(:com.google.android.gms@204713022@20.47.13 (040700-344095733):0)
12-14 04:11:46.006 W/Nearby  ( 1948): 	at java.lang.Thread.run(Thread.java:764)
12-14 04:11:46.013 D/gralloc_ranchu( 1397): gralloc_alloc: Creating ashmem region of size 303104
12-14 04:11:46.022 W/audio_hw_generic( 1391): Hardware backing HAL too slow, could only write 0 of 720 frames
12-14 04:11:46.031 D/AudioFlinger( 1476): mixer(0xb46831c0) throttle end: throttle time(10)
12-14 04:11:46.031 I/zygote  ( 3833): Waiting for a blocking GC ProfileSaver
12-14 04:11:46.032 I/zygote  ( 3833): WaitForGcToComplete blocked for 30.961ms for cause ProfileSaver
12-14 04:11:46.043 V/StatusBar( 1729): setLightsOn(true)
12-14 04:11:46.047 I/chatty  ( 1729): uid=10028(u0_a28) com.android.systemui identical 1 line
12-14 04:11:46.048 V/StatusBar( 1729): setLightsOn(true)
12-14 04:11:46.094 I/AssistStructure( 1628): Flattened final assist data: 4496 bytes, containing 2 windows, 19 views
12-14 04:11:46.110 W/lgq     ( 1948): Pending fill request while another request in the same session was triggered. [CONTEXT service_id=177 ]
12-14 04:11:46.117 D/gralloc_ranchu( 1397): gralloc_alloc: Creating ashmem region of size 7753728
12-14 04:11:46.164 E/SurfaceFlinger( 1406): ro.sf.lcd_density must be defined as a build property
12-14 04:11:46.169 D/PermissionCache( 1406): checking android.permission.READ_FRAME_BUFFER for uid=2000 => granted (90 us)
12-14 04:11:46.189 D/gralloc_ranchu( 1397): gralloc_alloc: Creating ashmem region of size 8298496
12-14 04:11:46.200 D/        ( 3956): HostConnection::get() New Host Connection established 0xaad2f800, tid 3956
12-14 04:11:46.321 V/StatusBar( 1729): setLightsOn(true)
12-14 04:11:46.372 I/zygote  ( 1948): Background concurrent copying GC freed 88932(5MB) AllocSpace objects, 7(164KB) LOS objects, 44% free, 7MB/13MB, paused 1.145ms total 159.381ms
12-14 04:11:46.624 I/zygote  ( 1948): Deoptimizing void tma.c(java.lang.Runnable) due to JIT inline cache
