--------- beginning of main
12-14 04:12:17.248 E/adbd    ( 1384): failed to connect to socket 'tcp:7102': Connection refused
12-14 04:12:17.335 V/StatusBar( 1729): setLightsOn(true)
--------- beginning of system
12-14 04:12:17.346 W/ActivityManager( 1628): Finishing task with all activities already finished
12-14 04:12:17.346 W/ActivityManager( 1628): Duplicate finish request for ActivityRecord{1fd5239 u0 com.evancharlton.mileage/.Mileage t242 f}
12-14 04:12:17.352 W/ActivityManager( 1628): Finishing task with all activities already finished
12-14 04:12:17.352 W/ActivityManager( 1628): Duplicate finish request for ActivityRecord{1fd5239 u0 com.evancharlton.mileage/.Mileage t242 f}
12-14 04:12:17.352 W/ActivityManager( 1628): Finishing task with all activities already finished
12-14 04:12:17.353 W/ActivityManager( 1628): Duplicate finish request for ActivityRecord{1fd5239 u0 com.evancharlton.mileage/.Mileage t242 f}
12-14 04:12:17.355 I/chatty  ( 1729): uid=10028(u0_a28) com.android.systemui identical 3 lines
12-14 04:12:17.366 V/StatusBar( 1729): setLightsOn(true)
12-14 04:12:17.366 W/ActivityManager( 1628): Finishing task with all activities already finished
12-14 04:12:17.366 W/ActivityManager( 1628): Duplicate finish request for ActivityRecord{1fd5239 u0 com.evancharlton.mileage/.Mileage t242 f}
12-14 04:12:17.369 D/gralloc_ranchu( 1397): gralloc_alloc: Creating ashmem region of size 8298496
12-14 04:12:17.377 W/ActivityManager( 1628): Finishing task with all activities already finished
12-14 04:12:17.377 W/ActivityManager( 1628): Duplicate finish request for ActivityRecord{1fd5239 u0 com.evancharlton.mileage/.Mileage t242 f}
12-14 04:12:17.381 W/ActivityManager( 1628): Finishing task with all activities already finished
12-14 04:12:17.382 W/audio_hw_generic( 1391): Not supplying enough data to HAL, expected position 838568 , only wrote 597600
12-14 04:12:17.384 D/gralloc_ranchu( 1397): gralloc_alloc: Creating ashmem region of size 8298496
12-14 04:12:17.385 W/ActivityManager( 1628): Duplicate finish request for ActivityRecord{1fd5239 u0 com.evancharlton.mileage/.Mileage t242 f}
12-14 04:12:17.388 W/ActivityManager( 1628): Finishing task with all activities already finished
12-14 04:12:17.388 W/ActivityManager( 1628): Duplicate finish request for ActivityRecord{1fd5239 u0 com.evancharlton.mileage/.Mileage t242 f}
12-14 04:12:17.389 W/ActivityManager( 1628): Finishing task with all activities already finished
12-14 04:12:17.390 W/ActivityManager( 1628): Duplicate finish request for ActivityRecord{1fd5239 u0 com.evancharlton.mileage/.Mileage t242 f}
12-14 04:12:17.390 W/ActivityManager( 1628): Finishing task with all activities already finished
12-14 04:12:17.390 W/ActivityManager( 1628): Duplicate finish request for ActivityRecord{1fd5239 u0 com.evancharlton.mileage/.Mileage t242 f}
12-14 04:12:17.391 W/ActivityManager( 1628): Finishing task with all activities already finished
12-14 04:12:17.391 W/ActivityManager( 1628): Duplicate finish request for ActivityRecord{1fd5239 u0 com.evancharlton.mileage/.Mileage t242 f}
12-14 04:12:17.393 W/ActivityManager( 1628): Finishing task with all activities already finished
12-14 04:12:17.393 W/ActivityManager( 1628): Duplicate finish request for ActivityRecord{1fd5239 u0 com.evancharlton.mileage/.Mileage t242 f}
12-14 04:12:17.399 D/gralloc_ranchu( 1397): gralloc_alloc: Creating ashmem region of size 8298496
12-14 04:12:17.411 D/SurfaceFlinger( 1406): duplicate layer name: changing com.google.android.apps.nexuslauncher/com.google.android.apps.nexuslauncher.NexusLauncherActivity to com.google.android.apps.nexuslauncher/com.google.android.apps.nexuslauncher.NexusLauncherActivity#1
12-14 04:12:17.427 D/gralloc_ranchu( 1397): gralloc_alloc: Creating ashmem region of size 8298496
12-14 04:12:17.458 D/EGL_emulation( 1729): eglMakeCurrent: 0x916522e0: ver 3 0 (tinfo 0xa275fbb0)
12-14 04:12:17.463 D/gralloc_ranchu( 1397): gralloc_alloc: Creating ashmem region of size 8298496
12-14 04:12:17.533 I/chatty  ( 1397): uid=1000(system) allocator@2.0-s identical 1 line
12-14 04:12:17.594 D/gralloc_ranchu( 1397): gralloc_alloc: Creating ashmem region of size 8298496
12-14 04:12:17.690 D/EGL_emulation( 2227): eglMakeCurrent: 0xa4e04840: ver 3 0 (tinfo 0xa4e03830)
12-14 04:12:17.696 D/gralloc_ranchu( 1397): gralloc_alloc: Creating ashmem region of size 8298496
12-14 04:12:17.721 D/EGL_emulation( 2186): eglMakeCurrent: 0xa297d5c0: ver 3 0 (tinfo 0xa297fc10)
12-14 04:12:17.828 W/ActivityManager( 1628): Unable to start service Intent { act=com.google.android.gms.speech.service.START pkg=com.google.android.gms } U=0: not found
12-14 04:12:17.831 W/ActivityManager( 1628): Unbind failed: could not find connection for android.os.BinderProxy@5c9ccb0
12-14 04:12:17.831 E/GmsClient( 2227): unable to connect to service: com.google.android.gms.speech.service.START on com.google.android.gms
12-14 04:12:17.832 D/gralloc_ranchu( 1397): gralloc_alloc: Creating ashmem region of size 7753728
12-14 04:12:17.834 W/SessionLifecycleManager( 2227): Handover failed. Creating new session controller.
12-14 04:12:17.840 I/OptInState( 2227): There is a new client and it does not support opt-in. Dropping request.
12-14 04:12:17.850 I/zygote  ( 2227): Deoptimizing int[] com.google.common.collect.gx.b(java.lang.Object[], int, int, int) due to JIT inline cache
12-14 04:12:17.888 D/EGL_emulation( 2186): eglMakeCurrent: 0xa297d5c0: ver 3 0 (tinfo 0xa297fc10)
12-14 04:12:17.891 D/gralloc_ranchu( 1397): gralloc_alloc: Creating ashmem region of size 8298496
12-14 04:12:17.932 D/EGL_emulation( 1729): eglMakeCurrent: 0x916522e0: ver 3 0 (tinfo 0xa275fbb0)
12-14 04:12:17.949 D/EGL_emulation( 2186): eglMakeCurrent: 0xa297d5c0: ver 3 0 (tinfo 0xa297fc10)
12-14 04:12:17.955 D/EGL_emulation( 1729): eglMakeCurrent: 0x916522e0: ver 3 0 (tinfo 0xa275fbb0)
12-14 04:12:17.960 D/gralloc_ranchu( 1397): gralloc_alloc: Creating ashmem region of size 8298496
12-14 04:12:17.968 I/MicroDetectionWorker( 2227): #updateMicroDetector [detectionMode: [mDetectionMode: [1]]]
12-14 04:12:17.969 I/MicroDetectionWorker( 2227): #startMicroDetector [speakerMode: 0]
12-14 04:12:17.974 I/AudioController( 2227): Using mInputStreamFactoryBuilder
12-14 04:12:17.989 I/MicroRecognitionRunner( 2227): Starting detection.
12-14 04:12:17.998 I/MicroDetectionWorker( 2227): onReady
12-14 04:12:18.011 I/MicrophoneInputStream( 2227): mic_starting com.google.android.apps.gsa.staticplugins.aa.c@ee8d893
12-14 04:12:18.025 I/MicrophoneInputStream( 2227): mic_started com.google.android.apps.gsa.staticplugins.aa.c@ee8d893
12-14 04:12:18.026 E/ActivityThread( 2227): Failed to find provider info for com.google.android.apps.gsa.testing.ui.audio.recorded
12-14 04:12:18.027 I/MicroDetectionWorker( 2227): onReady
12-14 04:12:18.035 I/MicrophoneInputStream( 2227): mic_close com.google.android.apps.gsa.staticplugins.aa.c@ee8d893
12-14 04:12:18.038 I/MicroRecognitionRunner( 2227): Detection finished
12-14 04:12:18.038 W/ErrorReporter( 2227): reportError [type: 211, code: 524300]: Error reading from input stream
12-14 04:12:18.048 D/EGL_emulation( 1729): eglMakeCurrent: 0x916522e0: ver 3 0 (tinfo 0xa275fbb0)
12-14 04:12:18.050 I/AudioFlinger( 1476): AudioFlinger's thread 0xb20830c0 tid=4521 ready to run
12-14 04:12:18.059 D/EGL_emulation( 1729): eglMakeCurrent: 0x916522e0: ver 3 0 (tinfo 0xa275fbb0)
12-14 04:12:18.072 I/chatty  ( 1729): uid=10028(u0_a28) RenderThread identical 1 line
12-14 04:12:18.081 D/EGL_emulation( 1729): eglMakeCurrent: 0x916522e0: ver 3 0 (tinfo 0xa275fbb0)
12-14 04:12:18.089 I/MicroRecognitionRunner( 2227): Stopping hotword detection.
12-14 04:12:18.089 W/ErrorProcessor( 2227): onFatalError, processing error from engine(4)
12-14 04:12:18.089 W/ErrorProcessor( 2227): com.google.android.apps.gsa.shared.speech.b.g: Error reading from input stream
12-14 04:12:18.089 W/ErrorProcessor( 2227): 	at com.google.android.apps.gsa.staticplugins.recognizer.j.a.a(SourceFile:28)
12-14 04:12:18.089 W/ErrorProcessor( 2227): 	at com.google.android.apps.gsa.staticplugins.recognizer.j.b.run(SourceFile:15)
12-14 04:12:18.089 W/ErrorProcessor( 2227): 	at java.util.concurrent.Executors$RunnableAdapter.call(Executors.java:457)
12-14 04:12:18.089 W/ErrorProcessor( 2227): 	at java.util.concurrent.FutureTask.run(FutureTask.java:266)
12-14 04:12:18.089 W/ErrorProcessor( 2227): 	at com.google.android.apps.gsa.shared.util.concurrent.a.ax.run(SourceFile:14)
12-14 04:12:18.089 W/ErrorProcessor( 2227): 	at com.google.android.apps.gsa.shared.util.concurrent.a.bl.run(SourceFile:4)
12-14 04:12:18.089 W/ErrorProcessor( 2227): 	at com.google.android.apps.gsa.shared.util.concurrent.a.bl.run(SourceFile:4)
12-14 04:12:18.089 W/ErrorProcessor( 2227): 	at java.util.concurrent.ThreadPoolExecutor.runWorker(ThreadPoolExecutor.java:1162)
12-14 04:12:18.089 W/ErrorProcessor( 2227): 	at java.util.concurrent.ThreadPoolExecutor$Worker.run(ThreadPoolExecutor.java:636)
12-14 04:12:18.089 W/ErrorProcessor( 2227): 	at java.lang.Thread.run(Thread.java:764)
12-14 04:12:18.089 W/ErrorProcessor( 2227): 	at com.google.android.apps.gsa.shared.util.concurrent.a.ai.run(SourceFile:6)
12-14 04:12:18.089 W/ErrorProcessor( 2227): Caused by: com.google.android.apps.gsa.shared.exception.GsaIOException: Error code: 393238 | Buffer overflow, no available space.
12-14 04:12:18.089 W/ErrorProcessor( 2227): 	at com.google.android.apps.gsa.speech.audio.Tee.f(SourceFile:103)
12-14 04:12:18.089 W/ErrorProcessor( 2227): 	at com.google.android.apps.gsa.speech.audio.au.read(SourceFile:2)
12-14 04:12:18.089 W/ErrorProcessor( 2227): 	at java.io.InputStream.read(InputStream.java:101)
12-14 04:12:18.089 W/ErrorProcessor( 2227): 	at com.google.android.apps.gsa.speech.audio.ao.run(SourceFile:18)
12-14 04:12:18.089 W/ErrorProcessor( 2227): 	at com.google.android.apps.gsa.speech.audio.an.run(SourceFile:2)
12-14 04:12:18.089 W/ErrorProcessor( 2227): 	... 9 more
12-14 04:12:18.094 I/AudioController( 2227): internalShutdown
12-14 04:12:18.096 D/EGL_emulation( 1729): eglMakeCurrent: 0x916522e0: ver 3 0 (tinfo 0xa275fbb0)
12-14 04:12:18.097 I/zygote  ( 1729): NativeAllocBackground concurrent copying GC freed 11247(745KB) AllocSpace objects, 0(0B) LOS objects, 49% free, 4MB/9MB, paused 466us total 199.572ms
12-14 04:12:18.112 D/EGL_emulation( 1729): eglMakeCurrent: 0x916522e0: ver 3 0 (tinfo 0xa275fbb0)
12-14 04:12:18.141 D/EGL_emulation( 1729): eglMakeCurrent: 0x916522e0: ver 3 0 (tinfo 0xa275fbb0)
12-14 04:12:18.157 D/AndroidRuntime( 4516): >>>>>> START com.android.internal.os.RuntimeInit uid 2000 <<<<<<
12-14 04:12:18.168 I/MicroDetector( 2227): Keeping mic open: false
12-14 04:12:18.168 I/MicroDetectionWorker( 2227): #onError(false)
12-14 04:12:18.170 I/DeviceStateChecker( 2227): DeviceStateChecker cancelled
12-14 04:12:18.174 I/zygote  ( 2227): Background concurrent copying GC freed 7362(537KB) AllocSpace objects, 7(188KB) LOS objects, 50% free, 4MB/8MB, paused 579us total 174.194ms
12-14 04:12:18.205 W/OpenGLRenderer( 2186): Incorrectly called buildLayer on View: ShortcutAndWidgetContainer, destroying layer...
12-14 04:12:18.214 D/gralloc_ranchu( 1397): gralloc_alloc: Creating ashmem region of size 8298496
12-14 04:12:18.283 W/app_process( 4516): Unexpected CPU variant for X86 using defaults: x86
12-14 04:12:18.331 E/hw-IPCThreadState( 1397): binder thread pool (1 threads) starved for 117 ms
12-14 04:12:18.353 D/AndroidRuntime( 4516): Calling main entry com.android.commands.am.Am
12-14 04:12:18.357 I/zygote  ( 2227): Do full code cache collection, code=506KB, data=360KB
12-14 04:12:18.358 I/zygote  ( 2227): After code cache collection, code=499KB, data=318KB
12-14 04:12:18.361 I/ActivityManager( 1628): Force stopping com.evancharlton.mileage appid=10456 user=0: start instr
12-14 04:12:18.361 I/ActivityManager( 1628): Killing 4429:com.evancharlton.mileage/u0a456 (adj 0): stop com.evancharlton.mileage
12-14 04:12:18.362 W/ActivityManager( 1628): Crash of app com.evancharlton.mileage running instrumentation ComponentInfo{com.evancharlton.mileage.test/sh.calaba.instrumentationbackend.CalabashInstrumentationTestRunner}
12-14 04:12:18.362 I/ActivityManager( 1628): Force stopping com.evancharlton.mileage appid=10456 user=0: finished inst
12-14 04:12:18.380 I/ActivityManager( 1628): Start proc 4532:com.evancharlton.mileage/u0a456 for added application com.evancharlton.mileage
12-14 04:12:18.381 I/zygote  ( 4532): Not late-enabling -Xcheck:jni (already on)
12-14 04:12:18.382 W/ActivityManager( 1628): setHasOverlayUi called on unknown pid: 4429
12-14 04:12:18.386 D/AndroidRuntime( 4516): Shutting down VM
12-14 04:12:18.393 W/zygote  ( 4532): Unexpected CPU variant for X86 using defaults: x86
12-14 04:12:18.417 E/adbd    ( 1384): failed to connect to socket 'tcp:7102': Connection refused
12-14 04:12:18.428 E/adbd    ( 1384): failed to connect to socket 'tcp:7102': Connection refused
12-14 04:12:18.432 I/OpenGLRenderer( 1628): Initialized EGL, version 1.4
12-14 04:12:18.432 D/OpenGLRenderer( 1628): Swap behavior 1
12-14 04:12:18.432 W/OpenGLRenderer( 1628): Failed to choose config with EGL_SWAP_BEHAVIOR_PRESERVED, retrying without...
12-14 04:12:18.432 D/OpenGLRenderer( 1628): Swap behavior 0
12-14 04:12:18.437 W/zygote  ( 4532): Found duplicate classes, falling back to extracting from APK : /data/app/com.evancharlton.mileage.test-7l_hDWksDjT39rMIR9QNKg==/base.apk
12-14 04:12:18.437 W/zygote  ( 4532): NOTE: This wastes RAM and hurts startup performance.
12-14 04:12:18.437 W/zygote  ( 4532): Found duplicated class when checking oat files: 'Ljunit/runner/BaseTestRunner;' in /data/app/com.evancharlton.mileage.test-7l_hDWksDjT39rMIR9QNKg==/base.apk and /system/framework/android.test.runner.jar
12-14 04:12:18.437 W/zygote  ( 4532): 
12-14 04:12:18.441 D/EGL_emulation( 1628): eglCreateContext: 0xa2470760: maj 3 min 0 rcv 3
12-14 04:12:18.442 D/EGL_emulation( 1628): eglMakeCurrent: 0xa2470760: ver 3 0 (tinfo 0x91738430)
12-14 04:12:18.443 E/eglCodecCommon( 1628): glUtilsParamSize: unknow param 0x00008cdf
12-14 04:12:18.444 E/eglCodecCommon( 1628): glUtilsParamSize: unknow param 0x00008cdf
12-14 04:12:18.444 E/eglCodecCommon( 1628): glUtilsParamSize: unknow param 0x00008824
12-14 04:12:18.444 E/eglCodecCommon( 1628): glUtilsParamSize: unknow param 0x00008824
12-14 04:12:18.487 W/System  ( 4532): ClassLoader referenced unknown path: 
12-14 04:12:18.504 I/System.out( 4532): Main activity name automatically set to: com.evancharlton.mileage.Mileage
12-14 04:12:18.504 I/System.out( 4532): Calabash did not load Mono. This is only a problem if you are trying to test a Mono application
12-14 04:12:18.505 I/calabash( 4532): Test server port: 7102
12-14 04:12:18.506 I/InstrumentationBackend( 4532): Added:'GetPreferences', with key:'get_preferences'
12-14 04:12:18.544 E/adbd    ( 1384): failed to connect to socket 'tcp:7102': Connection refused
12-14 04:12:18.546 E/adbd    ( 1384): failed to connect to socket 'tcp:7102': Connection refused
12-14 04:12:18.576 I/InstrumentationBackend( 4532): Added:'SetPreferences', with key:'set_preferences'
12-14 04:12:18.576 I/InstrumentationBackend( 4532): Added:'ClearPreferences', with key:'clear_preferences'
12-14 04:12:18.576 I/InstrumentationBackend( 4532): Added:'PressElement', with key:'press_l10n_element'
12-14 04:12:18.577 I/InstrumentationBackend( 4532): Added:'WaitForElement', with key:'wait_for_l10n_element'
12-14 04:12:18.578 I/InstrumentationBackend( 4532): Added:'NullAction', with key:'nullAction'
12-14 04:12:18.578 I/InstrumentationBackend( 4532): Added:'PressKey', with key:'press_key'
12-14 04:12:18.578 I/InstrumentationBackend( 4532): Added:'SetActivityOrientation', with key:'set_activity_orientation'
12-14 04:12:18.578 I/InstrumentationBackend( 4532): Added:'GetActivityOrientation', with key:'get_activity_orientation'
12-14 04:12:18.579 I/InstrumentationBackend( 4532): Added:'FakeGPSLocation', with key:'set_gps_coordinates'
12-14 04:12:18.580 I/InstrumentationBackend( 4532): Added:'SetPropertyByCssSelector', with key:'set_property_by_css_selector'
12-14 04:12:18.581 I/InstrumentationBackend( 4532): Added:'GetUrl', with key:'get_url'
12-14 04:12:18.583 I/InstrumentationBackend( 4532): Added:'ScrollTo', with key:'scroll_to'
12-14 04:12:18.583 I/InstrumentationBackend( 4532): Added:'GetLoadProgress', with key:'get_load_progress'
12-14 04:12:18.584 I/InstrumentationBackend( 4532): Added:'DumpHtml', with key:'dump_html'
12-14 04:12:18.584 I/InstrumentationBackend( 4532): Added:'DumpBodyHtml', with key:'dump_body_html'
12-14 04:12:18.584 I/InstrumentationBackend( 4532): Added:'EnterTextByCssSelector', with key:'enter_text_by_selector'
12-14 04:12:18.589 I/InstrumentationBackend( 4532): Added:'AndroidSDKVersion', with key:'android_sdk_version'
12-14 04:12:18.589 I/InstrumentationBackend( 4532): Added:'Version', with key:'version'
12-14 04:12:18.589 I/InstrumentationBackend( 4532): Added:'Drag', with key:'drag'
12-14 04:12:18.589 I/InstrumentationBackend( 4532): Added:'TouchCoordinates', with key:'touch_coordinate'
12-14 04:12:18.590 I/InstrumentationBackend( 4532): Added:'LongPressCoordinate', with key:'long_press_coordinate'
12-14 04:12:18.590 I/InstrumentationBackend( 4532): Added:'DragCoordinates', with key:'drag_coordinates'
12-14 04:12:18.590 I/InstrumentationBackend( 4532): Added:'ResumeApplication', with key:'resume_application'
12-14 04:12:18.591 I/InstrumentationBackend( 4532): Added:'Swipe', with key:'swipe'
12-14 04:12:18.591 I/InstrumentationBackend( 4532): Added:'DoubleTapCoordinate', with key:'double_tap_coordinate'
12-14 04:12:18.591 I/InstrumentationBackend( 4532): Added:'ClickOnScreen', with key:'click_on_screen'
12-14 04:12:18.592 I/InstrumentationBackend( 4532): Added:'GetActivityName', with key:'get_activity_name'
12-14 04:12:18.592 I/InstrumentationBackend( 4532): Added:'ScrollToView', with key:'scroll_to_view'
12-14 04:12:18.593 I/InstrumentationBackend( 4532): Added:'ViewConfiguration', with key:'view_configuration'
12-14 04:12:18.593 I/InstrumentationBackend( 4532): Added:'IsCurrentActivityFocused', with key:'is_current_activity_focused'
12-14 04:12:18.593 I/InstrumentationBackend( 4532): Added:'SendTcp', with key:'send_tcp'
12-14 04:12:18.594 I/InstrumentationBackend( 4532): Added:'DpToDevicePixel', with key:'dp_to_device_pixel'
12-14 04:12:18.595 I/InstrumentationBackend( 4532): Added:'KeyboardEnterText', with key:'keyboard_enter_text'
12-14 04:12:18.595 I/InstrumentationBackend( 4532): Added:'DeleteSurroundingText', with key:'delete_surrounding_text'
12-14 04:12:18.596 I/InstrumentationBackend( 4532): Added:'SetComposingRegion', with key:'set_composing_region'
12-14 04:12:18.596 I/InstrumentationBackend( 4532): Added:'SetSelection', with key:'set_selection'
12-14 04:12:18.596 I/InstrumentationBackend( 4532): Added:'KeyboardKeyEvent', with key:'keyboard_key_event'
12-14 04:12:18.596 I/InstrumentationBackend( 4532): Added:'PressUserActionButton', with key:'press_user_action_button'
12-14 04:12:18.597 I/InstrumentationBackend( 4532): Added:'HideSoftKeyboard', with key:'hide_soft_keyboard'
12-14 04:12:18.599 I/InstrumentationBackend( 4532): Added:'ListActions', with key:'list_actions'
12-14 04:12:18.599 I/calabash( 4532): Instantiating http server at 7102
12-14 04:12:18.599 I/System.out( 4532): HTTP Daemon listening on: 7102
12-14 04:12:18.673 I/System.out( 4532): URI: //ping
12-14 04:12:18.674 I/System.out( 4532): params: {json={}
12-14 04:12:18.675 I/System.out( 4532): }
12-14 04:12:18.701 I/System.out( 4532): URI: //ping
12-14 04:12:18.701 I/System.out( 4532): params: {json={}
12-14 04:12:18.701 I/System.out( 4532): }
12-14 04:12:18.712 I/System.out( 4532): URI: //ready
12-14 04:12:18.712 I/System.out( 4532): params: {json={}
12-14 04:12:18.712 I/System.out( 4532): }
12-14 04:12:18.723 I/System.out( 4532): URI: //
12-14 04:12:18.723 I/System.out( 4532): params: {json={"command":"version","arguments":[]}
12-14 04:12:18.723 I/System.out( 4532): }
12-14 04:12:18.724 I/System.out( 4532): header: {content-type=application/json;charset=utf-8, date=Mon, 14 Dec 2020 09:12:19 GMT, accept=*/*, host=127.0.0.1:34777, content-length=36, user-agent=HTTPClient/1.0 (2.8.3, ruby 2.5.8 (2020-03-31))}
12-14 04:12:18.724 I/System.out( 4532): params: {json={"command":"version","arguments":[]}
12-14 04:12:18.724 I/System.out( 4532): }
12-14 04:12:18.724 I/System.out( 4532): ProP json = {"command":"version","arguments":[]}
12-14 04:12:18.724 I/System.out( 4532): files: {}
12-14 04:12:18.724 I/System.out( 4532): command: {"command":"version","arguments":[]}
12-14 04:12:18.755 I/InstrumentationBackend( 4532): Got command:'Command:'Line:null,version', arguments:'[]'
12-14 04:12:18.789 I/Finsky  ( 2569): [116] nmi.run(36): Stats for Executor: BlockingExecutor non@3afe44d[Running, pool size = 2, active threads = 0, queued tasks = 0, completed tasks = 18]
12-14 04:12:18.789 I/System.out( 4532): result:{"bonusInformation":[],"message":"0.9.8","success":true}
12-14 04:12:18.792 I/Finsky  ( 2569): [116] nmi.run(36): Stats for Executor: LightweightExecutor non@a01db02[Running, pool size = 2, active threads = 0, queued tasks = 0, completed tasks = 71]
12-14 04:12:18.795 I/System.out( 4532): URI: //start-application
12-14 04:12:18.796 I/System.out( 4532): params: {json={"intent":null}
12-14 04:12:18.796 I/System.out( 4532): }
12-14 04:12:18.834 I/ActivityManager( 1628): START u0 {act=android.intent.action.MAIN cat=[android.intent.category.LAUNCHER] flg=0x10200000 cmp=com.evancharlton.mileage/.Mileage} from uid 10456
12-14 04:12:18.847 I/calabash( 4532): newActivity1
12-14 04:12:18.867 D/gralloc_ranchu( 1397): gralloc_alloc: Creating ashmem region of size 7753728
12-14 04:12:18.877 W/ActivityManager( 1628): Bad activity token: android.os.BinderProxy@701c1e0
12-14 04:12:18.877 W/ActivityManager( 1628): java.lang.ClassCastException: android.os.BinderProxy cannot be cast to com.android.server.am.ActivityRecord$Token
12-14 04:12:18.877 W/ActivityManager( 1628): 	at com.android.server.am.ActivityRecord.forTokenLocked(ActivityRecord.java:778)
12-14 04:12:18.877 W/ActivityManager( 1628): 	at com.android.server.am.ActivityRecord.isInStackLocked(ActivityRecord.java:2085)
12-14 04:12:18.877 W/ActivityManager( 1628): 	at com.android.server.am.ActivityRecord.getStackLocked(ActivityRecord.java:2090)
12-14 04:12:18.877 W/ActivityManager( 1628): 	at com.android.server.am.ActivityManagerService.getActivityDisplayId(ActivityManagerService.java:10406)
12-14 04:12:18.877 W/ActivityManager( 1628): 	at android.app.IActivityManager$Stub.onTransact(IActivityManager.java:2738)
12-14 04:12:18.877 W/ActivityManager( 1628): 	at com.android.server.am.ActivityManagerService.onTransact(ActivityManagerService.java:2935)
12-14 04:12:18.877 W/ActivityManager( 1628): 	at android.os.Binder.execTransact(Binder.java:674)
12-14 04:12:18.882 I/calabash( 4532): newActivity1
12-14 04:12:18.889 W/ActivityManager( 1628): Bad activity token: android.os.BinderProxy@701c1e0
12-14 04:12:18.889 W/ActivityManager( 1628): java.lang.ClassCastException: android.os.BinderProxy cannot be cast to com.android.server.am.ActivityRecord$Token
12-14 04:12:18.889 W/ActivityManager( 1628): 	at com.android.server.am.ActivityRecord.forTokenLocked(ActivityRecord.java:778)
12-14 04:12:18.889 W/ActivityManager( 1628): 	at com.android.server.am.ActivityRecord.isInStackLocked(ActivityRecord.java:2085)
12-14 04:12:18.889 W/ActivityManager( 1628): 	at com.android.server.am.ActivityManagerService.setTaskDescription(ActivityManagerService.java:9988)
12-14 04:12:18.889 W/ActivityManager( 1628): 	at android.app.IActivityManager$Stub.onTransact(IActivityManager.java:2824)
12-14 04:12:18.889 W/ActivityManager( 1628): 	at com.android.server.am.ActivityManagerService.onTransact(ActivityManagerService.java:2935)
12-14 04:12:18.889 W/ActivityManager( 1628): 	at android.os.Binder.execTransact(Binder.java:674)
12-14 04:12:18.890 W/ActivityManager( 1628): Bad activity token: android.os.BinderProxy@701c1e0
12-14 04:12:18.890 W/ActivityManager( 1628): java.lang.ClassCastException: android.os.BinderProxy cannot be cast to com.android.server.am.ActivityRecord$Token
12-14 04:12:18.890 W/ActivityManager( 1628): 	at com.android.server.am.ActivityRecord.forTokenLocked(ActivityRecord.java:778)
12-14 04:12:18.890 W/ActivityManager( 1628): 	at com.android.server.am.ActivityRecord.isInStackLocked(ActivityRecord.java:2085)
12-14 04:12:18.890 W/ActivityManager( 1628): 	at com.android.server.am.ActivityRecord.getStackLocked(ActivityRecord.java:2090)
12-14 04:12:18.890 W/ActivityManager( 1628): 	at com.android.server.am.ActivityManagerService.getActivityStackId(ActivityManagerService.java:10417)
12-14 04:12:18.890 W/ActivityManager( 1628): 	at android.app.IActivityManager$Stub.onTransact(IActivityManager.java:3548)
12-14 04:12:18.890 W/ActivityManager( 1628): 	at com.android.server.am.ActivityManagerService.onTransact(ActivityManagerService.java:2935)
12-14 04:12:18.890 W/ActivityManager( 1628): 	at android.os.Binder.execTransact(Binder.java:674)
12-14 04:12:18.922 D/EGL_emulation( 2227): eglMakeCurrent: 0xa4e04840: ver 3 0 (tinfo 0xa4e03830)
12-14 04:12:18.930 V/StatusBar( 1729): setLightsOn(true)
12-14 04:12:18.933 D/EGL_emulation( 2186): eglMakeCurrent: 0xa297d5c0: ver 3 0 (tinfo 0xa297fc10)
12-14 04:12:18.958 E/ContentStoreEUAS( 2227): Failed to commit the deferred actions
12-14 04:12:18.961 D/EGL_emulation( 1729): eglMakeCurrent: 0x916522e0: ver 3 0 (tinfo 0xa275fbb0)
12-14 04:12:18.963 I/chatty  ( 1729): uid=10028(u0_a28) RenderThread identical 1 line
12-14 04:12:18.988 D/EGL_emulation( 1729): eglMakeCurrent: 0x916522e0: ver 3 0 (tinfo 0xa275fbb0)
12-14 04:12:18.989 V/StatusBar( 1729): setLightsOn(true)
12-14 04:12:18.991 D/EGL_emulation( 1729): eglMakeCurrent: 0x916522e0: ver 3 0 (tinfo 0xa275fbb0)
12-14 04:12:19.014 W/ActivityManager( 1628): Bad activity token: android.os.BinderProxy@701c1e0
12-14 04:12:19.014 W/ActivityManager( 1628): java.lang.ClassCastException: android.os.BinderProxy cannot be cast to com.android.server.am.ActivityRecord$Token
12-14 04:12:19.014 W/ActivityManager( 1628): 	at com.android.server.am.ActivityRecord.forTokenLocked(ActivityRecord.java:778)
12-14 04:12:19.014 W/ActivityManager( 1628): 	at com.android.server.am.ActivityRecord.isInStackLocked(ActivityRecord.java:2085)
12-14 04:12:19.014 W/ActivityManager( 1628): 	at com.android.server.am.ActivityManagerService.getActivityOptions(ActivityManagerService.java:13302)
12-14 04:12:19.014 W/ActivityManager( 1628): 	at android.app.IActivityManager$Stub.onTransact(IActivityManager.java:2910)
12-14 04:12:19.014 W/ActivityManager( 1628): 	at com.android.server.am.ActivityManagerService.onTransact(ActivityManagerService.java:2935)
12-14 04:12:19.014 W/ActivityManager( 1628): 	at android.os.Binder.execTransact(Binder.java:674)
12-14 04:12:19.015 W/ActivityManager( 1628): Bad activity token: android.os.BinderProxy@701c1e0
12-14 04:12:19.015 W/ActivityManager( 1628): java.lang.ClassCastException: android.os.BinderProxy cannot be cast to com.android.server.am.ActivityRecord$Token
12-14 04:12:19.015 W/ActivityManager( 1628): 	at com.android.server.am.ActivityRecord.forTokenLocked(ActivityRecord.java:778)
12-14 04:12:19.015 W/ActivityManager( 1628): 	at com.android.server.am.ActivityRecord.isInStackLocked(ActivityRecord.java:2085)
12-14 04:12:19.015 W/ActivityManager( 1628): 	at com.android.server.am.ActivityManagerService.getActivityOptions(ActivityManagerService.java:13302)
12-14 04:12:19.015 W/ActivityManager( 1628): 	at android.app.IActivityManager$Stub.onTransact(IActivityManager.java:2910)
12-14 04:12:19.015 W/ActivityManager( 1628): 	at com.android.server.am.ActivityManagerService.onTransact(ActivityManagerService.java:2935)
12-14 04:12:19.015 W/ActivityManager( 1628): 	at android.os.Binder.execTransact(Binder.java:674)
12-14 04:12:19.131 I/chatty  ( 1729): uid=10028(u0_a28) RenderThread identical 16 lines
12-14 04:12:19.136 D/EGL_emulation( 1729): eglMakeCurrent: 0x916522e0: ver 3 0 (tinfo 0xa275fbb0)
12-14 04:12:19.138 V/StatusBar( 1729): setLightsOn(true)
12-14 04:12:19.149 D/EGL_emulation( 1729): eglMakeCurrent: 0x916522e0: ver 3 0 (tinfo 0xa275fbb0)
12-14 04:12:19.191 I/zygote  ( 4532): Do partial code cache collection, code=28KB, data=30KB
12-14 04:12:19.191 I/zygote  ( 4532): After code cache collection, code=28KB, data=30KB
12-14 04:12:19.191 I/zygote  ( 4532): Increasing code cache capacity to 128KB
12-14 04:12:19.192 I/zygote  ( 4532): Do partial code cache collection, code=28KB, data=48KB
12-14 04:12:19.198 I/zygote  ( 4532): After code cache collection, code=28KB, data=48KB
12-14 04:12:19.198 I/zygote  ( 4532): Increasing code cache capacity to 256KB
12-14 04:12:19.198 I/zygote  ( 4532): JIT allocated 71KB for compiled code of void android.widget.TextView.<init>(android.content.Context, android.util.AttributeSet, int, int)
12-14 04:12:19.198 I/zygote  ( 4532): Compiler allocated 4MB to compile void android.widget.TextView.<init>(android.content.Context, android.util.AttributeSet, int, int)
12-14 04:12:19.233 V/StatusBar( 1729): setLightsOn(true)
12-14 04:12:19.244 I/chatty  ( 1729): uid=10028(u0_a28) com.android.systemui identical 1 line
12-14 04:12:19.246 V/StatusBar( 1729): setLightsOn(true)
12-14 04:12:19.285 D/gralloc_ranchu( 1397): gralloc_alloc: Creating ashmem region of size 7753728
12-14 04:12:19.308 D/        ( 4532): HostConnection::get() New Host Connection established 0xa24afd00, tid 4532
12-14 04:12:19.346 V/StatusBar( 1729): setLightsOn(true)
12-14 04:12:19.370 I/chatty  ( 1729): uid=10028(u0_a28) com.android.systemui identical 3 lines
12-14 04:12:19.373 V/StatusBar( 1729): setLightsOn(true)
12-14 04:12:19.373 I/ActivityManager( 1628): Displayed com.evancharlton.mileage/.Mileage: +523ms
12-14 04:12:19.395 D/gralloc_ranchu( 1397): gralloc_alloc: Creating ashmem region of size 7753728
12-14 04:12:19.512 I/zygote  ( 4532): Do full code cache collection, code=125KB, data=71KB
12-14 04:12:19.513 I/zygote  ( 4532): After code cache collection, code=108KB, data=43KB
12-14 04:12:19.531 I/Finsky  ( 2569): [116] nmi.run(36): Stats for Executor: bgExecutor non@9110c13[Running, pool size = 4, active threads = 0, queued tasks = 0, completed tasks = 78]
12-14 04:12:19.552 I/System.out( 4532): URI: //gesture
12-14 04:12:19.553 I/System.out( 4532): params: {json={"query_timeout":5.0,"gestures":[{"query_string":"android.widget.TabWidget descendant TextView index:1","touches":[{"x":50,"y":50,"offset_x":0,"offset_y":0,"wait":0.0,"time":0.2,"release":true,"query_string":null}]}]}
12-14 04:12:19.553 I/System.out( 4532): }
12-14 04:12:19.564 V/StatusBar( 1729): setLightsOn(true)
12-14 04:12:19.654 I/chatty  ( 1729): uid=10028(u0_a28) com.android.systemui identical 2 lines
12-14 04:12:19.672 V/StatusBar( 1729): setLightsOn(true)
12-14 04:12:19.689 W/SurfaceFlinger( 1406): couldn't log to binary event log: overflow.
12-14 04:12:19.778 I/PBSessionCacheImpl( 2227): Deleted sessionId[12591743614067] from persistence.
12-14 04:12:19.812 W/SearchService( 2227): Abort, client detached.
12-14 04:12:19.815 E/memtrack( 1628): Couldn't load memtrack module
12-14 04:12:19.815 W/android.os.Debug( 1628): failed to get memory consumption info: -1
12-14 04:12:19.898 W/audio_hw_generic( 1391): Not supplying enough data to HAL, expected position 597690 , only wrote 597600
12-14 04:12:19.915 W/ActivityManager( 1628): Bad activity token: android.os.BinderProxy@3f05ae6
12-14 04:12:19.915 W/ActivityManager( 1628): java.lang.ClassCastException: android.os.BinderProxy cannot be cast to com.android.server.am.ActivityRecord$Token
12-14 04:12:19.915 W/ActivityManager( 1628): 	at com.android.server.am.ActivityRecord.forTokenLocked(ActivityRecord.java:778)
12-14 04:12:19.915 W/ActivityManager( 1628): 	at com.android.server.am.ActivityRecord.isInStackLocked(ActivityRecord.java:2085)
12-14 04:12:19.915 W/ActivityManager( 1628): 	at com.android.server.am.ActivityRecord.getStackLocked(ActivityRecord.java:2090)
12-14 04:12:19.915 W/ActivityManager( 1628): 	at com.android.server.am.ActivityManagerService.getActivityDisplayId(ActivityManagerService.java:10406)
12-14 04:12:19.915 W/ActivityManager( 1628): 	at android.app.IActivityManager$Stub.onTransact(IActivityManager.java:2738)
12-14 04:12:19.915 W/ActivityManager( 1628): 	at com.android.server.am.ActivityManagerService.onTransact(ActivityManagerService.java:2935)
12-14 04:12:19.915 W/ActivityManager( 1628): 	at android.os.Binder.execTransact(Binder.java:674)
12-14 04:12:19.917 I/calabash( 4532): newActivity1
12-14 04:12:19.921 W/ActivityManager( 1628): Bad activity token: android.os.BinderProxy@3f05ae6
12-14 04:12:19.921 W/ActivityManager( 1628): java.lang.ClassCastException: android.os.BinderProxy cannot be cast to com.android.server.am.ActivityRecord$Token
12-14 04:12:19.921 W/ActivityManager( 1628): 	at com.android.server.am.ActivityRecord.forTokenLocked(ActivityRecord.java:778)
12-14 04:12:19.921 W/ActivityManager( 1628): 	at com.android.server.am.ActivityRecord.isInStackLocked(ActivityRecord.java:2085)
12-14 04:12:19.921 W/ActivityManager( 1628): 	at com.android.server.am.ActivityManagerService.setTaskDescription(ActivityManagerService.java:9988)
12-14 04:12:19.921 W/ActivityManager( 1628): 	at android.app.IActivityManager$Stub.onTransact(IActivityManager.java:2824)
12-14 04:12:19.921 W/ActivityManager( 1628): 	at com.android.server.am.ActivityManagerService.onTransact(ActivityManagerService.java:2935)
12-14 04:12:19.921 W/ActivityManager( 1628): 	at android.os.Binder.execTransact(Binder.java:674)
12-14 04:12:19.922 W/ActivityManager( 1628): Bad activity token: android.os.BinderProxy@3f05ae6
12-14 04:12:19.922 W/ActivityManager( 1628): java.lang.ClassCastException: android.os.BinderProxy cannot be cast to com.android.server.am.ActivityRecord$Token
12-14 04:12:19.922 W/ActivityManager( 1628): 	at com.android.server.am.ActivityRecord.forTokenLocked(ActivityRecord.java:778)
12-14 04:12:19.922 W/ActivityManager( 1628): 	at com.android.server.am.ActivityRecord.isInStackLocked(ActivityRecord.java:2085)
12-14 04:12:19.922 W/ActivityManager( 1628): 	at com.android.server.am.ActivityRecord.getStackLocked(ActivityRecord.java:2090)
12-14 04:12:19.922 W/ActivityManager( 1628): 	at com.android.server.am.ActivityManagerService.getActivityStackId(ActivityManagerService.java:10417)
12-14 04:12:19.922 W/ActivityManager( 1628): 	at android.app.IActivityManager$Stub.onTransact(IActivityManager.java:3548)
12-14 04:12:19.922 W/ActivityManager( 1628): 	at com.android.server.am.ActivityManagerService.onTransact(ActivityManagerService.java:2935)
12-14 04:12:19.922 W/ActivityManager( 1628): 	at android.os.Binder.execTransact(Binder.java:674)
12-14 04:12:19.973 W/ActivityManager( 1628): Bad activity token: android.os.BinderProxy@3f05ae6
12-14 04:12:19.973 W/ActivityManager( 1628): java.lang.ClassCastException: android.os.BinderProxy cannot be cast to com.android.server.am.ActivityRecord$Token
12-14 04:12:19.973 W/ActivityManager( 1628): 	at com.android.server.am.ActivityRecord.forTokenLocked(ActivityRecord.java:778)
12-14 04:12:19.973 W/ActivityManager( 1628): 	at com.android.server.am.ActivityRecord.isInStackLocked(ActivityRecord.java:2085)
12-14 04:12:19.973 W/ActivityManager( 1628): 	at com.android.server.am.ActivityManagerService.getActivityOptions(ActivityManagerService.java:13302)
12-14 04:12:19.973 W/ActivityManager( 1628): 	at android.app.IActivityManager$Stub.onTransact(IActivityManager.java:2910)
12-14 04:12:19.973 W/ActivityManager( 1628): 	at com.android.server.am.ActivityManagerService.onTransact(ActivityManagerService.java:2935)
12-14 04:12:19.973 W/ActivityManager( 1628): 	at android.os.Binder.execTransact(Binder.java:674)
12-14 04:12:19.974 I/zygote  ( 4532): Do partial code cache collection, code=124KB, data=60KB
12-14 04:12:19.974 I/zygote  ( 4532): After code cache collection, code=124KB, data=60KB
12-14 04:12:19.974 I/zygote  ( 4532): Increasing code cache capacity to 512KB
12-14 04:12:19.974 W/ActivityManager( 1628): Bad activity token: android.os.BinderProxy@3f05ae6
12-14 04:12:19.974 W/ActivityManager( 1628): java.lang.ClassCastException: android.os.BinderProxy cannot be cast to com.android.server.am.ActivityRecord$Token
12-14 04:12:19.974 W/ActivityManager( 1628): 	at com.android.server.am.ActivityRecord.forTokenLocked(ActivityRecord.java:778)
12-14 04:12:19.974 W/ActivityManager( 1628): 	at com.android.server.am.ActivityRecord.isInStackLocked(ActivityRecord.java:2085)
12-14 04:12:19.974 W/ActivityManager( 1628): 	at com.android.server.am.ActivityManagerService.getActivityOptions(ActivityManagerService.java:13302)
12-14 04:12:19.974 W/ActivityManager( 1628): 	at android.app.IActivityManager$Stub.onTransact(IActivityManager.java:2910)
12-14 04:12:19.974 W/ActivityManager( 1628): 	at com.android.server.am.ActivityManagerService.onTransact(ActivityManagerService.java:2935)
12-14 04:12:19.974 W/ActivityManager( 1628): 	at android.os.Binder.execTransact(Binder.java:674)
12-14 04:12:20.035 D/gralloc_ranchu( 1397): gralloc_alloc: Creating ashmem region of size 7753728
12-14 04:12:20.043 D/Mileage ( 4532): Not enough fillups to calculate economy
12-14 04:12:20.198 E/SurfaceFlinger( 1406): ro.sf.lcd_density must be defined as a build property
12-14 04:12:20.213 D/gralloc_ranchu( 1397): gralloc_alloc: Creating ashmem region of size 8298496
12-14 04:12:20.236 D/        ( 4575): HostConnection::get() New Host Connection established 0xb382f800, tid 4575
12-14 04:12:20.639 I/System.out( 4532): URI: //gesture
12-14 04:12:20.639 I/System.out( 4532): params: {json={"query_timeout":5.0,"gestures":[{"query_string":"android.widget.TabWidget descendant TextView index:3","touches":[{"x":50,"y":50,"offset_x":0,"offset_y":0,"wait":0.0,"time":0.2,"release":true,"query_string":null}]}]}
12-14 04:12:20.639 I/System.out( 4532): }
12-14 04:12:20.906 W/ActivityManager( 1628): Bad activity token: android.os.BinderProxy@78b4aca
12-14 04:12:20.906 W/ActivityManager( 1628): java.lang.ClassCastException: android.os.BinderProxy cannot be cast to com.android.server.am.ActivityRecord$Token
12-14 04:12:20.906 W/ActivityManager( 1628): 	at com.android.server.am.ActivityRecord.forTokenLocked(ActivityRecord.java:778)
12-14 04:12:20.906 W/ActivityManager( 1628): 	at com.android.server.am.ActivityRecord.isInStackLocked(ActivityRecord.java:2085)
12-14 04:12:20.906 W/ActivityManager( 1628): 	at com.android.server.am.ActivityRecord.getStackLocked(ActivityRecord.java:2090)
12-14 04:12:20.906 W/ActivityManager( 1628): 	at com.android.server.am.ActivityManagerService.getActivityDisplayId(ActivityManagerService.java:10406)
12-14 04:12:20.906 W/ActivityManager( 1628): 	at android.app.IActivityManager$Stub.onTransact(IActivityManager.java:2738)
12-14 04:12:20.906 W/ActivityManager( 1628): 	at com.android.server.am.ActivityManagerService.onTransact(ActivityManagerService.java:2935)
12-14 04:12:20.906 W/ActivityManager( 1628): 	at android.os.Binder.execTransact(Binder.java:674)
12-14 04:12:20.908 I/calabash( 4532): newActivity1
12-14 04:12:20.912 W/ActivityManager( 1628): Bad activity token: android.os.BinderProxy@78b4aca
12-14 04:12:20.912 W/ActivityManager( 1628): java.lang.ClassCastException: android.os.BinderProxy cannot be cast to com.android.server.am.ActivityRecord$Token
12-14 04:12:20.912 W/ActivityManager( 1628): 	at com.android.server.am.ActivityRecord.forTokenLocked(ActivityRecord.java:778)
12-14 04:12:20.912 W/ActivityManager( 1628): 	at com.android.server.am.ActivityRecord.isInStackLocked(ActivityRecord.java:2085)
12-14 04:12:20.912 W/ActivityManager( 1628): 	at com.android.server.am.ActivityManagerService.setTaskDescription(ActivityManagerService.java:9988)
12-14 04:12:20.912 W/ActivityManager( 1628): 	at android.app.IActivityManager$Stub.onTransact(IActivityManager.java:2824)
12-14 04:12:20.912 W/ActivityManager( 1628): 	at com.android.server.am.ActivityManagerService.onTransact(ActivityManagerService.java:2935)
12-14 04:12:20.912 W/ActivityManager( 1628): 	at android.os.Binder.execTransact(Binder.java:674)
12-14 04:12:20.913 W/ActivityManager( 1628): Bad activity token: android.os.BinderProxy@78b4aca
12-14 04:12:20.913 W/ActivityManager( 1628): java.lang.ClassCastException: android.os.BinderProxy cannot be cast to com.android.server.am.ActivityRecord$Token
12-14 04:12:20.913 W/ActivityManager( 1628): 	at com.android.server.am.ActivityRecord.forTokenLocked(ActivityRecord.java:778)
12-14 04:12:20.913 W/ActivityManager( 1628): 	at com.android.server.am.ActivityRecord.isInStackLocked(ActivityRecord.java:2085)
12-14 04:12:20.913 W/ActivityManager( 1628): 	at com.android.server.am.ActivityRecord.getStackLocked(ActivityRecord.java:2090)
12-14 04:12:20.913 W/ActivityManager( 1628): 	at com.android.server.am.ActivityManagerService.getActivityStackId(ActivityManagerService.java:10417)
12-14 04:12:20.913 W/ActivityManager( 1628): 	at android.app.IActivityManager$Stub.onTransact(IActivityManager.java:3548)
12-14 04:12:20.913 W/ActivityManager( 1628): 	at com.android.server.am.ActivityManagerService.onTransact(ActivityManagerService.java:2935)
12-14 04:12:20.913 W/ActivityManager( 1628): 	at android.os.Binder.execTransact(Binder.java:674)
12-14 04:12:20.919 W/ActivityManager( 1628): Bad activity token: android.os.BinderProxy@78b4aca
12-14 04:12:20.919 W/ActivityManager( 1628): java.lang.ClassCastException: android.os.BinderProxy cannot be cast to com.android.server.am.ActivityRecord$Token
12-14 04:12:20.919 W/ActivityManager( 1628): 	at com.android.server.am.ActivityRecord.forTokenLocked(ActivityRecord.java:778)
12-14 04:12:20.919 W/ActivityManager( 1628): 	at com.android.server.am.ActivityRecord.isInStackLocked(ActivityRecord.java:2085)
12-14 04:12:20.919 W/ActivityManager( 1628): 	at com.android.server.am.ActivityManagerService.getActivityOptions(ActivityManagerService.java:13302)
12-14 04:12:20.919 W/ActivityManager( 1628): 	at android.app.IActivityManager$Stub.onTransact(IActivityManager.java:2910)
12-14 04:12:20.919 W/ActivityManager( 1628): 	at com.android.server.am.ActivityManagerService.onTransact(ActivityManagerService.java:2935)
12-14 04:12:20.919 W/ActivityManager( 1628): 	at android.os.Binder.execTransact(Binder.java:674)
12-14 04:12:20.920 W/ActivityManager( 1628): Bad activity token: android.os.BinderProxy@78b4aca
12-14 04:12:20.920 W/ActivityManager( 1628): java.lang.ClassCastException: android.os.BinderProxy cannot be cast to com.android.server.am.ActivityRecord$Token
12-14 04:12:20.920 W/ActivityManager( 1628): 	at com.android.server.am.ActivityRecord.forTokenLocked(ActivityRecord.java:778)
12-14 04:12:20.920 W/ActivityManager( 1628): 	at com.android.server.am.ActivityRecord.isInStackLocked(ActivityRecord.java:2085)
12-14 04:12:20.920 W/ActivityManager( 1628): 	at com.android.server.am.ActivityManagerService.getActivityOptions(ActivityManagerService.java:13302)
12-14 04:12:20.920 W/ActivityManager( 1628): 	at android.app.IActivityManager$Stub.onTransact(IActivityManager.java:2910)
12-14 04:12:20.920 W/ActivityManager( 1628): 	at com.android.server.am.ActivityManagerService.onTransact(ActivityManagerService.java:2935)
12-14 04:12:20.920 W/ActivityManager( 1628): 	at android.os.Binder.execTransact(Binder.java:674)
12-14 04:12:21.119 E/SurfaceFlinger( 1406): ro.sf.lcd_density must be defined as a build property
12-14 04:12:21.126 D/gralloc_ranchu( 1397): gralloc_alloc: Creating ashmem region of size 8298496
12-14 04:12:21.136 D/        ( 4581): HostConnection::get() New Host Connection established 0xb46af800, tid 4581
12-14 04:12:21.444 I/System.out( 4532): URI: //gesture
12-14 04:12:21.444 I/System.out( 4532): params: {json={"query_timeout":5.0,"gestures":[{"query_string":"android.widget.TabWidget descendant TextView index:2","touches":[{"x":50,"y":50,"offset_x":0,"offset_y":0,"wait":0.0,"time":0.2,"release":true,"query_string":null}]}]}
12-14 04:12:21.444 I/System.out( 4532): }
12-14 04:12:21.704 I/Finsky:download_service( 2700): [126] nmi.run(36): Stats for Executor: bgExecutor non@2157afd[Running, pool size = 0, active threads = 0, queued tasks = 0, completed tasks = 0]
12-14 04:12:21.714 W/ActivityManager( 1628): Bad activity token: android.os.BinderProxy@77756ed
12-14 04:12:21.714 W/ActivityManager( 1628): java.lang.ClassCastException: android.os.BinderProxy cannot be cast to com.android.server.am.ActivityRecord$Token
12-14 04:12:21.714 W/ActivityManager( 1628): 	at com.android.server.am.ActivityRecord.forTokenLocked(ActivityRecord.java:778)
12-14 04:12:21.714 W/ActivityManager( 1628): 	at com.android.server.am.ActivityRecord.isInStackLocked(ActivityRecord.java:2085)
12-14 04:12:21.714 W/ActivityManager( 1628): 	at com.android.server.am.ActivityRecord.getStackLocked(ActivityRecord.java:2090)
12-14 04:12:21.714 W/ActivityManager( 1628): 	at com.android.server.am.ActivityManagerService.getActivityDisplayId(ActivityManagerService.java:10406)
12-14 04:12:21.714 W/ActivityManager( 1628): 	at android.app.IActivityManager$Stub.onTransact(IActivityManager.java:2738)
12-14 04:12:21.714 W/ActivityManager( 1628): 	at com.android.server.am.ActivityManagerService.onTransact(ActivityManagerService.java:2935)
12-14 04:12:21.714 W/ActivityManager( 1628): 	at android.os.Binder.execTransact(Binder.java:674)
12-14 04:12:21.716 I/calabash( 4532): newActivity1
12-14 04:12:21.797 W/ActivityManager( 1628): Bad activity token: android.os.BinderProxy@77756ed
12-14 04:12:21.797 W/ActivityManager( 1628): java.lang.ClassCastException: android.os.BinderProxy cannot be cast to com.android.server.am.ActivityRecord$Token
12-14 04:12:21.797 W/ActivityManager( 1628): 	at com.android.server.am.ActivityRecord.forTokenLocked(ActivityRecord.java:778)
12-14 04:12:21.797 W/ActivityManager( 1628): 	at com.android.server.am.ActivityRecord.isInStackLocked(ActivityRecord.java:2085)
12-14 04:12:21.797 W/ActivityManager( 1628): 	at com.android.server.am.ActivityManagerService.setTaskDescription(ActivityManagerService.java:9988)
12-14 04:12:21.797 W/ActivityManager( 1628): 	at android.app.IActivityManager$Stub.onTransact(IActivityManager.java:2824)
12-14 04:12:21.797 W/ActivityManager( 1628): 	at com.android.server.am.ActivityManagerService.onTransact(ActivityManagerService.java:2935)
12-14 04:12:21.797 W/ActivityManager( 1628): 	at android.os.Binder.execTransact(Binder.java:674)
12-14 04:12:21.798 W/ActivityManager( 1628): Bad activity token: android.os.BinderProxy@77756ed
12-14 04:12:21.798 W/ActivityManager( 1628): java.lang.ClassCastException: android.os.BinderProxy cannot be cast to com.android.server.am.ActivityRecord$Token
12-14 04:12:21.798 W/ActivityManager( 1628): 	at com.android.server.am.ActivityRecord.forTokenLocked(ActivityRecord.java:778)
12-14 04:12:21.798 W/ActivityManager( 1628): 	at com.android.server.am.ActivityRecord.isInStackLocked(ActivityRecord.java:2085)
12-14 04:12:21.798 W/ActivityManager( 1628): 	at com.android.server.am.ActivityRecord.getStackLocked(ActivityRecord.java:2090)
12-14 04:12:21.798 W/ActivityManager( 1628): 	at com.android.server.am.ActivityManagerService.getActivityStackId(ActivityManagerService.java:10417)
12-14 04:12:21.798 W/ActivityManager( 1628): 	at android.app.IActivityManager$Stub.onTransact(IActivityManager.java:3548)
12-14 04:12:21.798 W/ActivityManager( 1628): 	at com.android.server.am.ActivityManagerService.onTransact(ActivityManagerService.java:2935)
12-14 04:12:21.798 W/ActivityManager( 1628): 	at android.os.Binder.execTransact(Binder.java:674)
12-14 04:12:21.840 D/VehicleStatisticsActivity( 4532): Checking recalculation ...
12-14 04:12:21.844 D/VehicleStatisticsActivity( 4532): Recalculating statistics
12-14 04:12:21.844 D/VehicleStatisticsTask( 4532): Calculation starting...
12-14 04:12:21.846 D/VehicleStatisticsActivity( 4532): Recalculation started!
12-14 04:12:21.853 W/ActivityManager( 1628): Bad activity token: android.os.BinderProxy@77756ed
12-14 04:12:21.853 W/ActivityManager( 1628): java.lang.ClassCastException: android.os.BinderProxy cannot be cast to com.android.server.am.ActivityRecord$Token
12-14 04:12:21.853 W/ActivityManager( 1628): 	at com.android.server.am.ActivityRecord.forTokenLocked(ActivityRecord.java:778)
12-14 04:12:21.853 W/ActivityManager( 1628): 	at com.android.server.am.ActivityRecord.isInStackLocked(ActivityRecord.java:2085)
12-14 04:12:21.853 W/ActivityManager( 1628): 	at com.android.server.am.ActivityManagerService.getActivityOptions(ActivityManagerService.java:13302)
12-14 04:12:21.853 W/ActivityManager( 1628): 	at android.app.IActivityManager$Stub.onTransact(IActivityManager.java:2910)
12-14 04:12:21.853 W/ActivityManager( 1628): 	at com.android.server.am.ActivityManagerService.onTransact(ActivityManagerService.java:2935)
12-14 04:12:21.853 W/ActivityManager( 1628): 	at android.os.Binder.execTransact(Binder.java:674)
12-14 04:12:21.854 W/ActivityManager( 1628): Bad activity token: android.os.BinderProxy@77756ed
12-14 04:12:21.854 W/ActivityManager( 1628): java.lang.ClassCastException: android.os.BinderProxy cannot be cast to com.android.server.am.ActivityRecord$Token
12-14 04:12:21.854 W/ActivityManager( 1628): 	at com.android.server.am.ActivityRecord.forTokenLocked(ActivityRecord.java:778)
12-14 04:12:21.854 W/ActivityManager( 1628): 	at com.android.server.am.ActivityRecord.isInStackLocked(ActivityRecord.java:2085)
12-14 04:12:21.854 W/ActivityManager( 1628): 	at com.android.server.am.ActivityManagerService.getActivityOptions(ActivityManagerService.java:13302)
12-14 04:12:21.854 W/ActivityManager( 1628): 	at android.app.IActivityManager$Stub.onTransact(IActivityManager.java:2910)
12-14 04:12:21.854 W/ActivityManager( 1628): 	at com.android.server.am.ActivityManagerService.onTransact(ActivityManagerService.java:2935)
12-14 04:12:21.854 W/ActivityManager( 1628): 	at android.os.Binder.execTransact(Binder.java:674)
12-14 04:12:21.854 D/VehicleStatisticsTask( 4532): Not enough fillups to calculate statistics
12-14 04:12:21.858 D/VehicleStatisticsActivity( 4532): Checking recalculation ...
