--------- beginning of main
12-14 04:12:00.572 V/StatusBar( 1729): setLightsOn(true)
12-14 04:12:00.583 V/StatusBar( 1729): setLightsOn(true)
--------- beginning of system
12-14 04:12:00.592 W/ActivityManager( 1628): Finishing task with all activities already finished
12-14 04:12:00.592 W/ActivityManager( 1628): Duplicate finish request for ActivityRecord{f43560 u0 com.evancharlton.mileage/.Mileage t238 f}
12-14 04:12:00.595 I/zygote  ( 4153): Do full code cache collection, code=125KB, data=73KB
12-14 04:12:00.597 V/StatusBar( 1729): setLightsOn(true)
12-14 04:12:00.600 W/ActivityManager( 1628): Finishing task with all activities already finished
12-14 04:12:00.600 W/ActivityManager( 1628): Duplicate finish request for ActivityRecord{f43560 u0 com.evancharlton.mileage/.Mileage t238 f}
12-14 04:12:00.602 W/ActivityManager( 1628): Finishing task with all activities already finished
12-14 04:12:00.602 W/ActivityManager( 1628): Duplicate finish request for ActivityRecord{f43560 u0 com.evancharlton.mileage/.Mileage t238 f}
12-14 04:12:00.625 V/StatusBar( 1729): setLightsOn(true)
12-14 04:12:00.631 D/gralloc_ranchu( 1397): gralloc_alloc: Creating ashmem region of size 8298496
12-14 04:12:00.643 D/SurfaceFlinger( 1406): duplicate layer name: changing com.google.android.apps.nexuslauncher/com.google.android.apps.nexuslauncher.NexusLauncherActivity to com.google.android.apps.nexuslauncher/com.google.android.apps.nexuslauncher.NexusLauncherActivity#1
12-14 04:12:00.647 D/gralloc_ranchu( 1397): gralloc_alloc: Creating ashmem region of size 8298496
12-14 04:12:00.660 D/gralloc_ranchu( 1397): gralloc_alloc: Creating ashmem region of size 8298496
12-14 04:12:00.660 I/zygote  ( 4153): After code cache collection, code=110KB, data=47KB
12-14 04:12:00.673 D/EGL_emulation( 1729): eglMakeCurrent: 0x916522e0: ver 3 0 (tinfo 0xa275fbb0)
12-14 04:12:00.686 D/gralloc_ranchu( 1397): gralloc_alloc: Creating ashmem region of size 8298496
12-14 04:12:00.702 I/chatty  ( 1397): uid=1000(system) allocator@2.0-s identical 1 line
12-14 04:12:00.745 D/gralloc_ranchu( 1397): gralloc_alloc: Creating ashmem region of size 8298496
12-14 04:12:00.773 D/EGL_emulation( 2227): eglMakeCurrent: 0xa4e04840: ver 3 0 (tinfo 0xa4e03830)
12-14 04:12:00.843 D/EGL_emulation( 2186): eglMakeCurrent: 0xa297d5c0: ver 3 0 (tinfo 0xa297fc10)
12-14 04:12:00.869 D/WificondControl( 1628): Scan result ready event
12-14 04:12:00.896 D/gralloc_ranchu( 1397): gralloc_alloc: Creating ashmem region of size 7753728
12-14 04:12:00.908 I/zygote  ( 2227): Deoptimizing void com.google.android.apps.gsa.search.core.service.worker.a.a.a(com.google.android.apps.gsa.search.core.state.qc) due to JIT inline cache
12-14 04:12:00.923 D/        ( 1729): HostConnection::get() New Host Connection established 0xa4e20d00, tid 1747
12-14 04:12:00.926 D/EGL_emulation( 1729): eglMakeCurrent: 0x916522e0: ver 3 0 (tinfo 0xa275fbb0)
12-14 04:12:00.954 W/ActivityManager( 1628): Unable to start service Intent { act=com.google.android.gms.speech.service.START pkg=com.google.android.gms } U=0: not found
12-14 04:12:00.959 W/ActivityManager( 1628): Unbind failed: could not find connection for android.os.BinderProxy@f3f824e
12-14 04:12:00.960 E/GmsClient( 2227): unable to connect to service: com.google.android.gms.speech.service.START on com.google.android.gms
12-14 04:12:00.966 W/SessionLifecycleManager( 2227): Handover failed. Creating new session controller.
12-14 04:12:00.975 D/EGL_emulation( 1729): eglMakeCurrent: 0x916522e0: ver 3 0 (tinfo 0xa275fbb0)
12-14 04:12:00.982 I/OptInState( 2227): There is a new client and it does not support opt-in. Dropping request.
12-14 04:12:00.991 D/EGL_emulation( 1729): eglMakeCurrent: 0x916522e0: ver 3 0 (tinfo 0xa275fbb0)
12-14 04:12:00.995 I/BackgroundDexOptService( 1628): Pinning optimized code {}
12-14 04:12:00.998 D/EGL_emulation( 1729): eglMakeCurrent: 0x916522e0: ver 3 0 (tinfo 0xa275fbb0)
12-14 04:12:01.021 I/chatty  ( 1729): uid=10028(u0_a28) RenderThread identical 2 lines
12-14 04:12:01.035 D/EGL_emulation( 1729): eglMakeCurrent: 0x916522e0: ver 3 0 (tinfo 0xa275fbb0)
12-14 04:12:01.042 I/MicroDetectionWorker( 2227): #updateMicroDetector [detectionMode: [mDetectionMode: [1]]]
12-14 04:12:01.043 I/MicroDetectionWorker( 2227): #startMicroDetector [speakerMode: 0]
12-14 04:12:01.044 I/AudioController( 2227): Using mInputStreamFactoryBuilder
12-14 04:12:01.049 D/EGL_emulation( 1729): eglMakeCurrent: 0x916522e0: ver 3 0 (tinfo 0xa275fbb0)
12-14 04:12:01.053 I/MicroDetectionWorker( 2227): onReady
12-14 04:12:01.075 I/MicroRecognitionRunner( 2227): Starting detection.
12-14 04:12:01.076 D/EGL_emulation( 1729): eglMakeCurrent: 0x916522e0: ver 3 0 (tinfo 0xa275fbb0)
12-14 04:12:01.081 I/MicrophoneInputStream( 2227): mic_starting com.google.android.apps.gsa.staticplugins.aa.c@5eb32a1
12-14 04:12:01.086 D/EGL_emulation( 1729): eglMakeCurrent: 0x916522e0: ver 3 0 (tinfo 0xa275fbb0)
12-14 04:12:01.097 I/MicrophoneInputStream( 2227): mic_started com.google.android.apps.gsa.staticplugins.aa.c@5eb32a1
12-14 04:12:01.099 E/ActivityThread( 2227): Failed to find provider info for com.google.android.apps.gsa.testing.ui.audio.recorded
12-14 04:12:01.100 I/MicroDetectionWorker( 2227): onReady
12-14 04:12:01.104 I/MicrophoneInputStream( 2227): mic_close com.google.android.apps.gsa.staticplugins.aa.c@5eb32a1
12-14 04:12:01.105 I/MicroRecognitionRunner( 2227): Detection finished
12-14 04:12:01.105 W/ErrorReporter( 2227): reportError [type: 211, code: 524300]: Error reading from input stream
12-14 04:12:01.105 I/AudioFlinger( 1476): AudioFlinger's thread 0xb2a03300 tid=4216 ready to run
12-14 04:12:01.110 D/EGL_emulation( 1729): eglMakeCurrent: 0x916522e0: ver 3 0 (tinfo 0xa275fbb0)
12-14 04:12:01.120 W/ErrorProcessor( 2227): onFatalError, processing error from engine(4)
12-14 04:12:01.120 W/ErrorProcessor( 2227): com.google.android.apps.gsa.shared.speech.b.g: Error reading from input stream
12-14 04:12:01.120 W/ErrorProcessor( 2227): 	at com.google.android.apps.gsa.staticplugins.recognizer.j.a.a(SourceFile:28)
12-14 04:12:01.120 W/ErrorProcessor( 2227): 	at com.google.android.apps.gsa.staticplugins.recognizer.j.b.run(SourceFile:15)
12-14 04:12:01.120 W/ErrorProcessor( 2227): 	at java.util.concurrent.Executors$RunnableAdapter.call(Executors.java:457)
12-14 04:12:01.120 W/ErrorProcessor( 2227): 	at java.util.concurrent.FutureTask.run(FutureTask.java:266)
12-14 04:12:01.120 W/ErrorProcessor( 2227): 	at com.google.android.apps.gsa.shared.util.concurrent.a.ax.run(SourceFile:14)
12-14 04:12:01.120 W/ErrorProcessor( 2227): 	at com.google.android.apps.gsa.shared.util.concurrent.a.bl.run(SourceFile:4)
12-14 04:12:01.120 W/ErrorProcessor( 2227): 	at com.google.android.apps.gsa.shared.util.concurrent.a.bl.run(SourceFile:4)
12-14 04:12:01.120 W/ErrorProcessor( 2227): 	at java.util.concurrent.ThreadPoolExecutor.runWorker(ThreadPoolExecutor.java:1162)
12-14 04:12:01.120 W/ErrorProcessor( 2227): 	at java.util.concurrent.ThreadPoolExecutor$Worker.run(ThreadPoolExecutor.java:636)
12-14 04:12:01.120 W/ErrorProcessor( 2227): 	at java.lang.Thread.run(Thread.java:764)
12-14 04:12:01.120 W/ErrorProcessor( 2227): 	at com.google.android.apps.gsa.shared.util.concurrent.a.ai.run(SourceFile:6)
12-14 04:12:01.120 W/ErrorProcessor( 2227): Caused by: com.google.android.apps.gsa.shared.exception.GsaIOException: Error code: 393238 | Buffer overflow, no available space.
12-14 04:12:01.120 W/ErrorProcessor( 2227): 	at com.google.android.apps.gsa.speech.audio.Tee.f(SourceFile:103)
12-14 04:12:01.120 W/ErrorProcessor( 2227): 	at com.google.android.apps.gsa.speech.audio.au.read(SourceFile:2)
12-14 04:12:01.120 W/ErrorProcessor( 2227): 	at java.io.InputStream.read(InputStream.java:101)
12-14 04:12:01.120 W/ErrorProcessor( 2227): 	at com.google.android.apps.gsa.speech.audio.ao.run(SourceFile:18)
12-14 04:12:01.120 W/ErrorProcessor( 2227): 	at com.google.android.apps.gsa.speech.audio.an.run(SourceFile:2)
12-14 04:12:01.120 W/ErrorProcessor( 2227): 	... 9 more
12-14 04:12:01.120 I/AudioController( 2227): internalShutdown
12-14 04:12:01.120 I/MicroRecognitionRunner( 2227): Stopping hotword detection.
12-14 04:12:01.124 D/EGL_emulation( 1729): eglMakeCurrent: 0x916522e0: ver 3 0 (tinfo 0xa275fbb0)
12-14 04:12:01.134 I/MicroDetector( 2227): Keeping mic open: false
12-14 04:12:01.135 I/MicroDetectionWorker( 2227): #onError(false)
12-14 04:12:01.135 D/EGL_emulation( 1729): eglMakeCurrent: 0x916522e0: ver 3 0 (tinfo 0xa275fbb0)
12-14 04:12:01.135 I/DeviceStateChecker( 2227): DeviceStateChecker cancelled
12-14 04:12:01.159 D/EGL_emulation( 1729): eglMakeCurrent: 0x916522e0: ver 3 0 (tinfo 0xa275fbb0)
12-14 04:12:01.178 I/zygote  ( 1729): NativeAllocBackground concurrent copying GC freed 1475(143KB) AllocSpace objects, 0(0B) LOS objects, 49% free, 4MB/9MB, paused 1.738ms total 249.174ms
12-14 04:12:01.202 D/EGL_emulation( 1729): eglMakeCurrent: 0x916522e0: ver 3 0 (tinfo 0xa275fbb0)
12-14 04:12:01.310 W/OpenGLRenderer( 2186): Incorrectly called buildLayer on View: ShortcutAndWidgetContainer, destroying layer...
12-14 04:12:01.401 I/OpenGLRenderer( 1628): Initialized EGL, version 1.4
12-14 04:12:01.401 D/OpenGLRenderer( 1628): Swap behavior 1
12-14 04:12:01.401 W/OpenGLRenderer( 1628): Failed to choose config with EGL_SWAP_BEHAVIOR_PRESERVED, retrying without...
12-14 04:12:01.402 D/OpenGLRenderer( 1628): Swap behavior 0
12-14 04:12:01.474 D/EGL_emulation( 1628): eglCreateContext: 0xa247e0a0: maj 3 min 0 rcv 3
12-14 04:12:01.478 D/EGL_emulation( 1628): eglMakeCurrent: 0xa247e0a0: ver 3 0 (tinfo 0x91738430)
12-14 04:12:01.479 E/eglCodecCommon( 1628): glUtilsParamSize: unknow param 0x00008cdf
12-14 04:12:01.481 E/eglCodecCommon( 1628): glUtilsParamSize: unknow param 0x00008cdf
12-14 04:12:01.484 E/eglCodecCommon( 1628): glUtilsParamSize: unknow param 0x00008824
12-14 04:12:01.484 E/eglCodecCommon( 1628): glUtilsParamSize: unknow param 0x00008824
12-14 04:12:01.617 D/AndroidRuntime( 4211): >>>>>> START com.android.internal.os.RuntimeInit uid 2000 <<<<<<
12-14 04:12:01.626 I/Finsky  ( 2569): [177] glv.b(1): Completed 0 account content syncs with 0 successful.
12-14 04:12:01.633 I/Finsky  ( 2569): [2] ContentSyncJob.a(1): [ContentSync] Installation state replication succeeded.
12-14 04:12:01.634 I/Finsky  ( 2569): [2] abvs.n(4): SCH: jobFinished: 12-1. TimeElapsed: 1166ms.
12-14 04:12:01.635 I/Finsky  ( 2569): [2] abuj.e(4): SCH: Job 12-1 finished. Not rescheduling.
12-14 04:12:01.637 I/Finsky  ( 2569): [2] abui.handleMessage(59): SCH: RunningQueue size: 0, PendingQueue size: 0
12-14 04:12:01.638 I/Finsky  ( 2569): [2] abui.handleMessage(26): SCH: Executor finished
12-14 04:12:01.662 I/Finsky  ( 2569): [2] abwt.b(5): SCH: Jobs in database: 1-1337 2-48879 3-186 24-77777777 26-1414141414 
12-14 04:12:01.664 I/Finsky  ( 2569): [2] abvf.d(37): SCH: ConstraintMapping: 24-77777777,  -> L: 0ms, D: 79268994ms, C: false, I: true, N: 0
12-14 04:12:01.664 I/Finsky  ( 2569): [2] abvf.d(37): SCH: ConstraintMapping: 1-1337,  -> L: 39645303ms, D: 82845303ms, C: false, I: false, N: 1
12-14 04:12:01.665 I/Finsky  ( 2569): [2] abvf.d(37): SCH: ConstraintMapping: 2-48879, 3-186,  -> L: 0ms, D: 82860207ms, C: true, I: true, N: 2
12-14 04:12:01.665 I/Finsky  ( 2569): [2] abvf.d(37): SCH: ConstraintMapping: 26-1414141414,  -> L: 17435387ms, D: 18335387ms, C: false, I: false, N: 0
12-14 04:12:01.672 D/BoundBrokerSvc( 2123): onUnbind: Intent { act=com.google.android.mdd.service.START cmp=com.google.android.gms/.chimera.GmsBoundBrokerService }
12-14 04:12:01.673 D/BoundBrokerSvc( 1948): onUnbind: Intent { act=com.google.android.gms.clearcut.service.START cmp=com.google.android.gms/.chimera.PersistentDirectBootAwareApiService }
12-14 04:12:01.675 I/Finsky  ( 2569): [2] abvf.f(7): SCH: Cancelling existing jobscheduler jobs: 9003 9001 
12-14 04:12:01.676 I/Finsky  ( 2569): [2] abvf.e(8): SCH: Throttling wakeup for job 9000 (expected to run in 0 ms) due to recent wakeup
12-14 04:12:01.676 I/Finsky  ( 2569): [2] abvf.e(23): SCH: Scheduling job Id: 9000, L: 30000, D: 79268994, C: false, I: true, N: 0
12-14 04:12:01.677 I/Finsky  ( 2569): [2] abvf.e(23): SCH: Scheduling job Id: 9002, L: 39645303, D: 82845303, C: false, I: false, N: 1
12-14 04:12:01.678 I/Finsky  ( 2569): [2] abvf.e(8): SCH: Throttling wakeup for job 9005 (expected to run in 0 ms) due to recent wakeup
12-14 04:12:01.678 I/Finsky  ( 2569): [2] abvf.e(23): SCH: Scheduling job Id: 9005, L: 30000, D: 82860207, C: true, I: true, N: 2
12-14 04:12:01.679 I/Finsky  ( 2569): [2] abvf.e(23): SCH: Scheduling job Id: 9006, L: 17435387, D: 18335387, C: false, I: false, N: 0
12-14 04:12:01.685 W/app_process( 4211): Unexpected CPU variant for X86 using defaults: x86
12-14 04:12:01.703 D/AndroidRuntime( 4211): Calling main entry com.android.commands.am.Am
12-14 04:12:01.708 I/ActivityManager( 1628): Force stopping com.evancharlton.mileage appid=10456 user=0: start instr
12-14 04:12:01.708 I/ActivityManager( 1628): Killing 4153:com.evancharlton.mileage/u0a456 (adj 0): stop com.evancharlton.mileage
12-14 04:12:01.708 W/ActivityManager( 1628): Crash of app com.evancharlton.mileage running instrumentation ComponentInfo{com.evancharlton.mileage.test/sh.calaba.instrumentationbackend.CalabashInstrumentationTestRunner}
12-14 04:12:01.708 I/ActivityManager( 1628): Force stopping com.evancharlton.mileage appid=10456 user=0: finished inst
12-14 04:12:01.720 I/zygote  ( 4225): Not late-enabling -Xcheck:jni (already on)
12-14 04:12:01.725 I/ActivityManager( 1628): Start proc 4225:com.evancharlton.mileage/u0a456 for added application com.evancharlton.mileage
12-14 04:12:01.727 D/AndroidRuntime( 4211): Shutting down VM
12-14 04:12:01.738 W/zygote  ( 4225): Unexpected CPU variant for X86 using defaults: x86
12-14 04:12:01.749 E/adbd    ( 1384): failed to connect to socket 'tcp:7102': Connection refused
12-14 04:12:01.754 E/adbd    ( 1384): failed to connect to socket 'tcp:7102': Connection refused
12-14 04:12:01.754 W/ActivityManager( 1628): setHasOverlayUi called on unknown pid: 4153
12-14 04:12:01.765 W/zygote  ( 4225): Found duplicate classes, falling back to extracting from APK : /data/app/com.evancharlton.mileage.test-7l_hDWksDjT39rMIR9QNKg==/base.apk
12-14 04:12:01.765 W/zygote  ( 4225): NOTE: This wastes RAM and hurts startup performance.
12-14 04:12:01.765 W/zygote  ( 4225): Found duplicated class when checking oat files: 'Ljunit/runner/BaseTestRunner;' in /data/app/com.evancharlton.mileage.test-7l_hDWksDjT39rMIR9QNKg==/base.apk and /system/framework/android.test.runner.jar
12-14 04:12:01.765 W/zygote  ( 4225): 
12-14 04:12:01.800 W/System  ( 4225): ClassLoader referenced unknown path: 
12-14 04:12:01.813 I/System.out( 4225): Main activity name automatically set to: com.evancharlton.mileage.Mileage
12-14 04:12:01.814 I/System.out( 4225): Calabash did not load Mono. This is only a problem if you are trying to test a Mono application
12-14 04:12:01.815 I/calabash( 4225): Test server port: 7102
12-14 04:12:01.818 I/InstrumentationBackend( 4225): Added:'GetPreferences', with key:'get_preferences'
12-14 04:12:01.868 E/adbd    ( 1384): failed to connect to socket 'tcp:7102': Connection refused
12-14 04:12:01.870 E/adbd    ( 1384): failed to connect to socket 'tcp:7102': Connection refused
12-14 04:12:01.891 I/InstrumentationBackend( 4225): Added:'SetPreferences', with key:'set_preferences'
12-14 04:12:01.891 I/InstrumentationBackend( 4225): Added:'ClearPreferences', with key:'clear_preferences'
12-14 04:12:01.891 I/InstrumentationBackend( 4225): Added:'PressElement', with key:'press_l10n_element'
12-14 04:12:01.892 I/InstrumentationBackend( 4225): Added:'WaitForElement', with key:'wait_for_l10n_element'
12-14 04:12:01.892 I/InstrumentationBackend( 4225): Added:'NullAction', with key:'nullAction'
12-14 04:12:01.893 I/InstrumentationBackend( 4225): Added:'PressKey', with key:'press_key'
12-14 04:12:01.893 I/InstrumentationBackend( 4225): Added:'SetActivityOrientation', with key:'set_activity_orientation'
12-14 04:12:01.893 I/InstrumentationBackend( 4225): Added:'GetActivityOrientation', with key:'get_activity_orientation'
12-14 04:12:01.894 I/InstrumentationBackend( 4225): Added:'FakeGPSLocation', with key:'set_gps_coordinates'
12-14 04:12:01.895 I/InstrumentationBackend( 4225): Added:'SetPropertyByCssSelector', with key:'set_property_by_css_selector'
12-14 04:12:01.896 I/InstrumentationBackend( 4225): Added:'GetUrl', with key:'get_url'
12-14 04:12:01.899 I/InstrumentationBackend( 4225): Added:'ScrollTo', with key:'scroll_to'
12-14 04:12:01.899 I/InstrumentationBackend( 4225): Added:'GetLoadProgress', with key:'get_load_progress'
12-14 04:12:01.900 I/InstrumentationBackend( 4225): Added:'DumpHtml', with key:'dump_html'
12-14 04:12:01.900 I/InstrumentationBackend( 4225): Added:'DumpBodyHtml', with key:'dump_body_html'
12-14 04:12:01.900 I/InstrumentationBackend( 4225): Added:'EnterTextByCssSelector', with key:'enter_text_by_selector'
12-14 04:12:01.905 I/InstrumentationBackend( 4225): Added:'AndroidSDKVersion', with key:'android_sdk_version'
12-14 04:12:01.905 I/InstrumentationBackend( 4225): Added:'Version', with key:'version'
12-14 04:12:01.905 I/InstrumentationBackend( 4225): Added:'Drag', with key:'drag'
12-14 04:12:01.905 I/InstrumentationBackend( 4225): Added:'TouchCoordinates', with key:'touch_coordinate'
12-14 04:12:01.906 I/InstrumentationBackend( 4225): Added:'LongPressCoordinate', with key:'long_press_coordinate'
12-14 04:12:01.906 I/InstrumentationBackend( 4225): Added:'DragCoordinates', with key:'drag_coordinates'
12-14 04:12:01.906 I/InstrumentationBackend( 4225): Added:'ResumeApplication', with key:'resume_application'
12-14 04:12:01.907 I/InstrumentationBackend( 4225): Added:'Swipe', with key:'swipe'
12-14 04:12:01.907 I/InstrumentationBackend( 4225): Added:'DoubleTapCoordinate', with key:'double_tap_coordinate'
12-14 04:12:01.908 I/InstrumentationBackend( 4225): Added:'ClickOnScreen', with key:'click_on_screen'
12-14 04:12:01.909 I/InstrumentationBackend( 4225): Added:'GetActivityName', with key:'get_activity_name'
12-14 04:12:01.909 I/InstrumentationBackend( 4225): Added:'ScrollToView', with key:'scroll_to_view'
12-14 04:12:01.910 I/InstrumentationBackend( 4225): Added:'ViewConfiguration', with key:'view_configuration'
12-14 04:12:01.910 I/InstrumentationBackend( 4225): Added:'IsCurrentActivityFocused', with key:'is_current_activity_focused'
12-14 04:12:01.910 I/InstrumentationBackend( 4225): Added:'SendTcp', with key:'send_tcp'
12-14 04:12:01.911 I/InstrumentationBackend( 4225): Added:'DpToDevicePixel', with key:'dp_to_device_pixel'
12-14 04:12:01.912 I/InstrumentationBackend( 4225): Added:'KeyboardEnterText', with key:'keyboard_enter_text'
12-14 04:12:01.913 I/InstrumentationBackend( 4225): Added:'DeleteSurroundingText', with key:'delete_surrounding_text'
12-14 04:12:01.913 I/InstrumentationBackend( 4225): Added:'SetComposingRegion', with key:'set_composing_region'
12-14 04:12:01.914 I/InstrumentationBackend( 4225): Added:'SetSelection', with key:'set_selection'
12-14 04:12:01.914 I/InstrumentationBackend( 4225): Added:'KeyboardKeyEvent', with key:'keyboard_key_event'
12-14 04:12:01.914 I/InstrumentationBackend( 4225): Added:'PressUserActionButton', with key:'press_user_action_button'
12-14 04:12:01.915 I/InstrumentationBackend( 4225): Added:'HideSoftKeyboard', with key:'hide_soft_keyboard'
12-14 04:12:01.917 I/InstrumentationBackend( 4225): Added:'ListActions', with key:'list_actions'
12-14 04:12:01.918 I/calabash( 4225): Instantiating http server at 7102
12-14 04:12:01.918 I/System.out( 4225): HTTP Daemon listening on: 7102
12-14 04:12:01.994 I/System.out( 4225): URI: //ping
12-14 04:12:01.995 I/System.out( 4225): params: {json={}
12-14 04:12:01.995 I/System.out( 4225): }
12-14 04:12:02.012 I/System.out( 4225): URI: //ping
12-14 04:12:02.012 I/System.out( 4225): params: {json={}
12-14 04:12:02.013 I/System.out( 4225): }
12-14 04:12:02.021 I/System.out( 4225): URI: //ready
12-14 04:12:02.021 I/System.out( 4225): params: {json={}
12-14 04:12:02.021 I/System.out( 4225): }
12-14 04:12:02.028 I/System.out( 4225): URI: //
12-14 04:12:02.028 I/System.out( 4225): params: {json={"command":"version","arguments":[]}
12-14 04:12:02.028 I/System.out( 4225): }
12-14 04:12:02.028 I/System.out( 4225): header: {content-type=application/json;charset=utf-8, date=Mon, 14 Dec 2020 09:12:02 GMT, accept=*/*, host=127.0.0.1:34777, content-length=36, user-agent=HTTPClient/1.0 (2.8.3, ruby 2.5.8 (2020-03-31))}
12-14 04:12:02.028 I/System.out( 4225): params: {json={"command":"version","arguments":[]}
12-14 04:12:02.028 I/System.out( 4225): }
12-14 04:12:02.028 I/System.out( 4225): ProP json = {"command":"version","arguments":[]}
12-14 04:12:02.028 I/System.out( 4225): files: {}
12-14 04:12:02.028 I/System.out( 4225): command: {"command":"version","arguments":[]}
12-14 04:12:02.060 I/InstrumentationBackend( 4225): Got command:'Command:'Line:null,version', arguments:'[]'
12-14 04:12:02.105 I/System.out( 4225): result:{"bonusInformation":[],"message":"0.9.8","success":true}
12-14 04:12:02.112 I/System.out( 4225): URI: //start-application
12-14 04:12:02.112 I/System.out( 4225): params: {json={"intent":null}
12-14 04:12:02.112 I/System.out( 4225): }
12-14 04:12:02.160 I/ActivityManager( 1628): START u0 {act=android.intent.action.MAIN cat=[android.intent.category.LAUNCHER] flg=0x10200000 cmp=com.evancharlton.mileage/.Mileage} from uid 10456
12-14 04:12:02.187 I/calabash( 4225): newActivity1
12-14 04:12:02.191 D/gralloc_ranchu( 1397): gralloc_alloc: Creating ashmem region of size 7753728
12-14 04:12:02.229 W/ActivityManager( 1628): Bad activity token: android.os.BinderProxy@5818bd6
12-14 04:12:02.229 W/ActivityManager( 1628): java.lang.ClassCastException: android.os.BinderProxy cannot be cast to com.android.server.am.ActivityRecord$Token
12-14 04:12:02.229 W/ActivityManager( 1628): 	at com.android.server.am.ActivityRecord.forTokenLocked(ActivityRecord.java:778)
12-14 04:12:02.229 W/ActivityManager( 1628): 	at com.android.server.am.ActivityRecord.isInStackLocked(ActivityRecord.java:2085)
12-14 04:12:02.229 W/ActivityManager( 1628): 	at com.android.server.am.ActivityRecord.getStackLocked(ActivityRecord.java:2090)
12-14 04:12:02.229 W/ActivityManager( 1628): 	at com.android.server.am.ActivityManagerService.getActivityDisplayId(ActivityManagerService.java:10406)
12-14 04:12:02.229 W/ActivityManager( 1628): 	at android.app.IActivityManager$Stub.onTransact(IActivityManager.java:2738)
12-14 04:12:02.229 W/ActivityManager( 1628): 	at com.android.server.am.ActivityManagerService.onTransact(ActivityManagerService.java:2935)
12-14 04:12:02.229 W/ActivityManager( 1628): 	at android.os.Binder.execTransact(Binder.java:674)
12-14 04:12:02.230 I/calabash( 4225): newActivity1
12-14 04:12:02.237 W/ActivityManager( 1628): Bad activity token: android.os.BinderProxy@5818bd6
12-14 04:12:02.237 W/ActivityManager( 1628): java.lang.ClassCastException: android.os.BinderProxy cannot be cast to com.android.server.am.ActivityRecord$Token
12-14 04:12:02.237 W/ActivityManager( 1628): 	at com.android.server.am.ActivityRecord.forTokenLocked(ActivityRecord.java:778)
12-14 04:12:02.237 W/ActivityManager( 1628): 	at com.android.server.am.ActivityRecord.isInStackLocked(ActivityRecord.java:2085)
12-14 04:12:02.237 W/ActivityManager( 1628): 	at com.android.server.am.ActivityManagerService.setTaskDescription(ActivityManagerService.java:9988)
12-14 04:12:02.237 W/ActivityManager( 1628): 	at android.app.IActivityManager$Stub.onTransact(IActivityManager.java:2824)
12-14 04:12:02.237 W/ActivityManager( 1628): 	at com.android.server.am.ActivityManagerService.onTransact(ActivityManagerService.java:2935)
12-14 04:12:02.237 W/ActivityManager( 1628): 	at android.os.Binder.execTransact(Binder.java:674)
12-14 04:12:02.246 D/EGL_emulation( 2227): eglMakeCurrent: 0xa4e04840: ver 3 0 (tinfo 0xa4e03830)
12-14 04:12:02.248 W/ActivityManager( 1628): Bad activity token: android.os.BinderProxy@5818bd6
12-14 04:12:02.248 W/ActivityManager( 1628): java.lang.ClassCastException: android.os.BinderProxy cannot be cast to com.android.server.am.ActivityRecord$Token
12-14 04:12:02.248 W/ActivityManager( 1628): 	at com.android.server.am.ActivityRecord.forTokenLocked(ActivityRecord.java:778)
12-14 04:12:02.248 W/ActivityManager( 1628): 	at com.android.server.am.ActivityRecord.isInStackLocked(ActivityRecord.java:2085)
12-14 04:12:02.248 W/ActivityManager( 1628): 	at com.android.server.am.ActivityRecord.getStackLocked(ActivityRecord.java:2090)
12-14 04:12:02.248 W/ActivityManager( 1628): 	at com.android.server.am.ActivityManagerService.getActivityStackId(ActivityManagerService.java:10417)
12-14 04:12:02.248 W/ActivityManager( 1628): 	at android.app.IActivityManager$Stub.onTransact(IActivityManager.java:3548)
12-14 04:12:02.248 W/ActivityManager( 1628): 	at com.android.server.am.ActivityManagerService.onTransact(ActivityManagerService.java:2935)
12-14 04:12:02.248 W/ActivityManager( 1628): 	at android.os.Binder.execTransact(Binder.java:674)
12-14 04:12:02.251 D/EGL_emulation( 2186): eglMakeCurrent: 0xa297d5c0: ver 3 0 (tinfo 0xa297fc10)
12-14 04:12:02.260 D/EGL_emulation( 1729): eglMakeCurrent: 0x916522e0: ver 3 0 (tinfo 0xa275fbb0)
12-14 04:12:02.261 V/StatusBar( 1729): setLightsOn(true)
12-14 04:12:02.280 D/EGL_emulation( 1729): eglMakeCurrent: 0x916522e0: ver 3 0 (tinfo 0xa275fbb0)
12-14 04:12:02.296 E/ContentStoreEUAS( 2227): Failed to commit the deferred actions
12-14 04:12:02.302 D/EGL_emulation( 1729): eglMakeCurrent: 0x916522e0: ver 3 0 (tinfo 0xa275fbb0)
12-14 04:12:02.303 V/StatusBar( 1729): setLightsOn(true)
12-14 04:12:02.307 D/EGL_emulation( 1729): eglMakeCurrent: 0x916522e0: ver 3 0 (tinfo 0xa275fbb0)
12-14 04:12:02.431 W/ActivityManager( 1628): Bad activity token: android.os.BinderProxy@5818bd6
12-14 04:12:02.431 W/ActivityManager( 1628): java.lang.ClassCastException: android.os.BinderProxy cannot be cast to com.android.server.am.ActivityRecord$Token
12-14 04:12:02.431 W/ActivityManager( 1628): 	at com.android.server.am.ActivityRecord.forTokenLocked(ActivityRecord.java:778)
12-14 04:12:02.431 W/ActivityManager( 1628): 	at com.android.server.am.ActivityRecord.isInStackLocked(ActivityRecord.java:2085)
12-14 04:12:02.431 W/ActivityManager( 1628): 	at com.android.server.am.ActivityManagerService.getActivityOptions(ActivityManagerService.java:13302)
12-14 04:12:02.431 W/ActivityManager( 1628): 	at android.app.IActivityManager$Stub.onTransact(IActivityManager.java:2910)
12-14 04:12:02.431 W/ActivityManager( 1628): 	at com.android.server.am.ActivityManagerService.onTransact(ActivityManagerService.java:2935)
12-14 04:12:02.431 W/ActivityManager( 1628): 	at android.os.Binder.execTransact(Binder.java:674)
12-14 04:12:02.432 W/ActivityManager( 1628): Bad activity token: android.os.BinderProxy@5818bd6
12-14 04:12:02.432 W/ActivityManager( 1628): java.lang.ClassCastException: android.os.BinderProxy cannot be cast to com.android.server.am.ActivityRecord$Token
12-14 04:12:02.432 W/ActivityManager( 1628): 	at com.android.server.am.ActivityRecord.forTokenLocked(ActivityRecord.java:778)
12-14 04:12:02.432 W/ActivityManager( 1628): 	at com.android.server.am.ActivityRecord.isInStackLocked(ActivityRecord.java:2085)
12-14 04:12:02.432 W/ActivityManager( 1628): 	at com.android.server.am.ActivityManagerService.getActivityOptions(ActivityManagerService.java:13302)
12-14 04:12:02.432 W/ActivityManager( 1628): 	at android.app.IActivityManager$Stub.onTransact(IActivityManager.java:2910)
12-14 04:12:02.432 W/ActivityManager( 1628): 	at com.android.server.am.ActivityManagerService.onTransact(ActivityManagerService.java:2935)
12-14 04:12:02.432 W/ActivityManager( 1628): 	at android.os.Binder.execTransact(Binder.java:674)
12-14 04:12:02.469 I/chatty  ( 1729): uid=10028(u0_a28) RenderThread identical 19 lines
12-14 04:12:02.474 D/EGL_emulation( 1729): eglMakeCurrent: 0x916522e0: ver 3 0 (tinfo 0xa275fbb0)
12-14 04:12:02.562 V/StatusBar( 1729): setLightsOn(true)
12-14 04:12:02.620 I/zygote  ( 4225): Do partial code cache collection, code=27KB, data=30KB
12-14 04:12:02.620 I/zygote  ( 4225): After code cache collection, code=27KB, data=30KB
12-14 04:12:02.620 I/zygote  ( 4225): Increasing code cache capacity to 128KB
12-14 04:12:02.621 I/zygote  ( 4225): Do partial code cache collection, code=27KB, data=48KB
12-14 04:12:02.622 I/zygote  ( 4225): After code cache collection, code=27KB, data=48KB
12-14 04:12:02.622 I/zygote  ( 4225): Increasing code cache capacity to 256KB
12-14 04:12:02.624 I/zygote  ( 4225): JIT allocated 71KB for compiled code of void android.widget.TextView.<init>(android.content.Context, android.util.AttributeSet, int, int)
12-14 04:12:02.625 I/zygote  ( 4225): Compiler allocated 4MB to compile void android.widget.TextView.<init>(android.content.Context, android.util.AttributeSet, int, int)
12-14 04:12:02.638 V/StatusBar( 1729): setLightsOn(true)
12-14 04:12:02.644 I/chatty  ( 1729): uid=10028(u0_a28) com.android.systemui identical 2 lines
12-14 04:12:02.693 V/StatusBar( 1729): setLightsOn(true)
12-14 04:12:02.694 D/gralloc_ranchu( 1397): gralloc_alloc: Creating ashmem region of size 7753728
12-14 04:12:02.720 D/        ( 4225): HostConnection::get() New Host Connection established 0xa24afbc0, tid 4225
12-14 04:12:02.770 V/StatusBar( 1729): setLightsOn(true)
12-14 04:12:02.772 V/StatusBar( 1729): setLightsOn(true)
12-14 04:12:02.778 I/ActivityManager( 1628): Displayed com.evancharlton.mileage/.Mileage: +592ms
12-14 04:12:02.786 V/StatusBar( 1729): setLightsOn(true)
12-14 04:12:02.812 D/gralloc_ranchu( 1397): gralloc_alloc: Creating ashmem region of size 7753728
12-14 04:12:02.961 V/StatusBar( 1729): setLightsOn(true)
12-14 04:12:02.969 I/zygote  ( 4225): Do full code cache collection, code=125KB, data=71KB
12-14 04:12:02.970 I/zygote  ( 4225): After code cache collection, code=108KB, data=44KB
12-14 04:12:02.977 V/StatusBar( 1729): setLightsOn(true)
12-14 04:12:02.982 I/chatty  ( 1729): uid=10028(u0_a28) com.android.systemui identical 1 line
12-14 04:12:02.989 V/StatusBar( 1729): setLightsOn(true)
12-14 04:12:03.006 W/SurfaceFlinger( 1406): couldn't log to binary event log: overflow.
12-14 04:12:03.098 I/PBSessionCacheImpl( 2227): Deleted sessionId[12591743613898] from persistence.
