--------- beginning of main
12-14 02:01:54.649 D/BoundBrokerSvc( 2236): onUnbind: Intent { act=com.google.android.gms.checkin.START pkg=com.google.android.gms }
12-14 02:01:54.781 D/BoundBrokerSvc( 2236): onUnbind: Intent { act=com.google.android.gms.auth.service.START pkg=com.google.android.gms }
12-14 02:01:55.726 W/NamedFutures( 2177): Timeout future task has been cancelled: 10000 milliseconds
12-14 02:01:55.730 E/SearchServiceStarter( 2177): Task 174 failed or timed out. Client 9576155183954767 disconnecting from SearchService!
12-14 02:01:55.730 E/SearchServiceStarter( 2177): java.util.concurrent.CancellationException: Task was cancelled.
12-14 02:01:55.730 E/SearchServiceStarter( 2177): 	at com.google.common.util.concurrent.d.ct(SourceFile:75)
12-14 02:01:55.730 E/SearchServiceStarter( 2177): 	at com.google.common.util.concurrent.d.get(SourceFile:57)
12-14 02:01:55.730 E/SearchServiceStarter( 2177): 	at com.google.common.util.concurrent.cg.n(SourceFile:2)
12-14 02:01:55.730 E/SearchServiceStarter( 2177): 	at com.google.common.util.concurrent.av.l(SourceFile:50)
12-14 02:01:55.730 E/SearchServiceStarter( 2177): 	at com.google.common.util.concurrent.ax.run(SourceFile:5)
12-14 02:01:55.730 E/SearchServiceStarter( 2177): 	at com.google.android.apps.gsa.shared.util.concurrent.a.bc.run(SourceFile:2)
12-14 02:01:55.730 E/SearchServiceStarter( 2177): 	at android.os.Handler.handleCallback(Handler.java:789)
12-14 02:01:55.730 E/SearchServiceStarter( 2177): 	at android.os.Handler.dispatchMessage(Handler.java:98)
12-14 02:01:55.730 E/SearchServiceStarter( 2177): 	at android.os.Looper.loop(Looper.java:164)
12-14 02:01:55.730 E/SearchServiceStarter( 2177): 	at android.app.ActivityThread.main(ActivityThread.java:6541)
12-14 02:01:55.730 E/SearchServiceStarter( 2177): 	at java.lang.reflect.Method.invoke(Native Method)
12-14 02:01:55.730 E/SearchServiceStarter( 2177): 	at com.android.internal.os.Zygote$MethodAndArgsCaller.run(Zygote.java:240)
12-14 02:01:55.730 E/SearchServiceStarter( 2177): 	at com.android.internal.os.ZygoteInit.main(ZygoteInit.java:767)
--------- beginning of system
12-14 02:01:55.755 W/BroadcastQueue( 1627): Background execution not allowed: receiving Intent { act=android.intent.action.PACKAGE_ADDED dat=package:com.evancharlton.mileage flg=0x4000010 (has extras) } to com.android.vending/com.google.android.finsky.packagemanager.impl.PackageMonitorReceiverImpl$RegisteredReceiver
12-14 02:01:55.756 W/BroadcastQueue( 1627): Background execution not allowed: receiving Intent { act=android.intent.action.PACKAGE_ADDED dat=package:com.evancharlton.mileage flg=0x4000010 (has extras) } to com.google.android.gms/.games.chimera.GamesSystemBroadcastReceiverProxy
12-14 02:01:55.756 W/BroadcastQueue( 1627): Background execution not allowed: receiving Intent { act=android.intent.action.PACKAGE_ADDED dat=package:com.evancharlton.mileage flg=0x4000010 (has extras) } to com.google.android.gms/.gass.chimera.PackageChangeBroadcastReceiver
12-14 02:01:55.756 W/BroadcastQueue( 1627): Background execution not allowed: receiving Intent { act=android.intent.action.PACKAGE_ADDED dat=package:com.evancharlton.mileage flg=0x4000010 (has extras) } to com.google.android.gms/.chimera.GmsIntentOperationService$PersistentTrustedReceiver
12-14 02:01:55.757 W/BroadcastQueue( 1627): Background execution not allowed: receiving Intent { act=android.intent.action.PACKAGE_ADDED dat=package:com.evancharlton.mileage flg=0x4000010 (has extras) } to com.google.android.googlequicksearchbox/com.google.android.apps.gsa.googlequicksearchbox.GelStubAppWatcher
12-14 02:01:55.778 I/Dialer  ( 2007): VvmTaskReceiver - task received
12-14 02:01:55.778 I/Dialer  ( 2007): VvmTaskReceiver - TaskExecutor already running
12-14 02:01:55.779 I/Dialer  ( 2007): Task.createTask - create task:com.android.voicemail.impl.ActivationTask
12-14 02:01:55.779 I/Dialer  ( 2007): TaskQueue.add - duplicated task added
12-14 02:01:55.779 I/Dialer  ( 2007): VvmTaskExecutor - com.android.voicemail.impl.ActivationTask@8b1366d added
12-14 02:01:55.783 W/BroadcastQueue( 1627): Background execution not allowed: receiving Intent { act=android.intent.action.PACKAGE_REMOVED dat=package:com.evancharlton.mileage.test flg=0x4000010 (has extras) } to com.android.vending/com.google.android.finsky.packagemanager.impl.PackageMonitorReceiverImpl$RegisteredReceiver
12-14 02:01:55.784 W/BroadcastQueue( 1627): Background execution not allowed: receiving Intent { act=android.intent.action.PACKAGE_REMOVED dat=package:com.evancharlton.mileage.test flg=0x4000010 (has extras) } to com.android.vending/com.google.android.finsky.instantapps.appmanagement.InstantAppRemoveMonitor
12-14 02:01:55.784 W/BroadcastQueue( 1627): Background execution not allowed: receiving Intent { act=android.intent.action.PACKAGE_REMOVED dat=package:com.evancharlton.mileage.test flg=0x4000010 (has extras) } to com.google.android.gms/.games.chimera.GamesSystemBroadcastReceiverProxy
12-14 02:01:55.784 W/BroadcastQueue( 1627): Background execution not allowed: receiving Intent { act=android.intent.action.PACKAGE_REMOVED dat=package:com.evancharlton.mileage.test flg=0x4000010 (has extras) } to com.google.android.gms/.chimera.GmsIntentOperationService$PersistentTrustedReceiver
12-14 02:01:55.784 W/BroadcastQueue( 1627): Background execution not allowed: receiving Intent { act=android.intent.action.PACKAGE_REMOVED dat=package:com.evancharlton.mileage.test flg=0x4000010 (has extras) } to com.google.android.googlequicksearchbox/com.google.android.apps.gsa.googlequicksearchbox.GelStubAppWatcher
12-14 02:01:55.792 I/Finsky  ( 2565): [2] ycb.d(13): PackageMonitorReceiverImpl - Received: android.intent.action.PACKAGE_FULLY_REMOVED, [Hc-uu0eID9wC4ptvRCsWBIQPDhHxrgxu8bZlIwakNJw]
12-14 02:01:55.792 I/Finsky  ( 2565): [2] ydc.g(1): Invalidating cached PackageState for com.evancharlton.mileage.test
12-14 02:01:55.795 I/Finsky  ( 2565): [2] ouk.d(2): Frosting ID looked up on UI thread. Caller should move to a background thread.
12-14 02:01:55.798 I/Finsky  ( 2565): [2] qlq.s(2): Installer: package com.evancharlton.mileage.test was removed. replacing: false
12-14 02:01:55.801 I/Finsky  ( 2565): [2] qmo.L(12): Installer: Notifying status update. package=com.evancharlton.mileage.test, status=UNINSTALLED
12-14 02:01:55.804 I/Finsky  ( 2565): [2] alxk.a(3): Do not start WearSupportService due to Wear service optimization
12-14 02:01:55.805 I/Finsky  ( 2565): [2] alxk.a(3): Do not start WearSupportService due to Wear service optimization
12-14 02:01:55.805 I/Finsky  ( 2565): [2] adxl.a(8): Clearing split related stale data.
12-14 02:01:55.808 I/Finsky  ( 2565): [175] gvx.a(12): Asset module storage cleared for package com.evancharlton.mileage.test.
12-14 02:01:55.809 I/Finsky  ( 2565): [166] otx.run(16): Wrote row to frosting DB: 1159
12-14 02:01:55.809 I/Finsky  ( 2565): [125] jmd.a(15): [ContentSync] finished, scheduled=false
12-14 02:01:55.823 I/Finsky  ( 2565): [2] qmo.O(7): Installer: found apps to install. isMultiUserMode=false, apps=[]
12-14 02:01:55.831 I/Finsky  ( 2565): [161] rab.C(2): IQ: Notifying installation update. package=com.evancharlton.mileage.test, status=UNINSTALLED
12-14 02:01:55.839 I/Finsky  ( 2565): [166] otx.run(16): Wrote row to frosting DB: 1160
12-14 02:01:55.841 D/BoundBrokerSvc( 2236): onBind: Intent { act=com.google.android.gms.common.BIND_SHARED_PREFS pkg=com.google.android.gms }
12-14 02:01:55.841 D/BoundBrokerSvc( 2236): Loading bound service for intent: Intent { act=com.google.android.gms.common.BIND_SHARED_PREFS pkg=com.google.android.gms }
12-14 02:01:55.845 I/ExposureNotification( 2236): Still can find package com.evancharlton.mileage.test after receive its fully removed broadcast, which was installed 9019 ms ago. Ignore the fully removed broadcast. [CONTEXT service_id=236 ]
12-14 02:01:55.847 D/BoundBrokerSvc( 2236): onUnbind: Intent { act=com.google.android.gms.common.BIND_SHARED_PREFS pkg=com.google.android.gms }
12-14 02:01:55.850 I/Finsky  ( 2565): [161] rab.t(33): IQ: No matching installs to run for jobs: []
12-14 02:01:55.851 I/Checkin ( 2236): [CheckinRequestProcessor] updateCheckinIdTokenFileFromResponse, Reading existing AID
12-14 02:01:55.865 I/DigitalWidgetProvider( 3389): onReceive: Intent { act=com.android.deskclock.ALARM_CHANGED flg=0x10 cmp=com.google.android.deskclock/com.android.alarmclock.DigitalAppWidgetProvider }
12-14 02:01:55.885 W/BroadcastQueue( 1627): Background execution not allowed: receiving Intent { act=android.intent.action.PACKAGE_ADDED dat=package:com.evancharlton.mileage.test flg=0x4000010 (has extras) } to com.android.vending/com.google.android.finsky.packagemanager.impl.PackageMonitorReceiverImpl$RegisteredReceiver
12-14 02:01:55.887 W/BroadcastQueue( 1627): Background execution not allowed: receiving Intent { act=android.intent.action.PACKAGE_ADDED dat=package:com.evancharlton.mileage.test flg=0x4000010 (has extras) } to com.google.android.gms/.games.chimera.GamesSystemBroadcastReceiverProxy
12-14 02:01:55.887 W/BroadcastQueue( 1627): Background execution not allowed: receiving Intent { act=android.intent.action.PACKAGE_ADDED dat=package:com.evancharlton.mileage.test flg=0x4000010 (has extras) } to com.google.android.gms/.gass.chimera.PackageChangeBroadcastReceiver
12-14 02:01:55.887 W/BroadcastQueue( 1627): Background execution not allowed: receiving Intent { act=android.intent.action.PACKAGE_ADDED dat=package:com.evancharlton.mileage.test flg=0x4000010 (has extras) } to com.google.android.gms/.chimera.GmsIntentOperationService$PersistentTrustedReceiver
12-14 02:01:55.887 W/BroadcastQueue( 1627): Background execution not allowed: receiving Intent { act=android.intent.action.PACKAGE_ADDED dat=package:com.evancharlton.mileage.test flg=0x4000010 (has extras) } to com.google.android.googlequicksearchbox/com.google.android.apps.gsa.googlequicksearchbox.GelStubAppWatcher
12-14 02:01:55.926 W/BroadcastQueue( 1627): Background execution not allowed: receiving Intent { act=android.intent.action.DROPBOX_ENTRY_ADDED flg=0x10 (has extras) } to com.google.android.gms/.stats.service.DropBoxEntryAddedReceiver
12-14 02:01:55.926 W/BroadcastQueue( 1627): Background execution not allowed: receiving Intent { act=android.intent.action.DROPBOX_ENTRY_ADDED flg=0x10 (has extras) } to com.google.android.gms/.chimera.GmsIntentOperationService$PersistentTrustedReceiver
12-14 02:01:55.948 W/zygote  ( 3832): Unexpected CPU variant for X86 using defaults: x86
12-14 02:01:55.954 I/ActivityManager( 1627): Start proc 3832:com.google.android.videos/u0a72 for service com.google.android.videos/.service.drm.RefreshLicenseTaskService
12-14 02:01:55.979 I/MultiDex( 3832): VM with version 2.1.0 has multidex support
12-14 02:01:55.979 I/MultiDex( 3832): install
12-14 02:01:55.979 I/MultiDex( 3832): VM has multidex support, MultiDex support library is disabled.
12-14 02:01:56.009 I/zygote  ( 1939): Do partial code cache collection, code=505KB, data=325KB
12-14 02:01:56.012 I/zygote  ( 1939): After code cache collection, code=501KB, data=324KB
12-14 02:01:56.012 I/zygote  ( 1939): Increasing code cache capacity to 2MB
12-14 02:01:56.105 I/ActivityManager( 1627): Killing 3210:com.android.settings/1000 (adj 906): empty #17
12-14 02:01:56.233 W/ActivityManager( 1627): Background start not allowed: service Intent { cmp=com.google.android.videos/.service.pinning.TransferService (has extras) } to com.google.android.videos/.service.pinning.TransferService from pid=3832 uid=10072 pkg=com.google.android.videos
12-14 02:01:56.235 I/Finsky  ( 2565): [111] daj.a(7): Received content filters request from com.google.android.videos
12-14 02:01:56.247 I/PlayMovies( 3832): RefreshLicenseTaskService.forceLicenseRefreshNow:66 Scheduled task now refresh_license_forced
12-14 02:01:56.247 I/PlayMovies( 3832): 
12-14 02:01:56.254 D/PlayMovies( 3832): PersistentCache.cleanup:104 Cache is below limit, no need to shrink: [size=0, limit=5242880]
12-14 02:01:56.254 D/PlayMovies( 3832): 
12-14 02:01:56.258 I/PlayMovies( 3832): RefreshLicenseTaskService.onRunTask:96 On run task refresh_license_forced
12-14 02:01:56.258 I/PlayMovies( 3832): 
12-14 02:01:56.269 I/ActivityManager( 1627): Killing 3240:com.android.cellbroadcastreceiver/u0a5 (adj 906): empty #17
12-14 02:01:56.273 D/Primes  ( 3832): Package metric disabled.
12-14 02:01:56.273 D/Primes  ( 3832): Battery metric disabled
12-14 02:01:56.274 D/Primes  ( 3832): MagicEye logging metric disabled
12-14 02:01:56.275 D/CryptdConnector( 1627): SND -> {11 cryptfs getpwtype}
12-14 02:01:56.275 D/VoldCryptCmdListener( 1342): cryptfs getpwtype
12-14 02:01:56.276 D/CryptdConnector( 1627): RCV <- {213 11 default}
12-14 02:01:56.426 I/zygote  ( 2236): Deoptimizing boolean dbx.d(android.content.Context, dbv, java.lang.String) due to JIT inline cache
12-14 02:01:56.436 D/BoundBrokerSvc( 1939): onBind: Intent { act=com.google.android.gms.tapandpay.service.BIND cmp=com.google.android.gms/.chimera.PersistentApiService }
12-14 02:01:56.436 D/BoundBrokerSvc( 1939): Loading bound service for intent: Intent { act=com.google.android.gms.tapandpay.service.BIND cmp=com.google.android.gms/.chimera.PersistentApiService }
12-14 02:01:56.466 E/Pay     ( 2236): No account found on the task or the device. Notification task will not be rescheduled. [CONTEXT service_id=198 ]
12-14 02:01:56.547 I/zygote  ( 1939): Deoptimizing java.lang.String asqf.i(android.os.Bundle) due to JIT inline cache
12-14 02:01:56.615 I/NetworkScheduler.Stats( 1939): Task com.google.android.videos/ started execution. cause:7 exec_start_elapsed_seconds: 50 [CONTEXT service_id=218 ]
12-14 02:01:56.649 E/NetworkScheduler.ATC( 1939): Called cancelTask for already completed task com.google.android.videos/.service.drm.RefreshLicenseTaskService{u=0 tag="refresh_license_forced" trigger=window{start=0s,end=1s,earliest=0s,latest=0s} requirements=[NET_CONNECTED] attributes=[] scheduled=0s last_run=0s exec_window_multiplier=1.0000 jid=N/A status=ACTIVE retries=0 client_lib=MANCHEGO_GCM-10400000} :0 [CONTEXT service_id=218 ]
12-14 02:01:56.650 W/NetworkScheduler( 1939): Immediate task was not started com.google.android.videos/.service.drm.RefreshLicenseTaskService{u=0 tag="refresh_license_forced" trigger=window{start=0s,end=1s,earliest=0s,latest=0s} requirements=[NET_CONNECTED] attributes=[] scheduled=0s last_run=N/A exec_window_multiplier=1.0000 jid=N/A status=PENDING retries=0 client_lib=MANCHEGO_GCM-10400000}. Rescheduling immediate tasks can cause excessive battery drain.
12-14 02:01:56.651 I/NetworkScheduler.Stats( 1939): Task com.google.android.videos/ finished executing. cause:7 result: 1 elapsed_millis: 336 uptime_millis: 336 exec_start_elapsed_seconds: 50 [CONTEXT service_id=218 ]
12-14 02:01:56.652 I/NetworkScheduler.Stats( 1939): Task com.google.android.gms/com.google.android.gms.pay.gcmtask.PayGcmTaskService started execution. cause:7 exec_start_elapsed_seconds: 50 [CONTEXT service_id=218 ]
12-14 02:01:56.652 I/NetworkScheduler.Stats( 1939): Task com.google.android.gms/com.google.android.gms.pay.gcmtask.PayGcmTaskService finished executing. cause:7 result: 2 elapsed_millis: 79 uptime_millis: 79 exec_start_elapsed_seconds: 50 [CONTEXT service_id=218 ]
12-14 02:01:56.716 I/NetworkScheduler.Stats( 1939): Task com.google.android.gms/com.google.android.gms.clearcut.uploader.QosUploaderService started execution. cause:5 exec_start_elapsed_seconds: 51 [CONTEXT service_id=218 ]
12-14 02:01:56.732 I/NetworkScheduler.Stats( 1939): Task com.google.android.videos/ started execution. cause:5 exec_start_elapsed_seconds: 51 [CONTEXT service_id=218 ]
12-14 02:01:56.734 I/PlayMovies( 3832): RefreshLicenseTaskService.onRunTask:96 On run task refresh_license
12-14 02:01:56.734 I/PlayMovies( 3832): 
12-14 02:01:56.752 I/NetworkScheduler.Stats( 1939): Task com.google.android.gms/com.google.android.gms.clearcut.uploader.QosUploaderService finished executing. cause:5 result: 1 elapsed_millis: 68 uptime_millis: 68 exec_start_elapsed_seconds: 51 [CONTEXT service_id=218 ]
12-14 02:01:56.757 I/NetworkScheduler.Stats( 1939): Task com.google.android.videos/ finished executing. cause:5 result: 1 elapsed_millis: 31 uptime_millis: 31 exec_start_elapsed_seconds: 51 [CONTEXT service_id=218 ]
12-14 02:01:56.831 I/NetworkScheduler.Stats( 1939): Task com.google.android.gms/com.google.android.gms.gass.chimera.SchedulePeriodicTasksService started execution. cause:5 exec_start_elapsed_seconds: 51 [CONTEXT service_id=218 ]
12-14 02:01:56.914 I/NetworkScheduler.Stats( 1939): Task com.google.android.gms/com.google.android.gms.pay.gcmtask.PayGcmTaskService started execution. cause:5 exec_start_elapsed_seconds: 51 [CONTEXT service_id=218 ]
12-14 02:01:56.919 I/NetworkScheduler.Stats( 1939): Task com.google.android.gms/com.google.android.gms.gass.chimera.SchedulePeriodicTasksService finished executing. cause:5 result: 1 elapsed_millis: 131 uptime_millis: 131 exec_start_elapsed_seconds: 51 [CONTEXT service_id=218 ]
12-14 02:01:56.980 I/NetworkScheduler.Stats( 1939): Task com.google.android.gms/com.google.android.gms.pay.gcmtask.PayGcmTaskService started execution. cause:5 exec_start_elapsed_seconds: 51 [CONTEXT service_id=218 ]
12-14 02:01:56.983 I/Pay     ( 2236): Device does not support HCE. [CONTEXT service_id=198 ]
12-14 02:01:56.988 I/NetworkScheduler.Stats( 1939): Task com.google.android.gms/com.google.android.gms.pay.gcmtask.PayGcmTaskService finished executing. cause:5 result: 1 elapsed_millis: 118 uptime_millis: 118 exec_start_elapsed_seconds: 51 [CONTEXT service_id=218 ]
12-14 02:01:57.068 V/LifecycleAwareServiceBi( 2565): notify unbound
12-14 02:01:57.068 V/LifecycleAwareServiceBi( 2565): com.google.common.flogger.LogSiteStackTrace: MEDIUM
12-14 02:01:57.068 V/LifecycleAwareServiceBi( 2565): 	at com.google.frameworks.client.data.android.binder.LifecycleAwareServiceBinding.h(PG:1)
12-14 02:01:57.068 V/LifecycleAwareServiceBi( 2565): 	at axqg.run(Unknown Source:4)
12-14 02:01:57.068 V/LifecycleAwareServiceBi( 2565): 	at android.os.Handler.handleCallback(Handler.java:789)
12-14 02:01:57.068 V/LifecycleAwareServiceBi( 2565): 	at android.os.Handler.dispatchMessage(Handler.java:98)
12-14 02:01:57.068 V/LifecycleAwareServiceBi( 2565): 	at android.os.Looper.loop(Looper.java:164)
12-14 02:01:57.068 V/LifecycleAwareServiceBi( 2565): 	at android.app.ActivityThread.main(ActivityThread.java:6541)
12-14 02:01:57.068 V/LifecycleAwareServiceBi( 2565): 	at java.lang.reflect.Method.invoke(Native Method)
12-14 02:01:57.068 V/LifecycleAwareServiceBi( 2565): 	at com.android.internal.os.Zygote$MethodAndArgsCaller.run(Zygote.java:240)
12-14 02:01:57.068 V/LifecycleAwareServiceBi( 2565): 	at com.android.internal.os.ZygoteInit.main(ZygoteInit.java:767)
12-14 02:01:57.068 V/LifecycleAwareServiceBi( 2565): notify unbound - notifying
12-14 02:01:57.071 I/NetworkScheduler.Stats( 1939): Task com.google.android.gms/com.google.android.gms.pay.gcmtask.PayGcmTaskService started execution. cause:5 exec_start_elapsed_seconds: 51 [CONTEXT service_id=218 ]
12-14 02:01:57.074 I/Finsky:download_service( 2681): [2] sxn.onDestroy(8): IPC-SERVER: Stopping gRPC host service...
12-14 02:01:57.094 D/BoundBrokerSvc( 2236): onBind: Intent { act=com.google.android.gms.pay.service.BIND cmp=com.google.android.gms/.chimera.GmsApiService }
12-14 02:01:57.094 D/BoundBrokerSvc( 2236): Loading bound service for intent: Intent { act=com.google.android.gms.pay.service.BIND cmp=com.google.android.gms/.chimera.GmsApiService }
12-14 02:01:57.094 I/Pay     ( 2236): Migration flag not enabled. [CONTEXT service_id=198 ]
12-14 02:01:57.097 I/NetworkScheduler.Stats( 1939): Task com.google.android.gms/com.google.android.gms.pay.gcmtask.PayGcmTaskService finished executing. cause:5 result: 2 elapsed_millis: 143 uptime_millis: 143 exec_start_elapsed_seconds: 51 [CONTEXT service_id=218 ]
12-14 02:01:57.100 I/jgl     ( 2236): Primes not initialized, returning default (no-op) Primes instance which will ignore all calls. Please call Primes.initialize(...) before using any Primes API.
12-14 02:01:57.114 I/MicroDetectionWorker( 2177): #updateMicroDetector [detectionMode: [mDetectionMode: [1]]]
12-14 02:01:57.114 I/MicroDetectionWorker( 2177): #startMicroDetector [speakerMode: 0]
12-14 02:01:57.114 I/AudioController( 2177): Using mInputStreamFactoryBuilder
12-14 02:01:57.121 I/MicroDetectionWorker( 2177): onReady
12-14 02:01:57.124 I/MicroRecognitionRunner( 2177): Starting detection.
12-14 02:01:57.127 I/MicrophoneInputStream( 2177): mic_starting com.google.android.apps.gsa.staticplugins.aa.c@b826db2
12-14 02:01:57.132 I/MicrophoneInputStream( 2177): mic_started com.google.android.apps.gsa.staticplugins.aa.c@b826db2
12-14 02:01:57.133 E/ActivityThread( 2177): Failed to find provider info for com.google.android.apps.gsa.testing.ui.audio.recorded
12-14 02:01:57.133 I/MicroDetectionWorker( 2177): onReady
12-14 02:01:57.134 I/MicrophoneInputStream( 2177): mic_close com.google.android.apps.gsa.staticplugins.aa.c@b826db2
12-14 02:01:57.134 I/AudioFlinger( 1476): AudioFlinger's thread 0xae783440 tid=3883 ready to run
12-14 02:01:57.135 I/MicroRecognitionRunner( 2177): Detection finished
12-14 02:01:57.135 W/ErrorReporter( 2177): reportError [type: 211, code: 524300]: Error reading from input stream
12-14 02:01:57.142 I/MicroRecognitionRunner( 2177): Stopping hotword detection.
12-14 02:01:57.142 W/ErrorProcessor( 2177): onFatalError, processing error from engine(4)
12-14 02:01:57.142 W/ErrorProcessor( 2177): com.google.android.apps.gsa.shared.speech.b.g: Error reading from input stream
12-14 02:01:57.142 W/ErrorProcessor( 2177): 	at com.google.android.apps.gsa.staticplugins.recognizer.j.a.a(SourceFile:28)
12-14 02:01:57.142 W/ErrorProcessor( 2177): 	at com.google.android.apps.gsa.staticplugins.recognizer.j.b.run(SourceFile:15)
12-14 02:01:57.142 W/ErrorProcessor( 2177): 	at java.util.concurrent.Executors$RunnableAdapter.call(Executors.java:457)
12-14 02:01:57.142 W/ErrorProcessor( 2177): 	at java.util.concurrent.FutureTask.run(FutureTask.java:266)
12-14 02:01:57.142 W/ErrorProcessor( 2177): 	at com.google.android.apps.gsa.shared.util.concurrent.a.ax.run(SourceFile:14)
12-14 02:01:57.142 W/ErrorProcessor( 2177): 	at com.google.android.apps.gsa.shared.util.concurrent.a.bl.run(SourceFile:4)
12-14 02:01:57.142 W/ErrorProcessor( 2177): 	at com.google.android.apps.gsa.shared.util.concurrent.a.bl.run(SourceFile:4)
12-14 02:01:57.142 W/ErrorProcessor( 2177): 	at java.util.concurrent.ThreadPoolExecutor.runWorker(ThreadPoolExecutor.java:1162)
12-14 02:01:57.142 W/ErrorProcessor( 2177): 	at java.util.concurrent.ThreadPoolExecutor$Worker.run(ThreadPoolExecutor.java:636)
12-14 02:01:57.142 W/ErrorProcessor( 2177): 	at java.lang.Thread.run(Thread.java:764)
12-14 02:01:57.142 W/ErrorProcessor( 2177): 	at com.google.android.apps.gsa.shared.util.concurrent.a.ai.run(SourceFile:6)
12-14 02:01:57.142 W/ErrorProcessor( 2177): Caused by: com.google.android.apps.gsa.shared.exception.GsaIOException: Error code: 393238 | Buffer overflow, no available space.
12-14 02:01:57.142 W/ErrorProcessor( 2177): 	at com.google.android.apps.gsa.speech.audio.Tee.f(SourceFile:103)
12-14 02:01:57.142 W/ErrorProcessor( 2177): 	at com.google.android.apps.gsa.speech.audio.au.read(SourceFile:2)
12-14 02:01:57.142 W/ErrorProcessor( 2177): 	at java.io.InputStream.read(InputStream.java:101)
12-14 02:01:57.142 W/ErrorProcessor( 2177): 	at com.google.android.apps.gsa.speech.audio.ao.run(SourceFile:18)
12-14 02:01:57.142 W/ErrorProcessor( 2177): 	at com.google.android.apps.gsa.speech.audio.an.run(SourceFile:2)
12-14 02:01:57.142 W/ErrorProcessor( 2177): 	... 9 more
12-14 02:01:57.142 I/AudioController( 2177): internalShutdown
12-14 02:01:57.152 I/MicroDetector( 2177): Keeping mic open: false
12-14 02:01:57.152 I/MicroDetectionWorker( 2177): #onError(false)
12-14 02:01:57.152 I/DeviceStateChecker( 2177): DeviceStateChecker cancelled
12-14 02:01:57.195 D/BoundBrokerSvc( 2236): onUnbind: Intent { act=com.google.android.gms.feedback.internal.IFeedbackService cmp=com.google.android.gms/.chimera.GmsBoundBrokerService }
12-14 02:01:57.216 I/Pay     ( 2236): Migration already completed. [CONTEXT service_id=198 ]
12-14 02:01:57.234 I/chatty  ( 2236): uid=10011(u0_a11) lowpool[0] identical 1 line
12-14 02:01:57.237 I/Pay     ( 2236): Migration already completed. [CONTEXT service_id=198 ]
12-14 02:01:57.240 I/NetworkScheduler.Stats( 1939): Task com.google.android.gms/com.google.android.gms.pay.gcmtask.PayGcmTaskService started execution. cause:5 exec_start_elapsed_seconds: 51 [CONTEXT service_id=218 ]
12-14 02:01:57.243 I/Pay     ( 2236): Migration flag not enabled. [CONTEXT service_id=198 ]
12-14 02:01:57.251 I/Pay     ( 2236): Migration already completed. [CONTEXT service_id=198 ]
12-14 02:01:57.252 I/Pay     ( 2236): Migration flag not enabled. [CONTEXT service_id=198 ]
12-14 02:01:57.256 I/NetworkScheduler.Stats( 1939): Task com.google.android.gms/com.google.android.gms.pay.gcmtask.PayGcmTaskService finished executing. cause:5 result: 1 elapsed_millis: 58 uptime_millis: 58 exec_start_elapsed_seconds: 51 [CONTEXT service_id=218 ]
12-14 02:01:57.263 I/NetworkScheduler.Stats( 1939): Task com.google.android.gms/com.google.android.gms.pay.gcmtask.PayGcmTaskService finished executing. cause:5 result: 1 elapsed_millis: 220 uptime_millis: 220 exec_start_elapsed_seconds: 51 [CONTEXT service_id=218 ]
12-14 02:01:57.325 I/NetworkScheduler.Stats( 1939): Task com.google.android.gms/com.google.android.gms.pay.gcmtask.PayGcmTaskService started execution. cause:5 exec_start_elapsed_seconds: 51 [CONTEXT service_id=218 ]
12-14 02:01:57.352 W/SystemServiceRegistry( 3626): No service published for: persistent_data_block
12-14 02:01:57.344 W/Binder:3626_3( 3626): type=1400 audit(0.0:20): avc: denied { read } for name="modules" dev="proc" ino=4026532034 scontext=u:r:priv_app:s0:c512,c768 tcontext=u:object_r:proc_modules:s0 tclass=file permissive=0
12-14 02:01:57.366 D/        ( 3626): HostConnection::get() New Host Connection established 0x90f49040, tid 3698
12-14 02:01:57.382 D/EGL_emulation( 3626): eglCreateContext: 0x90f39500: maj 3 min 0 rcv 3
12-14 02:01:57.385 D/EGL_emulation( 3626): eglMakeCurrent: 0x90f39500: ver 3 0 (tinfo 0xa7d40290)
12-14 02:01:57.386 E/eglCodecCommon( 3626): glUtilsParamSize: unknow param 0x00008cdf
12-14 02:01:57.386 E/eglCodecCommon( 3626): glUtilsParamSize: unknow param 0x00008cdf
12-14 02:01:57.386 E/eglCodecCommon( 3626): glUtilsParamSize: unknow param 0x00008824
12-14 02:01:57.387 E/eglCodecCommon( 3626): glUtilsParamSize: unknow param 0x00008824
12-14 02:01:57.401 I/NetworkScheduler.Stats( 1939): Task com.google.android.gms/com.google.android.gms.tapandpay.gcmtask.TapAndPayGcmTaskService started execution. cause:5 exec_start_elapsed_seconds: 51 [CONTEXT service_id=218 ]
12-14 02:01:57.421 I/NetworkScheduler.Stats( 1939): Task com.google.android.gms/com.google.android.gms.pay.gcmtask.PayGcmTaskService finished executing. cause:5 result: 1 elapsed_millis: 126 uptime_millis: 126 exec_start_elapsed_seconds: 51 [CONTEXT service_id=218 ]
12-14 02:01:57.425 I/NetworkScheduler.Stats( 1939): Task com.google.android.gms/com.google.android.gms.tapandpay.gcmtask.TapAndPayGcmTaskService finished executing. cause:5 result: 1 elapsed_millis: 66 uptime_millis: 66 exec_start_elapsed_seconds: 51 [CONTEXT service_id=218 ]
12-14 02:01:57.448 D/EGL_emulation( 3626): eglCreateContext: 0x90f39740: maj 3 min 0 rcv 3
12-14 02:01:57.451 D/EGL_emulation( 3626): eglMakeCurrent: 0x90f39740: ver 3 0 (tinfo 0xa7d40290)
12-14 02:01:57.452 E/eglCodecCommon( 3626): glUtilsParamSize: unknow param 0x00008cdf
12-14 02:01:57.452 E/eglCodecCommon( 3626): glUtilsParamSize: unknow param 0x00008cdf
12-14 02:01:57.453 E/eglCodecCommon( 3626): glUtilsParamSize: unknow param 0x00008824
12-14 02:01:57.453 E/eglCodecCommon( 3626): glUtilsParamSize: unknow param 0x00008824
12-14 02:01:57.542 I/NetworkScheduler.Stats( 1939): Task com.google.android.gms/com.google.android.gms.tapandpay.gcmtask.TapAndPayGcmTaskService started execution. cause:5 exec_start_elapsed_seconds: 52 [CONTEXT service_id=218 ]
12-14 02:01:57.545 I/NetworkScheduler.Stats( 1939): Task com.google.android.gms/com.google.android.gms.tapandpay.gcmtask.TapAndPayGcmTaskService finished executing. cause:5 result: 1 elapsed_millis: 59 uptime_millis: 59 exec_start_elapsed_seconds: 52 [CONTEXT service_id=218 ]
12-14 02:01:57.581 W/Conscrypt( 2236): Could not set socket write timeout: java.net.SocketException: Socket closed
12-14 02:01:57.582 W/Conscrypt( 2236): 	at com.google.android.gms.org.conscrypt.Platform.setSocketWriteTimeout(:com.google.android.gms@204713022@20.47.13 (040700-344095733):2)
12-14 02:01:57.582 W/Conscrypt( 2236): 	at com.google.android.gms.org.conscrypt.ConscryptFileDescriptorSocket.setSoWriteTimeout(:com.google.android.gms@204713022@20.47.13 (040700-344095733):0)
12-14 02:01:57.622 I/NetworkScheduler.Stats( 1939): Task com.google.android.gms/com.google.android.gms.tapandpay.gcmtask.TapAndPayGcmTaskService started execution. cause:5 exec_start_elapsed_seconds: 52 [CONTEXT service_id=218 ]
12-14 02:01:57.665 W/Conscrypt( 2236): Could not set socket write timeout: java.net.SocketException: Socket closed
12-14 02:01:57.665 W/Conscrypt( 2236): 	at com.google.android.gms.org.conscrypt.Platform.setSocketWriteTimeout(:com.google.android.gms@204713022@20.47.13 (040700-344095733):2)
12-14 02:01:57.665 W/Conscrypt( 2236): 	at com.google.android.gms.org.conscrypt.ConscryptFileDescriptorSocket.setSoWriteTimeout(:com.google.android.gms@204713022@20.47.13 (040700-344095733):0)
12-14 02:01:57.691 I/NetworkScheduler.Stats( 1939): Task com.google.android.gms/com.google.android.gms.udc.service.UdcContextInitService started execution. cause:5 exec_start_elapsed_seconds: 52 [CONTEXT service_id=218 ]
12-14 02:01:57.701 I/NetworkScheduler.Stats( 1939): Task com.google.android.gms/com.google.android.gms.tapandpay.gcmtask.TapAndPayGcmTaskService finished executing. cause:5 result: 1 elapsed_millis: 115 uptime_millis: 115 exec_start_elapsed_seconds: 52 [CONTEXT service_id=218 ]
12-14 02:01:57.726 I/PlayMovies( 3832): RefreshLicenseTaskService.onRunTask:96 On run task refresh_license_forced
12-14 02:01:57.726 I/PlayMovies( 3832): 
12-14 02:01:57.728 I/NetworkScheduler.Stats( 1939): Task com.google.android.videos/ started execution. cause:5 exec_start_elapsed_seconds: 52 [CONTEXT service_id=218 ]
12-14 02:01:57.731 I/NetworkScheduler.Stats( 1939): Task com.google.android.videos/ finished executing. cause:5 result: 1 elapsed_millis: 13 uptime_millis: 13 exec_start_elapsed_seconds: 52 [CONTEXT service_id=218 ]
12-14 02:01:57.758 I/NetworkScheduler.Stats( 1939): Task com.google.android.gms/com.google.android.gms.udc.service.UdcContextInitService finished executing. cause:5 result: 1 elapsed_millis: 103 uptime_millis: 103 exec_start_elapsed_seconds: 52 [CONTEXT service_id=218 ]
12-14 02:01:58.279 D/BoundBrokerSvc( 1939): onUnbind: Intent { act=com.google.android.gms.usagereporting.service.START pkg=com.google.android.gms }
12-14 02:01:58.316 D/BoundBrokerSvc( 1939): onUnbind: Intent { act=com.google.android.gms.icing.LIGHTWEIGHT_INDEX_SERVICE cmp=com.google.android.gms/.chimera.PersistentApiService }
12-14 02:01:58.604 I/ActivityManager( 1627): Killing 3267:com.google.android.apps.maps/u0a59 (adj 906): empty #17
12-14 02:01:58.655 D/BoundBrokerSvc( 1939): onUnbind: Intent { act=com.google.android.gms.phenotype.service.START pkg=com.google.android.gms }
12-14 02:01:58.655 D/BoundBrokerSvc( 2236): onUnbind: Intent { act=com.google.android.gms.people.service.START pkg=com.google.android.gms }
12-14 02:01:58.858 I/Checkin ( 2236): [CheckinRequestProcessor] Default Task : Checkin Succeeded: https://android.googleapis.com/checkin (fragment #1).
12-14 02:01:58.888 W/BroadcastQueue( 1627): Permission Denial: broadcasting Intent { act=com.google.android.checkin.CHECKIN_COMPLETE flg=0x1000010 (has extras) } from com.google.android.gms (pid=2236, uid=10011) is not exported from uid 10023 due to receiver com.android.vending/com.google.android.finsky.checkin.CheckinReceiver
12-14 02:01:58.920 I/Checkin ( 2236): [CheckinOperation] Checkin Operation finished with result: 0 finish time: 53450.
12-14 02:01:58.953 D/ConnectivityService( 1627): handleLingerComplete for NetworkAgentInfo [MOBILE (LTE) - 100]
12-14 02:01:59.154 D/AndroidRuntime( 3893): >>>>>> START com.android.internal.os.RuntimeInit uid 2000 <<<<<<
12-14 02:01:59.186 W/app_process( 3893): Unexpected CPU variant for X86 using defaults: x86
12-14 02:01:59.202 D/AndroidRuntime( 3893): Calling main entry com.android.commands.am.Am
12-14 02:01:59.206 I/ActivityManager( 1627): Force stopping com.evancharlton.mileage appid=10322 user=0: start instr
12-14 02:01:59.206 I/ActivityManager( 1627): Killing 3744:com.evancharlton.mileage/u0a322 (adj 0): stop com.evancharlton.mileage
12-14 02:01:59.209 W/ActivityManager( 1627): Crash of app com.evancharlton.mileage running instrumentation ComponentInfo{com.evancharlton.mileage.test/sh.calaba.instrumentationbackend.ClearAppData2}
12-14 02:01:59.209 I/ActivityManager( 1627): Force stopping com.evancharlton.mileage appid=10322 user=0: finished inst
12-14 02:01:59.209 I/ActivityManager( 1627): Killing 3319:com.google.android.apps.messaging:rcs/u0a66 (adj 906): empty #17
12-14 02:01:59.219 I/zygote  ( 3903): Not late-enabling -Xcheck:jni (already on)
12-14 02:01:59.223 I/ActivityManager( 1627): Start proc 3903:com.evancharlton.mileage/u0a322 for added application com.evancharlton.mileage
12-14 02:01:59.224 D/AndroidRuntime( 3893): Shutting down VM
12-14 02:01:59.226 W/zygote  ( 3903): Unexpected CPU variant for X86 using defaults: x86
12-14 02:01:59.227 E/memtrack( 1627): Couldn't load memtrack module
12-14 02:01:59.227 W/android.os.Debug( 1627): failed to get memory consumption info: -1
12-14 02:01:59.254 E/adbd    ( 1382): failed to connect to socket 'tcp:7102': Connection refused
12-14 02:01:59.259 E/adbd    ( 1382): failed to connect to socket 'tcp:7102': Connection refused
12-14 02:01:59.266 W/zygote  ( 3903): Found duplicate classes, falling back to extracting from APK : /data/app/com.evancharlton.mileage.test-wXugl6aGP9Yz3T9BRLRTPg==/base.apk
12-14 02:01:59.266 W/zygote  ( 3903): NOTE: This wastes RAM and hurts startup performance.
12-14 02:01:59.266 W/zygote  ( 3903): Found duplicated class when checking oat files: 'Ljunit/runner/BaseTestRunner;' in /data/app/com.evancharlton.mileage.test-wXugl6aGP9Yz3T9BRLRTPg==/base.apk and /system/framework/android.test.runner.jar
12-14 02:01:59.266 W/zygote  ( 3903): 
12-14 02:01:59.286 I/InputReader( 1627): Reconfiguring input devices.  changes=0x00000010
12-14 02:01:59.288 W/ResourceType( 1627): ResTable_typeSpec entry count inconsistent: given 67, previously 69
12-14 02:01:59.288 W/ResourceType( 1627): ResTable_typeSpec entry count inconsistent: given 5411, previously 5412
12-14 02:01:59.304 I/Fitness ( 1939): OnPackageChangedOperation got intent: Intent { act=android.intent.action.PACKAGE_CHANGED dat=package:com.google.android.gms flg=0x45000010 pkg=com.google.android.gms cmp=com.google.android.gms/.chimera.PersistentIntentOperationService (has extras) } [CONTEXT service_id=17 ]
12-14 02:01:59.312 I/Fitness ( 1939): FitCleanupIntentOperation received Intent android.intent.action.PACKAGE_CHANGED [CONTEXT service_id=17 ]
12-14 02:01:59.338 I/Icing   ( 2236): updateResources: need to parse adiq{com.google.android.gms}
12-14 02:01:59.345 D/CarrierSvcBindHelper( 1831): No carrier app for: 0
12-14 02:01:59.345 D/ImsResolver( 1831): maybeAddedImsService, packageName: com.google.android.gms
12-14 02:01:59.347 W/PeopleGalProvider( 2236): Not enabled to outside of GmsCore.
12-14 02:01:59.347 I/PeopleGalProvider( 2236): Method 0 completed.
12-14 02:01:59.348 I/ContactDirectoryManager( 2421): Directory provider com.google.android.gms(com.google.android.gms.people.gal.provider) returned a NULL cursor.
12-14 02:01:59.359 W/ResourceType( 1627): ResTable_typeSpec entry count inconsistent: given 67, previously 69
12-14 02:01:59.359 W/ResourceType( 1627): ResTable_typeSpec entry count inconsistent: given 5411, previously 5412
12-14 02:01:59.363 I/Telecom ( 1627): DefaultDialerCache: Refreshing default dialer for user 0: now com.google.android.dialer: DDC.oR@AE0
12-14 02:01:59.378 E/adbd    ( 1382): failed to connect to socket 'tcp:7102': Connection refused
12-14 02:01:59.385 I/Icing   ( 2236): IndexChimeraService.getServiceInterface callingPackage=com.google.android.gms componentName=AppsCorpus serviceId=36
12-14 02:01:59.386 E/adbd    ( 1382): failed to connect to socket 'tcp:7102': Connection refused
12-14 02:01:59.402 I/ProvidersCache( 3337): Provider returned no roots. Possibly naughty: com.google.android.apps.docs.storage
12-14 02:01:59.410 W/System  ( 3903): ClassLoader referenced unknown path: 
12-14 02:01:59.437 I/System.out( 3903): Main activity name automatically set to: com.evancharlton.mileage.Mileage
12-14 02:01:59.437 I/System.out( 3903): Calabash did not load Mono. This is only a problem if you are trying to test a Mono application
12-14 02:01:59.438 I/calabash( 3903): Test server port: 7102
12-14 02:01:59.442 I/InstrumentationBackend( 3903): Added:'GetPreferences', with key:'get_preferences'
12-14 02:01:59.477 W/Binder  ( 1627): Outgoing transactions from this process must be FLAG_ONEWAY
12-14 02:01:59.477 W/Binder  ( 1627): java.lang.Throwable
12-14 02:01:59.477 W/Binder  ( 1627): 	at android.os.BinderProxy.transact(Binder.java:736)
12-14 02:01:59.477 W/Binder  ( 1627): 	at com.android.internal.location.ILocationProvider$Stub$Proxy.getProperties(ILocationProvider.java:232)
12-14 02:01:59.477 W/Binder  ( 1627): 	at com.android.server.location.LocationProviderProxy$1.run(LocationProviderProxy.java:119)
12-14 02:01:59.477 W/Binder  ( 1627): 	at android.os.Handler.handleCallback(Handler.java:789)
12-14 02:01:59.477 W/Binder  ( 1627): 	at android.os.Handler.dispatchMessage(Handler.java:98)
12-14 02:01:59.477 W/Binder  ( 1627): 	at android.os.Looper.loop(Looper.java:164)
12-14 02:01:59.477 W/Binder  ( 1627): 	at android.os.HandlerThread.run(HandlerThread.java:65)
12-14 02:01:59.482 W/Binder  ( 1627): Outgoing transactions from this process must be FLAG_ONEWAY
12-14 02:01:59.482 W/Binder  ( 1627): java.lang.Throwable
12-14 02:01:59.482 W/Binder  ( 1627): 	at android.os.BinderProxy.transact(Binder.java:736)
12-14 02:01:59.482 W/Binder  ( 1627): 	at com.android.internal.location.ILocationProvider$Stub$Proxy.getProperties(ILocationProvider.java:232)
12-14 02:01:59.482 W/Binder  ( 1627): 	at com.android.server.location.LocationProviderProxy$1.run(LocationProviderProxy.java:119)
12-14 02:01:59.482 W/Binder  ( 1627): 	at android.os.Handler.handleCallback(Handler.java:789)
12-14 02:01:59.482 W/Binder  ( 1627): 	at android.os.Handler.dispatchMessage(Handler.java:98)
12-14 02:01:59.482 W/Binder  ( 1627): 	at android.os.Looper.loop(Looper.java:164)
12-14 02:01:59.482 W/Binder  ( 1627): 	at android.os.HandlerThread.run(HandlerThread.java:65)
12-14 02:01:59.492 W/Icing   ( 2236): No valid account for uploading user actions
12-14 02:01:59.494 I/zygote  ( 1939): Deoptimizing void tma.c(java.lang.Runnable) due to JIT inline cache
12-14 02:01:59.504 E/adbd    ( 1382): failed to connect to socket 'tcp:7102': Connection refused
12-14 02:01:59.513 E/adbd    ( 1382): failed to connect to socket 'tcp:7102': Connection refused
12-14 02:01:59.531 I/Icing   ( 2236): IndexChimeraService.getServiceInterface callingPackage=com.google.android.gms componentName=null serviceId=30
12-14 02:01:59.546 I/Icing   ( 2236): Usage reports ok 1, Failed Usage reports 0, indexed 1, rejected 0
12-14 02:01:59.550 W/Icing   ( 2236): No valid account for uploading user actions
12-14 02:01:59.554 I/InstrumentationBackend( 3903): Added:'SetPreferences', with key:'set_preferences'
12-14 02:01:59.555 I/InstrumentationBackend( 3903): Added:'ClearPreferences', with key:'clear_preferences'
12-14 02:01:59.555 I/InstrumentationBackend( 3903): Added:'PressElement', with key:'press_l10n_element'
12-14 02:01:59.555 I/InstrumentationBackend( 3903): Added:'WaitForElement', with key:'wait_for_l10n_element'
12-14 02:01:59.556 I/InstrumentationBackend( 3903): Added:'NullAction', with key:'nullAction'
12-14 02:01:59.556 I/InstrumentationBackend( 3903): Added:'PressKey', with key:'press_key'
12-14 02:01:59.556 I/InstrumentationBackend( 3903): Added:'SetActivityOrientation', with key:'set_activity_orientation'
12-14 02:01:59.557 I/InstrumentationBackend( 3903): Added:'GetActivityOrientation', with key:'get_activity_orientation'
12-14 02:01:59.557 I/InstrumentationBackend( 3903): Added:'FakeGPSLocation', with key:'set_gps_coordinates'
12-14 02:01:59.558 I/InstrumentationBackend( 3903): Added:'SetPropertyByCssSelector', with key:'set_property_by_css_selector'
12-14 02:01:59.559 I/InstrumentationBackend( 3903): Added:'GetUrl', with key:'get_url'
12-14 02:01:59.563 I/Icing   ( 2236): Usage reports ok 0, Failed Usage reports 0, indexed 0, rejected 0
12-14 02:01:59.563 I/InstrumentationBackend( 3903): Added:'ScrollTo', with key:'scroll_to'
12-14 02:01:59.564 I/InstrumentationBackend( 3903): Added:'GetLoadProgress', with key:'get_load_progress'
12-14 02:01:59.564 I/InstrumentationBackend( 3903): Added:'DumpHtml', with key:'dump_html'
12-14 02:01:59.564 I/InstrumentationBackend( 3903): Added:'DumpBodyHtml', with key:'dump_body_html'
12-14 02:01:59.565 I/InstrumentationBackend( 3903): Added:'EnterTextByCssSelector', with key:'enter_text_by_selector'
12-14 02:01:59.565 I/Icing   ( 2236): Indexing com.google.android.gms-apps from com.google.android.gms
12-14 02:01:59.568 I/Icing   ( 2236): Indexing done com.google.android.gms-apps
12-14 02:01:59.570 I/InstrumentationBackend( 3903): Added:'AndroidSDKVersion', with key:'android_sdk_version'
12-14 02:01:59.571 I/InstrumentationBackend( 3903): Added:'Version', with key:'version'
12-14 02:01:59.571 I/InstrumentationBackend( 3903): Added:'Drag', with key:'drag'
12-14 02:01:59.572 I/InstrumentationBackend( 3903): Added:'TouchCoordinates', with key:'touch_coordinate'
12-14 02:01:59.572 I/InstrumentationBackend( 3903): Added:'LongPressCoordinate', with key:'long_press_coordinate'
12-14 02:01:59.572 I/InstrumentationBackend( 3903): Added:'DragCoordinates', with key:'drag_coordinates'
12-14 02:01:59.573 I/InstrumentationBackend( 3903): Added:'ResumeApplication', with key:'resume_application'
12-14 02:01:59.574 I/InstrumentationBackend( 3903): Added:'Swipe', with key:'swipe'
12-14 02:01:59.574 I/InstrumentationBackend( 3903): Added:'DoubleTapCoordinate', with key:'double_tap_coordinate'
12-14 02:01:59.574 I/InstrumentationBackend( 3903): Added:'ClickOnScreen', with key:'click_on_screen'
12-14 02:01:59.575 I/InstrumentationBackend( 3903): Added:'GetActivityName', with key:'get_activity_name'
12-14 02:01:59.575 I/InstrumentationBackend( 3903): Added:'ScrollToView', with key:'scroll_to_view'
12-14 02:01:59.575 I/InstrumentationBackend( 3903): Added:'ViewConfiguration', with key:'view_configuration'
12-14 02:01:59.576 I/InstrumentationBackend( 3903): Added:'IsCurrentActivityFocused', with key:'is_current_activity_focused'
12-14 02:01:59.576 I/InstrumentationBackend( 3903): Added:'SendTcp', with key:'send_tcp'
12-14 02:01:59.576 I/InstrumentationBackend( 3903): Added:'DpToDevicePixel', with key:'dp_to_device_pixel'
12-14 02:01:59.577 I/InstrumentationBackend( 3903): Added:'KeyboardEnterText', with key:'keyboard_enter_text'
12-14 02:01:59.578 I/InstrumentationBackend( 3903): Added:'DeleteSurroundingText', with key:'delete_surrounding_text'
12-14 02:01:59.578 I/InstrumentationBackend( 3903): Added:'SetComposingRegion', with key:'set_composing_region'
12-14 02:01:59.578 I/InstrumentationBackend( 3903): Added:'SetSelection', with key:'set_selection'
12-14 02:01:59.579 I/InstrumentationBackend( 3903): Added:'KeyboardKeyEvent', with key:'keyboard_key_event'
12-14 02:01:59.579 I/InstrumentationBackend( 3903): Added:'PressUserActionButton', with key:'press_user_action_button'
12-14 02:01:59.580 I/InstrumentationBackend( 3903): Added:'HideSoftKeyboard', with key:'hide_soft_keyboard'
12-14 02:01:59.581 I/InstrumentationBackend( 3903): Added:'ListActions', with key:'list_actions'
12-14 02:01:59.581 I/calabash( 3903): Instantiating http server at 7102
12-14 02:01:59.582 I/System.out( 3903): HTTP Daemon listening on: 7102
12-14 02:01:59.644 I/System.out( 3903): URI: //ping
12-14 02:01:59.645 I/System.out( 3903): params: {json={}
12-14 02:01:59.645 I/System.out( 3903): }
12-14 02:01:59.678 I/System.out( 3903): URI: //ping
12-14 02:01:59.678 I/System.out( 3903): params: {json={}
12-14 02:01:59.678 I/System.out( 3903): }
12-14 02:01:59.690 I/System.out( 3903): URI: //ready
12-14 02:01:59.690 I/System.out( 3903): params: {json={}
12-14 02:01:59.690 I/System.out( 3903): }
12-14 02:01:59.699 I/System.out( 3903): URI: //
12-14 02:01:59.699 I/System.out( 3903): params: {json={"command":"version","arguments":[]}
12-14 02:01:59.699 I/System.out( 3903): }
12-14 02:01:59.700 I/System.out( 3903): header: {content-type=application/json;charset=utf-8, date=Mon, 14 Dec 2020 07:01:59 GMT, accept=*/*, host=127.0.0.1:34777, content-length=36, user-agent=HTTPClient/1.0 (2.8.3, ruby 2.5.8 (2020-03-31))}
12-14 02:01:59.700 I/System.out( 3903): params: {json={"command":"version","arguments":[]}
12-14 02:01:59.700 I/System.out( 3903): }
12-14 02:01:59.700 I/System.out( 3903): ProP json = {"command":"version","arguments":[]}
12-14 02:01:59.700 I/System.out( 3903): files: {}
12-14 02:01:59.700 I/System.out( 3903): command: {"command":"version","arguments":[]}
12-14 02:01:59.730 I/InstrumentationBackend( 3903): Got command:'Command:'Line:null,version', arguments:'[]'
12-14 02:01:59.764 I/System.out( 3903): result:{"bonusInformation":[],"message":"0.9.8","success":true}
12-14 02:01:59.772 I/System.out( 3903): URI: //start-application
12-14 02:01:59.772 I/System.out( 3903): params: {json={"intent":null}
12-14 02:01:59.772 I/System.out( 3903): }
12-14 02:01:59.810 I/ActivityManager( 1627): START u0 {act=android.intent.action.MAIN cat=[android.intent.category.LAUNCHER] flg=0x10200000 cmp=com.evancharlton.mileage/.Mileage} from uid 10322
12-14 02:01:59.824 I/calabash( 3903): newActivity1
12-14 02:01:59.848 W/ActivityManager( 1627): Bad activity token: android.os.BinderProxy@71f3408
12-14 02:01:59.848 W/ActivityManager( 1627): java.lang.ClassCastException: android.os.BinderProxy cannot be cast to com.android.server.am.ActivityRecord$Token
12-14 02:01:59.848 W/ActivityManager( 1627): 	at com.android.server.am.ActivityRecord.forTokenLocked(ActivityRecord.java:778)
12-14 02:01:59.848 W/ActivityManager( 1627): 	at com.android.server.am.ActivityRecord.isInStackLocked(ActivityRecord.java:2085)
12-14 02:01:59.848 W/ActivityManager( 1627): 	at com.android.server.am.ActivityRecord.getStackLocked(ActivityRecord.java:2090)
12-14 02:01:59.848 W/ActivityManager( 1627): 	at com.android.server.am.ActivityManagerService.getActivityDisplayId(ActivityManagerService.java:10406)
12-14 02:01:59.848 W/ActivityManager( 1627): 	at android.app.IActivityManager$Stub.onTransact(IActivityManager.java:2738)
12-14 02:01:59.848 W/ActivityManager( 1627): 	at com.android.server.am.ActivityManagerService.onTransact(ActivityManagerService.java:2935)
12-14 02:01:59.848 W/ActivityManager( 1627): 	at android.os.Binder.execTransact(Binder.java:674)
12-14 02:01:59.849 I/calabash( 3903): newActivity1
12-14 02:01:59.851 D/gralloc_ranchu( 1395): gralloc_alloc: Creating ashmem region of size 7753728
12-14 02:01:59.857 W/ActivityManager( 1627): Bad activity token: android.os.BinderProxy@71f3408
12-14 02:01:59.857 W/ActivityManager( 1627): java.lang.ClassCastException: android.os.BinderProxy cannot be cast to com.android.server.am.ActivityRecord$Token
12-14 02:01:59.857 W/ActivityManager( 1627): 	at com.android.server.am.ActivityRecord.forTokenLocked(ActivityRecord.java:778)
12-14 02:01:59.857 W/ActivityManager( 1627): 	at com.android.server.am.ActivityRecord.isInStackLocked(ActivityRecord.java:2085)
12-14 02:01:59.857 W/ActivityManager( 1627): 	at com.android.server.am.ActivityManagerService.setTaskDescription(ActivityManagerService.java:9988)
12-14 02:01:59.857 W/ActivityManager( 1627): 	at android.app.IActivityManager$Stub.onTransact(IActivityManager.java:2824)
12-14 02:01:59.857 W/ActivityManager( 1627): 	at com.android.server.am.ActivityManagerService.onTransact(ActivityManagerService.java:2935)
12-14 02:01:59.857 W/ActivityManager( 1627): 	at android.os.Binder.execTransact(Binder.java:674)
12-14 02:01:59.857 W/ActivityManager( 1627): Bad activity token: android.os.BinderProxy@71f3408
12-14 02:01:59.857 W/ActivityManager( 1627): java.lang.ClassCastException: android.os.BinderProxy cannot be cast to com.android.server.am.ActivityRecord$Token
12-14 02:01:59.857 W/ActivityManager( 1627): 	at com.android.server.am.ActivityRecord.forTokenLocked(ActivityRecord.java:778)
12-14 02:01:59.857 W/ActivityManager( 1627): 	at com.android.server.am.ActivityRecord.isInStackLocked(ActivityRecord.java:2085)
12-14 02:01:59.857 W/ActivityManager( 1627): 	at com.android.server.am.ActivityRecord.getStackLocked(ActivityRecord.java:2090)
12-14 02:01:59.857 W/ActivityManager( 1627): 	at com.android.server.am.ActivityManagerService.getActivityStackId(ActivityManagerService.java:10417)
12-14 02:01:59.857 W/ActivityManager( 1627): 	at android.app.IActivityManager$Stub.onTransact(IActivityManager.java:3548)
12-14 02:01:59.857 W/ActivityManager( 1627): 	at com.android.server.am.ActivityManagerService.onTransact(ActivityManagerService.java:2935)
12-14 02:01:59.857 W/ActivityManager( 1627): 	at android.os.Binder.execTransact(Binder.java:674)
12-14 02:01:59.873 D/BoundBrokerSvc( 1939): onUnbind: Intent { act=com.google.android.gms.clearcut.bootcount.service.START cmp=com.google.android.gms/.chimera.PersistentBoundBrokerService }
12-14 02:01:59.901 D/EGL_emulation( 2177): eglMakeCurrent: 0xa547de60: ver 3 0 (tinfo 0xa547f390)
