--------- beginning of main
12-14 02:02:07.193 E/adbd    ( 1382): failed to connect to socket 'tcp:7102': Connection refused
12-14 02:02:07.245 D/BoundBrokerSvc( 1939): onUnbind: Intent { act=com.google.android.gms.pseudonymous.service.START cmp=com.google.android.gms/.chimera.PersistentApiService }
12-14 02:02:07.260 V/StatusBar( 1725): setLightsOn(true)
--------- beginning of system
12-14 02:02:07.261 W/ActivityManager( 1627): Finishing task with all activities already finished
12-14 02:02:07.261 W/ActivityManager( 1627): Duplicate finish request for ActivityRecord{6f1b7a4 u0 com.evancharlton.mileage/.Mileage t954 f}
12-14 02:02:07.262 W/ActivityManager( 1627): Finishing task with all activities already finished
12-14 02:02:07.262 W/ActivityManager( 1627): Duplicate finish request for ActivityRecord{6f1b7a4 u0 com.evancharlton.mileage/.Mileage t954 f}
12-14 02:02:07.269 W/ActivityManager( 1627): Finishing task with all activities already finished
12-14 02:02:07.269 W/ActivityManager( 1627): Duplicate finish request for ActivityRecord{6f1b7a4 u0 com.evancharlton.mileage/.Mileage t954 f}
12-14 02:02:07.273 I/chatty  ( 1725): uid=10028(u0_a28) com.android.systemui identical 2 lines
12-14 02:02:07.297 V/StatusBar( 1725): setLightsOn(true)
12-14 02:02:07.301 D/gralloc_ranchu( 1395): gralloc_alloc: Creating ashmem region of size 8298496
12-14 02:02:07.313 D/gralloc_ranchu( 1395): gralloc_alloc: Creating ashmem region of size 8298496
12-14 02:02:07.314 D/EGL_emulation( 1725): eglMakeCurrent: 0xa34b4520: ver 3 0 (tinfo 0xa34feb70)
12-14 02:02:07.326 D/SurfaceFlinger( 1404): duplicate layer name: changing com.google.android.apps.nexuslauncher/com.google.android.apps.nexuslauncher.NexusLauncherActivity to com.google.android.apps.nexuslauncher/com.google.android.apps.nexuslauncher.NexusLauncherActivity#1
12-14 02:02:07.334 D/gralloc_ranchu( 1395): gralloc_alloc: Creating ashmem region of size 8298496
12-14 02:02:07.368 I/chatty  ( 1395): uid=1000(system) allocator@2.0-s identical 2 lines
12-14 02:02:07.401 D/gralloc_ranchu( 1395): gralloc_alloc: Creating ashmem region of size 8298496
12-14 02:02:07.430 W/RemoteFillService( 1627): Not handling { when=-5ms what=3 target=com.android.internal.os.HandlerCaller$MyHandler } as service for ComponentInfo{com.google.android.gms/com.google.android.gms.autofill.service.AutofillService} is already destroyed
12-14 02:02:07.483 D/hwcomposer( 1396): hw_composer sent 80 syncs in 60s
12-14 02:02:07.510 D/EGL_emulation( 2145): eglMakeCurrent: 0xa547cde0: ver 3 0 (tinfo 0xa547fb30)
12-14 02:02:07.541 D/EGL_emulation( 2177): eglMakeCurrent: 0xa547de60: ver 3 0 (tinfo 0xa547f390)
12-14 02:02:07.559 E/TaskPersister( 1627): File error accessing recents directory (directory doesn't exist?).
12-14 02:02:07.617 W/SessionLifecycleManager( 2177): Handover failed. Creating new session controller.
12-14 02:02:07.649 D/gralloc_ranchu( 1395): gralloc_alloc: Creating ashmem region of size 7753728
12-14 02:02:07.744 I/MicroDetectionWorker( 2177): #updateMicroDetector [detectionMode: [mDetectionMode: [1]]]
12-14 02:02:07.744 I/MicroDetectionWorker( 2177): #startMicroDetector [speakerMode: 0]
12-14 02:02:07.749 I/AudioController( 2177): Using mInputStreamFactoryBuilder
12-14 02:02:07.765 E/hw-IPCThreadState( 1395): binder thread pool (1 threads) starved for 116 ms
12-14 02:02:07.769 E/hw-IPCThreadState( 1404): binder thread pool (1 threads) starved for 116 ms
12-14 02:02:07.774 D/        ( 1725): HostConnection::get() New Host Connection established 0xa7d3b000, tid 1740
12-14 02:02:07.790 D/EGL_emulation( 1725): eglMakeCurrent: 0xa34b4520: ver 3 0 (tinfo 0xa34feb70)
12-14 02:02:07.815 I/MicroDetectionWorker( 2177): onReady
12-14 02:02:07.839 I/MicroRecognitionRunner( 2177): Starting detection.
12-14 02:02:07.850 I/MicrophoneInputStream( 2177): mic_starting com.google.android.apps.gsa.staticplugins.aa.c@246a4b0
12-14 02:02:07.852 D/EGL_emulation( 1725): eglMakeCurrent: 0xa34b4520: ver 3 0 (tinfo 0xa34feb70)
12-14 02:02:07.857 D/EGL_emulation( 1725): eglMakeCurrent: 0xa34b4520: ver 3 0 (tinfo 0xa34feb70)
12-14 02:02:07.867 I/AudioFlinger( 1476): AudioFlinger's thread 0xadf839c0 tid=4064 ready to run
12-14 02:02:07.872 D/EGL_emulation( 1725): eglMakeCurrent: 0xa34b4520: ver 3 0 (tinfo 0xa34feb70)
12-14 02:02:07.875 I/qemu-props( 1402): start adbd ...
12-14 02:02:07.896 I/MicrophoneInputStream( 2177): mic_started com.google.android.apps.gsa.staticplugins.aa.c@246a4b0
12-14 02:02:07.899 E/ActivityThread( 2177): Failed to find provider info for com.google.android.apps.gsa.testing.ui.audio.recorded
12-14 02:02:07.901 I/MicroDetectionWorker( 2177): onReady
12-14 02:02:07.905 D/EGL_emulation( 1725): eglMakeCurrent: 0xa34b4520: ver 3 0 (tinfo 0xa34feb70)
12-14 02:02:07.910 D/EGL_emulation( 1725): eglMakeCurrent: 0xa34b4520: ver 3 0 (tinfo 0xa34feb70)
12-14 02:02:07.918 W/OpenGLRenderer( 2145): Incorrectly called buildLayer on View: ShortcutAndWidgetContainer, destroying layer...
12-14 02:02:07.924 D/EGL_emulation( 1725): eglMakeCurrent: 0xa34b4520: ver 3 0 (tinfo 0xa34feb70)
12-14 02:02:07.947 I/MicrophoneInputStream( 2177): mic_close com.google.android.apps.gsa.staticplugins.aa.c@246a4b0
12-14 02:02:07.951 D/EGL_emulation( 1725): eglMakeCurrent: 0xa34b4520: ver 3 0 (tinfo 0xa34feb70)
12-14 02:02:07.951 I/MicroRecognitionRunner( 2177): Detection finished
12-14 02:02:07.970 D/EGL_emulation( 1725): eglMakeCurrent: 0xa34b4520: ver 3 0 (tinfo 0xa34feb70)
12-14 02:02:07.976 D/EGL_emulation( 1725): eglMakeCurrent: 0xa34b4520: ver 3 0 (tinfo 0xa34feb70)
12-14 02:02:07.981 W/ErrorReporter( 2177): reportError [type: 211, code: 524300]: Error reading from input stream
12-14 02:02:07.981 I/zygote  ( 1725): NativeAllocBackground concurrent copying GC freed 2174(150KB) AllocSpace objects, 0(0B) LOS objects, 49% free, 4MB/9MB, paused 563us total 181.916ms
12-14 02:02:07.992 D/EGL_emulation( 1725): eglMakeCurrent: 0xa34b4520: ver 3 0 (tinfo 0xa34feb70)
12-14 02:02:07.999 D/EGL_emulation( 1725): eglMakeCurrent: 0xa34b4520: ver 3 0 (tinfo 0xa34feb70)
12-14 02:02:08.037 I/MicroRecognitionRunner( 2177): Stopping hotword detection.
12-14 02:02:08.038 W/ErrorProcessor( 2177): onFatalError, processing error from engine(4)
12-14 02:02:08.038 W/ErrorProcessor( 2177): com.google.android.apps.gsa.shared.speech.b.g: Error reading from input stream
12-14 02:02:08.038 W/ErrorProcessor( 2177): 	at com.google.android.apps.gsa.staticplugins.recognizer.j.a.a(SourceFile:28)
12-14 02:02:08.038 W/ErrorProcessor( 2177): 	at com.google.android.apps.gsa.staticplugins.recognizer.j.b.run(SourceFile:15)
12-14 02:02:08.038 W/ErrorProcessor( 2177): 	at java.util.concurrent.Executors$RunnableAdapter.call(Executors.java:457)
12-14 02:02:08.038 W/ErrorProcessor( 2177): 	at java.util.concurrent.FutureTask.run(FutureTask.java:266)
12-14 02:02:08.038 W/ErrorProcessor( 2177): 	at com.google.android.apps.gsa.shared.util.concurrent.a.ax.run(SourceFile:14)
12-14 02:02:08.038 W/ErrorProcessor( 2177): 	at com.google.android.apps.gsa.shared.util.concurrent.a.bl.run(SourceFile:4)
12-14 02:02:08.038 W/ErrorProcessor( 2177): 	at com.google.android.apps.gsa.shared.util.concurrent.a.bl.run(SourceFile:4)
12-14 02:02:08.038 W/ErrorProcessor( 2177): 	at java.util.concurrent.ThreadPoolExecutor.runWorker(ThreadPoolExecutor.java:1162)
12-14 02:02:08.038 W/ErrorProcessor( 2177): 	at java.util.concurrent.ThreadPoolExecutor$Worker.run(ThreadPoolExecutor.java:636)
12-14 02:02:08.038 W/ErrorProcessor( 2177): 	at java.lang.Thread.run(Thread.java:764)
12-14 02:02:08.038 W/ErrorProcessor( 2177): 	at com.google.android.apps.gsa.shared.util.concurrent.a.ai.run(SourceFile:6)
12-14 02:02:08.038 W/ErrorProcessor( 2177): Caused by: com.google.android.apps.gsa.shared.exception.GsaIOException: Error code: 393238 | Buffer overflow, no available space.
12-14 02:02:08.038 W/ErrorProcessor( 2177): 	at com.google.android.apps.gsa.speech.audio.Tee.f(SourceFile:103)
12-14 02:02:08.038 W/ErrorProcessor( 2177): 	at com.google.android.apps.gsa.speech.audio.au.read(SourceFile:2)
12-14 02:02:08.038 W/ErrorProcessor( 2177): 	at java.io.InputStream.read(InputStream.java:101)
12-14 02:02:08.038 W/ErrorProcessor( 2177): 	at com.google.android.apps.gsa.speech.audio.ao.run(SourceFile:18)
12-14 02:02:08.038 W/ErrorProcessor( 2177): 	at com.google.android.apps.gsa.speech.audio.an.run(SourceFile:2)
12-14 02:02:08.038 W/ErrorProcessor( 2177): 	... 9 more
12-14 02:02:08.038 I/AudioController( 2177): internalShutdown
12-14 02:02:08.048 D/EGL_emulation( 1725): eglMakeCurrent: 0xa34b4520: ver 3 0 (tinfo 0xa34feb70)
12-14 02:02:08.057 I/chatty  ( 1725): uid=10028(u0_a28) RenderThread identical 1 line
12-14 02:02:08.059 D/EGL_emulation( 1725): eglMakeCurrent: 0xa34b4520: ver 3 0 (tinfo 0xa34feb70)
12-14 02:02:08.074 I/MicroDetector( 2177): Keeping mic open: false
12-14 02:02:08.074 I/MicroDetectionWorker( 2177): #onError(false)
12-14 02:02:08.075 I/DeviceStateChecker( 2177): DeviceStateChecker cancelled
12-14 02:02:08.089 D/EGL_emulation( 1725): eglMakeCurrent: 0xa34b4520: ver 3 0 (tinfo 0xa34feb70)
12-14 02:02:08.096 D/EGL_emulation( 1725): eglMakeCurrent: 0xa34b4520: ver 3 0 (tinfo 0xa34feb70)
12-14 02:02:08.107 I/zygote  ( 2177): Background concurrent copying GC freed 21204(1156KB) AllocSpace objects, 9(3MB) LOS objects, 49% free, 4MB/8MB, paused 1.269ms total 380.222ms
12-14 02:02:08.236 D/AndroidRuntime( 4059): >>>>>> START com.android.internal.os.RuntimeInit uid 2000 <<<<<<
12-14 02:02:08.291 W/app_process( 4059): Unexpected CPU variant for X86 using defaults: x86
12-14 02:02:08.334 I/OpenGLRenderer( 1627): Initialized EGL, version 1.4
12-14 02:02:08.334 D/OpenGLRenderer( 1627): Swap behavior 1
12-14 02:02:08.335 W/OpenGLRenderer( 1627): Failed to choose config with EGL_SWAP_BEHAVIOR_PRESERVED, retrying without...
12-14 02:02:08.335 D/OpenGLRenderer( 1627): Swap behavior 0
12-14 02:02:08.342 D/EGL_emulation( 1627): eglCreateContext: 0xa50fde00: maj 3 min 0 rcv 3
12-14 02:02:08.346 D/EGL_emulation( 1627): eglMakeCurrent: 0xa50fde00: ver 3 0 (tinfo 0x91453590)
12-14 02:02:08.348 E/eglCodecCommon( 1627): glUtilsParamSize: unknow param 0x00008cdf
12-14 02:02:08.349 E/eglCodecCommon( 1627): glUtilsParamSize: unknow param 0x00008cdf
12-14 02:02:08.349 E/eglCodecCommon( 1627): glUtilsParamSize: unknow param 0x00008824
12-14 02:02:08.349 D/AndroidRuntime( 4059): Calling main entry com.android.commands.am.Am
12-14 02:02:08.349 E/eglCodecCommon( 1627): glUtilsParamSize: unknow param 0x00008824
12-14 02:02:08.355 I/ActivityManager( 1627): Force stopping com.evancharlton.mileage appid=10322 user=0: start instr
12-14 02:02:08.355 I/ActivityManager( 1627): Killing 3993:com.evancharlton.mileage/u0a322 (adj 0): stop com.evancharlton.mileage
12-14 02:02:08.361 W/ActivityManager( 1627): Crash of app com.evancharlton.mileage running instrumentation ComponentInfo{com.evancharlton.mileage.test/sh.calaba.instrumentationbackend.CalabashInstrumentationTestRunner}
12-14 02:02:08.362 I/ActivityManager( 1627): Force stopping com.evancharlton.mileage appid=10322 user=0: finished inst
12-14 02:02:08.362 I/ActivityManager( 1627): Killing 3355:com.android.externalstorage/u0a8 (adj 906): empty #17
12-14 02:02:08.374 I/zygote  ( 4075): Not late-enabling -Xcheck:jni (already on)
12-14 02:02:08.379 I/ActivityManager( 1627): Start proc 4075:com.evancharlton.mileage/u0a322 for added application com.evancharlton.mileage
12-14 02:02:08.380 D/AndroidRuntime( 4059): Shutting down VM
12-14 02:02:08.394 W/zygote  ( 4075): Unexpected CPU variant for X86 using defaults: x86
12-14 02:02:08.421 W/ActivityManager( 1627): setHasOverlayUi called on unknown pid: 3993
12-14 02:02:08.423 E/adbd    ( 1382): failed to connect to socket 'tcp:7102': Connection refused
12-14 02:02:08.424 D/        ( 1627): HostConnection::get() New Host Connection established 0x9036c680, tid 1634
12-14 02:02:08.424 I/zygote  ( 1627): NativeAllocBackground concurrent copying GC freed 16015(1075KB) AllocSpace objects, 4(80KB) LOS objects, 37% free, 9MB/15MB, paused 1.692ms total 118.130ms
12-14 02:02:08.429 E/adbd    ( 1382): failed to connect to socket 'tcp:7102': Connection refused
12-14 02:02:08.449 W/zygote  ( 4075): Found duplicate classes, falling back to extracting from APK : /data/app/com.evancharlton.mileage.test-wXugl6aGP9Yz3T9BRLRTPg==/base.apk
12-14 02:02:08.450 W/zygote  ( 4075): NOTE: This wastes RAM and hurts startup performance.
12-14 02:02:08.450 W/zygote  ( 4075): Found duplicated class when checking oat files: 'Ljunit/runner/BaseTestRunner;' in /data/app/com.evancharlton.mileage.test-wXugl6aGP9Yz3T9BRLRTPg==/base.apk and /system/framework/android.test.runner.jar
12-14 02:02:08.450 W/zygote  ( 4075): 
12-14 02:02:08.508 W/System  ( 4075): ClassLoader referenced unknown path: 
12-14 02:02:08.523 I/System.out( 4075): Main activity name automatically set to: com.evancharlton.mileage.Mileage
12-14 02:02:08.524 I/System.out( 4075): Calabash did not load Mono. This is only a problem if you are trying to test a Mono application
12-14 02:02:08.525 I/calabash( 4075): Test server port: 7102
12-14 02:02:08.526 I/InstrumentationBackend( 4075): Added:'GetPreferences', with key:'get_preferences'
12-14 02:02:08.546 E/adbd    ( 1382): failed to connect to socket 'tcp:7102': Connection refused
12-14 02:02:08.549 E/adbd    ( 1382): failed to connect to socket 'tcp:7102': Connection refused
12-14 02:02:08.604 I/InstrumentationBackend( 4075): Added:'SetPreferences', with key:'set_preferences'
12-14 02:02:08.604 I/InstrumentationBackend( 4075): Added:'ClearPreferences', with key:'clear_preferences'
12-14 02:02:08.604 I/InstrumentationBackend( 4075): Added:'PressElement', with key:'press_l10n_element'
12-14 02:02:08.605 I/InstrumentationBackend( 4075): Added:'WaitForElement', with key:'wait_for_l10n_element'
12-14 02:02:08.605 I/InstrumentationBackend( 4075): Added:'NullAction', with key:'nullAction'
12-14 02:02:08.606 I/InstrumentationBackend( 4075): Added:'PressKey', with key:'press_key'
12-14 02:02:08.606 I/InstrumentationBackend( 4075): Added:'SetActivityOrientation', with key:'set_activity_orientation'
12-14 02:02:08.607 I/InstrumentationBackend( 4075): Added:'GetActivityOrientation', with key:'get_activity_orientation'
12-14 02:02:08.607 I/InstrumentationBackend( 4075): Added:'FakeGPSLocation', with key:'set_gps_coordinates'
12-14 02:02:08.608 I/InstrumentationBackend( 4075): Added:'SetPropertyByCssSelector', with key:'set_property_by_css_selector'
12-14 02:02:08.609 I/InstrumentationBackend( 4075): Added:'GetUrl', with key:'get_url'
12-14 02:02:08.612 I/InstrumentationBackend( 4075): Added:'ScrollTo', with key:'scroll_to'
12-14 02:02:08.612 I/InstrumentationBackend( 4075): Added:'GetLoadProgress', with key:'get_load_progress'
12-14 02:02:08.613 I/InstrumentationBackend( 4075): Added:'DumpHtml', with key:'dump_html'
12-14 02:02:08.613 I/InstrumentationBackend( 4075): Added:'DumpBodyHtml', with key:'dump_body_html'
12-14 02:02:08.614 I/InstrumentationBackend( 4075): Added:'EnterTextByCssSelector', with key:'enter_text_by_selector'
12-14 02:02:08.619 I/InstrumentationBackend( 4075): Added:'AndroidSDKVersion', with key:'android_sdk_version'
12-14 02:02:08.619 I/InstrumentationBackend( 4075): Added:'Version', with key:'version'
12-14 02:02:08.619 I/InstrumentationBackend( 4075): Added:'Drag', with key:'drag'
12-14 02:02:08.620 I/InstrumentationBackend( 4075): Added:'TouchCoordinates', with key:'touch_coordinate'
12-14 02:02:08.620 I/InstrumentationBackend( 4075): Added:'LongPressCoordinate', with key:'long_press_coordinate'
12-14 02:02:08.620 I/InstrumentationBackend( 4075): Added:'DragCoordinates', with key:'drag_coordinates'
12-14 02:02:08.621 I/InstrumentationBackend( 4075): Added:'ResumeApplication', with key:'resume_application'
12-14 02:02:08.621 I/InstrumentationBackend( 4075): Added:'Swipe', with key:'swipe'
12-14 02:02:08.622 I/InstrumentationBackend( 4075): Added:'DoubleTapCoordinate', with key:'double_tap_coordinate'
12-14 02:02:08.622 I/InstrumentationBackend( 4075): Added:'ClickOnScreen', with key:'click_on_screen'
12-14 02:02:08.623 I/InstrumentationBackend( 4075): Added:'GetActivityName', with key:'get_activity_name'
12-14 02:02:08.623 I/InstrumentationBackend( 4075): Added:'ScrollToView', with key:'scroll_to_view'
12-14 02:02:08.624 I/InstrumentationBackend( 4075): Added:'ViewConfiguration', with key:'view_configuration'
12-14 02:02:08.624 I/InstrumentationBackend( 4075): Added:'IsCurrentActivityFocused', with key:'is_current_activity_focused'
12-14 02:02:08.624 I/InstrumentationBackend( 4075): Added:'SendTcp', with key:'send_tcp'
12-14 02:02:08.625 I/InstrumentationBackend( 4075): Added:'DpToDevicePixel', with key:'dp_to_device_pixel'
12-14 02:02:08.627 I/InstrumentationBackend( 4075): Added:'KeyboardEnterText', with key:'keyboard_enter_text'
12-14 02:02:08.628 I/InstrumentationBackend( 4075): Added:'DeleteSurroundingText', with key:'delete_surrounding_text'
12-14 02:02:08.628 I/InstrumentationBackend( 4075): Added:'SetComposingRegion', with key:'set_composing_region'
12-14 02:02:08.628 I/InstrumentationBackend( 4075): Added:'SetSelection', with key:'set_selection'
12-14 02:02:08.629 I/InstrumentationBackend( 4075): Added:'KeyboardKeyEvent', with key:'keyboard_key_event'
12-14 02:02:08.629 I/InstrumentationBackend( 4075): Added:'PressUserActionButton', with key:'press_user_action_button'
12-14 02:02:08.630 I/InstrumentationBackend( 4075): Added:'HideSoftKeyboard', with key:'hide_soft_keyboard'
12-14 02:02:08.632 I/InstrumentationBackend( 4075): Added:'ListActions', with key:'list_actions'
12-14 02:02:08.632 I/calabash( 4075): Instantiating http server at 7102
12-14 02:02:08.633 I/System.out( 4075): HTTP Daemon listening on: 7102
12-14 02:02:08.668 I/System.out( 4075): URI: //ping
12-14 02:02:08.668 I/System.out( 4075): params: {json={}
12-14 02:02:08.668 I/System.out( 4075): }
12-14 02:02:08.682 I/System.out( 4075): URI: //ping
12-14 02:02:08.682 I/System.out( 4075): params: {json={}
12-14 02:02:08.682 I/System.out( 4075): }
12-14 02:02:08.689 I/System.out( 4075): URI: //ready
12-14 02:02:08.689 I/System.out( 4075): params: {json={}
12-14 02:02:08.689 I/System.out( 4075): }
12-14 02:02:08.697 I/System.out( 4075): URI: //
12-14 02:02:08.697 I/System.out( 4075): params: {json={"command":"version","arguments":[]}
12-14 02:02:08.697 I/System.out( 4075): }
12-14 02:02:08.697 I/System.out( 4075): header: {content-type=application/json;charset=utf-8, date=Mon, 14 Dec 2020 07:02:08 GMT, accept=*/*, host=127.0.0.1:34777, content-length=36, user-agent=HTTPClient/1.0 (2.8.3, ruby 2.5.8 (2020-03-31))}
12-14 02:02:08.697 I/System.out( 4075): params: {json={"command":"version","arguments":[]}
12-14 02:02:08.697 I/System.out( 4075): }
12-14 02:02:08.697 I/System.out( 4075): ProP json = {"command":"version","arguments":[]}
12-14 02:02:08.697 I/System.out( 4075): files: {}
12-14 02:02:08.697 I/System.out( 4075): command: {"command":"version","arguments":[]}
12-14 02:02:08.730 I/InstrumentationBackend( 4075): Got command:'Command:'Line:null,version', arguments:'[]'
12-14 02:02:08.771 I/System.out( 4075): result:{"bonusInformation":[],"message":"0.9.8","success":true}
12-14 02:02:08.778 I/System.out( 4075): URI: //start-application
12-14 02:02:08.779 I/System.out( 4075): params: {json={"intent":null}
12-14 02:02:08.779 I/System.out( 4075): }
12-14 02:02:08.827 I/ActivityManager( 1627): START u0 {act=android.intent.action.MAIN cat=[android.intent.category.LAUNCHER] flg=0x10200000 cmp=com.evancharlton.mileage/.Mileage} from uid 10322
12-14 02:02:08.846 I/calabash( 4075): newActivity1
12-14 02:02:08.850 E/memtrack( 1627): Couldn't load memtrack module
12-14 02:02:08.850 W/android.os.Debug( 1627): failed to get memory consumption info: -1
12-14 02:02:08.862 D/gralloc_ranchu( 1395): gralloc_alloc: Creating ashmem region of size 7753728
12-14 02:02:08.918 W/ActivityManager( 1627): Bad activity token: android.os.BinderProxy@985a693
12-14 02:02:08.918 W/ActivityManager( 1627): java.lang.ClassCastException: android.os.BinderProxy cannot be cast to com.android.server.am.ActivityRecord$Token
12-14 02:02:08.918 W/ActivityManager( 1627): 	at com.android.server.am.ActivityRecord.forTokenLocked(ActivityRecord.java:778)
12-14 02:02:08.918 W/ActivityManager( 1627): 	at com.android.server.am.ActivityRecord.isInStackLocked(ActivityRecord.java:2085)
12-14 02:02:08.918 W/ActivityManager( 1627): 	at com.android.server.am.ActivityRecord.getStackLocked(ActivityRecord.java:2090)
12-14 02:02:08.918 W/ActivityManager( 1627): 	at com.android.server.am.ActivityManagerService.getActivityDisplayId(ActivityManagerService.java:10406)
12-14 02:02:08.918 W/ActivityManager( 1627): 	at android.app.IActivityManager$Stub.onTransact(IActivityManager.java:2738)
12-14 02:02:08.918 W/ActivityManager( 1627): 	at com.android.server.am.ActivityManagerService.onTransact(ActivityManagerService.java:2935)
12-14 02:02:08.918 W/ActivityManager( 1627): 	at android.os.Binder.execTransact(Binder.java:674)
12-14 02:02:08.919 I/calabash( 4075): newActivity1
12-14 02:02:08.933 W/ActivityManager( 1627): Bad activity token: android.os.BinderProxy@985a693
12-14 02:02:08.933 W/ActivityManager( 1627): java.lang.ClassCastException: android.os.BinderProxy cannot be cast to com.android.server.am.ActivityRecord$Token
12-14 02:02:08.933 W/ActivityManager( 1627): 	at com.android.server.am.ActivityRecord.forTokenLocked(ActivityRecord.java:778)
12-14 02:02:08.933 W/ActivityManager( 1627): 	at com.android.server.am.ActivityRecord.isInStackLocked(ActivityRecord.java:2085)
12-14 02:02:08.933 W/ActivityManager( 1627): 	at com.android.server.am.ActivityManagerService.setTaskDescription(ActivityManagerService.java:9988)
12-14 02:02:08.933 W/ActivityManager( 1627): 	at android.app.IActivityManager$Stub.onTransact(IActivityManager.java:2824)
12-14 02:02:08.933 W/ActivityManager( 1627): 	at com.android.server.am.ActivityManagerService.onTransact(ActivityManagerService.java:2935)
12-14 02:02:08.933 W/ActivityManager( 1627): 	at android.os.Binder.execTransact(Binder.java:674)
12-14 02:02:08.935 W/ActivityManager( 1627): Bad activity token: android.os.BinderProxy@985a693
12-14 02:02:08.935 W/ActivityManager( 1627): java.lang.ClassCastException: android.os.BinderProxy cannot be cast to com.android.server.am.ActivityRecord$Token
12-14 02:02:08.935 W/ActivityManager( 1627): 	at com.android.server.am.ActivityRecord.forTokenLocked(ActivityRecord.java:778)
12-14 02:02:08.935 W/ActivityManager( 1627): 	at com.android.server.am.ActivityRecord.isInStackLocked(ActivityRecord.java:2085)
12-14 02:02:08.935 W/ActivityManager( 1627): 	at com.android.server.am.ActivityRecord.getStackLocked(ActivityRecord.java:2090)
12-14 02:02:08.935 W/ActivityManager( 1627): 	at com.android.server.am.ActivityManagerService.getActivityStackId(ActivityManagerService.java:10417)
12-14 02:02:08.935 W/ActivityManager( 1627): 	at android.app.IActivityManager$Stub.onTransact(IActivityManager.java:3548)
12-14 02:02:08.935 W/ActivityManager( 1627): 	at com.android.server.am.ActivityManagerService.onTransact(ActivityManagerService.java:2935)
12-14 02:02:08.935 W/ActivityManager( 1627): 	at android.os.Binder.execTransact(Binder.java:674)
12-14 02:02:08.964 D/EGL_emulation( 2145): eglMakeCurrent: 0xa547cde0: ver 3 0 (tinfo 0xa547fb30)
12-14 02:02:08.973 E/ContentStoreEUAS( 2177): Failed to commit the deferred actions
12-14 02:02:08.974 D/EGL_emulation( 1725): eglMakeCurrent: 0xa34b4520: ver 3 0 (tinfo 0xa34feb70)
12-14 02:02:08.980 V/StatusBar( 1725): setLightsOn(true)
12-14 02:02:08.984 D/EGL_emulation( 2177): eglMakeCurrent: 0xa547de60: ver 3 0 (tinfo 0xa547f390)
12-14 02:02:08.989 D/EGL_emulation( 1725): eglMakeCurrent: 0xa34b4520: ver 3 0 (tinfo 0xa34feb70)
12-14 02:02:09.035 I/chatty  ( 1725): uid=10028(u0_a28) RenderThread identical 4 lines
12-14 02:02:09.039 D/EGL_emulation( 1725): eglMakeCurrent: 0xa34b4520: ver 3 0 (tinfo 0xa34feb70)
12-14 02:02:09.040 V/StatusBar( 1725): setLightsOn(true)
12-14 02:02:09.053 D/EGL_emulation( 1725): eglMakeCurrent: 0xa34b4520: ver 3 0 (tinfo 0xa34feb70)
12-14 02:02:09.120 W/ActivityManager( 1627): Bad activity token: android.os.BinderProxy@985a693
12-14 02:02:09.120 W/ActivityManager( 1627): java.lang.ClassCastException: android.os.BinderProxy cannot be cast to com.android.server.am.ActivityRecord$Token
12-14 02:02:09.120 W/ActivityManager( 1627): 	at com.android.server.am.ActivityRecord.forTokenLocked(ActivityRecord.java:778)
12-14 02:02:09.120 W/ActivityManager( 1627): 	at com.android.server.am.ActivityRecord.isInStackLocked(ActivityRecord.java:2085)
12-14 02:02:09.120 W/ActivityManager( 1627): 	at com.android.server.am.ActivityManagerService.getActivityOptions(ActivityManagerService.java:13302)
12-14 02:02:09.120 W/ActivityManager( 1627): 	at android.app.IActivityManager$Stub.onTransact(IActivityManager.java:2910)
12-14 02:02:09.120 W/ActivityManager( 1627): 	at com.android.server.am.ActivityManagerService.onTransact(ActivityManagerService.java:2935)
12-14 02:02:09.120 W/ActivityManager( 1627): 	at android.os.Binder.execTransact(Binder.java:674)
12-14 02:02:09.121 W/ActivityManager( 1627): Bad activity token: android.os.BinderProxy@985a693
12-14 02:02:09.121 W/ActivityManager( 1627): java.lang.ClassCastException: android.os.BinderProxy cannot be cast to com.android.server.am.ActivityRecord$Token
12-14 02:02:09.121 W/ActivityManager( 1627): 	at com.android.server.am.ActivityRecord.forTokenLocked(ActivityRecord.java:778)
12-14 02:02:09.121 W/ActivityManager( 1627): 	at com.android.server.am.ActivityRecord.isInStackLocked(ActivityRecord.java:2085)
12-14 02:02:09.121 W/ActivityManager( 1627): 	at com.android.server.am.ActivityManagerService.getActivityOptions(ActivityManagerService.java:13302)
12-14 02:02:09.121 W/ActivityManager( 1627): 	at android.app.IActivityManager$Stub.onTransact(IActivityManager.java:2910)
12-14 02:02:09.121 W/ActivityManager( 1627): 	at com.android.server.am.ActivityManagerService.onTransact(ActivityManagerService.java:2935)
12-14 02:02:09.121 W/ActivityManager( 1627): 	at android.os.Binder.execTransact(Binder.java:674)
12-14 02:02:09.169 I/chatty  ( 1725): uid=10028(u0_a28) RenderThread identical 13 lines
12-14 02:02:09.185 D/EGL_emulation( 1725): eglMakeCurrent: 0xa34b4520: ver 3 0 (tinfo 0xa34feb70)
12-14 02:02:09.237 V/StatusBar( 1725): setLightsOn(true)
12-14 02:02:09.305 I/chatty  ( 1725): uid=10028(u0_a28) com.android.systemui identical 2 lines
12-14 02:02:09.311 V/StatusBar( 1725): setLightsOn(true)
12-14 02:02:09.316 I/zygote  ( 4075): Do partial code cache collection, code=28KB, data=30KB
12-14 02:02:09.317 I/zygote  ( 4075): After code cache collection, code=28KB, data=30KB
12-14 02:02:09.317 I/zygote  ( 4075): Increasing code cache capacity to 128KB
12-14 02:02:09.318 I/zygote  ( 4075): Do partial code cache collection, code=28KB, data=48KB
12-14 02:02:09.318 I/zygote  ( 4075): After code cache collection, code=28KB, data=48KB
12-14 02:02:09.318 I/zygote  ( 4075): Increasing code cache capacity to 256KB
12-14 02:02:09.322 I/zygote  ( 4075): JIT allocated 71KB for compiled code of void android.widget.TextView.<init>(android.content.Context, android.util.AttributeSet, int, int)
12-14 02:02:09.323 I/zygote  ( 4075): Compiler allocated 4MB to compile void android.widget.TextView.<init>(android.content.Context, android.util.AttributeSet, int, int)
12-14 02:02:09.371 D/gralloc_ranchu( 1395): gralloc_alloc: Creating ashmem region of size 7753728
12-14 02:02:09.381 V/StatusBar( 1725): setLightsOn(true)
12-14 02:02:09.398 D/        ( 4075): HostConnection::get() New Host Connection established 0xa5130d00, tid 4075
12-14 02:02:09.455 V/StatusBar( 1725): setLightsOn(true)
12-14 02:02:09.459 V/StatusBar( 1725): setLightsOn(true)
12-14 02:02:09.462 I/ActivityManager( 1627): Displayed com.evancharlton.mileage/.Mileage: +622ms
12-14 02:02:09.465 V/StatusBar( 1725): setLightsOn(true)
12-14 02:02:09.478 V/StatusBar( 1725): setLightsOn(true)
12-14 02:02:09.506 D/gralloc_ranchu( 1395): gralloc_alloc: Creating ashmem region of size 7753728
12-14 02:02:09.615 W/audio_hw_generic( 1389): Not supplying enough data to HAL, expected position 556934 , only wrote 357120
12-14 02:02:09.664 V/StatusBar( 1725): setLightsOn(true)
12-14 02:02:09.668 I/zygote  ( 4075): Do full code cache collection, code=125KB, data=71KB
12-14 02:02:09.670 I/zygote  ( 4075): After code cache collection, code=108KB, data=44KB
12-14 02:02:09.700 V/StatusBar( 1725): setLightsOn(true)
12-14 02:02:09.702 V/StatusBar( 1725): setLightsOn(true)
12-14 02:02:09.708 W/SurfaceFlinger( 1404): couldn't log to binary event log: overflow.
12-14 02:02:09.715 V/StatusBar( 1725): setLightsOn(true)
12-14 02:02:09.725 I/ContentMaintenance( 2236): Internal cache bytes used: 0; limit: 100000000; download size: 0
12-14 02:02:09.735 I/RealtimeCacheCleanup( 2236): Beginning Realtime garbage collection.
12-14 02:02:09.736 I/RealtimeCacheCleanup( 2236): Finished Realtime garbage collection.
12-14 02:02:09.793 I/PBSessionCacheImpl( 2177): Deleted sessionId[7987538594609] from persistence.
