12-13 23:37:59.197 I/chatty  ( 1626): uid=1000(system) RenderThread identical 12 lines
12-13 23:37:59.197 E/OpenGLRenderer( 1626): GL error:  GL_INVALID_OPERATION
12-13 23:37:59.197 I/calabash( 4567): newActivity1
12-13 23:37:59.197 E/OpenGLRenderer( 1626): GL error:  GL_INVALID_OPERATION
12-13 23:37:59.223 I/chatty  ( 1626): uid=1000(system) RenderThread identical 82 lines
12-13 23:37:59.224 E/OpenGLRenderer( 1626): GL error:  GL_INVALID_OPERATION
12-13 23:37:59.224 D/EGL_emulation( 1731): eglMakeCurrent: 0x94556400: ver 3 0 (tinfo 0x9450bcb0)
12-13 23:37:59.224 E/OpenGLRenderer( 1626): GL error:  GL_INVALID_OPERATION
12-13 23:37:59.230 W/ActivityManager( 1626): Bad activity token: android.os.BinderProxy@adeab73
12-13 23:37:59.230 W/ActivityManager( 1626): java.lang.ClassCastException: android.os.BinderProxy cannot be cast to com.android.server.am.ActivityRecord$Token
12-13 23:37:59.230 W/ActivityManager( 1626): 	at com.android.server.am.ActivityRecord.forTokenLocked(ActivityRecord.java:778)
12-13 23:37:59.230 W/ActivityManager( 1626): 	at com.android.server.am.ActivityRecord.isInStackLocked(ActivityRecord.java:2085)
12-13 23:37:59.230 W/ActivityManager( 1626): 	at com.android.server.am.ActivityManagerService.setTaskDescription(ActivityManagerService.java:9988)
12-13 23:37:59.230 W/ActivityManager( 1626): 	at android.app.IActivityManager$Stub.onTransact(IActivityManager.java:2824)
12-13 23:37:59.230 W/ActivityManager( 1626): 	at com.android.server.am.ActivityManagerService.onTransact(ActivityManagerService.java:2935)
12-13 23:37:59.230 W/ActivityManager( 1626): 	at android.os.Binder.execTransact(Binder.java:674)
12-13 23:37:59.234 W/ActivityManager( 1626): Bad activity token: android.os.BinderProxy@adeab73
12-13 23:37:59.234 W/ActivityManager( 1626): java.lang.ClassCastException: android.os.BinderProxy cannot be cast to com.android.server.am.ActivityRecord$Token
12-13 23:37:59.234 W/ActivityManager( 1626): 	at com.android.server.am.ActivityRecord.forTokenLocked(ActivityRecord.java:778)
12-13 23:37:59.234 W/ActivityManager( 1626): 	at com.android.server.am.ActivityRecord.isInStackLocked(ActivityRecord.java:2085)
12-13 23:37:59.234 W/ActivityManager( 1626): 	at com.android.server.am.ActivityRecord.getStackLocked(ActivityRecord.java:2090)
12-13 23:37:59.234 W/ActivityManager( 1626): 	at com.android.server.am.ActivityManagerService.getActivityStackId(ActivityManagerService.java:10417)
12-13 23:37:59.234 W/ActivityManager( 1626): 	at android.app.IActivityManager$Stub.onTransact(IActivityManager.java:3548)
12-13 23:37:59.234 W/ActivityManager( 1626): 	at com.android.server.am.ActivityManagerService.onTransact(ActivityManagerService.java:2935)
12-13 23:37:59.234 W/ActivityManager( 1626): 	at android.os.Binder.execTransact(Binder.java:674)
12-13 23:37:59.236 I/chatty  ( 1626): uid=1000(system) RenderThread identical 40 lines
12-13 23:37:59.237 E/OpenGLRenderer( 1626): GL error:  GL_INVALID_OPERATION
12-13 23:37:59.237 E/memtrack( 1626): Couldn't load memtrack module
12-13 23:37:59.237 W/android.os.Debug( 1626): failed to get memory consumption info: -1
12-13 23:37:59.237 E/OpenGLRenderer( 1626): GL error:  GL_INVALID_OPERATION
12-13 23:37:59.238 E/OpenGLRenderer( 1626): GL error:  GL_INVALID_OPERATION
12-13 23:37:59.238 E/OpenGLRenderer( 1626): GL error:  GL_INVALID_OPERATION
12-13 23:37:59.240 D/EGL_emulation( 1731): eglMakeCurrent: 0x94556400: ver 3 0 (tinfo 0x9450bcb0)
12-13 23:37:59.241 I/chatty  ( 1626): uid=1000(system) RenderThread expire 8 lines
12-13 23:37:59.241 E/OpenGLRenderer( 1626): GL error:  GL_INVALID_OPERATION
12-13 23:37:59.241 E/OpenGLRenderer( 1626): GL error:  GL_INVALID_OPERATION
12-13 23:37:59.246 I/chatty  ( 1626): uid=1000(system) RenderThread identical 12 lines
12-13 23:37:59.246 E/OpenGLRenderer( 1626): GL error:  GL_INVALID_OPERATION
12-13 23:37:59.246 E/ContentStoreEUAS( 2189): Failed to commit the deferred actions
12-13 23:37:59.246 E/OpenGLRenderer( 1626): GL error:  GL_INVALID_OPERATION
12-13 23:37:59.252 I/chatty  ( 1626): uid=1000(system) RenderThread identical 16 lines
12-13 23:37:59.252 E/OpenGLRenderer( 1626): GL error:  GL_INVALID_OPERATION
12-13 23:37:59.252 E/OpenGLRenderer( 1626): GL error:  GL_INVALID_OPERATION
12-13 23:37:59.253 V/StatusBar( 1731): setLightsOn(true)
12-13 23:37:59.274 I/chatty  ( 1626): uid=1000(system) RenderThread expire 63 lines
12-13 23:37:59.275 D/EGL_emulation( 1731): eglMakeCurrent: 0x94556400: ver 3 0 (tinfo 0x9450bcb0)
12-13 23:37:59.275 E/OpenGLRenderer( 1626): GL error:  GL_INVALID_OPERATION
12-13 23:37:59.275 E/OpenGLRenderer( 1626): GL error:  GL_INVALID_OPERATION
12-13 23:37:59.288 I/chatty  ( 1626): uid=1000(system) RenderThread identical 41 lines
12-13 23:37:59.289 E/OpenGLRenderer( 1626): GL error:  GL_INVALID_OPERATION
12-13 23:37:59.289 D/EGL_emulation( 1731): eglMakeCurrent: 0x94556400: ver 3 0 (tinfo 0x9450bcb0)
12-13 23:37:59.289 E/OpenGLRenderer( 1626): GL error:  GL_INVALID_OPERATION
12-13 23:37:59.319 I/chatty  ( 1626): uid=1000(system) RenderThread identical 100 lines
12-13 23:37:59.320 E/OpenGLRenderer( 1626): GL error:  GL_INVALID_OPERATION
12-13 23:37:59.320 D/EGL_emulation( 1731): eglMakeCurrent: 0x94556400: ver 3 0 (tinfo 0x9450bcb0)
12-13 23:37:59.321 E/OpenGLRenderer( 1626): GL error:  GL_INVALID_OPERATION
12-13 23:37:59.323 I/chatty  ( 1626): uid=1000(system) RenderThread identical 6 lines
12-13 23:37:59.324 E/OpenGLRenderer( 1626): GL error:  GL_INVALID_OPERATION
12-13 23:37:59.324 D/EGL_emulation( 1731): eglMakeCurrent: 0x94556400: ver 3 0 (tinfo 0x9450bcb0)
12-13 23:37:59.325 E/OpenGLRenderer( 1626): GL error:  GL_INVALID_OPERATION
12-13 23:37:59.328 I/chatty  ( 1626): uid=1000(system) RenderThread identical 4 lines
12-13 23:37:59.329 E/OpenGLRenderer( 1626): GL error:  GL_INVALID_OPERATION
12-13 23:37:59.329 D/EGL_emulation( 1731): eglMakeCurrent: 0x94556400: ver 3 0 (tinfo 0x9450bcb0)
12-13 23:37:59.329 E/OpenGLRenderer( 1626): GL error:  GL_INVALID_OPERATION
12-13 23:37:59.342 I/chatty  ( 1626): uid=1000(system) RenderThread identical 39 lines
12-13 23:37:59.344 E/OpenGLRenderer( 1626): GL error:  GL_INVALID_OPERATION
12-13 23:37:59.345 D/EGL_emulation( 1731): eglMakeCurrent: 0x94556400: ver 3 0 (tinfo 0x9450bcb0)
12-13 23:37:59.345 E/OpenGLRenderer( 1626): GL error:  GL_INVALID_OPERATION
12-13 23:37:59.348 I/chatty  ( 1626): uid=1000(system) RenderThread identical 8 lines
12-13 23:37:59.348 E/OpenGLRenderer( 1626): GL error:  GL_INVALID_OPERATION
12-13 23:37:59.348 D/EGL_emulation( 1731): eglMakeCurrent: 0x94556400: ver 3 0 (tinfo 0x9450bcb0)
12-13 23:37:59.348 E/OpenGLRenderer( 1626): GL error:  GL_INVALID_OPERATION
12-13 23:37:59.363 I/chatty  ( 1626): uid=1000(system) RenderThread identical 40 lines
12-13 23:37:59.363 E/OpenGLRenderer( 1626): GL error:  GL_INVALID_OPERATION
12-13 23:37:59.364 D/EGL_emulation( 1731): eglMakeCurrent: 0x94556400: ver 3 0 (tinfo 0x9450bcb0)
12-13 23:37:59.364 E/OpenGLRenderer( 1626): GL error:  GL_INVALID_OPERATION
12-13 23:37:59.367 I/chatty  ( 1626): uid=1000(system) RenderThread identical 7 lines
12-13 23:37:59.367 E/OpenGLRenderer( 1626): GL error:  GL_INVALID_OPERATION
12-13 23:37:59.368 D/EGL_emulation( 1731): eglMakeCurrent: 0x94556400: ver 3 0 (tinfo 0x9450bcb0)
12-13 23:37:59.368 E/OpenGLRenderer( 1626): GL error:  GL_INVALID_OPERATION
12-13 23:37:59.377 I/chatty  ( 1626): uid=1000(system) RenderThread identical 24 lines
12-13 23:37:59.377 E/OpenGLRenderer( 1626): GL error:  GL_INVALID_OPERATION
12-13 23:37:59.377 D/EGL_emulation( 1731): eglMakeCurrent: 0x94556400: ver 3 0 (tinfo 0x9450bcb0)
12-13 23:37:59.377 E/OpenGLRenderer( 1626): GL error:  GL_INVALID_OPERATION
12-13 23:37:59.384 I/chatty  ( 1626): uid=1000(system) RenderThread identical 20 lines
12-13 23:37:59.385 E/OpenGLRenderer( 1626): GL error:  GL_INVALID_OPERATION
12-13 23:37:59.385 D/EGL_emulation( 1731): eglMakeCurrent: 0x94556400: ver 3 0 (tinfo 0x9450bcb0)
12-13 23:37:59.385 E/OpenGLRenderer( 1626): GL error:  GL_INVALID_OPERATION
12-13 23:37:59.449 W/ActivityManager( 1626): Bad activity token: android.os.BinderProxy@adeab73
12-13 23:37:59.449 W/ActivityManager( 1626): java.lang.ClassCastException: android.os.BinderProxy cannot be cast to com.android.server.am.ActivityRecord$Token
12-13 23:37:59.449 W/ActivityManager( 1626): 	at com.android.server.am.ActivityRecord.forTokenLocked(ActivityRecord.java:778)
12-13 23:37:59.449 W/ActivityManager( 1626): 	at com.android.server.am.ActivityRecord.isInStackLocked(ActivityRecord.java:2085)
12-13 23:37:59.449 W/ActivityManager( 1626): 	at com.android.server.am.ActivityManagerService.getActivityOptions(ActivityManagerService.java:13302)
12-13 23:37:59.449 W/ActivityManager( 1626): 	at android.app.IActivityManager$Stub.onTransact(IActivityManager.java:2910)
12-13 23:37:59.449 W/ActivityManager( 1626): 	at com.android.server.am.ActivityManagerService.onTransact(ActivityManagerService.java:2935)
12-13 23:37:59.449 W/ActivityManager( 1626): 	at android.os.Binder.execTransact(Binder.java:674)
12-13 23:37:59.451 W/ActivityManager( 1626): Bad activity token: android.os.BinderProxy@adeab73
12-13 23:37:59.451 W/ActivityManager( 1626): java.lang.ClassCastException: android.os.BinderProxy cannot be cast to com.android.server.am.ActivityRecord$Token
12-13 23:37:59.451 W/ActivityManager( 1626): 	at com.android.server.am.ActivityRecord.forTokenLocked(ActivityRecord.java:778)
12-13 23:37:59.451 W/ActivityManager( 1626): 	at com.android.server.am.ActivityRecord.isInStackLocked(ActivityRecord.java:2085)
12-13 23:37:59.451 W/ActivityManager( 1626): 	at com.android.server.am.ActivityManagerService.getActivityOptions(ActivityManagerService.java:13302)
12-13 23:37:59.451 W/ActivityManager( 1626): 	at android.app.IActivityManager$Stub.onTransact(IActivityManager.java:2910)
12-13 23:37:59.451 W/ActivityManager( 1626): 	at com.android.server.am.ActivityManagerService.onTransact(ActivityManagerService.java:2935)
12-13 23:37:59.451 W/ActivityManager( 1626): 	at android.os.Binder.execTransact(Binder.java:674)
12-13 23:37:59.574 I/chatty  ( 1626): uid=1000(system) RenderThread identical 559 lines
12-13 23:37:59.575 E/OpenGLRenderer( 1626): GL error:  GL_INVALID_OPERATION
12-13 23:37:59.575 V/StatusBar( 1731): setLightsOn(true)
12-13 23:37:59.575 E/OpenGLRenderer( 1626): GL error:  GL_INVALID_OPERATION
12-13 23:37:59.592 I/chatty  ( 1626): uid=1000(system) RenderThread identical 48 lines
12-13 23:37:59.593 E/OpenGLRenderer( 1626): GL error:  GL_INVALID_OPERATION
12-13 23:37:59.593 V/StatusBar( 1731): setLightsOn(true)
12-13 23:37:59.593 E/OpenGLRenderer( 1626): GL error:  GL_INVALID_OPERATION
12-13 23:37:59.661 I/chatty  ( 1626): uid=1000(system) RenderThread identical 225 lines
12-13 23:37:59.661 E/OpenGLRenderer( 1626): GL error:  GL_INVALID_OPERATION
12-13 23:37:59.662 V/StatusBar( 1731): setLightsOn(true)
12-13 23:37:59.662 E/OpenGLRenderer( 1626): GL error:  GL_INVALID_OPERATION
12-13 23:37:59.663 I/chatty  ( 1626): uid=1000(system) RenderThread identical 1 line
12-13 23:37:59.664 E/OpenGLRenderer( 1626): GL error:  GL_INVALID_OPERATION
12-13 23:37:59.664 V/StatusBar( 1731): setLightsOn(true)
12-13 23:37:59.665 E/OpenGLRenderer( 1626): GL error:  GL_INVALID_OPERATION
12-13 23:37:59.713 I/chatty  ( 1626): uid=1000(system) RenderThread identical 165 lines
12-13 23:37:59.713 E/OpenGLRenderer( 1626): GL error:  GL_INVALID_OPERATION
12-13 23:37:59.713 I/zygote  ( 4567): Do partial code cache collection, code=29KB, data=30KB
12-13 23:37:59.713 E/OpenGLRenderer( 1626): GL error:  GL_INVALID_OPERATION
12-13 23:37:59.714 I/chatty  ( 1626): uid=1000(system) RenderThread identical 3 lines
12-13 23:37:59.715 E/OpenGLRenderer( 1626): GL error:  GL_INVALID_OPERATION
12-13 23:37:59.715 I/zygote  ( 4567): After code cache collection, code=29KB, data=30KB
12-13 23:37:59.715 I/zygote  ( 4567): Increasing code cache capacity to 128KB
12-13 23:37:59.715 E/OpenGLRenderer( 1626): GL error:  GL_INVALID_OPERATION
12-13 23:37:59.715 E/OpenGLRenderer( 1626): GL error:  GL_INVALID_OPERATION
12-13 23:37:59.726 I/chatty  ( 1626): uid=1000(system) RenderThread identical 29 lines
12-13 23:37:59.726 E/OpenGLRenderer( 1626): GL error:  GL_INVALID_OPERATION
12-13 23:37:59.727 I/zygote  ( 4567): Do partial code cache collection, code=29KB, data=48KB
12-13 23:37:59.727 E/OpenGLRenderer( 1626): GL error:  GL_INVALID_OPERATION
12-13 23:37:59.732 I/chatty  ( 1626): uid=1000(system) RenderThread identical 22 lines
12-13 23:37:59.732 E/OpenGLRenderer( 1626): GL error:  GL_INVALID_OPERATION
12-13 23:37:59.733 I/zygote  ( 4567): After code cache collection, code=29KB, data=48KB
12-13 23:37:59.733 E/OpenGLRenderer( 1626): GL error:  GL_INVALID_OPERATION
12-13 23:37:59.734 I/chatty  ( 1626): uid=1000(system) RenderThread identical 4 lines
12-13 23:37:59.734 E/OpenGLRenderer( 1626): GL error:  GL_INVALID_OPERATION
12-13 23:37:59.734 D/gralloc_ranchu( 1390): gralloc_alloc: Creating ashmem region of size 7753728
12-13 23:37:59.734 E/OpenGLRenderer( 1626): GL error:  GL_INVALID_OPERATION
12-13 23:37:59.735 I/chatty  ( 1626): uid=1000(system) RenderThread identical 1 line
12-13 23:37:59.735 E/OpenGLRenderer( 1626): GL error:  GL_INVALID_OPERATION
12-13 23:37:59.735 I/zygote  ( 4567): Increasing code cache capacity to 256KB
12-13 23:37:59.735 E/OpenGLRenderer( 1626): GL error:  GL_INVALID_OPERATION
12-13 23:37:59.735 E/OpenGLRenderer( 1626): GL error:  GL_INVALID_OPERATION
12-13 23:37:59.736 I/zygote  ( 4567): JIT allocated 71KB for compiled code of void android.widget.TextView.<init>(android.content.Context, android.util.AttributeSet, int, int)
12-13 23:37:59.736 I/zygote  ( 4567): Compiler allocated 4MB to compile void android.widget.TextView.<init>(android.content.Context, android.util.AttributeSet, int, int)
12-13 23:37:59.736 E/OpenGLRenderer( 1626): GL error:  GL_INVALID_OPERATION
12-13 23:37:59.762 I/chatty  ( 1626): uid=1000(system) RenderThread identical 68 lines
12-13 23:37:59.763 E/OpenGLRenderer( 1626): GL error:  GL_INVALID_OPERATION
12-13 23:37:59.763 D/        ( 4567): HostConnection::get() New Host Connection established 0xa56b0c40, tid 4567
12-13 23:37:59.763 E/OpenGLRenderer( 1626): GL error:  GL_INVALID_OPERATION
12-13 23:37:59.835 I/chatty  ( 1626): uid=1000(system) RenderThread identical 214 lines
12-13 23:37:59.835 E/OpenGLRenderer( 1626): GL error:  GL_INVALID_OPERATION
12-13 23:37:59.837 V/StatusBar( 1731): setLightsOn(true)
12-13 23:37:59.837 V/StatusBar( 1731): setLightsOn(true)
12-13 23:37:59.837 E/OpenGLRenderer( 1626): GL error:  GL_INVALID_OPERATION
12-13 23:37:59.843 I/chatty  ( 1626): uid=1000(system) RenderThread identical 16 lines
12-13 23:37:59.843 E/OpenGLRenderer( 1626): GL error:  GL_INVALID_OPERATION
12-13 23:37:59.844 I/ActivityManager( 1626): Displayed com.evancharlton.mileage/.Mileage: +758ms
12-13 23:37:59.845 V/StatusBar( 1731): setLightsOn(true)
12-13 23:37:59.845 E/OpenGLRenderer( 1626): GL error:  GL_INVALID_OPERATION
12-13 23:37:59.846 E/OpenGLRenderer( 1626): GL error:  GL_INVALID_OPERATION
12-13 23:37:59.846 V/StatusBar( 1731): setLightsOn(true)
12-13 23:37:59.847 E/OpenGLRenderer( 1626): GL error:  GL_INVALID_OPERATION
12-13 23:37:59.878 I/chatty  ( 1626): uid=1000(system) RenderThread identical 86 lines
12-13 23:37:59.878 E/OpenGLRenderer( 1626): GL error:  GL_INVALID_OPERATION
12-13 23:37:59.879 D/gralloc_ranchu( 1390): gralloc_alloc: Creating ashmem region of size 7753728
12-13 23:37:59.879 E/OpenGLRenderer( 1626): GL error:  GL_INVALID_OPERATION
12-13 23:37:59.889 I/chatty  ( 1626): uid=1000(system) RenderThread identical 18 lines
12-13 23:37:59.890 E/OpenGLRenderer( 1626): GL error:  GL_INVALID_OPERATION
12-13 23:37:59.891 V/StatusBar( 1731): setLightsOn(true)
12-13 23:37:59.891 E/OpenGLRenderer( 1626): GL error:  GL_INVALID_OPERATION
12-13 23:37:59.893 E/OpenGLRenderer( 1626): GL error:  GL_INVALID_OPERATION
12-13 23:37:59.893 V/StatusBar( 1731): setLightsOn(true)
12-13 23:37:59.893 E/OpenGLRenderer( 1626): GL error:  GL_INVALID_OPERATION
12-13 23:37:59.908 I/chatty  ( 1626): uid=1000(system) RenderThread identical 26 lines
12-13 23:37:59.909 E/OpenGLRenderer( 1626): GL error:  GL_INVALID_OPERATION
12-13 23:37:59.912 V/StatusBar( 1731): setLightsOn(true)
12-13 23:37:59.912 E/OpenGLRenderer( 1626): GL error:  GL_INVALID_OPERATION
12-13 23:38:00.003 I/chatty  ( 1626): uid=1000(system) RenderThread identical 202 lines
12-13 23:38:00.003 E/OpenGLRenderer( 1626): GL error:  GL_INVALID_OPERATION
12-13 23:38:00.004 W/SurfaceFlinger( 1405): couldn't log to binary event log: overflow.
12-13 23:38:00.007 E/OpenGLRenderer( 1626): GL error:  GL_INVALID_OPERATION
12-13 23:38:00.049 V/StatusBar( 1731): setLightsOn(true)
12-13 23:38:00.049 I/chatty  ( 1626): uid=1000(system) RenderThread expire 98 lines
12-13 23:38:00.050 E/OpenGLRenderer( 1626): GL error:  GL_INVALID_OPERATION
12-13 23:38:00.050 E/OpenGLRenderer( 1626): GL error:  GL_INVALID_OPERATION
12-13 23:38:00.081 I/chatty  ( 1626): uid=1000(system) RenderThread identical 107 lines
12-13 23:38:00.081 E/OpenGLRenderer( 1626): GL error:  GL_INVALID_OPERATION
12-13 23:38:00.082 I/PBSessionCacheImpl( 2189): Deleted sessionId[2971016706422] from persistence.
12-13 23:38:00.083 E/OpenGLRenderer( 1626): GL error:  GL_INVALID_OPERATION
12-13 23:38:00.116 I/chatty  ( 1626): uid=1000(system) RenderThread identical 87 lines
12-13 23:38:00.116 E/OpenGLRenderer( 1626): GL error:  GL_INVALID_OPERATION
12-13 23:38:00.116 W/SearchService( 2189): Abort, client detached.
12-13 23:38:00.118 E/OpenGLRenderer( 1626): GL error:  GL_INVALID_OPERATION
12-13 23:38:00.209 I/chatty  ( 1626): uid=1000(system) RenderThread identical 338 lines
12-13 23:38:00.209 E/OpenGLRenderer( 1626): GL error:  GL_INVALID_OPERATION
12-13 23:38:00.209 I/System.out( 4567): URI: //gesture
12-13 23:38:00.210 I/System.out( 4567): params: {json={"query_timeout":5.0,"gestures":[{"query_string":"android.widget.TabWidget descendant TextView index:1","touches":[{"x":50,"y":50,"offset_x":0,"offset_y":0,"wait":0.0,"time":0.2,"release":true,"query_string":null}]}]}
12-13 23:38:00.210 I/System.out( 4567): }
12-13 23:38:00.210 E/OpenGLRenderer( 1626): GL error:  GL_INVALID_OPERATION
12-13 23:38:00.340 I/chatty  ( 1626): uid=1000(system) RenderThread identical 420 lines
12-13 23:38:00.341 E/OpenGLRenderer( 1626): GL error:  GL_INVALID_OPERATION
12-13 23:38:00.341 I/zygote  ( 4567): Do full code cache collection, code=125KB, data=75KB
12-13 23:38:00.341 E/OpenGLRenderer( 1626): GL error:  GL_INVALID_OPERATION
12-13 23:38:00.342 I/chatty  ( 1626): uid=1000(system) RenderThread identical 2 lines
12-13 23:38:00.342 E/OpenGLRenderer( 1626): GL error:  GL_INVALID_OPERATION
12-13 23:38:00.343 I/zygote  ( 4567): After code cache collection, code=113KB, data=48KB
12-13 23:38:00.343 E/OpenGLRenderer( 1626): GL error:  GL_INVALID_OPERATION
12-13 23:38:00.607 I/chatty  ( 1626): uid=1000(system) RenderThread identical 786 lines
12-13 23:38:00.607 E/OpenGLRenderer( 1626): GL error:  GL_INVALID_OPERATION
12-13 23:38:00.608 W/audio_hw_generic( 1373): Not supplying enough data to HAL, expected position 608584 , only wrote 608400
12-13 23:38:00.609 E/OpenGLRenderer( 1626): GL error:  GL_INVALID_OPERATION
12-13 23:38:00.610 W/ActivityManager( 1626): Bad activity token: android.os.BinderProxy@fe2a4de
12-13 23:38:00.610 W/ActivityManager( 1626): java.lang.ClassCastException: android.os.BinderProxy cannot be cast to com.android.server.am.ActivityRecord$Token
12-13 23:38:00.610 W/ActivityManager( 1626): 	at com.android.server.am.ActivityRecord.forTokenLocked(ActivityRecord.java:778)
12-13 23:38:00.610 W/ActivityManager( 1626): 	at com.android.server.am.ActivityRecord.isInStackLocked(ActivityRecord.java:2085)
12-13 23:38:00.610 W/ActivityManager( 1626): 	at com.android.server.am.ActivityRecord.getStackLocked(ActivityRecord.java:2090)
12-13 23:38:00.610 W/ActivityManager( 1626): 	at com.android.server.am.ActivityManagerService.getActivityDisplayId(ActivityManagerService.java:10406)
12-13 23:38:00.610 W/ActivityManager( 1626): 	at android.app.IActivityManager$Stub.onTransact(IActivityManager.java:2738)
12-13 23:38:00.610 W/ActivityManager( 1626): 	at com.android.server.am.ActivityManagerService.onTransact(ActivityManagerService.java:2935)
12-13 23:38:00.610 W/ActivityManager( 1626): 	at android.os.Binder.execTransact(Binder.java:674)
12-13 23:38:00.610 E/BatteryStatsService( 1626): modem info is invalid: ModemActivityInfo{ mTimestamp=0 mSleepTimeMs=0 mIdleTimeMs=0 mTxTimeMs[]=[0, 0, 0, 0, 0] mRxTimeMs=0 mEnergyUsed=0}
12-13 23:38:00.611 I/chatty  ( 1626): uid=1000(system) RenderThread identical 3 lines
12-13 23:38:00.611 E/OpenGLRenderer( 1626): GL error:  GL_INVALID_OPERATION
12-13 23:38:00.612 I/calabash( 4567): newActivity1
12-13 23:38:00.612 E/OpenGLRenderer( 1626): GL error:  GL_INVALID_OPERATION
12-13 23:38:00.616 W/ActivityManager( 1626): Bad activity token: android.os.BinderProxy@fe2a4de
12-13 23:38:00.616 W/ActivityManager( 1626): java.lang.ClassCastException: android.os.BinderProxy cannot be cast to com.android.server.am.ActivityRecord$Token
12-13 23:38:00.616 W/ActivityManager( 1626): 	at com.android.server.am.ActivityRecord.forTokenLocked(ActivityRecord.java:778)
12-13 23:38:00.616 W/ActivityManager( 1626): 	at com.android.server.am.ActivityRecord.isInStackLocked(ActivityRecord.java:2085)
12-13 23:38:00.616 W/ActivityManager( 1626): 	at com.android.server.am.ActivityManagerService.setTaskDescription(ActivityManagerService.java:9988)
12-13 23:38:00.616 W/ActivityManager( 1626): 	at android.app.IActivityManager$Stub.onTransact(IActivityManager.java:2824)
12-13 23:38:00.616 W/ActivityManager( 1626): 	at com.android.server.am.ActivityManagerService.onTransact(ActivityManagerService.java:2935)
12-13 23:38:00.616 W/ActivityManager( 1626): 	at android.os.Binder.execTransact(Binder.java:674)
12-13 23:38:00.617 W/ActivityManager( 1626): Bad activity token: android.os.BinderProxy@fe2a4de
12-13 23:38:00.617 W/ActivityManager( 1626): java.lang.ClassCastException: android.os.BinderProxy cannot be cast to com.android.server.am.ActivityRecord$Token
12-13 23:38:00.617 W/ActivityManager( 1626): 	at com.android.server.am.ActivityRecord.forTokenLocked(ActivityRecord.java:778)
12-13 23:38:00.617 W/ActivityManager( 1626): 	at com.android.server.am.ActivityRecord.isInStackLocked(ActivityRecord.java:2085)
12-13 23:38:00.617 W/ActivityManager( 1626): 	at com.android.server.am.ActivityRecord.getStackLocked(ActivityRecord.java:2090)
12-13 23:38:00.617 W/ActivityManager( 1626): 	at com.android.server.am.ActivityManagerService.getActivityStackId(ActivityManagerService.java:10417)
12-13 23:38:00.617 W/ActivityManager( 1626): 	at android.app.IActivityManager$Stub.onTransact(IActivityManager.java:3548)
12-13 23:38:00.617 W/ActivityManager( 1626): 	at com.android.server.am.ActivityManagerService.onTransact(ActivityManagerService.java:2935)
12-13 23:38:00.617 W/ActivityManager( 1626): 	at android.os.Binder.execTransact(Binder.java:674)
12-13 23:38:00.719 W/ActivityManager( 1626): Bad activity token: android.os.BinderProxy@fe2a4de
12-13 23:38:00.719 W/ActivityManager( 1626): java.lang.ClassCastException: android.os.BinderProxy cannot be cast to com.android.server.am.ActivityRecord$Token
12-13 23:38:00.719 W/ActivityManager( 1626): 	at com.android.server.am.ActivityRecord.forTokenLocked(ActivityRecord.java:778)
12-13 23:38:00.719 W/ActivityManager( 1626): 	at com.android.server.am.ActivityRecord.isInStackLocked(ActivityRecord.java:2085)
12-13 23:38:00.719 W/ActivityManager( 1626): 	at com.android.server.am.ActivityManagerService.getActivityOptions(ActivityManagerService.java:13302)
12-13 23:38:00.719 W/ActivityManager( 1626): 	at android.app.IActivityManager$Stub.onTransact(IActivityManager.java:2910)
12-13 23:38:00.719 W/ActivityManager( 1626): 	at com.android.server.am.ActivityManagerService.onTransact(ActivityManagerService.java:2935)
12-13 23:38:00.719 W/ActivityManager( 1626): 	at android.os.Binder.execTransact(Binder.java:674)
12-13 23:38:00.721 W/ActivityManager( 1626): Bad activity token: android.os.BinderProxy@fe2a4de
12-13 23:38:00.721 W/ActivityManager( 1626): java.lang.ClassCastException: android.os.BinderProxy cannot be cast to com.android.server.am.ActivityRecord$Token
12-13 23:38:00.721 W/ActivityManager( 1626): 	at com.android.server.am.ActivityRecord.forTokenLocked(ActivityRecord.java:778)
12-13 23:38:00.721 W/ActivityManager( 1626): 	at com.android.server.am.ActivityRecord.isInStackLocked(ActivityRecord.java:2085)
12-13 23:38:00.721 W/ActivityManager( 1626): 	at com.android.server.am.ActivityManagerService.getActivityOptions(ActivityManagerService.java:13302)
12-13 23:38:00.721 W/ActivityManager( 1626): 	at android.app.IActivityManager$Stub.onTransact(IActivityManager.java:2910)
12-13 23:38:00.721 W/ActivityManager( 1626): 	at com.android.server.am.ActivityManagerService.onTransact(ActivityManagerService.java:2935)
12-13 23:38:00.721 W/ActivityManager( 1626): 	at android.os.Binder.execTransact(Binder.java:674)
12-13 23:38:00.735 I/chatty  ( 1626): uid=1000(system) RenderThread identical 408 lines
12-13 23:38:00.735 E/OpenGLRenderer( 1626): GL error:  GL_INVALID_OPERATION
12-13 23:38:00.735 I/zygote  ( 4567): Background concurrent copying GC freed 25660(1120KB) AllocSpace objects, 4(80KB) LOS objects, 50% free, 1770KB/3MB, paused 1.661ms total 109.177ms
12-13 23:38:00.736 E/OpenGLRenderer( 1626): GL error:  GL_INVALID_OPERATION
12-13 23:38:00.840 I/chatty  ( 1626): uid=1000(system) RenderThread identical 292 lines
12-13 23:38:00.841 E/OpenGLRenderer( 1626): GL error:  GL_INVALID_OPERATION
12-13 23:38:00.842 D/Mileage ( 4567): Not enough fillups to calculate economy
12-13 23:38:00.842 E/OpenGLRenderer( 1626): GL error:  GL_INVALID_OPERATION
12-13 23:38:00.869 I/chatty  ( 1626): uid=1000(system) RenderThread identical 45 lines
12-13 23:38:00.869 E/OpenGLRenderer( 1626): GL error:  GL_INVALID_OPERATION
12-13 23:38:00.870 D/gralloc_ranchu( 1390): gralloc_alloc: Creating ashmem region of size 7753728
12-13 23:38:00.870 E/OpenGLRenderer( 1626): GL error:  GL_INVALID_OPERATION
12-13 23:38:00.887 I/chatty  ( 1626): uid=1000(system) RenderThread identical 24 lines
12-13 23:38:00.887 E/OpenGLRenderer( 1626): GL error:  GL_INVALID_OPERATION
12-13 23:38:00.887 I/zygote  ( 4567): Do partial code cache collection, code=124KB, data=68KB
12-13 23:38:00.888 E/OpenGLRenderer( 1626): GL error:  GL_INVALID_OPERATION
12-13 23:38:00.888 E/OpenGLRenderer( 1626): GL error:  GL_INVALID_OPERATION
12-13 23:38:00.888 I/zygote  ( 4567): After code cache collection, code=124KB, data=68KB
12-13 23:38:00.888 I/zygote  ( 4567): Increasing code cache capacity to 512KB
12-13 23:38:00.888 E/OpenGLRenderer( 1626): GL error:  GL_INVALID_OPERATION
12-13 23:38:01.174 I/chatty  ( 1626): uid=1000(system) RenderThread identical 681 lines
12-13 23:38:01.174 E/OpenGLRenderer( 1626): GL error:  GL_INVALID_OPERATION
12-13 23:38:01.174 E/SurfaceFlinger( 1405): ro.sf.lcd_density must be defined as a build property
12-13 23:38:01.175 E/OpenGLRenderer( 1626): GL error:  GL_INVALID_OPERATION
12-13 23:38:01.185 I/chatty  ( 1626): uid=1000(system) RenderThread identical 58 lines
12-13 23:38:01.185 E/OpenGLRenderer( 1626): GL error:  GL_INVALID_OPERATION
12-13 23:38:01.185 D/gralloc_ranchu( 1390): gralloc_alloc: Creating ashmem region of size 8298496
12-13 23:38:01.185 E/OpenGLRenderer( 1626): GL error:  GL_INVALID_OPERATION
12-13 23:38:01.194 I/chatty  ( 1626): uid=1000(system) RenderThread identical 30 lines
12-13 23:38:01.194 E/OpenGLRenderer( 1626): GL error:  GL_INVALID_OPERATION
12-13 23:38:01.194 D/        ( 4614): HostConnection::get() New Host Connection established 0xb26af800, tid 4614
12-13 23:38:01.195 E/OpenGLRenderer( 1626): GL error:  GL_INVALID_OPERATION
12-13 23:38:01.599 I/chatty  ( 1626): uid=1000(system) RenderThread identical 1385 lines
12-13 23:38:01.599 E/OpenGLRenderer( 1626): GL error:  GL_INVALID_OPERATION
12-13 23:38:01.600 I/System.out( 4567): URI: //gesture
12-13 23:38:01.600 E/OpenGLRenderer( 1626): GL error:  GL_INVALID_OPERATION
12-13 23:38:01.600 I/System.out( 4567): params: {json={"query_timeout":5.0,"gestures":[{"query_string":"android.widget.TabWidget descendant TextView index:3","touches":[{"x":50,"y":50,"offset_x":0,"offset_y":0,"wait":0.0,"time":0.2,"release":true,"query_string":null}]}]}
12-13 23:38:01.600 I/System.out( 4567): }
12-13 23:38:01.600 E/OpenGLRenderer( 1626): GL error:  GL_INVALID_OPERATION
12-13 23:38:01.660 E/TaskPersister( 1626): File error accessing recents directory (directory doesn't exist?).
12-13 23:38:01.880 I/chatty  ( 1626): uid=1000(system) RenderThread identical 1172 lines
12-13 23:38:01.880 E/OpenGLRenderer( 1626): GL error:  GL_INVALID_OPERATION
12-13 23:38:01.880 W/ActivityManager( 1626): Bad activity token: android.os.BinderProxy@b31f342
12-13 23:38:01.880 W/ActivityManager( 1626): java.lang.ClassCastException: android.os.BinderProxy cannot be cast to com.android.server.am.ActivityRecord$Token
12-13 23:38:01.880 W/ActivityManager( 1626): 	at com.android.server.am.ActivityRecord.forTokenLocked(ActivityRecord.java:778)
12-13 23:38:01.880 W/ActivityManager( 1626): 	at com.android.server.am.ActivityRecord.isInStackLocked(ActivityRecord.java:2085)
12-13 23:38:01.880 W/ActivityManager( 1626): 	at com.android.server.am.ActivityRecord.getStackLocked(ActivityRecord.java:2090)
12-13 23:38:01.880 W/ActivityManager( 1626): 	at com.android.server.am.ActivityManagerService.getActivityDisplayId(ActivityManagerService.java:10406)
12-13 23:38:01.880 W/ActivityManager( 1626): 	at android.app.IActivityManager$Stub.onTransact(IActivityManager.java:2738)
12-13 23:38:01.880 W/ActivityManager( 1626): 	at com.android.server.am.ActivityManagerService.onTransact(ActivityManagerService.java:2935)
12-13 23:38:01.880 W/ActivityManager( 1626): 	at android.os.Binder.execTransact(Binder.java:674)
12-13 23:38:01.881 I/calabash( 4567): newActivity1
12-13 23:38:01.881 E/OpenGLRenderer( 1626): GL error:  GL_INVALID_OPERATION
12-13 23:38:01.885 W/ActivityManager( 1626): Bad activity token: android.os.BinderProxy@b31f342
12-13 23:38:01.885 W/ActivityManager( 1626): java.lang.ClassCastException: android.os.BinderProxy cannot be cast to com.android.server.am.ActivityRecord$Token
12-13 23:38:01.885 W/ActivityManager( 1626): 	at com.android.server.am.ActivityRecord.forTokenLocked(ActivityRecord.java:778)
12-13 23:38:01.885 W/ActivityManager( 1626): 	at com.android.server.am.ActivityRecord.isInStackLocked(ActivityRecord.java:2085)
12-13 23:38:01.885 W/ActivityManager( 1626): 	at com.android.server.am.ActivityManagerService.setTaskDescription(ActivityManagerService.java:9988)
12-13 23:38:01.885 W/ActivityManager( 1626): 	at android.app.IActivityManager$Stub.onTransact(IActivityManager.java:2824)
12-13 23:38:01.885 W/ActivityManager( 1626): 	at com.android.server.am.ActivityManagerService.onTransact(ActivityManagerService.java:2935)
12-13 23:38:01.885 W/ActivityManager( 1626): 	at android.os.Binder.execTransact(Binder.java:674)
12-13 23:38:01.886 W/ActivityManager( 1626): Bad activity token: android.os.BinderProxy@b31f342
12-13 23:38:01.886 W/ActivityManager( 1626): java.lang.ClassCastException: android.os.BinderProxy cannot be cast to com.android.server.am.ActivityRecord$Token
12-13 23:38:01.886 W/ActivityManager( 1626): 	at com.android.server.am.ActivityRecord.forTokenLocked(ActivityRecord.java:778)
12-13 23:38:01.886 W/ActivityManager( 1626): 	at com.android.server.am.ActivityRecord.isInStackLocked(ActivityRecord.java:2085)
12-13 23:38:01.886 W/ActivityManager( 1626): 	at com.android.server.am.ActivityRecord.getStackLocked(ActivityRecord.java:2090)
12-13 23:38:01.886 W/ActivityManager( 1626): 	at com.android.server.am.ActivityManagerService.getActivityStackId(ActivityManagerService.java:10417)
12-13 23:38:01.886 W/ActivityManager( 1626): 	at android.app.IActivityManager$Stub.onTransact(IActivityManager.java:3548)
12-13 23:38:01.886 W/ActivityManager( 1626): 	at com.android.server.am.ActivityManagerService.onTransact(ActivityManagerService.java:2935)
12-13 23:38:01.886 W/ActivityManager( 1626): 	at android.os.Binder.execTransact(Binder.java:674)
12-13 23:38:01.892 W/ActivityManager( 1626): Bad activity token: android.os.BinderProxy@b31f342
12-13 23:38:01.892 W/ActivityManager( 1626): java.lang.ClassCastException: android.os.BinderProxy cannot be cast to com.android.server.am.ActivityRecord$Token
12-13 23:38:01.892 W/ActivityManager( 1626): 	at com.android.server.am.ActivityRecord.forTokenLocked(ActivityRecord.java:778)
12-13 23:38:01.892 W/ActivityManager( 1626): 	at com.android.server.am.ActivityRecord.isInStackLocked(ActivityRecord.java:2085)
12-13 23:38:01.892 W/ActivityManager( 1626): 	at com.android.server.am.ActivityManagerService.getActivityOptions(ActivityManagerService.java:13302)
12-13 23:38:01.892 W/ActivityManager( 1626): 	at android.app.IActivityManager$Stub.onTransact(IActivityManager.java:2910)
12-13 23:38:01.892 W/ActivityManager( 1626): 	at com.android.server.am.ActivityManagerService.onTransact(ActivityManagerService.java:2935)
12-13 23:38:01.892 W/ActivityManager( 1626): 	at android.os.Binder.execTransact(Binder.java:674)
12-13 23:38:01.894 W/ActivityManager( 1626): Bad activity token: android.os.BinderProxy@b31f342
12-13 23:38:01.894 W/ActivityManager( 1626): java.lang.ClassCastException: android.os.BinderProxy cannot be cast to com.android.server.am.ActivityRecord$Token
12-13 23:38:01.894 W/ActivityManager( 1626): 	at com.android.server.am.ActivityRecord.forTokenLocked(ActivityRecord.java:778)
12-13 23:38:01.894 W/ActivityManager( 1626): 	at com.android.server.am.ActivityRecord.isInStackLocked(ActivityRecord.java:2085)
12-13 23:38:01.894 W/ActivityManager( 1626): 	at com.android.server.am.ActivityManagerService.getActivityOptions(ActivityManagerService.java:13302)
12-13 23:38:01.894 W/ActivityManager( 1626): 	at android.app.IActivityManager$Stub.onTransact(IActivityManager.java:2910)
12-13 23:38:01.894 W/ActivityManager( 1626): 	at com.android.server.am.ActivityManagerService.onTransact(ActivityManagerService.java:2935)
12-13 23:38:01.894 W/ActivityManager( 1626): 	at android.os.Binder.execTransact(Binder.java:674)
12-13 23:38:02.288 I/chatty  ( 1626): uid=1000(system) RenderThread identical 1209 lines
12-13 23:38:02.288 E/OpenGLRenderer( 1626): GL error:  GL_INVALID_OPERATION
12-13 23:38:02.288 E/SurfaceFlinger( 1405): ro.sf.lcd_density must be defined as a build property
12-13 23:38:02.289 E/OpenGLRenderer( 1626): GL error:  GL_INVALID_OPERATION
12-13 23:38:02.298 I/chatty  ( 1626): uid=1000(system) RenderThread identical 53 lines
12-13 23:38:02.298 E/OpenGLRenderer( 1626): GL error:  GL_INVALID_OPERATION
12-13 23:38:02.298 E/OpenGLRenderer( 1626): GL error:  GL_INVALID_OPERATION
12-13 23:38:02.298 D/gralloc_ranchu( 1390): gralloc_alloc: Creating ashmem region of size 8298496
12-13 23:38:02.306 I/chatty  ( 1626): uid=1000(system) RenderThread expire 32 lines
12-13 23:38:02.308 E/OpenGLRenderer( 1626): GL error:  GL_INVALID_OPERATION
12-13 23:38:02.309 D/        ( 4620): HostConnection::get() New Host Connection established 0xad72f800, tid 4620
12-13 23:38:02.309 E/OpenGLRenderer( 1626): GL error:  GL_INVALID_OPERATION
12-13 23:38:02.839 I/chatty  ( 1626): uid=1000(system) RenderThread identical 937 lines
12-13 23:38:02.839 E/OpenGLRenderer( 1626): GL error:  GL_INVALID_OPERATION
12-13 23:38:02.841 I/System.out( 4567): URI: //gesture
12-13 23:38:02.841 I/System.out( 4567): params: {json={"query_timeout":5.0,"gestures":[{"query_string":"android.widget.TabWidget descendant TextView index:2","touches":[{"x":50,"y":50,"offset_x":0,"offset_y":0,"wait":0.0,"time":0.2,"release":true,"query_string":null}]}]}
12-13 23:38:02.841 I/System.out( 4567): }
12-13 23:38:02.842 E/OpenGLRenderer( 1626): GL error:  GL_INVALID_OPERATION
12-13 23:38:03.291 W/ActivityManager( 1626): Bad activity token: android.os.BinderProxy@b2f8945
12-13 23:38:03.291 W/ActivityManager( 1626): java.lang.ClassCastException: android.os.BinderProxy cannot be cast to com.android.server.am.ActivityRecord$Token
12-13 23:38:03.291 W/ActivityManager( 1626): 	at com.android.server.am.ActivityRecord.forTokenLocked(ActivityRecord.java:778)
12-13 23:38:03.291 W/ActivityManager( 1626): 	at com.android.server.am.ActivityRecord.isInStackLocked(ActivityRecord.java:2085)
12-13 23:38:03.291 W/ActivityManager( 1626): 	at com.android.server.am.ActivityRecord.getStackLocked(ActivityRecord.java:2090)
12-13 23:38:03.291 W/ActivityManager( 1626): 	at com.android.server.am.ActivityManagerService.getActivityDisplayId(ActivityManagerService.java:10406)
12-13 23:38:03.291 W/ActivityManager( 1626): 	at android.app.IActivityManager$Stub.onTransact(IActivityManager.java:2738)
12-13 23:38:03.291 W/ActivityManager( 1626): 	at com.android.server.am.ActivityManagerService.onTransact(ActivityManagerService.java:2935)
12-13 23:38:03.291 W/ActivityManager( 1626): 	at android.os.Binder.execTransact(Binder.java:674)
12-13 23:38:03.293 I/chatty  ( 1626): uid=1000(system) RenderThread identical 934 lines
12-13 23:38:03.293 E/OpenGLRenderer( 1626): GL error:  GL_INVALID_OPERATION
12-13 23:38:03.293 I/calabash( 4567): newActivity1
12-13 23:38:03.294 E/OpenGLRenderer( 1626): GL error:  GL_INVALID_OPERATION
12-13 23:38:03.435 W/ActivityManager( 1626): Bad activity token: android.os.BinderProxy@b2f8945
12-13 23:38:03.435 W/ActivityManager( 1626): java.lang.ClassCastException: android.os.BinderProxy cannot be cast to com.android.server.am.ActivityRecord$Token
12-13 23:38:03.435 W/ActivityManager( 1626): 	at com.android.server.am.ActivityRecord.forTokenLocked(ActivityRecord.java:778)
12-13 23:38:03.435 W/ActivityManager( 1626): 	at com.android.server.am.ActivityRecord.isInStackLocked(ActivityRecord.java:2085)
12-13 23:38:03.435 W/ActivityManager( 1626): 	at com.android.server.am.ActivityManagerService.setTaskDescription(ActivityManagerService.java:9988)
12-13 23:38:03.435 W/ActivityManager( 1626): 	at android.app.IActivityManager$Stub.onTransact(IActivityManager.java:2824)
12-13 23:38:03.435 W/ActivityManager( 1626): 	at com.android.server.am.ActivityManagerService.onTransact(ActivityManagerService.java:2935)
12-13 23:38:03.435 W/ActivityManager( 1626): 	at android.os.Binder.execTransact(Binder.java:674)
12-13 23:38:03.436 W/ActivityManager( 1626): Bad activity token: android.os.BinderProxy@b2f8945
12-13 23:38:03.436 W/ActivityManager( 1626): java.lang.ClassCastException: android.os.BinderProxy cannot be cast to com.android.server.am.ActivityRecord$Token
12-13 23:38:03.436 W/ActivityManager( 1626): 	at com.android.server.am.ActivityRecord.forTokenLocked(ActivityRecord.java:778)
12-13 23:38:03.436 W/ActivityManager( 1626): 	at com.android.server.am.ActivityRecord.isInStackLocked(ActivityRecord.java:2085)
12-13 23:38:03.436 W/ActivityManager( 1626): 	at com.android.server.am.ActivityRecord.getStackLocked(ActivityRecord.java:2090)
12-13 23:38:03.436 W/ActivityManager( 1626): 	at com.android.server.am.ActivityManagerService.getActivityStackId(ActivityManagerService.java:10417)
12-13 23:38:03.436 W/ActivityManager( 1626): 	at android.app.IActivityManager$Stub.onTransact(IActivityManager.java:3548)
12-13 23:38:03.436 W/ActivityManager( 1626): 	at com.android.server.am.ActivityManagerService.onTransact(ActivityManagerService.java:2935)
12-13 23:38:03.436 W/ActivityManager( 1626): 	at android.os.Binder.execTransact(Binder.java:674)
12-13 23:38:03.479 I/chatty  ( 1626): uid=1000(system) RenderThread identical 218 lines
12-13 23:38:03.480 E/OpenGLRenderer( 1626): GL error:  GL_INVALID_OPERATION
12-13 23:38:03.481 D/VehicleStatisticsActivity( 4567): Checking recalculation ...
12-13 23:38:03.483 E/OpenGLRenderer( 1626): GL error:  GL_INVALID_OPERATION
12-13 23:38:03.483 E/OpenGLRenderer( 1626): GL error:  GL_INVALID_OPERATION
12-13 23:38:03.484 D/VehicleStatisticsActivity( 4567): Recalculating statistics
12-13 23:38:03.485 D/VehicleStatisticsTask( 4567): Calculation starting...
12-13 23:38:03.485 D/VehicleStatisticsActivity( 4567): Recalculation started!
12-13 23:38:03.486 E/OpenGLRenderer( 1626): GL error:  GL_INVALID_OPERATION
12-13 23:38:03.493 W/ActivityManager( 1626): Bad activity token: android.os.BinderProxy@b2f8945
12-13 23:38:03.493 W/ActivityManager( 1626): java.lang.ClassCastException: android.os.BinderProxy cannot be cast to com.android.server.am.ActivityRecord$Token
12-13 23:38:03.493 W/ActivityManager( 1626): 	at com.android.server.am.ActivityRecord.forTokenLocked(ActivityRecord.java:778)
12-13 23:38:03.493 W/ActivityManager( 1626): 	at com.android.server.am.ActivityRecord.isInStackLocked(ActivityRecord.java:2085)
12-13 23:38:03.493 W/ActivityManager( 1626): 	at com.android.server.am.ActivityManagerService.getActivityOptions(ActivityManagerService.java:13302)
12-13 23:38:03.493 W/ActivityManager( 1626): 	at android.app.IActivityManager$Stub.onTransact(IActivityManager.java:2910)
12-13 23:38:03.493 W/ActivityManager( 1626): 	at com.android.server.am.ActivityManagerService.onTransact(ActivityManagerService.java:2935)
12-13 23:38:03.493 W/ActivityManager( 1626): 	at android.os.Binder.execTransact(Binder.java:674)
12-13 23:38:03.496 W/ActivityManager( 1626): Bad activity token: android.os.BinderProxy@b2f8945
12-13 23:38:03.496 W/ActivityManager( 1626): java.lang.ClassCastException: android.os.BinderProxy cannot be cast to com.android.server.am.ActivityRecord$Token
12-13 23:38:03.496 W/ActivityManager( 1626): 	at com.android.server.am.ActivityRecord.forTokenLocked(ActivityRecord.java:778)
12-13 23:38:03.496 W/ActivityManager( 1626): 	at com.android.server.am.ActivityRecord.isInStackLocked(ActivityRecord.java:2085)
12-13 23:38:03.496 W/ActivityManager( 1626): 	at com.android.server.am.ActivityManagerService.getActivityOptions(ActivityManagerService.java:13302)
12-13 23:38:03.496 W/ActivityManager( 1626): 	at android.app.IActivityManager$Stub.onTransact(IActivityManager.java:2910)
12-13 23:38:03.496 W/ActivityManager( 1626): 	at com.android.server.am.ActivityManagerService.onTransact(ActivityManagerService.java:2935)
12-13 23:38:03.496 W/ActivityManager( 1626): 	at android.os.Binder.execTransact(Binder.java:674)
12-13 23:38:03.497 I/chatty  ( 1626): uid=1000(system) RenderThread identical 11 lines
12-13 23:38:03.499 E/OpenGLRenderer( 1626): GL error:  GL_INVALID_OPERATION
12-13 23:38:03.501 D/VehicleStatisticsActivity( 4567): Checking recalculation ...
12-13 23:38:03.502 E/OpenGLRenderer( 1626): GL error:  GL_INVALID_OPERATION
12-13 23:38:03.502 I/chatty  ( 1626): uid=1000(system) RenderThread identical 1 line
12-13 23:38:03.503 E/OpenGLRenderer( 1626): GL error:  GL_INVALID_OPERATION
12-13 23:38:03.504 D/VehicleStatisticsActivity( 4567): Recalculating statistics
12-13 23:38:03.504 D/VehicleStatisticsTask( 4567): Calculation starting...
12-13 23:38:03.504 D/VehicleStatisticsActivity( 4567): Recalculation started!
12-13 23:38:03.504 D/VehicleStatisticsTask( 4567): Not enough fillups to calculate statistics
12-13 23:38:03.504 E/OpenGLRenderer( 1626): GL error:  GL_INVALID_OPERATION
12-13 23:38:03.634 I/chatty  ( 1626): uid=1000(system) RenderThread identical 470 lines
12-13 23:38:03.634 E/OpenGLRenderer( 1626): GL error:  GL_INVALID_OPERATION
12-13 23:38:03.635 D/VehicleStatisticsTask( 4567): Not enough fillups to calculate statistics
12-13 23:38:03.641 E/OpenGLRenderer( 1626): GL error:  GL_INVALID_OPERATION
12-13 23:38:03.708 I/chatty  ( 1626): uid=1000(system) RenderThread identical 237 lines
12-13 23:38:03.709 E/OpenGLRenderer( 1626): GL error:  GL_INVALID_OPERATION
12-13 23:38:03.709 D/VehicleStatisticsTask( 4567): Done recalculating!
12-13 23:38:03.709 E/OpenGLRenderer( 1626): GL error:  GL_INVALID_OPERATION
12-13 23:38:03.709 I/chatty  ( 1626): uid=1000(system) RenderThread identical 5 lines
12-13 23:38:03.709 D/VehicleStatisticsTask( 4567): Done recalculating!
12-13 23:38:03.709 E/OpenGLRenderer( 1626): GL error:  GL_INVALID_OPERATION
12-13 23:38:03.710 E/OpenGLRenderer( 1626): GL error:  GL_INVALID_OPERATION
12-13 23:38:03.710 I/chatty  ( 1626): uid=1000(system) RenderThread identical 1 line
12-13 23:38:03.710 E/OpenGLRenderer( 1626): GL error:  GL_INVALID_OPERATION
12-13 23:38:03.713 I/zygote  ( 4567): Do full code cache collection, code=228KB, data=157KB
12-13 23:38:03.713 I/zygote  ( 4567): After code cache collection, code=227KB, data=129KB
12-13 23:38:03.715 D/VehicleStatisticsAdapter( 4567): Erasing the cache ...
12-13 23:38:03.719 D/VehicleStatisticsAdapter( 4567): Erasing the cache ...
12-13 23:38:03.720 E/OpenGLRenderer( 1626): GL error:  GL_INVALID_OPERATION
12-13 23:38:03.729 I/chatty  ( 1626): uid=1000(system) RenderThread identical 10 lines
12-13 23:38:03.730 E/OpenGLRenderer( 1626): GL error:  GL_INVALID_OPERATION
12-13 23:38:03.730 D/VehicleStatisticsAdapter( 4567): Building new values ...
12-13 23:38:03.732 D/VehicleStatisticsAdapter( 4567): Writing 29 records to the database ...
12-13 23:38:03.734 E/OpenGLRenderer( 1626): GL error:  GL_INVALID_OPERATION
12-13 23:38:03.734 D/VehicleStatisticsAdapter( 4567): Building new values ...
12-13 23:38:03.734 E/OpenGLRenderer( 1626): GL error:  GL_INVALID_OPERATION
12-13 23:38:03.745 I/chatty  ( 1626): uid=1000(system) RenderThread identical 39 lines
12-13 23:38:03.746 E/OpenGLRenderer( 1626): GL error:  GL_INVALID_OPERATION
12-13 23:38:03.746 D/VehicleStatisticsAdapter( 4567): Writing 29 records to the database ...
12-13 23:38:03.748 E/OpenGLRenderer( 1626): GL error:  GL_INVALID_OPERATION
12-13 23:38:03.753 I/chatty  ( 1626): uid=1000(system) RenderThread identical 25 lines
12-13 23:38:03.754 E/OpenGLRenderer( 1626): GL error:  GL_INVALID_OPERATION
12-13 23:38:03.758 D/Mileage.ABS( 4567): Finished backup
12-13 23:38:03.759 E/OpenGLRenderer( 1626): GL error:  GL_INVALID_OPERATION
12-13 23:38:03.761 I/chatty  ( 1626): uid=1000(system) RenderThread identical 4 lines
12-13 23:38:03.765 E/OpenGLRenderer( 1626): GL error:  GL_INVALID_OPERATION
12-13 23:38:03.767 D/Mileage.ABS( 4567): Not backing up; 49
12-13 23:38:03.768 E/OpenGLRenderer( 1626): GL error:  GL_INVALID_OPERATION
12-13 23:38:03.809 I/chatty  ( 1626): uid=1000(system) RenderThread identical 30 lines
12-13 23:38:03.811 E/OpenGLRenderer( 1626): GL error:  GL_INVALID_OPERATION
12-13 23:38:03.812 E/SurfaceFlinger( 1405): ro.sf.lcd_density must be defined as a build property
12-13 23:38:03.812 E/OpenGLRenderer( 1626): GL error:  GL_INVALID_OPERATION
12-13 23:38:03.841 I/chatty  ( 1626): uid=1000(system) RenderThread identical 60 lines
12-13 23:38:03.843 E/OpenGLRenderer( 1626): GL error:  GL_INVALID_OPERATION
12-13 23:38:03.846 D/Mileage.ABS( 4567): Not backing up; 127
12-13 23:38:03.846 E/OpenGLRenderer( 1626): GL error:  GL_INVALID_OPERATION
12-13 23:38:03.903 I/chatty  ( 1626): uid=1000(system) RenderThread identical 50 lines
12-13 23:38:03.903 E/OpenGLRenderer( 1626): GL error:  GL_INVALID_OPERATION
12-13 23:38:03.904 D/Mileage.ABS( 4567): Not backing up; 186
12-13 23:38:03.904 E/OpenGLRenderer( 1626): GL error:  GL_INVALID_OPERATION
12-13 23:38:03.905 I/chatty  ( 1626): uid=1000(system) RenderThread identical 2 lines
12-13 23:38:03.905 E/OpenGLRenderer( 1626): GL error:  GL_INVALID_OPERATION
12-13 23:38:03.908 D/Mileage.ABS( 4567): Not backing up; 190
12-13 23:38:03.908 E/OpenGLRenderer( 1626): GL error:  GL_INVALID_OPERATION
12-13 23:38:03.909 I/chatty  ( 1626): uid=1000(system) RenderThread identical 1 line
12-13 23:38:03.909 E/OpenGLRenderer( 1626): GL error:  GL_INVALID_OPERATION
12-13 23:38:03.909 D/Mileage.ABS( 4567): Not backing up; 191
12-13 23:38:03.909 D/gralloc_ranchu( 1390): gralloc_alloc: Creating ashmem region of size 8298496
12-13 23:38:03.909 D/Mileage.ABS( 4567): Not backing up; 191
12-13 23:38:03.909 E/OpenGLRenderer( 1626): GL error:  GL_INVALID_OPERATION
12-13 23:38:03.910 I/chatty  ( 1626): uid=1000(system) RenderThread identical 1 line
12-13 23:38:03.910 E/OpenGLRenderer( 1626): GL error:  GL_INVALID_OPERATION
12-13 23:38:03.911 D/Mileage.ABS( 4567): Not backing up; 193
12-13 23:38:03.911 E/OpenGLRenderer( 1626): GL error:  GL_INVALID_OPERATION
12-13 23:38:03.911 I/chatty  ( 1626): uid=1000(system) RenderThread identical 1 line
12-13 23:38:03.911 E/OpenGLRenderer( 1626): GL error:  GL_INVALID_OPERATION
12-13 23:38:03.912 D/Mileage.ABS( 4567): Not backing up; 193
12-13 23:38:03.912 E/OpenGLRenderer( 1626): GL error:  GL_INVALID_OPERATION
12-13 23:38:03.913 I/chatty  ( 1626): uid=1000(system) RenderThread identical 2 lines
12-13 23:38:03.913 E/OpenGLRenderer( 1626): GL error:  GL_INVALID_OPERATION
12-13 23:38:03.914 D/Mileage.ABS( 4567): Not backing up; 196
12-13 23:38:03.915 E/OpenGLRenderer( 1626): GL error:  GL_INVALID_OPERATION
12-13 23:38:03.916 I/chatty  ( 1626): uid=1000(system) RenderThread identical 1 line
12-13 23:38:03.917 E/OpenGLRenderer( 1626): GL error:  GL_INVALID_OPERATION
12-13 23:38:03.921 D/        ( 4626): HostConnection::get() New Host Connection established 0xa9baf800, tid 4626
12-13 23:38:03.922 E/OpenGLRenderer( 1626): GL error:  GL_INVALID_OPERATION
12-13 23:38:03.924 I/chatty  ( 1626): uid=1000(system) RenderThread identical 2 lines
12-13 23:38:03.925 E/OpenGLRenderer( 1626): GL error:  GL_INVALID_OPERATION
12-13 23:38:03.926 D/Mileage.ABS( 4567): Not backing up; 207
12-13 23:38:03.926 E/OpenGLRenderer( 1626): GL error:  GL_INVALID_OPERATION
12-13 23:38:03.955 I/chatty  ( 1626): uid=1000(system) RenderThread identical 54 lines
12-13 23:38:03.958 E/OpenGLRenderer( 1626): GL error:  GL_INVALID_OPERATION
12-13 23:38:03.958 D/Mileage.ABS( 4567): Not backing up; 240
12-13 23:38:03.958 E/OpenGLRenderer( 1626): GL error:  GL_INVALID_OPERATION
12-13 23:38:03.976 I/chatty  ( 1626): uid=1000(system) RenderThread identical 16 lines
12-13 23:38:03.977 E/OpenGLRenderer( 1626): GL error:  GL_INVALID_OPERATION
12-13 23:38:03.978 D/Mileage.ABS( 4567): Not backing up; 260
12-13 23:38:03.978 E/OpenGLRenderer( 1626): GL error:  GL_INVALID_OPERATION
12-13 23:38:03.983 I/chatty  ( 1626): uid=1000(system) RenderThread identical 9 lines
