12-13 23:37:37.629 I/chatty  ( 1626): uid=1000(system) RenderThread identical 8 lines
12-13 23:37:37.630 E/OpenGLRenderer( 1626): GL error:  GL_INVALID_OPERATION
12-13 23:37:37.630 D/EGL_emulation( 1731): eglMakeCurrent: 0x94556400: ver 3 0 (tinfo 0x9450bcb0)
12-13 23:37:37.630 E/OpenGLRenderer( 1626): GL error:  GL_INVALID_OPERATION
12-13 23:37:37.642 I/chatty  ( 1626): uid=1000(system) RenderThread identical 38 lines
12-13 23:37:37.643 E/OpenGLRenderer( 1626): GL error:  GL_INVALID_OPERATION
12-13 23:37:37.643 D/EGL_emulation( 1731): eglMakeCurrent: 0x94556400: ver 3 0 (tinfo 0x9450bcb0)
12-13 23:37:37.643 E/OpenGLRenderer( 1626): GL error:  GL_INVALID_OPERATION
12-13 23:37:37.667 I/chatty  ( 1626): uid=1000(system) RenderThread identical 62 lines
12-13 23:37:37.668 E/OpenGLRenderer( 1626): GL error:  GL_INVALID_OPERATION
12-13 23:37:37.668 D/EGL_emulation( 1731): eglMakeCurrent: 0x94556400: ver 3 0 (tinfo 0x9450bcb0)
12-13 23:37:37.668 E/OpenGLRenderer( 1626): GL error:  GL_INVALID_OPERATION
12-13 23:37:37.671 I/chatty  ( 1626): uid=1000(system) RenderThread identical 9 lines
12-13 23:37:37.671 E/OpenGLRenderer( 1626): GL error:  GL_INVALID_OPERATION
12-13 23:37:37.671 D/EGL_emulation( 1731): eglMakeCurrent: 0x94556400: ver 3 0 (tinfo 0x9450bcb0)
12-13 23:37:37.672 E/OpenGLRenderer( 1626): GL error:  GL_INVALID_OPERATION
12-13 23:37:37.680 I/chatty  ( 1626): uid=1000(system) RenderThread identical 19 lines
12-13 23:37:37.680 E/OpenGLRenderer( 1626): GL error:  GL_INVALID_OPERATION
12-13 23:37:37.680 D/BoundBrokerSvc( 1941): onUnbind: Intent { act=com.google.android.gms.clearcut.service.START cmp=com.google.android.gms/.chimera.PersistentDirectBootAwareApiService }
12-13 23:37:37.681 E/OpenGLRenderer( 1626): GL error:  GL_INVALID_OPERATION
12-13 23:37:37.742 I/chatty  ( 1626): uid=1000(system) RenderThread identical 138 lines
12-13 23:37:37.742 E/OpenGLRenderer( 1626): GL error:  GL_INVALID_OPERATION
12-13 23:37:37.744 I/Finsky  ( 2550): [2] abuj.b(10): SCH: Running job: 12-1
12-13 23:37:37.744 E/OpenGLRenderer( 1626): GL error:  GL_INVALID_OPERATION
12-13 23:37:37.746 I/Finsky  ( 2550): [2] ContentSyncJob.r(1): [ContentSync] job started
12-13 23:37:37.746 I/chatty  ( 1626): uid=1000(system) RenderThread expire 5 lines
12-13 23:37:37.747 W/ActivityManager( 1626): Bad activity token: android.os.BinderProxy@2f6d015
12-13 23:37:37.747 W/ActivityManager( 1626): java.lang.ClassCastException: android.os.BinderProxy cannot be cast to com.android.server.am.ActivityRecord$Token
12-13 23:37:37.747 W/ActivityManager( 1626): 	at com.android.server.am.ActivityRecord.forTokenLocked(ActivityRecord.java:778)
12-13 23:37:37.747 W/ActivityManager( 1626): 	at com.android.server.am.ActivityRecord.isInStackLocked(ActivityRecord.java:2085)
12-13 23:37:37.747 W/ActivityManager( 1626): 	at com.android.server.am.ActivityManagerService.getActivityOptions(ActivityManagerService.java:13302)
12-13 23:37:37.747 W/ActivityManager( 1626): 	at android.app.IActivityManager$Stub.onTransact(IActivityManager.java:2910)
12-13 23:37:37.747 W/ActivityManager( 1626): 	at com.android.server.am.ActivityManagerService.onTransact(ActivityManagerService.java:2935)
12-13 23:37:37.747 W/ActivityManager( 1626): 	at android.os.Binder.execTransact(Binder.java:674)
12-13 23:37:37.747 E/OpenGLRenderer( 1626): GL error:  GL_INVALID_OPERATION
12-13 23:37:37.747 E/OpenGLRenderer( 1626): GL error:  GL_INVALID_OPERATION
12-13 23:37:37.747 W/ActivityManager( 1626): Bad activity token: android.os.BinderProxy@2f6d015
12-13 23:37:37.747 W/ActivityManager( 1626): java.lang.ClassCastException: android.os.BinderProxy cannot be cast to com.android.server.am.ActivityRecord$Token
12-13 23:37:37.747 W/ActivityManager( 1626): 	at com.android.server.am.ActivityRecord.forTokenLocked(ActivityRecord.java:778)
12-13 23:37:37.747 W/ActivityManager( 1626): 	at com.android.server.am.ActivityRecord.isInStackLocked(ActivityRecord.java:2085)
12-13 23:37:37.747 W/ActivityManager( 1626): 	at com.android.server.am.ActivityManagerService.getActivityOptions(ActivityManagerService.java:13302)
12-13 23:37:37.747 W/ActivityManager( 1626): 	at android.app.IActivityManager$Stub.onTransact(IActivityManager.java:2910)
12-13 23:37:37.747 W/ActivityManager( 1626): 	at com.android.server.am.ActivityManagerService.onTransact(ActivityManagerService.java:2935)
12-13 23:37:37.747 W/ActivityManager( 1626): 	at android.os.Binder.execTransact(Binder.java:674)
12-13 23:37:37.756 I/chatty  ( 1626): uid=1000(system) RenderThread identical 14 lines
12-13 23:37:37.756 I/Finsky  ( 2550): [2] abuj.b(10): SCH: Running job: 29-29
12-13 23:37:37.756 E/OpenGLRenderer( 1626): GL error:  GL_INVALID_OPERATION
12-13 23:37:37.756 E/OpenGLRenderer( 1626): GL error:  GL_INVALID_OPERATION
12-13 23:37:37.771 I/chatty  ( 1626): uid=1000(system) RenderThread identical 31 lines
12-13 23:37:37.771 E/OpenGLRenderer( 1626): GL error:  GL_INVALID_OPERATION
12-13 23:37:37.771 I/Finsky  ( 2550): [2] abui.handleMessage(59): SCH: RunningQueue size: 2, PendingQueue size: 0
12-13 23:37:37.771 E/OpenGLRenderer( 1626): GL error:  GL_INVALID_OPERATION
12-13 23:37:37.772 I/Finsky  ( 2550): [2] abuj.p(3): SCH: Running queue: 12-1 29-29 
12-13 23:37:37.773 I/chatty  ( 1626): uid=1000(system) RenderThread expire 5 lines
12-13 23:37:37.773 E/OpenGLRenderer( 1626): GL error:  GL_INVALID_OPERATION
12-13 23:37:37.774 E/OpenGLRenderer( 1626): GL error:  GL_INVALID_OPERATION
12-13 23:37:37.778 I/chatty  ( 1626): uid=1000(system) RenderThread identical 8 lines
12-13 23:37:37.779 E/OpenGLRenderer( 1626): GL error:  GL_INVALID_OPERATION
12-13 23:37:37.779 I/Finsky  ( 2550): [191] ajmy.a(0): ProcessRecoveryLogsUtil: No files in recovery directory
12-13 23:37:37.779 E/OpenGLRenderer( 1626): GL error:  GL_INVALID_OPERATION
12-13 23:37:37.780 I/chatty  ( 1626): uid=1000(system) RenderThread identical 3 lines
12-13 23:37:37.780 E/OpenGLRenderer( 1626): GL error:  GL_INVALID_OPERATION
12-13 23:37:37.780 I/Finsky  ( 2550): [191] abvs.n(4): SCH: jobFinished: 29-29. TimeElapsed: 23ms.
12-13 23:37:37.780 E/OpenGLRenderer( 1626): GL error:  GL_INVALID_OPERATION
12-13 23:37:37.790 I/chatty  ( 1626): uid=1000(system) RenderThread identical 15 lines
12-13 23:37:37.790 E/OpenGLRenderer( 1626): GL error:  GL_INVALID_OPERATION
12-13 23:37:37.791 I/Finsky  ( 2550): [2] abuj.e(4): SCH: Job 29-29 finished. Not rescheduling.
12-13 23:37:37.791 I/Finsky  ( 2550): [2] abui.handleMessage(59): SCH: RunningQueue size: 1, PendingQueue size: 0
12-13 23:37:37.791 I/Finsky  ( 2550): [2] abuj.p(3): SCH: Running queue: 12-1 
12-13 23:37:37.792 E/OpenGLRenderer( 1626): GL error:  GL_INVALID_OPERATION
12-13 23:37:37.849 I/chatty  ( 1626): uid=1000(system) RenderThread identical 109 lines
12-13 23:37:37.852 E/OpenGLRenderer( 1626): GL error:  GL_INVALID_OPERATION
12-13 23:37:37.856 V/StatusBar( 1731): setLightsOn(true)
12-13 23:37:37.856 E/OpenGLRenderer( 1626): GL error:  GL_INVALID_OPERATION
12-13 23:37:37.888 I/chatty  ( 1626): uid=1000(system) RenderThread identical 77 lines
12-13 23:37:37.890 E/OpenGLRenderer( 1626): GL error:  GL_INVALID_OPERATION
12-13 23:37:37.893 V/StatusBar( 1731): setLightsOn(true)
12-13 23:37:37.894 E/OpenGLRenderer( 1626): GL error:  GL_INVALID_OPERATION
12-13 23:37:37.941 I/chatty  ( 1626): uid=1000(system) RenderThread identical 135 lines
12-13 23:37:37.941 E/OpenGLRenderer( 1626): GL error:  GL_INVALID_OPERATION
12-13 23:37:37.942 V/StatusBar( 1731): setLightsOn(true)
12-13 23:37:37.944 V/StatusBar( 1731): setLightsOn(true)
12-13 23:37:37.945 E/OpenGLRenderer( 1626): GL error:  GL_INVALID_OPERATION
12-13 23:37:37.963 I/zygote  ( 4251): Do partial code cache collection, code=25KB, data=30KB
12-13 23:37:37.963 I/chatty  ( 1626): uid=1000(system) RenderThread expire 52 lines
12-13 23:37:37.963 E/OpenGLRenderer( 1626): GL error:  GL_INVALID_OPERATION
12-13 23:37:37.963 E/OpenGLRenderer( 1626): GL error:  GL_INVALID_OPERATION
12-13 23:37:37.969 I/chatty  ( 1626): uid=1000(system) RenderThread identical 11 lines
12-13 23:37:37.969 E/OpenGLRenderer( 1626): GL error:  GL_INVALID_OPERATION
12-13 23:37:37.970 I/zygote  ( 4251): After code cache collection, code=25KB, data=30KB
12-13 23:37:37.970 I/zygote  ( 4251): Increasing code cache capacity to 128KB
12-13 23:37:37.970 E/OpenGLRenderer( 1626): GL error:  GL_INVALID_OPERATION
12-13 23:37:37.971 I/chatty  ( 1626): uid=1000(system) RenderThread identical 3 lines
12-13 23:37:37.972 E/OpenGLRenderer( 1626): GL error:  GL_INVALID_OPERATION
12-13 23:37:37.973 E/OpenGLRenderer( 1626): GL error:  GL_INVALID_OPERATION
12-13 23:37:37.999 I/chatty  ( 1626): uid=1000(system) RenderThread identical 78 lines
12-13 23:37:38.001 E/OpenGLRenderer( 1626): GL error:  GL_INVALID_OPERATION
12-13 23:37:38.001 D/gralloc_ranchu( 1390): gralloc_alloc: Creating ashmem region of size 7753728
12-13 23:37:38.002 E/OpenGLRenderer( 1626): GL error:  GL_INVALID_OPERATION
12-13 23:37:38.021 I/chatty  ( 1626): uid=1000(system) RenderThread identical 44 lines
12-13 23:37:38.021 E/OpenGLRenderer( 1626): GL error:  GL_INVALID_OPERATION
12-13 23:37:38.022 D/        ( 4251): HostConnection::get() New Host Connection established 0xa56ff4c0, tid 4251
12-13 23:37:38.022 E/OpenGLRenderer( 1626): GL error:  GL_INVALID_OPERATION
12-13 23:37:38.074 I/chatty  ( 1626): uid=1000(system) RenderThread identical 130 lines
12-13 23:37:38.075 E/OpenGLRenderer( 1626): GL error:  GL_INVALID_OPERATION
12-13 23:37:38.077 V/StatusBar( 1731): setLightsOn(true)
12-13 23:37:38.077 E/OpenGLRenderer( 1626): GL error:  GL_INVALID_OPERATION
12-13 23:37:38.078 E/OpenGLRenderer( 1626): GL error:  GL_INVALID_OPERATION
12-13 23:37:38.079 V/StatusBar( 1731): setLightsOn(true)
12-13 23:37:38.079 E/OpenGLRenderer( 1626): GL error:  GL_INVALID_OPERATION
12-13 23:37:38.080 I/chatty  ( 1626): uid=1000(system) RenderThread identical 1 line
12-13 23:37:38.081 E/OpenGLRenderer( 1626): GL error:  GL_INVALID_OPERATION
12-13 23:37:38.081 I/ActivityManager( 1626): Displayed com.evancharlton.mileage/.Mileage: +693ms
12-13 23:37:38.083 E/OpenGLRenderer( 1626): GL error:  GL_INVALID_OPERATION
12-13 23:37:38.083 E/OpenGLRenderer( 1626): GL error:  GL_INVALID_OPERATION
12-13 23:37:38.084 V/StatusBar( 1731): setLightsOn(true)
12-13 23:37:38.086 E/OpenGLRenderer( 1626): GL error:  GL_INVALID_OPERATION
12-13 23:37:38.100 I/chatty  ( 1626): uid=1000(system) RenderThread identical 25 lines
12-13 23:37:38.100 E/OpenGLRenderer( 1626): GL error:  GL_INVALID_OPERATION
12-13 23:37:38.101 V/StatusBar( 1731): setLightsOn(true)
12-13 23:37:38.102 E/OpenGLRenderer( 1626): GL error:  GL_INVALID_OPERATION
12-13 23:37:38.112 I/chatty  ( 1626): uid=1000(system) RenderThread identical 33 lines
12-13 23:37:38.112 E/OpenGLRenderer( 1626): GL error:  GL_INVALID_OPERATION
12-13 23:37:38.113 D/gralloc_ranchu( 1390): gralloc_alloc: Creating ashmem region of size 7753728
12-13 23:37:38.113 E/OpenGLRenderer( 1626): GL error:  GL_INVALID_OPERATION
12-13 23:37:38.217 I/chatty  ( 1626): uid=1000(system) RenderThread identical 189 lines
12-13 23:37:38.218 E/OpenGLRenderer( 1626): GL error:  GL_INVALID_OPERATION
12-13 23:37:38.223 V/StatusBar( 1731): setLightsOn(true)
12-13 23:37:38.229 E/OpenGLRenderer( 1626): GL error:  GL_INVALID_OPERATION
12-13 23:37:38.242 I/chatty  ( 1626): uid=1000(system) RenderThread identical 24 lines
12-13 23:37:38.242 E/OpenGLRenderer( 1626): GL error:  GL_INVALID_OPERATION
12-13 23:37:38.242 I/zygote  ( 4251): Do partial code cache collection, code=25KB, data=53KB
12-13 23:37:38.242 E/OpenGLRenderer( 1626): GL error:  GL_INVALID_OPERATION
12-13 23:37:38.246 I/chatty  ( 1626): uid=1000(system) RenderThread identical 16 lines
12-13 23:37:38.246 E/OpenGLRenderer( 1626): GL error:  GL_INVALID_OPERATION
12-13 23:37:38.246 I/zygote  ( 4251): After code cache collection, code=25KB, data=53KB
12-13 23:37:38.246 E/OpenGLRenderer( 1626): GL error:  GL_INVALID_OPERATION
12-13 23:37:38.246 I/zygote  ( 4251): Increasing code cache capacity to 256KB
12-13 23:37:38.246 E/OpenGLRenderer( 1626): GL error:  GL_INVALID_OPERATION
12-13 23:37:38.246 I/zygote  ( 4251): JIT allocated 71KB for compiled code of void android.widget.TextView.<init>(android.content.Context, android.util.AttributeSet, int, int)
12-13 23:37:38.246 E/OpenGLRenderer( 1626): GL error:  GL_INVALID_OPERATION
12-13 23:37:38.247 I/zygote  ( 4251): Compiler allocated 4MB to compile void android.widget.TextView.<init>(android.content.Context, android.util.AttributeSet, int, int)
12-13 23:37:38.247 E/OpenGLRenderer( 1626): GL error:  GL_INVALID_OPERATION
12-13 23:37:38.257 I/chatty  ( 1626): uid=1000(system) RenderThread identical 29 lines
12-13 23:37:38.258 E/OpenGLRenderer( 1626): GL error:  GL_INVALID_OPERATION
12-13 23:37:38.258 V/StatusBar( 1731): setLightsOn(true)
12-13 23:37:38.258 E/OpenGLRenderer( 1626): GL error:  GL_INVALID_OPERATION
12-13 23:37:38.265 I/chatty  ( 1626): uid=1000(system) RenderThread identical 36 lines
12-13 23:37:38.265 E/OpenGLRenderer( 1626): GL error:  GL_INVALID_OPERATION
12-13 23:37:38.266 W/SurfaceFlinger( 1405): couldn't log to binary event log: overflow.
12-13 23:37:38.269 E/OpenGLRenderer( 1626): GL error:  GL_INVALID_OPERATION
12-13 23:37:38.272 I/chatty  ( 1626): uid=1000(system) RenderThread identical 4 lines
12-13 23:37:38.272 E/OpenGLRenderer( 1626): GL error:  GL_INVALID_OPERATION
12-13 23:37:38.273 V/StatusBar( 1731): setLightsOn(true)
12-13 23:37:38.273 E/OpenGLRenderer( 1626): GL error:  GL_INVALID_OPERATION
12-13 23:37:38.309 I/chatty  ( 1626): uid=1000(system) RenderThread identical 135 lines
12-13 23:37:38.309 E/OpenGLRenderer( 1626): GL error:  GL_INVALID_OPERATION
12-13 23:37:38.312 I/zygote  ( 2550): Deoptimizing void awuc.o(awuc) due to JIT inline cache
12-13 23:37:38.313 I/Finsky  ( 2550): [180] glv.b(1): Completed 0 account content syncs with 0 successful.
12-13 23:37:38.315 E/OpenGLRenderer( 1626): GL error:  GL_INVALID_OPERATION
12-13 23:37:38.316 E/OpenGLRenderer( 1626): GL error:  GL_INVALID_OPERATION
12-13 23:37:38.316 I/Finsky  ( 2550): [2] ContentSyncJob.a(1): [ContentSync] Installation state replication succeeded.
12-13 23:37:38.317 E/OpenGLRenderer( 1626): GL error:  GL_INVALID_OPERATION
12-13 23:37:38.317 I/chatty  ( 1626): uid=1000(system) RenderThread identical 1 line
12-13 23:37:38.317 E/OpenGLRenderer( 1626): GL error:  GL_INVALID_OPERATION
12-13 23:37:38.317 I/Finsky  ( 2550): [2] abvs.n(4): SCH: jobFinished: 12-1. TimeElapsed: 573ms.
12-13 23:37:38.318 E/OpenGLRenderer( 1626): GL error:  GL_INVALID_OPERATION
12-13 23:37:38.320 E/OpenGLRenderer( 1626): GL error:  GL_INVALID_OPERATION
12-13 23:37:38.321 I/Finsky  ( 2550): [2] abuj.e(4): SCH: Job 12-1 finished. Not rescheduling.
12-13 23:37:38.322 I/Finsky  ( 2550): [2] abui.handleMessage(59): SCH: RunningQueue size: 0, PendingQueue size: 0
12-13 23:37:38.322 E/OpenGLRenderer( 1626): GL error:  GL_INVALID_OPERATION
12-13 23:37:38.322 I/chatty  ( 1626): uid=1000(system) RenderThread identical 2 lines
12-13 23:37:38.322 E/OpenGLRenderer( 1626): GL error:  GL_INVALID_OPERATION
12-13 23:37:38.322 I/Finsky  ( 2550): [2] abui.handleMessage(26): SCH: Executor finished
12-13 23:37:38.323 E/OpenGLRenderer( 1626): GL error:  GL_INVALID_OPERATION
12-13 23:37:38.335 I/chatty  ( 1626): uid=1000(system) RenderThread identical 62 lines
12-13 23:37:38.338 E/OpenGLRenderer( 1626): GL error:  GL_INVALID_OPERATION
12-13 23:37:38.339 I/PBSessionCacheImpl( 2189): Deleted sessionId[2971016706130] from persistence.
12-13 23:37:38.343 E/OpenGLRenderer( 1626): GL error:  GL_INVALID_OPERATION
12-13 23:37:38.358 I/chatty  ( 1626): uid=1000(system) RenderThread identical 44 lines
12-13 23:37:38.358 E/OpenGLRenderer( 1626): GL error:  GL_INVALID_OPERATION
12-13 23:37:38.360 W/SearchService( 2189): Abort, client detached.
12-13 23:37:38.363 E/OpenGLRenderer( 1626): GL error:  GL_INVALID_OPERATION
12-13 23:37:38.369 I/chatty  ( 1626): uid=1000(system) RenderThread identical 16 lines
12-13 23:37:38.370 E/OpenGLRenderer( 1626): GL error:  GL_INVALID_OPERATION
12-13 23:37:38.371 D/BoundBrokerSvc( 1941): onUnbind: Intent { act=com.google.android.gms.tapandpay.service.BIND cmp=com.google.android.gms/.chimera.PersistentApiService }
12-13 23:37:38.374 E/OpenGLRenderer( 1626): GL error:  GL_INVALID_OPERATION
12-13 23:37:38.409 I/chatty  ( 1626): uid=1000(system) RenderThread identical 126 lines
12-13 23:37:38.409 E/OpenGLRenderer( 1626): GL error:  GL_INVALID_OPERATION
12-13 23:37:38.409 I/Finsky  ( 2550): [2] abwt.b(5): SCH: Jobs in database: 1-1337 2-48879 3-46 26-1414141414 
12-13 23:37:38.412 I/Finsky  ( 2550): [2] abvf.d(37): SCH: ConstraintMapping: 1-1337,  -> L: 12908551ms, D: 56108551ms, C: false, I: false, N: 1
12-13 23:37:38.412 I/Finsky  ( 2550): [2] abvf.d(37): SCH: ConstraintMapping: 2-48879, 3-46,  -> L: 0ms, D: 75777684ms, C: true, I: true, N: 2
12-13 23:37:38.412 I/Finsky  ( 2550): [2] abvf.d(37): SCH: ConstraintMapping: 26-1414141414,  -> L: 33898639ms, D: 34798639ms, C: false, I: false, N: 0
12-13 23:37:38.412 E/OpenGLRenderer( 1626): GL error:  GL_INVALID_OPERATION
12-13 23:37:38.418 I/chatty  ( 1626): uid=1000(system) RenderThread identical 37 lines
12-13 23:37:38.418 E/OpenGLRenderer( 1626): GL error:  GL_INVALID_OPERATION
12-13 23:37:38.419 I/Finsky  ( 2550): [2] abvf.f(7): SCH: Cancelling existing jobscheduler jobs: 9004 
12-13 23:37:38.419 E/OpenGLRenderer( 1626): GL error:  GL_INVALID_OPERATION
12-13 23:37:38.419 E/OpenGLRenderer( 1626): GL error:  GL_INVALID_OPERATION
12-13 23:37:38.419 I/Finsky  ( 2550): [2] abvf.e(23): SCH: Scheduling job Id: 9001, L: 12908551, D: 56108551, C: false, I: false, N: 1
12-13 23:37:38.419 E/OpenGLRenderer( 1626): GL error:  GL_INVALID_OPERATION
12-13 23:37:38.419 I/chatty  ( 1626): uid=1000(system) RenderThread identical 2 lines
12-13 23:37:38.419 E/OpenGLRenderer( 1626): GL error:  GL_INVALID_OPERATION
12-13 23:37:38.419 I/Finsky  ( 2550): [2] abvf.e(8): SCH: Throttling wakeup for job 9002 (expected to run in 0 ms) due to recent wakeup
12-13 23:37:38.419 E/OpenGLRenderer( 1626): GL error:  GL_INVALID_OPERATION
12-13 23:37:38.419 I/Finsky  ( 2550): [2] abvf.e(23): SCH: Scheduling job Id: 9002, L: 30000, D: 75777684, C: true, I: true, N: 2
12-13 23:37:38.420 E/OpenGLRenderer( 1626): GL error:  GL_INVALID_OPERATION
12-13 23:37:38.420 I/Finsky  ( 2550): [2] abvf.e(23): SCH: Scheduling job Id: 9003, L: 33898639, D: 34798639, C: false, I: false, N: 0
12-13 23:37:38.421 E/OpenGLRenderer( 1626): GL error:  GL_INVALID_OPERATION
