12-13 23:37:40.912 I/chatty  ( 1626): uid=1000(system) RenderThread identical 8 lines
12-13 23:37:40.912 E/OpenGLRenderer( 1626): GL error:  GL_INVALID_OPERATION
12-13 23:37:40.913 D/EGL_emulation( 1731): eglMakeCurrent: 0x94556400: ver 3 0 (tinfo 0x9450bcb0)
12-13 23:37:40.921 D/EGL_emulation( 1731): eglMakeCurrent: 0x94556400: ver 3 0 (tinfo 0x9450bcb0)
12-13 23:37:40.923 E/OpenGLRenderer( 1626): GL error:  GL_INVALID_OPERATION
12-13 23:37:40.923 I/chatty  ( 1626): uid=1000(system) RenderThread identical 1 line
12-13 23:37:40.925 E/OpenGLRenderer( 1626): GL error:  GL_INVALID_OPERATION
12-13 23:37:40.926 D/EGL_emulation( 1731): eglMakeCurrent: 0x94556400: ver 3 0 (tinfo 0x9450bcb0)
12-13 23:37:40.928 E/OpenGLRenderer( 1626): GL error:  GL_INVALID_OPERATION
12-13 23:37:40.935 I/chatty  ( 1626): uid=1000(system) RenderThread identical 5 lines
12-13 23:37:40.937 E/OpenGLRenderer( 1626): GL error:  GL_INVALID_OPERATION
12-13 23:37:40.938 D/EGL_emulation( 1731): eglMakeCurrent: 0x94556400: ver 3 0 (tinfo 0x9450bcb0)
12-13 23:37:40.940 W/ActivityManager( 1626): Bad activity token: android.os.BinderProxy@2dd8053
12-13 23:37:40.940 W/ActivityManager( 1626): java.lang.ClassCastException: android.os.BinderProxy cannot be cast to com.android.server.am.ActivityRecord$Token
12-13 23:37:40.940 W/ActivityManager( 1626): 	at com.android.server.am.ActivityRecord.forTokenLocked(ActivityRecord.java:778)
12-13 23:37:40.940 W/ActivityManager( 1626): 	at com.android.server.am.ActivityRecord.isInStackLocked(ActivityRecord.java:2085)
12-13 23:37:40.940 W/ActivityManager( 1626): 	at com.android.server.am.ActivityManagerService.getActivityOptions(ActivityManagerService.java:13302)
12-13 23:37:40.940 W/ActivityManager( 1626): 	at android.app.IActivityManager$Stub.onTransact(IActivityManager.java:2910)
12-13 23:37:40.940 W/ActivityManager( 1626): 	at com.android.server.am.ActivityManagerService.onTransact(ActivityManagerService.java:2935)
12-13 23:37:40.940 W/ActivityManager( 1626): 	at android.os.Binder.execTransact(Binder.java:674)
12-13 23:37:40.940 E/OpenGLRenderer( 1626): GL error:  GL_INVALID_OPERATION
12-13 23:37:40.941 E/OpenGLRenderer( 1626): GL error:  GL_INVALID_OPERATION
12-13 23:37:40.942 W/ActivityManager( 1626): Bad activity token: android.os.BinderProxy@2dd8053
12-13 23:37:40.942 W/ActivityManager( 1626): java.lang.ClassCastException: android.os.BinderProxy cannot be cast to com.android.server.am.ActivityRecord$Token
12-13 23:37:40.942 W/ActivityManager( 1626): 	at com.android.server.am.ActivityRecord.forTokenLocked(ActivityRecord.java:778)
12-13 23:37:40.942 W/ActivityManager( 1626): 	at com.android.server.am.ActivityRecord.isInStackLocked(ActivityRecord.java:2085)
12-13 23:37:40.942 W/ActivityManager( 1626): 	at com.android.server.am.ActivityManagerService.getActivityOptions(ActivityManagerService.java:13302)
12-13 23:37:40.942 W/ActivityManager( 1626): 	at android.app.IActivityManager$Stub.onTransact(IActivityManager.java:2910)
12-13 23:37:40.942 W/ActivityManager( 1626): 	at com.android.server.am.ActivityManagerService.onTransact(ActivityManagerService.java:2935)
12-13 23:37:40.942 W/ActivityManager( 1626): 	at android.os.Binder.execTransact(Binder.java:674)
12-13 23:37:40.943 E/OpenGLRenderer( 1626): GL error:  GL_INVALID_OPERATION
12-13 23:37:40.943 D/EGL_emulation( 1731): eglMakeCurrent: 0x94556400: ver 3 0 (tinfo 0x9450bcb0)
12-13 23:37:40.952 I/chatty  ( 1626): uid=1000(system) RenderThread expire 12 lines
12-13 23:37:40.952 E/OpenGLRenderer( 1626): GL error:  GL_INVALID_OPERATION
12-13 23:37:40.954 D/EGL_emulation( 1731): eglMakeCurrent: 0x94556400: ver 3 0 (tinfo 0x9450bcb0)
12-13 23:37:40.954 E/OpenGLRenderer( 1626): GL error:  GL_INVALID_OPERATION
12-13 23:37:40.956 I/chatty  ( 1626): uid=1000(system) RenderThread identical 4 lines
12-13 23:37:40.957 E/OpenGLRenderer( 1626): GL error:  GL_INVALID_OPERATION
12-13 23:37:40.957 D/EGL_emulation( 1731): eglMakeCurrent: 0x94556400: ver 3 0 (tinfo 0x9450bcb0)
12-13 23:37:40.958 E/OpenGLRenderer( 1626): GL error:  GL_INVALID_OPERATION
12-13 23:37:40.963 I/chatty  ( 1626): uid=1000(system) RenderThread identical 20 lines
12-13 23:37:40.968 E/OpenGLRenderer( 1626): GL error:  GL_INVALID_OPERATION
12-13 23:37:40.974 D/EGL_emulation( 1731): eglMakeCurrent: 0x94556400: ver 3 0 (tinfo 0x9450bcb0)
12-13 23:37:40.975 E/OpenGLRenderer( 1626): GL error:  GL_INVALID_OPERATION
12-13 23:37:40.977 I/chatty  ( 1626): uid=1000(system) RenderThread identical 5 lines
12-13 23:37:40.980 E/OpenGLRenderer( 1626): GL error:  GL_INVALID_OPERATION
12-13 23:37:40.981 D/EGL_emulation( 1731): eglMakeCurrent: 0x94556400: ver 3 0 (tinfo 0x9450bcb0)
12-13 23:37:40.981 E/OpenGLRenderer( 1626): GL error:  GL_INVALID_OPERATION
12-13 23:37:40.995 I/chatty  ( 1626): uid=1000(system) RenderThread identical 5 lines
12-13 23:37:40.995 E/OpenGLRenderer( 1626): GL error:  GL_INVALID_OPERATION
12-13 23:37:40.996 E/OpenGLRenderer( 1626): GL error:  GL_INVALID_OPERATION
12-13 23:37:40.996 D/EGL_emulation( 1731): eglMakeCurrent: 0x94556400: ver 3 0 (tinfo 0x9450bcb0)
12-13 23:37:41.002 I/chatty  ( 1626): uid=1000(system) RenderThread expire 12 lines
12-13 23:37:41.003 E/OpenGLRenderer( 1626): GL error:  GL_INVALID_OPERATION
12-13 23:37:41.004 D/EGL_emulation( 1731): eglMakeCurrent: 0x94556400: ver 3 0 (tinfo 0x9450bcb0)
12-13 23:37:41.004 E/OpenGLRenderer( 1626): GL error:  GL_INVALID_OPERATION
12-13 23:37:41.019 I/chatty  ( 1626): uid=1000(system) RenderThread identical 54 lines
12-13 23:37:41.019 E/OpenGLRenderer( 1626): GL error:  GL_INVALID_OPERATION
12-13 23:37:41.019 D/EGL_emulation( 1731): eglMakeCurrent: 0x94556400: ver 3 0 (tinfo 0x9450bcb0)
12-13 23:37:41.023 E/OpenGLRenderer( 1626): GL error:  GL_INVALID_OPERATION
12-13 23:37:41.031 I/chatty  ( 1626): uid=1000(system) RenderThread identical 32 lines
12-13 23:37:41.031 E/OpenGLRenderer( 1626): GL error:  GL_INVALID_OPERATION
12-13 23:37:41.033 D/EGL_emulation( 1731): eglMakeCurrent: 0x94556400: ver 3 0 (tinfo 0x9450bcb0)
12-13 23:37:41.038 E/OpenGLRenderer( 1626): GL error:  GL_INVALID_OPERATION
12-13 23:37:41.056 I/chatty  ( 1626): uid=1000(system) RenderThread identical 114 lines
12-13 23:37:41.057 E/OpenGLRenderer( 1626): GL error:  GL_INVALID_OPERATION
12-13 23:37:41.057 D/EGL_emulation( 1731): eglMakeCurrent: 0x94556400: ver 3 0 (tinfo 0x9450bcb0)
12-13 23:37:41.057 E/OpenGLRenderer( 1626): GL error:  GL_INVALID_OPERATION
12-13 23:37:41.062 I/chatty  ( 1626): uid=1000(system) RenderThread identical 11 lines
12-13 23:37:41.062 E/OpenGLRenderer( 1626): GL error:  GL_INVALID_OPERATION
12-13 23:37:41.067 V/StatusBar( 1731): setLightsOn(true)
12-13 23:37:41.069 E/OpenGLRenderer( 1626): GL error:  GL_INVALID_OPERATION
12-13 23:37:41.093 I/chatty  ( 1626): uid=1000(system) RenderThread identical 96 lines
12-13 23:37:41.094 E/OpenGLRenderer( 1626): GL error:  GL_INVALID_OPERATION
12-13 23:37:41.094 D/gralloc_ranchu( 1390): gralloc_alloc: Creating ashmem region of size 7753728
12-13 23:37:41.094 E/OpenGLRenderer( 1626): GL error:  GL_INVALID_OPERATION
12-13 23:37:41.112 I/chatty  ( 1626): uid=1000(system) RenderThread identical 46 lines
12-13 23:37:41.112 E/OpenGLRenderer( 1626): GL error:  GL_INVALID_OPERATION
12-13 23:37:41.112 D/        ( 4320): HostConnection::get() New Host Connection established 0xa56b0d40, tid 4320
12-13 23:37:41.112 E/OpenGLRenderer( 1626): GL error:  GL_INVALID_OPERATION
12-13 23:37:41.156 I/chatty  ( 1626): uid=1000(system) RenderThread identical 115 lines
12-13 23:37:41.156 E/OpenGLRenderer( 1626): GL error:  GL_INVALID_OPERATION
12-13 23:37:41.156 V/StatusBar( 1731): setLightsOn(true)
12-13 23:37:41.157 E/OpenGLRenderer( 1626): GL error:  GL_INVALID_OPERATION
12-13 23:37:41.159 I/chatty  ( 1626): uid=1000(system) RenderThread identical 5 lines
12-13 23:37:41.159 E/OpenGLRenderer( 1626): GL error:  GL_INVALID_OPERATION
12-13 23:37:41.160 V/StatusBar( 1731): setLightsOn(true)
12-13 23:37:41.160 E/OpenGLRenderer( 1626): GL error:  GL_INVALID_OPERATION
12-13 23:37:41.163 I/chatty  ( 1626): uid=1000(system) RenderThread identical 25 lines
12-13 23:37:41.163 E/OpenGLRenderer( 1626): GL error:  GL_INVALID_OPERATION
12-13 23:37:41.165 I/ActivityManager( 1626): Displayed com.evancharlton.mileage/.Mileage: +430ms
12-13 23:37:41.165 E/OpenGLRenderer( 1626): GL error:  GL_INVALID_OPERATION
12-13 23:37:41.166 E/OpenGLRenderer( 1626): GL error:  GL_INVALID_OPERATION
12-13 23:37:41.168 V/StatusBar( 1731): setLightsOn(true)
12-13 23:37:41.169 E/OpenGLRenderer( 1626): GL error:  GL_INVALID_OPERATION
12-13 23:37:41.181 I/chatty  ( 1626): uid=1000(system) RenderThread identical 65 lines
12-13 23:37:41.181 E/OpenGLRenderer( 1626): GL error:  GL_INVALID_OPERATION
12-13 23:37:41.181 D/gralloc_ranchu( 1390): gralloc_alloc: Creating ashmem region of size 7753728
12-13 23:37:41.181 E/OpenGLRenderer( 1626): GL error:  GL_INVALID_OPERATION
12-13 23:37:41.200 I/chatty  ( 1626): uid=1000(system) RenderThread identical 65 lines
12-13 23:37:41.200 E/OpenGLRenderer( 1626): GL error:  GL_INVALID_OPERATION
12-13 23:37:41.200 I/zygote  ( 4320): Do partial code cache collection, code=26KB, data=30KB
12-13 23:37:41.200 I/zygote  ( 4320): After code cache collection, code=26KB, data=30KB
12-13 23:37:41.200 E/OpenGLRenderer( 1626): GL error:  GL_INVALID_OPERATION
12-13 23:37:41.200 I/zygote  ( 4320): Increasing code cache capacity to 128KB
12-13 23:37:41.200 E/OpenGLRenderer( 1626): GL error:  GL_INVALID_OPERATION
12-13 23:37:41.200 I/chatty  ( 1626): uid=1000(system) RenderThread identical 1 line
12-13 23:37:41.200 E/OpenGLRenderer( 1626): GL error:  GL_INVALID_OPERATION
12-13 23:37:41.201 I/zygote  ( 4320): Do partial code cache collection, code=26KB, data=48KB
12-13 23:37:41.201 E/OpenGLRenderer( 1626): GL error:  GL_INVALID_OPERATION
12-13 23:37:41.201 I/zygote  ( 4320): After code cache collection, code=26KB, data=48KB
12-13 23:37:41.201 I/zygote  ( 4320): Increasing code cache capacity to 256KB
12-13 23:37:41.201 E/OpenGLRenderer( 1626): GL error:  GL_INVALID_OPERATION
12-13 23:37:41.201 I/zygote  ( 4320): JIT allocated 71KB for compiled code of void android.widget.TextView.<init>(android.content.Context, android.util.AttributeSet, int, int)
12-13 23:37:41.201 I/zygote  ( 4320): Compiler allocated 4MB to compile void android.widget.TextView.<init>(android.content.Context, android.util.AttributeSet, int, int)
12-13 23:37:41.201 E/OpenGLRenderer( 1626): GL error:  GL_INVALID_OPERATION
12-13 23:37:41.261 I/chatty  ( 1626): uid=1000(system) RenderThread identical 205 lines
12-13 23:37:41.261 E/OpenGLRenderer( 1626): GL error:  GL_INVALID_OPERATION
12-13 23:37:41.261 E/memtrack( 1626): Couldn't load memtrack module
12-13 23:37:41.261 E/OpenGLRenderer( 1626): GL error:  GL_INVALID_OPERATION
12-13 23:37:41.261 W/android.os.Debug( 1626): failed to get memory consumption info: -1
12-13 23:37:41.261 E/OpenGLRenderer( 1626): GL error:  GL_INVALID_OPERATION
12-13 23:37:41.264 I/chatty  ( 1626): uid=1000(system) RenderThread identical 20 lines
12-13 23:37:41.264 E/OpenGLRenderer( 1626): GL error:  GL_INVALID_OPERATION
12-13 23:37:41.268 V/StatusBar( 1731): setLightsOn(true)
12-13 23:37:41.268 E/OpenGLRenderer( 1626): GL error:  GL_INVALID_OPERATION
12-13 23:37:41.351 I/chatty  ( 1626): uid=1000(system) RenderThread identical 335 lines
12-13 23:37:41.352 E/OpenGLRenderer( 1626): GL error:  GL_INVALID_OPERATION
12-13 23:37:41.352 E/OpenGLRenderer( 1626): GL error:  GL_INVALID_OPERATION
12-13 23:37:41.352 V/StatusBar( 1731): setLightsOn(true)
12-13 23:37:41.384 I/chatty  ( 1626): uid=1000(system) RenderThread expire 168 lines
12-13 23:37:41.384 E/OpenGLRenderer( 1626): GL error:  GL_INVALID_OPERATION
12-13 23:37:41.384 V/StatusBar( 1731): setLightsOn(true)
12-13 23:37:41.384 E/OpenGLRenderer( 1626): GL error:  GL_INVALID_OPERATION
12-13 23:37:41.533 I/chatty  ( 1626): uid=1000(system) RenderThread identical 468 lines
12-13 23:37:41.533 E/OpenGLRenderer( 1626): GL error:  GL_INVALID_OPERATION
12-13 23:37:41.533 E/OpenGLRenderer( 1626): GL error:  GL_INVALID_OPERATION
12-13 23:37:41.533 V/StatusBar( 1731): setLightsOn(true)
12-13 23:37:41.534 I/chatty  ( 1626): uid=1000(system) RenderThread expire 5 lines
12-13 23:37:41.535 E/OpenGLRenderer( 1626): GL error:  GL_INVALID_OPERATION
12-13 23:37:41.535 V/StatusBar( 1731): setLightsOn(true)
12-13 23:37:41.535 E/OpenGLRenderer( 1626): GL error:  GL_INVALID_OPERATION
12-13 23:37:41.547 I/chatty  ( 1626): uid=1000(system) RenderThread identical 32 lines
12-13 23:37:41.548 E/OpenGLRenderer( 1626): GL error:  GL_INVALID_OPERATION
12-13 23:37:41.552 V/StatusBar( 1731): setLightsOn(true)
12-13 23:37:41.552 E/OpenGLRenderer( 1626): GL error:  GL_INVALID_OPERATION
12-13 23:37:41.563 I/chatty  ( 1626): uid=1000(system) RenderThread identical 29 lines
12-13 23:37:41.564 E/OpenGLRenderer( 1626): GL error:  GL_INVALID_OPERATION
12-13 23:37:41.564 W/SurfaceFlinger( 1405): couldn't log to binary event log: overflow.
12-13 23:37:41.564 E/OpenGLRenderer( 1626): GL error:  GL_INVALID_OPERATION
12-13 23:37:41.638 I/chatty  ( 1626): uid=1000(system) RenderThread identical 196 lines
12-13 23:37:41.639 E/OpenGLRenderer( 1626): GL error:  GL_INVALID_OPERATION
12-13 23:37:41.647 I/PBSessionCacheImpl( 2189): Deleted sessionId[2971016706241] from persistence.
12-13 23:37:41.650 E/OpenGLRenderer( 1626): GL error:  GL_INVALID_OPERATION
