12-14 03:56:56.289 D/VehicleStatisticsTask( 4533): Calculation starting...
12-14 03:56:56.290 D/VehicleStatisticsActivity( 4533): Recalculation started!
12-14 03:56:56.295 D/VehicleStatisticsTask( 4533): Not enough fillups to calculate statistics
12-14 03:56:56.332 I/zygote  ( 4533): Do full code cache collection, code=231KB, data=150KB
12-14 03:56:56.333 I/zygote  ( 4533): After code cache collection, code=230KB, data=129KB
12-14 03:56:56.394 E/SurfaceFlinger( 1405): ro.sf.lcd_density must be defined as a build property
12-14 03:56:56.404 D/gralloc_ranchu( 1396): gralloc_alloc: Creating ashmem region of size 8298496
12-14 03:56:56.415 D/        ( 4591): HostConnection::get() New Host Connection established 0xafbaf800, tid 4591
12-14 03:56:56.437 E/TaskPersister( 1627): File error accessing recents directory (directory doesn't exist?).
12-14 03:56:56.445 D/VehicleStatisticsTask( 4533): Done recalculating!
12-14 03:56:56.446 D/VehicleStatisticsTask( 4533): Done recalculating!
12-14 03:56:56.447 D/VehicleStatisticsAdapter( 4533): Erasing the cache ...
12-14 03:56:56.473 D/VehicleStatisticsAdapter( 4533): Erasing the cache ...
12-14 03:56:56.481 D/Mileage.ABS( 4533): Finished backup
12-14 03:56:56.485 D/VehicleStatisticsAdapter( 4533): Building new values ...
12-14 03:56:56.485 D/VehicleStatisticsAdapter( 4533): Building new values ...
12-14 03:56:56.485 D/VehicleStatisticsAdapter( 4533): Writing 29 records to the database ...
12-14 03:56:56.485 D/VehicleStatisticsAdapter( 4533): Writing 29 records to the database ...
12-14 03:56:56.501 D/Mileage.ABS( 4533): Not backing up; 54
12-14 03:56:56.517 I/zygote  ( 4533): Do partial code cache collection, code=247KB, data=144KB
12-14 03:56:56.517 I/zygote  ( 4533): After code cache collection, code=247KB, data=144KB
12-14 03:56:56.517 I/zygote  ( 4533): Increasing code cache capacity to 1024KB
12-14 03:56:56.639 D/Mileage.ABS( 4533): Not backing up; 192
12-14 03:56:56.643 D/Mileage.ABS( 4533): Not backing up; 196
12-14 03:56:56.643 D/Mileage.ABS( 4533): Not backing up; 196
12-14 03:56:56.648 D/Mileage.ABS( 4533): Not backing up; 201
12-14 03:56:56.651 D/Mileage.ABS( 4533): Not backing up; 204
12-14 03:56:56.653 D/Mileage.ABS( 4533): Not backing up; 206
12-14 03:56:56.655 D/Mileage.ABS( 4533): Not backing up; 208
12-14 03:56:56.656 D/Mileage.ABS( 4533): Not backing up; 209
12-14 03:56:56.660 D/Mileage.ABS( 4533): Not backing up; 213
12-14 03:56:56.662 D/Mileage.ABS( 4533): Not backing up; 215
12-14 03:56:56.680 D/Mileage.ABS( 4533): Not backing up; 232
12-14 03:56:56.692 D/Mileage.ABS( 4533): Not backing up; 245
12-14 03:56:56.700 D/Mileage.ABS( 4533): Not backing up; 253
12-14 03:56:56.723 D/Mileage.ABS( 4533): Not backing up; 276
12-14 03:56:56.729 D/Mileage.ABS( 4533): Not backing up; 282
12-14 03:56:56.736 D/Mileage.ABS( 4533): Not backing up; 289
12-14 03:56:56.761 D/Mileage.ABS( 4533): Not backing up; 314
12-14 03:56:56.763 D/Mileage.ABS( 4533): Not backing up; 316
12-14 03:56:56.778 D/Mileage.ABS( 4533): Not backing up; 331
12-14 03:56:56.787 D/Mileage.ABS( 4533): Not backing up; 340
12-14 03:56:56.810 D/Mileage.ABS( 4533): Not backing up; 360
12-14 03:56:56.817 D/Mileage.ABS( 4533): Not backing up; 370
12-14 03:56:56.831 D/Mileage.ABS( 4533): Not backing up; 384
12-14 03:56:56.839 D/Mileage.ABS( 4533): Not backing up; 391
12-14 03:56:56.860 D/Mileage.ABS( 4533): Not backing up; 413
12-14 03:56:56.860 D/Mileage.ABS( 4533): Not backing up; 413
12-14 03:56:56.884 D/Mileage.ABS( 4533): Not backing up; 437
12-14 03:56:56.888 D/Mileage.ABS( 4533): Not backing up; 441
12-14 03:56:56.903 D/Mileage.ABS( 4533): Not backing up; 456
12-14 03:56:56.916 D/Mileage.ABS( 4533): Not backing up; 469
12-14 03:56:56.925 D/Mileage.ABS( 4533): Not backing up; 478
12-14 03:56:56.936 D/Mileage.ABS( 4533): Not backing up; 489
12-14 03:56:56.944 D/Mileage.ABS( 4533): Not backing up; 497
12-14 03:56:56.961 D/Mileage.ABS( 4533): Not backing up; 514
12-14 03:56:56.973 D/Mileage.ABS( 4533): Not backing up; 526
12-14 03:56:56.991 D/Mileage.ABS( 4533): Not backing up; 544
12-14 03:56:57.004 D/Mileage.ABS( 4533): Not backing up; 556
12-14 03:56:57.016 D/Mileage.ABS( 4533): Not backing up; 569
12-14 03:56:57.022 D/Mileage.ABS( 4533): Not backing up; 575
12-14 03:56:57.033 D/Mileage.ABS( 4533): Not backing up; 586
12-14 03:56:57.041 D/Mileage.ABS( 4533): Not backing up; 594
12-14 03:56:57.052 D/Mileage.ABS( 4533): Not backing up; 605
12-14 03:56:57.061 D/Mileage.ABS( 4533): Not backing up; 614
12-14 03:56:57.074 D/Mileage.ABS( 4533): Not backing up; 627
12-14 03:56:57.090 I/System.out( 4533): URI: //gesture
12-14 03:56:57.090 I/System.out( 4533): params: {json={"query_timeout":5.0,"gestures":[{"query_string":"android.widget.TabWidget descendant TextView index:0","touches":[{"x":50,"y":50,"offset_x":0,"offset_y":0,"wait":0.0,"time":0.2,"release":true,"query_string":null}]}]}
12-14 03:56:57.090 I/System.out( 4533): }
12-14 03:56:57.093 D/Mileage.ABS( 4533): Not backing up; 646
12-14 03:56:57.094 D/Mileage.ABS( 4533): Not backing up; 647
12-14 03:56:57.107 D/Mileage.ABS( 4533): Not backing up; 660
12-14 03:56:57.127 D/Mileage.ABS( 4533): Not backing up; 680
12-14 03:56:57.133 D/Mileage.ABS( 4533): Not backing up; 686
12-14 03:56:57.152 D/Mileage.ABS( 4533): Not backing up; 705
12-14 03:56:57.158 D/Mileage.ABS( 4533): Not backing up; 711
12-14 03:56:57.226 D/Mileage.ABS( 4533): Not backing up; 779
12-14 03:56:57.226 D/Mileage.ABS( 4533): Not backing up; 779
12-14 03:56:57.227 D/Mileage.ABS( 4533): Not backing up; 780
12-14 03:56:57.227 D/Mileage.ABS( 4533): Not backing up; 780
12-14 03:56:57.228 D/Mileage.ABS( 4533): Not backing up; 781
12-14 03:56:57.228 D/Mileage.ABS( 4533): Not backing up; 781
12-14 03:56:57.229 D/Mileage.ABS( 4533): Not backing up; 782
12-14 03:56:57.245 D/VehicleStatisticsAdapter( 4533): Caching of 29 records complete! (0.759 seconds)
12-14 03:56:57.246 D/Mileage.ABS( 4533): Not backing up; 799
12-14 03:56:57.253 D/VehicleStatisticsAdapter( 4533): Caching of 29 records complete! (0.768 seconds)
12-14 03:56:57.254 D/Mileage.ABS( 4533): Not backing up; 807
12-14 03:56:57.527 W/View    ( 4533): dispatchProvideAutofillStructure(): not laid out, ignoring
12-14 03:56:57.529 I/chatty  ( 4533): uid=10440(u0_a440) com.evancharlton.mileage identical 1 line
12-14 03:56:57.530 W/View    ( 4533): dispatchProvideAutofillStructure(): not laid out, ignoring
12-14 03:56:57.539 W/Binder  ( 1627): Outgoing transactions from this process must be FLAG_ONEWAY
12-14 03:56:57.539 W/Binder  ( 1627): java.lang.Throwable
12-14 03:56:57.539 W/Binder  ( 1627): 	at android.os.BinderProxy.transact(Binder.java:736)
12-14 03:56:57.539 W/Binder  ( 1627): 	at android.app.assist.AssistStructure$ParcelTransferReader.fetchData(AssistStructure.java:407)
12-14 03:56:57.539 W/Binder  ( 1627): 	at android.app.assist.AssistStructure$ParcelTransferReader.go(AssistStructure.java:343)
12-14 03:56:57.539 W/Binder  ( 1627): 	at android.app.assist.AssistStructure.ensureData(AssistStructure.java:2096)
12-14 03:56:57.539 W/Binder  ( 1627): 	at com.android.server.autofill.Session$1.send(Session.java:200)
12-14 03:56:57.539 W/Binder  ( 1627): 	at com.android.server.am.ActivityManagerService.reportAssistContextExtras(ActivityManagerService.java:13137)
12-14 03:56:57.539 W/Binder  ( 1627): 	at android.app.IActivityManager$Stub.onTransact(IActivityManager.java:2466)
12-14 03:56:57.539 W/Binder  ( 1627): 	at com.android.server.am.ActivityManagerService.onTransact(ActivityManagerService.java:2935)
12-14 03:56:57.539 W/Binder  ( 1627): 	at android.os.Binder.execTransact(Binder.java:674)
12-14 03:56:57.545 I/AssistStructure( 4533): Flattened final assist data: 15312 bytes, containing 1 windows, 69 views
12-14 03:56:57.555 I/AssistStructure( 1627): Flattened final assist data: 13988 bytes, containing 1 windows, 69 views
12-14 03:56:57.557 W/lgq     ( 1941): Pending fill request while another request in the same session was triggered. [CONTEXT service_id=177 ]
12-14 03:56:57.670 E/SurfaceFlinger( 1405): ro.sf.lcd_density must be defined as a build property
12-14 03:56:57.677 D/gralloc_ranchu( 1396): gralloc_alloc: Creating ashmem region of size 8298496
12-14 03:56:57.685 D/        ( 4635): HostConnection::get() New Host Connection established 0xa802f800, tid 4635
12-14 03:56:57.913 I/Dialer  ( 2015): VvmTaskExecutor - executing task com.android.voicemail.impl.ActivationTask@ebb440c
12-14 03:56:57.914 I/Dialer  ( 2015): PreOMigrationHandler - ComponentInfo{com.android.phone/com.android.services.telephony.TelephonyConnectionService}, [****], UserHandle{0} already migrated
12-14 03:56:57.948 I/Dialer  ( 2015): VvmActivationTask - VVM content provider configured - vvm_type_cvvm
12-14 03:56:57.948 I/Dialer  ( 2015): OmtpVvmCarrierCfgHlpr - OmtpEvent:CONFIG_ACTIVATING
12-14 03:56:58.047 I/Dialer  ( 2015): TelephonyMangerCompat.setVisualVoicemailSmsFilterSettings - using TelephonyManager
12-14 03:56:58.060 I/Dialer  ( 2015): TelephonyMangerCompat.sendVisualVoicemailSms - using TelephonyManager
12-14 03:56:58.082 I/System.out( 4533): URI: //
12-14 03:56:58.082 I/System.out( 4533): params: {json={"command":"set_activity_orientation","arguments":["landscape"]}
12-14 03:56:58.082 I/System.out( 4533): }
12-14 03:56:58.082 I/System.out( 4533): header: {content-type=application/json;charset=utf-8, date=Mon, 14 Dec 2020 08:56:58 GMT, accept=*/*, host=127.0.0.1:34777, content-length=64, user-agent=HTTPClient/1.0 (2.8.3, ruby 2.5.8 (2020-03-31))}
12-14 03:56:58.082 I/System.out( 4533): params: {json={"command":"set_activity_orientation","arguments":["landscape"]}
12-14 03:56:58.082 I/System.out( 4533): }
12-14 03:56:58.082 I/System.out( 4533): ProP json = {"command":"set_activity_orientation","arguments":["landscape"]}
12-14 03:56:58.082 I/System.out( 4533): files: {}
12-14 03:56:58.082 I/System.out( 4533): command: {"command":"set_activity_orientation","arguments":["landscape"]}
12-14 03:56:58.096 I/InstrumentationBackend( 4533): Got command:'Command:'Line:null,set_activity_orientation', arguments:'[landscape]'
12-14 03:56:58.108 D/gralloc_ranchu( 1396): gralloc_alloc: Creating ashmem region of size 8298496
12-14 03:56:58.124 W/LocalDisplayAdapter( 1627): Unable to find color mode 0, ignoring request.
12-14 03:56:58.135 I/InputReader( 1627): Reconfiguring input devices.  changes=0x00000004
12-14 03:56:58.135 I/InputReader( 1627): Device reconfigured: id=0, name='qwerty2', size 1080x1920, orientation 1, mode 1, display id 0
12-14 03:56:58.135 I/ActivityManager( 1627): Config changes=480 {1.0 310mcc260mnc [en_US] ldltr sw411dp w683dp h387dp 420dpi nrml land finger qwerty/v/v -nav/h appBounds=Rect(0, 0 - 1794, 1080) s.9}
12-14 03:56:58.167 I/ActivityManager( 1627): Override config changes=480 {1.0 310mcc260mnc [en_US] ldltr sw411dp w683dp h387dp 420dpi nrml land finger qwerty/v/v -nav/h appBounds=Rect(0, 0 - 1794, 1080) s.9} for displayId=0
12-14 03:56:58.208 I/calabash( 4533): newActivity1
12-14 03:56:58.232 D/gralloc_ranchu( 1396): gralloc_alloc: Creating ashmem region of size 544768
12-14 03:56:58.243 D/EGL_emulation( 1725): eglMakeCurrent: 0x8a752100: ver 3 0 (tinfo 0x99d6db50)
12-14 03:56:58.253 D/gralloc_ranchu( 1396): gralloc_alloc: Creating ashmem region of size 544768
12-14 03:56:58.291 W/ActivityManager( 1627): Bad activity token: android.os.BinderProxy@84131b2
12-14 03:56:58.291 W/ActivityManager( 1627): java.lang.ClassCastException: android.os.BinderProxy cannot be cast to com.android.server.am.ActivityRecord$Token
12-14 03:56:58.291 W/ActivityManager( 1627): 	at com.android.server.am.ActivityRecord.forTokenLocked(ActivityRecord.java:778)
12-14 03:56:58.291 W/ActivityManager( 1627): 	at com.android.server.am.ActivityRecord.isInStackLocked(ActivityRecord.java:2085)
12-14 03:56:58.291 W/ActivityManager( 1627): 	at com.android.server.am.ActivityRecord.getStackLocked(ActivityRecord.java:2090)
12-14 03:56:58.291 W/ActivityManager( 1627): 	at com.android.server.am.ActivityManagerService.getActivityDisplayId(ActivityManagerService.java:10406)
12-14 03:56:58.291 W/ActivityManager( 1627): 	at android.app.IActivityManager$Stub.onTransact(IActivityManager.java:2738)
12-14 03:56:58.291 W/ActivityManager( 1627): 	at com.android.server.am.ActivityManagerService.onTransact(ActivityManagerService.java:2935)
12-14 03:56:58.291 W/ActivityManager( 1627): 	at android.os.Binder.execTransact(Binder.java:674)
12-14 03:56:58.295 I/calabash( 4533): newActivity1
12-14 03:56:58.300 W/AutofillManager( 4533): Session 1113964989 could not be restored
12-14 03:56:58.303 W/ActivityManager( 1627): Bad activity token: android.os.BinderProxy@84131b2
12-14 03:56:58.303 W/ActivityManager( 1627): java.lang.ClassCastException: android.os.BinderProxy cannot be cast to com.android.server.am.ActivityRecord$Token
12-14 03:56:58.303 W/ActivityManager( 1627): 	at com.android.server.am.ActivityRecord.forTokenLocked(ActivityRecord.java:778)
12-14 03:56:58.303 W/ActivityManager( 1627): 	at com.android.server.am.ActivityRecord.isInStackLocked(ActivityRecord.java:2085)
12-14 03:56:58.303 W/ActivityManager( 1627): 	at com.android.server.am.ActivityManagerService.setTaskDescription(ActivityManagerService.java:9988)
12-14 03:56:58.303 W/ActivityManager( 1627): 	at android.app.IActivityManager$Stub.onTransact(IActivityManager.java:2824)
12-14 03:56:58.303 W/ActivityManager( 1627): 	at com.android.server.am.ActivityManagerService.onTransact(ActivityManagerService.java:2935)
12-14 03:56:58.303 W/ActivityManager( 1627): 	at android.os.Binder.execTransact(Binder.java:674)
12-14 03:56:58.304 W/ActivityManager( 1627): Bad activity token: android.os.BinderProxy@84131b2
12-14 03:56:58.304 W/ActivityManager( 1627): java.lang.ClassCastException: android.os.BinderProxy cannot be cast to com.android.server.am.ActivityRecord$Token
12-14 03:56:58.304 W/ActivityManager( 1627): 	at com.android.server.am.ActivityRecord.forTokenLocked(ActivityRecord.java:778)
12-14 03:56:58.304 W/ActivityManager( 1627): 	at com.android.server.am.ActivityRecord.isInStackLocked(ActivityRecord.java:2085)
12-14 03:56:58.304 W/ActivityManager( 1627): 	at com.android.server.am.ActivityRecord.getStackLocked(ActivityRecord.java:2090)
12-14 03:56:58.304 W/ActivityManager( 1627): 	at com.android.server.am.ActivityManagerService.getActivityStackId(ActivityManagerService.java:10417)
12-14 03:56:58.304 W/ActivityManager( 1627): 	at android.app.IActivityManager$Stub.onTransact(IActivityManager.java:3548)
12-14 03:56:58.304 W/ActivityManager( 1627): 	at com.android.server.am.ActivityManagerService.onTransact(ActivityManagerService.java:2935)
12-14 03:56:58.304 W/ActivityManager( 1627): 	at android.os.Binder.execTransact(Binder.java:674)
12-14 03:56:58.311 I/System.out( 4533): result:{"bonusInformation":[],"message":"","success":true}
12-14 03:56:58.353 V/StatusBar( 1725): setLightsOn(true)
12-14 03:56:58.357 W/ActivityManager( 1627): Bad activity token: android.os.BinderProxy@84131b2
12-14 03:56:58.357 W/ActivityManager( 1627): java.lang.ClassCastException: android.os.BinderProxy cannot be cast to com.android.server.am.ActivityRecord$Token
12-14 03:56:58.357 W/ActivityManager( 1627): 	at com.android.server.am.ActivityRecord.forTokenLocked(ActivityRecord.java:778)
12-14 03:56:58.357 W/ActivityManager( 1627): 	at com.android.server.am.ActivityRecord.isInStackLocked(ActivityRecord.java:2085)
12-14 03:56:58.357 W/ActivityManager( 1627): 	at com.android.server.am.ActivityManagerService.getActivityOptions(ActivityManagerService.java:13302)
12-14 03:56:58.357 W/ActivityManager( 1627): 	at android.app.IActivityManager$Stub.onTransact(IActivityManager.java:2910)
12-14 03:56:58.357 W/ActivityManager( 1627): 	at com.android.server.am.ActivityManagerService.onTransact(ActivityManagerService.java:2935)
12-14 03:56:58.357 W/ActivityManager( 1627): 	at android.os.Binder.execTransact(Binder.java:674)
12-14 03:56:58.357 W/ActivityManager( 1627): Bad activity token: android.os.BinderProxy@84131b2
12-14 03:56:58.357 W/ActivityManager( 1627): java.lang.ClassCastException: android.os.BinderProxy cannot be cast to com.android.server.am.ActivityRecord$Token
12-14 03:56:58.357 W/ActivityManager( 1627): 	at com.android.server.am.ActivityRecord.forTokenLocked(ActivityRecord.java:778)
12-14 03:56:58.357 W/ActivityManager( 1627): 	at com.android.server.am.ActivityRecord.isInStackLocked(ActivityRecord.java:2085)
12-14 03:56:58.357 W/ActivityManager( 1627): 	at com.android.server.am.ActivityManagerService.getActivityOptions(ActivityManagerService.java:13302)
12-14 03:56:58.357 W/ActivityManager( 1627): 	at android.app.IActivityManager$Stub.onTransact(IActivityManager.java:2910)
12-14 03:56:58.357 W/ActivityManager( 1627): 	at com.android.server.am.ActivityManagerService.onTransact(ActivityManagerService.java:2935)
12-14 03:56:58.357 W/ActivityManager( 1627): 	at android.os.Binder.execTransact(Binder.java:674)
12-14 03:56:58.360 D/gralloc_ranchu( 1396): gralloc_alloc: Creating ashmem region of size 544768
12-14 03:56:58.380 W/PhoneWindow( 4533): Previously focused view reported id 2131296279 during save, but can't be found during restore.
12-14 03:56:58.401 D/gralloc_ranchu( 1396): gralloc_alloc: Creating ashmem region of size 487424
12-14 03:56:58.411 D/StatusBar( 1725): disable<e i a s b h r c s q >
12-14 03:56:58.417 D/EGL_emulation( 1725): eglMakeCurrent: 0x8a752100: ver 3 0 (tinfo 0x99d6db50)
12-14 03:56:58.429 D/gralloc_ranchu( 1396): gralloc_alloc: Creating ashmem region of size 487424
12-14 03:56:58.472 D/gralloc_ranchu( 1396): gralloc_alloc: Creating ashmem region of size 487424
12-14 03:56:58.499 D/EGL_emulation( 1725): eglMakeCurrent: 0x8a752100: ver 3 0 (tinfo 0x99d6db50)
12-14 03:56:58.510 D/gralloc_ranchu( 1396): gralloc_alloc: Creating ashmem region of size 7753728
12-14 03:56:58.534 D/EGL_emulation( 1725): eglMakeCurrent: 0x8a752100: ver 3 0 (tinfo 0x99d6db50)
12-14 03:56:58.562 V/StatusBar( 1725): setLightsOn(true)
12-14 03:56:58.632 V/StatusBar( 1725): setLightsOn(true)
12-14 03:56:58.643 D/gralloc_ranchu( 1396): gralloc_alloc: Creating ashmem region of size 7753728
12-14 03:56:58.649 I/WindowManager( 1627): Screen frozen for +550ms due to Window{d21a944 u0 com.evancharlton.mileage/com.evancharlton.mileage.Mileage}
12-14 03:56:58.692 V/StatusBar( 1725): setLightsOn(true)
12-14 03:56:58.715 D/SurfaceFlinger( 1405): duplicate layer name: changing BlackSurface to BlackSurface#1
12-14 03:56:58.726 D/SurfaceFlinger( 1405): duplicate layer name: changing BlackSurface to BlackSurface#2
12-14 03:56:59.153 V/StatusBar( 1725): setLightsOn(true)
12-14 03:56:59.203 I/EventLogSendingHelper( 2173): Sending log events.
12-14 03:56:59.684 D/gralloc_ranchu( 1396): gralloc_alloc: Creating ashmem region of size 7753728
12-14 03:57:00.334 I/System.out( 4533): URI: //gesture
12-14 03:57:00.334 I/System.out( 4533): params: {json={"query_timeout":5.0,"gestures":[{"query_string":"android.widget.TabWidget descendant TextView index:1","touches":[{"x":50,"y":50,"offset_x":0,"offset_y":0,"wait":0.0,"time":0.2,"release":true,"query_string":null}]}]}
12-14 03:57:00.334 I/System.out( 4533): }
12-14 03:57:00.584 W/audio_hw_generic( 1390): Not supplying enough data to HAL, expected position 1199425 , only wrote 900720
12-14 03:57:00.607 W/ActivityManager( 1627): Bad activity token: android.os.BinderProxy@b6341e5
12-14 03:57:00.607 W/ActivityManager( 1627): java.lang.ClassCastException: android.os.BinderProxy cannot be cast to com.android.server.am.ActivityRecord$Token
12-14 03:57:00.607 W/ActivityManager( 1627): 	at com.android.server.am.ActivityRecord.forTokenLocked(ActivityRecord.java:778)
12-14 03:57:00.607 W/ActivityManager( 1627): 	at com.android.server.am.ActivityRecord.isInStackLocked(ActivityRecord.java:2085)
12-14 03:57:00.607 W/ActivityManager( 1627): 	at com.android.server.am.ActivityRecord.getStackLocked(ActivityRecord.java:2090)
12-14 03:57:00.607 W/ActivityManager( 1627): 	at com.android.server.am.ActivityManagerService.getActivityDisplayId(ActivityManagerService.java:10406)
12-14 03:57:00.607 W/ActivityManager( 1627): 	at android.app.IActivityManager$Stub.onTransact(IActivityManager.java:2738)
12-14 03:57:00.607 W/ActivityManager( 1627): 	at com.android.server.am.ActivityManagerService.onTransact(ActivityManagerService.java:2935)
12-14 03:57:00.607 W/ActivityManager( 1627): 	at android.os.Binder.execTransact(Binder.java:674)
12-14 03:57:00.608 W/audio_hw_generic( 1390): Not supplying enough data to HAL, expected position 900846 , only wrote 900720
12-14 03:57:00.608 I/calabash( 4533): newActivity1
12-14 03:57:00.617 W/ActivityManager( 1627): Bad activity token: android.os.BinderProxy@b6341e5
12-14 03:57:00.617 W/ActivityManager( 1627): java.lang.ClassCastException: android.os.BinderProxy cannot be cast to com.android.server.am.ActivityRecord$Token
12-14 03:57:00.617 W/ActivityManager( 1627): 	at com.android.server.am.ActivityRecord.forTokenLocked(ActivityRecord.java:778)
12-14 03:57:00.617 W/ActivityManager( 1627): 	at com.android.server.am.ActivityRecord.isInStackLocked(ActivityRecord.java:2085)
12-14 03:57:00.617 W/ActivityManager( 1627): 	at com.android.server.am.ActivityManagerService.setTaskDescription(ActivityManagerService.java:9988)
12-14 03:57:00.617 W/ActivityManager( 1627): 	at android.app.IActivityManager$Stub.onTransact(IActivityManager.java:2824)
12-14 03:57:00.617 W/ActivityManager( 1627): 	at com.android.server.am.ActivityManagerService.onTransact(ActivityManagerService.java:2935)
12-14 03:57:00.617 W/ActivityManager( 1627): 	at android.os.Binder.execTransact(Binder.java:674)
12-14 03:57:00.617 W/ActivityManager( 1627): Bad activity token: android.os.BinderProxy@b6341e5
12-14 03:57:00.617 W/ActivityManager( 1627): java.lang.ClassCastException: android.os.BinderProxy cannot be cast to com.android.server.am.ActivityRecord$Token
12-14 03:57:00.617 W/ActivityManager( 1627): 	at com.android.server.am.ActivityRecord.forTokenLocked(ActivityRecord.java:778)
12-14 03:57:00.617 W/ActivityManager( 1627): 	at com.android.server.am.ActivityRecord.isInStackLocked(ActivityRecord.java:2085)
12-14 03:57:00.617 W/ActivityManager( 1627): 	at com.android.server.am.ActivityRecord.getStackLocked(ActivityRecord.java:2090)
12-14 03:57:00.617 W/ActivityManager( 1627): 	at com.android.server.am.ActivityManagerService.getActivityStackId(ActivityManagerService.java:10417)
12-14 03:57:00.617 W/ActivityManager( 1627): 	at android.app.IActivityManager$Stub.onTransact(IActivityManager.java:3548)
12-14 03:57:00.617 W/ActivityManager( 1627): 	at com.android.server.am.ActivityManagerService.onTransact(ActivityManagerService.java:2935)
12-14 03:57:00.617 W/ActivityManager( 1627): 	at android.os.Binder.execTransact(Binder.java:674)
12-14 03:57:00.670 W/ActivityManager( 1627): Bad activity token: android.os.BinderProxy@b6341e5
12-14 03:57:00.670 W/ActivityManager( 1627): java.lang.ClassCastException: android.os.BinderProxy cannot be cast to com.android.server.am.ActivityRecord$Token
12-14 03:57:00.670 W/ActivityManager( 1627): 	at com.android.server.am.ActivityRecord.forTokenLocked(ActivityRecord.java:778)
12-14 03:57:00.670 W/ActivityManager( 1627): 	at com.android.server.am.ActivityRecord.isInStackLocked(ActivityRecord.java:2085)
12-14 03:57:00.670 W/ActivityManager( 1627): 	at com.android.server.am.ActivityManagerService.getActivityOptions(ActivityManagerService.java:13302)
12-14 03:57:00.670 W/ActivityManager( 1627): 	at android.app.IActivityManager$Stub.onTransact(IActivityManager.java:2910)
12-14 03:57:00.670 W/ActivityManager( 1627): 	at com.android.server.am.ActivityManagerService.onTransact(ActivityManagerService.java:2935)
12-14 03:57:00.670 W/ActivityManager( 1627): 	at android.os.Binder.execTransact(Binder.java:674)
12-14 03:57:00.670 W/ActivityManager( 1627): Bad activity token: android.os.BinderProxy@b6341e5
12-14 03:57:00.670 W/ActivityManager( 1627): java.lang.ClassCastException: android.os.BinderProxy cannot be cast to com.android.server.am.ActivityRecord$Token
12-14 03:57:00.670 W/ActivityManager( 1627): 	at com.android.server.am.ActivityRecord.forTokenLocked(ActivityRecord.java:778)
12-14 03:57:00.670 W/ActivityManager( 1627): 	at com.android.server.am.ActivityRecord.isInStackLocked(ActivityRecord.java:2085)
12-14 03:57:00.670 W/ActivityManager( 1627): 	at com.android.server.am.ActivityManagerService.getActivityOptions(ActivityManagerService.java:13302)
12-14 03:57:00.670 W/ActivityManager( 1627): 	at android.app.IActivityManager$Stub.onTransact(IActivityManager.java:2910)
12-14 03:57:00.670 W/ActivityManager( 1627): 	at com.android.server.am.ActivityManagerService.onTransact(ActivityManagerService.java:2935)
12-14 03:57:00.670 W/ActivityManager( 1627): 	at android.os.Binder.execTransact(Binder.java:674)
12-14 03:57:00.753 D/Mileage ( 4533): Not enough fillups to calculate economy
12-14 03:57:00.819 I/zygote  ( 1627): Explicit concurrent copying GC freed 26514(1778KB) AllocSpace objects, 4(112KB) LOS objects, 37% free, 10MB/16MB, paused 535us total 83.809ms
12-14 03:57:00.819 I/zygote  ( 1627): WaitForGcToComplete blocked for 72.888ms for cause Background
12-14 03:57:00.872 E/SurfaceFlinger( 1405): ro.sf.lcd_density must be defined as a build property
12-14 03:57:00.888 D/gralloc_ranchu( 1396): gralloc_alloc: Creating ashmem region of size 8298496
12-14 03:57:00.905 D/        ( 4648): HostConnection::get() New Host Connection established 0xa8f2f800, tid 4648
12-14 03:57:01.249 I/System.out( 4533): URI: //gesture
12-14 03:57:01.249 I/System.out( 4533): params: {json={"query_timeout":5.0,"gestures":[{"query_string":"android.widget.TabWidget descendant TextView index:3","touches":[{"x":50,"y":50,"offset_x":0,"offset_y":0,"wait":0.0,"time":0.2,"release":true,"query_string":null}]}]}
12-14 03:57:01.249 I/System.out( 4533): }
12-14 03:57:01.501 W/ActivityManager( 1627): Bad activity token: android.os.BinderProxy@ca65199
12-14 03:57:01.501 W/ActivityManager( 1627): java.lang.ClassCastException: android.os.BinderProxy cannot be cast to com.android.server.am.ActivityRecord$Token
12-14 03:57:01.501 W/ActivityManager( 1627): 	at com.android.server.am.ActivityRecord.forTokenLocked(ActivityRecord.java:778)
12-14 03:57:01.501 W/ActivityManager( 1627): 	at com.android.server.am.ActivityRecord.isInStackLocked(ActivityRecord.java:2085)
12-14 03:57:01.501 W/ActivityManager( 1627): 	at com.android.server.am.ActivityRecord.getStackLocked(ActivityRecord.java:2090)
12-14 03:57:01.501 W/ActivityManager( 1627): 	at com.android.server.am.ActivityManagerService.getActivityDisplayId(ActivityManagerService.java:10406)
12-14 03:57:01.501 W/ActivityManager( 1627): 	at android.app.IActivityManager$Stub.onTransact(IActivityManager.java:2738)
12-14 03:57:01.501 W/ActivityManager( 1627): 	at com.android.server.am.ActivityManagerService.onTransact(ActivityManagerService.java:2935)
12-14 03:57:01.501 W/ActivityManager( 1627): 	at android.os.Binder.execTransact(Binder.java:674)
12-14 03:57:01.503 I/calabash( 4533): newActivity1
12-14 03:57:01.507 W/ActivityManager( 1627): Bad activity token: android.os.BinderProxy@ca65199
12-14 03:57:01.507 W/ActivityManager( 1627): java.lang.ClassCastException: android.os.BinderProxy cannot be cast to com.android.server.am.ActivityRecord$Token
12-14 03:57:01.507 W/ActivityManager( 1627): 	at com.android.server.am.ActivityRecord.forTokenLocked(ActivityRecord.java:778)
12-14 03:57:01.507 W/ActivityManager( 1627): 	at com.android.server.am.ActivityRecord.isInStackLocked(ActivityRecord.java:2085)
12-14 03:57:01.507 W/ActivityManager( 1627): 	at com.android.server.am.ActivityManagerService.setTaskDescription(ActivityManagerService.java:9988)
12-14 03:57:01.507 W/ActivityManager( 1627): 	at android.app.IActivityManager$Stub.onTransact(IActivityManager.java:2824)
12-14 03:57:01.507 W/ActivityManager( 1627): 	at com.android.server.am.ActivityManagerService.onTransact(ActivityManagerService.java:2935)
12-14 03:57:01.507 W/ActivityManager( 1627): 	at android.os.Binder.execTransact(Binder.java:674)
12-14 03:57:01.509 W/ActivityManager( 1627): Bad activity token: android.os.BinderProxy@ca65199
12-14 03:57:01.509 W/ActivityManager( 1627): java.lang.ClassCastException: android.os.BinderProxy cannot be cast to com.android.server.am.ActivityRecord$Token
12-14 03:57:01.509 W/ActivityManager( 1627): 	at com.android.server.am.ActivityRecord.forTokenLocked(ActivityRecord.java:778)
12-14 03:57:01.509 W/ActivityManager( 1627): 	at com.android.server.am.ActivityRecord.isInStackLocked(ActivityRecord.java:2085)
12-14 03:57:01.509 W/ActivityManager( 1627): 	at com.android.server.am.ActivityRecord.getStackLocked(ActivityRecord.java:2090)
12-14 03:57:01.509 W/ActivityManager( 1627): 	at com.android.server.am.ActivityManagerService.getActivityStackId(ActivityManagerService.java:10417)
12-14 03:57:01.509 W/ActivityManager( 1627): 	at android.app.IActivityManager$Stub.onTransact(IActivityManager.java:3548)
12-14 03:57:01.509 W/ActivityManager( 1627): 	at com.android.server.am.ActivityManagerService.onTransact(ActivityManagerService.java:2935)
12-14 03:57:01.509 W/ActivityManager( 1627): 	at android.os.Binder.execTransact(Binder.java:674)
12-14 03:57:01.517 W/ActivityManager( 1627): Bad activity token: android.os.BinderProxy@ca65199
12-14 03:57:01.517 W/ActivityManager( 1627): java.lang.ClassCastException: android.os.BinderProxy cannot be cast to com.android.server.am.ActivityRecord$Token
12-14 03:57:01.517 W/ActivityManager( 1627): 	at com.android.server.am.ActivityRecord.forTokenLocked(ActivityRecord.java:778)
12-14 03:57:01.517 W/ActivityManager( 1627): 	at com.android.server.am.ActivityRecord.isInStackLocked(ActivityRecord.java:2085)
12-14 03:57:01.517 W/ActivityManager( 1627): 	at com.android.server.am.ActivityManagerService.getActivityOptions(ActivityManagerService.java:13302)
12-14 03:57:01.517 W/ActivityManager( 1627): 	at android.app.IActivityManager$Stub.onTransact(IActivityManager.java:2910)
12-14 03:57:01.517 W/ActivityManager( 1627): 	at com.android.server.am.ActivityManagerService.onTransact(ActivityManagerService.java:2935)
12-14 03:57:01.517 W/ActivityManager( 1627): 	at android.os.Binder.execTransact(Binder.java:674)
12-14 03:57:01.518 W/ActivityManager( 1627): Bad activity token: android.os.BinderProxy@ca65199
12-14 03:57:01.518 W/ActivityManager( 1627): java.lang.ClassCastException: android.os.BinderProxy cannot be cast to com.android.server.am.ActivityRecord$Token
12-14 03:57:01.518 W/ActivityManager( 1627): 	at com.android.server.am.ActivityRecord.forTokenLocked(ActivityRecord.java:778)
12-14 03:57:01.518 W/ActivityManager( 1627): 	at com.android.server.am.ActivityRecord.isInStackLocked(ActivityRecord.java:2085)
12-14 03:57:01.518 W/ActivityManager( 1627): 	at com.android.server.am.ActivityManagerService.getActivityOptions(ActivityManagerService.java:13302)
12-14 03:57:01.518 W/ActivityManager( 1627): 	at android.app.IActivityManager$Stub.onTransact(IActivityManager.java:2910)
12-14 03:57:01.518 W/ActivityManager( 1627): 	at com.android.server.am.ActivityManagerService.onTransact(ActivityManagerService.java:2935)
12-14 03:57:01.518 W/ActivityManager( 1627): 	at android.os.Binder.execTransact(Binder.java:674)
12-14 03:57:01.713 E/SurfaceFlinger( 1405): ro.sf.lcd_density must be defined as a build property
12-14 03:57:01.721 D/gralloc_ranchu( 1396): gralloc_alloc: Creating ashmem region of size 8298496
12-14 03:57:01.746 D/        ( 4654): HostConnection::get() New Host Connection established 0xa9baf800, tid 4654
12-14 03:57:02.028 I/System.out( 4533): URI: //gesture
12-14 03:57:02.028 I/System.out( 4533): params: {json={"query_timeout":5.0,"gestures":[{"query_string":"android.widget.TabWidget descendant TextView index:2","touches":[{"x":50,"y":50,"offset_x":0,"offset_y":0,"wait":0.0,"time":0.2,"release":true,"query_string":null}]}]}
12-14 03:57:02.028 I/System.out( 4533): }
12-14 03:57:02.274 W/ActivityManager( 1627): Bad activity token: android.os.BinderProxy@20e95f8
12-14 03:57:02.274 W/ActivityManager( 1627): java.lang.ClassCastException: android.os.BinderProxy cannot be cast to com.android.server.am.ActivityRecord$Token
12-14 03:57:02.274 W/ActivityManager( 1627): 	at com.android.server.am.ActivityRecord.forTokenLocked(ActivityRecord.java:778)
12-14 03:57:02.274 W/ActivityManager( 1627): 	at com.android.server.am.ActivityRecord.isInStackLocked(ActivityRecord.java:2085)
12-14 03:57:02.274 W/ActivityManager( 1627): 	at com.android.server.am.ActivityRecord.getStackLocked(ActivityRecord.java:2090)
12-14 03:57:02.274 W/ActivityManager( 1627): 	at com.android.server.am.ActivityManagerService.getActivityDisplayId(ActivityManagerService.java:10406)
12-14 03:57:02.274 W/ActivityManager( 1627): 	at android.app.IActivityManager$Stub.onTransact(IActivityManager.java:2738)
12-14 03:57:02.274 W/ActivityManager( 1627): 	at com.android.server.am.ActivityManagerService.onTransact(ActivityManagerService.java:2935)
12-14 03:57:02.274 W/ActivityManager( 1627): 	at android.os.Binder.execTransact(Binder.java:674)
12-14 03:57:02.278 I/calabash( 4533): newActivity1
12-14 03:57:02.282 W/ActivityManager( 1627): Bad activity token: android.os.BinderProxy@20e95f8
12-14 03:57:02.282 W/ActivityManager( 1627): java.lang.ClassCastException: android.os.BinderProxy cannot be cast to com.android.server.am.ActivityRecord$Token
12-14 03:57:02.282 W/ActivityManager( 1627): 	at com.android.server.am.ActivityRecord.forTokenLocked(ActivityRecord.java:778)
12-14 03:57:02.282 W/ActivityManager( 1627): 	at com.android.server.am.ActivityRecord.isInStackLocked(ActivityRecord.java:2085)
12-14 03:57:02.282 W/ActivityManager( 1627): 	at com.android.server.am.ActivityManagerService.setTaskDescription(ActivityManagerService.java:9988)
12-14 03:57:02.282 W/ActivityManager( 1627): 	at android.app.IActivityManager$Stub.onTransact(IActivityManager.java:2824)
12-14 03:57:02.282 W/ActivityManager( 1627): 	at com.android.server.am.ActivityManagerService.onTransact(ActivityManagerService.java:2935)
12-14 03:57:02.282 W/ActivityManager( 1627): 	at android.os.Binder.execTransact(Binder.java:674)
12-14 03:57:02.283 W/ActivityManager( 1627): Bad activity token: android.os.BinderProxy@20e95f8
12-14 03:57:02.283 W/ActivityManager( 1627): java.lang.ClassCastException: android.os.BinderProxy cannot be cast to com.android.server.am.ActivityRecord$Token
12-14 03:57:02.283 W/ActivityManager( 1627): 	at com.android.server.am.ActivityRecord.forTokenLocked(ActivityRecord.java:778)
12-14 03:57:02.283 W/ActivityManager( 1627): 	at com.android.server.am.ActivityRecord.isInStackLocked(ActivityRecord.java:2085)
12-14 03:57:02.283 W/ActivityManager( 1627): 	at com.android.server.am.ActivityRecord.getStackLocked(ActivityRecord.java:2090)
12-14 03:57:02.283 W/ActivityManager( 1627): 	at com.android.server.am.ActivityManagerService.getActivityStackId(ActivityManagerService.java:10417)
12-14 03:57:02.283 W/ActivityManager( 1627): 	at android.app.IActivityManager$Stub.onTransact(IActivityManager.java:3548)
12-14 03:57:02.283 W/ActivityManager( 1627): 	at com.android.server.am.ActivityManagerService.onTransact(ActivityManagerService.java:2935)
12-14 03:57:02.283 W/ActivityManager( 1627): 	at android.os.Binder.execTransact(Binder.java:674)
12-14 03:57:02.324 D/VehicleStatisticsActivity( 4533): Checking recalculation ...
12-14 03:57:02.330 D/VehicleStatisticsActivity( 4533): Recalculation not necessary.
12-14 03:57:02.334 W/ActivityManager( 1627): Bad activity token: android.os.BinderProxy@20e95f8
12-14 03:57:02.334 W/ActivityManager( 1627): java.lang.ClassCastException: android.os.BinderProxy cannot be cast to com.android.server.am.ActivityRecord$Token
12-14 03:57:02.334 W/ActivityManager( 1627): 	at com.android.server.am.ActivityRecord.forTokenLocked(ActivityRecord.java:778)
12-14 03:57:02.334 W/ActivityManager( 1627): 	at com.android.server.am.ActivityRecord.isInStackLocked(ActivityRecord.java:2085)
12-14 03:57:02.334 W/ActivityManager( 1627): 	at com.android.server.am.ActivityManagerService.getActivityOptions(ActivityManagerService.java:13302)
12-14 03:57:02.334 W/ActivityManager( 1627): 	at android.app.IActivityManager$Stub.onTransact(IActivityManager.java:2910)
12-14 03:57:02.334 W/ActivityManager( 1627): 	at com.android.server.am.ActivityManagerService.onTransact(ActivityManagerService.java:2935)
12-14 03:57:02.334 W/ActivityManager( 1627): 	at android.os.Binder.execTransact(Binder.java:674)
12-14 03:57:02.335 W/ActivityManager( 1627): Bad activity token: android.os.BinderProxy@20e95f8
12-14 03:57:02.335 W/ActivityManager( 1627): java.lang.ClassCastException: android.os.BinderProxy cannot be cast to com.android.server.am.ActivityRecord$Token
12-14 03:57:02.335 W/ActivityManager( 1627): 	at com.android.server.am.ActivityRecord.forTokenLocked(ActivityRecord.java:778)
12-14 03:57:02.335 W/ActivityManager( 1627): 	at com.android.server.am.ActivityRecord.isInStackLocked(ActivityRecord.java:2085)
12-14 03:57:02.335 W/ActivityManager( 1627): 	at com.android.server.am.ActivityManagerService.getActivityOptions(ActivityManagerService.java:13302)
12-14 03:57:02.335 W/ActivityManager( 1627): 	at android.app.IActivityManager$Stub.onTransact(IActivityManager.java:2910)
12-14 03:57:02.335 W/ActivityManager( 1627): 	at com.android.server.am.ActivityManagerService.onTransact(ActivityManagerService.java:2935)
12-14 03:57:02.335 W/ActivityManager( 1627): 	at android.os.Binder.execTransact(Binder.java:674)
12-14 03:57:02.340 D/VehicleStatisticsActivity( 4533): Checking recalculation ...
12-14 03:57:02.344 D/VehicleStatisticsActivity( 4533): Recalculation not necessary.
12-14 03:57:02.405 I/zygote  ( 4533): NativeAllocBackground concurrent copying GC freed 37072(1227KB) AllocSpace objects, 4(80KB) LOS objects, 49% free, 2MB/4MB, paused 582us total 103.201ms
12-14 03:57:02.429 I/zygote  ( 4533): Do full code cache collection, code=452KB, data=315KB
12-14 03:57:02.430 I/zygote  ( 4533): After code cache collection, code=437KB, data=255KB
12-14 03:57:02.522 E/SurfaceFlinger( 1405): ro.sf.lcd_density must be defined as a build property
12-14 03:57:02.529 D/gralloc_ranchu( 1396): gralloc_alloc: Creating ashmem region of size 8298496
12-14 03:57:02.563 D/        ( 4660): HostConnection::get() New Host Connection established 0xb1faf800, tid 4660
12-14 03:57:02.593 W/RemoteFillService( 1627): Not handling { when=-1ms what=3 target=com.android.internal.os.HandlerCaller$MyHandler } as service for ComponentInfo{com.google.android.gms/com.google.android.gms.autofill.service.AutofillService} is already destroyed
12-14 03:57:02.839 I/System.out( 4533): URI: //gesture
12-14 03:57:02.839 I/System.out( 4533): params: {json={"query_timeout":5.0,"gestures":[{"query_string":"android.widget.TabWidget descendant TextView index:0","touches":[{"x":50,"y":50,"offset_x":0,"offset_y":0,"wait":0.0,"time":0.2,"release":true,"query_string":null}]}]}
12-14 03:57:02.839 I/System.out( 4533): }
12-14 03:57:03.184 W/View    ( 4533): dispatchProvideAutofillStructure(): not laid out, ignoring
12-14 03:57:03.195 I/chatty  ( 4533): uid=10440(u0_a440) com.evancharlton.mileage identical 3 lines
12-14 03:57:03.195 W/View    ( 4533): dispatchProvideAutofillStructure(): not laid out, ignoring
12-14 03:57:03.196 W/Binder  ( 1627): Outgoing transactions from this process must be FLAG_ONEWAY
12-14 03:57:03.196 W/Binder  ( 1627): java.lang.Throwable
12-14 03:57:03.196 W/Binder  ( 1627): 	at android.os.BinderProxy.transact(Binder.java:736)
12-14 03:57:03.196 W/Binder  ( 1627): 	at android.app.assist.AssistStructure$ParcelTransferReader.fetchData(AssistStructure.java:407)
12-14 03:57:03.196 W/Binder  ( 1627): 	at android.app.assist.AssistStructure$ParcelTransferReader.go(AssistStructure.java:343)
12-14 03:57:03.196 W/Binder  ( 1627): 	at android.app.assist.AssistStructure.ensureData(AssistStructure.java:2096)
12-14 03:57:03.196 W/Binder  ( 1627): 	at com.android.server.autofill.Session$1.send(Session.java:200)
12-14 03:57:03.196 W/Binder  ( 1627): 	at com.android.server.am.ActivityManagerService.reportAssistContextExtras(ActivityManagerService.java:13137)
12-14 03:57:03.196 W/Binder  ( 1627): 	at android.app.IActivityManager$Stub.onTransact(IActivityManager.java:2466)
12-14 03:57:03.196 W/Binder  ( 1627): 	at com.android.server.am.ActivityManagerService.onTransact(ActivityManagerService.java:2935)
12-14 03:57:03.196 W/Binder  ( 1627): 	at android.os.Binder.execTransact(Binder.java:674)
12-14 03:57:03.199 I/AssistStructure( 4533): Flattened final assist data: 10960 bytes, containing 1 windows, 49 views
12-14 03:57:03.203 E/memtrack( 1627): Couldn't load memtrack module
12-14 03:57:03.203 W/android.os.Debug( 1627): failed to get memory consumption info: -1
12-14 03:57:03.206 I/AssistStructure( 1627): Flattened final assist data: 9988 bytes, containing 1 windows, 49 views
12-14 03:57:03.208 W/lgq     ( 1941): Pending fill request while another request in the same session was triggered. [CONTEXT service_id=177 ]
12-14 03:57:03.317 E/SurfaceFlinger( 1405): ro.sf.lcd_density must be defined as a build property
12-14 03:57:03.323 D/gralloc_ranchu( 1396): gralloc_alloc: Creating ashmem region of size 8298496
12-14 03:57:03.332 D/        ( 4666): HostConnection::get() New Host Connection established 0xb46af800, tid 4666
