--------- beginning of main
12-14 03:56:19.031 W/zygote  ( 4041): Unexpected CPU variant for X86 using defaults: x86
12-14 03:56:19.068 I/CalendarProvider2( 4041): Created com.android.providers.calendar.CalendarAlarmManager@729f8b2(com.android.providers.calendar.CalendarProvider2@2515003)
12-14 03:56:19.121 V/StatusBar( 1725): setLightsOn(true)
12-14 03:56:19.310 I/System.out( 3986): URI: //kill
12-14 03:56:19.310 I/System.out( 3986): params: {json={}
12-14 03:56:19.310 I/System.out( 3986): }
12-14 03:56:19.311 I/System.out( 3986): Stopping test server
12-14 03:56:19.319 E/adbd    ( 1383): failed to connect to socket 'tcp:7102': Connection refused
12-14 03:56:19.327 E/adbd    ( 1383): failed to connect to socket 'tcp:7102': Connection refused
12-14 03:56:19.331 V/StatusBar( 1725): setLightsOn(true)
12-14 03:56:19.343 I/chatty  ( 1725): uid=10028(u0_a28) com.android.systemui identical 3 lines
12-14 03:56:19.361 V/StatusBar( 1725): setLightsOn(true)
12-14 03:56:19.361 D/gralloc_ranchu( 1396): gralloc_alloc: Creating ashmem region of size 8298496
12-14 03:56:19.390 D/gralloc_ranchu( 1396): gralloc_alloc: Creating ashmem region of size 8298496
12-14 03:56:19.403 D/SurfaceFlinger( 1405): duplicate layer name: changing com.google.android.apps.nexuslauncher/com.google.android.apps.nexuslauncher.NexusLauncherActivity to com.google.android.apps.nexuslauncher/com.google.android.apps.nexuslauncher.NexusLauncherActivity#1
12-14 03:56:19.409 D/gralloc_ranchu( 1396): gralloc_alloc: Creating ashmem region of size 8298496
12-14 03:56:19.424 D/EGL_emulation( 1725): eglMakeCurrent: 0x8a752100: ver 3 0 (tinfo 0x99d6db50)
12-14 03:56:19.426 D/gralloc_ranchu( 1396): gralloc_alloc: Creating ashmem region of size 8298496
12-14 03:56:19.476 I/chatty  ( 1396): uid=1000(system) allocator@2.0-s identical 1 line
12-14 03:56:19.546 D/gralloc_ranchu( 1396): gralloc_alloc: Creating ashmem region of size 8298496
12-14 03:56:19.565 D/EGL_emulation( 2173): eglMakeCurrent: 0x9bcfd920: ver 3 0 (tinfo 0x9bcff490)
12-14 03:56:19.653 W/SessionLifecycleManager( 2173): Handover failed. Creating new session controller.
12-14 03:56:19.669 D/EGL_emulation( 2147): eglMakeCurrent: 0x9e284420: ver 3 0 (tinfo 0x9e283360)
12-14 03:56:19.697 D/gralloc_ranchu( 1396): gralloc_alloc: Creating ashmem region of size 7753728
12-14 03:56:19.722 I/MicroDetectionWorker( 2173): #updateMicroDetector [detectionMode: [mDetectionMode: [1]]]
12-14 03:56:19.722 I/MicroDetectionWorker( 2173): #startMicroDetector [speakerMode: 0]
12-14 03:56:19.723 I/AudioController( 2173): Using mInputStreamFactoryBuilder
12-14 03:56:19.728 I/MicroDetectionWorker( 2173): onReady
12-14 03:56:19.732 I/MicroRecognitionRunner( 2173): Starting detection.
12-14 03:56:19.733 I/MicrophoneInputStream( 2173): mic_starting com.google.android.apps.gsa.staticplugins.aa.c@c61f982
12-14 03:56:19.738 I/AudioFlinger( 1475): AudioFlinger's thread 0xadf83b40 tid=4070 ready to run
12-14 03:56:19.740 I/MicrophoneInputStream( 2173): mic_started com.google.android.apps.gsa.staticplugins.aa.c@c61f982
12-14 03:56:19.775 I/MicrophoneInputStream( 2173): mic_close com.google.android.apps.gsa.staticplugins.aa.c@c61f982
12-14 03:56:19.775 I/MicroRecognitionRunner( 2173): Detection finished
12-14 03:56:19.775 W/ErrorReporter( 2173): reportError [type: 211, code: 524300]: Error reading from input stream
12-14 03:56:19.775 I/MicroRecognitionRunner( 2173): Stopping hotword detection.
12-14 03:56:19.776 W/ErrorProcessor( 2173): onFatalError, processing error from engine(4)
12-14 03:56:19.776 W/ErrorProcessor( 2173): com.google.android.apps.gsa.shared.speech.b.g: Error reading from input stream
12-14 03:56:19.776 W/ErrorProcessor( 2173): 	at com.google.android.apps.gsa.staticplugins.recognizer.j.a.a(SourceFile:28)
12-14 03:56:19.776 W/ErrorProcessor( 2173): 	at com.google.android.apps.gsa.staticplugins.recognizer.j.b.run(SourceFile:15)
12-14 03:56:19.776 W/ErrorProcessor( 2173): 	at java.util.concurrent.Executors$RunnableAdapter.call(Executors.java:457)
12-14 03:56:19.776 W/ErrorProcessor( 2173): 	at java.util.concurrent.FutureTask.run(FutureTask.java:266)
12-14 03:56:19.776 W/ErrorProcessor( 2173): 	at com.google.android.apps.gsa.shared.util.concurrent.a.ax.run(SourceFile:14)
12-14 03:56:19.776 W/ErrorProcessor( 2173): 	at com.google.android.apps.gsa.shared.util.concurrent.a.bl.run(SourceFile:4)
12-14 03:56:19.776 W/ErrorProcessor( 2173): 	at com.google.android.apps.gsa.shared.util.concurrent.a.bl.run(SourceFile:4)
12-14 03:56:19.776 W/ErrorProcessor( 2173): 	at java.util.concurrent.ThreadPoolExecutor.runWorker(ThreadPoolExecutor.java:1162)
12-14 03:56:19.776 W/ErrorProcessor( 2173): 	at java.util.concurrent.ThreadPoolExecutor$Worker.run(ThreadPoolExecutor.java:636)
12-14 03:56:19.776 W/ErrorProcessor( 2173): 	at java.lang.Thread.run(Thread.java:764)
12-14 03:56:19.776 W/ErrorProcessor( 2173): 	at com.google.android.apps.gsa.shared.util.concurrent.a.ai.run(SourceFile:6)
12-14 03:56:19.776 W/ErrorProcessor( 2173): Caused by: com.google.android.apps.gsa.shared.exception.GsaIOException: Error code: 393238 | Buffer overflow, no available space.
12-14 03:56:19.776 W/ErrorProcessor( 2173): 	at com.google.android.apps.gsa.speech.audio.Tee.f(SourceFile:103)
12-14 03:56:19.776 W/ErrorProcessor( 2173): 	at com.google.android.apps.gsa.speech.audio.au.read(SourceFile:2)
12-14 03:56:19.776 W/ErrorProcessor( 2173): 	at java.io.InputStream.read(InputStream.java:101)
12-14 03:56:19.776 W/ErrorProcessor( 2173): 	at com.google.android.apps.gsa.speech.audio.ao.run(SourceFile:18)
12-14 03:56:19.776 W/ErrorProcessor( 2173): 	at com.google.android.apps.gsa.speech.audio.an.run(SourceFile:2)
12-14 03:56:19.776 W/ErrorProcessor( 2173): 	... 9 more
12-14 03:56:19.776 I/AudioController( 2173): internalShutdown
12-14 03:56:19.776 I/zygote  ( 2173): Do partial code cache collection, code=238KB, data=169KB
12-14 03:56:19.777 I/zygote  ( 2173): After code cache collection, code=238KB, data=169KB
12-14 03:56:19.777 I/zygote  ( 2173): Increasing code cache capacity to 1024KB
12-14 03:56:19.800 I/MicroDetectionWorker( 2173): onReady
12-14 03:56:19.803 I/DeviceStateChecker( 2173): DeviceStateChecker cancelled
12-14 03:56:19.805 I/MicroDetector( 2173): Keeping mic open: false
12-14 03:56:19.805 I/MicroDetectionWorker( 2173): #onError(false)
12-14 03:56:19.806 D/        ( 1725): HostConnection::get() New Host Connection established 0x899e8100, tid 1748
12-14 03:56:19.814 D/EGL_emulation( 1725): eglMakeCurrent: 0x8a752100: ver 3 0 (tinfo 0x99d6db50)
12-14 03:56:20.037 I/chatty  ( 1725): uid=10028(u0_a28) RenderThread identical 19 lines
12-14 03:56:20.061 D/EGL_emulation( 1725): eglMakeCurrent: 0x8a752100: ver 3 0 (tinfo 0x99d6db50)
12-14 03:56:20.138 W/OpenGLRenderer( 2147): Incorrectly called buildLayer on View: ShortcutAndWidgetContainer, destroying layer...
12-14 03:56:20.285 I/OpenGLRenderer( 1627): Initialized EGL, version 1.4
12-14 03:56:20.285 D/OpenGLRenderer( 1627): Swap behavior 1
12-14 03:56:20.285 W/OpenGLRenderer( 1627): Failed to choose config with EGL_SWAP_BEHAVIOR_PRESERVED, retrying without...
12-14 03:56:20.286 D/OpenGLRenderer( 1627): Swap behavior 0
12-14 03:56:20.292 D/EGL_emulation( 1627): eglCreateContext: 0x9b8fdec0: maj 3 min 0 rcv 3
12-14 03:56:20.293 D/EGL_emulation( 1627): eglMakeCurrent: 0x9b8fdec0: ver 3 0 (tinfo 0x8c197370)
12-14 03:56:20.296 E/eglCodecCommon( 1627): glUtilsParamSize: unknow param 0x00008cdf
12-14 03:56:20.296 E/eglCodecCommon( 1627): glUtilsParamSize: unknow param 0x00008cdf
12-14 03:56:20.296 E/eglCodecCommon( 1627): glUtilsParamSize: unknow param 0x00008824
12-14 03:56:20.296 E/eglCodecCommon( 1627): glUtilsParamSize: unknow param 0x00008824
12-14 03:56:20.306 D/        ( 1627): HostConnection::get() New Host Connection established 0x99d2ebc0, tid 1634
12-14 03:56:20.364 D/BoundBrokerSvc( 1941): onUnbind: Intent { act=com.google.android.gms.phenotype.service.START cmp=com.google.android.gms/.chimera.PersistentApiService }
12-14 03:56:20.663 I/ContentMaintenance( 2216): Internal cache bytes used: 0; limit: 100000000; download size: 0
12-14 03:56:20.674 I/RealtimeCacheCleanup( 2216): Beginning Realtime garbage collection.
12-14 03:56:20.674 I/RealtimeCacheCleanup( 2216): Finished Realtime garbage collection.
12-14 03:56:21.740 D/BoundBrokerSvc( 1941): onUnbind: Intent { act=com.google.android.gms.tapandpay.service.BIND cmp=com.google.android.gms/.chimera.PersistentApiService }
12-14 03:56:21.779 W/audio_hw_generic( 1390): Not supplying enough data to HAL, expected position 557221 , only wrote 357840
12-14 03:56:21.898 D/BoundBrokerSvc( 2216): onUnbind: Intent { act=com.google.android.gms.pay.service.BIND cmp=com.google.android.gms/.chimera.GmsApiService }
12-14 03:56:23.282 W/NetworkScheduler.TED( 1941): Enforcing binder timeout for ComponentInfo{com.google.android.videos/com.google.android.videos.service.drm.RefreshLicenseTaskService}
12-14 03:56:23.282 E/NetworkScheduler.TED( 1941): Dropping task as app's play services SDK version does not support Android O. Either update the SDK or lower your app's target SDK version. Canceling all tasks for the service: ComponentInfo{com.google.android.videos/com.google.android.videos.service.drm.RefreshLicenseTaskService}
12-14 03:56:23.410 I/Finsky  ( 2555): [2] abyu.onStartJob(3): SCH: onJobSchedulerWakeup with jobId 9002
12-14 03:56:23.413 I/Finsky  ( 2555): [2] abtz.a(9): SCH: Scheduling fallback job with id: 9034, and delay: 43200000 ms
12-14 03:56:23.416 I/Finsky  ( 2555): [2] abtz.b(9): SCH: Scheduling fallback in 64799998 (absolute: 64867437)
12-14 03:56:23.427 I/Finsky  ( 2555): [2] abyu.onStartJob(3): SCH: onJobSchedulerWakeup with jobId 9004
12-14 03:56:23.429 I/Finsky  ( 2555): [2] abtz.a(9): SCH: Scheduling fallback job with id: 9034, and delay: 43200000 ms
12-14 03:56:23.431 I/Finsky  ( 2555): [2] abtz.b(9): SCH: Scheduling fallback in 64799999 (absolute: 64867453)
12-14 03:56:23.435 W/Finsky  ( 2555): [2] abyu.onStartJob(10): SCH: onJobSchedulerWakeup while already running
12-14 03:56:23.475 I/Finsky  ( 2555): [2] abui.handleMessage(8): SCH: DeviceState: DeviceState{currentTime=1607936183472, isCharging=false, isIdle=false, netAny=true, netNotRoaming=true, netUnmetered=true, batteryPercent=100.0}
12-14 03:56:23.479 I/Finsky  ( 2555): [125] abwt.b(5): SCH: Jobs in database: 1-1337 2-48879 3-178 12-1 24-77777777 26-1414141414 29-29 
12-14 03:56:23.487 I/Finsky  ( 2555): [2] abuj.b(10): SCH: Running job: 12-1
12-14 03:56:23.488 I/Finsky  ( 2555): [2] ContentSyncJob.r(1): [ContentSync] job started
12-14 03:56:23.490 I/Finsky  ( 2555): [2] abuj.b(10): SCH: Running job: 29-29
12-14 03:56:23.510 I/Finsky  ( 2555): [2] abui.handleMessage(59): SCH: RunningQueue size: 2, PendingQueue size: 0
12-14 03:56:23.510 I/Finsky  ( 2555): [2] abuj.p(3): SCH: Running queue: 12-1 29-29 
12-14 03:56:23.515 I/Finsky  ( 2555): [191] ajmy.a(0): ProcessRecoveryLogsUtil: No files in recovery directory
12-14 03:56:23.515 I/Finsky  ( 2555): [191] abvs.n(4): SCH: jobFinished: 29-29. TimeElapsed: 25ms.
12-14 03:56:23.524 I/Finsky  ( 2555): [2] abuj.e(4): SCH: Job 29-29 finished. Not rescheduling.
12-14 03:56:23.535 I/Finsky  ( 2555): [2] abui.handleMessage(59): SCH: RunningQueue size: 1, PendingQueue size: 0
12-14 03:56:23.535 I/Finsky  ( 2555): [2] abuj.p(3): SCH: Running queue: 12-1 
12-14 03:56:23.606 I/zygote  ( 2555): Deoptimizing void j$.util.stream.AbstractPipeline.copyInto(j$.util.stream.Sink, j$.util.Spliterator) due to JIT inline cache
12-14 03:56:23.640 I/Finsky  ( 2555): [176] glv.b(1): Completed 0 account content syncs with 0 successful.
12-14 03:56:23.640 I/Finsky  ( 2555): [2] ContentSyncJob.a(1): [ContentSync] Installation state replication succeeded.
12-14 03:56:23.641 I/Finsky  ( 2555): [2] abvs.n(4): SCH: jobFinished: 12-1. TimeElapsed: 153ms.
12-14 03:56:23.642 I/Finsky  ( 2555): [2] abuj.e(4): SCH: Job 12-1 finished. Not rescheduling.
12-14 03:56:23.643 I/Finsky  ( 2555): [2] abui.handleMessage(59): SCH: RunningQueue size: 0, PendingQueue size: 0
12-14 03:56:23.644 I/Finsky  ( 2555): [2] abui.handleMessage(26): SCH: Executor finished
12-14 03:56:23.655 I/Finsky  ( 2555): [2] abwt.b(5): SCH: Jobs in database: 1-1337 2-48879 3-178 24-77777777 26-1414141414 
12-14 03:56:23.656 I/Finsky  ( 2555): [2] abvf.d(37): SCH: ConstraintMapping: 24-77777777,  -> L: 0ms, D: 80207001ms, C: false, I: true, N: 0
12-14 03:56:23.657 I/Finsky  ( 2555): [2] abvf.d(37): SCH: ConstraintMapping: 1-1337,  -> L: 40583310ms, D: 83783310ms, C: false, I: false, N: 1
12-14 03:56:23.657 I/Finsky  ( 2555): [2] abvf.d(37): SCH: ConstraintMapping: 2-48879, 3-178,  -> L: 0ms, D: 83798214ms, C: true, I: true, N: 2
12-14 03:56:23.657 I/Finsky  ( 2555): [2] abvf.d(37): SCH: ConstraintMapping: 26-1414141414,  -> L: 18373394ms, D: 19273394ms, C: false, I: false, N: 0
12-14 03:56:23.660 I/Finsky  ( 2555): [2] abvf.f(7): SCH: Cancelling existing jobscheduler jobs: 9001 9003 
12-14 03:56:23.661 I/Finsky  ( 2555): [2] abvf.e(8): SCH: Throttling wakeup for job 9000 (expected to run in 0 ms) due to recent wakeup
12-14 03:56:23.661 I/Finsky  ( 2555): [2] abvf.e(23): SCH: Scheduling job Id: 9000, L: 30000, D: 80207001, C: false, I: true, N: 0
12-14 03:56:23.662 I/Finsky  ( 2555): [2] abvf.e(23): SCH: Scheduling job Id: 9004, L: 40583310, D: 83783310, C: false, I: false, N: 1
12-14 03:56:23.662 I/Finsky  ( 2555): [2] abvf.e(8): SCH: Throttling wakeup for job 9005 (expected to run in 0 ms) due to recent wakeup
12-14 03:56:23.662 I/Finsky  ( 2555): [2] abvf.e(23): SCH: Scheduling job Id: 9005, L: 30000, D: 83798214, C: true, I: true, N: 2
12-14 03:56:23.663 I/Finsky  ( 2555): [2] abvf.e(23): SCH: Scheduling job Id: 9006, L: 18373394, D: 19273394, C: false, I: false, N: 0
12-14 03:56:24.053 I/zygote  ( 4041): Waiting for a blocking GC ProfileSaver
12-14 03:56:24.055 I/zygote  ( 4041): Waiting for a blocking GC ProfileSaver
12-14 03:56:24.079 E/memtrack( 1627): Couldn't load memtrack module
12-14 03:56:24.079 W/android.os.Debug( 1627): failed to get memory consumption info: -1
12-14 03:56:24.667 D/AndroidRuntime( 4078): >>>>>> START com.android.internal.os.RuntimeInit uid 2000 <<<<<<
12-14 03:56:24.706 W/app_process( 4078): Unexpected CPU variant for X86 using defaults: x86
12-14 03:56:24.723 D/AndroidRuntime( 4078): Calling main entry com.android.commands.am.Am
--------- beginning of system
12-14 03:56:24.727 I/ActivityManager( 1627): Force stopping com.evancharlton.mileage appid=10440 user=0: start instr
12-14 03:56:24.727 I/ActivityManager( 1627): Killing 3986:com.evancharlton.mileage/u0a440 (adj 0): stop com.evancharlton.mileage
12-14 03:56:24.730 W/ActivityManager( 1627): Crash of app com.evancharlton.mileage running instrumentation ComponentInfo{com.evancharlton.mileage.test/sh.calaba.instrumentationbackend.CalabashInstrumentationTestRunner}
12-14 03:56:24.731 I/ActivityManager( 1627): Force stopping com.evancharlton.mileage appid=10440 user=0: finished inst
12-14 03:56:24.739 I/zygote  ( 4088): Not late-enabling -Xcheck:jni (already on)
12-14 03:56:24.744 I/ActivityManager( 1627): Start proc 4088:com.evancharlton.mileage/u0a440 for added application com.evancharlton.mileage
12-14 03:56:24.744 D/AndroidRuntime( 4078): Shutting down VM
12-14 03:56:24.747 D/hwcomposer( 1397): hw_composer sent 68 syncs in 66s
12-14 03:56:24.748 W/zygote  ( 4088): Unexpected CPU variant for X86 using defaults: x86
12-14 03:56:24.772 W/zygote  ( 4088): Found duplicate classes, falling back to extracting from APK : /data/app/com.evancharlton.mileage.test-TI6ewaOI9-jXgWMcWXqXuA==/base.apk
12-14 03:56:24.772 W/zygote  ( 4088): NOTE: This wastes RAM and hurts startup performance.
12-14 03:56:24.772 W/zygote  ( 4088): Found duplicated class when checking oat files: 'Ljunit/runner/BaseTestRunner;' in /data/app/com.evancharlton.mileage.test-TI6ewaOI9-jXgWMcWXqXuA==/base.apk and /system/framework/android.test.runner.jar
12-14 03:56:24.772 W/zygote  ( 4088): 
12-14 03:56:24.778 E/adbd    ( 1383): failed to connect to socket 'tcp:7102': Connection refused
12-14 03:56:24.779 W/ActivityManager( 1627): setHasOverlayUi called on unknown pid: 3986
12-14 03:56:24.784 E/adbd    ( 1383): failed to connect to socket 'tcp:7102': Connection refused
12-14 03:56:24.806 W/System  ( 4088): ClassLoader referenced unknown path: 
12-14 03:56:24.809 I/MicroDetectionWorker( 2173): #updateMicroDetector [detectionMode: [mDetectionMode: [1]]]
12-14 03:56:24.809 I/MicroDetectionWorker( 2173): #startMicroDetector [speakerMode: 0]
12-14 03:56:24.809 I/AudioController( 2173): Using mInputStreamFactoryBuilder
12-14 03:56:24.810 I/MicroDetectionWorker( 2173): onReady
12-14 03:56:24.812 I/MicroRecognitionRunner( 2173): Starting detection.
12-14 03:56:24.813 I/MicrophoneInputStream( 2173): mic_starting com.google.android.apps.gsa.staticplugins.aa.c@9550a8a
12-14 03:56:24.816 I/MicrophoneInputStream( 2173): mic_started com.google.android.apps.gsa.staticplugins.aa.c@9550a8a
12-14 03:56:24.816 E/ActivityThread( 2173): Failed to find provider info for com.google.android.apps.gsa.testing.ui.audio.recorded
12-14 03:56:24.817 I/MicroDetectionWorker( 2173): onReady
12-14 03:56:24.818 I/MicrophoneInputStream( 2173): mic_close com.google.android.apps.gsa.staticplugins.aa.c@9550a8a
12-14 03:56:24.818 I/MicroRecognitionRunner( 2173): Detection finished
12-14 03:56:24.818 W/ErrorReporter( 2173): reportError [type: 211, code: 524300]: Error reading from input stream
12-14 03:56:24.819 I/MicroRecognitionRunner( 2173): Stopping hotword detection.
12-14 03:56:24.819 W/ErrorProcessor( 2173): onFatalError, processing error from engine(4)
12-14 03:56:24.819 W/ErrorProcessor( 2173): com.google.android.apps.gsa.shared.speech.b.g: Error reading from input stream
12-14 03:56:24.819 W/ErrorProcessor( 2173): 	at com.google.android.apps.gsa.staticplugins.recognizer.j.a.a(SourceFile:28)
12-14 03:56:24.819 W/ErrorProcessor( 2173): 	at com.google.android.apps.gsa.staticplugins.recognizer.j.b.run(SourceFile:15)
12-14 03:56:24.819 W/ErrorProcessor( 2173): 	at java.util.concurrent.Executors$RunnableAdapter.call(Executors.java:457)
12-14 03:56:24.819 W/ErrorProcessor( 2173): 	at java.util.concurrent.FutureTask.run(FutureTask.java:266)
12-14 03:56:24.819 W/ErrorProcessor( 2173): 	at com.google.android.apps.gsa.shared.util.concurrent.a.ax.run(SourceFile:14)
12-14 03:56:24.819 W/ErrorProcessor( 2173): 	at com.google.android.apps.gsa.shared.util.concurrent.a.bl.run(SourceFile:4)
12-14 03:56:24.819 W/ErrorProcessor( 2173): 	at com.google.android.apps.gsa.shared.util.concurrent.a.bl.run(SourceFile:4)
12-14 03:56:24.819 W/ErrorProcessor( 2173): 	at java.util.concurrent.ThreadPoolExecutor.runWorker(ThreadPoolExecutor.java:1162)
12-14 03:56:24.819 W/ErrorProcessor( 2173): 	at java.util.concurrent.ThreadPoolExecutor$Worker.run(ThreadPoolExecutor.java:636)
12-14 03:56:24.819 W/ErrorProcessor( 2173): 	at java.lang.Thread.run(Thread.java:764)
12-14 03:56:24.819 W/ErrorProcessor( 2173): 	at com.google.android.apps.gsa.shared.util.concurrent.a.ai.run(SourceFile:6)
12-14 03:56:24.819 W/ErrorProcessor( 2173): Caused by: com.google.android.apps.gsa.shared.exception.GsaIOException: Error code: 393238 | Buffer overflow, no available space.
12-14 03:56:24.819 W/ErrorProcessor( 2173): 	at com.google.android.apps.gsa.speech.audio.Tee.f(SourceFile:103)
12-14 03:56:24.819 W/ErrorProcessor( 2173): 	at com.google.android.apps.gsa.speech.audio.au.read(SourceFile:2)
12-14 03:56:24.819 W/ErrorProcessor( 2173): 	at java.io.InputStream.read(InputStream.java:101)
12-14 03:56:24.819 W/ErrorProcessor( 2173): 	at com.google.android.apps.gsa.speech.audio.ao.run(SourceFile:18)
12-14 03:56:24.819 W/ErrorProcessor( 2173): 	at com.google.android.apps.gsa.speech.audio.an.run(SourceFile:2)
12-14 03:56:24.819 W/ErrorProcessor( 2173): 	... 9 more
12-14 03:56:24.819 I/AudioController( 2173): internalShutdown
12-14 03:56:24.822 I/AudioFlinger( 1475): AudioFlinger's thread 0xade03e80 tid=4109 ready to run
12-14 03:56:24.823 I/MicroDetector( 2173): Keeping mic open: false
12-14 03:56:24.823 I/MicroDetectionWorker( 2173): #onError(false)
12-14 03:56:24.823 I/DeviceStateChecker( 2173): DeviceStateChecker cancelled
12-14 03:56:24.826 I/System.out( 4088): Main activity name automatically set to: com.evancharlton.mileage.Mileage
12-14 03:56:24.827 I/System.out( 4088): Calabash did not load Mono. This is only a problem if you are trying to test a Mono application
12-14 03:56:24.827 I/calabash( 4088): Test server port: 7102
12-14 03:56:24.829 I/InstrumentationBackend( 4088): Added:'GetPreferences', with key:'get_preferences'
12-14 03:56:24.886 I/InstrumentationBackend( 4088): Added:'SetPreferences', with key:'set_preferences'
12-14 03:56:24.886 I/InstrumentationBackend( 4088): Added:'ClearPreferences', with key:'clear_preferences'
12-14 03:56:24.886 I/InstrumentationBackend( 4088): Added:'PressElement', with key:'press_l10n_element'
12-14 03:56:24.887 I/InstrumentationBackend( 4088): Added:'WaitForElement', with key:'wait_for_l10n_element'
12-14 03:56:24.887 I/InstrumentationBackend( 4088): Added:'NullAction', with key:'nullAction'
12-14 03:56:24.888 I/InstrumentationBackend( 4088): Added:'PressKey', with key:'press_key'
12-14 03:56:24.888 I/InstrumentationBackend( 4088): Added:'SetActivityOrientation', with key:'set_activity_orientation'
12-14 03:56:24.889 I/InstrumentationBackend( 4088): Added:'GetActivityOrientation', with key:'get_activity_orientation'
12-14 03:56:24.890 E/adbd    ( 1383): failed to connect to socket 'tcp:7102': Connection refused
12-14 03:56:24.891 I/InstrumentationBackend( 4088): Added:'FakeGPSLocation', with key:'set_gps_coordinates'
12-14 03:56:24.891 I/InstrumentationBackend( 4088): Added:'SetPropertyByCssSelector', with key:'set_property_by_css_selector'
12-14 03:56:24.893 E/adbd    ( 1383): failed to connect to socket 'tcp:7102': Connection refused
12-14 03:56:24.894 I/InstrumentationBackend( 4088): Added:'GetUrl', with key:'get_url'
12-14 03:56:24.896 I/InstrumentationBackend( 4088): Added:'ScrollTo', with key:'scroll_to'
12-14 03:56:24.896 I/InstrumentationBackend( 4088): Added:'GetLoadProgress', with key:'get_load_progress'
12-14 03:56:24.897 I/InstrumentationBackend( 4088): Added:'DumpHtml', with key:'dump_html'
12-14 03:56:24.897 I/InstrumentationBackend( 4088): Added:'DumpBodyHtml', with key:'dump_body_html'
12-14 03:56:24.897 I/InstrumentationBackend( 4088): Added:'EnterTextByCssSelector', with key:'enter_text_by_selector'
12-14 03:56:24.901 I/InstrumentationBackend( 4088): Added:'AndroidSDKVersion', with key:'android_sdk_version'
12-14 03:56:24.901 I/InstrumentationBackend( 4088): Added:'Version', with key:'version'
12-14 03:56:24.901 I/InstrumentationBackend( 4088): Added:'Drag', with key:'drag'
12-14 03:56:24.902 I/InstrumentationBackend( 4088): Added:'TouchCoordinates', with key:'touch_coordinate'
12-14 03:56:24.902 I/InstrumentationBackend( 4088): Added:'LongPressCoordinate', with key:'long_press_coordinate'
12-14 03:56:24.902 I/InstrumentationBackend( 4088): Added:'DragCoordinates', with key:'drag_coordinates'
12-14 03:56:24.903 I/InstrumentationBackend( 4088): Added:'ResumeApplication', with key:'resume_application'
12-14 03:56:24.903 I/InstrumentationBackend( 4088): Added:'Swipe', with key:'swipe'
12-14 03:56:24.904 I/InstrumentationBackend( 4088): Added:'DoubleTapCoordinate', with key:'double_tap_coordinate'
12-14 03:56:24.904 I/InstrumentationBackend( 4088): Added:'ClickOnScreen', with key:'click_on_screen'
12-14 03:56:24.905 I/InstrumentationBackend( 4088): Added:'GetActivityName', with key:'get_activity_name'
12-14 03:56:24.905 I/InstrumentationBackend( 4088): Added:'ScrollToView', with key:'scroll_to_view'
12-14 03:56:24.906 I/InstrumentationBackend( 4088): Added:'ViewConfiguration', with key:'view_configuration'
12-14 03:56:24.906 I/InstrumentationBackend( 4088): Added:'IsCurrentActivityFocused', with key:'is_current_activity_focused'
12-14 03:56:24.906 I/InstrumentationBackend( 4088): Added:'SendTcp', with key:'send_tcp'
12-14 03:56:24.907 I/InstrumentationBackend( 4088): Added:'DpToDevicePixel', with key:'dp_to_device_pixel'
12-14 03:56:24.909 I/InstrumentationBackend( 4088): Added:'KeyboardEnterText', with key:'keyboard_enter_text'
12-14 03:56:24.909 I/InstrumentationBackend( 4088): Added:'DeleteSurroundingText', with key:'delete_surrounding_text'
12-14 03:56:24.910 I/InstrumentationBackend( 4088): Added:'SetComposingRegion', with key:'set_composing_region'
12-14 03:56:24.910 I/InstrumentationBackend( 4088): Added:'SetSelection', with key:'set_selection'
12-14 03:56:24.910 I/InstrumentationBackend( 4088): Added:'KeyboardKeyEvent', with key:'keyboard_key_event'
12-14 03:56:24.911 I/InstrumentationBackend( 4088): Added:'PressUserActionButton', with key:'press_user_action_button'
12-14 03:56:24.911 I/InstrumentationBackend( 4088): Added:'HideSoftKeyboard', with key:'hide_soft_keyboard'
12-14 03:56:24.912 I/InstrumentationBackend( 4088): Added:'ListActions', with key:'list_actions'
12-14 03:56:24.913 I/calabash( 4088): Instantiating http server at 7102
12-14 03:56:24.913 I/System.out( 4088): HTTP Daemon listening on: 7102
12-14 03:56:25.008 I/System.out( 4088): URI: //ping
12-14 03:56:25.009 I/System.out( 4088): params: {json={}
12-14 03:56:25.009 I/System.out( 4088): }
12-14 03:56:25.019 I/System.out( 4088): URI: //ping
12-14 03:56:25.019 I/System.out( 4088): params: {json={}
12-14 03:56:25.019 I/System.out( 4088): }
12-14 03:56:25.026 I/System.out( 4088): URI: //ready
12-14 03:56:25.026 I/System.out( 4088): params: {json={}
12-14 03:56:25.026 I/System.out( 4088): }
12-14 03:56:25.032 I/System.out( 4088): URI: //
12-14 03:56:25.032 I/System.out( 4088): params: {json={"command":"version","arguments":[]}
12-14 03:56:25.032 I/System.out( 4088): }
12-14 03:56:25.032 I/System.out( 4088): header: {content-type=application/json;charset=utf-8, date=Mon, 14 Dec 2020 08:56:25 GMT, accept=*/*, host=127.0.0.1:34777, content-length=36, user-agent=HTTPClient/1.0 (2.8.3, ruby 2.5.8 (2020-03-31))}
12-14 03:56:25.032 I/System.out( 4088): params: {json={"command":"version","arguments":[]}
12-14 03:56:25.032 I/System.out( 4088): }
12-14 03:56:25.032 I/System.out( 4088): ProP json = {"command":"version","arguments":[]}
12-14 03:56:25.032 I/System.out( 4088): files: {}
12-14 03:56:25.032 I/System.out( 4088): command: {"command":"version","arguments":[]}
12-14 03:56:25.061 I/InstrumentationBackend( 4088): Got command:'Command:'Line:null,version', arguments:'[]'
12-14 03:56:25.097 I/System.out( 4088): result:{"bonusInformation":[],"message":"0.9.8","success":true}
12-14 03:56:25.105 I/System.out( 4088): URI: //start-application
12-14 03:56:25.105 I/System.out( 4088): params: {json={"intent":null}
12-14 03:56:25.105 I/System.out( 4088): }
12-14 03:56:25.143 I/ActivityManager( 1627): START u0 {act=android.intent.action.MAIN cat=[android.intent.category.LAUNCHER] flg=0x10200000 cmp=com.evancharlton.mileage/.Mileage} from uid 10440
12-14 03:56:25.156 E/memtrack( 1627): Couldn't load memtrack module
12-14 03:56:25.156 W/android.os.Debug( 1627): failed to get memory consumption info: -1
12-14 03:56:25.160 I/calabash( 4088): newActivity1
12-14 03:56:25.166 D/gralloc_ranchu( 1396): gralloc_alloc: Creating ashmem region of size 7753728
12-14 03:56:25.200 W/ActivityManager( 1627): Bad activity token: android.os.BinderProxy@cee96dc
12-14 03:56:25.200 W/ActivityManager( 1627): java.lang.ClassCastException: android.os.BinderProxy cannot be cast to com.android.server.am.ActivityRecord$Token
12-14 03:56:25.200 W/ActivityManager( 1627): 	at com.android.server.am.ActivityRecord.forTokenLocked(ActivityRecord.java:778)
12-14 03:56:25.200 W/ActivityManager( 1627): 	at com.android.server.am.ActivityRecord.isInStackLocked(ActivityRecord.java:2085)
12-14 03:56:25.200 W/ActivityManager( 1627): 	at com.android.server.am.ActivityRecord.getStackLocked(ActivityRecord.java:2090)
12-14 03:56:25.200 W/ActivityManager( 1627): 	at com.android.server.am.ActivityManagerService.getActivityDisplayId(ActivityManagerService.java:10406)
12-14 03:56:25.200 W/ActivityManager( 1627): 	at android.app.IActivityManager$Stub.onTransact(IActivityManager.java:2738)
12-14 03:56:25.200 W/ActivityManager( 1627): 	at com.android.server.am.ActivityManagerService.onTransact(ActivityManagerService.java:2935)
12-14 03:56:25.200 W/ActivityManager( 1627): 	at android.os.Binder.execTransact(Binder.java:674)
12-14 03:56:25.202 I/calabash( 4088): newActivity1
12-14 03:56:25.213 W/ActivityManager( 1627): Bad activity token: android.os.BinderProxy@cee96dc
12-14 03:56:25.213 W/ActivityManager( 1627): java.lang.ClassCastException: android.os.BinderProxy cannot be cast to com.android.server.am.ActivityRecord$Token
12-14 03:56:25.213 W/ActivityManager( 1627): 	at com.android.server.am.ActivityRecord.forTokenLocked(ActivityRecord.java:778)
12-14 03:56:25.213 W/ActivityManager( 1627): 	at com.android.server.am.ActivityRecord.isInStackLocked(ActivityRecord.java:2085)
12-14 03:56:25.213 W/ActivityManager( 1627): 	at com.android.server.am.ActivityManagerService.setTaskDescription(ActivityManagerService.java:9988)
12-14 03:56:25.213 W/ActivityManager( 1627): 	at android.app.IActivityManager$Stub.onTransact(IActivityManager.java:2824)
12-14 03:56:25.213 W/ActivityManager( 1627): 	at com.android.server.am.ActivityManagerService.onTransact(ActivityManagerService.java:2935)
12-14 03:56:25.213 W/ActivityManager( 1627): 	at android.os.Binder.execTransact(Binder.java:674)
12-14 03:56:25.214 W/ActivityManager( 1627): Bad activity token: android.os.BinderProxy@cee96dc
12-14 03:56:25.214 W/ActivityManager( 1627): java.lang.ClassCastException: android.os.BinderProxy cannot be cast to com.android.server.am.ActivityRecord$Token
12-14 03:56:25.214 W/ActivityManager( 1627): 	at com.android.server.am.ActivityRecord.forTokenLocked(ActivityRecord.java:778)
12-14 03:56:25.214 W/ActivityManager( 1627): 	at com.android.server.am.ActivityRecord.isInStackLocked(ActivityRecord.java:2085)
12-14 03:56:25.214 W/ActivityManager( 1627): 	at com.android.server.am.ActivityRecord.getStackLocked(ActivityRecord.java:2090)
12-14 03:56:25.214 W/ActivityManager( 1627): 	at com.android.server.am.ActivityManagerService.getActivityStackId(ActivityManagerService.java:10417)
12-14 03:56:25.214 W/ActivityManager( 1627): 	at android.app.IActivityManager$Stub.onTransact(IActivityManager.java:3548)
12-14 03:56:25.214 W/ActivityManager( 1627): 	at com.android.server.am.ActivityManagerService.onTransact(ActivityManagerService.java:2935)
12-14 03:56:25.214 W/ActivityManager( 1627): 	at android.os.Binder.execTransact(Binder.java:674)
12-14 03:56:25.217 D/EGL_emulation( 2147): eglMakeCurrent: 0x9e284420: ver 3 0 (tinfo 0x9e283360)
12-14 03:56:25.232 D/EGL_emulation( 2173): eglMakeCurrent: 0x9bcfd920: ver 3 0 (tinfo 0x9bcff490)
12-14 03:56:25.243 D/EGL_emulation( 1725): eglMakeCurrent: 0x8a752100: ver 3 0 (tinfo 0x99d6db50)
12-14 03:56:25.262 I/chatty  ( 1725): uid=10028(u0_a28) RenderThread identical 1 line
12-14 03:56:25.268 D/EGL_emulation( 1725): eglMakeCurrent: 0x8a752100: ver 3 0 (tinfo 0x99d6db50)
12-14 03:56:25.271 V/StatusBar( 1725): setLightsOn(true)
12-14 03:56:25.280 E/ContentStoreEUAS( 2173): Failed to commit the deferred actions
12-14 03:56:25.283 D/EGL_emulation( 1725): eglMakeCurrent: 0x8a752100: ver 3 0 (tinfo 0x99d6db50)
12-14 03:56:25.364 W/ActivityManager( 1627): Bad activity token: android.os.BinderProxy@cee96dc
12-14 03:56:25.364 W/ActivityManager( 1627): java.lang.ClassCastException: android.os.BinderProxy cannot be cast to com.android.server.am.ActivityRecord$Token
12-14 03:56:25.364 W/ActivityManager( 1627): 	at com.android.server.am.ActivityRecord.forTokenLocked(ActivityRecord.java:778)
12-14 03:56:25.364 W/ActivityManager( 1627): 	at com.android.server.am.ActivityRecord.isInStackLocked(ActivityRecord.java:2085)
12-14 03:56:25.364 W/ActivityManager( 1627): 	at com.android.server.am.ActivityManagerService.getActivityOptions(ActivityManagerService.java:13302)
12-14 03:56:25.364 W/ActivityManager( 1627): 	at android.app.IActivityManager$Stub.onTransact(IActivityManager.java:2910)
12-14 03:56:25.364 W/ActivityManager( 1627): 	at com.android.server.am.ActivityManagerService.onTransact(ActivityManagerService.java:2935)
12-14 03:56:25.364 W/ActivityManager( 1627): 	at android.os.Binder.execTransact(Binder.java:674)
12-14 03:56:25.367 W/ActivityManager( 1627): Bad activity token: android.os.BinderProxy@cee96dc
12-14 03:56:25.367 W/ActivityManager( 1627): java.lang.ClassCastException: android.os.BinderProxy cannot be cast to com.android.server.am.ActivityRecord$Token
12-14 03:56:25.367 W/ActivityManager( 1627): 	at com.android.server.am.ActivityRecord.forTokenLocked(ActivityRecord.java:778)
12-14 03:56:25.367 W/ActivityManager( 1627): 	at com.android.server.am.ActivityRecord.isInStackLocked(ActivityRecord.java:2085)
12-14 03:56:25.367 W/ActivityManager( 1627): 	at com.android.server.am.ActivityManagerService.getActivityOptions(ActivityManagerService.java:13302)
12-14 03:56:25.367 W/ActivityManager( 1627): 	at android.app.IActivityManager$Stub.onTransact(IActivityManager.java:2910)
12-14 03:56:25.367 W/ActivityManager( 1627): 	at com.android.server.am.ActivityManagerService.onTransact(ActivityManagerService.java:2935)
12-14 03:56:25.367 W/ActivityManager( 1627): 	at android.os.Binder.execTransact(Binder.java:674)
12-14 03:56:25.444 I/chatty  ( 1725): uid=10028(u0_a28) RenderThread identical 21 lines
12-14 03:56:25.456 D/EGL_emulation( 1725): eglMakeCurrent: 0x8a752100: ver 3 0 (tinfo 0x99d6db50)
12-14 03:56:25.474 V/StatusBar( 1725): setLightsOn(true)
12-14 03:56:25.524 I/zygote  ( 4088): Do partial code cache collection, code=28KB, data=30KB
12-14 03:56:25.527 I/zygote  ( 4088): After code cache collection, code=28KB, data=30KB
12-14 03:56:25.527 I/zygote  ( 4088): Increasing code cache capacity to 128KB
12-14 03:56:25.528 I/zygote  ( 4088): Do partial code cache collection, code=28KB, data=48KB
12-14 03:56:25.528 I/zygote  ( 4088): After code cache collection, code=28KB, data=48KB
12-14 03:56:25.528 I/zygote  ( 4088): Increasing code cache capacity to 256KB
12-14 03:56:25.529 I/zygote  ( 4088): JIT allocated 71KB for compiled code of void android.widget.TextView.<init>(android.content.Context, android.util.AttributeSet, int, int)
12-14 03:56:25.529 I/zygote  ( 4088): Compiler allocated 4MB to compile void android.widget.TextView.<init>(android.content.Context, android.util.AttributeSet, int, int)
12-14 03:56:25.538 V/StatusBar( 1725): setLightsOn(true)
12-14 03:56:25.545 I/chatty  ( 1725): uid=10028(u0_a28) com.android.systemui identical 1 line
12-14 03:56:25.546 V/StatusBar( 1725): setLightsOn(true)
12-14 03:56:25.578 D/gralloc_ranchu( 1396): gralloc_alloc: Creating ashmem region of size 7753728
12-14 03:56:25.598 D/        ( 4088): HostConnection::get() New Host Connection established 0x9b92fdc0, tid 4088
12-14 03:56:25.649 V/StatusBar( 1725): setLightsOn(true)
12-14 03:56:25.650 I/ActivityManager( 1627): Displayed com.evancharlton.mileage/.Mileage: +495ms
12-14 03:56:25.654 V/StatusBar( 1725): setLightsOn(true)
12-14 03:56:25.678 D/gralloc_ranchu( 1396): gralloc_alloc: Creating ashmem region of size 7753728
12-14 03:56:25.768 E/memtrack( 1627): Couldn't load memtrack module
12-14 03:56:25.768 W/android.os.Debug( 1627): failed to get memory consumption info: -1
12-14 03:56:25.810 I/zygote  ( 4088): Do full code cache collection, code=125KB, data=71KB
12-14 03:56:25.811 I/zygote  ( 4088): After code cache collection, code=108KB, data=44KB
12-14 03:56:25.836 V/StatusBar( 1725): setLightsOn(true)
