12-13 23:55:38.883 W/asset   ( 1729): Asset path /data/app/com.evancharlton.mileage-r3fwN62qNAeBh_e1MSm9eQ==/base.apk is neither a directory nor file (type=1).
12-13 23:55:38.883 E/ResourcesManager( 1729): failed to add asset path /data/app/com.evancharlton.mileage-r3fwN62qNAeBh_e1MSm9eQ==/base.apk
12-13 23:55:38.883 W/PackageManager( 1729): Failure retrieving resources for com.evancharlton.mileage
12-13 23:55:38.884 W/asset   ( 1729): Asset path /data/app/com.evancharlton.mileage-r3fwN62qNAeBh_e1MSm9eQ==/base.apk is neither a directory nor file (type=1).
12-13 23:55:38.884 E/ResourcesManager( 1729): failed to add asset path /data/app/com.evancharlton.mileage-r3fwN62qNAeBh_e1MSm9eQ==/base.apk
12-13 23:55:38.884 W/PackageManager( 1729): Failure retrieving resources for com.evancharlton.mileage
12-13 23:55:38.914 D/EGL_emulation( 1729): eglMakeCurrent: 0x94311fe0: ver 3 0 (tinfo 0xa3816bd0)
12-13 23:55:38.924 D/EGL_emulation( 1729): eglMakeCurrent: 0x94311fe0: ver 3 0 (tinfo 0xa3816bd0)
12-13 23:55:38.943 E/ContentStoreEUAS( 2226): Failed to commit the deferred actions
12-13 23:55:38.950 D/FillupsProvider( 3875): Creating database
12-13 23:55:38.974 D/EGL_emulation( 1729): eglMakeCurrent: 0x94311fe0: ver 3 0 (tinfo 0xa3816bd0)
12-13 23:55:38.976 V/StatusBar( 1729): setLightsOn(true)
12-13 23:55:38.981 D/EGL_emulation( 1729): eglMakeCurrent: 0x94311fe0: ver 3 0 (tinfo 0xa3816bd0)
12-13 23:55:39.048 I/chatty  ( 1729): uid=10028(u0_a28) RenderThread identical 5 lines
12-13 23:55:39.057 D/EGL_emulation( 1729): eglMakeCurrent: 0x94311fe0: ver 3 0 (tinfo 0xa3816bd0)
12-13 23:55:39.066 I/zygote  ( 3875): Do partial code cache collection, code=30KB, data=21KB
12-13 23:55:39.067 I/zygote  ( 3875): After code cache collection, code=30KB, data=21KB
12-13 23:55:39.067 I/zygote  ( 3875): Increasing code cache capacity to 128KB
12-13 23:55:39.075 D/EGL_emulation( 1729): eglMakeCurrent: 0x94311fe0: ver 3 0 (tinfo 0xa3816bd0)
12-13 23:55:39.164 W/ActivityManager( 1629): Bad activity token: android.os.BinderProxy@885c77e
12-13 23:55:39.164 W/ActivityManager( 1629): java.lang.ClassCastException: android.os.BinderProxy cannot be cast to com.android.server.am.ActivityRecord$Token
12-13 23:55:39.164 W/ActivityManager( 1629): 	at com.android.server.am.ActivityRecord.forTokenLocked(ActivityRecord.java:778)
12-13 23:55:39.164 W/ActivityManager( 1629): 	at com.android.server.am.ActivityRecord.isInStackLocked(ActivityRecord.java:2085)
12-13 23:55:39.164 W/ActivityManager( 1629): 	at com.android.server.am.ActivityManagerService.getActivityOptions(ActivityManagerService.java:13302)
12-13 23:55:39.164 W/ActivityManager( 1629): 	at android.app.IActivityManager$Stub.onTransact(IActivityManager.java:2910)
12-13 23:55:39.164 W/ActivityManager( 1629): 	at com.android.server.am.ActivityManagerService.onTransact(ActivityManagerService.java:2935)
12-13 23:55:39.164 W/ActivityManager( 1629): 	at android.os.Binder.execTransact(Binder.java:674)
12-13 23:55:39.166 W/ActivityManager( 1629): Bad activity token: android.os.BinderProxy@885c77e
12-13 23:55:39.166 W/ActivityManager( 1629): java.lang.ClassCastException: android.os.BinderProxy cannot be cast to com.android.server.am.ActivityRecord$Token
12-13 23:55:39.166 W/ActivityManager( 1629): 	at com.android.server.am.ActivityRecord.forTokenLocked(ActivityRecord.java:778)
12-13 23:55:39.166 W/ActivityManager( 1629): 	at com.android.server.am.ActivityRecord.isInStackLocked(ActivityRecord.java:2085)
12-13 23:55:39.166 W/ActivityManager( 1629): 	at com.android.server.am.ActivityManagerService.getActivityOptions(ActivityManagerService.java:13302)
12-13 23:55:39.166 W/ActivityManager( 1629): 	at android.app.IActivityManager$Stub.onTransact(IActivityManager.java:2910)
12-13 23:55:39.166 W/ActivityManager( 1629): 	at com.android.server.am.ActivityManagerService.onTransact(ActivityManagerService.java:2935)
12-13 23:55:39.166 W/ActivityManager( 1629): 	at android.os.Binder.execTransact(Binder.java:674)
12-13 23:55:39.092 I/chatty  ( 1729): uid=10028(u0_a28) RenderThread identical 2 lines
12-13 23:55:39.102 D/EGL_emulation( 1729): eglMakeCurrent: 0x94311fe0: ver 3 0 (tinfo 0xa3816bd0)
12-13 23:55:39.279 V/StatusBar( 1729): setLightsOn(true)
12-13 23:55:39.351 I/zygote  ( 3875): Do partial code cache collection, code=43KB, data=57KB
12-13 23:55:39.352 I/zygote  ( 3875): After code cache collection, code=43KB, data=57KB
12-13 23:55:39.352 I/zygote  ( 3875): Increasing code cache capacity to 256KB
12-13 23:55:39.353 I/zygote  ( 3875): JIT allocated 71KB for compiled code of void android.widget.TextView.<init>(android.content.Context, android.util.AttributeSet, int, int)
12-13 23:55:39.353 I/zygote  ( 3875): Compiler allocated 4MB to compile void android.widget.TextView.<init>(android.content.Context, android.util.AttributeSet, int, int)
12-13 23:55:39.383 V/StatusBar( 1729): setLightsOn(true)
12-13 23:55:39.383 V/StatusBar( 1729): setLightsOn(true)
12-13 23:55:39.411 I/zygote  ( 3875): Do full code cache collection, code=123KB, data=68KB
12-13 23:55:39.414 I/zygote  ( 3875): After code cache collection, code=88KB, data=38KB
12-13 23:55:39.421 D/gralloc_ranchu( 1396): gralloc_alloc: Creating ashmem region of size 7753728
12-13 23:55:39.489 D/        ( 3875): HostConnection::get() New Host Connection established 0xa54afc40, tid 3875
12-13 23:55:39.573 V/StatusBar( 1729): setLightsOn(true)
12-13 23:55:39.576 V/StatusBar( 1729): setLightsOn(true)
12-13 23:55:39.582 I/ActivityManager( 1629): Displayed com.evancharlton.mileage/.Mileage: +827ms
12-13 23:55:39.594 V/StatusBar( 1729): setLightsOn(true)
12-13 23:55:39.597 V/StatusBar( 1729): setLightsOn(true)
12-13 23:55:39.602 D/gralloc_ranchu( 1396): gralloc_alloc: Creating ashmem region of size 7753728
12-13 23:55:39.613 V/StatusBar( 1729): setLightsOn(true)
12-13 23:55:39.777 I/chatty  ( 1729): uid=10028(u0_a28) com.android.systemui identical 1 line
12-13 23:55:39.805 V/StatusBar( 1729): setLightsOn(true)
12-13 23:55:39.839 E/memtrack( 1629): Couldn't load memtrack module
12-13 23:55:39.839 W/android.os.Debug( 1629): failed to get memory consumption info: -1
12-13 23:55:39.854 W/SurfaceFlinger( 1409): couldn't log to binary event log: overflow.
12-13 23:55:39.854 W/SurfaceFlinger( 1409): couldn't log to binary event log: overflow.
12-13 23:55:39.892 I/System.out( 3875): URI: //map
12-13 23:55:39.893 I/System.out( 3875): params: {json={"query":"android.widget.Button index:2","operation":{"method_name":"query","arguments":[]}}
12-13 23:55:39.893 I/System.out( 3875): }
12-13 23:55:39.942 I/PBSessionCacheImpl( 2226): Deleted sessionId[3589492007259] from persistence.
12-13 23:55:39.971 W/SearchService( 2226): Abort, client detached.
12-13 23:55:39.983 E/WorkerRegistryImpl( 2226): getWorker() is called after WorkerRegistry disposal.
12-13 23:55:39.985 E/WorkerRegistryImpl( 2226): getWorker() is called after WorkerRegistry disposal.
12-13 23:55:40.057 I/System.out( 3875): URI: //gesture
12-13 23:55:40.057 I/System.out( 3875): params: {json={"query_timeout":5.0,"gestures":[{"query_string":"android.widget.Button index:2","touches":[{"x":50,"y":50,"offset_x":0,"offset_y":0,"wait":0.0,"time":0.2,"release":true,"query_string":null}]}]}
12-13 23:55:40.057 I/System.out( 3875): }
12-13 23:55:40.143 I/zygote  ( 3875): Do partial code cache collection, code=116KB, data=59KB
12-13 23:55:40.143 I/zygote  ( 3875): After code cache collection, code=116KB, data=59KB
12-13 23:55:40.143 I/zygote  ( 3875): Increasing code cache capacity to 512KB
12-13 23:55:40.366 I/AudioTrack( 1629): AUDIO_OUTPUT_FLAG_FAST successful; frameCount 4512 -> 4512
12-13 23:55:40.438 V/StatusBar( 1729): setLightsOn(true)
12-13 23:55:40.439 I/chatty  ( 1729): uid=10028(u0_a28) com.android.systemui identical 1 line
12-13 23:55:40.449 V/StatusBar( 1729): setLightsOn(true)
12-13 23:55:40.464 W/View    ( 3875): dispatchProvideAutofillStructure(): not laid out, ignoring
12-13 23:55:40.469 W/Binder  ( 1629): Outgoing transactions from this process must be FLAG_ONEWAY
12-13 23:55:40.469 W/Binder  ( 1629): java.lang.Throwable
12-13 23:55:40.469 W/Binder  ( 1629): 	at android.os.BinderProxy.transact(Binder.java:736)
12-13 23:55:40.469 W/Binder  ( 1629): 	at android.app.assist.AssistStructure$ParcelTransferReader.fetchData(AssistStructure.java:407)
12-13 23:55:40.469 W/Binder  ( 1629): 	at android.app.assist.AssistStructure$ParcelTransferReader.go(AssistStructure.java:343)
12-13 23:55:40.469 W/Binder  ( 1629): 	at android.app.assist.AssistStructure.ensureData(AssistStructure.java:2096)
12-13 23:55:40.469 W/Binder  ( 1629): 	at com.android.server.autofill.Session$1.send(Session.java:200)
12-13 23:55:40.469 W/Binder  ( 1629): 	at com.android.server.am.ActivityManagerService.reportAssistContextExtras(ActivityManagerService.java:13137)
12-13 23:55:40.469 W/Binder  ( 1629): 	at android.app.IActivityManager$Stub.onTransact(IActivityManager.java:2466)
12-13 23:55:40.469 W/Binder  ( 1629): 	at com.android.server.am.ActivityManagerService.onTransact(ActivityManagerService.java:2935)
12-13 23:55:40.469 W/Binder  ( 1629): 	at android.os.Binder.execTransact(Binder.java:674)
12-13 23:55:40.480 I/AssistStructure( 3875): Flattened final assist data: 5024 bytes, containing 2 windows, 19 views
12-13 23:55:40.485 D/gralloc_ranchu( 1396): gralloc_alloc: Creating ashmem region of size 303104
12-13 23:55:40.494 V/StatusBar( 1729): setLightsOn(true)
12-13 23:55:40.496 V/StatusBar( 1729): setLightsOn(true)
12-13 23:55:40.981 W/audio_hw_generic( 1390): Not supplying enough data to HAL, expected position 22911 , only wrote 2880
12-13 23:55:40.981 W/audio_hw_generic( 1390): Not supplying enough data to HAL, expected position 2900 , only wrote 2880
12-13 23:55:40.983 W/audio_hw_generic( 1390): Hardware backing HAL too slow, could only write 0 of 720 frames
12-13 23:55:40.983 W/AudioFlinger( 1475): write blocked for 482 msecs, 1 delayed writes, thread 0xa9a83180
12-13 23:55:40.999 W/audio_hw_generic( 1390): Hardware backing HAL too slow, could only write 0 of 720 frames
12-13 23:55:41.008 V/StatusBar( 1729): setLightsOn(true)
12-13 23:55:41.017 D/AudioFlinger( 1475): mixer(0xa9a83180) throttle end: throttle time(12)
12-13 23:55:41.024 V/StatusBar( 1729): setLightsOn(true)
12-13 23:55:41.072 D/gralloc_ranchu( 1396): gralloc_alloc: Creating ashmem region of size 7753728
12-13 23:55:41.092 D/BoundBrokerSvc( 1938): onUnbind: Intent { act=com.google.android.gms.auth.account.workaccount.START cmp=com.google.android.gms/.chimera.PersistentApiService }
12-13 23:55:41.095 D/BoundBrokerSvc( 2113): onUnbind: Intent { act=com.google.android.gms.auth.cryptauth.cryptauthservice.START cmp=com.google.android.gms/.chimera.GmsBoundBrokerService }
12-13 23:55:41.096 D/BoundBrokerSvc( 2113): onUnbind: Intent { act=com.google.android.mdd.service.START cmp=com.google.android.gms/.chimera.GmsBoundBrokerService }
12-13 23:55:41.111 I/AssistStructure( 1629): Flattened final assist data: 4496 bytes, containing 2 windows, 19 views
12-13 23:55:41.125 W/lgq     ( 1938): Pending fill request while another request in the same session was triggered. [CONTEXT service_id=177 ]
12-13 23:55:41.150 E/SurfaceFlinger( 1409): ro.sf.lcd_density must be defined as a build property
12-13 23:55:41.151 D/PermissionCache( 1409): checking android.permission.READ_FRAME_BUFFER for uid=2000 => granted (140 us)
12-13 23:55:41.164 D/gralloc_ranchu( 1396): gralloc_alloc: Creating ashmem region of size 8298496
12-13 23:55:41.174 D/        ( 3920): HostConnection::get() New Host Connection established 0xab5af800, tid 3920
12-13 23:55:41.447 I/zygote  ( 1938): Background concurrent copying GC freed 101908(5MB) AllocSpace objects, 8(168KB) LOS objects, 43% free, 7MB/13MB, paused 1.154ms total 238.854ms
12-13 23:55:41.657 D/BoundBrokerSvc( 1938): onUnbind: Intent { act=com.google.android.gms.auth.proximity.START cmp=com.google.android.gms/.chimera.PersistentBoundBrokerService }
12-13 23:55:41.845 D/BoundBrokerSvc( 1938): onUnbind: Intent { act=com.google.android.contextmanager.service.ContextManagerService.START cmp=com.google.android.gms/.chimera.PersistentApiService }
