--------- beginning of main
12-13 23:56:16.939 E/adbd    ( 1383): failed to connect to socket 'tcp:7102': Connection refused
12-13 23:56:17.001 V/StatusBar( 1729): setLightsOn(true)
12-13 23:56:17.007 V/StatusBar( 1729): setLightsOn(true)
12-13 23:56:17.019 D/gralloc_ranchu( 1396): gralloc_alloc: Creating ashmem region of size 8298496
--------- beginning of system
12-13 23:56:17.025 W/ActivityManager( 1629): Finishing task with all activities already finished
12-13 23:56:17.025 W/ActivityManager( 1629): Duplicate finish request for ActivityRecord{582fa0e u0 com.evancharlton.mileage/.Mileage t256 f}
12-13 23:56:17.032 W/ActivityManager( 1629): Finishing task with all activities already finished
12-13 23:56:17.032 W/ActivityManager( 1629): Duplicate finish request for ActivityRecord{582fa0e u0 com.evancharlton.mileage/.Mileage t256 f}
12-13 23:56:17.033 W/ActivityManager( 1629): Finishing task with all activities already finished
12-13 23:56:17.033 W/ActivityManager( 1629): Duplicate finish request for ActivityRecord{582fa0e u0 com.evancharlton.mileage/.Mileage t256 f}
12-13 23:56:17.034 W/ActivityManager( 1629): Finishing task with all activities already finished
12-13 23:56:17.034 W/ActivityManager( 1629): Duplicate finish request for ActivityRecord{582fa0e u0 com.evancharlton.mileage/.Mileage t256 f}
12-13 23:56:17.034 W/ActivityManager( 1629): Finishing task with all activities already finished
12-13 23:56:17.034 W/ActivityManager( 1629): Duplicate finish request for ActivityRecord{582fa0e u0 com.evancharlton.mileage/.Mileage t256 f}
12-13 23:56:17.034 W/ActivityManager( 1629): Finishing task with all activities already finished
12-13 23:56:17.034 W/ActivityManager( 1629): Duplicate finish request for ActivityRecord{582fa0e u0 com.evancharlton.mileage/.Mileage t256 f}
12-13 23:56:17.034 W/ActivityManager( 1629): Finishing task with all activities already finished
12-13 23:56:17.035 W/ActivityManager( 1629): Duplicate finish request for ActivityRecord{582fa0e u0 com.evancharlton.mileage/.Mileage t256 f}
12-13 23:56:17.035 W/ActivityManager( 1629): Finishing task with all activities already finished
12-13 23:56:17.035 W/ActivityManager( 1629): Duplicate finish request for ActivityRecord{582fa0e u0 com.evancharlton.mileage/.Mileage t256 f}
12-13 23:56:17.039 W/ActivityManager( 1629): Finishing task with all activities already finished
12-13 23:56:17.039 W/ActivityManager( 1629): Duplicate finish request for ActivityRecord{582fa0e u0 com.evancharlton.mileage/.Mileage t256 f}
12-13 23:56:17.054 V/StatusBar( 1729): setLightsOn(true)
12-13 23:56:17.055 V/StatusBar( 1729): setLightsOn(true)
12-13 23:56:17.059 W/ActivityManager( 1629): Finishing task with all activities already finished
12-13 23:56:17.059 W/ActivityManager( 1629): Duplicate finish request for ActivityRecord{582fa0e u0 com.evancharlton.mileage/.Mileage t256 f}
12-13 23:56:17.060 W/ActivityManager( 1629): Finishing task with all activities already finished
12-13 23:56:17.060 W/ActivityManager( 1629): Duplicate finish request for ActivityRecord{582fa0e u0 com.evancharlton.mileage/.Mileage t256 f}
12-13 23:56:17.061 D/gralloc_ranchu( 1396): gralloc_alloc: Creating ashmem region of size 8298496
12-13 23:56:17.067 D/SurfaceFlinger( 1409): duplicate layer name: changing com.google.android.apps.nexuslauncher/com.google.android.apps.nexuslauncher.NexusLauncherActivity to com.google.android.apps.nexuslauncher/com.google.android.apps.nexuslauncher.NexusLauncherActivity#1
12-13 23:56:17.074 I/zygote  ( 2185): Do full code cache collection, code=124KB, data=84KB
12-13 23:56:17.074 I/zygote  ( 2185): After code cache collection, code=117KB, data=71KB
12-13 23:56:17.090 D/gralloc_ranchu( 1396): gralloc_alloc: Creating ashmem region of size 8298496
12-13 23:56:17.176 D/EGL_emulation( 1729): eglMakeCurrent: 0x94311fe0: ver 3 0 (tinfo 0xa3816bd0)
12-13 23:56:17.184 D/gralloc_ranchu( 1396): gralloc_alloc: Creating ashmem region of size 8298496
12-13 23:56:17.316 E/IPCThreadState( 1409): binder thread pool (4 threads) starved for 226 ms
12-13 23:56:17.334 E/hw-IPCThreadState( 1396): binder thread pool (1 threads) starved for 146 ms
12-13 23:56:17.334 D/gralloc_ranchu( 1396): gralloc_alloc: Creating ashmem region of size 8298496
12-13 23:56:17.442 E/hw-IPCThreadState( 1396): binder thread pool (1 threads) starved for 108 ms
12-13 23:56:17.442 D/gralloc_ranchu( 1396): gralloc_alloc: Creating ashmem region of size 8298496
12-13 23:56:17.544 E/hw-IPCThreadState( 1396): binder thread pool (1 threads) starved for 102 ms
12-13 23:56:17.546 D/gralloc_ranchu( 1396): gralloc_alloc: Creating ashmem region of size 8298496
12-13 23:56:17.675 E/hw-IPCThreadState( 1396): binder thread pool (1 threads) starved for 129 ms
12-13 23:56:17.696 I/Choreographer( 2185): Skipped 37 frames!  The application may be doing too much work on its main thread.
12-13 23:56:17.726 D/EGL_emulation( 2226): eglMakeCurrent: 0xa57fdb60: ver 3 0 (tinfo 0xa57ff280)
12-13 23:56:17.738 D/gralloc_ranchu( 1396): gralloc_alloc: Creating ashmem region of size 8298496
12-13 23:56:17.954 E/hw-IPCThreadState( 1396): binder thread pool (1 threads) starved for 216 ms
12-13 23:56:17.984 D/EGL_emulation( 2185): eglMakeCurrent: 0xa57fd980: ver 3 0 (tinfo 0xa57ffc90)
12-13 23:56:18.058 D/gralloc_ranchu( 1396): gralloc_alloc: Creating ashmem region of size 7753728
12-13 23:56:18.094 W/ActivityManager( 1629): Unable to start service Intent { act=com.google.android.gms.speech.service.START pkg=com.google.android.gms } U=0: not found
12-13 23:56:18.105 D/        ( 1729): HostConnection::get() New Host Connection established 0xa7e207c0, tid 2003
12-13 23:56:18.108 W/ActivityManager( 1629): Unbind failed: could not find connection for android.os.BinderProxy@45549a7
12-13 23:56:18.109 E/GmsClient( 2226): unable to connect to service: com.google.android.gms.speech.service.START on com.google.android.gms
12-13 23:56:18.113 D/EGL_emulation( 2185): eglMakeCurrent: 0xa57fd980: ver 3 0 (tinfo 0xa57ffc90)
12-13 23:56:18.123 D/gralloc_ranchu( 1396): gralloc_alloc: Creating ashmem region of size 8298496
12-13 23:56:18.125 W/SessionLifecycleManager( 2226): Handover failed. Creating new session controller.
12-13 23:56:18.130 I/OptInState( 2226): There is a new client and it does not support opt-in. Dropping request.
12-13 23:56:18.184 D/EGL_emulation( 2185): eglMakeCurrent: 0xa57fd980: ver 3 0 (tinfo 0xa57ffc90)
12-13 23:56:18.199 D/EGL_emulation( 1729): eglMakeCurrent: 0x94311fe0: ver 3 0 (tinfo 0xa3816bd0)
12-13 23:56:18.207 D/gralloc_ranchu( 1396): gralloc_alloc: Creating ashmem region of size 8298496
12-13 23:56:18.233 W/OpenGLRenderer( 2185): Incorrectly called buildLayer on View: ShortcutAndWidgetContainer, destroying layer...
12-13 23:56:18.247 D/gralloc_ranchu( 1396): gralloc_alloc: Creating ashmem region of size 8298496
12-13 23:56:18.251 I/MicroDetectionWorker( 2226): #updateMicroDetector [detectionMode: [mDetectionMode: [1]]]
12-13 23:56:18.251 I/MicroDetectionWorker( 2226): #startMicroDetector [speakerMode: 0]
12-13 23:56:18.252 I/AudioController( 2226): Using mInputStreamFactoryBuilder
12-13 23:56:18.288 I/MicroRecognitionRunner( 2226): Starting detection.
12-13 23:56:18.289 I/MicroDetectionWorker( 2226): onReady
12-13 23:56:18.296 D/EGL_emulation( 1729): eglMakeCurrent: 0x94311fe0: ver 3 0 (tinfo 0xa3816bd0)
12-13 23:56:18.302 I/MicrophoneInputStream( 2226): mic_starting com.google.android.apps.gsa.staticplugins.aa.c@f6534f9
12-13 23:56:18.306 D/EGL_emulation( 1729): eglMakeCurrent: 0x94311fe0: ver 3 0 (tinfo 0xa3816bd0)
12-13 23:56:18.314 I/zygote  ( 2226): IncrementDisableThreadFlip blocked for 9.688ms
12-13 23:56:18.319 D/EGL_emulation( 1729): eglMakeCurrent: 0x94311fe0: ver 3 0 (tinfo 0xa3816bd0)
12-13 23:56:18.326 I/AudioFlinger( 1475): AudioFlinger's thread 0xa7083240 tid=4492 ready to run
12-13 23:56:18.340 D/EGL_emulation( 1729): eglMakeCurrent: 0x94311fe0: ver 3 0 (tinfo 0xa3816bd0)
12-13 23:56:18.350 I/MicrophoneInputStream( 2226): mic_started com.google.android.apps.gsa.staticplugins.aa.c@f6534f9
12-13 23:56:18.352 E/ActivityThread( 2226): Failed to find provider info for com.google.android.apps.gsa.testing.ui.audio.recorded
12-13 23:56:18.352 I/MicroDetectionWorker( 2226): onReady
12-13 23:56:18.358 D/EGL_emulation( 1729): eglMakeCurrent: 0x94311fe0: ver 3 0 (tinfo 0xa3816bd0)
12-13 23:56:18.371 W/SpeechLevelGenerator( 2226): Really low audio levels detected. The audio input may have issues.
12-13 23:56:18.382 I/MicrophoneInputStream( 2226): mic_close com.google.android.apps.gsa.staticplugins.aa.c@f6534f9
12-13 23:56:18.397 D/EGL_emulation( 1729): eglMakeCurrent: 0x94311fe0: ver 3 0 (tinfo 0xa3816bd0)
12-13 23:56:18.398 I/MicroRecognitionRunner( 2226): Detection finished
12-13 23:56:18.398 W/ErrorReporter( 2226): reportError [type: 211, code: 524300]: Error reading from input stream
12-13 23:56:18.399 I/MicroRecognitionRunner( 2226): Stopping hotword detection.
12-13 23:56:18.403 D/EGL_emulation( 1729): eglMakeCurrent: 0x94311fe0: ver 3 0 (tinfo 0xa3816bd0)
12-13 23:56:18.406 D/AndroidRuntime( 4487): >>>>>> START com.android.internal.os.RuntimeInit uid 2000 <<<<<<
12-13 23:56:18.419 D/EGL_emulation( 1729): eglMakeCurrent: 0x94311fe0: ver 3 0 (tinfo 0xa3816bd0)
12-13 23:56:18.419 W/ErrorProcessor( 2226): onFatalError, processing error from engine(4)
12-13 23:56:18.419 W/ErrorProcessor( 2226): com.google.android.apps.gsa.shared.speech.b.g: Error reading from input stream
12-13 23:56:18.419 W/ErrorProcessor( 2226): 	at com.google.android.apps.gsa.staticplugins.recognizer.j.a.a(SourceFile:28)
12-13 23:56:18.419 W/ErrorProcessor( 2226): 	at com.google.android.apps.gsa.staticplugins.recognizer.j.b.run(SourceFile:15)
12-13 23:56:18.419 W/ErrorProcessor( 2226): 	at java.util.concurrent.Executors$RunnableAdapter.call(Executors.java:457)
12-13 23:56:18.419 W/ErrorProcessor( 2226): 	at java.util.concurrent.FutureTask.run(FutureTask.java:266)
12-13 23:56:18.419 W/ErrorProcessor( 2226): 	at com.google.android.apps.gsa.shared.util.concurrent.a.ax.run(SourceFile:14)
12-13 23:56:18.419 W/ErrorProcessor( 2226): 	at com.google.android.apps.gsa.shared.util.concurrent.a.bl.run(SourceFile:4)
12-13 23:56:18.419 W/ErrorProcessor( 2226): 	at com.google.android.apps.gsa.shared.util.concurrent.a.bl.run(SourceFile:4)
12-13 23:56:18.419 W/ErrorProcessor( 2226): 	at java.util.concurrent.ThreadPoolExecutor.runWorker(ThreadPoolExecutor.java:1162)
12-13 23:56:18.419 W/ErrorProcessor( 2226): 	at java.util.concurrent.ThreadPoolExecutor$Worker.run(ThreadPoolExecutor.java:636)
12-13 23:56:18.419 W/ErrorProcessor( 2226): 	at java.lang.Thread.run(Thread.java:764)
12-13 23:56:18.419 W/ErrorProcessor( 2226): 	at com.google.android.apps.gsa.shared.util.concurrent.a.ai.run(SourceFile:6)
12-13 23:56:18.419 W/ErrorProcessor( 2226): Caused by: com.google.android.apps.gsa.shared.exception.GsaIOException: Error code: 393238 | Buffer overflow, no available space.
12-13 23:56:18.419 W/ErrorProcessor( 2226): 	at com.google.android.apps.gsa.speech.audio.Tee.f(SourceFile:103)
12-13 23:56:18.419 W/ErrorProcessor( 2226): 	at com.google.android.apps.gsa.speech.audio.au.read(SourceFile:2)
12-13 23:56:18.419 W/ErrorProcessor( 2226): 	at java.io.InputStream.read(InputStream.java:101)
12-13 23:56:18.419 W/ErrorProcessor( 2226): 	at com.google.android.apps.gsa.speech.audio.ao.run(SourceFile:18)
12-13 23:56:18.419 W/ErrorProcessor( 2226): 	at com.google.android.apps.gsa.speech.audio.an.run(SourceFile:2)
12-13 23:56:18.419 W/ErrorProcessor( 2226): 	... 9 more
12-13 23:56:18.424 I/AudioController( 2226): internalShutdown
12-13 23:56:18.441 D/EGL_emulation( 1729): eglMakeCurrent: 0x94311fe0: ver 3 0 (tinfo 0xa3816bd0)
12-13 23:56:18.449 D/EGL_emulation( 1729): eglMakeCurrent: 0x94311fe0: ver 3 0 (tinfo 0xa3816bd0)
12-13 23:56:18.476 I/MicroDetector( 2226): Keeping mic open: false
12-13 23:56:18.477 I/MicroDetectionWorker( 2226): #onError(false)
12-13 23:56:18.479 I/DeviceStateChecker( 2226): DeviceStateChecker cancelled
12-13 23:56:18.498 I/zygote  ( 1729): NativeAllocBackground concurrent copying GC freed 11474(733KB) AllocSpace objects, 0(0B) LOS objects, 49% free, 4MB/9MB, paused 63.545ms total 374.334ms
12-13 23:56:18.498 I/zygote  ( 2226): Background concurrent copying GC freed 7575(549KB) AllocSpace objects, 7(188KB) LOS objects, 49% free, 4MB/8MB, paused 9.820ms total 194.392ms
12-13 23:56:18.571 I/OpenGLRenderer( 1629): Initialized EGL, version 1.4
12-13 23:56:18.571 D/OpenGLRenderer( 1629): Swap behavior 1
12-13 23:56:18.572 W/OpenGLRenderer( 1629): Failed to choose config with EGL_SWAP_BEHAVIOR_PRESERVED, retrying without...
12-13 23:56:18.572 D/OpenGLRenderer( 1629): Swap behavior 0
12-13 23:56:18.585 D/EGL_emulation( 1629): eglCreateContext: 0x91e7dc00: maj 3 min 0 rcv 3
12-13 23:56:18.588 D/EGL_emulation( 1629): eglMakeCurrent: 0x91e7dc00: ver 3 0 (tinfo 0x91e5e170)
12-13 23:56:18.589 E/eglCodecCommon( 1629): glUtilsParamSize: unknow param 0x00008cdf
12-13 23:56:18.589 E/eglCodecCommon( 1629): glUtilsParamSize: unknow param 0x00008cdf
12-13 23:56:18.590 E/eglCodecCommon( 1629): glUtilsParamSize: unknow param 0x00008824
12-13 23:56:18.590 E/eglCodecCommon( 1629): glUtilsParamSize: unknow param 0x00008824
12-13 23:56:18.595 W/app_process( 4487): Unexpected CPU variant for X86 using defaults: x86
12-13 23:56:18.641 D/AndroidRuntime( 4487): Calling main entry com.android.commands.am.Am
12-13 23:56:18.649 I/ActivityManager( 1629): Force stopping com.evancharlton.mileage appid=10194 user=0: start instr
12-13 23:56:18.649 I/ActivityManager( 1629): Killing 4396:com.evancharlton.mileage/u0a194 (adj 0): stop com.evancharlton.mileage
12-13 23:56:18.649 W/ActivityManager( 1629): Crash of app com.evancharlton.mileage running instrumentation ComponentInfo{com.evancharlton.mileage.test/sh.calaba.instrumentationbackend.CalabashInstrumentationTestRunner}
12-13 23:56:18.649 I/ActivityManager( 1629): Force stopping com.evancharlton.mileage appid=10194 user=0: finished inst
12-13 23:56:18.667 I/zygote  ( 4501): Not late-enabling -Xcheck:jni (already on)
12-13 23:56:18.673 I/ActivityManager( 1629): Start proc 4501:com.evancharlton.mileage/u0a194 for added application com.evancharlton.mileage
12-13 23:56:18.675 D/AndroidRuntime( 4487): Shutting down VM
12-13 23:56:18.682 W/zygote  ( 4501): Unexpected CPU variant for X86 using defaults: x86
12-13 23:56:18.701 W/ActivityManager( 1629): setHasOverlayUi called on unknown pid: 4396
12-13 23:56:18.723 W/zygote  ( 4501): Found duplicate classes, falling back to extracting from APK : /data/app/com.evancharlton.mileage.test-fU_tbqAF348x2d8Md2TXRQ==/base.apk
12-13 23:56:18.723 W/zygote  ( 4501): NOTE: This wastes RAM and hurts startup performance.
12-13 23:56:18.723 W/zygote  ( 4501): Found duplicated class when checking oat files: 'Ljunit/runner/BaseTestRunner;' in /data/app/com.evancharlton.mileage.test-fU_tbqAF348x2d8Md2TXRQ==/base.apk and /system/framework/android.test.runner.jar
12-13 23:56:18.723 W/zygote  ( 4501): 
12-13 23:56:18.731 E/adbd    ( 1383): failed to connect to socket 'tcp:7102': Connection refused
12-13 23:56:18.748 E/adbd    ( 1383): failed to connect to socket 'tcp:7102': Connection refused
12-13 23:56:18.799 W/System  ( 4501): ClassLoader referenced unknown path: 
12-13 23:56:18.825 I/System.out( 4501): Main activity name automatically set to: com.evancharlton.mileage.Mileage
12-13 23:56:18.828 I/System.out( 4501): Calabash did not load Mono. This is only a problem if you are trying to test a Mono application
12-13 23:56:18.829 I/calabash( 4501): Test server port: 7102
12-13 23:56:18.831 I/InstrumentationBackend( 4501): Added:'GetPreferences', with key:'get_preferences'
12-13 23:56:18.864 E/adbd    ( 1383): failed to connect to socket 'tcp:7102': Connection refused
12-13 23:56:18.867 E/adbd    ( 1383): failed to connect to socket 'tcp:7102': Connection refused
12-13 23:56:18.937 I/InstrumentationBackend( 4501): Added:'SetPreferences', with key:'set_preferences'
12-13 23:56:18.938 I/InstrumentationBackend( 4501): Added:'ClearPreferences', with key:'clear_preferences'
12-13 23:56:18.939 I/InstrumentationBackend( 4501): Added:'PressElement', with key:'press_l10n_element'
12-13 23:56:18.939 I/InstrumentationBackend( 4501): Added:'WaitForElement', with key:'wait_for_l10n_element'
12-13 23:56:18.940 I/InstrumentationBackend( 4501): Added:'NullAction', with key:'nullAction'
12-13 23:56:18.941 I/InstrumentationBackend( 4501): Added:'PressKey', with key:'press_key'
12-13 23:56:18.942 I/InstrumentationBackend( 4501): Added:'SetActivityOrientation', with key:'set_activity_orientation'
12-13 23:56:18.943 I/InstrumentationBackend( 4501): Added:'GetActivityOrientation', with key:'get_activity_orientation'
12-13 23:56:18.945 I/InstrumentationBackend( 4501): Added:'FakeGPSLocation', with key:'set_gps_coordinates'
12-13 23:56:18.945 I/InstrumentationBackend( 4501): Added:'SetPropertyByCssSelector', with key:'set_property_by_css_selector'
12-13 23:56:18.947 I/InstrumentationBackend( 4501): Added:'GetUrl', with key:'get_url'
12-13 23:56:18.951 I/InstrumentationBackend( 4501): Added:'ScrollTo', with key:'scroll_to'
12-13 23:56:18.951 I/InstrumentationBackend( 4501): Added:'GetLoadProgress', with key:'get_load_progress'
12-13 23:56:18.952 I/InstrumentationBackend( 4501): Added:'DumpHtml', with key:'dump_html'
12-13 23:56:18.952 I/InstrumentationBackend( 4501): Added:'DumpBodyHtml', with key:'dump_body_html'
12-13 23:56:18.953 I/InstrumentationBackend( 4501): Added:'EnterTextByCssSelector', with key:'enter_text_by_selector'
12-13 23:56:18.962 I/InstrumentationBackend( 4501): Added:'AndroidSDKVersion', with key:'android_sdk_version'
12-13 23:56:18.962 I/InstrumentationBackend( 4501): Added:'Version', with key:'version'
12-13 23:56:18.963 I/InstrumentationBackend( 4501): Added:'Drag', with key:'drag'
12-13 23:56:18.963 I/InstrumentationBackend( 4501): Added:'TouchCoordinates', with key:'touch_coordinate'
12-13 23:56:18.964 I/InstrumentationBackend( 4501): Added:'LongPressCoordinate', with key:'long_press_coordinate'
12-13 23:56:18.964 I/InstrumentationBackend( 4501): Added:'DragCoordinates', with key:'drag_coordinates'
12-13 23:56:18.965 I/InstrumentationBackend( 4501): Added:'ResumeApplication', with key:'resume_application'
12-13 23:56:18.965 I/InstrumentationBackend( 4501): Added:'Swipe', with key:'swipe'
12-13 23:56:18.966 I/InstrumentationBackend( 4501): Added:'DoubleTapCoordinate', with key:'double_tap_coordinate'
12-13 23:56:18.966 I/InstrumentationBackend( 4501): Added:'ClickOnScreen', with key:'click_on_screen'
12-13 23:56:18.967 I/InstrumentationBackend( 4501): Added:'GetActivityName', with key:'get_activity_name'
12-13 23:56:18.968 I/InstrumentationBackend( 4501): Added:'ScrollToView', with key:'scroll_to_view'
12-13 23:56:18.969 I/InstrumentationBackend( 4501): Added:'ViewConfiguration', with key:'view_configuration'
12-13 23:56:18.969 I/InstrumentationBackend( 4501): Added:'IsCurrentActivityFocused', with key:'is_current_activity_focused'
12-13 23:56:18.970 I/InstrumentationBackend( 4501): Added:'SendTcp', with key:'send_tcp'
12-13 23:56:18.971 I/InstrumentationBackend( 4501): Added:'DpToDevicePixel', with key:'dp_to_device_pixel'
12-13 23:56:18.972 I/InstrumentationBackend( 4501): Added:'KeyboardEnterText', with key:'keyboard_enter_text'
12-13 23:56:18.974 I/InstrumentationBackend( 4501): Added:'DeleteSurroundingText', with key:'delete_surrounding_text'
12-13 23:56:18.975 I/InstrumentationBackend( 4501): Added:'SetComposingRegion', with key:'set_composing_region'
12-13 23:56:18.975 I/InstrumentationBackend( 4501): Added:'SetSelection', with key:'set_selection'
12-13 23:56:18.977 I/InstrumentationBackend( 4501): Added:'KeyboardKeyEvent', with key:'keyboard_key_event'
12-13 23:56:18.979 E/adbd    ( 1383): failed to connect to socket 'tcp:7102': Connection refused
12-13 23:56:18.979 I/InstrumentationBackend( 4501): Added:'PressUserActionButton', with key:'press_user_action_button'
12-13 23:56:18.982 I/InstrumentationBackend( 4501): Added:'HideSoftKeyboard', with key:'hide_soft_keyboard'
12-13 23:56:18.984 I/InstrumentationBackend( 4501): Added:'ListActions', with key:'list_actions'
12-13 23:56:18.984 I/calabash( 4501): Instantiating http server at 7102
12-13 23:56:18.985 I/System.out( 4501): HTTP Daemon listening on: 7102
12-13 23:56:18.994 I/System.out( 4501): URI: //ping
12-13 23:56:18.994 I/System.out( 4501): params: {json={}
12-13 23:56:18.994 I/System.out( 4501): }
12-13 23:56:19.006 I/System.out( 4501): URI: //ping
12-13 23:56:19.006 I/System.out( 4501): params: {json={}
12-13 23:56:19.006 I/System.out( 4501): }
12-13 23:56:19.020 I/System.out( 4501): URI: //ready
12-13 23:56:19.020 I/System.out( 4501): params: {json={}
12-13 23:56:19.020 I/System.out( 4501): }
12-13 23:56:19.035 I/System.out( 4501): URI: //
12-13 23:56:19.035 I/System.out( 4501): params: {json={"command":"version","arguments":[]}
12-13 23:56:19.035 I/System.out( 4501): }
12-13 23:56:19.036 I/System.out( 4501): header: {content-type=application/json;charset=utf-8, date=Mon, 14 Dec 2020 04:56:19 GMT, accept=*/*, host=127.0.0.1:34777, content-length=36, user-agent=HTTPClient/1.0 (2.8.3, ruby 2.5.8 (2020-03-31))}
12-13 23:56:19.036 I/System.out( 4501): params: {json={"command":"version","arguments":[]}
12-13 23:56:19.036 I/System.out( 4501): }
12-13 23:56:19.036 I/System.out( 4501): ProP json = {"command":"version","arguments":[]}
12-13 23:56:19.036 I/System.out( 4501): files: {}
12-13 23:56:19.036 I/System.out( 4501): command: {"command":"version","arguments":[]}
12-13 23:56:19.086 I/InstrumentationBackend( 4501): Got command:'Command:'Line:null,version', arguments:'[]'
12-13 23:56:19.147 I/System.out( 4501): result:{"bonusInformation":[],"message":"0.9.8","success":true}
12-13 23:56:19.157 I/System.out( 4501): URI: //start-application
12-13 23:56:19.157 I/System.out( 4501): params: {json={"intent":null}
12-13 23:56:19.157 I/System.out( 4501): }
12-13 23:56:19.217 I/ActivityManager( 1629): START u0 {act=android.intent.action.MAIN cat=[android.intent.category.LAUNCHER] flg=0x10200000 cmp=com.evancharlton.mileage/.Mileage} from uid 10194
12-13 23:56:19.241 I/calabash( 4501): newActivity1
12-13 23:56:19.258 D/gralloc_ranchu( 1396): gralloc_alloc: Creating ashmem region of size 7753728
12-13 23:56:19.295 W/ActivityManager( 1629): Bad activity token: android.os.BinderProxy@b2cd116
12-13 23:56:19.295 W/ActivityManager( 1629): java.lang.ClassCastException: android.os.BinderProxy cannot be cast to com.android.server.am.ActivityRecord$Token
12-13 23:56:19.295 W/ActivityManager( 1629): 	at com.android.server.am.ActivityRecord.forTokenLocked(ActivityRecord.java:778)
12-13 23:56:19.295 W/ActivityManager( 1629): 	at com.android.server.am.ActivityRecord.isInStackLocked(ActivityRecord.java:2085)
12-13 23:56:19.295 W/ActivityManager( 1629): 	at com.android.server.am.ActivityRecord.getStackLocked(ActivityRecord.java:2090)
12-13 23:56:19.295 W/ActivityManager( 1629): 	at com.android.server.am.ActivityManagerService.getActivityDisplayId(ActivityManagerService.java:10406)
12-13 23:56:19.295 W/ActivityManager( 1629): 	at android.app.IActivityManager$Stub.onTransact(IActivityManager.java:2738)
12-13 23:56:19.295 W/ActivityManager( 1629): 	at com.android.server.am.ActivityManagerService.onTransact(ActivityManagerService.java:2935)
12-13 23:56:19.295 W/ActivityManager( 1629): 	at android.os.Binder.execTransact(Binder.java:674)
12-13 23:56:19.297 I/calabash( 4501): newActivity1
12-13 23:56:19.310 W/ActivityManager( 1629): Bad activity token: android.os.BinderProxy@b2cd116
12-13 23:56:19.310 W/ActivityManager( 1629): java.lang.ClassCastException: android.os.BinderProxy cannot be cast to com.android.server.am.ActivityRecord$Token
12-13 23:56:19.310 W/ActivityManager( 1629): 	at com.android.server.am.ActivityRecord.forTokenLocked(ActivityRecord.java:778)
12-13 23:56:19.310 W/ActivityManager( 1629): 	at com.android.server.am.ActivityRecord.isInStackLocked(ActivityRecord.java:2085)
12-13 23:56:19.310 W/ActivityManager( 1629): 	at com.android.server.am.ActivityManagerService.setTaskDescription(ActivityManagerService.java:9988)
12-13 23:56:19.310 W/ActivityManager( 1629): 	at android.app.IActivityManager$Stub.onTransact(IActivityManager.java:2824)
12-13 23:56:19.310 W/ActivityManager( 1629): 	at com.android.server.am.ActivityManagerService.onTransact(ActivityManagerService.java:2935)
12-13 23:56:19.310 W/ActivityManager( 1629): 	at android.os.Binder.execTransact(Binder.java:674)
12-13 23:56:19.311 W/ActivityManager( 1629): Bad activity token: android.os.BinderProxy@b2cd116
12-13 23:56:19.311 W/ActivityManager( 1629): java.lang.ClassCastException: android.os.BinderProxy cannot be cast to com.android.server.am.ActivityRecord$Token
12-13 23:56:19.311 W/ActivityManager( 1629): 	at com.android.server.am.ActivityRecord.forTokenLocked(ActivityRecord.java:778)
12-13 23:56:19.311 W/ActivityManager( 1629): 	at com.android.server.am.ActivityRecord.isInStackLocked(ActivityRecord.java:2085)
12-13 23:56:19.311 W/ActivityManager( 1629): 	at com.android.server.am.ActivityRecord.getStackLocked(ActivityRecord.java:2090)
12-13 23:56:19.311 W/ActivityManager( 1629): 	at com.android.server.am.ActivityManagerService.getActivityStackId(ActivityManagerService.java:10417)
12-13 23:56:19.311 W/ActivityManager( 1629): 	at android.app.IActivityManager$Stub.onTransact(IActivityManager.java:3548)
12-13 23:56:19.311 W/ActivityManager( 1629): 	at com.android.server.am.ActivityManagerService.onTransact(ActivityManagerService.java:2935)
12-13 23:56:19.311 W/ActivityManager( 1629): 	at android.os.Binder.execTransact(Binder.java:674)
12-13 23:56:19.323 V/StatusBar( 1729): setLightsOn(true)
12-13 23:56:19.326 D/EGL_emulation( 2226): eglMakeCurrent: 0xa57fdb60: ver 3 0 (tinfo 0xa57ff280)
12-13 23:56:19.334 D/EGL_emulation( 2185): eglMakeCurrent: 0xa57fd980: ver 3 0 (tinfo 0xa57ffc90)
12-13 23:56:19.383 E/ContentStoreEUAS( 2226): Failed to commit the deferred actions
12-13 23:56:19.386 D/EGL_emulation( 1729): eglMakeCurrent: 0x94311fe0: ver 3 0 (tinfo 0xa3816bd0)
12-13 23:56:19.395 I/chatty  ( 1729): uid=10028(u0_a28) RenderThread identical 1 line
12-13 23:56:19.398 D/EGL_emulation( 1729): eglMakeCurrent: 0x94311fe0: ver 3 0 (tinfo 0xa3816bd0)
12-13 23:56:19.401 V/StatusBar( 1729): setLightsOn(true)
12-13 23:56:19.411 D/EGL_emulation( 1729): eglMakeCurrent: 0x94311fe0: ver 3 0 (tinfo 0xa3816bd0)
12-13 23:56:19.536 I/chatty  ( 1729): uid=10028(u0_a28) RenderThread identical 13 lines
12-13 23:56:19.547 D/EGL_emulation( 1729): eglMakeCurrent: 0x94311fe0: ver 3 0 (tinfo 0xa3816bd0)
12-13 23:56:19.604 W/ActivityManager( 1629): Bad activity token: android.os.BinderProxy@b2cd116
12-13 23:56:19.604 W/ActivityManager( 1629): java.lang.ClassCastException: android.os.BinderProxy cannot be cast to com.android.server.am.ActivityRecord$Token
12-13 23:56:19.604 W/ActivityManager( 1629): 	at com.android.server.am.ActivityRecord.forTokenLocked(ActivityRecord.java:778)
12-13 23:56:19.604 W/ActivityManager( 1629): 	at com.android.server.am.ActivityRecord.isInStackLocked(ActivityRecord.java:2085)
12-13 23:56:19.604 W/ActivityManager( 1629): 	at com.android.server.am.ActivityManagerService.getActivityOptions(ActivityManagerService.java:13302)
12-13 23:56:19.604 W/ActivityManager( 1629): 	at android.app.IActivityManager$Stub.onTransact(IActivityManager.java:2910)
12-13 23:56:19.604 W/ActivityManager( 1629): 	at com.android.server.am.ActivityManagerService.onTransact(ActivityManagerService.java:2935)
12-13 23:56:19.604 W/ActivityManager( 1629): 	at android.os.Binder.execTransact(Binder.java:674)
12-13 23:56:19.606 W/ActivityManager( 1629): Bad activity token: android.os.BinderProxy@b2cd116
12-13 23:56:19.606 W/ActivityManager( 1629): java.lang.ClassCastException: android.os.BinderProxy cannot be cast to com.android.server.am.ActivityRecord$Token
12-13 23:56:19.606 W/ActivityManager( 1629): 	at com.android.server.am.ActivityRecord.forTokenLocked(ActivityRecord.java:778)
12-13 23:56:19.606 W/ActivityManager( 1629): 	at com.android.server.am.ActivityRecord.isInStackLocked(ActivityRecord.java:2085)
12-13 23:56:19.606 W/ActivityManager( 1629): 	at com.android.server.am.ActivityManagerService.getActivityOptions(ActivityManagerService.java:13302)
12-13 23:56:19.606 W/ActivityManager( 1629): 	at android.app.IActivityManager$Stub.onTransact(IActivityManager.java:2910)
12-13 23:56:19.606 W/ActivityManager( 1629): 	at com.android.server.am.ActivityManagerService.onTransact(ActivityManagerService.java:2935)
12-13 23:56:19.606 W/ActivityManager( 1629): 	at android.os.Binder.execTransact(Binder.java:674)
12-13 23:56:19.725 V/StatusBar( 1729): setLightsOn(true)
12-13 23:56:19.836 I/chatty  ( 1729): uid=10028(u0_a28) com.android.systemui identical 2 lines
12-13 23:56:19.841 V/StatusBar( 1729): setLightsOn(true)
12-13 23:56:19.862 I/zygote  ( 4501): Do partial code cache collection, code=28KB, data=30KB
12-13 23:56:19.863 I/zygote  ( 4501): After code cache collection, code=28KB, data=30KB
12-13 23:56:19.863 I/zygote  ( 4501): Increasing code cache capacity to 128KB
12-13 23:56:19.864 I/zygote  ( 4501): Do partial code cache collection, code=28KB, data=48KB
12-13 23:56:19.865 I/zygote  ( 4501): After code cache collection, code=28KB, data=48KB
12-13 23:56:19.865 I/zygote  ( 4501): Increasing code cache capacity to 256KB
12-13 23:56:19.866 I/zygote  ( 4501): JIT allocated 71KB for compiled code of void android.widget.TextView.<init>(android.content.Context, android.util.AttributeSet, int, int)
12-13 23:56:19.866 I/zygote  ( 4501): Compiler allocated 4MB to compile void android.widget.TextView.<init>(android.content.Context, android.util.AttributeSet, int, int)
12-13 23:56:19.916 D/gralloc_ranchu( 1396): gralloc_alloc: Creating ashmem region of size 7753728
12-13 23:56:19.948 D/        ( 4501): HostConnection::get() New Host Connection established 0xa54afb00, tid 4501
12-13 23:56:20.018 V/StatusBar( 1729): setLightsOn(true)
12-13 23:56:20.023 V/StatusBar( 1729): setLightsOn(true)
12-13 23:56:20.035 I/ActivityManager( 1629): Displayed com.evancharlton.mileage/.Mileage: +796ms
12-13 23:56:20.046 V/StatusBar( 1729): setLightsOn(true)
12-13 23:56:20.059 V/StatusBar( 1729): setLightsOn(true)
12-13 23:56:20.067 D/gralloc_ranchu( 1396): gralloc_alloc: Creating ashmem region of size 7753728
12-13 23:56:20.070 V/StatusBar( 1729): setLightsOn(true)
12-13 23:56:20.199 W/SurfaceFlinger( 1409): couldn't log to binary event log: overflow.
12-13 23:56:20.220 V/StatusBar( 1729): setLightsOn(true)
12-13 23:56:20.228 V/StatusBar( 1729): setLightsOn(true)
12-13 23:56:20.284 I/PBSessionCacheImpl( 2226): Deleted sessionId[3589492008054] from persistence.
12-13 23:56:20.289 I/System.out( 4501): URI: //gesture
12-13 23:56:20.289 I/System.out( 4501): params: {json={"query_timeout":5.0,"gestures":[{"query_string":"android.widget.TabWidget descendant TextView index:1","touches":[{"x":50,"y":50,"offset_x":0,"offset_y":0,"wait":0.0,"time":0.2,"release":true,"query_string":null}]}]}
12-13 23:56:20.289 I/System.out( 4501): }
12-13 23:56:20.311 W/SearchService( 2226): Abort, client detached.
12-13 23:56:20.321 I/zygote  ( 4501): Do full code cache collection, code=125KB, data=73KB
12-13 23:56:20.322 I/zygote  ( 4501): After code cache collection, code=112KB, data=47KB
12-13 23:56:20.644 W/ActivityManager( 1629): Bad activity token: android.os.BinderProxy@e1f7a20
12-13 23:56:20.644 W/ActivityManager( 1629): java.lang.ClassCastException: android.os.BinderProxy cannot be cast to com.android.server.am.ActivityRecord$Token
12-13 23:56:20.644 W/ActivityManager( 1629): 	at com.android.server.am.ActivityRecord.forTokenLocked(ActivityRecord.java:778)
12-13 23:56:20.644 W/ActivityManager( 1629): 	at com.android.server.am.ActivityRecord.isInStackLocked(ActivityRecord.java:2085)
12-13 23:56:20.644 W/ActivityManager( 1629): 	at com.android.server.am.ActivityRecord.getStackLocked(ActivityRecord.java:2090)
12-13 23:56:20.644 W/ActivityManager( 1629): 	at com.android.server.am.ActivityManagerService.getActivityDisplayId(ActivityManagerService.java:10406)
12-13 23:56:20.644 W/ActivityManager( 1629): 	at android.app.IActivityManager$Stub.onTransact(IActivityManager.java:2738)
12-13 23:56:20.644 W/ActivityManager( 1629): 	at com.android.server.am.ActivityManagerService.onTransact(ActivityManagerService.java:2935)
12-13 23:56:20.644 W/ActivityManager( 1629): 	at android.os.Binder.execTransact(Binder.java:674)
12-13 23:56:20.645 I/calabash( 4501): newActivity1
12-13 23:56:20.650 W/audio_hw_generic( 1390): Not supplying enough data to HAL, expected position 615948 , only wrote 615600
12-13 23:56:20.651 W/ActivityManager( 1629): Bad activity token: android.os.BinderProxy@e1f7a20
12-13 23:56:20.651 W/ActivityManager( 1629): java.lang.ClassCastException: android.os.BinderProxy cannot be cast to com.android.server.am.ActivityRecord$Token
12-13 23:56:20.651 W/ActivityManager( 1629): 	at com.android.server.am.ActivityRecord.forTokenLocked(ActivityRecord.java:778)
12-13 23:56:20.651 W/ActivityManager( 1629): 	at com.android.server.am.ActivityRecord.isInStackLocked(ActivityRecord.java:2085)
12-13 23:56:20.651 W/ActivityManager( 1629): 	at com.android.server.am.ActivityManagerService.setTaskDescription(ActivityManagerService.java:9988)
12-13 23:56:20.651 W/ActivityManager( 1629): 	at android.app.IActivityManager$Stub.onTransact(IActivityManager.java:2824)
12-13 23:56:20.651 W/ActivityManager( 1629): 	at com.android.server.am.ActivityManagerService.onTransact(ActivityManagerService.java:2935)
12-13 23:56:20.651 W/ActivityManager( 1629): 	at android.os.Binder.execTransact(Binder.java:674)
12-13 23:56:20.652 W/ActivityManager( 1629): Bad activity token: android.os.BinderProxy@e1f7a20
12-13 23:56:20.652 W/ActivityManager( 1629): java.lang.ClassCastException: android.os.BinderProxy cannot be cast to com.android.server.am.ActivityRecord$Token
12-13 23:56:20.652 W/ActivityManager( 1629): 	at com.android.server.am.ActivityRecord.forTokenLocked(ActivityRecord.java:778)
12-13 23:56:20.652 W/ActivityManager( 1629): 	at com.android.server.am.ActivityRecord.isInStackLocked(ActivityRecord.java:2085)
12-13 23:56:20.652 W/ActivityManager( 1629): 	at com.android.server.am.ActivityRecord.getStackLocked(ActivityRecord.java:2090)
12-13 23:56:20.652 W/ActivityManager( 1629): 	at com.android.server.am.ActivityManagerService.getActivityStackId(ActivityManagerService.java:10417)
12-13 23:56:20.652 W/ActivityManager( 1629): 	at android.app.IActivityManager$Stub.onTransact(IActivityManager.java:3548)
12-13 23:56:20.652 W/ActivityManager( 1629): 	at com.android.server.am.ActivityManagerService.onTransact(ActivityManagerService.java:2935)
12-13 23:56:20.652 W/ActivityManager( 1629): 	at android.os.Binder.execTransact(Binder.java:674)
12-13 23:56:20.654 I/zygote  ( 4501): Do partial code cache collection, code=119KB, data=55KB
12-13 23:56:20.655 I/zygote  ( 4501): After code cache collection, code=119KB, data=55KB
12-13 23:56:20.656 I/zygote  ( 4501): Increasing code cache capacity to 512KB
12-13 23:56:20.705 I/Dialer  ( 2004): OmtpVvmCarrierCfgHlpr - OmtpEvent:CONFIG_STATUS_SMS_TIME_OUT
12-13 23:56:20.705 I/Dialer  ( 2004): RetryPolicy - discarding deferred status: configuration_state=4
12-13 23:56:20.708 I/Dialer  ( 2004): VvmTaskExecutor - no more tasks, stopping service if no task are added in 5000 millis
12-13 23:56:20.714 I/Dialer  ( 2004): VvmTaskReceiver - task received
12-13 23:56:20.714 I/Dialer  ( 2004): VvmTaskReceiver - TaskExecutor already running
12-13 23:56:20.714 I/Dialer  ( 2004): Task.createTask - create task:com.android.voicemail.impl.ActivationTask
12-13 23:56:20.716 I/Dialer  ( 2004): RetryPolicy - retry #1 for com.android.voicemail.impl.ActivationTask@82491a8 queued, executing in 5000
12-13 23:56:20.717 I/Dialer  ( 2004): VvmTaskExecutor - com.android.voicemail.impl.ActivationTask@82491a8 added
12-13 23:56:20.717 I/Dialer  ( 2004): VvmTaskExecutor - minimal wait time:4999
12-13 23:56:20.717 I/Dialer  ( 2004): VvmTaskExecutor - sleep for 4999 millis
12-13 23:56:20.733 W/ActivityManager( 1629): Bad activity token: android.os.BinderProxy@e1f7a20
12-13 23:56:20.733 W/ActivityManager( 1629): java.lang.ClassCastException: android.os.BinderProxy cannot be cast to com.android.server.am.ActivityRecord$Token
12-13 23:56:20.733 W/ActivityManager( 1629): 	at com.android.server.am.ActivityRecord.forTokenLocked(ActivityRecord.java:778)
12-13 23:56:20.733 W/ActivityManager( 1629): 	at com.android.server.am.ActivityRecord.isInStackLocked(ActivityRecord.java:2085)
12-13 23:56:20.733 W/ActivityManager( 1629): 	at com.android.server.am.ActivityManagerService.getActivityOptions(ActivityManagerService.java:13302)
12-13 23:56:20.733 W/ActivityManager( 1629): 	at android.app.IActivityManager$Stub.onTransact(IActivityManager.java:2910)
12-13 23:56:20.733 W/ActivityManager( 1629): 	at com.android.server.am.ActivityManagerService.onTransact(ActivityManagerService.java:2935)
12-13 23:56:20.733 W/ActivityManager( 1629): 	at android.os.Binder.execTransact(Binder.java:674)
12-13 23:56:20.734 W/ActivityManager( 1629): Bad activity token: android.os.BinderProxy@e1f7a20
12-13 23:56:20.734 W/ActivityManager( 1629): java.lang.ClassCastException: android.os.BinderProxy cannot be cast to com.android.server.am.ActivityRecord$Token
12-13 23:56:20.734 W/ActivityManager( 1629): 	at com.android.server.am.ActivityRecord.forTokenLocked(ActivityRecord.java:778)
12-13 23:56:20.734 W/ActivityManager( 1629): 	at com.android.server.am.ActivityRecord.isInStackLocked(ActivityRecord.java:2085)
12-13 23:56:20.734 W/ActivityManager( 1629): 	at com.android.server.am.ActivityManagerService.getActivityOptions(ActivityManagerService.java:13302)
12-13 23:56:20.734 W/ActivityManager( 1629): 	at android.app.IActivityManager$Stub.onTransact(IActivityManager.java:2910)
12-13 23:56:20.734 W/ActivityManager( 1629): 	at com.android.server.am.ActivityManagerService.onTransact(ActivityManagerService.java:2935)
12-13 23:56:20.734 W/ActivityManager( 1629): 	at android.os.Binder.execTransact(Binder.java:674)
12-13 23:56:20.822 D/gralloc_ranchu( 1396): gralloc_alloc: Creating ashmem region of size 7753728
12-13 23:56:20.845 D/Mileage ( 4501): Not enough fillups to calculate economy
12-13 23:56:21.147 E/SurfaceFlinger( 1409): ro.sf.lcd_density must be defined as a build property
12-13 23:56:21.161 D/gralloc_ranchu( 1396): gralloc_alloc: Creating ashmem region of size 8298496
12-13 23:56:21.171 D/        ( 4544): HostConnection::get() New Host Connection established 0xaf0af800, tid 4544
12-13 23:56:21.586 I/System.out( 4501): URI: //gesture
12-13 23:56:21.586 I/System.out( 4501): params: {json={"query_timeout":5.0,"gestures":[{"query_string":"android.widget.TabWidget descendant TextView index:3","touches":[{"x":50,"y":50,"offset_x":0,"offset_y":0,"wait":0.0,"time":0.2,"release":true,"query_string":null}]}]}
12-13 23:56:21.586 I/System.out( 4501): }
12-13 23:56:21.871 W/ActivityManager( 1629): Bad activity token: android.os.BinderProxy@996ad13
12-13 23:56:21.871 W/ActivityManager( 1629): java.lang.ClassCastException: android.os.BinderProxy cannot be cast to com.android.server.am.ActivityRecord$Token
12-13 23:56:21.871 W/ActivityManager( 1629): 	at com.android.server.am.ActivityRecord.forTokenLocked(ActivityRecord.java:778)
12-13 23:56:21.871 W/ActivityManager( 1629): 	at com.android.server.am.ActivityRecord.isInStackLocked(ActivityRecord.java:2085)
12-13 23:56:21.871 W/ActivityManager( 1629): 	at com.android.server.am.ActivityRecord.getStackLocked(ActivityRecord.java:2090)
12-13 23:56:21.871 W/ActivityManager( 1629): 	at com.android.server.am.ActivityManagerService.getActivityDisplayId(ActivityManagerService.java:10406)
12-13 23:56:21.871 W/ActivityManager( 1629): 	at android.app.IActivityManager$Stub.onTransact(IActivityManager.java:2738)
12-13 23:56:21.871 W/ActivityManager( 1629): 	at com.android.server.am.ActivityManagerService.onTransact(ActivityManagerService.java:2935)
12-13 23:56:21.871 W/ActivityManager( 1629): 	at android.os.Binder.execTransact(Binder.java:674)
12-13 23:56:21.872 I/calabash( 4501): newActivity1
12-13 23:56:21.876 W/ActivityManager( 1629): Bad activity token: android.os.BinderProxy@996ad13
12-13 23:56:21.876 W/ActivityManager( 1629): java.lang.ClassCastException: android.os.BinderProxy cannot be cast to com.android.server.am.ActivityRecord$Token
12-13 23:56:21.876 W/ActivityManager( 1629): 	at com.android.server.am.ActivityRecord.forTokenLocked(ActivityRecord.java:778)
12-13 23:56:21.876 W/ActivityManager( 1629): 	at com.android.server.am.ActivityRecord.isInStackLocked(ActivityRecord.java:2085)
12-13 23:56:21.876 W/ActivityManager( 1629): 	at com.android.server.am.ActivityManagerService.setTaskDescription(ActivityManagerService.java:9988)
12-13 23:56:21.876 W/ActivityManager( 1629): 	at android.app.IActivityManager$Stub.onTransact(IActivityManager.java:2824)
12-13 23:56:21.876 W/ActivityManager( 1629): 	at com.android.server.am.ActivityManagerService.onTransact(ActivityManagerService.java:2935)
12-13 23:56:21.876 W/ActivityManager( 1629): 	at android.os.Binder.execTransact(Binder.java:674)
12-13 23:56:21.877 W/ActivityManager( 1629): Bad activity token: android.os.BinderProxy@996ad13
12-13 23:56:21.877 W/ActivityManager( 1629): java.lang.ClassCastException: android.os.BinderProxy cannot be cast to com.android.server.am.ActivityRecord$Token
12-13 23:56:21.877 W/ActivityManager( 1629): 	at com.android.server.am.ActivityRecord.forTokenLocked(ActivityRecord.java:778)
12-13 23:56:21.877 W/ActivityManager( 1629): 	at com.android.server.am.ActivityRecord.isInStackLocked(ActivityRecord.java:2085)
12-13 23:56:21.877 W/ActivityManager( 1629): 	at com.android.server.am.ActivityRecord.getStackLocked(ActivityRecord.java:2090)
12-13 23:56:21.877 W/ActivityManager( 1629): 	at com.android.server.am.ActivityManagerService.getActivityStackId(ActivityManagerService.java:10417)
12-13 23:56:21.877 W/ActivityManager( 1629): 	at android.app.IActivityManager$Stub.onTransact(IActivityManager.java:3548)
12-13 23:56:21.877 W/ActivityManager( 1629): 	at com.android.server.am.ActivityManagerService.onTransact(ActivityManagerService.java:2935)
12-13 23:56:21.877 W/ActivityManager( 1629): 	at android.os.Binder.execTransact(Binder.java:674)
12-13 23:56:21.882 W/ActivityManager( 1629): Bad activity token: android.os.BinderProxy@996ad13
12-13 23:56:21.882 W/ActivityManager( 1629): java.lang.ClassCastException: android.os.BinderProxy cannot be cast to com.android.server.am.ActivityRecord$Token
12-13 23:56:21.882 W/ActivityManager( 1629): 	at com.android.server.am.ActivityRecord.forTokenLocked(ActivityRecord.java:778)
12-13 23:56:21.882 W/ActivityManager( 1629): 	at com.android.server.am.ActivityRecord.isInStackLocked(ActivityRecord.java:2085)
12-13 23:56:21.882 W/ActivityManager( 1629): 	at com.android.server.am.ActivityManagerService.getActivityOptions(ActivityManagerService.java:13302)
12-13 23:56:21.882 W/ActivityManager( 1629): 	at android.app.IActivityManager$Stub.onTransact(IActivityManager.java:2910)
12-13 23:56:21.882 W/ActivityManager( 1629): 	at com.android.server.am.ActivityManagerService.onTransact(ActivityManagerService.java:2935)
12-13 23:56:21.882 W/ActivityManager( 1629): 	at android.os.Binder.execTransact(Binder.java:674)
12-13 23:56:21.884 W/ActivityManager( 1629): Bad activity token: android.os.BinderProxy@996ad13
12-13 23:56:21.884 W/ActivityManager( 1629): java.lang.ClassCastException: android.os.BinderProxy cannot be cast to com.android.server.am.ActivityRecord$Token
12-13 23:56:21.884 W/ActivityManager( 1629): 	at com.android.server.am.ActivityRecord.forTokenLocked(ActivityRecord.java:778)
12-13 23:56:21.884 W/ActivityManager( 1629): 	at com.android.server.am.ActivityRecord.isInStackLocked(ActivityRecord.java:2085)
12-13 23:56:21.884 W/ActivityManager( 1629): 	at com.android.server.am.ActivityManagerService.getActivityOptions(ActivityManagerService.java:13302)
12-13 23:56:21.884 W/ActivityManager( 1629): 	at android.app.IActivityManager$Stub.onTransact(IActivityManager.java:2910)
12-13 23:56:21.884 W/ActivityManager( 1629): 	at com.android.server.am.ActivityManagerService.onTransact(ActivityManagerService.java:2935)
12-13 23:56:21.884 W/ActivityManager( 1629): 	at android.os.Binder.execTransact(Binder.java:674)
12-13 23:56:22.222 E/SurfaceFlinger( 1409): ro.sf.lcd_density must be defined as a build property
12-13 23:56:22.235 D/gralloc_ranchu( 1396): gralloc_alloc: Creating ashmem region of size 8298496
12-13 23:56:22.246 D/        ( 4550): HostConnection::get() New Host Connection established 0xac82f800, tid 4550
12-13 23:56:22.411 E/TaskPersister( 1629): File error accessing recents directory (directory doesn't exist?).
12-13 23:56:22.591 W/audio_hw_generic( 1390): Not supplying enough data to HAL, expected position 708785 , only wrote 708480
12-13 23:56:22.592 W/audio_hw_generic( 1390): Not supplying enough data to HAL, expected position 708498 , only wrote 708480
12-13 23:56:22.607 W/audio_hw_generic( 1390): Not supplying enough data to HAL, expected position 709227 , only wrote 709200
12-13 23:56:22.810 I/System.out( 4501): URI: //gesture
12-13 23:56:22.810 I/System.out( 4501): params: {json={"query_timeout":5.0,"gestures":[{"query_string":"android.widget.TabWidget descendant TextView index:2","touches":[{"x":50,"y":50,"offset_x":0,"offset_y":0,"wait":0.0,"time":0.2,"release":true,"query_string":null}]}]}
12-13 23:56:22.810 I/System.out( 4501): }
12-13 23:56:23.091 W/ActivityManager( 1629): Bad activity token: android.os.BinderProxy@eaaed5a
12-13 23:56:23.091 W/ActivityManager( 1629): java.lang.ClassCastException: android.os.BinderProxy cannot be cast to com.android.server.am.ActivityRecord$Token
12-13 23:56:23.091 W/ActivityManager( 1629): 	at com.android.server.am.ActivityRecord.forTokenLocked(ActivityRecord.java:778)
12-13 23:56:23.091 W/ActivityManager( 1629): 	at com.android.server.am.ActivityRecord.isInStackLocked(ActivityRecord.java:2085)
12-13 23:56:23.091 W/ActivityManager( 1629): 	at com.android.server.am.ActivityRecord.getStackLocked(ActivityRecord.java:2090)
12-13 23:56:23.091 W/ActivityManager( 1629): 	at com.android.server.am.ActivityManagerService.getActivityDisplayId(ActivityManagerService.java:10406)
12-13 23:56:23.091 W/ActivityManager( 1629): 	at android.app.IActivityManager$Stub.onTransact(IActivityManager.java:2738)
12-13 23:56:23.091 W/ActivityManager( 1629): 	at com.android.server.am.ActivityManagerService.onTransact(ActivityManagerService.java:2935)
12-13 23:56:23.091 W/ActivityManager( 1629): 	at android.os.Binder.execTransact(Binder.java:674)
12-13 23:56:23.092 E/memtrack( 1629): Couldn't load memtrack module
12-13 23:56:23.092 W/android.os.Debug( 1629): failed to get memory consumption info: -1
12-13 23:56:23.095 I/calabash( 4501): newActivity1
12-13 23:56:23.242 W/ActivityManager( 1629): Bad activity token: android.os.BinderProxy@eaaed5a
12-13 23:56:23.242 W/ActivityManager( 1629): java.lang.ClassCastException: android.os.BinderProxy cannot be cast to com.android.server.am.ActivityRecord$Token
12-13 23:56:23.242 W/ActivityManager( 1629): 	at com.android.server.am.ActivityRecord.forTokenLocked(ActivityRecord.java:778)
12-13 23:56:23.242 W/ActivityManager( 1629): 	at com.android.server.am.ActivityRecord.isInStackLocked(ActivityRecord.java:2085)
12-13 23:56:23.242 W/ActivityManager( 1629): 	at com.android.server.am.ActivityManagerService.setTaskDescription(ActivityManagerService.java:9988)
12-13 23:56:23.242 W/ActivityManager( 1629): 	at android.app.IActivityManager$Stub.onTransact(IActivityManager.java:2824)
12-13 23:56:23.242 W/ActivityManager( 1629): 	at com.android.server.am.ActivityManagerService.onTransact(ActivityManagerService.java:2935)
12-13 23:56:23.242 W/ActivityManager( 1629): 	at android.os.Binder.execTransact(Binder.java:674)
12-13 23:56:23.243 W/ActivityManager( 1629): Bad activity token: android.os.BinderProxy@eaaed5a
12-13 23:56:23.243 W/ActivityManager( 1629): java.lang.ClassCastException: android.os.BinderProxy cannot be cast to com.android.server.am.ActivityRecord$Token
12-13 23:56:23.243 W/ActivityManager( 1629): 	at com.android.server.am.ActivityRecord.forTokenLocked(ActivityRecord.java:778)
12-13 23:56:23.243 W/ActivityManager( 1629): 	at com.android.server.am.ActivityRecord.isInStackLocked(ActivityRecord.java:2085)
12-13 23:56:23.243 W/ActivityManager( 1629): 	at com.android.server.am.ActivityRecord.getStackLocked(ActivityRecord.java:2090)
12-13 23:56:23.243 W/ActivityManager( 1629): 	at com.android.server.am.ActivityManagerService.getActivityStackId(ActivityManagerService.java:10417)
12-13 23:56:23.243 W/ActivityManager( 1629): 	at android.app.IActivityManager$Stub.onTransact(IActivityManager.java:3548)
12-13 23:56:23.243 W/ActivityManager( 1629): 	at com.android.server.am.ActivityManagerService.onTransact(ActivityManagerService.java:2935)
12-13 23:56:23.243 W/ActivityManager( 1629): 	at android.os.Binder.execTransact(Binder.java:674)
12-13 23:56:23.316 D/VehicleStatisticsActivity( 4501): Checking recalculation ...
12-13 23:56:23.319 D/VehicleStatisticsActivity( 4501): Recalculating statistics
12-13 23:56:23.319 D/VehicleStatisticsTask( 4501): Calculation starting...
12-13 23:56:23.320 D/VehicleStatisticsActivity( 4501): Recalculation started!
12-13 23:56:23.333 W/ActivityManager( 1629): Bad activity token: android.os.BinderProxy@eaaed5a
12-13 23:56:23.333 W/ActivityManager( 1629): java.lang.ClassCastException: android.os.BinderProxy cannot be cast to com.android.server.am.ActivityRecord$Token
12-13 23:56:23.333 W/ActivityManager( 1629): 	at com.android.server.am.ActivityRecord.forTokenLocked(ActivityRecord.java:778)
12-13 23:56:23.333 W/ActivityManager( 1629): 	at com.android.server.am.ActivityRecord.isInStackLocked(ActivityRecord.java:2085)
12-13 23:56:23.333 W/ActivityManager( 1629): 	at com.android.server.am.ActivityManagerService.getActivityOptions(ActivityManagerService.java:13302)
