--------- beginning of main
12-13 23:56:08.812 D/AndroidRuntime( 4386): >>>>>> START com.android.internal.os.RuntimeInit uid 2000 <<<<<<
12-13 23:56:08.846 W/app_process( 4386): Unexpected CPU variant for X86 using defaults: x86
12-13 23:56:08.863 D/AndroidRuntime( 4386): Calling main entry com.android.commands.am.Am
--------- beginning of system
12-13 23:56:08.865 I/ActivityManager( 1629): Force stopping com.evancharlton.mileage appid=10194 user=0: start instr
12-13 23:56:08.865 I/ActivityManager( 1629): Killing 4365:com.evancharlton.mileage/u0a194 (adj 0): stop com.evancharlton.mileage
12-13 23:56:08.865 W/ActivityManager( 1629): Crash of app com.evancharlton.mileage running instrumentation ComponentInfo{com.evancharlton.mileage.test/sh.calaba.instrumentationbackend.ClearAppData2}
12-13 23:56:08.865 I/ActivityManager( 1629): Force stopping com.evancharlton.mileage appid=10194 user=0: finished inst
12-13 23:56:08.872 I/zygote  ( 4396): Not late-enabling -Xcheck:jni (already on)
12-13 23:56:08.879 I/ActivityManager( 1629): Start proc 4396:com.evancharlton.mileage/u0a194 for added application com.evancharlton.mileage
12-13 23:56:08.879 D/AndroidRuntime( 4386): Shutting down VM
12-13 23:56:08.880 E/memtrack( 1629): Couldn't load memtrack module
12-13 23:56:08.880 W/android.os.Debug( 1629): failed to get memory consumption info: -1
12-13 23:56:08.883 W/zygote  ( 4396): Unexpected CPU variant for X86 using defaults: x86
12-13 23:56:08.905 W/zygote  ( 4396): Found duplicate classes, falling back to extracting from APK : /data/app/com.evancharlton.mileage.test-fU_tbqAF348x2d8Md2TXRQ==/base.apk
12-13 23:56:08.905 W/zygote  ( 4396): NOTE: This wastes RAM and hurts startup performance.
12-13 23:56:08.906 W/zygote  ( 4396): Found duplicated class when checking oat files: 'Ljunit/runner/BaseTestRunner;' in /data/app/com.evancharlton.mileage.test-fU_tbqAF348x2d8Md2TXRQ==/base.apk and /system/framework/android.test.runner.jar
12-13 23:56:08.906 W/zygote  ( 4396): 
12-13 23:56:08.919 E/adbd    ( 1383): failed to connect to socket 'tcp:7102': Connection refused
12-13 23:56:08.922 E/adbd    ( 1383): failed to connect to socket 'tcp:7102': Connection refused
12-13 23:56:08.944 W/System  ( 4396): ClassLoader referenced unknown path: 
12-13 23:56:08.957 I/System.out( 4396): Main activity name automatically set to: com.evancharlton.mileage.Mileage
12-13 23:56:08.959 I/System.out( 4396): Calabash did not load Mono. This is only a problem if you are trying to test a Mono application
12-13 23:56:08.959 I/calabash( 4396): Test server port: 7102
12-13 23:56:08.960 I/InstrumentationBackend( 4396): Added:'GetPreferences', with key:'get_preferences'
12-13 23:56:09.025 I/InstrumentationBackend( 4396): Added:'SetPreferences', with key:'set_preferences'
12-13 23:56:09.025 I/InstrumentationBackend( 4396): Added:'ClearPreferences', with key:'clear_preferences'
12-13 23:56:09.026 I/InstrumentationBackend( 4396): Added:'PressElement', with key:'press_l10n_element'
12-13 23:56:09.026 I/InstrumentationBackend( 4396): Added:'WaitForElement', with key:'wait_for_l10n_element'
12-13 23:56:09.027 I/InstrumentationBackend( 4396): Added:'NullAction', with key:'nullAction'
12-13 23:56:09.027 I/InstrumentationBackend( 4396): Added:'PressKey', with key:'press_key'
12-13 23:56:09.028 I/InstrumentationBackend( 4396): Added:'SetActivityOrientation', with key:'set_activity_orientation'
12-13 23:56:09.028 I/InstrumentationBackend( 4396): Added:'GetActivityOrientation', with key:'get_activity_orientation'
12-13 23:56:09.029 I/InstrumentationBackend( 4396): Added:'FakeGPSLocation', with key:'set_gps_coordinates'
12-13 23:56:09.029 I/InstrumentationBackend( 4396): Added:'SetPropertyByCssSelector', with key:'set_property_by_css_selector'
12-13 23:56:09.031 I/InstrumentationBackend( 4396): Added:'GetUrl', with key:'get_url'
12-13 23:56:09.035 I/InstrumentationBackend( 4396): Added:'ScrollTo', with key:'scroll_to'
12-13 23:56:09.036 I/InstrumentationBackend( 4396): Added:'GetLoadProgress', with key:'get_load_progress'
12-13 23:56:09.036 E/adbd    ( 1383): failed to connect to socket 'tcp:7102': Connection refused
12-13 23:56:09.037 I/InstrumentationBackend( 4396): Added:'DumpHtml', with key:'dump_html'
12-13 23:56:09.038 I/InstrumentationBackend( 4396): Added:'DumpBodyHtml', with key:'dump_body_html'
12-13 23:56:09.039 I/InstrumentationBackend( 4396): Added:'EnterTextByCssSelector', with key:'enter_text_by_selector'
12-13 23:56:09.042 E/adbd    ( 1383): failed to connect to socket 'tcp:7102': Connection refused
12-13 23:56:09.043 I/InstrumentationBackend( 4396): Added:'AndroidSDKVersion', with key:'android_sdk_version'
12-13 23:56:09.044 I/InstrumentationBackend( 4396): Added:'Version', with key:'version'
12-13 23:56:09.044 I/InstrumentationBackend( 4396): Added:'Drag', with key:'drag'
12-13 23:56:09.044 I/InstrumentationBackend( 4396): Added:'TouchCoordinates', with key:'touch_coordinate'
12-13 23:56:09.044 I/InstrumentationBackend( 4396): Added:'LongPressCoordinate', with key:'long_press_coordinate'
12-13 23:56:09.045 I/InstrumentationBackend( 4396): Added:'DragCoordinates', with key:'drag_coordinates'
12-13 23:56:09.045 I/InstrumentationBackend( 4396): Added:'ResumeApplication', with key:'resume_application'
12-13 23:56:09.046 I/InstrumentationBackend( 4396): Added:'Swipe', with key:'swipe'
12-13 23:56:09.046 I/InstrumentationBackend( 4396): Added:'DoubleTapCoordinate', with key:'double_tap_coordinate'
12-13 23:56:09.047 I/InstrumentationBackend( 4396): Added:'ClickOnScreen', with key:'click_on_screen'
12-13 23:56:09.048 I/InstrumentationBackend( 4396): Added:'GetActivityName', with key:'get_activity_name'
12-13 23:56:09.048 I/InstrumentationBackend( 4396): Added:'ScrollToView', with key:'scroll_to_view'
12-13 23:56:09.049 I/InstrumentationBackend( 4396): Added:'ViewConfiguration', with key:'view_configuration'
12-13 23:56:09.049 I/InstrumentationBackend( 4396): Added:'IsCurrentActivityFocused', with key:'is_current_activity_focused'
12-13 23:56:09.049 I/InstrumentationBackend( 4396): Added:'SendTcp', with key:'send_tcp'
12-13 23:56:09.050 I/InstrumentationBackend( 4396): Added:'DpToDevicePixel', with key:'dp_to_device_pixel'
12-13 23:56:09.052 I/InstrumentationBackend( 4396): Added:'KeyboardEnterText', with key:'keyboard_enter_text'
12-13 23:56:09.052 I/InstrumentationBackend( 4396): Added:'DeleteSurroundingText', with key:'delete_surrounding_text'
12-13 23:56:09.052 I/InstrumentationBackend( 4396): Added:'SetComposingRegion', with key:'set_composing_region'
12-13 23:56:09.053 I/InstrumentationBackend( 4396): Added:'SetSelection', with key:'set_selection'
12-13 23:56:09.053 I/InstrumentationBackend( 4396): Added:'KeyboardKeyEvent', with key:'keyboard_key_event'
12-13 23:56:09.054 I/InstrumentationBackend( 4396): Added:'PressUserActionButton', with key:'press_user_action_button'
12-13 23:56:09.054 I/InstrumentationBackend( 4396): Added:'HideSoftKeyboard', with key:'hide_soft_keyboard'
12-13 23:56:09.055 I/InstrumentationBackend( 4396): Added:'ListActions', with key:'list_actions'
12-13 23:56:09.056 I/calabash( 4396): Instantiating http server at 7102
12-13 23:56:09.056 I/System.out( 4396): HTTP Daemon listening on: 7102
12-13 23:56:09.118 I/Finsky  ( 2566): [115] nmi.run(36): Stats for Executor: bgExecutor non@2d9e881[Running, pool size = 4, active threads = 0, queued tasks = 0, completed tasks = 76]
12-13 23:56:09.162 I/System.out( 4396): URI: //ping
12-13 23:56:09.162 I/System.out( 4396): params: {json={}
12-13 23:56:09.162 I/System.out( 4396): }
12-13 23:56:09.171 I/System.out( 4396): URI: //ping
12-13 23:56:09.172 I/System.out( 4396): params: {json={}
12-13 23:56:09.172 I/System.out( 4396): }
12-13 23:56:09.179 I/System.out( 4396): URI: //ready
12-13 23:56:09.179 I/System.out( 4396): params: {json={}
12-13 23:56:09.179 I/System.out( 4396): }
12-13 23:56:09.186 I/System.out( 4396): URI: //
12-13 23:56:09.186 I/System.out( 4396): params: {json={"command":"version","arguments":[]}
12-13 23:56:09.186 I/System.out( 4396): }
12-13 23:56:09.186 I/System.out( 4396): header: {content-type=application/json;charset=utf-8, date=Mon, 14 Dec 2020 04:56:09 GMT, accept=*/*, host=127.0.0.1:34777, content-length=36, user-agent=HTTPClient/1.0 (2.8.3, ruby 2.5.8 (2020-03-31))}
12-13 23:56:09.186 I/System.out( 4396): params: {json={"command":"version","arguments":[]}
12-13 23:56:09.186 I/System.out( 4396): }
12-13 23:56:09.186 I/System.out( 4396): ProP json = {"command":"version","arguments":[]}
12-13 23:56:09.186 I/System.out( 4396): files: {}
12-13 23:56:09.186 I/System.out( 4396): command: {"command":"version","arguments":[]}
12-13 23:56:09.223 I/InstrumentationBackend( 4396): Got command:'Command:'Line:null,version', arguments:'[]'
12-13 23:56:09.259 I/System.out( 4396): result:{"bonusInformation":[],"message":"0.9.8","success":true}
12-13 23:56:09.265 I/System.out( 4396): URI: //start-application
12-13 23:56:09.265 I/System.out( 4396): params: {json={"intent":null}
12-13 23:56:09.265 I/System.out( 4396): }
12-13 23:56:09.306 I/ActivityManager( 1629): START u0 {act=android.intent.action.MAIN cat=[android.intent.category.LAUNCHER] flg=0x10200000 cmp=com.evancharlton.mileage/.Mileage} from uid 10194
12-13 23:56:09.320 I/calabash( 4396): newActivity1
12-13 23:56:09.325 I/MicroDetectionWorker( 2226): #updateMicroDetector [detectionMode: [mDetectionMode: [1]]]
12-13 23:56:09.325 I/MicroDetectionWorker( 2226): #startMicroDetector [speakerMode: 0]
12-13 23:56:09.325 I/AudioController( 2226): Using mInputStreamFactoryBuilder
12-13 23:56:09.329 I/MicroDetectionWorker( 2226): onReady
12-13 23:56:09.331 I/MicroRecognitionRunner( 2226): Starting detection.
12-13 23:56:09.332 I/MicrophoneInputStream( 2226): mic_starting com.google.android.apps.gsa.staticplugins.aa.c@afd00b5
12-13 23:56:09.340 I/AudioFlinger( 1475): AudioFlinger's thread 0xa7783380 tid=4432 ready to run
12-13 23:56:09.342 D/gralloc_ranchu( 1396): gralloc_alloc: Creating ashmem region of size 7753728
12-13 23:56:09.343 I/MicrophoneInputStream( 2226): mic_started com.google.android.apps.gsa.staticplugins.aa.c@afd00b5
12-13 23:56:09.350 I/zygote  ( 2226): Do full code cache collection, code=501KB, data=348KB
12-13 23:56:09.353 E/ActivityThread( 2226): Failed to find provider info for com.google.android.apps.gsa.testing.ui.audio.recorded
12-13 23:56:09.355 I/MicrophoneInputStream( 2226): mic_close com.google.android.apps.gsa.staticplugins.aa.c@afd00b5
12-13 23:56:09.357 I/MicroDetectionWorker( 2226): onReady
12-13 23:56:09.358 I/MicroRecognitionRunner( 2226): Detection finished
12-13 23:56:09.358 W/ErrorReporter( 2226): reportError [type: 211, code: 524300]: Error reading from input stream
12-13 23:56:09.359 W/ErrorProcessor( 2226): onFatalError, processing error from engine(4)
12-13 23:56:09.359 W/ErrorProcessor( 2226): com.google.android.apps.gsa.shared.speech.b.g: Error reading from input stream
12-13 23:56:09.359 W/ErrorProcessor( 2226): 	at com.google.android.apps.gsa.staticplugins.recognizer.j.a.a(SourceFile:28)
12-13 23:56:09.359 W/ErrorProcessor( 2226): 	at com.google.android.apps.gsa.staticplugins.recognizer.j.b.run(SourceFile:15)
12-13 23:56:09.359 W/ErrorProcessor( 2226): 	at java.util.concurrent.Executors$RunnableAdapter.call(Executors.java:457)
12-13 23:56:09.359 W/ErrorProcessor( 2226): 	at java.util.concurrent.FutureTask.run(FutureTask.java:266)
12-13 23:56:09.359 W/ErrorProcessor( 2226): 	at com.google.android.apps.gsa.shared.util.concurrent.a.ax.run(SourceFile:14)
12-13 23:56:09.359 W/ErrorProcessor( 2226): 	at com.google.android.apps.gsa.shared.util.concurrent.a.bl.run(SourceFile:4)
12-13 23:56:09.359 W/ErrorProcessor( 2226): 	at com.google.android.apps.gsa.shared.util.concurrent.a.bl.run(SourceFile:4)
12-13 23:56:09.359 W/ErrorProcessor( 2226): 	at java.util.concurrent.ThreadPoolExecutor.runWorker(ThreadPoolExecutor.java:1162)
12-13 23:56:09.359 W/ErrorProcessor( 2226): 	at java.util.concurrent.ThreadPoolExecutor$Worker.run(ThreadPoolExecutor.java:636)
12-13 23:56:09.359 W/ErrorProcessor( 2226): 	at java.lang.Thread.run(Thread.java:764)
12-13 23:56:09.359 W/ErrorProcessor( 2226): 	at com.google.android.apps.gsa.shared.util.concurrent.a.ai.run(SourceFile:6)
12-13 23:56:09.359 W/ErrorProcessor( 2226): Caused by: com.google.android.apps.gsa.shared.exception.GsaIOException: Error code: 393238 | Buffer overflow, no available space.
12-13 23:56:09.359 W/ErrorProcessor( 2226): 	at com.google.android.apps.gsa.speech.audio.Tee.f(SourceFile:103)
12-13 23:56:09.359 W/ErrorProcessor( 2226): 	at com.google.android.apps.gsa.speech.audio.au.read(SourceFile:2)
12-13 23:56:09.359 W/ErrorProcessor( 2226): 	at java.io.InputStream.read(InputStream.java:101)
12-13 23:56:09.359 W/ErrorProcessor( 2226): 	at com.google.android.apps.gsa.speech.audio.ao.run(SourceFile:18)
12-13 23:56:09.359 W/ErrorProcessor( 2226): 	at com.google.android.apps.gsa.speech.audio.an.run(SourceFile:2)
12-13 23:56:09.359 W/ErrorProcessor( 2226): 	... 9 more
12-13 23:56:09.359 I/AudioController( 2226): internalShutdown
12-13 23:56:09.359 I/zygote  ( 2226): After code cache collection, code=494KB, data=314KB
12-13 23:56:09.361 I/MicroDetector( 2226): Keeping mic open: false
12-13 23:56:09.361 I/MicroDetectionWorker( 2226): #onError(false)
12-13 23:56:09.361 I/DeviceStateChecker( 2226): DeviceStateChecker cancelled
12-13 23:56:09.363 I/MicroRecognitionRunner( 2226): Stopping hotword detection.
12-13 23:56:09.372 W/ActivityManager( 1629): Bad activity token: android.os.BinderProxy@76b4172
12-13 23:56:09.372 W/ActivityManager( 1629): java.lang.ClassCastException: android.os.BinderProxy cannot be cast to com.android.server.am.ActivityRecord$Token
12-13 23:56:09.372 W/ActivityManager( 1629): 	at com.android.server.am.ActivityRecord.forTokenLocked(ActivityRecord.java:778)
12-13 23:56:09.372 W/ActivityManager( 1629): 	at com.android.server.am.ActivityRecord.isInStackLocked(ActivityRecord.java:2085)
12-13 23:56:09.372 W/ActivityManager( 1629): 	at com.android.server.am.ActivityRecord.getStackLocked(ActivityRecord.java:2090)
12-13 23:56:09.372 W/ActivityManager( 1629): 	at com.android.server.am.ActivityManagerService.getActivityDisplayId(ActivityManagerService.java:10406)
12-13 23:56:09.372 W/ActivityManager( 1629): 	at android.app.IActivityManager$Stub.onTransact(IActivityManager.java:2738)
12-13 23:56:09.372 W/ActivityManager( 1629): 	at com.android.server.am.ActivityManagerService.onTransact(ActivityManagerService.java:2935)
12-13 23:56:09.372 W/ActivityManager( 1629): 	at android.os.Binder.execTransact(Binder.java:674)
12-13 23:56:09.373 I/calabash( 4396): newActivity1
12-13 23:56:09.383 W/ActivityManager( 1629): Bad activity token: android.os.BinderProxy@76b4172
12-13 23:56:09.383 W/ActivityManager( 1629): java.lang.ClassCastException: android.os.BinderProxy cannot be cast to com.android.server.am.ActivityRecord$Token
12-13 23:56:09.383 W/ActivityManager( 1629): 	at com.android.server.am.ActivityRecord.forTokenLocked(ActivityRecord.java:778)
12-13 23:56:09.383 W/ActivityManager( 1629): 	at com.android.server.am.ActivityRecord.isInStackLocked(ActivityRecord.java:2085)
12-13 23:56:09.383 W/ActivityManager( 1629): 	at com.android.server.am.ActivityManagerService.setTaskDescription(ActivityManagerService.java:9988)
12-13 23:56:09.383 W/ActivityManager( 1629): 	at android.app.IActivityManager$Stub.onTransact(IActivityManager.java:2824)
12-13 23:56:09.383 W/ActivityManager( 1629): 	at com.android.server.am.ActivityManagerService.onTransact(ActivityManagerService.java:2935)
12-13 23:56:09.383 W/ActivityManager( 1629): 	at android.os.Binder.execTransact(Binder.java:674)
12-13 23:56:09.383 W/ActivityManager( 1629): Bad activity token: android.os.BinderProxy@76b4172
12-13 23:56:09.383 W/ActivityManager( 1629): java.lang.ClassCastException: android.os.BinderProxy cannot be cast to com.android.server.am.ActivityRecord$Token
12-13 23:56:09.383 W/ActivityManager( 1629): 	at com.android.server.am.ActivityRecord.forTokenLocked(ActivityRecord.java:778)
12-13 23:56:09.383 W/ActivityManager( 1629): 	at com.android.server.am.ActivityRecord.isInStackLocked(ActivityRecord.java:2085)
12-13 23:56:09.383 W/ActivityManager( 1629): 	at com.android.server.am.ActivityRecord.getStackLocked(ActivityRecord.java:2090)
12-13 23:56:09.383 W/ActivityManager( 1629): 	at com.android.server.am.ActivityManagerService.getActivityStackId(ActivityManagerService.java:10417)
12-13 23:56:09.383 W/ActivityManager( 1629): 	at android.app.IActivityManager$Stub.onTransact(IActivityManager.java:3548)
12-13 23:56:09.383 W/ActivityManager( 1629): 	at com.android.server.am.ActivityManagerService.onTransact(ActivityManagerService.java:2935)
12-13 23:56:09.383 W/ActivityManager( 1629): 	at android.os.Binder.execTransact(Binder.java:674)
12-13 23:56:09.391 D/EGL_emulation( 2226): eglMakeCurrent: 0xa57fdb60: ver 3 0 (tinfo 0xa57ff280)
12-13 23:56:09.397 D/EGL_emulation( 2185): eglMakeCurrent: 0xa57fd980: ver 3 0 (tinfo 0xa57ffc90)
12-13 23:56:09.423 D/EGL_emulation( 1729): eglMakeCurrent: 0x94311fe0: ver 3 0 (tinfo 0xa3816bd0)
12-13 23:56:09.432 E/ContentStoreEUAS( 2226): Failed to commit the deferred actions
12-13 23:56:09.433 D/EGL_emulation( 1729): eglMakeCurrent: 0x94311fe0: ver 3 0 (tinfo 0xa3816bd0)
12-13 23:56:09.440 D/EGL_emulation( 1729): eglMakeCurrent: 0x94311fe0: ver 3 0 (tinfo 0xa3816bd0)
12-13 23:56:09.445 V/StatusBar( 1729): setLightsOn(true)
12-13 23:56:09.448 D/EGL_emulation( 1729): eglMakeCurrent: 0x94311fe0: ver 3 0 (tinfo 0xa3816bd0)
12-13 23:56:09.507 I/chatty  ( 1729): uid=10028(u0_a28) RenderThread identical 6 lines
12-13 23:56:09.515 D/EGL_emulation( 1729): eglMakeCurrent: 0x94311fe0: ver 3 0 (tinfo 0xa3816bd0)
12-13 23:56:09.516 D/FillupsProvider( 4396): Creating database
12-13 23:56:09.529 D/EGL_emulation( 1729): eglMakeCurrent: 0x94311fe0: ver 3 0 (tinfo 0xa3816bd0)
12-13 23:56:09.597 I/chatty  ( 1729): uid=10028(u0_a28) RenderThread identical 9 lines
12-13 23:56:09.608 D/EGL_emulation( 1729): eglMakeCurrent: 0x94311fe0: ver 3 0 (tinfo 0xa3816bd0)
12-13 23:56:09.612 I/zygote  ( 4396): Do partial code cache collection, code=29KB, data=21KB
12-13 23:56:09.614 D/EGL_emulation( 1729): eglMakeCurrent: 0x94311fe0: ver 3 0 (tinfo 0xa3816bd0)
12-13 23:56:09.615 I/zygote  ( 4396): After code cache collection, code=29KB, data=21KB
12-13 23:56:09.615 I/zygote  ( 4396): Increasing code cache capacity to 128KB
12-13 23:56:09.633 D/EGL_emulation( 1729): eglMakeCurrent: 0x94311fe0: ver 3 0 (tinfo 0xa3816bd0)
12-13 23:56:09.719 W/ActivityManager( 1629): Bad activity token: android.os.BinderProxy@76b4172
12-13 23:56:09.719 W/ActivityManager( 1629): java.lang.ClassCastException: android.os.BinderProxy cannot be cast to com.android.server.am.ActivityRecord$Token
12-13 23:56:09.719 W/ActivityManager( 1629): 	at com.android.server.am.ActivityRecord.forTokenLocked(ActivityRecord.java:778)
12-13 23:56:09.719 W/ActivityManager( 1629): 	at com.android.server.am.ActivityRecord.isInStackLocked(ActivityRecord.java:2085)
12-13 23:56:09.719 W/ActivityManager( 1629): 	at com.android.server.am.ActivityManagerService.getActivityOptions(ActivityManagerService.java:13302)
12-13 23:56:09.719 W/ActivityManager( 1629): 	at android.app.IActivityManager$Stub.onTransact(IActivityManager.java:2910)
12-13 23:56:09.719 W/ActivityManager( 1629): 	at com.android.server.am.ActivityManagerService.onTransact(ActivityManagerService.java:2935)
12-13 23:56:09.719 W/ActivityManager( 1629): 	at android.os.Binder.execTransact(Binder.java:674)
12-13 23:56:09.720 W/ActivityManager( 1629): Bad activity token: android.os.BinderProxy@76b4172
12-13 23:56:09.720 W/ActivityManager( 1629): java.lang.ClassCastException: android.os.BinderProxy cannot be cast to com.android.server.am.ActivityRecord$Token
12-13 23:56:09.720 W/ActivityManager( 1629): 	at com.android.server.am.ActivityRecord.forTokenLocked(ActivityRecord.java:778)
12-13 23:56:09.720 W/ActivityManager( 1629): 	at com.android.server.am.ActivityRecord.isInStackLocked(ActivityRecord.java:2085)
12-13 23:56:09.720 W/ActivityManager( 1629): 	at com.android.server.am.ActivityManagerService.getActivityOptions(ActivityManagerService.java:13302)
12-13 23:56:09.720 W/ActivityManager( 1629): 	at android.app.IActivityManager$Stub.onTransact(IActivityManager.java:2910)
12-13 23:56:09.720 W/ActivityManager( 1629): 	at com.android.server.am.ActivityManagerService.onTransact(ActivityManagerService.java:2935)
12-13 23:56:09.720 W/ActivityManager( 1629): 	at android.os.Binder.execTransact(Binder.java:674)
12-13 23:56:09.826 V/StatusBar( 1729): setLightsOn(true)
12-13 23:56:09.953 I/chatty  ( 1729): uid=10028(u0_a28) com.android.systemui identical 2 lines
12-13 23:56:09.954 V/StatusBar( 1729): setLightsOn(true)
12-13 23:56:09.980 I/zygote  ( 4396): Do partial code cache collection, code=44KB, data=59KB
12-13 23:56:09.981 I/zygote  ( 4396): After code cache collection, code=44KB, data=59KB
12-13 23:56:09.981 I/zygote  ( 4396): Increasing code cache capacity to 256KB
12-13 23:56:09.982 I/zygote  ( 4396): JIT allocated 71KB for compiled code of void android.widget.TextView.<init>(android.content.Context, android.util.AttributeSet, int, int)
12-13 23:56:09.982 I/zygote  ( 4396): Compiler allocated 4MB to compile void android.widget.TextView.<init>(android.content.Context, android.util.AttributeSet, int, int)
12-13 23:56:10.030 D/gralloc_ranchu( 1396): gralloc_alloc: Creating ashmem region of size 7753728
12-13 23:56:10.030 I/zygote  ( 4396): Do full code cache collection, code=124KB, data=69KB
12-13 23:56:10.031 I/zygote  ( 4396): After code cache collection, code=84KB, data=36KB
12-13 23:56:10.052 D/        ( 4396): HostConnection::get() New Host Connection established 0xa54aff00, tid 4396
12-13 23:56:10.125 V/StatusBar( 1729): setLightsOn(true)
12-13 23:56:10.132 I/chatty  ( 1729): uid=10028(u0_a28) com.android.systemui identical 2 lines
12-13 23:56:10.133 V/StatusBar( 1729): setLightsOn(true)
12-13 23:56:10.135 I/ActivityManager( 1629): Displayed com.evancharlton.mileage/.Mileage: +822ms
12-13 23:56:10.145 V/StatusBar( 1729): setLightsOn(true)
12-13 23:56:10.160 V/StatusBar( 1729): setLightsOn(true)
12-13 23:56:10.214 D/gralloc_ranchu( 1396): gralloc_alloc: Creating ashmem region of size 7753728
12-13 23:56:10.322 V/StatusBar( 1729): setLightsOn(true)
12-13 23:56:10.341 V/StatusBar( 1729): setLightsOn(true)
12-13 23:56:10.386 W/SurfaceFlinger( 1409): couldn't log to binary event log: overflow.
12-13 23:56:10.452 I/System.out( 4396): URI: //
12-13 23:56:10.452 I/System.out( 4396): params: {json={"command":"set_activity_orientation","arguments":["landscape"]}
12-13 23:56:10.452 I/System.out( 4396): }
12-13 23:56:10.452 I/System.out( 4396): header: {content-type=application/json;charset=utf-8, date=Mon, 14 Dec 2020 04:56:10 GMT, accept=*/*, host=127.0.0.1:34777, content-length=64, user-agent=HTTPClient/1.0 (2.8.3, ruby 2.5.8 (2020-03-31))}
12-13 23:56:10.452 I/System.out( 4396): params: {json={"command":"set_activity_orientation","arguments":["landscape"]}
12-13 23:56:10.452 I/System.out( 4396): }
12-13 23:56:10.452 I/System.out( 4396): ProP json = {"command":"set_activity_orientation","arguments":["landscape"]}
12-13 23:56:10.452 I/System.out( 4396): files: {}
12-13 23:56:10.452 I/System.out( 4396): command: {"command":"set_activity_orientation","arguments":["landscape"]}
12-13 23:56:10.456 I/InstrumentationBackend( 4396): Got command:'Command:'Line:null,set_activity_orientation', arguments:'[landscape]'
12-13 23:56:10.461 D/gralloc_ranchu( 1396): gralloc_alloc: Creating ashmem region of size 8298496
12-13 23:56:10.470 I/PBSessionCacheImpl( 2226): Deleted sessionId[3589492007830] from persistence.
12-13 23:56:10.480 W/LocalDisplayAdapter( 1629): Unable to find color mode 0, ignoring request.
12-13 23:56:10.496 I/InputReader( 1629): Reconfiguring input devices.  changes=0x00000004
12-13 23:56:10.496 I/InputReader( 1629): Device reconfigured: id=0, name='qwerty2', size 1080x1920, orientation 1, mode 1, display id 0
12-13 23:56:10.501 I/ActivityManager( 1629): Config changes=480 {1.0 310mcc260mnc [en_US] ldltr sw411dp w683dp h387dp 420dpi nrml land finger qwerty/v/v -nav/h appBounds=Rect(0, 0 - 1794, 1080) s.7}
12-13 23:56:10.550 I/ActivityManager( 1629): Override config changes=480 {1.0 310mcc260mnc [en_US] ldltr sw411dp w683dp h387dp 420dpi nrml land finger qwerty/v/v -nav/h appBounds=Rect(0, 0 - 1794, 1080) s.7} for displayId=0
12-13 23:56:10.634 I/calabash( 4396): newActivity1
12-13 23:56:10.656 W/SearchService( 2226): Abort, client detached.
12-13 23:56:10.671 D/gralloc_ranchu( 1396): gralloc_alloc: Creating ashmem region of size 544768
12-13 23:56:10.691 W/ActivityManager( 1629): Bad activity token: android.os.BinderProxy@eeb9c2b
12-13 23:56:10.691 W/ActivityManager( 1629): java.lang.ClassCastException: android.os.BinderProxy cannot be cast to com.android.server.am.ActivityRecord$Token
12-13 23:56:10.691 W/ActivityManager( 1629): 	at com.android.server.am.ActivityRecord.forTokenLocked(ActivityRecord.java:778)
12-13 23:56:10.691 W/ActivityManager( 1629): 	at com.android.server.am.ActivityRecord.isInStackLocked(ActivityRecord.java:2085)
12-13 23:56:10.691 W/ActivityManager( 1629): 	at com.android.server.am.ActivityRecord.getStackLocked(ActivityRecord.java:2090)
12-13 23:56:10.691 W/ActivityManager( 1629): 	at com.android.server.am.ActivityManagerService.getActivityDisplayId(ActivityManagerService.java:10406)
12-13 23:56:10.691 W/ActivityManager( 1629): 	at android.app.IActivityManager$Stub.onTransact(IActivityManager.java:2738)
12-13 23:56:10.691 W/ActivityManager( 1629): 	at com.android.server.am.ActivityManagerService.onTransact(ActivityManagerService.java:2935)
12-13 23:56:10.691 W/ActivityManager( 1629): 	at android.os.Binder.execTransact(Binder.java:674)
12-13 23:56:10.699 I/calabash( 4396): newActivity1
12-13 23:56:10.705 D/EGL_emulation( 1729): eglMakeCurrent: 0x94311fe0: ver 3 0 (tinfo 0xa3816bd0)
12-13 23:56:10.709 D/NuPlayerDriver( 1483): NuPlayerDriver(0xae129230) created, clientPid(1729)
12-13 23:56:10.712 D/gralloc_ranchu( 1396): gralloc_alloc: Creating ashmem region of size 544768
12-13 23:56:10.726 W/ActivityManager( 1629): Bad activity token: android.os.BinderProxy@eeb9c2b
12-13 23:56:10.726 W/ActivityManager( 1629): java.lang.ClassCastException: android.os.BinderProxy cannot be cast to com.android.server.am.ActivityRecord$Token
12-13 23:56:10.726 W/ActivityManager( 1629): 	at com.android.server.am.ActivityRecord.forTokenLocked(ActivityRecord.java:778)
12-13 23:56:10.726 W/ActivityManager( 1629): 	at com.android.server.am.ActivityRecord.isInStackLocked(ActivityRecord.java:2085)
12-13 23:56:10.726 W/ActivityManager( 1629): 	at com.android.server.am.ActivityManagerService.setTaskDescription(ActivityManagerService.java:9988)
12-13 23:56:10.726 W/ActivityManager( 1629): 	at android.app.IActivityManager$Stub.onTransact(IActivityManager.java:2824)
12-13 23:56:10.726 W/ActivityManager( 1629): 	at com.android.server.am.ActivityManagerService.onTransact(ActivityManagerService.java:2935)
12-13 23:56:10.726 W/ActivityManager( 1629): 	at android.os.Binder.execTransact(Binder.java:674)
12-13 23:56:10.729 W/ActivityManager( 1629): Bad activity token: android.os.BinderProxy@eeb9c2b
12-13 23:56:10.729 W/ActivityManager( 1629): java.lang.ClassCastException: android.os.BinderProxy cannot be cast to com.android.server.am.ActivityRecord$Token
12-13 23:56:10.729 W/ActivityManager( 1629): 	at com.android.server.am.ActivityRecord.forTokenLocked(ActivityRecord.java:778)
12-13 23:56:10.729 W/ActivityManager( 1629): 	at com.android.server.am.ActivityRecord.isInStackLocked(ActivityRecord.java:2085)
12-13 23:56:10.729 W/ActivityManager( 1629): 	at com.android.server.am.ActivityRecord.getStackLocked(ActivityRecord.java:2090)
12-13 23:56:10.729 W/ActivityManager( 1629): 	at com.android.server.am.ActivityManagerService.getActivityStackId(ActivityManagerService.java:10417)
12-13 23:56:10.729 W/ActivityManager( 1629): 	at android.app.IActivityManager$Stub.onTransact(IActivityManager.java:3548)
12-13 23:56:10.729 W/ActivityManager( 1629): 	at com.android.server.am.ActivityManagerService.onTransact(ActivityManagerService.java:2935)
12-13 23:56:10.729 W/ActivityManager( 1629): 	at android.os.Binder.execTransact(Binder.java:674)
12-13 23:56:10.753 D/GenericSource( 1483): FileSource remote
12-13 23:56:10.787 D/NuPlayerDriver( 1483): notifyListener_l(0xae129230), (1, 0, 0, -1), loop setting(0, 0)
12-13 23:56:10.796 I/MediaFocusControl( 1629):  AudioFocus  requestAudioFocus() from uid/pid 10028/1729 clientId=android.media.AudioManager@5caf867 req=3 flags=0x0
12-13 23:56:10.810 I/System.out( 4396): result:{"bonusInformation":[],"message":"","success":true}
12-13 23:56:10.845 W/ActivityManager( 1629): Bad activity token: android.os.BinderProxy@eeb9c2b
12-13 23:56:10.845 W/ActivityManager( 1629): java.lang.ClassCastException: android.os.BinderProxy cannot be cast to com.android.server.am.ActivityRecord$Token
12-13 23:56:10.845 W/ActivityManager( 1629): 	at com.android.server.am.ActivityRecord.forTokenLocked(ActivityRecord.java:778)
12-13 23:56:10.845 W/ActivityManager( 1629): 	at com.android.server.am.ActivityRecord.isInStackLocked(ActivityRecord.java:2085)
12-13 23:56:10.845 W/ActivityManager( 1629): 	at com.android.server.am.ActivityManagerService.getActivityOptions(ActivityManagerService.java:13302)
12-13 23:56:10.845 W/ActivityManager( 1629): 	at android.app.IActivityManager$Stub.onTransact(IActivityManager.java:2910)
12-13 23:56:10.845 W/ActivityManager( 1629): 	at com.android.server.am.ActivityManagerService.onTransact(ActivityManagerService.java:2935)
12-13 23:56:10.845 W/ActivityManager( 1629): 	at android.os.Binder.execTransact(Binder.java:674)
12-13 23:56:10.846 W/ActivityManager( 1629): Bad activity token: android.os.BinderProxy@eeb9c2b
12-13 23:56:10.846 W/ActivityManager( 1629): java.lang.ClassCastException: android.os.BinderProxy cannot be cast to com.android.server.am.ActivityRecord$Token
12-13 23:56:10.846 W/ActivityManager( 1629): 	at com.android.server.am.ActivityRecord.forTokenLocked(ActivityRecord.java:778)
12-13 23:56:10.846 W/ActivityManager( 1629): 	at com.android.server.am.ActivityRecord.isInStackLocked(ActivityRecord.java:2085)
12-13 23:56:10.846 W/ActivityManager( 1629): 	at com.android.server.am.ActivityManagerService.getActivityOptions(ActivityManagerService.java:13302)
12-13 23:56:10.846 W/ActivityManager( 1629): 	at android.app.IActivityManager$Stub.onTransact(IActivityManager.java:2910)
12-13 23:56:10.846 W/ActivityManager( 1629): 	at com.android.server.am.ActivityManagerService.onTransact(ActivityManagerService.java:2935)
12-13 23:56:10.846 W/ActivityManager( 1629): 	at android.os.Binder.execTransact(Binder.java:674)
12-13 23:56:10.909 V/StatusBar( 1729): setLightsOn(true)
12-13 23:56:10.918 D/gralloc_ranchu( 1396): gralloc_alloc: Creating ashmem region of size 544768
12-13 23:56:10.968 D/gralloc_ranchu( 1396): gralloc_alloc: Creating ashmem region of size 487424
12-13 23:56:10.994 D/StatusBar( 1729): disable<e i a s b h r c s q >
12-13 23:56:10.997 D/EGL_emulation( 1729): eglMakeCurrent: 0x94311fe0: ver 3 0 (tinfo 0xa3816bd0)
12-13 23:56:11.004 D/gralloc_ranchu( 1396): gralloc_alloc: Creating ashmem region of size 487424
12-13 23:56:11.061 D/gralloc_ranchu( 1396): gralloc_alloc: Creating ashmem region of size 487424
12-13 23:56:11.068 D/EGL_emulation( 1729): eglMakeCurrent: 0x94311fe0: ver 3 0 (tinfo 0xa3816bd0)
12-13 23:56:11.081 D/EGL_emulation( 1729): eglMakeCurrent: 0x94311fe0: ver 3 0 (tinfo 0xa3816bd0)
12-13 23:56:11.083 D/gralloc_ranchu( 1396): gralloc_alloc: Creating ashmem region of size 7753728
12-13 23:56:11.088 V/StatusBar( 1729): setLightsOn(true)
12-13 23:56:11.102 I/zygote  ( 4396): Do partial code cache collection, code=122KB, data=76KB
12-13 23:56:11.102 I/zygote  ( 4396): After code cache collection, code=122KB, data=76KB
12-13 23:56:11.102 I/zygote  ( 4396): Increasing code cache capacity to 512KB
12-13 23:56:11.180 V/StatusBar( 1729): setLightsOn(true)
12-13 23:56:11.191 I/WindowManager( 1629): Screen frozen for +734ms due to Window{2e363b8 u0 com.evancharlton.mileage/com.evancharlton.mileage.Mileage}
12-13 23:56:11.201 D/gralloc_ranchu( 1396): gralloc_alloc: Creating ashmem region of size 7753728
12-13 23:56:11.203 V/StatusBar( 1729): setLightsOn(true)
12-13 23:56:11.210 D/SurfaceFlinger( 1409): duplicate layer name: changing BlackSurface to BlackSurface#1
12-13 23:56:11.242 D/SurfaceFlinger( 1409): duplicate layer name: changing BlackSurface to BlackSurface#1
12-13 23:56:11.279 D/SurfaceFlinger( 1409): duplicate layer name: changing BlackSurface to BlackSurface#2
12-13 23:56:11.302 D/NuPlayerDriver( 1483): start(0xae129230), state is 4, eos is 0
12-13 23:56:11.303 I/GenericSource( 1483): start
12-13 23:56:11.329 I/OMXClient( 1483): Treble IOmx obtained
12-13 23:56:11.331 I/OMXMaster( 1488): makeComponentInstance(OMX.google.vorbis.decoder) in omx@1.0-service process
12-13 23:56:11.335 E/OMXNodeInstance( 1488): setConfig(0xaef1c000:google.vorbis.decoder, ConfigPriority(0x6f800002)) ERROR: Undefined(0x80001001)
12-13 23:56:11.335 I/ACodec  ( 1483): codec does not support config priority (err -2147483648)
12-13 23:56:11.336 E/OMXNodeInstance( 1488): getConfig(0xaef1c000:google.vorbis.decoder, ConfigAndroidVendorExtension(0x6f100004)) ERROR: Undefined(0x80001001)
12-13 23:56:11.337 I/MediaCodec( 1483): MediaCodec will operate in async mode
12-13 23:56:11.342 W//system/bin/hw/android.hidl.allocator@1.0-service( 1389): ashmem_create_region(32768) returning hidl_memory(0xacb9b850, 32768)
12-13 23:56:11.379 I/chatty  ( 1389): uid=1000(system) allocator@1.0-s identical 10 lines
12-13 23:56:11.381 W//system/bin/hw/android.hidl.allocator@1.0-service( 1389): ashmem_create_region(32768) returning hidl_memory(0xacb9b850, 32768)
12-13 23:56:11.406 D/AudioTrack( 1483): Client defaulted notificationFrames to 7406 for frameCount 22218
12-13 23:56:11.410 D/NuPlayerDriver( 1483): notifyListener_l(0xae129230), (6, 0, 0, -1), loop setting(0, 0)
12-13 23:56:11.413 W/audio_hw_generic( 1390): Not supplying enough data to HAL, expected position 370169 , only wrote 370080
12-13 23:56:11.721 V/StatusBar( 1729): setLightsOn(true)
12-13 23:56:11.841 I/Finsky:download_service( 2696): [125] nmi.run(36): Stats for Executor: bgExecutor non@7f16e6d[Running, pool size = 0, active threads = 0, queued tasks = 0, completed tasks = 0]
12-13 23:56:12.221 D/gralloc_ranchu( 1396): gralloc_alloc: Creating ashmem region of size 7753728
12-13 23:56:12.980 I/NuPlayerDecoder( 1483): [audio] saw output EOS
12-13 23:56:13.076 E/SurfaceFlinger( 1409): ro.sf.lcd_density must be defined as a build property
12-13 23:56:13.088 D/gralloc_ranchu( 1396): gralloc_alloc: Creating ashmem region of size 8298496
12-13 23:56:13.101 D/        ( 4458): HostConnection::get() New Host Connection established 0xb53af800, tid 4458
12-13 23:56:13.233 D/AudioTrack( 1483): stop() called with 84672 frames delivered
12-13 23:56:13.320 E/TaskPersister( 1629): File error accessing recents directory (directory doesn't exist?).
12-13 23:56:13.398 I/zygote  ( 1629): Explicit concurrent copying GC freed 23791(1815KB) AllocSpace objects, 13(276KB) LOS objects, 38% free, 9MB/15MB, paused 796us total 107.896ms
12-13 23:56:13.604 D/NuPlayerDriver( 1483): notifyListener_l(0xae129230), (2, 0, 0, -1), loop setting(0, 0)
12-13 23:56:13.605 I/MediaFocusControl( 1629):  AudioFocus  abandonAudioFocus() from uid/pid 10028/1729 clientId=android.media.AudioManager@5caf867
12-13 23:56:13.614 I/System.out( 4396): URI: //
12-13 23:56:13.614 I/System.out( 4396): params: {json={"command":"set_activity_orientation","arguments":["portrait"]}
12-13 23:56:13.614 I/System.out( 4396): }
12-13 23:56:13.616 I/System.out( 4396): header: {content-type=application/json;charset=utf-8, date=Mon, 14 Dec 2020 04:56:13 GMT, accept=*/*, host=127.0.0.1:34777, content-length=63, user-agent=HTTPClient/1.0 (2.8.3, ruby 2.5.8 (2020-03-31))}
12-13 23:56:13.616 I/System.out( 4396): params: {json={"command":"set_activity_orientation","arguments":["portrait"]}
12-13 23:56:13.616 I/System.out( 4396): }
12-13 23:56:13.616 I/System.out( 4396): ProP json = {"command":"set_activity_orientation","arguments":["portrait"]}
12-13 23:56:13.617 I/System.out( 4396): files: {}
12-13 23:56:13.617 I/System.out( 4396): command: {"command":"set_activity_orientation","arguments":["portrait"]}
12-13 23:56:13.624 I/InstrumentationBackend( 4396): Got command:'Command:'Line:null,set_activity_orientation', arguments:'[portrait]'
12-13 23:56:13.628 D/gralloc_ranchu( 1396): gralloc_alloc: Creating ashmem region of size 8298496
12-13 23:56:13.656 W/LocalDisplayAdapter( 1629): Unable to find color mode 0, ignoring request.
12-13 23:56:13.672 I/ActivityManager( 1629): Config changes=480 {1.0 310mcc260mnc [en_US] ldltr sw411dp w411dp h659dp 420dpi nrml port finger qwerty/v/v -nav/h appBounds=Rect(0, 0 - 1080, 1794) s.8}
12-13 23:56:13.702 I/ActivityManager( 1629): Override config changes=480 {1.0 310mcc260mnc [en_US] ldltr sw411dp w411dp h659dp 420dpi nrml port finger qwerty/v/v -nav/h appBounds=Rect(0, 0 - 1080, 1794) s.8} for displayId=0
12-13 23:56:13.759 I/InputReader( 1629): Reconfiguring input devices.  changes=0x00000004
12-13 23:56:13.759 I/InputReader( 1629): Device reconfigured: id=0, name='qwerty2', size 1080x1920, orientation 0, mode 1, display id 0
12-13 23:56:13.760 I/InputReader( 1629): Reconfiguring input devices.  changes=0x00000004
12-13 23:56:13.761 I/InputReader( 1629): Reconfiguring input devices.  changes=0x00000004
12-13 23:56:13.796 I/calabash( 4396): newActivity1
12-13 23:56:13.808 E/memtrack( 1629): Couldn't load memtrack module
12-13 23:56:13.808 W/android.os.Debug( 1629): failed to get memory consumption info: -1
12-13 23:56:13.843 I/zygote  ( 1721): Do partial code cache collection, code=61KB, data=39KB
12-13 23:56:13.843 I/zygote  ( 1721): After code cache collection, code=61KB, data=39KB
12-13 23:56:13.843 I/zygote  ( 1721): Increasing code cache capacity to 256KB
12-13 23:56:13.848 D/gralloc_ranchu( 1396): gralloc_alloc: Creating ashmem region of size 544768
12-13 23:56:13.872 D/EGL_emulation( 1729): eglMakeCurrent: 0x94311fe0: ver 3 0 (tinfo 0xa3816bd0)
12-13 23:56:13.875 W/ActivityManager( 1629): Bad activity token: android.os.BinderProxy@3d0b585
12-13 23:56:13.875 W/ActivityManager( 1629): java.lang.ClassCastException: android.os.BinderProxy cannot be cast to com.android.server.am.ActivityRecord$Token
12-13 23:56:13.875 W/ActivityManager( 1629): 	at com.android.server.am.ActivityRecord.forTokenLocked(ActivityRecord.java:778)
12-13 23:56:13.875 W/ActivityManager( 1629): 	at com.android.server.am.ActivityRecord.isInStackLocked(ActivityRecord.java:2085)
12-13 23:56:13.875 W/ActivityManager( 1629): 	at com.android.server.am.ActivityRecord.getStackLocked(ActivityRecord.java:2090)
12-13 23:56:13.875 W/ActivityManager( 1629): 	at com.android.server.am.ActivityManagerService.getActivityDisplayId(ActivityManagerService.java:10406)
12-13 23:56:13.875 W/ActivityManager( 1629): 	at android.app.IActivityManager$Stub.onTransact(IActivityManager.java:2738)
12-13 23:56:13.875 W/ActivityManager( 1629): 	at com.android.server.am.ActivityManagerService.onTransact(ActivityManagerService.java:2935)
12-13 23:56:13.875 W/ActivityManager( 1629): 	at android.os.Binder.execTransact(Binder.java:674)
12-13 23:56:13.879 D/gralloc_ranchu( 1396): gralloc_alloc: Creating ashmem region of size 544768
12-13 23:56:13.888 I/calabash( 4396): newActivity1
12-13 23:56:13.905 W/ActivityManager( 1629): Bad activity token: android.os.BinderProxy@3d0b585
12-13 23:56:13.905 W/ActivityManager( 1629): java.lang.ClassCastException: android.os.BinderProxy cannot be cast to com.android.server.am.ActivityRecord$Token
12-13 23:56:13.905 W/ActivityManager( 1629): 	at com.android.server.am.ActivityRecord.forTokenLocked(ActivityRecord.java:778)
12-13 23:56:13.905 W/ActivityManager( 1629): 	at com.android.server.am.ActivityRecord.isInStackLocked(ActivityRecord.java:2085)
12-13 23:56:13.905 W/ActivityManager( 1629): 	at com.android.server.am.ActivityManagerService.setTaskDescription(ActivityManagerService.java:9988)
12-13 23:56:13.905 W/ActivityManager( 1629): 	at android.app.IActivityManager$Stub.onTransact(IActivityManager.java:2824)
12-13 23:56:13.905 W/ActivityManager( 1629): 	at com.android.server.am.ActivityManagerService.onTransact(ActivityManagerService.java:2935)
12-13 23:56:13.905 W/ActivityManager( 1629): 	at android.os.Binder.execTransact(Binder.java:674)
12-13 23:56:13.906 W/ActivityManager( 1629): Bad activity token: android.os.BinderProxy@3d0b585
12-13 23:56:13.906 W/ActivityManager( 1629): java.lang.ClassCastException: android.os.BinderProxy cannot be cast to com.android.server.am.ActivityRecord$Token
12-13 23:56:13.906 W/ActivityManager( 1629): 	at com.android.server.am.ActivityRecord.forTokenLocked(ActivityRecord.java:778)
12-13 23:56:13.906 W/ActivityManager( 1629): 	at com.android.server.am.ActivityRecord.isInStackLocked(ActivityRecord.java:2085)
12-13 23:56:13.906 W/ActivityManager( 1629): 	at com.android.server.am.ActivityRecord.getStackLocked(ActivityRecord.java:2090)
12-13 23:56:13.906 W/ActivityManager( 1629): 	at com.android.server.am.ActivityManagerService.getActivityStackId(ActivityManagerService.java:10417)
12-13 23:56:13.906 W/ActivityManager( 1629): 	at android.app.IActivityManager$Stub.onTransact(IActivityManager.java:3548)
12-13 23:56:13.906 W/ActivityManager( 1629): 	at com.android.server.am.ActivityManagerService.onTransact(ActivityManagerService.java:2935)
12-13 23:56:13.906 W/ActivityManager( 1629): 	at android.os.Binder.execTransact(Binder.java:674)
12-13 23:56:13.999 I/System.out( 4396): result:{"bonusInformation":[],"message":"","success":true}
12-13 23:56:14.004 W/ActivityManager( 1629): Bad activity token: android.os.BinderProxy@3d0b585
12-13 23:56:14.004 W/ActivityManager( 1629): java.lang.ClassCastException: android.os.BinderProxy cannot be cast to com.android.server.am.ActivityRecord$Token
12-13 23:56:14.004 W/ActivityManager( 1629): 	at com.android.server.am.ActivityRecord.forTokenLocked(ActivityRecord.java:778)
12-13 23:56:14.004 W/ActivityManager( 1629): 	at com.android.server.am.ActivityRecord.isInStackLocked(ActivityRecord.java:2085)
12-13 23:56:14.004 W/ActivityManager( 1629): 	at com.android.server.am.ActivityManagerService.getActivityOptions(ActivityManagerService.java:13302)
12-13 23:56:14.004 W/ActivityManager( 1629): 	at android.app.IActivityManager$Stub.onTransact(IActivityManager.java:2910)
12-13 23:56:14.004 W/ActivityManager( 1629): 	at com.android.server.am.ActivityManagerService.onTransact(ActivityManagerService.java:2935)
12-13 23:56:14.004 W/ActivityManager( 1629): 	at android.os.Binder.execTransact(Binder.java:674)
12-13 23:56:14.005 W/ActivityManager( 1629): Bad activity token: android.os.BinderProxy@3d0b585
12-13 23:56:14.005 W/ActivityManager( 1629): java.lang.ClassCastException: android.os.BinderProxy cannot be cast to com.android.server.am.ActivityRecord$Token
12-13 23:56:14.005 W/ActivityManager( 1629): 	at com.android.server.am.ActivityRecord.forTokenLocked(ActivityRecord.java:778)
12-13 23:56:14.005 W/ActivityManager( 1629): 	at com.android.server.am.ActivityRecord.isInStackLocked(ActivityRecord.java:2085)
12-13 23:56:14.005 W/ActivityManager( 1629): 	at com.android.server.am.ActivityManagerService.getActivityOptions(ActivityManagerService.java:13302)
12-13 23:56:14.005 W/ActivityManager( 1629): 	at android.app.IActivityManager$Stub.onTransact(IActivityManager.java:2910)
12-13 23:56:14.005 W/ActivityManager( 1629): 	at com.android.server.am.ActivityManagerService.onTransact(ActivityManagerService.java:2935)
12-13 23:56:14.005 W/ActivityManager( 1629): 	at android.os.Binder.execTransact(Binder.java:674)
12-13 23:56:14.017 V/StatusBar( 1729): setLightsOn(true)
12-13 23:56:14.031 D/gralloc_ranchu( 1396): gralloc_alloc: Creating ashmem region of size 544768
12-13 23:56:14.111 D/gralloc_ranchu( 1396): gralloc_alloc: Creating ashmem region of size 274432
12-13 23:56:14.139 D/StatusBar( 1729): disable<e i a s b h r c s q >
12-13 23:56:14.152 D/EGL_emulation( 1729): eglMakeCurrent: 0x94311fe0: ver 3 0 (tinfo 0xa3816bd0)
12-13 23:56:14.170 D/gralloc_ranchu( 1396): gralloc_alloc: Creating ashmem region of size 274432
12-13 23:56:14.216 D/gralloc_ranchu( 1396): gralloc_alloc: Creating ashmem region of size 274432
12-13 23:56:14.238 D/EGL_emulation( 1729): eglMakeCurrent: 0x94311fe0: ver 3 0 (tinfo 0xa3816bd0)
12-13 23:56:14.256 D/EGL_emulation( 1729): eglMakeCurrent: 0x94311fe0: ver 3 0 (tinfo 0xa3816bd0)
12-13 23:56:14.258 I/zygote  ( 4396): JIT allocated 56KB for compiled code of void android.view.View.<init>(android.content.Context, android.util.AttributeSet, int, int)
12-13 23:56:14.280 V/StatusBar( 1729): setLightsOn(true)
12-13 23:56:14.281 D/gralloc_ranchu( 1396): gralloc_alloc: Creating ashmem region of size 7753728
12-13 23:56:14.335 I/zygote  ( 4396): Do full code cache collection, code=249KB, data=141KB
12-13 23:56:14.337 I/zygote  ( 4396): After code cache collection, code=249KB, data=106KB
12-13 23:56:14.370 V/StatusBar( 1729): setLightsOn(true)
12-13 23:56:14.375 I/chatty  ( 1729): uid=10028(u0_a28) com.android.systemui identical 1 line
12-13 23:56:14.382 I/WindowManager( 1629): Screen frozen for +757ms due to Window{4fd9d7e u0 com.evancharlton.mileage/com.evancharlton.mileage.Mileage}
12-13 23:56:14.385 V/StatusBar( 1729): setLightsOn(true)
12-13 23:56:14.500 D/SurfaceFlinger( 1409): duplicate layer name: changing BlackSurface to BlackSurface#1
12-13 23:56:14.503 D/SurfaceFlinger( 1409): duplicate layer name: changing BlackSurface to BlackSurface#2
12-13 23:56:14.552 W/audio_hw_generic( 1390): Not supplying enough data to HAL, expected position 520769 , only wrote 520560
12-13 23:56:14.552 W/audio_hw_generic( 1390): Not supplying enough data to HAL, expected position 520591 , only wrote 520560
12-13 23:56:14.588 D/gralloc_ranchu( 1396): gralloc_alloc: Creating ashmem region of size 7753728
12-13 23:56:14.987 V/StatusBar( 1729): setLightsOn(true)
12-13 23:56:15.386 D/gralloc_ranchu( 1396): gralloc_alloc: Creating ashmem region of size 7753728
12-13 23:56:15.471 W/audio_hw_generic( 1390): Not supplying enough data to HAL, expected position 564666 , only wrote 564480
12-13 23:56:15.472 W/audio_hw_generic( 1390): Not supplying enough data to HAL, expected position 564518 , only wrote 564480
12-13 23:56:15.657 E/memtrack( 1629): Couldn't load memtrack module
12-13 23:56:15.657 W/android.os.Debug( 1629): failed to get memory consumption info: -1
12-13 23:56:15.683 I/EventLogSendingHelper( 2226): Sending log events.
12-13 23:56:15.705 I/zygote  ( 4396): Do partial code cache collection, code=249KB, data=112KB
12-13 23:56:15.714 I/zygote  ( 4396): After code cache collection, code=249KB, data=112KB
12-13 23:56:15.716 I/zygote  ( 4396): Increasing code cache capacity to 1024KB
12-13 23:56:15.718 E/memtrack( 1629): Couldn't load memtrack module
12-13 23:56:15.718 W/android.os.Debug( 1629): failed to get memory consumption info: -1
12-13 23:56:15.904 I/NetworkScheduler.Stats( 1938): Task com.google.android.gms/com.google.android.gms.icing.service.IcingGcmTaskService started execution. cause:4 exec_start_elapsed_seconds: 105 [CONTEXT service_id=218 ]
12-13 23:56:16.034 I/NetworkScheduler.Stats( 1938): Task com.google.android.gms/com.google.android.gms.ads.social.GcmSchedulerWakeupService started execution. cause:4 exec_start_elapsed_seconds: 105 [CONTEXT service_id=218 ]
12-13 23:56:16.049 I/NetworkScheduler.Stats( 1938): Task com.google.android.gms/com.google.android.gms.icing.service.IcingGcmTaskService finished executing. cause:4 result: 1 elapsed_millis: 243 uptime_millis: 243 exec_start_elapsed_seconds: 105 [CONTEXT service_id=218 ]
12-13 23:56:16.052 I/NetworkScheduler.Stats( 1938): Task com.google.android.gms/com.google.android.gms.ads.social.GcmSchedulerWakeupService finished executing. cause:4 result: 1 elapsed_millis: 80 uptime_millis: 80 exec_start_elapsed_seconds: 105 [CONTEXT service_id=218 ]
12-13 23:56:16.341 E/SurfaceFlinger( 1409): ro.sf.lcd_density must be defined as a build property
12-13 23:56:16.355 D/gralloc_ranchu( 1396): gralloc_alloc: Creating ashmem region of size 8298496
12-13 23:56:16.367 D/        ( 4471): HostConnection::get() New Host Connection established 0xae7af800, tid 4471
12-13 23:56:16.537 W/audio_hw_generic( 1390): Not supplying enough data to HAL, expected position 665495 , only wrote 615600
12-13 23:56:16.609 I/zygote  ( 1629): Explicit concurrent copying GC freed 9685(837KB) AllocSpace objects, 0(0B) LOS objects, 38% free, 9MB/15MB, paused 604us total 101.128ms
