--------- beginning of main
12-14 03:34:48.639 D/gralloc_ranchu( 1395): gralloc_alloc: Creating ashmem region of size 8298496
12-14 03:34:48.686 D/gralloc_ranchu( 1395): gralloc_alloc: Creating ashmem region of size 8298496
12-14 03:34:48.712 D/SurfaceFlinger( 1408): duplicate layer name: changing com.google.android.apps.nexuslauncher/com.google.android.apps.nexuslauncher.NexusLauncherActivity to com.google.android.apps.nexuslauncher/com.google.android.apps.nexuslauncher.NexusLauncherActivity#1
12-14 03:34:48.718 D/gralloc_ranchu( 1395): gralloc_alloc: Creating ashmem region of size 8298496
12-14 03:34:48.735 D/EGL_emulation( 1733): eglMakeCurrent: 0x8b953040: ver 3 0 (tinfo 0x8b94faa0)
12-14 03:34:48.743 D/gralloc_ranchu( 1395): gralloc_alloc: Creating ashmem region of size 8298496
12-14 03:34:48.749 D/EGL_emulation( 2174): eglMakeCurrent: 0x9f4049c0: ver 3 0 (tinfo 0x9f403720)
12-14 03:34:48.763 D/gralloc_ranchu( 1395): gralloc_alloc: Creating ashmem region of size 8298496
12-14 03:34:48.804 D/EGL_emulation( 2143): eglMakeCurrent: 0x9f404840: ver 3 0 (tinfo 0x9f403440)
12-14 03:34:48.810 I/zygote  ( 2174): Deoptimizing void com.google.android.apps.gsa.search.core.service.worker.a.a.a(com.google.android.apps.gsa.search.core.state.qc) due to JIT inline cache
12-14 03:34:48.840 D/gralloc_ranchu( 1395): gralloc_alloc: Creating ashmem region of size 7753728
12-14 03:34:48.862 D/        ( 1733): HostConnection::get() New Host Connection established 0x8990a600, tid 1762
12-14 03:34:48.872 D/EGL_emulation( 1733): eglMakeCurrent: 0x8b953040: ver 3 0 (tinfo 0x8b94faa0)
12-14 03:34:48.881 W/SessionLifecycleManager( 2174): Handover failed. Creating new session controller.
12-14 03:34:48.886 I/OptInState( 2174): There is a new client and it does not support opt-in. Dropping request.
12-14 03:34:48.905 E/GmsClient( 2174): unable to connect to service: com.google.android.gms.speech.service.START on com.google.android.gms
12-14 03:34:48.913 D/EGL_emulation( 1733): eglMakeCurrent: 0x8b953040: ver 3 0 (tinfo 0x8b94faa0)
12-14 03:34:48.935 I/chatty  ( 1733): uid=10028(u0_a28) RenderThread identical 3 lines
12-14 03:34:48.947 D/EGL_emulation( 1733): eglMakeCurrent: 0x8b953040: ver 3 0 (tinfo 0x8b94faa0)
12-14 03:34:48.950 I/MicroDetectionWorker( 2174): #updateMicroDetector [detectionMode: [mDetectionMode: [1]]]
12-14 03:34:48.951 I/MicroDetectionWorker( 2174): #startMicroDetector [speakerMode: 0]
12-14 03:34:48.951 I/AudioController( 2174): Using mInputStreamFactoryBuilder
12-14 03:34:48.959 D/EGL_emulation( 1733): eglMakeCurrent: 0x8b953040: ver 3 0 (tinfo 0x8b94faa0)
12-14 03:34:48.962 D/EGL_emulation( 1733): eglMakeCurrent: 0x8b953040: ver 3 0 (tinfo 0x8b94faa0)
12-14 03:34:48.967 I/MicroRecognitionRunner( 2174): Starting detection.
12-14 03:34:48.976 I/MicroDetectionWorker( 2174): onReady
12-14 03:34:48.980 I/MicrophoneInputStream( 2174): mic_starting com.google.android.apps.gsa.staticplugins.aa.c@e1d8b55
12-14 03:34:48.983 D/EGL_emulation( 1733): eglMakeCurrent: 0x8b953040: ver 3 0 (tinfo 0x8b94faa0)
12-14 03:34:48.989 D/EGL_emulation( 1733): eglMakeCurrent: 0x8b953040: ver 3 0 (tinfo 0x8b94faa0)
12-14 03:34:48.990 I/MicrophoneInputStream( 2174): mic_started com.google.android.apps.gsa.staticplugins.aa.c@e1d8b55
12-14 03:34:48.997 I/MicroDetectionWorker( 2174): onReady
12-14 03:34:48.998 D/EGL_emulation( 1733): eglMakeCurrent: 0x8b953040: ver 3 0 (tinfo 0x8b94faa0)
12-14 03:34:49.001 I/AudioFlinger( 1477): AudioFlinger's thread 0xaf503c80 tid=4121 ready to run
12-14 03:34:49.002 W/SpeechLevelGenerator( 2174): Really low audio levels detected. The audio input may have issues.
12-14 03:34:49.007 I/MicrophoneInputStream( 2174): mic_close com.google.android.apps.gsa.staticplugins.aa.c@e1d8b55
12-14 03:34:49.010 I/MicroRecognitionRunner( 2174): Detection finished
12-14 03:34:49.011 W/ErrorReporter( 2174): reportError [type: 211, code: 524300]: Error reading from input stream
12-14 03:34:49.012 I/MicroRecognitionRunner( 2174): Stopping hotword detection.
12-14 03:34:49.013 D/EGL_emulation( 1733): eglMakeCurrent: 0x8b953040: ver 3 0 (tinfo 0x8b94faa0)
12-14 03:34:49.013 W/ErrorProcessor( 2174): onFatalError, processing error from engine(4)
12-14 03:34:49.013 W/ErrorProcessor( 2174): com.google.android.apps.gsa.shared.speech.b.g: Error reading from input stream
12-14 03:34:49.013 W/ErrorProcessor( 2174): 	at com.google.android.apps.gsa.staticplugins.recognizer.j.a.a(SourceFile:28)
12-14 03:34:49.013 W/ErrorProcessor( 2174): 	at com.google.android.apps.gsa.staticplugins.recognizer.j.b.run(SourceFile:15)
12-14 03:34:49.013 W/ErrorProcessor( 2174): 	at java.util.concurrent.Executors$RunnableAdapter.call(Executors.java:457)
12-14 03:34:49.013 W/ErrorProcessor( 2174): 	at java.util.concurrent.FutureTask.run(FutureTask.java:266)
12-14 03:34:49.013 W/ErrorProcessor( 2174): 	at com.google.android.apps.gsa.shared.util.concurrent.a.ax.run(SourceFile:14)
12-14 03:34:49.013 W/ErrorProcessor( 2174): 	at com.google.android.apps.gsa.shared.util.concurrent.a.bl.run(SourceFile:4)
12-14 03:34:49.013 W/ErrorProcessor( 2174): 	at com.google.android.apps.gsa.shared.util.concurrent.a.bl.run(SourceFile:4)
12-14 03:34:49.013 W/ErrorProcessor( 2174): 	at java.util.concurrent.ThreadPoolExecutor.runWorker(ThreadPoolExecutor.java:1162)
12-14 03:34:49.013 W/ErrorProcessor( 2174): 	at java.util.concurrent.ThreadPoolExecutor$Worker.run(ThreadPoolExecutor.java:636)
12-14 03:34:49.013 W/ErrorProcessor( 2174): 	at java.lang.Thread.run(Thread.java:764)
12-14 03:34:49.013 W/ErrorProcessor( 2174): 	at com.google.android.apps.gsa.shared.util.concurrent.a.ai.run(SourceFile:6)
12-14 03:34:49.013 W/ErrorProcessor( 2174): Caused by: com.google.android.apps.gsa.shared.exception.GsaIOException: Error code: 393238 | Buffer overflow, no available space.
12-14 03:34:49.013 W/ErrorProcessor( 2174): 	at com.google.android.apps.gsa.speech.audio.Tee.f(SourceFile:103)
12-14 03:34:49.013 W/ErrorProcessor( 2174): 	at com.google.android.apps.gsa.speech.audio.au.read(SourceFile:2)
12-14 03:34:49.013 W/ErrorProcessor( 2174): 	at java.io.InputStream.read(InputStream.java:101)
12-14 03:34:49.013 W/ErrorProcessor( 2174): 	at com.google.android.apps.gsa.speech.audio.ao.run(SourceFile:18)
12-14 03:34:49.013 W/ErrorProcessor( 2174): 	at com.google.android.apps.gsa.speech.audio.an.run(SourceFile:2)
12-14 03:34:49.013 W/ErrorProcessor( 2174): 	... 9 more
12-14 03:34:49.013 I/AudioController( 2174): internalShutdown
12-14 03:34:49.016 I/MicroDetector( 2174): Keeping mic open: false
12-14 03:34:49.016 I/MicroDetectionWorker( 2174): #onError(false)
12-14 03:34:49.017 I/DeviceStateChecker( 2174): DeviceStateChecker cancelled
12-14 03:34:49.017 D/EGL_emulation( 1733): eglMakeCurrent: 0x8b953040: ver 3 0 (tinfo 0x8b94faa0)
12-14 03:34:49.080 I/chatty  ( 1733): uid=10028(u0_a28) RenderThread identical 7 lines
12-14 03:34:49.099 D/EGL_emulation( 1733): eglMakeCurrent: 0x8b953040: ver 3 0 (tinfo 0x8b94faa0)
12-14 03:34:49.291 W/OpenGLRenderer( 2143): Incorrectly called buildLayer on View: ShortcutAndWidgetContainer, destroying layer...
12-14 03:34:49.343 I/OpenGLRenderer( 1630): Initialized EGL, version 1.4
12-14 03:34:49.343 D/OpenGLRenderer( 1630): Swap behavior 1
12-14 03:34:49.344 W/OpenGLRenderer( 1630): Failed to choose config with EGL_SWAP_BEHAVIOR_PRESERVED, retrying without...
12-14 03:34:49.344 D/OpenGLRenderer( 1630): Swap behavior 0
12-14 03:34:49.351 D/EGL_emulation( 1630): eglCreateContext: 0x87f8f160: maj 3 min 0 rcv 3
12-14 03:34:49.353 D/EGL_emulation( 1630): eglMakeCurrent: 0x87f8f160: ver 3 0 (tinfo 0x8d69f820)
12-14 03:34:49.354 E/eglCodecCommon( 1630): glUtilsParamSize: unknow param 0x00008cdf
12-14 03:34:49.354 E/eglCodecCommon( 1630): glUtilsParamSize: unknow param 0x00008cdf
12-14 03:34:49.355 E/eglCodecCommon( 1630): glUtilsParamSize: unknow param 0x00008824
--------- beginning of system
12-14 03:34:51.548 E/TaskPersister( 1630): File error accessing recents directory (directory doesn't exist?).
12-14 03:34:53.931 I/ActivityManager( 1630): Killing 3479:com.android.mtp/u0a9 (adj 906): empty #17
12-14 03:34:49.355 E/eglCodecCommon( 1630): glUtilsParamSize: unknow param 0x00008824
12-14 03:34:53.936 E/memtrack( 1630): Couldn't load memtrack module
12-14 03:34:53.936 W/android.os.Debug( 1630): failed to get memory consumption info: -1
12-14 03:34:53.973 E/memtrack( 1630): Couldn't load memtrack module
12-14 03:34:53.973 W/android.os.Debug( 1630): failed to get memory consumption info: -1
12-14 03:34:54.018 I/MicroDetectionWorker( 2174): #updateMicroDetector [detectionMode: [mDetectionMode: [1]]]
12-14 03:34:54.018 I/MicroDetectionWorker( 2174): #startMicroDetector [speakerMode: 0]
12-14 03:34:54.018 I/AudioController( 2174): Using mInputStreamFactoryBuilder
12-14 03:34:54.019 I/MicroDetectionWorker( 2174): onReady
12-14 03:34:54.028 I/MicroRecognitionRunner( 2174): Starting detection.
12-14 03:34:54.031 I/MicrophoneInputStream( 2174): mic_starting com.google.android.apps.gsa.staticplugins.aa.c@2099972
12-14 03:34:54.035 I/AudioFlinger( 1477): AudioFlinger's thread 0xaf3831c0 tid=4125 ready to run
12-14 03:34:54.044 I/MicrophoneInputStream( 2174): mic_started com.google.android.apps.gsa.staticplugins.aa.c@2099972
12-14 03:34:54.046 I/NetworkScheduler.Stats( 1936): Task com.google.android.gms/com.google.android.gms.icing.service.IcingGcmTaskService started execution. cause:4 exec_start_elapsed_seconds: 81 [CONTEXT service_id=218 ]
12-14 03:34:54.047 E/ActivityThread( 2174): Failed to find provider info for com.google.android.apps.gsa.testing.ui.audio.recorded
12-14 03:34:54.047 I/MicroDetectionWorker( 2174): onReady
12-14 03:34:54.049 I/MicrophoneInputStream( 2174): mic_close com.google.android.apps.gsa.staticplugins.aa.c@2099972
12-14 03:34:54.049 I/MicroRecognitionRunner( 2174): Detection finished
12-14 03:34:54.049 W/ErrorReporter( 2174): reportError [type: 211, code: 524300]: Error reading from input stream
12-14 03:34:54.051 W/ErrorProcessor( 2174): onFatalError, processing error from engine(4)
12-14 03:34:54.051 W/ErrorProcessor( 2174): com.google.android.apps.gsa.shared.speech.b.g: Error reading from input stream
12-14 03:34:54.051 W/ErrorProcessor( 2174): 	at com.google.android.apps.gsa.staticplugins.recognizer.j.a.a(SourceFile:28)
12-14 03:34:54.051 W/ErrorProcessor( 2174): 	at com.google.android.apps.gsa.staticplugins.recognizer.j.b.run(SourceFile:15)
12-14 03:34:54.051 W/ErrorProcessor( 2174): 	at java.util.concurrent.Executors$RunnableAdapter.call(Executors.java:457)
12-14 03:34:54.051 W/ErrorProcessor( 2174): 	at java.util.concurrent.FutureTask.run(FutureTask.java:266)
12-14 03:34:54.051 W/ErrorProcessor( 2174): 	at com.google.android.apps.gsa.shared.util.concurrent.a.ax.run(SourceFile:14)
12-14 03:34:54.051 W/ErrorProcessor( 2174): 	at com.google.android.apps.gsa.shared.util.concurrent.a.bl.run(SourceFile:4)
12-14 03:34:54.051 W/ErrorProcessor( 2174): 	at com.google.android.apps.gsa.shared.util.concurrent.a.bl.run(SourceFile:4)
12-14 03:34:54.051 W/ErrorProcessor( 2174): 	at java.util.concurrent.ThreadPoolExecutor.runWorker(ThreadPoolExecutor.java:1162)
12-14 03:34:54.051 W/ErrorProcessor( 2174): 	at java.util.concurrent.ThreadPoolExecutor$Worker.run(ThreadPoolExecutor.java:636)
12-14 03:34:54.051 W/ErrorProcessor( 2174): 	at java.lang.Thread.run(Thread.java:764)
12-14 03:34:54.051 W/ErrorProcessor( 2174): 	at com.google.android.apps.gsa.shared.util.concurrent.a.ai.run(SourceFile:6)
12-14 03:34:54.051 W/ErrorProcessor( 2174): Caused by: com.google.android.apps.gsa.shared.exception.GsaIOException: Error code: 393238 | Buffer overflow, no available space.
12-14 03:34:54.051 W/ErrorProcessor( 2174): 	at com.google.android.apps.gsa.speech.audio.Tee.f(SourceFile:103)
12-14 03:34:54.051 W/ErrorProcessor( 2174): 	at com.google.android.apps.gsa.speech.audio.au.read(SourceFile:2)
12-14 03:34:54.051 W/ErrorProcessor( 2174): 	at java.io.InputStream.read(InputStream.java:101)
12-14 03:34:54.051 W/ErrorProcessor( 2174): 	at com.google.android.apps.gsa.speech.audio.ao.run(SourceFile:18)
12-14 03:34:54.051 W/ErrorProcessor( 2174): 	at com.google.android.apps.gsa.speech.audio.an.run(SourceFile:2)
12-14 03:34:54.051 W/ErrorProcessor( 2174): 	... 9 more
12-14 03:34:54.051 I/AudioController( 2174): internalShutdown
12-14 03:34:54.052 I/MicroRecognitionRunner( 2174): Stopping hotword detection.
12-14 03:34:54.054 I/MicroDetector( 2174): Keeping mic open: false
12-14 03:34:54.054 I/MicroDetectionWorker( 2174): #onError(false)
12-14 03:34:54.054 I/DeviceStateChecker( 2174): DeviceStateChecker cancelled
12-14 03:34:54.065 I/NetworkScheduler.Stats( 1936): Task com.google.android.gms/com.google.android.gms.icing.service.IcingGcmTaskService finished executing. cause:4 result: 1 elapsed_millis: 66 uptime_millis: 66 exec_start_elapsed_seconds: 81 [CONTEXT service_id=218 ]
12-14 03:34:54.141 I/NetworkScheduler.Stats( 1936): Task com.google.android.gms/com.google.android.gms.ads.social.GcmSchedulerWakeupService started execution. cause:5 exec_start_elapsed_seconds: 81 [CONTEXT service_id=218 ]
12-14 03:34:54.199 I/NetworkScheduler.Stats( 1936): Task com.google.android.gms/com.google.android.gms.clearcut.uploader.QosUploaderService started execution. cause:5 exec_start_elapsed_seconds: 81 [CONTEXT service_id=218 ]
12-14 03:34:54.206 I/NetworkScheduler.Stats( 1936): Task com.google.android.gms/com.google.android.gms.ads.social.GcmSchedulerWakeupService finished executing. cause:5 result: 1 elapsed_millis: 104 uptime_millis: 104 exec_start_elapsed_seconds: 81 [CONTEXT service_id=218 ]
12-14 03:34:54.217 I/NetworkScheduler.Stats( 1936): Task com.google.android.gms/com.google.android.gms.clearcut.uploader.QosUploaderService finished executing. cause:5 result: 1 elapsed_millis: 47 uptime_millis: 47 exec_start_elapsed_seconds: 81 [CONTEXT service_id=218 ]
12-14 03:34:54.915 D/AndroidRuntime( 4131): >>>>>> START com.android.internal.os.RuntimeInit uid 2000 <<<<<<
12-14 03:34:54.948 W/app_process( 4131): Unexpected CPU variant for X86 using defaults: x86
12-14 03:34:54.967 D/AndroidRuntime( 4131): Calling main entry com.android.commands.am.Am
12-14 03:34:54.972 I/ActivityManager( 1630): Force stopping com.evancharlton.mileage appid=10418 user=0: start instr
12-14 03:34:54.972 I/ActivityManager( 1630): Killing 4068:com.evancharlton.mileage/u0a418 (adj 0): stop com.evancharlton.mileage
12-14 03:34:54.974 W/ActivityManager( 1630): Crash of app com.evancharlton.mileage running instrumentation ComponentInfo{com.evancharlton.mileage.test/sh.calaba.instrumentationbackend.CalabashInstrumentationTestRunner}
12-14 03:34:54.974 I/ActivityManager( 1630): Force stopping com.evancharlton.mileage appid=10418 user=0: finished inst
12-14 03:34:54.984 I/zygote  ( 4141): Not late-enabling -Xcheck:jni (already on)
12-14 03:34:54.989 W/zygote  ( 4141): Unexpected CPU variant for X86 using defaults: x86
12-14 03:34:54.991 I/ActivityManager( 1630): Start proc 4141:com.evancharlton.mileage/u0a418 for added application com.evancharlton.mileage
12-14 03:34:54.991 D/AndroidRuntime( 4131): Shutting down VM
12-14 03:34:54.992 W/ActivityManager( 1630): setHasOverlayUi called on unknown pid: 4068
12-14 03:34:54.994 E/memtrack( 1630): Couldn't load memtrack module
12-14 03:34:54.994 W/android.os.Debug( 1630): failed to get memory consumption info: -1
12-14 03:34:55.019 W/zygote  ( 4141): Found duplicate classes, falling back to extracting from APK : /data/app/com.evancharlton.mileage.test-BZU0ogCLtXSWAwhY1eNAng==/base.apk
12-14 03:34:55.019 W/zygote  ( 4141): NOTE: This wastes RAM and hurts startup performance.
12-14 03:34:55.019 W/zygote  ( 4141): Found duplicated class when checking oat files: 'Ljunit/runner/BaseTestRunner;' in /data/app/com.evancharlton.mileage.test-BZU0ogCLtXSWAwhY1eNAng==/base.apk and /system/framework/android.test.runner.jar
12-14 03:34:55.019 W/zygote  ( 4141): 
12-14 03:34:55.021 E/adbd    ( 1382): failed to connect to socket 'tcp:7102': Connection refused
12-14 03:34:55.028 E/adbd    ( 1382): failed to connect to socket 'tcp:7102': Connection refused
12-14 03:34:55.048 W/System  ( 4141): ClassLoader referenced unknown path: 
12-14 03:34:55.061 I/System.out( 4141): Main activity name automatically set to: com.evancharlton.mileage.Mileage
12-14 03:34:55.062 I/System.out( 4141): Calabash did not load Mono. This is only a problem if you are trying to test a Mono application
12-14 03:34:55.063 I/calabash( 4141): Test server port: 7102
12-14 03:34:55.064 I/InstrumentationBackend( 4141): Added:'GetPreferences', with key:'get_preferences'
12-14 03:34:55.121 I/InstrumentationBackend( 4141): Added:'SetPreferences', with key:'set_preferences'
12-14 03:34:55.121 I/InstrumentationBackend( 4141): Added:'ClearPreferences', with key:'clear_preferences'
12-14 03:34:55.122 I/InstrumentationBackend( 4141): Added:'PressElement', with key:'press_l10n_element'
12-14 03:34:55.122 I/InstrumentationBackend( 4141): Added:'WaitForElement', with key:'wait_for_l10n_element'
12-14 03:34:55.122 I/InstrumentationBackend( 4141): Added:'NullAction', with key:'nullAction'
12-14 03:34:55.123 I/InstrumentationBackend( 4141): Added:'PressKey', with key:'press_key'
12-14 03:34:55.123 I/InstrumentationBackend( 4141): Added:'SetActivityOrientation', with key:'set_activity_orientation'
12-14 03:34:55.123 I/InstrumentationBackend( 4141): Added:'GetActivityOrientation', with key:'get_activity_orientation'
12-14 03:34:55.124 I/InstrumentationBackend( 4141): Added:'FakeGPSLocation', with key:'set_gps_coordinates'
12-14 03:34:55.124 I/InstrumentationBackend( 4141): Added:'SetPropertyByCssSelector', with key:'set_property_by_css_selector'
12-14 03:34:55.126 I/InstrumentationBackend( 4141): Added:'GetUrl', with key:'get_url'
12-14 03:34:55.128 I/InstrumentationBackend( 4141): Added:'ScrollTo', with key:'scroll_to'
12-14 03:34:55.128 I/InstrumentationBackend( 4141): Added:'GetLoadProgress', with key:'get_load_progress'
12-14 03:34:55.129 I/InstrumentationBackend( 4141): Added:'DumpHtml', with key:'dump_html'
12-14 03:34:55.129 I/InstrumentationBackend( 4141): Added:'DumpBodyHtml', with key:'dump_body_html'
12-14 03:34:55.129 I/InstrumentationBackend( 4141): Added:'EnterTextByCssSelector', with key:'enter_text_by_selector'
12-14 03:34:55.133 I/InstrumentationBackend( 4141): Added:'AndroidSDKVersion', with key:'android_sdk_version'
12-14 03:34:55.134 I/InstrumentationBackend( 4141): Added:'Version', with key:'version'
12-14 03:34:55.134 I/InstrumentationBackend( 4141): Added:'Drag', with key:'drag'
12-14 03:34:55.134 I/InstrumentationBackend( 4141): Added:'TouchCoordinates', with key:'touch_coordinate'
12-14 03:34:55.134 I/InstrumentationBackend( 4141): Added:'LongPressCoordinate', with key:'long_press_coordinate'
12-14 03:34:55.135 I/InstrumentationBackend( 4141): Added:'DragCoordinates', with key:'drag_coordinates'
12-14 03:34:55.135 I/InstrumentationBackend( 4141): Added:'ResumeApplication', with key:'resume_application'
12-14 03:34:55.135 I/InstrumentationBackend( 4141): Added:'Swipe', with key:'swipe'
12-14 03:34:55.136 I/InstrumentationBackend( 4141): Added:'DoubleTapCoordinate', with key:'double_tap_coordinate'
12-14 03:34:55.136 I/InstrumentationBackend( 4141): Added:'ClickOnScreen', with key:'click_on_screen'
12-14 03:34:55.137 I/InstrumentationBackend( 4141): Added:'GetActivityName', with key:'get_activity_name'
12-14 03:34:55.137 I/InstrumentationBackend( 4141): Added:'ScrollToView', with key:'scroll_to_view'
12-14 03:34:55.137 I/InstrumentationBackend( 4141): Added:'ViewConfiguration', with key:'view_configuration'
12-14 03:34:55.138 I/InstrumentationBackend( 4141): Added:'IsCurrentActivityFocused', with key:'is_current_activity_focused'
12-14 03:34:55.138 I/InstrumentationBackend( 4141): Added:'SendTcp', with key:'send_tcp'
12-14 03:34:55.138 I/InstrumentationBackend( 4141): Added:'DpToDevicePixel', with key:'dp_to_device_pixel'
12-14 03:34:55.139 I/InstrumentationBackend( 4141): Added:'KeyboardEnterText', with key:'keyboard_enter_text'
12-14 03:34:55.140 I/InstrumentationBackend( 4141): Added:'DeleteSurroundingText', with key:'delete_surrounding_text'
12-14 03:34:55.140 I/InstrumentationBackend( 4141): Added:'SetComposingRegion', with key:'set_composing_region'
12-14 03:34:55.141 I/InstrumentationBackend( 4141): Added:'SetSelection', with key:'set_selection'
12-14 03:34:55.141 I/InstrumentationBackend( 4141): Added:'KeyboardKeyEvent', with key:'keyboard_key_event'
12-14 03:34:55.144 I/InstrumentationBackend( 4141): Added:'PressUserActionButton', with key:'press_user_action_button'
12-14 03:34:55.144 I/InstrumentationBackend( 4141): Added:'HideSoftKeyboard', with key:'hide_soft_keyboard'
12-14 03:34:55.145 I/InstrumentationBackend( 4141): Added:'ListActions', with key:'list_actions'
12-14 03:34:55.146 I/calabash( 4141): Instantiating http server at 7102
12-14 03:34:55.146 I/System.out( 4141): HTTP Daemon listening on: 7102
12-14 03:34:55.151 I/System.out( 4141): URI: //ping
12-14 03:34:55.151 I/System.out( 4141): params: {json={}
12-14 03:34:55.151 I/System.out( 4141): }
12-14 03:34:55.158 I/System.out( 4141): URI: //ping
12-14 03:34:55.158 I/System.out( 4141): params: {json={}
12-14 03:34:55.158 I/System.out( 4141): }
12-14 03:34:55.164 I/System.out( 4141): URI: //ready
12-14 03:34:55.164 I/System.out( 4141): params: {json={}
12-14 03:34:55.164 I/System.out( 4141): }
12-14 03:34:55.169 I/System.out( 4141): URI: //
12-14 03:34:55.169 I/System.out( 4141): params: {json={"command":"version","arguments":[]}
12-14 03:34:55.169 I/System.out( 4141): }
12-14 03:34:55.169 I/System.out( 4141): header: {content-type=application/json;charset=utf-8, date=Mon, 14 Dec 2020 08:34:55 GMT, accept=*/*, host=127.0.0.1:34777, content-length=36, user-agent=HTTPClient/1.0 (2.8.3, ruby 2.5.8 (2020-03-31))}
12-14 03:34:55.169 I/System.out( 4141): params: {json={"command":"version","arguments":[]}
12-14 03:34:55.169 I/System.out( 4141): }
12-14 03:34:55.169 I/System.out( 4141): ProP json = {"command":"version","arguments":[]}
12-14 03:34:55.169 I/System.out( 4141): files: {}
12-14 03:34:55.169 I/System.out( 4141): command: {"command":"version","arguments":[]}
12-14 03:34:55.196 I/InstrumentationBackend( 4141): Got command:'Command:'Line:null,version', arguments:'[]'
12-14 03:34:55.233 I/System.out( 4141): result:{"bonusInformation":[],"message":"0.9.8","success":true}
12-14 03:34:55.239 I/System.out( 4141): URI: //start-application
12-14 03:34:55.239 I/System.out( 4141): params: {json={"intent":null}
12-14 03:34:55.239 I/System.out( 4141): }
12-14 03:34:55.273 I/ActivityManager( 1630): START u0 {act=android.intent.action.MAIN cat=[android.intent.category.LAUNCHER] flg=0x10200000 cmp=com.evancharlton.mileage/.Mileage} from uid 10418
12-14 03:34:55.295 I/calabash( 4141): newActivity1
12-14 03:34:55.311 D/gralloc_ranchu( 1395): gralloc_alloc: Creating ashmem region of size 7753728
12-14 03:34:55.336 W/ActivityManager( 1630): Bad activity token: android.os.BinderProxy@61121be
12-14 03:34:55.336 W/ActivityManager( 1630): java.lang.ClassCastException: android.os.BinderProxy cannot be cast to com.android.server.am.ActivityRecord$Token
12-14 03:34:55.336 W/ActivityManager( 1630): 	at com.android.server.am.ActivityRecord.forTokenLocked(ActivityRecord.java:778)
12-14 03:34:55.336 W/ActivityManager( 1630): 	at com.android.server.am.ActivityRecord.isInStackLocked(ActivityRecord.java:2085)
12-14 03:34:55.336 W/ActivityManager( 1630): 	at com.android.server.am.ActivityRecord.getStackLocked(ActivityRecord.java:2090)
12-14 03:34:55.336 W/ActivityManager( 1630): 	at com.android.server.am.ActivityManagerService.getActivityDisplayId(ActivityManagerService.java:10406)
12-14 03:34:55.336 W/ActivityManager( 1630): 	at android.app.IActivityManager$Stub.onTransact(IActivityManager.java:2738)
12-14 03:34:55.336 W/ActivityManager( 1630): 	at com.android.server.am.ActivityManagerService.onTransact(ActivityManagerService.java:2935)
12-14 03:34:55.336 W/ActivityManager( 1630): 	at android.os.Binder.execTransact(Binder.java:674)
12-14 03:34:55.337 I/calabash( 4141): newActivity1
12-14 03:34:55.344 W/ActivityManager( 1630): Bad activity token: android.os.BinderProxy@61121be
12-14 03:34:55.344 W/ActivityManager( 1630): java.lang.ClassCastException: android.os.BinderProxy cannot be cast to com.android.server.am.ActivityRecord$Token
12-14 03:34:55.344 W/ActivityManager( 1630): 	at com.android.server.am.ActivityRecord.forTokenLocked(ActivityRecord.java:778)
12-14 03:34:55.344 W/ActivityManager( 1630): 	at com.android.server.am.ActivityRecord.isInStackLocked(ActivityRecord.java:2085)
12-14 03:34:55.344 W/ActivityManager( 1630): 	at com.android.server.am.ActivityManagerService.setTaskDescription(ActivityManagerService.java:9988)
12-14 03:34:55.344 W/ActivityManager( 1630): 	at android.app.IActivityManager$Stub.onTransact(IActivityManager.java:2824)
12-14 03:34:55.344 W/ActivityManager( 1630): 	at com.android.server.am.ActivityManagerService.onTransact(ActivityManagerService.java:2935)
12-14 03:34:55.344 W/ActivityManager( 1630): 	at android.os.Binder.execTransact(Binder.java:674)
12-14 03:34:55.345 W/ActivityManager( 1630): Bad activity token: android.os.BinderProxy@61121be
12-14 03:34:55.345 W/ActivityManager( 1630): java.lang.ClassCastException: android.os.BinderProxy cannot be cast to com.android.server.am.ActivityRecord$Token
12-14 03:34:55.345 W/ActivityManager( 1630): 	at com.android.server.am.ActivityRecord.forTokenLocked(ActivityRecord.java:778)
12-14 03:34:55.345 W/ActivityManager( 1630): 	at com.android.server.am.ActivityRecord.isInStackLocked(ActivityRecord.java:2085)
12-14 03:34:55.345 W/ActivityManager( 1630): 	at com.android.server.am.ActivityRecord.getStackLocked(ActivityRecord.java:2090)
12-14 03:34:55.345 W/ActivityManager( 1630): 	at com.android.server.am.ActivityManagerService.getActivityStackId(ActivityManagerService.java:10417)
12-14 03:34:55.345 W/ActivityManager( 1630): 	at android.app.IActivityManager$Stub.onTransact(IActivityManager.java:3548)
12-14 03:34:55.345 W/ActivityManager( 1630): 	at com.android.server.am.ActivityManagerService.onTransact(ActivityManagerService.java:2935)
12-14 03:34:55.345 W/ActivityManager( 1630): 	at android.os.Binder.execTransact(Binder.java:674)
12-14 03:34:55.365 V/StatusBar( 1733): setLightsOn(true)
12-14 03:34:55.377 D/EGL_emulation( 2174): eglMakeCurrent: 0x9f4049c0: ver 3 0 (tinfo 0x9f403720)
12-14 03:34:55.379 D/EGL_emulation( 2143): eglMakeCurrent: 0x9f404840: ver 3 0 (tinfo 0x9f403440)
12-14 03:34:55.400 D/EGL_emulation( 1733): eglMakeCurrent: 0x8b953040: ver 3 0 (tinfo 0x8b94faa0)
12-14 03:34:55.401 V/StatusBar( 1733): setLightsOn(true)
12-14 03:34:55.403 D/EGL_emulation( 1733): eglMakeCurrent: 0x8b953040: ver 3 0 (tinfo 0x8b94faa0)
12-14 03:34:55.408 E/ContentStoreEUAS( 2174): Failed to commit the deferred actions
12-14 03:34:55.418 D/EGL_emulation( 1733): eglMakeCurrent: 0x8b953040: ver 3 0 (tinfo 0x8b94faa0)
12-14 03:34:55.422 I/chatty  ( 1733): uid=10028(u0_a28) RenderThread identical 1 line
12-14 03:34:55.436 D/EGL_emulation( 1733): eglMakeCurrent: 0x8b953040: ver 3 0 (tinfo 0x8b94faa0)
12-14 03:34:55.438 V/StatusBar( 1733): setLightsOn(true)
12-14 03:34:55.440 D/EGL_emulation( 1733): eglMakeCurrent: 0x8b953040: ver 3 0 (tinfo 0x8b94faa0)
12-14 03:34:55.493 W/ActivityManager( 1630): Bad activity token: android.os.BinderProxy@61121be
12-14 03:34:55.493 W/ActivityManager( 1630): java.lang.ClassCastException: android.os.BinderProxy cannot be cast to com.android.server.am.ActivityRecord$Token
12-14 03:34:55.493 W/ActivityManager( 1630): 	at com.android.server.am.ActivityRecord.forTokenLocked(ActivityRecord.java:778)
12-14 03:34:55.493 W/ActivityManager( 1630): 	at com.android.server.am.ActivityRecord.isInStackLocked(ActivityRecord.java:2085)
12-14 03:34:55.493 W/ActivityManager( 1630): 	at com.android.server.am.ActivityManagerService.getActivityOptions(ActivityManagerService.java:13302)
12-14 03:34:55.493 W/ActivityManager( 1630): 	at android.app.IActivityManager$Stub.onTransact(IActivityManager.java:2910)
12-14 03:34:55.493 W/ActivityManager( 1630): 	at com.android.server.am.ActivityManagerService.onTransact(ActivityManagerService.java:2935)
12-14 03:34:55.493 W/ActivityManager( 1630): 	at android.os.Binder.execTransact(Binder.java:674)
12-14 03:34:55.495 W/ActivityManager( 1630): Bad activity token: android.os.BinderProxy@61121be
12-14 03:34:55.495 W/ActivityManager( 1630): java.lang.ClassCastException: android.os.BinderProxy cannot be cast to com.android.server.am.ActivityRecord$Token
12-14 03:34:55.495 W/ActivityManager( 1630): 	at com.android.server.am.ActivityRecord.forTokenLocked(ActivityRecord.java:778)
12-14 03:34:55.495 W/ActivityManager( 1630): 	at com.android.server.am.ActivityRecord.isInStackLocked(ActivityRecord.java:2085)
12-14 03:34:55.495 W/ActivityManager( 1630): 	at com.android.server.am.ActivityManagerService.getActivityOptions(ActivityManagerService.java:13302)
12-14 03:34:55.495 W/ActivityManager( 1630): 	at android.app.IActivityManager$Stub.onTransact(IActivityManager.java:2910)
12-14 03:34:55.495 W/ActivityManager( 1630): 	at com.android.server.am.ActivityManagerService.onTransact(ActivityManagerService.java:2935)
12-14 03:34:55.495 W/ActivityManager( 1630): 	at android.os.Binder.execTransact(Binder.java:674)
12-14 03:34:55.573 I/chatty  ( 1733): uid=10028(u0_a28) RenderThread identical 17 lines
12-14 03:34:55.585 D/EGL_emulation( 1733): eglMakeCurrent: 0x8b953040: ver 3 0 (tinfo 0x8b94faa0)
12-14 03:34:55.596 V/StatusBar( 1733): setLightsOn(true)
12-14 03:34:55.638 I/zygote  ( 4141): Do partial code cache collection, code=27KB, data=30KB
12-14 03:34:55.638 I/zygote  ( 4141): After code cache collection, code=27KB, data=30KB
12-14 03:34:55.638 I/zygote  ( 4141): Increasing code cache capacity to 128KB
12-14 03:34:55.639 I/zygote  ( 4141): Do partial code cache collection, code=27KB, data=48KB
12-14 03:34:55.640 I/zygote  ( 4141): After code cache collection, code=27KB, data=48KB
12-14 03:34:55.640 I/zygote  ( 4141): Increasing code cache capacity to 256KB
12-14 03:34:55.640 I/zygote  ( 4141): JIT allocated 71KB for compiled code of void android.widget.TextView.<init>(android.content.Context, android.util.AttributeSet, int, int)
12-14 03:34:55.640 I/zygote  ( 4141): Compiler allocated 4MB to compile void android.widget.TextView.<init>(android.content.Context, android.util.AttributeSet, int, int)
12-14 03:34:55.659 V/StatusBar( 1733): setLightsOn(true)
12-14 03:34:55.670 I/chatty  ( 1733): uid=10028(u0_a28) com.android.systemui identical 1 line
12-14 03:34:55.672 V/StatusBar( 1733): setLightsOn(true)
12-14 03:34:55.710 D/gralloc_ranchu( 1395): gralloc_alloc: Creating ashmem region of size 7753728
12-14 03:34:55.729 D/        ( 4141): HostConnection::get() New Host Connection established 0x9caafd40, tid 4141
12-14 03:34:55.780 V/StatusBar( 1733): setLightsOn(true)
12-14 03:34:55.788 V/StatusBar( 1733): setLightsOn(true)
12-14 03:34:55.789 I/ActivityManager( 1630): Displayed com.evancharlton.mileage/.Mileage: +491ms
12-14 03:34:55.792 V/StatusBar( 1733): setLightsOn(true)
12-14 03:34:55.800 V/StatusBar( 1733): setLightsOn(true)
12-14 03:34:55.825 D/gralloc_ranchu( 1395): gralloc_alloc: Creating ashmem region of size 7753728
12-14 03:34:55.963 V/StatusBar( 1733): setLightsOn(true)
12-14 03:34:55.994 V/StatusBar( 1733): setLightsOn(true)
12-14 03:34:56.001 I/zygote  ( 4141): Do full code cache collection, code=125KB, data=72KB
12-14 03:34:56.002 I/zygote  ( 4141): After code cache collection, code=110KB, data=45KB
