--------- beginning of main
12-14 03:35:00.845 I/chatty  ( 1395): uid=1000(system) allocator@2.0-s expire 1 line
12-14 03:35:00.866 D/gralloc_ranchu( 1395): gralloc_alloc: Creating ashmem region of size 8298496
12-14 03:35:00.867 D/SurfaceFlinger( 1408): duplicate layer name: changing com.google.android.apps.nexuslauncher/com.google.android.apps.nexuslauncher.NexusLauncherActivity to com.google.android.apps.nexuslauncher/com.google.android.apps.nexuslauncher.NexusLauncherActivity#1
12-14 03:35:00.880 D/gralloc_ranchu( 1395): gralloc_alloc: Creating ashmem region of size 8298496
12-14 03:35:00.902 D/EGL_emulation( 1733): eglMakeCurrent: 0x8b953040: ver 3 0 (tinfo 0x8b94faa0)
12-14 03:35:00.908 D/gralloc_ranchu( 1395): gralloc_alloc: Creating ashmem region of size 8298496
12-14 03:35:00.968 D/EGL_emulation( 2174): eglMakeCurrent: 0x9f4049c0: ver 3 0 (tinfo 0x9f403720)
12-14 03:35:00.974 D/gralloc_ranchu( 1395): gralloc_alloc: Creating ashmem region of size 8298496
12-14 03:35:00.990 I/MicroDetectionWorker( 2174): #updateMicroDetector [detectionMode: [mDetectionMode: [1]]]
12-14 03:35:00.990 I/MicroDetectionWorker( 2174): #startMicroDetector [speakerMode: 0]
12-14 03:35:00.991 I/AudioController( 2174): Using mInputStreamFactoryBuilder
12-14 03:35:00.996 I/MicroDetectionWorker( 2174): onReady
12-14 03:35:01.017 I/MicroRecognitionRunner( 2174): Starting detection.
12-14 03:35:01.023 I/MicrophoneInputStream( 2174): mic_starting com.google.android.apps.gsa.staticplugins.aa.c@2a28871
12-14 03:35:01.036 I/AudioFlinger( 1477): AudioFlinger's thread 0xaf083300 tid=4258 ready to run
12-14 03:35:01.049 I/MicrophoneInputStream( 2174): mic_started com.google.android.apps.gsa.staticplugins.aa.c@2a28871
--------- beginning of system
12-14 03:35:01.050 E/ActivityThread( 2174): Failed to find provider info for com.google.android.apps.gsa.testing.ui.audio.recorded
12-14 03:35:01.051 I/MicroDetectionWorker( 2174): onReady
12-14 03:35:01.061 I/MicroRecognitionRunner( 2174): Detection finished
12-14 03:35:01.071 I/MicrophoneInputStream( 2174): mic_close com.google.android.apps.gsa.staticplugins.aa.c@2a28871
12-14 03:35:01.072 W/ErrorReporter( 2174): reportError [type: 211, code: 524300]: Error reading from input stream
12-14 03:35:01.072 D/EGL_emulation( 2143): eglMakeCurrent: 0x9f404840: ver 3 0 (tinfo 0x9f403440)
12-14 03:35:01.072 I/MicroRecognitionRunner( 2174): Stopping hotword detection.
12-14 03:35:01.073 W/ErrorProcessor( 2174): onFatalError, processing error from engine(4)
12-14 03:35:01.073 W/ErrorProcessor( 2174): com.google.android.apps.gsa.shared.speech.b.g: Error reading from input stream
12-14 03:35:01.073 W/ErrorProcessor( 2174): 	at com.google.android.apps.gsa.staticplugins.recognizer.j.a.a(SourceFile:28)
12-14 03:35:01.073 W/ErrorProcessor( 2174): 	at com.google.android.apps.gsa.staticplugins.recognizer.j.b.run(SourceFile:15)
12-14 03:35:01.073 W/ErrorProcessor( 2174): 	at java.util.concurrent.Executors$RunnableAdapter.call(Executors.java:457)
12-14 03:35:01.073 W/ErrorProcessor( 2174): 	at java.util.concurrent.FutureTask.run(FutureTask.java:266)
12-14 03:35:01.073 W/ErrorProcessor( 2174): 	at com.google.android.apps.gsa.shared.util.concurrent.a.ax.run(SourceFile:14)
12-14 03:35:01.073 W/ErrorProcessor( 2174): 	at com.google.android.apps.gsa.shared.util.concurrent.a.bl.run(SourceFile:4)
12-14 03:35:01.073 W/ErrorProcessor( 2174): 	at com.google.android.apps.gsa.shared.util.concurrent.a.bl.run(SourceFile:4)
12-14 03:35:01.073 W/ErrorProcessor( 2174): 	at java.util.concurrent.ThreadPoolExecutor.runWorker(ThreadPoolExecutor.java:1162)
12-14 03:35:01.073 W/ErrorProcessor( 2174): 	at java.util.concurrent.ThreadPoolExecutor$Worker.run(ThreadPoolExecutor.java:636)
12-14 03:35:01.073 W/ErrorProcessor( 2174): 	at java.lang.Thread.run(Thread.java:764)
12-14 03:35:01.073 W/ErrorProcessor( 2174): 	at com.google.android.apps.gsa.shared.util.concurrent.a.ai.run(SourceFile:6)
12-14 03:35:01.073 W/ErrorProcessor( 2174): Caused by: com.google.android.apps.gsa.shared.exception.GsaIOException: Error code: 393238 | Buffer overflow, no available space.
12-14 03:35:01.073 W/ErrorProcessor( 2174): 	at com.google.android.apps.gsa.speech.audio.Tee.f(SourceFile:103)
12-14 03:35:01.073 W/ErrorProcessor( 2174): 	at com.google.android.apps.gsa.speech.audio.au.read(SourceFile:2)
12-14 03:35:01.073 W/ErrorProcessor( 2174): 	at java.io.InputStream.read(InputStream.java:101)
12-14 03:35:01.073 W/ErrorProcessor( 2174): 	at com.google.android.apps.gsa.speech.audio.ao.run(SourceFile:18)
12-14 03:35:01.073 W/ErrorProcessor( 2174): 	at com.google.android.apps.gsa.speech.audio.an.run(SourceFile:2)
12-14 03:35:01.073 W/ErrorProcessor( 2174): 	... 9 more
12-14 03:35:01.073 I/AudioController( 2174): internalShutdown
12-14 03:35:01.096 I/MicroDetector( 2174): Keeping mic open: false
12-14 03:35:01.096 I/MicroDetectionWorker( 2174): #onError(false)
12-14 03:35:01.096 I/DeviceStateChecker( 2174): DeviceStateChecker cancelled
12-14 03:35:01.106 D/gralloc_ranchu( 1395): gralloc_alloc: Creating ashmem region of size 7753728
12-14 03:35:01.159 D/        ( 1733): HostConnection::get() New Host Connection established 0x8b6ceb40, tid 1773
12-14 03:35:01.166 D/EGL_emulation( 1733): eglMakeCurrent: 0x8b953040: ver 3 0 (tinfo 0x8b94faa0)
12-14 03:35:01.180 I/zygote  ( 1733): Do partial code cache collection, code=121KB, data=85KB
12-14 03:35:01.180 I/zygote  ( 1733): After code cache collection, code=121KB, data=85KB
12-14 03:35:01.180 I/zygote  ( 1733): Increasing code cache capacity to 512KB
12-14 03:35:01.193 D/EGL_emulation( 1733): eglMakeCurrent: 0x8b953040: ver 3 0 (tinfo 0x8b94faa0)
12-14 03:35:01.378 I/chatty  ( 1733): uid=10028(u0_a28) RenderThread identical 22 lines
12-14 03:35:01.399 D/EGL_emulation( 1733): eglMakeCurrent: 0x8b953040: ver 3 0 (tinfo 0x8b94faa0)
12-14 03:35:01.470 D/AndroidRuntime( 4253): >>>>>> START com.android.internal.os.RuntimeInit uid 2000 <<<<<<
12-14 03:35:01.526 W/app_process( 4253): Unexpected CPU variant for X86 using defaults: x86
12-14 03:35:01.548 D/AndroidRuntime( 4253): Calling main entry com.android.commands.am.Am
12-14 03:35:01.553 W/OpenGLRenderer( 2143): Incorrectly called buildLayer on View: ShortcutAndWidgetContainer, destroying layer...
12-14 03:35:01.557 I/ActivityManager( 1630): Force stopping com.evancharlton.mileage appid=10418 user=0: start instr
12-14 03:35:01.557 I/ActivityManager( 1630): Killing 4203:com.evancharlton.mileage/u0a418 (adj 0): stop com.evancharlton.mileage
12-14 03:35:01.560 W/ActivityManager( 1630): Crash of app com.evancharlton.mileage running instrumentation ComponentInfo{com.evancharlton.mileage.test/sh.calaba.instrumentationbackend.CalabashInstrumentationTestRunner}
12-14 03:35:01.560 I/ActivityManager( 1630): Force stopping com.evancharlton.mileage appid=10418 user=0: finished inst
12-14 03:35:01.575 I/zygote  ( 4267): Not late-enabling -Xcheck:jni (already on)
12-14 03:35:01.580 I/ActivityManager( 1630): Start proc 4267:com.evancharlton.mileage/u0a418 for added application com.evancharlton.mileage
12-14 03:35:01.583 W/ActivityManager( 1630): setHasOverlayUi called on unknown pid: 4203
12-14 03:35:01.593 W/zygote  ( 4267): Unexpected CPU variant for X86 using defaults: x86
12-14 03:35:01.594 D/AndroidRuntime( 4253): Shutting down VM
12-14 03:35:01.616 I/OpenGLRenderer( 1630): Initialized EGL, version 1.4
12-14 03:35:01.616 D/OpenGLRenderer( 1630): Swap behavior 1
12-14 03:35:01.616 W/OpenGLRenderer( 1630): Failed to choose config with EGL_SWAP_BEHAVIOR_PRESERVED, retrying without...
12-14 03:35:01.616 D/OpenGLRenderer( 1630): Swap behavior 0
12-14 03:35:01.625 D/EGL_emulation( 1630): eglCreateContext: 0x87f8e620: maj 3 min 0 rcv 3
12-14 03:35:01.627 D/EGL_emulation( 1630): eglMakeCurrent: 0x87f8e620: ver 3 0 (tinfo 0x8d69f820)
12-14 03:35:01.629 E/eglCodecCommon( 1630): glUtilsParamSize: unknow param 0x00008cdf
12-14 03:35:01.630 E/eglCodecCommon( 1630): glUtilsParamSize: unknow param 0x00008cdf
12-14 03:35:01.631 E/eglCodecCommon( 1630): glUtilsParamSize: unknow param 0x00008824
12-14 03:35:01.631 W/zygote  ( 4267): Found duplicate classes, falling back to extracting from APK : /data/app/com.evancharlton.mileage.test-BZU0ogCLtXSWAwhY1eNAng==/base.apk
12-14 03:35:01.631 W/zygote  ( 4267): NOTE: This wastes RAM and hurts startup performance.
12-14 03:35:01.631 W/zygote  ( 4267): Found duplicated class when checking oat files: 'Ljunit/runner/BaseTestRunner;' in /data/app/com.evancharlton.mileage.test-BZU0ogCLtXSWAwhY1eNAng==/base.apk and /system/framework/android.test.runner.jar
12-14 03:35:01.631 E/eglCodecCommon( 1630): glUtilsParamSize: unknow param 0x00008824
12-14 03:35:01.631 W/zygote  ( 4267): 
12-14 03:35:01.642 E/adbd    ( 1382): failed to connect to socket 'tcp:7102': Connection refused
12-14 03:35:01.651 E/adbd    ( 1382): failed to connect to socket 'tcp:7102': Connection refused
12-14 03:35:01.679 W/System  ( 4267): ClassLoader referenced unknown path: 
12-14 03:35:01.693 I/System.out( 4267): Main activity name automatically set to: com.evancharlton.mileage.Mileage
12-14 03:35:01.694 I/System.out( 4267): Calabash did not load Mono. This is only a problem if you are trying to test a Mono application
12-14 03:35:01.694 I/calabash( 4267): Test server port: 7102
12-14 03:35:01.695 I/InstrumentationBackend( 4267): Added:'GetPreferences', with key:'get_preferences'
12-14 03:35:01.772 E/adbd    ( 1382): failed to connect to socket 'tcp:7102': Connection refused
12-14 03:35:01.775 E/adbd    ( 1382): failed to connect to socket 'tcp:7102': Connection refused
12-14 03:35:01.782 I/InstrumentationBackend( 4267): Added:'SetPreferences', with key:'set_preferences'
12-14 03:35:01.783 I/InstrumentationBackend( 4267): Added:'ClearPreferences', with key:'clear_preferences'
12-14 03:35:01.784 I/InstrumentationBackend( 4267): Added:'PressElement', with key:'press_l10n_element'
12-14 03:35:01.784 I/InstrumentationBackend( 4267): Added:'WaitForElement', with key:'wait_for_l10n_element'
12-14 03:35:01.785 I/InstrumentationBackend( 4267): Added:'NullAction', with key:'nullAction'
12-14 03:35:01.786 I/InstrumentationBackend( 4267): Added:'PressKey', with key:'press_key'
12-14 03:35:01.786 I/InstrumentationBackend( 4267): Added:'SetActivityOrientation', with key:'set_activity_orientation'
12-14 03:35:01.787 I/InstrumentationBackend( 4267): Added:'GetActivityOrientation', with key:'get_activity_orientation'
12-14 03:35:01.788 I/InstrumentationBackend( 4267): Added:'FakeGPSLocation', with key:'set_gps_coordinates'
12-14 03:35:01.789 I/InstrumentationBackend( 4267): Added:'SetPropertyByCssSelector', with key:'set_property_by_css_selector'
12-14 03:35:01.794 I/InstrumentationBackend( 4267): Added:'GetUrl', with key:'get_url'
12-14 03:35:01.797 I/InstrumentationBackend( 4267): Added:'ScrollTo', with key:'scroll_to'
12-14 03:35:01.797 I/InstrumentationBackend( 4267): Added:'GetLoadProgress', with key:'get_load_progress'
12-14 03:35:01.798 I/InstrumentationBackend( 4267): Added:'DumpHtml', with key:'dump_html'
12-14 03:35:01.798 I/InstrumentationBackend( 4267): Added:'DumpBodyHtml', with key:'dump_body_html'
12-14 03:35:01.799 I/InstrumentationBackend( 4267): Added:'EnterTextByCssSelector', with key:'enter_text_by_selector'
12-14 03:35:01.806 I/InstrumentationBackend( 4267): Added:'AndroidSDKVersion', with key:'android_sdk_version'
12-14 03:35:01.807 I/InstrumentationBackend( 4267): Added:'Version', with key:'version'
12-14 03:35:01.807 I/InstrumentationBackend( 4267): Added:'Drag', with key:'drag'
12-14 03:35:01.808 I/InstrumentationBackend( 4267): Added:'TouchCoordinates', with key:'touch_coordinate'
12-14 03:35:01.808 I/InstrumentationBackend( 4267): Added:'LongPressCoordinate', with key:'long_press_coordinate'
12-14 03:35:01.808 I/InstrumentationBackend( 4267): Added:'DragCoordinates', with key:'drag_coordinates'
12-14 03:35:01.809 I/InstrumentationBackend( 4267): Added:'ResumeApplication', with key:'resume_application'
12-14 03:35:01.810 I/InstrumentationBackend( 4267): Added:'Swipe', with key:'swipe'
12-14 03:35:01.810 I/InstrumentationBackend( 4267): Added:'DoubleTapCoordinate', with key:'double_tap_coordinate'
12-14 03:35:01.811 I/InstrumentationBackend( 4267): Added:'ClickOnScreen', with key:'click_on_screen'
12-14 03:35:01.812 I/InstrumentationBackend( 4267): Added:'GetActivityName', with key:'get_activity_name'
12-14 03:35:01.813 I/InstrumentationBackend( 4267): Added:'ScrollToView', with key:'scroll_to_view'
12-14 03:35:01.814 I/InstrumentationBackend( 4267): Added:'ViewConfiguration', with key:'view_configuration'
12-14 03:35:01.814 I/InstrumentationBackend( 4267): Added:'IsCurrentActivityFocused', with key:'is_current_activity_focused'
12-14 03:35:01.815 I/InstrumentationBackend( 4267): Added:'SendTcp', with key:'send_tcp'
12-14 03:35:01.815 I/InstrumentationBackend( 4267): Added:'DpToDevicePixel', with key:'dp_to_device_pixel'
12-14 03:35:01.817 I/InstrumentationBackend( 4267): Added:'KeyboardEnterText', with key:'keyboard_enter_text'
12-14 03:35:01.818 I/InstrumentationBackend( 4267): Added:'DeleteSurroundingText', with key:'delete_surrounding_text'
12-14 03:35:01.818 I/InstrumentationBackend( 4267): Added:'SetComposingRegion', with key:'set_composing_region'
12-14 03:35:01.818 I/InstrumentationBackend( 4267): Added:'SetSelection', with key:'set_selection'
12-14 03:35:01.819 I/InstrumentationBackend( 4267): Added:'KeyboardKeyEvent', with key:'keyboard_key_event'
12-14 03:35:01.819 I/InstrumentationBackend( 4267): Added:'PressUserActionButton', with key:'press_user_action_button'
12-14 03:35:01.821 I/InstrumentationBackend( 4267): Added:'HideSoftKeyboard', with key:'hide_soft_keyboard'
12-14 03:35:01.822 I/InstrumentationBackend( 4267): Added:'ListActions', with key:'list_actions'
12-14 03:35:01.823 I/calabash( 4267): Instantiating http server at 7102
12-14 03:35:01.823 I/System.out( 4267): HTTP Daemon listening on: 7102
12-14 03:35:01.906 I/System.out( 4267): URI: //ping
12-14 03:35:01.907 I/System.out( 4267): params: {json={}
12-14 03:35:01.907 I/System.out( 4267): }
12-14 03:35:01.920 I/System.out( 4267): URI: //ping
12-14 03:35:01.920 I/System.out( 4267): params: {json={}
12-14 03:35:01.920 I/System.out( 4267): }
12-14 03:35:01.929 I/System.out( 4267): URI: //ready
12-14 03:35:01.929 I/System.out( 4267): params: {json={}
12-14 03:35:01.929 I/System.out( 4267): }
12-14 03:35:01.938 I/System.out( 4267): URI: //
12-14 03:35:01.938 I/System.out( 4267): params: {json={"command":"version","arguments":[]}
12-14 03:35:01.938 I/System.out( 4267): }
12-14 03:35:01.938 I/System.out( 4267): header: {content-type=application/json;charset=utf-8, date=Mon, 14 Dec 2020 08:35:02 GMT, accept=*/*, host=127.0.0.1:34777, content-length=36, user-agent=HTTPClient/1.0 (2.8.3, ruby 2.5.8 (2020-03-31))}
12-14 03:35:01.938 I/System.out( 4267): params: {json={"command":"version","arguments":[]}
12-14 03:35:01.938 I/System.out( 4267): }
12-14 03:35:01.938 I/System.out( 4267): ProP json = {"command":"version","arguments":[]}
12-14 03:35:01.938 I/System.out( 4267): files: {}
12-14 03:35:01.938 I/System.out( 4267): command: {"command":"version","arguments":[]}
12-14 03:35:01.976 I/InstrumentationBackend( 4267): Got command:'Command:'Line:null,version', arguments:'[]'
12-14 03:35:02.014 I/System.out( 4267): result:{"bonusInformation":[],"message":"0.9.8","success":true}
12-14 03:35:02.021 I/System.out( 4267): URI: //start-application
12-14 03:35:02.021 I/System.out( 4267): params: {json={"intent":null}
12-14 03:35:02.021 I/System.out( 4267): }
12-14 03:35:02.060 I/ActivityManager( 1630): START u0 {act=android.intent.action.MAIN cat=[android.intent.category.LAUNCHER] flg=0x10200000 cmp=com.evancharlton.mileage/.Mileage} from uid 10418
12-14 03:35:02.074 I/calabash( 4267): newActivity1
12-14 03:35:02.099 W/ActivityManager( 1630): Bad activity token: android.os.BinderProxy@743beb6
12-14 03:35:02.099 W/ActivityManager( 1630): java.lang.ClassCastException: android.os.BinderProxy cannot be cast to com.android.server.am.ActivityRecord$Token
12-14 03:35:02.099 W/ActivityManager( 1630): 	at com.android.server.am.ActivityRecord.forTokenLocked(ActivityRecord.java:778)
12-14 03:35:02.099 W/ActivityManager( 1630): 	at com.android.server.am.ActivityRecord.isInStackLocked(ActivityRecord.java:2085)
12-14 03:35:02.099 W/ActivityManager( 1630): 	at com.android.server.am.ActivityRecord.getStackLocked(ActivityRecord.java:2090)
12-14 03:35:02.099 W/ActivityManager( 1630): 	at com.android.server.am.ActivityManagerService.getActivityDisplayId(ActivityManagerService.java:10406)
12-14 03:35:02.099 W/ActivityManager( 1630): 	at android.app.IActivityManager$Stub.onTransact(IActivityManager.java:2738)
12-14 03:35:02.099 W/ActivityManager( 1630): 	at com.android.server.am.ActivityManagerService.onTransact(ActivityManagerService.java:2935)
12-14 03:35:02.099 W/ActivityManager( 1630): 	at android.os.Binder.execTransact(Binder.java:674)
12-14 03:35:02.099 I/calabash( 4267): newActivity1
12-14 03:35:02.101 D/gralloc_ranchu( 1395): gralloc_alloc: Creating ashmem region of size 7753728
12-14 03:35:02.109 W/ActivityManager( 1630): Bad activity token: android.os.BinderProxy@743beb6
12-14 03:35:02.109 W/ActivityManager( 1630): java.lang.ClassCastException: android.os.BinderProxy cannot be cast to com.android.server.am.ActivityRecord$Token
12-14 03:35:02.109 W/ActivityManager( 1630): 	at com.android.server.am.ActivityRecord.forTokenLocked(ActivityRecord.java:778)
12-14 03:35:02.109 W/ActivityManager( 1630): 	at com.android.server.am.ActivityRecord.isInStackLocked(ActivityRecord.java:2085)
12-14 03:35:02.109 W/ActivityManager( 1630): 	at com.android.server.am.ActivityManagerService.setTaskDescription(ActivityManagerService.java:9988)
12-14 03:35:02.109 W/ActivityManager( 1630): 	at android.app.IActivityManager$Stub.onTransact(IActivityManager.java:2824)
12-14 03:35:02.109 W/ActivityManager( 1630): 	at com.android.server.am.ActivityManagerService.onTransact(ActivityManagerService.java:2935)
12-14 03:35:02.109 W/ActivityManager( 1630): 	at android.os.Binder.execTransact(Binder.java:674)
12-14 03:35:02.111 W/ActivityManager( 1630): Bad activity token: android.os.BinderProxy@743beb6
12-14 03:35:02.111 W/ActivityManager( 1630): java.lang.ClassCastException: android.os.BinderProxy cannot be cast to com.android.server.am.ActivityRecord$Token
12-14 03:35:02.111 W/ActivityManager( 1630): 	at com.android.server.am.ActivityRecord.forTokenLocked(ActivityRecord.java:778)
12-14 03:35:02.111 W/ActivityManager( 1630): 	at com.android.server.am.ActivityRecord.isInStackLocked(ActivityRecord.java:2085)
12-14 03:35:02.111 W/ActivityManager( 1630): 	at com.android.server.am.ActivityRecord.getStackLocked(ActivityRecord.java:2090)
12-14 03:35:02.111 W/ActivityManager( 1630): 	at com.android.server.am.ActivityManagerService.getActivityStackId(ActivityManagerService.java:10417)
12-14 03:35:02.111 W/ActivityManager( 1630): 	at android.app.IActivityManager$Stub.onTransact(IActivityManager.java:3548)
12-14 03:35:02.111 W/ActivityManager( 1630): 	at com.android.server.am.ActivityManagerService.onTransact(ActivityManagerService.java:2935)
12-14 03:35:02.111 W/ActivityManager( 1630): 	at android.os.Binder.execTransact(Binder.java:674)
12-14 03:35:02.162 D/EGL_emulation( 2143): eglMakeCurrent: 0x9f404840: ver 3 0 (tinfo 0x9f403440)
12-14 03:35:02.162 D/EGL_emulation( 2174): eglMakeCurrent: 0x9f4049c0: ver 3 0 (tinfo 0x9f403720)
12-14 03:35:02.181 D/EGL_emulation( 1733): eglMakeCurrent: 0x8b953040: ver 3 0 (tinfo 0x8b94faa0)
12-14 03:35:02.196 I/chatty  ( 1733): uid=10028(u0_a28) RenderThread identical 1 line
12-14 03:35:02.206 D/EGL_emulation( 1733): eglMakeCurrent: 0x8b953040: ver 3 0 (tinfo 0x8b94faa0)
12-14 03:35:02.210 V/StatusBar( 1733): setLightsOn(true)
12-14 03:35:02.213 E/ContentStoreEUAS( 2174): Failed to commit the deferred actions
12-14 03:35:02.216 D/EGL_emulation( 1733): eglMakeCurrent: 0x8b953040: ver 3 0 (tinfo 0x8b94faa0)
12-14 03:35:02.256 W/ActivityManager( 1630): Bad activity token: android.os.BinderProxy@743beb6
12-14 03:35:02.256 W/ActivityManager( 1630): java.lang.ClassCastException: android.os.BinderProxy cannot be cast to com.android.server.am.ActivityRecord$Token
12-14 03:35:02.256 W/ActivityManager( 1630): 	at com.android.server.am.ActivityRecord.forTokenLocked(ActivityRecord.java:778)
12-14 03:35:02.256 W/ActivityManager( 1630): 	at com.android.server.am.ActivityRecord.isInStackLocked(ActivityRecord.java:2085)
12-14 03:35:02.256 W/ActivityManager( 1630): 	at com.android.server.am.ActivityManagerService.getActivityOptions(ActivityManagerService.java:13302)
12-14 03:35:02.256 W/ActivityManager( 1630): 	at android.app.IActivityManager$Stub.onTransact(IActivityManager.java:2910)
12-14 03:35:02.256 W/ActivityManager( 1630): 	at com.android.server.am.ActivityManagerService.onTransact(ActivityManagerService.java:2935)
12-14 03:35:02.256 W/ActivityManager( 1630): 	at android.os.Binder.execTransact(Binder.java:674)
12-14 03:35:02.257 W/ActivityManager( 1630): Bad activity token: android.os.BinderProxy@743beb6
12-14 03:35:02.257 W/ActivityManager( 1630): java.lang.ClassCastException: android.os.BinderProxy cannot be cast to com.android.server.am.ActivityRecord$Token
12-14 03:35:02.257 W/ActivityManager( 1630): 	at com.android.server.am.ActivityRecord.forTokenLocked(ActivityRecord.java:778)
12-14 03:35:02.257 W/ActivityManager( 1630): 	at com.android.server.am.ActivityRecord.isInStackLocked(ActivityRecord.java:2085)
12-14 03:35:02.257 W/ActivityManager( 1630): 	at com.android.server.am.ActivityManagerService.getActivityOptions(ActivityManagerService.java:13302)
12-14 03:35:02.257 W/ActivityManager( 1630): 	at android.app.IActivityManager$Stub.onTransact(IActivityManager.java:2910)
12-14 03:35:02.257 W/ActivityManager( 1630): 	at com.android.server.am.ActivityManagerService.onTransact(ActivityManagerService.java:2935)
12-14 03:35:02.257 W/ActivityManager( 1630): 	at android.os.Binder.execTransact(Binder.java:674)
12-14 03:35:02.361 I/chatty  ( 1733): uid=10028(u0_a28) RenderThread identical 16 lines
12-14 03:35:02.365 D/EGL_emulation( 1733): eglMakeCurrent: 0x8b953040: ver 3 0 (tinfo 0x8b94faa0)
12-14 03:35:02.368 V/StatusBar( 1733): setLightsOn(true)
12-14 03:35:02.376 D/EGL_emulation( 1733): eglMakeCurrent: 0x8b953040: ver 3 0 (tinfo 0x8b94faa0)
12-14 03:35:02.415 I/zygote  ( 4267): Do partial code cache collection, code=27KB, data=30KB
12-14 03:35:02.421 I/zygote  ( 4267): After code cache collection, code=27KB, data=30KB
12-14 03:35:02.421 I/zygote  ( 4267): Increasing code cache capacity to 128KB
12-14 03:35:02.426 I/zygote  ( 4267): Do partial code cache collection, code=27KB, data=47KB
12-14 03:35:02.428 I/zygote  ( 4267): After code cache collection, code=27KB, data=48KB
12-14 03:35:02.428 I/zygote  ( 4267): Increasing code cache capacity to 256KB
12-14 03:35:02.429 I/zygote  ( 4267): JIT allocated 71KB for compiled code of void android.widget.TextView.<init>(android.content.Context, android.util.AttributeSet, int, int)
12-14 03:35:02.429 I/zygote  ( 4267): Compiler allocated 4MB to compile void android.widget.TextView.<init>(android.content.Context, android.util.AttributeSet, int, int)
12-14 03:35:02.462 V/StatusBar( 1733): setLightsOn(true)
12-14 03:35:02.465 I/chatty  ( 1733): uid=10028(u0_a28) com.android.systemui identical 1 line
12-14 03:35:02.468 V/StatusBar( 1733): setLightsOn(true)
12-14 03:35:02.524 D/gralloc_ranchu( 1395): gralloc_alloc: Creating ashmem region of size 7753728
12-14 03:35:02.544 D/        ( 4267): HostConnection::get() New Host Connection established 0x9caafb80, tid 4267
12-14 03:35:02.588 V/StatusBar( 1733): setLightsOn(true)
12-14 03:35:02.603 I/chatty  ( 1733): uid=10028(u0_a28) com.android.systemui identical 1 line
12-14 03:35:02.608 V/StatusBar( 1733): setLightsOn(true)
12-14 03:35:02.609 I/ActivityManager( 1630): Displayed com.evancharlton.mileage/.Mileage: +540ms
12-14 03:35:02.614 V/StatusBar( 1733): setLightsOn(true)
12-14 03:35:02.626 V/StatusBar( 1733): setLightsOn(true)
12-14 03:35:02.647 D/gralloc_ranchu( 1395): gralloc_alloc: Creating ashmem region of size 7753728
12-14 03:35:02.723 I/Finsky  ( 2550): [115] nmi.run(36): Stats for Executor: BlockingExecutor non@57714b1[Running, pool size = 2, active threads = 0, queued tasks = 0, completed tasks = 19]
12-14 03:35:02.724 I/Finsky  ( 2550): [115] nmi.run(36): Stats for Executor: LightweightExecutor non@de7ed96[Running, pool size = 2, active threads = 0, queued tasks = 0, completed tasks = 71]
12-14 03:35:02.794 V/StatusBar( 1733): setLightsOn(true)
12-14 03:35:02.825 V/StatusBar( 1733): setLightsOn(true)
12-14 03:35:02.845 I/zygote  ( 4267): Do full code cache collection, code=125KB, data=72KB
12-14 03:35:02.845 I/zygote  ( 4267): After code cache collection, code=109KB, data=45KB
12-14 03:35:02.868 V/StatusBar( 1733): setLightsOn(true)
12-14 03:35:02.889 V/StatusBar( 1733): setLightsOn(true)
12-14 03:35:02.899 W/SurfaceFlinger( 1408): couldn't log to binary event log: overflow.
