12-14 01:50:11.633 W/ActivityManager( 1629): 	at com.android.server.am.ActivityRecord.forTokenLocked(ActivityRecord.java:778)
12-14 01:50:11.633 W/ActivityManager( 1629): 	at com.android.server.am.ActivityRecord.isInStackLocked(ActivityRecord.java:2085)
12-14 01:50:11.633 W/ActivityManager( 1629): 	at com.android.server.am.ActivityManagerService.getActivityOptions(ActivityManagerService.java:13302)
12-14 01:50:11.633 W/ActivityManager( 1629): 	at android.app.IActivityManager$Stub.onTransact(IActivityManager.java:2910)
12-14 01:50:11.633 W/ActivityManager( 1629): 	at com.android.server.am.ActivityManagerService.onTransact(ActivityManagerService.java:2935)
12-14 01:50:11.633 W/ActivityManager( 1629): 	at android.os.Binder.execTransact(Binder.java:674)
12-14 01:50:11.671 I/chatty  ( 1727): uid=10028(u0_a28) RenderThread identical 13 lines
12-14 01:50:11.681 D/EGL_emulation( 1727): eglMakeCurrent: 0x8bee2580: ver 3 0 (tinfo 0x8bedade0)
12-14 01:50:11.728 V/StatusBar( 1727): setLightsOn(true)
12-14 01:50:11.766 I/zygote  ( 3931): Do partial code cache collection, code=43KB, data=56KB
12-14 01:50:11.767 I/zygote  ( 3931): After code cache collection, code=43KB, data=56KB
12-14 01:50:11.767 I/zygote  ( 3931): Increasing code cache capacity to 256KB
12-14 01:50:11.768 I/zygote  ( 3931): JIT allocated 71KB for compiled code of void android.widget.TextView.<init>(android.content.Context, android.util.AttributeSet, int, int)
12-14 01:50:11.768 I/zygote  ( 3931): Compiler allocated 4MB to compile void android.widget.TextView.<init>(android.content.Context, android.util.AttributeSet, int, int)
12-14 01:50:11.788 V/StatusBar( 1727): setLightsOn(true)
12-14 01:50:11.791 I/chatty  ( 1727): uid=10028(u0_a28) com.android.systemui identical 1 line
12-14 01:50:11.798 V/StatusBar( 1727): setLightsOn(true)
12-14 01:50:11.820 I/zygote  ( 3931): Do full code cache collection, code=123KB, data=68KB
12-14 01:50:11.820 I/zygote  ( 3931): After code cache collection, code=88KB, data=37KB
12-14 01:50:11.827 D/gralloc_ranchu( 1397): gralloc_alloc: Creating ashmem region of size 7753728
12-14 01:50:11.851 D/        ( 3931): HostConnection::get() New Host Connection established 0x9ccafc40, tid 3931
12-14 01:50:11.890 W/Nearby  ( 1938): Failed attempt #3 out of 3 for RestoreDeviceName [CONTEXT service_id=49 ]
12-14 01:50:11.890 W/Nearby  ( 1938): java.lang.IllegalStateException: BluetoothAdapter not ready yet!
12-14 01:50:11.890 W/Nearby  ( 1938): 	at alhd.g(:com.google.android.gms@204713022@20.47.13 (040700-344095733):2)
12-14 01:50:11.890 W/Nearby  ( 1938): 	at alhc.run(Unknown Source:0)
12-14 01:50:11.890 W/Nearby  ( 1938): 	at bznt.call(Unknown Source:0)
12-14 01:50:11.890 W/Nearby  ( 1938): 	at bzny.b(:com.google.android.gms@204713022@20.47.13 (040700-344095733):2)
12-14 01:50:11.890 W/Nearby  ( 1938): 	at bzny.a(:com.google.android.gms@204713022@20.47.13 (040700-344095733):0)
12-14 01:50:11.890 W/Nearby  ( 1938): 	at alhb.run(Unknown Source:2)
12-14 01:50:11.890 W/Nearby  ( 1938): 	at java.lang.Thread.run(Thread.java:764)
12-14 01:50:11.890 W/Nearby  ( 1938): 	at tly.run(Unknown Source:5)
12-14 01:50:11.890 W/Nearby  ( 1938): 	at java.util.concurrent.ThreadPoolExecutor.runWorker(ThreadPoolExecutor.java:1162)
12-14 01:50:11.890 W/Nearby  ( 1938): 	at java.util.concurrent.ThreadPoolExecutor$Worker.run(ThreadPoolExecutor.java:636)
12-14 01:50:11.890 W/Nearby  ( 1938): 	at trx.run(:com.google.android.gms@204713022@20.47.13 (040700-344095733):0)
12-14 01:50:11.890 W/Nearby  ( 1938): 	at java.lang.Thread.run(Thread.java:764)
12-14 01:50:11.894 V/StatusBar( 1727): setLightsOn(true)
12-14 01:50:11.902 I/chatty  ( 1727): uid=10028(u0_a28) com.android.systemui identical 1 line
12-14 01:50:11.903 V/StatusBar( 1727): setLightsOn(true)
12-14 01:50:11.905 I/ActivityManager( 1629): Displayed com.evancharlton.mileage/.Mileage: +558ms
12-14 01:50:11.928 V/StatusBar( 1727): setLightsOn(true)
12-14 01:50:11.939 D/gralloc_ranchu( 1397): gralloc_alloc: Creating ashmem region of size 7753728
12-14 01:50:12.090 V/StatusBar( 1727): setLightsOn(true)
12-14 01:50:12.097 I/zygote  ( 3850): Waiting for a blocking GC ProfileSaver
12-14 01:50:12.138 I/System.out( 3931): URI: //map
12-14 01:50:12.138 I/System.out( 3931): params: {json={"query":"android.widget.Button index:2","operation":{"method_name":"query","arguments":[]}}
12-14 01:50:12.138 I/System.out( 3931): }
12-14 01:50:12.194 V/StatusBar( 1727): setLightsOn(true)
12-14 01:50:12.212 V/StatusBar( 1727): setLightsOn(true)
12-14 01:50:12.224 W/SurfaceFlinger( 1410): couldn't log to binary event log: overflow.
12-14 01:50:12.224 W/SurfaceFlinger( 1410): couldn't log to binary event log: overflow.
12-14 01:50:12.312 I/PBSessionCacheImpl( 2173): Deleted sessionId[7575221726719] from persistence.
12-14 01:50:12.339 I/System.out( 3931): URI: //gesture
12-14 01:50:12.340 I/System.out( 3931): params: {json={"query_timeout":5.0,"gestures":[{"query_string":"android.widget.Button index:2","touches":[{"x":50,"y":50,"offset_x":0,"offset_y":0,"wait":0.0,"time":0.2,"release":true,"query_string":null}]}]}
12-14 01:50:12.340 I/System.out( 3931): }
12-14 01:50:12.352 W/SearchService( 2173): Abort, client detached.
12-14 01:50:12.355 E/WorkerRegistryImpl( 2173): getWorker() is called after WorkerRegistry disposal.
12-14 01:50:12.355 E/WorkerRegistryImpl( 2173): getWorker() is called after WorkerRegistry disposal.
12-14 01:50:12.445 I/zygote  ( 3931): Do partial code cache collection, code=116KB, data=59KB
12-14 01:50:12.446 I/zygote  ( 3931): After code cache collection, code=116KB, data=59KB
12-14 01:50:12.446 I/zygote  ( 3931): Increasing code cache capacity to 512KB
12-14 01:50:12.642 I/AudioTrack( 1629): AUDIO_OUTPUT_FLAG_FAST successful; frameCount 4512 -> 4512
12-14 01:50:12.743 V/StatusBar( 1727): setLightsOn(true)
12-14 01:50:12.748 V/StatusBar( 1727): setLightsOn(true)
12-14 01:50:12.762 W/View    ( 3931): dispatchProvideAutofillStructure(): not laid out, ignoring
12-14 01:50:12.768 W/Binder  ( 1629): Outgoing transactions from this process must be FLAG_ONEWAY
12-14 01:50:12.768 W/Binder  ( 1629): java.lang.Throwable
12-14 01:50:12.768 W/Binder  ( 1629): 	at android.os.BinderProxy.transact(Binder.java:736)
12-14 01:50:12.768 W/Binder  ( 1629): 	at android.app.assist.AssistStructure$ParcelTransferReader.fetchData(AssistStructure.java:407)
12-14 01:50:12.768 W/Binder  ( 1629): 	at android.app.assist.AssistStructure$ParcelTransferReader.go(AssistStructure.java:343)
12-14 01:50:12.768 W/Binder  ( 1629): 	at android.app.assist.AssistStructure.ensureData(AssistStructure.java:2096)
12-14 01:50:12.768 W/Binder  ( 1629): 	at com.android.server.autofill.Session$1.send(Session.java:200)
12-14 01:50:12.768 W/Binder  ( 1629): 	at com.android.server.am.ActivityManagerService.reportAssistContextExtras(ActivityManagerService.java:13137)
12-14 01:50:12.768 W/Binder  ( 1629): 	at android.app.IActivityManager$Stub.onTransact(IActivityManager.java:2466)
12-14 01:50:12.768 W/Binder  ( 1629): 	at com.android.server.am.ActivityManagerService.onTransact(ActivityManagerService.java:2935)
12-14 01:50:12.768 W/Binder  ( 1629): 	at android.os.Binder.execTransact(Binder.java:674)
12-14 01:50:12.771 I/AssistStructure( 3931): Flattened final assist data: 5024 bytes, containing 2 windows, 19 views
12-14 01:50:12.776 D/gralloc_ranchu( 1397): gralloc_alloc: Creating ashmem region of size 303104
12-14 01:50:13.270 W/audio_hw_generic( 1391): Not supplying enough data to HAL, expected position 23563 , only wrote 2880
12-14 01:50:13.270 W/audio_hw_generic( 1391): Not supplying enough data to HAL, expected position 2892 , only wrote 2880
12-14 01:50:13.271 W/audio_hw_generic( 1391): Hardware backing HAL too slow, could only write 0 of 720 frames
12-14 01:50:13.269 W/AudioFlinger( 1478): write blocked for 494 msecs, 1 delayed writes, thread 0xb0603ec0
12-14 01:50:13.279 V/StatusBar( 1727): setLightsOn(true)
12-14 01:50:13.281 V/StatusBar( 1727): setLightsOn(true)
12-14 01:50:13.287 W/audio_hw_generic( 1391): Hardware backing HAL too slow, could only write 0 of 720 frames
12-14 01:50:13.288 V/StatusBar( 1727): setLightsOn(true)
12-14 01:50:13.301 D/AudioFlinger( 1478): mixer(0xb0603ec0) throttle end: throttle time(9)
12-14 01:50:13.362 D/gralloc_ranchu( 1397): gralloc_alloc: Creating ashmem region of size 7753728
12-14 01:50:13.419 I/AssistStructure( 1629): Flattened final assist data: 4496 bytes, containing 2 windows, 19 views
12-14 01:50:13.439 E/SurfaceFlinger( 1410): ro.sf.lcd_density must be defined as a build property
12-14 01:50:13.440 W/lgq     ( 1938): Pending fill request while another request in the same session was triggered. [CONTEXT service_id=177 ]
12-14 01:50:13.441 D/PermissionCache( 1410): checking android.permission.READ_FRAME_BUFFER for uid=2000 => granted (345 us)
12-14 01:50:13.490 D/gralloc_ranchu( 1397): gralloc_alloc: Creating ashmem region of size 8298496
12-14 01:50:13.499 D/        ( 3977): HostConnection::get() New Host Connection established 0xb52af800, tid 3977
12-14 01:50:13.583 V/StatusBar( 1727): setLightsOn(true)
12-14 01:50:13.881 E/memtrack( 1629): Couldn't load memtrack module
12-14 01:50:13.881 W/android.os.Debug( 1629): failed to get memory consumption info: -1
12-14 01:50:13.966 D/BoundBrokerSvc( 1938): onUnbind: Intent { act=com.google.android.gms.auth.account.workaccount.START cmp=com.google.android.gms/.chimera.PersistentApiService }
12-14 01:50:14.032 D/BoundBrokerSvc( 1938): onUnbind: Intent { act=com.google.android.gms.auth.proximity.START cmp=com.google.android.gms/.chimera.PersistentBoundBrokerService }
12-14 01:50:14.093 D/BoundBrokerSvc( 2232): onUnbind: Intent { act=com.google.android.gms.auth.cryptauth.cryptauthservice.START cmp=com.google.android.gms/.chimera.GmsBoundBrokerService }
