12-14 01:50:57.532 E/OpenGLRenderer( 1629): GL error:  GL_INVALID_OPERATION
12-14 01:50:57.532 I/System.out( 4587): HTTP Daemon listening on: 7102
12-14 01:50:57.532 E/OpenGLRenderer( 1629): GL error:  GL_INVALID_OPERATION
12-14 01:50:57.595 I/chatty  ( 1629): uid=1000(system) RenderThread identical 357 lines
12-14 01:50:57.595 E/OpenGLRenderer( 1629): GL error:  GL_INVALID_OPERATION
12-14 01:50:57.595 I/System.out( 4587): URI: //ping
12-14 01:50:57.595 E/OpenGLRenderer( 1629): GL error:  GL_INVALID_OPERATION
12-14 01:50:57.595 I/System.out( 4587): params: {json={}
12-14 01:50:57.595 I/System.out( 4587): }
12-14 01:50:57.595 E/OpenGLRenderer( 1629): GL error:  GL_INVALID_OPERATION
12-14 01:50:57.604 I/chatty  ( 1629): uid=1000(system) RenderThread identical 29 lines
12-14 01:50:57.604 E/OpenGLRenderer( 1629): GL error:  GL_INVALID_OPERATION
12-14 01:50:57.604 I/System.out( 4587): URI: //ping
12-14 01:50:57.604 I/System.out( 4587): params: {json={}
12-14 01:50:57.604 I/System.out( 4587): }
12-14 01:50:57.604 E/OpenGLRenderer( 1629): GL error:  GL_INVALID_OPERATION
12-14 01:50:57.615 I/chatty  ( 1629): uid=1000(system) RenderThread identical 38 lines
12-14 01:50:57.615 E/OpenGLRenderer( 1629): GL error:  GL_INVALID_OPERATION
12-14 01:50:57.615 I/System.out( 4587): URI: //ready
12-14 01:50:57.615 E/OpenGLRenderer( 1629): GL error:  GL_INVALID_OPERATION
12-14 01:50:57.615 I/System.out( 4587): params: {json={}
12-14 01:50:57.615 I/System.out( 4587): }
12-14 01:50:57.615 E/OpenGLRenderer( 1629): GL error:  GL_INVALID_OPERATION
12-14 01:50:57.647 I/chatty  ( 1629): uid=1000(system) RenderThread identical 126 lines
12-14 01:50:57.647 E/OpenGLRenderer( 1629): GL error:  GL_INVALID_OPERATION
12-14 01:50:57.648 I/System.out( 4587): URI: //
12-14 01:50:57.648 E/OpenGLRenderer( 1629): GL error:  GL_INVALID_OPERATION
12-14 01:50:57.648 I/System.out( 4587): params: {json={"command":"version","arguments":[]}
12-14 01:50:57.648 I/System.out( 4587): }
12-14 01:50:57.648 E/OpenGLRenderer( 1629): GL error:  GL_INVALID_OPERATION
12-14 01:50:57.648 E/OpenGLRenderer( 1629): GL error:  GL_INVALID_OPERATION
12-14 01:50:57.648 I/System.out( 4587): header: {content-type=application/json;charset=utf-8, date=Mon, 14 Dec 2020 06:50:57 GMT, accept=*/*, host=127.0.0.1:34777, content-length=36, user-agent=HTTPClient/1.0 (2.8.3, ruby 2.5.8 (2020-03-31))}
12-14 01:50:57.648 I/System.out( 4587): params: {json={"command":"version","arguments":[]}
12-14 01:50:57.648 I/System.out( 4587): }
12-14 01:50:57.648 E/OpenGLRenderer( 1629): GL error:  GL_INVALID_OPERATION
12-14 01:50:57.648 I/System.out( 4587): ProP json = {"command":"version","arguments":[]}
12-14 01:50:57.648 I/System.out( 4587): files: {}
12-14 01:50:57.648 E/OpenGLRenderer( 1629): GL error:  GL_INVALID_OPERATION
12-14 01:50:57.648 I/System.out( 4587): command: {"command":"version","arguments":[]}
12-14 01:50:57.649 E/OpenGLRenderer( 1629): GL error:  GL_INVALID_OPERATION
12-14 01:50:57.703 I/chatty  ( 1629): uid=1000(system) RenderThread identical 264 lines
12-14 01:50:57.703 E/OpenGLRenderer( 1629): GL error:  GL_INVALID_OPERATION
12-14 01:50:57.703 I/InstrumentationBackend( 4587): Got command:'Command:'Line:null,version', arguments:'[]'
12-14 01:50:57.703 E/OpenGLRenderer( 1629): GL error:  GL_INVALID_OPERATION
12-14 01:50:57.761 I/chatty  ( 1629): uid=1000(system) RenderThread identical 326 lines
12-14 01:50:57.761 E/OpenGLRenderer( 1629): GL error:  GL_INVALID_OPERATION
12-14 01:50:57.761 I/System.out( 4587): result:{"bonusInformation":[],"message":"0.9.8","success":true}
12-14 01:50:57.761 E/OpenGLRenderer( 1629): GL error:  GL_INVALID_OPERATION
12-14 01:50:57.774 I/chatty  ( 1629): uid=1000(system) RenderThread identical 57 lines
12-14 01:50:57.774 E/OpenGLRenderer( 1629): GL error:  GL_INVALID_OPERATION
12-14 01:50:57.775 I/System.out( 4587): URI: //start-application
12-14 01:50:57.775 I/System.out( 4587): params: {json={"intent":null}
12-14 01:50:57.775 I/System.out( 4587): }
12-14 01:50:57.775 E/OpenGLRenderer( 1629): GL error:  GL_INVALID_OPERATION
12-14 01:50:57.835 I/ActivityManager( 1629): START u0 {act=android.intent.action.MAIN cat=[android.intent.category.LAUNCHER] flg=0x10200000 cmp=com.evancharlton.mileage/.Mileage} from uid 10310
12-14 01:50:57.862 I/chatty  ( 1629): uid=1000(system) RenderThread identical 376 lines
12-14 01:50:57.862 E/OpenGLRenderer( 1629): GL error:  GL_INVALID_OPERATION
12-14 01:50:57.862 I/calabash( 4587): newActivity1
12-14 01:50:57.863 E/OpenGLRenderer( 1629): GL error:  GL_INVALID_OPERATION
12-14 01:50:57.867 I/chatty  ( 1629): uid=1000(system) RenderThread identical 13 lines
12-14 01:50:57.868 E/OpenGLRenderer( 1629): GL error:  GL_INVALID_OPERATION
12-14 01:50:57.868 D/gralloc_ranchu( 1397): gralloc_alloc: Creating ashmem region of size 7753728
12-14 01:50:57.869 E/OpenGLRenderer( 1629): GL error:  GL_INVALID_OPERATION
12-14 01:50:57.916 W/ActivityManager( 1629): Bad activity token: android.os.BinderProxy@ae06818
12-14 01:50:57.916 W/ActivityManager( 1629): java.lang.ClassCastException: android.os.BinderProxy cannot be cast to com.android.server.am.ActivityRecord$Token
12-14 01:50:57.916 W/ActivityManager( 1629): 	at com.android.server.am.ActivityRecord.forTokenLocked(ActivityRecord.java:778)
12-14 01:50:57.916 W/ActivityManager( 1629): 	at com.android.server.am.ActivityRecord.isInStackLocked(ActivityRecord.java:2085)
12-14 01:50:57.916 W/ActivityManager( 1629): 	at com.android.server.am.ActivityRecord.getStackLocked(ActivityRecord.java:2090)
12-14 01:50:57.916 W/ActivityManager( 1629): 	at com.android.server.am.ActivityManagerService.getActivityDisplayId(ActivityManagerService.java:10406)
12-14 01:50:57.916 W/ActivityManager( 1629): 	at android.app.IActivityManager$Stub.onTransact(IActivityManager.java:2738)
12-14 01:50:57.916 W/ActivityManager( 1629): 	at com.android.server.am.ActivityManagerService.onTransact(ActivityManagerService.java:2935)
12-14 01:50:57.916 W/ActivityManager( 1629): 	at android.os.Binder.execTransact(Binder.java:674)
12-14 01:50:57.917 I/chatty  ( 1629): uid=1000(system) RenderThread identical 115 lines
12-14 01:50:57.919 E/OpenGLRenderer( 1629): GL error:  GL_INVALID_OPERATION
12-14 01:50:57.919 D/EGL_emulation( 2173): eglMakeCurrent: 0x9f604b40: ver 3 0 (tinfo 0x9f603490)
12-14 01:50:57.919 E/OpenGLRenderer( 1629): GL error:  GL_INVALID_OPERATION
12-14 01:50:57.922 I/chatty  ( 1629): uid=1000(system) RenderThread identical 9 lines
12-14 01:50:57.922 E/OpenGLRenderer( 1629): GL error:  GL_INVALID_OPERATION
12-14 01:50:57.923 I/calabash( 4587): newActivity1
12-14 01:50:57.928 E/OpenGLRenderer( 1629): GL error:  GL_INVALID_OPERATION
12-14 01:50:57.929 E/OpenGLRenderer( 1629): GL error:  GL_INVALID_OPERATION
12-14 01:50:57.929 D/EGL_emulation( 2149): eglMakeCurrent: 0x9d07d140: ver 3 0 (tinfo 0x9d07fbc0)
12-14 01:50:57.931 E/OpenGLRenderer( 1629): GL error:  GL_INVALID_OPERATION
12-14 01:50:57.933 W/ActivityManager( 1629): Bad activity token: android.os.BinderProxy@ae06818
12-14 01:50:57.933 W/ActivityManager( 1629): java.lang.ClassCastException: android.os.BinderProxy cannot be cast to com.android.server.am.ActivityRecord$Token
12-14 01:50:57.933 W/ActivityManager( 1629): 	at com.android.server.am.ActivityRecord.forTokenLocked(ActivityRecord.java:778)
12-14 01:50:57.933 W/ActivityManager( 1629): 	at com.android.server.am.ActivityRecord.isInStackLocked(ActivityRecord.java:2085)
12-14 01:50:57.933 W/ActivityManager( 1629): 	at com.android.server.am.ActivityManagerService.setTaskDescription(ActivityManagerService.java:9988)
12-14 01:50:57.933 W/ActivityManager( 1629): 	at android.app.IActivityManager$Stub.onTransact(IActivityManager.java:2824)
12-14 01:50:57.933 W/ActivityManager( 1629): 	at com.android.server.am.ActivityManagerService.onTransact(ActivityManagerService.java:2935)
12-14 01:50:57.933 W/ActivityManager( 1629): 	at android.os.Binder.execTransact(Binder.java:674)
12-14 01:50:57.935 W/ActivityManager( 1629): Bad activity token: android.os.BinderProxy@ae06818
12-14 01:50:57.935 W/ActivityManager( 1629): java.lang.ClassCastException: android.os.BinderProxy cannot be cast to com.android.server.am.ActivityRecord$Token
12-14 01:50:57.935 W/ActivityManager( 1629): 	at com.android.server.am.ActivityRecord.forTokenLocked(ActivityRecord.java:778)
12-14 01:50:57.935 W/ActivityManager( 1629): 	at com.android.server.am.ActivityRecord.isInStackLocked(ActivityRecord.java:2085)
12-14 01:50:57.935 W/ActivityManager( 1629): 	at com.android.server.am.ActivityRecord.getStackLocked(ActivityRecord.java:2090)
12-14 01:50:57.935 W/ActivityManager( 1629): 	at com.android.server.am.ActivityManagerService.getActivityStackId(ActivityManagerService.java:10417)
12-14 01:50:57.935 W/ActivityManager( 1629): 	at android.app.IActivityManager$Stub.onTransact(IActivityManager.java:3548)
12-14 01:50:57.935 W/ActivityManager( 1629): 	at com.android.server.am.ActivityManagerService.onTransact(ActivityManagerService.java:2935)
12-14 01:50:57.935 W/ActivityManager( 1629): 	at android.os.Binder.execTransact(Binder.java:674)
12-14 01:50:57.936 I/chatty  ( 1629): uid=1000(system) RenderThread identical 4 lines
12-14 01:50:57.947 E/OpenGLRenderer( 1629): GL error:  GL_INVALID_OPERATION
12-14 01:50:57.956 D/EGL_emulation( 1727): eglMakeCurrent: 0x8bee2580: ver 3 0 (tinfo 0x8bedade0)
12-14 01:50:57.956 E/OpenGLRenderer( 1629): GL error:  GL_INVALID_OPERATION
12-14 01:50:57.977 I/chatty  ( 1629): uid=1000(system) RenderThread identical 63 lines
12-14 01:50:57.977 E/OpenGLRenderer( 1629): GL error:  GL_INVALID_OPERATION
12-14 01:50:57.977 D/EGL_emulation( 1727): eglMakeCurrent: 0x8bee2580: ver 3 0 (tinfo 0x8bedade0)
12-14 01:50:57.977 E/OpenGLRenderer( 1629): GL error:  GL_INVALID_OPERATION
12-14 01:50:57.992 I/chatty  ( 1629): uid=1000(system) RenderThread identical 9 lines
12-14 01:50:57.992 E/OpenGLRenderer( 1629): GL error:  GL_INVALID_OPERATION
12-14 01:50:57.992 E/ContentStoreEUAS( 2173): Failed to commit the deferred actions
12-14 01:50:57.992 E/OpenGLRenderer( 1629): GL error:  GL_INVALID_OPERATION
12-14 01:50:57.994 I/chatty  ( 1629): uid=1000(system) RenderThread identical 7 lines
12-14 01:50:57.994 E/OpenGLRenderer( 1629): GL error:  GL_INVALID_OPERATION
12-14 01:50:57.994 D/EGL_emulation( 1727): eglMakeCurrent: 0x8bee2580: ver 3 0 (tinfo 0x8bedade0)
12-14 01:50:57.995 E/OpenGLRenderer( 1629): GL error:  GL_INVALID_OPERATION
12-14 01:50:57.996 I/chatty  ( 1629): uid=1000(system) RenderThread identical 3 lines
12-14 01:50:57.997 E/OpenGLRenderer( 1629): GL error:  GL_INVALID_OPERATION
12-14 01:50:57.997 V/StatusBar( 1727): setLightsOn(true)
12-14 01:50:57.998 E/OpenGLRenderer( 1629): GL error:  GL_INVALID_OPERATION
12-14 01:50:58.014 W/ActivityManager( 1629): Bad activity token: android.os.BinderProxy@ae06818
12-14 01:50:58.014 W/ActivityManager( 1629): java.lang.ClassCastException: android.os.BinderProxy cannot be cast to com.android.server.am.ActivityRecord$Token
12-14 01:50:58.014 W/ActivityManager( 1629): 	at com.android.server.am.ActivityRecord.forTokenLocked(ActivityRecord.java:778)
12-14 01:50:58.014 W/ActivityManager( 1629): 	at com.android.server.am.ActivityRecord.isInStackLocked(ActivityRecord.java:2085)
12-14 01:50:58.014 W/ActivityManager( 1629): 	at com.android.server.am.ActivityManagerService.getActivityOptions(ActivityManagerService.java:13302)
12-14 01:50:58.014 W/ActivityManager( 1629): 	at android.app.IActivityManager$Stub.onTransact(IActivityManager.java:2910)
12-14 01:50:58.014 W/ActivityManager( 1629): 	at com.android.server.am.ActivityManagerService.onTransact(ActivityManagerService.java:2935)
12-14 01:50:58.014 W/ActivityManager( 1629): 	at android.os.Binder.execTransact(Binder.java:674)
12-14 01:50:58.015 I/chatty  ( 1629): uid=1000(system) RenderThread identical 71 lines
12-14 01:50:58.015 E/OpenGLRenderer( 1629): GL error:  GL_INVALID_OPERATION
12-14 01:50:58.015 W/ActivityManager( 1629): Bad activity token: android.os.BinderProxy@ae06818
12-14 01:50:58.015 W/ActivityManager( 1629): java.lang.ClassCastException: android.os.BinderProxy cannot be cast to com.android.server.am.ActivityRecord$Token
12-14 01:50:58.015 W/ActivityManager( 1629): 	at com.android.server.am.ActivityRecord.forTokenLocked(ActivityRecord.java:778)
12-14 01:50:58.015 W/ActivityManager( 1629): 	at com.android.server.am.ActivityRecord.isInStackLocked(ActivityRecord.java:2085)
12-14 01:50:58.015 W/ActivityManager( 1629): 	at com.android.server.am.ActivityManagerService.getActivityOptions(ActivityManagerService.java:13302)
12-14 01:50:58.015 W/ActivityManager( 1629): 	at android.app.IActivityManager$Stub.onTransact(IActivityManager.java:2910)
12-14 01:50:58.015 W/ActivityManager( 1629): 	at com.android.server.am.ActivityManagerService.onTransact(ActivityManagerService.java:2935)
12-14 01:50:58.015 W/ActivityManager( 1629): 	at android.os.Binder.execTransact(Binder.java:674)
12-14 01:50:58.015 D/EGL_emulation( 1727): eglMakeCurrent: 0x8bee2580: ver 3 0 (tinfo 0x8bedade0)
12-14 01:50:58.015 E/OpenGLRenderer( 1629): GL error:  GL_INVALID_OPERATION
12-14 01:50:58.018 E/OpenGLRenderer( 1629): GL error:  GL_INVALID_OPERATION
12-14 01:50:58.019 D/EGL_emulation( 1727): eglMakeCurrent: 0x8bee2580: ver 3 0 (tinfo 0x8bedade0)
12-14 01:50:58.019 E/OpenGLRenderer( 1629): GL error:  GL_INVALID_OPERATION
12-14 01:50:58.023 I/chatty  ( 1629): uid=1000(system) RenderThread identical 7 lines
12-14 01:50:58.023 E/OpenGLRenderer( 1629): GL error:  GL_INVALID_OPERATION
12-14 01:50:58.023 D/EGL_emulation( 1727): eglMakeCurrent: 0x8bee2580: ver 3 0 (tinfo 0x8bedade0)
12-14 01:50:58.024 E/OpenGLRenderer( 1629): GL error:  GL_INVALID_OPERATION
12-14 01:50:58.037 I/chatty  ( 1629): uid=1000(system) RenderThread identical 47 lines
12-14 01:50:58.038 E/OpenGLRenderer( 1629): GL error:  GL_INVALID_OPERATION
12-14 01:50:58.042 D/EGL_emulation( 1727): eglMakeCurrent: 0x8bee2580: ver 3 0 (tinfo 0x8bedade0)
12-14 01:50:58.042 E/OpenGLRenderer( 1629): GL error:  GL_INVALID_OPERATION
12-14 01:50:58.045 I/chatty  ( 1629): uid=1000(system) RenderThread identical 7 lines
12-14 01:50:58.045 E/OpenGLRenderer( 1629): GL error:  GL_INVALID_OPERATION
12-14 01:50:58.045 D/EGL_emulation( 1727): eglMakeCurrent: 0x8bee2580: ver 3 0 (tinfo 0x8bedade0)
12-14 01:50:58.045 E/OpenGLRenderer( 1629): GL error:  GL_INVALID_OPERATION
12-14 01:50:58.055 I/chatty  ( 1629): uid=1000(system) RenderThread identical 11 lines
12-14 01:50:58.056 E/OpenGLRenderer( 1629): GL error:  GL_INVALID_OPERATION
12-14 01:50:58.056 D/EGL_emulation( 1727): eglMakeCurrent: 0x8bee2580: ver 3 0 (tinfo 0x8bedade0)
12-14 01:50:58.056 E/OpenGLRenderer( 1629): GL error:  GL_INVALID_OPERATION
12-14 01:50:58.059 I/chatty  ( 1629): uid=1000(system) RenderThread identical 6 lines
12-14 01:50:58.060 E/OpenGLRenderer( 1629): GL error:  GL_INVALID_OPERATION
12-14 01:50:58.060 D/EGL_emulation( 1727): eglMakeCurrent: 0x8bee2580: ver 3 0 (tinfo 0x8bedade0)
12-14 01:50:58.060 E/OpenGLRenderer( 1629): GL error:  GL_INVALID_OPERATION
12-14 01:50:58.076 I/chatty  ( 1629): uid=1000(system) RenderThread identical 36 lines
12-14 01:50:58.076 E/OpenGLRenderer( 1629): GL error:  GL_INVALID_OPERATION
12-14 01:50:58.076 D/EGL_emulation( 1727): eglMakeCurrent: 0x8bee2580: ver 3 0 (tinfo 0x8bedade0)
12-14 01:50:58.079 E/OpenGLRenderer( 1629): GL error:  GL_INVALID_OPERATION
12-14 01:50:58.080 D/EGL_emulation( 1727): eglMakeCurrent: 0x8bee2580: ver 3 0 (tinfo 0x8bedade0)
12-14 01:50:58.080 E/OpenGLRenderer( 1629): GL error:  GL_INVALID_OPERATION
12-14 01:50:58.083 I/chatty  ( 1629): uid=1000(system) RenderThread identical 6 lines
12-14 01:50:58.089 E/OpenGLRenderer( 1629): GL error:  GL_INVALID_OPERATION
12-14 01:50:58.089 D/EGL_emulation( 1727): eglMakeCurrent: 0x8bee2580: ver 3 0 (tinfo 0x8bedade0)
12-14 01:50:58.090 V/StatusBar( 1727): setLightsOn(true)
12-14 01:50:58.091 E/OpenGLRenderer( 1629): GL error:  GL_INVALID_OPERATION
12-14 01:50:58.094 I/chatty  ( 1629): uid=1000(system) RenderThread identical 14 lines
12-14 01:50:58.095 E/OpenGLRenderer( 1629): GL error:  GL_INVALID_OPERATION
12-14 01:50:58.095 D/EGL_emulation( 1727): eglMakeCurrent: 0x8bee2580: ver 3 0 (tinfo 0x8bedade0)
12-14 01:50:58.095 E/OpenGLRenderer( 1629): GL error:  GL_INVALID_OPERATION
12-14 01:50:58.104 I/chatty  ( 1629): uid=1000(system) RenderThread identical 13 lines
12-14 01:50:58.105 E/OpenGLRenderer( 1629): GL error:  GL_INVALID_OPERATION
12-14 01:50:58.105 D/EGL_emulation( 1727): eglMakeCurrent: 0x8bee2580: ver 3 0 (tinfo 0x8bedade0)
12-14 01:50:58.106 E/OpenGLRenderer( 1629): GL error:  GL_INVALID_OPERATION
12-14 01:50:58.109 I/chatty  ( 1629): uid=1000(system) RenderThread identical 5 lines
12-14 01:50:58.109 E/OpenGLRenderer( 1629): GL error:  GL_INVALID_OPERATION
12-14 01:50:58.109 D/EGL_emulation( 1727): eglMakeCurrent: 0x8bee2580: ver 3 0 (tinfo 0x8bedade0)
12-14 01:50:58.110 E/OpenGLRenderer( 1629): GL error:  GL_INVALID_OPERATION
12-14 01:50:58.119 I/chatty  ( 1629): uid=1000(system) RenderThread identical 24 lines
12-14 01:50:58.120 E/OpenGLRenderer( 1629): GL error:  GL_INVALID_OPERATION
12-14 01:50:58.121 E/OpenGLRenderer( 1629): GL error:  GL_INVALID_OPERATION
12-14 01:50:58.123 D/EGL_emulation( 1727): eglMakeCurrent: 0x8bee2580: ver 3 0 (tinfo 0x8bedade0)
12-14 01:50:58.133 I/chatty  ( 1629): uid=1000(system) RenderThread expire 35 lines
12-14 01:50:58.133 E/OpenGLRenderer( 1629): GL error:  GL_INVALID_OPERATION
12-14 01:50:58.135 D/EGL_emulation( 1727): eglMakeCurrent: 0x8bee2580: ver 3 0 (tinfo 0x8bedade0)
12-14 01:50:58.138 E/OpenGLRenderer( 1629): GL error:  GL_INVALID_OPERATION
12-14 01:50:58.141 I/chatty  ( 1629): uid=1000(system) RenderThread identical 8 lines
12-14 01:50:58.141 E/OpenGLRenderer( 1629): GL error:  GL_INVALID_OPERATION
12-14 01:50:58.141 D/EGL_emulation( 1727): eglMakeCurrent: 0x8bee2580: ver 3 0 (tinfo 0x8bedade0)
12-14 01:50:58.142 E/OpenGLRenderer( 1629): GL error:  GL_INVALID_OPERATION
12-14 01:50:58.145 I/chatty  ( 1629): uid=1000(system) RenderThread identical 7 lines
12-14 01:50:58.145 E/OpenGLRenderer( 1629): GL error:  GL_INVALID_OPERATION
12-14 01:50:58.145 D/EGL_emulation( 1727): eglMakeCurrent: 0x8bee2580: ver 3 0 (tinfo 0x8bedade0)
12-14 01:50:58.146 V/StatusBar( 1727): setLightsOn(true)
12-14 01:50:58.146 E/OpenGLRenderer( 1629): GL error:  GL_INVALID_OPERATION
12-14 01:50:58.156 I/chatty  ( 1629): uid=1000(system) RenderThread identical 16 lines
12-14 01:50:58.156 E/OpenGLRenderer( 1629): GL error:  GL_INVALID_OPERATION
12-14 01:50:58.158 D/gralloc_ranchu( 1397): gralloc_alloc: Creating ashmem region of size 7753728
12-14 01:50:58.158 E/OpenGLRenderer( 1629): GL error:  GL_INVALID_OPERATION
12-14 01:50:58.205 I/chatty  ( 1629): uid=1000(system) RenderThread identical 88 lines
12-14 01:50:58.208 E/OpenGLRenderer( 1629): GL error:  GL_INVALID_OPERATION
12-14 01:50:58.209 D/        ( 4587): HostConnection::get() New Host Connection established 0x9ccafcc0, tid 4587
12-14 01:50:58.209 E/OpenGLRenderer( 1629): GL error:  GL_INVALID_OPERATION
12-14 01:50:58.256 I/chatty  ( 1629): uid=1000(system) RenderThread identical 53 lines
12-14 01:50:58.256 E/OpenGLRenderer( 1629): GL error:  GL_INVALID_OPERATION
12-14 01:50:58.260 V/StatusBar( 1727): setLightsOn(true)
12-14 01:50:58.261 V/StatusBar( 1727): setLightsOn(true)
12-14 01:50:58.262 I/ActivityManager( 1629): Displayed com.evancharlton.mileage/.Mileage: +417ms
12-14 01:50:58.264 V/StatusBar( 1727): setLightsOn(true)
12-14 01:50:58.276 E/OpenGLRenderer( 1629): GL error:  GL_INVALID_OPERATION
12-14 01:50:58.282 I/chatty  ( 1629): uid=1000(system) RenderThread identical 30 lines
12-14 01:50:58.283 E/OpenGLRenderer( 1629): GL error:  GL_INVALID_OPERATION
12-14 01:50:58.284 D/gralloc_ranchu( 1397): gralloc_alloc: Creating ashmem region of size 7753728
12-14 01:50:58.285 E/OpenGLRenderer( 1629): GL error:  GL_INVALID_OPERATION
12-14 01:50:58.287 I/chatty  ( 1629): uid=1000(system) RenderThread identical 5 lines
12-14 01:50:58.287 E/OpenGLRenderer( 1629): GL error:  GL_INVALID_OPERATION
12-14 01:50:58.287 V/StatusBar( 1727): setLightsOn(true)
12-14 01:50:58.288 E/OpenGLRenderer( 1629): GL error:  GL_INVALID_OPERATION
12-14 01:50:58.382 I/chatty  ( 1629): uid=1000(system) RenderThread identical 235 lines
12-14 01:50:58.383 E/OpenGLRenderer( 1629): GL error:  GL_INVALID_OPERATION
12-14 01:50:58.384 V/StatusBar( 1727): setLightsOn(true)
12-14 01:50:58.385 E/OpenGLRenderer( 1629): GL error:  GL_INVALID_OPERATION
12-14 01:50:58.453 I/chatty  ( 1629): uid=1000(system) RenderThread identical 243 lines
12-14 01:50:58.453 E/OpenGLRenderer( 1629): GL error:  GL_INVALID_OPERATION
12-14 01:50:58.454 V/StatusBar( 1727): setLightsOn(true)
12-14 01:50:58.454 E/OpenGLRenderer( 1629): GL error:  GL_INVALID_OPERATION
12-14 01:50:58.490 I/chatty  ( 1629): uid=1000(system) RenderThread identical 108 lines
12-14 01:50:58.490 E/OpenGLRenderer( 1629): GL error:  GL_INVALID_OPERATION
12-14 01:50:58.491 I/System.out( 4587): URI: //gesture
12-14 01:50:58.491 E/OpenGLRenderer( 1629): GL error:  GL_INVALID_OPERATION
12-14 01:50:58.491 I/System.out( 4587): params: {json={"query_timeout":5.0,"gestures":[{"query_string":"android.widget.TabWidget descendant TextView index:1","touches":[{"x":50,"y":50,"offset_x":0,"offset_y":0,"wait":0.0,"time":0.2,"release":true,"query_string":null}]}]}
12-14 01:50:58.491 I/System.out( 4587): }
12-14 01:50:58.491 E/OpenGLRenderer( 1629): GL error:  GL_INVALID_OPERATION
12-14 01:50:58.523 I/chatty  ( 1629): uid=1000(system) RenderThread identical 119 lines
12-14 01:50:58.523 E/OpenGLRenderer( 1629): GL error:  GL_INVALID_OPERATION
12-14 01:50:58.523 I/zygote  ( 4587): Do partial code cache collection, code=25KB, data=30KB
12-14 01:50:58.523 E/OpenGLRenderer( 1629): GL error:  GL_INVALID_OPERATION
12-14 01:50:58.539 I/chatty  ( 1629): uid=1000(system) RenderThread identical 64 lines
12-14 01:50:58.540 E/OpenGLRenderer( 1629): GL error:  GL_INVALID_OPERATION
12-14 01:50:58.540 I/zygote  ( 4587): After code cache collection, code=25KB, data=30KB
12-14 01:50:58.540 I/zygote  ( 4587): Increasing code cache capacity to 128KB
12-14 01:50:58.540 E/OpenGLRenderer( 1629): GL error:  GL_INVALID_OPERATION
12-14 01:50:58.543 I/chatty  ( 1629): uid=1000(system) RenderThread identical 11 lines
12-14 01:50:58.543 E/OpenGLRenderer( 1629): GL error:  GL_INVALID_OPERATION
12-14 01:50:58.543 I/zygote  ( 4587): Do partial code cache collection, code=25KB, data=48KB
12-14 01:50:58.543 E/OpenGLRenderer( 1629): GL error:  GL_INVALID_OPERATION
12-14 01:50:58.546 I/chatty  ( 1629): uid=1000(system) RenderThread identical 17 lines
12-14 01:50:58.546 E/OpenGLRenderer( 1629): GL error:  GL_INVALID_OPERATION
12-14 01:50:58.547 I/zygote  ( 4587): After code cache collection, code=25KB, data=48KB
12-14 01:50:58.547 E/OpenGLRenderer( 1629): GL error:  GL_INVALID_OPERATION
12-14 01:50:58.547 I/zygote  ( 4587): Increasing code cache capacity to 256KB
12-14 01:50:58.547 E/OpenGLRenderer( 1629): GL error:  GL_INVALID_OPERATION
12-14 01:50:58.547 I/zygote  ( 4587): JIT allocated 71KB for compiled code of void android.widget.TextView.<init>(android.content.Context, android.util.AttributeSet, int, int)
12-14 01:50:58.547 I/zygote  ( 4587): Compiler allocated 4MB to compile void android.widget.TextView.<init>(android.content.Context, android.util.AttributeSet, int, int)
12-14 01:50:58.547 E/OpenGLRenderer( 1629): GL error:  GL_INVALID_OPERATION
12-14 01:50:58.650 I/chatty  ( 1629): uid=1000(system) RenderThread identical 395 lines
12-14 01:50:58.650 E/OpenGLRenderer( 1629): GL error:  GL_INVALID_OPERATION
12-14 01:50:58.652 V/StatusBar( 1727): setLightsOn(true)
12-14 01:50:58.653 V/StatusBar( 1727): setLightsOn(true)
12-14 01:50:58.653 E/OpenGLRenderer( 1629): GL error:  GL_INVALID_OPERATION
12-14 01:50:58.666 I/chatty  ( 1629): uid=1000(system) RenderThread identical 52 lines
12-14 01:50:58.666 E/OpenGLRenderer( 1629): GL error:  GL_INVALID_OPERATION
12-14 01:50:58.671 V/StatusBar( 1727): setLightsOn(true)
12-14 01:50:58.672 E/OpenGLRenderer( 1629): GL error:  GL_INVALID_OPERATION
12-14 01:50:58.682 I/chatty  ( 1629): uid=1000(system) RenderThread identical 45 lines
12-14 01:50:58.683 E/OpenGLRenderer( 1629): GL error:  GL_INVALID_OPERATION
12-14 01:50:58.683 W/SurfaceFlinger( 1410): couldn't log to binary event log: overflow.
12-14 01:50:58.684 W/SurfaceFlinger( 1410): couldn't log to binary event log: overflow.
12-14 01:50:58.684 E/OpenGLRenderer( 1629): GL error:  GL_INVALID_OPERATION
12-14 01:50:58.766 I/chatty  ( 1629): uid=1000(system) RenderThread identical 294 lines
12-14 01:50:58.767 E/OpenGLRenderer( 1629): GL error:  GL_INVALID_OPERATION
12-14 01:50:58.768 I/PBSessionCacheImpl( 2173): Deleted sessionId[7575221727523] from persistence.
12-14 01:50:58.768 E/OpenGLRenderer( 1629): GL error:  GL_INVALID_OPERATION
12-14 01:50:58.779 I/chatty  ( 1629): uid=1000(system) RenderThread identical 40 lines
12-14 01:50:58.779 E/OpenGLRenderer( 1629): GL error:  GL_INVALID_OPERATION
12-14 01:50:58.780 I/zygote  ( 1938): Background concurrent copying GC freed 103591(5MB) AllocSpace objects, 15(304KB) LOS objects, 46% free, 6MB/12MB, paused 2.173ms total 485.259ms
12-14 01:50:58.782 E/OpenGLRenderer( 1629): GL error:  GL_INVALID_OPERATION
12-14 01:50:58.808 I/chatty  ( 1629): uid=1000(system) RenderThread identical 107 lines
12-14 01:50:58.808 E/OpenGLRenderer( 1629): GL error:  GL_INVALID_OPERATION
12-14 01:50:58.809 W/SearchService( 2173): Abort, client detached.
12-14 01:50:58.809 E/OpenGLRenderer( 1629): GL error:  GL_INVALID_OPERATION
12-14 01:50:58.910 I/chatty  ( 1629): uid=1000(system) RenderThread identical 408 lines
12-14 01:50:58.910 E/OpenGLRenderer( 1629): GL error:  GL_INVALID_OPERATION
12-14 01:50:58.910 I/zygote  ( 1938): Deoptimizing boolean cczs.U(int) due to JIT inline cache
12-14 01:50:58.910 E/OpenGLRenderer( 1629): GL error:  GL_INVALID_OPERATION
12-14 01:50:58.920 I/chatty  ( 1629): uid=1000(system) RenderThread identical 40 lines
12-14 01:50:58.920 E/OpenGLRenderer( 1629): GL error:  GL_INVALID_OPERATION
12-14 01:50:58.920 I/zygote  ( 4587): Do full code cache collection, code=122KB, data=74KB
12-14 01:50:58.920 I/zygote  ( 4587): After code cache collection, code=103KB, data=45KB
12-14 01:50:58.920 E/OpenGLRenderer( 1629): GL error:  GL_INVALID_OPERATION
12-14 01:50:58.959 W/ActivityManager( 1629): Bad activity token: android.os.BinderProxy@1aa6306
12-14 01:50:58.959 W/ActivityManager( 1629): java.lang.ClassCastException: android.os.BinderProxy cannot be cast to com.android.server.am.ActivityRecord$Token
12-14 01:50:58.959 W/ActivityManager( 1629): 	at com.android.server.am.ActivityRecord.forTokenLocked(ActivityRecord.java:778)
12-14 01:50:58.959 W/ActivityManager( 1629): 	at com.android.server.am.ActivityRecord.isInStackLocked(ActivityRecord.java:2085)
12-14 01:50:58.959 W/ActivityManager( 1629): 	at com.android.server.am.ActivityRecord.getStackLocked(ActivityRecord.java:2090)
12-14 01:50:58.959 W/ActivityManager( 1629): 	at com.android.server.am.ActivityManagerService.getActivityDisplayId(ActivityManagerService.java:10406)
12-14 01:50:58.959 W/ActivityManager( 1629): 	at android.app.IActivityManager$Stub.onTransact(IActivityManager.java:2738)
12-14 01:50:58.959 W/ActivityManager( 1629): 	at com.android.server.am.ActivityManagerService.onTransact(ActivityManagerService.java:2935)
12-14 01:50:58.959 W/ActivityManager( 1629): 	at android.os.Binder.execTransact(Binder.java:674)
12-14 01:50:58.961 I/chatty  ( 1629): uid=1000(system) RenderThread identical 180 lines
12-14 01:50:58.962 E/OpenGLRenderer( 1629): GL error:  GL_INVALID_OPERATION
12-14 01:50:58.962 E/OpenGLRenderer( 1629): GL error:  GL_INVALID_OPERATION
12-14 01:50:58.963 I/calabash( 4587): newActivity1
12-14 01:50:58.964 E/OpenGLRenderer( 1629): GL error:  GL_INVALID_OPERATION
12-14 01:50:58.964 W/audio_hw_generic( 1391): Not supplying enough data to HAL, expected position 623605 , only wrote 623520
12-14 01:50:58.964 E/OpenGLRenderer( 1629): GL error:  GL_INVALID_OPERATION
12-14 01:50:58.969 W/ActivityManager( 1629): Bad activity token: android.os.BinderProxy@1aa6306
12-14 01:50:58.969 W/ActivityManager( 1629): java.lang.ClassCastException: android.os.BinderProxy cannot be cast to com.android.server.am.ActivityRecord$Token
12-14 01:50:58.969 W/ActivityManager( 1629): 	at com.android.server.am.ActivityRecord.forTokenLocked(ActivityRecord.java:778)
12-14 01:50:58.969 W/ActivityManager( 1629): 	at com.android.server.am.ActivityRecord.isInStackLocked(ActivityRecord.java:2085)
12-14 01:50:58.969 W/ActivityManager( 1629): 	at com.android.server.am.ActivityManagerService.setTaskDescription(ActivityManagerService.java:9988)
12-14 01:50:58.969 W/ActivityManager( 1629): 	at android.app.IActivityManager$Stub.onTransact(IActivityManager.java:2824)
12-14 01:50:58.969 W/ActivityManager( 1629): 	at com.android.server.am.ActivityManagerService.onTransact(ActivityManagerService.java:2935)
12-14 01:50:58.969 W/ActivityManager( 1629): 	at android.os.Binder.execTransact(Binder.java:674)
12-14 01:50:58.969 W/ActivityManager( 1629): Bad activity token: android.os.BinderProxy@1aa6306
12-14 01:50:58.969 W/ActivityManager( 1629): java.lang.ClassCastException: android.os.BinderProxy cannot be cast to com.android.server.am.ActivityRecord$Token
12-14 01:50:58.969 W/ActivityManager( 1629): 	at com.android.server.am.ActivityRecord.forTokenLocked(ActivityRecord.java:778)
12-14 01:50:58.969 W/ActivityManager( 1629): 	at com.android.server.am.ActivityRecord.isInStackLocked(ActivityRecord.java:2085)
12-14 01:50:58.969 W/ActivityManager( 1629): 	at com.android.server.am.ActivityRecord.getStackLocked(ActivityRecord.java:2090)
12-14 01:50:58.969 W/ActivityManager( 1629): 	at com.android.server.am.ActivityManagerService.getActivityStackId(ActivityManagerService.java:10417)
12-14 01:50:58.969 W/ActivityManager( 1629): 	at android.app.IActivityManager$Stub.onTransact(IActivityManager.java:3548)
12-14 01:50:58.969 W/ActivityManager( 1629): 	at com.android.server.am.ActivityManagerService.onTransact(ActivityManagerService.java:2935)
12-14 01:50:58.969 W/ActivityManager( 1629): 	at android.os.Binder.execTransact(Binder.java:674)
12-14 01:50:59.050 W/ActivityManager( 1629): Bad activity token: android.os.BinderProxy@1aa6306
12-14 01:50:59.050 W/ActivityManager( 1629): java.lang.ClassCastException: android.os.BinderProxy cannot be cast to com.android.server.am.ActivityRecord$Token
12-14 01:50:59.050 W/ActivityManager( 1629): 	at com.android.server.am.ActivityRecord.forTokenLocked(ActivityRecord.java:778)
12-14 01:50:59.050 W/ActivityManager( 1629): 	at com.android.server.am.ActivityRecord.isInStackLocked(ActivityRecord.java:2085)
12-14 01:50:59.050 W/ActivityManager( 1629): 	at com.android.server.am.ActivityManagerService.getActivityOptions(ActivityManagerService.java:13302)
12-14 01:50:59.050 W/ActivityManager( 1629): 	at android.app.IActivityManager$Stub.onTransact(IActivityManager.java:2910)
12-14 01:50:59.050 W/ActivityManager( 1629): 	at com.android.server.am.ActivityManagerService.onTransact(ActivityManagerService.java:2935)
12-14 01:50:59.050 W/ActivityManager( 1629): 	at android.os.Binder.execTransact(Binder.java:674)
12-14 01:50:59.050 W/ActivityManager( 1629): Bad activity token: android.os.BinderProxy@1aa6306
12-14 01:50:59.050 W/ActivityManager( 1629): java.lang.ClassCastException: android.os.BinderProxy cannot be cast to com.android.server.am.ActivityRecord$Token
12-14 01:50:59.050 W/ActivityManager( 1629): 	at com.android.server.am.ActivityRecord.forTokenLocked(ActivityRecord.java:778)
12-14 01:50:59.050 W/ActivityManager( 1629): 	at com.android.server.am.ActivityRecord.isInStackLocked(ActivityRecord.java:2085)
12-14 01:50:59.050 W/ActivityManager( 1629): 	at com.android.server.am.ActivityManagerService.getActivityOptions(ActivityManagerService.java:13302)
12-14 01:50:59.050 W/ActivityManager( 1629): 	at android.app.IActivityManager$Stub.onTransact(IActivityManager.java:2910)
12-14 01:50:59.050 W/ActivityManager( 1629): 	at com.android.server.am.ActivityManagerService.onTransact(ActivityManagerService.java:2935)
12-14 01:50:59.050 W/ActivityManager( 1629): 	at android.os.Binder.execTransact(Binder.java:674)
12-14 01:50:59.076 I/chatty  ( 1629): uid=1000(system) RenderThread identical 74 lines
12-14 01:50:59.077 E/OpenGLRenderer( 1629): GL error:  GL_INVALID_OPERATION
12-14 01:50:59.077 E/CCTFlatFileLogStore( 1938): Can't get boot count and uptime from log event.
12-14 01:50:59.077 E/CCTFlatFileLogStore( 1938): cdbx: While parsing a protocol message, the input ended unexpectedly in the middle of a field.  This could mean either that the input has been truncated or that an embedded message misreported its own length.
12-14 01:50:59.077 E/CCTFlatFileLogStore( 1938): 	at cczs.T(:com.google.android.gms@204713022@20.47.13 (040700-344095733):3)
12-14 01:50:59.077 E/CCTFlatFileLogStore( 1938): 	at cczs.G(:com.google.android.gms@204713022@20.47.13 (040700-344095733):1)
12-14 01:50:59.077 E/CCTFlatFileLogStore( 1938): 	at cczs.y(:com.google.android.gms@204713022@20.47.13 (040700-344095733):1)
12-14 01:50:59.077 E/CCTFlatFileLogStore( 1938): 	at cczs.w(:com.google.android.gms@204713022@20.47.13 (040700-344095733):7)
12-14 01:50:59.077 E/CCTFlatFileLogStore( 1938): 	at cczs.q(:com.google.android.gms@204713022@20.47.13 (040700-344095733):0)
12-14 01:50:59.077 E/CCTFlatFileLogStore( 1938): 	at ryj.c(:com.google.android.gms@204713022@20.47.13 (040700-344095733):2)
12-14 01:50:59.077 E/CCTFlatFileLogStore( 1938): 	at ryh.a(:com.google.android.gms@204713022@20.47.13 (040700-344095733):9)
12-14 01:50:59.077 E/CCTFlatFileLogStore( 1938): 	at com.google.android.gms.clearcut.uploader.QosUploaderChimeraService.e(:com.google.android.gms@204713022@20.47.13 (040700-344095733):33)
12-14 01:50:59.077 E/CCTFlatFileLogStore( 1938): 	at com.google.android.gms.clearcut.uploader.QosUploaderChimeraService.a(:com.google.android.gms@204713022@20.47.13 (040700-344095733):2)
12-14 01:50:59.077 E/CCTFlatFileLogStore( 1938): 	at afut.call(Unknown Source:4)
12-14 01:50:59.077 E/CCTFlatFileLogStore( 1938): 	at java.util.concurrent.FutureTask.run(FutureTask.java:266)
12-14 01:50:59.077 E/CCTFlatFileLogStore( 1938): 	at tma.c(:com.google.android.gms@204713022@20.47.13 (040700-344095733):6)
12-14 01:50:59.077 E/CCTFlatFileLogStore( 1938): 	at tma.run(:com.google.android.gms@204713022@20.47.13 (040700-344095733):7)
12-14 01:50:59.077 E/CCTFlatFileLogStore( 1938): 	at java.util.concurrent.ThreadPoolExecutor.runWorker(ThreadPoolExecutor.java:1162)
12-14 01:50:59.077 E/CCTFlatFileLogStore( 1938): 	at java.util.concurrent.ThreadPoolExecutor$Worker.run(ThreadPoolExecutor.java:636)
12-14 01:50:59.077 E/CCTFlatFileLogStore( 1938): 	at trx.run(:com.google.android.gms@204713022@20.47.13 (040700-344095733):0)
12-14 01:50:59.077 E/CCTFlatFileLogStore( 1938): 	at java.lang.Thread.run(Thread.java:764)
12-14 01:50:59.078 E/CCTFlatFileLogStore( 1938): Can't get boot count and uptime from log event.
12-14 01:50:59.078 E/CCTFlatFileLogStore( 1938): cdbx: While parsing a protocol message, the input ended unexpectedly in the middle of a field.  This could mean either that the input has been truncated or that an embedded message misreported its own length.
12-14 01:50:59.078 E/CCTFlatFileLogStore( 1938): 	at cczs.T(:com.google.android.gms@204713022@20.47.13 (040700-344095733):3)
12-14 01:50:59.078 E/CCTFlatFileLogStore( 1938): 	at cczs.G(:com.google.android.gms@204713022@20.47.13 (040700-344095733):1)
12-14 01:50:59.078 E/CCTFlatFileLogStore( 1938): 	at cczs.y(:com.google.android.gms@204713022@20.47.13 (040700-344095733):1)
12-14 01:50:59.078 E/CCTFlatFileLogStore( 1938): 	at cczs.w(:com.google.android.gms@204713022@20.47.13 (040700-344095733):7)
12-14 01:50:59.078 E/CCTFlatFileLogStore( 1938): 	at cczs.q(:com.google.android.gms@204713022@20.47.13 (040700-344095733):0)
12-14 01:50:59.078 E/CCTFlatFileLogStore( 1938): 	at ryj.c(:com.google.android.gms@204713022@20.47.13 (040700-344095733):2)
12-14 01:50:59.078 E/CCTFlatFileLogStore( 1938): 	at ryh.a(:com.google.android.gms@204713022@20.47.13 (040700-344095733):9)
12-14 01:50:59.078 E/CCTFlatFileLogStore( 1938): 	at com.google.android.gms.clearcut.uploader.QosUploaderChimeraService.e(:com.google.android.gms@204713022@20.47.13 (040700-344095733):33)
12-14 01:50:59.078 E/CCTFlatFileLogStore( 1938): 	at com.google.android.gms.clearcut.uploader.QosUploaderChimeraService.a(:com.google.android.gms@204713022@20.47.13 (040700-344095733):2)
12-14 01:50:59.078 E/CCTFlatFileLogStore( 1938): 	at afut.call(Unknown Source:4)
12-14 01:50:59.078 E/CCTFlatFileLogStore( 1938): 	at java.util.concurrent.FutureTask.run(FutureTask.java:266)
12-14 01:50:59.078 E/CCTFlatFileLogStore( 1938): 	at tma.c(:com.google.android.gms@204713022@20.47.13 (040700-344095733):6)
12-14 01:50:59.078 E/CCTFlatFileLogStore( 1938): 	at tma.run(:com.google.android.gms@204713022@20.47.13 (040700-344095733):7)
12-14 01:50:59.078 E/CCTFlatFileLogStore( 1938): 	at java.util.concurrent.ThreadPoolExecutor.runWorker(ThreadPoolExecutor.java:1162)
12-14 01:50:59.078 E/CCTFlatFileLogStore( 1938): 	at java.util.concurrent.ThreadPoolExecutor$Worker.run(ThreadPoolExecutor.java:636)
12-14 01:50:59.078 E/CCTFlatFileLogStore( 1938): 	at trx.run(:com.google.android.gms@204713022@20.47.13 (040700-344095733):0)
12-14 01:50:59.078 E/CCTFlatFileLogStore( 1938): 	at java.lang.Thread.run(Thread.java:764)
12-14 01:50:59.078 E/OpenGLRenderer( 1629): GL error:  GL_INVALID_OPERATION
12-14 01:50:59.145 I/chatty  ( 1629): uid=1000(system) RenderThread identical 71 lines
12-14 01:50:59.152 E/OpenGLRenderer( 1629): GL error:  GL_INVALID_OPERATION
12-14 01:50:59.153 D/gralloc_ranchu( 1397): gralloc_alloc: Creating ashmem region of size 7753728
12-14 01:50:59.154 E/OpenGLRenderer( 1629): GL error:  GL_INVALID_OPERATION
12-14 01:50:59.161 I/chatty  ( 1629): uid=1000(system) RenderThread identical 10 lines
12-14 01:50:59.162 E/OpenGLRenderer( 1629): GL error:  GL_INVALID_OPERATION
12-14 01:50:59.165 I/Dialer  ( 2000): VvmTaskExecutor - executing task com.android.voicemail.impl.ActivationTask@da2fd7f
12-14 01:50:59.167 E/OpenGLRenderer( 1629): GL error:  GL_INVALID_OPERATION
12-14 01:50:59.167 I/chatty  ( 1629): uid=1000(system) RenderThread identical 1 line
12-14 01:50:59.167 E/OpenGLRenderer( 1629): GL error:  GL_INVALID_OPERATION
12-14 01:50:59.168 I/Dialer  ( 2000): PreOMigrationHandler - ComponentInfo{com.android.phone/com.android.services.telephony.TelephonyConnectionService}, [****], UserHandle{0} already migrated
12-14 01:50:59.169 E/OpenGLRenderer( 1629): GL error:  GL_INVALID_OPERATION
12-14 01:50:59.169 I/chatty  ( 1629): uid=1000(system) RenderThread identical 1 line
12-14 01:50:59.170 E/OpenGLRenderer( 1629): GL error:  GL_INVALID_OPERATION
12-14 01:50:59.170 D/Mileage ( 4587): Not enough fillups to calculate economy
12-14 01:50:59.172 E/OpenGLRenderer( 1629): GL error:  GL_INVALID_OPERATION
12-14 01:50:59.260 I/chatty  ( 1629): uid=1000(system) RenderThread identical 125 lines
12-14 01:50:59.261 E/OpenGLRenderer( 1629): GL error:  GL_INVALID_OPERATION
12-14 01:50:59.269 I/Dialer  ( 2000): VvmActivationTask - VVM content provider configured - vvm_type_cvvm
12-14 01:50:59.270 I/zygote  ( 1938): Deoptimizing cczp cczp.E(cczp) due to JIT inline cache
12-14 01:50:59.273 I/Dialer  ( 2000): OmtpVvmCarrierCfgHlpr - OmtpEvent:CONFIG_ACTIVATING
12-14 01:50:59.273 E/OpenGLRenderer( 1629): GL error:  GL_INVALID_OPERATION
12-14 01:50:59.301 I/chatty  ( 1629): uid=1000(system) RenderThread identical 47 lines
12-14 01:50:59.304 E/OpenGLRenderer( 1629): GL error:  GL_INVALID_OPERATION
12-14 01:50:59.305 I/Dialer  ( 2000): TelephonyMangerCompat.setVisualVoicemailSmsFilterSettings - using TelephonyManager
12-14 01:50:59.305 E/OpenGLRenderer( 1629): GL error:  GL_INVALID_OPERATION
12-14 01:50:59.310 I/chatty  ( 1629): uid=1000(system) RenderThread identical 12 lines
12-14 01:50:59.312 E/OpenGLRenderer( 1629): GL error:  GL_INVALID_OPERATION
12-14 01:50:59.314 I/zygote  ( 4587): Do partial code cache collection, code=113KB, data=62KB
12-14 01:50:59.314 I/zygote  ( 4587): After code cache collection, code=113KB, data=62KB
12-14 01:50:59.314 I/zygote  ( 4587): Increasing code cache capacity to 512KB
12-14 01:50:59.314 I/Dialer  ( 2000): TelephonyMangerCompat.sendVisualVoicemailSms - using TelephonyManager
12-14 01:50:59.314 E/OpenGLRenderer( 1629): GL error:  GL_INVALID_OPERATION
12-14 01:50:59.453 I/chatty  ( 1629): uid=1000(system) RenderThread identical 302 lines
12-14 01:50:59.454 E/OpenGLRenderer( 1629): GL error:  GL_INVALID_OPERATION
12-14 01:50:59.454 E/SurfaceFlinger( 1410): ro.sf.lcd_density must be defined as a build property
12-14 01:50:59.454 E/OpenGLRenderer( 1629): GL error:  GL_INVALID_OPERATION
12-14 01:50:59.463 I/chatty  ( 1629): uid=1000(system) RenderThread identical 43 lines
12-14 01:50:59.463 E/OpenGLRenderer( 1629): GL error:  GL_INVALID_OPERATION
12-14 01:50:59.463 I/zygote  ( 1938): Deoptimizing void cczm.m(cczd) due to JIT inline cache
12-14 01:50:59.464 E/OpenGLRenderer( 1629): GL error:  GL_INVALID_OPERATION
12-14 01:50:59.471 I/chatty  ( 1629): uid=1000(system) RenderThread identical 41 lines
12-14 01:50:59.471 E/OpenGLRenderer( 1629): GL error:  GL_INVALID_OPERATION
12-14 01:50:59.472 D/gralloc_ranchu( 1397): gralloc_alloc: Creating ashmem region of size 8298496
12-14 01:50:59.472 E/OpenGLRenderer( 1629): GL error:  GL_INVALID_OPERATION
12-14 01:50:59.483 I/chatty  ( 1629): uid=1000(system) RenderThread identical 29 lines
12-14 01:50:59.484 D/        ( 4632): HostConnection::get() New Host Connection established 0xa822f800, tid 4632
12-14 01:50:59.484 E/OpenGLRenderer( 1629): GL error:  GL_INVALID_OPERATION
12-14 01:50:59.484 E/OpenGLRenderer( 1629): GL error:  GL_INVALID_OPERATION
12-14 01:51:00.055 I/chatty  ( 1629): uid=1000(system) RenderThread identical 1412 lines
12-14 01:51:00.055 E/OpenGLRenderer( 1629): GL error:  GL_INVALID_OPERATION
12-14 01:51:00.055 I/System.out( 4587): URI: //gesture
12-14 01:51:00.055 E/OpenGLRenderer( 1629): GL error:  GL_INVALID_OPERATION
12-14 01:51:00.055 I/System.out( 4587): params: {json={"query_timeout":5.0,"gestures":[{"query_string":"android.widget.TabWidget descendant TextView index:3","touches":[{"x":50,"y":50,"offset_x":0,"offset_y":0,"wait":0.0,"time":0.2,"release":true,"query_string":null}]}]}
12-14 01:51:00.055 I/System.out( 4587): }
12-14 01:51:00.055 E/OpenGLRenderer( 1629): GL error:  GL_INVALID_OPERATION
12-14 01:51:00.153 I/chatty  ( 1629): uid=1000(system) RenderThread identical 372 lines
12-14 01:51:00.154 E/OpenGLRenderer( 1629): GL error:  GL_INVALID_OPERATION
12-14 01:51:00.154 I/zygote  ( 4587): Background concurrent copying GC freed 33265(1213KB) AllocSpace objects, 4(80KB) LOS objects, 51% free, 1440KB/2MB, paused 6.060ms total 37.250ms
12-14 01:51:00.154 E/OpenGLRenderer( 1629): GL error:  GL_INVALID_OPERATION
12-14 01:51:00.560 W/ActivityManager( 1629): Bad activity token: android.os.BinderProxy@5799b6
12-14 01:51:00.560 W/ActivityManager( 1629): java.lang.ClassCastException: android.os.BinderProxy cannot be cast to com.android.server.am.ActivityRecord$Token
12-14 01:51:00.560 W/ActivityManager( 1629): 	at com.android.server.am.ActivityRecord.forTokenLocked(ActivityRecord.java:778)
12-14 01:51:00.560 W/ActivityManager( 1629): 	at com.android.server.am.ActivityRecord.isInStackLocked(ActivityRecord.java:2085)
12-14 01:51:00.560 W/ActivityManager( 1629): 	at com.android.server.am.ActivityRecord.getStackLocked(ActivityRecord.java:2090)
12-14 01:51:00.560 W/ActivityManager( 1629): 	at com.android.server.am.ActivityManagerService.getActivityDisplayId(ActivityManagerService.java:10406)
12-14 01:51:00.560 W/ActivityManager( 1629): 	at android.app.IActivityManager$Stub.onTransact(IActivityManager.java:2738)
12-14 01:51:00.560 W/ActivityManager( 1629): 	at com.android.server.am.ActivityManagerService.onTransact(ActivityManagerService.java:2935)
12-14 01:51:00.560 W/ActivityManager( 1629): 	at android.os.Binder.execTransact(Binder.java:674)
12-14 01:51:00.566 I/chatty  ( 1629): uid=1000(system) RenderThread identical 901 lines
12-14 01:51:00.567 E/OpenGLRenderer( 1629): GL error:  GL_INVALID_OPERATION
12-14 01:51:00.567 I/calabash( 4587): newActivity1
12-14 01:51:00.568 E/OpenGLRenderer( 1629): GL error:  GL_INVALID_OPERATION
12-14 01:51:00.570 W/ActivityManager( 1629): Bad activity token: android.os.BinderProxy@5799b6
12-14 01:51:00.570 W/ActivityManager( 1629): java.lang.ClassCastException: android.os.BinderProxy cannot be cast to com.android.server.am.ActivityRecord$Token
12-14 01:51:00.570 W/ActivityManager( 1629): 	at com.android.server.am.ActivityRecord.forTokenLocked(ActivityRecord.java:778)
12-14 01:51:00.570 W/ActivityManager( 1629): 	at com.android.server.am.ActivityRecord.isInStackLocked(ActivityRecord.java:2085)
12-14 01:51:00.570 W/ActivityManager( 1629): 	at com.android.server.am.ActivityManagerService.setTaskDescription(ActivityManagerService.java:9988)
12-14 01:51:00.570 W/ActivityManager( 1629): 	at android.app.IActivityManager$Stub.onTransact(IActivityManager.java:2824)
12-14 01:51:00.570 W/ActivityManager( 1629): 	at com.android.server.am.ActivityManagerService.onTransact(ActivityManagerService.java:2935)
12-14 01:51:00.570 W/ActivityManager( 1629): 	at android.os.Binder.execTransact(Binder.java:674)
12-14 01:51:00.572 W/ActivityManager( 1629): Bad activity token: android.os.BinderProxy@5799b6
12-14 01:51:00.572 W/ActivityManager( 1629): java.lang.ClassCastException: android.os.BinderProxy cannot be cast to com.android.server.am.ActivityRecord$Token
12-14 01:51:00.572 W/ActivityManager( 1629): 	at com.android.server.am.ActivityRecord.forTokenLocked(ActivityRecord.java:778)
12-14 01:51:00.572 W/ActivityManager( 1629): 	at com.android.server.am.ActivityRecord.isInStackLocked(ActivityRecord.java:2085)
12-14 01:51:00.572 W/ActivityManager( 1629): 	at com.android.server.am.ActivityRecord.getStackLocked(ActivityRecord.java:2090)
12-14 01:51:00.572 W/ActivityManager( 1629): 	at com.android.server.am.ActivityManagerService.getActivityStackId(ActivityManagerService.java:10417)
12-14 01:51:00.572 W/ActivityManager( 1629): 	at android.app.IActivityManager$Stub.onTransact(IActivityManager.java:3548)
12-14 01:51:00.572 W/ActivityManager( 1629): 	at com.android.server.am.ActivityManagerService.onTransact(ActivityManagerService.java:2935)
12-14 01:51:00.572 W/ActivityManager( 1629): 	at android.os.Binder.execTransact(Binder.java:674)
12-14 01:51:00.584 W/ActivityManager( 1629): Bad activity token: android.os.BinderProxy@5799b6
12-14 01:51:00.584 W/ActivityManager( 1629): java.lang.ClassCastException: android.os.BinderProxy cannot be cast to com.android.server.am.ActivityRecord$Token
12-14 01:51:00.584 W/ActivityManager( 1629): 	at com.android.server.am.ActivityRecord.forTokenLocked(ActivityRecord.java:778)
12-14 01:51:00.584 W/ActivityManager( 1629): 	at com.android.server.am.ActivityRecord.isInStackLocked(ActivityRecord.java:2085)
12-14 01:51:00.584 W/ActivityManager( 1629): 	at com.android.server.am.ActivityManagerService.getActivityOptions(ActivityManagerService.java:13302)
12-14 01:51:00.584 W/ActivityManager( 1629): 	at android.app.IActivityManager$Stub.onTransact(IActivityManager.java:2910)
12-14 01:51:00.584 W/ActivityManager( 1629): 	at com.android.server.am.ActivityManagerService.onTransact(ActivityManagerService.java:2935)
12-14 01:51:00.584 W/ActivityManager( 1629): 	at android.os.Binder.execTransact(Binder.java:674)
12-14 01:51:00.585 W/ActivityManager( 1629): Bad activity token: android.os.BinderProxy@5799b6
12-14 01:51:00.585 W/ActivityManager( 1629): java.lang.ClassCastException: android.os.BinderProxy cannot be cast to com.android.server.am.ActivityRecord$Token
12-14 01:51:00.585 W/ActivityManager( 1629): 	at com.android.server.am.ActivityRecord.forTokenLocked(ActivityRecord.java:778)
12-14 01:51:00.585 W/ActivityManager( 1629): 	at com.android.server.am.ActivityRecord.isInStackLocked(ActivityRecord.java:2085)
12-14 01:51:00.585 W/ActivityManager( 1629): 	at com.android.server.am.ActivityManagerService.getActivityOptions(ActivityManagerService.java:13302)
12-14 01:51:00.585 W/ActivityManager( 1629): 	at android.app.IActivityManager$Stub.onTransact(IActivityManager.java:2910)
12-14 01:51:00.585 W/ActivityManager( 1629): 	at com.android.server.am.ActivityManagerService.onTransact(ActivityManagerService.java:2935)
12-14 01:51:00.585 W/ActivityManager( 1629): 	at android.os.Binder.execTransact(Binder.java:674)
12-14 01:51:00.891 I/chatty  ( 1629): uid=1000(system) RenderThread identical 730 lines
12-14 01:51:00.892 E/OpenGLRenderer( 1629): GL error:  GL_INVALID_OPERATION
12-14 01:51:00.892 E/SurfaceFlinger( 1410): ro.sf.lcd_density must be defined as a build property
12-14 01:51:00.892 E/OpenGLRenderer( 1629): GL error:  GL_INVALID_OPERATION
12-14 01:51:00.894 E/TaskPersister( 1629): File error accessing recents directory (directory doesn't exist?).
12-14 01:51:00.919 I/chatty  ( 1629): uid=1000(system) RenderThread identical 35 lines
12-14 01:51:00.919 E/OpenGLRenderer( 1629): GL error:  GL_INVALID_OPERATION
12-14 01:51:00.919 D/gralloc_ranchu( 1397): gralloc_alloc: Creating ashmem region of size 8298496
12-14 01:51:00.926 E/OpenGLRenderer( 1629): GL error:  GL_INVALID_OPERATION
12-14 01:51:00.931 I/chatty  ( 1629): uid=1000(system) RenderThread identical 1 line
12-14 01:51:00.931 E/OpenGLRenderer( 1629): GL error:  GL_INVALID_OPERATION
12-14 01:51:00.932 D/        ( 4638): HostConnection::get() New Host Connection established 0xa98af800, tid 4638
12-14 01:51:00.932 E/OpenGLRenderer( 1629): GL error:  GL_INVALID_OPERATION
12-14 01:51:01.507 I/chatty  ( 1629): uid=1000(system) RenderThread identical 1140 lines
12-14 01:51:01.507 E/OpenGLRenderer( 1629): GL error:  GL_INVALID_OPERATION
12-14 01:51:01.508 I/System.out( 4587): URI: //gesture
