12-14 01:50:29.095 I/chatty  ( 1629): uid=1000(system) RenderThread identical 12 lines
12-14 01:50:29.095 E/OpenGLRenderer( 1629): GL error:  GL_INVALID_OPERATION
12-14 01:50:29.096 I/InstrumentationBackend( 4121): Added:'ScrollTo', with key:'scroll_to'
12-14 01:50:29.096 E/OpenGLRenderer( 1629): GL error:  GL_INVALID_OPERATION
12-14 01:50:29.096 I/chatty  ( 1629): uid=1000(system) RenderThread identical 1 line
12-14 01:50:29.096 E/OpenGLRenderer( 1629): GL error:  GL_INVALID_OPERATION
12-14 01:50:29.096 I/InstrumentationBackend( 4121): Added:'GetLoadProgress', with key:'get_load_progress'
12-14 01:50:29.096 E/OpenGLRenderer( 1629): GL error:  GL_INVALID_OPERATION
12-14 01:50:29.097 I/chatty  ( 1629): uid=1000(system) RenderThread identical 2 lines
12-14 01:50:29.097 E/OpenGLRenderer( 1629): GL error:  GL_INVALID_OPERATION
12-14 01:50:29.097 I/InstrumentationBackend( 4121): Added:'DumpHtml', with key:'dump_html'
12-14 01:50:29.098 E/OpenGLRenderer( 1629): GL error:  GL_INVALID_OPERATION
12-14 01:50:29.098 E/OpenGLRenderer( 1629): GL error:  GL_INVALID_OPERATION
12-14 01:50:29.098 I/InstrumentationBackend( 4121): Added:'DumpBodyHtml', with key:'dump_body_html'
12-14 01:50:29.098 E/OpenGLRenderer( 1629): GL error:  GL_INVALID_OPERATION
12-14 01:50:29.098 I/chatty  ( 1629): uid=1000(system) RenderThread identical 1 line
12-14 01:50:29.099 E/OpenGLRenderer( 1629): GL error:  GL_INVALID_OPERATION
12-14 01:50:29.099 I/InstrumentationBackend( 4121): Added:'EnterTextByCssSelector', with key:'enter_text_by_selector'
12-14 01:50:29.099 E/OpenGLRenderer( 1629): GL error:  GL_INVALID_OPERATION
12-14 01:50:29.106 I/chatty  ( 1629): uid=1000(system) RenderThread identical 25 lines
12-14 01:50:29.106 E/OpenGLRenderer( 1629): GL error:  GL_INVALID_OPERATION
12-14 01:50:29.107 I/InstrumentationBackend( 4121): Added:'AndroidSDKVersion', with key:'android_sdk_version'
12-14 01:50:29.107 E/OpenGLRenderer( 1629): GL error:  GL_INVALID_OPERATION
12-14 01:50:29.107 E/OpenGLRenderer( 1629): GL error:  GL_INVALID_OPERATION
12-14 01:50:29.107 I/InstrumentationBackend( 4121): Added:'Version', with key:'version'
12-14 01:50:29.107 E/OpenGLRenderer( 1629): GL error:  GL_INVALID_OPERATION
12-14 01:50:29.110 I/chatty  ( 1629): uid=1000(system) RenderThread identical 9 lines
12-14 01:50:29.110 E/OpenGLRenderer( 1629): GL error:  GL_INVALID_OPERATION
12-14 01:50:29.110 I/InstrumentationBackend( 4121): Added:'Drag', with key:'drag'
12-14 01:50:29.110 E/OpenGLRenderer( 1629): GL error:  GL_INVALID_OPERATION
12-14 01:50:29.111 E/OpenGLRenderer( 1629): GL error:  GL_INVALID_OPERATION
12-14 01:50:29.111 I/InstrumentationBackend( 4121): Added:'TouchCoordinates', with key:'touch_coordinate'
12-14 01:50:29.111 E/OpenGLRenderer( 1629): GL error:  GL_INVALID_OPERATION
12-14 01:50:29.111 I/InstrumentationBackend( 4121): Added:'LongPressCoordinate', with key:'long_press_coordinate'
12-14 01:50:29.111 E/OpenGLRenderer( 1629): GL error:  GL_INVALID_OPERATION
12-14 01:50:29.112 E/OpenGLRenderer( 1629): GL error:  GL_INVALID_OPERATION
12-14 01:50:29.112 I/InstrumentationBackend( 4121): Added:'DragCoordinates', with key:'drag_coordinates'
12-14 01:50:29.112 E/OpenGLRenderer( 1629): GL error:  GL_INVALID_OPERATION
12-14 01:50:29.112 I/InstrumentationBackend( 4121): Added:'ResumeApplication', with key:'resume_application'
12-14 01:50:29.112 E/OpenGLRenderer( 1629): GL error:  GL_INVALID_OPERATION
12-14 01:50:29.112 E/OpenGLRenderer( 1629): GL error:  GL_INVALID_OPERATION
12-14 01:50:29.113 I/InstrumentationBackend( 4121): Added:'Swipe', with key:'swipe'
12-14 01:50:29.113 E/OpenGLRenderer( 1629): GL error:  GL_INVALID_OPERATION
12-14 01:50:29.113 I/InstrumentationBackend( 4121): Added:'DoubleTapCoordinate', with key:'double_tap_coordinate'
12-14 01:50:29.113 E/OpenGLRenderer( 1629): GL error:  GL_INVALID_OPERATION
12-14 01:50:29.113 E/OpenGLRenderer( 1629): GL error:  GL_INVALID_OPERATION
12-14 01:50:29.113 I/InstrumentationBackend( 4121): Added:'ClickOnScreen', with key:'click_on_screen'
12-14 01:50:29.114 E/OpenGLRenderer( 1629): GL error:  GL_INVALID_OPERATION
12-14 01:50:29.114 I/chatty  ( 1629): uid=1000(system) RenderThread identical 3 lines
12-14 01:50:29.115 E/OpenGLRenderer( 1629): GL error:  GL_INVALID_OPERATION
12-14 01:50:29.115 I/InstrumentationBackend( 4121): Added:'GetActivityName', with key:'get_activity_name'
12-14 01:50:29.115 E/OpenGLRenderer( 1629): GL error:  GL_INVALID_OPERATION
12-14 01:50:29.115 I/chatty  ( 1629): uid=1000(system) RenderThread identical 1 line
12-14 01:50:29.115 E/OpenGLRenderer( 1629): GL error:  GL_INVALID_OPERATION
12-14 01:50:29.115 I/InstrumentationBackend( 4121): Added:'ScrollToView', with key:'scroll_to_view'
12-14 01:50:29.116 E/OpenGLRenderer( 1629): GL error:  GL_INVALID_OPERATION
12-14 01:50:29.116 I/chatty  ( 1629): uid=1000(system) RenderThread identical 1 line
12-14 01:50:29.116 E/OpenGLRenderer( 1629): GL error:  GL_INVALID_OPERATION
12-14 01:50:29.116 I/InstrumentationBackend( 4121): Added:'ViewConfiguration', with key:'view_configuration'
12-14 01:50:29.116 E/OpenGLRenderer( 1629): GL error:  GL_INVALID_OPERATION
12-14 01:50:29.117 I/InstrumentationBackend( 4121): Added:'IsCurrentActivityFocused', with key:'is_current_activity_focused'
12-14 01:50:29.117 E/OpenGLRenderer( 1629): GL error:  GL_INVALID_OPERATION
12-14 01:50:29.117 E/OpenGLRenderer( 1629): GL error:  GL_INVALID_OPERATION
12-14 01:50:29.117 I/chatty  ( 1629): uid=1000(system) RenderThread identical 1 line
12-14 01:50:29.118 E/OpenGLRenderer( 1629): GL error:  GL_INVALID_OPERATION
12-14 01:50:29.118 I/InstrumentationBackend( 4121): Added:'SendTcp', with key:'send_tcp'
12-14 01:50:29.118 E/OpenGLRenderer( 1629): GL error:  GL_INVALID_OPERATION
12-14 01:50:29.118 E/OpenGLRenderer( 1629): GL error:  GL_INVALID_OPERATION
12-14 01:50:29.118 I/InstrumentationBackend( 4121): Added:'DpToDevicePixel', with key:'dp_to_device_pixel'
12-14 01:50:29.118 E/OpenGLRenderer( 1629): GL error:  GL_INVALID_OPERATION
12-14 01:50:29.119 I/chatty  ( 1629): uid=1000(system) RenderThread identical 5 lines
12-14 01:50:29.120 E/OpenGLRenderer( 1629): GL error:  GL_INVALID_OPERATION
12-14 01:50:29.120 I/InstrumentationBackend( 4121): Added:'KeyboardEnterText', with key:'keyboard_enter_text'
12-14 01:50:29.120 E/OpenGLRenderer( 1629): GL error:  GL_INVALID_OPERATION
12-14 01:50:29.121 E/OpenGLRenderer( 1629): GL error:  GL_INVALID_OPERATION
12-14 01:50:29.121 I/InstrumentationBackend( 4121): Added:'DeleteSurroundingText', with key:'delete_surrounding_text'
12-14 01:50:29.121 E/OpenGLRenderer( 1629): GL error:  GL_INVALID_OPERATION
12-14 01:50:29.121 I/chatty  ( 1629): uid=1000(system) RenderThread identical 1 line
12-14 01:50:29.122 E/OpenGLRenderer( 1629): GL error:  GL_INVALID_OPERATION
12-14 01:50:29.122 I/InstrumentationBackend( 4121): Added:'SetComposingRegion', with key:'set_composing_region'
12-14 01:50:29.122 E/OpenGLRenderer( 1629): GL error:  GL_INVALID_OPERATION
12-14 01:50:29.122 E/OpenGLRenderer( 1629): GL error:  GL_INVALID_OPERATION
12-14 01:50:29.122 I/InstrumentationBackend( 4121): Added:'SetSelection', with key:'set_selection'
12-14 01:50:29.122 E/OpenGLRenderer( 1629): GL error:  GL_INVALID_OPERATION
12-14 01:50:29.123 I/chatty  ( 1629): uid=1000(system) RenderThread identical 1 line
12-14 01:50:29.123 E/OpenGLRenderer( 1629): GL error:  GL_INVALID_OPERATION
12-14 01:50:29.123 I/InstrumentationBackend( 4121): Added:'KeyboardKeyEvent', with key:'keyboard_key_event'
12-14 01:50:29.123 E/OpenGLRenderer( 1629): GL error:  GL_INVALID_OPERATION
12-14 01:50:29.124 I/chatty  ( 1629): uid=1000(system) RenderThread identical 2 lines
12-14 01:50:29.124 E/OpenGLRenderer( 1629): GL error:  GL_INVALID_OPERATION
12-14 01:50:29.124 I/InstrumentationBackend( 4121): Added:'PressUserActionButton', with key:'press_user_action_button'
12-14 01:50:29.124 E/OpenGLRenderer( 1629): GL error:  GL_INVALID_OPERATION
12-14 01:50:29.125 I/chatty  ( 1629): uid=1000(system) RenderThread identical 5 lines
12-14 01:50:29.125 E/OpenGLRenderer( 1629): GL error:  GL_INVALID_OPERATION
12-14 01:50:29.126 I/InstrumentationBackend( 4121): Added:'HideSoftKeyboard', with key:'hide_soft_keyboard'
12-14 01:50:29.126 E/OpenGLRenderer( 1629): GL error:  GL_INVALID_OPERATION
12-14 01:50:29.129 I/chatty  ( 1629): uid=1000(system) RenderThread identical 11 lines
12-14 01:50:29.129 E/OpenGLRenderer( 1629): GL error:  GL_INVALID_OPERATION
12-14 01:50:29.129 I/InstrumentationBackend( 4121): Added:'ListActions', with key:'list_actions'
12-14 01:50:29.129 E/OpenGLRenderer( 1629): GL error:  GL_INVALID_OPERATION
12-14 01:50:29.130 E/OpenGLRenderer( 1629): GL error:  GL_INVALID_OPERATION
12-14 01:50:29.130 I/calabash( 4121): Instantiating http server at 7102
12-14 01:50:29.130 E/OpenGLRenderer( 1629): GL error:  GL_INVALID_OPERATION
12-14 01:50:29.131 I/chatty  ( 1629): uid=1000(system) RenderThread identical 2 lines
12-14 01:50:29.131 E/OpenGLRenderer( 1629): GL error:  GL_INVALID_OPERATION
12-14 01:50:29.131 I/System.out( 4121): HTTP Daemon listening on: 7102
12-14 01:50:29.131 E/OpenGLRenderer( 1629): GL error:  GL_INVALID_OPERATION
12-14 01:50:29.152 I/chatty  ( 1629): uid=1000(system) RenderThread identical 61 lines
12-14 01:50:29.152 E/OpenGLRenderer( 1629): GL error:  GL_INVALID_OPERATION
12-14 01:50:29.152 I/System.out( 4121): URI: //ping
12-14 01:50:29.152 E/OpenGLRenderer( 1629): GL error:  GL_INVALID_OPERATION
12-14 01:50:29.152 I/System.out( 4121): params: {json={}
12-14 01:50:29.152 I/System.out( 4121): }
12-14 01:50:29.152 E/OpenGLRenderer( 1629): GL error:  GL_INVALID_OPERATION
12-14 01:50:29.163 I/chatty  ( 1629): uid=1000(system) RenderThread identical 29 lines
12-14 01:50:29.163 E/OpenGLRenderer( 1629): GL error:  GL_INVALID_OPERATION
12-14 01:50:29.163 I/System.out( 4121): URI: //ping
12-14 01:50:29.163 I/System.out( 4121): params: {json={}
12-14 01:50:29.163 E/OpenGLRenderer( 1629): GL error:  GL_INVALID_OPERATION
12-14 01:50:29.163 I/System.out( 4121): }
12-14 01:50:29.163 E/OpenGLRenderer( 1629): GL error:  GL_INVALID_OPERATION
12-14 01:50:29.171 I/chatty  ( 1629): uid=1000(system) RenderThread identical 20 lines
12-14 01:50:29.172 E/OpenGLRenderer( 1629): GL error:  GL_INVALID_OPERATION
12-14 01:50:29.172 I/System.out( 4121): URI: //ready
12-14 01:50:29.172 E/OpenGLRenderer( 1629): GL error:  GL_INVALID_OPERATION
12-14 01:50:29.172 I/System.out( 4121): params: {json={}
12-14 01:50:29.172 I/System.out( 4121): }
12-14 01:50:29.172 E/OpenGLRenderer( 1629): GL error:  GL_INVALID_OPERATION
12-14 01:50:29.180 I/chatty  ( 1629): uid=1000(system) RenderThread identical 22 lines
12-14 01:50:29.181 E/OpenGLRenderer( 1629): GL error:  GL_INVALID_OPERATION
12-14 01:50:29.181 I/System.out( 4121): URI: //
12-14 01:50:29.181 E/OpenGLRenderer( 1629): GL error:  GL_INVALID_OPERATION
12-14 01:50:29.181 I/System.out( 4121): params: {json={"command":"version","arguments":[]}
12-14 01:50:29.181 I/System.out( 4121): }
12-14 01:50:29.181 E/OpenGLRenderer( 1629): GL error:  GL_INVALID_OPERATION
12-14 01:50:29.181 I/System.out( 4121): header: {content-type=application/json;charset=utf-8, date=Mon, 14 Dec 2020 06:50:29 GMT, accept=*/*, host=127.0.0.1:34777, content-length=36, user-agent=HTTPClient/1.0 (2.8.3, ruby 2.5.8 (2020-03-31))}
12-14 01:50:29.181 I/System.out( 4121): params: {json={"command":"version","arguments":[]}
12-14 01:50:29.181 I/System.out( 4121): }
12-14 01:50:29.181 I/System.out( 4121): ProP json = {"command":"version","arguments":[]}
12-14 01:50:29.181 E/OpenGLRenderer( 1629): GL error:  GL_INVALID_OPERATION
12-14 01:50:29.181 I/System.out( 4121): files: {}
12-14 01:50:29.182 I/System.out( 4121): command: {"command":"version","arguments":[]}
12-14 01:50:29.182 E/OpenGLRenderer( 1629): GL error:  GL_INVALID_OPERATION
12-14 01:50:29.250 I/chatty  ( 1629): uid=1000(system) RenderThread identical 228 lines
12-14 01:50:29.250 E/OpenGLRenderer( 1629): GL error:  GL_INVALID_OPERATION
12-14 01:50:29.250 I/InstrumentationBackend( 4121): Got command:'Command:'Line:null,version', arguments:'[]'
12-14 01:50:29.250 E/OpenGLRenderer( 1629): GL error:  GL_INVALID_OPERATION
12-14 01:50:29.319 I/chatty  ( 1629): uid=1000(system) RenderThread identical 266 lines
12-14 01:50:29.319 E/OpenGLRenderer( 1629): GL error:  GL_INVALID_OPERATION
12-14 01:50:29.320 I/System.out( 4121): result:{"bonusInformation":[],"message":"0.9.8","success":true}
12-14 01:50:29.320 E/OpenGLRenderer( 1629): GL error:  GL_INVALID_OPERATION
12-14 01:50:29.329 I/chatty  ( 1629): uid=1000(system) RenderThread identical 26 lines
12-14 01:50:29.329 E/OpenGLRenderer( 1629): GL error:  GL_INVALID_OPERATION
12-14 01:50:29.329 I/System.out( 4121): URI: //start-application
12-14 01:50:29.329 I/System.out( 4121): params: {json={"intent":null}
12-14 01:50:29.329 E/OpenGLRenderer( 1629): GL error:  GL_INVALID_OPERATION
12-14 01:50:29.329 I/System.out( 4121): }
12-14 01:50:29.329 E/OpenGLRenderer( 1629): GL error:  GL_INVALID_OPERATION
12-14 01:50:29.419 I/ActivityManager( 1629): START u0 {act=android.intent.action.MAIN cat=[android.intent.category.LAUNCHER] flg=0x10200000 cmp=com.evancharlton.mileage/.Mileage} from uid 10310
12-14 01:50:29.446 I/chatty  ( 1629): uid=1000(system) RenderThread identical 402 lines
12-14 01:50:29.447 E/OpenGLRenderer( 1629): GL error:  GL_INVALID_OPERATION
12-14 01:50:29.447 I/calabash( 4121): newActivity1
12-14 01:50:29.450 D/gralloc_ranchu( 1397): gralloc_alloc: Creating ashmem region of size 7753728
12-14 01:50:29.451 E/OpenGLRenderer( 1629): GL error:  GL_INVALID_OPERATION
12-14 01:50:29.551 I/chatty  ( 1629): uid=1000(system) RenderThread identical 216 lines
12-14 01:50:29.552 E/OpenGLRenderer( 1629): GL error:  GL_INVALID_OPERATION
12-14 01:50:29.553 D/EGL_emulation( 2149): eglMakeCurrent: 0x9d07d140: ver 3 0 (tinfo 0x9d07fbc0)
12-14 01:50:29.553 E/OpenGLRenderer( 1629): GL error:  GL_INVALID_OPERATION
12-14 01:50:29.554 I/chatty  ( 1629): uid=1000(system) RenderThread identical 2 lines
12-14 01:50:29.555 E/OpenGLRenderer( 1629): GL error:  GL_INVALID_OPERATION
12-14 01:50:29.555 E/OpenGLRenderer( 1629): GL error:  GL_INVALID_OPERATION
12-14 01:50:29.556 V/StatusBar( 1727): setLightsOn(true)
12-14 01:50:29.569 I/chatty  ( 1629): uid=1000(system) RenderThread expire 42 lines
12-14 01:50:29.569 E/OpenGLRenderer( 1629): GL error:  GL_INVALID_OPERATION
12-14 01:50:29.569 D/EGL_emulation( 2173): eglMakeCurrent: 0x9f604b40: ver 3 0 (tinfo 0x9f603490)
12-14 01:50:29.569 E/OpenGLRenderer( 1629): GL error:  GL_INVALID_OPERATION
12-14 01:50:29.581 I/chatty  ( 1629): uid=1000(system) RenderThread identical 31 lines
12-14 01:50:29.581 E/OpenGLRenderer( 1629): GL error:  GL_INVALID_OPERATION
12-14 01:50:29.583 E/ContentStoreEUAS( 2173): Failed to commit the deferred actions
12-14 01:50:29.584 E/OpenGLRenderer( 1629): GL error:  GL_INVALID_OPERATION
12-14 01:50:29.584 I/chatty  ( 1629): uid=1000(system) RenderThread identical 2 lines
12-14 01:50:29.585 E/OpenGLRenderer( 1629): GL error:  GL_INVALID_OPERATION
12-14 01:50:29.585 D/EGL_emulation( 1727): eglMakeCurrent: 0x8bee2580: ver 3 0 (tinfo 0x8bedade0)
12-14 01:50:29.585 E/OpenGLRenderer( 1629): GL error:  GL_INVALID_OPERATION
12-14 01:50:29.588 I/chatty  ( 1629): uid=1000(system) RenderThread identical 6 lines
12-14 01:50:29.589 E/OpenGLRenderer( 1629): GL error:  GL_INVALID_OPERATION
12-14 01:50:29.589 V/StatusBar( 1727): setLightsOn(true)
12-14 01:50:29.589 E/OpenGLRenderer( 1629): GL error:  GL_INVALID_OPERATION
12-14 01:50:29.589 I/chatty  ( 1629): uid=1000(system) RenderThread identical 2 lines
12-14 01:50:29.590 E/OpenGLRenderer( 1629): GL error:  GL_INVALID_OPERATION
12-14 01:50:29.590 D/EGL_emulation( 1727): eglMakeCurrent: 0x8bee2580: ver 3 0 (tinfo 0x8bedade0)
12-14 01:50:29.590 E/OpenGLRenderer( 1629): GL error:  GL_INVALID_OPERATION
12-14 01:50:29.604 W/ActivityManager( 1629): Bad activity token: android.os.BinderProxy@edf47f
12-14 01:50:29.604 W/ActivityManager( 1629): java.lang.ClassCastException: android.os.BinderProxy cannot be cast to com.android.server.am.ActivityRecord$Token
12-14 01:50:29.604 W/ActivityManager( 1629): 	at com.android.server.am.ActivityRecord.forTokenLocked(ActivityRecord.java:778)
12-14 01:50:29.604 W/ActivityManager( 1629): 	at com.android.server.am.ActivityRecord.isInStackLocked(ActivityRecord.java:2085)
12-14 01:50:29.604 W/ActivityManager( 1629): 	at com.android.server.am.ActivityRecord.getStackLocked(ActivityRecord.java:2090)
12-14 01:50:29.604 W/ActivityManager( 1629): 	at com.android.server.am.ActivityManagerService.getActivityDisplayId(ActivityManagerService.java:10406)
12-14 01:50:29.604 W/ActivityManager( 1629): 	at android.app.IActivityManager$Stub.onTransact(IActivityManager.java:2738)
12-14 01:50:29.604 W/ActivityManager( 1629): 	at com.android.server.am.ActivityManagerService.onTransact(ActivityManagerService.java:2935)
12-14 01:50:29.604 W/ActivityManager( 1629): 	at android.os.Binder.execTransact(Binder.java:674)
12-14 01:50:29.604 I/chatty  ( 1629): uid=1000(system) RenderThread identical 46 lines
12-14 01:50:29.606 E/OpenGLRenderer( 1629): GL error:  GL_INVALID_OPERATION
12-14 01:50:29.606 I/calabash( 4121): newActivity1
12-14 01:50:29.606 D/EGL_emulation( 1727): eglMakeCurrent: 0x8bee2580: ver 3 0 (tinfo 0x8bedade0)
12-14 01:50:29.607 E/OpenGLRenderer( 1629): GL error:  GL_INVALID_OPERATION
12-14 01:50:29.609 I/chatty  ( 1629): uid=1000(system) RenderThread identical 5 lines
12-14 01:50:29.610 E/OpenGLRenderer( 1629): GL error:  GL_INVALID_OPERATION
12-14 01:50:29.610 D/EGL_emulation( 1727): eglMakeCurrent: 0x8bee2580: ver 3 0 (tinfo 0x8bedade0)
12-14 01:50:29.610 E/OpenGLRenderer( 1629): GL error:  GL_INVALID_OPERATION
12-14 01:50:29.623 I/chatty  ( 1629): uid=1000(system) RenderThread identical 35 lines
12-14 01:50:29.623 E/OpenGLRenderer( 1629): GL error:  GL_INVALID_OPERATION
12-14 01:50:29.624 D/EGL_emulation( 1727): eglMakeCurrent: 0x8bee2580: ver 3 0 (tinfo 0x8bedade0)
12-14 01:50:29.624 E/OpenGLRenderer( 1629): GL error:  GL_INVALID_OPERATION
12-14 01:50:29.627 I/chatty  ( 1629): uid=1000(system) RenderThread identical 9 lines
12-14 01:50:29.628 E/OpenGLRenderer( 1629): GL error:  GL_INVALID_OPERATION
12-14 01:50:29.628 D/EGL_emulation( 1727): eglMakeCurrent: 0x8bee2580: ver 3 0 (tinfo 0x8bedade0)
12-14 01:50:29.628 E/OpenGLRenderer( 1629): GL error:  GL_INVALID_OPERATION
12-14 01:50:29.631 W/ActivityManager( 1629): Bad activity token: android.os.BinderProxy@edf47f
12-14 01:50:29.631 W/ActivityManager( 1629): java.lang.ClassCastException: android.os.BinderProxy cannot be cast to com.android.server.am.ActivityRecord$Token
12-14 01:50:29.631 W/ActivityManager( 1629): 	at com.android.server.am.ActivityRecord.forTokenLocked(ActivityRecord.java:778)
12-14 01:50:29.631 W/ActivityManager( 1629): 	at com.android.server.am.ActivityRecord.isInStackLocked(ActivityRecord.java:2085)
12-14 01:50:29.631 W/ActivityManager( 1629): 	at com.android.server.am.ActivityManagerService.setTaskDescription(ActivityManagerService.java:9988)
12-14 01:50:29.631 W/ActivityManager( 1629): 	at android.app.IActivityManager$Stub.onTransact(IActivityManager.java:2824)
12-14 01:50:29.631 W/ActivityManager( 1629): 	at com.android.server.am.ActivityManagerService.onTransact(ActivityManagerService.java:2935)
12-14 01:50:29.631 W/ActivityManager( 1629): 	at android.os.Binder.execTransact(Binder.java:674)
12-14 01:50:29.632 W/ActivityManager( 1629): Bad activity token: android.os.BinderProxy@edf47f
12-14 01:50:29.632 W/ActivityManager( 1629): java.lang.ClassCastException: android.os.BinderProxy cannot be cast to com.android.server.am.ActivityRecord$Token
12-14 01:50:29.632 W/ActivityManager( 1629): 	at com.android.server.am.ActivityRecord.forTokenLocked(ActivityRecord.java:778)
12-14 01:50:29.632 W/ActivityManager( 1629): 	at com.android.server.am.ActivityRecord.isInStackLocked(ActivityRecord.java:2085)
12-14 01:50:29.632 W/ActivityManager( 1629): 	at com.android.server.am.ActivityRecord.getStackLocked(ActivityRecord.java:2090)
12-14 01:50:29.632 W/ActivityManager( 1629): 	at com.android.server.am.ActivityManagerService.getActivityStackId(ActivityManagerService.java:10417)
12-14 01:50:29.632 W/ActivityManager( 1629): 	at android.app.IActivityManager$Stub.onTransact(IActivityManager.java:3548)
12-14 01:50:29.632 W/ActivityManager( 1629): 	at com.android.server.am.ActivityManagerService.onTransact(ActivityManagerService.java:2935)
12-14 01:50:29.632 W/ActivityManager( 1629): 	at android.os.Binder.execTransact(Binder.java:674)
12-14 01:50:29.640 I/chatty  ( 1629): uid=1000(system) RenderThread identical 30 lines
12-14 01:50:29.640 E/OpenGLRenderer( 1629): GL error:  GL_INVALID_OPERATION
12-14 01:50:29.642 D/EGL_emulation( 1727): eglMakeCurrent: 0x8bee2580: ver 3 0 (tinfo 0x8bedade0)
12-14 01:50:29.642 E/OpenGLRenderer( 1629): GL error:  GL_INVALID_OPERATION
12-14 01:50:29.646 I/chatty  ( 1629): uid=1000(system) RenderThread identical 10 lines
12-14 01:50:29.646 E/OpenGLRenderer( 1629): GL error:  GL_INVALID_OPERATION
12-14 01:50:29.646 D/EGL_emulation( 1727): eglMakeCurrent: 0x8bee2580: ver 3 0 (tinfo 0x8bedade0)
12-14 01:50:29.647 E/OpenGLRenderer( 1629): GL error:  GL_INVALID_OPERATION
12-14 01:50:29.659 I/chatty  ( 1629): uid=1000(system) RenderThread identical 21 lines
12-14 01:50:29.659 E/OpenGLRenderer( 1629): GL error:  GL_INVALID_OPERATION
12-14 01:50:29.659 D/EGL_emulation( 1727): eglMakeCurrent: 0x8bee2580: ver 3 0 (tinfo 0x8bedade0)
12-14 01:50:29.659 E/OpenGLRenderer( 1629): GL error:  GL_INVALID_OPERATION
12-14 01:50:29.669 I/chatty  ( 1629): uid=1000(system) RenderThread identical 26 lines
12-14 01:50:29.669 E/OpenGLRenderer( 1629): GL error:  GL_INVALID_OPERATION
12-14 01:50:29.669 E/OpenGLRenderer( 1629): GL error:  GL_INVALID_OPERATION
12-14 01:50:29.669 D/EGL_emulation( 1727): eglMakeCurrent: 0x8bee2580: ver 3 0 (tinfo 0x8bedade0)
12-14 01:50:29.674 I/chatty  ( 1629): uid=1000(system) RenderThread expire 6 lines
12-14 01:50:29.674 E/OpenGLRenderer( 1629): GL error:  GL_INVALID_OPERATION
12-14 01:50:29.674 D/EGL_emulation( 1727): eglMakeCurrent: 0x8bee2580: ver 3 0 (tinfo 0x8bedade0)
12-14 01:50:29.674 E/OpenGLRenderer( 1629): GL error:  GL_INVALID_OPERATION
12-14 01:50:29.694 I/chatty  ( 1629): uid=1000(system) RenderThread identical 79 lines
12-14 01:50:29.694 E/OpenGLRenderer( 1629): GL error:  GL_INVALID_OPERATION
12-14 01:50:29.695 D/EGL_emulation( 1727): eglMakeCurrent: 0x8bee2580: ver 3 0 (tinfo 0x8bedade0)
12-14 01:50:29.695 E/OpenGLRenderer( 1629): GL error:  GL_INVALID_OPERATION
12-14 01:50:29.699 I/chatty  ( 1629): uid=1000(system) RenderThread identical 10 lines
12-14 01:50:29.700 E/OpenGLRenderer( 1629): GL error:  GL_INVALID_OPERATION
12-14 01:50:29.701 D/EGL_emulation( 1727): eglMakeCurrent: 0x8bee2580: ver 3 0 (tinfo 0x8bedade0)
12-14 01:50:29.702 E/OpenGLRenderer( 1629): GL error:  GL_INVALID_OPERATION
12-14 01:50:29.712 I/chatty  ( 1629): uid=1000(system) RenderThread identical 37 lines
12-14 01:50:29.712 E/OpenGLRenderer( 1629): GL error:  GL_INVALID_OPERATION
12-14 01:50:29.712 D/EGL_emulation( 1727): eglMakeCurrent: 0x8bee2580: ver 3 0 (tinfo 0x8bedade0)
12-14 01:50:29.713 E/OpenGLRenderer( 1629): GL error:  GL_INVALID_OPERATION
12-14 01:50:29.722 I/chatty  ( 1629): uid=1000(system) RenderThread identical 25 lines
12-14 01:50:29.723 E/OpenGLRenderer( 1629): GL error:  GL_INVALID_OPERATION
12-14 01:50:29.724 D/EGL_emulation( 1727): eglMakeCurrent: 0x8bee2580: ver 3 0 (tinfo 0x8bedade0)
12-14 01:50:29.724 E/OpenGLRenderer( 1629): GL error:  GL_INVALID_OPERATION
12-14 01:50:29.730 I/chatty  ( 1629): uid=1000(system) RenderThread identical 25 lines
12-14 01:50:29.730 E/OpenGLRenderer( 1629): GL error:  GL_INVALID_OPERATION
12-14 01:50:29.730 D/EGL_emulation( 1727): eglMakeCurrent: 0x8bee2580: ver 3 0 (tinfo 0x8bedade0)
12-14 01:50:29.731 E/OpenGLRenderer( 1629): GL error:  GL_INVALID_OPERATION
12-14 01:50:29.739 I/chatty  ( 1629): uid=1000(system) RenderThread identical 15 lines
12-14 01:50:29.740 E/OpenGLRenderer( 1629): GL error:  GL_INVALID_OPERATION
12-14 01:50:29.740 D/EGL_emulation( 1727): eglMakeCurrent: 0x8bee2580: ver 3 0 (tinfo 0x8bedade0)
12-14 01:50:29.740 E/OpenGLRenderer( 1629): GL error:  GL_INVALID_OPERATION
12-14 01:50:29.746 I/chatty  ( 1629): uid=1000(system) RenderThread identical 33 lines
12-14 01:50:29.746 E/OpenGLRenderer( 1629): GL error:  GL_INVALID_OPERATION
12-14 01:50:29.746 D/EGL_emulation( 1727): eglMakeCurrent: 0x8bee2580: ver 3 0 (tinfo 0x8bedade0)
12-14 01:50:29.747 E/OpenGLRenderer( 1629): GL error:  GL_INVALID_OPERATION
12-14 01:50:29.755 I/chatty  ( 1629): uid=1000(system) RenderThread identical 18 lines
12-14 01:50:29.756 E/OpenGLRenderer( 1629): GL error:  GL_INVALID_OPERATION
12-14 01:50:29.756 D/EGL_emulation( 1727): eglMakeCurrent: 0x8bee2580: ver 3 0 (tinfo 0x8bedade0)
12-14 01:50:29.757 E/OpenGLRenderer( 1629): GL error:  GL_INVALID_OPERATION
12-14 01:50:29.760 I/chatty  ( 1629): uid=1000(system) RenderThread identical 11 lines
12-14 01:50:29.761 E/OpenGLRenderer( 1629): GL error:  GL_INVALID_OPERATION
12-14 01:50:29.761 D/EGL_emulation( 1727): eglMakeCurrent: 0x8bee2580: ver 3 0 (tinfo 0x8bedade0)
12-14 01:50:29.761 E/OpenGLRenderer( 1629): GL error:  GL_INVALID_OPERATION
12-14 01:50:29.780 W/ActivityManager( 1629): Bad activity token: android.os.BinderProxy@edf47f
12-14 01:50:29.780 W/ActivityManager( 1629): java.lang.ClassCastException: android.os.BinderProxy cannot be cast to com.android.server.am.ActivityRecord$Token
12-14 01:50:29.780 W/ActivityManager( 1629): 	at com.android.server.am.ActivityRecord.forTokenLocked(ActivityRecord.java:778)
12-14 01:50:29.780 W/ActivityManager( 1629): 	at com.android.server.am.ActivityRecord.isInStackLocked(ActivityRecord.java:2085)
12-14 01:50:29.780 W/ActivityManager( 1629): 	at com.android.server.am.ActivityManagerService.getActivityOptions(ActivityManagerService.java:13302)
12-14 01:50:29.780 W/ActivityManager( 1629): 	at android.app.IActivityManager$Stub.onTransact(IActivityManager.java:2910)
12-14 01:50:29.780 W/ActivityManager( 1629): 	at com.android.server.am.ActivityManagerService.onTransact(ActivityManagerService.java:2935)
12-14 01:50:29.780 W/ActivityManager( 1629): 	at android.os.Binder.execTransact(Binder.java:674)
12-14 01:50:29.781 W/ActivityManager( 1629): Bad activity token: android.os.BinderProxy@edf47f
12-14 01:50:29.781 W/ActivityManager( 1629): java.lang.ClassCastException: android.os.BinderProxy cannot be cast to com.android.server.am.ActivityRecord$Token
12-14 01:50:29.781 W/ActivityManager( 1629): 	at com.android.server.am.ActivityRecord.forTokenLocked(ActivityRecord.java:778)
12-14 01:50:29.781 W/ActivityManager( 1629): 	at com.android.server.am.ActivityRecord.isInStackLocked(ActivityRecord.java:2085)
12-14 01:50:29.781 W/ActivityManager( 1629): 	at com.android.server.am.ActivityManagerService.getActivityOptions(ActivityManagerService.java:13302)
12-14 01:50:29.781 W/ActivityManager( 1629): 	at android.app.IActivityManager$Stub.onTransact(IActivityManager.java:2910)
12-14 01:50:29.781 W/ActivityManager( 1629): 	at com.android.server.am.ActivityManagerService.onTransact(ActivityManagerService.java:2935)
12-14 01:50:29.781 W/ActivityManager( 1629): 	at android.os.Binder.execTransact(Binder.java:674)
12-14 01:50:29.855 I/chatty  ( 1629): uid=1000(system) RenderThread identical 328 lines
12-14 01:50:29.856 E/OpenGLRenderer( 1629): GL error:  GL_INVALID_OPERATION
12-14 01:50:29.856 V/StatusBar( 1727): setLightsOn(true)
12-14 01:50:29.857 E/OpenGLRenderer( 1629): GL error:  GL_INVALID_OPERATION
12-14 01:50:29.932 I/chatty  ( 1629): uid=1000(system) RenderThread identical 252 lines
12-14 01:50:29.933 E/OpenGLRenderer( 1629): GL error:  GL_INVALID_OPERATION
12-14 01:50:29.933 V/StatusBar( 1727): setLightsOn(true)
12-14 01:50:29.933 E/OpenGLRenderer( 1629): GL error:  GL_INVALID_OPERATION
12-14 01:50:29.941 I/chatty  ( 1629): uid=1000(system) RenderThread identical 23 lines
12-14 01:50:29.941 E/OpenGLRenderer( 1629): GL error:  GL_INVALID_OPERATION
12-14 01:50:29.942 V/StatusBar( 1727): setLightsOn(true)
12-14 01:50:29.942 E/OpenGLRenderer( 1629): GL error:  GL_INVALID_OPERATION
12-14 01:50:29.945 I/chatty  ( 1629): uid=1000(system) RenderThread identical 14 lines
12-14 01:50:29.946 E/OpenGLRenderer( 1629): GL error:  GL_INVALID_OPERATION
12-14 01:50:29.946 V/StatusBar( 1727): setLightsOn(true)
12-14 01:50:29.946 E/OpenGLRenderer( 1629): GL error:  GL_INVALID_OPERATION
12-14 01:50:29.982 I/chatty  ( 1629): uid=1000(system) RenderThread identical 142 lines
12-14 01:50:29.983 E/OpenGLRenderer( 1629): GL error:  GL_INVALID_OPERATION
12-14 01:50:29.984 D/gralloc_ranchu( 1397): gralloc_alloc: Creating ashmem region of size 7753728
12-14 01:50:29.986 E/OpenGLRenderer( 1629): GL error:  GL_INVALID_OPERATION
12-14 01:50:29.988 I/chatty  ( 1629): uid=1000(system) RenderThread identical 4 lines
12-14 01:50:29.989 E/OpenGLRenderer( 1629): GL error:  GL_INVALID_OPERATION
12-14 01:50:29.989 V/StatusBar( 1727): setLightsOn(true)
12-14 01:50:29.989 E/OpenGLRenderer( 1629): GL error:  GL_INVALID_OPERATION
12-14 01:50:30.006 I/chatty  ( 1629): uid=1000(system) RenderThread identical 32 lines
12-14 01:50:30.006 E/OpenGLRenderer( 1629): GL error:  GL_INVALID_OPERATION
12-14 01:50:30.007 D/        ( 4121): HostConnection::get() New Host Connection established 0x9ccafcc0, tid 4121
12-14 01:50:30.007 E/OpenGLRenderer( 1629): GL error:  GL_INVALID_OPERATION
12-14 01:50:30.039 I/chatty  ( 1629): uid=1000(system) RenderThread identical 61 lines
12-14 01:50:30.041 E/OpenGLRenderer( 1629): GL error:  GL_INVALID_OPERATION
12-14 01:50:30.043 I/zygote  ( 4121): Do partial code cache collection, code=27KB, data=30KB
12-14 01:50:30.044 I/zygote  ( 4121): After code cache collection, code=27KB, data=30KB
12-14 01:50:30.044 I/zygote  ( 4121): Increasing code cache capacity to 128KB
12-14 01:50:30.045 I/zygote  ( 4121): Do partial code cache collection, code=27KB, data=48KB
12-14 01:50:30.046 I/zygote  ( 4121): After code cache collection, code=27KB, data=48KB
12-14 01:50:30.046 I/zygote  ( 4121): Increasing code cache capacity to 256KB
12-14 01:50:30.047 I/zygote  ( 4121): JIT allocated 71KB for compiled code of void android.widget.TextView.<init>(android.content.Context, android.util.AttributeSet, int, int)
12-14 01:50:30.047 I/zygote  ( 4121): Compiler allocated 4MB to compile void android.widget.TextView.<init>(android.content.Context, android.util.AttributeSet, int, int)
12-14 01:50:30.049 E/OpenGLRenderer( 1629): GL error:  GL_INVALID_OPERATION
12-14 01:50:30.063 I/chatty  ( 1629): uid=1000(system) RenderThread identical 11 lines
12-14 01:50:30.064 E/OpenGLRenderer( 1629): GL error:  GL_INVALID_OPERATION
12-14 01:50:30.066 V/StatusBar( 1727): setLightsOn(true)
12-14 01:50:30.069 V/StatusBar( 1727): setLightsOn(true)
12-14 01:50:30.072 I/ActivityManager( 1629): Displayed com.evancharlton.mileage/.Mileage: +635ms
12-14 01:50:30.074 V/StatusBar( 1727): setLightsOn(true)
12-14 01:50:30.077 E/OpenGLRenderer( 1629): GL error:  GL_INVALID_OPERATION
12-14 01:50:30.139 I/chatty  ( 1629): uid=1000(system) RenderThread identical 39 lines
12-14 01:50:30.139 E/OpenGLRenderer( 1629): GL error:  GL_INVALID_OPERATION
12-14 01:50:30.140 D/gralloc_ranchu( 1397): gralloc_alloc: Creating ashmem region of size 7753728
12-14 01:50:30.140 E/OpenGLRenderer( 1629): GL error:  GL_INVALID_OPERATION
12-14 01:50:30.251 I/chatty  ( 1629): uid=1000(system) RenderThread identical 330 lines
12-14 01:50:30.252 E/OpenGLRenderer( 1629): GL error:  GL_INVALID_OPERATION
12-14 01:50:30.252 V/StatusBar( 1727): setLightsOn(true)
12-14 01:50:30.253 E/OpenGLRenderer( 1629): GL error:  GL_INVALID_OPERATION
12-14 01:50:30.254 E/OpenGLRenderer( 1629): GL error:  GL_INVALID_OPERATION
12-14 01:50:30.255 V/StatusBar( 1727): setLightsOn(true)
12-14 01:50:30.255 E/OpenGLRenderer( 1629): GL error:  GL_INVALID_OPERATION
12-14 01:50:30.271 I/chatty  ( 1629): uid=1000(system) RenderThread identical 47 lines
12-14 01:50:30.272 E/OpenGLRenderer( 1629): GL error:  GL_INVALID_OPERATION
12-14 01:50:30.272 E/memtrack( 1629): Couldn't load memtrack module
12-14 01:50:30.272 W/android.os.Debug( 1629): failed to get memory consumption info: -1
12-14 01:50:30.273 E/OpenGLRenderer( 1629): GL error:  GL_INVALID_OPERATION
12-14 01:50:30.285 I/chatty  ( 1629): uid=1000(system) RenderThread identical 55 lines
12-14 01:50:30.285 E/OpenGLRenderer( 1629): GL error:  GL_INVALID_OPERATION
12-14 01:50:30.285 V/StatusBar( 1727): setLightsOn(true)
12-14 01:50:30.285 E/OpenGLRenderer( 1629): GL error:  GL_INVALID_OPERATION
12-14 01:50:30.285 I/chatty  ( 1629): uid=1000(system) RenderThread identical 1 line
12-14 01:50:30.286 E/OpenGLRenderer( 1629): GL error:  GL_INVALID_OPERATION
12-14 01:50:30.286 V/StatusBar( 1727): setLightsOn(true)
12-14 01:50:30.287 E/OpenGLRenderer( 1629): GL error:  GL_INVALID_OPERATION
12-14 01:50:30.304 I/chatty  ( 1629): uid=1000(system) RenderThread identical 61 lines
12-14 01:50:30.304 E/OpenGLRenderer( 1629): GL error:  GL_INVALID_OPERATION
12-14 01:50:30.304 V/StatusBar( 1727): setLightsOn(true)
12-14 01:50:30.304 E/OpenGLRenderer( 1629): GL error:  GL_INVALID_OPERATION
12-14 01:50:30.315 I/chatty  ( 1629): uid=1000(system) RenderThread identical 52 lines
12-14 01:50:30.316 E/OpenGLRenderer( 1629): GL error:  GL_INVALID_OPERATION
12-14 01:50:30.316 W/SurfaceFlinger( 1410): couldn't log to binary event log: overflow.
12-14 01:50:30.316 E/OpenGLRenderer( 1629): GL error:  GL_INVALID_OPERATION
12-14 01:50:30.392 I/chatty  ( 1629): uid=1000(system) RenderThread identical 259 lines
12-14 01:50:30.392 E/OpenGLRenderer( 1629): GL error:  GL_INVALID_OPERATION
12-14 01:50:30.395 I/PBSessionCacheImpl( 2173): Deleted sessionId[7575221727107] from persistence.
12-14 01:50:30.397 E/OpenGLRenderer( 1629): GL error:  GL_INVALID_OPERATION
12-14 01:50:30.400 I/chatty  ( 1629): uid=1000(system) RenderThread identical 11 lines
12-14 01:50:30.400 E/OpenGLRenderer( 1629): GL error:  GL_INVALID_OPERATION
12-14 01:50:30.401 I/zygote  ( 2173): Do partial code cache collection, code=238KB, data=177KB
12-14 01:50:30.401 E/OpenGLRenderer( 1629): GL error:  GL_INVALID_OPERATION
12-14 01:50:30.402 E/OpenGLRenderer( 1629): GL error:  GL_INVALID_OPERATION
12-14 01:50:30.404 E/memtrack( 1629): Couldn't load memtrack module
12-14 01:50:30.404 W/android.os.Debug( 1629): failed to get memory consumption info: -1
12-14 01:50:30.405 E/OpenGLRenderer( 1629): GL error:  GL_INVALID_OPERATION
12-14 01:50:30.410 I/chatty  ( 1629): uid=1000(system) RenderThread identical 6 lines
12-14 01:50:30.410 E/OpenGLRenderer( 1629): GL error:  GL_INVALID_OPERATION
12-14 01:50:30.410 I/zygote  ( 2173): After code cache collection, code=238KB, data=178KB
12-14 01:50:30.410 I/zygote  ( 2173): Increasing code cache capacity to 1024KB
12-14 01:50:30.411 E/OpenGLRenderer( 1629): GL error:  GL_INVALID_OPERATION
12-14 01:50:30.452 I/chatty  ( 1629): uid=1000(system) RenderThread identical 81 lines
12-14 01:50:30.452 W/SearchService( 2173): Abort, client detached.
12-14 01:50:30.452 E/OpenGLRenderer( 1629): GL error:  GL_INVALID_OPERATION
12-14 01:50:30.453 E/OpenGLRenderer( 1629): GL error:  GL_INVALID_OPERATION
12-14 01:50:30.539 I/chatty  ( 1629): uid=1000(system) RenderThread identical 274 lines
12-14 01:50:30.539 E/OpenGLRenderer( 1629): GL error:  GL_INVALID_OPERATION
12-14 01:50:30.539 I/zygote  ( 1938): Background concurrent copying GC freed 79028(5MB) AllocSpace objects, 9(312KB) LOS objects, 48% free, 6MB/12MB, paused 384us total 159.207ms
12-14 01:50:30.539 E/OpenGLRenderer( 1629): GL error:  GL_INVALID_OPERATION
