--------- beginning of main
12-14 00:11:59.197 I/AudioTrack( 1628): AUDIO_OUTPUT_FLAG_FAST successful; frameCount 4512 -> 4512
12-14 00:11:59.249 I/zygote  ( 3921): Do partial code cache collection, code=125KB, data=65KB
12-14 00:11:59.249 I/zygote  ( 3921): After code cache collection, code=125KB, data=65KB
12-14 00:11:59.249 I/zygote  ( 3921): Increasing code cache capacity to 512KB
12-14 00:11:59.273 V/StatusBar( 1732): setLightsOn(true)
12-14 00:11:59.274 I/chatty  ( 1732): uid=10028(u0_a28) com.android.systemui identical 1 line
12-14 00:11:59.278 V/StatusBar( 1732): setLightsOn(true)
12-14 00:11:59.298 W/View    ( 3921): dispatchProvideAutofillStructure(): not laid out, ignoring
12-14 00:11:59.307 W/Binder  ( 1628): Outgoing transactions from this process must be FLAG_ONEWAY
12-14 00:11:59.307 W/Binder  ( 1628): java.lang.Throwable
12-14 00:11:59.307 W/Binder  ( 1628): 	at android.os.BinderProxy.transact(Binder.java:736)
12-14 00:11:59.307 W/Binder  ( 1628): 	at android.app.assist.AssistStructure$ParcelTransferReader.fetchData(AssistStructure.java:407)
12-14 00:11:59.307 W/Binder  ( 1628): 	at android.app.assist.AssistStructure$ParcelTransferReader.go(AssistStructure.java:343)
12-14 00:11:59.307 W/Binder  ( 1628): 	at android.app.assist.AssistStructure.ensureData(AssistStructure.java:2096)
12-14 00:11:59.307 W/Binder  ( 1628): 	at com.android.server.autofill.Session$1.send(Session.java:200)
12-14 00:11:59.307 W/Binder  ( 1628): 	at com.android.server.am.ActivityManagerService.reportAssistContextExtras(ActivityManagerService.java:13137)
12-14 00:11:59.307 W/Binder  ( 1628): 	at android.app.IActivityManager$Stub.onTransact(IActivityManager.java:2466)
12-14 00:11:59.307 W/Binder  ( 1628): 	at com.android.server.am.ActivityManagerService.onTransact(ActivityManagerService.java:2935)
12-14 00:11:59.307 W/Binder  ( 1628): 	at android.os.Binder.execTransact(Binder.java:674)
12-14 00:11:59.311 I/AssistStructure( 3921): Flattened final assist data: 5024 bytes, containing 2 windows, 19 views
12-14 00:11:59.315 D/gralloc_ranchu( 1384): gralloc_alloc: Creating ashmem region of size 303104
12-14 00:11:59.323 V/StatusBar( 1732): setLightsOn(true)
12-14 00:11:59.325 I/chatty  ( 1732): uid=10028(u0_a28) com.android.systemui identical 1 line
12-14 00:11:59.341 V/StatusBar( 1732): setLightsOn(true)
12-14 00:11:59.824 W/audio_hw_generic( 1366): Not supplying enough data to HAL, expected position 23464 , only wrote 2880
12-14 00:11:59.824 W/AudioFlinger( 1475): write blocked for 492 msecs, 1 delayed writes, thread 0xb2c03240
12-14 00:11:59.825 W/audio_hw_generic( 1366): Not supplying enough data to HAL, expected position 2903 , only wrote 2880
12-14 00:11:59.826 W/audio_hw_generic( 1366): Hardware backing HAL too slow, could only write 0 of 720 frames
12-14 00:11:59.841 W/audio_hw_generic( 1366): Hardware backing HAL too slow, could only write 0 of 720 frames
12-14 00:11:59.853 D/AudioFlinger( 1475): mixer(0xb2c03240) throttle end: throttle time(11)
12-14 00:11:59.857 W/audio_hw_generic( 1366): Hardware backing HAL too slow, could only write 0 of 720 frames
12-14 00:11:59.873 V/StatusBar( 1732): setLightsOn(true)
12-14 00:11:59.900 I/AssistStructure( 1628): Flattened final assist data: 4496 bytes, containing 2 windows, 19 views
12-14 00:11:59.918 D/gralloc_ranchu( 1384): gralloc_alloc: Creating ashmem region of size 7753728
12-14 00:11:59.925 W/lgq     ( 1944): Pending fill request while another request in the same session was triggered. [CONTEXT service_id=177 ]
12-14 00:11:59.941 E/SurfaceFlinger( 1413): ro.sf.lcd_density must be defined as a build property
12-14 00:11:59.942 D/PermissionCache( 1413): checking android.permission.READ_FRAME_BUFFER for uid=2000 => granted (116 us)
12-14 00:11:59.974 D/gralloc_ranchu( 1384): gralloc_alloc: Creating ashmem region of size 8298496
12-14 00:11:59.996 D/        ( 3975): HostConnection::get() New Host Connection established 0xb11af800, tid 3975
12-14 00:12:00.254 I/zygote  ( 1944): Deoptimizing bpvb bpuz.i(bpva) due to JIT inline cache
12-14 00:12:00.444 I/zygote  ( 1944): Background concurrent copying GC freed 77321(4MB) AllocSpace objects, 5(216KB) LOS objects, 45% free, 7MB/13MB, paused 599us total 121.752ms
12-14 00:12:00.487 E/memtrack( 1628): Couldn't load memtrack module
12-14 00:12:00.487 W/android.os.Debug( 1628): failed to get memory consumption info: -1
12-14 00:12:00.616 I/System.out( 3921): URI: //kill
12-14 00:12:00.616 I/System.out( 3921): params: {json={}
12-14 00:12:00.616 I/System.out( 3921): }
12-14 00:12:00.616 I/System.out( 3921): Stopping test server
12-14 00:12:00.621 E/adbd    ( 1354): failed to connect to socket 'tcp:7102': Connection refused
12-14 00:12:00.624 E/adbd    ( 1354): failed to connect to socket 'tcp:7102': Connection refused
12-14 00:12:00.633 V/StatusBar( 1732): setLightsOn(true)
12-14 00:12:00.641 I/chatty  ( 1732): uid=10028(u0_a28) com.android.systemui identical 1 line
12-14 00:12:00.644 V/StatusBar( 1732): setLightsOn(true)
12-14 00:12:00.647 D/BoundBrokerSvc( 1944): onUnbind: Intent { act=com.google.android.gms.auth.account.workaccount.START cmp=com.google.android.gms/.chimera.PersistentApiService }
12-14 00:12:00.655 V/StatusBar( 1732): setLightsOn(true)
12-14 00:12:00.658 V/StatusBar( 1732): setLightsOn(true)
12-14 00:12:00.658 D/gralloc_ranchu( 1384): gralloc_alloc: Creating ashmem region of size 8298496
12-14 00:12:00.681 I/chatty  ( 1384): uid=1000(system) allocator@2.0-s identical 1 line
12-14 00:12:00.703 D/gralloc_ranchu( 1384): gralloc_alloc: Creating ashmem region of size 8298496
12-14 00:12:00.743 D/SurfaceFlinger( 1413): duplicate layer name: changing com.google.android.apps.nexuslauncher/com.google.android.apps.nexuslauncher.NexusLauncherActivity to com.google.android.apps.nexuslauncher/com.google.android.apps.nexuslauncher.NexusLauncherActivity#1
12-14 00:12:00.760 D/gralloc_ranchu( 1384): gralloc_alloc: Creating ashmem region of size 8298496
12-14 00:12:00.777 D/EGL_emulation( 2171): eglMakeCurrent: 0x9e3fdf20: ver 3 0 (tinfo 0x9e3ff850)
12-14 00:12:00.779 D/EGL_emulation( 1732): eglMakeCurrent: 0x8cdd1460: ver 3 0 (tinfo 0x8cd89ba0)
12-14 00:12:00.845 D/gralloc_ranchu( 1384): gralloc_alloc: Creating ashmem region of size 8298496
12-14 00:12:00.909 D/gralloc_ranchu( 1384): gralloc_alloc: Creating ashmem region of size 8298496
12-14 00:12:00.972 D/BoundBrokerSvc( 1944): onUnbind: Intent { act=com.google.android.gms.auth.proximity.START cmp=com.google.android.gms/.chimera.PersistentBoundBrokerService }
12-14 00:12:01.014 D/BoundBrokerSvc( 2222): onUnbind: Intent { act=com.google.android.gms.auth.cryptauth.cryptauthservice.START cmp=com.google.android.gms/.chimera.GmsBoundBrokerService }
12-14 00:12:01.023 I/zygote  ( 2171): Deoptimizing void com.google.android.apps.gsa.search.core.service.worker.a.a.a(com.google.android.apps.gsa.search.core.state.qc) due to JIT inline cache
12-14 00:12:01.024 D/EGL_emulation( 2143): eglMakeCurrent: 0xa0704540: ver 3 0 (tinfo 0xa0703490)
12-14 00:12:01.037 W/SessionLifecycleManager( 2171): Handover failed. Creating new session controller.
12-14 00:12:01.041 I/OptInState( 2171): There is a new client and it does not support opt-in. Dropping request.
12-14 00:12:01.048 I/zygote  ( 2171): Deoptimizing int[] com.google.common.collect.gx.b(java.lang.Object[], int, int, int) due to JIT inline cache
12-14 00:12:01.051 E/GmsClient( 2171): unable to connect to service: com.google.android.gms.speech.service.START on com.google.android.gms
12-14 00:12:01.061 D/gralloc_ranchu( 1384): gralloc_alloc: Creating ashmem region of size 7753728
12-14 00:12:01.094 I/MicroDetectionWorker( 2171): #updateMicroDetector [detectionMode: [mDetectionMode: [1]]]
12-14 00:12:01.094 I/MicroDetectionWorker( 2171): #startMicroDetector [speakerMode: 0]
12-14 00:12:01.095 I/AudioController( 2171): Using mInputStreamFactoryBuilder
12-14 00:12:01.115 I/MicroDetectionWorker( 2171): onReady
12-14 00:12:01.127 I/MicroRecognitionRunner( 2171): Starting detection.
12-14 00:12:01.129 I/MicrophoneInputStream( 2171): mic_starting com.google.android.apps.gsa.staticplugins.aa.c@159939b
12-14 00:12:01.167 I/zygote  ( 2171): Do full code cache collection, code=242KB, data=203KB
12-14 00:12:01.168 I/zygote  ( 2171): After code cache collection, code=232KB, data=157KB
12-14 00:12:01.170 I/AudioFlinger( 1475): AudioFlinger's thread 0xb1e8c780 tid=3993 ready to run
12-14 00:12:01.171 I/MicrophoneInputStream( 2171): mic_started com.google.android.apps.gsa.staticplugins.aa.c@159939b
12-14 00:12:01.173 W/SpeechLevelGenerator( 2171): Really low audio levels detected. The audio input may have issues.
12-14 00:12:01.175 I/MicrophoneInputStream( 2171): mic_close com.google.android.apps.gsa.staticplugins.aa.c@159939b
12-14 00:12:01.175 I/MicroRecognitionRunner( 2171): Detection finished
12-14 00:12:01.175 W/ErrorReporter( 2171): reportError [type: 211, code: 524300]: Error reading from input stream
12-14 00:12:01.176 I/MicroRecognitionRunner( 2171): Stopping hotword detection.
12-14 00:12:01.176 W/ErrorProcessor( 2171): onFatalError, processing error from engine(4)
12-14 00:12:01.176 W/ErrorProcessor( 2171): com.google.android.apps.gsa.shared.speech.b.g: Error reading from input stream
12-14 00:12:01.176 W/ErrorProcessor( 2171): 	at com.google.android.apps.gsa.staticplugins.recognizer.j.a.a(SourceFile:28)
12-14 00:12:01.176 W/ErrorProcessor( 2171): 	at com.google.android.apps.gsa.staticplugins.recognizer.j.b.run(SourceFile:15)
12-14 00:12:01.176 W/ErrorProcessor( 2171): 	at java.util.concurrent.Executors$RunnableAdapter.call(Executors.java:457)
12-14 00:12:01.176 W/ErrorProcessor( 2171): 	at java.util.concurrent.FutureTask.run(FutureTask.java:266)
12-14 00:12:01.176 W/ErrorProcessor( 2171): 	at com.google.android.apps.gsa.shared.util.concurrent.a.ax.run(SourceFile:14)
12-14 00:12:01.176 W/ErrorProcessor( 2171): 	at com.google.android.apps.gsa.shared.util.concurrent.a.bl.run(SourceFile:4)
12-14 00:12:01.176 W/ErrorProcessor( 2171): 	at com.google.android.apps.gsa.shared.util.concurrent.a.bl.run(SourceFile:4)
12-14 00:12:01.176 W/ErrorProcessor( 2171): 	at java.util.concurrent.ThreadPoolExecutor.runWorker(ThreadPoolExecutor.java:1162)
12-14 00:12:01.176 W/ErrorProcessor( 2171): 	at java.util.concurrent.ThreadPoolExecutor$Worker.run(ThreadPoolExecutor.java:636)
12-14 00:12:01.176 W/ErrorProcessor( 2171): 	at java.lang.Thread.run(Thread.java:764)
12-14 00:12:01.176 W/ErrorProcessor( 2171): 	at com.google.android.apps.gsa.shared.util.concurrent.a.ai.run(SourceFile:6)
12-14 00:12:01.176 W/ErrorProcessor( 2171): Caused by: com.google.android.apps.gsa.shared.exception.GsaIOException: Error code: 393238 | Buffer overflow, no available space.
12-14 00:12:01.176 W/ErrorProcessor( 2171): 	at com.google.android.apps.gsa.speech.audio.Tee.f(SourceFile:103)
12-14 00:12:01.176 W/ErrorProcessor( 2171): 	at com.google.android.apps.gsa.speech.audio.au.read(SourceFile:2)
12-14 00:12:01.176 W/ErrorProcessor( 2171): 	at java.io.InputStream.read(InputStream.java:101)
12-14 00:12:01.176 W/ErrorProcessor( 2171): 	at com.google.android.apps.gsa.speech.audio.ao.run(SourceFile:18)
12-14 00:12:01.176 W/ErrorProcessor( 2171): 	at com.google.android.apps.gsa.speech.audio.an.run(SourceFile:2)
12-14 00:12:01.176 W/ErrorProcessor( 2171): 	... 9 more
12-14 00:12:01.176 I/AudioController( 2171): internalShutdown
12-14 00:12:01.182 D/        ( 1732): HostConnection::get() New Host Connection established 0x8c049240, tid 1985
12-14 00:12:01.184 D/EGL_emulation( 1732): eglMakeCurrent: 0x8cdd1460: ver 3 0 (tinfo 0x8cd89ba0)
12-14 00:12:01.201 I/MicroDetectionWorker( 2171): onReady
12-14 00:12:01.202 I/MicroDetector( 2171): Keeping mic open: false
12-14 00:12:01.203 I/DeviceStateChecker( 2171): DeviceStateChecker cancelled
12-14 00:12:01.203 I/MicroDetectionWorker( 2171): #onError(false)
12-14 00:12:01.230 D/EGL_emulation( 1732): eglMakeCurrent: 0x8cdd1460: ver 3 0 (tinfo 0x8cd89ba0)
12-14 00:12:01.235 I/chatty  ( 1732): uid=10028(u0_a28) RenderThread identical 1 line
12-14 00:12:01.247 D/EGL_emulation( 1732): eglMakeCurrent: 0x8cdd1460: ver 3 0 (tinfo 0x8cd89ba0)
12-14 00:12:01.249 D/        ( 1732): HostConnection::get() New Host Connection established 0xa0720d00, tid 1751
12-14 00:12:01.252 D/EGL_emulation( 1732): eglMakeCurrent: 0x8cdd1460: ver 3 0 (tinfo 0x8cd89ba0)
12-14 00:12:01.414 I/chatty  ( 1732): uid=10028(u0_a28) RenderThread identical 15 lines
12-14 00:12:01.417 D/EGL_emulation( 1732): eglMakeCurrent: 0x8cdd1460: ver 3 0 (tinfo 0x8cd89ba0)
12-14 00:12:01.501 W/OpenGLRenderer( 2143): Incorrectly called buildLayer on View: ShortcutAndWidgetContainer, destroying layer...
12-14 00:12:01.521 D/EGL_emulation( 1732): eglMakeCurrent: 0x8cdd1460: ver 3 0 (tinfo 0x8cd89ba0)
12-14 00:12:01.624 D/OpenGLRenderer( 1628): HWUI GL Pipeline
12-14 00:12:01.628 E/SurfaceFlinger( 1413): ro.sf.lcd_density must be defined as a build property
12-14 00:12:01.633 D/        ( 1628): HostConnection::get() New Host Connection established 0x8e6e2100, tid 3994
12-14 00:12:01.635 I/OpenGLRenderer( 1628): Initialized EGL, version 1.4
12-14 00:12:01.635 D/OpenGLRenderer( 1628): Swap behavior 1
12-14 00:12:01.635 W/OpenGLRenderer( 1628): Failed to choose config with EGL_SWAP_BEHAVIOR_PRESERVED, retrying without...
12-14 00:12:01.635 D/OpenGLRenderer( 1628): Swap behavior 0
12-14 00:12:01.647 D/EGL_emulation( 1628): eglCreateContext: 0x901cfac0: maj 3 min 0 rcv 3
12-14 00:12:01.649 D/EGL_emulation( 1628): eglMakeCurrent: 0x901cfac0: ver 3 0 (tinfo 0x8aa17730)
12-14 00:12:01.650 E/eglCodecCommon( 1628): glUtilsParamSize: unknow param 0x00008cdf
12-14 00:12:01.650 E/eglCodecCommon( 1628): glUtilsParamSize: unknow param 0x00008cdf
12-14 00:12:01.650 E/eglCodecCommon( 1628): glUtilsParamSize: unknow param 0x00008824
12-14 00:12:01.650 E/eglCodecCommon( 1628): glUtilsParamSize: unknow param 0x00008824
12-14 00:12:02.001 D/BoundBrokerSvc( 1944): onUnbind: Intent { act=com.google.android.contextmanager.service.ContextManagerService.START cmp=com.google.android.gms/.chimera.PersistentApiService }
12-14 00:12:03.036 W/audio_hw_generic( 1366): Not supplying enough data to HAL, expected position 309350 , only wrote 156960
12-14 00:12:03.968 D/AndroidRuntime( 3998): >>>>>> START com.android.internal.os.RuntimeInit uid 2000 <<<<<<
12-14 00:12:04.001 W/app_process( 3998): Unexpected CPU variant for X86 using defaults: x86
12-14 00:12:04.017 D/AndroidRuntime( 3998): Calling main entry com.android.commands.am.Am
--------- beginning of system
12-14 00:12:04.020 I/ActivityManager( 1628): Force stopping com.evancharlton.mileage appid=10210 user=0: start instr
12-14 00:12:04.020 I/ActivityManager( 1628): Killing 3921:com.evancharlton.mileage/u0a210 (adj 0): stop com.evancharlton.mileage
12-14 00:12:04.021 W/ActivityManager( 1628): Crash of app com.evancharlton.mileage running instrumentation ComponentInfo{com.evancharlton.mileage.test/sh.calaba.instrumentationbackend.CalabashInstrumentationTestRunner}
12-14 00:12:04.021 I/ActivityManager( 1628): Force stopping com.evancharlton.mileage appid=10210 user=0: finished inst
12-14 00:12:04.031 I/zygote  ( 4008): Not late-enabling -Xcheck:jni (already on)
12-14 00:12:04.037 W/zygote  ( 4008): Unexpected CPU variant for X86 using defaults: x86
12-14 00:12:04.038 I/ActivityManager( 1628): Start proc 4008:com.evancharlton.mileage/u0a210 for added application com.evancharlton.mileage
12-14 00:12:04.040 W/ActivityManager( 1628): setHasOverlayUi called on unknown pid: 3921
12-14 00:12:04.041 D/AndroidRuntime( 3998): Shutting down VM
12-14 00:12:04.065 W/zygote  ( 4008): Found duplicate classes, falling back to extracting from APK : /data/app/com.evancharlton.mileage.test-pVSUdVeosRR4zcbCQ3_tGA==/base.apk
12-14 00:12:04.065 W/zygote  ( 4008): NOTE: This wastes RAM and hurts startup performance.
12-14 00:12:04.065 W/zygote  ( 4008): Found duplicated class when checking oat files: 'Ljunit/runner/BaseTestRunner;' in /data/app/com.evancharlton.mileage.test-pVSUdVeosRR4zcbCQ3_tGA==/base.apk and /system/framework/android.test.runner.jar
12-14 00:12:04.065 W/zygote  ( 4008): 
12-14 00:12:04.069 E/adbd    ( 1354): failed to connect to socket 'tcp:7102': Connection refused
12-14 00:12:04.071 E/adbd    ( 1354): failed to connect to socket 'tcp:7102': Connection refused
12-14 00:12:04.095 W/System  ( 4008): ClassLoader referenced unknown path: 
12-14 00:12:04.106 I/System.out( 4008): Main activity name automatically set to: com.evancharlton.mileage.Mileage
12-14 00:12:04.106 I/System.out( 4008): Calabash did not load Mono. This is only a problem if you are trying to test a Mono application
12-14 00:12:04.107 I/calabash( 4008): Test server port: 7102
12-14 00:12:04.109 I/InstrumentationBackend( 4008): Added:'GetPreferences', with key:'get_preferences'
12-14 00:12:04.166 I/InstrumentationBackend( 4008): Added:'SetPreferences', with key:'set_preferences'
12-14 00:12:04.167 I/InstrumentationBackend( 4008): Added:'ClearPreferences', with key:'clear_preferences'
12-14 00:12:04.167 I/InstrumentationBackend( 4008): Added:'PressElement', with key:'press_l10n_element'
12-14 00:12:04.167 I/InstrumentationBackend( 4008): Added:'WaitForElement', with key:'wait_for_l10n_element'
12-14 00:12:04.168 I/InstrumentationBackend( 4008): Added:'NullAction', with key:'nullAction'
12-14 00:12:04.168 I/InstrumentationBackend( 4008): Added:'PressKey', with key:'press_key'
12-14 00:12:04.169 I/InstrumentationBackend( 4008): Added:'SetActivityOrientation', with key:'set_activity_orientation'
12-14 00:12:04.169 I/InstrumentationBackend( 4008): Added:'GetActivityOrientation', with key:'get_activity_orientation'
12-14 00:12:04.170 I/InstrumentationBackend( 4008): Added:'FakeGPSLocation', with key:'set_gps_coordinates'
12-14 00:12:04.170 I/InstrumentationBackend( 4008): Added:'SetPropertyByCssSelector', with key:'set_property_by_css_selector'
12-14 00:12:04.171 I/InstrumentationBackend( 4008): Added:'GetUrl', with key:'get_url'
12-14 00:12:04.173 I/InstrumentationBackend( 4008): Added:'ScrollTo', with key:'scroll_to'
12-14 00:12:04.173 I/InstrumentationBackend( 4008): Added:'GetLoadProgress', with key:'get_load_progress'
12-14 00:12:04.174 I/InstrumentationBackend( 4008): Added:'DumpHtml', with key:'dump_html'
12-14 00:12:04.174 I/InstrumentationBackend( 4008): Added:'DumpBodyHtml', with key:'dump_body_html'
12-14 00:12:04.174 I/InstrumentationBackend( 4008): Added:'EnterTextByCssSelector', with key:'enter_text_by_selector'
12-14 00:12:04.178 I/InstrumentationBackend( 4008): Added:'AndroidSDKVersion', with key:'android_sdk_version'
12-14 00:12:04.178 I/InstrumentationBackend( 4008): Added:'Version', with key:'version'
12-14 00:12:04.179 I/InstrumentationBackend( 4008): Added:'Drag', with key:'drag'
12-14 00:12:04.179 I/InstrumentationBackend( 4008): Added:'TouchCoordinates', with key:'touch_coordinate'
12-14 00:12:04.179 I/InstrumentationBackend( 4008): Added:'LongPressCoordinate', with key:'long_press_coordinate'
12-14 00:12:04.179 I/InstrumentationBackend( 4008): Added:'DragCoordinates', with key:'drag_coordinates'
12-14 00:12:04.180 I/InstrumentationBackend( 4008): Added:'ResumeApplication', with key:'resume_application'
12-14 00:12:04.180 I/InstrumentationBackend( 4008): Added:'Swipe', with key:'swipe'
12-14 00:12:04.181 I/InstrumentationBackend( 4008): Added:'DoubleTapCoordinate', with key:'double_tap_coordinate'
12-14 00:12:04.181 I/InstrumentationBackend( 4008): Added:'ClickOnScreen', with key:'click_on_screen'
12-14 00:12:04.182 I/InstrumentationBackend( 4008): Added:'GetActivityName', with key:'get_activity_name'
12-14 00:12:04.182 I/InstrumentationBackend( 4008): Added:'ScrollToView', with key:'scroll_to_view'
12-14 00:12:04.182 I/InstrumentationBackend( 4008): Added:'ViewConfiguration', with key:'view_configuration'
12-14 00:12:04.183 I/InstrumentationBackend( 4008): Added:'IsCurrentActivityFocused', with key:'is_current_activity_focused'
12-14 00:12:04.183 I/InstrumentationBackend( 4008): Added:'SendTcp', with key:'send_tcp'
12-14 00:12:04.184 I/InstrumentationBackend( 4008): Added:'DpToDevicePixel', with key:'dp_to_device_pixel'
12-14 00:12:04.186 I/InstrumentationBackend( 4008): Added:'KeyboardEnterText', with key:'keyboard_enter_text'
12-14 00:12:04.186 I/InstrumentationBackend( 4008): Added:'DeleteSurroundingText', with key:'delete_surrounding_text'
12-14 00:12:04.187 I/InstrumentationBackend( 4008): Added:'SetComposingRegion', with key:'set_composing_region'
12-14 00:12:04.187 E/adbd    ( 1354): failed to connect to socket 'tcp:7102': Connection refused
12-14 00:12:04.187 I/InstrumentationBackend( 4008): Added:'SetSelection', with key:'set_selection'
12-14 00:12:04.187 I/InstrumentationBackend( 4008): Added:'KeyboardKeyEvent', with key:'keyboard_key_event'
12-14 00:12:04.189 I/InstrumentationBackend( 4008): Added:'PressUserActionButton', with key:'press_user_action_button'
12-14 00:12:04.190 I/InstrumentationBackend( 4008): Added:'HideSoftKeyboard', with key:'hide_soft_keyboard'
12-14 00:12:04.191 I/InstrumentationBackend( 4008): Added:'ListActions', with key:'list_actions'
12-14 00:12:04.191 I/calabash( 4008): Instantiating http server at 7102
12-14 00:12:04.191 E/adbd    ( 1354): failed to connect to socket 'tcp:7102': Connection refused
12-14 00:12:04.192 I/System.out( 4008): HTTP Daemon listening on: 7102
12-14 00:12:04.303 I/System.out( 4008): URI: //ping
12-14 00:12:04.303 I/System.out( 4008): params: {json={}
12-14 00:12:04.303 I/System.out( 4008): }
12-14 00:12:04.313 I/System.out( 4008): URI: //ping
12-14 00:12:04.313 I/System.out( 4008): params: {json={}
12-14 00:12:04.313 I/System.out( 4008): }
12-14 00:12:04.320 I/System.out( 4008): URI: //ready
12-14 00:12:04.320 I/System.out( 4008): params: {json={}
12-14 00:12:04.320 I/System.out( 4008): }
12-14 00:12:04.327 I/System.out( 4008): URI: //
12-14 00:12:04.327 I/System.out( 4008): params: {json={"command":"version","arguments":[]}
12-14 00:12:04.327 I/System.out( 4008): }
12-14 00:12:04.327 I/System.out( 4008): header: {content-type=application/json;charset=utf-8, date=Mon, 14 Dec 2020 05:12:05 GMT, accept=*/*, host=127.0.0.1:34777, content-length=36, user-agent=HTTPClient/1.0 (2.8.3, ruby 2.5.8 (2020-03-31))}
12-14 00:12:04.327 I/System.out( 4008): params: {json={"command":"version","arguments":[]}
12-14 00:12:04.327 I/System.out( 4008): }
12-14 00:12:04.327 I/System.out( 4008): ProP json = {"command":"version","arguments":[]}
12-14 00:12:04.327 I/System.out( 4008): files: {}
12-14 00:12:04.327 I/System.out( 4008): command: {"command":"version","arguments":[]}
12-14 00:12:04.355 I/InstrumentationBackend( 4008): Got command:'Command:'Line:null,version', arguments:'[]'
12-14 00:12:04.391 I/System.out( 4008): result:{"bonusInformation":[],"message":"0.9.8","success":true}
12-14 00:12:04.398 I/System.out( 4008): URI: //start-application
12-14 00:12:04.398 I/System.out( 4008): params: {json={"intent":null}
12-14 00:12:04.398 I/System.out( 4008): }
12-14 00:12:04.435 I/ActivityManager( 1628): START u0 {act=android.intent.action.MAIN cat=[android.intent.category.LAUNCHER] flg=0x10200000 cmp=com.evancharlton.mileage/.Mileage} from uid 10210
12-14 00:12:04.450 I/calabash( 4008): newActivity1
12-14 00:12:04.461 D/gralloc_ranchu( 1384): gralloc_alloc: Creating ashmem region of size 7753728
12-14 00:12:04.513 W/ActivityManager( 1628): Bad activity token: android.os.BinderProxy@793eade
12-14 00:12:04.513 W/ActivityManager( 1628): java.lang.ClassCastException: android.os.BinderProxy cannot be cast to com.android.server.am.ActivityRecord$Token
12-14 00:12:04.513 W/ActivityManager( 1628): 	at com.android.server.am.ActivityRecord.forTokenLocked(ActivityRecord.java:778)
12-14 00:12:04.513 W/ActivityManager( 1628): 	at com.android.server.am.ActivityRecord.isInStackLocked(ActivityRecord.java:2085)
12-14 00:12:04.513 W/ActivityManager( 1628): 	at com.android.server.am.ActivityRecord.getStackLocked(ActivityRecord.java:2090)
12-14 00:12:04.513 W/ActivityManager( 1628): 	at com.android.server.am.ActivityManagerService.getActivityDisplayId(ActivityManagerService.java:10406)
12-14 00:12:04.513 W/ActivityManager( 1628): 	at android.app.IActivityManager$Stub.onTransact(IActivityManager.java:2738)
12-14 00:12:04.513 W/ActivityManager( 1628): 	at com.android.server.am.ActivityManagerService.onTransact(ActivityManagerService.java:2935)
12-14 00:12:04.513 W/ActivityManager( 1628): 	at android.os.Binder.execTransact(Binder.java:674)
12-14 00:12:04.515 I/calabash( 4008): newActivity1
12-14 00:12:04.523 W/ActivityManager( 1628): Bad activity token: android.os.BinderProxy@793eade
12-14 00:12:04.523 W/ActivityManager( 1628): java.lang.ClassCastException: android.os.BinderProxy cannot be cast to com.android.server.am.ActivityRecord$Token
12-14 00:12:04.523 W/ActivityManager( 1628): 	at com.android.server.am.ActivityRecord.forTokenLocked(ActivityRecord.java:778)
12-14 00:12:04.523 W/ActivityManager( 1628): 	at com.android.server.am.ActivityRecord.isInStackLocked(ActivityRecord.java:2085)
12-14 00:12:04.523 W/ActivityManager( 1628): 	at com.android.server.am.ActivityManagerService.setTaskDescription(ActivityManagerService.java:9988)
12-14 00:12:04.523 W/ActivityManager( 1628): 	at android.app.IActivityManager$Stub.onTransact(IActivityManager.java:2824)
12-14 00:12:04.523 W/ActivityManager( 1628): 	at com.android.server.am.ActivityManagerService.onTransact(ActivityManagerService.java:2935)
12-14 00:12:04.523 W/ActivityManager( 1628): 	at android.os.Binder.execTransact(Binder.java:674)
12-14 00:12:04.524 W/ActivityManager( 1628): Bad activity token: android.os.BinderProxy@793eade
12-14 00:12:04.524 W/ActivityManager( 1628): java.lang.ClassCastException: android.os.BinderProxy cannot be cast to com.android.server.am.ActivityRecord$Token
12-14 00:12:04.524 W/ActivityManager( 1628): 	at com.android.server.am.ActivityRecord.forTokenLocked(ActivityRecord.java:778)
12-14 00:12:04.524 W/ActivityManager( 1628): 	at com.android.server.am.ActivityRecord.isInStackLocked(ActivityRecord.java:2085)
12-14 00:12:04.524 W/ActivityManager( 1628): 	at com.android.server.am.ActivityRecord.getStackLocked(ActivityRecord.java:2090)
12-14 00:12:04.524 W/ActivityManager( 1628): 	at com.android.server.am.ActivityManagerService.getActivityStackId(ActivityManagerService.java:10417)
12-14 00:12:04.524 W/ActivityManager( 1628): 	at android.app.IActivityManager$Stub.onTransact(IActivityManager.java:3548)
12-14 00:12:04.524 W/ActivityManager( 1628): 	at com.android.server.am.ActivityManagerService.onTransact(ActivityManagerService.java:2935)
12-14 00:12:04.524 W/ActivityManager( 1628): 	at android.os.Binder.execTransact(Binder.java:674)
12-14 00:12:04.558 E/ContentStoreEUAS( 2171): Failed to commit the deferred actions
12-14 00:12:04.562 D/EGL_emulation( 2143): eglMakeCurrent: 0xa0704540: ver 3 0 (tinfo 0xa0703490)
12-14 00:12:04.581 D/EGL_emulation( 1732): eglMakeCurrent: 0x8cdd1460: ver 3 0 (tinfo 0x8cd89ba0)
12-14 00:12:04.584 D/EGL_emulation( 2171): eglMakeCurrent: 0x9e3fdf20: ver 3 0 (tinfo 0x9e3ff850)
12-14 00:12:04.586 D/EGL_emulation( 1732): eglMakeCurrent: 0x8cdd1460: ver 3 0 (tinfo 0x8cd89ba0)
12-14 00:12:04.587 V/StatusBar( 1732): setLightsOn(true)
12-14 00:12:04.595 D/EGL_emulation( 1732): eglMakeCurrent: 0x8cdd1460: ver 3 0 (tinfo 0x8cd89ba0)
12-14 00:12:04.604 D/EGL_emulation( 1732): eglMakeCurrent: 0x8cdd1460: ver 3 0 (tinfo 0x8cd89ba0)
12-14 00:12:04.606 V/StatusBar( 1732): setLightsOn(true)
12-14 00:12:04.612 D/EGL_emulation( 1732): eglMakeCurrent: 0x8cdd1460: ver 3 0 (tinfo 0x8cd89ba0)
12-14 00:12:04.653 W/ActivityManager( 1628): Bad activity token: android.os.BinderProxy@793eade
12-14 00:12:04.653 W/ActivityManager( 1628): java.lang.ClassCastException: android.os.BinderProxy cannot be cast to com.android.server.am.ActivityRecord$Token
12-14 00:12:04.653 W/ActivityManager( 1628): 	at com.android.server.am.ActivityRecord.forTokenLocked(ActivityRecord.java:778)
12-14 00:12:04.653 W/ActivityManager( 1628): 	at com.android.server.am.ActivityRecord.isInStackLocked(ActivityRecord.java:2085)
12-14 00:12:04.653 W/ActivityManager( 1628): 	at com.android.server.am.ActivityManagerService.getActivityOptions(ActivityManagerService.java:13302)
12-14 00:12:04.653 W/ActivityManager( 1628): 	at android.app.IActivityManager$Stub.onTransact(IActivityManager.java:2910)
12-14 00:12:04.653 W/ActivityManager( 1628): 	at com.android.server.am.ActivityManagerService.onTransact(ActivityManagerService.java:2935)
12-14 00:12:04.653 W/ActivityManager( 1628): 	at android.os.Binder.execTransact(Binder.java:674)
12-14 00:12:04.654 W/ActivityManager( 1628): Bad activity token: android.os.BinderProxy@793eade
12-14 00:12:04.654 W/ActivityManager( 1628): java.lang.ClassCastException: android.os.BinderProxy cannot be cast to com.android.server.am.ActivityRecord$Token
12-14 00:12:04.654 W/ActivityManager( 1628): 	at com.android.server.am.ActivityRecord.forTokenLocked(ActivityRecord.java:778)
12-14 00:12:04.654 W/ActivityManager( 1628): 	at com.android.server.am.ActivityRecord.isInStackLocked(ActivityRecord.java:2085)
12-14 00:12:04.654 W/ActivityManager( 1628): 	at com.android.server.am.ActivityManagerService.getActivityOptions(ActivityManagerService.java:13302)
12-14 00:12:04.654 W/ActivityManager( 1628): 	at android.app.IActivityManager$Stub.onTransact(IActivityManager.java:2910)
12-14 00:12:04.654 W/ActivityManager( 1628): 	at com.android.server.am.ActivityManagerService.onTransact(ActivityManagerService.java:2935)
12-14 00:12:04.654 W/ActivityManager( 1628): 	at android.os.Binder.execTransact(Binder.java:674)
12-14 00:12:04.746 I/chatty  ( 1732): uid=10028(u0_a28) RenderThread identical 16 lines
12-14 00:12:04.753 D/EGL_emulation( 1732): eglMakeCurrent: 0x8cdd1460: ver 3 0 (tinfo 0x8cd89ba0)
12-14 00:12:04.754 V/StatusBar( 1732): setLightsOn(true)
12-14 00:12:04.762 D/EGL_emulation( 1732): eglMakeCurrent: 0x8cdd1460: ver 3 0 (tinfo 0x8cd89ba0)
12-14 00:12:04.786 I/chatty  ( 1732): uid=10028(u0_a28) RenderThread identical 3 lines
12-14 00:12:04.797 D/EGL_emulation( 1732): eglMakeCurrent: 0x8cdd1460: ver 3 0 (tinfo 0x8cd89ba0)
12-14 00:12:04.806 I/zygote  ( 4008): Do partial code cache collection, code=28KB, data=30KB
12-14 00:12:04.807 I/zygote  ( 4008): After code cache collection, code=28KB, data=30KB
12-14 00:12:04.807 I/zygote  ( 4008): Increasing code cache capacity to 128KB
12-14 00:12:04.808 I/zygote  ( 4008): Do partial code cache collection, code=28KB, data=48KB
12-14 00:12:04.810 I/zygote  ( 4008): After code cache collection, code=28KB, data=48KB
12-14 00:12:04.810 I/zygote  ( 4008): Increasing code cache capacity to 256KB
12-14 00:12:04.811 I/zygote  ( 4008): JIT allocated 71KB for compiled code of void android.widget.TextView.<init>(android.content.Context, android.util.AttributeSet, int, int)
12-14 00:12:04.812 I/zygote  ( 4008): Compiler allocated 4MB to compile void android.widget.TextView.<init>(android.content.Context, android.util.AttributeSet, int, int)
12-14 00:12:04.830 V/StatusBar( 1732): setLightsOn(true)
12-14 00:12:04.838 I/chatty  ( 1732): uid=10028(u0_a28) com.android.systemui identical 1 line
12-14 00:12:04.838 V/StatusBar( 1732): setLightsOn(true)
12-14 00:12:04.873 D/gralloc_ranchu( 1384): gralloc_alloc: Creating ashmem region of size 7753728
12-14 00:12:04.893 D/        ( 4008): HostConnection::get() New Host Connection established 0x9ddafd80, tid 4008
12-14 00:12:04.942 V/StatusBar( 1732): setLightsOn(true)
12-14 00:12:04.944 V/StatusBar( 1732): setLightsOn(true)
12-14 00:12:04.946 I/ActivityManager( 1628): Displayed com.evancharlton.mileage/.Mileage: +504ms
12-14 00:12:04.953 V/StatusBar( 1732): setLightsOn(true)
12-14 00:12:04.987 I/zygote  ( 4008): Do full code cache collection, code=125KB, data=69KB
12-14 00:12:04.987 I/zygote  ( 4008): After code cache collection, code=106KB, data=43KB
12-14 00:12:04.987 D/gralloc_ranchu( 1384): gralloc_alloc: Creating ashmem region of size 7753728
12-14 00:12:04.999 V/StatusBar( 1732): setLightsOn(true)
12-14 00:12:05.132 I/chatty  ( 1732): uid=10028(u0_a28) com.android.systemui identical 1 line
12-14 00:12:05.137 V/StatusBar( 1732): setLightsOn(true)
12-14 00:12:05.167 I/System.out( 4008): URI: //map
12-14 00:12:05.167 I/System.out( 4008): params: {json={"query":"android.widget.CheckBox index:0","operation":{"method_name":"query","arguments":[]}}
12-14 00:12:05.167 I/System.out( 4008): }
12-14 00:12:05.293 I/System.out( 4008): URI: //gesture
12-14 00:12:05.293 I/System.out( 4008): params: {json={"query_timeout":5.0,"gestures":[{"query_string":"android.widget.CheckBox index:0","touches":[{"x":50,"y":50,"offset_x":0,"offset_y":0,"wait":0.0,"time":0.2,"release":true,"query_string":null}]}]}
12-14 00:12:05.293 I/System.out( 4008): }
12-14 00:12:05.298 V/StatusBar( 1732): setLightsOn(true)
12-14 00:12:05.311 V/StatusBar( 1732): setLightsOn(true)
12-14 00:12:05.323 I/zygote  ( 4008): Do partial code cache collection, code=123KB, data=57KB
12-14 00:12:05.324 I/zygote  ( 4008): After code cache collection, code=123KB, data=57KB
12-14 00:12:05.324 I/zygote  ( 4008): Increasing code cache capacity to 512KB
12-14 00:12:05.326 W/SurfaceFlinger( 1413): couldn't log to binary event log: overflow.
12-14 00:12:05.415 I/PBSessionCacheImpl( 2171): Deleted sessionId[4139247831371] from persistence.
12-14 00:12:05.461 W/SearchService( 2171): Abort, client detached.
12-14 00:12:05.493 W/RemoteFillService( 1628): Not handling { when=-7ms what=3 target=com.android.internal.os.HandlerCaller$MyHandler } as service for ComponentInfo{com.google.android.gms/com.google.android.gms.autofill.service.AutofillService} is already destroyed
12-14 00:12:05.573 D/BoundBrokerSvc( 1944): onUnbind: Intent { act=com.google.android.gms.pseudonymous.service.START cmp=com.google.android.gms/.chimera.PersistentApiService }
12-14 00:12:05.577 W/audio_hw_generic( 1366): Not supplying enough data to HAL, expected position 157219 , only wrote 156960
12-14 00:12:05.800 E/SurfaceFlinger( 1413): ro.sf.lcd_density must be defined as a build property
12-14 00:12:05.808 D/gralloc_ranchu( 1384): gralloc_alloc: Creating ashmem region of size 8298496
12-14 00:12:05.816 D/        ( 4051): HostConnection::get() New Host Connection established 0xb332f800, tid 4051
12-14 00:12:06.012 D/gralloc_ranchu( 1384): gralloc_alloc: Creating ashmem region of size 7753728
12-14 00:12:06.131 I/System.out( 4008): URI: //map
12-14 00:12:06.131 I/System.out( 4008): params: {json={"query":"android.widget.CheckBox index:0","operation":{"method_name":"query","arguments":[]}}
12-14 00:12:06.131 I/System.out( 4008): }
12-14 00:12:06.283 I/System.out( 4008): URI: //gesture
12-14 00:12:06.283 I/System.out( 4008): params: {json={"query_timeout":5.0,"gestures":[{"query_string":"android.widget.CheckBox index:0","touches":[{"x":50,"y":50,"offset_x":0,"offset_y":0,"wait":0.0,"time":0.2,"release":true,"query_string":null}]}]}
12-14 00:12:06.283 I/System.out( 4008): }
12-14 00:12:06.766 E/SurfaceFlinger( 1413): ro.sf.lcd_density must be defined as a build property
12-14 00:12:06.774 D/gralloc_ranchu( 1384): gralloc_alloc: Creating ashmem region of size 8298496
12-14 00:12:06.784 D/        ( 4059): HostConnection::get() New Host Connection established 0xb2caf800, tid 4059
12-14 00:12:06.970 I/ActivityManager( 1628): Killing 3387:com.android.externalstorage/u0a8 (adj 906): empty #17
12-14 00:12:06.984 V/StatusBar( 1732): setLightsOn(true)
