--------- beginning of main
12-14 03:17:34.831 D/AndroidRuntime( 4417): >>>>>> START com.android.internal.os.RuntimeInit uid 2000 <<<<<<
12-14 03:17:34.865 W/app_process( 4417): Unexpected CPU variant for X86 using defaults: x86
12-14 03:17:34.880 D/AndroidRuntime( 4417): Calling main entry com.android.commands.am.Am
--------- beginning of system
12-14 03:17:34.881 I/ActivityManager( 1626): Force stopping com.evancharlton.mileage appid=10400 user=0: start instr
12-14 03:17:34.882 I/ActivityManager( 1626): Killing 4396:com.evancharlton.mileage/u0a400 (adj 0): stop com.evancharlton.mileage
12-14 03:17:34.884 W/ActivityManager( 1626): Crash of app com.evancharlton.mileage running instrumentation ComponentInfo{com.evancharlton.mileage.test/sh.calaba.instrumentationbackend.ClearAppData2}
12-14 03:17:34.884 I/ActivityManager( 1626): Force stopping com.evancharlton.mileage appid=10400 user=0: finished inst
12-14 03:17:34.890 I/zygote  ( 4427): Not late-enabling -Xcheck:jni (already on)
12-14 03:17:34.897 W/zygote  ( 4427): Unexpected CPU variant for X86 using defaults: x86
12-14 03:17:34.899 I/ActivityManager( 1626): Start proc 4427:com.evancharlton.mileage/u0a400 for added application com.evancharlton.mileage
12-14 03:17:34.900 D/AndroidRuntime( 4417): Shutting down VM
12-14 03:17:34.919 E/adbd    ( 1384): failed to connect to socket 'tcp:7102': Connection refused
12-14 03:17:34.922 E/adbd    ( 1384): failed to connect to socket 'tcp:7102': Connection refused
12-14 03:17:34.927 W/zygote  ( 4427): Found duplicate classes, falling back to extracting from APK : /data/app/com.evancharlton.mileage.test-bevbbR9ImqgV3QFKE0qtvA==/base.apk
12-14 03:17:34.927 W/zygote  ( 4427): NOTE: This wastes RAM and hurts startup performance.
12-14 03:17:34.927 W/zygote  ( 4427): Found duplicated class when checking oat files: 'Ljunit/runner/BaseTestRunner;' in /data/app/com.evancharlton.mileage.test-bevbbR9ImqgV3QFKE0qtvA==/base.apk and /system/framework/android.test.runner.jar
12-14 03:17:34.927 W/zygote  ( 4427): 
12-14 03:17:34.956 W/System  ( 4427): ClassLoader referenced unknown path: 
12-14 03:17:34.972 I/System.out( 4427): Main activity name automatically set to: com.evancharlton.mileage.Mileage
12-14 03:17:34.973 I/System.out( 4427): Calabash did not load Mono. This is only a problem if you are trying to test a Mono application
12-14 03:17:34.973 I/calabash( 4427): Test server port: 7102
12-14 03:17:34.974 I/InstrumentationBackend( 4427): Added:'GetPreferences', with key:'get_preferences'
12-14 03:17:35.032 I/InstrumentationBackend( 4427): Added:'SetPreferences', with key:'set_preferences'
12-14 03:17:35.032 I/InstrumentationBackend( 4427): Added:'ClearPreferences', with key:'clear_preferences'
12-14 03:17:35.032 I/InstrumentationBackend( 4427): Added:'PressElement', with key:'press_l10n_element'
12-14 03:17:35.033 I/InstrumentationBackend( 4427): Added:'WaitForElement', with key:'wait_for_l10n_element'
12-14 03:17:35.033 I/InstrumentationBackend( 4427): Added:'NullAction', with key:'nullAction'
12-14 03:17:35.034 I/InstrumentationBackend( 4427): Added:'PressKey', with key:'press_key'
12-14 03:17:35.034 I/InstrumentationBackend( 4427): Added:'SetActivityOrientation', with key:'set_activity_orientation'
12-14 03:17:35.034 I/InstrumentationBackend( 4427): Added:'GetActivityOrientation', with key:'get_activity_orientation'
12-14 03:17:35.035 I/InstrumentationBackend( 4427): Added:'FakeGPSLocation', with key:'set_gps_coordinates'
12-14 03:17:35.035 I/InstrumentationBackend( 4427): Added:'SetPropertyByCssSelector', with key:'set_property_by_css_selector'
12-14 03:17:35.037 E/adbd    ( 1384): failed to connect to socket 'tcp:7102': Connection refused
12-14 03:17:35.038 I/InstrumentationBackend( 4427): Added:'GetUrl', with key:'get_url'
12-14 03:17:35.041 I/InstrumentationBackend( 4427): Added:'ScrollTo', with key:'scroll_to'
12-14 03:17:35.041 I/InstrumentationBackend( 4427): Added:'GetLoadProgress', with key:'get_load_progress'
12-14 03:17:35.041 I/InstrumentationBackend( 4427): Added:'DumpHtml', with key:'dump_html'
12-14 03:17:35.042 I/InstrumentationBackend( 4427): Added:'DumpBodyHtml', with key:'dump_body_html'
12-14 03:17:35.042 I/InstrumentationBackend( 4427): Added:'EnterTextByCssSelector', with key:'enter_text_by_selector'
12-14 03:17:35.046 I/InstrumentationBackend( 4427): Added:'AndroidSDKVersion', with key:'android_sdk_version'
12-14 03:17:35.046 I/InstrumentationBackend( 4427): Added:'Version', with key:'version'
12-14 03:17:35.046 I/InstrumentationBackend( 4427): Added:'Drag', with key:'drag'
12-14 03:17:35.047 I/InstrumentationBackend( 4427): Added:'TouchCoordinates', with key:'touch_coordinate'
12-14 03:17:35.047 I/InstrumentationBackend( 4427): Added:'LongPressCoordinate', with key:'long_press_coordinate'
12-14 03:17:35.047 I/InstrumentationBackend( 4427): Added:'DragCoordinates', with key:'drag_coordinates'
12-14 03:17:35.048 E/adbd    ( 1384): failed to connect to socket 'tcp:7102': Connection refused
12-14 03:17:35.049 I/InstrumentationBackend( 4427): Added:'ResumeApplication', with key:'resume_application'
12-14 03:17:35.049 I/InstrumentationBackend( 4427): Added:'Swipe', with key:'swipe'
12-14 03:17:35.049 I/InstrumentationBackend( 4427): Added:'DoubleTapCoordinate', with key:'double_tap_coordinate'
12-14 03:17:35.050 I/InstrumentationBackend( 4427): Added:'ClickOnScreen', with key:'click_on_screen'
12-14 03:17:35.050 I/InstrumentationBackend( 4427): Added:'GetActivityName', with key:'get_activity_name'
12-14 03:17:35.051 I/InstrumentationBackend( 4427): Added:'ScrollToView', with key:'scroll_to_view'
12-14 03:17:35.051 I/InstrumentationBackend( 4427): Added:'ViewConfiguration', with key:'view_configuration'
12-14 03:17:35.052 I/InstrumentationBackend( 4427): Added:'IsCurrentActivityFocused', with key:'is_current_activity_focused'
12-14 03:17:35.052 I/InstrumentationBackend( 4427): Added:'SendTcp', with key:'send_tcp'
12-14 03:17:35.052 I/InstrumentationBackend( 4427): Added:'DpToDevicePixel', with key:'dp_to_device_pixel'
12-14 03:17:35.053 I/InstrumentationBackend( 4427): Added:'KeyboardEnterText', with key:'keyboard_enter_text'
12-14 03:17:35.054 I/InstrumentationBackend( 4427): Added:'DeleteSurroundingText', with key:'delete_surrounding_text'
12-14 03:17:35.055 I/InstrumentationBackend( 4427): Added:'SetComposingRegion', with key:'set_composing_region'
12-14 03:17:35.055 I/InstrumentationBackend( 4427): Added:'SetSelection', with key:'set_selection'
12-14 03:17:35.055 I/InstrumentationBackend( 4427): Added:'KeyboardKeyEvent', with key:'keyboard_key_event'
12-14 03:17:35.055 I/InstrumentationBackend( 4427): Added:'PressUserActionButton', with key:'press_user_action_button'
12-14 03:17:35.056 I/InstrumentationBackend( 4427): Added:'HideSoftKeyboard', with key:'hide_soft_keyboard'
12-14 03:17:35.057 I/InstrumentationBackend( 4427): Added:'ListActions', with key:'list_actions'
12-14 03:17:35.058 I/calabash( 4427): Instantiating http server at 7102
12-14 03:17:35.058 I/System.out( 4427): HTTP Daemon listening on: 7102
12-14 03:17:35.179 I/System.out( 4427): URI: //ping
12-14 03:17:35.179 I/System.out( 4427): params: {json={}
12-14 03:17:35.179 I/System.out( 4427): }
12-14 03:17:35.190 I/System.out( 4427): URI: //ping
12-14 03:17:35.191 I/System.out( 4427): params: {json={}
12-14 03:17:35.191 I/System.out( 4427): }
12-14 03:17:35.199 I/System.out( 4427): URI: //ready
12-14 03:17:35.199 I/System.out( 4427): params: {json={}
12-14 03:17:35.199 I/System.out( 4427): }
12-14 03:17:35.207 I/System.out( 4427): URI: //
12-14 03:17:35.207 I/System.out( 4427): params: {json={"command":"version","arguments":[]}
12-14 03:17:35.208 I/System.out( 4427): }
12-14 03:17:35.208 I/System.out( 4427): header: {content-type=application/json;charset=utf-8, date=Mon, 14 Dec 2020 08:17:35 GMT, accept=*/*, host=127.0.0.1:34777, content-length=36, user-agent=HTTPClient/1.0 (2.8.3, ruby 2.5.8 (2020-03-31))}
12-14 03:17:35.208 I/System.out( 4427): params: {json={"command":"version","arguments":[]}
12-14 03:17:35.208 I/System.out( 4427): }
12-14 03:17:35.209 I/System.out( 4427): ProP json = {"command":"version","arguments":[]}
12-14 03:17:35.209 I/System.out( 4427): files: {}
12-14 03:17:35.209 I/System.out( 4427): command: {"command":"version","arguments":[]}
12-14 03:17:35.239 I/InstrumentationBackend( 4427): Got command:'Command:'Line:null,version', arguments:'[]'
12-14 03:17:35.271 I/System.out( 4427): result:{"bonusInformation":[],"message":"0.9.8","success":true}
12-14 03:17:35.278 I/System.out( 4427): URI: //start-application
12-14 03:17:35.278 I/System.out( 4427): params: {json={"intent":null}
12-14 03:17:35.278 I/System.out( 4427): }
12-14 03:17:35.316 I/ActivityManager( 1626): START u0 {act=android.intent.action.MAIN cat=[android.intent.category.LAUNCHER] flg=0x10200000 cmp=com.evancharlton.mileage/.Mileage} from uid 10400
12-14 03:17:35.332 I/calabash( 4427): newActivity1
12-14 03:17:35.356 D/gralloc_ranchu( 1395): gralloc_alloc: Creating ashmem region of size 7753728
12-14 03:17:35.360 W/ActivityManager( 1626): Bad activity token: android.os.BinderProxy@11669c7
12-14 03:17:35.360 W/ActivityManager( 1626): java.lang.ClassCastException: android.os.BinderProxy cannot be cast to com.android.server.am.ActivityRecord$Token
12-14 03:17:35.360 W/ActivityManager( 1626): 	at com.android.server.am.ActivityRecord.forTokenLocked(ActivityRecord.java:778)
12-14 03:17:35.360 W/ActivityManager( 1626): 	at com.android.server.am.ActivityRecord.isInStackLocked(ActivityRecord.java:2085)
12-14 03:17:35.360 W/ActivityManager( 1626): 	at com.android.server.am.ActivityRecord.getStackLocked(ActivityRecord.java:2090)
12-14 03:17:35.360 W/ActivityManager( 1626): 	at com.android.server.am.ActivityManagerService.getActivityDisplayId(ActivityManagerService.java:10406)
12-14 03:17:35.360 W/ActivityManager( 1626): 	at android.app.IActivityManager$Stub.onTransact(IActivityManager.java:2738)
12-14 03:17:35.360 W/ActivityManager( 1626): 	at com.android.server.am.ActivityManagerService.onTransact(ActivityManagerService.java:2935)
12-14 03:17:35.360 W/ActivityManager( 1626): 	at android.os.Binder.execTransact(Binder.java:674)
12-14 03:17:35.361 I/calabash( 4427): newActivity1
12-14 03:17:35.372 W/ActivityManager( 1626): Bad activity token: android.os.BinderProxy@11669c7
12-14 03:17:35.372 W/ActivityManager( 1626): java.lang.ClassCastException: android.os.BinderProxy cannot be cast to com.android.server.am.ActivityRecord$Token
12-14 03:17:35.372 W/ActivityManager( 1626): 	at com.android.server.am.ActivityRecord.forTokenLocked(ActivityRecord.java:778)
12-14 03:17:35.372 W/ActivityManager( 1626): 	at com.android.server.am.ActivityRecord.isInStackLocked(ActivityRecord.java:2085)
12-14 03:17:35.372 W/ActivityManager( 1626): 	at com.android.server.am.ActivityManagerService.setTaskDescription(ActivityManagerService.java:9988)
12-14 03:17:35.372 W/ActivityManager( 1626): 	at android.app.IActivityManager$Stub.onTransact(IActivityManager.java:2824)
12-14 03:17:35.372 W/ActivityManager( 1626): 	at com.android.server.am.ActivityManagerService.onTransact(ActivityManagerService.java:2935)
12-14 03:17:35.372 W/ActivityManager( 1626): 	at android.os.Binder.execTransact(Binder.java:674)
12-14 03:17:35.373 W/ActivityManager( 1626): Bad activity token: android.os.BinderProxy@11669c7
12-14 03:17:35.373 W/ActivityManager( 1626): java.lang.ClassCastException: android.os.BinderProxy cannot be cast to com.android.server.am.ActivityRecord$Token
12-14 03:17:35.373 W/ActivityManager( 1626): 	at com.android.server.am.ActivityRecord.forTokenLocked(ActivityRecord.java:778)
12-14 03:17:35.373 W/ActivityManager( 1626): 	at com.android.server.am.ActivityRecord.isInStackLocked(ActivityRecord.java:2085)
12-14 03:17:35.373 W/ActivityManager( 1626): 	at com.android.server.am.ActivityRecord.getStackLocked(ActivityRecord.java:2090)
12-14 03:17:35.373 W/ActivityManager( 1626): 	at com.android.server.am.ActivityManagerService.getActivityStackId(ActivityManagerService.java:10417)
12-14 03:17:35.373 W/ActivityManager( 1626): 	at android.app.IActivityManager$Stub.onTransact(IActivityManager.java:3548)
12-14 03:17:35.373 W/ActivityManager( 1626): 	at com.android.server.am.ActivityManagerService.onTransact(ActivityManagerService.java:2935)
12-14 03:17:35.373 W/ActivityManager( 1626): 	at android.os.Binder.execTransact(Binder.java:674)
12-14 03:17:35.405 D/EGL_emulation( 2188): eglMakeCurrent: 0xa22fdc80: ver 3 0 (tinfo 0xa22ff370)
12-14 03:17:35.409 D/EGL_emulation( 2152): eglMakeCurrent: 0xa4884540: ver 3 0 (tinfo 0xa4883410)
12-14 03:17:35.411 V/StatusBar( 1732): setLightsOn(true)
12-14 03:17:35.431 D/EGL_emulation( 1732): eglMakeCurrent: 0x90d42220: ver 3 0 (tinfo 0x90d3fa20)
12-14 03:17:35.445 I/chatty  ( 1732): uid=10028(u0_a28) RenderThread identical 1 line
12-14 03:17:35.451 D/EGL_emulation( 1732): eglMakeCurrent: 0x90d42220: ver 3 0 (tinfo 0x90d3fa20)
12-14 03:17:35.452 E/ContentStoreEUAS( 2188): Failed to commit the deferred actions
12-14 03:17:35.455 V/StatusBar( 1732): setLightsOn(true)
12-14 03:17:35.462 D/EGL_emulation( 1732): eglMakeCurrent: 0x90d42220: ver 3 0 (tinfo 0x90d3fa20)
12-14 03:17:35.468 D/EGL_emulation( 1732): eglMakeCurrent: 0x90d42220: ver 3 0 (tinfo 0x90d3fa20)
12-14 03:17:35.468 D/FillupsProvider( 4427): Creating database
12-14 03:17:35.481 D/EGL_emulation( 1732): eglMakeCurrent: 0x90d42220: ver 3 0 (tinfo 0x90d3fa20)
12-14 03:17:35.532 I/chatty  ( 1732): uid=10028(u0_a28) RenderThread identical 7 lines
12-14 03:17:35.540 D/EGL_emulation( 1732): eglMakeCurrent: 0x90d42220: ver 3 0 (tinfo 0x90d3fa20)
12-14 03:17:35.547 I/zygote  ( 4427): Do partial code cache collection, code=30KB, data=22KB
12-14 03:17:35.548 D/EGL_emulation( 1732): eglMakeCurrent: 0x90d42220: ver 3 0 (tinfo 0x90d3fa20)
12-14 03:17:35.549 I/zygote  ( 4427): After code cache collection, code=30KB, data=22KB
12-14 03:17:35.549 I/zygote  ( 4427): Increasing code cache capacity to 128KB
12-14 03:17:35.554 D/EGL_emulation( 1732): eglMakeCurrent: 0x90d42220: ver 3 0 (tinfo 0x90d3fa20)
12-14 03:17:35.603 W/ActivityManager( 1626): Bad activity token: android.os.BinderProxy@11669c7
12-14 03:17:35.603 W/ActivityManager( 1626): java.lang.ClassCastException: android.os.BinderProxy cannot be cast to com.android.server.am.ActivityRecord$Token
12-14 03:17:35.603 W/ActivityManager( 1626): 	at com.android.server.am.ActivityRecord.forTokenLocked(ActivityRecord.java:778)
12-14 03:17:35.603 W/ActivityManager( 1626): 	at com.android.server.am.ActivityRecord.isInStackLocked(ActivityRecord.java:2085)
12-14 03:17:35.603 W/ActivityManager( 1626): 	at com.android.server.am.ActivityManagerService.getActivityOptions(ActivityManagerService.java:13302)
12-14 03:17:35.603 W/ActivityManager( 1626): 	at android.app.IActivityManager$Stub.onTransact(IActivityManager.java:2910)
12-14 03:17:35.603 W/ActivityManager( 1626): 	at com.android.server.am.ActivityManagerService.onTransact(ActivityManagerService.java:2935)
12-14 03:17:35.603 W/ActivityManager( 1626): 	at android.os.Binder.execTransact(Binder.java:674)
12-14 03:17:35.605 W/ActivityManager( 1626): Bad activity token: android.os.BinderProxy@11669c7
12-14 03:17:35.605 W/ActivityManager( 1626): java.lang.ClassCastException: android.os.BinderProxy cannot be cast to com.android.server.am.ActivityRecord$Token
12-14 03:17:35.605 W/ActivityManager( 1626): 	at com.android.server.am.ActivityRecord.forTokenLocked(ActivityRecord.java:778)
12-14 03:17:35.605 W/ActivityManager( 1626): 	at com.android.server.am.ActivityRecord.isInStackLocked(ActivityRecord.java:2085)
12-14 03:17:35.605 W/ActivityManager( 1626): 	at com.android.server.am.ActivityManagerService.getActivityOptions(ActivityManagerService.java:13302)
12-14 03:17:35.605 W/ActivityManager( 1626): 	at android.app.IActivityManager$Stub.onTransact(IActivityManager.java:2910)
12-14 03:17:35.605 W/ActivityManager( 1626): 	at com.android.server.am.ActivityManagerService.onTransact(ActivityManagerService.java:2935)
12-14 03:17:35.605 W/ActivityManager( 1626): 	at android.os.Binder.execTransact(Binder.java:674)
12-14 03:17:35.631 I/chatty  ( 1732): uid=10028(u0_a28) RenderThread identical 9 lines
12-14 03:17:35.641 D/EGL_emulation( 1732): eglMakeCurrent: 0x90d42220: ver 3 0 (tinfo 0x90d3fa20)
12-14 03:17:35.696 V/StatusBar( 1732): setLightsOn(true)
12-14 03:17:35.743 I/zygote  ( 4427): Do partial code cache collection, code=44KB, data=58KB
12-14 03:17:35.743 I/zygote  ( 4427): After code cache collection, code=44KB, data=58KB
12-14 03:17:35.744 I/zygote  ( 4427): Increasing code cache capacity to 256KB
12-14 03:17:35.744 I/zygote  ( 4427): JIT allocated 71KB for compiled code of void android.widget.TextView.<init>(android.content.Context, android.util.AttributeSet, int, int)
12-14 03:17:35.745 I/zygote  ( 4427): Compiler allocated 4MB to compile void android.widget.TextView.<init>(android.content.Context, android.util.AttributeSet, int, int)
12-14 03:17:35.751 V/StatusBar( 1732): setLightsOn(true)
12-14 03:17:35.753 I/chatty  ( 1732): uid=10028(u0_a28) com.android.systemui identical 1 line
12-14 03:17:35.755 V/StatusBar( 1732): setLightsOn(true)
12-14 03:17:35.782 I/zygote  ( 4427): Do full code cache collection, code=123KB, data=70KB
12-14 03:17:35.782 I/zygote  ( 4427): After code cache collection, code=89KB, data=38KB
12-14 03:17:35.786 D/gralloc_ranchu( 1395): gralloc_alloc: Creating ashmem region of size 7753728
12-14 03:17:35.794 E/BatteryStatsService( 1626): modem info is invalid: ModemActivityInfo{ mTimestamp=0 mSleepTimeMs=0 mIdleTimeMs=0 mTxTimeMs[]=[0, 0, 0, 0, 0] mRxTimeMs=0 mEnergyUsed=0}
12-14 03:17:35.812 D/        ( 4427): HostConnection::get() New Host Connection established 0xa1f2fb80, tid 4427
12-14 03:17:35.841 V/StatusBar( 1732): setLightsOn(true)
12-14 03:17:35.862 I/chatty  ( 1732): uid=10028(u0_a28) com.android.systemui identical 1 line
12-14 03:17:35.865 V/StatusBar( 1732): setLightsOn(true)
12-14 03:17:35.866 I/ActivityManager( 1626): Displayed com.evancharlton.mileage/.Mileage: +543ms
12-14 03:17:35.869 V/StatusBar( 1732): setLightsOn(true)
12-14 03:17:35.890 V/StatusBar( 1732): setLightsOn(true)
12-14 03:17:35.894 D/gralloc_ranchu( 1395): gralloc_alloc: Creating ashmem region of size 7753728
12-14 03:17:35.905 I/Dialer  ( 2016): OmtpVvmCarrierCfgHlpr - OmtpEvent:CONFIG_STATUS_SMS_TIME_OUT
12-14 03:17:35.906 I/Dialer  ( 2016): RetryPolicy - discarding deferred status: configuration_state=4
12-14 03:17:35.913 I/Dialer  ( 2016): VvmTaskExecutor - no more tasks, stopping service if no task are added in 5000 millis
12-14 03:17:35.929 I/Dialer  ( 2016): VvmTaskReceiver - task received
12-14 03:17:35.930 I/Dialer  ( 2016): VvmTaskReceiver - TaskExecutor already running
12-14 03:17:35.934 I/Dialer  ( 2016): Task.createTask - create task:com.android.voicemail.impl.ActivationTask
12-14 03:17:35.935 I/Dialer  ( 2016): RetryPolicy - retry #1 for com.android.voicemail.impl.ActivationTask@105f78e queued, executing in 5000
12-14 03:17:35.935 I/Dialer  ( 2016): VvmTaskExecutor - com.android.voicemail.impl.ActivationTask@105f78e added
12-14 03:17:35.936 I/Dialer  ( 2016): VvmTaskExecutor - minimal wait time:4999
12-14 03:17:35.936 I/Dialer  ( 2016): VvmTaskExecutor - sleep for 4999 millis
12-14 03:17:36.057 V/StatusBar( 1732): setLightsOn(true)
12-14 03:17:36.079 V/StatusBar( 1732): setLightsOn(true)
12-14 03:17:36.119 I/System.out( 4427): URI: //
12-14 03:17:36.119 I/System.out( 4427): params: {json={"command":"set_activity_orientation","arguments":["landscape"]}
12-14 03:17:36.119 I/System.out( 4427): }
12-14 03:17:36.119 I/System.out( 4427): header: {content-type=application/json;charset=utf-8, date=Mon, 14 Dec 2020 08:17:36 GMT, accept=*/*, host=127.0.0.1:34777, content-length=64, user-agent=HTTPClient/1.0 (2.8.3, ruby 2.5.8 (2020-03-31))}
12-14 03:17:36.119 I/System.out( 4427): params: {json={"command":"set_activity_orientation","arguments":["landscape"]}
12-14 03:17:36.119 I/System.out( 4427): }
12-14 03:17:36.119 I/System.out( 4427): ProP json = {"command":"set_activity_orientation","arguments":["landscape"]}
12-14 03:17:36.119 I/System.out( 4427): files: {}
12-14 03:17:36.119 I/System.out( 4427): command: {"command":"set_activity_orientation","arguments":["landscape"]}
12-14 03:17:36.131 I/InstrumentationBackend( 4427): Got command:'Command:'Line:null,set_activity_orientation', arguments:'[landscape]'
12-14 03:17:36.133 D/gralloc_ranchu( 1395): gralloc_alloc: Creating ashmem region of size 8298496
12-14 03:17:36.224 W/LocalDisplayAdapter( 1626): Unable to find color mode 0, ignoring request.
12-14 03:17:36.240 I/InputReader( 1626): Reconfiguring input devices.  changes=0x00000004
12-14 03:17:36.240 I/InputReader( 1626): Device reconfigured: id=0, name='qwerty2', size 1080x1920, orientation 1, mode 1, display id 0
12-14 03:17:36.240 I/InputReader( 1626): Reconfiguring input devices.  changes=0x00000004
12-14 03:17:36.241 I/InputReader( 1626): Reconfiguring input devices.  changes=0x00000004
12-14 03:17:36.244 I/ActivityManager( 1626): Config changes=480 {1.0 310mcc260mnc [en_US] ldltr sw411dp w683dp h387dp 420dpi nrml land finger qwerty/v/v -nav/h appBounds=Rect(0, 0 - 1794, 1080) s.7}
12-14 03:17:36.250 I/ActivityManager( 1626): Override config changes=480 {1.0 310mcc260mnc [en_US] ldltr sw411dp w683dp h387dp 420dpi nrml land finger qwerty/v/v -nav/h appBounds=Rect(0, 0 - 1794, 1080) s.7} for displayId=0
12-14 03:17:36.319 I/calabash( 4427): newActivity1
12-14 03:17:36.347 D/gralloc_ranchu( 1395): gralloc_alloc: Creating ashmem region of size 544768
12-14 03:17:36.370 D/EGL_emulation( 1732): eglMakeCurrent: 0x90d42220: ver 3 0 (tinfo 0x90d3fa20)
12-14 03:17:36.375 D/gralloc_ranchu( 1395): gralloc_alloc: Creating ashmem region of size 544768
12-14 03:17:36.380 W/ActivityManager( 1626): Bad activity token: android.os.BinderProxy@d363c9a
12-14 03:17:36.380 W/ActivityManager( 1626): java.lang.ClassCastException: android.os.BinderProxy cannot be cast to com.android.server.am.ActivityRecord$Token
12-14 03:17:36.380 W/ActivityManager( 1626): 	at com.android.server.am.ActivityRecord.forTokenLocked(ActivityRecord.java:778)
12-14 03:17:36.380 W/ActivityManager( 1626): 	at com.android.server.am.ActivityRecord.isInStackLocked(ActivityRecord.java:2085)
12-14 03:17:36.380 W/ActivityManager( 1626): 	at com.android.server.am.ActivityRecord.getStackLocked(ActivityRecord.java:2090)
12-14 03:17:36.380 W/ActivityManager( 1626): 	at com.android.server.am.ActivityManagerService.getActivityDisplayId(ActivityManagerService.java:10406)
12-14 03:17:36.380 W/ActivityManager( 1626): 	at android.app.IActivityManager$Stub.onTransact(IActivityManager.java:2738)
12-14 03:17:36.380 W/ActivityManager( 1626): 	at com.android.server.am.ActivityManagerService.onTransact(ActivityManagerService.java:2935)
12-14 03:17:36.380 W/ActivityManager( 1626): 	at android.os.Binder.execTransact(Binder.java:674)
12-14 03:17:36.381 I/calabash( 4427): newActivity1
12-14 03:17:36.398 W/ActivityManager( 1626): Bad activity token: android.os.BinderProxy@d363c9a
12-14 03:17:36.398 W/ActivityManager( 1626): java.lang.ClassCastException: android.os.BinderProxy cannot be cast to com.android.server.am.ActivityRecord$Token
12-14 03:17:36.398 W/ActivityManager( 1626): 	at com.android.server.am.ActivityRecord.forTokenLocked(ActivityRecord.java:778)
12-14 03:17:36.398 W/ActivityManager( 1626): 	at com.android.server.am.ActivityRecord.isInStackLocked(ActivityRecord.java:2085)
12-14 03:17:36.398 W/ActivityManager( 1626): 	at com.android.server.am.ActivityManagerService.setTaskDescription(ActivityManagerService.java:9988)
12-14 03:17:36.398 W/ActivityManager( 1626): 	at android.app.IActivityManager$Stub.onTransact(IActivityManager.java:2824)
12-14 03:17:36.398 W/ActivityManager( 1626): 	at com.android.server.am.ActivityManagerService.onTransact(ActivityManagerService.java:2935)
12-14 03:17:36.398 W/ActivityManager( 1626): 	at android.os.Binder.execTransact(Binder.java:674)
12-14 03:17:36.399 W/ActivityManager( 1626): Bad activity token: android.os.BinderProxy@d363c9a
12-14 03:17:36.399 W/ActivityManager( 1626): java.lang.ClassCastException: android.os.BinderProxy cannot be cast to com.android.server.am.ActivityRecord$Token
12-14 03:17:36.399 W/ActivityManager( 1626): 	at com.android.server.am.ActivityRecord.forTokenLocked(ActivityRecord.java:778)
12-14 03:17:36.399 W/ActivityManager( 1626): 	at com.android.server.am.ActivityRecord.isInStackLocked(ActivityRecord.java:2085)
12-14 03:17:36.399 W/ActivityManager( 1626): 	at com.android.server.am.ActivityRecord.getStackLocked(ActivityRecord.java:2090)
12-14 03:17:36.399 W/ActivityManager( 1626): 	at com.android.server.am.ActivityManagerService.getActivityStackId(ActivityManagerService.java:10417)
12-14 03:17:36.399 W/ActivityManager( 1626): 	at android.app.IActivityManager$Stub.onTransact(IActivityManager.java:3548)
12-14 03:17:36.399 W/ActivityManager( 1626): 	at com.android.server.am.ActivityManagerService.onTransact(ActivityManagerService.java:2935)
12-14 03:17:36.399 W/ActivityManager( 1626): 	at android.os.Binder.execTransact(Binder.java:674)
12-14 03:17:36.403 D/NuPlayerDriver( 1484): NuPlayerDriver(0xaf3c4700) created, clientPid(1732)
12-14 03:17:36.439 D/GenericSource( 1484): FileSource remote
12-14 03:17:36.457 W/ActivityManager( 1626): Bad activity token: android.os.BinderProxy@d363c9a
12-14 03:17:36.457 W/ActivityManager( 1626): java.lang.ClassCastException: android.os.BinderProxy cannot be cast to com.android.server.am.ActivityRecord$Token
12-14 03:17:36.457 W/ActivityManager( 1626): 	at com.android.server.am.ActivityRecord.forTokenLocked(ActivityRecord.java:778)
12-14 03:17:36.457 W/ActivityManager( 1626): 	at com.android.server.am.ActivityRecord.isInStackLocked(ActivityRecord.java:2085)
12-14 03:17:36.457 W/ActivityManager( 1626): 	at com.android.server.am.ActivityManagerService.getActivityOptions(ActivityManagerService.java:13302)
12-14 03:17:36.457 W/ActivityManager( 1626): 	at android.app.IActivityManager$Stub.onTransact(IActivityManager.java:2910)
12-14 03:17:36.457 W/ActivityManager( 1626): 	at com.android.server.am.ActivityManagerService.onTransact(ActivityManagerService.java:2935)
12-14 03:17:36.457 W/ActivityManager( 1626): 	at android.os.Binder.execTransact(Binder.java:674)
12-14 03:17:36.460 W/ActivityManager( 1626): Bad activity token: android.os.BinderProxy@d363c9a
12-14 03:17:36.460 W/ActivityManager( 1626): java.lang.ClassCastException: android.os.BinderProxy cannot be cast to com.android.server.am.ActivityRecord$Token
12-14 03:17:36.460 W/ActivityManager( 1626): 	at com.android.server.am.ActivityRecord.forTokenLocked(ActivityRecord.java:778)
12-14 03:17:36.460 W/ActivityManager( 1626): 	at com.android.server.am.ActivityRecord.isInStackLocked(ActivityRecord.java:2085)
12-14 03:17:36.460 W/ActivityManager( 1626): 	at com.android.server.am.ActivityManagerService.getActivityOptions(ActivityManagerService.java:13302)
12-14 03:17:36.460 W/ActivityManager( 1626): 	at android.app.IActivityManager$Stub.onTransact(IActivityManager.java:2910)
12-14 03:17:36.460 W/ActivityManager( 1626): 	at com.android.server.am.ActivityManagerService.onTransact(ActivityManagerService.java:2935)
12-14 03:17:36.460 W/ActivityManager( 1626): 	at android.os.Binder.execTransact(Binder.java:674)
12-14 03:17:36.463 D/NuPlayerDriver( 1484): notifyListener_l(0xaf3c4700), (1, 0, 0, -1), loop setting(0, 0)
12-14 03:17:36.471 I/MediaFocusControl( 1626):  AudioFocus  requestAudioFocus() from uid/pid 10028/1732 clientId=android.media.AudioManager@9681580 req=3 flags=0x0
12-14 03:17:36.515 V/StatusBar( 1732): setLightsOn(true)
12-14 03:17:36.518 I/System.out( 4427): result:{"bonusInformation":[],"message":"","success":true}
12-14 03:17:36.540 D/gralloc_ranchu( 1395): gralloc_alloc: Creating ashmem region of size 544768
12-14 03:17:36.589 D/gralloc_ranchu( 1395): gralloc_alloc: Creating ashmem region of size 487424
12-14 03:17:36.600 D/StatusBar( 1732): disable<e i a s b h r c s q >
12-14 03:17:36.601 D/gralloc_ranchu( 1395): gralloc_alloc: Creating ashmem region of size 7753728
12-14 03:17:36.613 D/EGL_emulation( 1732): eglMakeCurrent: 0x90d42220: ver 3 0 (tinfo 0x90d3fa20)
12-14 03:17:36.635 I/zygote  ( 4427): Do partial code cache collection, code=124KB, data=78KB
12-14 03:17:36.635 I/zygote  ( 4427): After code cache collection, code=124KB, data=78KB
12-14 03:17:36.635 I/zygote  ( 4427): Increasing code cache capacity to 512KB
12-14 03:17:36.648 D/gralloc_ranchu( 1395): gralloc_alloc: Creating ashmem region of size 487424
12-14 03:17:36.671 D/gralloc_ranchu( 1395): gralloc_alloc: Creating ashmem region of size 7753728
12-14 03:17:36.691 I/WindowManager( 1626): Screen frozen for +559ms due to Window{f2ddbbb u0 com.evancharlton.mileage/com.evancharlton.mileage.Mileage}
12-14 03:17:36.704 W/SurfaceFlinger( 1413): couldn't log to binary event log: overflow.
12-14 03:17:36.712 D/gralloc_ranchu( 1395): gralloc_alloc: Creating ashmem region of size 487424
12-14 03:17:36.737 D/EGL_emulation( 1732): eglMakeCurrent: 0x90d42220: ver 3 0 (tinfo 0x90d3fa20)
12-14 03:17:36.752 D/EGL_emulation( 1732): eglMakeCurrent: 0x90d42220: ver 3 0 (tinfo 0x90d3fa20)
12-14 03:17:36.754 V/StatusBar( 1732): setLightsOn(true)
12-14 03:17:36.796 I/PBSessionCacheImpl( 2188): Deleted sessionId[10667598232589] from persistence.
12-14 03:17:36.847 W/SearchService( 2188): Abort, client detached.
12-14 03:17:36.913 I/zygote  ( 1732): Do partial code cache collection, code=125KB, data=94KB
12-14 03:17:36.915 I/zygote  ( 1732): After code cache collection, code=125KB, data=94KB
12-14 03:17:36.915 I/zygote  ( 1732): Increasing code cache capacity to 512KB
12-14 03:17:36.975 D/NuPlayerDriver( 1484): start(0xaf3c4700), state is 4, eos is 0
12-14 03:17:36.976 I/GenericSource( 1484): start
12-14 03:17:36.999 I/OMXClient( 1484): Treble IOmx obtained
12-14 03:17:37.001 I/OMXMaster( 1489): makeComponentInstance(OMX.google.vorbis.decoder) in omx@1.0-service process
12-14 03:17:37.010 E/OMXNodeInstance( 1489): setConfig(0xa979c5a0:google.vorbis.decoder, ConfigPriority(0x6f800002)) ERROR: Undefined(0x80001001)
12-14 03:17:37.010 I/ACodec  ( 1484): codec does not support config priority (err -2147483648)
12-14 03:17:37.011 E/OMXNodeInstance( 1489): getConfig(0xa979c5a0:google.vorbis.decoder, ConfigAndroidVendorExtension(0x6f100004)) ERROR: Undefined(0x80001001)
12-14 03:17:37.013 I/MediaCodec( 1484): MediaCodec will operate in async mode
12-14 03:17:37.016 W//system/bin/hw/android.hidl.allocator@1.0-service( 1388): ashmem_create_region(32768) returning hidl_memory(0xab39b850, 32768)
12-14 03:17:37.036 I/chatty  ( 1388): uid=1000(system) allocator@1.0-s identical 10 lines
12-14 03:17:37.037 W//system/bin/hw/android.hidl.allocator@1.0-service( 1388): ashmem_create_region(32768) returning hidl_memory(0xab39b850, 32768)
12-14 03:17:37.056 D/AudioTrack( 1484): Client defaulted notificationFrames to 7406 for frameCount 22218
12-14 03:17:37.057 D/NuPlayerDriver( 1484): notifyListener_l(0xaf3c4700), (6, 0, 0, -1), loop setting(0, 0)
12-14 03:17:37.060 W/audio_hw_generic( 1389): Not supplying enough data to HAL, expected position 357848 , only wrote 357840
12-14 03:17:37.132 V/StatusBar( 1732): setLightsOn(true)
12-14 03:17:37.136 W/AudioTrack( 1484): getTimestamp() location moved from kernel to server
12-14 03:17:37.781 D/gralloc_ranchu( 1395): gralloc_alloc: Creating ashmem region of size 7753728
12-14 03:17:38.588 I/NuPlayerDecoder( 1484): [audio] saw output EOS
12-14 03:17:38.588 D/AudioTrack( 1484): stop() called with 84672 frames delivered
12-14 03:17:38.720 E/SurfaceFlinger( 1413): ro.sf.lcd_density must be defined as a build property
12-14 03:17:38.730 D/gralloc_ranchu( 1395): gralloc_alloc: Creating ashmem region of size 8298496
12-14 03:17:38.739 D/        ( 4485): HostConnection::get() New Host Connection established 0xb752f800, tid 4485
12-14 03:17:38.759 I/zygote  ( 1626): Explicit concurrent copying GC freed 24143(1818KB) AllocSpace objects, 12(256KB) LOS objects, 38% free, 9MB/15MB, paused 354us total 55.691ms
12-14 03:17:39.022 I/System.out( 4427): URI: //
12-14 03:17:39.022 I/System.out( 4427): params: {json={"command":"set_activity_orientation","arguments":["portrait"]}
12-14 03:17:39.022 I/System.out( 4427): }
12-14 03:17:39.022 I/System.out( 4427): header: {content-type=application/json;charset=utf-8, date=Mon, 14 Dec 2020 08:17:39 GMT, accept=*/*, host=127.0.0.1:34777, content-length=63, user-agent=HTTPClient/1.0 (2.8.3, ruby 2.5.8 (2020-03-31))}
12-14 03:17:39.022 I/System.out( 4427): params: {json={"command":"set_activity_orientation","arguments":["portrait"]}
12-14 03:17:39.022 I/System.out( 4427): }
12-14 03:17:39.022 I/System.out( 4427): ProP json = {"command":"set_activity_orientation","arguments":["portrait"]}
12-14 03:17:39.022 I/System.out( 4427): files: {}
12-14 03:17:39.022 I/System.out( 4427): command: {"command":"set_activity_orientation","arguments":["portrait"]}
12-14 03:17:39.025 I/InstrumentationBackend( 4427): Got command:'Command:'Line:null,set_activity_orientation', arguments:'[portrait]'
12-14 03:17:39.028 D/gralloc_ranchu( 1395): gralloc_alloc: Creating ashmem region of size 8298496
12-14 03:17:39.042 W/LocalDisplayAdapter( 1626): Unable to find color mode 0, ignoring request.
12-14 03:17:39.054 I/InputReader( 1626): Reconfiguring input devices.  changes=0x00000004
12-14 03:17:39.054 I/InputReader( 1626): Device reconfigured: id=0, name='qwerty2', size 1080x1920, orientation 0, mode 1, display id 0
12-14 03:17:39.056 I/ActivityManager( 1626): Config changes=480 {1.0 310mcc260mnc [en_US] ldltr sw411dp w411dp h659dp 420dpi nrml port finger qwerty/v/v -nav/h appBounds=Rect(0, 0 - 1080, 1794) s.8}
12-14 03:17:39.085 I/ActivityManager( 1626): Override config changes=480 {1.0 310mcc260mnc [en_US] ldltr sw411dp w411dp h659dp 420dpi nrml port finger qwerty/v/v -nav/h appBounds=Rect(0, 0 - 1080, 1794) s.8} for displayId=0
12-14 03:17:39.117 I/zygote  ( 1718): Do partial code cache collection, code=62KB, data=38KB
12-14 03:17:39.117 I/zygote  ( 1718): After code cache collection, code=62KB, data=38KB
12-14 03:17:39.117 I/zygote  ( 1718): Increasing code cache capacity to 256KB
12-14 03:17:39.130 D/gralloc_ranchu( 1395): gralloc_alloc: Creating ashmem region of size 544768
12-14 03:17:39.139 I/calabash( 4427): newActivity1
12-14 03:17:39.151 D/EGL_emulation( 1732): eglMakeCurrent: 0x90d42220: ver 3 0 (tinfo 0x90d3fa20)
12-14 03:17:39.162 D/NuPlayerDriver( 1484): notifyListener_l(0xaf3c4700), (2, 0, 0, -1), loop setting(0, 0)
12-14 03:17:39.163 I/MediaFocusControl( 1626):  AudioFocus  abandonAudioFocus() from uid/pid 10028/1732 clientId=android.media.AudioManager@9681580
12-14 03:17:39.169 D/gralloc_ranchu( 1395): gralloc_alloc: Creating ashmem region of size 544768
12-14 03:17:39.169 W/ActivityManager( 1626): Bad activity token: android.os.BinderProxy@487b869
12-14 03:17:39.169 W/ActivityManager( 1626): java.lang.ClassCastException: android.os.BinderProxy cannot be cast to com.android.server.am.ActivityRecord$Token
12-14 03:17:39.169 W/ActivityManager( 1626): 	at com.android.server.am.ActivityRecord.forTokenLocked(ActivityRecord.java:778)
12-14 03:17:39.169 W/ActivityManager( 1626): 	at com.android.server.am.ActivityRecord.isInStackLocked(ActivityRecord.java:2085)
12-14 03:17:39.169 W/ActivityManager( 1626): 	at com.android.server.am.ActivityRecord.getStackLocked(ActivityRecord.java:2090)
12-14 03:17:39.169 W/ActivityManager( 1626): 	at com.android.server.am.ActivityManagerService.getActivityDisplayId(ActivityManagerService.java:10406)
12-14 03:17:39.169 W/ActivityManager( 1626): 	at android.app.IActivityManager$Stub.onTransact(IActivityManager.java:2738)
12-14 03:17:39.169 W/ActivityManager( 1626): 	at com.android.server.am.ActivityManagerService.onTransact(ActivityManagerService.java:2935)
12-14 03:17:39.169 W/ActivityManager( 1626): 	at android.os.Binder.execTransact(Binder.java:674)
12-14 03:17:39.170 I/calabash( 4427): newActivity1
12-14 03:17:39.176 W/ActivityManager( 1626): Bad activity token: android.os.BinderProxy@487b869
12-14 03:17:39.176 W/ActivityManager( 1626): java.lang.ClassCastException: android.os.BinderProxy cannot be cast to com.android.server.am.ActivityRecord$Token
12-14 03:17:39.176 W/ActivityManager( 1626): 	at com.android.server.am.ActivityRecord.forTokenLocked(ActivityRecord.java:778)
12-14 03:17:39.176 W/ActivityManager( 1626): 	at com.android.server.am.ActivityRecord.isInStackLocked(ActivityRecord.java:2085)
12-14 03:17:39.176 W/ActivityManager( 1626): 	at com.android.server.am.ActivityManagerService.setTaskDescription(ActivityManagerService.java:9988)
12-14 03:17:39.176 W/ActivityManager( 1626): 	at android.app.IActivityManager$Stub.onTransact(IActivityManager.java:2824)
12-14 03:17:39.176 W/ActivityManager( 1626): 	at com.android.server.am.ActivityManagerService.onTransact(ActivityManagerService.java:2935)
12-14 03:17:39.176 W/ActivityManager( 1626): 	at android.os.Binder.execTransact(Binder.java:674)
12-14 03:17:39.176 W/ActivityManager( 1626): Bad activity token: android.os.BinderProxy@487b869
12-14 03:17:39.176 W/ActivityManager( 1626): java.lang.ClassCastException: android.os.BinderProxy cannot be cast to com.android.server.am.ActivityRecord$Token
12-14 03:17:39.176 W/ActivityManager( 1626): 	at com.android.server.am.ActivityRecord.forTokenLocked(ActivityRecord.java:778)
12-14 03:17:39.176 W/ActivityManager( 1626): 	at com.android.server.am.ActivityRecord.isInStackLocked(ActivityRecord.java:2085)
12-14 03:17:39.176 W/ActivityManager( 1626): 	at com.android.server.am.ActivityRecord.getStackLocked(ActivityRecord.java:2090)
12-14 03:17:39.176 W/ActivityManager( 1626): 	at com.android.server.am.ActivityManagerService.getActivityStackId(ActivityManagerService.java:10417)
12-14 03:17:39.176 W/ActivityManager( 1626): 	at android.app.IActivityManager$Stub.onTransact(IActivityManager.java:3548)
12-14 03:17:39.176 W/ActivityManager( 1626): 	at com.android.server.am.ActivityManagerService.onTransact(ActivityManagerService.java:2935)
12-14 03:17:39.176 W/ActivityManager( 1626): 	at android.os.Binder.execTransact(Binder.java:674)
12-14 03:17:39.217 I/System.out( 4427): result:{"bonusInformation":[],"message":"","success":true}
12-14 03:17:39.237 W/ActivityManager( 1626): Bad activity token: android.os.BinderProxy@487b869
12-14 03:17:39.237 W/ActivityManager( 1626): java.lang.ClassCastException: android.os.BinderProxy cannot be cast to com.android.server.am.ActivityRecord$Token
12-14 03:17:39.237 W/ActivityManager( 1626): 	at com.android.server.am.ActivityRecord.forTokenLocked(ActivityRecord.java:778)
12-14 03:17:39.237 W/ActivityManager( 1626): 	at com.android.server.am.ActivityRecord.isInStackLocked(ActivityRecord.java:2085)
12-14 03:17:39.237 W/ActivityManager( 1626): 	at com.android.server.am.ActivityManagerService.getActivityOptions(ActivityManagerService.java:13302)
12-14 03:17:39.237 W/ActivityManager( 1626): 	at android.app.IActivityManager$Stub.onTransact(IActivityManager.java:2910)
12-14 03:17:39.237 W/ActivityManager( 1626): 	at com.android.server.am.ActivityManagerService.onTransact(ActivityManagerService.java:2935)
12-14 03:17:39.237 W/ActivityManager( 1626): 	at android.os.Binder.execTransact(Binder.java:674)
12-14 03:17:39.239 W/ActivityManager( 1626): Bad activity token: android.os.BinderProxy@487b869
12-14 03:17:39.239 W/ActivityManager( 1626): java.lang.ClassCastException: android.os.BinderProxy cannot be cast to com.android.server.am.ActivityRecord$Token
12-14 03:17:39.239 W/ActivityManager( 1626): 	at com.android.server.am.ActivityRecord.forTokenLocked(ActivityRecord.java:778)
12-14 03:17:39.239 W/ActivityManager( 1626): 	at com.android.server.am.ActivityRecord.isInStackLocked(ActivityRecord.java:2085)
12-14 03:17:39.239 W/ActivityManager( 1626): 	at com.android.server.am.ActivityManagerService.getActivityOptions(ActivityManagerService.java:13302)
12-14 03:17:39.239 W/ActivityManager( 1626): 	at android.app.IActivityManager$Stub.onTransact(IActivityManager.java:2910)
12-14 03:17:39.239 W/ActivityManager( 1626): 	at com.android.server.am.ActivityManagerService.onTransact(ActivityManagerService.java:2935)
12-14 03:17:39.239 W/ActivityManager( 1626): 	at android.os.Binder.execTransact(Binder.java:674)
12-14 03:17:39.256 V/StatusBar( 1732): setLightsOn(true)
12-14 03:17:39.261 D/gralloc_ranchu( 1395): gralloc_alloc: Creating ashmem region of size 544768
12-14 03:17:39.299 I/zygote  ( 4427): JIT allocated 56KB for compiled code of void android.view.View.<init>(android.content.Context, android.util.AttributeSet, int, int)
12-14 03:17:39.316 E/memtrack( 1626): Couldn't load memtrack module
12-14 03:17:39.316 W/android.os.Debug( 1626): failed to get memory consumption info: -1
12-14 03:17:39.329 D/gralloc_ranchu( 1395): gralloc_alloc: Creating ashmem region of size 274432
12-14 03:17:39.339 E/TaskPersister( 1626): File error accessing recents directory (directory doesn't exist?).
12-14 03:17:39.347 D/gralloc_ranchu( 1395): gralloc_alloc: Creating ashmem region of size 7753728
12-14 03:17:39.348 D/StatusBar( 1732): disable<e i a s b h r c s q >
12-14 03:17:39.355 I/zygote  ( 1718): Background concurrent copying GC freed 7919(370KB) AllocSpace objects, 0(0B) LOS objects, 49% free, 2MB/4MB, paused 10.574ms total 90.306ms
12-14 03:17:39.360 D/EGL_emulation( 1732): eglMakeCurrent: 0x90d42220: ver 3 0 (tinfo 0x90d3fa20)
12-14 03:17:39.384 D/gralloc_ranchu( 1395): gralloc_alloc: Creating ashmem region of size 274432
12-14 03:17:39.428 D/gralloc_ranchu( 1395): gralloc_alloc: Creating ashmem region of size 274432
12-14 03:17:39.428 I/WindowManager( 1626): Screen frozen for +403ms due to Window{bc4a452 u0 com.evancharlton.mileage/com.evancharlton.mileage.Mileage}
12-14 03:17:39.441 D/gralloc_ranchu( 1395): gralloc_alloc: Creating ashmem region of size 7753728
12-14 03:17:39.444 D/SurfaceFlinger( 1413): duplicate layer name: changing BlackSurface to BlackSurface#1
12-14 03:17:39.453 I/zygote  ( 4427): Do full code cache collection, code=250KB, data=142KB
12-14 03:17:39.454 I/zygote  ( 4427): After code cache collection, code=250KB, data=105KB
12-14 03:17:39.469 D/SurfaceFlinger( 1413): duplicate layer name: changing BlackSurface to BlackSurface#1
12-14 03:17:39.480 D/EGL_emulation( 1732): eglMakeCurrent: 0x90d42220: ver 3 0 (tinfo 0x90d3fa20)
12-14 03:17:39.495 D/EGL_emulation( 1732): eglMakeCurrent: 0x90d42220: ver 3 0 (tinfo 0x90d3fa20)
12-14 03:17:39.503 V/StatusBar( 1732): setLightsOn(true)
12-14 03:17:39.916 V/StatusBar( 1732): setLightsOn(true)
12-14 03:17:40.534 D/gralloc_ranchu( 1395): gralloc_alloc: Creating ashmem region of size 7753728
12-14 03:17:40.740 I/zygote  ( 4427): Do partial code cache collection, code=250KB, data=109KB
12-14 03:17:40.741 I/zygote  ( 4427): After code cache collection, code=250KB, data=109KB
12-14 03:17:40.741 I/zygote  ( 4427): Increasing code cache capacity to 1024KB
12-14 03:17:40.944 I/Dialer  ( 2016): VvmTaskExecutor - executing task com.android.voicemail.impl.ActivationTask@105f78e
12-14 03:17:40.949 I/Dialer  ( 2016): PreOMigrationHandler - ComponentInfo{com.android.phone/com.android.services.telephony.TelephonyConnectionService}, [****], UserHandle{0} already migrated
12-14 03:17:40.992 I/Dialer  ( 2016): VvmActivationTask - VVM content provider configured - vvm_type_cvvm
12-14 03:17:40.992 I/Dialer  ( 2016): OmtpVvmCarrierCfgHlpr - OmtpEvent:CONFIG_ACTIVATING
12-14 03:17:41.008 I/Dialer  ( 2016): TelephonyMangerCompat.setVisualVoicemailSmsFilterSettings - using TelephonyManager
12-14 03:17:41.013 I/Dialer  ( 2016): TelephonyMangerCompat.sendVisualVoicemailSms - using TelephonyManager
12-14 03:17:41.407 E/SurfaceFlinger( 1413): ro.sf.lcd_density must be defined as a build property
12-14 03:17:41.415 D/gralloc_ranchu( 1395): gralloc_alloc: Creating ashmem region of size 8298496
12-14 03:17:41.427 D/        ( 4494): HostConnection::get() New Host Connection established 0xad2af800, tid 4494
12-14 03:17:41.531 I/zygote  ( 1626): Explicit concurrent copying GC freed 8144(843KB) AllocSpace objects, 2(56KB) LOS objects, 38% free, 9MB/15MB, paused 948us total 59.019ms
