--------- beginning of main
12-14 03:17:03.908 D/gralloc_ranchu( 1395): gralloc_alloc: Creating ashmem region of size 8298496
12-14 03:17:03.921 D/gralloc_ranchu( 1395): gralloc_alloc: Creating ashmem region of size 8298496
12-14 03:17:03.929 D/EGL_emulation( 1732): eglMakeCurrent: 0x90d42220: ver 3 0 (tinfo 0x90d3fa20)
12-14 03:17:03.931 D/gralloc_ranchu( 1395): gralloc_alloc: Creating ashmem region of size 8298496
12-14 03:17:04.029 E/IPCThreadState( 1413): binder thread pool (4 threads) starved for 109 ms
12-14 03:17:04.029 D/gralloc_ranchu( 1395): gralloc_alloc: Creating ashmem region of size 8298496
12-14 03:17:04.117 D/gralloc_ranchu( 1395): gralloc_alloc: Creating ashmem region of size 8298496
12-14 03:17:04.134 D/EGL_emulation( 2188): eglMakeCurrent: 0xa22fdc80: ver 3 0 (tinfo 0xa22ff370)
12-14 03:17:04.229 W/SessionLifecycleManager( 2188): Handover failed. Creating new session controller.
12-14 03:17:04.264 D/EGL_emulation( 2152): eglMakeCurrent: 0xa4884540: ver 3 0 (tinfo 0xa4883410)
12-14 03:17:04.297 I/MicroDetectionWorker( 2188): #updateMicroDetector [detectionMode: [mDetectionMode: [1]]]
12-14 03:17:04.304 I/MicroDetectionWorker( 2188): #startMicroDetector [speakerMode: 0]
12-14 03:17:04.306 D/gralloc_ranchu( 1395): gralloc_alloc: Creating ashmem region of size 7753728
12-14 03:17:04.309 I/AudioController( 2188): Using mInputStreamFactoryBuilder
12-14 03:17:04.310 I/zygote  ( 2188): Do partial code cache collection, code=248KB, data=181KB
12-14 03:17:04.322 I/MicroDetectionWorker( 2188): onReady
12-14 03:17:04.323 I/zygote  ( 2188): After code cache collection, code=248KB, data=181KB
12-14 03:17:04.323 I/zygote  ( 2188): Increasing code cache capacity to 1024KB
12-14 03:17:04.351 I/MicroRecognitionRunner( 2188): Starting detection.
12-14 03:17:04.353 I/MicrophoneInputStream( 2188): mic_starting com.google.android.apps.gsa.staticplugins.aa.c@4993568
12-14 03:17:04.362 I/AudioFlinger( 1475): AudioFlinger's thread 0xb1903980 tid=4062 ready to run
12-14 03:17:04.375 I/MicrophoneInputStream( 2188): mic_started com.google.android.apps.gsa.staticplugins.aa.c@4993568
12-14 03:17:04.400 I/MicrophoneInputStream( 2188): mic_close com.google.android.apps.gsa.staticplugins.aa.c@4993568
12-14 03:17:04.402 I/MicroRecognitionRunner( 2188): Detection finished
12-14 03:17:04.403 W/ErrorReporter( 2188): reportError [type: 211, code: 524300]: Error reading from input stream
12-14 03:17:04.404 I/MicroRecognitionRunner( 2188): Stopping hotword detection.
12-14 03:17:04.407 W/ErrorProcessor( 2188): onFatalError, processing error from engine(4)
12-14 03:17:04.407 W/ErrorProcessor( 2188): com.google.android.apps.gsa.shared.speech.b.g: Error reading from input stream
12-14 03:17:04.407 W/ErrorProcessor( 2188): 	at com.google.android.apps.gsa.staticplugins.recognizer.j.a.a(SourceFile:28)
12-14 03:17:04.407 W/ErrorProcessor( 2188): 	at com.google.android.apps.gsa.staticplugins.recognizer.j.b.run(SourceFile:15)
12-14 03:17:04.407 W/ErrorProcessor( 2188): 	at java.util.concurrent.Executors$RunnableAdapter.call(Executors.java:457)
12-14 03:17:04.407 W/ErrorProcessor( 2188): 	at java.util.concurrent.FutureTask.run(FutureTask.java:266)
12-14 03:17:04.407 W/ErrorProcessor( 2188): 	at com.google.android.apps.gsa.shared.util.concurrent.a.ax.run(SourceFile:14)
12-14 03:17:04.407 W/ErrorProcessor( 2188): 	at com.google.android.apps.gsa.shared.util.concurrent.a.bl.run(SourceFile:4)
12-14 03:17:04.407 W/ErrorProcessor( 2188): 	at com.google.android.apps.gsa.shared.util.concurrent.a.bl.run(SourceFile:4)
12-14 03:17:04.407 W/ErrorProcessor( 2188): 	at java.util.concurrent.ThreadPoolExecutor.runWorker(ThreadPoolExecutor.java:1162)
12-14 03:17:04.407 W/ErrorProcessor( 2188): 	at java.util.concurrent.ThreadPoolExecutor$Worker.run(ThreadPoolExecutor.java:636)
12-14 03:17:04.407 W/ErrorProcessor( 2188): 	at java.lang.Thread.run(Thread.java:764)
12-14 03:17:04.407 W/ErrorProcessor( 2188): 	at com.google.android.apps.gsa.shared.util.concurrent.a.ai.run(SourceFile:6)
12-14 03:17:04.407 W/ErrorProcessor( 2188): Caused by: com.google.android.apps.gsa.shared.exception.GsaIOException: Error code: 393238 | Buffer overflow, no available space.
12-14 03:17:04.407 W/ErrorProcessor( 2188): 	at com.google.android.apps.gsa.speech.audio.Tee.f(SourceFile:103)
12-14 03:17:04.407 W/ErrorProcessor( 2188): 	at com.google.android.apps.gsa.speech.audio.au.read(SourceFile:2)
12-14 03:17:04.407 W/ErrorProcessor( 2188): 	at java.io.InputStream.read(InputStream.java:101)
12-14 03:17:04.407 W/ErrorProcessor( 2188): 	at com.google.android.apps.gsa.speech.audio.ao.run(SourceFile:18)
12-14 03:17:04.407 W/ErrorProcessor( 2188): 	at com.google.android.apps.gsa.speech.audio.an.run(SourceFile:2)
12-14 03:17:04.407 W/ErrorProcessor( 2188): 	... 9 more
12-14 03:17:04.408 I/AudioController( 2188): internalShutdown
12-14 03:17:04.415 I/MicroDetectionWorker( 2188): onReady
12-14 03:17:04.416 I/DeviceStateChecker( 2188): DeviceStateChecker cancelled
12-14 03:17:04.416 I/MicroDetector( 2188): Keeping mic open: false
12-14 03:17:04.416 I/MicroDetectionWorker( 2188): #onError(false)
12-14 03:17:04.425 D/EGL_emulation( 1732): eglMakeCurrent: 0x90d42220: ver 3 0 (tinfo 0x90d3fa20)
12-14 03:17:04.433 D/        ( 1732): HostConnection::get() New Host Connection established 0x8d76b500, tid 1766
12-14 03:17:04.463 D/EGL_emulation( 1732): eglMakeCurrent: 0x90d42220: ver 3 0 (tinfo 0x90d3fa20)
12-14 03:17:04.627 I/chatty  ( 1732): uid=10028(u0_a28) RenderThread identical 13 lines
12-14 03:17:04.639 D/EGL_emulation( 1732): eglMakeCurrent: 0x90d42220: ver 3 0 (tinfo 0x90d3fa20)
12-14 03:17:04.680 D/BoundBrokerSvc( 1938): onUnbind: Intent { act=com.google.android.gms.tapandpay.service.BIND cmp=com.google.android.gms/.chimera.PersistentApiService }
12-14 03:17:04.696 D/EGL_emulation( 1732): eglMakeCurrent: 0x90d42220: ver 3 0 (tinfo 0x90d3fa20)
12-14 03:17:04.743 W/OpenGLRenderer( 2152): Incorrectly called buildLayer on View: ShortcutAndWidgetContainer, destroying layer...
12-14 03:17:04.847 I/OpenGLRenderer( 1626): Initialized EGL, version 1.4
12-14 03:17:04.847 D/OpenGLRenderer( 1626): Swap behavior 1
12-14 03:17:04.848 W/OpenGLRenderer( 1626): Failed to choose config with EGL_SWAP_BEHAVIOR_PRESERVED, retrying without...
12-14 03:17:04.848 D/OpenGLRenderer( 1626): Swap behavior 0
12-14 03:17:04.858 D/EGL_emulation( 1626): eglCreateContext: 0x8ea567e0: maj 3 min 0 rcv 3
12-14 03:17:04.861 D/EGL_emulation( 1626): eglMakeCurrent: 0x8ea567e0: ver 3 0 (tinfo 0x92b37c90)
12-14 03:17:04.861 E/eglCodecCommon( 1626): glUtilsParamSize: unknow param 0x00008cdf
12-14 03:17:04.862 E/eglCodecCommon( 1626): glUtilsParamSize: unknow param 0x00008cdf
12-14 03:17:04.862 E/eglCodecCommon( 1626): glUtilsParamSize: unknow param 0x00008824
12-14 03:17:04.862 E/eglCodecCommon( 1626): glUtilsParamSize: unknow param 0x00008824
12-14 03:17:04.896 D/        ( 1626): HostConnection::get() New Host Connection established 0xa0374e40, tid 1633
12-14 03:17:04.899 D/BoundBrokerSvc( 2244): onUnbind: Intent { act=com.google.android.gms.pay.service.BIND cmp=com.google.android.gms/.chimera.GmsApiService }
12-14 03:17:06.282 W/audio_hw_generic( 1389): Not supplying enough data to HAL, expected position 559174 , only wrote 357840
12-14 03:17:06.470 I/Finsky  ( 2553): [2] abyu.onStartJob(3): SCH: onJobSchedulerWakeup with jobId 9002
12-14 03:17:06.473 I/Finsky  ( 2553): [2] abtz.a(9): SCH: Scheduling fallback job with id: 9034, and delay: 43200000 ms
12-14 03:17:06.477 I/Finsky  ( 2553): [2] abtz.b(9): SCH: Scheduling fallback in 64799998 (absolute: 64867447)
12-14 03:17:06.481 I/Finsky  ( 2553): [2] abyu.onStartJob(3): SCH: onJobSchedulerWakeup with jobId 9004
12-14 03:17:06.482 I/Finsky  ( 2553): [2] abtz.a(9): SCH: Scheduling fallback job with id: 9034, and delay: 43200000 ms
12-14 03:17:06.485 I/Finsky  ( 2553): [2] abtz.b(9): SCH: Scheduling fallback in 64799998 (absolute: 64867455)
12-14 03:17:06.487 W/Finsky  ( 2553): [2] abyu.onStartJob(10): SCH: onJobSchedulerWakeup while already running
12-14 03:17:06.499 W/NetworkScheduler.TED( 1938): Enforcing binder timeout for ComponentInfo{com.google.android.videos/com.google.android.videos.service.drm.RefreshLicenseTaskService}
12-14 03:17:06.499 E/NetworkScheduler.TED( 1938): Dropping task as app's play services SDK version does not support Android O. Either update the SDK or lower your app's target SDK version. Canceling all tasks for the service: ComponentInfo{com.google.android.videos/com.google.android.videos.service.drm.RefreshLicenseTaskService}
12-14 03:17:06.686 I/Finsky  ( 2553): [2] abui.handleMessage(8): SCH: DeviceState: DeviceState{currentTime=1607933826681, isCharging=false, isIdle=false, netAny=true, netNotRoaming=true, netUnmetered=true, batteryPercent=100.0}
12-14 03:17:06.692 I/Finsky  ( 2553): [125] abwt.b(5): SCH: Jobs in database: 1-1337 2-48879 3-158 12-1 24-77777777 26-1414141414 29-29 
12-14 03:17:06.705 I/Finsky  ( 2553): [2] abuj.b(10): SCH: Running job: 12-1
12-14 03:17:06.709 I/Finsky  ( 2553): [2] ContentSyncJob.r(1): [ContentSync] job started
12-14 03:17:06.715 I/Finsky  ( 2553): [2] abuj.b(10): SCH: Running job: 29-29
12-14 03:17:06.725 I/Finsky  ( 2553): [2] abui.handleMessage(59): SCH: RunningQueue size: 2, PendingQueue size: 0
12-14 03:17:06.725 I/Finsky  ( 2553): [2] abuj.p(3): SCH: Running queue: 12-1 29-29 
12-14 03:17:06.727 I/Finsky  ( 2553): [190] ajmy.a(0): ProcessRecoveryLogsUtil: No files in recovery directory
12-14 03:17:06.728 I/Finsky  ( 2553): [190] abvs.n(4): SCH: jobFinished: 29-29. TimeElapsed: 13ms.
12-14 03:17:06.730 I/Finsky  ( 2553): [2] abuj.e(4): SCH: Job 29-29 finished. Not rescheduling.
12-14 03:17:06.731 I/Finsky  ( 2553): [2] abui.handleMessage(59): SCH: RunningQueue size: 1, PendingQueue size: 0
12-14 03:17:06.731 I/Finsky  ( 2553): [2] abuj.p(3): SCH: Running queue: 12-1 
12-14 03:17:06.809 I/zygote  ( 2553): Deoptimizing j$.util.stream.Sink j$.util.stream.AbstractPipeline.wrapAndCopyInto(j$.util.stream.Sink, j$.util.Spliterator) due to JIT inline cache
12-14 03:17:06.883 I/Finsky  ( 2553): [178] glv.b(1): Completed 0 account content syncs with 0 successful.
12-14 03:17:06.883 I/Finsky  ( 2553): [2] ContentSyncJob.a(1): [ContentSync] Installation state replication succeeded.
12-14 03:17:06.884 I/Finsky  ( 2553): [2] abvs.n(4): SCH: jobFinished: 12-1. TimeElapsed: 178ms.
12-14 03:17:06.885 I/Finsky  ( 2553): [2] abuj.e(4): SCH: Job 12-1 finished. Not rescheduling.
12-14 03:17:06.886 I/Finsky  ( 2553): [2] abui.handleMessage(59): SCH: RunningQueue size: 0, PendingQueue size: 0
12-14 03:17:06.886 I/Finsky  ( 2553): [2] abui.handleMessage(26): SCH: Executor finished
12-14 03:17:06.898 I/Finsky  ( 2553): [2] abwt.b(5): SCH: Jobs in database: 1-1337 2-48879 3-158 24-77777777 26-1414141414 
12-14 03:17:06.900 I/Finsky  ( 2553): [2] abvf.d(37): SCH: ConstraintMapping: 24-77777777,  -> L: 0ms, D: 82563758ms, C: false, I: true, N: 0
12-14 03:17:06.900 I/Finsky  ( 2553): [2] abvf.d(37): SCH: ConstraintMapping: 1-1337,  -> L: 42940066ms, D: 86140066ms, C: false, I: false, N: 1
12-14 03:17:06.901 I/Finsky  ( 2553): [2] abvf.d(37): SCH: ConstraintMapping: 2-48879, 3-158,  -> L: 0ms, D: 86154970ms, C: true, I: true, N: 2
12-14 03:17:06.901 I/Finsky  ( 2553): [2] abvf.d(37): SCH: ConstraintMapping: 26-1414141414,  -> L: 20730150ms, D: 21630150ms, C: false, I: false, N: 0
12-14 03:17:06.902 I/Finsky  ( 2553): [2] abvf.f(7): SCH: Cancelling existing jobscheduler jobs: 9003 9001 
12-14 03:17:06.903 I/Finsky  ( 2553): [2] abvf.e(8): SCH: Throttling wakeup for job 9000 (expected to run in 0 ms) due to recent wakeup
12-14 03:17:06.903 I/Finsky  ( 2553): [2] abvf.e(23): SCH: Scheduling job Id: 9000, L: 30000, D: 82563758, C: false, I: true, N: 0
12-14 03:17:06.903 I/Finsky  ( 2553): [2] abvf.e(23): SCH: Scheduling job Id: 9004, L: 42940066, D: 86140066, C: false, I: false, N: 1
12-14 03:17:06.904 I/Finsky  ( 2553): [2] abvf.e(8): SCH: Throttling wakeup for job 9005 (expected to run in 0 ms) due to recent wakeup
12-14 03:17:06.904 I/Finsky  ( 2553): [2] abvf.e(23): SCH: Scheduling job Id: 9005, L: 30000, D: 86154970, C: true, I: true, N: 2
12-14 03:17:06.908 I/Finsky  ( 2553): [2] abvf.e(23): SCH: Scheduling job Id: 9006, L: 20730150, D: 21630150, C: false, I: false, N: 0
12-14 03:17:07.528 E/memtrack( 1626): Couldn't load memtrack module
12-14 03:17:07.528 W/android.os.Debug( 1626): failed to get memory consumption info: -1
12-14 03:17:08.194 I/BackgroundDexOptService( 1626): Pinning optimized code {}
12-14 03:17:08.196 E/memtrack( 1626): Couldn't load memtrack module
12-14 03:17:08.196 W/android.os.Debug( 1626): failed to get memory consumption info: -1
12-14 03:17:08.431 E/memtrack( 1626): Couldn't load memtrack module
12-14 03:17:08.431 W/android.os.Debug( 1626): failed to get memory consumption info: -1
12-14 03:17:09.205 D/AndroidRuntime( 4071): >>>>>> START com.android.internal.os.RuntimeInit uid 2000 <<<<<<
12-14 03:17:09.237 W/app_process( 4071): Unexpected CPU variant for X86 using defaults: x86
12-14 03:17:09.254 D/AndroidRuntime( 4071): Calling main entry com.android.commands.am.Am
--------- beginning of system
12-14 03:17:09.259 I/ActivityManager( 1626): Force stopping com.evancharlton.mileage appid=10400 user=0: start instr
12-14 03:17:09.259 I/ActivityManager( 1626): Killing 3976:com.evancharlton.mileage/u0a400 (adj 0): stop com.evancharlton.mileage
12-14 03:17:09.259 W/ActivityManager( 1626): Crash of app com.evancharlton.mileage running instrumentation ComponentInfo{com.evancharlton.mileage.test/sh.calaba.instrumentationbackend.CalabashInstrumentationTestRunner}
12-14 03:17:09.259 I/ActivityManager( 1626): Force stopping com.evancharlton.mileage appid=10400 user=0: finished inst
12-14 03:17:09.273 I/zygote  ( 4081): Not late-enabling -Xcheck:jni (already on)
12-14 03:17:09.274 I/ActivityManager( 1626): Start proc 4081:com.evancharlton.mileage/u0a400 for added application com.evancharlton.mileage
12-14 03:17:09.276 W/ActivityManager( 1626): setHasOverlayUi called on unknown pid: 3976
12-14 03:17:09.277 D/AndroidRuntime( 4071): Shutting down VM
12-14 03:17:09.293 W/zygote  ( 4081): Unexpected CPU variant for X86 using defaults: x86
12-14 03:17:09.300 E/adbd    ( 1384): failed to connect to socket 'tcp:7102': Connection refused
12-14 03:17:09.304 E/adbd    ( 1384): failed to connect to socket 'tcp:7102': Connection refused
12-14 03:17:09.328 W/zygote  ( 4081): Found duplicate classes, falling back to extracting from APK : /data/app/com.evancharlton.mileage.test-bevbbR9ImqgV3QFKE0qtvA==/base.apk
12-14 03:17:09.328 W/zygote  ( 4081): NOTE: This wastes RAM and hurts startup performance.
12-14 03:17:09.328 W/zygote  ( 4081): Found duplicated class when checking oat files: 'Ljunit/runner/BaseTestRunner;' in /data/app/com.evancharlton.mileage.test-bevbbR9ImqgV3QFKE0qtvA==/base.apk and /system/framework/android.test.runner.jar
12-14 03:17:09.328 W/zygote  ( 4081): 
12-14 03:17:09.356 W/System  ( 4081): ClassLoader referenced unknown path: 
12-14 03:17:09.369 I/System.out( 4081): Main activity name automatically set to: com.evancharlton.mileage.Mileage
12-14 03:17:09.370 I/System.out( 4081): Calabash did not load Mono. This is only a problem if you are trying to test a Mono application
12-14 03:17:09.370 I/calabash( 4081): Test server port: 7102
12-14 03:17:09.372 I/InstrumentationBackend( 4081): Added:'GetPreferences', with key:'get_preferences'
12-14 03:17:09.422 I/MicroDetectionWorker( 2188): #updateMicroDetector [detectionMode: [mDetectionMode: [1]]]
12-14 03:17:09.422 I/MicroDetectionWorker( 2188): #startMicroDetector [speakerMode: 0]
12-14 03:17:09.423 I/AudioController( 2188): Using mInputStreamFactoryBuilder
12-14 03:17:09.424 I/MicroDetectionWorker( 2188): onReady
12-14 03:17:09.427 I/MicroRecognitionRunner( 2188): Starting detection.
12-14 03:17:09.428 E/adbd    ( 1384): failed to connect to socket 'tcp:7102': Connection refused
12-14 03:17:09.429 D/WificondControl( 1626): Scan result ready event
12-14 03:17:09.433 I/MicrophoneInputStream( 2188): mic_starting com.google.android.apps.gsa.staticplugins.aa.c@66412b0
12-14 03:17:09.441 I/MicrophoneInputStream( 2188): mic_started com.google.android.apps.gsa.staticplugins.aa.c@66412b0
12-14 03:17:09.441 E/ActivityThread( 2188): Failed to find provider info for com.google.android.apps.gsa.testing.ui.audio.recorded
12-14 03:17:09.442 I/MicroDetectionWorker( 2188): onReady
12-14 03:17:09.443 I/MicrophoneInputStream( 2188): mic_close com.google.android.apps.gsa.staticplugins.aa.c@66412b0
12-14 03:17:09.444 I/MicroRecognitionRunner( 2188): Detection finished
12-14 03:17:09.444 W/ErrorReporter( 2188): reportError [type: 211, code: 524300]: Error reading from input stream
12-14 03:17:09.445 W/ErrorProcessor( 2188): onFatalError, processing error from engine(4)
12-14 03:17:09.445 W/ErrorProcessor( 2188): com.google.android.apps.gsa.shared.speech.b.g: Error reading from input stream
12-14 03:17:09.445 W/ErrorProcessor( 2188): 	at com.google.android.apps.gsa.staticplugins.recognizer.j.a.a(SourceFile:28)
12-14 03:17:09.445 W/ErrorProcessor( 2188): 	at com.google.android.apps.gsa.staticplugins.recognizer.j.b.run(SourceFile:15)
12-14 03:17:09.445 W/ErrorProcessor( 2188): 	at java.util.concurrent.Executors$RunnableAdapter.call(Executors.java:457)
12-14 03:17:09.445 W/ErrorProcessor( 2188): 	at java.util.concurrent.FutureTask.run(FutureTask.java:266)
12-14 03:17:09.445 W/ErrorProcessor( 2188): 	at com.google.android.apps.gsa.shared.util.concurrent.a.ax.run(SourceFile:14)
12-14 03:17:09.445 W/ErrorProcessor( 2188): 	at com.google.android.apps.gsa.shared.util.concurrent.a.bl.run(SourceFile:4)
12-14 03:17:09.445 W/ErrorProcessor( 2188): 	at com.google.android.apps.gsa.shared.util.concurrent.a.bl.run(SourceFile:4)
12-14 03:17:09.445 W/ErrorProcessor( 2188): 	at java.util.concurrent.ThreadPoolExecutor.runWorker(ThreadPoolExecutor.java:1162)
12-14 03:17:09.445 W/ErrorProcessor( 2188): 	at java.util.concurrent.ThreadPoolExecutor$Worker.run(ThreadPoolExecutor.java:636)
12-14 03:17:09.445 W/ErrorProcessor( 2188): 	at java.lang.Thread.run(Thread.java:764)
12-14 03:17:09.445 W/ErrorProcessor( 2188): 	at com.google.android.apps.gsa.shared.util.concurrent.a.ai.run(SourceFile:6)
12-14 03:17:09.445 W/ErrorProcessor( 2188): Caused by: com.google.android.apps.gsa.shared.exception.GsaIOException: Error code: 393238 | Buffer overflow, no available space.
12-14 03:17:09.445 W/ErrorProcessor( 2188): 	at com.google.android.apps.gsa.speech.audio.Tee.f(SourceFile:103)
12-14 03:17:09.445 W/ErrorProcessor( 2188): 	at com.google.android.apps.gsa.speech.audio.au.read(SourceFile:2)
12-14 03:17:09.445 W/ErrorProcessor( 2188): 	at java.io.InputStream.read(InputStream.java:101)
12-14 03:17:09.445 W/ErrorProcessor( 2188): 	at com.google.android.apps.gsa.speech.audio.ao.run(SourceFile:18)
12-14 03:17:09.445 W/ErrorProcessor( 2188): 	at com.google.android.apps.gsa.speech.audio.an.run(SourceFile:2)
12-14 03:17:09.445 W/ErrorProcessor( 2188): 	... 9 more
12-14 03:17:09.445 I/MicroRecognitionRunner( 2188): Stopping hotword detection.
12-14 03:17:09.445 I/AudioController( 2188): internalShutdown
12-14 03:17:09.446 I/MicroDetector( 2188): Keeping mic open: false
12-14 03:17:09.446 I/MicroDetectionWorker( 2188): #onError(false)
12-14 03:17:09.446 I/DeviceStateChecker( 2188): DeviceStateChecker cancelled
12-14 03:17:09.446 E/adbd    ( 1384): failed to connect to socket 'tcp:7102': Connection refused
12-14 03:17:09.448 I/AudioFlinger( 1475): AudioFlinger's thread 0xb1783400 tid=4104 ready to run
12-14 03:17:09.455 I/InstrumentationBackend( 4081): Added:'SetPreferences', with key:'set_preferences'
12-14 03:17:09.455 I/InstrumentationBackend( 4081): Added:'ClearPreferences', with key:'clear_preferences'
12-14 03:17:09.455 I/InstrumentationBackend( 4081): Added:'PressElement', with key:'press_l10n_element'
12-14 03:17:09.455 I/InstrumentationBackend( 4081): Added:'WaitForElement', with key:'wait_for_l10n_element'
12-14 03:17:09.456 I/InstrumentationBackend( 4081): Added:'NullAction', with key:'nullAction'
12-14 03:17:09.456 I/InstrumentationBackend( 4081): Added:'PressKey', with key:'press_key'
12-14 03:17:09.457 I/InstrumentationBackend( 4081): Added:'SetActivityOrientation', with key:'set_activity_orientation'
12-14 03:17:09.457 I/InstrumentationBackend( 4081): Added:'GetActivityOrientation', with key:'get_activity_orientation'
12-14 03:17:09.458 I/InstrumentationBackend( 4081): Added:'FakeGPSLocation', with key:'set_gps_coordinates'
12-14 03:17:09.458 I/InstrumentationBackend( 4081): Added:'SetPropertyByCssSelector', with key:'set_property_by_css_selector'
12-14 03:17:09.459 I/InstrumentationBackend( 4081): Added:'GetUrl', with key:'get_url'
12-14 03:17:09.461 I/InstrumentationBackend( 4081): Added:'ScrollTo', with key:'scroll_to'
12-14 03:17:09.462 I/InstrumentationBackend( 4081): Added:'GetLoadProgress', with key:'get_load_progress'
12-14 03:17:09.462 I/InstrumentationBackend( 4081): Added:'DumpHtml', with key:'dump_html'
12-14 03:17:09.462 I/InstrumentationBackend( 4081): Added:'DumpBodyHtml', with key:'dump_body_html'
12-14 03:17:09.463 I/InstrumentationBackend( 4081): Added:'EnterTextByCssSelector', with key:'enter_text_by_selector'
12-14 03:17:09.467 I/InstrumentationBackend( 4081): Added:'AndroidSDKVersion', with key:'android_sdk_version'
12-14 03:17:09.467 I/InstrumentationBackend( 4081): Added:'Version', with key:'version'
12-14 03:17:09.468 I/InstrumentationBackend( 4081): Added:'Drag', with key:'drag'
12-14 03:17:09.468 I/InstrumentationBackend( 4081): Added:'TouchCoordinates', with key:'touch_coordinate'
12-14 03:17:09.469 I/InstrumentationBackend( 4081): Added:'LongPressCoordinate', with key:'long_press_coordinate'
12-14 03:17:09.469 I/InstrumentationBackend( 4081): Added:'DragCoordinates', with key:'drag_coordinates'
12-14 03:17:09.470 I/InstrumentationBackend( 4081): Added:'ResumeApplication', with key:'resume_application'
12-14 03:17:09.470 I/InstrumentationBackend( 4081): Added:'Swipe', with key:'swipe'
12-14 03:17:09.471 I/InstrumentationBackend( 4081): Added:'DoubleTapCoordinate', with key:'double_tap_coordinate'
12-14 03:17:09.471 I/InstrumentationBackend( 4081): Added:'ClickOnScreen', with key:'click_on_screen'
12-14 03:17:09.472 I/InstrumentationBackend( 4081): Added:'GetActivityName', with key:'get_activity_name'
12-14 03:17:09.472 I/InstrumentationBackend( 4081): Added:'ScrollToView', with key:'scroll_to_view'
12-14 03:17:09.473 I/InstrumentationBackend( 4081): Added:'ViewConfiguration', with key:'view_configuration'
12-14 03:17:09.473 I/InstrumentationBackend( 4081): Added:'IsCurrentActivityFocused', with key:'is_current_activity_focused'
12-14 03:17:09.474 I/InstrumentationBackend( 4081): Added:'SendTcp', with key:'send_tcp'
12-14 03:17:09.474 I/InstrumentationBackend( 4081): Added:'DpToDevicePixel', with key:'dp_to_device_pixel'
12-14 03:17:09.475 I/InstrumentationBackend( 4081): Added:'KeyboardEnterText', with key:'keyboard_enter_text'
12-14 03:17:09.476 I/InstrumentationBackend( 4081): Added:'DeleteSurroundingText', with key:'delete_surrounding_text'
12-14 03:17:09.476 I/InstrumentationBackend( 4081): Added:'SetComposingRegion', with key:'set_composing_region'
12-14 03:17:09.477 I/InstrumentationBackend( 4081): Added:'SetSelection', with key:'set_selection'
12-14 03:17:09.477 I/InstrumentationBackend( 4081): Added:'KeyboardKeyEvent', with key:'keyboard_key_event'
12-14 03:17:09.478 I/InstrumentationBackend( 4081): Added:'PressUserActionButton', with key:'press_user_action_button'
12-14 03:17:09.479 I/InstrumentationBackend( 4081): Added:'HideSoftKeyboard', with key:'hide_soft_keyboard'
12-14 03:17:09.480 I/InstrumentationBackend( 4081): Added:'ListActions', with key:'list_actions'
12-14 03:17:09.481 I/calabash( 4081): Instantiating http server at 7102
12-14 03:17:09.482 I/System.out( 4081): HTTP Daemon listening on: 7102
12-14 03:17:09.575 I/System.out( 4081): URI: //ping
12-14 03:17:09.576 I/System.out( 4081): params: {json={}
12-14 03:17:09.576 I/System.out( 4081): }
12-14 03:17:09.589 I/System.out( 4081): URI: //ping
12-14 03:17:09.590 I/System.out( 4081): params: {json={}
12-14 03:17:09.590 I/System.out( 4081): }
12-14 03:17:09.600 I/System.out( 4081): URI: //ready
12-14 03:17:09.600 I/System.out( 4081): params: {json={}
12-14 03:17:09.600 I/System.out( 4081): }
12-14 03:17:09.607 I/System.out( 4081): URI: //
12-14 03:17:09.607 I/System.out( 4081): params: {json={"command":"version","arguments":[]}
12-14 03:17:09.607 I/System.out( 4081): }
12-14 03:17:09.607 I/System.out( 4081): header: {content-type=application/json;charset=utf-8, date=Mon, 14 Dec 2020 08:17:10 GMT, accept=*/*, host=127.0.0.1:34777, content-length=36, user-agent=HTTPClient/1.0 (2.8.3, ruby 2.5.8 (2020-03-31))}
12-14 03:17:09.607 I/System.out( 4081): params: {json={"command":"version","arguments":[]}
12-14 03:17:09.607 I/System.out( 4081): }
12-14 03:17:09.607 I/System.out( 4081): ProP json = {"command":"version","arguments":[]}
12-14 03:17:09.608 I/System.out( 4081): files: {}
12-14 03:17:09.608 I/System.out( 4081): command: {"command":"version","arguments":[]}
12-14 03:17:09.636 I/InstrumentationBackend( 4081): Got command:'Command:'Line:null,version', arguments:'[]'
12-14 03:17:09.670 I/System.out( 4081): result:{"bonusInformation":[],"message":"0.9.8","success":true}
12-14 03:17:09.677 I/System.out( 4081): URI: //start-application
12-14 03:17:09.677 I/System.out( 4081): params: {json={"intent":null}
12-14 03:17:09.677 I/System.out( 4081): }
12-14 03:17:09.714 I/ActivityManager( 1626): START u0 {act=android.intent.action.MAIN cat=[android.intent.category.LAUNCHER] flg=0x10200000 cmp=com.evancharlton.mileage/.Mileage} from uid 10400
12-14 03:17:09.732 I/calabash( 4081): newActivity1
12-14 03:17:09.740 D/gralloc_ranchu( 1395): gralloc_alloc: Creating ashmem region of size 7753728
12-14 03:17:09.786 W/ActivityManager( 1626): Bad activity token: android.os.BinderProxy@448681d
12-14 03:17:09.786 W/ActivityManager( 1626): java.lang.ClassCastException: android.os.BinderProxy cannot be cast to com.android.server.am.ActivityRecord$Token
12-14 03:17:09.786 W/ActivityManager( 1626): 	at com.android.server.am.ActivityRecord.forTokenLocked(ActivityRecord.java:778)
12-14 03:17:09.786 W/ActivityManager( 1626): 	at com.android.server.am.ActivityRecord.isInStackLocked(ActivityRecord.java:2085)
12-14 03:17:09.786 W/ActivityManager( 1626): 	at com.android.server.am.ActivityRecord.getStackLocked(ActivityRecord.java:2090)
12-14 03:17:09.786 W/ActivityManager( 1626): 	at com.android.server.am.ActivityManagerService.getActivityDisplayId(ActivityManagerService.java:10406)
12-14 03:17:09.786 W/ActivityManager( 1626): 	at android.app.IActivityManager$Stub.onTransact(IActivityManager.java:2738)
12-14 03:17:09.786 W/ActivityManager( 1626): 	at com.android.server.am.ActivityManagerService.onTransact(ActivityManagerService.java:2935)
12-14 03:17:09.786 W/ActivityManager( 1626): 	at android.os.Binder.execTransact(Binder.java:674)
12-14 03:17:09.788 I/calabash( 4081): newActivity1
12-14 03:17:09.799 W/ActivityManager( 1626): Bad activity token: android.os.BinderProxy@448681d
12-14 03:17:09.799 W/ActivityManager( 1626): java.lang.ClassCastException: android.os.BinderProxy cannot be cast to com.android.server.am.ActivityRecord$Token
12-14 03:17:09.799 W/ActivityManager( 1626): 	at com.android.server.am.ActivityRecord.forTokenLocked(ActivityRecord.java:778)
12-14 03:17:09.799 W/ActivityManager( 1626): 	at com.android.server.am.ActivityRecord.isInStackLocked(ActivityRecord.java:2085)
12-14 03:17:09.799 W/ActivityManager( 1626): 	at com.android.server.am.ActivityManagerService.setTaskDescription(ActivityManagerService.java:9988)
12-14 03:17:09.799 W/ActivityManager( 1626): 	at android.app.IActivityManager$Stub.onTransact(IActivityManager.java:2824)
12-14 03:17:09.799 W/ActivityManager( 1626): 	at com.android.server.am.ActivityManagerService.onTransact(ActivityManagerService.java:2935)
12-14 03:17:09.799 W/ActivityManager( 1626): 	at android.os.Binder.execTransact(Binder.java:674)
12-14 03:17:09.800 D/EGL_emulation( 2188): eglMakeCurrent: 0xa22fdc80: ver 3 0 (tinfo 0xa22ff370)
12-14 03:17:09.800 W/ActivityManager( 1626): Bad activity token: android.os.BinderProxy@448681d
12-14 03:17:09.800 W/ActivityManager( 1626): java.lang.ClassCastException: android.os.BinderProxy cannot be cast to com.android.server.am.ActivityRecord$Token
12-14 03:17:09.800 W/ActivityManager( 1626): 	at com.android.server.am.ActivityRecord.forTokenLocked(ActivityRecord.java:778)
12-14 03:17:09.800 W/ActivityManager( 1626): 	at com.android.server.am.ActivityRecord.isInStackLocked(ActivityRecord.java:2085)
12-14 03:17:09.800 W/ActivityManager( 1626): 	at com.android.server.am.ActivityRecord.getStackLocked(ActivityRecord.java:2090)
12-14 03:17:09.800 W/ActivityManager( 1626): 	at com.android.server.am.ActivityManagerService.getActivityStackId(ActivityManagerService.java:10417)
12-14 03:17:09.800 W/ActivityManager( 1626): 	at android.app.IActivityManager$Stub.onTransact(IActivityManager.java:3548)
12-14 03:17:09.800 W/ActivityManager( 1626): 	at com.android.server.am.ActivityManagerService.onTransact(ActivityManagerService.java:2935)
12-14 03:17:09.800 W/ActivityManager( 1626): 	at android.os.Binder.execTransact(Binder.java:674)
12-14 03:17:09.801 D/EGL_emulation( 2152): eglMakeCurrent: 0xa4884540: ver 3 0 (tinfo 0xa4883410)
12-14 03:17:09.818 D/EGL_emulation( 1732): eglMakeCurrent: 0x90d42220: ver 3 0 (tinfo 0x90d3fa20)
12-14 03:17:09.819 V/StatusBar( 1732): setLightsOn(true)
12-14 03:17:09.835 D/EGL_emulation( 1732): eglMakeCurrent: 0x90d42220: ver 3 0 (tinfo 0x90d3fa20)
12-14 03:17:09.852 I/chatty  ( 1732): uid=10028(u0_a28) RenderThread identical 2 lines
12-14 03:17:09.863 D/EGL_emulation( 1732): eglMakeCurrent: 0x90d42220: ver 3 0 (tinfo 0x90d3fa20)
12-14 03:17:09.864 V/StatusBar( 1732): setLightsOn(true)
12-14 03:17:09.867 D/EGL_emulation( 1732): eglMakeCurrent: 0x90d42220: ver 3 0 (tinfo 0x90d3fa20)
12-14 03:17:09.881 D/EGL_emulation( 1732): eglMakeCurrent: 0x90d42220: ver 3 0 (tinfo 0x90d3fa20)
12-14 03:17:09.884 E/ContentStoreEUAS( 2188): Failed to commit the deferred actions
12-14 03:17:09.886 D/EGL_emulation( 1732): eglMakeCurrent: 0x90d42220: ver 3 0 (tinfo 0x90d3fa20)
12-14 03:17:09.889 W/ActivityManager( 1626): Bad activity token: android.os.BinderProxy@448681d
12-14 03:17:09.889 W/ActivityManager( 1626): java.lang.ClassCastException: android.os.BinderProxy cannot be cast to com.android.server.am.ActivityRecord$Token
12-14 03:17:09.889 W/ActivityManager( 1626): 	at com.android.server.am.ActivityRecord.forTokenLocked(ActivityRecord.java:778)
12-14 03:17:09.889 W/ActivityManager( 1626): 	at com.android.server.am.ActivityRecord.isInStackLocked(ActivityRecord.java:2085)
12-14 03:17:09.889 W/ActivityManager( 1626): 	at com.android.server.am.ActivityManagerService.getActivityOptions(ActivityManagerService.java:13302)
12-14 03:17:09.889 W/ActivityManager( 1626): 	at android.app.IActivityManager$Stub.onTransact(IActivityManager.java:2910)
12-14 03:17:09.889 W/ActivityManager( 1626): 	at com.android.server.am.ActivityManagerService.onTransact(ActivityManagerService.java:2935)
12-14 03:17:09.889 W/ActivityManager( 1626): 	at android.os.Binder.execTransact(Binder.java:674)
12-14 03:17:09.892 W/ActivityManager( 1626): Bad activity token: android.os.BinderProxy@448681d
12-14 03:17:09.892 W/ActivityManager( 1626): java.lang.ClassCastException: android.os.BinderProxy cannot be cast to com.android.server.am.ActivityRecord$Token
12-14 03:17:09.892 W/ActivityManager( 1626): 	at com.android.server.am.ActivityRecord.forTokenLocked(ActivityRecord.java:778)
12-14 03:17:09.892 W/ActivityManager( 1626): 	at com.android.server.am.ActivityRecord.isInStackLocked(ActivityRecord.java:2085)
12-14 03:17:09.892 W/ActivityManager( 1626): 	at com.android.server.am.ActivityManagerService.getActivityOptions(ActivityManagerService.java:13302)
12-14 03:17:09.892 W/ActivityManager( 1626): 	at android.app.IActivityManager$Stub.onTransact(IActivityManager.java:2910)
12-14 03:17:09.892 W/ActivityManager( 1626): 	at com.android.server.am.ActivityManagerService.onTransact(ActivityManagerService.java:2935)
12-14 03:17:09.892 W/ActivityManager( 1626): 	at android.os.Binder.execTransact(Binder.java:674)
12-14 03:17:09.982 I/chatty  ( 1732): uid=10028(u0_a28) RenderThread identical 12 lines
12-14 03:17:09.983 D/EGL_emulation( 1732): eglMakeCurrent: 0x90d42220: ver 3 0 (tinfo 0x90d3fa20)
12-14 03:17:09.984 V/StatusBar( 1732): setLightsOn(true)
12-14 03:17:09.998 D/EGL_emulation( 1732): eglMakeCurrent: 0x90d42220: ver 3 0 (tinfo 0x90d3fa20)
12-14 03:17:10.001 I/chatty  ( 1732): uid=10028(u0_a28) RenderThread identical 1 line
12-14 03:17:10.012 D/EGL_emulation( 1732): eglMakeCurrent: 0x90d42220: ver 3 0 (tinfo 0x90d3fa20)
12-14 03:17:10.027 V/StatusBar( 1732): setLightsOn(true)
12-14 03:17:10.032 I/chatty  ( 1732): uid=10028(u0_a28) com.android.systemui identical 1 line
12-14 03:17:10.033 V/StatusBar( 1732): setLightsOn(true)
12-14 03:17:10.061 D/gralloc_ranchu( 1395): gralloc_alloc: Creating ashmem region of size 7753728
12-14 03:17:10.067 I/zygote  ( 4081): Do partial code cache collection, code=25KB, data=30KB
12-14 03:17:10.067 I/zygote  ( 4081): After code cache collection, code=25KB, data=30KB
12-14 03:17:10.067 I/zygote  ( 4081): Increasing code cache capacity to 128KB
12-14 03:17:10.068 I/zygote  ( 4081): Do partial code cache collection, code=25KB, data=48KB
12-14 03:17:10.068 I/zygote  ( 4081): After code cache collection, code=25KB, data=48KB
12-14 03:17:10.068 I/zygote  ( 4081): Increasing code cache capacity to 256KB
12-14 03:17:10.068 I/zygote  ( 4081): JIT allocated 71KB for compiled code of void android.widget.TextView.<init>(android.content.Context, android.util.AttributeSet, int, int)
12-14 03:17:10.068 I/zygote  ( 4081): Compiler allocated 4MB to compile void android.widget.TextView.<init>(android.content.Context, android.util.AttributeSet, int, int)
12-14 03:17:10.121 D/        ( 4081): HostConnection::get() New Host Connection established 0xa1f2fd80, tid 4081
12-14 03:17:10.169 V/StatusBar( 1732): setLightsOn(true)
12-14 03:17:10.169 V/StatusBar( 1732): setLightsOn(true)
12-14 03:17:10.170 I/ActivityManager( 1626): Displayed com.evancharlton.mileage/.Mileage: +444ms
12-14 03:17:10.190 V/StatusBar( 1732): setLightsOn(true)
12-14 03:17:10.196 D/gralloc_ranchu( 1395): gralloc_alloc: Creating ashmem region of size 7753728
12-14 03:17:10.264 V/StatusBar( 1732): setLightsOn(true)
