--------- beginning of main
12-14 02:11:41.767 E/adbd    ( 1382): failed to connect to socket 'tcp:7102': Connection refused
12-14 02:11:42.123 D/AndroidRuntime( 4454): >>>>>> START com.android.internal.os.RuntimeInit uid 2000 <<<<<<
12-14 02:11:42.158 W/app_process( 4454): Unexpected CPU variant for X86 using defaults: x86
12-14 02:11:42.172 D/AndroidRuntime( 4454): Calling main entry com.android.commands.am.Am
--------- beginning of system
12-14 02:11:42.174 I/ActivityManager( 1628): Force stopping com.evancharlton.mileage appid=10332 user=0: start instr
12-14 02:11:42.178 I/zygote  ( 4464): Not late-enabling -Xcheck:jni (already on)
12-14 02:11:42.184 W/zygote  ( 4464): Unexpected CPU variant for X86 using defaults: x86
12-14 02:11:42.188 I/ActivityManager( 1628): Start proc 4464:com.evancharlton.mileage/u0a332 for added application com.evancharlton.mileage
12-14 02:11:42.188 D/AndroidRuntime( 4454): Shutting down VM
12-14 02:11:42.210 E/adbd    ( 1382): failed to connect to socket 'tcp:7102': Connection refused
12-14 02:11:42.213 E/adbd    ( 1382): failed to connect to socket 'tcp:7102': Connection refused
12-14 02:11:42.216 W/zygote  ( 4464): Found duplicate classes, falling back to extracting from APK : /data/app/com.evancharlton.mileage.test-3OGc7V6_dMaK3Sxn5QHfsw==/base.apk
12-14 02:11:42.216 W/zygote  ( 4464): NOTE: This wastes RAM and hurts startup performance.
12-14 02:11:42.216 W/zygote  ( 4464): Found duplicated class when checking oat files: 'Ljunit/runner/BaseTestRunner;' in /data/app/com.evancharlton.mileage.test-3OGc7V6_dMaK3Sxn5QHfsw==/base.apk and /system/framework/android.test.runner.jar
12-14 02:11:42.216 W/zygote  ( 4464): 
12-14 02:11:42.242 W/System  ( 4464): ClassLoader referenced unknown path: 
12-14 02:11:42.254 I/System.out( 4464): Main activity name automatically set to: com.evancharlton.mileage.Mileage
12-14 02:11:42.255 I/System.out( 4464): Calabash did not load Mono. This is only a problem if you are trying to test a Mono application
12-14 02:11:42.255 I/calabash( 4464): Test server port: 7102
12-14 02:11:42.256 I/InstrumentationBackend( 4464): Added:'GetPreferences', with key:'get_preferences'
12-14 02:11:42.321 I/InstrumentationBackend( 4464): Added:'SetPreferences', with key:'set_preferences'
12-14 02:11:42.321 I/InstrumentationBackend( 4464): Added:'ClearPreferences', with key:'clear_preferences'
12-14 02:11:42.322 I/InstrumentationBackend( 4464): Added:'PressElement', with key:'press_l10n_element'
12-14 02:11:42.322 I/InstrumentationBackend( 4464): Added:'WaitForElement', with key:'wait_for_l10n_element'
12-14 02:11:42.323 I/InstrumentationBackend( 4464): Added:'NullAction', with key:'nullAction'
12-14 02:11:42.323 I/InstrumentationBackend( 4464): Added:'PressKey', with key:'press_key'
12-14 02:11:42.324 I/InstrumentationBackend( 4464): Added:'SetActivityOrientation', with key:'set_activity_orientation'
12-14 02:11:42.326 I/InstrumentationBackend( 4464): Added:'GetActivityOrientation', with key:'get_activity_orientation'
12-14 02:11:42.326 E/adbd    ( 1382): failed to connect to socket 'tcp:7102': Connection refused
12-14 02:11:42.327 I/InstrumentationBackend( 4464): Added:'FakeGPSLocation', with key:'set_gps_coordinates'
12-14 02:11:42.328 I/InstrumentationBackend( 4464): Added:'SetPropertyByCssSelector', with key:'set_property_by_css_selector'
12-14 02:11:42.330 I/InstrumentationBackend( 4464): Added:'GetUrl', with key:'get_url'
12-14 02:11:42.331 E/adbd    ( 1382): failed to connect to socket 'tcp:7102': Connection refused
12-14 02:11:42.334 I/InstrumentationBackend( 4464): Added:'ScrollTo', with key:'scroll_to'
12-14 02:11:42.335 I/InstrumentationBackend( 4464): Added:'GetLoadProgress', with key:'get_load_progress'
12-14 02:11:42.336 I/InstrumentationBackend( 4464): Added:'DumpHtml', with key:'dump_html'
12-14 02:11:42.336 I/InstrumentationBackend( 4464): Added:'DumpBodyHtml', with key:'dump_body_html'
12-14 02:11:42.337 I/InstrumentationBackend( 4464): Added:'EnterTextByCssSelector', with key:'enter_text_by_selector'
12-14 02:11:42.344 I/InstrumentationBackend( 4464): Added:'AndroidSDKVersion', with key:'android_sdk_version'
12-14 02:11:42.345 I/InstrumentationBackend( 4464): Added:'Version', with key:'version'
12-14 02:11:42.345 I/InstrumentationBackend( 4464): Added:'Drag', with key:'drag'
12-14 02:11:42.345 I/InstrumentationBackend( 4464): Added:'TouchCoordinates', with key:'touch_coordinate'
12-14 02:11:42.346 I/InstrumentationBackend( 4464): Added:'LongPressCoordinate', with key:'long_press_coordinate'
12-14 02:11:42.346 I/InstrumentationBackend( 4464): Added:'DragCoordinates', with key:'drag_coordinates'
12-14 02:11:42.348 I/InstrumentationBackend( 4464): Added:'ResumeApplication', with key:'resume_application'
12-14 02:11:42.348 I/InstrumentationBackend( 4464): Added:'Swipe', with key:'swipe'
12-14 02:11:42.348 I/InstrumentationBackend( 4464): Added:'DoubleTapCoordinate', with key:'double_tap_coordinate'
12-14 02:11:42.349 I/InstrumentationBackend( 4464): Added:'ClickOnScreen', with key:'click_on_screen'
12-14 02:11:42.350 I/InstrumentationBackend( 4464): Added:'GetActivityName', with key:'get_activity_name'
12-14 02:11:42.351 I/InstrumentationBackend( 4464): Added:'ScrollToView', with key:'scroll_to_view'
12-14 02:11:42.352 I/InstrumentationBackend( 4464): Added:'ViewConfiguration', with key:'view_configuration'
12-14 02:11:42.352 I/InstrumentationBackend( 4464): Added:'IsCurrentActivityFocused', with key:'is_current_activity_focused'
12-14 02:11:42.353 I/InstrumentationBackend( 4464): Added:'SendTcp', with key:'send_tcp'
12-14 02:11:42.353 I/InstrumentationBackend( 4464): Added:'DpToDevicePixel', with key:'dp_to_device_pixel'
12-14 02:11:42.355 I/InstrumentationBackend( 4464): Added:'KeyboardEnterText', with key:'keyboard_enter_text'
12-14 02:11:42.357 I/InstrumentationBackend( 4464): Added:'DeleteSurroundingText', with key:'delete_surrounding_text'
12-14 02:11:42.358 I/InstrumentationBackend( 4464): Added:'SetComposingRegion', with key:'set_composing_region'
12-14 02:11:42.358 I/InstrumentationBackend( 4464): Added:'SetSelection', with key:'set_selection'
12-14 02:11:42.359 I/InstrumentationBackend( 4464): Added:'KeyboardKeyEvent', with key:'keyboard_key_event'
12-14 02:11:42.360 I/InstrumentationBackend( 4464): Added:'PressUserActionButton', with key:'press_user_action_button'
12-14 02:11:42.361 I/InstrumentationBackend( 4464): Added:'HideSoftKeyboard', with key:'hide_soft_keyboard'
12-14 02:11:42.362 I/InstrumentationBackend( 4464): Added:'ListActions', with key:'list_actions'
12-14 02:11:42.363 I/calabash( 4464): Instantiating http server at 7102
12-14 02:11:42.363 I/System.out( 4464): HTTP Daemon listening on: 7102
12-14 02:11:42.452 I/System.out( 4464): URI: //ping
12-14 02:11:42.452 I/System.out( 4464): params: {json={}
12-14 02:11:42.453 I/System.out( 4464): }
12-14 02:11:42.466 I/System.out( 4464): URI: //ping
12-14 02:11:42.466 I/System.out( 4464): params: {json={}
12-14 02:11:42.466 I/System.out( 4464): }
12-14 02:11:42.475 I/System.out( 4464): URI: //ready
12-14 02:11:42.475 I/System.out( 4464): params: {json={}
12-14 02:11:42.475 I/System.out( 4464): }
12-14 02:11:42.483 I/System.out( 4464): URI: //
12-14 02:11:42.484 I/System.out( 4464): params: {json={"command":"version","arguments":[]}
12-14 02:11:42.484 I/System.out( 4464): }
12-14 02:11:42.484 I/System.out( 4464): header: {content-type=application/json;charset=utf-8, date=Mon, 14 Dec 2020 07:11:42 GMT, accept=*/*, host=127.0.0.1:34777, content-length=36, user-agent=HTTPClient/1.0 (2.8.3, ruby 2.5.8 (2020-03-31))}
12-14 02:11:42.484 I/System.out( 4464): params: {json={"command":"version","arguments":[]}
12-14 02:11:42.484 I/System.out( 4464): }
12-14 02:11:42.484 I/System.out( 4464): ProP json = {"command":"version","arguments":[]}
12-14 02:11:42.484 I/System.out( 4464): files: {}
12-14 02:11:42.484 I/System.out( 4464): command: {"command":"version","arguments":[]}
12-14 02:11:42.516 I/InstrumentationBackend( 4464): Got command:'Command:'Line:null,version', arguments:'[]'
12-14 02:11:42.547 I/System.out( 4464): result:{"bonusInformation":[],"message":"0.9.8","success":true}
12-14 02:11:42.554 I/System.out( 4464): URI: //start-application
12-14 02:11:42.555 I/System.out( 4464): params: {json={"intent":null}
12-14 02:11:42.555 I/System.out( 4464): }
12-14 02:11:42.591 I/ActivityManager( 1628): START u0 {act=android.intent.action.MAIN cat=[android.intent.category.LAUNCHER] flg=0x10200000 cmp=com.evancharlton.mileage/.Mileage} from uid 10332
12-14 02:11:42.604 I/calabash( 4464): newActivity1
12-14 02:11:42.621 D/gralloc_ranchu( 1395): gralloc_alloc: Creating ashmem region of size 7753728
12-14 02:11:42.639 W/ActivityManager( 1628): Bad activity token: android.os.BinderProxy@839068
12-14 02:11:42.639 W/ActivityManager( 1628): java.lang.ClassCastException: android.os.BinderProxy cannot be cast to com.android.server.am.ActivityRecord$Token
12-14 02:11:42.639 W/ActivityManager( 1628): 	at com.android.server.am.ActivityRecord.forTokenLocked(ActivityRecord.java:778)
12-14 02:11:42.639 W/ActivityManager( 1628): 	at com.android.server.am.ActivityRecord.isInStackLocked(ActivityRecord.java:2085)
12-14 02:11:42.639 W/ActivityManager( 1628): 	at com.android.server.am.ActivityRecord.getStackLocked(ActivityRecord.java:2090)
12-14 02:11:42.639 W/ActivityManager( 1628): 	at com.android.server.am.ActivityManagerService.getActivityDisplayId(ActivityManagerService.java:10406)
12-14 02:11:42.639 W/ActivityManager( 1628): 	at android.app.IActivityManager$Stub.onTransact(IActivityManager.java:2738)
12-14 02:11:42.639 W/ActivityManager( 1628): 	at com.android.server.am.ActivityManagerService.onTransact(ActivityManagerService.java:2935)
12-14 02:11:42.639 W/ActivityManager( 1628): 	at android.os.Binder.execTransact(Binder.java:674)
12-14 02:11:42.640 I/calabash( 4464): newActivity1
12-14 02:11:42.644 W/ActivityManager( 1628): Bad activity token: android.os.BinderProxy@839068
12-14 02:11:42.644 W/ActivityManager( 1628): java.lang.ClassCastException: android.os.BinderProxy cannot be cast to com.android.server.am.ActivityRecord$Token
12-14 02:11:42.644 W/ActivityManager( 1628): 	at com.android.server.am.ActivityRecord.forTokenLocked(ActivityRecord.java:778)
12-14 02:11:42.644 W/ActivityManager( 1628): 	at com.android.server.am.ActivityRecord.isInStackLocked(ActivityRecord.java:2085)
12-14 02:11:42.644 W/ActivityManager( 1628): 	at com.android.server.am.ActivityManagerService.setTaskDescription(ActivityManagerService.java:9988)
12-14 02:11:42.644 W/ActivityManager( 1628): 	at android.app.IActivityManager$Stub.onTransact(IActivityManager.java:2824)
12-14 02:11:42.644 W/ActivityManager( 1628): 	at com.android.server.am.ActivityManagerService.onTransact(ActivityManagerService.java:2935)
12-14 02:11:42.644 W/ActivityManager( 1628): 	at android.os.Binder.execTransact(Binder.java:674)
12-14 02:11:42.644 W/ActivityManager( 1628): Bad activity token: android.os.BinderProxy@839068
12-14 02:11:42.644 W/ActivityManager( 1628): java.lang.ClassCastException: android.os.BinderProxy cannot be cast to com.android.server.am.ActivityRecord$Token
12-14 02:11:42.644 W/ActivityManager( 1628): 	at com.android.server.am.ActivityRecord.forTokenLocked(ActivityRecord.java:778)
12-14 02:11:42.644 W/ActivityManager( 1628): 	at com.android.server.am.ActivityRecord.isInStackLocked(ActivityRecord.java:2085)
12-14 02:11:42.644 W/ActivityManager( 1628): 	at com.android.server.am.ActivityRecord.getStackLocked(ActivityRecord.java:2090)
12-14 02:11:42.644 W/ActivityManager( 1628): 	at com.android.server.am.ActivityManagerService.getActivityStackId(ActivityManagerService.java:10417)
12-14 02:11:42.644 W/ActivityManager( 1628): 	at android.app.IActivityManager$Stub.onTransact(IActivityManager.java:3548)
12-14 02:11:42.644 W/ActivityManager( 1628): 	at com.android.server.am.ActivityManagerService.onTransact(ActivityManagerService.java:2935)
12-14 02:11:42.644 W/ActivityManager( 1628): 	at android.os.Binder.execTransact(Binder.java:674)
12-14 02:11:42.673 D/EGL_emulation( 2211): eglMakeCurrent: 0xa5f85d80: ver 3 0 (tinfo 0xa5f83830)
12-14 02:11:42.673 D/EGL_emulation( 2183): eglMakeCurrent: 0xa35c6b40: ver 3 0 (tinfo 0xa377f5d0)
12-14 02:11:42.679 V/StatusBar( 1727): setLightsOn(true)
12-14 02:11:42.700 D/EGL_emulation( 1727): eglMakeCurrent: 0x924d50a0: ver 3 0 (tinfo 0xa17f1bb0)
12-14 02:11:42.703 V/StatusBar( 1727): setLightsOn(true)
12-14 02:11:42.716 D/EGL_emulation( 1727): eglMakeCurrent: 0x924d50a0: ver 3 0 (tinfo 0xa17f1bb0)
12-14 02:11:42.717 E/ContentStoreEUAS( 2211): Failed to commit the deferred actions
12-14 02:11:42.722 D/EGL_emulation( 1727): eglMakeCurrent: 0x924d50a0: ver 3 0 (tinfo 0xa17f1bb0)
12-14 02:11:42.732 I/zygote  ( 2211): Do partial code cache collection, code=226KB, data=174KB
12-14 02:11:42.732 I/zygote  ( 2211): After code cache collection, code=226KB, data=174KB
12-14 02:11:42.732 I/zygote  ( 2211): Increasing code cache capacity to 1024KB
12-14 02:11:42.734 D/EGL_emulation( 1727): eglMakeCurrent: 0x924d50a0: ver 3 0 (tinfo 0xa17f1bb0)
12-14 02:11:42.801 W/ActivityManager( 1628): Bad activity token: android.os.BinderProxy@839068
12-14 02:11:42.801 W/ActivityManager( 1628): java.lang.ClassCastException: android.os.BinderProxy cannot be cast to com.android.server.am.ActivityRecord$Token
12-14 02:11:42.801 W/ActivityManager( 1628): 	at com.android.server.am.ActivityRecord.forTokenLocked(ActivityRecord.java:778)
12-14 02:11:42.801 W/ActivityManager( 1628): 	at com.android.server.am.ActivityRecord.isInStackLocked(ActivityRecord.java:2085)
12-14 02:11:42.801 W/ActivityManager( 1628): 	at com.android.server.am.ActivityManagerService.getActivityOptions(ActivityManagerService.java:13302)
12-14 02:11:42.801 W/ActivityManager( 1628): 	at android.app.IActivityManager$Stub.onTransact(IActivityManager.java:2910)
12-14 02:11:42.801 W/ActivityManager( 1628): 	at com.android.server.am.ActivityManagerService.onTransact(ActivityManagerService.java:2935)
12-14 02:11:42.801 W/ActivityManager( 1628): 	at android.os.Binder.execTransact(Binder.java:674)
12-14 02:11:42.802 W/ActivityManager( 1628): Bad activity token: android.os.BinderProxy@839068
12-14 02:11:42.802 W/ActivityManager( 1628): java.lang.ClassCastException: android.os.BinderProxy cannot be cast to com.android.server.am.ActivityRecord$Token
12-14 02:11:42.802 W/ActivityManager( 1628): 	at com.android.server.am.ActivityRecord.forTokenLocked(ActivityRecord.java:778)
12-14 02:11:42.802 W/ActivityManager( 1628): 	at com.android.server.am.ActivityRecord.isInStackLocked(ActivityRecord.java:2085)
12-14 02:11:42.802 W/ActivityManager( 1628): 	at com.android.server.am.ActivityManagerService.getActivityOptions(ActivityManagerService.java:13302)
12-14 02:11:42.802 W/ActivityManager( 1628): 	at android.app.IActivityManager$Stub.onTransact(IActivityManager.java:2910)
12-14 02:11:42.802 W/ActivityManager( 1628): 	at com.android.server.am.ActivityManagerService.onTransact(ActivityManagerService.java:2935)
12-14 02:11:42.802 W/ActivityManager( 1628): 	at android.os.Binder.execTransact(Binder.java:674)
12-14 02:11:42.864 I/chatty  ( 1727): uid=10028(u0_a28) RenderThread identical 14 lines
12-14 02:11:42.867 D/EGL_emulation( 1727): eglMakeCurrent: 0x924d50a0: ver 3 0 (tinfo 0xa17f1bb0)
12-14 02:11:42.871 D/AndroidRuntime( 4464): Shutting down VM
--------- beginning of crash
12-14 02:11:42.876 E/AndroidRuntime( 4464): FATAL EXCEPTION: main
12-14 02:11:42.876 E/AndroidRuntime( 4464): Process: com.evancharlton.mileage, PID: 4464
12-14 02:11:42.876 E/AndroidRuntime( 4464): java.lang.RuntimeException: Unable to resume activity {com.evancharlton.mileage/com.evancharlton.mileage.Mileage}: java.lang.RuntimeException: Unable to resume activity {com.evancharlton.mileage/com.evancharlton.mileage.FillupActivity}: java.lang.NullPointerException: Attempt to invoke virtual method 'void android.widget.EditText.setHint(java.lang.CharSequence)' on a null object reference
12-14 02:11:42.876 E/AndroidRuntime( 4464): 	at android.app.ActivityThread.performResumeActivity(ActivityThread.java:3645)
12-14 02:11:42.876 E/AndroidRuntime( 4464): 	at android.app.ActivityThread.handleResumeActivity(ActivityThread.java:3685)
12-14 02:11:42.876 E/AndroidRuntime( 4464): 	at android.app.ActivityThread.handleLaunchActivity(ActivityThread.java:2898)
12-14 02:11:42.876 E/AndroidRuntime( 4464): 	at android.app.ActivityThread.-wrap11(Unknown Source:0)
12-14 02:11:42.876 E/AndroidRuntime( 4464): 	at android.app.ActivityThread$H.handleMessage(ActivityThread.java:1593)
12-14 02:11:42.876 E/AndroidRuntime( 4464): 	at android.os.Handler.dispatchMessage(Handler.java:105)
12-14 02:11:42.876 E/AndroidRuntime( 4464): 	at android.os.Looper.loop(Looper.java:164)
12-14 02:11:42.876 E/AndroidRuntime( 4464): 	at android.app.ActivityThread.main(ActivityThread.java:6541)
12-14 02:11:42.876 E/AndroidRuntime( 4464): 	at java.lang.reflect.Method.invoke(Native Method)
12-14 02:11:42.876 E/AndroidRuntime( 4464): 	at com.android.internal.os.Zygote$MethodAndArgsCaller.run(Zygote.java:240)
12-14 02:11:42.876 E/AndroidRuntime( 4464): 	at com.android.internal.os.ZygoteInit.main(ZygoteInit.java:767)
12-14 02:11:42.876 E/AndroidRuntime( 4464): Caused by: java.lang.RuntimeException: Unable to resume activity {com.evancharlton.mileage/com.evancharlton.mileage.FillupActivity}: java.lang.NullPointerException: Attempt to invoke virtual method 'void android.widget.EditText.setHint(java.lang.CharSequence)' on a null object reference
12-14 02:11:42.876 E/AndroidRuntime( 4464): 	at android.app.ActivityThread.performResumeActivity(ActivityThread.java:3645)
12-14 02:11:42.876 E/AndroidRuntime( 4464): 	at android.app.LocalActivityManager.moveToState(LocalActivityManager.java:179)
12-14 02:11:42.876 E/AndroidRuntime( 4464): 	at android.app.LocalActivityManager.dispatchResume(LocalActivityManager.java:524)
12-14 02:11:42.876 E/AndroidRuntime( 4464): 	at android.app.ActivityGroup.onResume(ActivityGroup.java:61)
12-14 02:11:42.876 E/AndroidRuntime( 4464): 	at android.app.Instrumentation.callActivityOnResume(Instrumentation.java:1354)
12-14 02:11:42.876 E/AndroidRuntime( 4464): 	at sh.calaba.instrumentationbackend.CalabashInstrumentation.callActivityOnResume(CalabashInstrumentation.java:80)
12-14 02:11:42.876 E/AndroidRuntime( 4464): 	at android.app.Activity.performResume(Activity.java:7079)
12-14 02:11:42.876 E/AndroidRuntime( 4464): 	at android.app.ActivityThread.performResumeActivity(ActivityThread.java:3620)
12-14 02:11:42.876 E/AndroidRuntime( 4464): 	... 10 more
12-14 02:11:42.876 E/AndroidRuntime( 4464): Caused by: java.lang.NullPointerException: Attempt to invoke virtual method 'void android.widget.EditText.setHint(java.lang.CharSequence)' on a null object reference
12-14 02:11:42.876 E/AndroidRuntime( 4464): 	at com.evancharlton.mileage.FillupActivity.setDataFormats(FillupActivity.java:266)
12-14 02:11:42.876 E/AndroidRuntime( 4464): 	at com.evancharlton.mileage.FillupActivity.initUI(FillupActivity.java:241)
12-14 02:11:42.876 E/AndroidRuntime( 4464): 	at com.evancharlton.mileage.BaseFormActivity.onResume(BaseFormActivity.java:45)
12-14 02:11:42.876 E/AndroidRuntime( 4464): 	at com.evancharlton.mileage.FillupActivity.onResume(FillupActivity.java:90)
12-14 02:11:42.876 E/AndroidRuntime( 4464): 	at android.app.Instrumentation.callActivityOnResume(Instrumentation.java:1354)
12-14 02:11:42.876 E/AndroidRuntime( 4464): 	at sh.calaba.instrumentationbackend.CalabashInstrumentation.callActivityOnResume(CalabashInstrumentation.java:80)
12-14 02:11:42.876 E/AndroidRuntime( 4464): 	at android.app.Activity.performResume(Activity.java:7079)
12-14 02:11:42.876 E/AndroidRuntime( 4464): 	at android.app.ActivityThread.performResumeActivity(ActivityThread.java:3620)
12-14 02:11:42.876 E/AndroidRuntime( 4464): 	... 17 more
12-14 02:11:42.880 D/EGL_emulation( 1727): eglMakeCurrent: 0x924d50a0: ver 3 0 (tinfo 0xa17f1bb0)
12-14 02:11:42.880 I/zygote  ( 4464): Do partial code cache collection, code=28KB, data=30KB
12-14 02:11:42.880 I/zygote  ( 4464): After code cache collection, code=28KB, data=30KB
12-14 02:11:42.881 I/zygote  ( 4464): Increasing code cache capacity to 128KB
12-14 02:11:42.883 I/Process ( 4464): Sending signal. PID: 4464 SIG: 9
12-14 02:11:42.884 D/EGL_emulation( 1727): eglMakeCurrent: 0x924d50a0: ver 3 0 (tinfo 0xa17f1bb0)
12-14 02:11:42.894 W/BroadcastQueue( 1628): Background execution not allowed: receiving Intent { act=android.intent.action.DROPBOX_ENTRY_ADDED flg=0x10 (has extras) } to com.google.android.gms/.stats.service.DropBoxEntryAddedReceiver
12-14 02:11:42.894 W/BroadcastQueue( 1628): Background execution not allowed: receiving Intent { act=android.intent.action.DROPBOX_ENTRY_ADDED flg=0x10 (has extras) } to com.google.android.gms/.chimera.GmsIntentOperationService$PersistentTrustedReceiver
12-14 02:11:42.895 E/memtrack( 1628): Couldn't load memtrack module
12-14 02:11:42.895 W/android.os.Debug( 1628): failed to get memory consumption info: -1
12-14 02:11:42.898 D/EGL_emulation( 1727): eglMakeCurrent: 0x924d50a0: ver 3 0 (tinfo 0xa17f1bb0)
12-14 02:11:42.959 I/ActivityManager( 1628): Process com.evancharlton.mileage (pid 4464) has died: fore TOP 
12-14 02:11:42.962 W/ActivityManager( 1628): Crash of app com.evancharlton.mileage running instrumentation ComponentInfo{com.evancharlton.mileage.test/sh.calaba.instrumentationbackend.CalabashInstrumentationTestRunner}
12-14 02:11:42.962 I/ActivityManager( 1628): Force stopping com.evancharlton.mileage appid=10332 user=0: finished inst
12-14 02:11:42.963 I/ActivityManager( 1628):   Force finishing activity ActivityRecord{825e0e4 u0 com.evancharlton.mileage/.Mileage t12}
12-14 02:11:42.964 E/adbd    ( 1382): failed to connect to socket 'tcp:7102': Connection refused
12-14 02:11:42.990 D/gralloc_ranchu( 1395): gralloc_alloc: Creating ashmem region of size 7753728
12-14 02:11:43.000 D/        ( 1628): HostConnection::get() New Host Connection established 0x92656a80, tid 2180
12-14 02:11:43.015 I/ActivityManager( 1628):   Force finishing activity ActivityRecord{825e0e4 u0 com.evancharlton.mileage/.Mileage t12 f}
12-14 02:11:43.015 W/ActivityManager( 1628): Duplicate finish request for ActivityRecord{825e0e4 u0 com.evancharlton.mileage/.Mileage t12 f}
12-14 02:11:43.034 V/StatusBar( 1727): setLightsOn(true)
12-14 02:11:43.035 D/        ( 1727): HostConnection::get() New Host Connection established 0xa5ce4500, tid 4231
12-14 02:11:43.048 D/WindowManager( 1628): relayoutVisibleWindow: Window{fc25815 u0 com.google.android.apps.nexuslauncher/com.google.android.apps.nexuslauncher.NexusLauncherActivity EXITING} mAnimatingExit=true, mRemoveOnExit=false, mDestroying=false
12-14 02:11:43.062 D/gralloc_ranchu( 1395): gralloc_alloc: Creating ashmem region of size 8298496
