12-14 02:05:58.007 W/ActivityManager( 1626): 	at com.android.server.am.ActivityManagerService.getActivityOptions(ActivityManagerService.java:13302)
12-14 02:05:58.007 W/ActivityManager( 1626): 	at android.app.IActivityManager$Stub.onTransact(IActivityManager.java:2910)
12-14 02:05:58.007 W/ActivityManager( 1626): 	at com.android.server.am.ActivityManagerService.onTransact(ActivityManagerService.java:2935)
12-14 02:05:58.007 W/ActivityManager( 1626): 	at android.os.Binder.execTransact(Binder.java:674)
12-14 02:05:58.010 I/Telecom ( 1626): DefaultDialerCache: Refreshing default dialer for user 0: now com.google.android.dialer: DDC.oR@AE0
12-14 02:05:58.059 V/StatusBar( 1722): setLightsOn(true)
12-14 02:05:58.075 I/Fitness ( 1939): OnPackageChangedOperation got intent: Intent { act=android.intent.action.PACKAGE_CHANGED dat=package:com.google.android.gms flg=0x45000010 pkg=com.google.android.gms cmp=com.google.android.gms/.chimera.PersistentIntentOperationService (has extras) } [CONTEXT service_id=17 ]
12-14 02:05:58.087 D/CarrierSvcBindHelper( 1821): No carrier app for: 0
12-14 02:05:58.088 D/ImsResolver( 1821): maybeAddedImsService, packageName: com.google.android.gms
12-14 02:05:58.089 W/PeopleGalProvider( 2240): Not enabled to outside of GmsCore.
12-14 02:05:58.090 I/PeopleGalProvider( 2240): Method 0 completed.
12-14 02:05:58.092 I/ContactDirectoryManager( 2417): Directory provider com.google.android.gms(com.google.android.gms.people.gal.provider) returned a NULL cursor.
12-14 02:05:58.126 I/Fitness ( 1939): FitCleanupIntentOperation received Intent android.intent.action.PACKAGE_CHANGED [CONTEXT service_id=17 ]
12-14 02:05:58.147 V/StatusBar( 1722): setLightsOn(true)
12-14 02:05:58.187 I/ProvidersCache( 3363): Provider returned no roots. Possibly naughty: com.google.android.apps.docs.storage
12-14 02:05:58.199 D/ConnectivityService( 1626): handleLingerComplete for NetworkAgentInfo [MOBILE (LTE) - 100]
12-14 02:05:58.218 V/StatusBar( 1722): setLightsOn(true)
12-14 02:05:58.219 V/StatusBar( 1722): setLightsOn(true)
12-14 02:05:58.251 D/gralloc_ranchu( 1396): gralloc_alloc: Creating ashmem region of size 7753728
12-14 02:05:58.277 I/Icing   ( 2240): updateResources: need to parse adiq{com.google.android.gms}
12-14 02:05:58.278 D/        ( 3913): HostConnection::get() New Host Connection established 0x9ebafe80, tid 3913
12-14 02:05:58.295 I/Icing   ( 2240): IndexChimeraService.getServiceInterface callingPackage=com.google.android.gms componentName=AppsCorpus serviceId=36
12-14 02:05:58.359 V/StatusBar( 1722): setLightsOn(true)
12-14 02:05:58.363 D/gralloc_ranchu( 1396): gralloc_alloc: Creating ashmem region of size 7753728
12-14 02:05:58.364 V/StatusBar( 1722): setLightsOn(true)
12-14 02:05:58.366 I/ActivityManager( 1626): Displayed com.evancharlton.mileage/.Mileage: +723ms
12-14 02:05:58.369 V/StatusBar( 1722): setLightsOn(true)
12-14 02:05:58.384 D/BoundBrokerSvc( 1939): onUnbind: Intent { act=com.google.android.gms.clearcut.bootcount.service.START cmp=com.google.android.gms/.chimera.PersistentBoundBrokerService }
12-14 02:05:58.389 I/zygote  ( 1626): Background concurrent copying GC freed 38385(2018KB) AllocSpace objects, 7(140KB) LOS objects, 35% free, 11MB/17MB, paused 3.841ms total 212.445ms
12-14 02:05:58.416 W/Binder  ( 1626): Outgoing transactions from this process must be FLAG_ONEWAY
12-14 02:05:58.416 W/Binder  ( 1626): java.lang.Throwable
12-14 02:05:58.416 W/Binder  ( 1626): 	at android.os.BinderProxy.transact(Binder.java:736)
12-14 02:05:58.416 W/Binder  ( 1626): 	at com.android.internal.location.ILocationProvider$Stub$Proxy.getProperties(ILocationProvider.java:232)
12-14 02:05:58.416 W/Binder  ( 1626): 	at com.android.server.location.LocationProviderProxy$1.run(LocationProviderProxy.java:119)
12-14 02:05:58.416 W/Binder  ( 1626): 	at android.os.Handler.handleCallback(Handler.java:789)
12-14 02:05:58.416 W/Binder  ( 1626): 	at android.os.Handler.dispatchMessage(Handler.java:98)
12-14 02:05:58.416 W/Binder  ( 1626): 	at android.os.Looper.loop(Looper.java:164)
12-14 02:05:58.416 W/Binder  ( 1626): 	at android.os.HandlerThread.run(HandlerThread.java:65)
12-14 02:05:58.459 V/StatusBar( 1722): setLightsOn(true)
12-14 02:05:58.468 V/StatusBar( 1722): setLightsOn(true)
12-14 02:05:58.468 I/zygote  ( 3913): Do partial code cache collection, code=43KB, data=47KB
12-14 02:05:58.471 W/Binder  ( 1626): Outgoing transactions from this process must be FLAG_ONEWAY
12-14 02:05:58.471 W/Binder  ( 1626): java.lang.Throwable
12-14 02:05:58.471 W/Binder  ( 1626): 	at android.os.BinderProxy.transact(Binder.java:736)
12-14 02:05:58.471 W/Binder  ( 1626): 	at com.android.internal.location.ILocationProvider$Stub$Proxy.getProperties(ILocationProvider.java:232)
12-14 02:05:58.471 W/Binder  ( 1626): 	at com.android.server.location.LocationProviderProxy$1.run(LocationProviderProxy.java:119)
12-14 02:05:58.471 W/Binder  ( 1626): 	at android.os.Handler.handleCallback(Handler.java:789)
12-14 02:05:58.471 W/Binder  ( 1626): 	at android.os.Handler.dispatchMessage(Handler.java:98)
12-14 02:05:58.471 W/Binder  ( 1626): 	at android.os.Looper.loop(Looper.java:164)
12-14 02:05:58.471 W/Binder  ( 1626): 	at android.os.HandlerThread.run(HandlerThread.java:65)
12-14 02:05:58.482 I/zygote  ( 3913): After code cache collection, code=43KB, data=47KB
12-14 02:05:58.482 I/zygote  ( 3913): Increasing code cache capacity to 256KB
12-14 02:05:58.505 I/zygote  ( 3913): JIT allocated 71KB for compiled code of void android.widget.TextView.<init>(android.content.Context, android.util.AttributeSet, int, int)
12-14 02:05:58.505 I/zygote  ( 3913): Compiler allocated 4MB to compile void android.widget.TextView.<init>(android.content.Context, android.util.AttributeSet, int, int)
12-14 02:05:58.550 V/StatusBar( 1722): setLightsOn(true)
12-14 02:05:58.554 V/StatusBar( 1722): setLightsOn(true)
12-14 02:05:58.555 W/Icing   ( 2240): No valid account for uploading user actions
12-14 02:05:58.560 W/SurfaceFlinger( 1413): couldn't log to binary event log: overflow.
12-14 02:05:58.560 W/SurfaceFlinger( 1413): couldn't log to binary event log: overflow.
12-14 02:05:58.579 I/Icing   ( 2240): IndexChimeraService.getServiceInterface callingPackage=com.google.android.gms componentName=null serviceId=30
12-14 02:05:58.602 I/zygote  ( 3913): Do full code cache collection, code=124KB, data=74KB
12-14 02:05:58.602 I/zygote  ( 3913): After code cache collection, code=92KB, data=39KB
12-14 02:05:58.618 I/System.out( 3913): URI: //map
12-14 02:05:58.618 I/System.out( 3913): params: {json={"query":"android.widget.Button index:2","operation":{"method_name":"query","arguments":[]}}
12-14 02:05:58.618 I/System.out( 3913): }
12-14 02:05:58.641 I/PBSessionCacheImpl( 2165): Deleted sessionId[8124977550085] from persistence.
12-14 02:05:58.658 W/SearchService( 2165): Abort, client detached.
12-14 02:05:58.659 I/Icing   ( 2240): Usage reports ok 2, Failed Usage reports 0, indexed 1, rejected 0
12-14 02:05:58.661 E/WorkerRegistryImpl( 2165): getWorker() is called after WorkerRegistry disposal.
12-14 02:05:58.662 E/WorkerRegistryImpl( 2165): getWorker() is called after WorkerRegistry disposal.
12-14 02:05:58.676 W/Icing   ( 2240): No valid account for uploading user actions
12-14 02:05:58.693 I/Icing   ( 2240): Usage reports ok 0, Failed Usage reports 0, indexed 0, rejected 0
12-14 02:05:58.694 I/Icing   ( 2240): Indexing com.google.android.gms-apps from com.google.android.gms
12-14 02:05:58.696 I/Icing   ( 2240): Indexing done com.google.android.gms-apps
12-14 02:05:58.775 I/System.out( 3913): URI: //gesture
12-14 02:05:58.775 I/System.out( 3913): params: {json={"query_timeout":5.0,"gestures":[{"query_string":"android.widget.Button index:2","touches":[{"x":50,"y":50,"offset_x":0,"offset_y":0,"wait":0.0,"time":0.2,"release":true,"query_string":null}]}]}
12-14 02:05:58.775 I/System.out( 3913): }
12-14 02:05:59.060 I/AudioTrack( 1626): AUDIO_OUTPUT_FLAG_FAST successful; frameCount 4512 -> 4512
12-14 02:05:59.099 W/Nearby  ( 1939): Failed attempt #3 out of 3 for RestoreDeviceName [CONTEXT service_id=49 ]
12-14 02:05:59.099 W/Nearby  ( 1939): java.lang.IllegalStateException: BluetoothAdapter not ready yet!
12-14 02:05:59.099 W/Nearby  ( 1939): 	at alhd.g(:com.google.android.gms@204713022@20.47.13 (040700-344095733):2)
12-14 02:05:59.099 W/Nearby  ( 1939): 	at alhc.run(Unknown Source:0)
12-14 02:05:59.099 W/Nearby  ( 1939): 	at bznt.call(Unknown Source:0)
12-14 02:05:59.099 W/Nearby  ( 1939): 	at bzny.b(:com.google.android.gms@204713022@20.47.13 (040700-344095733):2)
12-14 02:05:59.099 W/Nearby  ( 1939): 	at bzny.a(:com.google.android.gms@204713022@20.47.13 (040700-344095733):0)
12-14 02:05:59.099 W/Nearby  ( 1939): 	at alhb.run(Unknown Source:2)
12-14 02:05:59.099 W/Nearby  ( 1939): 	at java.lang.Thread.run(Thread.java:764)
12-14 02:05:59.099 W/Nearby  ( 1939): 	at tly.run(Unknown Source:5)
12-14 02:05:59.099 W/Nearby  ( 1939): 	at java.util.concurrent.ThreadPoolExecutor.runWorker(ThreadPoolExecutor.java:1162)
12-14 02:05:59.099 W/Nearby  ( 1939): 	at java.util.concurrent.ThreadPoolExecutor$Worker.run(ThreadPoolExecutor.java:636)
12-14 02:05:59.099 W/Nearby  ( 1939): 	at trx.run(:com.google.android.gms@204713022@20.47.13 (040700-344095733):0)
12-14 02:05:59.099 W/Nearby  ( 1939): 	at java.lang.Thread.run(Thread.java:764)
12-14 02:05:59.132 I/zygote  ( 3913): Do partial code cache collection, code=121KB, data=60KB
12-14 02:05:59.133 I/zygote  ( 3913): After code cache collection, code=121KB, data=60KB
12-14 02:05:59.133 I/zygote  ( 3913): Increasing code cache capacity to 512KB
12-14 02:05:59.144 V/StatusBar( 1722): setLightsOn(true)
12-14 02:05:59.145 I/chatty  ( 1722): uid=10028(u0_a28) com.android.systemui identical 1 line
12-14 02:05:59.148 V/StatusBar( 1722): setLightsOn(true)
12-14 02:05:59.163 W/View    ( 3913): dispatchProvideAutofillStructure(): not laid out, ignoring
12-14 02:05:59.168 W/Binder  ( 1626): Outgoing transactions from this process must be FLAG_ONEWAY
12-14 02:05:59.168 W/Binder  ( 1626): java.lang.Throwable
12-14 02:05:59.168 W/Binder  ( 1626): 	at android.os.BinderProxy.transact(Binder.java:736)
12-14 02:05:59.168 W/Binder  ( 1626): 	at android.app.assist.AssistStructure$ParcelTransferReader.fetchData(AssistStructure.java:407)
12-14 02:05:59.168 W/Binder  ( 1626): 	at android.app.assist.AssistStructure$ParcelTransferReader.go(AssistStructure.java:343)
12-14 02:05:59.168 W/Binder  ( 1626): 	at android.app.assist.AssistStructure.ensureData(AssistStructure.java:2096)
12-14 02:05:59.168 W/Binder  ( 1626): 	at com.android.server.autofill.Session$1.send(Session.java:200)
12-14 02:05:59.168 W/Binder  ( 1626): 	at com.android.server.am.ActivityManagerService.reportAssistContextExtras(ActivityManagerService.java:13137)
12-14 02:05:59.168 W/Binder  ( 1626): 	at android.app.IActivityManager$Stub.onTransact(IActivityManager.java:2466)
12-14 02:05:59.168 W/Binder  ( 1626): 	at com.android.server.am.ActivityManagerService.onTransact(ActivityManagerService.java:2935)
12-14 02:05:59.168 W/Binder  ( 1626): 	at android.os.Binder.execTransact(Binder.java:674)
12-14 02:05:59.172 I/AssistStructure( 3913): Flattened final assist data: 5024 bytes, containing 2 windows, 19 views
12-14 02:05:59.191 D/gralloc_ranchu( 1396): gralloc_alloc: Creating ashmem region of size 303104
12-14 02:05:59.670 W/AudioFlinger( 1476): write blocked for 479 msecs, 1 delayed writes, thread 0xaba035c0
12-14 02:05:59.671 W/audio_hw_generic( 1390): Not supplying enough data to HAL, expected position 22844 , only wrote 2880
12-14 02:05:59.671 W/audio_hw_generic( 1390): Not supplying enough data to HAL, expected position 2916 , only wrote 2880
12-14 02:05:59.672 W/audio_hw_generic( 1390): Hardware backing HAL too slow, could only write 0 of 720 frames
12-14 02:05:59.678 I/zygote  ( 2853): WaitForGcToComplete blocked for 5.790ms for cause CollectorTransition
12-14 02:05:59.680 V/StatusBar( 1722): setLightsOn(true)
12-14 02:05:59.684 V/StatusBar( 1722): setLightsOn(true)
12-14 02:05:59.684 I/zygote  ( 3844): Waiting for a blocking GC ProfileSaver
12-14 02:05:59.688 V/StatusBar( 1722): setLightsOn(true)
12-14 02:05:59.689 W/audio_hw_generic( 1390): Hardware backing HAL too slow, could only write 0 of 720 frames
12-14 02:05:59.697 I/zygote  ( 3844): Waiting for a blocking GC ProfileSaver
12-14 02:05:59.702 W/audio_hw_generic( 1390): Hardware backing HAL too slow, could only write 0 of 720 frames
12-14 02:05:59.703 D/AudioFlinger( 1476): mixer(0xaba035c0) throttle end: throttle time(9)
12-14 02:05:59.714 I/zygote  ( 3844): WaitForGcToComplete blocked for 29.965ms for cause ProfileSaver
12-14 02:05:59.718 W/audio_hw_generic( 1390): Hardware backing HAL too slow, could only write 0 of 720 frames
12-14 02:05:59.733 W/audio_hw_generic( 1390): Hardware backing HAL too slow, could only write 0 of 720 frames
12-14 02:05:59.761 D/gralloc_ranchu( 1396): gralloc_alloc: Creating ashmem region of size 7753728
12-14 02:05:59.807 I/AssistStructure( 1626): Flattened final assist data: 4496 bytes, containing 2 windows, 19 views
12-14 02:05:59.818 E/SurfaceFlinger( 1413): ro.sf.lcd_density must be defined as a build property
12-14 02:05:59.823 W/lgq     ( 1939): Pending fill request while another request in the same session was triggered. [CONTEXT service_id=177 ]
12-14 02:05:59.825 D/PermissionCache( 1413): checking android.permission.READ_FRAME_BUFFER for uid=2000 => granted (2457 us)
12-14 02:05:59.857 D/gralloc_ranchu( 1396): gralloc_alloc: Creating ashmem region of size 8298496
12-14 02:05:59.879 D/        ( 3964): HostConnection::get() New Host Connection established 0xa842f800, tid 3964
12-14 02:05:59.982 V/StatusBar( 1722): setLightsOn(true)
12-14 02:06:00.093 I/zygote  ( 1939): Deoptimizing bpvb bpuz.i(bpva) due to JIT inline cache
12-14 02:06:00.256 I/zygote  ( 1939): Background concurrent copying GC freed 75511(4MB) AllocSpace objects, 8(292KB) LOS objects, 45% free, 7MB/13MB, paused 2.050ms total 219.714ms
12-14 02:06:00.417 I/zygote  ( 1939): Deoptimizing void tma.c(java.lang.Runnable) due to JIT inline cache
