--------- beginning of main
12-14 02:06:38.692 E/adbd    ( 1383): failed to connect to socket 'tcp:7102': Connection refused
12-14 02:06:38.766 I/NetworkScheduler.Stats( 1939): Task com.google.android.gms/com.google.android.gms.icing.service.IcingGcmTaskService started execution. cause:4 exec_start_elapsed_seconds: 94 [CONTEXT service_id=218 ]
12-14 02:06:38.784 V/StatusBar( 1722): setLightsOn(true)
--------- beginning of system
12-14 02:06:38.785 W/ActivityManager( 1626): Finishing task with all activities already finished
12-14 02:06:38.785 W/ActivityManager( 1626): Duplicate finish request for ActivityRecord{3811bc8 u0 com.evancharlton.mileage/.Mileage t982 f}
12-14 02:06:38.790 W/ActivityManager( 1626): Finishing task with all activities already finished
12-14 02:06:38.790 W/ActivityManager( 1626): Duplicate finish request for ActivityRecord{3811bc8 u0 com.evancharlton.mileage/.Mileage t982 f}
12-14 02:06:38.791 W/ActivityManager( 1626): Finishing task with all activities already finished
12-14 02:06:38.791 W/ActivityManager( 1626): Duplicate finish request for ActivityRecord{3811bc8 u0 com.evancharlton.mileage/.Mileage t982 f}
12-14 02:06:38.791 W/ActivityManager( 1626): Finishing task with all activities already finished
12-14 02:06:38.791 W/ActivityManager( 1626): Duplicate finish request for ActivityRecord{3811bc8 u0 com.evancharlton.mileage/.Mileage t982 f}
12-14 02:06:38.791 W/ActivityManager( 1626): Finishing task with all activities already finished
12-14 02:06:38.791 W/ActivityManager( 1626): Duplicate finish request for ActivityRecord{3811bc8 u0 com.evancharlton.mileage/.Mileage t982 f}
12-14 02:06:38.792 W/ActivityManager( 1626): Finishing task with all activities already finished
12-14 02:06:38.792 W/ActivityManager( 1626): Duplicate finish request for ActivityRecord{3811bc8 u0 com.evancharlton.mileage/.Mileage t982 f}
12-14 02:06:38.792 W/ActivityManager( 1626): Finishing task with all activities already finished
12-14 02:06:38.792 W/ActivityManager( 1626): Duplicate finish request for ActivityRecord{3811bc8 u0 com.evancharlton.mileage/.Mileage t982 f}
12-14 02:06:38.794 W/ActivityManager( 1626): Finishing task with all activities already finished
12-14 02:06:38.794 W/ActivityManager( 1626): Duplicate finish request for ActivityRecord{3811bc8 u0 com.evancharlton.mileage/.Mileage t982 f}
12-14 02:06:38.798 W/ActivityManager( 1626): Finishing task with all activities already finished
12-14 02:06:38.799 W/ActivityManager( 1626): Duplicate finish request for ActivityRecord{3811bc8 u0 com.evancharlton.mileage/.Mileage t982 f}
12-14 02:06:38.801 W/ActivityManager( 1626): Finishing task with all activities already finished
12-14 02:06:38.801 W/ActivityManager( 1626): Duplicate finish request for ActivityRecord{3811bc8 u0 com.evancharlton.mileage/.Mileage t982 f}
12-14 02:06:38.803 W/ActivityManager( 1626): Finishing task with all activities already finished
12-14 02:06:38.803 W/ActivityManager( 1626): Duplicate finish request for ActivityRecord{3811bc8 u0 com.evancharlton.mileage/.Mileage t982 f}
12-14 02:06:38.818 I/chatty  ( 1722): uid=10028(u0_a28) com.android.systemui identical 3 lines
12-14 02:06:38.825 V/StatusBar( 1722): setLightsOn(true)
12-14 02:06:38.829 D/gralloc_ranchu( 1396): gralloc_alloc: Creating ashmem region of size 8298496
12-14 02:06:38.844 I/chatty  ( 1396): uid=1000(system) allocator@2.0-s identical 1 line
12-14 02:06:38.855 D/gralloc_ranchu( 1396): gralloc_alloc: Creating ashmem region of size 8298496
12-14 02:06:38.872 W/audio_hw_generic( 1390): Not supplying enough data to HAL, expected position 837821 , only wrote 597600
12-14 02:06:38.938 D/SurfaceFlinger( 1413): duplicate layer name: changing com.google.android.apps.nexuslauncher/com.google.android.apps.nexuslauncher.NexusLauncherActivity to com.google.android.apps.nexuslauncher/com.google.android.apps.nexuslauncher.NexusLauncherActivity#1
12-14 02:06:38.946 D/gralloc_ranchu( 1396): gralloc_alloc: Creating ashmem region of size 8298496
12-14 02:06:39.027 D/EGL_emulation( 1722): eglMakeCurrent: 0x8da45f80: ver 3 0 (tinfo 0x9ed26a30)
12-14 02:06:39.029 D/gralloc_ranchu( 1396): gralloc_alloc: Creating ashmem region of size 8298496
12-14 02:06:39.088 I/NetworkScheduler.Stats( 1939): Task com.google.android.gms/com.google.android.gms.icing.service.IcingGcmTaskService finished executing. cause:4 result: 1 elapsed_millis: 411 uptime_millis: 411 exec_start_elapsed_seconds: 94 [CONTEXT service_id=218 ]
12-14 02:06:39.100 I/NetworkScheduler.Stats( 1939): Task com.google.android.gms/com.google.android.gms.ads.social.GcmSchedulerWakeupService started execution. cause:4 exec_start_elapsed_seconds: 94 [CONTEXT service_id=218 ]
12-14 02:06:39.125 D/EGL_emulation( 2165): eglMakeCurrent: 0xa1504ba0: ver 3 0 (tinfo 0xa15037a0)
12-14 02:06:39.125 D/gralloc_ranchu( 1396): gralloc_alloc: Creating ashmem region of size 8298496
12-14 02:06:39.224 D/EGL_emulation( 2165): eglMakeCurrent: 0xa1504ba0: ver 3 0 (tinfo 0xa15037a0)
12-14 02:06:39.230 D/gralloc_ranchu( 1396): gralloc_alloc: Creating ashmem region of size 8298496
12-14 02:06:39.274 D/gralloc_ranchu( 1396): gralloc_alloc: Creating ashmem region of size 8298496
12-14 02:06:39.366 D/EGL_emulation( 2165): eglMakeCurrent: 0xa1504ba0: ver 3 0 (tinfo 0xa15037a0)
12-14 02:06:39.392 D/EGL_emulation( 2140): eglMakeCurrent: 0x9effca20: ver 3 0 (tinfo 0x9efff800)
12-14 02:06:39.395 D/gralloc_ranchu( 1396): gralloc_alloc: Creating ashmem region of size 8298496
12-14 02:06:39.401 I/NetworkScheduler.Stats( 1939): Task com.google.android.gms/com.google.android.gms.clearcut.uploader.QosUploaderService started execution. cause:5 exec_start_elapsed_seconds: 95 [CONTEXT service_id=218 ]
12-14 02:06:39.422 I/NetworkScheduler.Stats( 1939): Task com.google.android.gms/com.google.android.gms.ads.social.GcmSchedulerWakeupService finished executing. cause:4 result: 1 elapsed_millis: 582 uptime_millis: 582 exec_start_elapsed_seconds: 94 [CONTEXT service_id=218 ]
12-14 02:06:39.482 D/gralloc_ranchu( 1396): gralloc_alloc: Creating ashmem region of size 8298496
12-14 02:06:39.507 I/NetworkScheduler.Stats( 1939): Task com.google.android.gms/com.google.android.gms.clearcut.uploader.QosUploaderService finished executing. cause:5 result: 1 elapsed_millis: 188 uptime_millis: 188 exec_start_elapsed_seconds: 95 [CONTEXT service_id=218 ]
12-14 02:06:39.508 I/zygote  ( 2165): Deoptimizing void com.google.android.apps.gsa.search.core.service.worker.a.a.a(com.google.android.apps.gsa.search.core.state.qc) due to JIT inline cache
12-14 02:06:39.545 W/ActivityManager( 1626): Unable to start service Intent { act=com.google.android.gms.speech.service.START pkg=com.google.android.gms } U=0: not found
12-14 02:06:39.550 W/ActivityManager( 1626): Unbind failed: could not find connection for android.os.BinderProxy@e4a1563
12-14 02:06:39.551 E/GmsClient( 2165): unable to connect to service: com.google.android.gms.speech.service.START on com.google.android.gms
12-14 02:06:39.574 W/SessionLifecycleManager( 2165): Handover failed. Creating new session controller.
12-14 02:06:39.578 I/OptInState( 2165): There is a new client and it does not support opt-in. Dropping request.
12-14 02:06:39.626 I/zygote  ( 2165): Deoptimizing void com.google.android.apps.gsa.shared.searchbox.components.a.am(java.lang.Object) due to JIT inline cache
12-14 02:06:39.635 I/MicroDetectionWorker( 2165): #updateMicroDetector [detectionMode: [mDetectionMode: [1]]]
12-14 02:06:39.635 I/MicroDetectionWorker( 2165): #startMicroDetector [speakerMode: 0]
12-14 02:06:39.636 I/AudioController( 2165): Using mInputStreamFactoryBuilder
12-14 02:06:39.644 I/MicroDetectionWorker( 2165): onReady
12-14 02:06:39.671 E/hw-IPCThreadState( 1396): binder thread pool (1 threads) starved for 189 ms
12-14 02:06:39.692 I/MicroRecognitionRunner( 2165): Starting detection.
12-14 02:06:39.698 I/MicrophoneInputStream( 2165): mic_starting com.google.android.apps.gsa.staticplugins.aa.c@645dcb8
12-14 02:06:39.713 D/gralloc_ranchu( 1396): gralloc_alloc: Creating ashmem region of size 7753728
12-14 02:06:39.714 I/MicrophoneInputStream( 2165): mic_started com.google.android.apps.gsa.staticplugins.aa.c@645dcb8
12-14 02:06:39.718 I/AudioFlinger( 1476): AudioFlinger's thread 0xa95a22c0 tid=4540 ready to run
12-14 02:06:39.741 W/OpenGLRenderer( 2140): Incorrectly called buildLayer on View: ShortcutAndWidgetContainer, destroying layer...
12-14 02:06:39.746 D/gralloc_ranchu( 1396): gralloc_alloc: Creating ashmem region of size 8298496
12-14 02:06:39.749 E/ActivityThread( 2165): Failed to find provider info for com.google.android.apps.gsa.testing.ui.audio.recorded
12-14 02:06:39.751 W/SpeechLevelGenerator( 2165): Really low audio levels detected. The audio input may have issues.
12-14 02:06:39.751 I/MicroDetectionWorker( 2165): onReady
12-14 02:06:39.756 I/MicrophoneInputStream( 2165): mic_close com.google.android.apps.gsa.staticplugins.aa.c@645dcb8
12-14 02:06:39.760 I/MicroRecognitionRunner( 2165): Detection finished
12-14 02:06:39.760 W/ErrorReporter( 2165): reportError [type: 211, code: 524300]: Error reading from input stream
12-14 02:06:39.780 I/MicroRecognitionRunner( 2165): Stopping hotword detection.
12-14 02:06:39.780 W/ErrorProcessor( 2165): onFatalError, processing error from engine(4)
12-14 02:06:39.780 W/ErrorProcessor( 2165): com.google.android.apps.gsa.shared.speech.b.g: Error reading from input stream
12-14 02:06:39.780 W/ErrorProcessor( 2165): 	at com.google.android.apps.gsa.staticplugins.recognizer.j.a.a(SourceFile:28)
12-14 02:06:39.780 W/ErrorProcessor( 2165): 	at com.google.android.apps.gsa.staticplugins.recognizer.j.b.run(SourceFile:15)
12-14 02:06:39.780 W/ErrorProcessor( 2165): 	at java.util.concurrent.Executors$RunnableAdapter.call(Executors.java:457)
12-14 02:06:39.780 W/ErrorProcessor( 2165): 	at java.util.concurrent.FutureTask.run(FutureTask.java:266)
12-14 02:06:39.780 W/ErrorProcessor( 2165): 	at com.google.android.apps.gsa.shared.util.concurrent.a.ax.run(SourceFile:14)
12-14 02:06:39.780 W/ErrorProcessor( 2165): 	at com.google.android.apps.gsa.shared.util.concurrent.a.bl.run(SourceFile:4)
12-14 02:06:39.780 W/ErrorProcessor( 2165): 	at com.google.android.apps.gsa.shared.util.concurrent.a.bl.run(SourceFile:4)
12-14 02:06:39.780 W/ErrorProcessor( 2165): 	at java.util.concurrent.ThreadPoolExecutor.runWorker(ThreadPoolExecutor.java:1162)
12-14 02:06:39.780 W/ErrorProcessor( 2165): 	at java.util.concurrent.ThreadPoolExecutor$Worker.run(ThreadPoolExecutor.java:636)
12-14 02:06:39.780 W/ErrorProcessor( 2165): 	at java.lang.Thread.run(Thread.java:764)
12-14 02:06:39.780 W/ErrorProcessor( 2165): 	at com.google.android.apps.gsa.shared.util.concurrent.a.ai.run(SourceFile:6)
12-14 02:06:39.780 W/ErrorProcessor( 2165): Caused by: com.google.android.apps.gsa.shared.exception.GsaIOException: Error code: 393238 | Buffer overflow, no available space.
12-14 02:06:39.780 W/ErrorProcessor( 2165): 	at com.google.android.apps.gsa.speech.audio.Tee.f(SourceFile:103)
12-14 02:06:39.780 W/ErrorProcessor( 2165): 	at com.google.android.apps.gsa.speech.audio.au.read(SourceFile:2)
12-14 02:06:39.780 W/ErrorProcessor( 2165): 	at java.io.InputStream.read(InputStream.java:101)
12-14 02:06:39.780 W/ErrorProcessor( 2165): 	at com.google.android.apps.gsa.speech.audio.ao.run(SourceFile:18)
12-14 02:06:39.780 W/ErrorProcessor( 2165): 	at com.google.android.apps.gsa.speech.audio.an.run(SourceFile:2)
12-14 02:06:39.780 W/ErrorProcessor( 2165): 	... 9 more
12-14 02:06:39.780 I/AudioController( 2165): internalShutdown
12-14 02:06:39.787 I/MicroDetector( 2165): Keeping mic open: false
12-14 02:06:39.787 I/MicroDetectionWorker( 2165): #onError(false)
12-14 02:06:39.787 I/DeviceStateChecker( 2165): DeviceStateChecker cancelled
12-14 02:06:39.800 D/EGL_emulation( 1722): eglMakeCurrent: 0x8da45f80: ver 3 0 (tinfo 0x9ed26a30)
12-14 02:06:39.841 I/chatty  ( 1722): uid=10028(u0_a28) RenderThread identical 5 lines
12-14 02:06:39.845 D/EGL_emulation( 1722): eglMakeCurrent: 0x8da45f80: ver 3 0 (tinfo 0x9ed26a30)
12-14 02:06:39.858 I/zygote  ( 1722): NativeAllocBackground concurrent copying GC freed 11473(756KB) AllocSpace objects, 0(0B) LOS objects, 49% free, 4MB/9MB, paused 8.419ms total 84.431ms
12-14 02:06:39.862 D/EGL_emulation( 1722): eglMakeCurrent: 0x8da45f80: ver 3 0 (tinfo 0x9ed26a30)
12-14 02:06:39.918 I/chatty  ( 1722): uid=10028(u0_a28) RenderThread identical 8 lines
12-14 02:06:39.935 D/EGL_emulation( 1722): eglMakeCurrent: 0x8da45f80: ver 3 0 (tinfo 0x9ed26a30)
12-14 02:06:39.940 D/AndroidRuntime( 4533): >>>>>> START com.android.internal.os.RuntimeInit uid 2000 <<<<<<
12-14 02:06:39.941 D/EGL_emulation( 1722): eglMakeCurrent: 0x8da45f80: ver 3 0 (tinfo 0x9ed26a30)
12-14 02:06:39.982 I/chatty  ( 1722): uid=10028(u0_a28) RenderThread identical 4 lines
12-14 02:06:39.992 D/EGL_emulation( 1722): eglMakeCurrent: 0x8da45f80: ver 3 0 (tinfo 0x9ed26a30)
12-14 02:06:40.002 I/zygote  ( 2165): Do full code cache collection, code=505KB, data=349KB
12-14 02:06:40.003 I/zygote  ( 2165): After code cache collection, code=498KB, data=318KB
12-14 02:06:40.048 W/app_process( 4533): Unexpected CPU variant for X86 using defaults: x86
12-14 02:06:40.068 D/AndroidRuntime( 4533): Calling main entry com.android.commands.am.Am
12-14 02:06:40.070 I/ActivityManager( 1626): Force stopping com.evancharlton.mileage appid=10326 user=0: start instr
12-14 02:06:40.070 I/ActivityManager( 1626): Killing 4448:com.evancharlton.mileage/u0a326 (adj 0): stop com.evancharlton.mileage
12-14 02:06:40.072 W/ActivityManager( 1626): Crash of app com.evancharlton.mileage running instrumentation ComponentInfo{com.evancharlton.mileage.test/sh.calaba.instrumentationbackend.CalabashInstrumentationTestRunner}
12-14 02:06:40.072 I/ActivityManager( 1626): Force stopping com.evancharlton.mileage appid=10326 user=0: finished inst
12-14 02:06:40.086 I/ActivityManager( 1626): Start proc 4549:com.evancharlton.mileage/u0a326 for added application com.evancharlton.mileage
12-14 02:06:40.086 D/AndroidRuntime( 4533): Shutting down VM
12-14 02:06:40.087 I/zygote  ( 4549): Not late-enabling -Xcheck:jni (already on)
12-14 02:06:40.097 W/zygote  ( 4549): Unexpected CPU variant for X86 using defaults: x86
12-14 02:06:40.124 E/adbd    ( 1383): failed to connect to socket 'tcp:7102': Connection refused
12-14 02:06:40.128 W/zygote  ( 4549): Found duplicate classes, falling back to extracting from APK : /data/app/com.evancharlton.mileage.test-BaSY5E7DBfcCnNQLlwuUfQ==/base.apk
12-14 02:06:40.128 W/zygote  ( 4549): NOTE: This wastes RAM and hurts startup performance.
12-14 02:06:40.128 W/zygote  ( 4549): Found duplicated class when checking oat files: 'Ljunit/runner/BaseTestRunner;' in /data/app/com.evancharlton.mileage.test-BaSY5E7DBfcCnNQLlwuUfQ==/base.apk and /system/framework/android.test.runner.jar
12-14 02:06:40.128 W/zygote  ( 4549): 
12-14 02:06:40.129 E/adbd    ( 1383): failed to connect to socket 'tcp:7102': Connection refused
12-14 02:06:40.134 I/WindowManager( 1626): WIN DEATH: Window{547002a u0 com.evancharlton.mileage/com.evancharlton.mileage.Mileage EXITING}
12-14 02:06:40.152 W/ActivityManager( 1626): setHasOverlayUi called on unknown pid: 4448
12-14 02:06:40.178 W/System  ( 4549): ClassLoader referenced unknown path: 
12-14 02:06:40.207 I/OpenGLRenderer( 1626): Initialized EGL, version 1.4
12-14 02:06:40.207 D/OpenGLRenderer( 1626): Swap behavior 1
12-14 02:06:40.208 W/OpenGLRenderer( 1626): Failed to choose config with EGL_SWAP_BEHAVIOR_PRESERVED, retrying without...
12-14 02:06:40.208 D/OpenGLRenderer( 1626): Swap behavior 0
12-14 02:06:40.214 D/EGL_emulation( 1626): eglCreateContext: 0x8fd13dc0: maj 3 min 0 rcv 3
12-14 02:06:40.216 D/EGL_emulation( 1626): eglMakeCurrent: 0x8fd13dc0: ver 3 0 (tinfo 0x8a37fd20)
12-14 02:06:40.218 E/eglCodecCommon( 1626): glUtilsParamSize: unknow param 0x00008cdf
12-14 02:06:40.218 E/eglCodecCommon( 1626): glUtilsParamSize: unknow param 0x00008cdf
12-14 02:06:40.218 I/System.out( 4549): Main activity name automatically set to: com.evancharlton.mileage.Mileage
12-14 02:06:40.219 E/eglCodecCommon( 1626): glUtilsParamSize: unknow param 0x00008824
12-14 02:06:40.219 E/eglCodecCommon( 1626): glUtilsParamSize: unknow param 0x00008824
12-14 02:06:40.220 I/System.out( 4549): Calabash did not load Mono. This is only a problem if you are trying to test a Mono application
12-14 02:06:40.220 I/calabash( 4549): Test server port: 7102
12-14 02:06:40.226 I/InstrumentationBackend( 4549): Added:'GetPreferences', with key:'get_preferences'
12-14 02:06:40.243 E/adbd    ( 1383): failed to connect to socket 'tcp:7102': Connection refused
12-14 02:06:40.247 E/adbd    ( 1383): failed to connect to socket 'tcp:7102': Connection refused
12-14 02:06:40.313 I/InstrumentationBackend( 4549): Added:'SetPreferences', with key:'set_preferences'
12-14 02:06:40.313 I/InstrumentationBackend( 4549): Added:'ClearPreferences', with key:'clear_preferences'
12-14 02:06:40.314 I/InstrumentationBackend( 4549): Added:'PressElement', with key:'press_l10n_element'
12-14 02:06:40.314 I/InstrumentationBackend( 4549): Added:'WaitForElement', with key:'wait_for_l10n_element'
12-14 02:06:40.315 I/InstrumentationBackend( 4549): Added:'NullAction', with key:'nullAction'
12-14 02:06:40.315 I/InstrumentationBackend( 4549): Added:'PressKey', with key:'press_key'
12-14 02:06:40.316 I/InstrumentationBackend( 4549): Added:'SetActivityOrientation', with key:'set_activity_orientation'
12-14 02:06:40.316 I/InstrumentationBackend( 4549): Added:'GetActivityOrientation', with key:'get_activity_orientation'
12-14 02:06:40.316 I/InstrumentationBackend( 4549): Added:'FakeGPSLocation', with key:'set_gps_coordinates'
12-14 02:06:40.316 I/InstrumentationBackend( 4549): Added:'SetPropertyByCssSelector', with key:'set_property_by_css_selector'
12-14 02:06:40.318 I/InstrumentationBackend( 4549): Added:'GetUrl', with key:'get_url'
12-14 02:06:40.320 I/InstrumentationBackend( 4549): Added:'ScrollTo', with key:'scroll_to'
12-14 02:06:40.320 I/InstrumentationBackend( 4549): Added:'GetLoadProgress', with key:'get_load_progress'
12-14 02:06:40.321 I/InstrumentationBackend( 4549): Added:'DumpHtml', with key:'dump_html'
12-14 02:06:40.322 I/InstrumentationBackend( 4549): Added:'DumpBodyHtml', with key:'dump_body_html'
12-14 02:06:40.323 I/InstrumentationBackend( 4549): Added:'EnterTextByCssSelector', with key:'enter_text_by_selector'
12-14 02:06:40.329 I/InstrumentationBackend( 4549): Added:'AndroidSDKVersion', with key:'android_sdk_version'
12-14 02:06:40.329 I/InstrumentationBackend( 4549): Added:'Version', with key:'version'
12-14 02:06:40.330 I/InstrumentationBackend( 4549): Added:'Drag', with key:'drag'
12-14 02:06:40.330 I/InstrumentationBackend( 4549): Added:'TouchCoordinates', with key:'touch_coordinate'
12-14 02:06:40.330 I/InstrumentationBackend( 4549): Added:'LongPressCoordinate', with key:'long_press_coordinate'
12-14 02:06:40.330 I/InstrumentationBackend( 4549): Added:'DragCoordinates', with key:'drag_coordinates'
12-14 02:06:40.331 I/InstrumentationBackend( 4549): Added:'ResumeApplication', with key:'resume_application'
12-14 02:06:40.332 I/InstrumentationBackend( 4549): Added:'Swipe', with key:'swipe'
12-14 02:06:40.332 I/InstrumentationBackend( 4549): Added:'DoubleTapCoordinate', with key:'double_tap_coordinate'
12-14 02:06:40.332 I/InstrumentationBackend( 4549): Added:'ClickOnScreen', with key:'click_on_screen'
12-14 02:06:40.333 I/InstrumentationBackend( 4549): Added:'GetActivityName', with key:'get_activity_name'
12-14 02:06:40.334 I/InstrumentationBackend( 4549): Added:'ScrollToView', with key:'scroll_to_view'
12-14 02:06:40.334 I/InstrumentationBackend( 4549): Added:'ViewConfiguration', with key:'view_configuration'
12-14 02:06:40.334 I/InstrumentationBackend( 4549): Added:'IsCurrentActivityFocused', with key:'is_current_activity_focused'
12-14 02:06:40.335 I/InstrumentationBackend( 4549): Added:'SendTcp', with key:'send_tcp'
12-14 02:06:40.335 I/InstrumentationBackend( 4549): Added:'DpToDevicePixel', with key:'dp_to_device_pixel'
12-14 02:06:40.336 I/InstrumentationBackend( 4549): Added:'KeyboardEnterText', with key:'keyboard_enter_text'
12-14 02:06:40.336 I/InstrumentationBackend( 4549): Added:'DeleteSurroundingText', with key:'delete_surrounding_text'
12-14 02:06:40.336 I/InstrumentationBackend( 4549): Added:'SetComposingRegion', with key:'set_composing_region'
12-14 02:06:40.337 I/InstrumentationBackend( 4549): Added:'SetSelection', with key:'set_selection'
12-14 02:06:40.337 I/InstrumentationBackend( 4549): Added:'KeyboardKeyEvent', with key:'keyboard_key_event'
12-14 02:06:40.339 I/InstrumentationBackend( 4549): Added:'PressUserActionButton', with key:'press_user_action_button'
12-14 02:06:40.340 I/InstrumentationBackend( 4549): Added:'HideSoftKeyboard', with key:'hide_soft_keyboard'
12-14 02:06:40.341 I/InstrumentationBackend( 4549): Added:'ListActions', with key:'list_actions'
12-14 02:06:40.341 I/calabash( 4549): Instantiating http server at 7102
12-14 02:06:40.342 I/System.out( 4549): HTTP Daemon listening on: 7102
12-14 02:06:40.375 I/System.out( 4549): URI: //ping
12-14 02:06:40.375 I/System.out( 4549): params: {json={}
12-14 02:06:40.376 I/System.out( 4549): }
12-14 02:06:40.387 I/System.out( 4549): URI: //ping
12-14 02:06:40.387 I/System.out( 4549): params: {json={}
12-14 02:06:40.387 I/System.out( 4549): }
12-14 02:06:40.398 I/System.out( 4549): URI: //ready
12-14 02:06:40.398 I/System.out( 4549): params: {json={}
12-14 02:06:40.398 I/System.out( 4549): }
12-14 02:06:40.409 I/System.out( 4549): URI: //
12-14 02:06:40.409 I/System.out( 4549): params: {json={"command":"version","arguments":[]}
12-14 02:06:40.409 I/System.out( 4549): }
12-14 02:06:40.410 I/System.out( 4549): header: {content-type=application/json;charset=utf-8, date=Mon, 14 Dec 2020 07:06:40 GMT, accept=*/*, host=127.0.0.1:34777, content-length=36, user-agent=HTTPClient/1.0 (2.8.3, ruby 2.5.8 (2020-03-31))}
12-14 02:06:40.410 I/System.out( 4549): params: {json={"command":"version","arguments":[]}
12-14 02:06:40.410 I/System.out( 4549): }
12-14 02:06:40.410 I/System.out( 4549): ProP json = {"command":"version","arguments":[]}
12-14 02:06:40.410 I/System.out( 4549): files: {}
12-14 02:06:40.410 I/System.out( 4549): command: {"command":"version","arguments":[]}
12-14 02:06:40.439 I/InstrumentationBackend( 4549): Got command:'Command:'Line:null,version', arguments:'[]'
12-14 02:06:40.472 I/System.out( 4549): result:{"bonusInformation":[],"message":"0.9.8","success":true}
12-14 02:06:40.479 I/System.out( 4549): URI: //start-application
12-14 02:06:40.479 I/System.out( 4549): params: {json={"intent":null}
12-14 02:06:40.479 I/System.out( 4549): }
12-14 02:06:40.519 I/ActivityManager( 1626): START u0 {act=android.intent.action.MAIN cat=[android.intent.category.LAUNCHER] flg=0x10200000 cmp=com.evancharlton.mileage/.Mileage} from uid 10326
12-14 02:06:40.542 I/calabash( 4549): newActivity1
12-14 02:06:40.561 D/gralloc_ranchu( 1396): gralloc_alloc: Creating ashmem region of size 7753728
12-14 02:06:40.577 W/ActivityManager( 1626): Bad activity token: android.os.BinderProxy@303baf
12-14 02:06:40.577 W/ActivityManager( 1626): java.lang.ClassCastException: android.os.BinderProxy cannot be cast to com.android.server.am.ActivityRecord$Token
12-14 02:06:40.577 W/ActivityManager( 1626): 	at com.android.server.am.ActivityRecord.forTokenLocked(ActivityRecord.java:778)
12-14 02:06:40.577 W/ActivityManager( 1626): 	at com.android.server.am.ActivityRecord.isInStackLocked(ActivityRecord.java:2085)
12-14 02:06:40.577 W/ActivityManager( 1626): 	at com.android.server.am.ActivityRecord.getStackLocked(ActivityRecord.java:2090)
12-14 02:06:40.577 W/ActivityManager( 1626): 	at com.android.server.am.ActivityManagerService.getActivityDisplayId(ActivityManagerService.java:10406)
12-14 02:06:40.577 W/ActivityManager( 1626): 	at android.app.IActivityManager$Stub.onTransact(IActivityManager.java:2738)
12-14 02:06:40.577 W/ActivityManager( 1626): 	at com.android.server.am.ActivityManagerService.onTransact(ActivityManagerService.java:2935)
12-14 02:06:40.577 W/ActivityManager( 1626): 	at android.os.Binder.execTransact(Binder.java:674)
12-14 02:06:40.578 I/calabash( 4549): newActivity1
12-14 02:06:40.583 W/ActivityManager( 1626): Bad activity token: android.os.BinderProxy@303baf
12-14 02:06:40.583 W/ActivityManager( 1626): java.lang.ClassCastException: android.os.BinderProxy cannot be cast to com.android.server.am.ActivityRecord$Token
12-14 02:06:40.583 W/ActivityManager( 1626): 	at com.android.server.am.ActivityRecord.forTokenLocked(ActivityRecord.java:778)
12-14 02:06:40.583 W/ActivityManager( 1626): 	at com.android.server.am.ActivityRecord.isInStackLocked(ActivityRecord.java:2085)
12-14 02:06:40.583 W/ActivityManager( 1626): 	at com.android.server.am.ActivityManagerService.setTaskDescription(ActivityManagerService.java:9988)
12-14 02:06:40.583 W/ActivityManager( 1626): 	at android.app.IActivityManager$Stub.onTransact(IActivityManager.java:2824)
12-14 02:06:40.583 W/ActivityManager( 1626): 	at com.android.server.am.ActivityManagerService.onTransact(ActivityManagerService.java:2935)
12-14 02:06:40.583 W/ActivityManager( 1626): 	at android.os.Binder.execTransact(Binder.java:674)
12-14 02:06:40.583 W/ActivityManager( 1626): Bad activity token: android.os.BinderProxy@303baf
12-14 02:06:40.583 W/ActivityManager( 1626): java.lang.ClassCastException: android.os.BinderProxy cannot be cast to com.android.server.am.ActivityRecord$Token
12-14 02:06:40.583 W/ActivityManager( 1626): 	at com.android.server.am.ActivityRecord.forTokenLocked(ActivityRecord.java:778)
12-14 02:06:40.583 W/ActivityManager( 1626): 	at com.android.server.am.ActivityRecord.isInStackLocked(ActivityRecord.java:2085)
12-14 02:06:40.583 W/ActivityManager( 1626): 	at com.android.server.am.ActivityRecord.getStackLocked(ActivityRecord.java:2090)
12-14 02:06:40.583 W/ActivityManager( 1626): 	at com.android.server.am.ActivityManagerService.getActivityStackId(ActivityManagerService.java:10417)
12-14 02:06:40.583 W/ActivityManager( 1626): 	at android.app.IActivityManager$Stub.onTransact(IActivityManager.java:3548)
12-14 02:06:40.583 W/ActivityManager( 1626): 	at com.android.server.am.ActivityManagerService.onTransact(ActivityManagerService.java:2935)
12-14 02:06:40.583 W/ActivityManager( 1626): 	at android.os.Binder.execTransact(Binder.java:674)
12-14 02:06:40.616 D/EGL_emulation( 2165): eglMakeCurrent: 0xa1504ba0: ver 3 0 (tinfo 0xa15037a0)
12-14 02:06:40.630 D/EGL_emulation( 2140): eglMakeCurrent: 0x9effca20: ver 3 0 (tinfo 0x9efff800)
12-14 02:06:40.659 D/EGL_emulation( 1722): eglMakeCurrent: 0x8da45f80: ver 3 0 (tinfo 0x9ed26a30)
12-14 02:06:40.660 V/StatusBar( 1722): setLightsOn(true)
12-14 02:06:40.662 D/EGL_emulation( 1722): eglMakeCurrent: 0x8da45f80: ver 3 0 (tinfo 0x9ed26a30)
12-14 02:06:40.664 E/ContentStoreEUAS( 2165): Failed to commit the deferred actions
12-14 02:06:40.681 D/EGL_emulation( 1722): eglMakeCurrent: 0x8da45f80: ver 3 0 (tinfo 0x9ed26a30)
12-14 02:06:40.691 W/ActivityManager( 1626): Bad activity token: android.os.BinderProxy@303baf
12-14 02:06:40.691 W/ActivityManager( 1626): java.lang.ClassCastException: android.os.BinderProxy cannot be cast to com.android.server.am.ActivityRecord$Token
12-14 02:06:40.691 W/ActivityManager( 1626): 	at com.android.server.am.ActivityRecord.forTokenLocked(ActivityRecord.java:778)
12-14 02:06:40.691 W/ActivityManager( 1626): 	at com.android.server.am.ActivityRecord.isInStackLocked(ActivityRecord.java:2085)
12-14 02:06:40.691 W/ActivityManager( 1626): 	at com.android.server.am.ActivityManagerService.getActivityOptions(ActivityManagerService.java:13302)
12-14 02:06:40.691 W/ActivityManager( 1626): 	at android.app.IActivityManager$Stub.onTransact(IActivityManager.java:2910)
12-14 02:06:40.691 W/ActivityManager( 1626): 	at com.android.server.am.ActivityManagerService.onTransact(ActivityManagerService.java:2935)
12-14 02:06:40.691 W/ActivityManager( 1626): 	at android.os.Binder.execTransact(Binder.java:674)
12-14 02:06:40.692 W/ActivityManager( 1626): Bad activity token: android.os.BinderProxy@303baf
12-14 02:06:40.692 W/ActivityManager( 1626): java.lang.ClassCastException: android.os.BinderProxy cannot be cast to com.android.server.am.ActivityRecord$Token
12-14 02:06:40.692 W/ActivityManager( 1626): 	at com.android.server.am.ActivityRecord.forTokenLocked(ActivityRecord.java:778)
12-14 02:06:40.692 W/ActivityManager( 1626): 	at com.android.server.am.ActivityRecord.isInStackLocked(ActivityRecord.java:2085)
12-14 02:06:40.692 W/ActivityManager( 1626): 	at com.android.server.am.ActivityManagerService.getActivityOptions(ActivityManagerService.java:13302)
12-14 02:06:40.692 W/ActivityManager( 1626): 	at android.app.IActivityManager$Stub.onTransact(IActivityManager.java:2910)
12-14 02:06:40.692 W/ActivityManager( 1626): 	at com.android.server.am.ActivityManagerService.onTransact(ActivityManagerService.java:2935)
12-14 02:06:40.692 W/ActivityManager( 1626): 	at android.os.Binder.execTransact(Binder.java:674)
12-14 02:06:40.776 I/chatty  ( 1722): uid=10028(u0_a28) RenderThread identical 11 lines
12-14 02:06:40.779 D/EGL_emulation( 1722): eglMakeCurrent: 0x8da45f80: ver 3 0 (tinfo 0x9ed26a30)
12-14 02:06:40.780 V/StatusBar( 1722): setLightsOn(true)
12-14 02:06:40.792 D/EGL_emulation( 1722): eglMakeCurrent: 0x8da45f80: ver 3 0 (tinfo 0x9ed26a30)
12-14 02:06:40.834 I/chatty  ( 1722): uid=10028(u0_a28) RenderThread identical 3 lines
12-14 02:06:40.835 D/EGL_emulation( 1722): eglMakeCurrent: 0x8da45f80: ver 3 0 (tinfo 0x9ed26a30)
12-14 02:06:40.855 I/zygote  ( 4549): Do partial code cache collection, code=27KB, data=30KB
12-14 02:06:40.857 I/zygote  ( 4549): After code cache collection, code=27KB, data=30KB
12-14 02:06:40.857 I/zygote  ( 4549): Increasing code cache capacity to 128KB
12-14 02:06:40.868 D/EGL_emulation( 1722): eglMakeCurrent: 0x8da45f80: ver 3 0 (tinfo 0x9ed26a30)
12-14 02:06:40.885 D/EGL_emulation( 1722): eglMakeCurrent: 0x8da45f80: ver 3 0 (tinfo 0x9ed26a30)
12-14 02:06:40.888 V/StatusBar( 1722): setLightsOn(true)
12-14 02:06:40.892 I/zygote  ( 4549): Do partial code cache collection, code=27KB, data=49KB
12-14 02:06:40.892 I/zygote  ( 4549): After code cache collection, code=27KB, data=49KB
12-14 02:06:40.892 I/zygote  ( 4549): Increasing code cache capacity to 256KB
12-14 02:06:40.893 I/zygote  ( 4549): JIT allocated 71KB for compiled code of void android.widget.TextView.<init>(android.content.Context, android.util.AttributeSet, int, int)
12-14 02:06:40.893 I/zygote  ( 4549): Compiler allocated 4MB to compile void android.widget.TextView.<init>(android.content.Context, android.util.AttributeSet, int, int)
12-14 02:06:40.917 D/gralloc_ranchu( 1396): gralloc_alloc: Creating ashmem region of size 7753728
12-14 02:06:40.954 D/        ( 4549): HostConnection::get() New Host Connection established 0x9ebafcc0, tid 4549
12-14 02:06:41.015 V/StatusBar( 1722): setLightsOn(true)
12-14 02:06:41.017 V/StatusBar( 1722): setLightsOn(true)
12-14 02:06:41.020 I/ActivityManager( 1626): Displayed com.evancharlton.mileage/.Mileage: +483ms
12-14 02:06:41.024 V/StatusBar( 1722): setLightsOn(true)
12-14 02:06:41.037 V/StatusBar( 1722): setLightsOn(true)
12-14 02:06:41.043 D/gralloc_ranchu( 1396): gralloc_alloc: Creating ashmem region of size 7753728
12-14 02:06:41.080 V/StatusBar( 1722): setLightsOn(true)
12-14 02:06:41.210 V/StatusBar( 1722): setLightsOn(true)
12-14 02:06:41.212 I/System.out( 4549): URI: //gesture
12-14 02:06:41.212 I/System.out( 4549): params: {json={"query_timeout":5.0,"gestures":[{"query_string":"android.widget.TabWidget descendant TextView index:1","touches":[{"x":50,"y":50,"offset_x":0,"offset_y":0,"wait":0.0,"time":0.2,"release":true,"query_string":null}]}]}
12-14 02:06:41.212 I/System.out( 4549): }
12-14 02:06:41.243 V/StatusBar( 1722): setLightsOn(true)
12-14 02:06:41.297 I/zygote  ( 4549): Do full code cache collection, code=125KB, data=74KB
12-14 02:06:41.298 I/zygote  ( 4549): After code cache collection, code=112KB, data=47KB
12-14 02:06:41.347 V/StatusBar( 1722): setLightsOn(true)
12-14 02:06:41.351 I/chatty  ( 1722): uid=10028(u0_a28) com.android.systemui identical 1 line
12-14 02:06:41.366 V/StatusBar( 1722): setLightsOn(true)
12-14 02:06:41.383 W/SurfaceFlinger( 1413): couldn't log to binary event log: overflow.
12-14 02:06:41.384 W/SurfaceFlinger( 1413): couldn't log to binary event log: overflow.
12-14 02:06:41.439 I/Dialer  ( 1995): OmtpVvmCarrierCfgHlpr - OmtpEvent:CONFIG_STATUS_SMS_TIME_OUT
12-14 02:06:41.441 I/Dialer  ( 1995): RetryPolicy - discarding deferred status: configuration_state=4
12-14 02:06:41.444 I/Dialer  ( 1995): VvmTaskExecutor - no more tasks, stopping service if no task are added in 5000 millis
12-14 02:06:41.462 I/PBSessionCacheImpl( 2165): Deleted sessionId[8124977550844] from persistence.
12-14 02:06:41.467 I/Dialer  ( 1995): VvmTaskReceiver - task received
12-14 02:06:41.468 I/Dialer  ( 1995): VvmTaskReceiver - TaskExecutor already running
12-14 02:06:41.468 I/Dialer  ( 1995): Task.createTask - create task:com.android.voicemail.impl.ActivationTask
12-14 02:06:41.469 I/Dialer  ( 1995): RetryPolicy - retry #1 for com.android.voicemail.impl.ActivationTask@92b6141 queued, executing in 5000
12-14 02:06:41.469 I/Dialer  ( 1995): VvmTaskExecutor - com.android.voicemail.impl.ActivationTask@92b6141 added
12-14 02:06:41.471 I/Dialer  ( 1995): VvmTaskExecutor - minimal wait time:4999
12-14 02:06:41.471 I/Dialer  ( 1995): VvmTaskExecutor - sleep for 4999 millis
12-14 02:06:41.497 W/SearchService( 2165): Abort, client detached.
12-14 02:06:41.552 I/zygote  ( 4549): Do partial code cache collection, code=117KB, data=53KB
12-14 02:06:41.559 W/audio_hw_generic( 1390): Not supplying enough data to HAL, expected position 597833 , only wrote 597600
12-14 02:06:41.560 I/zygote  ( 4549): After code cache collection, code=117KB, data=53KB
12-14 02:06:41.560 I/zygote  ( 4549): Increasing code cache capacity to 512KB
12-14 02:06:41.562 W/ActivityManager( 1626): Bad activity token: android.os.BinderProxy@bf6fcf0
12-14 02:06:41.562 W/ActivityManager( 1626): java.lang.ClassCastException: android.os.BinderProxy cannot be cast to com.android.server.am.ActivityRecord$Token
12-14 02:06:41.562 W/ActivityManager( 1626): 	at com.android.server.am.ActivityRecord.forTokenLocked(ActivityRecord.java:778)
12-14 02:06:41.562 W/ActivityManager( 1626): 	at com.android.server.am.ActivityRecord.isInStackLocked(ActivityRecord.java:2085)
12-14 02:06:41.562 W/ActivityManager( 1626): 	at com.android.server.am.ActivityRecord.getStackLocked(ActivityRecord.java:2090)
12-14 02:06:41.562 W/ActivityManager( 1626): 	at com.android.server.am.ActivityManagerService.getActivityDisplayId(ActivityManagerService.java:10406)
12-14 02:06:41.562 W/ActivityManager( 1626): 	at android.app.IActivityManager$Stub.onTransact(IActivityManager.java:2738)
12-14 02:06:41.562 W/ActivityManager( 1626): 	at com.android.server.am.ActivityManagerService.onTransact(ActivityManagerService.java:2935)
12-14 02:06:41.562 W/ActivityManager( 1626): 	at android.os.Binder.execTransact(Binder.java:674)
12-14 02:06:41.562 I/calabash( 4549): newActivity1
12-14 02:06:41.568 W/ActivityManager( 1626): Bad activity token: android.os.BinderProxy@bf6fcf0
12-14 02:06:41.568 W/ActivityManager( 1626): java.lang.ClassCastException: android.os.BinderProxy cannot be cast to com.android.server.am.ActivityRecord$Token
12-14 02:06:41.568 W/ActivityManager( 1626): 	at com.android.server.am.ActivityRecord.forTokenLocked(ActivityRecord.java:778)
12-14 02:06:41.568 W/ActivityManager( 1626): 	at com.android.server.am.ActivityRecord.isInStackLocked(ActivityRecord.java:2085)
12-14 02:06:41.568 W/ActivityManager( 1626): 	at com.android.server.am.ActivityManagerService.setTaskDescription(ActivityManagerService.java:9988)
12-14 02:06:41.568 W/ActivityManager( 1626): 	at android.app.IActivityManager$Stub.onTransact(IActivityManager.java:2824)
12-14 02:06:41.568 W/ActivityManager( 1626): 	at com.android.server.am.ActivityManagerService.onTransact(ActivityManagerService.java:2935)
12-14 02:06:41.568 W/ActivityManager( 1626): 	at android.os.Binder.execTransact(Binder.java:674)
12-14 02:06:41.570 W/ActivityManager( 1626): Bad activity token: android.os.BinderProxy@bf6fcf0
12-14 02:06:41.570 W/ActivityManager( 1626): java.lang.ClassCastException: android.os.BinderProxy cannot be cast to com.android.server.am.ActivityRecord$Token
12-14 02:06:41.570 W/ActivityManager( 1626): 	at com.android.server.am.ActivityRecord.forTokenLocked(ActivityRecord.java:778)
12-14 02:06:41.570 W/ActivityManager( 1626): 	at com.android.server.am.ActivityRecord.isInStackLocked(ActivityRecord.java:2085)
12-14 02:06:41.570 W/ActivityManager( 1626): 	at com.android.server.am.ActivityRecord.getStackLocked(ActivityRecord.java:2090)
12-14 02:06:41.570 W/ActivityManager( 1626): 	at com.android.server.am.ActivityManagerService.getActivityStackId(ActivityManagerService.java:10417)
12-14 02:06:41.570 W/ActivityManager( 1626): 	at android.app.IActivityManager$Stub.onTransact(IActivityManager.java:3548)
12-14 02:06:41.570 W/ActivityManager( 1626): 	at com.android.server.am.ActivityManagerService.onTransact(ActivityManagerService.java:2935)
12-14 02:06:41.570 W/ActivityManager( 1626): 	at android.os.Binder.execTransact(Binder.java:674)
12-14 02:06:41.623 W/ActivityManager( 1626): Bad activity token: android.os.BinderProxy@bf6fcf0
12-14 02:06:41.623 W/ActivityManager( 1626): java.lang.ClassCastException: android.os.BinderProxy cannot be cast to com.android.server.am.ActivityRecord$Token
12-14 02:06:41.623 W/ActivityManager( 1626): 	at com.android.server.am.ActivityRecord.forTokenLocked(ActivityRecord.java:778)
12-14 02:06:41.623 W/ActivityManager( 1626): 	at com.android.server.am.ActivityRecord.isInStackLocked(ActivityRecord.java:2085)
12-14 02:06:41.623 W/ActivityManager( 1626): 	at com.android.server.am.ActivityManagerService.getActivityOptions(ActivityManagerService.java:13302)
12-14 02:06:41.623 W/ActivityManager( 1626): 	at android.app.IActivityManager$Stub.onTransact(IActivityManager.java:2910)
12-14 02:06:41.623 W/ActivityManager( 1626): 	at com.android.server.am.ActivityManagerService.onTransact(ActivityManagerService.java:2935)
12-14 02:06:41.623 W/ActivityManager( 1626): 	at android.os.Binder.execTransact(Binder.java:674)
12-14 02:06:41.623 W/ActivityManager( 1626): Bad activity token: android.os.BinderProxy@bf6fcf0
12-14 02:06:41.623 W/ActivityManager( 1626): java.lang.ClassCastException: android.os.BinderProxy cannot be cast to com.android.server.am.ActivityRecord$Token
12-14 02:06:41.623 W/ActivityManager( 1626): 	at com.android.server.am.ActivityRecord.forTokenLocked(ActivityRecord.java:778)
12-14 02:06:41.623 W/ActivityManager( 1626): 	at com.android.server.am.ActivityRecord.isInStackLocked(ActivityRecord.java:2085)
12-14 02:06:41.623 W/ActivityManager( 1626): 	at com.android.server.am.ActivityManagerService.getActivityOptions(ActivityManagerService.java:13302)
12-14 02:06:41.623 W/ActivityManager( 1626): 	at android.app.IActivityManager$Stub.onTransact(IActivityManager.java:2910)
12-14 02:06:41.623 W/ActivityManager( 1626): 	at com.android.server.am.ActivityManagerService.onTransact(ActivityManagerService.java:2935)
12-14 02:06:41.623 W/ActivityManager( 1626): 	at android.os.Binder.execTransact(Binder.java:674)
12-14 02:06:41.682 D/gralloc_ranchu( 1396): gralloc_alloc: Creating ashmem region of size 7753728
12-14 02:06:41.692 D/Mileage ( 4549): Not enough fillups to calculate economy
12-14 02:06:41.807 E/BatteryStatsService( 1626): modem info is invalid: ModemActivityInfo{ mTimestamp=0 mSleepTimeMs=0 mIdleTimeMs=0 mTxTimeMs[]=[0, 0, 0, 0, 0] mRxTimeMs=0 mEnergyUsed=0}
12-14 02:06:41.847 E/SurfaceFlinger( 1413): ro.sf.lcd_density must be defined as a build property
12-14 02:06:41.859 D/gralloc_ranchu( 1396): gralloc_alloc: Creating ashmem region of size 8298496
12-14 02:06:41.875 D/        ( 4591): HostConnection::get() New Host Connection established 0xb362f800, tid 4591
12-14 02:06:42.252 I/System.out( 4549): URI: //gesture
12-14 02:06:42.252 I/System.out( 4549): params: {json={"query_timeout":5.0,"gestures":[{"query_string":"android.widget.TabWidget descendant TextView index:3","touches":[{"x":50,"y":50,"offset_x":0,"offset_y":0,"wait":0.0,"time":0.2,"release":true,"query_string":null}]}]}
12-14 02:06:42.252 I/System.out( 4549): }
12-14 02:06:42.530 W/ActivityManager( 1626): Bad activity token: android.os.BinderProxy@7302eb4
12-14 02:06:42.530 W/ActivityManager( 1626): java.lang.ClassCastException: android.os.BinderProxy cannot be cast to com.android.server.am.ActivityRecord$Token
12-14 02:06:42.530 W/ActivityManager( 1626): 	at com.android.server.am.ActivityRecord.forTokenLocked(ActivityRecord.java:778)
12-14 02:06:42.530 W/ActivityManager( 1626): 	at com.android.server.am.ActivityRecord.isInStackLocked(ActivityRecord.java:2085)
12-14 02:06:42.530 W/ActivityManager( 1626): 	at com.android.server.am.ActivityRecord.getStackLocked(ActivityRecord.java:2090)
12-14 02:06:42.530 W/ActivityManager( 1626): 	at com.android.server.am.ActivityManagerService.getActivityDisplayId(ActivityManagerService.java:10406)
12-14 02:06:42.530 W/ActivityManager( 1626): 	at android.app.IActivityManager$Stub.onTransact(IActivityManager.java:2738)
12-14 02:06:42.530 W/ActivityManager( 1626): 	at com.android.server.am.ActivityManagerService.onTransact(ActivityManagerService.java:2935)
12-14 02:06:42.530 W/ActivityManager( 1626): 	at android.os.Binder.execTransact(Binder.java:674)
12-14 02:06:42.532 I/calabash( 4549): newActivity1
12-14 02:06:42.540 W/ActivityManager( 1626): Bad activity token: android.os.BinderProxy@7302eb4
12-14 02:06:42.540 W/ActivityManager( 1626): java.lang.ClassCastException: android.os.BinderProxy cannot be cast to com.android.server.am.ActivityRecord$Token
12-14 02:06:42.540 W/ActivityManager( 1626): 	at com.android.server.am.ActivityRecord.forTokenLocked(ActivityRecord.java:778)
12-14 02:06:42.540 W/ActivityManager( 1626): 	at com.android.server.am.ActivityRecord.isInStackLocked(ActivityRecord.java:2085)
12-14 02:06:42.540 W/ActivityManager( 1626): 	at com.android.server.am.ActivityManagerService.setTaskDescription(ActivityManagerService.java:9988)
12-14 02:06:42.540 W/ActivityManager( 1626): 	at android.app.IActivityManager$Stub.onTransact(IActivityManager.java:2824)
12-14 02:06:42.540 W/ActivityManager( 1626): 	at com.android.server.am.ActivityManagerService.onTransact(ActivityManagerService.java:2935)
12-14 02:06:42.540 W/ActivityManager( 1626): 	at android.os.Binder.execTransact(Binder.java:674)
12-14 02:06:42.541 W/ActivityManager( 1626): Bad activity token: android.os.BinderProxy@7302eb4
12-14 02:06:42.541 W/ActivityManager( 1626): java.lang.ClassCastException: android.os.BinderProxy cannot be cast to com.android.server.am.ActivityRecord$Token
12-14 02:06:42.541 W/ActivityManager( 1626): 	at com.android.server.am.ActivityRecord.forTokenLocked(ActivityRecord.java:778)
12-14 02:06:42.541 W/ActivityManager( 1626): 	at com.android.server.am.ActivityRecord.isInStackLocked(ActivityRecord.java:2085)
12-14 02:06:42.541 W/ActivityManager( 1626): 	at com.android.server.am.ActivityRecord.getStackLocked(ActivityRecord.java:2090)
12-14 02:06:42.541 W/ActivityManager( 1626): 	at com.android.server.am.ActivityManagerService.getActivityStackId(ActivityManagerService.java:10417)
12-14 02:06:42.541 W/ActivityManager( 1626): 	at android.app.IActivityManager$Stub.onTransact(IActivityManager.java:3548)
12-14 02:06:42.541 W/ActivityManager( 1626): 	at com.android.server.am.ActivityManagerService.onTransact(ActivityManagerService.java:2935)
12-14 02:06:42.541 W/ActivityManager( 1626): 	at android.os.Binder.execTransact(Binder.java:674)
12-14 02:06:42.547 W/ActivityManager( 1626): Bad activity token: android.os.BinderProxy@7302eb4
12-14 02:06:42.547 W/ActivityManager( 1626): java.lang.ClassCastException: android.os.BinderProxy cannot be cast to com.android.server.am.ActivityRecord$Token
12-14 02:06:42.547 W/ActivityManager( 1626): 	at com.android.server.am.ActivityRecord.forTokenLocked(ActivityRecord.java:778)
12-14 02:06:42.547 W/ActivityManager( 1626): 	at com.android.server.am.ActivityRecord.isInStackLocked(ActivityRecord.java:2085)
12-14 02:06:42.547 W/ActivityManager( 1626): 	at com.android.server.am.ActivityManagerService.getActivityOptions(ActivityManagerService.java:13302)
12-14 02:06:42.547 W/ActivityManager( 1626): 	at android.app.IActivityManager$Stub.onTransact(IActivityManager.java:2910)
12-14 02:06:42.547 W/ActivityManager( 1626): 	at com.android.server.am.ActivityManagerService.onTransact(ActivityManagerService.java:2935)
12-14 02:06:42.547 W/ActivityManager( 1626): 	at android.os.Binder.execTransact(Binder.java:674)
12-14 02:06:42.547 W/ActivityManager( 1626): Bad activity token: android.os.BinderProxy@7302eb4
12-14 02:06:42.547 W/ActivityManager( 1626): java.lang.ClassCastException: android.os.BinderProxy cannot be cast to com.android.server.am.ActivityRecord$Token
12-14 02:06:42.547 W/ActivityManager( 1626): 	at com.android.server.am.ActivityRecord.forTokenLocked(ActivityRecord.java:778)
12-14 02:06:42.547 W/ActivityManager( 1626): 	at com.android.server.am.ActivityRecord.isInStackLocked(ActivityRecord.java:2085)
12-14 02:06:42.547 W/ActivityManager( 1626): 	at com.android.server.am.ActivityManagerService.getActivityOptions(ActivityManagerService.java:13302)
12-14 02:06:42.547 W/ActivityManager( 1626): 	at android.app.IActivityManager$Stub.onTransact(IActivityManager.java:2910)
12-14 02:06:42.547 W/ActivityManager( 1626): 	at com.android.server.am.ActivityManagerService.onTransact(ActivityManagerService.java:2935)
12-14 02:06:42.547 W/ActivityManager( 1626): 	at android.os.Binder.execTransact(Binder.java:674)
12-14 02:06:42.741 E/SurfaceFlinger( 1413): ro.sf.lcd_density must be defined as a build property
12-14 02:06:42.750 D/gralloc_ranchu( 1396): gralloc_alloc: Creating ashmem region of size 8298496
12-14 02:06:42.760 D/        ( 4598): HostConnection::get() New Host Connection established 0xaf1af800, tid 4598
12-14 02:06:43.064 I/System.out( 4549): URI: //gesture
12-14 02:06:43.064 I/System.out( 4549): params: {json={"query_timeout":5.0,"gestures":[{"query_string":"android.widget.TabWidget descendant TextView index:2","touches":[{"x":50,"y":50,"offset_x":0,"offset_y":0,"wait":0.0,"time":0.2,"release":true,"query_string":null}]}]}
12-14 02:06:43.064 I/System.out( 4549): }
12-14 02:06:43.339 W/ActivityManager( 1626): Bad activity token: android.os.BinderProxy@906a87f
12-14 02:06:43.339 W/ActivityManager( 1626): java.lang.ClassCastException: android.os.BinderProxy cannot be cast to com.android.server.am.ActivityRecord$Token
12-14 02:06:43.339 W/ActivityManager( 1626): 	at com.android.server.am.ActivityRecord.forTokenLocked(ActivityRecord.java:778)
12-14 02:06:43.339 W/ActivityManager( 1626): 	at com.android.server.am.ActivityRecord.isInStackLocked(ActivityRecord.java:2085)
12-14 02:06:43.339 W/ActivityManager( 1626): 	at com.android.server.am.ActivityRecord.getStackLocked(ActivityRecord.java:2090)
12-14 02:06:43.339 W/ActivityManager( 1626): 	at com.android.server.am.ActivityManagerService.getActivityDisplayId(ActivityManagerService.java:10406)
12-14 02:06:43.339 W/ActivityManager( 1626): 	at android.app.IActivityManager$Stub.onTransact(IActivityManager.java:2738)
12-14 02:06:43.339 W/ActivityManager( 1626): 	at com.android.server.am.ActivityManagerService.onTransact(ActivityManagerService.java:2935)
12-14 02:06:43.339 W/ActivityManager( 1626): 	at android.os.Binder.execTransact(Binder.java:674)
12-14 02:06:43.340 I/calabash( 4549): newActivity1
12-14 02:06:43.440 W/ActivityManager( 1626): Bad activity token: android.os.BinderProxy@906a87f
12-14 02:06:43.440 W/ActivityManager( 1626): java.lang.ClassCastException: android.os.BinderProxy cannot be cast to com.android.server.am.ActivityRecord$Token
12-14 02:06:43.440 W/ActivityManager( 1626): 	at com.android.server.am.ActivityRecord.forTokenLocked(ActivityRecord.java:778)
12-14 02:06:43.440 W/ActivityManager( 1626): 	at com.android.server.am.ActivityRecord.isInStackLocked(ActivityRecord.java:2085)
12-14 02:06:43.440 W/ActivityManager( 1626): 	at com.android.server.am.ActivityManagerService.setTaskDescription(ActivityManagerService.java:9988)
12-14 02:06:43.440 W/ActivityManager( 1626): 	at android.app.IActivityManager$Stub.onTransact(IActivityManager.java:2824)
12-14 02:06:43.440 W/ActivityManager( 1626): 	at com.android.server.am.ActivityManagerService.onTransact(ActivityManagerService.java:2935)
12-14 02:06:43.440 W/ActivityManager( 1626): 	at android.os.Binder.execTransact(Binder.java:674)
12-14 02:06:43.441 W/ActivityManager( 1626): Bad activity token: android.os.BinderProxy@906a87f
12-14 02:06:43.441 W/ActivityManager( 1626): java.lang.ClassCastException: android.os.BinderProxy cannot be cast to com.android.server.am.ActivityRecord$Token
12-14 02:06:43.441 W/ActivityManager( 1626): 	at com.android.server.am.ActivityRecord.forTokenLocked(ActivityRecord.java:778)
12-14 02:06:43.441 W/ActivityManager( 1626): 	at com.android.server.am.ActivityRecord.isInStackLocked(ActivityRecord.java:2085)
12-14 02:06:43.441 W/ActivityManager( 1626): 	at com.android.server.am.ActivityRecord.getStackLocked(ActivityRecord.java:2090)
12-14 02:06:43.441 W/ActivityManager( 1626): 	at com.android.server.am.ActivityManagerService.getActivityStackId(ActivityManagerService.java:10417)
12-14 02:06:43.441 W/ActivityManager( 1626): 	at android.app.IActivityManager$Stub.onTransact(IActivityManager.java:3548)
12-14 02:06:43.441 W/ActivityManager( 1626): 	at com.android.server.am.ActivityManagerService.onTransact(ActivityManagerService.java:2935)
12-14 02:06:43.441 W/ActivityManager( 1626): 	at android.os.Binder.execTransact(Binder.java:674)
12-14 02:06:43.477 D/VehicleStatisticsActivity( 4549): Checking recalculation ...
12-14 02:06:43.480 D/VehicleStatisticsActivity( 4549): Recalculating statistics
