--------- beginning of main
12-14 02:55:17.851 D/AndroidRuntime( 4431): >>>>>> START com.android.internal.os.RuntimeInit uid 2000 <<<<<<
12-14 02:55:17.884 W/app_process( 4431): Unexpected CPU variant for X86 using defaults: x86
12-14 02:55:17.898 D/AndroidRuntime( 4431): Calling main entry com.android.commands.am.Am
--------- beginning of system
12-14 02:55:17.900 I/ActivityManager( 1625): Force stopping com.evancharlton.mileage appid=10378 user=0: start instr
12-14 02:55:17.900 I/ActivityManager( 1625): Killing 4410:com.evancharlton.mileage/u0a378 (adj 0): stop com.evancharlton.mileage
12-14 02:55:17.900 W/ActivityManager( 1625): Crash of app com.evancharlton.mileage running instrumentation ComponentInfo{com.evancharlton.mileage.test/sh.calaba.instrumentationbackend.ClearAppData2}
12-14 02:55:17.901 I/ActivityManager( 1625): Force stopping com.evancharlton.mileage appid=10378 user=0: finished inst
12-14 02:55:17.908 I/zygote  ( 4441): Not late-enabling -Xcheck:jni (already on)
12-14 02:55:17.914 W/zygote  ( 4441): Unexpected CPU variant for X86 using defaults: x86
12-14 02:55:17.914 I/ActivityManager( 1625): Start proc 4441:com.evancharlton.mileage/u0a378 for added application com.evancharlton.mileage
12-14 02:55:17.914 D/AndroidRuntime( 4431): Shutting down VM
12-14 02:55:17.916 E/memtrack( 1625): Couldn't load memtrack module
12-14 02:55:17.916 W/android.os.Debug( 1625): failed to get memory consumption info: -1
12-14 02:55:17.945 E/adbd    ( 1384): failed to connect to socket 'tcp:7102': Connection refused
12-14 02:55:17.947 E/adbd    ( 1384): failed to connect to socket 'tcp:7102': Connection refused
12-14 02:55:17.949 W/zygote  ( 4441): Found duplicate classes, falling back to extracting from APK : /data/app/com.evancharlton.mileage.test-01AvI5uswBLWL4Fj3r2UCg==/base.apk
12-14 02:55:17.949 W/zygote  ( 4441): NOTE: This wastes RAM and hurts startup performance.
12-14 02:55:17.949 W/zygote  ( 4441): Found duplicated class when checking oat files: 'Ljunit/runner/BaseTestRunner;' in /data/app/com.evancharlton.mileage.test-01AvI5uswBLWL4Fj3r2UCg==/base.apk and /system/framework/android.test.runner.jar
12-14 02:55:17.949 W/zygote  ( 4441): 
12-14 02:55:17.979 W/System  ( 4441): ClassLoader referenced unknown path: 
12-14 02:55:17.991 I/System.out( 4441): Main activity name automatically set to: com.evancharlton.mileage.Mileage
12-14 02:55:17.992 I/System.out( 4441): Calabash did not load Mono. This is only a problem if you are trying to test a Mono application
12-14 02:55:17.992 I/calabash( 4441): Test server port: 7102
12-14 02:55:17.994 I/InstrumentationBackend( 4441): Added:'GetPreferences', with key:'get_preferences'
12-14 02:55:18.053 I/InstrumentationBackend( 4441): Added:'SetPreferences', with key:'set_preferences'
12-14 02:55:18.053 I/InstrumentationBackend( 4441): Added:'ClearPreferences', with key:'clear_preferences'
12-14 02:55:18.053 I/InstrumentationBackend( 4441): Added:'PressElement', with key:'press_l10n_element'
12-14 02:55:18.053 I/InstrumentationBackend( 4441): Added:'WaitForElement', with key:'wait_for_l10n_element'
12-14 02:55:18.054 I/InstrumentationBackend( 4441): Added:'NullAction', with key:'nullAction'
12-14 02:55:18.054 I/InstrumentationBackend( 4441): Added:'PressKey', with key:'press_key'
12-14 02:55:18.055 I/InstrumentationBackend( 4441): Added:'SetActivityOrientation', with key:'set_activity_orientation'
12-14 02:55:18.055 I/InstrumentationBackend( 4441): Added:'GetActivityOrientation', with key:'get_activity_orientation'
12-14 02:55:18.057 I/InstrumentationBackend( 4441): Added:'FakeGPSLocation', with key:'set_gps_coordinates'
12-14 02:55:18.057 I/InstrumentationBackend( 4441): Added:'SetPropertyByCssSelector', with key:'set_property_by_css_selector'
12-14 02:55:18.057 E/adbd    ( 1384): failed to connect to socket 'tcp:7102': Connection refused
12-14 02:55:18.059 I/InstrumentationBackend( 4441): Added:'GetUrl', with key:'get_url'
12-14 02:55:18.059 E/adbd    ( 1384): failed to connect to socket 'tcp:7102': Connection refused
12-14 02:55:18.062 I/InstrumentationBackend( 4441): Added:'ScrollTo', with key:'scroll_to'
12-14 02:55:18.062 I/InstrumentationBackend( 4441): Added:'GetLoadProgress', with key:'get_load_progress'
12-14 02:55:18.062 I/InstrumentationBackend( 4441): Added:'DumpHtml', with key:'dump_html'
12-14 02:55:18.063 I/InstrumentationBackend( 4441): Added:'DumpBodyHtml', with key:'dump_body_html'
12-14 02:55:18.063 I/InstrumentationBackend( 4441): Added:'EnterTextByCssSelector', with key:'enter_text_by_selector'
12-14 02:55:18.067 I/InstrumentationBackend( 4441): Added:'AndroidSDKVersion', with key:'android_sdk_version'
12-14 02:55:18.067 I/InstrumentationBackend( 4441): Added:'Version', with key:'version'
12-14 02:55:18.067 I/InstrumentationBackend( 4441): Added:'Drag', with key:'drag'
12-14 02:55:18.068 I/InstrumentationBackend( 4441): Added:'TouchCoordinates', with key:'touch_coordinate'
12-14 02:55:18.068 I/InstrumentationBackend( 4441): Added:'LongPressCoordinate', with key:'long_press_coordinate'
12-14 02:55:18.068 I/InstrumentationBackend( 4441): Added:'DragCoordinates', with key:'drag_coordinates'
12-14 02:55:18.069 I/InstrumentationBackend( 4441): Added:'ResumeApplication', with key:'resume_application'
12-14 02:55:18.069 I/InstrumentationBackend( 4441): Added:'Swipe', with key:'swipe'
12-14 02:55:18.069 I/InstrumentationBackend( 4441): Added:'DoubleTapCoordinate', with key:'double_tap_coordinate'
12-14 02:55:18.070 I/InstrumentationBackend( 4441): Added:'ClickOnScreen', with key:'click_on_screen'
12-14 02:55:18.070 I/InstrumentationBackend( 4441): Added:'GetActivityName', with key:'get_activity_name'
12-14 02:55:18.071 I/InstrumentationBackend( 4441): Added:'ScrollToView', with key:'scroll_to_view'
12-14 02:55:18.071 I/InstrumentationBackend( 4441): Added:'ViewConfiguration', with key:'view_configuration'
12-14 02:55:18.072 I/InstrumentationBackend( 4441): Added:'IsCurrentActivityFocused', with key:'is_current_activity_focused'
12-14 02:55:18.072 I/InstrumentationBackend( 4441): Added:'SendTcp', with key:'send_tcp'
12-14 02:55:18.072 I/InstrumentationBackend( 4441): Added:'DpToDevicePixel', with key:'dp_to_device_pixel'
12-14 02:55:18.074 I/InstrumentationBackend( 4441): Added:'KeyboardEnterText', with key:'keyboard_enter_text'
12-14 02:55:18.074 I/InstrumentationBackend( 4441): Added:'DeleteSurroundingText', with key:'delete_surrounding_text'
12-14 02:55:18.075 I/InstrumentationBackend( 4441): Added:'SetComposingRegion', with key:'set_composing_region'
12-14 02:55:18.075 I/InstrumentationBackend( 4441): Added:'SetSelection', with key:'set_selection'
12-14 02:55:18.075 I/InstrumentationBackend( 4441): Added:'KeyboardKeyEvent', with key:'keyboard_key_event'
12-14 02:55:18.076 I/InstrumentationBackend( 4441): Added:'PressUserActionButton', with key:'press_user_action_button'
12-14 02:55:18.076 I/InstrumentationBackend( 4441): Added:'HideSoftKeyboard', with key:'hide_soft_keyboard'
12-14 02:55:18.078 I/InstrumentationBackend( 4441): Added:'ListActions', with key:'list_actions'
12-14 02:55:18.078 I/calabash( 4441): Instantiating http server at 7102
12-14 02:55:18.078 I/System.out( 4441): HTTP Daemon listening on: 7102
12-14 02:55:18.170 I/System.out( 4441): URI: //ping
12-14 02:55:18.170 I/System.out( 4441): params: {json={}
12-14 02:55:18.170 I/System.out( 4441): }
12-14 02:55:18.180 I/System.out( 4441): URI: //ping
12-14 02:55:18.180 I/System.out( 4441): params: {json={}
12-14 02:55:18.180 I/System.out( 4441): }
12-14 02:55:18.192 I/System.out( 4441): URI: //ready
12-14 02:55:18.192 I/System.out( 4441): params: {json={}
12-14 02:55:18.192 I/System.out( 4441): }
12-14 02:55:18.198 I/System.out( 4441): URI: //
12-14 02:55:18.198 I/System.out( 4441): params: {json={"command":"version","arguments":[]}
12-14 02:55:18.198 I/System.out( 4441): }
12-14 02:55:18.198 I/System.out( 4441): header: {content-type=application/json;charset=utf-8, date=Mon, 14 Dec 2020 07:55:18 GMT, accept=*/*, host=127.0.0.1:34777, content-length=36, user-agent=HTTPClient/1.0 (2.8.3, ruby 2.5.8 (2020-03-31))}
12-14 02:55:18.198 I/System.out( 4441): params: {json={"command":"version","arguments":[]}
12-14 02:55:18.198 I/System.out( 4441): }
12-14 02:55:18.198 I/System.out( 4441): ProP json = {"command":"version","arguments":[]}
12-14 02:55:18.198 I/System.out( 4441): files: {}
12-14 02:55:18.198 I/System.out( 4441): command: {"command":"version","arguments":[]}
12-14 02:55:18.226 I/InstrumentationBackend( 4441): Got command:'Command:'Line:null,version', arguments:'[]'
12-14 02:55:18.258 I/System.out( 4441): result:{"bonusInformation":[],"message":"0.9.8","success":true}
12-14 02:55:18.264 I/System.out( 4441): URI: //start-application
12-14 02:55:18.264 I/System.out( 4441): params: {json={"intent":null}
12-14 02:55:18.264 I/System.out( 4441): }
12-14 02:55:18.304 I/ActivityManager( 1625): START u0 {act=android.intent.action.MAIN cat=[android.intent.category.LAUNCHER] flg=0x10200000 cmp=com.evancharlton.mileage/.Mileage} from uid 10378
12-14 02:55:18.318 I/calabash( 4441): newActivity1
12-14 02:55:18.344 W/ActivityManager( 1625): Bad activity token: android.os.BinderProxy@66c5358
12-14 02:55:18.344 W/ActivityManager( 1625): java.lang.ClassCastException: android.os.BinderProxy cannot be cast to com.android.server.am.ActivityRecord$Token
12-14 02:55:18.344 W/ActivityManager( 1625): 	at com.android.server.am.ActivityRecord.forTokenLocked(ActivityRecord.java:778)
12-14 02:55:18.344 W/ActivityManager( 1625): 	at com.android.server.am.ActivityRecord.isInStackLocked(ActivityRecord.java:2085)
12-14 02:55:18.344 W/ActivityManager( 1625): 	at com.android.server.am.ActivityRecord.getStackLocked(ActivityRecord.java:2090)
12-14 02:55:18.344 W/ActivityManager( 1625): 	at com.android.server.am.ActivityManagerService.getActivityDisplayId(ActivityManagerService.java:10406)
12-14 02:55:18.344 W/ActivityManager( 1625): 	at android.app.IActivityManager$Stub.onTransact(IActivityManager.java:2738)
12-14 02:55:18.344 W/ActivityManager( 1625): 	at com.android.server.am.ActivityManagerService.onTransact(ActivityManagerService.java:2935)
12-14 02:55:18.344 W/ActivityManager( 1625): 	at android.os.Binder.execTransact(Binder.java:674)
12-14 02:55:18.347 I/calabash( 4441): newActivity1
12-14 02:55:18.347 D/gralloc_ranchu( 1395): gralloc_alloc: Creating ashmem region of size 7753728
12-14 02:55:18.354 W/ActivityManager( 1625): Bad activity token: android.os.BinderProxy@66c5358
12-14 02:55:18.354 W/ActivityManager( 1625): java.lang.ClassCastException: android.os.BinderProxy cannot be cast to com.android.server.am.ActivityRecord$Token
12-14 02:55:18.354 W/ActivityManager( 1625): 	at com.android.server.am.ActivityRecord.forTokenLocked(ActivityRecord.java:778)
12-14 02:55:18.354 W/ActivityManager( 1625): 	at com.android.server.am.ActivityRecord.isInStackLocked(ActivityRecord.java:2085)
12-14 02:55:18.354 W/ActivityManager( 1625): 	at com.android.server.am.ActivityManagerService.setTaskDescription(ActivityManagerService.java:9988)
12-14 02:55:18.354 W/ActivityManager( 1625): 	at android.app.IActivityManager$Stub.onTransact(IActivityManager.java:2824)
12-14 02:55:18.354 W/ActivityManager( 1625): 	at com.android.server.am.ActivityManagerService.onTransact(ActivityManagerService.java:2935)
12-14 02:55:18.354 W/ActivityManager( 1625): 	at android.os.Binder.execTransact(Binder.java:674)
12-14 02:55:18.355 W/ActivityManager( 1625): Bad activity token: android.os.BinderProxy@66c5358
12-14 02:55:18.355 W/ActivityManager( 1625): java.lang.ClassCastException: android.os.BinderProxy cannot be cast to com.android.server.am.ActivityRecord$Token
12-14 02:55:18.355 W/ActivityManager( 1625): 	at com.android.server.am.ActivityRecord.forTokenLocked(ActivityRecord.java:778)
12-14 02:55:18.355 W/ActivityManager( 1625): 	at com.android.server.am.ActivityRecord.isInStackLocked(ActivityRecord.java:2085)
12-14 02:55:18.355 W/ActivityManager( 1625): 	at com.android.server.am.ActivityRecord.getStackLocked(ActivityRecord.java:2090)
12-14 02:55:18.355 W/ActivityManager( 1625): 	at com.android.server.am.ActivityManagerService.getActivityStackId(ActivityManagerService.java:10417)
12-14 02:55:18.355 W/ActivityManager( 1625): 	at android.app.IActivityManager$Stub.onTransact(IActivityManager.java:3548)
12-14 02:55:18.355 W/ActivityManager( 1625): 	at com.android.server.am.ActivityManagerService.onTransact(ActivityManagerService.java:2935)
12-14 02:55:18.355 W/ActivityManager( 1625): 	at android.os.Binder.execTransact(Binder.java:674)
12-14 02:55:18.399 V/StatusBar( 1729): setLightsOn(true)
12-14 02:55:18.401 D/EGL_emulation( 2222): eglMakeCurrent: 0x9ea85a20: ver 3 0 (tinfo 0x9ea83570)
12-14 02:55:18.401 D/EGL_emulation( 2178): eglMakeCurrent: 0x9ea85420: ver 3 0 (tinfo 0x9ea832e0)
12-14 02:55:18.425 E/memtrack( 1625): Couldn't load memtrack module
12-14 02:55:18.425 W/android.os.Debug( 1625): failed to get memory consumption info: -1
12-14 02:55:18.426 D/EGL_emulation( 1729): eglMakeCurrent: 0x8b0dd280: ver 3 0 (tinfo 0x8b0b8c70)
12-14 02:55:18.435 I/chatty  ( 1729): uid=10028(u0_a28) RenderThread identical 1 line
12-14 02:55:18.438 D/EGL_emulation( 1729): eglMakeCurrent: 0x8b0dd280: ver 3 0 (tinfo 0x8b0b8c70)
12-14 02:55:18.440 V/StatusBar( 1729): setLightsOn(true)
12-14 02:55:18.453 D/EGL_emulation( 1729): eglMakeCurrent: 0x8b0dd280: ver 3 0 (tinfo 0x8b0b8c70)
12-14 02:55:18.456 I/chatty  ( 1729): uid=10028(u0_a28) RenderThread identical 1 line
12-14 02:55:18.474 D/EGL_emulation( 1729): eglMakeCurrent: 0x8b0dd280: ver 3 0 (tinfo 0x8b0b8c70)
12-14 02:55:18.479 D/FillupsProvider( 4441): Creating database
12-14 02:55:18.482 D/EGL_emulation( 1729): eglMakeCurrent: 0x8b0dd280: ver 3 0 (tinfo 0x8b0b8c70)
12-14 02:55:18.486 E/ContentStoreEUAS( 2222): Failed to commit the deferred actions
12-14 02:55:18.516 D/EGL_emulation( 1729): eglMakeCurrent: 0x8b0dd280: ver 3 0 (tinfo 0x8b0b8c70)
12-14 02:55:18.517 I/zygote  ( 4441): Do partial code cache collection, code=29KB, data=21KB
12-14 02:55:18.517 I/zygote  ( 4441): After code cache collection, code=29KB, data=21KB
12-14 02:55:18.517 I/zygote  ( 4441): Increasing code cache capacity to 128KB
12-14 02:55:18.520 D/EGL_emulation( 1729): eglMakeCurrent: 0x8b0dd280: ver 3 0 (tinfo 0x8b0b8c70)
12-14 02:55:18.617 I/chatty  ( 1729): uid=10028(u0_a28) RenderThread identical 12 lines
12-14 02:55:18.625 D/EGL_emulation( 1729): eglMakeCurrent: 0x8b0dd280: ver 3 0 (tinfo 0x8b0b8c70)
12-14 02:55:18.633 W/ActivityManager( 1625): Bad activity token: android.os.BinderProxy@66c5358
12-14 02:55:18.633 W/ActivityManager( 1625): java.lang.ClassCastException: android.os.BinderProxy cannot be cast to com.android.server.am.ActivityRecord$Token
12-14 02:55:18.633 W/ActivityManager( 1625): 	at com.android.server.am.ActivityRecord.forTokenLocked(ActivityRecord.java:778)
12-14 02:55:18.633 W/ActivityManager( 1625): 	at com.android.server.am.ActivityRecord.isInStackLocked(ActivityRecord.java:2085)
12-14 02:55:18.633 W/ActivityManager( 1625): 	at com.android.server.am.ActivityManagerService.getActivityOptions(ActivityManagerService.java:13302)
12-14 02:55:18.633 W/ActivityManager( 1625): 	at android.app.IActivityManager$Stub.onTransact(IActivityManager.java:2910)
12-14 02:55:18.633 W/ActivityManager( 1625): 	at com.android.server.am.ActivityManagerService.onTransact(ActivityManagerService.java:2935)
12-14 02:55:18.633 W/ActivityManager( 1625): 	at android.os.Binder.execTransact(Binder.java:674)
12-14 02:55:18.634 W/ActivityManager( 1625): Bad activity token: android.os.BinderProxy@66c5358
12-14 02:55:18.634 W/ActivityManager( 1625): java.lang.ClassCastException: android.os.BinderProxy cannot be cast to com.android.server.am.ActivityRecord$Token
12-14 02:55:18.634 W/ActivityManager( 1625): 	at com.android.server.am.ActivityRecord.forTokenLocked(ActivityRecord.java:778)
12-14 02:55:18.634 W/ActivityManager( 1625): 	at com.android.server.am.ActivityRecord.isInStackLocked(ActivityRecord.java:2085)
12-14 02:55:18.634 W/ActivityManager( 1625): 	at com.android.server.am.ActivityManagerService.getActivityOptions(ActivityManagerService.java:13302)
12-14 02:55:18.634 W/ActivityManager( 1625): 	at android.app.IActivityManager$Stub.onTransact(IActivityManager.java:2910)
12-14 02:55:18.634 W/ActivityManager( 1625): 	at com.android.server.am.ActivityManagerService.onTransact(ActivityManagerService.java:2935)
12-14 02:55:18.634 W/ActivityManager( 1625): 	at android.os.Binder.execTransact(Binder.java:674)
12-14 02:55:18.710 V/StatusBar( 1729): setLightsOn(true)
12-14 02:55:18.743 I/zygote  ( 4441): Do partial code cache collection, code=44KB, data=57KB
12-14 02:55:18.744 I/zygote  ( 4441): After code cache collection, code=44KB, data=57KB
12-14 02:55:18.744 I/zygote  ( 4441): Increasing code cache capacity to 256KB
12-14 02:55:18.744 I/zygote  ( 4441): JIT allocated 71KB for compiled code of void android.widget.TextView.<init>(android.content.Context, android.util.AttributeSet, int, int)
12-14 02:55:18.744 I/zygote  ( 4441): Compiler allocated 4MB to compile void android.widget.TextView.<init>(android.content.Context, android.util.AttributeSet, int, int)
12-14 02:55:18.785 V/StatusBar( 1729): setLightsOn(true)
12-14 02:55:18.787 I/chatty  ( 1729): uid=10028(u0_a28) com.android.systemui identical 1 line
12-14 02:55:18.788 V/StatusBar( 1729): setLightsOn(true)
12-14 02:55:18.804 I/zygote  ( 4441): Do full code cache collection, code=124KB, data=64KB
12-14 02:55:18.805 I/zygote  ( 4441): After code cache collection, code=93KB, data=35KB
12-14 02:55:18.820 D/gralloc_ranchu( 1395): gralloc_alloc: Creating ashmem region of size 7753728
12-14 02:55:18.827 V/StatusBar( 1729): setLightsOn(true)
12-14 02:55:18.848 D/        ( 4441): HostConnection::get() New Host Connection established 0x9beb0fc0, tid 4441
12-14 02:55:18.898 V/StatusBar( 1729): setLightsOn(true)
12-14 02:55:18.899 V/StatusBar( 1729): setLightsOn(true)
12-14 02:55:18.901 I/ActivityManager( 1625): Displayed com.evancharlton.mileage/.Mileage: +587ms
12-14 02:55:18.903 V/StatusBar( 1729): setLightsOn(true)
12-14 02:55:18.924 D/gralloc_ranchu( 1395): gralloc_alloc: Creating ashmem region of size 7753728
12-14 02:55:18.928 V/StatusBar( 1729): setLightsOn(true)
12-14 02:55:19.141 I/chatty  ( 1729): uid=10028(u0_a28) com.android.systemui identical 3 lines
12-14 02:55:19.148 V/StatusBar( 1729): setLightsOn(true)
12-14 02:55:19.151 I/System.out( 4441): URI: //
12-14 02:55:19.151 I/System.out( 4441): params: {json={"command":"set_activity_orientation","arguments":["landscape"]}
12-14 02:55:19.151 I/System.out( 4441): }
12-14 02:55:19.151 I/System.out( 4441): header: {content-type=application/json;charset=utf-8, date=Mon, 14 Dec 2020 07:55:19 GMT, accept=*/*, host=127.0.0.1:34777, content-length=64, user-agent=HTTPClient/1.0 (2.8.3, ruby 2.5.8 (2020-03-31))}
12-14 02:55:19.151 I/System.out( 4441): params: {json={"command":"set_activity_orientation","arguments":["landscape"]}
12-14 02:55:19.151 I/System.out( 4441): }
12-14 02:55:19.151 I/System.out( 4441): ProP json = {"command":"set_activity_orientation","arguments":["landscape"]}
12-14 02:55:19.151 I/System.out( 4441): files: {}
12-14 02:55:19.151 I/System.out( 4441): command: {"command":"set_activity_orientation","arguments":["landscape"]}
12-14 02:55:19.153 I/InstrumentationBackend( 4441): Got command:'Command:'Line:null,set_activity_orientation', arguments:'[landscape]'
12-14 02:55:19.157 D/gralloc_ranchu( 1395): gralloc_alloc: Creating ashmem region of size 8298496
12-14 02:55:19.224 W/SurfaceFlinger( 1408): couldn't log to binary event log: overflow.
12-14 02:55:19.225 W/LocalDisplayAdapter( 1625): Unable to find color mode 0, ignoring request.
12-14 02:55:19.246 I/ActivityManager( 1625): Config changes=480 {1.0 310mcc260mnc [en_US] ldltr sw411dp w683dp h387dp 420dpi nrml land finger qwerty/v/v -nav/h appBounds=Rect(0, 0 - 1794, 1080) s.7}
12-14 02:55:19.262 I/PBSessionCacheImpl( 2222): Deleted sessionId[9911683975081] from persistence.
12-14 02:55:19.271 I/InputReader( 1625): Reconfiguring input devices.  changes=0x00000004
12-14 02:55:19.271 I/InputReader( 1625): Device reconfigured: id=0, name='qwerty2', size 1080x1920, orientation 1, mode 1, display id 0
12-14 02:55:19.273 I/ActivityManager( 1625): Override config changes=480 {1.0 310mcc260mnc [en_US] ldltr sw411dp w683dp h387dp 420dpi nrml land finger qwerty/v/v -nav/h appBounds=Rect(0, 0 - 1794, 1080) s.7} for displayId=0
12-14 02:55:19.280 I/InputReader( 1625): Reconfiguring input devices.  changes=0x00000004
12-14 02:55:19.361 E/memtrack( 1625): Couldn't load memtrack module
12-14 02:55:19.361 W/android.os.Debug( 1625): failed to get memory consumption info: -1
12-14 02:55:19.362 I/calabash( 4441): newActivity1
12-14 02:55:19.373 I/zygote  ( 1715): Do partial code cache collection, code=55KB, data=36KB
12-14 02:55:19.374 I/zygote  ( 1715): After code cache collection, code=53KB, data=35KB
12-14 02:55:19.374 I/zygote  ( 1715): Increasing code cache capacity to 256KB
12-14 02:55:19.392 W/ActivityManager( 1625): Bad activity token: android.os.BinderProxy@cc0af15
12-14 02:55:19.392 W/ActivityManager( 1625): java.lang.ClassCastException: android.os.BinderProxy cannot be cast to com.android.server.am.ActivityRecord$Token
12-14 02:55:19.392 W/ActivityManager( 1625): 	at com.android.server.am.ActivityRecord.forTokenLocked(ActivityRecord.java:778)
12-14 02:55:19.392 W/ActivityManager( 1625): 	at com.android.server.am.ActivityRecord.isInStackLocked(ActivityRecord.java:2085)
12-14 02:55:19.392 W/ActivityManager( 1625): 	at com.android.server.am.ActivityRecord.getStackLocked(ActivityRecord.java:2090)
12-14 02:55:19.392 W/ActivityManager( 1625): 	at com.android.server.am.ActivityManagerService.getActivityDisplayId(ActivityManagerService.java:10406)
12-14 02:55:19.392 W/ActivityManager( 1625): 	at android.app.IActivityManager$Stub.onTransact(IActivityManager.java:2738)
12-14 02:55:19.392 W/ActivityManager( 1625): 	at com.android.server.am.ActivityManagerService.onTransact(ActivityManagerService.java:2935)
12-14 02:55:19.392 W/ActivityManager( 1625): 	at android.os.Binder.execTransact(Binder.java:674)
12-14 02:55:19.394 I/calabash( 4441): newActivity1
12-14 02:55:19.398 W/ActivityManager( 1625): Bad activity token: android.os.BinderProxy@cc0af15
12-14 02:55:19.398 W/ActivityManager( 1625): java.lang.ClassCastException: android.os.BinderProxy cannot be cast to com.android.server.am.ActivityRecord$Token
12-14 02:55:19.398 W/ActivityManager( 1625): 	at com.android.server.am.ActivityRecord.forTokenLocked(ActivityRecord.java:778)
12-14 02:55:19.398 W/ActivityManager( 1625): 	at com.android.server.am.ActivityRecord.isInStackLocked(ActivityRecord.java:2085)
12-14 02:55:19.398 W/ActivityManager( 1625): 	at com.android.server.am.ActivityManagerService.setTaskDescription(ActivityManagerService.java:9988)
12-14 02:55:19.398 W/ActivityManager( 1625): 	at android.app.IActivityManager$Stub.onTransact(IActivityManager.java:2824)
12-14 02:55:19.398 W/ActivityManager( 1625): 	at com.android.server.am.ActivityManagerService.onTransact(ActivityManagerService.java:2935)
12-14 02:55:19.398 W/ActivityManager( 1625): 	at android.os.Binder.execTransact(Binder.java:674)
12-14 02:55:19.399 W/SearchService( 2222): Abort, client detached.
12-14 02:55:19.399 W/ActivityManager( 1625): Bad activity token: android.os.BinderProxy@cc0af15
12-14 02:55:19.399 W/ActivityManager( 1625): java.lang.ClassCastException: android.os.BinderProxy cannot be cast to com.android.server.am.ActivityRecord$Token
12-14 02:55:19.399 W/ActivityManager( 1625): 	at com.android.server.am.ActivityRecord.forTokenLocked(ActivityRecord.java:778)
12-14 02:55:19.399 W/ActivityManager( 1625): 	at com.android.server.am.ActivityRecord.isInStackLocked(ActivityRecord.java:2085)
12-14 02:55:19.399 W/ActivityManager( 1625): 	at com.android.server.am.ActivityRecord.getStackLocked(ActivityRecord.java:2090)
12-14 02:55:19.399 W/ActivityManager( 1625): 	at com.android.server.am.ActivityManagerService.getActivityStackId(ActivityManagerService.java:10417)
12-14 02:55:19.399 W/ActivityManager( 1625): 	at android.app.IActivityManager$Stub.onTransact(IActivityManager.java:3548)
12-14 02:55:19.399 W/ActivityManager( 1625): 	at com.android.server.am.ActivityManagerService.onTransact(ActivityManagerService.java:2935)
12-14 02:55:19.399 W/ActivityManager( 1625): 	at android.os.Binder.execTransact(Binder.java:674)
12-14 02:55:19.424 D/gralloc_ranchu( 1395): gralloc_alloc: Creating ashmem region of size 544768
12-14 02:55:19.437 W/ActivityManager( 1625): Bad activity token: android.os.BinderProxy@cc0af15
12-14 02:55:19.437 W/ActivityManager( 1625): java.lang.ClassCastException: android.os.BinderProxy cannot be cast to com.android.server.am.ActivityRecord$Token
12-14 02:55:19.437 W/ActivityManager( 1625): 	at com.android.server.am.ActivityRecord.forTokenLocked(ActivityRecord.java:778)
12-14 02:55:19.437 W/ActivityManager( 1625): 	at com.android.server.am.ActivityRecord.isInStackLocked(ActivityRecord.java:2085)
12-14 02:55:19.437 W/ActivityManager( 1625): 	at com.android.server.am.ActivityManagerService.getActivityOptions(ActivityManagerService.java:13302)
12-14 02:55:19.437 W/ActivityManager( 1625): 	at android.app.IActivityManager$Stub.onTransact(IActivityManager.java:2910)
12-14 02:55:19.437 W/ActivityManager( 1625): 	at com.android.server.am.ActivityManagerService.onTransact(ActivityManagerService.java:2935)
12-14 02:55:19.437 W/ActivityManager( 1625): 	at android.os.Binder.execTransact(Binder.java:674)
12-14 02:55:19.437 W/ActivityManager( 1625): Bad activity token: android.os.BinderProxy@cc0af15
12-14 02:55:19.437 W/ActivityManager( 1625): java.lang.ClassCastException: android.os.BinderProxy cannot be cast to com.android.server.am.ActivityRecord$Token
12-14 02:55:19.437 W/ActivityManager( 1625): 	at com.android.server.am.ActivityRecord.forTokenLocked(ActivityRecord.java:778)
12-14 02:55:19.437 W/ActivityManager( 1625): 	at com.android.server.am.ActivityRecord.isInStackLocked(ActivityRecord.java:2085)
12-14 02:55:19.437 W/ActivityManager( 1625): 	at com.android.server.am.ActivityManagerService.getActivityOptions(ActivityManagerService.java:13302)
12-14 02:55:19.437 W/ActivityManager( 1625): 	at android.app.IActivityManager$Stub.onTransact(IActivityManager.java:2910)
12-14 02:55:19.437 W/ActivityManager( 1625): 	at com.android.server.am.ActivityManagerService.onTransact(ActivityManagerService.java:2935)
12-14 02:55:19.437 W/ActivityManager( 1625): 	at android.os.Binder.execTransact(Binder.java:674)
12-14 02:55:19.442 D/EGL_emulation( 1729): eglMakeCurrent: 0x8b0dd280: ver 3 0 (tinfo 0x8b0b8c70)
12-14 02:55:19.447 D/gralloc_ranchu( 1395): gralloc_alloc: Creating ashmem region of size 544768
12-14 02:55:19.451 D/EGL_emulation( 1729): eglMakeCurrent: 0x8b0dd280: ver 3 0 (tinfo 0x8b0b8c70)
12-14 02:55:19.510 V/StatusBar( 1729): setLightsOn(true)
12-14 02:55:19.523 D/gralloc_ranchu( 1395): gralloc_alloc: Creating ashmem region of size 544768
12-14 02:55:19.533 D/EGL_emulation( 1729): eglMakeCurrent: 0x8b0dd280: ver 3 0 (tinfo 0x8b0b8c70)
12-14 02:55:19.538 D/gralloc_ranchu( 1395): gralloc_alloc: Creating ashmem region of size 544768
12-14 02:55:19.553 I/System.out( 4441): result:{"bonusInformation":[],"message":"","success":true}
12-14 02:55:19.572 D/NuPlayerDriver( 1483): NuPlayerDriver(0xabd292a0) created, clientPid(1729)
12-14 02:55:19.573 I/zygote  ( 4441): Do partial code cache collection, code=123KB, data=77KB
12-14 02:55:19.574 I/zygote  ( 4441): After code cache collection, code=123KB, data=77KB
12-14 02:55:19.574 I/zygote  ( 4441): Increasing code cache capacity to 512KB
12-14 02:55:19.608 D/gralloc_ranchu( 1395): gralloc_alloc: Creating ashmem region of size 487424
12-14 02:55:19.615 D/GenericSource( 1483): FileSource remote
12-14 02:55:19.630 D/StatusBar( 1729): disable<e i a s b h r c s q >
12-14 02:55:19.631 D/gralloc_ranchu( 1395): gralloc_alloc: Creating ashmem region of size 7753728
12-14 02:55:19.632 D/NuPlayerDriver( 1483): notifyListener_l(0xabd292a0), (1, 0, 0, -1), loop setting(0, 0)
12-14 02:55:19.642 D/EGL_emulation( 1729): eglMakeCurrent: 0x8b0dd280: ver 3 0 (tinfo 0x8b0b8c70)
12-14 02:55:19.647 I/MediaFocusControl( 1625):  AudioFocus  requestAudioFocus() from uid/pid 10028/1729 clientId=android.media.AudioManager@3bf7769 req=3 flags=0x0
12-14 02:55:19.653 D/gralloc_ranchu( 1395): gralloc_alloc: Creating ashmem region of size 487424
12-14 02:55:19.729 D/gralloc_ranchu( 1395): gralloc_alloc: Creating ashmem region of size 487424
12-14 02:55:19.733 I/WindowManager( 1625): Screen frozen for +579ms due to Window{f4a2ece u0 com.evancharlton.mileage/com.evancharlton.mileage.Mileage}
12-14 02:55:19.749 D/gralloc_ranchu( 1395): gralloc_alloc: Creating ashmem region of size 7753728
12-14 02:55:19.769 D/SurfaceFlinger( 1408): duplicate layer name: changing BlackSurface to BlackSurface#1
12-14 02:55:19.785 D/EGL_emulation( 1729): eglMakeCurrent: 0x8b0dd280: ver 3 0 (tinfo 0x8b0b8c70)
12-14 02:55:19.793 D/gralloc_ranchu( 1395): gralloc_alloc: Creating ashmem region of size 544768
12-14 02:55:19.817 D/EGL_emulation( 1729): eglMakeCurrent: 0x8b0dd280: ver 3 0 (tinfo 0x8b0b8c70)
12-14 02:55:19.829 V/StatusBar( 1729): setLightsOn(true)
12-14 02:55:19.909 I/zygote  ( 1729): Do partial code cache collection, code=122KB, data=96KB
12-14 02:55:19.910 I/zygote  ( 1729): After code cache collection, code=122KB, data=96KB
12-14 02:55:19.910 I/zygote  ( 1729): Increasing code cache capacity to 512KB
12-14 02:55:20.144 E/WifiVendorHal( 1625): getTxPktFates(l.1941) failed {.code = ERROR_NOT_SUPPORTED, .description = }
12-14 02:55:20.148 E/WifiVendorHal( 1625): getRxPktFates(l.1981) failed {.code = ERROR_NOT_SUPPORTED, .description = }
12-14 02:55:20.162 D/NuPlayerDriver( 1483): start(0xabd292a0), state is 4, eos is 0
12-14 02:55:20.163 I/GenericSource( 1483): start
12-14 02:55:20.178 I/OMXClient( 1483): Treble IOmx obtained
12-14 02:55:20.179 I/OMXMaster( 1488): makeComponentInstance(OMX.google.vorbis.decoder) in omx@1.0-service process
12-14 02:55:20.183 E/OMXNodeInstance( 1488): setConfig(0xa609f240:google.vorbis.decoder, ConfigPriority(0x6f800002)) ERROR: Undefined(0x80001001)
12-14 02:55:20.183 I/ACodec  ( 1483): codec does not support config priority (err -2147483648)
12-14 02:55:20.183 E/OMXNodeInstance( 1488): getConfig(0xa609f240:google.vorbis.decoder, ConfigAndroidVendorExtension(0x6f100004)) ERROR: Undefined(0x80001001)
12-14 02:55:20.184 I/MediaCodec( 1483): MediaCodec will operate in async mode
12-14 02:55:20.186 W//system/bin/hw/android.hidl.allocator@1.0-service( 1388): ashmem_create_region(32768) returning hidl_memory(0xb5b9b850, 32768)
12-14 02:55:20.189 I/chatty  ( 1388): uid=1000(system) allocator@1.0-s identical 3 lines
12-14 02:55:20.194 W//system/bin/hw/android.hidl.allocator@1.0-service( 1388): ashmem_create_region(32768) returning hidl_memory(0xb5b9b850, 32768)
12-14 02:55:20.194 V/StatusBar( 1729): setLightsOn(true)
12-14 02:55:20.195 W//system/bin/hw/android.hidl.allocator@1.0-service( 1388): ashmem_create_region(32768) returning hidl_memory(0xb5b9b850, 32768)
12-14 02:55:20.204 I/chatty  ( 1388): uid=1000(system) allocator@1.0-s identical 5 lines
12-14 02:55:20.204 W//system/bin/hw/android.hidl.allocator@1.0-service( 1388): ashmem_create_region(32768) returning hidl_memory(0xb5b9b850, 32768)
12-14 02:55:20.218 D/AudioTrack( 1483): Client defaulted notificationFrames to 7406 for frameCount 22218
12-14 02:55:20.221 D/NuPlayerDriver( 1483): notifyListener_l(0xabd292a0), (6, 0, 0, -1), loop setting(0, 0)
12-14 02:55:20.221 W/audio_hw_generic( 1389): Not supplying enough data to HAL, expected position 357866 , only wrote 357840
12-14 02:55:20.800 D/gralloc_ranchu( 1395): gralloc_alloc: Creating ashmem region of size 7753728
12-14 02:55:21.662 I/NuPlayerDecoder( 1483): [audio] saw output EOS
12-14 02:55:21.735 E/SurfaceFlinger( 1408): ro.sf.lcd_density must be defined as a build property
12-14 02:55:21.743 D/gralloc_ranchu( 1395): gralloc_alloc: Creating ashmem region of size 8298496
12-14 02:55:21.753 D/        ( 4498): HostConnection::get() New Host Connection established 0xb30af800, tid 4498
12-14 02:55:21.853 I/zygote  ( 1625): Explicit concurrent copying GC freed 23984(1780KB) AllocSpace objects, 10(200KB) LOS objects, 37% free, 9MB/15MB, paused 361us total 79.067ms
12-14 02:55:21.914 D/AudioTrack( 1483): stop() called with 84672 frames delivered
12-14 02:55:22.070 I/System.out( 4441): URI: //
12-14 02:55:22.070 I/System.out( 4441): params: {json={"command":"set_activity_orientation","arguments":["portrait"]}
12-14 02:55:22.070 I/System.out( 4441): }
12-14 02:55:22.070 I/System.out( 4441): header: {content-type=application/json;charset=utf-8, date=Mon, 14 Dec 2020 07:55:22 GMT, accept=*/*, host=127.0.0.1:34777, content-length=63, user-agent=HTTPClient/1.0 (2.8.3, ruby 2.5.8 (2020-03-31))}
12-14 02:55:22.070 I/System.out( 4441): params: {json={"command":"set_activity_orientation","arguments":["portrait"]}
12-14 02:55:22.070 I/System.out( 4441): }
12-14 02:55:22.070 I/System.out( 4441): ProP json = {"command":"set_activity_orientation","arguments":["portrait"]}
12-14 02:55:22.070 I/System.out( 4441): files: {}
12-14 02:55:22.070 I/System.out( 4441): command: {"command":"set_activity_orientation","arguments":["portrait"]}
12-14 02:55:22.073 I/InstrumentationBackend( 4441): Got command:'Command:'Line:null,set_activity_orientation', arguments:'[portrait]'
12-14 02:55:22.075 D/gralloc_ranchu( 1395): gralloc_alloc: Creating ashmem region of size 8298496
12-14 02:55:22.090 W/LocalDisplayAdapter( 1625): Unable to find color mode 0, ignoring request.
12-14 02:55:22.101 I/InputReader( 1625): Reconfiguring input devices.  changes=0x00000004
12-14 02:55:22.101 I/InputReader( 1625): Device reconfigured: id=0, name='qwerty2', size 1080x1920, orientation 0, mode 1, display id 0
12-14 02:55:22.103 I/InputReader( 1625): Reconfiguring input devices.  changes=0x00000004
12-14 02:55:22.104 I/ActivityManager( 1625): Config changes=480 {1.0 310mcc260mnc [en_US] ldltr sw411dp w411dp h659dp 420dpi nrml port finger qwerty/v/v -nav/h appBounds=Rect(0, 0 - 1080, 1794) s.8}
12-14 02:55:22.108 I/InputReader( 1625): Reconfiguring input devices.  changes=0x00000004
12-14 02:55:22.113 I/ActivityManager( 1625): Override config changes=480 {1.0 310mcc260mnc [en_US] ldltr sw411dp w411dp h659dp 420dpi nrml port finger qwerty/v/v -nav/h appBounds=Rect(0, 0 - 1080, 1794) s.8} for displayId=0
12-14 02:55:22.151 D/gralloc_ranchu( 1395): gralloc_alloc: Creating ashmem region of size 544768
12-14 02:55:22.157 E/SurfaceFlinger( 1408): Failed to find layer (com.evancharlton.mileage/com.evancharlton.mileage.Mileage#0) in layer parent (no-parent).
12-14 02:55:22.167 I/calabash( 4441): newActivity1
12-14 02:55:22.175 D/EGL_emulation( 1729): eglMakeCurrent: 0x8b0dd280: ver 3 0 (tinfo 0x8b0b8c70)
12-14 02:55:22.186 D/gralloc_ranchu( 1395): gralloc_alloc: Creating ashmem region of size 544768
12-14 02:55:22.190 W/ActivityManager( 1625): Bad activity token: android.os.BinderProxy@53dd383
12-14 02:55:22.190 W/ActivityManager( 1625): java.lang.ClassCastException: android.os.BinderProxy cannot be cast to com.android.server.am.ActivityRecord$Token
12-14 02:55:22.190 W/ActivityManager( 1625): 	at com.android.server.am.ActivityRecord.forTokenLocked(ActivityRecord.java:778)
12-14 02:55:22.190 W/ActivityManager( 1625): 	at com.android.server.am.ActivityRecord.isInStackLocked(ActivityRecord.java:2085)
12-14 02:55:22.190 W/ActivityManager( 1625): 	at com.android.server.am.ActivityRecord.getStackLocked(ActivityRecord.java:2090)
12-14 02:55:22.190 W/ActivityManager( 1625): 	at com.android.server.am.ActivityManagerService.getActivityDisplayId(ActivityManagerService.java:10406)
12-14 02:55:22.190 W/ActivityManager( 1625): 	at android.app.IActivityManager$Stub.onTransact(IActivityManager.java:2738)
12-14 02:55:22.190 W/ActivityManager( 1625): 	at com.android.server.am.ActivityManagerService.onTransact(ActivityManagerService.java:2935)
12-14 02:55:22.190 W/ActivityManager( 1625): 	at android.os.Binder.execTransact(Binder.java:674)
12-14 02:55:22.191 I/calabash( 4441): newActivity1
12-14 02:55:22.194 W/ActivityManager( 1625): Bad activity token: android.os.BinderProxy@53dd383
12-14 02:55:22.194 W/ActivityManager( 1625): java.lang.ClassCastException: android.os.BinderProxy cannot be cast to com.android.server.am.ActivityRecord$Token
12-14 02:55:22.194 W/ActivityManager( 1625): 	at com.android.server.am.ActivityRecord.forTokenLocked(ActivityRecord.java:778)
12-14 02:55:22.194 W/ActivityManager( 1625): 	at com.android.server.am.ActivityRecord.isInStackLocked(ActivityRecord.java:2085)
12-14 02:55:22.194 W/ActivityManager( 1625): 	at com.android.server.am.ActivityManagerService.setTaskDescription(ActivityManagerService.java:9988)
12-14 02:55:22.194 W/ActivityManager( 1625): 	at android.app.IActivityManager$Stub.onTransact(IActivityManager.java:2824)
12-14 02:55:22.194 W/ActivityManager( 1625): 	at com.android.server.am.ActivityManagerService.onTransact(ActivityManagerService.java:2935)
12-14 02:55:22.194 W/ActivityManager( 1625): 	at android.os.Binder.execTransact(Binder.java:674)
12-14 02:55:22.196 W/ActivityManager( 1625): Bad activity token: android.os.BinderProxy@53dd383
12-14 02:55:22.196 W/ActivityManager( 1625): java.lang.ClassCastException: android.os.BinderProxy cannot be cast to com.android.server.am.ActivityRecord$Token
12-14 02:55:22.196 W/ActivityManager( 1625): 	at com.android.server.am.ActivityRecord.forTokenLocked(ActivityRecord.java:778)
12-14 02:55:22.196 W/ActivityManager( 1625): 	at com.android.server.am.ActivityRecord.isInStackLocked(ActivityRecord.java:2085)
12-14 02:55:22.196 W/ActivityManager( 1625): 	at com.android.server.am.ActivityRecord.getStackLocked(ActivityRecord.java:2090)
12-14 02:55:22.196 W/ActivityManager( 1625): 	at com.android.server.am.ActivityManagerService.getActivityStackId(ActivityManagerService.java:10417)
12-14 02:55:22.196 W/ActivityManager( 1625): 	at android.app.IActivityManager$Stub.onTransact(IActivityManager.java:3548)
12-14 02:55:22.196 W/ActivityManager( 1625): 	at com.android.server.am.ActivityManagerService.onTransact(ActivityManagerService.java:2935)
12-14 02:55:22.196 W/ActivityManager( 1625): 	at android.os.Binder.execTransact(Binder.java:674)
12-14 02:55:22.254 W/ActivityManager( 1625): Bad activity token: android.os.BinderProxy@53dd383
12-14 02:55:22.254 W/ActivityManager( 1625): java.lang.ClassCastException: android.os.BinderProxy cannot be cast to com.android.server.am.ActivityRecord$Token
12-14 02:55:22.254 W/ActivityManager( 1625): 	at com.android.server.am.ActivityRecord.forTokenLocked(ActivityRecord.java:778)
12-14 02:55:22.254 W/ActivityManager( 1625): 	at com.android.server.am.ActivityRecord.isInStackLocked(ActivityRecord.java:2085)
12-14 02:55:22.254 W/ActivityManager( 1625): 	at com.android.server.am.ActivityManagerService.getActivityOptions(ActivityManagerService.java:13302)
12-14 02:55:22.254 W/ActivityManager( 1625): 	at android.app.IActivityManager$Stub.onTransact(IActivityManager.java:2910)
12-14 02:55:22.254 W/ActivityManager( 1625): 	at com.android.server.am.ActivityManagerService.onTransact(ActivityManagerService.java:2935)
12-14 02:55:22.254 W/ActivityManager( 1625): 	at android.os.Binder.execTransact(Binder.java:674)
12-14 02:55:22.255 W/ActivityManager( 1625): Bad activity token: android.os.BinderProxy@53dd383
12-14 02:55:22.255 W/ActivityManager( 1625): java.lang.ClassCastException: android.os.BinderProxy cannot be cast to com.android.server.am.ActivityRecord$Token
12-14 02:55:22.255 W/ActivityManager( 1625): 	at com.android.server.am.ActivityRecord.forTokenLocked(ActivityRecord.java:778)
12-14 02:55:22.255 W/ActivityManager( 1625): 	at com.android.server.am.ActivityRecord.isInStackLocked(ActivityRecord.java:2085)
12-14 02:55:22.255 W/ActivityManager( 1625): 	at com.android.server.am.ActivityManagerService.getActivityOptions(ActivityManagerService.java:13302)
12-14 02:55:22.255 W/ActivityManager( 1625): 	at android.app.IActivityManager$Stub.onTransact(IActivityManager.java:2910)
12-14 02:55:22.255 W/ActivityManager( 1625): 	at com.android.server.am.ActivityManagerService.onTransact(ActivityManagerService.java:2935)
12-14 02:55:22.255 W/ActivityManager( 1625): 	at android.os.Binder.execTransact(Binder.java:674)
12-14 02:55:22.270 D/NuPlayerDriver( 1483): notifyListener_l(0xabd292a0), (2, 0, 0, -1), loop setting(0, 0)
12-14 02:55:22.270 I/MediaFocusControl( 1625):  AudioFocus  abandonAudioFocus() from uid/pid 10028/1729 clientId=android.media.AudioManager@3bf7769
12-14 02:55:22.280 V/StatusBar( 1729): setLightsOn(true)
12-14 02:55:22.292 D/gralloc_ranchu( 1395): gralloc_alloc: Creating ashmem region of size 544768
12-14 02:55:22.318 I/zygote  ( 4441): Do full code cache collection, code=204KB, data=147KB
12-14 02:55:22.320 I/System.out( 4441): result:{"bonusInformation":[],"message":"","success":true}
12-14 02:55:22.321 I/zygote  ( 4441): After code cache collection, code=204KB, data=113KB
12-14 02:55:22.343 D/gralloc_ranchu( 1395): gralloc_alloc: Creating ashmem region of size 274432
12-14 02:55:22.346 E/TaskPersister( 1625): File error accessing recents directory (directory doesn't exist?).
12-14 02:55:22.365 D/StatusBar( 1729): disable<e i a s b h r c s q >
12-14 02:55:22.368 D/EGL_emulation( 1729): eglMakeCurrent: 0x8b0dd280: ver 3 0 (tinfo 0x8b0b8c70)
12-14 02:55:22.381 D/gralloc_ranchu( 1395): gralloc_alloc: Creating ashmem region of size 274432
12-14 02:55:22.394 D/gralloc_ranchu( 1395): gralloc_alloc: Creating ashmem region of size 7753728
12-14 02:55:22.423 D/gralloc_ranchu( 1395): gralloc_alloc: Creating ashmem region of size 274432
12-14 02:55:22.449 D/EGL_emulation( 1729): eglMakeCurrent: 0x8b0dd280: ver 3 0 (tinfo 0x8b0b8c70)
12-14 02:55:22.463 I/WindowManager( 1625): Screen frozen for +390ms due to Window{ccb9dc4 u0 com.evancharlton.mileage/com.evancharlton.mileage.Mileage}
12-14 02:55:22.465 D/EGL_emulation( 1729): eglMakeCurrent: 0x8b0dd280: ver 3 0 (tinfo 0x8b0b8c70)
12-14 02:55:22.472 D/gralloc_ranchu( 1395): gralloc_alloc: Creating ashmem region of size 7753728
12-14 02:55:22.483 V/StatusBar( 1729): setLightsOn(true)
12-14 02:55:22.558 E/memtrack( 1625): Couldn't load memtrack module
12-14 02:55:22.558 W/android.os.Debug( 1625): failed to get memory consumption info: -1
12-14 02:55:22.574 E/memtrack( 1625): Couldn't load memtrack module
12-14 02:55:22.574 W/android.os.Debug( 1625): failed to get memory consumption info: -1
12-14 02:55:22.907 V/StatusBar( 1729): setLightsOn(true)
12-14 02:55:23.548 D/gralloc_ranchu( 1395): gralloc_alloc: Creating ashmem region of size 7753728
12-14 02:55:24.377 I/EventLogSendingHelper( 2222): Sending log events.
12-14 02:55:24.523 I/zygote  ( 1625): Explicit concurrent copying GC freed 8860(862KB) AllocSpace objects, 2(56KB) LOS objects, 37% free, 9MB/15MB, paused 1.227ms total 43.404ms
12-14 02:55:24.561 I/NetworkScheduler.Stats( 1937): Task com.google.android.gms/com.google.android.gms.icing.service.IcingGcmTaskService started execution. cause:4 exec_start_elapsed_seconds: 87 [CONTEXT service_id=218 ]
12-14 02:55:24.577 E/SurfaceFlinger( 1408): ro.sf.lcd_density must be defined as a build property
12-14 02:55:24.585 D/gralloc_ranchu( 1395): gralloc_alloc: Creating ashmem region of size 8298496
12-14 02:55:24.596 D/        ( 4511): HostConnection::get() New Host Connection established 0xb212f800, tid 4511
12-14 02:55:24.730 I/NetworkScheduler.Stats( 1937): Task com.google.android.gms/com.google.android.gms.ads.social.GcmSchedulerWakeupService started execution. cause:4 exec_start_elapsed_seconds: 87 [CONTEXT service_id=218 ]
12-14 02:55:24.761 I/NetworkScheduler.Stats( 1937): Task com.google.android.gms/com.google.android.gms.icing.service.IcingGcmTaskService finished executing. cause:4 result: 1 elapsed_millis: 313 uptime_millis: 313 exec_start_elapsed_seconds: 87 [CONTEXT service_id=218 ]
12-14 02:55:24.770 I/NetworkScheduler.Stats( 1937): Task com.google.android.gms/com.google.android.gms.ads.social.GcmSchedulerWakeupService finished executing. cause:4 result: 1 elapsed_millis: 158 uptime_millis: 158 exec_start_elapsed_seconds: 87 [CONTEXT service_id=218 ]
12-14 02:55:24.900 I/NetworkScheduler.Stats( 1937): Task com.google.android.gms/com.google.android.gms.checkin.EventLogService started execution. cause:5 exec_start_elapsed_seconds: 87 [CONTEXT service_id=218 ]
12-14 02:55:24.911 I/Checkin ( 2108): [EventLogChimeraService] Opted in for usage reporting: false
12-14 02:55:24.911 I/Checkin ( 2108): [EventLogChimeraService] Aggregate from 1607932480010 (log), 1607930741741 (data)
12-14 02:55:24.958 I/Finsky  ( 2543): [115] nmi.run(36): Stats for Executor: BlockingExecutor non@33cf4de[Running, pool size = 2, active threads = 0, queued tasks = 0, completed tasks = 17]
12-14 02:55:24.960 W/BroadcastQueue( 1625): Background execution not allowed: receiving Intent { act=android.intent.action.DROPBOX_ENTRY_ADDED flg=0x10 (has extras) } to com.google.android.gms/.stats.service.DropBoxEntryAddedReceiver
12-14 02:55:24.961 W/BroadcastQueue( 1625): Background execution not allowed: receiving Intent { act=android.intent.action.DROPBOX_ENTRY_ADDED flg=0x10 (has extras) } to com.google.android.gms/.chimera.GmsIntentOperationService$PersistentTrustedReceiver
12-14 02:55:24.961 I/zygote  ( 1937): Deoptimizing bsbk brqx.D(int) due to JIT inline cache
12-14 02:55:24.961 I/zygote  ( 1937): Deoptimizing java.lang.Object bsbk.next() due to JIT inline cache
12-14 02:55:24.964 I/Finsky  ( 2543): [115] nmi.run(36): Stats for Executor: LightweightExecutor non@54416bf[Running, pool size = 2, active threads = 0, queued tasks = 0, completed tasks = 71]
