12-14 02:55:30.683 D/Mileage.ABS( 4550): Not backing up; 634
12-14 02:55:30.699 D/Mileage.ABS( 4550): Not backing up; 650
12-14 02:55:30.707 D/Mileage.ABS( 4550): Not backing up; 658
12-14 02:55:30.720 D/Mileage.ABS( 4550): Not backing up; 670
12-14 02:55:30.733 D/Mileage.ABS( 4550): Not backing up; 684
12-14 02:55:30.742 D/Mileage.ABS( 4550): Not backing up; 693
12-14 02:55:30.757 D/Mileage.ABS( 4550): Not backing up; 708
12-14 02:55:30.760 D/Mileage.ABS( 4550): Not backing up; 711
12-14 02:55:30.784 D/Mileage.ABS( 4550): Not backing up; 735
12-14 02:55:30.792 D/Mileage.ABS( 4550): Not backing up; 743
12-14 02:55:30.806 D/Mileage.ABS( 4550): Not backing up; 757
12-14 02:55:30.822 D/Mileage.ABS( 4550): Not backing up; 773
12-14 02:55:30.828 D/Mileage.ABS( 4550): Not backing up; 779
12-14 02:55:30.842 D/Mileage.ABS( 4550): Not backing up; 793
12-14 02:55:30.843 D/Mileage.ABS( 4550): Not backing up; 794
12-14 02:55:30.861 D/Mileage.ABS( 4550): Not backing up; 812
12-14 02:55:30.861 D/Mileage.ABS( 4550): Not backing up; 812
12-14 02:55:30.873 D/Mileage.ABS( 4550): Not backing up; 824
12-14 02:55:30.887 D/Mileage.ABS( 4550): Not backing up; 838
12-14 02:55:30.890 D/Mileage.ABS( 4550): Not backing up; 841
12-14 02:55:30.891 D/VehicleStatisticsAdapter( 4550): Caching of 29 records complete! (0.827 seconds)
12-14 02:55:30.904 D/Mileage.ABS( 4550): Not backing up; 855
12-14 02:55:30.919 D/Mileage.ABS( 4550): Not backing up; 870
12-14 02:55:30.920 D/VehicleStatisticsAdapter( 4550): Caching of 29 records complete! (0.833 seconds)
12-14 02:55:30.921 D/Mileage.ABS( 4550): Not backing up; 872
12-14 02:55:30.922 I/System.out( 4550): URI: //gesture
12-14 02:55:30.922 I/System.out( 4550): params: {json={"query_timeout":5.0,"gestures":[{"query_string":"android.widget.TabWidget descendant TextView index:0","touches":[{"x":50,"y":50,"offset_x":0,"offset_y":0,"wait":0.0,"time":0.2,"release":true,"query_string":null}]}]}
12-14 02:55:30.922 I/System.out( 4550): }
12-14 02:55:31.306 W/View    ( 4550): dispatchProvideAutofillStructure(): not laid out, ignoring
12-14 02:55:31.310 I/chatty  ( 4550): uid=10378(u0_a378) com.evancharlton.mileage identical 1 line
12-14 02:55:31.314 W/View    ( 4550): dispatchProvideAutofillStructure(): not laid out, ignoring
12-14 02:55:31.323 W/Binder  ( 1625): Outgoing transactions from this process must be FLAG_ONEWAY
12-14 02:55:31.323 W/Binder  ( 1625): java.lang.Throwable
12-14 02:55:31.323 W/Binder  ( 1625): 	at android.os.BinderProxy.transact(Binder.java:736)
12-14 02:55:31.323 W/Binder  ( 1625): 	at android.app.assist.AssistStructure$ParcelTransferReader.fetchData(AssistStructure.java:407)
12-14 02:55:31.323 W/Binder  ( 1625): 	at android.app.assist.AssistStructure$ParcelTransferReader.go(AssistStructure.java:343)
12-14 02:55:31.323 W/Binder  ( 1625): 	at android.app.assist.AssistStructure.ensureData(AssistStructure.java:2096)
12-14 02:55:31.323 W/Binder  ( 1625): 	at com.android.server.autofill.Session$1.send(Session.java:200)
12-14 02:55:31.323 W/Binder  ( 1625): 	at com.android.server.am.ActivityManagerService.reportAssistContextExtras(ActivityManagerService.java:13137)
12-14 02:55:31.323 W/Binder  ( 1625): 	at android.app.IActivityManager$Stub.onTransact(IActivityManager.java:2466)
12-14 02:55:31.323 W/Binder  ( 1625): 	at com.android.server.am.ActivityManagerService.onTransact(ActivityManagerService.java:2935)
12-14 02:55:31.323 W/Binder  ( 1625): 	at android.os.Binder.execTransact(Binder.java:674)
12-14 02:55:31.328 I/AssistStructure( 4550): Flattened final assist data: 15312 bytes, containing 1 windows, 69 views
12-14 02:55:31.337 I/AssistStructure( 1625): Flattened final assist data: 13988 bytes, containing 1 windows, 69 views
12-14 02:55:31.339 W/lgq     ( 1937): Pending fill request while another request in the same session was triggered. [CONTEXT service_id=177 ]
12-14 02:55:31.432 E/SurfaceFlinger( 1408): ro.sf.lcd_density must be defined as a build property
12-14 02:55:31.440 D/gralloc_ranchu( 1395): gralloc_alloc: Creating ashmem region of size 8298496
12-14 02:55:31.451 D/        ( 4647): HostConnection::get() New Host Connection established 0xa7aaf800, tid 4647
12-14 02:55:31.775 I/System.out( 4550): URI: //
12-14 02:55:31.776 I/System.out( 4550): params: {json={"command":"set_activity_orientation","arguments":["landscape"]}
12-14 02:55:31.776 I/System.out( 4550): }
12-14 02:55:31.776 I/System.out( 4550): header: {content-type=application/json;charset=utf-8, date=Mon, 14 Dec 2020 07:55:32 GMT, accept=*/*, host=127.0.0.1:34777, content-length=64, user-agent=HTTPClient/1.0 (2.8.3, ruby 2.5.8 (2020-03-31))}
12-14 02:55:31.776 I/System.out( 4550): params: {json={"command":"set_activity_orientation","arguments":["landscape"]}
12-14 02:55:31.776 I/System.out( 4550): }
12-14 02:55:31.776 I/System.out( 4550): ProP json = {"command":"set_activity_orientation","arguments":["landscape"]}
12-14 02:55:31.776 I/System.out( 4550): files: {}
12-14 02:55:31.776 I/System.out( 4550): command: {"command":"set_activity_orientation","arguments":["landscape"]}
12-14 02:55:31.781 I/InstrumentationBackend( 4550): Got command:'Command:'Line:null,set_activity_orientation', arguments:'[landscape]'
12-14 02:55:31.796 D/gralloc_ranchu( 1395): gralloc_alloc: Creating ashmem region of size 8298496
12-14 02:55:31.833 W/LocalDisplayAdapter( 1625): Unable to find color mode 0, ignoring request.
12-14 02:55:31.849 I/InputReader( 1625): Reconfiguring input devices.  changes=0x00000004
12-14 02:55:31.849 I/InputReader( 1625): Device reconfigured: id=0, name='qwerty2', size 1080x1920, orientation 1, mode 1, display id 0
12-14 02:55:31.866 I/ActivityManager( 1625): Config changes=480 {1.0 310mcc260mnc [en_US] ldltr sw411dp w683dp h387dp 420dpi nrml land finger qwerty/v/v -nav/h appBounds=Rect(0, 0 - 1794, 1080) s.9}
12-14 02:55:31.906 I/ActivityManager( 1625): Override config changes=480 {1.0 310mcc260mnc [en_US] ldltr sw411dp w683dp h387dp 420dpi nrml land finger qwerty/v/v -nav/h appBounds=Rect(0, 0 - 1794, 1080) s.9} for displayId=0
12-14 02:55:31.954 D/gralloc_ranchu( 1395): gralloc_alloc: Creating ashmem region of size 544768
12-14 02:55:31.966 D/EGL_emulation( 1729): eglMakeCurrent: 0x8b0dd280: ver 3 0 (tinfo 0x8b0b8c70)
12-14 02:55:31.973 D/gralloc_ranchu( 1395): gralloc_alloc: Creating ashmem region of size 544768
12-14 02:55:31.983 I/calabash( 4550): newActivity1
12-14 02:55:32.021 W/ActivityManager( 1625): Bad activity token: android.os.BinderProxy@c684f3b
12-14 02:55:32.021 W/ActivityManager( 1625): java.lang.ClassCastException: android.os.BinderProxy cannot be cast to com.android.server.am.ActivityRecord$Token
12-14 02:55:32.021 W/ActivityManager( 1625): 	at com.android.server.am.ActivityRecord.forTokenLocked(ActivityRecord.java:778)
12-14 02:55:32.021 W/ActivityManager( 1625): 	at com.android.server.am.ActivityRecord.isInStackLocked(ActivityRecord.java:2085)
12-14 02:55:32.021 W/ActivityManager( 1625): 	at com.android.server.am.ActivityRecord.getStackLocked(ActivityRecord.java:2090)
12-14 02:55:32.021 W/ActivityManager( 1625): 	at com.android.server.am.ActivityManagerService.getActivityDisplayId(ActivityManagerService.java:10406)
12-14 02:55:32.021 W/ActivityManager( 1625): 	at android.app.IActivityManager$Stub.onTransact(IActivityManager.java:2738)
12-14 02:55:32.021 W/ActivityManager( 1625): 	at com.android.server.am.ActivityManagerService.onTransact(ActivityManagerService.java:2935)
12-14 02:55:32.021 W/ActivityManager( 1625): 	at android.os.Binder.execTransact(Binder.java:674)
12-14 02:55:32.023 I/calabash( 4550): newActivity1
12-14 02:55:32.029 W/AutofillManager( 4550): Session 2136190118 could not be restored
12-14 02:55:32.036 W/ActivityManager( 1625): Bad activity token: android.os.BinderProxy@c684f3b
12-14 02:55:32.036 W/ActivityManager( 1625): java.lang.ClassCastException: android.os.BinderProxy cannot be cast to com.android.server.am.ActivityRecord$Token
12-14 02:55:32.036 W/ActivityManager( 1625): 	at com.android.server.am.ActivityRecord.forTokenLocked(ActivityRecord.java:778)
12-14 02:55:32.036 W/ActivityManager( 1625): 	at com.android.server.am.ActivityRecord.isInStackLocked(ActivityRecord.java:2085)
12-14 02:55:32.036 W/ActivityManager( 1625): 	at com.android.server.am.ActivityManagerService.setTaskDescription(ActivityManagerService.java:9988)
12-14 02:55:32.036 W/ActivityManager( 1625): 	at android.app.IActivityManager$Stub.onTransact(IActivityManager.java:2824)
12-14 02:55:32.036 W/ActivityManager( 1625): 	at com.android.server.am.ActivityManagerService.onTransact(ActivityManagerService.java:2935)
12-14 02:55:32.036 W/ActivityManager( 1625): 	at android.os.Binder.execTransact(Binder.java:674)
12-14 02:55:32.037 W/ActivityManager( 1625): Bad activity token: android.os.BinderProxy@c684f3b
12-14 02:55:32.037 W/ActivityManager( 1625): java.lang.ClassCastException: android.os.BinderProxy cannot be cast to com.android.server.am.ActivityRecord$Token
12-14 02:55:32.037 W/ActivityManager( 1625): 	at com.android.server.am.ActivityRecord.forTokenLocked(ActivityRecord.java:778)
12-14 02:55:32.037 W/ActivityManager( 1625): 	at com.android.server.am.ActivityRecord.isInStackLocked(ActivityRecord.java:2085)
12-14 02:55:32.037 W/ActivityManager( 1625): 	at com.android.server.am.ActivityRecord.getStackLocked(ActivityRecord.java:2090)
12-14 02:55:32.037 W/ActivityManager( 1625): 	at com.android.server.am.ActivityManagerService.getActivityStackId(ActivityManagerService.java:10417)
12-14 02:55:32.037 W/ActivityManager( 1625): 	at android.app.IActivityManager$Stub.onTransact(IActivityManager.java:3548)
12-14 02:55:32.037 W/ActivityManager( 1625): 	at com.android.server.am.ActivityManagerService.onTransact(ActivityManagerService.java:2935)
12-14 02:55:32.037 W/ActivityManager( 1625): 	at android.os.Binder.execTransact(Binder.java:674)
12-14 02:55:32.064 D/gralloc_ranchu( 1395): gralloc_alloc: Creating ashmem region of size 544768
12-14 02:55:32.067 I/System.out( 4550): result:{"bonusInformation":[],"message":"","success":true}
12-14 02:55:32.117 W/ActivityManager( 1625): Bad activity token: android.os.BinderProxy@c684f3b
12-14 02:55:32.117 W/ActivityManager( 1625): java.lang.ClassCastException: android.os.BinderProxy cannot be cast to com.android.server.am.ActivityRecord$Token
12-14 02:55:32.117 W/ActivityManager( 1625): 	at com.android.server.am.ActivityRecord.forTokenLocked(ActivityRecord.java:778)
12-14 02:55:32.117 W/ActivityManager( 1625): 	at com.android.server.am.ActivityRecord.isInStackLocked(ActivityRecord.java:2085)
12-14 02:55:32.117 W/ActivityManager( 1625): 	at com.android.server.am.ActivityManagerService.getActivityOptions(ActivityManagerService.java:13302)
12-14 02:55:32.117 W/ActivityManager( 1625): 	at android.app.IActivityManager$Stub.onTransact(IActivityManager.java:2910)
12-14 02:55:32.117 W/ActivityManager( 1625): 	at com.android.server.am.ActivityManagerService.onTransact(ActivityManagerService.java:2935)
12-14 02:55:32.117 W/ActivityManager( 1625): 	at android.os.Binder.execTransact(Binder.java:674)
12-14 02:55:32.117 W/ActivityManager( 1625): Bad activity token: android.os.BinderProxy@c684f3b
12-14 02:55:32.117 W/ActivityManager( 1625): java.lang.ClassCastException: android.os.BinderProxy cannot be cast to com.android.server.am.ActivityRecord$Token
12-14 02:55:32.117 W/ActivityManager( 1625): 	at com.android.server.am.ActivityRecord.forTokenLocked(ActivityRecord.java:778)
12-14 02:55:32.117 W/ActivityManager( 1625): 	at com.android.server.am.ActivityRecord.isInStackLocked(ActivityRecord.java:2085)
12-14 02:55:32.117 W/ActivityManager( 1625): 	at com.android.server.am.ActivityManagerService.getActivityOptions(ActivityManagerService.java:13302)
12-14 02:55:32.117 W/ActivityManager( 1625): 	at android.app.IActivityManager$Stub.onTransact(IActivityManager.java:2910)
12-14 02:55:32.117 W/ActivityManager( 1625): 	at com.android.server.am.ActivityManagerService.onTransact(ActivityManagerService.java:2935)
12-14 02:55:32.117 W/ActivityManager( 1625): 	at android.os.Binder.execTransact(Binder.java:674)
12-14 02:55:32.133 D/gralloc_ranchu( 1395): gralloc_alloc: Creating ashmem region of size 487424
12-14 02:55:32.154 W/PhoneWindow( 4550): Previously focused view reported id 2131296279 during save, but can't be found during restore.
12-14 02:55:32.173 D/StatusBar( 1729): disable<e i a s b h r c s q >
12-14 02:55:32.183 D/EGL_emulation( 1729): eglMakeCurrent: 0x8b0dd280: ver 3 0 (tinfo 0x8b0b8c70)
12-14 02:55:32.204 D/gralloc_ranchu( 1395): gralloc_alloc: Creating ashmem region of size 487424
12-14 02:55:32.249 D/gralloc_ranchu( 1395): gralloc_alloc: Creating ashmem region of size 487424
12-14 02:55:32.272 D/EGL_emulation( 1729): eglMakeCurrent: 0x8b0dd280: ver 3 0 (tinfo 0x8b0b8c70)
12-14 02:55:32.283 D/EGL_emulation( 1729): eglMakeCurrent: 0x8b0dd280: ver 3 0 (tinfo 0x8b0b8c70)
12-14 02:55:32.289 V/StatusBar( 1729): setLightsOn(true)
12-14 02:55:32.293 D/gralloc_ranchu( 1395): gralloc_alloc: Creating ashmem region of size 7753728
12-14 02:55:32.451 I/WindowManager( 1625): Screen frozen for +660ms due to Window{5b10c6e u0 com.evancharlton.mileage/com.evancharlton.mileage.Mileage}
12-14 02:55:32.477 V/StatusBar( 1729): setLightsOn(true)
12-14 02:55:32.481 D/gralloc_ranchu( 1395): gralloc_alloc: Creating ashmem region of size 7753728
12-14 02:55:32.607 E/memtrack( 1625): Couldn't load memtrack module
12-14 02:55:32.607 W/android.os.Debug( 1625): failed to get memory consumption info: -1
12-14 02:55:32.624 E/memtrack( 1625): Couldn't load memtrack module
12-14 02:55:32.624 W/android.os.Debug( 1625): failed to get memory consumption info: -1
12-14 02:55:32.838 I/EventLogSendingHelper( 2222): Sending log events.
12-14 02:55:32.902 V/StatusBar( 1729): setLightsOn(true)
12-14 02:55:33.478 D/gralloc_ranchu( 1395): gralloc_alloc: Creating ashmem region of size 7753728
12-14 02:55:34.082 I/System.out( 4550): URI: //gesture
12-14 02:55:34.083 I/System.out( 4550): params: {json={"query_timeout":5.0,"gestures":[{"query_string":"android.widget.TabWidget descendant TextView index:1","touches":[{"x":50,"y":50,"offset_x":0,"offset_y":0,"wait":0.0,"time":0.2,"release":true,"query_string":null}]}]}
12-14 02:55:34.083 I/System.out( 4550): }
12-14 02:55:34.350 W/ActivityManager( 1625): Bad activity token: android.os.BinderProxy@fba3b46
12-14 02:55:34.350 W/ActivityManager( 1625): java.lang.ClassCastException: android.os.BinderProxy cannot be cast to com.android.server.am.ActivityRecord$Token
12-14 02:55:34.350 W/ActivityManager( 1625): 	at com.android.server.am.ActivityRecord.forTokenLocked(ActivityRecord.java:778)
12-14 02:55:34.350 W/ActivityManager( 1625): 	at com.android.server.am.ActivityRecord.isInStackLocked(ActivityRecord.java:2085)
12-14 02:55:34.350 W/ActivityManager( 1625): 	at com.android.server.am.ActivityRecord.getStackLocked(ActivityRecord.java:2090)
12-14 02:55:34.350 W/ActivityManager( 1625): 	at com.android.server.am.ActivityManagerService.getActivityDisplayId(ActivityManagerService.java:10406)
12-14 02:55:34.350 W/ActivityManager( 1625): 	at android.app.IActivityManager$Stub.onTransact(IActivityManager.java:2738)
12-14 02:55:34.350 W/ActivityManager( 1625): 	at com.android.server.am.ActivityManagerService.onTransact(ActivityManagerService.java:2935)
12-14 02:55:34.350 W/ActivityManager( 1625): 	at android.os.Binder.execTransact(Binder.java:674)
12-14 02:55:34.351 I/calabash( 4550): newActivity1
12-14 02:55:34.354 W/ActivityManager( 1625): Bad activity token: android.os.BinderProxy@fba3b46
12-14 02:55:34.354 W/ActivityManager( 1625): java.lang.ClassCastException: android.os.BinderProxy cannot be cast to com.android.server.am.ActivityRecord$Token
12-14 02:55:34.354 W/ActivityManager( 1625): 	at com.android.server.am.ActivityRecord.forTokenLocked(ActivityRecord.java:778)
12-14 02:55:34.354 W/ActivityManager( 1625): 	at com.android.server.am.ActivityRecord.isInStackLocked(ActivityRecord.java:2085)
12-14 02:55:34.354 W/ActivityManager( 1625): 	at com.android.server.am.ActivityManagerService.setTaskDescription(ActivityManagerService.java:9988)
12-14 02:55:34.354 W/ActivityManager( 1625): 	at android.app.IActivityManager$Stub.onTransact(IActivityManager.java:2824)
12-14 02:55:34.354 W/ActivityManager( 1625): 	at com.android.server.am.ActivityManagerService.onTransact(ActivityManagerService.java:2935)
12-14 02:55:34.354 W/ActivityManager( 1625): 	at android.os.Binder.execTransact(Binder.java:674)
12-14 02:55:34.355 W/ActivityManager( 1625): Bad activity token: android.os.BinderProxy@fba3b46
12-14 02:55:34.355 W/ActivityManager( 1625): java.lang.ClassCastException: android.os.BinderProxy cannot be cast to com.android.server.am.ActivityRecord$Token
12-14 02:55:34.355 W/ActivityManager( 1625): 	at com.android.server.am.ActivityRecord.forTokenLocked(ActivityRecord.java:778)
12-14 02:55:34.355 W/ActivityManager( 1625): 	at com.android.server.am.ActivityRecord.isInStackLocked(ActivityRecord.java:2085)
12-14 02:55:34.355 W/ActivityManager( 1625): 	at com.android.server.am.ActivityRecord.getStackLocked(ActivityRecord.java:2090)
12-14 02:55:34.355 W/ActivityManager( 1625): 	at com.android.server.am.ActivityManagerService.getActivityStackId(ActivityManagerService.java:10417)
12-14 02:55:34.355 W/ActivityManager( 1625): 	at android.app.IActivityManager$Stub.onTransact(IActivityManager.java:3548)
12-14 02:55:34.355 W/ActivityManager( 1625): 	at com.android.server.am.ActivityManagerService.onTransact(ActivityManagerService.java:2935)
12-14 02:55:34.355 W/ActivityManager( 1625): 	at android.os.Binder.execTransact(Binder.java:674)
12-14 02:55:34.388 W/audio_hw_generic( 1389): Not supplying enough data to HAL, expected position 1216761 , only wrote 907920
12-14 02:55:34.393 W/audio_hw_generic( 1389): Not supplying enough data to HAL, expected position 908128 , only wrote 907920
12-14 02:55:34.398 W/ActivityManager( 1625): Bad activity token: android.os.BinderProxy@fba3b46
12-14 02:55:34.398 W/ActivityManager( 1625): java.lang.ClassCastException: android.os.BinderProxy cannot be cast to com.android.server.am.ActivityRecord$Token
12-14 02:55:34.398 W/ActivityManager( 1625): 	at com.android.server.am.ActivityRecord.forTokenLocked(ActivityRecord.java:778)
12-14 02:55:34.398 W/ActivityManager( 1625): 	at com.android.server.am.ActivityRecord.isInStackLocked(ActivityRecord.java:2085)
12-14 02:55:34.398 W/ActivityManager( 1625): 	at com.android.server.am.ActivityManagerService.getActivityOptions(ActivityManagerService.java:13302)
12-14 02:55:34.398 W/ActivityManager( 1625): 	at android.app.IActivityManager$Stub.onTransact(IActivityManager.java:2910)
12-14 02:55:34.398 W/ActivityManager( 1625): 	at com.android.server.am.ActivityManagerService.onTransact(ActivityManagerService.java:2935)
12-14 02:55:34.398 W/ActivityManager( 1625): 	at android.os.Binder.execTransact(Binder.java:674)
12-14 02:55:34.398 W/ActivityManager( 1625): Bad activity token: android.os.BinderProxy@fba3b46
12-14 02:55:34.398 W/ActivityManager( 1625): java.lang.ClassCastException: android.os.BinderProxy cannot be cast to com.android.server.am.ActivityRecord$Token
12-14 02:55:34.398 W/ActivityManager( 1625): 	at com.android.server.am.ActivityRecord.forTokenLocked(ActivityRecord.java:778)
12-14 02:55:34.398 W/ActivityManager( 1625): 	at com.android.server.am.ActivityRecord.isInStackLocked(ActivityRecord.java:2085)
12-14 02:55:34.398 W/ActivityManager( 1625): 	at com.android.server.am.ActivityManagerService.getActivityOptions(ActivityManagerService.java:13302)
12-14 02:55:34.398 W/ActivityManager( 1625): 	at android.app.IActivityManager$Stub.onTransact(IActivityManager.java:2910)
12-14 02:55:34.398 W/ActivityManager( 1625): 	at com.android.server.am.ActivityManagerService.onTransact(ActivityManagerService.java:2935)
12-14 02:55:34.398 W/ActivityManager( 1625): 	at android.os.Binder.execTransact(Binder.java:674)
12-14 02:55:34.467 D/Mileage ( 4550): Not enough fillups to calculate economy
12-14 02:55:34.537 I/zygote  ( 1625): Explicit concurrent copying GC freed 17380(1549KB) AllocSpace objects, 2(40KB) LOS objects, 37% free, 9MB/15MB, paused 558us total 75.971ms
12-14 02:55:34.591 E/SurfaceFlinger( 1408): ro.sf.lcd_density must be defined as a build property
12-14 02:55:34.603 D/gralloc_ranchu( 1395): gralloc_alloc: Creating ashmem region of size 8298496
12-14 02:55:34.623 D/        ( 4660): HostConnection::get() New Host Connection established 0xafcaf800, tid 4660
12-14 02:55:34.708 I/Dialer  ( 2019): OmtpVvmCarrierCfgHlpr - OmtpEvent:CONFIG_STATUS_SMS_TIME_OUT
12-14 02:55:34.709 I/Dialer  ( 2019): RetryPolicy - discarding deferred status: configuration_state=4
12-14 02:55:34.713 I/Dialer  ( 2019): VvmTaskExecutor - no more tasks, stopping service if no task are added in 5000 millis
12-14 02:55:34.737 I/Dialer  ( 2019): VvmTaskReceiver - task received
12-14 02:55:34.738 I/Dialer  ( 2019): VvmTaskReceiver - TaskExecutor already running
12-14 02:55:34.738 I/Dialer  ( 2019): Task.createTask - create task:com.android.voicemail.impl.ActivationTask
12-14 02:55:34.747 I/Dialer  ( 2019): RetryPolicy - retry #1 for com.android.voicemail.impl.ActivationTask@8b31246 queued, executing in 5000
12-14 02:55:34.749 I/Dialer  ( 2019): VvmTaskExecutor - com.android.voicemail.impl.ActivationTask@8b31246 added
12-14 02:55:34.752 I/Dialer  ( 2019): VvmTaskExecutor - minimal wait time:5000
12-14 02:55:34.752 I/Dialer  ( 2019): VvmTaskExecutor - sleep for 5000 millis
12-14 02:55:34.970 I/System.out( 4550): URI: //gesture
12-14 02:55:34.970 I/System.out( 4550): params: {json={"query_timeout":5.0,"gestures":[{"query_string":"android.widget.TabWidget descendant TextView index:3","touches":[{"x":50,"y":50,"offset_x":0,"offset_y":0,"wait":0.0,"time":0.2,"release":true,"query_string":null}]}]}
12-14 02:55:34.970 I/System.out( 4550): }
12-14 02:55:35.230 W/ActivityManager( 1625): Bad activity token: android.os.BinderProxy@313e91
12-14 02:55:35.230 W/ActivityManager( 1625): java.lang.ClassCastException: android.os.BinderProxy cannot be cast to com.android.server.am.ActivityRecord$Token
12-14 02:55:35.230 W/ActivityManager( 1625): 	at com.android.server.am.ActivityRecord.forTokenLocked(ActivityRecord.java:778)
12-14 02:55:35.230 W/ActivityManager( 1625): 	at com.android.server.am.ActivityRecord.isInStackLocked(ActivityRecord.java:2085)
12-14 02:55:35.230 W/ActivityManager( 1625): 	at com.android.server.am.ActivityRecord.getStackLocked(ActivityRecord.java:2090)
12-14 02:55:35.230 W/ActivityManager( 1625): 	at com.android.server.am.ActivityManagerService.getActivityDisplayId(ActivityManagerService.java:10406)
12-14 02:55:35.230 W/ActivityManager( 1625): 	at android.app.IActivityManager$Stub.onTransact(IActivityManager.java:2738)
12-14 02:55:35.230 W/ActivityManager( 1625): 	at com.android.server.am.ActivityManagerService.onTransact(ActivityManagerService.java:2935)
12-14 02:55:35.230 W/ActivityManager( 1625): 	at android.os.Binder.execTransact(Binder.java:674)
12-14 02:55:35.231 I/calabash( 4550): newActivity1
12-14 02:55:35.237 W/ActivityManager( 1625): Bad activity token: android.os.BinderProxy@313e91
12-14 02:55:35.237 W/ActivityManager( 1625): java.lang.ClassCastException: android.os.BinderProxy cannot be cast to com.android.server.am.ActivityRecord$Token
12-14 02:55:35.237 W/ActivityManager( 1625): 	at com.android.server.am.ActivityRecord.forTokenLocked(ActivityRecord.java:778)
12-14 02:55:35.237 W/ActivityManager( 1625): 	at com.android.server.am.ActivityRecord.isInStackLocked(ActivityRecord.java:2085)
12-14 02:55:35.237 W/ActivityManager( 1625): 	at com.android.server.am.ActivityManagerService.setTaskDescription(ActivityManagerService.java:9988)
12-14 02:55:35.237 W/ActivityManager( 1625): 	at android.app.IActivityManager$Stub.onTransact(IActivityManager.java:2824)
12-14 02:55:35.237 W/ActivityManager( 1625): 	at com.android.server.am.ActivityManagerService.onTransact(ActivityManagerService.java:2935)
12-14 02:55:35.237 W/ActivityManager( 1625): 	at android.os.Binder.execTransact(Binder.java:674)
12-14 02:55:35.238 W/ActivityManager( 1625): Bad activity token: android.os.BinderProxy@313e91
12-14 02:55:35.238 W/ActivityManager( 1625): java.lang.ClassCastException: android.os.BinderProxy cannot be cast to com.android.server.am.ActivityRecord$Token
12-14 02:55:35.238 W/ActivityManager( 1625): 	at com.android.server.am.ActivityRecord.forTokenLocked(ActivityRecord.java:778)
12-14 02:55:35.238 W/ActivityManager( 1625): 	at com.android.server.am.ActivityRecord.isInStackLocked(ActivityRecord.java:2085)
12-14 02:55:35.238 W/ActivityManager( 1625): 	at com.android.server.am.ActivityRecord.getStackLocked(ActivityRecord.java:2090)
12-14 02:55:35.238 W/ActivityManager( 1625): 	at com.android.server.am.ActivityManagerService.getActivityStackId(ActivityManagerService.java:10417)
12-14 02:55:35.238 W/ActivityManager( 1625): 	at android.app.IActivityManager$Stub.onTransact(IActivityManager.java:3548)
12-14 02:55:35.238 W/ActivityManager( 1625): 	at com.android.server.am.ActivityManagerService.onTransact(ActivityManagerService.java:2935)
12-14 02:55:35.238 W/ActivityManager( 1625): 	at android.os.Binder.execTransact(Binder.java:674)
12-14 02:55:35.257 W/ActivityManager( 1625): Bad activity token: android.os.BinderProxy@313e91
12-14 02:55:35.257 W/ActivityManager( 1625): java.lang.ClassCastException: android.os.BinderProxy cannot be cast to com.android.server.am.ActivityRecord$Token
12-14 02:55:35.257 W/ActivityManager( 1625): 	at com.android.server.am.ActivityRecord.forTokenLocked(ActivityRecord.java:778)
12-14 02:55:35.257 W/ActivityManager( 1625): 	at com.android.server.am.ActivityRecord.isInStackLocked(ActivityRecord.java:2085)
12-14 02:55:35.257 W/ActivityManager( 1625): 	at com.android.server.am.ActivityManagerService.getActivityOptions(ActivityManagerService.java:13302)
12-14 02:55:35.257 W/ActivityManager( 1625): 	at android.app.IActivityManager$Stub.onTransact(IActivityManager.java:2910)
12-14 02:55:35.257 W/ActivityManager( 1625): 	at com.android.server.am.ActivityManagerService.onTransact(ActivityManagerService.java:2935)
12-14 02:55:35.257 W/ActivityManager( 1625): 	at android.os.Binder.execTransact(Binder.java:674)
12-14 02:55:35.260 W/ActivityManager( 1625): Bad activity token: android.os.BinderProxy@313e91
12-14 02:55:35.260 W/ActivityManager( 1625): java.lang.ClassCastException: android.os.BinderProxy cannot be cast to com.android.server.am.ActivityRecord$Token
12-14 02:55:35.260 W/ActivityManager( 1625): 	at com.android.server.am.ActivityRecord.forTokenLocked(ActivityRecord.java:778)
12-14 02:55:35.260 W/ActivityManager( 1625): 	at com.android.server.am.ActivityRecord.isInStackLocked(ActivityRecord.java:2085)
12-14 02:55:35.260 W/ActivityManager( 1625): 	at com.android.server.am.ActivityManagerService.getActivityOptions(ActivityManagerService.java:13302)
12-14 02:55:35.260 W/ActivityManager( 1625): 	at android.app.IActivityManager$Stub.onTransact(IActivityManager.java:2910)
12-14 02:55:35.260 W/ActivityManager( 1625): 	at com.android.server.am.ActivityManagerService.onTransact(ActivityManagerService.java:2935)
12-14 02:55:35.260 W/ActivityManager( 1625): 	at android.os.Binder.execTransact(Binder.java:674)
12-14 02:55:35.448 E/SurfaceFlinger( 1408): ro.sf.lcd_density must be defined as a build property
12-14 02:55:35.456 D/gralloc_ranchu( 1395): gralloc_alloc: Creating ashmem region of size 8298496
12-14 02:55:35.483 D/        ( 4666): HostConnection::get() New Host Connection established 0xa582f800, tid 4666
12-14 02:55:35.732 E/BatteryStatsService( 1625): modem info is invalid: ModemActivityInfo{ mTimestamp=0 mSleepTimeMs=0 mIdleTimeMs=0 mTxTimeMs[]=[0, 0, 0, 0, 0] mRxTimeMs=0 mEnergyUsed=0}
12-14 02:55:35.760 I/System.out( 4550): URI: //gesture
12-14 02:55:35.761 I/System.out( 4550): params: {json={"query_timeout":5.0,"gestures":[{"query_string":"android.widget.TabWidget descendant TextView index:2","touches":[{"x":50,"y":50,"offset_x":0,"offset_y":0,"wait":0.0,"time":0.2,"release":true,"query_string":null}]}]}
12-14 02:55:35.761 I/System.out( 4550): }
12-14 02:55:36.010 W/ActivityManager( 1625): Bad activity token: android.os.BinderProxy@5f19ed0
12-14 02:55:36.010 W/ActivityManager( 1625): java.lang.ClassCastException: android.os.BinderProxy cannot be cast to com.android.server.am.ActivityRecord$Token
12-14 02:55:36.010 W/ActivityManager( 1625): 	at com.android.server.am.ActivityRecord.forTokenLocked(ActivityRecord.java:778)
12-14 02:55:36.010 W/ActivityManager( 1625): 	at com.android.server.am.ActivityRecord.isInStackLocked(ActivityRecord.java:2085)
12-14 02:55:36.010 W/ActivityManager( 1625): 	at com.android.server.am.ActivityRecord.getStackLocked(ActivityRecord.java:2090)
12-14 02:55:36.010 W/ActivityManager( 1625): 	at com.android.server.am.ActivityManagerService.getActivityDisplayId(ActivityManagerService.java:10406)
12-14 02:55:36.010 W/ActivityManager( 1625): 	at android.app.IActivityManager$Stub.onTransact(IActivityManager.java:2738)
12-14 02:55:36.010 W/ActivityManager( 1625): 	at com.android.server.am.ActivityManagerService.onTransact(ActivityManagerService.java:2935)
12-14 02:55:36.010 W/ActivityManager( 1625): 	at android.os.Binder.execTransact(Binder.java:674)
12-14 02:55:36.011 I/calabash( 4550): newActivity1
12-14 02:55:36.014 W/ActivityManager( 1625): Bad activity token: android.os.BinderProxy@5f19ed0
12-14 02:55:36.014 W/ActivityManager( 1625): java.lang.ClassCastException: android.os.BinderProxy cannot be cast to com.android.server.am.ActivityRecord$Token
12-14 02:55:36.014 W/ActivityManager( 1625): 	at com.android.server.am.ActivityRecord.forTokenLocked(ActivityRecord.java:778)
12-14 02:55:36.014 W/ActivityManager( 1625): 	at com.android.server.am.ActivityRecord.isInStackLocked(ActivityRecord.java:2085)
12-14 02:55:36.014 W/ActivityManager( 1625): 	at com.android.server.am.ActivityManagerService.setTaskDescription(ActivityManagerService.java:9988)
12-14 02:55:36.014 W/ActivityManager( 1625): 	at android.app.IActivityManager$Stub.onTransact(IActivityManager.java:2824)
12-14 02:55:36.014 W/ActivityManager( 1625): 	at com.android.server.am.ActivityManagerService.onTransact(ActivityManagerService.java:2935)
12-14 02:55:36.014 W/ActivityManager( 1625): 	at android.os.Binder.execTransact(Binder.java:674)
12-14 02:55:36.014 W/ActivityManager( 1625): Bad activity token: android.os.BinderProxy@5f19ed0
12-14 02:55:36.014 W/ActivityManager( 1625): java.lang.ClassCastException: android.os.BinderProxy cannot be cast to com.android.server.am.ActivityRecord$Token
12-14 02:55:36.014 W/ActivityManager( 1625): 	at com.android.server.am.ActivityRecord.forTokenLocked(ActivityRecord.java:778)
12-14 02:55:36.014 W/ActivityManager( 1625): 	at com.android.server.am.ActivityRecord.isInStackLocked(ActivityRecord.java:2085)
12-14 02:55:36.014 W/ActivityManager( 1625): 	at com.android.server.am.ActivityRecord.getStackLocked(ActivityRecord.java:2090)
12-14 02:55:36.014 W/ActivityManager( 1625): 	at com.android.server.am.ActivityManagerService.getActivityStackId(ActivityManagerService.java:10417)
12-14 02:55:36.014 W/ActivityManager( 1625): 	at android.app.IActivityManager$Stub.onTransact(IActivityManager.java:3548)
12-14 02:55:36.014 W/ActivityManager( 1625): 	at com.android.server.am.ActivityManagerService.onTransact(ActivityManagerService.java:2935)
12-14 02:55:36.014 W/ActivityManager( 1625): 	at android.os.Binder.execTransact(Binder.java:674)
12-14 02:55:36.052 D/VehicleStatisticsActivity( 4550): Checking recalculation ...
12-14 02:55:36.053 D/VehicleStatisticsActivity( 4550): Recalculation not necessary.
12-14 02:55:36.057 W/ActivityManager( 1625): Bad activity token: android.os.BinderProxy@5f19ed0
12-14 02:55:36.057 W/ActivityManager( 1625): java.lang.ClassCastException: android.os.BinderProxy cannot be cast to com.android.server.am.ActivityRecord$Token
12-14 02:55:36.057 W/ActivityManager( 1625): 	at com.android.server.am.ActivityRecord.forTokenLocked(ActivityRecord.java:778)
12-14 02:55:36.057 W/ActivityManager( 1625): 	at com.android.server.am.ActivityRecord.isInStackLocked(ActivityRecord.java:2085)
12-14 02:55:36.057 W/ActivityManager( 1625): 	at com.android.server.am.ActivityManagerService.getActivityOptions(ActivityManagerService.java:13302)
12-14 02:55:36.057 W/ActivityManager( 1625): 	at android.app.IActivityManager$Stub.onTransact(IActivityManager.java:2910)
12-14 02:55:36.057 W/ActivityManager( 1625): 	at com.android.server.am.ActivityManagerService.onTransact(ActivityManagerService.java:2935)
12-14 02:55:36.057 W/ActivityManager( 1625): 	at android.os.Binder.execTransact(Binder.java:674)
12-14 02:55:36.059 W/ActivityManager( 1625): Bad activity token: android.os.BinderProxy@5f19ed0
12-14 02:55:36.059 W/ActivityManager( 1625): java.lang.ClassCastException: android.os.BinderProxy cannot be cast to com.android.server.am.ActivityRecord$Token
12-14 02:55:36.059 W/ActivityManager( 1625): 	at com.android.server.am.ActivityRecord.forTokenLocked(ActivityRecord.java:778)
12-14 02:55:36.059 W/ActivityManager( 1625): 	at com.android.server.am.ActivityRecord.isInStackLocked(ActivityRecord.java:2085)
12-14 02:55:36.059 W/ActivityManager( 1625): 	at com.android.server.am.ActivityManagerService.getActivityOptions(ActivityManagerService.java:13302)
12-14 02:55:36.059 W/ActivityManager( 1625): 	at android.app.IActivityManager$Stub.onTransact(IActivityManager.java:2910)
12-14 02:55:36.059 W/ActivityManager( 1625): 	at com.android.server.am.ActivityManagerService.onTransact(ActivityManagerService.java:2935)
12-14 02:55:36.059 W/ActivityManager( 1625): 	at android.os.Binder.execTransact(Binder.java:674)
12-14 02:55:36.068 E/memtrack( 1625): Couldn't load memtrack module
12-14 02:55:36.068 W/android.os.Debug( 1625): failed to get memory consumption info: -1
12-14 02:55:36.070 D/VehicleStatisticsActivity( 4550): Checking recalculation ...
12-14 02:55:36.073 D/VehicleStatisticsActivity( 4550): Recalculation not necessary.
12-14 02:55:36.157 I/zygote  ( 4550): Do full code cache collection, code=446KB, data=314KB
12-14 02:55:36.158 I/zygote  ( 4550): After code cache collection, code=431KB, data=251KB
12-14 02:55:36.244 E/SurfaceFlinger( 1408): ro.sf.lcd_density must be defined as a build property
12-14 02:55:36.252 D/gralloc_ranchu( 1395): gralloc_alloc: Creating ashmem region of size 8298496
12-14 02:55:36.262 D/        ( 4673): HostConnection::get() New Host Connection established 0xad22f800, tid 4673
12-14 02:55:36.345 W/RemoteFillService( 1625): Not handling { when=-1ms what=3 target=com.android.internal.os.HandlerCaller$MyHandler } as service for ComponentInfo{com.google.android.gms/com.google.android.gms.autofill.service.AutofillService} is already destroyed
12-14 02:55:36.544 I/System.out( 4550): URI: //gesture
12-14 02:55:36.545 I/System.out( 4550): params: {json={"query_timeout":5.0,"gestures":[{"query_string":"android.widget.TabWidget descendant TextView index:0","touches":[{"x":50,"y":50,"offset_x":0,"offset_y":0,"wait":0.0,"time":0.2,"release":true,"query_string":null}]}]}
12-14 02:55:36.545 I/System.out( 4550): }
12-14 02:55:36.876 W/View    ( 4550): dispatchProvideAutofillStructure(): not laid out, ignoring
12-14 02:55:36.879 I/chatty  ( 4550): uid=10378(u0_a378) com.evancharlton.mileage identical 3 lines
12-14 02:55:36.879 W/View    ( 4550): dispatchProvideAutofillStructure(): not laid out, ignoring
12-14 02:55:36.880 W/Binder  ( 1625): Outgoing transactions from this process must be FLAG_ONEWAY
12-14 02:55:36.880 W/Binder  ( 1625): java.lang.Throwable
12-14 02:55:36.880 W/Binder  ( 1625): 	at android.os.BinderProxy.transact(Binder.java:736)
12-14 02:55:36.880 W/Binder  ( 1625): 	at android.app.assist.AssistStructure$ParcelTransferReader.fetchData(AssistStructure.java:407)
12-14 02:55:36.880 W/Binder  ( 1625): 	at android.app.assist.AssistStructure$ParcelTransferReader.go(AssistStructure.java:343)
12-14 02:55:36.880 W/Binder  ( 1625): 	at android.app.assist.AssistStructure.ensureData(AssistStructure.java:2096)
12-14 02:55:36.880 W/Binder  ( 1625): 	at com.android.server.autofill.Session$1.send(Session.java:200)
12-14 02:55:36.880 W/Binder  ( 1625): 	at com.android.server.am.ActivityManagerService.reportAssistContextExtras(ActivityManagerService.java:13137)
12-14 02:55:36.880 W/Binder  ( 1625): 	at android.app.IActivityManager$Stub.onTransact(IActivityManager.java:2466)
12-14 02:55:36.880 W/Binder  ( 1625): 	at com.android.server.am.ActivityManagerService.onTransact(ActivityManagerService.java:2935)
12-14 02:55:36.880 W/Binder  ( 1625): 	at android.os.Binder.execTransact(Binder.java:674)
12-14 02:55:36.883 I/AssistStructure( 4550): Flattened final assist data: 10960 bytes, containing 1 windows, 49 views
12-14 02:55:36.888 E/memtrack( 1625): Couldn't load memtrack module
12-14 02:55:36.888 W/android.os.Debug( 1625): failed to get memory consumption info: -1
12-14 02:55:36.900 I/AssistStructure( 1625): Flattened final assist data: 9988 bytes, containing 1 windows, 49 views
12-14 02:55:36.903 W/lgq     ( 1937): Pending fill request while another request in the same session was triggered. [CONTEXT service_id=177 ]
12-14 02:55:37.085 E/SurfaceFlinger( 1408): ro.sf.lcd_density must be defined as a build property
12-14 02:55:37.093 D/gralloc_ranchu( 1395): gralloc_alloc: Creating ashmem region of size 8298496
12-14 02:55:37.100 D/        ( 4679): HostConnection::get() New Host Connection established 0xa572f800, tid 4679
