--------- beginning of main
12-14 02:28:25.699 E/adbd    ( 1383): failed to connect to socket 'tcp:7102': Connection refused
12-14 02:28:25.754 V/StatusBar( 1734): setLightsOn(true)
--------- beginning of system
12-14 02:28:25.760 W/ActivityManager( 1637): Finishing task with all activities already finished
12-14 02:28:25.760 W/ActivityManager( 1637): Duplicate finish request for ActivityRecord{835911d u0 com.evancharlton.mileage/.Mileage t44 f}
12-14 02:28:25.764 W/ActivityManager( 1637): Finishing task with all activities already finished
12-14 02:28:25.764 W/ActivityManager( 1637): Duplicate finish request for ActivityRecord{835911d u0 com.evancharlton.mileage/.Mileage t44 f}
12-14 02:28:25.765 W/ActivityManager( 1637): Finishing task with all activities already finished
12-14 02:28:25.765 W/ActivityManager( 1637): Duplicate finish request for ActivityRecord{835911d u0 com.evancharlton.mileage/.Mileage t44 f}
12-14 02:28:25.765 W/ActivityManager( 1637): Finishing task with all activities already finished
12-14 02:28:25.765 W/ActivityManager( 1637): Duplicate finish request for ActivityRecord{835911d u0 com.evancharlton.mileage/.Mileage t44 f}
12-14 02:28:25.765 W/ActivityManager( 1637): Finishing task with all activities already finished
12-14 02:28:25.765 W/ActivityManager( 1637): Duplicate finish request for ActivityRecord{835911d u0 com.evancharlton.mileage/.Mileage t44 f}
12-14 02:28:25.765 W/ActivityManager( 1637): Finishing task with all activities already finished
12-14 02:28:25.765 W/ActivityManager( 1637): Duplicate finish request for ActivityRecord{835911d u0 com.evancharlton.mileage/.Mileage t44 f}
12-14 02:28:25.765 W/ActivityManager( 1637): Finishing task with all activities already finished
12-14 02:28:25.765 W/ActivityManager( 1637): Duplicate finish request for ActivityRecord{835911d u0 com.evancharlton.mileage/.Mileage t44 f}
12-14 02:28:25.765 W/ActivityManager( 1637): Finishing task with all activities already finished
12-14 02:28:25.766 W/ActivityManager( 1637): Duplicate finish request for ActivityRecord{835911d u0 com.evancharlton.mileage/.Mileage t44 f}
12-14 02:28:25.766 W/ActivityManager( 1637): Finishing task with all activities already finished
12-14 02:28:25.766 W/ActivityManager( 1637): Duplicate finish request for ActivityRecord{835911d u0 com.evancharlton.mileage/.Mileage t44 f}
12-14 02:28:25.766 W/ActivityManager( 1637): Finishing task with all activities already finished
12-14 02:28:25.766 W/ActivityManager( 1637): Duplicate finish request for ActivityRecord{835911d u0 com.evancharlton.mileage/.Mileage t44 f}
12-14 02:28:25.766 W/ActivityManager( 1637): Finishing task with all activities already finished
12-14 02:28:25.766 W/ActivityManager( 1637): Duplicate finish request for ActivityRecord{835911d u0 com.evancharlton.mileage/.Mileage t44 f}
12-14 02:28:25.772 I/chatty  ( 1734): uid=10028(u0_a28) com.android.systemui identical 3 lines
12-14 02:28:25.773 V/StatusBar( 1734): setLightsOn(true)
12-14 02:28:25.777 D/gralloc_ranchu( 1396): gralloc_alloc: Creating ashmem region of size 8298496
12-14 02:28:25.796 I/chatty  ( 1396): uid=1000(system) allocator@2.0-s identical 1 line
12-14 02:28:25.839 D/gralloc_ranchu( 1396): gralloc_alloc: Creating ashmem region of size 8298496
12-14 02:28:25.841 D/SurfaceFlinger( 1405): duplicate layer name: changing com.google.android.apps.nexuslauncher/com.google.android.apps.nexuslauncher.NexusLauncherActivity to com.google.android.apps.nexuslauncher/com.google.android.apps.nexuslauncher.NexusLauncherActivity#1
12-14 02:28:25.857 D/gralloc_ranchu( 1396): gralloc_alloc: Creating ashmem region of size 8298496
12-14 02:28:25.871 D/EGL_emulation( 1734): eglMakeCurrent: 0xa1e71220: ver 3 0 (tinfo 0xa1e65c10)
12-14 02:28:25.902 W/audio_hw_generic( 1390): Not supplying enough data to HAL, expected position 838300 , only wrote 596880
12-14 02:28:25.954 D/gralloc_ranchu( 1396): gralloc_alloc: Creating ashmem region of size 8298496
12-14 02:28:26.021 I/chatty  ( 1396): uid=1000(system) allocator@2.0-s identical 1 line
12-14 02:28:26.103 D/gralloc_ranchu( 1396): gralloc_alloc: Creating ashmem region of size 8298496
12-14 02:28:26.143 I/Finsky  ( 2498): [115] nmi.run(36): Stats for Executor: BlockingExecutor non@ed13d6c[Running, pool size = 2, active threads = 0, queued tasks = 0, completed tasks = 19]
12-14 02:28:26.146 I/Finsky  ( 2498): [115] nmi.run(36): Stats for Executor: LightweightExecutor non@d563f35[Running, pool size = 2, active threads = 0, queued tasks = 0, completed tasks = 71]
12-14 02:28:26.189 D/EGL_emulation( 2190): eglMakeCurrent: 0xa21fdec0: ver 3 0 (tinfo 0xa21ffef0)
12-14 02:28:26.213 D/EGL_emulation( 2234): eglMakeCurrent: 0xa21fdc20: ver 3 0 (tinfo 0xa21ff990)
12-14 02:28:26.219 D/gralloc_ranchu( 1396): gralloc_alloc: Creating ashmem region of size 8298496
12-14 02:28:26.290 D/EGL_emulation( 2190): eglMakeCurrent: 0xa21fdec0: ver 3 0 (tinfo 0xa21ffef0)
12-14 02:28:26.303 D/gralloc_ranchu( 1396): gralloc_alloc: Creating ashmem region of size 8298496
12-14 02:28:26.361 D/gralloc_ranchu( 1396): gralloc_alloc: Creating ashmem region of size 7753728
12-14 02:28:26.362 W/SessionLifecycleManager( 2234): Handover failed. Creating new session controller.
12-14 02:28:26.368 W/ActivityManager( 1637): Unable to start service Intent { act=com.google.android.gms.speech.service.START pkg=com.google.android.gms } U=0: not found
12-14 02:28:26.372 I/OptInState( 2234): There is a new client and it does not support opt-in. Dropping request.
12-14 02:28:26.376 D/EGL_emulation( 2190): eglMakeCurrent: 0xa21fdec0: ver 3 0 (tinfo 0xa21ffef0)
12-14 02:28:26.396 W/ActivityManager( 1637): Unbind failed: could not find connection for android.os.BinderProxy@87ebf0d
12-14 02:28:26.405 E/GmsClient( 2234): unable to connect to service: com.google.android.gms.speech.service.START on com.google.android.gms
12-14 02:28:26.424 D/gralloc_ranchu( 1396): gralloc_alloc: Creating ashmem region of size 8298496
12-14 02:28:26.442 I/MicroDetectionWorker( 2234): #updateMicroDetector [detectionMode: [mDetectionMode: [1]]]
12-14 02:28:26.443 I/MicroDetectionWorker( 2234): #startMicroDetector [speakerMode: 0]
12-14 02:28:26.444 I/AudioController( 2234): Using mInputStreamFactoryBuilder
12-14 02:28:26.464 I/MicroRecognitionRunner( 2234): Starting detection.
12-14 02:28:26.483 I/MicrophoneInputStream( 2234): mic_starting com.google.android.apps.gsa.staticplugins.aa.c@8baa31
12-14 02:28:26.495 I/MicrophoneInputStream( 2234): mic_started com.google.android.apps.gsa.staticplugins.aa.c@8baa31
12-14 02:28:26.497 E/ActivityThread( 2234): Failed to find provider info for com.google.android.apps.gsa.testing.ui.audio.recorded
12-14 02:28:26.500 W/SpeechLevelGenerator( 2234): Really low audio levels detected. The audio input may have issues.
12-14 02:28:26.501 I/MicrophoneInputStream( 2234): mic_close com.google.android.apps.gsa.staticplugins.aa.c@8baa31
12-14 02:28:26.504 I/MicroRecognitionRunner( 2234): Detection finished
12-14 02:28:26.504 W/ErrorReporter( 2234): reportError [type: 211, code: 524300]: Error reading from input stream
12-14 02:28:26.504 I/AudioFlinger( 1475): AudioFlinger's thread 0xb2083a00 tid=4462 ready to run
12-14 02:28:26.511 I/MicroRecognitionRunner( 2234): Stopping hotword detection.
12-14 02:28:26.514 I/MicroDetectionWorker( 2234): onReady
12-14 02:28:26.515 I/MicroDetectionWorker( 2234): onReady
12-14 02:28:26.517 W/ErrorProcessor( 2234): onFatalError, processing error from engine(4)
12-14 02:28:26.517 W/ErrorProcessor( 2234): com.google.android.apps.gsa.shared.speech.b.g: Error reading from input stream
12-14 02:28:26.517 W/ErrorProcessor( 2234): 	at com.google.android.apps.gsa.staticplugins.recognizer.j.a.a(SourceFile:28)
12-14 02:28:26.517 W/ErrorProcessor( 2234): 	at com.google.android.apps.gsa.staticplugins.recognizer.j.b.run(SourceFile:15)
12-14 02:28:26.517 W/ErrorProcessor( 2234): 	at java.util.concurrent.Executors$RunnableAdapter.call(Executors.java:457)
12-14 02:28:26.517 W/ErrorProcessor( 2234): 	at java.util.concurrent.FutureTask.run(FutureTask.java:266)
12-14 02:28:26.517 W/ErrorProcessor( 2234): 	at com.google.android.apps.gsa.shared.util.concurrent.a.ax.run(SourceFile:14)
12-14 02:28:26.517 W/ErrorProcessor( 2234): 	at com.google.android.apps.gsa.shared.util.concurrent.a.bl.run(SourceFile:4)
12-14 02:28:26.517 W/ErrorProcessor( 2234): 	at com.google.android.apps.gsa.shared.util.concurrent.a.bl.run(SourceFile:4)
12-14 02:28:26.517 W/ErrorProcessor( 2234): 	at java.util.concurrent.ThreadPoolExecutor.runWorker(ThreadPoolExecutor.java:1162)
12-14 02:28:26.517 W/ErrorProcessor( 2234): 	at java.util.concurrent.ThreadPoolExecutor$Worker.run(ThreadPoolExecutor.java:636)
12-14 02:28:26.517 W/ErrorProcessor( 2234): 	at java.lang.Thread.run(Thread.java:764)
12-14 02:28:26.517 W/ErrorProcessor( 2234): 	at com.google.android.apps.gsa.shared.util.concurrent.a.ai.run(SourceFile:6)
12-14 02:28:26.517 W/ErrorProcessor( 2234): Caused by: com.google.android.apps.gsa.shared.exception.GsaIOException: Error code: 393238 | Buffer overflow, no available space.
12-14 02:28:26.517 W/ErrorProcessor( 2234): 	at com.google.android.apps.gsa.speech.audio.Tee.f(SourceFile:103)
12-14 02:28:26.517 W/ErrorProcessor( 2234): 	at com.google.android.apps.gsa.speech.audio.au.read(SourceFile:2)
12-14 02:28:26.517 W/ErrorProcessor( 2234): 	at java.io.InputStream.read(InputStream.java:101)
12-14 02:28:26.517 W/ErrorProcessor( 2234): 	at com.google.android.apps.gsa.speech.audio.ao.run(SourceFile:18)
12-14 02:28:26.517 W/ErrorProcessor( 2234): 	at com.google.android.apps.gsa.speech.audio.an.run(SourceFile:2)
12-14 02:28:26.517 W/ErrorProcessor( 2234): 	... 9 more
12-14 02:28:26.524 D/EGL_emulation( 1734): eglMakeCurrent: 0xa1e71220: ver 3 0 (tinfo 0xa1e65c10)
12-14 02:28:26.528 I/AudioController( 2234): internalShutdown
12-14 02:28:26.538 I/MicroDetector( 2234): Keeping mic open: false
12-14 02:28:26.539 I/MicroDetectionWorker( 2234): #onError(false)
12-14 02:28:26.539 I/DeviceStateChecker( 2234): DeviceStateChecker cancelled
12-14 02:28:26.560 D/EGL_emulation( 1734): eglMakeCurrent: 0xa1e71220: ver 3 0 (tinfo 0xa1e65c10)
12-14 02:28:26.568 I/zygote  ( 2234): Background concurrent copying GC freed 7180(522KB) AllocSpace objects, 7(188KB) LOS objects, 49% free, 4MB/8MB, paused 12.874ms total 102.851ms
12-14 02:28:26.588 D/EGL_emulation( 1734): eglMakeCurrent: 0xa1e71220: ver 3 0 (tinfo 0xa1e65c10)
12-14 02:28:26.614 D/EGL_emulation( 1734): eglMakeCurrent: 0xa1e71220: ver 3 0 (tinfo 0xa1e65c10)
12-14 02:28:26.626 W/OpenGLRenderer( 2190): Incorrectly called buildLayer on View: ShortcutAndWidgetContainer, destroying layer...
12-14 02:28:26.630 D/EGL_emulation( 1734): eglMakeCurrent: 0xa1e71220: ver 3 0 (tinfo 0xa1e65c10)
12-14 02:28:26.632 D/gralloc_ranchu( 1396): gralloc_alloc: Creating ashmem region of size 8298496
12-14 02:28:26.642 I/zygote  ( 2234): Do full code cache collection, code=501KB, data=358KB
12-14 02:28:26.642 I/zygote  ( 2234): After code cache collection, code=495KB, data=316KB
12-14 02:28:26.656 I/zygote  ( 1734): NativeAllocBackground concurrent copying GC freed 11137(740KB) AllocSpace objects, 0(0B) LOS objects, 49% free, 4MB/9MB, paused 9.291ms total 84.781ms
12-14 02:28:26.744 E/hw-IPCThreadState( 1396): binder thread pool (1 threads) starved for 112 ms
12-14 02:28:26.752 D/EGL_emulation( 1734): eglMakeCurrent: 0xa1e71220: ver 3 0 (tinfo 0xa1e65c10)
12-14 02:28:26.781 I/chatty  ( 1734): uid=10028(u0_a28) RenderThread identical 2 lines
12-14 02:28:26.790 D/EGL_emulation( 1734): eglMakeCurrent: 0xa1e71220: ver 3 0 (tinfo 0xa1e65c10)
12-14 02:28:26.834 D/AndroidRuntime( 4457): >>>>>> START com.android.internal.os.RuntimeInit uid 2000 <<<<<<
12-14 02:28:26.835 I/Finsky  ( 2498): [115] nmi.run(36): Stats for Executor: bgExecutor non@cf93fca[Running, pool size = 4, active threads = 0, queued tasks = 0, completed tasks = 80]
12-14 02:28:26.890 W/app_process( 4457): Unexpected CPU variant for X86 using defaults: x86
12-14 02:28:26.914 D/AndroidRuntime( 4457): Calling main entry com.android.commands.am.Am
12-14 02:28:26.916 I/ActivityManager( 1637): Force stopping com.evancharlton.mileage appid=10350 user=0: start instr
12-14 02:28:26.916 I/ActivityManager( 1637): Killing 4366:com.evancharlton.mileage/u0a350 (adj 0): stop com.evancharlton.mileage
12-14 02:28:26.917 W/ActivityManager( 1637): Crash of app com.evancharlton.mileage running instrumentation ComponentInfo{com.evancharlton.mileage.test/sh.calaba.instrumentationbackend.CalabashInstrumentationTestRunner}
12-14 02:28:26.917 I/ActivityManager( 1637): Force stopping com.evancharlton.mileage appid=10350 user=0: finished inst
12-14 02:28:26.934 I/zygote  ( 4471): Not late-enabling -Xcheck:jni (already on)
12-14 02:28:26.941 I/ActivityManager( 1637): Start proc 4471:com.evancharlton.mileage/u0a350 for added application com.evancharlton.mileage
12-14 02:28:26.946 D/AndroidRuntime( 4457): Shutting down VM
12-14 02:28:26.955 I/OpenGLRenderer( 1637): Initialized EGL, version 1.4
12-14 02:28:26.955 D/OpenGLRenderer( 1637): Swap behavior 1
12-14 02:28:26.955 W/OpenGLRenderer( 1637): Failed to choose config with EGL_SWAP_BEHAVIOR_PRESERVED, retrying without...
12-14 02:28:26.955 D/OpenGLRenderer( 1637): Swap behavior 0
12-14 02:28:26.962 W/ActivityManager( 1637): setHasOverlayUi called on unknown pid: 4366
12-14 02:28:26.964 D/EGL_emulation( 1637): eglCreateContext: 0x8d0a0300: maj 3 min 0 rcv 3
12-14 02:28:26.966 D/EGL_emulation( 1637): eglMakeCurrent: 0x8d0a0300: ver 3 0 (tinfo 0x8e27b700)
12-14 02:28:26.967 E/eglCodecCommon( 1637): glUtilsParamSize: unknow param 0x00008cdf
12-14 02:28:26.967 E/eglCodecCommon( 1637): glUtilsParamSize: unknow param 0x00008cdf
12-14 02:28:26.968 E/eglCodecCommon( 1637): glUtilsParamSize: unknow param 0x00008824
12-14 02:28:26.968 E/eglCodecCommon( 1637): glUtilsParamSize: unknow param 0x00008824
12-14 02:28:26.978 W/zygote  ( 4471): Unexpected CPU variant for X86 using defaults: x86
12-14 02:28:26.992 E/adbd    ( 1383): failed to connect to socket 'tcp:7102': Connection refused
12-14 02:28:26.996 E/adbd    ( 1383): failed to connect to socket 'tcp:7102': Connection refused
12-14 02:28:27.011 W/zygote  ( 4471): Found duplicate classes, falling back to extracting from APK : /data/app/com.evancharlton.mileage.test-ontPZhJiZ2Zt4nA3CE0ZGw==/base.apk
12-14 02:28:27.011 W/zygote  ( 4471): NOTE: This wastes RAM and hurts startup performance.
12-14 02:28:27.011 W/zygote  ( 4471): Found duplicated class when checking oat files: 'Ljunit/runner/BaseTestRunner;' in /data/app/com.evancharlton.mileage.test-ontPZhJiZ2Zt4nA3CE0ZGw==/base.apk and /system/framework/android.test.runner.jar
12-14 02:28:27.011 W/zygote  ( 4471): 
12-14 02:28:27.026 E/wificond( 1486): Received error messsage: Network is down
12-14 02:28:27.026 E/wificond( 1486): NL80211_CMD_TRIGGER_SCAN failed
12-14 02:28:27.026 E/WificondScannerImpl( 1637): Failed to start scan, freqs=null
12-14 02:28:27.066 W/System  ( 4471): ClassLoader referenced unknown path: 
12-14 02:28:27.078 I/System.out( 4471): Main activity name automatically set to: com.evancharlton.mileage.Mileage
12-14 02:28:27.079 I/System.out( 4471): Calabash did not load Mono. This is only a problem if you are trying to test a Mono application
12-14 02:28:27.079 I/calabash( 4471): Test server port: 7102
12-14 02:28:27.080 I/InstrumentationBackend( 4471): Added:'GetPreferences', with key:'get_preferences'
12-14 02:28:27.114 E/adbd    ( 1383): failed to connect to socket 'tcp:7102': Connection refused
12-14 02:28:27.117 E/adbd    ( 1383): failed to connect to socket 'tcp:7102': Connection refused
12-14 02:28:27.141 I/InstrumentationBackend( 4471): Added:'SetPreferences', with key:'set_preferences'
12-14 02:28:27.141 I/InstrumentationBackend( 4471): Added:'ClearPreferences', with key:'clear_preferences'
12-14 02:28:27.141 I/InstrumentationBackend( 4471): Added:'PressElement', with key:'press_l10n_element'
12-14 02:28:27.141 I/InstrumentationBackend( 4471): Added:'WaitForElement', with key:'wait_for_l10n_element'
12-14 02:28:27.142 I/InstrumentationBackend( 4471): Added:'NullAction', with key:'nullAction'
12-14 02:28:27.142 I/InstrumentationBackend( 4471): Added:'PressKey', with key:'press_key'
12-14 02:28:27.143 I/InstrumentationBackend( 4471): Added:'SetActivityOrientation', with key:'set_activity_orientation'
12-14 02:28:27.143 I/InstrumentationBackend( 4471): Added:'GetActivityOrientation', with key:'get_activity_orientation'
12-14 02:28:27.144 I/InstrumentationBackend( 4471): Added:'FakeGPSLocation', with key:'set_gps_coordinates'
12-14 02:28:27.145 I/InstrumentationBackend( 4471): Added:'SetPropertyByCssSelector', with key:'set_property_by_css_selector'
12-14 02:28:27.146 I/InstrumentationBackend( 4471): Added:'GetUrl', with key:'get_url'
12-14 02:28:27.148 I/InstrumentationBackend( 4471): Added:'ScrollTo', with key:'scroll_to'
12-14 02:28:27.148 I/InstrumentationBackend( 4471): Added:'GetLoadProgress', with key:'get_load_progress'
12-14 02:28:27.149 I/InstrumentationBackend( 4471): Added:'DumpHtml', with key:'dump_html'
12-14 02:28:27.149 I/InstrumentationBackend( 4471): Added:'DumpBodyHtml', with key:'dump_body_html'
12-14 02:28:27.149 I/InstrumentationBackend( 4471): Added:'EnterTextByCssSelector', with key:'enter_text_by_selector'
12-14 02:28:27.153 I/InstrumentationBackend( 4471): Added:'AndroidSDKVersion', with key:'android_sdk_version'
12-14 02:28:27.153 I/InstrumentationBackend( 4471): Added:'Version', with key:'version'
12-14 02:28:27.154 I/InstrumentationBackend( 4471): Added:'Drag', with key:'drag'
12-14 02:28:27.154 I/InstrumentationBackend( 4471): Added:'TouchCoordinates', with key:'touch_coordinate'
12-14 02:28:27.154 I/InstrumentationBackend( 4471): Added:'LongPressCoordinate', with key:'long_press_coordinate'
12-14 02:28:27.154 I/InstrumentationBackend( 4471): Added:'DragCoordinates', with key:'drag_coordinates'
12-14 02:28:27.155 I/InstrumentationBackend( 4471): Added:'ResumeApplication', with key:'resume_application'
12-14 02:28:27.155 I/InstrumentationBackend( 4471): Added:'Swipe', with key:'swipe'
12-14 02:28:27.155 I/InstrumentationBackend( 4471): Added:'DoubleTapCoordinate', with key:'double_tap_coordinate'
12-14 02:28:27.156 I/InstrumentationBackend( 4471): Added:'ClickOnScreen', with key:'click_on_screen'
12-14 02:28:27.156 I/InstrumentationBackend( 4471): Added:'GetActivityName', with key:'get_activity_name'
12-14 02:28:27.157 I/InstrumentationBackend( 4471): Added:'ScrollToView', with key:'scroll_to_view'
12-14 02:28:27.157 I/InstrumentationBackend( 4471): Added:'ViewConfiguration', with key:'view_configuration'
12-14 02:28:27.158 I/InstrumentationBackend( 4471): Added:'IsCurrentActivityFocused', with key:'is_current_activity_focused'
12-14 02:28:27.158 I/InstrumentationBackend( 4471): Added:'SendTcp', with key:'send_tcp'
12-14 02:28:27.158 I/InstrumentationBackend( 4471): Added:'DpToDevicePixel', with key:'dp_to_device_pixel'
12-14 02:28:27.159 I/InstrumentationBackend( 4471): Added:'KeyboardEnterText', with key:'keyboard_enter_text'
12-14 02:28:27.160 I/InstrumentationBackend( 4471): Added:'DeleteSurroundingText', with key:'delete_surrounding_text'
12-14 02:28:27.161 I/InstrumentationBackend( 4471): Added:'SetComposingRegion', with key:'set_composing_region'
12-14 02:28:27.161 I/InstrumentationBackend( 4471): Added:'SetSelection', with key:'set_selection'
12-14 02:28:27.162 I/InstrumentationBackend( 4471): Added:'KeyboardKeyEvent', with key:'keyboard_key_event'
12-14 02:28:27.162 I/InstrumentationBackend( 4471): Added:'PressUserActionButton', with key:'press_user_action_button'
12-14 02:28:27.163 I/InstrumentationBackend( 4471): Added:'HideSoftKeyboard', with key:'hide_soft_keyboard'
12-14 02:28:27.164 I/InstrumentationBackend( 4471): Added:'ListActions', with key:'list_actions'
12-14 02:28:27.164 I/calabash( 4471): Instantiating http server at 7102
12-14 02:28:27.165 I/System.out( 4471): HTTP Daemon listening on: 7102
12-14 02:28:27.239 I/System.out( 4471): URI: //ping
12-14 02:28:27.239 I/System.out( 4471): params: {json={}
12-14 02:28:27.239 I/System.out( 4471): }
12-14 02:28:27.255 I/System.out( 4471): URI: //ping
12-14 02:28:27.255 I/System.out( 4471): params: {json={}
12-14 02:28:27.255 I/System.out( 4471): }
12-14 02:28:27.265 I/System.out( 4471): URI: //ready
12-14 02:28:27.265 I/System.out( 4471): params: {json={}
12-14 02:28:27.265 I/System.out( 4471): }
12-14 02:28:27.273 I/System.out( 4471): URI: //
12-14 02:28:27.273 I/System.out( 4471): params: {json={"command":"version","arguments":[]}
12-14 02:28:27.273 I/System.out( 4471): }
12-14 02:28:27.273 I/System.out( 4471): header: {content-type=application/json;charset=utf-8, date=Mon, 14 Dec 2020 07:28:27 GMT, accept=*/*, host=127.0.0.1:34777, content-length=36, user-agent=HTTPClient/1.0 (2.8.3, ruby 2.5.8 (2020-03-31))}
12-14 02:28:27.274 I/System.out( 4471): params: {json={"command":"version","arguments":[]}
12-14 02:28:27.274 I/System.out( 4471): }
12-14 02:28:27.275 I/System.out( 4471): ProP json = {"command":"version","arguments":[]}
12-14 02:28:27.275 I/System.out( 4471): files: {}
12-14 02:28:27.275 I/System.out( 4471): command: {"command":"version","arguments":[]}
12-14 02:28:27.306 I/InstrumentationBackend( 4471): Got command:'Command:'Line:null,version', arguments:'[]'
12-14 02:28:27.340 I/System.out( 4471): result:{"bonusInformation":[],"message":"0.9.8","success":true}
12-14 02:28:27.347 I/System.out( 4471): URI: //start-application
12-14 02:28:27.347 I/System.out( 4471): params: {json={"intent":null}
12-14 02:28:27.347 I/System.out( 4471): }
12-14 02:28:27.386 I/ActivityManager( 1637): START u0 {act=android.intent.action.MAIN cat=[android.intent.category.LAUNCHER] flg=0x10200000 cmp=com.evancharlton.mileage/.Mileage} from uid 10350
12-14 02:28:27.406 I/calabash( 4471): newActivity1
12-14 02:28:27.421 D/gralloc_ranchu( 1396): gralloc_alloc: Creating ashmem region of size 7753728
12-14 02:28:27.440 W/ActivityManager( 1637): Bad activity token: android.os.BinderProxy@f2a857d
12-14 02:28:27.440 W/ActivityManager( 1637): java.lang.ClassCastException: android.os.BinderProxy cannot be cast to com.android.server.am.ActivityRecord$Token
12-14 02:28:27.440 W/ActivityManager( 1637): 	at com.android.server.am.ActivityRecord.forTokenLocked(ActivityRecord.java:778)
12-14 02:28:27.440 W/ActivityManager( 1637): 	at com.android.server.am.ActivityRecord.isInStackLocked(ActivityRecord.java:2085)
12-14 02:28:27.440 W/ActivityManager( 1637): 	at com.android.server.am.ActivityRecord.getStackLocked(ActivityRecord.java:2090)
12-14 02:28:27.440 W/ActivityManager( 1637): 	at com.android.server.am.ActivityManagerService.getActivityDisplayId(ActivityManagerService.java:10406)
12-14 02:28:27.440 W/ActivityManager( 1637): 	at android.app.IActivityManager$Stub.onTransact(IActivityManager.java:2738)
12-14 02:28:27.440 W/ActivityManager( 1637): 	at com.android.server.am.ActivityManagerService.onTransact(ActivityManagerService.java:2935)
12-14 02:28:27.440 W/ActivityManager( 1637): 	at android.os.Binder.execTransact(Binder.java:674)
12-14 02:28:27.440 I/calabash( 4471): newActivity1
12-14 02:28:27.447 W/ActivityManager( 1637): Bad activity token: android.os.BinderProxy@f2a857d
12-14 02:28:27.447 W/ActivityManager( 1637): java.lang.ClassCastException: android.os.BinderProxy cannot be cast to com.android.server.am.ActivityRecord$Token
12-14 02:28:27.447 W/ActivityManager( 1637): 	at com.android.server.am.ActivityRecord.forTokenLocked(ActivityRecord.java:778)
12-14 02:28:27.447 W/ActivityManager( 1637): 	at com.android.server.am.ActivityRecord.isInStackLocked(ActivityRecord.java:2085)
12-14 02:28:27.447 W/ActivityManager( 1637): 	at com.android.server.am.ActivityManagerService.setTaskDescription(ActivityManagerService.java:9988)
12-14 02:28:27.447 W/ActivityManager( 1637): 	at android.app.IActivityManager$Stub.onTransact(IActivityManager.java:2824)
12-14 02:28:27.447 W/ActivityManager( 1637): 	at com.android.server.am.ActivityManagerService.onTransact(ActivityManagerService.java:2935)
12-14 02:28:27.447 W/ActivityManager( 1637): 	at android.os.Binder.execTransact(Binder.java:674)
12-14 02:28:27.453 W/ActivityManager( 1637): Bad activity token: android.os.BinderProxy@f2a857d
12-14 02:28:27.453 W/ActivityManager( 1637): java.lang.ClassCastException: android.os.BinderProxy cannot be cast to com.android.server.am.ActivityRecord$Token
12-14 02:28:27.453 W/ActivityManager( 1637): 	at com.android.server.am.ActivityRecord.forTokenLocked(ActivityRecord.java:778)
12-14 02:28:27.453 W/ActivityManager( 1637): 	at com.android.server.am.ActivityRecord.isInStackLocked(ActivityRecord.java:2085)
12-14 02:28:27.453 W/ActivityManager( 1637): 	at com.android.server.am.ActivityRecord.getStackLocked(ActivityRecord.java:2090)
12-14 02:28:27.453 W/ActivityManager( 1637): 	at com.android.server.am.ActivityManagerService.getActivityStackId(ActivityManagerService.java:10417)
12-14 02:28:27.453 W/ActivityManager( 1637): 	at android.app.IActivityManager$Stub.onTransact(IActivityManager.java:3548)
12-14 02:28:27.453 W/ActivityManager( 1637): 	at com.android.server.am.ActivityManagerService.onTransact(ActivityManagerService.java:2935)
12-14 02:28:27.453 W/ActivityManager( 1637): 	at android.os.Binder.execTransact(Binder.java:674)
12-14 02:28:27.472 D/EGL_emulation( 2234): eglMakeCurrent: 0xa21fdc20: ver 3 0 (tinfo 0xa21ff990)
12-14 02:28:27.475 D/EGL_emulation( 2190): eglMakeCurrent: 0xa21fdec0: ver 3 0 (tinfo 0xa21ffef0)
12-14 02:28:27.476 V/StatusBar( 1734): setLightsOn(true)
12-14 02:28:27.496 D/EGL_emulation( 1734): eglMakeCurrent: 0xa1e71220: ver 3 0 (tinfo 0xa1e65c10)
12-14 02:28:27.508 I/chatty  ( 1734): uid=10028(u0_a28) RenderThread identical 1 line
12-14 02:28:27.519 D/EGL_emulation( 1734): eglMakeCurrent: 0xa1e71220: ver 3 0 (tinfo 0xa1e65c10)
12-14 02:28:27.520 E/ContentStoreEUAS( 2234): Failed to commit the deferred actions
12-14 02:28:27.527 V/StatusBar( 1734): setLightsOn(true)
12-14 02:28:27.531 D/EGL_emulation( 1734): eglMakeCurrent: 0xa1e71220: ver 3 0 (tinfo 0xa1e65c10)
12-14 02:28:27.596 W/ActivityManager( 1637): Bad activity token: android.os.BinderProxy@f2a857d
12-14 02:28:27.596 W/ActivityManager( 1637): java.lang.ClassCastException: android.os.BinderProxy cannot be cast to com.android.server.am.ActivityRecord$Token
12-14 02:28:27.596 W/ActivityManager( 1637): 	at com.android.server.am.ActivityRecord.forTokenLocked(ActivityRecord.java:778)
12-14 02:28:27.596 W/ActivityManager( 1637): 	at com.android.server.am.ActivityRecord.isInStackLocked(ActivityRecord.java:2085)
12-14 02:28:27.596 W/ActivityManager( 1637): 	at com.android.server.am.ActivityManagerService.getActivityOptions(ActivityManagerService.java:13302)
12-14 02:28:27.596 W/ActivityManager( 1637): 	at android.app.IActivityManager$Stub.onTransact(IActivityManager.java:2910)
12-14 02:28:27.596 W/ActivityManager( 1637): 	at com.android.server.am.ActivityManagerService.onTransact(ActivityManagerService.java:2935)
12-14 02:28:27.596 W/ActivityManager( 1637): 	at android.os.Binder.execTransact(Binder.java:674)
12-14 02:28:27.598 W/ActivityManager( 1637): Bad activity token: android.os.BinderProxy@f2a857d
12-14 02:28:27.598 W/ActivityManager( 1637): java.lang.ClassCastException: android.os.BinderProxy cannot be cast to com.android.server.am.ActivityRecord$Token
12-14 02:28:27.598 W/ActivityManager( 1637): 	at com.android.server.am.ActivityRecord.forTokenLocked(ActivityRecord.java:778)
12-14 02:28:27.598 W/ActivityManager( 1637): 	at com.android.server.am.ActivityRecord.isInStackLocked(ActivityRecord.java:2085)
12-14 02:28:27.598 W/ActivityManager( 1637): 	at com.android.server.am.ActivityManagerService.getActivityOptions(ActivityManagerService.java:13302)
12-14 02:28:27.598 W/ActivityManager( 1637): 	at android.app.IActivityManager$Stub.onTransact(IActivityManager.java:2910)
12-14 02:28:27.598 W/ActivityManager( 1637): 	at com.android.server.am.ActivityManagerService.onTransact(ActivityManagerService.java:2935)
12-14 02:28:27.598 W/ActivityManager( 1637): 	at android.os.Binder.execTransact(Binder.java:674)
12-14 02:28:27.680 I/chatty  ( 1734): uid=10028(u0_a28) RenderThread identical 18 lines
12-14 02:28:27.683 D/EGL_emulation( 1734): eglMakeCurrent: 0xa1e71220: ver 3 0 (tinfo 0xa1e65c10)
12-14 02:28:27.686 V/StatusBar( 1734): setLightsOn(true)
12-14 02:28:27.696 D/EGL_emulation( 1734): eglMakeCurrent: 0xa1e71220: ver 3 0 (tinfo 0xa1e65c10)
12-14 02:28:27.748 V/StatusBar( 1734): setLightsOn(true)
12-14 02:28:27.751 V/StatusBar( 1734): setLightsOn(true)
12-14 02:28:27.784 D/gralloc_ranchu( 1396): gralloc_alloc: Creating ashmem region of size 7753728
12-14 02:28:27.791 I/zygote  ( 4471): Do partial code cache collection, code=28KB, data=30KB
12-14 02:28:27.791 I/zygote  ( 4471): After code cache collection, code=28KB, data=30KB
12-14 02:28:27.791 I/zygote  ( 4471): Increasing code cache capacity to 128KB
12-14 02:28:27.794 I/zygote  ( 4471): Do partial code cache collection, code=28KB, data=48KB
12-14 02:28:27.794 I/zygote  ( 4471): After code cache collection, code=28KB, data=48KB
12-14 02:28:27.794 I/zygote  ( 4471): Increasing code cache capacity to 256KB
12-14 02:28:27.795 I/zygote  ( 4471): JIT allocated 71KB for compiled code of void android.widget.TextView.<init>(android.content.Context, android.util.AttributeSet, int, int)
12-14 02:28:27.795 I/zygote  ( 4471): Compiler allocated 4MB to compile void android.widget.TextView.<init>(android.content.Context, android.util.AttributeSet, int, int)
12-14 02:28:27.808 D/        ( 4471): HostConnection::get() New Host Connection established 0xa1d2fd00, tid 4471
12-14 02:28:27.878 V/StatusBar( 1734): setLightsOn(true)
12-14 02:28:27.880 V/StatusBar( 1734): setLightsOn(true)
12-14 02:28:27.884 I/ActivityManager( 1637): Displayed com.evancharlton.mileage/.Mileage: +478ms
12-14 02:28:27.913 D/gralloc_ranchu( 1396): gralloc_alloc: Creating ashmem region of size 7753728
12-14 02:28:27.921 V/StatusBar( 1734): setLightsOn(true)
12-14 02:28:28.071 V/StatusBar( 1734): setLightsOn(true)
12-14 02:28:28.108 I/System.out( 4471): URI: //gesture
12-14 02:28:28.108 I/System.out( 4471): params: {json={"query_timeout":5.0,"gestures":[{"query_string":"android.widget.TabWidget descendant TextView index:1","touches":[{"x":50,"y":50,"offset_x":0,"offset_y":0,"wait":0.0,"time":0.2,"release":true,"query_string":null}]}]}
12-14 02:28:28.108 I/System.out( 4471): }
12-14 02:28:28.119 I/zygote  ( 4471): Do full code cache collection, code=124KB, data=72KB
12-14 02:28:28.120 I/zygote  ( 4471): After code cache collection, code=111KB, data=47KB
12-14 02:28:28.211 V/StatusBar( 1734): setLightsOn(true)
12-14 02:28:28.219 I/chatty  ( 1734): uid=10028(u0_a28) com.android.systemui identical 1 line
12-14 02:28:28.229 V/StatusBar( 1734): setLightsOn(true)
12-14 02:28:28.231 E/memtrack( 1637): Couldn't load memtrack module
12-14 02:28:28.231 W/android.os.Debug( 1637): failed to get memory consumption info: -1
12-14 02:28:28.253 W/SurfaceFlinger( 1405): couldn't log to binary event log: overflow.
12-14 02:28:28.341 I/PBSessionCacheImpl( 2234): Deleted sessionId[8949611284744] from persistence.
12-14 02:28:28.369 W/SearchService( 2234): Abort, client detached.
12-14 02:28:28.453 W/audio_hw_generic( 1390): Not supplying enough data to HAL, expected position 597041 , only wrote 596880
12-14 02:28:28.458 W/ActivityManager( 1637): Bad activity token: android.os.BinderProxy@16b1d0f
12-14 02:28:28.458 W/ActivityManager( 1637): java.lang.ClassCastException: android.os.BinderProxy cannot be cast to com.android.server.am.ActivityRecord$Token
12-14 02:28:28.458 W/ActivityManager( 1637): 	at com.android.server.am.ActivityRecord.forTokenLocked(ActivityRecord.java:778)
12-14 02:28:28.458 W/ActivityManager( 1637): 	at com.android.server.am.ActivityRecord.isInStackLocked(ActivityRecord.java:2085)
12-14 02:28:28.458 W/ActivityManager( 1637): 	at com.android.server.am.ActivityRecord.getStackLocked(ActivityRecord.java:2090)
12-14 02:28:28.458 W/ActivityManager( 1637): 	at com.android.server.am.ActivityManagerService.getActivityDisplayId(ActivityManagerService.java:10406)
12-14 02:28:28.458 W/ActivityManager( 1637): 	at android.app.IActivityManager$Stub.onTransact(IActivityManager.java:2738)
12-14 02:28:28.458 W/ActivityManager( 1637): 	at com.android.server.am.ActivityManagerService.onTransact(ActivityManagerService.java:2935)
12-14 02:28:28.458 W/ActivityManager( 1637): 	at android.os.Binder.execTransact(Binder.java:674)
12-14 02:28:28.461 I/calabash( 4471): newActivity1
12-14 02:28:28.467 W/ActivityManager( 1637): Bad activity token: android.os.BinderProxy@16b1d0f
12-14 02:28:28.467 W/ActivityManager( 1637): java.lang.ClassCastException: android.os.BinderProxy cannot be cast to com.android.server.am.ActivityRecord$Token
12-14 02:28:28.467 W/ActivityManager( 1637): 	at com.android.server.am.ActivityRecord.forTokenLocked(ActivityRecord.java:778)
12-14 02:28:28.467 W/ActivityManager( 1637): 	at com.android.server.am.ActivityRecord.isInStackLocked(ActivityRecord.java:2085)
12-14 02:28:28.467 W/ActivityManager( 1637): 	at com.android.server.am.ActivityManagerService.setTaskDescription(ActivityManagerService.java:9988)
12-14 02:28:28.467 W/ActivityManager( 1637): 	at android.app.IActivityManager$Stub.onTransact(IActivityManager.java:2824)
12-14 02:28:28.467 W/ActivityManager( 1637): 	at com.android.server.am.ActivityManagerService.onTransact(ActivityManagerService.java:2935)
12-14 02:28:28.467 W/ActivityManager( 1637): 	at android.os.Binder.execTransact(Binder.java:674)
12-14 02:28:28.468 W/ActivityManager( 1637): Bad activity token: android.os.BinderProxy@16b1d0f
12-14 02:28:28.468 W/ActivityManager( 1637): java.lang.ClassCastException: android.os.BinderProxy cannot be cast to com.android.server.am.ActivityRecord$Token
12-14 02:28:28.468 W/ActivityManager( 1637): 	at com.android.server.am.ActivityRecord.forTokenLocked(ActivityRecord.java:778)
12-14 02:28:28.468 W/ActivityManager( 1637): 	at com.android.server.am.ActivityRecord.isInStackLocked(ActivityRecord.java:2085)
12-14 02:28:28.468 W/ActivityManager( 1637): 	at com.android.server.am.ActivityRecord.getStackLocked(ActivityRecord.java:2090)
12-14 02:28:28.468 W/ActivityManager( 1637): 	at com.android.server.am.ActivityManagerService.getActivityStackId(ActivityManagerService.java:10417)
12-14 02:28:28.468 W/ActivityManager( 1637): 	at android.app.IActivityManager$Stub.onTransact(IActivityManager.java:3548)
12-14 02:28:28.468 W/ActivityManager( 1637): 	at com.android.server.am.ActivityManagerService.onTransact(ActivityManagerService.java:2935)
12-14 02:28:28.468 W/ActivityManager( 1637): 	at android.os.Binder.execTransact(Binder.java:674)
12-14 02:28:28.520 W/ActivityManager( 1637): Bad activity token: android.os.BinderProxy@16b1d0f
12-14 02:28:28.520 W/ActivityManager( 1637): java.lang.ClassCastException: android.os.BinderProxy cannot be cast to com.android.server.am.ActivityRecord$Token
12-14 02:28:28.520 W/ActivityManager( 1637): 	at com.android.server.am.ActivityRecord.forTokenLocked(ActivityRecord.java:778)
12-14 02:28:28.520 W/ActivityManager( 1637): 	at com.android.server.am.ActivityRecord.isInStackLocked(ActivityRecord.java:2085)
12-14 02:28:28.520 W/ActivityManager( 1637): 	at com.android.server.am.ActivityManagerService.getActivityOptions(ActivityManagerService.java:13302)
12-14 02:28:28.520 W/ActivityManager( 1637): 	at android.app.IActivityManager$Stub.onTransact(IActivityManager.java:2910)
12-14 02:28:28.520 W/ActivityManager( 1637): 	at com.android.server.am.ActivityManagerService.onTransact(ActivityManagerService.java:2935)
12-14 02:28:28.520 W/ActivityManager( 1637): 	at android.os.Binder.execTransact(Binder.java:674)
12-14 02:28:28.521 W/ActivityManager( 1637): Bad activity token: android.os.BinderProxy@16b1d0f
12-14 02:28:28.521 W/ActivityManager( 1637): java.lang.ClassCastException: android.os.BinderProxy cannot be cast to com.android.server.am.ActivityRecord$Token
12-14 02:28:28.521 W/ActivityManager( 1637): 	at com.android.server.am.ActivityRecord.forTokenLocked(ActivityRecord.java:778)
12-14 02:28:28.521 W/ActivityManager( 1637): 	at com.android.server.am.ActivityRecord.isInStackLocked(ActivityRecord.java:2085)
12-14 02:28:28.521 W/ActivityManager( 1637): 	at com.android.server.am.ActivityManagerService.getActivityOptions(ActivityManagerService.java:13302)
12-14 02:28:28.521 W/ActivityManager( 1637): 	at android.app.IActivityManager$Stub.onTransact(IActivityManager.java:2910)
12-14 02:28:28.521 W/ActivityManager( 1637): 	at com.android.server.am.ActivityManagerService.onTransact(ActivityManagerService.java:2935)
12-14 02:28:28.521 W/ActivityManager( 1637): 	at android.os.Binder.execTransact(Binder.java:674)
12-14 02:28:28.529 I/zygote  ( 4471): Do partial code cache collection, code=124KB, data=62KB
12-14 02:28:28.529 I/zygote  ( 4471): After code cache collection, code=124KB, data=62KB
12-14 02:28:28.529 I/zygote  ( 4471): Increasing code cache capacity to 512KB
12-14 02:28:28.588 D/gralloc_ranchu( 1396): gralloc_alloc: Creating ashmem region of size 7753728
12-14 02:28:28.599 D/Mileage ( 4471): Not enough fillups to calculate economy
12-14 02:28:28.751 E/SurfaceFlinger( 1405): ro.sf.lcd_density must be defined as a build property
12-14 02:28:28.765 D/gralloc_ranchu( 1396): gralloc_alloc: Creating ashmem region of size 8298496
12-14 02:28:28.781 D/        ( 4514): HostConnection::get() New Host Connection established 0xb432f800, tid 4514
12-14 02:28:28.937 I/Finsky:download_service( 2623): [126] nmi.run(36): Stats for Executor: bgExecutor non@50a856b[Running, pool size = 0, active threads = 0, queued tasks = 0, completed tasks = 0]
12-14 02:28:29.031 E/wificond( 1486): Received error messsage: Network is down
12-14 02:28:29.031 E/wificond( 1486): NL80211_CMD_TRIGGER_SCAN failed
12-14 02:28:29.031 E/WificondScannerImpl( 1637): Failed to start scan, freqs=null
12-14 02:28:29.149 I/System.out( 4471): URI: //gesture
12-14 02:28:29.149 I/System.out( 4471): params: {json={"query_timeout":5.0,"gestures":[{"query_string":"android.widget.TabWidget descendant TextView index:3","touches":[{"x":50,"y":50,"offset_x":0,"offset_y":0,"wait":0.0,"time":0.2,"release":true,"query_string":null}]}]}
12-14 02:28:29.149 I/System.out( 4471): }
12-14 02:28:29.408 W/ActivityManager( 1637): Bad activity token: android.os.BinderProxy@b2473a0
12-14 02:28:29.408 W/ActivityManager( 1637): java.lang.ClassCastException: android.os.BinderProxy cannot be cast to com.android.server.am.ActivityRecord$Token
12-14 02:28:29.408 W/ActivityManager( 1637): 	at com.android.server.am.ActivityRecord.forTokenLocked(ActivityRecord.java:778)
12-14 02:28:29.408 W/ActivityManager( 1637): 	at com.android.server.am.ActivityRecord.isInStackLocked(ActivityRecord.java:2085)
12-14 02:28:29.408 W/ActivityManager( 1637): 	at com.android.server.am.ActivityRecord.getStackLocked(ActivityRecord.java:2090)
12-14 02:28:29.408 W/ActivityManager( 1637): 	at com.android.server.am.ActivityManagerService.getActivityDisplayId(ActivityManagerService.java:10406)
12-14 02:28:29.408 W/ActivityManager( 1637): 	at android.app.IActivityManager$Stub.onTransact(IActivityManager.java:2738)
12-14 02:28:29.408 W/ActivityManager( 1637): 	at com.android.server.am.ActivityManagerService.onTransact(ActivityManagerService.java:2935)
12-14 02:28:29.408 W/ActivityManager( 1637): 	at android.os.Binder.execTransact(Binder.java:674)
12-14 02:28:29.410 I/calabash( 4471): newActivity1
12-14 02:28:29.413 W/ActivityManager( 1637): Bad activity token: android.os.BinderProxy@b2473a0
12-14 02:28:29.413 W/ActivityManager( 1637): java.lang.ClassCastException: android.os.BinderProxy cannot be cast to com.android.server.am.ActivityRecord$Token
12-14 02:28:29.413 W/ActivityManager( 1637): 	at com.android.server.am.ActivityRecord.forTokenLocked(ActivityRecord.java:778)
12-14 02:28:29.413 W/ActivityManager( 1637): 	at com.android.server.am.ActivityRecord.isInStackLocked(ActivityRecord.java:2085)
12-14 02:28:29.413 W/ActivityManager( 1637): 	at com.android.server.am.ActivityManagerService.setTaskDescription(ActivityManagerService.java:9988)
12-14 02:28:29.413 W/ActivityManager( 1637): 	at android.app.IActivityManager$Stub.onTransact(IActivityManager.java:2824)
12-14 02:28:29.413 W/ActivityManager( 1637): 	at com.android.server.am.ActivityManagerService.onTransact(ActivityManagerService.java:2935)
12-14 02:28:29.413 W/ActivityManager( 1637): 	at android.os.Binder.execTransact(Binder.java:674)
12-14 02:28:29.414 W/ActivityManager( 1637): Bad activity token: android.os.BinderProxy@b2473a0
12-14 02:28:29.414 W/ActivityManager( 1637): java.lang.ClassCastException: android.os.BinderProxy cannot be cast to com.android.server.am.ActivityRecord$Token
12-14 02:28:29.414 W/ActivityManager( 1637): 	at com.android.server.am.ActivityRecord.forTokenLocked(ActivityRecord.java:778)
12-14 02:28:29.414 W/ActivityManager( 1637): 	at com.android.server.am.ActivityRecord.isInStackLocked(ActivityRecord.java:2085)
12-14 02:28:29.414 W/ActivityManager( 1637): 	at com.android.server.am.ActivityRecord.getStackLocked(ActivityRecord.java:2090)
12-14 02:28:29.414 W/ActivityManager( 1637): 	at com.android.server.am.ActivityManagerService.getActivityStackId(ActivityManagerService.java:10417)
12-14 02:28:29.414 W/ActivityManager( 1637): 	at android.app.IActivityManager$Stub.onTransact(IActivityManager.java:3548)
12-14 02:28:29.414 W/ActivityManager( 1637): 	at com.android.server.am.ActivityManagerService.onTransact(ActivityManagerService.java:2935)
12-14 02:28:29.414 W/ActivityManager( 1637): 	at android.os.Binder.execTransact(Binder.java:674)
12-14 02:28:29.419 W/ActivityManager( 1637): Bad activity token: android.os.BinderProxy@b2473a0
12-14 02:28:29.419 W/ActivityManager( 1637): java.lang.ClassCastException: android.os.BinderProxy cannot be cast to com.android.server.am.ActivityRecord$Token
12-14 02:28:29.419 W/ActivityManager( 1637): 	at com.android.server.am.ActivityRecord.forTokenLocked(ActivityRecord.java:778)
12-14 02:28:29.419 W/ActivityManager( 1637): 	at com.android.server.am.ActivityRecord.isInStackLocked(ActivityRecord.java:2085)
12-14 02:28:29.419 W/ActivityManager( 1637): 	at com.android.server.am.ActivityManagerService.getActivityOptions(ActivityManagerService.java:13302)
12-14 02:28:29.419 W/ActivityManager( 1637): 	at android.app.IActivityManager$Stub.onTransact(IActivityManager.java:2910)
12-14 02:28:29.419 W/ActivityManager( 1637): 	at com.android.server.am.ActivityManagerService.onTransact(ActivityManagerService.java:2935)
12-14 02:28:29.419 W/ActivityManager( 1637): 	at android.os.Binder.execTransact(Binder.java:674)
12-14 02:28:29.419 W/ActivityManager( 1637): Bad activity token: android.os.BinderProxy@b2473a0
12-14 02:28:29.419 W/ActivityManager( 1637): java.lang.ClassCastException: android.os.BinderProxy cannot be cast to com.android.server.am.ActivityRecord$Token
12-14 02:28:29.419 W/ActivityManager( 1637): 	at com.android.server.am.ActivityRecord.forTokenLocked(ActivityRecord.java:778)
12-14 02:28:29.419 W/ActivityManager( 1637): 	at com.android.server.am.ActivityRecord.isInStackLocked(ActivityRecord.java:2085)
12-14 02:28:29.419 W/ActivityManager( 1637): 	at com.android.server.am.ActivityManagerService.getActivityOptions(ActivityManagerService.java:13302)
12-14 02:28:29.419 W/ActivityManager( 1637): 	at android.app.IActivityManager$Stub.onTransact(IActivityManager.java:2910)
12-14 02:28:29.419 W/ActivityManager( 1637): 	at com.android.server.am.ActivityManagerService.onTransact(ActivityManagerService.java:2935)
12-14 02:28:29.419 W/ActivityManager( 1637): 	at android.os.Binder.execTransact(Binder.java:674)
12-14 02:28:29.645 E/SurfaceFlinger( 1405): ro.sf.lcd_density must be defined as a build property
12-14 02:28:29.652 D/gralloc_ranchu( 1396): gralloc_alloc: Creating ashmem region of size 8298496
12-14 02:28:29.661 D/        ( 4520): HostConnection::get() New Host Connection established 0xb2f2f800, tid 4520
12-14 02:28:29.980 I/System.out( 4471): URI: //gesture
12-14 02:28:29.981 I/System.out( 4471): params: {json={"query_timeout":5.0,"gestures":[{"query_string":"android.widget.TabWidget descendant TextView index:2","touches":[{"x":50,"y":50,"offset_x":0,"offset_y":0,"wait":0.0,"time":0.2,"release":true,"query_string":null}]}]}
12-14 02:28:29.981 I/System.out( 4471): }
12-14 02:28:30.240 W/ActivityManager( 1637): Bad activity token: android.os.BinderProxy@800851b
12-14 02:28:30.240 W/ActivityManager( 1637): java.lang.ClassCastException: android.os.BinderProxy cannot be cast to com.android.server.am.ActivityRecord$Token
12-14 02:28:30.240 W/ActivityManager( 1637): 	at com.android.server.am.ActivityRecord.forTokenLocked(ActivityRecord.java:778)
12-14 02:28:30.240 W/ActivityManager( 1637): 	at com.android.server.am.ActivityRecord.isInStackLocked(ActivityRecord.java:2085)
12-14 02:28:30.240 W/ActivityManager( 1637): 	at com.android.server.am.ActivityRecord.getStackLocked(ActivityRecord.java:2090)
12-14 02:28:30.240 W/ActivityManager( 1637): 	at com.android.server.am.ActivityManagerService.getActivityDisplayId(ActivityManagerService.java:10406)
12-14 02:28:30.240 W/ActivityManager( 1637): 	at android.app.IActivityManager$Stub.onTransact(IActivityManager.java:2738)
12-14 02:28:30.240 W/ActivityManager( 1637): 	at com.android.server.am.ActivityManagerService.onTransact(ActivityManagerService.java:2935)
12-14 02:28:30.240 W/ActivityManager( 1637): 	at android.os.Binder.execTransact(Binder.java:674)
12-14 02:28:30.242 I/calabash( 4471): newActivity1
12-14 02:28:30.245 D/AndroidRuntime( 4471): Shutting down VM
--------- beginning of crash
12-14 02:28:30.248 E/AndroidRuntime( 4471): FATAL EXCEPTION: main
12-14 02:28:30.248 E/AndroidRuntime( 4471): Process: com.evancharlton.mileage, PID: 4471
12-14 02:28:30.248 E/AndroidRuntime( 4471): java.lang.VerifyError: Verifier rejected class com.evancharlton.mileage.VehicleStatisticsActivity: void com.evancharlton.mileage.VehicleStatisticsActivity.onCreate(android.os.Bundle): [0xFFFFFFFF] register index out of range (9 >= 5) (declaration of 'com.evancharlton.mileage.VehicleStatisticsActivity' appears in /data/app/com.evancharlton.mileage-ZCPfBElMhj5GZnpZs79NKw==/base.apk)
12-14 02:28:30.248 E/AndroidRuntime( 4471): 	at java.lang.Class.newInstance(Native Method)
12-14 02:28:30.248 E/AndroidRuntime( 4471): 	at android.app.Instrumentation.newActivity(Instrumentation.java:1173)
12-14 02:28:30.248 E/AndroidRuntime( 4471): 	at sh.calaba.instrumentationbackend.CalabashInstrumentation.newActivity(CalabashInstrumentation.java:52)
12-14 02:28:30.248 E/AndroidRuntime( 4471): 	at android.app.ActivityThread.performLaunchActivity(ActivityThread.java:2708)
12-14 02:28:30.248 E/AndroidRuntime( 4471): 	at android.app.ActivityThread.startActivityNow(ActivityThread.java:2615)
12-14 02:28:30.248 E/AndroidRuntime( 4471): 	at android.app.LocalActivityManager.moveToState(LocalActivityManager.java:136)
12-14 02:28:30.248 E/AndroidRuntime( 4471): 	at android.app.LocalActivityManager.startActivity(LocalActivityManager.java:348)
12-14 02:28:30.248 E/AndroidRuntime( 4471): 	at android.widget.TabHost$IntentContentStrategy.getContentView(TabHost.java:769)
12-14 02:28:30.248 E/AndroidRuntime( 4471): 	at android.widget.TabHost.setCurrentTab(TabHost.java:423)
12-14 02:28:30.248 E/AndroidRuntime( 4471): 	at android.widget.TabHost$2.onTabSelectionChanged(TabHost.java:167)
12-14 02:28:30.248 E/AndroidRuntime( 4471): 	at android.widget.TabWidget$TabClickListener.onClick(TabWidget.java:546)
12-14 02:28:30.248 E/AndroidRuntime( 4471): 	at android.view.View.performClick(View.java:6256)
12-14 02:28:30.248 E/AndroidRuntime( 4471): 	at android.view.View$PerformClick.run(View.java:24701)
12-14 02:28:30.248 E/AndroidRuntime( 4471): 	at android.os.Handler.handleCallback(Handler.java:789)
12-14 02:28:30.248 E/AndroidRuntime( 4471): 	at android.os.Handler.dispatchMessage(Handler.java:98)
12-14 02:28:30.248 E/AndroidRuntime( 4471): 	at android.os.Looper.loop(Looper.java:164)
12-14 02:28:30.248 E/AndroidRuntime( 4471): 	at android.app.ActivityThread.main(ActivityThread.java:6541)
12-14 02:28:30.248 E/AndroidRuntime( 4471): 	at java.lang.reflect.Method.invoke(Native Method)
12-14 02:28:30.248 E/AndroidRuntime( 4471): 	at com.android.internal.os.Zygote$MethodAndArgsCaller.run(Zygote.java:240)
12-14 02:28:30.248 E/AndroidRuntime( 4471): 	at com.android.internal.os.ZygoteInit.main(ZygoteInit.java:767)
12-14 02:28:30.250 I/Process ( 4471): Sending signal. PID: 4471 SIG: 9
12-14 02:28:30.259 W/BroadcastQueue( 1637): Background execution not allowed: receiving Intent { act=android.intent.action.DROPBOX_ENTRY_ADDED flg=0x10 (has extras) } to com.google.android.gms/.stats.service.DropBoxEntryAddedReceiver
12-14 02:28:30.259 W/BroadcastQueue( 1637): Background execution not allowed: receiving Intent { act=android.intent.action.DROPBOX_ENTRY_ADDED flg=0x10 (has extras) } to com.google.android.gms/.chimera.GmsIntentOperationService$PersistentTrustedReceiver
12-14 02:28:30.265 W/hostapd ( 4525): type=1400 audit(0.0:154): avc: denied { setgid } for capability=6 scontext=u:r:hostapd:s0 tcontext=u:r:hostapd:s0 tclass=capability permissive=0
12-14 02:28:30.265 W/hostapd ( 4525): type=1400 audit(0.0:155): avc: denied { setgid } for capability=6 scontext=u:r:hostapd:s0 tcontext=u:r:hostapd:s0 tclass=capability permissive=0
12-14 02:28:30.265 W/hostapd ( 4525): type=1400 audit(0.0:156): avc: denied { setuid } for capability=7 scontext=u:r:hostapd:s0 tcontext=u:r:hostapd:s0 tclass=capability permissive=0
12-14 02:28:30.265 W/hostapd ( 4525): type=1400 audit(0.0:157): avc: denied { module_request } for kmod="netdev-wlan1" scontext=u:r:hostapd:s0 tcontext=u:r:kernel:s0 tclass=system permissive=0
12-14 02:28:30.265 I/chatty  ( 4525): uid=0(root) identical 1 line
12-14 02:28:30.265 W/hostapd ( 4525): type=1400 audit(0.0:159): avc: denied { module_request } for kmod="netdev-wlan1" scontext=u:r:hostapd:s0 tcontext=u:r:kernel:s0 tclass=system permissive=0
