--------- beginning of main
12-14 02:28:06.973 D/gralloc_ranchu( 1396): gralloc_alloc: Creating ashmem region of size 8298496
12-14 02:28:06.978 D/SurfaceFlinger( 1405): duplicate layer name: changing com.google.android.apps.nexuslauncher/com.google.android.apps.nexuslauncher.NexusLauncherActivity to com.google.android.apps.nexuslauncher/com.google.android.apps.nexuslauncher.NexusLauncherActivity#1
12-14 02:28:06.998 D/EGL_emulation( 1734): eglMakeCurrent: 0xa1e71220: ver 3 0 (tinfo 0xa1e65c10)
12-14 02:28:07.006 D/gralloc_ranchu( 1396): gralloc_alloc: Creating ashmem region of size 8298496
12-14 02:28:07.019 D/EGL_emulation( 2234): eglMakeCurrent: 0xa21fdc20: ver 3 0 (tinfo 0xa21ff990)
12-14 02:28:07.049 D/gralloc_ranchu( 1396): gralloc_alloc: Creating ashmem region of size 8298496
12-14 02:28:07.066 D/gralloc_ranchu( 1396): gralloc_alloc: Creating ashmem region of size 8298496
12-14 02:28:07.076 E/memtrack( 1637): Couldn't load memtrack module
12-14 02:28:07.076 W/android.os.Debug( 1637): failed to get memory consumption info: -1
12-14 02:28:07.083 I/MicroDetectionWorker( 2234): #updateMicroDetector [detectionMode: [mDetectionMode: [1]]]
12-14 02:28:07.083 I/MicroDetectionWorker( 2234): #startMicroDetector [speakerMode: 0]
12-14 02:28:07.083 I/AudioController( 2234): Using mInputStreamFactoryBuilder
12-14 02:28:07.085 I/MicroDetectionWorker( 2234): onReady
12-14 02:28:07.096 I/MicroRecognitionRunner( 2234): Starting detection.
12-14 02:28:07.097 I/MicrophoneInputStream( 2234): mic_starting com.google.android.apps.gsa.staticplugins.aa.c@37beda6
12-14 02:28:07.108 I/AudioFlinger( 1475): AudioFlinger's thread 0xb2c03dc0 tid=4084 ready to run
12-14 02:28:07.119 I/MicrophoneInputStream( 2234): mic_started com.google.android.apps.gsa.staticplugins.aa.c@37beda6
--------- beginning of system
12-14 02:28:07.120 E/ActivityThread( 2234): Failed to find provider info for com.google.android.apps.gsa.testing.ui.audio.recorded
12-14 02:28:07.122 I/MicroDetectionWorker( 2234): onReady
12-14 02:28:07.134 I/MicrophoneInputStream( 2234): mic_close com.google.android.apps.gsa.staticplugins.aa.c@37beda6
12-14 02:28:07.134 D/BoundBrokerSvc( 2123): onUnbind: Intent { act=com.google.android.gms.pay.service.BIND cmp=com.google.android.gms/.chimera.GmsApiService }
12-14 02:28:07.134 D/EGL_emulation( 2190): eglMakeCurrent: 0xa21fdec0: ver 3 0 (tinfo 0xa21ffef0)
12-14 02:28:07.136 I/MicroRecognitionRunner( 2234): Detection finished
12-14 02:28:07.136 W/ErrorReporter( 2234): reportError [type: 211, code: 524300]: Error reading from input stream
12-14 02:28:07.136 I/MicroRecognitionRunner( 2234): Stopping hotword detection.
12-14 02:28:07.136 W/ErrorProcessor( 2234): onFatalError, processing error from engine(4)
12-14 02:28:07.136 W/ErrorProcessor( 2234): com.google.android.apps.gsa.shared.speech.b.g: Error reading from input stream
12-14 02:28:07.136 W/ErrorProcessor( 2234): 	at com.google.android.apps.gsa.staticplugins.recognizer.j.a.a(SourceFile:28)
12-14 02:28:07.136 W/ErrorProcessor( 2234): 	at com.google.android.apps.gsa.staticplugins.recognizer.j.b.run(SourceFile:15)
12-14 02:28:07.136 W/ErrorProcessor( 2234): 	at java.util.concurrent.Executors$RunnableAdapter.call(Executors.java:457)
12-14 02:28:07.136 W/ErrorProcessor( 2234): 	at java.util.concurrent.FutureTask.run(FutureTask.java:266)
12-14 02:28:07.136 W/ErrorProcessor( 2234): 	at com.google.android.apps.gsa.shared.util.concurrent.a.ax.run(SourceFile:14)
12-14 02:28:07.136 W/ErrorProcessor( 2234): 	at com.google.android.apps.gsa.shared.util.concurrent.a.bl.run(SourceFile:4)
12-14 02:28:07.136 W/ErrorProcessor( 2234): 	at com.google.android.apps.gsa.shared.util.concurrent.a.bl.run(SourceFile:4)
12-14 02:28:07.136 W/ErrorProcessor( 2234): 	at java.util.concurrent.ThreadPoolExecutor.runWorker(ThreadPoolExecutor.java:1162)
12-14 02:28:07.136 W/ErrorProcessor( 2234): 	at java.util.concurrent.ThreadPoolExecutor$Worker.run(ThreadPoolExecutor.java:636)
12-14 02:28:07.136 W/ErrorProcessor( 2234): 	at java.lang.Thread.run(Thread.java:764)
12-14 02:28:07.136 W/ErrorProcessor( 2234): 	at com.google.android.apps.gsa.shared.util.concurrent.a.ai.run(SourceFile:6)
12-14 02:28:07.136 W/ErrorProcessor( 2234): Caused by: com.google.android.apps.gsa.shared.exception.GsaIOException: Error code: 393238 | Buffer overflow, no available space.
12-14 02:28:07.136 W/ErrorProcessor( 2234): 	at com.google.android.apps.gsa.speech.audio.Tee.f(SourceFile:103)
12-14 02:28:07.136 W/ErrorProcessor( 2234): 	at com.google.android.apps.gsa.speech.audio.au.read(SourceFile:2)
12-14 02:28:07.136 W/ErrorProcessor( 2234): 	at java.io.InputStream.read(InputStream.java:101)
12-14 02:28:07.136 W/ErrorProcessor( 2234): 	at com.google.android.apps.gsa.speech.audio.ao.run(SourceFile:18)
12-14 02:28:07.136 W/ErrorProcessor( 2234): 	at com.google.android.apps.gsa.speech.audio.an.run(SourceFile:2)
12-14 02:28:07.136 W/ErrorProcessor( 2234): 	... 9 more
12-14 02:28:07.137 I/AudioController( 2234): internalShutdown
12-14 02:28:07.139 I/MicroDetector( 2234): Keeping mic open: false
12-14 02:28:07.139 I/MicroDetectionWorker( 2234): #onError(false)
12-14 02:28:07.139 I/DeviceStateChecker( 2234): DeviceStateChecker cancelled
12-14 02:28:07.154 D/gralloc_ranchu( 1396): gralloc_alloc: Creating ashmem region of size 7753728
12-14 02:28:07.172 D/        ( 1734): HostConnection::get() New Host Connection established 0x8de30500, tid 1758
12-14 02:28:07.181 D/EGL_emulation( 1734): eglMakeCurrent: 0xa1e71220: ver 3 0 (tinfo 0xa1e65c10)
12-14 02:28:07.384 I/chatty  ( 1734): uid=10028(u0_a28) RenderThread identical 22 lines
12-14 02:28:07.390 D/EGL_emulation( 1734): eglMakeCurrent: 0xa1e71220: ver 3 0 (tinfo 0xa1e65c10)
12-14 02:28:07.408 D/BoundBrokerSvc( 2123): onUnbind: Intent { act=com.google.android.mdd.service.START cmp=com.google.android.gms/.chimera.GmsBoundBrokerService }
12-14 02:28:07.414 D/EGL_emulation( 1734): eglMakeCurrent: 0xa1e71220: ver 3 0 (tinfo 0xa1e65c10)
12-14 02:28:07.527 D/AndroidRuntime( 4080): >>>>>> START com.android.internal.os.RuntimeInit uid 2000 <<<<<<
12-14 02:28:07.580 W/app_process( 4080): Unexpected CPU variant for X86 using defaults: x86
12-14 02:28:07.615 W/OpenGLRenderer( 2190): Incorrectly called buildLayer on View: ShortcutAndWidgetContainer, destroying layer...
12-14 02:28:07.617 I/OpenGLRenderer( 1637): Initialized EGL, version 1.4
12-14 02:28:07.618 D/OpenGLRenderer( 1637): Swap behavior 1
12-14 02:28:07.619 W/OpenGLRenderer( 1637): Failed to choose config with EGL_SWAP_BEHAVIOR_PRESERVED, retrying without...
12-14 02:28:07.619 D/OpenGLRenderer( 1637): Swap behavior 0
12-14 02:28:07.623 D/AndroidRuntime( 4080): Calling main entry com.android.commands.am.Am
12-14 02:28:07.625 I/ActivityManager( 1637): Force stopping com.evancharlton.mileage appid=10350 user=0: start instr
12-14 02:28:07.625 I/ActivityManager( 1637): Killing 4026:com.evancharlton.mileage/u0a350 (adj 0): stop com.evancharlton.mileage
12-14 02:28:07.629 D/EGL_emulation( 1637): eglCreateContext: 0x8d0a2100: maj 3 min 0 rcv 3
12-14 02:28:07.630 W/ActivityManager( 1637): Crash of app com.evancharlton.mileage running instrumentation ComponentInfo{com.evancharlton.mileage.test/sh.calaba.instrumentationbackend.CalabashInstrumentationTestRunner}
12-14 02:28:07.630 I/ActivityManager( 1637): Force stopping com.evancharlton.mileage appid=10350 user=0: finished inst
12-14 02:28:07.632 D/EGL_emulation( 1637): eglMakeCurrent: 0x8d0a2100: ver 3 0 (tinfo 0x8e27b700)
12-14 02:28:07.635 E/eglCodecCommon( 1637): glUtilsParamSize: unknow param 0x00008cdf
12-14 02:28:07.635 E/eglCodecCommon( 1637): glUtilsParamSize: unknow param 0x00008cdf
12-14 02:28:07.637 E/eglCodecCommon( 1637): glUtilsParamSize: unknow param 0x00008824
12-14 02:28:07.638 E/eglCodecCommon( 1637): glUtilsParamSize: unknow param 0x00008824
12-14 02:28:07.652 I/zygote  ( 4094): Not late-enabling -Xcheck:jni (already on)
12-14 02:28:07.657 I/ActivityManager( 1637): Start proc 4094:com.evancharlton.mileage/u0a350 for added application com.evancharlton.mileage
12-14 02:28:07.658 D/AndroidRuntime( 4080): Shutting down VM
12-14 02:28:07.668 W/zygote  ( 4094): Unexpected CPU variant for X86 using defaults: x86
12-14 02:28:07.670 W/ActivityManager( 1637): setHasOverlayUi called on unknown pid: 4026
12-14 02:28:07.720 W/zygote  ( 4094): Found duplicate classes, falling back to extracting from APK : /data/app/com.evancharlton.mileage.test-ontPZhJiZ2Zt4nA3CE0ZGw==/base.apk
12-14 02:28:07.720 W/zygote  ( 4094): NOTE: This wastes RAM and hurts startup performance.
12-14 02:28:07.720 W/zygote  ( 4094): Found duplicated class when checking oat files: 'Ljunit/runner/BaseTestRunner;' in /data/app/com.evancharlton.mileage.test-ontPZhJiZ2Zt4nA3CE0ZGw==/base.apk and /system/framework/android.test.runner.jar
12-14 02:28:07.720 W/zygote  ( 4094): 
12-14 02:28:07.729 E/adbd    ( 1383): failed to connect to socket 'tcp:7102': Connection refused
12-14 02:28:07.755 E/adbd    ( 1383): failed to connect to socket 'tcp:7102': Connection refused
12-14 02:28:07.778 D/BoundBrokerSvc( 1952): onUnbind: Intent { act=com.google.android.gms.tapandpay.service.BIND cmp=com.google.android.gms/.chimera.PersistentApiService }
12-14 02:28:07.781 W/System  ( 4094): ClassLoader referenced unknown path: 
12-14 02:28:07.802 I/System.out( 4094): Main activity name automatically set to: com.evancharlton.mileage.Mileage
12-14 02:28:07.802 I/System.out( 4094): Calabash did not load Mono. This is only a problem if you are trying to test a Mono application
12-14 02:28:07.803 I/calabash( 4094): Test server port: 7102
12-14 02:28:07.804 I/InstrumentationBackend( 4094): Added:'GetPreferences', with key:'get_preferences'
12-14 02:28:07.880 I/InstrumentationBackend( 4094): Added:'SetPreferences', with key:'set_preferences'
12-14 02:28:07.881 I/InstrumentationBackend( 4094): Added:'ClearPreferences', with key:'clear_preferences'
12-14 02:28:07.881 I/InstrumentationBackend( 4094): Added:'PressElement', with key:'press_l10n_element'
12-14 02:28:07.881 I/InstrumentationBackend( 4094): Added:'WaitForElement', with key:'wait_for_l10n_element'
12-14 02:28:07.882 I/InstrumentationBackend( 4094): Added:'NullAction', with key:'nullAction'
12-14 02:28:07.882 I/InstrumentationBackend( 4094): Added:'PressKey', with key:'press_key'
12-14 02:28:07.882 I/InstrumentationBackend( 4094): Added:'SetActivityOrientation', with key:'set_activity_orientation'
12-14 02:28:07.883 I/InstrumentationBackend( 4094): Added:'GetActivityOrientation', with key:'get_activity_orientation'
12-14 02:28:07.883 I/InstrumentationBackend( 4094): Added:'FakeGPSLocation', with key:'set_gps_coordinates'
12-14 02:28:07.883 I/InstrumentationBackend( 4094): Added:'SetPropertyByCssSelector', with key:'set_property_by_css_selector'
12-14 02:28:07.885 I/InstrumentationBackend( 4094): Added:'GetUrl', with key:'get_url'
12-14 02:28:07.887 I/InstrumentationBackend( 4094): Added:'ScrollTo', with key:'scroll_to'
12-14 02:28:07.887 I/InstrumentationBackend( 4094): Added:'GetLoadProgress', with key:'get_load_progress'
12-14 02:28:07.887 I/InstrumentationBackend( 4094): Added:'DumpHtml', with key:'dump_html'
12-14 02:28:07.888 I/InstrumentationBackend( 4094): Added:'DumpBodyHtml', with key:'dump_body_html'
12-14 02:28:07.888 I/InstrumentationBackend( 4094): Added:'EnterTextByCssSelector', with key:'enter_text_by_selector'
12-14 02:28:07.892 I/InstrumentationBackend( 4094): Added:'AndroidSDKVersion', with key:'android_sdk_version'
12-14 02:28:07.892 I/InstrumentationBackend( 4094): Added:'Version', with key:'version'
12-14 02:28:07.892 I/InstrumentationBackend( 4094): Added:'Drag', with key:'drag'
12-14 02:28:07.894 I/InstrumentationBackend( 4094): Added:'TouchCoordinates', with key:'touch_coordinate'
12-14 02:28:07.894 I/InstrumentationBackend( 4094): Added:'LongPressCoordinate', with key:'long_press_coordinate'
12-14 02:28:07.895 I/InstrumentationBackend( 4094): Added:'DragCoordinates', with key:'drag_coordinates'
12-14 02:28:07.895 I/InstrumentationBackend( 4094): Added:'ResumeApplication', with key:'resume_application'
12-14 02:28:07.895 I/InstrumentationBackend( 4094): Added:'Swipe', with key:'swipe'
12-14 02:28:07.896 I/InstrumentationBackend( 4094): Added:'DoubleTapCoordinate', with key:'double_tap_coordinate'
12-14 02:28:07.896 I/InstrumentationBackend( 4094): Added:'ClickOnScreen', with key:'click_on_screen'
12-14 02:28:07.897 I/InstrumentationBackend( 4094): Added:'GetActivityName', with key:'get_activity_name'
12-14 02:28:07.897 I/InstrumentationBackend( 4094): Added:'ScrollToView', with key:'scroll_to_view'
12-14 02:28:07.897 I/InstrumentationBackend( 4094): Added:'ViewConfiguration', with key:'view_configuration'
12-14 02:28:07.898 I/InstrumentationBackend( 4094): Added:'IsCurrentActivityFocused', with key:'is_current_activity_focused'
12-14 02:28:07.898 I/InstrumentationBackend( 4094): Added:'SendTcp', with key:'send_tcp'
12-14 02:28:07.898 I/InstrumentationBackend( 4094): Added:'DpToDevicePixel', with key:'dp_to_device_pixel'
12-14 02:28:07.899 I/InstrumentationBackend( 4094): Added:'KeyboardEnterText', with key:'keyboard_enter_text'
12-14 02:28:07.900 I/InstrumentationBackend( 4094): Added:'DeleteSurroundingText', with key:'delete_surrounding_text'
12-14 02:28:07.901 I/InstrumentationBackend( 4094): Added:'SetComposingRegion', with key:'set_composing_region'
12-14 02:28:07.901 I/InstrumentationBackend( 4094): Added:'SetSelection', with key:'set_selection'
12-14 02:28:07.901 I/InstrumentationBackend( 4094): Added:'KeyboardKeyEvent', with key:'keyboard_key_event'
12-14 02:28:07.901 I/InstrumentationBackend( 4094): Added:'PressUserActionButton', with key:'press_user_action_button'
12-14 02:28:07.902 I/InstrumentationBackend( 4094): Added:'HideSoftKeyboard', with key:'hide_soft_keyboard'
12-14 02:28:07.903 I/InstrumentationBackend( 4094): Added:'ListActions', with key:'list_actions'
12-14 02:28:07.904 I/calabash( 4094): Instantiating http server at 7102
12-14 02:28:07.904 I/System.out( 4094): HTTP Daemon listening on: 7102
12-14 02:28:07.942 I/System.out( 4094): URI: //ping
12-14 02:28:07.944 I/System.out( 4094): params: {json={}
12-14 02:28:07.944 I/System.out( 4094): }
12-14 02:28:07.956 I/System.out( 4094): URI: //ping
12-14 02:28:07.956 I/System.out( 4094): params: {json={}
12-14 02:28:07.956 I/System.out( 4094): }
12-14 02:28:07.964 I/System.out( 4094): URI: //ready
12-14 02:28:07.964 I/System.out( 4094): params: {json={}
12-14 02:28:07.964 I/System.out( 4094): }
12-14 02:28:07.971 I/System.out( 4094): URI: //
12-14 02:28:07.971 I/System.out( 4094): params: {json={"command":"version","arguments":[]}
12-14 02:28:07.971 I/System.out( 4094): }
12-14 02:28:07.971 I/System.out( 4094): header: {content-type=application/json;charset=utf-8, date=Mon, 14 Dec 2020 07:28:08 GMT, accept=*/*, host=127.0.0.1:34777, content-length=36, user-agent=HTTPClient/1.0 (2.8.3, ruby 2.5.8 (2020-03-31))}
12-14 02:28:07.971 I/System.out( 4094): params: {json={"command":"version","arguments":[]}
12-14 02:28:07.971 I/System.out( 4094): }
12-14 02:28:07.971 I/System.out( 4094): ProP json = {"command":"version","arguments":[]}
12-14 02:28:07.971 I/System.out( 4094): files: {}
12-14 02:28:07.971 I/System.out( 4094): command: {"command":"version","arguments":[]}
12-14 02:28:07.999 I/InstrumentationBackend( 4094): Got command:'Command:'Line:null,version', arguments:'[]'
12-14 02:28:08.020 E/memtrack( 1637): Couldn't load memtrack module
12-14 02:28:08.020 W/android.os.Debug( 1637): failed to get memory consumption info: -1
12-14 02:28:08.032 I/System.out( 4094): result:{"bonusInformation":[],"message":"0.9.8","success":true}
12-14 02:28:08.040 I/System.out( 4094): URI: //start-application
12-14 02:28:08.041 I/System.out( 4094): params: {json={"intent":null}
12-14 02:28:08.041 I/System.out( 4094): }
12-14 02:28:08.096 I/ActivityManager( 1637): START u0 {act=android.intent.action.MAIN cat=[android.intent.category.LAUNCHER] flg=0x10200000 cmp=com.evancharlton.mileage/.Mileage} from uid 10350
12-14 02:28:08.109 I/calabash( 4094): newActivity1
12-14 02:28:08.135 D/gralloc_ranchu( 1396): gralloc_alloc: Creating ashmem region of size 7753728
12-14 02:28:08.183 D/EGL_emulation( 2234): eglMakeCurrent: 0xa21fdc20: ver 3 0 (tinfo 0xa21ff990)
12-14 02:28:08.184 D/EGL_emulation( 2190): eglMakeCurrent: 0xa21fdec0: ver 3 0 (tinfo 0xa21ffef0)
12-14 02:28:08.213 E/ContentStoreEUAS( 2234): Failed to commit the deferred actions
12-14 02:28:08.221 D/EGL_emulation( 1734): eglMakeCurrent: 0xa1e71220: ver 3 0 (tinfo 0xa1e65c10)
12-14 02:28:08.223 W/ActivityManager( 1637): Bad activity token: android.os.BinderProxy@672b623
12-14 02:28:08.223 W/ActivityManager( 1637): java.lang.ClassCastException: android.os.BinderProxy cannot be cast to com.android.server.am.ActivityRecord$Token
12-14 02:28:08.223 W/ActivityManager( 1637): 	at com.android.server.am.ActivityRecord.forTokenLocked(ActivityRecord.java:778)
12-14 02:28:08.223 W/ActivityManager( 1637): 	at com.android.server.am.ActivityRecord.isInStackLocked(ActivityRecord.java:2085)
12-14 02:28:08.223 W/ActivityManager( 1637): 	at com.android.server.am.ActivityRecord.getStackLocked(ActivityRecord.java:2090)
12-14 02:28:08.223 W/ActivityManager( 1637): 	at com.android.server.am.ActivityManagerService.getActivityDisplayId(ActivityManagerService.java:10406)
12-14 02:28:08.223 W/ActivityManager( 1637): 	at android.app.IActivityManager$Stub.onTransact(IActivityManager.java:2738)
12-14 02:28:08.223 W/ActivityManager( 1637): 	at com.android.server.am.ActivityManagerService.onTransact(ActivityManagerService.java:2935)
12-14 02:28:08.223 W/ActivityManager( 1637): 	at android.os.Binder.execTransact(Binder.java:674)
12-14 02:28:08.226 I/calabash( 4094): newActivity1
12-14 02:28:08.241 D/EGL_emulation( 1734): eglMakeCurrent: 0xa1e71220: ver 3 0 (tinfo 0xa1e65c10)
12-14 02:28:08.245 D/EGL_emulation( 1734): eglMakeCurrent: 0xa1e71220: ver 3 0 (tinfo 0xa1e65c10)
12-14 02:28:08.248 V/StatusBar( 1734): setLightsOn(true)
12-14 02:28:08.250 W/ActivityManager( 1637): Bad activity token: android.os.BinderProxy@672b623
12-14 02:28:08.250 W/ActivityManager( 1637): java.lang.ClassCastException: android.os.BinderProxy cannot be cast to com.android.server.am.ActivityRecord$Token
12-14 02:28:08.250 W/ActivityManager( 1637): 	at com.android.server.am.ActivityRecord.forTokenLocked(ActivityRecord.java:778)
12-14 02:28:08.250 W/ActivityManager( 1637): 	at com.android.server.am.ActivityRecord.isInStackLocked(ActivityRecord.java:2085)
12-14 02:28:08.250 W/ActivityManager( 1637): 	at com.android.server.am.ActivityManagerService.setTaskDescription(ActivityManagerService.java:9988)
12-14 02:28:08.250 W/ActivityManager( 1637): 	at android.app.IActivityManager$Stub.onTransact(IActivityManager.java:2824)
12-14 02:28:08.250 W/ActivityManager( 1637): 	at com.android.server.am.ActivityManagerService.onTransact(ActivityManagerService.java:2935)
12-14 02:28:08.250 W/ActivityManager( 1637): 	at android.os.Binder.execTransact(Binder.java:674)
12-14 02:28:08.254 W/ActivityManager( 1637): Bad activity token: android.os.BinderProxy@672b623
12-14 02:28:08.254 W/ActivityManager( 1637): java.lang.ClassCastException: android.os.BinderProxy cannot be cast to com.android.server.am.ActivityRecord$Token
12-14 02:28:08.254 W/ActivityManager( 1637): 	at com.android.server.am.ActivityRecord.forTokenLocked(ActivityRecord.java:778)
12-14 02:28:08.254 W/ActivityManager( 1637): 	at com.android.server.am.ActivityRecord.isInStackLocked(ActivityRecord.java:2085)
12-14 02:28:08.254 W/ActivityManager( 1637): 	at com.android.server.am.ActivityRecord.getStackLocked(ActivityRecord.java:2090)
12-14 02:28:08.254 W/ActivityManager( 1637): 	at com.android.server.am.ActivityManagerService.getActivityStackId(ActivityManagerService.java:10417)
12-14 02:28:08.254 W/ActivityManager( 1637): 	at android.app.IActivityManager$Stub.onTransact(IActivityManager.java:3548)
12-14 02:28:08.254 W/ActivityManager( 1637): 	at com.android.server.am.ActivityManagerService.onTransact(ActivityManagerService.java:2935)
12-14 02:28:08.254 W/ActivityManager( 1637): 	at android.os.Binder.execTransact(Binder.java:674)
12-14 02:28:08.255 D/EGL_emulation( 1734): eglMakeCurrent: 0xa1e71220: ver 3 0 (tinfo 0xa1e65c10)
12-14 02:28:08.406 I/chatty  ( 1734): uid=10028(u0_a28) RenderThread identical 17 lines
12-14 02:28:08.423 D/EGL_emulation( 1734): eglMakeCurrent: 0xa1e71220: ver 3 0 (tinfo 0xa1e65c10)
12-14 02:28:08.480 W/ActivityManager( 1637): Bad activity token: android.os.BinderProxy@672b623
12-14 02:28:08.480 W/ActivityManager( 1637): java.lang.ClassCastException: android.os.BinderProxy cannot be cast to com.android.server.am.ActivityRecord$Token
12-14 02:28:08.480 W/ActivityManager( 1637): 	at com.android.server.am.ActivityRecord.forTokenLocked(ActivityRecord.java:778)
12-14 02:28:08.480 W/ActivityManager( 1637): 	at com.android.server.am.ActivityRecord.isInStackLocked(ActivityRecord.java:2085)
12-14 02:28:08.480 W/ActivityManager( 1637): 	at com.android.server.am.ActivityManagerService.getActivityOptions(ActivityManagerService.java:13302)
12-14 02:28:08.480 W/ActivityManager( 1637): 	at android.app.IActivityManager$Stub.onTransact(IActivityManager.java:2910)
12-14 02:28:08.480 W/ActivityManager( 1637): 	at com.android.server.am.ActivityManagerService.onTransact(ActivityManagerService.java:2935)
12-14 02:28:08.480 W/ActivityManager( 1637): 	at android.os.Binder.execTransact(Binder.java:674)
12-14 02:28:08.481 W/ActivityManager( 1637): Bad activity token: android.os.BinderProxy@672b623
12-14 02:28:08.481 W/ActivityManager( 1637): java.lang.ClassCastException: android.os.BinderProxy cannot be cast to com.android.server.am.ActivityRecord$Token
12-14 02:28:08.481 W/ActivityManager( 1637): 	at com.android.server.am.ActivityRecord.forTokenLocked(ActivityRecord.java:778)
12-14 02:28:08.481 W/ActivityManager( 1637): 	at com.android.server.am.ActivityRecord.isInStackLocked(ActivityRecord.java:2085)
12-14 02:28:08.481 W/ActivityManager( 1637): 	at com.android.server.am.ActivityManagerService.getActivityOptions(ActivityManagerService.java:13302)
12-14 02:28:08.481 W/ActivityManager( 1637): 	at android.app.IActivityManager$Stub.onTransact(IActivityManager.java:2910)
12-14 02:28:08.481 W/ActivityManager( 1637): 	at com.android.server.am.ActivityManagerService.onTransact(ActivityManagerService.java:2935)
12-14 02:28:08.481 W/ActivityManager( 1637): 	at android.os.Binder.execTransact(Binder.java:674)
12-14 02:28:08.536 E/memtrack( 1637): Couldn't load memtrack module
12-14 02:28:08.536 W/android.os.Debug( 1637): failed to get memory consumption info: -1
12-14 02:28:08.572 V/StatusBar( 1734): setLightsOn(true)
12-14 02:28:08.641 I/chatty  ( 1734): uid=10028(u0_a28) com.android.systemui identical 2 lines
12-14 02:28:08.642 V/StatusBar( 1734): setLightsOn(true)
12-14 02:28:08.658 I/BackgroundDexOptService( 1637): Pinning optimized code {}
12-14 02:28:08.679 I/zygote  ( 4094): Do partial code cache collection, code=28KB, data=30KB
12-14 02:28:08.679 I/zygote  ( 4094): After code cache collection, code=28KB, data=30KB
12-14 02:28:08.680 I/zygote  ( 4094): Increasing code cache capacity to 128KB
12-14 02:28:08.680 I/zygote  ( 4094): Do partial code cache collection, code=28KB, data=48KB
12-14 02:28:08.681 I/zygote  ( 4094): After code cache collection, code=28KB, data=48KB
12-14 02:28:08.681 I/zygote  ( 4094): Increasing code cache capacity to 256KB
12-14 02:28:08.681 I/zygote  ( 4094): JIT allocated 71KB for compiled code of void android.widget.TextView.<init>(android.content.Context, android.util.AttributeSet, int, int)
12-14 02:28:08.681 I/zygote  ( 4094): Compiler allocated 4MB to compile void android.widget.TextView.<init>(android.content.Context, android.util.AttributeSet, int, int)
12-14 02:28:08.700 D/gralloc_ranchu( 1396): gralloc_alloc: Creating ashmem region of size 7753728
12-14 02:28:08.728 D/        ( 4094): HostConnection::get() New Host Connection established 0xa1d2fe40, tid 4094
12-14 02:28:08.785 V/StatusBar( 1734): setLightsOn(true)
12-14 02:28:08.788 V/StatusBar( 1734): setLightsOn(true)
12-14 02:28:08.790 I/ActivityManager( 1637): Displayed com.evancharlton.mileage/.Mileage: +685ms
12-14 02:28:08.799 V/StatusBar( 1734): setLightsOn(true)
12-14 02:28:08.819 V/StatusBar( 1734): setLightsOn(true)
12-14 02:28:08.826 D/gralloc_ranchu( 1396): gralloc_alloc: Creating ashmem region of size 7753728
12-14 02:28:08.945 V/StatusBar( 1734): setLightsOn(true)
12-14 02:28:08.983 D/BoundBrokerSvc( 1952): onUnbind: Intent { act=com.google.android.gms.clearcut.service.START cmp=com.google.android.gms/.chimera.PersistentDirectBootAwareApiService }
12-14 02:28:08.990 V/StatusBar( 1734): setLightsOn(true)
12-14 02:28:08.997 W/SurfaceFlinger( 1405): couldn't log to binary event log: overflow.
12-14 02:28:09.007 V/StatusBar( 1734): setLightsOn(true)
12-14 02:28:09.083 I/PBSessionCacheImpl( 2234): Deleted sessionId[8949611284412] from persistence.
12-14 02:28:09.147 I/zygote  ( 2234): Do partial code cache collection, code=240KB, data=182KB
12-14 02:28:09.152 I/zygote  ( 2234): After code cache collection, code=240KB, data=182KB
12-14 02:28:09.152 W/SearchService( 2234): Abort, client detached.
12-14 02:28:09.152 I/zygote  ( 2234): Increasing code cache capacity to 1024KB
