12-14 00:29:36.005 W/ActivityManager( 1628): 	at com.android.server.am.ActivityManagerService.onTransact(ActivityManagerService.java:2935)
12-14 00:29:36.005 W/ActivityManager( 1628): 	at android.os.Binder.execTransact(Binder.java:674)
12-14 00:29:36.006 W/ActivityManager( 1628): Bad activity token: android.os.BinderProxy@71a998
12-14 00:29:36.006 W/ActivityManager( 1628): java.lang.ClassCastException: android.os.BinderProxy cannot be cast to com.android.server.am.ActivityRecord$Token
12-14 00:29:36.006 W/ActivityManager( 1628): 	at com.android.server.am.ActivityRecord.forTokenLocked(ActivityRecord.java:778)
12-14 00:29:36.006 W/ActivityManager( 1628): 	at com.android.server.am.ActivityRecord.isInStackLocked(ActivityRecord.java:2085)
12-14 00:29:36.006 W/ActivityManager( 1628): 	at com.android.server.am.ActivityRecord.getStackLocked(ActivityRecord.java:2090)
12-14 00:29:36.006 W/ActivityManager( 1628): 	at com.android.server.am.ActivityManagerService.getActivityStackId(ActivityManagerService.java:10417)
12-14 00:29:36.006 W/ActivityManager( 1628): 	at android.app.IActivityManager$Stub.onTransact(IActivityManager.java:3548)
12-14 00:29:36.006 W/ActivityManager( 1628): 	at com.android.server.am.ActivityManagerService.onTransact(ActivityManagerService.java:2935)
12-14 00:29:36.006 W/ActivityManager( 1628): 	at android.os.Binder.execTransact(Binder.java:674)
12-14 00:29:36.010 D/EGL_emulation( 2234): eglMakeCurrent: 0x9a204b40: ver 3 0 (tinfo 0x9a203860)
12-14 00:29:36.019 D/EGL_emulation( 1731): eglMakeCurrent: 0x868d6220: ver 3 0 (tinfo 0x86886b40)
12-14 00:29:36.034 I/chatty  ( 1731): uid=10028(u0_a28) RenderThread identical 1 line
12-14 00:29:36.040 D/EGL_emulation( 1731): eglMakeCurrent: 0x868d6220: ver 3 0 (tinfo 0x86886b40)
12-14 00:29:36.042 V/StatusBar( 1731): setLightsOn(true)
12-14 00:29:36.046 E/ContentStoreEUAS( 2234): Failed to commit the deferred actions
12-14 00:29:36.047 W/asset   ( 1731): Asset path /data/app/com.evancharlton.mileage-MRONF9VK70K_66Z2I_42Ig==/base.apk is neither a directory nor file (type=1).
12-14 00:29:36.047 E/ResourcesManager( 1731): failed to add asset path /data/app/com.evancharlton.mileage-MRONF9VK70K_66Z2I_42Ig==/base.apk
12-14 00:29:36.048 W/PackageManager( 1731): Failure retrieving resources for com.evancharlton.mileage
12-14 00:29:36.048 W/asset   ( 1731): Asset path /data/app/com.evancharlton.mileage-MRONF9VK70K_66Z2I_42Ig==/base.apk is neither a directory nor file (type=1).
12-14 00:29:36.048 E/ResourcesManager( 1731): failed to add asset path /data/app/com.evancharlton.mileage-MRONF9VK70K_66Z2I_42Ig==/base.apk
12-14 00:29:36.048 W/PackageManager( 1731): Failure retrieving resources for com.evancharlton.mileage
12-14 00:29:36.048 W/asset   ( 1731): Asset path /data/app/com.evancharlton.mileage-MRONF9VK70K_66Z2I_42Ig==/base.apk is neither a directory nor file (type=1).
12-14 00:29:36.048 E/ResourcesManager( 1731): failed to add asset path /data/app/com.evancharlton.mileage-MRONF9VK70K_66Z2I_42Ig==/base.apk
12-14 00:29:36.048 W/PackageManager( 1731): Failure retrieving resources for com.evancharlton.mileage
12-14 00:29:36.052 D/EGL_emulation( 1731): eglMakeCurrent: 0x868d6220: ver 3 0 (tinfo 0x86886b40)
12-14 00:29:36.102 I/chatty  ( 1731): uid=10028(u0_a28) RenderThread identical 3 lines
12-14 00:29:36.107 D/EGL_emulation( 1731): eglMakeCurrent: 0x868d6220: ver 3 0 (tinfo 0x86886b40)
12-14 00:29:36.115 D/FillupsProvider( 3929): Creating database
12-14 00:29:36.117 D/EGL_emulation( 1731): eglMakeCurrent: 0x868d6220: ver 3 0 (tinfo 0x86886b40)
12-14 00:29:36.171 I/chatty  ( 1731): uid=10028(u0_a28) RenderThread identical 8 lines
12-14 00:29:36.186 D/EGL_emulation( 1731): eglMakeCurrent: 0x868d6220: ver 3 0 (tinfo 0x86886b40)
12-14 00:29:36.189 I/zygote  ( 3929): Do partial code cache collection, code=29KB, data=21KB
12-14 00:29:36.189 I/zygote  ( 3929): After code cache collection, code=29KB, data=21KB
12-14 00:29:36.189 I/zygote  ( 3929): Increasing code cache capacity to 128KB
12-14 00:29:36.189 D/EGL_emulation( 1731): eglMakeCurrent: 0x868d6220: ver 3 0 (tinfo 0x86886b40)
12-14 00:29:36.254 W/ActivityManager( 1628): Bad activity token: android.os.BinderProxy@71a998
12-14 00:29:36.254 W/ActivityManager( 1628): java.lang.ClassCastException: android.os.BinderProxy cannot be cast to com.android.server.am.ActivityRecord$Token
12-14 00:29:36.254 W/ActivityManager( 1628): 	at com.android.server.am.ActivityRecord.forTokenLocked(ActivityRecord.java:778)
12-14 00:29:36.254 W/ActivityManager( 1628): 	at com.android.server.am.ActivityRecord.isInStackLocked(ActivityRecord.java:2085)
12-14 00:29:36.254 W/ActivityManager( 1628): 	at com.android.server.am.ActivityManagerService.getActivityOptions(ActivityManagerService.java:13302)
12-14 00:29:36.254 W/ActivityManager( 1628): 	at android.app.IActivityManager$Stub.onTransact(IActivityManager.java:2910)
12-14 00:29:36.254 W/ActivityManager( 1628): 	at com.android.server.am.ActivityManagerService.onTransact(ActivityManagerService.java:2935)
12-14 00:29:36.254 W/ActivityManager( 1628): 	at android.os.Binder.execTransact(Binder.java:674)
12-14 00:29:36.255 W/ActivityManager( 1628): Bad activity token: android.os.BinderProxy@71a998
12-14 00:29:36.255 W/ActivityManager( 1628): java.lang.ClassCastException: android.os.BinderProxy cannot be cast to com.android.server.am.ActivityRecord$Token
12-14 00:29:36.255 W/ActivityManager( 1628): 	at com.android.server.am.ActivityRecord.forTokenLocked(ActivityRecord.java:778)
12-14 00:29:36.255 W/ActivityManager( 1628): 	at com.android.server.am.ActivityRecord.isInStackLocked(ActivityRecord.java:2085)
12-14 00:29:36.255 W/ActivityManager( 1628): 	at com.android.server.am.ActivityManagerService.getActivityOptions(ActivityManagerService.java:13302)
12-14 00:29:36.255 W/ActivityManager( 1628): 	at android.app.IActivityManager$Stub.onTransact(IActivityManager.java:2910)
12-14 00:29:36.255 W/ActivityManager( 1628): 	at com.android.server.am.ActivityManagerService.onTransact(ActivityManagerService.java:2935)
12-14 00:29:36.255 W/ActivityManager( 1628): 	at android.os.Binder.execTransact(Binder.java:674)
12-14 00:29:36.206 I/chatty  ( 1731): uid=10028(u0_a28) RenderThread identical 2 lines
12-14 00:29:36.218 D/EGL_emulation( 1731): eglMakeCurrent: 0x868d6220: ver 3 0 (tinfo 0x86886b40)
12-14 00:29:36.328 V/StatusBar( 1731): setLightsOn(true)
12-14 00:29:36.353 E/memtrack( 1628): Couldn't load memtrack module
12-14 00:29:36.353 W/android.os.Debug( 1628): failed to get memory consumption info: -1
12-14 00:29:36.397 V/StatusBar( 1731): setLightsOn(true)
12-14 00:29:36.403 V/StatusBar( 1731): setLightsOn(true)
12-14 00:29:36.405 I/zygote  ( 3929): Do partial code cache collection, code=44KB, data=59KB
12-14 00:29:36.405 I/zygote  ( 3929): After code cache collection, code=44KB, data=59KB
12-14 00:29:36.405 I/zygote  ( 3929): Increasing code cache capacity to 256KB
12-14 00:29:36.405 I/zygote  ( 3929): JIT allocated 71KB for compiled code of void android.widget.TextView.<init>(android.content.Context, android.util.AttributeSet, int, int)
12-14 00:29:36.405 I/zygote  ( 3929): Compiler allocated 4MB to compile void android.widget.TextView.<init>(android.content.Context, android.util.AttributeSet, int, int)
12-14 00:29:36.406 V/StatusBar( 1731): setLightsOn(true)
12-14 00:29:36.431 V/StatusBar( 1731): setLightsOn(true)
12-14 00:29:36.436 D/gralloc_ranchu( 1396): gralloc_alloc: Creating ashmem region of size 7753728
12-14 00:29:36.468 I/zygote  ( 3929): Do full code cache collection, code=124KB, data=70KB
12-14 00:29:36.471 I/zygote  ( 3929): After code cache collection, code=90KB, data=39KB
12-14 00:29:36.476 D/        ( 3929): HostConnection::get() New Host Connection established 0x978aff00, tid 3929
12-14 00:29:36.548 V/StatusBar( 1731): setLightsOn(true)
12-14 00:29:36.549 V/StatusBar( 1731): setLightsOn(true)
12-14 00:29:36.556 D/gralloc_ranchu( 1396): gralloc_alloc: Creating ashmem region of size 7753728
12-14 00:29:36.560 I/ActivityManager( 1628): Displayed com.evancharlton.mileage/.Mileage: +622ms
12-14 00:29:36.563 V/StatusBar( 1731): setLightsOn(true)
12-14 00:29:36.607 D/BoundBrokerSvc( 1940): onUnbind: Intent { act=com.google.android.gms.clearcut.bootcount.service.START cmp=com.google.android.gms/.chimera.PersistentBoundBrokerService }
12-14 00:29:36.636 D/ConnectivityService( 1628): handleLingerComplete for NetworkAgentInfo [MOBILE (LTE) - 100]
12-14 00:29:36.742 V/StatusBar( 1731): setLightsOn(true)
12-14 00:29:36.748 I/chatty  ( 1731): uid=10028(u0_a28) com.android.systemui identical 1 line
12-14 00:29:36.754 V/StatusBar( 1731): setLightsOn(true)
12-14 00:29:36.759 W/SurfaceFlinger( 1410): couldn't log to binary event log: overflow.
12-14 00:29:36.759 W/SurfaceFlinger( 1410): couldn't log to binary event log: overflow.
12-14 00:29:36.771 I/System.out( 3929): URI: //map
12-14 00:29:36.772 I/System.out( 3929): params: {json={"query":"android.widget.Button index:2","operation":{"method_name":"query","arguments":[]}}
12-14 00:29:36.772 I/System.out( 3929): }
12-14 00:29:36.777 V/StatusBar( 1731): setLightsOn(true)
12-14 00:29:36.843 I/PBSessionCacheImpl( 2234): Deleted sessionId[4757723132222] from persistence.
12-14 00:29:36.869 W/SearchService( 2234): Abort, client detached.
12-14 00:29:36.872 E/WorkerRegistryImpl( 2234): getWorker() is called after WorkerRegistry disposal.
12-14 00:29:36.873 E/WorkerRegistryImpl( 2234): getWorker() is called after WorkerRegistry disposal.
12-14 00:29:36.909 I/System.out( 3929): URI: //gesture
12-14 00:29:36.910 I/System.out( 3929): params: {json={"query_timeout":5.0,"gestures":[{"query_string":"android.widget.Button index:2","touches":[{"x":50,"y":50,"offset_x":0,"offset_y":0,"wait":0.0,"time":0.2,"release":true,"query_string":null}]}]}
12-14 00:29:36.910 I/System.out( 3929): }
12-14 00:29:37.158 I/zygote  ( 3929): Do partial code cache collection, code=121KB, data=60KB
12-14 00:29:37.159 I/zygote  ( 3929): After code cache collection, code=121KB, data=60KB
12-14 00:29:37.159 I/zygote  ( 3929): Increasing code cache capacity to 512KB
12-14 00:29:37.181 I/AudioTrack( 1628): AUDIO_OUTPUT_FLAG_FAST successful; frameCount 4512 -> 4512
12-14 00:29:37.244 V/StatusBar( 1731): setLightsOn(true)
12-14 00:29:37.245 I/chatty  ( 1731): uid=10028(u0_a28) com.android.systemui identical 1 line
12-14 00:29:37.248 V/StatusBar( 1731): setLightsOn(true)
12-14 00:29:37.257 W/View    ( 3929): dispatchProvideAutofillStructure(): not laid out, ignoring
12-14 00:29:37.268 W/Binder  ( 1628): Outgoing transactions from this process must be FLAG_ONEWAY
12-14 00:29:37.268 W/Binder  ( 1628): java.lang.Throwable
12-14 00:29:37.268 W/Binder  ( 1628): 	at android.os.BinderProxy.transact(Binder.java:736)
12-14 00:29:37.268 W/Binder  ( 1628): 	at android.app.assist.AssistStructure$ParcelTransferReader.fetchData(AssistStructure.java:407)
12-14 00:29:37.268 W/Binder  ( 1628): 	at android.app.assist.AssistStructure$ParcelTransferReader.go(AssistStructure.java:343)
12-14 00:29:37.268 W/Binder  ( 1628): 	at android.app.assist.AssistStructure.ensureData(AssistStructure.java:2096)
12-14 00:29:37.268 W/Binder  ( 1628): 	at com.android.server.autofill.Session$1.send(Session.java:200)
12-14 00:29:37.268 W/Binder  ( 1628): 	at com.android.server.am.ActivityManagerService.reportAssistContextExtras(ActivityManagerService.java:13137)
12-14 00:29:37.268 W/Binder  ( 1628): 	at android.app.IActivityManager$Stub.onTransact(IActivityManager.java:2466)
12-14 00:29:37.268 W/Binder  ( 1628): 	at com.android.server.am.ActivityManagerService.onTransact(ActivityManagerService.java:2935)
12-14 00:29:37.268 W/Binder  ( 1628): 	at android.os.Binder.execTransact(Binder.java:674)
12-14 00:29:37.272 I/AssistStructure( 3929): Flattened final assist data: 5024 bytes, containing 2 windows, 19 views
12-14 00:29:37.276 D/gralloc_ranchu( 1396): gralloc_alloc: Creating ashmem region of size 303104
12-14 00:29:37.292 V/StatusBar( 1731): setLightsOn(true)
12-14 00:29:37.299 V/StatusBar( 1731): setLightsOn(true)
12-14 00:29:37.805 W/audio_hw_generic( 1390): Not supplying enough data to HAL, expected position 23444 , only wrote 2160
12-14 00:29:37.805 W/audio_hw_generic( 1390): Not supplying enough data to HAL, expected position 2183 , only wrote 2160
12-14 00:29:37.806 W/AudioFlinger( 1474): write blocked for 493 msecs, 1 delayed writes, thread 0xaf703680
12-14 00:29:37.809 I/zygote  ( 3859): Waiting for a blocking GC ProfileSaver
12-14 00:29:37.819 V/StatusBar( 1731): setLightsOn(true)
12-14 00:29:37.823 W/audio_hw_generic( 1390): Hardware backing HAL too slow, could only write 0 of 720 frames
12-14 00:29:37.828 V/StatusBar( 1731): setLightsOn(true)
12-14 00:29:37.831 W/Nearby  ( 1940): Failed attempt #3 out of 3 for RestoreDeviceName [CONTEXT service_id=49 ]
12-14 00:29:37.831 W/Nearby  ( 1940): java.lang.IllegalStateException: BluetoothAdapter not ready yet!
12-14 00:29:37.831 W/Nearby  ( 1940): 	at alhd.g(:com.google.android.gms@204713022@20.47.13 (040700-344095733):2)
12-14 00:29:37.831 W/Nearby  ( 1940): 	at alhc.run(Unknown Source:0)
12-14 00:29:37.831 W/Nearby  ( 1940): 	at bznt.call(Unknown Source:0)
12-14 00:29:37.831 W/Nearby  ( 1940): 	at bzny.b(:com.google.android.gms@204713022@20.47.13 (040700-344095733):2)
12-14 00:29:37.831 W/Nearby  ( 1940): 	at bzny.a(:com.google.android.gms@204713022@20.47.13 (040700-344095733):0)
12-14 00:29:37.831 W/Nearby  ( 1940): 	at alhb.run(Unknown Source:2)
12-14 00:29:37.831 W/Nearby  ( 1940): 	at java.lang.Thread.run(Thread.java:764)
12-14 00:29:37.831 W/Nearby  ( 1940): 	at tly.run(Unknown Source:5)
12-14 00:29:37.831 W/Nearby  ( 1940): 	at java.util.concurrent.ThreadPoolExecutor.runWorker(ThreadPoolExecutor.java:1162)
12-14 00:29:37.831 W/Nearby  ( 1940): 	at java.util.concurrent.ThreadPoolExecutor$Worker.run(ThreadPoolExecutor.java:636)
12-14 00:29:37.831 W/Nearby  ( 1940): 	at trx.run(:com.google.android.gms@204713022@20.47.13 (040700-344095733):0)
12-14 00:29:37.831 W/Nearby  ( 1940): 	at java.lang.Thread.run(Thread.java:764)
12-14 00:29:37.835 D/AudioFlinger( 1474): mixer(0xaf703680) throttle end: throttle time(11)
12-14 00:29:37.837 I/zygote  ( 3859): WaitForGcToComplete blocked for 28.322ms for cause ProfileSaver
12-14 00:29:37.851 I/zygote  ( 3859): WaitForGcToComplete blocked for 10.067ms for cause HeapTrim
12-14 00:29:37.890 I/AssistStructure( 1628): Flattened final assist data: 4496 bytes, containing 2 windows, 19 views
12-14 00:29:37.893 D/gralloc_ranchu( 1396): gralloc_alloc: Creating ashmem region of size 7753728
12-14 00:29:37.909 W/lgq     ( 1940): Pending fill request while another request in the same session was triggered. [CONTEXT service_id=177 ]
12-14 00:29:37.926 E/SurfaceFlinger( 1410): ro.sf.lcd_density must be defined as a build property
12-14 00:29:37.926 D/PermissionCache( 1410): checking android.permission.READ_FRAME_BUFFER for uid=2000 => granted (128 us)
12-14 00:29:37.942 D/gralloc_ranchu( 1396): gralloc_alloc: Creating ashmem region of size 8298496
12-14 00:29:37.958 D/        ( 3983): HostConnection::get() New Host Connection established 0xb2c2f800, tid 3983
12-14 00:29:38.246 I/zygote  ( 1940): Deoptimizing bpvb bpuz.i(bpva) due to JIT inline cache
12-14 00:29:38.266 I/zygote  ( 1940): Background concurrent copying GC freed 91336(5MB) AllocSpace objects, 7(164KB) LOS objects, 44% free, 7MB/13MB, paused 808us total 194.962ms
