--------- beginning of main
12-14 00:30:15.321 V/StatusBar( 1731): setLightsOn(true)
12-14 00:30:15.321 D/gralloc_ranchu( 1396): gralloc_alloc: Creating ashmem region of size 8298496
12-14 00:30:15.354 I/chatty  ( 1396): uid=1000(system) allocator@2.0-s identical 1 line
12-14 00:30:15.368 D/gralloc_ranchu( 1396): gralloc_alloc: Creating ashmem region of size 8298496
12-14 00:30:15.399 W/audio_hw_generic( 1390): Not supplying enough data to HAL, expected position 836986 , only wrote 596160
12-14 00:30:15.422 D/SurfaceFlinger( 1410): duplicate layer name: changing com.google.android.apps.nexuslauncher/com.google.android.apps.nexuslauncher.NexusLauncherActivity to com.google.android.apps.nexuslauncher/com.google.android.apps.nexuslauncher.NexusLauncherActivity#1
12-14 00:30:15.445 D/gralloc_ranchu( 1396): gralloc_alloc: Creating ashmem region of size 8298496
12-14 00:30:15.445 D/EGL_emulation( 2234): eglMakeCurrent: 0x9a204b40: ver 3 0 (tinfo 0x9a203860)
12-14 00:30:15.447 D/EGL_emulation( 1731): eglMakeCurrent: 0x868d6220: ver 3 0 (tinfo 0x86886b40)
12-14 00:30:15.525 D/gralloc_ranchu( 1396): gralloc_alloc: Creating ashmem region of size 8298496
12-14 00:30:15.633 D/EGL_emulation( 2234): eglMakeCurrent: 0x9a204b40: ver 3 0 (tinfo 0x9a203860)
12-14 00:30:15.641 E/hw-IPCThreadState( 1396): binder thread pool (1 threads) starved for 114 ms
12-14 00:30:15.644 D/gralloc_ranchu( 1396): gralloc_alloc: Creating ashmem region of size 8298496
12-14 00:30:15.668 I/NetworkScheduler.Stats( 1940): Task com.google.android.gms/com.google.android.gms.ads.social.GcmSchedulerWakeupService started execution. cause:4 exec_start_elapsed_seconds: 93 [CONTEXT service_id=218 ]
12-14 00:30:15.691 D/gralloc_ranchu( 1396): gralloc_alloc: Creating ashmem region of size 8298496
12-14 00:30:15.710 I/NetworkScheduler.Stats( 1940): Task com.google.android.gms/com.google.android.gms.icing.service.IcingGcmTaskService finished executing. cause:4 result: 1 elapsed_millis: 499 uptime_millis: 499 exec_start_elapsed_seconds: 93 [CONTEXT service_id=218 ]
12-14 00:30:15.759 I/NetworkScheduler.Stats( 1940): Task com.google.android.gms/com.google.android.gms.ads.social.GcmSchedulerWakeupService finished executing. cause:4 result: 1 elapsed_millis: 230 uptime_millis: 230 exec_start_elapsed_seconds: 93 [CONTEXT service_id=218 ]
12-14 00:30:15.791 D/gralloc_ranchu( 1396): gralloc_alloc: Creating ashmem region of size 8298496
12-14 00:30:15.801 D/EGL_emulation( 2234): eglMakeCurrent: 0x9a204b40: ver 3 0 (tinfo 0x9a203860)
12-14 00:30:15.837 D/gralloc_ranchu( 1396): gralloc_alloc: Creating ashmem region of size 8298496
12-14 00:30:15.925 D/EGL_emulation( 2187): eglMakeCurrent: 0x97c7cde0: ver 3 0 (tinfo 0x97c7f830)
12-14 00:30:15.929 I/zygote  ( 2234): Deoptimizing void com.google.android.apps.gsa.search.core.service.worker.a.a.a(com.google.android.apps.gsa.search.core.state.qc) due to JIT inline cache
12-14 00:30:15.930 D/gralloc_ranchu( 1396): gralloc_alloc: Creating ashmem region of size 8298496
--------- beginning of system
12-14 00:30:15.963 W/ActivityManager( 1628): Unable to start service Intent { act=com.google.android.gms.speech.service.START pkg=com.google.android.gms } U=0: not found
12-14 00:30:15.963 W/ActivityManager( 1628): Unbind failed: could not find connection for android.os.BinderProxy@bffc8ba
12-14 00:30:15.964 E/GmsClient( 2234): unable to connect to service: com.google.android.gms.speech.service.START on com.google.android.gms
12-14 00:30:15.966 W/SessionLifecycleManager( 2234): Handover failed. Creating new session controller.
12-14 00:30:15.975 I/OptInState( 2234): There is a new client and it does not support opt-in. Dropping request.
12-14 00:30:16.053 D/gralloc_ranchu( 1396): gralloc_alloc: Creating ashmem region of size 7753728
12-14 00:30:16.055 I/MicroDetectionWorker( 2234): #updateMicroDetector [detectionMode: [mDetectionMode: [1]]]
12-14 00:30:16.056 I/MicroDetectionWorker( 2234): #startMicroDetector [speakerMode: 0]
12-14 00:30:16.057 I/AudioController( 2234): Using mInputStreamFactoryBuilder
12-14 00:30:16.127 D/        ( 1731): HostConnection::get() New Host Connection established 0x9a21fac0, tid 1985
12-14 00:30:16.152 I/MicroRecognitionRunner( 2234): Starting detection.
12-14 00:30:16.177 I/MicrophoneInputStream( 2234): mic_starting com.google.android.apps.gsa.staticplugins.aa.c@6393242
12-14 00:30:16.204 D/EGL_emulation( 1731): eglMakeCurrent: 0x868d6220: ver 3 0 (tinfo 0x86886b40)
12-14 00:30:16.209 D/EGL_emulation( 1731): eglMakeCurrent: 0x868d6220: ver 3 0 (tinfo 0x86886b40)
12-14 00:30:16.220 I/MicroDetectionWorker( 2234): onReady
12-14 00:30:16.232 D/EGL_emulation( 1731): eglMakeCurrent: 0x868d6220: ver 3 0 (tinfo 0x86886b40)
12-14 00:30:16.241 D/EGL_emulation( 1731): eglMakeCurrent: 0x868d6220: ver 3 0 (tinfo 0x86886b40)
12-14 00:30:16.243 I/AudioFlinger( 1474): AudioFlinger's thread 0xace99cc0 tid=4551 ready to run
12-14 00:30:16.256 D/EGL_emulation( 1731): eglMakeCurrent: 0x868d6220: ver 3 0 (tinfo 0x86886b40)
12-14 00:30:16.262 D/EGL_emulation( 1731): eglMakeCurrent: 0x868d6220: ver 3 0 (tinfo 0x86886b40)
12-14 00:30:16.265 I/MicrophoneInputStream( 2234): mic_started com.google.android.apps.gsa.staticplugins.aa.c@6393242
12-14 00:30:16.282 E/ActivityThread( 2234): Failed to find provider info for com.google.android.apps.gsa.testing.ui.audio.recorded
12-14 00:30:16.282 I/MicroDetectionWorker( 2234): onReady
12-14 00:30:16.283 W/SpeechLevelGenerator( 2234): Really low audio levels detected. The audio input may have issues.
12-14 00:30:16.287 D/EGL_emulation( 1731): eglMakeCurrent: 0x868d6220: ver 3 0 (tinfo 0x86886b40)
12-14 00:30:16.291 I/MicrophoneInputStream( 2234): mic_close com.google.android.apps.gsa.staticplugins.aa.c@6393242
12-14 00:30:16.299 I/NetworkScheduler.Stats( 1940): Task com.google.android.gms/com.google.android.gms.clearcut.uploader.QosUploaderService started execution. cause:5 exec_start_elapsed_seconds: 93 [CONTEXT service_id=218 ]
12-14 00:30:16.301 D/EGL_emulation( 1731): eglMakeCurrent: 0x868d6220: ver 3 0 (tinfo 0x86886b40)
12-14 00:30:16.303 D/EGL_emulation( 1731): eglMakeCurrent: 0x868d6220: ver 3 0 (tinfo 0x86886b40)
12-14 00:30:16.311 W/OpenGLRenderer( 2187): Incorrectly called buildLayer on View: ShortcutAndWidgetContainer, destroying layer...
12-14 00:30:16.314 D/EGL_emulation( 1731): eglMakeCurrent: 0x868d6220: ver 3 0 (tinfo 0x86886b40)
12-14 00:30:16.335 I/MicroRecognitionRunner( 2234): Detection finished
12-14 00:30:16.335 W/ErrorReporter( 2234): reportError [type: 211, code: 524300]: Error reading from input stream
12-14 00:30:16.336 I/MicroRecognitionRunner( 2234): Stopping hotword detection.
12-14 00:30:16.338 D/EGL_emulation( 1731): eglMakeCurrent: 0x868d6220: ver 3 0 (tinfo 0x86886b40)
12-14 00:30:16.342 D/EGL_emulation( 1731): eglMakeCurrent: 0x868d6220: ver 3 0 (tinfo 0x86886b40)
12-14 00:30:16.343 I/zygote  ( 1731): NativeAllocBackground concurrent copying GC freed 11303(726KB) AllocSpace objects, 0(0B) LOS objects, 50% free, 4MB/9MB, paused 3.375ms total 130.696ms
12-14 00:30:16.351 W/ErrorProcessor( 2234): onFatalError, processing error from engine(4)
12-14 00:30:16.351 W/ErrorProcessor( 2234): com.google.android.apps.gsa.shared.speech.b.g: Error reading from input stream
12-14 00:30:16.351 W/ErrorProcessor( 2234): 	at com.google.android.apps.gsa.staticplugins.recognizer.j.a.a(SourceFile:28)
12-14 00:30:16.351 W/ErrorProcessor( 2234): 	at com.google.android.apps.gsa.staticplugins.recognizer.j.b.run(SourceFile:15)
12-14 00:30:16.351 W/ErrorProcessor( 2234): 	at java.util.concurrent.Executors$RunnableAdapter.call(Executors.java:457)
12-14 00:30:16.351 W/ErrorProcessor( 2234): 	at java.util.concurrent.FutureTask.run(FutureTask.java:266)
12-14 00:30:16.351 W/ErrorProcessor( 2234): 	at com.google.android.apps.gsa.shared.util.concurrent.a.ax.run(SourceFile:14)
12-14 00:30:16.351 W/ErrorProcessor( 2234): 	at com.google.android.apps.gsa.shared.util.concurrent.a.bl.run(SourceFile:4)
12-14 00:30:16.351 W/ErrorProcessor( 2234): 	at com.google.android.apps.gsa.shared.util.concurrent.a.bl.run(SourceFile:4)
12-14 00:30:16.351 W/ErrorProcessor( 2234): 	at java.util.concurrent.ThreadPoolExecutor.runWorker(ThreadPoolExecutor.java:1162)
12-14 00:30:16.351 W/ErrorProcessor( 2234): 	at java.util.concurrent.ThreadPoolExecutor$Worker.run(ThreadPoolExecutor.java:636)
12-14 00:30:16.351 W/ErrorProcessor( 2234): 	at java.lang.Thread.run(Thread.java:764)
12-14 00:30:16.351 W/ErrorProcessor( 2234): 	at com.google.android.apps.gsa.shared.util.concurrent.a.ai.run(SourceFile:6)
12-14 00:30:16.351 W/ErrorProcessor( 2234): Caused by: com.google.android.apps.gsa.shared.exception.GsaIOException: Error code: 393238 | Buffer overflow, no available space.
12-14 00:30:16.351 W/ErrorProcessor( 2234): 	at com.google.android.apps.gsa.speech.audio.Tee.f(SourceFile:103)
12-14 00:30:16.351 W/ErrorProcessor( 2234): 	at com.google.android.apps.gsa.speech.audio.au.read(SourceFile:2)
12-14 00:30:16.351 W/ErrorProcessor( 2234): 	at java.io.InputStream.read(InputStream.java:101)
12-14 00:30:16.351 W/ErrorProcessor( 2234): 	at com.google.android.apps.gsa.speech.audio.ao.run(SourceFile:18)
12-14 00:30:16.351 W/ErrorProcessor( 2234): 	at com.google.android.apps.gsa.speech.audio.an.run(SourceFile:2)
12-14 00:30:16.351 W/ErrorProcessor( 2234): 	... 9 more
12-14 00:30:16.351 I/AudioController( 2234): internalShutdown
12-14 00:30:16.353 D/gralloc_ranchu( 1396): gralloc_alloc: Creating ashmem region of size 8298496
12-14 00:30:16.359 I/MicroDetector( 2234): Keeping mic open: false
12-14 00:30:16.359 I/DeviceStateChecker( 2234): DeviceStateChecker cancelled
12-14 00:30:16.359 I/MicroDetectionWorker( 2234): #onError(false)
12-14 00:30:16.374 D/EGL_emulation( 1731): eglMakeCurrent: 0x868d6220: ver 3 0 (tinfo 0x86886b40)
12-14 00:30:16.375 E/memtrack( 1628): Couldn't load memtrack module
12-14 00:30:16.376 W/android.os.Debug( 1628): failed to get memory consumption info: -1
12-14 00:30:16.387 I/zygote  ( 2234): Background concurrent copying GC freed 7392(521KB) AllocSpace objects, 7(188KB) LOS objects, 50% free, 4MB/8MB, paused 4.718ms total 207.200ms
12-14 00:30:16.394 D/EGL_emulation( 1731): eglMakeCurrent: 0x868d6220: ver 3 0 (tinfo 0x86886b40)
12-14 00:30:16.402 D/EGL_emulation( 1731): eglMakeCurrent: 0x868d6220: ver 3 0 (tinfo 0x86886b40)
12-14 00:30:16.428 E/memtrack( 1628): Couldn't load memtrack module
12-14 00:30:16.428 W/android.os.Debug( 1628): failed to get memory consumption info: -1
12-14 00:30:16.459 I/NetworkScheduler.Stats( 1940): Task com.google.android.gms/com.google.android.gms.clearcut.uploader.QosUploaderService finished executing. cause:5 result: 1 elapsed_millis: 549 uptime_millis: 549 exec_start_elapsed_seconds: 93 [CONTEXT service_id=218 ]
12-14 00:30:16.498 D/AndroidRuntime( 4545): >>>>>> START com.android.internal.os.RuntimeInit uid 2000 <<<<<<
12-14 00:30:16.549 I/OpenGLRenderer( 1628): Initialized EGL, version 1.4
12-14 00:30:16.549 D/OpenGLRenderer( 1628): Swap behavior 1
12-14 00:30:16.549 W/OpenGLRenderer( 1628): Failed to choose config with EGL_SWAP_BEHAVIOR_PRESERVED, retrying without...
12-14 00:30:16.549 D/OpenGLRenderer( 1628): Swap behavior 0
12-14 00:30:16.557 D/EGL_emulation( 1628): eglCreateContext: 0x9787e220: maj 3 min 0 rcv 3
12-14 00:30:16.558 D/EGL_emulation( 1628): eglMakeCurrent: 0x9787e220: ver 3 0 (tinfo 0x894dd150)
12-14 00:30:16.559 E/eglCodecCommon( 1628): glUtilsParamSize: unknow param 0x00008cdf
12-14 00:30:16.560 E/eglCodecCommon( 1628): glUtilsParamSize: unknow param 0x00008cdf
12-14 00:30:16.560 E/eglCodecCommon( 1628): glUtilsParamSize: unknow param 0x00008824
12-14 00:30:16.560 E/eglCodecCommon( 1628): glUtilsParamSize: unknow param 0x00008824
12-14 00:30:16.565 W/app_process( 4545): Unexpected CPU variant for X86 using defaults: x86
12-14 00:30:16.588 D/AndroidRuntime( 4545): Calling main entry com.android.commands.am.Am
12-14 00:30:16.592 I/ActivityManager( 1628): Force stopping com.evancharlton.mileage appid=10228 user=0: start instr
12-14 00:30:16.592 I/ActivityManager( 1628): Killing 4458:com.evancharlton.mileage/u0a228 (adj 0): stop com.evancharlton.mileage
12-14 00:30:16.596 W/ActivityManager( 1628): Crash of app com.evancharlton.mileage running instrumentation ComponentInfo{com.evancharlton.mileage.test/sh.calaba.instrumentationbackend.CalabashInstrumentationTestRunner}
12-14 00:30:16.596 I/ActivityManager( 1628): Force stopping com.evancharlton.mileage appid=10228 user=0: finished inst
12-14 00:30:16.603 I/ActivityManager( 1628): Start proc 4562:com.evancharlton.mileage/u0a228 for added application com.evancharlton.mileage
12-14 00:30:16.603 D/AndroidRuntime( 4545): Shutting down VM
12-14 00:30:16.609 W/ActivityManager( 1628): setHasOverlayUi called on unknown pid: 4458
12-14 00:30:16.619 I/zygote  ( 4562): Not late-enabling -Xcheck:jni (already on)
12-14 00:30:16.628 E/adbd    ( 1384): failed to connect to socket 'tcp:7102': Connection refused
12-14 00:30:16.632 W/zygote  ( 4562): Unexpected CPU variant for X86 using defaults: x86
12-14 00:30:16.633 E/adbd    ( 1384): failed to connect to socket 'tcp:7102': Connection refused
12-14 00:30:16.659 W/zygote  ( 4562): Found duplicate classes, falling back to extracting from APK : /data/app/com.evancharlton.mileage.test-is5G0SPg-HaSwcvDyeajNQ==/base.apk
12-14 00:30:16.659 W/zygote  ( 4562): NOTE: This wastes RAM and hurts startup performance.
12-14 00:30:16.659 W/zygote  ( 4562): Found duplicated class when checking oat files: 'Ljunit/runner/BaseTestRunner;' in /data/app/com.evancharlton.mileage.test-is5G0SPg-HaSwcvDyeajNQ==/base.apk and /system/framework/android.test.runner.jar
12-14 00:30:16.659 W/zygote  ( 4562): 
12-14 00:30:16.693 W/System  ( 4562): ClassLoader referenced unknown path: 
12-14 00:30:16.706 I/System.out( 4562): Main activity name automatically set to: com.evancharlton.mileage.Mileage
12-14 00:30:16.707 I/System.out( 4562): Calabash did not load Mono. This is only a problem if you are trying to test a Mono application
12-14 00:30:16.707 I/calabash( 4562): Test server port: 7102
12-14 00:30:16.709 I/InstrumentationBackend( 4562): Added:'GetPreferences', with key:'get_preferences'
12-14 00:30:16.739 E/adbd    ( 1384): failed to connect to socket 'tcp:7102': Connection refused
12-14 00:30:16.742 E/adbd    ( 1384): failed to connect to socket 'tcp:7102': Connection refused
12-14 00:30:16.774 I/InstrumentationBackend( 4562): Added:'SetPreferences', with key:'set_preferences'
12-14 00:30:16.774 I/InstrumentationBackend( 4562): Added:'ClearPreferences', with key:'clear_preferences'
12-14 00:30:16.775 I/InstrumentationBackend( 4562): Added:'PressElement', with key:'press_l10n_element'
12-14 00:30:16.775 I/InstrumentationBackend( 4562): Added:'WaitForElement', with key:'wait_for_l10n_element'
12-14 00:30:16.776 I/InstrumentationBackend( 4562): Added:'NullAction', with key:'nullAction'
12-14 00:30:16.776 I/InstrumentationBackend( 4562): Added:'PressKey', with key:'press_key'
12-14 00:30:16.777 I/InstrumentationBackend( 4562): Added:'SetActivityOrientation', with key:'set_activity_orientation'
12-14 00:30:16.777 I/InstrumentationBackend( 4562): Added:'GetActivityOrientation', with key:'get_activity_orientation'
12-14 00:30:16.777 I/InstrumentationBackend( 4562): Added:'FakeGPSLocation', with key:'set_gps_coordinates'
12-14 00:30:16.778 I/InstrumentationBackend( 4562): Added:'SetPropertyByCssSelector', with key:'set_property_by_css_selector'
12-14 00:30:16.779 I/InstrumentationBackend( 4562): Added:'GetUrl', with key:'get_url'
12-14 00:30:16.782 I/InstrumentationBackend( 4562): Added:'ScrollTo', with key:'scroll_to'
12-14 00:30:16.782 I/InstrumentationBackend( 4562): Added:'GetLoadProgress', with key:'get_load_progress'
12-14 00:30:16.783 I/InstrumentationBackend( 4562): Added:'DumpHtml', with key:'dump_html'
12-14 00:30:16.783 I/InstrumentationBackend( 4562): Added:'DumpBodyHtml', with key:'dump_body_html'
12-14 00:30:16.784 I/InstrumentationBackend( 4562): Added:'EnterTextByCssSelector', with key:'enter_text_by_selector'
12-14 00:30:16.788 I/InstrumentationBackend( 4562): Added:'AndroidSDKVersion', with key:'android_sdk_version'
12-14 00:30:16.788 I/InstrumentationBackend( 4562): Added:'Version', with key:'version'
12-14 00:30:16.788 I/InstrumentationBackend( 4562): Added:'Drag', with key:'drag'
12-14 00:30:16.788 I/InstrumentationBackend( 4562): Added:'TouchCoordinates', with key:'touch_coordinate'
12-14 00:30:16.789 I/InstrumentationBackend( 4562): Added:'LongPressCoordinate', with key:'long_press_coordinate'
12-14 00:30:16.789 I/InstrumentationBackend( 4562): Added:'DragCoordinates', with key:'drag_coordinates'
12-14 00:30:16.789 I/InstrumentationBackend( 4562): Added:'ResumeApplication', with key:'resume_application'
12-14 00:30:16.790 I/InstrumentationBackend( 4562): Added:'Swipe', with key:'swipe'
12-14 00:30:16.790 I/InstrumentationBackend( 4562): Added:'DoubleTapCoordinate', with key:'double_tap_coordinate'
12-14 00:30:16.790 I/InstrumentationBackend( 4562): Added:'ClickOnScreen', with key:'click_on_screen'
12-14 00:30:16.791 I/InstrumentationBackend( 4562): Added:'GetActivityName', with key:'get_activity_name'
12-14 00:30:16.791 I/InstrumentationBackend( 4562): Added:'ScrollToView', with key:'scroll_to_view'
12-14 00:30:16.792 I/InstrumentationBackend( 4562): Added:'ViewConfiguration', with key:'view_configuration'
12-14 00:30:16.792 I/InstrumentationBackend( 4562): Added:'IsCurrentActivityFocused', with key:'is_current_activity_focused'
12-14 00:30:16.793 I/InstrumentationBackend( 4562): Added:'SendTcp', with key:'send_tcp'
12-14 00:30:16.793 I/InstrumentationBackend( 4562): Added:'DpToDevicePixel', with key:'dp_to_device_pixel'
12-14 00:30:16.794 I/InstrumentationBackend( 4562): Added:'KeyboardEnterText', with key:'keyboard_enter_text'
12-14 00:30:16.795 I/InstrumentationBackend( 4562): Added:'DeleteSurroundingText', with key:'delete_surrounding_text'
12-14 00:30:16.795 I/InstrumentationBackend( 4562): Added:'SetComposingRegion', with key:'set_composing_region'
12-14 00:30:16.796 I/InstrumentationBackend( 4562): Added:'SetSelection', with key:'set_selection'
12-14 00:30:16.796 I/InstrumentationBackend( 4562): Added:'KeyboardKeyEvent', with key:'keyboard_key_event'
12-14 00:30:16.797 I/InstrumentationBackend( 4562): Added:'PressUserActionButton', with key:'press_user_action_button'
12-14 00:30:16.798 I/InstrumentationBackend( 4562): Added:'HideSoftKeyboard', with key:'hide_soft_keyboard'
12-14 00:30:16.799 I/InstrumentationBackend( 4562): Added:'ListActions', with key:'list_actions'
12-14 00:30:16.800 I/calabash( 4562): Instantiating http server at 7102
12-14 00:30:16.800 I/System.out( 4562): HTTP Daemon listening on: 7102
12-14 00:30:16.870 I/System.out( 4562): URI: //ping
12-14 00:30:16.871 I/System.out( 4562): params: {json={}
12-14 00:30:16.871 I/System.out( 4562): }
12-14 00:30:16.891 I/System.out( 4562): URI: //ping
12-14 00:30:16.891 I/System.out( 4562): params: {json={}
12-14 00:30:16.891 I/System.out( 4562): }
12-14 00:30:16.903 I/System.out( 4562): URI: //ready
12-14 00:30:16.903 I/System.out( 4562): params: {json={}
12-14 00:30:16.903 I/System.out( 4562): }
12-14 00:30:16.915 I/System.out( 4562): URI: //
12-14 00:30:16.915 I/System.out( 4562): params: {json={"command":"version","arguments":[]}
12-14 00:30:16.915 I/System.out( 4562): }
12-14 00:30:16.915 I/System.out( 4562): header: {content-type=application/json;charset=utf-8, date=Mon, 14 Dec 2020 05:30:17 GMT, accept=*/*, host=127.0.0.1:34777, content-length=36, user-agent=HTTPClient/1.0 (2.8.3, ruby 2.5.8 (2020-03-31))}
12-14 00:30:16.915 I/System.out( 4562): params: {json={"command":"version","arguments":[]}
12-14 00:30:16.915 I/System.out( 4562): }
12-14 00:30:16.915 I/System.out( 4562): ProP json = {"command":"version","arguments":[]}
12-14 00:30:16.915 I/System.out( 4562): files: {}
12-14 00:30:16.915 I/System.out( 4562): command: {"command":"version","arguments":[]}
12-14 00:30:16.945 I/InstrumentationBackend( 4562): Got command:'Command:'Line:null,version', arguments:'[]'
12-14 00:30:16.979 I/System.out( 4562): result:{"bonusInformation":[],"message":"0.9.8","success":true}
12-14 00:30:16.988 I/System.out( 4562): URI: //start-application
12-14 00:30:16.988 I/System.out( 4562): params: {json={"intent":null}
12-14 00:30:16.988 I/System.out( 4562): }
12-14 00:30:17.028 I/ActivityManager( 1628): START u0 {act=android.intent.action.MAIN cat=[android.intent.category.LAUNCHER] flg=0x10200000 cmp=com.evancharlton.mileage/.Mileage} from uid 10228
12-14 00:30:17.043 I/calabash( 4562): newActivity1
12-14 00:30:17.072 D/gralloc_ranchu( 1396): gralloc_alloc: Creating ashmem region of size 7753728
12-14 00:30:17.083 W/ActivityManager( 1628): Bad activity token: android.os.BinderProxy@c5aacd3
12-14 00:30:17.083 W/ActivityManager( 1628): java.lang.ClassCastException: android.os.BinderProxy cannot be cast to com.android.server.am.ActivityRecord$Token
12-14 00:30:17.083 W/ActivityManager( 1628): 	at com.android.server.am.ActivityRecord.forTokenLocked(ActivityRecord.java:778)
12-14 00:30:17.083 W/ActivityManager( 1628): 	at com.android.server.am.ActivityRecord.isInStackLocked(ActivityRecord.java:2085)
12-14 00:30:17.083 W/ActivityManager( 1628): 	at com.android.server.am.ActivityRecord.getStackLocked(ActivityRecord.java:2090)
12-14 00:30:17.083 W/ActivityManager( 1628): 	at com.android.server.am.ActivityManagerService.getActivityDisplayId(ActivityManagerService.java:10406)
12-14 00:30:17.083 W/ActivityManager( 1628): 	at android.app.IActivityManager$Stub.onTransact(IActivityManager.java:2738)
12-14 00:30:17.083 W/ActivityManager( 1628): 	at com.android.server.am.ActivityManagerService.onTransact(ActivityManagerService.java:2935)
12-14 00:30:17.083 W/ActivityManager( 1628): 	at android.os.Binder.execTransact(Binder.java:674)
12-14 00:30:17.086 I/calabash( 4562): newActivity1
12-14 00:30:17.092 W/ActivityManager( 1628): Bad activity token: android.os.BinderProxy@c5aacd3
12-14 00:30:17.092 W/ActivityManager( 1628): java.lang.ClassCastException: android.os.BinderProxy cannot be cast to com.android.server.am.ActivityRecord$Token
12-14 00:30:17.092 W/ActivityManager( 1628): 	at com.android.server.am.ActivityRecord.forTokenLocked(ActivityRecord.java:778)
12-14 00:30:17.092 W/ActivityManager( 1628): 	at com.android.server.am.ActivityRecord.isInStackLocked(ActivityRecord.java:2085)
12-14 00:30:17.092 W/ActivityManager( 1628): 	at com.android.server.am.ActivityManagerService.setTaskDescription(ActivityManagerService.java:9988)
12-14 00:30:17.092 W/ActivityManager( 1628): 	at android.app.IActivityManager$Stub.onTransact(IActivityManager.java:2824)
12-14 00:30:17.092 W/ActivityManager( 1628): 	at com.android.server.am.ActivityManagerService.onTransact(ActivityManagerService.java:2935)
12-14 00:30:17.092 W/ActivityManager( 1628): 	at android.os.Binder.execTransact(Binder.java:674)
12-14 00:30:17.092 W/ActivityManager( 1628): Bad activity token: android.os.BinderProxy@c5aacd3
12-14 00:30:17.092 W/ActivityManager( 1628): java.lang.ClassCastException: android.os.BinderProxy cannot be cast to com.android.server.am.ActivityRecord$Token
12-14 00:30:17.092 W/ActivityManager( 1628): 	at com.android.server.am.ActivityRecord.forTokenLocked(ActivityRecord.java:778)
12-14 00:30:17.092 W/ActivityManager( 1628): 	at com.android.server.am.ActivityRecord.isInStackLocked(ActivityRecord.java:2085)
12-14 00:30:17.092 W/ActivityManager( 1628): 	at com.android.server.am.ActivityRecord.getStackLocked(ActivityRecord.java:2090)
12-14 00:30:17.092 W/ActivityManager( 1628): 	at com.android.server.am.ActivityManagerService.getActivityStackId(ActivityManagerService.java:10417)
12-14 00:30:17.092 W/ActivityManager( 1628): 	at android.app.IActivityManager$Stub.onTransact(IActivityManager.java:3548)
12-14 00:30:17.092 W/ActivityManager( 1628): 	at com.android.server.am.ActivityManagerService.onTransact(ActivityManagerService.java:2935)
12-14 00:30:17.092 W/ActivityManager( 1628): 	at android.os.Binder.execTransact(Binder.java:674)
12-14 00:30:17.123 D/EGL_emulation( 2234): eglMakeCurrent: 0x9a204b40: ver 3 0 (tinfo 0x9a203860)
12-14 00:30:17.132 D/EGL_emulation( 2187): eglMakeCurrent: 0x97c7cde0: ver 3 0 (tinfo 0x97c7f830)
12-14 00:30:17.158 D/EGL_emulation( 1731): eglMakeCurrent: 0x868d6220: ver 3 0 (tinfo 0x86886b40)
12-14 00:30:17.163 V/StatusBar( 1731): setLightsOn(true)
12-14 00:30:17.168 D/EGL_emulation( 1731): eglMakeCurrent: 0x868d6220: ver 3 0 (tinfo 0x86886b40)
12-14 00:30:17.173 D/EGL_emulation( 1731): eglMakeCurrent: 0x868d6220: ver 3 0 (tinfo 0x86886b40)
12-14 00:30:17.178 E/ContentStoreEUAS( 2234): Failed to commit the deferred actions
12-14 00:30:17.188 D/EGL_emulation( 1731): eglMakeCurrent: 0x868d6220: ver 3 0 (tinfo 0x86886b40)
12-14 00:30:17.228 W/ActivityManager( 1628): Bad activity token: android.os.BinderProxy@c5aacd3
12-14 00:30:17.228 W/ActivityManager( 1628): java.lang.ClassCastException: android.os.BinderProxy cannot be cast to com.android.server.am.ActivityRecord$Token
12-14 00:30:17.228 W/ActivityManager( 1628): 	at com.android.server.am.ActivityRecord.forTokenLocked(ActivityRecord.java:778)
12-14 00:30:17.228 W/ActivityManager( 1628): 	at com.android.server.am.ActivityRecord.isInStackLocked(ActivityRecord.java:2085)
12-14 00:30:17.228 W/ActivityManager( 1628): 	at com.android.server.am.ActivityManagerService.getActivityOptions(ActivityManagerService.java:13302)
12-14 00:30:17.228 W/ActivityManager( 1628): 	at android.app.IActivityManager$Stub.onTransact(IActivityManager.java:2910)
12-14 00:30:17.228 W/ActivityManager( 1628): 	at com.android.server.am.ActivityManagerService.onTransact(ActivityManagerService.java:2935)
12-14 00:30:17.228 W/ActivityManager( 1628): 	at android.os.Binder.execTransact(Binder.java:674)
12-14 00:30:17.228 W/ActivityManager( 1628): Bad activity token: android.os.BinderProxy@c5aacd3
12-14 00:30:17.228 W/ActivityManager( 1628): java.lang.ClassCastException: android.os.BinderProxy cannot be cast to com.android.server.am.ActivityRecord$Token
12-14 00:30:17.228 W/ActivityManager( 1628): 	at com.android.server.am.ActivityRecord.forTokenLocked(ActivityRecord.java:778)
12-14 00:30:17.228 W/ActivityManager( 1628): 	at com.android.server.am.ActivityRecord.isInStackLocked(ActivityRecord.java:2085)
12-14 00:30:17.228 W/ActivityManager( 1628): 	at com.android.server.am.ActivityManagerService.getActivityOptions(ActivityManagerService.java:13302)
12-14 00:30:17.228 W/ActivityManager( 1628): 	at android.app.IActivityManager$Stub.onTransact(IActivityManager.java:2910)
12-14 00:30:17.228 W/ActivityManager( 1628): 	at com.android.server.am.ActivityManagerService.onTransact(ActivityManagerService.java:2935)
12-14 00:30:17.228 W/ActivityManager( 1628): 	at android.os.Binder.execTransact(Binder.java:674)
12-14 00:30:17.326 I/chatty  ( 1731): uid=10028(u0_a28) RenderThread identical 16 lines
12-14 00:30:17.336 D/EGL_emulation( 1731): eglMakeCurrent: 0x868d6220: ver 3 0 (tinfo 0x86886b40)
12-14 00:30:17.337 V/StatusBar( 1731): setLightsOn(true)
12-14 00:30:17.343 D/EGL_emulation( 1731): eglMakeCurrent: 0x868d6220: ver 3 0 (tinfo 0x86886b40)
12-14 00:30:17.354 I/chatty  ( 1731): uid=10028(u0_a28) RenderThread identical 1 line
12-14 00:30:17.361 D/EGL_emulation( 1731): eglMakeCurrent: 0x868d6220: ver 3 0 (tinfo 0x86886b40)
12-14 00:30:17.381 I/zygote  ( 4562): Do partial code cache collection, code=28KB, data=30KB
12-14 00:30:17.382 I/zygote  ( 4562): After code cache collection, code=28KB, data=30KB
12-14 00:30:17.382 I/zygote  ( 4562): Increasing code cache capacity to 128KB
12-14 00:30:17.384 I/zygote  ( 4562): Do partial code cache collection, code=28KB, data=48KB
12-14 00:30:17.384 I/zygote  ( 4562): After code cache collection, code=28KB, data=48KB
12-14 00:30:17.384 I/zygote  ( 4562): Increasing code cache capacity to 256KB
12-14 00:30:17.384 I/zygote  ( 4562): JIT allocated 71KB for compiled code of void android.widget.TextView.<init>(android.content.Context, android.util.AttributeSet, int, int)
12-14 00:30:17.384 I/zygote  ( 4562): Compiler allocated 4MB to compile void android.widget.TextView.<init>(android.content.Context, android.util.AttributeSet, int, int)
12-14 00:30:17.389 V/StatusBar( 1731): setLightsOn(true)
12-14 00:30:17.390 I/chatty  ( 1731): uid=10028(u0_a28) com.android.systemui identical 1 line
12-14 00:30:17.392 V/StatusBar( 1731): setLightsOn(true)
12-14 00:30:17.441 D/gralloc_ranchu( 1396): gralloc_alloc: Creating ashmem region of size 7753728
12-14 00:30:17.478 D/        ( 4562): HostConnection::get() New Host Connection established 0x978afd40, tid 4562
12-14 00:30:17.564 V/StatusBar( 1731): setLightsOn(true)
12-14 00:30:17.570 I/ActivityManager( 1628): Displayed com.evancharlton.mileage/.Mileage: +520ms
12-14 00:30:17.578 V/StatusBar( 1731): setLightsOn(true)
12-14 00:30:17.594 D/gralloc_ranchu( 1396): gralloc_alloc: Creating ashmem region of size 7753728
12-14 00:30:17.719 I/zygote  ( 4562): Do full code cache collection, code=125KB, data=71KB
12-14 00:30:17.720 I/zygote  ( 4562): After code cache collection, code=108KB, data=44KB
12-14 00:30:17.759 I/System.out( 4562): URI: //gesture
12-14 00:30:17.759 I/System.out( 4562): params: {json={"query_timeout":5.0,"gestures":[{"query_string":"android.widget.TabWidget descendant TextView index:1","touches":[{"x":50,"y":50,"offset_x":0,"offset_y":0,"wait":0.0,"time":0.2,"release":true,"query_string":null}]}]}
12-14 00:30:17.759 I/System.out( 4562): }
12-14 00:30:17.767 V/StatusBar( 1731): setLightsOn(true)
12-14 00:30:17.881 I/chatty  ( 1731): uid=10028(u0_a28) com.android.systemui identical 3 lines
12-14 00:30:17.897 V/StatusBar( 1731): setLightsOn(true)
12-14 00:30:17.921 W/SurfaceFlinger( 1410): couldn't log to binary event log: overflow.
12-14 00:30:17.921 W/SurfaceFlinger( 1410): couldn't log to binary event log: overflow.
12-14 00:30:17.993 I/PBSessionCacheImpl( 2234): Deleted sessionId[4757723132944] from persistence.
12-14 00:30:18.033 W/SearchService( 2234): Abort, client detached.
12-14 00:30:18.100 W/audio_hw_generic( 1390): Not supplying enough data to HAL, expected position 596463 , only wrote 596160
12-14 00:30:18.114 W/ActivityManager( 1628): Bad activity token: android.os.BinderProxy@62b0f35
12-14 00:30:18.114 W/ActivityManager( 1628): java.lang.ClassCastException: android.os.BinderProxy cannot be cast to com.android.server.am.ActivityRecord$Token
12-14 00:30:18.114 W/ActivityManager( 1628): 	at com.android.server.am.ActivityRecord.forTokenLocked(ActivityRecord.java:778)
12-14 00:30:18.114 W/ActivityManager( 1628): 	at com.android.server.am.ActivityRecord.isInStackLocked(ActivityRecord.java:2085)
12-14 00:30:18.114 W/ActivityManager( 1628): 	at com.android.server.am.ActivityRecord.getStackLocked(ActivityRecord.java:2090)
12-14 00:30:18.114 W/ActivityManager( 1628): 	at com.android.server.am.ActivityManagerService.getActivityDisplayId(ActivityManagerService.java:10406)
12-14 00:30:18.114 W/ActivityManager( 1628): 	at android.app.IActivityManager$Stub.onTransact(IActivityManager.java:2738)
12-14 00:30:18.114 W/ActivityManager( 1628): 	at com.android.server.am.ActivityManagerService.onTransact(ActivityManagerService.java:2935)
12-14 00:30:18.114 W/ActivityManager( 1628): 	at android.os.Binder.execTransact(Binder.java:674)
12-14 00:30:18.118 I/calabash( 4562): newActivity1
12-14 00:30:18.122 W/ActivityManager( 1628): Bad activity token: android.os.BinderProxy@62b0f35
12-14 00:30:18.122 W/ActivityManager( 1628): java.lang.ClassCastException: android.os.BinderProxy cannot be cast to com.android.server.am.ActivityRecord$Token
12-14 00:30:18.122 W/ActivityManager( 1628): 	at com.android.server.am.ActivityRecord.forTokenLocked(ActivityRecord.java:778)
12-14 00:30:18.122 W/ActivityManager( 1628): 	at com.android.server.am.ActivityRecord.isInStackLocked(ActivityRecord.java:2085)
12-14 00:30:18.122 W/ActivityManager( 1628): 	at com.android.server.am.ActivityManagerService.setTaskDescription(ActivityManagerService.java:9988)
12-14 00:30:18.122 W/ActivityManager( 1628): 	at android.app.IActivityManager$Stub.onTransact(IActivityManager.java:2824)
12-14 00:30:18.122 W/ActivityManager( 1628): 	at com.android.server.am.ActivityManagerService.onTransact(ActivityManagerService.java:2935)
12-14 00:30:18.122 W/ActivityManager( 1628): 	at android.os.Binder.execTransact(Binder.java:674)
12-14 00:30:18.123 W/ActivityManager( 1628): Bad activity token: android.os.BinderProxy@62b0f35
12-14 00:30:18.123 W/ActivityManager( 1628): java.lang.ClassCastException: android.os.BinderProxy cannot be cast to com.android.server.am.ActivityRecord$Token
12-14 00:30:18.123 W/ActivityManager( 1628): 	at com.android.server.am.ActivityRecord.forTokenLocked(ActivityRecord.java:778)
12-14 00:30:18.123 W/ActivityManager( 1628): 	at com.android.server.am.ActivityRecord.isInStackLocked(ActivityRecord.java:2085)
12-14 00:30:18.123 W/ActivityManager( 1628): 	at com.android.server.am.ActivityRecord.getStackLocked(ActivityRecord.java:2090)
12-14 00:30:18.123 W/ActivityManager( 1628): 	at com.android.server.am.ActivityManagerService.getActivityStackId(ActivityManagerService.java:10417)
12-14 00:30:18.123 W/ActivityManager( 1628): 	at android.app.IActivityManager$Stub.onTransact(IActivityManager.java:3548)
12-14 00:30:18.123 W/ActivityManager( 1628): 	at com.android.server.am.ActivityManagerService.onTransact(ActivityManagerService.java:2935)
12-14 00:30:18.123 W/ActivityManager( 1628): 	at android.os.Binder.execTransact(Binder.java:674)
12-14 00:30:18.183 W/ActivityManager( 1628): Bad activity token: android.os.BinderProxy@62b0f35
12-14 00:30:18.183 W/ActivityManager( 1628): java.lang.ClassCastException: android.os.BinderProxy cannot be cast to com.android.server.am.ActivityRecord$Token
12-14 00:30:18.183 W/ActivityManager( 1628): 	at com.android.server.am.ActivityRecord.forTokenLocked(ActivityRecord.java:778)
12-14 00:30:18.183 W/ActivityManager( 1628): 	at com.android.server.am.ActivityRecord.isInStackLocked(ActivityRecord.java:2085)
12-14 00:30:18.183 W/ActivityManager( 1628): 	at com.android.server.am.ActivityManagerService.getActivityOptions(ActivityManagerService.java:13302)
12-14 00:30:18.183 W/ActivityManager( 1628): 	at android.app.IActivityManager$Stub.onTransact(IActivityManager.java:2910)
12-14 00:30:18.183 W/ActivityManager( 1628): 	at com.android.server.am.ActivityManagerService.onTransact(ActivityManagerService.java:2935)
12-14 00:30:18.183 W/ActivityManager( 1628): 	at android.os.Binder.execTransact(Binder.java:674)
12-14 00:30:18.184 W/ActivityManager( 1628): Bad activity token: android.os.BinderProxy@62b0f35
12-14 00:30:18.184 W/ActivityManager( 1628): java.lang.ClassCastException: android.os.BinderProxy cannot be cast to com.android.server.am.ActivityRecord$Token
12-14 00:30:18.184 W/ActivityManager( 1628): 	at com.android.server.am.ActivityRecord.forTokenLocked(ActivityRecord.java:778)
12-14 00:30:18.184 W/ActivityManager( 1628): 	at com.android.server.am.ActivityRecord.isInStackLocked(ActivityRecord.java:2085)
12-14 00:30:18.184 W/ActivityManager( 1628): 	at com.android.server.am.ActivityManagerService.getActivityOptions(ActivityManagerService.java:13302)
12-14 00:30:18.184 W/ActivityManager( 1628): 	at android.app.IActivityManager$Stub.onTransact(IActivityManager.java:2910)
12-14 00:30:18.184 W/ActivityManager( 1628): 	at com.android.server.am.ActivityManagerService.onTransact(ActivityManagerService.java:2935)
12-14 00:30:18.184 W/ActivityManager( 1628): 	at android.os.Binder.execTransact(Binder.java:674)
12-14 00:30:18.247 I/zygote  ( 4562): Do partial code cache collection, code=124KB, data=67KB
12-14 00:30:18.248 I/zygote  ( 4562): After code cache collection, code=124KB, data=67KB
12-14 00:30:18.248 I/zygote  ( 4562): Increasing code cache capacity to 512KB
12-14 00:30:18.257 D/gralloc_ranchu( 1396): gralloc_alloc: Creating ashmem region of size 7753728
12-14 00:30:18.262 D/Mileage ( 4562): Not enough fillups to calculate economy
12-14 00:30:18.410 E/SurfaceFlinger( 1410): ro.sf.lcd_density must be defined as a build property
12-14 00:30:18.421 D/gralloc_ranchu( 1396): gralloc_alloc: Creating ashmem region of size 8298496
12-14 00:30:18.431 D/        ( 4605): HostConnection::get() New Host Connection established 0xb1eaf800, tid 4605
12-14 00:30:18.827 I/System.out( 4562): URI: //gesture
12-14 00:30:18.827 I/System.out( 4562): params: {json={"query_timeout":5.0,"gestures":[{"query_string":"android.widget.TabWidget descendant TextView index:3","touches":[{"x":50,"y":50,"offset_x":0,"offset_y":0,"wait":0.0,"time":0.2,"release":true,"query_string":null}]}]}
12-14 00:30:18.827 I/System.out( 4562): }
12-14 00:30:19.103 W/ActivityManager( 1628): Bad activity token: android.os.BinderProxy@a539de9
12-14 00:30:19.103 W/ActivityManager( 1628): java.lang.ClassCastException: android.os.BinderProxy cannot be cast to com.android.server.am.ActivityRecord$Token
12-14 00:30:19.103 W/ActivityManager( 1628): 	at com.android.server.am.ActivityRecord.forTokenLocked(ActivityRecord.java:778)
12-14 00:30:19.103 W/ActivityManager( 1628): 	at com.android.server.am.ActivityRecord.isInStackLocked(ActivityRecord.java:2085)
12-14 00:30:19.103 W/ActivityManager( 1628): 	at com.android.server.am.ActivityRecord.getStackLocked(ActivityRecord.java:2090)
12-14 00:30:19.103 W/ActivityManager( 1628): 	at com.android.server.am.ActivityManagerService.getActivityDisplayId(ActivityManagerService.java:10406)
12-14 00:30:19.103 W/ActivityManager( 1628): 	at android.app.IActivityManager$Stub.onTransact(IActivityManager.java:2738)
12-14 00:30:19.103 W/ActivityManager( 1628): 	at com.android.server.am.ActivityManagerService.onTransact(ActivityManagerService.java:2935)
12-14 00:30:19.103 W/ActivityManager( 1628): 	at android.os.Binder.execTransact(Binder.java:674)
12-14 00:30:19.104 I/calabash( 4562): newActivity1
12-14 00:30:19.108 W/ActivityManager( 1628): Bad activity token: android.os.BinderProxy@a539de9
12-14 00:30:19.108 W/ActivityManager( 1628): java.lang.ClassCastException: android.os.BinderProxy cannot be cast to com.android.server.am.ActivityRecord$Token
12-14 00:30:19.108 W/ActivityManager( 1628): 	at com.android.server.am.ActivityRecord.forTokenLocked(ActivityRecord.java:778)
12-14 00:30:19.108 W/ActivityManager( 1628): 	at com.android.server.am.ActivityRecord.isInStackLocked(ActivityRecord.java:2085)
12-14 00:30:19.108 W/ActivityManager( 1628): 	at com.android.server.am.ActivityManagerService.setTaskDescription(ActivityManagerService.java:9988)
12-14 00:30:19.108 W/ActivityManager( 1628): 	at android.app.IActivityManager$Stub.onTransact(IActivityManager.java:2824)
12-14 00:30:19.108 W/ActivityManager( 1628): 	at com.android.server.am.ActivityManagerService.onTransact(ActivityManagerService.java:2935)
12-14 00:30:19.108 W/ActivityManager( 1628): 	at android.os.Binder.execTransact(Binder.java:674)
12-14 00:30:19.110 W/ActivityManager( 1628): Bad activity token: android.os.BinderProxy@a539de9
12-14 00:30:19.110 W/ActivityManager( 1628): java.lang.ClassCastException: android.os.BinderProxy cannot be cast to com.android.server.am.ActivityRecord$Token
12-14 00:30:19.110 W/ActivityManager( 1628): 	at com.android.server.am.ActivityRecord.forTokenLocked(ActivityRecord.java:778)
12-14 00:30:19.110 W/ActivityManager( 1628): 	at com.android.server.am.ActivityRecord.isInStackLocked(ActivityRecord.java:2085)
12-14 00:30:19.110 W/ActivityManager( 1628): 	at com.android.server.am.ActivityRecord.getStackLocked(ActivityRecord.java:2090)
12-14 00:30:19.110 W/ActivityManager( 1628): 	at com.android.server.am.ActivityManagerService.getActivityStackId(ActivityManagerService.java:10417)
12-14 00:30:19.110 W/ActivityManager( 1628): 	at android.app.IActivityManager$Stub.onTransact(IActivityManager.java:3548)
12-14 00:30:19.110 W/ActivityManager( 1628): 	at com.android.server.am.ActivityManagerService.onTransact(ActivityManagerService.java:2935)
12-14 00:30:19.110 W/ActivityManager( 1628): 	at android.os.Binder.execTransact(Binder.java:674)
12-14 00:30:19.118 W/ActivityManager( 1628): Bad activity token: android.os.BinderProxy@a539de9
12-14 00:30:19.118 W/ActivityManager( 1628): java.lang.ClassCastException: android.os.BinderProxy cannot be cast to com.android.server.am.ActivityRecord$Token
12-14 00:30:19.118 W/ActivityManager( 1628): 	at com.android.server.am.ActivityRecord.forTokenLocked(ActivityRecord.java:778)
12-14 00:30:19.118 W/ActivityManager( 1628): 	at com.android.server.am.ActivityRecord.isInStackLocked(ActivityRecord.java:2085)
12-14 00:30:19.118 W/ActivityManager( 1628): 	at com.android.server.am.ActivityManagerService.getActivityOptions(ActivityManagerService.java:13302)
12-14 00:30:19.118 W/ActivityManager( 1628): 	at android.app.IActivityManager$Stub.onTransact(IActivityManager.java:2910)
12-14 00:30:19.118 W/ActivityManager( 1628): 	at com.android.server.am.ActivityManagerService.onTransact(ActivityManagerService.java:2935)
12-14 00:30:19.118 W/ActivityManager( 1628): 	at android.os.Binder.execTransact(Binder.java:674)
12-14 00:30:19.118 W/ActivityManager( 1628): Bad activity token: android.os.BinderProxy@a539de9
12-14 00:30:19.118 W/ActivityManager( 1628): java.lang.ClassCastException: android.os.BinderProxy cannot be cast to com.android.server.am.ActivityRecord$Token
12-14 00:30:19.118 W/ActivityManager( 1628): 	at com.android.server.am.ActivityRecord.forTokenLocked(ActivityRecord.java:778)
12-14 00:30:19.118 W/ActivityManager( 1628): 	at com.android.server.am.ActivityRecord.isInStackLocked(ActivityRecord.java:2085)
12-14 00:30:19.118 W/ActivityManager( 1628): 	at com.android.server.am.ActivityManagerService.getActivityOptions(ActivityManagerService.java:13302)
12-14 00:30:19.118 W/ActivityManager( 1628): 	at android.app.IActivityManager$Stub.onTransact(IActivityManager.java:2910)
12-14 00:30:19.118 W/ActivityManager( 1628): 	at com.android.server.am.ActivityManagerService.onTransact(ActivityManagerService.java:2935)
12-14 00:30:19.118 W/ActivityManager( 1628): 	at android.os.Binder.execTransact(Binder.java:674)
12-14 00:30:19.314 E/SurfaceFlinger( 1410): ro.sf.lcd_density must be defined as a build property
12-14 00:30:19.321 D/gralloc_ranchu( 1396): gralloc_alloc: Creating ashmem region of size 8298496
12-14 00:30:19.332 D/        ( 4611): HostConnection::get() New Host Connection established 0xacaaf800, tid 4611
12-14 00:30:19.478 I/Dialer  ( 2006): OmtpVvmCarrierCfgHlpr - OmtpEvent:CONFIG_STATUS_SMS_TIME_OUT
12-14 00:30:19.479 I/Dialer  ( 2006): RetryPolicy - discarding deferred status: configuration_state=4
12-14 00:30:19.484 I/Dialer  ( 2006): VvmTaskExecutor - no more tasks, stopping service if no task are added in 5000 millis
12-14 00:30:19.491 I/Dialer  ( 2006): VvmTaskReceiver - task received
12-14 00:30:19.492 I/Dialer  ( 2006): VvmTaskReceiver - TaskExecutor already running
12-14 00:30:19.492 I/Dialer  ( 2006): Task.createTask - create task:com.android.voicemail.impl.ActivationTask
12-14 00:30:19.493 I/Dialer  ( 2006): RetryPolicy - retry #1 for com.android.voicemail.impl.ActivationTask@c6cddcb queued, executing in 5000
12-14 00:30:19.493 I/Dialer  ( 2006): VvmTaskExecutor - com.android.voicemail.impl.ActivationTask@c6cddcb added
12-14 00:30:19.494 I/Dialer  ( 2006): VvmTaskExecutor - minimal wait time:4999
12-14 00:30:19.495 I/Dialer  ( 2006): VvmTaskExecutor - sleep for 4999 millis
12-14 00:30:19.653 I/System.out( 4562): URI: //gesture
12-14 00:30:19.653 I/System.out( 4562): params: {json={"query_timeout":5.0,"gestures":[{"query_string":"android.widget.TabWidget descendant TextView index:2","touches":[{"x":50,"y":50,"offset_x":0,"offset_y":0,"wait":0.0,"time":0.2,"release":true,"query_string":null}]}]}
12-14 00:30:19.653 I/System.out( 4562): }
12-14 00:30:19.912 W/ActivityManager( 1628): Bad activity token: android.os.BinderProxy@8118707
12-14 00:30:19.912 W/ActivityManager( 1628): java.lang.ClassCastException: android.os.BinderProxy cannot be cast to com.android.server.am.ActivityRecord$Token
12-14 00:30:19.912 W/ActivityManager( 1628): 	at com.android.server.am.ActivityRecord.forTokenLocked(ActivityRecord.java:778)
12-14 00:30:19.912 W/ActivityManager( 1628): 	at com.android.server.am.ActivityRecord.isInStackLocked(ActivityRecord.java:2085)
12-14 00:30:19.912 W/ActivityManager( 1628): 	at com.android.server.am.ActivityRecord.getStackLocked(ActivityRecord.java:2090)
12-14 00:30:19.912 W/ActivityManager( 1628): 	at com.android.server.am.ActivityManagerService.getActivityDisplayId(ActivityManagerService.java:10406)
12-14 00:30:19.912 W/ActivityManager( 1628): 	at android.app.IActivityManager$Stub.onTransact(IActivityManager.java:2738)
12-14 00:30:19.912 W/ActivityManager( 1628): 	at com.android.server.am.ActivityManagerService.onTransact(ActivityManagerService.java:2935)
12-14 00:30:19.912 W/ActivityManager( 1628): 	at android.os.Binder.execTransact(Binder.java:674)
12-14 00:30:19.914 I/calabash( 4562): newActivity1
12-14 00:30:19.996 W/ActivityManager( 1628): Bad activity token: android.os.BinderProxy@8118707
12-14 00:30:19.996 W/ActivityManager( 1628): java.lang.ClassCastException: android.os.BinderProxy cannot be cast to com.android.server.am.ActivityRecord$Token
12-14 00:30:19.996 W/ActivityManager( 1628): 	at com.android.server.am.ActivityRecord.forTokenLocked(ActivityRecord.java:778)
12-14 00:30:19.996 W/ActivityManager( 1628): 	at com.android.server.am.ActivityRecord.isInStackLocked(ActivityRecord.java:2085)
12-14 00:30:19.996 W/ActivityManager( 1628): 	at com.android.server.am.ActivityManagerService.setTaskDescription(ActivityManagerService.java:9988)
12-14 00:30:19.996 W/ActivityManager( 1628): 	at android.app.IActivityManager$Stub.onTransact(IActivityManager.java:2824)
12-14 00:30:19.996 W/ActivityManager( 1628): 	at com.android.server.am.ActivityManagerService.onTransact(ActivityManagerService.java:2935)
12-14 00:30:19.996 W/ActivityManager( 1628): 	at android.os.Binder.execTransact(Binder.java:674)
12-14 00:30:19.997 W/ActivityManager( 1628): Bad activity token: android.os.BinderProxy@8118707
12-14 00:30:19.997 W/ActivityManager( 1628): java.lang.ClassCastException: android.os.BinderProxy cannot be cast to com.android.server.am.ActivityRecord$Token
12-14 00:30:19.997 W/ActivityManager( 1628): 	at com.android.server.am.ActivityRecord.forTokenLocked(ActivityRecord.java:778)
12-14 00:30:19.997 W/ActivityManager( 1628): 	at com.android.server.am.ActivityRecord.isInStackLocked(ActivityRecord.java:2085)
12-14 00:30:19.997 W/ActivityManager( 1628): 	at com.android.server.am.ActivityRecord.getStackLocked(ActivityRecord.java:2090)
12-14 00:30:19.997 W/ActivityManager( 1628): 	at com.android.server.am.ActivityManagerService.getActivityStackId(ActivityManagerService.java:10417)
12-14 00:30:19.997 W/ActivityManager( 1628): 	at android.app.IActivityManager$Stub.onTransact(IActivityManager.java:3548)
12-14 00:30:19.997 W/ActivityManager( 1628): 	at com.android.server.am.ActivityManagerService.onTransact(ActivityManagerService.java:2935)
12-14 00:30:19.997 W/ActivityManager( 1628): 	at android.os.Binder.execTransact(Binder.java:674)
12-14 00:30:20.033 D/VehicleStatisticsActivity( 4562): Checking recalculation ...
12-14 00:30:20.036 D/VehicleStatisticsActivity( 4562): Recalculating statistics
12-14 00:30:20.037 D/VehicleStatisticsTask( 4562): Calculation starting...
12-14 00:30:20.037 D/VehicleStatisticsActivity( 4562): Recalculation started!
12-14 00:30:20.041 W/ActivityManager( 1628): Bad activity token: android.os.BinderProxy@8118707
12-14 00:30:20.041 W/ActivityManager( 1628): java.lang.ClassCastException: android.os.BinderProxy cannot be cast to com.android.server.am.ActivityRecord$Token
12-14 00:30:20.041 W/ActivityManager( 1628): 	at com.android.server.am.ActivityRecord.forTokenLocked(ActivityRecord.java:778)
12-14 00:30:20.041 W/ActivityManager( 1628): 	at com.android.server.am.ActivityRecord.isInStackLocked(ActivityRecord.java:2085)
12-14 00:30:20.041 W/ActivityManager( 1628): 	at com.android.server.am.ActivityManagerService.getActivityOptions(ActivityManagerService.java:13302)
12-14 00:30:20.041 W/ActivityManager( 1628): 	at android.app.IActivityManager$Stub.onTransact(IActivityManager.java:2910)
12-14 00:30:20.041 W/ActivityManager( 1628): 	at com.android.server.am.ActivityManagerService.onTransact(ActivityManagerService.java:2935)
12-14 00:30:20.041 W/ActivityManager( 1628): 	at android.os.Binder.execTransact(Binder.java:674)
12-14 00:30:20.042 W/ActivityManager( 1628): Bad activity token: android.os.BinderProxy@8118707
12-14 00:30:20.042 W/ActivityManager( 1628): java.lang.ClassCastException: android.os.BinderProxy cannot be cast to com.android.server.am.ActivityRecord$Token
12-14 00:30:20.042 W/ActivityManager( 1628): 	at com.android.server.am.ActivityRecord.forTokenLocked(ActivityRecord.java:778)
12-14 00:30:20.042 W/ActivityManager( 1628): 	at com.android.server.am.ActivityRecord.isInStackLocked(ActivityRecord.java:2085)
12-14 00:30:20.042 W/ActivityManager( 1628): 	at com.android.server.am.ActivityManagerService.getActivityOptions(ActivityManagerService.java:13302)
12-14 00:30:20.042 W/ActivityManager( 1628): 	at android.app.IActivityManager$Stub.onTransact(IActivityManager.java:2910)
12-14 00:30:20.042 W/ActivityManager( 1628): 	at com.android.server.am.ActivityManagerService.onTransact(ActivityManagerService.java:2935)
12-14 00:30:20.042 W/ActivityManager( 1628): 	at android.os.Binder.execTransact(Binder.java:674)
12-14 00:30:20.054 D/VehicleStatisticsActivity( 4562): Checking recalculation ...
12-14 00:30:20.058 D/VehicleStatisticsTask( 4562): Not enough fillups to calculate statistics
12-14 00:30:20.058 D/VehicleStatisticsActivity( 4562): Recalculating statistics
12-14 00:30:20.058 D/VehicleStatisticsTask( 4562): Calculation starting...
12-14 00:30:20.058 D/VehicleStatisticsActivity( 4562): Recalculation started!
12-14 00:30:20.065 D/VehicleStatisticsTask( 4562): Not enough fillups to calculate statistics
12-14 00:30:20.100 I/zygote  ( 4562): Do full code cache collection, code=225KB, data=146KB
