12-14 00:30:20.106 I/zygote  ( 4562): After code cache collection, code=224KB, data=127KB
12-14 00:30:20.141 E/SurfaceFlinger( 1410): ro.sf.lcd_density must be defined as a build property
12-14 00:30:20.157 D/gralloc_ranchu( 1396): gralloc_alloc: Creating ashmem region of size 8298496
12-14 00:30:20.167 D/        ( 4617): HostConnection::get() New Host Connection established 0xb19af800, tid 4617
12-14 00:30:20.187 D/VehicleStatisticsTask( 4562): Done recalculating!
12-14 00:30:20.188 D/VehicleStatisticsTask( 4562): Done recalculating!
12-14 00:30:20.189 D/VehicleStatisticsAdapter( 4562): Erasing the cache ...
12-14 00:30:20.189 D/VehicleStatisticsAdapter( 4562): Erasing the cache ...
12-14 00:30:20.191 D/Mileage.ABS( 4562): Finished backup
12-14 00:30:20.194 D/Mileage.ABS( 4562): Not backing up; 9
12-14 00:30:20.228 D/VehicleStatisticsAdapter( 4562): Building new values ...
12-14 00:30:20.228 D/VehicleStatisticsAdapter( 4562): Writing 29 records to the database ...
12-14 00:30:20.233 D/VehicleStatisticsAdapter( 4562): Building new values ...
12-14 00:30:20.233 D/VehicleStatisticsAdapter( 4562): Writing 29 records to the database ...
12-14 00:30:20.337 I/zygote  ( 4562): Do partial code cache collection, code=249KB, data=144KB
12-14 00:30:20.339 I/zygote  ( 4562): After code cache collection, code=249KB, data=144KB
12-14 00:30:20.342 I/zygote  ( 4562): Increasing code cache capacity to 1024KB
12-14 00:30:20.410 E/TaskPersister( 1628): File error accessing recents directory (directory doesn't exist?).
12-14 00:30:20.440 D/Mileage.ABS( 4562): Not backing up; 255
12-14 00:30:20.441 D/Mileage.ABS( 4562): Not backing up; 256
12-14 00:30:20.446 D/Mileage.ABS( 4562): Not backing up; 261
12-14 00:30:20.448 D/Mileage.ABS( 4562): Not backing up; 263
12-14 00:30:20.449 D/Mileage.ABS( 4562): Not backing up; 264
12-14 00:30:20.450 D/Mileage.ABS( 4562): Not backing up; 265
12-14 00:30:20.452 D/Mileage.ABS( 4562): Not backing up; 267
12-14 00:30:20.454 D/Mileage.ABS( 4562): Not backing up; 268
12-14 00:30:20.454 D/Mileage.ABS( 4562): Not backing up; 269
12-14 00:30:20.455 D/Mileage.ABS( 4562): Not backing up; 270
12-14 00:30:20.462 D/Mileage.ABS( 4562): Not backing up; 277
12-14 00:30:20.462 D/Mileage.ABS( 4562): Not backing up; 277
12-14 00:30:20.463 D/Mileage.ABS( 4562): Not backing up; 278
12-14 00:30:20.464 E/BatteryStatsService( 1628): modem info is invalid: ModemActivityInfo{ mTimestamp=0 mSleepTimeMs=0 mIdleTimeMs=0 mTxTimeMs[]=[0, 0, 0, 0, 0] mRxTimeMs=0 mEnergyUsed=0}
12-14 00:30:20.464 D/Mileage.ABS( 4562): Not backing up; 279
12-14 00:30:20.466 D/Mileage.ABS( 4562): Not backing up; 280
12-14 00:30:20.469 D/Mileage.ABS( 4562): Not backing up; 284
12-14 00:30:20.482 D/Mileage.ABS( 4562): Not backing up; 297
12-14 00:30:20.495 D/Mileage.ABS( 4562): Not backing up; 309
12-14 00:30:20.501 D/Mileage.ABS( 4562): Not backing up; 316
12-14 00:30:20.518 D/Mileage.ABS( 4562): Not backing up; 333
12-14 00:30:20.526 D/Mileage.ABS( 4562): Not backing up; 341
12-14 00:30:20.554 D/Mileage.ABS( 4562): Not backing up; 369
12-14 00:30:20.559 D/Mileage.ABS( 4562): Not backing up; 374
12-14 00:30:20.567 D/Mileage.ABS( 4562): Not backing up; 382
12-14 00:30:20.576 D/Mileage.ABS( 4562): Not backing up; 391
12-14 00:30:20.592 D/Mileage.ABS( 4562): Not backing up; 407
12-14 00:30:20.604 D/Mileage.ABS( 4562): Not backing up; 419
12-14 00:30:20.610 D/Mileage.ABS( 4562): Not backing up; 425
12-14 00:30:20.632 D/Mileage.ABS( 4562): Not backing up; 447
12-14 00:30:20.634 D/Mileage.ABS( 4562): Not backing up; 449
12-14 00:30:20.648 D/Mileage.ABS( 4562): Not backing up; 463
12-14 00:30:20.659 D/Mileage.ABS( 4562): Not backing up; 474
12-14 00:30:20.662 D/Mileage.ABS( 4562): Not backing up; 477
12-14 00:30:20.673 E/memtrack( 1628): Couldn't load memtrack module
12-14 00:30:20.673 W/android.os.Debug( 1628): failed to get memory consumption info: -1
12-14 00:30:20.679 D/Mileage.ABS( 4562): Not backing up; 493
12-14 00:30:20.687 D/Mileage.ABS( 4562): Not backing up; 502
12-14 00:30:20.700 D/Mileage.ABS( 4562): Not backing up; 515
12-14 00:30:20.722 D/Mileage.ABS( 4562): Not backing up; 537
12-14 00:30:20.734 D/Mileage.ABS( 4562): Not backing up; 548
12-14 00:30:20.746 D/Mileage.ABS( 4562): Not backing up; 561
12-14 00:30:20.756 D/Mileage.ABS( 4562): Not backing up; 571
12-14 00:30:20.774 D/Mileage.ABS( 4562): Not backing up; 589
12-14 00:30:20.781 D/Mileage.ABS( 4562): Not backing up; 596
12-14 00:30:20.792 D/Mileage.ABS( 4562): Not backing up; 607
12-14 00:30:20.800 D/Mileage.ABS( 4562): Not backing up; 615
12-14 00:30:20.813 D/Mileage.ABS( 4562): Not backing up; 628
12-14 00:30:20.820 D/Mileage.ABS( 4562): Not backing up; 635
12-14 00:30:20.835 D/Mileage.ABS( 4562): Not backing up; 650
12-14 00:30:20.843 I/System.out( 4562): URI: //gesture
12-14 00:30:20.843 D/Mileage.ABS( 4562): Not backing up; 658
12-14 00:30:20.844 I/System.out( 4562): params: {json={"query_timeout":5.0,"gestures":[{"query_string":"android.widget.TabWidget descendant TextView index:0","touches":[{"x":50,"y":50,"offset_x":0,"offset_y":0,"wait":0.0,"time":0.2,"release":true,"query_string":null}]}]}
12-14 00:30:20.844 I/System.out( 4562): }
12-14 00:30:20.850 D/Mileage.ABS( 4562): Not backing up; 665
12-14 00:30:20.859 D/Mileage.ABS( 4562): Not backing up; 674
12-14 00:30:20.873 D/Mileage.ABS( 4562): Not backing up; 688
12-14 00:30:20.875 D/Mileage.ABS( 4562): Not backing up; 690
12-14 00:30:20.885 D/Mileage.ABS( 4562): Not backing up; 700
12-14 00:30:20.897 D/Mileage.ABS( 4562): Not backing up; 712
12-14 00:30:20.924 D/Mileage.ABS( 4562): Not backing up; 739
12-14 00:30:20.926 D/Mileage.ABS( 4562): Not backing up; 741
12-14 00:30:20.943 D/VehicleStatisticsAdapter( 4562): Caching of 29 records complete! (0.715 seconds)
12-14 00:30:20.966 D/VehicleStatisticsAdapter( 4562): Caching of 29 records complete! (0.733 seconds)
12-14 00:30:20.973 D/Mileage.ABS( 4562): Not backing up; 788
12-14 00:30:20.975 D/Mileage.ABS( 4562): Not backing up; 790
12-14 00:30:20.975 I/chatty  ( 4562): uid=10228(u0_a228) com.evancharlton.mileage identical 1 line
12-14 00:30:20.975 D/Mileage.ABS( 4562): Not backing up; 790
12-14 00:30:21.247 W/View    ( 4562): dispatchProvideAutofillStructure(): not laid out, ignoring
12-14 00:30:21.250 I/chatty  ( 4562): uid=10228(u0_a228) com.evancharlton.mileage identical 1 line
12-14 00:30:21.250 W/View    ( 4562): dispatchProvideAutofillStructure(): not laid out, ignoring
12-14 00:30:21.256 W/Binder  ( 1628): Outgoing transactions from this process must be FLAG_ONEWAY
12-14 00:30:21.256 W/Binder  ( 1628): java.lang.Throwable
12-14 00:30:21.256 W/Binder  ( 1628): 	at android.os.BinderProxy.transact(Binder.java:736)
12-14 00:30:21.256 W/Binder  ( 1628): 	at android.app.assist.AssistStructure$ParcelTransferReader.fetchData(AssistStructure.java:407)
12-14 00:30:21.256 W/Binder  ( 1628): 	at android.app.assist.AssistStructure$ParcelTransferReader.go(AssistStructure.java:343)
12-14 00:30:21.256 W/Binder  ( 1628): 	at android.app.assist.AssistStructure.ensureData(AssistStructure.java:2096)
12-14 00:30:21.256 W/Binder  ( 1628): 	at com.android.server.autofill.Session$1.send(Session.java:200)
12-14 00:30:21.256 W/Binder  ( 1628): 	at com.android.server.am.ActivityManagerService.reportAssistContextExtras(ActivityManagerService.java:13137)
12-14 00:30:21.256 W/Binder  ( 1628): 	at android.app.IActivityManager$Stub.onTransact(IActivityManager.java:2466)
12-14 00:30:21.256 W/Binder  ( 1628): 	at com.android.server.am.ActivityManagerService.onTransact(ActivityManagerService.java:2935)
12-14 00:30:21.256 W/Binder  ( 1628): 	at android.os.Binder.execTransact(Binder.java:674)
12-14 00:30:21.266 I/AssistStructure( 4562): Flattened final assist data: 15312 bytes, containing 1 windows, 69 views
12-14 00:30:21.276 I/AssistStructure( 1628): Flattened final assist data: 13988 bytes, containing 1 windows, 69 views
12-14 00:30:21.279 W/lgq     ( 1940): Pending fill request while another request in the same session was triggered. [CONTEXT service_id=177 ]
12-14 00:30:21.371 E/SurfaceFlinger( 1410): ro.sf.lcd_density must be defined as a build property
12-14 00:30:21.378 D/gralloc_ranchu( 1396): gralloc_alloc: Creating ashmem region of size 8298496
12-14 00:30:21.387 D/        ( 4662): HostConnection::get() New Host Connection established 0xb45af800, tid 4662
12-14 00:30:21.673 I/System.out( 4562): URI: //
12-14 00:30:21.673 I/System.out( 4562): params: {json={"command":"set_activity_orientation","arguments":["landscape"]}
12-14 00:30:21.673 I/System.out( 4562): }
12-14 00:30:21.673 I/System.out( 4562): header: {content-type=application/json;charset=utf-8, date=Mon, 14 Dec 2020 05:30:22 GMT, accept=*/*, host=127.0.0.1:34777, content-length=64, user-agent=HTTPClient/1.0 (2.8.3, ruby 2.5.8 (2020-03-31))}
12-14 00:30:21.673 I/System.out( 4562): params: {json={"command":"set_activity_orientation","arguments":["landscape"]}
12-14 00:30:21.673 I/System.out( 4562): }
12-14 00:30:21.673 I/System.out( 4562): ProP json = {"command":"set_activity_orientation","arguments":["landscape"]}
12-14 00:30:21.673 I/System.out( 4562): files: {}
12-14 00:30:21.673 I/System.out( 4562): command: {"command":"set_activity_orientation","arguments":["landscape"]}
12-14 00:30:21.677 I/InstrumentationBackend( 4562): Got command:'Command:'Line:null,set_activity_orientation', arguments:'[landscape]'
12-14 00:30:21.680 D/gralloc_ranchu( 1396): gralloc_alloc: Creating ashmem region of size 8298496
12-14 00:30:21.699 W/LocalDisplayAdapter( 1628): Unable to find color mode 0, ignoring request.
12-14 00:30:21.750 I/ActivityManager( 1628): Config changes=480 {1.0 310mcc260mnc [en_US] ldltr sw411dp w683dp h387dp 420dpi nrml land finger qwerty/v/v -nav/h appBounds=Rect(0, 0 - 1794, 1080) s.9}
12-14 00:30:21.756 I/InputReader( 1628): Reconfiguring input devices.  changes=0x00000004
12-14 00:30:21.756 I/InputReader( 1628): Device reconfigured: id=0, name='qwerty2', size 1080x1920, orientation 1, mode 1, display id 0
12-14 00:30:21.775 I/InputReader( 1628): Reconfiguring input devices.  changes=0x00000004
12-14 00:30:21.835 I/ActivityManager( 1628): Override config changes=480 {1.0 310mcc260mnc [en_US] ldltr sw411dp w683dp h387dp 420dpi nrml land finger qwerty/v/v -nav/h appBounds=Rect(0, 0 - 1794, 1080) s.9} for displayId=0
12-14 00:30:21.908 D/gralloc_ranchu( 1396): gralloc_alloc: Creating ashmem region of size 544768
12-14 00:30:21.918 D/EGL_emulation( 1731): eglMakeCurrent: 0x868d6220: ver 3 0 (tinfo 0x86886b40)
12-14 00:30:21.926 D/gralloc_ranchu( 1396): gralloc_alloc: Creating ashmem region of size 544768
12-14 00:30:21.947 I/calabash( 4562): newActivity1
12-14 00:30:21.983 W/ActivityManager( 1628): Bad activity token: android.os.BinderProxy@47f8965
12-14 00:30:21.983 W/ActivityManager( 1628): java.lang.ClassCastException: android.os.BinderProxy cannot be cast to com.android.server.am.ActivityRecord$Token
12-14 00:30:21.983 W/ActivityManager( 1628): 	at com.android.server.am.ActivityRecord.forTokenLocked(ActivityRecord.java:778)
12-14 00:30:21.983 W/ActivityManager( 1628): 	at com.android.server.am.ActivityRecord.isInStackLocked(ActivityRecord.java:2085)
12-14 00:30:21.983 W/ActivityManager( 1628): 	at com.android.server.am.ActivityRecord.getStackLocked(ActivityRecord.java:2090)
12-14 00:30:21.983 W/ActivityManager( 1628): 	at com.android.server.am.ActivityManagerService.getActivityDisplayId(ActivityManagerService.java:10406)
12-14 00:30:21.983 W/ActivityManager( 1628): 	at android.app.IActivityManager$Stub.onTransact(IActivityManager.java:2738)
12-14 00:30:21.983 W/ActivityManager( 1628): 	at com.android.server.am.ActivityManagerService.onTransact(ActivityManagerService.java:2935)
12-14 00:30:21.983 W/ActivityManager( 1628): 	at android.os.Binder.execTransact(Binder.java:674)
12-14 00:30:21.985 I/calabash( 4562): newActivity1
12-14 00:30:21.988 W/AutofillManager( 4562): Session -1673845768 could not be restored
12-14 00:30:21.989 W/ActivityManager( 1628): Bad activity token: android.os.BinderProxy@47f8965
12-14 00:30:21.989 W/ActivityManager( 1628): java.lang.ClassCastException: android.os.BinderProxy cannot be cast to com.android.server.am.ActivityRecord$Token
12-14 00:30:21.989 W/ActivityManager( 1628): 	at com.android.server.am.ActivityRecord.forTokenLocked(ActivityRecord.java:778)
12-14 00:30:21.989 W/ActivityManager( 1628): 	at com.android.server.am.ActivityRecord.isInStackLocked(ActivityRecord.java:2085)
12-14 00:30:21.989 W/ActivityManager( 1628): 	at com.android.server.am.ActivityManagerService.setTaskDescription(ActivityManagerService.java:9988)
12-14 00:30:21.989 W/ActivityManager( 1628): 	at android.app.IActivityManager$Stub.onTransact(IActivityManager.java:2824)
12-14 00:30:21.989 W/ActivityManager( 1628): 	at com.android.server.am.ActivityManagerService.onTransact(ActivityManagerService.java:2935)
12-14 00:30:21.989 W/ActivityManager( 1628): 	at android.os.Binder.execTransact(Binder.java:674)
12-14 00:30:21.990 W/ActivityManager( 1628): Bad activity token: android.os.BinderProxy@47f8965
12-14 00:30:21.990 W/ActivityManager( 1628): java.lang.ClassCastException: android.os.BinderProxy cannot be cast to com.android.server.am.ActivityRecord$Token
12-14 00:30:21.990 W/ActivityManager( 1628): 	at com.android.server.am.ActivityRecord.forTokenLocked(ActivityRecord.java:778)
12-14 00:30:21.990 W/ActivityManager( 1628): 	at com.android.server.am.ActivityRecord.isInStackLocked(ActivityRecord.java:2085)
12-14 00:30:21.990 W/ActivityManager( 1628): 	at com.android.server.am.ActivityRecord.getStackLocked(ActivityRecord.java:2090)
12-14 00:30:21.990 W/ActivityManager( 1628): 	at com.android.server.am.ActivityManagerService.getActivityStackId(ActivityManagerService.java:10417)
12-14 00:30:21.990 W/ActivityManager( 1628): 	at android.app.IActivityManager$Stub.onTransact(IActivityManager.java:3548)
12-14 00:30:21.990 W/ActivityManager( 1628): 	at com.android.server.am.ActivityManagerService.onTransact(ActivityManagerService.java:2935)
12-14 00:30:21.990 W/ActivityManager( 1628): 	at android.os.Binder.execTransact(Binder.java:674)
12-14 00:30:22.014 I/System.out( 4562): result:{"bonusInformation":[],"message":"","success":true}
12-14 00:30:22.014 D/gralloc_ranchu( 1396): gralloc_alloc: Creating ashmem region of size 544768
12-14 00:30:22.055 D/gralloc_ranchu( 1396): gralloc_alloc: Creating ashmem region of size 487424
12-14 00:30:22.058 W/ActivityManager( 1628): Bad activity token: android.os.BinderProxy@47f8965
12-14 00:30:22.058 W/ActivityManager( 1628): java.lang.ClassCastException: android.os.BinderProxy cannot be cast to com.android.server.am.ActivityRecord$Token
12-14 00:30:22.058 W/ActivityManager( 1628): 	at com.android.server.am.ActivityRecord.forTokenLocked(ActivityRecord.java:778)
12-14 00:30:22.058 W/ActivityManager( 1628): 	at com.android.server.am.ActivityRecord.isInStackLocked(ActivityRecord.java:2085)
12-14 00:30:22.058 W/ActivityManager( 1628): 	at com.android.server.am.ActivityManagerService.getActivityOptions(ActivityManagerService.java:13302)
12-14 00:30:22.058 W/ActivityManager( 1628): 	at android.app.IActivityManager$Stub.onTransact(IActivityManager.java:2910)
12-14 00:30:22.058 W/ActivityManager( 1628): 	at com.android.server.am.ActivityManagerService.onTransact(ActivityManagerService.java:2935)
12-14 00:30:22.058 W/ActivityManager( 1628): 	at android.os.Binder.execTransact(Binder.java:674)
12-14 00:30:22.060 W/ActivityManager( 1628): Bad activity token: android.os.BinderProxy@47f8965
12-14 00:30:22.060 W/ActivityManager( 1628): java.lang.ClassCastException: android.os.BinderProxy cannot be cast to com.android.server.am.ActivityRecord$Token
12-14 00:30:22.060 W/ActivityManager( 1628): 	at com.android.server.am.ActivityRecord.forTokenLocked(ActivityRecord.java:778)
12-14 00:30:22.060 W/ActivityManager( 1628): 	at com.android.server.am.ActivityRecord.isInStackLocked(ActivityRecord.java:2085)
12-14 00:30:22.060 W/ActivityManager( 1628): 	at com.android.server.am.ActivityManagerService.getActivityOptions(ActivityManagerService.java:13302)
12-14 00:30:22.060 W/ActivityManager( 1628): 	at android.app.IActivityManager$Stub.onTransact(IActivityManager.java:2910)
12-14 00:30:22.060 W/ActivityManager( 1628): 	at com.android.server.am.ActivityManagerService.onTransact(ActivityManagerService.java:2935)
12-14 00:30:22.060 W/ActivityManager( 1628): 	at android.os.Binder.execTransact(Binder.java:674)
12-14 00:30:22.076 D/StatusBar( 1731): disable<e i a s b h r c s q >
12-14 00:30:22.080 D/EGL_emulation( 1731): eglMakeCurrent: 0x868d6220: ver 3 0 (tinfo 0x86886b40)
12-14 00:30:22.086 D/gralloc_ranchu( 1396): gralloc_alloc: Creating ashmem region of size 487424
12-14 00:30:22.091 W/PhoneWindow( 4562): Previously focused view reported id 2131296279 during save, but can't be found during restore.
12-14 00:30:22.098 I/WindowManager( 1628): Screen frozen for +420ms due to Window{96b5900 u0 StatusBar}
12-14 00:30:22.119 D/SurfaceFlinger( 1410): duplicate layer name: changing BlackSurface to BlackSurface#1
12-14 00:30:22.126 V/StatusBar( 1731): setLightsOn(true)
12-14 00:30:22.145 D/gralloc_ranchu( 1396): gralloc_alloc: Creating ashmem region of size 487424
12-14 00:30:22.157 D/EGL_emulation( 1731): eglMakeCurrent: 0x868d6220: ver 3 0 (tinfo 0x86886b40)
12-14 00:30:22.169 D/EGL_emulation( 1731): eglMakeCurrent: 0x868d6220: ver 3 0 (tinfo 0x86886b40)
12-14 00:30:22.225 V/StatusBar( 1731): setLightsOn(true)
12-14 00:30:22.254 D/gralloc_ranchu( 1396): gralloc_alloc: Creating ashmem region of size 7753728
12-14 00:30:22.332 V/StatusBar( 1731): setLightsOn(true)
12-14 00:30:22.359 D/gralloc_ranchu( 1396): gralloc_alloc: Creating ashmem region of size 7753728
12-14 00:30:22.569 V/StatusBar( 1731): setLightsOn(true)
12-14 00:30:23.053 I/EventLogSendingHelper( 2234): Sending log events.
12-14 00:30:23.410 D/gralloc_ranchu( 1396): gralloc_alloc: Creating ashmem region of size 7753728
12-14 00:30:24.037 I/System.out( 4562): URI: //gesture
12-14 00:30:24.037 I/System.out( 4562): params: {json={"query_timeout":5.0,"gestures":[{"query_string":"android.widget.TabWidget descendant TextView index:1","touches":[{"x":50,"y":50,"offset_x":0,"offset_y":0,"wait":0.0,"time":0.2,"release":true,"query_string":null}]}]}
12-14 00:30:24.037 I/System.out( 4562): }
12-14 00:30:24.168 I/zygote  ( 1628): Explicit concurrent copying GC freed 15868(1428KB) AllocSpace objects, 3(76KB) LOS objects, 38% free, 9MB/15MB, paused 575us total 45.323ms
12-14 00:30:24.304 W/ActivityManager( 1628): Bad activity token: android.os.BinderProxy@70d8378
12-14 00:30:24.304 W/ActivityManager( 1628): java.lang.ClassCastException: android.os.BinderProxy cannot be cast to com.android.server.am.ActivityRecord$Token
12-14 00:30:24.304 W/ActivityManager( 1628): 	at com.android.server.am.ActivityRecord.forTokenLocked(ActivityRecord.java:778)
12-14 00:30:24.304 W/ActivityManager( 1628): 	at com.android.server.am.ActivityRecord.isInStackLocked(ActivityRecord.java:2085)
12-14 00:30:24.304 W/ActivityManager( 1628): 	at com.android.server.am.ActivityRecord.getStackLocked(ActivityRecord.java:2090)
12-14 00:30:24.304 W/ActivityManager( 1628): 	at com.android.server.am.ActivityManagerService.getActivityDisplayId(ActivityManagerService.java:10406)
12-14 00:30:24.304 W/ActivityManager( 1628): 	at android.app.IActivityManager$Stub.onTransact(IActivityManager.java:2738)
12-14 00:30:24.304 W/ActivityManager( 1628): 	at com.android.server.am.ActivityManagerService.onTransact(ActivityManagerService.java:2935)
12-14 00:30:24.304 W/ActivityManager( 1628): 	at android.os.Binder.execTransact(Binder.java:674)
12-14 00:30:24.305 I/calabash( 4562): newActivity1
12-14 00:30:24.308 W/ActivityManager( 1628): Bad activity token: android.os.BinderProxy@70d8378
12-14 00:30:24.308 W/ActivityManager( 1628): java.lang.ClassCastException: android.os.BinderProxy cannot be cast to com.android.server.am.ActivityRecord$Token
12-14 00:30:24.308 W/ActivityManager( 1628): 	at com.android.server.am.ActivityRecord.forTokenLocked(ActivityRecord.java:778)
12-14 00:30:24.308 W/ActivityManager( 1628): 	at com.android.server.am.ActivityRecord.isInStackLocked(ActivityRecord.java:2085)
12-14 00:30:24.308 W/ActivityManager( 1628): 	at com.android.server.am.ActivityManagerService.setTaskDescription(ActivityManagerService.java:9988)
12-14 00:30:24.308 W/ActivityManager( 1628): 	at android.app.IActivityManager$Stub.onTransact(IActivityManager.java:2824)
12-14 00:30:24.308 W/ActivityManager( 1628): 	at com.android.server.am.ActivityManagerService.onTransact(ActivityManagerService.java:2935)
12-14 00:30:24.308 W/ActivityManager( 1628): 	at android.os.Binder.execTransact(Binder.java:674)
12-14 00:30:24.308 W/ActivityManager( 1628): Bad activity token: android.os.BinderProxy@70d8378
12-14 00:30:24.308 W/ActivityManager( 1628): java.lang.ClassCastException: android.os.BinderProxy cannot be cast to com.android.server.am.ActivityRecord$Token
12-14 00:30:24.308 W/ActivityManager( 1628): 	at com.android.server.am.ActivityRecord.forTokenLocked(ActivityRecord.java:778)
12-14 00:30:24.308 W/ActivityManager( 1628): 	at com.android.server.am.ActivityRecord.isInStackLocked(ActivityRecord.java:2085)
12-14 00:30:24.308 W/ActivityManager( 1628): 	at com.android.server.am.ActivityRecord.getStackLocked(ActivityRecord.java:2090)
12-14 00:30:24.308 W/ActivityManager( 1628): 	at com.android.server.am.ActivityManagerService.getActivityStackId(ActivityManagerService.java:10417)
12-14 00:30:24.308 W/ActivityManager( 1628): 	at android.app.IActivityManager$Stub.onTransact(IActivityManager.java:3548)
12-14 00:30:24.308 W/ActivityManager( 1628): 	at com.android.server.am.ActivityManagerService.onTransact(ActivityManagerService.java:2935)
12-14 00:30:24.308 W/ActivityManager( 1628): 	at android.os.Binder.execTransact(Binder.java:674)
12-14 00:30:24.341 W/audio_hw_generic( 1390): Not supplying enough data to HAL, expected position 1193668 , only wrote 895680
12-14 00:30:24.348 W/audio_hw_generic( 1390): Not supplying enough data to HAL, expected position 895956 , only wrote 895680
12-14 00:30:24.356 W/ActivityManager( 1628): Bad activity token: android.os.BinderProxy@70d8378
12-14 00:30:24.356 W/ActivityManager( 1628): java.lang.ClassCastException: android.os.BinderProxy cannot be cast to com.android.server.am.ActivityRecord$Token
12-14 00:30:24.356 W/ActivityManager( 1628): 	at com.android.server.am.ActivityRecord.forTokenLocked(ActivityRecord.java:778)
12-14 00:30:24.356 W/ActivityManager( 1628): 	at com.android.server.am.ActivityRecord.isInStackLocked(ActivityRecord.java:2085)
12-14 00:30:24.356 W/ActivityManager( 1628): 	at com.android.server.am.ActivityManagerService.getActivityOptions(ActivityManagerService.java:13302)
12-14 00:30:24.356 W/ActivityManager( 1628): 	at android.app.IActivityManager$Stub.onTransact(IActivityManager.java:2910)
12-14 00:30:24.356 W/ActivityManager( 1628): 	at com.android.server.am.ActivityManagerService.onTransact(ActivityManagerService.java:2935)
12-14 00:30:24.356 W/ActivityManager( 1628): 	at android.os.Binder.execTransact(Binder.java:674)
12-14 00:30:24.356 W/ActivityManager( 1628): Bad activity token: android.os.BinderProxy@70d8378
12-14 00:30:24.356 W/ActivityManager( 1628): java.lang.ClassCastException: android.os.BinderProxy cannot be cast to com.android.server.am.ActivityRecord$Token
12-14 00:30:24.356 W/ActivityManager( 1628): 	at com.android.server.am.ActivityRecord.forTokenLocked(ActivityRecord.java:778)
12-14 00:30:24.356 W/ActivityManager( 1628): 	at com.android.server.am.ActivityRecord.isInStackLocked(ActivityRecord.java:2085)
12-14 00:30:24.356 W/ActivityManager( 1628): 	at com.android.server.am.ActivityManagerService.getActivityOptions(ActivityManagerService.java:13302)
12-14 00:30:24.356 W/ActivityManager( 1628): 	at android.app.IActivityManager$Stub.onTransact(IActivityManager.java:2910)
12-14 00:30:24.356 W/ActivityManager( 1628): 	at com.android.server.am.ActivityManagerService.onTransact(ActivityManagerService.java:2935)
12-14 00:30:24.356 W/ActivityManager( 1628): 	at android.os.Binder.execTransact(Binder.java:674)
12-14 00:30:24.425 D/Mileage ( 4562): Not enough fillups to calculate economy
12-14 00:30:24.497 I/Dialer  ( 2006): VvmTaskExecutor - executing task com.android.voicemail.impl.ActivationTask@c6cddcb
12-14 00:30:24.498 I/Dialer  ( 2006): PreOMigrationHandler - ComponentInfo{com.android.phone/com.android.services.telephony.TelephonyConnectionService}, [****], UserHandle{0} already migrated
12-14 00:30:24.536 I/Dialer  ( 2006): VvmActivationTask - VVM content provider configured - vvm_type_cvvm
12-14 00:30:24.536 I/Dialer  ( 2006): OmtpVvmCarrierCfgHlpr - OmtpEvent:CONFIG_ACTIVATING
12-14 00:30:24.565 I/Dialer  ( 2006): TelephonyMangerCompat.setVisualVoicemailSmsFilterSettings - using TelephonyManager
12-14 00:30:24.570 I/Dialer  ( 2006): TelephonyMangerCompat.sendVisualVoicemailSms - using TelephonyManager
12-14 00:30:24.588 E/SurfaceFlinger( 1410): ro.sf.lcd_density must be defined as a build property
12-14 00:30:24.615 D/gralloc_ranchu( 1396): gralloc_alloc: Creating ashmem region of size 8298496
12-14 00:30:24.633 D/        ( 4673): HostConnection::get() New Host Connection established 0xaa2af800, tid 4673
12-14 00:30:24.965 I/System.out( 4562): URI: //gesture
12-14 00:30:24.965 I/System.out( 4562): params: {json={"query_timeout":5.0,"gestures":[{"query_string":"android.widget.TabWidget descendant TextView index:3","touches":[{"x":50,"y":50,"offset_x":0,"offset_y":0,"wait":0.0,"time":0.2,"release":true,"query_string":null}]}]}
12-14 00:30:24.965 I/System.out( 4562): }
12-14 00:30:25.229 W/ActivityManager( 1628): Bad activity token: android.os.BinderProxy@63582cb
12-14 00:30:25.229 W/ActivityManager( 1628): java.lang.ClassCastException: android.os.BinderProxy cannot be cast to com.android.server.am.ActivityRecord$Token
12-14 00:30:25.229 W/ActivityManager( 1628): 	at com.android.server.am.ActivityRecord.forTokenLocked(ActivityRecord.java:778)
12-14 00:30:25.229 W/ActivityManager( 1628): 	at com.android.server.am.ActivityRecord.isInStackLocked(ActivityRecord.java:2085)
12-14 00:30:25.229 W/ActivityManager( 1628): 	at com.android.server.am.ActivityRecord.getStackLocked(ActivityRecord.java:2090)
12-14 00:30:25.229 W/ActivityManager( 1628): 	at com.android.server.am.ActivityManagerService.getActivityDisplayId(ActivityManagerService.java:10406)
12-14 00:30:25.229 W/ActivityManager( 1628): 	at android.app.IActivityManager$Stub.onTransact(IActivityManager.java:2738)
12-14 00:30:25.229 W/ActivityManager( 1628): 	at com.android.server.am.ActivityManagerService.onTransact(ActivityManagerService.java:2935)
12-14 00:30:25.229 W/ActivityManager( 1628): 	at android.os.Binder.execTransact(Binder.java:674)
12-14 00:30:25.230 I/calabash( 4562): newActivity1
12-14 00:30:25.235 W/ActivityManager( 1628): Bad activity token: android.os.BinderProxy@63582cb
12-14 00:30:25.235 W/ActivityManager( 1628): java.lang.ClassCastException: android.os.BinderProxy cannot be cast to com.android.server.am.ActivityRecord$Token
12-14 00:30:25.235 W/ActivityManager( 1628): 	at com.android.server.am.ActivityRecord.forTokenLocked(ActivityRecord.java:778)
12-14 00:30:25.235 W/ActivityManager( 1628): 	at com.android.server.am.ActivityRecord.isInStackLocked(ActivityRecord.java:2085)
12-14 00:30:25.235 W/ActivityManager( 1628): 	at com.android.server.am.ActivityManagerService.setTaskDescription(ActivityManagerService.java:9988)
12-14 00:30:25.235 W/ActivityManager( 1628): 	at android.app.IActivityManager$Stub.onTransact(IActivityManager.java:2824)
12-14 00:30:25.235 W/ActivityManager( 1628): 	at com.android.server.am.ActivityManagerService.onTransact(ActivityManagerService.java:2935)
12-14 00:30:25.235 W/ActivityManager( 1628): 	at android.os.Binder.execTransact(Binder.java:674)
12-14 00:30:25.236 W/ActivityManager( 1628): Bad activity token: android.os.BinderProxy@63582cb
12-14 00:30:25.236 W/ActivityManager( 1628): java.lang.ClassCastException: android.os.BinderProxy cannot be cast to com.android.server.am.ActivityRecord$Token
12-14 00:30:25.236 W/ActivityManager( 1628): 	at com.android.server.am.ActivityRecord.forTokenLocked(ActivityRecord.java:778)
12-14 00:30:25.236 W/ActivityManager( 1628): 	at com.android.server.am.ActivityRecord.isInStackLocked(ActivityRecord.java:2085)
12-14 00:30:25.236 W/ActivityManager( 1628): 	at com.android.server.am.ActivityRecord.getStackLocked(ActivityRecord.java:2090)
12-14 00:30:25.236 W/ActivityManager( 1628): 	at com.android.server.am.ActivityManagerService.getActivityStackId(ActivityManagerService.java:10417)
12-14 00:30:25.236 W/ActivityManager( 1628): 	at android.app.IActivityManager$Stub.onTransact(IActivityManager.java:3548)
12-14 00:30:25.236 W/ActivityManager( 1628): 	at com.android.server.am.ActivityManagerService.onTransact(ActivityManagerService.java:2935)
12-14 00:30:25.236 W/ActivityManager( 1628): 	at android.os.Binder.execTransact(Binder.java:674)
12-14 00:30:25.244 W/ActivityManager( 1628): Bad activity token: android.os.BinderProxy@63582cb
12-14 00:30:25.244 W/ActivityManager( 1628): java.lang.ClassCastException: android.os.BinderProxy cannot be cast to com.android.server.am.ActivityRecord$Token
12-14 00:30:25.244 W/ActivityManager( 1628): 	at com.android.server.am.ActivityRecord.forTokenLocked(ActivityRecord.java:778)
12-14 00:30:25.244 W/ActivityManager( 1628): 	at com.android.server.am.ActivityRecord.isInStackLocked(ActivityRecord.java:2085)
12-14 00:30:25.244 W/ActivityManager( 1628): 	at com.android.server.am.ActivityManagerService.getActivityOptions(ActivityManagerService.java:13302)
12-14 00:30:25.244 W/ActivityManager( 1628): 	at android.app.IActivityManager$Stub.onTransact(IActivityManager.java:2910)
12-14 00:30:25.244 W/ActivityManager( 1628): 	at com.android.server.am.ActivityManagerService.onTransact(ActivityManagerService.java:2935)
12-14 00:30:25.244 W/ActivityManager( 1628): 	at android.os.Binder.execTransact(Binder.java:674)
12-14 00:30:25.245 W/ActivityManager( 1628): Bad activity token: android.os.BinderProxy@63582cb
12-14 00:30:25.245 W/ActivityManager( 1628): java.lang.ClassCastException: android.os.BinderProxy cannot be cast to com.android.server.am.ActivityRecord$Token
12-14 00:30:25.245 W/ActivityManager( 1628): 	at com.android.server.am.ActivityRecord.forTokenLocked(ActivityRecord.java:778)
12-14 00:30:25.245 W/ActivityManager( 1628): 	at com.android.server.am.ActivityRecord.isInStackLocked(ActivityRecord.java:2085)
12-14 00:30:25.245 W/ActivityManager( 1628): 	at com.android.server.am.ActivityManagerService.getActivityOptions(ActivityManagerService.java:13302)
12-14 00:30:25.245 W/ActivityManager( 1628): 	at android.app.IActivityManager$Stub.onTransact(IActivityManager.java:2910)
12-14 00:30:25.245 W/ActivityManager( 1628): 	at com.android.server.am.ActivityManagerService.onTransact(ActivityManagerService.java:2935)
12-14 00:30:25.245 W/ActivityManager( 1628): 	at android.os.Binder.execTransact(Binder.java:674)
12-14 00:30:25.450 E/SurfaceFlinger( 1410): ro.sf.lcd_density must be defined as a build property
12-14 00:30:25.458 D/gralloc_ranchu( 1396): gralloc_alloc: Creating ashmem region of size 8298496
12-14 00:30:25.468 D/        ( 4679): HostConnection::get() New Host Connection established 0xb06af800, tid 4679
12-14 00:30:25.781 I/System.out( 4562): URI: //gesture
12-14 00:30:25.781 I/System.out( 4562): params: {json={"query_timeout":5.0,"gestures":[{"query_string":"android.widget.TabWidget descendant TextView index:2","touches":[{"x":50,"y":50,"offset_x":0,"offset_y":0,"wait":0.0,"time":0.2,"release":true,"query_string":null}]}]}
12-14 00:30:25.781 I/System.out( 4562): }
12-14 00:30:26.048 W/ActivityManager( 1628): Bad activity token: android.os.BinderProxy@427c1f2
12-14 00:30:26.048 W/ActivityManager( 1628): java.lang.ClassCastException: android.os.BinderProxy cannot be cast to com.android.server.am.ActivityRecord$Token
12-14 00:30:26.048 W/ActivityManager( 1628): 	at com.android.server.am.ActivityRecord.forTokenLocked(ActivityRecord.java:778)
12-14 00:30:26.048 W/ActivityManager( 1628): 	at com.android.server.am.ActivityRecord.isInStackLocked(ActivityRecord.java:2085)
12-14 00:30:26.048 W/ActivityManager( 1628): 	at com.android.server.am.ActivityRecord.getStackLocked(ActivityRecord.java:2090)
12-14 00:30:26.048 W/ActivityManager( 1628): 	at com.android.server.am.ActivityManagerService.getActivityDisplayId(ActivityManagerService.java:10406)
12-14 00:30:26.048 W/ActivityManager( 1628): 	at android.app.IActivityManager$Stub.onTransact(IActivityManager.java:2738)
12-14 00:30:26.048 W/ActivityManager( 1628): 	at com.android.server.am.ActivityManagerService.onTransact(ActivityManagerService.java:2935)
12-14 00:30:26.048 W/ActivityManager( 1628): 	at android.os.Binder.execTransact(Binder.java:674)
12-14 00:30:26.051 I/calabash( 4562): newActivity1
12-14 00:30:26.058 W/ActivityManager( 1628): Bad activity token: android.os.BinderProxy@427c1f2
12-14 00:30:26.058 W/ActivityManager( 1628): java.lang.ClassCastException: android.os.BinderProxy cannot be cast to com.android.server.am.ActivityRecord$Token
12-14 00:30:26.058 W/ActivityManager( 1628): 	at com.android.server.am.ActivityRecord.forTokenLocked(ActivityRecord.java:778)
12-14 00:30:26.058 W/ActivityManager( 1628): 	at com.android.server.am.ActivityRecord.isInStackLocked(ActivityRecord.java:2085)
12-14 00:30:26.058 W/ActivityManager( 1628): 	at com.android.server.am.ActivityManagerService.setTaskDescription(ActivityManagerService.java:9988)
12-14 00:30:26.058 W/ActivityManager( 1628): 	at android.app.IActivityManager$Stub.onTransact(IActivityManager.java:2824)
12-14 00:30:26.058 W/ActivityManager( 1628): 	at com.android.server.am.ActivityManagerService.onTransact(ActivityManagerService.java:2935)
12-14 00:30:26.058 W/ActivityManager( 1628): 	at android.os.Binder.execTransact(Binder.java:674)
12-14 00:30:26.060 W/ActivityManager( 1628): Bad activity token: android.os.BinderProxy@427c1f2
12-14 00:30:26.060 W/ActivityManager( 1628): java.lang.ClassCastException: android.os.BinderProxy cannot be cast to com.android.server.am.ActivityRecord$Token
12-14 00:30:26.060 W/ActivityManager( 1628): 	at com.android.server.am.ActivityRecord.forTokenLocked(ActivityRecord.java:778)
12-14 00:30:26.060 W/ActivityManager( 1628): 	at com.android.server.am.ActivityRecord.isInStackLocked(ActivityRecord.java:2085)
12-14 00:30:26.060 W/ActivityManager( 1628): 	at com.android.server.am.ActivityRecord.getStackLocked(ActivityRecord.java:2090)
12-14 00:30:26.060 W/ActivityManager( 1628): 	at com.android.server.am.ActivityManagerService.getActivityStackId(ActivityManagerService.java:10417)
12-14 00:30:26.060 W/ActivityManager( 1628): 	at android.app.IActivityManager$Stub.onTransact(IActivityManager.java:3548)
12-14 00:30:26.060 W/ActivityManager( 1628): 	at com.android.server.am.ActivityManagerService.onTransact(ActivityManagerService.java:2935)
12-14 00:30:26.060 W/ActivityManager( 1628): 	at android.os.Binder.execTransact(Binder.java:674)
12-14 00:30:26.104 D/VehicleStatisticsActivity( 4562): Checking recalculation ...
12-14 00:30:26.108 D/VehicleStatisticsActivity( 4562): Recalculation not necessary.
12-14 00:30:26.112 W/ActivityManager( 1628): Bad activity token: android.os.BinderProxy@427c1f2
12-14 00:30:26.112 W/ActivityManager( 1628): java.lang.ClassCastException: android.os.BinderProxy cannot be cast to com.android.server.am.ActivityRecord$Token
12-14 00:30:26.112 W/ActivityManager( 1628): 	at com.android.server.am.ActivityRecord.forTokenLocked(ActivityRecord.java:778)
12-14 00:30:26.112 W/ActivityManager( 1628): 	at com.android.server.am.ActivityRecord.isInStackLocked(ActivityRecord.java:2085)
12-14 00:30:26.112 W/ActivityManager( 1628): 	at com.android.server.am.ActivityManagerService.getActivityOptions(ActivityManagerService.java:13302)
12-14 00:30:26.112 W/ActivityManager( 1628): 	at android.app.IActivityManager$Stub.onTransact(IActivityManager.java:2910)
12-14 00:30:26.112 W/ActivityManager( 1628): 	at com.android.server.am.ActivityManagerService.onTransact(ActivityManagerService.java:2935)
12-14 00:30:26.112 W/ActivityManager( 1628): 	at android.os.Binder.execTransact(Binder.java:674)
12-14 00:30:26.113 W/ActivityManager( 1628): Bad activity token: android.os.BinderProxy@427c1f2
12-14 00:30:26.113 W/ActivityManager( 1628): java.lang.ClassCastException: android.os.BinderProxy cannot be cast to com.android.server.am.ActivityRecord$Token
12-14 00:30:26.113 W/ActivityManager( 1628): 	at com.android.server.am.ActivityRecord.forTokenLocked(ActivityRecord.java:778)
12-14 00:30:26.113 W/ActivityManager( 1628): 	at com.android.server.am.ActivityRecord.isInStackLocked(ActivityRecord.java:2085)
12-14 00:30:26.113 W/ActivityManager( 1628): 	at com.android.server.am.ActivityManagerService.getActivityOptions(ActivityManagerService.java:13302)
12-14 00:30:26.113 W/ActivityManager( 1628): 	at android.app.IActivityManager$Stub.onTransact(IActivityManager.java:2910)
12-14 00:30:26.113 W/ActivityManager( 1628): 	at com.android.server.am.ActivityManagerService.onTransact(ActivityManagerService.java:2935)
12-14 00:30:26.113 W/ActivityManager( 1628): 	at android.os.Binder.execTransact(Binder.java:674)
12-14 00:30:26.118 D/VehicleStatisticsActivity( 4562): Checking recalculation ...
12-14 00:30:26.120 D/VehicleStatisticsActivity( 4562): Recalculation not necessary.
12-14 00:30:26.210 I/zygote  ( 4562): Do full code cache collection, code=467KB, data=330KB
12-14 00:30:26.210 I/zygote  ( 4562): After code cache collection, code=451KB, data=269KB
12-14 00:30:26.284 W/RemoteFillService( 1628): Not handling { when=-1ms what=3 target=com.android.internal.os.HandlerCaller$MyHandler } as service for ComponentInfo{com.google.android.gms/com.google.android.gms.autofill.service.AutofillService} is already destroyed
12-14 00:30:26.292 E/SurfaceFlinger( 1410): ro.sf.lcd_density must be defined as a build property
12-14 00:30:26.299 D/gralloc_ranchu( 1396): gralloc_alloc: Creating ashmem region of size 8298496
12-14 00:30:26.308 D/        ( 4686): HostConnection::get() New Host Connection established 0xb002f800, tid 4686
12-14 00:30:26.566 I/System.out( 4562): URI: //gesture
12-14 00:30:26.566 I/System.out( 4562): params: {json={"query_timeout":5.0,"gestures":[{"query_string":"android.widget.TabWidget descendant TextView index:0","touches":[{"x":50,"y":50,"offset_x":0,"offset_y":0,"wait":0.0,"time":0.2,"release":true,"query_string":null}]}]}
12-14 00:30:26.566 I/System.out( 4562): }
12-14 00:30:26.916 W/View    ( 4562): dispatchProvideAutofillStructure(): not laid out, ignoring
12-14 00:30:26.923 I/chatty  ( 4562): uid=10228(u0_a228) com.evancharlton.mileage identical 3 lines
12-14 00:30:26.923 W/View    ( 4562): dispatchProvideAutofillStructure(): not laid out, ignoring
12-14 00:30:26.924 W/Binder  ( 1628): Outgoing transactions from this process must be FLAG_ONEWAY
12-14 00:30:26.924 W/Binder  ( 1628): java.lang.Throwable
12-14 00:30:26.924 W/Binder  ( 1628): 	at android.os.BinderProxy.transact(Binder.java:736)
12-14 00:30:26.924 W/Binder  ( 1628): 	at android.app.assist.AssistStructure$ParcelTransferReader.fetchData(AssistStructure.java:407)
12-14 00:30:26.924 W/Binder  ( 1628): 	at android.app.assist.AssistStructure$ParcelTransferReader.go(AssistStructure.java:343)
12-14 00:30:26.924 W/Binder  ( 1628): 	at android.app.assist.AssistStructure.ensureData(AssistStructure.java:2096)
12-14 00:30:26.924 W/Binder  ( 1628): 	at com.android.server.autofill.Session$1.send(Session.java:200)
12-14 00:30:26.924 W/Binder  ( 1628): 	at com.android.server.am.ActivityManagerService.reportAssistContextExtras(ActivityManagerService.java:13137)
12-14 00:30:26.924 W/Binder  ( 1628): 	at android.app.IActivityManager$Stub.onTransact(IActivityManager.java:2466)
12-14 00:30:26.924 W/Binder  ( 1628): 	at com.android.server.am.ActivityManagerService.onTransact(ActivityManagerService.java:2935)
12-14 00:30:26.924 W/Binder  ( 1628): 	at android.os.Binder.execTransact(Binder.java:674)
12-14 00:30:26.928 I/AssistStructure( 4562): Flattened final assist data: 10960 bytes, containing 1 windows, 49 views
12-14 00:30:26.934 I/AssistStructure( 1628): Flattened final assist data: 9988 bytes, containing 1 windows, 49 views
12-14 00:30:26.937 W/lgq     ( 1940): Pending fill request while another request in the same session was triggered. [CONTEXT service_id=177 ]
12-14 00:30:27.049 E/SurfaceFlinger( 1410): ro.sf.lcd_density must be defined as a build property
12-14 00:30:27.057 D/gralloc_ranchu( 1396): gralloc_alloc: Creating ashmem region of size 8298496
12-14 00:30:27.067 D/        ( 4692): HostConnection::get() New Host Connection established 0xa822f800, tid 4692
