12-14 00:36:10.156 W/ActivityManager( 1628): 	at android.os.Binder.execTransact(Binder.java:674)
12-14 00:36:10.157 W/ActivityManager( 1628): Bad activity token: android.os.BinderProxy@27160a6
12-14 00:36:10.157 W/ActivityManager( 1628): java.lang.ClassCastException: android.os.BinderProxy cannot be cast to com.android.server.am.ActivityRecord$Token
12-14 00:36:10.157 W/ActivityManager( 1628): 	at com.android.server.am.ActivityRecord.forTokenLocked(ActivityRecord.java:778)
12-14 00:36:10.157 W/ActivityManager( 1628): 	at com.android.server.am.ActivityRecord.isInStackLocked(ActivityRecord.java:2085)
12-14 00:36:10.157 W/ActivityManager( 1628): 	at com.android.server.am.ActivityRecord.getStackLocked(ActivityRecord.java:2090)
12-14 00:36:10.157 W/ActivityManager( 1628): 	at com.android.server.am.ActivityManagerService.getActivityStackId(ActivityManagerService.java:10417)
12-14 00:36:10.157 W/ActivityManager( 1628): 	at android.app.IActivityManager$Stub.onTransact(IActivityManager.java:3548)
12-14 00:36:10.157 W/ActivityManager( 1628): 	at com.android.server.am.ActivityManagerService.onTransact(ActivityManagerService.java:2935)
12-14 00:36:10.157 W/ActivityManager( 1628): 	at android.os.Binder.execTransact(Binder.java:674)
12-14 00:36:10.164 W/ActivityManager( 1628): Bad activity token: android.os.BinderProxy@27160a6
12-14 00:36:10.164 W/ActivityManager( 1628): java.lang.ClassCastException: android.os.BinderProxy cannot be cast to com.android.server.am.ActivityRecord$Token
12-14 00:36:10.164 W/ActivityManager( 1628): 	at com.android.server.am.ActivityRecord.forTokenLocked(ActivityRecord.java:778)
12-14 00:36:10.164 W/ActivityManager( 1628): 	at com.android.server.am.ActivityRecord.isInStackLocked(ActivityRecord.java:2085)
12-14 00:36:10.164 W/ActivityManager( 1628): 	at com.android.server.am.ActivityManagerService.getActivityOptions(ActivityManagerService.java:13302)
12-14 00:36:10.164 W/ActivityManager( 1628): 	at android.app.IActivityManager$Stub.onTransact(IActivityManager.java:2910)
12-14 00:36:10.164 W/ActivityManager( 1628): 	at com.android.server.am.ActivityManagerService.onTransact(ActivityManagerService.java:2935)
12-14 00:36:10.164 W/ActivityManager( 1628): 	at android.os.Binder.execTransact(Binder.java:674)
12-14 00:36:10.165 W/ActivityManager( 1628): Bad activity token: android.os.BinderProxy@27160a6
12-14 00:36:10.165 W/ActivityManager( 1628): java.lang.ClassCastException: android.os.BinderProxy cannot be cast to com.android.server.am.ActivityRecord$Token
12-14 00:36:10.165 W/ActivityManager( 1628): 	at com.android.server.am.ActivityRecord.forTokenLocked(ActivityRecord.java:778)
12-14 00:36:10.165 W/ActivityManager( 1628): 	at com.android.server.am.ActivityRecord.isInStackLocked(ActivityRecord.java:2085)
12-14 00:36:10.165 W/ActivityManager( 1628): 	at com.android.server.am.ActivityManagerService.getActivityOptions(ActivityManagerService.java:13302)
12-14 00:36:10.165 W/ActivityManager( 1628): 	at android.app.IActivityManager$Stub.onTransact(IActivityManager.java:2910)
12-14 00:36:10.165 W/ActivityManager( 1628): 	at com.android.server.am.ActivityManagerService.onTransact(ActivityManagerService.java:2935)
12-14 00:36:10.165 W/ActivityManager( 1628): 	at android.os.Binder.execTransact(Binder.java:674)
12-14 00:36:10.173 I/chatty  ( 1628): uid=1000(system) RenderThread identical 66 lines
12-14 00:36:10.173 E/OpenGLRenderer( 1628): GL error:  GL_INVALID_OPERATION
12-14 00:36:10.174 I/Dialer  ( 2017): VvmTaskReceiver - task received
12-14 00:36:10.174 I/Dialer  ( 2017): VvmTaskReceiver - TaskExecutor already running
12-14 00:36:10.174 I/Dialer  ( 2017): Task.createTask - create task:com.android.voicemail.impl.ActivationTask
12-14 00:36:10.175 I/Dialer  ( 2017): RetryPolicy - retry #1 for com.android.voicemail.impl.ActivationTask@acf2538 queued, executing in 5000
12-14 00:36:10.175 I/Dialer  ( 2017): VvmTaskExecutor - com.android.voicemail.impl.ActivationTask@acf2538 added
12-14 00:36:10.176 E/OpenGLRenderer( 1628): GL error:  GL_INVALID_OPERATION
12-14 00:36:10.177 I/Dialer  ( 2017): VvmTaskExecutor - minimal wait time:5000
12-14 00:36:10.177 I/Dialer  ( 2017): VvmTaskExecutor - sleep for 5000 millis
12-14 00:36:10.177 E/OpenGLRenderer( 1628): GL error:  GL_INVALID_OPERATION
12-14 00:36:10.308 E/BatteryStatsService( 1628): modem info is invalid: ModemActivityInfo{ mTimestamp=0 mSleepTimeMs=0 mIdleTimeMs=0 mTxTimeMs[]=[0, 0, 0, 0, 0] mRxTimeMs=0 mEnergyUsed=0}
12-14 00:36:10.545 I/chatty  ( 1628): uid=1000(system) RenderThread identical 1077 lines
12-14 00:36:10.546 E/OpenGLRenderer( 1628): GL error:  GL_INVALID_OPERATION
12-14 00:36:10.546 E/SurfaceFlinger( 1404): ro.sf.lcd_density must be defined as a build property
12-14 00:36:10.546 E/OpenGLRenderer( 1628): GL error:  GL_INVALID_OPERATION
12-14 00:36:10.556 I/chatty  ( 1628): uid=1000(system) RenderThread identical 40 lines
12-14 00:36:10.556 E/OpenGLRenderer( 1628): GL error:  GL_INVALID_OPERATION
12-14 00:36:10.557 E/OpenGLRenderer( 1628): GL error:  GL_INVALID_OPERATION
12-14 00:36:10.557 D/gralloc_ranchu( 1395): gralloc_alloc: Creating ashmem region of size 8298496
12-14 00:36:10.566 I/chatty  ( 1628): uid=1000(system) RenderThread expire 25 lines
12-14 00:36:10.566 E/OpenGLRenderer( 1628): GL error:  GL_INVALID_OPERATION
12-14 00:36:10.566 D/        ( 4569): HostConnection::get() New Host Connection established 0xab42f800, tid 4569
12-14 00:36:10.566 E/OpenGLRenderer( 1628): GL error:  GL_INVALID_OPERATION
12-14 00:36:11.096 I/chatty  ( 1628): uid=1000(system) RenderThread identical 1205 lines
12-14 00:36:11.097 E/OpenGLRenderer( 1628): GL error:  GL_INVALID_OPERATION
12-14 00:36:11.097 I/System.out( 4518): URI: //gesture
12-14 00:36:11.097 E/OpenGLRenderer( 1628): GL error:  GL_INVALID_OPERATION
12-14 00:36:11.097 I/System.out( 4518): params: {json={"query_timeout":5.0,"gestures":[{"query_string":"android.widget.TabWidget descendant TextView index:2","touches":[{"x":50,"y":50,"offset_x":0,"offset_y":0,"wait":0.0,"time":0.2,"release":true,"query_string":null}]}]}
12-14 00:36:11.097 I/System.out( 4518): }
12-14 00:36:11.097 E/OpenGLRenderer( 1628): GL error:  GL_INVALID_OPERATION
12-14 00:36:11.280 E/TaskPersister( 1628): File error accessing recents directory (directory doesn't exist?).
12-14 00:36:11.485 W/ActivityManager( 1628): Bad activity token: android.os.BinderProxy@fe24fdf
12-14 00:36:11.485 W/ActivityManager( 1628): java.lang.ClassCastException: android.os.BinderProxy cannot be cast to com.android.server.am.ActivityRecord$Token
12-14 00:36:11.485 W/ActivityManager( 1628): 	at com.android.server.am.ActivityRecord.forTokenLocked(ActivityRecord.java:778)
12-14 00:36:11.485 W/ActivityManager( 1628): 	at com.android.server.am.ActivityRecord.isInStackLocked(ActivityRecord.java:2085)
12-14 00:36:11.485 W/ActivityManager( 1628): 	at com.android.server.am.ActivityRecord.getStackLocked(ActivityRecord.java:2090)
12-14 00:36:11.485 W/ActivityManager( 1628): 	at com.android.server.am.ActivityManagerService.getActivityDisplayId(ActivityManagerService.java:10406)
12-14 00:36:11.485 W/ActivityManager( 1628): 	at android.app.IActivityManager$Stub.onTransact(IActivityManager.java:2738)
12-14 00:36:11.485 W/ActivityManager( 1628): 	at com.android.server.am.ActivityManagerService.onTransact(ActivityManagerService.java:2935)
12-14 00:36:11.485 W/ActivityManager( 1628): 	at android.os.Binder.execTransact(Binder.java:674)
12-14 00:36:11.487 I/chatty  ( 1628): uid=1000(system) RenderThread identical 925 lines
12-14 00:36:11.488 E/OpenGLRenderer( 1628): GL error:  GL_INVALID_OPERATION
12-14 00:36:11.488 I/calabash( 4518): newActivity1
12-14 00:36:11.488 E/OpenGLRenderer( 1628): GL error:  GL_INVALID_OPERATION
12-14 00:36:11.641 W/ActivityManager( 1628): Bad activity token: android.os.BinderProxy@fe24fdf
12-14 00:36:11.641 W/ActivityManager( 1628): java.lang.ClassCastException: android.os.BinderProxy cannot be cast to com.android.server.am.ActivityRecord$Token
12-14 00:36:11.641 W/ActivityManager( 1628): 	at com.android.server.am.ActivityRecord.forTokenLocked(ActivityRecord.java:778)
12-14 00:36:11.641 W/ActivityManager( 1628): 	at com.android.server.am.ActivityRecord.isInStackLocked(ActivityRecord.java:2085)
12-14 00:36:11.641 W/ActivityManager( 1628): 	at com.android.server.am.ActivityManagerService.setTaskDescription(ActivityManagerService.java:9988)
12-14 00:36:11.641 W/ActivityManager( 1628): 	at android.app.IActivityManager$Stub.onTransact(IActivityManager.java:2824)
12-14 00:36:11.641 W/ActivityManager( 1628): 	at com.android.server.am.ActivityManagerService.onTransact(ActivityManagerService.java:2935)
12-14 00:36:11.641 W/ActivityManager( 1628): 	at android.os.Binder.execTransact(Binder.java:674)
12-14 00:36:11.643 W/ActivityManager( 1628): Bad activity token: android.os.BinderProxy@fe24fdf
12-14 00:36:11.643 W/ActivityManager( 1628): java.lang.ClassCastException: android.os.BinderProxy cannot be cast to com.android.server.am.ActivityRecord$Token
12-14 00:36:11.643 W/ActivityManager( 1628): 	at com.android.server.am.ActivityRecord.forTokenLocked(ActivityRecord.java:778)
12-14 00:36:11.643 W/ActivityManager( 1628): 	at com.android.server.am.ActivityRecord.isInStackLocked(ActivityRecord.java:2085)
12-14 00:36:11.643 W/ActivityManager( 1628): 	at com.android.server.am.ActivityRecord.getStackLocked(ActivityRecord.java:2090)
12-14 00:36:11.643 W/ActivityManager( 1628): 	at com.android.server.am.ActivityManagerService.getActivityStackId(ActivityManagerService.java:10417)
12-14 00:36:11.643 W/ActivityManager( 1628): 	at android.app.IActivityManager$Stub.onTransact(IActivityManager.java:3548)
12-14 00:36:11.643 W/ActivityManager( 1628): 	at com.android.server.am.ActivityManagerService.onTransact(ActivityManagerService.java:2935)
12-14 00:36:11.643 W/ActivityManager( 1628): 	at android.os.Binder.execTransact(Binder.java:674)
12-14 00:36:11.721 I/chatty  ( 1628): uid=1000(system) RenderThread identical 624 lines
12-14 00:36:11.721 E/OpenGLRenderer( 1628): GL error:  GL_INVALID_OPERATION
12-14 00:36:11.721 D/VehicleStatisticsActivity( 4518): Checking recalculation ...
12-14 00:36:11.721 E/OpenGLRenderer( 1628): GL error:  GL_INVALID_OPERATION
12-14 00:36:11.725 I/chatty  ( 1628): uid=1000(system) RenderThread identical 8 lines
12-14 00:36:11.725 E/OpenGLRenderer( 1628): GL error:  GL_INVALID_OPERATION
12-14 00:36:11.725 D/VehicleStatisticsActivity( 4518): Recalculating statistics
12-14 00:36:11.725 E/OpenGLRenderer( 1628): GL error:  GL_INVALID_OPERATION
12-14 00:36:11.726 I/chatty  ( 1628): uid=1000(system) RenderThread identical 1 line
12-14 00:36:11.726 E/OpenGLRenderer( 1628): GL error:  GL_INVALID_OPERATION
12-14 00:36:11.726 D/VehicleStatisticsTask( 4518): Calculation starting...
12-14 00:36:11.726 E/OpenGLRenderer( 1628): GL error:  GL_INVALID_OPERATION
12-14 00:36:11.727 I/chatty  ( 1628): uid=1000(system) RenderThread identical 1 line
12-14 00:36:11.727 E/OpenGLRenderer( 1628): GL error:  GL_INVALID_OPERATION
12-14 00:36:11.727 D/VehicleStatisticsActivity( 4518): Recalculation started!
12-14 00:36:11.728 E/OpenGLRenderer( 1628): GL error:  GL_INVALID_OPERATION
12-14 00:36:11.736 W/ActivityManager( 1628): Bad activity token: android.os.BinderProxy@fe24fdf
12-14 00:36:11.736 W/ActivityManager( 1628): java.lang.ClassCastException: android.os.BinderProxy cannot be cast to com.android.server.am.ActivityRecord$Token
12-14 00:36:11.736 W/ActivityManager( 1628): 	at com.android.server.am.ActivityRecord.forTokenLocked(ActivityRecord.java:778)
12-14 00:36:11.736 W/ActivityManager( 1628): 	at com.android.server.am.ActivityRecord.isInStackLocked(ActivityRecord.java:2085)
12-14 00:36:11.736 W/ActivityManager( 1628): 	at com.android.server.am.ActivityManagerService.getActivityOptions(ActivityManagerService.java:13302)
12-14 00:36:11.736 W/ActivityManager( 1628): 	at android.app.IActivityManager$Stub.onTransact(IActivityManager.java:2910)
12-14 00:36:11.736 W/ActivityManager( 1628): 	at com.android.server.am.ActivityManagerService.onTransact(ActivityManagerService.java:2935)
12-14 00:36:11.736 W/ActivityManager( 1628): 	at android.os.Binder.execTransact(Binder.java:674)
12-14 00:36:11.738 W/ActivityManager( 1628): Bad activity token: android.os.BinderProxy@fe24fdf
12-14 00:36:11.738 W/ActivityManager( 1628): java.lang.ClassCastException: android.os.BinderProxy cannot be cast to com.android.server.am.ActivityRecord$Token
12-14 00:36:11.738 W/ActivityManager( 1628): 	at com.android.server.am.ActivityRecord.forTokenLocked(ActivityRecord.java:778)
12-14 00:36:11.738 W/ActivityManager( 1628): 	at com.android.server.am.ActivityRecord.isInStackLocked(ActivityRecord.java:2085)
12-14 00:36:11.738 W/ActivityManager( 1628): 	at com.android.server.am.ActivityManagerService.getActivityOptions(ActivityManagerService.java:13302)
12-14 00:36:11.738 W/ActivityManager( 1628): 	at android.app.IActivityManager$Stub.onTransact(IActivityManager.java:2910)
12-14 00:36:11.738 W/ActivityManager( 1628): 	at com.android.server.am.ActivityManagerService.onTransact(ActivityManagerService.java:2935)
12-14 00:36:11.738 W/ActivityManager( 1628): 	at android.os.Binder.execTransact(Binder.java:674)
12-14 00:36:11.743 I/chatty  ( 1628): uid=1000(system) RenderThread identical 25 lines
12-14 00:36:11.745 E/OpenGLRenderer( 1628): GL error:  GL_INVALID_OPERATION
12-14 00:36:11.745 D/VehicleStatisticsActivity( 4518): Checking recalculation ...
12-14 00:36:11.745 E/OpenGLRenderer( 1628): GL error:  GL_INVALID_OPERATION
12-14 00:36:11.746 I/chatty  ( 1628): uid=1000(system) RenderThread identical 1 line
12-14 00:36:11.746 E/OpenGLRenderer( 1628): GL error:  GL_INVALID_OPERATION
12-14 00:36:11.746 E/memtrack( 1628): Couldn't load memtrack module
12-14 00:36:11.746 W/android.os.Debug( 1628): failed to get memory consumption info: -1
12-14 00:36:11.746 E/OpenGLRenderer( 1628): GL error:  GL_INVALID_OPERATION
12-14 00:36:11.750 I/chatty  ( 1628): uid=1000(system) RenderThread identical 10 lines
12-14 00:36:11.750 E/OpenGLRenderer( 1628): GL error:  GL_INVALID_OPERATION
12-14 00:36:11.750 D/VehicleStatisticsActivity( 4518): Recalculating statistics
12-14 00:36:11.750 D/VehicleStatisticsTask( 4518): Calculation starting...
12-14 00:36:11.750 E/OpenGLRenderer( 1628): GL error:  GL_INVALID_OPERATION
12-14 00:36:11.750 D/VehicleStatisticsActivity( 4518): Recalculation started!
12-14 00:36:11.753 E/OpenGLRenderer( 1628): GL error:  GL_INVALID_OPERATION
12-14 00:36:11.782 D/VehicleStatisticsTask( 4518): Not enough fillups to calculate statistics
12-14 00:36:11.782 I/chatty  ( 1628): uid=1000(system) RenderThread expire 73 lines
12-14 00:36:11.783 E/OpenGLRenderer( 1628): GL error:  GL_INVALID_OPERATION
12-14 00:36:11.783 E/OpenGLRenderer( 1628): GL error:  GL_INVALID_OPERATION
12-14 00:36:11.855 I/chatty  ( 1628): uid=1000(system) RenderThread identical 241 lines
12-14 00:36:11.855 E/OpenGLRenderer( 1628): GL error:  GL_INVALID_OPERATION
12-14 00:36:11.855 D/VehicleStatisticsTask( 4518): Not enough fillups to calculate statistics
12-14 00:36:11.856 E/OpenGLRenderer( 1628): GL error:  GL_INVALID_OPERATION
12-14 00:36:11.911 I/chatty  ( 1628): uid=1000(system) RenderThread identical 231 lines
12-14 00:36:11.911 E/OpenGLRenderer( 1628): GL error:  GL_INVALID_OPERATION
12-14 00:36:11.913 I/zygote  ( 4518): Background concurrent copying GC freed 34723(1330KB) AllocSpace objects, 3(60KB) LOS objects, 50% free, 1741KB/3MB, paused 4.798ms total 128.251ms
12-14 00:36:11.913 E/OpenGLRenderer( 1628): GL error:  GL_INVALID_OPERATION
12-14 00:36:11.988 I/chatty  ( 1628): uid=1000(system) RenderThread identical 198 lines
12-14 00:36:11.989 E/OpenGLRenderer( 1628): GL error:  GL_INVALID_OPERATION
12-14 00:36:11.989 D/VehicleStatisticsTask( 4518): Done recalculating!
12-14 00:36:11.989 E/OpenGLRenderer( 1628): GL error:  GL_INVALID_OPERATION
12-14 00:36:11.990 I/chatty  ( 1628): uid=1000(system) RenderThread identical 3 lines
12-14 00:36:11.990 E/OpenGLRenderer( 1628): GL error:  GL_INVALID_OPERATION
12-14 00:36:11.991 D/VehicleStatisticsTask( 4518): Done recalculating!
12-14 00:36:11.991 E/OpenGLRenderer( 1628): GL error:  GL_INVALID_OPERATION
12-14 00:36:11.992 I/chatty  ( 1628): uid=1000(system) RenderThread identical 3 lines
12-14 00:36:11.992 E/OpenGLRenderer( 1628): GL error:  GL_INVALID_OPERATION
12-14 00:36:11.992 D/VehicleStatisticsAdapter( 4518): Erasing the cache ...
12-14 00:36:11.992 E/OpenGLRenderer( 1628): GL error:  GL_INVALID_OPERATION
12-14 00:36:11.993 I/chatty  ( 1628): uid=1000(system) RenderThread identical 6 lines
12-14 00:36:11.994 E/OpenGLRenderer( 1628): GL error:  GL_INVALID_OPERATION
12-14 00:36:11.994 D/VehicleStatisticsAdapter( 4518): Erasing the cache ...
12-14 00:36:11.994 E/OpenGLRenderer( 1628): GL error:  GL_INVALID_OPERATION
12-14 00:36:12.031 I/chatty  ( 1628): uid=1000(system) RenderThread identical 80 lines
12-14 00:36:12.031 E/OpenGLRenderer( 1628): GL error:  GL_INVALID_OPERATION
12-14 00:36:12.031 D/VehicleStatisticsAdapter( 4518): Building new values ...
12-14 00:36:12.032 E/OpenGLRenderer( 1628): GL error:  GL_INVALID_OPERATION
12-14 00:36:12.032 D/VehicleStatisticsAdapter( 4518): Writing 29 records to the database ...
12-14 00:36:12.032 E/OpenGLRenderer( 1628): GL error:  GL_INVALID_OPERATION
12-14 00:36:12.038 I/chatty  ( 1628): uid=1000(system) RenderThread identical 13 lines
12-14 00:36:12.039 E/OpenGLRenderer( 1628): GL error:  GL_INVALID_OPERATION
12-14 00:36:12.039 D/VehicleStatisticsAdapter( 4518): Building new values ...
12-14 00:36:12.039 E/OpenGLRenderer( 1628): GL error:  GL_INVALID_OPERATION
12-14 00:36:12.039 E/OpenGLRenderer( 1628): GL error:  GL_INVALID_OPERATION
12-14 00:36:12.039 D/VehicleStatisticsAdapter( 4518): Writing 29 records to the database ...
12-14 00:36:12.040 E/OpenGLRenderer( 1628): GL error:  GL_INVALID_OPERATION
12-14 00:36:12.071 I/chatty  ( 1628): uid=1000(system) RenderThread identical 55 lines
12-14 00:36:12.071 E/OpenGLRenderer( 1628): GL error:  GL_INVALID_OPERATION
12-14 00:36:12.072 D/Mileage.ABS( 4518): Finished backup
12-14 00:36:12.073 E/OpenGLRenderer( 1628): GL error:  GL_INVALID_OPERATION
12-14 00:36:12.074 D/Mileage.ABS( 4518): Not backing up; 83
12-14 00:36:12.074 E/OpenGLRenderer( 1628): GL error:  GL_INVALID_OPERATION
12-14 00:36:12.100 I/chatty  ( 1628): uid=1000(system) RenderThread identical 28 lines
12-14 00:36:12.102 E/OpenGLRenderer( 1628): GL error:  GL_INVALID_OPERATION
12-14 00:36:12.103 E/SurfaceFlinger( 1404): ro.sf.lcd_density must be defined as a build property
12-14 00:36:12.104 E/OpenGLRenderer( 1628): GL error:  GL_INVALID_OPERATION
12-14 00:36:12.157 I/chatty  ( 1628): uid=1000(system) RenderThread identical 64 lines
12-14 00:36:12.158 E/OpenGLRenderer( 1628): GL error:  GL_INVALID_OPERATION
12-14 00:36:12.158 D/Mileage.ABS( 4518): Not backing up; 167
12-14 00:36:12.158 E/OpenGLRenderer( 1628): GL error:  GL_INVALID_OPERATION
12-14 00:36:12.196 I/chatty  ( 1628): uid=1000(system) RenderThread identical 46 lines
12-14 00:36:12.196 E/OpenGLRenderer( 1628): GL error:  GL_INVALID_OPERATION
12-14 00:36:12.196 D/gralloc_ranchu( 1395): gralloc_alloc: Creating ashmem region of size 8298496
12-14 00:36:12.196 E/OpenGLRenderer( 1628): GL error:  GL_INVALID_OPERATION
12-14 00:36:12.214 I/chatty  ( 1628): uid=1000(system) RenderThread identical 13 lines
12-14 00:36:12.215 E/OpenGLRenderer( 1628): GL error:  GL_INVALID_OPERATION
12-14 00:36:12.216 D/        ( 4575): HostConnection::get() New Host Connection established 0xa6d2f800, tid 4575
12-14 00:36:12.219 E/OpenGLRenderer( 1628): GL error:  GL_INVALID_OPERATION
12-14 00:36:12.229 I/chatty  ( 1628): uid=1000(system) RenderThread identical 6 lines
12-14 00:36:12.229 E/OpenGLRenderer( 1628): GL error:  GL_INVALID_OPERATION
12-14 00:36:12.230 I/zygote  ( 4518): Do full code cache collection, code=220KB, data=154KB
12-14 00:36:12.230 E/OpenGLRenderer( 1628): GL error:  GL_INVALID_OPERATION
12-14 00:36:12.230 I/chatty  ( 1628): uid=1000(system) RenderThread identical 1 line
12-14 00:36:12.230 E/OpenGLRenderer( 1628): GL error:  GL_INVALID_OPERATION
12-14 00:36:12.236 D/Mileage.ABS( 4518): Not backing up; 245
12-14 00:36:12.237 E/OpenGLRenderer( 1628): GL error:  GL_INVALID_OPERATION
12-14 00:36:12.237 D/Mileage.ABS( 4518): Not backing up; 246
12-14 00:36:12.238 D/Mileage.ABS( 4518): Not backing up; 247
12-14 00:36:12.239 E/OpenGLRenderer( 1628): GL error:  GL_INVALID_OPERATION
12-14 00:36:12.240 I/chatty  ( 1628): uid=1000(system) RenderThread identical 2 lines
12-14 00:36:12.240 E/OpenGLRenderer( 1628): GL error:  GL_INVALID_OPERATION
12-14 00:36:12.241 D/Mileage.ABS( 4518): Not backing up; 250
12-14 00:36:12.241 E/OpenGLRenderer( 1628): GL error:  GL_INVALID_OPERATION
12-14 00:36:12.241 E/OpenGLRenderer( 1628): GL error:  GL_INVALID_OPERATION
12-14 00:36:12.241 D/Mileage.ABS( 4518): Not backing up; 250
12-14 00:36:12.242 E/OpenGLRenderer( 1628): GL error:  GL_INVALID_OPERATION
12-14 00:36:12.242 D/Mileage.ABS( 4518): Not backing up; 251
12-14 00:36:12.243 E/OpenGLRenderer( 1628): GL error:  GL_INVALID_OPERATION
12-14 00:36:12.244 D/Mileage.ABS( 4518): Not backing up; 253
12-14 00:36:12.245 I/chatty  ( 1628): uid=1000(system) RenderThread expire 2 lines
12-14 00:36:12.245 E/OpenGLRenderer( 1628): GL error:  GL_INVALID_OPERATION
12-14 00:36:12.245 E/OpenGLRenderer( 1628): GL error:  GL_INVALID_OPERATION
12-14 00:36:12.246 I/chatty  ( 1628): uid=1000(system) RenderThread identical 1 line
12-14 00:36:12.247 E/OpenGLRenderer( 1628): GL error:  GL_INVALID_OPERATION
12-14 00:36:12.247 D/Mileage.ABS( 4518): Not backing up; 256
12-14 00:36:12.248 E/OpenGLRenderer( 1628): GL error:  GL_INVALID_OPERATION
12-14 00:36:12.249 I/chatty  ( 1628): uid=1000(system) RenderThread identical 1 line
12-14 00:36:12.250 E/OpenGLRenderer( 1628): GL error:  GL_INVALID_OPERATION
12-14 00:36:12.251 D/Mileage.ABS( 4518): Not backing up; 259
12-14 00:36:12.252 E/OpenGLRenderer( 1628): GL error:  GL_INVALID_OPERATION
12-14 00:36:12.259 I/zygote  ( 4518): After code cache collection, code=219KB, data=124KB
12-14 00:36:12.262 I/chatty  ( 1628): uid=1000(system) RenderThread expire 18 lines
12-14 00:36:12.265 E/OpenGLRenderer( 1628): GL error:  GL_INVALID_OPERATION
12-14 00:36:12.265 E/OpenGLRenderer( 1628): GL error:  GL_INVALID_OPERATION
12-14 00:36:12.266 I/chatty  ( 1628): uid=1000(system) RenderThread identical 2 lines
12-14 00:36:12.266 E/OpenGLRenderer( 1628): GL error:  GL_INVALID_OPERATION
12-14 00:36:12.268 D/Mileage.ABS( 4518): Not backing up; 277
12-14 00:36:12.269 E/OpenGLRenderer( 1628): GL error:  GL_INVALID_OPERATION
12-14 00:36:12.307 I/chatty  ( 1628): uid=1000(system) RenderThread identical 79 lines
12-14 00:36:12.307 E/OpenGLRenderer( 1628): GL error:  GL_INVALID_OPERATION
12-14 00:36:12.308 D/Mileage.ABS( 4518): Not backing up; 315
12-14 00:36:12.308 E/OpenGLRenderer( 1628): GL error:  GL_INVALID_OPERATION
12-14 00:36:12.315 I/chatty  ( 1628): uid=1000(system) RenderThread identical 15 lines
12-14 00:36:12.315 E/OpenGLRenderer( 1628): GL error:  GL_INVALID_OPERATION
12-14 00:36:12.317 D/Mileage.ABS( 4518): Not backing up; 326
12-14 00:36:12.317 E/OpenGLRenderer( 1628): GL error:  GL_INVALID_OPERATION
12-14 00:36:12.319 I/chatty  ( 1628): uid=1000(system) RenderThread identical 1 line
12-14 00:36:12.319 E/OpenGLRenderer( 1628): GL error:  GL_INVALID_OPERATION
12-14 00:36:12.319 D/Mileage.ABS( 4518): Not backing up; 328
12-14 00:36:12.320 E/OpenGLRenderer( 1628): GL error:  GL_INVALID_OPERATION
12-14 00:36:12.321 I/chatty  ( 1628): uid=1000(system) RenderThread identical 4 lines
12-14 00:36:12.321 E/OpenGLRenderer( 1628): GL error:  GL_INVALID_OPERATION
12-14 00:36:12.322 D/Mileage.ABS( 4518): Not backing up; 331
12-14 00:36:12.322 E/OpenGLRenderer( 1628): GL error:  GL_INVALID_OPERATION
12-14 00:36:12.323 I/chatty  ( 1628): uid=1000(system) RenderThread identical 2 lines
12-14 00:36:12.323 E/OpenGLRenderer( 1628): GL error:  GL_INVALID_OPERATION
12-14 00:36:12.324 D/Mileage.ABS( 4518): Not backing up; 333
12-14 00:36:12.324 E/OpenGLRenderer( 1628): GL error:  GL_INVALID_OPERATION
12-14 00:36:12.340 I/chatty  ( 1628): uid=1000(system) RenderThread identical 29 lines
12-14 00:36:12.340 E/OpenGLRenderer( 1628): GL error:  GL_INVALID_OPERATION
12-14 00:36:12.340 D/Mileage.ABS( 4518): Not backing up; 349
12-14 00:36:12.341 E/OpenGLRenderer( 1628): GL error:  GL_INVALID_OPERATION
12-14 00:36:12.342 D/Mileage.ABS( 4518): Not backing up; 351
12-14 00:36:12.345 I/chatty  ( 1628): uid=1000(system) RenderThread expire 9 lines
12-14 00:36:12.346 E/OpenGLRenderer( 1628): GL error:  GL_INVALID_OPERATION
12-14 00:36:12.347 E/OpenGLRenderer( 1628): GL error:  GL_INVALID_OPERATION
12-14 00:36:12.392 I/chatty  ( 1628): uid=1000(system) RenderThread identical 76 lines
12-14 00:36:12.392 E/OpenGLRenderer( 1628): GL error:  GL_INVALID_OPERATION
12-14 00:36:12.394 D/Mileage.ABS( 4518): Not backing up; 403
12-14 00:36:12.394 E/OpenGLRenderer( 1628): GL error:  GL_INVALID_OPERATION
12-14 00:36:12.395 E/OpenGLRenderer( 1628): GL error:  GL_INVALID_OPERATION
12-14 00:36:12.398 D/Mileage.ABS( 4518): Not backing up; 407
12-14 00:36:12.398 E/OpenGLRenderer( 1628): GL error:  GL_INVALID_OPERATION
12-14 00:36:12.399 E/OpenGLRenderer( 1628): GL error:  GL_INVALID_OPERATION
12-14 00:36:12.399 D/Mileage.ABS( 4518): Not backing up; 408
12-14 00:36:12.400 E/OpenGLRenderer( 1628): GL error:  GL_INVALID_OPERATION
12-14 00:36:12.424 I/chatty  ( 1628): uid=1000(system) RenderThread identical 43 lines
12-14 00:36:12.427 E/OpenGLRenderer( 1628): GL error:  GL_INVALID_OPERATION
12-14 00:36:12.427 D/Mileage.ABS( 4518): Not backing up; 436
12-14 00:36:12.428 E/OpenGLRenderer( 1628): GL error:  GL_INVALID_OPERATION
12-14 00:36:12.439 I/chatty  ( 1628): uid=1000(system) RenderThread identical 17 lines
12-14 00:36:12.439 E/OpenGLRenderer( 1628): GL error:  GL_INVALID_OPERATION
12-14 00:36:12.442 D/Mileage.ABS( 4518): Not backing up; 451
12-14 00:36:12.444 E/OpenGLRenderer( 1628): GL error:  GL_INVALID_OPERATION
12-14 00:36:12.447 I/chatty  ( 1628): uid=1000(system) RenderThread identical 7 lines
12-14 00:36:12.447 E/OpenGLRenderer( 1628): GL error:  GL_INVALID_OPERATION
12-14 00:36:12.447 D/Mileage.ABS( 4518): Not backing up; 453
12-14 00:36:12.448 E/OpenGLRenderer( 1628): GL error:  GL_INVALID_OPERATION
12-14 00:36:12.468 I/chatty  ( 1628): uid=1000(system) RenderThread identical 38 lines
12-14 00:36:12.469 E/OpenGLRenderer( 1628): GL error:  GL_INVALID_OPERATION
12-14 00:36:12.470 D/Mileage.ABS( 4518): Not backing up; 477
12-14 00:36:12.470 E/OpenGLRenderer( 1628): GL error:  GL_INVALID_OPERATION
12-14 00:36:12.484 I/chatty  ( 1628): uid=1000(system) RenderThread identical 28 lines
12-14 00:36:12.484 E/OpenGLRenderer( 1628): GL error:  GL_INVALID_OPERATION
12-14 00:36:12.484 D/Mileage.ABS( 4518): Not backing up; 493
12-14 00:36:12.485 E/OpenGLRenderer( 1628): GL error:  GL_INVALID_OPERATION
12-14 00:36:12.522 I/chatty  ( 1628): uid=1000(system) RenderThread identical 79 lines
12-14 00:36:12.522 E/OpenGLRenderer( 1628): GL error:  GL_INVALID_OPERATION
12-14 00:36:12.526 D/Mileage.ABS( 4518): Not backing up; 535
12-14 00:36:12.528 E/OpenGLRenderer( 1628): GL error:  GL_INVALID_OPERATION
12-14 00:36:12.530 D/Mileage.ABS( 4518): Not backing up; 539
12-14 00:36:12.532 E/OpenGLRenderer( 1628): GL error:  GL_INVALID_OPERATION
12-14 00:36:12.535 I/chatty  ( 1628): uid=1000(system) RenderThread identical 3 lines
12-14 00:36:12.537 E/OpenGLRenderer( 1628): GL error:  GL_INVALID_OPERATION
12-14 00:36:12.537 D/Mileage.ABS( 4518): Not backing up; 545
12-14 00:36:12.538 E/OpenGLRenderer( 1628): GL error:  GL_INVALID_OPERATION
12-14 00:36:12.540 I/chatty  ( 1628): uid=1000(system) RenderThread identical 4 lines
12-14 00:36:12.542 E/OpenGLRenderer( 1628): GL error:  GL_INVALID_OPERATION
12-14 00:36:12.543 D/Mileage.ABS( 4518): Not backing up; 552
12-14 00:36:12.544 E/OpenGLRenderer( 1628): GL error:  GL_INVALID_OPERATION
12-14 00:36:12.563 I/chatty  ( 1628): uid=1000(system) RenderThread identical 11 lines
12-14 00:36:12.564 E/OpenGLRenderer( 1628): GL error:  GL_INVALID_OPERATION
12-14 00:36:12.564 D/Mileage.ABS( 4518): Not backing up; 573
12-14 00:36:12.565 E/OpenGLRenderer( 1628): GL error:  GL_INVALID_OPERATION
12-14 00:36:12.591 I/chatty  ( 1628): uid=1000(system) RenderThread identical 37 lines
12-14 00:36:12.591 E/OpenGLRenderer( 1628): GL error:  GL_INVALID_OPERATION
12-14 00:36:12.593 D/Mileage.ABS( 4518): Not backing up; 601
12-14 00:36:12.594 D/Mileage.ABS( 4518): Not backing up; 603
12-14 00:36:12.594 E/OpenGLRenderer( 1628): GL error:  GL_INVALID_OPERATION
12-14 00:36:12.610 I/chatty  ( 1628): uid=1000(system) RenderThread identical 20 lines
12-14 00:36:12.610 E/OpenGLRenderer( 1628): GL error:  GL_INVALID_OPERATION
12-14 00:36:12.613 E/OpenGLRenderer( 1628): GL error:  GL_INVALID_OPERATION
12-14 00:36:12.613 D/Mileage.ABS( 4518): Not backing up; 622
12-14 00:36:12.649 I/chatty  ( 1628): uid=1000(system) RenderThread expire 55 lines
12-14 00:36:12.650 E/OpenGLRenderer( 1628): GL error:  GL_INVALID_OPERATION
12-14 00:36:12.650 D/Mileage.ABS( 4518): Not backing up; 659
12-14 00:36:12.651 D/Mileage.ABS( 4518): Not backing up; 660
12-14 00:36:12.652 E/OpenGLRenderer( 1628): GL error:  GL_INVALID_OPERATION
12-14 00:36:12.699 I/chatty  ( 1628): uid=1000(system) RenderThread identical 67 lines
12-14 00:36:12.700 E/OpenGLRenderer( 1628): GL error:  GL_INVALID_OPERATION
12-14 00:36:12.701 D/Mileage.ABS( 4518): Not backing up; 710
12-14 00:36:12.702 E/OpenGLRenderer( 1628): GL error:  GL_INVALID_OPERATION
12-14 00:36:12.711 I/chatty  ( 1628): uid=1000(system) RenderThread identical 6 lines
12-14 00:36:12.711 E/OpenGLRenderer( 1628): GL error:  GL_INVALID_OPERATION
12-14 00:36:12.712 D/Mileage.ABS( 4518): Not backing up; 721
12-14 00:36:12.712 E/OpenGLRenderer( 1628): GL error:  GL_INVALID_OPERATION
12-14 00:36:12.714 I/chatty  ( 1628): uid=1000(system) RenderThread identical 4 lines
12-14 00:36:12.716 E/OpenGLRenderer( 1628): GL error:  GL_INVALID_OPERATION
12-14 00:36:12.717 D/Mileage.ABS( 4518): Not backing up; 725
12-14 00:36:12.717 E/OpenGLRenderer( 1628): GL error:  GL_INVALID_OPERATION
12-14 00:36:12.730 I/chatty  ( 1628): uid=1000(system) RenderThread identical 7 lines
12-14 00:36:12.731 E/OpenGLRenderer( 1628): GL error:  GL_INVALID_OPERATION
12-14 00:36:12.732 D/Mileage.ABS( 4518): Not backing up; 740
12-14 00:36:12.732 E/OpenGLRenderer( 1628): GL error:  GL_INVALID_OPERATION
12-14 00:36:12.741 D/Mileage.ABS( 4518): Not backing up; 750
12-14 00:36:12.741 I/chatty  ( 1628): uid=1000(system) RenderThread expire 3 lines
12-14 00:36:12.742 E/OpenGLRenderer( 1628): GL error:  GL_INVALID_OPERATION
12-14 00:36:12.744 E/OpenGLRenderer( 1628): GL error:  GL_INVALID_OPERATION
12-14 00:36:12.768 I/chatty  ( 1628): uid=1000(system) RenderThread identical 18 lines
12-14 00:36:12.773 E/OpenGLRenderer( 1628): GL error:  GL_INVALID_OPERATION
12-14 00:36:12.774 D/Mileage.ABS( 4518): Not backing up; 783
12-14 00:36:12.775 E/OpenGLRenderer( 1628): GL error:  GL_INVALID_OPERATION
12-14 00:36:12.782 I/chatty  ( 1628): uid=1000(system) RenderThread identical 5 lines
12-14 00:36:12.782 E/OpenGLRenderer( 1628): GL error:  GL_INVALID_OPERATION
12-14 00:36:12.783 D/Mileage.ABS( 4518): Not backing up; 790
12-14 00:36:12.800 E/OpenGLRenderer( 1628): GL error:  GL_INVALID_OPERATION
12-14 00:36:12.804 I/chatty  ( 1628): uid=1000(system) RenderThread identical 3 lines
12-14 00:36:12.804 E/OpenGLRenderer( 1628): GL error:  GL_INVALID_OPERATION
12-14 00:36:12.805 D/Mileage.ABS( 4518): Not backing up; 814
12-14 00:36:12.806 E/OpenGLRenderer( 1628): GL error:  GL_INVALID_OPERATION
12-14 00:36:12.812 I/chatty  ( 1628): uid=1000(system) RenderThread identical 7 lines
12-14 00:36:12.813 E/OpenGLRenderer( 1628): GL error:  GL_INVALID_OPERATION
12-14 00:36:12.813 D/Mileage.ABS( 4518): Not backing up; 822
12-14 00:36:12.815 E/OpenGLRenderer( 1628): GL error:  GL_INVALID_OPERATION
12-14 00:36:12.832 I/chatty  ( 1628): uid=1000(system) RenderThread identical 23 lines
12-14 00:36:12.832 E/OpenGLRenderer( 1628): GL error:  GL_INVALID_OPERATION
12-14 00:36:12.838 D/Mileage.ABS( 4518): Not backing up; 847
12-14 00:36:12.838 E/OpenGLRenderer( 1628): GL error:  GL_INVALID_OPERATION
12-14 00:36:12.839 D/Mileage.ABS( 4518): Not backing up; 848
12-14 00:36:12.840 E/OpenGLRenderer( 1628): GL error:  GL_INVALID_OPERATION
12-14 00:36:12.880 I/chatty  ( 1628): uid=1000(system) RenderThread identical 77 lines
12-14 00:36:12.881 E/OpenGLRenderer( 1628): GL error:  GL_INVALID_OPERATION
12-14 00:36:12.884 D/Mileage.ABS( 4518): Not backing up; 893
12-14 00:36:12.887 E/OpenGLRenderer( 1628): GL error:  GL_INVALID_OPERATION
12-14 00:36:12.888 I/chatty  ( 1628): uid=1000(system) RenderThread identical 2 lines
12-14 00:36:12.888 E/OpenGLRenderer( 1628): GL error:  GL_INVALID_OPERATION
12-14 00:36:12.889 D/Mileage.ABS( 4518): Not backing up; 897
12-14 00:36:12.889 E/OpenGLRenderer( 1628): GL error:  GL_INVALID_OPERATION
12-14 00:36:12.895 I/chatty  ( 1628): uid=1000(system) RenderThread identical 12 lines
12-14 00:36:12.895 E/OpenGLRenderer( 1628): GL error:  GL_INVALID_OPERATION
12-14 00:36:12.896 D/Mileage.ABS( 4518): Not backing up; 902
12-14 00:36:12.897 E/OpenGLRenderer( 1628): GL error:  GL_INVALID_OPERATION
12-14 00:36:12.919 I/chatty  ( 1628): uid=1000(system) RenderThread identical 49 lines
12-14 00:36:12.920 E/OpenGLRenderer( 1628): GL error:  GL_INVALID_OPERATION
12-14 00:36:12.922 D/Mileage.ABS( 4518): Not backing up; 931
12-14 00:36:12.923 E/OpenGLRenderer( 1628): GL error:  GL_INVALID_OPERATION
12-14 00:36:12.940 D/Mileage.ABS( 4518): Not backing up; 948
12-14 00:36:12.946 I/chatty  ( 1628): uid=1000(system) RenderThread expire 93 lines
12-14 00:36:12.946 E/OpenGLRenderer( 1628): GL error:  GL_INVALID_OPERATION
12-14 00:36:12.948 E/OpenGLRenderer( 1628): GL error:  GL_INVALID_OPERATION
12-14 00:36:12.948 E/OpenGLRenderer( 1628): GL error:  GL_INVALID_OPERATION
12-14 00:36:12.953 D/Mileage.ABS( 4518): Not backing up; 962
12-14 00:36:12.954 E/OpenGLRenderer( 1628): GL error:  GL_INVALID_OPERATION
12-14 00:36:12.972 I/chatty  ( 1628): uid=1000(system) RenderThread identical 7 lines
12-14 00:36:12.972 E/OpenGLRenderer( 1628): GL error:  GL_INVALID_OPERATION
12-14 00:36:12.973 D/Mileage.ABS( 4518): Not backing up; 982
12-14 00:36:12.973 E/OpenGLRenderer( 1628): GL error:  GL_INVALID_OPERATION
12-14 00:36:12.983 I/chatty  ( 1628): uid=1000(system) RenderThread identical 18 lines
12-14 00:36:12.984 E/OpenGLRenderer( 1628): GL error:  GL_INVALID_OPERATION
12-14 00:36:12.987 D/Mileage.ABS( 4518): Not backing up; 996
12-14 00:36:12.988 E/OpenGLRenderer( 1628): GL error:  GL_INVALID_OPERATION
12-14 00:36:13.026 I/chatty  ( 1628): uid=1000(system) RenderThread identical 68 lines
12-14 00:36:13.026 E/OpenGLRenderer( 1628): GL error:  GL_INVALID_OPERATION
12-14 00:36:13.026 D/VehicleStatisticsAdapter( 4518): Caching of 29 records complete! (0.994 seconds)
12-14 00:36:13.026 E/OpenGLRenderer( 1628): GL error:  GL_INVALID_OPERATION
12-14 00:36:13.031 I/chatty  ( 1628): uid=1000(system) RenderThread identical 8 lines
12-14 00:36:13.032 E/OpenGLRenderer( 1628): GL error:  GL_INVALID_OPERATION
12-14 00:36:13.037 D/Mileage.ABS( 4518): Finished backup
12-14 00:36:13.037 E/OpenGLRenderer( 1628): GL error:  GL_INVALID_OPERATION
12-14 00:36:13.038 I/chatty  ( 1628): uid=1000(system) RenderThread identical 1 line
12-14 00:36:13.042 E/OpenGLRenderer( 1628): GL error:  GL_INVALID_OPERATION
12-14 00:36:13.043 D/Mileage.ABS( 4518): Not backing up; 31
12-14 00:36:13.044 E/OpenGLRenderer( 1628): GL error:  GL_INVALID_OPERATION
12-14 00:36:13.044 D/Mileage.ABS( 4518): Not backing up; 32
12-14 00:36:13.045 E/OpenGLRenderer( 1628): GL error:  GL_INVALID_OPERATION
12-14 00:36:13.046 D/Mileage.ABS( 4518): Not backing up; 34
12-14 00:36:13.048 E/OpenGLRenderer( 1628): GL error:  GL_INVALID_OPERATION
12-14 00:36:13.063 I/chatty  ( 1628): uid=1000(system) RenderThread identical 32 lines
12-14 00:36:13.063 E/OpenGLRenderer( 1628): GL error:  GL_INVALID_OPERATION
12-14 00:36:13.064 E/OpenGLRenderer( 1628): GL error:  GL_INVALID_OPERATION
12-14 00:36:13.064 D/VehicleStatisticsAdapter( 4518): Caching of 29 records complete! (1.024 seconds)
12-14 00:36:13.069 I/chatty  ( 1628): uid=1000(system) RenderThread expire 5 lines
12-14 00:36:13.070 E/OpenGLRenderer( 1628): GL error:  GL_INVALID_OPERATION
12-14 00:36:13.070 D/Mileage.ABS( 4518): Not backing up; 58
12-14 00:36:13.070 E/OpenGLRenderer( 1628): GL error:  GL_INVALID_OPERATION
12-14 00:36:13.178 I/chatty  ( 1628): uid=1000(system) RenderThread identical 268 lines
12-14 00:36:13.179 E/OpenGLRenderer( 1628): GL error:  GL_INVALID_OPERATION
12-14 00:36:13.179 I/System.out( 4518): URI: //gesture
12-14 00:36:13.179 I/System.out( 4518): params: {json={"query_timeout":5.0,"gestures":[{"query_string":"android.widget.TabWidget descendant TextView index:0","touches":[{"x":50,"y":50,"offset_x":0,"offset_y":0,"wait":0.0,"time":0.2,"release":true,"query_string":null}]}]}
12-14 00:36:13.179 E/OpenGLRenderer( 1628): GL error:  GL_INVALID_OPERATION
12-14 00:36:13.179 I/System.out( 4518): }
12-14 00:36:13.495 I/chatty  ( 1628): uid=1000(system) RenderThread expire 1156 lines
12-14 00:36:13.495 E/OpenGLRenderer( 1628): GL error:  GL_INVALID_OPERATION
12-14 00:36:13.495 I/zygote  ( 4518): Do partial code cache collection, code=249KB, data=145KB
12-14 00:36:13.495 E/OpenGLRenderer( 1628): GL error:  GL_INVALID_OPERATION
12-14 00:36:13.496 I/zygote  ( 4518): After code cache collection, code=249KB, data=145KB
12-14 00:36:13.496 I/zygote  ( 4518): Increasing code cache capacity to 1024KB
12-14 00:36:13.496 E/OpenGLRenderer( 1628): GL error:  GL_INVALID_OPERATION
12-14 00:36:13.650 I/chatty  ( 1628): uid=1000(system) RenderThread identical 625 lines
12-14 00:36:13.651 E/OpenGLRenderer( 1628): GL error:  GL_INVALID_OPERATION
12-14 00:36:13.651 W/View    ( 4518): dispatchProvideAutofillStructure(): not laid out, ignoring
12-14 00:36:13.651 E/OpenGLRenderer( 1628): GL error:  GL_INVALID_OPERATION
12-14 00:36:13.655 I/chatty  ( 1628): uid=1000(system) RenderThread identical 21 lines
12-14 00:36:13.655 E/OpenGLRenderer( 1628): GL error:  GL_INVALID_OPERATION
12-14 00:36:13.655 W/View    ( 4518): dispatchProvideAutofillStructure(): not laid out, ignoring
12-14 00:36:13.655 E/OpenGLRenderer( 1628): GL error:  GL_INVALID_OPERATION
12-14 00:36:13.656 I/chatty  ( 1628): uid=1000(system) RenderThread identical 9 lines
12-14 00:36:13.656 E/OpenGLRenderer( 1628): GL error:  GL_INVALID_OPERATION
12-14 00:36:13.656 W/View    ( 4518): dispatchProvideAutofillStructure(): not laid out, ignoring
12-14 00:36:13.657 E/OpenGLRenderer( 1628): GL error:  GL_INVALID_OPERATION
12-14 00:36:13.666 I/chatty  ( 1628): uid=1000(system) RenderThread identical 48 lines
12-14 00:36:13.666 E/OpenGLRenderer( 1628): GL error:  GL_INVALID_OPERATION
12-14 00:36:13.667 W/Binder  ( 1628): Outgoing transactions from this process must be FLAG_ONEWAY
12-14 00:36:13.667 W/Binder  ( 1628): java.lang.Throwable
12-14 00:36:13.667 W/Binder  ( 1628): 	at android.os.BinderProxy.transact(Binder.java:736)
12-14 00:36:13.667 W/Binder  ( 1628): 	at android.app.assist.AssistStructure$ParcelTransferReader.fetchData(AssistStructure.java:407)
12-14 00:36:13.667 W/Binder  ( 1628): 	at android.app.assist.AssistStructure$ParcelTransferReader.go(AssistStructure.java:343)
12-14 00:36:13.667 W/Binder  ( 1628): 	at android.app.assist.AssistStructure.ensureData(AssistStructure.java:2096)
12-14 00:36:13.667 W/Binder  ( 1628): 	at com.android.server.autofill.Session$1.send(Session.java:200)
12-14 00:36:13.667 W/Binder  ( 1628): 	at com.android.server.am.ActivityManagerService.reportAssistContextExtras(ActivityManagerService.java:13137)
12-14 00:36:13.667 W/Binder  ( 1628): 	at android.app.IActivityManager$Stub.onTransact(IActivityManager.java:2466)
12-14 00:36:13.667 W/Binder  ( 1628): 	at com.android.server.am.ActivityManagerService.onTransact(ActivityManagerService.java:2935)
12-14 00:36:13.667 W/Binder  ( 1628): 	at android.os.Binder.execTransact(Binder.java:674)
12-14 00:36:13.667 E/OpenGLRenderer( 1628): GL error:  GL_INVALID_OPERATION
12-14 00:36:13.681 I/chatty  ( 1628): uid=1000(system) RenderThread identical 70 lines
12-14 00:36:13.681 E/OpenGLRenderer( 1628): GL error:  GL_INVALID_OPERATION
12-14 00:36:13.681 I/AssistStructure( 4518): Flattened final assist data: 15312 bytes, containing 1 windows, 69 views
12-14 00:36:13.681 E/OpenGLRenderer( 1628): GL error:  GL_INVALID_OPERATION
12-14 00:36:13.692 I/chatty  ( 1628): uid=1000(system) RenderThread identical 44 lines
12-14 00:36:13.692 E/OpenGLRenderer( 1628): GL error:  GL_INVALID_OPERATION
12-14 00:36:13.692 I/AssistStructure( 1628): Flattened final assist data: 13988 bytes, containing 1 windows, 69 views
12-14 00:36:13.692 E/OpenGLRenderer( 1628): GL error:  GL_INVALID_OPERATION
12-14 00:36:13.696 I/chatty  ( 1628): uid=1000(system) RenderThread identical 30 lines
12-14 00:36:13.696 E/OpenGLRenderer( 1628): GL error:  GL_INVALID_OPERATION
12-14 00:36:13.698 W/lgq     ( 1937): Pending fill request while another request in the same session was triggered. [CONTEXT service_id=177 ]
12-14 00:36:13.700 E/OpenGLRenderer( 1628): GL error:  GL_INVALID_OPERATION
12-14 00:36:13.704 I/chatty  ( 1628): uid=1000(system) RenderThread identical 18 lines
12-14 00:36:13.704 E/OpenGLRenderer( 1628): GL error:  GL_INVALID_OPERATION
12-14 00:36:13.705 I/zygote  ( 4518): Background concurrent copying GC freed 30490(1708KB) AllocSpace objects, 1(20KB) LOS objects, 49% free, 2MB/4MB, paused 858us total 116.965ms
12-14 00:36:13.705 E/OpenGLRenderer( 1628): GL error:  GL_INVALID_OPERATION
12-14 00:36:13.834 I/chatty  ( 1628): uid=1000(system) RenderThread identical 520 lines
12-14 00:36:13.835 E/OpenGLRenderer( 1628): GL error:  GL_INVALID_OPERATION
12-14 00:36:13.836 I/EventLogSendingHelper( 2190): Sending log events.
12-14 00:36:13.843 E/OpenGLRenderer( 1628): GL error:  GL_INVALID_OPERATION
12-14 00:36:13.980 I/chatty  ( 1628): uid=1000(system) RenderThread identical 542 lines
12-14 00:36:13.981 E/OpenGLRenderer( 1628): GL error:  GL_INVALID_OPERATION
12-14 00:36:13.981 E/SurfaceFlinger( 1404): ro.sf.lcd_density must be defined as a build property
12-14 00:36:13.981 E/OpenGLRenderer( 1628): GL error:  GL_INVALID_OPERATION
12-14 00:36:13.992 I/chatty  ( 1628): uid=1000(system) RenderThread identical 64 lines
12-14 00:36:13.993 E/OpenGLRenderer( 1628): GL error:  GL_INVALID_OPERATION
12-14 00:36:13.993 D/gralloc_ranchu( 1395): gralloc_alloc: Creating ashmem region of size 8298496
12-14 00:36:13.994 E/OpenGLRenderer( 1628): GL error:  GL_INVALID_OPERATION
12-14 00:36:14.061 I/chatty  ( 1628): uid=1000(system) RenderThread identical 127 lines
12-14 00:36:14.062 E/OpenGLRenderer( 1628): GL error:  GL_INVALID_OPERATION
12-14 00:36:14.063 E/OpenGLRenderer( 1628): GL error:  GL_INVALID_OPERATION
12-14 00:36:14.063 D/        ( 4610): HostConnection::get() New Host Connection established 0xa5eaf800, tid 4610
12-14 00:36:14.656 I/chatty  ( 1628): uid=1000(system) RenderThread expire 1182 lines
12-14 00:36:14.657 E/OpenGLRenderer( 1628): GL error:  GL_INVALID_OPERATION
12-14 00:36:14.657 I/System.out( 4518): URI: //
12-14 00:36:14.657 E/OpenGLRenderer( 1628): GL error:  GL_INVALID_OPERATION
12-14 00:36:14.657 I/System.out( 4518): params: {json={"command":"set_activity_orientation","arguments":["landscape"]}
12-14 00:36:14.657 I/System.out( 4518): }
12-14 00:36:14.657 E/OpenGLRenderer( 1628): GL error:  GL_INVALID_OPERATION
12-14 00:36:14.657 I/System.out( 4518): header: {content-type=application/json;charset=utf-8, date=Mon, 14 Dec 2020 05:36:14 GMT, accept=*/*, host=127.0.0.1:34777, content-length=64, user-agent=HTTPClient/1.0 (2.8.3, ruby 2.5.8 (2020-03-31))}
12-14 00:36:14.657 I/System.out( 4518): params: {json={"command":"set_activity_orientation","arguments":["landscape"]}
12-14 00:36:14.657 E/OpenGLRenderer( 1628): GL error:  GL_INVALID_OPERATION
12-14 00:36:14.657 I/System.out( 4518): }
12-14 00:36:14.658 I/System.out( 4518): ProP json = {"command":"set_activity_orientation","arguments":["landscape"]}
12-14 00:36:14.658 I/System.out( 4518): files: {}
12-14 00:36:14.658 I/System.out( 4518): command: {"command":"set_activity_orientation","arguments":["landscape"]}
12-14 00:36:14.658 E/OpenGLRenderer( 1628): GL error:  GL_INVALID_OPERATION
12-14 00:36:14.663 I/chatty  ( 1628): uid=1000(system) RenderThread identical 19 lines
12-14 00:36:14.663 E/OpenGLRenderer( 1628): GL error:  GL_INVALID_OPERATION
12-14 00:36:14.664 I/InstrumentationBackend( 4518): Got command:'Command:'Line:null,set_activity_orientation', arguments:'[landscape]'
12-14 00:36:14.664 E/OpenGLRenderer( 1628): GL error:  GL_INVALID_OPERATION
12-14 00:36:14.672 I/chatty  ( 1628): uid=1000(system) RenderThread identical 6 lines
12-14 00:36:14.672 E/OpenGLRenderer( 1628): GL error:  GL_INVALID_OPERATION
12-14 00:36:14.673 D/gralloc_ranchu( 1395): gralloc_alloc: Creating ashmem region of size 8298496
12-14 00:36:14.673 E/OpenGLRenderer( 1628): GL error:  GL_INVALID_OPERATION
12-14 00:36:14.693 W/LocalDisplayAdapter( 1628): Unable to find color mode 0, ignoring request.
12-14 00:36:14.704 I/chatty  ( 1628): uid=1000(system) RenderThread identical 72 lines
12-14 00:36:14.704 E/OpenGLRenderer( 1628): GL error:  GL_INVALID_OPERATION
12-14 00:36:14.704 I/InputReader( 1628): Reconfiguring input devices.  changes=0x00000004
12-14 00:36:14.704 I/InputReader( 1628): Device reconfigured: id=0, name='qwerty2', size 1080x1920, orientation 1, mode 1, display id 0
12-14 00:36:14.705 I/ActivityManager( 1628): Config changes=480 {1.0 310mcc260mnc [en_US] ldltr sw411dp w683dp h387dp 420dpi nrml land finger qwerty/v/v -nav/h appBounds=Rect(0, 0 - 1794, 1080) s.9}
12-14 00:36:14.705 E/OpenGLRenderer( 1628): GL error:  GL_INVALID_OPERATION
12-14 00:36:14.710 I/ActivityManager( 1628): Override config changes=480 {1.0 310mcc260mnc [en_US] ldltr sw411dp w683dp h387dp 420dpi nrml land finger qwerty/v/v -nav/h appBounds=Rect(0, 0 - 1794, 1080) s.9} for displayId=0
12-14 00:36:14.776 I/chatty  ( 1628): uid=1000(system) RenderThread identical 36 lines
12-14 00:36:14.779 E/OpenGLRenderer( 1628): GL error:  GL_INVALID_OPERATION
12-14 00:36:14.779 D/gralloc_ranchu( 1395): gralloc_alloc: Creating ashmem region of size 544768
12-14 00:36:14.779 E/OpenGLRenderer( 1628): GL error:  GL_INVALID_OPERATION
12-14 00:36:14.792 I/chatty  ( 1628): uid=1000(system) RenderThread identical 5 lines
12-14 00:36:14.793 E/OpenGLRenderer( 1628): GL error:  GL_INVALID_OPERATION
12-14 00:36:14.793 D/EGL_emulation( 1725): eglMakeCurrent: 0x8cecd1c0: ver 3 0 (tinfo 0x9c57fbb0)
12-14 00:36:14.794 E/OpenGLRenderer( 1628): GL error:  GL_INVALID_OPERATION
12-14 00:36:14.805 I/chatty  ( 1628): uid=1000(system) RenderThread identical 15 lines
12-14 00:36:14.806 E/OpenGLRenderer( 1628): GL error:  GL_INVALID_OPERATION
12-14 00:36:14.806 D/gralloc_ranchu( 1395): gralloc_alloc: Creating ashmem region of size 544768
12-14 00:36:14.806 E/OpenGLRenderer( 1628): GL error:  GL_INVALID_OPERATION
12-14 00:36:14.821 I/chatty  ( 1628): uid=1000(system) RenderThread identical 15 lines
12-14 00:36:14.821 E/OpenGLRenderer( 1628): GL error:  GL_INVALID_OPERATION
12-14 00:36:14.822 I/calabash( 4518): newActivity1
12-14 00:36:14.822 E/OpenGLRenderer( 1628): GL error:  GL_INVALID_OPERATION
12-14 00:36:14.846 W/ActivityManager( 1628): Bad activity token: android.os.BinderProxy@897f8cb
12-14 00:36:14.846 W/ActivityManager( 1628): java.lang.ClassCastException: android.os.BinderProxy cannot be cast to com.android.server.am.ActivityRecord$Token
12-14 00:36:14.846 W/ActivityManager( 1628): 	at com.android.server.am.ActivityRecord.forTokenLocked(ActivityRecord.java:778)
12-14 00:36:14.846 W/ActivityManager( 1628): 	at com.android.server.am.ActivityRecord.isInStackLocked(ActivityRecord.java:2085)
12-14 00:36:14.846 W/ActivityManager( 1628): 	at com.android.server.am.ActivityRecord.getStackLocked(ActivityRecord.java:2090)
12-14 00:36:14.846 W/ActivityManager( 1628): 	at com.android.server.am.ActivityManagerService.getActivityDisplayId(ActivityManagerService.java:10406)
12-14 00:36:14.846 W/ActivityManager( 1628): 	at android.app.IActivityManager$Stub.onTransact(IActivityManager.java:2738)
12-14 00:36:14.846 W/ActivityManager( 1628): 	at com.android.server.am.ActivityManagerService.onTransact(ActivityManagerService.java:2935)
12-14 00:36:14.846 W/ActivityManager( 1628): 	at android.os.Binder.execTransact(Binder.java:674)
12-14 00:36:14.847 I/chatty  ( 1628): uid=1000(system) RenderThread identical 10 lines
12-14 00:36:14.848 E/OpenGLRenderer( 1628): GL error:  GL_INVALID_OPERATION
12-14 00:36:14.849 I/calabash( 4518): newActivity1
12-14 00:36:14.851 E/OpenGLRenderer( 1628): GL error:  GL_INVALID_OPERATION
12-14 00:36:14.854 I/chatty  ( 1628): uid=1000(system) RenderThread identical 7 lines
12-14 00:36:14.855 E/OpenGLRenderer( 1628): GL error:  GL_INVALID_OPERATION
12-14 00:36:14.856 W/AutofillManager( 4518): Session 2126116270 could not be restored
12-14 00:36:14.858 E/OpenGLRenderer( 1628): GL error:  GL_INVALID_OPERATION
12-14 00:36:14.859 W/ActivityManager( 1628): Bad activity token: android.os.BinderProxy@897f8cb
12-14 00:36:14.859 W/ActivityManager( 1628): java.lang.ClassCastException: android.os.BinderProxy cannot be cast to com.android.server.am.ActivityRecord$Token
12-14 00:36:14.859 W/ActivityManager( 1628): 	at com.android.server.am.ActivityRecord.forTokenLocked(ActivityRecord.java:778)
12-14 00:36:14.859 W/ActivityManager( 1628): 	at com.android.server.am.ActivityRecord.isInStackLocked(ActivityRecord.java:2085)
12-14 00:36:14.859 W/ActivityManager( 1628): 	at com.android.server.am.ActivityManagerService.setTaskDescription(ActivityManagerService.java:9988)
12-14 00:36:14.859 W/ActivityManager( 1628): 	at android.app.IActivityManager$Stub.onTransact(IActivityManager.java:2824)
