--------- beginning of main
12-14 03:11:21.726 I/zygote  ( 1629): Background concurrent copying GC freed 34559(2020KB) AllocSpace objects, 2(40KB) LOS objects, 36% free, 10MB/16MB, paused 344us total 236.063ms
12-14 03:11:21.821 D/BoundBrokerSvc( 2109): onUnbind: Intent { act=com.google.android.gms.people.service.START pkg=com.google.android.gms }
12-14 03:11:21.827 V/StatusBar( 1729): setLightsOn(true)
12-14 03:11:21.872 E/NetworkScheduler.ATC( 1938): Called cancelTask for already completed task com.google.android.videos/.service.drm.RefreshLicenseTaskService{u=0 tag="refresh_license_forced" trigger=window{start=0s,end=1s,earliest=-2s,latest=-1s} requirements=[NET_CONNECTED] attributes=[] scheduled=-2s last_run=-1s exec_window_multiplier=1.0000 jid=N/A status=ACTIVE retries=0 client_lib=MANCHEGO_GCM-10400000} :0 [CONTEXT service_id=218 ]
12-14 03:11:21.873 W/NetworkScheduler( 1938): Immediate task was not started com.google.android.videos/.service.drm.RefreshLicenseTaskService{u=0 tag="refresh_license_forced" trigger=window{start=0s,end=1s,earliest=-1s,latest=0s} requirements=[NET_CONNECTED] attributes=[] scheduled=-1s last_run=N/A exec_window_multiplier=1.0000 jid=N/A status=PENDING retries=0 client_lib=MANCHEGO_GCM-10400000}. Rescheduling immediate tasks can cause excessive battery drain.
12-14 03:11:21.874 I/NetworkScheduler.Stats( 1938): Task com.google.android.videos/ started execution. cause:4 exec_start_elapsed_seconds: 51 [CONTEXT service_id=218 ]
12-14 03:11:21.875 I/NetworkScheduler.Stats( 1938): Task com.google.android.gms/com.google.android.gms.pay.gcmtask.PayGcmTaskService started execution. cause:4 exec_start_elapsed_seconds: 51 [CONTEXT service_id=218 ]
12-14 03:11:21.876 I/NetworkScheduler.Stats( 1938): Task com.google.android.videos/ finished executing. cause:4 result: 1 elapsed_millis: 169 uptime_millis: 169 exec_start_elapsed_seconds: 51 [CONTEXT service_id=218 ]
12-14 03:11:21.947 E/memtrack( 1629): Couldn't load memtrack module
12-14 03:11:21.947 W/android.os.Debug( 1629): failed to get memory consumption info: -1
12-14 03:11:21.986 D/BoundBrokerSvc( 1938): onUnbind: Intent { act=com.google.android.gms.phenotype.service.START pkg=com.google.android.gms }
12-14 03:11:22.017 I/System.out( 3864): URI: //kill
12-14 03:11:22.017 I/System.out( 3864): params: {json={}
12-14 03:11:22.017 I/System.out( 3864): }
12-14 03:11:22.017 I/System.out( 3864): Stopping test server
12-14 03:11:22.023 E/adbd    ( 1352): failed to connect to socket 'tcp:7102': Connection refused
12-14 03:11:22.029 E/adbd    ( 1352): failed to connect to socket 'tcp:7102': Connection refused
12-14 03:11:22.035 V/StatusBar( 1729): setLightsOn(true)
12-14 03:11:22.053 I/chatty  ( 1729): uid=10028(u0_a28) com.android.systemui identical 2 lines
12-14 03:11:22.077 V/StatusBar( 1729): setLightsOn(true)
12-14 03:11:22.078 D/gralloc_ranchu( 1395): gralloc_alloc: Creating ashmem region of size 8298496
12-14 03:11:22.086 V/StatusBar( 1729): setLightsOn(true)
12-14 03:11:22.104 D/SurfaceFlinger( 1412): duplicate layer name: changing com.google.android.apps.nexuslauncher/com.google.android.apps.nexuslauncher.NexusLauncherActivity to com.google.android.apps.nexuslauncher/com.google.android.apps.nexuslauncher.NexusLauncherActivity#1
12-14 03:11:22.105 D/gralloc_ranchu( 1395): gralloc_alloc: Creating ashmem region of size 8298496
12-14 03:11:22.118 I/chatty  ( 1395): uid=1000(system) allocator@2.0-s identical 1 line
12-14 03:11:22.128 D/gralloc_ranchu( 1395): gralloc_alloc: Creating ashmem region of size 8298496
12-14 03:11:22.133 I/Pay     ( 2109): Device does not support HCE. [CONTEXT service_id=198 ]
12-14 03:11:22.135 I/NetworkScheduler.Stats( 1938): Task com.google.android.gms/com.google.android.gms.pay.gcmtask.PayGcmTaskService finished executing. cause:4 result: 1 elapsed_millis: 124 uptime_millis: 124 exec_start_elapsed_seconds: 51 [CONTEXT service_id=218 ]
12-14 03:11:22.137 I/NetworkScheduler.Stats( 1938): Task com.google.android.gms/com.google.android.gms.pay.gcmtask.PayGcmTaskService started execution. cause:7 exec_start_elapsed_seconds: 53 [CONTEXT service_id=218 ]
12-14 03:11:22.214 D/EGL_emulation( 1729): eglMakeCurrent: 0x9055af20: ver 3 0 (tinfo 0x90550b20)
12-14 03:11:22.214 D/gralloc_ranchu( 1395): gralloc_alloc: Creating ashmem region of size 8298496
12-14 03:11:22.276 I/InputReader( 1629): Reconfiguring input devices.  changes=0x00000010
12-14 03:11:22.278 I/zygote  ( 1938): Deoptimizing bsbk brqx.C() due to JIT inline cache
12-14 03:11:22.278 D/ImsResolver( 1808): maybeAddedImsService, packageName: com.google.android.gms
12-14 03:11:22.278 I/zygote  ( 1938): Deoptimizing bsbk brqx.D(int) due to JIT inline cache
12-14 03:11:22.283 W/ResourceType( 1629): ResTable_typeSpec entry count inconsistent: given 67, previously 69
12-14 03:11:22.283 W/ResourceType( 1629): ResTable_typeSpec entry count inconsistent: given 5411, previously 5412
12-14 03:11:22.299 D/gralloc_ranchu( 1395): gralloc_alloc: Creating ashmem region of size 8298496
12-14 03:11:22.385 D/EGL_emulation( 2228): eglMakeCurrent: 0xa4004b40: ver 3 0 (tinfo 0xa4003510)
12-14 03:11:22.428 D/EGL_emulation( 2181): eglMakeCurrent: 0xa40043c0: ver 3 0 (tinfo 0xa4003410)
12-14 03:11:22.469 W/ResourceType( 1629): ResTable_typeSpec entry count inconsistent: given 67, previously 69
12-14 03:11:22.469 W/ResourceType( 1629): ResTable_typeSpec entry count inconsistent: given 5411, previously 5412
12-14 03:11:22.505 I/Fitness ( 1938): OnPackageChangedOperation got intent: Intent { act=android.intent.action.PACKAGE_CHANGED dat=package:com.google.android.gms flg=0x45000010 pkg=com.google.android.gms cmp=com.google.android.gms/.chimera.PersistentIntentOperationService (has extras) } [CONTEXT service_id=17 ]
12-14 03:11:22.506 W/PeopleGalProvider( 2109): Not enabled to outside of GmsCore.
12-14 03:11:22.506 I/PeopleGalProvider( 2109): Method 0 completed.
12-14 03:11:22.509 I/zygote  ( 2228): Deoptimizing void com.google.android.apps.gsa.search.core.service.worker.a.a.a(com.google.android.apps.gsa.search.core.state.qc) due to JIT inline cache
12-14 03:11:22.510 I/ContactDirectoryManager( 2287): Directory provider com.google.android.gms(com.google.android.gms.people.gal.provider) returned a NULL cursor.
12-14 03:11:22.513 D/gralloc_ranchu( 1395): gralloc_alloc: Creating ashmem region of size 7753728
12-14 03:11:22.514 D/CarrierSvcBindHelper( 1808): No carrier app for: 0
12-14 03:11:22.520 W/SessionLifecycleManager( 2228): Handover failed. Creating new session controller.
12-14 03:11:22.549 I/OptInState( 2228): There is a new client and it does not support opt-in. Dropping request.
12-14 03:11:22.604 E/GmsClient( 2228): unable to connect to service: com.google.android.gms.speech.service.START on com.google.android.gms
12-14 03:11:22.631 I/MicroDetectionWorker( 2228): #updateMicroDetector [detectionMode: [mDetectionMode: [1]]]
12-14 03:11:22.631 I/MicroDetectionWorker( 2228): #startMicroDetector [speakerMode: 0]
12-14 03:11:22.634 I/AudioController( 2228): Using mInputStreamFactoryBuilder
12-14 03:11:22.637 I/MicroDetectionWorker( 2228): onReady
12-14 03:11:22.643 D/EGL_emulation( 1729): eglMakeCurrent: 0x9055af20: ver 3 0 (tinfo 0x90550b20)
12-14 03:11:22.646 D/        ( 1729): HostConnection::get() New Host Connection established 0xa401fcc0, tid 1984
12-14 03:11:22.652 I/MicroRecognitionRunner( 2228): Starting detection.
12-14 03:11:22.656 I/Icing   ( 2109): IndexChimeraService.getServiceInterface callingPackage=com.google.android.gms componentName=AppsCorpus serviceId=36
12-14 03:11:22.670 D/EGL_emulation( 1729): eglMakeCurrent: 0x9055af20: ver 3 0 (tinfo 0x90550b20)
12-14 03:11:22.679 I/MicrophoneInputStream( 2228): mic_starting com.google.android.apps.gsa.staticplugins.aa.c@bd80daa
12-14 03:11:22.688 I/MicrophoneInputStream( 2228): mic_started com.google.android.apps.gsa.staticplugins.aa.c@bd80daa
12-14 03:11:22.690 I/MicroDetectionWorker( 2228): onReady
12-14 03:11:22.694 W/SpeechLevelGenerator( 2228): Really low audio levels detected. The audio input may have issues.
12-14 03:11:22.696 D/EGL_emulation( 1729): eglMakeCurrent: 0x9055af20: ver 3 0 (tinfo 0x90550b20)
12-14 03:11:22.699 I/MicrophoneInputStream( 2228): mic_close com.google.android.apps.gsa.staticplugins.aa.c@bd80daa
12-14 03:11:22.704 D/EGL_emulation( 1729): eglMakeCurrent: 0x9055af20: ver 3 0 (tinfo 0x90550b20)
12-14 03:11:22.704 I/AudioFlinger( 1476): AudioFlinger's thread 0xaf887d00 tid=3982 ready to run
12-14 03:11:22.726 D/EGL_emulation( 1729): eglMakeCurrent: 0x9055af20: ver 3 0 (tinfo 0x90550b20)
12-14 03:11:22.726 I/MicroRecognitionRunner( 2228): Detection finished
12-14 03:11:22.743 W/ErrorReporter( 2228): reportError [type: 211, code: 524300]: Error reading from input stream
12-14 03:11:22.750 I/Fitness ( 1938): FitCleanupIntentOperation received Intent android.intent.action.PACKAGE_CHANGED [CONTEXT service_id=17 ]
12-14 03:11:22.763 D/EGL_emulation( 1729): eglMakeCurrent: 0x9055af20: ver 3 0 (tinfo 0x90550b20)
12-14 03:11:22.770 I/MicroRecognitionRunner( 2228): Stopping hotword detection.
12-14 03:11:22.777 W/ErrorProcessor( 2228): onFatalError, processing error from engine(4)
12-14 03:11:22.777 W/ErrorProcessor( 2228): com.google.android.apps.gsa.shared.speech.b.g: Error reading from input stream
12-14 03:11:22.777 W/ErrorProcessor( 2228): 	at com.google.android.apps.gsa.staticplugins.recognizer.j.a.a(SourceFile:28)
12-14 03:11:22.777 W/ErrorProcessor( 2228): 	at com.google.android.apps.gsa.staticplugins.recognizer.j.b.run(SourceFile:15)
12-14 03:11:22.777 W/ErrorProcessor( 2228): 	at java.util.concurrent.Executors$RunnableAdapter.call(Executors.java:457)
12-14 03:11:22.777 W/ErrorProcessor( 2228): 	at java.util.concurrent.FutureTask.run(FutureTask.java:266)
12-14 03:11:22.777 W/ErrorProcessor( 2228): 	at com.google.android.apps.gsa.shared.util.concurrent.a.ax.run(SourceFile:14)
12-14 03:11:22.777 W/ErrorProcessor( 2228): 	at com.google.android.apps.gsa.shared.util.concurrent.a.bl.run(SourceFile:4)
12-14 03:11:22.777 W/ErrorProcessor( 2228): 	at com.google.android.apps.gsa.shared.util.concurrent.a.bl.run(SourceFile:4)
12-14 03:11:22.777 W/ErrorProcessor( 2228): 	at java.util.concurrent.ThreadPoolExecutor.runWorker(ThreadPoolExecutor.java:1162)
12-14 03:11:22.777 W/ErrorProcessor( 2228): 	at java.util.concurrent.ThreadPoolExecutor$Worker.run(ThreadPoolExecutor.java:636)
12-14 03:11:22.777 W/ErrorProcessor( 2228): 	at java.lang.Thread.run(Thread.java:764)
12-14 03:11:22.777 W/ErrorProcessor( 2228): 	at com.google.android.apps.gsa.shared.util.concurrent.a.ai.run(SourceFile:6)
12-14 03:11:22.777 W/ErrorProcessor( 2228): Caused by: com.google.android.apps.gsa.shared.exception.GsaIOException: Error code: 393238 | Buffer overflow, no available space.
12-14 03:11:22.777 W/ErrorProcessor( 2228): 	at com.google.android.apps.gsa.speech.audio.Tee.f(SourceFile:103)
12-14 03:11:22.777 W/ErrorProcessor( 2228): 	at com.google.android.apps.gsa.speech.audio.au.read(SourceFile:2)
12-14 03:11:22.777 W/ErrorProcessor( 2228): 	at java.io.InputStream.read(InputStream.java:101)
12-14 03:11:22.777 W/ErrorProcessor( 2228): 	at com.google.android.apps.gsa.speech.audio.ao.run(SourceFile:18)
12-14 03:11:22.777 W/ErrorProcessor( 2228): 	at com.google.android.apps.gsa.speech.audio.an.run(SourceFile:2)
12-14 03:11:22.777 W/ErrorProcessor( 2228): 	... 9 more
12-14 03:11:22.777 I/AudioController( 2228): internalShutdown
12-14 03:11:22.779 D/EGL_emulation( 1729): eglMakeCurrent: 0x9055af20: ver 3 0 (tinfo 0x90550b20)
12-14 03:11:22.784 I/Icing   ( 2109): updateResources: need to parse adiq{com.google.android.gms}
12-14 03:11:22.787 D/EGL_emulation( 1729): eglMakeCurrent: 0x9055af20: ver 3 0 (tinfo 0x90550b20)
12-14 03:11:22.796 I/chatty  ( 1729): uid=10028(u0_a28) RenderThread identical 1 line
12-14 03:11:22.809 D/EGL_emulation( 1729): eglMakeCurrent: 0x9055af20: ver 3 0 (tinfo 0x90550b20)
12-14 03:11:22.829 I/MicroDetector( 2228): Keeping mic open: false
12-14 03:11:22.829 I/MicroDetectionWorker( 2228): #onError(false)
12-14 03:11:22.830 I/DeviceStateChecker( 2228): DeviceStateChecker cancelled
12-14 03:11:22.849 D/EGL_emulation( 1729): eglMakeCurrent: 0x9055af20: ver 3 0 (tinfo 0x90550b20)
12-14 03:11:22.852 I/zygote  ( 1729): NativeAllocBackground concurrent copying GC freed 10132(724KB) AllocSpace objects, 0(0B) LOS objects, 49% free, 4MB/9MB, paused 5.111ms total 178.884ms
12-14 03:11:22.868 D/        ( 1729): HostConnection::get() New Host Connection established 0x8ee7f700, tid 1739
12-14 03:11:22.874 I/zygote  ( 2228): Background concurrent copying GC freed 5004(326KB) AllocSpace objects, 1(68KB) LOS objects, 49% free, 4MB/8MB, paused 13.516ms total 219.134ms
12-14 03:11:22.903 D/EGL_emulation( 1729): eglMakeCurrent: 0x9055af20: ver 3 0 (tinfo 0x90550b20)
12-14 03:11:22.969 W/audio_hw_generic( 1389): Not supplying enough data to HAL, expected position 86912 , only wrote 86400
12-14 03:11:22.977 D/EGL_emulation( 1729): eglMakeCurrent: 0x9055af20: ver 3 0 (tinfo 0x90550b20)
12-14 03:11:22.989 W/OpenGLRenderer( 2181): Incorrectly called buildLayer on View: ShortcutAndWidgetContainer, destroying layer...
12-14 03:11:23.133 I/zygote  ( 2109): Background concurrent copying GC freed 57629(3MB) AllocSpace objects, 39(792KB) LOS objects, 46% free, 6MB/12MB, paused 17.354ms total 149.316ms
12-14 03:11:23.140 I/ProvidersCache( 3372): Provider returned no roots. Possibly naughty: com.google.android.apps.docs.storage
12-14 03:11:23.163 I/NetworkScheduler.Stats( 1938): Task com.google.android.gms/com.google.android.gms.clearcut.uploader.QosUploaderService started execution. cause:5 exec_start_elapsed_seconds: 54 [CONTEXT service_id=218 ]
12-14 03:11:23.210 D/OpenGLRenderer( 1629): HWUI GL Pipeline
12-14 03:11:23.213 I/NetworkScheduler.Stats( 1938): Task com.google.android.gms/com.google.android.gms.pay.gcmtask.PayGcmTaskService finished executing. cause:7 result: 2 elapsed_millis: 1191 uptime_millis: 1191 exec_start_elapsed_seconds: 53 [CONTEXT service_id=218 ]
12-14 03:11:23.225 W/Binder  ( 1629): Outgoing transactions from this process must be FLAG_ONEWAY
12-14 03:11:23.225 W/Binder  ( 1629): java.lang.Throwable
12-14 03:11:23.225 W/Binder  ( 1629): 	at android.os.BinderProxy.transact(Binder.java:736)
12-14 03:11:23.225 W/Binder  ( 1629): 	at com.android.internal.location.ILocationProvider$Stub$Proxy.getProperties(ILocationProvider.java:232)
12-14 03:11:23.225 W/Binder  ( 1629): 	at com.android.server.location.LocationProviderProxy$1.run(LocationProviderProxy.java:119)
12-14 03:11:23.225 W/Binder  ( 1629): 	at android.os.Handler.handleCallback(Handler.java:789)
12-14 03:11:23.225 W/Binder  ( 1629): 	at android.os.Handler.dispatchMessage(Handler.java:98)
12-14 03:11:23.225 W/Binder  ( 1629): 	at android.os.Looper.loop(Looper.java:164)
12-14 03:11:23.225 W/Binder  ( 1629): 	at android.os.HandlerThread.run(HandlerThread.java:65)
12-14 03:11:23.226 W/Icing   ( 2109): No valid account for uploading user actions
12-14 03:11:23.231 W/Binder  ( 1629): Outgoing transactions from this process must be FLAG_ONEWAY
12-14 03:11:23.231 W/Binder  ( 1629): java.lang.Throwable
12-14 03:11:23.231 W/Binder  ( 1629): 	at android.os.BinderProxy.transact(Binder.java:736)
12-14 03:11:23.231 W/Binder  ( 1629): 	at com.android.internal.location.ILocationProvider$Stub$Proxy.getProperties(ILocationProvider.java:232)
12-14 03:11:23.231 W/Binder  ( 1629): 	at com.android.server.location.LocationProviderProxy$1.run(LocationProviderProxy.java:119)
12-14 03:11:23.231 W/Binder  ( 1629): 	at android.os.Handler.handleCallback(Handler.java:789)
12-14 03:11:23.231 W/Binder  ( 1629): 	at android.os.Handler.dispatchMessage(Handler.java:98)
12-14 03:11:23.231 W/Binder  ( 1629): 	at android.os.Looper.loop(Looper.java:164)
12-14 03:11:23.231 W/Binder  ( 1629): 	at android.os.HandlerThread.run(HandlerThread.java:65)
12-14 03:11:23.243 D/BoundBrokerSvc( 1938): onUnbind: Intent { act=com.google.android.gms.clearcut.bootcount.service.START cmp=com.google.android.gms/.chimera.PersistentBoundBrokerService }
12-14 03:11:23.250 E/SurfaceFlinger( 1412): ro.sf.lcd_density must be defined as a build property
12-14 03:11:23.253 D/        ( 1629): HostConnection::get() New Host Connection established 0x8cbe3840, tid 3986
12-14 03:11:23.254 I/OpenGLRenderer( 1629): Initialized EGL, version 1.4
12-14 03:11:23.255 D/OpenGLRenderer( 1629): Swap behavior 1
12-14 03:11:23.255 W/OpenGLRenderer( 1629): Failed to choose config with EGL_SWAP_BEHAVIOR_PRESERVED, retrying without...
12-14 03:11:23.255 D/OpenGLRenderer( 1629): Swap behavior 0
12-14 03:11:23.269 D/EGL_emulation( 1629): eglCreateContext: 0xa167e3a0: maj 3 min 0 rcv 3
12-14 03:11:23.276 D/EGL_emulation( 1629): eglMakeCurrent: 0xa167e3a0: ver 3 0 (tinfo 0x91da9d80)
12-14 03:11:23.276 E/eglCodecCommon( 1629): glUtilsParamSize: unknow param 0x00008cdf
12-14 03:11:23.277 E/eglCodecCommon( 1629): glUtilsParamSize: unknow param 0x00008cdf
12-14 03:11:23.277 E/eglCodecCommon( 1629): glUtilsParamSize: unknow param 0x00008824
12-14 03:11:23.277 E/eglCodecCommon( 1629): glUtilsParamSize: unknow param 0x00008824
12-14 03:11:23.287 I/zygote  ( 2228): Do full code cache collection, code=249KB, data=205KB
12-14 03:11:23.287 I/zygote  ( 2228): After code cache collection, code=239KB, data=161KB
12-14 03:11:23.294 I/Icing   ( 2109): IndexChimeraService.getServiceInterface callingPackage=com.google.android.gms componentName=null serviceId=30
12-14 03:11:23.332 I/NetworkScheduler.Stats( 1938): Task com.google.android.videos/ started execution. cause:5 exec_start_elapsed_seconds: 54 [CONTEXT service_id=218 ]
12-14 03:11:23.335 I/PlayMovies( 3903): RefreshLicenseTaskService.onRunTask:96 On run task refresh_license
12-14 03:11:23.335 I/PlayMovies( 3903): 
12-14 03:11:23.353 I/NetworkScheduler.Stats( 1938): Task com.google.android.gms/com.google.android.gms.clearcut.uploader.QosUploaderService finished executing. cause:5 result: 1 elapsed_millis: 683 uptime_millis: 683 exec_start_elapsed_seconds: 54 [CONTEXT service_id=218 ]
12-14 03:11:23.363 I/NetworkScheduler.Stats( 1938): Task com.google.android.videos/ finished executing. cause:5 result: 1 elapsed_millis: 40 uptime_millis: 40 exec_start_elapsed_seconds: 54 [CONTEXT service_id=218 ]
12-14 03:11:23.444 I/Icing   ( 2109): Usage reports ok 2, Failed Usage reports 0, indexed 1, rejected 0
12-14 03:11:23.450 W/Icing   ( 2109): No valid account for uploading user actions
12-14 03:11:23.493 I/Icing   ( 2109): Usage reports ok 0, Failed Usage reports 0, indexed 0, rejected 0
12-14 03:11:23.503 I/Icing   ( 2109): Indexing com.google.android.gms-apps from com.google.android.gms
12-14 03:11:23.505 I/Icing   ( 2109): Indexing done com.google.android.gms-apps
12-14 03:11:23.549 I/NetworkScheduler.Stats( 1938): Task com.google.android.gms/com.google.android.gms.gass.chimera.SchedulePeriodicTasksService started execution. cause:5 exec_start_elapsed_seconds: 54 [CONTEXT service_id=218 ]
12-14 03:11:23.591 W/Nearby  ( 1938): Failed attempt #3 out of 3 for RestoreDeviceName [CONTEXT service_id=49 ]
12-14 03:11:23.591 W/Nearby  ( 1938): java.lang.IllegalStateException: BluetoothAdapter not ready yet!
12-14 03:11:23.591 W/Nearby  ( 1938): 	at alhd.g(:com.google.android.gms@204713022@20.47.13 (040700-344095733):2)
12-14 03:11:23.591 W/Nearby  ( 1938): 	at alhc.run(Unknown Source:0)
12-14 03:11:23.591 W/Nearby  ( 1938): 	at bznt.call(Unknown Source:0)
12-14 03:11:23.591 W/Nearby  ( 1938): 	at bzny.b(:com.google.android.gms@204713022@20.47.13 (040700-344095733):2)
12-14 03:11:23.591 W/Nearby  ( 1938): 	at bzny.a(:com.google.android.gms@204713022@20.47.13 (040700-344095733):0)
12-14 03:11:23.591 W/Nearby  ( 1938): 	at alhb.run(Unknown Source:2)
12-14 03:11:23.591 W/Nearby  ( 1938): 	at java.lang.Thread.run(Thread.java:764)
12-14 03:11:23.591 W/Nearby  ( 1938): 	at tly.run(Unknown Source:5)
12-14 03:11:23.591 W/Nearby  ( 1938): 	at java.util.concurrent.ThreadPoolExecutor.runWorker(ThreadPoolExecutor.java:1162)
12-14 03:11:23.591 W/Nearby  ( 1938): 	at java.util.concurrent.ThreadPoolExecutor$Worker.run(ThreadPoolExecutor.java:636)
12-14 03:11:23.591 W/Nearby  ( 1938): 	at trx.run(:com.google.android.gms@204713022@20.47.13 (040700-344095733):0)
12-14 03:11:23.591 W/Nearby  ( 1938): 	at java.lang.Thread.run(Thread.java:764)
12-14 03:11:23.646 I/NetworkScheduler.Stats( 1938): Task com.google.android.gms/com.google.android.gms.pay.gcmtask.PayGcmTaskService started execution. cause:5 exec_start_elapsed_seconds: 55 [CONTEXT service_id=218 ]
12-14 03:11:23.656 I/NetworkScheduler.Stats( 1938): Task com.google.android.gms/com.google.android.gms.gass.chimera.SchedulePeriodicTasksService finished executing. cause:5 result: 1 elapsed_millis: 191 uptime_millis: 191 exec_start_elapsed_seconds: 54 [CONTEXT service_id=218 ]
12-14 03:11:23.662 I/NetworkScheduler.Stats( 1938): Task com.google.android.gms/com.google.android.gms.pay.gcmtask.PayGcmTaskService finished executing. cause:5 result: 1 elapsed_millis: 60 uptime_millis: 60 exec_start_elapsed_seconds: 55 [CONTEXT service_id=218 ]
12-14 03:11:23.772 D/BoundBrokerSvc( 1938): onBind: Intent { act=com.google.android.gms.tapandpay.service.BIND cmp=com.google.android.gms/.chimera.PersistentApiService }
12-14 03:11:23.772 D/BoundBrokerSvc( 1938): Loading bound service for intent: Intent { act=com.google.android.gms.tapandpay.service.BIND cmp=com.google.android.gms/.chimera.PersistentApiService }
12-14 03:11:23.782 I/NetworkScheduler.Stats( 1938): Task com.google.android.gms/com.google.android.gms.pay.gcmtask.PayGcmTaskService started execution. cause:5 exec_start_elapsed_seconds: 55 [CONTEXT service_id=218 ]
12-14 03:11:23.821 E/Pay     ( 2109): No account found on the task or the device. Notification task will not be rescheduled. [CONTEXT service_id=198 ]
12-14 03:11:23.883 I/NetworkScheduler.Stats( 1938): Task com.google.android.gms/com.google.android.gms.pay.gcmtask.PayGcmTaskService started execution. cause:5 exec_start_elapsed_seconds: 55 [CONTEXT service_id=218 ]
12-14 03:11:23.860 W/Binder:3642_3( 3642): type=1400 audit(0.0:20): avc: denied { read } for name="modules" dev="proc" ino=4026532034 scontext=u:r:priv_app:s0:c512,c768 tcontext=u:object_r:proc_modules:s0 tclass=file permissive=0
12-14 03:11:23.901 I/NetworkScheduler.Stats( 1938): Task com.google.android.gms/com.google.android.gms.pay.gcmtask.PayGcmTaskService finished executing. cause:5 result: 2 elapsed_millis: 172 uptime_millis: 172 exec_start_elapsed_seconds: 55 [CONTEXT service_id=218 ]
12-14 03:11:23.902 D/EGL_emulation( 3642): eglCreateContext: 0xa4004a80: maj 3 min 0 rcv 3
12-14 03:11:23.908 D/EGL_emulation( 3642): eglMakeCurrent: 0xa4004a80: ver 3 0 (tinfo 0xa4003780)
12-14 03:11:23.908 E/eglCodecCommon( 3642): glUtilsParamSize: unknow param 0x00008cdf
12-14 03:11:23.908 E/eglCodecCommon( 3642): glUtilsParamSize: unknow param 0x00008cdf
12-14 03:11:23.908 E/eglCodecCommon( 3642): glUtilsParamSize: unknow param 0x00008824
12-14 03:11:23.908 E/eglCodecCommon( 3642): glUtilsParamSize: unknow param 0x00008824
12-14 03:11:23.911 I/NetworkScheduler.Stats( 1938): Task com.google.android.gms/com.google.android.gms.pay.gcmtask.PayGcmTaskService finished executing. cause:5 result: 1 elapsed_millis: 57 uptime_millis: 57 exec_start_elapsed_seconds: 55 [CONTEXT service_id=218 ]
12-14 03:11:23.976 D/EGL_emulation( 3642): eglCreateContext: 0xa4004de0: maj 3 min 0 rcv 3
12-14 03:11:23.980 D/EGL_emulation( 3642): eglMakeCurrent: 0xa4004de0: ver 3 0 (tinfo 0xa4003780)
12-14 03:11:23.980 E/eglCodecCommon( 3642): glUtilsParamSize: unknow param 0x00008cdf
12-14 03:11:23.980 E/eglCodecCommon( 3642): glUtilsParamSize: unknow param 0x00008cdf
12-14 03:11:23.980 E/eglCodecCommon( 3642): glUtilsParamSize: unknow param 0x00008824
12-14 03:11:23.980 E/eglCodecCommon( 3642): glUtilsParamSize: unknow param 0x00008824
12-14 03:11:24.047 I/NetworkScheduler.Stats( 1938): Task com.google.android.gms/com.google.android.gms.pay.gcmtask.PayGcmTaskService started execution. cause:5 exec_start_elapsed_seconds: 55 [CONTEXT service_id=218 ]
12-14 03:11:24.054 I/Pay     ( 2109): Migration flag not enabled. [CONTEXT service_id=198 ]
12-14 03:11:24.054 D/BoundBrokerSvc( 2109): onBind: Intent { act=com.google.android.gms.pay.service.BIND cmp=com.google.android.gms/.chimera.GmsApiService }
12-14 03:11:24.054 D/BoundBrokerSvc( 2109): Loading bound service for intent: Intent { act=com.google.android.gms.pay.service.BIND cmp=com.google.android.gms/.chimera.GmsApiService }
12-14 03:11:24.067 I/jgl     ( 2109): Primes not initialized, returning default (no-op) Primes instance which will ignore all calls. Please call Primes.initialize(...) before using any Primes API.
12-14 03:11:24.096 W/SystemServiceRegistry( 3642): No service published for: persistent_data_block
12-14 03:11:24.186 I/Pay     ( 2109): Migration already completed. [CONTEXT service_id=198 ]
12-14 03:11:24.200 I/Pay     ( 2109): Migration already completed. [CONTEXT service_id=198 ]
12-14 03:11:24.201 I/NetworkScheduler.Stats( 1938): Task com.google.android.gms/com.google.android.gms.tapandpay.gcmtask.TapAndPayGcmTaskService started execution. cause:5 exec_start_elapsed_seconds: 55 [CONTEXT service_id=218 ]
12-14 03:11:24.218 I/NetworkScheduler.Stats( 1938): Task com.google.android.gms/com.google.android.gms.tapandpay.gcmtask.TapAndPayGcmTaskService finished executing. cause:5 result: 1 elapsed_millis: 79 uptime_millis: 79 exec_start_elapsed_seconds: 55 [CONTEXT service_id=218 ]
12-14 03:11:24.223 I/Pay     ( 2109): Migration already completed. [CONTEXT service_id=198 ]
12-14 03:11:24.228 I/Pay     ( 2109): Migration flag not enabled. [CONTEXT service_id=198 ]
12-14 03:11:24.233 I/Pay     ( 2109): Migration already completed. [CONTEXT service_id=198 ]
12-14 03:11:24.233 I/Pay     ( 2109): Migration flag not enabled. [CONTEXT service_id=198 ]
12-14 03:11:24.310 W/Conscrypt( 2109): Could not set socket write timeout: java.net.SocketException: Socket closed
12-14 03:11:24.312 W/Conscrypt( 2109): 	at com.google.android.gms.org.conscrypt.Platform.setSocketWriteTimeout(:com.google.android.gms@204713022@20.47.13 (040700-344095733):2)
12-14 03:11:24.312 W/Conscrypt( 2109): 	at com.google.android.gms.org.conscrypt.ConscryptFileDescriptorSocket.setSoWriteTimeout(:com.google.android.gms@204713022@20.47.13 (040700-344095733):0)
12-14 03:11:24.329 I/NetworkScheduler.Stats( 1938): Task com.google.android.gms/com.google.android.gms.tapandpay.gcmtask.TapAndPayGcmTaskService started execution. cause:5 exec_start_elapsed_seconds: 55 [CONTEXT service_id=218 ]
12-14 03:11:24.334 I/NetworkScheduler.Stats( 1938): Task com.google.android.gms/com.google.android.gms.pay.gcmtask.PayGcmTaskService finished executing. cause:5 result: 1 elapsed_millis: 352 uptime_millis: 352 exec_start_elapsed_seconds: 55 [CONTEXT service_id=218 ]
12-14 03:11:24.338 I/NetworkScheduler.Stats( 1938): Task com.google.android.gms/com.google.android.gms.tapandpay.gcmtask.TapAndPayGcmTaskService finished executing. cause:5 result: 1 elapsed_millis: 46 uptime_millis: 46 exec_start_elapsed_seconds: 55 [CONTEXT service_id=218 ]
12-14 03:11:24.403 W/Conscrypt( 2109): Could not set socket write timeout: java.net.SocketException: Socket closed
12-14 03:11:24.403 W/Conscrypt( 2109): 	at com.google.android.gms.org.conscrypt.Platform.setSocketWriteTimeout(:com.google.android.gms@204713022@20.47.13 (040700-344095733):2)
12-14 03:11:24.403 W/Conscrypt( 2109): 	at com.google.android.gms.org.conscrypt.ConscryptFileDescriptorSocket.setSoWriteTimeout(:com.google.android.gms@204713022@20.47.13 (040700-344095733):0)
12-14 03:11:24.425 W/audio_hw_generic( 1389): Not supplying enough data to HAL, expected position 224974 , only wrote 156240
12-14 03:11:24.433 I/NetworkScheduler.Stats( 1938): Task com.google.android.gms/com.google.android.gms.tapandpay.gcmtask.TapAndPayGcmTaskService started execution. cause:5 exec_start_elapsed_seconds: 55 [CONTEXT service_id=218 ]
12-14 03:11:24.520 I/NetworkScheduler.Stats( 1938): Task com.google.android.gms/com.google.android.gms.udc.service.UdcContextInitService started execution. cause:5 exec_start_elapsed_seconds: 55 [CONTEXT service_id=218 ]
12-14 03:11:24.529 I/NetworkScheduler.Stats( 1938): Task com.google.android.gms/com.google.android.gms.tapandpay.gcmtask.TapAndPayGcmTaskService finished executing. cause:5 result: 1 elapsed_millis: 149 uptime_millis: 149 exec_start_elapsed_seconds: 55 [CONTEXT service_id=218 ]
12-14 03:11:24.570 I/NetworkScheduler.Stats( 1938): Task com.google.android.videos/ started execution. cause:5 exec_start_elapsed_seconds: 55 [CONTEXT service_id=218 ]
12-14 03:11:24.571 I/PlayMovies( 3903): RefreshLicenseTaskService.onRunTask:96 On run task refresh_license_forced
12-14 03:11:24.571 I/PlayMovies( 3903): 
12-14 03:11:24.580 I/NetworkScheduler.Stats( 1938): Task com.google.android.videos/ finished executing. cause:5 result: 1 elapsed_millis: 22 uptime_millis: 22 exec_start_elapsed_seconds: 55 [CONTEXT service_id=218 ]
12-14 03:11:24.602 I/NetworkScheduler.Stats( 1938): Task com.google.android.gms/com.google.android.gms.udc.service.UdcContextInitService finished executing. cause:5 result: 1 elapsed_millis: 121 uptime_millis: 121 exec_start_elapsed_seconds: 55 [CONTEXT service_id=218 ]
12-14 03:11:25.165 D/BoundBrokerSvc( 1938): onUnbind: Intent { act=com.google.android.gms.auth.account.workaccount.START cmp=com.google.android.gms/.chimera.PersistentApiService }
12-14 03:11:25.433 E/memtrack( 1629): Couldn't load memtrack module
12-14 03:11:25.433 W/android.os.Debug( 1629): failed to get memory consumption info: -1
12-14 03:11:25.529 D/BoundBrokerSvc( 1938): onUnbind: Intent { act=com.google.android.gms.auth.proximity.START cmp=com.google.android.gms/.chimera.PersistentBoundBrokerService }
12-14 03:11:25.545 D/BoundBrokerSvc( 2109): onUnbind: Intent { act=com.google.android.gms.auth.cryptauth.cryptauthservice.START cmp=com.google.android.gms/.chimera.GmsBoundBrokerService }
--------- beginning of system
12-14 03:11:26.072 E/TaskPersister( 1629): File error accessing recents directory (directory doesn't exist?).
12-14 03:11:26.608 D/BoundBrokerSvc( 1938): onUnbind: Intent { act=com.google.android.contextmanager.service.ContextManagerService.START cmp=com.google.android.gms/.chimera.PersistentApiService }
12-14 03:11:26.950 W/RemoteFillService( 1629): Not handling { when=-6ms what=3 target=com.android.internal.os.HandlerCaller$MyHandler } as service for ComponentInfo{com.google.android.gms/com.google.android.gms.autofill.service.AutofillService} is already destroyed
12-14 03:11:27.832 I/MicroDetectionWorker( 2228): #updateMicroDetector [detectionMode: [mDetectionMode: [1]]]
12-14 03:11:27.833 I/MicroDetectionWorker( 2228): #startMicroDetector [speakerMode: 0]
12-14 03:11:27.834 I/AudioController( 2228): Using mInputStreamFactoryBuilder
12-14 03:11:27.837 I/MicroDetectionWorker( 2228): onReady
12-14 03:11:27.844 I/MicroRecognitionRunner( 2228): Starting detection.
12-14 03:11:27.845 I/MicrophoneInputStream( 2228): mic_starting com.google.android.apps.gsa.staticplugins.aa.c@b1ca903
12-14 03:11:27.849 I/AudioFlinger( 1476): AudioFlinger's thread 0xaf703180 tid=3998 ready to run
12-14 03:11:27.853 I/MicrophoneInputStream( 2228): mic_started com.google.android.apps.gsa.staticplugins.aa.c@b1ca903
12-14 03:11:27.854 E/ActivityThread( 2228): Failed to find provider info for com.google.android.apps.gsa.testing.ui.audio.recorded
12-14 03:11:27.854 I/MicroDetectionWorker( 2228): onReady
12-14 03:11:27.856 I/MicrophoneInputStream( 2228): mic_close com.google.android.apps.gsa.staticplugins.aa.c@b1ca903
12-14 03:11:27.857 I/MicroRecognitionRunner( 2228): Detection finished
12-14 03:11:27.857 W/ErrorReporter( 2228): reportError [type: 211, code: 524300]: Error reading from input stream
12-14 03:11:27.857 I/MicroRecognitionRunner( 2228): Stopping hotword detection.
12-14 03:11:27.857 W/ErrorProcessor( 2228): onFatalError, processing error from engine(4)
12-14 03:11:27.857 W/ErrorProcessor( 2228): com.google.android.apps.gsa.shared.speech.b.g: Error reading from input stream
12-14 03:11:27.857 W/ErrorProcessor( 2228): 	at com.google.android.apps.gsa.staticplugins.recognizer.j.a.a(SourceFile:28)
12-14 03:11:27.857 W/ErrorProcessor( 2228): 	at com.google.android.apps.gsa.staticplugins.recognizer.j.b.run(SourceFile:15)
12-14 03:11:27.857 W/ErrorProcessor( 2228): 	at java.util.concurrent.Executors$RunnableAdapter.call(Executors.java:457)
12-14 03:11:27.857 W/ErrorProcessor( 2228): 	at java.util.concurrent.FutureTask.run(FutureTask.java:266)
12-14 03:11:27.857 W/ErrorProcessor( 2228): 	at com.google.android.apps.gsa.shared.util.concurrent.a.ax.run(SourceFile:14)
12-14 03:11:27.857 W/ErrorProcessor( 2228): 	at com.google.android.apps.gsa.shared.util.concurrent.a.bl.run(SourceFile:4)
12-14 03:11:27.857 W/ErrorProcessor( 2228): 	at com.google.android.apps.gsa.shared.util.concurrent.a.bl.run(SourceFile:4)
12-14 03:11:27.857 W/ErrorProcessor( 2228): 	at java.util.concurrent.ThreadPoolExecutor.runWorker(ThreadPoolExecutor.java:1162)
12-14 03:11:27.857 W/ErrorProcessor( 2228): 	at java.util.concurrent.ThreadPoolExecutor$Worker.run(ThreadPoolExecutor.java:636)
12-14 03:11:27.857 W/ErrorProcessor( 2228): 	at java.lang.Thread.run(Thread.java:764)
12-14 03:11:27.857 W/ErrorProcessor( 2228): 	at com.google.android.apps.gsa.shared.util.concurrent.a.ai.run(SourceFile:6)
12-14 03:11:27.857 W/ErrorProcessor( 2228): Caused by: com.google.android.apps.gsa.shared.exception.GsaIOException: Error code: 393238 | Buffer overflow, no available space.
12-14 03:11:27.857 W/ErrorProcessor( 2228): 	at com.google.android.apps.gsa.speech.audio.Tee.f(SourceFile:103)
12-14 03:11:27.857 W/ErrorProcessor( 2228): 	at com.google.android.apps.gsa.speech.audio.au.read(SourceFile:2)
12-14 03:11:27.857 W/ErrorProcessor( 2228): 	at java.io.InputStream.read(InputStream.java:101)
12-14 03:11:27.857 W/ErrorProcessor( 2228): 	at com.google.android.apps.gsa.speech.audio.ao.run(SourceFile:18)
12-14 03:11:27.857 W/ErrorProcessor( 2228): 	at com.google.android.apps.gsa.speech.audio.an.run(SourceFile:2)
12-14 03:11:27.857 W/ErrorProcessor( 2228): 	... 9 more
12-14 03:11:27.857 I/AudioController( 2228): internalShutdown
12-14 03:11:27.858 I/MicroDetector( 2228): Keeping mic open: false
12-14 03:11:27.858 I/MicroDetectionWorker( 2228): #onError(false)
12-14 03:11:27.858 I/DeviceStateChecker( 2228): DeviceStateChecker cancelled
12-14 03:11:28.384 D/AndroidRuntime( 4002): >>>>>> START com.android.internal.os.RuntimeInit uid 2000 <<<<<<
12-14 03:11:28.418 W/app_process( 4002): Unexpected CPU variant for X86 using defaults: x86
12-14 03:11:28.435 D/AndroidRuntime( 4002): Calling main entry com.android.commands.am.Am
12-14 03:11:28.437 I/ActivityManager( 1629): Force stopping com.evancharlton.mileage appid=10394 user=0: start instr
12-14 03:11:28.437 I/ActivityManager( 1629): Killing 3864:com.evancharlton.mileage/u0a394 (adj 0): stop com.evancharlton.mileage
12-14 03:11:28.437 W/ActivityManager( 1629): Crash of app com.evancharlton.mileage running instrumentation ComponentInfo{com.evancharlton.mileage.test/sh.calaba.instrumentationbackend.CalabashInstrumentationTestRunner}
12-14 03:11:28.437 I/ActivityManager( 1629): Force stopping com.evancharlton.mileage appid=10394 user=0: finished inst
12-14 03:11:28.446 I/zygote  ( 4012): Not late-enabling -Xcheck:jni (already on)
12-14 03:11:28.451 I/ActivityManager( 1629): Start proc 4012:com.evancharlton.mileage/u0a394 for added application com.evancharlton.mileage
12-14 03:11:28.452 D/AndroidRuntime( 4002): Shutting down VM
12-14 03:11:28.455 W/zygote  ( 4012): Unexpected CPU variant for X86 using defaults: x86
12-14 03:11:28.481 W/ActivityManager( 1629): setHasOverlayUi called on unknown pid: 3864
12-14 03:11:28.482 E/adbd    ( 1352): failed to connect to socket 'tcp:7102': Connection refused
12-14 03:11:28.485 E/adbd    ( 1352): failed to connect to socket 'tcp:7102': Connection refused
12-14 03:11:28.487 W/zygote  ( 4012): Found duplicate classes, falling back to extracting from APK : /data/app/com.evancharlton.mileage.test-U4byrMuXJMs2Amfpdnnk5Q==/base.apk
12-14 03:11:28.487 W/zygote  ( 4012): NOTE: This wastes RAM and hurts startup performance.
12-14 03:11:28.487 W/zygote  ( 4012): Found duplicated class when checking oat files: 'Ljunit/runner/BaseTestRunner;' in /data/app/com.evancharlton.mileage.test-U4byrMuXJMs2Amfpdnnk5Q==/base.apk and /system/framework/android.test.runner.jar
12-14 03:11:28.487 W/zygote  ( 4012): 
12-14 03:11:28.520 W/System  ( 4012): ClassLoader referenced unknown path: 
12-14 03:11:28.530 I/System.out( 4012): Main activity name automatically set to: com.evancharlton.mileage.Mileage
12-14 03:11:28.531 I/System.out( 4012): Calabash did not load Mono. This is only a problem if you are trying to test a Mono application
12-14 03:11:28.531 I/calabash( 4012): Test server port: 7102
12-14 03:11:28.533 I/InstrumentationBackend( 4012): Added:'GetPreferences', with key:'get_preferences'
12-14 03:11:28.592 I/InstrumentationBackend( 4012): Added:'SetPreferences', with key:'set_preferences'
12-14 03:11:28.592 I/InstrumentationBackend( 4012): Added:'ClearPreferences', with key:'clear_preferences'
12-14 03:11:28.592 I/InstrumentationBackend( 4012): Added:'PressElement', with key:'press_l10n_element'
12-14 03:11:28.593 I/InstrumentationBackend( 4012): Added:'WaitForElement', with key:'wait_for_l10n_element'
12-14 03:11:28.593 I/InstrumentationBackend( 4012): Added:'NullAction', with key:'nullAction'
12-14 03:11:28.594 I/InstrumentationBackend( 4012): Added:'PressKey', with key:'press_key'
12-14 03:11:28.594 I/InstrumentationBackend( 4012): Added:'SetActivityOrientation', with key:'set_activity_orientation'
12-14 03:11:28.594 I/InstrumentationBackend( 4012): Added:'GetActivityOrientation', with key:'get_activity_orientation'
12-14 03:11:28.595 I/InstrumentationBackend( 4012): Added:'FakeGPSLocation', with key:'set_gps_coordinates'
12-14 03:11:28.595 I/InstrumentationBackend( 4012): Added:'SetPropertyByCssSelector', with key:'set_property_by_css_selector'
12-14 03:11:28.597 E/adbd    ( 1352): failed to connect to socket 'tcp:7102': Connection refused
12-14 03:11:28.598 I/InstrumentationBackend( 4012): Added:'GetUrl', with key:'get_url'
12-14 03:11:28.600 E/adbd    ( 1352): failed to connect to socket 'tcp:7102': Connection refused
12-14 03:11:28.604 I/InstrumentationBackend( 4012): Added:'ScrollTo', with key:'scroll_to'
12-14 03:11:28.605 I/InstrumentationBackend( 4012): Added:'GetLoadProgress', with key:'get_load_progress'
12-14 03:11:28.606 I/InstrumentationBackend( 4012): Added:'DumpHtml', with key:'dump_html'
12-14 03:11:28.606 I/InstrumentationBackend( 4012): Added:'DumpBodyHtml', with key:'dump_body_html'
12-14 03:11:28.607 I/InstrumentationBackend( 4012): Added:'EnterTextByCssSelector', with key:'enter_text_by_selector'
12-14 03:11:28.612 I/InstrumentationBackend( 4012): Added:'AndroidSDKVersion', with key:'android_sdk_version'
12-14 03:11:28.612 I/InstrumentationBackend( 4012): Added:'Version', with key:'version'
12-14 03:11:28.612 I/InstrumentationBackend( 4012): Added:'Drag', with key:'drag'
12-14 03:11:28.612 I/InstrumentationBackend( 4012): Added:'TouchCoordinates', with key:'touch_coordinate'
12-14 03:11:28.613 I/InstrumentationBackend( 4012): Added:'LongPressCoordinate', with key:'long_press_coordinate'
12-14 03:11:28.613 I/InstrumentationBackend( 4012): Added:'DragCoordinates', with key:'drag_coordinates'
12-14 03:11:28.613 I/InstrumentationBackend( 4012): Added:'ResumeApplication', with key:'resume_application'
12-14 03:11:28.614 I/InstrumentationBackend( 4012): Added:'Swipe', with key:'swipe'
12-14 03:11:28.614 I/InstrumentationBackend( 4012): Added:'DoubleTapCoordinate', with key:'double_tap_coordinate'
12-14 03:11:28.614 I/InstrumentationBackend( 4012): Added:'ClickOnScreen', with key:'click_on_screen'
12-14 03:11:28.615 I/InstrumentationBackend( 4012): Added:'GetActivityName', with key:'get_activity_name'
12-14 03:11:28.616 I/InstrumentationBackend( 4012): Added:'ScrollToView', with key:'scroll_to_view'
12-14 03:11:28.616 I/InstrumentationBackend( 4012): Added:'ViewConfiguration', with key:'view_configuration'
12-14 03:11:28.616 I/InstrumentationBackend( 4012): Added:'IsCurrentActivityFocused', with key:'is_current_activity_focused'
12-14 03:11:28.617 I/InstrumentationBackend( 4012): Added:'SendTcp', with key:'send_tcp'
12-14 03:11:28.617 I/InstrumentationBackend( 4012): Added:'DpToDevicePixel', with key:'dp_to_device_pixel'
12-14 03:11:28.618 I/InstrumentationBackend( 4012): Added:'KeyboardEnterText', with key:'keyboard_enter_text'
12-14 03:11:28.619 I/InstrumentationBackend( 4012): Added:'DeleteSurroundingText', with key:'delete_surrounding_text'
12-14 03:11:28.620 I/InstrumentationBackend( 4012): Added:'SetComposingRegion', with key:'set_composing_region'
12-14 03:11:28.620 I/InstrumentationBackend( 4012): Added:'SetSelection', with key:'set_selection'
12-14 03:11:28.620 I/InstrumentationBackend( 4012): Added:'KeyboardKeyEvent', with key:'keyboard_key_event'
12-14 03:11:28.621 I/InstrumentationBackend( 4012): Added:'PressUserActionButton', with key:'press_user_action_button'
12-14 03:11:28.621 I/InstrumentationBackend( 4012): Added:'HideSoftKeyboard', with key:'hide_soft_keyboard'
12-14 03:11:28.622 I/InstrumentationBackend( 4012): Added:'ListActions', with key:'list_actions'
12-14 03:11:28.623 I/calabash( 4012): Instantiating http server at 7102
12-14 03:11:28.623 I/System.out( 4012): HTTP Daemon listening on: 7102
12-14 03:11:28.712 I/System.out( 4012): URI: //ping
12-14 03:11:28.713 I/System.out( 4012): params: {json={}
12-14 03:11:28.713 I/System.out( 4012): }
12-14 03:11:28.724 I/System.out( 4012): URI: //ping
12-14 03:11:28.724 I/System.out( 4012): params: {json={}
12-14 03:11:28.724 I/System.out( 4012): }
12-14 03:11:28.731 I/System.out( 4012): URI: //ready
12-14 03:11:28.731 I/System.out( 4012): params: {json={}
12-14 03:11:28.731 I/System.out( 4012): }
12-14 03:11:28.738 I/System.out( 4012): URI: //
12-14 03:11:28.739 I/System.out( 4012): params: {json={"command":"version","arguments":[]}
12-14 03:11:28.739 I/System.out( 4012): }
12-14 03:11:28.739 I/System.out( 4012): header: {content-type=application/json;charset=utf-8, date=Mon, 14 Dec 2020 08:11:29 GMT, accept=*/*, host=127.0.0.1:34777, content-length=36, user-agent=HTTPClient/1.0 (2.8.3, ruby 2.5.8 (2020-03-31))}
12-14 03:11:28.739 I/System.out( 4012): params: {json={"command":"version","arguments":[]}
12-14 03:11:28.739 I/System.out( 4012): }
12-14 03:11:28.739 I/System.out( 4012): ProP json = {"command":"version","arguments":[]}
12-14 03:11:28.739 I/System.out( 4012): files: {}
12-14 03:11:28.739 I/System.out( 4012): command: {"command":"version","arguments":[]}
12-14 03:11:28.767 I/InstrumentationBackend( 4012): Got command:'Command:'Line:null,version', arguments:'[]'
12-14 03:11:28.804 I/System.out( 4012): result:{"bonusInformation":[],"message":"0.9.8","success":true}
12-14 03:11:28.814 I/System.out( 4012): URI: //start-application
12-14 03:11:28.814 I/System.out( 4012): params: {json={"intent":null}
12-14 03:11:28.814 I/System.out( 4012): }
12-14 03:11:28.851 I/ActivityManager( 1629): START u0 {act=android.intent.action.MAIN cat=[android.intent.category.LAUNCHER] flg=0x10200000 cmp=com.evancharlton.mileage/.Mileage} from uid 10394
12-14 03:11:28.866 I/calabash( 4012): newActivity1
12-14 03:11:28.877 D/gralloc_ranchu( 1395): gralloc_alloc: Creating ashmem region of size 7753728
12-14 03:11:28.908 W/ActivityManager( 1629): Bad activity token: android.os.BinderProxy@8dd79b6
12-14 03:11:28.908 W/ActivityManager( 1629): java.lang.ClassCastException: android.os.BinderProxy cannot be cast to com.android.server.am.ActivityRecord$Token
12-14 03:11:28.908 W/ActivityManager( 1629): 	at com.android.server.am.ActivityRecord.forTokenLocked(ActivityRecord.java:778)
12-14 03:11:28.908 W/ActivityManager( 1629): 	at com.android.server.am.ActivityRecord.isInStackLocked(ActivityRecord.java:2085)
12-14 03:11:28.908 W/ActivityManager( 1629): 	at com.android.server.am.ActivityRecord.getStackLocked(ActivityRecord.java:2090)
12-14 03:11:28.908 W/ActivityManager( 1629): 	at com.android.server.am.ActivityManagerService.getActivityDisplayId(ActivityManagerService.java:10406)
12-14 03:11:28.908 W/ActivityManager( 1629): 	at android.app.IActivityManager$Stub.onTransact(IActivityManager.java:2738)
12-14 03:11:28.908 W/ActivityManager( 1629): 	at com.android.server.am.ActivityManagerService.onTransact(ActivityManagerService.java:2935)
12-14 03:11:28.908 W/ActivityManager( 1629): 	at android.os.Binder.execTransact(Binder.java:674)
12-14 03:11:28.912 I/calabash( 4012): newActivity1
12-14 03:11:28.919 W/ActivityManager( 1629): Bad activity token: android.os.BinderProxy@8dd79b6
12-14 03:11:28.919 W/ActivityManager( 1629): java.lang.ClassCastException: android.os.BinderProxy cannot be cast to com.android.server.am.ActivityRecord$Token
12-14 03:11:28.919 W/ActivityManager( 1629): 	at com.android.server.am.ActivityRecord.forTokenLocked(ActivityRecord.java:778)
12-14 03:11:28.919 W/ActivityManager( 1629): 	at com.android.server.am.ActivityRecord.isInStackLocked(ActivityRecord.java:2085)
12-14 03:11:28.919 W/ActivityManager( 1629): 	at com.android.server.am.ActivityManagerService.setTaskDescription(ActivityManagerService.java:9988)
12-14 03:11:28.919 W/ActivityManager( 1629): 	at android.app.IActivityManager$Stub.onTransact(IActivityManager.java:2824)
12-14 03:11:28.919 W/ActivityManager( 1629): 	at com.android.server.am.ActivityManagerService.onTransact(ActivityManagerService.java:2935)
12-14 03:11:28.919 W/ActivityManager( 1629): 	at android.os.Binder.execTransact(Binder.java:674)
12-14 03:11:28.920 W/ActivityManager( 1629): Bad activity token: android.os.BinderProxy@8dd79b6
12-14 03:11:28.920 W/ActivityManager( 1629): java.lang.ClassCastException: android.os.BinderProxy cannot be cast to com.android.server.am.ActivityRecord$Token
12-14 03:11:28.920 W/ActivityManager( 1629): 	at com.android.server.am.ActivityRecord.forTokenLocked(ActivityRecord.java:778)
12-14 03:11:28.920 W/ActivityManager( 1629): 	at com.android.server.am.ActivityRecord.isInStackLocked(ActivityRecord.java:2085)
12-14 03:11:28.920 W/ActivityManager( 1629): 	at com.android.server.am.ActivityRecord.getStackLocked(ActivityRecord.java:2090)
12-14 03:11:28.920 W/ActivityManager( 1629): 	at com.android.server.am.ActivityManagerService.getActivityStackId(ActivityManagerService.java:10417)
12-14 03:11:28.920 W/ActivityManager( 1629): 	at android.app.IActivityManager$Stub.onTransact(IActivityManager.java:3548)
12-14 03:11:28.920 W/ActivityManager( 1629): 	at com.android.server.am.ActivityManagerService.onTransact(ActivityManagerService.java:2935)
12-14 03:11:28.920 W/ActivityManager( 1629): 	at android.os.Binder.execTransact(Binder.java:674)
12-14 03:11:28.928 D/EGL_emulation( 2228): eglMakeCurrent: 0xa4004b40: ver 3 0 (tinfo 0xa4003510)
12-14 03:11:28.932 V/StatusBar( 1729): setLightsOn(true)
12-14 03:11:28.934 D/EGL_emulation( 2181): eglMakeCurrent: 0xa40043c0: ver 3 0 (tinfo 0xa4003410)
12-14 03:11:28.950 D/EGL_emulation( 1729): eglMakeCurrent: 0x9055af20: ver 3 0 (tinfo 0x90550b20)
12-14 03:11:28.968 I/chatty  ( 1729): uid=10028(u0_a28) RenderThread identical 1 line
12-14 03:11:28.972 D/EGL_emulation( 1729): eglMakeCurrent: 0x9055af20: ver 3 0 (tinfo 0x90550b20)
12-14 03:11:28.973 V/StatusBar( 1729): setLightsOn(true)
12-14 03:11:28.984 D/EGL_emulation( 1729): eglMakeCurrent: 0x9055af20: ver 3 0 (tinfo 0x90550b20)
12-14 03:11:28.989 E/ContentStoreEUAS( 2228): Failed to commit the deferred actions
12-14 03:11:28.991 D/EGL_emulation( 1729): eglMakeCurrent: 0x9055af20: ver 3 0 (tinfo 0x90550b20)
12-14 03:11:29.072 W/ActivityManager( 1629): Bad activity token: android.os.BinderProxy@8dd79b6
12-14 03:11:29.072 W/ActivityManager( 1629): java.lang.ClassCastException: android.os.BinderProxy cannot be cast to com.android.server.am.ActivityRecord$Token
12-14 03:11:29.072 W/ActivityManager( 1629): 	at com.android.server.am.ActivityRecord.forTokenLocked(ActivityRecord.java:778)
12-14 03:11:29.072 W/ActivityManager( 1629): 	at com.android.server.am.ActivityRecord.isInStackLocked(ActivityRecord.java:2085)
12-14 03:11:29.072 W/ActivityManager( 1629): 	at com.android.server.am.ActivityManagerService.getActivityOptions(ActivityManagerService.java:13302)
12-14 03:11:29.072 W/ActivityManager( 1629): 	at android.app.IActivityManager$Stub.onTransact(IActivityManager.java:2910)
12-14 03:11:29.072 W/ActivityManager( 1629): 	at com.android.server.am.ActivityManagerService.onTransact(ActivityManagerService.java:2935)
12-14 03:11:29.072 W/ActivityManager( 1629): 	at android.os.Binder.execTransact(Binder.java:674)
12-14 03:11:29.073 W/ActivityManager( 1629): Bad activity token: android.os.BinderProxy@8dd79b6
12-14 03:11:29.073 W/ActivityManager( 1629): java.lang.ClassCastException: android.os.BinderProxy cannot be cast to com.android.server.am.ActivityRecord$Token
12-14 03:11:29.073 W/ActivityManager( 1629): 	at com.android.server.am.ActivityRecord.forTokenLocked(ActivityRecord.java:778)
12-14 03:11:29.073 W/ActivityManager( 1629): 	at com.android.server.am.ActivityRecord.isInStackLocked(ActivityRecord.java:2085)
12-14 03:11:29.073 W/ActivityManager( 1629): 	at com.android.server.am.ActivityManagerService.getActivityOptions(ActivityManagerService.java:13302)
12-14 03:11:29.073 W/ActivityManager( 1629): 	at android.app.IActivityManager$Stub.onTransact(IActivityManager.java:2910)
12-14 03:11:29.073 W/ActivityManager( 1629): 	at com.android.server.am.ActivityManagerService.onTransact(ActivityManagerService.java:2935)
12-14 03:11:29.073 W/ActivityManager( 1629): 	at android.os.Binder.execTransact(Binder.java:674)
12-14 03:11:29.141 I/chatty  ( 1729): uid=10028(u0_a28) RenderThread identical 18 lines
12-14 03:11:29.156 D/EGL_emulation( 1729): eglMakeCurrent: 0x9055af20: ver 3 0 (tinfo 0x90550b20)
12-14 03:11:29.190 V/StatusBar( 1729): setLightsOn(true)
