--------- beginning of main
12-14 03:11:14.989 W/Conscrypt( 2109): Could not set socket write timeout: java.net.SocketException: Socket closed
12-14 03:11:14.989 W/Conscrypt( 2109): 	at com.google.android.gms.org.conscrypt.Platform.setSocketWriteTimeout(:com.google.android.gms@204713022@20.47.13 (040700-344095733):2)
12-14 03:11:14.989 W/Conscrypt( 2109): 	at com.google.android.gms.org.conscrypt.ConscryptFileDescriptorSocket.setSoWriteTimeout(:com.google.android.gms@204713022@20.47.13 (040700-344095733):0)
12-14 03:11:15.122 W/Conscrypt( 2109): Could not set socket write timeout: java.net.SocketException: Socket closed
12-14 03:11:15.122 W/Conscrypt( 2109): 	at com.google.android.gms.org.conscrypt.Platform.setSocketWriteTimeout(:com.google.android.gms@204713022@20.47.13 (040700-344095733):2)
12-14 03:11:15.123 W/Conscrypt( 2109): 	at com.google.android.gms.org.conscrypt.ConscryptFileDescriptorSocket.setSoWriteTimeout(:com.google.android.gms@204713022@20.47.13 (040700-344095733):0)
12-14 03:11:15.440 D/WificondControl( 1629): Scan result ready event
12-14 03:11:17.781 D/BoundBrokerSvc( 2109): onUnbind: Intent { act=com.google.android.gms.checkin.START pkg=com.google.android.gms }
12-14 03:11:17.987 D/BoundBrokerSvc( 2109): onUnbind: Intent { act=com.google.android.gms.auth.service.START pkg=com.google.android.gms }
12-14 03:11:18.032 I/Checkin ( 2109): [CheckinRequestProcessor] updateCheckinIdTokenFileFromResponse, Reading existing AID
12-14 03:11:18.054 I/Checkin ( 2109): [CheckinRequestProcessor] Default Task : Checkin Succeeded: https://android.googleapis.com/checkin (fragment #1).
12-14 03:11:18.086 I/Checkin ( 2109): [CheckinOperation] Checkin Operation finished with result: 0 finish time: 49528.
12-14 03:11:18.294 D/AndroidRuntime( 3854): >>>>>> START com.android.internal.os.RuntimeInit uid 2000 <<<<<<
12-14 03:11:18.332 W/app_process( 3854): Unexpected CPU variant for X86 using defaults: x86
12-14 03:11:18.348 D/AndroidRuntime( 3854): Calling main entry com.android.commands.am.Am
--------- beginning of system
12-14 03:11:18.351 I/ActivityManager( 1629): Force stopping com.evancharlton.mileage appid=10394 user=0: start instr
12-14 03:11:18.351 I/ActivityManager( 1629): Killing 3749:com.evancharlton.mileage/u0a394 (adj 0): stop com.evancharlton.mileage
12-14 03:11:18.351 W/ActivityManager( 1629): Crash of app com.evancharlton.mileage running instrumentation ComponentInfo{com.evancharlton.mileage.test/sh.calaba.instrumentationbackend.ClearAppData2}
12-14 03:11:18.353 I/ActivityManager( 1629): Force stopping com.evancharlton.mileage appid=10394 user=0: finished inst
12-14 03:11:18.361 I/zygote  ( 3864): Not late-enabling -Xcheck:jni (already on)
12-14 03:11:18.367 W/zygote  ( 3864): Unexpected CPU variant for X86 using defaults: x86
12-14 03:11:18.368 I/ActivityManager( 1629): Start proc 3864:com.evancharlton.mileage/u0a394 for added application com.evancharlton.mileage
12-14 03:11:18.368 D/AndroidRuntime( 3854): Shutting down VM
12-14 03:11:18.395 E/adbd    ( 1352): failed to connect to socket 'tcp:7102': Connection refused
12-14 03:11:18.398 E/adbd    ( 1352): failed to connect to socket 'tcp:7102': Connection refused
12-14 03:11:18.404 W/zygote  ( 3864): Found duplicate classes, falling back to extracting from APK : /data/app/com.evancharlton.mileage.test-U4byrMuXJMs2Amfpdnnk5Q==/base.apk
12-14 03:11:18.404 W/zygote  ( 3864): NOTE: This wastes RAM and hurts startup performance.
12-14 03:11:18.404 W/zygote  ( 3864): Found duplicated class when checking oat files: 'Ljunit/runner/BaseTestRunner;' in /data/app/com.evancharlton.mileage.test-U4byrMuXJMs2Amfpdnnk5Q==/base.apk and /system/framework/android.test.runner.jar
12-14 03:11:18.404 W/zygote  ( 3864): 
12-14 03:11:18.432 W/System  ( 3864): ClassLoader referenced unknown path: 
12-14 03:11:18.443 I/System.out( 3864): Main activity name automatically set to: com.evancharlton.mileage.Mileage
12-14 03:11:18.444 I/System.out( 3864): Calabash did not load Mono. This is only a problem if you are trying to test a Mono application
12-14 03:11:18.444 I/calabash( 3864): Test server port: 7102
12-14 03:11:18.446 I/InstrumentationBackend( 3864): Added:'GetPreferences', with key:'get_preferences'
12-14 03:11:18.501 E/adbd    ( 1352): failed to connect to socket 'tcp:7102': Connection refused
12-14 03:11:18.503 E/adbd    ( 1352): failed to connect to socket 'tcp:7102': Connection refused
12-14 03:11:18.510 I/InstrumentationBackend( 3864): Added:'SetPreferences', with key:'set_preferences'
12-14 03:11:18.511 I/InstrumentationBackend( 3864): Added:'ClearPreferences', with key:'clear_preferences'
12-14 03:11:18.511 I/InstrumentationBackend( 3864): Added:'PressElement', with key:'press_l10n_element'
12-14 03:11:18.511 I/InstrumentationBackend( 3864): Added:'WaitForElement', with key:'wait_for_l10n_element'
12-14 03:11:18.512 I/InstrumentationBackend( 3864): Added:'NullAction', with key:'nullAction'
12-14 03:11:18.512 I/InstrumentationBackend( 3864): Added:'PressKey', with key:'press_key'
12-14 03:11:18.513 I/InstrumentationBackend( 3864): Added:'SetActivityOrientation', with key:'set_activity_orientation'
12-14 03:11:18.513 I/InstrumentationBackend( 3864): Added:'GetActivityOrientation', with key:'get_activity_orientation'
12-14 03:11:18.513 I/InstrumentationBackend( 3864): Added:'FakeGPSLocation', with key:'set_gps_coordinates'
12-14 03:11:18.514 I/InstrumentationBackend( 3864): Added:'SetPropertyByCssSelector', with key:'set_property_by_css_selector'
12-14 03:11:18.515 I/InstrumentationBackend( 3864): Added:'GetUrl', with key:'get_url'
12-14 03:11:18.518 I/InstrumentationBackend( 3864): Added:'ScrollTo', with key:'scroll_to'
12-14 03:11:18.518 I/InstrumentationBackend( 3864): Added:'GetLoadProgress', with key:'get_load_progress'
12-14 03:11:18.518 I/InstrumentationBackend( 3864): Added:'DumpHtml', with key:'dump_html'
12-14 03:11:18.518 I/InstrumentationBackend( 3864): Added:'DumpBodyHtml', with key:'dump_body_html'
12-14 03:11:18.519 I/InstrumentationBackend( 3864): Added:'EnterTextByCssSelector', with key:'enter_text_by_selector'
12-14 03:11:18.522 I/InstrumentationBackend( 3864): Added:'AndroidSDKVersion', with key:'android_sdk_version'
12-14 03:11:18.523 I/InstrumentationBackend( 3864): Added:'Version', with key:'version'
12-14 03:11:18.523 I/InstrumentationBackend( 3864): Added:'Drag', with key:'drag'
12-14 03:11:18.523 I/InstrumentationBackend( 3864): Added:'TouchCoordinates', with key:'touch_coordinate'
12-14 03:11:18.523 I/InstrumentationBackend( 3864): Added:'LongPressCoordinate', with key:'long_press_coordinate'
12-14 03:11:18.524 I/InstrumentationBackend( 3864): Added:'DragCoordinates', with key:'drag_coordinates'
12-14 03:11:18.524 I/InstrumentationBackend( 3864): Added:'ResumeApplication', with key:'resume_application'
12-14 03:11:18.524 I/InstrumentationBackend( 3864): Added:'Swipe', with key:'swipe'
12-14 03:11:18.525 I/InstrumentationBackend( 3864): Added:'DoubleTapCoordinate', with key:'double_tap_coordinate'
12-14 03:11:18.525 I/InstrumentationBackend( 3864): Added:'ClickOnScreen', with key:'click_on_screen'
12-14 03:11:18.526 I/InstrumentationBackend( 3864): Added:'GetActivityName', with key:'get_activity_name'
12-14 03:11:18.526 I/InstrumentationBackend( 3864): Added:'ScrollToView', with key:'scroll_to_view'
12-14 03:11:18.526 I/InstrumentationBackend( 3864): Added:'ViewConfiguration', with key:'view_configuration'
12-14 03:11:18.527 I/InstrumentationBackend( 3864): Added:'IsCurrentActivityFocused', with key:'is_current_activity_focused'
12-14 03:11:18.527 I/InstrumentationBackend( 3864): Added:'SendTcp', with key:'send_tcp'
12-14 03:11:18.528 I/InstrumentationBackend( 3864): Added:'DpToDevicePixel', with key:'dp_to_device_pixel'
12-14 03:11:18.529 I/InstrumentationBackend( 3864): Added:'KeyboardEnterText', with key:'keyboard_enter_text'
12-14 03:11:18.529 I/InstrumentationBackend( 3864): Added:'DeleteSurroundingText', with key:'delete_surrounding_text'
12-14 03:11:18.530 I/InstrumentationBackend( 3864): Added:'SetComposingRegion', with key:'set_composing_region'
12-14 03:11:18.530 I/InstrumentationBackend( 3864): Added:'SetSelection', with key:'set_selection'
12-14 03:11:18.531 I/InstrumentationBackend( 3864): Added:'KeyboardKeyEvent', with key:'keyboard_key_event'
12-14 03:11:18.531 I/InstrumentationBackend( 3864): Added:'PressUserActionButton', with key:'press_user_action_button'
12-14 03:11:18.532 I/InstrumentationBackend( 3864): Added:'HideSoftKeyboard', with key:'hide_soft_keyboard'
12-14 03:11:18.533 I/InstrumentationBackend( 3864): Added:'ListActions', with key:'list_actions'
12-14 03:11:18.533 I/calabash( 3864): Instantiating http server at 7102
12-14 03:11:18.534 I/System.out( 3864): HTTP Daemon listening on: 7102
12-14 03:11:18.614 I/System.out( 3864): URI: //ping
12-14 03:11:18.614 I/System.out( 3864): params: {json={}
12-14 03:11:18.614 I/System.out( 3864): }
12-14 03:11:18.622 I/System.out( 3864): URI: //ping
12-14 03:11:18.622 I/System.out( 3864): params: {json={}
12-14 03:11:18.622 I/System.out( 3864): }
12-14 03:11:18.629 I/System.out( 3864): URI: //ready
12-14 03:11:18.629 I/System.out( 3864): params: {json={}
12-14 03:11:18.629 I/System.out( 3864): }
12-14 03:11:18.634 I/System.out( 3864): URI: //
12-14 03:11:18.634 I/System.out( 3864): params: {json={"command":"version","arguments":[]}
12-14 03:11:18.634 I/System.out( 3864): }
12-14 03:11:18.635 I/System.out( 3864): header: {content-type=application/json;charset=utf-8, date=Mon, 14 Dec 2020 08:11:19 GMT, accept=*/*, host=127.0.0.1:34777, content-length=36, user-agent=HTTPClient/1.0 (2.8.3, ruby 2.5.8 (2020-03-31))}
12-14 03:11:18.635 I/System.out( 3864): params: {json={"command":"version","arguments":[]}
12-14 03:11:18.635 I/System.out( 3864): }
12-14 03:11:18.635 I/System.out( 3864): ProP json = {"command":"version","arguments":[]}
12-14 03:11:18.635 I/System.out( 3864): files: {}
12-14 03:11:18.635 I/System.out( 3864): command: {"command":"version","arguments":[]}
12-14 03:11:18.662 I/InstrumentationBackend( 3864): Got command:'Command:'Line:null,version', arguments:'[]'
12-14 03:11:18.698 I/System.out( 3864): result:{"bonusInformation":[],"message":"0.9.8","success":true}
12-14 03:11:18.710 I/System.out( 3864): URI: //start-application
12-14 03:11:18.710 I/System.out( 3864): params: {json={"intent":null}
12-14 03:11:18.710 I/System.out( 3864): }
12-14 03:11:18.747 I/ActivityManager( 1629): START u0 {act=android.intent.action.MAIN cat=[android.intent.category.LAUNCHER] flg=0x10200000 cmp=com.evancharlton.mileage/.Mileage} from uid 10394
12-14 03:11:18.760 I/calabash( 3864): newActivity1
12-14 03:11:18.781 D/gralloc_ranchu( 1395): gralloc_alloc: Creating ashmem region of size 7753728
12-14 03:11:18.797 W/ActivityManager( 1629): Bad activity token: android.os.BinderProxy@26115f8
12-14 03:11:18.797 W/ActivityManager( 1629): java.lang.ClassCastException: android.os.BinderProxy cannot be cast to com.android.server.am.ActivityRecord$Token
12-14 03:11:18.797 W/ActivityManager( 1629): 	at com.android.server.am.ActivityRecord.forTokenLocked(ActivityRecord.java:778)
12-14 03:11:18.797 W/ActivityManager( 1629): 	at com.android.server.am.ActivityRecord.isInStackLocked(ActivityRecord.java:2085)
12-14 03:11:18.797 W/ActivityManager( 1629): 	at com.android.server.am.ActivityRecord.getStackLocked(ActivityRecord.java:2090)
12-14 03:11:18.797 W/ActivityManager( 1629): 	at com.android.server.am.ActivityManagerService.getActivityDisplayId(ActivityManagerService.java:10406)
12-14 03:11:18.797 W/ActivityManager( 1629): 	at android.app.IActivityManager$Stub.onTransact(IActivityManager.java:2738)
12-14 03:11:18.797 W/ActivityManager( 1629): 	at com.android.server.am.ActivityManagerService.onTransact(ActivityManagerService.java:2935)
12-14 03:11:18.797 W/ActivityManager( 1629): 	at android.os.Binder.execTransact(Binder.java:674)
12-14 03:11:18.798 I/calabash( 3864): newActivity1
12-14 03:11:18.804 W/ActivityManager( 1629): Bad activity token: android.os.BinderProxy@26115f8
12-14 03:11:18.804 W/ActivityManager( 1629): java.lang.ClassCastException: android.os.BinderProxy cannot be cast to com.android.server.am.ActivityRecord$Token
12-14 03:11:18.804 W/ActivityManager( 1629): 	at com.android.server.am.ActivityRecord.forTokenLocked(ActivityRecord.java:778)
12-14 03:11:18.804 W/ActivityManager( 1629): 	at com.android.server.am.ActivityRecord.isInStackLocked(ActivityRecord.java:2085)
12-14 03:11:18.804 W/ActivityManager( 1629): 	at com.android.server.am.ActivityManagerService.setTaskDescription(ActivityManagerService.java:9988)
12-14 03:11:18.804 W/ActivityManager( 1629): 	at android.app.IActivityManager$Stub.onTransact(IActivityManager.java:2824)
12-14 03:11:18.804 W/ActivityManager( 1629): 	at com.android.server.am.ActivityManagerService.onTransact(ActivityManagerService.java:2935)
12-14 03:11:18.804 W/ActivityManager( 1629): 	at android.os.Binder.execTransact(Binder.java:674)
12-14 03:11:18.804 W/ActivityManager( 1629): Bad activity token: android.os.BinderProxy@26115f8
12-14 03:11:18.804 W/ActivityManager( 1629): java.lang.ClassCastException: android.os.BinderProxy cannot be cast to com.android.server.am.ActivityRecord$Token
12-14 03:11:18.804 W/ActivityManager( 1629): 	at com.android.server.am.ActivityRecord.forTokenLocked(ActivityRecord.java:778)
12-14 03:11:18.804 W/ActivityManager( 1629): 	at com.android.server.am.ActivityRecord.isInStackLocked(ActivityRecord.java:2085)
12-14 03:11:18.804 W/ActivityManager( 1629): 	at com.android.server.am.ActivityRecord.getStackLocked(ActivityRecord.java:2090)
12-14 03:11:18.804 W/ActivityManager( 1629): 	at com.android.server.am.ActivityManagerService.getActivityStackId(ActivityManagerService.java:10417)
12-14 03:11:18.804 W/ActivityManager( 1629): 	at android.app.IActivityManager$Stub.onTransact(IActivityManager.java:3548)
12-14 03:11:18.804 W/ActivityManager( 1629): 	at com.android.server.am.ActivityManagerService.onTransact(ActivityManagerService.java:2935)
12-14 03:11:18.804 W/ActivityManager( 1629): 	at android.os.Binder.execTransact(Binder.java:674)
12-14 03:11:18.835 I/ActivityManager( 1629): Killing 3215:com.android.settings/1000 (adj 906): empty #17
12-14 03:11:18.847 D/EGL_emulation( 2228): eglMakeCurrent: 0xa4004b40: ver 3 0 (tinfo 0xa4003510)
12-14 03:11:18.854 D/EGL_emulation( 2181): eglMakeCurrent: 0xa40043c0: ver 3 0 (tinfo 0xa4003410)
12-14 03:11:18.863 W/asset   ( 1729): Asset path /data/app/com.evancharlton.mileage-D209b2dFQ5RMvszvzLgt6w==/base.apk is neither a directory nor file (type=1).
12-14 03:11:18.863 E/ResourcesManager( 1729): failed to add asset path /data/app/com.evancharlton.mileage-D209b2dFQ5RMvszvzLgt6w==/base.apk
12-14 03:11:18.863 W/PackageManager( 1729): Failure retrieving resources for com.evancharlton.mileage
12-14 03:11:18.863 W/asset   ( 1729): Asset path /data/app/com.evancharlton.mileage-D209b2dFQ5RMvszvzLgt6w==/base.apk is neither a directory nor file (type=1).
12-14 03:11:18.863 E/ResourcesManager( 1729): failed to add asset path /data/app/com.evancharlton.mileage-D209b2dFQ5RMvszvzLgt6w==/base.apk
12-14 03:11:18.863 W/PackageManager( 1729): Failure retrieving resources for com.evancharlton.mileage
12-14 03:11:18.863 W/asset   ( 1729): Asset path /data/app/com.evancharlton.mileage-D209b2dFQ5RMvszvzLgt6w==/base.apk is neither a directory nor file (type=1).
12-14 03:11:18.863 E/ResourcesManager( 1729): failed to add asset path /data/app/com.evancharlton.mileage-D209b2dFQ5RMvszvzLgt6w==/base.apk
12-14 03:11:18.865 W/PackageManager( 1729): Failure retrieving resources for com.evancharlton.mileage
12-14 03:11:18.872 E/ContentStoreEUAS( 2228): Failed to commit the deferred actions
12-14 03:11:18.881 D/EGL_emulation( 1729): eglMakeCurrent: 0x9055af20: ver 3 0 (tinfo 0x90550b20)
12-14 03:11:18.884 V/StatusBar( 1729): setLightsOn(true)
12-14 03:11:18.887 D/EGL_emulation( 1729): eglMakeCurrent: 0x9055af20: ver 3 0 (tinfo 0x90550b20)
12-14 03:11:18.891 D/FillupsProvider( 3864): Creating database
12-14 03:11:18.907 D/EGL_emulation( 1729): eglMakeCurrent: 0x9055af20: ver 3 0 (tinfo 0x90550b20)
12-14 03:11:18.915 I/chatty  ( 1729): uid=10028(u0_a28) RenderThread identical 1 line
12-14 03:11:18.949 D/EGL_emulation( 1729): eglMakeCurrent: 0x9055af20: ver 3 0 (tinfo 0x90550b20)
12-14 03:11:18.950 V/StatusBar( 1729): setLightsOn(true)
12-14 03:11:18.952 D/EGL_emulation( 1729): eglMakeCurrent: 0x9055af20: ver 3 0 (tinfo 0x90550b20)
12-14 03:11:18.956 I/zygote  ( 3864): Do partial code cache collection, code=29KB, data=21KB
12-14 03:11:18.957 I/zygote  ( 3864): After code cache collection, code=29KB, data=21KB
12-14 03:11:18.957 I/zygote  ( 3864): Increasing code cache capacity to 128KB
12-14 03:11:18.965 W/NamedFutures( 2228): Timeout future task has been cancelled: 10000 milliseconds
12-14 03:11:18.965 E/SearchServiceStarter( 2228): Task 174 failed or timed out. Client 9800455560186742 disconnecting from SearchService!
12-14 03:11:18.965 E/SearchServiceStarter( 2228): java.util.concurrent.CancellationException: Task was cancelled.
12-14 03:11:18.965 E/SearchServiceStarter( 2228): 	at com.google.common.util.concurrent.d.ct(SourceFile:75)
12-14 03:11:18.965 E/SearchServiceStarter( 2228): 	at com.google.common.util.concurrent.d.get(SourceFile:57)
12-14 03:11:18.965 E/SearchServiceStarter( 2228): 	at com.google.common.util.concurrent.cg.n(SourceFile:2)
12-14 03:11:18.965 E/SearchServiceStarter( 2228): 	at com.google.common.util.concurrent.av.l(SourceFile:50)
12-14 03:11:18.965 E/SearchServiceStarter( 2228): 	at com.google.common.util.concurrent.ax.run(SourceFile:5)
12-14 03:11:18.965 E/SearchServiceStarter( 2228): 	at com.google.android.apps.gsa.shared.util.concurrent.a.bc.run(SourceFile:2)
12-14 03:11:18.965 E/SearchServiceStarter( 2228): 	at android.os.Handler.handleCallback(Handler.java:789)
12-14 03:11:18.965 E/SearchServiceStarter( 2228): 	at android.os.Handler.dispatchMessage(Handler.java:98)
12-14 03:11:18.965 E/SearchServiceStarter( 2228): 	at android.os.Looper.loop(Looper.java:164)
12-14 03:11:18.965 E/SearchServiceStarter( 2228): 	at android.app.ActivityThread.main(ActivityThread.java:6541)
12-14 03:11:18.965 E/SearchServiceStarter( 2228): 	at java.lang.reflect.Method.invoke(Native Method)
12-14 03:11:18.965 E/SearchServiceStarter( 2228): 	at com.android.internal.os.Zygote$MethodAndArgsCaller.run(Zygote.java:240)
12-14 03:11:18.965 E/SearchServiceStarter( 2228): 	at com.android.internal.os.ZygoteInit.main(ZygoteInit.java:767)
12-14 03:11:18.974 D/EGL_emulation( 1729): eglMakeCurrent: 0x9055af20: ver 3 0 (tinfo 0x90550b20)
12-14 03:11:18.985 W/BroadcastQueue( 1629): Background execution not allowed: receiving Intent { act=android.intent.action.PACKAGE_ADDED dat=package:com.evancharlton.mileage flg=0x4000010 (has extras) } to com.android.vending/com.google.android.finsky.packagemanager.impl.PackageMonitorReceiverImpl$RegisteredReceiver
12-14 03:11:18.985 W/BroadcastQueue( 1629): Background execution not allowed: receiving Intent { act=android.intent.action.PACKAGE_ADDED dat=package:com.evancharlton.mileage flg=0x4000010 (has extras) } to com.google.android.gms/.games.chimera.GamesSystemBroadcastReceiverProxy
12-14 03:11:18.986 W/BroadcastQueue( 1629): Background execution not allowed: receiving Intent { act=android.intent.action.PACKAGE_ADDED dat=package:com.evancharlton.mileage flg=0x4000010 (has extras) } to com.google.android.gms/.gass.chimera.PackageChangeBroadcastReceiver
12-14 03:11:18.986 W/BroadcastQueue( 1629): Background execution not allowed: receiving Intent { act=android.intent.action.PACKAGE_ADDED dat=package:com.evancharlton.mileage flg=0x4000010 (has extras) } to com.google.android.gms/.chimera.GmsIntentOperationService$PersistentTrustedReceiver
12-14 03:11:18.986 W/BroadcastQueue( 1629): Background execution not allowed: receiving Intent { act=android.intent.action.PACKAGE_ADDED dat=package:com.evancharlton.mileage flg=0x4000010 (has extras) } to com.google.android.googlequicksearchbox/com.google.android.apps.gsa.googlequicksearchbox.GelStubAppWatcher
12-14 03:11:19.031 I/chatty  ( 1729): uid=10028(u0_a28) RenderThread identical 6 lines
12-14 03:11:19.046 D/EGL_emulation( 1729): eglMakeCurrent: 0x9055af20: ver 3 0 (tinfo 0x90550b20)
12-14 03:11:19.051 I/Dialer  ( 2006): VvmTaskReceiver - task received
12-14 03:11:19.054 I/Dialer  ( 2006): VvmTaskReceiver - TaskExecutor already running
12-14 03:11:19.055 I/Dialer  ( 2006): Task.createTask - create task:com.android.voicemail.impl.ActivationTask
12-14 03:11:19.055 I/Dialer  ( 2006): TaskQueue.add - duplicated task added
12-14 03:11:19.056 I/Dialer  ( 2006): VvmTaskExecutor - com.android.voicemail.impl.ActivationTask@ed27381 added
12-14 03:11:19.060 D/EGL_emulation( 1729): eglMakeCurrent: 0x9055af20: ver 3 0 (tinfo 0x90550b20)
12-14 03:11:19.072 W/BroadcastQueue( 1629): Background execution not allowed: receiving Intent { act=android.intent.action.PACKAGE_REMOVED dat=package:com.evancharlton.mileage.test flg=0x4000010 (has extras) } to com.android.vending/com.google.android.finsky.packagemanager.impl.PackageMonitorReceiverImpl$RegisteredReceiver
12-14 03:11:19.072 W/BroadcastQueue( 1629): Background execution not allowed: receiving Intent { act=android.intent.action.PACKAGE_REMOVED dat=package:com.evancharlton.mileage.test flg=0x4000010 (has extras) } to com.android.vending/com.google.android.finsky.instantapps.appmanagement.InstantAppRemoveMonitor
12-14 03:11:19.072 W/BroadcastQueue( 1629): Background execution not allowed: receiving Intent { act=android.intent.action.PACKAGE_REMOVED dat=package:com.evancharlton.mileage.test flg=0x4000010 (has extras) } to com.google.android.gms/.games.chimera.GamesSystemBroadcastReceiverProxy
12-14 03:11:19.073 W/BroadcastQueue( 1629): Background execution not allowed: receiving Intent { act=android.intent.action.PACKAGE_REMOVED dat=package:com.evancharlton.mileage.test flg=0x4000010 (has extras) } to com.google.android.gms/.chimera.GmsIntentOperationService$PersistentTrustedReceiver
12-14 03:11:19.073 W/BroadcastQueue( 1629): Background execution not allowed: receiving Intent { act=android.intent.action.PACKAGE_REMOVED dat=package:com.evancharlton.mileage.test flg=0x4000010 (has extras) } to com.google.android.googlequicksearchbox/com.google.android.apps.gsa.googlequicksearchbox.GelStubAppWatcher
12-14 03:11:19.086 W/ActivityManager( 1629): Bad activity token: android.os.BinderProxy@26115f8
12-14 03:11:19.086 W/ActivityManager( 1629): java.lang.ClassCastException: android.os.BinderProxy cannot be cast to com.android.server.am.ActivityRecord$Token
12-14 03:11:19.086 W/ActivityManager( 1629): 	at com.android.server.am.ActivityRecord.forTokenLocked(ActivityRecord.java:778)
12-14 03:11:19.086 W/ActivityManager( 1629): 	at com.android.server.am.ActivityRecord.isInStackLocked(ActivityRecord.java:2085)
12-14 03:11:19.086 W/ActivityManager( 1629): 	at com.android.server.am.ActivityManagerService.getActivityOptions(ActivityManagerService.java:13302)
12-14 03:11:19.086 W/ActivityManager( 1629): 	at android.app.IActivityManager$Stub.onTransact(IActivityManager.java:2910)
12-14 03:11:19.086 W/ActivityManager( 1629): 	at com.android.server.am.ActivityManagerService.onTransact(ActivityManagerService.java:2935)
12-14 03:11:19.086 W/ActivityManager( 1629): 	at android.os.Binder.execTransact(Binder.java:674)
12-14 03:11:19.089 W/ActivityManager( 1629): Bad activity token: android.os.BinderProxy@26115f8
12-14 03:11:19.089 W/ActivityManager( 1629): java.lang.ClassCastException: android.os.BinderProxy cannot be cast to com.android.server.am.ActivityRecord$Token
12-14 03:11:19.089 W/ActivityManager( 1629): 	at com.android.server.am.ActivityRecord.forTokenLocked(ActivityRecord.java:778)
12-14 03:11:19.089 W/ActivityManager( 1629): 	at com.android.server.am.ActivityRecord.isInStackLocked(ActivityRecord.java:2085)
12-14 03:11:19.089 W/ActivityManager( 1629): 	at com.android.server.am.ActivityManagerService.getActivityOptions(ActivityManagerService.java:13302)
12-14 03:11:19.089 W/ActivityManager( 1629): 	at android.app.IActivityManager$Stub.onTransact(IActivityManager.java:2910)
12-14 03:11:19.089 W/ActivityManager( 1629): 	at com.android.server.am.ActivityManagerService.onTransact(ActivityManagerService.java:2935)
12-14 03:11:19.089 W/ActivityManager( 1629): 	at android.os.Binder.execTransact(Binder.java:674)
12-14 03:11:19.075 I/chatty  ( 1729): uid=10028(u0_a28) RenderThread identical 2 lines
12-14 03:11:19.087 D/EGL_emulation( 1729): eglMakeCurrent: 0x9055af20: ver 3 0 (tinfo 0x90550b20)
12-14 03:11:19.095 I/Finsky  ( 2527): [2] ycb.d(13): PackageMonitorReceiverImpl - Received: android.intent.action.PACKAGE_FULLY_REMOVED, [Hc-uu0eID9wC4ptvRCsWBIQPDhHxrgxu8bZlIwakNJw]
12-14 03:11:19.095 I/Finsky  ( 2527): [2] ydc.g(1): Invalidating cached PackageState for com.evancharlton.mileage.test
12-14 03:11:19.103 I/Finsky  ( 2527): [2] ouk.d(2): Frosting ID looked up on UI thread. Caller should move to a background thread.
12-14 03:11:19.108 I/Finsky  ( 2527): [2] qlq.s(2): Installer: package com.evancharlton.mileage.test was removed. replacing: false
12-14 03:11:19.121 I/Finsky  ( 2527): [2] qmo.L(12): Installer: Notifying status update. package=com.evancharlton.mileage.test, status=UNINSTALLED
12-14 03:11:19.125 I/Finsky  ( 2527): [2] alxk.a(3): Do not start WearSupportService due to Wear service optimization
12-14 03:11:19.133 I/Finsky  ( 2527): [166] otx.run(16): Wrote row to frosting DB: 1483
12-14 03:11:19.135 I/Finsky  ( 2527): [2] alxk.a(3): Do not start WearSupportService due to Wear service optimization
12-14 03:11:19.140 I/Finsky  ( 2527): [2] adxl.a(8): Clearing split related stale data.
12-14 03:11:19.140 I/Finsky  ( 2527): [175] gvx.a(12): Asset module storage cleared for package com.evancharlton.mileage.test.
12-14 03:11:19.150 I/Finsky  ( 2527): [2] qmo.O(7): Installer: found apps to install. isMultiUserMode=false, apps=[]
12-14 03:11:19.159 I/Finsky  ( 2527): [161] rab.C(2): IQ: Notifying installation update. package=com.evancharlton.mileage.test, status=UNINSTALLED
12-14 03:11:19.173 I/ExposureNotification( 2109): Still can find package com.evancharlton.mileage.test after receive its fully removed broadcast, which was installed 9626 ms ago. Ignore the fully removed broadcast. [CONTEXT service_id=236 ]
12-14 03:11:19.175 D/BoundBrokerSvc( 2109): onBind: Intent { act=com.google.android.gms.common.BIND_SHARED_PREFS pkg=com.google.android.gms }
12-14 03:11:19.176 D/BoundBrokerSvc( 2109): Loading bound service for intent: Intent { act=com.google.android.gms.common.BIND_SHARED_PREFS pkg=com.google.android.gms }
12-14 03:11:19.193 I/Finsky  ( 2527): [125] jmd.a(15): [ContentSync] finished, scheduled=false
12-14 03:11:19.203 I/Finsky  ( 2527): [166] otx.run(16): Wrote row to frosting DB: 1484
12-14 03:11:19.210 D/BoundBrokerSvc( 2109): onUnbind: Intent { act=com.google.android.gms.common.BIND_SHARED_PREFS pkg=com.google.android.gms }
12-14 03:11:19.235 V/StatusBar( 1729): setLightsOn(true)
12-14 03:11:19.282 I/chatty  ( 1729): uid=10028(u0_a28) com.android.systemui identical 1 line
12-14 03:11:19.306 V/StatusBar( 1729): setLightsOn(true)
12-14 03:11:19.306 I/Finsky  ( 2527): [161] rab.t(33): IQ: No matching installs to run for jobs: []
12-14 03:11:19.309 V/StatusBar( 1729): setLightsOn(true)
12-14 03:11:19.323 I/DigitalWidgetProvider( 3411): onReceive: Intent { act=com.android.deskclock.ALARM_CHANGED flg=0x10 cmp=com.google.android.deskclock/com.android.alarmclock.DigitalAppWidgetProvider }
12-14 03:11:19.373 D/gralloc_ranchu( 1395): gralloc_alloc: Creating ashmem region of size 7753728
12-14 03:11:19.393 W/BroadcastQueue( 1629): Background execution not allowed: receiving Intent { act=android.intent.action.PACKAGE_ADDED dat=package:com.evancharlton.mileage.test flg=0x4000010 (has extras) } to com.android.vending/com.google.android.finsky.packagemanager.impl.PackageMonitorReceiverImpl$RegisteredReceiver
12-14 03:11:19.394 W/BroadcastQueue( 1629): Background execution not allowed: receiving Intent { act=android.intent.action.PACKAGE_ADDED dat=package:com.evancharlton.mileage.test flg=0x4000010 (has extras) } to com.google.android.gms/.games.chimera.GamesSystemBroadcastReceiverProxy
12-14 03:11:19.395 W/BroadcastQueue( 1629): Background execution not allowed: receiving Intent { act=android.intent.action.PACKAGE_ADDED dat=package:com.evancharlton.mileage.test flg=0x4000010 (has extras) } to com.google.android.gms/.gass.chimera.PackageChangeBroadcastReceiver
12-14 03:11:19.395 W/BroadcastQueue( 1629): Background execution not allowed: receiving Intent { act=android.intent.action.PACKAGE_ADDED dat=package:com.evancharlton.mileage.test flg=0x4000010 (has extras) } to com.google.android.gms/.chimera.GmsIntentOperationService$PersistentTrustedReceiver
12-14 03:11:19.395 W/BroadcastQueue( 1629): Background execution not allowed: receiving Intent { act=android.intent.action.PACKAGE_ADDED dat=package:com.evancharlton.mileage.test flg=0x4000010 (has extras) } to com.google.android.googlequicksearchbox/com.google.android.apps.gsa.googlequicksearchbox.GelStubAppWatcher
12-14 03:11:19.406 D/        ( 3864): HostConnection::get() New Host Connection established 0xa16afe00, tid 3864
12-14 03:11:19.474 I/ActivityManager( 1629): Start proc 3903:com.google.android.videos/u0a72 for service com.google.android.videos/.service.drm.RefreshLicenseTaskService
12-14 03:11:19.491 W/zygote  ( 3903): Unexpected CPU variant for X86 using defaults: x86
12-14 03:11:19.503 I/zygote  ( 3864): Do partial code cache collection, code=43KB, data=43KB
12-14 03:11:19.503 V/StatusBar( 1729): setLightsOn(true)
12-14 03:11:19.506 I/zygote  ( 3864): After code cache collection, code=43KB, data=43KB
12-14 03:11:19.506 I/zygote  ( 3864): Increasing code cache capacity to 256KB
12-14 03:11:19.507 I/zygote  ( 3864): JIT allocated 71KB for compiled code of void android.widget.TextView.<init>(android.content.Context, android.util.AttributeSet, int, int)
12-14 03:11:19.507 I/zygote  ( 3864): Compiler allocated 4MB to compile void android.widget.TextView.<init>(android.content.Context, android.util.AttributeSet, int, int)
12-14 03:11:19.509 V/StatusBar( 1729): setLightsOn(true)
12-14 03:11:19.537 D/gralloc_ranchu( 1395): gralloc_alloc: Creating ashmem region of size 7753728
12-14 03:11:19.541 V/StatusBar( 1729): setLightsOn(true)
12-14 03:11:19.546 V/StatusBar( 1729): setLightsOn(true)
12-14 03:11:19.548 I/ActivityManager( 1629): Displayed com.evancharlton.mileage/.Mileage: +750ms
12-14 03:11:19.552 I/zygote  ( 3864): Do full code cache collection, code=123KB, data=71KB
12-14 03:11:19.553 I/zygote  ( 3864): After code cache collection, code=86KB, data=36KB
12-14 03:11:19.574 W/BroadcastQueue( 1629): Background execution not allowed: receiving Intent { act=android.intent.action.DROPBOX_ENTRY_ADDED flg=0x10 (has extras) } to com.google.android.gms/.stats.service.DropBoxEntryAddedReceiver
12-14 03:11:19.575 W/BroadcastQueue( 1629): Background execution not allowed: receiving Intent { act=android.intent.action.DROPBOX_ENTRY_ADDED flg=0x10 (has extras) } to com.google.android.gms/.chimera.GmsIntentOperationService$PersistentTrustedReceiver
12-14 03:11:19.582 V/StatusBar( 1729): setLightsOn(true)
12-14 03:11:19.590 V/StatusBar( 1729): setLightsOn(true)
12-14 03:11:19.597 I/MultiDex( 3903): VM with version 2.1.0 has multidex support
12-14 03:11:19.598 I/MultiDex( 3903): install
12-14 03:11:19.598 I/MultiDex( 3903): VM has multidex support, MultiDex support library is disabled.
12-14 03:11:19.605 V/StatusBar( 1729): setLightsOn(true)
12-14 03:11:19.692 E/NetworkScheduler.ATC( 1938): Called cancelTask for already completed task com.google.android.videos/.service.drm.RefreshLicenseTaskService{u=0 tag="refresh_license_forced" trigger=window{start=0s,end=1s,earliest=0s,latest=0s} requirements=[NET_CONNECTED] attributes=[] scheduled=0s last_run=0s exec_window_multiplier=1.0000 jid=N/A status=PENDING retries=0 client_lib=MANCHEGO_GCM-10400000} :0 [CONTEXT service_id=218 ]
12-14 03:11:19.697 W/SurfaceFlinger( 1412): couldn't log to binary event log: overflow.
12-14 03:11:19.697 W/SurfaceFlinger( 1412): couldn't log to binary event log: overflow.
12-14 03:11:19.720 W/NetworkScheduler( 1938): Immediate task was not started com.google.android.videos/.service.drm.RefreshLicenseTaskService{u=0 tag="refresh_license_forced" trigger=window{start=0s,end=1s,earliest=0s,latest=0s} requirements=[NET_CONNECTED] attributes=[] scheduled=0s last_run=N/A exec_window_multiplier=1.0000 jid=N/A status=PENDING retries=0 client_lib=MANCHEGO_GCM-10400000}. Rescheduling immediate tasks can cause excessive battery drain.
12-14 03:11:19.722 I/zygote  ( 1938): Do partial code cache collection, code=503KB, data=323KB
12-14 03:11:19.725 V/StatusBar( 1729): setLightsOn(true)
12-14 03:11:19.729 V/StatusBar( 1729): setLightsOn(true)
12-14 03:11:19.730 I/zygote  ( 1938): After code cache collection, code=500KB, data=322KB
12-14 03:11:19.730 I/zygote  ( 1938): Increasing code cache capacity to 2MB
12-14 03:11:19.780 I/PBSessionCacheImpl( 2228): Deleted sessionId[10461439798377] from persistence.
12-14 03:11:19.804 I/System.out( 3864): URI: //map
12-14 03:11:19.804 I/System.out( 3864): params: {json={"query":"android.widget.Button index:2","operation":{"method_name":"query","arguments":[]}}
12-14 03:11:19.804 I/System.out( 3864): }
12-14 03:11:19.841 W/SearchService( 2228): Abort, client detached.
12-14 03:11:19.906 W/BroadcastQueue( 1629): Permission Denial: broadcasting Intent { act=com.google.android.checkin.CHECKIN_COMPLETE flg=0x1000010 (has extras) } from com.google.android.gms (pid=2109, uid=10011) is not exported from uid 10023 due to receiver com.android.vending/com.google.android.finsky.checkin.CheckinReceiver
12-14 03:11:19.986 D/BoundBrokerSvc( 2109): onUnbind: Intent { act=com.google.android.gms.feedback.internal.IFeedbackService cmp=com.google.android.gms/.chimera.GmsBoundBrokerService }
12-14 03:11:20.029 I/NetworkScheduler.Stats( 1938): Task com.google.android.videos/ finished executing. cause:7 result: 6 elapsed_millis: 138 uptime_millis: 138 exec_start_elapsed_seconds: 50 [CONTEXT service_id=218 ]
12-14 03:11:20.030 W/NetworkScheduler( 1938): No record of active task com.google.android.videos/.service.drm.RefreshLicenseTaskService{u=0 tag="refresh_license_forced" trigger=window{start=0s,end=1s,earliest=0s,latest=0s} requirements=[NET_CONNECTED] attributes=[] scheduled=0s last_run=0s exec_window_multiplier=1.0000 jid=N/A status=PENDING retries=0 client_lib=MANCHEGO_GCM-10400000}
12-14 03:11:20.080 I/ActivityManager( 1629): Killing 3240:com.android.cellbroadcastreceiver/u0a5 (adj 906): empty #17
12-14 03:11:20.087 W/ActivityManager( 1629): Background start not allowed: service Intent { cmp=com.google.android.videos/.service.pinning.TransferService (has extras) } to com.google.android.videos/.service.pinning.TransferService from pid=3903 uid=10072 pkg=com.google.android.videos
12-14 03:11:20.087 I/Finsky  ( 2527): [110] daj.a(7): Received content filters request from com.google.android.videos
12-14 03:11:20.091 V/StatusBar( 1729): setLightsOn(true)
12-14 03:11:20.100 I/PlayMovies( 3903): RefreshLicenseTaskService.forceLicenseRefreshNow:66 Scheduled task now refresh_license_forced
12-14 03:11:20.100 I/PlayMovies( 3903): 
12-14 03:11:20.102 D/PlayMovies( 3903): PersistentCache.cleanup:104 Cache is below limit, no need to shrink: [size=0, limit=5242880]
12-14 03:11:20.102 D/PlayMovies( 3903): 
12-14 03:11:20.106 D/Primes  ( 3903): Package metric disabled.
12-14 03:11:20.107 D/Primes  ( 3903): Battery metric disabled
12-14 03:11:20.107 D/Primes  ( 3903): MagicEye logging metric disabled
12-14 03:11:20.108 D/CryptdConnector( 1629): SND -> {11 cryptfs getpwtype}
12-14 03:11:20.109 D/VoldCryptCmdListener( 1342): cryptfs getpwtype
12-14 03:11:20.110 D/CryptdConnector( 1629): RCV <- {213 11 default}
12-14 03:11:20.154 I/System.out( 3864): URI: //gesture
12-14 03:11:20.155 I/System.out( 3864): params: {json={"query_timeout":5.0,"gestures":[{"query_string":"android.widget.Button index:2","touches":[{"x":50,"y":50,"offset_x":0,"offset_y":0,"wait":0.0,"time":0.2,"release":true,"query_string":null}]}]}
12-14 03:11:20.155 I/System.out( 3864): }
12-14 03:11:20.362 I/PlayMovies( 3903): RefreshLicenseTaskService.onRunTask:96 On run task refresh_license_forced
12-14 03:11:20.362 I/PlayMovies( 3903): 
12-14 03:11:20.396 I/zygote  ( 3864): Do partial code cache collection, code=124KB, data=59KB
12-14 03:11:20.396 I/zygote  ( 3864): After code cache collection, code=124KB, data=59KB
12-14 03:11:20.396 I/zygote  ( 3864): Increasing code cache capacity to 512KB
12-14 03:11:20.419 I/zygote  ( 2109): Deoptimizing boolean dbx.d(android.content.Context, dbv, java.lang.String) due to JIT inline cache
12-14 03:11:20.488 V/LifecycleAwareServiceBi( 2527): notify unbound
12-14 03:11:20.488 V/LifecycleAwareServiceBi( 2527): com.google.common.flogger.LogSiteStackTrace: MEDIUM
12-14 03:11:20.488 V/LifecycleAwareServiceBi( 2527): 	at com.google.frameworks.client.data.android.binder.LifecycleAwareServiceBinding.h(PG:1)
12-14 03:11:20.488 V/LifecycleAwareServiceBi( 2527): 	at axqg.run(Unknown Source:4)
12-14 03:11:20.488 V/LifecycleAwareServiceBi( 2527): 	at android.os.Handler.handleCallback(Handler.java:789)
12-14 03:11:20.488 V/LifecycleAwareServiceBi( 2527): 	at android.os.Handler.dispatchMessage(Handler.java:98)
12-14 03:11:20.488 V/LifecycleAwareServiceBi( 2527): 	at android.os.Looper.loop(Looper.java:164)
12-14 03:11:20.488 V/LifecycleAwareServiceBi( 2527): 	at android.app.ActivityThread.main(ActivityThread.java:6541)
12-14 03:11:20.488 V/LifecycleAwareServiceBi( 2527): 	at java.lang.reflect.Method.invoke(Native Method)
12-14 03:11:20.488 V/LifecycleAwareServiceBi( 2527): 	at com.android.internal.os.Zygote$MethodAndArgsCaller.run(Zygote.java:240)
12-14 03:11:20.488 V/LifecycleAwareServiceBi( 2527): 	at com.android.internal.os.ZygoteInit.main(ZygoteInit.java:767)
12-14 03:11:20.488 V/LifecycleAwareServiceBi( 2527): notify unbound - notifying
12-14 03:11:20.490 I/Finsky:download_service( 2691): [2] sxn.onDestroy(8): IPC-SERVER: Stopping gRPC host service...
12-14 03:11:20.528 D/gralloc_ranchu( 1395): gralloc_alloc: Creating ashmem region of size 7753728
12-14 03:11:20.616 I/AudioTrack( 1629): AUDIO_OUTPUT_FLAG_FAST successful; frameCount 4512 -> 4512
12-14 03:11:20.704 I/zygote  ( 1938): Deoptimizing java.lang.String asqf.i(android.os.Bundle) due to JIT inline cache
12-14 03:11:20.712 V/StatusBar( 1729): setLightsOn(true)
12-14 03:11:20.713 I/chatty  ( 1729): uid=10028(u0_a28) com.android.systemui identical 1 line
12-14 03:11:20.720 V/StatusBar( 1729): setLightsOn(true)
12-14 03:11:20.747 W/View    ( 3864): dispatchProvideAutofillStructure(): not laid out, ignoring
12-14 03:11:21.218 W/audio_hw_generic( 1389): Not supplying enough data to HAL, expected position 22535 , only wrote 2880
12-14 03:11:21.218 W/AudioFlinger( 1476): write blocked for 472 msecs, 1 delayed writes, thread 0xb0e83200
12-14 03:11:21.218 W/audio_hw_generic( 1389): Not supplying enough data to HAL, expected position 2899 , only wrote 2880
12-14 03:11:21.219 W/audio_hw_generic( 1389): Hardware backing HAL too slow, could only write 0 of 720 frames
12-14 03:11:21.224 W/zygote  ( 2527): Suspending all threads took: 5.099ms
12-14 03:11:21.235 W/audio_hw_generic( 1389): Hardware backing HAL too slow, could only write 0 of 720 frames
12-14 03:11:21.238 W/Binder  ( 1629): Outgoing transactions from this process must be FLAG_ONEWAY
12-14 03:11:21.238 W/Binder  ( 1629): java.lang.Throwable
12-14 03:11:21.238 W/Binder  ( 1629): 	at android.os.BinderProxy.transact(Binder.java:736)
12-14 03:11:21.238 W/Binder  ( 1629): 	at android.app.assist.AssistStructure$ParcelTransferReader.fetchData(AssistStructure.java:407)
12-14 03:11:21.238 W/Binder  ( 1629): 	at android.app.assist.AssistStructure$ParcelTransferReader.go(AssistStructure.java:343)
12-14 03:11:21.238 W/Binder  ( 1629): 	at android.app.assist.AssistStructure.ensureData(AssistStructure.java:2096)
12-14 03:11:21.238 W/Binder  ( 1629): 	at com.android.server.autofill.Session$1.send(Session.java:200)
12-14 03:11:21.238 W/Binder  ( 1629): 	at com.android.server.am.ActivityManagerService.reportAssistContextExtras(ActivityManagerService.java:13137)
12-14 03:11:21.238 W/Binder  ( 1629): 	at android.app.IActivityManager$Stub.onTransact(IActivityManager.java:2466)
12-14 03:11:21.238 W/Binder  ( 1629): 	at com.android.server.am.ActivityManagerService.onTransact(ActivityManagerService.java:2935)
12-14 03:11:21.238 W/Binder  ( 1629): 	at android.os.Binder.execTransact(Binder.java:674)
12-14 03:11:21.238 D/BoundBrokerSvc( 1938): onUnbind: Intent { act=com.google.android.gms.usagereporting.service.START pkg=com.google.android.gms }
12-14 03:11:21.243 E/WorkerRegistryImpl( 2228): getWorker() is called after WorkerRegistry disposal.
12-14 03:11:21.243 I/AssistStructure( 3864): Flattened final assist data: 5024 bytes, containing 2 windows, 19 views
12-14 03:11:21.243 E/WorkerRegistryImpl( 2228): getWorker() is called after WorkerRegistry disposal.
12-14 03:11:21.244 D/BoundBrokerSvc( 1938): onUnbind: Intent { act=com.google.android.gms.icing.LIGHTWEIGHT_INDEX_SERVICE cmp=com.google.android.gms/.chimera.PersistentApiService }
12-14 03:11:21.248 I/Choreographer( 3864): Skipped 33 frames!  The application may be doing too much work on its main thread.
12-14 03:11:21.248 D/AudioFlinger( 1476): mixer(0xb0e83200) throttle end: throttle time(10)
12-14 03:11:21.310 D/gralloc_ranchu( 1395): gralloc_alloc: Creating ashmem region of size 303104
12-14 03:11:21.321 V/StatusBar( 1729): setLightsOn(true)
12-14 03:11:21.335 I/chatty  ( 1729): uid=10028(u0_a28) com.android.systemui identical 1 line
12-14 03:11:21.338 V/StatusBar( 1729): setLightsOn(true)
12-14 03:11:21.346 E/SurfaceFlinger( 1412): ro.sf.lcd_density must be defined as a build property
12-14 03:11:21.346 D/PermissionCache( 1412): checking android.permission.READ_FRAME_BUFFER for uid=2000 => granted (137 us)
12-14 03:11:21.369 I/AssistStructure( 1629): Flattened final assist data: 4496 bytes, containing 2 windows, 19 views
12-14 03:11:21.396 W/lgq     ( 1938): Pending fill request while another request in the same session was triggered. [CONTEXT service_id=177 ]
12-14 03:11:21.399 D/gralloc_ranchu( 1395): gralloc_alloc: Creating ashmem region of size 8298496
12-14 03:11:21.410 D/        ( 3956): HostConnection::get() New Host Connection established 0xad2af800, tid 3956
12-14 03:11:21.579 V/StatusBar( 1729): setLightsOn(true)
12-14 03:11:21.726 I/zygote  ( 1629): Background concurrent copying GC freed 34559(2020KB) AllocSpace objects, 2(40KB) LOS objects, 36% free, 10MB/16MB, paused 344us total 236.063ms
12-14 03:11:21.773 I/ActivityManager( 1629): Killing 3273:com.google.android.apps.maps/u0a59 (adj 906): empty #17
12-14 03:11:21.821 D/BoundBrokerSvc( 2109): onUnbind: Intent { act=com.google.android.gms.people.service.START pkg=com.google.android.gms }
12-14 03:11:21.827 V/StatusBar( 1729): setLightsOn(true)
12-14 03:11:21.872 E/NetworkScheduler.ATC( 1938): Called cancelTask for already completed task com.google.android.videos/.service.drm.RefreshLicenseTaskService{u=0 tag="refresh_license_forced" trigger=window{start=0s,end=1s,earliest=-2s,latest=-1s} requirements=[NET_CONNECTED] attributes=[] scheduled=-2s last_run=-1s exec_window_multiplier=1.0000 jid=N/A status=ACTIVE retries=0 client_lib=MANCHEGO_GCM-10400000} :0 [CONTEXT service_id=218 ]
12-14 03:11:21.873 W/NetworkScheduler( 1938): Immediate task was not started com.google.android.videos/.service.drm.RefreshLicenseTaskService{u=0 tag="refresh_license_forced" trigger=window{start=0s,end=1s,earliest=-1s,latest=0s} requirements=[NET_CONNECTED] attributes=[] scheduled=-1s last_run=N/A exec_window_multiplier=1.0000 jid=N/A status=PENDING retries=0 client_lib=MANCHEGO_GCM-10400000}. Rescheduling immediate tasks can cause excessive battery drain.
12-14 03:11:21.874 I/NetworkScheduler.Stats( 1938): Task com.google.android.videos/ started execution. cause:4 exec_start_elapsed_seconds: 51 [CONTEXT service_id=218 ]
12-14 03:11:21.875 I/NetworkScheduler.Stats( 1938): Task com.google.android.gms/com.google.android.gms.pay.gcmtask.PayGcmTaskService started execution. cause:4 exec_start_elapsed_seconds: 51 [CONTEXT service_id=218 ]
12-14 03:11:21.876 I/NetworkScheduler.Stats( 1938): Task com.google.android.videos/ finished executing. cause:4 result: 1 elapsed_millis: 169 uptime_millis: 169 exec_start_elapsed_seconds: 51 [CONTEXT service_id=218 ]
12-14 03:11:21.947 E/memtrack( 1629): Couldn't load memtrack module
12-14 03:11:21.947 W/android.os.Debug( 1629): failed to get memory consumption info: -1
