12-14 04:02:52.595 W/ActivityManager( 1626): 	at android.app.IActivityManager$Stub.onTransact(IActivityManager.java:2910)
12-14 04:02:52.595 W/ActivityManager( 1626): 	at com.android.server.am.ActivityManagerService.onTransact(ActivityManagerService.java:2935)
12-14 04:02:52.595 W/ActivityManager( 1626): 	at android.os.Binder.execTransact(Binder.java:674)
12-14 04:02:52.598 D/VehicleStatisticsActivity( 4533): Checking recalculation ...
12-14 04:02:52.599 D/VehicleStatisticsActivity( 4533): Recalculating statistics
12-14 04:02:52.599 D/VehicleStatisticsTask( 4533): Calculation starting...
12-14 04:02:52.600 D/VehicleStatisticsActivity( 4533): Recalculation started!
12-14 04:02:52.608 D/VehicleStatisticsTask( 4533): Not enough fillups to calculate statistics
12-14 04:02:52.627 D/VehicleStatisticsTask( 4533): Not enough fillups to calculate statistics
12-14 04:02:52.654 I/zygote  ( 4533): Do full code cache collection, code=230KB, data=152KB
12-14 04:02:52.655 I/zygote  ( 4533): After code cache collection, code=228KB, data=128KB
12-14 04:02:52.729 E/SurfaceFlinger( 1408): ro.sf.lcd_density must be defined as a build property
12-14 04:02:52.739 D/gralloc_ranchu( 1396): gralloc_alloc: Creating ashmem region of size 8298496
12-14 04:02:52.748 D/VehicleStatisticsTask( 4533): Done recalculating!
12-14 04:02:52.749 D/VehicleStatisticsAdapter( 4533): Erasing the cache ...
12-14 04:02:52.750 D/        ( 4588): HostConnection::get() New Host Connection established 0xaf1af800, tid 4588
12-14 04:02:52.753 D/VehicleStatisticsTask( 4533): Done recalculating!
12-14 04:02:52.753 D/VehicleStatisticsAdapter( 4533): Building new values ...
12-14 04:02:52.754 D/VehicleStatisticsAdapter( 4533): Writing 29 records to the database ...
12-14 04:02:52.756 D/VehicleStatisticsAdapter( 4533): Erasing the cache ...
12-14 04:02:52.771 D/Mileage.ABS( 4533): Finished backup
12-14 04:02:52.773 D/Mileage.ABS( 4533): Not backing up; 21
12-14 04:02:52.779 I/zygote  ( 4533): Do partial code cache collection, code=238KB, data=142KB
12-14 04:02:52.780 I/zygote  ( 4533): After code cache collection, code=238KB, data=142KB
12-14 04:02:52.780 I/zygote  ( 4533): Increasing code cache capacity to 1024KB
12-14 04:02:52.814 D/VehicleStatisticsAdapter( 4533): Building new values ...
12-14 04:02:52.814 D/VehicleStatisticsAdapter( 4533): Writing 29 records to the database ...
12-14 04:02:52.918 D/Mileage.ABS( 4533): Not backing up; 166
12-14 04:02:52.992 D/Mileage.ABS( 4533): Not backing up; 240
12-14 04:02:52.994 D/Mileage.ABS( 4533): Not backing up; 242
12-14 04:02:52.996 D/Mileage.ABS( 4533): Not backing up; 244
12-14 04:02:52.997 D/Mileage.ABS( 4533): Not backing up; 244
12-14 04:02:52.999 D/Mileage.ABS( 4533): Not backing up; 247
12-14 04:02:53.001 D/Mileage.ABS( 4533): Not backing up; 249
12-14 04:02:53.003 D/Mileage.ABS( 4533): Not backing up; 251
12-14 04:02:53.006 D/Mileage.ABS( 4533): Not backing up; 254
12-14 04:02:53.013 D/Mileage.ABS( 4533): Not backing up; 260
12-14 04:02:53.013 D/Mileage.ABS( 4533): Not backing up; 261
12-14 04:02:53.014 D/Mileage.ABS( 4533): Not backing up; 262
12-14 04:02:53.014 D/Mileage.ABS( 4533): Not backing up; 262
12-14 04:02:53.018 D/Mileage.ABS( 4533): Not backing up; 266
12-14 04:02:53.022 D/Mileage.ABS( 4533): Not backing up; 270
12-14 04:02:53.024 E/TaskPersister( 1626): File error accessing recents directory (directory doesn't exist?).
12-14 04:02:53.036 D/Mileage.ABS( 4533): Not backing up; 283
12-14 04:02:53.051 D/Mileage.ABS( 4533): Not backing up; 299
12-14 04:02:53.060 D/Mileage.ABS( 4533): Not backing up; 308
12-14 04:02:53.072 D/Mileage.ABS( 4533): Not backing up; 320
12-14 04:02:53.091 D/Mileage.ABS( 4533): Not backing up; 339
12-14 04:02:53.093 D/Mileage.ABS( 4533): Not backing up; 341
12-14 04:02:53.108 D/Mileage.ABS( 4533): Not backing up; 356
12-14 04:02:53.128 D/Mileage.ABS( 4533): Not backing up; 376
12-14 04:02:53.136 D/Mileage.ABS( 4533): Not backing up; 384
12-14 04:02:53.149 D/Mileage.ABS( 4533): Not backing up; 397
12-14 04:02:53.161 D/Mileage.ABS( 4533): Not backing up; 409
12-14 04:02:53.171 D/Mileage.ABS( 4533): Not backing up; 419
12-14 04:02:53.173 D/Mileage.ABS( 4533): Not backing up; 421
12-14 04:02:53.187 D/Mileage.ABS( 4533): Not backing up; 435
12-14 04:02:53.191 D/Mileage.ABS( 4533): Not backing up; 439
12-14 04:02:53.219 D/Mileage.ABS( 4533): Not backing up; 467
12-14 04:02:53.220 D/Mileage.ABS( 4533): Not backing up; 468
12-14 04:02:53.233 D/Mileage.ABS( 4533): Not backing up; 481
12-14 04:02:53.249 D/Mileage.ABS( 4533): Not backing up; 497
12-14 04:02:53.255 D/Mileage.ABS( 4533): Not backing up; 503
12-14 04:02:53.266 D/Mileage.ABS( 4533): Not backing up; 514
12-14 04:02:53.272 D/Mileage.ABS( 4533): Not backing up; 520
12-14 04:02:53.286 D/Mileage.ABS( 4533): Not backing up; 534
12-14 04:02:53.292 D/Mileage.ABS( 4533): Not backing up; 540
12-14 04:02:53.303 D/Mileage.ABS( 4533): Not backing up; 551
12-14 04:02:53.314 D/Mileage.ABS( 4533): Not backing up; 562
12-14 04:02:53.320 I/System.out( 4533): URI: //gesture
12-14 04:02:53.321 I/System.out( 4533): params: {json={"query_timeout":5.0,"gestures":[{"query_string":"android.widget.TabWidget descendant TextView index:0","touches":[{"x":50,"y":50,"offset_x":0,"offset_y":0,"wait":0.0,"time":0.2,"release":true,"query_string":null}]}]}
12-14 04:02:53.321 I/System.out( 4533): }
12-14 04:02:53.325 D/Mileage.ABS( 4533): Not backing up; 573
12-14 04:02:53.334 D/Mileage.ABS( 4533): Not backing up; 582
12-14 04:02:53.347 D/Mileage.ABS( 4533): Not backing up; 595
12-14 04:02:53.352 D/Mileage.ABS( 4533): Not backing up; 600
12-14 04:02:53.373 D/Mileage.ABS( 4533): Not backing up; 621
12-14 04:02:53.432 D/Mileage.ABS( 4533): Not backing up; 680
12-14 04:02:53.433 D/Mileage.ABS( 4533): Not backing up; 681
12-14 04:02:53.433 I/chatty  ( 4533): uid=10446(u0_a446) com.evancharlton.mileage identical 1 line
12-14 04:02:53.433 D/Mileage.ABS( 4533): Not backing up; 681
12-14 04:02:53.435 D/Mileage.ABS( 4533): Not backing up; 683
12-14 04:02:53.436 D/Mileage.ABS( 4533): Not backing up; 684
12-14 04:02:53.436 D/Mileage.ABS( 4533): Not backing up; 684
12-14 04:02:53.456 D/Mileage.ABS( 4533): Not backing up; 704
12-14 04:02:53.457 D/Mileage.ABS( 4533): Not backing up; 705
12-14 04:02:53.469 D/Mileage.ABS( 4533): Not backing up; 717
12-14 04:02:53.507 D/Mileage.ABS( 4533): Not backing up; 755
12-14 04:02:53.522 D/VehicleStatisticsAdapter( 4533): Caching of 29 records complete! (0.768 seconds)
12-14 04:02:53.523 D/Mileage.ABS( 4533): Not backing up; 771
12-14 04:02:53.523 D/Mileage.ABS( 4533): Not backing up; 771
12-14 04:02:53.530 D/VehicleStatisticsAdapter( 4533): Caching of 29 records complete! (0.716 seconds)
12-14 04:02:53.532 D/Mileage.ABS( 4533): Not backing up; 780
12-14 04:02:53.729 W/View    ( 4533): dispatchProvideAutofillStructure(): not laid out, ignoring
12-14 04:02:53.731 I/chatty  ( 4533): uid=10446(u0_a446) com.evancharlton.mileage identical 1 line
12-14 04:02:53.733 W/View    ( 4533): dispatchProvideAutofillStructure(): not laid out, ignoring
12-14 04:02:53.744 W/Binder  ( 1626): Outgoing transactions from this process must be FLAG_ONEWAY
12-14 04:02:53.744 W/Binder  ( 1626): java.lang.Throwable
12-14 04:02:53.744 W/Binder  ( 1626): 	at android.os.BinderProxy.transact(Binder.java:736)
12-14 04:02:53.744 W/Binder  ( 1626): 	at android.app.assist.AssistStructure$ParcelTransferReader.fetchData(AssistStructure.java:407)
12-14 04:02:53.744 W/Binder  ( 1626): 	at android.app.assist.AssistStructure$ParcelTransferReader.go(AssistStructure.java:343)
12-14 04:02:53.744 W/Binder  ( 1626): 	at android.app.assist.AssistStructure.ensureData(AssistStructure.java:2096)
12-14 04:02:53.744 W/Binder  ( 1626): 	at com.android.server.autofill.Session$1.send(Session.java:200)
12-14 04:02:53.744 W/Binder  ( 1626): 	at com.android.server.am.ActivityManagerService.reportAssistContextExtras(ActivityManagerService.java:13137)
12-14 04:02:53.744 W/Binder  ( 1626): 	at android.app.IActivityManager$Stub.onTransact(IActivityManager.java:2466)
12-14 04:02:53.744 W/Binder  ( 1626): 	at com.android.server.am.ActivityManagerService.onTransact(ActivityManagerService.java:2935)
12-14 04:02:53.744 W/Binder  ( 1626): 	at android.os.Binder.execTransact(Binder.java:674)
12-14 04:02:53.758 I/AssistStructure( 4533): Flattened final assist data: 15312 bytes, containing 1 windows, 69 views
12-14 04:02:53.769 I/AssistStructure( 1626): Flattened final assist data: 13988 bytes, containing 1 windows, 69 views
12-14 04:02:53.772 W/lgq     ( 1942): Pending fill request while another request in the same session was triggered. [CONTEXT service_id=177 ]
12-14 04:02:53.783 I/Dialer  ( 1998): VvmTaskExecutor - executing task com.android.voicemail.impl.ActivationTask@1fbd366
12-14 04:02:53.784 I/Dialer  ( 1998): PreOMigrationHandler - ComponentInfo{com.android.phone/com.android.services.telephony.TelephonyConnectionService}, [****], UserHandle{0} already migrated
12-14 04:02:53.828 I/Dialer  ( 1998): VvmActivationTask - VVM content provider configured - vvm_type_cvvm
12-14 04:02:53.829 I/Dialer  ( 1998): OmtpVvmCarrierCfgHlpr - OmtpEvent:CONFIG_ACTIVATING
12-14 04:02:53.854 I/Dialer  ( 1998): TelephonyMangerCompat.setVisualVoicemailSmsFilterSettings - using TelephonyManager
12-14 04:02:53.864 I/Dialer  ( 1998): TelephonyMangerCompat.sendVisualVoicemailSms - using TelephonyManager
12-14 04:02:53.948 E/SurfaceFlinger( 1408): ro.sf.lcd_density must be defined as a build property
12-14 04:02:53.958 D/gralloc_ranchu( 1396): gralloc_alloc: Creating ashmem region of size 8298496
12-14 04:02:53.971 D/        ( 4630): HostConnection::get() New Host Connection established 0xb00af800, tid 4630
12-14 04:02:54.488 I/System.out( 4533): URI: //
12-14 04:02:54.488 I/System.out( 4533): params: {json={"command":"set_activity_orientation","arguments":["landscape"]}
12-14 04:02:54.488 I/System.out( 4533): }
12-14 04:02:54.488 I/System.out( 4533): header: {content-type=application/json;charset=utf-8, date=Mon, 14 Dec 2020 09:02:54 GMT, accept=*/*, host=127.0.0.1:34777, content-length=64, user-agent=HTTPClient/1.0 (2.8.3, ruby 2.5.8 (2020-03-31))}
12-14 04:02:54.488 I/System.out( 4533): params: {json={"command":"set_activity_orientation","arguments":["landscape"]}
12-14 04:02:54.488 I/System.out( 4533): }
12-14 04:02:54.488 I/System.out( 4533): ProP json = {"command":"set_activity_orientation","arguments":["landscape"]}
12-14 04:02:54.488 I/System.out( 4533): files: {}
12-14 04:02:54.488 I/System.out( 4533): command: {"command":"set_activity_orientation","arguments":["landscape"]}
12-14 04:02:54.490 I/InstrumentationBackend( 4533): Got command:'Command:'Line:null,set_activity_orientation', arguments:'[landscape]'
12-14 04:02:54.493 D/gralloc_ranchu( 1396): gralloc_alloc: Creating ashmem region of size 8298496
12-14 04:02:54.515 W/LocalDisplayAdapter( 1626): Unable to find color mode 0, ignoring request.
12-14 04:02:54.521 I/ActivityManager( 1626): Config changes=480 {1.0 310mcc260mnc [en_US] ldltr sw411dp w683dp h387dp 420dpi nrml land finger qwerty/v/v -nav/h appBounds=Rect(0, 0 - 1794, 1080) s.9}
12-14 04:02:54.522 I/InputReader( 1626): Reconfiguring input devices.  changes=0x00000004
12-14 04:02:54.522 I/InputReader( 1626): Device reconfigured: id=0, name='qwerty2', size 1080x1920, orientation 1, mode 1, display id 0
12-14 04:02:54.528 I/InputReader( 1626): Reconfiguring input devices.  changes=0x00000004
12-14 04:02:54.528 I/InputReader( 1626): Reconfiguring input devices.  changes=0x00000004
12-14 04:02:54.554 I/ActivityManager( 1626): Override config changes=480 {1.0 310mcc260mnc [en_US] ldltr sw411dp w683dp h387dp 420dpi nrml land finger qwerty/v/v -nav/h appBounds=Rect(0, 0 - 1794, 1080) s.9} for displayId=0
12-14 04:02:54.614 D/gralloc_ranchu( 1396): gralloc_alloc: Creating ashmem region of size 544768
12-14 04:02:54.624 I/calabash( 4533): newActivity1
12-14 04:02:54.636 D/EGL_emulation( 1726): eglMakeCurrent: 0x8c2383a0: ver 3 0 (tinfo 0x8c248b50)
12-14 04:02:54.645 D/gralloc_ranchu( 1396): gralloc_alloc: Creating ashmem region of size 544768
12-14 04:02:54.672 W/ActivityManager( 1626): Bad activity token: android.os.BinderProxy@dfe7d51
12-14 04:02:54.672 W/ActivityManager( 1626): java.lang.ClassCastException: android.os.BinderProxy cannot be cast to com.android.server.am.ActivityRecord$Token
12-14 04:02:54.672 W/ActivityManager( 1626): 	at com.android.server.am.ActivityRecord.forTokenLocked(ActivityRecord.java:778)
12-14 04:02:54.672 W/ActivityManager( 1626): 	at com.android.server.am.ActivityRecord.isInStackLocked(ActivityRecord.java:2085)
12-14 04:02:54.672 W/ActivityManager( 1626): 	at com.android.server.am.ActivityRecord.getStackLocked(ActivityRecord.java:2090)
12-14 04:02:54.672 W/ActivityManager( 1626): 	at com.android.server.am.ActivityManagerService.getActivityDisplayId(ActivityManagerService.java:10406)
12-14 04:02:54.672 W/ActivityManager( 1626): 	at android.app.IActivityManager$Stub.onTransact(IActivityManager.java:2738)
12-14 04:02:54.672 W/ActivityManager( 1626): 	at com.android.server.am.ActivityManagerService.onTransact(ActivityManagerService.java:2935)
12-14 04:02:54.672 W/ActivityManager( 1626): 	at android.os.Binder.execTransact(Binder.java:674)
12-14 04:02:54.673 I/calabash( 4533): newActivity1
12-14 04:02:54.683 W/AutofillManager( 4533): Session -1393085729 could not be restored
12-14 04:02:54.689 W/ActivityManager( 1626): Bad activity token: android.os.BinderProxy@dfe7d51
12-14 04:02:54.689 W/ActivityManager( 1626): java.lang.ClassCastException: android.os.BinderProxy cannot be cast to com.android.server.am.ActivityRecord$Token
12-14 04:02:54.689 W/ActivityManager( 1626): 	at com.android.server.am.ActivityRecord.forTokenLocked(ActivityRecord.java:778)
12-14 04:02:54.689 W/ActivityManager( 1626): 	at com.android.server.am.ActivityRecord.isInStackLocked(ActivityRecord.java:2085)
12-14 04:02:54.689 W/ActivityManager( 1626): 	at com.android.server.am.ActivityManagerService.setTaskDescription(ActivityManagerService.java:9988)
12-14 04:02:54.689 W/ActivityManager( 1626): 	at android.app.IActivityManager$Stub.onTransact(IActivityManager.java:2824)
12-14 04:02:54.689 W/ActivityManager( 1626): 	at com.android.server.am.ActivityManagerService.onTransact(ActivityManagerService.java:2935)
12-14 04:02:54.689 W/ActivityManager( 1626): 	at android.os.Binder.execTransact(Binder.java:674)
12-14 04:02:54.693 W/ActivityManager( 1626): Bad activity token: android.os.BinderProxy@dfe7d51
12-14 04:02:54.693 W/ActivityManager( 1626): java.lang.ClassCastException: android.os.BinderProxy cannot be cast to com.android.server.am.ActivityRecord$Token
12-14 04:02:54.693 W/ActivityManager( 1626): 	at com.android.server.am.ActivityRecord.forTokenLocked(ActivityRecord.java:778)
12-14 04:02:54.693 W/ActivityManager( 1626): 	at com.android.server.am.ActivityRecord.isInStackLocked(ActivityRecord.java:2085)
12-14 04:02:54.693 W/ActivityManager( 1626): 	at com.android.server.am.ActivityRecord.getStackLocked(ActivityRecord.java:2090)
12-14 04:02:54.693 W/ActivityManager( 1626): 	at com.android.server.am.ActivityManagerService.getActivityStackId(ActivityManagerService.java:10417)
12-14 04:02:54.693 W/ActivityManager( 1626): 	at android.app.IActivityManager$Stub.onTransact(IActivityManager.java:3548)
12-14 04:02:54.693 W/ActivityManager( 1626): 	at com.android.server.am.ActivityManagerService.onTransact(ActivityManagerService.java:2935)
12-14 04:02:54.693 W/ActivityManager( 1626): 	at android.os.Binder.execTransact(Binder.java:674)
12-14 04:02:54.717 I/System.out( 4533): result:{"bonusInformation":[],"message":"","success":true}
12-14 04:02:54.771 V/StatusBar( 1726): setLightsOn(true)
12-14 04:02:54.773 W/ActivityManager( 1626): Bad activity token: android.os.BinderProxy@dfe7d51
12-14 04:02:54.773 W/ActivityManager( 1626): java.lang.ClassCastException: android.os.BinderProxy cannot be cast to com.android.server.am.ActivityRecord$Token
12-14 04:02:54.773 W/ActivityManager( 1626): 	at com.android.server.am.ActivityRecord.forTokenLocked(ActivityRecord.java:778)
12-14 04:02:54.773 W/ActivityManager( 1626): 	at com.android.server.am.ActivityRecord.isInStackLocked(ActivityRecord.java:2085)
12-14 04:02:54.773 W/ActivityManager( 1626): 	at com.android.server.am.ActivityManagerService.getActivityOptions(ActivityManagerService.java:13302)
12-14 04:02:54.773 W/ActivityManager( 1626): 	at android.app.IActivityManager$Stub.onTransact(IActivityManager.java:2910)
12-14 04:02:54.773 W/ActivityManager( 1626): 	at com.android.server.am.ActivityManagerService.onTransact(ActivityManagerService.java:2935)
12-14 04:02:54.773 W/ActivityManager( 1626): 	at android.os.Binder.execTransact(Binder.java:674)
12-14 04:02:54.773 W/ActivityManager( 1626): Bad activity token: android.os.BinderProxy@dfe7d51
12-14 04:02:54.773 W/ActivityManager( 1626): java.lang.ClassCastException: android.os.BinderProxy cannot be cast to com.android.server.am.ActivityRecord$Token
12-14 04:02:54.773 W/ActivityManager( 1626): 	at com.android.server.am.ActivityRecord.forTokenLocked(ActivityRecord.java:778)
12-14 04:02:54.773 W/ActivityManager( 1626): 	at com.android.server.am.ActivityRecord.isInStackLocked(ActivityRecord.java:2085)
12-14 04:02:54.773 W/ActivityManager( 1626): 	at com.android.server.am.ActivityManagerService.getActivityOptions(ActivityManagerService.java:13302)
12-14 04:02:54.773 W/ActivityManager( 1626): 	at android.app.IActivityManager$Stub.onTransact(IActivityManager.java:2910)
12-14 04:02:54.773 W/ActivityManager( 1626): 	at com.android.server.am.ActivityManagerService.onTransact(ActivityManagerService.java:2935)
12-14 04:02:54.773 W/ActivityManager( 1626): 	at android.os.Binder.execTransact(Binder.java:674)
12-14 04:02:54.781 D/gralloc_ranchu( 1396): gralloc_alloc: Creating ashmem region of size 544768
12-14 04:02:54.815 W/PhoneWindow( 4533): Previously focused view reported id 2131296279 during save, but can't be found during restore.
12-14 04:02:54.835 D/gralloc_ranchu( 1396): gralloc_alloc: Creating ashmem region of size 487424
12-14 04:02:54.855 D/StatusBar( 1726): disable<e i a s b h r c s q >
12-14 04:02:54.858 D/EGL_emulation( 1726): eglMakeCurrent: 0x8c2383a0: ver 3 0 (tinfo 0x8c248b50)
12-14 04:02:54.871 D/gralloc_ranchu( 1396): gralloc_alloc: Creating ashmem region of size 487424
12-14 04:02:54.898 D/gralloc_ranchu( 1396): gralloc_alloc: Creating ashmem region of size 487424
12-14 04:02:54.912 D/EGL_emulation( 1726): eglMakeCurrent: 0x8c2383a0: ver 3 0 (tinfo 0x8c248b50)
12-14 04:02:54.923 D/EGL_emulation( 1726): eglMakeCurrent: 0x8c2383a0: ver 3 0 (tinfo 0x8c248b50)
12-14 04:02:54.939 V/StatusBar( 1726): setLightsOn(true)
12-14 04:02:54.983 D/gralloc_ranchu( 1396): gralloc_alloc: Creating ashmem region of size 7753728
12-14 04:02:55.078 V/StatusBar( 1726): setLightsOn(true)
12-14 04:02:55.082 I/chatty  ( 1726): uid=10028(u0_a28) com.android.systemui identical 1 line
12-14 04:02:55.090 I/WindowManager( 1626): Screen frozen for +600ms due to Window{ec22dbc u0 com.evancharlton.mileage/com.evancharlton.mileage.Mileage}
12-14 04:02:55.094 V/StatusBar( 1726): setLightsOn(true)
12-14 04:02:55.113 D/gralloc_ranchu( 1396): gralloc_alloc: Creating ashmem region of size 7753728
12-14 04:02:55.517 I/EventLogSendingHelper( 2173): Sending log events.
12-14 04:02:55.551 V/StatusBar( 1726): setLightsOn(true)
12-14 04:02:56.107 D/gralloc_ranchu( 1396): gralloc_alloc: Creating ashmem region of size 7753728
12-14 04:02:56.772 I/System.out( 4533): URI: //gesture
12-14 04:02:56.772 I/System.out( 4533): params: {json={"query_timeout":5.0,"gestures":[{"query_string":"android.widget.TabWidget descendant TextView index:1","touches":[{"x":50,"y":50,"offset_x":0,"offset_y":0,"wait":0.0,"time":0.2,"release":true,"query_string":null}]}]}
12-14 04:02:56.772 I/System.out( 4533): }
12-14 04:02:56.789 W/audio_hw_generic( 1390): Not supplying enough data to HAL, expected position 1184570 , only wrote 891360
12-14 04:02:57.027 W/ActivityManager( 1626): Bad activity token: android.os.BinderProxy@9487854
12-14 04:02:57.027 W/ActivityManager( 1626): java.lang.ClassCastException: android.os.BinderProxy cannot be cast to com.android.server.am.ActivityRecord$Token
12-14 04:02:57.027 W/ActivityManager( 1626): 	at com.android.server.am.ActivityRecord.forTokenLocked(ActivityRecord.java:778)
12-14 04:02:57.027 W/ActivityManager( 1626): 	at com.android.server.am.ActivityRecord.isInStackLocked(ActivityRecord.java:2085)
12-14 04:02:57.027 W/ActivityManager( 1626): 	at com.android.server.am.ActivityRecord.getStackLocked(ActivityRecord.java:2090)
12-14 04:02:57.027 W/ActivityManager( 1626): 	at com.android.server.am.ActivityManagerService.getActivityDisplayId(ActivityManagerService.java:10406)
12-14 04:02:57.027 W/ActivityManager( 1626): 	at android.app.IActivityManager$Stub.onTransact(IActivityManager.java:2738)
12-14 04:02:57.027 W/ActivityManager( 1626): 	at com.android.server.am.ActivityManagerService.onTransact(ActivityManagerService.java:2935)
12-14 04:02:57.027 W/ActivityManager( 1626): 	at android.os.Binder.execTransact(Binder.java:674)
12-14 04:02:57.029 I/calabash( 4533): newActivity1
12-14 04:02:57.030 W/audio_hw_generic( 1390): Not supplying enough data to HAL, expected position 891461 , only wrote 891360
12-14 04:02:57.032 W/ActivityManager( 1626): Bad activity token: android.os.BinderProxy@9487854
12-14 04:02:57.032 W/ActivityManager( 1626): java.lang.ClassCastException: android.os.BinderProxy cannot be cast to com.android.server.am.ActivityRecord$Token
12-14 04:02:57.032 W/ActivityManager( 1626): 	at com.android.server.am.ActivityRecord.forTokenLocked(ActivityRecord.java:778)
12-14 04:02:57.032 W/ActivityManager( 1626): 	at com.android.server.am.ActivityRecord.isInStackLocked(ActivityRecord.java:2085)
12-14 04:02:57.032 W/ActivityManager( 1626): 	at com.android.server.am.ActivityManagerService.setTaskDescription(ActivityManagerService.java:9988)
12-14 04:02:57.032 W/ActivityManager( 1626): 	at android.app.IActivityManager$Stub.onTransact(IActivityManager.java:2824)
12-14 04:02:57.032 W/ActivityManager( 1626): 	at com.android.server.am.ActivityManagerService.onTransact(ActivityManagerService.java:2935)
12-14 04:02:57.032 W/ActivityManager( 1626): 	at android.os.Binder.execTransact(Binder.java:674)
12-14 04:02:57.033 W/ActivityManager( 1626): Bad activity token: android.os.BinderProxy@9487854
12-14 04:02:57.033 W/ActivityManager( 1626): java.lang.ClassCastException: android.os.BinderProxy cannot be cast to com.android.server.am.ActivityRecord$Token
12-14 04:02:57.033 W/ActivityManager( 1626): 	at com.android.server.am.ActivityRecord.forTokenLocked(ActivityRecord.java:778)
12-14 04:02:57.033 W/ActivityManager( 1626): 	at com.android.server.am.ActivityRecord.isInStackLocked(ActivityRecord.java:2085)
12-14 04:02:57.033 W/ActivityManager( 1626): 	at com.android.server.am.ActivityRecord.getStackLocked(ActivityRecord.java:2090)
12-14 04:02:57.033 W/ActivityManager( 1626): 	at com.android.server.am.ActivityManagerService.getActivityStackId(ActivityManagerService.java:10417)
12-14 04:02:57.033 W/ActivityManager( 1626): 	at android.app.IActivityManager$Stub.onTransact(IActivityManager.java:3548)
12-14 04:02:57.033 W/ActivityManager( 1626): 	at com.android.server.am.ActivityManagerService.onTransact(ActivityManagerService.java:2935)
12-14 04:02:57.033 W/ActivityManager( 1626): 	at android.os.Binder.execTransact(Binder.java:674)
12-14 04:02:57.068 W/ActivityManager( 1626): Bad activity token: android.os.BinderProxy@9487854
12-14 04:02:57.068 W/ActivityManager( 1626): java.lang.ClassCastException: android.os.BinderProxy cannot be cast to com.android.server.am.ActivityRecord$Token
12-14 04:02:57.068 W/ActivityManager( 1626): 	at com.android.server.am.ActivityRecord.forTokenLocked(ActivityRecord.java:778)
12-14 04:02:57.068 W/ActivityManager( 1626): 	at com.android.server.am.ActivityRecord.isInStackLocked(ActivityRecord.java:2085)
12-14 04:02:57.068 W/ActivityManager( 1626): 	at com.android.server.am.ActivityManagerService.getActivityOptions(ActivityManagerService.java:13302)
12-14 04:02:57.068 W/ActivityManager( 1626): 	at android.app.IActivityManager$Stub.onTransact(IActivityManager.java:2910)
12-14 04:02:57.068 W/ActivityManager( 1626): 	at com.android.server.am.ActivityManagerService.onTransact(ActivityManagerService.java:2935)
12-14 04:02:57.068 W/ActivityManager( 1626): 	at android.os.Binder.execTransact(Binder.java:674)
12-14 04:02:57.069 W/ActivityManager( 1626): Bad activity token: android.os.BinderProxy@9487854
12-14 04:02:57.069 W/ActivityManager( 1626): java.lang.ClassCastException: android.os.BinderProxy cannot be cast to com.android.server.am.ActivityRecord$Token
12-14 04:02:57.069 W/ActivityManager( 1626): 	at com.android.server.am.ActivityRecord.forTokenLocked(ActivityRecord.java:778)
12-14 04:02:57.069 W/ActivityManager( 1626): 	at com.android.server.am.ActivityRecord.isInStackLocked(ActivityRecord.java:2085)
12-14 04:02:57.069 W/ActivityManager( 1626): 	at com.android.server.am.ActivityManagerService.getActivityOptions(ActivityManagerService.java:13302)
12-14 04:02:57.069 W/ActivityManager( 1626): 	at android.app.IActivityManager$Stub.onTransact(IActivityManager.java:2910)
12-14 04:02:57.069 W/ActivityManager( 1626): 	at com.android.server.am.ActivityManagerService.onTransact(ActivityManagerService.java:2935)
12-14 04:02:57.069 W/ActivityManager( 1626): 	at android.os.Binder.execTransact(Binder.java:674)
12-14 04:02:57.163 D/Mileage ( 4533): Not enough fillups to calculate economy
12-14 04:02:57.169 I/zygote  ( 1626): Explicit concurrent copying GC freed 22786(1699KB) AllocSpace objects, 2(40KB) LOS objects, 37% free, 10MB/16MB, paused 1.468ms total 64.525ms
12-14 04:02:57.311 E/SurfaceFlinger( 1408): ro.sf.lcd_density must be defined as a build property
12-14 04:02:57.319 D/gralloc_ranchu( 1396): gralloc_alloc: Creating ashmem region of size 8298496
12-14 04:02:57.387 D/        ( 4641): HostConnection::get() New Host Connection established 0xaabaf800, tid 4641
12-14 04:02:57.786 I/System.out( 4533): URI: //gesture
12-14 04:02:57.786 I/System.out( 4533): params: {json={"query_timeout":5.0,"gestures":[{"query_string":"android.widget.TabWidget descendant TextView index:3","touches":[{"x":50,"y":50,"offset_x":0,"offset_y":0,"wait":0.0,"time":0.2,"release":true,"query_string":null}]}]}
12-14 04:02:57.787 I/System.out( 4533): }
12-14 04:02:58.042 W/ActivityManager( 1626): Bad activity token: android.os.BinderProxy@fd78cd8
12-14 04:02:58.042 W/ActivityManager( 1626): java.lang.ClassCastException: android.os.BinderProxy cannot be cast to com.android.server.am.ActivityRecord$Token
12-14 04:02:58.042 W/ActivityManager( 1626): 	at com.android.server.am.ActivityRecord.forTokenLocked(ActivityRecord.java:778)
12-14 04:02:58.042 W/ActivityManager( 1626): 	at com.android.server.am.ActivityRecord.isInStackLocked(ActivityRecord.java:2085)
12-14 04:02:58.042 W/ActivityManager( 1626): 	at com.android.server.am.ActivityRecord.getStackLocked(ActivityRecord.java:2090)
12-14 04:02:58.042 W/ActivityManager( 1626): 	at com.android.server.am.ActivityManagerService.getActivityDisplayId(ActivityManagerService.java:10406)
12-14 04:02:58.042 W/ActivityManager( 1626): 	at android.app.IActivityManager$Stub.onTransact(IActivityManager.java:2738)
12-14 04:02:58.042 W/ActivityManager( 1626): 	at com.android.server.am.ActivityManagerService.onTransact(ActivityManagerService.java:2935)
12-14 04:02:58.042 W/ActivityManager( 1626): 	at android.os.Binder.execTransact(Binder.java:674)
12-14 04:02:58.043 I/calabash( 4533): newActivity1
12-14 04:02:58.046 W/ActivityManager( 1626): Bad activity token: android.os.BinderProxy@fd78cd8
12-14 04:02:58.046 W/ActivityManager( 1626): java.lang.ClassCastException: android.os.BinderProxy cannot be cast to com.android.server.am.ActivityRecord$Token
12-14 04:02:58.046 W/ActivityManager( 1626): 	at com.android.server.am.ActivityRecord.forTokenLocked(ActivityRecord.java:778)
12-14 04:02:58.046 W/ActivityManager( 1626): 	at com.android.server.am.ActivityRecord.isInStackLocked(ActivityRecord.java:2085)
12-14 04:02:58.046 W/ActivityManager( 1626): 	at com.android.server.am.ActivityManagerService.setTaskDescription(ActivityManagerService.java:9988)
12-14 04:02:58.046 W/ActivityManager( 1626): 	at android.app.IActivityManager$Stub.onTransact(IActivityManager.java:2824)
12-14 04:02:58.046 W/ActivityManager( 1626): 	at com.android.server.am.ActivityManagerService.onTransact(ActivityManagerService.java:2935)
12-14 04:02:58.046 W/ActivityManager( 1626): 	at android.os.Binder.execTransact(Binder.java:674)
12-14 04:02:58.046 W/ActivityManager( 1626): Bad activity token: android.os.BinderProxy@fd78cd8
12-14 04:02:58.046 W/ActivityManager( 1626): java.lang.ClassCastException: android.os.BinderProxy cannot be cast to com.android.server.am.ActivityRecord$Token
12-14 04:02:58.046 W/ActivityManager( 1626): 	at com.android.server.am.ActivityRecord.forTokenLocked(ActivityRecord.java:778)
12-14 04:02:58.046 W/ActivityManager( 1626): 	at com.android.server.am.ActivityRecord.isInStackLocked(ActivityRecord.java:2085)
12-14 04:02:58.046 W/ActivityManager( 1626): 	at com.android.server.am.ActivityRecord.getStackLocked(ActivityRecord.java:2090)
12-14 04:02:58.046 W/ActivityManager( 1626): 	at com.android.server.am.ActivityManagerService.getActivityStackId(ActivityManagerService.java:10417)
12-14 04:02:58.046 W/ActivityManager( 1626): 	at android.app.IActivityManager$Stub.onTransact(IActivityManager.java:3548)
12-14 04:02:58.046 W/ActivityManager( 1626): 	at com.android.server.am.ActivityManagerService.onTransact(ActivityManagerService.java:2935)
12-14 04:02:58.046 W/ActivityManager( 1626): 	at android.os.Binder.execTransact(Binder.java:674)
12-14 04:02:58.058 W/ActivityManager( 1626): Bad activity token: android.os.BinderProxy@fd78cd8
12-14 04:02:58.058 W/ActivityManager( 1626): java.lang.ClassCastException: android.os.BinderProxy cannot be cast to com.android.server.am.ActivityRecord$Token
12-14 04:02:58.058 W/ActivityManager( 1626): 	at com.android.server.am.ActivityRecord.forTokenLocked(ActivityRecord.java:778)
12-14 04:02:58.058 W/ActivityManager( 1626): 	at com.android.server.am.ActivityRecord.isInStackLocked(ActivityRecord.java:2085)
12-14 04:02:58.058 W/ActivityManager( 1626): 	at com.android.server.am.ActivityManagerService.getActivityOptions(ActivityManagerService.java:13302)
12-14 04:02:58.058 W/ActivityManager( 1626): 	at android.app.IActivityManager$Stub.onTransact(IActivityManager.java:2910)
12-14 04:02:58.058 W/ActivityManager( 1626): 	at com.android.server.am.ActivityManagerService.onTransact(ActivityManagerService.java:2935)
12-14 04:02:58.058 W/ActivityManager( 1626): 	at android.os.Binder.execTransact(Binder.java:674)
12-14 04:02:58.058 W/ActivityManager( 1626): Bad activity token: android.os.BinderProxy@fd78cd8
12-14 04:02:58.058 W/ActivityManager( 1626): java.lang.ClassCastException: android.os.BinderProxy cannot be cast to com.android.server.am.ActivityRecord$Token
12-14 04:02:58.058 W/ActivityManager( 1626): 	at com.android.server.am.ActivityRecord.forTokenLocked(ActivityRecord.java:778)
12-14 04:02:58.058 W/ActivityManager( 1626): 	at com.android.server.am.ActivityRecord.isInStackLocked(ActivityRecord.java:2085)
12-14 04:02:58.058 W/ActivityManager( 1626): 	at com.android.server.am.ActivityManagerService.getActivityOptions(ActivityManagerService.java:13302)
12-14 04:02:58.058 W/ActivityManager( 1626): 	at android.app.IActivityManager$Stub.onTransact(IActivityManager.java:2910)
12-14 04:02:58.058 W/ActivityManager( 1626): 	at com.android.server.am.ActivityManagerService.onTransact(ActivityManagerService.java:2935)
12-14 04:02:58.058 W/ActivityManager( 1626): 	at android.os.Binder.execTransact(Binder.java:674)
12-14 04:02:58.252 E/SurfaceFlinger( 1408): ro.sf.lcd_density must be defined as a build property
12-14 04:02:58.261 D/gralloc_ranchu( 1396): gralloc_alloc: Creating ashmem region of size 8298496
12-14 04:02:58.324 D/        ( 4647): HostConnection::get() New Host Connection established 0xb6f2f800, tid 4647
12-14 04:02:58.695 I/System.out( 4533): URI: //gesture
12-14 04:02:58.695 I/System.out( 4533): params: {json={"query_timeout":5.0,"gestures":[{"query_string":"android.widget.TabWidget descendant TextView index:2","touches":[{"x":50,"y":50,"offset_x":0,"offset_y":0,"wait":0.0,"time":0.2,"release":true,"query_string":null}]}]}
12-14 04:02:58.695 I/System.out( 4533): }
12-14 04:02:58.883 W/RemoteFillService( 1626): Not handling { when=-7ms what=3 target=com.android.internal.os.HandlerCaller$MyHandler } as service for ComponentInfo{com.google.android.gms/com.google.android.gms.autofill.service.AutofillService} is already destroyed
12-14 04:02:58.942 W/ActivityManager( 1626): Bad activity token: android.os.BinderProxy@1452b33
12-14 04:02:58.942 W/ActivityManager( 1626): java.lang.ClassCastException: android.os.BinderProxy cannot be cast to com.android.server.am.ActivityRecord$Token
12-14 04:02:58.942 W/ActivityManager( 1626): 	at com.android.server.am.ActivityRecord.forTokenLocked(ActivityRecord.java:778)
12-14 04:02:58.942 W/ActivityManager( 1626): 	at com.android.server.am.ActivityRecord.isInStackLocked(ActivityRecord.java:2085)
12-14 04:02:58.942 W/ActivityManager( 1626): 	at com.android.server.am.ActivityRecord.getStackLocked(ActivityRecord.java:2090)
12-14 04:02:58.942 W/ActivityManager( 1626): 	at com.android.server.am.ActivityManagerService.getActivityDisplayId(ActivityManagerService.java:10406)
12-14 04:02:58.942 W/ActivityManager( 1626): 	at android.app.IActivityManager$Stub.onTransact(IActivityManager.java:2738)
12-14 04:02:58.942 W/ActivityManager( 1626): 	at com.android.server.am.ActivityManagerService.onTransact(ActivityManagerService.java:2935)
12-14 04:02:58.942 W/ActivityManager( 1626): 	at android.os.Binder.execTransact(Binder.java:674)
12-14 04:02:58.943 I/calabash( 4533): newActivity1
12-14 04:02:58.947 W/ActivityManager( 1626): Bad activity token: android.os.BinderProxy@1452b33
12-14 04:02:58.947 W/ActivityManager( 1626): java.lang.ClassCastException: android.os.BinderProxy cannot be cast to com.android.server.am.ActivityRecord$Token
12-14 04:02:58.947 W/ActivityManager( 1626): 	at com.android.server.am.ActivityRecord.forTokenLocked(ActivityRecord.java:778)
12-14 04:02:58.947 W/ActivityManager( 1626): 	at com.android.server.am.ActivityRecord.isInStackLocked(ActivityRecord.java:2085)
12-14 04:02:58.947 W/ActivityManager( 1626): 	at com.android.server.am.ActivityManagerService.setTaskDescription(ActivityManagerService.java:9988)
12-14 04:02:58.947 W/ActivityManager( 1626): 	at android.app.IActivityManager$Stub.onTransact(IActivityManager.java:2824)
12-14 04:02:58.947 W/ActivityManager( 1626): 	at com.android.server.am.ActivityManagerService.onTransact(ActivityManagerService.java:2935)
12-14 04:02:58.947 W/ActivityManager( 1626): 	at android.os.Binder.execTransact(Binder.java:674)
12-14 04:02:58.948 W/ActivityManager( 1626): Bad activity token: android.os.BinderProxy@1452b33
12-14 04:02:58.948 W/ActivityManager( 1626): java.lang.ClassCastException: android.os.BinderProxy cannot be cast to com.android.server.am.ActivityRecord$Token
12-14 04:02:58.948 W/ActivityManager( 1626): 	at com.android.server.am.ActivityRecord.forTokenLocked(ActivityRecord.java:778)
12-14 04:02:58.948 W/ActivityManager( 1626): 	at com.android.server.am.ActivityRecord.isInStackLocked(ActivityRecord.java:2085)
12-14 04:02:58.948 W/ActivityManager( 1626): 	at com.android.server.am.ActivityRecord.getStackLocked(ActivityRecord.java:2090)
12-14 04:02:58.948 W/ActivityManager( 1626): 	at com.android.server.am.ActivityManagerService.getActivityStackId(ActivityManagerService.java:10417)
12-14 04:02:58.948 W/ActivityManager( 1626): 	at android.app.IActivityManager$Stub.onTransact(IActivityManager.java:3548)
12-14 04:02:58.948 W/ActivityManager( 1626): 	at com.android.server.am.ActivityManagerService.onTransact(ActivityManagerService.java:2935)
12-14 04:02:58.948 W/ActivityManager( 1626): 	at android.os.Binder.execTransact(Binder.java:674)
12-14 04:02:58.975 D/VehicleStatisticsActivity( 4533): Checking recalculation ...
12-14 04:02:58.979 D/VehicleStatisticsActivity( 4533): Recalculation not necessary.
12-14 04:02:58.992 W/ActivityManager( 1626): Bad activity token: android.os.BinderProxy@1452b33
12-14 04:02:58.992 W/ActivityManager( 1626): java.lang.ClassCastException: android.os.BinderProxy cannot be cast to com.android.server.am.ActivityRecord$Token
12-14 04:02:58.992 W/ActivityManager( 1626): 	at com.android.server.am.ActivityRecord.forTokenLocked(ActivityRecord.java:778)
12-14 04:02:58.992 W/ActivityManager( 1626): 	at com.android.server.am.ActivityRecord.isInStackLocked(ActivityRecord.java:2085)
12-14 04:02:58.992 W/ActivityManager( 1626): 	at com.android.server.am.ActivityManagerService.getActivityOptions(ActivityManagerService.java:13302)
12-14 04:02:58.992 W/ActivityManager( 1626): 	at android.app.IActivityManager$Stub.onTransact(IActivityManager.java:2910)
12-14 04:02:58.992 W/ActivityManager( 1626): 	at com.android.server.am.ActivityManagerService.onTransact(ActivityManagerService.java:2935)
12-14 04:02:58.992 W/ActivityManager( 1626): 	at android.os.Binder.execTransact(Binder.java:674)
12-14 04:02:58.992 W/ActivityManager( 1626): Bad activity token: android.os.BinderProxy@1452b33
12-14 04:02:58.992 W/ActivityManager( 1626): java.lang.ClassCastException: android.os.BinderProxy cannot be cast to com.android.server.am.ActivityRecord$Token
12-14 04:02:58.992 W/ActivityManager( 1626): 	at com.android.server.am.ActivityRecord.forTokenLocked(ActivityRecord.java:778)
12-14 04:02:58.992 W/ActivityManager( 1626): 	at com.android.server.am.ActivityRecord.isInStackLocked(ActivityRecord.java:2085)
12-14 04:02:58.992 W/ActivityManager( 1626): 	at com.android.server.am.ActivityManagerService.getActivityOptions(ActivityManagerService.java:13302)
12-14 04:02:58.992 W/ActivityManager( 1626): 	at android.app.IActivityManager$Stub.onTransact(IActivityManager.java:2910)
12-14 04:02:58.992 W/ActivityManager( 1626): 	at com.android.server.am.ActivityManagerService.onTransact(ActivityManagerService.java:2935)
12-14 04:02:58.992 W/ActivityManager( 1626): 	at android.os.Binder.execTransact(Binder.java:674)
12-14 04:02:59.000 D/VehicleStatisticsActivity( 4533): Checking recalculation ...
12-14 04:02:59.003 D/VehicleStatisticsActivity( 4533): Recalculation not necessary.
12-14 04:02:59.105 I/zygote  ( 4533): Do full code cache collection, code=449KB, data=314KB
12-14 04:02:59.106 I/zygote  ( 4533): After code cache collection, code=434KB, data=254KB
12-14 04:02:59.226 E/SurfaceFlinger( 1408): ro.sf.lcd_density must be defined as a build property
12-14 04:02:59.243 D/gralloc_ranchu( 1396): gralloc_alloc: Creating ashmem region of size 8298496
12-14 04:02:59.254 D/        ( 4653): HostConnection::get() New Host Connection established 0xa7c2f800, tid 4653
12-14 04:02:59.698 I/System.out( 4533): URI: //gesture
12-14 04:02:59.698 I/System.out( 4533): params: {json={"query_timeout":5.0,"gestures":[{"query_string":"android.widget.TabWidget descendant TextView index:0","touches":[{"x":50,"y":50,"offset_x":0,"offset_y":0,"wait":0.0,"time":0.2,"release":true,"query_string":null}]}]}
12-14 04:02:59.698 I/System.out( 4533): }
12-14 04:02:59.974 E/memtrack( 1626): Couldn't load memtrack module
12-14 04:02:59.974 W/android.os.Debug( 1626): failed to get memory consumption info: -1
12-14 04:03:00.073 W/View    ( 4533): dispatchProvideAutofillStructure(): not laid out, ignoring
12-14 04:03:00.082 I/chatty  ( 4533): uid=10446(u0_a446) com.evancharlton.mileage identical 3 lines
12-14 04:03:00.082 W/View    ( 4533): dispatchProvideAutofillStructure(): not laid out, ignoring
12-14 04:03:00.083 W/Binder  ( 1626): Outgoing transactions from this process must be FLAG_ONEWAY
12-14 04:03:00.083 W/Binder  ( 1626): java.lang.Throwable
12-14 04:03:00.083 W/Binder  ( 1626): 	at android.os.BinderProxy.transact(Binder.java:736)
12-14 04:03:00.083 W/Binder  ( 1626): 	at android.app.assist.AssistStructure$ParcelTransferReader.fetchData(AssistStructure.java:407)
12-14 04:03:00.083 W/Binder  ( 1626): 	at android.app.assist.AssistStructure$ParcelTransferReader.go(AssistStructure.java:343)
12-14 04:03:00.083 W/Binder  ( 1626): 	at android.app.assist.AssistStructure.ensureData(AssistStructure.java:2096)
12-14 04:03:00.083 W/Binder  ( 1626): 	at com.android.server.autofill.Session$1.send(Session.java:200)
12-14 04:03:00.083 W/Binder  ( 1626): 	at com.android.server.am.ActivityManagerService.reportAssistContextExtras(ActivityManagerService.java:13137)
12-14 04:03:00.083 W/Binder  ( 1626): 	at android.app.IActivityManager$Stub.onTransact(IActivityManager.java:2466)
12-14 04:03:00.083 W/Binder  ( 1626): 	at com.android.server.am.ActivityManagerService.onTransact(ActivityManagerService.java:2935)
12-14 04:03:00.083 W/Binder  ( 1626): 	at android.os.Binder.execTransact(Binder.java:674)
12-14 04:03:00.092 I/AssistStructure( 4533): Flattened final assist data: 10960 bytes, containing 1 windows, 49 views
12-14 04:03:00.107 I/AssistStructure( 1626): Flattened final assist data: 9988 bytes, containing 1 windows, 49 views
12-14 04:03:00.110 W/lgq     ( 1942): Pending fill request while another request in the same session was triggered. [CONTEXT service_id=177 ]
12-14 04:03:00.242 E/SurfaceFlinger( 1408): ro.sf.lcd_density must be defined as a build property
12-14 04:03:00.252 D/gralloc_ranchu( 1396): gralloc_alloc: Creating ashmem region of size 8298496
12-14 04:03:00.264 D/        ( 4659): HostConnection::get() New Host Connection established 0xa9daf800, tid 4659
