--------- beginning of main
12-14 04:02:28.149 D/AndroidRuntime( 4153): >>>>>> START com.android.internal.os.RuntimeInit uid 2000 <<<<<<
12-14 04:02:28.182 W/app_process( 4153): Unexpected CPU variant for X86 using defaults: x86
12-14 04:02:28.197 D/AndroidRuntime( 4153): Calling main entry com.android.commands.am.Am
12-14 04:02:28.212 I/zygote  ( 4163): Not late-enabling -Xcheck:jni (already on)
12-14 04:02:28.219 W/zygote  ( 4163): Unexpected CPU variant for X86 using defaults: x86
12-14 04:02:28.221 D/AndroidRuntime( 4153): Shutting down VM
12-14 04:02:28.223 E/memtrack( 1626): Couldn't load memtrack module
12-14 04:02:28.223 W/android.os.Debug( 1626): failed to get memory consumption info: -1
12-14 04:02:28.242 W/zygote  ( 4163): Found duplicate classes, falling back to extracting from APK : /data/app/com.evancharlton.mileage.test-w3kp-sSXzXynqSZiU5Cpzg==/base.apk
12-14 04:02:28.242 W/zygote  ( 4163): NOTE: This wastes RAM and hurts startup performance.
12-14 04:02:28.242 W/zygote  ( 4163): Found duplicated class when checking oat files: 'Ljunit/runner/BaseTestRunner;' in /data/app/com.evancharlton.mileage.test-w3kp-sSXzXynqSZiU5Cpzg==/base.apk and /system/framework/android.test.runner.jar
12-14 04:02:28.242 W/zygote  ( 4163): 
12-14 04:02:28.247 E/memtrack( 1626): Couldn't load memtrack module
12-14 04:02:28.247 W/android.os.Debug( 1626): failed to get memory consumption info: -1
12-14 04:02:28.252 E/adbd    ( 1382): failed to connect to socket 'tcp:7102': Connection refused
12-14 04:02:28.259 E/adbd    ( 1382): failed to connect to socket 'tcp:7102': Connection refused
12-14 04:02:28.262 E/memtrack( 1626): Couldn't load memtrack module
12-14 04:02:28.262 W/android.os.Debug( 1626): failed to get memory consumption info: -1
12-14 04:02:28.278 W/System  ( 4163): ClassLoader referenced unknown path: 
12-14 04:02:28.290 I/System.out( 4163): Main activity name automatically set to: com.evancharlton.mileage.Mileage
12-14 04:02:28.291 I/System.out( 4163): Calabash did not load Mono. This is only a problem if you are trying to test a Mono application
12-14 04:02:28.291 I/calabash( 4163): Test server port: 7102
12-14 04:02:28.292 I/InstrumentationBackend( 4163): Added:'GetPreferences', with key:'get_preferences'
12-14 04:02:28.353 I/InstrumentationBackend( 4163): Added:'SetPreferences', with key:'set_preferences'
12-14 04:02:28.353 I/InstrumentationBackend( 4163): Added:'ClearPreferences', with key:'clear_preferences'
12-14 04:02:28.354 I/InstrumentationBackend( 4163): Added:'PressElement', with key:'press_l10n_element'
12-14 04:02:28.354 I/InstrumentationBackend( 4163): Added:'WaitForElement', with key:'wait_for_l10n_element'
12-14 04:02:28.354 I/InstrumentationBackend( 4163): Added:'NullAction', with key:'nullAction'
12-14 04:02:28.355 I/InstrumentationBackend( 4163): Added:'PressKey', with key:'press_key'
12-14 04:02:28.355 I/InstrumentationBackend( 4163): Added:'SetActivityOrientation', with key:'set_activity_orientation'
12-14 04:02:28.355 I/InstrumentationBackend( 4163): Added:'GetActivityOrientation', with key:'get_activity_orientation'
12-14 04:02:28.356 I/InstrumentationBackend( 4163): Added:'FakeGPSLocation', with key:'set_gps_coordinates'
12-14 04:02:28.356 I/InstrumentationBackend( 4163): Added:'SetPropertyByCssSelector', with key:'set_property_by_css_selector'
12-14 04:02:28.358 I/InstrumentationBackend( 4163): Added:'GetUrl', with key:'get_url'
12-14 04:02:28.360 I/InstrumentationBackend( 4163): Added:'ScrollTo', with key:'scroll_to'
12-14 04:02:28.360 I/InstrumentationBackend( 4163): Added:'GetLoadProgress', with key:'get_load_progress'
12-14 04:02:28.361 I/InstrumentationBackend( 4163): Added:'DumpHtml', with key:'dump_html'
12-14 04:02:28.361 I/InstrumentationBackend( 4163): Added:'DumpBodyHtml', with key:'dump_body_html'
12-14 04:02:28.362 I/InstrumentationBackend( 4163): Added:'EnterTextByCssSelector', with key:'enter_text_by_selector'
12-14 04:02:28.366 I/InstrumentationBackend( 4163): Added:'AndroidSDKVersion', with key:'android_sdk_version'
12-14 04:02:28.367 I/InstrumentationBackend( 4163): Added:'Version', with key:'version'
12-14 04:02:28.367 I/InstrumentationBackend( 4163): Added:'Drag', with key:'drag'
12-14 04:02:28.367 I/InstrumentationBackend( 4163): Added:'TouchCoordinates', with key:'touch_coordinate'
12-14 04:02:28.367 I/InstrumentationBackend( 4163): Added:'LongPressCoordinate', with key:'long_press_coordinate'
12-14 04:02:28.368 I/InstrumentationBackend( 4163): Added:'DragCoordinates', with key:'drag_coordinates'
12-14 04:02:28.368 I/InstrumentationBackend( 4163): Added:'ResumeApplication', with key:'resume_application'
12-14 04:02:28.369 I/InstrumentationBackend( 4163): Added:'Swipe', with key:'swipe'
12-14 04:02:28.369 I/InstrumentationBackend( 4163): Added:'DoubleTapCoordinate', with key:'double_tap_coordinate'
12-14 04:02:28.369 I/InstrumentationBackend( 4163): Added:'ClickOnScreen', with key:'click_on_screen'
12-14 04:02:28.371 I/InstrumentationBackend( 4163): Added:'GetActivityName', with key:'get_activity_name'
12-14 04:02:28.372 E/adbd    ( 1382): failed to connect to socket 'tcp:7102': Connection refused
12-14 04:02:28.373 I/InstrumentationBackend( 4163): Added:'ScrollToView', with key:'scroll_to_view'
12-14 04:02:28.374 I/InstrumentationBackend( 4163): Added:'ViewConfiguration', with key:'view_configuration'
12-14 04:02:28.374 I/InstrumentationBackend( 4163): Added:'IsCurrentActivityFocused', with key:'is_current_activity_focused'
12-14 04:02:28.375 E/adbd    ( 1382): failed to connect to socket 'tcp:7102': Connection refused
12-14 04:02:28.376 I/InstrumentationBackend( 4163): Added:'SendTcp', with key:'send_tcp'
12-14 04:02:28.377 I/InstrumentationBackend( 4163): Added:'DpToDevicePixel', with key:'dp_to_device_pixel'
12-14 04:02:28.378 I/InstrumentationBackend( 4163): Added:'KeyboardEnterText', with key:'keyboard_enter_text'
12-14 04:02:28.378 I/InstrumentationBackend( 4163): Added:'DeleteSurroundingText', with key:'delete_surrounding_text'
12-14 04:02:28.378 I/InstrumentationBackend( 4163): Added:'SetComposingRegion', with key:'set_composing_region'
12-14 04:02:28.379 I/InstrumentationBackend( 4163): Added:'SetSelection', with key:'set_selection'
12-14 04:02:28.379 I/InstrumentationBackend( 4163): Added:'KeyboardKeyEvent', with key:'keyboard_key_event'
12-14 04:02:28.380 I/InstrumentationBackend( 4163): Added:'PressUserActionButton', with key:'press_user_action_button'
12-14 04:02:28.381 I/InstrumentationBackend( 4163): Added:'HideSoftKeyboard', with key:'hide_soft_keyboard'
12-14 04:02:28.382 I/InstrumentationBackend( 4163): Added:'ListActions', with key:'list_actions'
12-14 04:02:28.382 I/calabash( 4163): Instantiating http server at 7102
12-14 04:02:28.383 I/System.out( 4163): HTTP Daemon listening on: 7102
12-14 04:02:28.486 I/System.out( 4163): URI: //ping
12-14 04:02:28.486 I/System.out( 4163): params: {json={}
12-14 04:02:28.486 I/System.out( 4163): }
12-14 04:02:28.494 I/System.out( 4163): URI: //ping
12-14 04:02:28.494 I/System.out( 4163): params: {json={}
12-14 04:02:28.494 I/System.out( 4163): }
12-14 04:02:28.500 I/System.out( 4163): URI: //ready
12-14 04:02:28.500 I/System.out( 4163): params: {json={}
12-14 04:02:28.500 I/System.out( 4163): }
12-14 04:02:28.506 I/System.out( 4163): URI: //
12-14 04:02:28.506 I/System.out( 4163): params: {json={"command":"version","arguments":[]}
12-14 04:02:28.506 I/System.out( 4163): }
12-14 04:02:28.506 I/System.out( 4163): header: {content-type=application/json;charset=utf-8, date=Mon, 14 Dec 2020 09:02:28 GMT, accept=*/*, host=127.0.0.1:34777, content-length=36, user-agent=HTTPClient/1.0 (2.8.3, ruby 2.5.8 (2020-03-31))}
12-14 04:02:28.506 I/System.out( 4163): params: {json={"command":"version","arguments":[]}
12-14 04:02:28.506 I/System.out( 4163): }
12-14 04:02:28.506 I/System.out( 4163): ProP json = {"command":"version","arguments":[]}
12-14 04:02:28.506 I/System.out( 4163): files: {}
12-14 04:02:28.506 I/System.out( 4163): command: {"command":"version","arguments":[]}
12-14 04:02:28.535 I/InstrumentationBackend( 4163): Got command:'Command:'Line:null,version', arguments:'[]'
12-14 04:02:28.572 I/System.out( 4163): result:{"bonusInformation":[],"message":"0.9.8","success":true}
12-14 04:02:28.578 I/System.out( 4163): URI: //start-application
12-14 04:02:28.578 I/System.out( 4163): params: {json={"intent":null}
12-14 04:02:28.578 I/System.out( 4163): }
12-14 04:02:28.630 I/calabash( 4163): newActivity1
12-14 04:02:28.653 I/calabash( 4163): newActivity1
12-14 04:02:28.653 D/gralloc_ranchu( 1396): gralloc_alloc: Creating ashmem region of size 7753728
12-14 04:02:28.737 D/EGL_emulation( 2143): eglMakeCurrent: 0x9d57cba0: ver 3 0 (tinfo 0x9d57f7f0)
12-14 04:02:28.747 V/StatusBar( 1726): setLightsOn(true)
12-14 04:02:28.762 D/EGL_emulation( 1726): eglMakeCurrent: 0x8c2383a0: ver 3 0 (tinfo 0x8c248b50)
12-14 04:02:28.763 V/StatusBar( 1726): setLightsOn(true)
12-14 04:02:28.767 D/EGL_emulation( 2173): eglMakeCurrent: 0x9d57dc80: ver 3 0 (tinfo 0x9d57f550)
12-14 04:02:28.771 D/EGL_emulation( 1726): eglMakeCurrent: 0x8c2383a0: ver 3 0 (tinfo 0x8c248b50)
12-14 04:02:28.792 I/chatty  ( 1726): uid=10028(u0_a28) RenderThread identical 2 lines
12-14 04:02:28.797 D/EGL_emulation( 1726): eglMakeCurrent: 0x8c2383a0: ver 3 0 (tinfo 0x8c248b50)
12-14 04:02:28.798 V/StatusBar( 1726): setLightsOn(true)
12-14 04:02:28.812 D/EGL_emulation( 1726): eglMakeCurrent: 0x8c2383a0: ver 3 0 (tinfo 0x8c248b50)
12-14 04:02:28.829 I/chatty  ( 1726): uid=10028(u0_a28) RenderThread identical 2 lines
12-14 04:02:28.833 D/EGL_emulation( 1726): eglMakeCurrent: 0x8c2383a0: ver 3 0 (tinfo 0x8c248b50)
12-14 04:02:28.837 E/ContentStoreEUAS( 2173): Failed to commit the deferred actions
12-14 04:02:28.845 D/EGL_emulation( 1726): eglMakeCurrent: 0x8c2383a0: ver 3 0 (tinfo 0x8c248b50)
12-14 04:02:28.882 I/chatty  ( 1726): uid=10028(u0_a28) RenderThread identical 4 lines
12-14 04:02:28.894 D/EGL_emulation( 1726): eglMakeCurrent: 0x8c2383a0: ver 3 0 (tinfo 0x8c248b50)
12-14 04:02:28.895 V/StatusBar( 1726): setLightsOn(true)
12-14 04:02:28.896 D/EGL_emulation( 1726): eglMakeCurrent: 0x8c2383a0: ver 3 0 (tinfo 0x8c248b50)
12-14 04:02:28.911 D/EGL_emulation( 1726): eglMakeCurrent: 0x8c2383a0: ver 3 0 (tinfo 0x8c248b50)
12-14 04:02:28.912 I/zygote  ( 4163): Do partial code cache collection, code=27KB, data=29KB
12-14 04:02:28.916 D/EGL_emulation( 1726): eglMakeCurrent: 0x8c2383a0: ver 3 0 (tinfo 0x8c248b50)
12-14 04:02:28.926 D/EGL_emulation( 1726): eglMakeCurrent: 0x8c2383a0: ver 3 0 (tinfo 0x8c248b50)
12-14 04:02:28.928 I/zygote  ( 4163): After code cache collection, code=27KB, data=29KB
12-14 04:02:28.928 I/zygote  ( 4163): Increasing code cache capacity to 128KB
12-14 04:02:28.929 D/EGL_emulation( 1726): eglMakeCurrent: 0x8c2383a0: ver 3 0 (tinfo 0x8c248b50)
12-14 04:02:28.929 I/zygote  ( 4163): Do partial code cache collection, code=27KB, data=46KB
12-14 04:02:28.929 I/zygote  ( 4163): After code cache collection, code=27KB, data=46KB
12-14 04:02:28.929 I/zygote  ( 4163): Increasing code cache capacity to 256KB
12-14 04:02:28.929 I/zygote  ( 4163): JIT allocated 71KB for compiled code of void android.widget.TextView.<init>(android.content.Context, android.util.AttributeSet, int, int)
12-14 04:02:28.930 I/zygote  ( 4163): Compiler allocated 4MB to compile void android.widget.TextView.<init>(android.content.Context, android.util.AttributeSet, int, int)
12-14 04:02:28.949 D/EGL_emulation( 1726): eglMakeCurrent: 0x8c2383a0: ver 3 0 (tinfo 0x8c248b50)
12-14 04:02:28.964 I/chatty  ( 1726): uid=10028(u0_a28) RenderThread identical 2 lines
12-14 04:02:28.966 D/EGL_emulation( 1726): eglMakeCurrent: 0x8c2383a0: ver 3 0 (tinfo 0x8c248b50)
12-14 04:02:28.967 V/StatusBar( 1726): setLightsOn(true)
12-14 04:02:28.978 V/StatusBar( 1726): setLightsOn(true)
12-14 04:02:28.994 D/EGL_emulation( 1726): eglMakeCurrent: 0x8c2383a0: ver 3 0 (tinfo 0x8c248b50)
12-14 04:02:28.998 D/EGL_emulation( 1726): eglMakeCurrent: 0x8c2383a0: ver 3 0 (tinfo 0x8c248b50)
12-14 04:02:29.020 D/gralloc_ranchu( 1396): gralloc_alloc: Creating ashmem region of size 7753728
12-14 04:02:29.046 D/        ( 4163): HostConnection::get() New Host Connection established 0x9d1afe40, tid 4163
12-14 04:02:29.096 V/StatusBar( 1726): setLightsOn(true)
12-14 04:02:29.099 V/StatusBar( 1726): setLightsOn(true)
12-14 04:02:29.102 I/ActivityManager( 1626): Displayed com.evancharlton.mileage/.Mileage: +475ms
12-14 04:02:29.125 V/StatusBar( 1726): setLightsOn(true)
12-14 04:02:29.136 D/gralloc_ranchu( 1396): gralloc_alloc: Creating ashmem region of size 7753728
12-14 04:02:29.206 V/StatusBar( 1726): setLightsOn(true)
12-14 04:02:29.295 V/StatusBar( 1726): setLightsOn(true)
12-14 04:02:29.302 I/zygote  ( 4163): Do full code cache collection, code=125KB, data=72KB
12-14 04:02:29.303 I/zygote  ( 4163): After code cache collection, code=110KB, data=45KB
12-14 04:02:29.330 V/StatusBar( 1726): setLightsOn(true)
12-14 04:02:29.441 I/System.out( 4163): URI: //kill
12-14 04:02:29.441 I/System.out( 4163): params: {json={}
12-14 04:02:29.441 I/System.out( 4163): }
12-14 04:02:29.441 I/System.out( 4163): Stopping test server
12-14 04:02:29.446 E/adbd    ( 1382): failed to connect to socket 'tcp:7102': Connection refused
12-14 04:02:29.448 E/adbd    ( 1382): failed to connect to socket 'tcp:7102': Connection refused
12-14 04:02:29.455 V/StatusBar( 1726): setLightsOn(true)
12-14 04:02:29.455 I/chatty  ( 1726): uid=10028(u0_a28) com.android.systemui identical 1 line
12-14 04:02:29.473 V/StatusBar( 1726): setLightsOn(true)
12-14 04:02:29.485 W/SurfaceFlinger( 1408): couldn't log to binary event log: overflow.
12-14 04:02:29.510 V/StatusBar( 1726): setLightsOn(true)
12-14 04:02:29.525 I/chatty  ( 1726): uid=10028(u0_a28) com.android.systemui identical 2 lines
12-14 04:02:29.530 V/StatusBar( 1726): setLightsOn(true)
12-14 04:02:29.534 D/gralloc_ranchu( 1396): gralloc_alloc: Creating ashmem region of size 8298496
12-14 04:02:29.605 I/chatty  ( 1396): uid=1000(system) allocator@2.0-s identical 1 line
12-14 04:02:29.660 D/gralloc_ranchu( 1396): gralloc_alloc: Creating ashmem region of size 8298496
12-14 04:02:29.737 D/SurfaceFlinger( 1408): duplicate layer name: changing com.google.android.apps.nexuslauncher/com.google.android.apps.nexuslauncher.NexusLauncherActivity to com.google.android.apps.nexuslauncher/com.google.android.apps.nexuslauncher.NexusLauncherActivity#1
12-14 04:02:29.752 D/gralloc_ranchu( 1396): gralloc_alloc: Creating ashmem region of size 8298496
12-14 04:02:29.771 D/EGL_emulation( 2173): eglMakeCurrent: 0x9d57dc80: ver 3 0 (tinfo 0x9d57f550)
12-14 04:02:29.779 D/EGL_emulation( 1726): eglMakeCurrent: 0x8c2383a0: ver 3 0 (tinfo 0x8c248b50)
12-14 04:02:29.782 D/gralloc_ranchu( 1396): gralloc_alloc: Creating ashmem region of size 8298496
12-14 04:02:29.795 D/gralloc_ranchu( 1396): gralloc_alloc: Creating ashmem region of size 8298496
12-14 04:02:29.801 I/MicroDetectionWorker( 2173): #updateMicroDetector [detectionMode: [mDetectionMode: [1]]]
12-14 04:02:29.801 I/MicroDetectionWorker( 2173): #startMicroDetector [speakerMode: 0]
12-14 04:02:29.802 I/AudioController( 2173): Using mInputStreamFactoryBuilder
12-14 04:02:29.811 I/MicroDetectionWorker( 2173): onReady
12-14 04:02:29.809 I/MicroRecognitionRunner( 2173): Starting detection.
12-14 04:02:29.820 I/MicrophoneInputStream( 2173): mic_starting com.google.android.apps.gsa.staticplugins.aa.c@50a66b0
12-14 04:02:29.824 I/AudioFlinger( 1477): AudioFlinger's thread 0xadf83500 tid=4214 ready to run
12-14 04:02:29.835 I/MicrophoneInputStream( 2173): mic_started com.google.android.apps.gsa.staticplugins.aa.c@50a66b0
12-14 04:02:29.839 I/MicroDetectionWorker( 2173): onReady
12-14 04:02:29.843 I/MicrophoneInputStream( 2173): mic_close com.google.android.apps.gsa.staticplugins.aa.c@50a66b0
12-14 04:02:29.844 I/MicroRecognitionRunner( 2173): Detection finished
12-14 04:02:29.844 W/ErrorReporter( 2173): reportError [type: 211, code: 524300]: Error reading from input stream
12-14 04:02:29.844 D/EGL_emulation( 2143): eglMakeCurrent: 0x9d57cba0: ver 3 0 (tinfo 0x9d57f7f0)
12-14 04:02:29.845 I/MicroRecognitionRunner( 2173): Stopping hotword detection.
12-14 04:02:29.845 W/ErrorProcessor( 2173): onFatalError, processing error from engine(4)
12-14 04:02:29.845 W/ErrorProcessor( 2173): com.google.android.apps.gsa.shared.speech.b.g: Error reading from input stream
12-14 04:02:29.845 W/ErrorProcessor( 2173): 	at com.google.android.apps.gsa.staticplugins.recognizer.j.a.a(SourceFile:28)
12-14 04:02:29.845 W/ErrorProcessor( 2173): 	at com.google.android.apps.gsa.staticplugins.recognizer.j.b.run(SourceFile:15)
12-14 04:02:29.845 W/ErrorProcessor( 2173): 	at java.util.concurrent.Executors$RunnableAdapter.call(Executors.java:457)
12-14 04:02:29.845 W/ErrorProcessor( 2173): 	at java.util.concurrent.FutureTask.run(FutureTask.java:266)
12-14 04:02:29.845 W/ErrorProcessor( 2173): 	at com.google.android.apps.gsa.shared.util.concurrent.a.ax.run(SourceFile:14)
12-14 04:02:29.845 W/ErrorProcessor( 2173): 	at com.google.android.apps.gsa.shared.util.concurrent.a.bl.run(SourceFile:4)
12-14 04:02:29.845 W/ErrorProcessor( 2173): 	at com.google.android.apps.gsa.shared.util.concurrent.a.bl.run(SourceFile:4)
12-14 04:02:29.845 W/ErrorProcessor( 2173): 	at java.util.concurrent.ThreadPoolExecutor.runWorker(ThreadPoolExecutor.java:1162)
12-14 04:02:29.845 W/ErrorProcessor( 2173): 	at java.util.concurrent.ThreadPoolExecutor$Worker.run(ThreadPoolExecutor.java:636)
12-14 04:02:29.845 W/ErrorProcessor( 2173): 	at java.lang.Thread.run(Thread.java:764)
12-14 04:02:29.845 W/ErrorProcessor( 2173): 	at com.google.android.apps.gsa.shared.util.concurrent.a.ai.run(SourceFile:6)
12-14 04:02:29.845 W/ErrorProcessor( 2173): Caused by: com.google.android.apps.gsa.shared.exception.GsaIOException: Error code: 393238 | Buffer overflow, no available space.
12-14 04:02:29.845 W/ErrorProcessor( 2173): 	at com.google.android.apps.gsa.speech.audio.Tee.f(SourceFile:103)
12-14 04:02:29.845 W/ErrorProcessor( 2173): 	at com.google.android.apps.gsa.speech.audio.au.read(SourceFile:2)
12-14 04:02:29.845 W/ErrorProcessor( 2173): 	at java.io.InputStream.read(InputStream.java:101)
12-14 04:02:29.845 W/ErrorProcessor( 2173): 	at com.google.android.apps.gsa.speech.audio.ao.run(SourceFile:18)
12-14 04:02:29.845 W/ErrorProcessor( 2173): 	at com.google.android.apps.gsa.speech.audio.an.run(SourceFile:2)
12-14 04:02:29.845 W/ErrorProcessor( 2173): 	... 9 more
12-14 04:02:29.845 I/AudioController( 2173): internalShutdown
12-14 04:02:29.849 I/MicroDetector( 2173): Keeping mic open: false
12-14 04:02:29.849 I/MicroDetectionWorker( 2173): #onError(false)
12-14 04:02:29.849 I/DeviceStateChecker( 2173): DeviceStateChecker cancelled
12-14 04:02:29.886 D/gralloc_ranchu( 1396): gralloc_alloc: Creating ashmem region of size 7753728
12-14 04:02:29.910 D/        ( 1726): HostConnection::get() New Host Connection established 0x8b338200, tid 1986
12-14 04:02:29.920 D/EGL_emulation( 1726): eglMakeCurrent: 0x8c2383a0: ver 3 0 (tinfo 0x8c248b50)
12-14 04:02:30.130 I/chatty  ( 1726): uid=10028(u0_a28) RenderThread identical 19 lines
12-14 04:02:30.148 D/EGL_emulation( 1726): eglMakeCurrent: 0x8c2383a0: ver 3 0 (tinfo 0x8c248b50)
12-14 04:02:30.337 W/OpenGLRenderer( 2143): Incorrectly called buildLayer on View: ShortcutAndWidgetContainer, destroying layer...
12-14 04:02:30.403 I/OpenGLRenderer( 1626): Initialized EGL, version 1.4
12-14 04:02:30.403 D/OpenGLRenderer( 1626): Swap behavior 1
12-14 04:02:30.403 W/OpenGLRenderer( 1626): Failed to choose config with EGL_SWAP_BEHAVIOR_PRESERVED, retrying without...
12-14 04:02:30.403 D/OpenGLRenderer( 1626): Swap behavior 0
12-14 04:02:30.432 D/EGL_emulation( 1626): eglCreateContext: 0x9faafbe0: maj 3 min 0 rcv 3
12-14 04:02:30.435 D/EGL_emulation( 1626): eglMakeCurrent: 0x9faafbe0: ver 3 0 (tinfo 0x8c3f8410)
12-14 04:02:30.436 E/eglCodecCommon( 1626): glUtilsParamSize: unknow param 0x00008cdf
12-14 04:02:30.437 E/eglCodecCommon( 1626): glUtilsParamSize: unknow param 0x00008cdf
12-14 04:02:30.437 E/eglCodecCommon( 1626): glUtilsParamSize: unknow param 0x00008824
12-14 04:02:30.437 E/eglCodecCommon( 1626): glUtilsParamSize: unknow param 0x00008824
--------- beginning of system
12-14 04:02:32.659 E/TaskPersister( 1626): File error accessing recents directory (directory doesn't exist?).
12-14 04:02:32.755 D/AndroidRuntime( 4218): >>>>>> START com.android.internal.os.RuntimeInit uid 2000 <<<<<<
12-14 04:02:32.788 W/app_process( 4218): Unexpected CPU variant for X86 using defaults: x86
12-14 04:02:32.802 D/AndroidRuntime( 4218): Calling main entry com.android.commands.am.Am
12-14 04:02:32.804 I/ActivityManager( 1626): Force stopping com.evancharlton.mileage appid=10446 user=0: start instr
12-14 04:02:32.804 I/ActivityManager( 1626): Killing 4163:com.evancharlton.mileage/u0a446 (adj 0): stop com.evancharlton.mileage
12-14 04:02:32.808 W/ActivityManager( 1626): Crash of app com.evancharlton.mileage running instrumentation ComponentInfo{com.evancharlton.mileage.test/sh.calaba.instrumentationbackend.CalabashInstrumentationTestRunner}
12-14 04:02:32.808 I/ActivityManager( 1626): Force stopping com.evancharlton.mileage appid=10446 user=0: finished inst
12-14 04:02:32.813 I/zygote  ( 4228): Not late-enabling -Xcheck:jni (already on)
12-14 04:02:32.821 I/ActivityManager( 1626): Start proc 4228:com.evancharlton.mileage/u0a446 for added application com.evancharlton.mileage
12-14 04:02:32.821 W/ActivityManager( 1626): setHasOverlayUi called on unknown pid: 4163
12-14 04:02:32.821 E/memtrack( 1626): Couldn't load memtrack module
12-14 04:02:32.821 W/android.os.Debug( 1626): failed to get memory consumption info: -1
12-14 04:02:32.822 D/AndroidRuntime( 4218): Shutting down VM
12-14 04:02:32.832 E/memtrack( 1626): Couldn't load memtrack module
12-14 04:02:32.832 W/android.os.Debug( 1626): failed to get memory consumption info: -1
12-14 04:02:32.833 W/zygote  ( 4228): Unexpected CPU variant for X86 using defaults: x86
12-14 04:02:32.843 E/adbd    ( 1382): failed to connect to socket 'tcp:7102': Connection refused
12-14 04:02:32.847 E/memtrack( 1626): Couldn't load memtrack module
12-14 04:02:32.847 W/android.os.Debug( 1626): failed to get memory consumption info: -1
12-14 04:02:32.848 E/adbd    ( 1382): failed to connect to socket 'tcp:7102': Connection refused
12-14 04:02:32.858 W/zygote  ( 4228): Found duplicate classes, falling back to extracting from APK : /data/app/com.evancharlton.mileage.test-w3kp-sSXzXynqSZiU5Cpzg==/base.apk
12-14 04:02:32.859 W/zygote  ( 4228): NOTE: This wastes RAM and hurts startup performance.
12-14 04:02:32.859 W/zygote  ( 4228): Found duplicated class when checking oat files: 'Ljunit/runner/BaseTestRunner;' in /data/app/com.evancharlton.mileage.test-w3kp-sSXzXynqSZiU5Cpzg==/base.apk and /system/framework/android.test.runner.jar
12-14 04:02:32.859 W/zygote  ( 4228): 
12-14 04:02:32.887 W/System  ( 4228): ClassLoader referenced unknown path: 
12-14 04:02:32.899 I/System.out( 4228): Main activity name automatically set to: com.evancharlton.mileage.Mileage
12-14 04:02:32.901 I/System.out( 4228): Calabash did not load Mono. This is only a problem if you are trying to test a Mono application
12-14 04:02:32.901 I/calabash( 4228): Test server port: 7102
12-14 04:02:32.902 I/InstrumentationBackend( 4228): Added:'GetPreferences', with key:'get_preferences'
12-14 04:02:32.953 E/adbd    ( 1382): failed to connect to socket 'tcp:7102': Connection refused
12-14 04:02:32.955 E/adbd    ( 1382): failed to connect to socket 'tcp:7102': Connection refused
12-14 04:02:32.964 I/InstrumentationBackend( 4228): Added:'SetPreferences', with key:'set_preferences'
12-14 04:02:32.964 I/InstrumentationBackend( 4228): Added:'ClearPreferences', with key:'clear_preferences'
12-14 04:02:32.964 I/InstrumentationBackend( 4228): Added:'PressElement', with key:'press_l10n_element'
12-14 04:02:32.964 I/InstrumentationBackend( 4228): Added:'WaitForElement', with key:'wait_for_l10n_element'
12-14 04:02:32.965 I/InstrumentationBackend( 4228): Added:'NullAction', with key:'nullAction'
12-14 04:02:32.965 I/InstrumentationBackend( 4228): Added:'PressKey', with key:'press_key'
12-14 04:02:32.966 I/InstrumentationBackend( 4228): Added:'SetActivityOrientation', with key:'set_activity_orientation'
12-14 04:02:32.966 I/InstrumentationBackend( 4228): Added:'GetActivityOrientation', with key:'get_activity_orientation'
12-14 04:02:32.967 I/InstrumentationBackend( 4228): Added:'FakeGPSLocation', with key:'set_gps_coordinates'
12-14 04:02:32.967 I/InstrumentationBackend( 4228): Added:'SetPropertyByCssSelector', with key:'set_property_by_css_selector'
12-14 04:02:32.968 I/InstrumentationBackend( 4228): Added:'GetUrl', with key:'get_url'
12-14 04:02:32.970 I/InstrumentationBackend( 4228): Added:'ScrollTo', with key:'scroll_to'
12-14 04:02:32.971 I/InstrumentationBackend( 4228): Added:'GetLoadProgress', with key:'get_load_progress'
12-14 04:02:32.971 I/InstrumentationBackend( 4228): Added:'DumpHtml', with key:'dump_html'
12-14 04:02:32.971 I/InstrumentationBackend( 4228): Added:'DumpBodyHtml', with key:'dump_body_html'
12-14 04:02:32.972 I/InstrumentationBackend( 4228): Added:'EnterTextByCssSelector', with key:'enter_text_by_selector'
12-14 04:02:32.976 I/InstrumentationBackend( 4228): Added:'AndroidSDKVersion', with key:'android_sdk_version'
12-14 04:02:32.976 I/InstrumentationBackend( 4228): Added:'Version', with key:'version'
12-14 04:02:32.977 I/InstrumentationBackend( 4228): Added:'Drag', with key:'drag'
12-14 04:02:32.977 I/InstrumentationBackend( 4228): Added:'TouchCoordinates', with key:'touch_coordinate'
12-14 04:02:32.978 I/InstrumentationBackend( 4228): Added:'LongPressCoordinate', with key:'long_press_coordinate'
12-14 04:02:32.978 I/InstrumentationBackend( 4228): Added:'DragCoordinates', with key:'drag_coordinates'
12-14 04:02:32.978 I/InstrumentationBackend( 4228): Added:'ResumeApplication', with key:'resume_application'
12-14 04:02:32.979 I/InstrumentationBackend( 4228): Added:'Swipe', with key:'swipe'
12-14 04:02:32.979 I/InstrumentationBackend( 4228): Added:'DoubleTapCoordinate', with key:'double_tap_coordinate'
12-14 04:02:32.979 I/InstrumentationBackend( 4228): Added:'ClickOnScreen', with key:'click_on_screen'
12-14 04:02:32.980 I/InstrumentationBackend( 4228): Added:'GetActivityName', with key:'get_activity_name'
12-14 04:02:32.980 I/InstrumentationBackend( 4228): Added:'ScrollToView', with key:'scroll_to_view'
12-14 04:02:32.981 I/InstrumentationBackend( 4228): Added:'ViewConfiguration', with key:'view_configuration'
12-14 04:02:32.981 I/InstrumentationBackend( 4228): Added:'IsCurrentActivityFocused', with key:'is_current_activity_focused'
12-14 04:02:32.981 I/InstrumentationBackend( 4228): Added:'SendTcp', with key:'send_tcp'
12-14 04:02:32.981 I/InstrumentationBackend( 4228): Added:'DpToDevicePixel', with key:'dp_to_device_pixel'
12-14 04:02:32.983 I/InstrumentationBackend( 4228): Added:'KeyboardEnterText', with key:'keyboard_enter_text'
12-14 04:02:32.984 I/InstrumentationBackend( 4228): Added:'DeleteSurroundingText', with key:'delete_surrounding_text'
12-14 04:02:32.984 I/InstrumentationBackend( 4228): Added:'SetComposingRegion', with key:'set_composing_region'
12-14 04:02:32.984 I/InstrumentationBackend( 4228): Added:'SetSelection', with key:'set_selection'
12-14 04:02:32.985 I/InstrumentationBackend( 4228): Added:'KeyboardKeyEvent', with key:'keyboard_key_event'
12-14 04:02:32.985 I/InstrumentationBackend( 4228): Added:'PressUserActionButton', with key:'press_user_action_button'
12-14 04:02:32.986 I/InstrumentationBackend( 4228): Added:'HideSoftKeyboard', with key:'hide_soft_keyboard'
12-14 04:02:32.987 I/InstrumentationBackend( 4228): Added:'ListActions', with key:'list_actions'
12-14 04:02:32.987 I/calabash( 4228): Instantiating http server at 7102
12-14 04:02:32.988 I/System.out( 4228): HTTP Daemon listening on: 7102
12-14 04:02:33.071 I/System.out( 4228): URI: //ping
12-14 04:02:33.071 I/System.out( 4228): params: {json={}
12-14 04:02:33.071 I/System.out( 4228): }
12-14 04:02:33.081 I/System.out( 4228): URI: //ping
12-14 04:02:33.081 I/System.out( 4228): params: {json={}
12-14 04:02:33.081 I/System.out( 4228): }
12-14 04:02:33.087 I/System.out( 4228): URI: //ready
12-14 04:02:33.087 I/System.out( 4228): params: {json={}
12-14 04:02:33.087 I/System.out( 4228): }
12-14 04:02:33.092 I/System.out( 4228): URI: //
12-14 04:02:33.093 I/System.out( 4228): params: {json={"command":"version","arguments":[]}
12-14 04:02:33.093 I/System.out( 4228): }
12-14 04:02:33.093 I/System.out( 4228): header: {content-type=application/json;charset=utf-8, date=Mon, 14 Dec 2020 09:02:33 GMT, accept=*/*, host=127.0.0.1:34777, content-length=36, user-agent=HTTPClient/1.0 (2.8.3, ruby 2.5.8 (2020-03-31))}
12-14 04:02:33.093 I/System.out( 4228): params: {json={"command":"version","arguments":[]}
12-14 04:02:33.093 I/System.out( 4228): }
12-14 04:02:33.093 I/System.out( 4228): ProP json = {"command":"version","arguments":[]}
12-14 04:02:33.093 I/System.out( 4228): files: {}
12-14 04:02:33.093 I/System.out( 4228): command: {"command":"version","arguments":[]}
12-14 04:02:33.120 I/InstrumentationBackend( 4228): Got command:'Command:'Line:null,version', arguments:'[]'
12-14 04:02:33.158 I/System.out( 4228): result:{"bonusInformation":[],"message":"0.9.8","success":true}
12-14 04:02:33.164 I/System.out( 4228): URI: //start-application
12-14 04:02:33.164 I/System.out( 4228): params: {json={"intent":null}
12-14 04:02:33.165 I/System.out( 4228): }
12-14 04:02:33.202 I/ActivityManager( 1626): START u0 {act=android.intent.action.MAIN cat=[android.intent.category.LAUNCHER] flg=0x10200000 cmp=com.evancharlton.mileage/.Mileage} from uid 10446
12-14 04:02:33.222 E/memtrack( 1626): Couldn't load memtrack module
12-14 04:02:33.222 W/android.os.Debug( 1626): failed to get memory consumption info: -1
12-14 04:02:33.224 I/calabash( 4228): newActivity1
12-14 04:02:33.236 D/gralloc_ranchu( 1396): gralloc_alloc: Creating ashmem region of size 7753728
12-14 04:02:33.287 W/ActivityManager( 1626): Bad activity token: android.os.BinderProxy@99c1f6b
12-14 04:02:33.287 W/ActivityManager( 1626): java.lang.ClassCastException: android.os.BinderProxy cannot be cast to com.android.server.am.ActivityRecord$Token
12-14 04:02:33.287 W/ActivityManager( 1626): 	at com.android.server.am.ActivityRecord.forTokenLocked(ActivityRecord.java:778)
12-14 04:02:33.287 W/ActivityManager( 1626): 	at com.android.server.am.ActivityRecord.isInStackLocked(ActivityRecord.java:2085)
12-14 04:02:33.287 W/ActivityManager( 1626): 	at com.android.server.am.ActivityRecord.getStackLocked(ActivityRecord.java:2090)
12-14 04:02:33.287 W/ActivityManager( 1626): 	at com.android.server.am.ActivityManagerService.getActivityDisplayId(ActivityManagerService.java:10406)
12-14 04:02:33.287 W/ActivityManager( 1626): 	at android.app.IActivityManager$Stub.onTransact(IActivityManager.java:2738)
12-14 04:02:33.287 W/ActivityManager( 1626): 	at com.android.server.am.ActivityManagerService.onTransact(ActivityManagerService.java:2935)
12-14 04:02:33.287 W/ActivityManager( 1626): 	at android.os.Binder.execTransact(Binder.java:674)
12-14 04:02:33.289 I/calabash( 4228): newActivity1
12-14 04:02:33.299 W/ActivityManager( 1626): Bad activity token: android.os.BinderProxy@99c1f6b
12-14 04:02:33.299 W/ActivityManager( 1626): java.lang.ClassCastException: android.os.BinderProxy cannot be cast to com.android.server.am.ActivityRecord$Token
12-14 04:02:33.299 W/ActivityManager( 1626): 	at com.android.server.am.ActivityRecord.forTokenLocked(ActivityRecord.java:778)
12-14 04:02:33.299 W/ActivityManager( 1626): 	at com.android.server.am.ActivityRecord.isInStackLocked(ActivityRecord.java:2085)
12-14 04:02:33.299 W/ActivityManager( 1626): 	at com.android.server.am.ActivityManagerService.setTaskDescription(ActivityManagerService.java:9988)
12-14 04:02:33.299 W/ActivityManager( 1626): 	at android.app.IActivityManager$Stub.onTransact(IActivityManager.java:2824)
12-14 04:02:33.299 W/ActivityManager( 1626): 	at com.android.server.am.ActivityManagerService.onTransact(ActivityManagerService.java:2935)
12-14 04:02:33.299 W/ActivityManager( 1626): 	at android.os.Binder.execTransact(Binder.java:674)
12-14 04:02:33.300 W/ActivityManager( 1626): Bad activity token: android.os.BinderProxy@99c1f6b
12-14 04:02:33.300 W/ActivityManager( 1626): java.lang.ClassCastException: android.os.BinderProxy cannot be cast to com.android.server.am.ActivityRecord$Token
12-14 04:02:33.300 W/ActivityManager( 1626): 	at com.android.server.am.ActivityRecord.forTokenLocked(ActivityRecord.java:778)
12-14 04:02:33.300 W/ActivityManager( 1626): 	at com.android.server.am.ActivityRecord.isInStackLocked(ActivityRecord.java:2085)
12-14 04:02:33.300 W/ActivityManager( 1626): 	at com.android.server.am.ActivityRecord.getStackLocked(ActivityRecord.java:2090)
12-14 04:02:33.300 W/ActivityManager( 1626): 	at com.android.server.am.ActivityManagerService.getActivityStackId(ActivityManagerService.java:10417)
12-14 04:02:33.300 W/ActivityManager( 1626): 	at android.app.IActivityManager$Stub.onTransact(IActivityManager.java:3548)
12-14 04:02:33.300 W/ActivityManager( 1626): 	at com.android.server.am.ActivityManagerService.onTransact(ActivityManagerService.java:2935)
12-14 04:02:33.300 W/ActivityManager( 1626): 	at android.os.Binder.execTransact(Binder.java:674)
12-14 04:02:33.330 E/ContentStoreEUAS( 2173): Failed to commit the deferred actions
12-14 04:02:33.343 D/EGL_emulation( 2173): eglMakeCurrent: 0x9d57dc80: ver 3 0 (tinfo 0x9d57f550)
12-14 04:02:33.344 D/EGL_emulation( 2143): eglMakeCurrent: 0x9d57cba0: ver 3 0 (tinfo 0x9d57f7f0)
12-14 04:02:33.357 D/EGL_emulation( 1726): eglMakeCurrent: 0x8c2383a0: ver 3 0 (tinfo 0x8c248b50)
12-14 04:02:33.370 I/chatty  ( 1726): uid=10028(u0_a28) RenderThread identical 1 line
12-14 04:02:33.376 D/EGL_emulation( 1726): eglMakeCurrent: 0x8c2383a0: ver 3 0 (tinfo 0x8c248b50)
12-14 04:02:33.378 V/StatusBar( 1726): setLightsOn(true)
12-14 04:02:33.385 D/EGL_emulation( 1726): eglMakeCurrent: 0x8c2383a0: ver 3 0 (tinfo 0x8c248b50)
12-14 04:02:33.456 W/ActivityManager( 1626): Bad activity token: android.os.BinderProxy@99c1f6b
12-14 04:02:33.456 W/ActivityManager( 1626): java.lang.ClassCastException: android.os.BinderProxy cannot be cast to com.android.server.am.ActivityRecord$Token
12-14 04:02:33.456 W/ActivityManager( 1626): 	at com.android.server.am.ActivityRecord.forTokenLocked(ActivityRecord.java:778)
12-14 04:02:33.456 W/ActivityManager( 1626): 	at com.android.server.am.ActivityRecord.isInStackLocked(ActivityRecord.java:2085)
12-14 04:02:33.456 W/ActivityManager( 1626): 	at com.android.server.am.ActivityManagerService.getActivityOptions(ActivityManagerService.java:13302)
12-14 04:02:33.456 W/ActivityManager( 1626): 	at android.app.IActivityManager$Stub.onTransact(IActivityManager.java:2910)
12-14 04:02:33.456 W/ActivityManager( 1626): 	at com.android.server.am.ActivityManagerService.onTransact(ActivityManagerService.java:2935)
12-14 04:02:33.456 W/ActivityManager( 1626): 	at android.os.Binder.execTransact(Binder.java:674)
12-14 04:02:33.456 W/ActivityManager( 1626): Bad activity token: android.os.BinderProxy@99c1f6b
12-14 04:02:33.456 W/ActivityManager( 1626): java.lang.ClassCastException: android.os.BinderProxy cannot be cast to com.android.server.am.ActivityRecord$Token
12-14 04:02:33.456 W/ActivityManager( 1626): 	at com.android.server.am.ActivityRecord.forTokenLocked(ActivityRecord.java:778)
12-14 04:02:33.456 W/ActivityManager( 1626): 	at com.android.server.am.ActivityRecord.isInStackLocked(ActivityRecord.java:2085)
12-14 04:02:33.456 W/ActivityManager( 1626): 	at com.android.server.am.ActivityManagerService.getActivityOptions(ActivityManagerService.java:13302)
12-14 04:02:33.456 W/ActivityManager( 1626): 	at android.app.IActivityManager$Stub.onTransact(IActivityManager.java:2910)
12-14 04:02:33.456 W/ActivityManager( 1626): 	at com.android.server.am.ActivityManagerService.onTransact(ActivityManagerService.java:2935)
12-14 04:02:33.456 W/ActivityManager( 1626): 	at android.os.Binder.execTransact(Binder.java:674)
12-14 04:02:33.544 I/chatty  ( 1726): uid=10028(u0_a28) RenderThread identical 16 lines
12-14 04:02:33.551 D/EGL_emulation( 1726): eglMakeCurrent: 0x8c2383a0: ver 3 0 (tinfo 0x8c248b50)
12-14 04:02:33.553 V/StatusBar( 1726): setLightsOn(true)
12-14 04:02:33.559 D/EGL_emulation( 1726): eglMakeCurrent: 0x8c2383a0: ver 3 0 (tinfo 0x8c248b50)
12-14 04:02:33.595 I/zygote  ( 4228): Do partial code cache collection, code=29KB, data=30KB
12-14 04:02:33.595 I/zygote  ( 4228): After code cache collection, code=29KB, data=30KB
12-14 04:02:33.595 I/zygote  ( 4228): Increasing code cache capacity to 128KB
12-14 04:02:33.596 I/zygote  ( 4228): Do partial code cache collection, code=29KB, data=48KB
12-14 04:02:33.596 I/zygote  ( 4228): After code cache collection, code=29KB, data=48KB
12-14 04:02:33.596 I/zygote  ( 4228): Increasing code cache capacity to 256KB
12-14 04:02:33.597 I/zygote  ( 4228): JIT allocated 71KB for compiled code of void android.widget.TextView.<init>(android.content.Context, android.util.AttributeSet, int, int)
12-14 04:02:33.597 I/zygote  ( 4228): Compiler allocated 4MB to compile void android.widget.TextView.<init>(android.content.Context, android.util.AttributeSet, int, int)
12-14 04:02:33.610 V/StatusBar( 1726): setLightsOn(true)
12-14 04:02:33.612 I/chatty  ( 1726): uid=10028(u0_a28) com.android.systemui identical 1 line
12-14 04:02:33.612 V/StatusBar( 1726): setLightsOn(true)
12-14 04:02:33.649 D/gralloc_ranchu( 1396): gralloc_alloc: Creating ashmem region of size 7753728
12-14 04:02:33.672 D/        ( 4228): HostConnection::get() New Host Connection established 0x9d1afcc0, tid 4228
12-14 04:02:33.721 V/StatusBar( 1726): setLightsOn(true)
12-14 04:02:33.725 V/StatusBar( 1726): setLightsOn(true)
12-14 04:02:33.728 I/ActivityManager( 1626): Displayed com.evancharlton.mileage/.Mileage: +510ms
12-14 04:02:33.735 V/StatusBar( 1726): setLightsOn(true)
12-14 04:02:33.753 V/StatusBar( 1726): setLightsOn(true)
12-14 04:02:33.758 D/gralloc_ranchu( 1396): gralloc_alloc: Creating ashmem region of size 7753728
12-14 04:02:33.791 V/StatusBar( 1726): setLightsOn(true)
12-14 04:02:33.850 E/memtrack( 1626): Couldn't load memtrack module
12-14 04:02:33.850 W/android.os.Debug( 1626): failed to get memory consumption info: -1
12-14 04:02:33.924 V/StatusBar( 1726): setLightsOn(true)
12-14 04:02:33.983 E/WifiVendorHal( 1626): getTxPktFates(l.1941) failed {.code = ERROR_NOT_SUPPORTED, .description = }
12-14 04:02:33.989 E/WifiVendorHal( 1626): getRxPktFates(l.1981) failed {.code = ERROR_NOT_SUPPORTED, .description = }
