--------- beginning of main
12-14 02:12:42.326 W/ProviderHelper( 2240): Unknown dynamite feature providerinstaller.dynamite
12-14 02:12:42.328 I/DynamiteModule( 2240): Considering local module com.google.android.gms.providerinstaller.dynamite:1 and remote module com.google.android.gms.providerinstaller.dynamite:0
12-14 02:12:42.328 I/DynamiteModule( 2240): Selected local version of com.google.android.gms.providerinstaller.dynamite
12-14 02:12:42.343 W/Conscrypt( 2240): Could not set socket write timeout: java.net.SocketException: Socket closed
12-14 02:12:42.349 W/Conscrypt( 2240): 	at com.google.android.gms.org.conscrypt.Platform.setSocketWriteTimeout(:com.google.android.gms@204713022@20.47.13 (040700-344095733):2)
12-14 02:12:42.349 W/Conscrypt( 2240): 	at com.google.android.gms.org.conscrypt.ConscryptFileDescriptorSocket.setSoWriteTimeout(:com.google.android.gms@204713022@20.47.13 (040700-344095733):0)
12-14 02:12:42.386 W/OpenGLRenderer( 2146): Incorrectly called buildLayer on View: ShortcutAndWidgetContainer, destroying layer...
12-14 02:12:42.464 W/Conscrypt( 2240): Could not set socket write timeout: java.net.SocketException: Socket closed
12-14 02:12:42.465 W/Conscrypt( 2240): 	at com.google.android.gms.org.conscrypt.Platform.setSocketWriteTimeout(:com.google.android.gms@204713022@20.47.13 (040700-344095733):2)
12-14 02:12:42.465 W/Conscrypt( 2240): 	at com.google.android.gms.org.conscrypt.ConscryptFileDescriptorSocket.setSoWriteTimeout(:com.google.android.gms@204713022@20.47.13 (040700-344095733):0)
12-14 02:12:44.884 D/BoundBrokerSvc( 2240): onUnbind: Intent { act=com.google.android.gms.checkin.START pkg=com.google.android.gms }
12-14 02:12:45.219 D/BoundBrokerSvc( 2240): onUnbind: Intent { act=com.google.android.gms.auth.service.START pkg=com.google.android.gms }
12-14 02:12:45.411 I/Checkin ( 2240): [CheckinRequestProcessor] updateCheckinIdTokenFileFromResponse, Reading existing AID
12-14 02:12:45.811 W/NamedFutures( 2174): Timeout future task has been cancelled: 10000 milliseconds
12-14 02:12:45.819 E/SearchServiceStarter( 2174): Task 174 failed or timed out. Client 9562961045071798 disconnecting from SearchService!
12-14 02:12:45.819 E/SearchServiceStarter( 2174): java.util.concurrent.CancellationException: Task was cancelled.
12-14 02:12:45.819 E/SearchServiceStarter( 2174): 	at com.google.common.util.concurrent.d.ct(SourceFile:75)
12-14 02:12:45.819 E/SearchServiceStarter( 2174): 	at com.google.common.util.concurrent.d.get(SourceFile:57)
12-14 02:12:45.819 E/SearchServiceStarter( 2174): 	at com.google.common.util.concurrent.cg.n(SourceFile:2)
12-14 02:12:45.819 E/SearchServiceStarter( 2174): 	at com.google.common.util.concurrent.av.l(SourceFile:50)
12-14 02:12:45.819 E/SearchServiceStarter( 2174): 	at com.google.common.util.concurrent.ax.run(SourceFile:5)
12-14 02:12:45.819 E/SearchServiceStarter( 2174): 	at com.google.android.apps.gsa.shared.util.concurrent.a.bc.run(SourceFile:2)
12-14 02:12:45.819 E/SearchServiceStarter( 2174): 	at android.os.Handler.handleCallback(Handler.java:789)
12-14 02:12:45.819 E/SearchServiceStarter( 2174): 	at android.os.Handler.dispatchMessage(Handler.java:98)
12-14 02:12:45.819 E/SearchServiceStarter( 2174): 	at android.os.Looper.loop(Looper.java:164)
12-14 02:12:45.819 E/SearchServiceStarter( 2174): 	at android.app.ActivityThread.main(ActivityThread.java:6541)
12-14 02:12:45.819 E/SearchServiceStarter( 2174): 	at java.lang.reflect.Method.invoke(Native Method)
12-14 02:12:45.819 E/SearchServiceStarter( 2174): 	at com.android.internal.os.Zygote$MethodAndArgsCaller.run(Zygote.java:240)
12-14 02:12:45.819 E/SearchServiceStarter( 2174): 	at com.android.internal.os.ZygoteInit.main(ZygoteInit.java:767)
--------- beginning of system
12-14 02:12:45.825 W/BroadcastQueue( 1629): Background execution not allowed: receiving Intent { act=android.intent.action.PACKAGE_ADDED dat=package:com.evancharlton.mileage flg=0x4000010 (has extras) } to com.android.vending/com.google.android.finsky.packagemanager.impl.PackageMonitorReceiverImpl$RegisteredReceiver
12-14 02:12:45.826 W/BroadcastQueue( 1629): Background execution not allowed: receiving Intent { act=android.intent.action.PACKAGE_ADDED dat=package:com.evancharlton.mileage flg=0x4000010 (has extras) } to com.google.android.gms/.games.chimera.GamesSystemBroadcastReceiverProxy
12-14 02:12:45.826 W/BroadcastQueue( 1629): Background execution not allowed: receiving Intent { act=android.intent.action.PACKAGE_ADDED dat=package:com.evancharlton.mileage flg=0x4000010 (has extras) } to com.google.android.gms/.gass.chimera.PackageChangeBroadcastReceiver
12-14 02:12:45.826 W/BroadcastQueue( 1629): Background execution not allowed: receiving Intent { act=android.intent.action.PACKAGE_ADDED dat=package:com.evancharlton.mileage flg=0x4000010 (has extras) } to com.google.android.gms/.chimera.GmsIntentOperationService$PersistentTrustedReceiver
12-14 02:12:45.826 W/BroadcastQueue( 1629): Background execution not allowed: receiving Intent { act=android.intent.action.PACKAGE_ADDED dat=package:com.evancharlton.mileage flg=0x4000010 (has extras) } to com.google.android.googlequicksearchbox/com.google.android.apps.gsa.googlequicksearchbox.GelStubAppWatcher
12-14 02:12:45.848 I/Dialer  ( 2019): VvmTaskReceiver - task received
12-14 02:12:45.848 I/Dialer  ( 2019): VvmTaskReceiver - TaskExecutor already running
12-14 02:12:45.848 I/Dialer  ( 2019): Task.createTask - create task:com.android.voicemail.impl.ActivationTask
12-14 02:12:45.849 I/Dialer  ( 2019): TaskQueue.add - duplicated task added
12-14 02:12:45.849 I/Dialer  ( 2019): VvmTaskExecutor - com.android.voicemail.impl.ActivationTask@8532e74 added
12-14 02:12:45.856 W/BroadcastQueue( 1629): Background execution not allowed: receiving Intent { act=android.intent.action.PACKAGE_REMOVED dat=package:com.evancharlton.mileage.test flg=0x4000010 (has extras) } to com.android.vending/com.google.android.finsky.packagemanager.impl.PackageMonitorReceiverImpl$RegisteredReceiver
12-14 02:12:45.856 W/BroadcastQueue( 1629): Background execution not allowed: receiving Intent { act=android.intent.action.PACKAGE_REMOVED dat=package:com.evancharlton.mileage.test flg=0x4000010 (has extras) } to com.android.vending/com.google.android.finsky.instantapps.appmanagement.InstantAppRemoveMonitor
12-14 02:12:45.857 W/BroadcastQueue( 1629): Background execution not allowed: receiving Intent { act=android.intent.action.PACKAGE_REMOVED dat=package:com.evancharlton.mileage.test flg=0x4000010 (has extras) } to com.google.android.gms/.games.chimera.GamesSystemBroadcastReceiverProxy
12-14 02:12:45.857 W/BroadcastQueue( 1629): Background execution not allowed: receiving Intent { act=android.intent.action.PACKAGE_REMOVED dat=package:com.evancharlton.mileage.test flg=0x4000010 (has extras) } to com.google.android.gms/.chimera.GmsIntentOperationService$PersistentTrustedReceiver
12-14 02:12:45.857 W/BroadcastQueue( 1629): Background execution not allowed: receiving Intent { act=android.intent.action.PACKAGE_REMOVED dat=package:com.evancharlton.mileage.test flg=0x4000010 (has extras) } to com.google.android.googlequicksearchbox/com.google.android.apps.gsa.googlequicksearchbox.GelStubAppWatcher
12-14 02:12:45.868 I/Finsky  ( 2554): [2] ycb.d(13): PackageMonitorReceiverImpl - Received: android.intent.action.PACKAGE_FULLY_REMOVED, [Hc-uu0eID9wC4ptvRCsWBIQPDhHxrgxu8bZlIwakNJw]
12-14 02:12:45.868 I/Finsky  ( 2554): [2] ydc.g(1): Invalidating cached PackageState for com.evancharlton.mileage.test
12-14 02:12:45.871 I/Finsky  ( 2554): [2] ouk.d(2): Frosting ID looked up on UI thread. Caller should move to a background thread.
12-14 02:12:45.875 I/Finsky  ( 2554): [2] qlq.s(2): Installer: package com.evancharlton.mileage.test was removed. replacing: false
12-14 02:12:45.877 I/Finsky  ( 2554): [2] qmo.L(12): Installer: Notifying status update. package=com.evancharlton.mileage.test, status=UNINSTALLED
12-14 02:12:45.877 I/Finsky  ( 2554): [2] alxk.a(3): Do not start WearSupportService due to Wear service optimization
12-14 02:12:45.878 I/Finsky  ( 2554): [2] alxk.a(3): Do not start WearSupportService due to Wear service optimization
12-14 02:12:45.883 I/Finsky  ( 2554): [2] adxl.a(8): Clearing split related stale data.
12-14 02:12:45.886 I/Finsky  ( 2554): [166] otx.run(16): Wrote row to frosting DB: 1213
12-14 02:12:45.886 I/Finsky  ( 2554): [175] gvx.a(12): Asset module storage cleared for package com.evancharlton.mileage.test.
12-14 02:12:45.890 I/Finsky  ( 2554): [125] jmd.a(15): [ContentSync] finished, scheduled=false
12-14 02:12:45.896 I/Finsky  ( 2554): [2] qmo.O(7): Installer: found apps to install. isMultiUserMode=false, apps=[]
12-14 02:12:45.902 I/Finsky  ( 2554): [161] rab.C(2): IQ: Notifying installation update. package=com.evancharlton.mileage.test, status=UNINSTALLED
12-14 02:12:45.905 D/BoundBrokerSvc( 2240): onBind: Intent { act=com.google.android.gms.common.BIND_SHARED_PREFS pkg=com.google.android.gms }
12-14 02:12:45.905 D/BoundBrokerSvc( 2240): Loading bound service for intent: Intent { act=com.google.android.gms.common.BIND_SHARED_PREFS pkg=com.google.android.gms }
12-14 02:12:45.911 D/BoundBrokerSvc( 2240): onUnbind: Intent { act=com.google.android.gms.common.BIND_SHARED_PREFS pkg=com.google.android.gms }
12-14 02:12:45.919 I/ExposureNotification( 2240): Still can find package com.evancharlton.mileage.test after receive its fully removed broadcast, which was installed 9167 ms ago. Ignore the fully removed broadcast. [CONTEXT service_id=236 ]
12-14 02:12:45.930 I/DigitalWidgetProvider( 3430): onReceive: Intent { act=com.android.deskclock.ALARM_CHANGED flg=0x10 cmp=com.google.android.deskclock/com.android.alarmclock.DigitalAppWidgetProvider }
12-14 02:12:45.934 I/Finsky  ( 2554): [166] otx.run(16): Wrote row to frosting DB: 1214
12-14 02:12:45.939 I/Finsky  ( 2554): [161] rab.t(33): IQ: No matching installs to run for jobs: []
12-14 02:12:45.957 W/BroadcastQueue( 1629): Background execution not allowed: receiving Intent { act=android.intent.action.PACKAGE_ADDED dat=package:com.evancharlton.mileage.test flg=0x4000010 (has extras) } to com.android.vending/com.google.android.finsky.packagemanager.impl.PackageMonitorReceiverImpl$RegisteredReceiver
12-14 02:12:45.958 W/BroadcastQueue( 1629): Background execution not allowed: receiving Intent { act=android.intent.action.PACKAGE_ADDED dat=package:com.evancharlton.mileage.test flg=0x4000010 (has extras) } to com.google.android.gms/.games.chimera.GamesSystemBroadcastReceiverProxy
12-14 02:12:45.958 W/BroadcastQueue( 1629): Background execution not allowed: receiving Intent { act=android.intent.action.PACKAGE_ADDED dat=package:com.evancharlton.mileage.test flg=0x4000010 (has extras) } to com.google.android.gms/.gass.chimera.PackageChangeBroadcastReceiver
12-14 02:12:45.958 W/BroadcastQueue( 1629): Background execution not allowed: receiving Intent { act=android.intent.action.PACKAGE_ADDED dat=package:com.evancharlton.mileage.test flg=0x4000010 (has extras) } to com.google.android.gms/.chimera.GmsIntentOperationService$PersistentTrustedReceiver
12-14 02:12:45.958 W/BroadcastQueue( 1629): Background execution not allowed: receiving Intent { act=android.intent.action.PACKAGE_ADDED dat=package:com.evancharlton.mileage.test flg=0x4000010 (has extras) } to com.google.android.googlequicksearchbox/com.google.android.apps.gsa.googlequicksearchbox.GelStubAppWatcher
12-14 02:12:46.003 W/BroadcastQueue( 1629): Background execution not allowed: receiving Intent { act=android.intent.action.DROPBOX_ENTRY_ADDED flg=0x10 (has extras) } to com.google.android.gms/.stats.service.DropBoxEntryAddedReceiver
12-14 02:12:46.003 W/BroadcastQueue( 1629): Background execution not allowed: receiving Intent { act=android.intent.action.DROPBOX_ENTRY_ADDED flg=0x10 (has extras) } to com.google.android.gms/.chimera.GmsIntentOperationService$PersistentTrustedReceiver
12-14 02:12:46.021 W/zygote  ( 3848): Unexpected CPU variant for X86 using defaults: x86
12-14 02:12:46.027 I/ActivityManager( 1629): Start proc 3848:com.google.android.videos/u0a72 for service com.google.android.videos/.service.drm.RefreshLicenseTaskService
12-14 02:12:46.051 I/MultiDex( 3848): VM with version 2.1.0 has multidex support
12-14 02:12:46.051 I/MultiDex( 3848): install
12-14 02:12:46.051 I/MultiDex( 3848): VM has multidex support, MultiDex support library is disabled.
12-14 02:12:46.066 E/NetworkScheduler.ATC( 1944): Called cancelTask for already completed task com.google.android.videos/.service.drm.RefreshLicenseTaskService{u=0 tag="refresh_license_forced" trigger=window{start=0s,end=1s,earliest=0s,latest=0s} requirements=[NET_CONNECTED] attributes=[] scheduled=0s last_run=0s exec_window_multiplier=1.0000 jid=N/A status=PENDING retries=0 client_lib=MANCHEGO_GCM-10400000} :0 [CONTEXT service_id=218 ]
12-14 02:12:46.070 W/NetworkScheduler( 1944): Immediate task was not started com.google.android.videos/.service.drm.RefreshLicenseTaskService{u=0 tag="refresh_license_forced" trigger=window{start=0s,end=1s,earliest=0s,latest=0s} requirements=[NET_CONNECTED] attributes=[] scheduled=0s last_run=N/A exec_window_multiplier=1.0000 jid=N/A status=PENDING retries=0 client_lib=MANCHEGO_GCM-10400000}. Rescheduling immediate tasks can cause excessive battery drain.
12-14 02:12:46.087 I/zygote  ( 1944): Do partial code cache collection, code=504KB, data=316KB
12-14 02:12:46.096 I/zygote  ( 1944): After code cache collection, code=500KB, data=314KB
12-14 02:12:46.096 I/zygote  ( 1944): Increasing code cache capacity to 2MB
12-14 02:12:46.221 I/zygote  ( 3848): Deoptimizing int com.google.android.videos.utils.UriBuilder.indexOfNextParameterDelimiter(java.lang.CharSequence, int, int) due to JIT inline cache
12-14 02:12:46.273 I/ActivityManager( 1629): Killing 3245:com.android.cellbroadcastreceiver/u0a5 (adj 906): empty #17
12-14 02:12:46.277 W/ActivityManager( 1629): Background start not allowed: service Intent { cmp=com.google.android.videos/.service.pinning.TransferService (has extras) } to com.google.android.videos/.service.pinning.TransferService from pid=3848 uid=10072 pkg=com.google.android.videos
12-14 02:12:46.278 I/Finsky  ( 2554): [111] daj.a(7): Received content filters request from com.google.android.videos
12-14 02:12:46.306 I/PlayMovies( 3848): RefreshLicenseTaskService.forceLicenseRefreshNow:66 Scheduled task now refresh_license_forced
12-14 02:12:46.306 I/PlayMovies( 3848): 
12-14 02:12:46.309 D/PlayMovies( 3848): PersistentCache.cleanup:104 Cache is below limit, no need to shrink: [size=0, limit=5242880]
12-14 02:12:46.309 D/PlayMovies( 3848): 
12-14 02:12:46.324 D/Primes  ( 3848): Package metric disabled.
12-14 02:12:46.324 D/Primes  ( 3848): Battery metric disabled
12-14 02:12:46.324 D/Primes  ( 3848): MagicEye logging metric disabled
12-14 02:12:46.326 D/CryptdConnector( 1629): SND -> {11 cryptfs getpwtype}
12-14 02:12:46.326 D/VoldCryptCmdListener( 1343): cryptfs getpwtype
12-14 02:12:46.327 D/CryptdConnector( 1629): RCV <- {213 11 default}
12-14 02:12:46.373 I/NetworkScheduler.Stats( 1944): Task com.google.android.videos/ finished executing. cause:7 result: 6 elapsed_millis: 48 uptime_millis: 48 exec_start_elapsed_seconds: 49 [CONTEXT service_id=218 ]
12-14 02:12:46.373 W/NetworkScheduler( 1944): No record of active task com.google.android.videos/.service.drm.RefreshLicenseTaskService{u=0 tag="refresh_license_forced" trigger=window{start=0s,end=1s,earliest=0s,latest=0s} requirements=[NET_CONNECTED] attributes=[] scheduled=0s last_run=0s exec_window_multiplier=1.0000 jid=N/A status=PENDING retries=0 client_lib=MANCHEGO_GCM-10400000}
12-14 02:12:46.493 I/PlayMovies( 3848): RefreshLicenseTaskService.onRunTask:96 On run task refresh_license_forced
12-14 02:12:46.493 I/PlayMovies( 3848): 
12-14 02:12:46.551 I/zygote  ( 2240): Deoptimizing boolean dbx.d(android.content.Context, dbv, java.lang.String) due to JIT inline cache
12-14 02:12:46.564 I/Pay     ( 2240): Device does not support HCE. [CONTEXT service_id=198 ]
12-14 02:12:46.666 I/zygote  ( 1944): Deoptimizing java.lang.String asqf.i(android.os.Bundle) due to JIT inline cache
12-14 02:12:46.771 E/NetworkScheduler.ATC( 1944): Called cancelTask for already completed task com.google.android.videos/.service.drm.RefreshLicenseTaskService{u=0 tag="refresh_license_forced" trigger=window{start=0s,end=1s,earliest=0s,latest=0s} requirements=[NET_CONNECTED] attributes=[] scheduled=0s last_run=0s exec_window_multiplier=1.0000 jid=N/A status=ACTIVE retries=0 client_lib=MANCHEGO_GCM-10400000} :0 [CONTEXT service_id=218 ]
12-14 02:12:46.772 W/NetworkScheduler( 1944): Immediate task was not started com.google.android.videos/.service.drm.RefreshLicenseTaskService{u=0 tag="refresh_license_forced" trigger=window{start=0s,end=1s,earliest=0s,latest=0s} requirements=[NET_CONNECTED] attributes=[] scheduled=0s last_run=N/A exec_window_multiplier=1.0000 jid=N/A status=PENDING retries=0 client_lib=MANCHEGO_GCM-10400000}. Rescheduling immediate tasks can cause excessive battery drain.
12-14 02:12:46.772 I/NetworkScheduler.Stats( 1944): Task com.google.android.videos/ started execution. cause:7 exec_start_elapsed_seconds: 50 [CONTEXT service_id=218 ]
12-14 02:12:46.772 I/NetworkScheduler.Stats( 1944): Task com.google.android.gms/com.google.android.gms.pay.gcmtask.PayGcmTaskService started execution. cause:7 exec_start_elapsed_seconds: 50 [CONTEXT service_id=218 ]
12-14 02:12:46.773 I/NetworkScheduler.Stats( 1944): Task com.google.android.videos/ finished executing. cause:7 result: 1 elapsed_millis: 84 uptime_millis: 84 exec_start_elapsed_seconds: 50 [CONTEXT service_id=218 ]
12-14 02:12:46.774 I/NetworkScheduler.Stats( 1944): Task com.google.android.gms/com.google.android.gms.pay.gcmtask.PayGcmTaskService finished executing. cause:7 result: 2 elapsed_millis: 71 uptime_millis: 71 exec_start_elapsed_seconds: 50 [CONTEXT service_id=218 ]
12-14 02:12:46.844 I/NetworkScheduler.Stats( 1944): Task com.google.android.gms/com.google.android.gms.clearcut.uploader.QosUploaderService started execution. cause:5 exec_start_elapsed_seconds: 50 [CONTEXT service_id=218 ]
12-14 02:12:46.865 I/PlayMovies( 3848): RefreshLicenseTaskService.onRunTask:96 On run task refresh_license
12-14 02:12:46.865 I/PlayMovies( 3848): 
12-14 02:12:46.873 I/NetworkScheduler.Stats( 1944): Task com.google.android.videos/ started execution. cause:5 exec_start_elapsed_seconds: 50 [CONTEXT service_id=218 ]
12-14 02:12:46.884 I/NetworkScheduler.Stats( 1944): Task com.google.android.videos/ finished executing. cause:5 result: 1 elapsed_millis: 31 uptime_millis: 31 exec_start_elapsed_seconds: 50 [CONTEXT service_id=218 ]
12-14 02:12:46.896 I/NetworkScheduler.Stats( 1944): Task com.google.android.gms/com.google.android.gms.clearcut.uploader.QosUploaderService finished executing. cause:5 result: 1 elapsed_millis: 71 uptime_millis: 71 exec_start_elapsed_seconds: 50 [CONTEXT service_id=218 ]
12-14 02:12:46.962 I/NetworkScheduler.Stats( 1944): Task com.google.android.gms/com.google.android.gms.gass.chimera.SchedulePeriodicTasksService started execution. cause:5 exec_start_elapsed_seconds: 50 [CONTEXT service_id=218 ]
12-14 02:12:46.971 I/MicroDetectionWorker( 2174): #updateMicroDetector [detectionMode: [mDetectionMode: [1]]]
12-14 02:12:46.971 I/MicroDetectionWorker( 2174): #startMicroDetector [speakerMode: 0]
12-14 02:12:46.972 I/AudioController( 2174): Using mInputStreamFactoryBuilder
12-14 02:12:46.973 I/MicroDetectionWorker( 2174): onReady
12-14 02:12:46.975 I/MicroRecognitionRunner( 2174): Starting detection.
12-14 02:12:46.975 I/MicrophoneInputStream( 2174): mic_starting com.google.android.apps.gsa.staticplugins.aa.c@7bdc317
12-14 02:12:46.980 I/MicrophoneInputStream( 2174): mic_started com.google.android.apps.gsa.staticplugins.aa.c@7bdc317
12-14 02:12:46.980 E/ActivityThread( 2174): Failed to find provider info for com.google.android.apps.gsa.testing.ui.audio.recorded
12-14 02:12:46.981 I/MicroDetectionWorker( 2174): onReady
12-14 02:12:46.982 I/MicrophoneInputStream( 2174): mic_close com.google.android.apps.gsa.staticplugins.aa.c@7bdc317
12-14 02:12:46.982 I/MicroRecognitionRunner( 2174): Detection finished
12-14 02:12:46.982 W/ErrorReporter( 2174): reportError [type: 211, code: 524300]: Error reading from input stream
12-14 02:12:46.983 I/MicroRecognitionRunner( 2174): Stopping hotword detection.
12-14 02:12:46.983 W/ErrorProcessor( 2174): onFatalError, processing error from engine(4)
12-14 02:12:46.983 W/ErrorProcessor( 2174): com.google.android.apps.gsa.shared.speech.b.g: Error reading from input stream
12-14 02:12:46.983 W/ErrorProcessor( 2174): 	at com.google.android.apps.gsa.staticplugins.recognizer.j.a.a(SourceFile:28)
12-14 02:12:46.983 W/ErrorProcessor( 2174): 	at com.google.android.apps.gsa.staticplugins.recognizer.j.b.run(SourceFile:15)
12-14 02:12:46.983 W/ErrorProcessor( 2174): 	at java.util.concurrent.Executors$RunnableAdapter.call(Executors.java:457)
12-14 02:12:46.983 W/ErrorProcessor( 2174): 	at java.util.concurrent.FutureTask.run(FutureTask.java:266)
12-14 02:12:46.983 W/ErrorProcessor( 2174): 	at com.google.android.apps.gsa.shared.util.concurrent.a.ax.run(SourceFile:14)
12-14 02:12:46.983 W/ErrorProcessor( 2174): 	at com.google.android.apps.gsa.shared.util.concurrent.a.bl.run(SourceFile:4)
12-14 02:12:46.983 W/ErrorProcessor( 2174): 	at com.google.android.apps.gsa.shared.util.concurrent.a.bl.run(SourceFile:4)
12-14 02:12:46.983 W/ErrorProcessor( 2174): 	at java.util.concurrent.ThreadPoolExecutor.runWorker(ThreadPoolExecutor.java:1162)
12-14 02:12:46.983 W/ErrorProcessor( 2174): 	at java.util.concurrent.ThreadPoolExecutor$Worker.run(ThreadPoolExecutor.java:636)
12-14 02:12:46.983 W/ErrorProcessor( 2174): 	at java.lang.Thread.run(Thread.java:764)
12-14 02:12:46.983 W/ErrorProcessor( 2174): 	at com.google.android.apps.gsa.shared.util.concurrent.a.ai.run(SourceFile:6)
12-14 02:12:46.983 W/ErrorProcessor( 2174): Caused by: com.google.android.apps.gsa.shared.exception.GsaIOException: Error code: 393238 | Buffer overflow, no available space.
12-14 02:12:46.983 W/ErrorProcessor( 2174): 	at com.google.android.apps.gsa.speech.audio.Tee.f(SourceFile:103)
12-14 02:12:46.983 W/ErrorProcessor( 2174): 	at com.google.android.apps.gsa.speech.audio.au.read(SourceFile:2)
12-14 02:12:46.983 W/ErrorProcessor( 2174): 	at java.io.InputStream.read(InputStream.java:101)
12-14 02:12:46.983 W/ErrorProcessor( 2174): 	at com.google.android.apps.gsa.speech.audio.ao.run(SourceFile:18)
12-14 02:12:46.983 W/ErrorProcessor( 2174): 	at com.google.android.apps.gsa.speech.audio.an.run(SourceFile:2)
12-14 02:12:46.983 W/ErrorProcessor( 2174): 	... 9 more
12-14 02:12:46.983 I/AudioController( 2174): internalShutdown
12-14 02:12:46.986 I/DeviceStateChecker( 2174): DeviceStateChecker cancelled
12-14 02:12:46.986 I/MicroDetector( 2174): Keeping mic open: false
12-14 02:12:46.986 I/MicroDetectionWorker( 2174): #onError(false)
12-14 02:12:46.989 I/AudioFlinger( 1476): AudioFlinger's thread 0xafe03340 tid=3897 ready to run
12-14 02:12:47.040 D/BoundBrokerSvc( 2240): onUnbind: Intent { act=com.google.android.gms.feedback.internal.IFeedbackService cmp=com.google.android.gms/.chimera.GmsBoundBrokerService }
12-14 02:12:47.064 I/NetworkScheduler.Stats( 1944): Task com.google.android.gms/com.google.android.gms.pay.gcmtask.PayGcmTaskService started execution. cause:5 exec_start_elapsed_seconds: 50 [CONTEXT service_id=218 ]
12-14 02:12:47.065 V/LifecycleAwareServiceBi( 2554): notify unbound
12-14 02:12:47.065 V/LifecycleAwareServiceBi( 2554): com.google.common.flogger.LogSiteStackTrace: MEDIUM
12-14 02:12:47.065 V/LifecycleAwareServiceBi( 2554): 	at com.google.frameworks.client.data.android.binder.LifecycleAwareServiceBinding.h(PG:1)
12-14 02:12:47.065 V/LifecycleAwareServiceBi( 2554): 	at axqg.run(Unknown Source:4)
12-14 02:12:47.065 V/LifecycleAwareServiceBi( 2554): 	at android.os.Handler.handleCallback(Handler.java:789)
12-14 02:12:47.065 V/LifecycleAwareServiceBi( 2554): 	at android.os.Handler.dispatchMessage(Handler.java:98)
12-14 02:12:47.065 V/LifecycleAwareServiceBi( 2554): 	at android.os.Looper.loop(Looper.java:164)
12-14 02:12:47.065 V/LifecycleAwareServiceBi( 2554): 	at android.app.ActivityThread.main(ActivityThread.java:6541)
12-14 02:12:47.065 V/LifecycleAwareServiceBi( 2554): 	at java.lang.reflect.Method.invoke(Native Method)
12-14 02:12:47.065 V/LifecycleAwareServiceBi( 2554): 	at com.android.internal.os.Zygote$MethodAndArgsCaller.run(Zygote.java:240)
12-14 02:12:47.065 V/LifecycleAwareServiceBi( 2554): 	at com.android.internal.os.ZygoteInit.main(ZygoteInit.java:767)
12-14 02:12:47.065 V/LifecycleAwareServiceBi( 2554): notify unbound - notifying
12-14 02:12:47.066 I/Finsky:download_service( 2687): [2] sxn.onDestroy(8): IPC-SERVER: Stopping gRPC host service...
12-14 02:12:47.068 D/BoundBrokerSvc( 1944): onBind: Intent { act=com.google.android.gms.tapandpay.service.BIND cmp=com.google.android.gms/.chimera.PersistentApiService }
12-14 02:12:47.069 D/BoundBrokerSvc( 1944): Loading bound service for intent: Intent { act=com.google.android.gms.tapandpay.service.BIND cmp=com.google.android.gms/.chimera.PersistentApiService }
12-14 02:12:47.074 I/NetworkScheduler.Stats( 1944): Task com.google.android.gms/com.google.android.gms.gass.chimera.SchedulePeriodicTasksService finished executing. cause:5 result: 1 elapsed_millis: 146 uptime_millis: 146 exec_start_elapsed_seconds: 50 [CONTEXT service_id=218 ]
12-14 02:12:47.142 I/NetworkScheduler.Stats( 1944): Task com.google.android.gms/com.google.android.gms.pay.gcmtask.PayGcmTaskService started execution. cause:5 exec_start_elapsed_seconds: 50 [CONTEXT service_id=218 ]
12-14 02:12:47.149 I/NetworkScheduler.Stats( 1944): Task com.google.android.gms/com.google.android.gms.pay.gcmtask.PayGcmTaskService finished executing. cause:5 result: 1 elapsed_millis: 126 uptime_millis: 126 exec_start_elapsed_seconds: 50 [CONTEXT service_id=218 ]
12-14 02:12:47.153 I/NetworkScheduler.Stats( 1944): Task com.google.android.gms/com.google.android.gms.pay.gcmtask.PayGcmTaskService finished executing. cause:5 result: 1 elapsed_millis: 33 uptime_millis: 33 exec_start_elapsed_seconds: 50 [CONTEXT service_id=218 ]
12-14 02:12:47.262 I/NetworkScheduler.Stats( 1944): Task com.google.android.gms/com.google.android.gms.pay.gcmtask.PayGcmTaskService started execution. cause:5 exec_start_elapsed_seconds: 51 [CONTEXT service_id=218 ]
12-14 02:12:47.268 I/Pay     ( 2240): Migration flag not enabled. [CONTEXT service_id=198 ]
12-14 02:12:47.279 D/BoundBrokerSvc( 2240): onBind: Intent { act=com.google.android.gms.pay.service.BIND cmp=com.google.android.gms/.chimera.GmsApiService }
12-14 02:12:47.279 D/BoundBrokerSvc( 2240): Loading bound service for intent: Intent { act=com.google.android.gms.pay.service.BIND cmp=com.google.android.gms/.chimera.GmsApiService }
12-14 02:12:47.284 I/jgl     ( 2240): Primes not initialized, returning default (no-op) Primes instance which will ignore all calls. Please call Primes.initialize(...) before using any Primes API.
12-14 02:12:47.265 W/Binder:3641_3( 3641): type=1400 audit(0.0:20): avc: denied { read } for name="modules" dev="proc" ino=4026532034 scontext=u:r:priv_app:s0:c512,c768 tcontext=u:object_r:proc_modules:s0 tclass=file permissive=0
12-14 02:12:47.306 D/        ( 3641): HostConnection::get() New Host Connection established 0x9c3e4900, tid 3721
12-14 02:12:47.317 D/EGL_emulation( 3641): eglCreateContext: 0x99a6d7e0: maj 3 min 0 rcv 3
12-14 02:12:47.319 D/EGL_emulation( 3641): eglMakeCurrent: 0x99a6d7e0: ver 3 0 (tinfo 0x99ed6000)
12-14 02:12:47.320 E/eglCodecCommon( 3641): glUtilsParamSize: unknow param 0x00008cdf
12-14 02:12:47.320 E/eglCodecCommon( 3641): glUtilsParamSize: unknow param 0x00008cdf
12-14 02:12:47.320 E/eglCodecCommon( 3641): glUtilsParamSize: unknow param 0x00008824
12-14 02:12:47.320 E/eglCodecCommon( 3641): glUtilsParamSize: unknow param 0x00008824
12-14 02:12:47.354 I/NetworkScheduler.Stats( 1944): Task com.google.android.gms/com.google.android.gms.pay.gcmtask.PayGcmTaskService started execution. cause:5 exec_start_elapsed_seconds: 51 [CONTEXT service_id=218 ]
12-14 02:12:47.360 E/Pay     ( 2240): No account found on the task or the device. Notification task will not be rescheduled. [CONTEXT service_id=198 ]
12-14 02:12:47.368 I/Pay     ( 2240): Migration already completed. [CONTEXT service_id=198 ]
12-14 02:12:47.370 I/chatty  ( 2240): uid=10011(u0_a11) lowpool[0] identical 1 line
12-14 02:12:47.377 I/Pay     ( 2240): Migration already completed. [CONTEXT service_id=198 ]
12-14 02:12:47.378 I/Pay     ( 2240): Migration flag not enabled. [CONTEXT service_id=198 ]
12-14 02:12:47.383 D/EGL_emulation( 3641): eglCreateContext: 0x99a6da20: maj 3 min 0 rcv 3
12-14 02:12:47.385 I/Pay     ( 2240): Migration already completed. [CONTEXT service_id=198 ]
12-14 02:12:47.386 D/EGL_emulation( 3641): eglMakeCurrent: 0x99a6da20: ver 3 0 (tinfo 0x99ed6000)
12-14 02:12:47.387 E/eglCodecCommon( 3641): glUtilsParamSize: unknow param 0x00008cdf
12-14 02:12:47.388 E/eglCodecCommon( 3641): glUtilsParamSize: unknow param 0x00008cdf
12-14 02:12:47.388 E/eglCodecCommon( 3641): glUtilsParamSize: unknow param 0x00008824
12-14 02:12:47.388 I/Pay     ( 2240): Migration flag not enabled. [CONTEXT service_id=198 ]
12-14 02:12:47.389 E/eglCodecCommon( 3641): glUtilsParamSize: unknow param 0x00008824
12-14 02:12:47.393 I/NetworkScheduler.Stats( 1944): Task com.google.android.gms/com.google.android.gms.pay.gcmtask.PayGcmTaskService finished executing. cause:5 result: 2 elapsed_millis: 82 uptime_millis: 82 exec_start_elapsed_seconds: 51 [CONTEXT service_id=218 ]
12-14 02:12:47.398 I/NetworkScheduler.Stats( 1944): Task com.google.android.gms/com.google.android.gms.pay.gcmtask.PayGcmTaskService finished executing. cause:5 result: 1 elapsed_millis: 167 uptime_millis: 167 exec_start_elapsed_seconds: 51 [CONTEXT service_id=218 ]
12-14 02:12:47.477 I/NetworkScheduler.Stats( 1944): Task com.google.android.gms/com.google.android.gms.pay.gcmtask.PayGcmTaskService started execution. cause:5 exec_start_elapsed_seconds: 51 [CONTEXT service_id=218 ]
12-14 02:12:47.526 W/SystemServiceRegistry( 3641): No service published for: persistent_data_block
12-14 02:12:47.562 I/NetworkScheduler.Stats( 1944): Task com.google.android.gms/com.google.android.gms.tapandpay.gcmtask.TapAndPayGcmTaskService started execution. cause:5 exec_start_elapsed_seconds: 51 [CONTEXT service_id=218 ]
12-14 02:12:47.582 I/NetworkScheduler.Stats( 1944): Task com.google.android.gms/com.google.android.gms.pay.gcmtask.PayGcmTaskService finished executing. cause:5 result: 1 elapsed_millis: 141 uptime_millis: 141 exec_start_elapsed_seconds: 51 [CONTEXT service_id=218 ]
12-14 02:12:47.587 I/NetworkScheduler.Stats( 1944): Task com.google.android.gms/com.google.android.gms.tapandpay.gcmtask.TapAndPayGcmTaskService finished executing. cause:5 result: 1 elapsed_millis: 60 uptime_millis: 60 exec_start_elapsed_seconds: 51 [CONTEXT service_id=218 ]
12-14 02:12:47.666 I/NetworkScheduler.Stats( 1944): Task com.google.android.gms/com.google.android.gms.tapandpay.gcmtask.TapAndPayGcmTaskService started execution. cause:5 exec_start_elapsed_seconds: 51 [CONTEXT service_id=218 ]
12-14 02:12:47.675 W/Conscrypt( 2240): Could not set socket write timeout: java.net.SocketException: Socket closed
12-14 02:12:47.676 W/Conscrypt( 2240): 	at com.google.android.gms.org.conscrypt.Platform.setSocketWriteTimeout(:com.google.android.gms@204713022@20.47.13 (040700-344095733):2)
12-14 02:12:47.676 W/Conscrypt( 2240): 	at com.google.android.gms.org.conscrypt.ConscryptFileDescriptorSocket.setSoWriteTimeout(:com.google.android.gms@204713022@20.47.13 (040700-344095733):0)
12-14 02:12:47.712 I/NetworkScheduler.Stats( 1944): Task com.google.android.gms/com.google.android.gms.tapandpay.gcmtask.TapAndPayGcmTaskService started execution. cause:5 exec_start_elapsed_seconds: 51 [CONTEXT service_id=218 ]
12-14 02:12:47.735 I/NetworkScheduler.Stats( 1944): Task com.google.android.gms/com.google.android.gms.tapandpay.gcmtask.TapAndPayGcmTaskService finished executing. cause:5 result: 1 elapsed_millis: 112 uptime_millis: 112 exec_start_elapsed_seconds: 51 [CONTEXT service_id=218 ]
12-14 02:12:47.738 I/NetworkScheduler.Stats( 1944): Task com.google.android.gms/com.google.android.gms.tapandpay.gcmtask.TapAndPayGcmTaskService finished executing. cause:5 result: 1 elapsed_millis: 48 uptime_millis: 48 exec_start_elapsed_seconds: 51 [CONTEXT service_id=218 ]
12-14 02:12:47.763 W/Conscrypt( 2240): Could not set socket write timeout: java.net.SocketException: Socket closed
12-14 02:12:47.763 W/Conscrypt( 2240): 	at com.google.android.gms.org.conscrypt.Platform.setSocketWriteTimeout(:com.google.android.gms@204713022@20.47.13 (040700-344095733):2)
12-14 02:12:47.763 W/Conscrypt( 2240): 	at com.google.android.gms.org.conscrypt.ConscryptFileDescriptorSocket.setSoWriteTimeout(:com.google.android.gms@204713022@20.47.13 (040700-344095733):0)
12-14 02:12:47.808 I/NetworkScheduler.Stats( 1944): Task com.google.android.gms/com.google.android.gms.udc.service.UdcContextInitService started execution. cause:5 exec_start_elapsed_seconds: 51 [CONTEXT service_id=218 ]
12-14 02:12:47.830 I/NetworkScheduler.Stats( 1944): Task com.google.android.videos/ started execution. cause:5 exec_start_elapsed_seconds: 51 [CONTEXT service_id=218 ]
12-14 02:12:47.831 I/PlayMovies( 3848): RefreshLicenseTaskService.onRunTask:96 On run task refresh_license_forced
12-14 02:12:47.831 I/PlayMovies( 3848): 
12-14 02:12:47.835 I/NetworkScheduler.Stats( 1944): Task com.google.android.videos/ finished executing. cause:5 result: 1 elapsed_millis: 13 uptime_millis: 13 exec_start_elapsed_seconds: 51 [CONTEXT service_id=218 ]
12-14 02:12:47.865 I/NetworkScheduler.Stats( 1944): Task com.google.android.gms/com.google.android.gms.udc.service.UdcContextInitService finished executing. cause:5 result: 1 elapsed_millis: 90 uptime_millis: 90 exec_start_elapsed_seconds: 51 [CONTEXT service_id=218 ]
12-14 02:12:48.052 D/BoundBrokerSvc( 1944): onUnbind: Intent { act=com.google.android.gms.usagereporting.service.START pkg=com.google.android.gms }
12-14 02:12:48.137 D/BoundBrokerSvc( 1944): onUnbind: Intent { act=com.google.android.gms.icing.LIGHTWEIGHT_INDEX_SERVICE cmp=com.google.android.gms/.chimera.PersistentApiService }
12-14 02:12:48.428 I/Checkin ( 2240): [CheckinRequestProcessor] Default Task : Checkin Succeeded: https://android.googleapis.com/checkin (fragment #1).
12-14 02:12:48.469 W/BroadcastQueue( 1629): Permission Denial: broadcasting Intent { act=com.google.android.checkin.CHECKIN_COMPLETE flg=0x1000010 (has extras) } from com.google.android.gms (pid=2240, uid=10011) is not exported from uid 10023 due to receiver com.android.vending/com.google.android.finsky.checkin.CheckinReceiver
12-14 02:12:48.490 I/Checkin ( 2240): [CheckinOperation] Checkin Operation finished with result: 0 finish time: 52364.
12-14 02:12:48.729 D/AndroidRuntime( 3907): >>>>>> START com.android.internal.os.RuntimeInit uid 2000 <<<<<<
12-14 02:12:48.771 W/app_process( 3907): Unexpected CPU variant for X86 using defaults: x86
12-14 02:12:48.787 D/AndroidRuntime( 3907): Calling main entry com.android.commands.am.Am
12-14 02:12:48.790 I/ActivityManager( 1629): Force stopping com.evancharlton.mileage appid=10334 user=0: start instr
12-14 02:12:48.791 I/ActivityManager( 1629): Killing 3745:com.evancharlton.mileage/u0a334 (adj 0): stop com.evancharlton.mileage
12-14 02:12:48.791 W/ActivityManager( 1629): Crash of app com.evancharlton.mileage running instrumentation ComponentInfo{com.evancharlton.mileage.test/sh.calaba.instrumentationbackend.ClearAppData2}
12-14 02:12:48.791 I/ActivityManager( 1629): Force stopping com.evancharlton.mileage appid=10334 user=0: finished inst
12-14 02:12:48.799 I/zygote  ( 3917): Not late-enabling -Xcheck:jni (already on)
12-14 02:12:48.805 W/zygote  ( 3917): Unexpected CPU variant for X86 using defaults: x86
12-14 02:12:48.806 I/ActivityManager( 1629): Start proc 3917:com.evancharlton.mileage/u0a334 for added application com.evancharlton.mileage
12-14 02:12:48.806 D/AndroidRuntime( 3907): Shutting down VM
12-14 02:12:48.836 W/zygote  ( 3917): Found duplicate classes, falling back to extracting from APK : /data/app/com.evancharlton.mileage.test-a1KhQHU8tkfPuxFUrJwldw==/base.apk
12-14 02:12:48.836 W/zygote  ( 3917): NOTE: This wastes RAM and hurts startup performance.
12-14 02:12:48.836 W/zygote  ( 3917): Found duplicated class when checking oat files: 'Ljunit/runner/BaseTestRunner;' in /data/app/com.evancharlton.mileage.test-a1KhQHU8tkfPuxFUrJwldw==/base.apk and /system/framework/android.test.runner.jar
12-14 02:12:48.836 W/zygote  ( 3917): 
12-14 02:12:48.846 E/adbd    ( 1364): failed to connect to socket 'tcp:7102': Connection refused
12-14 02:12:48.849 E/adbd    ( 1364): failed to connect to socket 'tcp:7102': Connection refused
12-14 02:12:48.870 W/System  ( 3917): ClassLoader referenced unknown path: 
12-14 02:12:48.883 I/System.out( 3917): Main activity name automatically set to: com.evancharlton.mileage.Mileage
12-14 02:12:48.884 I/System.out( 3917): Calabash did not load Mono. This is only a problem if you are trying to test a Mono application
12-14 02:12:48.884 I/calabash( 3917): Test server port: 7102
12-14 02:12:48.886 I/InstrumentationBackend( 3917): Added:'GetPreferences', with key:'get_preferences'
12-14 02:12:48.942 I/InstrumentationBackend( 3917): Added:'SetPreferences', with key:'set_preferences'
12-14 02:12:48.942 I/InstrumentationBackend( 3917): Added:'ClearPreferences', with key:'clear_preferences'
12-14 02:12:48.942 I/InstrumentationBackend( 3917): Added:'PressElement', with key:'press_l10n_element'
12-14 02:12:48.943 I/InstrumentationBackend( 3917): Added:'WaitForElement', with key:'wait_for_l10n_element'
12-14 02:12:48.943 I/InstrumentationBackend( 3917): Added:'NullAction', with key:'nullAction'
12-14 02:12:48.944 I/InstrumentationBackend( 3917): Added:'PressKey', with key:'press_key'
12-14 02:12:48.944 I/InstrumentationBackend( 3917): Added:'SetActivityOrientation', with key:'set_activity_orientation'
12-14 02:12:48.944 I/InstrumentationBackend( 3917): Added:'GetActivityOrientation', with key:'get_activity_orientation'
12-14 02:12:48.945 I/InstrumentationBackend( 3917): Added:'FakeGPSLocation', with key:'set_gps_coordinates'
12-14 02:12:48.946 I/InstrumentationBackend( 3917): Added:'SetPropertyByCssSelector', with key:'set_property_by_css_selector'
12-14 02:12:48.947 I/InstrumentationBackend( 3917): Added:'GetUrl', with key:'get_url'
12-14 02:12:48.949 I/InstrumentationBackend( 3917): Added:'ScrollTo', with key:'scroll_to'
12-14 02:12:48.950 I/InstrumentationBackend( 3917): Added:'GetLoadProgress', with key:'get_load_progress'
12-14 02:12:48.950 I/InstrumentationBackend( 3917): Added:'DumpHtml', with key:'dump_html'
12-14 02:12:48.950 I/InstrumentationBackend( 3917): Added:'DumpBodyHtml', with key:'dump_body_html'
12-14 02:12:48.951 I/InstrumentationBackend( 3917): Added:'EnterTextByCssSelector', with key:'enter_text_by_selector'
12-14 02:12:48.955 I/InstrumentationBackend( 3917): Added:'AndroidSDKVersion', with key:'android_sdk_version'
12-14 02:12:48.955 I/InstrumentationBackend( 3917): Added:'Version', with key:'version'
12-14 02:12:48.955 I/InstrumentationBackend( 3917): Added:'Drag', with key:'drag'
12-14 02:12:48.955 I/InstrumentationBackend( 3917): Added:'TouchCoordinates', with key:'touch_coordinate'
12-14 02:12:48.956 I/InstrumentationBackend( 3917): Added:'LongPressCoordinate', with key:'long_press_coordinate'
12-14 02:12:48.956 I/InstrumentationBackend( 3917): Added:'DragCoordinates', with key:'drag_coordinates'
12-14 02:12:48.956 I/InstrumentationBackend( 3917): Added:'ResumeApplication', with key:'resume_application'
12-14 02:12:48.957 I/InstrumentationBackend( 3917): Added:'Swipe', with key:'swipe'
12-14 02:12:48.957 I/InstrumentationBackend( 3917): Added:'DoubleTapCoordinate', with key:'double_tap_coordinate'
12-14 02:12:48.957 I/InstrumentationBackend( 3917): Added:'ClickOnScreen', with key:'click_on_screen'
12-14 02:12:48.958 I/InstrumentationBackend( 3917): Added:'GetActivityName', with key:'get_activity_name'
12-14 02:12:48.959 I/InstrumentationBackend( 3917): Added:'ScrollToView', with key:'scroll_to_view'
12-14 02:12:48.959 I/InstrumentationBackend( 3917): Added:'ViewConfiguration', with key:'view_configuration'
12-14 02:12:48.959 I/InstrumentationBackend( 3917): Added:'IsCurrentActivityFocused', with key:'is_current_activity_focused'
12-14 02:12:48.960 I/InstrumentationBackend( 3917): Added:'SendTcp', with key:'send_tcp'
12-14 02:12:48.961 I/InstrumentationBackend( 3917): Added:'DpToDevicePixel', with key:'dp_to_device_pixel'
12-14 02:12:48.962 I/InstrumentationBackend( 3917): Added:'KeyboardEnterText', with key:'keyboard_enter_text'
12-14 02:12:48.963 I/InstrumentationBackend( 3917): Added:'DeleteSurroundingText', with key:'delete_surrounding_text'
12-14 02:12:48.964 I/InstrumentationBackend( 3917): Added:'SetComposingRegion', with key:'set_composing_region'
12-14 02:12:48.964 I/InstrumentationBackend( 3917): Added:'SetSelection', with key:'set_selection'
12-14 02:12:48.964 I/InstrumentationBackend( 3917): Added:'KeyboardKeyEvent', with key:'keyboard_key_event'
12-14 02:12:48.965 I/InstrumentationBackend( 3917): Added:'PressUserActionButton', with key:'press_user_action_button'
12-14 02:12:48.966 E/adbd    ( 1364): failed to connect to socket 'tcp:7102': Connection refused
12-14 02:12:48.966 I/InstrumentationBackend( 3917): Added:'HideSoftKeyboard', with key:'hide_soft_keyboard'
12-14 02:12:48.968 I/InstrumentationBackend( 3917): Added:'ListActions', with key:'list_actions'
12-14 02:12:48.969 I/calabash( 3917): Instantiating http server at 7102
12-14 02:12:48.969 E/adbd    ( 1364): failed to connect to socket 'tcp:7102': Connection refused
12-14 02:12:48.970 I/System.out( 3917): HTTP Daemon listening on: 7102
12-14 02:12:49.029 I/ActivityManager( 1629): Killing 3282:com.google.android.apps.maps/u0a59 (adj 906): empty #17
12-14 02:12:49.033 E/memtrack( 1629): Couldn't load memtrack module
12-14 02:12:49.033 W/android.os.Debug( 1629): failed to get memory consumption info: -1
12-14 02:12:49.057 D/BoundBrokerSvc( 2240): onUnbind: Intent { act=com.google.android.gms.people.service.START pkg=com.google.android.gms }
12-14 02:12:49.089 I/System.out( 3917): URI: //ping
12-14 02:12:49.089 I/System.out( 3917): params: {json={}
12-14 02:12:49.090 I/System.out( 3917): }
12-14 02:12:49.098 I/System.out( 3917): URI: //ping
12-14 02:12:49.098 I/System.out( 3917): params: {json={}
12-14 02:12:49.098 I/System.out( 3917): }
12-14 02:12:49.104 I/System.out( 3917): URI: //ready
12-14 02:12:49.104 I/System.out( 3917): params: {json={}
12-14 02:12:49.104 I/System.out( 3917): }
12-14 02:12:49.110 I/System.out( 3917): URI: //
12-14 02:12:49.110 I/System.out( 3917): params: {json={"command":"version","arguments":[]}
12-14 02:12:49.110 I/System.out( 3917): }
12-14 02:12:49.110 I/System.out( 3917): header: {content-type=application/json;charset=utf-8, date=Mon, 14 Dec 2020 07:12:49 GMT, accept=*/*, host=127.0.0.1:34777, content-length=36, user-agent=HTTPClient/1.0 (2.8.3, ruby 2.5.8 (2020-03-31))}
12-14 02:12:49.110 I/System.out( 3917): params: {json={"command":"version","arguments":[]}
12-14 02:12:49.110 I/System.out( 3917): }
12-14 02:12:49.110 I/System.out( 3917): ProP json = {"command":"version","arguments":[]}
12-14 02:12:49.110 I/System.out( 3917): files: {}
12-14 02:12:49.110 I/System.out( 3917): command: {"command":"version","arguments":[]}
12-14 02:12:49.138 I/InstrumentationBackend( 3917): Got command:'Command:'Line:null,version', arguments:'[]'
12-14 02:12:49.174 I/System.out( 3917): result:{"bonusInformation":[],"message":"0.9.8","success":true}
12-14 02:12:49.184 I/System.out( 3917): URI: //start-application
12-14 02:12:49.184 I/System.out( 3917): params: {json={"intent":null}
12-14 02:12:49.184 I/System.out( 3917): }
12-14 02:12:49.207 D/ConnectivityService( 1629): handleLingerComplete for NetworkAgentInfo [MOBILE (LTE) - 100]
12-14 02:12:49.220 I/ActivityManager( 1629): START u0 {act=android.intent.action.MAIN cat=[android.intent.category.LAUNCHER] flg=0x10200000 cmp=com.evancharlton.mileage/.Mileage} from uid 10334
12-14 02:12:49.227 I/ActivityManager( 1629): Killing 2531:com.android.providers.calendar/u0a4 (adj 906): empty #17
12-14 02:12:49.238 I/calabash( 3917): newActivity1
12-14 02:12:49.263 D/gralloc_ranchu( 1396): gralloc_alloc: Creating ashmem region of size 7753728
12-14 02:12:49.286 W/ActivityManager( 1629): Bad activity token: android.os.BinderProxy@bc98702
12-14 02:12:49.286 W/ActivityManager( 1629): java.lang.ClassCastException: android.os.BinderProxy cannot be cast to com.android.server.am.ActivityRecord$Token
12-14 02:12:49.286 W/ActivityManager( 1629): 	at com.android.server.am.ActivityRecord.forTokenLocked(ActivityRecord.java:778)
12-14 02:12:49.286 W/ActivityManager( 1629): 	at com.android.server.am.ActivityRecord.isInStackLocked(ActivityRecord.java:2085)
12-14 02:12:49.286 W/ActivityManager( 1629): 	at com.android.server.am.ActivityRecord.getStackLocked(ActivityRecord.java:2090)
12-14 02:12:49.286 W/ActivityManager( 1629): 	at com.android.server.am.ActivityManagerService.getActivityDisplayId(ActivityManagerService.java:10406)
12-14 02:12:49.286 W/ActivityManager( 1629): 	at android.app.IActivityManager$Stub.onTransact(IActivityManager.java:2738)
12-14 02:12:49.286 W/ActivityManager( 1629): 	at com.android.server.am.ActivityManagerService.onTransact(ActivityManagerService.java:2935)
12-14 02:12:49.286 W/ActivityManager( 1629): 	at android.os.Binder.execTransact(Binder.java:674)
12-14 02:12:49.287 I/calabash( 3917): newActivity1
12-14 02:12:49.291 W/ActivityManager( 1629): Bad activity token: android.os.BinderProxy@bc98702
12-14 02:12:49.291 W/ActivityManager( 1629): java.lang.ClassCastException: android.os.BinderProxy cannot be cast to com.android.server.am.ActivityRecord$Token
12-14 02:12:49.291 W/ActivityManager( 1629): 	at com.android.server.am.ActivityRecord.forTokenLocked(ActivityRecord.java:778)
12-14 02:12:49.291 W/ActivityManager( 1629): 	at com.android.server.am.ActivityRecord.isInStackLocked(ActivityRecord.java:2085)
12-14 02:12:49.291 W/ActivityManager( 1629): 	at com.android.server.am.ActivityManagerService.setTaskDescription(ActivityManagerService.java:9988)
12-14 02:12:49.291 W/ActivityManager( 1629): 	at android.app.IActivityManager$Stub.onTransact(IActivityManager.java:2824)
12-14 02:12:49.291 W/ActivityManager( 1629): 	at com.android.server.am.ActivityManagerService.onTransact(ActivityManagerService.java:2935)
12-14 02:12:49.291 W/ActivityManager( 1629): 	at android.os.Binder.execTransact(Binder.java:674)
12-14 02:12:49.293 W/ActivityManager( 1629): Bad activity token: android.os.BinderProxy@bc98702
12-14 02:12:49.293 W/ActivityManager( 1629): java.lang.ClassCastException: android.os.BinderProxy cannot be cast to com.android.server.am.ActivityRecord$Token
12-14 02:12:49.293 W/ActivityManager( 1629): 	at com.android.server.am.ActivityRecord.forTokenLocked(ActivityRecord.java:778)
12-14 02:12:49.293 W/ActivityManager( 1629): 	at com.android.server.am.ActivityRecord.isInStackLocked(ActivityRecord.java:2085)
12-14 02:12:49.293 W/ActivityManager( 1629): 	at com.android.server.am.ActivityRecord.getStackLocked(ActivityRecord.java:2090)
12-14 02:12:49.293 W/ActivityManager( 1629): 	at com.android.server.am.ActivityManagerService.getActivityStackId(ActivityManagerService.java:10417)
12-14 02:12:49.293 W/ActivityManager( 1629): 	at android.app.IActivityManager$Stub.onTransact(IActivityManager.java:3548)
12-14 02:12:49.293 W/ActivityManager( 1629): 	at com.android.server.am.ActivityManagerService.onTransact(ActivityManagerService.java:2935)
12-14 02:12:49.293 W/ActivityManager( 1629): 	at android.os.Binder.execTransact(Binder.java:674)
12-14 02:12:49.315 D/EGL_emulation( 2174): eglMakeCurrent: 0x9c685b40: ver 3 0 (tinfo 0x9c6836f0)
12-14 02:12:49.318 D/EGL_emulation( 2146): eglMakeCurrent: 0x9c6853c0: ver 3 0 (tinfo 0x9c683350)
12-14 02:12:49.351 D/EGL_emulation( 1725): eglMakeCurrent: 0x97e97f20: ver 3 0 (tinfo 0x97ec3b00)
12-14 02:12:49.364 D/FillupsProvider( 3917): Creating database
12-14 02:12:49.365 D/EGL_emulation( 1725): eglMakeCurrent: 0x97e97f20: ver 3 0 (tinfo 0x97ec3b00)
12-14 02:12:49.367 E/ContentStoreEUAS( 2174): Failed to commit the deferred actions
12-14 02:12:49.395 D/EGL_emulation( 1725): eglMakeCurrent: 0x97e97f20: ver 3 0 (tinfo 0x97ec3b00)
12-14 02:12:49.397 V/StatusBar( 1725): setLightsOn(true)
12-14 02:12:49.401 D/EGL_emulation( 1725): eglMakeCurrent: 0x97e97f20: ver 3 0 (tinfo 0x97ec3b00)
12-14 02:12:49.430 I/chatty  ( 1725): uid=10028(u0_a28) RenderThread identical 3 lines
12-14 02:12:49.434 D/EGL_emulation( 1725): eglMakeCurrent: 0x97e97f20: ver 3 0 (tinfo 0x97ec3b00)
12-14 02:12:49.443 I/zygote  ( 3917): Do partial code cache collection, code=29KB, data=22KB
12-14 02:12:49.448 D/EGL_emulation( 1725): eglMakeCurrent: 0x97e97f20: ver 3 0 (tinfo 0x97ec3b00)
12-14 02:12:49.450 I/zygote  ( 3917): After code cache collection, code=29KB, data=22KB
12-14 02:12:49.450 I/zygote  ( 3917): Increasing code cache capacity to 128KB
12-14 02:12:49.451 D/EGL_emulation( 1725): eglMakeCurrent: 0x97e97f20: ver 3 0 (tinfo 0x97ec3b00)
12-14 02:12:49.501 W/ActivityManager( 1629): Bad activity token: android.os.BinderProxy@bc98702
12-14 02:12:49.501 W/ActivityManager( 1629): java.lang.ClassCastException: android.os.BinderProxy cannot be cast to com.android.server.am.ActivityRecord$Token
12-14 02:12:49.501 W/ActivityManager( 1629): 	at com.android.server.am.ActivityRecord.forTokenLocked(ActivityRecord.java:778)
12-14 02:12:49.501 W/ActivityManager( 1629): 	at com.android.server.am.ActivityRecord.isInStackLocked(ActivityRecord.java:2085)
12-14 02:12:49.501 W/ActivityManager( 1629): 	at com.android.server.am.ActivityManagerService.getActivityOptions(ActivityManagerService.java:13302)
