--------- beginning of main
12-13 23:19:22.114 D/gralloc_ranchu( 1396): gralloc_alloc: Creating ashmem region of size 8298496
12-13 23:19:22.119 D/SurfaceFlinger( 1406): duplicate layer name: changing com.google.android.apps.nexuslauncher/com.google.android.apps.nexuslauncher.NexusLauncherActivity to com.google.android.apps.nexuslauncher/com.google.android.apps.nexuslauncher.NexusLauncherActivity#1
12-13 23:19:22.140 D/gralloc_ranchu( 1396): gralloc_alloc: Creating ashmem region of size 8298496
12-13 23:19:22.143 D/EGL_emulation( 1729): eglMakeCurrent: 0x927d83a0: ver 3 0 (tinfo 0x927d3ca0)
12-13 23:19:22.167 D/gralloc_ranchu( 1396): gralloc_alloc: Creating ashmem region of size 8298496
12-13 23:19:22.187 D/EGL_emulation( 2210): eglMakeCurrent: 0xa6205900: ver 3 0 (tinfo 0xa62036d0)
12-13 23:19:22.199 D/gralloc_ranchu( 1396): gralloc_alloc: Creating ashmem region of size 8298496
12-13 23:19:22.238 I/MicroDetectionWorker( 2210): #updateMicroDetector [detectionMode: [mDetectionMode: [1]]]
12-13 23:19:22.238 I/MicroDetectionWorker( 2210): #startMicroDetector [speakerMode: 0]
12-13 23:19:22.243 I/AudioController( 2210): Using mInputStreamFactoryBuilder
12-13 23:19:22.249 I/MicroDetectionWorker( 2210): onReady
12-13 23:19:22.258 I/MicroRecognitionRunner( 2210): Starting detection.
12-13 23:19:22.263 D/EGL_emulation( 2177): eglMakeCurrent: 0xa6205600: ver 3 0 (tinfo 0xa6203250)
12-13 23:19:22.266 I/MicrophoneInputStream( 2210): mic_starting com.google.android.apps.gsa.staticplugins.aa.c@7d3aa35
12-13 23:19:22.275 I/AudioFlinger( 1475): AudioFlinger's thread 0xa8883240 tid=4215 ready to run
12-13 23:19:22.281 I/MicrophoneInputStream( 2210): mic_started com.google.android.apps.gsa.staticplugins.aa.c@7d3aa35
--------- beginning of system
12-13 23:19:22.281 E/ActivityThread( 2210): Failed to find provider info for com.google.android.apps.gsa.testing.ui.audio.recorded
12-13 23:19:22.282 I/MicroDetectionWorker( 2210): onReady
12-13 23:19:22.286 I/MicrophoneInputStream( 2210): mic_close com.google.android.apps.gsa.staticplugins.aa.c@7d3aa35
12-13 23:19:22.287 I/MicroRecognitionRunner( 2210): Detection finished
12-13 23:19:22.287 W/ErrorReporter( 2210): reportError [type: 211, code: 524300]: Error reading from input stream
12-13 23:19:22.288 I/MicroRecognitionRunner( 2210): Stopping hotword detection.
12-13 23:19:22.289 W/ErrorProcessor( 2210): onFatalError, processing error from engine(4)
12-13 23:19:22.289 W/ErrorProcessor( 2210): com.google.android.apps.gsa.shared.speech.b.g: Error reading from input stream
12-13 23:19:22.289 W/ErrorProcessor( 2210): 	at com.google.android.apps.gsa.staticplugins.recognizer.j.a.a(SourceFile:28)
12-13 23:19:22.289 W/ErrorProcessor( 2210): 	at com.google.android.apps.gsa.staticplugins.recognizer.j.b.run(SourceFile:15)
12-13 23:19:22.289 W/ErrorProcessor( 2210): 	at java.util.concurrent.Executors$RunnableAdapter.call(Executors.java:457)
12-13 23:19:22.289 W/ErrorProcessor( 2210): 	at java.util.concurrent.FutureTask.run(FutureTask.java:266)
12-13 23:19:22.289 W/ErrorProcessor( 2210): 	at com.google.android.apps.gsa.shared.util.concurrent.a.ax.run(SourceFile:14)
12-13 23:19:22.289 W/ErrorProcessor( 2210): 	at com.google.android.apps.gsa.shared.util.concurrent.a.bl.run(SourceFile:4)
12-13 23:19:22.289 W/ErrorProcessor( 2210): 	at com.google.android.apps.gsa.shared.util.concurrent.a.bl.run(SourceFile:4)
12-13 23:19:22.289 W/ErrorProcessor( 2210): 	at java.util.concurrent.ThreadPoolExecutor.runWorker(ThreadPoolExecutor.java:1162)
12-13 23:19:22.289 W/ErrorProcessor( 2210): 	at java.util.concurrent.ThreadPoolExecutor$Worker.run(ThreadPoolExecutor.java:636)
12-13 23:19:22.289 W/ErrorProcessor( 2210): 	at java.lang.Thread.run(Thread.java:764)
12-13 23:19:22.289 W/ErrorProcessor( 2210): 	at com.google.android.apps.gsa.shared.util.concurrent.a.ai.run(SourceFile:6)
12-13 23:19:22.289 W/ErrorProcessor( 2210): Caused by: com.google.android.apps.gsa.shared.exception.GsaIOException: Error code: 393238 | Buffer overflow, no available space.
12-13 23:19:22.289 W/ErrorProcessor( 2210): 	at com.google.android.apps.gsa.speech.audio.Tee.f(SourceFile:103)
12-13 23:19:22.289 W/ErrorProcessor( 2210): 	at com.google.android.apps.gsa.speech.audio.au.read(SourceFile:2)
12-13 23:19:22.289 W/ErrorProcessor( 2210): 	at java.io.InputStream.read(InputStream.java:101)
12-13 23:19:22.289 W/ErrorProcessor( 2210): 	at com.google.android.apps.gsa.speech.audio.ao.run(SourceFile:18)
12-13 23:19:22.289 W/ErrorProcessor( 2210): 	at com.google.android.apps.gsa.speech.audio.an.run(SourceFile:2)
12-13 23:19:22.289 W/ErrorProcessor( 2210): 	... 9 more
12-13 23:19:22.289 I/AudioController( 2210): internalShutdown
12-13 23:19:22.304 D/gralloc_ranchu( 1396): gralloc_alloc: Creating ashmem region of size 7753728
12-13 23:19:22.306 I/zygote  ( 2210): Background concurrent copying GC freed 14202(907KB) AllocSpace objects, 10(3MB) LOS objects, 50% free, 4MB/8MB, paused 5.310ms total 46.379ms
12-13 23:19:22.309 I/MicroDetector( 2210): Keeping mic open: false
12-13 23:19:22.309 I/MicroDetectionWorker( 2210): #onError(false)
12-13 23:19:22.310 I/DeviceStateChecker( 2210): DeviceStateChecker cancelled
12-13 23:19:22.333 D/EGL_emulation( 1729): eglMakeCurrent: 0x927d83a0: ver 3 0 (tinfo 0x927d3ca0)
12-13 23:19:22.540 I/chatty  ( 1729): uid=10028(u0_a28) RenderThread identical 23 lines
12-13 23:19:22.561 D/EGL_emulation( 1729): eglMakeCurrent: 0x927d83a0: ver 3 0 (tinfo 0x927d3ca0)
12-13 23:19:22.712 D/AndroidRuntime( 4216): >>>>>> START com.android.internal.os.RuntimeInit uid 2000 <<<<<<
12-13 23:19:22.743 W/OpenGLRenderer( 2177): Incorrectly called buildLayer on View: ShortcutAndWidgetContainer, destroying layer...
12-13 23:19:22.783 I/OpenGLRenderer( 1630): Initialized EGL, version 1.4
12-13 23:19:22.783 D/OpenGLRenderer( 1630): Swap behavior 1
12-13 23:19:22.783 W/OpenGLRenderer( 1630): Failed to choose config with EGL_SWAP_BEHAVIOR_PRESERVED, retrying without...
12-13 23:19:22.783 D/OpenGLRenderer( 1630): Swap behavior 0
12-13 23:19:22.791 D/EGL_emulation( 1630): eglCreateContext: 0xa35ed4e0: maj 3 min 0 rcv 3
12-13 23:19:22.793 D/EGL_emulation( 1630): eglMakeCurrent: 0xa35ed4e0: ver 3 0 (tinfo 0x93f49f20)
12-13 23:19:22.794 E/eglCodecCommon( 1630): glUtilsParamSize: unknow param 0x00008cdf
12-13 23:19:22.794 E/eglCodecCommon( 1630): glUtilsParamSize: unknow param 0x00008cdf
12-13 23:19:22.794 E/eglCodecCommon( 1630): glUtilsParamSize: unknow param 0x00008824
12-13 23:19:22.794 E/eglCodecCommon( 1630): glUtilsParamSize: unknow param 0x00008824
12-13 23:19:22.818 W/app_process( 4216): Unexpected CPU variant for X86 using defaults: x86
12-13 23:19:22.840 D/AndroidRuntime( 4216): Calling main entry com.android.commands.am.Am
12-13 23:19:22.841 I/ActivityManager( 1630): Force stopping com.evancharlton.mileage appid=10158 user=0: start instr
12-13 23:19:22.841 I/ActivityManager( 1630): Killing 4164:com.evancharlton.mileage/u0a158 (adj 0): stop com.evancharlton.mileage
12-13 23:19:22.842 W/ActivityManager( 1630): Crash of app com.evancharlton.mileage running instrumentation ComponentInfo{com.evancharlton.mileage.test/sh.calaba.instrumentationbackend.CalabashInstrumentationTestRunner}
12-13 23:19:22.843 I/ActivityManager( 1630): Force stopping com.evancharlton.mileage appid=10158 user=0: finished inst
12-13 23:19:22.849 I/zygote  ( 4226): Not late-enabling -Xcheck:jni (already on)
12-13 23:19:22.857 I/ActivityManager( 1630): Start proc 4226:com.evancharlton.mileage/u0a158 for added application com.evancharlton.mileage
12-13 23:19:22.857 D/AndroidRuntime( 4216): Shutting down VM
12-13 23:19:22.861 W/zygote  ( 4226): Unexpected CPU variant for X86 using defaults: x86
12-13 23:19:22.876 E/adbd    ( 1363): failed to connect to socket 'tcp:7102': Connection refused
12-13 23:19:22.887 E/adbd    ( 1363): failed to connect to socket 'tcp:7102': Connection refused
12-13 23:19:22.887 W/zygote  ( 4226): Found duplicate classes, falling back to extracting from APK : /data/app/com.evancharlton.mileage.test-FBWvay0oYfIVRoUJxetBKw==/base.apk
12-13 23:19:22.888 W/zygote  ( 4226): NOTE: This wastes RAM and hurts startup performance.
12-13 23:19:22.888 W/zygote  ( 4226): Found duplicated class when checking oat files: 'Ljunit/runner/BaseTestRunner;' in /data/app/com.evancharlton.mileage.test-FBWvay0oYfIVRoUJxetBKw==/base.apk and /system/framework/android.test.runner.jar
12-13 23:19:22.888 W/zygote  ( 4226): 
12-13 23:19:22.903 W/ActivityManager( 1630): setHasOverlayUi called on unknown pid: 4164
12-13 23:19:22.929 W/System  ( 4226): ClassLoader referenced unknown path: 
12-13 23:19:22.947 I/System.out( 4226): Main activity name automatically set to: com.evancharlton.mileage.Mileage
12-13 23:19:22.948 I/System.out( 4226): Calabash did not load Mono. This is only a problem if you are trying to test a Mono application
12-13 23:19:22.949 I/calabash( 4226): Test server port: 7102
12-13 23:19:22.951 I/InstrumentationBackend( 4226): Added:'GetPreferences', with key:'get_preferences'
12-13 23:19:22.993 E/adbd    ( 1363): failed to connect to socket 'tcp:7102': Connection refused
12-13 23:19:22.995 E/adbd    ( 1363): failed to connect to socket 'tcp:7102': Connection refused
12-13 23:19:23.052 I/InstrumentationBackend( 4226): Added:'SetPreferences', with key:'set_preferences'
12-13 23:19:23.052 I/InstrumentationBackend( 4226): Added:'ClearPreferences', with key:'clear_preferences'
12-13 23:19:23.054 I/InstrumentationBackend( 4226): Added:'PressElement', with key:'press_l10n_element'
12-13 23:19:23.056 I/InstrumentationBackend( 4226): Added:'WaitForElement', with key:'wait_for_l10n_element'
12-13 23:19:23.063 I/InstrumentationBackend( 4226): Added:'NullAction', with key:'nullAction'
12-13 23:19:23.063 I/InstrumentationBackend( 4226): Added:'PressKey', with key:'press_key'
12-13 23:19:23.064 I/InstrumentationBackend( 4226): Added:'SetActivityOrientation', with key:'set_activity_orientation'
12-13 23:19:23.064 I/InstrumentationBackend( 4226): Added:'GetActivityOrientation', with key:'get_activity_orientation'
12-13 23:19:23.064 I/InstrumentationBackend( 4226): Added:'FakeGPSLocation', with key:'set_gps_coordinates'
12-13 23:19:23.064 I/InstrumentationBackend( 4226): Added:'SetPropertyByCssSelector', with key:'set_property_by_css_selector'
12-13 23:19:23.065 I/InstrumentationBackend( 4226): Added:'GetUrl', with key:'get_url'
12-13 23:19:23.069 I/InstrumentationBackend( 4226): Added:'ScrollTo', with key:'scroll_to'
12-13 23:19:23.069 I/InstrumentationBackend( 4226): Added:'GetLoadProgress', with key:'get_load_progress'
12-13 23:19:23.070 I/InstrumentationBackend( 4226): Added:'DumpHtml', with key:'dump_html'
12-13 23:19:23.070 I/InstrumentationBackend( 4226): Added:'DumpBodyHtml', with key:'dump_body_html'
12-13 23:19:23.070 I/InstrumentationBackend( 4226): Added:'EnterTextByCssSelector', with key:'enter_text_by_selector'
12-13 23:19:23.077 I/InstrumentationBackend( 4226): Added:'AndroidSDKVersion', with key:'android_sdk_version'
12-13 23:19:23.077 I/InstrumentationBackend( 4226): Added:'Version', with key:'version'
12-13 23:19:23.078 I/InstrumentationBackend( 4226): Added:'Drag', with key:'drag'
12-13 23:19:23.078 I/InstrumentationBackend( 4226): Added:'TouchCoordinates', with key:'touch_coordinate'
12-13 23:19:23.078 I/InstrumentationBackend( 4226): Added:'LongPressCoordinate', with key:'long_press_coordinate'
12-13 23:19:23.078 I/InstrumentationBackend( 4226): Added:'DragCoordinates', with key:'drag_coordinates'
12-13 23:19:23.079 I/InstrumentationBackend( 4226): Added:'ResumeApplication', with key:'resume_application'
12-13 23:19:23.079 I/InstrumentationBackend( 4226): Added:'Swipe', with key:'swipe'
12-13 23:19:23.079 I/InstrumentationBackend( 4226): Added:'DoubleTapCoordinate', with key:'double_tap_coordinate'
12-13 23:19:23.079 I/InstrumentationBackend( 4226): Added:'ClickOnScreen', with key:'click_on_screen'
12-13 23:19:23.080 I/InstrumentationBackend( 4226): Added:'GetActivityName', with key:'get_activity_name'
12-13 23:19:23.080 I/InstrumentationBackend( 4226): Added:'ScrollToView', with key:'scroll_to_view'
12-13 23:19:23.081 I/InstrumentationBackend( 4226): Added:'ViewConfiguration', with key:'view_configuration'
12-13 23:19:23.081 I/InstrumentationBackend( 4226): Added:'IsCurrentActivityFocused', with key:'is_current_activity_focused'
12-13 23:19:23.081 I/InstrumentationBackend( 4226): Added:'SendTcp', with key:'send_tcp'
12-13 23:19:23.081 I/InstrumentationBackend( 4226): Added:'DpToDevicePixel', with key:'dp_to_device_pixel'
12-13 23:19:23.082 I/InstrumentationBackend( 4226): Added:'KeyboardEnterText', with key:'keyboard_enter_text'
12-13 23:19:23.083 I/InstrumentationBackend( 4226): Added:'DeleteSurroundingText', with key:'delete_surrounding_text'
12-13 23:19:23.083 I/InstrumentationBackend( 4226): Added:'SetComposingRegion', with key:'set_composing_region'
12-13 23:19:23.083 I/InstrumentationBackend( 4226): Added:'SetSelection', with key:'set_selection'
12-13 23:19:23.085 I/InstrumentationBackend( 4226): Added:'KeyboardKeyEvent', with key:'keyboard_key_event'
12-13 23:19:23.086 I/InstrumentationBackend( 4226): Added:'PressUserActionButton', with key:'press_user_action_button'
12-13 23:19:23.087 I/InstrumentationBackend( 4226): Added:'HideSoftKeyboard', with key:'hide_soft_keyboard'
12-13 23:19:23.090 I/InstrumentationBackend( 4226): Added:'ListActions', with key:'list_actions'
12-13 23:19:23.090 I/calabash( 4226): Instantiating http server at 7102
12-13 23:19:23.091 I/System.out( 4226): HTTP Daemon listening on: 7102
12-13 23:19:23.104 I/NetworkScheduler.Stats( 1940): Task com.google.android.gms/com.google.android.gms.icing.service.IcingGcmTaskService started execution. cause:4 exec_start_elapsed_seconds: 77 [CONTEXT service_id=218 ]
12-13 23:19:23.112 I/System.out( 4226): URI: //ping
12-13 23:19:23.116 I/System.out( 4226): params: {json={}
12-13 23:19:23.116 I/System.out( 4226): }
12-13 23:19:23.116 I/NetworkScheduler.Stats( 1940): Task com.google.android.gms/com.google.android.gms.icing.service.IcingGcmTaskService finished executing. cause:4 result: 1 elapsed_millis: 56 uptime_millis: 56 exec_start_elapsed_seconds: 77 [CONTEXT service_id=218 ]
12-13 23:19:23.127 I/System.out( 4226): URI: //ping
12-13 23:19:23.127 I/System.out( 4226): params: {json={}
12-13 23:19:23.127 I/System.out( 4226): }
12-13 23:19:23.133 I/System.out( 4226): URI: //ready
12-13 23:19:23.133 I/System.out( 4226): params: {json={}
12-13 23:19:23.133 I/System.out( 4226): }
12-13 23:19:23.140 I/System.out( 4226): URI: //
12-13 23:19:23.140 I/System.out( 4226): params: {json={"command":"version","arguments":[]}
12-13 23:19:23.140 I/System.out( 4226): }
12-13 23:19:23.141 I/System.out( 4226): header: {content-type=application/json;charset=utf-8, date=Mon, 14 Dec 2020 04:19:24 GMT, accept=*/*, host=127.0.0.1:34777, content-length=36, user-agent=HTTPClient/1.0 (2.8.3, ruby 2.5.8 (2020-03-31))}
12-13 23:19:23.141 I/System.out( 4226): params: {json={"command":"version","arguments":[]}
12-13 23:19:23.141 I/System.out( 4226): }
12-13 23:19:23.141 I/System.out( 4226): ProP json = {"command":"version","arguments":[]}
12-13 23:19:23.141 I/System.out( 4226): files: {}
12-13 23:19:23.141 I/System.out( 4226): command: {"command":"version","arguments":[]}
12-13 23:19:23.178 I/InstrumentationBackend( 4226): Got command:'Command:'Line:null,version', arguments:'[]'
12-13 23:19:23.206 I/NetworkScheduler.Stats( 1940): Task com.google.android.gms/com.google.android.gms.clearcut.uploader.QosUploaderService started execution. cause:5 exec_start_elapsed_seconds: 77 [CONTEXT service_id=218 ]
12-13 23:19:23.214 I/NetworkScheduler.Stats( 1940): Task com.google.android.gms/com.google.android.gms.clearcut.uploader.QosUploaderService finished executing. cause:5 result: 1 elapsed_millis: 47 uptime_millis: 47 exec_start_elapsed_seconds: 77 [CONTEXT service_id=218 ]
12-13 23:19:23.228 I/System.out( 4226): result:{"bonusInformation":[],"message":"0.9.8","success":true}
12-13 23:19:23.235 I/System.out( 4226): URI: //start-application
12-13 23:19:23.235 I/System.out( 4226): params: {json={"intent":null}
12-13 23:19:23.235 I/System.out( 4226): }
12-13 23:19:23.270 I/ActivityManager( 1630): START u0 {act=android.intent.action.MAIN cat=[android.intent.category.LAUNCHER] flg=0x10200000 cmp=com.evancharlton.mileage/.Mileage} from uid 10158
12-13 23:19:23.291 I/calabash( 4226): newActivity1
12-13 23:19:23.297 D/gralloc_ranchu( 1396): gralloc_alloc: Creating ashmem region of size 7753728
12-13 23:19:23.361 W/ActivityManager( 1630): Bad activity token: android.os.BinderProxy@bf45a16
12-13 23:19:23.361 W/ActivityManager( 1630): java.lang.ClassCastException: android.os.BinderProxy cannot be cast to com.android.server.am.ActivityRecord$Token
12-13 23:19:23.361 W/ActivityManager( 1630): 	at com.android.server.am.ActivityRecord.forTokenLocked(ActivityRecord.java:778)
12-13 23:19:23.361 W/ActivityManager( 1630): 	at com.android.server.am.ActivityRecord.isInStackLocked(ActivityRecord.java:2085)
12-13 23:19:23.361 W/ActivityManager( 1630): 	at com.android.server.am.ActivityRecord.getStackLocked(ActivityRecord.java:2090)
12-13 23:19:23.361 W/ActivityManager( 1630): 	at com.android.server.am.ActivityManagerService.getActivityDisplayId(ActivityManagerService.java:10406)
12-13 23:19:23.361 W/ActivityManager( 1630): 	at android.app.IActivityManager$Stub.onTransact(IActivityManager.java:2738)
12-13 23:19:23.361 W/ActivityManager( 1630): 	at com.android.server.am.ActivityManagerService.onTransact(ActivityManagerService.java:2935)
12-13 23:19:23.361 W/ActivityManager( 1630): 	at android.os.Binder.execTransact(Binder.java:674)
12-13 23:19:23.362 I/calabash( 4226): newActivity1
12-13 23:19:23.369 W/ActivityManager( 1630): Bad activity token: android.os.BinderProxy@bf45a16
12-13 23:19:23.369 W/ActivityManager( 1630): java.lang.ClassCastException: android.os.BinderProxy cannot be cast to com.android.server.am.ActivityRecord$Token
12-13 23:19:23.369 W/ActivityManager( 1630): 	at com.android.server.am.ActivityRecord.forTokenLocked(ActivityRecord.java:778)
12-13 23:19:23.369 W/ActivityManager( 1630): 	at com.android.server.am.ActivityRecord.isInStackLocked(ActivityRecord.java:2085)
12-13 23:19:23.369 W/ActivityManager( 1630): 	at com.android.server.am.ActivityManagerService.setTaskDescription(ActivityManagerService.java:9988)
12-13 23:19:23.369 W/ActivityManager( 1630): 	at android.app.IActivityManager$Stub.onTransact(IActivityManager.java:2824)
12-13 23:19:23.369 W/ActivityManager( 1630): 	at com.android.server.am.ActivityManagerService.onTransact(ActivityManagerService.java:2935)
12-13 23:19:23.369 W/ActivityManager( 1630): 	at android.os.Binder.execTransact(Binder.java:674)
12-13 23:19:23.371 W/ActivityManager( 1630): Bad activity token: android.os.BinderProxy@bf45a16
12-13 23:19:23.371 W/ActivityManager( 1630): java.lang.ClassCastException: android.os.BinderProxy cannot be cast to com.android.server.am.ActivityRecord$Token
12-13 23:19:23.371 W/ActivityManager( 1630): 	at com.android.server.am.ActivityRecord.forTokenLocked(ActivityRecord.java:778)
12-13 23:19:23.371 W/ActivityManager( 1630): 	at com.android.server.am.ActivityRecord.isInStackLocked(ActivityRecord.java:2085)
12-13 23:19:23.371 W/ActivityManager( 1630): 	at com.android.server.am.ActivityRecord.getStackLocked(ActivityRecord.java:2090)
12-13 23:19:23.371 W/ActivityManager( 1630): 	at com.android.server.am.ActivityManagerService.getActivityStackId(ActivityManagerService.java:10417)
12-13 23:19:23.371 W/ActivityManager( 1630): 	at android.app.IActivityManager$Stub.onTransact(IActivityManager.java:3548)
12-13 23:19:23.371 W/ActivityManager( 1630): 	at com.android.server.am.ActivityManagerService.onTransact(ActivityManagerService.java:2935)
12-13 23:19:23.371 W/ActivityManager( 1630): 	at android.os.Binder.execTransact(Binder.java:674)
12-13 23:19:23.399 D/EGL_emulation( 2177): eglMakeCurrent: 0xa6205600: ver 3 0 (tinfo 0xa6203250)
12-13 23:19:23.406 V/StatusBar( 1729): setLightsOn(true)
12-13 23:19:23.410 E/ContentStoreEUAS( 2210): Failed to commit the deferred actions
12-13 23:19:23.418 D/EGL_emulation( 1729): eglMakeCurrent: 0x927d83a0: ver 3 0 (tinfo 0x927d3ca0)
12-13 23:19:23.422 V/StatusBar( 1729): setLightsOn(true)
12-13 23:19:23.431 D/EGL_emulation( 2210): eglMakeCurrent: 0xa6205900: ver 3 0 (tinfo 0xa62036d0)
12-13 23:19:23.435 D/EGL_emulation( 1729): eglMakeCurrent: 0x927d83a0: ver 3 0 (tinfo 0x927d3ca0)
12-13 23:19:23.449 I/chatty  ( 1729): uid=10028(u0_a28) RenderThread identical 2 lines
12-13 23:19:23.456 D/EGL_emulation( 1729): eglMakeCurrent: 0x927d83a0: ver 3 0 (tinfo 0x927d3ca0)
12-13 23:19:23.457 V/StatusBar( 1729): setLightsOn(true)
12-13 23:19:23.466 D/EGL_emulation( 1729): eglMakeCurrent: 0x927d83a0: ver 3 0 (tinfo 0x927d3ca0)
12-13 23:19:23.519 W/ActivityManager( 1630): Bad activity token: android.os.BinderProxy@bf45a16
12-13 23:19:23.519 W/ActivityManager( 1630): java.lang.ClassCastException: android.os.BinderProxy cannot be cast to com.android.server.am.ActivityRecord$Token
12-13 23:19:23.519 W/ActivityManager( 1630): 	at com.android.server.am.ActivityRecord.forTokenLocked(ActivityRecord.java:778)
12-13 23:19:23.519 W/ActivityManager( 1630): 	at com.android.server.am.ActivityRecord.isInStackLocked(ActivityRecord.java:2085)
12-13 23:19:23.519 W/ActivityManager( 1630): 	at com.android.server.am.ActivityManagerService.getActivityOptions(ActivityManagerService.java:13302)
12-13 23:19:23.519 W/ActivityManager( 1630): 	at android.app.IActivityManager$Stub.onTransact(IActivityManager.java:2910)
12-13 23:19:23.519 W/ActivityManager( 1630): 	at com.android.server.am.ActivityManagerService.onTransact(ActivityManagerService.java:2935)
12-13 23:19:23.519 W/ActivityManager( 1630): 	at android.os.Binder.execTransact(Binder.java:674)
12-13 23:19:23.520 W/ActivityManager( 1630): Bad activity token: android.os.BinderProxy@bf45a16
12-13 23:19:23.520 W/ActivityManager( 1630): java.lang.ClassCastException: android.os.BinderProxy cannot be cast to com.android.server.am.ActivityRecord$Token
12-13 23:19:23.520 W/ActivityManager( 1630): 	at com.android.server.am.ActivityRecord.forTokenLocked(ActivityRecord.java:778)
12-13 23:19:23.520 W/ActivityManager( 1630): 	at com.android.server.am.ActivityRecord.isInStackLocked(ActivityRecord.java:2085)
12-13 23:19:23.520 W/ActivityManager( 1630): 	at com.android.server.am.ActivityManagerService.getActivityOptions(ActivityManagerService.java:13302)
12-13 23:19:23.520 W/ActivityManager( 1630): 	at android.app.IActivityManager$Stub.onTransact(IActivityManager.java:2910)
12-13 23:19:23.520 W/ActivityManager( 1630): 	at com.android.server.am.ActivityManagerService.onTransact(ActivityManagerService.java:2935)
12-13 23:19:23.520 W/ActivityManager( 1630): 	at android.os.Binder.execTransact(Binder.java:674)
12-13 23:19:23.618 I/chatty  ( 1729): uid=10028(u0_a28) RenderThread identical 17 lines
12-13 23:19:23.626 D/EGL_emulation( 1729): eglMakeCurrent: 0x927d83a0: ver 3 0 (tinfo 0x927d3ca0)
12-13 23:19:23.626 V/StatusBar( 1729): setLightsOn(true)
12-13 23:19:23.678 I/chatty  ( 1729): uid=10028(u0_a28) com.android.systemui identical 2 lines
12-13 23:19:23.679 V/StatusBar( 1729): setLightsOn(true)
12-13 23:19:23.694 I/zygote  ( 4226): Do partial code cache collection, code=28KB, data=30KB
12-13 23:19:23.694 I/zygote  ( 4226): After code cache collection, code=28KB, data=30KB
12-13 23:19:23.694 I/zygote  ( 4226): Increasing code cache capacity to 128KB
12-13 23:19:23.695 I/zygote  ( 4226): Do partial code cache collection, code=28KB, data=48KB
12-13 23:19:23.695 I/zygote  ( 4226): After code cache collection, code=28KB, data=48KB
12-13 23:19:23.695 I/zygote  ( 4226): Increasing code cache capacity to 256KB
12-13 23:19:23.696 I/zygote  ( 4226): JIT allocated 71KB for compiled code of void android.widget.TextView.<init>(android.content.Context, android.util.AttributeSet, int, int)
12-13 23:19:23.696 I/zygote  ( 4226): Compiler allocated 4MB to compile void android.widget.TextView.<init>(android.content.Context, android.util.AttributeSet, int, int)
12-13 23:19:23.729 D/gralloc_ranchu( 1396): gralloc_alloc: Creating ashmem region of size 7753728
12-13 23:19:23.750 D/        ( 4226): HostConnection::get() New Host Connection established 0xa3630c40, tid 4226
12-13 23:19:23.803 V/StatusBar( 1729): setLightsOn(true)
12-13 23:19:23.808 V/StatusBar( 1729): setLightsOn(true)
12-13 23:19:23.810 I/ActivityManager( 1630): Displayed com.evancharlton.mileage/.Mileage: +521ms
12-13 23:19:23.813 V/StatusBar( 1729): setLightsOn(true)
12-13 23:19:23.834 I/chatty  ( 1729): uid=10028(u0_a28) com.android.systemui identical 1 line
12-13 23:19:23.849 V/StatusBar( 1729): setLightsOn(true)
12-13 23:19:23.863 D/gralloc_ranchu( 1396): gralloc_alloc: Creating ashmem region of size 7753728
12-13 23:19:24.008 V/StatusBar( 1729): setLightsOn(true)
12-13 23:19:24.144 I/chatty  ( 1729): uid=10028(u0_a28) com.android.systemui identical 2 lines
12-13 23:19:24.158 V/StatusBar( 1729): setLightsOn(true)
12-13 23:19:24.163 W/SurfaceFlinger( 1406): couldn't log to binary event log: overflow.
