--------- beginning of main
12-14 01:48:12.575 D/gralloc_ranchu( 1395): gralloc_alloc: Creating ashmem region of size 8298496
12-14 01:48:12.584 D/        ( 3933): HostConnection::get() New Host Connection established 0xb4e2f800, tid 3933
12-14 01:48:12.642 I/zygote  ( 1937): Background concurrent copying GC freed 97484(5MB) AllocSpace objects, 4(88KB) LOS objects, 45% free, 7MB/13MB, paused 614us total 105.610ms
12-14 01:48:12.645 I/zygote  ( 1937): Deoptimizing bpvb bpuz.i(bpva) due to JIT inline cache
12-14 01:48:12.659 I/zygote  ( 1937): Deoptimizing bpvb bpuz.i(bpva) due to JIT inline cache
12-14 01:48:12.686 V/StatusBar( 1726): setLightsOn(true)
12-14 01:48:12.988 D/BoundBrokerSvc( 1937): onUnbind: Intent { act=com.google.android.gms.auth.account.workaccount.START cmp=com.google.android.gms/.chimera.PersistentApiService }
12-14 01:48:13.206 I/System.out( 3874): URI: //kill
12-14 01:48:13.206 I/System.out( 3874): params: {json={}
12-14 01:48:13.206 I/System.out( 3874): }
12-14 01:48:13.206 I/System.out( 3874): Stopping test server
12-14 01:48:13.207 D/BoundBrokerSvc( 1937): onUnbind: Intent { act=com.google.android.gms.auth.proximity.START cmp=com.google.android.gms/.chimera.PersistentBoundBrokerService }
12-14 01:48:13.211 E/adbd    ( 1383): failed to connect to socket 'tcp:7102': Connection refused
12-14 01:48:13.213 E/adbd    ( 1383): failed to connect to socket 'tcp:7102': Connection refused
12-14 01:48:13.229 D/BoundBrokerSvc( 2203): onUnbind: Intent { act=com.google.android.gms.auth.cryptauth.cryptauthservice.START cmp=com.google.android.gms/.chimera.GmsBoundBrokerService }
12-14 01:48:13.252 V/StatusBar( 1726): setLightsOn(true)
12-14 01:48:13.264 I/chatty  ( 1726): uid=10028(u0_a28) com.android.systemui identical 2 lines
12-14 01:48:13.266 V/StatusBar( 1726): setLightsOn(true)
12-14 01:48:13.279 D/gralloc_ranchu( 1395): gralloc_alloc: Creating ashmem region of size 8298496
12-14 01:48:13.282 V/StatusBar( 1726): setLightsOn(true)
12-14 01:48:13.300 D/gralloc_ranchu( 1395): gralloc_alloc: Creating ashmem region of size 8298496
12-14 01:48:13.300 D/SurfaceFlinger( 1414): duplicate layer name: changing com.google.android.apps.nexuslauncher/com.google.android.apps.nexuslauncher.NexusLauncherActivity to com.google.android.apps.nexuslauncher/com.google.android.apps.nexuslauncher.NexusLauncherActivity#1
12-14 01:48:13.312 D/gralloc_ranchu( 1395): gralloc_alloc: Creating ashmem region of size 8298496
12-14 01:48:13.323 D/gralloc_ranchu( 1395): gralloc_alloc: Creating ashmem region of size 8298496
12-14 01:48:13.373 D/EGL_emulation( 1726): eglMakeCurrent: 0x9f9ad400: ver 3 0 (tinfo 0x903d5c00)
12-14 01:48:13.399 D/EGL_emulation( 2172): eglMakeCurrent: 0xa17c7c80: ver 3 0 (tinfo 0xa197f390)
12-14 01:48:13.400 D/gralloc_ranchu( 1395): gralloc_alloc: Creating ashmem region of size 8298496
12-14 01:48:13.466 D/gralloc_ranchu( 1395): gralloc_alloc: Creating ashmem region of size 8298496
12-14 01:48:13.480 E/memtrack( 1628): Couldn't load memtrack module
12-14 01:48:13.481 W/android.os.Debug( 1628): failed to get memory consumption info: -1
12-14 01:48:13.544 I/zygote  ( 2172): Deoptimizing void com.google.android.apps.gsa.search.core.service.worker.a.a.a(com.google.android.apps.gsa.search.core.state.qc) due to JIT inline cache
12-14 01:48:13.557 E/GmsClient( 2172): unable to connect to service: com.google.android.gms.speech.service.START on com.google.android.gms
12-14 01:48:13.566 W/SessionLifecycleManager( 2172): Handover failed. Creating new session controller.
12-14 01:48:13.577 D/EGL_emulation( 2145): eglMakeCurrent: 0xa17c6f00: ver 3 0 (tinfo 0xa197fad0)
12-14 01:48:13.587 I/OptInState( 2172): There is a new client and it does not support opt-in. Dropping request.
12-14 01:48:13.602 D/gralloc_ranchu( 1395): gralloc_alloc: Creating ashmem region of size 7753728
12-14 01:48:13.649 I/MicroDetectionWorker( 2172): #updateMicroDetector [detectionMode: [mDetectionMode: [1]]]
12-14 01:48:13.649 I/MicroDetectionWorker( 2172): #startMicroDetector [speakerMode: 0]
12-14 01:48:13.649 I/AudioController( 2172): Using mInputStreamFactoryBuilder
12-14 01:48:13.677 I/zygote  ( 2172): Do full code cache collection, code=247KB, data=201KB
12-14 01:48:13.677 I/zygote  ( 2172): After code cache collection, code=236KB, data=158KB
12-14 01:48:13.693 D/        ( 1726): HostConnection::get() New Host Connection established 0x8cbcfe40, tid 1778
12-14 01:48:13.693 D/EGL_emulation( 1726): eglMakeCurrent: 0x9f9ad400: ver 3 0 (tinfo 0x903d5c00)
12-14 01:48:13.702 I/MicroRecognitionRunner( 2172): Starting detection.
12-14 01:48:13.702 I/MicroDetectionWorker( 2172): onReady
12-14 01:48:13.702 I/MicrophoneInputStream( 2172): mic_starting com.google.android.apps.gsa.staticplugins.aa.c@607b564
12-14 01:48:13.719 I/MicrophoneInputStream( 2172): mic_started com.google.android.apps.gsa.staticplugins.aa.c@607b564
12-14 01:48:13.720 I/AudioFlinger( 1475): AudioFlinger's thread 0xabf0d500 tid=3951 ready to run
12-14 01:48:13.729 I/MicroDetectionWorker( 2172): onReady
12-14 01:48:13.730 I/MicrophoneInputStream( 2172): mic_close com.google.android.apps.gsa.staticplugins.aa.c@607b564
12-14 01:48:13.737 I/MicroRecognitionRunner( 2172): Detection finished
12-14 01:48:13.740 W/ErrorReporter( 2172): reportError [type: 211, code: 524300]: Error reading from input stream
12-14 01:48:13.740 I/MicroRecognitionRunner( 2172): Stopping hotword detection.
12-14 01:48:13.740 W/ErrorProcessor( 2172): onFatalError, processing error from engine(4)
12-14 01:48:13.740 W/ErrorProcessor( 2172): com.google.android.apps.gsa.shared.speech.b.g: Error reading from input stream
12-14 01:48:13.740 W/ErrorProcessor( 2172): 	at com.google.android.apps.gsa.staticplugins.recognizer.j.a.a(SourceFile:28)
12-14 01:48:13.740 W/ErrorProcessor( 2172): 	at com.google.android.apps.gsa.staticplugins.recognizer.j.b.run(SourceFile:15)
12-14 01:48:13.740 W/ErrorProcessor( 2172): 	at java.util.concurrent.Executors$RunnableAdapter.call(Executors.java:457)
12-14 01:48:13.740 W/ErrorProcessor( 2172): 	at java.util.concurrent.FutureTask.run(FutureTask.java:266)
12-14 01:48:13.740 W/ErrorProcessor( 2172): 	at com.google.android.apps.gsa.shared.util.concurrent.a.ax.run(SourceFile:14)
12-14 01:48:13.740 W/ErrorProcessor( 2172): 	at com.google.android.apps.gsa.shared.util.concurrent.a.bl.run(SourceFile:4)
12-14 01:48:13.740 W/ErrorProcessor( 2172): 	at com.google.android.apps.gsa.shared.util.concurrent.a.bl.run(SourceFile:4)
12-14 01:48:13.740 W/ErrorProcessor( 2172): 	at java.util.concurrent.ThreadPoolExecutor.runWorker(ThreadPoolExecutor.java:1162)
12-14 01:48:13.740 W/ErrorProcessor( 2172): 	at java.util.concurrent.ThreadPoolExecutor$Worker.run(ThreadPoolExecutor.java:636)
12-14 01:48:13.740 W/ErrorProcessor( 2172): 	at java.lang.Thread.run(Thread.java:764)
12-14 01:48:13.740 W/ErrorProcessor( 2172): 	at com.google.android.apps.gsa.shared.util.concurrent.a.ai.run(SourceFile:6)
12-14 01:48:13.740 W/ErrorProcessor( 2172): Caused by: com.google.android.apps.gsa.shared.exception.GsaIOException: Error code: 393238 | Buffer overflow, no available space.
12-14 01:48:13.740 W/ErrorProcessor( 2172): 	at com.google.android.apps.gsa.speech.audio.Tee.f(SourceFile:103)
12-14 01:48:13.740 W/ErrorProcessor( 2172): 	at com.google.android.apps.gsa.speech.audio.au.read(SourceFile:2)
12-14 01:48:13.740 W/ErrorProcessor( 2172): 	at java.io.InputStream.read(InputStream.java:101)
12-14 01:48:13.740 W/ErrorProcessor( 2172): 	at com.google.android.apps.gsa.speech.audio.ao.run(SourceFile:18)
12-14 01:48:13.740 W/ErrorProcessor( 2172): 	at com.google.android.apps.gsa.speech.audio.an.run(SourceFile:2)
12-14 01:48:13.740 W/ErrorProcessor( 2172): 	... 9 more
12-14 01:48:13.741 I/AudioController( 2172): internalShutdown
12-14 01:48:13.746 I/MicroDetector( 2172): Keeping mic open: false
12-14 01:48:13.746 I/MicroDetectionWorker( 2172): #onError(false)
12-14 01:48:13.746 I/DeviceStateChecker( 2172): DeviceStateChecker cancelled
12-14 01:48:13.753 D/EGL_emulation( 1726): eglMakeCurrent: 0x9f9ad400: ver 3 0 (tinfo 0x903d5c00)
12-14 01:48:13.757 D/EGL_emulation( 1726): eglMakeCurrent: 0x9f9ad400: ver 3 0 (tinfo 0x903d5c00)
12-14 01:48:13.761 D/        ( 1726): HostConnection::get() New Host Connection established 0xa41a06c0, tid 1766
12-14 01:48:13.770 D/EGL_emulation( 1726): eglMakeCurrent: 0x9f9ad400: ver 3 0 (tinfo 0x903d5c00)
12-14 01:48:13.931 I/chatty  ( 1726): uid=10028(u0_a28) RenderThread identical 18 lines
12-14 01:48:13.954 D/EGL_emulation( 1726): eglMakeCurrent: 0x9f9ad400: ver 3 0 (tinfo 0x903d5c00)
12-14 01:48:14.059 W/OpenGLRenderer( 2145): Incorrectly called buildLayer on View: ShortcutAndWidgetContainer, destroying layer...
12-14 01:48:14.159 D/OpenGLRenderer( 1628): HWUI GL Pipeline
12-14 01:48:14.160 E/SurfaceFlinger( 1414): ro.sf.lcd_density must be defined as a build property
12-14 01:48:14.189 D/        ( 1628): HostConnection::get() New Host Connection established 0x8b354740, tid 3952
12-14 01:48:14.189 I/OpenGLRenderer( 1628): Initialized EGL, version 1.4
12-14 01:48:14.189 D/OpenGLRenderer( 1628): Swap behavior 1
12-14 01:48:14.189 W/OpenGLRenderer( 1628): Failed to choose config with EGL_SWAP_BEHAVIOR_PRESERVED, retrying without...
12-14 01:48:14.189 D/OpenGLRenderer( 1628): Swap behavior 0
12-14 01:48:14.201 D/EGL_emulation( 1628): eglCreateContext: 0x8c7631c0: maj 3 min 0 rcv 3
12-14 01:48:14.203 D/EGL_emulation( 1628): eglMakeCurrent: 0x8c7631c0: ver 3 0 (tinfo 0x8d90e4a0)
12-14 01:48:14.203 E/eglCodecCommon( 1628): glUtilsParamSize: unknow param 0x00008cdf
12-14 01:48:14.203 E/eglCodecCommon( 1628): glUtilsParamSize: unknow param 0x00008cdf
12-14 01:48:14.203 E/eglCodecCommon( 1628): glUtilsParamSize: unknow param 0x00008824
12-14 01:48:14.204 E/eglCodecCommon( 1628): glUtilsParamSize: unknow param 0x00008824
12-14 01:48:14.279 D/BoundBrokerSvc( 1937): onUnbind: Intent { act=com.google.android.contextmanager.service.ContextManagerService.START cmp=com.google.android.gms/.chimera.PersistentApiService }
12-14 01:48:15.541 W/audio_hw_generic( 1389): Not supplying enough data to HAL, expected position 308052 , only wrote 156240
12-14 01:48:17.546 D/BoundBrokerSvc( 1937): onUnbind: Intent { act=com.google.android.gms.pseudonymous.service.START cmp=com.google.android.gms/.chimera.PersistentApiService }
--------- beginning of system
12-14 01:48:16.972 E/TaskPersister( 1628): File error accessing recents directory (directory doesn't exist?).
12-14 01:48:17.974 W/RemoteFillService( 1628): Not handling { when=-7ms what=3 target=com.android.internal.os.HandlerCaller$MyHandler } as service for ComponentInfo{com.google.android.gms/com.google.android.gms.autofill.service.AutofillService} is already destroyed
12-14 01:48:18.748 I/MicroDetectionWorker( 2172): #updateMicroDetector [detectionMode: [mDetectionMode: [1]]]
12-14 01:48:18.748 I/MicroDetectionWorker( 2172): #startMicroDetector [speakerMode: 0]
12-14 01:48:18.748 I/AudioController( 2172): Using mInputStreamFactoryBuilder
12-14 01:48:18.749 I/MicroDetectionWorker( 2172): onReady
12-14 01:48:18.752 I/MicroRecognitionRunner( 2172): Starting detection.
12-14 01:48:18.752 I/MicrophoneInputStream( 2172): mic_starting com.google.android.apps.gsa.staticplugins.aa.c@a9093f5
12-14 01:48:18.755 I/AudioFlinger( 1475): AudioFlinger's thread 0xab8834c0 tid=3956 ready to run
12-14 01:48:18.758 I/MicrophoneInputStream( 2172): mic_started com.google.android.apps.gsa.staticplugins.aa.c@a9093f5
12-14 01:48:18.758 E/ActivityThread( 2172): Failed to find provider info for com.google.android.apps.gsa.testing.ui.audio.recorded
12-14 01:48:18.758 I/MicroDetectionWorker( 2172): onReady
12-14 01:48:18.759 W/SpeechLevelGenerator( 2172): Really low audio levels detected. The audio input may have issues.
12-14 01:48:18.763 I/MicrophoneInputStream( 2172): mic_close com.google.android.apps.gsa.staticplugins.aa.c@a9093f5
12-14 01:48:18.765 I/MicroRecognitionRunner( 2172): Detection finished
12-14 01:48:18.765 W/ErrorReporter( 2172): reportError [type: 211, code: 524300]: Error reading from input stream
12-14 01:48:18.765 W/ErrorProcessor( 2172): onFatalError, processing error from engine(4)
12-14 01:48:18.765 W/ErrorProcessor( 2172): com.google.android.apps.gsa.shared.speech.b.g: Error reading from input stream
12-14 01:48:18.765 W/ErrorProcessor( 2172): 	at com.google.android.apps.gsa.staticplugins.recognizer.j.a.a(SourceFile:28)
12-14 01:48:18.765 W/ErrorProcessor( 2172): 	at com.google.android.apps.gsa.staticplugins.recognizer.j.b.run(SourceFile:15)
12-14 01:48:18.765 W/ErrorProcessor( 2172): 	at java.util.concurrent.Executors$RunnableAdapter.call(Executors.java:457)
12-14 01:48:18.765 W/ErrorProcessor( 2172): 	at java.util.concurrent.FutureTask.run(FutureTask.java:266)
12-14 01:48:18.765 W/ErrorProcessor( 2172): 	at com.google.android.apps.gsa.shared.util.concurrent.a.ax.run(SourceFile:14)
12-14 01:48:18.765 W/ErrorProcessor( 2172): 	at com.google.android.apps.gsa.shared.util.concurrent.a.bl.run(SourceFile:4)
12-14 01:48:18.765 W/ErrorProcessor( 2172): 	at com.google.android.apps.gsa.shared.util.concurrent.a.bl.run(SourceFile:4)
12-14 01:48:18.765 W/ErrorProcessor( 2172): 	at java.util.concurrent.ThreadPoolExecutor.runWorker(ThreadPoolExecutor.java:1162)
12-14 01:48:18.765 W/ErrorProcessor( 2172): 	at java.util.concurrent.ThreadPoolExecutor$Worker.run(ThreadPoolExecutor.java:636)
12-14 01:48:18.765 W/ErrorProcessor( 2172): 	at java.lang.Thread.run(Thread.java:764)
12-14 01:48:18.765 W/ErrorProcessor( 2172): 	at com.google.android.apps.gsa.shared.util.concurrent.a.ai.run(SourceFile:6)
12-14 01:48:18.765 W/ErrorProcessor( 2172): Caused by: com.google.android.apps.gsa.shared.exception.GsaIOException: Error code: 393238 | Buffer overflow, no available space.
12-14 01:48:18.765 W/ErrorProcessor( 2172): 	at com.google.android.apps.gsa.speech.audio.Tee.f(SourceFile:103)
12-14 01:48:18.765 W/ErrorProcessor( 2172): 	at com.google.android.apps.gsa.speech.audio.au.read(SourceFile:2)
12-14 01:48:18.765 W/ErrorProcessor( 2172): 	at java.io.InputStream.read(InputStream.java:101)
12-14 01:48:18.765 W/ErrorProcessor( 2172): 	at com.google.android.apps.gsa.speech.audio.ao.run(SourceFile:18)
12-14 01:48:18.765 W/ErrorProcessor( 2172): 	at com.google.android.apps.gsa.speech.audio.an.run(SourceFile:2)
12-14 01:48:18.765 W/ErrorProcessor( 2172): 	... 9 more
12-14 01:48:18.765 I/MicroRecognitionRunner( 2172): Stopping hotword detection.
12-14 01:48:18.765 I/AudioController( 2172): internalShutdown
12-14 01:48:18.766 I/MicroDetector( 2172): Keeping mic open: false
12-14 01:48:18.766 I/MicroDetectionWorker( 2172): #onError(false)
12-14 01:48:18.766 I/DeviceStateChecker( 2172): DeviceStateChecker cancelled
12-14 01:48:19.513 D/AndroidRuntime( 3960): >>>>>> START com.android.internal.os.RuntimeInit uid 2000 <<<<<<
12-14 01:48:19.547 W/app_process( 3960): Unexpected CPU variant for X86 using defaults: x86
12-14 01:48:19.562 D/AndroidRuntime( 3960): Calling main entry com.android.commands.am.Am
12-14 01:48:19.565 I/ActivityManager( 1628): Force stopping com.evancharlton.mileage appid=10308 user=0: start instr
12-14 01:48:19.565 I/ActivityManager( 1628): Killing 3874:com.evancharlton.mileage/u0a308 (adj 0): stop com.evancharlton.mileage
12-14 01:48:19.566 W/ActivityManager( 1628): Crash of app com.evancharlton.mileage running instrumentation ComponentInfo{com.evancharlton.mileage.test/sh.calaba.instrumentationbackend.CalabashInstrumentationTestRunner}
12-14 01:48:19.566 I/ActivityManager( 1628): Force stopping com.evancharlton.mileage appid=10308 user=0: finished inst
12-14 01:48:19.567 I/ActivityManager( 1628): Killing 2538:com.android.providers.calendar/u0a4 (adj 906): empty #17
12-14 01:48:19.574 I/zygote  ( 3970): Not late-enabling -Xcheck:jni (already on)
12-14 01:48:19.581 I/ActivityManager( 1628): Start proc 3970:com.evancharlton.mileage/u0a308 for added application com.evancharlton.mileage
12-14 01:48:19.582 D/AndroidRuntime( 3960): Shutting down VM
12-14 01:48:19.584 W/zygote  ( 3970): Unexpected CPU variant for X86 using defaults: x86
12-14 01:48:19.586 W/ActivityManager( 1628): setHasOverlayUi called on unknown pid: 3874
12-14 01:48:19.586 E/memtrack( 1628): Couldn't load memtrack module
12-14 01:48:19.586 W/android.os.Debug( 1628): failed to get memory consumption info: -1
12-14 01:48:19.614 E/adbd    ( 1383): failed to connect to socket 'tcp:7102': Connection refused
12-14 01:48:19.617 E/adbd    ( 1383): failed to connect to socket 'tcp:7102': Connection refused
12-14 01:48:19.618 W/zygote  ( 3970): Found duplicate classes, falling back to extracting from APK : /data/app/com.evancharlton.mileage.test-LmV-q4lTftbARZf9SzfsaA==/base.apk
12-14 01:48:19.618 W/zygote  ( 3970): NOTE: This wastes RAM and hurts startup performance.
12-14 01:48:19.618 W/zygote  ( 3970): Found duplicated class when checking oat files: 'Ljunit/runner/BaseTestRunner;' in /data/app/com.evancharlton.mileage.test-LmV-q4lTftbARZf9SzfsaA==/base.apk and /system/framework/android.test.runner.jar
12-14 01:48:19.618 W/zygote  ( 3970): 
12-14 01:48:19.650 W/System  ( 3970): ClassLoader referenced unknown path: 
12-14 01:48:19.662 I/System.out( 3970): Main activity name automatically set to: com.evancharlton.mileage.Mileage
12-14 01:48:19.664 I/System.out( 3970): Calabash did not load Mono. This is only a problem if you are trying to test a Mono application
12-14 01:48:19.664 I/calabash( 3970): Test server port: 7102
12-14 01:48:19.666 I/InstrumentationBackend( 3970): Added:'GetPreferences', with key:'get_preferences'
12-14 01:48:19.723 I/InstrumentationBackend( 3970): Added:'SetPreferences', with key:'set_preferences'
12-14 01:48:19.724 I/InstrumentationBackend( 3970): Added:'ClearPreferences', with key:'clear_preferences'
12-14 01:48:19.724 I/InstrumentationBackend( 3970): Added:'PressElement', with key:'press_l10n_element'
12-14 01:48:19.724 I/InstrumentationBackend( 3970): Added:'WaitForElement', with key:'wait_for_l10n_element'
12-14 01:48:19.725 I/InstrumentationBackend( 3970): Added:'NullAction', with key:'nullAction'
12-14 01:48:19.726 I/InstrumentationBackend( 3970): Added:'PressKey', with key:'press_key'
12-14 01:48:19.727 I/InstrumentationBackend( 3970): Added:'SetActivityOrientation', with key:'set_activity_orientation'
12-14 01:48:19.728 I/InstrumentationBackend( 3970): Added:'GetActivityOrientation', with key:'get_activity_orientation'
12-14 01:48:19.728 E/adbd    ( 1383): failed to connect to socket 'tcp:7102': Connection refused
12-14 01:48:19.729 I/InstrumentationBackend( 3970): Added:'FakeGPSLocation', with key:'set_gps_coordinates'
12-14 01:48:19.730 I/InstrumentationBackend( 3970): Added:'SetPropertyByCssSelector', with key:'set_property_by_css_selector'
12-14 01:48:19.730 E/adbd    ( 1383): failed to connect to socket 'tcp:7102': Connection refused
12-14 01:48:19.732 I/InstrumentationBackend( 3970): Added:'GetUrl', with key:'get_url'
12-14 01:48:19.734 I/InstrumentationBackend( 3970): Added:'ScrollTo', with key:'scroll_to'
12-14 01:48:19.734 I/InstrumentationBackend( 3970): Added:'GetLoadProgress', with key:'get_load_progress'
12-14 01:48:19.734 I/InstrumentationBackend( 3970): Added:'DumpHtml', with key:'dump_html'
12-14 01:48:19.734 I/InstrumentationBackend( 3970): Added:'DumpBodyHtml', with key:'dump_body_html'
12-14 01:48:19.735 I/InstrumentationBackend( 3970): Added:'EnterTextByCssSelector', with key:'enter_text_by_selector'
12-14 01:48:19.739 I/InstrumentationBackend( 3970): Added:'AndroidSDKVersion', with key:'android_sdk_version'
12-14 01:48:19.739 I/InstrumentationBackend( 3970): Added:'Version', with key:'version'
12-14 01:48:19.739 I/InstrumentationBackend( 3970): Added:'Drag', with key:'drag'
12-14 01:48:19.739 I/InstrumentationBackend( 3970): Added:'TouchCoordinates', with key:'touch_coordinate'
12-14 01:48:19.740 I/InstrumentationBackend( 3970): Added:'LongPressCoordinate', with key:'long_press_coordinate'
12-14 01:48:19.740 I/InstrumentationBackend( 3970): Added:'DragCoordinates', with key:'drag_coordinates'
12-14 01:48:19.740 I/InstrumentationBackend( 3970): Added:'ResumeApplication', with key:'resume_application'
12-14 01:48:19.741 I/InstrumentationBackend( 3970): Added:'Swipe', with key:'swipe'
12-14 01:48:19.741 I/InstrumentationBackend( 3970): Added:'DoubleTapCoordinate', with key:'double_tap_coordinate'
12-14 01:48:19.742 I/InstrumentationBackend( 3970): Added:'ClickOnScreen', with key:'click_on_screen'
12-14 01:48:19.743 I/InstrumentationBackend( 3970): Added:'GetActivityName', with key:'get_activity_name'
12-14 01:48:19.743 I/InstrumentationBackend( 3970): Added:'ScrollToView', with key:'scroll_to_view'
12-14 01:48:19.743 I/InstrumentationBackend( 3970): Added:'ViewConfiguration', with key:'view_configuration'
12-14 01:48:19.744 I/InstrumentationBackend( 3970): Added:'IsCurrentActivityFocused', with key:'is_current_activity_focused'
12-14 01:48:19.745 I/InstrumentationBackend( 3970): Added:'SendTcp', with key:'send_tcp'
12-14 01:48:19.746 I/InstrumentationBackend( 3970): Added:'DpToDevicePixel', with key:'dp_to_device_pixel'
12-14 01:48:19.747 I/InstrumentationBackend( 3970): Added:'KeyboardEnterText', with key:'keyboard_enter_text'
12-14 01:48:19.747 I/InstrumentationBackend( 3970): Added:'DeleteSurroundingText', with key:'delete_surrounding_text'
12-14 01:48:19.748 I/InstrumentationBackend( 3970): Added:'SetComposingRegion', with key:'set_composing_region'
12-14 01:48:19.748 I/InstrumentationBackend( 3970): Added:'SetSelection', with key:'set_selection'
12-14 01:48:19.748 I/InstrumentationBackend( 3970): Added:'KeyboardKeyEvent', with key:'keyboard_key_event'
12-14 01:48:19.749 I/InstrumentationBackend( 3970): Added:'PressUserActionButton', with key:'press_user_action_button'
12-14 01:48:19.749 I/InstrumentationBackend( 3970): Added:'HideSoftKeyboard', with key:'hide_soft_keyboard'
12-14 01:48:19.751 I/InstrumentationBackend( 3970): Added:'ListActions', with key:'list_actions'
12-14 01:48:19.751 I/calabash( 3970): Instantiating http server at 7102
12-14 01:48:19.751 I/System.out( 3970): HTTP Daemon listening on: 7102
12-14 01:48:19.793 W/zygote  ( 3992): Unexpected CPU variant for X86 using defaults: x86
12-14 01:48:19.794 I/ActivityManager( 1628): Start proc 3992:com.android.providers.calendar/u0a4 for content provider com.android.providers.calendar/.CalendarProvider2
12-14 01:48:19.821 I/CalendarProvider2( 3992): Created com.android.providers.calendar.CalendarAlarmManager@4af3b0f(com.android.providers.calendar.CalendarProvider2@f34e79c)
12-14 01:48:19.832 I/ActivityManager( 1628): Killing 3399:com.android.externalstorage/u0a8 (adj 906): empty #17
12-14 01:48:19.841 I/System.out( 3970): URI: //ping
12-14 01:48:19.841 I/System.out( 3970): params: {json={}
12-14 01:48:19.841 I/System.out( 3970): }
12-14 01:48:19.850 I/System.out( 3970): URI: //ping
12-14 01:48:19.850 I/System.out( 3970): params: {json={}
12-14 01:48:19.850 I/System.out( 3970): }
12-14 01:48:19.857 I/System.out( 3970): URI: //ready
12-14 01:48:19.858 I/System.out( 3970): params: {json={}
12-14 01:48:19.858 I/System.out( 3970): }
12-14 01:48:19.864 I/System.out( 3970): URI: //
12-14 01:48:19.864 I/System.out( 3970): params: {json={"command":"version","arguments":[]}
12-14 01:48:19.864 I/System.out( 3970): }
12-14 01:48:19.865 I/System.out( 3970): header: {content-type=application/json;charset=utf-8, date=Mon, 14 Dec 2020 06:48:20 GMT, accept=*/*, host=127.0.0.1:34777, content-length=36, user-agent=HTTPClient/1.0 (2.8.3, ruby 2.5.8 (2020-03-31))}
12-14 01:48:19.865 I/System.out( 3970): params: {json={"command":"version","arguments":[]}
12-14 01:48:19.865 I/System.out( 3970): }
12-14 01:48:19.865 I/System.out( 3970): ProP json = {"command":"version","arguments":[]}
12-14 01:48:19.865 I/System.out( 3970): files: {}
12-14 01:48:19.865 I/System.out( 3970): command: {"command":"version","arguments":[]}
12-14 01:48:19.892 I/InstrumentationBackend( 3970): Got command:'Command:'Line:null,version', arguments:'[]'
12-14 01:48:19.924 I/System.out( 3970): result:{"bonusInformation":[],"message":"0.9.8","success":true}
12-14 01:48:19.936 I/System.out( 3970): URI: //start-application
12-14 01:48:19.936 I/System.out( 3970): params: {json={"intent":null}
12-14 01:48:19.936 I/System.out( 3970): }
12-14 01:48:19.971 I/ActivityManager( 1628): START u0 {act=android.intent.action.MAIN cat=[android.intent.category.LAUNCHER] flg=0x10200000 cmp=com.evancharlton.mileage/.Mileage} from uid 10308
12-14 01:48:19.985 I/calabash( 3970): newActivity1
12-14 01:48:20.011 D/gralloc_ranchu( 1395): gralloc_alloc: Creating ashmem region of size 7753728
12-14 01:48:20.021 W/ActivityManager( 1628): Bad activity token: android.os.BinderProxy@c57793f
12-14 01:48:20.021 W/ActivityManager( 1628): java.lang.ClassCastException: android.os.BinderProxy cannot be cast to com.android.server.am.ActivityRecord$Token
12-14 01:48:20.021 W/ActivityManager( 1628): 	at com.android.server.am.ActivityRecord.forTokenLocked(ActivityRecord.java:778)
12-14 01:48:20.021 W/ActivityManager( 1628): 	at com.android.server.am.ActivityRecord.isInStackLocked(ActivityRecord.java:2085)
12-14 01:48:20.021 W/ActivityManager( 1628): 	at com.android.server.am.ActivityRecord.getStackLocked(ActivityRecord.java:2090)
12-14 01:48:20.021 W/ActivityManager( 1628): 	at com.android.server.am.ActivityManagerService.getActivityDisplayId(ActivityManagerService.java:10406)
12-14 01:48:20.021 W/ActivityManager( 1628): 	at android.app.IActivityManager$Stub.onTransact(IActivityManager.java:2738)
12-14 01:48:20.021 W/ActivityManager( 1628): 	at com.android.server.am.ActivityManagerService.onTransact(ActivityManagerService.java:2935)
12-14 01:48:20.021 W/ActivityManager( 1628): 	at android.os.Binder.execTransact(Binder.java:674)
12-14 01:48:20.024 I/calabash( 3970): newActivity1
12-14 01:48:20.038 W/ActivityManager( 1628): Bad activity token: android.os.BinderProxy@c57793f
12-14 01:48:20.038 W/ActivityManager( 1628): java.lang.ClassCastException: android.os.BinderProxy cannot be cast to com.android.server.am.ActivityRecord$Token
12-14 01:48:20.038 W/ActivityManager( 1628): 	at com.android.server.am.ActivityRecord.forTokenLocked(ActivityRecord.java:778)
12-14 01:48:20.038 W/ActivityManager( 1628): 	at com.android.server.am.ActivityRecord.isInStackLocked(ActivityRecord.java:2085)
12-14 01:48:20.038 W/ActivityManager( 1628): 	at com.android.server.am.ActivityManagerService.setTaskDescription(ActivityManagerService.java:9988)
12-14 01:48:20.038 W/ActivityManager( 1628): 	at android.app.IActivityManager$Stub.onTransact(IActivityManager.java:2824)
12-14 01:48:20.038 W/ActivityManager( 1628): 	at com.android.server.am.ActivityManagerService.onTransact(ActivityManagerService.java:2935)
12-14 01:48:20.038 W/ActivityManager( 1628): 	at android.os.Binder.execTransact(Binder.java:674)
12-14 01:48:20.039 W/ActivityManager( 1628): Bad activity token: android.os.BinderProxy@c57793f
12-14 01:48:20.039 W/ActivityManager( 1628): java.lang.ClassCastException: android.os.BinderProxy cannot be cast to com.android.server.am.ActivityRecord$Token
12-14 01:48:20.039 W/ActivityManager( 1628): 	at com.android.server.am.ActivityRecord.forTokenLocked(ActivityRecord.java:778)
12-14 01:48:20.039 W/ActivityManager( 1628): 	at com.android.server.am.ActivityRecord.isInStackLocked(ActivityRecord.java:2085)
12-14 01:48:20.039 W/ActivityManager( 1628): 	at com.android.server.am.ActivityRecord.getStackLocked(ActivityRecord.java:2090)
12-14 01:48:20.039 W/ActivityManager( 1628): 	at com.android.server.am.ActivityManagerService.getActivityStackId(ActivityManagerService.java:10417)
12-14 01:48:20.039 W/ActivityManager( 1628): 	at android.app.IActivityManager$Stub.onTransact(IActivityManager.java:3548)
12-14 01:48:20.039 W/ActivityManager( 1628): 	at com.android.server.am.ActivityManagerService.onTransact(ActivityManagerService.java:2935)
12-14 01:48:20.039 W/ActivityManager( 1628): 	at android.os.Binder.execTransact(Binder.java:674)
12-14 01:48:20.088 E/ContentStoreEUAS( 2172): Failed to commit the deferred actions
12-14 01:48:20.110 D/EGL_emulation( 2145): eglMakeCurrent: 0xa17c6f00: ver 3 0 (tinfo 0xa197fad0)
12-14 01:48:20.112 D/EGL_emulation( 2172): eglMakeCurrent: 0xa17c7c80: ver 3 0 (tinfo 0xa197f390)
12-14 01:48:20.136 D/EGL_emulation( 1726): eglMakeCurrent: 0x9f9ad400: ver 3 0 (tinfo 0x903d5c00)
12-14 01:48:20.141 I/chatty  ( 1726): uid=10028(u0_a28) RenderThread identical 1 line
12-14 01:48:20.149 D/EGL_emulation( 1726): eglMakeCurrent: 0x9f9ad400: ver 3 0 (tinfo 0x903d5c00)
12-14 01:48:20.151 V/StatusBar( 1726): setLightsOn(true)
12-14 01:48:20.158 D/EGL_emulation( 1726): eglMakeCurrent: 0x9f9ad400: ver 3 0 (tinfo 0x903d5c00)
12-14 01:48:20.184 W/ActivityManager( 1628): Bad activity token: android.os.BinderProxy@c57793f
12-14 01:48:20.184 W/ActivityManager( 1628): java.lang.ClassCastException: android.os.BinderProxy cannot be cast to com.android.server.am.ActivityRecord$Token
12-14 01:48:20.184 W/ActivityManager( 1628): 	at com.android.server.am.ActivityRecord.forTokenLocked(ActivityRecord.java:778)
12-14 01:48:20.184 W/ActivityManager( 1628): 	at com.android.server.am.ActivityRecord.isInStackLocked(ActivityRecord.java:2085)
12-14 01:48:20.184 W/ActivityManager( 1628): 	at com.android.server.am.ActivityManagerService.getActivityOptions(ActivityManagerService.java:13302)
12-14 01:48:20.184 W/ActivityManager( 1628): 	at android.app.IActivityManager$Stub.onTransact(IActivityManager.java:2910)
12-14 01:48:20.184 W/ActivityManager( 1628): 	at com.android.server.am.ActivityManagerService.onTransact(ActivityManagerService.java:2935)
12-14 01:48:20.184 W/ActivityManager( 1628): 	at android.os.Binder.execTransact(Binder.java:674)
12-14 01:48:20.186 W/ActivityManager( 1628): Bad activity token: android.os.BinderProxy@c57793f
12-14 01:48:20.186 W/ActivityManager( 1628): java.lang.ClassCastException: android.os.BinderProxy cannot be cast to com.android.server.am.ActivityRecord$Token
12-14 01:48:20.186 W/ActivityManager( 1628): 	at com.android.server.am.ActivityRecord.forTokenLocked(ActivityRecord.java:778)
12-14 01:48:20.186 W/ActivityManager( 1628): 	at com.android.server.am.ActivityRecord.isInStackLocked(ActivityRecord.java:2085)
12-14 01:48:20.186 W/ActivityManager( 1628): 	at com.android.server.am.ActivityManagerService.getActivityOptions(ActivityManagerService.java:13302)
12-14 01:48:20.186 W/ActivityManager( 1628): 	at android.app.IActivityManager$Stub.onTransact(IActivityManager.java:2910)
12-14 01:48:20.186 W/ActivityManager( 1628): 	at com.android.server.am.ActivityManagerService.onTransact(ActivityManagerService.java:2935)
12-14 01:48:20.186 W/ActivityManager( 1628): 	at android.os.Binder.execTransact(Binder.java:674)
12-14 01:48:20.302 I/chatty  ( 1726): uid=10028(u0_a28) RenderThread identical 16 lines
12-14 01:48:20.315 D/EGL_emulation( 1726): eglMakeCurrent: 0x9f9ad400: ver 3 0 (tinfo 0x903d5c00)
12-14 01:48:20.320 V/StatusBar( 1726): setLightsOn(true)
12-14 01:48:20.325 D/EGL_emulation( 1726): eglMakeCurrent: 0x9f9ad400: ver 3 0 (tinfo 0x903d5c00)
12-14 01:48:20.331 I/chatty  ( 1726): uid=10028(u0_a28) RenderThread identical 1 line
12-14 01:48:20.341 D/EGL_emulation( 1726): eglMakeCurrent: 0x9f9ad400: ver 3 0 (tinfo 0x903d5c00)
12-14 01:48:20.346 I/zygote  ( 3970): Do partial code cache collection, code=28KB, data=30KB
12-14 01:48:20.347 I/zygote  ( 3970): After code cache collection, code=28KB, data=30KB
12-14 01:48:20.347 I/zygote  ( 3970): Increasing code cache capacity to 128KB
12-14 01:48:20.348 I/zygote  ( 3970): Do partial code cache collection, code=28KB, data=48KB
12-14 01:48:20.349 I/zygote  ( 3970): After code cache collection, code=28KB, data=48KB
12-14 01:48:20.350 I/zygote  ( 3970): Increasing code cache capacity to 256KB
12-14 01:48:20.350 I/zygote  ( 3970): JIT allocated 71KB for compiled code of void android.widget.TextView.<init>(android.content.Context, android.util.AttributeSet, int, int)
12-14 01:48:20.350 I/zygote  ( 3970): Compiler allocated 4MB to compile void android.widget.TextView.<init>(android.content.Context, android.util.AttributeSet, int, int)
12-14 01:48:20.363 V/StatusBar( 1726): setLightsOn(true)
12-14 01:48:20.366 I/chatty  ( 1726): uid=10028(u0_a28) com.android.systemui identical 1 line
12-14 01:48:20.367 V/StatusBar( 1726): setLightsOn(true)
12-14 01:48:20.402 D/gralloc_ranchu( 1395): gralloc_alloc: Creating ashmem region of size 7753728
12-14 01:48:20.421 D/        ( 3970): HostConnection::get() New Host Connection established 0xa15b0c00, tid 3970
12-14 01:48:20.472 V/StatusBar( 1726): setLightsOn(true)
12-14 01:48:20.483 I/chatty  ( 1726): uid=10028(u0_a28) com.android.systemui identical 2 lines
12-14 01:48:20.485 V/StatusBar( 1726): setLightsOn(true)
12-14 01:48:20.486 I/ActivityManager( 1628): Displayed com.evancharlton.mileage/.Mileage: +495ms
12-14 01:48:20.495 I/qemu-props( 1402): start adbd ...
12-14 01:48:20.505 D/gralloc_ranchu( 1395): gralloc_alloc: Creating ashmem region of size 7753728
12-14 01:48:20.552 V/StatusBar( 1726): setLightsOn(true)
12-14 01:48:20.660 V/StatusBar( 1726): setLightsOn(true)
12-14 01:48:20.684 I/System.out( 3970): URI: //map
12-14 01:48:20.684 I/System.out( 3970): params: {json={"query":"android.widget.CheckBox index:0","operation":{"method_name":"query","arguments":[]}}
12-14 01:48:20.684 I/System.out( 3970): }
12-14 01:48:20.687 I/zygote  ( 3970): Do full code cache collection, code=125KB, data=72KB
12-14 01:48:20.687 I/zygote  ( 3970): After code cache collection, code=111KB, data=45KB
12-14 01:48:20.693 V/StatusBar( 1726): setLightsOn(true)
12-14 01:48:20.821 I/System.out( 3970): URI: //gesture
12-14 01:48:20.821 I/System.out( 3970): params: {json={"query_timeout":5.0,"gestures":[{"query_string":"android.widget.CheckBox index:0","touches":[{"x":50,"y":50,"offset_x":0,"offset_y":0,"wait":0.0,"time":0.2,"release":true,"query_string":null}]}]}
12-14 01:48:20.821 I/System.out( 3970): }
12-14 01:48:20.842 V/StatusBar( 1726): setLightsOn(true)
12-14 01:48:20.845 I/ActivityManager( 1628): Killing 3449:com.android.mtp/u0a9 (adj 906): empty #17
12-14 01:48:20.859 I/chatty  ( 1726): uid=10028(u0_a28) com.android.systemui identical 2 lines
12-14 01:48:20.860 V/StatusBar( 1726): setLightsOn(true)
12-14 01:48:20.865 I/zygote  ( 3970): Do partial code cache collection, code=124KB, data=56KB
12-14 01:48:20.866 I/zygote  ( 3970): After code cache collection, code=124KB, data=56KB
12-14 01:48:20.866 I/zygote  ( 3970): Increasing code cache capacity to 512KB
12-14 01:48:20.876 W/SurfaceFlinger( 1414): couldn't log to binary event log: overflow.
12-14 01:48:20.973 I/PBSessionCacheImpl( 2172): Deleted sessionId[7506502249160] from persistence.
12-14 01:48:21.017 W/SearchService( 2172): Abort, client detached.
12-14 01:48:21.116 W/audio_hw_generic( 1389): Not supplying enough data to HAL, expected position 156564 , only wrote 156240
12-14 01:48:21.168 E/BatteryStatsService( 1628): modem info is invalid: ModemActivityInfo{ mTimestamp=0 mSleepTimeMs=0 mIdleTimeMs=0 mTxTimeMs[]=[0, 0, 0, 0, 0] mRxTimeMs=0 mEnergyUsed=0}
12-14 01:48:21.176 D/BoundBrokerSvc( 1937): onUnbind: Intent { act=com.google.android.gms.phenotype.service.START cmp=com.google.android.gms/.chimera.PersistentApiService }
12-14 01:48:21.218 I/ContentMaintenance( 2203): Internal cache bytes used: 0; limit: 100000000; download size: 0
12-14 01:48:21.228 I/RealtimeCacheCleanup( 2203): Beginning Realtime garbage collection.
12-14 01:48:21.229 I/RealtimeCacheCleanup( 2203): Finished Realtime garbage collection.
12-14 01:48:21.342 E/SurfaceFlinger( 1414): ro.sf.lcd_density must be defined as a build property
12-14 01:48:21.350 D/gralloc_ranchu( 1395): gralloc_alloc: Creating ashmem region of size 8298496
12-14 01:48:21.360 D/        ( 4032): HostConnection::get() New Host Connection established 0xab2af800, tid 4032
12-14 01:48:21.542 D/gralloc_ranchu( 1395): gralloc_alloc: Creating ashmem region of size 7753728
12-14 01:48:21.679 I/System.out( 3970): URI: //map
12-14 01:48:21.679 I/System.out( 3970): params: {json={"query":"android.widget.CheckBox index:0","operation":{"method_name":"query","arguments":[]}}
12-14 01:48:21.679 I/System.out( 3970): }
12-14 01:48:21.841 I/System.out( 3970): URI: //gesture
12-14 01:48:21.842 I/System.out( 3970): params: {json={"query_timeout":5.0,"gestures":[{"query_string":"android.widget.CheckBox index:0","touches":[{"x":50,"y":50,"offset_x":0,"offset_y":0,"wait":0.0,"time":0.2,"release":true,"query_string":null}]}]}
12-14 01:48:21.842 I/System.out( 3970): }
12-14 01:48:22.216 D/BoundBrokerSvc( 1937): onUnbind: Intent { act=com.google.android.gms.tapandpay.service.BIND cmp=com.google.android.gms/.chimera.PersistentApiService }
12-14 01:48:22.312 D/BoundBrokerSvc( 2203): onUnbind: Intent { act=com.google.android.gms.pay.service.BIND cmp=com.google.android.gms/.chimera.GmsApiService }
12-14 01:48:22.316 E/SurfaceFlinger( 1414): ro.sf.lcd_density must be defined as a build property
12-14 01:48:22.324 D/gralloc_ranchu( 1395): gralloc_alloc: Creating ashmem region of size 8298496
12-14 01:48:22.333 D/        ( 4040): HostConnection::get() New Host Connection established 0xb262f800, tid 4040
