--------- beginning of main
12-14 01:48:50.760 E/adbd    ( 1383): failed to connect to socket 'tcp:7102': Connection refused
12-14 01:48:50.826 E/memtrack( 1628): Couldn't load memtrack module
12-14 01:48:50.826 W/android.os.Debug( 1628): failed to get memory consumption info: -1
--------- beginning of system
12-14 01:48:50.828 W/ActivityManager( 1628): Finishing task with all activities already finished
12-14 01:48:50.828 W/ActivityManager( 1628): Duplicate finish request for ActivityRecord{a89aab8 u0 com.evancharlton.mileage/.Mileage t883 f}
12-14 01:48:50.829 V/StatusBar( 1726): setLightsOn(true)
12-14 01:48:50.836 W/ActivityManager( 1628): Finishing task with all activities already finished
12-14 01:48:50.836 W/ActivityManager( 1628): Duplicate finish request for ActivityRecord{a89aab8 u0 com.evancharlton.mileage/.Mileage t883 f}
12-14 01:48:50.838 W/ActivityManager( 1628): Finishing task with all activities already finished
12-14 01:48:50.838 W/ActivityManager( 1628): Duplicate finish request for ActivityRecord{a89aab8 u0 com.evancharlton.mileage/.Mileage t883 f}
12-14 01:48:50.841 W/ActivityManager( 1628): Finishing task with all activities already finished
12-14 01:48:50.841 W/ActivityManager( 1628): Duplicate finish request for ActivityRecord{a89aab8 u0 com.evancharlton.mileage/.Mileage t883 f}
12-14 01:48:50.842 V/StatusBar( 1726): setLightsOn(true)
12-14 01:48:50.842 W/ActivityManager( 1628): Finishing task with all activities already finished
12-14 01:48:50.842 W/ActivityManager( 1628): Duplicate finish request for ActivityRecord{a89aab8 u0 com.evancharlton.mileage/.Mileage t883 f}
12-14 01:48:50.843 W/ActivityManager( 1628): Finishing task with all activities already finished
12-14 01:48:50.843 W/ActivityManager( 1628): Duplicate finish request for ActivityRecord{a89aab8 u0 com.evancharlton.mileage/.Mileage t883 f}
12-14 01:48:50.843 W/ActivityManager( 1628): Finishing task with all activities already finished
12-14 01:48:50.843 W/ActivityManager( 1628): Duplicate finish request for ActivityRecord{a89aab8 u0 com.evancharlton.mileage/.Mileage t883 f}
12-14 01:48:50.843 W/ActivityManager( 1628): Finishing task with all activities already finished
12-14 01:48:50.843 W/ActivityManager( 1628): Duplicate finish request for ActivityRecord{a89aab8 u0 com.evancharlton.mileage/.Mileage t883 f}
12-14 01:48:50.843 W/ActivityManager( 1628): Finishing task with all activities already finished
12-14 01:48:50.843 W/ActivityManager( 1628): Duplicate finish request for ActivityRecord{a89aab8 u0 com.evancharlton.mileage/.Mileage t883 f}
12-14 01:48:50.844 W/ActivityManager( 1628): Finishing task with all activities already finished
12-14 01:48:50.844 W/ActivityManager( 1628): Duplicate finish request for ActivityRecord{a89aab8 u0 com.evancharlton.mileage/.Mileage t883 f}
12-14 01:48:50.844 W/ActivityManager( 1628): Finishing task with all activities already finished
12-14 01:48:50.844 W/ActivityManager( 1628): Duplicate finish request for ActivityRecord{a89aab8 u0 com.evancharlton.mileage/.Mileage t883 f}
12-14 01:48:50.853 E/memtrack( 1628): Couldn't load memtrack module
12-14 01:48:50.853 W/android.os.Debug( 1628): failed to get memory consumption info: -1
12-14 01:48:50.879 V/StatusBar( 1726): setLightsOn(true)
12-14 01:48:50.881 D/gralloc_ranchu( 1395): gralloc_alloc: Creating ashmem region of size 8298496
12-14 01:48:50.907 D/gralloc_ranchu( 1395): gralloc_alloc: Creating ashmem region of size 8298496
12-14 01:48:50.958 D/EGL_emulation( 1726): eglMakeCurrent: 0x9f9ad400: ver 3 0 (tinfo 0x903d5c00)
12-14 01:48:50.959 D/gralloc_ranchu( 1395): gralloc_alloc: Creating ashmem region of size 8298496
12-14 01:48:51.047 D/gralloc_ranchu( 1395): gralloc_alloc: Creating ashmem region of size 8298496
12-14 01:48:51.055 W/audio_hw_generic( 1389): Not supplying enough data to HAL, expected position 841180 , only wrote 600480
12-14 01:48:51.060 D/gralloc_ranchu( 1395): gralloc_alloc: Creating ashmem region of size 8298496
12-14 01:48:51.113 I/NetworkScheduler.Stats( 1937): Task com.google.android.gms/com.google.android.gms.icing.service.IcingGcmTaskService started execution. cause:4 exec_start_elapsed_seconds: 93 [CONTEXT service_id=218 ]
12-14 01:48:51.134 E/IPCThreadState( 1414): binder thread pool (4 threads) starved for 243 ms
12-14 01:48:51.134 D/gralloc_ranchu( 1395): gralloc_alloc: Creating ashmem region of size 8298496
12-14 01:48:51.146 I/EventLogSendingHelper( 2172): Sending log events.
12-14 01:48:51.242 D/EGL_emulation( 2172): eglMakeCurrent: 0xa17c7c80: ver 3 0 (tinfo 0xa197f390)
12-14 01:48:51.261 D/gralloc_ranchu( 1395): gralloc_alloc: Creating ashmem region of size 8298496
12-14 01:48:51.338 D/EGL_emulation( 2172): eglMakeCurrent: 0xa17c7c80: ver 3 0 (tinfo 0xa197f390)
12-14 01:48:51.342 D/gralloc_ranchu( 1395): gralloc_alloc: Creating ashmem region of size 8298496
12-14 01:48:51.404 D/EGL_emulation( 2145): eglMakeCurrent: 0xa17c6f00: ver 3 0 (tinfo 0xa197fad0)
12-14 01:48:51.409 I/NetworkScheduler.Stats( 1937): Task com.google.android.gms/com.google.android.gms.ads.social.GcmSchedulerWakeupService started execution. cause:4 exec_start_elapsed_seconds: 93 [CONTEXT service_id=218 ]
12-14 01:48:51.411 D/gralloc_ranchu( 1395): gralloc_alloc: Creating ashmem region of size 8298496
12-14 01:48:51.434 D/EGL_emulation( 2172): eglMakeCurrent: 0xa17c7c80: ver 3 0 (tinfo 0xa197f390)
12-14 01:48:51.456 I/NetworkScheduler.Stats( 1937): Task com.google.android.gms/com.google.android.gms.icing.service.IcingGcmTaskService finished executing. cause:4 result: 1 elapsed_millis: 464 uptime_millis: 464 exec_start_elapsed_seconds: 93 [CONTEXT service_id=218 ]
12-14 01:48:51.503 I/NetworkScheduler.Stats( 1937): Task com.google.android.gms/com.google.android.gms.ads.social.GcmSchedulerWakeupService finished executing. cause:4 result: 1 elapsed_millis: 205 uptime_millis: 204 exec_start_elapsed_seconds: 93 [CONTEXT service_id=218 ]
12-14 01:48:51.511 D/gralloc_ranchu( 1395): gralloc_alloc: Creating ashmem region of size 8298496
12-14 01:48:51.603 D/gralloc_ranchu( 1395): gralloc_alloc: Creating ashmem region of size 7753728
12-14 01:48:51.671 W/ActivityManager( 1628): Unable to start service Intent { act=com.google.android.gms.speech.service.START pkg=com.google.android.gms } U=0: not found
12-14 01:48:51.672 W/SessionLifecycleManager( 2172): Handover failed. Creating new session controller.
12-14 01:48:51.673 W/ActivityManager( 1628): Unbind failed: could not find connection for android.os.BinderProxy@d07484d
12-14 01:48:51.673 E/GmsClient( 2172): unable to connect to service: com.google.android.gms.speech.service.START on com.google.android.gms
12-14 01:48:51.675 I/OptInState( 2172): There is a new client and it does not support opt-in. Dropping request.
12-14 01:48:51.704 D/EGL_emulation( 1726): eglMakeCurrent: 0x9f9ad400: ver 3 0 (tinfo 0x903d5c00)
12-14 01:48:51.734 I/chatty  ( 1726): uid=10028(u0_a28) RenderThread identical 2 lines
12-14 01:48:51.754 D/EGL_emulation( 1726): eglMakeCurrent: 0x9f9ad400: ver 3 0 (tinfo 0x903d5c00)
12-14 01:48:51.785 I/zygote  ( 1726): NativeAllocBackground concurrent copying GC freed 11328(739KB) AllocSpace objects, 0(0B) LOS objects, 49% free, 4MB/9MB, paused 640us total 116.725ms
12-14 01:48:51.788 W/OpenGLRenderer( 2145): Incorrectly called buildLayer on View: ShortcutAndWidgetContainer, destroying layer...
12-14 01:48:51.790 D/EGL_emulation( 1726): eglMakeCurrent: 0x9f9ad400: ver 3 0 (tinfo 0x903d5c00)
12-14 01:48:51.803 I/MicroDetectionWorker( 2172): #updateMicroDetector [detectionMode: [mDetectionMode: [1]]]
12-14 01:48:51.804 D/gralloc_ranchu( 1395): gralloc_alloc: Creating ashmem region of size 8298496
12-14 01:48:51.811 I/MicroDetectionWorker( 2172): #startMicroDetector [speakerMode: 0]
12-14 01:48:51.814 I/AudioController( 2172): Using mInputStreamFactoryBuilder
12-14 01:48:51.836 I/MicroDetectionWorker( 2172): onReady
12-14 01:48:51.840 I/MicroRecognitionRunner( 2172): Starting detection.
12-14 01:48:51.842 I/MicrophoneInputStream( 2172): mic_starting com.google.android.apps.gsa.staticplugins.aa.c@473770d
12-14 01:48:51.853 I/MicrophoneInputStream( 2172): mic_started com.google.android.apps.gsa.staticplugins.aa.c@473770d
12-14 01:48:51.858 E/ActivityThread( 2172): Failed to find provider info for com.google.android.apps.gsa.testing.ui.audio.recorded
12-14 01:48:51.859 I/MicroDetectionWorker( 2172): onReady
12-14 01:48:51.864 W/SpeechLevelGenerator( 2172): Really low audio levels detected. The audio input may have issues.
12-14 01:48:51.865 I/AudioFlinger( 1475): AudioFlinger's thread 0xaac83cc0 tid=4505 ready to run
12-14 01:48:51.887 I/MicrophoneInputStream( 2172): mic_close com.google.android.apps.gsa.staticplugins.aa.c@473770d
12-14 01:48:51.887 I/MicroRecognitionRunner( 2172): Detection finished
12-14 01:48:51.888 D/EGL_emulation( 1726): eglMakeCurrent: 0x9f9ad400: ver 3 0 (tinfo 0x903d5c00)
12-14 01:48:51.898 D/EGL_emulation( 1726): eglMakeCurrent: 0x9f9ad400: ver 3 0 (tinfo 0x903d5c00)
12-14 01:48:51.912 W/ErrorReporter( 2172): reportError [type: 211, code: 524300]: Error reading from input stream
12-14 01:48:51.913 I/MicroRecognitionRunner( 2172): Stopping hotword detection.
12-14 01:48:51.913 W/ErrorProcessor( 2172): onFatalError, processing error from engine(4)
12-14 01:48:51.913 W/ErrorProcessor( 2172): com.google.android.apps.gsa.shared.speech.b.g: Error reading from input stream
12-14 01:48:51.913 W/ErrorProcessor( 2172): 	at com.google.android.apps.gsa.staticplugins.recognizer.j.a.a(SourceFile:28)
12-14 01:48:51.913 W/ErrorProcessor( 2172): 	at com.google.android.apps.gsa.staticplugins.recognizer.j.b.run(SourceFile:15)
12-14 01:48:51.913 W/ErrorProcessor( 2172): 	at java.util.concurrent.Executors$RunnableAdapter.call(Executors.java:457)
12-14 01:48:51.913 W/ErrorProcessor( 2172): 	at java.util.concurrent.FutureTask.run(FutureTask.java:266)
12-14 01:48:51.913 W/ErrorProcessor( 2172): 	at com.google.android.apps.gsa.shared.util.concurrent.a.ax.run(SourceFile:14)
12-14 01:48:51.913 W/ErrorProcessor( 2172): 	at com.google.android.apps.gsa.shared.util.concurrent.a.bl.run(SourceFile:4)
12-14 01:48:51.913 W/ErrorProcessor( 2172): 	at com.google.android.apps.gsa.shared.util.concurrent.a.bl.run(SourceFile:4)
12-14 01:48:51.913 W/ErrorProcessor( 2172): 	at java.util.concurrent.ThreadPoolExecutor.runWorker(ThreadPoolExecutor.java:1162)
12-14 01:48:51.913 W/ErrorProcessor( 2172): 	at java.util.concurrent.ThreadPoolExecutor$Worker.run(ThreadPoolExecutor.java:636)
12-14 01:48:51.913 W/ErrorProcessor( 2172): 	at java.lang.Thread.run(Thread.java:764)
12-14 01:48:51.913 W/ErrorProcessor( 2172): 	at com.google.android.apps.gsa.shared.util.concurrent.a.ai.run(SourceFile:6)
12-14 01:48:51.913 W/ErrorProcessor( 2172): Caused by: com.google.android.apps.gsa.shared.exception.GsaIOException: Error code: 393238 | Buffer overflow, no available space.
12-14 01:48:51.913 W/ErrorProcessor( 2172): 	at com.google.android.apps.gsa.speech.audio.Tee.f(SourceFile:103)
12-14 01:48:51.913 W/ErrorProcessor( 2172): 	at com.google.android.apps.gsa.speech.audio.au.read(SourceFile:2)
12-14 01:48:51.913 W/ErrorProcessor( 2172): 	at java.io.InputStream.read(InputStream.java:101)
12-14 01:48:51.913 W/ErrorProcessor( 2172): 	at com.google.android.apps.gsa.speech.audio.ao.run(SourceFile:18)
12-14 01:48:51.913 W/ErrorProcessor( 2172): 	at com.google.android.apps.gsa.speech.audio.an.run(SourceFile:2)
12-14 01:48:51.913 W/ErrorProcessor( 2172): 	... 9 more
12-14 01:48:51.913 I/AudioController( 2172): internalShutdown
12-14 01:48:51.921 D/EGL_emulation( 1726): eglMakeCurrent: 0x9f9ad400: ver 3 0 (tinfo 0x903d5c00)
12-14 01:48:51.930 D/EGL_emulation( 1726): eglMakeCurrent: 0x9f9ad400: ver 3 0 (tinfo 0x903d5c00)
12-14 01:48:51.963 I/NetworkScheduler.Stats( 1937): Task com.google.android.gms/com.google.android.gms.clearcut.uploader.QosUploaderService started execution. cause:5 exec_start_elapsed_seconds: 93 [CONTEXT service_id=218 ]
12-14 01:48:51.976 I/MicroDetector( 2172): Keeping mic open: false
12-14 01:48:51.976 I/MicroDetectionWorker( 2172): #onError(false)
12-14 01:48:51.977 I/DeviceStateChecker( 2172): DeviceStateChecker cancelled
12-14 01:48:51.999 I/zygote  ( 2172): Background concurrent copying GC freed 7216(535KB) AllocSpace objects, 7(188KB) LOS objects, 50% free, 4MB/8MB, paused 1.196ms total 143.810ms
12-14 01:48:52.035 I/NetworkScheduler.Stats( 1937): Task com.google.android.gms/com.google.android.gms.clearcut.uploader.QosUploaderService finished executing. cause:5 result: 1 elapsed_millis: 405 uptime_millis: 405 exec_start_elapsed_seconds: 93 [CONTEXT service_id=218 ]
12-14 01:48:52.056 D/AndroidRuntime( 4495): >>>>>> START com.android.internal.os.RuntimeInit uid 2000 <<<<<<
12-14 01:48:52.068 I/zygote  ( 1628): ThreadFlipBegin blocked for 5.155ms
12-14 01:48:52.074 I/OpenGLRenderer( 1628): Initialized EGL, version 1.4
12-14 01:48:52.074 D/OpenGLRenderer( 1628): Swap behavior 1
12-14 01:48:52.074 W/OpenGLRenderer( 1628): Failed to choose config with EGL_SWAP_BEHAVIOR_PRESERVED, retrying without...
12-14 01:48:52.074 D/OpenGLRenderer( 1628): Swap behavior 0
12-14 01:48:52.081 D/EGL_emulation( 1628): eglCreateContext: 0x8c761d20: maj 3 min 0 rcv 3
12-14 01:48:52.084 D/EGL_emulation( 1628): eglMakeCurrent: 0x8c761d20: ver 3 0 (tinfo 0x8d90e4a0)
12-14 01:48:52.085 E/eglCodecCommon( 1628): glUtilsParamSize: unknow param 0x00008cdf
12-14 01:48:52.085 E/eglCodecCommon( 1628): glUtilsParamSize: unknow param 0x00008cdf
12-14 01:48:52.085 E/eglCodecCommon( 1628): glUtilsParamSize: unknow param 0x00008824
12-14 01:48:52.086 E/eglCodecCommon( 1628): glUtilsParamSize: unknow param 0x00008824
12-14 01:48:52.141 W/app_process( 4495): Unexpected CPU variant for X86 using defaults: x86
12-14 01:48:52.156 D/AndroidRuntime( 4495): Calling main entry com.android.commands.am.Am
12-14 01:48:52.158 I/ActivityManager( 1628): Force stopping com.evancharlton.mileage appid=10308 user=0: start instr
12-14 01:48:52.158 I/ActivityManager( 1628): Killing 4413:com.evancharlton.mileage/u0a308 (adj 0): stop com.evancharlton.mileage
12-14 01:48:52.159 W/ActivityManager( 1628): Crash of app com.evancharlton.mileage running instrumentation ComponentInfo{com.evancharlton.mileage.test/sh.calaba.instrumentationbackend.CalabashInstrumentationTestRunner}
12-14 01:48:52.159 I/ActivityManager( 1628): Force stopping com.evancharlton.mileage appid=10308 user=0: finished inst
12-14 01:48:52.174 I/zygote  ( 4515): Not late-enabling -Xcheck:jni (already on)
12-14 01:48:52.180 I/ActivityManager( 1628): Start proc 4515:com.evancharlton.mileage/u0a308 for added application com.evancharlton.mileage
12-14 01:48:52.181 D/AndroidRuntime( 4495): Shutting down VM
12-14 01:48:52.182 W/zygote  ( 4515): Unexpected CPU variant for X86 using defaults: x86
12-14 01:48:52.204 W/zygote  ( 4515): Found duplicate classes, falling back to extracting from APK : /data/app/com.evancharlton.mileage.test-LmV-q4lTftbARZf9SzfsaA==/base.apk
12-14 01:48:52.204 W/zygote  ( 4515): NOTE: This wastes RAM and hurts startup performance.
12-14 01:48:52.204 W/zygote  ( 4515): Found duplicated class when checking oat files: 'Ljunit/runner/BaseTestRunner;' in /data/app/com.evancharlton.mileage.test-LmV-q4lTftbARZf9SzfsaA==/base.apk and /system/framework/android.test.runner.jar
12-14 01:48:52.204 W/zygote  ( 4515): 
12-14 01:48:52.209 W/ActivityManager( 1628): setHasOverlayUi called on unknown pid: 4413
12-14 01:48:52.235 E/adbd    ( 1383): failed to connect to socket 'tcp:7102': Connection refused
12-14 01:48:52.238 E/adbd    ( 1383): failed to connect to socket 'tcp:7102': Connection refused
12-14 01:48:52.252 W/System  ( 4515): ClassLoader referenced unknown path: 
12-14 01:48:52.271 I/System.out( 4515): Main activity name automatically set to: com.evancharlton.mileage.Mileage
12-14 01:48:52.272 I/System.out( 4515): Calabash did not load Mono. This is only a problem if you are trying to test a Mono application
12-14 01:48:52.272 I/calabash( 4515): Test server port: 7102
12-14 01:48:52.273 I/InstrumentationBackend( 4515): Added:'GetPreferences', with key:'get_preferences'
12-14 01:48:52.341 E/adbd    ( 1383): failed to connect to socket 'tcp:7102': Connection refused
12-14 01:48:52.343 E/adbd    ( 1383): failed to connect to socket 'tcp:7102': Connection refused
12-14 01:48:52.357 I/InstrumentationBackend( 4515): Added:'SetPreferences', with key:'set_preferences'
12-14 01:48:52.358 I/InstrumentationBackend( 4515): Added:'ClearPreferences', with key:'clear_preferences'
12-14 01:48:52.358 I/InstrumentationBackend( 4515): Added:'PressElement', with key:'press_l10n_element'
12-14 01:48:52.358 I/InstrumentationBackend( 4515): Added:'WaitForElement', with key:'wait_for_l10n_element'
12-14 01:48:52.359 I/InstrumentationBackend( 4515): Added:'NullAction', with key:'nullAction'
12-14 01:48:52.359 I/InstrumentationBackend( 4515): Added:'PressKey', with key:'press_key'
12-14 01:48:52.360 I/InstrumentationBackend( 4515): Added:'SetActivityOrientation', with key:'set_activity_orientation'
12-14 01:48:52.360 I/InstrumentationBackend( 4515): Added:'GetActivityOrientation', with key:'get_activity_orientation'
12-14 01:48:52.360 I/InstrumentationBackend( 4515): Added:'FakeGPSLocation', with key:'set_gps_coordinates'
12-14 01:48:52.361 I/InstrumentationBackend( 4515): Added:'SetPropertyByCssSelector', with key:'set_property_by_css_selector'
12-14 01:48:52.362 I/InstrumentationBackend( 4515): Added:'GetUrl', with key:'get_url'
12-14 01:48:52.364 I/InstrumentationBackend( 4515): Added:'ScrollTo', with key:'scroll_to'
12-14 01:48:52.364 I/InstrumentationBackend( 4515): Added:'GetLoadProgress', with key:'get_load_progress'
12-14 01:48:52.366 I/InstrumentationBackend( 4515): Added:'DumpHtml', with key:'dump_html'
12-14 01:48:52.367 I/InstrumentationBackend( 4515): Added:'DumpBodyHtml', with key:'dump_body_html'
12-14 01:48:52.367 I/InstrumentationBackend( 4515): Added:'EnterTextByCssSelector', with key:'enter_text_by_selector'
12-14 01:48:52.373 I/InstrumentationBackend( 4515): Added:'AndroidSDKVersion', with key:'android_sdk_version'
12-14 01:48:52.373 I/InstrumentationBackend( 4515): Added:'Version', with key:'version'
12-14 01:48:52.373 I/InstrumentationBackend( 4515): Added:'Drag', with key:'drag'
12-14 01:48:52.373 I/InstrumentationBackend( 4515): Added:'TouchCoordinates', with key:'touch_coordinate'
12-14 01:48:52.373 I/InstrumentationBackend( 4515): Added:'LongPressCoordinate', with key:'long_press_coordinate'
12-14 01:48:52.374 I/InstrumentationBackend( 4515): Added:'DragCoordinates', with key:'drag_coordinates'
12-14 01:48:52.374 I/InstrumentationBackend( 4515): Added:'ResumeApplication', with key:'resume_application'
12-14 01:48:52.375 I/InstrumentationBackend( 4515): Added:'Swipe', with key:'swipe'
12-14 01:48:52.375 I/InstrumentationBackend( 4515): Added:'DoubleTapCoordinate', with key:'double_tap_coordinate'
12-14 01:48:52.375 I/InstrumentationBackend( 4515): Added:'ClickOnScreen', with key:'click_on_screen'
12-14 01:48:52.376 I/InstrumentationBackend( 4515): Added:'GetActivityName', with key:'get_activity_name'
12-14 01:48:52.377 I/InstrumentationBackend( 4515): Added:'ScrollToView', with key:'scroll_to_view'
12-14 01:48:52.377 I/InstrumentationBackend( 4515): Added:'ViewConfiguration', with key:'view_configuration'
12-14 01:48:52.377 I/InstrumentationBackend( 4515): Added:'IsCurrentActivityFocused', with key:'is_current_activity_focused'
12-14 01:48:52.378 I/InstrumentationBackend( 4515): Added:'SendTcp', with key:'send_tcp'
12-14 01:48:52.378 I/InstrumentationBackend( 4515): Added:'DpToDevicePixel', with key:'dp_to_device_pixel'
12-14 01:48:52.379 I/InstrumentationBackend( 4515): Added:'KeyboardEnterText', with key:'keyboard_enter_text'
12-14 01:48:52.380 I/InstrumentationBackend( 4515): Added:'DeleteSurroundingText', with key:'delete_surrounding_text'
12-14 01:48:52.380 I/InstrumentationBackend( 4515): Added:'SetComposingRegion', with key:'set_composing_region'
12-14 01:48:52.380 I/InstrumentationBackend( 4515): Added:'SetSelection', with key:'set_selection'
12-14 01:48:52.381 I/InstrumentationBackend( 4515): Added:'KeyboardKeyEvent', with key:'keyboard_key_event'
12-14 01:48:52.382 I/InstrumentationBackend( 4515): Added:'PressUserActionButton', with key:'press_user_action_button'
12-14 01:48:52.383 I/InstrumentationBackend( 4515): Added:'HideSoftKeyboard', with key:'hide_soft_keyboard'
12-14 01:48:52.384 I/InstrumentationBackend( 4515): Added:'ListActions', with key:'list_actions'
12-14 01:48:52.384 I/calabash( 4515): Instantiating http server at 7102
12-14 01:48:52.385 I/System.out( 4515): HTTP Daemon listening on: 7102
12-14 01:48:52.472 I/System.out( 4515): URI: //ping
12-14 01:48:52.473 I/System.out( 4515): params: {json={}
12-14 01:48:52.473 I/System.out( 4515): }
12-14 01:48:52.496 I/System.out( 4515): URI: //ping
12-14 01:48:52.496 I/System.out( 4515): params: {json={}
12-14 01:48:52.496 I/System.out( 4515): }
12-14 01:48:52.508 I/System.out( 4515): URI: //ready
12-14 01:48:52.508 I/System.out( 4515): params: {json={}
12-14 01:48:52.508 I/System.out( 4515): }
12-14 01:48:52.522 I/System.out( 4515): URI: //
12-14 01:48:52.522 I/System.out( 4515): params: {json={"command":"version","arguments":[]}
12-14 01:48:52.522 I/System.out( 4515): }
12-14 01:48:52.522 I/System.out( 4515): header: {content-type=application/json;charset=utf-8, date=Mon, 14 Dec 2020 06:48:53 GMT, accept=*/*, host=127.0.0.1:34777, content-length=36, user-agent=HTTPClient/1.0 (2.8.3, ruby 2.5.8 (2020-03-31))}
12-14 01:48:52.522 I/System.out( 4515): params: {json={"command":"version","arguments":[]}
12-14 01:48:52.522 I/System.out( 4515): }
12-14 01:48:52.522 I/System.out( 4515): ProP json = {"command":"version","arguments":[]}
12-14 01:48:52.522 I/System.out( 4515): files: {}
12-14 01:48:52.522 I/System.out( 4515): command: {"command":"version","arguments":[]}
12-14 01:48:52.551 I/InstrumentationBackend( 4515): Got command:'Command:'Line:null,version', arguments:'[]'
12-14 01:48:52.583 I/System.out( 4515): result:{"bonusInformation":[],"message":"0.9.8","success":true}
12-14 01:48:52.590 I/System.out( 4515): URI: //start-application
12-14 01:48:52.590 I/System.out( 4515): params: {json={"intent":null}
12-14 01:48:52.590 I/System.out( 4515): }
12-14 01:48:52.628 I/ActivityManager( 1628): START u0 {act=android.intent.action.MAIN cat=[android.intent.category.LAUNCHER] flg=0x10200000 cmp=com.evancharlton.mileage/.Mileage} from uid 10308
12-14 01:48:52.650 I/calabash( 4515): newActivity1
12-14 01:48:52.669 D/gralloc_ranchu( 1395): gralloc_alloc: Creating ashmem region of size 7753728
12-14 01:48:52.676 W/ActivityManager( 1628): Bad activity token: android.os.BinderProxy@158a9b9
12-14 01:48:52.676 W/ActivityManager( 1628): java.lang.ClassCastException: android.os.BinderProxy cannot be cast to com.android.server.am.ActivityRecord$Token
12-14 01:48:52.676 W/ActivityManager( 1628): 	at com.android.server.am.ActivityRecord.forTokenLocked(ActivityRecord.java:778)
12-14 01:48:52.676 W/ActivityManager( 1628): 	at com.android.server.am.ActivityRecord.isInStackLocked(ActivityRecord.java:2085)
12-14 01:48:52.676 W/ActivityManager( 1628): 	at com.android.server.am.ActivityRecord.getStackLocked(ActivityRecord.java:2090)
12-14 01:48:52.676 W/ActivityManager( 1628): 	at com.android.server.am.ActivityManagerService.getActivityDisplayId(ActivityManagerService.java:10406)
12-14 01:48:52.676 W/ActivityManager( 1628): 	at android.app.IActivityManager$Stub.onTransact(IActivityManager.java:2738)
12-14 01:48:52.676 W/ActivityManager( 1628): 	at com.android.server.am.ActivityManagerService.onTransact(ActivityManagerService.java:2935)
12-14 01:48:52.676 W/ActivityManager( 1628): 	at android.os.Binder.execTransact(Binder.java:674)
12-14 01:48:52.678 I/calabash( 4515): newActivity1
12-14 01:48:52.689 W/ActivityManager( 1628): Bad activity token: android.os.BinderProxy@158a9b9
12-14 01:48:52.689 W/ActivityManager( 1628): java.lang.ClassCastException: android.os.BinderProxy cannot be cast to com.android.server.am.ActivityRecord$Token
12-14 01:48:52.689 W/ActivityManager( 1628): 	at com.android.server.am.ActivityRecord.forTokenLocked(ActivityRecord.java:778)
12-14 01:48:52.689 W/ActivityManager( 1628): 	at com.android.server.am.ActivityRecord.isInStackLocked(ActivityRecord.java:2085)
12-14 01:48:52.689 W/ActivityManager( 1628): 	at com.android.server.am.ActivityManagerService.setTaskDescription(ActivityManagerService.java:9988)
12-14 01:48:52.689 W/ActivityManager( 1628): 	at android.app.IActivityManager$Stub.onTransact(IActivityManager.java:2824)
12-14 01:48:52.689 W/ActivityManager( 1628): 	at com.android.server.am.ActivityManagerService.onTransact(ActivityManagerService.java:2935)
12-14 01:48:52.689 W/ActivityManager( 1628): 	at android.os.Binder.execTransact(Binder.java:674)
12-14 01:48:52.690 W/ActivityManager( 1628): Bad activity token: android.os.BinderProxy@158a9b9
12-14 01:48:52.690 W/ActivityManager( 1628): java.lang.ClassCastException: android.os.BinderProxy cannot be cast to com.android.server.am.ActivityRecord$Token
12-14 01:48:52.690 W/ActivityManager( 1628): 	at com.android.server.am.ActivityRecord.forTokenLocked(ActivityRecord.java:778)
12-14 01:48:52.690 W/ActivityManager( 1628): 	at com.android.server.am.ActivityRecord.isInStackLocked(ActivityRecord.java:2085)
12-14 01:48:52.690 W/ActivityManager( 1628): 	at com.android.server.am.ActivityRecord.getStackLocked(ActivityRecord.java:2090)
12-14 01:48:52.690 W/ActivityManager( 1628): 	at com.android.server.am.ActivityManagerService.getActivityStackId(ActivityManagerService.java:10417)
12-14 01:48:52.690 W/ActivityManager( 1628): 	at android.app.IActivityManager$Stub.onTransact(IActivityManager.java:3548)
12-14 01:48:52.690 W/ActivityManager( 1628): 	at com.android.server.am.ActivityManagerService.onTransact(ActivityManagerService.java:2935)
12-14 01:48:52.690 W/ActivityManager( 1628): 	at android.os.Binder.execTransact(Binder.java:674)
12-14 01:48:52.728 V/StatusBar( 1726): setLightsOn(true)
12-14 01:48:52.733 D/EGL_emulation( 2172): eglMakeCurrent: 0xa17c7c80: ver 3 0 (tinfo 0xa197f390)
12-14 01:48:52.733 D/EGL_emulation( 2145): eglMakeCurrent: 0xa17c6f00: ver 3 0 (tinfo 0xa197fad0)
12-14 01:48:52.753 D/EGL_emulation( 1726): eglMakeCurrent: 0x9f9ad400: ver 3 0 (tinfo 0x903d5c00)
12-14 01:48:52.763 I/chatty  ( 1726): uid=10028(u0_a28) RenderThread identical 1 line
12-14 01:48:52.772 D/EGL_emulation( 1726): eglMakeCurrent: 0x9f9ad400: ver 3 0 (tinfo 0x903d5c00)
12-14 01:48:52.772 V/StatusBar( 1726): setLightsOn(true)
12-14 01:48:52.773 E/ContentStoreEUAS( 2172): Failed to commit the deferred actions
12-14 01:48:52.787 D/EGL_emulation( 1726): eglMakeCurrent: 0x9f9ad400: ver 3 0 (tinfo 0x903d5c00)
12-14 01:48:52.809 W/ActivityManager( 1628): Bad activity token: android.os.BinderProxy@158a9b9
12-14 01:48:52.809 W/ActivityManager( 1628): java.lang.ClassCastException: android.os.BinderProxy cannot be cast to com.android.server.am.ActivityRecord$Token
12-14 01:48:52.809 W/ActivityManager( 1628): 	at com.android.server.am.ActivityRecord.forTokenLocked(ActivityRecord.java:778)
12-14 01:48:52.809 W/ActivityManager( 1628): 	at com.android.server.am.ActivityRecord.isInStackLocked(ActivityRecord.java:2085)
12-14 01:48:52.809 W/ActivityManager( 1628): 	at com.android.server.am.ActivityManagerService.getActivityOptions(ActivityManagerService.java:13302)
12-14 01:48:52.809 W/ActivityManager( 1628): 	at android.app.IActivityManager$Stub.onTransact(IActivityManager.java:2910)
12-14 01:48:52.809 W/ActivityManager( 1628): 	at com.android.server.am.ActivityManagerService.onTransact(ActivityManagerService.java:2935)
12-14 01:48:52.809 W/ActivityManager( 1628): 	at android.os.Binder.execTransact(Binder.java:674)
12-14 01:48:52.810 W/ActivityManager( 1628): Bad activity token: android.os.BinderProxy@158a9b9
12-14 01:48:52.810 W/ActivityManager( 1628): java.lang.ClassCastException: android.os.BinderProxy cannot be cast to com.android.server.am.ActivityRecord$Token
12-14 01:48:52.810 W/ActivityManager( 1628): 	at com.android.server.am.ActivityRecord.forTokenLocked(ActivityRecord.java:778)
12-14 01:48:52.810 W/ActivityManager( 1628): 	at com.android.server.am.ActivityRecord.isInStackLocked(ActivityRecord.java:2085)
12-14 01:48:52.810 W/ActivityManager( 1628): 	at com.android.server.am.ActivityManagerService.getActivityOptions(ActivityManagerService.java:13302)
12-14 01:48:52.810 W/ActivityManager( 1628): 	at android.app.IActivityManager$Stub.onTransact(IActivityManager.java:2910)
12-14 01:48:52.810 W/ActivityManager( 1628): 	at com.android.server.am.ActivityManagerService.onTransact(ActivityManagerService.java:2935)
12-14 01:48:52.810 W/ActivityManager( 1628): 	at android.os.Binder.execTransact(Binder.java:674)
12-14 01:48:52.859 I/chatty  ( 1726): uid=10028(u0_a28) RenderThread identical 9 lines
12-14 01:48:52.885 D/EGL_emulation( 1726): eglMakeCurrent: 0x9f9ad400: ver 3 0 (tinfo 0x903d5c00)
12-14 01:48:52.913 I/zygote  ( 4515): Do partial code cache collection, code=28KB, data=30KB
12-14 01:48:52.913 I/zygote  ( 4515): After code cache collection, code=28KB, data=30KB
12-14 01:48:52.913 I/zygote  ( 4515): Increasing code cache capacity to 128KB
12-14 01:48:52.914 I/zygote  ( 4515): Do partial code cache collection, code=28KB, data=48KB
12-14 01:48:52.916 I/zygote  ( 4515): After code cache collection, code=28KB, data=48KB
12-14 01:48:52.916 I/zygote  ( 4515): Increasing code cache capacity to 256KB
12-14 01:48:52.917 I/zygote  ( 4515): JIT allocated 71KB for compiled code of void android.widget.TextView.<init>(android.content.Context, android.util.AttributeSet, int, int)
12-14 01:48:52.917 I/zygote  ( 4515): Compiler allocated 4MB to compile void android.widget.TextView.<init>(android.content.Context, android.util.AttributeSet, int, int)
12-14 01:48:52.922 D/EGL_emulation( 1726): eglMakeCurrent: 0x9f9ad400: ver 3 0 (tinfo 0x903d5c00)
12-14 01:48:52.947 I/chatty  ( 1726): uid=10028(u0_a28) RenderThread identical 3 lines
12-14 01:48:52.951 D/EGL_emulation( 1726): eglMakeCurrent: 0x9f9ad400: ver 3 0 (tinfo 0x903d5c00)
12-14 01:48:52.952 V/StatusBar( 1726): setLightsOn(true)
12-14 01:48:52.968 D/EGL_emulation( 1726): eglMakeCurrent: 0x9f9ad400: ver 3 0 (tinfo 0x903d5c00)
12-14 01:48:52.972 D/gralloc_ranchu( 1395): gralloc_alloc: Creating ashmem region of size 7753728
12-14 01:48:53.037 D/        ( 4515): HostConnection::get() New Host Connection established 0xa15b0b40, tid 4515
12-14 01:48:53.097 V/StatusBar( 1726): setLightsOn(true)
12-14 01:48:53.098 V/StatusBar( 1726): setLightsOn(true)
12-14 01:48:53.099 I/ActivityManager( 1628): Displayed com.evancharlton.mileage/.Mileage: +454ms
12-14 01:48:53.102 V/StatusBar( 1726): setLightsOn(true)
12-14 01:48:53.121 V/StatusBar( 1726): setLightsOn(true)
12-14 01:48:53.134 D/gralloc_ranchu( 1395): gralloc_alloc: Creating ashmem region of size 7753728
12-14 01:48:53.160 E/BatteryStatsService( 1628): modem info is invalid: ModemActivityInfo{ mTimestamp=0 mSleepTimeMs=0 mIdleTimeMs=0 mTxTimeMs[]=[0, 0, 0, 0, 0] mRxTimeMs=0 mEnergyUsed=0}
12-14 01:48:53.216 V/StatusBar( 1726): setLightsOn(true)
12-14 01:48:53.289 V/StatusBar( 1726): setLightsOn(true)
12-14 01:48:53.298 E/SurfaceFlinger( 1414): Failed to find layer (Splash Screen com.evancharlton.mileage#0) in layer parent (no-parent).
12-14 01:48:53.329 I/System.out( 4515): URI: //gesture
12-14 01:48:53.329 I/System.out( 4515): params: {json={"query_timeout":5.0,"gestures":[{"query_string":"android.widget.TabWidget descendant TextView index:1","touches":[{"x":50,"y":50,"offset_x":0,"offset_y":0,"wait":0.0,"time":0.2,"release":true,"query_string":null}]}]}
12-14 01:48:53.329 I/System.out( 4515): }
12-14 01:48:53.338 V/StatusBar( 1726): setLightsOn(true)
12-14 01:48:53.405 I/zygote  ( 4515): Do full code cache collection, code=125KB, data=74KB
12-14 01:48:53.406 I/zygote  ( 4515): After code cache collection, code=113KB, data=47KB
12-14 01:48:53.461 V/StatusBar( 1726): setLightsOn(true)
12-14 01:48:53.463 I/chatty  ( 1726): uid=10028(u0_a28) com.android.systemui identical 1 line
12-14 01:48:53.483 V/StatusBar( 1726): setLightsOn(true)
12-14 01:48:53.495 W/SurfaceFlinger( 1414): couldn't log to binary event log: overflow.
12-14 01:48:53.496 W/SurfaceFlinger( 1414): couldn't log to binary event log: overflow.
12-14 01:48:53.587 I/PBSessionCacheImpl( 2172): Deleted sessionId[7506502249541] from persistence.
12-14 01:48:53.620 W/SearchService( 2172): Abort, client detached.
12-14 01:48:53.624 I/Dialer  ( 1998): OmtpVvmCarrierCfgHlpr - OmtpEvent:CONFIG_STATUS_SMS_TIME_OUT
12-14 01:48:53.624 I/Dialer  ( 1998): RetryPolicy - discarding deferred status: configuration_state=4
12-14 01:48:53.627 I/Dialer  ( 1998): VvmTaskExecutor - no more tasks, stopping service if no task are added in 5000 millis
12-14 01:48:53.638 I/Dialer  ( 1998): VvmTaskReceiver - task received
12-14 01:48:53.638 I/Dialer  ( 1998): VvmTaskReceiver - TaskExecutor already running
12-14 01:48:53.640 I/Dialer  ( 1998): Task.createTask - create task:com.android.voicemail.impl.ActivationTask
12-14 01:48:53.642 I/Dialer  ( 1998): RetryPolicy - retry #1 for com.android.voicemail.impl.ActivationTask@75f00a6 queued, executing in 5000
12-14 01:48:53.642 I/Dialer  ( 1998): VvmTaskExecutor - com.android.voicemail.impl.ActivationTask@75f00a6 added
12-14 01:48:53.643 I/Dialer  ( 1998): VvmTaskExecutor - minimal wait time:4999
12-14 01:48:53.644 I/Dialer  ( 1998): VvmTaskExecutor - sleep for 4999 millis
12-14 01:48:53.653 W/ActivityManager( 1628): Bad activity token: android.os.BinderProxy@dfbed86
12-14 01:48:53.653 W/ActivityManager( 1628): java.lang.ClassCastException: android.os.BinderProxy cannot be cast to com.android.server.am.ActivityRecord$Token
12-14 01:48:53.653 W/ActivityManager( 1628): 	at com.android.server.am.ActivityRecord.forTokenLocked(ActivityRecord.java:778)
12-14 01:48:53.653 W/ActivityManager( 1628): 	at com.android.server.am.ActivityRecord.isInStackLocked(ActivityRecord.java:2085)
12-14 01:48:53.653 W/ActivityManager( 1628): 	at com.android.server.am.ActivityRecord.getStackLocked(ActivityRecord.java:2090)
12-14 01:48:53.653 W/ActivityManager( 1628): 	at com.android.server.am.ActivityManagerService.getActivityDisplayId(ActivityManagerService.java:10406)
12-14 01:48:53.653 W/ActivityManager( 1628): 	at android.app.IActivityManager$Stub.onTransact(IActivityManager.java:2738)
12-14 01:48:53.653 W/ActivityManager( 1628): 	at com.android.server.am.ActivityManagerService.onTransact(ActivityManagerService.java:2935)
12-14 01:48:53.653 W/ActivityManager( 1628): 	at android.os.Binder.execTransact(Binder.java:674)
12-14 01:48:53.653 W/audio_hw_generic( 1389): Not supplying enough data to HAL, expected position 600598 , only wrote 600480
12-14 01:48:53.656 I/calabash( 4515): newActivity1
12-14 01:48:53.658 W/ActivityManager( 1628): Bad activity token: android.os.BinderProxy@dfbed86
12-14 01:48:53.658 W/ActivityManager( 1628): java.lang.ClassCastException: android.os.BinderProxy cannot be cast to com.android.server.am.ActivityRecord$Token
12-14 01:48:53.658 W/ActivityManager( 1628): 	at com.android.server.am.ActivityRecord.forTokenLocked(ActivityRecord.java:778)
12-14 01:48:53.658 W/ActivityManager( 1628): 	at com.android.server.am.ActivityRecord.isInStackLocked(ActivityRecord.java:2085)
12-14 01:48:53.658 W/ActivityManager( 1628): 	at com.android.server.am.ActivityManagerService.setTaskDescription(ActivityManagerService.java:9988)
12-14 01:48:53.658 W/ActivityManager( 1628): 	at android.app.IActivityManager$Stub.onTransact(IActivityManager.java:2824)
12-14 01:48:53.658 W/ActivityManager( 1628): 	at com.android.server.am.ActivityManagerService.onTransact(ActivityManagerService.java:2935)
12-14 01:48:53.658 W/ActivityManager( 1628): 	at android.os.Binder.execTransact(Binder.java:674)
12-14 01:48:53.659 W/ActivityManager( 1628): Bad activity token: android.os.BinderProxy@dfbed86
12-14 01:48:53.659 W/ActivityManager( 1628): java.lang.ClassCastException: android.os.BinderProxy cannot be cast to com.android.server.am.ActivityRecord$Token
12-14 01:48:53.659 W/ActivityManager( 1628): 	at com.android.server.am.ActivityRecord.forTokenLocked(ActivityRecord.java:778)
12-14 01:48:53.659 W/ActivityManager( 1628): 	at com.android.server.am.ActivityRecord.isInStackLocked(ActivityRecord.java:2085)
12-14 01:48:53.659 W/ActivityManager( 1628): 	at com.android.server.am.ActivityRecord.getStackLocked(ActivityRecord.java:2090)
12-14 01:48:53.659 W/ActivityManager( 1628): 	at com.android.server.am.ActivityManagerService.getActivityStackId(ActivityManagerService.java:10417)
12-14 01:48:53.659 W/ActivityManager( 1628): 	at android.app.IActivityManager$Stub.onTransact(IActivityManager.java:3548)
12-14 01:48:53.659 W/ActivityManager( 1628): 	at com.android.server.am.ActivityManagerService.onTransact(ActivityManagerService.java:2935)
12-14 01:48:53.659 W/ActivityManager( 1628): 	at android.os.Binder.execTransact(Binder.java:674)
12-14 01:48:53.718 W/ActivityManager( 1628): Bad activity token: android.os.BinderProxy@dfbed86
12-14 01:48:53.718 W/ActivityManager( 1628): java.lang.ClassCastException: android.os.BinderProxy cannot be cast to com.android.server.am.ActivityRecord$Token
12-14 01:48:53.718 W/ActivityManager( 1628): 	at com.android.server.am.ActivityRecord.forTokenLocked(ActivityRecord.java:778)
12-14 01:48:53.718 W/ActivityManager( 1628): 	at com.android.server.am.ActivityRecord.isInStackLocked(ActivityRecord.java:2085)
12-14 01:48:53.718 W/ActivityManager( 1628): 	at com.android.server.am.ActivityManagerService.getActivityOptions(ActivityManagerService.java:13302)
12-14 01:48:53.718 W/ActivityManager( 1628): 	at android.app.IActivityManager$Stub.onTransact(IActivityManager.java:2910)
12-14 01:48:53.718 W/ActivityManager( 1628): 	at com.android.server.am.ActivityManagerService.onTransact(ActivityManagerService.java:2935)
12-14 01:48:53.718 W/ActivityManager( 1628): 	at android.os.Binder.execTransact(Binder.java:674)
12-14 01:48:53.720 W/ActivityManager( 1628): Bad activity token: android.os.BinderProxy@dfbed86
12-14 01:48:53.720 W/ActivityManager( 1628): java.lang.ClassCastException: android.os.BinderProxy cannot be cast to com.android.server.am.ActivityRecord$Token
12-14 01:48:53.720 W/ActivityManager( 1628): 	at com.android.server.am.ActivityRecord.forTokenLocked(ActivityRecord.java:778)
12-14 01:48:53.720 W/ActivityManager( 1628): 	at com.android.server.am.ActivityRecord.isInStackLocked(ActivityRecord.java:2085)
12-14 01:48:53.720 W/ActivityManager( 1628): 	at com.android.server.am.ActivityManagerService.getActivityOptions(ActivityManagerService.java:13302)
12-14 01:48:53.720 W/ActivityManager( 1628): 	at android.app.IActivityManager$Stub.onTransact(IActivityManager.java:2910)
12-14 01:48:53.720 W/ActivityManager( 1628): 	at com.android.server.am.ActivityManagerService.onTransact(ActivityManagerService.java:2935)
12-14 01:48:53.720 W/ActivityManager( 1628): 	at android.os.Binder.execTransact(Binder.java:674)
12-14 01:48:53.802 D/Mileage ( 4515): Not enough fillups to calculate economy
12-14 01:48:53.844 I/zygote  ( 4515): Do partial code cache collection, code=121KB, data=65KB
12-14 01:48:53.844 I/zygote  ( 4515): After code cache collection, code=121KB, data=65KB
12-14 01:48:53.844 I/zygote  ( 4515): Increasing code cache capacity to 512KB
12-14 01:48:53.846 D/gralloc_ranchu( 1395): gralloc_alloc: Creating ashmem region of size 7753728
12-14 01:48:53.912 E/SurfaceFlinger( 1414): ro.sf.lcd_density must be defined as a build property
12-14 01:48:53.933 D/gralloc_ranchu( 1395): gralloc_alloc: Creating ashmem region of size 8298496
12-14 01:48:53.950 D/        ( 4558): HostConnection::get() New Host Connection established 0xb2baf800, tid 4558
12-14 01:48:54.325 I/System.out( 4515): URI: //gesture
12-14 01:48:54.325 I/System.out( 4515): params: {json={"query_timeout":5.0,"gestures":[{"query_string":"android.widget.TabWidget descendant TextView index:3","touches":[{"x":50,"y":50,"offset_x":0,"offset_y":0,"wait":0.0,"time":0.2,"release":true,"query_string":null}]}]}
12-14 01:48:54.325 I/System.out( 4515): }
12-14 01:48:54.588 W/ActivityManager( 1628): Bad activity token: android.os.BinderProxy@5205b6a
12-14 01:48:54.588 W/ActivityManager( 1628): java.lang.ClassCastException: android.os.BinderProxy cannot be cast to com.android.server.am.ActivityRecord$Token
12-14 01:48:54.588 W/ActivityManager( 1628): 	at com.android.server.am.ActivityRecord.forTokenLocked(ActivityRecord.java:778)
12-14 01:48:54.588 W/ActivityManager( 1628): 	at com.android.server.am.ActivityRecord.isInStackLocked(ActivityRecord.java:2085)
12-14 01:48:54.588 W/ActivityManager( 1628): 	at com.android.server.am.ActivityRecord.getStackLocked(ActivityRecord.java:2090)
12-14 01:48:54.588 W/ActivityManager( 1628): 	at com.android.server.am.ActivityManagerService.getActivityDisplayId(ActivityManagerService.java:10406)
12-14 01:48:54.588 W/ActivityManager( 1628): 	at android.app.IActivityManager$Stub.onTransact(IActivityManager.java:2738)
12-14 01:48:54.588 W/ActivityManager( 1628): 	at com.android.server.am.ActivityManagerService.onTransact(ActivityManagerService.java:2935)
12-14 01:48:54.588 W/ActivityManager( 1628): 	at android.os.Binder.execTransact(Binder.java:674)
12-14 01:48:54.590 I/calabash( 4515): newActivity1
12-14 01:48:54.594 W/ActivityManager( 1628): Bad activity token: android.os.BinderProxy@5205b6a
12-14 01:48:54.594 W/ActivityManager( 1628): java.lang.ClassCastException: android.os.BinderProxy cannot be cast to com.android.server.am.ActivityRecord$Token
12-14 01:48:54.594 W/ActivityManager( 1628): 	at com.android.server.am.ActivityRecord.forTokenLocked(ActivityRecord.java:778)
12-14 01:48:54.594 W/ActivityManager( 1628): 	at com.android.server.am.ActivityRecord.isInStackLocked(ActivityRecord.java:2085)
12-14 01:48:54.594 W/ActivityManager( 1628): 	at com.android.server.am.ActivityManagerService.setTaskDescription(ActivityManagerService.java:9988)
12-14 01:48:54.594 W/ActivityManager( 1628): 	at android.app.IActivityManager$Stub.onTransact(IActivityManager.java:2824)
12-14 01:48:54.594 W/ActivityManager( 1628): 	at com.android.server.am.ActivityManagerService.onTransact(ActivityManagerService.java:2935)
12-14 01:48:54.594 W/ActivityManager( 1628): 	at android.os.Binder.execTransact(Binder.java:674)
12-14 01:48:54.595 W/ActivityManager( 1628): Bad activity token: android.os.BinderProxy@5205b6a
12-14 01:48:54.595 W/ActivityManager( 1628): java.lang.ClassCastException: android.os.BinderProxy cannot be cast to com.android.server.am.ActivityRecord$Token
12-14 01:48:54.595 W/ActivityManager( 1628): 	at com.android.server.am.ActivityRecord.forTokenLocked(ActivityRecord.java:778)
12-14 01:48:54.595 W/ActivityManager( 1628): 	at com.android.server.am.ActivityRecord.isInStackLocked(ActivityRecord.java:2085)
12-14 01:48:54.595 W/ActivityManager( 1628): 	at com.android.server.am.ActivityRecord.getStackLocked(ActivityRecord.java:2090)
12-14 01:48:54.595 W/ActivityManager( 1628): 	at com.android.server.am.ActivityManagerService.getActivityStackId(ActivityManagerService.java:10417)
12-14 01:48:54.595 W/ActivityManager( 1628): 	at android.app.IActivityManager$Stub.onTransact(IActivityManager.java:3548)
12-14 01:48:54.595 W/ActivityManager( 1628): 	at com.android.server.am.ActivityManagerService.onTransact(ActivityManagerService.java:2935)
12-14 01:48:54.595 W/ActivityManager( 1628): 	at android.os.Binder.execTransact(Binder.java:674)
12-14 01:48:54.602 W/ActivityManager( 1628): Bad activity token: android.os.BinderProxy@5205b6a
12-14 01:48:54.602 W/ActivityManager( 1628): java.lang.ClassCastException: android.os.BinderProxy cannot be cast to com.android.server.am.ActivityRecord$Token
12-14 01:48:54.602 W/ActivityManager( 1628): 	at com.android.server.am.ActivityRecord.forTokenLocked(ActivityRecord.java:778)
12-14 01:48:54.602 W/ActivityManager( 1628): 	at com.android.server.am.ActivityRecord.isInStackLocked(ActivityRecord.java:2085)
12-14 01:48:54.602 W/ActivityManager( 1628): 	at com.android.server.am.ActivityManagerService.getActivityOptions(ActivityManagerService.java:13302)
12-14 01:48:54.602 W/ActivityManager( 1628): 	at android.app.IActivityManager$Stub.onTransact(IActivityManager.java:2910)
12-14 01:48:54.602 W/ActivityManager( 1628): 	at com.android.server.am.ActivityManagerService.onTransact(ActivityManagerService.java:2935)
12-14 01:48:54.602 W/ActivityManager( 1628): 	at android.os.Binder.execTransact(Binder.java:674)
12-14 01:48:54.603 W/ActivityManager( 1628): Bad activity token: android.os.BinderProxy@5205b6a
12-14 01:48:54.603 W/ActivityManager( 1628): java.lang.ClassCastException: android.os.BinderProxy cannot be cast to com.android.server.am.ActivityRecord$Token
12-14 01:48:54.603 W/ActivityManager( 1628): 	at com.android.server.am.ActivityRecord.forTokenLocked(ActivityRecord.java:778)
12-14 01:48:54.603 W/ActivityManager( 1628): 	at com.android.server.am.ActivityRecord.isInStackLocked(ActivityRecord.java:2085)
12-14 01:48:54.603 W/ActivityManager( 1628): 	at com.android.server.am.ActivityManagerService.getActivityOptions(ActivityManagerService.java:13302)
12-14 01:48:54.603 W/ActivityManager( 1628): 	at android.app.IActivityManager$Stub.onTransact(IActivityManager.java:2910)
12-14 01:48:54.603 W/ActivityManager( 1628): 	at com.android.server.am.ActivityManagerService.onTransact(ActivityManagerService.java:2935)
12-14 01:48:54.603 W/ActivityManager( 1628): 	at android.os.Binder.execTransact(Binder.java:674)
12-14 01:48:54.796 E/SurfaceFlinger( 1414): ro.sf.lcd_density must be defined as a build property
12-14 01:48:54.802 D/gralloc_ranchu( 1395): gralloc_alloc: Creating ashmem region of size 8298496
12-14 01:48:54.811 D/        ( 4564): HostConnection::get() New Host Connection established 0xa7e2f800, tid 4564
12-14 01:48:55.108 I/System.out( 4515): URI: //gesture
12-14 01:48:55.108 I/System.out( 4515): params: {json={"query_timeout":5.0,"gestures":[{"query_string":"android.widget.TabWidget descendant TextView index:2","touches":[{"x":50,"y":50,"offset_x":0,"offset_y":0,"wait":0.0,"time":0.2,"release":true,"query_string":null}]}]}
12-14 01:48:55.108 I/System.out( 4515): }
12-14 01:48:55.369 W/ActivityManager( 1628): Bad activity token: android.os.BinderProxy@e48a0d
12-14 01:48:55.369 W/ActivityManager( 1628): java.lang.ClassCastException: android.os.BinderProxy cannot be cast to com.android.server.am.ActivityRecord$Token
12-14 01:48:55.369 W/ActivityManager( 1628): 	at com.android.server.am.ActivityRecord.forTokenLocked(ActivityRecord.java:778)
12-14 01:48:55.369 W/ActivityManager( 1628): 	at com.android.server.am.ActivityRecord.isInStackLocked(ActivityRecord.java:2085)
12-14 01:48:55.369 W/ActivityManager( 1628): 	at com.android.server.am.ActivityRecord.getStackLocked(ActivityRecord.java:2090)
12-14 01:48:55.369 W/ActivityManager( 1628): 	at com.android.server.am.ActivityManagerService.getActivityDisplayId(ActivityManagerService.java:10406)
12-14 01:48:55.369 W/ActivityManager( 1628): 	at android.app.IActivityManager$Stub.onTransact(IActivityManager.java:2738)
12-14 01:48:55.369 W/ActivityManager( 1628): 	at com.android.server.am.ActivityManagerService.onTransact(ActivityManagerService.java:2935)
12-14 01:48:55.369 W/ActivityManager( 1628): 	at android.os.Binder.execTransact(Binder.java:674)
12-14 01:48:55.370 I/calabash( 4515): newActivity1
12-14 01:48:55.469 W/ActivityManager( 1628): Bad activity token: android.os.BinderProxy@e48a0d
12-14 01:48:55.469 W/ActivityManager( 1628): java.lang.ClassCastException: android.os.BinderProxy cannot be cast to com.android.server.am.ActivityRecord$Token
12-14 01:48:55.469 W/ActivityManager( 1628): 	at com.android.server.am.ActivityRecord.forTokenLocked(ActivityRecord.java:778)
12-14 01:48:55.469 W/ActivityManager( 1628): 	at com.android.server.am.ActivityRecord.isInStackLocked(ActivityRecord.java:2085)
12-14 01:48:55.469 W/ActivityManager( 1628): 	at com.android.server.am.ActivityManagerService.setTaskDescription(ActivityManagerService.java:9988)
12-14 01:48:55.469 W/ActivityManager( 1628): 	at android.app.IActivityManager$Stub.onTransact(IActivityManager.java:2824)
12-14 01:48:55.469 W/ActivityManager( 1628): 	at com.android.server.am.ActivityManagerService.onTransact(ActivityManagerService.java:2935)
12-14 01:48:55.469 W/ActivityManager( 1628): 	at android.os.Binder.execTransact(Binder.java:674)
12-14 01:48:55.470 W/ActivityManager( 1628): Bad activity token: android.os.BinderProxy@e48a0d
12-14 01:48:55.470 W/ActivityManager( 1628): java.lang.ClassCastException: android.os.BinderProxy cannot be cast to com.android.server.am.ActivityRecord$Token
12-14 01:48:55.470 W/ActivityManager( 1628): 	at com.android.server.am.ActivityRecord.forTokenLocked(ActivityRecord.java:778)
12-14 01:48:55.470 W/ActivityManager( 1628): 	at com.android.server.am.ActivityRecord.isInStackLocked(ActivityRecord.java:2085)
12-14 01:48:55.470 W/ActivityManager( 1628): 	at com.android.server.am.ActivityRecord.getStackLocked(ActivityRecord.java:2090)
12-14 01:48:55.470 W/ActivityManager( 1628): 	at com.android.server.am.ActivityManagerService.getActivityStackId(ActivityManagerService.java:10417)
12-14 01:48:55.470 W/ActivityManager( 1628): 	at android.app.IActivityManager$Stub.onTransact(IActivityManager.java:3548)
12-14 01:48:55.470 W/ActivityManager( 1628): 	at com.android.server.am.ActivityManagerService.onTransact(ActivityManagerService.java:2935)
12-14 01:48:55.470 W/ActivityManager( 1628): 	at android.os.Binder.execTransact(Binder.java:674)
12-14 01:48:55.510 D/VehicleStatisticsActivity( 4515): Checking recalculation ...
12-14 01:48:55.514 D/VehicleStatisticsActivity( 4515): Recalculating statistics
12-14 01:48:55.514 D/VehicleStatisticsTask( 4515): Calculation starting...
12-14 01:48:55.515 D/VehicleStatisticsActivity( 4515): Recalculation started!
12-14 01:48:55.518 E/memtrack( 1628): Couldn't load memtrack module
12-14 01:48:55.518 W/android.os.Debug( 1628): failed to get memory consumption info: -1
