--------- beginning of main
12-14 03:09:16.791 I/GCoreUlr( 1942): WorldUpdater:init: Ensuring that reporting is stopped because of reasons: (no Google accounts)
12-14 03:09:16.814 I/GCoreUlr( 1942): Unbound from all signal providers.
12-14 03:09:16.818 I/zygote  ( 1942): Deoptimizing void ccyq.n(java.lang.Iterable, java.util.List) due to JIT inline cache
12-14 03:09:16.853 I/GCoreUlr( 1942): Unbound from all signal providers.
12-14 03:09:16.853 I/GCoreUlr( 1942): Stopping handler for UlrDispSvcFast
12-14 03:09:16.876 D/BoundBrokerSvc( 1942): onBind: Intent { act=com.google.android.gms.pseudonymous.service.START cmp=com.google.android.gms/.chimera.PersistentApiService }
12-14 03:09:16.876 D/BoundBrokerSvc( 1942): Loading bound service for intent: Intent { act=com.google.android.gms.pseudonymous.service.START cmp=com.google.android.gms/.chimera.PersistentApiService }
12-14 03:09:17.075 D/WificondControl( 1628): Scan result ready event
12-14 03:09:19.718 D/BoundBrokerSvc( 2247): onUnbind: Intent { act=com.google.android.gms.auth.service.START pkg=com.google.android.gms }
--------- beginning of system
12-14 03:09:19.733 E/BatteryStatsService( 1628): modem info is invalid: ModemActivityInfo{ mTimestamp=0 mSleepTimeMs=0 mIdleTimeMs=0 mTxTimeMs[]=[0, 0, 0, 0, 0] mRxTimeMs=0 mEnergyUsed=0}
12-14 03:09:19.981 W/NamedFutures( 2173): Timeout future task has been cancelled: 10000 milliseconds
12-14 03:09:19.985 E/SearchServiceStarter( 2173): Task 174 failed or timed out. Client 9558563001955125 disconnecting from SearchService!
12-14 03:09:19.985 E/SearchServiceStarter( 2173): java.util.concurrent.CancellationException: Task was cancelled.
12-14 03:09:19.985 E/SearchServiceStarter( 2173): 	at com.google.common.util.concurrent.d.ct(SourceFile:75)
12-14 03:09:19.985 E/SearchServiceStarter( 2173): 	at com.google.common.util.concurrent.d.get(SourceFile:57)
12-14 03:09:19.985 E/SearchServiceStarter( 2173): 	at com.google.common.util.concurrent.cg.n(SourceFile:2)
12-14 03:09:19.985 E/SearchServiceStarter( 2173): 	at com.google.common.util.concurrent.av.l(SourceFile:50)
12-14 03:09:19.985 E/SearchServiceStarter( 2173): 	at com.google.common.util.concurrent.ax.run(SourceFile:5)
12-14 03:09:19.985 E/SearchServiceStarter( 2173): 	at com.google.android.apps.gsa.shared.util.concurrent.a.bc.run(SourceFile:2)
12-14 03:09:19.985 E/SearchServiceStarter( 2173): 	at android.os.Handler.handleCallback(Handler.java:789)
12-14 03:09:19.985 E/SearchServiceStarter( 2173): 	at android.os.Handler.dispatchMessage(Handler.java:98)
12-14 03:09:19.985 E/SearchServiceStarter( 2173): 	at android.os.Looper.loop(Looper.java:164)
12-14 03:09:19.985 E/SearchServiceStarter( 2173): 	at android.app.ActivityThread.main(ActivityThread.java:6541)
12-14 03:09:19.985 E/SearchServiceStarter( 2173): 	at java.lang.reflect.Method.invoke(Native Method)
12-14 03:09:19.985 E/SearchServiceStarter( 2173): 	at com.android.internal.os.Zygote$MethodAndArgsCaller.run(Zygote.java:240)
12-14 03:09:19.985 E/SearchServiceStarter( 2173): 	at com.android.internal.os.ZygoteInit.main(ZygoteInit.java:767)
12-14 03:09:20.006 D/BoundBrokerSvc( 2247): onUnbind: Intent { act=com.google.android.gms.checkin.START pkg=com.google.android.gms }
12-14 03:09:20.042 I/Dialer  ( 2019): VvmTaskReceiver - task received
12-14 03:09:20.042 I/Dialer  ( 2019): VvmTaskReceiver - TaskExecutor already running
12-14 03:09:20.043 I/Dialer  ( 2019): Task.createTask - create task:com.android.voicemail.impl.ActivationTask
12-14 03:09:20.043 I/Dialer  ( 2019): TaskQueue.add - duplicated task added
12-14 03:09:20.043 I/Dialer  ( 2019): VvmTaskExecutor - com.android.voicemail.impl.ActivationTask@ca7149e added
12-14 03:09:20.044 W/BroadcastQueue( 1628): Background execution not allowed: receiving Intent { act=android.intent.action.PACKAGE_REMOVED dat=package:com.evancharlton.mileage.test flg=0x4000010 (has extras) } to com.android.vending/com.google.android.finsky.packagemanager.impl.PackageMonitorReceiverImpl$RegisteredReceiver
12-14 03:09:20.044 W/BroadcastQueue( 1628): Background execution not allowed: receiving Intent { act=android.intent.action.PACKAGE_REMOVED dat=package:com.evancharlton.mileage.test flg=0x4000010 (has extras) } to com.android.vending/com.google.android.finsky.instantapps.appmanagement.InstantAppRemoveMonitor
12-14 03:09:20.044 W/BroadcastQueue( 1628): Background execution not allowed: receiving Intent { act=android.intent.action.PACKAGE_REMOVED dat=package:com.evancharlton.mileage.test flg=0x4000010 (has extras) } to com.google.android.gms/.games.chimera.GamesSystemBroadcastReceiverProxy
12-14 03:09:20.044 W/BroadcastQueue( 1628): Background execution not allowed: receiving Intent { act=android.intent.action.PACKAGE_REMOVED dat=package:com.evancharlton.mileage.test flg=0x4000010 (has extras) } to com.google.android.gms/.chimera.GmsIntentOperationService$PersistentTrustedReceiver
12-14 03:09:20.044 W/BroadcastQueue( 1628): Background execution not allowed: receiving Intent { act=android.intent.action.PACKAGE_REMOVED dat=package:com.evancharlton.mileage.test flg=0x4000010 (has extras) } to com.google.android.googlequicksearchbox/com.google.android.apps.gsa.googlequicksearchbox.GelStubAppWatcher
12-14 03:09:20.055 I/Finsky  ( 2544): [2] ycb.d(13): PackageMonitorReceiverImpl - Received: android.intent.action.PACKAGE_FULLY_REMOVED, [Hc-uu0eID9wC4ptvRCsWBIQPDhHxrgxu8bZlIwakNJw]
12-14 03:09:20.055 I/Finsky  ( 2544): [2] ydc.g(1): Invalidating cached PackageState for com.evancharlton.mileage.test
12-14 03:09:20.057 I/Finsky  ( 2544): [2] ouk.d(2): Frosting ID looked up on UI thread. Caller should move to a background thread.
12-14 03:09:20.059 I/Finsky  ( 2544): [2] qlq.s(2): Installer: package com.evancharlton.mileage.test was removed. replacing: false
12-14 03:09:20.060 I/Finsky  ( 2544): [2] qmo.L(12): Installer: Notifying status update. package=com.evancharlton.mileage.test, status=UNINSTALLED
12-14 03:09:20.062 I/Finsky  ( 2544): [2] alxk.a(3): Do not start WearSupportService due to Wear service optimization
12-14 03:09:20.062 I/Finsky  ( 2544): [2] alxk.a(3): Do not start WearSupportService due to Wear service optimization
12-14 03:09:20.063 I/Finsky  ( 2544): [2] adxl.a(8): Clearing split related stale data.
12-14 03:09:20.064 I/Finsky  ( 2544): [172] gvx.a(12): Asset module storage cleared for package com.evancharlton.mileage.test.
12-14 03:09:20.075 I/Finsky  ( 2544): [166] otx.run(16): Wrote row to frosting DB: 1474
12-14 03:09:20.077 I/Finsky  ( 2544): [2] qmo.O(7): Installer: found apps to install. isMultiUserMode=false, apps=[]
12-14 03:09:20.083 I/ExposureNotification( 2247): Still can find package com.evancharlton.mileage.test after receive its fully removed broadcast, which was installed 8632 ms ago. Ignore the fully removed broadcast. [CONTEXT service_id=236 ]
12-14 03:09:20.088 D/BoundBrokerSvc( 2247): onBind: Intent { act=com.google.android.gms.common.BIND_SHARED_PREFS pkg=com.google.android.gms }
12-14 03:09:20.088 D/BoundBrokerSvc( 2247): Loading bound service for intent: Intent { act=com.google.android.gms.common.BIND_SHARED_PREFS pkg=com.google.android.gms }
12-14 03:09:20.092 D/BoundBrokerSvc( 2247): onUnbind: Intent { act=com.google.android.gms.common.BIND_SHARED_PREFS pkg=com.google.android.gms }
12-14 03:09:20.092 I/Finsky  ( 2544): [125] jmd.a(15): [ContentSync] finished, scheduled=false
12-14 03:09:20.096 I/Finsky  ( 2544): [161] rab.C(2): IQ: Notifying installation update. package=com.evancharlton.mileage.test, status=UNINSTALLED
12-14 03:09:20.101 I/ActivityManager( 1628): Killing 3235:com.android.settings/1000 (adj 906): empty #17
12-14 03:09:20.101 I/Finsky  ( 2544): [166] otx.run(16): Wrote row to frosting DB: 1475
12-14 03:09:20.113 I/Finsky  ( 2544): [161] rab.t(33): IQ: No matching installs to run for jobs: []
12-14 03:09:20.122 I/zygote  ( 2544): Deoptimizing j$.util.stream.Sink j$.util.stream.AbstractPipeline.wrapAndCopyInto(j$.util.stream.Sink, j$.util.Spliterator) due to JIT inline cache
12-14 03:09:20.124 I/DigitalWidgetProvider( 1997): onReceive: Intent { act=com.android.deskclock.ALARM_CHANGED flg=0x10 cmp=com.google.android.deskclock/com.android.alarmclock.DigitalAppWidgetProvider }
12-14 03:09:20.148 W/BroadcastQueue( 1628): Background execution not allowed: receiving Intent { act=android.intent.action.PACKAGE_ADDED dat=package:com.evancharlton.mileage.test flg=0x4000010 (has extras) } to com.android.vending/com.google.android.finsky.packagemanager.impl.PackageMonitorReceiverImpl$RegisteredReceiver
12-14 03:09:20.148 W/BroadcastQueue( 1628): Background execution not allowed: receiving Intent { act=android.intent.action.PACKAGE_ADDED dat=package:com.evancharlton.mileage.test flg=0x4000010 (has extras) } to com.google.android.gms/.games.chimera.GamesSystemBroadcastReceiverProxy
12-14 03:09:20.149 W/BroadcastQueue( 1628): Background execution not allowed: receiving Intent { act=android.intent.action.PACKAGE_ADDED dat=package:com.evancharlton.mileage.test flg=0x4000010 (has extras) } to com.google.android.gms/.gass.chimera.PackageChangeBroadcastReceiver
12-14 03:09:20.149 W/BroadcastQueue( 1628): Background execution not allowed: receiving Intent { act=android.intent.action.PACKAGE_ADDED dat=package:com.evancharlton.mileage.test flg=0x4000010 (has extras) } to com.google.android.gms/.chimera.GmsIntentOperationService$PersistentTrustedReceiver
12-14 03:09:20.149 W/BroadcastQueue( 1628): Background execution not allowed: receiving Intent { act=android.intent.action.PACKAGE_ADDED dat=package:com.evancharlton.mileage.test flg=0x4000010 (has extras) } to com.google.android.googlequicksearchbox/com.google.android.apps.gsa.googlequicksearchbox.GelStubAppWatcher
12-14 03:09:20.208 W/BroadcastQueue( 1628): Background execution not allowed: receiving Intent { act=android.intent.action.DROPBOX_ENTRY_ADDED flg=0x10 (has extras) } to com.google.android.gms/.stats.service.DropBoxEntryAddedReceiver
12-14 03:09:20.209 W/BroadcastQueue( 1628): Background execution not allowed: receiving Intent { act=android.intent.action.DROPBOX_ENTRY_ADDED flg=0x10 (has extras) } to com.google.android.gms/.chimera.GmsIntentOperationService$PersistentTrustedReceiver
12-14 03:09:20.225 I/zygote  ( 1942): Do partial code cache collection, code=504KB, data=325KB
12-14 03:09:20.225 I/zygote  ( 1942): After code cache collection, code=501KB, data=323KB
12-14 03:09:20.225 I/zygote  ( 1942): Increasing code cache capacity to 2MB
12-14 03:09:20.245 W/zygote  ( 3799): Unexpected CPU variant for X86 using defaults: x86
12-14 03:09:20.248 I/ActivityManager( 1628): Start proc 3799:com.google.android.videos/u0a72 for service com.google.android.videos/.service.drm.RefreshLicenseTaskService
12-14 03:09:20.273 W/NetworkScheduler( 1942): Immediate task was not started com.google.android.videos/.service.drm.RefreshLicenseTaskService{u=0 tag="refresh_license_forced" trigger=window{start=0s,end=1s,earliest=0s,latest=0s} requirements=[NET_CONNECTED] attributes=[] scheduled=0s last_run=N/A exec_window_multiplier=1.0000 jid=N/A status=PENDING retries=0 client_lib=MANCHEGO_GCM-10400000}. Rescheduling immediate tasks can cause excessive battery drain.
12-14 03:09:20.277 E/NetworkScheduler.ATC( 1942): Called cancelTask for already completed task com.google.android.videos/.service.drm.RefreshLicenseTaskService{u=0 tag="refresh_license_forced" trigger=window{start=0s,end=1s,earliest=0s,latest=0s} requirements=[NET_CONNECTED] attributes=[] scheduled=0s last_run=0s exec_window_multiplier=1.0000 jid=N/A status=PENDING retries=0 client_lib=MANCHEGO_GCM-10400000} :5 [CONTEXT service_id=218 ]
12-14 03:09:20.286 I/MultiDex( 3799): VM with version 2.1.0 has multidex support
12-14 03:09:20.286 I/MultiDex( 3799): install
12-14 03:09:20.286 I/MultiDex( 3799): VM has multidex support, MultiDex support library is disabled.
12-14 03:09:20.355 I/zygote  ( 1942): Deoptimizing int cdcx.u(java.lang.Object, byte[], int, int, int, int, int, int, long, int, long, ccyx) due to JIT inline cache
12-14 03:09:20.444 I/zygote  ( 3799): Deoptimizing int com.google.android.videos.utils.UriBuilder.indexOfNextParameterDelimiter(java.lang.CharSequence, int, int) due to JIT inline cache
12-14 03:09:20.491 I/ActivityManager( 1628): Killing 3264:com.android.cellbroadcastreceiver/u0a5 (adj 906): empty #17
12-14 03:09:20.498 W/ActivityManager( 1628): Background start not allowed: service Intent { cmp=com.google.android.videos/.service.pinning.TransferService (has extras) } to com.google.android.videos/.service.pinning.TransferService from pid=3799 uid=10072 pkg=com.google.android.videos
12-14 03:09:20.500 I/Finsky  ( 2544): [111] daj.a(7): Received content filters request from com.google.android.videos
12-14 03:09:20.511 D/Primes  ( 3799): Package metric disabled.
12-14 03:09:20.511 D/Primes  ( 3799): Battery metric disabled
12-14 03:09:20.511 D/Primes  ( 3799): MagicEye logging metric disabled
12-14 03:09:20.512 I/PlayMovies( 3799): RefreshLicenseTaskService.forceLicenseRefreshNow:66 Scheduled task now refresh_license_forced
12-14 03:09:20.512 I/PlayMovies( 3799): 
12-14 03:09:20.514 D/CryptdConnector( 1628): SND -> {11 cryptfs getpwtype}
12-14 03:09:20.514 D/VoldCryptCmdListener( 1343): cryptfs getpwtype
12-14 03:09:20.515 D/PlayMovies( 3799): PersistentCache.cleanup:104 Cache is below limit, no need to shrink: [size=0, limit=5242880]
12-14 03:09:20.515 D/PlayMovies( 3799): 
12-14 03:09:20.516 D/CryptdConnector( 1628): RCV <- {213 11 default}
12-14 03:09:20.579 I/NetworkScheduler.Stats( 1942): Task com.google.android.videos/ finished executing. cause:7 result: 6 elapsed_millis: 46 uptime_millis: 46 exec_start_elapsed_seconds: 50 [CONTEXT service_id=218 ]
12-14 03:09:20.579 W/NetworkScheduler( 1942): No record of active task com.google.android.videos/.service.drm.RefreshLicenseTaskService{u=0 tag="refresh_license_forced" trigger=window{start=0s,end=1s,earliest=0s,latest=0s} requirements=[NET_CONNECTED] attributes=[] scheduled=0s last_run=0s exec_window_multiplier=1.0000 jid=N/A status=PENDING retries=0 client_lib=MANCHEGO_GCM-10400000}
12-14 03:09:20.711 I/PlayMovies( 3799): RefreshLicenseTaskService.onRunTask:96 On run task refresh_license_forced
12-14 03:09:20.711 I/PlayMovies( 3799): 
12-14 03:09:20.752 I/zygote  ( 2247): Deoptimizing boolean dbx.d(android.content.Context, dbv, java.lang.String) due to JIT inline cache
12-14 03:09:20.827 I/zygote  ( 1942): Deoptimizing java.lang.String asqf.i(android.os.Bundle) due to JIT inline cache
12-14 03:09:20.934 E/NetworkScheduler.ATC( 1942): Called cancelTask for already completed task com.google.android.videos/.service.drm.RefreshLicenseTaskService{u=0 tag="refresh_license_forced" trigger=window{start=0s,end=1s,earliest=0s,latest=0s} requirements=[NET_CONNECTED] attributes=[] scheduled=0s last_run=0s exec_window_multiplier=1.0000 jid=N/A status=ACTIVE retries=0 client_lib=MANCHEGO_GCM-10400000} :0 [CONTEXT service_id=218 ]
12-14 03:09:20.935 W/NetworkScheduler( 1942): Immediate task was not started com.google.android.videos/.service.drm.RefreshLicenseTaskService{u=0 tag="refresh_license_forced" trigger=window{start=0s,end=1s,earliest=0s,latest=0s} requirements=[NET_CONNECTED] attributes=[] scheduled=0s last_run=N/A exec_window_multiplier=1.0000 jid=N/A status=PENDING retries=0 client_lib=MANCHEGO_GCM-10400000}. Rescheduling immediate tasks can cause excessive battery drain.
12-14 03:09:20.935 I/NetworkScheduler.Stats( 1942): Task com.google.android.videos/ started execution. cause:7 exec_start_elapsed_seconds: 50 [CONTEXT service_id=218 ]
12-14 03:09:20.935 I/NetworkScheduler.Stats( 1942): Task com.google.android.gms/com.google.android.gms.pay.gcmtask.PayGcmTaskService started execution. cause:7 exec_start_elapsed_seconds: 50 [CONTEXT service_id=218 ]
12-14 03:09:20.937 I/NetworkScheduler.Stats( 1942): Task com.google.android.videos/ finished executing. cause:7 result: 1 elapsed_millis: 100 uptime_millis: 100 exec_start_elapsed_seconds: 50 [CONTEXT service_id=218 ]
12-14 03:09:20.938 I/NetworkScheduler.Stats( 1942): Task com.google.android.gms/com.google.android.gms.pay.gcmtask.PayGcmTaskService finished executing. cause:7 result: 1 elapsed_millis: 63 uptime_millis: 63 exec_start_elapsed_seconds: 50 [CONTEXT service_id=218 ]
12-14 03:09:21.024 I/NetworkScheduler.Stats( 1942): Task com.google.android.gms/com.google.android.gms.clearcut.uploader.QosUploaderService started execution. cause:5 exec_start_elapsed_seconds: 50 [CONTEXT service_id=218 ]
12-14 03:09:21.039 I/PlayMovies( 3799): RefreshLicenseTaskService.onRunTask:96 On run task refresh_license
12-14 03:09:21.039 I/PlayMovies( 3799): 
12-14 03:09:21.042 I/NetworkScheduler.Stats( 1942): Task com.google.android.videos/ started execution. cause:5 exec_start_elapsed_seconds: 50 [CONTEXT service_id=218 ]
12-14 03:09:21.059 I/NetworkScheduler.Stats( 1942): Task com.google.android.videos/ finished executing. cause:5 result: 1 elapsed_millis: 29 uptime_millis: 29 exec_start_elapsed_seconds: 50 [CONTEXT service_id=218 ]
12-14 03:09:21.067 I/NetworkScheduler.Stats( 1942): Task com.google.android.gms/com.google.android.gms.clearcut.uploader.QosUploaderService finished executing. cause:5 result: 1 elapsed_millis: 69 uptime_millis: 69 exec_start_elapsed_seconds: 50 [CONTEXT service_id=218 ]
12-14 03:09:21.138 I/NetworkScheduler.Stats( 1942): Task com.google.android.gms/com.google.android.gms.gass.chimera.SchedulePeriodicTasksService started execution. cause:5 exec_start_elapsed_seconds: 51 [CONTEXT service_id=218 ]
12-14 03:09:21.210 I/NetworkScheduler.Stats( 1942): Task com.google.android.gms/com.google.android.gms.pay.gcmtask.PayGcmTaskService started execution. cause:5 exec_start_elapsed_seconds: 51 [CONTEXT service_id=218 ]
12-14 03:09:21.211 D/BoundBrokerSvc( 1942): onBind: Intent { act=com.google.android.gms.tapandpay.service.BIND cmp=com.google.android.gms/.chimera.PersistentApiService }
12-14 03:09:21.211 D/BoundBrokerSvc( 1942): Loading bound service for intent: Intent { act=com.google.android.gms.tapandpay.service.BIND cmp=com.google.android.gms/.chimera.PersistentApiService }
12-14 03:09:21.231 I/NetworkScheduler.Stats( 1942): Task com.google.android.gms/com.google.android.gms.gass.chimera.SchedulePeriodicTasksService finished executing. cause:5 result: 1 elapsed_millis: 126 uptime_millis: 126 exec_start_elapsed_seconds: 51 [CONTEXT service_id=218 ]
12-14 03:09:21.233 E/Pay     ( 2247): No account found on the task or the device. Notification task will not be rescheduled. [CONTEXT service_id=198 ]
12-14 03:09:21.294 I/NetworkScheduler.Stats( 1942): Task com.google.android.gms/com.google.android.gms.pay.gcmtask.PayGcmTaskService started execution. cause:5 exec_start_elapsed_seconds: 51 [CONTEXT service_id=218 ]
12-14 03:09:21.297 I/Pay     ( 2247): Device does not support HCE. [CONTEXT service_id=198 ]
12-14 03:09:21.306 I/NetworkScheduler.Stats( 1942): Task com.google.android.gms/com.google.android.gms.pay.gcmtask.PayGcmTaskService finished executing. cause:5 result: 2 elapsed_millis: 138 uptime_millis: 138 exec_start_elapsed_seconds: 51 [CONTEXT service_id=218 ]
12-14 03:09:21.308 I/NetworkScheduler.Stats( 1942): Task com.google.android.gms/com.google.android.gms.pay.gcmtask.PayGcmTaskService finished executing. cause:5 result: 2 elapsed_millis: 40 uptime_millis: 40 exec_start_elapsed_seconds: 51 [CONTEXT service_id=218 ]
12-14 03:09:21.391 I/MicroDetectionWorker( 2173): #updateMicroDetector [detectionMode: [mDetectionMode: [1]]]
12-14 03:09:21.391 I/MicroDetectionWorker( 2173): #startMicroDetector [speakerMode: 0]
12-14 03:09:21.391 I/AudioController( 2173): Using mInputStreamFactoryBuilder
12-14 03:09:21.392 I/MicroDetectionWorker( 2173): onReady
12-14 03:09:21.395 I/MicroRecognitionRunner( 2173): Starting detection.
12-14 03:09:21.396 I/MicrophoneInputStream( 2173): mic_starting com.google.android.apps.gsa.staticplugins.aa.c@fea2dba
12-14 03:09:21.412 I/AudioFlinger( 1476): AudioFlinger's thread 0xa8b032c0 tid=3849 ready to run
12-14 03:09:21.420 I/NetworkScheduler.Stats( 1942): Task com.google.android.gms/com.google.android.gms.pay.gcmtask.PayGcmTaskService started execution. cause:5 exec_start_elapsed_seconds: 51 [CONTEXT service_id=218 ]
12-14 03:09:21.421 I/MicrophoneInputStream( 2173): mic_started com.google.android.apps.gsa.staticplugins.aa.c@fea2dba
12-14 03:09:21.421 E/ActivityThread( 2173): Failed to find provider info for com.google.android.apps.gsa.testing.ui.audio.recorded
12-14 03:09:21.422 I/MicroDetectionWorker( 2173): onReady
12-14 03:09:21.423 I/MicrophoneInputStream( 2173): mic_close com.google.android.apps.gsa.staticplugins.aa.c@fea2dba
12-14 03:09:21.423 I/MicroRecognitionRunner( 2173): Detection finished
12-14 03:09:21.424 W/ErrorReporter( 2173): reportError [type: 211, code: 524300]: Error reading from input stream
12-14 03:09:21.427 I/MicroRecognitionRunner( 2173): Stopping hotword detection.
12-14 03:09:21.428 W/ErrorProcessor( 2173): onFatalError, processing error from engine(4)
12-14 03:09:21.428 W/ErrorProcessor( 2173): com.google.android.apps.gsa.shared.speech.b.g: Error reading from input stream
12-14 03:09:21.428 W/ErrorProcessor( 2173): 	at com.google.android.apps.gsa.staticplugins.recognizer.j.a.a(SourceFile:28)
12-14 03:09:21.428 W/ErrorProcessor( 2173): 	at com.google.android.apps.gsa.staticplugins.recognizer.j.b.run(SourceFile:15)
12-14 03:09:21.428 W/ErrorProcessor( 2173): 	at java.util.concurrent.Executors$RunnableAdapter.call(Executors.java:457)
12-14 03:09:21.428 W/ErrorProcessor( 2173): 	at java.util.concurrent.FutureTask.run(FutureTask.java:266)
12-14 03:09:21.428 W/ErrorProcessor( 2173): 	at com.google.android.apps.gsa.shared.util.concurrent.a.ax.run(SourceFile:14)
12-14 03:09:21.428 W/ErrorProcessor( 2173): 	at com.google.android.apps.gsa.shared.util.concurrent.a.bl.run(SourceFile:4)
12-14 03:09:21.428 W/ErrorProcessor( 2173): 	at com.google.android.apps.gsa.shared.util.concurrent.a.bl.run(SourceFile:4)
12-14 03:09:21.428 W/ErrorProcessor( 2173): 	at java.util.concurrent.ThreadPoolExecutor.runWorker(ThreadPoolExecutor.java:1162)
12-14 03:09:21.428 W/ErrorProcessor( 2173): 	at java.util.concurrent.ThreadPoolExecutor$Worker.run(ThreadPoolExecutor.java:636)
12-14 03:09:21.428 W/ErrorProcessor( 2173): 	at java.lang.Thread.run(Thread.java:764)
12-14 03:09:21.428 W/ErrorProcessor( 2173): 	at com.google.android.apps.gsa.shared.util.concurrent.a.ai.run(SourceFile:6)
12-14 03:09:21.428 W/ErrorProcessor( 2173): Caused by: com.google.android.apps.gsa.shared.exception.GsaIOException: Error code: 393238 | Buffer overflow, no available space.
12-14 03:09:21.428 W/ErrorProcessor( 2173): 	at com.google.android.apps.gsa.speech.audio.Tee.f(SourceFile:103)
12-14 03:09:21.428 W/ErrorProcessor( 2173): 	at com.google.android.apps.gsa.speech.audio.au.read(SourceFile:2)
12-14 03:09:21.428 W/ErrorProcessor( 2173): 	at java.io.InputStream.read(InputStream.java:101)
12-14 03:09:21.428 W/ErrorProcessor( 2173): 	at com.google.android.apps.gsa.speech.audio.ao.run(SourceFile:18)
12-14 03:09:21.428 W/ErrorProcessor( 2173): 	at com.google.android.apps.gsa.speech.audio.an.run(SourceFile:2)
12-14 03:09:21.428 W/ErrorProcessor( 2173): 	... 9 more
12-14 03:09:21.428 I/AudioController( 2173): internalShutdown
12-14 03:09:21.430 I/MicroDetector( 2173): Keeping mic open: false
12-14 03:09:21.431 I/MicroDetectionWorker( 2173): #onError(false)
12-14 03:09:21.431 I/DeviceStateChecker( 2173): DeviceStateChecker cancelled
12-14 03:09:21.491 I/NetworkScheduler.Stats( 1942): Task com.google.android.gms/com.google.android.gms.pay.gcmtask.PayGcmTaskService started execution. cause:5 exec_start_elapsed_seconds: 51 [CONTEXT service_id=218 ]
12-14 03:09:21.507 I/NetworkScheduler.Stats( 1942): Task com.google.android.gms/com.google.android.gms.pay.gcmtask.PayGcmTaskService finished executing. cause:5 result: 1 elapsed_millis: 139 uptime_millis: 139 exec_start_elapsed_seconds: 51 [CONTEXT service_id=218 ]
12-14 03:09:21.510 I/NetworkScheduler.Stats( 1942): Task com.google.android.gms/com.google.android.gms.pay.gcmtask.PayGcmTaskService finished executing. cause:5 result: 1 elapsed_millis: 54 uptime_millis: 54 exec_start_elapsed_seconds: 51 [CONTEXT service_id=218 ]
12-14 03:09:21.587 I/NetworkScheduler.Stats( 1942): Task com.google.android.gms/com.google.android.gms.pay.gcmtask.PayGcmTaskService started execution. cause:5 exec_start_elapsed_seconds: 51 [CONTEXT service_id=218 ]
12-14 03:09:21.598 D/BoundBrokerSvc( 2247): onBind: Intent { act=com.google.android.gms.pay.service.BIND cmp=com.google.android.gms/.chimera.GmsApiService }
12-14 03:09:21.598 D/BoundBrokerSvc( 2247): Loading bound service for intent: Intent { act=com.google.android.gms.pay.service.BIND cmp=com.google.android.gms/.chimera.GmsApiService }
12-14 03:09:21.604 I/Pay     ( 2247): Migration flag not enabled. [CONTEXT service_id=198 ]
12-14 03:09:21.605 I/jgl     ( 2247): Primes not initialized, returning default (no-op) Primes instance which will ignore all calls. Please call Primes.initialize(...) before using any Primes API.
12-14 03:09:21.609 W/Binder:3601_1( 3601): type=1400 audit(0.0:20): avc: denied { read } for name="modules" dev="proc" ino=4026532034 scontext=u:r:priv_app:s0:c512,c768 tcontext=u:object_r:proc_modules:s0 tclass=file permissive=0
12-14 03:09:21.641 W/SystemServiceRegistry( 3601): No service published for: persistent_data_block
12-14 03:09:21.650 D/EGL_emulation( 3601): eglCreateContext: 0xa5106140: maj 3 min 0 rcv 3
12-14 03:09:21.653 D/EGL_emulation( 3601): eglMakeCurrent: 0xa5106140: ver 3 0 (tinfo 0xa5103680)
12-14 03:09:21.653 E/eglCodecCommon( 3601): glUtilsParamSize: unknow param 0x00008cdf
12-14 03:09:21.653 E/eglCodecCommon( 3601): glUtilsParamSize: unknow param 0x00008cdf
12-14 03:09:21.653 E/eglCodecCommon( 3601): glUtilsParamSize: unknow param 0x00008824
12-14 03:09:21.653 E/eglCodecCommon( 3601): glUtilsParamSize: unknow param 0x00008824
12-14 03:09:21.668 I/NetworkScheduler.Stats( 1942): Task com.google.android.gms/com.google.android.gms.tapandpay.gcmtask.TapAndPayGcmTaskService started execution. cause:5 exec_start_elapsed_seconds: 51 [CONTEXT service_id=218 ]
12-14 03:09:21.696 I/Pay     ( 2247): Migration already completed. [CONTEXT service_id=198 ]
12-14 03:09:21.703 I/Pay     ( 2247): Migration already completed. [CONTEXT service_id=198 ]
12-14 03:09:21.705 D/EGL_emulation( 3601): eglCreateContext: 0xa51061a0: maj 3 min 0 rcv 3
12-14 03:09:21.708 D/EGL_emulation( 3601): eglMakeCurrent: 0xa51061a0: ver 3 0 (tinfo 0xa5103680)
12-14 03:09:21.708 E/eglCodecCommon( 3601): glUtilsParamSize: unknow param 0x00008cdf
12-14 03:09:21.708 E/eglCodecCommon( 3601): glUtilsParamSize: unknow param 0x00008cdf
12-14 03:09:21.708 E/eglCodecCommon( 3601): glUtilsParamSize: unknow param 0x00008824
12-14 03:09:21.708 E/eglCodecCommon( 3601): glUtilsParamSize: unknow param 0x00008824
12-14 03:09:21.713 I/Pay     ( 2247): Migration already completed. [CONTEXT service_id=198 ]
12-14 03:09:21.714 I/NetworkScheduler.Stats( 1942): Task com.google.android.gms/com.google.android.gms.tapandpay.gcmtask.TapAndPayGcmTaskService finished executing. cause:5 result: 1 elapsed_millis: 87 uptime_millis: 87 exec_start_elapsed_seconds: 51 [CONTEXT service_id=218 ]
12-14 03:09:21.715 I/Pay     ( 2247): Migration flag not enabled. [CONTEXT service_id=198 ]
12-14 03:09:21.720 I/Pay     ( 2247): Migration already completed. [CONTEXT service_id=198 ]
12-14 03:09:21.723 I/Pay     ( 2247): Migration flag not enabled. [CONTEXT service_id=198 ]
12-14 03:09:21.822 I/NetworkScheduler.Stats( 1942): Task com.google.android.gms/com.google.android.gms.tapandpay.gcmtask.TapAndPayGcmTaskService started execution. cause:5 exec_start_elapsed_seconds: 51 [CONTEXT service_id=218 ]
12-14 03:09:21.826 I/NetworkScheduler.Stats( 1942): Task com.google.android.gms/com.google.android.gms.pay.gcmtask.PayGcmTaskService finished executing. cause:5 result: 1 elapsed_millis: 281 uptime_millis: 281 exec_start_elapsed_seconds: 51 [CONTEXT service_id=218 ]
12-14 03:09:21.832 I/NetworkScheduler.Stats( 1942): Task com.google.android.gms/com.google.android.gms.tapandpay.gcmtask.TapAndPayGcmTaskService finished executing. cause:5 result: 1 elapsed_millis: 41 uptime_millis: 41 exec_start_elapsed_seconds: 51 [CONTEXT service_id=218 ]
12-14 03:09:21.875 D/BoundBrokerSvc( 2247): onUnbind: Intent { act=com.google.android.gms.feedback.internal.IFeedbackService cmp=com.google.android.gms/.chimera.GmsBoundBrokerService }
12-14 03:09:21.889 W/ProviderHelper( 2247): Unknown dynamite feature providerinstaller.dynamite
12-14 03:09:21.889 I/DynamiteModule( 2247): Considering local module com.google.android.gms.providerinstaller.dynamite:1 and remote module com.google.android.gms.providerinstaller.dynamite:0
12-14 03:09:21.889 I/DynamiteModule( 2247): Selected local version of com.google.android.gms.providerinstaller.dynamite
12-14 03:09:21.907 W/Conscrypt( 2247): Could not set socket write timeout: java.net.SocketException: Socket closed
12-14 03:09:21.908 W/Conscrypt( 2247): 	at com.google.android.gms.org.conscrypt.Platform.setSocketWriteTimeout(:com.google.android.gms@204713022@20.47.13 (040700-344095733):2)
12-14 03:09:21.908 W/Conscrypt( 2247): 	at com.google.android.gms.org.conscrypt.ConscryptFileDescriptorSocket.setSoWriteTimeout(:com.google.android.gms@204713022@20.47.13 (040700-344095733):0)
12-14 03:09:21.926 I/NetworkScheduler.Stats( 1942): Task com.google.android.gms/com.google.android.gms.tapandpay.gcmtask.TapAndPayGcmTaskService started execution. cause:5 exec_start_elapsed_seconds: 51 [CONTEXT service_id=218 ]
12-14 03:09:21.996 I/NetworkScheduler.Stats( 1942): Task com.google.android.gms/com.google.android.gms.udc.service.UdcContextInitService started execution. cause:5 exec_start_elapsed_seconds: 51 [CONTEXT service_id=218 ]
12-14 03:09:22.005 W/Conscrypt( 2247): Could not set socket write timeout: java.net.SocketException: Socket closed
12-14 03:09:22.005 W/Conscrypt( 2247): 	at com.google.android.gms.org.conscrypt.Platform.setSocketWriteTimeout(:com.google.android.gms@204713022@20.47.13 (040700-344095733):2)
12-14 03:09:22.006 W/Conscrypt( 2247): 	at com.google.android.gms.org.conscrypt.ConscryptFileDescriptorSocket.setSoWriteTimeout(:com.google.android.gms@204713022@20.47.13 (040700-344095733):0)
12-14 03:09:22.007 I/NetworkScheduler.Stats( 1942): Task com.google.android.gms/com.google.android.gms.tapandpay.gcmtask.TapAndPayGcmTaskService finished executing. cause:5 result: 1 elapsed_millis: 134 uptime_millis: 134 exec_start_elapsed_seconds: 51 [CONTEXT service_id=218 ]
12-14 03:09:22.037 I/NetworkScheduler.Stats( 1942): Task com.google.android.videos/ started execution. cause:5 exec_start_elapsed_seconds: 51 [CONTEXT service_id=218 ]
12-14 03:09:22.039 I/PlayMovies( 3799): RefreshLicenseTaskService.onRunTask:96 On run task refresh_license_forced
12-14 03:09:22.039 I/PlayMovies( 3799): 
12-14 03:09:22.045 I/NetworkScheduler.Stats( 1942): Task com.google.android.videos/ finished executing. cause:5 result: 1 elapsed_millis: 15 uptime_millis: 15 exec_start_elapsed_seconds: 51 [CONTEXT service_id=218 ]
12-14 03:09:22.064 I/NetworkScheduler.Stats( 1942): Task com.google.android.gms/com.google.android.gms.udc.service.UdcContextInitService finished executing. cause:5 result: 1 elapsed_millis: 102 uptime_millis: 102 exec_start_elapsed_seconds: 51 [CONTEXT service_id=218 ]
12-14 03:09:22.345 V/LifecycleAwareServiceBi( 2544): notify unbound
12-14 03:09:22.345 V/LifecycleAwareServiceBi( 2544): com.google.common.flogger.LogSiteStackTrace: MEDIUM
12-14 03:09:22.345 V/LifecycleAwareServiceBi( 2544): 	at com.google.frameworks.client.data.android.binder.LifecycleAwareServiceBinding.h(PG:1)
12-14 03:09:22.345 V/LifecycleAwareServiceBi( 2544): 	at axqg.run(Unknown Source:4)
12-14 03:09:22.345 V/LifecycleAwareServiceBi( 2544): 	at android.os.Handler.handleCallback(Handler.java:789)
12-14 03:09:22.345 V/LifecycleAwareServiceBi( 2544): 	at android.os.Handler.dispatchMessage(Handler.java:98)
12-14 03:09:22.345 V/LifecycleAwareServiceBi( 2544): 	at android.os.Looper.loop(Looper.java:164)
12-14 03:09:22.345 V/LifecycleAwareServiceBi( 2544): 	at android.app.ActivityThread.main(ActivityThread.java:6541)
12-14 03:09:22.345 V/LifecycleAwareServiceBi( 2544): 	at java.lang.reflect.Method.invoke(Native Method)
12-14 03:09:22.345 V/LifecycleAwareServiceBi( 2544): 	at com.android.internal.os.Zygote$MethodAndArgsCaller.run(Zygote.java:240)
12-14 03:09:22.345 V/LifecycleAwareServiceBi( 2544): 	at com.android.internal.os.ZygoteInit.main(ZygoteInit.java:767)
12-14 03:09:22.346 V/LifecycleAwareServiceBi( 2544): notify unbound - notifying
12-14 03:09:22.349 I/Finsky:download_service( 2681): [2] sxn.onDestroy(8): IPC-SERVER: Stopping gRPC host service...
12-14 03:09:22.957 W/Conscrypt( 2247): Could not set socket write timeout: java.net.SocketException: Socket closed
12-14 03:09:22.957 W/Conscrypt( 2247): 	at com.google.android.gms.org.conscrypt.Platform.setSocketWriteTimeout(:com.google.android.gms@204713022@20.47.13 (040700-344095733):2)
12-14 03:09:22.957 W/Conscrypt( 2247): 	at com.google.android.gms.org.conscrypt.ConscryptFileDescriptorSocket.setSoWriteTimeout(:com.google.android.gms@204713022@20.47.13 (040700-344095733):0)
12-14 03:09:23.052 W/Conscrypt( 2247): Could not set socket write timeout: java.net.SocketException: Socket closed
12-14 03:09:23.052 W/Conscrypt( 2247): 	at com.google.android.gms.org.conscrypt.Platform.setSocketWriteTimeout(:com.google.android.gms@204713022@20.47.13 (040700-344095733):2)
12-14 03:09:23.052 W/Conscrypt( 2247): 	at com.google.android.gms.org.conscrypt.ConscryptFileDescriptorSocket.setSoWriteTimeout(:com.google.android.gms@204713022@20.47.13 (040700-344095733):0)
12-14 03:09:23.053 D/BoundBrokerSvc( 1942): onUnbind: Intent { act=com.google.android.gms.icing.LIGHTWEIGHT_INDEX_SERVICE cmp=com.google.android.gms/.chimera.PersistentApiService }
12-14 03:09:23.111 D/BoundBrokerSvc( 1942): onUnbind: Intent { act=com.google.android.gms.usagereporting.service.START pkg=com.google.android.gms }
12-14 03:09:23.119 D/AndroidRuntime( 3862): >>>>>> START com.android.internal.os.RuntimeInit uid 2000 <<<<<<
12-14 03:09:23.168 W/app_process( 3862): Unexpected CPU variant for X86 using defaults: x86
12-14 03:09:23.185 D/AndroidRuntime( 3862): Calling main entry com.android.commands.am.Am
12-14 03:09:23.187 I/ActivityManager( 1628): Force stopping com.evancharlton.mileage appid=10392 user=0: start instr
12-14 03:09:23.187 I/ActivityManager( 1628): Killing 3701:com.evancharlton.mileage/u0a392 (adj 0): stop com.evancharlton.mileage
12-14 03:09:23.188 W/ActivityManager( 1628): Crash of app com.evancharlton.mileage running instrumentation ComponentInfo{com.evancharlton.mileage.test/sh.calaba.instrumentationbackend.ClearAppData2}
12-14 03:09:23.188 I/ActivityManager( 1628): Force stopping com.evancharlton.mileage appid=10392 user=0: finished inst
12-14 03:09:23.196 I/zygote  ( 3872): Not late-enabling -Xcheck:jni (already on)
12-14 03:09:23.202 W/zygote  ( 3872): Unexpected CPU variant for X86 using defaults: x86
12-14 03:09:23.203 I/ActivityManager( 1628): Start proc 3872:com.evancharlton.mileage/u0a392 for added application com.evancharlton.mileage
12-14 03:09:23.204 D/AndroidRuntime( 3862): Shutting down VM
12-14 03:09:23.231 W/zygote  ( 3872): Found duplicate classes, falling back to extracting from APK : /data/app/com.evancharlton.mileage.test-Kp9zbpBaVM7gf1zh_SLHNA==/base.apk
12-14 03:09:23.231 W/zygote  ( 3872): NOTE: This wastes RAM and hurts startup performance.
12-14 03:09:23.231 W/zygote  ( 3872): Found duplicated class when checking oat files: 'Ljunit/runner/BaseTestRunner;' in /data/app/com.evancharlton.mileage.test-Kp9zbpBaVM7gf1zh_SLHNA==/base.apk and /system/framework/android.test.runner.jar
12-14 03:09:23.231 W/zygote  ( 3872): 
12-14 03:09:23.234 E/adbd    ( 1383): failed to connect to socket 'tcp:7102': Connection refused
12-14 03:09:23.236 E/adbd    ( 1383): failed to connect to socket 'tcp:7102': Connection refused
12-14 03:09:23.262 W/System  ( 3872): ClassLoader referenced unknown path: 
12-14 03:09:23.277 I/System.out( 3872): Main activity name automatically set to: com.evancharlton.mileage.Mileage
12-14 03:09:23.278 I/System.out( 3872): Calabash did not load Mono. This is only a problem if you are trying to test a Mono application
12-14 03:09:23.278 I/calabash( 3872): Test server port: 7102
12-14 03:09:23.279 I/InstrumentationBackend( 3872): Added:'GetPreferences', with key:'get_preferences'
12-14 03:09:23.306 I/Checkin ( 2247): [CheckinRequestProcessor] updateCheckinIdTokenFileFromResponse, Reading existing AID
12-14 03:09:23.311 I/Checkin ( 2247): [CheckinRequestProcessor] Default Task : Checkin Succeeded: https://android.googleapis.com/checkin (fragment #1).
12-14 03:09:23.324 W/BroadcastQueue( 1628): Permission Denial: broadcasting Intent { act=com.google.android.checkin.CHECKIN_COMPLETE flg=0x1000010 (has extras) } from com.google.android.gms (pid=2247, uid=10011) is not exported from uid 10023 due to receiver com.android.vending/com.google.android.finsky.checkin.CheckinReceiver
12-14 03:09:23.355 I/Checkin ( 2247): [CheckinOperation] Checkin Operation finished with result: 0 finish time: 53285.
12-14 03:09:23.360 E/adbd    ( 1383): failed to connect to socket 'tcp:7102': Connection refused
12-14 03:09:23.373 E/adbd    ( 1383): failed to connect to socket 'tcp:7102': Connection refused
12-14 03:09:23.385 I/InstrumentationBackend( 3872): Added:'SetPreferences', with key:'set_preferences'
12-14 03:09:23.385 I/InstrumentationBackend( 3872): Added:'ClearPreferences', with key:'clear_preferences'
12-14 03:09:23.386 I/InstrumentationBackend( 3872): Added:'PressElement', with key:'press_l10n_element'
12-14 03:09:23.386 I/InstrumentationBackend( 3872): Added:'WaitForElement', with key:'wait_for_l10n_element'
12-14 03:09:23.387 I/InstrumentationBackend( 3872): Added:'NullAction', with key:'nullAction'
12-14 03:09:23.388 I/InstrumentationBackend( 3872): Added:'PressKey', with key:'press_key'
12-14 03:09:23.388 I/InstrumentationBackend( 3872): Added:'SetActivityOrientation', with key:'set_activity_orientation'
12-14 03:09:23.388 I/InstrumentationBackend( 3872): Added:'GetActivityOrientation', with key:'get_activity_orientation'
12-14 03:09:23.389 I/InstrumentationBackend( 3872): Added:'FakeGPSLocation', with key:'set_gps_coordinates'
12-14 03:09:23.389 I/InstrumentationBackend( 3872): Added:'SetPropertyByCssSelector', with key:'set_property_by_css_selector'
12-14 03:09:23.390 I/InstrumentationBackend( 3872): Added:'GetUrl', with key:'get_url'
12-14 03:09:23.393 I/InstrumentationBackend( 3872): Added:'ScrollTo', with key:'scroll_to'
12-14 03:09:23.393 I/InstrumentationBackend( 3872): Added:'GetLoadProgress', with key:'get_load_progress'
12-14 03:09:23.394 I/InstrumentationBackend( 3872): Added:'DumpHtml', with key:'dump_html'
12-14 03:09:23.394 I/InstrumentationBackend( 3872): Added:'DumpBodyHtml', with key:'dump_body_html'
12-14 03:09:23.394 I/InstrumentationBackend( 3872): Added:'EnterTextByCssSelector', with key:'enter_text_by_selector'
12-14 03:09:23.398 I/InstrumentationBackend( 3872): Added:'AndroidSDKVersion', with key:'android_sdk_version'
12-14 03:09:23.398 I/InstrumentationBackend( 3872): Added:'Version', with key:'version'
12-14 03:09:23.398 I/InstrumentationBackend( 3872): Added:'Drag', with key:'drag'
12-14 03:09:23.398 I/InstrumentationBackend( 3872): Added:'TouchCoordinates', with key:'touch_coordinate'
12-14 03:09:23.399 I/InstrumentationBackend( 3872): Added:'LongPressCoordinate', with key:'long_press_coordinate'
12-14 03:09:23.399 I/InstrumentationBackend( 3872): Added:'DragCoordinates', with key:'drag_coordinates'
12-14 03:09:23.399 I/InstrumentationBackend( 3872): Added:'ResumeApplication', with key:'resume_application'
12-14 03:09:23.400 I/InstrumentationBackend( 3872): Added:'Swipe', with key:'swipe'
12-14 03:09:23.400 I/InstrumentationBackend( 3872): Added:'DoubleTapCoordinate', with key:'double_tap_coordinate'
12-14 03:09:23.401 I/InstrumentationBackend( 3872): Added:'ClickOnScreen', with key:'click_on_screen'
12-14 03:09:23.402 I/InstrumentationBackend( 3872): Added:'GetActivityName', with key:'get_activity_name'
12-14 03:09:23.402 I/InstrumentationBackend( 3872): Added:'ScrollToView', with key:'scroll_to_view'
12-14 03:09:23.403 I/InstrumentationBackend( 3872): Added:'ViewConfiguration', with key:'view_configuration'
12-14 03:09:23.403 I/InstrumentationBackend( 3872): Added:'IsCurrentActivityFocused', with key:'is_current_activity_focused'
12-14 03:09:23.403 I/InstrumentationBackend( 3872): Added:'SendTcp', with key:'send_tcp'
12-14 03:09:23.403 I/InstrumentationBackend( 3872): Added:'DpToDevicePixel', with key:'dp_to_device_pixel'
12-14 03:09:23.404 I/InstrumentationBackend( 3872): Added:'KeyboardEnterText', with key:'keyboard_enter_text'
12-14 03:09:23.404 I/InstrumentationBackend( 3872): Added:'DeleteSurroundingText', with key:'delete_surrounding_text'
12-14 03:09:23.405 I/InstrumentationBackend( 3872): Added:'SetComposingRegion', with key:'set_composing_region'
12-14 03:09:23.405 I/InstrumentationBackend( 3872): Added:'SetSelection', with key:'set_selection'
12-14 03:09:23.406 I/InstrumentationBackend( 3872): Added:'KeyboardKeyEvent', with key:'keyboard_key_event'
12-14 03:09:23.406 I/InstrumentationBackend( 3872): Added:'PressUserActionButton', with key:'press_user_action_button'
12-14 03:09:23.408 I/InstrumentationBackend( 3872): Added:'HideSoftKeyboard', with key:'hide_soft_keyboard'
12-14 03:09:23.409 I/InstrumentationBackend( 3872): Added:'ListActions', with key:'list_actions'
12-14 03:09:23.409 I/calabash( 3872): Instantiating http server at 7102
12-14 03:09:23.410 I/System.out( 3872): HTTP Daemon listening on: 7102
12-14 03:09:23.498 I/System.out( 3872): URI: //ping
12-14 03:09:23.500 I/System.out( 3872): params: {json={}
12-14 03:09:23.500 I/System.out( 3872): }
12-14 03:09:23.519 I/System.out( 3872): URI: //ping
12-14 03:09:23.519 I/System.out( 3872): params: {json={}
12-14 03:09:23.519 I/System.out( 3872): }
12-14 03:09:23.528 I/System.out( 3872): URI: //ready
12-14 03:09:23.528 I/System.out( 3872): params: {json={}
12-14 03:09:23.528 I/System.out( 3872): }
12-14 03:09:23.535 I/System.out( 3872): URI: //
12-14 03:09:23.535 I/System.out( 3872): params: {json={"command":"version","arguments":[]}
12-14 03:09:23.535 I/System.out( 3872): }
12-14 03:09:23.535 I/System.out( 3872): header: {content-type=application/json;charset=utf-8, date=Mon, 14 Dec 2020 08:09:23 GMT, accept=*/*, host=127.0.0.1:34777, content-length=36, user-agent=HTTPClient/1.0 (2.8.3, ruby 2.5.8 (2020-03-31))}
12-14 03:09:23.535 I/System.out( 3872): params: {json={"command":"version","arguments":[]}
12-14 03:09:23.535 I/System.out( 3872): }
12-14 03:09:23.535 I/System.out( 3872): ProP json = {"command":"version","arguments":[]}
12-14 03:09:23.535 I/System.out( 3872): files: {}
12-14 03:09:23.535 I/System.out( 3872): command: {"command":"version","arguments":[]}
12-14 03:09:23.562 I/InstrumentationBackend( 3872): Got command:'Command:'Line:null,version', arguments:'[]'
12-14 03:09:23.593 I/System.out( 3872): result:{"bonusInformation":[],"message":"0.9.8","success":true}
12-14 03:09:23.602 I/System.out( 3872): URI: //start-application
12-14 03:09:23.602 I/System.out( 3872): params: {json={"intent":null}
12-14 03:09:23.602 I/System.out( 3872): }
12-14 03:09:23.615 I/ActivityManager( 1628): Killing 3291:com.google.android.apps.maps/u0a59 (adj 906): empty #17
12-14 03:09:23.643 I/ActivityManager( 1628): START u0 {act=android.intent.action.MAIN cat=[android.intent.category.LAUNCHER] flg=0x10200000 cmp=com.evancharlton.mileage/.Mileage} from uid 10392
12-14 03:09:23.656 I/calabash( 3872): newActivity1
12-14 03:09:23.666 D/BoundBrokerSvc( 2247): onUnbind: Intent { act=com.google.android.gms.people.service.START pkg=com.google.android.gms }
12-14 03:09:23.678 D/gralloc_ranchu( 1396): gralloc_alloc: Creating ashmem region of size 7753728
12-14 03:09:23.686 W/ActivityManager( 1628): Bad activity token: android.os.BinderProxy@cdfdbee
12-14 03:09:23.686 W/ActivityManager( 1628): java.lang.ClassCastException: android.os.BinderProxy cannot be cast to com.android.server.am.ActivityRecord$Token
12-14 03:09:23.686 W/ActivityManager( 1628): 	at com.android.server.am.ActivityRecord.forTokenLocked(ActivityRecord.java:778)
12-14 03:09:23.686 W/ActivityManager( 1628): 	at com.android.server.am.ActivityRecord.isInStackLocked(ActivityRecord.java:2085)
12-14 03:09:23.686 W/ActivityManager( 1628): 	at com.android.server.am.ActivityRecord.getStackLocked(ActivityRecord.java:2090)
12-14 03:09:23.686 W/ActivityManager( 1628): 	at com.android.server.am.ActivityManagerService.getActivityDisplayId(ActivityManagerService.java:10406)
12-14 03:09:23.686 W/ActivityManager( 1628): 	at android.app.IActivityManager$Stub.onTransact(IActivityManager.java:2738)
12-14 03:09:23.686 W/ActivityManager( 1628): 	at com.android.server.am.ActivityManagerService.onTransact(ActivityManagerService.java:2935)
12-14 03:09:23.686 W/ActivityManager( 1628): 	at android.os.Binder.execTransact(Binder.java:674)
12-14 03:09:23.688 D/        ( 1405): HostConnection::get() New Host Connection established 0xb25fd000, tid 3766
12-14 03:09:23.692 I/calabash( 3872): newActivity1
12-14 03:09:23.700 W/ActivityManager( 1628): Bad activity token: android.os.BinderProxy@cdfdbee
12-14 03:09:23.700 W/ActivityManager( 1628): java.lang.ClassCastException: android.os.BinderProxy cannot be cast to com.android.server.am.ActivityRecord$Token
12-14 03:09:23.700 W/ActivityManager( 1628): 	at com.android.server.am.ActivityRecord.forTokenLocked(ActivityRecord.java:778)
12-14 03:09:23.700 W/ActivityManager( 1628): 	at com.android.server.am.ActivityRecord.isInStackLocked(ActivityRecord.java:2085)
12-14 03:09:23.700 W/ActivityManager( 1628): 	at com.android.server.am.ActivityManagerService.setTaskDescription(ActivityManagerService.java:9988)
12-14 03:09:23.700 W/ActivityManager( 1628): 	at android.app.IActivityManager$Stub.onTransact(IActivityManager.java:2824)
12-14 03:09:23.700 W/ActivityManager( 1628): 	at com.android.server.am.ActivityManagerService.onTransact(ActivityManagerService.java:2935)
12-14 03:09:23.700 W/ActivityManager( 1628): 	at android.os.Binder.execTransact(Binder.java:674)
12-14 03:09:23.700 W/ActivityManager( 1628): Bad activity token: android.os.BinderProxy@cdfdbee
12-14 03:09:23.700 W/ActivityManager( 1628): java.lang.ClassCastException: android.os.BinderProxy cannot be cast to com.android.server.am.ActivityRecord$Token
12-14 03:09:23.700 W/ActivityManager( 1628): 	at com.android.server.am.ActivityRecord.forTokenLocked(ActivityRecord.java:778)
12-14 03:09:23.700 W/ActivityManager( 1628): 	at com.android.server.am.ActivityRecord.isInStackLocked(ActivityRecord.java:2085)
12-14 03:09:23.700 W/ActivityManager( 1628): 	at com.android.server.am.ActivityRecord.getStackLocked(ActivityRecord.java:2090)
12-14 03:09:23.700 W/ActivityManager( 1628): 	at com.android.server.am.ActivityManagerService.getActivityStackId(ActivityManagerService.java:10417)
12-14 03:09:23.700 W/ActivityManager( 1628): 	at android.app.IActivityManager$Stub.onTransact(IActivityManager.java:3548)
12-14 03:09:23.700 W/ActivityManager( 1628): 	at com.android.server.am.ActivityManagerService.onTransact(ActivityManagerService.java:2935)
12-14 03:09:23.700 W/ActivityManager( 1628): 	at android.os.Binder.execTransact(Binder.java:674)
12-14 03:09:23.741 D/EGL_emulation( 2173): eglMakeCurrent: 0xa2747c80: ver 3 0 (tinfo 0xa28ff8c0)
12-14 03:09:23.745 D/EGL_emulation( 2147): eglMakeCurrent: 0xa2746d80: ver 3 0 (tinfo 0xa28ffc40)
12-14 03:09:23.761 D/EGL_emulation( 1733): eglMakeCurrent: 0x9185e520: ver 3 0 (tinfo 0x91816d40)
12-14 03:09:23.767 D/FillupsProvider( 3872): Creating database
12-14 03:09:23.772 W/asset   ( 1733): Asset path /data/app/com.evancharlton.mileage-05WjNni1qdbuuGZ5ajiL6Q==/base.apk is neither a directory nor file (type=1).
12-14 03:09:23.772 E/ResourcesManager( 1733): failed to add asset path /data/app/com.evancharlton.mileage-05WjNni1qdbuuGZ5ajiL6Q==/base.apk
12-14 03:09:23.772 W/PackageManager( 1733): Failure retrieving resources for com.evancharlton.mileage
12-14 03:09:23.772 W/asset   ( 1733): Asset path /data/app/com.evancharlton.mileage-05WjNni1qdbuuGZ5ajiL6Q==/base.apk is neither a directory nor file (type=1).
12-14 03:09:23.772 E/ResourcesManager( 1733): failed to add asset path /data/app/com.evancharlton.mileage-05WjNni1qdbuuGZ5ajiL6Q==/base.apk
12-14 03:09:23.772 W/PackageManager( 1733): Failure retrieving resources for com.evancharlton.mileage
12-14 03:09:23.772 W/asset   ( 1733): Asset path /data/app/com.evancharlton.mileage-05WjNni1qdbuuGZ5ajiL6Q==/base.apk is neither a directory nor file (type=1).
12-14 03:09:23.772 E/ResourcesManager( 1733): failed to add asset path /data/app/com.evancharlton.mileage-05WjNni1qdbuuGZ5ajiL6Q==/base.apk
12-14 03:09:23.772 W/PackageManager( 1733): Failure retrieving resources for com.evancharlton.mileage
12-14 03:09:23.777 D/EGL_emulation( 1733): eglMakeCurrent: 0x9185e520: ver 3 0 (tinfo 0x91816d40)
12-14 03:09:23.783 D/EGL_emulation( 1733): eglMakeCurrent: 0x9185e520: ver 3 0 (tinfo 0x91816d40)
12-14 03:09:23.785 V/StatusBar( 1733): setLightsOn(true)
12-14 03:09:23.789 D/EGL_emulation( 1733): eglMakeCurrent: 0x9185e520: ver 3 0 (tinfo 0x91816d40)
12-14 03:09:23.806 E/ContentStoreEUAS( 2173): Failed to commit the deferred actions
12-14 03:09:23.817 D/EGL_emulation( 1733): eglMakeCurrent: 0x9185e520: ver 3 0 (tinfo 0x91816d40)
12-14 03:09:23.872 I/chatty  ( 1733): uid=10028(u0_a28) RenderThread identical 6 lines
12-14 03:09:23.875 D/EGL_emulation( 1733): eglMakeCurrent: 0x9185e520: ver 3 0 (tinfo 0x91816d40)
12-14 03:09:23.885 I/zygote  ( 3872): Do partial code cache collection, code=29KB, data=21KB
12-14 03:09:23.886 I/zygote  ( 3872): After code cache collection, code=29KB, data=21KB
12-14 03:09:23.886 I/zygote  ( 3872): Increasing code cache capacity to 128KB
