--------- beginning of main
12-14 00:15:47.841 D/BoundBrokerSvc( 1941): onUnbind: Intent { act=com.google.android.gms.usagereporting.service.START pkg=com.google.android.gms }
12-14 00:15:48.450 D/BoundBrokerSvc( 2256): onUnbind: Intent { act=com.google.android.gms.checkin.START pkg=com.google.android.gms }
12-14 00:15:48.670 D/BoundBrokerSvc( 2256): onUnbind: Intent { act=com.google.android.gms.auth.service.START pkg=com.google.android.gms }
--------- beginning of system
12-14 00:15:48.722 I/ActivityManager( 1629): Killing 3244:com.android.settings/1000 (adj 906): empty #17
12-14 00:15:48.810 W/NamedFutures( 2189): Timeout future task has been cancelled: 10000 milliseconds
12-14 00:15:48.812 E/SearchServiceStarter( 2189): Task 174 failed or timed out. Client 9628931735721654 disconnecting from SearchService!
12-14 00:15:48.812 E/SearchServiceStarter( 2189): java.util.concurrent.CancellationException: Task was cancelled.
12-14 00:15:48.812 E/SearchServiceStarter( 2189): 	at com.google.common.util.concurrent.d.ct(SourceFile:75)
12-14 00:15:48.812 E/SearchServiceStarter( 2189): 	at com.google.common.util.concurrent.d.get(SourceFile:57)
12-14 00:15:48.812 E/SearchServiceStarter( 2189): 	at com.google.common.util.concurrent.cg.n(SourceFile:2)
12-14 00:15:48.812 E/SearchServiceStarter( 2189): 	at com.google.common.util.concurrent.av.l(SourceFile:50)
12-14 00:15:48.812 E/SearchServiceStarter( 2189): 	at com.google.common.util.concurrent.ax.run(SourceFile:5)
12-14 00:15:48.812 E/SearchServiceStarter( 2189): 	at com.google.android.apps.gsa.shared.util.concurrent.a.bc.run(SourceFile:2)
12-14 00:15:48.812 E/SearchServiceStarter( 2189): 	at android.os.Handler.handleCallback(Handler.java:789)
12-14 00:15:48.812 E/SearchServiceStarter( 2189): 	at android.os.Handler.dispatchMessage(Handler.java:98)
12-14 00:15:48.812 E/SearchServiceStarter( 2189): 	at android.os.Looper.loop(Looper.java:164)
12-14 00:15:48.812 E/SearchServiceStarter( 2189): 	at android.app.ActivityThread.main(ActivityThread.java:6541)
12-14 00:15:48.812 E/SearchServiceStarter( 2189): 	at java.lang.reflect.Method.invoke(Native Method)
12-14 00:15:48.812 E/SearchServiceStarter( 2189): 	at com.android.internal.os.Zygote$MethodAndArgsCaller.run(Zygote.java:240)
12-14 00:15:48.812 E/SearchServiceStarter( 2189): 	at com.android.internal.os.ZygoteInit.main(ZygoteInit.java:767)
12-14 00:15:48.815 W/BroadcastQueue( 1629): Background execution not allowed: receiving Intent { act=android.intent.action.PACKAGE_ADDED dat=package:com.evancharlton.mileage flg=0x4000010 (has extras) } to com.android.vending/com.google.android.finsky.packagemanager.impl.PackageMonitorReceiverImpl$RegisteredReceiver
12-14 00:15:48.815 W/BroadcastQueue( 1629): Background execution not allowed: receiving Intent { act=android.intent.action.PACKAGE_ADDED dat=package:com.evancharlton.mileage flg=0x4000010 (has extras) } to com.google.android.gms/.games.chimera.GamesSystemBroadcastReceiverProxy
12-14 00:15:48.815 W/BroadcastQueue( 1629): Background execution not allowed: receiving Intent { act=android.intent.action.PACKAGE_ADDED dat=package:com.evancharlton.mileage flg=0x4000010 (has extras) } to com.google.android.gms/.gass.chimera.PackageChangeBroadcastReceiver
12-14 00:15:48.816 W/BroadcastQueue( 1629): Background execution not allowed: receiving Intent { act=android.intent.action.PACKAGE_ADDED dat=package:com.evancharlton.mileage flg=0x4000010 (has extras) } to com.google.android.gms/.chimera.GmsIntentOperationService$PersistentTrustedReceiver
12-14 00:15:48.816 W/BroadcastQueue( 1629): Background execution not allowed: receiving Intent { act=android.intent.action.PACKAGE_ADDED dat=package:com.evancharlton.mileage flg=0x4000010 (has extras) } to com.google.android.googlequicksearchbox/com.google.android.apps.gsa.googlequicksearchbox.GelStubAppWatcher
12-14 00:15:48.838 I/Dialer  ( 1999): VvmTaskReceiver - task received
12-14 00:15:48.838 I/Dialer  ( 1999): VvmTaskReceiver - TaskExecutor already running
12-14 00:15:48.838 I/Dialer  ( 1999): Task.createTask - create task:com.android.voicemail.impl.ActivationTask
12-14 00:15:48.839 I/Dialer  ( 1999): TaskQueue.add - duplicated task added
12-14 00:15:48.839 I/Dialer  ( 1999): VvmTaskExecutor - com.android.voicemail.impl.ActivationTask@9ba8402 added
12-14 00:15:48.846 W/BroadcastQueue( 1629): Background execution not allowed: receiving Intent { act=android.intent.action.PACKAGE_REMOVED dat=package:com.evancharlton.mileage.test flg=0x4000010 (has extras) } to com.android.vending/com.google.android.finsky.packagemanager.impl.PackageMonitorReceiverImpl$RegisteredReceiver
12-14 00:15:48.846 W/BroadcastQueue( 1629): Background execution not allowed: receiving Intent { act=android.intent.action.PACKAGE_REMOVED dat=package:com.evancharlton.mileage.test flg=0x4000010 (has extras) } to com.android.vending/com.google.android.finsky.instantapps.appmanagement.InstantAppRemoveMonitor
12-14 00:15:48.846 W/BroadcastQueue( 1629): Background execution not allowed: receiving Intent { act=android.intent.action.PACKAGE_REMOVED dat=package:com.evancharlton.mileage.test flg=0x4000010 (has extras) } to com.google.android.gms/.games.chimera.GamesSystemBroadcastReceiverProxy
12-14 00:15:48.846 W/BroadcastQueue( 1629): Background execution not allowed: receiving Intent { act=android.intent.action.PACKAGE_REMOVED dat=package:com.evancharlton.mileage.test flg=0x4000010 (has extras) } to com.google.android.gms/.chimera.GmsIntentOperationService$PersistentTrustedReceiver
12-14 00:15:48.846 W/BroadcastQueue( 1629): Background execution not allowed: receiving Intent { act=android.intent.action.PACKAGE_REMOVED dat=package:com.evancharlton.mileage.test flg=0x4000010 (has extras) } to com.google.android.googlequicksearchbox/com.google.android.apps.gsa.googlequicksearchbox.GelStubAppWatcher
12-14 00:15:48.857 I/Finsky  ( 2536): [2] ycb.d(13): PackageMonitorReceiverImpl - Received: android.intent.action.PACKAGE_FULLY_REMOVED, [Hc-uu0eID9wC4ptvRCsWBIQPDhHxrgxu8bZlIwakNJw]
12-14 00:15:48.858 I/Finsky  ( 2536): [2] ydc.g(1): Invalidating cached PackageState for com.evancharlton.mileage.test
12-14 00:15:48.860 I/Finsky  ( 2536): [2] ouk.d(2): Frosting ID looked up on UI thread. Caller should move to a background thread.
12-14 00:15:48.865 I/Finsky  ( 2536): [2] qlq.s(2): Installer: package com.evancharlton.mileage.test was removed. replacing: false
12-14 00:15:48.867 I/Finsky  ( 2536): [2] qmo.L(12): Installer: Notifying status update. package=com.evancharlton.mileage.test, status=UNINSTALLED
12-14 00:15:48.868 I/Finsky  ( 2536): [2] alxk.a(3): Do not start WearSupportService due to Wear service optimization
12-14 00:15:48.870 I/Finsky  ( 2536): [2] alxk.a(3): Do not start WearSupportService due to Wear service optimization
12-14 00:15:48.870 I/Finsky  ( 2536): [2] adxl.a(8): Clearing split related stale data.
12-14 00:15:48.871 I/Finsky  ( 2536): [168] gvx.a(12): Asset module storage cleared for package com.evancharlton.mileage.test.
12-14 00:15:48.879 I/Finsky  ( 2536): [2] qmo.O(7): Installer: found apps to install. isMultiUserMode=false, apps=[]
12-14 00:15:48.881 I/Finsky  ( 2536): [161] rab.C(2): IQ: Notifying installation update. package=com.evancharlton.mileage.test, status=UNINSTALLED
12-14 00:15:48.893 I/Finsky  ( 2536): [125] jmd.a(15): [ContentSync] finished, scheduled=false
12-14 00:15:48.894 I/Finsky  ( 2536): [166] otx.run(16): Wrote row to frosting DB: 673
12-14 00:15:48.900 D/BoundBrokerSvc( 2256): onBind: Intent { act=com.google.android.gms.common.BIND_SHARED_PREFS pkg=com.google.android.gms }
12-14 00:15:48.900 D/BoundBrokerSvc( 2256): Loading bound service for intent: Intent { act=com.google.android.gms.common.BIND_SHARED_PREFS pkg=com.google.android.gms }
12-14 00:15:48.911 D/BoundBrokerSvc( 2256): onUnbind: Intent { act=com.google.android.gms.common.BIND_SHARED_PREFS pkg=com.google.android.gms }
12-14 00:15:48.912 I/Finsky  ( 2536): [166] otx.run(16): Wrote row to frosting DB: 674
12-14 00:15:48.916 I/DigitalWidgetProvider( 3447): onReceive: Intent { act=com.android.deskclock.ALARM_CHANGED flg=0x10 cmp=com.google.android.deskclock/com.android.alarmclock.DigitalAppWidgetProvider }
12-14 00:15:48.935 I/Finsky  ( 2536): [161] rab.t(33): IQ: No matching installs to run for jobs: []
12-14 00:15:48.974 W/BroadcastQueue( 1629): Background execution not allowed: receiving Intent { act=android.intent.action.PACKAGE_ADDED dat=package:com.evancharlton.mileage.test flg=0x4000010 (has extras) } to com.android.vending/com.google.android.finsky.packagemanager.impl.PackageMonitorReceiverImpl$RegisteredReceiver
12-14 00:15:48.975 W/BroadcastQueue( 1629): Background execution not allowed: receiving Intent { act=android.intent.action.PACKAGE_ADDED dat=package:com.evancharlton.mileage.test flg=0x4000010 (has extras) } to com.google.android.gms/.games.chimera.GamesSystemBroadcastReceiverProxy
12-14 00:15:48.975 W/BroadcastQueue( 1629): Background execution not allowed: receiving Intent { act=android.intent.action.PACKAGE_ADDED dat=package:com.evancharlton.mileage.test flg=0x4000010 (has extras) } to com.google.android.gms/.gass.chimera.PackageChangeBroadcastReceiver
12-14 00:15:48.975 W/BroadcastQueue( 1629): Background execution not allowed: receiving Intent { act=android.intent.action.PACKAGE_ADDED dat=package:com.evancharlton.mileage.test flg=0x4000010 (has extras) } to com.google.android.gms/.chimera.GmsIntentOperationService$PersistentTrustedReceiver
12-14 00:15:48.975 W/BroadcastQueue( 1629): Background execution not allowed: receiving Intent { act=android.intent.action.PACKAGE_ADDED dat=package:com.evancharlton.mileage.test flg=0x4000010 (has extras) } to com.google.android.googlequicksearchbox/com.google.android.apps.gsa.googlequicksearchbox.GelStubAppWatcher
12-14 00:15:48.984 I/ExposureNotification( 2256): Still can find package com.evancharlton.mileage.test after receive its fully removed broadcast, which was installed 8981 ms ago. Ignore the fully removed broadcast. [CONTEXT service_id=236 ]
12-14 00:15:49.014 W/BroadcastQueue( 1629): Background execution not allowed: receiving Intent { act=android.intent.action.DROPBOX_ENTRY_ADDED flg=0x10 (has extras) } to com.google.android.gms/.stats.service.DropBoxEntryAddedReceiver
12-14 00:15:49.014 W/BroadcastQueue( 1629): Background execution not allowed: receiving Intent { act=android.intent.action.DROPBOX_ENTRY_ADDED flg=0x10 (has extras) } to com.google.android.gms/.chimera.GmsIntentOperationService$PersistentTrustedReceiver
12-14 00:15:49.044 W/zygote  ( 3849): Unexpected CPU variant for X86 using defaults: x86
12-14 00:15:49.050 I/ActivityManager( 1629): Start proc 3849:com.google.android.videos/u0a72 for service com.google.android.videos/.service.drm.RefreshLicenseTaskService
12-14 00:15:49.068 W/NetworkScheduler( 1941): Immediate task was not started com.google.android.videos/.service.drm.RefreshLicenseTaskService{u=0 tag="refresh_license_forced" trigger=window{start=0s,end=1s,earliest=0s,latest=0s} requirements=[NET_CONNECTED] attributes=[] scheduled=0s last_run=N/A exec_window_multiplier=1.0000 jid=N/A status=PENDING retries=0 client_lib=MANCHEGO_GCM-10400000}. Rescheduling immediate tasks can cause excessive battery drain.
12-14 00:15:49.072 E/NetworkScheduler.ATC( 1941): Called cancelTask for already completed task com.google.android.videos/.service.drm.RefreshLicenseTaskService{u=0 tag="refresh_license_forced" trigger=window{start=0s,end=1s,earliest=0s,latest=0s} requirements=[NET_CONNECTED] attributes=[] scheduled=0s last_run=0s exec_window_multiplier=1.0000 jid=N/A status=PENDING retries=0 client_lib=MANCHEGO_GCM-10400000} :5 [CONTEXT service_id=218 ]
12-14 00:15:49.087 I/MultiDex( 3849): VM with version 2.1.0 has multidex support
12-14 00:15:49.087 I/MultiDex( 3849): install
12-14 00:15:49.087 I/MultiDex( 3849): VM has multidex support, MultiDex support library is disabled.
12-14 00:15:49.121 I/zygote  ( 1941): Do partial code cache collection, code=503KB, data=308KB
12-14 00:15:49.124 I/zygote  ( 1941): After code cache collection, code=499KB, data=307KB
12-14 00:15:49.128 I/zygote  ( 1941): Increasing code cache capacity to 2MB
12-14 00:15:49.198 I/zygote  ( 1941): Deoptimizing int cdcx.u(java.lang.Object, byte[], int, int, int, int, int, int, long, int, long, ccyx) due to JIT inline cache
12-14 00:15:49.230 W/BroadcastQueue( 1629): Permission Denial: broadcasting Intent { act=com.google.android.checkin.CHECKIN_COMPLETE flg=0x1000010 (has extras) } from com.google.android.gms (pid=2256, uid=10011) is not exported from uid 10023 due to receiver com.android.vending/com.google.android.finsky.checkin.CheckinReceiver
12-14 00:15:49.303 I/NetworkScheduler.Stats( 1941): Task com.google.android.videos/ finished executing. cause:7 result: 6 elapsed_millis: 53 uptime_millis: 53 exec_start_elapsed_seconds: 50 [CONTEXT service_id=218 ]
12-14 00:15:49.313 W/NetworkScheduler( 1941): No record of active task com.google.android.videos/.service.drm.RefreshLicenseTaskService{u=0 tag="refresh_license_forced" trigger=window{start=0s,end=1s,earliest=0s,latest=0s} requirements=[NET_CONNECTED] attributes=[] scheduled=0s last_run=0s exec_window_multiplier=1.0000 jid=N/A status=PENDING retries=0 client_lib=MANCHEGO_GCM-10400000}
12-14 00:15:49.356 I/ActivityManager( 1629): Killing 3260:com.android.cellbroadcastreceiver/u0a5 (adj 906): empty #17
12-14 00:15:49.361 W/ActivityManager( 1629): Background start not allowed: service Intent { cmp=com.google.android.videos/.service.pinning.TransferService (has extras) } to com.google.android.videos/.service.pinning.TransferService from pid=3849 uid=10072 pkg=com.google.android.videos
12-14 00:15:49.363 I/Finsky  ( 2536): [111] daj.a(7): Received content filters request from com.google.android.videos
12-14 00:15:49.377 I/PlayMovies( 3849): RefreshLicenseTaskService.forceLicenseRefreshNow:66 Scheduled task now refresh_license_forced
12-14 00:15:49.377 I/PlayMovies( 3849): 
12-14 00:15:49.380 D/PlayMovies( 3849): PersistentCache.cleanup:104 Cache is below limit, no need to shrink: [size=0, limit=5242880]
12-14 00:15:49.380 D/PlayMovies( 3849): 
12-14 00:15:49.398 D/Primes  ( 3849): Package metric disabled.
12-14 00:15:49.398 D/Primes  ( 3849): Battery metric disabled
12-14 00:15:49.398 D/Primes  ( 3849): MagicEye logging metric disabled
12-14 00:15:49.400 D/CryptdConnector( 1629): SND -> {11 cryptfs getpwtype}
12-14 00:15:49.401 D/VoldCryptCmdListener( 1343): cryptfs getpwtype
12-14 00:15:49.402 D/CryptdConnector( 1629): RCV <- {213 11 default}
12-14 00:15:49.517 I/PlayMovies( 3849): RefreshLicenseTaskService.onRunTask:96 On run task refresh_license_forced
12-14 00:15:49.517 I/PlayMovies( 3849): 
12-14 00:15:49.574 I/zygote  ( 2256): Deoptimizing boolean dbx.d(android.content.Context, dbv, java.lang.String) due to JIT inline cache
12-14 00:15:49.687 I/zygote  ( 1941): Deoptimizing java.lang.String asqf.i(android.os.Bundle) due to JIT inline cache
12-14 00:15:49.789 E/NetworkScheduler.ATC( 1941): Called cancelTask for already completed task com.google.android.videos/.service.drm.RefreshLicenseTaskService{u=0 tag="refresh_license_forced" trigger=window{start=0s,end=1s,earliest=0s,latest=0s} requirements=[NET_CONNECTED] attributes=[] scheduled=0s last_run=0s exec_window_multiplier=1.0000 jid=N/A status=ACTIVE retries=0 client_lib=MANCHEGO_GCM-10400000} :0 [CONTEXT service_id=218 ]
12-14 00:15:49.790 W/NetworkScheduler( 1941): Immediate task was not started com.google.android.videos/.service.drm.RefreshLicenseTaskService{u=0 tag="refresh_license_forced" trigger=window{start=0s,end=1s,earliest=0s,latest=0s} requirements=[NET_CONNECTED] attributes=[] scheduled=0s last_run=N/A exec_window_multiplier=1.0000 jid=N/A status=PENDING retries=0 client_lib=MANCHEGO_GCM-10400000}. Rescheduling immediate tasks can cause excessive battery drain.
12-14 00:15:49.790 I/NetworkScheduler.Stats( 1941): Task com.google.android.videos/ started execution. cause:7 exec_start_elapsed_seconds: 51 [CONTEXT service_id=218 ]
12-14 00:15:49.790 I/NetworkScheduler.Stats( 1941): Task com.google.android.gms/com.google.android.gms.pay.gcmtask.PayGcmTaskService started execution. cause:7 exec_start_elapsed_seconds: 51 [CONTEXT service_id=218 ]
12-14 00:15:49.791 I/NetworkScheduler.Stats( 1941): Task com.google.android.videos/ finished executing. cause:7 result: 1 elapsed_millis: 94 uptime_millis: 94 exec_start_elapsed_seconds: 51 [CONTEXT service_id=218 ]
12-14 00:15:49.792 I/NetworkScheduler.Stats( 1941): Task com.google.android.gms/com.google.android.gms.pay.gcmtask.PayGcmTaskService finished executing. cause:7 result: 1 elapsed_millis: 75 uptime_millis: 75 exec_start_elapsed_seconds: 51 [CONTEXT service_id=218 ]
12-14 00:15:49.795 V/LifecycleAwareServiceBi( 2536): notify unbound
12-14 00:15:49.795 V/LifecycleAwareServiceBi( 2536): com.google.common.flogger.LogSiteStackTrace: MEDIUM
12-14 00:15:49.795 V/LifecycleAwareServiceBi( 2536): 	at com.google.frameworks.client.data.android.binder.LifecycleAwareServiceBinding.h(PG:1)
12-14 00:15:49.795 V/LifecycleAwareServiceBi( 2536): 	at axqg.run(Unknown Source:4)
12-14 00:15:49.795 V/LifecycleAwareServiceBi( 2536): 	at android.os.Handler.handleCallback(Handler.java:789)
12-14 00:15:49.795 V/LifecycleAwareServiceBi( 2536): 	at android.os.Handler.dispatchMessage(Handler.java:98)
12-14 00:15:49.795 V/LifecycleAwareServiceBi( 2536): 	at android.os.Looper.loop(Looper.java:164)
12-14 00:15:49.795 V/LifecycleAwareServiceBi( 2536): 	at android.app.ActivityThread.main(ActivityThread.java:6541)
12-14 00:15:49.795 V/LifecycleAwareServiceBi( 2536): 	at java.lang.reflect.Method.invoke(Native Method)
12-14 00:15:49.795 V/LifecycleAwareServiceBi( 2536): 	at com.android.internal.os.Zygote$MethodAndArgsCaller.run(Zygote.java:240)
12-14 00:15:49.795 V/LifecycleAwareServiceBi( 2536): 	at com.android.internal.os.ZygoteInit.main(ZygoteInit.java:767)
12-14 00:15:49.795 V/LifecycleAwareServiceBi( 2536): notify unbound - notifying
12-14 00:15:49.796 I/Finsky:download_service( 2686): [2] sxn.onDestroy(8): IPC-SERVER: Stopping gRPC host service...
12-14 00:15:49.866 I/NetworkScheduler.Stats( 1941): Task com.google.android.gms/com.google.android.gms.clearcut.uploader.QosUploaderService started execution. cause:5 exec_start_elapsed_seconds: 51 [CONTEXT service_id=218 ]
12-14 00:15:49.890 I/NetworkScheduler.Stats( 1941): Task com.google.android.videos/ started execution. cause:5 exec_start_elapsed_seconds: 51 [CONTEXT service_id=218 ]
12-14 00:15:49.890 I/PlayMovies( 3849): RefreshLicenseTaskService.onRunTask:96 On run task refresh_license
12-14 00:15:49.890 I/PlayMovies( 3849): 
12-14 00:15:49.893 I/NetworkScheduler.Stats( 1941): Task com.google.android.gms/com.google.android.gms.clearcut.uploader.QosUploaderService finished executing. cause:5 result: 1 elapsed_millis: 67 uptime_millis: 67 exec_start_elapsed_seconds: 51 [CONTEXT service_id=218 ]
12-14 00:15:49.897 I/NetworkScheduler.Stats( 1941): Task com.google.android.videos/ finished executing. cause:5 result: 1 elapsed_millis: 13 uptime_millis: 13 exec_start_elapsed_seconds: 51 [CONTEXT service_id=218 ]
12-14 00:15:49.971 I/NetworkScheduler.Stats( 1941): Task com.google.android.gms/com.google.android.gms.gass.chimera.SchedulePeriodicTasksService started execution. cause:5 exec_start_elapsed_seconds: 51 [CONTEXT service_id=218 ]
12-14 00:15:50.034 D/BoundBrokerSvc( 1941): onBind: Intent { act=com.google.android.gms.tapandpay.service.BIND cmp=com.google.android.gms/.chimera.PersistentApiService }
12-14 00:15:50.034 D/BoundBrokerSvc( 1941): Loading bound service for intent: Intent { act=com.google.android.gms.tapandpay.service.BIND cmp=com.google.android.gms/.chimera.PersistentApiService }
12-14 00:15:50.035 I/NetworkScheduler.Stats( 1941): Task com.google.android.gms/com.google.android.gms.pay.gcmtask.PayGcmTaskService started execution. cause:5 exec_start_elapsed_seconds: 51 [CONTEXT service_id=218 ]
12-14 00:15:50.063 E/Pay     ( 2256): No account found on the task or the device. Notification task will not be rescheduled. [CONTEXT service_id=198 ]
12-14 00:15:50.066 I/NetworkScheduler.Stats( 1941): Task com.google.android.gms/com.google.android.gms.gass.chimera.SchedulePeriodicTasksService finished executing. cause:5 result: 1 elapsed_millis: 125 uptime_millis: 125 exec_start_elapsed_seconds: 51 [CONTEXT service_id=218 ]
12-14 00:15:50.071 I/NetworkScheduler.Stats( 1941): Task com.google.android.gms/com.google.android.gms.pay.gcmtask.PayGcmTaskService finished executing. cause:5 result: 2 elapsed_millis: 73 uptime_millis: 73 exec_start_elapsed_seconds: 51 [CONTEXT service_id=218 ]
12-14 00:15:50.140 I/NetworkScheduler.Stats( 1941): Task com.google.android.gms/com.google.android.gms.pay.gcmtask.PayGcmTaskService started execution. cause:5 exec_start_elapsed_seconds: 51 [CONTEXT service_id=218 ]
12-14 00:15:50.141 I/NetworkScheduler.Stats( 1941): Task com.google.android.gms/com.google.android.gms.pay.gcmtask.PayGcmTaskService finished executing. cause:5 result: 1 elapsed_millis: 35 uptime_millis: 35 exec_start_elapsed_seconds: 51 [CONTEXT service_id=218 ]
12-14 00:15:50.218 I/Pay     ( 2256): Device does not support HCE. [CONTEXT service_id=198 ]
12-14 00:15:50.224 I/MicroDetectionWorker( 2189): #updateMicroDetector [detectionMode: [mDetectionMode: [1]]]
12-14 00:15:50.224 I/MicroDetectionWorker( 2189): #startMicroDetector [speakerMode: 0]
12-14 00:15:50.225 I/AudioController( 2189): Using mInputStreamFactoryBuilder
12-14 00:15:50.226 I/MicroDetectionWorker( 2189): onReady
12-14 00:15:50.228 I/MicroRecognitionRunner( 2189): Starting detection.
12-14 00:15:50.228 I/MicrophoneInputStream( 2189): mic_starting com.google.android.apps.gsa.staticplugins.aa.c@cd470e0
12-14 00:15:50.236 I/NetworkScheduler.Stats( 1941): Task com.google.android.gms/com.google.android.gms.pay.gcmtask.PayGcmTaskService started execution. cause:5 exec_start_elapsed_seconds: 52 [CONTEXT service_id=218 ]
12-14 00:15:50.237 I/NetworkScheduler.Stats( 1941): Task com.google.android.gms/com.google.android.gms.pay.gcmtask.PayGcmTaskService finished executing. cause:5 result: 2 elapsed_millis: 51 uptime_millis: 51 exec_start_elapsed_seconds: 52 [CONTEXT service_id=218 ]
12-14 00:15:50.256 D/BoundBrokerSvc( 2256): onUnbind: Intent { act=com.google.android.gms.feedback.internal.IFeedbackService cmp=com.google.android.gms/.chimera.GmsBoundBrokerService }
12-14 00:15:50.258 I/MicrophoneInputStream( 2189): mic_started com.google.android.apps.gsa.staticplugins.aa.c@cd470e0
12-14 00:15:50.258 E/ActivityThread( 2189): Failed to find provider info for com.google.android.apps.gsa.testing.ui.audio.recorded
12-14 00:15:50.259 I/MicroDetectionWorker( 2189): onReady
12-14 00:15:50.260 I/MicrophoneInputStream( 2189): mic_close com.google.android.apps.gsa.staticplugins.aa.c@cd470e0
12-14 00:15:50.261 I/MicroRecognitionRunner( 2189): Detection finished
12-14 00:15:50.261 W/ErrorReporter( 2189): reportError [type: 211, code: 524300]: Error reading from input stream
12-14 00:15:50.271 I/AudioFlinger( 1478): AudioFlinger's thread 0xa6283040 tid=3899 ready to run
12-14 00:15:50.273 I/MicroRecognitionRunner( 2189): Stopping hotword detection.
12-14 00:15:50.274 W/ErrorProcessor( 2189): onFatalError, processing error from engine(4)
12-14 00:15:50.274 W/ErrorProcessor( 2189): com.google.android.apps.gsa.shared.speech.b.g: Error reading from input stream
12-14 00:15:50.274 W/ErrorProcessor( 2189): 	at com.google.android.apps.gsa.staticplugins.recognizer.j.a.a(SourceFile:28)
12-14 00:15:50.274 W/ErrorProcessor( 2189): 	at com.google.android.apps.gsa.staticplugins.recognizer.j.b.run(SourceFile:15)
12-14 00:15:50.274 W/ErrorProcessor( 2189): 	at java.util.concurrent.Executors$RunnableAdapter.call(Executors.java:457)
12-14 00:15:50.274 W/ErrorProcessor( 2189): 	at java.util.concurrent.FutureTask.run(FutureTask.java:266)
12-14 00:15:50.274 W/ErrorProcessor( 2189): 	at com.google.android.apps.gsa.shared.util.concurrent.a.ax.run(SourceFile:14)
12-14 00:15:50.274 W/ErrorProcessor( 2189): 	at com.google.android.apps.gsa.shared.util.concurrent.a.bl.run(SourceFile:4)
12-14 00:15:50.274 W/ErrorProcessor( 2189): 	at com.google.android.apps.gsa.shared.util.concurrent.a.bl.run(SourceFile:4)
12-14 00:15:50.274 W/ErrorProcessor( 2189): 	at java.util.concurrent.ThreadPoolExecutor.runWorker(ThreadPoolExecutor.java:1162)
12-14 00:15:50.274 W/ErrorProcessor( 2189): 	at java.util.concurrent.ThreadPoolExecutor$Worker.run(ThreadPoolExecutor.java:636)
12-14 00:15:50.274 W/ErrorProcessor( 2189): 	at java.lang.Thread.run(Thread.java:764)
12-14 00:15:50.274 W/ErrorProcessor( 2189): 	at com.google.android.apps.gsa.shared.util.concurrent.a.ai.run(SourceFile:6)
12-14 00:15:50.274 W/ErrorProcessor( 2189): Caused by: com.google.android.apps.gsa.shared.exception.GsaIOException: Error code: 393238 | Buffer overflow, no available space.
12-14 00:15:50.274 W/ErrorProcessor( 2189): 	at com.google.android.apps.gsa.speech.audio.Tee.f(SourceFile:103)
12-14 00:15:50.274 W/ErrorProcessor( 2189): 	at com.google.android.apps.gsa.speech.audio.au.read(SourceFile:2)
12-14 00:15:50.274 W/ErrorProcessor( 2189): 	at java.io.InputStream.read(InputStream.java:101)
12-14 00:15:50.274 W/ErrorProcessor( 2189): 	at com.google.android.apps.gsa.speech.audio.ao.run(SourceFile:18)
12-14 00:15:50.274 W/ErrorProcessor( 2189): 	at com.google.android.apps.gsa.speech.audio.an.run(SourceFile:2)
12-14 00:15:50.274 W/ErrorProcessor( 2189): 	... 9 more
12-14 00:15:50.274 I/AudioController( 2189): internalShutdown
12-14 00:15:50.280 I/MicroDetector( 2189): Keeping mic open: false
12-14 00:15:50.280 I/MicroDetectionWorker( 2189): #onError(false)
12-14 00:15:50.283 I/DeviceStateChecker( 2189): DeviceStateChecker cancelled
12-14 00:15:50.368 I/Pay     ( 2256): Migration flag not enabled. [CONTEXT service_id=198 ]
12-14 00:15:50.369 D/BoundBrokerSvc( 2256): onBind: Intent { act=com.google.android.gms.pay.service.BIND cmp=com.google.android.gms/.chimera.GmsApiService }
12-14 00:15:50.369 D/BoundBrokerSvc( 2256): Loading bound service for intent: Intent { act=com.google.android.gms.pay.service.BIND cmp=com.google.android.gms/.chimera.GmsApiService }
12-14 00:15:50.372 I/jgl     ( 2256): Primes not initialized, returning default (no-op) Primes instance which will ignore all calls. Please call Primes.initialize(...) before using any Primes API.
12-14 00:15:50.417 I/NetworkScheduler.Stats( 1941): Task com.google.android.gms/com.google.android.gms.pay.gcmtask.PayGcmTaskService started execution. cause:5 exec_start_elapsed_seconds: 52 [CONTEXT service_id=218 ]
12-14 00:15:50.436 W/SystemServiceRegistry( 3645): No service published for: persistent_data_block
12-14 00:15:50.445 D/EGL_emulation( 3645): eglCreateContext: 0xa41edc60: maj 3 min 0 rcv 3
12-14 00:15:50.447 D/EGL_emulation( 3645): eglMakeCurrent: 0xa41edc60: ver 3 0 (tinfo 0xa6b445c0)
12-14 00:15:50.448 E/eglCodecCommon( 3645): glUtilsParamSize: unknow param 0x00008cdf
12-14 00:15:50.448 E/eglCodecCommon( 3645): glUtilsParamSize: unknow param 0x00008cdf
12-14 00:15:50.448 E/eglCodecCommon( 3645): glUtilsParamSize: unknow param 0x00008824
12-14 00:15:50.448 E/eglCodecCommon( 3645): glUtilsParamSize: unknow param 0x00008824
12-14 00:15:50.467 I/Pay     ( 2256): Migration already completed. [CONTEXT service_id=198 ]
12-14 00:15:50.471 I/chatty  ( 2256): uid=10011(u0_a11) lowpool[4] identical 1 line
12-14 00:15:50.476 I/Pay     ( 2256): Migration already completed. [CONTEXT service_id=198 ]
12-14 00:15:50.477 I/Pay     ( 2256): Migration flag not enabled. [CONTEXT service_id=198 ]
12-14 00:15:50.484 I/Pay     ( 2256): Migration already completed. [CONTEXT service_id=198 ]
12-14 00:15:50.484 I/Pay     ( 2256): Migration flag not enabled. [CONTEXT service_id=198 ]
12-14 00:15:50.509 D/EGL_emulation( 3645): eglCreateContext: 0xa41ee080: maj 3 min 0 rcv 3
12-14 00:15:50.512 D/EGL_emulation( 3645): eglMakeCurrent: 0xa41ee080: ver 3 0 (tinfo 0xa6b445c0)
12-14 00:15:50.513 E/eglCodecCommon( 3645): glUtilsParamSize: unknow param 0x00008cdf
12-14 00:15:50.513 E/eglCodecCommon( 3645): glUtilsParamSize: unknow param 0x00008cdf
12-14 00:15:50.513 E/eglCodecCommon( 3645): glUtilsParamSize: unknow param 0x00008824
12-14 00:15:50.513 E/eglCodecCommon( 3645): glUtilsParamSize: unknow param 0x00008824
12-14 00:15:50.517 I/NetworkScheduler.Stats( 1941): Task com.google.android.gms/com.google.android.gms.pay.gcmtask.PayGcmTaskService started execution. cause:5 exec_start_elapsed_seconds: 52 [CONTEXT service_id=218 ]
12-14 00:15:50.536 I/NetworkScheduler.Stats( 1941): Task com.google.android.gms/com.google.android.gms.pay.gcmtask.PayGcmTaskService finished executing. cause:5 result: 1 elapsed_millis: 212 uptime_millis: 212 exec_start_elapsed_seconds: 52 [CONTEXT service_id=218 ]
12-14 00:15:50.539 I/NetworkScheduler.Stats( 1941): Task com.google.android.gms/com.google.android.gms.pay.gcmtask.PayGcmTaskService finished executing. cause:5 result: 1 elapsed_millis: 47 uptime_millis: 47 exec_start_elapsed_seconds: 52 [CONTEXT service_id=218 ]
12-14 00:15:50.553 W/Binder:3645_2( 3645): type=1400 audit(0.0:20): avc: denied { read } for name="modules" dev="proc" ino=4026532034 scontext=u:r:priv_app:s0:c512,c768 tcontext=u:object_r:proc_modules:s0 tclass=file permissive=0
12-14 00:15:50.635 I/NetworkScheduler.Stats( 1941): Task com.google.android.gms/com.google.android.gms.tapandpay.gcmtask.TapAndPayGcmTaskService started execution. cause:5 exec_start_elapsed_seconds: 52 [CONTEXT service_id=218 ]
12-14 00:15:50.653 W/Conscrypt( 2256): Could not set socket write timeout: java.net.SocketException: Socket closed
12-14 00:15:50.655 W/Conscrypt( 2256): 	at com.google.android.gms.org.conscrypt.Platform.setSocketWriteTimeout(:com.google.android.gms@204713022@20.47.13 (040700-344095733):2)
12-14 00:15:50.655 W/Conscrypt( 2256): 	at com.google.android.gms.org.conscrypt.ConscryptFileDescriptorSocket.setSoWriteTimeout(:com.google.android.gms@204713022@20.47.13 (040700-344095733):0)
12-14 00:15:50.686 I/NetworkScheduler.Stats( 1941): Task com.google.android.gms/com.google.android.gms.tapandpay.gcmtask.TapAndPayGcmTaskService started execution. cause:5 exec_start_elapsed_seconds: 52 [CONTEXT service_id=218 ]
12-14 00:15:50.701 I/NetworkScheduler.Stats( 1941): Task com.google.android.gms/com.google.android.gms.tapandpay.gcmtask.TapAndPayGcmTaskService finished executing. cause:5 result: 1 elapsed_millis: 109 uptime_millis: 109 exec_start_elapsed_seconds: 52 [CONTEXT service_id=218 ]
12-14 00:15:50.704 I/NetworkScheduler.Stats( 1941): Task com.google.android.gms/com.google.android.gms.tapandpay.gcmtask.TapAndPayGcmTaskService finished executing. cause:5 result: 1 elapsed_millis: 41 uptime_millis: 41 exec_start_elapsed_seconds: 52 [CONTEXT service_id=218 ]
12-14 00:15:50.736 W/Conscrypt( 2256): Could not set socket write timeout: java.net.SocketException: Socket closed
12-14 00:15:50.736 W/Conscrypt( 2256): 	at com.google.android.gms.org.conscrypt.Platform.setSocketWriteTimeout(:com.google.android.gms@204713022@20.47.13 (040700-344095733):2)
12-14 00:15:50.736 W/Conscrypt( 2256): 	at com.google.android.gms.org.conscrypt.ConscryptFileDescriptorSocket.setSoWriteTimeout(:com.google.android.gms@204713022@20.47.13 (040700-344095733):0)
12-14 00:15:50.780 I/NetworkScheduler.Stats( 1941): Task com.google.android.gms/com.google.android.gms.tapandpay.gcmtask.TapAndPayGcmTaskService started execution. cause:5 exec_start_elapsed_seconds: 52 [CONTEXT service_id=218 ]
12-14 00:15:50.850 I/NetworkScheduler.Stats( 1941): Task com.google.android.gms/com.google.android.gms.udc.service.UdcContextInitService started execution. cause:5 exec_start_elapsed_seconds: 52 [CONTEXT service_id=218 ]
12-14 00:15:50.854 I/NetworkScheduler.Stats( 1941): Task com.google.android.gms/com.google.android.gms.tapandpay.gcmtask.TapAndPayGcmTaskService finished executing. cause:5 result: 1 elapsed_millis: 110 uptime_millis: 110 exec_start_elapsed_seconds: 52 [CONTEXT service_id=218 ]
12-14 00:15:50.877 I/NetworkScheduler.Stats( 1941): Task com.google.android.videos/ started execution. cause:5 exec_start_elapsed_seconds: 52 [CONTEXT service_id=218 ]
12-14 00:15:50.879 I/PlayMovies( 3849): RefreshLicenseTaskService.onRunTask:96 On run task refresh_license_forced
12-14 00:15:50.879 I/PlayMovies( 3849): 
12-14 00:15:50.883 I/NetworkScheduler.Stats( 1941): Task com.google.android.videos/ finished executing. cause:5 result: 1 elapsed_millis: 14 uptime_millis: 14 exec_start_elapsed_seconds: 52 [CONTEXT service_id=218 ]
12-14 00:15:50.922 I/NetworkScheduler.Stats( 1941): Task com.google.android.gms/com.google.android.gms.udc.service.UdcContextInitService finished executing. cause:5 result: 1 elapsed_millis: 104 uptime_millis: 104 exec_start_elapsed_seconds: 52 [CONTEXT service_id=218 ]
12-14 00:15:50.984 D/BoundBrokerSvc( 1941): onUnbind: Intent { act=com.google.android.gms.icing.LIGHTWEIGHT_INDEX_SERVICE cmp=com.google.android.gms/.chimera.PersistentApiService }
12-14 00:15:51.588 I/ActivityManager( 1629): Killing 3295:com.google.android.apps.maps/u0a59 (adj 906): empty #17
12-14 00:15:51.637 D/BoundBrokerSvc( 1941): onUnbind: Intent { act=com.google.android.gms.phenotype.service.START pkg=com.google.android.gms }
12-14 00:15:51.637 D/BoundBrokerSvc( 2256): onUnbind: Intent { act=com.google.android.gms.people.service.START pkg=com.google.android.gms }
12-14 00:15:52.163 D/AndroidRuntime( 3908): >>>>>> START com.android.internal.os.RuntimeInit uid 2000 <<<<<<
12-14 00:15:52.197 W/app_process( 3908): Unexpected CPU variant for X86 using defaults: x86
12-14 00:15:52.215 D/AndroidRuntime( 3908): Calling main entry com.android.commands.am.Am
12-14 00:15:52.216 I/ActivityManager( 1629): Force stopping com.evancharlton.mileage appid=10214 user=0: start instr
12-14 00:15:52.216 I/ActivityManager( 1629): Killing 3775:com.evancharlton.mileage/u0a214 (adj 0): stop com.evancharlton.mileage
12-14 00:15:52.218 W/ActivityManager( 1629): Crash of app com.evancharlton.mileage running instrumentation ComponentInfo{com.evancharlton.mileage.test/sh.calaba.instrumentationbackend.ClearAppData2}
12-14 00:15:52.218 I/ActivityManager( 1629): Force stopping com.evancharlton.mileage appid=10214 user=0: finished inst
12-14 00:15:52.225 I/zygote  ( 3918): Not late-enabling -Xcheck:jni (already on)
12-14 00:15:52.231 W/zygote  ( 3918): Unexpected CPU variant for X86 using defaults: x86
12-14 00:15:52.232 I/ActivityManager( 1629): Start proc 3918:com.evancharlton.mileage/u0a214 for added application com.evancharlton.mileage
12-14 00:15:52.232 D/AndroidRuntime( 3908): Shutting down VM
12-14 00:15:52.261 E/adbd    ( 1359): failed to connect to socket 'tcp:7102': Connection refused
12-14 00:15:52.264 E/adbd    ( 1359): failed to connect to socket 'tcp:7102': Connection refused
12-14 00:15:52.270 W/zygote  ( 3918): Found duplicate classes, falling back to extracting from APK : /data/app/com.evancharlton.mileage.test-Sonm1RjnvoGNWWVwxW64qA==/base.apk
12-14 00:15:52.270 W/zygote  ( 3918): NOTE: This wastes RAM and hurts startup performance.
12-14 00:15:52.270 W/zygote  ( 3918): Found duplicated class when checking oat files: 'Ljunit/runner/BaseTestRunner;' in /data/app/com.evancharlton.mileage.test-Sonm1RjnvoGNWWVwxW64qA==/base.apk and /system/framework/android.test.runner.jar
12-14 00:15:52.270 W/zygote  ( 3918): 
12-14 00:15:52.292 I/zygote  ( 1941): Deoptimizing bsbk brqx.D(int) due to JIT inline cache
12-14 00:15:52.300 I/InputReader( 1629): Reconfiguring input devices.  changes=0x00000010
12-14 00:15:52.302 W/ResourceType( 1629): ResTable_typeSpec entry count inconsistent: given 67, previously 69
12-14 00:15:52.302 W/ResourceType( 1629): ResTable_typeSpec entry count inconsistent: given 5411, previously 5412
12-14 00:15:52.304 W/ResourceType( 1629): ResTable_typeSpec entry count inconsistent: given 67, previously 69
12-14 00:15:52.304 W/ResourceType( 1629): ResTable_typeSpec entry count inconsistent: given 5411, previously 5412
12-14 00:15:52.319 I/Fitness ( 1941): OnPackageChangedOperation got intent: Intent { act=android.intent.action.PACKAGE_CHANGED dat=package:com.google.android.gms flg=0x45000010 pkg=com.google.android.gms cmp=com.google.android.gms/.chimera.PersistentIntentOperationService (has extras) } [CONTEXT service_id=17 ]
12-14 00:15:52.321 W/ResourceType( 1629): ResTable_typeSpec entry count inconsistent: given 67, previously 69
12-14 00:15:52.322 W/ResourceType( 1629): ResTable_typeSpec entry count inconsistent: given 5411, previously 5412
12-14 00:15:52.332 I/Fitness ( 1941): FitCleanupIntentOperation received Intent android.intent.action.PACKAGE_CHANGED [CONTEXT service_id=17 ]
12-14 00:15:52.360 W/System  ( 3918): ClassLoader referenced unknown path: 
12-14 00:15:52.367 D/CarrierSvcBindHelper( 1815): No carrier app for: 0
12-14 00:15:52.367 D/ImsResolver( 1815): maybeAddedImsService, packageName: com.google.android.gms
12-14 00:15:52.369 I/Icing   ( 2256): IndexChimeraService.getServiceInterface callingPackage=com.google.android.gms componentName=AppsCorpus serviceId=36
12-14 00:15:52.377 I/Telecom ( 1629): DefaultDialerCache: Refreshing default dialer for user 0: now com.google.android.dialer: DDC.oR@AE0
12-14 00:15:52.381 I/Icing   ( 2256): updateResources: need to parse adiq{com.google.android.gms}
12-14 00:15:52.400 E/adbd    ( 1359): failed to connect to socket 'tcp:7102': Connection refused
12-14 00:15:52.404 E/adbd    ( 1359): failed to connect to socket 'tcp:7102': Connection refused
12-14 00:15:52.419 W/PeopleGalProvider( 2256): Not enabled to outside of GmsCore.
12-14 00:15:52.419 I/PeopleGalProvider( 2256): Method 0 completed.
12-14 00:15:52.421 I/ContactDirectoryManager( 2383): Directory provider com.google.android.gms(com.google.android.gms.people.gal.provider) returned a NULL cursor.
12-14 00:15:52.423 I/System.out( 3918): Main activity name automatically set to: com.evancharlton.mileage.Mileage
12-14 00:15:52.424 I/System.out( 3918): Calabash did not load Mono. This is only a problem if you are trying to test a Mono application
12-14 00:15:52.424 I/calabash( 3918): Test server port: 7102
12-14 00:15:52.428 I/InstrumentationBackend( 3918): Added:'GetPreferences', with key:'get_preferences'
12-14 00:15:52.459 I/ProvidersCache( 3411): Provider returned no roots. Possibly naughty: com.google.android.apps.docs.storage
12-14 00:15:52.477 W/Binder  ( 1629): Outgoing transactions from this process must be FLAG_ONEWAY
12-14 00:15:52.477 W/Binder  ( 1629): java.lang.Throwable
12-14 00:15:52.477 W/Binder  ( 1629): 	at android.os.BinderProxy.transact(Binder.java:736)
12-14 00:15:52.477 W/Binder  ( 1629): 	at com.android.internal.location.ILocationProvider$Stub$Proxy.getProperties(ILocationProvider.java:232)
12-14 00:15:52.477 W/Binder  ( 1629): 	at com.android.server.location.LocationProviderProxy$1.run(LocationProviderProxy.java:119)
12-14 00:15:52.477 W/Binder  ( 1629): 	at android.os.Handler.handleCallback(Handler.java:789)
12-14 00:15:52.477 W/Binder  ( 1629): 	at android.os.Handler.dispatchMessage(Handler.java:98)
12-14 00:15:52.477 W/Binder  ( 1629): 	at android.os.Looper.loop(Looper.java:164)
12-14 00:15:52.477 W/Binder  ( 1629): 	at android.os.HandlerThread.run(HandlerThread.java:65)
12-14 00:15:52.479 W/Binder  ( 1629): Outgoing transactions from this process must be FLAG_ONEWAY
12-14 00:15:52.479 W/Binder  ( 1629): java.lang.Throwable
12-14 00:15:52.479 W/Binder  ( 1629): 	at android.os.BinderProxy.transact(Binder.java:736)
12-14 00:15:52.479 W/Binder  ( 1629): 	at com.android.internal.location.ILocationProvider$Stub$Proxy.getProperties(ILocationProvider.java:232)
12-14 00:15:52.479 W/Binder  ( 1629): 	at com.android.server.location.LocationProviderProxy$1.run(LocationProviderProxy.java:119)
12-14 00:15:52.479 W/Binder  ( 1629): 	at android.os.Handler.handleCallback(Handler.java:789)
12-14 00:15:52.479 W/Binder  ( 1629): 	at android.os.Handler.dispatchMessage(Handler.java:98)
12-14 00:15:52.479 W/Binder  ( 1629): 	at android.os.Looper.loop(Looper.java:164)
12-14 00:15:52.479 W/Binder  ( 1629): 	at android.os.HandlerThread.run(HandlerThread.java:65)
12-14 00:15:52.509 E/adbd    ( 1359): failed to connect to socket 'tcp:7102': Connection refused
12-14 00:15:52.511 W/Icing   ( 2256): No valid account for uploading user actions
12-14 00:15:52.516 E/adbd    ( 1359): failed to connect to socket 'tcp:7102': Connection refused
12-14 00:15:52.543 I/InstrumentationBackend( 3918): Added:'SetPreferences', with key:'set_preferences'
12-14 00:15:52.544 I/InstrumentationBackend( 3918): Added:'ClearPreferences', with key:'clear_preferences'
12-14 00:15:52.546 I/InstrumentationBackend( 3918): Added:'PressElement', with key:'press_l10n_element'
12-14 00:15:52.547 I/InstrumentationBackend( 3918): Added:'WaitForElement', with key:'wait_for_l10n_element'
12-14 00:15:52.548 I/InstrumentationBackend( 3918): Added:'NullAction', with key:'nullAction'
12-14 00:15:52.548 I/InstrumentationBackend( 3918): Added:'PressKey', with key:'press_key'
12-14 00:15:52.549 I/InstrumentationBackend( 3918): Added:'SetActivityOrientation', with key:'set_activity_orientation'
12-14 00:15:52.549 I/InstrumentationBackend( 3918): Added:'GetActivityOrientation', with key:'get_activity_orientation'
12-14 00:15:52.549 I/InstrumentationBackend( 3918): Added:'FakeGPSLocation', with key:'set_gps_coordinates'
12-14 00:15:52.549 I/InstrumentationBackend( 3918): Added:'SetPropertyByCssSelector', with key:'set_property_by_css_selector'
12-14 00:15:52.552 I/Icing   ( 2256): IndexChimeraService.getServiceInterface callingPackage=com.google.android.gms componentName=null serviceId=30
12-14 00:15:52.558 I/InstrumentationBackend( 3918): Added:'GetUrl', with key:'get_url'
12-14 00:15:52.561 I/InstrumentationBackend( 3918): Added:'ScrollTo', with key:'scroll_to'
12-14 00:15:52.561 I/InstrumentationBackend( 3918): Added:'GetLoadProgress', with key:'get_load_progress'
12-14 00:15:52.563 I/InstrumentationBackend( 3918): Added:'DumpHtml', with key:'dump_html'
12-14 00:15:52.563 I/InstrumentationBackend( 3918): Added:'DumpBodyHtml', with key:'dump_body_html'
12-14 00:15:52.564 I/InstrumentationBackend( 3918): Added:'EnterTextByCssSelector', with key:'enter_text_by_selector'
12-14 00:15:52.569 I/InstrumentationBackend( 3918): Added:'AndroidSDKVersion', with key:'android_sdk_version'
12-14 00:15:52.569 I/InstrumentationBackend( 3918): Added:'Version', with key:'version'
12-14 00:15:52.569 I/Icing   ( 2256): Usage reports ok 1, Failed Usage reports 0, indexed 1, rejected 0
12-14 00:15:52.569 I/InstrumentationBackend( 3918): Added:'Drag', with key:'drag'
12-14 00:15:52.570 I/InstrumentationBackend( 3918): Added:'TouchCoordinates', with key:'touch_coordinate'
12-14 00:15:52.570 I/InstrumentationBackend( 3918): Added:'LongPressCoordinate', with key:'long_press_coordinate'
12-14 00:15:52.570 I/InstrumentationBackend( 3918): Added:'DragCoordinates', with key:'drag_coordinates'
12-14 00:15:52.571 I/InstrumentationBackend( 3918): Added:'ResumeApplication', with key:'resume_application'
12-14 00:15:52.571 I/InstrumentationBackend( 3918): Added:'Swipe', with key:'swipe'
12-14 00:15:52.572 I/InstrumentationBackend( 3918): Added:'DoubleTapCoordinate', with key:'double_tap_coordinate'
12-14 00:15:52.572 I/InstrumentationBackend( 3918): Added:'ClickOnScreen', with key:'click_on_screen'
12-14 00:15:52.573 I/InstrumentationBackend( 3918): Added:'GetActivityName', with key:'get_activity_name'
12-14 00:15:52.574 I/InstrumentationBackend( 3918): Added:'ScrollToView', with key:'scroll_to_view'
12-14 00:15:52.575 I/InstrumentationBackend( 3918): Added:'ViewConfiguration', with key:'view_configuration'
12-14 00:15:52.575 I/InstrumentationBackend( 3918): Added:'IsCurrentActivityFocused', with key:'is_current_activity_focused'
12-14 00:15:52.575 I/InstrumentationBackend( 3918): Added:'SendTcp', with key:'send_tcp'
12-14 00:15:52.576 I/InstrumentationBackend( 3918): Added:'DpToDevicePixel', with key:'dp_to_device_pixel'
12-14 00:15:52.576 I/InstrumentationBackend( 3918): Added:'KeyboardEnterText', with key:'keyboard_enter_text'
12-14 00:15:52.577 I/InstrumentationBackend( 3918): Added:'DeleteSurroundingText', with key:'delete_surrounding_text'
12-14 00:15:52.577 I/InstrumentationBackend( 3918): Added:'SetComposingRegion', with key:'set_composing_region'
12-14 00:15:52.577 W/Icing   ( 2256): No valid account for uploading user actions
12-14 00:15:52.577 I/InstrumentationBackend( 3918): Added:'SetSelection', with key:'set_selection'
12-14 00:15:52.578 I/InstrumentationBackend( 3918): Added:'KeyboardKeyEvent', with key:'keyboard_key_event'
12-14 00:15:52.579 I/InstrumentationBackend( 3918): Added:'PressUserActionButton', with key:'press_user_action_button'
12-14 00:15:52.581 I/InstrumentationBackend( 3918): Added:'HideSoftKeyboard', with key:'hide_soft_keyboard'
12-14 00:15:52.583 I/InstrumentationBackend( 3918): Added:'ListActions', with key:'list_actions'
12-14 00:15:52.583 I/Icing   ( 2256): Usage reports ok 0, Failed Usage reports 0, indexed 0, rejected 0
12-14 00:15:52.583 I/calabash( 3918): Instantiating http server at 7102
12-14 00:15:52.584 I/Icing   ( 2256): Indexing com.google.android.gms-apps from com.google.android.gms
12-14 00:15:52.586 I/Icing   ( 2256): Indexing done com.google.android.gms-apps
12-14 00:15:52.588 I/System.out( 3918): HTTP Daemon listening on: 7102
12-14 00:15:52.648 I/System.out( 3918): URI: //ping
12-14 00:15:52.649 I/System.out( 3918): params: {json={}
12-14 00:15:52.649 I/System.out( 3918): }
12-14 00:15:52.664 I/System.out( 3918): URI: //ping
12-14 00:15:52.664 I/System.out( 3918): params: {json={}
12-14 00:15:52.664 I/System.out( 3918): }
12-14 00:15:52.670 D/ConnectivityService( 1629): handleLingerComplete for NetworkAgentInfo [MOBILE (LTE) - 100]
12-14 00:15:52.728 I/System.out( 3918): URI: //ready
12-14 00:15:52.729 I/System.out( 3918): params: {json={}
12-14 00:15:52.730 I/System.out( 3918): }
12-14 00:15:52.755 I/System.out( 3918): URI: //
12-14 00:15:52.756 I/System.out( 3918): params: {json={"command":"version","arguments":[]}
12-14 00:15:52.756 I/System.out( 3918): }
12-14 00:15:52.756 I/System.out( 3918): header: {content-type=application/json;charset=utf-8, date=Mon, 14 Dec 2020 05:15:52 GMT, accept=*/*, host=127.0.0.1:34777, content-length=36, user-agent=HTTPClient/1.0 (2.8.3, ruby 2.5.8 (2020-03-31))}
12-14 00:15:52.756 I/System.out( 3918): params: {json={"command":"version","arguments":[]}
12-14 00:15:52.756 I/System.out( 3918): }
12-14 00:15:52.756 I/System.out( 3918): ProP json = {"command":"version","arguments":[]}
12-14 00:15:52.756 I/System.out( 3918): files: {}
12-14 00:15:52.756 I/System.out( 3918): command: {"command":"version","arguments":[]}
12-14 00:15:52.802 I/InstrumentationBackend( 3918): Got command:'Command:'Line:null,version', arguments:'[]'
12-14 00:15:52.841 I/System.out( 3918): result:{"bonusInformation":[],"message":"0.9.8","success":true}
12-14 00:15:52.847 I/System.out( 3918): URI: //start-application
12-14 00:15:52.847 I/System.out( 3918): params: {json={"intent":null}
12-14 00:15:52.847 I/System.out( 3918): }
12-14 00:15:52.884 I/ActivityManager( 1629): START u0 {act=android.intent.action.MAIN cat=[android.intent.category.LAUNCHER] flg=0x10200000 cmp=com.evancharlton.mileage/.Mileage} from uid 10214
12-14 00:15:52.902 I/calabash( 3918): newActivity1
12-14 00:15:52.905 E/memtrack( 1629): Couldn't load memtrack module
12-14 00:15:52.905 W/android.os.Debug( 1629): failed to get memory consumption info: -1
12-14 00:15:52.919 D/gralloc_ranchu( 1384): gralloc_alloc: Creating ashmem region of size 7753728
12-14 00:15:52.956 W/ActivityManager( 1629): Bad activity token: android.os.BinderProxy@83f4204
12-14 00:15:52.956 W/ActivityManager( 1629): java.lang.ClassCastException: android.os.BinderProxy cannot be cast to com.android.server.am.ActivityRecord$Token
12-14 00:15:52.956 W/ActivityManager( 1629): 	at com.android.server.am.ActivityRecord.forTokenLocked(ActivityRecord.java:778)
12-14 00:15:52.956 W/ActivityManager( 1629): 	at com.android.server.am.ActivityRecord.isInStackLocked(ActivityRecord.java:2085)
12-14 00:15:52.956 W/ActivityManager( 1629): 	at com.android.server.am.ActivityRecord.getStackLocked(ActivityRecord.java:2090)
12-14 00:15:52.956 W/ActivityManager( 1629): 	at com.android.server.am.ActivityManagerService.getActivityDisplayId(ActivityManagerService.java:10406)
12-14 00:15:52.956 W/ActivityManager( 1629): 	at android.app.IActivityManager$Stub.onTransact(IActivityManager.java:2738)
12-14 00:15:52.956 W/ActivityManager( 1629): 	at com.android.server.am.ActivityManagerService.onTransact(ActivityManagerService.java:2935)
12-14 00:15:52.956 W/ActivityManager( 1629): 	at android.os.Binder.execTransact(Binder.java:674)
12-14 00:15:52.958 I/calabash( 3918): newActivity1
12-14 00:15:52.963 D/EGL_emulation( 2189): eglMakeCurrent: 0xa45fde60: ver 3 0 (tinfo 0xa45ff910)
12-14 00:15:52.969 D/EGL_emulation( 2165): eglMakeCurrent: 0xa45fcf00: ver 3 0 (tinfo 0xa45ff5f0)
12-14 00:15:52.974 W/ActivityManager( 1629): Bad activity token: android.os.BinderProxy@83f4204
12-14 00:15:52.974 W/ActivityManager( 1629): java.lang.ClassCastException: android.os.BinderProxy cannot be cast to com.android.server.am.ActivityRecord$Token
12-14 00:15:52.974 W/ActivityManager( 1629): 	at com.android.server.am.ActivityRecord.forTokenLocked(ActivityRecord.java:778)
12-14 00:15:52.974 W/ActivityManager( 1629): 	at com.android.server.am.ActivityRecord.isInStackLocked(ActivityRecord.java:2085)
12-14 00:15:52.974 W/ActivityManager( 1629): 	at com.android.server.am.ActivityManagerService.setTaskDescription(ActivityManagerService.java:9988)
12-14 00:15:52.974 W/ActivityManager( 1629): 	at android.app.IActivityManager$Stub.onTransact(IActivityManager.java:2824)
12-14 00:15:52.974 W/ActivityManager( 1629): 	at com.android.server.am.ActivityManagerService.onTransact(ActivityManagerService.java:2935)
12-14 00:15:52.974 W/ActivityManager( 1629): 	at android.os.Binder.execTransact(Binder.java:674)
