12-14 00:09:58.981 V/StatusBar( 1727): setLightsOn(true)
12-14 00:09:59.014 I/Icing   ( 2110): Usage reports ok 1, Failed Usage reports 0, indexed 0, rejected 0
12-14 00:09:59.018 D/gralloc_ranchu( 1394): gralloc_alloc: Creating ashmem region of size 7753728
12-14 00:09:59.038 W/Icing   ( 2110): No valid account for uploading user actions
12-14 00:09:59.050 D/        ( 3887): HostConnection::get() New Host Connection established 0x99c72780, tid 3887
12-14 00:09:59.059 I/Icing   ( 2110): Usage reports ok 0, Failed Usage reports 0, indexed 0, rejected 0
12-14 00:09:59.062 I/Icing   ( 2110): Indexing com.google.android.gms-apps from com.google.android.gms
12-14 00:09:59.064 I/zygote  ( 3887): Do partial code cache collection, code=41KB, data=43KB
12-14 00:09:59.064 I/zygote  ( 3887): After code cache collection, code=41KB, data=43KB
12-14 00:09:59.064 I/zygote  ( 3887): Increasing code cache capacity to 256KB
12-14 00:09:59.064 I/zygote  ( 3887): JIT allocated 71KB for compiled code of void android.widget.TextView.<init>(android.content.Context, android.util.AttributeSet, int, int)
12-14 00:09:59.064 I/zygote  ( 3887): Compiler allocated 4MB to compile void android.widget.TextView.<init>(android.content.Context, android.util.AttributeSet, int, int)
12-14 00:09:59.065 I/Icing   ( 2110): Indexing done com.google.android.gms-apps
12-14 00:09:59.103 I/zygote  ( 3887): Do full code cache collection, code=122KB, data=68KB
12-14 00:09:59.107 I/zygote  ( 3887): After code cache collection, code=84KB, data=35KB
12-14 00:09:59.110 V/StatusBar( 1727): setLightsOn(true)
12-14 00:09:59.113 V/StatusBar( 1727): setLightsOn(true)
12-14 00:09:59.118 I/ActivityManager( 1628): Displayed com.evancharlton.mileage/.Mileage: +728ms
12-14 00:09:59.126 V/StatusBar( 1727): setLightsOn(true)
12-14 00:09:59.135 D/gralloc_ranchu( 1394): gralloc_alloc: Creating ashmem region of size 7753728
12-14 00:09:59.138 V/StatusBar( 1727): setLightsOn(true)
12-14 00:09:59.229 V/StatusBar( 1727): setLightsOn(true)
12-14 00:09:59.245 W/Nearby  ( 1938): Failed attempt #3 out of 3 for RestoreDeviceName [CONTEXT service_id=49 ]
12-14 00:09:59.245 W/Nearby  ( 1938): java.lang.IllegalStateException: BluetoothAdapter not ready yet!
12-14 00:09:59.245 W/Nearby  ( 1938): 	at alhd.g(:com.google.android.gms@204713022@20.47.13 (040700-344095733):2)
12-14 00:09:59.245 W/Nearby  ( 1938): 	at alhc.run(Unknown Source:0)
12-14 00:09:59.245 W/Nearby  ( 1938): 	at bznt.call(Unknown Source:0)
12-14 00:09:59.245 W/Nearby  ( 1938): 	at bzny.b(:com.google.android.gms@204713022@20.47.13 (040700-344095733):2)
12-14 00:09:59.245 W/Nearby  ( 1938): 	at bzny.a(:com.google.android.gms@204713022@20.47.13 (040700-344095733):0)
12-14 00:09:59.245 W/Nearby  ( 1938): 	at alhb.run(Unknown Source:2)
12-14 00:09:59.245 W/Nearby  ( 1938): 	at java.lang.Thread.run(Thread.java:764)
12-14 00:09:59.245 W/Nearby  ( 1938): 	at tly.run(Unknown Source:5)
12-14 00:09:59.245 W/Nearby  ( 1938): 	at java.util.concurrent.ThreadPoolExecutor.runWorker(ThreadPoolExecutor.java:1162)
12-14 00:09:59.245 W/Nearby  ( 1938): 	at java.util.concurrent.ThreadPoolExecutor$Worker.run(ThreadPoolExecutor.java:636)
12-14 00:09:59.245 W/Nearby  ( 1938): 	at trx.run(:com.google.android.gms@204713022@20.47.13 (040700-344095733):0)
12-14 00:09:59.245 W/Nearby  ( 1938): 	at java.lang.Thread.run(Thread.java:764)
12-14 00:09:59.246 V/StatusBar( 1727): setLightsOn(true)
12-14 00:09:59.312 V/StatusBar( 1727): setLightsOn(true)
12-14 00:09:59.334 W/SurfaceFlinger( 1410): couldn't log to binary event log: overflow.
12-14 00:09:59.334 W/SurfaceFlinger( 1410): couldn't log to binary event log: overflow.
12-14 00:09:59.382 I/System.out( 3887): URI: //map
12-14 00:09:59.382 I/System.out( 3887): params: {json={"query":"android.widget.Button index:2","operation":{"method_name":"query","arguments":[]}}
12-14 00:09:59.382 I/System.out( 3887): }
12-14 00:09:59.421 I/PBSessionCacheImpl( 2217): Deleted sessionId[4070528353068] from persistence.
12-14 00:09:59.477 W/SearchService( 2217): Abort, client detached.
12-14 00:09:59.482 E/WorkerRegistryImpl( 2217): getWorker() is called after WorkerRegistry disposal.
12-14 00:09:59.482 E/WorkerRegistryImpl( 2217): getWorker() is called after WorkerRegistry disposal.
12-14 00:09:59.517 I/System.out( 3887): URI: //gesture
12-14 00:09:59.517 I/System.out( 3887): params: {json={"query_timeout":5.0,"gestures":[{"query_string":"android.widget.Button index:2","touches":[{"x":50,"y":50,"offset_x":0,"offset_y":0,"wait":0.0,"time":0.2,"release":true,"query_string":null}]}]}
12-14 00:09:59.517 I/System.out( 3887): }
12-14 00:09:59.791 I/AudioTrack( 1628): AUDIO_OUTPUT_FLAG_FAST successful; frameCount 4512 -> 4512
12-14 00:09:59.828 I/zygote  ( 3887): Do partial code cache collection, code=124KB, data=66KB
12-14 00:09:59.829 I/zygote  ( 3887): After code cache collection, code=124KB, data=66KB
12-14 00:09:59.829 I/zygote  ( 3887): Increasing code cache capacity to 512KB
12-14 00:09:59.877 V/StatusBar( 1727): setLightsOn(true)
12-14 00:09:59.879 I/chatty  ( 1727): uid=10028(u0_a28) com.android.systemui identical 1 line
12-14 00:09:59.882 V/StatusBar( 1727): setLightsOn(true)
12-14 00:09:59.900 W/View    ( 3887): dispatchProvideAutofillStructure(): not laid out, ignoring
12-14 00:09:59.913 W/Binder  ( 1628): Outgoing transactions from this process must be FLAG_ONEWAY
12-14 00:09:59.913 W/Binder  ( 1628): java.lang.Throwable
12-14 00:09:59.913 W/Binder  ( 1628): 	at android.os.BinderProxy.transact(Binder.java:736)
12-14 00:09:59.913 W/Binder  ( 1628): 	at android.app.assist.AssistStructure$ParcelTransferReader.fetchData(AssistStructure.java:407)
12-14 00:09:59.913 W/Binder  ( 1628): 	at android.app.assist.AssistStructure$ParcelTransferReader.go(AssistStructure.java:343)
12-14 00:09:59.913 W/Binder  ( 1628): 	at android.app.assist.AssistStructure.ensureData(AssistStructure.java:2096)
12-14 00:09:59.913 W/Binder  ( 1628): 	at com.android.server.autofill.Session$1.send(Session.java:200)
12-14 00:09:59.913 W/Binder  ( 1628): 	at com.android.server.am.ActivityManagerService.reportAssistContextExtras(ActivityManagerService.java:13137)
12-14 00:09:59.913 W/Binder  ( 1628): 	at android.app.IActivityManager$Stub.onTransact(IActivityManager.java:2466)
12-14 00:09:59.913 W/Binder  ( 1628): 	at com.android.server.am.ActivityManagerService.onTransact(ActivityManagerService.java:2935)
12-14 00:09:59.913 W/Binder  ( 1628): 	at android.os.Binder.execTransact(Binder.java:674)
12-14 00:09:59.917 I/AssistStructure( 3887): Flattened final assist data: 5024 bytes, containing 2 windows, 19 views
12-14 00:09:59.931 D/gralloc_ranchu( 1394): gralloc_alloc: Creating ashmem region of size 303104
12-14 00:10:00.473 W/AudioFlinger( 1475): write blocked for 552 msecs, 1 delayed writes, thread 0xa7083d00
12-14 00:10:00.474 W/audio_hw_generic( 1387): Not supplying enough data to HAL, expected position 26044 , only wrote 2880
12-14 00:10:00.474 W/audio_hw_generic( 1387): Not supplying enough data to HAL, expected position 2898 , only wrote 2880
12-14 00:10:00.475 W/audio_hw_generic( 1387): Hardware backing HAL too slow, could only write 0 of 720 frames
12-14 00:10:00.479 W/zygote  ( 1938): Verification of void lgq.onFillRequest(android.service.autofill.FillRequest, android.os.CancellationSignal, android.service.autofill.FillCallback) took 547.683ms
12-14 00:10:00.492 W/audio_hw_generic( 1387): Hardware backing HAL too slow, could only write 0 of 720 frames
12-14 00:10:00.503 D/AudioFlinger( 1475): mixer(0xa7083d00) throttle end: throttle time(12)
12-14 00:10:00.520 V/StatusBar( 1727): setLightsOn(true)
12-14 00:10:00.542 V/StatusBar( 1727): setLightsOn(true)
12-14 00:10:00.611 D/gralloc_ranchu( 1394): gralloc_alloc: Creating ashmem region of size 7753728
12-14 00:10:00.641 I/AssistStructure( 1628): Flattened final assist data: 4496 bytes, containing 2 windows, 19 views
12-14 00:10:00.675 W/lgq     ( 1938): Pending fill request while another request in the same session was triggered. [CONTEXT service_id=177 ]
12-14 00:10:00.690 E/SurfaceFlinger( 1410): ro.sf.lcd_density must be defined as a build property
12-14 00:10:00.694 D/PermissionCache( 1410): checking android.permission.READ_FRAME_BUFFER for uid=2000 => granted (2936 us)
12-14 00:10:00.731 D/gralloc_ranchu( 1394): gralloc_alloc: Creating ashmem region of size 8298496
12-14 00:10:00.752 D/        ( 3941): HostConnection::get() New Host Connection established 0xb66af800, tid 3941
12-14 00:10:00.843 V/StatusBar( 1727): setLightsOn(true)
12-14 00:10:00.975 I/zygote  ( 1938): Do full code cache collection, code=597KB, data=369KB
12-14 00:10:00.987 I/zygote  ( 1938): After code cache collection, code=561KB, data=330KB
12-14 00:10:01.010 I/zygote  ( 1938): Background concurrent copying GC freed 95322(5MB) AllocSpace objects, 7(164KB) LOS objects, 44% free, 7MB/13MB, paused 4.378ms total 225.114ms
12-14 00:10:01.154 E/memtrack( 1628): Couldn't load memtrack module
12-14 00:10:01.154 W/android.os.Debug( 1628): failed to get memory consumption info: -1
12-14 00:10:01.172 D/BoundBrokerSvc( 1938): onUnbind: Intent { act=com.google.android.gms.auth.account.workaccount.START cmp=com.google.android.gms/.chimera.PersistentApiService }
