--------- beginning of system
12-14 00:00:44.777 W/ActivityManager( 1626): Finishing task with all activities already finished
12-14 00:00:44.777 W/ActivityManager( 1626): Duplicate finish request for ActivityRecord{513cbb7 u0 com.evancharlton.mileage/.Mileage t278 f}
--------- beginning of main
12-14 00:00:44.780 I/chatty  ( 1731): uid=10028(u0_a28) com.android.systemui expire 2 lines
12-14 00:00:44.787 W/ActivityManager( 1626): Finishing task with all activities already finished
12-14 00:00:44.787 W/ActivityManager( 1626): Duplicate finish request for ActivityRecord{513cbb7 u0 com.evancharlton.mileage/.Mileage t278 f}
12-14 00:00:44.788 W/ActivityManager( 1626): Finishing task with all activities already finished
12-14 00:00:44.788 W/ActivityManager( 1626): Duplicate finish request for ActivityRecord{513cbb7 u0 com.evancharlton.mileage/.Mileage t278 f}
12-14 00:00:44.788 W/ActivityManager( 1626): Finishing task with all activities already finished
12-14 00:00:44.788 W/ActivityManager( 1626): Duplicate finish request for ActivityRecord{513cbb7 u0 com.evancharlton.mileage/.Mileage t278 f}
12-14 00:00:44.789 W/ActivityManager( 1626): Finishing task with all activities already finished
12-14 00:00:44.789 W/ActivityManager( 1626): Duplicate finish request for ActivityRecord{513cbb7 u0 com.evancharlton.mileage/.Mileage t278 f}
12-14 00:00:44.789 W/ActivityManager( 1626): Finishing task with all activities already finished
12-14 00:00:44.789 W/ActivityManager( 1626): Duplicate finish request for ActivityRecord{513cbb7 u0 com.evancharlton.mileage/.Mileage t278 f}
12-14 00:00:44.789 W/ActivityManager( 1626): Finishing task with all activities already finished
12-14 00:00:44.789 W/ActivityManager( 1626): Duplicate finish request for ActivityRecord{513cbb7 u0 com.evancharlton.mileage/.Mileage t278 f}
12-14 00:00:44.797 V/StatusBar( 1731): setLightsOn(true)
12-14 00:00:44.798 D/gralloc_ranchu( 1394): gralloc_alloc: Creating ashmem region of size 8298496
12-14 00:00:44.806 W/ActivityManager( 1626): Finishing task with all activities already finished
12-14 00:00:44.806 W/ActivityManager( 1626): Duplicate finish request for ActivityRecord{513cbb7 u0 com.evancharlton.mileage/.Mileage t278 f}
12-14 00:00:44.811 W/ActivityManager( 1626): Finishing task with all activities already finished
12-14 00:00:44.811 W/ActivityManager( 1626): Duplicate finish request for ActivityRecord{513cbb7 u0 com.evancharlton.mileage/.Mileage t278 f}
12-14 00:00:44.814 W/audio_hw_generic( 1388): Not supplying enough data to HAL, expected position 839795 , only wrote 598320
12-14 00:00:44.816 W/ActivityManager( 1626): Finishing task with all activities already finished
12-14 00:00:44.816 W/ActivityManager( 1626): Duplicate finish request for ActivityRecord{513cbb7 u0 com.evancharlton.mileage/.Mileage t278 f}
12-14 00:00:44.819 I/NetworkScheduler.Stats( 1943): Task com.google.android.gms/com.google.android.gms.icing.service.IcingGcmTaskService started execution. cause:4 exec_start_elapsed_seconds: 88 [CONTEXT service_id=218 ]
12-14 00:00:44.820 W/ActivityManager( 1626): Finishing task with all activities already finished
12-14 00:00:44.820 W/ActivityManager( 1626): Duplicate finish request for ActivityRecord{513cbb7 u0 com.evancharlton.mileage/.Mileage t278 f}
12-14 00:00:44.831 D/gralloc_ranchu( 1394): gralloc_alloc: Creating ashmem region of size 8298496
12-14 00:00:44.832 D/SurfaceFlinger( 1411): duplicate layer name: changing com.google.android.apps.nexuslauncher/com.google.android.apps.nexuslauncher.NexusLauncherActivity to com.google.android.apps.nexuslauncher/com.google.android.apps.nexuslauncher.NexusLauncherActivity#1
12-14 00:00:44.854 D/gralloc_ranchu( 1394): gralloc_alloc: Creating ashmem region of size 8298496
12-14 00:00:44.958 D/EGL_emulation( 1731): eglMakeCurrent: 0x8f259580: ver 3 0 (tinfo 0x8f21bdf0)
12-14 00:00:44.975 E/hw-IPCThreadState( 1394): binder thread pool (1 threads) starved for 120 ms
12-14 00:00:44.976 D/gralloc_ranchu( 1394): gralloc_alloc: Creating ashmem region of size 8298496
12-14 00:00:45.057 I/chatty  ( 1394): uid=1000(system) allocator@2.0-s identical 1 line
12-14 00:00:45.068 D/gralloc_ranchu( 1394): gralloc_alloc: Creating ashmem region of size 8298496
12-14 00:00:45.069 E/IPCThreadState( 1411): binder thread pool (4 threads) starved for 214 ms
12-14 00:00:45.140 D/gralloc_ranchu( 1394): gralloc_alloc: Creating ashmem region of size 8298496
12-14 00:00:45.196 I/NetworkScheduler.Stats( 1943): Task com.google.android.gms/com.google.android.gms.ads.social.GcmSchedulerWakeupService started execution. cause:4 exec_start_elapsed_seconds: 89 [CONTEXT service_id=218 ]
12-14 00:00:45.212 D/gralloc_ranchu( 1394): gralloc_alloc: Creating ashmem region of size 8298496
12-14 00:00:45.246 I/NetworkScheduler.Stats( 1943): Task com.google.android.gms/com.google.android.gms.icing.service.IcingGcmTaskService finished executing. cause:4 result: 1 elapsed_millis: 522 uptime_millis: 522 exec_start_elapsed_seconds: 88 [CONTEXT service_id=218 ]
12-14 00:00:45.261 I/NetworkScheduler.Stats( 1943): Task com.google.android.gms/com.google.android.gms.ads.social.GcmSchedulerWakeupService finished executing. cause:4 result: 1 elapsed_millis: 236 uptime_millis: 236 exec_start_elapsed_seconds: 89 [CONTEXT service_id=218 ]
12-14 00:00:45.313 D/EGL_emulation( 2159): eglMakeCurrent: 0xa2885a80: ver 3 0 (tinfo 0xa2883790)
12-14 00:00:45.322 D/gralloc_ranchu( 1394): gralloc_alloc: Creating ashmem region of size 8298496
12-14 00:00:45.383 I/Finsky:download_service( 2693): [126] nmi.run(36): Stats for Executor: bgExecutor non@73b3f4e[Running, pool size = 0, active threads = 0, queued tasks = 0, completed tasks = 0]
12-14 00:00:45.412 D/EGL_emulation( 2126): eglMakeCurrent: 0xa2885a80: ver 3 0 (tinfo 0xa2883860)
12-14 00:00:45.426 D/gralloc_ranchu( 1394): gralloc_alloc: Creating ashmem region of size 8298496
12-14 00:00:45.521 W/ActivityManager( 1626): Unable to start service Intent { act=com.google.android.gms.speech.service.START pkg=com.google.android.gms } U=0: not found
12-14 00:00:45.522 W/SessionLifecycleManager( 2159): Handover failed. Creating new session controller.
12-14 00:00:45.530 I/OptInState( 2159): There is a new client and it does not support opt-in. Dropping request.
12-14 00:00:45.543 D/gralloc_ranchu( 1394): gralloc_alloc: Creating ashmem region of size 7753728
12-14 00:00:45.651 E/hw-IPCThreadState( 1394): binder thread pool (1 threads) starved for 108 ms
12-14 00:00:45.659 E/hw-IPCThreadState( 1411): binder thread pool (1 threads) starved for 116 ms
12-14 00:00:45.696 W/ActivityManager( 1626): Unbind failed: could not find connection for android.os.BinderProxy@668d71a
12-14 00:00:45.701 E/GmsClient( 2159): unable to connect to service: com.google.android.gms.speech.service.START on com.google.android.gms
12-14 00:00:45.706 W/OpenGLRenderer( 2126): Incorrectly called buildLayer on View: ShortcutAndWidgetContainer, destroying layer...
12-14 00:00:45.725 D/gralloc_ranchu( 1394): gralloc_alloc: Creating ashmem region of size 8298496
12-14 00:00:45.749 I/zygote  ( 2159): Do full code cache collection, code=506KB, data=357KB
12-14 00:00:45.752 I/zygote  ( 2159): After code cache collection, code=497KB, data=312KB
12-14 00:00:45.801 I/MicroDetectionWorker( 2159): #updateMicroDetector [detectionMode: [mDetectionMode: [1]]]
12-14 00:00:45.801 I/MicroDetectionWorker( 2159): #startMicroDetector [speakerMode: 0]
12-14 00:00:45.803 I/AudioController( 2159): Using mInputStreamFactoryBuilder
12-14 00:00:45.808 D/EGL_emulation( 1731): eglMakeCurrent: 0x8f259580: ver 3 0 (tinfo 0x8f21bdf0)
12-14 00:00:45.818 I/MicroRecognitionRunner( 2159): Starting detection.
12-14 00:00:45.820 I/MicrophoneInputStream( 2159): mic_starting com.google.android.apps.gsa.staticplugins.aa.c@26c0053
12-14 00:00:45.821 I/NetworkScheduler.Stats( 1943): Task com.google.android.gms/com.google.android.gms.clearcut.uploader.QosUploaderService started execution. cause:5 exec_start_elapsed_seconds: 89 [CONTEXT service_id=218 ]
12-14 00:00:45.829 I/AudioFlinger( 1474): AudioFlinger's thread 0xa8c03c80 tid=4522 ready to run
12-14 00:00:45.840 D/EGL_emulation( 1731): eglMakeCurrent: 0x8f259580: ver 3 0 (tinfo 0x8f21bdf0)
12-14 00:00:45.845 D/EGL_emulation( 1731): eglMakeCurrent: 0x8f259580: ver 3 0 (tinfo 0x8f21bdf0)
12-14 00:00:45.848 I/MicroDetectionWorker( 2159): onReady
12-14 00:00:45.852 I/MicrophoneInputStream( 2159): mic_started com.google.android.apps.gsa.staticplugins.aa.c@26c0053
12-14 00:00:45.854 E/ActivityThread( 2159): Failed to find provider info for com.google.android.apps.gsa.testing.ui.audio.recorded
12-14 00:00:45.856 D/EGL_emulation( 1731): eglMakeCurrent: 0x8f259580: ver 3 0 (tinfo 0x8f21bdf0)
12-14 00:00:45.863 I/MicrophoneInputStream( 2159): mic_close com.google.android.apps.gsa.staticplugins.aa.c@26c0053
12-14 00:00:45.865 I/MicroRecognitionRunner( 2159): Detection finished
12-14 00:00:45.866 W/ErrorReporter( 2159): reportError [type: 211, code: 524300]: Error reading from input stream
12-14 00:00:45.866 I/MicroDetectionWorker( 2159): onReady
12-14 00:00:45.867 W/ErrorProcessor( 2159): onFatalError, processing error from engine(4)
12-14 00:00:45.867 W/ErrorProcessor( 2159): com.google.android.apps.gsa.shared.speech.b.g: Error reading from input stream
12-14 00:00:45.867 W/ErrorProcessor( 2159): 	at com.google.android.apps.gsa.staticplugins.recognizer.j.a.a(SourceFile:28)
12-14 00:00:45.867 W/ErrorProcessor( 2159): 	at com.google.android.apps.gsa.staticplugins.recognizer.j.b.run(SourceFile:15)
12-14 00:00:45.867 W/ErrorProcessor( 2159): 	at java.util.concurrent.Executors$RunnableAdapter.call(Executors.java:457)
12-14 00:00:45.867 W/ErrorProcessor( 2159): 	at java.util.concurrent.FutureTask.run(FutureTask.java:266)
12-14 00:00:45.867 W/ErrorProcessor( 2159): 	at com.google.android.apps.gsa.shared.util.concurrent.a.ax.run(SourceFile:14)
12-14 00:00:45.867 W/ErrorProcessor( 2159): 	at com.google.android.apps.gsa.shared.util.concurrent.a.bl.run(SourceFile:4)
12-14 00:00:45.867 W/ErrorProcessor( 2159): 	at com.google.android.apps.gsa.shared.util.concurrent.a.bl.run(SourceFile:4)
12-14 00:00:45.867 W/ErrorProcessor( 2159): 	at java.util.concurrent.ThreadPoolExecutor.runWorker(ThreadPoolExecutor.java:1162)
12-14 00:00:45.867 W/ErrorProcessor( 2159): 	at java.util.concurrent.ThreadPoolExecutor$Worker.run(ThreadPoolExecutor.java:636)
12-14 00:00:45.867 W/ErrorProcessor( 2159): 	at java.lang.Thread.run(Thread.java:764)
12-14 00:00:45.867 W/ErrorProcessor( 2159): 	at com.google.android.apps.gsa.shared.util.concurrent.a.ai.run(SourceFile:6)
12-14 00:00:45.867 W/ErrorProcessor( 2159): Caused by: com.google.android.apps.gsa.shared.exception.GsaIOException: Error code: 393238 | Buffer overflow, no available space.
12-14 00:00:45.867 W/ErrorProcessor( 2159): 	at com.google.android.apps.gsa.speech.audio.Tee.f(SourceFile:103)
12-14 00:00:45.867 W/ErrorProcessor( 2159): 	at com.google.android.apps.gsa.speech.audio.au.read(SourceFile:2)
12-14 00:00:45.867 W/ErrorProcessor( 2159): 	at java.io.InputStream.read(InputStream.java:101)
12-14 00:00:45.867 W/ErrorProcessor( 2159): 	at com.google.android.apps.gsa.speech.audio.ao.run(SourceFile:18)
12-14 00:00:45.867 W/ErrorProcessor( 2159): 	at com.google.android.apps.gsa.speech.audio.an.run(SourceFile:2)
12-14 00:00:45.867 W/ErrorProcessor( 2159): 	... 9 more
12-14 00:00:45.867 I/AudioController( 2159): internalShutdown
12-14 00:00:45.869 I/MicroRecognitionRunner( 2159): Stopping hotword detection.
12-14 00:00:45.870 D/EGL_emulation( 1731): eglMakeCurrent: 0x8f259580: ver 3 0 (tinfo 0x8f21bdf0)
12-14 00:00:45.924 I/chatty  ( 1731): uid=10028(u0_a28) RenderThread identical 5 lines
12-14 00:00:45.933 D/EGL_emulation( 1731): eglMakeCurrent: 0x8f259580: ver 3 0 (tinfo 0x8f21bdf0)
12-14 00:00:45.944 I/zygote  ( 1731): NativeAllocBackground concurrent copying GC freed 11298(776KB) AllocSpace objects, 0(0B) LOS objects, 49% free, 4MB/9MB, paused 1.294ms total 131.117ms
12-14 00:00:45.949 I/MicroDetector( 2159): Keeping mic open: false
12-14 00:00:45.949 I/MicroDetectionWorker( 2159): #onError(false)
12-14 00:00:45.950 I/DeviceStateChecker( 2159): DeviceStateChecker cancelled
12-14 00:00:45.951 D/EGL_emulation( 1731): eglMakeCurrent: 0x8f259580: ver 3 0 (tinfo 0x8f21bdf0)
12-14 00:00:45.977 I/chatty  ( 1731): uid=10028(u0_a28) RenderThread identical 1 line
12-14 00:00:45.983 D/EGL_emulation( 1731): eglMakeCurrent: 0x8f259580: ver 3 0 (tinfo 0x8f21bdf0)
12-14 00:00:45.983 I/zygote  ( 2159): Background concurrent copying GC freed 7314(517KB) AllocSpace objects, 7(188KB) LOS objects, 49% free, 4MB/9MB, paused 12.055ms total 154.106ms
12-14 00:00:45.991 D/EGL_emulation( 1731): eglMakeCurrent: 0x8f259580: ver 3 0 (tinfo 0x8f21bdf0)
12-14 00:00:46.022 I/chatty  ( 1731): uid=10028(u0_a28) RenderThread identical 3 lines
12-14 00:00:46.026 D/EGL_emulation( 1731): eglMakeCurrent: 0x8f259580: ver 3 0 (tinfo 0x8f21bdf0)
12-14 00:00:46.028 I/NetworkScheduler.Stats( 1943): Task com.google.android.gms/com.google.android.gms.clearcut.uploader.QosUploaderService finished executing. cause:5 result: 1 elapsed_millis: 582 uptime_millis: 582 exec_start_elapsed_seconds: 89 [CONTEXT service_id=218 ]
12-14 00:00:46.110 I/OpenGLRenderer( 1626): Initialized EGL, version 1.4
12-14 00:00:46.110 D/OpenGLRenderer( 1626): Swap behavior 1
12-14 00:00:46.111 W/OpenGLRenderer( 1626): Failed to choose config with EGL_SWAP_BEHAVIOR_PRESERVED, retrying without...
12-14 00:00:46.111 D/OpenGLRenderer( 1626): Swap behavior 0
12-14 00:00:46.116 D/AndroidRuntime( 4516): >>>>>> START com.android.internal.os.RuntimeInit uid 2000 <<<<<<
12-14 00:00:46.118 D/EGL_emulation( 1626): eglCreateContext: 0x9fd6ff40: maj 3 min 0 rcv 3
12-14 00:00:46.121 D/EGL_emulation( 1626): eglMakeCurrent: 0x9fd6ff40: ver 3 0 (tinfo 0x91ad8d10)
12-14 00:00:46.123 E/eglCodecCommon( 1626): glUtilsParamSize: unknow param 0x00008cdf
12-14 00:00:46.123 E/eglCodecCommon( 1626): glUtilsParamSize: unknow param 0x00008cdf
12-14 00:00:46.123 E/eglCodecCommon( 1626): glUtilsParamSize: unknow param 0x00008824
12-14 00:00:46.124 E/eglCodecCommon( 1626): glUtilsParamSize: unknow param 0x00008824
12-14 00:00:46.181 W/app_process( 4516): Unexpected CPU variant for X86 using defaults: x86
12-14 00:00:46.199 D/AndroidRuntime( 4516): Calling main entry com.android.commands.am.Am
12-14 00:00:46.202 I/ActivityManager( 1626): Force stopping com.evancharlton.mileage appid=10198 user=0: start instr
12-14 00:00:46.202 I/ActivityManager( 1626): Killing 4429:com.evancharlton.mileage/u0a198 (adj 0): stop com.evancharlton.mileage
12-14 00:00:46.202 W/ActivityManager( 1626): Crash of app com.evancharlton.mileage running instrumentation ComponentInfo{com.evancharlton.mileage.test/sh.calaba.instrumentationbackend.CalabashInstrumentationTestRunner}
12-14 00:00:46.202 I/ActivityManager( 1626): Force stopping com.evancharlton.mileage appid=10198 user=0: finished inst
12-14 00:00:46.218 I/zygote  ( 4532): Not late-enabling -Xcheck:jni (already on)
12-14 00:00:46.222 I/ActivityManager( 1626): Start proc 4532:com.evancharlton.mileage/u0a198 for added application com.evancharlton.mileage
12-14 00:00:46.222 D/AndroidRuntime( 4516): Shutting down VM
12-14 00:00:46.225 W/ActivityManager( 1626): setHasOverlayUi called on unknown pid: 4429
12-14 00:00:46.235 W/zygote  ( 4532): Unexpected CPU variant for X86 using defaults: x86
12-14 00:00:46.258 E/adbd    ( 1383): failed to connect to socket 'tcp:7102': Connection refused
12-14 00:00:46.261 E/adbd    ( 1383): failed to connect to socket 'tcp:7102': Connection refused
12-14 00:00:46.263 W/zygote  ( 4532): Found duplicate classes, falling back to extracting from APK : /data/app/com.evancharlton.mileage.test-1bxHrrJKC4SbOC9lZMhhJw==/base.apk
12-14 00:00:46.263 W/zygote  ( 4532): NOTE: This wastes RAM and hurts startup performance.
12-14 00:00:46.263 W/zygote  ( 4532): Found duplicated class when checking oat files: 'Ljunit/runner/BaseTestRunner;' in /data/app/com.evancharlton.mileage.test-1bxHrrJKC4SbOC9lZMhhJw==/base.apk and /system/framework/android.test.runner.jar
12-14 00:00:46.263 W/zygote  ( 4532): 
12-14 00:00:46.303 W/System  ( 4532): ClassLoader referenced unknown path: 
12-14 00:00:46.318 I/System.out( 4532): Main activity name automatically set to: com.evancharlton.mileage.Mileage
12-14 00:00:46.320 I/System.out( 4532): Calabash did not load Mono. This is only a problem if you are trying to test a Mono application
12-14 00:00:46.321 I/calabash( 4532): Test server port: 7102
12-14 00:00:46.322 I/InstrumentationBackend( 4532): Added:'GetPreferences', with key:'get_preferences'
12-14 00:00:46.375 E/adbd    ( 1383): failed to connect to socket 'tcp:7102': Connection refused
12-14 00:00:46.386 E/adbd    ( 1383): failed to connect to socket 'tcp:7102': Connection refused
12-14 00:00:46.397 I/InstrumentationBackend( 4532): Added:'SetPreferences', with key:'set_preferences'
12-14 00:00:46.397 I/InstrumentationBackend( 4532): Added:'ClearPreferences', with key:'clear_preferences'
12-14 00:00:46.397 I/InstrumentationBackend( 4532): Added:'PressElement', with key:'press_l10n_element'
12-14 00:00:46.398 I/InstrumentationBackend( 4532): Added:'WaitForElement', with key:'wait_for_l10n_element'
12-14 00:00:46.398 I/InstrumentationBackend( 4532): Added:'NullAction', with key:'nullAction'
12-14 00:00:46.399 I/InstrumentationBackend( 4532): Added:'PressKey', with key:'press_key'
12-14 00:00:46.400 I/InstrumentationBackend( 4532): Added:'SetActivityOrientation', with key:'set_activity_orientation'
12-14 00:00:46.401 I/InstrumentationBackend( 4532): Added:'GetActivityOrientation', with key:'get_activity_orientation'
12-14 00:00:46.402 I/InstrumentationBackend( 4532): Added:'FakeGPSLocation', with key:'set_gps_coordinates'
12-14 00:00:46.402 I/InstrumentationBackend( 4532): Added:'SetPropertyByCssSelector', with key:'set_property_by_css_selector'
12-14 00:00:46.403 I/InstrumentationBackend( 4532): Added:'GetUrl', with key:'get_url'
12-14 00:00:46.406 I/InstrumentationBackend( 4532): Added:'ScrollTo', with key:'scroll_to'
12-14 00:00:46.406 I/InstrumentationBackend( 4532): Added:'GetLoadProgress', with key:'get_load_progress'
12-14 00:00:46.407 I/InstrumentationBackend( 4532): Added:'DumpHtml', with key:'dump_html'
12-14 00:00:46.407 I/InstrumentationBackend( 4532): Added:'DumpBodyHtml', with key:'dump_body_html'
12-14 00:00:46.407 I/InstrumentationBackend( 4532): Added:'EnterTextByCssSelector', with key:'enter_text_by_selector'
12-14 00:00:46.412 I/InstrumentationBackend( 4532): Added:'AndroidSDKVersion', with key:'android_sdk_version'
12-14 00:00:46.412 I/InstrumentationBackend( 4532): Added:'Version', with key:'version'
12-14 00:00:46.412 I/InstrumentationBackend( 4532): Added:'Drag', with key:'drag'
12-14 00:00:46.412 I/InstrumentationBackend( 4532): Added:'TouchCoordinates', with key:'touch_coordinate'
12-14 00:00:46.413 I/InstrumentationBackend( 4532): Added:'LongPressCoordinate', with key:'long_press_coordinate'
12-14 00:00:46.413 I/InstrumentationBackend( 4532): Added:'DragCoordinates', with key:'drag_coordinates'
12-14 00:00:46.413 I/InstrumentationBackend( 4532): Added:'ResumeApplication', with key:'resume_application'
12-14 00:00:46.414 I/InstrumentationBackend( 4532): Added:'Swipe', with key:'swipe'
12-14 00:00:46.414 I/InstrumentationBackend( 4532): Added:'DoubleTapCoordinate', with key:'double_tap_coordinate'
12-14 00:00:46.414 I/InstrumentationBackend( 4532): Added:'ClickOnScreen', with key:'click_on_screen'
12-14 00:00:46.415 I/InstrumentationBackend( 4532): Added:'GetActivityName', with key:'get_activity_name'
12-14 00:00:46.415 I/InstrumentationBackend( 4532): Added:'ScrollToView', with key:'scroll_to_view'
12-14 00:00:46.417 I/InstrumentationBackend( 4532): Added:'ViewConfiguration', with key:'view_configuration'
12-14 00:00:46.418 I/InstrumentationBackend( 4532): Added:'IsCurrentActivityFocused', with key:'is_current_activity_focused'
12-14 00:00:46.418 I/InstrumentationBackend( 4532): Added:'SendTcp', with key:'send_tcp'
12-14 00:00:46.419 I/InstrumentationBackend( 4532): Added:'DpToDevicePixel', with key:'dp_to_device_pixel'
12-14 00:00:46.420 I/InstrumentationBackend( 4532): Added:'KeyboardEnterText', with key:'keyboard_enter_text'
12-14 00:00:46.421 I/InstrumentationBackend( 4532): Added:'DeleteSurroundingText', with key:'delete_surrounding_text'
12-14 00:00:46.421 I/InstrumentationBackend( 4532): Added:'SetComposingRegion', with key:'set_composing_region'
12-14 00:00:46.422 I/InstrumentationBackend( 4532): Added:'SetSelection', with key:'set_selection'
12-14 00:00:46.422 I/InstrumentationBackend( 4532): Added:'KeyboardKeyEvent', with key:'keyboard_key_event'
12-14 00:00:46.422 I/InstrumentationBackend( 4532): Added:'PressUserActionButton', with key:'press_user_action_button'
12-14 00:00:46.423 I/InstrumentationBackend( 4532): Added:'HideSoftKeyboard', with key:'hide_soft_keyboard'
12-14 00:00:46.424 I/InstrumentationBackend( 4532): Added:'ListActions', with key:'list_actions'
12-14 00:00:46.425 I/calabash( 4532): Instantiating http server at 7102
12-14 00:00:46.425 I/System.out( 4532): HTTP Daemon listening on: 7102
12-14 00:00:46.524 I/System.out( 4532): URI: //ping
12-14 00:00:46.524 I/System.out( 4532): params: {json={}
12-14 00:00:46.524 I/System.out( 4532): }
12-14 00:00:46.541 I/System.out( 4532): URI: //ping
12-14 00:00:46.541 I/System.out( 4532): params: {json={}
12-14 00:00:46.541 I/System.out( 4532): }
12-14 00:00:46.550 I/System.out( 4532): URI: //ready
12-14 00:00:46.551 I/System.out( 4532): params: {json={}
12-14 00:00:46.551 I/System.out( 4532): }
12-14 00:00:46.562 I/System.out( 4532): URI: //
12-14 00:00:46.562 I/System.out( 4532): params: {json={"command":"version","arguments":[]}
12-14 00:00:46.562 I/System.out( 4532): }
12-14 00:00:46.562 I/System.out( 4532): header: {content-type=application/json;charset=utf-8, date=Mon, 14 Dec 2020 05:00:47 GMT, accept=*/*, host=127.0.0.1:34777, content-length=36, user-agent=HTTPClient/1.0 (2.8.3, ruby 2.5.8 (2020-03-31))}
12-14 00:00:46.562 I/System.out( 4532): params: {json={"command":"version","arguments":[]}
12-14 00:00:46.562 I/System.out( 4532): }
12-14 00:00:46.562 I/System.out( 4532): ProP json = {"command":"version","arguments":[]}
12-14 00:00:46.562 I/System.out( 4532): files: {}
12-14 00:00:46.562 I/System.out( 4532): command: {"command":"version","arguments":[]}
12-14 00:00:46.592 I/InstrumentationBackend( 4532): Got command:'Command:'Line:null,version', arguments:'[]'
12-14 00:00:46.624 I/System.out( 4532): result:{"bonusInformation":[],"message":"0.9.8","success":true}
12-14 00:00:46.631 I/System.out( 4532): URI: //start-application
12-14 00:00:46.631 I/System.out( 4532): params: {json={"intent":null}
12-14 00:00:46.631 I/System.out( 4532): }
12-14 00:00:46.673 I/ActivityManager( 1626): START u0 {act=android.intent.action.MAIN cat=[android.intent.category.LAUNCHER] flg=0x10200000 cmp=com.evancharlton.mileage/.Mileage} from uid 10198
12-14 00:00:46.695 I/calabash( 4532): newActivity1
12-14 00:00:46.703 D/gralloc_ranchu( 1394): gralloc_alloc: Creating ashmem region of size 7753728
12-14 00:00:46.742 W/ActivityManager( 1626): Bad activity token: android.os.BinderProxy@9125922
12-14 00:00:46.742 W/ActivityManager( 1626): java.lang.ClassCastException: android.os.BinderProxy cannot be cast to com.android.server.am.ActivityRecord$Token
12-14 00:00:46.742 W/ActivityManager( 1626): 	at com.android.server.am.ActivityRecord.forTokenLocked(ActivityRecord.java:778)
12-14 00:00:46.742 W/ActivityManager( 1626): 	at com.android.server.am.ActivityRecord.isInStackLocked(ActivityRecord.java:2085)
12-14 00:00:46.742 W/ActivityManager( 1626): 	at com.android.server.am.ActivityRecord.getStackLocked(ActivityRecord.java:2090)
12-14 00:00:46.742 W/ActivityManager( 1626): 	at com.android.server.am.ActivityManagerService.getActivityDisplayId(ActivityManagerService.java:10406)
12-14 00:00:46.742 W/ActivityManager( 1626): 	at android.app.IActivityManager$Stub.onTransact(IActivityManager.java:2738)
12-14 00:00:46.742 W/ActivityManager( 1626): 	at com.android.server.am.ActivityManagerService.onTransact(ActivityManagerService.java:2935)
12-14 00:00:46.742 W/ActivityManager( 1626): 	at android.os.Binder.execTransact(Binder.java:674)
12-14 00:00:46.744 I/calabash( 4532): newActivity1
12-14 00:00:46.751 W/ActivityManager( 1626): Bad activity token: android.os.BinderProxy@9125922
12-14 00:00:46.751 W/ActivityManager( 1626): java.lang.ClassCastException: android.os.BinderProxy cannot be cast to com.android.server.am.ActivityRecord$Token
12-14 00:00:46.751 W/ActivityManager( 1626): 	at com.android.server.am.ActivityRecord.forTokenLocked(ActivityRecord.java:778)
12-14 00:00:46.751 W/ActivityManager( 1626): 	at com.android.server.am.ActivityRecord.isInStackLocked(ActivityRecord.java:2085)
12-14 00:00:46.751 W/ActivityManager( 1626): 	at com.android.server.am.ActivityManagerService.setTaskDescription(ActivityManagerService.java:9988)
12-14 00:00:46.751 W/ActivityManager( 1626): 	at android.app.IActivityManager$Stub.onTransact(IActivityManager.java:2824)
12-14 00:00:46.751 W/ActivityManager( 1626): 	at com.android.server.am.ActivityManagerService.onTransact(ActivityManagerService.java:2935)
12-14 00:00:46.751 W/ActivityManager( 1626): 	at android.os.Binder.execTransact(Binder.java:674)
12-14 00:00:46.751 W/ActivityManager( 1626): Bad activity token: android.os.BinderProxy@9125922
12-14 00:00:46.751 W/ActivityManager( 1626): java.lang.ClassCastException: android.os.BinderProxy cannot be cast to com.android.server.am.ActivityRecord$Token
12-14 00:00:46.751 W/ActivityManager( 1626): 	at com.android.server.am.ActivityRecord.forTokenLocked(ActivityRecord.java:778)
12-14 00:00:46.751 W/ActivityManager( 1626): 	at com.android.server.am.ActivityRecord.isInStackLocked(ActivityRecord.java:2085)
12-14 00:00:46.751 W/ActivityManager( 1626): 	at com.android.server.am.ActivityRecord.getStackLocked(ActivityRecord.java:2090)
12-14 00:00:46.751 W/ActivityManager( 1626): 	at com.android.server.am.ActivityManagerService.getActivityStackId(ActivityManagerService.java:10417)
12-14 00:00:46.751 W/ActivityManager( 1626): 	at android.app.IActivityManager$Stub.onTransact(IActivityManager.java:3548)
12-14 00:00:46.751 W/ActivityManager( 1626): 	at com.android.server.am.ActivityManagerService.onTransact(ActivityManagerService.java:2935)
12-14 00:00:46.751 W/ActivityManager( 1626): 	at android.os.Binder.execTransact(Binder.java:674)
12-14 00:00:46.754 D/EGL_emulation( 2159): eglMakeCurrent: 0xa2885a80: ver 3 0 (tinfo 0xa2883790)
12-14 00:00:46.766 D/EGL_emulation( 2126): eglMakeCurrent: 0xa2885a80: ver 3 0 (tinfo 0xa2883860)
12-14 00:00:46.785 D/EGL_emulation( 1731): eglMakeCurrent: 0x8f259580: ver 3 0 (tinfo 0x8f21bdf0)
12-14 00:00:46.809 E/ContentStoreEUAS( 2159): Failed to commit the deferred actions
12-14 00:00:46.812 D/EGL_emulation( 1731): eglMakeCurrent: 0x8f259580: ver 3 0 (tinfo 0x8f21bdf0)
12-14 00:00:46.819 D/EGL_emulation( 1731): eglMakeCurrent: 0x8f259580: ver 3 0 (tinfo 0x8f21bdf0)
12-14 00:00:46.819 V/StatusBar( 1731): setLightsOn(true)
12-14 00:00:46.829 D/EGL_emulation( 1731): eglMakeCurrent: 0x8f259580: ver 3 0 (tinfo 0x8f21bdf0)
12-14 00:00:46.950 W/ActivityManager( 1626): Bad activity token: android.os.BinderProxy@9125922
12-14 00:00:46.950 W/ActivityManager( 1626): java.lang.ClassCastException: android.os.BinderProxy cannot be cast to com.android.server.am.ActivityRecord$Token
12-14 00:00:46.950 W/ActivityManager( 1626): 	at com.android.server.am.ActivityRecord.forTokenLocked(ActivityRecord.java:778)
12-14 00:00:46.950 W/ActivityManager( 1626): 	at com.android.server.am.ActivityRecord.isInStackLocked(ActivityRecord.java:2085)
12-14 00:00:46.950 W/ActivityManager( 1626): 	at com.android.server.am.ActivityManagerService.getActivityOptions(ActivityManagerService.java:13302)
12-14 00:00:46.950 W/ActivityManager( 1626): 	at android.app.IActivityManager$Stub.onTransact(IActivityManager.java:2910)
12-14 00:00:46.950 W/ActivityManager( 1626): 	at com.android.server.am.ActivityManagerService.onTransact(ActivityManagerService.java:2935)
12-14 00:00:46.950 W/ActivityManager( 1626): 	at android.os.Binder.execTransact(Binder.java:674)
12-14 00:00:46.951 W/ActivityManager( 1626): Bad activity token: android.os.BinderProxy@9125922
12-14 00:00:46.951 W/ActivityManager( 1626): java.lang.ClassCastException: android.os.BinderProxy cannot be cast to com.android.server.am.ActivityRecord$Token
12-14 00:00:46.951 W/ActivityManager( 1626): 	at com.android.server.am.ActivityRecord.forTokenLocked(ActivityRecord.java:778)
12-14 00:00:46.951 W/ActivityManager( 1626): 	at com.android.server.am.ActivityRecord.isInStackLocked(ActivityRecord.java:2085)
12-14 00:00:46.951 W/ActivityManager( 1626): 	at com.android.server.am.ActivityManagerService.getActivityOptions(ActivityManagerService.java:13302)
12-14 00:00:46.951 W/ActivityManager( 1626): 	at android.app.IActivityManager$Stub.onTransact(IActivityManager.java:2910)
12-14 00:00:46.951 W/ActivityManager( 1626): 	at com.android.server.am.ActivityManagerService.onTransact(ActivityManagerService.java:2935)
12-14 00:00:46.951 W/ActivityManager( 1626): 	at android.os.Binder.execTransact(Binder.java:674)
12-14 00:00:46.981 I/chatty  ( 1731): uid=10028(u0_a28) RenderThread identical 13 lines
12-14 00:00:46.988 D/EGL_emulation( 1731): eglMakeCurrent: 0x8f259580: ver 3 0 (tinfo 0x8f21bdf0)
12-14 00:00:47.082 V/StatusBar( 1731): setLightsOn(true)
12-14 00:00:47.137 V/StatusBar( 1731): setLightsOn(true)
12-14 00:00:47.142 I/zygote  ( 4532): Do partial code cache collection, code=29KB, data=30KB
12-14 00:00:47.142 I/zygote  ( 4532): After code cache collection, code=29KB, data=30KB
12-14 00:00:47.142 I/zygote  ( 4532): Increasing code cache capacity to 128KB
12-14 00:00:47.144 I/zygote  ( 4532): Do partial code cache collection, code=29KB, data=48KB
12-14 00:00:47.144 I/zygote  ( 4532): After code cache collection, code=29KB, data=48KB
12-14 00:00:47.144 I/zygote  ( 4532): Increasing code cache capacity to 256KB
12-14 00:00:47.144 I/zygote  ( 4532): JIT allocated 71KB for compiled code of void android.widget.TextView.<init>(android.content.Context, android.util.AttributeSet, int, int)
12-14 00:00:47.144 I/zygote  ( 4532): Compiler allocated 4MB to compile void android.widget.TextView.<init>(android.content.Context, android.util.AttributeSet, int, int)
12-14 00:00:47.146 V/StatusBar( 1731): setLightsOn(true)
12-14 00:00:47.147 I/chatty  ( 1731): uid=10028(u0_a28) com.android.systemui identical 1 line
12-14 00:00:47.190 V/StatusBar( 1731): setLightsOn(true)
12-14 00:00:47.191 D/gralloc_ranchu( 1394): gralloc_alloc: Creating ashmem region of size 7753728
12-14 00:00:47.212 D/        ( 4532): HostConnection::get() New Host Connection established 0x9fdb0a80, tid 4532
12-14 00:00:47.270 V/StatusBar( 1731): setLightsOn(true)
12-14 00:00:47.272 V/StatusBar( 1731): setLightsOn(true)
12-14 00:00:47.275 I/ActivityManager( 1626): Displayed com.evancharlton.mileage/.Mileage: +584ms
12-14 00:00:47.278 V/StatusBar( 1731): setLightsOn(true)
12-14 00:00:47.306 V/StatusBar( 1731): setLightsOn(true)
12-14 00:00:47.306 D/gralloc_ranchu( 1394): gralloc_alloc: Creating ashmem region of size 7753728
12-14 00:00:47.480 V/StatusBar( 1731): setLightsOn(true)
12-14 00:00:47.494 V/StatusBar( 1731): setLightsOn(true)
12-14 00:00:47.508 I/zygote  ( 4532): Do full code cache collection, code=125KB, data=72KB
12-14 00:00:47.508 I/zygote  ( 4532): After code cache collection, code=109KB, data=45KB
12-14 00:00:47.511 W/SurfaceFlinger( 1411): couldn't log to binary event log: overflow.
12-14 00:00:47.514 V/StatusBar( 1731): setLightsOn(true)
12-14 00:00:47.524 I/System.out( 4532): URI: //gesture
12-14 00:00:47.524 I/System.out( 4532): params: {json={"query_timeout":5.0,"gestures":[{"query_string":"android.widget.TabWidget descendant TextView index:1","touches":[{"x":50,"y":50,"offset_x":0,"offset_y":0,"wait":0.0,"time":0.2,"release":true,"query_string":null}]}]}
12-14 00:00:47.524 I/System.out( 4532): }
12-14 00:00:47.596 I/PBSessionCacheImpl( 2159): Deleted sessionId[3726930964200] from persistence.
12-14 00:00:47.608 W/SearchService( 2159): Abort, client detached.
12-14 00:00:47.878 W/audio_hw_generic( 1388): Not supplying enough data to HAL, expected position 598399 , only wrote 598320
12-14 00:00:47.884 W/ActivityManager( 1626): Bad activity token: android.os.BinderProxy@589bea0
12-14 00:00:47.884 W/ActivityManager( 1626): java.lang.ClassCastException: android.os.BinderProxy cannot be cast to com.android.server.am.ActivityRecord$Token
12-14 00:00:47.884 W/ActivityManager( 1626): 	at com.android.server.am.ActivityRecord.forTokenLocked(ActivityRecord.java:778)
12-14 00:00:47.884 W/ActivityManager( 1626): 	at com.android.server.am.ActivityRecord.isInStackLocked(ActivityRecord.java:2085)
12-14 00:00:47.884 W/ActivityManager( 1626): 	at com.android.server.am.ActivityRecord.getStackLocked(ActivityRecord.java:2090)
12-14 00:00:47.884 W/ActivityManager( 1626): 	at com.android.server.am.ActivityManagerService.getActivityDisplayId(ActivityManagerService.java:10406)
12-14 00:00:47.884 W/ActivityManager( 1626): 	at android.app.IActivityManager$Stub.onTransact(IActivityManager.java:2738)
12-14 00:00:47.884 W/ActivityManager( 1626): 	at com.android.server.am.ActivityManagerService.onTransact(ActivityManagerService.java:2935)
12-14 00:00:47.884 W/ActivityManager( 1626): 	at android.os.Binder.execTransact(Binder.java:674)
12-14 00:00:47.885 I/calabash( 4532): newActivity1
12-14 00:00:47.889 W/ActivityManager( 1626): Bad activity token: android.os.BinderProxy@589bea0
12-14 00:00:47.889 W/ActivityManager( 1626): java.lang.ClassCastException: android.os.BinderProxy cannot be cast to com.android.server.am.ActivityRecord$Token
12-14 00:00:47.889 W/ActivityManager( 1626): 	at com.android.server.am.ActivityRecord.forTokenLocked(ActivityRecord.java:778)
12-14 00:00:47.889 W/ActivityManager( 1626): 	at com.android.server.am.ActivityRecord.isInStackLocked(ActivityRecord.java:2085)
12-14 00:00:47.889 W/ActivityManager( 1626): 	at com.android.server.am.ActivityManagerService.setTaskDescription(ActivityManagerService.java:9988)
12-14 00:00:47.889 W/ActivityManager( 1626): 	at android.app.IActivityManager$Stub.onTransact(IActivityManager.java:2824)
12-14 00:00:47.889 W/ActivityManager( 1626): 	at com.android.server.am.ActivityManagerService.onTransact(ActivityManagerService.java:2935)
12-14 00:00:47.889 W/ActivityManager( 1626): 	at android.os.Binder.execTransact(Binder.java:674)
12-14 00:00:47.890 W/ActivityManager( 1626): Bad activity token: android.os.BinderProxy@589bea0
12-14 00:00:47.890 W/ActivityManager( 1626): java.lang.ClassCastException: android.os.BinderProxy cannot be cast to com.android.server.am.ActivityRecord$Token
12-14 00:00:47.890 W/ActivityManager( 1626): 	at com.android.server.am.ActivityRecord.forTokenLocked(ActivityRecord.java:778)
12-14 00:00:47.890 W/ActivityManager( 1626): 	at com.android.server.am.ActivityRecord.isInStackLocked(ActivityRecord.java:2085)
12-14 00:00:47.890 W/ActivityManager( 1626): 	at com.android.server.am.ActivityRecord.getStackLocked(ActivityRecord.java:2090)
12-14 00:00:47.890 W/ActivityManager( 1626): 	at com.android.server.am.ActivityManagerService.getActivityStackId(ActivityManagerService.java:10417)
12-14 00:00:47.890 W/ActivityManager( 1626): 	at android.app.IActivityManager$Stub.onTransact(IActivityManager.java:3548)
12-14 00:00:47.890 W/ActivityManager( 1626): 	at com.android.server.am.ActivityManagerService.onTransact(ActivityManagerService.java:2935)
12-14 00:00:47.890 W/ActivityManager( 1626): 	at android.os.Binder.execTransact(Binder.java:674)
12-14 00:00:47.954 W/ActivityManager( 1626): Bad activity token: android.os.BinderProxy@589bea0
12-14 00:00:47.954 W/ActivityManager( 1626): java.lang.ClassCastException: android.os.BinderProxy cannot be cast to com.android.server.am.ActivityRecord$Token
12-14 00:00:47.954 W/ActivityManager( 1626): 	at com.android.server.am.ActivityRecord.forTokenLocked(ActivityRecord.java:778)
12-14 00:00:47.954 W/ActivityManager( 1626): 	at com.android.server.am.ActivityRecord.isInStackLocked(ActivityRecord.java:2085)
12-14 00:00:47.954 W/ActivityManager( 1626): 	at com.android.server.am.ActivityManagerService.getActivityOptions(ActivityManagerService.java:13302)
12-14 00:00:47.954 W/ActivityManager( 1626): 	at android.app.IActivityManager$Stub.onTransact(IActivityManager.java:2910)
12-14 00:00:47.954 W/ActivityManager( 1626): 	at com.android.server.am.ActivityManagerService.onTransact(ActivityManagerService.java:2935)
12-14 00:00:47.954 W/ActivityManager( 1626): 	at android.os.Binder.execTransact(Binder.java:674)
12-14 00:00:47.954 E/memtrack( 1626): Couldn't load memtrack module
12-14 00:00:47.954 W/android.os.Debug( 1626): failed to get memory consumption info: -1
12-14 00:00:47.957 W/ActivityManager( 1626): Bad activity token: android.os.BinderProxy@589bea0
12-14 00:00:47.957 W/ActivityManager( 1626): java.lang.ClassCastException: android.os.BinderProxy cannot be cast to com.android.server.am.ActivityRecord$Token
12-14 00:00:47.957 W/ActivityManager( 1626): 	at com.android.server.am.ActivityRecord.forTokenLocked(ActivityRecord.java:778)
12-14 00:00:47.957 W/ActivityManager( 1626): 	at com.android.server.am.ActivityRecord.isInStackLocked(ActivityRecord.java:2085)
12-14 00:00:47.957 W/ActivityManager( 1626): 	at com.android.server.am.ActivityManagerService.getActivityOptions(ActivityManagerService.java:13302)
12-14 00:00:47.957 W/ActivityManager( 1626): 	at android.app.IActivityManager$Stub.onTransact(IActivityManager.java:2910)
12-14 00:00:47.957 W/ActivityManager( 1626): 	at com.android.server.am.ActivityManagerService.onTransact(ActivityManagerService.java:2935)
12-14 00:00:47.957 W/ActivityManager( 1626): 	at android.os.Binder.execTransact(Binder.java:674)
12-14 00:00:47.966 I/zygote  ( 4532): Do partial code cache collection, code=124KB, data=62KB
12-14 00:00:47.969 I/zygote  ( 4532): After code cache collection, code=124KB, data=62KB
12-14 00:00:47.969 I/zygote  ( 4532): Increasing code cache capacity to 512KB
12-14 00:00:47.971 E/memtrack( 1626): Couldn't load memtrack module
12-14 00:00:47.971 W/android.os.Debug( 1626): failed to get memory consumption info: -1
12-14 00:00:48.024 D/gralloc_ranchu( 1394): gralloc_alloc: Creating ashmem region of size 7753728
12-14 00:00:48.028 D/Mileage ( 4532): Not enough fillups to calculate economy
12-14 00:00:48.171 E/SurfaceFlinger( 1411): ro.sf.lcd_density must be defined as a build property
12-14 00:00:48.188 D/gralloc_ranchu( 1394): gralloc_alloc: Creating ashmem region of size 8298496
12-14 00:00:48.208 D/        ( 4574): HostConnection::get() New Host Connection established 0xacd2f800, tid 4574
12-14 00:00:48.640 I/System.out( 4532): URI: //gesture
12-14 00:00:48.640 I/System.out( 4532): params: {json={"query_timeout":5.0,"gestures":[{"query_string":"android.widget.TabWidget descendant TextView index:3","touches":[{"x":50,"y":50,"offset_x":0,"offset_y":0,"wait":0.0,"time":0.2,"release":true,"query_string":null}]}]}
12-14 00:00:48.640 I/System.out( 4532): }
12-14 00:00:48.917 W/ActivityManager( 1626): Bad activity token: android.os.BinderProxy@6a84164
12-14 00:00:48.917 W/ActivityManager( 1626): java.lang.ClassCastException: android.os.BinderProxy cannot be cast to com.android.server.am.ActivityRecord$Token
12-14 00:00:48.917 W/ActivityManager( 1626): 	at com.android.server.am.ActivityRecord.forTokenLocked(ActivityRecord.java:778)
12-14 00:00:48.917 W/ActivityManager( 1626): 	at com.android.server.am.ActivityRecord.isInStackLocked(ActivityRecord.java:2085)
12-14 00:00:48.917 W/ActivityManager( 1626): 	at com.android.server.am.ActivityRecord.getStackLocked(ActivityRecord.java:2090)
12-14 00:00:48.917 W/ActivityManager( 1626): 	at com.android.server.am.ActivityManagerService.getActivityDisplayId(ActivityManagerService.java:10406)
12-14 00:00:48.917 W/ActivityManager( 1626): 	at android.app.IActivityManager$Stub.onTransact(IActivityManager.java:2738)
12-14 00:00:48.917 W/ActivityManager( 1626): 	at com.android.server.am.ActivityManagerService.onTransact(ActivityManagerService.java:2935)
12-14 00:00:48.917 W/ActivityManager( 1626): 	at android.os.Binder.execTransact(Binder.java:674)
12-14 00:00:48.918 I/calabash( 4532): newActivity1
12-14 00:00:48.920 W/ActivityManager( 1626): Bad activity token: android.os.BinderProxy@6a84164
12-14 00:00:48.920 W/ActivityManager( 1626): java.lang.ClassCastException: android.os.BinderProxy cannot be cast to com.android.server.am.ActivityRecord$Token
12-14 00:00:48.920 W/ActivityManager( 1626): 	at com.android.server.am.ActivityRecord.forTokenLocked(ActivityRecord.java:778)
12-14 00:00:48.920 W/ActivityManager( 1626): 	at com.android.server.am.ActivityRecord.isInStackLocked(ActivityRecord.java:2085)
12-14 00:00:48.920 W/ActivityManager( 1626): 	at com.android.server.am.ActivityManagerService.setTaskDescription(ActivityManagerService.java:9988)
12-14 00:00:48.920 W/ActivityManager( 1626): 	at android.app.IActivityManager$Stub.onTransact(IActivityManager.java:2824)
12-14 00:00:48.920 W/ActivityManager( 1626): 	at com.android.server.am.ActivityManagerService.onTransact(ActivityManagerService.java:2935)
12-14 00:00:48.920 W/ActivityManager( 1626): 	at android.os.Binder.execTransact(Binder.java:674)
12-14 00:00:48.921 W/ActivityManager( 1626): Bad activity token: android.os.BinderProxy@6a84164
12-14 00:00:48.921 W/ActivityManager( 1626): java.lang.ClassCastException: android.os.BinderProxy cannot be cast to com.android.server.am.ActivityRecord$Token
12-14 00:00:48.921 W/ActivityManager( 1626): 	at com.android.server.am.ActivityRecord.forTokenLocked(ActivityRecord.java:778)
12-14 00:00:48.921 W/ActivityManager( 1626): 	at com.android.server.am.ActivityRecord.isInStackLocked(ActivityRecord.java:2085)
12-14 00:00:48.921 W/ActivityManager( 1626): 	at com.android.server.am.ActivityRecord.getStackLocked(ActivityRecord.java:2090)
12-14 00:00:48.921 W/ActivityManager( 1626): 	at com.android.server.am.ActivityManagerService.getActivityStackId(ActivityManagerService.java:10417)
12-14 00:00:48.921 W/ActivityManager( 1626): 	at android.app.IActivityManager$Stub.onTransact(IActivityManager.java:3548)
12-14 00:00:48.921 W/ActivityManager( 1626): 	at com.android.server.am.ActivityManagerService.onTransact(ActivityManagerService.java:2935)
12-14 00:00:48.921 W/ActivityManager( 1626): 	at android.os.Binder.execTransact(Binder.java:674)
12-14 00:00:48.926 W/ActivityManager( 1626): Bad activity token: android.os.BinderProxy@6a84164
12-14 00:00:48.926 W/ActivityManager( 1626): java.lang.ClassCastException: android.os.BinderProxy cannot be cast to com.android.server.am.ActivityRecord$Token
12-14 00:00:48.926 W/ActivityManager( 1626): 	at com.android.server.am.ActivityRecord.forTokenLocked(ActivityRecord.java:778)
12-14 00:00:48.926 W/ActivityManager( 1626): 	at com.android.server.am.ActivityRecord.isInStackLocked(ActivityRecord.java:2085)
12-14 00:00:48.926 W/ActivityManager( 1626): 	at com.android.server.am.ActivityManagerService.getActivityOptions(ActivityManagerService.java:13302)
12-14 00:00:48.926 W/ActivityManager( 1626): 	at android.app.IActivityManager$Stub.onTransact(IActivityManager.java:2910)
12-14 00:00:48.926 W/ActivityManager( 1626): 	at com.android.server.am.ActivityManagerService.onTransact(ActivityManagerService.java:2935)
12-14 00:00:48.926 W/ActivityManager( 1626): 	at android.os.Binder.execTransact(Binder.java:674)
12-14 00:00:48.927 W/ActivityManager( 1626): Bad activity token: android.os.BinderProxy@6a84164
12-14 00:00:48.927 W/ActivityManager( 1626): java.lang.ClassCastException: android.os.BinderProxy cannot be cast to com.android.server.am.ActivityRecord$Token
12-14 00:00:48.927 W/ActivityManager( 1626): 	at com.android.server.am.ActivityRecord.forTokenLocked(ActivityRecord.java:778)
12-14 00:00:48.927 W/ActivityManager( 1626): 	at com.android.server.am.ActivityRecord.isInStackLocked(ActivityRecord.java:2085)
12-14 00:00:48.927 W/ActivityManager( 1626): 	at com.android.server.am.ActivityManagerService.getActivityOptions(ActivityManagerService.java:13302)
12-14 00:00:48.927 W/ActivityManager( 1626): 	at android.app.IActivityManager$Stub.onTransact(IActivityManager.java:2910)
12-14 00:00:48.927 W/ActivityManager( 1626): 	at com.android.server.am.ActivityManagerService.onTransact(ActivityManagerService.java:2935)
12-14 00:00:48.927 W/ActivityManager( 1626): 	at android.os.Binder.execTransact(Binder.java:674)
12-14 00:00:49.123 E/SurfaceFlinger( 1411): ro.sf.lcd_density must be defined as a build property
12-14 00:00:49.130 D/gralloc_ranchu( 1394): gralloc_alloc: Creating ashmem region of size 8298496
12-14 00:00:49.139 D/        ( 4580): HostConnection::get() New Host Connection established 0xae6af800, tid 4580
12-14 00:00:49.465 I/System.out( 4532): URI: //gesture
12-14 00:00:49.465 I/System.out( 4532): params: {json={"query_timeout":5.0,"gestures":[{"query_string":"android.widget.TabWidget descendant TextView index:2","touches":[{"x":50,"y":50,"offset_x":0,"offset_y":0,"wait":0.0,"time":0.2,"release":true,"query_string":null}]}]}
12-14 00:00:49.465 I/System.out( 4532): }
12-14 00:00:49.759 W/ActivityManager( 1626): Bad activity token: android.os.BinderProxy@2de15ef
12-14 00:00:49.759 W/ActivityManager( 1626): java.lang.ClassCastException: android.os.BinderProxy cannot be cast to com.android.server.am.ActivityRecord$Token
12-14 00:00:49.759 W/ActivityManager( 1626): 	at com.android.server.am.ActivityRecord.forTokenLocked(ActivityRecord.java:778)
12-14 00:00:49.759 W/ActivityManager( 1626): 	at com.android.server.am.ActivityRecord.isInStackLocked(ActivityRecord.java:2085)
12-14 00:00:49.759 W/ActivityManager( 1626): 	at com.android.server.am.ActivityRecord.getStackLocked(ActivityRecord.java:2090)
12-14 00:00:49.759 W/ActivityManager( 1626): 	at com.android.server.am.ActivityManagerService.getActivityDisplayId(ActivityManagerService.java:10406)
12-14 00:00:49.759 W/ActivityManager( 1626): 	at android.app.IActivityManager$Stub.onTransact(IActivityManager.java:2738)
12-14 00:00:49.759 W/ActivityManager( 1626): 	at com.android.server.am.ActivityManagerService.onTransact(ActivityManagerService.java:2935)
12-14 00:00:49.759 W/ActivityManager( 1626): 	at android.os.Binder.execTransact(Binder.java:674)
12-14 00:00:49.761 I/calabash( 4532): newActivity1
12-14 00:00:49.847 W/ActivityManager( 1626): Bad activity token: android.os.BinderProxy@2de15ef
12-14 00:00:49.847 W/ActivityManager( 1626): java.lang.ClassCastException: android.os.BinderProxy cannot be cast to com.android.server.am.ActivityRecord$Token
12-14 00:00:49.847 W/ActivityManager( 1626): 	at com.android.server.am.ActivityRecord.forTokenLocked(ActivityRecord.java:778)
12-14 00:00:49.847 W/ActivityManager( 1626): 	at com.android.server.am.ActivityRecord.isInStackLocked(ActivityRecord.java:2085)
12-14 00:00:49.847 W/ActivityManager( 1626): 	at com.android.server.am.ActivityManagerService.setTaskDescription(ActivityManagerService.java:9988)
12-14 00:00:49.847 W/ActivityManager( 1626): 	at android.app.IActivityManager$Stub.onTransact(IActivityManager.java:2824)
12-14 00:00:49.847 W/ActivityManager( 1626): 	at com.android.server.am.ActivityManagerService.onTransact(ActivityManagerService.java:2935)
12-14 00:00:49.847 W/ActivityManager( 1626): 	at android.os.Binder.execTransact(Binder.java:674)
12-14 00:00:49.848 W/ActivityManager( 1626): Bad activity token: android.os.BinderProxy@2de15ef
12-14 00:00:49.848 W/ActivityManager( 1626): java.lang.ClassCastException: android.os.BinderProxy cannot be cast to com.android.server.am.ActivityRecord$Token
12-14 00:00:49.848 W/ActivityManager( 1626): 	at com.android.server.am.ActivityRecord.forTokenLocked(ActivityRecord.java:778)
12-14 00:00:49.848 W/ActivityManager( 1626): 	at com.android.server.am.ActivityRecord.isInStackLocked(ActivityRecord.java:2085)
12-14 00:00:49.848 W/ActivityManager( 1626): 	at com.android.server.am.ActivityRecord.getStackLocked(ActivityRecord.java:2090)
12-14 00:00:49.848 W/ActivityManager( 1626): 	at com.android.server.am.ActivityManagerService.getActivityStackId(ActivityManagerService.java:10417)
12-14 00:00:49.848 W/ActivityManager( 1626): 	at android.app.IActivityManager$Stub.onTransact(IActivityManager.java:3548)
12-14 00:00:49.848 W/ActivityManager( 1626): 	at com.android.server.am.ActivityManagerService.onTransact(ActivityManagerService.java:2935)
12-14 00:00:49.848 W/ActivityManager( 1626): 	at android.os.Binder.execTransact(Binder.java:674)
12-14 00:00:49.892 D/VehicleStatisticsActivity( 4532): Checking recalculation ...
12-14 00:00:49.896 D/VehicleStatisticsActivity( 4532): Recalculating statistics
12-14 00:00:49.897 D/VehicleStatisticsTask( 4532): Calculation starting...
12-14 00:00:49.897 D/VehicleStatisticsActivity( 4532): Recalculation started!
12-14 00:00:49.903 W/ActivityManager( 1626): Bad activity token: android.os.BinderProxy@2de15ef
12-14 00:00:49.903 W/ActivityManager( 1626): java.lang.ClassCastException: android.os.BinderProxy cannot be cast to com.android.server.am.ActivityRecord$Token
12-14 00:00:49.903 W/ActivityManager( 1626): 	at com.android.server.am.ActivityRecord.forTokenLocked(ActivityRecord.java:778)
12-14 00:00:49.903 W/ActivityManager( 1626): 	at com.android.server.am.ActivityRecord.isInStackLocked(ActivityRecord.java:2085)
12-14 00:00:49.903 W/ActivityManager( 1626): 	at com.android.server.am.ActivityManagerService.getActivityOptions(ActivityManagerService.java:13302)
12-14 00:00:49.903 W/ActivityManager( 1626): 	at android.app.IActivityManager$Stub.onTransact(IActivityManager.java:2910)
12-14 00:00:49.903 W/ActivityManager( 1626): 	at com.android.server.am.ActivityManagerService.onTransact(ActivityManagerService.java:2935)
12-14 00:00:49.903 W/ActivityManager( 1626): 	at android.os.Binder.execTransact(Binder.java:674)
12-14 00:00:49.904 W/ActivityManager( 1626): Bad activity token: android.os.BinderProxy@2de15ef
