--------- beginning of main
12-14 00:00:28.384 V/StatusBar( 1731): setLightsOn(true)
--------- beginning of system
12-14 00:00:28.391 W/ActivityManager( 1626): Finishing task with all activities already finished
12-14 00:00:28.391 W/ActivityManager( 1626): Duplicate finish request for ActivityRecord{8813f87 u0 com.evancharlton.mileage/.Mileage t274 f}
12-14 00:00:28.396 W/ActivityManager( 1626): Finishing task with all activities already finished
12-14 00:00:28.396 I/chatty  ( 1731): uid=10028(u0_a28) com.android.systemui identical 2 lines
12-14 00:00:28.396 W/ActivityManager( 1626): Duplicate finish request for ActivityRecord{8813f87 u0 com.evancharlton.mileage/.Mileage t274 f}
12-14 00:00:28.396 W/ActivityManager( 1626): Finishing task with all activities already finished
12-14 00:00:28.396 W/ActivityManager( 1626): Duplicate finish request for ActivityRecord{8813f87 u0 com.evancharlton.mileage/.Mileage t274 f}
12-14 00:00:28.408 V/StatusBar( 1731): setLightsOn(true)
12-14 00:00:28.410 D/gralloc_ranchu( 1394): gralloc_alloc: Creating ashmem region of size 8298496
12-14 00:00:28.412 V/StatusBar( 1731): setLightsOn(true)
12-14 00:00:28.439 D/gralloc_ranchu( 1394): gralloc_alloc: Creating ashmem region of size 8298496
12-14 00:00:28.456 D/gralloc_ranchu( 1394): gralloc_alloc: Creating ashmem region of size 8298496
12-14 00:00:28.488 D/SurfaceFlinger( 1411): duplicate layer name: changing com.google.android.apps.nexuslauncher/com.google.android.apps.nexuslauncher.NexusLauncherActivity to com.google.android.apps.nexuslauncher/com.google.android.apps.nexuslauncher.NexusLauncherActivity#1
12-14 00:00:28.497 D/gralloc_ranchu( 1394): gralloc_alloc: Creating ashmem region of size 8298496
12-14 00:00:28.519 D/EGL_emulation( 2159): eglMakeCurrent: 0xa2885a80: ver 3 0 (tinfo 0xa2883790)
12-14 00:00:28.529 D/EGL_emulation( 1731): eglMakeCurrent: 0x8f259580: ver 3 0 (tinfo 0x8f21bdf0)
12-14 00:00:28.536 D/gralloc_ranchu( 1394): gralloc_alloc: Creating ashmem region of size 8298496
12-14 00:00:28.577 D/gralloc_ranchu( 1394): gralloc_alloc: Creating ashmem region of size 8298496
12-14 00:00:28.617 E/memtrack( 1626): Couldn't load memtrack module
12-14 00:00:28.627 W/android.os.Debug( 1626): failed to get memory consumption info: -1
12-14 00:00:28.634 I/zygote  ( 2159): Deoptimizing void com.google.android.apps.gsa.search.core.service.worker.a.a.a(com.google.android.apps.gsa.search.core.state.qc) due to JIT inline cache
12-14 00:00:28.679 W/SessionLifecycleManager( 2159): Handover failed. Creating new session controller.
12-14 00:00:28.684 D/EGL_emulation( 2126): eglMakeCurrent: 0xa2885a80: ver 3 0 (tinfo 0xa2883860)
12-14 00:00:28.685 W/ActivityManager( 1626): Unable to start service Intent { act=com.google.android.gms.speech.service.START pkg=com.google.android.gms } U=0: not found
12-14 00:00:28.686 W/ActivityManager( 1626): Unbind failed: could not find connection for android.os.BinderProxy@6dadf74
12-14 00:00:28.689 I/OptInState( 2159): There is a new client and it does not support opt-in. Dropping request.
12-14 00:00:28.693 I/zygote  ( 2159): Deoptimizing int[] com.google.common.collect.gx.b(java.lang.Object[], int, int, int) due to JIT inline cache
12-14 00:00:28.695 E/GmsClient( 2159): unable to connect to service: com.google.android.gms.speech.service.START on com.google.android.gms
12-14 00:00:28.723 I/zygote  ( 2159): Deoptimizing void com.google.android.apps.gsa.shared.searchbox.components.a.am(java.lang.Object) due to JIT inline cache
12-14 00:00:28.725 D/gralloc_ranchu( 1394): gralloc_alloc: Creating ashmem region of size 7753728
12-14 00:00:28.737 I/MicroDetectionWorker( 2159): #updateMicroDetector [detectionMode: [mDetectionMode: [1]]]
12-14 00:00:28.738 I/MicroDetectionWorker( 2159): #startMicroDetector [speakerMode: 0]
12-14 00:00:28.744 I/AudioController( 2159): Using mInputStreamFactoryBuilder
12-14 00:00:28.751 I/MicroRecognitionRunner( 2159): Starting detection.
12-14 00:00:28.753 D/EGL_emulation( 1731): eglMakeCurrent: 0x8f259580: ver 3 0 (tinfo 0x8f21bdf0)
12-14 00:00:28.755 I/MicrophoneInputStream( 2159): mic_starting com.google.android.apps.gsa.staticplugins.aa.c@65e386b
12-14 00:00:28.766 I/MicroDetectionWorker( 2159): onReady
12-14 00:00:28.774 I/MicrophoneInputStream( 2159): mic_started com.google.android.apps.gsa.staticplugins.aa.c@65e386b
12-14 00:00:28.777 E/ActivityThread( 2159): Failed to find provider info for com.google.android.apps.gsa.testing.ui.audio.recorded
12-14 00:00:28.778 I/MicroDetectionWorker( 2159): onReady
12-14 00:00:28.779 D/EGL_emulation( 1731): eglMakeCurrent: 0x8f259580: ver 3 0 (tinfo 0x8f21bdf0)
12-14 00:00:28.783 W/SpeechLevelGenerator( 2159): Really low audio levels detected. The audio input may have issues.
12-14 00:00:28.792 D/EGL_emulation( 1731): eglMakeCurrent: 0x8f259580: ver 3 0 (tinfo 0x8f21bdf0)
12-14 00:00:28.794 I/MicrophoneInputStream( 2159): mic_close com.google.android.apps.gsa.staticplugins.aa.c@65e386b
12-14 00:00:28.797 D/EGL_emulation( 1731): eglMakeCurrent: 0x8f259580: ver 3 0 (tinfo 0x8f21bdf0)
12-14 00:00:28.803 D/EGL_emulation( 1731): eglMakeCurrent: 0x8f259580: ver 3 0 (tinfo 0x8f21bdf0)
12-14 00:00:28.803 I/AudioFlinger( 1474): AudioFlinger's thread 0xa9603c00 tid=4213 ready to run
12-14 00:00:28.810 D/EGL_emulation( 1731): eglMakeCurrent: 0x8f259580: ver 3 0 (tinfo 0x8f21bdf0)
12-14 00:00:28.828 D/EGL_emulation( 1731): eglMakeCurrent: 0x8f259580: ver 3 0 (tinfo 0x8f21bdf0)
12-14 00:00:28.831 I/MicroRecognitionRunner( 2159): Detection finished
12-14 00:00:28.831 D/EGL_emulation( 1731): eglMakeCurrent: 0x8f259580: ver 3 0 (tinfo 0x8f21bdf0)
12-14 00:00:28.838 W/ErrorReporter( 2159): reportError [type: 211, code: 524300]: Error reading from input stream
12-14 00:00:28.844 D/EGL_emulation( 1731): eglMakeCurrent: 0x8f259580: ver 3 0 (tinfo 0x8f21bdf0)
12-14 00:00:28.846 I/MicroRecognitionRunner( 2159): Stopping hotword detection.
12-14 00:00:28.848 D/EGL_emulation( 1731): eglMakeCurrent: 0x8f259580: ver 3 0 (tinfo 0x8f21bdf0)
12-14 00:00:28.854 W/ErrorProcessor( 2159): onFatalError, processing error from engine(4)
12-14 00:00:28.854 W/ErrorProcessor( 2159): com.google.android.apps.gsa.shared.speech.b.g: Error reading from input stream
12-14 00:00:28.854 W/ErrorProcessor( 2159): 	at com.google.android.apps.gsa.staticplugins.recognizer.j.a.a(SourceFile:28)
12-14 00:00:28.854 W/ErrorProcessor( 2159): 	at com.google.android.apps.gsa.staticplugins.recognizer.j.b.run(SourceFile:15)
12-14 00:00:28.854 W/ErrorProcessor( 2159): 	at java.util.concurrent.Executors$RunnableAdapter.call(Executors.java:457)
12-14 00:00:28.854 W/ErrorProcessor( 2159): 	at java.util.concurrent.FutureTask.run(FutureTask.java:266)
12-14 00:00:28.854 W/ErrorProcessor( 2159): 	at com.google.android.apps.gsa.shared.util.concurrent.a.ax.run(SourceFile:14)
12-14 00:00:28.854 W/ErrorProcessor( 2159): 	at com.google.android.apps.gsa.shared.util.concurrent.a.bl.run(SourceFile:4)
12-14 00:00:28.854 W/ErrorProcessor( 2159): 	at com.google.android.apps.gsa.shared.util.concurrent.a.bl.run(SourceFile:4)
12-14 00:00:28.854 W/ErrorProcessor( 2159): 	at java.util.concurrent.ThreadPoolExecutor.runWorker(ThreadPoolExecutor.java:1162)
12-14 00:00:28.854 W/ErrorProcessor( 2159): 	at java.util.concurrent.ThreadPoolExecutor$Worker.run(ThreadPoolExecutor.java:636)
12-14 00:00:28.854 W/ErrorProcessor( 2159): 	at java.lang.Thread.run(Thread.java:764)
12-14 00:00:28.854 W/ErrorProcessor( 2159): 	at com.google.android.apps.gsa.shared.util.concurrent.a.ai.run(SourceFile:6)
12-14 00:00:28.854 W/ErrorProcessor( 2159): Caused by: com.google.android.apps.gsa.shared.exception.GsaIOException: Error code: 393238 | Buffer overflow, no available space.
12-14 00:00:28.854 W/ErrorProcessor( 2159): 	at com.google.android.apps.gsa.speech.audio.Tee.f(SourceFile:103)
12-14 00:00:28.854 W/ErrorProcessor( 2159): 	at com.google.android.apps.gsa.speech.audio.au.read(SourceFile:2)
12-14 00:00:28.854 W/ErrorProcessor( 2159): 	at java.io.InputStream.read(InputStream.java:101)
12-14 00:00:28.854 W/ErrorProcessor( 2159): 	at com.google.android.apps.gsa.speech.audio.ao.run(SourceFile:18)
12-14 00:00:28.854 W/ErrorProcessor( 2159): 	at com.google.android.apps.gsa.speech.audio.an.run(SourceFile:2)
12-14 00:00:28.854 W/ErrorProcessor( 2159): 	... 9 more
12-14 00:00:28.855 D/        ( 1731): HostConnection::get() New Host Connection established 0x8c57f000, tid 1739
12-14 00:00:28.856 I/AudioController( 2159): internalShutdown
12-14 00:00:28.862 D/EGL_emulation( 1731): eglMakeCurrent: 0x8f259580: ver 3 0 (tinfo 0x8f21bdf0)
12-14 00:00:28.862 I/MicroDetector( 2159): Keeping mic open: false
12-14 00:00:28.862 I/DeviceStateChecker( 2159): DeviceStateChecker cancelled
12-14 00:00:28.863 I/MicroDetectionWorker( 2159): #onError(false)
12-14 00:00:28.866 D/EGL_emulation( 1731): eglMakeCurrent: 0x8f259580: ver 3 0 (tinfo 0x8f21bdf0)
12-14 00:00:28.962 I/chatty  ( 1731): uid=10028(u0_a28) RenderThread identical 12 lines
12-14 00:00:28.982 D/EGL_emulation( 1731): eglMakeCurrent: 0x8f259580: ver 3 0 (tinfo 0x8f21bdf0)
12-14 00:00:29.136 D/AndroidRuntime( 4208): >>>>>> START com.android.internal.os.RuntimeInit uid 2000 <<<<<<
12-14 00:00:29.168 W/OpenGLRenderer( 2126): Incorrectly called buildLayer on View: ShortcutAndWidgetContainer, destroying layer...
12-14 00:00:29.210 W/app_process( 4208): Unexpected CPU variant for X86 using defaults: x86
12-14 00:00:29.236 D/AndroidRuntime( 4208): Calling main entry com.android.commands.am.Am
12-14 00:00:29.240 I/ActivityManager( 1626): Force stopping com.evancharlton.mileage appid=10198 user=0: start instr
12-14 00:00:29.243 I/ActivityManager( 1626): Killing 4158:com.evancharlton.mileage/u0a198 (adj 0): stop com.evancharlton.mileage
12-14 00:00:29.248 W/ActivityManager( 1626): Crash of app com.evancharlton.mileage running instrumentation ComponentInfo{com.evancharlton.mileage.test/sh.calaba.instrumentationbackend.CalabashInstrumentationTestRunner}
12-14 00:00:29.250 I/ActivityManager( 1626): Force stopping com.evancharlton.mileage appid=10198 user=0: finished inst
12-14 00:00:29.262 I/zygote  ( 4223): Not late-enabling -Xcheck:jni (already on)
12-14 00:00:29.268 I/ActivityManager( 1626): Start proc 4223:com.evancharlton.mileage/u0a198 for added application com.evancharlton.mileage
12-14 00:00:29.269 D/AndroidRuntime( 4208): Shutting down VM
12-14 00:00:29.297 W/zygote  ( 4223): Unexpected CPU variant for X86 using defaults: x86
12-14 00:00:29.300 W/ActivityManager( 1626): setHasOverlayUi called on unknown pid: 4158
12-14 00:00:29.303 E/memtrack( 1626): Couldn't load memtrack module
12-14 00:00:29.303 W/android.os.Debug( 1626): failed to get memory consumption info: -1
12-14 00:00:29.315 I/OpenGLRenderer( 1626): Initialized EGL, version 1.4
12-14 00:00:29.315 D/OpenGLRenderer( 1626): Swap behavior 1
12-14 00:00:29.315 W/OpenGLRenderer( 1626): Failed to choose config with EGL_SWAP_BEHAVIOR_PRESERVED, retrying without...
12-14 00:00:29.315 D/OpenGLRenderer( 1626): Swap behavior 0
12-14 00:00:29.343 D/EGL_emulation( 1626): eglCreateContext: 0x9fd7e0a0: maj 3 min 0 rcv 3
12-14 00:00:29.345 D/EGL_emulation( 1626): eglMakeCurrent: 0x9fd7e0a0: ver 3 0 (tinfo 0x91ad8d10)
12-14 00:00:29.349 E/eglCodecCommon( 1626): glUtilsParamSize: unknow param 0x00008cdf
12-14 00:00:29.355 E/adbd    ( 1383): failed to connect to socket 'tcp:7102': Connection refused
12-14 00:00:29.355 W/zygote  ( 4223): Found duplicate classes, falling back to extracting from APK : /data/app/com.evancharlton.mileage.test-1bxHrrJKC4SbOC9lZMhhJw==/base.apk
12-14 00:00:29.355 W/zygote  ( 4223): NOTE: This wastes RAM and hurts startup performance.
12-14 00:00:29.355 W/zygote  ( 4223): Found duplicated class when checking oat files: 'Ljunit/runner/BaseTestRunner;' in /data/app/com.evancharlton.mileage.test-1bxHrrJKC4SbOC9lZMhhJw==/base.apk and /system/framework/android.test.runner.jar
12-14 00:00:29.355 W/zygote  ( 4223): 
12-14 00:00:29.358 E/eglCodecCommon( 1626): glUtilsParamSize: unknow param 0x00008cdf
12-14 00:00:29.359 E/eglCodecCommon( 1626): glUtilsParamSize: unknow param 0x00008824
12-14 00:00:29.360 E/eglCodecCommon( 1626): glUtilsParamSize: unknow param 0x00008824
12-14 00:00:29.368 E/adbd    ( 1383): failed to connect to socket 'tcp:7102': Connection refused
12-14 00:00:29.381 I/zygote  ( 1626): NativeAllocBackground concurrent copying GC freed 6565(671KB) AllocSpace objects, 4(80KB) LOS objects, 37% free, 10MB/16MB, paused 1.609ms total 197.496ms
12-14 00:00:29.408 W/System  ( 4223): ClassLoader referenced unknown path: 
12-14 00:00:29.434 I/System.out( 4223): Main activity name automatically set to: com.evancharlton.mileage.Mileage
12-14 00:00:29.435 I/System.out( 4223): Calabash did not load Mono. This is only a problem if you are trying to test a Mono application
12-14 00:00:29.435 I/calabash( 4223): Test server port: 7102
12-14 00:00:29.436 I/InstrumentationBackend( 4223): Added:'GetPreferences', with key:'get_preferences'
12-14 00:00:29.487 E/adbd    ( 1383): failed to connect to socket 'tcp:7102': Connection refused
12-14 00:00:29.498 E/adbd    ( 1383): failed to connect to socket 'tcp:7102': Connection refused
12-14 00:00:29.544 I/InstrumentationBackend( 4223): Added:'SetPreferences', with key:'set_preferences'
12-14 00:00:29.545 I/InstrumentationBackend( 4223): Added:'ClearPreferences', with key:'clear_preferences'
12-14 00:00:29.545 I/InstrumentationBackend( 4223): Added:'PressElement', with key:'press_l10n_element'
12-14 00:00:29.546 I/InstrumentationBackend( 4223): Added:'WaitForElement', with key:'wait_for_l10n_element'
12-14 00:00:29.547 I/InstrumentationBackend( 4223): Added:'NullAction', with key:'nullAction'
12-14 00:00:29.548 I/InstrumentationBackend( 4223): Added:'PressKey', with key:'press_key'
12-14 00:00:29.549 I/InstrumentationBackend( 4223): Added:'SetActivityOrientation', with key:'set_activity_orientation'
12-14 00:00:29.549 I/InstrumentationBackend( 4223): Added:'GetActivityOrientation', with key:'get_activity_orientation'
12-14 00:00:29.550 I/InstrumentationBackend( 4223): Added:'FakeGPSLocation', with key:'set_gps_coordinates'
12-14 00:00:29.550 I/InstrumentationBackend( 4223): Added:'SetPropertyByCssSelector', with key:'set_property_by_css_selector'
12-14 00:00:29.552 I/InstrumentationBackend( 4223): Added:'GetUrl', with key:'get_url'
12-14 00:00:29.556 I/InstrumentationBackend( 4223): Added:'ScrollTo', with key:'scroll_to'
12-14 00:00:29.556 I/InstrumentationBackend( 4223): Added:'GetLoadProgress', with key:'get_load_progress'
12-14 00:00:29.557 I/InstrumentationBackend( 4223): Added:'DumpHtml', with key:'dump_html'
12-14 00:00:29.557 I/InstrumentationBackend( 4223): Added:'DumpBodyHtml', with key:'dump_body_html'
12-14 00:00:29.558 I/InstrumentationBackend( 4223): Added:'EnterTextByCssSelector', with key:'enter_text_by_selector'
12-14 00:00:29.565 I/InstrumentationBackend( 4223): Added:'AndroidSDKVersion', with key:'android_sdk_version'
12-14 00:00:29.565 I/InstrumentationBackend( 4223): Added:'Version', with key:'version'
12-14 00:00:29.565 I/InstrumentationBackend( 4223): Added:'Drag', with key:'drag'
12-14 00:00:29.566 I/InstrumentationBackend( 4223): Added:'TouchCoordinates', with key:'touch_coordinate'
12-14 00:00:29.566 I/InstrumentationBackend( 4223): Added:'LongPressCoordinate', with key:'long_press_coordinate'
12-14 00:00:29.568 I/InstrumentationBackend( 4223): Added:'DragCoordinates', with key:'drag_coordinates'
12-14 00:00:29.568 I/InstrumentationBackend( 4223): Added:'ResumeApplication', with key:'resume_application'
12-14 00:00:29.568 I/InstrumentationBackend( 4223): Added:'Swipe', with key:'swipe'
12-14 00:00:29.569 I/InstrumentationBackend( 4223): Added:'DoubleTapCoordinate', with key:'double_tap_coordinate'
12-14 00:00:29.569 I/InstrumentationBackend( 4223): Added:'ClickOnScreen', with key:'click_on_screen'
12-14 00:00:29.571 I/InstrumentationBackend( 4223): Added:'GetActivityName', with key:'get_activity_name'
12-14 00:00:29.571 I/InstrumentationBackend( 4223): Added:'ScrollToView', with key:'scroll_to_view'
12-14 00:00:29.572 I/InstrumentationBackend( 4223): Added:'ViewConfiguration', with key:'view_configuration'
12-14 00:00:29.573 I/InstrumentationBackend( 4223): Added:'IsCurrentActivityFocused', with key:'is_current_activity_focused'
12-14 00:00:29.573 I/InstrumentationBackend( 4223): Added:'SendTcp', with key:'send_tcp'
12-14 00:00:29.574 I/InstrumentationBackend( 4223): Added:'DpToDevicePixel', with key:'dp_to_device_pixel'
12-14 00:00:29.575 I/InstrumentationBackend( 4223): Added:'KeyboardEnterText', with key:'keyboard_enter_text'
12-14 00:00:29.576 I/InstrumentationBackend( 4223): Added:'DeleteSurroundingText', with key:'delete_surrounding_text'
12-14 00:00:29.577 I/InstrumentationBackend( 4223): Added:'SetComposingRegion', with key:'set_composing_region'
12-14 00:00:29.577 I/InstrumentationBackend( 4223): Added:'SetSelection', with key:'set_selection'
12-14 00:00:29.578 I/InstrumentationBackend( 4223): Added:'KeyboardKeyEvent', with key:'keyboard_key_event'
12-14 00:00:29.578 I/InstrumentationBackend( 4223): Added:'PressUserActionButton', with key:'press_user_action_button'
12-14 00:00:29.579 I/InstrumentationBackend( 4223): Added:'HideSoftKeyboard', with key:'hide_soft_keyboard'
12-14 00:00:29.581 I/InstrumentationBackend( 4223): Added:'ListActions', with key:'list_actions'
12-14 00:00:29.581 I/calabash( 4223): Instantiating http server at 7102
12-14 00:00:29.581 I/System.out( 4223): HTTP Daemon listening on: 7102
12-14 00:00:29.623 I/System.out( 4223): URI: //ping
12-14 00:00:29.624 I/System.out( 4223): params: {json={}
12-14 00:00:29.624 I/System.out( 4223): }
12-14 00:00:29.644 I/System.out( 4223): URI: //ping
12-14 00:00:29.644 I/System.out( 4223): params: {json={}
12-14 00:00:29.644 I/System.out( 4223): }
12-14 00:00:29.656 I/System.out( 4223): URI: //ready
12-14 00:00:29.656 I/System.out( 4223): params: {json={}
12-14 00:00:29.656 I/System.out( 4223): }
12-14 00:00:29.665 I/System.out( 4223): URI: //
12-14 00:00:29.665 I/System.out( 4223): params: {json={"command":"version","arguments":[]}
12-14 00:00:29.665 I/System.out( 4223): }
12-14 00:00:29.665 I/System.out( 4223): header: {content-type=application/json;charset=utf-8, date=Mon, 14 Dec 2020 05:00:30 GMT, accept=*/*, host=127.0.0.1:34777, content-length=36, user-agent=HTTPClient/1.0 (2.8.3, ruby 2.5.8 (2020-03-31))}
12-14 00:00:29.665 I/System.out( 4223): params: {json={"command":"version","arguments":[]}
12-14 00:00:29.665 I/System.out( 4223): }
12-14 00:00:29.665 I/System.out( 4223): ProP json = {"command":"version","arguments":[]}
12-14 00:00:29.665 I/System.out( 4223): files: {}
12-14 00:00:29.665 I/System.out( 4223): command: {"command":"version","arguments":[]}
12-14 00:00:29.695 I/InstrumentationBackend( 4223): Got command:'Command:'Line:null,version', arguments:'[]'
12-14 00:00:29.735 I/System.out( 4223): result:{"bonusInformation":[],"message":"0.9.8","success":true}
12-14 00:00:29.741 I/System.out( 4223): URI: //start-application
12-14 00:00:29.741 I/System.out( 4223): params: {json={"intent":null}
12-14 00:00:29.741 I/System.out( 4223): }
12-14 00:00:29.787 I/ActivityManager( 1626): START u0 {act=android.intent.action.MAIN cat=[android.intent.category.LAUNCHER] flg=0x10200000 cmp=com.evancharlton.mileage/.Mileage} from uid 10198
12-14 00:00:29.809 I/calabash( 4223): newActivity1
12-14 00:00:29.821 D/gralloc_ranchu( 1394): gralloc_alloc: Creating ashmem region of size 7753728
12-14 00:00:29.858 W/ActivityManager( 1626): Bad activity token: android.os.BinderProxy@75af709
12-14 00:00:29.858 W/ActivityManager( 1626): java.lang.ClassCastException: android.os.BinderProxy cannot be cast to com.android.server.am.ActivityRecord$Token
12-14 00:00:29.858 W/ActivityManager( 1626): 	at com.android.server.am.ActivityRecord.forTokenLocked(ActivityRecord.java:778)
12-14 00:00:29.858 W/ActivityManager( 1626): 	at com.android.server.am.ActivityRecord.isInStackLocked(ActivityRecord.java:2085)
12-14 00:00:29.858 W/ActivityManager( 1626): 	at com.android.server.am.ActivityRecord.getStackLocked(ActivityRecord.java:2090)
12-14 00:00:29.858 W/ActivityManager( 1626): 	at com.android.server.am.ActivityManagerService.getActivityDisplayId(ActivityManagerService.java:10406)
12-14 00:00:29.858 W/ActivityManager( 1626): 	at android.app.IActivityManager$Stub.onTransact(IActivityManager.java:2738)
12-14 00:00:29.858 W/ActivityManager( 1626): 	at com.android.server.am.ActivityManagerService.onTransact(ActivityManagerService.java:2935)
12-14 00:00:29.858 W/ActivityManager( 1626): 	at android.os.Binder.execTransact(Binder.java:674)
12-14 00:00:29.860 I/calabash( 4223): newActivity1
12-14 00:00:29.868 D/EGL_emulation( 2159): eglMakeCurrent: 0xa2885a80: ver 3 0 (tinfo 0xa2883790)
12-14 00:00:29.876 D/EGL_emulation( 2126): eglMakeCurrent: 0xa2885a80: ver 3 0 (tinfo 0xa2883860)
12-14 00:00:29.895 D/EGL_emulation( 1731): eglMakeCurrent: 0x8f259580: ver 3 0 (tinfo 0x8f21bdf0)
12-14 00:00:29.897 W/ActivityManager( 1626): Bad activity token: android.os.BinderProxy@75af709
12-14 00:00:29.897 W/ActivityManager( 1626): java.lang.ClassCastException: android.os.BinderProxy cannot be cast to com.android.server.am.ActivityRecord$Token
12-14 00:00:29.897 W/ActivityManager( 1626): 	at com.android.server.am.ActivityRecord.forTokenLocked(ActivityRecord.java:778)
12-14 00:00:29.897 W/ActivityManager( 1626): 	at com.android.server.am.ActivityRecord.isInStackLocked(ActivityRecord.java:2085)
12-14 00:00:29.897 W/ActivityManager( 1626): 	at com.android.server.am.ActivityManagerService.setTaskDescription(ActivityManagerService.java:9988)
12-14 00:00:29.897 W/ActivityManager( 1626): 	at android.app.IActivityManager$Stub.onTransact(IActivityManager.java:2824)
12-14 00:00:29.897 W/ActivityManager( 1626): 	at com.android.server.am.ActivityManagerService.onTransact(ActivityManagerService.java:2935)
12-14 00:00:29.897 W/ActivityManager( 1626): 	at android.os.Binder.execTransact(Binder.java:674)
12-14 00:00:29.902 W/ActivityManager( 1626): Bad activity token: android.os.BinderProxy@75af709
12-14 00:00:29.902 W/ActivityManager( 1626): java.lang.ClassCastException: android.os.BinderProxy cannot be cast to com.android.server.am.ActivityRecord$Token
12-14 00:00:29.902 W/ActivityManager( 1626): 	at com.android.server.am.ActivityRecord.forTokenLocked(ActivityRecord.java:778)
12-14 00:00:29.902 W/ActivityManager( 1626): 	at com.android.server.am.ActivityRecord.isInStackLocked(ActivityRecord.java:2085)
12-14 00:00:29.902 W/ActivityManager( 1626): 	at com.android.server.am.ActivityRecord.getStackLocked(ActivityRecord.java:2090)
12-14 00:00:29.902 W/ActivityManager( 1626): 	at com.android.server.am.ActivityManagerService.getActivityStackId(ActivityManagerService.java:10417)
12-14 00:00:29.902 W/ActivityManager( 1626): 	at android.app.IActivityManager$Stub.onTransact(IActivityManager.java:3548)
12-14 00:00:29.902 W/ActivityManager( 1626): 	at com.android.server.am.ActivityManagerService.onTransact(ActivityManagerService.java:2935)
12-14 00:00:29.902 W/ActivityManager( 1626): 	at android.os.Binder.execTransact(Binder.java:674)
12-14 00:00:29.923 I/chatty  ( 1731): uid=10028(u0_a28) RenderThread identical 1 line
12-14 00:00:29.932 D/EGL_emulation( 1731): eglMakeCurrent: 0x8f259580: ver 3 0 (tinfo 0x8f21bdf0)
12-14 00:00:29.933 E/ContentStoreEUAS( 2159): Failed to commit the deferred actions
12-14 00:00:29.938 V/StatusBar( 1731): setLightsOn(true)
12-14 00:00:29.942 D/EGL_emulation( 1731): eglMakeCurrent: 0x8f259580: ver 3 0 (tinfo 0x8f21bdf0)
12-14 00:00:30.069 W/ActivityManager( 1626): Bad activity token: android.os.BinderProxy@75af709
12-14 00:00:30.069 W/ActivityManager( 1626): java.lang.ClassCastException: android.os.BinderProxy cannot be cast to com.android.server.am.ActivityRecord$Token
12-14 00:00:30.069 W/ActivityManager( 1626): 	at com.android.server.am.ActivityRecord.forTokenLocked(ActivityRecord.java:778)
12-14 00:00:30.069 W/ActivityManager( 1626): 	at com.android.server.am.ActivityRecord.isInStackLocked(ActivityRecord.java:2085)
12-14 00:00:30.069 W/ActivityManager( 1626): 	at com.android.server.am.ActivityManagerService.getActivityOptions(ActivityManagerService.java:13302)
12-14 00:00:30.069 W/ActivityManager( 1626): 	at android.app.IActivityManager$Stub.onTransact(IActivityManager.java:2910)
12-14 00:00:30.069 W/ActivityManager( 1626): 	at com.android.server.am.ActivityManagerService.onTransact(ActivityManagerService.java:2935)
12-14 00:00:30.069 W/ActivityManager( 1626): 	at android.os.Binder.execTransact(Binder.java:674)
12-14 00:00:30.070 W/ActivityManager( 1626): Bad activity token: android.os.BinderProxy@75af709
12-14 00:00:30.070 W/ActivityManager( 1626): java.lang.ClassCastException: android.os.BinderProxy cannot be cast to com.android.server.am.ActivityRecord$Token
12-14 00:00:30.070 W/ActivityManager( 1626): 	at com.android.server.am.ActivityRecord.forTokenLocked(ActivityRecord.java:778)
12-14 00:00:30.070 W/ActivityManager( 1626): 	at com.android.server.am.ActivityRecord.isInStackLocked(ActivityRecord.java:2085)
12-14 00:00:30.070 W/ActivityManager( 1626): 	at com.android.server.am.ActivityManagerService.getActivityOptions(ActivityManagerService.java:13302)
12-14 00:00:30.070 W/ActivityManager( 1626): 	at android.app.IActivityManager$Stub.onTransact(IActivityManager.java:2910)
12-14 00:00:30.070 W/ActivityManager( 1626): 	at com.android.server.am.ActivityManagerService.onTransact(ActivityManagerService.java:2935)
12-14 00:00:30.070 W/ActivityManager( 1626): 	at android.os.Binder.execTransact(Binder.java:674)
12-14 00:00:30.106 I/chatty  ( 1731): uid=10028(u0_a28) RenderThread identical 17 lines
12-14 00:00:30.112 D/EGL_emulation( 1731): eglMakeCurrent: 0x8f259580: ver 3 0 (tinfo 0x8f21bdf0)
12-14 00:00:30.224 V/StatusBar( 1731): setLightsOn(true)
12-14 00:00:30.259 I/zygote  ( 4223): Do partial code cache collection, code=29KB, data=29KB
12-14 00:00:30.259 I/zygote  ( 4223): After code cache collection, code=29KB, data=29KB
12-14 00:00:30.259 I/zygote  ( 4223): Increasing code cache capacity to 128KB
12-14 00:00:30.261 I/zygote  ( 4223): Do partial code cache collection, code=29KB, data=47KB
12-14 00:00:30.262 I/zygote  ( 4223): After code cache collection, code=29KB, data=47KB
12-14 00:00:30.262 I/zygote  ( 4223): Increasing code cache capacity to 256KB
12-14 00:00:30.264 I/zygote  ( 4223): JIT allocated 71KB for compiled code of void android.widget.TextView.<init>(android.content.Context, android.util.AttributeSet, int, int)
12-14 00:00:30.264 I/zygote  ( 4223): Compiler allocated 4MB to compile void android.widget.TextView.<init>(android.content.Context, android.util.AttributeSet, int, int)
12-14 00:00:30.308 V/StatusBar( 1731): setLightsOn(true)
12-14 00:00:30.328 I/chatty  ( 1731): uid=10028(u0_a28) com.android.systemui identical 1 line
12-14 00:00:30.332 V/StatusBar( 1731): setLightsOn(true)
12-14 00:00:30.381 D/gralloc_ranchu( 1394): gralloc_alloc: Creating ashmem region of size 7753728
12-14 00:00:30.412 D/        ( 4223): HostConnection::get() New Host Connection established 0x9fdb0bc0, tid 4223
12-14 00:00:30.474 V/StatusBar( 1731): setLightsOn(true)
12-14 00:00:30.476 I/ActivityManager( 1626): Displayed com.evancharlton.mileage/.Mileage: +674ms
12-14 00:00:30.478 V/StatusBar( 1731): setLightsOn(true)
12-14 00:00:30.504 V/StatusBar( 1731): setLightsOn(true)
12-14 00:00:30.534 D/gralloc_ranchu( 1394): gralloc_alloc: Creating ashmem region of size 7753728
12-14 00:00:30.534 I/zygote  ( 4223): Do full code cache collection, code=125KB, data=71KB
12-14 00:00:30.536 I/zygote  ( 4223): After code cache collection, code=107KB, data=44KB
12-14 00:00:30.636 V/StatusBar( 1731): setLightsOn(true)
12-14 00:00:30.692 V/StatusBar( 1731): setLightsOn(true)
12-14 00:00:30.734 W/SurfaceFlinger( 1411): couldn't log to binary event log: overflow.
12-14 00:00:30.819 I/PBSessionCacheImpl( 2159): Deleted sessionId[3726930964031] from persistence.
12-14 00:00:30.857 W/SearchService( 2159): Abort, client detached.
