--------- beginning of main
12-14 00:59:08.938 V/StatusBar( 1728): setLightsOn(true)
12-14 00:59:09.114 I/zygote  ( 1942): Background concurrent copying GC freed 90163(5MB) AllocSpace objects, 7(164KB) LOS objects, 43% free, 7MB/13MB, paused 2.980ms total 233.955ms
12-14 00:59:09.293 D/BoundBrokerSvc( 1942): onUnbind: Intent { act=com.google.android.gms.auth.account.workaccount.START cmp=com.google.android.gms/.chimera.PersistentApiService }
12-14 00:59:09.341 E/memtrack( 1630): Couldn't load memtrack module
12-14 00:59:09.342 W/android.os.Debug( 1630): failed to get memory consumption info: -1
12-14 00:59:09.408 I/System.out( 3923): URI: //kill
12-14 00:59:09.408 I/System.out( 3923): params: {json={}
12-14 00:59:09.408 I/System.out( 3923): }
12-14 00:59:09.408 I/System.out( 3923): Stopping test server
12-14 00:59:09.413 E/adbd    ( 1383): failed to connect to socket 'tcp:7102': Connection refused
12-14 00:59:09.416 E/adbd    ( 1383): failed to connect to socket 'tcp:7102': Connection refused
12-14 00:59:09.482 V/StatusBar( 1728): setLightsOn(true)
12-14 00:59:09.496 V/StatusBar( 1728): setLightsOn(true)
12-14 00:59:09.508 D/gralloc_ranchu( 1396): gralloc_alloc: Creating ashmem region of size 8298496
12-14 00:59:09.520 D/gralloc_ranchu( 1396): gralloc_alloc: Creating ashmem region of size 8298496
12-14 00:59:09.526 V/StatusBar( 1728): setLightsOn(true)
12-14 00:59:09.570 D/gralloc_ranchu( 1396): gralloc_alloc: Creating ashmem region of size 8298496
12-14 00:59:09.632 D/SurfaceFlinger( 1407): duplicate layer name: changing com.google.android.apps.nexuslauncher/com.google.android.apps.nexuslauncher.NexusLauncherActivity to com.google.android.apps.nexuslauncher/com.google.android.apps.nexuslauncher.NexusLauncherActivity#1
12-14 00:59:09.638 D/gralloc_ranchu( 1396): gralloc_alloc: Creating ashmem region of size 8298496
12-14 00:59:09.655 D/BoundBrokerSvc( 1942): onUnbind: Intent { act=com.google.android.gms.auth.proximity.START cmp=com.google.android.gms/.chimera.PersistentBoundBrokerService }
12-14 00:59:09.704 D/BoundBrokerSvc( 2110): onUnbind: Intent { act=com.google.android.gms.auth.cryptauth.cryptauthservice.START cmp=com.google.android.gms/.chimera.GmsBoundBrokerService }
12-14 00:59:09.737 D/EGL_emulation( 1728): eglMakeCurrent: 0x984dc040: ver 3 0 (tinfo 0x984e5cb0)
12-14 00:59:09.738 D/EGL_emulation( 2208): eglMakeCurrent: 0x9ca84ba0: ver 3 0 (tinfo 0x9ca83780)
12-14 00:59:09.741 D/gralloc_ranchu( 1396): gralloc_alloc: Creating ashmem region of size 8298496
12-14 00:59:09.809 D/gralloc_ranchu( 1396): gralloc_alloc: Creating ashmem region of size 8298496
12-14 00:59:09.894 I/zygote  ( 2208): Deoptimizing void com.google.android.apps.gsa.search.core.service.worker.a.a.a(com.google.android.apps.gsa.search.core.state.qc) due to JIT inline cache
12-14 00:59:09.911 W/SessionLifecycleManager( 2208): Handover failed. Creating new session controller.
12-14 00:59:09.919 D/EGL_emulation( 2180): eglMakeCurrent: 0x9a47d260: ver 3 0 (tinfo 0x9a47f820)
12-14 00:59:09.920 E/GmsClient( 2208): unable to connect to service: com.google.android.gms.speech.service.START on com.google.android.gms
12-14 00:59:09.929 I/OptInState( 2208): There is a new client and it does not support opt-in. Dropping request.
12-14 00:59:09.967 D/gralloc_ranchu( 1396): gralloc_alloc: Creating ashmem region of size 7753728
12-14 00:59:09.985 I/MicroDetectionWorker( 2208): #updateMicroDetector [detectionMode: [mDetectionMode: [1]]]
12-14 00:59:09.986 I/MicroDetectionWorker( 2208): #startMicroDetector [speakerMode: 0]
12-14 00:59:09.988 D/        ( 1728): HostConnection::get() New Host Connection established 0x86a1a1c0, tid 1987
12-14 00:59:09.990 I/AudioController( 2208): Using mInputStreamFactoryBuilder
12-14 00:59:10.001 D/EGL_emulation( 1728): eglMakeCurrent: 0x984dc040: ver 3 0 (tinfo 0x984e5cb0)
12-14 00:59:10.014 I/MicroDetectionWorker( 2208): onReady
12-14 00:59:10.019 I/MicroRecognitionRunner( 2208): Starting detection.
12-14 00:59:10.020 I/MicrophoneInputStream( 2208): mic_starting com.google.android.apps.gsa.staticplugins.aa.c@4364d81
12-14 00:59:10.030 I/MicrophoneInputStream( 2208): mic_started com.google.android.apps.gsa.staticplugins.aa.c@4364d81
12-14 00:59:10.031 I/MicroDetectionWorker( 2208): onReady
12-14 00:59:10.037 I/MicrophoneInputStream( 2208): mic_close com.google.android.apps.gsa.staticplugins.aa.c@4364d81
12-14 00:59:10.041 D/EGL_emulation( 1728): eglMakeCurrent: 0x984dc040: ver 3 0 (tinfo 0x984e5cb0)
12-14 00:59:10.043 I/MicroRecognitionRunner( 2208): Detection finished
12-14 00:59:10.043 W/ErrorReporter( 2208): reportError [type: 211, code: 524300]: Error reading from input stream
12-14 00:59:10.047 D/EGL_emulation( 1728): eglMakeCurrent: 0x984dc040: ver 3 0 (tinfo 0x984e5cb0)
12-14 00:59:10.053 I/AudioFlinger( 1477): AudioFlinger's thread 0xaad83e80 tid=3997 ready to run
12-14 00:59:10.058 I/MicroRecognitionRunner( 2208): Stopping hotword detection.
12-14 00:59:10.060 D/EGL_emulation( 1728): eglMakeCurrent: 0x984dc040: ver 3 0 (tinfo 0x984e5cb0)
12-14 00:59:10.060 W/ErrorProcessor( 2208): onFatalError, processing error from engine(4)
12-14 00:59:10.060 W/ErrorProcessor( 2208): com.google.android.apps.gsa.shared.speech.b.g: Error reading from input stream
12-14 00:59:10.060 W/ErrorProcessor( 2208): 	at com.google.android.apps.gsa.staticplugins.recognizer.j.a.a(SourceFile:28)
12-14 00:59:10.060 W/ErrorProcessor( 2208): 	at com.google.android.apps.gsa.staticplugins.recognizer.j.b.run(SourceFile:15)
12-14 00:59:10.060 W/ErrorProcessor( 2208): 	at java.util.concurrent.Executors$RunnableAdapter.call(Executors.java:457)
12-14 00:59:10.060 W/ErrorProcessor( 2208): 	at java.util.concurrent.FutureTask.run(FutureTask.java:266)
12-14 00:59:10.060 W/ErrorProcessor( 2208): 	at com.google.android.apps.gsa.shared.util.concurrent.a.ax.run(SourceFile:14)
12-14 00:59:10.060 W/ErrorProcessor( 2208): 	at com.google.android.apps.gsa.shared.util.concurrent.a.bl.run(SourceFile:4)
12-14 00:59:10.060 W/ErrorProcessor( 2208): 	at com.google.android.apps.gsa.shared.util.concurrent.a.bl.run(SourceFile:4)
12-14 00:59:10.060 W/ErrorProcessor( 2208): 	at java.util.concurrent.ThreadPoolExecutor.runWorker(ThreadPoolExecutor.java:1162)
12-14 00:59:10.060 W/ErrorProcessor( 2208): 	at java.util.concurrent.ThreadPoolExecutor$Worker.run(ThreadPoolExecutor.java:636)
12-14 00:59:10.060 W/ErrorProcessor( 2208): 	at java.lang.Thread.run(Thread.java:764)
12-14 00:59:10.060 W/ErrorProcessor( 2208): 	at com.google.android.apps.gsa.shared.util.concurrent.a.ai.run(SourceFile:6)
12-14 00:59:10.060 W/ErrorProcessor( 2208): Caused by: com.google.android.apps.gsa.shared.exception.GsaIOException: Error code: 393238 | Buffer overflow, no available space.
12-14 00:59:10.060 W/ErrorProcessor( 2208): 	at com.google.android.apps.gsa.speech.audio.Tee.f(SourceFile:103)
12-14 00:59:10.060 W/ErrorProcessor( 2208): 	at com.google.android.apps.gsa.speech.audio.au.read(SourceFile:2)
12-14 00:59:10.060 W/ErrorProcessor( 2208): 	at java.io.InputStream.read(InputStream.java:101)
12-14 00:59:10.060 W/ErrorProcessor( 2208): 	at com.google.android.apps.gsa.speech.audio.ao.run(SourceFile:18)
12-14 00:59:10.060 W/ErrorProcessor( 2208): 	at com.google.android.apps.gsa.speech.audio.an.run(SourceFile:2)
12-14 00:59:10.060 W/ErrorProcessor( 2208): 	... 9 more
12-14 00:59:10.061 I/AudioController( 2208): internalShutdown
12-14 00:59:10.064 D/EGL_emulation( 1728): eglMakeCurrent: 0x984dc040: ver 3 0 (tinfo 0x984e5cb0)
12-14 00:59:10.070 I/MicroDetector( 2208): Keeping mic open: false
12-14 00:59:10.071 I/MicroDetectionWorker( 2208): #onError(false)
12-14 00:59:10.071 I/DeviceStateChecker( 2208): DeviceStateChecker cancelled
12-14 00:59:10.078 D/EGL_emulation( 1728): eglMakeCurrent: 0x984dc040: ver 3 0 (tinfo 0x984e5cb0)
12-14 00:59:10.083 I/chatty  ( 1728): uid=10028(u0_a28) RenderThread identical 1 line
12-14 00:59:10.093 D/EGL_emulation( 1728): eglMakeCurrent: 0x984dc040: ver 3 0 (tinfo 0x984e5cb0)
12-14 00:59:10.094 I/zygote  ( 2208): Background concurrent copying GC freed 18135(1101KB) AllocSpace objects, 10(3MB) LOS objects, 49% free, 4MB/8MB, paused 976us total 152.792ms
12-14 00:59:10.101 D/        ( 1728): HostConnection::get() New Host Connection established 0x9caa0740, tid 1747
12-14 00:59:10.109 D/EGL_emulation( 1728): eglMakeCurrent: 0x984dc040: ver 3 0 (tinfo 0x984e5cb0)
12-14 00:59:10.171 I/chatty  ( 1728): uid=10028(u0_a28) RenderThread identical 8 lines
12-14 00:59:10.180 D/EGL_emulation( 1728): eglMakeCurrent: 0x984dc040: ver 3 0 (tinfo 0x984e5cb0)
12-14 00:59:10.190 I/zygote  ( 2208): Do full code cache collection, code=247KB, data=205KB
12-14 00:59:10.190 I/zygote  ( 2208): After code cache collection, code=237KB, data=160KB
12-14 00:59:10.192 D/EGL_emulation( 1728): eglMakeCurrent: 0x984dc040: ver 3 0 (tinfo 0x984e5cb0)
12-14 00:59:10.219 I/chatty  ( 1728): uid=10028(u0_a28) RenderThread identical 3 lines
12-14 00:59:10.261 D/EGL_emulation( 1728): eglMakeCurrent: 0x984dc040: ver 3 0 (tinfo 0x984e5cb0)
12-14 00:59:10.416 W/OpenGLRenderer( 2180): Incorrectly called buildLayer on View: ShortcutAndWidgetContainer, destroying layer...
12-14 00:59:10.449 D/OpenGLRenderer( 1630): HWUI GL Pipeline
12-14 00:59:10.451 E/SurfaceFlinger( 1407): ro.sf.lcd_density must be defined as a build property
12-14 00:59:10.454 D/        ( 1630): HostConnection::get() New Host Connection established 0x8bbfea00, tid 3998
12-14 00:59:10.456 I/OpenGLRenderer( 1630): Initialized EGL, version 1.4
12-14 00:59:10.456 D/OpenGLRenderer( 1630): Swap behavior 1
12-14 00:59:10.456 W/OpenGLRenderer( 1630): Failed to choose config with EGL_SWAP_BEHAVIOR_PRESERVED, retrying without...
12-14 00:59:10.456 D/OpenGLRenderer( 1630): Swap behavior 0
12-14 00:59:10.471 D/EGL_emulation( 1630): eglCreateContext: 0x9ca85380: maj 3 min 0 rcv 3
12-14 00:59:10.473 D/EGL_emulation( 1630): eglMakeCurrent: 0x9ca85380: ver 3 0 (tinfo 0x8a6968e0)
12-14 00:59:10.473 E/eglCodecCommon( 1630): glUtilsParamSize: unknow param 0x00008cdf
12-14 00:59:10.473 E/eglCodecCommon( 1630): glUtilsParamSize: unknow param 0x00008cdf
12-14 00:59:10.474 E/eglCodecCommon( 1630): glUtilsParamSize: unknow param 0x00008824
12-14 00:59:10.474 E/eglCodecCommon( 1630): glUtilsParamSize: unknow param 0x00008824
12-14 00:59:10.527 D/BoundBrokerSvc( 1942): onUnbind: Intent { act=com.google.android.contextmanager.service.ContextManagerService.START cmp=com.google.android.gms/.chimera.PersistentApiService }
12-14 00:59:11.861 W/audio_hw_generic( 1390): Not supplying enough data to HAL, expected position 309547 , only wrote 156960
12-14 00:59:13.655 D/BoundBrokerSvc( 1942): onUnbind: Intent { act=com.google.android.gms.pseudonymous.service.START cmp=com.google.android.gms/.chimera.PersistentApiService }
--------- beginning of system
12-14 00:59:14.286 W/RemoteFillService( 1630): Not handling { when=-6ms what=3 target=com.android.internal.os.HandlerCaller$MyHandler } as service for ComponentInfo{com.google.android.gms/com.google.android.gms.autofill.service.AutofillService} is already destroyed
12-14 00:59:15.075 I/MicroDetectionWorker( 2208): #updateMicroDetector [detectionMode: [mDetectionMode: [1]]]
12-14 00:59:15.075 I/MicroDetectionWorker( 2208): #startMicroDetector [speakerMode: 0]
12-14 00:59:15.076 I/AudioController( 2208): Using mInputStreamFactoryBuilder
12-14 00:59:15.079 I/MicroDetectionWorker( 2208): onReady
12-14 00:59:15.082 I/MicroRecognitionRunner( 2208): Starting detection.
12-14 00:59:15.083 I/MicrophoneInputStream( 2208): mic_starting com.google.android.apps.gsa.staticplugins.aa.c@a6e90ae
12-14 00:59:15.091 I/AudioFlinger( 1477): AudioFlinger's thread 0xaac03200 tid=4002 ready to run
12-14 00:59:15.096 I/MicrophoneInputStream( 2208): mic_started com.google.android.apps.gsa.staticplugins.aa.c@a6e90ae
12-14 00:59:15.097 E/ActivityThread( 2208): Failed to find provider info for com.google.android.apps.gsa.testing.ui.audio.recorded
12-14 00:59:15.097 I/MicroDetectionWorker( 2208): onReady
12-14 00:59:15.099 I/MicrophoneInputStream( 2208): mic_close com.google.android.apps.gsa.staticplugins.aa.c@a6e90ae
12-14 00:59:15.100 I/MicroRecognitionRunner( 2208): Detection finished
12-14 00:59:15.100 W/ErrorReporter( 2208): reportError [type: 211, code: 524300]: Error reading from input stream
12-14 00:59:15.100 I/MicroRecognitionRunner( 2208): Stopping hotword detection.
12-14 00:59:15.100 W/ErrorProcessor( 2208): onFatalError, processing error from engine(4)
12-14 00:59:15.100 W/ErrorProcessor( 2208): com.google.android.apps.gsa.shared.speech.b.g: Error reading from input stream
12-14 00:59:15.100 W/ErrorProcessor( 2208): 	at com.google.android.apps.gsa.staticplugins.recognizer.j.a.a(SourceFile:28)
12-14 00:59:15.100 W/ErrorProcessor( 2208): 	at com.google.android.apps.gsa.staticplugins.recognizer.j.b.run(SourceFile:15)
12-14 00:59:15.100 W/ErrorProcessor( 2208): 	at java.util.concurrent.Executors$RunnableAdapter.call(Executors.java:457)
12-14 00:59:15.100 W/ErrorProcessor( 2208): 	at java.util.concurrent.FutureTask.run(FutureTask.java:266)
12-14 00:59:15.100 W/ErrorProcessor( 2208): 	at com.google.android.apps.gsa.shared.util.concurrent.a.ax.run(SourceFile:14)
12-14 00:59:15.100 W/ErrorProcessor( 2208): 	at com.google.android.apps.gsa.shared.util.concurrent.a.bl.run(SourceFile:4)
12-14 00:59:15.100 W/ErrorProcessor( 2208): 	at com.google.android.apps.gsa.shared.util.concurrent.a.bl.run(SourceFile:4)
12-14 00:59:15.100 W/ErrorProcessor( 2208): 	at java.util.concurrent.ThreadPoolExecutor.runWorker(ThreadPoolExecutor.java:1162)
12-14 00:59:15.100 W/ErrorProcessor( 2208): 	at java.util.concurrent.ThreadPoolExecutor$Worker.run(ThreadPoolExecutor.java:636)
12-14 00:59:15.100 W/ErrorProcessor( 2208): 	at java.lang.Thread.run(Thread.java:764)
12-14 00:59:15.100 W/ErrorProcessor( 2208): 	at com.google.android.apps.gsa.shared.util.concurrent.a.ai.run(SourceFile:6)
12-14 00:59:15.100 W/ErrorProcessor( 2208): Caused by: com.google.android.apps.gsa.shared.exception.GsaIOException: Error code: 393238 | Buffer overflow, no available space.
12-14 00:59:15.100 W/ErrorProcessor( 2208): 	at com.google.android.apps.gsa.speech.audio.Tee.f(SourceFile:103)
12-14 00:59:15.100 W/ErrorProcessor( 2208): 	at com.google.android.apps.gsa.speech.audio.au.read(SourceFile:2)
12-14 00:59:15.100 W/ErrorProcessor( 2208): 	at java.io.InputStream.read(InputStream.java:101)
12-14 00:59:15.100 W/ErrorProcessor( 2208): 	at com.google.android.apps.gsa.speech.audio.ao.run(SourceFile:18)
12-14 00:59:15.100 W/ErrorProcessor( 2208): 	at com.google.android.apps.gsa.speech.audio.an.run(SourceFile:2)
12-14 00:59:15.100 W/ErrorProcessor( 2208): 	... 9 more
12-14 00:59:15.100 I/AudioController( 2208): internalShutdown
12-14 00:59:15.101 I/MicroDetector( 2208): Keeping mic open: false
12-14 00:59:15.101 I/MicroDetectionWorker( 2208): #onError(false)
12-14 00:59:15.101 I/DeviceStateChecker( 2208): DeviceStateChecker cancelled
12-14 00:59:15.734 D/AndroidRuntime( 4006): >>>>>> START com.android.internal.os.RuntimeInit uid 2000 <<<<<<
12-14 00:59:15.767 W/app_process( 4006): Unexpected CPU variant for X86 using defaults: x86
12-14 00:59:15.784 D/AndroidRuntime( 4006): Calling main entry com.android.commands.am.Am
12-14 00:59:15.786 I/ActivityManager( 1630): Force stopping com.evancharlton.mileage appid=10258 user=0: start instr
12-14 00:59:15.787 I/ActivityManager( 1630): Killing 3923:com.evancharlton.mileage/u0a258 (adj 0): stop com.evancharlton.mileage
12-14 00:59:15.787 W/ActivityManager( 1630): Crash of app com.evancharlton.mileage running instrumentation ComponentInfo{com.evancharlton.mileage.test/sh.calaba.instrumentationbackend.CalabashInstrumentationTestRunner}
12-14 00:59:15.787 I/ActivityManager( 1630): Force stopping com.evancharlton.mileage appid=10258 user=0: finished inst
12-14 00:59:15.787 I/ActivityManager( 1630): Killing 2475:com.android.providers.calendar/u0a4 (adj 906): empty #17
12-14 00:59:15.793 D/hwcomposer( 1397): hw_composer sent 47 syncs in 60s
12-14 00:59:15.797 I/zygote  ( 4016): Not late-enabling -Xcheck:jni (already on)
12-14 00:59:15.803 I/ActivityManager( 1630): Start proc 4016:com.evancharlton.mileage/u0a258 for added application com.evancharlton.mileage
12-14 00:59:15.803 D/AndroidRuntime( 4006): Shutting down VM
12-14 00:59:15.804 E/memtrack( 1630): Couldn't load memtrack module
12-14 00:59:15.804 W/android.os.Debug( 1630): failed to get memory consumption info: -1
12-14 00:59:15.807 W/ActivityManager( 1630): setHasOverlayUi called on unknown pid: 3923
12-14 00:59:15.811 W/zygote  ( 4016): Unexpected CPU variant for X86 using defaults: x86
12-14 00:59:15.830 E/adbd    ( 1383): failed to connect to socket 'tcp:7102': Connection refused
12-14 00:59:15.832 E/adbd    ( 1383): failed to connect to socket 'tcp:7102': Connection refused
12-14 00:59:15.852 W/zygote  ( 4016): Found duplicate classes, falling back to extracting from APK : /data/app/com.evancharlton.mileage.test-AMYqm-VfNdPo5kPT8Z6-Mg==/base.apk
12-14 00:59:15.852 W/zygote  ( 4016): NOTE: This wastes RAM and hurts startup performance.
12-14 00:59:15.852 W/zygote  ( 4016): Found duplicated class when checking oat files: 'Ljunit/runner/BaseTestRunner;' in /data/app/com.evancharlton.mileage.test-AMYqm-VfNdPo5kPT8Z6-Mg==/base.apk and /system/framework/android.test.runner.jar
12-14 00:59:15.852 W/zygote  ( 4016): 
12-14 00:59:15.860 W/zygote  ( 4032): Unexpected CPU variant for X86 using defaults: x86
12-14 00:59:15.865 I/ActivityManager( 1630): Start proc 4032:com.android.providers.calendar/u0a4 for content provider com.android.providers.calendar/.CalendarProvider2
12-14 00:59:15.884 I/CalendarProvider2( 4032): Created com.android.providers.calendar.CalendarAlarmManager@2df0d8f(com.android.providers.calendar.CalendarProvider2@ab4881c)
12-14 00:59:15.887 W/System  ( 4016): ClassLoader referenced unknown path: 
12-14 00:59:15.897 I/ActivityManager( 1630): Killing 3391:com.android.externalstorage/u0a8 (adj 906): empty #17
12-14 00:59:15.910 I/System.out( 4016): Main activity name automatically set to: com.evancharlton.mileage.Mileage
12-14 00:59:15.911 I/System.out( 4016): Calabash did not load Mono. This is only a problem if you are trying to test a Mono application
12-14 00:59:15.912 I/calabash( 4016): Test server port: 7102
12-14 00:59:15.913 I/InstrumentationBackend( 4016): Added:'GetPreferences', with key:'get_preferences'
12-14 00:59:15.943 E/adbd    ( 1383): failed to connect to socket 'tcp:7102': Connection refused
12-14 00:59:15.945 E/adbd    ( 1383): failed to connect to socket 'tcp:7102': Connection refused
12-14 00:59:15.976 I/InstrumentationBackend( 4016): Added:'SetPreferences', with key:'set_preferences'
12-14 00:59:15.976 I/InstrumentationBackend( 4016): Added:'ClearPreferences', with key:'clear_preferences'
12-14 00:59:15.977 I/InstrumentationBackend( 4016): Added:'PressElement', with key:'press_l10n_element'
12-14 00:59:15.977 I/InstrumentationBackend( 4016): Added:'WaitForElement', with key:'wait_for_l10n_element'
12-14 00:59:15.978 I/InstrumentationBackend( 4016): Added:'NullAction', with key:'nullAction'
12-14 00:59:15.978 I/InstrumentationBackend( 4016): Added:'PressKey', with key:'press_key'
12-14 00:59:15.978 I/InstrumentationBackend( 4016): Added:'SetActivityOrientation', with key:'set_activity_orientation'
12-14 00:59:15.978 I/InstrumentationBackend( 4016): Added:'GetActivityOrientation', with key:'get_activity_orientation'
12-14 00:59:15.979 I/InstrumentationBackend( 4016): Added:'FakeGPSLocation', with key:'set_gps_coordinates'
12-14 00:59:15.980 I/InstrumentationBackend( 4016): Added:'SetPropertyByCssSelector', with key:'set_property_by_css_selector'
12-14 00:59:15.981 I/InstrumentationBackend( 4016): Added:'GetUrl', with key:'get_url'
12-14 00:59:15.983 I/InstrumentationBackend( 4016): Added:'ScrollTo', with key:'scroll_to'
12-14 00:59:15.983 I/InstrumentationBackend( 4016): Added:'GetLoadProgress', with key:'get_load_progress'
12-14 00:59:15.984 I/InstrumentationBackend( 4016): Added:'DumpHtml', with key:'dump_html'
12-14 00:59:15.984 I/InstrumentationBackend( 4016): Added:'DumpBodyHtml', with key:'dump_body_html'
12-14 00:59:15.984 I/InstrumentationBackend( 4016): Added:'EnterTextByCssSelector', with key:'enter_text_by_selector'
12-14 00:59:15.988 I/InstrumentationBackend( 4016): Added:'AndroidSDKVersion', with key:'android_sdk_version'
12-14 00:59:15.988 I/InstrumentationBackend( 4016): Added:'Version', with key:'version'
12-14 00:59:15.989 I/InstrumentationBackend( 4016): Added:'Drag', with key:'drag'
12-14 00:59:15.990 I/InstrumentationBackend( 4016): Added:'TouchCoordinates', with key:'touch_coordinate'
12-14 00:59:15.990 I/InstrumentationBackend( 4016): Added:'LongPressCoordinate', with key:'long_press_coordinate'
12-14 00:59:15.991 I/InstrumentationBackend( 4016): Added:'DragCoordinates', with key:'drag_coordinates'
12-14 00:59:15.991 I/InstrumentationBackend( 4016): Added:'ResumeApplication', with key:'resume_application'
12-14 00:59:15.991 I/InstrumentationBackend( 4016): Added:'Swipe', with key:'swipe'
12-14 00:59:15.992 I/InstrumentationBackend( 4016): Added:'DoubleTapCoordinate', with key:'double_tap_coordinate'
12-14 00:59:15.992 I/InstrumentationBackend( 4016): Added:'ClickOnScreen', with key:'click_on_screen'
12-14 00:59:15.992 I/InstrumentationBackend( 4016): Added:'GetActivityName', with key:'get_activity_name'
12-14 00:59:15.993 I/InstrumentationBackend( 4016): Added:'ScrollToView', with key:'scroll_to_view'
12-14 00:59:15.993 I/InstrumentationBackend( 4016): Added:'ViewConfiguration', with key:'view_configuration'
12-14 00:59:15.993 I/InstrumentationBackend( 4016): Added:'IsCurrentActivityFocused', with key:'is_current_activity_focused'
12-14 00:59:15.994 I/InstrumentationBackend( 4016): Added:'SendTcp', with key:'send_tcp'
12-14 00:59:15.994 I/InstrumentationBackend( 4016): Added:'DpToDevicePixel', with key:'dp_to_device_pixel'
12-14 00:59:15.995 I/InstrumentationBackend( 4016): Added:'KeyboardEnterText', with key:'keyboard_enter_text'
12-14 00:59:15.996 I/InstrumentationBackend( 4016): Added:'DeleteSurroundingText', with key:'delete_surrounding_text'
12-14 00:59:15.996 I/InstrumentationBackend( 4016): Added:'SetComposingRegion', with key:'set_composing_region'
12-14 00:59:15.997 I/InstrumentationBackend( 4016): Added:'SetSelection', with key:'set_selection'
12-14 00:59:15.997 I/InstrumentationBackend( 4016): Added:'KeyboardKeyEvent', with key:'keyboard_key_event'
12-14 00:59:15.997 I/InstrumentationBackend( 4016): Added:'PressUserActionButton', with key:'press_user_action_button'
12-14 00:59:15.998 I/InstrumentationBackend( 4016): Added:'HideSoftKeyboard', with key:'hide_soft_keyboard'
12-14 00:59:15.999 I/InstrumentationBackend( 4016): Added:'ListActions', with key:'list_actions'
12-14 00:59:16.000 I/calabash( 4016): Instantiating http server at 7102
12-14 00:59:16.000 I/System.out( 4016): HTTP Daemon listening on: 7102
12-14 00:59:16.068 I/System.out( 4016): URI: //ping
12-14 00:59:16.070 I/System.out( 4016): params: {json={}
12-14 00:59:16.070 I/System.out( 4016): }
12-14 00:59:16.082 I/System.out( 4016): URI: //ping
12-14 00:59:16.083 I/System.out( 4016): params: {json={}
12-14 00:59:16.083 I/System.out( 4016): }
12-14 00:59:16.091 I/System.out( 4016): URI: //ready
12-14 00:59:16.091 I/System.out( 4016): params: {json={}
12-14 00:59:16.091 I/System.out( 4016): }
12-14 00:59:16.097 I/System.out( 4016): URI: //
12-14 00:59:16.097 I/System.out( 4016): params: {json={"command":"version","arguments":[]}
12-14 00:59:16.097 I/System.out( 4016): }
12-14 00:59:16.097 I/System.out( 4016): header: {content-type=application/json;charset=utf-8, date=Mon, 14 Dec 2020 05:59:16 GMT, accept=*/*, host=127.0.0.1:34777, content-length=36, user-agent=HTTPClient/1.0 (2.8.3, ruby 2.5.8 (2020-03-31))}
12-14 00:59:16.097 I/System.out( 4016): params: {json={"command":"version","arguments":[]}
12-14 00:59:16.097 I/System.out( 4016): }
12-14 00:59:16.097 I/System.out( 4016): ProP json = {"command":"version","arguments":[]}
12-14 00:59:16.097 I/System.out( 4016): files: {}
12-14 00:59:16.097 I/System.out( 4016): command: {"command":"version","arguments":[]}
12-14 00:59:16.113 I/qemu-props( 1403): start adbd ...
12-14 00:59:16.131 I/InstrumentationBackend( 4016): Got command:'Command:'Line:null,version', arguments:'[]'
12-14 00:59:16.166 I/System.out( 4016): result:{"bonusInformation":[],"message":"0.9.8","success":true}
12-14 00:59:16.172 I/System.out( 4016): URI: //start-application
12-14 00:59:16.172 I/System.out( 4016): params: {json={"intent":null}
12-14 00:59:16.172 I/System.out( 4016): }
12-14 00:59:16.211 I/ActivityManager( 1630): START u0 {act=android.intent.action.MAIN cat=[android.intent.category.LAUNCHER] flg=0x10200000 cmp=com.evancharlton.mileage/.Mileage} from uid 10258
12-14 00:59:16.223 I/calabash( 4016): newActivity1
12-14 00:59:16.245 D/gralloc_ranchu( 1396): gralloc_alloc: Creating ashmem region of size 7753728
12-14 00:59:16.254 W/ActivityManager( 1630): Bad activity token: android.os.BinderProxy@dfa32a8
12-14 00:59:16.254 W/ActivityManager( 1630): java.lang.ClassCastException: android.os.BinderProxy cannot be cast to com.android.server.am.ActivityRecord$Token
12-14 00:59:16.254 W/ActivityManager( 1630): 	at com.android.server.am.ActivityRecord.forTokenLocked(ActivityRecord.java:778)
12-14 00:59:16.254 W/ActivityManager( 1630): 	at com.android.server.am.ActivityRecord.isInStackLocked(ActivityRecord.java:2085)
12-14 00:59:16.254 W/ActivityManager( 1630): 	at com.android.server.am.ActivityRecord.getStackLocked(ActivityRecord.java:2090)
12-14 00:59:16.254 W/ActivityManager( 1630): 	at com.android.server.am.ActivityManagerService.getActivityDisplayId(ActivityManagerService.java:10406)
12-14 00:59:16.254 W/ActivityManager( 1630): 	at android.app.IActivityManager$Stub.onTransact(IActivityManager.java:2738)
12-14 00:59:16.254 W/ActivityManager( 1630): 	at com.android.server.am.ActivityManagerService.onTransact(ActivityManagerService.java:2935)
12-14 00:59:16.254 W/ActivityManager( 1630): 	at android.os.Binder.execTransact(Binder.java:674)
12-14 00:59:16.258 I/calabash( 4016): newActivity1
12-14 00:59:16.275 W/ActivityManager( 1630): Bad activity token: android.os.BinderProxy@dfa32a8
12-14 00:59:16.275 W/ActivityManager( 1630): java.lang.ClassCastException: android.os.BinderProxy cannot be cast to com.android.server.am.ActivityRecord$Token
12-14 00:59:16.275 W/ActivityManager( 1630): 	at com.android.server.am.ActivityRecord.forTokenLocked(ActivityRecord.java:778)
12-14 00:59:16.275 W/ActivityManager( 1630): 	at com.android.server.am.ActivityRecord.isInStackLocked(ActivityRecord.java:2085)
12-14 00:59:16.275 W/ActivityManager( 1630): 	at com.android.server.am.ActivityManagerService.setTaskDescription(ActivityManagerService.java:9988)
12-14 00:59:16.275 W/ActivityManager( 1630): 	at android.app.IActivityManager$Stub.onTransact(IActivityManager.java:2824)
12-14 00:59:16.275 W/ActivityManager( 1630): 	at com.android.server.am.ActivityManagerService.onTransact(ActivityManagerService.java:2935)
12-14 00:59:16.275 W/ActivityManager( 1630): 	at android.os.Binder.execTransact(Binder.java:674)
12-14 00:59:16.275 W/ActivityManager( 1630): Bad activity token: android.os.BinderProxy@dfa32a8
12-14 00:59:16.275 W/ActivityManager( 1630): java.lang.ClassCastException: android.os.BinderProxy cannot be cast to com.android.server.am.ActivityRecord$Token
12-14 00:59:16.275 W/ActivityManager( 1630): 	at com.android.server.am.ActivityRecord.forTokenLocked(ActivityRecord.java:778)
12-14 00:59:16.275 W/ActivityManager( 1630): 	at com.android.server.am.ActivityRecord.isInStackLocked(ActivityRecord.java:2085)
12-14 00:59:16.275 W/ActivityManager( 1630): 	at com.android.server.am.ActivityRecord.getStackLocked(ActivityRecord.java:2090)
12-14 00:59:16.275 W/ActivityManager( 1630): 	at com.android.server.am.ActivityManagerService.getActivityStackId(ActivityManagerService.java:10417)
12-14 00:59:16.275 W/ActivityManager( 1630): 	at android.app.IActivityManager$Stub.onTransact(IActivityManager.java:3548)
12-14 00:59:16.275 W/ActivityManager( 1630): 	at com.android.server.am.ActivityManagerService.onTransact(ActivityManagerService.java:2935)
12-14 00:59:16.275 W/ActivityManager( 1630): 	at android.os.Binder.execTransact(Binder.java:674)
12-14 00:59:16.331 V/StatusBar( 1728): setLightsOn(true)
12-14 00:59:16.338 D/EGL_emulation( 2208): eglMakeCurrent: 0x9ca84ba0: ver 3 0 (tinfo 0x9ca83780)
12-14 00:59:16.339 D/EGL_emulation( 2180): eglMakeCurrent: 0x9a47d260: ver 3 0 (tinfo 0x9a47f820)
12-14 00:59:16.362 D/EGL_emulation( 1728): eglMakeCurrent: 0x984dc040: ver 3 0 (tinfo 0x984e5cb0)
12-14 00:59:16.370 D/EGL_emulation( 1728): eglMakeCurrent: 0x984dc040: ver 3 0 (tinfo 0x984e5cb0)
12-14 00:59:16.372 E/ContentStoreEUAS( 2208): Failed to commit the deferred actions
12-14 00:59:16.374 D/EGL_emulation( 1728): eglMakeCurrent: 0x984dc040: ver 3 0 (tinfo 0x984e5cb0)
12-14 00:59:16.375 V/StatusBar( 1728): setLightsOn(true)
12-14 00:59:16.386 D/EGL_emulation( 1728): eglMakeCurrent: 0x984dc040: ver 3 0 (tinfo 0x984e5cb0)
12-14 00:59:16.390 W/ActivityManager( 1630): Bad activity token: android.os.BinderProxy@dfa32a8
12-14 00:59:16.390 W/ActivityManager( 1630): java.lang.ClassCastException: android.os.BinderProxy cannot be cast to com.android.server.am.ActivityRecord$Token
12-14 00:59:16.390 W/ActivityManager( 1630): 	at com.android.server.am.ActivityRecord.forTokenLocked(ActivityRecord.java:778)
12-14 00:59:16.390 W/ActivityManager( 1630): 	at com.android.server.am.ActivityRecord.isInStackLocked(ActivityRecord.java:2085)
12-14 00:59:16.390 W/ActivityManager( 1630): 	at com.android.server.am.ActivityManagerService.getActivityOptions(ActivityManagerService.java:13302)
12-14 00:59:16.390 W/ActivityManager( 1630): 	at android.app.IActivityManager$Stub.onTransact(IActivityManager.java:2910)
12-14 00:59:16.390 W/ActivityManager( 1630): 	at com.android.server.am.ActivityManagerService.onTransact(ActivityManagerService.java:2935)
12-14 00:59:16.390 W/ActivityManager( 1630): 	at android.os.Binder.execTransact(Binder.java:674)
12-14 00:59:16.391 W/ActivityManager( 1630): Bad activity token: android.os.BinderProxy@dfa32a8
12-14 00:59:16.391 W/ActivityManager( 1630): java.lang.ClassCastException: android.os.BinderProxy cannot be cast to com.android.server.am.ActivityRecord$Token
12-14 00:59:16.391 W/ActivityManager( 1630): 	at com.android.server.am.ActivityRecord.forTokenLocked(ActivityRecord.java:778)
12-14 00:59:16.391 W/ActivityManager( 1630): 	at com.android.server.am.ActivityRecord.isInStackLocked(ActivityRecord.java:2085)
12-14 00:59:16.391 W/ActivityManager( 1630): 	at com.android.server.am.ActivityManagerService.getActivityOptions(ActivityManagerService.java:13302)
12-14 00:59:16.391 W/ActivityManager( 1630): 	at android.app.IActivityManager$Stub.onTransact(IActivityManager.java:2910)
12-14 00:59:16.391 W/ActivityManager( 1630): 	at com.android.server.am.ActivityManagerService.onTransact(ActivityManagerService.java:2935)
12-14 00:59:16.391 W/ActivityManager( 1630): 	at android.os.Binder.execTransact(Binder.java:674)
12-14 00:59:16.480 I/chatty  ( 1728): uid=10028(u0_a28) RenderThread identical 12 lines
12-14 00:59:16.488 D/EGL_emulation( 1728): eglMakeCurrent: 0x984dc040: ver 3 0 (tinfo 0x984e5cb0)
12-14 00:59:16.489 V/StatusBar( 1728): setLightsOn(true)
12-14 00:59:16.497 D/EGL_emulation( 1728): eglMakeCurrent: 0x984dc040: ver 3 0 (tinfo 0x984e5cb0)
12-14 00:59:16.547 I/chatty  ( 1728): uid=10028(u0_a28) RenderThread identical 5 lines
12-14 00:59:16.550 D/EGL_emulation( 1728): eglMakeCurrent: 0x984dc040: ver 3 0 (tinfo 0x984e5cb0)
12-14 00:59:16.557 I/zygote  ( 4016): Do partial code cache collection, code=29KB, data=30KB
12-14 00:59:16.557 I/zygote  ( 4016): After code cache collection, code=29KB, data=30KB
12-14 00:59:16.557 I/zygote  ( 4016): Increasing code cache capacity to 128KB
12-14 00:59:16.558 I/zygote  ( 4016): Do partial code cache collection, code=29KB, data=47KB
12-14 00:59:16.558 I/zygote  ( 4016): After code cache collection, code=29KB, data=47KB
12-14 00:59:16.558 I/zygote  ( 4016): Increasing code cache capacity to 256KB
12-14 00:59:16.559 I/zygote  ( 4016): JIT allocated 71KB for compiled code of void android.widget.TextView.<init>(android.content.Context, android.util.AttributeSet, int, int)
12-14 00:59:16.559 I/zygote  ( 4016): Compiler allocated 4MB to compile void android.widget.TextView.<init>(android.content.Context, android.util.AttributeSet, int, int)
12-14 00:59:16.592 V/StatusBar( 1728): setLightsOn(true)
12-14 00:59:16.602 V/StatusBar( 1728): setLightsOn(true)
12-14 00:59:16.631 D/gralloc_ranchu( 1396): gralloc_alloc: Creating ashmem region of size 7753728
12-14 00:59:16.652 D/        ( 4016): HostConnection::get() New Host Connection established 0x9a12fcc0, tid 4016
12-14 00:59:16.700 V/StatusBar( 1728): setLightsOn(true)
12-14 00:59:16.703 V/StatusBar( 1728): setLightsOn(true)
12-14 00:59:16.707 I/ActivityManager( 1630): Displayed com.evancharlton.mileage/.Mileage: +486ms
12-14 00:59:16.711 V/StatusBar( 1728): setLightsOn(true)
12-14 00:59:16.720 V/StatusBar( 1728): setLightsOn(true)
12-14 00:59:16.740 I/zygote  ( 4016): Do full code cache collection, code=125KB, data=68KB
12-14 00:59:16.741 I/zygote  ( 4016): After code cache collection, code=106KB, data=43KB
12-14 00:59:16.744 D/gralloc_ranchu( 1396): gralloc_alloc: Creating ashmem region of size 7753728
12-14 00:59:16.837 V/StatusBar( 1728): setLightsOn(true)
12-14 00:59:16.904 I/chatty  ( 1728): uid=10028(u0_a28) com.android.systemui identical 1 line
12-14 00:59:16.937 V/StatusBar( 1728): setLightsOn(true)
12-14 00:59:16.956 I/System.out( 4016): URI: //map
12-14 00:59:16.957 I/System.out( 4016): params: {json={"query":"android.widget.CheckBox index:0","operation":{"method_name":"query","arguments":[]}}
12-14 00:59:16.957 I/System.out( 4016): }
12-14 00:59:17.063 V/StatusBar( 1728): setLightsOn(true)
12-14 00:59:17.063 I/ActivityManager( 1630): Killing 3442:com.android.mtp/u0a9 (adj 906): empty #17
12-14 00:59:17.070 I/chatty  ( 1728): uid=10028(u0_a28) com.android.systemui identical 2 lines
12-14 00:59:17.081 V/StatusBar( 1728): setLightsOn(true)
12-14 00:59:17.095 W/SurfaceFlinger( 1407): couldn't log to binary event log: overflow.
12-14 00:59:17.102 I/System.out( 4016): URI: //gesture
12-14 00:59:17.102 I/System.out( 4016): params: {json={"query_timeout":5.0,"gestures":[{"query_string":"android.widget.CheckBox index:0","touches":[{"x":50,"y":50,"offset_x":0,"offset_y":0,"wait":0.0,"time":0.2,"release":true,"query_string":null}]}]}
12-14 00:59:17.102 I/System.out( 4016): }
12-14 00:59:17.124 I/zygote  ( 4016): Do partial code cache collection, code=123KB, data=59KB
12-14 00:59:17.125 I/zygote  ( 4016): After code cache collection, code=123KB, data=59KB
12-14 00:59:17.125 I/zygote  ( 4016): Increasing code cache capacity to 512KB
12-14 00:59:17.176 I/PBSessionCacheImpl( 2208): Deleted sessionId[5788515301324] from persistence.
12-14 00:59:17.222 W/SearchService( 2208): Abort, client detached.
12-14 00:59:17.397 W/audio_hw_generic( 1390): Not supplying enough data to HAL, expected position 157245 , only wrote 156960
12-14 00:59:17.462 I/ContentMaintenance( 2110): Internal cache bytes used: 0; limit: 100000000; download size: 0
12-14 00:59:17.473 I/RealtimeCacheCleanup( 2110): Beginning Realtime garbage collection.
12-14 00:59:17.473 I/RealtimeCacheCleanup( 2110): Finished Realtime garbage collection.
12-14 00:59:17.611 E/SurfaceFlinger( 1407): ro.sf.lcd_density must be defined as a build property
12-14 00:59:17.618 D/gralloc_ranchu( 1396): gralloc_alloc: Creating ashmem region of size 8298496
12-14 00:59:17.627 D/        ( 4076): HostConnection::get() New Host Connection established 0xad32f800, tid 4076
12-14 00:59:17.744 D/gralloc_ranchu( 1396): gralloc_alloc: Creating ashmem region of size 7753728
12-14 00:59:17.953 D/BoundBrokerSvc( 1942): onUnbind: Intent { act=com.google.android.gms.phenotype.service.START cmp=com.google.android.gms/.chimera.PersistentApiService }
12-14 00:59:18.022 I/System.out( 4016): URI: //map
12-14 00:59:18.022 I/System.out( 4016): params: {json={"query":"android.widget.CheckBox index:0","operation":{"method_name":"query","arguments":[]}}
12-14 00:59:18.022 I/System.out( 4016): }
12-14 00:59:18.081 I/System.out( 4016): URI: //gesture
12-14 00:59:18.081 I/System.out( 4016): params: {json={"query_timeout":5.0,"gestures":[{"query_string":"android.widget.CheckBox index:0","touches":[{"x":50,"y":50,"offset_x":0,"offset_y":0,"wait":0.0,"time":0.2,"release":true,"query_string":null}]}]}
12-14 00:59:18.081 I/System.out( 4016): }
12-14 00:59:18.550 E/SurfaceFlinger( 1407): ro.sf.lcd_density must be defined as a build property
12-14 00:59:18.558 D/gralloc_ranchu( 1396): gralloc_alloc: Creating ashmem region of size 8298496
12-14 00:59:18.567 D/        ( 4084): HostConnection::get() New Host Connection established 0xab92f800, tid 4084
12-14 00:59:18.684 E/BatteryStatsService( 1630): modem info is invalid: ModemActivityInfo{ mTimestamp=0 mSleepTimeMs=0 mIdleTimeMs=0 mTxTimeMs[]=[0, 0, 0, 0, 0] mRxTimeMs=0 mEnergyUsed=0}
