12-14 00:59:07.087 W/ActivityManager( 1630): 	at android.os.Binder.execTransact(Binder.java:674)
12-14 00:59:07.089 W/ActivityManager( 1630): Bad activity token: android.os.BinderProxy@1a0777a
12-14 00:59:07.089 W/ActivityManager( 1630): java.lang.ClassCastException: android.os.BinderProxy cannot be cast to com.android.server.am.ActivityRecord$Token
12-14 00:59:07.089 W/ActivityManager( 1630): 	at com.android.server.am.ActivityRecord.forTokenLocked(ActivityRecord.java:778)
12-14 00:59:07.089 W/ActivityManager( 1630): 	at com.android.server.am.ActivityRecord.isInStackLocked(ActivityRecord.java:2085)
12-14 00:59:07.089 W/ActivityManager( 1630): 	at com.android.server.am.ActivityManagerService.getActivityOptions(ActivityManagerService.java:13302)
12-14 00:59:07.089 W/ActivityManager( 1630): 	at android.app.IActivityManager$Stub.onTransact(IActivityManager.java:2910)
12-14 00:59:07.089 W/ActivityManager( 1630): 	at com.android.server.am.ActivityManagerService.onTransact(ActivityManagerService.java:2935)
12-14 00:59:07.089 W/ActivityManager( 1630): 	at android.os.Binder.execTransact(Binder.java:674)
12-14 00:59:07.091 I/chatty  ( 1728): uid=10028(u0_a28) RenderThread identical 9 lines
12-14 00:59:07.095 D/EGL_emulation( 1728): eglMakeCurrent: 0x984dc040: ver 3 0 (tinfo 0x984e5cb0)
12-14 00:59:07.175 V/StatusBar( 1728): setLightsOn(true)
12-14 00:59:07.225 I/zygote  ( 3923): Do partial code cache collection, code=44KB, data=58KB
12-14 00:59:07.225 I/zygote  ( 3923): After code cache collection, code=44KB, data=58KB
12-14 00:59:07.225 I/zygote  ( 3923): Increasing code cache capacity to 256KB
12-14 00:59:07.227 I/zygote  ( 3923): JIT allocated 71KB for compiled code of void android.widget.TextView.<init>(android.content.Context, android.util.AttributeSet, int, int)
12-14 00:59:07.227 I/zygote  ( 3923): Compiler allocated 4MB to compile void android.widget.TextView.<init>(android.content.Context, android.util.AttributeSet, int, int)
12-14 00:59:07.240 V/StatusBar( 1728): setLightsOn(true)
12-14 00:59:07.243 V/StatusBar( 1728): setLightsOn(true)
12-14 00:59:07.262 I/zygote  ( 3923): Do full code cache collection, code=124KB, data=70KB
12-14 00:59:07.264 I/zygote  ( 3923): After code cache collection, code=90KB, data=38KB
12-14 00:59:07.275 D/gralloc_ranchu( 1396): gralloc_alloc: Creating ashmem region of size 7753728
12-14 00:59:07.295 D/        ( 3923): HostConnection::get() New Host Connection established 0x9a12fd00, tid 3923
12-14 00:59:07.301 V/StatusBar( 1728): setLightsOn(true)
12-14 00:59:07.351 I/chatty  ( 1728): uid=10028(u0_a28) com.android.systemui identical 1 line
12-14 00:59:07.355 V/StatusBar( 1728): setLightsOn(true)
12-14 00:59:07.356 I/ActivityManager( 1630): Displayed com.evancharlton.mileage/.Mileage: +561ms
12-14 00:59:07.359 V/StatusBar( 1728): setLightsOn(true)
12-14 00:59:07.379 D/gralloc_ranchu( 1396): gralloc_alloc: Creating ashmem region of size 7753728
12-14 00:59:07.487 W/Nearby  ( 1942): Failed attempt #3 out of 3 for RestoreDeviceName [CONTEXT service_id=49 ]
12-14 00:59:07.487 W/Nearby  ( 1942): java.lang.IllegalStateException: BluetoothAdapter not ready yet!
12-14 00:59:07.487 W/Nearby  ( 1942): 	at alhd.g(:com.google.android.gms@204713022@20.47.13 (040700-344095733):2)
12-14 00:59:07.487 W/Nearby  ( 1942): 	at alhc.run(Unknown Source:0)
12-14 00:59:07.487 W/Nearby  ( 1942): 	at bznt.call(Unknown Source:0)
12-14 00:59:07.487 W/Nearby  ( 1942): 	at bzny.b(:com.google.android.gms@204713022@20.47.13 (040700-344095733):2)
12-14 00:59:07.487 W/Nearby  ( 1942): 	at bzny.a(:com.google.android.gms@204713022@20.47.13 (040700-344095733):0)
12-14 00:59:07.487 W/Nearby  ( 1942): 	at alhb.run(Unknown Source:2)
12-14 00:59:07.487 W/Nearby  ( 1942): 	at java.lang.Thread.run(Thread.java:764)
12-14 00:59:07.487 W/Nearby  ( 1942): 	at tly.run(Unknown Source:5)
12-14 00:59:07.487 W/Nearby  ( 1942): 	at java.util.concurrent.ThreadPoolExecutor.runWorker(ThreadPoolExecutor.java:1162)
12-14 00:59:07.487 W/Nearby  ( 1942): 	at java.util.concurrent.ThreadPoolExecutor$Worker.run(ThreadPoolExecutor.java:636)
12-14 00:59:07.487 W/Nearby  ( 1942): 	at trx.run(:com.google.android.gms@204713022@20.47.13 (040700-344095733):0)
12-14 00:59:07.487 W/Nearby  ( 1942): 	at java.lang.Thread.run(Thread.java:764)
12-14 00:59:07.535 V/StatusBar( 1728): setLightsOn(true)
12-14 00:59:07.537 V/StatusBar( 1728): setLightsOn(true)
12-14 00:59:07.588 I/System.out( 3923): URI: //map
12-14 00:59:07.588 I/System.out( 3923): params: {json={"query":"android.widget.Button index:2","operation":{"method_name":"query","arguments":[]}}
12-14 00:59:07.588 I/System.out( 3923): }
12-14 00:59:07.601 V/StatusBar( 1728): setLightsOn(true)
12-14 00:59:07.602 I/chatty  ( 1728): uid=10028(u0_a28) com.android.systemui identical 1 line
12-14 00:59:07.619 V/StatusBar( 1728): setLightsOn(true)
12-14 00:59:07.631 W/SurfaceFlinger( 1407): couldn't log to binary event log: overflow.
12-14 00:59:07.632 W/SurfaceFlinger( 1407): couldn't log to binary event log: overflow.
12-14 00:59:07.711 I/PBSessionCacheImpl( 2208): Deleted sessionId[5788515300941] from persistence.
12-14 00:59:07.730 W/SearchService( 2208): Abort, client detached.
12-14 00:59:07.733 E/WorkerRegistryImpl( 2208): getWorker() is called after WorkerRegistry disposal.
12-14 00:59:07.734 E/WorkerRegistryImpl( 2208): getWorker() is called after WorkerRegistry disposal.
12-14 00:59:07.748 I/System.out( 3923): URI: //gesture
12-14 00:59:07.748 I/System.out( 3923): params: {json={"query_timeout":5.0,"gestures":[{"query_string":"android.widget.Button index:2","touches":[{"x":50,"y":50,"offset_x":0,"offset_y":0,"wait":0.0,"time":0.2,"release":true,"query_string":null}]}]}
12-14 00:59:07.748 I/System.out( 3923): }
12-14 00:59:07.830 I/zygote  ( 3923): Do partial code cache collection, code=117KB, data=58KB
12-14 00:59:07.830 I/zygote  ( 3923): After code cache collection, code=117KB, data=58KB
12-14 00:59:07.830 I/zygote  ( 3923): Increasing code cache capacity to 512KB
12-14 00:59:08.035 I/AudioTrack( 1630): AUDIO_OUTPUT_FLAG_FAST successful; frameCount 4512 -> 4512
12-14 00:59:08.093 I/zygote  ( 3923): Background concurrent copying GC freed 37042(1272KB) AllocSpace objects, 4(80KB) LOS objects, 49% free, 1573KB/3MB, paused 5.090ms total 48.066ms
12-14 00:59:08.112 V/StatusBar( 1728): setLightsOn(true)
12-14 00:59:08.113 I/chatty  ( 1728): uid=10028(u0_a28) com.android.systemui identical 1 line
12-14 00:59:08.119 V/StatusBar( 1728): setLightsOn(true)
12-14 00:59:08.141 W/View    ( 3923): dispatchProvideAutofillStructure(): not laid out, ignoring
12-14 00:59:08.145 W/Binder  ( 1630): Outgoing transactions from this process must be FLAG_ONEWAY
12-14 00:59:08.145 W/Binder  ( 1630): java.lang.Throwable
12-14 00:59:08.145 W/Binder  ( 1630): 	at android.os.BinderProxy.transact(Binder.java:736)
12-14 00:59:08.145 W/Binder  ( 1630): 	at android.app.assist.AssistStructure$ParcelTransferReader.fetchData(AssistStructure.java:407)
12-14 00:59:08.145 W/Binder  ( 1630): 	at android.app.assist.AssistStructure$ParcelTransferReader.go(AssistStructure.java:343)
12-14 00:59:08.145 W/Binder  ( 1630): 	at android.app.assist.AssistStructure.ensureData(AssistStructure.java:2096)
12-14 00:59:08.145 W/Binder  ( 1630): 	at com.android.server.autofill.Session$1.send(Session.java:200)
12-14 00:59:08.145 W/Binder  ( 1630): 	at com.android.server.am.ActivityManagerService.reportAssistContextExtras(ActivityManagerService.java:13137)
12-14 00:59:08.145 W/Binder  ( 1630): 	at android.app.IActivityManager$Stub.onTransact(IActivityManager.java:2466)
12-14 00:59:08.145 W/Binder  ( 1630): 	at com.android.server.am.ActivityManagerService.onTransact(ActivityManagerService.java:2935)
12-14 00:59:08.145 W/Binder  ( 1630): 	at android.os.Binder.execTransact(Binder.java:674)
12-14 00:59:08.148 I/AssistStructure( 3923): Flattened final assist data: 5024 bytes, containing 2 windows, 19 views
12-14 00:59:08.158 D/gralloc_ranchu( 1396): gralloc_alloc: Creating ashmem region of size 303104
12-14 00:59:08.648 W/audio_hw_generic( 1390): Not supplying enough data to HAL, expected position 23101 , only wrote 2880
12-14 00:59:08.648 W/audio_hw_generic( 1390): Not supplying enough data to HAL, expected position 2895 , only wrote 2880
12-14 00:59:08.650 W/audio_hw_generic( 1390): Hardware backing HAL too slow, could only write 0 of 720 frames
12-14 00:59:08.653 W/AudioFlinger( 1477): write blocked for 489 msecs, 1 delayed writes, thread 0xac483ec0
12-14 00:59:08.655 V/StatusBar( 1728): setLightsOn(true)
12-14 00:59:08.660 V/StatusBar( 1728): setLightsOn(true)
12-14 00:59:08.665 W/audio_hw_generic( 1390): Hardware backing HAL too slow, could only write 0 of 720 frames
12-14 00:59:08.672 V/StatusBar( 1728): setLightsOn(true)
12-14 00:59:08.682 D/AudioFlinger( 1477): mixer(0xac483ec0) throttle end: throttle time(12)
12-14 00:59:08.740 D/gralloc_ranchu( 1396): gralloc_alloc: Creating ashmem region of size 7753728
12-14 00:59:08.744 I/AssistStructure( 1630): Flattened final assist data: 4496 bytes, containing 2 windows, 19 views
12-14 00:59:08.760 W/lgq     ( 1942): Pending fill request while another request in the same session was triggered. [CONTEXT service_id=177 ]
12-14 00:59:08.802 E/SurfaceFlinger( 1407): ro.sf.lcd_density must be defined as a build property
12-14 00:59:08.803 D/PermissionCache( 1407): checking android.permission.READ_FRAME_BUFFER for uid=2000 => granted (165 us)
12-14 00:59:08.835 D/gralloc_ranchu( 1396): gralloc_alloc: Creating ashmem region of size 8298496
12-14 00:59:08.856 D/        ( 3978): HostConnection::get() New Host Connection established 0xa83af800, tid 3978
12-14 00:59:08.938 V/StatusBar( 1728): setLightsOn(true)
12-14 00:59:09.114 I/zygote  ( 1942): Background concurrent copying GC freed 90163(5MB) AllocSpace objects, 7(164KB) LOS objects, 43% free, 7MB/13MB, paused 2.980ms total 233.955ms
12-14 00:59:09.293 D/BoundBrokerSvc( 1942): onUnbind: Intent { act=com.google.android.gms.auth.account.workaccount.START cmp=com.google.android.gms/.chimera.PersistentApiService }
12-14 00:59:09.341 E/memtrack( 1630): Couldn't load memtrack module
12-14 00:59:09.342 W/android.os.Debug( 1630): failed to get memory consumption info: -1
