--------- beginning of main
12-14 00:59:31.394 D/gralloc_ranchu( 1396): gralloc_alloc: Creating ashmem region of size 8298496
12-14 00:59:31.406 D/gralloc_ranchu( 1396): gralloc_alloc: Creating ashmem region of size 8298496
12-14 00:59:31.447 D/SurfaceFlinger( 1407): duplicate layer name: changing com.google.android.apps.nexuslauncher/com.google.android.apps.nexuslauncher.NexusLauncherActivity to com.google.android.apps.nexuslauncher/com.google.android.apps.nexuslauncher.NexusLauncherActivity#1
12-14 00:59:31.452 D/gralloc_ranchu( 1396): gralloc_alloc: Creating ashmem region of size 8298496
12-14 00:59:31.554 D/EGL_emulation( 1728): eglMakeCurrent: 0x984dc040: ver 3 0 (tinfo 0x984e5cb0)
12-14 00:59:31.557 E/hw-IPCThreadState( 1396): binder thread pool (1 threads) starved for 105 ms
12-14 00:59:31.564 D/gralloc_ranchu( 1396): gralloc_alloc: Creating ashmem region of size 8298496
12-14 00:59:31.656 D/EGL_emulation( 2208): eglMakeCurrent: 0x9ca84ba0: ver 3 0 (tinfo 0x9ca83780)
12-14 00:59:31.656 D/gralloc_ranchu( 1396): gralloc_alloc: Creating ashmem region of size 8298496
12-14 00:59:31.753 I/MicroDetectionWorker( 2208): #updateMicroDetector [detectionMode: [mDetectionMode: [1]]]
12-14 00:59:31.754 I/MicroDetectionWorker( 2208): #startMicroDetector [speakerMode: 0]
12-14 00:59:31.757 I/AudioController( 2208): Using mInputStreamFactoryBuilder
12-14 00:59:31.759 D/EGL_emulation( 2180): eglMakeCurrent: 0x9a47d260: ver 3 0 (tinfo 0x9a47f820)
12-14 00:59:31.776 I/MicroDetectionWorker( 2208): onReady
12-14 00:59:31.780 I/MicroRecognitionRunner( 2208): Starting detection.
12-14 00:59:31.780 I/MicrophoneInputStream( 2208): mic_starting com.google.android.apps.gsa.staticplugins.aa.c@2384ec1
12-14 00:59:31.792 D/gralloc_ranchu( 1396): gralloc_alloc: Creating ashmem region of size 7753728
12-14 00:59:31.792 I/MicrophoneInputStream( 2208): mic_started com.google.android.apps.gsa.staticplugins.aa.c@2384ec1
--------- beginning of system
12-14 00:59:31.793 E/ActivityThread( 2208): Failed to find provider info for com.google.android.apps.gsa.testing.ui.audio.recorded
12-14 00:59:31.793 I/MicroDetectionWorker( 2208): onReady
12-14 00:59:31.796 I/MicrophoneInputStream( 2208): mic_close com.google.android.apps.gsa.staticplugins.aa.c@2384ec1
12-14 00:59:31.800 I/AudioFlinger( 1477): AudioFlinger's thread 0xaa603d80 tid=4243 ready to run
12-14 00:59:31.800 I/MicroRecognitionRunner( 2208): Detection finished
12-14 00:59:31.802 W/ErrorReporter( 2208): reportError [type: 211, code: 524300]: Error reading from input stream
12-14 00:59:31.805 I/MicroRecognitionRunner( 2208): Stopping hotword detection.
12-14 00:59:31.806 W/ErrorProcessor( 2208): onFatalError, processing error from engine(4)
12-14 00:59:31.806 W/ErrorProcessor( 2208): com.google.android.apps.gsa.shared.speech.b.g: Error reading from input stream
12-14 00:59:31.806 W/ErrorProcessor( 2208): 	at com.google.android.apps.gsa.staticplugins.recognizer.j.a.a(SourceFile:28)
12-14 00:59:31.806 W/ErrorProcessor( 2208): 	at com.google.android.apps.gsa.staticplugins.recognizer.j.b.run(SourceFile:15)
12-14 00:59:31.806 W/ErrorProcessor( 2208): 	at java.util.concurrent.Executors$RunnableAdapter.call(Executors.java:457)
12-14 00:59:31.806 W/ErrorProcessor( 2208): 	at java.util.concurrent.FutureTask.run(FutureTask.java:266)
12-14 00:59:31.806 W/ErrorProcessor( 2208): 	at com.google.android.apps.gsa.shared.util.concurrent.a.ax.run(SourceFile:14)
12-14 00:59:31.806 W/ErrorProcessor( 2208): 	at com.google.android.apps.gsa.shared.util.concurrent.a.bl.run(SourceFile:4)
12-14 00:59:31.806 W/ErrorProcessor( 2208): 	at com.google.android.apps.gsa.shared.util.concurrent.a.bl.run(SourceFile:4)
12-14 00:59:31.806 W/ErrorProcessor( 2208): 	at java.util.concurrent.ThreadPoolExecutor.runWorker(ThreadPoolExecutor.java:1162)
12-14 00:59:31.806 W/ErrorProcessor( 2208): 	at java.util.concurrent.ThreadPoolExecutor$Worker.run(ThreadPoolExecutor.java:636)
12-14 00:59:31.806 W/ErrorProcessor( 2208): 	at java.lang.Thread.run(Thread.java:764)
12-14 00:59:31.806 W/ErrorProcessor( 2208): 	at com.google.android.apps.gsa.shared.util.concurrent.a.ai.run(SourceFile:6)
12-14 00:59:31.806 W/ErrorProcessor( 2208): Caused by: com.google.android.apps.gsa.shared.exception.GsaIOException: Error code: 393238 | Buffer overflow, no available space.
12-14 00:59:31.806 W/ErrorProcessor( 2208): 	at com.google.android.apps.gsa.speech.audio.Tee.f(SourceFile:103)
12-14 00:59:31.806 W/ErrorProcessor( 2208): 	at com.google.android.apps.gsa.speech.audio.au.read(SourceFile:2)
12-14 00:59:31.806 W/ErrorProcessor( 2208): 	at java.io.InputStream.read(InputStream.java:101)
12-14 00:59:31.806 W/ErrorProcessor( 2208): 	at com.google.android.apps.gsa.speech.audio.ao.run(SourceFile:18)
12-14 00:59:31.806 W/ErrorProcessor( 2208): 	at com.google.android.apps.gsa.speech.audio.an.run(SourceFile:2)
12-14 00:59:31.806 W/ErrorProcessor( 2208): 	... 9 more
12-14 00:59:31.807 I/AudioController( 2208): internalShutdown
12-14 00:59:31.814 D/        ( 1728): HostConnection::get() New Host Connection established 0x88f5e980, tid 1751
12-14 00:59:31.818 D/EGL_emulation( 1728): eglMakeCurrent: 0x984dc040: ver 3 0 (tinfo 0x984e5cb0)
12-14 00:59:31.829 I/MicroDetector( 2208): Keeping mic open: false
12-14 00:59:31.829 I/MicroDetectionWorker( 2208): #onError(false)
12-14 00:59:31.829 I/DeviceStateChecker( 2208): DeviceStateChecker cancelled
12-14 00:59:31.842 D/EGL_emulation( 1728): eglMakeCurrent: 0x984dc040: ver 3 0 (tinfo 0x984e5cb0)
12-14 00:59:32.026 I/chatty  ( 1728): uid=10028(u0_a28) RenderThread identical 22 lines
12-14 00:59:32.042 D/EGL_emulation( 1728): eglMakeCurrent: 0x984dc040: ver 3 0 (tinfo 0x984e5cb0)
12-14 00:59:32.128 D/AndroidRuntime( 4238): >>>>>> START com.android.internal.os.RuntimeInit uid 2000 <<<<<<
12-14 00:59:32.181 W/app_process( 4238): Unexpected CPU variant for X86 using defaults: x86
12-14 00:59:32.210 D/AndroidRuntime( 4238): Calling main entry com.android.commands.am.Am
12-14 00:59:32.213 I/ActivityManager( 1630): Force stopping com.evancharlton.mileage appid=10258 user=0: start instr
12-14 00:59:32.214 I/ActivityManager( 1630): Killing 4188:com.evancharlton.mileage/u0a258 (adj 0): stop com.evancharlton.mileage
12-14 00:59:32.214 W/ActivityManager( 1630): Crash of app com.evancharlton.mileage running instrumentation ComponentInfo{com.evancharlton.mileage.test/sh.calaba.instrumentationbackend.CalabashInstrumentationTestRunner}
12-14 00:59:32.214 I/ActivityManager( 1630): Force stopping com.evancharlton.mileage appid=10258 user=0: finished inst
12-14 00:59:32.237 W/OpenGLRenderer( 2180): Incorrectly called buildLayer on View: ShortcutAndWidgetContainer, destroying layer...
12-14 00:59:32.249 I/ActivityManager( 1630): Start proc 4253:com.evancharlton.mileage/u0a258 for added application com.evancharlton.mileage
12-14 00:59:32.250 D/AndroidRuntime( 4238): Shutting down VM
12-14 00:59:32.257 I/zygote  ( 4253): Not late-enabling -Xcheck:jni (already on)
12-14 00:59:32.258 W/ActivityManager( 1630): setHasOverlayUi called on unknown pid: 4188
12-14 00:59:32.265 I/OpenGLRenderer( 1630): Initialized EGL, version 1.4
12-14 00:59:32.265 D/OpenGLRenderer( 1630): Swap behavior 1
12-14 00:59:32.266 W/OpenGLRenderer( 1630): Failed to choose config with EGL_SWAP_BEHAVIOR_PRESERVED, retrying without...
12-14 00:59:32.266 D/OpenGLRenderer( 1630): Swap behavior 0
12-14 00:59:32.286 W/zygote  ( 4253): Unexpected CPU variant for X86 using defaults: x86
12-14 00:59:32.307 D/EGL_emulation( 1630): eglCreateContext: 0x8bb83600: maj 3 min 0 rcv 3
12-14 00:59:32.313 D/EGL_emulation( 1630): eglMakeCurrent: 0x8bb83600: ver 3 0 (tinfo 0x8a6968e0)
12-14 00:59:32.318 E/eglCodecCommon( 1630): glUtilsParamSize: unknow param 0x00008cdf
12-14 00:59:32.318 E/eglCodecCommon( 1630): glUtilsParamSize: unknow param 0x00008cdf
12-14 00:59:32.321 E/eglCodecCommon( 1630): glUtilsParamSize: unknow param 0x00008824
12-14 00:59:32.321 E/eglCodecCommon( 1630): glUtilsParamSize: unknow param 0x00008824
12-14 00:59:32.328 E/adbd    ( 1383): failed to connect to socket 'tcp:7102': Connection refused
12-14 00:59:32.333 W/zygote  ( 4253): Found duplicate classes, falling back to extracting from APK : /data/app/com.evancharlton.mileage.test-AMYqm-VfNdPo5kPT8Z6-Mg==/base.apk
12-14 00:59:32.334 W/zygote  ( 4253): NOTE: This wastes RAM and hurts startup performance.
12-14 00:59:32.334 W/zygote  ( 4253): Found duplicated class when checking oat files: 'Ljunit/runner/BaseTestRunner;' in /data/app/com.evancharlton.mileage.test-AMYqm-VfNdPo5kPT8Z6-Mg==/base.apk and /system/framework/android.test.runner.jar
12-14 00:59:32.334 W/zygote  ( 4253): 
12-14 00:59:32.363 E/adbd    ( 1383): failed to connect to socket 'tcp:7102': Connection refused
12-14 00:59:32.404 W/System  ( 4253): ClassLoader referenced unknown path: 
12-14 00:59:32.420 I/System.out( 4253): Main activity name automatically set to: com.evancharlton.mileage.Mileage
12-14 00:59:32.421 I/System.out( 4253): Calabash did not load Mono. This is only a problem if you are trying to test a Mono application
12-14 00:59:32.421 I/calabash( 4253): Test server port: 7102
12-14 00:59:32.422 I/InstrumentationBackend( 4253): Added:'GetPreferences', with key:'get_preferences'
12-14 00:59:32.477 E/adbd    ( 1383): failed to connect to socket 'tcp:7102': Connection refused
12-14 00:59:32.486 E/adbd    ( 1383): failed to connect to socket 'tcp:7102': Connection refused
12-14 00:59:32.507 I/InstrumentationBackend( 4253): Added:'SetPreferences', with key:'set_preferences'
12-14 00:59:32.507 I/InstrumentationBackend( 4253): Added:'ClearPreferences', with key:'clear_preferences'
12-14 00:59:32.508 I/InstrumentationBackend( 4253): Added:'PressElement', with key:'press_l10n_element'
12-14 00:59:32.508 I/InstrumentationBackend( 4253): Added:'WaitForElement', with key:'wait_for_l10n_element'
12-14 00:59:32.509 I/InstrumentationBackend( 4253): Added:'NullAction', with key:'nullAction'
12-14 00:59:32.510 I/InstrumentationBackend( 4253): Added:'PressKey', with key:'press_key'
12-14 00:59:32.510 I/InstrumentationBackend( 4253): Added:'SetActivityOrientation', with key:'set_activity_orientation'
12-14 00:59:32.511 I/InstrumentationBackend( 4253): Added:'GetActivityOrientation', with key:'get_activity_orientation'
12-14 00:59:32.511 I/InstrumentationBackend( 4253): Added:'FakeGPSLocation', with key:'set_gps_coordinates'
12-14 00:59:32.512 I/InstrumentationBackend( 4253): Added:'SetPropertyByCssSelector', with key:'set_property_by_css_selector'
12-14 00:59:32.513 I/InstrumentationBackend( 4253): Added:'GetUrl', with key:'get_url'
12-14 00:59:32.516 I/InstrumentationBackend( 4253): Added:'ScrollTo', with key:'scroll_to'
12-14 00:59:32.516 I/InstrumentationBackend( 4253): Added:'GetLoadProgress', with key:'get_load_progress'
12-14 00:59:32.517 I/InstrumentationBackend( 4253): Added:'DumpHtml', with key:'dump_html'
12-14 00:59:32.517 I/InstrumentationBackend( 4253): Added:'DumpBodyHtml', with key:'dump_body_html'
12-14 00:59:32.517 I/InstrumentationBackend( 4253): Added:'EnterTextByCssSelector', with key:'enter_text_by_selector'
12-14 00:59:32.521 I/InstrumentationBackend( 4253): Added:'AndroidSDKVersion', with key:'android_sdk_version'
12-14 00:59:32.521 I/InstrumentationBackend( 4253): Added:'Version', with key:'version'
12-14 00:59:32.521 I/InstrumentationBackend( 4253): Added:'Drag', with key:'drag'
12-14 00:59:32.522 I/InstrumentationBackend( 4253): Added:'TouchCoordinates', with key:'touch_coordinate'
12-14 00:59:32.522 I/InstrumentationBackend( 4253): Added:'LongPressCoordinate', with key:'long_press_coordinate'
12-14 00:59:32.522 I/InstrumentationBackend( 4253): Added:'DragCoordinates', with key:'drag_coordinates'
12-14 00:59:32.523 I/InstrumentationBackend( 4253): Added:'ResumeApplication', with key:'resume_application'
12-14 00:59:32.523 I/InstrumentationBackend( 4253): Added:'Swipe', with key:'swipe'
12-14 00:59:32.523 I/InstrumentationBackend( 4253): Added:'DoubleTapCoordinate', with key:'double_tap_coordinate'
12-14 00:59:32.523 I/InstrumentationBackend( 4253): Added:'ClickOnScreen', with key:'click_on_screen'
12-14 00:59:32.524 I/InstrumentationBackend( 4253): Added:'GetActivityName', with key:'get_activity_name'
12-14 00:59:32.525 I/InstrumentationBackend( 4253): Added:'ScrollToView', with key:'scroll_to_view'
12-14 00:59:32.526 I/InstrumentationBackend( 4253): Added:'ViewConfiguration', with key:'view_configuration'
12-14 00:59:32.527 I/InstrumentationBackend( 4253): Added:'IsCurrentActivityFocused', with key:'is_current_activity_focused'
12-14 00:59:32.527 I/InstrumentationBackend( 4253): Added:'SendTcp', with key:'send_tcp'
12-14 00:59:32.527 I/InstrumentationBackend( 4253): Added:'DpToDevicePixel', with key:'dp_to_device_pixel'
12-14 00:59:32.528 I/InstrumentationBackend( 4253): Added:'KeyboardEnterText', with key:'keyboard_enter_text'
12-14 00:59:32.529 I/InstrumentationBackend( 4253): Added:'DeleteSurroundingText', with key:'delete_surrounding_text'
12-14 00:59:32.529 I/InstrumentationBackend( 4253): Added:'SetComposingRegion', with key:'set_composing_region'
12-14 00:59:32.530 I/InstrumentationBackend( 4253): Added:'SetSelection', with key:'set_selection'
12-14 00:59:32.530 I/InstrumentationBackend( 4253): Added:'KeyboardKeyEvent', with key:'keyboard_key_event'
12-14 00:59:32.530 I/InstrumentationBackend( 4253): Added:'PressUserActionButton', with key:'press_user_action_button'
12-14 00:59:32.531 I/InstrumentationBackend( 4253): Added:'HideSoftKeyboard', with key:'hide_soft_keyboard'
12-14 00:59:32.532 I/InstrumentationBackend( 4253): Added:'ListActions', with key:'list_actions'
12-14 00:59:32.532 I/calabash( 4253): Instantiating http server at 7102
12-14 00:59:32.533 I/System.out( 4253): HTTP Daemon listening on: 7102
12-14 00:59:32.611 I/System.out( 4253): URI: //ping
12-14 00:59:32.612 I/System.out( 4253): params: {json={}
12-14 00:59:32.612 I/System.out( 4253): }
12-14 00:59:32.641 I/System.out( 4253): URI: //ping
12-14 00:59:32.641 I/System.out( 4253): params: {json={}
12-14 00:59:32.641 I/System.out( 4253): }
12-14 00:59:32.653 I/System.out( 4253): URI: //ready
12-14 00:59:32.653 I/System.out( 4253): params: {json={}
12-14 00:59:32.653 I/System.out( 4253): }
12-14 00:59:32.662 I/System.out( 4253): URI: //
12-14 00:59:32.662 I/System.out( 4253): params: {json={"command":"version","arguments":[]}
12-14 00:59:32.662 I/System.out( 4253): }
12-14 00:59:32.662 I/System.out( 4253): header: {content-type=application/json;charset=utf-8, date=Mon, 14 Dec 2020 05:59:32 GMT, accept=*/*, host=127.0.0.1:34777, content-length=36, user-agent=HTTPClient/1.0 (2.8.3, ruby 2.5.8 (2020-03-31))}
12-14 00:59:32.662 I/System.out( 4253): params: {json={"command":"version","arguments":[]}
12-14 00:59:32.662 I/System.out( 4253): }
12-14 00:59:32.662 I/System.out( 4253): ProP json = {"command":"version","arguments":[]}
12-14 00:59:32.663 I/System.out( 4253): files: {}
12-14 00:59:32.663 I/System.out( 4253): command: {"command":"version","arguments":[]}
12-14 00:59:32.693 I/InstrumentationBackend( 4253): Got command:'Command:'Line:null,version', arguments:'[]'
12-14 00:59:32.727 I/System.out( 4253): result:{"bonusInformation":[],"message":"0.9.8","success":true}
12-14 00:59:32.733 I/System.out( 4253): URI: //start-application
12-14 00:59:32.734 I/System.out( 4253): params: {json={"intent":null}
12-14 00:59:32.734 I/System.out( 4253): }
12-14 00:59:32.770 I/ActivityManager( 1630): START u0 {act=android.intent.action.MAIN cat=[android.intent.category.LAUNCHER] flg=0x10200000 cmp=com.evancharlton.mileage/.Mileage} from uid 10258
12-14 00:59:32.782 E/memtrack( 1630): Couldn't load memtrack module
12-14 00:59:32.782 W/android.os.Debug( 1630): failed to get memory consumption info: -1
12-14 00:59:32.784 I/calabash( 4253): newActivity1
12-14 00:59:32.806 D/gralloc_ranchu( 1396): gralloc_alloc: Creating ashmem region of size 7753728
12-14 00:59:32.815 W/ActivityManager( 1630): Bad activity token: android.os.BinderProxy@ed29b93
12-14 00:59:32.815 W/ActivityManager( 1630): java.lang.ClassCastException: android.os.BinderProxy cannot be cast to com.android.server.am.ActivityRecord$Token
12-14 00:59:32.815 W/ActivityManager( 1630): 	at com.android.server.am.ActivityRecord.forTokenLocked(ActivityRecord.java:778)
12-14 00:59:32.815 W/ActivityManager( 1630): 	at com.android.server.am.ActivityRecord.isInStackLocked(ActivityRecord.java:2085)
12-14 00:59:32.815 W/ActivityManager( 1630): 	at com.android.server.am.ActivityRecord.getStackLocked(ActivityRecord.java:2090)
12-14 00:59:32.815 W/ActivityManager( 1630): 	at com.android.server.am.ActivityManagerService.getActivityDisplayId(ActivityManagerService.java:10406)
12-14 00:59:32.815 W/ActivityManager( 1630): 	at android.app.IActivityManager$Stub.onTransact(IActivityManager.java:2738)
12-14 00:59:32.815 W/ActivityManager( 1630): 	at com.android.server.am.ActivityManagerService.onTransact(ActivityManagerService.java:2935)
12-14 00:59:32.815 W/ActivityManager( 1630): 	at android.os.Binder.execTransact(Binder.java:674)
12-14 00:59:32.818 I/calabash( 4253): newActivity1
12-14 00:59:32.824 W/ActivityManager( 1630): Bad activity token: android.os.BinderProxy@ed29b93
12-14 00:59:32.824 W/ActivityManager( 1630): java.lang.ClassCastException: android.os.BinderProxy cannot be cast to com.android.server.am.ActivityRecord$Token
12-14 00:59:32.824 W/ActivityManager( 1630): 	at com.android.server.am.ActivityRecord.forTokenLocked(ActivityRecord.java:778)
12-14 00:59:32.824 W/ActivityManager( 1630): 	at com.android.server.am.ActivityRecord.isInStackLocked(ActivityRecord.java:2085)
12-14 00:59:32.824 W/ActivityManager( 1630): 	at com.android.server.am.ActivityManagerService.setTaskDescription(ActivityManagerService.java:9988)
12-14 00:59:32.824 W/ActivityManager( 1630): 	at android.app.IActivityManager$Stub.onTransact(IActivityManager.java:2824)
12-14 00:59:32.824 W/ActivityManager( 1630): 	at com.android.server.am.ActivityManagerService.onTransact(ActivityManagerService.java:2935)
12-14 00:59:32.824 W/ActivityManager( 1630): 	at android.os.Binder.execTransact(Binder.java:674)
12-14 00:59:32.826 W/ActivityManager( 1630): Bad activity token: android.os.BinderProxy@ed29b93
12-14 00:59:32.826 W/ActivityManager( 1630): java.lang.ClassCastException: android.os.BinderProxy cannot be cast to com.android.server.am.ActivityRecord$Token
12-14 00:59:32.826 W/ActivityManager( 1630): 	at com.android.server.am.ActivityRecord.forTokenLocked(ActivityRecord.java:778)
12-14 00:59:32.826 W/ActivityManager( 1630): 	at com.android.server.am.ActivityRecord.isInStackLocked(ActivityRecord.java:2085)
12-14 00:59:32.826 W/ActivityManager( 1630): 	at com.android.server.am.ActivityRecord.getStackLocked(ActivityRecord.java:2090)
12-14 00:59:32.826 W/ActivityManager( 1630): 	at com.android.server.am.ActivityManagerService.getActivityStackId(ActivityManagerService.java:10417)
12-14 00:59:32.826 W/ActivityManager( 1630): 	at android.app.IActivityManager$Stub.onTransact(IActivityManager.java:3548)
12-14 00:59:32.826 W/ActivityManager( 1630): 	at com.android.server.am.ActivityManagerService.onTransact(ActivityManagerService.java:2935)
12-14 00:59:32.826 W/ActivityManager( 1630): 	at android.os.Binder.execTransact(Binder.java:674)
12-14 00:59:32.856 D/EGL_emulation( 2208): eglMakeCurrent: 0x9ca84ba0: ver 3 0 (tinfo 0x9ca83780)
12-14 00:59:32.859 V/StatusBar( 1728): setLightsOn(true)
12-14 00:59:32.866 D/EGL_emulation( 2180): eglMakeCurrent: 0x9a47d260: ver 3 0 (tinfo 0x9a47f820)
12-14 00:59:32.874 D/EGL_emulation( 1728): eglMakeCurrent: 0x984dc040: ver 3 0 (tinfo 0x984e5cb0)
12-14 00:59:32.894 I/chatty  ( 1728): uid=10028(u0_a28) RenderThread identical 1 line
12-14 00:59:32.902 D/EGL_emulation( 1728): eglMakeCurrent: 0x984dc040: ver 3 0 (tinfo 0x984e5cb0)
12-14 00:59:32.905 V/StatusBar( 1728): setLightsOn(true)
12-14 00:59:32.911 D/EGL_emulation( 1728): eglMakeCurrent: 0x984dc040: ver 3 0 (tinfo 0x984e5cb0)
12-14 00:59:32.913 E/ContentStoreEUAS( 2208): Failed to commit the deferred actions
12-14 00:59:32.917 D/EGL_emulation( 1728): eglMakeCurrent: 0x984dc040: ver 3 0 (tinfo 0x984e5cb0)
12-14 00:59:32.992 W/ActivityManager( 1630): Bad activity token: android.os.BinderProxy@ed29b93
12-14 00:59:32.992 W/ActivityManager( 1630): java.lang.ClassCastException: android.os.BinderProxy cannot be cast to com.android.server.am.ActivityRecord$Token
12-14 00:59:32.992 W/ActivityManager( 1630): 	at com.android.server.am.ActivityRecord.forTokenLocked(ActivityRecord.java:778)
12-14 00:59:32.992 W/ActivityManager( 1630): 	at com.android.server.am.ActivityRecord.isInStackLocked(ActivityRecord.java:2085)
12-14 00:59:32.992 W/ActivityManager( 1630): 	at com.android.server.am.ActivityManagerService.getActivityOptions(ActivityManagerService.java:13302)
12-14 00:59:32.992 W/ActivityManager( 1630): 	at android.app.IActivityManager$Stub.onTransact(IActivityManager.java:2910)
12-14 00:59:32.992 W/ActivityManager( 1630): 	at com.android.server.am.ActivityManagerService.onTransact(ActivityManagerService.java:2935)
12-14 00:59:32.992 W/ActivityManager( 1630): 	at android.os.Binder.execTransact(Binder.java:674)
12-14 00:59:32.994 W/ActivityManager( 1630): Bad activity token: android.os.BinderProxy@ed29b93
12-14 00:59:32.994 W/ActivityManager( 1630): java.lang.ClassCastException: android.os.BinderProxy cannot be cast to com.android.server.am.ActivityRecord$Token
12-14 00:59:32.994 W/ActivityManager( 1630): 	at com.android.server.am.ActivityRecord.forTokenLocked(ActivityRecord.java:778)
12-14 00:59:32.994 W/ActivityManager( 1630): 	at com.android.server.am.ActivityRecord.isInStackLocked(ActivityRecord.java:2085)
12-14 00:59:32.994 W/ActivityManager( 1630): 	at com.android.server.am.ActivityManagerService.getActivityOptions(ActivityManagerService.java:13302)
12-14 00:59:32.994 W/ActivityManager( 1630): 	at android.app.IActivityManager$Stub.onTransact(IActivityManager.java:2910)
12-14 00:59:32.994 W/ActivityManager( 1630): 	at com.android.server.am.ActivityManagerService.onTransact(ActivityManagerService.java:2935)
12-14 00:59:32.994 W/ActivityManager( 1630): 	at android.os.Binder.execTransact(Binder.java:674)
12-14 00:59:33.068 I/chatty  ( 1728): uid=10028(u0_a28) RenderThread identical 18 lines
12-14 00:59:33.072 D/EGL_emulation( 1728): eglMakeCurrent: 0x984dc040: ver 3 0 (tinfo 0x984e5cb0)
12-14 00:59:33.091 V/StatusBar( 1728): setLightsOn(true)
12-14 00:59:33.136 I/zygote  ( 4253): Do partial code cache collection, code=29KB, data=30KB
12-14 00:59:33.136 I/zygote  ( 4253): After code cache collection, code=29KB, data=30KB
12-14 00:59:33.136 I/zygote  ( 4253): Increasing code cache capacity to 128KB
12-14 00:59:33.137 I/zygote  ( 4253): Do partial code cache collection, code=29KB, data=48KB
12-14 00:59:33.140 I/zygote  ( 4253): After code cache collection, code=29KB, data=48KB
12-14 00:59:33.140 I/zygote  ( 4253): Increasing code cache capacity to 256KB
12-14 00:59:33.140 I/zygote  ( 4253): JIT allocated 71KB for compiled code of void android.widget.TextView.<init>(android.content.Context, android.util.AttributeSet, int, int)
12-14 00:59:33.140 I/zygote  ( 4253): Compiler allocated 4MB to compile void android.widget.TextView.<init>(android.content.Context, android.util.AttributeSet, int, int)
12-14 00:59:33.153 V/StatusBar( 1728): setLightsOn(true)
12-14 00:59:33.162 V/StatusBar( 1728): setLightsOn(true)
12-14 00:59:33.205 D/gralloc_ranchu( 1396): gralloc_alloc: Creating ashmem region of size 7753728
12-14 00:59:33.228 D/        ( 4253): HostConnection::get() New Host Connection established 0x9a12fe00, tid 4253
12-14 00:59:33.280 V/StatusBar( 1728): setLightsOn(true)
12-14 00:59:33.281 V/StatusBar( 1728): setLightsOn(true)
12-14 00:59:33.283 I/ActivityManager( 1630): Displayed com.evancharlton.mileage/.Mileage: +503ms
12-14 00:59:33.285 V/StatusBar( 1728): setLightsOn(true)
12-14 00:59:33.309 V/StatusBar( 1728): setLightsOn(true)
12-14 00:59:33.331 D/gralloc_ranchu( 1396): gralloc_alloc: Creating ashmem region of size 7753728
12-14 00:59:33.435 E/memtrack( 1630): Couldn't load memtrack module
12-14 00:59:33.435 W/android.os.Debug( 1630): failed to get memory consumption info: -1
12-14 00:59:33.479 V/StatusBar( 1728): setLightsOn(true)
12-14 00:59:33.511 I/zygote  ( 4253): Do full code cache collection, code=125KB, data=72KB
12-14 00:59:33.512 I/zygote  ( 4253): After code cache collection, code=110KB, data=45KB
12-14 00:59:33.600 V/StatusBar( 1728): setLightsOn(true)
12-14 00:59:33.612 V/StatusBar( 1728): setLightsOn(true)
12-14 00:59:33.620 W/SurfaceFlinger( 1407): couldn't log to binary event log: overflow.
