--------- beginning of main
12-14 00:59:25.333 D/AndroidRuntime( 4113): >>>>>> START com.android.internal.os.RuntimeInit uid 2000 <<<<<<
12-14 00:59:25.365 W/app_process( 4113): Unexpected CPU variant for X86 using defaults: x86
12-14 00:59:25.382 D/AndroidRuntime( 4113): Calling main entry com.android.commands.am.Am
12-14 00:59:25.394 I/zygote  ( 4123): Not late-enabling -Xcheck:jni (already on)
12-14 00:59:25.400 W/zygote  ( 4123): Unexpected CPU variant for X86 using defaults: x86
12-14 00:59:25.402 D/AndroidRuntime( 4113): Shutting down VM
12-14 00:59:25.403 E/memtrack( 1630): Couldn't load memtrack module
12-14 00:59:25.403 W/android.os.Debug( 1630): failed to get memory consumption info: -1
12-14 00:59:25.425 W/zygote  ( 4123): Found duplicate classes, falling back to extracting from APK : /data/app/com.evancharlton.mileage.test-AMYqm-VfNdPo5kPT8Z6-Mg==/base.apk
12-14 00:59:25.425 W/zygote  ( 4123): NOTE: This wastes RAM and hurts startup performance.
12-14 00:59:25.425 W/zygote  ( 4123): Found duplicated class when checking oat files: 'Ljunit/runner/BaseTestRunner;' in /data/app/com.evancharlton.mileage.test-AMYqm-VfNdPo5kPT8Z6-Mg==/base.apk and /system/framework/android.test.runner.jar
12-14 00:59:25.425 W/zygote  ( 4123): 
12-14 00:59:25.436 E/adbd    ( 1383): failed to connect to socket 'tcp:7102': Connection refused
12-14 00:59:25.439 E/adbd    ( 1383): failed to connect to socket 'tcp:7102': Connection refused
12-14 00:59:25.461 W/System  ( 4123): ClassLoader referenced unknown path: 
12-14 00:59:25.473 I/System.out( 4123): Main activity name automatically set to: com.evancharlton.mileage.Mileage
12-14 00:59:25.475 I/System.out( 4123): Calabash did not load Mono. This is only a problem if you are trying to test a Mono application
12-14 00:59:25.476 I/calabash( 4123): Test server port: 7102
12-14 00:59:25.477 I/InstrumentationBackend( 4123): Added:'GetPreferences', with key:'get_preferences'
12-14 00:59:25.536 I/InstrumentationBackend( 4123): Added:'SetPreferences', with key:'set_preferences'
12-14 00:59:25.537 I/InstrumentationBackend( 4123): Added:'ClearPreferences', with key:'clear_preferences'
12-14 00:59:25.537 I/InstrumentationBackend( 4123): Added:'PressElement', with key:'press_l10n_element'
12-14 00:59:25.537 I/InstrumentationBackend( 4123): Added:'WaitForElement', with key:'wait_for_l10n_element'
12-14 00:59:25.538 I/InstrumentationBackend( 4123): Added:'NullAction', with key:'nullAction'
12-14 00:59:25.538 I/InstrumentationBackend( 4123): Added:'PressKey', with key:'press_key'
12-14 00:59:25.539 I/InstrumentationBackend( 4123): Added:'SetActivityOrientation', with key:'set_activity_orientation'
12-14 00:59:25.539 I/InstrumentationBackend( 4123): Added:'GetActivityOrientation', with key:'get_activity_orientation'
12-14 00:59:25.539 I/InstrumentationBackend( 4123): Added:'FakeGPSLocation', with key:'set_gps_coordinates'
12-14 00:59:25.540 I/InstrumentationBackend( 4123): Added:'SetPropertyByCssSelector', with key:'set_property_by_css_selector'
12-14 00:59:25.541 I/InstrumentationBackend( 4123): Added:'GetUrl', with key:'get_url'
12-14 00:59:25.543 I/InstrumentationBackend( 4123): Added:'ScrollTo', with key:'scroll_to'
12-14 00:59:25.543 I/InstrumentationBackend( 4123): Added:'GetLoadProgress', with key:'get_load_progress'
12-14 00:59:25.543 I/InstrumentationBackend( 4123): Added:'DumpHtml', with key:'dump_html'
12-14 00:59:25.544 I/InstrumentationBackend( 4123): Added:'DumpBodyHtml', with key:'dump_body_html'
12-14 00:59:25.544 I/InstrumentationBackend( 4123): Added:'EnterTextByCssSelector', with key:'enter_text_by_selector'
12-14 00:59:25.548 I/InstrumentationBackend( 4123): Added:'AndroidSDKVersion', with key:'android_sdk_version'
12-14 00:59:25.548 I/InstrumentationBackend( 4123): Added:'Version', with key:'version'
12-14 00:59:25.549 I/InstrumentationBackend( 4123): Added:'Drag', with key:'drag'
12-14 00:59:25.549 I/InstrumentationBackend( 4123): Added:'TouchCoordinates', with key:'touch_coordinate'
12-14 00:59:25.549 I/InstrumentationBackend( 4123): Added:'LongPressCoordinate', with key:'long_press_coordinate'
12-14 00:59:25.550 I/InstrumentationBackend( 4123): Added:'DragCoordinates', with key:'drag_coordinates'
12-14 00:59:25.550 I/InstrumentationBackend( 4123): Added:'ResumeApplication', with key:'resume_application'
12-14 00:59:25.551 I/InstrumentationBackend( 4123): Added:'Swipe', with key:'swipe'
12-14 00:59:25.552 E/adbd    ( 1383): failed to connect to socket 'tcp:7102': Connection refused
12-14 00:59:25.552 I/InstrumentationBackend( 4123): Added:'DoubleTapCoordinate', with key:'double_tap_coordinate'
12-14 00:59:25.553 I/InstrumentationBackend( 4123): Added:'ClickOnScreen', with key:'click_on_screen'
12-14 00:59:25.555 E/adbd    ( 1383): failed to connect to socket 'tcp:7102': Connection refused
12-14 00:59:25.555 I/InstrumentationBackend( 4123): Added:'GetActivityName', with key:'get_activity_name'
12-14 00:59:25.556 I/InstrumentationBackend( 4123): Added:'ScrollToView', with key:'scroll_to_view'
12-14 00:59:25.556 I/InstrumentationBackend( 4123): Added:'ViewConfiguration', with key:'view_configuration'
12-14 00:59:25.556 I/InstrumentationBackend( 4123): Added:'IsCurrentActivityFocused', with key:'is_current_activity_focused'
12-14 00:59:25.557 I/InstrumentationBackend( 4123): Added:'SendTcp', with key:'send_tcp'
12-14 00:59:25.557 I/InstrumentationBackend( 4123): Added:'DpToDevicePixel', with key:'dp_to_device_pixel'
12-14 00:59:25.559 I/InstrumentationBackend( 4123): Added:'KeyboardEnterText', with key:'keyboard_enter_text'
12-14 00:59:25.559 I/InstrumentationBackend( 4123): Added:'DeleteSurroundingText', with key:'delete_surrounding_text'
12-14 00:59:25.559 I/InstrumentationBackend( 4123): Added:'SetComposingRegion', with key:'set_composing_region'
12-14 00:59:25.560 I/InstrumentationBackend( 4123): Added:'SetSelection', with key:'set_selection'
12-14 00:59:25.560 I/InstrumentationBackend( 4123): Added:'KeyboardKeyEvent', with key:'keyboard_key_event'
12-14 00:59:25.560 I/InstrumentationBackend( 4123): Added:'PressUserActionButton', with key:'press_user_action_button'
12-14 00:59:25.561 I/InstrumentationBackend( 4123): Added:'HideSoftKeyboard', with key:'hide_soft_keyboard'
12-14 00:59:25.562 I/InstrumentationBackend( 4123): Added:'ListActions', with key:'list_actions'
12-14 00:59:25.562 I/calabash( 4123): Instantiating http server at 7102
12-14 00:59:25.563 I/System.out( 4123): HTTP Daemon listening on: 7102
12-14 00:59:25.675 I/System.out( 4123): URI: //ping
12-14 00:59:25.676 I/System.out( 4123): params: {json={}
12-14 00:59:25.676 I/System.out( 4123): }
12-14 00:59:25.691 I/System.out( 4123): URI: //ping
12-14 00:59:25.691 I/System.out( 4123): params: {json={}
12-14 00:59:25.691 I/System.out( 4123): }
12-14 00:59:25.699 I/System.out( 4123): URI: //ready
12-14 00:59:25.699 I/System.out( 4123): params: {json={}
12-14 00:59:25.699 I/System.out( 4123): }
12-14 00:59:25.706 I/System.out( 4123): URI: //
12-14 00:59:25.706 I/System.out( 4123): params: {json={"command":"version","arguments":[]}
12-14 00:59:25.706 I/System.out( 4123): }
12-14 00:59:25.706 I/System.out( 4123): header: {content-type=application/json;charset=utf-8, date=Mon, 14 Dec 2020 05:59:25 GMT, accept=*/*, host=127.0.0.1:34777, content-length=36, user-agent=HTTPClient/1.0 (2.8.3, ruby 2.5.8 (2020-03-31))}
12-14 00:59:25.706 I/System.out( 4123): params: {json={"command":"version","arguments":[]}
12-14 00:59:25.706 I/System.out( 4123): }
12-14 00:59:25.706 I/System.out( 4123): ProP json = {"command":"version","arguments":[]}
12-14 00:59:25.706 I/System.out( 4123): files: {}
12-14 00:59:25.706 I/System.out( 4123): command: {"command":"version","arguments":[]}
12-14 00:59:25.734 I/InstrumentationBackend( 4123): Got command:'Command:'Line:null,version', arguments:'[]'
12-14 00:59:25.771 I/System.out( 4123): result:{"bonusInformation":[],"message":"0.9.8","success":true}
12-14 00:59:25.777 I/System.out( 4123): URI: //start-application
12-14 00:59:25.777 I/System.out( 4123): params: {json={"intent":null}
12-14 00:59:25.777 I/System.out( 4123): }
12-14 00:59:25.859 I/calabash( 4123): newActivity1
12-14 00:59:25.860 D/gralloc_ranchu( 1396): gralloc_alloc: Creating ashmem region of size 7753728
12-14 00:59:25.900 D/EGL_emulation( 2208): eglMakeCurrent: 0x9ca84ba0: ver 3 0 (tinfo 0x9ca83780)
12-14 00:59:25.901 D/EGL_emulation( 2180): eglMakeCurrent: 0x9a47d260: ver 3 0 (tinfo 0x9a47f820)
12-14 00:59:25.913 V/StatusBar( 1728): setLightsOn(true)
12-14 00:59:25.922 I/calabash( 4123): newActivity1
12-14 00:59:25.936 D/EGL_emulation( 1728): eglMakeCurrent: 0x984dc040: ver 3 0 (tinfo 0x984e5cb0)
12-14 00:59:25.937 V/StatusBar( 1728): setLightsOn(true)
12-14 00:59:25.939 E/ContentStoreEUAS( 2208): Failed to commit the deferred actions
12-14 00:59:25.953 D/EGL_emulation( 1728): eglMakeCurrent: 0x984dc040: ver 3 0 (tinfo 0x984e5cb0)
12-14 00:59:26.118 I/chatty  ( 1728): uid=10028(u0_a28) RenderThread identical 20 lines
12-14 00:59:26.122 D/EGL_emulation( 1728): eglMakeCurrent: 0x984dc040: ver 3 0 (tinfo 0x984e5cb0)
12-14 00:59:26.123 V/StatusBar( 1728): setLightsOn(true)
12-14 00:59:26.130 D/EGL_emulation( 1728): eglMakeCurrent: 0x984dc040: ver 3 0 (tinfo 0x984e5cb0)
12-14 00:59:26.177 V/StatusBar( 1728): setLightsOn(true)
12-14 00:59:26.181 I/chatty  ( 1728): uid=10028(u0_a28) com.android.systemui identical 1 line
12-14 00:59:26.184 V/StatusBar( 1728): setLightsOn(true)
12-14 00:59:26.193 I/zygote  ( 4123): Do partial code cache collection, code=29KB, data=30KB
12-14 00:59:26.193 I/zygote  ( 4123): After code cache collection, code=29KB, data=30KB
12-14 00:59:26.193 I/zygote  ( 4123): Increasing code cache capacity to 128KB
12-14 00:59:26.194 I/zygote  ( 4123): Do partial code cache collection, code=29KB, data=48KB
12-14 00:59:26.194 I/zygote  ( 4123): After code cache collection, code=29KB, data=48KB
12-14 00:59:26.194 I/zygote  ( 4123): Increasing code cache capacity to 256KB
12-14 00:59:26.194 I/zygote  ( 4123): JIT allocated 71KB for compiled code of void android.widget.TextView.<init>(android.content.Context, android.util.AttributeSet, int, int)
12-14 00:59:26.194 I/zygote  ( 4123): Compiler allocated 4MB to compile void android.widget.TextView.<init>(android.content.Context, android.util.AttributeSet, int, int)
12-14 00:59:26.221 D/gralloc_ranchu( 1396): gralloc_alloc: Creating ashmem region of size 7753728
12-14 00:59:26.243 D/        ( 4123): HostConnection::get() New Host Connection established 0x9a12fd00, tid 4123
12-14 00:59:26.289 V/StatusBar( 1728): setLightsOn(true)
12-14 00:59:26.291 V/StatusBar( 1728): setLightsOn(true)
12-14 00:59:26.292 I/ActivityManager( 1630): Displayed com.evancharlton.mileage/.Mileage: +451ms
12-14 00:59:26.293 V/StatusBar( 1728): setLightsOn(true)
12-14 00:59:26.321 V/StatusBar( 1728): setLightsOn(true)
12-14 00:59:26.328 D/gralloc_ranchu( 1396): gralloc_alloc: Creating ashmem region of size 7753728
12-14 00:59:26.377 V/StatusBar( 1728): setLightsOn(true)
12-14 00:59:26.623 I/chatty  ( 1728): uid=10028(u0_a28) com.android.systemui identical 4 lines
12-14 00:59:26.640 V/StatusBar( 1728): setLightsOn(true)
12-14 00:59:26.652 E/memtrack( 1630): Couldn't load memtrack module
12-14 00:59:26.652 W/android.os.Debug( 1630): failed to get memory consumption info: -1
12-14 00:59:26.661 W/SurfaceFlinger( 1407): couldn't log to binary event log: overflow.
12-14 00:59:26.671 I/System.out( 4123): URI: //kill
12-14 00:59:26.671 I/System.out( 4123): params: {json={}
12-14 00:59:26.671 I/System.out( 4123): }
12-14 00:59:26.672 I/System.out( 4123): Stopping test server
12-14 00:59:26.676 E/adbd    ( 1383): failed to connect to socket 'tcp:7102': Connection refused
12-14 00:59:26.678 E/adbd    ( 1383): failed to connect to socket 'tcp:7102': Connection refused
12-14 00:59:26.683 V/StatusBar( 1728): setLightsOn(true)
12-14 00:59:26.691 V/StatusBar( 1728): setLightsOn(true)
12-14 00:59:26.702 I/zygote  ( 4123): Do full code cache collection, code=125KB, data=73KB
12-14 00:59:26.706 V/StatusBar( 1728): setLightsOn(true)
12-14 00:59:26.714 D/gralloc_ranchu( 1396): gralloc_alloc: Creating ashmem region of size 8298496
12-14 00:59:26.721 V/StatusBar( 1728): setLightsOn(true)
12-14 00:59:26.722 I/zygote  ( 4123): After code cache collection, code=110KB, data=46KB
12-14 00:59:26.744 D/gralloc_ranchu( 1396): gralloc_alloc: Creating ashmem region of size 8298496
12-14 00:59:26.744 D/SurfaceFlinger( 1407): duplicate layer name: changing com.google.android.apps.nexuslauncher/com.google.android.apps.nexuslauncher.NexusLauncherActivity to com.google.android.apps.nexuslauncher/com.google.android.apps.nexuslauncher.NexusLauncherActivity#1
12-14 00:59:26.756 D/gralloc_ranchu( 1396): gralloc_alloc: Creating ashmem region of size 8298496
12-14 00:59:26.819 D/gralloc_ranchu( 1396): gralloc_alloc: Creating ashmem region of size 8298496
12-14 00:59:26.830 D/EGL_emulation( 1728): eglMakeCurrent: 0x984dc040: ver 3 0 (tinfo 0x984e5cb0)
12-14 00:59:26.848 D/gralloc_ranchu( 1396): gralloc_alloc: Creating ashmem region of size 8298496
12-14 00:59:26.896 D/gralloc_ranchu( 1396): gralloc_alloc: Creating ashmem region of size 8298496
12-14 00:59:26.996 D/EGL_emulation( 2208): eglMakeCurrent: 0x9ca84ba0: ver 3 0 (tinfo 0x9ca83780)
12-14 00:59:27.018 E/memtrack( 1630): Couldn't load memtrack module
12-14 00:59:27.018 W/android.os.Debug( 1630): failed to get memory consumption info: -1
12-14 00:59:27.025 I/MicroDetectionWorker( 2208): #updateMicroDetector [detectionMode: [mDetectionMode: [1]]]
12-14 00:59:27.025 I/MicroDetectionWorker( 2208): #startMicroDetector [speakerMode: 0]
12-14 00:59:27.027 I/AudioController( 2208): Using mInputStreamFactoryBuilder
12-14 00:59:27.028 D/EGL_emulation( 2180): eglMakeCurrent: 0x9a47d260: ver 3 0 (tinfo 0x9a47f820)
12-14 00:59:27.053 I/MicroRecognitionRunner( 2208): Starting detection.
12-14 00:59:27.055 I/MicrophoneInputStream( 2208): mic_starting com.google.android.apps.gsa.staticplugins.aa.c@372ab5c
12-14 00:59:27.057 I/AudioFlinger( 1477): AudioFlinger's thread 0xaa7834c0 tid=4174 ready to run
12-14 00:59:27.057 I/MicrophoneInputStream( 2208): mic_started com.google.android.apps.gsa.staticplugins.aa.c@372ab5c
12-14 00:59:27.070 D/gralloc_ranchu( 1396): gralloc_alloc: Creating ashmem region of size 7753728
12-14 00:59:27.087 I/MicroDetectionWorker( 2208): onReady
12-14 00:59:27.088 I/MicrophoneInputStream( 2208): mic_close com.google.android.apps.gsa.staticplugins.aa.c@372ab5c
12-14 00:59:27.088 I/MicroDetectionWorker( 2208): onReady
12-14 00:59:27.091 I/MicroRecognitionRunner( 2208): Detection finished
12-14 00:59:27.091 W/ErrorReporter( 2208): reportError [type: 211, code: 524300]: Error reading from input stream
12-14 00:59:27.092 I/MicroRecognitionRunner( 2208): Stopping hotword detection.
12-14 00:59:27.093 W/ErrorProcessor( 2208): onFatalError, processing error from engine(4)
12-14 00:59:27.093 W/ErrorProcessor( 2208): com.google.android.apps.gsa.shared.speech.b.g: Error reading from input stream
12-14 00:59:27.093 W/ErrorProcessor( 2208): 	at com.google.android.apps.gsa.staticplugins.recognizer.j.a.a(SourceFile:28)
12-14 00:59:27.093 W/ErrorProcessor( 2208): 	at com.google.android.apps.gsa.staticplugins.recognizer.j.b.run(SourceFile:15)
12-14 00:59:27.093 W/ErrorProcessor( 2208): 	at java.util.concurrent.Executors$RunnableAdapter.call(Executors.java:457)
12-14 00:59:27.093 W/ErrorProcessor( 2208): 	at java.util.concurrent.FutureTask.run(FutureTask.java:266)
12-14 00:59:27.093 W/ErrorProcessor( 2208): 	at com.google.android.apps.gsa.shared.util.concurrent.a.ax.run(SourceFile:14)
12-14 00:59:27.093 W/ErrorProcessor( 2208): 	at com.google.android.apps.gsa.shared.util.concurrent.a.bl.run(SourceFile:4)
12-14 00:59:27.093 W/ErrorProcessor( 2208): 	at com.google.android.apps.gsa.shared.util.concurrent.a.bl.run(SourceFile:4)
12-14 00:59:27.093 W/ErrorProcessor( 2208): 	at java.util.concurrent.ThreadPoolExecutor.runWorker(ThreadPoolExecutor.java:1162)
12-14 00:59:27.093 W/ErrorProcessor( 2208): 	at java.util.concurrent.ThreadPoolExecutor$Worker.run(ThreadPoolExecutor.java:636)
12-14 00:59:27.093 W/ErrorProcessor( 2208): 	at java.lang.Thread.run(Thread.java:764)
12-14 00:59:27.093 W/ErrorProcessor( 2208): 	at com.google.android.apps.gsa.shared.util.concurrent.a.ai.run(SourceFile:6)
12-14 00:59:27.093 W/ErrorProcessor( 2208): Caused by: com.google.android.apps.gsa.shared.exception.GsaIOException: Error code: 393238 | Buffer overflow, no available space.
12-14 00:59:27.093 W/ErrorProcessor( 2208): 	at com.google.android.apps.gsa.speech.audio.Tee.f(SourceFile:103)
12-14 00:59:27.093 W/ErrorProcessor( 2208): 	at com.google.android.apps.gsa.speech.audio.au.read(SourceFile:2)
12-14 00:59:27.093 W/ErrorProcessor( 2208): 	at java.io.InputStream.read(InputStream.java:101)
12-14 00:59:27.093 W/ErrorProcessor( 2208): 	at com.google.android.apps.gsa.speech.audio.ao.run(SourceFile:18)
12-14 00:59:27.093 W/ErrorProcessor( 2208): 	at com.google.android.apps.gsa.speech.audio.an.run(SourceFile:2)
12-14 00:59:27.093 W/ErrorProcessor( 2208): 	... 9 more
12-14 00:59:27.093 I/AudioController( 2208): internalShutdown
12-14 00:59:27.094 I/MicroDetector( 2208): Keeping mic open: false
12-14 00:59:27.094 I/MicroDetectionWorker( 2208): #onError(false)
12-14 00:59:27.094 I/DeviceStateChecker( 2208): DeviceStateChecker cancelled
12-14 00:59:27.100 D/EGL_emulation( 1728): eglMakeCurrent: 0x984dc040: ver 3 0 (tinfo 0x984e5cb0)
12-14 00:59:27.326 I/chatty  ( 1728): uid=10028(u0_a28) RenderThread identical 19 lines
12-14 00:59:27.337 D/EGL_emulation( 1728): eglMakeCurrent: 0x984dc040: ver 3 0 (tinfo 0x984e5cb0)
12-14 00:59:27.479 W/OpenGLRenderer( 2180): Incorrectly called buildLayer on View: ShortcutAndWidgetContainer, destroying layer...
12-14 00:59:27.531 I/OpenGLRenderer( 1630): Initialized EGL, version 1.4
12-14 00:59:27.532 D/OpenGLRenderer( 1630): Swap behavior 1
12-14 00:59:27.532 W/OpenGLRenderer( 1630): Failed to choose config with EGL_SWAP_BEHAVIOR_PRESERVED, retrying without...
12-14 00:59:27.532 D/OpenGLRenderer( 1630): Swap behavior 0
12-14 00:59:27.538 D/EGL_emulation( 1630): eglCreateContext: 0x9ca85aa0: maj 3 min 0 rcv 3
12-14 00:59:27.540 D/EGL_emulation( 1630): eglMakeCurrent: 0x9ca85aa0: ver 3 0 (tinfo 0x8a6968e0)
12-14 00:59:27.541 E/eglCodecCommon( 1630): glUtilsParamSize: unknow param 0x00008cdf
12-14 00:59:27.541 E/eglCodecCommon( 1630): glUtilsParamSize: unknow param 0x00008cdf
12-14 00:59:27.541 E/eglCodecCommon( 1630): glUtilsParamSize: unknow param 0x00008824
12-14 00:59:27.541 E/eglCodecCommon( 1630): glUtilsParamSize: unknow param 0x00008824
--------- beginning of system
12-14 00:59:29.856 E/TaskPersister( 1630): File error accessing recents directory (directory doesn't exist?).
12-14 00:59:30.005 D/AndroidRuntime( 4178): >>>>>> START com.android.internal.os.RuntimeInit uid 2000 <<<<<<
12-14 00:59:30.038 W/app_process( 4178): Unexpected CPU variant for X86 using defaults: x86
12-14 00:59:30.053 D/AndroidRuntime( 4178): Calling main entry com.android.commands.am.Am
12-14 00:59:30.056 I/ActivityManager( 1630): Force stopping com.evancharlton.mileage appid=10258 user=0: start instr
12-14 00:59:30.056 I/ActivityManager( 1630): Killing 4123:com.evancharlton.mileage/u0a258 (adj 0): stop com.evancharlton.mileage
12-14 00:59:30.056 W/ActivityManager( 1630): Crash of app com.evancharlton.mileage running instrumentation ComponentInfo{com.evancharlton.mileage.test/sh.calaba.instrumentationbackend.CalabashInstrumentationTestRunner}
12-14 00:59:30.056 I/ActivityManager( 1630): Force stopping com.evancharlton.mileage appid=10258 user=0: finished inst
12-14 00:59:30.056 I/ActivityManager( 1630): Killing 3477:com.google.android.apps.docs/u0a52 (adj 906): empty #17
12-14 00:59:30.067 I/zygote  ( 4188): Not late-enabling -Xcheck:jni (already on)
12-14 00:59:30.075 W/zygote  ( 4188): Unexpected CPU variant for X86 using defaults: x86
12-14 00:59:30.076 I/ActivityManager( 1630): Start proc 4188:com.evancharlton.mileage/u0a258 for added application com.evancharlton.mileage
12-14 00:59:30.076 W/ActivityManager( 1630): setHasOverlayUi called on unknown pid: 4123
12-14 00:59:30.077 E/memtrack( 1630): Couldn't load memtrack module
12-14 00:59:30.077 W/android.os.Debug( 1630): failed to get memory consumption info: -1
12-14 00:59:30.079 D/AndroidRuntime( 4178): Shutting down VM
12-14 00:59:30.080 D/BoundBrokerSvc( 1942): onUnbind: Intent { act=com.google.android.gms.clearcut.service.START pkg=com.google.android.gms }
12-14 00:59:30.102 W/zygote  ( 4188): Found duplicate classes, falling back to extracting from APK : /data/app/com.evancharlton.mileage.test-AMYqm-VfNdPo5kPT8Z6-Mg==/base.apk
12-14 00:59:30.102 W/zygote  ( 4188): NOTE: This wastes RAM and hurts startup performance.
12-14 00:59:30.102 W/zygote  ( 4188): Found duplicated class when checking oat files: 'Ljunit/runner/BaseTestRunner;' in /data/app/com.evancharlton.mileage.test-AMYqm-VfNdPo5kPT8Z6-Mg==/base.apk and /system/framework/android.test.runner.jar
12-14 00:59:30.102 W/zygote  ( 4188): 
12-14 00:59:30.108 E/adbd    ( 1383): failed to connect to socket 'tcp:7102': Connection refused
12-14 00:59:30.111 E/adbd    ( 1383): failed to connect to socket 'tcp:7102': Connection refused
12-14 00:59:30.137 W/System  ( 4188): ClassLoader referenced unknown path: 
12-14 00:59:30.150 I/System.out( 4188): Main activity name automatically set to: com.evancharlton.mileage.Mileage
12-14 00:59:30.151 I/System.out( 4188): Calabash did not load Mono. This is only a problem if you are trying to test a Mono application
12-14 00:59:30.151 I/calabash( 4188): Test server port: 7102
12-14 00:59:30.152 I/InstrumentationBackend( 4188): Added:'GetPreferences', with key:'get_preferences'
12-14 00:59:30.210 I/InstrumentationBackend( 4188): Added:'SetPreferences', with key:'set_preferences'
12-14 00:59:30.210 I/InstrumentationBackend( 4188): Added:'ClearPreferences', with key:'clear_preferences'
12-14 00:59:30.211 I/InstrumentationBackend( 4188): Added:'PressElement', with key:'press_l10n_element'
12-14 00:59:30.211 I/InstrumentationBackend( 4188): Added:'WaitForElement', with key:'wait_for_l10n_element'
12-14 00:59:30.212 I/InstrumentationBackend( 4188): Added:'NullAction', with key:'nullAction'
12-14 00:59:30.212 I/InstrumentationBackend( 4188): Added:'PressKey', with key:'press_key'
12-14 00:59:30.213 I/InstrumentationBackend( 4188): Added:'SetActivityOrientation', with key:'set_activity_orientation'
12-14 00:59:30.213 I/InstrumentationBackend( 4188): Added:'GetActivityOrientation', with key:'get_activity_orientation'
12-14 00:59:30.214 I/InstrumentationBackend( 4188): Added:'FakeGPSLocation', with key:'set_gps_coordinates'
12-14 00:59:30.214 I/InstrumentationBackend( 4188): Added:'SetPropertyByCssSelector', with key:'set_property_by_css_selector'
12-14 00:59:30.215 I/InstrumentationBackend( 4188): Added:'GetUrl', with key:'get_url'
12-14 00:59:30.218 I/InstrumentationBackend( 4188): Added:'ScrollTo', with key:'scroll_to'
12-14 00:59:30.218 I/InstrumentationBackend( 4188): Added:'GetLoadProgress', with key:'get_load_progress'
12-14 00:59:30.218 I/InstrumentationBackend( 4188): Added:'DumpHtml', with key:'dump_html'
12-14 00:59:30.219 I/InstrumentationBackend( 4188): Added:'DumpBodyHtml', with key:'dump_body_html'
12-14 00:59:30.219 I/InstrumentationBackend( 4188): Added:'EnterTextByCssSelector', with key:'enter_text_by_selector'
12-14 00:59:30.223 E/adbd    ( 1383): failed to connect to socket 'tcp:7102': Connection refused
12-14 00:59:30.224 I/InstrumentationBackend( 4188): Added:'AndroidSDKVersion', with key:'android_sdk_version'
12-14 00:59:30.224 I/InstrumentationBackend( 4188): Added:'Version', with key:'version'
12-14 00:59:30.225 I/InstrumentationBackend( 4188): Added:'Drag', with key:'drag'
12-14 00:59:30.226 I/InstrumentationBackend( 4188): Added:'TouchCoordinates', with key:'touch_coordinate'
12-14 00:59:30.226 I/InstrumentationBackend( 4188): Added:'LongPressCoordinate', with key:'long_press_coordinate'
12-14 00:59:30.226 I/InstrumentationBackend( 4188): Added:'DragCoordinates', with key:'drag_coordinates'
12-14 00:59:30.227 E/adbd    ( 1383): failed to connect to socket 'tcp:7102': Connection refused
12-14 00:59:30.228 I/InstrumentationBackend( 4188): Added:'ResumeApplication', with key:'resume_application'
12-14 00:59:30.228 I/InstrumentationBackend( 4188): Added:'Swipe', with key:'swipe'
12-14 00:59:30.229 I/InstrumentationBackend( 4188): Added:'DoubleTapCoordinate', with key:'double_tap_coordinate'
12-14 00:59:30.229 I/InstrumentationBackend( 4188): Added:'ClickOnScreen', with key:'click_on_screen'
12-14 00:59:30.230 I/InstrumentationBackend( 4188): Added:'GetActivityName', with key:'get_activity_name'
12-14 00:59:30.230 I/InstrumentationBackend( 4188): Added:'ScrollToView', with key:'scroll_to_view'
12-14 00:59:30.230 I/InstrumentationBackend( 4188): Added:'ViewConfiguration', with key:'view_configuration'
12-14 00:59:30.231 I/InstrumentationBackend( 4188): Added:'IsCurrentActivityFocused', with key:'is_current_activity_focused'
12-14 00:59:30.231 I/InstrumentationBackend( 4188): Added:'SendTcp', with key:'send_tcp'
12-14 00:59:30.231 I/InstrumentationBackend( 4188): Added:'DpToDevicePixel', with key:'dp_to_device_pixel'
12-14 00:59:30.232 I/InstrumentationBackend( 4188): Added:'KeyboardEnterText', with key:'keyboard_enter_text'
12-14 00:59:30.234 I/InstrumentationBackend( 4188): Added:'DeleteSurroundingText', with key:'delete_surrounding_text'
12-14 00:59:30.234 I/InstrumentationBackend( 4188): Added:'SetComposingRegion', with key:'set_composing_region'
12-14 00:59:30.234 I/InstrumentationBackend( 4188): Added:'SetSelection', with key:'set_selection'
12-14 00:59:30.235 I/InstrumentationBackend( 4188): Added:'KeyboardKeyEvent', with key:'keyboard_key_event'
12-14 00:59:30.235 I/InstrumentationBackend( 4188): Added:'PressUserActionButton', with key:'press_user_action_button'
12-14 00:59:30.236 I/InstrumentationBackend( 4188): Added:'HideSoftKeyboard', with key:'hide_soft_keyboard'
12-14 00:59:30.237 I/InstrumentationBackend( 4188): Added:'ListActions', with key:'list_actions'
12-14 00:59:30.237 I/calabash( 4188): Instantiating http server at 7102
12-14 00:59:30.238 I/System.out( 4188): HTTP Daemon listening on: 7102
12-14 00:59:30.340 I/System.out( 4188): URI: //ping
12-14 00:59:30.341 I/System.out( 4188): params: {json={}
12-14 00:59:30.341 I/System.out( 4188): }
12-14 00:59:30.352 I/System.out( 4188): URI: //ping
12-14 00:59:30.352 I/System.out( 4188): params: {json={}
12-14 00:59:30.352 I/System.out( 4188): }
12-14 00:59:30.359 I/System.out( 4188): URI: //ready
12-14 00:59:30.359 I/System.out( 4188): params: {json={}
12-14 00:59:30.359 I/System.out( 4188): }
12-14 00:59:30.366 I/System.out( 4188): URI: //
12-14 00:59:30.366 I/System.out( 4188): params: {json={"command":"version","arguments":[]}
12-14 00:59:30.366 I/System.out( 4188): }
12-14 00:59:30.366 I/System.out( 4188): header: {content-type=application/json;charset=utf-8, date=Mon, 14 Dec 2020 05:59:30 GMT, accept=*/*, host=127.0.0.1:34777, content-length=36, user-agent=HTTPClient/1.0 (2.8.3, ruby 2.5.8 (2020-03-31))}
12-14 00:59:30.366 I/System.out( 4188): params: {json={"command":"version","arguments":[]}
12-14 00:59:30.366 I/System.out( 4188): }
12-14 00:59:30.366 I/System.out( 4188): ProP json = {"command":"version","arguments":[]}
12-14 00:59:30.366 I/System.out( 4188): files: {}
12-14 00:59:30.367 I/System.out( 4188): command: {"command":"version","arguments":[]}
12-14 00:59:30.393 I/InstrumentationBackend( 4188): Got command:'Command:'Line:null,version', arguments:'[]'
12-14 00:59:30.429 I/System.out( 4188): result:{"bonusInformation":[],"message":"0.9.8","success":true}
12-14 00:59:30.435 I/System.out( 4188): URI: //start-application
12-14 00:59:30.435 I/System.out( 4188): params: {json={"intent":null}
12-14 00:59:30.435 I/System.out( 4188): }
12-14 00:59:30.473 I/ActivityManager( 1630): START u0 {act=android.intent.action.MAIN cat=[android.intent.category.LAUNCHER] flg=0x10200000 cmp=com.evancharlton.mileage/.Mileage} from uid 10258
12-14 00:59:30.490 I/calabash( 4188): newActivity1
12-14 00:59:30.501 D/gralloc_ranchu( 1396): gralloc_alloc: Creating ashmem region of size 7753728
12-14 00:59:30.544 W/ActivityManager( 1630): Bad activity token: android.os.BinderProxy@f3b7027
12-14 00:59:30.544 W/ActivityManager( 1630): java.lang.ClassCastException: android.os.BinderProxy cannot be cast to com.android.server.am.ActivityRecord$Token
12-14 00:59:30.544 W/ActivityManager( 1630): 	at com.android.server.am.ActivityRecord.forTokenLocked(ActivityRecord.java:778)
12-14 00:59:30.544 W/ActivityManager( 1630): 	at com.android.server.am.ActivityRecord.isInStackLocked(ActivityRecord.java:2085)
12-14 00:59:30.544 W/ActivityManager( 1630): 	at com.android.server.am.ActivityRecord.getStackLocked(ActivityRecord.java:2090)
12-14 00:59:30.544 W/ActivityManager( 1630): 	at com.android.server.am.ActivityManagerService.getActivityDisplayId(ActivityManagerService.java:10406)
12-14 00:59:30.544 W/ActivityManager( 1630): 	at android.app.IActivityManager$Stub.onTransact(IActivityManager.java:2738)
12-14 00:59:30.544 W/ActivityManager( 1630): 	at com.android.server.am.ActivityManagerService.onTransact(ActivityManagerService.java:2935)
12-14 00:59:30.544 W/ActivityManager( 1630): 	at android.os.Binder.execTransact(Binder.java:674)
12-14 00:59:30.545 I/calabash( 4188): newActivity1
12-14 00:59:30.550 W/ActivityManager( 1630): Bad activity token: android.os.BinderProxy@f3b7027
12-14 00:59:30.550 W/ActivityManager( 1630): java.lang.ClassCastException: android.os.BinderProxy cannot be cast to com.android.server.am.ActivityRecord$Token
12-14 00:59:30.550 W/ActivityManager( 1630): 	at com.android.server.am.ActivityRecord.forTokenLocked(ActivityRecord.java:778)
12-14 00:59:30.550 W/ActivityManager( 1630): 	at com.android.server.am.ActivityRecord.isInStackLocked(ActivityRecord.java:2085)
12-14 00:59:30.550 W/ActivityManager( 1630): 	at com.android.server.am.ActivityManagerService.setTaskDescription(ActivityManagerService.java:9988)
12-14 00:59:30.550 W/ActivityManager( 1630): 	at android.app.IActivityManager$Stub.onTransact(IActivityManager.java:2824)
12-14 00:59:30.550 W/ActivityManager( 1630): 	at com.android.server.am.ActivityManagerService.onTransact(ActivityManagerService.java:2935)
12-14 00:59:30.550 W/ActivityManager( 1630): 	at android.os.Binder.execTransact(Binder.java:674)
12-14 00:59:30.557 W/ActivityManager( 1630): Bad activity token: android.os.BinderProxy@f3b7027
12-14 00:59:30.557 W/ActivityManager( 1630): java.lang.ClassCastException: android.os.BinderProxy cannot be cast to com.android.server.am.ActivityRecord$Token
12-14 00:59:30.557 W/ActivityManager( 1630): 	at com.android.server.am.ActivityRecord.forTokenLocked(ActivityRecord.java:778)
12-14 00:59:30.557 W/ActivityManager( 1630): 	at com.android.server.am.ActivityRecord.isInStackLocked(ActivityRecord.java:2085)
12-14 00:59:30.557 W/ActivityManager( 1630): 	at com.android.server.am.ActivityRecord.getStackLocked(ActivityRecord.java:2090)
12-14 00:59:30.557 W/ActivityManager( 1630): 	at com.android.server.am.ActivityManagerService.getActivityStackId(ActivityManagerService.java:10417)
12-14 00:59:30.557 W/ActivityManager( 1630): 	at android.app.IActivityManager$Stub.onTransact(IActivityManager.java:3548)
12-14 00:59:30.557 W/ActivityManager( 1630): 	at com.android.server.am.ActivityManagerService.onTransact(ActivityManagerService.java:2935)
12-14 00:59:30.557 W/ActivityManager( 1630): 	at android.os.Binder.execTransact(Binder.java:674)
12-14 00:59:30.567 D/EGL_emulation( 2208): eglMakeCurrent: 0x9ca84ba0: ver 3 0 (tinfo 0x9ca83780)
12-14 00:59:30.567 D/EGL_emulation( 2180): eglMakeCurrent: 0x9a47d260: ver 3 0 (tinfo 0x9a47f820)
12-14 00:59:30.573 V/StatusBar( 1728): setLightsOn(true)
12-14 00:59:30.597 D/EGL_emulation( 1728): eglMakeCurrent: 0x984dc040: ver 3 0 (tinfo 0x984e5cb0)
12-14 00:59:30.598 V/StatusBar( 1728): setLightsOn(true)
12-14 00:59:30.604 D/EGL_emulation( 1728): eglMakeCurrent: 0x984dc040: ver 3 0 (tinfo 0x984e5cb0)
12-14 00:59:30.605 E/ContentStoreEUAS( 2208): Failed to commit the deferred actions
12-14 00:59:30.609 D/EGL_emulation( 1728): eglMakeCurrent: 0x984dc040: ver 3 0 (tinfo 0x984e5cb0)
12-14 00:59:30.690 W/ActivityManager( 1630): Bad activity token: android.os.BinderProxy@f3b7027
12-14 00:59:30.690 W/ActivityManager( 1630): java.lang.ClassCastException: android.os.BinderProxy cannot be cast to com.android.server.am.ActivityRecord$Token
12-14 00:59:30.690 W/ActivityManager( 1630): 	at com.android.server.am.ActivityRecord.forTokenLocked(ActivityRecord.java:778)
12-14 00:59:30.690 W/ActivityManager( 1630): 	at com.android.server.am.ActivityRecord.isInStackLocked(ActivityRecord.java:2085)
12-14 00:59:30.690 W/ActivityManager( 1630): 	at com.android.server.am.ActivityManagerService.getActivityOptions(ActivityManagerService.java:13302)
12-14 00:59:30.690 W/ActivityManager( 1630): 	at android.app.IActivityManager$Stub.onTransact(IActivityManager.java:2910)
12-14 00:59:30.690 W/ActivityManager( 1630): 	at com.android.server.am.ActivityManagerService.onTransact(ActivityManagerService.java:2935)
12-14 00:59:30.690 W/ActivityManager( 1630): 	at android.os.Binder.execTransact(Binder.java:674)
12-14 00:59:30.692 W/ActivityManager( 1630): Bad activity token: android.os.BinderProxy@f3b7027
12-14 00:59:30.692 W/ActivityManager( 1630): java.lang.ClassCastException: android.os.BinderProxy cannot be cast to com.android.server.am.ActivityRecord$Token
12-14 00:59:30.692 W/ActivityManager( 1630): 	at com.android.server.am.ActivityRecord.forTokenLocked(ActivityRecord.java:778)
12-14 00:59:30.692 W/ActivityManager( 1630): 	at com.android.server.am.ActivityRecord.isInStackLocked(ActivityRecord.java:2085)
12-14 00:59:30.692 W/ActivityManager( 1630): 	at com.android.server.am.ActivityManagerService.getActivityOptions(ActivityManagerService.java:13302)
12-14 00:59:30.692 W/ActivityManager( 1630): 	at android.app.IActivityManager$Stub.onTransact(IActivityManager.java:2910)
12-14 00:59:30.692 W/ActivityManager( 1630): 	at com.android.server.am.ActivityManagerService.onTransact(ActivityManagerService.java:2935)
12-14 00:59:30.692 W/ActivityManager( 1630): 	at android.os.Binder.execTransact(Binder.java:674)
12-14 00:59:30.777 I/chatty  ( 1728): uid=10028(u0_a28) RenderThread identical 20 lines
12-14 00:59:30.784 D/EGL_emulation( 1728): eglMakeCurrent: 0x984dc040: ver 3 0 (tinfo 0x984e5cb0)
12-14 00:59:30.788 V/StatusBar( 1728): setLightsOn(true)
12-14 00:59:30.825 I/chatty  ( 1728): uid=10028(u0_a28) com.android.systemui identical 1 line
12-14 00:59:30.829 V/StatusBar( 1728): setLightsOn(true)
12-14 00:59:30.831 I/zygote  ( 4188): Do partial code cache collection, code=29KB, data=30KB
12-14 00:59:30.831 I/zygote  ( 4188): After code cache collection, code=29KB, data=30KB
12-14 00:59:30.831 I/zygote  ( 4188): Increasing code cache capacity to 128KB
12-14 00:59:30.832 I/zygote  ( 4188): Do partial code cache collection, code=29KB, data=48KB
12-14 00:59:30.839 I/zygote  ( 4188): After code cache collection, code=29KB, data=48KB
12-14 00:59:30.839 I/zygote  ( 4188): Increasing code cache capacity to 256KB
12-14 00:59:30.840 I/zygote  ( 4188): JIT allocated 71KB for compiled code of void android.widget.TextView.<init>(android.content.Context, android.util.AttributeSet, int, int)
12-14 00:59:30.840 I/zygote  ( 4188): Compiler allocated 4MB to compile void android.widget.TextView.<init>(android.content.Context, android.util.AttributeSet, int, int)
12-14 00:59:30.869 D/gralloc_ranchu( 1396): gralloc_alloc: Creating ashmem region of size 7753728
12-14 00:59:30.894 D/        ( 4188): HostConnection::get() New Host Connection established 0x9a12fc40, tid 4188
12-14 00:59:30.948 V/StatusBar( 1728): setLightsOn(true)
12-14 00:59:30.949 V/StatusBar( 1728): setLightsOn(true)
12-14 00:59:30.951 I/ActivityManager( 1630): Displayed com.evancharlton.mileage/.Mileage: +469ms
12-14 00:59:30.959 V/StatusBar( 1728): setLightsOn(true)
12-14 00:59:30.994 D/gralloc_ranchu( 1396): gralloc_alloc: Creating ashmem region of size 7753728
12-14 00:59:31.004 V/StatusBar( 1728): setLightsOn(true)
12-14 00:59:31.127 I/zygote  ( 4188): Do full code cache collection, code=125KB, data=71KB
12-14 00:59:31.128 I/zygote  ( 4188): After code cache collection, code=108KB, data=44KB
12-14 00:59:31.139 V/StatusBar( 1728): setLightsOn(true)
