--------- beginning of main
12-14 00:41:12.498 E/memtrack( 1629): Couldn't load memtrack module
12-14 00:41:12.498 W/android.os.Debug( 1629): failed to get memory consumption info: -1
12-14 00:41:14.041 D/BoundBrokerSvc( 2227): onUnbind: Intent { act=com.google.android.gms.checkin.START pkg=com.google.android.gms }
12-14 00:41:14.366 D/BoundBrokerSvc( 2227): onUnbind: Intent { act=com.google.android.gms.auth.service.START pkg=com.google.android.gms }
12-14 00:41:14.722 W/NamedFutures( 2172): Timeout future task has been cancelled: 10000 milliseconds
12-14 00:41:14.726 E/SearchServiceStarter( 2172): Task 174 failed or timed out. Client 9554164946559224 disconnecting from SearchService!
12-14 00:41:14.726 E/SearchServiceStarter( 2172): java.util.concurrent.CancellationException: Task was cancelled.
12-14 00:41:14.726 E/SearchServiceStarter( 2172): 	at com.google.common.util.concurrent.d.ct(SourceFile:75)
12-14 00:41:14.726 E/SearchServiceStarter( 2172): 	at com.google.common.util.concurrent.d.get(SourceFile:57)
12-14 00:41:14.726 E/SearchServiceStarter( 2172): 	at com.google.common.util.concurrent.cg.n(SourceFile:2)
12-14 00:41:14.726 E/SearchServiceStarter( 2172): 	at com.google.common.util.concurrent.av.l(SourceFile:50)
12-14 00:41:14.726 E/SearchServiceStarter( 2172): 	at com.google.common.util.concurrent.ax.run(SourceFile:5)
12-14 00:41:14.726 E/SearchServiceStarter( 2172): 	at com.google.android.apps.gsa.shared.util.concurrent.a.bc.run(SourceFile:2)
12-14 00:41:14.726 E/SearchServiceStarter( 2172): 	at android.os.Handler.handleCallback(Handler.java:789)
12-14 00:41:14.726 E/SearchServiceStarter( 2172): 	at android.os.Handler.dispatchMessage(Handler.java:98)
12-14 00:41:14.726 E/SearchServiceStarter( 2172): 	at android.os.Looper.loop(Looper.java:164)
12-14 00:41:14.726 E/SearchServiceStarter( 2172): 	at android.app.ActivityThread.main(ActivityThread.java:6541)
12-14 00:41:14.726 E/SearchServiceStarter( 2172): 	at java.lang.reflect.Method.invoke(Native Method)
12-14 00:41:14.726 E/SearchServiceStarter( 2172): 	at com.android.internal.os.Zygote$MethodAndArgsCaller.run(Zygote.java:240)
12-14 00:41:14.726 E/SearchServiceStarter( 2172): 	at com.android.internal.os.ZygoteInit.main(ZygoteInit.java:767)
--------- beginning of system
12-14 00:41:14.755 W/BroadcastQueue( 1629): Background execution not allowed: receiving Intent { act=android.intent.action.PACKAGE_ADDED dat=package:com.evancharlton.mileage flg=0x4000010 (has extras) } to com.android.vending/com.google.android.finsky.packagemanager.impl.PackageMonitorReceiverImpl$RegisteredReceiver
12-14 00:41:14.756 W/BroadcastQueue( 1629): Background execution not allowed: receiving Intent { act=android.intent.action.PACKAGE_ADDED dat=package:com.evancharlton.mileage flg=0x4000010 (has extras) } to com.google.android.gms/.games.chimera.GamesSystemBroadcastReceiverProxy
12-14 00:41:14.756 W/BroadcastQueue( 1629): Background execution not allowed: receiving Intent { act=android.intent.action.PACKAGE_ADDED dat=package:com.evancharlton.mileage flg=0x4000010 (has extras) } to com.google.android.gms/.gass.chimera.PackageChangeBroadcastReceiver
12-14 00:41:14.756 W/BroadcastQueue( 1629): Background execution not allowed: receiving Intent { act=android.intent.action.PACKAGE_ADDED dat=package:com.evancharlton.mileage flg=0x4000010 (has extras) } to com.google.android.gms/.chimera.GmsIntentOperationService$PersistentTrustedReceiver
12-14 00:41:14.756 W/BroadcastQueue( 1629): Background execution not allowed: receiving Intent { act=android.intent.action.PACKAGE_ADDED dat=package:com.evancharlton.mileage flg=0x4000010 (has extras) } to com.google.android.googlequicksearchbox/com.google.android.apps.gsa.googlequicksearchbox.GelStubAppWatcher
12-14 00:41:14.773 I/Dialer  ( 2002): VvmTaskReceiver - task received
12-14 00:41:14.773 I/Dialer  ( 2002): VvmTaskReceiver - TaskExecutor already running
12-14 00:41:14.774 I/Dialer  ( 2002): Task.createTask - create task:com.android.voicemail.impl.ActivationTask
12-14 00:41:14.774 I/Dialer  ( 2002): TaskQueue.add - duplicated task added
12-14 00:41:14.774 I/Dialer  ( 2002): VvmTaskExecutor - com.android.voicemail.impl.ActivationTask@7bc625a added
12-14 00:41:14.779 W/BroadcastQueue( 1629): Background execution not allowed: receiving Intent { act=android.intent.action.PACKAGE_REMOVED dat=package:com.evancharlton.mileage.test flg=0x4000010 (has extras) } to com.android.vending/com.google.android.finsky.packagemanager.impl.PackageMonitorReceiverImpl$RegisteredReceiver
12-14 00:41:14.779 W/BroadcastQueue( 1629): Background execution not allowed: receiving Intent { act=android.intent.action.PACKAGE_REMOVED dat=package:com.evancharlton.mileage.test flg=0x4000010 (has extras) } to com.android.vending/com.google.android.finsky.instantapps.appmanagement.InstantAppRemoveMonitor
12-14 00:41:14.779 W/BroadcastQueue( 1629): Background execution not allowed: receiving Intent { act=android.intent.action.PACKAGE_REMOVED dat=package:com.evancharlton.mileage.test flg=0x4000010 (has extras) } to com.google.android.gms/.games.chimera.GamesSystemBroadcastReceiverProxy
12-14 00:41:14.779 W/BroadcastQueue( 1629): Background execution not allowed: receiving Intent { act=android.intent.action.PACKAGE_REMOVED dat=package:com.evancharlton.mileage.test flg=0x4000010 (has extras) } to com.google.android.gms/.chimera.GmsIntentOperationService$PersistentTrustedReceiver
12-14 00:41:14.779 W/BroadcastQueue( 1629): Background execution not allowed: receiving Intent { act=android.intent.action.PACKAGE_REMOVED dat=package:com.evancharlton.mileage.test flg=0x4000010 (has extras) } to com.google.android.googlequicksearchbox/com.google.android.apps.gsa.googlequicksearchbox.GelStubAppWatcher
12-14 00:41:14.790 I/Finsky  ( 2556): [2] ycb.d(13): PackageMonitorReceiverImpl - Received: android.intent.action.PACKAGE_FULLY_REMOVED, [Hc-uu0eID9wC4ptvRCsWBIQPDhHxrgxu8bZlIwakNJw]
12-14 00:41:14.790 I/Finsky  ( 2556): [2] ydc.g(1): Invalidating cached PackageState for com.evancharlton.mileage.test
12-14 00:41:14.792 I/Finsky  ( 2556): [2] ouk.d(2): Frosting ID looked up on UI thread. Caller should move to a background thread.
12-14 00:41:14.795 I/Finsky  ( 2556): [2] qlq.s(2): Installer: package com.evancharlton.mileage.test was removed. replacing: false
12-14 00:41:14.797 I/Finsky  ( 2556): [2] qmo.L(12): Installer: Notifying status update. package=com.evancharlton.mileage.test, status=UNINSTALLED
12-14 00:41:14.799 I/Finsky  ( 2556): [2] alxk.a(3): Do not start WearSupportService due to Wear service optimization
12-14 00:41:14.799 I/Finsky  ( 2556): [125] jmd.a(15): [ContentSync] finished, scheduled=false
12-14 00:41:14.800 I/Finsky  ( 2556): [2] alxk.a(3): Do not start WearSupportService due to Wear service optimization
12-14 00:41:14.801 I/Finsky  ( 2556): [2] adxl.a(8): Clearing split related stale data.
12-14 00:41:14.801 I/Finsky  ( 2556): [175] gvx.a(12): Asset module storage cleared for package com.evancharlton.mileage.test.
12-14 00:41:14.814 I/Finsky  ( 2556): [2] qmo.O(7): Installer: found apps to install. isMultiUserMode=false, apps=[]
12-14 00:41:14.814 I/Finsky  ( 2556): [166] otx.run(16): Wrote row to frosting DB: 790
12-14 00:41:14.822 I/ExposureNotification( 2227): Still can find package com.evancharlton.mileage.test after receive its fully removed broadcast, which was installed 8880 ms ago. Ignore the fully removed broadcast. [CONTEXT service_id=236 ]
12-14 00:41:14.827 D/BoundBrokerSvc( 2227): onBind: Intent { act=com.google.android.gms.common.BIND_SHARED_PREFS pkg=com.google.android.gms }
12-14 00:41:14.827 D/BoundBrokerSvc( 2227): Loading bound service for intent: Intent { act=com.google.android.gms.common.BIND_SHARED_PREFS pkg=com.google.android.gms }
12-14 00:41:14.829 I/Finsky  ( 2556): [166] otx.run(16): Wrote row to frosting DB: 791
12-14 00:41:14.831 I/Finsky  ( 2556): [161] rab.C(2): IQ: Notifying installation update. package=com.evancharlton.mileage.test, status=UNINSTALLED
12-14 00:41:14.838 D/BoundBrokerSvc( 2227): onUnbind: Intent { act=com.google.android.gms.common.BIND_SHARED_PREFS pkg=com.google.android.gms }
12-14 00:41:14.846 I/Finsky  ( 2556): [161] rab.t(33): IQ: No matching installs to run for jobs: []
12-14 00:41:14.859 I/DigitalWidgetProvider( 3416): onReceive: Intent { act=com.android.deskclock.ALARM_CHANGED flg=0x10 cmp=com.google.android.deskclock/com.android.alarmclock.DigitalAppWidgetProvider }
12-14 00:41:14.874 W/BroadcastQueue( 1629): Background execution not allowed: receiving Intent { act=android.intent.action.PACKAGE_ADDED dat=package:com.evancharlton.mileage.test flg=0x4000010 (has extras) } to com.android.vending/com.google.android.finsky.packagemanager.impl.PackageMonitorReceiverImpl$RegisteredReceiver
12-14 00:41:14.874 W/BroadcastQueue( 1629): Background execution not allowed: receiving Intent { act=android.intent.action.PACKAGE_ADDED dat=package:com.evancharlton.mileage.test flg=0x4000010 (has extras) } to com.google.android.gms/.games.chimera.GamesSystemBroadcastReceiverProxy
12-14 00:41:14.874 W/BroadcastQueue( 1629): Background execution not allowed: receiving Intent { act=android.intent.action.PACKAGE_ADDED dat=package:com.evancharlton.mileage.test flg=0x4000010 (has extras) } to com.google.android.gms/.gass.chimera.PackageChangeBroadcastReceiver
12-14 00:41:14.874 W/BroadcastQueue( 1629): Background execution not allowed: receiving Intent { act=android.intent.action.PACKAGE_ADDED dat=package:com.evancharlton.mileage.test flg=0x4000010 (has extras) } to com.google.android.gms/.chimera.GmsIntentOperationService$PersistentTrustedReceiver
12-14 00:41:14.874 W/BroadcastQueue( 1629): Background execution not allowed: receiving Intent { act=android.intent.action.PACKAGE_ADDED dat=package:com.evancharlton.mileage.test flg=0x4000010 (has extras) } to com.google.android.googlequicksearchbox/com.google.android.apps.gsa.googlequicksearchbox.GelStubAppWatcher
12-14 00:41:14.902 W/BroadcastQueue( 1629): Background execution not allowed: receiving Intent { act=android.intent.action.DROPBOX_ENTRY_ADDED flg=0x10 (has extras) } to com.google.android.gms/.stats.service.DropBoxEntryAddedReceiver
12-14 00:41:14.902 W/BroadcastQueue( 1629): Background execution not allowed: receiving Intent { act=android.intent.action.DROPBOX_ENTRY_ADDED flg=0x10 (has extras) } to com.google.android.gms/.chimera.GmsIntentOperationService$PersistentTrustedReceiver
12-14 00:41:14.952 W/zygote  ( 3851): Unexpected CPU variant for X86 using defaults: x86
12-14 00:41:14.958 I/ActivityManager( 1629): Start proc 3851:com.google.android.videos/u0a72 for service com.google.android.videos/.service.drm.RefreshLicenseTaskService
12-14 00:41:14.990 I/MultiDex( 3851): VM with version 2.1.0 has multidex support
12-14 00:41:14.990 I/MultiDex( 3851): install
12-14 00:41:14.990 I/MultiDex( 3851): VM has multidex support, MultiDex support library is disabled.
12-14 00:41:15.039 I/zygote  ( 1947): Do partial code cache collection, code=502KB, data=317KB
12-14 00:41:15.040 I/zygote  ( 1947): After code cache collection, code=502KB, data=317KB
12-14 00:41:15.040 I/zygote  ( 1947): Increasing code cache capacity to 2MB
12-14 00:41:15.108 I/ActivityManager( 1629): Killing 3218:com.android.settings/1000 (adj 906): empty #17
12-14 00:41:15.137 W/BroadcastQueue( 1629): Permission Denial: broadcasting Intent { act=com.google.android.checkin.CHECKIN_COMPLETE flg=0x1000010 (has extras) } from com.google.android.gms (pid=2227, uid=10011) is not exported from uid 10023 due to receiver com.android.vending/com.google.android.finsky.checkin.CheckinReceiver
12-14 00:41:15.208 I/zygote  ( 1947): Background concurrent copying GC freed 134372(7MB) AllocSpace objects, 60(1544KB) LOS objects, 48% free, 6MB/12MB, paused 402us total 128.818ms
12-14 00:41:15.300 W/ActivityManager( 1629): Background start not allowed: service Intent { cmp=com.google.android.videos/.service.pinning.TransferService (has extras) } to com.google.android.videos/.service.pinning.TransferService from pid=3851 uid=10072 pkg=com.google.android.videos
12-14 00:41:15.303 I/Finsky  ( 2556): [110] daj.a(7): Received content filters request from com.google.android.videos
12-14 00:41:15.314 I/PlayMovies( 3851): RefreshLicenseTaskService.forceLicenseRefreshNow:66 Scheduled task now refresh_license_forced
12-14 00:41:15.314 I/PlayMovies( 3851): 
12-14 00:41:15.318 D/PlayMovies( 3851): PersistentCache.cleanup:104 Cache is below limit, no need to shrink: [size=0, limit=5242880]
12-14 00:41:15.318 D/PlayMovies( 3851): 
12-14 00:41:15.332 D/Primes  ( 3851): Package metric disabled.
12-14 00:41:15.332 D/Primes  ( 3851): Battery metric disabled
12-14 00:41:15.332 D/Primes  ( 3851): MagicEye logging metric disabled
12-14 00:41:15.334 D/CryptdConnector( 1629): SND -> {11 cryptfs getpwtype}
12-14 00:41:15.334 D/VoldCryptCmdListener( 1342): cryptfs getpwtype
12-14 00:41:15.335 D/CryptdConnector( 1629): RCV <- {213 11 default}
12-14 00:41:15.335 I/PlayMovies( 3851): RefreshLicenseTaskService.onRunTask:96 On run task refresh_license_forced
12-14 00:41:15.335 I/PlayMovies( 3851): 
12-14 00:41:15.346 I/ActivityManager( 1629): Killing 3242:com.android.cellbroadcastreceiver/u0a5 (adj 906): empty #17
12-14 00:41:15.481 D/BoundBrokerSvc( 2227): onUnbind: Intent { act=com.google.android.gms.feedback.internal.IFeedbackService cmp=com.google.android.gms/.chimera.GmsBoundBrokerService }
12-14 00:41:15.524 D/BoundBrokerSvc( 1947): onBind: Intent { act=com.google.android.gms.tapandpay.service.BIND cmp=com.google.android.gms/.chimera.PersistentApiService }
12-14 00:41:15.525 D/BoundBrokerSvc( 1947): Loading bound service for intent: Intent { act=com.google.android.gms.tapandpay.service.BIND cmp=com.google.android.gms/.chimera.PersistentApiService }
12-14 00:41:15.671 I/zygote  ( 1947): Deoptimizing java.lang.String asqf.i(android.os.Bundle) due to JIT inline cache
12-14 00:41:15.688 I/MicroDetectionWorker( 2172): #updateMicroDetector [detectionMode: [mDetectionMode: [1]]]
12-14 00:41:15.688 I/MicroDetectionWorker( 2172): #startMicroDetector [speakerMode: 0]
12-14 00:41:15.688 I/AudioController( 2172): Using mInputStreamFactoryBuilder
12-14 00:41:15.690 I/MicroDetectionWorker( 2172): onReady
12-14 00:41:15.692 I/MicroRecognitionRunner( 2172): Starting detection.
12-14 00:41:15.693 I/MicrophoneInputStream( 2172): mic_starting com.google.android.apps.gsa.staticplugins.aa.c@2f20dd1
12-14 00:41:15.703 I/MicrophoneInputStream( 2172): mic_started com.google.android.apps.gsa.staticplugins.aa.c@2f20dd1
12-14 00:41:15.703 E/ActivityThread( 2172): Failed to find provider info for com.google.android.apps.gsa.testing.ui.audio.recorded
12-14 00:41:15.704 I/MicroDetectionWorker( 2172): onReady
12-14 00:41:15.705 I/MicrophoneInputStream( 2172): mic_close com.google.android.apps.gsa.staticplugins.aa.c@2f20dd1
12-14 00:41:15.705 I/MicroRecognitionRunner( 2172): Detection finished
12-14 00:41:15.705 W/ErrorReporter( 2172): reportError [type: 211, code: 524300]: Error reading from input stream
12-14 00:41:15.705 I/MicroRecognitionRunner( 2172): Stopping hotword detection.
12-14 00:41:15.705 W/ErrorProcessor( 2172): onFatalError, processing error from engine(4)
12-14 00:41:15.705 W/ErrorProcessor( 2172): com.google.android.apps.gsa.shared.speech.b.g: Error reading from input stream
12-14 00:41:15.705 W/ErrorProcessor( 2172): 	at com.google.android.apps.gsa.staticplugins.recognizer.j.a.a(SourceFile:28)
12-14 00:41:15.705 W/ErrorProcessor( 2172): 	at com.google.android.apps.gsa.staticplugins.recognizer.j.b.run(SourceFile:15)
12-14 00:41:15.705 W/ErrorProcessor( 2172): 	at java.util.concurrent.Executors$RunnableAdapter.call(Executors.java:457)
12-14 00:41:15.705 W/ErrorProcessor( 2172): 	at java.util.concurrent.FutureTask.run(FutureTask.java:266)
12-14 00:41:15.705 W/ErrorProcessor( 2172): 	at com.google.android.apps.gsa.shared.util.concurrent.a.ax.run(SourceFile:14)
12-14 00:41:15.705 W/ErrorProcessor( 2172): 	at com.google.android.apps.gsa.shared.util.concurrent.a.bl.run(SourceFile:4)
12-14 00:41:15.705 W/ErrorProcessor( 2172): 	at com.google.android.apps.gsa.shared.util.concurrent.a.bl.run(SourceFile:4)
12-14 00:41:15.705 W/ErrorProcessor( 2172): 	at java.util.concurrent.ThreadPoolExecutor.runWorker(ThreadPoolExecutor.java:1162)
12-14 00:41:15.705 W/ErrorProcessor( 2172): 	at java.util.concurrent.ThreadPoolExecutor$Worker.run(ThreadPoolExecutor.java:636)
12-14 00:41:15.705 W/ErrorProcessor( 2172): 	at java.lang.Thread.run(Thread.java:764)
12-14 00:41:15.705 W/ErrorProcessor( 2172): 	at com.google.android.apps.gsa.shared.util.concurrent.a.ai.run(SourceFile:6)
12-14 00:41:15.705 W/ErrorProcessor( 2172): Caused by: com.google.android.apps.gsa.shared.exception.GsaIOException: Error code: 393238 | Buffer overflow, no available space.
12-14 00:41:15.705 W/ErrorProcessor( 2172): 	at com.google.android.apps.gsa.speech.audio.Tee.f(SourceFile:103)
12-14 00:41:15.705 W/ErrorProcessor( 2172): 	at com.google.android.apps.gsa.speech.audio.au.read(SourceFile:2)
12-14 00:41:15.705 W/ErrorProcessor( 2172): 	at java.io.InputStream.read(InputStream.java:101)
12-14 00:41:15.705 W/ErrorProcessor( 2172): 	at com.google.android.apps.gsa.speech.audio.ao.run(SourceFile:18)
12-14 00:41:15.705 W/ErrorProcessor( 2172): 	at com.google.android.apps.gsa.speech.audio.an.run(SourceFile:2)
12-14 00:41:15.705 W/ErrorProcessor( 2172): 	... 9 more
12-14 00:41:15.706 I/AudioController( 2172): internalShutdown
12-14 00:41:15.706 I/MicroDetector( 2172): Keeping mic open: false
12-14 00:41:15.706 I/MicroDetectionWorker( 2172): #onError(false)
12-14 00:41:15.707 I/DeviceStateChecker( 2172): DeviceStateChecker cancelled
12-14 00:41:15.713 I/AudioFlinger( 1476): AudioFlinger's thread 0xac083200 tid=3898 ready to run
12-14 00:41:15.739 I/NetworkScheduler.Stats( 1947): Task com.google.android.videos/ started execution. cause:7 exec_start_elapsed_seconds: 49 [CONTEXT service_id=218 ]
12-14 00:41:15.801 E/NetworkScheduler.ATC( 1947): Called cancelTask for already completed task com.google.android.videos/.service.drm.RefreshLicenseTaskService{u=0 tag="refresh_license_forced" trigger=window{start=0s,end=1s,earliest=-1s,latest=0s} requirements=[NET_CONNECTED] attributes=[] scheduled=-1s last_run=0s exec_window_multiplier=1.0000 jid=N/A status=ACTIVE retries=0 client_lib=MANCHEGO_GCM-10400000} :0 [CONTEXT service_id=218 ]
12-14 00:41:15.801 W/NetworkScheduler( 1947): Immediate task was not started com.google.android.videos/.service.drm.RefreshLicenseTaskService{u=0 tag="refresh_license_forced" trigger=window{start=0s,end=1s,earliest=0s,latest=0s} requirements=[NET_CONNECTED] attributes=[] scheduled=0s last_run=N/A exec_window_multiplier=1.0000 jid=N/A status=PENDING retries=0 client_lib=MANCHEGO_GCM-10400000}. Rescheduling immediate tasks can cause excessive battery drain.
12-14 00:41:15.803 I/NetworkScheduler.Stats( 1947): Task com.google.android.videos/ finished executing. cause:7 result: 1 elapsed_millis: 407 uptime_millis: 407 exec_start_elapsed_seconds: 49 [CONTEXT service_id=218 ]
12-14 00:41:15.803 I/NetworkScheduler.Stats( 1947): Task com.google.android.gms/com.google.android.gms.pay.gcmtask.PayGcmTaskService started execution. cause:7 exec_start_elapsed_seconds: 49 [CONTEXT service_id=218 ]
12-14 00:41:15.804 I/NetworkScheduler.Stats( 1947): Task com.google.android.gms/com.google.android.gms.pay.gcmtask.PayGcmTaskService finished executing. cause:7 result: 1 elapsed_millis: 159 uptime_millis: 159 exec_start_elapsed_seconds: 49 [CONTEXT service_id=218 ]
12-14 00:41:15.871 I/NetworkScheduler.Stats( 1947): Task com.google.android.gms/com.google.android.gms.clearcut.uploader.QosUploaderService started execution. cause:5 exec_start_elapsed_seconds: 49 [CONTEXT service_id=218 ]
12-14 00:41:15.896 I/PlayMovies( 3851): RefreshLicenseTaskService.onRunTask:96 On run task refresh_license
12-14 00:41:15.896 I/PlayMovies( 3851): 
12-14 00:41:15.904 I/NetworkScheduler.Stats( 1947): Task com.google.android.videos/ started execution. cause:5 exec_start_elapsed_seconds: 49 [CONTEXT service_id=218 ]
12-14 00:41:15.912 I/NetworkScheduler.Stats( 1947): Task com.google.android.gms/com.google.android.gms.clearcut.uploader.QosUploaderService finished executing. cause:5 result: 1 elapsed_millis: 67 uptime_millis: 67 exec_start_elapsed_seconds: 49 [CONTEXT service_id=218 ]
12-14 00:41:15.915 I/NetworkScheduler.Stats( 1947): Task com.google.android.videos/ finished executing. cause:5 result: 1 elapsed_millis: 16 uptime_millis: 16 exec_start_elapsed_seconds: 49 [CONTEXT service_id=218 ]
12-14 00:41:15.939 V/LifecycleAwareServiceBi( 2556): notify unbound
12-14 00:41:15.939 V/LifecycleAwareServiceBi( 2556): com.google.common.flogger.LogSiteStackTrace: MEDIUM
12-14 00:41:15.939 V/LifecycleAwareServiceBi( 2556): 	at com.google.frameworks.client.data.android.binder.LifecycleAwareServiceBinding.h(PG:1)
12-14 00:41:15.939 V/LifecycleAwareServiceBi( 2556): 	at axqg.run(Unknown Source:4)
12-14 00:41:15.939 V/LifecycleAwareServiceBi( 2556): 	at android.os.Handler.handleCallback(Handler.java:789)
12-14 00:41:15.939 V/LifecycleAwareServiceBi( 2556): 	at android.os.Handler.dispatchMessage(Handler.java:98)
12-14 00:41:15.939 V/LifecycleAwareServiceBi( 2556): 	at android.os.Looper.loop(Looper.java:164)
12-14 00:41:15.939 V/LifecycleAwareServiceBi( 2556): 	at android.app.ActivityThread.main(ActivityThread.java:6541)
12-14 00:41:15.939 V/LifecycleAwareServiceBi( 2556): 	at java.lang.reflect.Method.invoke(Native Method)
12-14 00:41:15.939 V/LifecycleAwareServiceBi( 2556): 	at com.android.internal.os.Zygote$MethodAndArgsCaller.run(Zygote.java:240)
12-14 00:41:15.939 V/LifecycleAwareServiceBi( 2556): 	at com.android.internal.os.ZygoteInit.main(ZygoteInit.java:767)
12-14 00:41:15.939 V/LifecycleAwareServiceBi( 2556): notify unbound - notifying
12-14 00:41:15.940 I/Finsky:download_service( 2683): [2] sxn.onDestroy(8): IPC-SERVER: Stopping gRPC host service...
12-14 00:41:15.995 I/NetworkScheduler.Stats( 1947): Task com.google.android.gms/com.google.android.gms.gass.chimera.SchedulePeriodicTasksService started execution. cause:5 exec_start_elapsed_seconds: 50 [CONTEXT service_id=218 ]
12-14 00:41:16.077 I/NetworkScheduler.Stats( 1947): Task com.google.android.gms/com.google.android.gms.pay.gcmtask.PayGcmTaskService started execution. cause:5 exec_start_elapsed_seconds: 50 [CONTEXT service_id=218 ]
12-14 00:41:16.083 I/NetworkScheduler.Stats( 1947): Task com.google.android.gms/com.google.android.gms.gass.chimera.SchedulePeriodicTasksService finished executing. cause:5 result: 1 elapsed_millis: 137 uptime_millis: 137 exec_start_elapsed_seconds: 50 [CONTEXT service_id=218 ]
12-14 00:41:16.091 I/NetworkScheduler.Stats( 1947): Task com.google.android.gms/com.google.android.gms.pay.gcmtask.PayGcmTaskService finished executing. cause:5 result: 1 elapsed_millis: 39 uptime_millis: 39 exec_start_elapsed_seconds: 50 [CONTEXT service_id=218 ]
12-14 00:41:16.158 D/BoundBrokerSvc( 2227): onBind: Intent { act=com.google.android.gms.pay.service.BIND cmp=com.google.android.gms/.chimera.GmsApiService }
12-14 00:41:16.158 D/BoundBrokerSvc( 2227): Loading bound service for intent: Intent { act=com.google.android.gms.pay.service.BIND cmp=com.google.android.gms/.chimera.GmsApiService }
12-14 00:41:16.161 I/Pay     ( 2227): Migration flag not enabled. [CONTEXT service_id=198 ]
12-14 00:41:16.164 I/jgl     ( 2227): Primes not initialized, returning default (no-op) Primes instance which will ignore all calls. Please call Primes.initialize(...) before using any Primes API.
12-14 00:41:16.164 I/NetworkScheduler.Stats( 1947): Task com.google.android.gms/com.google.android.gms.pay.gcmtask.PayGcmTaskService started execution. cause:5 exec_start_elapsed_seconds: 50 [CONTEXT service_id=218 ]
12-14 00:41:16.210 I/Pay     ( 2227): Migration already completed. [CONTEXT service_id=198 ]
12-14 00:41:16.215 I/chatty  ( 2227): uid=10011(u0_a11) lowpool[5] identical 1 line
12-14 00:41:16.219 I/Pay     ( 2227): Migration already completed. [CONTEXT service_id=198 ]
12-14 00:41:16.219 I/Pay     ( 2227): Migration flag not enabled. [CONTEXT service_id=198 ]
12-14 00:41:16.226 I/Pay     ( 2227): Migration already completed. [CONTEXT service_id=198 ]
12-14 00:41:16.227 I/Pay     ( 2227): Migration flag not enabled. [CONTEXT service_id=198 ]
12-14 00:41:16.241 I/NetworkScheduler.Stats( 1947): Task com.google.android.gms/com.google.android.gms.pay.gcmtask.PayGcmTaskService started execution. cause:5 exec_start_elapsed_seconds: 50 [CONTEXT service_id=218 ]
12-14 00:41:16.249 I/NetworkScheduler.Stats( 1947): Task com.google.android.gms/com.google.android.gms.pay.gcmtask.PayGcmTaskService finished executing. cause:5 result: 1 elapsed_millis: 127 uptime_millis: 127 exec_start_elapsed_seconds: 50 [CONTEXT service_id=218 ]
12-14 00:41:16.251 I/NetworkScheduler.Stats( 1947): Task com.google.android.gms/com.google.android.gms.pay.gcmtask.PayGcmTaskService finished executing. cause:5 result: 1 elapsed_millis: 42 uptime_millis: 42 exec_start_elapsed_seconds: 50 [CONTEXT service_id=218 ]
12-14 00:41:16.318 I/NetworkScheduler.Stats( 1947): Task com.google.android.gms/com.google.android.gms.pay.gcmtask.PayGcmTaskService started execution. cause:5 exec_start_elapsed_seconds: 50 [CONTEXT service_id=218 ]
12-14 00:41:16.324 E/Pay     ( 2227): No account found on the task or the device. Notification task will not be rescheduled. [CONTEXT service_id=198 ]
12-14 00:41:16.364 I/NetworkScheduler.Stats( 1947): Task com.google.android.gms/com.google.android.gms.pay.gcmtask.PayGcmTaskService started execution. cause:5 exec_start_elapsed_seconds: 50 [CONTEXT service_id=218 ]
12-14 00:41:16.364 I/Pay     ( 2227): Device does not support HCE. [CONTEXT service_id=198 ]
12-14 00:41:16.387 I/NetworkScheduler.Stats( 1947): Task com.google.android.gms/com.google.android.gms.pay.gcmtask.PayGcmTaskService finished executing. cause:5 result: 2 elapsed_millis: 104 uptime_millis: 104 exec_start_elapsed_seconds: 50 [CONTEXT service_id=218 ]
12-14 00:41:16.392 I/NetworkScheduler.Stats( 1947): Task com.google.android.gms/com.google.android.gms.pay.gcmtask.PayGcmTaskService finished executing. cause:5 result: 2 elapsed_millis: 49 uptime_millis: 49 exec_start_elapsed_seconds: 50 [CONTEXT service_id=218 ]
12-14 00:41:16.464 I/NetworkScheduler.Stats( 1947): Task com.google.android.gms/com.google.android.gms.tapandpay.gcmtask.TapAndPayGcmTaskService started execution. cause:5 exec_start_elapsed_seconds: 50 [CONTEXT service_id=218 ]
12-14 00:41:16.465 I/NetworkScheduler.Stats( 1947): Task com.google.android.gms/com.google.android.gms.tapandpay.gcmtask.TapAndPayGcmTaskService finished executing. cause:5 result: 1 elapsed_millis: 36 uptime_millis: 35 exec_start_elapsed_seconds: 50 [CONTEXT service_id=218 ]
12-14 00:41:16.526 I/NetworkScheduler.Stats( 1947): Task com.google.android.gms/com.google.android.gms.tapandpay.gcmtask.TapAndPayGcmTaskService started execution. cause:5 exec_start_elapsed_seconds: 50 [CONTEXT service_id=218 ]
12-14 00:41:16.579 I/NetworkScheduler.Stats( 1947): Task com.google.android.gms/com.google.android.gms.tapandpay.gcmtask.TapAndPayGcmTaskService started execution. cause:5 exec_start_elapsed_seconds: 50 [CONTEXT service_id=218 ]
12-14 00:41:16.603 I/NetworkScheduler.Stats( 1947): Task com.google.android.gms/com.google.android.gms.tapandpay.gcmtask.TapAndPayGcmTaskService finished executing. cause:5 result: 1 elapsed_millis: 106 uptime_millis: 106 exec_start_elapsed_seconds: 50 [CONTEXT service_id=218 ]
12-14 00:41:16.605 I/NetworkScheduler.Stats( 1947): Task com.google.android.gms/com.google.android.gms.tapandpay.gcmtask.TapAndPayGcmTaskService finished executing. cause:5 result: 1 elapsed_millis: 50 uptime_millis: 50 exec_start_elapsed_seconds: 50 [CONTEXT service_id=218 ]
12-14 00:41:16.674 I/NetworkScheduler.Stats( 1947): Task com.google.android.gms/com.google.android.gms.udc.service.UdcContextInitService started execution. cause:5 exec_start_elapsed_seconds: 50 [CONTEXT service_id=218 ]
12-14 00:41:16.706 I/NetworkScheduler.Stats( 1947): Task com.google.android.videos/ started execution. cause:5 exec_start_elapsed_seconds: 50 [CONTEXT service_id=218 ]
12-14 00:41:16.707 I/PlayMovies( 3851): RefreshLicenseTaskService.onRunTask:96 On run task refresh_license_forced
12-14 00:41:16.707 I/PlayMovies( 3851): 
12-14 00:41:16.712 I/NetworkScheduler.Stats( 1947): Task com.google.android.videos/ finished executing. cause:5 result: 1 elapsed_millis: 16 uptime_millis: 16 exec_start_elapsed_seconds: 50 [CONTEXT service_id=218 ]
12-14 00:41:16.735 I/NetworkScheduler.Stats( 1947): Task com.google.android.gms/com.google.android.gms.udc.service.UdcContextInitService finished executing. cause:5 result: 1 elapsed_millis: 98 uptime_millis: 97 exec_start_elapsed_seconds: 50 [CONTEXT service_id=218 ]
12-14 00:41:17.246 D/EGL_emulation( 3651): eglCreateContext: 0xa326e420: maj 3 min 0 rcv 3
12-14 00:41:17.249 D/EGL_emulation( 3651): eglMakeCurrent: 0xa326e420: ver 3 0 (tinfo 0xaf20b840)
12-14 00:41:17.251 E/eglCodecCommon( 3651): glUtilsParamSize: unknow param 0x00008cdf
12-14 00:41:17.252 E/eglCodecCommon( 3651): glUtilsParamSize: unknow param 0x00008cdf
12-14 00:41:17.253 E/eglCodecCommon( 3651): glUtilsParamSize: unknow param 0x00008824
12-14 00:41:17.253 E/eglCodecCommon( 3651): glUtilsParamSize: unknow param 0x00008824
12-14 00:41:17.314 D/BoundBrokerSvc( 1947): onUnbind: Intent { act=com.google.android.gms.usagereporting.service.START pkg=com.google.android.gms }
12-14 00:41:17.314 E/memtrack( 1629): Couldn't load memtrack module
12-14 00:41:17.314 W/android.os.Debug( 1629): failed to get memory consumption info: -1
12-14 00:41:17.314 D/EGL_emulation( 3651): eglCreateContext: 0xaf231920: maj 3 min 0 rcv 3
12-14 00:41:17.317 D/EGL_emulation( 3651): eglMakeCurrent: 0xaf231920: ver 3 0 (tinfo 0xaf20b840)
12-14 00:41:17.319 E/eglCodecCommon( 3651): glUtilsParamSize: unknow param 0x00008cdf
12-14 00:41:17.319 E/eglCodecCommon( 3651): glUtilsParamSize: unknow param 0x00008cdf
12-14 00:41:17.320 E/eglCodecCommon( 3651): glUtilsParamSize: unknow param 0x00008824
12-14 00:41:17.320 E/eglCodecCommon( 3651): glUtilsParamSize: unknow param 0x00008824
12-14 00:41:17.401 D/BoundBrokerSvc( 1947): onUnbind: Intent { act=com.google.android.gms.icing.LIGHTWEIGHT_INDEX_SERVICE cmp=com.google.android.gms/.chimera.PersistentApiService }
12-14 00:41:17.485 W/SystemServiceRegistry( 3651): No service published for: persistent_data_block
12-14 00:41:17.479 W/Binder:3651_2( 3651): type=1400 audit(0.0:20): avc: denied { read } for name="modules" dev="proc" ino=4026532034 scontext=u:r:priv_app:s0:c512,c768 tcontext=u:object_r:proc_modules:s0 tclass=file permissive=0
12-14 00:41:17.581 W/Conscrypt( 2227): Could not set socket write timeout: java.net.SocketException: Socket closed
12-14 00:41:17.582 W/Conscrypt( 2227): 	at com.google.android.gms.org.conscrypt.Platform.setSocketWriteTimeout(:com.google.android.gms@204713022@20.47.13 (040700-344095733):2)
12-14 00:41:17.582 W/Conscrypt( 2227): 	at com.google.android.gms.org.conscrypt.ConscryptFileDescriptorSocket.setSoWriteTimeout(:com.google.android.gms@204713022@20.47.13 (040700-344095733):0)
12-14 00:41:17.664 W/Conscrypt( 2227): Could not set socket write timeout: java.net.SocketException: Socket closed
12-14 00:41:17.664 W/Conscrypt( 2227): 	at com.google.android.gms.org.conscrypt.Platform.setSocketWriteTimeout(:com.google.android.gms@204713022@20.47.13 (040700-344095733):2)
12-14 00:41:17.664 W/Conscrypt( 2227): 	at com.google.android.gms.org.conscrypt.ConscryptFileDescriptorSocket.setSoWriteTimeout(:com.google.android.gms@204713022@20.47.13 (040700-344095733):0)
12-14 00:41:17.929 I/ActivityManager( 1629): Killing 3277:com.google.android.apps.maps/u0a59 (adj 906): empty #17
12-14 00:41:17.975 D/BoundBrokerSvc( 2227): onUnbind: Intent { act=com.google.android.gms.people.service.START pkg=com.google.android.gms }
12-14 00:41:17.975 D/BoundBrokerSvc( 1947): onUnbind: Intent { act=com.google.android.gms.phenotype.service.START pkg=com.google.android.gms }
12-14 00:41:18.128 D/AndroidRuntime( 3910): >>>>>> START com.android.internal.os.RuntimeInit uid 2000 <<<<<<
12-14 00:41:18.158 D/ConnectivityService( 1629): handleLingerComplete for NetworkAgentInfo [MOBILE (LTE) - 100]
12-14 00:41:18.161 W/app_process( 3910): Unexpected CPU variant for X86 using defaults: x86
12-14 00:41:18.176 D/AndroidRuntime( 3910): Calling main entry com.android.commands.am.Am
12-14 00:41:18.179 I/ActivityManager( 1629): Force stopping com.evancharlton.mileage appid=10240 user=0: start instr
12-14 00:41:18.179 I/ActivityManager( 1629): Killing 3756:com.evancharlton.mileage/u0a240 (adj 0): stop com.evancharlton.mileage
12-14 00:41:18.179 W/ActivityManager( 1629): Crash of app com.evancharlton.mileage running instrumentation ComponentInfo{com.evancharlton.mileage.test/sh.calaba.instrumentationbackend.ClearAppData2}
12-14 00:41:18.180 I/ActivityManager( 1629): Force stopping com.evancharlton.mileage appid=10240 user=0: finished inst
12-14 00:41:18.187 I/zygote  ( 3920): Not late-enabling -Xcheck:jni (already on)
12-14 00:41:18.192 I/ActivityManager( 1629): Start proc 3920:com.evancharlton.mileage/u0a240 for added application com.evancharlton.mileage
12-14 00:41:18.193 D/AndroidRuntime( 3910): Shutting down VM
12-14 00:41:18.198 W/zygote  ( 3920): Unexpected CPU variant for X86 using defaults: x86
12-14 00:41:18.225 E/adbd    ( 1383): failed to connect to socket 'tcp:7102': Connection refused
12-14 00:41:18.228 E/adbd    ( 1383): failed to connect to socket 'tcp:7102': Connection refused
12-14 00:41:18.232 W/zygote  ( 3920): Found duplicate classes, falling back to extracting from APK : /data/app/com.evancharlton.mileage.test-k2WBvg9x6AS0W5k5YcGTEg==/base.apk
12-14 00:41:18.232 W/zygote  ( 3920): NOTE: This wastes RAM and hurts startup performance.
12-14 00:41:18.232 W/zygote  ( 3920): Found duplicated class when checking oat files: 'Ljunit/runner/BaseTestRunner;' in /data/app/com.evancharlton.mileage.test-k2WBvg9x6AS0W5k5YcGTEg==/base.apk and /system/framework/android.test.runner.jar
12-14 00:41:18.232 W/zygote  ( 3920): 
12-14 00:41:18.260 W/System  ( 3920): ClassLoader referenced unknown path: 
12-14 00:41:18.271 I/System.out( 3920): Main activity name automatically set to: com.evancharlton.mileage.Mileage
12-14 00:41:18.272 I/System.out( 3920): Calabash did not load Mono. This is only a problem if you are trying to test a Mono application
12-14 00:41:18.273 I/calabash( 3920): Test server port: 7102
12-14 00:41:18.274 I/InstrumentationBackend( 3920): Added:'GetPreferences', with key:'get_preferences'
12-14 00:41:18.332 I/InstrumentationBackend( 3920): Added:'SetPreferences', with key:'set_preferences'
12-14 00:41:18.332 I/InstrumentationBackend( 3920): Added:'ClearPreferences', with key:'clear_preferences'
12-14 00:41:18.333 I/InstrumentationBackend( 3920): Added:'PressElement', with key:'press_l10n_element'
12-14 00:41:18.333 I/InstrumentationBackend( 3920): Added:'WaitForElement', with key:'wait_for_l10n_element'
12-14 00:41:18.334 I/InstrumentationBackend( 3920): Added:'NullAction', with key:'nullAction'
12-14 00:41:18.334 I/InstrumentationBackend( 3920): Added:'PressKey', with key:'press_key'
12-14 00:41:18.335 I/InstrumentationBackend( 3920): Added:'SetActivityOrientation', with key:'set_activity_orientation'
12-14 00:41:18.335 I/InstrumentationBackend( 3920): Added:'GetActivityOrientation', with key:'get_activity_orientation'
12-14 00:41:18.336 I/InstrumentationBackend( 3920): Added:'FakeGPSLocation', with key:'set_gps_coordinates'
12-14 00:41:18.337 I/InstrumentationBackend( 3920): Added:'SetPropertyByCssSelector', with key:'set_property_by_css_selector'
12-14 00:41:18.338 E/adbd    ( 1383): failed to connect to socket 'tcp:7102': Connection refused
12-14 00:41:18.339 I/InstrumentationBackend( 3920): Added:'GetUrl', with key:'get_url'
12-14 00:41:18.340 E/adbd    ( 1383): failed to connect to socket 'tcp:7102': Connection refused
12-14 00:41:18.344 I/InstrumentationBackend( 3920): Added:'ScrollTo', with key:'scroll_to'
12-14 00:41:18.344 I/InstrumentationBackend( 3920): Added:'GetLoadProgress', with key:'get_load_progress'
12-14 00:41:18.345 I/InstrumentationBackend( 3920): Added:'DumpHtml', with key:'dump_html'
12-14 00:41:18.345 I/InstrumentationBackend( 3920): Added:'DumpBodyHtml', with key:'dump_body_html'
12-14 00:41:18.345 I/InstrumentationBackend( 3920): Added:'EnterTextByCssSelector', with key:'enter_text_by_selector'
12-14 00:41:18.349 I/InstrumentationBackend( 3920): Added:'AndroidSDKVersion', with key:'android_sdk_version'
12-14 00:41:18.349 I/InstrumentationBackend( 3920): Added:'Version', with key:'version'
12-14 00:41:18.350 I/InstrumentationBackend( 3920): Added:'Drag', with key:'drag'
12-14 00:41:18.350 I/InstrumentationBackend( 3920): Added:'TouchCoordinates', with key:'touch_coordinate'
12-14 00:41:18.350 I/InstrumentationBackend( 3920): Added:'LongPressCoordinate', with key:'long_press_coordinate'
12-14 00:41:18.350 I/InstrumentationBackend( 3920): Added:'DragCoordinates', with key:'drag_coordinates'
12-14 00:41:18.352 I/InstrumentationBackend( 3920): Added:'ResumeApplication', with key:'resume_application'
12-14 00:41:18.352 I/InstrumentationBackend( 3920): Added:'Swipe', with key:'swipe'
12-14 00:41:18.352 I/InstrumentationBackend( 3920): Added:'DoubleTapCoordinate', with key:'double_tap_coordinate'
12-14 00:41:18.352 I/InstrumentationBackend( 3920): Added:'ClickOnScreen', with key:'click_on_screen'
12-14 00:41:18.354 I/InstrumentationBackend( 3920): Added:'GetActivityName', with key:'get_activity_name'
12-14 00:41:18.354 I/InstrumentationBackend( 3920): Added:'ScrollToView', with key:'scroll_to_view'
12-14 00:41:18.355 I/InstrumentationBackend( 3920): Added:'ViewConfiguration', with key:'view_configuration'
12-14 00:41:18.355 I/InstrumentationBackend( 3920): Added:'IsCurrentActivityFocused', with key:'is_current_activity_focused'
12-14 00:41:18.355 I/InstrumentationBackend( 3920): Added:'SendTcp', with key:'send_tcp'
12-14 00:41:18.356 I/InstrumentationBackend( 3920): Added:'DpToDevicePixel', with key:'dp_to_device_pixel'
12-14 00:41:18.357 I/InstrumentationBackend( 3920): Added:'KeyboardEnterText', with key:'keyboard_enter_text'
12-14 00:41:18.357 I/InstrumentationBackend( 3920): Added:'DeleteSurroundingText', with key:'delete_surrounding_text'
12-14 00:41:18.358 I/InstrumentationBackend( 3920): Added:'SetComposingRegion', with key:'set_composing_region'
12-14 00:41:18.359 I/InstrumentationBackend( 3920): Added:'SetSelection', with key:'set_selection'
12-14 00:41:18.359 I/InstrumentationBackend( 3920): Added:'KeyboardKeyEvent', with key:'keyboard_key_event'
12-14 00:41:18.360 I/InstrumentationBackend( 3920): Added:'PressUserActionButton', with key:'press_user_action_button'
12-14 00:41:18.361 I/InstrumentationBackend( 3920): Added:'HideSoftKeyboard', with key:'hide_soft_keyboard'
12-14 00:41:18.362 I/InstrumentationBackend( 3920): Added:'ListActions', with key:'list_actions'
12-14 00:41:18.362 I/calabash( 3920): Instantiating http server at 7102
12-14 00:41:18.363 I/System.out( 3920): HTTP Daemon listening on: 7102
12-14 00:41:18.461 I/System.out( 3920): URI: //ping
12-14 00:41:18.462 I/System.out( 3920): params: {json={}
12-14 00:41:18.462 I/System.out( 3920): }
12-14 00:41:18.474 I/System.out( 3920): URI: //ping
12-14 00:41:18.474 I/System.out( 3920): params: {json={}
12-14 00:41:18.474 I/System.out( 3920): }
12-14 00:41:18.482 I/System.out( 3920): URI: //ready
12-14 00:41:18.482 I/System.out( 3920): params: {json={}
12-14 00:41:18.482 I/System.out( 3920): }
12-14 00:41:18.489 I/System.out( 3920): URI: //
12-14 00:41:18.489 I/System.out( 3920): params: {json={"command":"version","arguments":[]}
12-14 00:41:18.489 I/System.out( 3920): }
12-14 00:41:18.489 I/System.out( 3920): header: {content-type=application/json;charset=utf-8, date=Mon, 14 Dec 2020 05:41:19 GMT, accept=*/*, host=127.0.0.1:34777, content-length=36, user-agent=HTTPClient/1.0 (2.8.3, ruby 2.5.8 (2020-03-31))}
12-14 00:41:18.490 I/System.out( 3920): params: {json={"command":"version","arguments":[]}
12-14 00:41:18.490 I/System.out( 3920): }
12-14 00:41:18.490 I/System.out( 3920): ProP json = {"command":"version","arguments":[]}
12-14 00:41:18.490 I/System.out( 3920): files: {}
12-14 00:41:18.490 I/System.out( 3920): command: {"command":"version","arguments":[]}
12-14 00:41:18.517 I/InstrumentationBackend( 3920): Got command:'Command:'Line:null,version', arguments:'[]'
12-14 00:41:18.541 I/InputReader( 1629): Reconfiguring input devices.  changes=0x00000010
12-14 00:41:18.573 I/ActivityManager( 1629): Killing 3317:com.google.android.apps.messaging:rcs/u0a66 (adj 906): empty #17
12-14 00:41:18.581 I/Fitness ( 1947): OnPackageChangedOperation got intent: Intent { act=android.intent.action.PACKAGE_CHANGED dat=package:com.google.android.gms flg=0x45000010 pkg=com.google.android.gms cmp=com.google.android.gms/.chimera.PersistentIntentOperationService (has extras) } [CONTEXT service_id=17 ]
12-14 00:41:18.602 I/Fitness ( 1947): FitCleanupIntentOperation received Intent android.intent.action.PACKAGE_CHANGED [CONTEXT service_id=17 ]
12-14 00:41:18.606 D/ImsResolver( 1825): maybeAddedImsService, packageName: com.google.android.gms
12-14 00:41:18.607 W/ResourceType( 1629): ResTable_typeSpec entry count inconsistent: given 67, previously 69
12-14 00:41:18.607 W/ResourceType( 1629): ResTable_typeSpec entry count inconsistent: given 5411, previously 5412
12-14 00:41:18.616 I/System.out( 3920): result:{"bonusInformation":[],"message":"0.9.8","success":true}
12-14 00:41:18.624 I/Icing   ( 2227): IndexChimeraService.getServiceInterface callingPackage=com.google.android.gms componentName=AppsCorpus serviceId=36
12-14 00:41:18.634 I/System.out( 3920): URI: //start-application
12-14 00:41:18.634 I/System.out( 3920): params: {json={"intent":null}
12-14 00:41:18.634 I/System.out( 3920): }
12-14 00:41:18.640 W/ResourceType( 1629): ResTable_typeSpec entry count inconsistent: given 67, previously 69
12-14 00:41:18.640 W/ResourceType( 1629): ResTable_typeSpec entry count inconsistent: given 5411, previously 5412
12-14 00:41:18.640 W/ResourceType( 1629): ResTable_typeSpec entry count inconsistent: given 67, previously 69
12-14 00:41:18.640 W/ResourceType( 1629): ResTable_typeSpec entry count inconsistent: given 5411, previously 5412
12-14 00:41:18.644 I/Icing   ( 2227): updateResources: need to parse adiq{com.google.android.gms}
12-14 00:41:18.649 I/Telecom ( 1629): DefaultDialerCache: Refreshing default dialer for user 0: now com.google.android.dialer: DDC.oR@AE0
12-14 00:41:18.652 W/PeopleGalProvider( 2227): Not enabled to outside of GmsCore.
12-14 00:41:18.652 I/PeopleGalProvider( 2227): Method 0 completed.
12-14 00:41:18.653 I/ContactDirectoryManager( 2411): Directory provider com.google.android.gms(com.google.android.gms.people.gal.provider) returned a NULL cursor.
12-14 00:41:18.654 D/CarrierSvcBindHelper( 1825): No carrier app for: 0
12-14 00:41:18.716 I/ActivityManager( 1629): START u0 {act=android.intent.action.MAIN cat=[android.intent.category.LAUNCHER] flg=0x10200000 cmp=com.evancharlton.mileage/.Mileage} from uid 10240
12-14 00:41:18.738 I/ProvidersCache( 3371): Provider returned no roots. Possibly naughty: com.google.android.apps.docs.storage
12-14 00:41:18.746 I/calabash( 3920): newActivity1
12-14 00:41:18.749 D/gralloc_ranchu( 1396): gralloc_alloc: Creating ashmem region of size 7753728
12-14 00:41:18.813 D/EGL_emulation( 2172): eglMakeCurrent: 0xa5c04cc0: ver 3 0 (tinfo 0xa5c03690)
12-14 00:41:18.814 D/EGL_emulation( 2147): eglMakeCurrent: 0xa36fc900: ver 3 0 (tinfo 0xa36ff5c0)
12-14 00:41:18.827 W/Binder  ( 1629): Outgoing transactions from this process must be FLAG_ONEWAY
12-14 00:41:18.827 W/Binder  ( 1629): java.lang.Throwable
12-14 00:41:18.827 W/Binder  ( 1629): 	at android.os.BinderProxy.transact(Binder.java:736)
12-14 00:41:18.827 W/Binder  ( 1629): 	at com.android.internal.location.ILocationProvider$Stub$Proxy.getProperties(ILocationProvider.java:232)
12-14 00:41:18.827 W/Binder  ( 1629): 	at com.android.server.location.LocationProviderProxy$1.run(LocationProviderProxy.java:119)
12-14 00:41:18.827 W/Binder  ( 1629): 	at android.os.Handler.handleCallback(Handler.java:789)
12-14 00:41:18.827 W/Binder  ( 1629): 	at android.os.Handler.dispatchMessage(Handler.java:98)
12-14 00:41:18.827 W/Binder  ( 1629): 	at android.os.Looper.loop(Looper.java:164)
12-14 00:41:18.827 W/Binder  ( 1629): 	at android.os.HandlerThread.run(HandlerThread.java:65)
12-14 00:41:18.828 W/Binder  ( 1629): Outgoing transactions from this process must be FLAG_ONEWAY
12-14 00:41:18.828 W/Binder  ( 1629): java.lang.Throwable
12-14 00:41:18.828 W/Binder  ( 1629): 	at android.os.BinderProxy.transact(Binder.java:736)
12-14 00:41:18.828 W/Binder  ( 1629): 	at com.android.internal.location.ILocationProvider$Stub$Proxy.getProperties(ILocationProvider.java:232)
12-14 00:41:18.828 W/Binder  ( 1629): 	at com.android.server.location.LocationProviderProxy$1.run(LocationProviderProxy.java:119)
12-14 00:41:18.828 W/Binder  ( 1629): 	at android.os.Handler.handleCallback(Handler.java:789)
12-14 00:41:18.828 W/Binder  ( 1629): 	at android.os.Handler.dispatchMessage(Handler.java:98)
12-14 00:41:18.828 W/Binder  ( 1629): 	at android.os.Looper.loop(Looper.java:164)
12-14 00:41:18.828 W/Binder  ( 1629): 	at android.os.HandlerThread.run(HandlerThread.java:65)
12-14 00:41:18.832 V/StatusBar( 1727): setLightsOn(true)
12-14 00:41:18.836 D/EGL_emulation( 1727): eglMakeCurrent: 0xa5c04540: ver 3 0 (tinfo 0xa5c03470)
12-14 00:41:18.838 W/Icing   ( 2227): No valid account for uploading user actions
12-14 00:41:18.850 W/ActivityManager( 1629): Bad activity token: android.os.BinderProxy@b6b6b0
12-14 00:41:18.850 W/ActivityManager( 1629): java.lang.ClassCastException: android.os.BinderProxy cannot be cast to com.android.server.am.ActivityRecord$Token
12-14 00:41:18.850 W/ActivityManager( 1629): 	at com.android.server.am.ActivityRecord.forTokenLocked(ActivityRecord.java:778)
12-14 00:41:18.850 W/ActivityManager( 1629): 	at com.android.server.am.ActivityRecord.isInStackLocked(ActivityRecord.java:2085)
12-14 00:41:18.850 W/ActivityManager( 1629): 	at com.android.server.am.ActivityRecord.getStackLocked(ActivityRecord.java:2090)
12-14 00:41:18.850 W/ActivityManager( 1629): 	at com.android.server.am.ActivityManagerService.getActivityDisplayId(ActivityManagerService.java:10406)
12-14 00:41:18.850 W/ActivityManager( 1629): 	at android.app.IActivityManager$Stub.onTransact(IActivityManager.java:2738)
12-14 00:41:18.850 W/ActivityManager( 1629): 	at com.android.server.am.ActivityManagerService.onTransact(ActivityManagerService.java:2935)
12-14 00:41:18.850 W/ActivityManager( 1629): 	at android.os.Binder.execTransact(Binder.java:674)
12-14 00:41:18.854 I/calabash( 3920): newActivity1
12-14 00:41:18.855 D/EGL_emulation( 1727): eglMakeCurrent: 0xa5c04540: ver 3 0 (tinfo 0xa5c03470)
12-14 00:41:18.856 W/asset   ( 1727): Asset path /data/app/com.evancharlton.mileage-UTG9eVq3wcjX2tXUjb6vkg==/base.apk is neither a directory nor file (type=1).
12-14 00:41:18.856 E/ResourcesManager( 1727): failed to add asset path /data/app/com.evancharlton.mileage-UTG9eVq3wcjX2tXUjb6vkg==/base.apk
12-14 00:41:18.856 W/PackageManager( 1727): Failure retrieving resources for com.evancharlton.mileage
12-14 00:41:18.857 W/asset   ( 1727): Asset path /data/app/com.evancharlton.mileage-UTG9eVq3wcjX2tXUjb6vkg==/base.apk is neither a directory nor file (type=1).
12-14 00:41:18.857 E/ResourcesManager( 1727): failed to add asset path /data/app/com.evancharlton.mileage-UTG9eVq3wcjX2tXUjb6vkg==/base.apk
12-14 00:41:18.857 W/PackageManager( 1727): Failure retrieving resources for com.evancharlton.mileage
12-14 00:41:18.857 W/asset   ( 1727): Asset path /data/app/com.evancharlton.mileage-UTG9eVq3wcjX2tXUjb6vkg==/base.apk is neither a directory nor file (type=1).
12-14 00:41:18.857 E/ResourcesManager( 1727): failed to add asset path /data/app/com.evancharlton.mileage-UTG9eVq3wcjX2tXUjb6vkg==/base.apk
12-14 00:41:18.857 W/PackageManager( 1727): Failure retrieving resources for com.evancharlton.mileage
12-14 00:41:18.861 D/EGL_emulation( 1727): eglMakeCurrent: 0xa5c04540: ver 3 0 (tinfo 0xa5c03470)
12-14 00:41:18.862 V/StatusBar( 1727): setLightsOn(true)
12-14 00:41:18.874 W/ActivityManager( 1629): Bad activity token: android.os.BinderProxy@b6b6b0
12-14 00:41:18.874 W/ActivityManager( 1629): java.lang.ClassCastException: android.os.BinderProxy cannot be cast to com.android.server.am.ActivityRecord$Token
12-14 00:41:18.874 W/ActivityManager( 1629): 	at com.android.server.am.ActivityRecord.forTokenLocked(ActivityRecord.java:778)
12-14 00:41:18.874 W/ActivityManager( 1629): 	at com.android.server.am.ActivityRecord.isInStackLocked(ActivityRecord.java:2085)
12-14 00:41:18.874 W/ActivityManager( 1629): 	at com.android.server.am.ActivityManagerService.setTaskDescription(ActivityManagerService.java:9988)
12-14 00:41:18.874 W/ActivityManager( 1629): 	at android.app.IActivityManager$Stub.onTransact(IActivityManager.java:2824)
12-14 00:41:18.874 W/ActivityManager( 1629): 	at com.android.server.am.ActivityManagerService.onTransact(ActivityManagerService.java:2935)
12-14 00:41:18.874 W/ActivityManager( 1629): 	at android.os.Binder.execTransact(Binder.java:674)
12-14 00:41:18.876 D/EGL_emulation( 1727): eglMakeCurrent: 0xa5c04540: ver 3 0 (tinfo 0xa5c03470)
12-14 00:41:18.877 W/ActivityManager( 1629): Bad activity token: android.os.BinderProxy@b6b6b0
12-14 00:41:18.877 W/ActivityManager( 1629): java.lang.ClassCastException: android.os.BinderProxy cannot be cast to com.android.server.am.ActivityRecord$Token
12-14 00:41:18.877 W/ActivityManager( 1629): 	at com.android.server.am.ActivityRecord.forTokenLocked(ActivityRecord.java:778)
12-14 00:41:18.877 W/ActivityManager( 1629): 	at com.android.server.am.ActivityRecord.isInStackLocked(ActivityRecord.java:2085)
