--------- beginning of main
12-14 00:41:56.188 D/EGL_emulation( 1727): eglMakeCurrent: 0xa5c04540: ver 3 0 (tinfo 0xa5c03470)
12-14 00:41:56.197 D/gralloc_ranchu( 1396): gralloc_alloc: Creating ashmem region of size 8298496
12-14 00:41:56.255 I/chatty  ( 1396): uid=1000(system) allocator@2.0-s identical 1 line
12-14 00:41:56.349 D/gralloc_ranchu( 1396): gralloc_alloc: Creating ashmem region of size 8298496
12-14 00:41:56.411 I/NetworkScheduler.Stats( 1947): Task com.google.android.gms/com.google.android.gms.ads.social.GcmSchedulerWakeupService started execution. cause:4 exec_start_elapsed_seconds: 90 [CONTEXT service_id=218 ]
12-14 00:41:56.443 I/NetworkScheduler.Stats( 1947): Task com.google.android.gms/com.google.android.gms.icing.service.IcingGcmTaskService finished executing. cause:4 result: 1 elapsed_millis: 467 uptime_millis: 467 exec_start_elapsed_seconds: 90 [CONTEXT service_id=218 ]
12-14 00:41:56.455 I/NetworkScheduler.Stats( 1947): Task com.google.android.gms/com.google.android.gms.ads.social.GcmSchedulerWakeupService finished executing. cause:4 result: 1 elapsed_millis: 174 uptime_millis: 174 exec_start_elapsed_seconds: 90 [CONTEXT service_id=218 ]
12-14 00:41:56.455 D/EGL_emulation( 2172): eglMakeCurrent: 0xa5c04cc0: ver 3 0 (tinfo 0xa5c03690)
12-14 00:41:56.468 D/gralloc_ranchu( 1396): gralloc_alloc: Creating ashmem region of size 8298496
12-14 00:41:56.543 D/gralloc_ranchu( 1396): gralloc_alloc: Creating ashmem region of size 8298496
12-14 00:41:56.652 D/EGL_emulation( 2147): eglMakeCurrent: 0xa36fc900: ver 3 0 (tinfo 0xa36ff5c0)
12-14 00:41:56.658 D/gralloc_ranchu( 1396): gralloc_alloc: Creating ashmem region of size 8298496
12-14 00:41:56.668 I/zygote  ( 2172): Deoptimizing void com.google.android.apps.gsa.search.core.service.worker.a.a.a(com.google.android.apps.gsa.search.core.state.qc) due to JIT inline cache
--------- beginning of system
12-14 00:41:56.721 W/ActivityManager( 1629): Unable to start service Intent { act=com.google.android.gms.speech.service.START pkg=com.google.android.gms } U=0: not found
12-14 00:41:56.722 W/ActivityManager( 1629): Unbind failed: could not find connection for android.os.BinderProxy@f23539d
12-14 00:41:56.723 E/GmsClient( 2172): unable to connect to service: com.google.android.gms.speech.service.START on com.google.android.gms
12-14 00:41:56.724 W/SessionLifecycleManager( 2172): Handover failed. Creating new session controller.
12-14 00:41:56.738 I/OptInState( 2172): There is a new client and it does not support opt-in. Dropping request.
12-14 00:41:56.742 I/zygote  ( 2172): Deoptimizing int[] com.google.common.collect.gx.b(java.lang.Object[], int, int, int) due to JIT inline cache
12-14 00:41:56.751 D/gralloc_ranchu( 1396): gralloc_alloc: Creating ashmem region of size 7753728
12-14 00:41:56.821 I/MicroDetectionWorker( 2172): #updateMicroDetector [detectionMode: [mDetectionMode: [1]]]
12-14 00:41:56.821 I/MicroDetectionWorker( 2172): #startMicroDetector [speakerMode: 0]
12-14 00:41:56.821 D/EGL_emulation( 1727): eglMakeCurrent: 0xa5c04540: ver 3 0 (tinfo 0xa5c03470)
12-14 00:41:56.823 I/AudioController( 2172): Using mInputStreamFactoryBuilder
12-14 00:41:56.851 D/EGL_emulation( 1727): eglMakeCurrent: 0xa5c04540: ver 3 0 (tinfo 0xa5c03470)
12-14 00:41:56.868 I/MicroDetectionWorker( 2172): onReady
12-14 00:41:56.879 D/EGL_emulation( 1727): eglMakeCurrent: 0xa5c04540: ver 3 0 (tinfo 0xa5c03470)
12-14 00:41:56.883 I/MicroRecognitionRunner( 2172): Starting detection.
12-14 00:41:56.888 I/zygote  ( 1727): NativeAllocBackground concurrent copying GC freed 11282(758KB) AllocSpace objects, 0(0B) LOS objects, 49% free, 4MB/9MB, paused 8.881ms total 84.136ms
12-14 00:41:56.927 D/EGL_emulation( 1727): eglMakeCurrent: 0xa5c04540: ver 3 0 (tinfo 0xa5c03470)
12-14 00:41:56.935 I/MicrophoneInputStream( 2172): mic_starting com.google.android.apps.gsa.staticplugins.aa.c@8067387
12-14 00:41:56.950 D/EGL_emulation( 1727): eglMakeCurrent: 0xa5c04540: ver 3 0 (tinfo 0xa5c03470)
12-14 00:41:56.963 I/MicrophoneInputStream( 2172): mic_started com.google.android.apps.gsa.staticplugins.aa.c@8067387
12-14 00:41:56.968 E/ActivityThread( 2172): Failed to find provider info for com.google.android.apps.gsa.testing.ui.audio.recorded
12-14 00:41:56.975 D/EGL_emulation( 1727): eglMakeCurrent: 0xa5c04540: ver 3 0 (tinfo 0xa5c03470)
12-14 00:41:56.983 I/MicroDetectionWorker( 2172): onReady
12-14 00:41:56.983 D/EGL_emulation( 1727): eglMakeCurrent: 0xa5c04540: ver 3 0 (tinfo 0xa5c03470)
12-14 00:41:56.986 W/SpeechLevelGenerator( 2172): Really low audio levels detected. The audio input may have issues.
12-14 00:41:57.004 I/MicrophoneInputStream( 2172): mic_close com.google.android.apps.gsa.staticplugins.aa.c@8067387
12-14 00:41:57.006 I/AudioFlinger( 1476): AudioFlinger's thread 0xaa999040 tid=4527 ready to run
12-14 00:41:57.017 D/EGL_emulation( 1727): eglMakeCurrent: 0xa5c04540: ver 3 0 (tinfo 0xa5c03470)
12-14 00:41:57.021 W/OpenGLRenderer( 2147): Incorrectly called buildLayer on View: ShortcutAndWidgetContainer, destroying layer...
12-14 00:41:57.030 D/EGL_emulation( 1727): eglMakeCurrent: 0xa5c04540: ver 3 0 (tinfo 0xa5c03470)
12-14 00:41:57.032 D/gralloc_ranchu( 1396): gralloc_alloc: Creating ashmem region of size 8298496
12-14 00:41:57.061 I/MicroRecognitionRunner( 2172): Detection finished
12-14 00:41:57.061 W/ErrorReporter( 2172): reportError [type: 211, code: 524300]: Error reading from input stream
12-14 00:41:57.067 I/NetworkScheduler.Stats( 1947): Task com.google.android.gms/com.google.android.gms.clearcut.uploader.QosUploaderService started execution. cause:5 exec_start_elapsed_seconds: 90 [CONTEXT service_id=218 ]
12-14 00:41:57.108 I/MicroRecognitionRunner( 2172): Stopping hotword detection.
12-14 00:41:57.109 W/ErrorProcessor( 2172): onFatalError, processing error from engine(4)
12-14 00:41:57.109 W/ErrorProcessor( 2172): com.google.android.apps.gsa.shared.speech.b.g: Error reading from input stream
12-14 00:41:57.109 W/ErrorProcessor( 2172): 	at com.google.android.apps.gsa.staticplugins.recognizer.j.a.a(SourceFile:28)
12-14 00:41:57.109 W/ErrorProcessor( 2172): 	at com.google.android.apps.gsa.staticplugins.recognizer.j.b.run(SourceFile:15)
12-14 00:41:57.109 W/ErrorProcessor( 2172): 	at java.util.concurrent.Executors$RunnableAdapter.call(Executors.java:457)
12-14 00:41:57.109 W/ErrorProcessor( 2172): 	at java.util.concurrent.FutureTask.run(FutureTask.java:266)
12-14 00:41:57.109 W/ErrorProcessor( 2172): 	at com.google.android.apps.gsa.shared.util.concurrent.a.ax.run(SourceFile:14)
12-14 00:41:57.109 W/ErrorProcessor( 2172): 	at com.google.android.apps.gsa.shared.util.concurrent.a.bl.run(SourceFile:4)
12-14 00:41:57.109 W/ErrorProcessor( 2172): 	at com.google.android.apps.gsa.shared.util.concurrent.a.bl.run(SourceFile:4)
12-14 00:41:57.109 W/ErrorProcessor( 2172): 	at java.util.concurrent.ThreadPoolExecutor.runWorker(ThreadPoolExecutor.java:1162)
12-14 00:41:57.109 W/ErrorProcessor( 2172): 	at java.util.concurrent.ThreadPoolExecutor$Worker.run(ThreadPoolExecutor.java:636)
12-14 00:41:57.109 W/ErrorProcessor( 2172): 	at java.lang.Thread.run(Thread.java:764)
12-14 00:41:57.109 W/ErrorProcessor( 2172): 	at com.google.android.apps.gsa.shared.util.concurrent.a.ai.run(SourceFile:6)
12-14 00:41:57.109 W/ErrorProcessor( 2172): Caused by: com.google.android.apps.gsa.shared.exception.GsaIOException: Error code: 393238 | Buffer overflow, no available space.
12-14 00:41:57.109 W/ErrorProcessor( 2172): 	at com.google.android.apps.gsa.speech.audio.Tee.f(SourceFile:103)
12-14 00:41:57.109 W/ErrorProcessor( 2172): 	at com.google.android.apps.gsa.speech.audio.au.read(SourceFile:2)
12-14 00:41:57.109 W/ErrorProcessor( 2172): 	at java.io.InputStream.read(InputStream.java:101)
12-14 00:41:57.109 W/ErrorProcessor( 2172): 	at com.google.android.apps.gsa.speech.audio.ao.run(SourceFile:18)
12-14 00:41:57.109 W/ErrorProcessor( 2172): 	at com.google.android.apps.gsa.speech.audio.an.run(SourceFile:2)
12-14 00:41:57.109 W/ErrorProcessor( 2172): 	... 9 more
12-14 00:41:57.109 I/AudioController( 2172): internalShutdown
12-14 00:41:57.124 D/EGL_emulation( 1727): eglMakeCurrent: 0xa5c04540: ver 3 0 (tinfo 0xa5c03470)
12-14 00:41:57.139 I/MicroDetector( 2172): Keeping mic open: false
12-14 00:41:57.139 I/MicroDetectionWorker( 2172): #onError(false)
12-14 00:41:57.139 I/DeviceStateChecker( 2172): DeviceStateChecker cancelled
12-14 00:41:57.144 D/EGL_emulation( 1727): eglMakeCurrent: 0xa5c04540: ver 3 0 (tinfo 0xa5c03470)
12-14 00:41:57.168 I/zygote  ( 2172): Background concurrent copying GC freed 7267(539KB) AllocSpace objects, 7(188KB) LOS objects, 49% free, 4MB/8MB, paused 20.029ms total 280.058ms
12-14 00:41:57.173 I/NetworkScheduler.Stats( 1947): Task com.google.android.gms/com.google.android.gms.clearcut.uploader.QosUploaderService finished executing. cause:5 result: 1 elapsed_millis: 575 uptime_millis: 575 exec_start_elapsed_seconds: 90 [CONTEXT service_id=218 ]
12-14 00:41:57.234 I/OpenGLRenderer( 1629): Initialized EGL, version 1.4
12-14 00:41:57.234 D/OpenGLRenderer( 1629): Swap behavior 1
12-14 00:41:57.235 W/OpenGLRenderer( 1629): Failed to choose config with EGL_SWAP_BEHAVIOR_PRESERVED, retrying without...
12-14 00:41:57.235 D/OpenGLRenderer( 1629): Swap behavior 0
12-14 00:41:57.242 D/EGL_emulation( 1629): eglCreateContext: 0x8f975140: maj 3 min 0 rcv 3
12-14 00:41:57.244 D/EGL_emulation( 1629): eglMakeCurrent: 0x8f975140: ver 3 0 (tinfo 0x91979070)
12-14 00:41:57.245 E/eglCodecCommon( 1629): glUtilsParamSize: unknow param 0x00008cdf
12-14 00:41:57.246 E/eglCodecCommon( 1629): glUtilsParamSize: unknow param 0x00008cdf
12-14 00:41:57.246 E/eglCodecCommon( 1629): glUtilsParamSize: unknow param 0x00008824
12-14 00:41:57.246 E/eglCodecCommon( 1629): glUtilsParamSize: unknow param 0x00008824
12-14 00:41:57.275 D/AndroidRuntime( 4521): >>>>>> START com.android.internal.os.RuntimeInit uid 2000 <<<<<<
12-14 00:41:57.334 W/app_process( 4521): Unexpected CPU variant for X86 using defaults: x86
12-14 00:41:57.349 D/AndroidRuntime( 4521): Calling main entry com.android.commands.am.Am
12-14 00:41:57.350 I/ActivityManager( 1629): Force stopping com.evancharlton.mileage appid=10240 user=0: start instr
12-14 00:41:57.350 I/ActivityManager( 1629): Killing 4434:com.evancharlton.mileage/u0a240 (adj 0): stop com.evancharlton.mileage
12-14 00:41:57.350 W/ActivityManager( 1629): Crash of app com.evancharlton.mileage running instrumentation ComponentInfo{com.evancharlton.mileage.test/sh.calaba.instrumentationbackend.CalabashInstrumentationTestRunner}
12-14 00:41:57.350 I/ActivityManager( 1629): Force stopping com.evancharlton.mileage appid=10240 user=0: finished inst
12-14 00:41:57.356 I/zygote  ( 4537): Not late-enabling -Xcheck:jni (already on)
12-14 00:41:57.365 I/ActivityManager( 1629): Start proc 4537:com.evancharlton.mileage/u0a240 for added application com.evancharlton.mileage
12-14 00:41:57.366 D/AndroidRuntime( 4521): Shutting down VM
12-14 00:41:57.372 W/zygote  ( 4537): Unexpected CPU variant for X86 using defaults: x86
12-14 00:41:57.393 E/adbd    ( 1383): failed to connect to socket 'tcp:7102': Connection refused
12-14 00:41:57.396 E/adbd    ( 1383): failed to connect to socket 'tcp:7102': Connection refused
12-14 00:41:57.400 W/zygote  ( 4537): Found duplicate classes, falling back to extracting from APK : /data/app/com.evancharlton.mileage.test-k2WBvg9x6AS0W5k5YcGTEg==/base.apk
12-14 00:41:57.400 W/zygote  ( 4537): NOTE: This wastes RAM and hurts startup performance.
12-14 00:41:57.400 W/zygote  ( 4537): Found duplicated class when checking oat files: 'Ljunit/runner/BaseTestRunner;' in /data/app/com.evancharlton.mileage.test-k2WBvg9x6AS0W5k5YcGTEg==/base.apk and /system/framework/android.test.runner.jar
12-14 00:41:57.400 W/zygote  ( 4537): 
12-14 00:41:57.405 W/ActivityManager( 1629): setHasOverlayUi called on unknown pid: 4434
12-14 00:41:57.431 W/System  ( 4537): ClassLoader referenced unknown path: 
12-14 00:41:57.445 I/System.out( 4537): Main activity name automatically set to: com.evancharlton.mileage.Mileage
12-14 00:41:57.446 I/System.out( 4537): Calabash did not load Mono. This is only a problem if you are trying to test a Mono application
12-14 00:41:57.446 I/calabash( 4537): Test server port: 7102
12-14 00:41:57.447 I/InstrumentationBackend( 4537): Added:'GetPreferences', with key:'get_preferences'
12-14 00:41:57.508 E/adbd    ( 1383): failed to connect to socket 'tcp:7102': Connection refused
12-14 00:41:57.510 I/InstrumentationBackend( 4537): Added:'SetPreferences', with key:'set_preferences'
12-14 00:41:57.511 E/adbd    ( 1383): failed to connect to socket 'tcp:7102': Connection refused
12-14 00:41:57.512 I/InstrumentationBackend( 4537): Added:'ClearPreferences', with key:'clear_preferences'
12-14 00:41:57.513 I/InstrumentationBackend( 4537): Added:'PressElement', with key:'press_l10n_element'
12-14 00:41:57.513 I/InstrumentationBackend( 4537): Added:'WaitForElement', with key:'wait_for_l10n_element'
12-14 00:41:57.513 I/InstrumentationBackend( 4537): Added:'NullAction', with key:'nullAction'
12-14 00:41:57.514 I/InstrumentationBackend( 4537): Added:'PressKey', with key:'press_key'
12-14 00:41:57.514 I/InstrumentationBackend( 4537): Added:'SetActivityOrientation', with key:'set_activity_orientation'
12-14 00:41:57.514 I/InstrumentationBackend( 4537): Added:'GetActivityOrientation', with key:'get_activity_orientation'
12-14 00:41:57.515 I/InstrumentationBackend( 4537): Added:'FakeGPSLocation', with key:'set_gps_coordinates'
12-14 00:41:57.515 I/InstrumentationBackend( 4537): Added:'SetPropertyByCssSelector', with key:'set_property_by_css_selector'
12-14 00:41:57.516 I/InstrumentationBackend( 4537): Added:'GetUrl', with key:'get_url'
12-14 00:41:57.518 I/InstrumentationBackend( 4537): Added:'ScrollTo', with key:'scroll_to'
12-14 00:41:57.519 I/InstrumentationBackend( 4537): Added:'GetLoadProgress', with key:'get_load_progress'
12-14 00:41:57.519 I/InstrumentationBackend( 4537): Added:'DumpHtml', with key:'dump_html'
12-14 00:41:57.519 I/InstrumentationBackend( 4537): Added:'DumpBodyHtml', with key:'dump_body_html'
12-14 00:41:57.519 I/InstrumentationBackend( 4537): Added:'EnterTextByCssSelector', with key:'enter_text_by_selector'
12-14 00:41:57.524 I/InstrumentationBackend( 4537): Added:'AndroidSDKVersion', with key:'android_sdk_version'
12-14 00:41:57.524 I/InstrumentationBackend( 4537): Added:'Version', with key:'version'
12-14 00:41:57.524 I/InstrumentationBackend( 4537): Added:'Drag', with key:'drag'
12-14 00:41:57.524 I/InstrumentationBackend( 4537): Added:'TouchCoordinates', with key:'touch_coordinate'
12-14 00:41:57.525 I/InstrumentationBackend( 4537): Added:'LongPressCoordinate', with key:'long_press_coordinate'
12-14 00:41:57.525 I/InstrumentationBackend( 4537): Added:'DragCoordinates', with key:'drag_coordinates'
12-14 00:41:57.525 I/InstrumentationBackend( 4537): Added:'ResumeApplication', with key:'resume_application'
12-14 00:41:57.526 I/InstrumentationBackend( 4537): Added:'Swipe', with key:'swipe'
12-14 00:41:57.526 I/InstrumentationBackend( 4537): Added:'DoubleTapCoordinate', with key:'double_tap_coordinate'
12-14 00:41:57.526 I/InstrumentationBackend( 4537): Added:'ClickOnScreen', with key:'click_on_screen'
12-14 00:41:57.528 I/InstrumentationBackend( 4537): Added:'GetActivityName', with key:'get_activity_name'
12-14 00:41:57.529 I/InstrumentationBackend( 4537): Added:'ScrollToView', with key:'scroll_to_view'
12-14 00:41:57.529 I/InstrumentationBackend( 4537): Added:'ViewConfiguration', with key:'view_configuration'
12-14 00:41:57.529 I/InstrumentationBackend( 4537): Added:'IsCurrentActivityFocused', with key:'is_current_activity_focused'
12-14 00:41:57.530 I/InstrumentationBackend( 4537): Added:'SendTcp', with key:'send_tcp'
12-14 00:41:57.530 I/InstrumentationBackend( 4537): Added:'DpToDevicePixel', with key:'dp_to_device_pixel'
12-14 00:41:57.531 I/InstrumentationBackend( 4537): Added:'KeyboardEnterText', with key:'keyboard_enter_text'
12-14 00:41:57.531 I/InstrumentationBackend( 4537): Added:'DeleteSurroundingText', with key:'delete_surrounding_text'
12-14 00:41:57.532 I/InstrumentationBackend( 4537): Added:'SetComposingRegion', with key:'set_composing_region'
12-14 00:41:57.532 I/InstrumentationBackend( 4537): Added:'SetSelection', with key:'set_selection'
12-14 00:41:57.533 I/InstrumentationBackend( 4537): Added:'KeyboardKeyEvent', with key:'keyboard_key_event'
12-14 00:41:57.533 I/InstrumentationBackend( 4537): Added:'PressUserActionButton', with key:'press_user_action_button'
12-14 00:41:57.534 I/InstrumentationBackend( 4537): Added:'HideSoftKeyboard', with key:'hide_soft_keyboard'
12-14 00:41:57.535 I/InstrumentationBackend( 4537): Added:'ListActions', with key:'list_actions'
12-14 00:41:57.535 I/calabash( 4537): Instantiating http server at 7102
12-14 00:41:57.536 I/System.out( 4537): HTTP Daemon listening on: 7102
12-14 00:41:57.636 I/System.out( 4537): URI: //ping
12-14 00:41:57.637 I/System.out( 4537): params: {json={}
12-14 00:41:57.637 I/System.out( 4537): }
12-14 00:41:57.659 I/System.out( 4537): URI: //ping
12-14 00:41:57.660 I/System.out( 4537): params: {json={}
12-14 00:41:57.661 I/System.out( 4537): }
12-14 00:41:57.670 I/System.out( 4537): URI: //ready
12-14 00:41:57.671 I/System.out( 4537): params: {json={}
12-14 00:41:57.671 I/System.out( 4537): }
12-14 00:41:57.682 I/System.out( 4537): URI: //
12-14 00:41:57.682 I/System.out( 4537): params: {json={"command":"version","arguments":[]}
12-14 00:41:57.682 I/System.out( 4537): }
12-14 00:41:57.684 I/System.out( 4537): header: {content-type=application/json;charset=utf-8, date=Mon, 14 Dec 2020 05:41:58 GMT, accept=*/*, host=127.0.0.1:34777, content-length=36, user-agent=HTTPClient/1.0 (2.8.3, ruby 2.5.8 (2020-03-31))}
12-14 00:41:57.684 I/System.out( 4537): params: {json={"command":"version","arguments":[]}
12-14 00:41:57.684 I/System.out( 4537): }
12-14 00:41:57.684 I/System.out( 4537): ProP json = {"command":"version","arguments":[]}
12-14 00:41:57.684 I/System.out( 4537): files: {}
12-14 00:41:57.684 I/System.out( 4537): command: {"command":"version","arguments":[]}
12-14 00:41:57.716 I/InstrumentationBackend( 4537): Got command:'Command:'Line:null,version', arguments:'[]'
12-14 00:41:57.747 I/System.out( 4537): result:{"bonusInformation":[],"message":"0.9.8","success":true}
12-14 00:41:57.753 I/System.out( 4537): URI: //start-application
12-14 00:41:57.753 I/System.out( 4537): params: {json={"intent":null}
12-14 00:41:57.753 I/System.out( 4537): }
12-14 00:41:57.792 I/ActivityManager( 1629): START u0 {act=android.intent.action.MAIN cat=[android.intent.category.LAUNCHER] flg=0x10200000 cmp=com.evancharlton.mileage/.Mileage} from uid 10240
12-14 00:41:57.804 E/memtrack( 1629): Couldn't load memtrack module
12-14 00:41:57.804 W/android.os.Debug( 1629): failed to get memory consumption info: -1
12-14 00:41:57.807 I/calabash( 4537): newActivity1
12-14 00:41:57.816 E/memtrack( 1629): Couldn't load memtrack module
12-14 00:41:57.816 W/android.os.Debug( 1629): failed to get memory consumption info: -1
12-14 00:41:57.834 D/gralloc_ranchu( 1396): gralloc_alloc: Creating ashmem region of size 7753728
12-14 00:41:57.840 W/ActivityManager( 1629): Bad activity token: android.os.BinderProxy@af5371a
12-14 00:41:57.840 W/ActivityManager( 1629): java.lang.ClassCastException: android.os.BinderProxy cannot be cast to com.android.server.am.ActivityRecord$Token
12-14 00:41:57.840 W/ActivityManager( 1629): 	at com.android.server.am.ActivityRecord.forTokenLocked(ActivityRecord.java:778)
12-14 00:41:57.840 W/ActivityManager( 1629): 	at com.android.server.am.ActivityRecord.isInStackLocked(ActivityRecord.java:2085)
12-14 00:41:57.840 W/ActivityManager( 1629): 	at com.android.server.am.ActivityRecord.getStackLocked(ActivityRecord.java:2090)
12-14 00:41:57.840 W/ActivityManager( 1629): 	at com.android.server.am.ActivityManagerService.getActivityDisplayId(ActivityManagerService.java:10406)
12-14 00:41:57.840 W/ActivityManager( 1629): 	at android.app.IActivityManager$Stub.onTransact(IActivityManager.java:2738)
12-14 00:41:57.840 W/ActivityManager( 1629): 	at com.android.server.am.ActivityManagerService.onTransact(ActivityManagerService.java:2935)
12-14 00:41:57.840 W/ActivityManager( 1629): 	at android.os.Binder.execTransact(Binder.java:674)
12-14 00:41:57.840 I/calabash( 4537): newActivity1
12-14 00:41:57.852 W/ActivityManager( 1629): Bad activity token: android.os.BinderProxy@af5371a
12-14 00:41:57.852 W/ActivityManager( 1629): java.lang.ClassCastException: android.os.BinderProxy cannot be cast to com.android.server.am.ActivityRecord$Token
12-14 00:41:57.852 W/ActivityManager( 1629): 	at com.android.server.am.ActivityRecord.forTokenLocked(ActivityRecord.java:778)
12-14 00:41:57.852 W/ActivityManager( 1629): 	at com.android.server.am.ActivityRecord.isInStackLocked(ActivityRecord.java:2085)
12-14 00:41:57.852 W/ActivityManager( 1629): 	at com.android.server.am.ActivityManagerService.setTaskDescription(ActivityManagerService.java:9988)
12-14 00:41:57.852 W/ActivityManager( 1629): 	at android.app.IActivityManager$Stub.onTransact(IActivityManager.java:2824)
12-14 00:41:57.852 W/ActivityManager( 1629): 	at com.android.server.am.ActivityManagerService.onTransact(ActivityManagerService.java:2935)
12-14 00:41:57.852 W/ActivityManager( 1629): 	at android.os.Binder.execTransact(Binder.java:674)
12-14 00:41:57.852 W/ActivityManager( 1629): Bad activity token: android.os.BinderProxy@af5371a
12-14 00:41:57.852 W/ActivityManager( 1629): java.lang.ClassCastException: android.os.BinderProxy cannot be cast to com.android.server.am.ActivityRecord$Token
12-14 00:41:57.852 W/ActivityManager( 1629): 	at com.android.server.am.ActivityRecord.forTokenLocked(ActivityRecord.java:778)
12-14 00:41:57.852 W/ActivityManager( 1629): 	at com.android.server.am.ActivityRecord.isInStackLocked(ActivityRecord.java:2085)
12-14 00:41:57.852 W/ActivityManager( 1629): 	at com.android.server.am.ActivityRecord.getStackLocked(ActivityRecord.java:2090)
12-14 00:41:57.852 W/ActivityManager( 1629): 	at com.android.server.am.ActivityManagerService.getActivityStackId(ActivityManagerService.java:10417)
12-14 00:41:57.852 W/ActivityManager( 1629): 	at android.app.IActivityManager$Stub.onTransact(IActivityManager.java:3548)
12-14 00:41:57.852 W/ActivityManager( 1629): 	at com.android.server.am.ActivityManagerService.onTransact(ActivityManagerService.java:2935)
12-14 00:41:57.852 W/ActivityManager( 1629): 	at android.os.Binder.execTransact(Binder.java:674)
12-14 00:41:57.886 D/EGL_emulation( 2172): eglMakeCurrent: 0xa5c04cc0: ver 3 0 (tinfo 0xa5c03690)
12-14 00:41:57.889 D/EGL_emulation( 2147): eglMakeCurrent: 0xa36fc900: ver 3 0 (tinfo 0xa36ff5c0)
12-14 00:41:57.895 V/StatusBar( 1727): setLightsOn(true)
12-14 00:41:57.922 D/EGL_emulation( 1727): eglMakeCurrent: 0xa5c04540: ver 3 0 (tinfo 0xa5c03470)
12-14 00:41:57.924 E/ContentStoreEUAS( 2172): Failed to commit the deferred actions
12-14 00:41:57.925 D/EGL_emulation( 1727): eglMakeCurrent: 0xa5c04540: ver 3 0 (tinfo 0xa5c03470)
12-14 00:41:57.953 D/EGL_emulation( 1727): eglMakeCurrent: 0xa5c04540: ver 3 0 (tinfo 0xa5c03470)
12-14 00:41:57.954 V/StatusBar( 1727): setLightsOn(true)
12-14 00:41:57.958 D/EGL_emulation( 1727): eglMakeCurrent: 0xa5c04540: ver 3 0 (tinfo 0xa5c03470)
12-14 00:41:57.969 W/ActivityManager( 1629): Bad activity token: android.os.BinderProxy@af5371a
12-14 00:41:57.969 W/ActivityManager( 1629): java.lang.ClassCastException: android.os.BinderProxy cannot be cast to com.android.server.am.ActivityRecord$Token
12-14 00:41:57.969 W/ActivityManager( 1629): 	at com.android.server.am.ActivityRecord.forTokenLocked(ActivityRecord.java:778)
12-14 00:41:57.969 W/ActivityManager( 1629): 	at com.android.server.am.ActivityRecord.isInStackLocked(ActivityRecord.java:2085)
12-14 00:41:57.969 W/ActivityManager( 1629): 	at com.android.server.am.ActivityManagerService.getActivityOptions(ActivityManagerService.java:13302)
12-14 00:41:57.969 W/ActivityManager( 1629): 	at android.app.IActivityManager$Stub.onTransact(IActivityManager.java:2910)
12-14 00:41:57.969 W/ActivityManager( 1629): 	at com.android.server.am.ActivityManagerService.onTransact(ActivityManagerService.java:2935)
12-14 00:41:57.969 W/ActivityManager( 1629): 	at android.os.Binder.execTransact(Binder.java:674)
12-14 00:41:57.969 W/ActivityManager( 1629): Bad activity token: android.os.BinderProxy@af5371a
12-14 00:41:57.969 W/ActivityManager( 1629): java.lang.ClassCastException: android.os.BinderProxy cannot be cast to com.android.server.am.ActivityRecord$Token
12-14 00:41:57.969 W/ActivityManager( 1629): 	at com.android.server.am.ActivityRecord.forTokenLocked(ActivityRecord.java:778)
12-14 00:41:57.969 W/ActivityManager( 1629): 	at com.android.server.am.ActivityRecord.isInStackLocked(ActivityRecord.java:2085)
12-14 00:41:57.969 W/ActivityManager( 1629): 	at com.android.server.am.ActivityManagerService.getActivityOptions(ActivityManagerService.java:13302)
12-14 00:41:57.969 W/ActivityManager( 1629): 	at android.app.IActivityManager$Stub.onTransact(IActivityManager.java:2910)
12-14 00:41:57.969 W/ActivityManager( 1629): 	at com.android.server.am.ActivityManagerService.onTransact(ActivityManagerService.java:2935)
12-14 00:41:57.969 W/ActivityManager( 1629): 	at android.os.Binder.execTransact(Binder.java:674)
12-14 00:41:58.081 I/chatty  ( 1727): uid=10028(u0_a28) RenderThread identical 14 lines
12-14 00:41:58.087 D/EGL_emulation( 1727): eglMakeCurrent: 0xa5c04540: ver 3 0 (tinfo 0xa5c03470)
12-14 00:41:58.089 V/StatusBar( 1727): setLightsOn(true)
12-14 00:41:58.097 D/EGL_emulation( 1727): eglMakeCurrent: 0xa5c04540: ver 3 0 (tinfo 0xa5c03470)
12-14 00:41:58.101 I/zygote  ( 4537): Do partial code cache collection, code=28KB, data=29KB
12-14 00:41:58.103 I/zygote  ( 4537): After code cache collection, code=28KB, data=29KB
12-14 00:41:58.103 I/zygote  ( 4537): Increasing code cache capacity to 128KB
12-14 00:41:58.106 I/zygote  ( 4537): Do partial code cache collection, code=28KB, data=47KB
12-14 00:41:58.107 I/zygote  ( 4537): After code cache collection, code=28KB, data=47KB
12-14 00:41:58.107 I/zygote  ( 4537): Increasing code cache capacity to 256KB
12-14 00:41:58.110 I/zygote  ( 4537): JIT allocated 71KB for compiled code of void android.widget.TextView.<init>(android.content.Context, android.util.AttributeSet, int, int)
12-14 00:41:58.110 I/zygote  ( 4537): Compiler allocated 4MB to compile void android.widget.TextView.<init>(android.content.Context, android.util.AttributeSet, int, int)
12-14 00:41:58.113 D/EGL_emulation( 1727): eglMakeCurrent: 0xa5c04540: ver 3 0 (tinfo 0xa5c03470)
12-14 00:41:58.117 D/EGL_emulation( 1727): eglMakeCurrent: 0xa5c04540: ver 3 0 (tinfo 0xa5c03470)
12-14 00:41:58.152 V/StatusBar( 1727): setLightsOn(true)
12-14 00:41:58.154 I/chatty  ( 1727): uid=10028(u0_a28) com.android.systemui identical 1 line
12-14 00:41:58.154 V/StatusBar( 1727): setLightsOn(true)
12-14 00:41:58.206 D/gralloc_ranchu( 1396): gralloc_alloc: Creating ashmem region of size 7753728
12-14 00:41:58.235 D/        ( 4537): HostConnection::get() New Host Connection established 0xa32afd00, tid 4537
12-14 00:41:58.302 V/StatusBar( 1727): setLightsOn(true)
12-14 00:41:58.304 V/StatusBar( 1727): setLightsOn(true)
12-14 00:41:58.314 I/ActivityManager( 1629): Displayed com.evancharlton.mileage/.Mileage: +506ms
12-14 00:41:58.323 D/gralloc_ranchu( 1396): gralloc_alloc: Creating ashmem region of size 7753728
12-14 00:41:58.324 V/StatusBar( 1727): setLightsOn(true)
12-14 00:41:58.383 V/StatusBar( 1727): setLightsOn(true)
12-14 00:41:58.443 I/zygote  ( 4537): Do full code cache collection, code=125KB, data=71KB
12-14 00:41:58.443 I/zygote  ( 4537): After code cache collection, code=108KB, data=44KB
12-14 00:41:58.480 I/System.out( 4537): URI: //gesture
12-14 00:41:58.480 I/System.out( 4537): params: {json={"query_timeout":5.0,"gestures":[{"query_string":"android.widget.TabWidget descendant TextView index:1","touches":[{"x":50,"y":50,"offset_x":0,"offset_y":0,"wait":0.0,"time":0.2,"release":true,"query_string":null}]}]}
12-14 00:41:58.480 I/System.out( 4537): }
12-14 00:41:58.502 V/StatusBar( 1727): setLightsOn(true)
12-14 00:41:58.632 I/chatty  ( 1727): uid=10028(u0_a28) com.android.systemui identical 3 lines
12-14 00:41:58.641 V/StatusBar( 1727): setLightsOn(true)
12-14 00:41:58.658 W/SurfaceFlinger( 1407): couldn't log to binary event log: overflow.
12-14 00:41:58.765 I/PBSessionCacheImpl( 2172): Deleted sessionId[5170040000368] from persistence.
12-14 00:41:58.794 W/SearchService( 2172): Abort, client detached.
12-14 00:41:58.864 W/audio_hw_generic( 1390): Not supplying enough data to HAL, expected position 597767 , only wrote 597600
12-14 00:41:58.866 W/ActivityManager( 1629): Bad activity token: android.os.BinderProxy@b395104
12-14 00:41:58.866 W/ActivityManager( 1629): java.lang.ClassCastException: android.os.BinderProxy cannot be cast to com.android.server.am.ActivityRecord$Token
12-14 00:41:58.866 W/ActivityManager( 1629): 	at com.android.server.am.ActivityRecord.forTokenLocked(ActivityRecord.java:778)
12-14 00:41:58.866 W/ActivityManager( 1629): 	at com.android.server.am.ActivityRecord.isInStackLocked(ActivityRecord.java:2085)
12-14 00:41:58.866 W/ActivityManager( 1629): 	at com.android.server.am.ActivityRecord.getStackLocked(ActivityRecord.java:2090)
12-14 00:41:58.866 W/ActivityManager( 1629): 	at com.android.server.am.ActivityManagerService.getActivityDisplayId(ActivityManagerService.java:10406)
12-14 00:41:58.866 W/ActivityManager( 1629): 	at android.app.IActivityManager$Stub.onTransact(IActivityManager.java:2738)
12-14 00:41:58.866 W/ActivityManager( 1629): 	at com.android.server.am.ActivityManagerService.onTransact(ActivityManagerService.java:2935)
12-14 00:41:58.866 W/ActivityManager( 1629): 	at android.os.Binder.execTransact(Binder.java:674)
12-14 00:41:58.867 I/calabash( 4537): newActivity1
12-14 00:41:58.874 W/ActivityManager( 1629): Bad activity token: android.os.BinderProxy@b395104
12-14 00:41:58.874 W/ActivityManager( 1629): java.lang.ClassCastException: android.os.BinderProxy cannot be cast to com.android.server.am.ActivityRecord$Token
12-14 00:41:58.874 W/ActivityManager( 1629): 	at com.android.server.am.ActivityRecord.forTokenLocked(ActivityRecord.java:778)
12-14 00:41:58.874 W/ActivityManager( 1629): 	at com.android.server.am.ActivityRecord.isInStackLocked(ActivityRecord.java:2085)
12-14 00:41:58.874 W/ActivityManager( 1629): 	at com.android.server.am.ActivityManagerService.setTaskDescription(ActivityManagerService.java:9988)
12-14 00:41:58.874 W/ActivityManager( 1629): 	at android.app.IActivityManager$Stub.onTransact(IActivityManager.java:2824)
12-14 00:41:58.874 W/ActivityManager( 1629): 	at com.android.server.am.ActivityManagerService.onTransact(ActivityManagerService.java:2935)
12-14 00:41:58.874 W/ActivityManager( 1629): 	at android.os.Binder.execTransact(Binder.java:674)
12-14 00:41:58.875 W/ActivityManager( 1629): Bad activity token: android.os.BinderProxy@b395104
12-14 00:41:58.875 W/ActivityManager( 1629): java.lang.ClassCastException: android.os.BinderProxy cannot be cast to com.android.server.am.ActivityRecord$Token
12-14 00:41:58.875 W/ActivityManager( 1629): 	at com.android.server.am.ActivityRecord.forTokenLocked(ActivityRecord.java:778)
12-14 00:41:58.875 W/ActivityManager( 1629): 	at com.android.server.am.ActivityRecord.isInStackLocked(ActivityRecord.java:2085)
12-14 00:41:58.875 W/ActivityManager( 1629): 	at com.android.server.am.ActivityRecord.getStackLocked(ActivityRecord.java:2090)
12-14 00:41:58.875 W/ActivityManager( 1629): 	at com.android.server.am.ActivityManagerService.getActivityStackId(ActivityManagerService.java:10417)
12-14 00:41:58.875 W/ActivityManager( 1629): 	at android.app.IActivityManager$Stub.onTransact(IActivityManager.java:3548)
12-14 00:41:58.875 W/ActivityManager( 1629): 	at com.android.server.am.ActivityManagerService.onTransact(ActivityManagerService.java:2935)
12-14 00:41:58.875 W/ActivityManager( 1629): 	at android.os.Binder.execTransact(Binder.java:674)
12-14 00:41:58.944 W/ActivityManager( 1629): Bad activity token: android.os.BinderProxy@b395104
12-14 00:41:58.944 W/ActivityManager( 1629): java.lang.ClassCastException: android.os.BinderProxy cannot be cast to com.android.server.am.ActivityRecord$Token
12-14 00:41:58.944 W/ActivityManager( 1629): 	at com.android.server.am.ActivityRecord.forTokenLocked(ActivityRecord.java:778)
12-14 00:41:58.944 W/ActivityManager( 1629): 	at com.android.server.am.ActivityRecord.isInStackLocked(ActivityRecord.java:2085)
12-14 00:41:58.944 W/ActivityManager( 1629): 	at com.android.server.am.ActivityManagerService.getActivityOptions(ActivityManagerService.java:13302)
12-14 00:41:58.944 W/ActivityManager( 1629): 	at android.app.IActivityManager$Stub.onTransact(IActivityManager.java:2910)
12-14 00:41:58.944 W/ActivityManager( 1629): 	at com.android.server.am.ActivityManagerService.onTransact(ActivityManagerService.java:2935)
12-14 00:41:58.944 W/ActivityManager( 1629): 	at android.os.Binder.execTransact(Binder.java:674)
12-14 00:41:58.944 W/ActivityManager( 1629): Bad activity token: android.os.BinderProxy@b395104
12-14 00:41:58.944 W/ActivityManager( 1629): java.lang.ClassCastException: android.os.BinderProxy cannot be cast to com.android.server.am.ActivityRecord$Token
12-14 00:41:58.944 W/ActivityManager( 1629): 	at com.android.server.am.ActivityRecord.forTokenLocked(ActivityRecord.java:778)
12-14 00:41:58.944 W/ActivityManager( 1629): 	at com.android.server.am.ActivityRecord.isInStackLocked(ActivityRecord.java:2085)
12-14 00:41:58.944 W/ActivityManager( 1629): 	at com.android.server.am.ActivityManagerService.getActivityOptions(ActivityManagerService.java:13302)
12-14 00:41:58.944 W/ActivityManager( 1629): 	at android.app.IActivityManager$Stub.onTransact(IActivityManager.java:2910)
12-14 00:41:58.944 W/ActivityManager( 1629): 	at com.android.server.am.ActivityManagerService.onTransact(ActivityManagerService.java:2935)
12-14 00:41:58.944 W/ActivityManager( 1629): 	at android.os.Binder.execTransact(Binder.java:674)
12-14 00:41:58.954 I/zygote  ( 4537): Do partial code cache collection, code=124KB, data=61KB
12-14 00:41:58.954 I/zygote  ( 4537): After code cache collection, code=124KB, data=61KB
12-14 00:41:58.954 I/zygote  ( 4537): Increasing code cache capacity to 512KB
12-14 00:41:59.019 D/Mileage ( 4537): Not enough fillups to calculate economy
12-14 00:41:59.066 D/gralloc_ranchu( 1396): gralloc_alloc: Creating ashmem region of size 7753728
12-14 00:41:59.234 E/SurfaceFlinger( 1407): ro.sf.lcd_density must be defined as a build property
12-14 00:41:59.250 D/gralloc_ranchu( 1396): gralloc_alloc: Creating ashmem region of size 8298496
12-14 00:41:59.274 D/        ( 4579): HostConnection::get() New Host Connection established 0xa952f800, tid 4579
12-14 00:41:59.658 I/System.out( 4537): URI: //gesture
12-14 00:41:59.658 I/System.out( 4537): params: {json={"query_timeout":5.0,"gestures":[{"query_string":"android.widget.TabWidget descendant TextView index:3","touches":[{"x":50,"y":50,"offset_x":0,"offset_y":0,"wait":0.0,"time":0.2,"release":true,"query_string":null}]}]}
12-14 00:41:59.658 I/System.out( 4537): }
12-14 00:41:59.929 W/ActivityManager( 1629): Bad activity token: android.os.BinderProxy@2a20688
12-14 00:41:59.929 W/ActivityManager( 1629): java.lang.ClassCastException: android.os.BinderProxy cannot be cast to com.android.server.am.ActivityRecord$Token
12-14 00:41:59.929 W/ActivityManager( 1629): 	at com.android.server.am.ActivityRecord.forTokenLocked(ActivityRecord.java:778)
12-14 00:41:59.929 W/ActivityManager( 1629): 	at com.android.server.am.ActivityRecord.isInStackLocked(ActivityRecord.java:2085)
12-14 00:41:59.929 W/ActivityManager( 1629): 	at com.android.server.am.ActivityRecord.getStackLocked(ActivityRecord.java:2090)
12-14 00:41:59.929 W/ActivityManager( 1629): 	at com.android.server.am.ActivityManagerService.getActivityDisplayId(ActivityManagerService.java:10406)
12-14 00:41:59.929 W/ActivityManager( 1629): 	at android.app.IActivityManager$Stub.onTransact(IActivityManager.java:2738)
12-14 00:41:59.929 W/ActivityManager( 1629): 	at com.android.server.am.ActivityManagerService.onTransact(ActivityManagerService.java:2935)
12-14 00:41:59.929 W/ActivityManager( 1629): 	at android.os.Binder.execTransact(Binder.java:674)
12-14 00:41:59.934 I/calabash( 4537): newActivity1
12-14 00:41:59.937 W/ActivityManager( 1629): Bad activity token: android.os.BinderProxy@2a20688
12-14 00:41:59.937 W/ActivityManager( 1629): java.lang.ClassCastException: android.os.BinderProxy cannot be cast to com.android.server.am.ActivityRecord$Token
12-14 00:41:59.937 W/ActivityManager( 1629): 	at com.android.server.am.ActivityRecord.forTokenLocked(ActivityRecord.java:778)
12-14 00:41:59.937 W/ActivityManager( 1629): 	at com.android.server.am.ActivityRecord.isInStackLocked(ActivityRecord.java:2085)
12-14 00:41:59.937 W/ActivityManager( 1629): 	at com.android.server.am.ActivityManagerService.setTaskDescription(ActivityManagerService.java:9988)
12-14 00:41:59.937 W/ActivityManager( 1629): 	at android.app.IActivityManager$Stub.onTransact(IActivityManager.java:2824)
12-14 00:41:59.937 W/ActivityManager( 1629): 	at com.android.server.am.ActivityManagerService.onTransact(ActivityManagerService.java:2935)
12-14 00:41:59.937 W/ActivityManager( 1629): 	at android.os.Binder.execTransact(Binder.java:674)
12-14 00:41:59.939 W/ActivityManager( 1629): Bad activity token: android.os.BinderProxy@2a20688
12-14 00:41:59.939 W/ActivityManager( 1629): java.lang.ClassCastException: android.os.BinderProxy cannot be cast to com.android.server.am.ActivityRecord$Token
12-14 00:41:59.939 W/ActivityManager( 1629): 	at com.android.server.am.ActivityRecord.forTokenLocked(ActivityRecord.java:778)
12-14 00:41:59.939 W/ActivityManager( 1629): 	at com.android.server.am.ActivityRecord.isInStackLocked(ActivityRecord.java:2085)
12-14 00:41:59.939 W/ActivityManager( 1629): 	at com.android.server.am.ActivityRecord.getStackLocked(ActivityRecord.java:2090)
12-14 00:41:59.939 W/ActivityManager( 1629): 	at com.android.server.am.ActivityManagerService.getActivityStackId(ActivityManagerService.java:10417)
12-14 00:41:59.939 W/ActivityManager( 1629): 	at android.app.IActivityManager$Stub.onTransact(IActivityManager.java:3548)
12-14 00:41:59.939 W/ActivityManager( 1629): 	at com.android.server.am.ActivityManagerService.onTransact(ActivityManagerService.java:2935)
12-14 00:41:59.939 W/ActivityManager( 1629): 	at android.os.Binder.execTransact(Binder.java:674)
12-14 00:41:59.945 W/ActivityManager( 1629): Bad activity token: android.os.BinderProxy@2a20688
12-14 00:41:59.945 W/ActivityManager( 1629): java.lang.ClassCastException: android.os.BinderProxy cannot be cast to com.android.server.am.ActivityRecord$Token
12-14 00:41:59.945 W/ActivityManager( 1629): 	at com.android.server.am.ActivityRecord.forTokenLocked(ActivityRecord.java:778)
12-14 00:41:59.945 W/ActivityManager( 1629): 	at com.android.server.am.ActivityRecord.isInStackLocked(ActivityRecord.java:2085)
12-14 00:41:59.945 W/ActivityManager( 1629): 	at com.android.server.am.ActivityManagerService.getActivityOptions(ActivityManagerService.java:13302)
12-14 00:41:59.945 W/ActivityManager( 1629): 	at android.app.IActivityManager$Stub.onTransact(IActivityManager.java:2910)
12-14 00:41:59.945 W/ActivityManager( 1629): 	at com.android.server.am.ActivityManagerService.onTransact(ActivityManagerService.java:2935)
12-14 00:41:59.945 W/ActivityManager( 1629): 	at android.os.Binder.execTransact(Binder.java:674)
12-14 00:41:59.946 W/ActivityManager( 1629): Bad activity token: android.os.BinderProxy@2a20688
12-14 00:41:59.946 W/ActivityManager( 1629): java.lang.ClassCastException: android.os.BinderProxy cannot be cast to com.android.server.am.ActivityRecord$Token
12-14 00:41:59.946 W/ActivityManager( 1629): 	at com.android.server.am.ActivityRecord.forTokenLocked(ActivityRecord.java:778)
12-14 00:41:59.946 W/ActivityManager( 1629): 	at com.android.server.am.ActivityRecord.isInStackLocked(ActivityRecord.java:2085)
12-14 00:41:59.946 W/ActivityManager( 1629): 	at com.android.server.am.ActivityManagerService.getActivityOptions(ActivityManagerService.java:13302)
12-14 00:41:59.946 W/ActivityManager( 1629): 	at android.app.IActivityManager$Stub.onTransact(IActivityManager.java:2910)
12-14 00:41:59.946 W/ActivityManager( 1629): 	at com.android.server.am.ActivityManagerService.onTransact(ActivityManagerService.java:2935)
12-14 00:41:59.946 W/ActivityManager( 1629): 	at android.os.Binder.execTransact(Binder.java:674)
12-14 00:42:00.165 E/SurfaceFlinger( 1407): ro.sf.lcd_density must be defined as a build property
12-14 00:42:00.178 D/gralloc_ranchu( 1396): gralloc_alloc: Creating ashmem region of size 8298496
12-14 00:42:00.189 D/        ( 4585): HostConnection::get() New Host Connection established 0xb062f800, tid 4585
12-14 00:42:00.510 I/System.out( 4537): URI: //gesture
12-14 00:42:00.510 I/System.out( 4537): params: {json={"query_timeout":5.0,"gestures":[{"query_string":"android.widget.TabWidget descendant TextView index:2","touches":[{"x":50,"y":50,"offset_x":0,"offset_y":0,"wait":0.0,"time":0.2,"release":true,"query_string":null}]}]}
12-14 00:42:00.510 I/System.out( 4537): }
12-14 00:42:00.804 W/ActivityManager( 1629): Bad activity token: android.os.BinderProxy@3191ea0
12-14 00:42:00.804 W/ActivityManager( 1629): java.lang.ClassCastException: android.os.BinderProxy cannot be cast to com.android.server.am.ActivityRecord$Token
12-14 00:42:00.804 W/ActivityManager( 1629): 	at com.android.server.am.ActivityRecord.forTokenLocked(ActivityRecord.java:778)
12-14 00:42:00.804 W/ActivityManager( 1629): 	at com.android.server.am.ActivityRecord.isInStackLocked(ActivityRecord.java:2085)
12-14 00:42:00.804 W/ActivityManager( 1629): 	at com.android.server.am.ActivityRecord.getStackLocked(ActivityRecord.java:2090)
12-14 00:42:00.804 W/ActivityManager( 1629): 	at com.android.server.am.ActivityManagerService.getActivityDisplayId(ActivityManagerService.java:10406)
12-14 00:42:00.804 W/ActivityManager( 1629): 	at android.app.IActivityManager$Stub.onTransact(IActivityManager.java:2738)
12-14 00:42:00.804 W/ActivityManager( 1629): 	at com.android.server.am.ActivityManagerService.onTransact(ActivityManagerService.java:2935)
12-14 00:42:00.804 W/ActivityManager( 1629): 	at android.os.Binder.execTransact(Binder.java:674)
12-14 00:42:00.805 I/calabash( 4537): newActivity1
12-14 00:42:00.908 W/ActivityManager( 1629): Bad activity token: android.os.BinderProxy@3191ea0
12-14 00:42:00.908 W/ActivityManager( 1629): java.lang.ClassCastException: android.os.BinderProxy cannot be cast to com.android.server.am.ActivityRecord$Token
12-14 00:42:00.908 W/ActivityManager( 1629): 	at com.android.server.am.ActivityRecord.forTokenLocked(ActivityRecord.java:778)
12-14 00:42:00.908 W/ActivityManager( 1629): 	at com.android.server.am.ActivityRecord.isInStackLocked(ActivityRecord.java:2085)
12-14 00:42:00.908 W/ActivityManager( 1629): 	at com.android.server.am.ActivityManagerService.setTaskDescription(ActivityManagerService.java:9988)
12-14 00:42:00.908 W/ActivityManager( 1629): 	at android.app.IActivityManager$Stub.onTransact(IActivityManager.java:2824)
12-14 00:42:00.908 W/ActivityManager( 1629): 	at com.android.server.am.ActivityManagerService.onTransact(ActivityManagerService.java:2935)
12-14 00:42:00.908 W/ActivityManager( 1629): 	at android.os.Binder.execTransact(Binder.java:674)
12-14 00:42:00.909 W/ActivityManager( 1629): Bad activity token: android.os.BinderProxy@3191ea0
12-14 00:42:00.909 W/ActivityManager( 1629): java.lang.ClassCastException: android.os.BinderProxy cannot be cast to com.android.server.am.ActivityRecord$Token
12-14 00:42:00.909 W/ActivityManager( 1629): 	at com.android.server.am.ActivityRecord.forTokenLocked(ActivityRecord.java:778)
12-14 00:42:00.909 W/ActivityManager( 1629): 	at com.android.server.am.ActivityRecord.isInStackLocked(ActivityRecord.java:2085)
12-14 00:42:00.909 W/ActivityManager( 1629): 	at com.android.server.am.ActivityRecord.getStackLocked(ActivityRecord.java:2090)
12-14 00:42:00.909 W/ActivityManager( 1629): 	at com.android.server.am.ActivityManagerService.getActivityStackId(ActivityManagerService.java:10417)
12-14 00:42:00.909 W/ActivityManager( 1629): 	at android.app.IActivityManager$Stub.onTransact(IActivityManager.java:3548)
12-14 00:42:00.909 W/ActivityManager( 1629): 	at com.android.server.am.ActivityManagerService.onTransact(ActivityManagerService.java:2935)
12-14 00:42:00.909 W/ActivityManager( 1629): 	at android.os.Binder.execTransact(Binder.java:674)
12-14 00:42:00.950 D/VehicleStatisticsActivity( 4537): Checking recalculation ...
12-14 00:42:00.954 D/VehicleStatisticsActivity( 4537): Recalculating statistics
12-14 00:42:00.955 D/VehicleStatisticsTask( 4537): Calculation starting...
12-14 00:42:00.955 D/VehicleStatisticsActivity( 4537): Recalculation started!
12-14 00:42:00.960 W/ActivityManager( 1629): Bad activity token: android.os.BinderProxy@3191ea0
12-14 00:42:00.960 W/ActivityManager( 1629): java.lang.ClassCastException: android.os.BinderProxy cannot be cast to com.android.server.am.ActivityRecord$Token
12-14 00:42:00.960 W/ActivityManager( 1629): 	at com.android.server.am.ActivityRecord.forTokenLocked(ActivityRecord.java:778)
12-14 00:42:00.960 W/ActivityManager( 1629): 	at com.android.server.am.ActivityRecord.isInStackLocked(ActivityRecord.java:2085)
12-14 00:42:00.960 W/ActivityManager( 1629): 	at com.android.server.am.ActivityManagerService.getActivityOptions(ActivityManagerService.java:13302)
12-14 00:42:00.960 W/ActivityManager( 1629): 	at android.app.IActivityManager$Stub.onTransact(IActivityManager.java:2910)
12-14 00:42:00.960 W/ActivityManager( 1629): 	at com.android.server.am.ActivityManagerService.onTransact(ActivityManagerService.java:2935)
12-14 00:42:00.960 W/ActivityManager( 1629): 	at android.os.Binder.execTransact(Binder.java:674)
12-14 00:42:00.962 W/ActivityManager( 1629): Bad activity token: android.os.BinderProxy@3191ea0
12-14 00:42:00.962 W/ActivityManager( 1629): java.lang.ClassCastException: android.os.BinderProxy cannot be cast to com.android.server.am.ActivityRecord$Token
12-14 00:42:00.962 W/ActivityManager( 1629): 	at com.android.server.am.ActivityRecord.forTokenLocked(ActivityRecord.java:778)
12-14 00:42:00.962 W/ActivityManager( 1629): 	at com.android.server.am.ActivityRecord.isInStackLocked(ActivityRecord.java:2085)
12-14 00:42:00.962 W/ActivityManager( 1629): 	at com.android.server.am.ActivityManagerService.getActivityOptions(ActivityManagerService.java:13302)
12-14 00:42:00.962 W/ActivityManager( 1629): 	at android.app.IActivityManager$Stub.onTransact(IActivityManager.java:2910)
12-14 00:42:00.962 W/ActivityManager( 1629): 	at com.android.server.am.ActivityManagerService.onTransact(ActivityManagerService.java:2935)
12-14 00:42:00.962 W/ActivityManager( 1629): 	at android.os.Binder.execTransact(Binder.java:674)
12-14 00:42:00.968 D/VehicleStatisticsActivity( 4537): Checking recalculation ...
12-14 00:42:00.970 D/VehicleStatisticsActivity( 4537): Recalculating statistics
12-14 00:42:00.970 D/VehicleStatisticsTask( 4537): Calculation starting...
12-14 00:42:00.970 D/VehicleStatisticsActivity( 4537): Recalculation started!
12-14 00:42:00.988 D/VehicleStatisticsTask( 4537): Not enough fillups to calculate statistics
12-14 00:42:01.013 D/VehicleStatisticsTask( 4537): Not enough fillups to calculate statistics
12-14 00:42:01.060 I/zygote  ( 4537): Do full code cache collection, code=225KB, data=151KB
12-14 00:42:01.061 I/zygote  ( 4537): After code cache collection, code=224KB, data=123KB
12-14 00:42:01.076 E/SurfaceFlinger( 1407): ro.sf.lcd_density must be defined as a build property
12-14 00:42:01.084 D/gralloc_ranchu( 1396): gralloc_alloc: Creating ashmem region of size 8298496
12-14 00:42:01.094 D/        ( 4591): HostConnection::get() New Host Connection established 0xa852f800, tid 4591
12-14 00:42:01.115 D/VehicleStatisticsTask( 4537): Done recalculating!
12-14 00:42:01.116 D/VehicleStatisticsTask( 4537): Done recalculating!
12-14 00:42:01.117 D/VehicleStatisticsAdapter( 4537): Erasing the cache ...
12-14 00:42:01.118 D/VehicleStatisticsAdapter( 4537): Erasing the cache ...
12-14 00:42:01.169 D/VehicleStatisticsAdapter( 4537): Building new values ...
12-14 00:42:01.169 D/VehicleStatisticsAdapter( 4537): Writing 29 records to the database ...
12-14 00:42:01.173 D/VehicleStatisticsAdapter( 4537): Building new values ...
12-14 00:42:01.175 D/VehicleStatisticsAdapter( 4537): Writing 29 records to the database ...
12-14 00:42:01.184 E/TaskPersister( 1629): File error accessing recents directory (directory doesn't exist?).
12-14 00:42:01.193 D/Mileage.ABS( 4537): Finished backup
12-14 00:42:01.198 D/Mileage.ABS( 4537): Not backing up; 82
12-14 00:42:01.238 D/Mileage.ABS( 4537): Not backing up; 122
12-14 00:42:01.239 D/Mileage.ABS( 4537): Not backing up; 123
12-14 00:42:01.329 D/Mileage.ABS( 4537): Not backing up; 213
12-14 00:42:01.329 D/Mileage.ABS( 4537): Not backing up; 213
12-14 00:42:01.330 D/Mileage.ABS( 4537): Not backing up; 214
12-14 00:42:01.356 D/Mileage.ABS( 4537): Not backing up; 239
12-14 00:42:01.363 I/zygote  ( 4537): Do partial code cache collection, code=248KB, data=136KB
12-14 00:42:01.369 I/zygote  ( 4537): After code cache collection, code=248KB, data=136KB
12-14 00:42:01.369 I/zygote  ( 4537): Increasing code cache capacity to 1024KB
12-14 00:42:01.383 D/Mileage.ABS( 4537): Not backing up; 267
12-14 00:42:01.384 D/Mileage.ABS( 4537): Not backing up; 268
12-14 00:42:01.411 D/Mileage.ABS( 4537): Not backing up; 295
12-14 00:42:01.413 D/Mileage.ABS( 4537): Not backing up; 297
12-14 00:42:01.425 D/Mileage.ABS( 4537): Not backing up; 307
12-14 00:42:01.437 D/Mileage.ABS( 4537): Not backing up; 321
12-14 00:42:01.454 D/Mileage.ABS( 4537): Not backing up; 335
12-14 00:42:01.468 D/Mileage.ABS( 4537): Not backing up; 352
12-14 00:42:01.493 D/Mileage.ABS( 4537): Not backing up; 377
