--------- beginning of main
12-14 00:41:42.596 I/chatty  ( 1727): uid=10028(u0_a28) com.android.systemui expire 2 lines
12-14 00:41:42.608 V/StatusBar( 1727): setLightsOn(true)
12-14 00:41:42.611 W/SurfaceFlinger( 1407): couldn't log to binary event log: overflow.
--------- beginning of system
12-14 00:41:42.620 W/ActivityManager( 1629): Finishing task with all activities already finished
12-14 00:41:42.620 W/ActivityManager( 1629): Duplicate finish request for ActivityRecord{cc82b47 u0 com.evancharlton.mileage/.Mileage t506 f}
12-14 00:41:42.625 V/StatusBar( 1727): setLightsOn(true)
12-14 00:41:42.625 W/ActivityManager( 1629): Finishing task with all activities already finished
12-14 00:41:42.625 W/ActivityManager( 1629): Duplicate finish request for ActivityRecord{cc82b47 u0 com.evancharlton.mileage/.Mileage t506 f}
12-14 00:41:42.627 W/ActivityManager( 1629): Finishing task with all activities already finished
12-14 00:41:42.627 W/ActivityManager( 1629): Duplicate finish request for ActivityRecord{cc82b47 u0 com.evancharlton.mileage/.Mileage t506 f}
12-14 00:41:42.635 I/chatty  ( 1727): uid=10028(u0_a28) com.android.systemui identical 2 lines
12-14 00:41:42.638 V/StatusBar( 1727): setLightsOn(true)
12-14 00:41:42.638 D/gralloc_ranchu( 1396): gralloc_alloc: Creating ashmem region of size 8298496
12-14 00:41:42.659 I/zygote  ( 4230): Do full code cache collection, code=125KB, data=72KB
12-14 00:41:42.660 I/zygote  ( 4230): After code cache collection, code=111KB, data=46KB
12-14 00:41:42.662 D/gralloc_ranchu( 1396): gralloc_alloc: Creating ashmem region of size 8298496
12-14 00:41:42.674 D/gralloc_ranchu( 1396): gralloc_alloc: Creating ashmem region of size 8298496
12-14 00:41:42.687 D/SurfaceFlinger( 1407): duplicate layer name: changing com.google.android.apps.nexuslauncher/com.google.android.apps.nexuslauncher.NexusLauncherActivity to com.google.android.apps.nexuslauncher/com.google.android.apps.nexuslauncher.NexusLauncherActivity#1
12-14 00:41:42.693 D/gralloc_ranchu( 1396): gralloc_alloc: Creating ashmem region of size 8298496
12-14 00:41:42.786 D/EGL_emulation( 1727): eglMakeCurrent: 0xa5c04540: ver 3 0 (tinfo 0xa5c03470)
12-14 00:41:42.792 D/gralloc_ranchu( 1396): gralloc_alloc: Creating ashmem region of size 8298496
12-14 00:41:42.881 D/EGL_emulation( 2172): eglMakeCurrent: 0xa5c04cc0: ver 3 0 (tinfo 0xa5c03690)
12-14 00:41:42.881 D/gralloc_ranchu( 1396): gralloc_alloc: Creating ashmem region of size 8298496
12-14 00:41:42.971 I/MicroDetectionWorker( 2172): #updateMicroDetector [detectionMode: [mDetectionMode: [1]]]
12-14 00:41:42.971 I/MicroDetectionWorker( 2172): #startMicroDetector [speakerMode: 0]
12-14 00:41:42.974 I/AudioController( 2172): Using mInputStreamFactoryBuilder
12-14 00:41:42.987 D/EGL_emulation( 2147): eglMakeCurrent: 0xa36fc900: ver 3 0 (tinfo 0xa36ff5c0)
12-14 00:41:42.987 I/MicroDetectionWorker( 2172): onReady
12-14 00:41:42.994 I/MicroRecognitionRunner( 2172): Starting detection.
12-14 00:41:42.999 I/MicrophoneInputStream( 2172): mic_starting com.google.android.apps.gsa.staticplugins.aa.c@a3e3abb
12-14 00:41:43.007 I/AudioFlinger( 1476): AudioFlinger's thread 0xab1839c0 tid=4286 ready to run
12-14 00:41:43.008 I/MicrophoneInputStream( 2172): mic_started com.google.android.apps.gsa.staticplugins.aa.c@a3e3abb
12-14 00:41:43.009 E/ActivityThread( 2172): Failed to find provider info for com.google.android.apps.gsa.testing.ui.audio.recorded
12-14 00:41:43.010 I/MicroDetectionWorker( 2172): onReady
12-14 00:41:43.011 I/MicrophoneInputStream( 2172): mic_close com.google.android.apps.gsa.staticplugins.aa.c@a3e3abb
12-14 00:41:43.014 I/MicroRecognitionRunner( 2172): Detection finished
12-14 00:41:43.015 W/ErrorReporter( 2172): reportError [type: 211, code: 524300]: Error reading from input stream
12-14 00:41:43.017 I/MicroRecognitionRunner( 2172): Stopping hotword detection.
12-14 00:41:43.020 W/ErrorProcessor( 2172): onFatalError, processing error from engine(4)
12-14 00:41:43.020 W/ErrorProcessor( 2172): com.google.android.apps.gsa.shared.speech.b.g: Error reading from input stream
12-14 00:41:43.020 W/ErrorProcessor( 2172): 	at com.google.android.apps.gsa.staticplugins.recognizer.j.a.a(SourceFile:28)
12-14 00:41:43.020 W/ErrorProcessor( 2172): 	at com.google.android.apps.gsa.staticplugins.recognizer.j.b.run(SourceFile:15)
12-14 00:41:43.020 W/ErrorProcessor( 2172): 	at java.util.concurrent.Executors$RunnableAdapter.call(Executors.java:457)
12-14 00:41:43.020 W/ErrorProcessor( 2172): 	at java.util.concurrent.FutureTask.run(FutureTask.java:266)
12-14 00:41:43.020 W/ErrorProcessor( 2172): 	at com.google.android.apps.gsa.shared.util.concurrent.a.ax.run(SourceFile:14)
12-14 00:41:43.020 W/ErrorProcessor( 2172): 	at com.google.android.apps.gsa.shared.util.concurrent.a.bl.run(SourceFile:4)
12-14 00:41:43.020 W/ErrorProcessor( 2172): 	at com.google.android.apps.gsa.shared.util.concurrent.a.bl.run(SourceFile:4)
12-14 00:41:43.020 W/ErrorProcessor( 2172): 	at java.util.concurrent.ThreadPoolExecutor.runWorker(ThreadPoolExecutor.java:1162)
12-14 00:41:43.020 W/ErrorProcessor( 2172): 	at java.util.concurrent.ThreadPoolExecutor$Worker.run(ThreadPoolExecutor.java:636)
12-14 00:41:43.020 W/ErrorProcessor( 2172): 	at java.lang.Thread.run(Thread.java:764)
12-14 00:41:43.020 W/ErrorProcessor( 2172): 	at com.google.android.apps.gsa.shared.util.concurrent.a.ai.run(SourceFile:6)
12-14 00:41:43.020 W/ErrorProcessor( 2172): Caused by: com.google.android.apps.gsa.shared.exception.GsaIOException: Error code: 393238 | Buffer overflow, no available space.
12-14 00:41:43.020 W/ErrorProcessor( 2172): 	at com.google.android.apps.gsa.speech.audio.Tee.f(SourceFile:103)
12-14 00:41:43.020 W/ErrorProcessor( 2172): 	at com.google.android.apps.gsa.speech.audio.au.read(SourceFile:2)
12-14 00:41:43.020 W/ErrorProcessor( 2172): 	at java.io.InputStream.read(InputStream.java:101)
12-14 00:41:43.020 W/ErrorProcessor( 2172): 	at com.google.android.apps.gsa.speech.audio.ao.run(SourceFile:18)
12-14 00:41:43.020 W/ErrorProcessor( 2172): 	at com.google.android.apps.gsa.speech.audio.an.run(SourceFile:2)
12-14 00:41:43.020 W/ErrorProcessor( 2172): 	... 9 more
12-14 00:41:43.021 I/AudioController( 2172): internalShutdown
12-14 00:41:43.022 D/gralloc_ranchu( 1396): gralloc_alloc: Creating ashmem region of size 7753728
12-14 00:41:43.025 I/MicroDetector( 2172): Keeping mic open: false
12-14 00:41:43.025 I/MicroDetectionWorker( 2172): #onError(false)
12-14 00:41:43.025 I/DeviceStateChecker( 2172): DeviceStateChecker cancelled
12-14 00:41:43.080 D/EGL_emulation( 1727): eglMakeCurrent: 0xa5c04540: ver 3 0 (tinfo 0xa5c03470)
12-14 00:41:43.288 I/chatty  ( 1727): uid=10028(u0_a28) RenderThread identical 23 lines
12-14 00:41:43.311 D/EGL_emulation( 1727): eglMakeCurrent: 0xa5c04540: ver 3 0 (tinfo 0xa5c03470)
12-14 00:41:43.364 D/AndroidRuntime( 4281): >>>>>> START com.android.internal.os.RuntimeInit uid 2000 <<<<<<
12-14 00:41:43.423 W/app_process( 4281): Unexpected CPU variant for X86 using defaults: x86
12-14 00:41:43.453 D/AndroidRuntime( 4281): Calling main entry com.android.commands.am.Am
12-14 00:41:43.459 I/ActivityManager( 1629): Force stopping com.evancharlton.mileage appid=10240 user=0: start instr
12-14 00:41:43.459 I/ActivityManager( 1629): Killing 4230:com.evancharlton.mileage/u0a240 (adj 0): stop com.evancharlton.mileage
12-14 00:41:43.462 W/ActivityManager( 1629): Crash of app com.evancharlton.mileage running instrumentation ComponentInfo{com.evancharlton.mileage.test/sh.calaba.instrumentationbackend.CalabashInstrumentationTestRunner}
12-14 00:41:43.462 I/ActivityManager( 1629): Force stopping com.evancharlton.mileage appid=10240 user=0: finished inst
12-14 00:41:43.473 I/zygote  ( 4295): Not late-enabling -Xcheck:jni (already on)
12-14 00:41:43.478 I/ActivityManager( 1629): Start proc 4295:com.evancharlton.mileage/u0a240 for added application com.evancharlton.mileage
12-14 00:41:43.478 D/AndroidRuntime( 4281): Shutting down VM
12-14 00:41:43.488 W/zygote  ( 4295): Unexpected CPU variant for X86 using defaults: x86
12-14 00:41:43.494 W/OpenGLRenderer( 2147): Incorrectly called buildLayer on View: ShortcutAndWidgetContainer, destroying layer...
12-14 00:41:43.514 W/ActivityManager( 1629): setHasOverlayUi called on unknown pid: 4230
12-14 00:41:43.545 I/OpenGLRenderer( 1629): Initialized EGL, version 1.4
12-14 00:41:43.545 D/OpenGLRenderer( 1629): Swap behavior 1
12-14 00:41:43.546 W/OpenGLRenderer( 1629): Failed to choose config with EGL_SWAP_BEHAVIOR_PRESERVED, retrying without...
12-14 00:41:43.546 D/OpenGLRenderer( 1629): Swap behavior 0
12-14 00:41:43.556 W/zygote  ( 4295): Found duplicate classes, falling back to extracting from APK : /data/app/com.evancharlton.mileage.test-k2WBvg9x6AS0W5k5YcGTEg==/base.apk
12-14 00:41:43.556 W/zygote  ( 4295): NOTE: This wastes RAM and hurts startup performance.
12-14 00:41:43.556 W/zygote  ( 4295): Found duplicated class when checking oat files: 'Ljunit/runner/BaseTestRunner;' in /data/app/com.evancharlton.mileage.test-k2WBvg9x6AS0W5k5YcGTEg==/base.apk and /system/framework/android.test.runner.jar
12-14 00:41:43.556 W/zygote  ( 4295): 
12-14 00:41:43.563 D/EGL_emulation( 1629): eglCreateContext: 0xa5c06100: maj 3 min 0 rcv 3
12-14 00:41:43.566 D/EGL_emulation( 1629): eglMakeCurrent: 0xa5c06100: ver 3 0 (tinfo 0x91979070)
12-14 00:41:43.570 E/eglCodecCommon( 1629): glUtilsParamSize: unknow param 0x00008cdf
12-14 00:41:43.570 E/adbd    ( 1383): failed to connect to socket 'tcp:7102': Connection refused
12-14 00:41:43.571 E/eglCodecCommon( 1629): glUtilsParamSize: unknow param 0x00008cdf
12-14 00:41:43.575 E/eglCodecCommon( 1629): glUtilsParamSize: unknow param 0x00008824
12-14 00:41:43.581 E/eglCodecCommon( 1629): glUtilsParamSize: unknow param 0x00008824
12-14 00:41:43.589 E/adbd    ( 1383): failed to connect to socket 'tcp:7102': Connection refused
12-14 00:41:43.614 W/System  ( 4295): ClassLoader referenced unknown path: 
12-14 00:41:43.637 I/System.out( 4295): Main activity name automatically set to: com.evancharlton.mileage.Mileage
12-14 00:41:43.639 I/System.out( 4295): Calabash did not load Mono. This is only a problem if you are trying to test a Mono application
12-14 00:41:43.639 I/calabash( 4295): Test server port: 7102
12-14 00:41:43.640 I/InstrumentationBackend( 4295): Added:'GetPreferences', with key:'get_preferences'
12-14 00:41:43.703 E/adbd    ( 1383): failed to connect to socket 'tcp:7102': Connection refused
12-14 00:41:43.706 E/adbd    ( 1383): failed to connect to socket 'tcp:7102': Connection refused
12-14 00:41:43.730 I/InstrumentationBackend( 4295): Added:'SetPreferences', with key:'set_preferences'
12-14 00:41:43.730 I/InstrumentationBackend( 4295): Added:'ClearPreferences', with key:'clear_preferences'
12-14 00:41:43.730 I/InstrumentationBackend( 4295): Added:'PressElement', with key:'press_l10n_element'
12-14 00:41:43.730 I/InstrumentationBackend( 4295): Added:'WaitForElement', with key:'wait_for_l10n_element'
12-14 00:41:43.731 I/InstrumentationBackend( 4295): Added:'NullAction', with key:'nullAction'
12-14 00:41:43.731 I/InstrumentationBackend( 4295): Added:'PressKey', with key:'press_key'
12-14 00:41:43.732 I/InstrumentationBackend( 4295): Added:'SetActivityOrientation', with key:'set_activity_orientation'
12-14 00:41:43.732 I/InstrumentationBackend( 4295): Added:'GetActivityOrientation', with key:'get_activity_orientation'
12-14 00:41:43.733 I/InstrumentationBackend( 4295): Added:'FakeGPSLocation', with key:'set_gps_coordinates'
12-14 00:41:43.733 I/InstrumentationBackend( 4295): Added:'SetPropertyByCssSelector', with key:'set_property_by_css_selector'
12-14 00:41:43.734 I/InstrumentationBackend( 4295): Added:'GetUrl', with key:'get_url'
12-14 00:41:43.736 I/InstrumentationBackend( 4295): Added:'ScrollTo', with key:'scroll_to'
12-14 00:41:43.736 I/InstrumentationBackend( 4295): Added:'GetLoadProgress', with key:'get_load_progress'
12-14 00:41:43.737 I/InstrumentationBackend( 4295): Added:'DumpHtml', with key:'dump_html'
12-14 00:41:43.737 I/InstrumentationBackend( 4295): Added:'DumpBodyHtml', with key:'dump_body_html'
12-14 00:41:43.737 I/InstrumentationBackend( 4295): Added:'EnterTextByCssSelector', with key:'enter_text_by_selector'
12-14 00:41:43.743 I/InstrumentationBackend( 4295): Added:'AndroidSDKVersion', with key:'android_sdk_version'
12-14 00:41:43.743 I/InstrumentationBackend( 4295): Added:'Version', with key:'version'
12-14 00:41:43.743 I/InstrumentationBackend( 4295): Added:'Drag', with key:'drag'
12-14 00:41:43.743 I/InstrumentationBackend( 4295): Added:'TouchCoordinates', with key:'touch_coordinate'
12-14 00:41:43.744 I/InstrumentationBackend( 4295): Added:'LongPressCoordinate', with key:'long_press_coordinate'
12-14 00:41:43.744 I/InstrumentationBackend( 4295): Added:'DragCoordinates', with key:'drag_coordinates'
12-14 00:41:43.744 I/InstrumentationBackend( 4295): Added:'ResumeApplication', with key:'resume_application'
12-14 00:41:43.744 I/InstrumentationBackend( 4295): Added:'Swipe', with key:'swipe'
12-14 00:41:43.745 I/InstrumentationBackend( 4295): Added:'DoubleTapCoordinate', with key:'double_tap_coordinate'
12-14 00:41:43.745 I/InstrumentationBackend( 4295): Added:'ClickOnScreen', with key:'click_on_screen'
12-14 00:41:43.746 I/InstrumentationBackend( 4295): Added:'GetActivityName', with key:'get_activity_name'
12-14 00:41:43.746 I/InstrumentationBackend( 4295): Added:'ScrollToView', with key:'scroll_to_view'
12-14 00:41:43.747 I/InstrumentationBackend( 4295): Added:'ViewConfiguration', with key:'view_configuration'
12-14 00:41:43.747 I/InstrumentationBackend( 4295): Added:'IsCurrentActivityFocused', with key:'is_current_activity_focused'
12-14 00:41:43.747 I/InstrumentationBackend( 4295): Added:'SendTcp', with key:'send_tcp'
12-14 00:41:43.748 I/InstrumentationBackend( 4295): Added:'DpToDevicePixel', with key:'dp_to_device_pixel'
12-14 00:41:43.749 I/InstrumentationBackend( 4295): Added:'KeyboardEnterText', with key:'keyboard_enter_text'
12-14 00:41:43.750 I/InstrumentationBackend( 4295): Added:'DeleteSurroundingText', with key:'delete_surrounding_text'
12-14 00:41:43.750 I/InstrumentationBackend( 4295): Added:'SetComposingRegion', with key:'set_composing_region'
12-14 00:41:43.750 I/InstrumentationBackend( 4295): Added:'SetSelection', with key:'set_selection'
12-14 00:41:43.750 I/InstrumentationBackend( 4295): Added:'KeyboardKeyEvent', with key:'keyboard_key_event'
12-14 00:41:43.751 I/InstrumentationBackend( 4295): Added:'PressUserActionButton', with key:'press_user_action_button'
12-14 00:41:43.752 I/InstrumentationBackend( 4295): Added:'HideSoftKeyboard', with key:'hide_soft_keyboard'
12-14 00:41:43.753 I/InstrumentationBackend( 4295): Added:'ListActions', with key:'list_actions'
12-14 00:41:43.753 I/calabash( 4295): Instantiating http server at 7102
12-14 00:41:43.754 I/System.out( 4295): HTTP Daemon listening on: 7102
12-14 00:41:43.830 I/System.out( 4295): URI: //ping
12-14 00:41:43.831 I/System.out( 4295): params: {json={}
12-14 00:41:43.831 I/System.out( 4295): }
12-14 00:41:43.852 I/System.out( 4295): URI: //ping
12-14 00:41:43.852 I/System.out( 4295): params: {json={}
12-14 00:41:43.852 I/System.out( 4295): }
12-14 00:41:43.868 I/System.out( 4295): URI: //ready
12-14 00:41:43.869 I/System.out( 4295): params: {json={}
12-14 00:41:43.869 I/System.out( 4295): }
12-14 00:41:43.879 I/System.out( 4295): URI: //
12-14 00:41:43.879 I/System.out( 4295): params: {json={"command":"version","arguments":[]}
12-14 00:41:43.879 I/System.out( 4295): }
12-14 00:41:43.879 I/System.out( 4295): header: {content-type=application/json;charset=utf-8, date=Mon, 14 Dec 2020 05:41:44 GMT, accept=*/*, host=127.0.0.1:34777, content-length=36, user-agent=HTTPClient/1.0 (2.8.3, ruby 2.5.8 (2020-03-31))}
12-14 00:41:43.880 I/System.out( 4295): params: {json={"command":"version","arguments":[]}
12-14 00:41:43.880 I/System.out( 4295): }
12-14 00:41:43.880 I/System.out( 4295): ProP json = {"command":"version","arguments":[]}
12-14 00:41:43.880 I/System.out( 4295): files: {}
12-14 00:41:43.880 I/System.out( 4295): command: {"command":"version","arguments":[]}
12-14 00:41:43.907 I/InstrumentationBackend( 4295): Got command:'Command:'Line:null,version', arguments:'[]'
12-14 00:41:43.944 I/System.out( 4295): result:{"bonusInformation":[],"message":"0.9.8","success":true}
12-14 00:41:43.950 I/System.out( 4295): URI: //start-application
12-14 00:41:43.950 I/System.out( 4295): params: {json={"intent":null}
12-14 00:41:43.950 I/System.out( 4295): }
12-14 00:41:43.987 I/ActivityManager( 1629): START u0 {act=android.intent.action.MAIN cat=[android.intent.category.LAUNCHER] flg=0x10200000 cmp=com.evancharlton.mileage/.Mileage} from uid 10240
12-14 00:41:44.002 I/calabash( 4295): newActivity1
12-14 00:41:44.013 D/gralloc_ranchu( 1396): gralloc_alloc: Creating ashmem region of size 7753728
12-14 00:41:44.036 W/ActivityManager( 1629): Bad activity token: android.os.BinderProxy@9bdf707
12-14 00:41:44.036 W/ActivityManager( 1629): java.lang.ClassCastException: android.os.BinderProxy cannot be cast to com.android.server.am.ActivityRecord$Token
12-14 00:41:44.036 W/ActivityManager( 1629): 	at com.android.server.am.ActivityRecord.forTokenLocked(ActivityRecord.java:778)
12-14 00:41:44.036 W/ActivityManager( 1629): 	at com.android.server.am.ActivityRecord.isInStackLocked(ActivityRecord.java:2085)
12-14 00:41:44.036 W/ActivityManager( 1629): 	at com.android.server.am.ActivityRecord.getStackLocked(ActivityRecord.java:2090)
12-14 00:41:44.036 W/ActivityManager( 1629): 	at com.android.server.am.ActivityManagerService.getActivityDisplayId(ActivityManagerService.java:10406)
12-14 00:41:44.036 W/ActivityManager( 1629): 	at android.app.IActivityManager$Stub.onTransact(IActivityManager.java:2738)
12-14 00:41:44.036 W/ActivityManager( 1629): 	at com.android.server.am.ActivityManagerService.onTransact(ActivityManagerService.java:2935)
12-14 00:41:44.036 W/ActivityManager( 1629): 	at android.os.Binder.execTransact(Binder.java:674)
12-14 00:41:44.037 I/calabash( 4295): newActivity1
12-14 00:41:44.045 W/ActivityManager( 1629): Bad activity token: android.os.BinderProxy@9bdf707
12-14 00:41:44.045 W/ActivityManager( 1629): java.lang.ClassCastException: android.os.BinderProxy cannot be cast to com.android.server.am.ActivityRecord$Token
12-14 00:41:44.045 W/ActivityManager( 1629): 	at com.android.server.am.ActivityRecord.forTokenLocked(ActivityRecord.java:778)
12-14 00:41:44.045 W/ActivityManager( 1629): 	at com.android.server.am.ActivityRecord.isInStackLocked(ActivityRecord.java:2085)
12-14 00:41:44.045 W/ActivityManager( 1629): 	at com.android.server.am.ActivityManagerService.setTaskDescription(ActivityManagerService.java:9988)
12-14 00:41:44.045 W/ActivityManager( 1629): 	at android.app.IActivityManager$Stub.onTransact(IActivityManager.java:2824)
12-14 00:41:44.045 W/ActivityManager( 1629): 	at com.android.server.am.ActivityManagerService.onTransact(ActivityManagerService.java:2935)
12-14 00:41:44.045 W/ActivityManager( 1629): 	at android.os.Binder.execTransact(Binder.java:674)
12-14 00:41:44.045 W/ActivityManager( 1629): Bad activity token: android.os.BinderProxy@9bdf707
12-14 00:41:44.045 W/ActivityManager( 1629): java.lang.ClassCastException: android.os.BinderProxy cannot be cast to com.android.server.am.ActivityRecord$Token
12-14 00:41:44.045 W/ActivityManager( 1629): 	at com.android.server.am.ActivityRecord.forTokenLocked(ActivityRecord.java:778)
12-14 00:41:44.045 W/ActivityManager( 1629): 	at com.android.server.am.ActivityRecord.isInStackLocked(ActivityRecord.java:2085)
12-14 00:41:44.045 W/ActivityManager( 1629): 	at com.android.server.am.ActivityRecord.getStackLocked(ActivityRecord.java:2090)
12-14 00:41:44.045 W/ActivityManager( 1629): 	at com.android.server.am.ActivityManagerService.getActivityStackId(ActivityManagerService.java:10417)
12-14 00:41:44.045 W/ActivityManager( 1629): 	at android.app.IActivityManager$Stub.onTransact(IActivityManager.java:3548)
12-14 00:41:44.045 W/ActivityManager( 1629): 	at com.android.server.am.ActivityManagerService.onTransact(ActivityManagerService.java:2935)
12-14 00:41:44.045 W/ActivityManager( 1629): 	at android.os.Binder.execTransact(Binder.java:674)
12-14 00:41:44.062 D/EGL_emulation( 2147): eglMakeCurrent: 0xa36fc900: ver 3 0 (tinfo 0xa36ff5c0)
12-14 00:41:44.069 D/EGL_emulation( 2172): eglMakeCurrent: 0xa5c04cc0: ver 3 0 (tinfo 0xa5c03690)
12-14 00:41:44.090 D/EGL_emulation( 1727): eglMakeCurrent: 0xa5c04540: ver 3 0 (tinfo 0xa5c03470)
12-14 00:41:44.103 I/chatty  ( 1727): uid=10028(u0_a28) RenderThread identical 1 line
12-14 00:41:44.108 D/EGL_emulation( 1727): eglMakeCurrent: 0xa5c04540: ver 3 0 (tinfo 0xa5c03470)
12-14 00:41:44.114 V/StatusBar( 1727): setLightsOn(true)
12-14 00:41:44.119 D/EGL_emulation( 1727): eglMakeCurrent: 0xa5c04540: ver 3 0 (tinfo 0xa5c03470)
12-14 00:41:44.124 D/EGL_emulation( 1727): eglMakeCurrent: 0xa5c04540: ver 3 0 (tinfo 0xa5c03470)
12-14 00:41:44.126 E/ContentStoreEUAS( 2172): Failed to commit the deferred actions
12-14 00:41:44.137 D/EGL_emulation( 1727): eglMakeCurrent: 0xa5c04540: ver 3 0 (tinfo 0xa5c03470)
12-14 00:41:44.173 W/ActivityManager( 1629): Bad activity token: android.os.BinderProxy@9bdf707
12-14 00:41:44.173 W/ActivityManager( 1629): java.lang.ClassCastException: android.os.BinderProxy cannot be cast to com.android.server.am.ActivityRecord$Token
12-14 00:41:44.173 W/ActivityManager( 1629): 	at com.android.server.am.ActivityRecord.forTokenLocked(ActivityRecord.java:778)
12-14 00:41:44.173 W/ActivityManager( 1629): 	at com.android.server.am.ActivityRecord.isInStackLocked(ActivityRecord.java:2085)
12-14 00:41:44.173 W/ActivityManager( 1629): 	at com.android.server.am.ActivityManagerService.getActivityOptions(ActivityManagerService.java:13302)
12-14 00:41:44.173 W/ActivityManager( 1629): 	at android.app.IActivityManager$Stub.onTransact(IActivityManager.java:2910)
12-14 00:41:44.173 W/ActivityManager( 1629): 	at com.android.server.am.ActivityManagerService.onTransact(ActivityManagerService.java:2935)
12-14 00:41:44.173 W/ActivityManager( 1629): 	at android.os.Binder.execTransact(Binder.java:674)
12-14 00:41:44.174 W/ActivityManager( 1629): Bad activity token: android.os.BinderProxy@9bdf707
12-14 00:41:44.174 W/ActivityManager( 1629): java.lang.ClassCastException: android.os.BinderProxy cannot be cast to com.android.server.am.ActivityRecord$Token
12-14 00:41:44.174 W/ActivityManager( 1629): 	at com.android.server.am.ActivityRecord.forTokenLocked(ActivityRecord.java:778)
12-14 00:41:44.174 W/ActivityManager( 1629): 	at com.android.server.am.ActivityRecord.isInStackLocked(ActivityRecord.java:2085)
12-14 00:41:44.174 W/ActivityManager( 1629): 	at com.android.server.am.ActivityManagerService.getActivityOptions(ActivityManagerService.java:13302)
12-14 00:41:44.174 W/ActivityManager( 1629): 	at android.app.IActivityManager$Stub.onTransact(IActivityManager.java:2910)
12-14 00:41:44.174 W/ActivityManager( 1629): 	at com.android.server.am.ActivityManagerService.onTransact(ActivityManagerService.java:2935)
12-14 00:41:44.174 W/ActivityManager( 1629): 	at android.os.Binder.execTransact(Binder.java:674)
12-14 00:41:44.274 I/chatty  ( 1727): uid=10028(u0_a28) RenderThread identical 16 lines
12-14 00:41:44.286 D/EGL_emulation( 1727): eglMakeCurrent: 0xa5c04540: ver 3 0 (tinfo 0xa5c03470)
12-14 00:41:44.288 V/StatusBar( 1727): setLightsOn(true)
12-14 00:41:44.290 D/EGL_emulation( 1727): eglMakeCurrent: 0xa5c04540: ver 3 0 (tinfo 0xa5c03470)
12-14 00:41:44.304 I/chatty  ( 1727): uid=10028(u0_a28) RenderThread identical 1 line
12-14 00:41:44.313 D/EGL_emulation( 1727): eglMakeCurrent: 0xa5c04540: ver 3 0 (tinfo 0xa5c03470)
12-14 00:41:44.335 I/zygote  ( 4295): Do partial code cache collection, code=28KB, data=30KB
12-14 00:41:44.336 I/zygote  ( 4295): After code cache collection, code=28KB, data=30KB
12-14 00:41:44.336 I/zygote  ( 4295): Increasing code cache capacity to 128KB
12-14 00:41:44.338 I/zygote  ( 4295): Do partial code cache collection, code=28KB, data=48KB
12-14 00:41:44.338 I/zygote  ( 4295): After code cache collection, code=28KB, data=48KB
12-14 00:41:44.338 I/zygote  ( 4295): Increasing code cache capacity to 256KB
12-14 00:41:44.340 I/zygote  ( 4295): JIT allocated 71KB for compiled code of void android.widget.TextView.<init>(android.content.Context, android.util.AttributeSet, int, int)
12-14 00:41:44.340 I/zygote  ( 4295): Compiler allocated 4MB to compile void android.widget.TextView.<init>(android.content.Context, android.util.AttributeSet, int, int)
12-14 00:41:44.350 V/StatusBar( 1727): setLightsOn(true)
12-14 00:41:44.356 I/chatty  ( 1727): uid=10028(u0_a28) com.android.systemui identical 1 line
12-14 00:41:44.358 V/StatusBar( 1727): setLightsOn(true)
12-14 00:41:44.401 D/gralloc_ranchu( 1396): gralloc_alloc: Creating ashmem region of size 7753728
12-14 00:41:44.423 D/        ( 4295): HostConnection::get() New Host Connection established 0xa32afc80, tid 4295
12-14 00:41:44.463 V/StatusBar( 1727): setLightsOn(true)
12-14 00:41:44.465 V/StatusBar( 1727): setLightsOn(true)
12-14 00:41:44.470 I/ActivityManager( 1629): Displayed com.evancharlton.mileage/.Mileage: +468ms
12-14 00:41:44.475 V/StatusBar( 1727): setLightsOn(true)
12-14 00:41:44.496 V/StatusBar( 1727): setLightsOn(true)
12-14 00:41:44.512 D/gralloc_ranchu( 1396): gralloc_alloc: Creating ashmem region of size 7753728
12-14 00:41:44.646 V/StatusBar( 1727): setLightsOn(true)
