--------- beginning of main
12-14 00:25:46.855 D/gralloc_ranchu( 1395): gralloc_alloc: Creating ashmem region of size 8298496
12-14 00:25:46.878 D/        ( 3950): HostConnection::get() New Host Connection established 0xa9e2f800, tid 3950
12-14 00:25:47.255 E/memtrack( 1626): Couldn't load memtrack module
12-14 00:25:47.255 W/android.os.Debug( 1626): failed to get memory consumption info: -1
12-14 00:25:47.267 D/BoundBrokerSvc( 1945): onUnbind: Intent { act=com.google.android.gms.auth.account.workaccount.START cmp=com.google.android.gms/.chimera.PersistentApiService }
12-14 00:25:47.271 D/BoundBrokerSvc( 1945): onUnbind: Intent { act=com.google.android.gms.auth.proximity.START cmp=com.google.android.gms/.chimera.PersistentBoundBrokerService }
12-14 00:25:47.289 D/BoundBrokerSvc( 2210): onUnbind: Intent { act=com.google.android.gms.auth.cryptauth.cryptauthservice.START cmp=com.google.android.gms/.chimera.GmsBoundBrokerService }
12-14 00:25:47.428 I/System.out( 3903): URI: //kill
12-14 00:25:47.428 I/System.out( 3903): params: {json={}
12-14 00:25:47.428 I/System.out( 3903): }
12-14 00:25:47.428 I/System.out( 3903): Stopping test server
12-14 00:25:47.434 E/adbd    ( 1372): failed to connect to socket 'tcp:7102': Connection refused
12-14 00:25:47.436 E/adbd    ( 1372): failed to connect to socket 'tcp:7102': Connection refused
12-14 00:25:47.465 V/StatusBar( 1732): setLightsOn(true)
12-14 00:25:47.479 I/chatty  ( 1732): uid=10028(u0_a28) com.android.systemui identical 2 lines
12-14 00:25:47.494 V/StatusBar( 1732): setLightsOn(true)
12-14 00:25:47.495 D/gralloc_ranchu( 1395): gralloc_alloc: Creating ashmem region of size 8298496
12-14 00:25:47.497 V/StatusBar( 1732): setLightsOn(true)
12-14 00:25:47.514 D/gralloc_ranchu( 1395): gralloc_alloc: Creating ashmem region of size 8298496
12-14 00:25:47.525 D/gralloc_ranchu( 1395): gralloc_alloc: Creating ashmem region of size 8298496
12-14 00:25:47.561 D/SurfaceFlinger( 1416): duplicate layer name: changing com.google.android.apps.nexuslauncher/com.google.android.apps.nexuslauncher.NexusLauncherActivity to com.google.android.apps.nexuslauncher/com.google.android.apps.nexuslauncher.NexusLauncherActivity#1
12-14 00:25:47.566 D/gralloc_ranchu( 1395): gralloc_alloc: Creating ashmem region of size 8298496
12-14 00:25:47.643 D/EGL_emulation( 1732): eglMakeCurrent: 0x997e3e00: ver 3 0 (tinfo 0x997eab60)
12-14 00:25:47.651 D/gralloc_ranchu( 1395): gralloc_alloc: Creating ashmem region of size 8298496
12-14 00:25:47.731 D/EGL_emulation( 2160): eglMakeCurrent: 0x9de048a0: ver 3 0 (tinfo 0x9de03830)
12-14 00:25:47.734 D/gralloc_ranchu( 1395): gralloc_alloc: Creating ashmem region of size 8298496
12-14 00:25:47.857 D/EGL_emulation( 2120): eglMakeCurrent: 0x9b77cc60: ver 3 0 (tinfo 0x9b77f9d0)
12-14 00:25:47.893 I/zygote  ( 2160): Deoptimizing void com.google.android.apps.gsa.search.core.service.worker.a.a.a(com.google.android.apps.gsa.search.core.state.qc) due to JIT inline cache
12-14 00:25:47.898 D/gralloc_ranchu( 1395): gralloc_alloc: Creating ashmem region of size 7753728
12-14 00:25:47.910 E/GmsClient( 2160): unable to connect to service: com.google.android.gms.speech.service.START on com.google.android.gms
12-14 00:25:47.915 W/SessionLifecycleManager( 2160): Handover failed. Creating new session controller.
12-14 00:25:47.938 I/OptInState( 2160): There is a new client and it does not support opt-in. Dropping request.
12-14 00:25:48.006 D/        ( 1732): HostConnection::get() New Host Connection established 0x8a3f74c0, tid 1985
12-14 00:25:48.015 D/EGL_emulation( 1732): eglMakeCurrent: 0x997e3e00: ver 3 0 (tinfo 0x997eab60)
12-14 00:25:48.041 D/EGL_emulation( 1732): eglMakeCurrent: 0x997e3e00: ver 3 0 (tinfo 0x997eab60)
12-14 00:25:48.044 I/MicroDetectionWorker( 2160): #updateMicroDetector [detectionMode: [mDetectionMode: [1]]]
12-14 00:25:48.044 I/MicroDetectionWorker( 2160): #startMicroDetector [speakerMode: 0]
12-14 00:25:48.046 I/AudioController( 2160): Using mInputStreamFactoryBuilder
12-14 00:25:48.053 D/EGL_emulation( 1732): eglMakeCurrent: 0x997e3e00: ver 3 0 (tinfo 0x997eab60)
12-14 00:25:48.067 D/EGL_emulation( 1732): eglMakeCurrent: 0x997e3e00: ver 3 0 (tinfo 0x997eab60)
12-14 00:25:48.068 I/MicroDetectionWorker( 2160): onReady
12-14 00:25:48.077 D/EGL_emulation( 1732): eglMakeCurrent: 0x997e3e00: ver 3 0 (tinfo 0x997eab60)
12-14 00:25:48.082 I/MicroRecognitionRunner( 2160): Starting detection.
12-14 00:25:48.083 I/MicrophoneInputStream( 2160): mic_starting com.google.android.apps.gsa.staticplugins.aa.c@c634e2e
12-14 00:25:48.084 D/EGL_emulation( 1732): eglMakeCurrent: 0x997e3e00: ver 3 0 (tinfo 0x997eab60)
12-14 00:25:48.091 I/MicrophoneInputStream( 2160): mic_started com.google.android.apps.gsa.staticplugins.aa.c@c634e2e
12-14 00:25:48.094 I/MicroDetectionWorker( 2160): onReady
12-14 00:25:48.096 I/MicrophoneInputStream( 2160): mic_close com.google.android.apps.gsa.staticplugins.aa.c@c634e2e
12-14 00:25:48.097 I/MicroRecognitionRunner( 2160): Detection finished
12-14 00:25:48.097 W/ErrorReporter( 2160): reportError [type: 211, code: 524300]: Error reading from input stream
12-14 00:25:48.098 I/AudioFlinger( 1475): AudioFlinger's thread 0xa6683780 tid=3968 ready to run
12-14 00:25:48.099 D/BoundBrokerSvc( 1945): onUnbind: Intent { act=com.google.android.contextmanager.service.ContextManagerService.START cmp=com.google.android.gms/.chimera.PersistentApiService }
12-14 00:25:48.100 D/EGL_emulation( 1732): eglMakeCurrent: 0x997e3e00: ver 3 0 (tinfo 0x997eab60)
12-14 00:25:48.101 I/MicroRecognitionRunner( 2160): Stopping hotword detection.
12-14 00:25:48.101 W/ErrorProcessor( 2160): onFatalError, processing error from engine(4)
12-14 00:25:48.101 W/ErrorProcessor( 2160): com.google.android.apps.gsa.shared.speech.b.g: Error reading from input stream
12-14 00:25:48.101 W/ErrorProcessor( 2160): 	at com.google.android.apps.gsa.staticplugins.recognizer.j.a.a(SourceFile:28)
12-14 00:25:48.101 W/ErrorProcessor( 2160): 	at com.google.android.apps.gsa.staticplugins.recognizer.j.b.run(SourceFile:15)
12-14 00:25:48.101 W/ErrorProcessor( 2160): 	at java.util.concurrent.Executors$RunnableAdapter.call(Executors.java:457)
12-14 00:25:48.101 W/ErrorProcessor( 2160): 	at java.util.concurrent.FutureTask.run(FutureTask.java:266)
12-14 00:25:48.101 W/ErrorProcessor( 2160): 	at com.google.android.apps.gsa.shared.util.concurrent.a.ax.run(SourceFile:14)
12-14 00:25:48.101 W/ErrorProcessor( 2160): 	at com.google.android.apps.gsa.shared.util.concurrent.a.bl.run(SourceFile:4)
12-14 00:25:48.101 W/ErrorProcessor( 2160): 	at com.google.android.apps.gsa.shared.util.concurrent.a.bl.run(SourceFile:4)
12-14 00:25:48.101 W/ErrorProcessor( 2160): 	at java.util.concurrent.ThreadPoolExecutor.runWorker(ThreadPoolExecutor.java:1162)
12-14 00:25:48.101 W/ErrorProcessor( 2160): 	at java.util.concurrent.ThreadPoolExecutor$Worker.run(ThreadPoolExecutor.java:636)
12-14 00:25:48.101 W/ErrorProcessor( 2160): 	at java.lang.Thread.run(Thread.java:764)
12-14 00:25:48.101 W/ErrorProcessor( 2160): 	at com.google.android.apps.gsa.shared.util.concurrent.a.ai.run(SourceFile:6)
12-14 00:25:48.101 W/ErrorProcessor( 2160): Caused by: com.google.android.apps.gsa.shared.exception.GsaIOException: Error code: 393238 | Buffer overflow, no available space.
12-14 00:25:48.101 W/ErrorProcessor( 2160): 	at com.google.android.apps.gsa.speech.audio.Tee.f(SourceFile:103)
12-14 00:25:48.101 W/ErrorProcessor( 2160): 	at com.google.android.apps.gsa.speech.audio.au.read(SourceFile:2)
12-14 00:25:48.101 W/ErrorProcessor( 2160): 	at java.io.InputStream.read(InputStream.java:101)
12-14 00:25:48.101 W/ErrorProcessor( 2160): 	at com.google.android.apps.gsa.speech.audio.ao.run(SourceFile:18)
12-14 00:25:48.101 W/ErrorProcessor( 2160): 	at com.google.android.apps.gsa.speech.audio.an.run(SourceFile:2)
12-14 00:25:48.101 W/ErrorProcessor( 2160): 	... 9 more
12-14 00:25:48.104 I/AudioController( 2160): internalShutdown
12-14 00:25:48.106 D/        ( 1732): HostConnection::get() New Host Connection established 0x8a3f7380, tid 1747
12-14 00:25:48.111 D/EGL_emulation( 1732): eglMakeCurrent: 0x997e3e00: ver 3 0 (tinfo 0x997eab60)
12-14 00:25:48.116 I/MicroDetector( 2160): Keeping mic open: false
12-14 00:25:48.116 I/DeviceStateChecker( 2160): DeviceStateChecker cancelled
12-14 00:25:48.117 I/MicroDetectionWorker( 2160): #onError(false)
12-14 00:25:48.117 D/EGL_emulation( 1732): eglMakeCurrent: 0x997e3e00: ver 3 0 (tinfo 0x997eab60)
12-14 00:25:48.225 I/chatty  ( 1732): uid=10028(u0_a28) RenderThread identical 11 lines
12-14 00:25:48.249 D/EGL_emulation( 1732): eglMakeCurrent: 0x997e3e00: ver 3 0 (tinfo 0x997eab60)
12-14 00:25:48.268 I/zygote  ( 2160): Do full code cache collection, code=246KB, data=199KB
12-14 00:25:48.269 I/zygote  ( 2160): After code cache collection, code=236KB, data=159KB
12-14 00:25:48.326 W/OpenGLRenderer( 2120): Incorrectly called buildLayer on View: ShortcutAndWidgetContainer, destroying layer...
12-14 00:25:48.442 D/OpenGLRenderer( 1626): HWUI GL Pipeline
12-14 00:25:48.448 E/SurfaceFlinger( 1416): ro.sf.lcd_density must be defined as a build property
12-14 00:25:48.463 D/        ( 1626): HostConnection::get() New Host Connection established 0x87e3b080, tid 3969
12-14 00:25:48.465 I/OpenGLRenderer( 1626): Initialized EGL, version 1.4
12-14 00:25:48.465 D/OpenGLRenderer( 1626): Swap behavior 1
12-14 00:25:48.465 W/OpenGLRenderer( 1626): Failed to choose config with EGL_SWAP_BEHAVIOR_PRESERVED, retrying without...
12-14 00:25:48.465 D/OpenGLRenderer( 1626): Swap behavior 0
12-14 00:25:48.475 D/EGL_emulation( 1626): eglCreateContext: 0x867e60c0: maj 3 min 0 rcv 3
12-14 00:25:48.476 D/EGL_emulation( 1626): eglMakeCurrent: 0x867e60c0: ver 3 0 (tinfo 0x87be1f00)
12-14 00:25:48.477 E/eglCodecCommon( 1626): glUtilsParamSize: unknow param 0x00008cdf
12-14 00:25:48.477 E/eglCodecCommon( 1626): glUtilsParamSize: unknow param 0x00008cdf
12-14 00:25:48.477 E/eglCodecCommon( 1626): glUtilsParamSize: unknow param 0x00008824
12-14 00:25:48.477 E/eglCodecCommon( 1626): glUtilsParamSize: unknow param 0x00008824
12-14 00:25:49.847 W/audio_hw_generic( 1386): Not supplying enough data to HAL, expected position 306509 , only wrote 154800
12-14 00:25:50.942 D/BoundBrokerSvc( 1945): onUnbind: Intent { act=com.google.android.gms.pseudonymous.service.START cmp=com.google.android.gms/.chimera.PersistentApiService }
--------- beginning of system
12-14 00:25:52.260 W/RemoteFillService( 1626): Not handling { when=-7ms what=3 target=com.android.internal.os.HandlerCaller$MyHandler } as service for ComponentInfo{com.google.android.gms/com.google.android.gms.autofill.service.AutofillService} is already destroyed
12-14 00:25:52.405 I/qemu-props( 1408): start adbd ...
12-14 00:25:53.119 I/MicroDetectionWorker( 2160): #updateMicroDetector [detectionMode: [mDetectionMode: [1]]]
12-14 00:25:53.119 I/MicroDetectionWorker( 2160): #startMicroDetector [speakerMode: 0]
12-14 00:25:53.120 I/AudioController( 2160): Using mInputStreamFactoryBuilder
12-14 00:25:53.121 I/MicroDetectionWorker( 2160): onReady
12-14 00:25:53.123 I/MicroRecognitionRunner( 2160): Starting detection.
12-14 00:25:53.123 I/MicrophoneInputStream( 2160): mic_starting com.google.android.apps.gsa.staticplugins.aa.c@34ec0b7
12-14 00:25:53.125 I/AudioFlinger( 1475): AudioFlinger's thread 0xa6503240 tid=3973 ready to run
12-14 00:25:53.128 I/MicrophoneInputStream( 2160): mic_started com.google.android.apps.gsa.staticplugins.aa.c@34ec0b7
12-14 00:25:53.129 E/ActivityThread( 2160): Failed to find provider info for com.google.android.apps.gsa.testing.ui.audio.recorded
12-14 00:25:53.129 I/MicroDetectionWorker( 2160): onReady
12-14 00:25:53.130 W/SpeechLevelGenerator( 2160): Really low audio levels detected. The audio input may have issues.
12-14 00:25:53.131 I/MicrophoneInputStream( 2160): mic_close com.google.android.apps.gsa.staticplugins.aa.c@34ec0b7
12-14 00:25:53.131 I/MicroRecognitionRunner( 2160): Detection finished
12-14 00:25:53.131 W/ErrorReporter( 2160): reportError [type: 211, code: 524300]: Error reading from input stream
12-14 00:25:53.132 W/ErrorProcessor( 2160): onFatalError, processing error from engine(4)
12-14 00:25:53.132 W/ErrorProcessor( 2160): com.google.android.apps.gsa.shared.speech.b.g: Error reading from input stream
12-14 00:25:53.132 W/ErrorProcessor( 2160): 	at com.google.android.apps.gsa.staticplugins.recognizer.j.a.a(SourceFile:28)
12-14 00:25:53.132 W/ErrorProcessor( 2160): 	at com.google.android.apps.gsa.staticplugins.recognizer.j.b.run(SourceFile:15)
12-14 00:25:53.132 W/ErrorProcessor( 2160): 	at java.util.concurrent.Executors$RunnableAdapter.call(Executors.java:457)
12-14 00:25:53.132 W/ErrorProcessor( 2160): 	at java.util.concurrent.FutureTask.run(FutureTask.java:266)
12-14 00:25:53.132 W/ErrorProcessor( 2160): 	at com.google.android.apps.gsa.shared.util.concurrent.a.ax.run(SourceFile:14)
12-14 00:25:53.132 W/ErrorProcessor( 2160): 	at com.google.android.apps.gsa.shared.util.concurrent.a.bl.run(SourceFile:4)
12-14 00:25:53.132 W/ErrorProcessor( 2160): 	at com.google.android.apps.gsa.shared.util.concurrent.a.bl.run(SourceFile:4)
12-14 00:25:53.132 W/ErrorProcessor( 2160): 	at java.util.concurrent.ThreadPoolExecutor.runWorker(ThreadPoolExecutor.java:1162)
12-14 00:25:53.132 W/ErrorProcessor( 2160): 	at java.util.concurrent.ThreadPoolExecutor$Worker.run(ThreadPoolExecutor.java:636)
12-14 00:25:53.132 W/ErrorProcessor( 2160): 	at java.lang.Thread.run(Thread.java:764)
12-14 00:25:53.132 W/ErrorProcessor( 2160): 	at com.google.android.apps.gsa.shared.util.concurrent.a.ai.run(SourceFile:6)
12-14 00:25:53.132 W/ErrorProcessor( 2160): Caused by: com.google.android.apps.gsa.shared.exception.GsaIOException: Error code: 393238 | Buffer overflow, no available space.
12-14 00:25:53.132 W/ErrorProcessor( 2160): 	at com.google.android.apps.gsa.speech.audio.Tee.f(SourceFile:103)
12-14 00:25:53.132 W/ErrorProcessor( 2160): 	at com.google.android.apps.gsa.speech.audio.au.read(SourceFile:2)
12-14 00:25:53.132 W/ErrorProcessor( 2160): 	at java.io.InputStream.read(InputStream.java:101)
12-14 00:25:53.132 W/ErrorProcessor( 2160): 	at com.google.android.apps.gsa.speech.audio.ao.run(SourceFile:18)
12-14 00:25:53.132 W/ErrorProcessor( 2160): 	at com.google.android.apps.gsa.speech.audio.an.run(SourceFile:2)
12-14 00:25:53.132 W/ErrorProcessor( 2160): 	... 9 more
12-14 00:25:53.132 I/MicroRecognitionRunner( 2160): Stopping hotword detection.
12-14 00:25:53.132 I/AudioController( 2160): internalShutdown
12-14 00:25:53.133 I/MicroDetector( 2160): Keeping mic open: false
12-14 00:25:53.133 I/MicroDetectionWorker( 2160): #onError(false)
12-14 00:25:53.133 I/DeviceStateChecker( 2160): DeviceStateChecker cancelled
12-14 00:25:53.743 D/AndroidRuntime( 3977): >>>>>> START com.android.internal.os.RuntimeInit uid 2000 <<<<<<
12-14 00:25:53.776 W/app_process( 3977): Unexpected CPU variant for X86 using defaults: x86
12-14 00:25:53.793 D/AndroidRuntime( 3977): Calling main entry com.android.commands.am.Am
12-14 00:25:53.797 I/ActivityManager( 1626): Force stopping com.evancharlton.mileage appid=10224 user=0: start instr
12-14 00:25:53.797 I/ActivityManager( 1626): Killing 3903:com.evancharlton.mileage/u0a224 (adj 0): stop com.evancharlton.mileage
12-14 00:25:53.799 W/ActivityManager( 1626): Crash of app com.evancharlton.mileage running instrumentation ComponentInfo{com.evancharlton.mileage.test/sh.calaba.instrumentationbackend.CalabashInstrumentationTestRunner}
12-14 00:25:53.800 I/ActivityManager( 1626): Force stopping com.evancharlton.mileage appid=10224 user=0: finished inst
12-14 00:25:53.800 I/ActivityManager( 1626): Killing 2473:com.android.providers.calendar/u0a4 (adj 906): empty #17
12-14 00:25:53.808 I/zygote  ( 3987): Not late-enabling -Xcheck:jni (already on)
12-14 00:25:53.812 D/hwcomposer( 1396): hw_composer sent 48 syncs in 62s
12-14 00:25:53.815 W/zygote  ( 3987): Unexpected CPU variant for X86 using defaults: x86
12-14 00:25:53.819 I/ActivityManager( 1626): Start proc 3987:com.evancharlton.mileage/u0a224 for added application com.evancharlton.mileage
12-14 00:25:53.820 D/AndroidRuntime( 3977): Shutting down VM
12-14 00:25:53.821 E/memtrack( 1626): Couldn't load memtrack module
12-14 00:25:53.821 W/android.os.Debug( 1626): failed to get memory consumption info: -1
12-14 00:25:53.843 W/ActivityManager( 1626): setHasOverlayUi called on unknown pid: 3903
12-14 00:25:53.848 E/adbd    ( 1372): failed to connect to socket 'tcp:7102': Connection refused
12-14 00:25:53.851 E/adbd    ( 1372): failed to connect to socket 'tcp:7102': Connection refused
12-14 00:25:53.854 W/zygote  ( 3987): Found duplicate classes, falling back to extracting from APK : /data/app/com.evancharlton.mileage.test-gqNOLDnnWBnVqgWMZcXzFQ==/base.apk
12-14 00:25:53.854 W/zygote  ( 3987): NOTE: This wastes RAM and hurts startup performance.
12-14 00:25:53.854 W/zygote  ( 3987): Found duplicated class when checking oat files: 'Ljunit/runner/BaseTestRunner;' in /data/app/com.evancharlton.mileage.test-gqNOLDnnWBnVqgWMZcXzFQ==/base.apk and /system/framework/android.test.runner.jar
12-14 00:25:53.854 W/zygote  ( 3987): 
12-14 00:25:53.882 W/System  ( 3987): ClassLoader referenced unknown path: 
12-14 00:25:53.894 I/System.out( 3987): Main activity name automatically set to: com.evancharlton.mileage.Mileage
12-14 00:25:53.895 I/System.out( 3987): Calabash did not load Mono. This is only a problem if you are trying to test a Mono application
12-14 00:25:53.896 I/calabash( 3987): Test server port: 7102
12-14 00:25:53.898 I/InstrumentationBackend( 3987): Added:'GetPreferences', with key:'get_preferences'
12-14 00:25:53.955 I/InstrumentationBackend( 3987): Added:'SetPreferences', with key:'set_preferences'
12-14 00:25:53.955 I/InstrumentationBackend( 3987): Added:'ClearPreferences', with key:'clear_preferences'
12-14 00:25:53.956 I/InstrumentationBackend( 3987): Added:'PressElement', with key:'press_l10n_element'
12-14 00:25:53.956 I/InstrumentationBackend( 3987): Added:'WaitForElement', with key:'wait_for_l10n_element'
12-14 00:25:53.957 I/InstrumentationBackend( 3987): Added:'NullAction', with key:'nullAction'
12-14 00:25:53.957 I/InstrumentationBackend( 3987): Added:'PressKey', with key:'press_key'
12-14 00:25:53.957 I/InstrumentationBackend( 3987): Added:'SetActivityOrientation', with key:'set_activity_orientation'
12-14 00:25:53.957 I/InstrumentationBackend( 3987): Added:'GetActivityOrientation', with key:'get_activity_orientation'
12-14 00:25:53.959 I/InstrumentationBackend( 3987): Added:'FakeGPSLocation', with key:'set_gps_coordinates'
12-14 00:25:53.960 I/InstrumentationBackend( 3987): Added:'SetPropertyByCssSelector', with key:'set_property_by_css_selector'
12-14 00:25:53.962 I/InstrumentationBackend( 3987): Added:'GetUrl', with key:'get_url'
12-14 00:25:53.963 E/adbd    ( 1372): failed to connect to socket 'tcp:7102': Connection refused
12-14 00:25:53.966 I/InstrumentationBackend( 3987): Added:'ScrollTo', with key:'scroll_to'
12-14 00:25:53.966 I/InstrumentationBackend( 3987): Added:'GetLoadProgress', with key:'get_load_progress'
12-14 00:25:53.967 I/InstrumentationBackend( 3987): Added:'DumpHtml', with key:'dump_html'
12-14 00:25:53.967 I/InstrumentationBackend( 3987): Added:'DumpBodyHtml', with key:'dump_body_html'
12-14 00:25:53.967 I/InstrumentationBackend( 3987): Added:'EnterTextByCssSelector', with key:'enter_text_by_selector'
12-14 00:25:53.970 E/adbd    ( 1372): failed to connect to socket 'tcp:7102': Connection refused
12-14 00:25:53.972 I/InstrumentationBackend( 3987): Added:'AndroidSDKVersion', with key:'android_sdk_version'
12-14 00:25:53.972 I/InstrumentationBackend( 3987): Added:'Version', with key:'version'
12-14 00:25:53.972 I/InstrumentationBackend( 3987): Added:'Drag', with key:'drag'
12-14 00:25:53.972 I/InstrumentationBackend( 3987): Added:'TouchCoordinates', with key:'touch_coordinate'
12-14 00:25:53.973 I/InstrumentationBackend( 3987): Added:'LongPressCoordinate', with key:'long_press_coordinate'
12-14 00:25:53.973 I/InstrumentationBackend( 3987): Added:'DragCoordinates', with key:'drag_coordinates'
12-14 00:25:53.973 I/InstrumentationBackend( 3987): Added:'ResumeApplication', with key:'resume_application'
12-14 00:25:53.973 I/InstrumentationBackend( 3987): Added:'Swipe', with key:'swipe'
12-14 00:25:53.974 I/InstrumentationBackend( 3987): Added:'DoubleTapCoordinate', with key:'double_tap_coordinate'
12-14 00:25:53.974 I/InstrumentationBackend( 3987): Added:'ClickOnScreen', with key:'click_on_screen'
12-14 00:25:53.975 I/InstrumentationBackend( 3987): Added:'GetActivityName', with key:'get_activity_name'
12-14 00:25:53.975 I/InstrumentationBackend( 3987): Added:'ScrollToView', with key:'scroll_to_view'
12-14 00:25:53.976 I/InstrumentationBackend( 3987): Added:'ViewConfiguration', with key:'view_configuration'
12-14 00:25:53.976 I/InstrumentationBackend( 3987): Added:'IsCurrentActivityFocused', with key:'is_current_activity_focused'
12-14 00:25:53.976 I/InstrumentationBackend( 3987): Added:'SendTcp', with key:'send_tcp'
12-14 00:25:53.977 I/InstrumentationBackend( 3987): Added:'DpToDevicePixel', with key:'dp_to_device_pixel'
12-14 00:25:53.977 I/InstrumentationBackend( 3987): Added:'KeyboardEnterText', with key:'keyboard_enter_text'
12-14 00:25:53.978 I/InstrumentationBackend( 3987): Added:'DeleteSurroundingText', with key:'delete_surrounding_text'
12-14 00:25:53.978 I/InstrumentationBackend( 3987): Added:'SetComposingRegion', with key:'set_composing_region'
12-14 00:25:53.978 I/InstrumentationBackend( 3987): Added:'SetSelection', with key:'set_selection'
12-14 00:25:53.979 I/InstrumentationBackend( 3987): Added:'KeyboardKeyEvent', with key:'keyboard_key_event'
12-14 00:25:53.979 I/InstrumentationBackend( 3987): Added:'PressUserActionButton', with key:'press_user_action_button'
12-14 00:25:53.980 I/InstrumentationBackend( 3987): Added:'HideSoftKeyboard', with key:'hide_soft_keyboard'
12-14 00:25:53.982 I/InstrumentationBackend( 3987): Added:'ListActions', with key:'list_actions'
12-14 00:25:53.982 I/calabash( 3987): Instantiating http server at 7102
12-14 00:25:53.983 I/System.out( 3987): HTTP Daemon listening on: 7102
12-14 00:25:54.089 I/System.out( 3987): URI: //ping
12-14 00:25:54.091 I/System.out( 3987): params: {json={}
12-14 00:25:54.091 I/System.out( 3987): }
12-14 00:25:54.102 I/System.out( 3987): URI: //ping
12-14 00:25:54.102 I/System.out( 3987): params: {json={}
12-14 00:25:54.102 I/System.out( 3987): }
12-14 00:25:54.112 I/System.out( 3987): URI: //ready
12-14 00:25:54.112 I/System.out( 3987): params: {json={}
12-14 00:25:54.112 I/System.out( 3987): }
12-14 00:25:54.119 I/System.out( 3987): URI: //
12-14 00:25:54.119 I/System.out( 3987): params: {json={"command":"version","arguments":[]}
12-14 00:25:54.119 I/System.out( 3987): }
12-14 00:25:54.119 I/System.out( 3987): header: {content-type=application/json;charset=utf-8, date=Mon, 14 Dec 2020 05:25:54 GMT, accept=*/*, host=127.0.0.1:34777, content-length=36, user-agent=HTTPClient/1.0 (2.8.3, ruby 2.5.8 (2020-03-31))}
12-14 00:25:54.119 I/System.out( 3987): params: {json={"command":"version","arguments":[]}
12-14 00:25:54.119 I/System.out( 3987): }
12-14 00:25:54.120 I/System.out( 3987): ProP json = {"command":"version","arguments":[]}
12-14 00:25:54.120 I/System.out( 3987): files: {}
12-14 00:25:54.120 I/System.out( 3987): command: {"command":"version","arguments":[]}
12-14 00:25:54.136 W/zygote  ( 4017): Unexpected CPU variant for X86 using defaults: x86
12-14 00:25:54.143 I/ActivityManager( 1626): Start proc 4017:com.android.providers.calendar/u0a4 for content provider com.android.providers.calendar/.CalendarProvider2
12-14 00:25:54.153 I/InstrumentationBackend( 3987): Got command:'Command:'Line:null,version', arguments:'[]'
12-14 00:25:54.172 I/CalendarProvider2( 4017): Created com.android.providers.calendar.CalendarAlarmManager@6e33de8(com.android.providers.calendar.CalendarProvider2@50e3c01)
12-14 00:25:54.182 I/ActivityManager( 1626): Killing 3415:com.android.externalstorage/u0a8 (adj 906): empty #17
12-14 00:25:54.192 I/ActivityManager( 1626): Killing 3485:com.android.mtp/u0a9 (adj 906): empty #17
12-14 00:25:54.203 I/System.out( 3987): result:{"bonusInformation":[],"message":"0.9.8","success":true}
12-14 00:25:54.211 I/System.out( 3987): URI: //start-application
12-14 00:25:54.211 I/System.out( 3987): params: {json={"intent":null}
12-14 00:25:54.211 I/System.out( 3987): }
12-14 00:25:54.249 I/ActivityManager( 1626): START u0 {act=android.intent.action.MAIN cat=[android.intent.category.LAUNCHER] flg=0x10200000 cmp=com.evancharlton.mileage/.Mileage} from uid 10224
12-14 00:25:54.268 I/calabash( 3987): newActivity1
12-14 00:25:54.281 D/gralloc_ranchu( 1395): gralloc_alloc: Creating ashmem region of size 7753728
12-14 00:25:54.323 W/ActivityManager( 1626): Bad activity token: android.os.BinderProxy@4f38996
12-14 00:25:54.323 W/ActivityManager( 1626): java.lang.ClassCastException: android.os.BinderProxy cannot be cast to com.android.server.am.ActivityRecord$Token
12-14 00:25:54.323 W/ActivityManager( 1626): 	at com.android.server.am.ActivityRecord.forTokenLocked(ActivityRecord.java:778)
12-14 00:25:54.323 W/ActivityManager( 1626): 	at com.android.server.am.ActivityRecord.isInStackLocked(ActivityRecord.java:2085)
12-14 00:25:54.323 W/ActivityManager( 1626): 	at com.android.server.am.ActivityRecord.getStackLocked(ActivityRecord.java:2090)
12-14 00:25:54.323 W/ActivityManager( 1626): 	at com.android.server.am.ActivityManagerService.getActivityDisplayId(ActivityManagerService.java:10406)
12-14 00:25:54.323 W/ActivityManager( 1626): 	at android.app.IActivityManager$Stub.onTransact(IActivityManager.java:2738)
12-14 00:25:54.323 W/ActivityManager( 1626): 	at com.android.server.am.ActivityManagerService.onTransact(ActivityManagerService.java:2935)
12-14 00:25:54.323 W/ActivityManager( 1626): 	at android.os.Binder.execTransact(Binder.java:674)
12-14 00:25:54.325 I/calabash( 3987): newActivity1
12-14 00:25:54.344 W/ActivityManager( 1626): Bad activity token: android.os.BinderProxy@4f38996
12-14 00:25:54.344 W/ActivityManager( 1626): java.lang.ClassCastException: android.os.BinderProxy cannot be cast to com.android.server.am.ActivityRecord$Token
12-14 00:25:54.344 W/ActivityManager( 1626): 	at com.android.server.am.ActivityRecord.forTokenLocked(ActivityRecord.java:778)
12-14 00:25:54.344 W/ActivityManager( 1626): 	at com.android.server.am.ActivityRecord.isInStackLocked(ActivityRecord.java:2085)
12-14 00:25:54.344 W/ActivityManager( 1626): 	at com.android.server.am.ActivityManagerService.setTaskDescription(ActivityManagerService.java:9988)
12-14 00:25:54.344 W/ActivityManager( 1626): 	at android.app.IActivityManager$Stub.onTransact(IActivityManager.java:2824)
12-14 00:25:54.344 W/ActivityManager( 1626): 	at com.android.server.am.ActivityManagerService.onTransact(ActivityManagerService.java:2935)
12-14 00:25:54.344 W/ActivityManager( 1626): 	at android.os.Binder.execTransact(Binder.java:674)
12-14 00:25:54.345 W/ActivityManager( 1626): Bad activity token: android.os.BinderProxy@4f38996
12-14 00:25:54.345 W/ActivityManager( 1626): java.lang.ClassCastException: android.os.BinderProxy cannot be cast to com.android.server.am.ActivityRecord$Token
12-14 00:25:54.345 W/ActivityManager( 1626): 	at com.android.server.am.ActivityRecord.forTokenLocked(ActivityRecord.java:778)
12-14 00:25:54.345 W/ActivityManager( 1626): 	at com.android.server.am.ActivityRecord.isInStackLocked(ActivityRecord.java:2085)
12-14 00:25:54.345 W/ActivityManager( 1626): 	at com.android.server.am.ActivityRecord.getStackLocked(ActivityRecord.java:2090)
12-14 00:25:54.345 W/ActivityManager( 1626): 	at com.android.server.am.ActivityManagerService.getActivityStackId(ActivityManagerService.java:10417)
12-14 00:25:54.345 W/ActivityManager( 1626): 	at android.app.IActivityManager$Stub.onTransact(IActivityManager.java:3548)
12-14 00:25:54.345 W/ActivityManager( 1626): 	at com.android.server.am.ActivityManagerService.onTransact(ActivityManagerService.java:2935)
12-14 00:25:54.345 W/ActivityManager( 1626): 	at android.os.Binder.execTransact(Binder.java:674)
12-14 00:25:54.368 E/ContentStoreEUAS( 2160): Failed to commit the deferred actions
12-14 00:25:54.384 D/EGL_emulation( 2120): eglMakeCurrent: 0x9b77cc60: ver 3 0 (tinfo 0x9b77f9d0)
12-14 00:25:54.398 D/EGL_emulation( 2160): eglMakeCurrent: 0x9de048a0: ver 3 0 (tinfo 0x9de03830)
12-14 00:25:54.411 D/EGL_emulation( 1732): eglMakeCurrent: 0x997e3e00: ver 3 0 (tinfo 0x997eab60)
12-14 00:25:54.417 I/chatty  ( 1732): uid=10028(u0_a28) RenderThread identical 1 line
12-14 00:25:54.424 D/EGL_emulation( 1732): eglMakeCurrent: 0x997e3e00: ver 3 0 (tinfo 0x997eab60)
12-14 00:25:54.425 V/StatusBar( 1732): setLightsOn(true)
12-14 00:25:54.428 I/ContentMaintenance( 2210): Internal cache bytes used: 0; limit: 100000000; download size: 0
12-14 00:25:54.441 D/EGL_emulation( 1732): eglMakeCurrent: 0x997e3e00: ver 3 0 (tinfo 0x997eab60)
12-14 00:25:54.445 D/EGL_emulation( 1732): eglMakeCurrent: 0x997e3e00: ver 3 0 (tinfo 0x997eab60)
12-14 00:25:54.450 I/RealtimeCacheCleanup( 2210): Beginning Realtime garbage collection.
12-14 00:25:54.455 I/RealtimeCacheCleanup( 2210): Finished Realtime garbage collection.
12-14 00:25:54.457 D/EGL_emulation( 1732): eglMakeCurrent: 0x997e3e00: ver 3 0 (tinfo 0x997eab60)
12-14 00:25:54.522 W/ActivityManager( 1626): Bad activity token: android.os.BinderProxy@4f38996
12-14 00:25:54.522 W/ActivityManager( 1626): java.lang.ClassCastException: android.os.BinderProxy cannot be cast to com.android.server.am.ActivityRecord$Token
12-14 00:25:54.522 W/ActivityManager( 1626): 	at com.android.server.am.ActivityRecord.forTokenLocked(ActivityRecord.java:778)
12-14 00:25:54.522 W/ActivityManager( 1626): 	at com.android.server.am.ActivityRecord.isInStackLocked(ActivityRecord.java:2085)
12-14 00:25:54.522 W/ActivityManager( 1626): 	at com.android.server.am.ActivityManagerService.getActivityOptions(ActivityManagerService.java:13302)
12-14 00:25:54.522 W/ActivityManager( 1626): 	at android.app.IActivityManager$Stub.onTransact(IActivityManager.java:2910)
12-14 00:25:54.522 W/ActivityManager( 1626): 	at com.android.server.am.ActivityManagerService.onTransact(ActivityManagerService.java:2935)
12-14 00:25:54.522 W/ActivityManager( 1626): 	at android.os.Binder.execTransact(Binder.java:674)
12-14 00:25:54.523 W/ActivityManager( 1626): Bad activity token: android.os.BinderProxy@4f38996
12-14 00:25:54.523 W/ActivityManager( 1626): java.lang.ClassCastException: android.os.BinderProxy cannot be cast to com.android.server.am.ActivityRecord$Token
12-14 00:25:54.523 W/ActivityManager( 1626): 	at com.android.server.am.ActivityRecord.forTokenLocked(ActivityRecord.java:778)
12-14 00:25:54.523 W/ActivityManager( 1626): 	at com.android.server.am.ActivityRecord.isInStackLocked(ActivityRecord.java:2085)
12-14 00:25:54.523 W/ActivityManager( 1626): 	at com.android.server.am.ActivityManagerService.getActivityOptions(ActivityManagerService.java:13302)
12-14 00:25:54.523 W/ActivityManager( 1626): 	at android.app.IActivityManager$Stub.onTransact(IActivityManager.java:2910)
12-14 00:25:54.523 W/ActivityManager( 1626): 	at com.android.server.am.ActivityManagerService.onTransact(ActivityManagerService.java:2935)
12-14 00:25:54.523 W/ActivityManager( 1626): 	at android.os.Binder.execTransact(Binder.java:674)
12-14 00:25:54.611 I/chatty  ( 1732): uid=10028(u0_a28) RenderThread identical 19 lines
12-14 00:25:54.615 D/EGL_emulation( 1732): eglMakeCurrent: 0x997e3e00: ver 3 0 (tinfo 0x997eab60)
12-14 00:25:54.617 V/StatusBar( 1732): setLightsOn(true)
12-14 00:25:54.662 I/zygote  ( 3987): Do partial code cache collection, code=29KB, data=30KB
12-14 00:25:54.662 I/zygote  ( 3987): After code cache collection, code=29KB, data=30KB
12-14 00:25:54.662 I/zygote  ( 3987): Increasing code cache capacity to 128KB
12-14 00:25:54.663 I/zygote  ( 3987): Do partial code cache collection, code=29KB, data=48KB
12-14 00:25:54.666 I/zygote  ( 3987): After code cache collection, code=29KB, data=48KB
12-14 00:25:54.666 I/zygote  ( 3987): Increasing code cache capacity to 256KB
12-14 00:25:54.666 I/zygote  ( 3987): JIT allocated 71KB for compiled code of void android.widget.TextView.<init>(android.content.Context, android.util.AttributeSet, int, int)
12-14 00:25:54.666 I/zygote  ( 3987): Compiler allocated 4MB to compile void android.widget.TextView.<init>(android.content.Context, android.util.AttributeSet, int, int)
12-14 00:25:54.706 V/StatusBar( 1732): setLightsOn(true)
12-14 00:25:54.711 I/chatty  ( 1732): uid=10028(u0_a28) com.android.systemui identical 1 line
12-14 00:25:54.711 V/StatusBar( 1732): setLightsOn(true)
12-14 00:25:54.746 D/gralloc_ranchu( 1395): gralloc_alloc: Creating ashmem region of size 7753728
12-14 00:25:54.771 D/        ( 3987): HostConnection::get() New Host Connection established 0x9b4afd80, tid 3987
12-14 00:25:54.822 V/StatusBar( 1732): setLightsOn(true)
12-14 00:25:54.824 I/chatty  ( 1732): uid=10028(u0_a28) com.android.systemui identical 1 line
12-14 00:25:54.825 V/StatusBar( 1732): setLightsOn(true)
12-14 00:25:54.826 I/ActivityManager( 1626): Displayed com.evancharlton.mileage/.Mileage: +563ms
12-14 00:25:54.828 V/StatusBar( 1732): setLightsOn(true)
12-14 00:25:54.850 V/StatusBar( 1732): setLightsOn(true)
12-14 00:25:54.857 I/zygote  ( 3987): Do full code cache collection, code=125KB, data=69KB
12-14 00:25:54.857 I/zygote  ( 3987): After code cache collection, code=106KB, data=43KB
12-14 00:25:54.863 D/gralloc_ranchu( 1395): gralloc_alloc: Creating ashmem region of size 7753728
12-14 00:25:55.006 V/StatusBar( 1732): setLightsOn(true)
12-14 00:25:55.076 I/System.out( 3987): URI: //map
12-14 00:25:55.076 I/System.out( 3987): params: {json={"query":"android.widget.CheckBox index:0","operation":{"method_name":"query","arguments":[]}}
12-14 00:25:55.076 I/System.out( 3987): }
12-14 00:25:55.128 V/StatusBar( 1732): setLightsOn(true)
12-14 00:25:55.136 V/StatusBar( 1732): setLightsOn(true)
12-14 00:25:55.146 W/SurfaceFlinger( 1416): couldn't log to binary event log: overflow.
12-14 00:25:55.195 D/BoundBrokerSvc( 1945): onUnbind: Intent { act=com.google.android.gms.phenotype.service.START cmp=com.google.android.gms/.chimera.PersistentApiService }
12-14 00:25:55.232 I/PBSessionCacheImpl( 2160): Deleted sessionId[4620284176792] from persistence.
12-14 00:25:55.239 W/SearchService( 2160): Abort, client detached.
12-14 00:25:55.251 I/System.out( 3987): URI: //gesture
12-14 00:25:55.252 I/System.out( 3987): params: {json={"query_timeout":5.0,"gestures":[{"query_string":"android.widget.CheckBox index:0","touches":[{"x":50,"y":50,"offset_x":0,"offset_y":0,"wait":0.0,"time":0.2,"release":true,"query_string":null}]}]}
12-14 00:25:55.252 I/System.out( 3987): }
12-14 00:25:55.271 I/zygote  ( 3987): Do partial code cache collection, code=124KB, data=58KB
12-14 00:25:55.272 I/zygote  ( 3987): After code cache collection, code=124KB, data=58KB
12-14 00:25:55.272 I/zygote  ( 3987): Increasing code cache capacity to 512KB
12-14 00:25:55.510 W/audio_hw_generic( 1386): Not supplying enough data to HAL, expected position 155065 , only wrote 154800
12-14 00:25:55.565 E/BatteryStatsService( 1626): modem info is invalid: ModemActivityInfo{ mTimestamp=0 mSleepTimeMs=0 mIdleTimeMs=0 mTxTimeMs[]=[0, 0, 0, 0, 0] mRxTimeMs=0 mEnergyUsed=0}
12-14 00:25:55.717 E/SurfaceFlinger( 1416): ro.sf.lcd_density must be defined as a build property
12-14 00:25:55.725 D/gralloc_ranchu( 1395): gralloc_alloc: Creating ashmem region of size 8298496
12-14 00:25:55.735 D/        ( 4046): HostConnection::get() New Host Connection established 0xab72f800, tid 4046
12-14 00:25:55.882 D/gralloc_ranchu( 1395): gralloc_alloc: Creating ashmem region of size 7753728
12-14 00:25:56.115 I/System.out( 3987): URI: //map
12-14 00:25:56.115 I/System.out( 3987): params: {json={"query":"android.widget.CheckBox index:0","operation":{"method_name":"query","arguments":[]}}
12-14 00:25:56.115 I/System.out( 3987): }
12-14 00:25:56.185 I/System.out( 3987): URI: //gesture
12-14 00:25:56.185 I/System.out( 3987): params: {json={"query_timeout":5.0,"gestures":[{"query_string":"android.widget.CheckBox index:0","touches":[{"x":50,"y":50,"offset_x":0,"offset_y":0,"wait":0.0,"time":0.2,"release":true,"query_string":null}]}]}
12-14 00:25:56.185 I/System.out( 3987): }
12-14 00:25:56.261 D/BoundBrokerSvc( 2210): onUnbind: Intent { act=com.google.android.gms.pay.service.BIND cmp=com.google.android.gms/.chimera.GmsApiService }
12-14 00:25:56.490 D/BoundBrokerSvc( 1945): onUnbind: Intent { act=com.google.android.gms.tapandpay.service.BIND cmp=com.google.android.gms/.chimera.PersistentApiService }
12-14 00:25:56.655 E/SurfaceFlinger( 1416): ro.sf.lcd_density must be defined as a build property
12-14 00:25:56.662 D/gralloc_ranchu( 1395): gralloc_alloc: Creating ashmem region of size 8298496
12-14 00:25:56.669 D/        ( 4054): HostConnection::get() New Host Connection established 0xab1af800, tid 4054
