--------- beginning of main
12-14 00:26:02.283 D/gralloc_ranchu( 1395): gralloc_alloc: Creating ashmem region of size 8298496
12-14 00:26:02.304 D/BoundBrokerSvc( 1945): onUnbind: Intent { act=com.google.android.gms.clearcut.service.START cmp=com.google.android.gms/.chimera.PersistentDirectBootAwareApiService }
12-14 00:26:02.307 D/gralloc_ranchu( 1395): gralloc_alloc: Creating ashmem region of size 8298496
12-14 00:26:02.313 D/BoundBrokerSvc( 2210): onUnbind: Intent { act=com.google.android.mdd.service.START cmp=com.google.android.gms/.chimera.GmsBoundBrokerService }
12-14 00:26:02.320 D/SurfaceFlinger( 1416): duplicate layer name: changing com.google.android.apps.nexuslauncher/com.google.android.apps.nexuslauncher.NexusLauncherActivity to com.google.android.apps.nexuslauncher/com.google.android.apps.nexuslauncher.NexusLauncherActivity#1
12-14 00:26:02.333 D/gralloc_ranchu( 1395): gralloc_alloc: Creating ashmem region of size 8298496
12-14 00:26:02.352 D/EGL_emulation( 1732): eglMakeCurrent: 0x997e3e00: ver 3 0 (tinfo 0x997eab60)
12-14 00:26:02.352 D/EGL_emulation( 2160): eglMakeCurrent: 0x9de048a0: ver 3 0 (tinfo 0x9de03830)
12-14 00:26:02.364 D/gralloc_ranchu( 1395): gralloc_alloc: Creating ashmem region of size 8298496
12-14 00:26:02.407 W/SessionLifecycleManager( 2160): Handover failed. Creating new session controller.
12-14 00:26:02.426 D/gralloc_ranchu( 1395): gralloc_alloc: Creating ashmem region of size 8298496
12-14 00:26:02.448 I/MicroDetectionWorker( 2160): #updateMicroDetector [detectionMode: [mDetectionMode: [1]]]
12-14 00:26:02.449 I/MicroDetectionWorker( 2160): #startMicroDetector [speakerMode: 0]
12-14 00:26:02.453 I/AudioController( 2160): Using mInputStreamFactoryBuilder
12-14 00:26:02.476 I/MicroDetectionWorker( 2160): onReady
12-14 00:26:02.482 I/MicroRecognitionRunner( 2160): Starting detection.
12-14 00:26:02.483 I/MicrophoneInputStream( 2160): mic_starting com.google.android.apps.gsa.staticplugins.aa.c@a63745a
12-14 00:26:02.493 I/AudioFlinger( 1475): AudioFlinger's thread 0xa6083e40 tid=4208 ready to run
12-14 00:26:02.505 I/MicrophoneInputStream( 2160): mic_started com.google.android.apps.gsa.staticplugins.aa.c@a63745a
--------- beginning of system
12-14 00:26:02.507 E/ActivityThread( 2160): Failed to find provider info for com.google.android.apps.gsa.testing.ui.audio.recorded
12-14 00:26:02.513 I/MicroDetectionWorker( 2160): onReady
12-14 00:26:02.515 D/EGL_emulation( 2120): eglMakeCurrent: 0x9b77cc60: ver 3 0 (tinfo 0x9b77f9d0)
12-14 00:26:02.516 W/SpeechLevelGenerator( 2160): Really low audio levels detected. The audio input may have issues.
12-14 00:26:02.535 D/gralloc_ranchu( 1395): gralloc_alloc: Creating ashmem region of size 7753728
12-14 00:26:02.536 I/MicrophoneInputStream( 2160): mic_close com.google.android.apps.gsa.staticplugins.aa.c@a63745a
12-14 00:26:02.537 I/MicroRecognitionRunner( 2160): Detection finished
12-14 00:26:02.537 W/ErrorReporter( 2160): reportError [type: 211, code: 524300]: Error reading from input stream
12-14 00:26:02.538 I/MicroRecognitionRunner( 2160): Stopping hotword detection.
12-14 00:26:02.538 W/ErrorProcessor( 2160): onFatalError, processing error from engine(4)
12-14 00:26:02.538 W/ErrorProcessor( 2160): com.google.android.apps.gsa.shared.speech.b.g: Error reading from input stream
12-14 00:26:02.538 W/ErrorProcessor( 2160): 	at com.google.android.apps.gsa.staticplugins.recognizer.j.a.a(SourceFile:28)
12-14 00:26:02.538 W/ErrorProcessor( 2160): 	at com.google.android.apps.gsa.staticplugins.recognizer.j.b.run(SourceFile:15)
12-14 00:26:02.538 W/ErrorProcessor( 2160): 	at java.util.concurrent.Executors$RunnableAdapter.call(Executors.java:457)
12-14 00:26:02.538 W/ErrorProcessor( 2160): 	at java.util.concurrent.FutureTask.run(FutureTask.java:266)
12-14 00:26:02.538 W/ErrorProcessor( 2160): 	at com.google.android.apps.gsa.shared.util.concurrent.a.ax.run(SourceFile:14)
12-14 00:26:02.538 W/ErrorProcessor( 2160): 	at com.google.android.apps.gsa.shared.util.concurrent.a.bl.run(SourceFile:4)
12-14 00:26:02.538 W/ErrorProcessor( 2160): 	at com.google.android.apps.gsa.shared.util.concurrent.a.bl.run(SourceFile:4)
12-14 00:26:02.538 W/ErrorProcessor( 2160): 	at java.util.concurrent.ThreadPoolExecutor.runWorker(ThreadPoolExecutor.java:1162)
12-14 00:26:02.538 W/ErrorProcessor( 2160): 	at java.util.concurrent.ThreadPoolExecutor$Worker.run(ThreadPoolExecutor.java:636)
12-14 00:26:02.538 W/ErrorProcessor( 2160): 	at java.lang.Thread.run(Thread.java:764)
12-14 00:26:02.538 W/ErrorProcessor( 2160): 	at com.google.android.apps.gsa.shared.util.concurrent.a.ai.run(SourceFile:6)
12-14 00:26:02.538 W/ErrorProcessor( 2160): Caused by: com.google.android.apps.gsa.shared.exception.GsaIOException: Error code: 393238 | Buffer overflow, no available space.
12-14 00:26:02.538 W/ErrorProcessor( 2160): 	at com.google.android.apps.gsa.speech.audio.Tee.f(SourceFile:103)
12-14 00:26:02.538 W/ErrorProcessor( 2160): 	at com.google.android.apps.gsa.speech.audio.au.read(SourceFile:2)
12-14 00:26:02.538 W/ErrorProcessor( 2160): 	at java.io.InputStream.read(InputStream.java:101)
12-14 00:26:02.538 W/ErrorProcessor( 2160): 	at com.google.android.apps.gsa.speech.audio.ao.run(SourceFile:18)
12-14 00:26:02.538 W/ErrorProcessor( 2160): 	at com.google.android.apps.gsa.speech.audio.an.run(SourceFile:2)
12-14 00:26:02.538 W/ErrorProcessor( 2160): 	... 9 more
12-14 00:26:02.538 I/AudioController( 2160): internalShutdown
12-14 00:26:02.540 I/MicroDetector( 2160): Keeping mic open: false
12-14 00:26:02.540 I/MicroDetectionWorker( 2160): #onError(false)
12-14 00:26:02.541 I/DeviceStateChecker( 2160): DeviceStateChecker cancelled
12-14 00:26:02.562 D/EGL_emulation( 1732): eglMakeCurrent: 0x997e3e00: ver 3 0 (tinfo 0x997eab60)
12-14 00:26:02.770 I/chatty  ( 1732): uid=10028(u0_a28) RenderThread identical 23 lines
12-14 00:26:02.789 D/EGL_emulation( 1732): eglMakeCurrent: 0x997e3e00: ver 3 0 (tinfo 0x997eab60)
12-14 00:26:02.942 D/AndroidRuntime( 4209): >>>>>> START com.android.internal.os.RuntimeInit uid 2000 <<<<<<
12-14 00:26:02.981 W/OpenGLRenderer( 2120): Incorrectly called buildLayer on View: ShortcutAndWidgetContainer, destroying layer...
12-14 00:26:02.996 I/OpenGLRenderer( 1626): Initialized EGL, version 1.4
12-14 00:26:02.996 D/OpenGLRenderer( 1626): Swap behavior 1
12-14 00:26:02.996 W/OpenGLRenderer( 1626): Failed to choose config with EGL_SWAP_BEHAVIOR_PRESERVED, retrying without...
12-14 00:26:02.996 D/OpenGLRenderer( 1626): Swap behavior 0
12-14 00:26:03.005 D/EGL_emulation( 1626): eglCreateContext: 0x87bac4a0: maj 3 min 0 rcv 3
12-14 00:26:03.008 D/EGL_emulation( 1626): eglMakeCurrent: 0x87bac4a0: ver 3 0 (tinfo 0x87be1f00)
12-14 00:26:03.010 E/eglCodecCommon( 1626): glUtilsParamSize: unknow param 0x00008cdf
12-14 00:26:03.011 E/eglCodecCommon( 1626): glUtilsParamSize: unknow param 0x00008cdf
12-14 00:26:03.011 E/eglCodecCommon( 1626): glUtilsParamSize: unknow param 0x00008824
12-14 00:26:03.011 E/eglCodecCommon( 1626): glUtilsParamSize: unknow param 0x00008824
12-14 00:26:03.041 W/app_process( 4209): Unexpected CPU variant for X86 using defaults: x86
12-14 00:26:03.059 D/AndroidRuntime( 4209): Calling main entry com.android.commands.am.Am
12-14 00:26:03.060 I/ActivityManager( 1626): Force stopping com.evancharlton.mileage appid=10224 user=0: start instr
12-14 00:26:03.060 I/ActivityManager( 1626): Killing 4156:com.evancharlton.mileage/u0a224 (adj 0): stop com.evancharlton.mileage
12-14 00:26:03.063 W/ActivityManager( 1626): Crash of app com.evancharlton.mileage running instrumentation ComponentInfo{com.evancharlton.mileage.test/sh.calaba.instrumentationbackend.CalabashInstrumentationTestRunner}
12-14 00:26:03.064 I/ActivityManager( 1626): Force stopping com.evancharlton.mileage appid=10224 user=0: finished inst
12-14 00:26:03.074 I/zygote  ( 4219): Not late-enabling -Xcheck:jni (already on)
12-14 00:26:03.078 I/ActivityManager( 1626): Start proc 4219:com.evancharlton.mileage/u0a224 for added application com.evancharlton.mileage
12-14 00:26:03.078 D/AndroidRuntime( 4209): Shutting down VM
12-14 00:26:03.079 W/ActivityManager( 1626): setHasOverlayUi called on unknown pid: 4156
12-14 00:26:03.079 E/memtrack( 1626): Couldn't load memtrack module
12-14 00:26:03.079 W/android.os.Debug( 1626): failed to get memory consumption info: -1
12-14 00:26:03.094 W/zygote  ( 4219): Unexpected CPU variant for X86 using defaults: x86
12-14 00:26:03.103 E/adbd    ( 1372): failed to connect to socket 'tcp:7102': Connection refused
12-14 00:26:03.111 E/adbd    ( 1372): failed to connect to socket 'tcp:7102': Connection refused
12-14 00:26:03.121 W/zygote  ( 4219): Found duplicate classes, falling back to extracting from APK : /data/app/com.evancharlton.mileage.test-gqNOLDnnWBnVqgWMZcXzFQ==/base.apk
12-14 00:26:03.121 W/zygote  ( 4219): NOTE: This wastes RAM and hurts startup performance.
12-14 00:26:03.121 W/zygote  ( 4219): Found duplicated class when checking oat files: 'Ljunit/runner/BaseTestRunner;' in /data/app/com.evancharlton.mileage.test-gqNOLDnnWBnVqgWMZcXzFQ==/base.apk and /system/framework/android.test.runner.jar
12-14 00:26:03.121 W/zygote  ( 4219): 
12-14 00:26:03.156 W/System  ( 4219): ClassLoader referenced unknown path: 
12-14 00:26:03.177 I/System.out( 4219): Main activity name automatically set to: com.evancharlton.mileage.Mileage
12-14 00:26:03.178 I/System.out( 4219): Calabash did not load Mono. This is only a problem if you are trying to test a Mono application
12-14 00:26:03.178 I/calabash( 4219): Test server port: 7102
12-14 00:26:03.191 I/InstrumentationBackend( 4219): Added:'GetPreferences', with key:'get_preferences'
12-14 00:26:03.229 E/adbd    ( 1372): failed to connect to socket 'tcp:7102': Connection refused
12-14 00:26:03.239 E/adbd    ( 1372): failed to connect to socket 'tcp:7102': Connection refused
12-14 00:26:03.278 I/InstrumentationBackend( 4219): Added:'SetPreferences', with key:'set_preferences'
12-14 00:26:03.278 I/InstrumentationBackend( 4219): Added:'ClearPreferences', with key:'clear_preferences'
12-14 00:26:03.279 I/InstrumentationBackend( 4219): Added:'PressElement', with key:'press_l10n_element'
12-14 00:26:03.279 I/InstrumentationBackend( 4219): Added:'WaitForElement', with key:'wait_for_l10n_element'
12-14 00:26:03.280 I/InstrumentationBackend( 4219): Added:'NullAction', with key:'nullAction'
12-14 00:26:03.280 I/InstrumentationBackend( 4219): Added:'PressKey', with key:'press_key'
12-14 00:26:03.280 I/InstrumentationBackend( 4219): Added:'SetActivityOrientation', with key:'set_activity_orientation'
12-14 00:26:03.281 I/InstrumentationBackend( 4219): Added:'GetActivityOrientation', with key:'get_activity_orientation'
12-14 00:26:03.282 I/InstrumentationBackend( 4219): Added:'FakeGPSLocation', with key:'set_gps_coordinates'
12-14 00:26:03.282 I/InstrumentationBackend( 4219): Added:'SetPropertyByCssSelector', with key:'set_property_by_css_selector'
12-14 00:26:03.283 I/InstrumentationBackend( 4219): Added:'GetUrl', with key:'get_url'
12-14 00:26:03.288 I/InstrumentationBackend( 4219): Added:'ScrollTo', with key:'scroll_to'
12-14 00:26:03.288 I/InstrumentationBackend( 4219): Added:'GetLoadProgress', with key:'get_load_progress'
12-14 00:26:03.289 I/InstrumentationBackend( 4219): Added:'DumpHtml', with key:'dump_html'
12-14 00:26:03.289 I/InstrumentationBackend( 4219): Added:'DumpBodyHtml', with key:'dump_body_html'
12-14 00:26:03.290 I/InstrumentationBackend( 4219): Added:'EnterTextByCssSelector', with key:'enter_text_by_selector'
12-14 00:26:03.295 I/InstrumentationBackend( 4219): Added:'AndroidSDKVersion', with key:'android_sdk_version'
12-14 00:26:03.295 I/InstrumentationBackend( 4219): Added:'Version', with key:'version'
12-14 00:26:03.295 I/InstrumentationBackend( 4219): Added:'Drag', with key:'drag'
12-14 00:26:03.296 I/InstrumentationBackend( 4219): Added:'TouchCoordinates', with key:'touch_coordinate'
12-14 00:26:03.296 I/InstrumentationBackend( 4219): Added:'LongPressCoordinate', with key:'long_press_coordinate'
12-14 00:26:03.296 I/InstrumentationBackend( 4219): Added:'DragCoordinates', with key:'drag_coordinates'
12-14 00:26:03.296 I/InstrumentationBackend( 4219): Added:'ResumeApplication', with key:'resume_application'
12-14 00:26:03.297 I/InstrumentationBackend( 4219): Added:'Swipe', with key:'swipe'
12-14 00:26:03.297 I/InstrumentationBackend( 4219): Added:'DoubleTapCoordinate', with key:'double_tap_coordinate'
12-14 00:26:03.297 I/InstrumentationBackend( 4219): Added:'ClickOnScreen', with key:'click_on_screen'
12-14 00:26:03.298 I/InstrumentationBackend( 4219): Added:'GetActivityName', with key:'get_activity_name'
12-14 00:26:03.298 I/InstrumentationBackend( 4219): Added:'ScrollToView', with key:'scroll_to_view'
12-14 00:26:03.298 I/InstrumentationBackend( 4219): Added:'ViewConfiguration', with key:'view_configuration'
12-14 00:26:03.299 I/InstrumentationBackend( 4219): Added:'IsCurrentActivityFocused', with key:'is_current_activity_focused'
12-14 00:26:03.299 I/InstrumentationBackend( 4219): Added:'SendTcp', with key:'send_tcp'
12-14 00:26:03.299 I/InstrumentationBackend( 4219): Added:'DpToDevicePixel', with key:'dp_to_device_pixel'
12-14 00:26:03.300 I/InstrumentationBackend( 4219): Added:'KeyboardEnterText', with key:'keyboard_enter_text'
12-14 00:26:03.300 I/InstrumentationBackend( 4219): Added:'DeleteSurroundingText', with key:'delete_surrounding_text'
12-14 00:26:03.302 I/InstrumentationBackend( 4219): Added:'SetComposingRegion', with key:'set_composing_region'
12-14 00:26:03.303 I/InstrumentationBackend( 4219): Added:'SetSelection', with key:'set_selection'
12-14 00:26:03.303 I/InstrumentationBackend( 4219): Added:'KeyboardKeyEvent', with key:'keyboard_key_event'
12-14 00:26:03.304 I/InstrumentationBackend( 4219): Added:'PressUserActionButton', with key:'press_user_action_button'
12-14 00:26:03.306 I/InstrumentationBackend( 4219): Added:'HideSoftKeyboard', with key:'hide_soft_keyboard'
12-14 00:26:03.307 I/InstrumentationBackend( 4219): Added:'ListActions', with key:'list_actions'
12-14 00:26:03.307 I/calabash( 4219): Instantiating http server at 7102
12-14 00:26:03.307 I/System.out( 4219): HTTP Daemon listening on: 7102
12-14 00:26:03.348 E/TaskPersister( 1626): File error accessing recents directory (directory doesn't exist?).
12-14 00:26:03.364 I/System.out( 4219): URI: //ping
12-14 00:26:03.365 I/System.out( 4219): params: {json={}
12-14 00:26:03.365 I/System.out( 4219): }
12-14 00:26:03.380 I/System.out( 4219): URI: //ping
12-14 00:26:03.381 I/System.out( 4219): params: {json={}
12-14 00:26:03.381 I/System.out( 4219): }
12-14 00:26:03.391 I/System.out( 4219): URI: //ready
12-14 00:26:03.391 I/System.out( 4219): params: {json={}
12-14 00:26:03.391 I/System.out( 4219): }
12-14 00:26:03.398 I/System.out( 4219): URI: //
12-14 00:26:03.398 I/System.out( 4219): params: {json={"command":"version","arguments":[]}
12-14 00:26:03.398 I/System.out( 4219): }
12-14 00:26:03.398 I/System.out( 4219): header: {content-type=application/json;charset=utf-8, date=Mon, 14 Dec 2020 05:26:03 GMT, accept=*/*, host=127.0.0.1:34777, content-length=36, user-agent=HTTPClient/1.0 (2.8.3, ruby 2.5.8 (2020-03-31))}
12-14 00:26:03.398 I/System.out( 4219): params: {json={"command":"version","arguments":[]}
12-14 00:26:03.398 I/System.out( 4219): }
12-14 00:26:03.398 I/System.out( 4219): ProP json = {"command":"version","arguments":[]}
12-14 00:26:03.398 I/System.out( 4219): files: {}
12-14 00:26:03.398 I/System.out( 4219): command: {"command":"version","arguments":[]}
12-14 00:26:03.425 I/InstrumentationBackend( 4219): Got command:'Command:'Line:null,version', arguments:'[]'
12-14 00:26:03.463 I/System.out( 4219): result:{"bonusInformation":[],"message":"0.9.8","success":true}
12-14 00:26:03.470 I/System.out( 4219): URI: //start-application
12-14 00:26:03.470 I/System.out( 4219): params: {json={"intent":null}
12-14 00:26:03.470 I/System.out( 4219): }
12-14 00:26:03.508 I/ActivityManager( 1626): START u0 {act=android.intent.action.MAIN cat=[android.intent.category.LAUNCHER] flg=0x10200000 cmp=com.evancharlton.mileage/.Mileage} from uid 10224
12-14 00:26:03.527 E/memtrack( 1626): Couldn't load memtrack module
12-14 00:26:03.527 W/android.os.Debug( 1626): failed to get memory consumption info: -1
12-14 00:26:03.530 I/calabash( 4219): newActivity1
12-14 00:26:03.546 D/gralloc_ranchu( 1395): gralloc_alloc: Creating ashmem region of size 7753728
12-14 00:26:03.554 W/ActivityManager( 1626): Bad activity token: android.os.BinderProxy@f7fca9d
12-14 00:26:03.554 W/ActivityManager( 1626): java.lang.ClassCastException: android.os.BinderProxy cannot be cast to com.android.server.am.ActivityRecord$Token
12-14 00:26:03.554 W/ActivityManager( 1626): 	at com.android.server.am.ActivityRecord.forTokenLocked(ActivityRecord.java:778)
12-14 00:26:03.554 W/ActivityManager( 1626): 	at com.android.server.am.ActivityRecord.isInStackLocked(ActivityRecord.java:2085)
12-14 00:26:03.554 W/ActivityManager( 1626): 	at com.android.server.am.ActivityRecord.getStackLocked(ActivityRecord.java:2090)
12-14 00:26:03.554 W/ActivityManager( 1626): 	at com.android.server.am.ActivityManagerService.getActivityDisplayId(ActivityManagerService.java:10406)
12-14 00:26:03.554 W/ActivityManager( 1626): 	at android.app.IActivityManager$Stub.onTransact(IActivityManager.java:2738)
12-14 00:26:03.554 W/ActivityManager( 1626): 	at com.android.server.am.ActivityManagerService.onTransact(ActivityManagerService.java:2935)
12-14 00:26:03.554 W/ActivityManager( 1626): 	at android.os.Binder.execTransact(Binder.java:674)
12-14 00:26:03.560 I/calabash( 4219): newActivity1
12-14 00:26:03.564 W/ActivityManager( 1626): Bad activity token: android.os.BinderProxy@f7fca9d
12-14 00:26:03.564 W/ActivityManager( 1626): java.lang.ClassCastException: android.os.BinderProxy cannot be cast to com.android.server.am.ActivityRecord$Token
12-14 00:26:03.564 W/ActivityManager( 1626): 	at com.android.server.am.ActivityRecord.forTokenLocked(ActivityRecord.java:778)
12-14 00:26:03.564 W/ActivityManager( 1626): 	at com.android.server.am.ActivityRecord.isInStackLocked(ActivityRecord.java:2085)
12-14 00:26:03.564 W/ActivityManager( 1626): 	at com.android.server.am.ActivityManagerService.setTaskDescription(ActivityManagerService.java:9988)
12-14 00:26:03.564 W/ActivityManager( 1626): 	at android.app.IActivityManager$Stub.onTransact(IActivityManager.java:2824)
12-14 00:26:03.564 W/ActivityManager( 1626): 	at com.android.server.am.ActivityManagerService.onTransact(ActivityManagerService.java:2935)
12-14 00:26:03.564 W/ActivityManager( 1626): 	at android.os.Binder.execTransact(Binder.java:674)
12-14 00:26:03.565 W/ActivityManager( 1626): Bad activity token: android.os.BinderProxy@f7fca9d
12-14 00:26:03.565 W/ActivityManager( 1626): java.lang.ClassCastException: android.os.BinderProxy cannot be cast to com.android.server.am.ActivityRecord$Token
12-14 00:26:03.565 W/ActivityManager( 1626): 	at com.android.server.am.ActivityRecord.forTokenLocked(ActivityRecord.java:778)
12-14 00:26:03.565 W/ActivityManager( 1626): 	at com.android.server.am.ActivityRecord.isInStackLocked(ActivityRecord.java:2085)
12-14 00:26:03.565 W/ActivityManager( 1626): 	at com.android.server.am.ActivityRecord.getStackLocked(ActivityRecord.java:2090)
12-14 00:26:03.565 W/ActivityManager( 1626): 	at com.android.server.am.ActivityManagerService.getActivityStackId(ActivityManagerService.java:10417)
12-14 00:26:03.565 W/ActivityManager( 1626): 	at android.app.IActivityManager$Stub.onTransact(IActivityManager.java:3548)
12-14 00:26:03.565 W/ActivityManager( 1626): 	at com.android.server.am.ActivityManagerService.onTransact(ActivityManagerService.java:2935)
12-14 00:26:03.565 W/ActivityManager( 1626): 	at android.os.Binder.execTransact(Binder.java:674)
12-14 00:26:03.596 D/EGL_emulation( 2160): eglMakeCurrent: 0x9de048a0: ver 3 0 (tinfo 0x9de03830)
12-14 00:26:03.599 D/EGL_emulation( 2120): eglMakeCurrent: 0x9b77cc60: ver 3 0 (tinfo 0x9b77f9d0)
12-14 00:26:03.624 D/EGL_emulation( 1732): eglMakeCurrent: 0x997e3e00: ver 3 0 (tinfo 0x997eab60)
12-14 00:26:03.640 I/chatty  ( 1732): uid=10028(u0_a28) RenderThread identical 1 line
12-14 00:26:03.646 D/EGL_emulation( 1732): eglMakeCurrent: 0x997e3e00: ver 3 0 (tinfo 0x997eab60)
12-14 00:26:03.649 V/StatusBar( 1732): setLightsOn(true)
12-14 00:26:03.653 E/ContentStoreEUAS( 2160): Failed to commit the deferred actions
12-14 00:26:03.670 D/EGL_emulation( 1732): eglMakeCurrent: 0x997e3e00: ver 3 0 (tinfo 0x997eab60)
12-14 00:26:03.692 W/ActivityManager( 1626): Bad activity token: android.os.BinderProxy@f7fca9d
12-14 00:26:03.692 W/ActivityManager( 1626): java.lang.ClassCastException: android.os.BinderProxy cannot be cast to com.android.server.am.ActivityRecord$Token
12-14 00:26:03.692 W/ActivityManager( 1626): 	at com.android.server.am.ActivityRecord.forTokenLocked(ActivityRecord.java:778)
12-14 00:26:03.692 W/ActivityManager( 1626): 	at com.android.server.am.ActivityRecord.isInStackLocked(ActivityRecord.java:2085)
12-14 00:26:03.692 W/ActivityManager( 1626): 	at com.android.server.am.ActivityManagerService.getActivityOptions(ActivityManagerService.java:13302)
12-14 00:26:03.692 W/ActivityManager( 1626): 	at android.app.IActivityManager$Stub.onTransact(IActivityManager.java:2910)
12-14 00:26:03.692 W/ActivityManager( 1626): 	at com.android.server.am.ActivityManagerService.onTransact(ActivityManagerService.java:2935)
12-14 00:26:03.692 W/ActivityManager( 1626): 	at android.os.Binder.execTransact(Binder.java:674)
12-14 00:26:03.693 W/ActivityManager( 1626): Bad activity token: android.os.BinderProxy@f7fca9d
12-14 00:26:03.693 W/ActivityManager( 1626): java.lang.ClassCastException: android.os.BinderProxy cannot be cast to com.android.server.am.ActivityRecord$Token
12-14 00:26:03.693 W/ActivityManager( 1626): 	at com.android.server.am.ActivityRecord.forTokenLocked(ActivityRecord.java:778)
12-14 00:26:03.693 W/ActivityManager( 1626): 	at com.android.server.am.ActivityRecord.isInStackLocked(ActivityRecord.java:2085)
12-14 00:26:03.693 W/ActivityManager( 1626): 	at com.android.server.am.ActivityManagerService.getActivityOptions(ActivityManagerService.java:13302)
12-14 00:26:03.693 W/ActivityManager( 1626): 	at android.app.IActivityManager$Stub.onTransact(IActivityManager.java:2910)
12-14 00:26:03.693 W/ActivityManager( 1626): 	at com.android.server.am.ActivityManagerService.onTransact(ActivityManagerService.java:2935)
12-14 00:26:03.693 W/ActivityManager( 1626): 	at android.os.Binder.execTransact(Binder.java:674)
12-14 00:26:03.825 I/chatty  ( 1732): uid=10028(u0_a28) RenderThread identical 20 lines
12-14 00:26:03.837 D/EGL_emulation( 1732): eglMakeCurrent: 0x997e3e00: ver 3 0 (tinfo 0x997eab60)
12-14 00:26:03.838 V/StatusBar( 1732): setLightsOn(true)
12-14 00:26:03.841 D/EGL_emulation( 1732): eglMakeCurrent: 0x997e3e00: ver 3 0 (tinfo 0x997eab60)
12-14 00:26:03.857 I/zygote  ( 4219): Do partial code cache collection, code=25KB, data=28KB
12-14 00:26:03.857 I/zygote  ( 4219): After code cache collection, code=25KB, data=28KB
12-14 00:26:03.857 I/zygote  ( 4219): Increasing code cache capacity to 128KB
12-14 00:26:03.858 I/zygote  ( 4219): Do partial code cache collection, code=25KB, data=45KB
12-14 00:26:03.859 I/zygote  ( 4219): After code cache collection, code=25KB, data=45KB
12-14 00:26:03.859 I/zygote  ( 4219): Increasing code cache capacity to 256KB
12-14 00:26:03.860 I/zygote  ( 4219): JIT allocated 71KB for compiled code of void android.widget.TextView.<init>(android.content.Context, android.util.AttributeSet, int, int)
12-14 00:26:03.860 I/zygote  ( 4219): Compiler allocated 4MB to compile void android.widget.TextView.<init>(android.content.Context, android.util.AttributeSet, int, int)
12-14 00:26:03.903 V/StatusBar( 1732): setLightsOn(true)
12-14 00:26:03.905 V/StatusBar( 1732): setLightsOn(true)
12-14 00:26:03.941 D/gralloc_ranchu( 1395): gralloc_alloc: Creating ashmem region of size 7753728
12-14 00:26:03.962 D/        ( 4219): HostConnection::get() New Host Connection established 0x9b4afd40, tid 4219
12-14 00:26:04.017 V/StatusBar( 1732): setLightsOn(true)
12-14 00:26:04.023 V/StatusBar( 1732): setLightsOn(true)
12-14 00:26:04.025 I/ActivityManager( 1626): Displayed com.evancharlton.mileage/.Mileage: +500ms
12-14 00:26:04.027 V/StatusBar( 1732): setLightsOn(true)
12-14 00:26:04.046 V/StatusBar( 1732): setLightsOn(true)
12-14 00:26:04.060 D/gralloc_ranchu( 1395): gralloc_alloc: Creating ashmem region of size 7753728
12-14 00:26:04.190 E/memtrack( 1626): Couldn't load memtrack module
12-14 00:26:04.190 W/android.os.Debug( 1626): failed to get memory consumption info: -1
12-14 00:26:04.221 V/StatusBar( 1732): setLightsOn(true)
12-14 00:26:04.353 I/chatty  ( 1732): uid=10028(u0_a28) com.android.systemui identical 2 lines
12-14 00:26:04.356 V/StatusBar( 1732): setLightsOn(true)
12-14 00:26:04.360 W/SurfaceFlinger( 1416): couldn't log to binary event log: overflow.
