--------- beginning of main
12-14 00:25:57.176 E/adbd    ( 1372): failed to connect to socket 'tcp:7102': Connection refused
12-14 00:25:57.235 V/StatusBar( 1732): setLightsOn(true)
12-14 00:25:57.249 V/StatusBar( 1732): setLightsOn(true)
12-14 00:25:57.268 D/gralloc_ranchu( 1395): gralloc_alloc: Creating ashmem region of size 8298496
12-14 00:25:57.269 V/StatusBar( 1732): setLightsOn(true)
12-14 00:25:57.269 V/StatusBar( 1732): setLightsOn(true)
--------- beginning of system
12-14 00:25:57.270 W/ActivityManager( 1626): Finishing task with all activities already finished
12-14 00:25:57.271 W/ActivityManager( 1626): Duplicate finish request for ActivityRecord{f037f72 u0 com.evancharlton.mileage/.Mileage t415 f}
12-14 00:25:57.279 D/gralloc_ranchu( 1395): gralloc_alloc: Creating ashmem region of size 8298496
12-14 00:25:57.281 W/ActivityManager( 1626): Finishing task with all activities already finished
12-14 00:25:57.281 W/ActivityManager( 1626): Duplicate finish request for ActivityRecord{f037f72 u0 com.evancharlton.mileage/.Mileage t415 f}
12-14 00:25:57.283 W/ActivityManager( 1626): Finishing task with all activities already finished
12-14 00:25:57.284 W/ActivityManager( 1626): Duplicate finish request for ActivityRecord{f037f72 u0 com.evancharlton.mileage/.Mileage t415 f}
12-14 00:25:57.310 D/gralloc_ranchu( 1395): gralloc_alloc: Creating ashmem region of size 8298496
12-14 00:25:57.310 D/SurfaceFlinger( 1416): duplicate layer name: changing com.google.android.apps.nexuslauncher/com.google.android.apps.nexuslauncher.NexusLauncherActivity to com.google.android.apps.nexuslauncher/com.google.android.apps.nexuslauncher.NexusLauncherActivity#1
12-14 00:25:57.320 D/gralloc_ranchu( 1395): gralloc_alloc: Creating ashmem region of size 8298496
12-14 00:25:57.352 D/EGL_emulation( 1732): eglMakeCurrent: 0x997e3e00: ver 3 0 (tinfo 0x997eab60)
12-14 00:25:57.355 D/gralloc_ranchu( 1395): gralloc_alloc: Creating ashmem region of size 8298496
12-14 00:25:57.392 D/gralloc_ranchu( 1395): gralloc_alloc: Creating ashmem region of size 8298496
12-14 00:25:57.413 D/EGL_emulation( 2160): eglMakeCurrent: 0x9de048a0: ver 3 0 (tinfo 0x9de03830)
12-14 00:25:57.499 W/SessionLifecycleManager( 2160): Handover failed. Creating new session controller.
12-14 00:25:57.541 D/EGL_emulation( 2120): eglMakeCurrent: 0x9b77cc60: ver 3 0 (tinfo 0x9b77f9d0)
12-14 00:25:57.589 I/MicroDetectionWorker( 2160): #updateMicroDetector [detectionMode: [mDetectionMode: [1]]]
12-14 00:25:57.593 I/MicroDetectionWorker( 2160): #startMicroDetector [speakerMode: 0]
12-14 00:25:57.593 I/AudioController( 2160): Using mInputStreamFactoryBuilder
12-14 00:25:57.602 I/MicroRecognitionRunner( 2160): Starting detection.
12-14 00:25:57.607 I/MicrophoneInputStream( 2160): mic_starting com.google.android.apps.gsa.staticplugins.aa.c@bc3836f
12-14 00:25:57.610 D/gralloc_ranchu( 1395): gralloc_alloc: Creating ashmem region of size 7753728
12-14 00:25:57.616 I/MicrophoneInputStream( 2160): mic_started com.google.android.apps.gsa.staticplugins.aa.c@bc3836f
12-14 00:25:57.620 E/ActivityThread( 2160): Failed to find provider info for com.google.android.apps.gsa.testing.ui.audio.recorded
12-14 00:25:57.630 I/AudioFlinger( 1475): AudioFlinger's thread 0xa63834c0 tid=4075 ready to run
12-14 00:25:57.637 I/MicrophoneInputStream( 2160): mic_close com.google.android.apps.gsa.staticplugins.aa.c@bc3836f
12-14 00:25:57.647 I/MicroRecognitionRunner( 2160): Detection finished
12-14 00:25:57.648 W/ErrorReporter( 2160): reportError [type: 211, code: 524300]: Error reading from input stream
12-14 00:25:57.648 W/ErrorProcessor( 2160): onFatalError, processing error from engine(4)
12-14 00:25:57.648 W/ErrorProcessor( 2160): com.google.android.apps.gsa.shared.speech.b.g: Error reading from input stream
12-14 00:25:57.648 W/ErrorProcessor( 2160): 	at com.google.android.apps.gsa.staticplugins.recognizer.j.a.a(SourceFile:28)
12-14 00:25:57.648 W/ErrorProcessor( 2160): 	at com.google.android.apps.gsa.staticplugins.recognizer.j.b.run(SourceFile:15)
12-14 00:25:57.648 W/ErrorProcessor( 2160): 	at java.util.concurrent.Executors$RunnableAdapter.call(Executors.java:457)
12-14 00:25:57.648 W/ErrorProcessor( 2160): 	at java.util.concurrent.FutureTask.run(FutureTask.java:266)
12-14 00:25:57.648 W/ErrorProcessor( 2160): 	at com.google.android.apps.gsa.shared.util.concurrent.a.ax.run(SourceFile:14)
12-14 00:25:57.648 W/ErrorProcessor( 2160): 	at com.google.android.apps.gsa.shared.util.concurrent.a.bl.run(SourceFile:4)
12-14 00:25:57.648 W/ErrorProcessor( 2160): 	at com.google.android.apps.gsa.shared.util.concurrent.a.bl.run(SourceFile:4)
12-14 00:25:57.648 W/ErrorProcessor( 2160): 	at java.util.concurrent.ThreadPoolExecutor.runWorker(ThreadPoolExecutor.java:1162)
12-14 00:25:57.648 W/ErrorProcessor( 2160): 	at java.util.concurrent.ThreadPoolExecutor$Worker.run(ThreadPoolExecutor.java:636)
12-14 00:25:57.648 W/ErrorProcessor( 2160): 	at java.lang.Thread.run(Thread.java:764)
12-14 00:25:57.648 W/ErrorProcessor( 2160): 	at com.google.android.apps.gsa.shared.util.concurrent.a.ai.run(SourceFile:6)
12-14 00:25:57.648 W/ErrorProcessor( 2160): Caused by: com.google.android.apps.gsa.shared.exception.GsaIOException: Error code: 393238 | Buffer overflow, no available space.
12-14 00:25:57.648 W/ErrorProcessor( 2160): 	at com.google.android.apps.gsa.speech.audio.Tee.f(SourceFile:103)
12-14 00:25:57.648 W/ErrorProcessor( 2160): 	at com.google.android.apps.gsa.speech.audio.au.read(SourceFile:2)
12-14 00:25:57.648 W/ErrorProcessor( 2160): 	at java.io.InputStream.read(InputStream.java:101)
12-14 00:25:57.648 W/ErrorProcessor( 2160): 	at com.google.android.apps.gsa.speech.audio.ao.run(SourceFile:18)
12-14 00:25:57.648 W/ErrorProcessor( 2160): 	at com.google.android.apps.gsa.speech.audio.an.run(SourceFile:2)
12-14 00:25:57.648 W/ErrorProcessor( 2160): 	... 9 more
12-14 00:25:57.648 I/AudioController( 2160): internalShutdown
12-14 00:25:57.653 I/MicroRecognitionRunner( 2160): Stopping hotword detection.
12-14 00:25:57.677 I/MicroDetectionWorker( 2160): onReady
12-14 00:25:57.679 I/MicroDetectionWorker( 2160): onReady
12-14 00:25:57.680 I/MicroDetector( 2160): Keeping mic open: false
12-14 00:25:57.680 I/MicroDetectionWorker( 2160): #onError(false)
12-14 00:25:57.681 I/DeviceStateChecker( 2160): DeviceStateChecker cancelled
12-14 00:25:57.694 D/EGL_emulation( 1732): eglMakeCurrent: 0x997e3e00: ver 3 0 (tinfo 0x997eab60)
12-14 00:25:57.897 I/chatty  ( 1732): uid=10028(u0_a28) RenderThread identical 19 lines
12-14 00:25:57.921 D/EGL_emulation( 1732): eglMakeCurrent: 0x997e3e00: ver 3 0 (tinfo 0x997eab60)
12-14 00:25:57.956 W/NetworkScheduler.TED( 1945): Enforcing binder timeout for ComponentInfo{com.google.android.videos/com.google.android.videos.service.drm.RefreshLicenseTaskService}
12-14 00:25:57.956 E/NetworkScheduler.TED( 1945): Dropping task as app's play services SDK version does not support Android O. Either update the SDK or lower your app's target SDK version. Canceling all tasks for the service: ComponentInfo{com.google.android.videos/com.google.android.videos.service.drm.RefreshLicenseTaskService}
12-14 00:25:57.979 I/Finsky  ( 2503): [2] abyu.onStartJob(3): SCH: onJobSchedulerWakeup with jobId 9001
12-14 00:25:57.983 I/Finsky  ( 2503): [2] abtz.a(9): SCH: Scheduling fallback job with id: 9034, and delay: 43200000 ms
12-14 00:25:57.985 I/Finsky  ( 2503): [2] abtz.b(9): SCH: Scheduling fallback in 64799999 (absolute: 64868585)
12-14 00:25:58.000 I/Finsky  ( 2503): [2] abyu.onStartJob(3): SCH: onJobSchedulerWakeup with jobId 9003
12-14 00:25:58.002 I/Finsky  ( 2503): [2] abtz.a(9): SCH: Scheduling fallback job with id: 9034, and delay: 43200000 ms
12-14 00:25:58.005 W/OpenGLRenderer( 2120): Incorrectly called buildLayer on View: ShortcutAndWidgetContainer, destroying layer...
12-14 00:25:58.018 I/Finsky  ( 2503): [2] abtz.b(9): SCH: Scheduling fallback in 64799984 (absolute: 64868603)
12-14 00:25:58.019 W/Finsky  ( 2503): [2] abyu.onStartJob(10): SCH: onJobSchedulerWakeup while already running
12-14 00:25:58.058 D/AndroidRuntime( 4070): >>>>>> START com.android.internal.os.RuntimeInit uid 2000 <<<<<<
12-14 00:25:58.082 I/Finsky  ( 2503): [2] abui.handleMessage(8): SCH: DeviceState: DeviceState{currentTime=1607923558072, isCharging=false, isIdle=false, netAny=true, netNotRoaming=true, netUnmetered=true, batteryPercent=100.0}
12-14 00:25:58.113 I/Finsky  ( 2503): [125] abwt.b(5): SCH: Jobs in database: 1-1337 2-48879 3-70 12-1 26-1414141414 29-29 
12-14 00:25:58.127 I/OpenGLRenderer( 1626): Initialized EGL, version 1.4
12-14 00:25:58.127 D/OpenGLRenderer( 1626): Swap behavior 1
12-14 00:25:58.127 W/OpenGLRenderer( 1626): Failed to choose config with EGL_SWAP_BEHAVIOR_PRESERVED, retrying without...
12-14 00:25:58.127 D/OpenGLRenderer( 1626): Swap behavior 0
12-14 00:25:58.133 D/EGL_emulation( 1626): eglCreateContext: 0x867e6180: maj 3 min 0 rcv 3
12-14 00:25:58.135 D/EGL_emulation( 1626): eglMakeCurrent: 0x867e6180: ver 3 0 (tinfo 0x87be1f00)
12-14 00:25:58.135 E/eglCodecCommon( 1626): glUtilsParamSize: unknow param 0x00008cdf
12-14 00:25:58.136 E/eglCodecCommon( 1626): glUtilsParamSize: unknow param 0x00008cdf
12-14 00:25:58.136 E/eglCodecCommon( 1626): glUtilsParamSize: unknow param 0x00008824
12-14 00:25:58.136 E/eglCodecCommon( 1626): glUtilsParamSize: unknow param 0x00008824
12-14 00:25:58.153 W/app_process( 4070): Unexpected CPU variant for X86 using defaults: x86
12-14 00:25:58.169 I/Finsky  ( 2503): [2] abuj.b(10): SCH: Running job: 12-1
12-14 00:25:58.173 I/Finsky  ( 2503): [2] ContentSyncJob.r(1): [ContentSync] job started
12-14 00:25:58.175 I/Finsky  ( 2503): [2] abuj.b(10): SCH: Running job: 29-29
12-14 00:25:58.193 I/Finsky  ( 2503): [2] abui.handleMessage(59): SCH: RunningQueue size: 2, PendingQueue size: 0
12-14 00:25:58.193 I/Finsky  ( 2503): [2] abuj.p(3): SCH: Running queue: 12-1 29-29 
12-14 00:25:58.195 I/Finsky  ( 2503): [190] ajmy.a(0): ProcessRecoveryLogsUtil: No files in recovery directory
12-14 00:25:58.195 I/Finsky  ( 2503): [190] abvs.n(4): SCH: jobFinished: 29-29. TimeElapsed: 20ms.
12-14 00:25:58.202 I/Finsky  ( 2503): [2] abuj.e(4): SCH: Job 29-29 finished. Not rescheduling.
12-14 00:25:58.204 I/Finsky  ( 2503): [2] abui.handleMessage(59): SCH: RunningQueue size: 1, PendingQueue size: 0
12-14 00:25:58.204 I/Finsky  ( 2503): [2] abuj.p(3): SCH: Running queue: 12-1 
12-14 00:25:58.209 D/AndroidRuntime( 4070): Calling main entry com.android.commands.am.Am
12-14 00:25:58.217 I/zygote  ( 1626): NativeAllocBackground concurrent copying GC freed 26706(1710KB) AllocSpace objects, 13(296KB) LOS objects, 38% free, 9MB/15MB, paused 5.365ms total 98.434ms
12-14 00:25:58.219 D/        ( 1626): HostConnection::get() New Host Connection established 0x852c7c40, tid 1633
12-14 00:25:58.231 I/ActivityManager( 1626): Force stopping com.evancharlton.mileage appid=10224 user=0: start instr
12-14 00:25:58.231 I/ActivityManager( 1626): Killing 3987:com.evancharlton.mileage/u0a224 (adj 0): stop com.evancharlton.mileage
12-14 00:25:58.231 W/ActivityManager( 1626): Crash of app com.evancharlton.mileage running instrumentation ComponentInfo{com.evancharlton.mileage.test/sh.calaba.instrumentationbackend.CalabashInstrumentationTestRunner}
12-14 00:25:58.231 I/ActivityManager( 1626): Force stopping com.evancharlton.mileage appid=10224 user=0: finished inst
12-14 00:25:58.245 I/ActivityManager( 1626): Start proc 4087:com.evancharlton.mileage/u0a224 for added application com.evancharlton.mileage
12-14 00:25:58.248 I/zygote  ( 4087): Not late-enabling -Xcheck:jni (already on)
12-14 00:25:58.256 D/AndroidRuntime( 4070): Shutting down VM
12-14 00:25:58.274 W/zygote  ( 4087): Unexpected CPU variant for X86 using defaults: x86
12-14 00:25:58.281 W/ActivityManager( 1626): setHasOverlayUi called on unknown pid: 3987
12-14 00:25:58.281 E/adbd    ( 1372): failed to connect to socket 'tcp:7102': Connection refused
12-14 00:25:58.289 E/adbd    ( 1372): failed to connect to socket 'tcp:7102': Connection refused
12-14 00:25:58.325 W/zygote  ( 4087): Found duplicate classes, falling back to extracting from APK : /data/app/com.evancharlton.mileage.test-gqNOLDnnWBnVqgWMZcXzFQ==/base.apk
12-14 00:25:58.325 W/zygote  ( 4087): NOTE: This wastes RAM and hurts startup performance.
12-14 00:25:58.325 W/zygote  ( 4087): Found duplicated class when checking oat files: 'Ljunit/runner/BaseTestRunner;' in /data/app/com.evancharlton.mileage.test-gqNOLDnnWBnVqgWMZcXzFQ==/base.apk and /system/framework/android.test.runner.jar
12-14 00:25:58.325 W/zygote  ( 4087): 
12-14 00:25:58.350 I/zygote  ( 1626): NativeAllocBackground concurrent copying GC freed 1878(146KB) AllocSpace objects, 0(0B) LOS objects, 37% free, 9MB/15MB, paused 345us total 109.369ms
12-14 00:25:58.372 W/System  ( 4087): ClassLoader referenced unknown path: 
12-14 00:25:58.395 I/System.out( 4087): Main activity name automatically set to: com.evancharlton.mileage.Mileage
12-14 00:25:58.397 I/System.out( 4087): Calabash did not load Mono. This is only a problem if you are trying to test a Mono application
12-14 00:25:58.397 I/calabash( 4087): Test server port: 7102
12-14 00:25:58.399 E/adbd    ( 1372): failed to connect to socket 'tcp:7102': Connection refused
12-14 00:25:58.401 I/InstrumentationBackend( 4087): Added:'GetPreferences', with key:'get_preferences'
12-14 00:25:58.410 E/adbd    ( 1372): failed to connect to socket 'tcp:7102': Connection refused
12-14 00:25:58.440 I/zygote  ( 2503): Deoptimizing j$.util.stream.Sink j$.util.stream.AbstractPipeline.wrapAndCopyInto(j$.util.stream.Sink, j$.util.Spliterator) due to JIT inline cache
12-14 00:25:58.500 I/zygote  ( 2503): Deoptimizing void j$.util.stream.AbstractPipeline.copyInto(j$.util.stream.Sink, j$.util.Spliterator) due to JIT inline cache
12-14 00:25:58.516 I/InstrumentationBackend( 4087): Added:'SetPreferences', with key:'set_preferences'
12-14 00:25:58.517 I/InstrumentationBackend( 4087): Added:'ClearPreferences', with key:'clear_preferences'
12-14 00:25:58.517 I/InstrumentationBackend( 4087): Added:'PressElement', with key:'press_l10n_element'
12-14 00:25:58.518 I/InstrumentationBackend( 4087): Added:'WaitForElement', with key:'wait_for_l10n_element'
12-14 00:25:58.519 I/InstrumentationBackend( 4087): Added:'NullAction', with key:'nullAction'
12-14 00:25:58.520 I/InstrumentationBackend( 4087): Added:'PressKey', with key:'press_key'
12-14 00:25:58.521 I/InstrumentationBackend( 4087): Added:'SetActivityOrientation', with key:'set_activity_orientation'
12-14 00:25:58.521 I/InstrumentationBackend( 4087): Added:'GetActivityOrientation', with key:'get_activity_orientation'
12-14 00:25:58.522 I/InstrumentationBackend( 4087): Added:'FakeGPSLocation', with key:'set_gps_coordinates'
12-14 00:25:58.522 I/InstrumentationBackend( 4087): Added:'SetPropertyByCssSelector', with key:'set_property_by_css_selector'
12-14 00:25:58.524 E/adbd    ( 1372): failed to connect to socket 'tcp:7102': Connection refused
12-14 00:25:58.525 I/InstrumentationBackend( 4087): Added:'GetUrl', with key:'get_url'
12-14 00:25:58.529 I/InstrumentationBackend( 4087): Added:'ScrollTo', with key:'scroll_to'
12-14 00:25:58.529 I/InstrumentationBackend( 4087): Added:'GetLoadProgress', with key:'get_load_progress'
12-14 00:25:58.530 I/InstrumentationBackend( 4087): Added:'DumpHtml', with key:'dump_html'
12-14 00:25:58.530 I/InstrumentationBackend( 4087): Added:'DumpBodyHtml', with key:'dump_body_html'
12-14 00:25:58.530 I/InstrumentationBackend( 4087): Added:'EnterTextByCssSelector', with key:'enter_text_by_selector'
12-14 00:25:58.534 I/InstrumentationBackend( 4087): Added:'AndroidSDKVersion', with key:'android_sdk_version'
12-14 00:25:58.535 I/InstrumentationBackend( 4087): Added:'Version', with key:'version'
12-14 00:25:58.535 E/adbd    ( 1372): failed to connect to socket 'tcp:7102': Connection refused
12-14 00:25:58.536 I/InstrumentationBackend( 4087): Added:'Drag', with key:'drag'
12-14 00:25:58.536 I/InstrumentationBackend( 4087): Added:'TouchCoordinates', with key:'touch_coordinate'
12-14 00:25:58.537 I/InstrumentationBackend( 4087): Added:'LongPressCoordinate', with key:'long_press_coordinate'
12-14 00:25:58.537 I/InstrumentationBackend( 4087): Added:'DragCoordinates', with key:'drag_coordinates'
12-14 00:25:58.539 I/InstrumentationBackend( 4087): Added:'ResumeApplication', with key:'resume_application'
12-14 00:25:58.540 I/InstrumentationBackend( 4087): Added:'Swipe', with key:'swipe'
12-14 00:25:58.540 I/InstrumentationBackend( 4087): Added:'DoubleTapCoordinate', with key:'double_tap_coordinate'
12-14 00:25:58.540 I/InstrumentationBackend( 4087): Added:'ClickOnScreen', with key:'click_on_screen'
12-14 00:25:58.541 I/InstrumentationBackend( 4087): Added:'GetActivityName', with key:'get_activity_name'
12-14 00:25:58.542 I/InstrumentationBackend( 4087): Added:'ScrollToView', with key:'scroll_to_view'
12-14 00:25:58.542 I/InstrumentationBackend( 4087): Added:'ViewConfiguration', with key:'view_configuration'
12-14 00:25:58.543 I/InstrumentationBackend( 4087): Added:'IsCurrentActivityFocused', with key:'is_current_activity_focused'
12-14 00:25:58.543 I/InstrumentationBackend( 4087): Added:'SendTcp', with key:'send_tcp'
12-14 00:25:58.544 I/InstrumentationBackend( 4087): Added:'DpToDevicePixel', with key:'dp_to_device_pixel'
12-14 00:25:58.545 I/InstrumentationBackend( 4087): Added:'KeyboardEnterText', with key:'keyboard_enter_text'
12-14 00:25:58.545 I/InstrumentationBackend( 4087): Added:'DeleteSurroundingText', with key:'delete_surrounding_text'
12-14 00:25:58.545 I/InstrumentationBackend( 4087): Added:'SetComposingRegion', with key:'set_composing_region'
12-14 00:25:58.546 I/InstrumentationBackend( 4087): Added:'SetSelection', with key:'set_selection'
12-14 00:25:58.546 I/InstrumentationBackend( 4087): Added:'KeyboardKeyEvent', with key:'keyboard_key_event'
12-14 00:25:58.546 I/InstrumentationBackend( 4087): Added:'PressUserActionButton', with key:'press_user_action_button'
12-14 00:25:58.547 I/InstrumentationBackend( 4087): Added:'HideSoftKeyboard', with key:'hide_soft_keyboard'
12-14 00:25:58.548 I/InstrumentationBackend( 4087): Added:'ListActions', with key:'list_actions'
12-14 00:25:58.548 I/Finsky  ( 2503): [176] glv.b(1): Completed 0 account content syncs with 0 successful.
12-14 00:25:58.548 I/calabash( 4087): Instantiating http server at 7102
12-14 00:25:58.549 I/System.out( 4087): HTTP Daemon listening on: 7102
12-14 00:25:58.550 I/Finsky  ( 2503): [2] ContentSyncJob.a(1): [ContentSync] Installation state replication succeeded.
12-14 00:25:58.550 I/Finsky  ( 2503): [2] abvs.n(4): SCH: jobFinished: 12-1. TimeElapsed: 381ms.
12-14 00:25:58.552 I/Finsky  ( 2503): [2] abuj.e(4): SCH: Job 12-1 finished. Not rescheduling.
12-14 00:25:58.553 I/Finsky  ( 2503): [2] abui.handleMessage(59): SCH: RunningQueue size: 0, PendingQueue size: 0
12-14 00:25:58.556 I/Finsky  ( 2503): [2] abui.handleMessage(26): SCH: Executor finished
12-14 00:25:58.566 I/Finsky  ( 2503): [2] abwt.b(5): SCH: Jobs in database: 1-1337 2-48879 3-70 26-1414141414 
12-14 00:25:58.568 I/Finsky  ( 2503): [2] abvf.d(37): SCH: ConstraintMapping: 1-1337,  -> L: 10008394ms, D: 53208394ms, C: false, I: false, N: 1
12-14 00:25:58.568 I/Finsky  ( 2503): [2] abvf.d(37): SCH: ConstraintMapping: 2-48879, 3-70,  -> L: 0ms, D: 72877528ms, C: true, I: true, N: 2
12-14 00:25:58.568 I/Finsky  ( 2503): [2] abvf.d(37): SCH: ConstraintMapping: 26-1414141414,  -> L: 30998482ms, D: 31898482ms, C: false, I: false, N: 0
12-14 00:25:58.570 I/Finsky  ( 2503): [2] abvf.f(7): SCH: Cancelling existing jobscheduler jobs: 9002 
12-14 00:25:58.570 I/Finsky  ( 2503): [2] abvf.e(23): SCH: Scheduling job Id: 9000, L: 10008394, D: 53208394, C: false, I: false, N: 1
12-14 00:25:58.571 I/Finsky  ( 2503): [2] abvf.e(8): SCH: Throttling wakeup for job 9003 (expected to run in 0 ms) due to recent wakeup
12-14 00:25:58.571 I/Finsky  ( 2503): [2] abvf.e(23): SCH: Scheduling job Id: 9003, L: 30000, D: 72877528, C: true, I: true, N: 2
12-14 00:25:58.572 I/Finsky  ( 2503): [2] abvf.e(23): SCH: Scheduling job Id: 9004, L: 30998482, D: 31898482, C: false, I: false, N: 0
12-14 00:25:58.667 I/System.out( 4087): URI: //ping
12-14 00:25:58.668 I/System.out( 4087): params: {json={}
12-14 00:25:58.668 I/System.out( 4087): }
12-14 00:25:58.696 I/System.out( 4087): URI: //ping
12-14 00:25:58.696 I/System.out( 4087): params: {json={}
12-14 00:25:58.696 I/System.out( 4087): }
12-14 00:25:58.706 I/System.out( 4087): URI: //ready
12-14 00:25:58.706 I/System.out( 4087): params: {json={}
12-14 00:25:58.706 I/System.out( 4087): }
12-14 00:25:58.714 I/System.out( 4087): URI: //
12-14 00:25:58.714 I/System.out( 4087): params: {json={"command":"version","arguments":[]}
12-14 00:25:58.714 I/System.out( 4087): }
12-14 00:25:58.714 I/System.out( 4087): header: {content-type=application/json;charset=utf-8, date=Mon, 14 Dec 2020 05:25:58 GMT, accept=*/*, host=127.0.0.1:34777, content-length=36, user-agent=HTTPClient/1.0 (2.8.3, ruby 2.5.8 (2020-03-31))}
12-14 00:25:58.714 I/System.out( 4087): params: {json={"command":"version","arguments":[]}
12-14 00:25:58.714 I/System.out( 4087): }
12-14 00:25:58.714 I/System.out( 4087): ProP json = {"command":"version","arguments":[]}
12-14 00:25:58.714 I/System.out( 4087): files: {}
12-14 00:25:58.714 I/System.out( 4087): command: {"command":"version","arguments":[]}
12-14 00:25:58.743 I/InstrumentationBackend( 4087): Got command:'Command:'Line:null,version', arguments:'[]'
12-14 00:25:58.777 I/System.out( 4087): result:{"bonusInformation":[],"message":"0.9.8","success":true}
12-14 00:25:58.786 I/System.out( 4087): URI: //start-application
12-14 00:25:58.786 I/System.out( 4087): params: {json={"intent":null}
12-14 00:25:58.786 I/System.out( 4087): }
12-14 00:25:58.827 E/TaskPersister( 1626): File error accessing recents directory (directory doesn't exist?).
12-14 00:25:58.827 I/ActivityManager( 1626): START u0 {act=android.intent.action.MAIN cat=[android.intent.category.LAUNCHER] flg=0x10200000 cmp=com.evancharlton.mileage/.Mileage} from uid 10224
12-14 00:25:58.843 E/memtrack( 1626): Couldn't load memtrack module
12-14 00:25:58.843 W/android.os.Debug( 1626): failed to get memory consumption info: -1
12-14 00:25:58.851 I/calabash( 4087): newActivity1
12-14 00:25:58.855 D/gralloc_ranchu( 1395): gralloc_alloc: Creating ashmem region of size 7753728
12-14 00:25:58.894 D/EGL_emulation( 2160): eglMakeCurrent: 0x9de048a0: ver 3 0 (tinfo 0x9de03830)
12-14 00:25:58.900 D/EGL_emulation( 2120): eglMakeCurrent: 0x9b77cc60: ver 3 0 (tinfo 0x9b77f9d0)
12-14 00:25:58.903 V/StatusBar( 1732): setLightsOn(true)
12-14 00:25:58.909 W/ActivityManager( 1626): Bad activity token: android.os.BinderProxy@429f13a
12-14 00:25:58.909 W/ActivityManager( 1626): java.lang.ClassCastException: android.os.BinderProxy cannot be cast to com.android.server.am.ActivityRecord$Token
12-14 00:25:58.909 W/ActivityManager( 1626): 	at com.android.server.am.ActivityRecord.forTokenLocked(ActivityRecord.java:778)
12-14 00:25:58.909 W/ActivityManager( 1626): 	at com.android.server.am.ActivityRecord.isInStackLocked(ActivityRecord.java:2085)
12-14 00:25:58.909 W/ActivityManager( 1626): 	at com.android.server.am.ActivityRecord.getStackLocked(ActivityRecord.java:2090)
12-14 00:25:58.909 W/ActivityManager( 1626): 	at com.android.server.am.ActivityManagerService.getActivityDisplayId(ActivityManagerService.java:10406)
12-14 00:25:58.909 W/ActivityManager( 1626): 	at android.app.IActivityManager$Stub.onTransact(IActivityManager.java:2738)
12-14 00:25:58.909 W/ActivityManager( 1626): 	at com.android.server.am.ActivityManagerService.onTransact(ActivityManagerService.java:2935)
12-14 00:25:58.909 W/ActivityManager( 1626): 	at android.os.Binder.execTransact(Binder.java:674)
12-14 00:25:58.909 I/calabash( 4087): newActivity1
12-14 00:25:58.924 D/EGL_emulation( 1732): eglMakeCurrent: 0x997e3e00: ver 3 0 (tinfo 0x997eab60)
12-14 00:25:58.929 I/chatty  ( 1732): uid=10028(u0_a28) RenderThread identical 1 line
12-14 00:25:58.941 D/EGL_emulation( 1732): eglMakeCurrent: 0x997e3e00: ver 3 0 (tinfo 0x997eab60)
12-14 00:25:58.948 V/StatusBar( 1732): setLightsOn(true)
12-14 00:25:58.955 W/ActivityManager( 1626): Bad activity token: android.os.BinderProxy@429f13a
12-14 00:25:58.955 W/ActivityManager( 1626): java.lang.ClassCastException: android.os.BinderProxy cannot be cast to com.android.server.am.ActivityRecord$Token
12-14 00:25:58.955 W/ActivityManager( 1626): 	at com.android.server.am.ActivityRecord.forTokenLocked(ActivityRecord.java:778)
12-14 00:25:58.955 W/ActivityManager( 1626): 	at com.android.server.am.ActivityRecord.isInStackLocked(ActivityRecord.java:2085)
12-14 00:25:58.955 W/ActivityManager( 1626): 	at com.android.server.am.ActivityManagerService.setTaskDescription(ActivityManagerService.java:9988)
12-14 00:25:58.955 W/ActivityManager( 1626): 	at android.app.IActivityManager$Stub.onTransact(IActivityManager.java:2824)
12-14 00:25:58.955 W/ActivityManager( 1626): 	at com.android.server.am.ActivityManagerService.onTransact(ActivityManagerService.java:2935)
12-14 00:25:58.955 W/ActivityManager( 1626): 	at android.os.Binder.execTransact(Binder.java:674)
12-14 00:25:58.956 W/ActivityManager( 1626): Bad activity token: android.os.BinderProxy@429f13a
12-14 00:25:58.956 W/ActivityManager( 1626): java.lang.ClassCastException: android.os.BinderProxy cannot be cast to com.android.server.am.ActivityRecord$Token
12-14 00:25:58.956 W/ActivityManager( 1626): 	at com.android.server.am.ActivityRecord.forTokenLocked(ActivityRecord.java:778)
12-14 00:25:58.956 W/ActivityManager( 1626): 	at com.android.server.am.ActivityRecord.isInStackLocked(ActivityRecord.java:2085)
12-14 00:25:58.956 W/ActivityManager( 1626): 	at com.android.server.am.ActivityRecord.getStackLocked(ActivityRecord.java:2090)
12-14 00:25:58.956 W/ActivityManager( 1626): 	at com.android.server.am.ActivityManagerService.getActivityStackId(ActivityManagerService.java:10417)
12-14 00:25:58.956 W/ActivityManager( 1626): 	at android.app.IActivityManager$Stub.onTransact(IActivityManager.java:3548)
12-14 00:25:58.956 W/ActivityManager( 1626): 	at com.android.server.am.ActivityManagerService.onTransact(ActivityManagerService.java:2935)
12-14 00:25:58.956 W/ActivityManager( 1626): 	at android.os.Binder.execTransact(Binder.java:674)
12-14 00:25:58.959 D/EGL_emulation( 1732): eglMakeCurrent: 0x997e3e00: ver 3 0 (tinfo 0x997eab60)
12-14 00:25:58.989 I/chatty  ( 1732): uid=10028(u0_a28) RenderThread identical 4 lines
12-14 00:25:59.003 D/EGL_emulation( 1732): eglMakeCurrent: 0x997e3e00: ver 3 0 (tinfo 0x997eab60)
12-14 00:25:59.005 E/ContentStoreEUAS( 2160): Failed to commit the deferred actions
12-14 00:25:59.008 D/EGL_emulation( 1732): eglMakeCurrent: 0x997e3e00: ver 3 0 (tinfo 0x997eab60)
12-14 00:25:59.108 I/chatty  ( 1732): uid=10028(u0_a28) RenderThread identical 13 lines
12-14 00:25:59.119 D/EGL_emulation( 1732): eglMakeCurrent: 0x997e3e00: ver 3 0 (tinfo 0x997eab60)
12-14 00:25:59.136 W/ActivityManager( 1626): Bad activity token: android.os.BinderProxy@429f13a
12-14 00:25:59.136 W/ActivityManager( 1626): java.lang.ClassCastException: android.os.BinderProxy cannot be cast to com.android.server.am.ActivityRecord$Token
12-14 00:25:59.136 W/ActivityManager( 1626): 	at com.android.server.am.ActivityRecord.forTokenLocked(ActivityRecord.java:778)
12-14 00:25:59.136 W/ActivityManager( 1626): 	at com.android.server.am.ActivityRecord.isInStackLocked(ActivityRecord.java:2085)
12-14 00:25:59.136 W/ActivityManager( 1626): 	at com.android.server.am.ActivityManagerService.getActivityOptions(ActivityManagerService.java:13302)
12-14 00:25:59.136 W/ActivityManager( 1626): 	at android.app.IActivityManager$Stub.onTransact(IActivityManager.java:2910)
12-14 00:25:59.136 W/ActivityManager( 1626): 	at com.android.server.am.ActivityManagerService.onTransact(ActivityManagerService.java:2935)
12-14 00:25:59.136 W/ActivityManager( 1626): 	at android.os.Binder.execTransact(Binder.java:674)
12-14 00:25:59.136 W/ActivityManager( 1626): Bad activity token: android.os.BinderProxy@429f13a
12-14 00:25:59.136 W/ActivityManager( 1626): java.lang.ClassCastException: android.os.BinderProxy cannot be cast to com.android.server.am.ActivityRecord$Token
12-14 00:25:59.136 W/ActivityManager( 1626): 	at com.android.server.am.ActivityRecord.forTokenLocked(ActivityRecord.java:778)
12-14 00:25:59.136 W/ActivityManager( 1626): 	at com.android.server.am.ActivityRecord.isInStackLocked(ActivityRecord.java:2085)
12-14 00:25:59.136 W/ActivityManager( 1626): 	at com.android.server.am.ActivityManagerService.getActivityOptions(ActivityManagerService.java:13302)
12-14 00:25:59.136 W/ActivityManager( 1626): 	at android.app.IActivityManager$Stub.onTransact(IActivityManager.java:2910)
12-14 00:25:59.136 W/ActivityManager( 1626): 	at com.android.server.am.ActivityManagerService.onTransact(ActivityManagerService.java:2935)
12-14 00:25:59.136 W/ActivityManager( 1626): 	at android.os.Binder.execTransact(Binder.java:674)
12-14 00:25:59.231 V/StatusBar( 1732): setLightsOn(true)
12-14 00:25:59.256 I/zygote  ( 4087): Do partial code cache collection, code=29KB, data=30KB
12-14 00:25:59.256 I/zygote  ( 4087): After code cache collection, code=29KB, data=30KB
12-14 00:25:59.256 I/zygote  ( 4087): Increasing code cache capacity to 128KB
12-14 00:25:59.257 I/zygote  ( 4087): Do partial code cache collection, code=29KB, data=47KB
12-14 00:25:59.257 I/zygote  ( 4087): After code cache collection, code=29KB, data=47KB
12-14 00:25:59.257 I/zygote  ( 4087): Increasing code cache capacity to 256KB
12-14 00:25:59.258 I/zygote  ( 4087): JIT allocated 71KB for compiled code of void android.widget.TextView.<init>(android.content.Context, android.util.AttributeSet, int, int)
12-14 00:25:59.258 I/zygote  ( 4087): Compiler allocated 4MB to compile void android.widget.TextView.<init>(android.content.Context, android.util.AttributeSet, int, int)
12-14 00:25:59.309 V/StatusBar( 1732): setLightsOn(true)
12-14 00:25:59.319 I/chatty  ( 1732): uid=10028(u0_a28) com.android.systemui identical 1 line
12-14 00:25:59.336 V/StatusBar( 1732): setLightsOn(true)
12-14 00:25:59.348 D/gralloc_ranchu( 1395): gralloc_alloc: Creating ashmem region of size 7753728
12-14 00:25:59.371 D/        ( 4087): HostConnection::get() New Host Connection established 0x9b4afd40, tid 4087
12-14 00:25:59.446 V/StatusBar( 1732): setLightsOn(true)
12-14 00:25:59.450 V/StatusBar( 1732): setLightsOn(true)
12-14 00:25:59.452 I/ActivityManager( 1626): Displayed com.evancharlton.mileage/.Mileage: +610ms
12-14 00:25:59.459 I/zygote  ( 4087): Do full code cache collection, code=125KB, data=69KB
12-14 00:25:59.462 V/StatusBar( 1732): setLightsOn(true)
12-14 00:25:59.466 I/zygote  ( 4087): After code cache collection, code=108KB, data=44KB
12-14 00:25:59.469 D/gralloc_ranchu( 1395): gralloc_alloc: Creating ashmem region of size 7753728
12-14 00:25:59.622 W/audio_hw_generic( 1386): Not supplying enough data to HAL, expected position 547411 , only wrote 352080
12-14 00:25:59.632 V/StatusBar( 1732): setLightsOn(true)
12-14 00:25:59.637 V/StatusBar( 1732): setLightsOn(true)
12-14 00:25:59.641 E/memtrack( 1626): Couldn't load memtrack module
12-14 00:25:59.641 W/android.os.Debug( 1626): failed to get memory consumption info: -1
12-14 00:25:59.646 V/StatusBar( 1732): setLightsOn(true)
12-14 00:25:59.677 W/SurfaceFlinger( 1416): couldn't log to binary event log: overflow.
