--------- beginning of main
12-14 00:40:00.015 I/chatty  ( 1397): uid=1000(system) allocator@2.0-s expire 1 line
12-14 00:40:00.071 D/gralloc_ranchu( 1397): gralloc_alloc: Creating ashmem region of size 8298496
12-14 00:40:00.071 D/SurfaceFlinger( 1408): duplicate layer name: changing com.google.android.apps.nexuslauncher/com.google.android.apps.nexuslauncher.NexusLauncherActivity to com.google.android.apps.nexuslauncher/com.google.android.apps.nexuslauncher.NexusLauncherActivity#1
12-14 00:40:00.142 D/gralloc_ranchu( 1397): gralloc_alloc: Creating ashmem region of size 8298496
12-14 00:40:00.143 I/zygote  ( 2144): Do full code cache collection, code=124KB, data=84KB
12-14 00:40:00.143 I/zygote  ( 2144): After code cache collection, code=115KB, data=70KB
12-14 00:40:00.161 W/audio_hw_generic( 1391): Not supplying enough data to HAL, expected position 838387 , only wrote 597600
12-14 00:40:00.237 E/IPCThreadState( 1408): binder thread pool (4 threads) starved for 139 ms
12-14 00:40:00.243 D/gralloc_ranchu( 1397): gralloc_alloc: Creating ashmem region of size 8298496
12-14 00:40:00.338 D/gralloc_ranchu( 1397): gralloc_alloc: Creating ashmem region of size 8298496
12-14 00:40:00.388 I/NetworkScheduler.Stats( 1945): Task com.google.android.gms/com.google.android.gms.icing.service.IcingGcmTaskService started execution. cause:4 exec_start_elapsed_seconds: 87 [CONTEXT service_id=218 ]
12-14 00:40:00.436 D/EGL_emulation( 2170): eglMakeCurrent: 0xa00049c0: ver 3 0 (tinfo 0xa00036e0)
12-14 00:40:00.440 D/EGL_emulation( 1727): eglMakeCurrent: 0x9d72d3a0: ver 3 0 (tinfo 0x8c556c00)
12-14 00:40:00.467 D/gralloc_ranchu( 1397): gralloc_alloc: Creating ashmem region of size 8298496
12-14 00:40:00.506 D/EGL_emulation( 2144): eglMakeCurrent: 0xa00043c0: ver 3 0 (tinfo 0xa0003390)
12-14 00:40:00.513 D/gralloc_ranchu( 1397): gralloc_alloc: Creating ashmem region of size 8298496
12-14 00:40:00.543 I/zygote  ( 2170): Deoptimizing void com.google.android.apps.gsa.search.core.service.worker.a.a.a(com.google.android.apps.gsa.search.core.state.qc) due to JIT inline cache
12-14 00:40:00.584 D/EGL_emulation( 2170): eglMakeCurrent: 0xa00049c0: ver 3 0 (tinfo 0xa00036e0)
12-14 00:40:00.594 D/gralloc_ranchu( 1397): gralloc_alloc: Creating ashmem region of size 8298496
12-14 00:40:00.639 D/gralloc_ranchu( 1397): gralloc_alloc: Creating ashmem region of size 8298496
12-14 00:40:00.711 D/gralloc_ranchu( 1397): gralloc_alloc: Creating ashmem region of size 7753728
12-14 00:40:00.778 D/EGL_emulation( 2170): eglMakeCurrent: 0xa00049c0: ver 3 0 (tinfo 0xa00036e0)
12-14 00:40:00.785 D/gralloc_ranchu( 1397): gralloc_alloc: Creating ashmem region of size 8298496
12-14 00:40:00.796 D/        ( 1727): HostConnection::get() New Host Connection established 0x897f56c0, tid 1770
12-14 00:40:00.825 I/NetworkScheduler.Stats( 1945): Task com.google.android.gms/com.google.android.gms.icing.service.IcingGcmTaskService finished executing. cause:4 result: 1 elapsed_millis: 626 uptime_millis: 626 exec_start_elapsed_seconds: 87 [CONTEXT service_id=218 ]
12-14 00:40:00.852 I/NetworkScheduler.Stats( 1945): Task com.google.android.gms/com.google.android.gms.ads.social.GcmSchedulerWakeupService started execution. cause:4 exec_start_elapsed_seconds: 88 [CONTEXT service_id=218 ]
12-14 00:40:00.916 D/EGL_emulation( 1727): eglMakeCurrent: 0x9d72d3a0: ver 3 0 (tinfo 0x8c556c00)
12-14 00:40:00.918 E/hw-IPCThreadState( 1397): binder thread pool (1 threads) starved for 132 ms
12-14 00:40:00.930 D/EGL_emulation( 1727): eglMakeCurrent: 0x9d72d3a0: ver 3 0 (tinfo 0x8c556c00)
12-14 00:40:00.995 D/EGL_emulation( 1727): eglMakeCurrent: 0x9d72d3a0: ver 3 0 (tinfo 0x8c556c00)
--------- beginning of system
12-14 00:40:01.002 W/ActivityManager( 1629): Unable to start service Intent { act=com.google.android.gms.speech.service.START pkg=com.google.android.gms } U=0: not found
12-14 00:40:01.003 W/ActivityManager( 1629): Unbind failed: could not find connection for android.os.BinderProxy@c366a85
12-14 00:40:01.003 W/SessionLifecycleManager( 2170): Handover failed. Creating new session controller.
12-14 00:40:01.010 I/OptInState( 2170): There is a new client and it does not support opt-in. Dropping request.
12-14 00:40:01.023 E/GmsClient( 2170): unable to connect to service: com.google.android.gms.speech.service.START on com.google.android.gms
12-14 00:40:01.058 I/zygote  ( 2170): Deoptimizing void com.google.android.apps.gsa.shared.searchbox.components.a.am(java.lang.Object) due to JIT inline cache
12-14 00:40:01.062 I/MicroDetectionWorker( 2170): #updateMicroDetector [detectionMode: [mDetectionMode: [1]]]
12-14 00:40:01.062 I/MicroDetectionWorker( 2170): #startMicroDetector [speakerMode: 0]
12-14 00:40:01.064 I/AudioController( 2170): Using mInputStreamFactoryBuilder
12-14 00:40:01.066 I/MicroRecognitionRunner( 2170): Starting detection.
12-14 00:40:01.066 I/MicroDetectionWorker( 2170): onReady
12-14 00:40:01.093 I/MicrophoneInputStream( 2170): mic_starting com.google.android.apps.gsa.staticplugins.aa.c@9b01436
12-14 00:40:01.093 W/OpenGLRenderer( 2144): Incorrectly called buildLayer on View: ShortcutAndWidgetContainer, destroying layer...
12-14 00:40:01.100 D/EGL_emulation( 1727): eglMakeCurrent: 0x9d72d3a0: ver 3 0 (tinfo 0x8c556c00)
12-14 00:40:01.140 D/EGL_emulation( 1727): eglMakeCurrent: 0x9d72d3a0: ver 3 0 (tinfo 0x8c556c00)
12-14 00:40:01.141 I/AudioFlinger( 1476): AudioFlinger's thread 0xaa303500 tid=4518 ready to run
12-14 00:40:01.157 I/MicrophoneInputStream( 2170): mic_started com.google.android.apps.gsa.staticplugins.aa.c@9b01436
12-14 00:40:01.158 E/ActivityThread( 2170): Failed to find provider info for com.google.android.apps.gsa.testing.ui.audio.recorded
12-14 00:40:01.158 I/MicroDetectionWorker( 2170): onReady
12-14 00:40:01.160 I/MicrophoneInputStream( 2170): mic_close com.google.android.apps.gsa.staticplugins.aa.c@9b01436
12-14 00:40:01.177 I/MicroRecognitionRunner( 2170): Detection finished
12-14 00:40:01.177 W/ErrorReporter( 2170): reportError [type: 211, code: 524300]: Error reading from input stream
12-14 00:40:01.178 I/MicroRecognitionRunner( 2170): Stopping hotword detection.
12-14 00:40:01.178 W/ErrorProcessor( 2170): onFatalError, processing error from engine(4)
12-14 00:40:01.178 W/ErrorProcessor( 2170): com.google.android.apps.gsa.shared.speech.b.g: Error reading from input stream
12-14 00:40:01.178 W/ErrorProcessor( 2170): 	at com.google.android.apps.gsa.staticplugins.recognizer.j.a.a(SourceFile:28)
12-14 00:40:01.178 W/ErrorProcessor( 2170): 	at com.google.android.apps.gsa.staticplugins.recognizer.j.b.run(SourceFile:15)
12-14 00:40:01.178 W/ErrorProcessor( 2170): 	at java.util.concurrent.Executors$RunnableAdapter.call(Executors.java:457)
12-14 00:40:01.178 W/ErrorProcessor( 2170): 	at java.util.concurrent.FutureTask.run(FutureTask.java:266)
12-14 00:40:01.178 W/ErrorProcessor( 2170): 	at com.google.android.apps.gsa.shared.util.concurrent.a.ax.run(SourceFile:14)
12-14 00:40:01.178 W/ErrorProcessor( 2170): 	at com.google.android.apps.gsa.shared.util.concurrent.a.bl.run(SourceFile:4)
12-14 00:40:01.178 W/ErrorProcessor( 2170): 	at com.google.android.apps.gsa.shared.util.concurrent.a.bl.run(SourceFile:4)
12-14 00:40:01.178 W/ErrorProcessor( 2170): 	at java.util.concurrent.ThreadPoolExecutor.runWorker(ThreadPoolExecutor.java:1162)
12-14 00:40:01.178 W/ErrorProcessor( 2170): 	at java.util.concurrent.ThreadPoolExecutor$Worker.run(ThreadPoolExecutor.java:636)
12-14 00:40:01.178 W/ErrorProcessor( 2170): 	at java.lang.Thread.run(Thread.java:764)
12-14 00:40:01.178 W/ErrorProcessor( 2170): 	at com.google.android.apps.gsa.shared.util.concurrent.a.ai.run(SourceFile:6)
12-14 00:40:01.178 W/ErrorProcessor( 2170): Caused by: com.google.android.apps.gsa.shared.exception.GsaIOException: Error code: 393238 | Buffer overflow, no available space.
12-14 00:40:01.178 W/ErrorProcessor( 2170): 	at com.google.android.apps.gsa.speech.audio.Tee.f(SourceFile:103)
12-14 00:40:01.178 W/ErrorProcessor( 2170): 	at com.google.android.apps.gsa.speech.audio.au.read(SourceFile:2)
12-14 00:40:01.178 W/ErrorProcessor( 2170): 	at java.io.InputStream.read(InputStream.java:101)
12-14 00:40:01.178 W/ErrorProcessor( 2170): 	at com.google.android.apps.gsa.speech.audio.ao.run(SourceFile:18)
12-14 00:40:01.178 W/ErrorProcessor( 2170): 	at com.google.android.apps.gsa.speech.audio.an.run(SourceFile:2)
12-14 00:40:01.178 W/ErrorProcessor( 2170): 	... 9 more
12-14 00:40:01.178 I/AudioController( 2170): internalShutdown
12-14 00:40:01.185 I/zygote  ( 2170): Background concurrent copying GC freed 6839(481KB) AllocSpace objects, 7(188KB) LOS objects, 49% free, 4MB/8MB, paused 18.881ms total 118.161ms
12-14 00:40:01.214 I/MicroDetector( 2170): Keeping mic open: false
12-14 00:40:01.214 I/MicroDetectionWorker( 2170): #onError(false)
12-14 00:40:01.214 I/DeviceStateChecker( 2170): DeviceStateChecker cancelled
12-14 00:40:01.234 I/OpenGLRenderer( 1629): Initialized EGL, version 1.4
12-14 00:40:01.234 D/OpenGLRenderer( 1629): Swap behavior 1
12-14 00:40:01.235 W/OpenGLRenderer( 1629): Failed to choose config with EGL_SWAP_BEHAVIOR_PRESERVED, retrying without...
12-14 00:40:01.235 D/OpenGLRenderer( 1629): Swap behavior 0
12-14 00:40:01.238 I/zygote  ( 1727): NativeAllocBackground concurrent copying GC freed 12419(820KB) AllocSpace objects, 0(0B) LOS objects, 49% free, 4MB/9MB, paused 25.547ms total 129.889ms
12-14 00:40:01.242 D/EGL_emulation( 1629): eglCreateContext: 0x9ffada80: maj 3 min 0 rcv 3
12-14 00:40:01.245 D/EGL_emulation( 1629): eglMakeCurrent: 0x9ffada80: ver 3 0 (tinfo 0x8e445630)
12-14 00:40:01.248 E/eglCodecCommon( 1629): glUtilsParamSize: unknow param 0x00008cdf
12-14 00:40:01.248 E/eglCodecCommon( 1629): glUtilsParamSize: unknow param 0x00008cdf
12-14 00:40:01.248 E/eglCodecCommon( 1629): glUtilsParamSize: unknow param 0x00008824
12-14 00:40:01.249 E/eglCodecCommon( 1629): glUtilsParamSize: unknow param 0x00008824
12-14 00:40:01.277 I/NetworkScheduler.Stats( 1945): Task com.google.android.gms/com.google.android.gms.clearcut.uploader.QosUploaderService started execution. cause:5 exec_start_elapsed_seconds: 88 [CONTEXT service_id=218 ]
12-14 00:40:01.312 I/NetworkScheduler.Stats( 1945): Task com.google.android.gms/com.google.android.gms.ads.social.GcmSchedulerWakeupService finished executing. cause:4 result: 1 elapsed_millis: 758 uptime_millis: 758 exec_start_elapsed_seconds: 88 [CONTEXT service_id=218 ]
12-14 00:40:01.335 D/AndroidRuntime( 4512): >>>>>> START com.android.internal.os.RuntimeInit uid 2000 <<<<<<
12-14 00:40:01.352 I/zygote  ( 1629): NativeAllocBackground concurrent copying GC freed 6336(533KB) AllocSpace objects, 2(40KB) LOS objects, 37% free, 9MB/15MB, paused 465us total 129.401ms
12-14 00:40:01.359 I/NetworkScheduler.Stats( 1945): Task com.google.android.gms/com.google.android.gms.clearcut.uploader.QosUploaderService finished executing. cause:5 result: 1 elapsed_millis: 332 uptime_millis: 332 exec_start_elapsed_seconds: 88 [CONTEXT service_id=218 ]
12-14 00:40:01.361 I/Finsky:download_service( 2693): [126] nmi.run(36): Stats for Executor: bgExecutor non@c23de22[Running, pool size = 0, active threads = 0, queued tasks = 0, completed tasks = 0]
12-14 00:40:01.382 W/app_process( 4512): Unexpected CPU variant for X86 using defaults: x86
12-14 00:40:01.399 D/AndroidRuntime( 4512): Calling main entry com.android.commands.am.Am
12-14 00:40:01.401 I/ActivityManager( 1629): Force stopping com.evancharlton.mileage appid=10238 user=0: start instr
12-14 00:40:01.401 I/ActivityManager( 1629): Killing 4426:com.evancharlton.mileage/u0a238 (adj 0): stop com.evancharlton.mileage
12-14 00:40:01.401 W/ActivityManager( 1629): Crash of app com.evancharlton.mileage running instrumentation ComponentInfo{com.evancharlton.mileage.test/sh.calaba.instrumentationbackend.CalabashInstrumentationTestRunner}
12-14 00:40:01.401 I/ActivityManager( 1629): Force stopping com.evancharlton.mileage appid=10238 user=0: finished inst
12-14 00:40:01.410 I/zygote  ( 4528): Not late-enabling -Xcheck:jni (already on)
12-14 00:40:01.417 I/ActivityManager( 1629): Start proc 4528:com.evancharlton.mileage/u0a238 for added application com.evancharlton.mileage
12-14 00:40:01.418 D/AndroidRuntime( 4512): Shutting down VM
12-14 00:40:01.429 W/zygote  ( 4528): Unexpected CPU variant for X86 using defaults: x86
12-14 00:40:01.445 W/ActivityManager( 1629): setHasOverlayUi called on unknown pid: 4426
12-14 00:40:01.448 E/adbd    ( 1384): failed to connect to socket 'tcp:7102': Connection refused
12-14 00:40:01.451 E/adbd    ( 1384): failed to connect to socket 'tcp:7102': Connection refused
12-14 00:40:01.466 W/zygote  ( 4528): Found duplicate classes, falling back to extracting from APK : /data/app/com.evancharlton.mileage.test-uoobjLVgYN-kfUN3ii9fFQ==/base.apk
12-14 00:40:01.466 W/zygote  ( 4528): NOTE: This wastes RAM and hurts startup performance.
12-14 00:40:01.466 W/zygote  ( 4528): Found duplicated class when checking oat files: 'Ljunit/runner/BaseTestRunner;' in /data/app/com.evancharlton.mileage.test-uoobjLVgYN-kfUN3ii9fFQ==/base.apk and /system/framework/android.test.runner.jar
12-14 00:40:01.466 W/zygote  ( 4528): 
12-14 00:40:01.497 W/System  ( 4528): ClassLoader referenced unknown path: 
12-14 00:40:01.511 I/System.out( 4528): Main activity name automatically set to: com.evancharlton.mileage.Mileage
12-14 00:40:01.512 I/System.out( 4528): Calabash did not load Mono. This is only a problem if you are trying to test a Mono application
12-14 00:40:01.512 I/calabash( 4528): Test server port: 7102
12-14 00:40:01.513 I/InstrumentationBackend( 4528): Added:'GetPreferences', with key:'get_preferences'
12-14 00:40:01.567 E/adbd    ( 1384): failed to connect to socket 'tcp:7102': Connection refused
12-14 00:40:01.569 E/adbd    ( 1384): failed to connect to socket 'tcp:7102': Connection refused
12-14 00:40:01.578 I/InstrumentationBackend( 4528): Added:'SetPreferences', with key:'set_preferences'
12-14 00:40:01.578 I/InstrumentationBackend( 4528): Added:'ClearPreferences', with key:'clear_preferences'
12-14 00:40:01.578 I/InstrumentationBackend( 4528): Added:'PressElement', with key:'press_l10n_element'
12-14 00:40:01.578 I/InstrumentationBackend( 4528): Added:'WaitForElement', with key:'wait_for_l10n_element'
12-14 00:40:01.579 I/InstrumentationBackend( 4528): Added:'NullAction', with key:'nullAction'
12-14 00:40:01.579 I/InstrumentationBackend( 4528): Added:'PressKey', with key:'press_key'
12-14 00:40:01.580 I/InstrumentationBackend( 4528): Added:'SetActivityOrientation', with key:'set_activity_orientation'
12-14 00:40:01.580 I/InstrumentationBackend( 4528): Added:'GetActivityOrientation', with key:'get_activity_orientation'
12-14 00:40:01.581 I/InstrumentationBackend( 4528): Added:'FakeGPSLocation', with key:'set_gps_coordinates'
12-14 00:40:01.581 I/InstrumentationBackend( 4528): Added:'SetPropertyByCssSelector', with key:'set_property_by_css_selector'
12-14 00:40:01.582 I/InstrumentationBackend( 4528): Added:'GetUrl', with key:'get_url'
12-14 00:40:01.585 I/InstrumentationBackend( 4528): Added:'ScrollTo', with key:'scroll_to'
12-14 00:40:01.585 I/InstrumentationBackend( 4528): Added:'GetLoadProgress', with key:'get_load_progress'
12-14 00:40:01.585 I/InstrumentationBackend( 4528): Added:'DumpHtml', with key:'dump_html'
12-14 00:40:01.586 I/InstrumentationBackend( 4528): Added:'DumpBodyHtml', with key:'dump_body_html'
12-14 00:40:01.586 I/InstrumentationBackend( 4528): Added:'EnterTextByCssSelector', with key:'enter_text_by_selector'
12-14 00:40:01.591 I/InstrumentationBackend( 4528): Added:'AndroidSDKVersion', with key:'android_sdk_version'
12-14 00:40:01.591 I/InstrumentationBackend( 4528): Added:'Version', with key:'version'
12-14 00:40:01.591 I/InstrumentationBackend( 4528): Added:'Drag', with key:'drag'
12-14 00:40:01.591 I/InstrumentationBackend( 4528): Added:'TouchCoordinates', with key:'touch_coordinate'
12-14 00:40:01.592 I/InstrumentationBackend( 4528): Added:'LongPressCoordinate', with key:'long_press_coordinate'
12-14 00:40:01.592 I/InstrumentationBackend( 4528): Added:'DragCoordinates', with key:'drag_coordinates'
12-14 00:40:01.593 I/InstrumentationBackend( 4528): Added:'ResumeApplication', with key:'resume_application'
12-14 00:40:01.593 I/InstrumentationBackend( 4528): Added:'Swipe', with key:'swipe'
12-14 00:40:01.593 I/InstrumentationBackend( 4528): Added:'DoubleTapCoordinate', with key:'double_tap_coordinate'
12-14 00:40:01.593 I/InstrumentationBackend( 4528): Added:'ClickOnScreen', with key:'click_on_screen'
12-14 00:40:01.594 I/InstrumentationBackend( 4528): Added:'GetActivityName', with key:'get_activity_name'
12-14 00:40:01.595 I/InstrumentationBackend( 4528): Added:'ScrollToView', with key:'scroll_to_view'
12-14 00:40:01.595 I/InstrumentationBackend( 4528): Added:'ViewConfiguration', with key:'view_configuration'
12-14 00:40:01.595 I/InstrumentationBackend( 4528): Added:'IsCurrentActivityFocused', with key:'is_current_activity_focused'
12-14 00:40:01.596 I/InstrumentationBackend( 4528): Added:'SendTcp', with key:'send_tcp'
12-14 00:40:01.596 I/InstrumentationBackend( 4528): Added:'DpToDevicePixel', with key:'dp_to_device_pixel'
12-14 00:40:01.597 I/InstrumentationBackend( 4528): Added:'KeyboardEnterText', with key:'keyboard_enter_text'
12-14 00:40:01.598 I/InstrumentationBackend( 4528): Added:'DeleteSurroundingText', with key:'delete_surrounding_text'
12-14 00:40:01.598 I/InstrumentationBackend( 4528): Added:'SetComposingRegion', with key:'set_composing_region'
12-14 00:40:01.599 I/InstrumentationBackend( 4528): Added:'SetSelection', with key:'set_selection'
12-14 00:40:01.599 I/InstrumentationBackend( 4528): Added:'KeyboardKeyEvent', with key:'keyboard_key_event'
12-14 00:40:01.599 I/InstrumentationBackend( 4528): Added:'PressUserActionButton', with key:'press_user_action_button'
12-14 00:40:01.600 I/InstrumentationBackend( 4528): Added:'HideSoftKeyboard', with key:'hide_soft_keyboard'
12-14 00:40:01.601 I/InstrumentationBackend( 4528): Added:'ListActions', with key:'list_actions'
12-14 00:40:01.602 I/calabash( 4528): Instantiating http server at 7102
12-14 00:40:01.602 I/System.out( 4528): HTTP Daemon listening on: 7102
12-14 00:40:01.695 I/System.out( 4528): URI: //ping
12-14 00:40:01.697 I/System.out( 4528): params: {json={}
12-14 00:40:01.697 I/System.out( 4528): }
12-14 00:40:01.722 I/System.out( 4528): URI: //ping
12-14 00:40:01.723 I/System.out( 4528): params: {json={}
12-14 00:40:01.723 I/System.out( 4528): }
12-14 00:40:01.733 I/System.out( 4528): URI: //ready
12-14 00:40:01.733 I/System.out( 4528): params: {json={}
12-14 00:40:01.733 I/System.out( 4528): }
12-14 00:40:01.745 I/System.out( 4528): URI: //
12-14 00:40:01.745 I/System.out( 4528): params: {json={"command":"version","arguments":[]}
12-14 00:40:01.745 I/System.out( 4528): }
12-14 00:40:01.745 I/System.out( 4528): header: {content-type=application/json;charset=utf-8, date=Mon, 14 Dec 2020 05:40:02 GMT, accept=*/*, host=127.0.0.1:34777, content-length=36, user-agent=HTTPClient/1.0 (2.8.3, ruby 2.5.8 (2020-03-31))}
12-14 00:40:01.745 I/System.out( 4528): params: {json={"command":"version","arguments":[]}
12-14 00:40:01.745 I/System.out( 4528): }
12-14 00:40:01.746 I/System.out( 4528): ProP json = {"command":"version","arguments":[]}
12-14 00:40:01.746 I/System.out( 4528): files: {}
12-14 00:40:01.746 I/System.out( 4528): command: {"command":"version","arguments":[]}
12-14 00:40:01.777 I/InstrumentationBackend( 4528): Got command:'Command:'Line:null,version', arguments:'[]'
12-14 00:40:01.812 I/System.out( 4528): result:{"bonusInformation":[],"message":"0.9.8","success":true}
12-14 00:40:01.819 I/System.out( 4528): URI: //start-application
12-14 00:40:01.819 I/System.out( 4528): params: {json={"intent":null}
12-14 00:40:01.819 I/System.out( 4528): }
12-14 00:40:01.859 I/ActivityManager( 1629): START u0 {act=android.intent.action.MAIN cat=[android.intent.category.LAUNCHER] flg=0x10200000 cmp=com.evancharlton.mileage/.Mileage} from uid 10238
12-14 00:40:01.873 I/calabash( 4528): newActivity1
12-14 00:40:01.899 D/gralloc_ranchu( 1397): gralloc_alloc: Creating ashmem region of size 7753728
12-14 00:40:01.908 W/ActivityManager( 1629): Bad activity token: android.os.BinderProxy@9de9571
12-14 00:40:01.908 W/ActivityManager( 1629): java.lang.ClassCastException: android.os.BinderProxy cannot be cast to com.android.server.am.ActivityRecord$Token
12-14 00:40:01.908 W/ActivityManager( 1629): 	at com.android.server.am.ActivityRecord.forTokenLocked(ActivityRecord.java:778)
12-14 00:40:01.908 W/ActivityManager( 1629): 	at com.android.server.am.ActivityRecord.isInStackLocked(ActivityRecord.java:2085)
12-14 00:40:01.908 W/ActivityManager( 1629): 	at com.android.server.am.ActivityRecord.getStackLocked(ActivityRecord.java:2090)
12-14 00:40:01.908 W/ActivityManager( 1629): 	at com.android.server.am.ActivityManagerService.getActivityDisplayId(ActivityManagerService.java:10406)
12-14 00:40:01.908 W/ActivityManager( 1629): 	at android.app.IActivityManager$Stub.onTransact(IActivityManager.java:2738)
12-14 00:40:01.908 W/ActivityManager( 1629): 	at com.android.server.am.ActivityManagerService.onTransact(ActivityManagerService.java:2935)
12-14 00:40:01.908 W/ActivityManager( 1629): 	at android.os.Binder.execTransact(Binder.java:674)
12-14 00:40:01.910 I/calabash( 4528): newActivity1
12-14 00:40:01.919 W/ActivityManager( 1629): Bad activity token: android.os.BinderProxy@9de9571
12-14 00:40:01.919 W/ActivityManager( 1629): java.lang.ClassCastException: android.os.BinderProxy cannot be cast to com.android.server.am.ActivityRecord$Token
12-14 00:40:01.919 W/ActivityManager( 1629): 	at com.android.server.am.ActivityRecord.forTokenLocked(ActivityRecord.java:778)
12-14 00:40:01.919 W/ActivityManager( 1629): 	at com.android.server.am.ActivityRecord.isInStackLocked(ActivityRecord.java:2085)
12-14 00:40:01.919 W/ActivityManager( 1629): 	at com.android.server.am.ActivityManagerService.setTaskDescription(ActivityManagerService.java:9988)
12-14 00:40:01.919 W/ActivityManager( 1629): 	at android.app.IActivityManager$Stub.onTransact(IActivityManager.java:2824)
12-14 00:40:01.919 W/ActivityManager( 1629): 	at com.android.server.am.ActivityManagerService.onTransact(ActivityManagerService.java:2935)
12-14 00:40:01.919 W/ActivityManager( 1629): 	at android.os.Binder.execTransact(Binder.java:674)
12-14 00:40:01.923 W/ActivityManager( 1629): Bad activity token: android.os.BinderProxy@9de9571
12-14 00:40:01.923 W/ActivityManager( 1629): java.lang.ClassCastException: android.os.BinderProxy cannot be cast to com.android.server.am.ActivityRecord$Token
12-14 00:40:01.923 W/ActivityManager( 1629): 	at com.android.server.am.ActivityRecord.forTokenLocked(ActivityRecord.java:778)
12-14 00:40:01.923 W/ActivityManager( 1629): 	at com.android.server.am.ActivityRecord.isInStackLocked(ActivityRecord.java:2085)
12-14 00:40:01.923 W/ActivityManager( 1629): 	at com.android.server.am.ActivityRecord.getStackLocked(ActivityRecord.java:2090)
12-14 00:40:01.923 W/ActivityManager( 1629): 	at com.android.server.am.ActivityManagerService.getActivityStackId(ActivityManagerService.java:10417)
12-14 00:40:01.923 W/ActivityManager( 1629): 	at android.app.IActivityManager$Stub.onTransact(IActivityManager.java:3548)
12-14 00:40:01.923 W/ActivityManager( 1629): 	at com.android.server.am.ActivityManagerService.onTransact(ActivityManagerService.java:2935)
12-14 00:40:01.923 W/ActivityManager( 1629): 	at android.os.Binder.execTransact(Binder.java:674)
12-14 00:40:02.002 D/EGL_emulation( 2144): eglMakeCurrent: 0xa00043c0: ver 3 0 (tinfo 0xa0003390)
12-14 00:40:02.006 E/ContentStoreEUAS( 2170): Failed to commit the deferred actions
12-14 00:40:02.013 D/EGL_emulation( 1727): eglMakeCurrent: 0x9d72d3a0: ver 3 0 (tinfo 0x8c556c00)
12-14 00:40:02.022 D/EGL_emulation( 2170): eglMakeCurrent: 0xa00049c0: ver 3 0 (tinfo 0xa00036e0)
12-14 00:40:02.029 D/EGL_emulation( 1727): eglMakeCurrent: 0x9d72d3a0: ver 3 0 (tinfo 0x8c556c00)
12-14 00:40:02.037 D/EGL_emulation( 1727): eglMakeCurrent: 0x9d72d3a0: ver 3 0 (tinfo 0x8c556c00)
12-14 00:40:02.040 V/StatusBar( 1727): setLightsOn(true)
12-14 00:40:02.045 D/EGL_emulation( 1727): eglMakeCurrent: 0x9d72d3a0: ver 3 0 (tinfo 0x8c556c00)
12-14 00:40:02.072 I/chatty  ( 1727): uid=10028(u0_a28) RenderThread identical 2 lines
12-14 00:40:02.075 D/EGL_emulation( 1727): eglMakeCurrent: 0x9d72d3a0: ver 3 0 (tinfo 0x8c556c00)
12-14 00:40:02.076 V/StatusBar( 1727): setLightsOn(true)
12-14 00:40:02.080 W/ActivityManager( 1629): Bad activity token: android.os.BinderProxy@9de9571
12-14 00:40:02.080 W/ActivityManager( 1629): java.lang.ClassCastException: android.os.BinderProxy cannot be cast to com.android.server.am.ActivityRecord$Token
12-14 00:40:02.080 W/ActivityManager( 1629): 	at com.android.server.am.ActivityRecord.forTokenLocked(ActivityRecord.java:778)
12-14 00:40:02.080 W/ActivityManager( 1629): 	at com.android.server.am.ActivityRecord.isInStackLocked(ActivityRecord.java:2085)
12-14 00:40:02.080 W/ActivityManager( 1629): 	at com.android.server.am.ActivityManagerService.getActivityOptions(ActivityManagerService.java:13302)
12-14 00:40:02.080 W/ActivityManager( 1629): 	at android.app.IActivityManager$Stub.onTransact(IActivityManager.java:2910)
12-14 00:40:02.080 W/ActivityManager( 1629): 	at com.android.server.am.ActivityManagerService.onTransact(ActivityManagerService.java:2935)
12-14 00:40:02.080 W/ActivityManager( 1629): 	at android.os.Binder.execTransact(Binder.java:674)
12-14 00:40:02.082 W/ActivityManager( 1629): Bad activity token: android.os.BinderProxy@9de9571
12-14 00:40:02.082 W/ActivityManager( 1629): java.lang.ClassCastException: android.os.BinderProxy cannot be cast to com.android.server.am.ActivityRecord$Token
12-14 00:40:02.082 W/ActivityManager( 1629): 	at com.android.server.am.ActivityRecord.forTokenLocked(ActivityRecord.java:778)
12-14 00:40:02.082 W/ActivityManager( 1629): 	at com.android.server.am.ActivityRecord.isInStackLocked(ActivityRecord.java:2085)
12-14 00:40:02.082 W/ActivityManager( 1629): 	at com.android.server.am.ActivityManagerService.getActivityOptions(ActivityManagerService.java:13302)
12-14 00:40:02.082 W/ActivityManager( 1629): 	at android.app.IActivityManager$Stub.onTransact(IActivityManager.java:2910)
12-14 00:40:02.082 W/ActivityManager( 1629): 	at com.android.server.am.ActivityManagerService.onTransact(ActivityManagerService.java:2935)
12-14 00:40:02.082 W/ActivityManager( 1629): 	at android.os.Binder.execTransact(Binder.java:674)
12-14 00:40:02.086 D/EGL_emulation( 1727): eglMakeCurrent: 0x9d72d3a0: ver 3 0 (tinfo 0x8c556c00)
12-14 00:40:02.187 I/chatty  ( 1727): uid=10028(u0_a28) RenderThread identical 12 lines
12-14 00:40:02.198 D/EGL_emulation( 1727): eglMakeCurrent: 0x9d72d3a0: ver 3 0 (tinfo 0x8c556c00)
12-14 00:40:02.200 V/StatusBar( 1727): setLightsOn(true)
12-14 00:40:02.207 D/EGL_emulation( 1727): eglMakeCurrent: 0x9d72d3a0: ver 3 0 (tinfo 0x8c556c00)
12-14 00:40:02.224 I/chatty  ( 1727): uid=10028(u0_a28) RenderThread identical 1 line
12-14 00:40:02.229 D/EGL_emulation( 1727): eglMakeCurrent: 0x9d72d3a0: ver 3 0 (tinfo 0x8c556c00)
12-14 00:40:02.261 V/StatusBar( 1727): setLightsOn(true)
12-14 00:40:02.263 I/chatty  ( 1727): uid=10028(u0_a28) com.android.systemui identical 1 line
12-14 00:40:02.265 V/StatusBar( 1727): setLightsOn(true)
12-14 00:40:02.311 D/gralloc_ranchu( 1397): gralloc_alloc: Creating ashmem region of size 7753728
12-14 00:40:02.343 D/        ( 4528): HostConnection::get() New Host Connection established 0x9d6afd00, tid 4528
12-14 00:40:02.350 I/zygote  ( 4528): Do partial code cache collection, code=28KB, data=30KB
12-14 00:40:02.350 I/zygote  ( 4528): After code cache collection, code=28KB, data=30KB
12-14 00:40:02.350 I/zygote  ( 4528): Increasing code cache capacity to 128KB
12-14 00:40:02.350 I/zygote  ( 4528): Do partial code cache collection, code=28KB, data=48KB
12-14 00:40:02.350 I/zygote  ( 4528): After code cache collection, code=28KB, data=48KB
12-14 00:40:02.350 I/zygote  ( 4528): Increasing code cache capacity to 256KB
12-14 00:40:02.351 I/zygote  ( 4528): JIT allocated 71KB for compiled code of void android.widget.TextView.<init>(android.content.Context, android.util.AttributeSet, int, int)
12-14 00:40:02.351 I/zygote  ( 4528): Compiler allocated 4MB to compile void android.widget.TextView.<init>(android.content.Context, android.util.AttributeSet, int, int)
12-14 00:40:02.401 V/StatusBar( 1727): setLightsOn(true)
12-14 00:40:02.403 V/StatusBar( 1727): setLightsOn(true)
12-14 00:40:02.408 I/ActivityManager( 1629): Displayed com.evancharlton.mileage/.Mileage: +538ms
12-14 00:40:02.411 V/StatusBar( 1727): setLightsOn(true)
12-14 00:40:02.422 V/StatusBar( 1727): setLightsOn(true)
12-14 00:40:02.444 D/gralloc_ranchu( 1397): gralloc_alloc: Creating ashmem region of size 7753728
12-14 00:40:02.605 V/StatusBar( 1727): setLightsOn(true)
12-14 00:40:02.610 V/StatusBar( 1727): setLightsOn(true)
12-14 00:40:02.628 I/System.out( 4528): URI: //gesture
12-14 00:40:02.628 I/System.out( 4528): params: {json={"query_timeout":5.0,"gestures":[{"query_string":"android.widget.TabWidget descendant TextView index:1","touches":[{"x":50,"y":50,"offset_x":0,"offset_y":0,"wait":0.0,"time":0.2,"release":true,"query_string":null}]}]}
12-14 00:40:02.628 I/System.out( 4528): }
12-14 00:40:02.703 I/zygote  ( 4528): Do full code cache collection, code=124KB, data=74KB
12-14 00:40:02.704 I/zygote  ( 4528): After code cache collection, code=113KB, data=48KB
12-14 00:40:02.708 V/StatusBar( 1727): setLightsOn(true)
12-14 00:40:02.712 I/chatty  ( 1727): uid=10028(u0_a28) com.android.systemui identical 1 line
12-14 00:40:02.733 V/StatusBar( 1727): setLightsOn(true)
12-14 00:40:02.747 W/SurfaceFlinger( 1408): couldn't log to binary event log: overflow.
12-14 00:40:02.747 W/SurfaceFlinger( 1408): couldn't log to binary event log: overflow.
12-14 00:40:02.839 I/PBSessionCacheImpl( 2170): Deleted sessionId[5101320522475] from persistence.
12-14 00:40:02.866 W/SearchService( 2170): Abort, client detached.
12-14 00:40:02.973 W/audio_hw_generic( 1391): Not supplying enough data to HAL, expected position 597830 , only wrote 597600
12-14 00:40:02.975 W/ActivityManager( 1629): Bad activity token: android.os.BinderProxy@6a14a63
12-14 00:40:02.975 W/ActivityManager( 1629): java.lang.ClassCastException: android.os.BinderProxy cannot be cast to com.android.server.am.ActivityRecord$Token
12-14 00:40:02.975 W/ActivityManager( 1629): 	at com.android.server.am.ActivityRecord.forTokenLocked(ActivityRecord.java:778)
12-14 00:40:02.975 W/ActivityManager( 1629): 	at com.android.server.am.ActivityRecord.isInStackLocked(ActivityRecord.java:2085)
12-14 00:40:02.975 W/ActivityManager( 1629): 	at com.android.server.am.ActivityRecord.getStackLocked(ActivityRecord.java:2090)
12-14 00:40:02.975 W/ActivityManager( 1629): 	at com.android.server.am.ActivityManagerService.getActivityDisplayId(ActivityManagerService.java:10406)
12-14 00:40:02.975 W/ActivityManager( 1629): 	at android.app.IActivityManager$Stub.onTransact(IActivityManager.java:2738)
12-14 00:40:02.975 W/ActivityManager( 1629): 	at com.android.server.am.ActivityManagerService.onTransact(ActivityManagerService.java:2935)
12-14 00:40:02.975 W/ActivityManager( 1629): 	at android.os.Binder.execTransact(Binder.java:674)
12-14 00:40:02.975 I/calabash( 4528): newActivity1
12-14 00:40:02.981 W/ActivityManager( 1629): Bad activity token: android.os.BinderProxy@6a14a63
12-14 00:40:02.981 W/ActivityManager( 1629): java.lang.ClassCastException: android.os.BinderProxy cannot be cast to com.android.server.am.ActivityRecord$Token
12-14 00:40:02.981 W/ActivityManager( 1629): 	at com.android.server.am.ActivityRecord.forTokenLocked(ActivityRecord.java:778)
12-14 00:40:02.981 W/ActivityManager( 1629): 	at com.android.server.am.ActivityRecord.isInStackLocked(ActivityRecord.java:2085)
12-14 00:40:02.981 W/ActivityManager( 1629): 	at com.android.server.am.ActivityManagerService.setTaskDescription(ActivityManagerService.java:9988)
12-14 00:40:02.981 W/ActivityManager( 1629): 	at android.app.IActivityManager$Stub.onTransact(IActivityManager.java:2824)
12-14 00:40:02.981 W/ActivityManager( 1629): 	at com.android.server.am.ActivityManagerService.onTransact(ActivityManagerService.java:2935)
12-14 00:40:02.981 W/ActivityManager( 1629): 	at android.os.Binder.execTransact(Binder.java:674)
12-14 00:40:02.982 W/ActivityManager( 1629): Bad activity token: android.os.BinderProxy@6a14a63
12-14 00:40:02.982 W/ActivityManager( 1629): java.lang.ClassCastException: android.os.BinderProxy cannot be cast to com.android.server.am.ActivityRecord$Token
12-14 00:40:02.982 W/ActivityManager( 1629): 	at com.android.server.am.ActivityRecord.forTokenLocked(ActivityRecord.java:778)
12-14 00:40:02.982 W/ActivityManager( 1629): 	at com.android.server.am.ActivityRecord.isInStackLocked(ActivityRecord.java:2085)
12-14 00:40:02.982 W/ActivityManager( 1629): 	at com.android.server.am.ActivityRecord.getStackLocked(ActivityRecord.java:2090)
12-14 00:40:02.982 W/ActivityManager( 1629): 	at com.android.server.am.ActivityManagerService.getActivityStackId(ActivityManagerService.java:10417)
12-14 00:40:02.982 W/ActivityManager( 1629): 	at android.app.IActivityManager$Stub.onTransact(IActivityManager.java:3548)
12-14 00:40:02.982 W/ActivityManager( 1629): 	at com.android.server.am.ActivityManagerService.onTransact(ActivityManagerService.java:2935)
12-14 00:40:02.982 W/ActivityManager( 1629): 	at android.os.Binder.execTransact(Binder.java:674)
12-14 00:40:03.042 W/ActivityManager( 1629): Bad activity token: android.os.BinderProxy@6a14a63
12-14 00:40:03.042 W/ActivityManager( 1629): java.lang.ClassCastException: android.os.BinderProxy cannot be cast to com.android.server.am.ActivityRecord$Token
12-14 00:40:03.042 W/ActivityManager( 1629): 	at com.android.server.am.ActivityRecord.forTokenLocked(ActivityRecord.java:778)
12-14 00:40:03.042 W/ActivityManager( 1629): 	at com.android.server.am.ActivityRecord.isInStackLocked(ActivityRecord.java:2085)
12-14 00:40:03.042 W/ActivityManager( 1629): 	at com.android.server.am.ActivityManagerService.getActivityOptions(ActivityManagerService.java:13302)
12-14 00:40:03.042 W/ActivityManager( 1629): 	at android.app.IActivityManager$Stub.onTransact(IActivityManager.java:2910)
12-14 00:40:03.042 W/ActivityManager( 1629): 	at com.android.server.am.ActivityManagerService.onTransact(ActivityManagerService.java:2935)
12-14 00:40:03.042 W/ActivityManager( 1629): 	at android.os.Binder.execTransact(Binder.java:674)
12-14 00:40:03.043 W/ActivityManager( 1629): Bad activity token: android.os.BinderProxy@6a14a63
12-14 00:40:03.043 W/ActivityManager( 1629): java.lang.ClassCastException: android.os.BinderProxy cannot be cast to com.android.server.am.ActivityRecord$Token
12-14 00:40:03.043 W/ActivityManager( 1629): 	at com.android.server.am.ActivityRecord.forTokenLocked(ActivityRecord.java:778)
12-14 00:40:03.043 W/ActivityManager( 1629): 	at com.android.server.am.ActivityRecord.isInStackLocked(ActivityRecord.java:2085)
12-14 00:40:03.043 W/ActivityManager( 1629): 	at com.android.server.am.ActivityManagerService.getActivityOptions(ActivityManagerService.java:13302)
12-14 00:40:03.043 W/ActivityManager( 1629): 	at android.app.IActivityManager$Stub.onTransact(IActivityManager.java:2910)
12-14 00:40:03.043 W/ActivityManager( 1629): 	at com.android.server.am.ActivityManagerService.onTransact(ActivityManagerService.java:2935)
12-14 00:40:03.043 W/ActivityManager( 1629): 	at android.os.Binder.execTransact(Binder.java:674)
12-14 00:40:03.107 D/gralloc_ranchu( 1397): gralloc_alloc: Creating ashmem region of size 7753728
12-14 00:40:03.120 D/Mileage ( 4528): Not enough fillups to calculate economy
12-14 00:40:03.171 I/zygote  ( 4528): Do partial code cache collection, code=119KB, data=65KB
12-14 00:40:03.173 I/zygote  ( 4528): After code cache collection, code=119KB, data=65KB
12-14 00:40:03.173 I/zygote  ( 4528): Increasing code cache capacity to 512KB
12-14 00:40:03.279 E/SurfaceFlinger( 1408): ro.sf.lcd_density must be defined as a build property
12-14 00:40:03.294 D/gralloc_ranchu( 1397): gralloc_alloc: Creating ashmem region of size 8298496
12-14 00:40:03.317 D/        ( 4570): HostConnection::get() New Host Connection established 0xa7d2f800, tid 4570
12-14 00:40:03.721 I/System.out( 4528): URI: //gesture
12-14 00:40:03.721 I/System.out( 4528): params: {json={"query_timeout":5.0,"gestures":[{"query_string":"android.widget.TabWidget descendant TextView index:3","touches":[{"x":50,"y":50,"offset_x":0,"offset_y":0,"wait":0.0,"time":0.2,"release":true,"query_string":null}]}]}
12-14 00:40:03.721 I/System.out( 4528): }
12-14 00:40:04.007 W/ActivityManager( 1629): Bad activity token: android.os.BinderProxy@63791b7
12-14 00:40:04.007 W/ActivityManager( 1629): java.lang.ClassCastException: android.os.BinderProxy cannot be cast to com.android.server.am.ActivityRecord$Token
12-14 00:40:04.007 W/ActivityManager( 1629): 	at com.android.server.am.ActivityRecord.forTokenLocked(ActivityRecord.java:778)
12-14 00:40:04.007 W/ActivityManager( 1629): 	at com.android.server.am.ActivityRecord.isInStackLocked(ActivityRecord.java:2085)
12-14 00:40:04.007 W/ActivityManager( 1629): 	at com.android.server.am.ActivityRecord.getStackLocked(ActivityRecord.java:2090)
12-14 00:40:04.007 W/ActivityManager( 1629): 	at com.android.server.am.ActivityManagerService.getActivityDisplayId(ActivityManagerService.java:10406)
12-14 00:40:04.007 W/ActivityManager( 1629): 	at android.app.IActivityManager$Stub.onTransact(IActivityManager.java:2738)
12-14 00:40:04.007 W/ActivityManager( 1629): 	at com.android.server.am.ActivityManagerService.onTransact(ActivityManagerService.java:2935)
12-14 00:40:04.007 W/ActivityManager( 1629): 	at android.os.Binder.execTransact(Binder.java:674)
12-14 00:40:04.008 I/calabash( 4528): newActivity1
12-14 00:40:04.013 W/ActivityManager( 1629): Bad activity token: android.os.BinderProxy@63791b7
12-14 00:40:04.013 W/ActivityManager( 1629): java.lang.ClassCastException: android.os.BinderProxy cannot be cast to com.android.server.am.ActivityRecord$Token
12-14 00:40:04.013 W/ActivityManager( 1629): 	at com.android.server.am.ActivityRecord.forTokenLocked(ActivityRecord.java:778)
12-14 00:40:04.013 W/ActivityManager( 1629): 	at com.android.server.am.ActivityRecord.isInStackLocked(ActivityRecord.java:2085)
12-14 00:40:04.013 W/ActivityManager( 1629): 	at com.android.server.am.ActivityManagerService.setTaskDescription(ActivityManagerService.java:9988)
12-14 00:40:04.013 W/ActivityManager( 1629): 	at android.app.IActivityManager$Stub.onTransact(IActivityManager.java:2824)
12-14 00:40:04.013 W/ActivityManager( 1629): 	at com.android.server.am.ActivityManagerService.onTransact(ActivityManagerService.java:2935)
12-14 00:40:04.013 W/ActivityManager( 1629): 	at android.os.Binder.execTransact(Binder.java:674)
12-14 00:40:04.014 W/ActivityManager( 1629): Bad activity token: android.os.BinderProxy@63791b7
12-14 00:40:04.014 W/ActivityManager( 1629): java.lang.ClassCastException: android.os.BinderProxy cannot be cast to com.android.server.am.ActivityRecord$Token
12-14 00:40:04.014 W/ActivityManager( 1629): 	at com.android.server.am.ActivityRecord.forTokenLocked(ActivityRecord.java:778)
12-14 00:40:04.014 W/ActivityManager( 1629): 	at com.android.server.am.ActivityRecord.isInStackLocked(ActivityRecord.java:2085)
12-14 00:40:04.014 W/ActivityManager( 1629): 	at com.android.server.am.ActivityRecord.getStackLocked(ActivityRecord.java:2090)
12-14 00:40:04.014 W/ActivityManager( 1629): 	at com.android.server.am.ActivityManagerService.getActivityStackId(ActivityManagerService.java:10417)
12-14 00:40:04.014 W/ActivityManager( 1629): 	at android.app.IActivityManager$Stub.onTransact(IActivityManager.java:3548)
12-14 00:40:04.014 W/ActivityManager( 1629): 	at com.android.server.am.ActivityManagerService.onTransact(ActivityManagerService.java:2935)
12-14 00:40:04.014 W/ActivityManager( 1629): 	at android.os.Binder.execTransact(Binder.java:674)
12-14 00:40:04.022 W/ActivityManager( 1629): Bad activity token: android.os.BinderProxy@63791b7
12-14 00:40:04.022 W/ActivityManager( 1629): java.lang.ClassCastException: android.os.BinderProxy cannot be cast to com.android.server.am.ActivityRecord$Token
12-14 00:40:04.022 W/ActivityManager( 1629): 	at com.android.server.am.ActivityRecord.forTokenLocked(ActivityRecord.java:778)
12-14 00:40:04.022 W/ActivityManager( 1629): 	at com.android.server.am.ActivityRecord.isInStackLocked(ActivityRecord.java:2085)
12-14 00:40:04.022 W/ActivityManager( 1629): 	at com.android.server.am.ActivityManagerService.getActivityOptions(ActivityManagerService.java:13302)
12-14 00:40:04.022 W/ActivityManager( 1629): 	at android.app.IActivityManager$Stub.onTransact(IActivityManager.java:2910)
12-14 00:40:04.022 W/ActivityManager( 1629): 	at com.android.server.am.ActivityManagerService.onTransact(ActivityManagerService.java:2935)
12-14 00:40:04.022 W/ActivityManager( 1629): 	at android.os.Binder.execTransact(Binder.java:674)
12-14 00:40:04.023 W/ActivityManager( 1629): Bad activity token: android.os.BinderProxy@63791b7
12-14 00:40:04.023 W/ActivityManager( 1629): java.lang.ClassCastException: android.os.BinderProxy cannot be cast to com.android.server.am.ActivityRecord$Token
12-14 00:40:04.023 W/ActivityManager( 1629): 	at com.android.server.am.ActivityRecord.forTokenLocked(ActivityRecord.java:778)
12-14 00:40:04.023 W/ActivityManager( 1629): 	at com.android.server.am.ActivityRecord.isInStackLocked(ActivityRecord.java:2085)
12-14 00:40:04.023 W/ActivityManager( 1629): 	at com.android.server.am.ActivityManagerService.getActivityOptions(ActivityManagerService.java:13302)
12-14 00:40:04.023 W/ActivityManager( 1629): 	at android.app.IActivityManager$Stub.onTransact(IActivityManager.java:2910)
12-14 00:40:04.023 W/ActivityManager( 1629): 	at com.android.server.am.ActivityManagerService.onTransact(ActivityManagerService.java:2935)
12-14 00:40:04.023 W/ActivityManager( 1629): 	at android.os.Binder.execTransact(Binder.java:674)
12-14 00:40:04.228 E/SurfaceFlinger( 1408): ro.sf.lcd_density must be defined as a build property
12-14 00:40:04.236 D/gralloc_ranchu( 1397): gralloc_alloc: Creating ashmem region of size 8298496
12-14 00:40:04.247 D/        ( 4576): HostConnection::get() New Host Connection established 0xb722f800, tid 4576
12-14 00:40:04.593 I/System.out( 4528): URI: //gesture
12-14 00:40:04.593 I/System.out( 4528): params: {json={"query_timeout":5.0,"gestures":[{"query_string":"android.widget.TabWidget descendant TextView index:2","touches":[{"x":50,"y":50,"offset_x":0,"offset_y":0,"wait":0.0,"time":0.2,"release":true,"query_string":null}]}]}
12-14 00:40:04.593 I/System.out( 4528): }
12-14 00:40:04.891 W/ActivityManager( 1629): Bad activity token: android.os.BinderProxy@9e4908e
12-14 00:40:04.891 W/ActivityManager( 1629): java.lang.ClassCastException: android.os.BinderProxy cannot be cast to com.android.server.am.ActivityRecord$Token
12-14 00:40:04.891 W/ActivityManager( 1629): 	at com.android.server.am.ActivityRecord.forTokenLocked(ActivityRecord.java:778)
12-14 00:40:04.891 W/ActivityManager( 1629): 	at com.android.server.am.ActivityRecord.isInStackLocked(ActivityRecord.java:2085)
12-14 00:40:04.891 W/ActivityManager( 1629): 	at com.android.server.am.ActivityRecord.getStackLocked(ActivityRecord.java:2090)
12-14 00:40:04.891 W/ActivityManager( 1629): 	at com.android.server.am.ActivityManagerService.getActivityDisplayId(ActivityManagerService.java:10406)
12-14 00:40:04.891 W/ActivityManager( 1629): 	at android.app.IActivityManager$Stub.onTransact(IActivityManager.java:2738)
12-14 00:40:04.891 W/ActivityManager( 1629): 	at com.android.server.am.ActivityManagerService.onTransact(ActivityManagerService.java:2935)
12-14 00:40:04.891 W/ActivityManager( 1629): 	at android.os.Binder.execTransact(Binder.java:674)
12-14 00:40:04.892 I/calabash( 4528): newActivity1
12-14 00:40:04.995 W/ActivityManager( 1629): Bad activity token: android.os.BinderProxy@9e4908e
12-14 00:40:04.995 W/ActivityManager( 1629): java.lang.ClassCastException: android.os.BinderProxy cannot be cast to com.android.server.am.ActivityRecord$Token
12-14 00:40:04.995 W/ActivityManager( 1629): 	at com.android.server.am.ActivityRecord.forTokenLocked(ActivityRecord.java:778)
12-14 00:40:04.995 W/ActivityManager( 1629): 	at com.android.server.am.ActivityRecord.isInStackLocked(ActivityRecord.java:2085)
12-14 00:40:04.995 W/ActivityManager( 1629): 	at com.android.server.am.ActivityManagerService.setTaskDescription(ActivityManagerService.java:9988)
12-14 00:40:04.995 W/ActivityManager( 1629): 	at android.app.IActivityManager$Stub.onTransact(IActivityManager.java:2824)
12-14 00:40:04.995 W/ActivityManager( 1629): 	at com.android.server.am.ActivityManagerService.onTransact(ActivityManagerService.java:2935)
12-14 00:40:04.995 W/ActivityManager( 1629): 	at android.os.Binder.execTransact(Binder.java:674)
12-14 00:40:04.997 W/ActivityManager( 1629): Bad activity token: android.os.BinderProxy@9e4908e
12-14 00:40:04.997 W/ActivityManager( 1629): java.lang.ClassCastException: android.os.BinderProxy cannot be cast to com.android.server.am.ActivityRecord$Token
12-14 00:40:04.997 W/ActivityManager( 1629): 	at com.android.server.am.ActivityRecord.forTokenLocked(ActivityRecord.java:778)
12-14 00:40:04.997 W/ActivityManager( 1629): 	at com.android.server.am.ActivityRecord.isInStackLocked(ActivityRecord.java:2085)
12-14 00:40:04.997 W/ActivityManager( 1629): 	at com.android.server.am.ActivityRecord.getStackLocked(ActivityRecord.java:2090)
12-14 00:40:04.997 W/ActivityManager( 1629): 	at com.android.server.am.ActivityManagerService.getActivityStackId(ActivityManagerService.java:10417)
12-14 00:40:04.997 W/ActivityManager( 1629): 	at android.app.IActivityManager$Stub.onTransact(IActivityManager.java:3548)
12-14 00:40:04.997 W/ActivityManager( 1629): 	at com.android.server.am.ActivityManagerService.onTransact(ActivityManagerService.java:2935)
12-14 00:40:04.997 W/ActivityManager( 1629): 	at android.os.Binder.execTransact(Binder.java:674)
12-14 00:40:05.049 D/VehicleStatisticsActivity( 4528): Checking recalculation ...
12-14 00:40:05.052 D/VehicleStatisticsActivity( 4528): Recalculating statistics
12-14 00:40:05.052 D/VehicleStatisticsTask( 4528): Calculation starting...
12-14 00:40:05.053 D/VehicleStatisticsActivity( 4528): Recalculation started!
12-14 00:40:05.058 E/memtrack( 1629): Couldn't load memtrack module
12-14 00:40:05.058 W/android.os.Debug( 1629): failed to get memory consumption info: -1
12-14 00:40:05.060 W/ActivityManager( 1629): Bad activity token: android.os.BinderProxy@9e4908e
12-14 00:40:05.060 W/ActivityManager( 1629): java.lang.ClassCastException: android.os.BinderProxy cannot be cast to com.android.server.am.ActivityRecord$Token
12-14 00:40:05.060 W/ActivityManager( 1629): 	at com.android.server.am.ActivityRecord.forTokenLocked(ActivityRecord.java:778)
12-14 00:40:05.060 W/ActivityManager( 1629): 	at com.android.server.am.ActivityRecord.isInStackLocked(ActivityRecord.java:2085)
12-14 00:40:05.060 W/ActivityManager( 1629): 	at com.android.server.am.ActivityManagerService.getActivityOptions(ActivityManagerService.java:13302)
12-14 00:40:05.060 W/ActivityManager( 1629): 	at android.app.IActivityManager$Stub.onTransact(IActivityManager.java:2910)
12-14 00:40:05.060 W/ActivityManager( 1629): 	at com.android.server.am.ActivityManagerService.onTransact(ActivityManagerService.java:2935)
12-14 00:40:05.060 W/ActivityManager( 1629): 	at android.os.Binder.execTransact(Binder.java:674)
12-14 00:40:05.061 W/ActivityManager( 1629): Bad activity token: android.os.BinderProxy@9e4908e
12-14 00:40:05.061 W/ActivityManager( 1629): java.lang.ClassCastException: android.os.BinderProxy cannot be cast to com.android.server.am.ActivityRecord$Token
12-14 00:40:05.061 W/ActivityManager( 1629): 	at com.android.server.am.ActivityRecord.forTokenLocked(ActivityRecord.java:778)
12-14 00:40:05.061 W/ActivityManager( 1629): 	at com.android.server.am.ActivityRecord.isInStackLocked(ActivityRecord.java:2085)
12-14 00:40:05.061 W/ActivityManager( 1629): 	at com.android.server.am.ActivityManagerService.getActivityOptions(ActivityManagerService.java:13302)
12-14 00:40:05.061 W/ActivityManager( 1629): 	at android.app.IActivityManager$Stub.onTransact(IActivityManager.java:2910)
12-14 00:40:05.061 W/ActivityManager( 1629): 	at com.android.server.am.ActivityManagerService.onTransact(ActivityManagerService.java:2935)
12-14 00:40:05.061 W/ActivityManager( 1629): 	at android.os.Binder.execTransact(Binder.java:674)
12-14 00:40:05.061 D/VehicleStatisticsTask( 4528): Not enough fillups to calculate statistics
12-14 00:40:05.066 D/VehicleStatisticsActivity( 4528): Checking recalculation ...
12-14 00:40:05.071 D/VehicleStatisticsActivity( 4528): Recalculating statistics
12-14 00:40:05.071 D/VehicleStatisticsTask( 4528): Calculation starting...
12-14 00:40:05.071 D/VehicleStatisticsActivity( 4528): Recalculation started!
12-14 00:40:05.074 E/memtrack( 1629): Couldn't load memtrack module
12-14 00:40:05.074 W/android.os.Debug( 1629): failed to get memory consumption info: -1
12-14 00:40:05.118 D/VehicleStatisticsTask( 4528): Not enough fillups to calculate statistics
12-14 00:40:05.127 I/zygote  ( 4528): Do full code cache collection, code=219KB, data=143KB
12-14 00:40:05.129 I/zygote  ( 4528): After code cache collection, code=219KB, data=123KB
12-14 00:40:05.181 E/TaskPersister( 1629): File error accessing recents directory (directory doesn't exist?).
12-14 00:40:05.191 E/SurfaceFlinger( 1408): ro.sf.lcd_density must be defined as a build property
12-14 00:40:05.204 D/gralloc_ranchu( 1397): gralloc_alloc: Creating ashmem region of size 8298496
12-14 00:40:05.213 D/        ( 4582): HostConnection::get() New Host Connection established 0xa992f800, tid 4582
12-14 00:40:05.233 D/VehicleStatisticsTask( 4528): Done recalculating!
12-14 00:40:05.235 D/VehicleStatisticsAdapter( 4528): Erasing the cache ...
