--------- beginning of main
12-14 02:31:31.291 E/memtrack( 1628): Couldn't load memtrack module
12-14 02:31:31.291 W/android.os.Debug( 1628): failed to get memory consumption info: -1
12-14 02:31:31.306 D/BoundBrokerSvc( 1939): onUnbind: Intent { act=com.google.android.gms.auth.account.workaccount.START cmp=com.google.android.gms/.chimera.PersistentApiService }
12-14 02:31:31.458 I/System.out( 3859): URI: //kill
12-14 02:31:31.458 I/System.out( 3859): params: {json={}
12-14 02:31:31.458 I/System.out( 3859): }
12-14 02:31:31.458 I/System.out( 3859): Stopping test server
12-14 02:31:31.463 E/adbd    ( 1383): failed to connect to socket 'tcp:7102': Connection refused
12-14 02:31:31.465 E/adbd    ( 1383): failed to connect to socket 'tcp:7102': Connection refused
12-14 02:31:31.495 V/StatusBar( 1726): setLightsOn(true)
12-14 02:31:31.509 I/chatty  ( 1726): uid=10028(u0_a28) com.android.systemui identical 2 lines
12-14 02:31:31.518 V/StatusBar( 1726): setLightsOn(true)
12-14 02:31:31.520 D/gralloc_ranchu( 1396): gralloc_alloc: Creating ashmem region of size 8298496
12-14 02:31:31.521 V/StatusBar( 1726): setLightsOn(true)
12-14 02:31:31.544 D/BoundBrokerSvc( 1939): onUnbind: Intent { act=com.google.android.gms.auth.proximity.START cmp=com.google.android.gms/.chimera.PersistentBoundBrokerService }
12-14 02:31:31.549 D/gralloc_ranchu( 1396): gralloc_alloc: Creating ashmem region of size 8298496
12-14 02:31:31.591 D/BoundBrokerSvc( 2111): onUnbind: Intent { act=com.google.android.gms.auth.cryptauth.cryptauthservice.START cmp=com.google.android.gms/.chimera.GmsBoundBrokerService }
12-14 02:31:31.597 D/gralloc_ranchu( 1396): gralloc_alloc: Creating ashmem region of size 8298496
12-14 02:31:31.671 D/SurfaceFlinger( 1409): duplicate layer name: changing com.google.android.apps.nexuslauncher/com.google.android.apps.nexuslauncher.NexusLauncherActivity to com.google.android.apps.nexuslauncher/com.google.android.apps.nexuslauncher.NexusLauncherActivity#1
12-14 02:31:31.684 D/gralloc_ranchu( 1396): gralloc_alloc: Creating ashmem region of size 8298496
12-14 02:31:31.751 D/EGL_emulation( 1726): eglMakeCurrent: 0xa0522160: ver 3 0 (tinfo 0xa053fcb0)
12-14 02:31:31.768 D/EGL_emulation( 2212): eglMakeCurrent: 0xa24fe040: ver 3 0 (tinfo 0xa24ff740)
12-14 02:31:31.769 D/gralloc_ranchu( 1396): gralloc_alloc: Creating ashmem region of size 8298496
12-14 02:31:31.830 D/gralloc_ranchu( 1396): gralloc_alloc: Creating ashmem region of size 8298496
12-14 02:31:31.928 D/EGL_emulation( 2180): eglMakeCurrent: 0xa4b043c0: ver 3 0 (tinfo 0xa4b03390)
12-14 02:31:31.943 I/zygote  ( 2212): Deoptimizing void com.google.android.apps.gsa.search.core.service.worker.a.a.a(com.google.android.apps.gsa.search.core.state.qc) due to JIT inline cache
12-14 02:31:31.954 W/SessionLifecycleManager( 2212): Handover failed. Creating new session controller.
12-14 02:31:31.962 I/OptInState( 2212): There is a new client and it does not support opt-in. Dropping request.
12-14 02:31:31.967 D/gralloc_ranchu( 1396): gralloc_alloc: Creating ashmem region of size 7753728
12-14 02:31:31.968 I/zygote  ( 2212): Deoptimizing int[] com.google.common.collect.gx.b(java.lang.Object[], int, int, int) due to JIT inline cache
12-14 02:31:31.973 E/GmsClient( 2212): unable to connect to service: com.google.android.gms.speech.service.START on com.google.android.gms
12-14 02:31:32.014 I/zygote  ( 2212): Do full code cache collection, code=242KB, data=197KB
12-14 02:31:32.015 I/zygote  ( 2212): After code cache collection, code=231KB, data=156KB
12-14 02:31:32.026 I/MicroDetectionWorker( 2212): #updateMicroDetector [detectionMode: [mDetectionMode: [1]]]
12-14 02:31:32.026 I/MicroDetectionWorker( 2212): #startMicroDetector [speakerMode: 0]
12-14 02:31:32.027 I/AudioController( 2212): Using mInputStreamFactoryBuilder
12-14 02:31:32.029 I/MicroRecognitionRunner( 2212): Starting detection.
12-14 02:31:32.030 I/MicrophoneInputStream( 2212): mic_starting com.google.android.apps.gsa.staticplugins.aa.c@584c568
12-14 02:31:32.036 D/        ( 1726): HostConnection::get() New Host Connection established 0xa4b20e40, tid 1749
12-14 02:31:32.039 I/MicroDetectionWorker( 2212): onReady
12-14 02:31:32.041 D/EGL_emulation( 1726): eglMakeCurrent: 0xa0522160: ver 3 0 (tinfo 0xa053fcb0)
12-14 02:31:32.050 I/MicrophoneInputStream( 2212): mic_started com.google.android.apps.gsa.staticplugins.aa.c@584c568
12-14 02:31:32.060 I/MicroDetectionWorker( 2212): onReady
12-14 02:31:32.060 W/SpeechLevelGenerator( 2212): Really low audio levels detected. The audio input may have issues.
12-14 02:31:32.062 D/EGL_emulation( 1726): eglMakeCurrent: 0xa0522160: ver 3 0 (tinfo 0xa053fcb0)
12-14 02:31:32.067 I/MicrophoneInputStream( 2212): mic_close com.google.android.apps.gsa.staticplugins.aa.c@584c568
12-14 02:31:32.079 D/EGL_emulation( 1726): eglMakeCurrent: 0xa0522160: ver 3 0 (tinfo 0xa053fcb0)
12-14 02:31:32.087 I/AudioFlinger( 1474): AudioFlinger's thread 0xaf6835c0 tid=3936 ready to run
12-14 02:31:32.092 D/EGL_emulation( 1726): eglMakeCurrent: 0xa0522160: ver 3 0 (tinfo 0xa053fcb0)
12-14 02:31:32.097 I/MicroRecognitionRunner( 2212): Detection finished
12-14 02:31:32.098 D/EGL_emulation( 1726): eglMakeCurrent: 0xa0522160: ver 3 0 (tinfo 0xa053fcb0)
12-14 02:31:32.102 W/ErrorReporter( 2212): reportError [type: 211, code: 524300]: Error reading from input stream
12-14 02:31:32.104 I/MicroRecognitionRunner( 2212): Stopping hotword detection.
12-14 02:31:32.106 W/ErrorProcessor( 2212): onFatalError, processing error from engine(4)
12-14 02:31:32.106 W/ErrorProcessor( 2212): com.google.android.apps.gsa.shared.speech.b.g: Error reading from input stream
12-14 02:31:32.106 W/ErrorProcessor( 2212): 	at com.google.android.apps.gsa.staticplugins.recognizer.j.a.a(SourceFile:28)
12-14 02:31:32.106 W/ErrorProcessor( 2212): 	at com.google.android.apps.gsa.staticplugins.recognizer.j.b.run(SourceFile:15)
12-14 02:31:32.106 W/ErrorProcessor( 2212): 	at java.util.concurrent.Executors$RunnableAdapter.call(Executors.java:457)
12-14 02:31:32.106 W/ErrorProcessor( 2212): 	at java.util.concurrent.FutureTask.run(FutureTask.java:266)
12-14 02:31:32.106 W/ErrorProcessor( 2212): 	at com.google.android.apps.gsa.shared.util.concurrent.a.ax.run(SourceFile:14)
12-14 02:31:32.106 W/ErrorProcessor( 2212): 	at com.google.android.apps.gsa.shared.util.concurrent.a.bl.run(SourceFile:4)
12-14 02:31:32.106 W/ErrorProcessor( 2212): 	at com.google.android.apps.gsa.shared.util.concurrent.a.bl.run(SourceFile:4)
12-14 02:31:32.106 W/ErrorProcessor( 2212): 	at java.util.concurrent.ThreadPoolExecutor.runWorker(ThreadPoolExecutor.java:1162)
12-14 02:31:32.106 W/ErrorProcessor( 2212): 	at java.util.concurrent.ThreadPoolExecutor$Worker.run(ThreadPoolExecutor.java:636)
12-14 02:31:32.106 W/ErrorProcessor( 2212): 	at java.lang.Thread.run(Thread.java:764)
12-14 02:31:32.106 W/ErrorProcessor( 2212): 	at com.google.android.apps.gsa.shared.util.concurrent.a.ai.run(SourceFile:6)
12-14 02:31:32.106 W/ErrorProcessor( 2212): Caused by: com.google.android.apps.gsa.shared.exception.GsaIOException: Error code: 393238 | Buffer overflow, no available space.
12-14 02:31:32.106 W/ErrorProcessor( 2212): 	at com.google.android.apps.gsa.speech.audio.Tee.f(SourceFile:103)
12-14 02:31:32.106 W/ErrorProcessor( 2212): 	at com.google.android.apps.gsa.speech.audio.au.read(SourceFile:2)
12-14 02:31:32.106 W/ErrorProcessor( 2212): 	at java.io.InputStream.read(InputStream.java:101)
12-14 02:31:32.106 W/ErrorProcessor( 2212): 	at com.google.android.apps.gsa.speech.audio.ao.run(SourceFile:18)
12-14 02:31:32.106 W/ErrorProcessor( 2212): 	at com.google.android.apps.gsa.speech.audio.an.run(SourceFile:2)
12-14 02:31:32.106 W/ErrorProcessor( 2212): 	... 9 more
12-14 02:31:32.108 I/AudioController( 2212): internalShutdown
12-14 02:31:32.112 D/EGL_emulation( 1726): eglMakeCurrent: 0xa0522160: ver 3 0 (tinfo 0xa053fcb0)
12-14 02:31:32.122 D/EGL_emulation( 1726): eglMakeCurrent: 0xa0522160: ver 3 0 (tinfo 0xa053fcb0)
12-14 02:31:32.125 I/MicroDetector( 2212): Keeping mic open: false
12-14 02:31:32.125 I/MicroDetectionWorker( 2212): #onError(false)
12-14 02:31:32.126 I/DeviceStateChecker( 2212): DeviceStateChecker cancelled
12-14 02:31:32.128 D/EGL_emulation( 1726): eglMakeCurrent: 0xa0522160: ver 3 0 (tinfo 0xa053fcb0)
12-14 02:31:32.144 D/EGL_emulation( 1726): eglMakeCurrent: 0xa0522160: ver 3 0 (tinfo 0xa053fcb0)
12-14 02:31:32.146 D/        ( 1726): HostConnection::get() New Host Connection established 0xa4b20ec0, tid 1746
12-14 02:31:32.148 D/EGL_emulation( 1726): eglMakeCurrent: 0xa0522160: ver 3 0 (tinfo 0xa053fcb0)
12-14 02:31:32.244 I/chatty  ( 1726): uid=10028(u0_a28) RenderThread identical 10 lines
12-14 02:31:32.263 D/EGL_emulation( 1726): eglMakeCurrent: 0xa0522160: ver 3 0 (tinfo 0xa053fcb0)
12-14 02:31:32.405 W/OpenGLRenderer( 2180): Incorrectly called buildLayer on View: ShortcutAndWidgetContainer, destroying layer...
12-14 02:31:32.479 D/OpenGLRenderer( 1628): HWUI GL Pipeline
12-14 02:31:32.481 E/SurfaceFlinger( 1409): ro.sf.lcd_density must be defined as a build property
12-14 02:31:32.499 D/BoundBrokerSvc( 1939): onUnbind: Intent { act=com.google.android.contextmanager.service.ContextManagerService.START cmp=com.google.android.gms/.chimera.PersistentApiService }
12-14 02:31:32.507 D/        ( 1628): HostConnection::get() New Host Connection established 0x92b7efc0, tid 3937
12-14 02:31:32.509 I/OpenGLRenderer( 1628): Initialized EGL, version 1.4
12-14 02:31:32.509 D/OpenGLRenderer( 1628): Swap behavior 1
12-14 02:31:32.509 W/OpenGLRenderer( 1628): Failed to choose config with EGL_SWAP_BEHAVIOR_PRESERVED, retrying without...
12-14 02:31:32.509 D/OpenGLRenderer( 1628): Swap behavior 0
12-14 02:31:32.520 D/EGL_emulation( 1628): eglCreateContext: 0x8d30ba80: maj 3 min 0 rcv 3
12-14 02:31:32.522 D/EGL_emulation( 1628): eglMakeCurrent: 0x8d30ba80: ver 3 0 (tinfo 0xa4b61440)
12-14 02:31:32.522 E/eglCodecCommon( 1628): glUtilsParamSize: unknow param 0x00008cdf
12-14 02:31:32.522 E/eglCodecCommon( 1628): glUtilsParamSize: unknow param 0x00008cdf
12-14 02:31:32.522 E/eglCodecCommon( 1628): glUtilsParamSize: unknow param 0x00008824
12-14 02:31:32.523 E/eglCodecCommon( 1628): glUtilsParamSize: unknow param 0x00008824
12-14 02:31:33.876 W/audio_hw_generic( 1390): Not supplying enough data to HAL, expected position 308311 , only wrote 156240
12-14 02:31:36.070 D/BoundBrokerSvc( 1939): onUnbind: Intent { act=com.google.android.gms.pseudonymous.service.START cmp=com.google.android.gms/.chimera.PersistentApiService }
--------- beginning of system
12-14 02:31:35.332 E/TaskPersister( 1628): File error accessing recents directory (directory doesn't exist?).
12-14 02:31:36.297 W/RemoteFillService( 1628): Not handling { when=-7ms what=3 target=com.android.internal.os.HandlerCaller$MyHandler } as service for ComponentInfo{com.google.android.gms/com.google.android.gms.autofill.service.AutofillService} is already destroyed
12-14 02:31:37.129 I/MicroDetectionWorker( 2212): #updateMicroDetector [detectionMode: [mDetectionMode: [1]]]
12-14 02:31:37.129 I/MicroDetectionWorker( 2212): #startMicroDetector [speakerMode: 0]
12-14 02:31:37.129 I/AudioController( 2212): Using mInputStreamFactoryBuilder
12-14 02:31:37.131 I/MicroDetectionWorker( 2212): onReady
12-14 02:31:37.133 I/MicroRecognitionRunner( 2212): Starting detection.
12-14 02:31:37.134 I/MicrophoneInputStream( 2212): mic_starting com.google.android.apps.gsa.staticplugins.aa.c@a99b0ae
12-14 02:31:37.139 I/AudioFlinger( 1474): AudioFlinger's thread 0xaf5038c0 tid=3941 ready to run
12-14 02:31:37.141 I/MicrophoneInputStream( 2212): mic_started com.google.android.apps.gsa.staticplugins.aa.c@a99b0ae
12-14 02:31:37.141 E/ActivityThread( 2212): Failed to find provider info for com.google.android.apps.gsa.testing.ui.audio.recorded
12-14 02:31:37.142 I/MicroDetectionWorker( 2212): onReady
12-14 02:31:37.153 I/MicrophoneInputStream( 2212): mic_close com.google.android.apps.gsa.staticplugins.aa.c@a99b0ae
12-14 02:31:37.153 I/MicroRecognitionRunner( 2212): Detection finished
12-14 02:31:37.153 W/ErrorReporter( 2212): reportError [type: 211, code: 524300]: Error reading from input stream
12-14 02:31:37.153 I/MicroRecognitionRunner( 2212): Stopping hotword detection.
12-14 02:31:37.154 W/ErrorProcessor( 2212): onFatalError, processing error from engine(4)
12-14 02:31:37.154 W/ErrorProcessor( 2212): com.google.android.apps.gsa.shared.speech.b.g: Error reading from input stream
12-14 02:31:37.154 W/ErrorProcessor( 2212): 	at com.google.android.apps.gsa.staticplugins.recognizer.j.a.a(SourceFile:28)
12-14 02:31:37.154 W/ErrorProcessor( 2212): 	at com.google.android.apps.gsa.staticplugins.recognizer.j.b.run(SourceFile:15)
12-14 02:31:37.154 W/ErrorProcessor( 2212): 	at java.util.concurrent.Executors$RunnableAdapter.call(Executors.java:457)
12-14 02:31:37.154 W/ErrorProcessor( 2212): 	at java.util.concurrent.FutureTask.run(FutureTask.java:266)
12-14 02:31:37.154 W/ErrorProcessor( 2212): 	at com.google.android.apps.gsa.shared.util.concurrent.a.ax.run(SourceFile:14)
12-14 02:31:37.154 W/ErrorProcessor( 2212): 	at com.google.android.apps.gsa.shared.util.concurrent.a.bl.run(SourceFile:4)
12-14 02:31:37.154 W/ErrorProcessor( 2212): 	at com.google.android.apps.gsa.shared.util.concurrent.a.bl.run(SourceFile:4)
12-14 02:31:37.154 W/ErrorProcessor( 2212): 	at java.util.concurrent.ThreadPoolExecutor.runWorker(ThreadPoolExecutor.java:1162)
12-14 02:31:37.154 W/ErrorProcessor( 2212): 	at java.util.concurrent.ThreadPoolExecutor$Worker.run(ThreadPoolExecutor.java:636)
12-14 02:31:37.154 W/ErrorProcessor( 2212): 	at java.lang.Thread.run(Thread.java:764)
12-14 02:31:37.154 W/ErrorProcessor( 2212): 	at com.google.android.apps.gsa.shared.util.concurrent.a.ai.run(SourceFile:6)
12-14 02:31:37.154 W/ErrorProcessor( 2212): Caused by: com.google.android.apps.gsa.shared.exception.GsaIOException: Error code: 393238 | Buffer overflow, no available space.
12-14 02:31:37.154 W/ErrorProcessor( 2212): 	at com.google.android.apps.gsa.speech.audio.Tee.f(SourceFile:103)
12-14 02:31:37.154 W/ErrorProcessor( 2212): 	at com.google.android.apps.gsa.speech.audio.au.read(SourceFile:2)
12-14 02:31:37.154 W/ErrorProcessor( 2212): 	at java.io.InputStream.read(InputStream.java:101)
12-14 02:31:37.154 W/ErrorProcessor( 2212): 	at com.google.android.apps.gsa.speech.audio.ao.run(SourceFile:18)
12-14 02:31:37.154 W/ErrorProcessor( 2212): 	at com.google.android.apps.gsa.speech.audio.an.run(SourceFile:2)
12-14 02:31:37.154 W/ErrorProcessor( 2212): 	... 9 more
12-14 02:31:37.154 I/AudioController( 2212): internalShutdown
12-14 02:31:37.155 I/MicroDetector( 2212): Keeping mic open: false
12-14 02:31:37.155 I/MicroDetectionWorker( 2212): #onError(false)
12-14 02:31:37.155 I/DeviceStateChecker( 2212): DeviceStateChecker cancelled
12-14 02:31:37.700 I/qemu-props( 1403): start adbd ...
12-14 02:31:37.767 D/AndroidRuntime( 3945): >>>>>> START com.android.internal.os.RuntimeInit uid 2000 <<<<<<
12-14 02:31:37.799 W/app_process( 3945): Unexpected CPU variant for X86 using defaults: x86
12-14 02:31:37.818 D/AndroidRuntime( 3945): Calling main entry com.android.commands.am.Am
12-14 02:31:37.820 I/ActivityManager( 1628): Force stopping com.evancharlton.mileage appid=10354 user=0: start instr
12-14 02:31:37.820 I/ActivityManager( 1628): Killing 3859:com.evancharlton.mileage/u0a354 (adj 0): stop com.evancharlton.mileage
12-14 02:31:37.823 W/ActivityManager( 1628): Crash of app com.evancharlton.mileage running instrumentation ComponentInfo{com.evancharlton.mileage.test/sh.calaba.instrumentationbackend.CalabashInstrumentationTestRunner}
12-14 02:31:37.823 I/ActivityManager( 1628): Force stopping com.evancharlton.mileage appid=10354 user=0: finished inst
12-14 02:31:37.823 I/ActivityManager( 1628): Killing 3310:com.google.android.apps.messaging:rcs/u0a66 (adj 906): empty #17
12-14 02:31:37.833 I/zygote  ( 3957): Not late-enabling -Xcheck:jni (already on)
12-14 02:31:37.836 D/hwcomposer( 1397): hw_composer sent 53 syncs in 60s
12-14 02:31:37.839 W/zygote  ( 3957): Unexpected CPU variant for X86 using defaults: x86
12-14 02:31:37.843 I/ActivityManager( 1628): Start proc 3957:com.evancharlton.mileage/u0a354 for added application com.evancharlton.mileage
12-14 02:31:37.844 E/memtrack( 1628): Couldn't load memtrack module
12-14 02:31:37.844 W/android.os.Debug( 1628): failed to get memory consumption info: -1
12-14 02:31:37.845 W/ActivityManager( 1628): setHasOverlayUi called on unknown pid: 3859
12-14 02:31:37.850 D/AndroidRuntime( 3945): Shutting down VM
12-14 02:31:37.864 W/zygote  ( 3957): Found duplicate classes, falling back to extracting from APK : /data/app/com.evancharlton.mileage.test-MfL6AXvmwGlYUoBCpNgAkQ==/base.apk
12-14 02:31:37.864 W/zygote  ( 3957): NOTE: This wastes RAM and hurts startup performance.
12-14 02:31:37.864 W/zygote  ( 3957): Found duplicated class when checking oat files: 'Ljunit/runner/BaseTestRunner;' in /data/app/com.evancharlton.mileage.test-MfL6AXvmwGlYUoBCpNgAkQ==/base.apk and /system/framework/android.test.runner.jar
12-14 02:31:37.864 W/zygote  ( 3957): 
12-14 02:31:37.891 E/adbd    ( 1383): failed to connect to socket 'tcp:7102': Connection refused
12-14 02:31:37.893 E/adbd    ( 1383): failed to connect to socket 'tcp:7102': Connection refused
12-14 02:31:37.906 W/System  ( 3957): ClassLoader referenced unknown path: 
12-14 02:31:37.919 I/System.out( 3957): Main activity name automatically set to: com.evancharlton.mileage.Mileage
12-14 02:31:37.920 I/System.out( 3957): Calabash did not load Mono. This is only a problem if you are trying to test a Mono application
12-14 02:31:37.920 I/calabash( 3957): Test server port: 7102
12-14 02:31:37.921 I/InstrumentationBackend( 3957): Added:'GetPreferences', with key:'get_preferences'
12-14 02:31:37.979 I/InstrumentationBackend( 3957): Added:'SetPreferences', with key:'set_preferences'
12-14 02:31:37.979 I/InstrumentationBackend( 3957): Added:'ClearPreferences', with key:'clear_preferences'
12-14 02:31:37.980 I/InstrumentationBackend( 3957): Added:'PressElement', with key:'press_l10n_element'
12-14 02:31:37.980 I/InstrumentationBackend( 3957): Added:'WaitForElement', with key:'wait_for_l10n_element'
12-14 02:31:37.981 I/InstrumentationBackend( 3957): Added:'NullAction', with key:'nullAction'
12-14 02:31:37.982 I/InstrumentationBackend( 3957): Added:'PressKey', with key:'press_key'
12-14 02:31:37.982 I/InstrumentationBackend( 3957): Added:'SetActivityOrientation', with key:'set_activity_orientation'
12-14 02:31:37.982 I/InstrumentationBackend( 3957): Added:'GetActivityOrientation', with key:'get_activity_orientation'
12-14 02:31:37.984 I/InstrumentationBackend( 3957): Added:'FakeGPSLocation', with key:'set_gps_coordinates'
12-14 02:31:37.985 I/InstrumentationBackend( 3957): Added:'SetPropertyByCssSelector', with key:'set_property_by_css_selector'
12-14 02:31:37.986 I/InstrumentationBackend( 3957): Added:'GetUrl', with key:'get_url'
12-14 02:31:37.989 I/InstrumentationBackend( 3957): Added:'ScrollTo', with key:'scroll_to'
12-14 02:31:37.989 I/InstrumentationBackend( 3957): Added:'GetLoadProgress', with key:'get_load_progress'
12-14 02:31:37.989 I/InstrumentationBackend( 3957): Added:'DumpHtml', with key:'dump_html'
12-14 02:31:37.990 I/InstrumentationBackend( 3957): Added:'DumpBodyHtml', with key:'dump_body_html'
12-14 02:31:37.990 I/InstrumentationBackend( 3957): Added:'EnterTextByCssSelector', with key:'enter_text_by_selector'
12-14 02:31:37.994 I/InstrumentationBackend( 3957): Added:'AndroidSDKVersion', with key:'android_sdk_version'
12-14 02:31:37.994 I/InstrumentationBackend( 3957): Added:'Version', with key:'version'
12-14 02:31:37.995 I/InstrumentationBackend( 3957): Added:'Drag', with key:'drag'
12-14 02:31:37.995 I/InstrumentationBackend( 3957): Added:'TouchCoordinates', with key:'touch_coordinate'
12-14 02:31:37.995 I/InstrumentationBackend( 3957): Added:'LongPressCoordinate', with key:'long_press_coordinate'
12-14 02:31:37.995 I/InstrumentationBackend( 3957): Added:'DragCoordinates', with key:'drag_coordinates'
12-14 02:31:37.996 I/InstrumentationBackend( 3957): Added:'ResumeApplication', with key:'resume_application'
12-14 02:31:37.996 I/InstrumentationBackend( 3957): Added:'Swipe', with key:'swipe'
12-14 02:31:37.996 I/InstrumentationBackend( 3957): Added:'DoubleTapCoordinate', with key:'double_tap_coordinate'
12-14 02:31:37.997 I/InstrumentationBackend( 3957): Added:'ClickOnScreen', with key:'click_on_screen'
12-14 02:31:37.998 I/InstrumentationBackend( 3957): Added:'GetActivityName', with key:'get_activity_name'
12-14 02:31:37.999 I/InstrumentationBackend( 3957): Added:'ScrollToView', with key:'scroll_to_view'
12-14 02:31:37.999 I/InstrumentationBackend( 3957): Added:'ViewConfiguration', with key:'view_configuration'
12-14 02:31:37.999 I/InstrumentationBackend( 3957): Added:'IsCurrentActivityFocused', with key:'is_current_activity_focused'
12-14 02:31:38.000 I/InstrumentationBackend( 3957): Added:'SendTcp', with key:'send_tcp'
12-14 02:31:38.000 I/InstrumentationBackend( 3957): Added:'DpToDevicePixel', with key:'dp_to_device_pixel'
12-14 02:31:38.001 I/InstrumentationBackend( 3957): Added:'KeyboardEnterText', with key:'keyboard_enter_text'
12-14 02:31:38.001 I/InstrumentationBackend( 3957): Added:'DeleteSurroundingText', with key:'delete_surrounding_text'
12-14 02:31:38.002 I/InstrumentationBackend( 3957): Added:'SetComposingRegion', with key:'set_composing_region'
12-14 02:31:38.002 I/InstrumentationBackend( 3957): Added:'SetSelection', with key:'set_selection'
12-14 02:31:38.002 I/InstrumentationBackend( 3957): Added:'KeyboardKeyEvent', with key:'keyboard_key_event'
12-14 02:31:38.003 I/InstrumentationBackend( 3957): Added:'PressUserActionButton', with key:'press_user_action_button'
12-14 02:31:38.004 I/InstrumentationBackend( 3957): Added:'HideSoftKeyboard', with key:'hide_soft_keyboard'
12-14 02:31:38.005 I/InstrumentationBackend( 3957): Added:'ListActions', with key:'list_actions'
12-14 02:31:38.005 I/calabash( 3957): Instantiating http server at 7102
12-14 02:31:38.006 I/System.out( 3957): HTTP Daemon listening on: 7102
12-14 02:31:38.011 I/System.out( 3957): URI: //ping
12-14 02:31:38.011 I/System.out( 3957): params: {json={}
12-14 02:31:38.011 I/System.out( 3957): }
12-14 02:31:38.019 I/System.out( 3957): URI: //ping
12-14 02:31:38.019 I/System.out( 3957): params: {json={}
12-14 02:31:38.019 I/System.out( 3957): }
12-14 02:31:38.025 I/System.out( 3957): URI: //ready
12-14 02:31:38.025 I/System.out( 3957): params: {json={}
12-14 02:31:38.025 I/System.out( 3957): }
12-14 02:31:38.032 I/System.out( 3957): URI: //
12-14 02:31:38.032 I/System.out( 3957): params: {json={"command":"version","arguments":[]}
12-14 02:31:38.032 I/System.out( 3957): }
12-14 02:31:38.032 I/System.out( 3957): header: {content-type=application/json;charset=utf-8, date=Mon, 14 Dec 2020 07:31:38 GMT, accept=*/*, host=127.0.0.1:34777, content-length=36, user-agent=HTTPClient/1.0 (2.8.3, ruby 2.5.8 (2020-03-31))}
12-14 02:31:38.032 I/System.out( 3957): params: {json={"command":"version","arguments":[]}
12-14 02:31:38.032 I/System.out( 3957): }
12-14 02:31:38.032 I/System.out( 3957): ProP json = {"command":"version","arguments":[]}
12-14 02:31:38.032 I/System.out( 3957): files: {}
12-14 02:31:38.032 I/System.out( 3957): command: {"command":"version","arguments":[]}
12-14 02:31:38.059 I/InstrumentationBackend( 3957): Got command:'Command:'Line:null,version', arguments:'[]'
12-14 02:31:38.091 I/System.out( 3957): result:{"bonusInformation":[],"message":"0.9.8","success":true}
12-14 02:31:38.100 I/System.out( 3957): URI: //start-application
12-14 02:31:38.100 I/System.out( 3957): params: {json={"intent":null}
12-14 02:31:38.100 I/System.out( 3957): }
12-14 02:31:38.140 I/ActivityManager( 1628): START u0 {act=android.intent.action.MAIN cat=[android.intent.category.LAUNCHER] flg=0x10200000 cmp=com.evancharlton.mileage/.Mileage} from uid 10354
12-14 02:31:38.161 I/calabash( 3957): newActivity1
12-14 02:31:38.171 D/gralloc_ranchu( 1396): gralloc_alloc: Creating ashmem region of size 7753728
12-14 02:31:38.209 W/ActivityManager( 1628): Bad activity token: android.os.BinderProxy@42c20cd
12-14 02:31:38.209 W/ActivityManager( 1628): java.lang.ClassCastException: android.os.BinderProxy cannot be cast to com.android.server.am.ActivityRecord$Token
12-14 02:31:38.209 W/ActivityManager( 1628): 	at com.android.server.am.ActivityRecord.forTokenLocked(ActivityRecord.java:778)
12-14 02:31:38.209 W/ActivityManager( 1628): 	at com.android.server.am.ActivityRecord.isInStackLocked(ActivityRecord.java:2085)
12-14 02:31:38.209 W/ActivityManager( 1628): 	at com.android.server.am.ActivityRecord.getStackLocked(ActivityRecord.java:2090)
12-14 02:31:38.209 W/ActivityManager( 1628): 	at com.android.server.am.ActivityManagerService.getActivityDisplayId(ActivityManagerService.java:10406)
12-14 02:31:38.209 W/ActivityManager( 1628): 	at android.app.IActivityManager$Stub.onTransact(IActivityManager.java:2738)
12-14 02:31:38.209 W/ActivityManager( 1628): 	at com.android.server.am.ActivityManagerService.onTransact(ActivityManagerService.java:2935)
12-14 02:31:38.209 W/ActivityManager( 1628): 	at android.os.Binder.execTransact(Binder.java:674)
12-14 02:31:38.209 I/calabash( 3957): newActivity1
12-14 02:31:38.215 W/ActivityManager( 1628): Bad activity token: android.os.BinderProxy@42c20cd
12-14 02:31:38.215 W/ActivityManager( 1628): java.lang.ClassCastException: android.os.BinderProxy cannot be cast to com.android.server.am.ActivityRecord$Token
12-14 02:31:38.215 W/ActivityManager( 1628): 	at com.android.server.am.ActivityRecord.forTokenLocked(ActivityRecord.java:778)
12-14 02:31:38.215 W/ActivityManager( 1628): 	at com.android.server.am.ActivityRecord.isInStackLocked(ActivityRecord.java:2085)
12-14 02:31:38.215 W/ActivityManager( 1628): 	at com.android.server.am.ActivityManagerService.setTaskDescription(ActivityManagerService.java:9988)
12-14 02:31:38.215 W/ActivityManager( 1628): 	at android.app.IActivityManager$Stub.onTransact(IActivityManager.java:2824)
12-14 02:31:38.215 W/ActivityManager( 1628): 	at com.android.server.am.ActivityManagerService.onTransact(ActivityManagerService.java:2935)
12-14 02:31:38.215 W/ActivityManager( 1628): 	at android.os.Binder.execTransact(Binder.java:674)
12-14 02:31:38.215 W/ActivityManager( 1628): Bad activity token: android.os.BinderProxy@42c20cd
12-14 02:31:38.215 W/ActivityManager( 1628): java.lang.ClassCastException: android.os.BinderProxy cannot be cast to com.android.server.am.ActivityRecord$Token
12-14 02:31:38.215 W/ActivityManager( 1628): 	at com.android.server.am.ActivityRecord.forTokenLocked(ActivityRecord.java:778)
12-14 02:31:38.215 W/ActivityManager( 1628): 	at com.android.server.am.ActivityRecord.isInStackLocked(ActivityRecord.java:2085)
12-14 02:31:38.215 W/ActivityManager( 1628): 	at com.android.server.am.ActivityRecord.getStackLocked(ActivityRecord.java:2090)
12-14 02:31:38.215 W/ActivityManager( 1628): 	at com.android.server.am.ActivityManagerService.getActivityStackId(ActivityManagerService.java:10417)
12-14 02:31:38.215 W/ActivityManager( 1628): 	at android.app.IActivityManager$Stub.onTransact(IActivityManager.java:3548)
12-14 02:31:38.215 W/ActivityManager( 1628): 	at com.android.server.am.ActivityManagerService.onTransact(ActivityManagerService.java:2935)
12-14 02:31:38.215 W/ActivityManager( 1628): 	at android.os.Binder.execTransact(Binder.java:674)
12-14 02:31:38.240 D/EGL_emulation( 2212): eglMakeCurrent: 0xa24fe040: ver 3 0 (tinfo 0xa24ff740)
12-14 02:31:38.244 V/StatusBar( 1726): setLightsOn(true)
12-14 02:31:38.245 D/EGL_emulation( 2180): eglMakeCurrent: 0xa4b043c0: ver 3 0 (tinfo 0xa4b03390)
12-14 02:31:38.275 D/EGL_emulation( 1726): eglMakeCurrent: 0xa0522160: ver 3 0 (tinfo 0xa053fcb0)
12-14 02:31:38.277 V/StatusBar( 1726): setLightsOn(true)
12-14 02:31:38.277 E/ContentStoreEUAS( 2212): Failed to commit the deferred actions
12-14 02:31:38.279 D/EGL_emulation( 1726): eglMakeCurrent: 0xa0522160: ver 3 0 (tinfo 0xa053fcb0)
12-14 02:31:38.282 I/ActivityManager( 1628): Start proc 3987:com.android.providers.calendar/u0a4 for content provider com.android.providers.calendar/.CalendarProvider2
12-14 02:31:38.284 W/zygote  ( 3987): Unexpected CPU variant for X86 using defaults: x86
12-14 02:31:38.296 D/EGL_emulation( 1726): eglMakeCurrent: 0xa0522160: ver 3 0 (tinfo 0xa053fcb0)
12-14 02:31:38.345 W/ActivityManager( 1628): Bad activity token: android.os.BinderProxy@42c20cd
12-14 02:31:38.345 W/ActivityManager( 1628): java.lang.ClassCastException: android.os.BinderProxy cannot be cast to com.android.server.am.ActivityRecord$Token
12-14 02:31:38.345 W/ActivityManager( 1628): 	at com.android.server.am.ActivityRecord.forTokenLocked(ActivityRecord.java:778)
12-14 02:31:38.345 W/ActivityManager( 1628): 	at com.android.server.am.ActivityRecord.isInStackLocked(ActivityRecord.java:2085)
12-14 02:31:38.345 W/ActivityManager( 1628): 	at com.android.server.am.ActivityManagerService.getActivityOptions(ActivityManagerService.java:13302)
12-14 02:31:38.345 W/ActivityManager( 1628): 	at android.app.IActivityManager$Stub.onTransact(IActivityManager.java:2910)
12-14 02:31:38.345 W/ActivityManager( 1628): 	at com.android.server.am.ActivityManagerService.onTransact(ActivityManagerService.java:2935)
12-14 02:31:38.345 W/ActivityManager( 1628): 	at android.os.Binder.execTransact(Binder.java:674)
12-14 02:31:38.347 W/ActivityManager( 1628): Bad activity token: android.os.BinderProxy@42c20cd
12-14 02:31:38.347 W/ActivityManager( 1628): java.lang.ClassCastException: android.os.BinderProxy cannot be cast to com.android.server.am.ActivityRecord$Token
12-14 02:31:38.347 W/ActivityManager( 1628): 	at com.android.server.am.ActivityRecord.forTokenLocked(ActivityRecord.java:778)
12-14 02:31:38.347 W/ActivityManager( 1628): 	at com.android.server.am.ActivityRecord.isInStackLocked(ActivityRecord.java:2085)
12-14 02:31:38.347 W/ActivityManager( 1628): 	at com.android.server.am.ActivityManagerService.getActivityOptions(ActivityManagerService.java:13302)
12-14 02:31:38.347 W/ActivityManager( 1628): 	at android.app.IActivityManager$Stub.onTransact(IActivityManager.java:2910)
12-14 02:31:38.347 W/ActivityManager( 1628): 	at com.android.server.am.ActivityManagerService.onTransact(ActivityManagerService.java:2935)
12-14 02:31:38.347 W/ActivityManager( 1628): 	at android.os.Binder.execTransact(Binder.java:674)
12-14 02:31:38.347 I/chatty  ( 1726): uid=10028(u0_a28) RenderThread identical 7 lines
12-14 02:31:38.351 D/EGL_emulation( 1726): eglMakeCurrent: 0xa0522160: ver 3 0 (tinfo 0xa053fcb0)
12-14 02:31:38.359 I/CalendarProvider2( 3987): Created com.android.providers.calendar.CalendarAlarmManager@bc8dadd(com.android.providers.calendar.CalendarProvider2@b22b652)
12-14 02:31:38.366 D/EGL_emulation( 1726): eglMakeCurrent: 0xa0522160: ver 3 0 (tinfo 0xa053fcb0)
12-14 02:31:38.380 I/ActivityManager( 1628): Killing 3391:com.android.externalstorage/u0a8 (adj 906): empty #17
12-14 02:31:38.429 I/chatty  ( 1726): uid=10028(u0_a28) RenderThread identical 8 lines
12-14 02:31:38.433 D/EGL_emulation( 1726): eglMakeCurrent: 0xa0522160: ver 3 0 (tinfo 0xa053fcb0)
12-14 02:31:38.434 V/StatusBar( 1726): setLightsOn(true)
12-14 02:31:38.452 D/EGL_emulation( 1726): eglMakeCurrent: 0xa0522160: ver 3 0 (tinfo 0xa053fcb0)
12-14 02:31:38.457 I/chatty  ( 1726): uid=10028(u0_a28) RenderThread identical 1 line
12-14 02:31:38.464 D/EGL_emulation( 1726): eglMakeCurrent: 0xa0522160: ver 3 0 (tinfo 0xa053fcb0)
12-14 02:31:38.466 V/StatusBar( 1726): setLightsOn(true)
12-14 02:31:38.507 I/zygote  ( 3957): Do partial code cache collection, code=27KB, data=30KB
12-14 02:31:38.508 I/zygote  ( 3957): After code cache collection, code=27KB, data=30KB
12-14 02:31:38.508 I/zygote  ( 3957): Increasing code cache capacity to 128KB
12-14 02:31:38.509 I/zygote  ( 3957): Do partial code cache collection, code=27KB, data=48KB
12-14 02:31:38.510 I/zygote  ( 3957): After code cache collection, code=27KB, data=48KB
12-14 02:31:38.510 I/zygote  ( 3957): Increasing code cache capacity to 256KB
12-14 02:31:38.510 I/zygote  ( 3957): JIT allocated 71KB for compiled code of void android.widget.TextView.<init>(android.content.Context, android.util.AttributeSet, int, int)
12-14 02:31:38.510 I/zygote  ( 3957): Compiler allocated 4MB to compile void android.widget.TextView.<init>(android.content.Context, android.util.AttributeSet, int, int)
12-14 02:31:38.517 V/StatusBar( 1726): setLightsOn(true)
12-14 02:31:38.518 V/StatusBar( 1726): setLightsOn(true)
12-14 02:31:38.571 D/gralloc_ranchu( 1396): gralloc_alloc: Creating ashmem region of size 7753728
12-14 02:31:38.586 D/BoundBrokerSvc( 1939): onUnbind: Intent { act=com.google.android.gms.phenotype.service.START cmp=com.google.android.gms/.chimera.PersistentApiService }
12-14 02:31:38.595 D/        ( 3957): HostConnection::get() New Host Connection established 0xa21afb40, tid 3957
12-14 02:31:38.641 V/StatusBar( 1726): setLightsOn(true)
12-14 02:31:38.645 V/StatusBar( 1726): setLightsOn(true)
12-14 02:31:38.646 I/ActivityManager( 1628): Displayed com.evancharlton.mileage/.Mileage: +485ms
12-14 02:31:38.648 V/StatusBar( 1726): setLightsOn(true)
12-14 02:31:38.649 I/chatty  ( 1726): uid=10028(u0_a28) com.android.systemui identical 1 line
12-14 02:31:38.677 V/StatusBar( 1726): setLightsOn(true)
12-14 02:31:38.681 D/gralloc_ranchu( 1396): gralloc_alloc: Creating ashmem region of size 7753728
12-14 02:31:38.761 I/zygote  ( 3957): Do full code cache collection, code=124KB, data=73KB
12-14 02:31:38.765 I/ActivityManager( 1628): Killing 3384:com.google.android.ext.services/u0a14 (adj 906): empty #17
12-14 02:31:38.768 I/zygote  ( 3957): After code cache collection, code=106KB, data=48KB
12-14 02:31:38.818 V/StatusBar( 1726): setLightsOn(true)
12-14 02:31:38.826 I/chatty  ( 1726): uid=10028(u0_a28) com.android.systemui identical 1 line
12-14 02:31:38.829 V/StatusBar( 1726): setLightsOn(true)
12-14 02:31:38.850 I/System.out( 3957): URI: //map
12-14 02:31:38.850 I/System.out( 3957): params: {json={"query":"android.widget.CheckBox index:0","operation":{"method_name":"query","arguments":[]}}
12-14 02:31:38.850 I/System.out( 3957): }
12-14 02:31:38.971 V/StatusBar( 1726): setLightsOn(true)
12-14 02:31:38.972 V/StatusBar( 1726): setLightsOn(true)
12-14 02:31:38.976 I/System.out( 3957): URI: //gesture
12-14 02:31:38.977 I/System.out( 3957): params: {json={"query_timeout":5.0,"gestures":[{"query_string":"android.widget.CheckBox index:0","touches":[{"x":50,"y":50,"offset_x":0,"offset_y":0,"wait":0.0,"time":0.2,"release":true,"query_string":null}]}]}
12-14 02:31:38.978 I/System.out( 3957): }
12-14 02:31:38.990 V/StatusBar( 1726): setLightsOn(true)
12-14 02:31:39.005 W/SurfaceFlinger( 1409): couldn't log to binary event log: overflow.
12-14 02:31:39.010 I/zygote  ( 3957): Do partial code cache collection, code=124KB, data=58KB
12-14 02:31:39.011 I/zygote  ( 3957): After code cache collection, code=124KB, data=58KB
12-14 02:31:39.011 I/zygote  ( 3957): Increasing code cache capacity to 512KB
12-14 02:31:39.085 I/PBSessionCacheImpl( 2212): Deleted sessionId[9087050240072] from persistence.
12-14 02:31:39.140 W/SearchService( 2212): Abort, client detached.
12-14 02:31:39.284 W/audio_hw_generic( 1390): Not supplying enough data to HAL, expected position 156371 , only wrote 156240
12-14 02:31:39.493 E/SurfaceFlinger( 1409): ro.sf.lcd_density must be defined as a build property
12-14 02:31:39.500 D/gralloc_ranchu( 1396): gralloc_alloc: Creating ashmem region of size 8298496
12-14 02:31:39.508 D/        ( 4013): HostConnection::get() New Host Connection established 0xb402f800, tid 4013
12-14 02:31:39.561 I/ContentMaintenance( 2111): Internal cache bytes used: 0; limit: 100000000; download size: 0
12-14 02:31:39.577 I/RealtimeCacheCleanup( 2111): Beginning Realtime garbage collection.
12-14 02:31:39.581 I/RealtimeCacheCleanup( 2111): Finished Realtime garbage collection.
12-14 02:31:39.723 D/gralloc_ranchu( 1396): gralloc_alloc: Creating ashmem region of size 7753728
12-14 02:31:39.749 D/BoundBrokerSvc( 1939): onUnbind: Intent { act=com.google.android.gms.tapandpay.service.BIND cmp=com.google.android.gms/.chimera.PersistentApiService }
12-14 02:31:39.864 I/System.out( 3957): URI: //map
12-14 02:31:39.865 I/System.out( 3957): params: {json={"query":"android.widget.CheckBox index:0","operation":{"method_name":"query","arguments":[]}}
12-14 02:31:39.865 I/System.out( 3957): }
12-14 02:31:40.004 D/BoundBrokerSvc( 2111): onUnbind: Intent { act=com.google.android.gms.pay.service.BIND cmp=com.google.android.gms/.chimera.GmsApiService }
12-14 02:31:40.031 I/System.out( 3957): URI: //gesture
12-14 02:31:40.031 I/System.out( 3957): params: {json={"query_timeout":5.0,"gestures":[{"query_string":"android.widget.CheckBox index:0","touches":[{"x":50,"y":50,"offset_x":0,"offset_y":0,"wait":0.0,"time":0.2,"release":true,"query_string":null}]}]}
12-14 02:31:40.031 I/System.out( 3957): }
12-14 02:31:40.566 E/SurfaceFlinger( 1409): ro.sf.lcd_density must be defined as a build property
12-14 02:31:40.575 D/gralloc_ranchu( 1396): gralloc_alloc: Creating ashmem region of size 8298496
12-14 02:31:40.584 D/        ( 4021): HostConnection::get() New Host Connection established 0xaa02f800, tid 4021
12-14 02:31:40.706 E/BatteryStatsService( 1628): modem info is invalid: ModemActivityInfo{ mTimestamp=0 mSleepTimeMs=0 mIdleTimeMs=0 mTxTimeMs[]=[0, 0, 0, 0, 0] mRxTimeMs=0 mEnergyUsed=0}
