--------- beginning of main
12-14 02:32:17.656 I/chatty  ( 1628): uid=1000(system) RenderThread expire 25 lines
12-14 02:32:17.657 E/OpenGLRenderer( 1628): GL error:  GL_INVALID_OPERATION
12-14 02:32:17.658 V/StatusBar( 1726): setLightsOn(true)
12-14 02:32:17.659 E/OpenGLRenderer( 1628): GL error:  GL_INVALID_OPERATION
12-14 02:32:17.659 E/OpenGLRenderer( 1628): GL error:  GL_INVALID_OPERATION
12-14 02:32:17.659 V/StatusBar( 1726): setLightsOn(true)
12-14 02:32:17.660 E/OpenGLRenderer( 1628): GL error:  GL_INVALID_OPERATION
--------- beginning of system
12-14 02:32:17.660 W/ActivityManager( 1628): Finishing task with all activities already finished
12-14 02:32:17.660 W/ActivityManager( 1628): Duplicate finish request for ActivityRecord{1394e3e u0 com.evancharlton.mileage/.Mileage t66 f}
12-14 02:32:17.662 V/StatusBar( 1726): setLightsOn(true)
12-14 02:32:17.664 E/OpenGLRenderer( 1628): GL error:  GL_INVALID_OPERATION
12-14 02:32:17.665 V/StatusBar( 1726): setLightsOn(true)
12-14 02:32:17.665 W/ActivityManager( 1628): Finishing task with all activities already finished
12-14 02:32:17.666 W/ActivityManager( 1628): Duplicate finish request for ActivityRecord{1394e3e u0 com.evancharlton.mileage/.Mileage t66 f}
12-14 02:32:17.666 E/OpenGLRenderer( 1628): GL error:  GL_INVALID_OPERATION
12-14 02:32:17.667 I/chatty  ( 1628): uid=1000(system) RenderThread identical 1 line
12-14 02:32:17.668 E/OpenGLRenderer( 1628): GL error:  GL_INVALID_OPERATION
12-14 02:32:17.669 D/gralloc_ranchu( 1396): gralloc_alloc: Creating ashmem region of size 8298496
12-14 02:32:17.671 E/OpenGLRenderer( 1628): GL error:  GL_INVALID_OPERATION
12-14 02:32:17.671 W/ActivityManager( 1628): Finishing task with all activities already finished
12-14 02:32:17.671 W/ActivityManager( 1628): Duplicate finish request for ActivityRecord{1394e3e u0 com.evancharlton.mileage/.Mileage t66 f}
12-14 02:32:17.680 W/ActivityManager( 1628): Finishing task with all activities already finished
12-14 02:32:17.680 W/ActivityManager( 1628): Duplicate finish request for ActivityRecord{1394e3e u0 com.evancharlton.mileage/.Mileage t66 f}
12-14 02:32:17.684 I/chatty  ( 1628): uid=1000(system) RenderThread identical 22 lines
12-14 02:32:17.684 E/OpenGLRenderer( 1628): GL error:  GL_INVALID_OPERATION
12-14 02:32:17.685 E/OpenGLRenderer( 1628): GL error:  GL_INVALID_OPERATION
12-14 02:32:17.685 D/gralloc_ranchu( 1396): gralloc_alloc: Creating ashmem region of size 8298496
12-14 02:32:17.693 I/chatty  ( 1628): uid=1000(system) RenderThread expire 11 lines
12-14 02:32:17.694 E/OpenGLRenderer( 1628): GL error:  GL_INVALID_OPERATION
12-14 02:32:17.695 D/gralloc_ranchu( 1396): gralloc_alloc: Creating ashmem region of size 8298496
12-14 02:32:17.695 E/OpenGLRenderer( 1628): GL error:  GL_INVALID_OPERATION
12-14 02:32:17.696 D/SurfaceFlinger( 1409): duplicate layer name: changing com.google.android.apps.nexuslauncher/com.google.android.apps.nexuslauncher.NexusLauncherActivity to com.google.android.apps.nexuslauncher/com.google.android.apps.nexuslauncher.NexusLauncherActivity#1
12-14 02:32:17.704 E/OpenGLRenderer( 1628): GL error:  GL_INVALID_OPERATION
12-14 02:32:17.707 W/ActivityManager( 1628): Finishing task with all activities already finished
12-14 02:32:17.707 W/ActivityManager( 1628): Duplicate finish request for ActivityRecord{1394e3e u0 com.evancharlton.mileage/.Mileage t66 f}
12-14 02:32:17.718 W/ActivityManager( 1628): Finishing task with all activities already finished
12-14 02:32:17.718 W/ActivityManager( 1628): Duplicate finish request for ActivityRecord{1394e3e u0 com.evancharlton.mileage/.Mileage t66 f}
12-14 02:32:17.729 I/chatty  ( 1628): uid=1000(system) RenderThread identical 77 lines
12-14 02:32:17.730 E/OpenGLRenderer( 1628): GL error:  GL_INVALID_OPERATION
12-14 02:32:17.752 I/zygote  ( 2180): Do full code cache collection, code=125KB, data=84KB
12-14 02:32:17.752 I/zygote  ( 2180): After code cache collection, code=124KB, data=75KB
12-14 02:32:17.765 D/gralloc_ranchu( 1396): gralloc_alloc: Creating ashmem region of size 8298496
12-14 02:32:17.765 E/OpenGLRenderer( 1628): GL error:  GL_INVALID_OPERATION
12-14 02:32:17.780 I/chatty  ( 1628): uid=1000(system) RenderThread identical 53 lines
12-14 02:32:17.787 E/OpenGLRenderer( 1628): GL error:  GL_INVALID_OPERATION
12-14 02:32:17.804 D/EGL_emulation( 1726): eglMakeCurrent: 0xa0522160: ver 3 0 (tinfo 0xa053fcb0)
12-14 02:32:17.807 E/OpenGLRenderer( 1628): GL error:  GL_INVALID_OPERATION
12-14 02:32:17.887 I/chatty  ( 1628): uid=1000(system) RenderThread identical 69 lines
12-14 02:32:17.887 E/OpenGLRenderer( 1628): GL error:  GL_INVALID_OPERATION
12-14 02:32:17.923 E/IPCThreadState( 1409): binder thread pool (4 threads) starved for 190 ms
12-14 02:32:17.924 E/hw-IPCThreadState( 1396): binder thread pool (1 threads) starved for 158 ms
12-14 02:32:17.924 D/gralloc_ranchu( 1396): gralloc_alloc: Creating ashmem region of size 8298496
12-14 02:32:17.924 E/OpenGLRenderer( 1628): GL error:  GL_INVALID_OPERATION
12-14 02:32:17.964 I/chatty  ( 1628): uid=1000(system) RenderThread identical 54 lines
12-14 02:32:17.964 E/OpenGLRenderer( 1628): GL error:  GL_INVALID_OPERATION
12-14 02:32:17.984 I/zygote  ( 4416): Do partial code cache collection, code=250KB, data=111KB
12-14 02:32:17.985 I/zygote  ( 4416): After code cache collection, code=250KB, data=111KB
12-14 02:32:17.985 I/zygote  ( 4416): Increasing code cache capacity to 1024KB
12-14 02:32:17.991 E/OpenGLRenderer( 1628): GL error:  GL_INVALID_OPERATION
12-14 02:32:18.071 I/chatty  ( 1628): uid=1000(system) RenderThread identical 71 lines
12-14 02:32:18.071 E/OpenGLRenderer( 1628): GL error:  GL_INVALID_OPERATION
12-14 02:32:18.073 E/hw-IPCThreadState( 1396): binder thread pool (1 threads) starved for 149 ms
12-14 02:32:18.080 E/OpenGLRenderer( 1628): GL error:  GL_INVALID_OPERATION
12-14 02:32:18.101 I/chatty  ( 1628): uid=1000(system) RenderThread identical 5 lines
12-14 02:32:18.101 E/OpenGLRenderer( 1628): GL error:  GL_INVALID_OPERATION
12-14 02:32:18.101 D/gralloc_ranchu( 1396): gralloc_alloc: Creating ashmem region of size 8298496
12-14 02:32:18.101 E/OpenGLRenderer( 1628): GL error:  GL_INVALID_OPERATION
12-14 02:32:18.198 I/chatty  ( 1628): uid=1000(system) RenderThread identical 119 lines
12-14 02:32:18.198 E/OpenGLRenderer( 1628): GL error:  GL_INVALID_OPERATION
12-14 02:32:18.199 E/OpenGLRenderer( 1628): GL error:  GL_INVALID_OPERATION
12-14 02:32:18.199 D/gralloc_ranchu( 1396): gralloc_alloc: Creating ashmem region of size 8298496
12-14 02:32:18.294 I/chatty  ( 1628): uid=1000(system) RenderThread expire 219 lines
12-14 02:32:18.301 E/OpenGLRenderer( 1628): GL error:  GL_INVALID_OPERATION
12-14 02:32:18.301 D/gralloc_ranchu( 1396): gralloc_alloc: Creating ashmem region of size 8298496
12-14 02:32:18.302 E/OpenGLRenderer( 1628): GL error:  GL_INVALID_OPERATION
12-14 02:32:18.326 I/chatty  ( 1628): uid=1000(system) RenderThread identical 43 lines
12-14 02:32:18.327 E/OpenGLRenderer( 1628): GL error:  GL_INVALID_OPERATION
12-14 02:32:18.328 D/EGL_emulation( 2212): eglMakeCurrent: 0xa24fe040: ver 3 0 (tinfo 0xa24ff740)
12-14 02:32:18.328 E/OpenGLRenderer( 1628): GL error:  GL_INVALID_OPERATION
12-14 02:32:18.417 I/chatty  ( 1628): uid=1000(system) RenderThread identical 233 lines
12-14 02:32:18.417 E/OpenGLRenderer( 1628): GL error:  GL_INVALID_OPERATION
12-14 02:32:18.417 E/hw-IPCThreadState( 1396): binder thread pool (1 threads) starved for 116 ms
12-14 02:32:18.419 D/gralloc_ranchu( 1396): gralloc_alloc: Creating ashmem region of size 8298496
12-14 02:32:18.420 E/OpenGLRenderer( 1628): GL error:  GL_INVALID_OPERATION
12-14 02:32:18.521 I/chatty  ( 1628): uid=1000(system) RenderThread identical 259 lines
12-14 02:32:18.521 E/OpenGLRenderer( 1628): GL error:  GL_INVALID_OPERATION
12-14 02:32:18.522 E/hw-IPCThreadState( 1396): binder thread pool (1 threads) starved for 104 ms
12-14 02:32:18.532 E/OpenGLRenderer( 1628): GL error:  GL_INVALID_OPERATION
12-14 02:32:18.544 I/chatty  ( 1628): uid=1000(system) RenderThread identical 11 lines
12-14 02:32:18.561 E/OpenGLRenderer( 1628): GL error:  GL_INVALID_OPERATION
12-14 02:32:18.561 D/EGL_emulation( 2180): eglMakeCurrent: 0xa4b043c0: ver 3 0 (tinfo 0xa4b03390)
12-14 02:32:18.562 E/OpenGLRenderer( 1628): GL error:  GL_INVALID_OPERATION
12-14 02:32:18.568 I/chatty  ( 1628): uid=1000(system) RenderThread identical 7 lines
12-14 02:32:18.568 E/OpenGLRenderer( 1628): GL error:  GL_INVALID_OPERATION
12-14 02:32:18.568 D/gralloc_ranchu( 1396): gralloc_alloc: Creating ashmem region of size 8298496
12-14 02:32:18.568 E/OpenGLRenderer( 1628): GL error:  GL_INVALID_OPERATION
12-14 02:32:18.646 I/chatty  ( 1628): uid=1000(system) RenderThread identical 94 lines
12-14 02:32:18.647 E/OpenGLRenderer( 1628): GL error:  GL_INVALID_OPERATION
12-14 02:32:18.649 W/SessionLifecycleManager( 2212): Handover failed. Creating new session controller.
12-14 02:32:18.649 E/OpenGLRenderer( 1628): GL error:  GL_INVALID_OPERATION
12-14 02:32:18.657 I/chatty  ( 1628): uid=1000(system) RenderThread identical 24 lines
12-14 02:32:18.657 E/OpenGLRenderer( 1628): GL error:  GL_INVALID_OPERATION
12-14 02:32:18.657 I/OptInState( 2212): There is a new client and it does not support opt-in. Dropping request.
12-14 02:32:18.657 E/OpenGLRenderer( 1628): GL error:  GL_INVALID_OPERATION
12-14 02:32:18.671 I/chatty  ( 1628): uid=1000(system) RenderThread identical 91 lines
12-14 02:32:18.671 E/OpenGLRenderer( 1628): GL error:  GL_INVALID_OPERATION
12-14 02:32:18.679 D/gralloc_ranchu( 1396): gralloc_alloc: Creating ashmem region of size 7753728
12-14 02:32:18.679 E/OpenGLRenderer( 1628): GL error:  GL_INVALID_OPERATION
12-14 02:32:18.786 I/chatty  ( 1628): uid=1000(system) RenderThread identical 303 lines
12-14 02:32:18.786 E/OpenGLRenderer( 1628): GL error:  GL_INVALID_OPERATION
12-14 02:32:18.795 E/hw-IPCThreadState( 1396): binder thread pool (1 threads) starved for 117 ms
12-14 02:32:18.796 E/OpenGLRenderer( 1628): GL error:  GL_INVALID_OPERATION
12-14 02:32:18.833 I/chatty  ( 1628): uid=1000(system) RenderThread identical 68 lines
12-14 02:32:18.833 E/OpenGLRenderer( 1628): GL error:  GL_INVALID_OPERATION
12-14 02:32:18.835 W/OpenGLRenderer( 2180): Incorrectly called buildLayer on View: ShortcutAndWidgetContainer, destroying layer...
12-14 02:32:18.835 E/OpenGLRenderer( 1628): GL error:  GL_INVALID_OPERATION
12-14 02:32:18.836 I/chatty  ( 1628): uid=1000(system) RenderThread identical 3 lines
12-14 02:32:18.837 I/WindowManager( 1628): Queue is too deep! Purged item with taskid=63
12-14 02:32:18.840 E/OpenGLRenderer( 1628): GL error:  GL_INVALID_OPERATION
12-14 02:32:18.840 D/gralloc_ranchu( 1396): gralloc_alloc: Creating ashmem region of size 8298496
12-14 02:32:18.841 E/OpenGLRenderer( 1628): GL error:  GL_INVALID_OPERATION
12-14 02:32:18.878 I/chatty  ( 1628): uid=1000(system) RenderThread identical 77 lines
12-14 02:32:18.878 E/OpenGLRenderer( 1628): GL error:  GL_INVALID_OPERATION
12-14 02:32:18.881 W/ActivityManager( 1628): Unable to start service Intent { act=com.google.android.gms.speech.service.START pkg=com.google.android.gms } U=0: not found
12-14 02:32:18.884 W/ActivityManager( 1628): Unbind failed: could not find connection for android.os.BinderProxy@230592b
12-14 02:32:18.885 E/GmsClient( 2212): unable to connect to service: com.google.android.gms.speech.service.START on com.google.android.gms
12-14 02:32:18.906 E/OpenGLRenderer( 1628): GL error:  GL_INVALID_OPERATION
12-14 02:32:18.929 I/chatty  ( 1628): uid=1000(system) RenderThread identical 38 lines
12-14 02:32:18.929 E/OpenGLRenderer( 1628): GL error:  GL_INVALID_OPERATION
12-14 02:32:18.937 I/MicroDetectionWorker( 2212): #updateMicroDetector [detectionMode: [mDetectionMode: [1]]]
12-14 02:32:18.937 I/MicroDetectionWorker( 2212): #startMicroDetector [speakerMode: 0]
12-14 02:32:18.939 I/AudioController( 2212): Using mInputStreamFactoryBuilder
12-14 02:32:18.943 E/OpenGLRenderer( 1628): GL error:  GL_INVALID_OPERATION
12-14 02:32:18.949 I/chatty  ( 1628): uid=1000(system) RenderThread identical 2 lines
12-14 02:32:18.949 D/EGL_emulation( 1726): eglMakeCurrent: 0xa0522160: ver 3 0 (tinfo 0xa053fcb0)
12-14 02:32:18.949 E/OpenGLRenderer( 1628): GL error:  GL_INVALID_OPERATION
12-14 02:32:18.949 E/OpenGLRenderer( 1628): GL error:  GL_INVALID_OPERATION
12-14 02:32:18.950 I/chatty  ( 1628): uid=1000(system) RenderThread identical 1 line
12-14 02:32:18.956 I/MicroDetectionWorker( 2212): onReady
12-14 02:32:18.956 E/OpenGLRenderer( 1628): GL error:  GL_INVALID_OPERATION
12-14 02:32:18.957 D/EGL_emulation( 1726): eglMakeCurrent: 0xa0522160: ver 3 0 (tinfo 0xa053fcb0)
12-14 02:32:18.961 D/EGL_emulation( 1726): eglMakeCurrent: 0xa0522160: ver 3 0 (tinfo 0xa053fcb0)
12-14 02:32:18.966 E/OpenGLRenderer( 1628): GL error:  GL_INVALID_OPERATION
12-14 02:32:18.970 I/chatty  ( 1628): uid=1000(system) RenderThread identical 16 lines
12-14 02:32:18.970 E/OpenGLRenderer( 1628): GL error:  GL_INVALID_OPERATION
12-14 02:32:18.971 D/EGL_emulation( 1726): eglMakeCurrent: 0xa0522160: ver 3 0 (tinfo 0xa053fcb0)
12-14 02:32:18.971 E/OpenGLRenderer( 1628): GL error:  GL_INVALID_OPERATION
12-14 02:32:18.980 I/chatty  ( 1628): uid=1000(system) RenderThread identical 54 lines
12-14 02:32:18.987 E/OpenGLRenderer( 1628): GL error:  GL_INVALID_OPERATION
12-14 02:32:18.988 D/EGL_emulation( 1726): eglMakeCurrent: 0xa0522160: ver 3 0 (tinfo 0xa053fcb0)
12-14 02:32:18.989 E/OpenGLRenderer( 1628): GL error:  GL_INVALID_OPERATION
12-14 02:32:18.996 I/chatty  ( 1628): uid=1000(system) RenderThread identical 38 lines
12-14 02:32:18.997 E/OpenGLRenderer( 1628): GL error:  GL_INVALID_OPERATION
12-14 02:32:18.998 I/MicroRecognitionRunner( 2212): Starting detection.
12-14 02:32:18.999 E/OpenGLRenderer( 1628): GL error:  GL_INVALID_OPERATION
12-14 02:32:18.999 E/OpenGLRenderer( 1628): GL error:  GL_INVALID_OPERATION
12-14 02:32:18.999 D/EGL_emulation( 1726): eglMakeCurrent: 0xa0522160: ver 3 0 (tinfo 0xa053fcb0)
12-14 02:32:18.999 E/OpenGLRenderer( 1628): GL error:  GL_INVALID_OPERATION
12-14 02:32:19.005 I/chatty  ( 1628): uid=1000(system) RenderThread identical 39 lines
12-14 02:32:19.005 E/OpenGLRenderer( 1628): GL error:  GL_INVALID_OPERATION
12-14 02:32:19.007 I/MicrophoneInputStream( 2212): mic_starting com.google.android.apps.gsa.staticplugins.aa.c@513cb90
12-14 02:32:19.008 E/OpenGLRenderer( 1628): GL error:  GL_INVALID_OPERATION
12-14 02:32:19.012 I/chatty  ( 1628): uid=1000(system) RenderThread identical 3 lines
12-14 02:32:19.012 E/OpenGLRenderer( 1628): GL error:  GL_INVALID_OPERATION
12-14 02:32:19.017 D/EGL_emulation( 1726): eglMakeCurrent: 0xa0522160: ver 3 0 (tinfo 0xa053fcb0)
12-14 02:32:19.017 E/OpenGLRenderer( 1628): GL error:  GL_INVALID_OPERATION
12-14 02:32:19.018 I/chatty  ( 1628): uid=1000(system) RenderThread identical 3 lines
12-14 02:32:19.018 E/OpenGLRenderer( 1628): GL error:  GL_INVALID_OPERATION
12-14 02:32:19.021 I/MicrophoneInputStream( 2212): mic_started com.google.android.apps.gsa.staticplugins.aa.c@513cb90
12-14 02:32:19.022 E/OpenGLRenderer( 1628): GL error:  GL_INVALID_OPERATION
12-14 02:32:19.022 E/OpenGLRenderer( 1628): GL error:  GL_INVALID_OPERATION
12-14 02:32:19.022 D/EGL_emulation( 1726): eglMakeCurrent: 0xa0522160: ver 3 0 (tinfo 0xa053fcb0)
12-14 02:32:19.022 E/ActivityThread( 2212): Failed to find provider info for com.google.android.apps.gsa.testing.ui.audio.recorded
12-14 02:32:19.023 I/MicroDetectionWorker( 2212): onReady
12-14 02:32:19.023 W/SpeechLevelGenerator( 2212): Really low audio levels detected. The audio input may have issues.
12-14 02:32:19.024 I/MicrophoneInputStream( 2212): mic_close com.google.android.apps.gsa.staticplugins.aa.c@513cb90
12-14 02:32:19.025 E/OpenGLRenderer( 1628): GL error:  GL_INVALID_OPERATION
12-14 02:32:19.035 I/chatty  ( 1628): uid=1000(system) RenderThread identical 30 lines
12-14 02:32:19.036 E/OpenGLRenderer( 1628): GL error:  GL_INVALID_OPERATION
12-14 02:32:19.037 I/MicroRecognitionRunner( 2212): Detection finished
12-14 02:32:19.037 E/OpenGLRenderer( 1628): GL error:  GL_INVALID_OPERATION
12-14 02:32:19.037 I/chatty  ( 1628): uid=1000(system) RenderThread identical 1 line
12-14 02:32:19.038 E/OpenGLRenderer( 1628): GL error:  GL_INVALID_OPERATION
12-14 02:32:19.038 D/EGL_emulation( 1726): eglMakeCurrent: 0xa0522160: ver 3 0 (tinfo 0xa053fcb0)
12-14 02:32:19.039 E/OpenGLRenderer( 1628): GL error:  GL_INVALID_OPERATION
12-14 02:32:19.041 I/chatty  ( 1628): uid=1000(system) RenderThread identical 17 lines
12-14 02:32:19.041 E/OpenGLRenderer( 1628): GL error:  GL_INVALID_OPERATION
12-14 02:32:19.042 D/EGL_emulation( 1726): eglMakeCurrent: 0xa0522160: ver 3 0 (tinfo 0xa053fcb0)
12-14 02:32:19.042 E/OpenGLRenderer( 1628): GL error:  GL_INVALID_OPERATION
12-14 02:32:19.052 I/chatty  ( 1628): uid=1000(system) RenderThread identical 40 lines
12-14 02:32:19.052 E/OpenGLRenderer( 1628): GL error:  GL_INVALID_OPERATION
12-14 02:32:19.053 I/AudioFlinger( 1474): AudioFlinger's thread 0xae6a1280 tid=4524 ready to run
12-14 02:32:19.053 D/EGL_emulation( 1726): eglMakeCurrent: 0xa0522160: ver 3 0 (tinfo 0xa053fcb0)
12-14 02:32:19.053 E/OpenGLRenderer( 1628): GL error:  GL_INVALID_OPERATION
12-14 02:32:19.055 I/chatty  ( 1628): uid=1000(system) RenderThread identical 2 lines
12-14 02:32:19.057 E/OpenGLRenderer( 1628): GL error:  GL_INVALID_OPERATION
12-14 02:32:19.058 D/EGL_emulation( 1726): eglMakeCurrent: 0xa0522160: ver 3 0 (tinfo 0xa053fcb0)
12-14 02:32:19.058 E/OpenGLRenderer( 1628): GL error:  GL_INVALID_OPERATION
12-14 02:32:19.071 I/chatty  ( 1628): uid=1000(system) RenderThread identical 84 lines
12-14 02:32:19.072 E/OpenGLRenderer( 1628): GL error:  GL_INVALID_OPERATION
12-14 02:32:19.072 W/ErrorReporter( 2212): reportError [type: 211, code: 524300]: Error reading from input stream
12-14 02:32:19.072 E/OpenGLRenderer( 1628): GL error:  GL_INVALID_OPERATION
12-14 02:32:19.072 I/chatty  ( 1628): uid=1000(system) RenderThread identical 1 line
12-14 02:32:19.072 E/OpenGLRenderer( 1628): GL error:  GL_INVALID_OPERATION
12-14 02:32:19.072 E/OpenGLRenderer( 1628): GL error:  GL_INVALID_OPERATION
12-14 02:32:19.074 I/MicroRecognitionRunner( 2212): Stopping hotword detection.
12-14 02:32:19.077 I/chatty  ( 1628): uid=1000(system) RenderThread expire 15 lines
12-14 02:32:19.077 E/OpenGLRenderer( 1628): GL error:  GL_INVALID_OPERATION
12-14 02:32:19.077 D/EGL_emulation( 1726): eglMakeCurrent: 0xa0522160: ver 3 0 (tinfo 0xa053fcb0)
12-14 02:32:19.078 E/OpenGLRenderer( 1628): GL error:  GL_INVALID_OPERATION
12-14 02:32:19.086 I/chatty  ( 1628): uid=1000(system) RenderThread identical 12 lines
12-14 02:32:19.086 E/OpenGLRenderer( 1628): GL error:  GL_INVALID_OPERATION
12-14 02:32:19.088 D/EGL_emulation( 1726): eglMakeCurrent: 0xa0522160: ver 3 0 (tinfo 0xa053fcb0)
12-14 02:32:19.090 E/OpenGLRenderer( 1628): GL error:  GL_INVALID_OPERATION
12-14 02:32:19.094 I/chatty  ( 1628): uid=1000(system) RenderThread identical 32 lines
12-14 02:32:19.094 E/OpenGLRenderer( 1628): GL error:  GL_INVALID_OPERATION
12-14 02:32:19.099 D/EGL_emulation( 1726): eglMakeCurrent: 0xa0522160: ver 3 0 (tinfo 0xa053fcb0)
12-14 02:32:19.101 E/OpenGLRenderer( 1628): GL error:  GL_INVALID_OPERATION
12-14 02:32:19.106 I/chatty  ( 1628): uid=1000(system) RenderThread identical 9 lines
12-14 02:32:19.106 E/OpenGLRenderer( 1628): GL error:  GL_INVALID_OPERATION
12-14 02:32:19.106 W/ErrorProcessor( 2212): onFatalError, processing error from engine(4)
12-14 02:32:19.106 W/ErrorProcessor( 2212): com.google.android.apps.gsa.shared.speech.b.g: Error reading from input stream
12-14 02:32:19.106 W/ErrorProcessor( 2212): 	at com.google.android.apps.gsa.staticplugins.recognizer.j.a.a(SourceFile:28)
12-14 02:32:19.106 W/ErrorProcessor( 2212): 	at com.google.android.apps.gsa.staticplugins.recognizer.j.b.run(SourceFile:15)
12-14 02:32:19.106 W/ErrorProcessor( 2212): 	at java.util.concurrent.Executors$RunnableAdapter.call(Executors.java:457)
12-14 02:32:19.106 W/ErrorProcessor( 2212): 	at java.util.concurrent.FutureTask.run(FutureTask.java:266)
12-14 02:32:19.106 W/ErrorProcessor( 2212): 	at com.google.android.apps.gsa.shared.util.concurrent.a.ax.run(SourceFile:14)
12-14 02:32:19.106 W/ErrorProcessor( 2212): 	at com.google.android.apps.gsa.shared.util.concurrent.a.bl.run(SourceFile:4)
12-14 02:32:19.106 W/ErrorProcessor( 2212): 	at com.google.android.apps.gsa.shared.util.concurrent.a.bl.run(SourceFile:4)
12-14 02:32:19.106 W/ErrorProcessor( 2212): 	at java.util.concurrent.ThreadPoolExecutor.runWorker(ThreadPoolExecutor.java:1162)
12-14 02:32:19.106 W/ErrorProcessor( 2212): 	at java.util.concurrent.ThreadPoolExecutor$Worker.run(ThreadPoolExecutor.java:636)
12-14 02:32:19.106 W/ErrorProcessor( 2212): 	at java.lang.Thread.run(Thread.java:764)
12-14 02:32:19.106 W/ErrorProcessor( 2212): 	at com.google.android.apps.gsa.shared.util.concurrent.a.ai.run(SourceFile:6)
12-14 02:32:19.106 W/ErrorProcessor( 2212): Caused by: com.google.android.apps.gsa.shared.exception.GsaIOException: Error code: 393238 | Buffer overflow, no available space.
12-14 02:32:19.106 W/ErrorProcessor( 2212): 	at com.google.android.apps.gsa.speech.audio.Tee.f(SourceFile:103)
12-14 02:32:19.106 W/ErrorProcessor( 2212): 	at com.google.android.apps.gsa.speech.audio.au.read(SourceFile:2)
12-14 02:32:19.106 W/ErrorProcessor( 2212): 	at java.io.InputStream.read(InputStream.java:101)
12-14 02:32:19.106 W/ErrorProcessor( 2212): 	at com.google.android.apps.gsa.speech.audio.ao.run(SourceFile:18)
12-14 02:32:19.106 W/ErrorProcessor( 2212): 	at com.google.android.apps.gsa.speech.audio.an.run(SourceFile:2)
12-14 02:32:19.106 W/ErrorProcessor( 2212): 	... 9 more
12-14 02:32:19.106 D/EGL_emulation( 1726): eglMakeCurrent: 0xa0522160: ver 3 0 (tinfo 0xa053fcb0)
12-14 02:32:19.106 E/OpenGLRenderer( 1628): GL error:  GL_INVALID_OPERATION
12-14 02:32:19.117 I/chatty  ( 1628): uid=1000(system) RenderThread identical 36 lines
12-14 02:32:19.118 E/OpenGLRenderer( 1628): GL error:  GL_INVALID_OPERATION
12-14 02:32:19.120 D/EGL_emulation( 1726): eglMakeCurrent: 0xa0522160: ver 3 0 (tinfo 0xa053fcb0)
12-14 02:32:19.123 I/AudioController( 2212): internalShutdown
12-14 02:32:19.124 E/OpenGLRenderer( 1628): GL error:  GL_INVALID_OPERATION
12-14 02:32:19.126 I/chatty  ( 1628): uid=1000(system) RenderThread identical 10 lines
12-14 02:32:19.126 E/OpenGLRenderer( 1628): GL error:  GL_INVALID_OPERATION
12-14 02:32:19.126 I/zygote  ( 2212): Background concurrent copying GC freed 7669(561KB) AllocSpace objects, 6(120KB) LOS objects, 49% free, 4MB/9MB, paused 1.773ms total 127.003ms
12-14 02:32:19.126 E/OpenGLRenderer( 1628): GL error:  GL_INVALID_OPERATION
12-14 02:32:19.137 I/chatty  ( 1628): uid=1000(system) RenderThread identical 16 lines
12-14 02:32:19.137 E/OpenGLRenderer( 1628): GL error:  GL_INVALID_OPERATION
12-14 02:32:19.138 D/EGL_emulation( 1726): eglMakeCurrent: 0xa0522160: ver 3 0 (tinfo 0xa053fcb0)
12-14 02:32:19.140 E/OpenGLRenderer( 1628): GL error:  GL_INVALID_OPERATION
12-14 02:32:19.143 I/chatty  ( 1628): uid=1000(system) RenderThread identical 11 lines
12-14 02:32:19.143 E/OpenGLRenderer( 1628): GL error:  GL_INVALID_OPERATION
12-14 02:32:19.145 D/EGL_emulation( 1726): eglMakeCurrent: 0xa0522160: ver 3 0 (tinfo 0xa053fcb0)
12-14 02:32:19.146 E/OpenGLRenderer( 1628): GL error:  GL_INVALID_OPERATION
12-14 02:32:19.149 I/chatty  ( 1628): uid=1000(system) RenderThread identical 1 line
12-14 02:32:19.149 E/OpenGLRenderer( 1628): GL error:  GL_INVALID_OPERATION
12-14 02:32:19.150 I/MicroDetector( 2212): Keeping mic open: false
12-14 02:32:19.150 I/MicroDetectionWorker( 2212): #onError(false)
12-14 02:32:19.150 I/DeviceStateChecker( 2212): DeviceStateChecker cancelled
12-14 02:32:19.151 E/OpenGLRenderer( 1628): GL error:  GL_INVALID_OPERATION
12-14 02:32:19.152 I/chatty  ( 1628): uid=1000(system) RenderThread identical 17 lines
12-14 02:32:19.153 E/OpenGLRenderer( 1628): GL error:  GL_INVALID_OPERATION
12-14 02:32:19.153 I/zygote  ( 1726): NativeAllocBackground concurrent copying GC freed 13472(832KB) AllocSpace objects, 0(0B) LOS objects, 49% free, 4MB/9MB, paused 4.386ms total 170.024ms
12-14 02:32:19.153 E/OpenGLRenderer( 1628): GL error:  GL_INVALID_OPERATION
12-14 02:32:19.339 I/chatty  ( 1628): uid=1000(system) RenderThread identical 785 lines
12-14 02:32:19.339 E/OpenGLRenderer( 1628): GL error:  GL_INVALID_OPERATION
12-14 02:32:19.339 I/cr_CronetLibraryLoader( 1939): Cronet version: 85.0.4183.127, arch: i686
12-14 02:32:19.340 E/OpenGLRenderer( 1628): GL error:  GL_INVALID_OPERATION
12-14 02:32:19.356 I/chatty  ( 1628): uid=1000(system) RenderThread identical 88 lines
12-14 02:32:19.356 E/OpenGLRenderer( 1628): GL error:  GL_INVALID_OPERATION
12-14 02:32:19.359 D/AndroidRuntime( 4518): >>>>>> START com.android.internal.os.RuntimeInit uid 2000 <<<<<<
12-14 02:32:19.361 E/OpenGLRenderer( 1628): GL error:  GL_INVALID_OPERATION
12-14 02:32:19.401 I/chatty  ( 1628): uid=1000(system) RenderThread identical 257 lines
12-14 02:32:19.401 E/OpenGLRenderer( 1628): GL error:  GL_INVALID_OPERATION
12-14 02:32:19.403 W/ResourceType( 1939): ResTable_typeSpec entry count inconsistent: given 67, previously 69
12-14 02:32:19.403 W/ResourceType( 1939): ResTable_typeSpec entry count inconsistent: given 5411, previously 5412
12-14 02:32:19.403 E/OpenGLRenderer( 1628): GL error:  GL_INVALID_OPERATION
12-14 02:32:19.434 I/chatty  ( 1628): uid=1000(system) RenderThread identical 116 lines
12-14 02:32:19.434 E/OpenGLRenderer( 1628): GL error:  GL_INVALID_OPERATION
12-14 02:32:19.434 W/app_process( 4518): Unexpected CPU variant for X86 using defaults: x86
12-14 02:32:19.434 E/OpenGLRenderer( 1628): GL error:  GL_INVALID_OPERATION
12-14 02:32:19.469 I/chatty  ( 1628): uid=1000(system) RenderThread identical 203 lines
12-14 02:32:19.469 E/OpenGLRenderer( 1628): GL error:  GL_INVALID_OPERATION
12-14 02:32:19.469 D/AndroidRuntime( 4518): Calling main entry com.android.commands.am.Am
12-14 02:32:19.469 E/OpenGLRenderer( 1628): GL error:  GL_INVALID_OPERATION
12-14 02:32:19.471 I/chatty  ( 1628): uid=1000(system) RenderThread identical 12 lines
12-14 02:32:19.471 E/OpenGLRenderer( 1628): GL error:  GL_INVALID_OPERATION
12-14 02:32:19.471 I/zygote  ( 1939): Deoptimizing void cddo.P(int, java.util.List, cdad) due to JIT inline cache
12-14 02:32:19.471 E/OpenGLRenderer( 1628): GL error:  GL_INVALID_OPERATION
12-14 02:32:19.471 I/zygote  ( 1939): Deoptimizing void cddo.Q(int, java.util.List, cdad) due to JIT inline cache
12-14 02:32:19.471 E/OpenGLRenderer( 1628): GL error:  GL_INVALID_OPERATION
12-14 02:32:19.476 I/ActivityManager( 1628): Force stopping com.evancharlton.mileage appid=10354 user=0: start instr
12-14 02:32:19.476 I/ActivityManager( 1628): Killing 4416:com.evancharlton.mileage/u0a354 (adj 0): stop com.evancharlton.mileage
12-14 02:32:19.477 W/ActivityManager( 1628): Crash of app com.evancharlton.mileage running instrumentation ComponentInfo{com.evancharlton.mileage.test/sh.calaba.instrumentationbackend.CalabashInstrumentationTestRunner}
12-14 02:32:19.477 I/ActivityManager( 1628): Force stopping com.evancharlton.mileage appid=10354 user=0: finished inst
12-14 02:32:19.494 I/chatty  ( 1628): uid=1000(system) RenderThread identical 155 lines
12-14 02:32:19.494 E/OpenGLRenderer( 1628): GL error:  GL_INVALID_OPERATION
12-14 02:32:19.495 I/ActivityManager( 1628): Start proc 4538:com.evancharlton.mileage/u0a354 for added application com.evancharlton.mileage
12-14 02:32:19.497 D/AndroidRuntime( 4518): Shutting down VM
12-14 02:32:19.498 I/zygote  ( 4538): Not late-enabling -Xcheck:jni (already on)
12-14 02:32:19.500 W/app_process( 4518): Thread attaching while runtime is shutting down: Binder:4518_1
12-14 02:32:19.500 I/AndroidRuntime( 4518): NOTE: attach of thread 'Binder:4518_1' failed
12-14 02:32:19.505 E/OpenGLRenderer( 1628): GL error:  GL_INVALID_OPERATION
12-14 02:32:19.529 W/ActivityManager( 1628): setHasOverlayUi called on unknown pid: 4416
12-14 02:32:19.532 I/chatty  ( 1628): uid=1000(system) RenderThread identical 105 lines
12-14 02:32:19.532 E/OpenGLRenderer( 1628): GL error:  GL_INVALID_OPERATION
12-14 02:32:19.532 E/adbd    ( 1383): failed to connect to socket 'tcp:7102': Connection refused
12-14 02:32:19.532 E/OpenGLRenderer( 1628): GL error:  GL_INVALID_OPERATION
12-14 02:32:19.535 I/chatty  ( 1628): uid=1000(system) RenderThread identical 8 lines
12-14 02:32:19.536 E/OpenGLRenderer( 1628): GL error:  GL_INVALID_OPERATION
12-14 02:32:19.536 E/adbd    ( 1383): failed to connect to socket 'tcp:7102': Connection refused
12-14 02:32:19.536 E/OpenGLRenderer( 1628): GL error:  GL_INVALID_OPERATION
12-14 02:32:19.544 I/chatty  ( 1628): uid=1000(system) RenderThread identical 66 lines
12-14 02:32:19.547 E/OpenGLRenderer( 1628): GL error:  GL_INVALID_OPERATION
12-14 02:32:19.550 W/zygote  ( 4538): Unexpected CPU variant for X86 using defaults: x86
12-14 02:32:19.550 E/OpenGLRenderer( 1628): GL error:  GL_INVALID_OPERATION
12-14 02:32:19.586 I/chatty  ( 1628): uid=1000(system) RenderThread identical 210 lines
12-14 02:32:19.586 E/OpenGLRenderer( 1628): GL error:  GL_INVALID_OPERATION
12-14 02:32:19.586 I/zygote  ( 1939): Deoptimizing cczp cczp.E(cczp) due to JIT inline cache
12-14 02:32:19.586 I/zygote  ( 1939): Deoptimizing void cddm.<init>(cczp, cczp) due to JIT inline cache
12-14 02:32:19.586 E/OpenGLRenderer( 1628): GL error:  GL_INVALID_OPERATION
12-14 02:32:19.611 I/chatty  ( 1628): uid=1000(system) RenderThread identical 95 lines
12-14 02:32:19.611 E/OpenGLRenderer( 1628): GL error:  GL_INVALID_OPERATION
12-14 02:32:19.611 W/zygote  ( 4538): Found duplicate classes, falling back to extracting from APK : /data/app/com.evancharlton.mileage.test-MfL6AXvmwGlYUoBCpNgAkQ==/base.apk
12-14 02:32:19.611 W/zygote  ( 4538): NOTE: This wastes RAM and hurts startup performance.
12-14 02:32:19.611 E/OpenGLRenderer( 1628): GL error:  GL_INVALID_OPERATION
12-14 02:32:19.611 W/zygote  ( 4538): Found duplicated class when checking oat files: 'Ljunit/runner/BaseTestRunner;' in /data/app/com.evancharlton.mileage.test-MfL6AXvmwGlYUoBCpNgAkQ==/base.apk and /system/framework/android.test.runner.jar
12-14 02:32:19.611 W/zygote  ( 4538): 
12-14 02:32:19.612 E/OpenGLRenderer( 1628): GL error:  GL_INVALID_OPERATION
12-14 02:32:19.647 I/chatty  ( 1628): uid=1000(system) RenderThread identical 241 lines
12-14 02:32:19.647 E/OpenGLRenderer( 1628): GL error:  GL_INVALID_OPERATION
12-14 02:32:19.647 E/adbd    ( 1383): failed to connect to socket 'tcp:7102': Connection refused
12-14 02:32:19.647 E/OpenGLRenderer( 1628): GL error:  GL_INVALID_OPERATION
12-14 02:32:19.659 I/chatty  ( 1628): uid=1000(system) RenderThread identical 82 lines
12-14 02:32:19.659 E/OpenGLRenderer( 1628): GL error:  GL_INVALID_OPERATION
12-14 02:32:19.659 W/System  ( 4538): ClassLoader referenced unknown path: 
12-14 02:32:19.659 E/OpenGLRenderer( 1628): GL error:  GL_INVALID_OPERATION
12-14 02:32:19.663 I/chatty  ( 1628): uid=1000(system) RenderThread identical 31 lines
12-14 02:32:19.664 E/OpenGLRenderer( 1628): GL error:  GL_INVALID_OPERATION
12-14 02:32:19.664 E/adbd    ( 1383): failed to connect to socket 'tcp:7102': Connection refused
12-14 02:32:19.664 E/OpenGLRenderer( 1628): GL error:  GL_INVALID_OPERATION
12-14 02:32:19.681 I/chatty  ( 1628): uid=1000(system) RenderThread identical 135 lines
12-14 02:32:19.682 E/OpenGLRenderer( 1628): GL error:  GL_INVALID_OPERATION
12-14 02:32:19.682 I/System.out( 4538): Main activity name automatically set to: com.evancharlton.mileage.Mileage
12-14 02:32:19.682 E/OpenGLRenderer( 1628): GL error:  GL_INVALID_OPERATION
12-14 02:32:19.682 I/chatty  ( 1628): uid=1000(system) RenderThread identical 4 lines
12-14 02:32:19.682 E/OpenGLRenderer( 1628): GL error:  GL_INVALID_OPERATION
12-14 02:32:19.682 I/System.out( 4538): Calabash did not load Mono. This is only a problem if you are trying to test a Mono application
12-14 02:32:19.682 E/OpenGLRenderer( 1628): GL error:  GL_INVALID_OPERATION
12-14 02:32:19.683 I/chatty  ( 1628): uid=1000(system) RenderThread identical 2 lines
12-14 02:32:19.683 I/calabash( 4538): Test server port: 7102
12-14 02:32:19.683 E/OpenGLRenderer( 1628): GL error:  GL_INVALID_OPERATION
12-14 02:32:19.683 E/OpenGLRenderer( 1628): GL error:  GL_INVALID_OPERATION
12-14 02:32:19.684 I/chatty  ( 1628): uid=1000(system) RenderThread identical 10 lines
12-14 02:32:19.684 E/OpenGLRenderer( 1628): GL error:  GL_INVALID_OPERATION
12-14 02:32:19.684 I/InstrumentationBackend( 4538): Added:'GetPreferences', with key:'get_preferences'
12-14 02:32:19.684 E/OpenGLRenderer( 1628): GL error:  GL_INVALID_OPERATION
12-14 02:32:19.777 I/chatty  ( 1628): uid=1000(system) RenderThread identical 673 lines
12-14 02:32:19.778 E/OpenGLRenderer( 1628): GL error:  GL_INVALID_OPERATION
12-14 02:32:19.778 E/adbd    ( 1383): failed to connect to socket 'tcp:7102': Connection refused
12-14 02:32:19.778 E/OpenGLRenderer( 1628): GL error:  GL_INVALID_OPERATION
12-14 02:32:19.798 I/chatty  ( 1628): uid=1000(system) RenderThread identical 102 lines
12-14 02:32:19.798 E/OpenGLRenderer( 1628): GL error:  GL_INVALID_OPERATION
12-14 02:32:19.798 E/adbd    ( 1383): failed to connect to socket 'tcp:7102': Connection refused
12-14 02:32:19.798 E/OpenGLRenderer( 1628): GL error:  GL_INVALID_OPERATION
12-14 02:32:19.822 I/chatty  ( 1628): uid=1000(system) RenderThread identical 174 lines
12-14 02:32:19.822 E/OpenGLRenderer( 1628): GL error:  GL_INVALID_OPERATION
12-14 02:32:19.822 I/InstrumentationBackend( 4538): Added:'SetPreferences', with key:'set_preferences'
12-14 02:32:19.822 E/OpenGLRenderer( 1628): GL error:  GL_INVALID_OPERATION
12-14 02:32:19.822 I/chatty  ( 1628): uid=1000(system) RenderThread identical 1 line
12-14 02:32:19.822 I/InstrumentationBackend( 4538): Added:'ClearPreferences', with key:'clear_preferences'
12-14 02:32:19.822 E/OpenGLRenderer( 1628): GL error:  GL_INVALID_OPERATION
12-14 02:32:19.822 E/OpenGLRenderer( 1628): GL error:  GL_INVALID_OPERATION
12-14 02:32:19.823 I/chatty  ( 1628): uid=1000(system) RenderThread identical 1 line
12-14 02:32:19.823 E/OpenGLRenderer( 1628): GL error:  GL_INVALID_OPERATION
12-14 02:32:19.823 I/InstrumentationBackend( 4538): Added:'PressElement', with key:'press_l10n_element'
12-14 02:32:19.823 E/OpenGLRenderer( 1628): GL error:  GL_INVALID_OPERATION
12-14 02:32:19.823 I/chatty  ( 1628): uid=1000(system) RenderThread identical 2 lines
12-14 02:32:19.823 E/OpenGLRenderer( 1628): GL error:  GL_INVALID_OPERATION
12-14 02:32:19.823 I/InstrumentationBackend( 4538): Added:'WaitForElement', with key:'wait_for_l10n_element'
12-14 02:32:19.823 E/OpenGLRenderer( 1628): GL error:  GL_INVALID_OPERATION
12-14 02:32:19.824 I/chatty  ( 1628): uid=1000(system) RenderThread identical 7 lines
12-14 02:32:19.824 E/OpenGLRenderer( 1628): GL error:  GL_INVALID_OPERATION
12-14 02:32:19.824 I/InstrumentationBackend( 4538): Added:'NullAction', with key:'nullAction'
12-14 02:32:19.824 E/OpenGLRenderer( 1628): GL error:  GL_INVALID_OPERATION
12-14 02:32:19.824 I/chatty  ( 1628): uid=1000(system) RenderThread identical 3 lines
12-14 02:32:19.824 E/OpenGLRenderer( 1628): GL error:  GL_INVALID_OPERATION
12-14 02:32:19.825 I/InstrumentationBackend( 4538): Added:'PressKey', with key:'press_key'
12-14 02:32:19.825 E/OpenGLRenderer( 1628): GL error:  GL_INVALID_OPERATION
12-14 02:32:19.825 I/chatty  ( 1628): uid=1000(system) RenderThread identical 1 line
12-14 02:32:19.825 E/OpenGLRenderer( 1628): GL error:  GL_INVALID_OPERATION
12-14 02:32:19.825 I/InstrumentationBackend( 4538): Added:'SetActivityOrientation', with key:'set_activity_orientation'
12-14 02:32:19.825 E/OpenGLRenderer( 1628): GL error:  GL_INVALID_OPERATION
12-14 02:32:19.828 I/chatty  ( 1628): uid=1000(system) RenderThread identical 14 lines
12-14 02:32:19.828 E/OpenGLRenderer( 1628): GL error:  GL_INVALID_OPERATION
12-14 02:32:19.828 I/InstrumentationBackend( 4538): Added:'GetActivityOrientation', with key:'get_activity_orientation'
12-14 02:32:19.829 E/OpenGLRenderer( 1628): GL error:  GL_INVALID_OPERATION
12-14 02:32:19.829 I/chatty  ( 1628): uid=1000(system) RenderThread identical 2 lines
12-14 02:32:19.829 E/OpenGLRenderer( 1628): GL error:  GL_INVALID_OPERATION
12-14 02:32:19.829 I/InstrumentationBackend( 4538): Added:'FakeGPSLocation', with key:'set_gps_coordinates'
12-14 02:32:19.829 E/OpenGLRenderer( 1628): GL error:  GL_INVALID_OPERATION
12-14 02:32:19.830 I/InstrumentationBackend( 4538): Added:'SetPropertyByCssSelector', with key:'set_property_by_css_selector'
12-14 02:32:19.830 E/OpenGLRenderer( 1628): GL error:  GL_INVALID_OPERATION
12-14 02:32:19.832 I/chatty  ( 1628): uid=1000(system) RenderThread identical 11 lines
12-14 02:32:19.832 E/OpenGLRenderer( 1628): GL error:  GL_INVALID_OPERATION
12-14 02:32:19.832 I/InstrumentationBackend( 4538): Added:'GetUrl', with key:'get_url'
12-14 02:32:19.832 E/OpenGLRenderer( 1628): GL error:  GL_INVALID_OPERATION
12-14 02:32:19.837 I/chatty  ( 1628): uid=1000(system) RenderThread identical 37 lines
12-14 02:32:19.837 E/OpenGLRenderer( 1628): GL error:  GL_INVALID_OPERATION
12-14 02:32:19.838 I/InstrumentationBackend( 4538): Added:'ScrollTo', with key:'scroll_to'
12-14 02:32:19.838 E/OpenGLRenderer( 1628): GL error:  GL_INVALID_OPERATION
12-14 02:32:19.838 I/chatty  ( 1628): uid=1000(system) RenderThread identical 1 line
12-14 02:32:19.838 E/OpenGLRenderer( 1628): GL error:  GL_INVALID_OPERATION
12-14 02:32:19.838 I/InstrumentationBackend( 4538): Added:'GetLoadProgress', with key:'get_load_progress'
12-14 02:32:19.838 E/OpenGLRenderer( 1628): GL error:  GL_INVALID_OPERATION
12-14 02:32:19.839 I/chatty  ( 1628): uid=1000(system) RenderThread identical 4 lines
12-14 02:32:19.839 E/OpenGLRenderer( 1628): GL error:  GL_INVALID_OPERATION
12-14 02:32:19.839 I/InstrumentationBackend( 4538): Added:'DumpHtml', with key:'dump_html'
12-14 02:32:19.839 E/OpenGLRenderer( 1628): GL error:  GL_INVALID_OPERATION
12-14 02:32:19.839 E/OpenGLRenderer( 1628): GL error:  GL_INVALID_OPERATION
12-14 02:32:19.839 I/InstrumentationBackend( 4538): Added:'DumpBodyHtml', with key:'dump_body_html'
12-14 02:32:19.839 E/OpenGLRenderer( 1628): GL error:  GL_INVALID_OPERATION
12-14 02:32:19.839 E/OpenGLRenderer( 1628): GL error:  GL_INVALID_OPERATION
12-14 02:32:19.839 I/InstrumentationBackend( 4538): Added:'EnterTextByCssSelector', with key:'enter_text_by_selector'
12-14 02:32:19.839 E/OpenGLRenderer( 1628): GL error:  GL_INVALID_OPERATION
12-14 02:32:19.844 I/chatty  ( 1628): uid=1000(system) RenderThread identical 46 lines
12-14 02:32:19.844 E/OpenGLRenderer( 1628): GL error:  GL_INVALID_OPERATION
12-14 02:32:19.844 I/InstrumentationBackend( 4538): Added:'AndroidSDKVersion', with key:'android_sdk_version'
12-14 02:32:19.844 E/OpenGLRenderer( 1628): GL error:  GL_INVALID_OPERATION
12-14 02:32:19.845 I/chatty  ( 1628): uid=1000(system) RenderThread identical 2 lines
12-14 02:32:19.845 E/OpenGLRenderer( 1628): GL error:  GL_INVALID_OPERATION
12-14 02:32:19.845 I/InstrumentationBackend( 4538): Added:'Version', with key:'version'
12-14 02:32:19.845 E/OpenGLRenderer( 1628): GL error:  GL_INVALID_OPERATION
12-14 02:32:19.845 E/OpenGLRenderer( 1628): GL error:  GL_INVALID_OPERATION
12-14 02:32:19.845 I/InstrumentationBackend( 4538): Added:'Drag', with key:'drag'
12-14 02:32:19.845 E/OpenGLRenderer( 1628): GL error:  GL_INVALID_OPERATION
12-14 02:32:19.849 I/chatty  ( 1628): uid=1000(system) RenderThread identical 20 lines
12-14 02:32:19.849 E/OpenGLRenderer( 1628): GL error:  GL_INVALID_OPERATION
12-14 02:32:19.849 I/InstrumentationBackend( 4538): Added:'TouchCoordinates', with key:'touch_coordinate'
12-14 02:32:19.850 E/OpenGLRenderer( 1628): GL error:  GL_INVALID_OPERATION
12-14 02:32:19.850 E/OpenGLRenderer( 1628): GL error:  GL_INVALID_OPERATION
12-14 02:32:19.850 I/InstrumentationBackend( 4538): Added:'LongPressCoordinate', with key:'long_press_coordinate'
12-14 02:32:19.850 E/OpenGLRenderer( 1628): GL error:  GL_INVALID_OPERATION
12-14 02:32:19.850 I/chatty  ( 1628): uid=1000(system) RenderThread identical 1 line
12-14 02:32:19.850 E/OpenGLRenderer( 1628): GL error:  GL_INVALID_OPERATION
12-14 02:32:19.850 I/InstrumentationBackend( 4538): Added:'DragCoordinates', with key:'drag_coordinates'
12-14 02:32:19.850 E/OpenGLRenderer( 1628): GL error:  GL_INVALID_OPERATION
12-14 02:32:19.850 I/chatty  ( 1628): uid=1000(system) RenderThread identical 2 lines
12-14 02:32:19.851 E/OpenGLRenderer( 1628): GL error:  GL_INVALID_OPERATION
12-14 02:32:19.851 I/InstrumentationBackend( 4538): Added:'ResumeApplication', with key:'resume_application'
12-14 02:32:19.851 E/OpenGLRenderer( 1628): GL error:  GL_INVALID_OPERATION
12-14 02:32:19.851 I/InstrumentationBackend( 4538): Added:'Swipe', with key:'swipe'
12-14 02:32:19.851 E/OpenGLRenderer( 1628): GL error:  GL_INVALID_OPERATION
12-14 02:32:19.851 I/chatty  ( 1628): uid=1000(system) RenderThread identical 1 line
12-14 02:32:19.851 E/OpenGLRenderer( 1628): GL error:  GL_INVALID_OPERATION
12-14 02:32:19.851 I/InstrumentationBackend( 4538): Added:'DoubleTapCoordinate', with key:'double_tap_coordinate'
12-14 02:32:19.851 E/OpenGLRenderer( 1628): GL error:  GL_INVALID_OPERATION
12-14 02:32:19.851 E/OpenGLRenderer( 1628): GL error:  GL_INVALID_OPERATION
12-14 02:32:19.851 I/InstrumentationBackend( 4538): Added:'ClickOnScreen', with key:'click_on_screen'
12-14 02:32:19.851 E/OpenGLRenderer( 1628): GL error:  GL_INVALID_OPERATION
12-14 02:32:19.852 I/chatty  ( 1628): uid=1000(system) RenderThread identical 7 lines
12-14 02:32:19.852 E/OpenGLRenderer( 1628): GL error:  GL_INVALID_OPERATION
12-14 02:32:19.852 I/InstrumentationBackend( 4538): Added:'GetActivityName', with key:'get_activity_name'
12-14 02:32:19.852 E/OpenGLRenderer( 1628): GL error:  GL_INVALID_OPERATION
12-14 02:32:19.853 I/chatty  ( 1628): uid=1000(system) RenderThread identical 3 lines
12-14 02:32:19.853 E/OpenGLRenderer( 1628): GL error:  GL_INVALID_OPERATION
12-14 02:32:19.853 I/InstrumentationBackend( 4538): Added:'ScrollToView', with key:'scroll_to_view'
12-14 02:32:19.853 E/OpenGLRenderer( 1628): GL error:  GL_INVALID_OPERATION
12-14 02:32:19.853 I/chatty  ( 1628): uid=1000(system) RenderThread identical 3 lines
12-14 02:32:19.853 E/OpenGLRenderer( 1628): GL error:  GL_INVALID_OPERATION
12-14 02:32:19.853 I/InstrumentationBackend( 4538): Added:'ViewConfiguration', with key:'view_configuration'
12-14 02:32:19.853 E/OpenGLRenderer( 1628): GL error:  GL_INVALID_OPERATION
12-14 02:32:19.854 I/chatty  ( 1628): uid=1000(system) RenderThread identical 1 line
12-14 02:32:19.854 E/OpenGLRenderer( 1628): GL error:  GL_INVALID_OPERATION
12-14 02:32:19.854 I/InstrumentationBackend( 4538): Added:'IsCurrentActivityFocused', with key:'is_current_activity_focused'
12-14 02:32:19.854 E/OpenGLRenderer( 1628): GL error:  GL_INVALID_OPERATION
12-14 02:32:19.854 I/chatty  ( 1628): uid=1000(system) RenderThread identical 3 lines
12-14 02:32:19.854 E/OpenGLRenderer( 1628): GL error:  GL_INVALID_OPERATION
12-14 02:32:19.854 I/InstrumentationBackend( 4538): Added:'SendTcp', with key:'send_tcp'
12-14 02:32:19.854 E/OpenGLRenderer( 1628): GL error:  GL_INVALID_OPERATION
12-14 02:32:19.855 E/OpenGLRenderer( 1628): GL error:  GL_INVALID_OPERATION
12-14 02:32:19.855 I/InstrumentationBackend( 4538): Added:'DpToDevicePixel', with key:'dp_to_device_pixel'
12-14 02:32:19.855 E/OpenGLRenderer( 1628): GL error:  GL_INVALID_OPERATION
12-14 02:32:19.855 I/chatty  ( 1628): uid=1000(system) RenderThread identical 8 lines
12-14 02:32:19.856 E/OpenGLRenderer( 1628): GL error:  GL_INVALID_OPERATION
12-14 02:32:19.856 I/InstrumentationBackend( 4538): Added:'KeyboardEnterText', with key:'keyboard_enter_text'
12-14 02:32:19.856 E/OpenGLRenderer( 1628): GL error:  GL_INVALID_OPERATION
12-14 02:32:19.856 I/chatty  ( 1628): uid=1000(system) RenderThread identical 2 lines
12-14 02:32:19.856 E/OpenGLRenderer( 1628): GL error:  GL_INVALID_OPERATION
12-14 02:32:19.856 I/InstrumentationBackend( 4538): Added:'DeleteSurroundingText', with key:'delete_surrounding_text'
12-14 02:32:19.856 E/OpenGLRenderer( 1628): GL error:  GL_INVALID_OPERATION
12-14 02:32:19.856 I/chatty  ( 1628): uid=1000(system) RenderThread identical 2 lines
12-14 02:32:19.856 E/OpenGLRenderer( 1628): GL error:  GL_INVALID_OPERATION
12-14 02:32:19.857 I/InstrumentationBackend( 4538): Added:'SetComposingRegion', with key:'set_composing_region'
12-14 02:32:19.857 E/OpenGLRenderer( 1628): GL error:  GL_INVALID_OPERATION
12-14 02:32:19.858 I/InstrumentationBackend( 4538): Added:'SetSelection', with key:'set_selection'
12-14 02:32:19.858 I/InstrumentationBackend( 4538): Added:'KeyboardKeyEvent', with key:'keyboard_key_event'
12-14 02:32:19.859 I/InstrumentationBackend( 4538): Added:'PressUserActionButton', with key:'press_user_action_button'
12-14 02:32:19.860 I/InstrumentationBackend( 4538): Added:'HideSoftKeyboard', with key:'hide_soft_keyboard'
12-14 02:32:19.860 E/OpenGLRenderer( 1628): GL error:  GL_INVALID_OPERATION
12-14 02:32:19.864 I/chatty  ( 1628): uid=1000(system) RenderThread identical 14 lines
12-14 02:32:19.864 E/OpenGLRenderer( 1628): GL error:  GL_INVALID_OPERATION
12-14 02:32:19.864 I/InstrumentationBackend( 4538): Added:'ListActions', with key:'list_actions'
12-14 02:32:19.864 E/OpenGLRenderer( 1628): GL error:  GL_INVALID_OPERATION
12-14 02:32:19.865 E/OpenGLRenderer( 1628): GL error:  GL_INVALID_OPERATION
12-14 02:32:19.865 I/calabash( 4538): Instantiating http server at 7102
12-14 02:32:19.865 E/OpenGLRenderer( 1628): GL error:  GL_INVALID_OPERATION
12-14 02:32:19.865 I/chatty  ( 1628): uid=1000(system) RenderThread identical 4 lines
12-14 02:32:19.865 I/System.out( 4538): HTTP Daemon listening on: 7102
12-14 02:32:19.865 E/OpenGLRenderer( 1628): GL error:  GL_INVALID_OPERATION
12-14 02:32:19.865 E/OpenGLRenderer( 1628): GL error:  GL_INVALID_OPERATION
12-14 02:32:19.929 I/chatty  ( 1628): uid=1000(system) RenderThread identical 293 lines
12-14 02:32:19.929 E/OpenGLRenderer( 1628): GL error:  GL_INVALID_OPERATION
12-14 02:32:19.929 I/System.out( 4538): URI: //ping
12-14 02:32:19.929 E/OpenGLRenderer( 1628): GL error:  GL_INVALID_OPERATION
12-14 02:32:19.929 E/OpenGLRenderer( 1628): GL error:  GL_INVALID_OPERATION
12-14 02:32:19.929 I/System.out( 4538): params: {json={}
12-14 02:32:19.929 I/System.out( 4538): }
12-14 02:32:19.929 E/OpenGLRenderer( 1628): GL error:  GL_INVALID_OPERATION
12-14 02:32:19.953 I/chatty  ( 1628): uid=1000(system) RenderThread identical 131 lines
12-14 02:32:19.953 E/OpenGLRenderer( 1628): GL error:  GL_INVALID_OPERATION
12-14 02:32:19.953 I/System.out( 4538): URI: //ping
12-14 02:32:19.953 E/OpenGLRenderer( 1628): GL error:  GL_INVALID_OPERATION
12-14 02:32:19.953 I/System.out( 4538): params: {json={}
12-14 02:32:19.953 I/System.out( 4538): }
12-14 02:32:19.953 E/OpenGLRenderer( 1628): GL error:  GL_INVALID_OPERATION
12-14 02:32:19.961 I/chatty  ( 1628): uid=1000(system) RenderThread identical 36 lines
12-14 02:32:19.961 E/OpenGLRenderer( 1628): GL error:  GL_INVALID_OPERATION
12-14 02:32:19.961 I/System.out( 4538): URI: //ready
12-14 02:32:19.961 I/System.out( 4538): params: {json={}
12-14 02:32:19.961 E/OpenGLRenderer( 1628): GL error:  GL_INVALID_OPERATION
12-14 02:32:19.961 I/System.out( 4538): }
12-14 02:32:19.961 E/OpenGLRenderer( 1628): GL error:  GL_INVALID_OPERATION
12-14 02:32:19.969 I/chatty  ( 1628): uid=1000(system) RenderThread identical 23 lines
12-14 02:32:19.969 E/OpenGLRenderer( 1628): GL error:  GL_INVALID_OPERATION
12-14 02:32:19.970 I/System.out( 4538): URI: //
12-14 02:32:19.970 E/OpenGLRenderer( 1628): GL error:  GL_INVALID_OPERATION
12-14 02:32:19.971 E/OpenGLRenderer( 1628): GL error:  GL_INVALID_OPERATION
12-14 02:32:19.971 I/System.out( 4538): params: {json={"command":"version","arguments":[]}
12-14 02:32:19.971 E/OpenGLRenderer( 1628): GL error:  GL_INVALID_OPERATION
12-14 02:32:19.971 I/System.out( 4538): }
12-14 02:32:19.971 I/System.out( 4538): header: {content-type=application/json;charset=utf-8, date=Mon, 14 Dec 2020 07:32:20 GMT, accept=*/*, host=127.0.0.1:34777, content-length=36, user-agent=HTTPClient/1.0 (2.8.3, ruby 2.5.8 (2020-03-31))}
12-14 02:32:19.971 I/System.out( 4538): params: {json={"command":"version","arguments":[]}
12-14 02:32:19.971 I/System.out( 4538): }
12-14 02:32:19.971 I/System.out( 4538): ProP json = {"command":"version","arguments":[]}
12-14 02:32:19.971 I/System.out( 4538): files: {}
12-14 02:32:19.972 I/System.out( 4538): command: {"command":"version","arguments":[]}
12-14 02:32:19.973 E/OpenGLRenderer( 1628): GL error:  GL_INVALID_OPERATION
12-14 02:32:20.034 I/chatty  ( 1628): uid=1000(system) RenderThread identical 402 lines
12-14 02:32:20.034 E/OpenGLRenderer( 1628): GL error:  GL_INVALID_OPERATION
12-14 02:32:20.034 I/InstrumentationBackend( 4538): Got command:'Command:'Line:null,version', arguments:'[]'
12-14 02:32:20.034 E/OpenGLRenderer( 1628): GL error:  GL_INVALID_OPERATION
12-14 02:32:20.109 I/chatty  ( 1628): uid=1000(system) RenderThread identical 499 lines
12-14 02:32:20.109 E/OpenGLRenderer( 1628): GL error:  GL_INVALID_OPERATION
12-14 02:32:20.109 I/System.out( 4538): result:{"bonusInformation":[],"message":"0.9.8","success":true}
12-14 02:32:20.109 E/OpenGLRenderer( 1628): GL error:  GL_INVALID_OPERATION
12-14 02:32:20.119 I/chatty  ( 1628): uid=1000(system) RenderThread identical 35 lines
12-14 02:32:20.119 E/OpenGLRenderer( 1628): GL error:  GL_INVALID_OPERATION
12-14 02:32:20.119 I/System.out( 4538): URI: //start-application
12-14 02:32:20.119 E/OpenGLRenderer( 1628): GL error:  GL_INVALID_OPERATION
12-14 02:32:20.119 I/System.out( 4538): params: {json={"intent":null}
12-14 02:32:20.119 E/OpenGLRenderer( 1628): GL error:  GL_INVALID_OPERATION
12-14 02:32:20.119 I/System.out( 4538): }
12-14 02:32:20.119 E/OpenGLRenderer( 1628): GL error:  GL_INVALID_OPERATION
12-14 02:32:20.183 I/ActivityManager( 1628): START u0 {act=android.intent.action.MAIN cat=[android.intent.category.LAUNCHER] flg=0x10200000 cmp=com.evancharlton.mileage/.Mileage} from uid 10354
