12-14 02:32:20.205 I/chatty  ( 1628): uid=1000(system) RenderThread identical 574 lines
12-14 02:32:20.205 E/OpenGLRenderer( 1628): GL error:  GL_INVALID_OPERATION
12-14 02:32:20.205 I/calabash( 4538): newActivity1
12-14 02:32:20.205 E/OpenGLRenderer( 1628): GL error:  GL_INVALID_OPERATION
12-14 02:32:20.220 I/chatty  ( 1628): uid=1000(system) RenderThread identical 77 lines
12-14 02:32:20.220 E/OpenGLRenderer( 1628): GL error:  GL_INVALID_OPERATION
12-14 02:32:20.220 D/gralloc_ranchu( 1396): gralloc_alloc: Creating ashmem region of size 7753728
12-14 02:32:20.221 E/OpenGLRenderer( 1628): GL error:  GL_INVALID_OPERATION
12-14 02:32:20.279 W/ActivityManager( 1628): Bad activity token: android.os.BinderProxy@bd365ce
12-14 02:32:20.279 W/ActivityManager( 1628): java.lang.ClassCastException: android.os.BinderProxy cannot be cast to com.android.server.am.ActivityRecord$Token
12-14 02:32:20.279 W/ActivityManager( 1628): 	at com.android.server.am.ActivityRecord.forTokenLocked(ActivityRecord.java:778)
12-14 02:32:20.279 W/ActivityManager( 1628): 	at com.android.server.am.ActivityRecord.isInStackLocked(ActivityRecord.java:2085)
12-14 02:32:20.279 W/ActivityManager( 1628): 	at com.android.server.am.ActivityRecord.getStackLocked(ActivityRecord.java:2090)
12-14 02:32:20.279 W/ActivityManager( 1628): 	at com.android.server.am.ActivityManagerService.getActivityDisplayId(ActivityManagerService.java:10406)
12-14 02:32:20.279 W/ActivityManager( 1628): 	at android.app.IActivityManager$Stub.onTransact(IActivityManager.java:2738)
12-14 02:32:20.279 W/ActivityManager( 1628): 	at com.android.server.am.ActivityManagerService.onTransact(ActivityManagerService.java:2935)
12-14 02:32:20.279 W/ActivityManager( 1628): 	at android.os.Binder.execTransact(Binder.java:674)
12-14 02:32:20.282 I/chatty  ( 1628): uid=1000(system) RenderThread identical 210 lines
12-14 02:32:20.282 E/OpenGLRenderer( 1628): GL error:  GL_INVALID_OPERATION
12-14 02:32:20.282 I/calabash( 4538): newActivity1
12-14 02:32:20.283 E/OpenGLRenderer( 1628): GL error:  GL_INVALID_OPERATION
12-14 02:32:20.308 W/ActivityManager( 1628): Bad activity token: android.os.BinderProxy@bd365ce
12-14 02:32:20.308 W/ActivityManager( 1628): java.lang.ClassCastException: android.os.BinderProxy cannot be cast to com.android.server.am.ActivityRecord$Token
12-14 02:32:20.308 W/ActivityManager( 1628): 	at com.android.server.am.ActivityRecord.forTokenLocked(ActivityRecord.java:778)
12-14 02:32:20.308 W/ActivityManager( 1628): 	at com.android.server.am.ActivityRecord.isInStackLocked(ActivityRecord.java:2085)
12-14 02:32:20.308 W/ActivityManager( 1628): 	at com.android.server.am.ActivityManagerService.setTaskDescription(ActivityManagerService.java:9988)
12-14 02:32:20.308 W/ActivityManager( 1628): 	at android.app.IActivityManager$Stub.onTransact(IActivityManager.java:2824)
12-14 02:32:20.308 W/ActivityManager( 1628): 	at com.android.server.am.ActivityManagerService.onTransact(ActivityManagerService.java:2935)
12-14 02:32:20.308 W/ActivityManager( 1628): 	at android.os.Binder.execTransact(Binder.java:674)
12-14 02:32:20.310 W/ActivityManager( 1628): Bad activity token: android.os.BinderProxy@bd365ce
12-14 02:32:20.310 W/ActivityManager( 1628): java.lang.ClassCastException: android.os.BinderProxy cannot be cast to com.android.server.am.ActivityRecord$Token
12-14 02:32:20.310 W/ActivityManager( 1628): 	at com.android.server.am.ActivityRecord.forTokenLocked(ActivityRecord.java:778)
12-14 02:32:20.310 W/ActivityManager( 1628): 	at com.android.server.am.ActivityRecord.isInStackLocked(ActivityRecord.java:2085)
12-14 02:32:20.310 W/ActivityManager( 1628): 	at com.android.server.am.ActivityRecord.getStackLocked(ActivityRecord.java:2090)
12-14 02:32:20.310 W/ActivityManager( 1628): 	at com.android.server.am.ActivityManagerService.getActivityStackId(ActivityManagerService.java:10417)
12-14 02:32:20.310 W/ActivityManager( 1628): 	at android.app.IActivityManager$Stub.onTransact(IActivityManager.java:3548)
12-14 02:32:20.310 W/ActivityManager( 1628): 	at com.android.server.am.ActivityManagerService.onTransact(ActivityManagerService.java:2935)
12-14 02:32:20.310 W/ActivityManager( 1628): 	at android.os.Binder.execTransact(Binder.java:674)
12-14 02:32:20.338 I/chatty  ( 1628): uid=1000(system) RenderThread identical 121 lines
12-14 02:32:20.338 E/OpenGLRenderer( 1628): GL error:  GL_INVALID_OPERATION
12-14 02:32:20.340 V/StatusBar( 1726): setLightsOn(true)
12-14 02:32:20.341 E/OpenGLRenderer( 1628): GL error:  GL_INVALID_OPERATION
12-14 02:32:20.352 I/chatty  ( 1628): uid=1000(system) RenderThread identical 62 lines
12-14 02:32:20.352 E/OpenGLRenderer( 1628): GL error:  GL_INVALID_OPERATION
12-14 02:32:20.355 E/ContentStoreEUAS( 2212): Failed to commit the deferred actions
12-14 02:32:20.356 E/OpenGLRenderer( 1628): GL error:  GL_INVALID_OPERATION
12-14 02:32:20.358 E/OpenGLRenderer( 1628): GL error:  GL_INVALID_OPERATION
12-14 02:32:20.358 D/EGL_emulation( 2180): eglMakeCurrent: 0xa4b043c0: ver 3 0 (tinfo 0xa4b03390)
12-14 02:32:20.359 D/EGL_emulation( 1726): eglMakeCurrent: 0xa0522160: ver 3 0 (tinfo 0xa053fcb0)
12-14 02:32:20.361 E/OpenGLRenderer( 1628): GL error:  GL_INVALID_OPERATION
12-14 02:32:20.362 I/chatty  ( 1628): uid=1000(system) RenderThread identical 1 line
12-14 02:32:20.362 E/OpenGLRenderer( 1628): GL error:  GL_INVALID_OPERATION
12-14 02:32:20.362 V/StatusBar( 1726): setLightsOn(true)
12-14 02:32:20.363 E/OpenGLRenderer( 1628): GL error:  GL_INVALID_OPERATION
12-14 02:32:20.373 I/chatty  ( 1628): uid=1000(system) RenderThread identical 6 lines
12-14 02:32:20.374 E/OpenGLRenderer( 1628): GL error:  GL_INVALID_OPERATION
12-14 02:32:20.374 D/EGL_emulation( 1726): eglMakeCurrent: 0xa0522160: ver 3 0 (tinfo 0xa053fcb0)
12-14 02:32:20.375 E/OpenGLRenderer( 1628): GL error:  GL_INVALID_OPERATION
12-14 02:32:20.378 I/chatty  ( 1628): uid=1000(system) RenderThread identical 14 lines
12-14 02:32:20.379 E/OpenGLRenderer( 1628): GL error:  GL_INVALID_OPERATION
12-14 02:32:20.379 D/EGL_emulation( 1726): eglMakeCurrent: 0xa0522160: ver 3 0 (tinfo 0xa053fcb0)
12-14 02:32:20.379 E/OpenGLRenderer( 1628): GL error:  GL_INVALID_OPERATION
12-14 02:32:20.380 V/StatusBar( 1726): setLightsOn(true)
12-14 02:32:20.380 E/OpenGLRenderer( 1628): GL error:  GL_INVALID_OPERATION
12-14 02:32:20.386 I/chatty  ( 1628): uid=1000(system) RenderThread identical 53 lines
12-14 02:32:20.392 E/OpenGLRenderer( 1628): GL error:  GL_INVALID_OPERATION
12-14 02:32:20.393 D/EGL_emulation( 2212): eglMakeCurrent: 0xa24fe040: ver 3 0 (tinfo 0xa24ff740)
12-14 02:32:20.394 D/EGL_emulation( 1726): eglMakeCurrent: 0xa0522160: ver 3 0 (tinfo 0xa053fcb0)
12-14 02:32:20.397 E/OpenGLRenderer( 1628): GL error:  GL_INVALID_OPERATION
12-14 02:32:20.398 E/OpenGLRenderer( 1628): GL error:  GL_INVALID_OPERATION
12-14 02:32:20.399 D/EGL_emulation( 1726): eglMakeCurrent: 0xa0522160: ver 3 0 (tinfo 0xa053fcb0)
12-14 02:32:20.409 D/EGL_emulation( 1726): eglMakeCurrent: 0xa0522160: ver 3 0 (tinfo 0xa053fcb0)
12-14 02:32:20.414 E/OpenGLRenderer( 1628): GL error:  GL_INVALID_OPERATION
12-14 02:32:20.415 I/chatty  ( 1628): uid=1000(system) RenderThread identical 1 line
12-14 02:32:20.415 E/OpenGLRenderer( 1628): GL error:  GL_INVALID_OPERATION
12-14 02:32:20.417 D/EGL_emulation( 1726): eglMakeCurrent: 0xa0522160: ver 3 0 (tinfo 0xa053fcb0)
12-14 02:32:20.423 E/OpenGLRenderer( 1628): GL error:  GL_INVALID_OPERATION
12-14 02:32:20.426 I/chatty  ( 1628): uid=1000(system) RenderThread identical 9 lines
12-14 02:32:20.426 E/OpenGLRenderer( 1628): GL error:  GL_INVALID_OPERATION
12-14 02:32:20.426 D/EGL_emulation( 1726): eglMakeCurrent: 0xa0522160: ver 3 0 (tinfo 0xa053fcb0)
12-14 02:32:20.427 E/OpenGLRenderer( 1628): GL error:  GL_INVALID_OPERATION
12-14 02:32:20.431 I/chatty  ( 1628): uid=1000(system) RenderThread identical 8 lines
12-14 02:32:20.431 E/OpenGLRenderer( 1628): GL error:  GL_INVALID_OPERATION
12-14 02:32:20.431 D/EGL_emulation( 1726): eglMakeCurrent: 0xa0522160: ver 3 0 (tinfo 0xa053fcb0)
12-14 02:32:20.431 E/OpenGLRenderer( 1628): GL error:  GL_INVALID_OPERATION
12-14 02:32:20.432 E/OpenGLRenderer( 1628): GL error:  GL_INVALID_OPERATION
12-14 02:32:20.433 V/StatusBar( 1726): setLightsOn(true)
12-14 02:32:20.433 E/OpenGLRenderer( 1628): GL error:  GL_INVALID_OPERATION
12-14 02:32:20.438 W/ActivityManager( 1628): Bad activity token: android.os.BinderProxy@bd365ce
12-14 02:32:20.438 W/ActivityManager( 1628): java.lang.ClassCastException: android.os.BinderProxy cannot be cast to com.android.server.am.ActivityRecord$Token
12-14 02:32:20.438 W/ActivityManager( 1628): 	at com.android.server.am.ActivityRecord.forTokenLocked(ActivityRecord.java:778)
12-14 02:32:20.438 W/ActivityManager( 1628): 	at com.android.server.am.ActivityRecord.isInStackLocked(ActivityRecord.java:2085)
12-14 02:32:20.438 W/ActivityManager( 1628): 	at com.android.server.am.ActivityManagerService.getActivityOptions(ActivityManagerService.java:13302)
12-14 02:32:20.438 W/ActivityManager( 1628): 	at android.app.IActivityManager$Stub.onTransact(IActivityManager.java:2910)
12-14 02:32:20.438 W/ActivityManager( 1628): 	at com.android.server.am.ActivityManagerService.onTransact(ActivityManagerService.java:2935)
12-14 02:32:20.438 W/ActivityManager( 1628): 	at android.os.Binder.execTransact(Binder.java:674)
12-14 02:32:20.439 W/ActivityManager( 1628): Bad activity token: android.os.BinderProxy@bd365ce
12-14 02:32:20.439 W/ActivityManager( 1628): java.lang.ClassCastException: android.os.BinderProxy cannot be cast to com.android.server.am.ActivityRecord$Token
12-14 02:32:20.439 W/ActivityManager( 1628): 	at com.android.server.am.ActivityRecord.forTokenLocked(ActivityRecord.java:778)
12-14 02:32:20.439 W/ActivityManager( 1628): 	at com.android.server.am.ActivityRecord.isInStackLocked(ActivityRecord.java:2085)
12-14 02:32:20.439 W/ActivityManager( 1628): 	at com.android.server.am.ActivityManagerService.getActivityOptions(ActivityManagerService.java:13302)
12-14 02:32:20.439 W/ActivityManager( 1628): 	at android.app.IActivityManager$Stub.onTransact(IActivityManager.java:2910)
12-14 02:32:20.439 W/ActivityManager( 1628): 	at com.android.server.am.ActivityManagerService.onTransact(ActivityManagerService.java:2935)
12-14 02:32:20.439 W/ActivityManager( 1628): 	at android.os.Binder.execTransact(Binder.java:674)
12-14 02:32:20.443 I/chatty  ( 1628): uid=1000(system) RenderThread identical 13 lines
12-14 02:32:20.445 E/OpenGLRenderer( 1628): GL error:  GL_INVALID_OPERATION
12-14 02:32:20.445 D/EGL_emulation( 1726): eglMakeCurrent: 0xa0522160: ver 3 0 (tinfo 0xa053fcb0)
12-14 02:32:20.445 E/OpenGLRenderer( 1628): GL error:  GL_INVALID_OPERATION
12-14 02:32:20.459 I/chatty  ( 1628): uid=1000(system) RenderThread identical 49 lines
12-14 02:32:20.463 E/OpenGLRenderer( 1628): GL error:  GL_INVALID_OPERATION
12-14 02:32:20.463 D/EGL_emulation( 1726): eglMakeCurrent: 0xa0522160: ver 3 0 (tinfo 0xa053fcb0)
12-14 02:32:20.463 E/OpenGLRenderer( 1628): GL error:  GL_INVALID_OPERATION
12-14 02:32:20.467 I/chatty  ( 1628): uid=1000(system) RenderThread identical 17 lines
12-14 02:32:20.468 E/OpenGLRenderer( 1628): GL error:  GL_INVALID_OPERATION
12-14 02:32:20.468 E/OpenGLRenderer( 1628): GL error:  GL_INVALID_OPERATION
12-14 02:32:20.468 D/EGL_emulation( 1726): eglMakeCurrent: 0xa0522160: ver 3 0 (tinfo 0xa053fcb0)
12-14 02:32:20.478 I/chatty  ( 1628): uid=1000(system) RenderThread expire 27 lines
12-14 02:32:20.479 E/OpenGLRenderer( 1628): GL error:  GL_INVALID_OPERATION
12-14 02:32:20.480 D/EGL_emulation( 1726): eglMakeCurrent: 0xa0522160: ver 3 0 (tinfo 0xa053fcb0)
12-14 02:32:20.480 E/OpenGLRenderer( 1628): GL error:  GL_INVALID_OPERATION
12-14 02:32:20.496 I/chatty  ( 1628): uid=1000(system) RenderThread identical 69 lines
12-14 02:32:20.497 E/OpenGLRenderer( 1628): GL error:  GL_INVALID_OPERATION
12-14 02:32:20.498 D/EGL_emulation( 1726): eglMakeCurrent: 0xa0522160: ver 3 0 (tinfo 0xa053fcb0)
12-14 02:32:20.498 E/OpenGLRenderer( 1628): GL error:  GL_INVALID_OPERATION
12-14 02:32:20.500 I/chatty  ( 1628): uid=1000(system) RenderThread identical 5 lines
12-14 02:32:20.500 E/OpenGLRenderer( 1628): GL error:  GL_INVALID_OPERATION
12-14 02:32:20.501 D/EGL_emulation( 1726): eglMakeCurrent: 0xa0522160: ver 3 0 (tinfo 0xa053fcb0)
12-14 02:32:20.501 E/OpenGLRenderer( 1628): GL error:  GL_INVALID_OPERATION
12-14 02:32:20.511 I/chatty  ( 1628): uid=1000(system) RenderThread identical 9 lines
12-14 02:32:20.511 E/OpenGLRenderer( 1628): GL error:  GL_INVALID_OPERATION
12-14 02:32:20.511 D/EGL_emulation( 1726): eglMakeCurrent: 0xa0522160: ver 3 0 (tinfo 0xa053fcb0)
12-14 02:32:20.511 E/OpenGLRenderer( 1628): GL error:  GL_INVALID_OPERATION
12-14 02:32:20.517 I/chatty  ( 1628): uid=1000(system) RenderThread identical 23 lines
12-14 02:32:20.517 E/OpenGLRenderer( 1628): GL error:  GL_INVALID_OPERATION
12-14 02:32:20.517 D/EGL_emulation( 1726): eglMakeCurrent: 0xa0522160: ver 3 0 (tinfo 0xa053fcb0)
12-14 02:32:20.517 E/OpenGLRenderer( 1628): GL error:  GL_INVALID_OPERATION
12-14 02:32:20.518 I/chatty  ( 1628): uid=1000(system) RenderThread identical 1 line
12-14 02:32:20.519 E/OpenGLRenderer( 1628): GL error:  GL_INVALID_OPERATION
12-14 02:32:20.519 V/StatusBar( 1726): setLightsOn(true)
12-14 02:32:20.521 E/OpenGLRenderer( 1628): GL error:  GL_INVALID_OPERATION
12-14 02:32:20.535 I/chatty  ( 1628): uid=1000(system) RenderThread identical 46 lines
12-14 02:32:20.535 E/OpenGLRenderer( 1628): GL error:  GL_INVALID_OPERATION
12-14 02:32:20.537 D/EGL_emulation( 1726): eglMakeCurrent: 0xa0522160: ver 3 0 (tinfo 0xa053fcb0)
12-14 02:32:20.537 E/OpenGLRenderer( 1628): GL error:  GL_INVALID_OPERATION
12-14 02:32:20.549 I/chatty  ( 1628): uid=1000(system) RenderThread identical 73 lines
12-14 02:32:20.549 E/OpenGLRenderer( 1628): GL error:  GL_INVALID_OPERATION
12-14 02:32:20.549 D/EGL_emulation( 1726): eglMakeCurrent: 0xa0522160: ver 3 0 (tinfo 0xa053fcb0)
12-14 02:32:20.550 E/OpenGLRenderer( 1628): GL error:  GL_INVALID_OPERATION
12-14 02:32:20.558 I/chatty  ( 1628): uid=1000(system) RenderThread identical 16 lines
12-14 02:32:20.558 E/OpenGLRenderer( 1628): GL error:  GL_INVALID_OPERATION
12-14 02:32:20.559 D/EGL_emulation( 1726): eglMakeCurrent: 0xa0522160: ver 3 0 (tinfo 0xa053fcb0)
12-14 02:32:20.559 E/OpenGLRenderer( 1628): GL error:  GL_INVALID_OPERATION
12-14 02:32:20.561 I/chatty  ( 1628): uid=1000(system) RenderThread identical 7 lines
12-14 02:32:20.561 E/OpenGLRenderer( 1628): GL error:  GL_INVALID_OPERATION
12-14 02:32:20.563 V/StatusBar( 1726): setLightsOn(true)
12-14 02:32:20.564 E/OpenGLRenderer( 1628): GL error:  GL_INVALID_OPERATION
12-14 02:32:20.575 I/chatty  ( 1628): uid=1000(system) RenderThread identical 19 lines
12-14 02:32:20.575 E/OpenGLRenderer( 1628): GL error:  GL_INVALID_OPERATION
12-14 02:32:20.575 V/StatusBar( 1726): setLightsOn(true)
12-14 02:32:20.575 E/OpenGLRenderer( 1628): GL error:  GL_INVALID_OPERATION
12-14 02:32:20.619 I/chatty  ( 1628): uid=1000(system) RenderThread identical 199 lines
12-14 02:32:20.619 E/OpenGLRenderer( 1628): GL error:  GL_INVALID_OPERATION
12-14 02:32:20.621 D/gralloc_ranchu( 1396): gralloc_alloc: Creating ashmem region of size 7753728
12-14 02:32:20.622 E/OpenGLRenderer( 1628): GL error:  GL_INVALID_OPERATION
12-14 02:32:20.645 I/chatty  ( 1628): uid=1000(system) RenderThread identical 67 lines
12-14 02:32:20.646 E/OpenGLRenderer( 1628): GL error:  GL_INVALID_OPERATION
12-14 02:32:20.646 D/        ( 4538): HostConnection::get() New Host Connection established 0xa21afb00, tid 4538
12-14 02:32:20.646 E/OpenGLRenderer( 1628): GL error:  GL_INVALID_OPERATION
12-14 02:32:20.691 I/chatty  ( 1628): uid=1000(system) RenderThread identical 157 lines
12-14 02:32:20.691 E/OpenGLRenderer( 1628): GL error:  GL_INVALID_OPERATION
12-14 02:32:20.696 I/zygote  ( 4538): Do partial code cache collection, code=25KB, data=30KB
12-14 02:32:20.698 V/StatusBar( 1726): setLightsOn(true)
12-14 02:32:20.699 E/OpenGLRenderer( 1628): GL error:  GL_INVALID_OPERATION
12-14 02:32:20.700 I/chatty  ( 1628): uid=1000(system) RenderThread identical 6 lines
12-14 02:32:20.701 E/OpenGLRenderer( 1628): GL error:  GL_INVALID_OPERATION
12-14 02:32:20.701 V/StatusBar( 1726): setLightsOn(true)
12-14 02:32:20.701 E/OpenGLRenderer( 1628): GL error:  GL_INVALID_OPERATION
12-14 02:32:20.701 I/zygote  ( 4538): After code cache collection, code=25KB, data=30KB
12-14 02:32:20.701 E/OpenGLRenderer( 1628): GL error:  GL_INVALID_OPERATION
12-14 02:32:20.701 I/zygote  ( 4538): Increasing code cache capacity to 128KB
12-14 02:32:20.702 E/OpenGLRenderer( 1628): GL error:  GL_INVALID_OPERATION
12-14 02:32:20.702 I/ActivityManager( 1628): Displayed com.evancharlton.mileage/.Mileage: +509ms
12-14 02:32:20.702 E/OpenGLRenderer( 1628): GL error:  GL_INVALID_OPERATION
12-14 02:32:20.710 I/chatty  ( 1628): uid=1000(system) RenderThread identical 27 lines
12-14 02:32:20.711 E/OpenGLRenderer( 1628): GL error:  GL_INVALID_OPERATION
12-14 02:32:20.711 D/gralloc_ranchu( 1396): gralloc_alloc: Creating ashmem region of size 7753728
12-14 02:32:20.713 E/OpenGLRenderer( 1628): GL error:  GL_INVALID_OPERATION
12-14 02:32:20.713 E/OpenGLRenderer( 1628): GL error:  GL_INVALID_OPERATION
12-14 02:32:20.714 V/StatusBar( 1726): setLightsOn(true)
12-14 02:32:20.715 I/zygote  ( 4538): Do partial code cache collection, code=25KB, data=50KB
12-14 02:32:20.715 E/OpenGLRenderer( 1628): GL error:  GL_INVALID_OPERATION
12-14 02:32:20.716 I/chatty  ( 1628): uid=1000(system) RenderThread identical 1 line
12-14 02:32:20.716 E/OpenGLRenderer( 1628): GL error:  GL_INVALID_OPERATION
12-14 02:32:20.717 I/zygote  ( 4538): After code cache collection, code=25KB, data=50KB
12-14 02:32:20.717 I/zygote  ( 4538): Increasing code cache capacity to 256KB
12-14 02:32:20.717 E/OpenGLRenderer( 1628): GL error:  GL_INVALID_OPERATION
12-14 02:32:20.717 E/OpenGLRenderer( 1628): GL error:  GL_INVALID_OPERATION
12-14 02:32:20.717 I/zygote  ( 4538): JIT allocated 71KB for compiled code of void android.widget.TextView.<init>(android.content.Context, android.util.AttributeSet, int, int)
12-14 02:32:20.717 I/zygote  ( 4538): Compiler allocated 4MB to compile void android.widget.TextView.<init>(android.content.Context, android.util.AttributeSet, int, int)
12-14 02:32:20.718 E/OpenGLRenderer( 1628): GL error:  GL_INVALID_OPERATION
12-14 02:32:20.749 I/chatty  ( 1628): uid=1000(system) RenderThread identical 89 lines
12-14 02:32:20.750 E/OpenGLRenderer( 1628): GL error:  GL_INVALID_OPERATION
12-14 02:32:20.750 V/StatusBar( 1726): setLightsOn(true)
12-14 02:32:20.750 E/OpenGLRenderer( 1628): GL error:  GL_INVALID_OPERATION
12-14 02:32:20.842 I/chatty  ( 1628): uid=1000(system) RenderThread identical 335 lines
12-14 02:32:20.843 E/OpenGLRenderer( 1628): GL error:  GL_INVALID_OPERATION
12-14 02:32:20.843 V/StatusBar( 1726): setLightsOn(true)
12-14 02:32:20.843 E/OpenGLRenderer( 1628): GL error:  GL_INVALID_OPERATION
12-14 02:32:20.889 I/chatty  ( 1628): uid=1000(system) RenderThread identical 201 lines
12-14 02:32:20.890 E/OpenGLRenderer( 1628): GL error:  GL_INVALID_OPERATION
12-14 02:32:20.890 V/StatusBar( 1726): setLightsOn(true)
12-14 02:32:20.890 E/OpenGLRenderer( 1628): GL error:  GL_INVALID_OPERATION
12-14 02:32:20.922 V/StatusBar( 1726): setLightsOn(true)
12-14 02:32:20.924 I/chatty  ( 1628): uid=1000(system) RenderThread expire 154 lines
12-14 02:32:20.924 E/OpenGLRenderer( 1628): GL error:  GL_INVALID_OPERATION
12-14 02:32:20.924 E/OpenGLRenderer( 1628): GL error:  GL_INVALID_OPERATION
12-14 02:32:20.950 I/chatty  ( 1628): uid=1000(system) RenderThread identical 100 lines
12-14 02:32:20.950 E/OpenGLRenderer( 1628): GL error:  GL_INVALID_OPERATION
12-14 02:32:20.950 E/OpenGLRenderer( 1628): GL error:  GL_INVALID_OPERATION
12-14 02:32:20.950 I/zygote  ( 4538): Background concurrent copying GC freed 22306(1035KB) AllocSpace objects, 5(100KB) LOS objects, 52% free, 1376KB/2MB, paused 14.914ms total 124.764ms
12-14 02:32:20.983 I/chatty  ( 1628): uid=1000(system) RenderThread expire 127 lines
12-14 02:32:20.983 I/System.out( 4538): URI: //gesture
12-14 02:32:20.983 E/OpenGLRenderer( 1628): GL error:  GL_INVALID_OPERATION
12-14 02:32:20.983 I/System.out( 4538): params: {json={"query_timeout":5.0,"gestures":[{"query_string":"android.widget.TabWidget descendant TextView index:1","touches":[{"x":50,"y":50,"offset_x":0,"offset_y":0,"wait":0.0,"time":0.2,"release":true,"query_string":null}]}]}
12-14 02:32:20.983 I/System.out( 4538): }
12-14 02:32:20.983 E/OpenGLRenderer( 1628): GL error:  GL_INVALID_OPERATION
12-14 02:32:21.075 I/chatty  ( 1628): uid=1000(system) RenderThread identical 410 lines
12-14 02:32:21.075 E/OpenGLRenderer( 1628): GL error:  GL_INVALID_OPERATION
12-14 02:32:21.075 V/StatusBar( 1726): setLightsOn(true)
12-14 02:32:21.075 E/OpenGLRenderer( 1628): GL error:  GL_INVALID_OPERATION
12-14 02:32:21.089 I/chatty  ( 1628): uid=1000(system) RenderThread identical 78 lines
12-14 02:32:21.090 E/OpenGLRenderer( 1628): GL error:  GL_INVALID_OPERATION
12-14 02:32:21.090 V/StatusBar( 1726): setLightsOn(true)
12-14 02:32:21.091 E/OpenGLRenderer( 1628): GL error:  GL_INVALID_OPERATION
12-14 02:32:21.101 I/chatty  ( 1628): uid=1000(system) RenderThread identical 71 lines
12-14 02:32:21.101 E/OpenGLRenderer( 1628): GL error:  GL_INVALID_OPERATION
12-14 02:32:21.102 W/SurfaceFlinger( 1409): couldn't log to binary event log: overflow.
12-14 02:32:21.104 E/OpenGLRenderer( 1628): GL error:  GL_INVALID_OPERATION
12-14 02:32:21.178 I/chatty  ( 1628): uid=1000(system) RenderThread identical 425 lines
12-14 02:32:21.178 E/OpenGLRenderer( 1628): GL error:  GL_INVALID_OPERATION
12-14 02:32:21.186 I/PBSessionCacheImpl( 2212): Deleted sessionId[9087050240539] from persistence.
12-14 02:32:21.188 E/OpenGLRenderer( 1628): GL error:  GL_INVALID_OPERATION
12-14 02:32:21.193 I/chatty  ( 1628): uid=1000(system) RenderThread identical 20 lines
12-14 02:32:21.196 E/OpenGLRenderer( 1628): GL error:  GL_INVALID_OPERATION
12-14 02:32:21.197 I/zygote  ( 4538): Do full code cache collection, code=124KB, data=76KB
12-14 02:32:21.198 I/zygote  ( 4538): After code cache collection, code=113KB, data=52KB
12-14 02:32:21.198 E/OpenGLRenderer( 1628): GL error:  GL_INVALID_OPERATION
12-14 02:32:21.218 I/chatty  ( 1628): uid=1000(system) RenderThread identical 56 lines
12-14 02:32:21.218 E/OpenGLRenderer( 1628): GL error:  GL_INVALID_OPERATION
12-14 02:32:21.221 W/SearchService( 2212): Abort, client detached.
12-14 02:32:21.223 E/OpenGLRenderer( 1628): GL error:  GL_INVALID_OPERATION
12-14 02:32:21.384 W/ActivityManager( 1628): Bad activity token: android.os.BinderProxy@9565718
12-14 02:32:21.384 W/ActivityManager( 1628): java.lang.ClassCastException: android.os.BinderProxy cannot be cast to com.android.server.am.ActivityRecord$Token
12-14 02:32:21.384 W/ActivityManager( 1628): 	at com.android.server.am.ActivityRecord.forTokenLocked(ActivityRecord.java:778)
12-14 02:32:21.384 W/ActivityManager( 1628): 	at com.android.server.am.ActivityRecord.isInStackLocked(ActivityRecord.java:2085)
12-14 02:32:21.384 W/ActivityManager( 1628): 	at com.android.server.am.ActivityRecord.getStackLocked(ActivityRecord.java:2090)
12-14 02:32:21.384 W/ActivityManager( 1628): 	at com.android.server.am.ActivityManagerService.getActivityDisplayId(ActivityManagerService.java:10406)
12-14 02:32:21.384 W/ActivityManager( 1628): 	at android.app.IActivityManager$Stub.onTransact(IActivityManager.java:2738)
12-14 02:32:21.384 W/ActivityManager( 1628): 	at com.android.server.am.ActivityManagerService.onTransact(ActivityManagerService.java:2935)
12-14 02:32:21.384 W/ActivityManager( 1628): 	at android.os.Binder.execTransact(Binder.java:674)
12-14 02:32:21.385 I/chatty  ( 1628): uid=1000(system) RenderThread identical 888 lines
12-14 02:32:21.385 E/OpenGLRenderer( 1628): GL error:  GL_INVALID_OPERATION
12-14 02:32:21.385 I/calabash( 4538): newActivity1
12-14 02:32:21.385 E/OpenGLRenderer( 1628): GL error:  GL_INVALID_OPERATION
12-14 02:32:21.387 I/chatty  ( 1628): uid=1000(system) RenderThread identical 9 lines
12-14 02:32:21.388 E/OpenGLRenderer( 1628): GL error:  GL_INVALID_OPERATION
12-14 02:32:21.388 W/audio_hw_generic( 1390): Not supplying enough data to HAL, expected position 598489 , only wrote 598320
12-14 02:32:21.389 E/OpenGLRenderer( 1628): GL error:  GL_INVALID_OPERATION
12-14 02:32:21.390 W/ActivityManager( 1628): Bad activity token: android.os.BinderProxy@9565718
12-14 02:32:21.390 W/ActivityManager( 1628): java.lang.ClassCastException: android.os.BinderProxy cannot be cast to com.android.server.am.ActivityRecord$Token
12-14 02:32:21.390 W/ActivityManager( 1628): 	at com.android.server.am.ActivityRecord.forTokenLocked(ActivityRecord.java:778)
12-14 02:32:21.390 W/ActivityManager( 1628): 	at com.android.server.am.ActivityRecord.isInStackLocked(ActivityRecord.java:2085)
12-14 02:32:21.390 W/ActivityManager( 1628): 	at com.android.server.am.ActivityManagerService.setTaskDescription(ActivityManagerService.java:9988)
12-14 02:32:21.390 W/ActivityManager( 1628): 	at android.app.IActivityManager$Stub.onTransact(IActivityManager.java:2824)
12-14 02:32:21.390 W/ActivityManager( 1628): 	at com.android.server.am.ActivityManagerService.onTransact(ActivityManagerService.java:2935)
12-14 02:32:21.390 W/ActivityManager( 1628): 	at android.os.Binder.execTransact(Binder.java:674)
12-14 02:32:21.390 W/ActivityManager( 1628): Bad activity token: android.os.BinderProxy@9565718
12-14 02:32:21.390 W/ActivityManager( 1628): java.lang.ClassCastException: android.os.BinderProxy cannot be cast to com.android.server.am.ActivityRecord$Token
12-14 02:32:21.390 W/ActivityManager( 1628): 	at com.android.server.am.ActivityRecord.forTokenLocked(ActivityRecord.java:778)
12-14 02:32:21.390 W/ActivityManager( 1628): 	at com.android.server.am.ActivityRecord.isInStackLocked(ActivityRecord.java:2085)
12-14 02:32:21.390 W/ActivityManager( 1628): 	at com.android.server.am.ActivityRecord.getStackLocked(ActivityRecord.java:2090)
12-14 02:32:21.390 W/ActivityManager( 1628): 	at com.android.server.am.ActivityManagerService.getActivityStackId(ActivityManagerService.java:10417)
12-14 02:32:21.390 W/ActivityManager( 1628): 	at android.app.IActivityManager$Stub.onTransact(IActivityManager.java:3548)
12-14 02:32:21.390 W/ActivityManager( 1628): 	at com.android.server.am.ActivityManagerService.onTransact(ActivityManagerService.java:2935)
12-14 02:32:21.390 W/ActivityManager( 1628): 	at android.os.Binder.execTransact(Binder.java:674)
12-14 02:32:21.435 W/ActivityManager( 1628): Bad activity token: android.os.BinderProxy@9565718
12-14 02:32:21.435 W/ActivityManager( 1628): java.lang.ClassCastException: android.os.BinderProxy cannot be cast to com.android.server.am.ActivityRecord$Token
12-14 02:32:21.435 W/ActivityManager( 1628): 	at com.android.server.am.ActivityRecord.forTokenLocked(ActivityRecord.java:778)
12-14 02:32:21.435 W/ActivityManager( 1628): 	at com.android.server.am.ActivityRecord.isInStackLocked(ActivityRecord.java:2085)
12-14 02:32:21.435 W/ActivityManager( 1628): 	at com.android.server.am.ActivityManagerService.getActivityOptions(ActivityManagerService.java:13302)
12-14 02:32:21.435 W/ActivityManager( 1628): 	at android.app.IActivityManager$Stub.onTransact(IActivityManager.java:2910)
12-14 02:32:21.435 W/ActivityManager( 1628): 	at com.android.server.am.ActivityManagerService.onTransact(ActivityManagerService.java:2935)
12-14 02:32:21.435 W/ActivityManager( 1628): 	at android.os.Binder.execTransact(Binder.java:674)
12-14 02:32:21.436 W/ActivityManager( 1628): Bad activity token: android.os.BinderProxy@9565718
12-14 02:32:21.436 W/ActivityManager( 1628): java.lang.ClassCastException: android.os.BinderProxy cannot be cast to com.android.server.am.ActivityRecord$Token
12-14 02:32:21.436 W/ActivityManager( 1628): 	at com.android.server.am.ActivityRecord.forTokenLocked(ActivityRecord.java:778)
12-14 02:32:21.436 W/ActivityManager( 1628): 	at com.android.server.am.ActivityRecord.isInStackLocked(ActivityRecord.java:2085)
12-14 02:32:21.436 W/ActivityManager( 1628): 	at com.android.server.am.ActivityManagerService.getActivityOptions(ActivityManagerService.java:13302)
12-14 02:32:21.436 W/ActivityManager( 1628): 	at android.app.IActivityManager$Stub.onTransact(IActivityManager.java:2910)
12-14 02:32:21.436 W/ActivityManager( 1628): 	at com.android.server.am.ActivityManagerService.onTransact(ActivityManagerService.java:2935)
12-14 02:32:21.436 W/ActivityManager( 1628): 	at android.os.Binder.execTransact(Binder.java:674)
12-14 02:32:21.544 I/chatty  ( 1628): uid=1000(system) RenderThread identical 498 lines
12-14 02:32:21.544 E/OpenGLRenderer( 1628): GL error:  GL_INVALID_OPERATION
12-14 02:32:21.544 D/Mileage ( 4538): Not enough fillups to calculate economy
12-14 02:32:21.545 E/OpenGLRenderer( 1628): GL error:  GL_INVALID_OPERATION
12-14 02:32:21.567 I/chatty  ( 1628): uid=1000(system) RenderThread identical 38 lines
12-14 02:32:21.568 E/OpenGLRenderer( 1628): GL error:  GL_INVALID_OPERATION
12-14 02:32:21.569 D/gralloc_ranchu( 1396): gralloc_alloc: Creating ashmem region of size 7753728
12-14 02:32:21.569 E/OpenGLRenderer( 1628): GL error:  GL_INVALID_OPERATION
12-14 02:32:21.916 I/chatty  ( 1628): uid=1000(system) RenderThread identical 738 lines
12-14 02:32:21.919 E/OpenGLRenderer( 1628): GL error:  GL_INVALID_OPERATION
12-14 02:32:21.919 E/SurfaceFlinger( 1409): ro.sf.lcd_density must be defined as a build property
12-14 02:32:21.919 E/OpenGLRenderer( 1628): GL error:  GL_INVALID_OPERATION
12-14 02:32:21.933 I/chatty  ( 1628): uid=1000(system) RenderThread identical 63 lines
12-14 02:32:21.933 E/OpenGLRenderer( 1628): GL error:  GL_INVALID_OPERATION
12-14 02:32:21.933 D/gralloc_ranchu( 1396): gralloc_alloc: Creating ashmem region of size 8298496
12-14 02:32:21.933 E/OpenGLRenderer( 1628): GL error:  GL_INVALID_OPERATION
12-14 02:32:21.941 I/chatty  ( 1628): uid=1000(system) RenderThread identical 21 lines
12-14 02:32:21.941 E/OpenGLRenderer( 1628): GL error:  GL_INVALID_OPERATION
12-14 02:32:21.941 D/        ( 4584): HostConnection::get() New Host Connection established 0xb572f800, tid 4584
12-14 02:32:21.942 E/OpenGLRenderer( 1628): GL error:  GL_INVALID_OPERATION
12-14 02:32:22.009 I/chatty  ( 1628): uid=1000(system) RenderThread identical 133 lines
12-14 02:32:22.009 E/OpenGLRenderer( 1628): GL error:  GL_INVALID_OPERATION
12-14 02:32:22.010 I/zygote  ( 1939): Deoptimizing int agi.f(java.lang.Object, int) due to JIT inline cache
12-14 02:32:22.010 E/OpenGLRenderer( 1628): GL error:  GL_INVALID_OPERATION
12-14 02:32:22.186 I/chatty  ( 1628): uid=1000(system) RenderThread identical 291 lines
12-14 02:32:22.186 E/OpenGLRenderer( 1628): GL error:  GL_INVALID_OPERATION
12-14 02:32:22.187 E/CCTFlatFileLogStore( 1939): Can't get boot count and uptime from log event.
12-14 02:32:22.187 E/CCTFlatFileLogStore( 1939): cdbx: While parsing a protocol message, the input ended unexpectedly in the middle of a field.  This could mean either that the input has been truncated or that an embedded message misreported its own length.
12-14 02:32:22.187 E/CCTFlatFileLogStore( 1939): 	at cczs.T(:com.google.android.gms@204713022@20.47.13 (040700-344095733):3)
12-14 02:32:22.187 E/CCTFlatFileLogStore( 1939): 	at cczs.G(:com.google.android.gms@204713022@20.47.13 (040700-344095733):1)
12-14 02:32:22.187 E/CCTFlatFileLogStore( 1939): 	at cczs.y(:com.google.android.gms@204713022@20.47.13 (040700-344095733):1)
12-14 02:32:22.187 E/CCTFlatFileLogStore( 1939): 	at cczs.w(:com.google.android.gms@204713022@20.47.13 (040700-344095733):7)
12-14 02:32:22.187 E/CCTFlatFileLogStore( 1939): 	at cczs.q(:com.google.android.gms@204713022@20.47.13 (040700-344095733):0)
12-14 02:32:22.187 E/CCTFlatFileLogStore( 1939): 	at ryj.c(:com.google.android.gms@204713022@20.47.13 (040700-344095733):2)
12-14 02:32:22.187 E/CCTFlatFileLogStore( 1939): 	at ryh.a(:com.google.android.gms@204713022@20.47.13 (040700-344095733):9)
12-14 02:32:22.187 E/CCTFlatFileLogStore( 1939): 	at com.google.android.gms.clearcut.uploader.QosUploaderChimeraService.e(:com.google.android.gms@204713022@20.47.13 (040700-344095733):33)
12-14 02:32:22.187 E/CCTFlatFileLogStore( 1939): 	at com.google.android.gms.clearcut.uploader.QosUploaderChimeraService.a(:com.google.android.gms@204713022@20.47.13 (040700-344095733):2)
12-14 02:32:22.187 E/CCTFlatFileLogStore( 1939): 	at afut.call(Unknown Source:4)
12-14 02:32:22.187 E/CCTFlatFileLogStore( 1939): 	at java.util.concurrent.FutureTask.run(FutureTask.java:266)
12-14 02:32:22.187 E/CCTFlatFileLogStore( 1939): 	at tma.c(:com.google.android.gms@204713022@20.47.13 (040700-344095733):6)
12-14 02:32:22.187 E/CCTFlatFileLogStore( 1939): 	at tma.run(:com.google.android.gms@204713022@20.47.13 (040700-344095733):7)
12-14 02:32:22.187 E/CCTFlatFileLogStore( 1939): 	at java.util.concurrent.ThreadPoolExecutor.runWorker(ThreadPoolExecutor.java:1162)
12-14 02:32:22.187 E/CCTFlatFileLogStore( 1939): 	at java.util.concurrent.ThreadPoolExecutor$Worker.run(ThreadPoolExecutor.java:636)
12-14 02:32:22.187 E/CCTFlatFileLogStore( 1939): 	at trx.run(:com.google.android.gms@204713022@20.47.13 (040700-344095733):0)
12-14 02:32:22.187 E/CCTFlatFileLogStore( 1939): 	at java.lang.Thread.run(Thread.java:764)
12-14 02:32:22.189 E/OpenGLRenderer( 1628): GL error:  GL_INVALID_OPERATION
12-14 02:32:22.381 I/chatty  ( 1628): uid=1000(system) RenderThread identical 795 lines
12-14 02:32:22.382 E/OpenGLRenderer( 1628): GL error:  GL_INVALID_OPERATION
12-14 02:32:22.382 I/System.out( 4538): URI: //gesture
12-14 02:32:22.382 I/System.out( 4538): params: {json={"query_timeout":5.0,"gestures":[{"query_string":"android.widget.TabWidget descendant TextView index:3","touches":[{"x":50,"y":50,"offset_x":0,"offset_y":0,"wait":0.0,"time":0.2,"release":true,"query_string":null}]}]}
12-14 02:32:22.382 E/OpenGLRenderer( 1628): GL error:  GL_INVALID_OPERATION
12-14 02:32:22.382 I/System.out( 4538): }
12-14 02:32:22.382 E/OpenGLRenderer( 1628): GL error:  GL_INVALID_OPERATION
12-14 02:32:22.390 I/chatty  ( 1628): uid=1000(system) RenderThread identical 64 lines
12-14 02:32:22.390 E/OpenGLRenderer( 1628): GL error:  GL_INVALID_OPERATION
12-14 02:32:22.390 I/zygote  ( 4538): Do partial code cache collection, code=124KB, data=67KB
12-14 02:32:22.390 E/OpenGLRenderer( 1628): GL error:  GL_INVALID_OPERATION
12-14 02:32:22.394 I/chatty  ( 1628): uid=1000(system) RenderThread identical 31 lines
12-14 02:32:22.394 E/OpenGLRenderer( 1628): GL error:  GL_INVALID_OPERATION
12-14 02:32:22.395 I/zygote  ( 4538): After code cache collection, code=124KB, data=67KB
12-14 02:32:22.395 I/zygote  ( 4538): Increasing code cache capacity to 512KB
12-14 02:32:22.395 E/OpenGLRenderer( 1628): GL error:  GL_INVALID_OPERATION
12-14 02:32:22.583 I/chatty  ( 1628): uid=1000(system) RenderThread identical 974 lines
12-14 02:32:22.583 E/OpenGLRenderer( 1628): GL error:  GL_INVALID_OPERATION
12-14 02:32:22.583 I/zygote  ( 1939): Compiler allocated 5MB to compile boolean com.google.android.gms.clearcut.uploader.QosUploaderChimeraService.e(java.lang.String)
12-14 02:32:22.583 E/OpenGLRenderer( 1628): GL error:  GL_INVALID_OPERATION
12-14 02:32:22.755 W/ActivityManager( 1628): Bad activity token: android.os.BinderProxy@d4ff05c
12-14 02:32:22.755 W/ActivityManager( 1628): java.lang.ClassCastException: android.os.BinderProxy cannot be cast to com.android.server.am.ActivityRecord$Token
12-14 02:32:22.755 W/ActivityManager( 1628): 	at com.android.server.am.ActivityRecord.forTokenLocked(ActivityRecord.java:778)
12-14 02:32:22.755 W/ActivityManager( 1628): 	at com.android.server.am.ActivityRecord.isInStackLocked(ActivityRecord.java:2085)
12-14 02:32:22.755 W/ActivityManager( 1628): 	at com.android.server.am.ActivityRecord.getStackLocked(ActivityRecord.java:2090)
12-14 02:32:22.755 W/ActivityManager( 1628): 	at com.android.server.am.ActivityManagerService.getActivityDisplayId(ActivityManagerService.java:10406)
12-14 02:32:22.755 W/ActivityManager( 1628): 	at android.app.IActivityManager$Stub.onTransact(IActivityManager.java:2738)
12-14 02:32:22.755 W/ActivityManager( 1628): 	at com.android.server.am.ActivityManagerService.onTransact(ActivityManagerService.java:2935)
12-14 02:32:22.755 W/ActivityManager( 1628): 	at android.os.Binder.execTransact(Binder.java:674)
12-14 02:32:22.755 I/chatty  ( 1628): uid=1000(system) RenderThread identical 841 lines
12-14 02:32:22.755 E/OpenGLRenderer( 1628): GL error:  GL_INVALID_OPERATION
12-14 02:32:22.756 I/calabash( 4538): newActivity1
12-14 02:32:22.756 E/OpenGLRenderer( 1628): GL error:  GL_INVALID_OPERATION
12-14 02:32:22.758 W/ActivityManager( 1628): Bad activity token: android.os.BinderProxy@d4ff05c
12-14 02:32:22.758 W/ActivityManager( 1628): java.lang.ClassCastException: android.os.BinderProxy cannot be cast to com.android.server.am.ActivityRecord$Token
12-14 02:32:22.758 W/ActivityManager( 1628): 	at com.android.server.am.ActivityRecord.forTokenLocked(ActivityRecord.java:778)
12-14 02:32:22.758 W/ActivityManager( 1628): 	at com.android.server.am.ActivityRecord.isInStackLocked(ActivityRecord.java:2085)
12-14 02:32:22.758 W/ActivityManager( 1628): 	at com.android.server.am.ActivityManagerService.setTaskDescription(ActivityManagerService.java:9988)
12-14 02:32:22.758 W/ActivityManager( 1628): 	at android.app.IActivityManager$Stub.onTransact(IActivityManager.java:2824)
12-14 02:32:22.758 W/ActivityManager( 1628): 	at com.android.server.am.ActivityManagerService.onTransact(ActivityManagerService.java:2935)
12-14 02:32:22.758 W/ActivityManager( 1628): 	at android.os.Binder.execTransact(Binder.java:674)
12-14 02:32:22.759 W/ActivityManager( 1628): Bad activity token: android.os.BinderProxy@d4ff05c
12-14 02:32:22.759 W/ActivityManager( 1628): java.lang.ClassCastException: android.os.BinderProxy cannot be cast to com.android.server.am.ActivityRecord$Token
12-14 02:32:22.759 W/ActivityManager( 1628): 	at com.android.server.am.ActivityRecord.forTokenLocked(ActivityRecord.java:778)
12-14 02:32:22.759 W/ActivityManager( 1628): 	at com.android.server.am.ActivityRecord.isInStackLocked(ActivityRecord.java:2085)
12-14 02:32:22.759 W/ActivityManager( 1628): 	at com.android.server.am.ActivityRecord.getStackLocked(ActivityRecord.java:2090)
12-14 02:32:22.759 W/ActivityManager( 1628): 	at com.android.server.am.ActivityManagerService.getActivityStackId(ActivityManagerService.java:10417)
12-14 02:32:22.759 W/ActivityManager( 1628): 	at android.app.IActivityManager$Stub.onTransact(IActivityManager.java:3548)
12-14 02:32:22.759 W/ActivityManager( 1628): 	at com.android.server.am.ActivityManagerService.onTransact(ActivityManagerService.java:2935)
12-14 02:32:22.759 W/ActivityManager( 1628): 	at android.os.Binder.execTransact(Binder.java:674)
12-14 02:32:22.765 W/ActivityManager( 1628): Bad activity token: android.os.BinderProxy@d4ff05c
12-14 02:32:22.765 W/ActivityManager( 1628): java.lang.ClassCastException: android.os.BinderProxy cannot be cast to com.android.server.am.ActivityRecord$Token
12-14 02:32:22.765 W/ActivityManager( 1628): 	at com.android.server.am.ActivityRecord.forTokenLocked(ActivityRecord.java:778)
12-14 02:32:22.765 W/ActivityManager( 1628): 	at com.android.server.am.ActivityRecord.isInStackLocked(ActivityRecord.java:2085)
12-14 02:32:22.765 W/ActivityManager( 1628): 	at com.android.server.am.ActivityManagerService.getActivityOptions(ActivityManagerService.java:13302)
12-14 02:32:22.765 W/ActivityManager( 1628): 	at android.app.IActivityManager$Stub.onTransact(IActivityManager.java:2910)
12-14 02:32:22.765 W/ActivityManager( 1628): 	at com.android.server.am.ActivityManagerService.onTransact(ActivityManagerService.java:2935)
12-14 02:32:22.765 W/ActivityManager( 1628): 	at android.os.Binder.execTransact(Binder.java:674)
12-14 02:32:22.765 W/ActivityManager( 1628): Bad activity token: android.os.BinderProxy@d4ff05c
12-14 02:32:22.765 W/ActivityManager( 1628): java.lang.ClassCastException: android.os.BinderProxy cannot be cast to com.android.server.am.ActivityRecord$Token
12-14 02:32:22.765 W/ActivityManager( 1628): 	at com.android.server.am.ActivityRecord.forTokenLocked(ActivityRecord.java:778)
12-14 02:32:22.765 W/ActivityManager( 1628): 	at com.android.server.am.ActivityRecord.isInStackLocked(ActivityRecord.java:2085)
12-14 02:32:22.765 W/ActivityManager( 1628): 	at com.android.server.am.ActivityManagerService.getActivityOptions(ActivityManagerService.java:13302)
12-14 02:32:22.765 W/ActivityManager( 1628): 	at android.app.IActivityManager$Stub.onTransact(IActivityManager.java:2910)
12-14 02:32:22.765 W/ActivityManager( 1628): 	at com.android.server.am.ActivityManagerService.onTransact(ActivityManagerService.java:2935)
12-14 02:32:22.765 W/ActivityManager( 1628): 	at android.os.Binder.execTransact(Binder.java:674)
12-14 02:32:23.066 I/chatty  ( 1628): uid=1000(system) RenderThread identical 1200 lines
12-14 02:32:23.066 E/SurfaceFlinger( 1409): ro.sf.lcd_density must be defined as a build property
12-14 02:32:23.066 E/OpenGLRenderer( 1628): GL error:  GL_INVALID_OPERATION
12-14 02:32:23.066 E/OpenGLRenderer( 1628): GL error:  GL_INVALID_OPERATION
12-14 02:32:23.074 I/chatty  ( 1628): uid=1000(system) RenderThread identical 50 lines
12-14 02:32:23.075 E/OpenGLRenderer( 1628): GL error:  GL_INVALID_OPERATION
12-14 02:32:23.075 E/OpenGLRenderer( 1628): GL error:  GL_INVALID_OPERATION
12-14 02:32:23.075 D/gralloc_ranchu( 1396): gralloc_alloc: Creating ashmem region of size 8298496
12-14 02:32:23.084 I/chatty  ( 1628): uid=1000(system) RenderThread expire 25 lines
12-14 02:32:23.086 E/OpenGLRenderer( 1628): GL error:  GL_INVALID_OPERATION
12-14 02:32:23.086 D/        ( 4590): HostConnection::get() New Host Connection established 0xb402f800, tid 4590
12-14 02:32:23.087 E/OpenGLRenderer( 1628): GL error:  GL_INVALID_OPERATION
12-14 02:32:23.142 E/TaskPersister( 1628): File error accessing recents directory (directory doesn't exist?).
12-14 02:32:23.196 I/chatty  ( 1628): uid=1000(system) RenderThread identical 370 lines
12-14 02:32:23.196 E/OpenGLRenderer( 1628): GL error:  GL_INVALID_OPERATION
12-14 02:32:23.197 I/zygote  ( 1939): Deoptimizing void cdcg.c(java.lang.Object, java.lang.Object, long) due to JIT inline cache
12-14 02:32:23.199 E/OpenGLRenderer( 1628): GL error:  GL_INVALID_OPERATION
12-14 02:32:23.500 I/chatty  ( 1628): uid=1000(system) RenderThread identical 646 lines
12-14 02:32:23.501 E/OpenGLRenderer( 1628): GL error:  GL_INVALID_OPERATION
12-14 02:32:23.501 I/NetworkScheduler.Stats( 1939): Task com.google.android.gms/com.google.android.gms.clearcut.uploader.QosUploaderService finished executing. cause:5 result: 1 elapsed_millis: 8953 uptime_millis: 8953 exec_start_elapsed_seconds: 99 [CONTEXT service_id=218 ]
12-14 02:32:23.501 E/OpenGLRenderer( 1628): GL error:  GL_INVALID_OPERATION
12-14 02:32:23.699 I/chatty  ( 1628): uid=1000(system) RenderThread identical 757 lines
12-14 02:32:23.699 E/OpenGLRenderer( 1628): GL error:  GL_INVALID_OPERATION
12-14 02:32:23.699 I/System.out( 4538): URI: //gesture
12-14 02:32:23.699 I/System.out( 4538): params: {json={"query_timeout":5.0,"gestures":[{"query_string":"android.widget.TabWidget descendant TextView index:2","touches":[{"x":50,"y":50,"offset_x":0,"offset_y":0,"wait":0.0,"time":0.2,"release":true,"query_string":null}]}]}
12-14 02:32:23.699 I/System.out( 4538): }
12-14 02:32:23.699 E/OpenGLRenderer( 1628): GL error:  GL_INVALID_OPERATION
12-14 02:32:24.120 W/ActivityManager( 1628): Bad activity token: android.os.BinderProxy@336e8c7
12-14 02:32:24.120 W/ActivityManager( 1628): java.lang.ClassCastException: android.os.BinderProxy cannot be cast to com.android.server.am.ActivityRecord$Token
12-14 02:32:24.120 W/ActivityManager( 1628): 	at com.android.server.am.ActivityRecord.forTokenLocked(ActivityRecord.java:778)
12-14 02:32:24.120 W/ActivityManager( 1628): 	at com.android.server.am.ActivityRecord.isInStackLocked(ActivityRecord.java:2085)
12-14 02:32:24.120 W/ActivityManager( 1628): 	at com.android.server.am.ActivityRecord.getStackLocked(ActivityRecord.java:2090)
12-14 02:32:24.120 W/ActivityManager( 1628): 	at com.android.server.am.ActivityManagerService.getActivityDisplayId(ActivityManagerService.java:10406)
12-14 02:32:24.120 W/ActivityManager( 1628): 	at android.app.IActivityManager$Stub.onTransact(IActivityManager.java:2738)
12-14 02:32:24.120 W/ActivityManager( 1628): 	at com.android.server.am.ActivityManagerService.onTransact(ActivityManagerService.java:2935)
12-14 02:32:24.120 W/ActivityManager( 1628): 	at android.os.Binder.execTransact(Binder.java:674)
12-14 02:32:24.121 I/chatty  ( 1628): uid=1000(system) RenderThread identical 1210 lines
12-14 02:32:24.121 E/OpenGLRenderer( 1628): GL error:  GL_INVALID_OPERATION
12-14 02:32:24.121 I/calabash( 4538): newActivity1
12-14 02:32:24.121 E/OpenGLRenderer( 1628): GL error:  GL_INVALID_OPERATION
12-14 02:32:24.132 I/chatty  ( 1628): uid=1000(system) RenderThread identical 43 lines
12-14 02:32:24.132 E/OpenGLRenderer( 1628): GL error:  GL_INVALID_OPERATION
12-14 02:32:24.133 D/AndroidRuntime( 4538): Shutting down VM
12-14 02:32:24.133 E/OpenGLRenderer( 1628): GL error:  GL_INVALID_OPERATION
--------- beginning of crash
12-14 02:32:24.135 E/AndroidRuntime( 4538): FATAL EXCEPTION: main
12-14 02:32:24.135 E/AndroidRuntime( 4538): Process: com.evancharlton.mileage, PID: 4538
12-14 02:32:24.135 E/AndroidRuntime( 4538): java.lang.VerifyError: Verifier rejected class com.evancharlton.mileage.VehicleStatisticsActivity: void com.evancharlton.mileage.VehicleStatisticsActivity.onCreate(android.os.Bundle): [0xFFFFFFFF] register index out of range (9 >= 5) (declaration of 'com.evancharlton.mileage.VehicleStatisticsActivity' appears in /data/app/com.evancharlton.mileage-pO1IDBwA-DDB3WcZiHP5IQ==/base.apk)
12-14 02:32:24.135 E/AndroidRuntime( 4538): 	at java.lang.Class.newInstance(Native Method)
12-14 02:32:24.135 E/AndroidRuntime( 4538): 	at android.app.Instrumentation.newActivity(Instrumentation.java:1173)
12-14 02:32:24.135 E/AndroidRuntime( 4538): 	at sh.calaba.instrumentationbackend.CalabashInstrumentation.newActivity(CalabashInstrumentation.java:52)
12-14 02:32:24.135 E/AndroidRuntime( 4538): 	at android.app.ActivityThread.performLaunchActivity(ActivityThread.java:2708)
12-14 02:32:24.135 E/AndroidRuntime( 4538): 	at android.app.ActivityThread.startActivityNow(ActivityThread.java:2615)
12-14 02:32:24.135 E/AndroidRuntime( 4538): 	at android.app.LocalActivityManager.moveToState(LocalActivityManager.java:136)
12-14 02:32:24.135 E/AndroidRuntime( 4538): 	at android.app.LocalActivityManager.startActivity(LocalActivityManager.java:348)
12-14 02:32:24.135 E/AndroidRuntime( 4538): 	at android.widget.TabHost$IntentContentStrategy.getContentView(TabHost.java:769)
12-14 02:32:24.135 E/AndroidRuntime( 4538): 	at android.widget.TabHost.setCurrentTab(TabHost.java:423)
12-14 02:32:24.135 E/AndroidRuntime( 4538): 	at android.widget.TabHost$2.onTabSelectionChanged(TabHost.java:167)
12-14 02:32:24.135 E/AndroidRuntime( 4538): 	at android.widget.TabWidget$TabClickListener.onClick(TabWidget.java:546)
12-14 02:32:24.135 E/AndroidRuntime( 4538): 	at android.view.View.performClick(View.java:6256)
12-14 02:32:24.135 E/AndroidRuntime( 4538): 	at android.view.View$PerformClick.run(View.java:24701)
12-14 02:32:24.135 E/AndroidRuntime( 4538): 	at android.os.Handler.handleCallback(Handler.java:789)
12-14 02:32:24.135 E/AndroidRuntime( 4538): 	at android.os.Handler.dispatchMessage(Handler.java:98)
12-14 02:32:24.135 E/AndroidRuntime( 4538): 	at android.os.Looper.loop(Looper.java:164)
12-14 02:32:24.135 E/AndroidRuntime( 4538): 	at android.app.ActivityThread.main(ActivityThread.java:6541)
12-14 02:32:24.135 E/AndroidRuntime( 4538): 	at java.lang.reflect.Method.invoke(Native Method)
12-14 02:32:24.135 E/AndroidRuntime( 4538): 	at com.android.internal.os.Zygote$MethodAndArgsCaller.run(Zygote.java:240)
12-14 02:32:24.135 E/AndroidRuntime( 4538): 	at com.android.internal.os.ZygoteInit.main(ZygoteInit.java:767)
12-14 02:32:24.138 I/chatty  ( 1628): uid=1000(system) RenderThread identical 24 lines
12-14 02:32:24.138 E/OpenGLRenderer( 1628): GL error:  GL_INVALID_OPERATION
12-14 02:32:24.138 I/Process ( 4538): Sending signal. PID: 4538 SIG: 9
12-14 02:32:24.139 E/OpenGLRenderer( 1628): GL error:  GL_INVALID_OPERATION
12-14 02:32:24.144 I/chatty  ( 1628): uid=1000(system) RenderThread identical 17 lines
12-14 02:32:24.145 E/OpenGLRenderer( 1628): GL error:  GL_INVALID_OPERATION
12-14 02:32:24.145 W/BroadcastQueue( 1628): Background execution not allowed: receiving Intent { act=android.intent.action.DROPBOX_ENTRY_ADDED flg=0x10 (has extras) } to com.google.android.gms/.stats.service.DropBoxEntryAddedReceiver
12-14 02:32:24.145 W/BroadcastQueue( 1628): Background execution not allowed: receiving Intent { act=android.intent.action.DROPBOX_ENTRY_ADDED flg=0x10 (has extras) } to com.google.android.gms/.chimera.GmsIntentOperationService$PersistentTrustedReceiver
12-14 02:32:24.145 I/zygote  ( 1939): Deoptimizing bsbk brqx.D(int) due to JIT inline cache
12-14 02:32:24.145 I/zygote  ( 1939): Deoptimizing java.lang.Object bsbk.next() due to JIT inline cache
12-14 02:32:24.149 E/OpenGLRenderer( 1628): GL error:  GL_INVALID_OPERATION
12-14 02:32:24.205 I/chatty  ( 1628): uid=1000(system) RenderThread identical 141 lines
12-14 02:32:24.206 E/OpenGLRenderer( 1628): GL error:  GL_INVALID_OPERATION
12-14 02:32:24.206 W/InputDispatcher( 1628): channel '2304e83 com.evancharlton.mileage/com.evancharlton.mileage.Mileage (server)' ~ Consumer closed input channel or an error occurred.  events=0x9
12-14 02:32:24.206 E/InputDispatcher( 1628): channel '2304e83 com.evancharlton.mileage/com.evancharlton.mileage.Mileage (server)' ~ Channel is unrecoverably broken and will be disposed!
12-14 02:32:24.209 I/WindowManager( 1628): WIN DEATH: Window{2304e83 u0 com.evancharlton.mileage/com.evancharlton.mileage.Mileage}
