12-14 02:31:56.001 I/System.out( 4129): }
12-14 02:31:56.001 E/OpenGLRenderer( 1628): GL error:  GL_INVALID_OPERATION
12-14 02:31:56.013 I/chatty  ( 1628): uid=1000(system) RenderThread identical 41 lines
12-14 02:31:56.013 E/OpenGLRenderer( 1628): GL error:  GL_INVALID_OPERATION
12-14 02:31:56.014 I/System.out( 4129): URI: //ping
12-14 02:31:56.014 E/OpenGLRenderer( 1628): GL error:  GL_INVALID_OPERATION
12-14 02:31:56.014 I/System.out( 4129): params: {json={}
12-14 02:31:56.014 I/System.out( 4129): }
12-14 02:31:56.014 E/OpenGLRenderer( 1628): GL error:  GL_INVALID_OPERATION
12-14 02:31:56.024 I/chatty  ( 1628): uid=1000(system) RenderThread identical 23 lines
12-14 02:31:56.024 E/OpenGLRenderer( 1628): GL error:  GL_INVALID_OPERATION
12-14 02:31:56.024 I/System.out( 4129): URI: //ready
12-14 02:31:56.025 I/System.out( 4129): params: {json={}
12-14 02:31:56.025 I/System.out( 4129): }
12-14 02:31:56.025 E/OpenGLRenderer( 1628): GL error:  GL_INVALID_OPERATION
12-14 02:31:56.035 I/chatty  ( 1628): uid=1000(system) RenderThread identical 23 lines
12-14 02:31:56.036 E/OpenGLRenderer( 1628): GL error:  GL_INVALID_OPERATION
12-14 02:31:56.036 I/System.out( 4129): URI: //
12-14 02:31:56.036 I/System.out( 4129): params: {json={"command":"version","arguments":[]}
12-14 02:31:56.036 I/System.out( 4129): }
12-14 02:31:56.036 E/OpenGLRenderer( 1628): GL error:  GL_INVALID_OPERATION
12-14 02:31:56.036 I/System.out( 4129): header: {content-type=application/json;charset=utf-8, date=Mon, 14 Dec 2020 07:31:56 GMT, accept=*/*, host=127.0.0.1:34777, content-length=36, user-agent=HTTPClient/1.0 (2.8.3, ruby 2.5.8 (2020-03-31))}
12-14 02:31:56.036 I/System.out( 4129): params: {json={"command":"version","arguments":[]}
12-14 02:31:56.036 I/System.out( 4129): }
12-14 02:31:56.036 E/OpenGLRenderer( 1628): GL error:  GL_INVALID_OPERATION
12-14 02:31:56.036 I/System.out( 4129): ProP json = {"command":"version","arguments":[]}
12-14 02:31:56.036 I/System.out( 4129): files: {}
12-14 02:31:56.036 I/System.out( 4129): command: {"command":"version","arguments":[]}
12-14 02:31:56.036 E/OpenGLRenderer( 1628): GL error:  GL_INVALID_OPERATION
12-14 02:31:56.108 I/chatty  ( 1628): uid=1000(system) RenderThread identical 212 lines
12-14 02:31:56.108 E/OpenGLRenderer( 1628): GL error:  GL_INVALID_OPERATION
12-14 02:31:56.109 I/InstrumentationBackend( 4129): Got command:'Command:'Line:null,version', arguments:'[]'
12-14 02:31:56.109 E/OpenGLRenderer( 1628): GL error:  GL_INVALID_OPERATION
12-14 02:31:56.195 I/chatty  ( 1628): uid=1000(system) RenderThread identical 290 lines
12-14 02:31:56.196 E/OpenGLRenderer( 1628): GL error:  GL_INVALID_OPERATION
12-14 02:31:56.196 I/System.out( 4129): result:{"bonusInformation":[],"message":"0.9.8","success":true}
12-14 02:31:56.196 E/OpenGLRenderer( 1628): GL error:  GL_INVALID_OPERATION
12-14 02:31:56.212 I/chatty  ( 1628): uid=1000(system) RenderThread identical 45 lines
12-14 02:31:56.212 E/OpenGLRenderer( 1628): GL error:  GL_INVALID_OPERATION
12-14 02:31:56.212 I/System.out( 4129): URI: //start-application
12-14 02:31:56.212 I/System.out( 4129): params: {json={"intent":null}
12-14 02:31:56.212 E/OpenGLRenderer( 1628): GL error:  GL_INVALID_OPERATION
12-14 02:31:56.212 I/System.out( 4129): }
12-14 02:31:56.213 E/OpenGLRenderer( 1628): GL error:  GL_INVALID_OPERATION
12-14 02:31:56.301 I/ActivityManager( 1628): START u0 {act=android.intent.action.MAIN cat=[android.intent.category.LAUNCHER] flg=0x10200000 cmp=com.evancharlton.mileage/.Mileage} from uid 10354
12-14 02:31:56.325 I/chatty  ( 1628): uid=1000(system) RenderThread identical 346 lines
12-14 02:31:56.325 E/OpenGLRenderer( 1628): GL error:  GL_INVALID_OPERATION
12-14 02:31:56.326 I/calabash( 4129): newActivity1
12-14 02:31:56.327 E/OpenGLRenderer( 1628): GL error:  GL_INVALID_OPERATION
12-14 02:31:56.343 I/chatty  ( 1628): uid=1000(system) RenderThread identical 40 lines
12-14 02:31:56.343 E/OpenGLRenderer( 1628): GL error:  GL_INVALID_OPERATION
12-14 02:31:56.345 D/gralloc_ranchu( 1396): gralloc_alloc: Creating ashmem region of size 7753728
12-14 02:31:56.345 E/OpenGLRenderer( 1628): GL error:  GL_INVALID_OPERATION
12-14 02:31:56.433 W/ActivityManager( 1628): Bad activity token: android.os.BinderProxy@47c475
12-14 02:31:56.433 W/ActivityManager( 1628): java.lang.ClassCastException: android.os.BinderProxy cannot be cast to com.android.server.am.ActivityRecord$Token
12-14 02:31:56.433 W/ActivityManager( 1628): 	at com.android.server.am.ActivityRecord.forTokenLocked(ActivityRecord.java:778)
12-14 02:31:56.433 W/ActivityManager( 1628): 	at com.android.server.am.ActivityRecord.isInStackLocked(ActivityRecord.java:2085)
12-14 02:31:56.433 W/ActivityManager( 1628): 	at com.android.server.am.ActivityRecord.getStackLocked(ActivityRecord.java:2090)
12-14 02:31:56.433 W/ActivityManager( 1628): 	at com.android.server.am.ActivityManagerService.getActivityDisplayId(ActivityManagerService.java:10406)
12-14 02:31:56.433 W/ActivityManager( 1628): 	at android.app.IActivityManager$Stub.onTransact(IActivityManager.java:2738)
12-14 02:31:56.433 W/ActivityManager( 1628): 	at com.android.server.am.ActivityManagerService.onTransact(ActivityManagerService.java:2935)
12-14 02:31:56.433 W/ActivityManager( 1628): 	at android.os.Binder.execTransact(Binder.java:674)
12-14 02:31:56.434 I/chatty  ( 1628): uid=1000(system) RenderThread identical 189 lines
12-14 02:31:56.434 E/OpenGLRenderer( 1628): GL error:  GL_INVALID_OPERATION
12-14 02:31:56.435 I/calabash( 4129): newActivity1
12-14 02:31:56.435 E/OpenGLRenderer( 1628): GL error:  GL_INVALID_OPERATION
12-14 02:31:56.453 I/chatty  ( 1628): uid=1000(system) RenderThread identical 22 lines
12-14 02:31:56.459 E/OpenGLRenderer( 1628): GL error:  GL_INVALID_OPERATION
12-14 02:31:56.464 D/EGL_emulation( 2212): eglMakeCurrent: 0xa24fe040: ver 3 0 (tinfo 0xa24ff740)
12-14 02:31:56.465 D/EGL_emulation( 2180): eglMakeCurrent: 0xa4b043c0: ver 3 0 (tinfo 0xa4b03390)
12-14 02:31:56.467 E/OpenGLRenderer( 1628): GL error:  GL_INVALID_OPERATION
12-14 02:31:56.470 I/chatty  ( 1628): uid=1000(system) RenderThread identical 4 lines
12-14 02:31:56.470 E/OpenGLRenderer( 1628): GL error:  GL_INVALID_OPERATION
12-14 02:31:56.472 E/ContentStoreEUAS( 2212): Failed to commit the deferred actions
12-14 02:31:56.474 E/OpenGLRenderer( 1628): GL error:  GL_INVALID_OPERATION
12-14 02:31:56.475 E/OpenGLRenderer( 1628): GL error:  GL_INVALID_OPERATION
12-14 02:31:56.475 V/StatusBar( 1726): setLightsOn(true)
12-14 02:31:56.476 E/OpenGLRenderer( 1628): GL error:  GL_INVALID_OPERATION
12-14 02:31:56.485 W/ActivityManager( 1628): Bad activity token: android.os.BinderProxy@47c475
12-14 02:31:56.485 W/ActivityManager( 1628): java.lang.ClassCastException: android.os.BinderProxy cannot be cast to com.android.server.am.ActivityRecord$Token
12-14 02:31:56.485 W/ActivityManager( 1628): 	at com.android.server.am.ActivityRecord.forTokenLocked(ActivityRecord.java:778)
12-14 02:31:56.485 W/ActivityManager( 1628): 	at com.android.server.am.ActivityRecord.isInStackLocked(ActivityRecord.java:2085)
12-14 02:31:56.485 W/ActivityManager( 1628): 	at com.android.server.am.ActivityManagerService.setTaskDescription(ActivityManagerService.java:9988)
12-14 02:31:56.485 W/ActivityManager( 1628): 	at android.app.IActivityManager$Stub.onTransact(IActivityManager.java:2824)
12-14 02:31:56.485 W/ActivityManager( 1628): 	at com.android.server.am.ActivityManagerService.onTransact(ActivityManagerService.java:2935)
12-14 02:31:56.485 W/ActivityManager( 1628): 	at android.os.Binder.execTransact(Binder.java:674)
12-14 02:31:56.488 W/ActivityManager( 1628): Bad activity token: android.os.BinderProxy@47c475
12-14 02:31:56.488 W/ActivityManager( 1628): java.lang.ClassCastException: android.os.BinderProxy cannot be cast to com.android.server.am.ActivityRecord$Token
12-14 02:31:56.488 W/ActivityManager( 1628): 	at com.android.server.am.ActivityRecord.forTokenLocked(ActivityRecord.java:778)
12-14 02:31:56.488 W/ActivityManager( 1628): 	at com.android.server.am.ActivityRecord.isInStackLocked(ActivityRecord.java:2085)
12-14 02:31:56.488 W/ActivityManager( 1628): 	at com.android.server.am.ActivityRecord.getStackLocked(ActivityRecord.java:2090)
12-14 02:31:56.488 W/ActivityManager( 1628): 	at com.android.server.am.ActivityManagerService.getActivityStackId(ActivityManagerService.java:10417)
12-14 02:31:56.488 W/ActivityManager( 1628): 	at android.app.IActivityManager$Stub.onTransact(IActivityManager.java:3548)
12-14 02:31:56.488 W/ActivityManager( 1628): 	at com.android.server.am.ActivityManagerService.onTransact(ActivityManagerService.java:2935)
12-14 02:31:56.488 W/ActivityManager( 1628): 	at android.os.Binder.execTransact(Binder.java:674)
12-14 02:31:56.498 I/chatty  ( 1628): uid=1000(system) RenderThread identical 60 lines
12-14 02:31:56.499 E/OpenGLRenderer( 1628): GL error:  GL_INVALID_OPERATION
12-14 02:31:56.499 D/EGL_emulation( 1726): eglMakeCurrent: 0xa0522160: ver 3 0 (tinfo 0xa053fcb0)
12-14 02:31:56.500 E/OpenGLRenderer( 1628): GL error:  GL_INVALID_OPERATION
12-14 02:31:56.505 I/chatty  ( 1628): uid=1000(system) RenderThread identical 15 lines
12-14 02:31:56.505 E/OpenGLRenderer( 1628): GL error:  GL_INVALID_OPERATION
12-14 02:31:56.505 D/EGL_emulation( 1726): eglMakeCurrent: 0xa0522160: ver 3 0 (tinfo 0xa053fcb0)
12-14 02:31:56.506 E/OpenGLRenderer( 1628): GL error:  GL_INVALID_OPERATION
12-14 02:31:56.518 I/chatty  ( 1628): uid=1000(system) RenderThread identical 25 lines
12-14 02:31:56.518 E/OpenGLRenderer( 1628): GL error:  GL_INVALID_OPERATION
12-14 02:31:56.518 D/EGL_emulation( 1726): eglMakeCurrent: 0xa0522160: ver 3 0 (tinfo 0xa053fcb0)
12-14 02:31:56.519 E/OpenGLRenderer( 1628): GL error:  GL_INVALID_OPERATION
12-14 02:31:56.527 I/chatty  ( 1628): uid=1000(system) RenderThread identical 28 lines
12-14 02:31:56.527 E/OpenGLRenderer( 1628): GL error:  GL_INVALID_OPERATION
12-14 02:31:56.528 E/OpenGLRenderer( 1628): GL error:  GL_INVALID_OPERATION
12-14 02:31:56.528 V/StatusBar( 1726): setLightsOn(true)
12-14 02:31:56.542 I/chatty  ( 1628): uid=1000(system) RenderThread expire 39 lines
12-14 02:31:56.543 E/OpenGLRenderer( 1628): GL error:  GL_INVALID_OPERATION
12-14 02:31:56.544 D/EGL_emulation( 1726): eglMakeCurrent: 0xa0522160: ver 3 0 (tinfo 0xa053fcb0)
12-14 02:31:56.544 E/OpenGLRenderer( 1628): GL error:  GL_INVALID_OPERATION
12-14 02:31:56.551 I/chatty  ( 1628): uid=1000(system) RenderThread identical 26 lines
12-14 02:31:56.551 E/OpenGLRenderer( 1628): GL error:  GL_INVALID_OPERATION
12-14 02:31:56.551 D/EGL_emulation( 1726): eglMakeCurrent: 0xa0522160: ver 3 0 (tinfo 0xa053fcb0)
12-14 02:31:56.552 E/OpenGLRenderer( 1628): GL error:  GL_INVALID_OPERATION
12-14 02:31:56.573 I/chatty  ( 1628): uid=1000(system) RenderThread identical 66 lines
12-14 02:31:56.574 E/OpenGLRenderer( 1628): GL error:  GL_INVALID_OPERATION
12-14 02:31:56.574 D/EGL_emulation( 1726): eglMakeCurrent: 0xa0522160: ver 3 0 (tinfo 0xa053fcb0)
12-14 02:31:56.574 E/OpenGLRenderer( 1628): GL error:  GL_INVALID_OPERATION
12-14 02:31:56.579 I/chatty  ( 1628): uid=1000(system) RenderThread identical 11 lines
12-14 02:31:56.579 E/OpenGLRenderer( 1628): GL error:  GL_INVALID_OPERATION
12-14 02:31:56.579 D/EGL_emulation( 1726): eglMakeCurrent: 0xa0522160: ver 3 0 (tinfo 0xa053fcb0)
12-14 02:31:56.579 E/OpenGLRenderer( 1628): GL error:  GL_INVALID_OPERATION
12-14 02:31:56.597 I/chatty  ( 1628): uid=1000(system) RenderThread identical 47 lines
12-14 02:31:56.597 E/OpenGLRenderer( 1628): GL error:  GL_INVALID_OPERATION
12-14 02:31:56.598 E/OpenGLRenderer( 1628): GL error:  GL_INVALID_OPERATION
12-14 02:31:56.598 D/EGL_emulation( 1726): eglMakeCurrent: 0xa0522160: ver 3 0 (tinfo 0xa053fcb0)
12-14 02:31:56.607 I/chatty  ( 1628): uid=1000(system) RenderThread expire 20 lines
12-14 02:31:56.607 E/OpenGLRenderer( 1628): GL error:  GL_INVALID_OPERATION
12-14 02:31:56.607 D/EGL_emulation( 1726): eglMakeCurrent: 0xa0522160: ver 3 0 (tinfo 0xa053fcb0)
12-14 02:31:56.607 E/OpenGLRenderer( 1628): GL error:  GL_INVALID_OPERATION
12-14 02:31:56.626 I/chatty  ( 1628): uid=1000(system) RenderThread identical 59 lines
12-14 02:31:56.626 E/OpenGLRenderer( 1628): GL error:  GL_INVALID_OPERATION
12-14 02:31:56.628 D/EGL_emulation( 1726): eglMakeCurrent: 0xa0522160: ver 3 0 (tinfo 0xa053fcb0)
12-14 02:31:56.629 E/OpenGLRenderer( 1628): GL error:  GL_INVALID_OPERATION
12-14 02:31:56.632 W/ActivityManager( 1628): Bad activity token: android.os.BinderProxy@47c475
12-14 02:31:56.632 W/ActivityManager( 1628): java.lang.ClassCastException: android.os.BinderProxy cannot be cast to com.android.server.am.ActivityRecord$Token
12-14 02:31:56.632 W/ActivityManager( 1628): 	at com.android.server.am.ActivityRecord.forTokenLocked(ActivityRecord.java:778)
12-14 02:31:56.632 W/ActivityManager( 1628): 	at com.android.server.am.ActivityRecord.isInStackLocked(ActivityRecord.java:2085)
12-14 02:31:56.632 W/ActivityManager( 1628): 	at com.android.server.am.ActivityManagerService.getActivityOptions(ActivityManagerService.java:13302)
12-14 02:31:56.632 W/ActivityManager( 1628): 	at android.app.IActivityManager$Stub.onTransact(IActivityManager.java:2910)
12-14 02:31:56.632 W/ActivityManager( 1628): 	at com.android.server.am.ActivityManagerService.onTransact(ActivityManagerService.java:2935)
12-14 02:31:56.632 W/ActivityManager( 1628): 	at android.os.Binder.execTransact(Binder.java:674)
12-14 02:31:56.634 W/ActivityManager( 1628): Bad activity token: android.os.BinderProxy@47c475
12-14 02:31:56.634 W/ActivityManager( 1628): java.lang.ClassCastException: android.os.BinderProxy cannot be cast to com.android.server.am.ActivityRecord$Token
12-14 02:31:56.634 W/ActivityManager( 1628): 	at com.android.server.am.ActivityRecord.forTokenLocked(ActivityRecord.java:778)
12-14 02:31:56.634 W/ActivityManager( 1628): 	at com.android.server.am.ActivityRecord.isInStackLocked(ActivityRecord.java:2085)
12-14 02:31:56.634 W/ActivityManager( 1628): 	at com.android.server.am.ActivityManagerService.getActivityOptions(ActivityManagerService.java:13302)
12-14 02:31:56.634 W/ActivityManager( 1628): 	at android.app.IActivityManager$Stub.onTransact(IActivityManager.java:2910)
12-14 02:31:56.634 W/ActivityManager( 1628): 	at com.android.server.am.ActivityManagerService.onTransact(ActivityManagerService.java:2935)
12-14 02:31:56.634 W/ActivityManager( 1628): 	at android.os.Binder.execTransact(Binder.java:674)
12-14 02:31:56.643 I/chatty  ( 1628): uid=1000(system) RenderThread identical 43 lines
12-14 02:31:56.643 E/OpenGLRenderer( 1628): GL error:  GL_INVALID_OPERATION
12-14 02:31:56.644 D/EGL_emulation( 1726): eglMakeCurrent: 0xa0522160: ver 3 0 (tinfo 0xa053fcb0)
12-14 02:31:56.644 E/OpenGLRenderer( 1628): GL error:  GL_INVALID_OPERATION
12-14 02:31:56.659 I/chatty  ( 1628): uid=1000(system) RenderThread identical 34 lines
12-14 02:31:56.660 E/OpenGLRenderer( 1628): GL error:  GL_INVALID_OPERATION
12-14 02:31:56.660 D/EGL_emulation( 1726): eglMakeCurrent: 0xa0522160: ver 3 0 (tinfo 0xa053fcb0)
12-14 02:31:56.662 E/OpenGLRenderer( 1628): GL error:  GL_INVALID_OPERATION
12-14 02:31:56.667 I/chatty  ( 1628): uid=1000(system) RenderThread identical 15 lines
12-14 02:31:56.667 E/OpenGLRenderer( 1628): GL error:  GL_INVALID_OPERATION
12-14 02:31:56.668 D/EGL_emulation( 1726): eglMakeCurrent: 0xa0522160: ver 3 0 (tinfo 0xa053fcb0)
12-14 02:31:56.668 E/OpenGLRenderer( 1628): GL error:  GL_INVALID_OPERATION
12-14 02:31:56.683 I/chatty  ( 1628): uid=1000(system) RenderThread identical 50 lines
12-14 02:31:56.683 E/OpenGLRenderer( 1628): GL error:  GL_INVALID_OPERATION
12-14 02:31:56.683 D/EGL_emulation( 1726): eglMakeCurrent: 0xa0522160: ver 3 0 (tinfo 0xa053fcb0)
12-14 02:31:56.683 E/OpenGLRenderer( 1628): GL error:  GL_INVALID_OPERATION
12-14 02:31:56.698 I/chatty  ( 1628): uid=1000(system) RenderThread identical 44 lines
12-14 02:31:56.698 E/OpenGLRenderer( 1628): GL error:  GL_INVALID_OPERATION
12-14 02:31:56.698 D/EGL_emulation( 1726): eglMakeCurrent: 0xa0522160: ver 3 0 (tinfo 0xa053fcb0)
12-14 02:31:56.698 E/OpenGLRenderer( 1628): GL error:  GL_INVALID_OPERATION
12-14 02:31:56.708 I/chatty  ( 1628): uid=1000(system) RenderThread identical 29 lines
12-14 02:31:56.708 E/OpenGLRenderer( 1628): GL error:  GL_INVALID_OPERATION
12-14 02:31:56.708 D/EGL_emulation( 1726): eglMakeCurrent: 0xa0522160: ver 3 0 (tinfo 0xa053fcb0)
12-14 02:31:56.708 E/OpenGLRenderer( 1628): GL error:  GL_INVALID_OPERATION
12-14 02:31:56.767 I/chatty  ( 1628): uid=1000(system) RenderThread identical 146 lines
12-14 02:31:56.767 V/StatusBar( 1726): setLightsOn(true)
12-14 02:31:56.767 E/OpenGLRenderer( 1628): GL error:  GL_INVALID_OPERATION
12-14 02:31:56.767 E/OpenGLRenderer( 1628): GL error:  GL_INVALID_OPERATION
12-14 02:31:56.847 I/chatty  ( 1628): uid=1000(system) RenderThread identical 229 lines
12-14 02:31:56.848 E/OpenGLRenderer( 1628): GL error:  GL_INVALID_OPERATION
12-14 02:31:56.849 V/StatusBar( 1726): setLightsOn(true)
12-14 02:31:56.850 E/OpenGLRenderer( 1628): GL error:  GL_INVALID_OPERATION
12-14 02:31:56.852 I/chatty  ( 1628): uid=1000(system) RenderThread identical 4 lines
12-14 02:31:56.852 E/OpenGLRenderer( 1628): GL error:  GL_INVALID_OPERATION
12-14 02:31:56.852 V/StatusBar( 1726): setLightsOn(true)
12-14 02:31:56.852 V/StatusBar( 1726): setLightsOn(true)
12-14 02:31:56.853 E/OpenGLRenderer( 1628): GL error:  GL_INVALID_OPERATION
12-14 02:31:56.899 I/chatty  ( 1628): uid=1000(system) RenderThread identical 252 lines
12-14 02:31:56.900 E/OpenGLRenderer( 1628): GL error:  GL_INVALID_OPERATION
12-14 02:31:56.900 V/StatusBar( 1726): setLightsOn(true)
12-14 02:31:56.900 E/OpenGLRenderer( 1628): GL error:  GL_INVALID_OPERATION
12-14 02:31:56.915 I/chatty  ( 1628): uid=1000(system) RenderThread identical 86 lines
12-14 02:31:56.916 E/OpenGLRenderer( 1628): GL error:  GL_INVALID_OPERATION
12-14 02:31:56.916 D/gralloc_ranchu( 1396): gralloc_alloc: Creating ashmem region of size 7753728
12-14 02:31:56.916 E/OpenGLRenderer( 1628): GL error:  GL_INVALID_OPERATION
12-14 02:31:56.934 I/chatty  ( 1628): uid=1000(system) RenderThread identical 95 lines
12-14 02:31:56.935 E/OpenGLRenderer( 1628): GL error:  GL_INVALID_OPERATION
12-14 02:31:56.935 D/        ( 4129): HostConnection::get() New Host Connection established 0xa21afe40, tid 4129
12-14 02:31:56.935 E/OpenGLRenderer( 1628): GL error:  GL_INVALID_OPERATION
12-14 02:31:56.974 I/chatty  ( 1628): uid=1000(system) RenderThread identical 205 lines
12-14 02:31:56.974 E/OpenGLRenderer( 1628): GL error:  GL_INVALID_OPERATION
12-14 02:31:56.974 V/StatusBar( 1726): setLightsOn(true)
12-14 02:31:56.974 E/OpenGLRenderer( 1628): GL error:  GL_INVALID_OPERATION
12-14 02:31:56.976 I/chatty  ( 1628): uid=1000(system) RenderThread identical 10 lines
12-14 02:31:56.976 E/OpenGLRenderer( 1628): GL error:  GL_INVALID_OPERATION
12-14 02:31:56.976 I/ActivityManager( 1628): Displayed com.evancharlton.mileage/.Mileage: +661ms
12-14 02:31:56.976 E/OpenGLRenderer( 1628): GL error:  GL_INVALID_OPERATION
12-14 02:31:56.977 I/chatty  ( 1628): uid=1000(system) RenderThread identical 5 lines
12-14 02:31:56.977 E/OpenGLRenderer( 1628): GL error:  GL_INVALID_OPERATION
12-14 02:31:56.982 I/zygote  ( 4129): Do partial code cache collection, code=27KB, data=30KB
12-14 02:31:56.982 I/zygote  ( 4129): After code cache collection, code=27KB, data=30KB
12-14 02:31:56.984 I/zygote  ( 4129): Increasing code cache capacity to 128KB
12-14 02:31:56.985 I/zygote  ( 4129): Do partial code cache collection, code=27KB, data=48KB
12-14 02:31:56.987 I/zygote  ( 4129): After code cache collection, code=27KB, data=48KB
12-14 02:31:56.987 I/zygote  ( 4129): Increasing code cache capacity to 256KB
12-14 02:31:56.988 E/OpenGLRenderer( 1628): GL error:  GL_INVALID_OPERATION
12-14 02:31:56.988 I/chatty  ( 1628): uid=1000(system) RenderThread identical 1 line
12-14 02:31:56.989 E/OpenGLRenderer( 1628): GL error:  GL_INVALID_OPERATION
12-14 02:31:56.989 I/zygote  ( 4129): JIT allocated 71KB for compiled code of void android.widget.TextView.<init>(android.content.Context, android.util.AttributeSet, int, int)
12-14 02:31:56.989 I/zygote  ( 4129): Compiler allocated 4MB to compile void android.widget.TextView.<init>(android.content.Context, android.util.AttributeSet, int, int)
12-14 02:31:56.991 E/OpenGLRenderer( 1628): GL error:  GL_INVALID_OPERATION
12-14 02:31:57.007 I/chatty  ( 1628): uid=1000(system) RenderThread identical 52 lines
12-14 02:31:57.007 E/OpenGLRenderer( 1628): GL error:  GL_INVALID_OPERATION
12-14 02:31:57.008 V/StatusBar( 1726): setLightsOn(true)
12-14 02:31:57.009 E/OpenGLRenderer( 1628): GL error:  GL_INVALID_OPERATION
12-14 02:31:57.013 D/gralloc_ranchu( 1396): gralloc_alloc: Creating ashmem region of size 7753728
12-14 02:31:57.013 E/OpenGLRenderer( 1628): GL error:  GL_INVALID_OPERATION
12-14 02:31:57.084 I/chatty  ( 1628): uid=1000(system) RenderThread identical 204 lines
12-14 02:31:57.086 E/OpenGLRenderer( 1628): GL error:  GL_INVALID_OPERATION
12-14 02:31:57.087 E/memtrack( 1628): Couldn't load memtrack module
12-14 02:31:57.087 W/android.os.Debug( 1628): failed to get memory consumption info: -1
12-14 02:31:57.093 E/OpenGLRenderer( 1628): GL error:  GL_INVALID_OPERATION
12-14 02:31:57.161 I/chatty  ( 1628): uid=1000(system) RenderThread identical 268 lines
12-14 02:31:57.161 E/OpenGLRenderer( 1628): GL error:  GL_INVALID_OPERATION
12-14 02:31:57.161 V/StatusBar( 1726): setLightsOn(true)
12-14 02:31:57.164 E/OpenGLRenderer( 1628): GL error:  GL_INVALID_OPERATION
12-14 02:31:57.209 I/chatty  ( 1628): uid=1000(system) RenderThread identical 179 lines
12-14 02:31:57.209 E/OpenGLRenderer( 1628): GL error:  GL_INVALID_OPERATION
12-14 02:31:57.212 V/StatusBar( 1726): setLightsOn(true)
12-14 02:31:57.217 E/OpenGLRenderer( 1628): GL error:  GL_INVALID_OPERATION
12-14 02:31:57.226 I/chatty  ( 1628): uid=1000(system) RenderThread identical 36 lines
12-14 02:31:57.227 E/OpenGLRenderer( 1628): GL error:  GL_INVALID_OPERATION
12-14 02:31:57.228 W/SurfaceFlinger( 1409): couldn't log to binary event log: overflow.
12-14 02:31:57.228 E/OpenGLRenderer( 1628): GL error:  GL_INVALID_OPERATION
12-14 02:31:57.303 I/chatty  ( 1628): uid=1000(system) RenderThread identical 250 lines
12-14 02:31:57.304 E/OpenGLRenderer( 1628): GL error:  GL_INVALID_OPERATION
12-14 02:31:57.309 I/PBSessionCacheImpl( 2212): Deleted sessionId[9087050240244] from persistence.
12-14 02:31:57.315 E/OpenGLRenderer( 1628): GL error:  GL_INVALID_OPERATION
12-14 02:31:57.437 I/chatty  ( 1628): uid=1000(system) RenderThread identical 221 lines
12-14 02:31:57.438 E/OpenGLRenderer( 1628): GL error:  GL_INVALID_OPERATION
12-14 02:31:57.438 W/SearchService( 2212): Abort, client detached.
12-14 02:31:57.438 E/OpenGLRenderer( 1628): GL error:  GL_INVALID_OPERATION
