--------- beginning of main
12-14 02:31:57.750 I/chatty  ( 1628): uid=1000(system) RenderThread expire 104 lines
12-14 02:31:57.750 E/OpenGLRenderer( 1628): GL error:  GL_INVALID_OPERATION
12-14 02:31:57.750 D/gralloc_ranchu( 1396): gralloc_alloc: Creating ashmem region of size 8298496
12-14 02:31:57.751 E/OpenGLRenderer( 1628): GL error:  GL_INVALID_OPERATION
12-14 02:31:57.778 I/chatty  ( 1628): uid=1000(system) RenderThread identical 94 lines
12-14 02:31:57.779 E/OpenGLRenderer( 1628): GL error:  GL_INVALID_OPERATION
12-14 02:31:57.779 D/EGL_emulation( 2212): eglMakeCurrent: 0xa24fe040: ver 3 0 (tinfo 0xa24ff740)
12-14 02:31:57.779 E/OpenGLRenderer( 1628): GL error:  GL_INVALID_OPERATION
12-14 02:31:57.876 I/chatty  ( 1628): uid=1000(system) RenderThread identical 177 lines
12-14 02:31:57.877 E/OpenGLRenderer( 1628): GL error:  GL_INVALID_OPERATION
12-14 02:31:57.877 E/hw-IPCThreadState( 1396): binder thread pool (1 threads) starved for 127 ms
12-14 02:31:57.878 E/OpenGLRenderer( 1628): GL error:  GL_INVALID_OPERATION
12-14 02:31:57.887 I/chatty  ( 1628): uid=1000(system) RenderThread identical 9 lines
12-14 02:31:57.888 E/OpenGLRenderer( 1628): GL error:  GL_INVALID_OPERATION
12-14 02:31:57.889 W/SessionLifecycleManager( 2212): Handover failed. Creating new session controller.
12-14 02:31:57.890 E/OpenGLRenderer( 1628): GL error:  GL_INVALID_OPERATION
12-14 02:31:57.929 I/chatty  ( 1628): uid=1000(system) RenderThread identical 9 lines
12-14 02:31:57.930 E/OpenGLRenderer( 1628): GL error:  GL_INVALID_OPERATION
12-14 02:31:57.930 D/EGL_emulation( 2180): eglMakeCurrent: 0xa4b043c0: ver 3 0 (tinfo 0xa4b03390)
12-14 02:31:57.933 E/OpenGLRenderer( 1628): GL error:  GL_INVALID_OPERATION
12-14 02:31:57.966 I/chatty  ( 1628): uid=1000(system) RenderThread identical 71 lines
12-14 02:31:57.966 E/OpenGLRenderer( 1628): GL error:  GL_INVALID_OPERATION
12-14 02:31:57.966 D/gralloc_ranchu( 1396): gralloc_alloc: Creating ashmem region of size 7753728
12-14 02:31:57.966 E/OpenGLRenderer( 1628): GL error:  GL_INVALID_OPERATION
12-14 02:31:57.982 I/chatty  ( 1628): uid=1000(system) RenderThread identical 52 lines
12-14 02:31:57.982 E/OpenGLRenderer( 1628): GL error:  GL_INVALID_OPERATION
12-14 02:31:57.983 I/MicroDetectionWorker( 2212): #updateMicroDetector [detectionMode: [mDetectionMode: [1]]]
12-14 02:31:57.983 I/MicroDetectionWorker( 2212): #startMicroDetector [speakerMode: 0]
12-14 02:31:57.983 E/OpenGLRenderer( 1628): GL error:  GL_INVALID_OPERATION
12-14 02:31:57.983 E/OpenGLRenderer( 1628): GL error:  GL_INVALID_OPERATION
12-14 02:31:57.983 I/AudioController( 2212): Using mInputStreamFactoryBuilder
12-14 02:31:57.989 I/MicroRecognitionRunner( 2212): Starting detection.
12-14 02:31:57.992 D/        ( 1726): HostConnection::get() New Host Connection established 0x90192200, tid 1998
12-14 02:31:57.993 I/MicroDetectionWorker( 2212): onReady
12-14 02:31:57.995 D/EGL_emulation( 1726): eglMakeCurrent: 0xa0522160: ver 3 0 (tinfo 0xa053fcb0)
12-14 02:31:58.002 E/OpenGLRenderer( 1628): GL error:  GL_INVALID_OPERATION
12-14 02:31:58.010 I/chatty  ( 1628): uid=1000(system) RenderThread identical 6 lines
12-14 02:31:58.018 E/OpenGLRenderer( 1628): GL error:  GL_INVALID_OPERATION
12-14 02:31:58.020 E/memtrack( 1628): Couldn't load memtrack module
12-14 02:31:58.020 W/android.os.Debug( 1628): failed to get memory consumption info: -1
12-14 02:31:58.021 E/OpenGLRenderer( 1628): GL error:  GL_INVALID_OPERATION
12-14 02:31:58.021 I/MicrophoneInputStream( 2212): mic_starting com.google.android.apps.gsa.staticplugins.aa.c@4a9b518
12-14 02:31:58.021 E/OpenGLRenderer( 1628): GL error:  GL_INVALID_OPERATION
12-14 02:31:58.033 I/chatty  ( 1628): uid=1000(system) RenderThread identical 21 lines
12-14 02:31:58.034 E/OpenGLRenderer( 1628): GL error:  GL_INVALID_OPERATION
12-14 02:31:58.035 D/EGL_emulation( 1726): eglMakeCurrent: 0xa0522160: ver 3 0 (tinfo 0xa053fcb0)
12-14 02:31:58.036 E/OpenGLRenderer( 1628): GL error:  GL_INVALID_OPERATION
12-14 02:31:58.038 I/MicrophoneInputStream( 2212): mic_started com.google.android.apps.gsa.staticplugins.aa.c@4a9b518
--------- beginning of system
12-14 02:31:58.039 E/ActivityThread( 2212): Failed to find provider info for com.google.android.apps.gsa.testing.ui.audio.recorded
12-14 02:31:58.040 I/MicroDetectionWorker( 2212): onReady
12-14 02:31:58.041 I/MicrophoneInputStream( 2212): mic_close com.google.android.apps.gsa.staticplugins.aa.c@4a9b518
12-14 02:31:58.042 E/OpenGLRenderer( 1628): GL error:  GL_INVALID_OPERATION
12-14 02:31:58.042 E/OpenGLRenderer( 1628): GL error:  GL_INVALID_OPERATION
12-14 02:31:58.044 I/MicroRecognitionRunner( 2212): Detection finished
12-14 02:31:58.044 W/ErrorReporter( 2212): reportError [type: 211, code: 524300]: Error reading from input stream
12-14 02:31:58.045 I/AudioFlinger( 1474): AudioFlinger's thread 0xaed831c0 tid=4187 ready to run
12-14 02:31:58.048 I/MicroRecognitionRunner( 2212): Stopping hotword detection.
12-14 02:31:58.049 W/ErrorProcessor( 2212): onFatalError, processing error from engine(4)
12-14 02:31:58.049 W/ErrorProcessor( 2212): com.google.android.apps.gsa.shared.speech.b.g: Error reading from input stream
12-14 02:31:58.049 W/ErrorProcessor( 2212): 	at com.google.android.apps.gsa.staticplugins.recognizer.j.a.a(SourceFile:28)
12-14 02:31:58.049 W/ErrorProcessor( 2212): 	at com.google.android.apps.gsa.staticplugins.recognizer.j.b.run(SourceFile:15)
12-14 02:31:58.049 W/ErrorProcessor( 2212): 	at java.util.concurrent.Executors$RunnableAdapter.call(Executors.java:457)
12-14 02:31:58.049 W/ErrorProcessor( 2212): 	at java.util.concurrent.FutureTask.run(FutureTask.java:266)
12-14 02:31:58.049 W/ErrorProcessor( 2212): 	at com.google.android.apps.gsa.shared.util.concurrent.a.ax.run(SourceFile:14)
12-14 02:31:58.049 W/ErrorProcessor( 2212): 	at com.google.android.apps.gsa.shared.util.concurrent.a.bl.run(SourceFile:4)
12-14 02:31:58.049 W/ErrorProcessor( 2212): 	at com.google.android.apps.gsa.shared.util.concurrent.a.bl.run(SourceFile:4)
12-14 02:31:58.049 W/ErrorProcessor( 2212): 	at java.util.concurrent.ThreadPoolExecutor.runWorker(ThreadPoolExecutor.java:1162)
12-14 02:31:58.049 W/ErrorProcessor( 2212): 	at java.util.concurrent.ThreadPoolExecutor$Worker.run(ThreadPoolExecutor.java:636)
12-14 02:31:58.049 W/ErrorProcessor( 2212): 	at java.lang.Thread.run(Thread.java:764)
12-14 02:31:58.049 W/ErrorProcessor( 2212): 	at com.google.android.apps.gsa.shared.util.concurrent.a.ai.run(SourceFile:6)
12-14 02:31:58.049 W/ErrorProcessor( 2212): Caused by: com.google.android.apps.gsa.shared.exception.GsaIOException: Error code: 393238 | Buffer overflow, no available space.
12-14 02:31:58.049 W/ErrorProcessor( 2212): 	at com.google.android.apps.gsa.speech.audio.Tee.f(SourceFile:103)
12-14 02:31:58.049 W/ErrorProcessor( 2212): 	at com.google.android.apps.gsa.speech.audio.au.read(SourceFile:2)
12-14 02:31:58.049 W/ErrorProcessor( 2212): 	at java.io.InputStream.read(InputStream.java:101)
12-14 02:31:58.049 W/ErrorProcessor( 2212): 	at com.google.android.apps.gsa.speech.audio.ao.run(SourceFile:18)
12-14 02:31:58.049 W/ErrorProcessor( 2212): 	at com.google.android.apps.gsa.speech.audio.an.run(SourceFile:2)
12-14 02:31:58.049 W/ErrorProcessor( 2212): 	... 9 more
12-14 02:31:58.049 I/AudioController( 2212): internalShutdown
12-14 02:31:58.050 E/OpenGLRenderer( 1628): GL error:  GL_INVALID_OPERATION
12-14 02:31:58.050 D/EGL_emulation( 1726): eglMakeCurrent: 0xa0522160: ver 3 0 (tinfo 0xa053fcb0)
12-14 02:31:58.051 E/OpenGLRenderer( 1628): GL error:  GL_INVALID_OPERATION
12-14 02:31:58.052 I/chatty  ( 1628): uid=1000(system) RenderThread identical 3 lines
12-14 02:31:58.052 E/OpenGLRenderer( 1628): GL error:  GL_INVALID_OPERATION
12-14 02:31:58.053 D/EGL_emulation( 1726): eglMakeCurrent: 0xa0522160: ver 3 0 (tinfo 0xa053fcb0)
12-14 02:31:58.053 E/OpenGLRenderer( 1628): GL error:  GL_INVALID_OPERATION
12-14 02:31:58.059 I/chatty  ( 1628): uid=1000(system) RenderThread identical 33 lines
12-14 02:31:58.059 E/OpenGLRenderer( 1628): GL error:  GL_INVALID_OPERATION
12-14 02:31:58.061 D/EGL_emulation( 1726): eglMakeCurrent: 0xa0522160: ver 3 0 (tinfo 0xa053fcb0)
12-14 02:31:58.065 I/MicroDetector( 2212): Keeping mic open: false
12-14 02:31:58.065 I/MicroDetectionWorker( 2212): #onError(false)
12-14 02:31:58.065 I/DeviceStateChecker( 2212): DeviceStateChecker cancelled
12-14 02:31:58.066 E/OpenGLRenderer( 1628): GL error:  GL_INVALID_OPERATION
12-14 02:31:58.068 E/OpenGLRenderer( 1628): GL error:  GL_INVALID_OPERATION
12-14 02:31:58.068 D/EGL_emulation( 1726): eglMakeCurrent: 0xa0522160: ver 3 0 (tinfo 0xa053fcb0)
12-14 02:31:58.068 E/OpenGLRenderer( 1628): GL error:  GL_INVALID_OPERATION
12-14 02:31:58.076 I/chatty  ( 1628): uid=1000(system) RenderThread identical 47 lines
12-14 02:31:58.076 E/OpenGLRenderer( 1628): GL error:  GL_INVALID_OPERATION
12-14 02:31:58.081 D/EGL_emulation( 1726): eglMakeCurrent: 0xa0522160: ver 3 0 (tinfo 0xa053fcb0)
12-14 02:31:58.082 E/OpenGLRenderer( 1628): GL error:  GL_INVALID_OPERATION
12-14 02:31:58.083 I/chatty  ( 1628): uid=1000(system) RenderThread identical 1 line
12-14 02:31:58.084 E/OpenGLRenderer( 1628): GL error:  GL_INVALID_OPERATION
12-14 02:31:58.085 D/EGL_emulation( 1726): eglMakeCurrent: 0xa0522160: ver 3 0 (tinfo 0xa053fcb0)
12-14 02:31:58.085 E/OpenGLRenderer( 1628): GL error:  GL_INVALID_OPERATION
12-14 02:31:58.092 I/chatty  ( 1628): uid=1000(system) RenderThread identical 49 lines
12-14 02:31:58.092 E/OpenGLRenderer( 1628): GL error:  GL_INVALID_OPERATION
12-14 02:31:58.097 D/EGL_emulation( 1726): eglMakeCurrent: 0xa0522160: ver 3 0 (tinfo 0xa053fcb0)
12-14 02:31:58.098 E/OpenGLRenderer( 1628): GL error:  GL_INVALID_OPERATION
12-14 02:31:58.103 I/chatty  ( 1628): uid=1000(system) RenderThread identical 17 lines
12-14 02:31:58.103 E/OpenGLRenderer( 1628): GL error:  GL_INVALID_OPERATION
12-14 02:31:58.104 E/OpenGLRenderer( 1628): GL error:  GL_INVALID_OPERATION
12-14 02:31:58.104 D/EGL_emulation( 1726): eglMakeCurrent: 0xa0522160: ver 3 0 (tinfo 0xa053fcb0)
12-14 02:31:58.109 I/chatty  ( 1628): uid=1000(system) RenderThread expire 26 lines
12-14 02:31:58.113 E/OpenGLRenderer( 1628): GL error:  GL_INVALID_OPERATION
12-14 02:31:58.115 D/EGL_emulation( 1726): eglMakeCurrent: 0xa0522160: ver 3 0 (tinfo 0xa053fcb0)
12-14 02:31:58.115 E/OpenGLRenderer( 1628): GL error:  GL_INVALID_OPERATION
12-14 02:31:58.123 I/chatty  ( 1628): uid=1000(system) RenderThread identical 53 lines
12-14 02:31:58.123 E/OpenGLRenderer( 1628): GL error:  GL_INVALID_OPERATION
12-14 02:31:58.123 I/zygote  ( 1726): NativeAllocBackground concurrent copying GC freed 1600(160KB) AllocSpace objects, 0(0B) LOS objects, 49% free, 4MB/8MB, paused 532us total 119.326ms
12-14 02:31:58.123 E/OpenGLRenderer( 1628): GL error:  GL_INVALID_OPERATION
12-14 02:31:58.129 I/chatty  ( 1628): uid=1000(system) RenderThread identical 26 lines
12-14 02:31:58.130 E/OpenGLRenderer( 1628): GL error:  GL_INVALID_OPERATION
12-14 02:31:58.131 D/EGL_emulation( 1726): eglMakeCurrent: 0xa0522160: ver 3 0 (tinfo 0xa053fcb0)
12-14 02:31:58.132 E/OpenGLRenderer( 1628): GL error:  GL_INVALID_OPERATION
12-14 02:31:58.132 I/chatty  ( 1628): uid=1000(system) RenderThread identical 1 line
12-14 02:31:58.135 E/OpenGLRenderer( 1628): GL error:  GL_INVALID_OPERATION
12-14 02:31:58.135 E/OpenGLRenderer( 1628): GL error:  GL_INVALID_OPERATION
12-14 02:31:58.136 D/EGL_emulation( 1726): eglMakeCurrent: 0xa0522160: ver 3 0 (tinfo 0xa053fcb0)
12-14 02:31:58.158 I/chatty  ( 1628): uid=1000(system) RenderThread expire 127 lines
12-14 02:31:58.158 E/OpenGLRenderer( 1628): GL error:  GL_INVALID_OPERATION
12-14 02:31:58.158 D/EGL_emulation( 1726): eglMakeCurrent: 0xa0522160: ver 3 0 (tinfo 0xa053fcb0)
12-14 02:31:58.163 E/OpenGLRenderer( 1628): GL error:  GL_INVALID_OPERATION
12-14 02:31:58.167 I/chatty  ( 1628): uid=1000(system) RenderThread identical 15 lines
12-14 02:31:58.168 E/OpenGLRenderer( 1628): GL error:  GL_INVALID_OPERATION
12-14 02:31:58.168 D/EGL_emulation( 1726): eglMakeCurrent: 0xa0522160: ver 3 0 (tinfo 0xa053fcb0)
12-14 02:31:58.169 E/OpenGLRenderer( 1628): GL error:  GL_INVALID_OPERATION
12-14 02:31:58.174 I/chatty  ( 1628): uid=1000(system) RenderThread identical 36 lines
12-14 02:31:58.175 E/OpenGLRenderer( 1628): GL error:  GL_INVALID_OPERATION
12-14 02:31:58.180 D/EGL_emulation( 1726): eglMakeCurrent: 0xa0522160: ver 3 0 (tinfo 0xa053fcb0)
12-14 02:31:58.184 E/OpenGLRenderer( 1628): GL error:  GL_INVALID_OPERATION
12-14 02:31:58.184 I/chatty  ( 1628): uid=1000(system) RenderThread identical 1 line
12-14 02:31:58.184 E/OpenGLRenderer( 1628): GL error:  GL_INVALID_OPERATION
12-14 02:31:58.185 D/EGL_emulation( 1726): eglMakeCurrent: 0xa0522160: ver 3 0 (tinfo 0xa053fcb0)
12-14 02:31:58.188 D/EGL_emulation( 1726): eglMakeCurrent: 0xa0522160: ver 3 0 (tinfo 0xa053fcb0)
12-14 02:31:58.192 E/OpenGLRenderer( 1628): GL error:  GL_INVALID_OPERATION
12-14 02:31:58.207 D/EGL_emulation( 1726): eglMakeCurrent: 0xa0522160: ver 3 0 (tinfo 0xa053fcb0)
12-14 02:31:58.213 D/EGL_emulation( 1726): eglMakeCurrent: 0xa0522160: ver 3 0 (tinfo 0xa053fcb0)
12-14 02:31:58.218 E/OpenGLRenderer( 1628): GL error:  GL_INVALID_OPERATION
12-14 02:31:58.237 I/chatty  ( 1628): uid=1000(system) RenderThread identical 59 lines
12-14 02:31:58.238 E/OpenGLRenderer( 1628): GL error:  GL_INVALID_OPERATION
12-14 02:31:58.238 D/EGL_emulation( 1726): eglMakeCurrent: 0xa0522160: ver 3 0 (tinfo 0xa053fcb0)
12-14 02:31:58.239 E/OpenGLRenderer( 1628): GL error:  GL_INVALID_OPERATION
12-14 02:31:58.418 I/chatty  ( 1628): uid=1000(system) RenderThread identical 373 lines
12-14 02:31:58.418 E/OpenGLRenderer( 1628): GL error:  GL_INVALID_OPERATION
12-14 02:31:58.418 W/OpenGLRenderer( 2180): Incorrectly called buildLayer on View: ShortcutAndWidgetContainer, destroying layer...
12-14 02:31:58.419 E/OpenGLRenderer( 1628): GL error:  GL_INVALID_OPERATION
12-14 02:31:58.530 I/chatty  ( 1628): uid=1000(system) RenderThread identical 472 lines
12-14 02:31:58.530 E/OpenGLRenderer( 1628): GL error:  GL_INVALID_OPERATION
12-14 02:31:58.530 D/AndroidRuntime( 4182): >>>>>> START com.android.internal.os.RuntimeInit uid 2000 <<<<<<
12-14 02:31:58.531 E/OpenGLRenderer( 1628): GL error:  GL_INVALID_OPERATION
12-14 02:31:58.583 I/chatty  ( 1628): uid=1000(system) RenderThread identical 319 lines
12-14 02:31:58.583 E/OpenGLRenderer( 1628): GL error:  GL_INVALID_OPERATION
12-14 02:31:58.584 W/app_process( 4182): Unexpected CPU variant for X86 using defaults: x86
12-14 02:31:58.584 E/OpenGLRenderer( 1628): GL error:  GL_INVALID_OPERATION
12-14 02:31:58.603 I/chatty  ( 1628): uid=1000(system) RenderThread identical 134 lines
12-14 02:31:58.603 E/OpenGLRenderer( 1628): GL error:  GL_INVALID_OPERATION
12-14 02:31:58.603 D/AndroidRuntime( 4182): Calling main entry com.android.commands.am.Am
12-14 02:31:58.603 E/OpenGLRenderer( 1628): GL error:  GL_INVALID_OPERATION
12-14 02:31:58.605 I/ActivityManager( 1628): Force stopping com.evancharlton.mileage appid=10354 user=0: start instr
12-14 02:31:58.605 I/ActivityManager( 1628): Killing 4129:com.evancharlton.mileage/u0a354 (adj 0): stop com.evancharlton.mileage
12-14 02:31:58.606 W/ActivityManager( 1628): Crash of app com.evancharlton.mileage running instrumentation ComponentInfo{com.evancharlton.mileage.test/sh.calaba.instrumentationbackend.CalabashInstrumentationTestRunner}
12-14 02:31:58.606 I/ActivityManager( 1628): Force stopping com.evancharlton.mileage appid=10354 user=0: finished inst
12-14 02:31:58.606 I/ActivityManager( 1628): Killing 3474:com.google.android.apps.docs/u0a52 (adj 906): empty #17
12-14 02:31:58.619 I/chatty  ( 1628): uid=1000(system) RenderThread identical 37 lines
12-14 02:31:58.619 E/OpenGLRenderer( 1628): GL error:  GL_INVALID_OPERATION
12-14 02:31:58.619 I/zygote  ( 4196): Not late-enabling -Xcheck:jni (already on)
12-14 02:31:58.619 E/OpenGLRenderer( 1628): GL error:  GL_INVALID_OPERATION
12-14 02:31:58.624 I/ActivityManager( 1628): Start proc 4196:com.evancharlton.mileage/u0a354 for added application com.evancharlton.mileage
12-14 02:31:58.626 I/chatty  ( 1628): uid=1000(system) RenderThread identical 56 lines
12-14 02:31:58.626 E/OpenGLRenderer( 1628): GL error:  GL_INVALID_OPERATION
12-14 02:31:58.626 D/AndroidRuntime( 4182): Shutting down VM
12-14 02:31:58.627 E/OpenGLRenderer( 1628): GL error:  GL_INVALID_OPERATION
12-14 02:31:58.641 I/chatty  ( 1628): uid=1000(system) RenderThread identical 92 lines
12-14 02:31:58.641 E/OpenGLRenderer( 1628): GL error:  GL_INVALID_OPERATION
12-14 02:31:58.641 W/zygote  ( 4196): Unexpected CPU variant for X86 using defaults: x86
12-14 02:31:58.641 E/OpenGLRenderer( 1628): GL error:  GL_INVALID_OPERATION
12-14 02:31:58.649 I/chatty  ( 1628): uid=1000(system) RenderThread identical 26 lines
12-14 02:31:58.649 E/OpenGLRenderer( 1628): GL error:  GL_INVALID_OPERATION
12-14 02:31:58.649 D/BoundBrokerSvc( 1939): onUnbind: Intent { act=com.google.android.gms.clearcut.service.START pkg=com.google.android.gms }
12-14 02:31:58.649 E/OpenGLRenderer( 1628): GL error:  GL_INVALID_OPERATION
12-14 02:31:58.652 I/chatty  ( 1628): uid=1000(system) RenderThread identical 16 lines
12-14 02:31:58.653 E/OpenGLRenderer( 1628): GL error:  GL_INVALID_OPERATION
12-14 02:31:58.653 E/OpenGLRenderer( 1628): GL error:  GL_INVALID_OPERATION
12-14 02:31:58.653 E/adbd    ( 1383): failed to connect to socket 'tcp:7102': Connection refused
12-14 02:31:58.661 I/chatty  ( 1628): uid=1000(system) RenderThread expire 5 lines
12-14 02:31:58.663 E/OpenGLRenderer( 1628): GL error:  GL_INVALID_OPERATION
12-14 02:31:58.663 E/adbd    ( 1383): failed to connect to socket 'tcp:7102': Connection refused
12-14 02:31:58.663 E/OpenGLRenderer( 1628): GL error:  GL_INVALID_OPERATION
12-14 02:31:58.669 W/ActivityManager( 1628): setHasOverlayUi called on unknown pid: 4129
12-14 02:31:58.673 I/chatty  ( 1628): uid=1000(system) RenderThread identical 20 lines
12-14 02:31:58.674 E/OpenGLRenderer( 1628): GL error:  GL_INVALID_OPERATION
12-14 02:31:58.674 W/zygote  ( 4196): Found duplicate classes, falling back to extracting from APK : /data/app/com.evancharlton.mileage.test-MfL6AXvmwGlYUoBCpNgAkQ==/base.apk
12-14 02:31:58.674 W/zygote  ( 4196): NOTE: This wastes RAM and hurts startup performance.
12-14 02:31:58.674 E/OpenGLRenderer( 1628): GL error:  GL_INVALID_OPERATION
12-14 02:31:58.674 W/zygote  ( 4196): Found duplicated class when checking oat files: 'Ljunit/runner/BaseTestRunner;' in /data/app/com.evancharlton.mileage.test-MfL6AXvmwGlYUoBCpNgAkQ==/base.apk and /system/framework/android.test.runner.jar
12-14 02:31:58.674 W/zygote  ( 4196): 
12-14 02:31:58.674 E/OpenGLRenderer( 1628): GL error:  GL_INVALID_OPERATION
12-14 02:31:58.712 I/chatty  ( 1628): uid=1000(system) RenderThread identical 280 lines
12-14 02:31:58.712 E/OpenGLRenderer( 1628): GL error:  GL_INVALID_OPERATION
12-14 02:31:58.712 W/System  ( 4196): ClassLoader referenced unknown path: 
12-14 02:31:58.712 E/OpenGLRenderer( 1628): GL error:  GL_INVALID_OPERATION
12-14 02:31:58.728 I/chatty  ( 1628): uid=1000(system) RenderThread identical 84 lines
12-14 02:31:58.728 E/OpenGLRenderer( 1628): GL error:  GL_INVALID_OPERATION
12-14 02:31:58.730 I/System.out( 4196): Main activity name automatically set to: com.evancharlton.mileage.Mileage
12-14 02:31:58.730 I/System.out( 4196): Calabash did not load Mono. This is only a problem if you are trying to test a Mono application
12-14 02:31:58.731 I/calabash( 4196): Test server port: 7102
12-14 02:31:58.732 I/InstrumentationBackend( 4196): Added:'GetPreferences', with key:'get_preferences'
12-14 02:31:58.735 E/OpenGLRenderer( 1628): GL error:  GL_INVALID_OPERATION
12-14 02:31:58.777 I/chatty  ( 1628): uid=1000(system) RenderThread identical 163 lines
12-14 02:31:58.777 E/OpenGLRenderer( 1628): GL error:  GL_INVALID_OPERATION
12-14 02:31:58.777 E/adbd    ( 1383): failed to connect to socket 'tcp:7102': Connection refused
12-14 02:31:58.777 E/OpenGLRenderer( 1628): GL error:  GL_INVALID_OPERATION
12-14 02:31:58.779 I/chatty  ( 1628): uid=1000(system) RenderThread identical 6 lines
12-14 02:31:58.780 E/OpenGLRenderer( 1628): GL error:  GL_INVALID_OPERATION
12-14 02:31:58.780 E/adbd    ( 1383): failed to connect to socket 'tcp:7102': Connection refused
12-14 02:31:58.781 E/OpenGLRenderer( 1628): GL error:  GL_INVALID_OPERATION
12-14 02:31:58.892 I/chatty  ( 1628): uid=1000(system) RenderThread identical 406 lines
12-14 02:31:58.892 E/adbd    ( 1383): failed to connect to socket 'tcp:7102': Connection refused
12-14 02:31:58.892 E/OpenGLRenderer( 1628): GL error:  GL_INVALID_OPERATION
12-14 02:31:58.892 E/OpenGLRenderer( 1628): GL error:  GL_INVALID_OPERATION
12-14 02:31:58.903 I/chatty  ( 1628): uid=1000(system) RenderThread identical 38 lines
12-14 02:31:58.903 E/OpenGLRenderer( 1628): GL error:  GL_INVALID_OPERATION
12-14 02:31:58.903 E/adbd    ( 1383): failed to connect to socket 'tcp:7102': Connection refused
12-14 02:31:58.903 E/OpenGLRenderer( 1628): GL error:  GL_INVALID_OPERATION
12-14 02:31:59.021 I/chatty  ( 1628): uid=1000(system) RenderThread identical 401 lines
12-14 02:31:59.021 E/OpenGLRenderer( 1628): GL error:  GL_INVALID_OPERATION
12-14 02:31:59.021 E/adbd    ( 1383): failed to connect to socket 'tcp:7102': Connection refused
12-14 02:31:59.022 E/OpenGLRenderer( 1628): GL error:  GL_INVALID_OPERATION
12-14 02:31:59.028 I/chatty  ( 1628): uid=1000(system) RenderThread identical 19 lines
12-14 02:31:59.029 E/OpenGLRenderer( 1628): GL error:  GL_INVALID_OPERATION
12-14 02:31:59.029 E/adbd    ( 1383): failed to connect to socket 'tcp:7102': Connection refused
12-14 02:31:59.029 E/OpenGLRenderer( 1628): GL error:  GL_INVALID_OPERATION
12-14 02:31:59.057 I/chatty  ( 1628): uid=1000(system) RenderThread identical 110 lines
12-14 02:31:59.058 I/InstrumentationBackend( 4196): Added:'SetPreferences', with key:'set_preferences'
12-14 02:31:59.058 E/OpenGLRenderer( 1628): GL error:  GL_INVALID_OPERATION
12-14 02:31:59.058 E/OpenGLRenderer( 1628): GL error:  GL_INVALID_OPERATION
12-14 02:31:59.059 I/chatty  ( 1628): uid=1000(system) RenderThread identical 2 lines
12-14 02:31:59.059 I/InstrumentationBackend( 4196): Added:'ClearPreferences', with key:'clear_preferences'
12-14 02:31:59.059 E/OpenGLRenderer( 1628): GL error:  GL_INVALID_OPERATION
12-14 02:31:59.059 E/OpenGLRenderer( 1628): GL error:  GL_INVALID_OPERATION
12-14 02:31:59.060 I/chatty  ( 1628): uid=1000(system) RenderThread identical 5 lines
12-14 02:31:59.061 E/OpenGLRenderer( 1628): GL error:  GL_INVALID_OPERATION
12-14 02:31:59.061 I/InstrumentationBackend( 4196): Added:'PressElement', with key:'press_l10n_element'
12-14 02:31:59.061 E/OpenGLRenderer( 1628): GL error:  GL_INVALID_OPERATION
12-14 02:31:59.062 I/chatty  ( 1628): uid=1000(system) RenderThread identical 7 lines
12-14 02:31:59.062 E/OpenGLRenderer( 1628): GL error:  GL_INVALID_OPERATION
12-14 02:31:59.062 I/InstrumentationBackend( 4196): Added:'WaitForElement', with key:'wait_for_l10n_element'
12-14 02:31:59.062 E/OpenGLRenderer( 1628): GL error:  GL_INVALID_OPERATION
12-14 02:31:59.067 I/chatty  ( 1628): uid=1000(system) RenderThread identical 11 lines
12-14 02:31:59.067 E/OpenGLRenderer( 1628): GL error:  GL_INVALID_OPERATION
12-14 02:31:59.067 I/InstrumentationBackend( 4196): Added:'NullAction', with key:'nullAction'
12-14 02:31:59.068 E/OpenGLRenderer( 1628): GL error:  GL_INVALID_OPERATION
12-14 02:31:59.069 I/InstrumentationBackend( 4196): Added:'PressKey', with key:'press_key'
12-14 02:31:59.071 I/chatty  ( 1628): uid=1000(system) RenderThread expire 9 lines
12-14 02:31:59.071 E/OpenGLRenderer( 1628): GL error:  GL_INVALID_OPERATION
12-14 02:31:59.071 E/OpenGLRenderer( 1628): GL error:  GL_INVALID_OPERATION
12-14 02:31:59.072 I/chatty  ( 1628): uid=1000(system) RenderThread identical 1 line
12-14 02:31:59.072 E/OpenGLRenderer( 1628): GL error:  GL_INVALID_OPERATION
12-14 02:31:59.072 I/InstrumentationBackend( 4196): Added:'SetActivityOrientation', with key:'set_activity_orientation'
12-14 02:31:59.072 E/OpenGLRenderer( 1628): GL error:  GL_INVALID_OPERATION
12-14 02:31:59.073 I/chatty  ( 1628): uid=1000(system) RenderThread identical 3 lines
12-14 02:31:59.073 E/OpenGLRenderer( 1628): GL error:  GL_INVALID_OPERATION
12-14 02:31:59.074 I/InstrumentationBackend( 4196): Added:'GetActivityOrientation', with key:'get_activity_orientation'
12-14 02:31:59.074 E/OpenGLRenderer( 1628): GL error:  GL_INVALID_OPERATION
12-14 02:31:59.074 I/chatty  ( 1628): uid=1000(system) RenderThread identical 2 lines
12-14 02:31:59.075 E/OpenGLRenderer( 1628): GL error:  GL_INVALID_OPERATION
12-14 02:31:59.075 I/InstrumentationBackend( 4196): Added:'FakeGPSLocation', with key:'set_gps_coordinates'
12-14 02:31:59.075 E/OpenGLRenderer( 1628): GL error:  GL_INVALID_OPERATION
12-14 02:31:59.076 I/chatty  ( 1628): uid=1000(system) RenderThread identical 3 lines
12-14 02:31:59.077 E/OpenGLRenderer( 1628): GL error:  GL_INVALID_OPERATION
12-14 02:31:59.077 I/InstrumentationBackend( 4196): Added:'SetPropertyByCssSelector', with key:'set_property_by_css_selector'
12-14 02:31:59.077 E/OpenGLRenderer( 1628): GL error:  GL_INVALID_OPERATION
12-14 02:31:59.083 I/chatty  ( 1628): uid=1000(system) RenderThread identical 19 lines
12-14 02:31:59.084 E/OpenGLRenderer( 1628): GL error:  GL_INVALID_OPERATION
12-14 02:31:59.084 I/InstrumentationBackend( 4196): Added:'GetUrl', with key:'get_url'
12-14 02:31:59.084 E/OpenGLRenderer( 1628): GL error:  GL_INVALID_OPERATION
12-14 02:31:59.099 I/chatty  ( 1628): uid=1000(system) RenderThread identical 66 lines
12-14 02:31:59.099 I/InstrumentationBackend( 4196): Added:'ScrollTo', with key:'scroll_to'
12-14 02:31:59.099 E/OpenGLRenderer( 1628): GL error:  GL_INVALID_OPERATION
12-14 02:31:59.100 E/OpenGLRenderer( 1628): GL error:  GL_INVALID_OPERATION
12-14 02:31:59.101 I/chatty  ( 1628): uid=1000(system) RenderThread identical 7 lines
12-14 02:31:59.101 I/InstrumentationBackend( 4196): Added:'GetLoadProgress', with key:'get_load_progress'
12-14 02:31:59.101 E/OpenGLRenderer( 1628): GL error:  GL_INVALID_OPERATION
12-14 02:31:59.101 E/OpenGLRenderer( 1628): GL error:  GL_INVALID_OPERATION
12-14 02:31:59.104 I/chatty  ( 1628): uid=1000(system) RenderThread identical 9 lines
12-14 02:31:59.104 E/OpenGLRenderer( 1628): GL error:  GL_INVALID_OPERATION
12-14 02:31:59.104 I/InstrumentationBackend( 4196): Added:'DumpHtml', with key:'dump_html'
12-14 02:31:59.105 E/OpenGLRenderer( 1628): GL error:  GL_INVALID_OPERATION
12-14 02:31:59.106 I/chatty  ( 1628): uid=1000(system) RenderThread identical 4 lines
12-14 02:31:59.106 E/OpenGLRenderer( 1628): GL error:  GL_INVALID_OPERATION
12-14 02:31:59.106 I/InstrumentationBackend( 4196): Added:'DumpBodyHtml', with key:'dump_body_html'
12-14 02:31:59.106 E/OpenGLRenderer( 1628): GL error:  GL_INVALID_OPERATION
12-14 02:31:59.107 I/chatty  ( 1628): uid=1000(system) RenderThread identical 3 lines
12-14 02:31:59.108 E/OpenGLRenderer( 1628): GL error:  GL_INVALID_OPERATION
12-14 02:31:59.108 I/InstrumentationBackend( 4196): Added:'EnterTextByCssSelector', with key:'enter_text_by_selector'
12-14 02:31:59.108 E/OpenGLRenderer( 1628): GL error:  GL_INVALID_OPERATION
12-14 02:31:59.128 I/chatty  ( 1628): uid=1000(system) RenderThread identical 71 lines
12-14 02:31:59.129 E/OpenGLRenderer( 1628): GL error:  GL_INVALID_OPERATION
12-14 02:31:59.129 I/InstrumentationBackend( 4196): Added:'AndroidSDKVersion', with key:'android_sdk_version'
12-14 02:31:59.129 E/OpenGLRenderer( 1628): GL error:  GL_INVALID_OPERATION
12-14 02:31:59.129 I/chatty  ( 1628): uid=1000(system) RenderThread identical 1 line
12-14 02:31:59.129 E/OpenGLRenderer( 1628): GL error:  GL_INVALID_OPERATION
12-14 02:31:59.130 I/InstrumentationBackend( 4196): Added:'Version', with key:'version'
12-14 02:31:59.131 E/OpenGLRenderer( 1628): GL error:  GL_INVALID_OPERATION
12-14 02:31:59.133 I/chatty  ( 1628): uid=1000(system) RenderThread identical 6 lines
12-14 02:31:59.133 I/InstrumentationBackend( 4196): Added:'Drag', with key:'drag'
12-14 02:31:59.133 E/OpenGLRenderer( 1628): GL error:  GL_INVALID_OPERATION
12-14 02:31:59.133 E/OpenGLRenderer( 1628): GL error:  GL_INVALID_OPERATION
12-14 02:31:59.134 I/chatty  ( 1628): uid=1000(system) RenderThread identical 3 lines
12-14 02:31:59.134 I/InstrumentationBackend( 4196): Added:'TouchCoordinates', with key:'touch_coordinate'
12-14 02:31:59.134 E/OpenGLRenderer( 1628): GL error:  GL_INVALID_OPERATION
12-14 02:31:59.134 E/OpenGLRenderer( 1628): GL error:  GL_INVALID_OPERATION
12-14 02:31:59.135 I/chatty  ( 1628): uid=1000(system) RenderThread identical 2 lines
12-14 02:31:59.135 E/OpenGLRenderer( 1628): GL error:  GL_INVALID_OPERATION
12-14 02:31:59.135 I/InstrumentationBackend( 4196): Added:'LongPressCoordinate', with key:'long_press_coordinate'
12-14 02:31:59.135 E/OpenGLRenderer( 1628): GL error:  GL_INVALID_OPERATION
12-14 02:31:59.136 I/chatty  ( 1628): uid=1000(system) RenderThread identical 2 lines
12-14 02:31:59.136 E/OpenGLRenderer( 1628): GL error:  GL_INVALID_OPERATION
12-14 02:31:59.136 I/InstrumentationBackend( 4196): Added:'DragCoordinates', with key:'drag_coordinates'
12-14 02:31:59.136 E/OpenGLRenderer( 1628): GL error:  GL_INVALID_OPERATION
12-14 02:31:59.137 I/chatty  ( 1628): uid=1000(system) RenderThread identical 4 lines
12-14 02:31:59.138 E/OpenGLRenderer( 1628): GL error:  GL_INVALID_OPERATION
12-14 02:31:59.138 I/InstrumentationBackend( 4196): Added:'ResumeApplication', with key:'resume_application'
12-14 02:31:59.138 E/OpenGLRenderer( 1628): GL error:  GL_INVALID_OPERATION
12-14 02:31:59.138 I/chatty  ( 1628): uid=1000(system) RenderThread identical 2 lines
12-14 02:31:59.139 E/OpenGLRenderer( 1628): GL error:  GL_INVALID_OPERATION
12-14 02:31:59.139 I/InstrumentationBackend( 4196): Added:'Swipe', with key:'swipe'
12-14 02:31:59.139 E/OpenGLRenderer( 1628): GL error:  GL_INVALID_OPERATION
12-14 02:31:59.140 I/chatty  ( 1628): uid=1000(system) RenderThread identical 3 lines
12-14 02:31:59.140 E/OpenGLRenderer( 1628): GL error:  GL_INVALID_OPERATION
12-14 02:31:59.140 I/InstrumentationBackend( 4196): Added:'DoubleTapCoordinate', with key:'double_tap_coordinate'
12-14 02:31:59.141 E/OpenGLRenderer( 1628): GL error:  GL_INVALID_OPERATION
12-14 02:31:59.141 I/chatty  ( 1628): uid=1000(system) RenderThread identical 1 line
12-14 02:31:59.141 E/OpenGLRenderer( 1628): GL error:  GL_INVALID_OPERATION
12-14 02:31:59.142 I/InstrumentationBackend( 4196): Added:'ClickOnScreen', with key:'click_on_screen'
12-14 02:31:59.142 E/OpenGLRenderer( 1628): GL error:  GL_INVALID_OPERATION
12-14 02:31:59.146 I/chatty  ( 1628): uid=1000(system) RenderThread identical 12 lines
12-14 02:31:59.147 E/OpenGLRenderer( 1628): GL error:  GL_INVALID_OPERATION
12-14 02:31:59.147 I/InstrumentationBackend( 4196): Added:'GetActivityName', with key:'get_activity_name'
12-14 02:31:59.148 E/OpenGLRenderer( 1628): GL error:  GL_INVALID_OPERATION
12-14 02:31:59.149 I/chatty  ( 1628): uid=1000(system) RenderThread identical 4 lines
12-14 02:31:59.149 E/OpenGLRenderer( 1628): GL error:  GL_INVALID_OPERATION
12-14 02:31:59.150 E/adbd    ( 1383): failed to connect to socket 'tcp:7102': Connection refused
12-14 02:31:59.150 E/OpenGLRenderer( 1628): GL error:  GL_INVALID_OPERATION
12-14 02:31:59.150 I/chatty  ( 1628): uid=1000(system) RenderThread identical 1 line
12-14 02:31:59.151 E/OpenGLRenderer( 1628): GL error:  GL_INVALID_OPERATION
12-14 02:31:59.151 I/InstrumentationBackend( 4196): Added:'ScrollToView', with key:'scroll_to_view'
12-14 02:31:59.152 E/OpenGLRenderer( 1628): GL error:  GL_INVALID_OPERATION
12-14 02:31:59.154 I/chatty  ( 1628): uid=1000(system) RenderThread identical 7 lines
12-14 02:31:59.154 I/InstrumentationBackend( 4196): Added:'ViewConfiguration', with key:'view_configuration'
12-14 02:31:59.154 E/OpenGLRenderer( 1628): GL error:  GL_INVALID_OPERATION
12-14 02:31:59.154 E/OpenGLRenderer( 1628): GL error:  GL_INVALID_OPERATION
12-14 02:31:59.155 I/InstrumentationBackend( 4196): Added:'IsCurrentActivityFocused', with key:'is_current_activity_focused'
12-14 02:31:59.155 I/chatty  ( 1628): uid=1000(system) RenderThread expire 4 lines
12-14 02:31:59.155 E/OpenGLRenderer( 1628): GL error:  GL_INVALID_OPERATION
12-14 02:31:59.155 E/OpenGLRenderer( 1628): GL error:  GL_INVALID_OPERATION
12-14 02:31:59.156 I/chatty  ( 1628): uid=1000(system) RenderThread identical 3 lines
12-14 02:31:59.157 E/OpenGLRenderer( 1628): GL error:  GL_INVALID_OPERATION
12-14 02:31:59.157 E/adbd    ( 1383): failed to connect to socket 'tcp:7102': Connection refused
12-14 02:31:59.157 E/OpenGLRenderer( 1628): GL error:  GL_INVALID_OPERATION
12-14 02:31:59.158 I/chatty  ( 1628): uid=1000(system) RenderThread identical 2 lines
12-14 02:31:59.158 E/OpenGLRenderer( 1628): GL error:  GL_INVALID_OPERATION
12-14 02:31:59.158 I/InstrumentationBackend( 4196): Added:'SendTcp', with key:'send_tcp'
12-14 02:31:59.159 E/OpenGLRenderer( 1628): GL error:  GL_INVALID_OPERATION
12-14 02:31:59.159 I/chatty  ( 1628): uid=1000(system) RenderThread identical 2 lines
12-14 02:31:59.159 E/OpenGLRenderer( 1628): GL error:  GL_INVALID_OPERATION
12-14 02:31:59.160 I/InstrumentationBackend( 4196): Added:'DpToDevicePixel', with key:'dp_to_device_pixel'
12-14 02:31:59.160 E/OpenGLRenderer( 1628): GL error:  GL_INVALID_OPERATION
12-14 02:31:59.163 I/chatty  ( 1628): uid=1000(system) RenderThread identical 10 lines
12-14 02:31:59.163 E/OpenGLRenderer( 1628): GL error:  GL_INVALID_OPERATION
12-14 02:31:59.163 I/InstrumentationBackend( 4196): Added:'KeyboardEnterText', with key:'keyboard_enter_text'
12-14 02:31:59.164 I/InstrumentationBackend( 4196): Added:'DeleteSurroundingText', with key:'delete_surrounding_text'
12-14 02:31:59.164 E/OpenGLRenderer( 1628): GL error:  GL_INVALID_OPERATION
12-14 02:31:59.166 I/InstrumentationBackend( 4196): Added:'SetComposingRegion', with key:'set_composing_region'
12-14 02:31:59.166 I/chatty  ( 1628): uid=1000(system) RenderThread expire 9 lines
12-14 02:31:59.167 E/OpenGLRenderer( 1628): GL error:  GL_INVALID_OPERATION
12-14 02:31:59.167 E/OpenGLRenderer( 1628): GL error:  GL_INVALID_OPERATION
12-14 02:31:59.168 I/chatty  ( 1628): uid=1000(system) RenderThread identical 3 lines
12-14 02:31:59.168 I/InstrumentationBackend( 4196): Added:'SetSelection', with key:'set_selection'
12-14 02:31:59.168 E/OpenGLRenderer( 1628): GL error:  GL_INVALID_OPERATION
12-14 02:31:59.168 E/OpenGLRenderer( 1628): GL error:  GL_INVALID_OPERATION
12-14 02:31:59.169 I/chatty  ( 1628): uid=1000(system) RenderThread identical 1 line
12-14 02:31:59.169 E/OpenGLRenderer( 1628): GL error:  GL_INVALID_OPERATION
12-14 02:31:59.169 I/InstrumentationBackend( 4196): Added:'KeyboardKeyEvent', with key:'keyboard_key_event'
12-14 02:31:59.169 E/OpenGLRenderer( 1628): GL error:  GL_INVALID_OPERATION
12-14 02:31:59.171 I/chatty  ( 1628): uid=1000(system) RenderThread identical 5 lines
12-14 02:31:59.171 E/OpenGLRenderer( 1628): GL error:  GL_INVALID_OPERATION
12-14 02:31:59.171 I/InstrumentationBackend( 4196): Added:'PressUserActionButton', with key:'press_user_action_button'
12-14 02:31:59.171 E/OpenGLRenderer( 1628): GL error:  GL_INVALID_OPERATION
12-14 02:31:59.176 I/chatty  ( 1628): uid=1000(system) RenderThread identical 21 lines
12-14 02:31:59.176 E/OpenGLRenderer( 1628): GL error:  GL_INVALID_OPERATION
12-14 02:31:59.176 I/InstrumentationBackend( 4196): Added:'HideSoftKeyboard', with key:'hide_soft_keyboard'
12-14 02:31:59.176 E/OpenGLRenderer( 1628): GL error:  GL_INVALID_OPERATION
12-14 02:31:59.183 I/chatty  ( 1628): uid=1000(system) RenderThread identical 24 lines
12-14 02:31:59.183 E/OpenGLRenderer( 1628): GL error:  GL_INVALID_OPERATION
12-14 02:31:59.184 I/InstrumentationBackend( 4196): Added:'ListActions', with key:'list_actions'
12-14 02:31:59.184 E/OpenGLRenderer( 1628): GL error:  GL_INVALID_OPERATION
12-14 02:31:59.185 I/chatty  ( 1628): uid=1000(system) RenderThread identical 12 lines
12-14 02:31:59.186 E/OpenGLRenderer( 1628): GL error:  GL_INVALID_OPERATION
12-14 02:31:59.186 I/calabash( 4196): Instantiating http server at 7102
12-14 02:31:59.186 E/OpenGLRenderer( 1628): GL error:  GL_INVALID_OPERATION
12-14 02:31:59.189 I/chatty  ( 1628): uid=1000(system) RenderThread identical 11 lines
12-14 02:31:59.189 E/OpenGLRenderer( 1628): GL error:  GL_INVALID_OPERATION
12-14 02:31:59.189 I/System.out( 4196): HTTP Daemon listening on: 7102
12-14 02:31:59.189 E/OpenGLRenderer( 1628): GL error:  GL_INVALID_OPERATION
12-14 02:31:59.276 I/chatty  ( 1628): uid=1000(system) RenderThread identical 255 lines
12-14 02:31:59.276 E/OpenGLRenderer( 1628): GL error:  GL_INVALID_OPERATION
12-14 02:31:59.277 I/System.out( 4196): URI: //ping
12-14 02:31:59.277 E/OpenGLRenderer( 1628): GL error:  GL_INVALID_OPERATION
12-14 02:31:59.277 E/OpenGLRenderer( 1628): GL error:  GL_INVALID_OPERATION
12-14 02:31:59.277 I/System.out( 4196): params: {json={}
12-14 02:31:59.277 I/System.out( 4196): }
12-14 02:31:59.277 E/OpenGLRenderer( 1628): GL error:  GL_INVALID_OPERATION
12-14 02:31:59.294 I/chatty  ( 1628): uid=1000(system) RenderThread identical 50 lines
12-14 02:31:59.294 E/OpenGLRenderer( 1628): GL error:  GL_INVALID_OPERATION
12-14 02:31:59.295 I/System.out( 4196): URI: //ping
12-14 02:31:59.295 E/OpenGLRenderer( 1628): GL error:  GL_INVALID_OPERATION
12-14 02:31:59.295 I/System.out( 4196): params: {json={}
12-14 02:31:59.295 I/System.out( 4196): }
12-14 02:31:59.295 E/OpenGLRenderer( 1628): GL error:  GL_INVALID_OPERATION
12-14 02:31:59.308 I/chatty  ( 1628): uid=1000(system) RenderThread identical 25 lines
12-14 02:31:59.309 E/OpenGLRenderer( 1628): GL error:  GL_INVALID_OPERATION
12-14 02:31:59.309 I/System.out( 4196): URI: //ready
12-14 02:31:59.309 I/System.out( 4196): params: {json={}
12-14 02:31:59.309 E/OpenGLRenderer( 1628): GL error:  GL_INVALID_OPERATION
12-14 02:31:59.309 I/System.out( 4196): }
12-14 02:31:59.309 E/OpenGLRenderer( 1628): GL error:  GL_INVALID_OPERATION
12-14 02:31:59.320 I/chatty  ( 1628): uid=1000(system) RenderThread identical 24 lines
12-14 02:31:59.320 E/OpenGLRenderer( 1628): GL error:  GL_INVALID_OPERATION
12-14 02:31:59.320 I/System.out( 4196): URI: //
12-14 02:31:59.320 I/System.out( 4196): params: {json={"command":"version","arguments":[]}
12-14 02:31:59.320 E/OpenGLRenderer( 1628): GL error:  GL_INVALID_OPERATION
12-14 02:31:59.320 I/System.out( 4196): }
12-14 02:31:59.320 E/OpenGLRenderer( 1628): GL error:  GL_INVALID_OPERATION
12-14 02:31:59.320 I/System.out( 4196): header: {content-type=application/json;charset=utf-8, date=Mon, 14 Dec 2020 07:31:59 GMT, accept=*/*, host=127.0.0.1:34777, content-length=36, user-agent=HTTPClient/1.0 (2.8.3, ruby 2.5.8 (2020-03-31))}
12-14 02:31:59.320 I/System.out( 4196): params: {json={"command":"version","arguments":[]}
12-14 02:31:59.320 I/System.out( 4196): }
12-14 02:31:59.320 E/OpenGLRenderer( 1628): GL error:  GL_INVALID_OPERATION
12-14 02:31:59.320 I/System.out( 4196): ProP json = {"command":"version","arguments":[]}
12-14 02:31:59.320 E/OpenGLRenderer( 1628): GL error:  GL_INVALID_OPERATION
12-14 02:31:59.321 I/System.out( 4196): files: {}
12-14 02:31:59.321 I/System.out( 4196): command: {"command":"version","arguments":[]}
12-14 02:31:59.321 E/OpenGLRenderer( 1628): GL error:  GL_INVALID_OPERATION
12-14 02:31:59.399 I/chatty  ( 1628): uid=1000(system) RenderThread identical 252 lines
12-14 02:31:59.399 E/OpenGLRenderer( 1628): GL error:  GL_INVALID_OPERATION
12-14 02:31:59.399 I/InstrumentationBackend( 4196): Got command:'Command:'Line:null,version', arguments:'[]'
12-14 02:31:59.399 E/OpenGLRenderer( 1628): GL error:  GL_INVALID_OPERATION
12-14 02:31:59.484 I/chatty  ( 1628): uid=1000(system) RenderThread identical 286 lines
12-14 02:31:59.484 E/OpenGLRenderer( 1628): GL error:  GL_INVALID_OPERATION
12-14 02:31:59.485 I/System.out( 4196): result:{"bonusInformation":[],"message":"0.9.8","success":true}
12-14 02:31:59.485 E/OpenGLRenderer( 1628): GL error:  GL_INVALID_OPERATION
12-14 02:31:59.493 I/chatty  ( 1628): uid=1000(system) RenderThread identical 21 lines
12-14 02:31:59.493 E/OpenGLRenderer( 1628): GL error:  GL_INVALID_OPERATION
12-14 02:31:59.493 I/System.out( 4196): URI: //start-application
12-14 02:31:59.493 E/OpenGLRenderer( 1628): GL error:  GL_INVALID_OPERATION
12-14 02:31:59.493 I/System.out( 4196): params: {json={"intent":null}
12-14 02:31:59.493 I/System.out( 4196): }
12-14 02:31:59.493 E/OpenGLRenderer( 1628): GL error:  GL_INVALID_OPERATION
12-14 02:31:59.588 I/ActivityManager( 1628): START u0 {act=android.intent.action.MAIN cat=[android.intent.category.LAUNCHER] flg=0x10200000 cmp=com.evancharlton.mileage/.Mileage} from uid 10354
12-14 02:31:59.614 I/chatty  ( 1628): uid=1000(system) RenderThread identical 381 lines
12-14 02:31:59.614 E/OpenGLRenderer( 1628): GL error:  GL_INVALID_OPERATION
12-14 02:31:59.614 I/calabash( 4196): newActivity1
12-14 02:31:59.614 E/OpenGLRenderer( 1628): GL error:  GL_INVALID_OPERATION
12-14 02:31:59.623 I/chatty  ( 1628): uid=1000(system) RenderThread identical 41 lines
12-14 02:31:59.623 E/OpenGLRenderer( 1628): GL error:  GL_INVALID_OPERATION
12-14 02:31:59.623 D/gralloc_ranchu( 1396): gralloc_alloc: Creating ashmem region of size 7753728
12-14 02:31:59.624 E/OpenGLRenderer( 1628): GL error:  GL_INVALID_OPERATION
12-14 02:31:59.673 I/chatty  ( 1628): uid=1000(system) RenderThread identical 200 lines
12-14 02:31:59.675 E/OpenGLRenderer( 1628): GL error:  GL_INVALID_OPERATION
12-14 02:31:59.675 D/EGL_emulation( 2212): eglMakeCurrent: 0xa24fe040: ver 3 0 (tinfo 0xa24ff740)
12-14 02:31:59.677 D/EGL_emulation( 2180): eglMakeCurrent: 0xa4b043c0: ver 3 0 (tinfo 0xa4b03390)
12-14 02:31:59.679 V/StatusBar( 1726): setLightsOn(true)
12-14 02:31:59.685 E/OpenGLRenderer( 1628): GL error:  GL_INVALID_OPERATION
12-14 02:31:59.693 I/chatty  ( 1628): uid=1000(system) RenderThread identical 12 lines
12-14 02:31:59.694 E/OpenGLRenderer( 1628): GL error:  GL_INVALID_OPERATION
12-14 02:31:59.695 D/EGL_emulation( 1726): eglMakeCurrent: 0xa0522160: ver 3 0 (tinfo 0xa053fcb0)
12-14 02:31:59.700 W/ActivityManager( 1628): Bad activity token: android.os.BinderProxy@3c42c7d
12-14 02:31:59.700 W/ActivityManager( 1628): java.lang.ClassCastException: android.os.BinderProxy cannot be cast to com.android.server.am.ActivityRecord$Token
12-14 02:31:59.700 W/ActivityManager( 1628): 	at com.android.server.am.ActivityRecord.forTokenLocked(ActivityRecord.java:778)
12-14 02:31:59.700 W/ActivityManager( 1628): 	at com.android.server.am.ActivityRecord.isInStackLocked(ActivityRecord.java:2085)
12-14 02:31:59.700 W/ActivityManager( 1628): 	at com.android.server.am.ActivityRecord.getStackLocked(ActivityRecord.java:2090)
12-14 02:31:59.700 W/ActivityManager( 1628): 	at com.android.server.am.ActivityManagerService.getActivityDisplayId(ActivityManagerService.java:10406)
12-14 02:31:59.700 W/ActivityManager( 1628): 	at android.app.IActivityManager$Stub.onTransact(IActivityManager.java:2738)
12-14 02:31:59.700 W/ActivityManager( 1628): 	at com.android.server.am.ActivityManagerService.onTransact(ActivityManagerService.java:2935)
12-14 02:31:59.700 W/ActivityManager( 1628): 	at android.os.Binder.execTransact(Binder.java:674)
12-14 02:31:59.701 I/calabash( 4196): newActivity1
12-14 02:31:59.702 E/OpenGLRenderer( 1628): GL error:  GL_INVALID_OPERATION
12-14 02:31:59.709 D/EGL_emulation( 1726): eglMakeCurrent: 0xa0522160: ver 3 0 (tinfo 0xa053fcb0)
12-14 02:31:59.710 E/OpenGLRenderer( 1628): GL error:  GL_INVALID_OPERATION
12-14 02:31:59.711 I/chatty  ( 1628): uid=1000(system) RenderThread identical 2 lines
12-14 02:31:59.712 E/OpenGLRenderer( 1628): GL error:  GL_INVALID_OPERATION
12-14 02:31:59.712 D/EGL_emulation( 1726): eglMakeCurrent: 0xa0522160: ver 3 0 (tinfo 0xa053fcb0)
12-14 02:31:59.715 W/ActivityManager( 1628): Bad activity token: android.os.BinderProxy@3c42c7d
12-14 02:31:59.715 W/ActivityManager( 1628): java.lang.ClassCastException: android.os.BinderProxy cannot be cast to com.android.server.am.ActivityRecord$Token
12-14 02:31:59.715 W/ActivityManager( 1628): 	at com.android.server.am.ActivityRecord.forTokenLocked(ActivityRecord.java:778)
12-14 02:31:59.715 W/ActivityManager( 1628): 	at com.android.server.am.ActivityRecord.isInStackLocked(ActivityRecord.java:2085)
12-14 02:31:59.715 W/ActivityManager( 1628): 	at com.android.server.am.ActivityManagerService.setTaskDescription(ActivityManagerService.java:9988)
12-14 02:31:59.715 W/ActivityManager( 1628): 	at android.app.IActivityManager$Stub.onTransact(IActivityManager.java:2824)
12-14 02:31:59.715 W/ActivityManager( 1628): 	at com.android.server.am.ActivityManagerService.onTransact(ActivityManagerService.java:2935)
12-14 02:31:59.715 W/ActivityManager( 1628): 	at android.os.Binder.execTransact(Binder.java:674)
12-14 02:31:59.715 V/StatusBar( 1726): setLightsOn(true)
12-14 02:31:59.716 W/ActivityManager( 1628): Bad activity token: android.os.BinderProxy@3c42c7d
12-14 02:31:59.716 W/ActivityManager( 1628): java.lang.ClassCastException: android.os.BinderProxy cannot be cast to com.android.server.am.ActivityRecord$Token
12-14 02:31:59.716 W/ActivityManager( 1628): 	at com.android.server.am.ActivityRecord.forTokenLocked(ActivityRecord.java:778)
12-14 02:31:59.716 W/ActivityManager( 1628): 	at com.android.server.am.ActivityRecord.isInStackLocked(ActivityRecord.java:2085)
12-14 02:31:59.716 W/ActivityManager( 1628): 	at com.android.server.am.ActivityRecord.getStackLocked(ActivityRecord.java:2090)
12-14 02:31:59.716 W/ActivityManager( 1628): 	at com.android.server.am.ActivityManagerService.getActivityStackId(ActivityManagerService.java:10417)
12-14 02:31:59.716 W/ActivityManager( 1628): 	at android.app.IActivityManager$Stub.onTransact(IActivityManager.java:3548)
12-14 02:31:59.716 W/ActivityManager( 1628): 	at com.android.server.am.ActivityManagerService.onTransact(ActivityManagerService.java:2935)
12-14 02:31:59.716 W/ActivityManager( 1628): 	at android.os.Binder.execTransact(Binder.java:674)
12-14 02:31:59.718 E/OpenGLRenderer( 1628): GL error:  GL_INVALID_OPERATION
12-14 02:31:59.727 I/chatty  ( 1628): uid=1000(system) RenderThread identical 48 lines
12-14 02:31:59.727 E/OpenGLRenderer( 1628): GL error:  GL_INVALID_OPERATION
12-14 02:31:59.727 D/EGL_emulation( 1726): eglMakeCurrent: 0xa0522160: ver 3 0 (tinfo 0xa053fcb0)
12-14 02:31:59.728 E/OpenGLRenderer( 1628): GL error:  GL_INVALID_OPERATION
12-14 02:31:59.737 I/chatty  ( 1628): uid=1000(system) RenderThread identical 23 lines
12-14 02:31:59.737 E/OpenGLRenderer( 1628): GL error:  GL_INVALID_OPERATION
12-14 02:31:59.737 D/EGL_emulation( 1726): eglMakeCurrent: 0xa0522160: ver 3 0 (tinfo 0xa053fcb0)
12-14 02:31:59.740 E/OpenGLRenderer( 1628): GL error:  GL_INVALID_OPERATION
12-14 02:31:59.743 E/OpenGLRenderer( 1628): GL error:  GL_INVALID_OPERATION
12-14 02:31:59.743 D/EGL_emulation( 1726): eglMakeCurrent: 0xa0522160: ver 3 0 (tinfo 0xa053fcb0)
12-14 02:31:59.745 E/OpenGLRenderer( 1628): GL error:  GL_INVALID_OPERATION
12-14 02:31:59.747 I/chatty  ( 1628): uid=1000(system) RenderThread identical 4 lines
12-14 02:31:59.748 E/OpenGLRenderer( 1628): GL error:  GL_INVALID_OPERATION
12-14 02:31:59.749 D/EGL_emulation( 1726): eglMakeCurrent: 0xa0522160: ver 3 0 (tinfo 0xa053fcb0)
12-14 02:31:59.749 E/OpenGLRenderer( 1628): GL error:  GL_INVALID_OPERATION
12-14 02:31:59.754 I/chatty  ( 1628): uid=1000(system) RenderThread identical 32 lines
12-14 02:31:59.754 E/OpenGLRenderer( 1628): GL error:  GL_INVALID_OPERATION
12-14 02:31:59.762 D/EGL_emulation( 1726): eglMakeCurrent: 0xa0522160: ver 3 0 (tinfo 0xa053fcb0)
12-14 02:31:59.765 E/OpenGLRenderer( 1628): GL error:  GL_INVALID_OPERATION
12-14 02:31:59.774 I/chatty  ( 1628): uid=1000(system) RenderThread identical 46 lines
12-14 02:31:59.774 E/OpenGLRenderer( 1628): GL error:  GL_INVALID_OPERATION
12-14 02:31:59.775 D/EGL_emulation( 1726): eglMakeCurrent: 0xa0522160: ver 3 0 (tinfo 0xa053fcb0)
12-14 02:31:59.781 I/chatty  ( 1726): uid=10028(u0_a28) RenderThread identical 1 line
12-14 02:31:59.783 D/EGL_emulation( 1726): eglMakeCurrent: 0xa0522160: ver 3 0 (tinfo 0xa053fcb0)
12-14 02:31:59.783 E/OpenGLRenderer( 1628): GL error:  GL_INVALID_OPERATION
12-14 02:31:59.787 I/chatty  ( 1628): uid=1000(system) RenderThread identical 13 lines
12-14 02:31:59.787 E/OpenGLRenderer( 1628): GL error:  GL_INVALID_OPERATION
12-14 02:31:59.789 E/ContentStoreEUAS( 2212): Failed to commit the deferred actions
12-14 02:31:59.789 E/OpenGLRenderer( 1628): GL error:  GL_INVALID_OPERATION
12-14 02:31:59.792 I/chatty  ( 1628): uid=1000(system) RenderThread identical 6 lines
12-14 02:31:59.792 E/OpenGLRenderer( 1628): GL error:  GL_INVALID_OPERATION
12-14 02:31:59.794 E/OpenGLRenderer( 1628): GL error:  GL_INVALID_OPERATION
12-14 02:31:59.794 D/EGL_emulation( 1726): eglMakeCurrent: 0xa0522160: ver 3 0 (tinfo 0xa053fcb0)
12-14 02:31:59.796 I/chatty  ( 1628): uid=1000(system) RenderThread expire 1 line
12-14 02:31:59.797 E/OpenGLRenderer( 1628): GL error:  GL_INVALID_OPERATION
12-14 02:31:59.798 D/EGL_emulation( 1726): eglMakeCurrent: 0xa0522160: ver 3 0 (tinfo 0xa053fcb0)
12-14 02:31:59.798 E/OpenGLRenderer( 1628): GL error:  GL_INVALID_OPERATION
12-14 02:31:59.810 I/chatty  ( 1628): uid=1000(system) RenderThread identical 48 lines
12-14 02:31:59.810 E/OpenGLRenderer( 1628): GL error:  GL_INVALID_OPERATION
12-14 02:31:59.812 D/EGL_emulation( 1726): eglMakeCurrent: 0xa0522160: ver 3 0 (tinfo 0xa053fcb0)
12-14 02:31:59.813 E/OpenGLRenderer( 1628): GL error:  GL_INVALID_OPERATION
12-14 02:31:59.814 I/chatty  ( 1628): uid=1000(system) RenderThread identical 3 lines
12-14 02:31:59.815 E/OpenGLRenderer( 1628): GL error:  GL_INVALID_OPERATION
12-14 02:31:59.815 D/EGL_emulation( 1726): eglMakeCurrent: 0xa0522160: ver 3 0 (tinfo 0xa053fcb0)
12-14 02:31:59.816 E/OpenGLRenderer( 1628): GL error:  GL_INVALID_OPERATION
12-14 02:31:59.818 W/ActivityManager( 1628): Bad activity token: android.os.BinderProxy@3c42c7d
