--------- beginning of main
12-13 23:43:21.505 E/adbd    ( 1376): failed to connect to socket 'tcp:7102': Connection refused
12-13 23:43:21.582 V/StatusBar( 1734): setLightsOn(true)
--------- beginning of system
12-13 23:43:21.589 W/ActivityManager( 1629): Finishing task with all activities already finished
12-13 23:43:21.589 W/ActivityManager( 1629): Duplicate finish request for ActivityRecord{d01f055 u0 com.evancharlton.mileage/.Mileage t183 f}
12-13 23:43:21.590 W/ActivityManager( 1629): Finishing task with all activities already finished
12-13 23:43:21.590 W/ActivityManager( 1629): Duplicate finish request for ActivityRecord{d01f055 u0 com.evancharlton.mileage/.Mileage t183 f}
12-13 23:43:21.591 I/chatty  ( 1734): uid=10028(u0_a28) com.android.systemui identical 2 lines
12-13 23:43:21.592 W/ActivityManager( 1629): Finishing task with all activities already finished
12-13 23:43:21.592 W/ActivityManager( 1629): Duplicate finish request for ActivityRecord{d01f055 u0 com.evancharlton.mileage/.Mileage t183 f}
12-13 23:43:21.634 V/StatusBar( 1734): setLightsOn(true)
12-13 23:43:21.636 D/gralloc_ranchu( 1397): gralloc_alloc: Creating ashmem region of size 8298496
12-13 23:43:21.638 V/StatusBar( 1734): setLightsOn(true)
12-13 23:43:21.663 D/gralloc_ranchu( 1397): gralloc_alloc: Creating ashmem region of size 8298496
12-13 23:43:21.668 D/SurfaceFlinger( 1414): duplicate layer name: changing com.google.android.apps.nexuslauncher/com.google.android.apps.nexuslauncher.NexusLauncherActivity to com.google.android.apps.nexuslauncher/com.google.android.apps.nexuslauncher.NexusLauncherActivity#1
12-13 23:43:21.678 D/gralloc_ranchu( 1397): gralloc_alloc: Creating ashmem region of size 8298496
12-13 23:43:21.689 D/EGL_emulation( 1734): eglMakeCurrent: 0x946d0340: ver 3 0 (tinfo 0xa3a9ab60)
12-13 23:43:21.696 D/gralloc_ranchu( 1397): gralloc_alloc: Creating ashmem region of size 8298496
12-13 23:43:21.709 I/chatty  ( 1397): uid=1000(system) allocator@2.0-s identical 1 line
12-13 23:43:21.721 D/gralloc_ranchu( 1397): gralloc_alloc: Creating ashmem region of size 8298496
12-13 23:43:21.820 D/EGL_emulation( 2209): eglMakeCurrent: 0x91d797e0: ver 3 0 (tinfo 0xa5a7f960)
12-13 23:43:21.859 D/EGL_emulation( 2184): eglMakeCurrent: 0xa58c7bc0: ver 3 0 (tinfo 0xa5a7fc20)
12-13 23:43:21.894 D/gralloc_ranchu( 1397): gralloc_alloc: Creating ashmem region of size 7753728
12-13 23:43:21.926 I/zygote  ( 2209): Deoptimizing void com.google.android.apps.gsa.search.core.service.worker.a.a.a(com.google.android.apps.gsa.search.core.state.qc) due to JIT inline cache
12-13 23:43:21.944 W/ActivityManager( 1629): Unable to start service Intent { act=com.google.android.gms.speech.service.START pkg=com.google.android.gms } U=0: not found
12-13 23:43:21.951 W/SessionLifecycleManager( 2209): Handover failed. Creating new session controller.
12-13 23:43:21.952 W/ActivityManager( 1629): Unbind failed: could not find connection for android.os.BinderProxy@e6754c6
12-13 23:43:21.952 E/GmsClient( 2209): unable to connect to service: com.google.android.gms.speech.service.START on com.google.android.gms
12-13 23:43:21.959 I/zygote  ( 2209): Do full code cache collection, code=251KB, data=198KB
12-13 23:43:21.959 I/zygote  ( 2209): After code cache collection, code=232KB, data=149KB
12-13 23:43:21.993 I/OptInState( 2209): There is a new client and it does not support opt-in. Dropping request.
12-13 23:43:22.012 I/zygote  ( 2209): Deoptimizing int[] com.google.common.collect.gx.b(java.lang.Object[], int, int, int) due to JIT inline cache
12-13 23:43:22.016 D/        ( 1734): HostConnection::get() New Host Connection established 0x9087f800, tid 1768
12-13 23:43:22.030 D/EGL_emulation( 1734): eglMakeCurrent: 0x946d0340: ver 3 0 (tinfo 0xa3a9ab60)
12-13 23:43:22.049 I/chatty  ( 1734): uid=10028(u0_a28) RenderThread identical 1 line
12-13 23:43:22.057 D/EGL_emulation( 1734): eglMakeCurrent: 0x946d0340: ver 3 0 (tinfo 0xa3a9ab60)
12-13 23:43:22.067 D/BoundBrokerSvc( 1938): onUnbind: Intent { act=com.google.android.gms.auth.account.workaccount.START cmp=com.google.android.gms/.chimera.PersistentApiService }
12-13 23:43:22.070 I/MicroDetectionWorker( 2209): #updateMicroDetector [detectionMode: [mDetectionMode: [1]]]
12-13 23:43:22.070 I/MicroDetectionWorker( 2209): #startMicroDetector [speakerMode: 0]
12-13 23:43:22.071 I/AudioController( 2209): Using mInputStreamFactoryBuilder
12-13 23:43:22.079 D/EGL_emulation( 1734): eglMakeCurrent: 0x946d0340: ver 3 0 (tinfo 0xa3a9ab60)
12-13 23:43:22.094 I/MicroDetectionWorker( 2209): onReady
12-13 23:43:22.094 D/EGL_emulation( 1734): eglMakeCurrent: 0x946d0340: ver 3 0 (tinfo 0xa3a9ab60)
12-13 23:43:22.100 I/MicroRecognitionRunner( 2209): Starting detection.
12-13 23:43:22.104 I/MicrophoneInputStream( 2209): mic_starting com.google.android.apps.gsa.staticplugins.aa.c@a858c21
12-13 23:43:22.106 D/EGL_emulation( 1734): eglMakeCurrent: 0x946d0340: ver 3 0 (tinfo 0xa3a9ab60)
12-13 23:43:22.115 D/EGL_emulation( 1734): eglMakeCurrent: 0x946d0340: ver 3 0 (tinfo 0xa3a9ab60)
12-13 23:43:22.121 I/AudioFlinger( 1477): AudioFlinger's thread 0xb2683200 tid=3986 ready to run
12-13 23:43:22.130 I/MicrophoneInputStream( 2209): mic_started com.google.android.apps.gsa.staticplugins.aa.c@a858c21
12-13 23:43:22.131 D/EGL_emulation( 1734): eglMakeCurrent: 0x946d0340: ver 3 0 (tinfo 0xa3a9ab60)
12-13 23:43:22.132 E/ActivityThread( 2209): Failed to find provider info for com.google.android.apps.gsa.testing.ui.audio.recorded
12-13 23:43:22.133 I/MicroDetectionWorker( 2209): onReady
12-13 23:43:22.133 W/SpeechLevelGenerator( 2209): Really low audio levels detected. The audio input may have issues.
12-13 23:43:22.134 D/EGL_emulation( 1734): eglMakeCurrent: 0x946d0340: ver 3 0 (tinfo 0xa3a9ab60)
12-13 23:43:22.146 I/chatty  ( 1734): uid=10028(u0_a28) RenderThread identical 1 line
12-13 23:43:22.149 D/EGL_emulation( 1734): eglMakeCurrent: 0x946d0340: ver 3 0 (tinfo 0xa3a9ab60)
12-13 23:43:22.153 D/        ( 1734): HostConnection::get() New Host Connection established 0x9087f600, tid 1757
12-13 23:43:22.154 I/zygote  ( 1734): NativeAllocBackground concurrent copying GC freed 9804(741KB) AllocSpace objects, 0(0B) LOS objects, 49% free, 4MB/9MB, paused 1.989ms total 112.984ms
12-13 23:43:22.160 D/EGL_emulation( 1734): eglMakeCurrent: 0x946d0340: ver 3 0 (tinfo 0xa3a9ab60)
12-13 23:43:22.162 I/MicrophoneInputStream( 2209): mic_close com.google.android.apps.gsa.staticplugins.aa.c@a858c21
12-13 23:43:22.163 I/MicroRecognitionRunner( 2209): Detection finished
12-13 23:43:22.164 W/ErrorReporter( 2209): reportError [type: 211, code: 524300]: Error reading from input stream
12-13 23:43:22.165 D/EGL_emulation( 1734): eglMakeCurrent: 0x946d0340: ver 3 0 (tinfo 0xa3a9ab60)
12-13 23:43:22.165 I/MicroRecognitionRunner( 2209): Stopping hotword detection.
12-13 23:43:22.165 W/ErrorProcessor( 2209): onFatalError, processing error from engine(4)
12-13 23:43:22.165 W/ErrorProcessor( 2209): com.google.android.apps.gsa.shared.speech.b.g: Error reading from input stream
12-13 23:43:22.165 W/ErrorProcessor( 2209): 	at com.google.android.apps.gsa.staticplugins.recognizer.j.a.a(SourceFile:28)
12-13 23:43:22.165 W/ErrorProcessor( 2209): 	at com.google.android.apps.gsa.staticplugins.recognizer.j.b.run(SourceFile:15)
12-13 23:43:22.165 W/ErrorProcessor( 2209): 	at java.util.concurrent.Executors$RunnableAdapter.call(Executors.java:457)
12-13 23:43:22.165 W/ErrorProcessor( 2209): 	at java.util.concurrent.FutureTask.run(FutureTask.java:266)
12-13 23:43:22.165 W/ErrorProcessor( 2209): 	at com.google.android.apps.gsa.shared.util.concurrent.a.ax.run(SourceFile:14)
12-13 23:43:22.165 W/ErrorProcessor( 2209): 	at com.google.android.apps.gsa.shared.util.concurrent.a.bl.run(SourceFile:4)
12-13 23:43:22.165 W/ErrorProcessor( 2209): 	at com.google.android.apps.gsa.shared.util.concurrent.a.bl.run(SourceFile:4)
12-13 23:43:22.165 W/ErrorProcessor( 2209): 	at java.util.concurrent.ThreadPoolExecutor.runWorker(ThreadPoolExecutor.java:1162)
12-13 23:43:22.165 W/ErrorProcessor( 2209): 	at java.util.concurrent.ThreadPoolExecutor$Worker.run(ThreadPoolExecutor.java:636)
12-13 23:43:22.165 W/ErrorProcessor( 2209): 	at java.lang.Thread.run(Thread.java:764)
12-13 23:43:22.165 W/ErrorProcessor( 2209): 	at com.google.android.apps.gsa.shared.util.concurrent.a.ai.run(SourceFile:6)
12-13 23:43:22.165 W/ErrorProcessor( 2209): Caused by: com.google.android.apps.gsa.shared.exception.GsaIOException: Error code: 393238 | Buffer overflow, no available space.
12-13 23:43:22.165 W/ErrorProcessor( 2209): 	at com.google.android.apps.gsa.speech.audio.Tee.f(SourceFile:103)
12-13 23:43:22.165 W/ErrorProcessor( 2209): 	at com.google.android.apps.gsa.speech.audio.au.read(SourceFile:2)
12-13 23:43:22.165 W/ErrorProcessor( 2209): 	at java.io.InputStream.read(InputStream.java:101)
12-13 23:43:22.165 W/ErrorProcessor( 2209): 	at com.google.android.apps.gsa.speech.audio.ao.run(SourceFile:18)
12-13 23:43:22.165 W/ErrorProcessor( 2209): 	at com.google.android.apps.gsa.speech.audio.an.run(SourceFile:2)
12-13 23:43:22.165 W/ErrorProcessor( 2209): 	... 9 more
12-13 23:43:22.165 I/AudioController( 2209): internalShutdown
12-13 23:43:22.169 I/MicroDetector( 2209): Keeping mic open: false
12-13 23:43:22.170 I/DeviceStateChecker( 2209): DeviceStateChecker cancelled
12-13 23:43:22.170 I/MicroDetectionWorker( 2209): #onError(false)
12-13 23:43:22.180 D/EGL_emulation( 1734): eglMakeCurrent: 0x946d0340: ver 3 0 (tinfo 0xa3a9ab60)
12-13 23:43:22.242 I/chatty  ( 1734): uid=10028(u0_a28) RenderThread identical 6 lines
12-13 23:43:22.252 D/EGL_emulation( 1734): eglMakeCurrent: 0x946d0340: ver 3 0 (tinfo 0xa3a9ab60)
12-13 23:43:22.279 E/TaskPersister( 1629): File error accessing recents directory (directory doesn't exist?).
12-13 23:43:22.360 D/BoundBrokerSvc( 1938): onUnbind: Intent { act=com.google.android.gms.auth.proximity.START cmp=com.google.android.gms/.chimera.PersistentBoundBrokerService }
12-13 23:43:22.381 W/OpenGLRenderer( 2184): Incorrectly called buildLayer on View: ShortcutAndWidgetContainer, destroying layer...
12-13 23:43:22.391 D/BoundBrokerSvc( 2113): onUnbind: Intent { act=com.google.android.gms.auth.cryptauth.cryptauthservice.START cmp=com.google.android.gms/.chimera.GmsBoundBrokerService }
12-13 23:43:22.465 D/OpenGLRenderer( 1629): HWUI GL Pipeline
12-13 23:43:22.469 E/SurfaceFlinger( 1414): ro.sf.lcd_density must be defined as a build property
12-13 23:43:22.489 D/        ( 1629): HostConnection::get() New Host Connection established 0x93de3bc0, tid 3988
12-13 23:43:22.490 I/OpenGLRenderer( 1629): Initialized EGL, version 1.4
12-13 23:43:22.490 D/OpenGLRenderer( 1629): Swap behavior 1
12-13 23:43:22.491 W/OpenGLRenderer( 1629): Failed to choose config with EGL_SWAP_BEHAVIOR_PRESERVED, retrying without...
12-13 23:43:22.491 D/OpenGLRenderer( 1629): Swap behavior 0
12-13 23:43:22.502 D/EGL_emulation( 1629): eglCreateContext: 0x919f2820: maj 3 min 0 rcv 3
12-13 23:43:22.504 D/EGL_emulation( 1629): eglMakeCurrent: 0x919f2820: ver 3 0 (tinfo 0x9206d660)
12-13 23:43:22.505 E/eglCodecCommon( 1629): glUtilsParamSize: unknow param 0x00008cdf
12-13 23:43:22.505 E/eglCodecCommon( 1629): glUtilsParamSize: unknow param 0x00008cdf
12-13 23:43:22.505 E/eglCodecCommon( 1629): glUtilsParamSize: unknow param 0x00008824
12-13 23:43:22.505 E/eglCodecCommon( 1629): glUtilsParamSize: unknow param 0x00008824
12-13 23:43:22.540 D/AndroidRuntime( 3981): >>>>>> START com.android.internal.os.RuntimeInit uid 2000 <<<<<<
12-13 23:43:22.588 W/app_process( 3981): Unexpected CPU variant for X86 using defaults: x86
12-13 23:43:22.604 D/AndroidRuntime( 3981): Calling main entry com.android.commands.am.Am
12-13 23:43:22.605 I/ActivityManager( 1629): Force stopping com.evancharlton.mileage appid=10182 user=0: start instr
12-13 23:43:22.605 I/ActivityManager( 1629): Killing 3914:com.evancharlton.mileage/u0a182 (adj 0): stop com.evancharlton.mileage
12-13 23:43:22.606 W/ActivityManager( 1629): Crash of app com.evancharlton.mileage running instrumentation ComponentInfo{com.evancharlton.mileage.test/sh.calaba.instrumentationbackend.CalabashInstrumentationTestRunner}
12-13 23:43:22.606 I/ActivityManager( 1629): Force stopping com.evancharlton.mileage appid=10182 user=0: finished inst
12-13 23:43:22.612 I/zygote  ( 3997): Not late-enabling -Xcheck:jni (already on)
12-13 23:43:22.618 W/zygote  ( 3997): Unexpected CPU variant for X86 using defaults: x86
12-13 23:43:22.620 I/ActivityManager( 1629): Start proc 3997:com.evancharlton.mileage/u0a182 for added application com.evancharlton.mileage
12-13 23:43:22.620 D/AndroidRuntime( 3981): Shutting down VM
12-13 23:43:22.646 W/zygote  ( 3997): Found duplicate classes, falling back to extracting from APK : /data/app/com.evancharlton.mileage.test-MpKvIzAgqRuLbHY9iysc9A==/base.apk
12-13 23:43:22.646 W/zygote  ( 3997): NOTE: This wastes RAM and hurts startup performance.
12-13 23:43:22.646 W/zygote  ( 3997): Found duplicated class when checking oat files: 'Ljunit/runner/BaseTestRunner;' in /data/app/com.evancharlton.mileage.test-MpKvIzAgqRuLbHY9iysc9A==/base.apk and /system/framework/android.test.runner.jar
12-13 23:43:22.646 W/zygote  ( 3997): 
12-13 23:43:22.647 E/adbd    ( 1376): failed to connect to socket 'tcp:7102': Connection refused
12-13 23:43:22.650 E/adbd    ( 1376): failed to connect to socket 'tcp:7102': Connection refused
12-13 23:43:22.659 W/ActivityManager( 1629): setHasOverlayUi called on unknown pid: 3914
12-13 23:43:22.676 W/System  ( 3997): ClassLoader referenced unknown path: 
12-13 23:43:22.690 I/System.out( 3997): Main activity name automatically set to: com.evancharlton.mileage.Mileage
12-13 23:43:22.690 I/System.out( 3997): Calabash did not load Mono. This is only a problem if you are trying to test a Mono application
12-13 23:43:22.691 I/calabash( 3997): Test server port: 7102
12-13 23:43:22.692 I/InstrumentationBackend( 3997): Added:'GetPreferences', with key:'get_preferences'
12-13 23:43:22.752 I/InstrumentationBackend( 3997): Added:'SetPreferences', with key:'set_preferences'
12-13 23:43:22.752 I/InstrumentationBackend( 3997): Added:'ClearPreferences', with key:'clear_preferences'
12-13 23:43:22.753 I/InstrumentationBackend( 3997): Added:'PressElement', with key:'press_l10n_element'
12-13 23:43:22.753 I/InstrumentationBackend( 3997): Added:'WaitForElement', with key:'wait_for_l10n_element'
12-13 23:43:22.753 I/InstrumentationBackend( 3997): Added:'NullAction', with key:'nullAction'
12-13 23:43:22.754 I/InstrumentationBackend( 3997): Added:'PressKey', with key:'press_key'
12-13 23:43:22.754 I/InstrumentationBackend( 3997): Added:'SetActivityOrientation', with key:'set_activity_orientation'
12-13 23:43:22.754 I/InstrumentationBackend( 3997): Added:'GetActivityOrientation', with key:'get_activity_orientation'
12-13 23:43:22.755 I/InstrumentationBackend( 3997): Added:'FakeGPSLocation', with key:'set_gps_coordinates'
12-13 23:43:22.755 I/InstrumentationBackend( 3997): Added:'SetPropertyByCssSelector', with key:'set_property_by_css_selector'
12-13 23:43:22.756 I/InstrumentationBackend( 3997): Added:'GetUrl', with key:'get_url'
12-13 23:43:22.759 I/InstrumentationBackend( 3997): Added:'ScrollTo', with key:'scroll_to'
12-13 23:43:22.759 I/InstrumentationBackend( 3997): Added:'GetLoadProgress', with key:'get_load_progress'
12-13 23:43:22.759 I/InstrumentationBackend( 3997): Added:'DumpHtml', with key:'dump_html'
12-13 23:43:22.759 I/InstrumentationBackend( 3997): Added:'DumpBodyHtml', with key:'dump_body_html'
12-13 23:43:22.760 I/InstrumentationBackend( 3997): Added:'EnterTextByCssSelector', with key:'enter_text_by_selector'
12-13 23:43:22.763 E/adbd    ( 1376): failed to connect to socket 'tcp:7102': Connection refused
12-13 23:43:22.765 E/adbd    ( 1376): failed to connect to socket 'tcp:7102': Connection refused
12-13 23:43:22.767 I/InstrumentationBackend( 3997): Added:'AndroidSDKVersion', with key:'android_sdk_version'
12-13 23:43:22.767 I/InstrumentationBackend( 3997): Added:'Version', with key:'version'
12-13 23:43:22.767 I/InstrumentationBackend( 3997): Added:'Drag', with key:'drag'
12-13 23:43:22.768 I/InstrumentationBackend( 3997): Added:'TouchCoordinates', with key:'touch_coordinate'
12-13 23:43:22.768 I/InstrumentationBackend( 3997): Added:'LongPressCoordinate', with key:'long_press_coordinate'
12-13 23:43:22.768 I/InstrumentationBackend( 3997): Added:'DragCoordinates', with key:'drag_coordinates'
12-13 23:43:22.769 I/InstrumentationBackend( 3997): Added:'ResumeApplication', with key:'resume_application'
12-13 23:43:22.769 I/InstrumentationBackend( 3997): Added:'Swipe', with key:'swipe'
12-13 23:43:22.770 I/InstrumentationBackend( 3997): Added:'DoubleTapCoordinate', with key:'double_tap_coordinate'
12-13 23:43:22.770 I/InstrumentationBackend( 3997): Added:'ClickOnScreen', with key:'click_on_screen'
12-13 23:43:22.771 I/InstrumentationBackend( 3997): Added:'GetActivityName', with key:'get_activity_name'
12-13 23:43:22.771 I/InstrumentationBackend( 3997): Added:'ScrollToView', with key:'scroll_to_view'
12-13 23:43:22.772 I/InstrumentationBackend( 3997): Added:'ViewConfiguration', with key:'view_configuration'
12-13 23:43:22.772 I/InstrumentationBackend( 3997): Added:'IsCurrentActivityFocused', with key:'is_current_activity_focused'
12-13 23:43:22.772 I/InstrumentationBackend( 3997): Added:'SendTcp', with key:'send_tcp'
12-13 23:43:22.773 I/InstrumentationBackend( 3997): Added:'DpToDevicePixel', with key:'dp_to_device_pixel'
12-13 23:43:22.774 I/InstrumentationBackend( 3997): Added:'KeyboardEnterText', with key:'keyboard_enter_text'
12-13 23:43:22.775 I/InstrumentationBackend( 3997): Added:'DeleteSurroundingText', with key:'delete_surrounding_text'
12-13 23:43:22.775 I/InstrumentationBackend( 3997): Added:'SetComposingRegion', with key:'set_composing_region'
12-13 23:43:22.775 I/InstrumentationBackend( 3997): Added:'SetSelection', with key:'set_selection'
12-13 23:43:22.776 I/InstrumentationBackend( 3997): Added:'KeyboardKeyEvent', with key:'keyboard_key_event'
12-13 23:43:22.776 I/InstrumentationBackend( 3997): Added:'PressUserActionButton', with key:'press_user_action_button'
12-13 23:43:22.777 I/InstrumentationBackend( 3997): Added:'HideSoftKeyboard', with key:'hide_soft_keyboard'
12-13 23:43:22.779 I/InstrumentationBackend( 3997): Added:'ListActions', with key:'list_actions'
12-13 23:43:22.779 I/calabash( 3997): Instantiating http server at 7102
12-13 23:43:22.779 I/System.out( 3997): HTTP Daemon listening on: 7102
12-13 23:43:22.792 E/TaskPersister( 1629): File error accessing recents directory (directory doesn't exist?).
12-13 23:43:22.881 I/System.out( 3997): URI: //ping
12-13 23:43:22.881 I/System.out( 3997): params: {json={}
12-13 23:43:22.881 I/System.out( 3997): }
12-13 23:43:22.896 I/System.out( 3997): URI: //ping
12-13 23:43:22.896 I/System.out( 3997): params: {json={}
12-13 23:43:22.896 I/System.out( 3997): }
12-13 23:43:22.909 I/System.out( 3997): URI: //ready
12-13 23:43:22.909 I/System.out( 3997): params: {json={}
12-13 23:43:22.909 I/System.out( 3997): }
12-13 23:43:22.919 I/System.out( 3997): URI: //
12-13 23:43:22.919 I/System.out( 3997): params: {json={"command":"version","arguments":[]}
12-13 23:43:22.919 I/System.out( 3997): }
12-13 23:43:22.919 I/System.out( 3997): header: {content-type=application/json;charset=utf-8, date=Mon, 14 Dec 2020 04:43:23 GMT, accept=*/*, host=127.0.0.1:34777, content-length=36, user-agent=HTTPClient/1.0 (2.8.3, ruby 2.5.8 (2020-03-31))}
12-13 23:43:22.919 I/System.out( 3997): params: {json={"command":"version","arguments":[]}
12-13 23:43:22.919 I/System.out( 3997): }
12-13 23:43:22.919 I/System.out( 3997): ProP json = {"command":"version","arguments":[]}
12-13 23:43:22.920 I/System.out( 3997): files: {}
12-13 23:43:22.920 I/System.out( 3997): command: {"command":"version","arguments":[]}
12-13 23:43:22.952 I/InstrumentationBackend( 3997): Got command:'Command:'Line:null,version', arguments:'[]'
12-13 23:43:22.993 I/System.out( 3997): result:{"bonusInformation":[],"message":"0.9.8","success":true}
12-13 23:43:23.001 I/System.out( 3997): URI: //start-application
12-13 23:43:23.001 I/System.out( 3997): params: {json={"intent":null}
12-13 23:43:23.001 I/System.out( 3997): }
12-13 23:43:23.037 I/ActivityManager( 1629): START u0 {act=android.intent.action.MAIN cat=[android.intent.category.LAUNCHER] flg=0x10200000 cmp=com.evancharlton.mileage/.Mileage} from uid 10182
12-13 23:43:23.053 I/calabash( 3997): newActivity1
12-13 23:43:23.073 D/gralloc_ranchu( 1397): gralloc_alloc: Creating ashmem region of size 7753728
12-13 23:43:23.115 W/ActivityManager( 1629): Bad activity token: android.os.BinderProxy@ac81a4d
12-13 23:43:23.115 W/ActivityManager( 1629): java.lang.ClassCastException: android.os.BinderProxy cannot be cast to com.android.server.am.ActivityRecord$Token
12-13 23:43:23.115 W/ActivityManager( 1629): 	at com.android.server.am.ActivityRecord.forTokenLocked(ActivityRecord.java:778)
12-13 23:43:23.115 W/ActivityManager( 1629): 	at com.android.server.am.ActivityRecord.isInStackLocked(ActivityRecord.java:2085)
12-13 23:43:23.115 W/ActivityManager( 1629): 	at com.android.server.am.ActivityRecord.getStackLocked(ActivityRecord.java:2090)
12-13 23:43:23.115 W/ActivityManager( 1629): 	at com.android.server.am.ActivityManagerService.getActivityDisplayId(ActivityManagerService.java:10406)
12-13 23:43:23.115 W/ActivityManager( 1629): 	at android.app.IActivityManager$Stub.onTransact(IActivityManager.java:2738)
12-13 23:43:23.115 W/ActivityManager( 1629): 	at com.android.server.am.ActivityManagerService.onTransact(ActivityManagerService.java:2935)
12-13 23:43:23.115 W/ActivityManager( 1629): 	at android.os.Binder.execTransact(Binder.java:674)
12-13 23:43:23.120 I/calabash( 3997): newActivity1
12-13 23:43:23.142 W/ActivityManager( 1629): Bad activity token: android.os.BinderProxy@ac81a4d
12-13 23:43:23.142 W/ActivityManager( 1629): java.lang.ClassCastException: android.os.BinderProxy cannot be cast to com.android.server.am.ActivityRecord$Token
12-13 23:43:23.142 W/ActivityManager( 1629): 	at com.android.server.am.ActivityRecord.forTokenLocked(ActivityRecord.java:778)
12-13 23:43:23.142 W/ActivityManager( 1629): 	at com.android.server.am.ActivityRecord.isInStackLocked(ActivityRecord.java:2085)
12-13 23:43:23.142 W/ActivityManager( 1629): 	at com.android.server.am.ActivityManagerService.setTaskDescription(ActivityManagerService.java:9988)
12-13 23:43:23.142 W/ActivityManager( 1629): 	at android.app.IActivityManager$Stub.onTransact(IActivityManager.java:2824)
12-13 23:43:23.142 W/ActivityManager( 1629): 	at com.android.server.am.ActivityManagerService.onTransact(ActivityManagerService.java:2935)
12-13 23:43:23.142 W/ActivityManager( 1629): 	at android.os.Binder.execTransact(Binder.java:674)
12-13 23:43:23.144 W/ActivityManager( 1629): Bad activity token: android.os.BinderProxy@ac81a4d
12-13 23:43:23.144 W/ActivityManager( 1629): java.lang.ClassCastException: android.os.BinderProxy cannot be cast to com.android.server.am.ActivityRecord$Token
12-13 23:43:23.144 W/ActivityManager( 1629): 	at com.android.server.am.ActivityRecord.forTokenLocked(ActivityRecord.java:778)
12-13 23:43:23.144 W/ActivityManager( 1629): 	at com.android.server.am.ActivityRecord.isInStackLocked(ActivityRecord.java:2085)
12-13 23:43:23.144 W/ActivityManager( 1629): 	at com.android.server.am.ActivityRecord.getStackLocked(ActivityRecord.java:2090)
12-13 23:43:23.144 W/ActivityManager( 1629): 	at com.android.server.am.ActivityManagerService.getActivityStackId(ActivityManagerService.java:10417)
12-13 23:43:23.144 W/ActivityManager( 1629): 	at android.app.IActivityManager$Stub.onTransact(IActivityManager.java:3548)
12-13 23:43:23.144 W/ActivityManager( 1629): 	at com.android.server.am.ActivityManagerService.onTransact(ActivityManagerService.java:2935)
12-13 23:43:23.144 W/ActivityManager( 1629): 	at android.os.Binder.execTransact(Binder.java:674)
12-13 23:43:23.153 E/ContentStoreEUAS( 2209): Failed to commit the deferred actions
12-13 23:43:23.187 D/EGL_emulation( 2184): eglMakeCurrent: 0xa58c7bc0: ver 3 0 (tinfo 0xa5a7fc20)
12-13 23:43:23.191 D/EGL_emulation( 2209): eglMakeCurrent: 0x91d797e0: ver 3 0 (tinfo 0xa5a7f960)
12-13 23:43:23.216 D/EGL_emulation( 1734): eglMakeCurrent: 0x946d0340: ver 3 0 (tinfo 0xa3a9ab60)
12-13 23:43:23.231 I/chatty  ( 1734): uid=10028(u0_a28) RenderThread identical 1 line
12-13 23:43:23.237 D/EGL_emulation( 1734): eglMakeCurrent: 0x946d0340: ver 3 0 (tinfo 0xa3a9ab60)
12-13 23:43:23.239 V/StatusBar( 1734): setLightsOn(true)
12-13 23:43:23.246 D/EGL_emulation( 1734): eglMakeCurrent: 0x946d0340: ver 3 0 (tinfo 0xa3a9ab60)
12-13 23:43:23.298 W/ActivityManager( 1629): Bad activity token: android.os.BinderProxy@ac81a4d
12-13 23:43:23.298 W/ActivityManager( 1629): java.lang.ClassCastException: android.os.BinderProxy cannot be cast to com.android.server.am.ActivityRecord$Token
12-13 23:43:23.298 W/ActivityManager( 1629): 	at com.android.server.am.ActivityRecord.forTokenLocked(ActivityRecord.java:778)
12-13 23:43:23.298 W/ActivityManager( 1629): 	at com.android.server.am.ActivityRecord.isInStackLocked(ActivityRecord.java:2085)
12-13 23:43:23.298 W/ActivityManager( 1629): 	at com.android.server.am.ActivityManagerService.getActivityOptions(ActivityManagerService.java:13302)
12-13 23:43:23.298 W/ActivityManager( 1629): 	at android.app.IActivityManager$Stub.onTransact(IActivityManager.java:2910)
12-13 23:43:23.298 W/ActivityManager( 1629): 	at com.android.server.am.ActivityManagerService.onTransact(ActivityManagerService.java:2935)
12-13 23:43:23.298 W/ActivityManager( 1629): 	at android.os.Binder.execTransact(Binder.java:674)
12-13 23:43:23.299 W/ActivityManager( 1629): Bad activity token: android.os.BinderProxy@ac81a4d
12-13 23:43:23.299 W/ActivityManager( 1629): java.lang.ClassCastException: android.os.BinderProxy cannot be cast to com.android.server.am.ActivityRecord$Token
12-13 23:43:23.299 W/ActivityManager( 1629): 	at com.android.server.am.ActivityRecord.forTokenLocked(ActivityRecord.java:778)
12-13 23:43:23.299 W/ActivityManager( 1629): 	at com.android.server.am.ActivityRecord.isInStackLocked(ActivityRecord.java:2085)
12-13 23:43:23.299 W/ActivityManager( 1629): 	at com.android.server.am.ActivityManagerService.getActivityOptions(ActivityManagerService.java:13302)
12-13 23:43:23.299 W/ActivityManager( 1629): 	at android.app.IActivityManager$Stub.onTransact(IActivityManager.java:2910)
12-13 23:43:23.299 W/ActivityManager( 1629): 	at com.android.server.am.ActivityManagerService.onTransact(ActivityManagerService.java:2935)
12-13 23:43:23.299 W/ActivityManager( 1629): 	at android.os.Binder.execTransact(Binder.java:674)
12-13 23:43:23.353 I/chatty  ( 1734): uid=10028(u0_a28) RenderThread identical 12 lines
12-13 23:43:23.363 D/EGL_emulation( 1734): eglMakeCurrent: 0x946d0340: ver 3 0 (tinfo 0xa3a9ab60)
12-13 23:43:23.367 E/memtrack( 1629): Couldn't load memtrack module
12-13 23:43:23.367 W/android.os.Debug( 1629): failed to get memory consumption info: -1
12-13 23:43:23.367 D/EGL_emulation( 1734): eglMakeCurrent: 0x946d0340: ver 3 0 (tinfo 0xa3a9ab60)
12-13 23:43:23.368 D/BoundBrokerSvc( 1938): onUnbind: Intent { act=com.google.android.contextmanager.service.ContextManagerService.START cmp=com.google.android.gms/.chimera.PersistentApiService }
12-13 23:43:23.381 D/EGL_emulation( 1734): eglMakeCurrent: 0x946d0340: ver 3 0 (tinfo 0xa3a9ab60)
12-13 23:43:23.418 I/chatty  ( 1734): uid=10028(u0_a28) RenderThread identical 4 lines
12-13 23:43:23.431 D/EGL_emulation( 1734): eglMakeCurrent: 0x946d0340: ver 3 0 (tinfo 0xa3a9ab60)
12-13 23:43:23.457 V/StatusBar( 1734): setLightsOn(true)
12-13 23:43:23.499 I/zygote  ( 3997): Do partial code cache collection, code=28KB, data=30KB
12-13 23:43:23.499 I/zygote  ( 3997): After code cache collection, code=28KB, data=30KB
12-13 23:43:23.499 I/zygote  ( 3997): Increasing code cache capacity to 128KB
12-13 23:43:23.500 I/zygote  ( 3997): Do partial code cache collection, code=28KB, data=48KB
12-13 23:43:23.501 I/zygote  ( 3997): After code cache collection, code=28KB, data=48KB
12-13 23:43:23.501 I/zygote  ( 3997): Increasing code cache capacity to 256KB
12-13 23:43:23.502 I/zygote  ( 3997): JIT allocated 71KB for compiled code of void android.widget.TextView.<init>(android.content.Context, android.util.AttributeSet, int, int)
12-13 23:43:23.502 I/zygote  ( 3997): Compiler allocated 4MB to compile void android.widget.TextView.<init>(android.content.Context, android.util.AttributeSet, int, int)
12-13 23:43:23.517 V/StatusBar( 1734): setLightsOn(true)
12-13 23:43:23.542 V/StatusBar( 1734): setLightsOn(true)
12-13 23:43:23.599 D/gralloc_ranchu( 1397): gralloc_alloc: Creating ashmem region of size 7753728
12-13 23:43:23.605 V/StatusBar( 1734): setLightsOn(true)
12-13 23:43:23.623 D/        ( 3997): HostConnection::get() New Host Connection established 0xa56b0d40, tid 3997
12-13 23:43:23.678 V/StatusBar( 1734): setLightsOn(true)
12-13 23:43:23.680 V/StatusBar( 1734): setLightsOn(true)
12-13 23:43:23.683 I/ActivityManager( 1629): Displayed com.evancharlton.mileage/.Mileage: +634ms
12-13 23:43:23.703 V/StatusBar( 1734): setLightsOn(true)
12-13 23:43:23.730 D/gralloc_ranchu( 1397): gralloc_alloc: Creating ashmem region of size 7753728
12-13 23:43:23.731 I/zygote  ( 3997): Do full code cache collection, code=125KB, data=71KB
12-13 23:43:23.731 I/zygote  ( 3997): After code cache collection, code=106KB, data=43KB
12-13 23:43:23.868 V/StatusBar( 1734): setLightsOn(true)
12-13 23:43:23.914 I/chatty  ( 1734): uid=10028(u0_a28) com.android.systemui identical 1 line
12-13 23:43:23.926 V/StatusBar( 1734): setLightsOn(true)
12-13 23:43:23.935 W/SurfaceFlinger( 1414): couldn't log to binary event log: overflow.
12-13 23:43:23.949 I/System.out( 3997): URI: //map
12-13 23:43:23.949 I/System.out( 3997): params: {json={"query":"android.widget.CheckBox index:0","operation":{"method_name":"query","arguments":[]}}
12-13 23:43:23.949 I/System.out( 3997): }
12-13 23:43:24.021 I/PBSessionCacheImpl( 2209): Deleted sessionId[3177175139876] from persistence.
12-13 23:43:24.040 W/SearchService( 2209): Abort, client detached.
12-13 23:43:24.082 I/System.out( 3997): URI: //gesture
12-13 23:43:24.082 I/System.out( 3997): params: {json={"query_timeout":5.0,"gestures":[{"query_string":"android.widget.CheckBox index:0","touches":[{"x":50,"y":50,"offset_x":0,"offset_y":0,"wait":0.0,"time":0.2,"release":true,"query_string":null}]}]}
12-13 23:43:24.082 I/System.out( 3997): }
12-13 23:43:24.090 W/audio_hw_generic( 1391): Not supplying enough data to HAL, expected position 311282 , only wrote 157680
12-13 23:43:24.100 I/zygote  ( 3997): Do partial code cache collection, code=123KB, data=56KB
12-13 23:43:24.100 I/zygote  ( 3997): After code cache collection, code=123KB, data=56KB
12-13 23:43:24.100 I/zygote  ( 3997): Increasing code cache capacity to 512KB
12-13 23:43:24.365 W/audio_hw_generic( 1391): Not supplying enough data to HAL, expected position 157991 , only wrote 157680
12-13 23:43:24.470 I/ActivityManager( 1629): Killing 3398:com.android.mtp/u0a9 (adj 906): empty #17
12-13 23:43:24.499 V/StatusBar( 1734): setLightsOn(true)
12-13 23:43:24.568 E/SurfaceFlinger( 1414): ro.sf.lcd_density must be defined as a build property
12-13 23:43:24.575 D/gralloc_ranchu( 1397): gralloc_alloc: Creating ashmem region of size 8298496
12-13 23:43:24.586 D/        ( 4039): HostConnection::get() New Host Connection established 0xb6baf800, tid 4039
12-13 23:43:24.704 D/gralloc_ranchu( 1397): gralloc_alloc: Creating ashmem region of size 7753728
12-13 23:43:25.014 I/System.out( 3997): URI: //map
12-13 23:43:25.014 I/System.out( 3997): params: {json={"query":"android.widget.CheckBox index:0","operation":{"method_name":"query","arguments":[]}}
12-13 23:43:25.014 I/System.out( 3997): }
12-13 23:43:25.065 I/System.out( 3997): URI: //gesture
12-13 23:43:25.065 I/System.out( 3997): params: {json={"query_timeout":5.0,"gestures":[{"query_string":"android.widget.CheckBox index:0","touches":[{"x":50,"y":50,"offset_x":0,"offset_y":0,"wait":0.0,"time":0.2,"release":true,"query_string":null}]}]}
12-13 23:43:25.065 I/System.out( 3997): }
12-13 23:43:25.543 E/SurfaceFlinger( 1414): ro.sf.lcd_density must be defined as a build property
12-13 23:43:25.551 D/gralloc_ranchu( 1397): gralloc_alloc: Creating ashmem region of size 8298496
12-13 23:43:25.560 D/        ( 4047): HostConnection::get() New Host Connection established 0xa9aaf800, tid 4047
