12-13 23:43:59.178 W/ActivityManager( 1629): 	at android.app.IActivityManager$Stub.onTransact(IActivityManager.java:2910)
12-13 23:43:59.178 W/ActivityManager( 1629): 	at com.android.server.am.ActivityManagerService.onTransact(ActivityManagerService.java:2935)
12-13 23:43:59.178 W/ActivityManager( 1629): 	at android.os.Binder.execTransact(Binder.java:674)
12-13 23:43:59.179 W/ActivityManager( 1629): Bad activity token: android.os.BinderProxy@be79377
12-13 23:43:59.179 W/ActivityManager( 1629): java.lang.ClassCastException: android.os.BinderProxy cannot be cast to com.android.server.am.ActivityRecord$Token
12-13 23:43:59.179 W/ActivityManager( 1629): 	at com.android.server.am.ActivityRecord.forTokenLocked(ActivityRecord.java:778)
12-13 23:43:59.179 W/ActivityManager( 1629): 	at com.android.server.am.ActivityRecord.isInStackLocked(ActivityRecord.java:2085)
12-13 23:43:59.179 W/ActivityManager( 1629): 	at com.android.server.am.ActivityManagerService.getActivityOptions(ActivityManagerService.java:13302)
12-13 23:43:59.179 W/ActivityManager( 1629): 	at android.app.IActivityManager$Stub.onTransact(IActivityManager.java:2910)
12-13 23:43:59.179 W/ActivityManager( 1629): 	at com.android.server.am.ActivityManagerService.onTransact(ActivityManagerService.java:2935)
12-13 23:43:59.179 W/ActivityManager( 1629): 	at android.os.Binder.execTransact(Binder.java:674)
12-13 23:43:59.184 D/VehicleStatisticsActivity( 4533): Checking recalculation ...
12-13 23:43:59.186 D/VehicleStatisticsActivity( 4533): Recalculating statistics
12-13 23:43:59.187 D/VehicleStatisticsTask( 4533): Calculation starting...
12-13 23:43:59.187 D/VehicleStatisticsActivity( 4533): Recalculation started!
12-13 23:43:59.191 D/VehicleStatisticsTask( 4533): Not enough fillups to calculate statistics
12-13 23:43:59.213 D/VehicleStatisticsTask( 4533): Not enough fillups to calculate statistics
12-13 23:43:59.246 I/zygote  ( 4533): Do full code cache collection, code=228KB, data=148KB
12-13 23:43:59.246 I/zygote  ( 4533): After code cache collection, code=227KB, data=127KB
12-13 23:43:59.313 E/SurfaceFlinger( 1414): ro.sf.lcd_density must be defined as a build property
12-13 23:43:59.328 D/gralloc_ranchu( 1397): gralloc_alloc: Creating ashmem region of size 8298496
12-13 23:43:59.339 D/        ( 4587): HostConnection::get() New Host Connection established 0xaaf2f800, tid 4587
12-13 23:43:59.347 D/VehicleStatisticsTask( 4533): Done recalculating!
12-13 23:43:59.350 D/VehicleStatisticsTask( 4533): Done recalculating!
12-13 23:43:59.350 D/VehicleStatisticsAdapter( 4533): Erasing the cache ...
12-13 23:43:59.351 D/VehicleStatisticsAdapter( 4533): Erasing the cache ...
12-13 23:43:59.354 D/VehicleStatisticsAdapter( 4533): Building new values ...
12-13 23:43:59.354 D/VehicleStatisticsAdapter( 4533): Writing 29 records to the database ...
12-13 23:43:59.355 D/Mileage.ABS( 4533): Finished backup
12-13 23:43:59.356 D/VehicleStatisticsAdapter( 4533): Building new values ...
12-13 23:43:59.359 D/VehicleStatisticsAdapter( 4533): Writing 29 records to the database ...
12-13 23:43:59.364 D/Mileage.ABS( 4533): Not backing up; 18
12-13 23:43:59.461 I/zygote  ( 4533): Do partial code cache collection, code=249KB, data=144KB
12-13 23:43:59.462 I/zygote  ( 4533): After code cache collection, code=249KB, data=144KB
12-13 23:43:59.462 I/zygote  ( 4533): Increasing code cache capacity to 1024KB
12-13 23:43:59.468 D/Mileage.ABS( 4533): Not backing up; 122
12-13 23:43:59.468 D/Mileage.ABS( 4533): Not backing up; 122
12-13 23:43:59.544 D/Mileage.ABS( 4533): Not backing up; 198
12-13 23:43:59.545 D/Mileage.ABS( 4533): Not backing up; 199
12-13 23:43:59.547 D/Mileage.ABS( 4533): Not backing up; 201
12-13 23:43:59.549 D/Mileage.ABS( 4533): Not backing up; 203
12-13 23:43:59.549 D/Mileage.ABS( 4533): Not backing up; 203
12-13 23:43:59.550 D/Mileage.ABS( 4533): Not backing up; 204
12-13 23:43:59.551 D/Mileage.ABS( 4533): Not backing up; 205
12-13 23:43:59.552 D/Mileage.ABS( 4533): Not backing up; 206
12-13 23:43:59.556 D/Mileage.ABS( 4533): Not backing up; 210
12-13 23:43:59.558 D/Mileage.ABS( 4533): Not backing up; 212
12-13 23:43:59.559 D/Mileage.ABS( 4533): Not backing up; 212
12-13 23:43:59.582 E/TaskPersister( 1629): File error accessing recents directory (directory doesn't exist?).
12-13 23:43:59.588 D/Mileage.ABS( 4533): Not backing up; 242
12-13 23:43:59.612 D/Mileage.ABS( 4533): Not backing up; 260
12-13 23:43:59.634 D/Mileage.ABS( 4533): Not backing up; 288
12-13 23:43:59.638 D/Mileage.ABS( 4533): Not backing up; 292
12-13 23:43:59.651 D/Mileage.ABS( 4533): Not backing up; 305
12-13 23:43:59.669 D/Mileage.ABS( 4533): Not backing up; 323
12-13 23:43:59.671 D/Mileage.ABS( 4533): Not backing up; 324
12-13 23:43:59.689 D/Mileage.ABS( 4533): Not backing up; 342
12-13 23:43:59.701 D/Mileage.ABS( 4533): Not backing up; 355
12-13 23:43:59.718 D/Mileage.ABS( 4533): Not backing up; 372
12-13 23:43:59.724 D/Mileage.ABS( 4533): Not backing up; 378
12-13 23:43:59.736 D/Mileage.ABS( 4533): Not backing up; 390
12-13 23:43:59.758 D/Mileage.ABS( 4533): Not backing up; 412
12-13 23:43:59.759 D/Mileage.ABS( 4533): Not backing up; 413
12-13 23:43:59.777 D/Mileage.ABS( 4533): Not backing up; 431
12-13 23:43:59.784 D/Mileage.ABS( 4533): Not backing up; 438
12-13 23:43:59.801 D/Mileage.ABS( 4533): Not backing up; 454
12-13 23:43:59.807 D/Mileage.ABS( 4533): Not backing up; 461
12-13 23:43:59.818 D/Mileage.ABS( 4533): Not backing up; 472
12-13 23:43:59.826 D/Mileage.ABS( 4533): Not backing up; 480
12-13 23:43:59.856 D/Mileage.ABS( 4533): Not backing up; 510
12-13 23:43:59.869 D/Mileage.ABS( 4533): Not backing up; 523
12-13 23:43:59.887 D/Mileage.ABS( 4533): Not backing up; 540
12-13 23:43:59.895 D/Mileage.ABS( 4533): Not backing up; 549
12-13 23:43:59.908 D/Mileage.ABS( 4533): Not backing up; 562
12-13 23:43:59.918 D/Mileage.ABS( 4533): Not backing up; 572
12-13 23:43:59.929 D/Mileage.ABS( 4533): Not backing up; 583
12-13 23:43:59.937 D/Mileage.ABS( 4533): Not backing up; 591
12-13 23:43:59.952 D/Mileage.ABS( 4533): Not backing up; 605
12-13 23:43:59.963 D/Mileage.ABS( 4533): Not backing up; 617
12-13 23:43:59.983 D/Mileage.ABS( 4533): Not backing up; 637
12-13 23:43:59.986 D/Mileage.ABS( 4533): Not backing up; 640
12-13 23:43:59.992 I/System.out( 4533): URI: //gesture
12-13 23:43:59.992 I/System.out( 4533): params: {json={"query_timeout":5.0,"gestures":[{"query_string":"android.widget.TabWidget descendant TextView index:0","touches":[{"x":50,"y":50,"offset_x":0,"offset_y":0,"wait":0.0,"time":0.2,"release":true,"query_string":null}]}]}
12-13 23:43:59.992 I/System.out( 4533): }
12-13 23:44:00.008 D/Mileage.ABS( 4533): Not backing up; 662
12-13 23:44:00.017 D/Mileage.ABS( 4533): Not backing up; 671
12-13 23:44:00.033 D/Mileage.ABS( 4533): Not backing up; 687
12-13 23:44:00.054 D/Mileage.ABS( 4533): Not backing up; 708
12-13 23:44:00.089 D/Mileage.ABS( 4533): Not backing up; 743
12-13 23:44:00.091 D/Mileage.ABS( 4533): Not backing up; 745
12-13 23:44:00.105 D/Mileage.ABS( 4533): Not backing up; 759
12-13 23:44:00.107 D/Mileage.ABS( 4533): Not backing up; 761
12-13 23:44:00.122 D/Mileage.ABS( 4533): Not backing up; 776
12-13 23:44:00.126 D/Mileage.ABS( 4533): Not backing up; 779
12-13 23:44:00.185 D/VehicleStatisticsAdapter( 4533): Caching of 29 records complete! (0.831 seconds)
12-13 23:44:00.194 D/Mileage.ABS( 4533): Not backing up; 848
12-13 23:44:00.194 D/Mileage.ABS( 4533): Not backing up; 848
12-13 23:44:00.196 D/Mileage.ABS( 4533): Not backing up; 850
12-13 23:44:00.204 D/VehicleStatisticsAdapter( 4533): Caching of 29 records complete! (0.844 seconds)
12-13 23:44:00.204 D/Mileage.ABS( 4533): Not backing up; 855
12-13 23:44:00.206 D/Mileage.ABS( 4533): Not backing up; 860
12-13 23:44:00.471 W/View    ( 4533): dispatchProvideAutofillStructure(): not laid out, ignoring
12-13 23:44:00.476 I/chatty  ( 4533): uid=10182(u0_a182) com.evancharlton.mileage identical 1 line
12-13 23:44:00.479 W/View    ( 4533): dispatchProvideAutofillStructure(): not laid out, ignoring
12-13 23:44:00.486 W/Binder  ( 1629): Outgoing transactions from this process must be FLAG_ONEWAY
12-13 23:44:00.486 W/Binder  ( 1629): java.lang.Throwable
12-13 23:44:00.486 W/Binder  ( 1629): 	at android.os.BinderProxy.transact(Binder.java:736)
12-13 23:44:00.486 W/Binder  ( 1629): 	at android.app.assist.AssistStructure$ParcelTransferReader.fetchData(AssistStructure.java:407)
12-13 23:44:00.486 W/Binder  ( 1629): 	at android.app.assist.AssistStructure$ParcelTransferReader.go(AssistStructure.java:343)
12-13 23:44:00.486 W/Binder  ( 1629): 	at android.app.assist.AssistStructure.ensureData(AssistStructure.java:2096)
12-13 23:44:00.486 W/Binder  ( 1629): 	at com.android.server.autofill.Session$1.send(Session.java:200)
12-13 23:44:00.486 W/Binder  ( 1629): 	at com.android.server.am.ActivityManagerService.reportAssistContextExtras(ActivityManagerService.java:13137)
12-13 23:44:00.486 W/Binder  ( 1629): 	at android.app.IActivityManager$Stub.onTransact(IActivityManager.java:2466)
12-13 23:44:00.486 W/Binder  ( 1629): 	at com.android.server.am.ActivityManagerService.onTransact(ActivityManagerService.java:2935)
12-13 23:44:00.486 W/Binder  ( 1629): 	at android.os.Binder.execTransact(Binder.java:674)
12-13 23:44:00.494 I/AssistStructure( 4533): Flattened final assist data: 15312 bytes, containing 1 windows, 69 views
12-13 23:44:00.499 E/memtrack( 1629): Couldn't load memtrack module
12-13 23:44:00.499 W/android.os.Debug( 1629): failed to get memory consumption info: -1
12-13 23:44:00.503 I/AssistStructure( 1629): Flattened final assist data: 13988 bytes, containing 1 windows, 69 views
12-13 23:44:00.505 W/lgq     ( 1938): Pending fill request while another request in the same session was triggered. [CONTEXT service_id=177 ]
12-13 23:44:00.534 E/memtrack( 1629): Couldn't load memtrack module
12-13 23:44:00.534 W/android.os.Debug( 1629): failed to get memory consumption info: -1
12-13 23:44:00.611 E/SurfaceFlinger( 1414): ro.sf.lcd_density must be defined as a build property
12-13 23:44:00.620 D/gralloc_ranchu( 1397): gralloc_alloc: Creating ashmem region of size 8298496
12-13 23:44:00.630 D/        ( 4632): HostConnection::get() New Host Connection established 0xb6faf800, tid 4632
12-13 23:44:01.027 I/System.out( 4533): URI: //
12-13 23:44:01.027 I/System.out( 4533): params: {json={"command":"set_activity_orientation","arguments":["landscape"]}
12-13 23:44:01.027 I/System.out( 4533): }
12-13 23:44:01.027 I/System.out( 4533): header: {content-type=application/json;charset=utf-8, date=Mon, 14 Dec 2020 04:44:01 GMT, accept=*/*, host=127.0.0.1:34777, content-length=64, user-agent=HTTPClient/1.0 (2.8.3, ruby 2.5.8 (2020-03-31))}
12-13 23:44:01.027 I/System.out( 4533): params: {json={"command":"set_activity_orientation","arguments":["landscape"]}
12-13 23:44:01.027 I/System.out( 4533): }
12-13 23:44:01.027 I/System.out( 4533): ProP json = {"command":"set_activity_orientation","arguments":["landscape"]}
12-13 23:44:01.027 I/System.out( 4533): files: {}
12-13 23:44:01.027 I/System.out( 4533): command: {"command":"set_activity_orientation","arguments":["landscape"]}
12-13 23:44:01.031 I/InstrumentationBackend( 4533): Got command:'Command:'Line:null,set_activity_orientation', arguments:'[landscape]'
12-13 23:44:01.035 D/gralloc_ranchu( 1397): gralloc_alloc: Creating ashmem region of size 8298496
12-13 23:44:01.053 W/LocalDisplayAdapter( 1629): Unable to find color mode 0, ignoring request.
12-13 23:44:01.070 I/InputReader( 1629): Reconfiguring input devices.  changes=0x00000004
12-13 23:44:01.070 I/InputReader( 1629): Device reconfigured: id=0, name='qwerty2', size 1080x1920, orientation 1, mode 1, display id 0
12-13 23:44:01.071 I/ActivityManager( 1629): Config changes=480 {1.0 310mcc260mnc [en_US] ldltr sw411dp w683dp h387dp 420dpi nrml land finger qwerty/v/v -nav/h appBounds=Rect(0, 0 - 1794, 1080) s.9}
12-13 23:44:01.072 I/InputReader( 1629): Reconfiguring input devices.  changes=0x00000004
12-13 23:44:01.072 I/InputReader( 1629): Reconfiguring input devices.  changes=0x00000004
12-13 23:44:01.104 I/ActivityManager( 1629): Override config changes=480 {1.0 310mcc260mnc [en_US] ldltr sw411dp w683dp h387dp 420dpi nrml land finger qwerty/v/v -nav/h appBounds=Rect(0, 0 - 1794, 1080) s.9} for displayId=0
12-13 23:44:01.173 D/gralloc_ranchu( 1397): gralloc_alloc: Creating ashmem region of size 544768
12-13 23:44:01.184 D/EGL_emulation( 1734): eglMakeCurrent: 0x946d0340: ver 3 0 (tinfo 0xa3a9ab60)
12-13 23:44:01.195 D/gralloc_ranchu( 1397): gralloc_alloc: Creating ashmem region of size 544768
12-13 23:44:01.197 I/calabash( 4533): newActivity1
12-13 23:44:01.242 W/ActivityManager( 1629): Bad activity token: android.os.BinderProxy@20abb6a
12-13 23:44:01.242 W/ActivityManager( 1629): java.lang.ClassCastException: android.os.BinderProxy cannot be cast to com.android.server.am.ActivityRecord$Token
12-13 23:44:01.242 W/ActivityManager( 1629): 	at com.android.server.am.ActivityRecord.forTokenLocked(ActivityRecord.java:778)
12-13 23:44:01.242 W/ActivityManager( 1629): 	at com.android.server.am.ActivityRecord.isInStackLocked(ActivityRecord.java:2085)
12-13 23:44:01.242 W/ActivityManager( 1629): 	at com.android.server.am.ActivityRecord.getStackLocked(ActivityRecord.java:2090)
12-13 23:44:01.242 W/ActivityManager( 1629): 	at com.android.server.am.ActivityManagerService.getActivityDisplayId(ActivityManagerService.java:10406)
12-13 23:44:01.242 W/ActivityManager( 1629): 	at android.app.IActivityManager$Stub.onTransact(IActivityManager.java:2738)
12-13 23:44:01.242 W/ActivityManager( 1629): 	at com.android.server.am.ActivityManagerService.onTransact(ActivityManagerService.java:2935)
12-13 23:44:01.242 W/ActivityManager( 1629): 	at android.os.Binder.execTransact(Binder.java:674)
12-13 23:44:01.247 I/calabash( 4533): newActivity1
12-13 23:44:01.252 W/AutofillManager( 4533): Session -301019239 could not be restored
12-13 23:44:01.255 W/ActivityManager( 1629): Bad activity token: android.os.BinderProxy@20abb6a
12-13 23:44:01.255 W/ActivityManager( 1629): java.lang.ClassCastException: android.os.BinderProxy cannot be cast to com.android.server.am.ActivityRecord$Token
12-13 23:44:01.255 W/ActivityManager( 1629): 	at com.android.server.am.ActivityRecord.forTokenLocked(ActivityRecord.java:778)
12-13 23:44:01.255 W/ActivityManager( 1629): 	at com.android.server.am.ActivityRecord.isInStackLocked(ActivityRecord.java:2085)
12-13 23:44:01.255 W/ActivityManager( 1629): 	at com.android.server.am.ActivityManagerService.setTaskDescription(ActivityManagerService.java:9988)
12-13 23:44:01.255 W/ActivityManager( 1629): 	at android.app.IActivityManager$Stub.onTransact(IActivityManager.java:2824)
12-13 23:44:01.255 W/ActivityManager( 1629): 	at com.android.server.am.ActivityManagerService.onTransact(ActivityManagerService.java:2935)
12-13 23:44:01.255 W/ActivityManager( 1629): 	at android.os.Binder.execTransact(Binder.java:674)
12-13 23:44:01.257 W/ActivityManager( 1629): Bad activity token: android.os.BinderProxy@20abb6a
12-13 23:44:01.257 W/ActivityManager( 1629): java.lang.ClassCastException: android.os.BinderProxy cannot be cast to com.android.server.am.ActivityRecord$Token
12-13 23:44:01.257 W/ActivityManager( 1629): 	at com.android.server.am.ActivityRecord.forTokenLocked(ActivityRecord.java:778)
12-13 23:44:01.257 W/ActivityManager( 1629): 	at com.android.server.am.ActivityRecord.isInStackLocked(ActivityRecord.java:2085)
12-13 23:44:01.257 W/ActivityManager( 1629): 	at com.android.server.am.ActivityRecord.getStackLocked(ActivityRecord.java:2090)
12-13 23:44:01.257 W/ActivityManager( 1629): 	at com.android.server.am.ActivityManagerService.getActivityStackId(ActivityManagerService.java:10417)
12-13 23:44:01.257 W/ActivityManager( 1629): 	at android.app.IActivityManager$Stub.onTransact(IActivityManager.java:3548)
12-13 23:44:01.257 W/ActivityManager( 1629): 	at com.android.server.am.ActivityManagerService.onTransact(ActivityManagerService.java:2935)
12-13 23:44:01.257 W/ActivityManager( 1629): 	at android.os.Binder.execTransact(Binder.java:674)
12-13 23:44:01.271 V/StatusBar( 1734): setLightsOn(true)
12-13 23:44:01.275 D/gralloc_ranchu( 1397): gralloc_alloc: Creating ashmem region of size 544768
12-13 23:44:01.286 I/System.out( 4533): result:{"bonusInformation":[],"message":"","success":true}
12-13 23:44:01.328 W/ActivityManager( 1629): Bad activity token: android.os.BinderProxy@20abb6a
12-13 23:44:01.328 W/ActivityManager( 1629): java.lang.ClassCastException: android.os.BinderProxy cannot be cast to com.android.server.am.ActivityRecord$Token
12-13 23:44:01.328 W/ActivityManager( 1629): 	at com.android.server.am.ActivityRecord.forTokenLocked(ActivityRecord.java:778)
12-13 23:44:01.328 W/ActivityManager( 1629): 	at com.android.server.am.ActivityRecord.isInStackLocked(ActivityRecord.java:2085)
12-13 23:44:01.328 W/ActivityManager( 1629): 	at com.android.server.am.ActivityManagerService.getActivityOptions(ActivityManagerService.java:13302)
12-13 23:44:01.328 W/ActivityManager( 1629): 	at android.app.IActivityManager$Stub.onTransact(IActivityManager.java:2910)
12-13 23:44:01.328 W/ActivityManager( 1629): 	at com.android.server.am.ActivityManagerService.onTransact(ActivityManagerService.java:2935)
12-13 23:44:01.328 W/ActivityManager( 1629): 	at android.os.Binder.execTransact(Binder.java:674)
12-13 23:44:01.330 W/ActivityManager( 1629): Bad activity token: android.os.BinderProxy@20abb6a
12-13 23:44:01.330 W/ActivityManager( 1629): java.lang.ClassCastException: android.os.BinderProxy cannot be cast to com.android.server.am.ActivityRecord$Token
12-13 23:44:01.330 W/ActivityManager( 1629): 	at com.android.server.am.ActivityRecord.forTokenLocked(ActivityRecord.java:778)
12-13 23:44:01.330 W/ActivityManager( 1629): 	at com.android.server.am.ActivityRecord.isInStackLocked(ActivityRecord.java:2085)
12-13 23:44:01.330 W/ActivityManager( 1629): 	at com.android.server.am.ActivityManagerService.getActivityOptions(ActivityManagerService.java:13302)
12-13 23:44:01.330 W/ActivityManager( 1629): 	at android.app.IActivityManager$Stub.onTransact(IActivityManager.java:2910)
12-13 23:44:01.330 W/ActivityManager( 1629): 	at com.android.server.am.ActivityManagerService.onTransact(ActivityManagerService.java:2935)
12-13 23:44:01.330 W/ActivityManager( 1629): 	at android.os.Binder.execTransact(Binder.java:674)
12-13 23:44:01.336 D/gralloc_ranchu( 1397): gralloc_alloc: Creating ashmem region of size 487424
12-13 23:44:01.356 W/PhoneWindow( 4533): Previously focused view reported id 2131296279 during save, but can't be found during restore.
12-13 23:44:01.362 D/StatusBar( 1734): disable<e i a s b h r c s q >
12-13 23:44:01.369 D/EGL_emulation( 1734): eglMakeCurrent: 0x946d0340: ver 3 0 (tinfo 0xa3a9ab60)
12-13 23:44:01.437 D/gralloc_ranchu( 1397): gralloc_alloc: Creating ashmem region of size 487424
12-13 23:44:01.468 D/gralloc_ranchu( 1397): gralloc_alloc: Creating ashmem region of size 487424
12-13 23:44:01.484 D/EGL_emulation( 1734): eglMakeCurrent: 0x946d0340: ver 3 0 (tinfo 0xa3a9ab60)
12-13 23:44:01.493 D/EGL_emulation( 1734): eglMakeCurrent: 0x946d0340: ver 3 0 (tinfo 0xa3a9ab60)
12-13 23:44:01.503 V/StatusBar( 1734): setLightsOn(true)
12-13 23:44:01.528 D/gralloc_ranchu( 1397): gralloc_alloc: Creating ashmem region of size 7753728
12-13 23:44:01.605 V/StatusBar( 1734): setLightsOn(true)
12-13 23:44:01.609 I/WindowManager( 1629): Screen frozen for +577ms due to Window{d6e9a09 u0 com.evancharlton.mileage/com.evancharlton.mileage.Mileage}
12-13 23:44:01.628 V/StatusBar( 1734): setLightsOn(true)
12-13 23:44:01.650 D/gralloc_ranchu( 1397): gralloc_alloc: Creating ashmem region of size 7753728
12-13 23:44:02.087 V/StatusBar( 1734): setLightsOn(true)
12-13 23:44:02.191 I/EventLogSendingHelper( 2209): Sending log events.
12-13 23:44:02.669 D/gralloc_ranchu( 1397): gralloc_alloc: Creating ashmem region of size 7753728
12-13 23:44:03.326 I/System.out( 4533): URI: //gesture
12-13 23:44:03.326 I/System.out( 4533): params: {json={"query_timeout":5.0,"gestures":[{"query_string":"android.widget.TabWidget descendant TextView index:1","touches":[{"x":50,"y":50,"offset_x":0,"offset_y":0,"wait":0.0,"time":0.2,"release":true,"query_string":null}]}]}
12-13 23:44:03.327 I/System.out( 4533): }
12-13 23:44:03.559 W/audio_hw_generic( 1391): Not supplying enough data to HAL, expected position 1202684 , only wrote 901440
12-13 23:44:03.608 W/audio_hw_generic( 1391): Not supplying enough data to HAL, expected position 901539 , only wrote 901440
12-13 23:44:03.609 W/ActivityManager( 1629): Bad activity token: android.os.BinderProxy@84f07d
12-13 23:44:03.609 W/ActivityManager( 1629): java.lang.ClassCastException: android.os.BinderProxy cannot be cast to com.android.server.am.ActivityRecord$Token
12-13 23:44:03.609 W/ActivityManager( 1629): 	at com.android.server.am.ActivityRecord.forTokenLocked(ActivityRecord.java:778)
12-13 23:44:03.609 W/ActivityManager( 1629): 	at com.android.server.am.ActivityRecord.isInStackLocked(ActivityRecord.java:2085)
12-13 23:44:03.609 W/ActivityManager( 1629): 	at com.android.server.am.ActivityRecord.getStackLocked(ActivityRecord.java:2090)
12-13 23:44:03.609 W/ActivityManager( 1629): 	at com.android.server.am.ActivityManagerService.getActivityDisplayId(ActivityManagerService.java:10406)
12-13 23:44:03.609 W/ActivityManager( 1629): 	at android.app.IActivityManager$Stub.onTransact(IActivityManager.java:2738)
12-13 23:44:03.609 W/ActivityManager( 1629): 	at com.android.server.am.ActivityManagerService.onTransact(ActivityManagerService.java:2935)
12-13 23:44:03.609 W/ActivityManager( 1629): 	at android.os.Binder.execTransact(Binder.java:674)
12-13 23:44:03.612 I/calabash( 4533): newActivity1
12-13 23:44:03.618 W/ActivityManager( 1629): Bad activity token: android.os.BinderProxy@84f07d
12-13 23:44:03.618 W/ActivityManager( 1629): java.lang.ClassCastException: android.os.BinderProxy cannot be cast to com.android.server.am.ActivityRecord$Token
12-13 23:44:03.618 W/ActivityManager( 1629): 	at com.android.server.am.ActivityRecord.forTokenLocked(ActivityRecord.java:778)
12-13 23:44:03.618 W/ActivityManager( 1629): 	at com.android.server.am.ActivityRecord.isInStackLocked(ActivityRecord.java:2085)
12-13 23:44:03.618 W/ActivityManager( 1629): 	at com.android.server.am.ActivityManagerService.setTaskDescription(ActivityManagerService.java:9988)
12-13 23:44:03.618 W/ActivityManager( 1629): 	at android.app.IActivityManager$Stub.onTransact(IActivityManager.java:2824)
12-13 23:44:03.618 W/ActivityManager( 1629): 	at com.android.server.am.ActivityManagerService.onTransact(ActivityManagerService.java:2935)
12-13 23:44:03.618 W/ActivityManager( 1629): 	at android.os.Binder.execTransact(Binder.java:674)
12-13 23:44:03.619 W/ActivityManager( 1629): Bad activity token: android.os.BinderProxy@84f07d
12-13 23:44:03.619 W/ActivityManager( 1629): java.lang.ClassCastException: android.os.BinderProxy cannot be cast to com.android.server.am.ActivityRecord$Token
12-13 23:44:03.619 W/ActivityManager( 1629): 	at com.android.server.am.ActivityRecord.forTokenLocked(ActivityRecord.java:778)
12-13 23:44:03.619 W/ActivityManager( 1629): 	at com.android.server.am.ActivityRecord.isInStackLocked(ActivityRecord.java:2085)
12-13 23:44:03.619 W/ActivityManager( 1629): 	at com.android.server.am.ActivityRecord.getStackLocked(ActivityRecord.java:2090)
12-13 23:44:03.619 W/ActivityManager( 1629): 	at com.android.server.am.ActivityManagerService.getActivityStackId(ActivityManagerService.java:10417)
12-13 23:44:03.619 W/ActivityManager( 1629): 	at android.app.IActivityManager$Stub.onTransact(IActivityManager.java:3548)
12-13 23:44:03.619 W/ActivityManager( 1629): 	at com.android.server.am.ActivityManagerService.onTransact(ActivityManagerService.java:2935)
12-13 23:44:03.619 W/ActivityManager( 1629): 	at android.os.Binder.execTransact(Binder.java:674)
12-13 23:44:03.650 W/ActivityManager( 1629): Bad activity token: android.os.BinderProxy@84f07d
12-13 23:44:03.650 W/ActivityManager( 1629): java.lang.ClassCastException: android.os.BinderProxy cannot be cast to com.android.server.am.ActivityRecord$Token
12-13 23:44:03.650 W/ActivityManager( 1629): 	at com.android.server.am.ActivityRecord.forTokenLocked(ActivityRecord.java:778)
12-13 23:44:03.650 W/ActivityManager( 1629): 	at com.android.server.am.ActivityRecord.isInStackLocked(ActivityRecord.java:2085)
12-13 23:44:03.650 W/ActivityManager( 1629): 	at com.android.server.am.ActivityManagerService.getActivityOptions(ActivityManagerService.java:13302)
12-13 23:44:03.650 W/ActivityManager( 1629): 	at android.app.IActivityManager$Stub.onTransact(IActivityManager.java:2910)
12-13 23:44:03.650 W/ActivityManager( 1629): 	at com.android.server.am.ActivityManagerService.onTransact(ActivityManagerService.java:2935)
12-13 23:44:03.650 W/ActivityManager( 1629): 	at android.os.Binder.execTransact(Binder.java:674)
12-13 23:44:03.651 W/ActivityManager( 1629): Bad activity token: android.os.BinderProxy@84f07d
12-13 23:44:03.651 W/ActivityManager( 1629): java.lang.ClassCastException: android.os.BinderProxy cannot be cast to com.android.server.am.ActivityRecord$Token
12-13 23:44:03.651 W/ActivityManager( 1629): 	at com.android.server.am.ActivityRecord.forTokenLocked(ActivityRecord.java:778)
12-13 23:44:03.651 W/ActivityManager( 1629): 	at com.android.server.am.ActivityRecord.isInStackLocked(ActivityRecord.java:2085)
12-13 23:44:03.651 W/ActivityManager( 1629): 	at com.android.server.am.ActivityManagerService.getActivityOptions(ActivityManagerService.java:13302)
12-13 23:44:03.651 W/ActivityManager( 1629): 	at android.app.IActivityManager$Stub.onTransact(IActivityManager.java:2910)
12-13 23:44:03.651 W/ActivityManager( 1629): 	at com.android.server.am.ActivityManagerService.onTransact(ActivityManagerService.java:2935)
12-13 23:44:03.651 W/ActivityManager( 1629): 	at android.os.Binder.execTransact(Binder.java:674)
12-13 23:44:03.673 I/Dialer  ( 2023): OmtpVvmCarrierCfgHlpr - OmtpEvent:CONFIG_STATUS_SMS_TIME_OUT
12-13 23:44:03.673 I/Dialer  ( 2023): RetryPolicy - discarding deferred status: configuration_state=4
12-13 23:44:03.677 I/Dialer  ( 2023): VvmTaskExecutor - no more tasks, stopping service if no task are added in 5000 millis
12-13 23:44:03.689 I/Dialer  ( 2023): VvmTaskReceiver - task received
12-13 23:44:03.690 I/Dialer  ( 2023): VvmTaskReceiver - TaskExecutor already running
12-13 23:44:03.690 I/Dialer  ( 2023): Task.createTask - create task:com.android.voicemail.impl.ActivationTask
12-13 23:44:03.691 I/Dialer  ( 2023): RetryPolicy - retry #1 for com.android.voicemail.impl.ActivationTask@c3acfcc queued, executing in 5000
12-13 23:44:03.691 I/Dialer  ( 2023): VvmTaskExecutor - com.android.voicemail.impl.ActivationTask@c3acfcc added
12-13 23:44:03.691 I/Dialer  ( 2023): VvmTaskExecutor - minimal wait time:5000
12-13 23:44:03.691 I/Dialer  ( 2023): VvmTaskExecutor - sleep for 5000 millis
12-13 23:44:03.712 I/zygote  ( 1629): Explicit concurrent copying GC freed 16787(1522KB) AllocSpace objects, 2(40KB) LOS objects, 37% free, 9MB/15MB, paused 475us total 84.200ms
12-13 23:44:03.735 D/Mileage ( 4533): Not enough fillups to calculate economy
12-13 23:44:03.888 E/SurfaceFlinger( 1414): ro.sf.lcd_density must be defined as a build property
12-13 23:44:03.907 D/gralloc_ranchu( 1397): gralloc_alloc: Creating ashmem region of size 8298496
12-13 23:44:03.928 D/        ( 4644): HostConnection::get() New Host Connection established 0xa98af800, tid 4644
12-13 23:44:04.264 I/System.out( 4533): URI: //gesture
12-13 23:44:04.264 I/System.out( 4533): params: {json={"query_timeout":5.0,"gestures":[{"query_string":"android.widget.TabWidget descendant TextView index:3","touches":[{"x":50,"y":50,"offset_x":0,"offset_y":0,"wait":0.0,"time":0.2,"release":true,"query_string":null}]}]}
12-13 23:44:04.264 I/System.out( 4533): }
12-13 23:44:04.519 W/ActivityManager( 1629): Bad activity token: android.os.BinderProxy@baf0d04
12-13 23:44:04.519 W/ActivityManager( 1629): java.lang.ClassCastException: android.os.BinderProxy cannot be cast to com.android.server.am.ActivityRecord$Token
12-13 23:44:04.519 W/ActivityManager( 1629): 	at com.android.server.am.ActivityRecord.forTokenLocked(ActivityRecord.java:778)
12-13 23:44:04.519 W/ActivityManager( 1629): 	at com.android.server.am.ActivityRecord.isInStackLocked(ActivityRecord.java:2085)
12-13 23:44:04.519 W/ActivityManager( 1629): 	at com.android.server.am.ActivityRecord.getStackLocked(ActivityRecord.java:2090)
12-13 23:44:04.519 W/ActivityManager( 1629): 	at com.android.server.am.ActivityManagerService.getActivityDisplayId(ActivityManagerService.java:10406)
12-13 23:44:04.519 W/ActivityManager( 1629): 	at android.app.IActivityManager$Stub.onTransact(IActivityManager.java:2738)
12-13 23:44:04.519 W/ActivityManager( 1629): 	at com.android.server.am.ActivityManagerService.onTransact(ActivityManagerService.java:2935)
12-13 23:44:04.519 W/ActivityManager( 1629): 	at android.os.Binder.execTransact(Binder.java:674)
12-13 23:44:04.520 I/calabash( 4533): newActivity1
12-13 23:44:04.525 W/ActivityManager( 1629): Bad activity token: android.os.BinderProxy@baf0d04
12-13 23:44:04.525 W/ActivityManager( 1629): java.lang.ClassCastException: android.os.BinderProxy cannot be cast to com.android.server.am.ActivityRecord$Token
12-13 23:44:04.525 W/ActivityManager( 1629): 	at com.android.server.am.ActivityRecord.forTokenLocked(ActivityRecord.java:778)
12-13 23:44:04.525 W/ActivityManager( 1629): 	at com.android.server.am.ActivityRecord.isInStackLocked(ActivityRecord.java:2085)
12-13 23:44:04.525 W/ActivityManager( 1629): 	at com.android.server.am.ActivityManagerService.setTaskDescription(ActivityManagerService.java:9988)
12-13 23:44:04.525 W/ActivityManager( 1629): 	at android.app.IActivityManager$Stub.onTransact(IActivityManager.java:2824)
12-13 23:44:04.525 W/ActivityManager( 1629): 	at com.android.server.am.ActivityManagerService.onTransact(ActivityManagerService.java:2935)
12-13 23:44:04.525 W/ActivityManager( 1629): 	at android.os.Binder.execTransact(Binder.java:674)
12-13 23:44:04.526 W/ActivityManager( 1629): Bad activity token: android.os.BinderProxy@baf0d04
12-13 23:44:04.526 W/ActivityManager( 1629): java.lang.ClassCastException: android.os.BinderProxy cannot be cast to com.android.server.am.ActivityRecord$Token
12-13 23:44:04.526 W/ActivityManager( 1629): 	at com.android.server.am.ActivityRecord.forTokenLocked(ActivityRecord.java:778)
12-13 23:44:04.526 W/ActivityManager( 1629): 	at com.android.server.am.ActivityRecord.isInStackLocked(ActivityRecord.java:2085)
12-13 23:44:04.526 W/ActivityManager( 1629): 	at com.android.server.am.ActivityRecord.getStackLocked(ActivityRecord.java:2090)
12-13 23:44:04.526 W/ActivityManager( 1629): 	at com.android.server.am.ActivityManagerService.getActivityStackId(ActivityManagerService.java:10417)
12-13 23:44:04.526 W/ActivityManager( 1629): 	at android.app.IActivityManager$Stub.onTransact(IActivityManager.java:3548)
12-13 23:44:04.526 W/ActivityManager( 1629): 	at com.android.server.am.ActivityManagerService.onTransact(ActivityManagerService.java:2935)
12-13 23:44:04.526 W/ActivityManager( 1629): 	at android.os.Binder.execTransact(Binder.java:674)
12-13 23:44:04.534 W/ActivityManager( 1629): Bad activity token: android.os.BinderProxy@baf0d04
12-13 23:44:04.534 W/ActivityManager( 1629): java.lang.ClassCastException: android.os.BinderProxy cannot be cast to com.android.server.am.ActivityRecord$Token
12-13 23:44:04.534 W/ActivityManager( 1629): 	at com.android.server.am.ActivityRecord.forTokenLocked(ActivityRecord.java:778)
12-13 23:44:04.534 W/ActivityManager( 1629): 	at com.android.server.am.ActivityRecord.isInStackLocked(ActivityRecord.java:2085)
12-13 23:44:04.534 W/ActivityManager( 1629): 	at com.android.server.am.ActivityManagerService.getActivityOptions(ActivityManagerService.java:13302)
12-13 23:44:04.534 W/ActivityManager( 1629): 	at android.app.IActivityManager$Stub.onTransact(IActivityManager.java:2910)
12-13 23:44:04.534 W/ActivityManager( 1629): 	at com.android.server.am.ActivityManagerService.onTransact(ActivityManagerService.java:2935)
12-13 23:44:04.534 W/ActivityManager( 1629): 	at android.os.Binder.execTransact(Binder.java:674)
12-13 23:44:04.535 W/ActivityManager( 1629): Bad activity token: android.os.BinderProxy@baf0d04
12-13 23:44:04.535 W/ActivityManager( 1629): java.lang.ClassCastException: android.os.BinderProxy cannot be cast to com.android.server.am.ActivityRecord$Token
12-13 23:44:04.535 W/ActivityManager( 1629): 	at com.android.server.am.ActivityRecord.forTokenLocked(ActivityRecord.java:778)
12-13 23:44:04.535 W/ActivityManager( 1629): 	at com.android.server.am.ActivityRecord.isInStackLocked(ActivityRecord.java:2085)
12-13 23:44:04.535 W/ActivityManager( 1629): 	at com.android.server.am.ActivityManagerService.getActivityOptions(ActivityManagerService.java:13302)
12-13 23:44:04.535 W/ActivityManager( 1629): 	at android.app.IActivityManager$Stub.onTransact(IActivityManager.java:2910)
12-13 23:44:04.535 W/ActivityManager( 1629): 	at com.android.server.am.ActivityManagerService.onTransact(ActivityManagerService.java:2935)
12-13 23:44:04.535 W/ActivityManager( 1629): 	at android.os.Binder.execTransact(Binder.java:674)
12-13 23:44:04.746 E/SurfaceFlinger( 1414): ro.sf.lcd_density must be defined as a build property
12-13 23:44:04.752 D/gralloc_ranchu( 1397): gralloc_alloc: Creating ashmem region of size 8298496
12-13 23:44:04.761 D/        ( 4650): HostConnection::get() New Host Connection established 0xb4eaf800, tid 4650
12-13 23:44:04.833 E/BatteryStatsService( 1629): modem info is invalid: ModemActivityInfo{ mTimestamp=0 mSleepTimeMs=0 mIdleTimeMs=0 mTxTimeMs[]=[0, 0, 0, 0, 0] mRxTimeMs=0 mEnergyUsed=0}
12-13 23:44:05.045 I/System.out( 4533): URI: //gesture
12-13 23:44:05.045 I/System.out( 4533): params: {json={"query_timeout":5.0,"gestures":[{"query_string":"android.widget.TabWidget descendant TextView index:2","touches":[{"x":50,"y":50,"offset_x":0,"offset_y":0,"wait":0.0,"time":0.2,"release":true,"query_string":null}]}]}
12-13 23:44:05.045 I/System.out( 4533): }
12-13 23:44:05.308 W/ActivityManager( 1629): Bad activity token: android.os.BinderProxy@824f00f
12-13 23:44:05.308 W/ActivityManager( 1629): java.lang.ClassCastException: android.os.BinderProxy cannot be cast to com.android.server.am.ActivityRecord$Token
12-13 23:44:05.308 W/ActivityManager( 1629): 	at com.android.server.am.ActivityRecord.forTokenLocked(ActivityRecord.java:778)
12-13 23:44:05.308 W/ActivityManager( 1629): 	at com.android.server.am.ActivityRecord.isInStackLocked(ActivityRecord.java:2085)
12-13 23:44:05.308 W/ActivityManager( 1629): 	at com.android.server.am.ActivityRecord.getStackLocked(ActivityRecord.java:2090)
12-13 23:44:05.308 W/ActivityManager( 1629): 	at com.android.server.am.ActivityManagerService.getActivityDisplayId(ActivityManagerService.java:10406)
12-13 23:44:05.308 W/ActivityManager( 1629): 	at android.app.IActivityManager$Stub.onTransact(IActivityManager.java:2738)
12-13 23:44:05.308 W/ActivityManager( 1629): 	at com.android.server.am.ActivityManagerService.onTransact(ActivityManagerService.java:2935)
12-13 23:44:05.308 W/ActivityManager( 1629): 	at android.os.Binder.execTransact(Binder.java:674)
12-13 23:44:05.321 I/calabash( 4533): newActivity1
12-13 23:44:05.333 W/ActivityManager( 1629): Bad activity token: android.os.BinderProxy@824f00f
12-13 23:44:05.333 W/ActivityManager( 1629): java.lang.ClassCastException: android.os.BinderProxy cannot be cast to com.android.server.am.ActivityRecord$Token
12-13 23:44:05.333 W/ActivityManager( 1629): 	at com.android.server.am.ActivityRecord.forTokenLocked(ActivityRecord.java:778)
12-13 23:44:05.333 W/ActivityManager( 1629): 	at com.android.server.am.ActivityRecord.isInStackLocked(ActivityRecord.java:2085)
12-13 23:44:05.333 W/ActivityManager( 1629): 	at com.android.server.am.ActivityManagerService.setTaskDescription(ActivityManagerService.java:9988)
12-13 23:44:05.333 W/ActivityManager( 1629): 	at android.app.IActivityManager$Stub.onTransact(IActivityManager.java:2824)
12-13 23:44:05.333 W/ActivityManager( 1629): 	at com.android.server.am.ActivityManagerService.onTransact(ActivityManagerService.java:2935)
12-13 23:44:05.333 W/ActivityManager( 1629): 	at android.os.Binder.execTransact(Binder.java:674)
12-13 23:44:05.334 W/ActivityManager( 1629): Bad activity token: android.os.BinderProxy@824f00f
12-13 23:44:05.334 W/ActivityManager( 1629): java.lang.ClassCastException: android.os.BinderProxy cannot be cast to com.android.server.am.ActivityRecord$Token
12-13 23:44:05.334 W/ActivityManager( 1629): 	at com.android.server.am.ActivityRecord.forTokenLocked(ActivityRecord.java:778)
12-13 23:44:05.334 W/ActivityManager( 1629): 	at com.android.server.am.ActivityRecord.isInStackLocked(ActivityRecord.java:2085)
12-13 23:44:05.334 W/ActivityManager( 1629): 	at com.android.server.am.ActivityRecord.getStackLocked(ActivityRecord.java:2090)
12-13 23:44:05.334 W/ActivityManager( 1629): 	at com.android.server.am.ActivityManagerService.getActivityStackId(ActivityManagerService.java:10417)
12-13 23:44:05.334 W/ActivityManager( 1629): 	at android.app.IActivityManager$Stub.onTransact(IActivityManager.java:3548)
12-13 23:44:05.334 W/ActivityManager( 1629): 	at com.android.server.am.ActivityManagerService.onTransact(ActivityManagerService.java:2935)
12-13 23:44:05.334 W/ActivityManager( 1629): 	at android.os.Binder.execTransact(Binder.java:674)
12-13 23:44:05.389 D/VehicleStatisticsActivity( 4533): Checking recalculation ...
12-13 23:44:05.391 D/VehicleStatisticsActivity( 4533): Recalculation not necessary.
12-13 23:44:05.396 W/ActivityManager( 1629): Bad activity token: android.os.BinderProxy@824f00f
12-13 23:44:05.396 W/ActivityManager( 1629): java.lang.ClassCastException: android.os.BinderProxy cannot be cast to com.android.server.am.ActivityRecord$Token
12-13 23:44:05.396 W/ActivityManager( 1629): 	at com.android.server.am.ActivityRecord.forTokenLocked(ActivityRecord.java:778)
12-13 23:44:05.396 W/ActivityManager( 1629): 	at com.android.server.am.ActivityRecord.isInStackLocked(ActivityRecord.java:2085)
12-13 23:44:05.396 W/ActivityManager( 1629): 	at com.android.server.am.ActivityManagerService.getActivityOptions(ActivityManagerService.java:13302)
12-13 23:44:05.396 W/ActivityManager( 1629): 	at android.app.IActivityManager$Stub.onTransact(IActivityManager.java:2910)
12-13 23:44:05.396 W/ActivityManager( 1629): 	at com.android.server.am.ActivityManagerService.onTransact(ActivityManagerService.java:2935)
12-13 23:44:05.396 W/ActivityManager( 1629): 	at android.os.Binder.execTransact(Binder.java:674)
12-13 23:44:05.396 W/ActivityManager( 1629): Bad activity token: android.os.BinderProxy@824f00f
12-13 23:44:05.396 W/ActivityManager( 1629): java.lang.ClassCastException: android.os.BinderProxy cannot be cast to com.android.server.am.ActivityRecord$Token
12-13 23:44:05.396 W/ActivityManager( 1629): 	at com.android.server.am.ActivityRecord.forTokenLocked(ActivityRecord.java:778)
12-13 23:44:05.396 W/ActivityManager( 1629): 	at com.android.server.am.ActivityRecord.isInStackLocked(ActivityRecord.java:2085)
12-13 23:44:05.396 W/ActivityManager( 1629): 	at com.android.server.am.ActivityManagerService.getActivityOptions(ActivityManagerService.java:13302)
12-13 23:44:05.396 W/ActivityManager( 1629): 	at android.app.IActivityManager$Stub.onTransact(IActivityManager.java:2910)
12-13 23:44:05.396 W/ActivityManager( 1629): 	at com.android.server.am.ActivityManagerService.onTransact(ActivityManagerService.java:2935)
12-13 23:44:05.396 W/ActivityManager( 1629): 	at android.os.Binder.execTransact(Binder.java:674)
12-13 23:44:05.402 D/VehicleStatisticsActivity( 4533): Checking recalculation ...
12-13 23:44:05.407 D/VehicleStatisticsActivity( 4533): Recalculation not necessary.
12-13 23:44:05.427 E/memtrack( 1629): Couldn't load memtrack module
12-13 23:44:05.427 W/android.os.Debug( 1629): failed to get memory consumption info: -1
12-13 23:44:05.485 I/zygote  ( 4533): Do full code cache collection, code=448KB, data=315KB
12-13 23:44:05.485 I/zygote  ( 4533): After code cache collection, code=433KB, data=252KB
12-13 23:44:05.514 W/RemoteFillService( 1629): Not handling { when=-3ms what=3 target=com.android.internal.os.HandlerCaller$MyHandler } as service for ComponentInfo{com.google.android.gms/com.google.android.gms.autofill.service.AutofillService} is already destroyed
12-13 23:44:05.615 E/SurfaceFlinger( 1414): ro.sf.lcd_density must be defined as a build property
12-13 23:44:05.622 D/gralloc_ranchu( 1397): gralloc_alloc: Creating ashmem region of size 8298496
12-13 23:44:05.633 D/        ( 4657): HostConnection::get() New Host Connection established 0xb3b2f800, tid 4657
12-13 23:44:05.930 I/System.out( 4533): URI: //gesture
12-13 23:44:05.930 I/System.out( 4533): params: {json={"query_timeout":5.0,"gestures":[{"query_string":"android.widget.TabWidget descendant TextView index:0","touches":[{"x":50,"y":50,"offset_x":0,"offset_y":0,"wait":0.0,"time":0.2,"release":true,"query_string":null}]}]}
12-13 23:44:05.930 I/System.out( 4533): }
12-13 23:44:06.272 W/View    ( 4533): dispatchProvideAutofillStructure(): not laid out, ignoring
12-13 23:44:06.278 I/chatty  ( 4533): uid=10182(u0_a182) com.evancharlton.mileage identical 3 lines
12-13 23:44:06.279 W/View    ( 4533): dispatchProvideAutofillStructure(): not laid out, ignoring
12-13 23:44:06.280 W/Binder  ( 1629): Outgoing transactions from this process must be FLAG_ONEWAY
12-13 23:44:06.280 W/Binder  ( 1629): java.lang.Throwable
12-13 23:44:06.280 W/Binder  ( 1629): 	at android.os.BinderProxy.transact(Binder.java:736)
12-13 23:44:06.280 W/Binder  ( 1629): 	at android.app.assist.AssistStructure$ParcelTransferReader.fetchData(AssistStructure.java:407)
12-13 23:44:06.280 W/Binder  ( 1629): 	at android.app.assist.AssistStructure$ParcelTransferReader.go(AssistStructure.java:343)
12-13 23:44:06.280 W/Binder  ( 1629): 	at android.app.assist.AssistStructure.ensureData(AssistStructure.java:2096)
12-13 23:44:06.280 W/Binder  ( 1629): 	at com.android.server.autofill.Session$1.send(Session.java:200)
12-13 23:44:06.280 W/Binder  ( 1629): 	at com.android.server.am.ActivityManagerService.reportAssistContextExtras(ActivityManagerService.java:13137)
12-13 23:44:06.280 W/Binder  ( 1629): 	at android.app.IActivityManager$Stub.onTransact(IActivityManager.java:2466)
12-13 23:44:06.280 W/Binder  ( 1629): 	at com.android.server.am.ActivityManagerService.onTransact(ActivityManagerService.java:2935)
12-13 23:44:06.280 W/Binder  ( 1629): 	at android.os.Binder.execTransact(Binder.java:674)
12-13 23:44:06.287 I/AssistStructure( 4533): Flattened final assist data: 10960 bytes, containing 1 windows, 49 views
12-13 23:44:06.289 E/memtrack( 1629): Couldn't load memtrack module
12-13 23:44:06.289 W/android.os.Debug( 1629): failed to get memory consumption info: -1
12-13 23:44:06.297 I/AssistStructure( 1629): Flattened final assist data: 9988 bytes, containing 1 windows, 49 views
12-13 23:44:06.298 W/lgq     ( 1938): Pending fill request while another request in the same session was triggered. [CONTEXT service_id=177 ]
12-13 23:44:06.431 E/SurfaceFlinger( 1414): ro.sf.lcd_density must be defined as a build property
12-13 23:44:06.439 D/gralloc_ranchu( 1397): gralloc_alloc: Creating ashmem region of size 8298496
12-13 23:44:06.450 D/        ( 4663): HostConnection::get() New Host Connection established 0xb59af800, tid 4663
