--------- beginning of main
12-14 03:32:20.586 D/WificondControl( 1629): Scan result ready event
12-14 03:32:22.479 D/BoundBrokerSvc( 2231): onUnbind: Intent { act=com.google.android.gms.auth.service.START pkg=com.google.android.gms }
12-14 03:32:22.858 D/BoundBrokerSvc( 2231): onUnbind: Intent { act=com.google.android.gms.checkin.START pkg=com.google.android.gms }
12-14 03:32:22.961 W/NamedFutures( 2173): Timeout future task has been cancelled: 10000 milliseconds
12-14 03:32:22.967 E/SearchServiceStarter( 2173): Task 174 failed or timed out. Client 9558563003339567 disconnecting from SearchService!
12-14 03:32:22.967 E/SearchServiceStarter( 2173): java.util.concurrent.CancellationException: Task was cancelled.
12-14 03:32:22.967 E/SearchServiceStarter( 2173): 	at com.google.common.util.concurrent.d.ct(SourceFile:75)
12-14 03:32:22.967 E/SearchServiceStarter( 2173): 	at com.google.common.util.concurrent.d.get(SourceFile:57)
12-14 03:32:22.967 E/SearchServiceStarter( 2173): 	at com.google.common.util.concurrent.cg.n(SourceFile:2)
12-14 03:32:22.967 E/SearchServiceStarter( 2173): 	at com.google.common.util.concurrent.av.l(SourceFile:50)
12-14 03:32:22.967 E/SearchServiceStarter( 2173): 	at com.google.common.util.concurrent.ax.run(SourceFile:5)
12-14 03:32:22.967 E/SearchServiceStarter( 2173): 	at com.google.android.apps.gsa.shared.util.concurrent.a.bc.run(SourceFile:2)
12-14 03:32:22.967 E/SearchServiceStarter( 2173): 	at android.os.Handler.handleCallback(Handler.java:789)
12-14 03:32:22.967 E/SearchServiceStarter( 2173): 	at android.os.Handler.dispatchMessage(Handler.java:98)
12-14 03:32:22.967 E/SearchServiceStarter( 2173): 	at android.os.Looper.loop(Looper.java:164)
12-14 03:32:22.967 E/SearchServiceStarter( 2173): 	at android.app.ActivityThread.main(ActivityThread.java:6541)
12-14 03:32:22.967 E/SearchServiceStarter( 2173): 	at java.lang.reflect.Method.invoke(Native Method)
12-14 03:32:22.967 E/SearchServiceStarter( 2173): 	at com.android.internal.os.Zygote$MethodAndArgsCaller.run(Zygote.java:240)
12-14 03:32:22.967 E/SearchServiceStarter( 2173): 	at com.android.internal.os.ZygoteInit.main(ZygoteInit.java:767)
12-14 03:32:23.010 I/Dialer  ( 2014): VvmTaskReceiver - task received
12-14 03:32:23.010 I/Dialer  ( 2014): VvmTaskReceiver - TaskExecutor already running
12-14 03:32:23.011 I/Dialer  ( 2014): Task.createTask - create task:com.android.voicemail.impl.ActivationTask
12-14 03:32:23.011 I/Dialer  ( 2014): TaskQueue.add - duplicated task added
12-14 03:32:23.011 I/Dialer  ( 2014): VvmTaskExecutor - com.android.voicemail.impl.ActivationTask@73805d8 added
12-14 03:32:23.021 I/DigitalWidgetProvider( 2003): onReceive: Intent { act=com.android.deskclock.ALARM_CHANGED flg=0x10 cmp=com.google.android.deskclock/com.android.alarmclock.DigitalAppWidgetProvider }
12-14 03:32:23.032 I/Finsky  ( 2571): [2] ycb.d(13): PackageMonitorReceiverImpl - Received: android.intent.action.PACKAGE_FULLY_REMOVED, [Hc-uu0eID9wC4ptvRCsWBIQPDhHxrgxu8bZlIwakNJw]
12-14 03:32:23.033 I/Finsky  ( 2571): [2] ydc.g(1): Invalidating cached PackageState for com.evancharlton.mileage.test
12-14 03:32:23.037 I/Finsky  ( 2571): [2] ouk.d(2): Frosting ID looked up on UI thread. Caller should move to a background thread.
12-14 03:32:23.040 I/Finsky  ( 2571): [2] qlq.s(2): Installer: package com.evancharlton.mileage.test was removed. replacing: false
12-14 03:32:23.041 I/Finsky  ( 2571): [2] qmo.L(12): Installer: Notifying status update. package=com.evancharlton.mileage.test, status=UNINSTALLED
12-14 03:32:23.041 I/Finsky  ( 2571): [2] alxk.a(3): Do not start WearSupportService due to Wear service optimization
12-14 03:32:23.042 I/Finsky  ( 2571): [2] alxk.a(3): Do not start WearSupportService due to Wear service optimization
12-14 03:32:23.043 I/Finsky  ( 2571): [2] adxl.a(8): Clearing split related stale data.
12-14 03:32:23.044 I/Finsky  ( 2571): [175] gvx.a(12): Asset module storage cleared for package com.evancharlton.mileage.test.
12-14 03:32:23.052 I/Finsky  ( 2571): [166] otx.run(16): Wrote row to frosting DB: 1584
12-14 03:32:23.054 I/Finsky  ( 2571): [161] rab.C(2): IQ: Notifying installation update. package=com.evancharlton.mileage.test, status=UNINSTALLED
12-14 03:32:23.055 I/Finsky  ( 2571): [2] qmo.O(7): Installer: found apps to install. isMultiUserMode=false, apps=[]
12-14 03:32:23.056 I/Finsky  ( 2571): [125] jmd.a(15): [ContentSync] finished, scheduled=false
12-14 03:32:23.063 I/ExposureNotification( 2231): Still can find package com.evancharlton.mileage.test after receive its fully removed broadcast, which was installed 8507 ms ago. Ignore the fully removed broadcast. [CONTEXT service_id=236 ]
12-14 03:32:23.064 D/BoundBrokerSvc( 2231): onBind: Intent { act=com.google.android.gms.common.BIND_SHARED_PREFS pkg=com.google.android.gms }
12-14 03:32:23.064 D/BoundBrokerSvc( 2231): Loading bound service for intent: Intent { act=com.google.android.gms.common.BIND_SHARED_PREFS pkg=com.google.android.gms }
12-14 03:32:23.067 D/BoundBrokerSvc( 2231): onUnbind: Intent { act=com.google.android.gms.common.BIND_SHARED_PREFS pkg=com.google.android.gms }
12-14 03:32:23.078 I/Finsky  ( 2571): [166] otx.run(16): Wrote row to frosting DB: 1585
12-14 03:32:23.086 I/Finsky  ( 2571): [161] rab.t(33): IQ: No matching installs to run for jobs: []
12-14 03:32:23.173 W/zygote  ( 3804): Unexpected CPU variant for X86 using defaults: x86
12-14 03:32:23.202 I/MultiDex( 3804): VM with version 2.1.0 has multidex support
12-14 03:32:23.202 I/MultiDex( 3804): install
12-14 03:32:23.202 I/MultiDex( 3804): VM has multidex support, MultiDex support library is disabled.
12-14 03:32:23.240 E/NetworkScheduler.ATC( 1943): Called cancelTask for already completed task com.google.android.videos/.service.drm.RefreshLicenseTaskService{u=0 tag="refresh_license_forced" trigger=window{start=0s,end=1s,earliest=0s,latest=0s} requirements=[NET_CONNECTED] attributes=[] scheduled=0s last_run=0s exec_window_multiplier=1.0000 jid=N/A status=PENDING retries=0 client_lib=MANCHEGO_GCM-10400000} :0 [CONTEXT service_id=218 ]
12-14 03:32:23.243 W/NetworkScheduler( 1943): Immediate task was not started com.google.android.videos/.service.drm.RefreshLicenseTaskService{u=0 tag="refresh_license_forced" trigger=window{start=0s,end=1s,earliest=0s,latest=0s} requirements=[NET_CONNECTED] attributes=[] scheduled=0s last_run=N/A exec_window_multiplier=1.0000 jid=N/A status=PENDING retries=0 client_lib=MANCHEGO_GCM-10400000}. Rescheduling immediate tasks can cause excessive battery drain.
12-14 03:32:23.320 I/Checkin ( 2231): [CheckinRequestProcessor] updateCheckinIdTokenFileFromResponse, Reading existing AID
12-14 03:32:23.335 I/zygote  ( 1943): Do partial code cache collection, code=504KB, data=316KB
12-14 03:32:23.345 I/zygote  ( 1943): After code cache collection, code=504KB, data=316KB
12-14 03:32:23.345 I/zygote  ( 1943): Increasing code cache capacity to 2MB
--------- beginning of system
12-14 03:32:23.385 I/ActivityManager( 1629): Killing 3211:com.android.settings/1000 (adj 906): empty #17
12-14 03:32:23.473 I/ActivityManager( 1629): Killing 3236:com.android.cellbroadcastreceiver/u0a5 (adj 906): empty #17
12-14 03:32:23.476 W/ActivityManager( 1629): Background start not allowed: service Intent { cmp=com.google.android.videos/.service.pinning.TransferService (has extras) } to com.google.android.videos/.service.pinning.TransferService from pid=3804 uid=10072 pkg=com.google.android.videos
12-14 03:32:23.481 I/Finsky  ( 2571): [110] daj.a(7): Received content filters request from com.google.android.videos
12-14 03:32:23.487 I/PlayMovies( 3804): RefreshLicenseTaskService.forceLicenseRefreshNow:66 Scheduled task now refresh_license_forced
12-14 03:32:23.487 I/PlayMovies( 3804): 
12-14 03:32:23.490 D/PlayMovies( 3804): PersistentCache.cleanup:104 Cache is below limit, no need to shrink: [size=0, limit=5242880]
12-14 03:32:23.490 D/PlayMovies( 3804): 
12-14 03:32:23.498 D/Primes  ( 3804): Package metric disabled.
12-14 03:32:23.498 D/Primes  ( 3804): Battery metric disabled
12-14 03:32:23.498 D/Primes  ( 3804): MagicEye logging metric disabled
12-14 03:32:23.500 D/CryptdConnector( 1629): SND -> {11 cryptfs getpwtype}
12-14 03:32:23.501 D/VoldCryptCmdListener( 1341): cryptfs getpwtype
12-14 03:32:23.502 D/CryptdConnector( 1629): RCV <- {213 11 default}
12-14 03:32:23.504 I/NetworkScheduler.Stats( 1943): Task com.google.android.videos/ finished executing. cause:7 result: 6 elapsed_millis: 70 uptime_millis: 70 exec_start_elapsed_seconds: 49 [CONTEXT service_id=218 ]
12-14 03:32:23.505 W/NetworkScheduler( 1943): No record of active task com.google.android.videos/.service.drm.RefreshLicenseTaskService{u=0 tag="refresh_license_forced" trigger=window{start=0s,end=1s,earliest=0s,latest=0s} requirements=[NET_CONNECTED] attributes=[] scheduled=0s last_run=0s exec_window_multiplier=1.0000 jid=N/A status=PENDING retries=0 client_lib=MANCHEGO_GCM-10400000}
12-14 03:32:23.694 I/PlayMovies( 3804): RefreshLicenseTaskService.onRunTask:96 On run task refresh_license_forced
12-14 03:32:23.694 I/PlayMovies( 3804): 
12-14 03:32:23.744 I/zygote  ( 2231): Deoptimizing boolean dbx.d(android.content.Context, dbv, java.lang.String) due to JIT inline cache
12-14 03:32:23.752 D/BoundBrokerSvc( 1943): onBind: Intent { act=com.google.android.gms.tapandpay.service.BIND cmp=com.google.android.gms/.chimera.PersistentApiService }
12-14 03:32:23.752 D/BoundBrokerSvc( 1943): Loading bound service for intent: Intent { act=com.google.android.gms.tapandpay.service.BIND cmp=com.google.android.gms/.chimera.PersistentApiService }
12-14 03:32:23.779 E/Pay     ( 2231): No account found on the task or the device. Notification task will not be rescheduled. [CONTEXT service_id=198 ]
12-14 03:32:23.838 I/zygote  ( 1943): Deoptimizing java.lang.String asqf.i(android.os.Bundle) due to JIT inline cache
12-14 03:32:23.949 E/NetworkScheduler.ATC( 1943): Called cancelTask for already completed task com.google.android.videos/.service.drm.RefreshLicenseTaskService{u=0 tag="refresh_license_forced" trigger=window{start=0s,end=1s,earliest=0s,latest=0s} requirements=[NET_CONNECTED] attributes=[] scheduled=0s last_run=0s exec_window_multiplier=1.0000 jid=N/A status=ACTIVE retries=0 client_lib=MANCHEGO_GCM-10400000} :0 [CONTEXT service_id=218 ]
12-14 03:32:23.950 W/NetworkScheduler( 1943): Immediate task was not started com.google.android.videos/.service.drm.RefreshLicenseTaskService{u=0 tag="refresh_license_forced" trigger=window{start=0s,end=1s,earliest=0s,latest=0s} requirements=[NET_CONNECTED] attributes=[] scheduled=0s last_run=N/A exec_window_multiplier=1.0000 jid=N/A status=PENDING retries=0 client_lib=MANCHEGO_GCM-10400000}. Rescheduling immediate tasks can cause excessive battery drain.
12-14 03:32:23.950 I/NetworkScheduler.Stats( 1943): Task com.google.android.videos/ started execution. cause:7 exec_start_elapsed_seconds: 50 [CONTEXT service_id=218 ]
12-14 03:32:23.950 I/NetworkScheduler.Stats( 1943): Task com.google.android.gms/com.google.android.gms.pay.gcmtask.PayGcmTaskService started execution. cause:7 exec_start_elapsed_seconds: 50 [CONTEXT service_id=218 ]
12-14 03:32:23.951 I/NetworkScheduler.Stats( 1943): Task com.google.android.videos/ finished executing. cause:7 result: 1 elapsed_millis: 80 uptime_millis: 79 exec_start_elapsed_seconds: 50 [CONTEXT service_id=218 ]
12-14 03:32:23.952 I/NetworkScheduler.Stats( 1943): Task com.google.android.gms/com.google.android.gms.pay.gcmtask.PayGcmTaskService finished executing. cause:7 result: 2 elapsed_millis: 72 uptime_millis: 72 exec_start_elapsed_seconds: 50 [CONTEXT service_id=218 ]
12-14 03:32:24.022 I/NetworkScheduler.Stats( 1943): Task com.google.android.gms/com.google.android.gms.clearcut.uploader.QosUploaderService started execution. cause:5 exec_start_elapsed_seconds: 50 [CONTEXT service_id=218 ]
12-14 03:32:24.046 I/PlayMovies( 3804): RefreshLicenseTaskService.onRunTask:96 On run task refresh_license
12-14 03:32:24.046 I/PlayMovies( 3804): 
12-14 03:32:24.051 I/NetworkScheduler.Stats( 1943): Task com.google.android.videos/ started execution. cause:5 exec_start_elapsed_seconds: 50 [CONTEXT service_id=218 ]
12-14 03:32:24.052 I/NetworkScheduler.Stats( 1943): Task com.google.android.gms/com.google.android.gms.clearcut.uploader.QosUploaderService finished executing. cause:5 result: 1 elapsed_millis: 65 uptime_millis: 65 exec_start_elapsed_seconds: 50 [CONTEXT service_id=218 ]
12-14 03:32:24.055 I/NetworkScheduler.Stats( 1943): Task com.google.android.videos/ finished executing. cause:5 result: 1 elapsed_millis: 14 uptime_millis: 14 exec_start_elapsed_seconds: 50 [CONTEXT service_id=218 ]
12-14 03:32:24.128 I/NetworkScheduler.Stats( 1943): Task com.google.android.gms/com.google.android.gms.gass.chimera.SchedulePeriodicTasksService started execution. cause:5 exec_start_elapsed_seconds: 50 [CONTEXT service_id=218 ]
12-14 03:32:24.206 I/NetworkScheduler.Stats( 1943): Task com.google.android.gms/com.google.android.gms.pay.gcmtask.PayGcmTaskService started execution. cause:5 exec_start_elapsed_seconds: 50 [CONTEXT service_id=218 ]
12-14 03:32:24.211 I/NetworkScheduler.Stats( 1943): Task com.google.android.gms/com.google.android.gms.gass.chimera.SchedulePeriodicTasksService finished executing. cause:5 result: 1 elapsed_millis: 125 uptime_millis: 125 exec_start_elapsed_seconds: 50 [CONTEXT service_id=218 ]
12-14 03:32:24.275 I/NetworkScheduler.Stats( 1943): Task com.google.android.gms/com.google.android.gms.pay.gcmtask.PayGcmTaskService started execution. cause:5 exec_start_elapsed_seconds: 51 [CONTEXT service_id=218 ]
12-14 03:32:24.277 I/Pay     ( 2231): Device does not support HCE. [CONTEXT service_id=198 ]
12-14 03:32:24.282 I/NetworkScheduler.Stats( 1943): Task com.google.android.gms/com.google.android.gms.pay.gcmtask.PayGcmTaskService finished executing. cause:5 result: 1 elapsed_millis: 116 uptime_millis: 116 exec_start_elapsed_seconds: 50 [CONTEXT service_id=218 ]
12-14 03:32:24.286 I/NetworkScheduler.Stats( 1943): Task com.google.android.gms/com.google.android.gms.pay.gcmtask.PayGcmTaskService finished executing. cause:5 result: 2 elapsed_millis: 34 uptime_millis: 34 exec_start_elapsed_seconds: 51 [CONTEXT service_id=218 ]
12-14 03:32:24.398 I/NetworkScheduler.Stats( 1943): Task com.google.android.gms/com.google.android.gms.pay.gcmtask.PayGcmTaskService started execution. cause:5 exec_start_elapsed_seconds: 51 [CONTEXT service_id=218 ]
12-14 03:32:24.399 I/NetworkScheduler.Stats( 1943): Task com.google.android.gms/com.google.android.gms.pay.gcmtask.PayGcmTaskService finished executing. cause:5 result: 1 elapsed_millis: 57 uptime_millis: 56 exec_start_elapsed_seconds: 51 [CONTEXT service_id=218 ]
12-14 03:32:24.432 D/        ( 3600): HostConnection::get() New Host Connection established 0xa4a20640, tid 3611
12-14 03:32:24.443 D/EGL_emulation( 3600): eglCreateContext: 0x8dadc8c0: maj 3 min 0 rcv 3
12-14 03:32:24.451 D/EGL_emulation( 3600): eglMakeCurrent: 0x8dadc8c0: ver 3 0 (tinfo 0xa4a034e0)
12-14 03:32:24.451 E/eglCodecCommon( 3600): glUtilsParamSize: unknow param 0x00008cdf
12-14 03:32:24.451 E/eglCodecCommon( 3600): glUtilsParamSize: unknow param 0x00008cdf
12-14 03:32:24.451 E/eglCodecCommon( 3600): glUtilsParamSize: unknow param 0x00008824
12-14 03:32:24.452 E/eglCodecCommon( 3600): glUtilsParamSize: unknow param 0x00008824
12-14 03:32:24.475 I/NetworkScheduler.Stats( 1943): Task com.google.android.gms/com.google.android.gms.pay.gcmtask.PayGcmTaskService started execution. cause:5 exec_start_elapsed_seconds: 51 [CONTEXT service_id=218 ]
12-14 03:32:24.505 D/EGL_emulation( 3600): eglCreateContext: 0x8dadcaa0: maj 3 min 0 rcv 3
12-14 03:32:24.508 D/EGL_emulation( 3600): eglMakeCurrent: 0x8dadcaa0: ver 3 0 (tinfo 0xa4a034e0)
12-14 03:32:24.509 E/eglCodecCommon( 3600): glUtilsParamSize: unknow param 0x00008cdf
12-14 03:32:24.509 E/eglCodecCommon( 3600): glUtilsParamSize: unknow param 0x00008cdf
12-14 03:32:24.509 E/eglCodecCommon( 3600): glUtilsParamSize: unknow param 0x00008824
12-14 03:32:24.509 E/eglCodecCommon( 3600): glUtilsParamSize: unknow param 0x00008824
12-14 03:32:24.559 I/MicroDetectionWorker( 2173): #updateMicroDetector [detectionMode: [mDetectionMode: [1]]]
12-14 03:32:24.559 I/MicroDetectionWorker( 2173): #startMicroDetector [speakerMode: 0]
12-14 03:32:24.559 I/AudioController( 2173): Using mInputStreamFactoryBuilder
12-14 03:32:24.560 I/NetworkScheduler.Stats( 1943): Task com.google.android.gms/com.google.android.gms.pay.gcmtask.PayGcmTaskService started execution. cause:5 exec_start_elapsed_seconds: 51 [CONTEXT service_id=218 ]
12-14 03:32:24.560 I/MicroDetectionWorker( 2173): onReady
12-14 03:32:24.561 I/MicroRecognitionRunner( 2173): Starting detection.
12-14 03:32:24.562 I/MicrophoneInputStream( 2173): mic_starting com.google.android.apps.gsa.staticplugins.aa.c@3822581
12-14 03:32:24.566 I/Pay     ( 2231): Migration flag not enabled. [CONTEXT service_id=198 ]
12-14 03:32:24.569 D/BoundBrokerSvc( 2231): onBind: Intent { act=com.google.android.gms.pay.service.BIND cmp=com.google.android.gms/.chimera.GmsApiService }
12-14 03:32:24.569 D/BoundBrokerSvc( 2231): Loading bound service for intent: Intent { act=com.google.android.gms.pay.service.BIND cmp=com.google.android.gms/.chimera.GmsApiService }
12-14 03:32:24.573 I/jgl     ( 2231): Primes not initialized, returning default (no-op) Primes instance which will ignore all calls. Please call Primes.initialize(...) before using any Primes API.
12-14 03:32:24.579 I/MicrophoneInputStream( 2173): mic_started com.google.android.apps.gsa.staticplugins.aa.c@3822581
12-14 03:32:24.580 E/ActivityThread( 2173): Failed to find provider info for com.google.android.apps.gsa.testing.ui.audio.recorded
12-14 03:32:24.581 I/MicroDetectionWorker( 2173): onReady
12-14 03:32:24.582 I/MicrophoneInputStream( 2173): mic_close com.google.android.apps.gsa.staticplugins.aa.c@3822581
12-14 03:32:24.583 I/AudioFlinger( 1475): AudioFlinger's thread 0xafc83cc0 tid=3854 ready to run
12-14 03:32:24.583 I/MicroRecognitionRunner( 2173): Detection finished
12-14 03:32:24.584 W/ErrorReporter( 2173): reportError [type: 211, code: 524300]: Error reading from input stream
12-14 03:32:24.584 I/MicroRecognitionRunner( 2173): Stopping hotword detection.
12-14 03:32:24.585 W/ErrorProcessor( 2173): onFatalError, processing error from engine(4)
12-14 03:32:24.585 W/ErrorProcessor( 2173): com.google.android.apps.gsa.shared.speech.b.g: Error reading from input stream
12-14 03:32:24.585 W/ErrorProcessor( 2173): 	at com.google.android.apps.gsa.staticplugins.recognizer.j.a.a(SourceFile:28)
12-14 03:32:24.585 W/ErrorProcessor( 2173): 	at com.google.android.apps.gsa.staticplugins.recognizer.j.b.run(SourceFile:15)
12-14 03:32:24.585 W/ErrorProcessor( 2173): 	at java.util.concurrent.Executors$RunnableAdapter.call(Executors.java:457)
12-14 03:32:24.585 W/ErrorProcessor( 2173): 	at java.util.concurrent.FutureTask.run(FutureTask.java:266)
12-14 03:32:24.585 W/ErrorProcessor( 2173): 	at com.google.android.apps.gsa.shared.util.concurrent.a.ax.run(SourceFile:14)
12-14 03:32:24.585 W/ErrorProcessor( 2173): 	at com.google.android.apps.gsa.shared.util.concurrent.a.bl.run(SourceFile:4)
12-14 03:32:24.585 W/ErrorProcessor( 2173): 	at com.google.android.apps.gsa.shared.util.concurrent.a.bl.run(SourceFile:4)
12-14 03:32:24.585 W/ErrorProcessor( 2173): 	at java.util.concurrent.ThreadPoolExecutor.runWorker(ThreadPoolExecutor.java:1162)
12-14 03:32:24.585 W/ErrorProcessor( 2173): 	at java.util.concurrent.ThreadPoolExecutor$Worker.run(ThreadPoolExecutor.java:636)
12-14 03:32:24.585 W/ErrorProcessor( 2173): 	at java.lang.Thread.run(Thread.java:764)
12-14 03:32:24.585 W/ErrorProcessor( 2173): 	at com.google.android.apps.gsa.shared.util.concurrent.a.ai.run(SourceFile:6)
12-14 03:32:24.585 W/ErrorProcessor( 2173): Caused by: com.google.android.apps.gsa.shared.exception.GsaIOException: Error code: 393238 | Buffer overflow, no available space.
12-14 03:32:24.585 W/ErrorProcessor( 2173): 	at com.google.android.apps.gsa.speech.audio.Tee.f(SourceFile:103)
12-14 03:32:24.585 W/ErrorProcessor( 2173): 	at com.google.android.apps.gsa.speech.audio.au.read(SourceFile:2)
12-14 03:32:24.585 W/ErrorProcessor( 2173): 	at java.io.InputStream.read(InputStream.java:101)
12-14 03:32:24.585 W/ErrorProcessor( 2173): 	at com.google.android.apps.gsa.speech.audio.ao.run(SourceFile:18)
12-14 03:32:24.585 W/ErrorProcessor( 2173): 	at com.google.android.apps.gsa.speech.audio.an.run(SourceFile:2)
12-14 03:32:24.585 W/ErrorProcessor( 2173): 	... 9 more
12-14 03:32:24.585 I/AudioController( 2173): internalShutdown
12-14 03:32:24.598 I/MicroDetector( 2173): Keeping mic open: false
12-14 03:32:24.598 I/MicroDetectionWorker( 2173): #onError(false)
12-14 03:32:24.599 I/DeviceStateChecker( 2173): DeviceStateChecker cancelled
12-14 03:32:24.609 W/SystemServiceRegistry( 3600): No service published for: persistent_data_block
12-14 03:32:24.597 W/Binder:3600_1( 3600): type=1400 audit(0.0:20): avc: denied { read } for name="modules" dev="proc" ino=4026532034 scontext=u:r:priv_app:s0:c512,c768 tcontext=u:object_r:proc_modules:s0 tclass=file permissive=0
12-14 03:32:24.627 I/Pay     ( 2231): Migration already completed. [CONTEXT service_id=198 ]
12-14 03:32:24.630 I/Pay     ( 2231): Migration already completed. [CONTEXT service_id=198 ]
12-14 03:32:24.635 I/NetworkScheduler.Stats( 1943): Task com.google.android.gms/com.google.android.gms.pay.gcmtask.PayGcmTaskService finished executing. cause:5 result: 1 elapsed_millis: 199 uptime_millis: 199 exec_start_elapsed_seconds: 51 [CONTEXT service_id=218 ]
12-14 03:32:24.645 I/Pay     ( 2231): Migration already completed. [CONTEXT service_id=198 ]
12-14 03:32:24.645 I/Pay     ( 2231): Migration flag not enabled. [CONTEXT service_id=198 ]
12-14 03:32:24.647 I/Pay     ( 2231): Migration already completed. [CONTEXT service_id=198 ]
12-14 03:32:24.647 I/Pay     ( 2231): Migration flag not enabled. [CONTEXT service_id=198 ]
12-14 03:32:24.728 I/NetworkScheduler.Stats( 1943): Task com.google.android.gms/com.google.android.gms.tapandpay.gcmtask.TapAndPayGcmTaskService started execution. cause:5 exec_start_elapsed_seconds: 51 [CONTEXT service_id=218 ]
12-14 03:32:24.738 I/NetworkScheduler.Stats( 1943): Task com.google.android.gms/com.google.android.gms.pay.gcmtask.PayGcmTaskService finished executing. cause:5 result: 1 elapsed_millis: 226 uptime_millis: 226 exec_start_elapsed_seconds: 51 [CONTEXT service_id=218 ]
12-14 03:32:24.740 I/NetworkScheduler.Stats( 1943): Task com.google.android.gms/com.google.android.gms.tapandpay.gcmtask.TapAndPayGcmTaskService finished executing. cause:5 result: 1 elapsed_millis: 43 uptime_millis: 43 exec_start_elapsed_seconds: 51 [CONTEXT service_id=218 ]
12-14 03:32:24.781 W/Conscrypt( 2231): Could not set socket write timeout: java.net.SocketException: Socket closed
12-14 03:32:24.784 W/Conscrypt( 2231): 	at com.google.android.gms.org.conscrypt.Platform.setSocketWriteTimeout(:com.google.android.gms@204713022@20.47.13 (040700-344095733):2)
12-14 03:32:24.784 W/Conscrypt( 2231): 	at com.google.android.gms.org.conscrypt.ConscryptFileDescriptorSocket.setSoWriteTimeout(:com.google.android.gms@204713022@20.47.13 (040700-344095733):0)
12-14 03:32:24.806 I/NetworkScheduler.Stats( 1943): Task com.google.android.gms/com.google.android.gms.tapandpay.gcmtask.TapAndPayGcmTaskService started execution. cause:5 exec_start_elapsed_seconds: 51 [CONTEXT service_id=218 ]
12-14 03:32:24.864 I/NetworkScheduler.Stats( 1943): Task com.google.android.gms/com.google.android.gms.tapandpay.gcmtask.TapAndPayGcmTaskService started execution. cause:5 exec_start_elapsed_seconds: 51 [CONTEXT service_id=218 ]
12-14 03:32:24.880 W/Conscrypt( 2231): Could not set socket write timeout: java.net.SocketException: Socket closed
12-14 03:32:24.880 W/Conscrypt( 2231): 	at com.google.android.gms.org.conscrypt.Platform.setSocketWriteTimeout(:com.google.android.gms@204713022@20.47.13 (040700-344095733):2)
12-14 03:32:24.880 W/Conscrypt( 2231): 	at com.google.android.gms.org.conscrypt.ConscryptFileDescriptorSocket.setSoWriteTimeout(:com.google.android.gms@204713022@20.47.13 (040700-344095733):0)
12-14 03:32:24.892 I/NetworkScheduler.Stats( 1943): Task com.google.android.gms/com.google.android.gms.tapandpay.gcmtask.TapAndPayGcmTaskService finished executing. cause:5 result: 1 elapsed_millis: 118 uptime_millis: 118 exec_start_elapsed_seconds: 51 [CONTEXT service_id=218 ]
12-14 03:32:24.896 I/NetworkScheduler.Stats( 1943): Task com.google.android.gms/com.google.android.gms.tapandpay.gcmtask.TapAndPayGcmTaskService finished executing. cause:5 result: 1 elapsed_millis: 60 uptime_millis: 60 exec_start_elapsed_seconds: 51 [CONTEXT service_id=218 ]
12-14 03:32:24.976 V/LifecycleAwareServiceBi( 2571): notify unbound
12-14 03:32:24.976 V/LifecycleAwareServiceBi( 2571): com.google.common.flogger.LogSiteStackTrace: MEDIUM
12-14 03:32:24.976 V/LifecycleAwareServiceBi( 2571): 	at com.google.frameworks.client.data.android.binder.LifecycleAwareServiceBinding.h(PG:1)
12-14 03:32:24.976 V/LifecycleAwareServiceBi( 2571): 	at axqg.run(Unknown Source:4)
12-14 03:32:24.976 V/LifecycleAwareServiceBi( 2571): 	at android.os.Handler.handleCallback(Handler.java:789)
12-14 03:32:24.976 V/LifecycleAwareServiceBi( 2571): 	at android.os.Handler.dispatchMessage(Handler.java:98)
12-14 03:32:24.976 V/LifecycleAwareServiceBi( 2571): 	at android.os.Looper.loop(Looper.java:164)
12-14 03:32:24.976 V/LifecycleAwareServiceBi( 2571): 	at android.app.ActivityThread.main(ActivityThread.java:6541)
12-14 03:32:24.976 V/LifecycleAwareServiceBi( 2571): 	at java.lang.reflect.Method.invoke(Native Method)
12-14 03:32:24.976 V/LifecycleAwareServiceBi( 2571): 	at com.android.internal.os.Zygote$MethodAndArgsCaller.run(Zygote.java:240)
12-14 03:32:24.976 V/LifecycleAwareServiceBi( 2571): 	at com.android.internal.os.ZygoteInit.main(ZygoteInit.java:767)
12-14 03:32:24.976 V/LifecycleAwareServiceBi( 2571): notify unbound - notifying
12-14 03:32:24.976 I/Finsky:download_service( 2685): [2] sxn.onDestroy(8): IPC-SERVER: Stopping gRPC host service...
12-14 03:32:24.982 I/NetworkScheduler.Stats( 1943): Task com.google.android.gms/com.google.android.gms.udc.service.UdcContextInitService started execution. cause:5 exec_start_elapsed_seconds: 51 [CONTEXT service_id=218 ]
12-14 03:32:25.030 I/NetworkScheduler.Stats( 1943): Task com.google.android.videos/ started execution. cause:5 exec_start_elapsed_seconds: 51 [CONTEXT service_id=218 ]
12-14 03:32:25.032 I/PlayMovies( 3804): RefreshLicenseTaskService.onRunTask:96 On run task refresh_license_forced
12-14 03:32:25.032 I/PlayMovies( 3804): 
12-14 03:32:25.056 I/NetworkScheduler.Stats( 1943): Task com.google.android.videos/ finished executing. cause:5 result: 1 elapsed_millis: 38 uptime_millis: 38 exec_start_elapsed_seconds: 51 [CONTEXT service_id=218 ]
12-14 03:32:25.067 I/NetworkScheduler.Stats( 1943): Task com.google.android.gms/com.google.android.gms.udc.service.UdcContextInitService finished executing. cause:5 result: 1 elapsed_millis: 138 uptime_millis: 138 exec_start_elapsed_seconds: 51 [CONTEXT service_id=218 ]
12-14 03:32:26.144 D/BoundBrokerSvc( 2231): onUnbind: Intent { act=com.google.android.gms.feedback.internal.IFeedbackService cmp=com.google.android.gms/.chimera.GmsBoundBrokerService }
12-14 03:32:26.212 D/BoundBrokerSvc( 1943): onUnbind: Intent { act=com.google.android.gms.usagereporting.service.START pkg=com.google.android.gms }
12-14 03:32:26.341 I/Checkin ( 2231): [CheckinRequestProcessor] Default Task : Checkin Succeeded: https://android.googleapis.com/checkin (fragment #1).
12-14 03:32:26.361 W/BroadcastQueue( 1629): Permission Denial: broadcasting Intent { act=com.google.android.checkin.CHECKIN_COMPLETE flg=0x1000010 (has extras) } from com.google.android.gms (pid=2231, uid=10011) is not exported from uid 10023 due to receiver com.android.vending/com.google.android.finsky.checkin.CheckinReceiver
12-14 03:32:26.417 I/Checkin ( 2231): [CheckinOperation] Checkin Operation finished with result: 0 finish time: 53214.
12-14 03:32:26.614 D/AndroidRuntime( 3864): >>>>>> START com.android.internal.os.RuntimeInit uid 2000 <<<<<<
12-14 03:32:26.646 W/app_process( 3864): Unexpected CPU variant for X86 using defaults: x86
12-14 03:32:26.660 D/AndroidRuntime( 3864): Calling main entry com.android.commands.am.Am
12-14 03:32:26.664 I/ActivityManager( 1629): Force stopping com.evancharlton.mileage appid=10416 user=0: start instr
12-14 03:32:26.664 I/ActivityManager( 1629): Killing 3714:com.evancharlton.mileage/u0a416 (adj 0): stop com.evancharlton.mileage
12-14 03:32:26.664 W/ActivityManager( 1629): Crash of app com.evancharlton.mileage running instrumentation ComponentInfo{com.evancharlton.mileage.test/sh.calaba.instrumentationbackend.ClearAppData2}
12-14 03:32:26.664 I/ActivityManager( 1629): Force stopping com.evancharlton.mileage appid=10416 user=0: finished inst
12-14 03:32:26.674 I/zygote  ( 3874): Not late-enabling -Xcheck:jni (already on)
12-14 03:32:26.679 I/ActivityManager( 1629): Start proc 3874:com.evancharlton.mileage/u0a416 for added application com.evancharlton.mileage
12-14 03:32:26.680 D/AndroidRuntime( 3864): Shutting down VM
12-14 03:32:26.689 W/zygote  ( 3874): Unexpected CPU variant for X86 using defaults: x86
12-14 03:32:26.698 I/ActivityManager( 1629): Killing 3272:com.google.android.apps.maps/u0a59 (adj 906): empty #17
12-14 03:32:26.707 E/adbd    ( 1365): failed to connect to socket 'tcp:7102': Connection refused
12-14 03:32:26.711 E/adbd    ( 1365): failed to connect to socket 'tcp:7102': Connection refused
12-14 03:32:26.720 W/zygote  ( 3874): Found duplicate classes, falling back to extracting from APK : /data/app/com.evancharlton.mileage.test-1BKyuZacYJ54dTeWWmr6fQ==/base.apk
12-14 03:32:26.720 W/zygote  ( 3874): NOTE: This wastes RAM and hurts startup performance.
12-14 03:32:26.720 W/zygote  ( 3874): Found duplicated class when checking oat files: 'Ljunit/runner/BaseTestRunner;' in /data/app/com.evancharlton.mileage.test-1BKyuZacYJ54dTeWWmr6fQ==/base.apk and /system/framework/android.test.runner.jar
12-14 03:32:26.720 W/zygote  ( 3874): 
12-14 03:32:26.748 W/System  ( 3874): ClassLoader referenced unknown path: 
12-14 03:32:26.755 D/BoundBrokerSvc( 2231): onUnbind: Intent { act=com.google.android.gms.people.service.START pkg=com.google.android.gms }
12-14 03:32:26.768 I/System.out( 3874): Main activity name automatically set to: com.evancharlton.mileage.Mileage
12-14 03:32:26.768 I/System.out( 3874): Calabash did not load Mono. This is only a problem if you are trying to test a Mono application
12-14 03:32:26.768 I/calabash( 3874): Test server port: 7102
12-14 03:32:26.771 I/InstrumentationBackend( 3874): Added:'GetPreferences', with key:'get_preferences'
12-14 03:32:26.827 E/adbd    ( 1365): failed to connect to socket 'tcp:7102': Connection refused
12-14 03:32:26.829 E/adbd    ( 1365): failed to connect to socket 'tcp:7102': Connection refused
12-14 03:32:26.832 I/InstrumentationBackend( 3874): Added:'SetPreferences', with key:'set_preferences'
12-14 03:32:26.832 I/InstrumentationBackend( 3874): Added:'ClearPreferences', with key:'clear_preferences'
12-14 03:32:26.833 I/InstrumentationBackend( 3874): Added:'PressElement', with key:'press_l10n_element'
12-14 03:32:26.833 I/InstrumentationBackend( 3874): Added:'WaitForElement', with key:'wait_for_l10n_element'
12-14 03:32:26.834 I/InstrumentationBackend( 3874): Added:'NullAction', with key:'nullAction'
12-14 03:32:26.834 I/InstrumentationBackend( 3874): Added:'PressKey', with key:'press_key'
12-14 03:32:26.834 I/InstrumentationBackend( 3874): Added:'SetActivityOrientation', with key:'set_activity_orientation'
12-14 03:32:26.834 I/InstrumentationBackend( 3874): Added:'GetActivityOrientation', with key:'get_activity_orientation'
12-14 03:32:26.835 I/InstrumentationBackend( 3874): Added:'FakeGPSLocation', with key:'set_gps_coordinates'
12-14 03:32:26.835 I/InstrumentationBackend( 3874): Added:'SetPropertyByCssSelector', with key:'set_property_by_css_selector'
12-14 03:32:26.837 I/InstrumentationBackend( 3874): Added:'GetUrl', with key:'get_url'
12-14 03:32:26.839 I/InstrumentationBackend( 3874): Added:'ScrollTo', with key:'scroll_to'
12-14 03:32:26.839 I/InstrumentationBackend( 3874): Added:'GetLoadProgress', with key:'get_load_progress'
12-14 03:32:26.839 I/InstrumentationBackend( 3874): Added:'DumpHtml', with key:'dump_html'
12-14 03:32:26.840 I/InstrumentationBackend( 3874): Added:'DumpBodyHtml', with key:'dump_body_html'
12-14 03:32:26.840 I/InstrumentationBackend( 3874): Added:'EnterTextByCssSelector', with key:'enter_text_by_selector'
12-14 03:32:26.845 I/InstrumentationBackend( 3874): Added:'AndroidSDKVersion', with key:'android_sdk_version'
12-14 03:32:26.845 I/InstrumentationBackend( 3874): Added:'Version', with key:'version'
12-14 03:32:26.845 I/InstrumentationBackend( 3874): Added:'Drag', with key:'drag'
12-14 03:32:26.846 I/InstrumentationBackend( 3874): Added:'TouchCoordinates', with key:'touch_coordinate'
12-14 03:32:26.846 I/InstrumentationBackend( 3874): Added:'LongPressCoordinate', with key:'long_press_coordinate'
12-14 03:32:26.846 I/InstrumentationBackend( 3874): Added:'DragCoordinates', with key:'drag_coordinates'
12-14 03:32:26.846 I/InstrumentationBackend( 3874): Added:'ResumeApplication', with key:'resume_application'
12-14 03:32:26.847 I/InstrumentationBackend( 3874): Added:'Swipe', with key:'swipe'
12-14 03:32:26.847 I/InstrumentationBackend( 3874): Added:'DoubleTapCoordinate', with key:'double_tap_coordinate'
12-14 03:32:26.847 I/InstrumentationBackend( 3874): Added:'ClickOnScreen', with key:'click_on_screen'
12-14 03:32:26.849 I/InstrumentationBackend( 3874): Added:'GetActivityName', with key:'get_activity_name'
12-14 03:32:26.849 I/InstrumentationBackend( 3874): Added:'ScrollToView', with key:'scroll_to_view'
12-14 03:32:26.850 I/InstrumentationBackend( 3874): Added:'ViewConfiguration', with key:'view_configuration'
12-14 03:32:26.850 I/InstrumentationBackend( 3874): Added:'IsCurrentActivityFocused', with key:'is_current_activity_focused'
12-14 03:32:26.850 I/InstrumentationBackend( 3874): Added:'SendTcp', with key:'send_tcp'
12-14 03:32:26.851 I/InstrumentationBackend( 3874): Added:'DpToDevicePixel', with key:'dp_to_device_pixel'
12-14 03:32:26.851 I/InstrumentationBackend( 3874): Added:'KeyboardEnterText', with key:'keyboard_enter_text'
12-14 03:32:26.852 I/InstrumentationBackend( 3874): Added:'DeleteSurroundingText', with key:'delete_surrounding_text'
12-14 03:32:26.853 I/InstrumentationBackend( 3874): Added:'SetComposingRegion', with key:'set_composing_region'
12-14 03:32:26.853 I/InstrumentationBackend( 3874): Added:'SetSelection', with key:'set_selection'
12-14 03:32:26.854 I/InstrumentationBackend( 3874): Added:'KeyboardKeyEvent', with key:'keyboard_key_event'
12-14 03:32:26.854 I/InstrumentationBackend( 3874): Added:'PressUserActionButton', with key:'press_user_action_button'
12-14 03:32:26.855 I/InstrumentationBackend( 3874): Added:'HideSoftKeyboard', with key:'hide_soft_keyboard'
12-14 03:32:26.856 I/InstrumentationBackend( 3874): Added:'ListActions', with key:'list_actions'
12-14 03:32:26.856 I/calabash( 3874): Instantiating http server at 7102
12-14 03:32:26.857 I/System.out( 3874): HTTP Daemon listening on: 7102
12-14 03:32:26.956 I/System.out( 3874): URI: //ping
12-14 03:32:26.956 I/System.out( 3874): params: {json={}
12-14 03:32:26.957 I/System.out( 3874): }
12-14 03:32:26.967 I/zygote  ( 1943): Deoptimizing bsbk brqx.D(int) due to JIT inline cache
12-14 03:32:26.972 W/ResourceType( 1629): ResTable_typeSpec entry count inconsistent: given 67, previously 69
12-14 03:32:26.972 W/ResourceType( 1629): ResTable_typeSpec entry count inconsistent: given 5411, previously 5412
12-14 03:32:26.972 I/InputReader( 1629): Reconfiguring input devices.  changes=0x00000010
12-14 03:32:26.972 W/ResourceType( 1629): ResTable_typeSpec entry count inconsistent: given 67, previously 69
12-14 03:32:26.972 W/ResourceType( 1629): ResTable_typeSpec entry count inconsistent: given 5411, previously 5412
12-14 03:32:26.973 W/ResourceType( 1629): ResTable_typeSpec entry count inconsistent: given 67, previously 69
12-14 03:32:26.973 W/ResourceType( 1629): ResTable_typeSpec entry count inconsistent: given 5411, previously 5412
12-14 03:32:27.006 I/System.out( 3874): URI: //ping
12-14 03:32:27.006 I/System.out( 3874): params: {json={}
12-14 03:32:27.006 I/System.out( 3874): }
12-14 03:32:27.007 I/ActivityManager( 1629): Killing 3318:com.google.android.apps.messaging:rcs/u0a66 (adj 906): empty #17
12-14 03:32:27.010 I/Telecom ( 1629): DefaultDialerCache: Refreshing default dialer for user 0: now com.google.android.dialer: DDC.oR@AE0
12-14 03:32:27.026 I/System.out( 3874): URI: //ready
12-14 03:32:27.027 I/System.out( 3874): params: {json={}
12-14 03:32:27.027 I/System.out( 3874): }
12-14 03:32:27.031 D/CarrierSvcBindHelper( 1825): No carrier app for: 0
12-14 03:32:27.031 D/ImsResolver( 1825): maybeAddedImsService, packageName: com.google.android.gms
12-14 03:32:27.033 I/Fitness ( 1943): OnPackageChangedOperation got intent: Intent { act=android.intent.action.PACKAGE_CHANGED dat=package:com.google.android.gms flg=0x45000010 pkg=com.google.android.gms cmp=com.google.android.gms/.chimera.PersistentIntentOperationService (has extras) } [CONTEXT service_id=17 ]
12-14 03:32:27.038 W/PeopleGalProvider( 2231): Not enabled to outside of GmsCore.
12-14 03:32:27.038 I/PeopleGalProvider( 2231): Method 0 completed.
12-14 03:32:27.042 I/ContactDirectoryManager( 2426): Directory provider com.google.android.gms(com.google.android.gms.people.gal.provider) returned a NULL cursor.
12-14 03:32:27.054 I/Fitness ( 1943): FitCleanupIntentOperation received Intent android.intent.action.PACKAGE_CHANGED [CONTEXT service_id=17 ]
12-14 03:32:27.056 I/System.out( 3874): URI: //
12-14 03:32:27.057 I/System.out( 3874): params: {json={"command":"version","arguments":[]}
12-14 03:32:27.057 I/System.out( 3874): }
12-14 03:32:27.057 I/System.out( 3874): header: {content-type=application/json;charset=utf-8, date=Mon, 14 Dec 2020 08:32:27 GMT, accept=*/*, host=127.0.0.1:34777, content-length=36, user-agent=HTTPClient/1.0 (2.8.3, ruby 2.5.8 (2020-03-31))}
12-14 03:32:27.057 I/System.out( 3874): params: {json={"command":"version","arguments":[]}
12-14 03:32:27.057 I/System.out( 3874): }
12-14 03:32:27.058 I/System.out( 3874): ProP json = {"command":"version","arguments":[]}
12-14 03:32:27.058 I/System.out( 3874): files: {}
12-14 03:32:27.058 I/System.out( 3874): command: {"command":"version","arguments":[]}
12-14 03:32:27.095 D/BoundBrokerSvc( 1943): onUnbind: Intent { act=com.google.android.gms.icing.LIGHTWEIGHT_INDEX_SERVICE cmp=com.google.android.gms/.chimera.PersistentApiService }
12-14 03:32:27.095 D/BoundBrokerSvc( 1943): onUnbind: Intent { act=com.google.android.gms.clearcut.bootcount.service.START cmp=com.google.android.gms/.chimera.PersistentBoundBrokerService }
12-14 03:32:27.100 I/Icing   ( 2231): IndexChimeraService.getServiceInterface callingPackage=com.google.android.gms componentName=AppsCorpus serviceId=36
12-14 03:32:27.109 I/InstrumentationBackend( 3874): Got command:'Command:'Line:null,version', arguments:'[]'
12-14 03:32:27.113 I/Icing   ( 2231): updateResources: need to parse adiq{com.google.android.gms}
12-14 03:32:27.122 I/ProvidersCache( 3368): Provider returned no roots. Possibly naughty: com.google.android.apps.docs.storage
12-14 03:32:27.164 E/memtrack( 1629): Couldn't load memtrack module
12-14 03:32:27.164 W/android.os.Debug( 1629): failed to get memory consumption info: -1
12-14 03:32:27.184 W/Binder  ( 1629): Outgoing transactions from this process must be FLAG_ONEWAY
12-14 03:32:27.184 W/Binder  ( 1629): java.lang.Throwable
12-14 03:32:27.184 W/Binder  ( 1629): 	at android.os.BinderProxy.transact(Binder.java:736)
12-14 03:32:27.184 W/Binder  ( 1629): 	at com.android.internal.location.ILocationProvider$Stub$Proxy.getProperties(ILocationProvider.java:232)
12-14 03:32:27.184 W/Binder  ( 1629): 	at com.android.server.location.LocationProviderProxy$1.run(LocationProviderProxy.java:119)
12-14 03:32:27.184 W/Binder  ( 1629): 	at android.os.Handler.handleCallback(Handler.java:789)
12-14 03:32:27.184 W/Binder  ( 1629): 	at android.os.Handler.dispatchMessage(Handler.java:98)
12-14 03:32:27.184 W/Binder  ( 1629): 	at android.os.Looper.loop(Looper.java:164)
12-14 03:32:27.184 W/Binder  ( 1629): 	at android.os.HandlerThread.run(HandlerThread.java:65)
12-14 03:32:27.185 W/Binder  ( 1629): Outgoing transactions from this process must be FLAG_ONEWAY
12-14 03:32:27.185 W/Binder  ( 1629): java.lang.Throwable
12-14 03:32:27.185 W/Binder  ( 1629): 	at android.os.BinderProxy.transact(Binder.java:736)
12-14 03:32:27.185 W/Binder  ( 1629): 	at com.android.internal.location.ILocationProvider$Stub$Proxy.getProperties(ILocationProvider.java:232)
12-14 03:32:27.185 W/Binder  ( 1629): 	at com.android.server.location.LocationProviderProxy$1.run(LocationProviderProxy.java:119)
12-14 03:32:27.185 W/Binder  ( 1629): 	at android.os.Handler.handleCallback(Handler.java:789)
12-14 03:32:27.185 W/Binder  ( 1629): 	at android.os.Handler.dispatchMessage(Handler.java:98)
12-14 03:32:27.185 W/Binder  ( 1629): 	at android.os.Looper.loop(Looper.java:164)
12-14 03:32:27.185 W/Binder  ( 1629): 	at android.os.HandlerThread.run(HandlerThread.java:65)
12-14 03:32:27.187 I/System.out( 3874): result:{"bonusInformation":[],"message":"0.9.8","success":true}
12-14 03:32:27.200 I/System.out( 3874): URI: //start-application
12-14 03:32:27.200 I/System.out( 3874): params: {json={"intent":null}
12-14 03:32:27.200 I/System.out( 3874): }
12-14 03:32:27.217 W/Icing   ( 2231): No valid account for uploading user actions
12-14 03:32:27.227 I/Icing   ( 2231): Usage reports ok 0, Failed Usage reports 0, indexed 0, rejected 0
12-14 03:32:27.238 I/Icing   ( 2231): Indexing com.google.android.gms-apps from com.google.android.gms
12-14 03:32:27.240 I/Icing   ( 2231): IndexChimeraService.getServiceInterface callingPackage=com.google.android.gms componentName=null serviceId=30
12-14 03:32:27.244 I/Icing   ( 2231): Indexing done com.google.android.gms-apps
12-14 03:32:27.246 W/Icing   ( 2231): No valid account for uploading user actions
12-14 03:32:27.253 I/Icing   ( 2231): Usage reports ok 0, Failed Usage reports 0, indexed 0, rejected 0
12-14 03:32:27.256 I/ActivityManager( 1629): START u0 {act=android.intent.action.MAIN cat=[android.intent.category.LAUNCHER] flg=0x10200000 cmp=com.evancharlton.mileage/.Mileage} from uid 10416
12-14 03:32:27.271 I/calabash( 3874): newActivity1
12-14 03:32:27.292 D/gralloc_ranchu( 1395): gralloc_alloc: Creating ashmem region of size 7753728
12-14 03:32:27.308 W/ActivityManager( 1629): Bad activity token: android.os.BinderProxy@7ab304f
12-14 03:32:27.308 W/ActivityManager( 1629): java.lang.ClassCastException: android.os.BinderProxy cannot be cast to com.android.server.am.ActivityRecord$Token
12-14 03:32:27.308 W/ActivityManager( 1629): 	at com.android.server.am.ActivityRecord.forTokenLocked(ActivityRecord.java:778)
12-14 03:32:27.308 W/ActivityManager( 1629): 	at com.android.server.am.ActivityRecord.isInStackLocked(ActivityRecord.java:2085)
12-14 03:32:27.308 W/ActivityManager( 1629): 	at com.android.server.am.ActivityRecord.getStackLocked(ActivityRecord.java:2090)
12-14 03:32:27.308 W/ActivityManager( 1629): 	at com.android.server.am.ActivityManagerService.getActivityDisplayId(ActivityManagerService.java:10406)
12-14 03:32:27.308 W/ActivityManager( 1629): 	at android.app.IActivityManager$Stub.onTransact(IActivityManager.java:2738)
12-14 03:32:27.308 W/ActivityManager( 1629): 	at com.android.server.am.ActivityManagerService.onTransact(ActivityManagerService.java:2935)
12-14 03:32:27.308 W/ActivityManager( 1629): 	at android.os.Binder.execTransact(Binder.java:674)
12-14 03:32:27.309 I/calabash( 3874): newActivity1
12-14 03:32:27.314 W/ActivityManager( 1629): Bad activity token: android.os.BinderProxy@7ab304f
12-14 03:32:27.314 W/ActivityManager( 1629): java.lang.ClassCastException: android.os.BinderProxy cannot be cast to com.android.server.am.ActivityRecord$Token
12-14 03:32:27.314 W/ActivityManager( 1629): 	at com.android.server.am.ActivityRecord.forTokenLocked(ActivityRecord.java:778)
12-14 03:32:27.314 W/ActivityManager( 1629): 	at com.android.server.am.ActivityRecord.isInStackLocked(ActivityRecord.java:2085)
12-14 03:32:27.314 W/ActivityManager( 1629): 	at com.android.server.am.ActivityManagerService.setTaskDescription(ActivityManagerService.java:9988)
12-14 03:32:27.314 W/ActivityManager( 1629): 	at android.app.IActivityManager$Stub.onTransact(IActivityManager.java:2824)
12-14 03:32:27.314 W/ActivityManager( 1629): 	at com.android.server.am.ActivityManagerService.onTransact(ActivityManagerService.java:2935)
12-14 03:32:27.314 W/ActivityManager( 1629): 	at android.os.Binder.execTransact(Binder.java:674)
12-14 03:32:27.315 W/ActivityManager( 1629): Bad activity token: android.os.BinderProxy@7ab304f
12-14 03:32:27.315 W/ActivityManager( 1629): java.lang.ClassCastException: android.os.BinderProxy cannot be cast to com.android.server.am.ActivityRecord$Token
12-14 03:32:27.315 W/ActivityManager( 1629): 	at com.android.server.am.ActivityRecord.forTokenLocked(ActivityRecord.java:778)
12-14 03:32:27.315 W/ActivityManager( 1629): 	at com.android.server.am.ActivityRecord.isInStackLocked(ActivityRecord.java:2085)
12-14 03:32:27.315 W/ActivityManager( 1629): 	at com.android.server.am.ActivityRecord.getStackLocked(ActivityRecord.java:2090)
12-14 03:32:27.315 W/ActivityManager( 1629): 	at com.android.server.am.ActivityManagerService.getActivityStackId(ActivityManagerService.java:10417)
12-14 03:32:27.315 W/ActivityManager( 1629): 	at android.app.IActivityManager$Stub.onTransact(IActivityManager.java:3548)
12-14 03:32:27.315 W/ActivityManager( 1629): 	at com.android.server.am.ActivityManagerService.onTransact(ActivityManagerService.java:2935)
12-14 03:32:27.315 W/ActivityManager( 1629): 	at android.os.Binder.execTransact(Binder.java:674)
12-14 03:32:27.345 D/EGL_emulation( 2147): eglMakeCurrent: 0xa4a043c0: ver 3 0 (tinfo 0xa4a03310)
12-14 03:32:27.354 D/EGL_emulation( 2173): eglMakeCurrent: 0xa237e220: ver 3 0 (tinfo 0xa237f8e0)
12-14 03:32:27.364 D/ConnectivityService( 1629): handleLingerComplete for NetworkAgentInfo [MOBILE (LTE) - 100]
12-14 03:32:27.367 D/EGL_emulation( 1733): eglMakeCurrent: 0xa4a04b40: ver 3 0 (tinfo 0xa4a03580)
12-14 03:32:27.373 V/StatusBar( 1733): setLightsOn(true)
12-14 03:32:27.374 W/asset   ( 1733): Asset path /data/app/com.evancharlton.mileage--4EK37p60YF6_28UtvLuDQ==/base.apk is neither a directory nor file (type=1).
12-14 03:32:27.374 E/ResourcesManager( 1733): failed to add asset path /data/app/com.evancharlton.mileage--4EK37p60YF6_28UtvLuDQ==/base.apk
12-14 03:32:27.375 W/PackageManager( 1733): Failure retrieving resources for com.evancharlton.mileage
12-14 03:32:27.376 W/asset   ( 1733): Asset path /data/app/com.evancharlton.mileage--4EK37p60YF6_28UtvLuDQ==/base.apk is neither a directory nor file (type=1).
12-14 03:32:27.376 E/ResourcesManager( 1733): failed to add asset path /data/app/com.evancharlton.mileage--4EK37p60YF6_28UtvLuDQ==/base.apk
12-14 03:32:27.376 W/PackageManager( 1733): Failure retrieving resources for com.evancharlton.mileage
12-14 03:32:27.376 W/asset   ( 1733): Asset path /data/app/com.evancharlton.mileage--4EK37p60YF6_28UtvLuDQ==/base.apk is neither a directory nor file (type=1).
12-14 03:32:27.376 E/ResourcesManager( 1733): failed to add asset path /data/app/com.evancharlton.mileage--4EK37p60YF6_28UtvLuDQ==/base.apk
12-14 03:32:27.376 W/PackageManager( 1733): Failure retrieving resources for com.evancharlton.mileage
12-14 03:32:27.383 D/EGL_emulation( 1733): eglMakeCurrent: 0xa4a04b40: ver 3 0 (tinfo 0xa4a03580)
12-14 03:32:27.388 D/FillupsProvider( 3874): Creating database
12-14 03:32:27.405 E/ContentStoreEUAS( 2173): Failed to commit the deferred actions
12-14 03:32:27.411 D/EGL_emulation( 1733): eglMakeCurrent: 0xa4a04b40: ver 3 0 (tinfo 0xa4a03580)
12-14 03:32:27.415 I/chatty  ( 1733): uid=10028(u0_a28) RenderThread identical 1 line
12-14 03:32:27.448 D/EGL_emulation( 1733): eglMakeCurrent: 0xa4a04b40: ver 3 0 (tinfo 0xa4a03580)
12-14 03:32:27.451 V/StatusBar( 1733): setLightsOn(true)
12-14 03:32:27.454 D/EGL_emulation( 1733): eglMakeCurrent: 0xa4a04b40: ver 3 0 (tinfo 0xa4a03580)
12-14 03:32:27.483 W/ActivityManager( 1629): Bad activity token: android.os.BinderProxy@7ab304f
12-14 03:32:27.483 W/ActivityManager( 1629): java.lang.ClassCastException: android.os.BinderProxy cannot be cast to com.android.server.am.ActivityRecord$Token
12-14 03:32:27.483 W/ActivityManager( 1629): 	at com.android.server.am.ActivityRecord.forTokenLocked(ActivityRecord.java:778)
12-14 03:32:27.483 W/ActivityManager( 1629): 	at com.android.server.am.ActivityRecord.isInStackLocked(ActivityRecord.java:2085)
12-14 03:32:27.483 W/ActivityManager( 1629): 	at com.android.server.am.ActivityManagerService.getActivityOptions(ActivityManagerService.java:13302)
12-14 03:32:27.483 W/ActivityManager( 1629): 	at android.app.IActivityManager$Stub.onTransact(IActivityManager.java:2910)
12-14 03:32:27.483 W/ActivityManager( 1629): 	at com.android.server.am.ActivityManagerService.onTransact(ActivityManagerService.java:2935)
12-14 03:32:27.483 W/ActivityManager( 1629): 	at android.os.Binder.execTransact(Binder.java:674)
12-14 03:32:27.484 W/ActivityManager( 1629): Bad activity token: android.os.BinderProxy@7ab304f
12-14 03:32:27.484 W/ActivityManager( 1629): java.lang.ClassCastException: android.os.BinderProxy cannot be cast to com.android.server.am.ActivityRecord$Token
12-14 03:32:27.484 W/ActivityManager( 1629): 	at com.android.server.am.ActivityRecord.forTokenLocked(ActivityRecord.java:778)
12-14 03:32:27.484 W/ActivityManager( 1629): 	at com.android.server.am.ActivityRecord.isInStackLocked(ActivityRecord.java:2085)
