12-13 22:51:23.398 D/VehicleStatisticsTask( 4536): Not enough fillups to calculate statistics
12-13 22:51:23.440 I/zygote  ( 4536): Do full code cache collection, code=227KB, data=150KB
12-13 22:51:23.474 I/zygote  ( 4536): After code cache collection, code=225KB, data=126KB
12-13 22:51:23.483 E/SurfaceFlinger( 1405): ro.sf.lcd_density must be defined as a build property
12-13 22:51:23.496 D/gralloc_ranchu( 1396): gralloc_alloc: Creating ashmem region of size 8298496
12-13 22:51:23.517 D/        ( 4591): HostConnection::get() New Host Connection established 0xb43af800, tid 4591
12-13 22:51:23.550 D/VehicleStatisticsTask( 4536): Done recalculating!
12-13 22:51:23.551 D/VehicleStatisticsAdapter( 4536): Erasing the cache ...
12-13 22:51:23.553 D/VehicleStatisticsTask( 4536): Done recalculating!
12-13 22:51:23.558 D/VehicleStatisticsAdapter( 4536): Erasing the cache ...
12-13 22:51:23.577 D/VehicleStatisticsAdapter( 4536): Building new values ...
12-13 22:51:23.580 D/VehicleStatisticsAdapter( 4536): Writing 29 records to the database ...
12-13 22:51:23.585 D/Mileage.ABS( 4536): Finished backup
12-13 22:51:23.586 D/Mileage.ABS( 4536): Not backing up; 33
12-13 22:51:23.627 D/VehicleStatisticsAdapter( 4536): Building new values ...
12-13 22:51:23.628 D/VehicleStatisticsAdapter( 4536): Writing 29 records to the database ...
12-13 22:51:23.694 D/Mileage.ABS( 4536): Not backing up; 141
12-13 22:51:23.725 I/zygote  ( 4536): Do partial code cache collection, code=249KB, data=144KB
12-13 22:51:23.734 I/zygote  ( 4536): After code cache collection, code=249KB, data=144KB
12-13 22:51:23.734 I/zygote  ( 4536): Increasing code cache capacity to 1024KB
12-13 22:51:23.760 D/Mileage.ABS( 4536): Not backing up; 207
12-13 22:51:23.761 D/Mileage.ABS( 4536): Not backing up; 208
12-13 22:51:23.764 D/Mileage.ABS( 4536): Not backing up; 211
12-13 22:51:23.765 D/Mileage.ABS( 4536): Not backing up; 212
12-13 22:51:23.767 D/Mileage.ABS( 4536): Not backing up; 214
12-13 22:51:23.769 D/Mileage.ABS( 4536): Not backing up; 216
12-13 22:51:23.771 D/Mileage.ABS( 4536): Not backing up; 218
12-13 22:51:23.777 D/Mileage.ABS( 4536): Not backing up; 224
12-13 22:51:23.785 D/Mileage.ABS( 4536): Not backing up; 232
12-13 22:51:23.795 D/Mileage.ABS( 4536): Not backing up; 242
12-13 22:51:23.797 D/Mileage.ABS( 4536): Not backing up; 243
12-13 22:51:23.799 D/Mileage.ABS( 4536): Not backing up; 246
12-13 22:51:23.801 D/Mileage.ABS( 4536): Not backing up; 248
12-13 22:51:23.804 D/Mileage.ABS( 4536): Not backing up; 251
12-13 22:51:23.807 D/Mileage.ABS( 4536): Not backing up; 254
12-13 22:51:23.833 D/Mileage.ABS( 4536): Not backing up; 280
12-13 22:51:23.842 D/Mileage.ABS( 4536): Not backing up; 289
12-13 22:51:23.855 D/Mileage.ABS( 4536): Not backing up; 302
12-13 22:51:23.870 D/Mileage.ABS( 4536): Not backing up; 317
12-13 22:51:23.895 D/Mileage.ABS( 4536): Not backing up; 342
12-13 22:51:23.899 D/Mileage.ABS( 4536): Not backing up; 346
12-13 22:51:23.916 D/Mileage.ABS( 4536): Not backing up; 363
12-13 22:51:23.931 D/Mileage.ABS( 4536): Not backing up; 378
12-13 22:51:23.946 D/Mileage.ABS( 4536): Not backing up; 393
12-13 22:51:23.967 D/Mileage.ABS( 4536): Not backing up; 413
12-13 22:51:23.982 D/Mileage.ABS( 4536): Not backing up; 429
12-13 22:51:23.994 D/Mileage.ABS( 4536): Not backing up; 441
12-13 22:51:24.019 D/Mileage.ABS( 4536): Not backing up; 466
12-13 22:51:24.030 D/Mileage.ABS( 4536): Not backing up; 477
12-13 22:51:24.040 D/Mileage.ABS( 4536): Not backing up; 487
12-13 22:51:24.049 D/Mileage.ABS( 4536): Not backing up; 496
12-13 22:51:24.064 D/Mileage.ABS( 4536): Not backing up; 511
12-13 22:51:24.084 D/Mileage.ABS( 4536): Not backing up; 531
12-13 22:51:24.106 D/Mileage.ABS( 4536): Not backing up; 553
12-13 22:51:24.108 D/Mileage.ABS( 4536): Not backing up; 555
12-13 22:51:24.134 D/Mileage.ABS( 4536): Not backing up; 581
12-13 22:51:24.150 D/Mileage.ABS( 4536): Not backing up; 596
12-13 22:51:24.159 D/Mileage.ABS( 4536): Not backing up; 605
12-13 22:51:24.174 D/Mileage.ABS( 4536): Not backing up; 621
12-13 22:51:24.182 D/Mileage.ABS( 4536): Not backing up; 629
12-13 22:51:24.192 D/Mileage.ABS( 4536): Not backing up; 639
12-13 22:51:24.207 D/Mileage.ABS( 4536): Not backing up; 654
12-13 22:51:24.214 D/Mileage.ABS( 4536): Not backing up; 661
12-13 22:51:24.229 D/Mileage.ABS( 4536): Not backing up; 676
12-13 22:51:24.243 I/System.out( 4536): URI: //gesture
12-13 22:51:24.244 I/System.out( 4536): params: {json={"query_timeout":5.0,"gestures":[{"query_string":"android.widget.TabWidget descendant TextView index:0","touches":[{"x":50,"y":50,"offset_x":0,"offset_y":0,"wait":0.0,"time":0.2,"release":true,"query_string":null}]}]}
12-13 22:51:24.244 I/System.out( 4536): }
12-13 22:51:24.245 D/Mileage.ABS( 4536): Not backing up; 692
12-13 22:51:24.260 D/Mileage.ABS( 4536): Not backing up; 707
12-13 22:51:24.260 D/Mileage.ABS( 4536): Not backing up; 707
12-13 22:51:24.279 D/Mileage.ABS( 4536): Not backing up; 726
12-13 22:51:24.282 D/Mileage.ABS( 4536): Not backing up; 729
12-13 22:51:24.294 D/Mileage.ABS( 4536): Not backing up; 741
12-13 22:51:24.313 D/Mileage.ABS( 4536): Not backing up; 760
12-13 22:51:24.319 D/Mileage.ABS( 4536): Not backing up; 766
12-13 22:51:24.330 D/VehicleStatisticsAdapter( 4536): Caching of 29 records complete! (0.75 seconds)
12-13 22:51:24.371 D/Mileage.ABS( 4536): Not backing up; 818
12-13 22:51:24.372 D/Mileage.ABS( 4536): Not backing up; 819
12-13 22:51:24.375 D/Mileage.ABS( 4536): Not backing up; 822
12-13 22:51:24.382 D/Mileage.ABS( 4536): Not backing up; 829
12-13 22:51:24.388 D/Mileage.ABS( 4536): Not backing up; 835
12-13 22:51:24.402 D/Mileage.ABS( 4536): Not backing up; 849
12-13 22:51:24.416 D/VehicleStatisticsAdapter( 4536): Caching of 29 records complete! (0.787 seconds)
12-13 22:51:24.416 D/Mileage.ABS( 4536): Not backing up; 863
12-13 22:51:24.689 W/View    ( 4536): dispatchProvideAutofillStructure(): not laid out, ignoring
12-13 22:51:24.693 I/chatty  ( 4536): uid=10128(u0_a128) com.evancharlton.mileage identical 1 line
12-13 22:51:24.693 W/View    ( 4536): dispatchProvideAutofillStructure(): not laid out, ignoring
12-13 22:51:24.703 W/Binder  ( 1627): Outgoing transactions from this process must be FLAG_ONEWAY
12-13 22:51:24.703 W/Binder  ( 1627): java.lang.Throwable
12-13 22:51:24.703 W/Binder  ( 1627): 	at android.os.BinderProxy.transact(Binder.java:736)
12-13 22:51:24.703 W/Binder  ( 1627): 	at android.app.assist.AssistStructure$ParcelTransferReader.fetchData(AssistStructure.java:407)
12-13 22:51:24.703 W/Binder  ( 1627): 	at android.app.assist.AssistStructure$ParcelTransferReader.go(AssistStructure.java:343)
12-13 22:51:24.703 W/Binder  ( 1627): 	at android.app.assist.AssistStructure.ensureData(AssistStructure.java:2096)
12-13 22:51:24.703 W/Binder  ( 1627): 	at com.android.server.autofill.Session$1.send(Session.java:200)
12-13 22:51:24.703 W/Binder  ( 1627): 	at com.android.server.am.ActivityManagerService.reportAssistContextExtras(ActivityManagerService.java:13137)
12-13 22:51:24.703 W/Binder  ( 1627): 	at android.app.IActivityManager$Stub.onTransact(IActivityManager.java:2466)
12-13 22:51:24.703 W/Binder  ( 1627): 	at com.android.server.am.ActivityManagerService.onTransact(ActivityManagerService.java:2935)
12-13 22:51:24.703 W/Binder  ( 1627): 	at android.os.Binder.execTransact(Binder.java:674)
12-13 22:51:24.716 I/AssistStructure( 4536): Flattened final assist data: 15312 bytes, containing 1 windows, 69 views
12-13 22:51:24.721 E/memtrack( 1627): Couldn't load memtrack module
12-13 22:51:24.721 W/android.os.Debug( 1627): failed to get memory consumption info: -1
12-13 22:51:24.731 I/AssistStructure( 1627): Flattened final assist data: 13988 bytes, containing 1 windows, 69 views
12-13 22:51:24.734 W/lgq     ( 1934): Pending fill request while another request in the same session was triggered. [CONTEXT service_id=177 ]
12-13 22:51:24.747 E/memtrack( 1627): Couldn't load memtrack module
12-13 22:51:24.748 W/android.os.Debug( 1627): failed to get memory consumption info: -1
12-13 22:51:24.927 E/SurfaceFlinger( 1405): ro.sf.lcd_density must be defined as a build property
12-13 22:51:24.937 D/gralloc_ranchu( 1396): gralloc_alloc: Creating ashmem region of size 8298496
12-13 22:51:24.951 D/        ( 4640): HostConnection::get() New Host Connection established 0xaa9af800, tid 4640
12-13 22:51:25.559 I/System.out( 4536): URI: //
12-13 22:51:25.559 I/System.out( 4536): params: {json={"command":"set_activity_orientation","arguments":["landscape"]}
12-13 22:51:25.559 I/System.out( 4536): }
12-13 22:51:25.559 I/System.out( 4536): header: {content-type=application/json;charset=utf-8, date=Mon, 14 Dec 2020 03:51:25 GMT, accept=*/*, host=127.0.0.1:34777, content-length=64, user-agent=HTTPClient/1.0 (2.8.3, ruby 2.5.8 (2020-03-31))}
12-13 22:51:25.559 I/System.out( 4536): params: {json={"command":"set_activity_orientation","arguments":["landscape"]}
12-13 22:51:25.559 I/System.out( 4536): }
12-13 22:51:25.559 I/System.out( 4536): ProP json = {"command":"set_activity_orientation","arguments":["landscape"]}
12-13 22:51:25.559 I/System.out( 4536): files: {}
12-13 22:51:25.559 I/System.out( 4536): command: {"command":"set_activity_orientation","arguments":["landscape"]}
12-13 22:51:25.563 I/InstrumentationBackend( 4536): Got command:'Command:'Line:null,set_activity_orientation', arguments:'[landscape]'
12-13 22:51:25.566 D/gralloc_ranchu( 1396): gralloc_alloc: Creating ashmem region of size 8298496
12-13 22:51:25.581 W/LocalDisplayAdapter( 1627): Unable to find color mode 0, ignoring request.
12-13 22:51:25.597 I/ActivityManager( 1627): Config changes=480 {1.0 310mcc260mnc [en_US] ldltr sw411dp w683dp h387dp 420dpi nrml land finger qwerty/v/v -nav/h appBounds=Rect(0, 0 - 1794, 1080) s.9}
12-13 22:51:25.602 I/InputReader( 1627): Reconfiguring input devices.  changes=0x00000004
12-13 22:51:25.603 I/InputReader( 1627): Device reconfigured: id=0, name='qwerty2', size 1080x1920, orientation 1, mode 1, display id 0
12-13 22:51:25.606 I/InputReader( 1627): Reconfiguring input devices.  changes=0x00000004
12-13 22:51:25.610 I/InputReader( 1627): Reconfiguring input devices.  changes=0x00000004
12-13 22:51:25.614 I/ActivityManager( 1627): Override config changes=480 {1.0 310mcc260mnc [en_US] ldltr sw411dp w683dp h387dp 420dpi nrml land finger qwerty/v/v -nav/h appBounds=Rect(0, 0 - 1794, 1080) s.9} for displayId=0
12-13 22:51:25.750 D/gralloc_ranchu( 1396): gralloc_alloc: Creating ashmem region of size 544768
12-13 22:51:25.761 D/EGL_emulation( 1725): eglMakeCurrent: 0x8ec3b4c0: ver 3 0 (tinfo 0x8ec34d00)
12-13 22:51:25.779 D/gralloc_ranchu( 1396): gralloc_alloc: Creating ashmem region of size 544768
12-13 22:51:25.797 I/calabash( 4536): newActivity1
12-13 22:51:25.842 I/System.out( 4536): result:{"bonusInformation":[],"message":"","success":true}
12-13 22:51:25.843 W/ActivityManager( 1627): Bad activity token: android.os.BinderProxy@465eeb8
12-13 22:51:25.843 W/ActivityManager( 1627): java.lang.ClassCastException: android.os.BinderProxy cannot be cast to com.android.server.am.ActivityRecord$Token
12-13 22:51:25.843 W/ActivityManager( 1627): 	at com.android.server.am.ActivityRecord.forTokenLocked(ActivityRecord.java:778)
12-13 22:51:25.843 W/ActivityManager( 1627): 	at com.android.server.am.ActivityRecord.isInStackLocked(ActivityRecord.java:2085)
12-13 22:51:25.843 W/ActivityManager( 1627): 	at com.android.server.am.ActivityRecord.getStackLocked(ActivityRecord.java:2090)
12-13 22:51:25.843 W/ActivityManager( 1627): 	at com.android.server.am.ActivityManagerService.getActivityDisplayId(ActivityManagerService.java:10406)
12-13 22:51:25.843 W/ActivityManager( 1627): 	at android.app.IActivityManager$Stub.onTransact(IActivityManager.java:2738)
12-13 22:51:25.843 W/ActivityManager( 1627): 	at com.android.server.am.ActivityManagerService.onTransact(ActivityManagerService.java:2935)
12-13 22:51:25.843 W/ActivityManager( 1627): 	at android.os.Binder.execTransact(Binder.java:674)
12-13 22:51:25.849 I/calabash( 4536): newActivity1
12-13 22:51:25.853 W/AutofillManager( 4536): Session 1774604422 could not be restored
12-13 22:51:25.861 W/ActivityManager( 1627): Bad activity token: android.os.BinderProxy@465eeb8
12-13 22:51:25.861 W/ActivityManager( 1627): java.lang.ClassCastException: android.os.BinderProxy cannot be cast to com.android.server.am.ActivityRecord$Token
12-13 22:51:25.861 W/ActivityManager( 1627): 	at com.android.server.am.ActivityRecord.forTokenLocked(ActivityRecord.java:778)
12-13 22:51:25.861 W/ActivityManager( 1627): 	at com.android.server.am.ActivityRecord.isInStackLocked(ActivityRecord.java:2085)
12-13 22:51:25.861 W/ActivityManager( 1627): 	at com.android.server.am.ActivityManagerService.setTaskDescription(ActivityManagerService.java:9988)
12-13 22:51:25.861 W/ActivityManager( 1627): 	at android.app.IActivityManager$Stub.onTransact(IActivityManager.java:2824)
12-13 22:51:25.861 W/ActivityManager( 1627): 	at com.android.server.am.ActivityManagerService.onTransact(ActivityManagerService.java:2935)
12-13 22:51:25.861 W/ActivityManager( 1627): 	at android.os.Binder.execTransact(Binder.java:674)
12-13 22:51:25.863 W/ActivityManager( 1627): Bad activity token: android.os.BinderProxy@465eeb8
12-13 22:51:25.863 W/ActivityManager( 1627): java.lang.ClassCastException: android.os.BinderProxy cannot be cast to com.android.server.am.ActivityRecord$Token
12-13 22:51:25.863 W/ActivityManager( 1627): 	at com.android.server.am.ActivityRecord.forTokenLocked(ActivityRecord.java:778)
12-13 22:51:25.863 W/ActivityManager( 1627): 	at com.android.server.am.ActivityRecord.isInStackLocked(ActivityRecord.java:2085)
12-13 22:51:25.863 W/ActivityManager( 1627): 	at com.android.server.am.ActivityRecord.getStackLocked(ActivityRecord.java:2090)
12-13 22:51:25.863 W/ActivityManager( 1627): 	at com.android.server.am.ActivityManagerService.getActivityStackId(ActivityManagerService.java:10417)
12-13 22:51:25.863 W/ActivityManager( 1627): 	at android.app.IActivityManager$Stub.onTransact(IActivityManager.java:3548)
12-13 22:51:25.863 W/ActivityManager( 1627): 	at com.android.server.am.ActivityManagerService.onTransact(ActivityManagerService.java:2935)
12-13 22:51:25.863 W/ActivityManager( 1627): 	at android.os.Binder.execTransact(Binder.java:674)
12-13 22:51:25.896 D/gralloc_ranchu( 1396): gralloc_alloc: Creating ashmem region of size 544768
12-13 22:51:25.921 W/ActivityManager( 1627): Bad activity token: android.os.BinderProxy@465eeb8
12-13 22:51:25.921 W/ActivityManager( 1627): java.lang.ClassCastException: android.os.BinderProxy cannot be cast to com.android.server.am.ActivityRecord$Token
12-13 22:51:25.921 W/ActivityManager( 1627): 	at com.android.server.am.ActivityRecord.forTokenLocked(ActivityRecord.java:778)
12-13 22:51:25.921 W/ActivityManager( 1627): 	at com.android.server.am.ActivityRecord.isInStackLocked(ActivityRecord.java:2085)
12-13 22:51:25.921 W/ActivityManager( 1627): 	at com.android.server.am.ActivityManagerService.getActivityOptions(ActivityManagerService.java:13302)
12-13 22:51:25.921 W/ActivityManager( 1627): 	at android.app.IActivityManager$Stub.onTransact(IActivityManager.java:2910)
12-13 22:51:25.921 W/ActivityManager( 1627): 	at com.android.server.am.ActivityManagerService.onTransact(ActivityManagerService.java:2935)
12-13 22:51:25.921 W/ActivityManager( 1627): 	at android.os.Binder.execTransact(Binder.java:674)
12-13 22:51:25.922 W/ActivityManager( 1627): Bad activity token: android.os.BinderProxy@465eeb8
12-13 22:51:25.922 W/ActivityManager( 1627): java.lang.ClassCastException: android.os.BinderProxy cannot be cast to com.android.server.am.ActivityRecord$Token
12-13 22:51:25.922 W/ActivityManager( 1627): 	at com.android.server.am.ActivityRecord.forTokenLocked(ActivityRecord.java:778)
12-13 22:51:25.922 W/ActivityManager( 1627): 	at com.android.server.am.ActivityRecord.isInStackLocked(ActivityRecord.java:2085)
12-13 22:51:25.922 W/ActivityManager( 1627): 	at com.android.server.am.ActivityManagerService.getActivityOptions(ActivityManagerService.java:13302)
12-13 22:51:25.922 W/ActivityManager( 1627): 	at android.app.IActivityManager$Stub.onTransact(IActivityManager.java:2910)
12-13 22:51:25.922 W/ActivityManager( 1627): 	at com.android.server.am.ActivityManagerService.onTransact(ActivityManagerService.java:2935)
12-13 22:51:25.922 W/ActivityManager( 1627): 	at android.os.Binder.execTransact(Binder.java:674)
12-13 22:51:25.936 D/gralloc_ranchu( 1396): gralloc_alloc: Creating ashmem region of size 487424
12-13 22:51:25.953 D/StatusBar( 1725): disable<e i a s b h r c s q >
12-13 22:51:25.954 W/PhoneWindow( 4536): Previously focused view reported id 2131296279 during save, but can't be found during restore.
12-13 22:51:25.962 D/EGL_emulation( 1725): eglMakeCurrent: 0x8ec3b4c0: ver 3 0 (tinfo 0x8ec34d00)
12-13 22:51:25.975 D/gralloc_ranchu( 1396): gralloc_alloc: Creating ashmem region of size 487424
12-13 22:51:25.999 V/StatusBar( 1725): setLightsOn(true)
12-13 22:51:26.014 D/gralloc_ranchu( 1396): gralloc_alloc: Creating ashmem region of size 487424
12-13 22:51:26.024 D/EGL_emulation( 1725): eglMakeCurrent: 0x8ec3b4c0: ver 3 0 (tinfo 0x8ec34d00)
12-13 22:51:26.045 D/EGL_emulation( 1725): eglMakeCurrent: 0x8ec3b4c0: ver 3 0 (tinfo 0x8ec34d00)
12-13 22:51:26.053 V/StatusBar( 1725): setLightsOn(true)
12-13 22:51:26.103 I/EventLogSendingHelper( 2225): Sending log events.
12-13 22:51:26.113 D/gralloc_ranchu( 1396): gralloc_alloc: Creating ashmem region of size 7753728
12-13 22:51:26.237 V/StatusBar( 1725): setLightsOn(true)
12-13 22:51:26.240 D/gralloc_ranchu( 1396): gralloc_alloc: Creating ashmem region of size 7753728
12-13 22:51:26.249 I/WindowManager( 1627): Screen frozen for +686ms due to Window{e7392da u0 com.evancharlton.mileage/com.evancharlton.mileage.Mileage}
12-13 22:51:26.282 V/StatusBar( 1725): setLightsOn(true)
12-13 22:51:26.305 D/SurfaceFlinger( 1405): duplicate layer name: changing BlackSurface to BlackSurface#1
12-13 22:51:26.317 D/SurfaceFlinger( 1405): duplicate layer name: changing BlackSurface to BlackSurface#2
12-13 22:51:26.321 D/SurfaceFlinger( 1405): duplicate layer name: changing BlackSurface to BlackSurface#2
12-13 22:51:26.755 V/StatusBar( 1725): setLightsOn(true)
12-13 22:51:27.226 D/gralloc_ranchu( 1396): gralloc_alloc: Creating ashmem region of size 7753728
12-13 22:51:27.774 W/audio_hw_generic( 1390): Not supplying enough data to HAL, expected position 1218441 , only wrote 910800
12-13 22:51:27.862 I/System.out( 4536): URI: //gesture
12-13 22:51:27.862 I/System.out( 4536): params: {json={"query_timeout":5.0,"gestures":[{"query_string":"android.widget.TabWidget descendant TextView index:1","touches":[{"x":50,"y":50,"offset_x":0,"offset_y":0,"wait":0.0,"time":0.2,"release":true,"query_string":null}]}]}
12-13 22:51:27.862 I/System.out( 4536): }
12-13 22:51:28.137 W/audio_hw_generic( 1390): Not supplying enough data to HAL, expected position 911001 , only wrote 910800
12-13 22:51:28.141 W/ActivityManager( 1627): Bad activity token: android.os.BinderProxy@321a332
12-13 22:51:28.141 W/ActivityManager( 1627): java.lang.ClassCastException: android.os.BinderProxy cannot be cast to com.android.server.am.ActivityRecord$Token
12-13 22:51:28.141 W/ActivityManager( 1627): 	at com.android.server.am.ActivityRecord.forTokenLocked(ActivityRecord.java:778)
12-13 22:51:28.141 W/ActivityManager( 1627): 	at com.android.server.am.ActivityRecord.isInStackLocked(ActivityRecord.java:2085)
12-13 22:51:28.141 W/ActivityManager( 1627): 	at com.android.server.am.ActivityRecord.getStackLocked(ActivityRecord.java:2090)
12-13 22:51:28.141 W/ActivityManager( 1627): 	at com.android.server.am.ActivityManagerService.getActivityDisplayId(ActivityManagerService.java:10406)
12-13 22:51:28.141 W/ActivityManager( 1627): 	at android.app.IActivityManager$Stub.onTransact(IActivityManager.java:2738)
12-13 22:51:28.141 W/ActivityManager( 1627): 	at com.android.server.am.ActivityManagerService.onTransact(ActivityManagerService.java:2935)
12-13 22:51:28.141 W/ActivityManager( 1627): 	at android.os.Binder.execTransact(Binder.java:674)
12-13 22:51:28.142 I/calabash( 4536): newActivity1
12-13 22:51:28.145 W/ActivityManager( 1627): Bad activity token: android.os.BinderProxy@321a332
12-13 22:51:28.145 W/ActivityManager( 1627): java.lang.ClassCastException: android.os.BinderProxy cannot be cast to com.android.server.am.ActivityRecord$Token
12-13 22:51:28.145 W/ActivityManager( 1627): 	at com.android.server.am.ActivityRecord.forTokenLocked(ActivityRecord.java:778)
12-13 22:51:28.145 W/ActivityManager( 1627): 	at com.android.server.am.ActivityRecord.isInStackLocked(ActivityRecord.java:2085)
12-13 22:51:28.145 W/ActivityManager( 1627): 	at com.android.server.am.ActivityManagerService.setTaskDescription(ActivityManagerService.java:9988)
12-13 22:51:28.145 W/ActivityManager( 1627): 	at android.app.IActivityManager$Stub.onTransact(IActivityManager.java:2824)
12-13 22:51:28.145 W/ActivityManager( 1627): 	at com.android.server.am.ActivityManagerService.onTransact(ActivityManagerService.java:2935)
12-13 22:51:28.145 W/ActivityManager( 1627): 	at android.os.Binder.execTransact(Binder.java:674)
12-13 22:51:28.146 W/ActivityManager( 1627): Bad activity token: android.os.BinderProxy@321a332
12-13 22:51:28.146 W/ActivityManager( 1627): java.lang.ClassCastException: android.os.BinderProxy cannot be cast to com.android.server.am.ActivityRecord$Token
12-13 22:51:28.146 W/ActivityManager( 1627): 	at com.android.server.am.ActivityRecord.forTokenLocked(ActivityRecord.java:778)
12-13 22:51:28.146 W/ActivityManager( 1627): 	at com.android.server.am.ActivityRecord.isInStackLocked(ActivityRecord.java:2085)
12-13 22:51:28.146 W/ActivityManager( 1627): 	at com.android.server.am.ActivityRecord.getStackLocked(ActivityRecord.java:2090)
12-13 22:51:28.146 W/ActivityManager( 1627): 	at com.android.server.am.ActivityManagerService.getActivityStackId(ActivityManagerService.java:10417)
12-13 22:51:28.146 W/ActivityManager( 1627): 	at android.app.IActivityManager$Stub.onTransact(IActivityManager.java:3548)
12-13 22:51:28.146 W/ActivityManager( 1627): 	at com.android.server.am.ActivityManagerService.onTransact(ActivityManagerService.java:2935)
12-13 22:51:28.146 W/ActivityManager( 1627): 	at android.os.Binder.execTransact(Binder.java:674)
12-13 22:51:28.192 W/ActivityManager( 1627): Bad activity token: android.os.BinderProxy@321a332
12-13 22:51:28.192 W/ActivityManager( 1627): java.lang.ClassCastException: android.os.BinderProxy cannot be cast to com.android.server.am.ActivityRecord$Token
12-13 22:51:28.192 W/ActivityManager( 1627): 	at com.android.server.am.ActivityRecord.forTokenLocked(ActivityRecord.java:778)
12-13 22:51:28.192 W/ActivityManager( 1627): 	at com.android.server.am.ActivityRecord.isInStackLocked(ActivityRecord.java:2085)
12-13 22:51:28.192 W/ActivityManager( 1627): 	at com.android.server.am.ActivityManagerService.getActivityOptions(ActivityManagerService.java:13302)
12-13 22:51:28.192 W/ActivityManager( 1627): 	at android.app.IActivityManager$Stub.onTransact(IActivityManager.java:2910)
12-13 22:51:28.192 W/ActivityManager( 1627): 	at com.android.server.am.ActivityManagerService.onTransact(ActivityManagerService.java:2935)
12-13 22:51:28.192 W/ActivityManager( 1627): 	at android.os.Binder.execTransact(Binder.java:674)
12-13 22:51:28.193 W/ActivityManager( 1627): Bad activity token: android.os.BinderProxy@321a332
12-13 22:51:28.193 W/ActivityManager( 1627): java.lang.ClassCastException: android.os.BinderProxy cannot be cast to com.android.server.am.ActivityRecord$Token
12-13 22:51:28.193 W/ActivityManager( 1627): 	at com.android.server.am.ActivityRecord.forTokenLocked(ActivityRecord.java:778)
12-13 22:51:28.193 W/ActivityManager( 1627): 	at com.android.server.am.ActivityRecord.isInStackLocked(ActivityRecord.java:2085)
12-13 22:51:28.193 W/ActivityManager( 1627): 	at com.android.server.am.ActivityManagerService.getActivityOptions(ActivityManagerService.java:13302)
12-13 22:51:28.193 W/ActivityManager( 1627): 	at android.app.IActivityManager$Stub.onTransact(IActivityManager.java:2910)
12-13 22:51:28.193 W/ActivityManager( 1627): 	at com.android.server.am.ActivityManagerService.onTransact(ActivityManagerService.java:2935)
12-13 22:51:28.193 W/ActivityManager( 1627): 	at android.os.Binder.execTransact(Binder.java:674)
12-13 22:51:28.227 I/Dialer  ( 2232): OmtpVvmCarrierCfgHlpr - OmtpEvent:CONFIG_STATUS_SMS_TIME_OUT
12-13 22:51:28.228 I/Dialer  ( 2232): RetryPolicy - discarding deferred status: configuration_state=4
12-13 22:51:28.231 I/Dialer  ( 2232): VvmTaskExecutor - no more tasks, stopping service if no task are added in 5000 millis
12-13 22:51:28.236 I/Dialer  ( 2232): VvmTaskReceiver - task received
12-13 22:51:28.236 I/Dialer  ( 2232): VvmTaskReceiver - TaskExecutor already running
12-13 22:51:28.237 I/Dialer  ( 2232): Task.createTask - create task:com.android.voicemail.impl.ActivationTask
12-13 22:51:28.238 I/Dialer  ( 2232): RetryPolicy - retry #1 for com.android.voicemail.impl.ActivationTask@19c1271 queued, executing in 5000
12-13 22:51:28.238 I/Dialer  ( 2232): VvmTaskExecutor - com.android.voicemail.impl.ActivationTask@19c1271 added
12-13 22:51:28.239 I/Dialer  ( 2232): VvmTaskExecutor - minimal wait time:5000
12-13 22:51:28.239 I/Dialer  ( 2232): VvmTaskExecutor - sleep for 5000 millis
12-13 22:51:28.274 D/Mileage ( 4536): Not enough fillups to calculate economy
12-13 22:51:28.389 I/zygote  ( 1627): Explicit concurrent copying GC freed 17766(1580KB) AllocSpace objects, 3(76KB) LOS objects, 38% free, 9MB/15MB, paused 542us total 62.868ms
12-13 22:51:28.402 E/SurfaceFlinger( 1405): ro.sf.lcd_density must be defined as a build property
12-13 22:51:28.417 D/gralloc_ranchu( 1396): gralloc_alloc: Creating ashmem region of size 8298496
12-13 22:51:28.433 D/        ( 4651): HostConnection::get() New Host Connection established 0xb31af800, tid 4651
12-13 22:51:28.754 I/System.out( 4536): URI: //gesture
12-13 22:51:28.754 I/System.out( 4536): params: {json={"query_timeout":5.0,"gestures":[{"query_string":"android.widget.TabWidget descendant TextView index:3","touches":[{"x":50,"y":50,"offset_x":0,"offset_y":0,"wait":0.0,"time":0.2,"release":true,"query_string":null}]}]}
12-13 22:51:28.754 I/System.out( 4536): }
12-13 22:51:29.004 W/ActivityManager( 1627): Bad activity token: android.os.BinderProxy@35e21ad
12-13 22:51:29.004 W/ActivityManager( 1627): java.lang.ClassCastException: android.os.BinderProxy cannot be cast to com.android.server.am.ActivityRecord$Token
12-13 22:51:29.004 W/ActivityManager( 1627): 	at com.android.server.am.ActivityRecord.forTokenLocked(ActivityRecord.java:778)
12-13 22:51:29.004 W/ActivityManager( 1627): 	at com.android.server.am.ActivityRecord.isInStackLocked(ActivityRecord.java:2085)
12-13 22:51:29.004 W/ActivityManager( 1627): 	at com.android.server.am.ActivityRecord.getStackLocked(ActivityRecord.java:2090)
12-13 22:51:29.004 W/ActivityManager( 1627): 	at com.android.server.am.ActivityManagerService.getActivityDisplayId(ActivityManagerService.java:10406)
12-13 22:51:29.004 W/ActivityManager( 1627): 	at android.app.IActivityManager$Stub.onTransact(IActivityManager.java:2738)
12-13 22:51:29.004 W/ActivityManager( 1627): 	at com.android.server.am.ActivityManagerService.onTransact(ActivityManagerService.java:2935)
12-13 22:51:29.004 W/ActivityManager( 1627): 	at android.os.Binder.execTransact(Binder.java:674)
12-13 22:51:29.006 I/calabash( 4536): newActivity1
12-13 22:51:29.009 W/ActivityManager( 1627): Bad activity token: android.os.BinderProxy@35e21ad
12-13 22:51:29.009 W/ActivityManager( 1627): java.lang.ClassCastException: android.os.BinderProxy cannot be cast to com.android.server.am.ActivityRecord$Token
12-13 22:51:29.009 W/ActivityManager( 1627): 	at com.android.server.am.ActivityRecord.forTokenLocked(ActivityRecord.java:778)
12-13 22:51:29.009 W/ActivityManager( 1627): 	at com.android.server.am.ActivityRecord.isInStackLocked(ActivityRecord.java:2085)
12-13 22:51:29.009 W/ActivityManager( 1627): 	at com.android.server.am.ActivityManagerService.setTaskDescription(ActivityManagerService.java:9988)
12-13 22:51:29.009 W/ActivityManager( 1627): 	at android.app.IActivityManager$Stub.onTransact(IActivityManager.java:2824)
12-13 22:51:29.009 W/ActivityManager( 1627): 	at com.android.server.am.ActivityManagerService.onTransact(ActivityManagerService.java:2935)
12-13 22:51:29.009 W/ActivityManager( 1627): 	at android.os.Binder.execTransact(Binder.java:674)
12-13 22:51:29.010 W/ActivityManager( 1627): Bad activity token: android.os.BinderProxy@35e21ad
12-13 22:51:29.010 W/ActivityManager( 1627): java.lang.ClassCastException: android.os.BinderProxy cannot be cast to com.android.server.am.ActivityRecord$Token
12-13 22:51:29.010 W/ActivityManager( 1627): 	at com.android.server.am.ActivityRecord.forTokenLocked(ActivityRecord.java:778)
12-13 22:51:29.010 W/ActivityManager( 1627): 	at com.android.server.am.ActivityRecord.isInStackLocked(ActivityRecord.java:2085)
12-13 22:51:29.010 W/ActivityManager( 1627): 	at com.android.server.am.ActivityRecord.getStackLocked(ActivityRecord.java:2090)
12-13 22:51:29.010 W/ActivityManager( 1627): 	at com.android.server.am.ActivityManagerService.getActivityStackId(ActivityManagerService.java:10417)
12-13 22:51:29.010 W/ActivityManager( 1627): 	at android.app.IActivityManager$Stub.onTransact(IActivityManager.java:3548)
12-13 22:51:29.010 W/ActivityManager( 1627): 	at com.android.server.am.ActivityManagerService.onTransact(ActivityManagerService.java:2935)
12-13 22:51:29.010 W/ActivityManager( 1627): 	at android.os.Binder.execTransact(Binder.java:674)
12-13 22:51:29.016 W/ActivityManager( 1627): Bad activity token: android.os.BinderProxy@35e21ad
12-13 22:51:29.016 W/ActivityManager( 1627): java.lang.ClassCastException: android.os.BinderProxy cannot be cast to com.android.server.am.ActivityRecord$Token
12-13 22:51:29.016 W/ActivityManager( 1627): 	at com.android.server.am.ActivityRecord.forTokenLocked(ActivityRecord.java:778)
12-13 22:51:29.016 W/ActivityManager( 1627): 	at com.android.server.am.ActivityRecord.isInStackLocked(ActivityRecord.java:2085)
12-13 22:51:29.016 W/ActivityManager( 1627): 	at com.android.server.am.ActivityManagerService.getActivityOptions(ActivityManagerService.java:13302)
12-13 22:51:29.016 W/ActivityManager( 1627): 	at android.app.IActivityManager$Stub.onTransact(IActivityManager.java:2910)
12-13 22:51:29.016 W/ActivityManager( 1627): 	at com.android.server.am.ActivityManagerService.onTransact(ActivityManagerService.java:2935)
12-13 22:51:29.016 W/ActivityManager( 1627): 	at android.os.Binder.execTransact(Binder.java:674)
12-13 22:51:29.016 W/ActivityManager( 1627): Bad activity token: android.os.BinderProxy@35e21ad
12-13 22:51:29.016 W/ActivityManager( 1627): java.lang.ClassCastException: android.os.BinderProxy cannot be cast to com.android.server.am.ActivityRecord$Token
12-13 22:51:29.016 W/ActivityManager( 1627): 	at com.android.server.am.ActivityRecord.forTokenLocked(ActivityRecord.java:778)
12-13 22:51:29.016 W/ActivityManager( 1627): 	at com.android.server.am.ActivityRecord.isInStackLocked(ActivityRecord.java:2085)
12-13 22:51:29.016 W/ActivityManager( 1627): 	at com.android.server.am.ActivityManagerService.getActivityOptions(ActivityManagerService.java:13302)
12-13 22:51:29.016 W/ActivityManager( 1627): 	at android.app.IActivityManager$Stub.onTransact(IActivityManager.java:2910)
12-13 22:51:29.016 W/ActivityManager( 1627): 	at com.android.server.am.ActivityManagerService.onTransact(ActivityManagerService.java:2935)
12-13 22:51:29.016 W/ActivityManager( 1627): 	at android.os.Binder.execTransact(Binder.java:674)
12-13 22:51:29.194 E/SurfaceFlinger( 1405): ro.sf.lcd_density must be defined as a build property
12-13 22:51:29.201 D/gralloc_ranchu( 1396): gralloc_alloc: Creating ashmem region of size 8298496
12-13 22:51:29.241 D/        ( 4657): HostConnection::get() New Host Connection established 0xaf2af800, tid 4657
12-13 22:51:29.515 I/System.out( 4536): URI: //gesture
12-13 22:51:29.515 I/System.out( 4536): params: {json={"query_timeout":5.0,"gestures":[{"query_string":"android.widget.TabWidget descendant TextView index:2","touches":[{"x":50,"y":50,"offset_x":0,"offset_y":0,"wait":0.0,"time":0.2,"release":true,"query_string":null}]}]}
12-13 22:51:29.515 I/System.out( 4536): }
12-13 22:51:29.767 W/ActivityManager( 1627): Bad activity token: android.os.BinderProxy@c40225c
12-13 22:51:29.767 W/ActivityManager( 1627): java.lang.ClassCastException: android.os.BinderProxy cannot be cast to com.android.server.am.ActivityRecord$Token
12-13 22:51:29.767 W/ActivityManager( 1627): 	at com.android.server.am.ActivityRecord.forTokenLocked(ActivityRecord.java:778)
12-13 22:51:29.767 W/ActivityManager( 1627): 	at com.android.server.am.ActivityRecord.isInStackLocked(ActivityRecord.java:2085)
12-13 22:51:29.767 W/ActivityManager( 1627): 	at com.android.server.am.ActivityRecord.getStackLocked(ActivityRecord.java:2090)
12-13 22:51:29.767 W/ActivityManager( 1627): 	at com.android.server.am.ActivityManagerService.getActivityDisplayId(ActivityManagerService.java:10406)
12-13 22:51:29.767 W/ActivityManager( 1627): 	at android.app.IActivityManager$Stub.onTransact(IActivityManager.java:2738)
12-13 22:51:29.767 W/ActivityManager( 1627): 	at com.android.server.am.ActivityManagerService.onTransact(ActivityManagerService.java:2935)
12-13 22:51:29.767 W/ActivityManager( 1627): 	at android.os.Binder.execTransact(Binder.java:674)
12-13 22:51:29.773 I/calabash( 4536): newActivity1
12-13 22:51:29.781 W/ActivityManager( 1627): Bad activity token: android.os.BinderProxy@c40225c
12-13 22:51:29.781 W/ActivityManager( 1627): java.lang.ClassCastException: android.os.BinderProxy cannot be cast to com.android.server.am.ActivityRecord$Token
12-13 22:51:29.781 W/ActivityManager( 1627): 	at com.android.server.am.ActivityRecord.forTokenLocked(ActivityRecord.java:778)
12-13 22:51:29.781 W/ActivityManager( 1627): 	at com.android.server.am.ActivityRecord.isInStackLocked(ActivityRecord.java:2085)
12-13 22:51:29.781 W/ActivityManager( 1627): 	at com.android.server.am.ActivityManagerService.setTaskDescription(ActivityManagerService.java:9988)
12-13 22:51:29.781 W/ActivityManager( 1627): 	at android.app.IActivityManager$Stub.onTransact(IActivityManager.java:2824)
12-13 22:51:29.781 W/ActivityManager( 1627): 	at com.android.server.am.ActivityManagerService.onTransact(ActivityManagerService.java:2935)
12-13 22:51:29.781 W/ActivityManager( 1627): 	at android.os.Binder.execTransact(Binder.java:674)
12-13 22:51:29.782 W/ActivityManager( 1627): Bad activity token: android.os.BinderProxy@c40225c
12-13 22:51:29.782 W/ActivityManager( 1627): java.lang.ClassCastException: android.os.BinderProxy cannot be cast to com.android.server.am.ActivityRecord$Token
12-13 22:51:29.782 W/ActivityManager( 1627): 	at com.android.server.am.ActivityRecord.forTokenLocked(ActivityRecord.java:778)
12-13 22:51:29.782 W/ActivityManager( 1627): 	at com.android.server.am.ActivityRecord.isInStackLocked(ActivityRecord.java:2085)
12-13 22:51:29.782 W/ActivityManager( 1627): 	at com.android.server.am.ActivityRecord.getStackLocked(ActivityRecord.java:2090)
12-13 22:51:29.782 W/ActivityManager( 1627): 	at com.android.server.am.ActivityManagerService.getActivityStackId(ActivityManagerService.java:10417)
12-13 22:51:29.782 W/ActivityManager( 1627): 	at android.app.IActivityManager$Stub.onTransact(IActivityManager.java:3548)
12-13 22:51:29.782 W/ActivityManager( 1627): 	at com.android.server.am.ActivityManagerService.onTransact(ActivityManagerService.java:2935)
12-13 22:51:29.782 W/ActivityManager( 1627): 	at android.os.Binder.execTransact(Binder.java:674)
12-13 22:51:29.807 D/VehicleStatisticsActivity( 4536): Checking recalculation ...
12-13 22:51:29.814 D/VehicleStatisticsActivity( 4536): Recalculation not necessary.
12-13 22:51:29.826 W/ActivityManager( 1627): Bad activity token: android.os.BinderProxy@c40225c
12-13 22:51:29.826 W/ActivityManager( 1627): java.lang.ClassCastException: android.os.BinderProxy cannot be cast to com.android.server.am.ActivityRecord$Token
12-13 22:51:29.826 W/ActivityManager( 1627): 	at com.android.server.am.ActivityRecord.forTokenLocked(ActivityRecord.java:778)
12-13 22:51:29.826 W/ActivityManager( 1627): 	at com.android.server.am.ActivityRecord.isInStackLocked(ActivityRecord.java:2085)
12-13 22:51:29.826 W/ActivityManager( 1627): 	at com.android.server.am.ActivityManagerService.getActivityOptions(ActivityManagerService.java:13302)
12-13 22:51:29.826 W/ActivityManager( 1627): 	at android.app.IActivityManager$Stub.onTransact(IActivityManager.java:2910)
12-13 22:51:29.826 W/ActivityManager( 1627): 	at com.android.server.am.ActivityManagerService.onTransact(ActivityManagerService.java:2935)
12-13 22:51:29.826 W/ActivityManager( 1627): 	at android.os.Binder.execTransact(Binder.java:674)
12-13 22:51:29.827 W/ActivityManager( 1627): Bad activity token: android.os.BinderProxy@c40225c
12-13 22:51:29.827 W/ActivityManager( 1627): java.lang.ClassCastException: android.os.BinderProxy cannot be cast to com.android.server.am.ActivityRecord$Token
12-13 22:51:29.827 W/ActivityManager( 1627): 	at com.android.server.am.ActivityRecord.forTokenLocked(ActivityRecord.java:778)
12-13 22:51:29.827 W/ActivityManager( 1627): 	at com.android.server.am.ActivityRecord.isInStackLocked(ActivityRecord.java:2085)
12-13 22:51:29.827 W/ActivityManager( 1627): 	at com.android.server.am.ActivityManagerService.getActivityOptions(ActivityManagerService.java:13302)
12-13 22:51:29.827 W/ActivityManager( 1627): 	at android.app.IActivityManager$Stub.onTransact(IActivityManager.java:2910)
12-13 22:51:29.827 W/ActivityManager( 1627): 	at com.android.server.am.ActivityManagerService.onTransact(ActivityManagerService.java:2935)
12-13 22:51:29.827 W/ActivityManager( 1627): 	at android.os.Binder.execTransact(Binder.java:674)
12-13 22:51:29.840 D/VehicleStatisticsActivity( 4536): Checking recalculation ...
12-13 22:51:29.845 W/RemoteFillService( 1627): Not handling { when=-2ms what=3 target=com.android.internal.os.HandlerCaller$MyHandler } as service for ComponentInfo{com.google.android.gms/com.google.android.gms.autofill.service.AutofillService} is already destroyed
12-13 22:51:29.847 D/VehicleStatisticsActivity( 4536): Recalculation not necessary.
12-13 22:51:29.941 I/zygote  ( 4536): Do full code cache collection, code=433KB, data=302KB
12-13 22:51:29.941 I/zygote  ( 4536): After code cache collection, code=418KB, data=243KB
12-13 22:51:30.055 E/SurfaceFlinger( 1405): ro.sf.lcd_density must be defined as a build property
12-13 22:51:30.063 D/gralloc_ranchu( 1396): gralloc_alloc: Creating ashmem region of size 8298496
12-13 22:51:30.072 D/        ( 4663): HostConnection::get() New Host Connection established 0xa82af800, tid 4663
12-13 22:51:30.439 I/System.out( 4536): URI: //gesture
12-13 22:51:30.439 I/System.out( 4536): params: {json={"query_timeout":5.0,"gestures":[{"query_string":"android.widget.TabWidget descendant TextView index:0","touches":[{"x":50,"y":50,"offset_x":0,"offset_y":0,"wait":0.0,"time":0.2,"release":true,"query_string":null}]}]}
12-13 22:51:30.439 I/System.out( 4536): }
12-13 22:51:30.796 W/View    ( 4536): dispatchProvideAutofillStructure(): not laid out, ignoring
12-13 22:51:30.801 I/chatty  ( 4536): uid=10128(u0_a128) com.evancharlton.mileage identical 3 lines
12-13 22:51:30.802 W/View    ( 4536): dispatchProvideAutofillStructure(): not laid out, ignoring
12-13 22:51:30.802 W/Binder  ( 1627): Outgoing transactions from this process must be FLAG_ONEWAY
12-13 22:51:30.802 W/Binder  ( 1627): java.lang.Throwable
12-13 22:51:30.802 W/Binder  ( 1627): 	at android.os.BinderProxy.transact(Binder.java:736)
12-13 22:51:30.802 W/Binder  ( 1627): 	at android.app.assist.AssistStructure$ParcelTransferReader.fetchData(AssistStructure.java:407)
12-13 22:51:30.802 W/Binder  ( 1627): 	at android.app.assist.AssistStructure$ParcelTransferReader.go(AssistStructure.java:343)
12-13 22:51:30.802 W/Binder  ( 1627): 	at android.app.assist.AssistStructure.ensureData(AssistStructure.java:2096)
12-13 22:51:30.802 W/Binder  ( 1627): 	at com.android.server.autofill.Session$1.send(Session.java:200)
12-13 22:51:30.802 W/Binder  ( 1627): 	at com.android.server.am.ActivityManagerService.reportAssistContextExtras(ActivityManagerService.java:13137)
12-13 22:51:30.802 W/Binder  ( 1627): 	at android.app.IActivityManager$Stub.onTransact(IActivityManager.java:2466)
12-13 22:51:30.802 W/Binder  ( 1627): 	at com.android.server.am.ActivityManagerService.onTransact(ActivityManagerService.java:2935)
12-13 22:51:30.802 W/Binder  ( 1627): 	at android.os.Binder.execTransact(Binder.java:674)
12-13 22:51:30.809 I/AssistStructure( 4536): Flattened final assist data: 10960 bytes, containing 1 windows, 49 views
12-13 22:51:30.816 E/memtrack( 1627): Couldn't load memtrack module
12-13 22:51:30.816 W/android.os.Debug( 1627): failed to get memory consumption info: -1
12-13 22:51:30.827 I/AssistStructure( 1627): Flattened final assist data: 9988 bytes, containing 1 windows, 49 views
12-13 22:51:30.831 W/lgq     ( 1934): Pending fill request while another request in the same session was triggered. [CONTEXT service_id=177 ]
12-13 22:51:31.077 E/SurfaceFlinger( 1405): ro.sf.lcd_density must be defined as a build property
12-13 22:51:31.086 D/gralloc_ranchu( 1396): gralloc_alloc: Creating ashmem region of size 8298496
12-13 22:51:31.097 D/        ( 4669): HostConnection::get() New Host Connection established 0xb452f800, tid 4669
