--------- beginning of main
12-13 22:52:56.808 E/adbd    ( 1382): failed to connect to socket 'tcp:7102': Connection refused
12-13 22:52:56.871 V/StatusBar( 1727): setLightsOn(true)
--------- beginning of system
12-13 22:52:56.886 W/ActivityManager( 1628): Finishing task with all activities already finished
12-13 22:52:56.886 W/ActivityManager( 1628): Duplicate finish request for ActivityRecord{cce5f44 u0 com.evancharlton.mileage/.Mileage t252 f}
12-13 22:52:56.889 W/ActivityManager( 1628): Finishing task with all activities already finished
12-13 22:52:56.889 I/chatty  ( 1727): uid=10028(u0_a28) com.android.systemui identical 2 lines
12-13 22:52:56.889 W/ActivityManager( 1628): Duplicate finish request for ActivityRecord{cce5f44 u0 com.evancharlton.mileage/.Mileage t252 f}
12-13 22:52:56.891 W/ActivityManager( 1628): Finishing task with all activities already finished
12-13 22:52:56.891 W/ActivityManager( 1628): Duplicate finish request for ActivityRecord{cce5f44 u0 com.evancharlton.mileage/.Mileage t252 f}
12-13 22:52:56.898 V/StatusBar( 1727): setLightsOn(true)
12-13 22:52:56.904 D/gralloc_ranchu( 1395): gralloc_alloc: Creating ashmem region of size 8298496
12-13 22:52:56.908 D/SurfaceFlinger( 1409): duplicate layer name: changing com.google.android.apps.nexuslauncher/com.google.android.apps.nexuslauncher.NexusLauncherActivity to com.google.android.apps.nexuslauncher/com.google.android.apps.nexuslauncher.NexusLauncherActivity#1
12-13 22:52:56.921 D/gralloc_ranchu( 1395): gralloc_alloc: Creating ashmem region of size 8298496
12-13 22:52:56.943 D/gralloc_ranchu( 1395): gralloc_alloc: Creating ashmem region of size 8298496
12-13 22:52:56.944 D/EGL_emulation( 1727): eglMakeCurrent: 0x87d492e0: ver 3 0 (tinfo 0x98d5fb70)
12-13 22:52:56.956 D/gralloc_ranchu( 1395): gralloc_alloc: Creating ashmem region of size 8298496
12-13 22:52:56.986 D/gralloc_ranchu( 1395): gralloc_alloc: Creating ashmem region of size 8298496
12-13 22:52:57.020 I/zygote  ( 4225): Do partial code cache collection, code=109KB, data=53KB
12-13 22:52:57.020 I/zygote  ( 4225): After code cache collection, code=109KB, data=53KB
12-13 22:52:57.021 I/zygote  ( 4225): Increasing code cache capacity to 512KB
12-13 22:52:57.088 E/hw-IPCThreadState( 1395): binder thread pool (1 threads) starved for 102 ms
12-13 22:52:57.089 D/gralloc_ranchu( 1395): gralloc_alloc: Creating ashmem region of size 8298496
12-13 22:52:57.095 E/IPCThreadState( 1409): binder thread pool (4 threads) starved for 174 ms
12-13 22:52:57.211 D/EGL_emulation( 2208): eglMakeCurrent: 0x9b6046c0: ver 3 0 (tinfo 0x9b603540)
12-13 22:52:57.239 D/EGL_emulation( 2180): eglMakeCurrent: 0x990fdfe0: ver 3 0 (tinfo 0x990fff90)
12-13 22:52:57.243 W/SessionLifecycleManager( 2208): Handover failed. Creating new session controller.
12-13 22:52:57.276 D/gralloc_ranchu( 1395): gralloc_alloc: Creating ashmem region of size 7753728
12-13 22:52:57.289 I/MicroDetectionWorker( 2208): #updateMicroDetector [detectionMode: [mDetectionMode: [1]]]
12-13 22:52:57.289 I/MicroDetectionWorker( 2208): #startMicroDetector [speakerMode: 0]
12-13 22:52:57.289 I/AudioController( 2208): Using mInputStreamFactoryBuilder
12-13 22:52:57.293 I/MicroDetectionWorker( 2208): onReady
12-13 22:52:57.296 I/MicroRecognitionRunner( 2208): Starting detection.
12-13 22:52:57.297 I/MicrophoneInputStream( 2208): mic_starting com.google.android.apps.gsa.staticplugins.aa.c@a08322b
12-13 22:52:57.318 I/AudioFlinger( 1475): AudioFlinger's thread 0xa5583680 tid=4283 ready to run
12-13 22:52:57.332 D/EGL_emulation( 1727): eglMakeCurrent: 0x87d492e0: ver 3 0 (tinfo 0x98d5fb70)
12-13 22:52:57.346 I/MicrophoneInputStream( 2208): mic_started com.google.android.apps.gsa.staticplugins.aa.c@a08322b
12-13 22:52:57.348 E/ActivityThread( 2208): Failed to find provider info for com.google.android.apps.gsa.testing.ui.audio.recorded
12-13 22:52:57.348 I/MicroDetectionWorker( 2208): onReady
12-13 22:52:57.357 I/MicrophoneInputStream( 2208): mic_close com.google.android.apps.gsa.staticplugins.aa.c@a08322b
12-13 22:52:57.361 D/EGL_emulation( 1727): eglMakeCurrent: 0x87d492e0: ver 3 0 (tinfo 0x98d5fb70)
12-13 22:52:57.370 I/chatty  ( 1727): uid=10028(u0_a28) RenderThread identical 1 line
12-13 22:52:57.379 D/EGL_emulation( 1727): eglMakeCurrent: 0x87d492e0: ver 3 0 (tinfo 0x98d5fb70)
12-13 22:52:57.387 I/MicroRecognitionRunner( 2208): Detection finished
12-13 22:52:57.388 W/ErrorReporter( 2208): reportError [type: 211, code: 524300]: Error reading from input stream
12-13 22:52:57.389 I/MicroRecognitionRunner( 2208): Stopping hotword detection.
12-13 22:52:57.390 W/ErrorProcessor( 2208): onFatalError, processing error from engine(4)
12-13 22:52:57.390 W/ErrorProcessor( 2208): com.google.android.apps.gsa.shared.speech.b.g: Error reading from input stream
12-13 22:52:57.390 W/ErrorProcessor( 2208): 	at com.google.android.apps.gsa.staticplugins.recognizer.j.a.a(SourceFile:28)
12-13 22:52:57.390 W/ErrorProcessor( 2208): 	at com.google.android.apps.gsa.staticplugins.recognizer.j.b.run(SourceFile:15)
12-13 22:52:57.390 W/ErrorProcessor( 2208): 	at java.util.concurrent.Executors$RunnableAdapter.call(Executors.java:457)
12-13 22:52:57.390 W/ErrorProcessor( 2208): 	at java.util.concurrent.FutureTask.run(FutureTask.java:266)
12-13 22:52:57.390 W/ErrorProcessor( 2208): 	at com.google.android.apps.gsa.shared.util.concurrent.a.ax.run(SourceFile:14)
12-13 22:52:57.390 W/ErrorProcessor( 2208): 	at com.google.android.apps.gsa.shared.util.concurrent.a.bl.run(SourceFile:4)
12-13 22:52:57.390 W/ErrorProcessor( 2208): 	at com.google.android.apps.gsa.shared.util.concurrent.a.bl.run(SourceFile:4)
12-13 22:52:57.390 W/ErrorProcessor( 2208): 	at java.util.concurrent.ThreadPoolExecutor.runWorker(ThreadPoolExecutor.java:1162)
12-13 22:52:57.390 W/ErrorProcessor( 2208): 	at java.util.concurrent.ThreadPoolExecutor$Worker.run(ThreadPoolExecutor.java:636)
12-13 22:52:57.390 W/ErrorProcessor( 2208): 	at java.lang.Thread.run(Thread.java:764)
12-13 22:52:57.390 W/ErrorProcessor( 2208): 	at com.google.android.apps.gsa.shared.util.concurrent.a.ai.run(SourceFile:6)
12-13 22:52:57.390 W/ErrorProcessor( 2208): Caused by: com.google.android.apps.gsa.shared.exception.GsaIOException: Error code: 393238 | Buffer overflow, no available space.
12-13 22:52:57.390 W/ErrorProcessor( 2208): 	at com.google.android.apps.gsa.speech.audio.Tee.f(SourceFile:103)
12-13 22:52:57.390 W/ErrorProcessor( 2208): 	at com.google.android.apps.gsa.speech.audio.au.read(SourceFile:2)
12-13 22:52:57.390 W/ErrorProcessor( 2208): 	at java.io.InputStream.read(InputStream.java:101)
12-13 22:52:57.390 W/ErrorProcessor( 2208): 	at com.google.android.apps.gsa.speech.audio.ao.run(SourceFile:18)
12-13 22:52:57.390 W/ErrorProcessor( 2208): 	at com.google.android.apps.gsa.speech.audio.an.run(SourceFile:2)
12-13 22:52:57.390 W/ErrorProcessor( 2208): 	... 9 more
12-13 22:52:57.392 D/BoundBrokerSvc( 2110): onUnbind: Intent { act=com.google.android.gms.pay.service.BIND cmp=com.google.android.gms/.chimera.GmsApiService }
12-13 22:52:57.396 D/EGL_emulation( 1727): eglMakeCurrent: 0x87d492e0: ver 3 0 (tinfo 0x98d5fb70)
12-13 22:52:57.429 I/chatty  ( 1727): uid=10028(u0_a28) RenderThread identical 3 lines
12-13 22:52:57.435 E/TaskPersister( 1628): File error accessing recents directory (directory doesn't exist?).
12-13 22:52:57.437 D/EGL_emulation( 1727): eglMakeCurrent: 0x87d492e0: ver 3 0 (tinfo 0x98d5fb70)
12-13 22:52:57.443 D/WificondControl( 1628): Scan result ready event
12-13 22:52:57.445 D/EGL_emulation( 1727): eglMakeCurrent: 0x87d492e0: ver 3 0 (tinfo 0x98d5fb70)
12-13 22:52:57.495 I/chatty  ( 1727): uid=10028(u0_a28) RenderThread identical 4 lines
12-13 22:52:57.499 D/EGL_emulation( 1727): eglMakeCurrent: 0x87d492e0: ver 3 0 (tinfo 0x98d5fb70)
12-13 22:52:57.509 I/AudioController( 2208): internalShutdown
12-13 22:52:57.510 D/EGL_emulation( 1727): eglMakeCurrent: 0x87d492e0: ver 3 0 (tinfo 0x98d5fb70)
12-13 22:52:57.514 D/EGL_emulation( 1727): eglMakeCurrent: 0x87d492e0: ver 3 0 (tinfo 0x98d5fb70)
12-13 22:52:57.520 I/DeviceStateChecker( 2208): DeviceStateChecker cancelled
12-13 22:52:57.520 I/MicroDetector( 2208): Keeping mic open: false
12-13 22:52:57.521 I/MicroDetectionWorker( 2208): #onError(false)
12-13 22:52:57.527 D/EGL_emulation( 1727): eglMakeCurrent: 0x87d492e0: ver 3 0 (tinfo 0x98d5fb70)
12-13 22:52:57.529 I/zygote  ( 1727): NativeAllocBackground concurrent copying GC freed 1657(159KB) AllocSpace objects, 0(0B) LOS objects, 49% free, 4MB/8MB, paused 2.194ms total 144.515ms
12-13 22:52:57.544 D/EGL_emulation( 1727): eglMakeCurrent: 0x87d492e0: ver 3 0 (tinfo 0x98d5fb70)
12-13 22:52:57.560 I/chatty  ( 1727): uid=10028(u0_a28) RenderThread identical 1 line
12-13 22:52:57.565 D/EGL_emulation( 1727): eglMakeCurrent: 0x87d492e0: ver 3 0 (tinfo 0x98d5fb70)
12-13 22:52:57.682 W/OpenGLRenderer( 2180): Incorrectly called buildLayer on View: ShortcutAndWidgetContainer, destroying layer...
12-13 22:52:57.807 I/OpenGLRenderer( 1628): Initialized EGL, version 1.4
12-13 22:52:57.807 D/OpenGLRenderer( 1628): Swap behavior 1
12-13 22:52:57.808 W/OpenGLRenderer( 1628): Failed to choose config with EGL_SWAP_BEHAVIOR_PRESERVED, retrying without...
12-13 22:52:57.808 D/OpenGLRenderer( 1628): Swap behavior 0
12-13 22:52:57.838 D/EGL_emulation( 1628): eglCreateContext: 0x9b5af0a0: maj 3 min 0 rcv 3
12-13 22:52:57.842 D/EGL_emulation( 1628): eglMakeCurrent: 0x9b5af0a0: ver 3 0 (tinfo 0x83b470c0)
12-13 22:52:57.844 E/eglCodecCommon( 1628): glUtilsParamSize: unknow param 0x00008cdf
12-13 22:52:57.844 E/eglCodecCommon( 1628): glUtilsParamSize: unknow param 0x00008cdf
12-13 22:52:57.845 E/eglCodecCommon( 1628): glUtilsParamSize: unknow param 0x00008824
12-13 22:52:57.845 E/eglCodecCommon( 1628): glUtilsParamSize: unknow param 0x00008824
12-13 22:52:57.915 D/AndroidRuntime( 4278): >>>>>> START com.android.internal.os.RuntimeInit uid 2000 <<<<<<
12-13 22:52:57.966 W/app_process( 4278): Unexpected CPU variant for X86 using defaults: x86
12-13 22:52:57.985 D/BoundBrokerSvc( 1937): onUnbind: Intent { act=com.google.android.gms.clearcut.service.START cmp=com.google.android.gms/.chimera.PersistentDirectBootAwareApiService }
12-13 22:52:57.989 D/AndroidRuntime( 4278): Calling main entry com.android.commands.am.Am
12-13 22:52:57.992 I/ActivityManager( 1628): Force stopping com.evancharlton.mileage appid=10130 user=0: start instr
12-13 22:52:57.992 I/ActivityManager( 1628): Killing 4225:com.evancharlton.mileage/u0a130 (adj 0): stop com.evancharlton.mileage
12-13 22:52:57.992 W/ActivityManager( 1628): Crash of app com.evancharlton.mileage running instrumentation ComponentInfo{com.evancharlton.mileage.test/sh.calaba.instrumentationbackend.CalabashInstrumentationTestRunner}
12-13 22:52:57.992 I/ActivityManager( 1628): Force stopping com.evancharlton.mileage appid=10130 user=0: finished inst
12-13 22:52:57.999 I/zygote  ( 4293): Not late-enabling -Xcheck:jni (already on)
12-13 22:52:58.009 I/ActivityManager( 1628): Start proc 4293:com.evancharlton.mileage/u0a130 for added application com.evancharlton.mileage
12-13 22:52:58.012 W/zygote  ( 4293): Unexpected CPU variant for X86 using defaults: x86
12-13 22:52:58.015 W/ActivityManager( 1628): setHasOverlayUi called on unknown pid: 4225
12-13 22:52:58.019 D/AndroidRuntime( 4278): Shutting down VM
12-13 22:52:58.063 W/zygote  ( 4293): Found duplicate classes, falling back to extracting from APK : /data/app/com.evancharlton.mileage.test-eRdFBxG9Qrg8HdUt31hKOQ==/base.apk
12-13 22:52:58.063 W/zygote  ( 4293): NOTE: This wastes RAM and hurts startup performance.
12-13 22:52:58.063 W/zygote  ( 4293): Found duplicated class when checking oat files: 'Ljunit/runner/BaseTestRunner;' in /data/app/com.evancharlton.mileage.test-eRdFBxG9Qrg8HdUt31hKOQ==/base.apk and /system/framework/android.test.runner.jar
12-13 22:52:58.063 W/zygote  ( 4293): 
12-13 22:52:58.070 E/adbd    ( 1382): failed to connect to socket 'tcp:7102': Connection refused
12-13 22:52:58.073 E/adbd    ( 1382): failed to connect to socket 'tcp:7102': Connection refused
12-13 22:52:58.075 D/BoundBrokerSvc( 1937): onUnbind: Intent { act=com.google.android.gms.tapandpay.service.BIND cmp=com.google.android.gms/.chimera.PersistentApiService }
12-13 22:52:58.105 W/System  ( 4293): ClassLoader referenced unknown path: 
12-13 22:52:58.123 I/System.out( 4293): Main activity name automatically set to: com.evancharlton.mileage.Mileage
12-13 22:52:58.124 I/System.out( 4293): Calabash did not load Mono. This is only a problem if you are trying to test a Mono application
12-13 22:52:58.124 I/calabash( 4293): Test server port: 7102
12-13 22:52:58.126 I/InstrumentationBackend( 4293): Added:'GetPreferences', with key:'get_preferences'
12-13 22:52:58.189 E/adbd    ( 1382): failed to connect to socket 'tcp:7102': Connection refused
12-13 22:52:58.192 E/adbd    ( 1382): failed to connect to socket 'tcp:7102': Connection refused
12-13 22:52:58.199 I/InstrumentationBackend( 4293): Added:'SetPreferences', with key:'set_preferences'
12-13 22:52:58.200 I/InstrumentationBackend( 4293): Added:'ClearPreferences', with key:'clear_preferences'
12-13 22:52:58.200 I/InstrumentationBackend( 4293): Added:'PressElement', with key:'press_l10n_element'
12-13 22:52:58.200 I/InstrumentationBackend( 4293): Added:'WaitForElement', with key:'wait_for_l10n_element'
12-13 22:52:58.202 I/InstrumentationBackend( 4293): Added:'NullAction', with key:'nullAction'
12-13 22:52:58.202 I/InstrumentationBackend( 4293): Added:'PressKey', with key:'press_key'
12-13 22:52:58.202 I/InstrumentationBackend( 4293): Added:'SetActivityOrientation', with key:'set_activity_orientation'
12-13 22:52:58.203 I/InstrumentationBackend( 4293): Added:'GetActivityOrientation', with key:'get_activity_orientation'
12-13 22:52:58.203 I/InstrumentationBackend( 4293): Added:'FakeGPSLocation', with key:'set_gps_coordinates'
12-13 22:52:58.203 I/InstrumentationBackend( 4293): Added:'SetPropertyByCssSelector', with key:'set_property_by_css_selector'
12-13 22:52:58.205 I/InstrumentationBackend( 4293): Added:'GetUrl', with key:'get_url'
12-13 22:52:58.208 I/InstrumentationBackend( 4293): Added:'ScrollTo', with key:'scroll_to'
12-13 22:52:58.208 I/InstrumentationBackend( 4293): Added:'GetLoadProgress', with key:'get_load_progress'
12-13 22:52:58.209 I/InstrumentationBackend( 4293): Added:'DumpHtml', with key:'dump_html'
12-13 22:52:58.209 I/InstrumentationBackend( 4293): Added:'DumpBodyHtml', with key:'dump_body_html'
12-13 22:52:58.209 I/InstrumentationBackend( 4293): Added:'EnterTextByCssSelector', with key:'enter_text_by_selector'
12-13 22:52:58.214 I/InstrumentationBackend( 4293): Added:'AndroidSDKVersion', with key:'android_sdk_version'
12-13 22:52:58.215 I/InstrumentationBackend( 4293): Added:'Version', with key:'version'
12-13 22:52:58.215 I/InstrumentationBackend( 4293): Added:'Drag', with key:'drag'
12-13 22:52:58.215 I/InstrumentationBackend( 4293): Added:'TouchCoordinates', with key:'touch_coordinate'
12-13 22:52:58.215 I/InstrumentationBackend( 4293): Added:'LongPressCoordinate', with key:'long_press_coordinate'
12-13 22:52:58.215 I/InstrumentationBackend( 4293): Added:'DragCoordinates', with key:'drag_coordinates'
12-13 22:52:58.216 I/InstrumentationBackend( 4293): Added:'ResumeApplication', with key:'resume_application'
12-13 22:52:58.216 I/InstrumentationBackend( 4293): Added:'Swipe', with key:'swipe'
12-13 22:52:58.216 I/InstrumentationBackend( 4293): Added:'DoubleTapCoordinate', with key:'double_tap_coordinate'
12-13 22:52:58.216 I/InstrumentationBackend( 4293): Added:'ClickOnScreen', with key:'click_on_screen'
12-13 22:52:58.217 I/InstrumentationBackend( 4293): Added:'GetActivityName', with key:'get_activity_name'
12-13 22:52:58.218 I/InstrumentationBackend( 4293): Added:'ScrollToView', with key:'scroll_to_view'
12-13 22:52:58.218 I/InstrumentationBackend( 4293): Added:'ViewConfiguration', with key:'view_configuration'
12-13 22:52:58.218 I/InstrumentationBackend( 4293): Added:'IsCurrentActivityFocused', with key:'is_current_activity_focused'
12-13 22:52:58.219 I/InstrumentationBackend( 4293): Added:'SendTcp', with key:'send_tcp'
12-13 22:52:58.219 I/InstrumentationBackend( 4293): Added:'DpToDevicePixel', with key:'dp_to_device_pixel'
12-13 22:52:58.223 I/InstrumentationBackend( 4293): Added:'KeyboardEnterText', with key:'keyboard_enter_text'
12-13 22:52:58.223 I/InstrumentationBackend( 4293): Added:'DeleteSurroundingText', with key:'delete_surrounding_text'
12-13 22:52:58.224 I/InstrumentationBackend( 4293): Added:'SetComposingRegion', with key:'set_composing_region'
12-13 22:52:58.224 I/InstrumentationBackend( 4293): Added:'SetSelection', with key:'set_selection'
12-13 22:52:58.224 I/InstrumentationBackend( 4293): Added:'KeyboardKeyEvent', with key:'keyboard_key_event'
12-13 22:52:58.225 I/InstrumentationBackend( 4293): Added:'PressUserActionButton', with key:'press_user_action_button'
12-13 22:52:58.226 I/InstrumentationBackend( 4293): Added:'HideSoftKeyboard', with key:'hide_soft_keyboard'
12-13 22:52:58.227 I/InstrumentationBackend( 4293): Added:'ListActions', with key:'list_actions'
12-13 22:52:58.227 I/calabash( 4293): Instantiating http server at 7102
12-13 22:52:58.228 I/System.out( 4293): HTTP Daemon listening on: 7102
12-13 22:52:58.315 I/System.out( 4293): URI: //ping
12-13 22:52:58.316 I/System.out( 4293): params: {json={}
12-13 22:52:58.316 I/System.out( 4293): }
12-13 22:52:58.334 I/System.out( 4293): URI: //ping
12-13 22:52:58.334 I/System.out( 4293): params: {json={}
12-13 22:52:58.334 I/System.out( 4293): }
12-13 22:52:58.342 I/System.out( 4293): URI: //ready
12-13 22:52:58.342 I/System.out( 4293): params: {json={}
12-13 22:52:58.342 I/System.out( 4293): }
12-13 22:52:58.349 I/System.out( 4293): URI: //
12-13 22:52:58.349 I/System.out( 4293): params: {json={"command":"version","arguments":[]}
12-13 22:52:58.349 I/System.out( 4293): }
12-13 22:52:58.349 I/System.out( 4293): header: {content-type=application/json;charset=utf-8, date=Mon, 14 Dec 2020 03:52:59 GMT, accept=*/*, host=127.0.0.1:34777, content-length=36, user-agent=HTTPClient/1.0 (2.8.3, ruby 2.5.8 (2020-03-31))}
12-13 22:52:58.349 I/System.out( 4293): params: {json={"command":"version","arguments":[]}
12-13 22:52:58.349 I/System.out( 4293): }
12-13 22:52:58.350 I/System.out( 4293): ProP json = {"command":"version","arguments":[]}
12-13 22:52:58.350 I/System.out( 4293): files: {}
12-13 22:52:58.350 I/System.out( 4293): command: {"command":"version","arguments":[]}
12-13 22:52:58.391 I/InstrumentationBackend( 4293): Got command:'Command:'Line:null,version', arguments:'[]'
12-13 22:52:58.429 I/System.out( 4293): result:{"bonusInformation":[],"message":"0.9.8","success":true}
12-13 22:52:58.436 I/System.out( 4293): URI: //start-application
12-13 22:52:58.436 I/System.out( 4293): params: {json={"intent":null}
12-13 22:52:58.436 I/System.out( 4293): }
12-13 22:52:58.480 I/ActivityManager( 1628): START u0 {act=android.intent.action.MAIN cat=[android.intent.category.LAUNCHER] flg=0x10200000 cmp=com.evancharlton.mileage/.Mileage} from uid 10130
12-13 22:52:58.494 E/memtrack( 1628): Couldn't load memtrack module
12-13 22:52:58.494 W/android.os.Debug( 1628): failed to get memory consumption info: -1
12-13 22:52:58.496 I/calabash( 4293): newActivity1
12-13 22:52:58.523 D/gralloc_ranchu( 1395): gralloc_alloc: Creating ashmem region of size 7753728
12-13 22:52:58.535 W/ActivityManager( 1628): Bad activity token: android.os.BinderProxy@d9a3b9c
12-13 22:52:58.535 W/ActivityManager( 1628): java.lang.ClassCastException: android.os.BinderProxy cannot be cast to com.android.server.am.ActivityRecord$Token
12-13 22:52:58.535 W/ActivityManager( 1628): 	at com.android.server.am.ActivityRecord.forTokenLocked(ActivityRecord.java:778)
12-13 22:52:58.535 W/ActivityManager( 1628): 	at com.android.server.am.ActivityRecord.isInStackLocked(ActivityRecord.java:2085)
12-13 22:52:58.535 W/ActivityManager( 1628): 	at com.android.server.am.ActivityRecord.getStackLocked(ActivityRecord.java:2090)
12-13 22:52:58.535 W/ActivityManager( 1628): 	at com.android.server.am.ActivityManagerService.getActivityDisplayId(ActivityManagerService.java:10406)
12-13 22:52:58.535 W/ActivityManager( 1628): 	at android.app.IActivityManager$Stub.onTransact(IActivityManager.java:2738)
12-13 22:52:58.535 W/ActivityManager( 1628): 	at com.android.server.am.ActivityManagerService.onTransact(ActivityManagerService.java:2935)
12-13 22:52:58.535 W/ActivityManager( 1628): 	at android.os.Binder.execTransact(Binder.java:674)
12-13 22:52:58.537 I/calabash( 4293): newActivity1
12-13 22:52:58.546 W/ActivityManager( 1628): Bad activity token: android.os.BinderProxy@d9a3b9c
12-13 22:52:58.546 W/ActivityManager( 1628): java.lang.ClassCastException: android.os.BinderProxy cannot be cast to com.android.server.am.ActivityRecord$Token
12-13 22:52:58.546 W/ActivityManager( 1628): 	at com.android.server.am.ActivityRecord.forTokenLocked(ActivityRecord.java:778)
12-13 22:52:58.546 W/ActivityManager( 1628): 	at com.android.server.am.ActivityRecord.isInStackLocked(ActivityRecord.java:2085)
12-13 22:52:58.546 W/ActivityManager( 1628): 	at com.android.server.am.ActivityManagerService.setTaskDescription(ActivityManagerService.java:9988)
12-13 22:52:58.546 W/ActivityManager( 1628): 	at android.app.IActivityManager$Stub.onTransact(IActivityManager.java:2824)
12-13 22:52:58.546 W/ActivityManager( 1628): 	at com.android.server.am.ActivityManagerService.onTransact(ActivityManagerService.java:2935)
12-13 22:52:58.546 W/ActivityManager( 1628): 	at android.os.Binder.execTransact(Binder.java:674)
12-13 22:52:58.547 W/ActivityManager( 1628): Bad activity token: android.os.BinderProxy@d9a3b9c
12-13 22:52:58.547 W/ActivityManager( 1628): java.lang.ClassCastException: android.os.BinderProxy cannot be cast to com.android.server.am.ActivityRecord$Token
12-13 22:52:58.547 W/ActivityManager( 1628): 	at com.android.server.am.ActivityRecord.forTokenLocked(ActivityRecord.java:778)
12-13 22:52:58.547 W/ActivityManager( 1628): 	at com.android.server.am.ActivityRecord.isInStackLocked(ActivityRecord.java:2085)
12-13 22:52:58.547 W/ActivityManager( 1628): 	at com.android.server.am.ActivityRecord.getStackLocked(ActivityRecord.java:2090)
12-13 22:52:58.547 W/ActivityManager( 1628): 	at com.android.server.am.ActivityManagerService.getActivityStackId(ActivityManagerService.java:10417)
12-13 22:52:58.547 W/ActivityManager( 1628): 	at android.app.IActivityManager$Stub.onTransact(IActivityManager.java:3548)
12-13 22:52:58.547 W/ActivityManager( 1628): 	at com.android.server.am.ActivityManagerService.onTransact(ActivityManagerService.java:2935)
12-13 22:52:58.547 W/ActivityManager( 1628): 	at android.os.Binder.execTransact(Binder.java:674)
12-13 22:52:58.576 D/EGL_emulation( 2208): eglMakeCurrent: 0x9b6046c0: ver 3 0 (tinfo 0x9b603540)
12-13 22:52:58.577 D/EGL_emulation( 2180): eglMakeCurrent: 0x990fdfe0: ver 3 0 (tinfo 0x990fff90)
12-13 22:52:58.610 D/EGL_emulation( 1727): eglMakeCurrent: 0x87d492e0: ver 3 0 (tinfo 0x98d5fb70)
12-13 22:52:58.611 V/StatusBar( 1727): setLightsOn(true)
12-13 22:52:58.627 D/EGL_emulation( 1727): eglMakeCurrent: 0x87d492e0: ver 3 0 (tinfo 0x98d5fb70)
12-13 22:52:58.641 I/chatty  ( 1727): uid=10028(u0_a28) RenderThread identical 2 lines
12-13 22:52:58.649 D/EGL_emulation( 1727): eglMakeCurrent: 0x87d492e0: ver 3 0 (tinfo 0x98d5fb70)
12-13 22:52:58.655 E/ContentStoreEUAS( 2208): Failed to commit the deferred actions
12-13 22:52:58.661 D/EGL_emulation( 1727): eglMakeCurrent: 0x87d492e0: ver 3 0 (tinfo 0x98d5fb70)
12-13 22:52:58.729 W/ActivityManager( 1628): Bad activity token: android.os.BinderProxy@d9a3b9c
12-13 22:52:58.729 W/ActivityManager( 1628): java.lang.ClassCastException: android.os.BinderProxy cannot be cast to com.android.server.am.ActivityRecord$Token
12-13 22:52:58.729 W/ActivityManager( 1628): 	at com.android.server.am.ActivityRecord.forTokenLocked(ActivityRecord.java:778)
12-13 22:52:58.729 W/ActivityManager( 1628): 	at com.android.server.am.ActivityRecord.isInStackLocked(ActivityRecord.java:2085)
12-13 22:52:58.729 W/ActivityManager( 1628): 	at com.android.server.am.ActivityManagerService.getActivityOptions(ActivityManagerService.java:13302)
12-13 22:52:58.729 W/ActivityManager( 1628): 	at android.app.IActivityManager$Stub.onTransact(IActivityManager.java:2910)
12-13 22:52:58.729 W/ActivityManager( 1628): 	at com.android.server.am.ActivityManagerService.onTransact(ActivityManagerService.java:2935)
12-13 22:52:58.729 W/ActivityManager( 1628): 	at android.os.Binder.execTransact(Binder.java:674)
12-13 22:52:58.730 W/ActivityManager( 1628): Bad activity token: android.os.BinderProxy@d9a3b9c
12-13 22:52:58.730 W/ActivityManager( 1628): java.lang.ClassCastException: android.os.BinderProxy cannot be cast to com.android.server.am.ActivityRecord$Token
12-13 22:52:58.730 W/ActivityManager( 1628): 	at com.android.server.am.ActivityRecord.forTokenLocked(ActivityRecord.java:778)
12-13 22:52:58.730 W/ActivityManager( 1628): 	at com.android.server.am.ActivityRecord.isInStackLocked(ActivityRecord.java:2085)
12-13 22:52:58.730 W/ActivityManager( 1628): 	at com.android.server.am.ActivityManagerService.getActivityOptions(ActivityManagerService.java:13302)
12-13 22:52:58.730 W/ActivityManager( 1628): 	at android.app.IActivityManager$Stub.onTransact(IActivityManager.java:2910)
12-13 22:52:58.730 W/ActivityManager( 1628): 	at com.android.server.am.ActivityManagerService.onTransact(ActivityManagerService.java:2935)
12-13 22:52:58.730 W/ActivityManager( 1628): 	at android.os.Binder.execTransact(Binder.java:674)
12-13 22:52:58.780 I/chatty  ( 1727): uid=10028(u0_a28) RenderThread identical 13 lines
12-13 22:52:58.794 D/EGL_emulation( 1727): eglMakeCurrent: 0x87d492e0: ver 3 0 (tinfo 0x98d5fb70)
12-13 22:52:58.852 V/StatusBar( 1727): setLightsOn(true)
12-13 22:52:58.906 I/zygote  ( 4293): Do partial code cache collection, code=29KB, data=30KB
12-13 22:52:58.908 I/zygote  ( 4293): After code cache collection, code=29KB, data=30KB
12-13 22:52:58.908 I/zygote  ( 4293): Increasing code cache capacity to 128KB
12-13 22:52:58.909 I/zygote  ( 4293): Do partial code cache collection, code=29KB, data=47KB
12-13 22:52:58.911 I/zygote  ( 4293): After code cache collection, code=29KB, data=47KB
12-13 22:52:58.911 I/zygote  ( 4293): Increasing code cache capacity to 256KB
12-13 22:52:58.911 I/zygote  ( 4293): JIT allocated 71KB for compiled code of void android.widget.TextView.<init>(android.content.Context, android.util.AttributeSet, int, int)
12-13 22:52:58.911 I/zygote  ( 4293): Compiler allocated 4MB to compile void android.widget.TextView.<init>(android.content.Context, android.util.AttributeSet, int, int)
12-13 22:52:58.963 V/StatusBar( 1727): setLightsOn(true)
12-13 22:52:58.965 I/chatty  ( 1727): uid=10028(u0_a28) com.android.systemui identical 2 lines
12-13 22:52:59.003 V/StatusBar( 1727): setLightsOn(true)
12-13 22:52:59.033 D/gralloc_ranchu( 1395): gralloc_alloc: Creating ashmem region of size 7753728
12-13 22:52:59.062 D/        ( 4293): HostConnection::get() New Host Connection established 0x98cafc00, tid 4293
12-13 22:52:59.124 V/StatusBar( 1727): setLightsOn(true)
12-13 22:52:59.127 V/StatusBar( 1727): setLightsOn(true)
12-13 22:52:59.130 I/ActivityManager( 1628): Displayed com.evancharlton.mileage/.Mileage: +639ms
12-13 22:52:59.133 V/StatusBar( 1727): setLightsOn(true)
12-13 22:52:59.156 V/StatusBar( 1727): setLightsOn(true)
12-13 22:52:59.197 I/zygote  ( 4293): Do full code cache collection, code=125KB, data=69KB
12-13 22:52:59.199 D/gralloc_ranchu( 1395): gralloc_alloc: Creating ashmem region of size 7753728
12-13 22:52:59.200 I/zygote  ( 4293): After code cache collection, code=106KB, data=43KB
12-13 22:52:59.314 E/memtrack( 1628): Couldn't load memtrack module
12-13 22:52:59.314 W/android.os.Debug( 1628): failed to get memory consumption info: -1
12-13 22:52:59.328 V/StatusBar( 1727): setLightsOn(true)
12-13 22:52:59.348 W/SurfaceFlinger( 1409): couldn't log to binary event log: overflow.
12-13 22:52:59.430 I/PBSessionCacheImpl( 2208): Deleted sessionId[1390468714465] from persistence.
12-13 22:52:59.453 W/SearchService( 2208): Abort, client detached.
