--------- beginning of main
12-13 22:59:04.033 D/AndroidRuntime( 4221): >>>>>> START com.android.internal.os.RuntimeInit uid 2000 <<<<<<
12-13 22:59:04.067 W/app_process( 4221): Unexpected CPU variant for X86 using defaults: x86
12-13 22:59:04.084 D/AndroidRuntime( 4221): Calling main entry com.android.commands.am.Am
12-13 22:59:04.100 I/zygote  ( 4231): Not late-enabling -Xcheck:jni (already on)
12-13 22:59:04.107 D/AndroidRuntime( 4221): Shutting down VM
12-13 22:59:04.108 E/memtrack( 1628): Couldn't load memtrack module
12-13 22:59:04.108 W/android.os.Debug( 1628): failed to get memory consumption info: -1
12-13 22:59:04.111 W/zygote  ( 4231): Unexpected CPU variant for X86 using defaults: x86
12-13 22:59:04.131 E/adbd    ( 1383): failed to connect to socket 'tcp:7102': Connection refused
12-13 22:59:04.134 E/adbd    ( 1383): failed to connect to socket 'tcp:7102': Connection refused
12-13 22:59:04.147 W/zygote  ( 4231): Found duplicate classes, falling back to extracting from APK : /data/app/com.evancharlton.mileage.test-5I6A-8mruO0aFd3q2jToIw==/base.apk
12-13 22:59:04.147 W/zygote  ( 4231): NOTE: This wastes RAM and hurts startup performance.
12-13 22:59:04.147 W/zygote  ( 4231): Found duplicated class when checking oat files: 'Ljunit/runner/BaseTestRunner;' in /data/app/com.evancharlton.mileage.test-5I6A-8mruO0aFd3q2jToIw==/base.apk and /system/framework/android.test.runner.jar
12-13 22:59:04.147 W/zygote  ( 4231): 
12-13 22:59:04.177 W/System  ( 4231): ClassLoader referenced unknown path: 
12-13 22:59:04.189 I/System.out( 4231): Main activity name automatically set to: com.evancharlton.mileage.Mileage
12-13 22:59:04.190 I/System.out( 4231): Calabash did not load Mono. This is only a problem if you are trying to test a Mono application
12-13 22:59:04.190 I/calabash( 4231): Test server port: 7102
12-13 22:59:04.191 I/InstrumentationBackend( 4231): Added:'GetPreferences', with key:'get_preferences'
12-13 22:59:04.249 I/InstrumentationBackend( 4231): Added:'SetPreferences', with key:'set_preferences'
12-13 22:59:04.250 I/InstrumentationBackend( 4231): Added:'ClearPreferences', with key:'clear_preferences'
12-13 22:59:04.250 E/adbd    ( 1383): failed to connect to socket 'tcp:7102': Connection refused
12-13 22:59:04.252 I/InstrumentationBackend( 4231): Added:'PressElement', with key:'press_l10n_element'
12-13 22:59:04.252 I/InstrumentationBackend( 4231): Added:'WaitForElement', with key:'wait_for_l10n_element'
12-13 22:59:04.253 E/adbd    ( 1383): failed to connect to socket 'tcp:7102': Connection refused
12-13 22:59:04.254 I/InstrumentationBackend( 4231): Added:'NullAction', with key:'nullAction'
12-13 22:59:04.254 I/InstrumentationBackend( 4231): Added:'PressKey', with key:'press_key'
12-13 22:59:04.255 I/InstrumentationBackend( 4231): Added:'SetActivityOrientation', with key:'set_activity_orientation'
12-13 22:59:04.255 I/InstrumentationBackend( 4231): Added:'GetActivityOrientation', with key:'get_activity_orientation'
12-13 22:59:04.256 I/InstrumentationBackend( 4231): Added:'FakeGPSLocation', with key:'set_gps_coordinates'
12-13 22:59:04.256 I/InstrumentationBackend( 4231): Added:'SetPropertyByCssSelector', with key:'set_property_by_css_selector'
12-13 22:59:04.257 I/InstrumentationBackend( 4231): Added:'GetUrl', with key:'get_url'
12-13 22:59:04.259 I/InstrumentationBackend( 4231): Added:'ScrollTo', with key:'scroll_to'
12-13 22:59:04.260 I/InstrumentationBackend( 4231): Added:'GetLoadProgress', with key:'get_load_progress'
12-13 22:59:04.260 I/InstrumentationBackend( 4231): Added:'DumpHtml', with key:'dump_html'
12-13 22:59:04.261 I/InstrumentationBackend( 4231): Added:'DumpBodyHtml', with key:'dump_body_html'
12-13 22:59:04.261 I/InstrumentationBackend( 4231): Added:'EnterTextByCssSelector', with key:'enter_text_by_selector'
12-13 22:59:04.265 I/InstrumentationBackend( 4231): Added:'AndroidSDKVersion', with key:'android_sdk_version'
12-13 22:59:04.266 I/InstrumentationBackend( 4231): Added:'Version', with key:'version'
12-13 22:59:04.266 I/InstrumentationBackend( 4231): Added:'Drag', with key:'drag'
12-13 22:59:04.266 I/InstrumentationBackend( 4231): Added:'TouchCoordinates', with key:'touch_coordinate'
12-13 22:59:04.267 I/InstrumentationBackend( 4231): Added:'LongPressCoordinate', with key:'long_press_coordinate'
12-13 22:59:04.267 I/InstrumentationBackend( 4231): Added:'DragCoordinates', with key:'drag_coordinates'
12-13 22:59:04.268 I/InstrumentationBackend( 4231): Added:'ResumeApplication', with key:'resume_application'
12-13 22:59:04.268 I/InstrumentationBackend( 4231): Added:'Swipe', with key:'swipe'
12-13 22:59:04.269 I/InstrumentationBackend( 4231): Added:'DoubleTapCoordinate', with key:'double_tap_coordinate'
12-13 22:59:04.269 I/InstrumentationBackend( 4231): Added:'ClickOnScreen', with key:'click_on_screen'
12-13 22:59:04.270 I/InstrumentationBackend( 4231): Added:'GetActivityName', with key:'get_activity_name'
12-13 22:59:04.270 I/InstrumentationBackend( 4231): Added:'ScrollToView', with key:'scroll_to_view'
12-13 22:59:04.271 I/InstrumentationBackend( 4231): Added:'ViewConfiguration', with key:'view_configuration'
12-13 22:59:04.271 I/InstrumentationBackend( 4231): Added:'IsCurrentActivityFocused', with key:'is_current_activity_focused'
12-13 22:59:04.271 I/InstrumentationBackend( 4231): Added:'SendTcp', with key:'send_tcp'
12-13 22:59:04.272 I/InstrumentationBackend( 4231): Added:'DpToDevicePixel', with key:'dp_to_device_pixel'
12-13 22:59:04.273 I/InstrumentationBackend( 4231): Added:'KeyboardEnterText', with key:'keyboard_enter_text'
12-13 22:59:04.274 I/InstrumentationBackend( 4231): Added:'DeleteSurroundingText', with key:'delete_surrounding_text'
12-13 22:59:04.274 I/InstrumentationBackend( 4231): Added:'SetComposingRegion', with key:'set_composing_region'
12-13 22:59:04.275 I/InstrumentationBackend( 4231): Added:'SetSelection', with key:'set_selection'
12-13 22:59:04.275 I/InstrumentationBackend( 4231): Added:'KeyboardKeyEvent', with key:'keyboard_key_event'
12-13 22:59:04.276 I/InstrumentationBackend( 4231): Added:'PressUserActionButton', with key:'press_user_action_button'
12-13 22:59:04.276 I/InstrumentationBackend( 4231): Added:'HideSoftKeyboard', with key:'hide_soft_keyboard'
12-13 22:59:04.278 I/InstrumentationBackend( 4231): Added:'ListActions', with key:'list_actions'
12-13 22:59:04.278 I/calabash( 4231): Instantiating http server at 7102
12-13 22:59:04.279 I/System.out( 4231): HTTP Daemon listening on: 7102
12-13 22:59:04.362 I/System.out( 4231): URI: //ping
12-13 22:59:04.363 I/System.out( 4231): params: {json={}
12-13 22:59:04.363 I/System.out( 4231): }
12-13 22:59:04.371 I/System.out( 4231): URI: //ping
12-13 22:59:04.371 I/System.out( 4231): params: {json={}
12-13 22:59:04.371 I/System.out( 4231): }
12-13 22:59:04.377 I/System.out( 4231): URI: //ready
12-13 22:59:04.377 I/System.out( 4231): params: {json={}
12-13 22:59:04.377 I/System.out( 4231): }
12-13 22:59:04.385 I/System.out( 4231): URI: //
12-13 22:59:04.385 I/System.out( 4231): params: {json={"command":"version","arguments":[]}
12-13 22:59:04.385 I/System.out( 4231): }
12-13 22:59:04.385 I/System.out( 4231): header: {content-type=application/json;charset=utf-8, date=Mon, 14 Dec 2020 03:59:05 GMT, accept=*/*, host=127.0.0.1:34777, content-length=36, user-agent=HTTPClient/1.0 (2.8.3, ruby 2.5.8 (2020-03-31))}
12-13 22:59:04.385 I/System.out( 4231): params: {json={"command":"version","arguments":[]}
12-13 22:59:04.385 I/System.out( 4231): }
12-13 22:59:04.385 I/System.out( 4231): ProP json = {"command":"version","arguments":[]}
12-13 22:59:04.386 I/System.out( 4231): files: {}
12-13 22:59:04.386 I/System.out( 4231): command: {"command":"version","arguments":[]}
12-13 22:59:04.412 I/InstrumentationBackend( 4231): Got command:'Command:'Line:null,version', arguments:'[]'
12-13 22:59:04.450 I/System.out( 4231): result:{"bonusInformation":[],"message":"0.9.8","success":true}
12-13 22:59:04.457 I/System.out( 4231): URI: //start-application
12-13 22:59:04.457 I/System.out( 4231): params: {json={"intent":null}
12-13 22:59:04.457 I/System.out( 4231): }
12-13 22:59:04.512 I/calabash( 4231): newActivity1
12-13 22:59:04.525 D/gralloc_ranchu( 1396): gralloc_alloc: Creating ashmem region of size 7753728
12-13 22:59:04.555 I/calabash( 4231): newActivity1
12-13 22:59:04.579 D/EGL_emulation( 2176): eglMakeCurrent: 0xa6547e60: ver 3 0 (tinfo 0xa66ff850)
12-13 22:59:04.580 D/EGL_emulation( 2147): eglMakeCurrent: 0xa8e05420: ver 3 0 (tinfo 0xa8e03360)
12-13 22:59:04.604 D/EGL_emulation( 1725): eglMakeCurrent: 0xa6334100: ver 3 0 (tinfo 0x953afb50)
12-13 22:59:04.613 I/chatty  ( 1725): uid=10028(u0_a28) RenderThread identical 1 line
12-13 22:59:04.624 D/EGL_emulation( 1725): eglMakeCurrent: 0xa6334100: ver 3 0 (tinfo 0x953afb50)
12-13 22:59:04.625 V/StatusBar( 1725): setLightsOn(true)
12-13 22:59:04.631 D/EGL_emulation( 1725): eglMakeCurrent: 0xa6334100: ver 3 0 (tinfo 0x953afb50)
12-13 22:59:04.640 E/ContentStoreEUAS( 2176): Failed to commit the deferred actions
12-13 22:59:04.645 D/EGL_emulation( 1725): eglMakeCurrent: 0xa6334100: ver 3 0 (tinfo 0x953afb50)
12-13 22:59:04.801 I/chatty  ( 1725): uid=10028(u0_a28) RenderThread identical 18 lines
12-13 22:59:04.812 D/EGL_emulation( 1725): eglMakeCurrent: 0xa6334100: ver 3 0 (tinfo 0x953afb50)
12-13 22:59:04.825 V/StatusBar( 1725): setLightsOn(true)
12-13 22:59:04.878 I/zygote  ( 4231): Do partial code cache collection, code=28KB, data=30KB
12-13 22:59:04.878 I/zygote  ( 4231): After code cache collection, code=28KB, data=30KB
12-13 22:59:04.878 I/zygote  ( 4231): Increasing code cache capacity to 128KB
12-13 22:59:04.879 I/zygote  ( 4231): Do partial code cache collection, code=28KB, data=48KB
12-13 22:59:04.880 I/zygote  ( 4231): After code cache collection, code=28KB, data=48KB
12-13 22:59:04.880 I/zygote  ( 4231): Increasing code cache capacity to 256KB
12-13 22:59:04.880 I/zygote  ( 4231): JIT allocated 71KB for compiled code of void android.widget.TextView.<init>(android.content.Context, android.util.AttributeSet, int, int)
12-13 22:59:04.880 I/zygote  ( 4231): Compiler allocated 4MB to compile void android.widget.TextView.<init>(android.content.Context, android.util.AttributeSet, int, int)
12-13 22:59:04.899 V/StatusBar( 1725): setLightsOn(true)
12-13 22:59:04.904 I/chatty  ( 1725): uid=10028(u0_a28) com.android.systemui identical 1 line
12-13 22:59:04.907 V/StatusBar( 1725): setLightsOn(true)
12-13 22:59:04.947 D/gralloc_ranchu( 1396): gralloc_alloc: Creating ashmem region of size 7753728
12-13 22:59:04.967 D/        ( 4231): HostConnection::get() New Host Connection established 0xa6230d00, tid 4231
12-13 22:59:05.010 V/StatusBar( 1725): setLightsOn(true)
12-13 22:59:05.015 I/chatty  ( 1725): uid=10028(u0_a28) com.android.systemui identical 1 line
12-13 22:59:05.021 V/StatusBar( 1725): setLightsOn(true)
12-13 22:59:05.024 I/ActivityManager( 1628): Displayed com.evancharlton.mileage/.Mileage: +515ms
12-13 22:59:05.031 V/StatusBar( 1725): setLightsOn(true)
12-13 22:59:05.057 I/zygote  ( 4231): Do full code cache collection, code=125KB, data=71KB
12-13 22:59:05.058 I/zygote  ( 4231): After code cache collection, code=106KB, data=43KB
12-13 22:59:05.060 D/gralloc_ranchu( 1396): gralloc_alloc: Creating ashmem region of size 7753728
12-13 22:59:05.206 V/StatusBar( 1725): setLightsOn(true)
12-13 22:59:05.305 I/chatty  ( 1725): uid=10028(u0_a28) com.android.systemui identical 3 lines
12-13 22:59:05.319 V/StatusBar( 1725): setLightsOn(true)
12-13 22:59:05.335 W/SurfaceFlinger( 1408): couldn't log to binary event log: overflow.
12-13 22:59:05.348 I/System.out( 4231): URI: //kill
12-13 22:59:05.348 I/System.out( 4231): params: {json={}
12-13 22:59:05.348 I/System.out( 4231): }
12-13 22:59:05.349 I/System.out( 4231): Stopping test server
12-13 22:59:05.355 E/adbd    ( 1383): failed to connect to socket 'tcp:7102': Connection refused
12-13 22:59:05.357 E/adbd    ( 1383): failed to connect to socket 'tcp:7102': Connection refused
12-13 22:59:05.394 V/StatusBar( 1725): setLightsOn(true)
12-13 22:59:05.404 I/chatty  ( 1725): uid=10028(u0_a28) com.android.systemui identical 3 lines
12-13 22:59:05.409 V/StatusBar( 1725): setLightsOn(true)
12-13 22:59:05.409 D/gralloc_ranchu( 1396): gralloc_alloc: Creating ashmem region of size 8298496
12-13 22:59:05.412 E/memtrack( 1628): Couldn't load memtrack module
12-13 22:59:05.412 W/android.os.Debug( 1628): failed to get memory consumption info: -1
12-13 22:59:05.422 D/gralloc_ranchu( 1396): gralloc_alloc: Creating ashmem region of size 8298496
12-13 22:59:05.445 D/gralloc_ranchu( 1396): gralloc_alloc: Creating ashmem region of size 8298496
12-13 22:59:05.516 D/SurfaceFlinger( 1408): duplicate layer name: changing com.google.android.apps.nexuslauncher/com.google.android.apps.nexuslauncher.NexusLauncherActivity to com.google.android.apps.nexuslauncher/com.google.android.apps.nexuslauncher.NexusLauncherActivity#1
12-13 22:59:05.523 D/gralloc_ranchu( 1396): gralloc_alloc: Creating ashmem region of size 8298496
12-13 22:59:05.544 D/EGL_emulation( 1725): eglMakeCurrent: 0xa6334100: ver 3 0 (tinfo 0x953afb50)
12-13 22:59:05.546 D/gralloc_ranchu( 1396): gralloc_alloc: Creating ashmem region of size 8298496
12-13 22:59:05.582 D/EGL_emulation( 2176): eglMakeCurrent: 0xa6547e60: ver 3 0 (tinfo 0xa66ff850)
12-13 22:59:05.584 D/gralloc_ranchu( 1396): gralloc_alloc: Creating ashmem region of size 8298496
12-13 22:59:05.637 I/MicroDetectionWorker( 2176): #updateMicroDetector [detectionMode: [mDetectionMode: [1]]]
12-13 22:59:05.637 I/MicroDetectionWorker( 2176): #startMicroDetector [speakerMode: 0]
12-13 22:59:05.640 I/AudioController( 2176): Using mInputStreamFactoryBuilder
12-13 22:59:05.644 I/MicroDetectionWorker( 2176): onReady
12-13 22:59:05.659 I/MicroRecognitionRunner( 2176): Starting detection.
12-13 22:59:05.661 I/MicrophoneInputStream( 2176): mic_starting com.google.android.apps.gsa.staticplugins.aa.c@f60949b
12-13 22:59:05.670 D/EGL_emulation( 2147): eglMakeCurrent: 0xa8e05420: ver 3 0 (tinfo 0xa8e03360)
12-13 22:59:05.672 I/AudioFlinger( 1475): AudioFlinger's thread 0xabe83a00 tid=4281 ready to run
12-13 22:59:05.679 I/MicrophoneInputStream( 2176): mic_started com.google.android.apps.gsa.staticplugins.aa.c@f60949b
12-13 22:59:05.681 I/MicroDetectionWorker( 2176): onReady
12-13 22:59:05.694 I/MicrophoneInputStream( 2176): mic_close com.google.android.apps.gsa.staticplugins.aa.c@f60949b
12-13 22:59:05.696 I/MicroRecognitionRunner( 2176): Detection finished
12-13 22:59:05.696 W/ErrorReporter( 2176): reportError [type: 211, code: 524300]: Error reading from input stream
12-13 22:59:05.696 I/MicroRecognitionRunner( 2176): Stopping hotword detection.
12-13 22:59:05.696 W/ErrorProcessor( 2176): onFatalError, processing error from engine(4)
12-13 22:59:05.696 W/ErrorProcessor( 2176): com.google.android.apps.gsa.shared.speech.b.g: Error reading from input stream
12-13 22:59:05.696 W/ErrorProcessor( 2176): 	at com.google.android.apps.gsa.staticplugins.recognizer.j.a.a(SourceFile:28)
12-13 22:59:05.696 W/ErrorProcessor( 2176): 	at com.google.android.apps.gsa.staticplugins.recognizer.j.b.run(SourceFile:15)
12-13 22:59:05.696 W/ErrorProcessor( 2176): 	at java.util.concurrent.Executors$RunnableAdapter.call(Executors.java:457)
12-13 22:59:05.696 W/ErrorProcessor( 2176): 	at java.util.concurrent.FutureTask.run(FutureTask.java:266)
12-13 22:59:05.696 W/ErrorProcessor( 2176): 	at com.google.android.apps.gsa.shared.util.concurrent.a.ax.run(SourceFile:14)
12-13 22:59:05.696 W/ErrorProcessor( 2176): 	at com.google.android.apps.gsa.shared.util.concurrent.a.bl.run(SourceFile:4)
12-13 22:59:05.696 W/ErrorProcessor( 2176): 	at com.google.android.apps.gsa.shared.util.concurrent.a.bl.run(SourceFile:4)
12-13 22:59:05.696 W/ErrorProcessor( 2176): 	at java.util.concurrent.ThreadPoolExecutor.runWorker(ThreadPoolExecutor.java:1162)
12-13 22:59:05.696 W/ErrorProcessor( 2176): 	at java.util.concurrent.ThreadPoolExecutor$Worker.run(ThreadPoolExecutor.java:636)
12-13 22:59:05.696 W/ErrorProcessor( 2176): 	at java.lang.Thread.run(Thread.java:764)
12-13 22:59:05.696 W/ErrorProcessor( 2176): 	at com.google.android.apps.gsa.shared.util.concurrent.a.ai.run(SourceFile:6)
12-13 22:59:05.696 W/ErrorProcessor( 2176): Caused by: com.google.android.apps.gsa.shared.exception.GsaIOException: Error code: 393238 | Buffer overflow, no available space.
12-13 22:59:05.696 W/ErrorProcessor( 2176): 	at com.google.android.apps.gsa.speech.audio.Tee.f(SourceFile:103)
12-13 22:59:05.696 W/ErrorProcessor( 2176): 	at com.google.android.apps.gsa.speech.audio.au.read(SourceFile:2)
12-13 22:59:05.696 W/ErrorProcessor( 2176): 	at java.io.InputStream.read(InputStream.java:101)
12-13 22:59:05.696 W/ErrorProcessor( 2176): 	at com.google.android.apps.gsa.speech.audio.ao.run(SourceFile:18)
12-13 22:59:05.696 W/ErrorProcessor( 2176): 	at com.google.android.apps.gsa.speech.audio.an.run(SourceFile:2)
12-13 22:59:05.696 W/ErrorProcessor( 2176): 	... 9 more
12-13 22:59:05.696 I/AudioController( 2176): internalShutdown
12-13 22:59:05.697 I/MicroDetector( 2176): Keeping mic open: false
12-13 22:59:05.697 I/MicroDetectionWorker( 2176): #onError(false)
12-13 22:59:05.697 I/DeviceStateChecker( 2176): DeviceStateChecker cancelled
12-13 22:59:05.709 D/gralloc_ranchu( 1396): gralloc_alloc: Creating ashmem region of size 7753728
12-13 22:59:05.778 E/memtrack( 1628): Couldn't load memtrack module
12-13 22:59:05.778 W/android.os.Debug( 1628): failed to get memory consumption info: -1
12-13 22:59:05.787 D/EGL_emulation( 1725): eglMakeCurrent: 0xa6334100: ver 3 0 (tinfo 0x953afb50)
12-13 22:59:05.996 I/chatty  ( 1725): uid=10028(u0_a28) RenderThread identical 21 lines
12-13 22:59:05.998 D/EGL_emulation( 1725): eglMakeCurrent: 0xa6334100: ver 3 0 (tinfo 0x953afb50)
12-13 22:59:06.140 W/OpenGLRenderer( 2147): Incorrectly called buildLayer on View: ShortcutAndWidgetContainer, destroying layer...
12-13 22:59:06.247 I/OpenGLRenderer( 1628): Initialized EGL, version 1.4
12-13 22:59:06.247 D/OpenGLRenderer( 1628): Swap behavior 1
12-13 22:59:06.247 W/OpenGLRenderer( 1628): Failed to choose config with EGL_SWAP_BEHAVIOR_PRESERVED, retrying without...
12-13 22:59:06.247 D/OpenGLRenderer( 1628): Swap behavior 0
12-13 22:59:06.254 D/EGL_emulation( 1628): eglCreateContext: 0x9181c720: maj 3 min 0 rcv 3
12-13 22:59:06.256 D/EGL_emulation( 1628): eglMakeCurrent: 0x9181c720: ver 3 0 (tinfo 0x96bd8c90)
12-13 22:59:06.257 E/eglCodecCommon( 1628): glUtilsParamSize: unknow param 0x00008cdf
12-13 22:59:06.257 E/eglCodecCommon( 1628): glUtilsParamSize: unknow param 0x00008cdf
12-13 22:59:06.257 E/eglCodecCommon( 1628): glUtilsParamSize: unknow param 0x00008824
12-13 22:59:06.258 E/eglCodecCommon( 1628): glUtilsParamSize: unknow param 0x00008824
--------- beginning of system
12-13 22:59:08.528 E/TaskPersister( 1628): File error accessing recents directory (directory doesn't exist?).
12-13 22:59:08.691 D/AndroidRuntime( 4285): >>>>>> START com.android.internal.os.RuntimeInit uid 2000 <<<<<<
12-13 22:59:08.724 W/app_process( 4285): Unexpected CPU variant for X86 using defaults: x86
12-13 22:59:08.742 D/AndroidRuntime( 4285): Calling main entry com.android.commands.am.Am
12-13 22:59:08.743 I/ActivityManager( 1628): Force stopping com.evancharlton.mileage appid=10136 user=0: start instr
12-13 22:59:08.744 I/ActivityManager( 1628): Killing 4231:com.evancharlton.mileage/u0a136 (adj 0): stop com.evancharlton.mileage
12-13 22:59:08.746 W/ActivityManager( 1628): Crash of app com.evancharlton.mileage running instrumentation ComponentInfo{com.evancharlton.mileage.test/sh.calaba.instrumentationbackend.CalabashInstrumentationTestRunner}
12-13 22:59:08.747 I/ActivityManager( 1628): Force stopping com.evancharlton.mileage appid=10136 user=0: finished inst
12-13 22:59:08.747 I/ActivityManager( 1628): Killing 3389:com.google.android.apps.messaging:rcs/u0a66 (adj 906): empty #17
12-13 22:59:08.755 I/ActivityManager( 1628): Start proc 4295:com.evancharlton.mileage/u0a136 for added application com.evancharlton.mileage
12-13 22:59:08.755 D/AndroidRuntime( 4285): Shutting down VM
12-13 22:59:08.756 E/memtrack( 1628): Couldn't load memtrack module
12-13 22:59:08.756 W/android.os.Debug( 1628): failed to get memory consumption info: -1
12-13 22:59:08.766 I/zygote  ( 4295): Not late-enabling -Xcheck:jni (already on)
12-13 22:59:08.780 W/zygote  ( 4295): Unexpected CPU variant for X86 using defaults: x86
12-13 22:59:08.782 E/adbd    ( 1383): failed to connect to socket 'tcp:7102': Connection refused
12-13 22:59:08.787 E/adbd    ( 1383): failed to connect to socket 'tcp:7102': Connection refused
12-13 22:59:08.789 W/ActivityManager( 1628): setHasOverlayUi called on unknown pid: 4231
12-13 22:59:08.809 W/zygote  ( 4295): Found duplicate classes, falling back to extracting from APK : /data/app/com.evancharlton.mileage.test-5I6A-8mruO0aFd3q2jToIw==/base.apk
12-13 22:59:08.809 W/zygote  ( 4295): NOTE: This wastes RAM and hurts startup performance.
12-13 22:59:08.809 W/zygote  ( 4295): Found duplicated class when checking oat files: 'Ljunit/runner/BaseTestRunner;' in /data/app/com.evancharlton.mileage.test-5I6A-8mruO0aFd3q2jToIw==/base.apk and /system/framework/android.test.runner.jar
12-13 22:59:08.809 W/zygote  ( 4295): 
12-13 22:59:08.838 W/System  ( 4295): ClassLoader referenced unknown path: 
12-13 22:59:08.850 I/System.out( 4295): Main activity name automatically set to: com.evancharlton.mileage.Mileage
12-13 22:59:08.852 I/System.out( 4295): Calabash did not load Mono. This is only a problem if you are trying to test a Mono application
12-13 22:59:08.852 I/calabash( 4295): Test server port: 7102
12-13 22:59:08.853 I/InstrumentationBackend( 4295): Added:'GetPreferences', with key:'get_preferences'
12-13 22:59:08.900 E/adbd    ( 1383): failed to connect to socket 'tcp:7102': Connection refused
12-13 22:59:08.905 E/adbd    ( 1383): failed to connect to socket 'tcp:7102': Connection refused
12-13 22:59:08.916 I/InstrumentationBackend( 4295): Added:'SetPreferences', with key:'set_preferences'
12-13 22:59:08.917 I/InstrumentationBackend( 4295): Added:'ClearPreferences', with key:'clear_preferences'
12-13 22:59:08.917 I/InstrumentationBackend( 4295): Added:'PressElement', with key:'press_l10n_element'
12-13 22:59:08.918 I/InstrumentationBackend( 4295): Added:'WaitForElement', with key:'wait_for_l10n_element'
12-13 22:59:08.918 I/InstrumentationBackend( 4295): Added:'NullAction', with key:'nullAction'
12-13 22:59:08.919 I/InstrumentationBackend( 4295): Added:'PressKey', with key:'press_key'
12-13 22:59:08.919 I/InstrumentationBackend( 4295): Added:'SetActivityOrientation', with key:'set_activity_orientation'
12-13 22:59:08.919 I/InstrumentationBackend( 4295): Added:'GetActivityOrientation', with key:'get_activity_orientation'
12-13 22:59:08.919 I/InstrumentationBackend( 4295): Added:'FakeGPSLocation', with key:'set_gps_coordinates'
12-13 22:59:08.919 I/InstrumentationBackend( 4295): Added:'SetPropertyByCssSelector', with key:'set_property_by_css_selector'
12-13 22:59:08.921 I/InstrumentationBackend( 4295): Added:'GetUrl', with key:'get_url'
12-13 22:59:08.924 I/InstrumentationBackend( 4295): Added:'ScrollTo', with key:'scroll_to'
12-13 22:59:08.924 I/InstrumentationBackend( 4295): Added:'GetLoadProgress', with key:'get_load_progress'
12-13 22:59:08.924 I/InstrumentationBackend( 4295): Added:'DumpHtml', with key:'dump_html'
12-13 22:59:08.925 I/InstrumentationBackend( 4295): Added:'DumpBodyHtml', with key:'dump_body_html'
12-13 22:59:08.925 I/InstrumentationBackend( 4295): Added:'EnterTextByCssSelector', with key:'enter_text_by_selector'
12-13 22:59:08.929 I/InstrumentationBackend( 4295): Added:'AndroidSDKVersion', with key:'android_sdk_version'
12-13 22:59:08.929 I/InstrumentationBackend( 4295): Added:'Version', with key:'version'
12-13 22:59:08.929 I/InstrumentationBackend( 4295): Added:'Drag', with key:'drag'
12-13 22:59:08.929 I/InstrumentationBackend( 4295): Added:'TouchCoordinates', with key:'touch_coordinate'
12-13 22:59:08.930 I/InstrumentationBackend( 4295): Added:'LongPressCoordinate', with key:'long_press_coordinate'
12-13 22:59:08.930 I/InstrumentationBackend( 4295): Added:'DragCoordinates', with key:'drag_coordinates'
12-13 22:59:08.931 I/InstrumentationBackend( 4295): Added:'ResumeApplication', with key:'resume_application'
12-13 22:59:08.931 I/InstrumentationBackend( 4295): Added:'Swipe', with key:'swipe'
12-13 22:59:08.931 I/InstrumentationBackend( 4295): Added:'DoubleTapCoordinate', with key:'double_tap_coordinate'
12-13 22:59:08.931 I/InstrumentationBackend( 4295): Added:'ClickOnScreen', with key:'click_on_screen'
12-13 22:59:08.932 I/InstrumentationBackend( 4295): Added:'GetActivityName', with key:'get_activity_name'
12-13 22:59:08.933 I/InstrumentationBackend( 4295): Added:'ScrollToView', with key:'scroll_to_view'
12-13 22:59:08.933 I/InstrumentationBackend( 4295): Added:'ViewConfiguration', with key:'view_configuration'
12-13 22:59:08.933 I/InstrumentationBackend( 4295): Added:'IsCurrentActivityFocused', with key:'is_current_activity_focused'
12-13 22:59:08.934 I/InstrumentationBackend( 4295): Added:'SendTcp', with key:'send_tcp'
12-13 22:59:08.934 I/InstrumentationBackend( 4295): Added:'DpToDevicePixel', with key:'dp_to_device_pixel'
12-13 22:59:08.935 I/InstrumentationBackend( 4295): Added:'KeyboardEnterText', with key:'keyboard_enter_text'
12-13 22:59:08.936 I/InstrumentationBackend( 4295): Added:'DeleteSurroundingText', with key:'delete_surrounding_text'
12-13 22:59:08.936 I/InstrumentationBackend( 4295): Added:'SetComposingRegion', with key:'set_composing_region'
12-13 22:59:08.936 I/InstrumentationBackend( 4295): Added:'SetSelection', with key:'set_selection'
12-13 22:59:08.937 I/InstrumentationBackend( 4295): Added:'KeyboardKeyEvent', with key:'keyboard_key_event'
12-13 22:59:08.937 I/InstrumentationBackend( 4295): Added:'PressUserActionButton', with key:'press_user_action_button'
12-13 22:59:08.938 I/InstrumentationBackend( 4295): Added:'HideSoftKeyboard', with key:'hide_soft_keyboard'
12-13 22:59:08.939 I/InstrumentationBackend( 4295): Added:'ListActions', with key:'list_actions'
12-13 22:59:08.939 I/calabash( 4295): Instantiating http server at 7102
12-13 22:59:08.940 I/System.out( 4295): HTTP Daemon listening on: 7102
12-13 22:59:09.014 I/System.out( 4295): URI: //ping
12-13 22:59:09.014 I/System.out( 4295): params: {json={}
12-13 22:59:09.014 I/System.out( 4295): }
12-13 22:59:09.024 I/System.out( 4295): URI: //ping
12-13 22:59:09.024 I/System.out( 4295): params: {json={}
12-13 22:59:09.024 I/System.out( 4295): }
12-13 22:59:09.032 I/System.out( 4295): URI: //ready
12-13 22:59:09.032 I/System.out( 4295): params: {json={}
12-13 22:59:09.032 I/System.out( 4295): }
12-13 22:59:09.038 I/System.out( 4295): URI: //
12-13 22:59:09.038 I/System.out( 4295): params: {json={"command":"version","arguments":[]}
12-13 22:59:09.038 I/System.out( 4295): }
12-13 22:59:09.038 I/System.out( 4295): header: {content-type=application/json;charset=utf-8, date=Mon, 14 Dec 2020 03:59:10 GMT, accept=*/*, host=127.0.0.1:34777, content-length=36, user-agent=HTTPClient/1.0 (2.8.3, ruby 2.5.8 (2020-03-31))}
12-13 22:59:09.038 I/System.out( 4295): params: {json={"command":"version","arguments":[]}
12-13 22:59:09.038 I/System.out( 4295): }
12-13 22:59:09.039 I/System.out( 4295): ProP json = {"command":"version","arguments":[]}
12-13 22:59:09.039 I/System.out( 4295): files: {}
12-13 22:59:09.039 I/System.out( 4295): command: {"command":"version","arguments":[]}
12-13 22:59:09.067 I/InstrumentationBackend( 4295): Got command:'Command:'Line:null,version', arguments:'[]'
12-13 22:59:09.103 I/System.out( 4295): result:{"bonusInformation":[],"message":"0.9.8","success":true}
12-13 22:59:09.110 I/System.out( 4295): URI: //start-application
12-13 22:59:09.110 I/System.out( 4295): params: {json={"intent":null}
12-13 22:59:09.110 I/System.out( 4295): }
12-13 22:59:09.148 I/ActivityManager( 1628): START u0 {act=android.intent.action.MAIN cat=[android.intent.category.LAUNCHER] flg=0x10200000 cmp=com.evancharlton.mileage/.Mileage} from uid 10136
12-13 22:59:09.161 I/calabash( 4295): newActivity1
12-13 22:59:09.184 D/gralloc_ranchu( 1396): gralloc_alloc: Creating ashmem region of size 7753728
12-13 22:59:09.188 W/ActivityManager( 1628): Bad activity token: android.os.BinderProxy@f3c04eb
12-13 22:59:09.188 W/ActivityManager( 1628): java.lang.ClassCastException: android.os.BinderProxy cannot be cast to com.android.server.am.ActivityRecord$Token
12-13 22:59:09.188 W/ActivityManager( 1628): 	at com.android.server.am.ActivityRecord.forTokenLocked(ActivityRecord.java:778)
12-13 22:59:09.188 W/ActivityManager( 1628): 	at com.android.server.am.ActivityRecord.isInStackLocked(ActivityRecord.java:2085)
12-13 22:59:09.188 W/ActivityManager( 1628): 	at com.android.server.am.ActivityRecord.getStackLocked(ActivityRecord.java:2090)
12-13 22:59:09.188 W/ActivityManager( 1628): 	at com.android.server.am.ActivityManagerService.getActivityDisplayId(ActivityManagerService.java:10406)
12-13 22:59:09.188 W/ActivityManager( 1628): 	at android.app.IActivityManager$Stub.onTransact(IActivityManager.java:2738)
12-13 22:59:09.188 W/ActivityManager( 1628): 	at com.android.server.am.ActivityManagerService.onTransact(ActivityManagerService.java:2935)
12-13 22:59:09.188 W/ActivityManager( 1628): 	at android.os.Binder.execTransact(Binder.java:674)
12-13 22:59:09.189 I/calabash( 4295): newActivity1
12-13 22:59:09.200 W/ActivityManager( 1628): Bad activity token: android.os.BinderProxy@f3c04eb
12-13 22:59:09.200 W/ActivityManager( 1628): java.lang.ClassCastException: android.os.BinderProxy cannot be cast to com.android.server.am.ActivityRecord$Token
12-13 22:59:09.200 W/ActivityManager( 1628): 	at com.android.server.am.ActivityRecord.forTokenLocked(ActivityRecord.java:778)
12-13 22:59:09.200 W/ActivityManager( 1628): 	at com.android.server.am.ActivityRecord.isInStackLocked(ActivityRecord.java:2085)
12-13 22:59:09.200 W/ActivityManager( 1628): 	at com.android.server.am.ActivityManagerService.setTaskDescription(ActivityManagerService.java:9988)
12-13 22:59:09.200 W/ActivityManager( 1628): 	at android.app.IActivityManager$Stub.onTransact(IActivityManager.java:2824)
12-13 22:59:09.200 W/ActivityManager( 1628): 	at com.android.server.am.ActivityManagerService.onTransact(ActivityManagerService.java:2935)
12-13 22:59:09.200 W/ActivityManager( 1628): 	at android.os.Binder.execTransact(Binder.java:674)
12-13 22:59:09.200 W/ActivityManager( 1628): Bad activity token: android.os.BinderProxy@f3c04eb
12-13 22:59:09.200 W/ActivityManager( 1628): java.lang.ClassCastException: android.os.BinderProxy cannot be cast to com.android.server.am.ActivityRecord$Token
12-13 22:59:09.200 W/ActivityManager( 1628): 	at com.android.server.am.ActivityRecord.forTokenLocked(ActivityRecord.java:778)
12-13 22:59:09.200 W/ActivityManager( 1628): 	at com.android.server.am.ActivityRecord.isInStackLocked(ActivityRecord.java:2085)
12-13 22:59:09.200 W/ActivityManager( 1628): 	at com.android.server.am.ActivityRecord.getStackLocked(ActivityRecord.java:2090)
12-13 22:59:09.200 W/ActivityManager( 1628): 	at com.android.server.am.ActivityManagerService.getActivityStackId(ActivityManagerService.java:10417)
12-13 22:59:09.200 W/ActivityManager( 1628): 	at android.app.IActivityManager$Stub.onTransact(IActivityManager.java:3548)
12-13 22:59:09.200 W/ActivityManager( 1628): 	at com.android.server.am.ActivityManagerService.onTransact(ActivityManagerService.java:2935)
12-13 22:59:09.200 W/ActivityManager( 1628): 	at android.os.Binder.execTransact(Binder.java:674)
12-13 22:59:09.232 D/EGL_emulation( 2176): eglMakeCurrent: 0xa6547e60: ver 3 0 (tinfo 0xa66ff850)
12-13 22:59:09.246 D/EGL_emulation( 2147): eglMakeCurrent: 0xa8e05420: ver 3 0 (tinfo 0xa8e03360)
12-13 22:59:09.258 D/EGL_emulation( 1725): eglMakeCurrent: 0xa6334100: ver 3 0 (tinfo 0x953afb50)
12-13 22:59:09.276 I/chatty  ( 1725): uid=10028(u0_a28) RenderThread identical 1 line
12-13 22:59:09.279 D/EGL_emulation( 1725): eglMakeCurrent: 0xa6334100: ver 3 0 (tinfo 0x953afb50)
12-13 22:59:09.285 V/StatusBar( 1725): setLightsOn(true)
12-13 22:59:09.292 E/ContentStoreEUAS( 2176): Failed to commit the deferred actions
12-13 22:59:09.294 D/EGL_emulation( 1725): eglMakeCurrent: 0xa6334100: ver 3 0 (tinfo 0x953afb50)
12-13 22:59:09.341 W/ActivityManager( 1628): Bad activity token: android.os.BinderProxy@f3c04eb
12-13 22:59:09.341 W/ActivityManager( 1628): java.lang.ClassCastException: android.os.BinderProxy cannot be cast to com.android.server.am.ActivityRecord$Token
12-13 22:59:09.341 W/ActivityManager( 1628): 	at com.android.server.am.ActivityRecord.forTokenLocked(ActivityRecord.java:778)
12-13 22:59:09.341 W/ActivityManager( 1628): 	at com.android.server.am.ActivityRecord.isInStackLocked(ActivityRecord.java:2085)
12-13 22:59:09.341 W/ActivityManager( 1628): 	at com.android.server.am.ActivityManagerService.getActivityOptions(ActivityManagerService.java:13302)
12-13 22:59:09.341 W/ActivityManager( 1628): 	at android.app.IActivityManager$Stub.onTransact(IActivityManager.java:2910)
12-13 22:59:09.341 W/ActivityManager( 1628): 	at com.android.server.am.ActivityManagerService.onTransact(ActivityManagerService.java:2935)
12-13 22:59:09.341 W/ActivityManager( 1628): 	at android.os.Binder.execTransact(Binder.java:674)
12-13 22:59:09.342 W/ActivityManager( 1628): Bad activity token: android.os.BinderProxy@f3c04eb
12-13 22:59:09.342 W/ActivityManager( 1628): java.lang.ClassCastException: android.os.BinderProxy cannot be cast to com.android.server.am.ActivityRecord$Token
12-13 22:59:09.342 W/ActivityManager( 1628): 	at com.android.server.am.ActivityRecord.forTokenLocked(ActivityRecord.java:778)
12-13 22:59:09.342 W/ActivityManager( 1628): 	at com.android.server.am.ActivityRecord.isInStackLocked(ActivityRecord.java:2085)
12-13 22:59:09.342 W/ActivityManager( 1628): 	at com.android.server.am.ActivityManagerService.getActivityOptions(ActivityManagerService.java:13302)
12-13 22:59:09.342 W/ActivityManager( 1628): 	at android.app.IActivityManager$Stub.onTransact(IActivityManager.java:2910)
12-13 22:59:09.342 W/ActivityManager( 1628): 	at com.android.server.am.ActivityManagerService.onTransact(ActivityManagerService.java:2935)
12-13 22:59:09.342 W/ActivityManager( 1628): 	at android.os.Binder.execTransact(Binder.java:674)
12-13 22:59:09.444 I/chatty  ( 1725): uid=10028(u0_a28) RenderThread identical 19 lines
12-13 22:59:09.457 D/EGL_emulation( 1725): eglMakeCurrent: 0xa6334100: ver 3 0 (tinfo 0x953afb50)
12-13 22:59:09.458 V/StatusBar( 1725): setLightsOn(true)
12-13 22:59:09.493 I/zygote  ( 4295): Do partial code cache collection, code=28KB, data=30KB
12-13 22:59:09.494 I/zygote  ( 4295): After code cache collection, code=28KB, data=30KB
12-13 22:59:09.494 I/zygote  ( 4295): Increasing code cache capacity to 128KB
12-13 22:59:09.495 I/zygote  ( 4295): Do partial code cache collection, code=28KB, data=48KB
12-13 22:59:09.496 I/zygote  ( 4295): After code cache collection, code=28KB, data=48KB
12-13 22:59:09.496 I/zygote  ( 4295): Increasing code cache capacity to 256KB
12-13 22:59:09.496 I/zygote  ( 4295): JIT allocated 71KB for compiled code of void android.widget.TextView.<init>(android.content.Context, android.util.AttributeSet, int, int)
12-13 22:59:09.496 I/zygote  ( 4295): Compiler allocated 4MB to compile void android.widget.TextView.<init>(android.content.Context, android.util.AttributeSet, int, int)
12-13 22:59:09.517 V/StatusBar( 1725): setLightsOn(true)
12-13 22:59:09.525 I/chatty  ( 1725): uid=10028(u0_a28) com.android.systemui identical 1 line
12-13 22:59:09.526 V/StatusBar( 1725): setLightsOn(true)
12-13 22:59:09.573 D/gralloc_ranchu( 1396): gralloc_alloc: Creating ashmem region of size 7753728
12-13 22:59:09.595 D/        ( 4295): HostConnection::get() New Host Connection established 0xa6230d80, tid 4295
12-13 22:59:09.654 V/StatusBar( 1725): setLightsOn(true)
12-13 22:59:09.659 V/StatusBar( 1725): setLightsOn(true)
12-13 22:59:09.660 I/ActivityManager( 1628): Displayed com.evancharlton.mileage/.Mileage: +502ms
12-13 22:59:09.662 V/StatusBar( 1725): setLightsOn(true)
12-13 22:59:09.678 V/StatusBar( 1725): setLightsOn(true)
12-13 22:59:09.706 D/gralloc_ranchu( 1396): gralloc_alloc: Creating ashmem region of size 7753728
12-13 22:59:09.785 E/memtrack( 1628): Couldn't load memtrack module
12-13 22:59:09.785 W/android.os.Debug( 1628): failed to get memory consumption info: -1
12-13 22:59:09.854 V/StatusBar( 1725): setLightsOn(true)
12-13 22:59:09.857 I/zygote  ( 4295): Do full code cache collection, code=125KB, data=71KB
12-13 22:59:09.857 I/zygote  ( 4295): After code cache collection, code=108KB, data=44KB
12-13 22:59:09.970 V/StatusBar( 1725): setLightsOn(true)
