--------- beginning of main
12-14 00:33:26.429 W/ProviderHelper( 2112): Unknown dynamite feature providerinstaller.dynamite
12-14 00:33:26.429 I/DynamiteModule( 2112): Considering local module com.google.android.gms.providerinstaller.dynamite:1 and remote module com.google.android.gms.providerinstaller.dynamite:0
12-14 00:33:26.430 I/DynamiteModule( 2112): Selected local version of com.google.android.gms.providerinstaller.dynamite
12-14 00:33:26.433 W/Conscrypt( 2112): Could not set socket write timeout: java.net.SocketException: Socket closed
12-14 00:33:26.433 W/Conscrypt( 2112): 	at com.google.android.gms.org.conscrypt.Platform.setSocketWriteTimeout(:com.google.android.gms@204713022@20.47.13 (040700-344095733):2)
12-14 00:33:26.433 W/Conscrypt( 2112): 	at com.google.android.gms.org.conscrypt.ConscryptFileDescriptorSocket.setSoWriteTimeout(:com.google.android.gms@204713022@20.47.13 (040700-344095733):0)
12-14 00:33:26.543 W/Conscrypt( 2112): Could not set socket write timeout: java.net.SocketException: Socket closed
12-14 00:33:26.543 W/Conscrypt( 2112): 	at com.google.android.gms.org.conscrypt.Platform.setSocketWriteTimeout(:com.google.android.gms@204713022@20.47.13 (040700-344095733):2)
12-14 00:33:26.544 W/Conscrypt( 2112): 	at com.google.android.gms.org.conscrypt.ConscryptFileDescriptorSocket.setSoWriteTimeout(:com.google.android.gms@204713022@20.47.13 (040700-344095733):0)
12-14 00:33:26.597 W/OpenGLRenderer( 2181): Incorrectly called buildLayer on View: ShortcutAndWidgetContainer, destroying layer...
12-14 00:33:27.193 D/WificondControl( 1627): Scan result ready event
12-14 00:33:29.025 D/BoundBrokerSvc( 2112): onUnbind: Intent { act=com.google.android.gms.auth.service.START pkg=com.google.android.gms }
12-14 00:33:29.348 D/BoundBrokerSvc( 2112): onUnbind: Intent { act=com.google.android.gms.checkin.START pkg=com.google.android.gms }
12-14 00:33:29.687 I/Checkin ( 2112): [CheckinRequestProcessor] updateCheckinIdTokenFileFromResponse, Reading existing AID
12-14 00:33:29.917 W/NamedFutures( 2209): Timeout future task has been cancelled: 10000 milliseconds
12-14 00:33:29.920 E/SearchServiceStarter( 2209): Task 174 failed or timed out. Client 9716892667006400 disconnecting from SearchService!
12-14 00:33:29.920 E/SearchServiceStarter( 2209): java.util.concurrent.CancellationException: Task was cancelled.
12-14 00:33:29.920 E/SearchServiceStarter( 2209): 	at com.google.common.util.concurrent.d.ct(SourceFile:75)
12-14 00:33:29.920 E/SearchServiceStarter( 2209): 	at com.google.common.util.concurrent.d.get(SourceFile:57)
12-14 00:33:29.920 E/SearchServiceStarter( 2209): 	at com.google.common.util.concurrent.cg.n(SourceFile:2)
12-14 00:33:29.920 E/SearchServiceStarter( 2209): 	at com.google.common.util.concurrent.av.l(SourceFile:50)
12-14 00:33:29.920 E/SearchServiceStarter( 2209): 	at com.google.common.util.concurrent.ax.run(SourceFile:5)
12-14 00:33:29.920 E/SearchServiceStarter( 2209): 	at com.google.android.apps.gsa.shared.util.concurrent.a.bc.run(SourceFile:2)
12-14 00:33:29.920 E/SearchServiceStarter( 2209): 	at android.os.Handler.handleCallback(Handler.java:789)
12-14 00:33:29.920 E/SearchServiceStarter( 2209): 	at android.os.Handler.dispatchMessage(Handler.java:98)
12-14 00:33:29.920 E/SearchServiceStarter( 2209): 	at android.os.Looper.loop(Looper.java:164)
12-14 00:33:29.920 E/SearchServiceStarter( 2209): 	at android.app.ActivityThread.main(ActivityThread.java:6541)
12-14 00:33:29.920 E/SearchServiceStarter( 2209): 	at java.lang.reflect.Method.invoke(Native Method)
12-14 00:33:29.920 E/SearchServiceStarter( 2209): 	at com.android.internal.os.Zygote$MethodAndArgsCaller.run(Zygote.java:240)
12-14 00:33:29.920 E/SearchServiceStarter( 2209): 	at com.android.internal.os.ZygoteInit.main(ZygoteInit.java:767)
--------- beginning of system
12-14 00:33:29.923 W/BroadcastQueue( 1627): Background execution not allowed: receiving Intent { act=android.intent.action.PACKAGE_ADDED dat=package:com.evancharlton.mileage flg=0x4000010 (has extras) } to com.android.vending/com.google.android.finsky.packagemanager.impl.PackageMonitorReceiverImpl$RegisteredReceiver
12-14 00:33:29.924 W/BroadcastQueue( 1627): Background execution not allowed: receiving Intent { act=android.intent.action.PACKAGE_ADDED dat=package:com.evancharlton.mileage flg=0x4000010 (has extras) } to com.google.android.gms/.games.chimera.GamesSystemBroadcastReceiverProxy
12-14 00:33:29.924 W/BroadcastQueue( 1627): Background execution not allowed: receiving Intent { act=android.intent.action.PACKAGE_ADDED dat=package:com.evancharlton.mileage flg=0x4000010 (has extras) } to com.google.android.gms/.gass.chimera.PackageChangeBroadcastReceiver
12-14 00:33:29.924 W/BroadcastQueue( 1627): Background execution not allowed: receiving Intent { act=android.intent.action.PACKAGE_ADDED dat=package:com.evancharlton.mileage flg=0x4000010 (has extras) } to com.google.android.gms/.chimera.GmsIntentOperationService$PersistentTrustedReceiver
12-14 00:33:29.925 W/BroadcastQueue( 1627): Background execution not allowed: receiving Intent { act=android.intent.action.PACKAGE_ADDED dat=package:com.evancharlton.mileage flg=0x4000010 (has extras) } to com.google.android.googlequicksearchbox/com.google.android.apps.gsa.googlequicksearchbox.GelStubAppWatcher
12-14 00:33:29.954 I/Dialer  ( 1999): VvmTaskReceiver - task received
12-14 00:33:29.954 I/Dialer  ( 1999): VvmTaskReceiver - TaskExecutor already running
12-14 00:33:29.954 I/Dialer  ( 1999): Task.createTask - create task:com.android.voicemail.impl.ActivationTask
12-14 00:33:29.955 I/Dialer  ( 1999): TaskQueue.add - duplicated task added
12-14 00:33:29.955 I/Dialer  ( 1999): VvmTaskExecutor - com.android.voicemail.impl.ActivationTask@341826b added
12-14 00:33:29.955 W/BroadcastQueue( 1627): Background execution not allowed: receiving Intent { act=android.intent.action.PACKAGE_REMOVED dat=package:com.evancharlton.mileage.test flg=0x4000010 (has extras) } to com.android.vending/com.google.android.finsky.packagemanager.impl.PackageMonitorReceiverImpl$RegisteredReceiver
12-14 00:33:29.955 W/BroadcastQueue( 1627): Background execution not allowed: receiving Intent { act=android.intent.action.PACKAGE_REMOVED dat=package:com.evancharlton.mileage.test flg=0x4000010 (has extras) } to com.android.vending/com.google.android.finsky.instantapps.appmanagement.InstantAppRemoveMonitor
12-14 00:33:29.956 W/BroadcastQueue( 1627): Background execution not allowed: receiving Intent { act=android.intent.action.PACKAGE_REMOVED dat=package:com.evancharlton.mileage.test flg=0x4000010 (has extras) } to com.google.android.gms/.games.chimera.GamesSystemBroadcastReceiverProxy
12-14 00:33:29.956 W/BroadcastQueue( 1627): Background execution not allowed: receiving Intent { act=android.intent.action.PACKAGE_REMOVED dat=package:com.evancharlton.mileage.test flg=0x4000010 (has extras) } to com.google.android.gms/.chimera.GmsIntentOperationService$PersistentTrustedReceiver
12-14 00:33:29.956 W/BroadcastQueue( 1627): Background execution not allowed: receiving Intent { act=android.intent.action.PACKAGE_REMOVED dat=package:com.evancharlton.mileage.test flg=0x4000010 (has extras) } to com.google.android.googlequicksearchbox/com.google.android.apps.gsa.googlequicksearchbox.GelStubAppWatcher
12-14 00:33:29.964 I/Finsky  ( 2560): [2] ycb.d(13): PackageMonitorReceiverImpl - Received: android.intent.action.PACKAGE_FULLY_REMOVED, [Hc-uu0eID9wC4ptvRCsWBIQPDhHxrgxu8bZlIwakNJw]
12-14 00:33:29.965 I/Finsky  ( 2560): [2] ydc.g(1): Invalidating cached PackageState for com.evancharlton.mileage.test
12-14 00:33:29.968 I/Finsky  ( 2560): [2] ouk.d(2): Frosting ID looked up on UI thread. Caller should move to a background thread.
12-14 00:33:29.972 I/Finsky  ( 2560): [2] qlq.s(2): Installer: package com.evancharlton.mileage.test was removed. replacing: false
12-14 00:33:29.973 I/Finsky  ( 2560): [2] qmo.L(12): Installer: Notifying status update. package=com.evancharlton.mileage.test, status=UNINSTALLED
12-14 00:33:29.973 I/Finsky  ( 2560): [2] alxk.a(3): Do not start WearSupportService due to Wear service optimization
12-14 00:33:29.973 I/Finsky  ( 2560): [2] alxk.a(3): Do not start WearSupportService due to Wear service optimization
12-14 00:33:29.974 I/Finsky  ( 2560): [2] adxl.a(8): Clearing split related stale data.
12-14 00:33:29.976 I/Finsky  ( 2560): [125] jmd.a(15): [ContentSync] finished, scheduled=false
12-14 00:33:29.976 I/Finsky  ( 2560): [168] gvx.a(12): Asset module storage cleared for package com.evancharlton.mileage.test.
12-14 00:33:29.986 I/Finsky  ( 2560): [2] qmo.O(7): Installer: found apps to install. isMultiUserMode=false, apps=[]
12-14 00:33:29.987 I/Finsky  ( 2560): [161] rab.C(2): IQ: Notifying installation update. package=com.evancharlton.mileage.test, status=UNINSTALLED
12-14 00:33:29.997 D/BoundBrokerSvc( 2112): onBind: Intent { act=com.google.android.gms.common.BIND_SHARED_PREFS pkg=com.google.android.gms }
12-14 00:33:29.997 D/BoundBrokerSvc( 2112): Loading bound service for intent: Intent { act=com.google.android.gms.common.BIND_SHARED_PREFS pkg=com.google.android.gms }
12-14 00:33:30.003 I/Finsky  ( 2560): [166] otx.run(16): Wrote row to frosting DB: 754
12-14 00:33:30.004 D/BoundBrokerSvc( 2112): onUnbind: Intent { act=com.google.android.gms.common.BIND_SHARED_PREFS pkg=com.google.android.gms }
12-14 00:33:30.006 I/ExposureNotification( 2112): Still can find package com.evancharlton.mileage.test after receive its fully removed broadcast, which was installed 9123 ms ago. Ignore the fully removed broadcast. [CONTEXT service_id=236 ]
12-14 00:33:30.023 I/Finsky  ( 2560): [161] rab.t(33): IQ: No matching installs to run for jobs: []
12-14 00:33:30.040 I/Finsky  ( 2560): [166] otx.run(16): Wrote row to frosting DB: 755
12-14 00:33:30.052 I/DigitalWidgetProvider( 3425): onReceive: Intent { act=com.android.deskclock.ALARM_CHANGED flg=0x10 cmp=com.google.android.deskclock/com.android.alarmclock.DigitalAppWidgetProvider }
12-14 00:33:30.071 W/BroadcastQueue( 1627): Background execution not allowed: receiving Intent { act=android.intent.action.PACKAGE_ADDED dat=package:com.evancharlton.mileage.test flg=0x4000010 (has extras) } to com.android.vending/com.google.android.finsky.packagemanager.impl.PackageMonitorReceiverImpl$RegisteredReceiver
12-14 00:33:30.071 W/BroadcastQueue( 1627): Background execution not allowed: receiving Intent { act=android.intent.action.PACKAGE_ADDED dat=package:com.evancharlton.mileage.test flg=0x4000010 (has extras) } to com.google.android.gms/.games.chimera.GamesSystemBroadcastReceiverProxy
12-14 00:33:30.071 W/BroadcastQueue( 1627): Background execution not allowed: receiving Intent { act=android.intent.action.PACKAGE_ADDED dat=package:com.evancharlton.mileage.test flg=0x4000010 (has extras) } to com.google.android.gms/.gass.chimera.PackageChangeBroadcastReceiver
12-14 00:33:30.071 W/BroadcastQueue( 1627): Background execution not allowed: receiving Intent { act=android.intent.action.PACKAGE_ADDED dat=package:com.evancharlton.mileage.test flg=0x4000010 (has extras) } to com.google.android.gms/.chimera.GmsIntentOperationService$PersistentTrustedReceiver
12-14 00:33:30.071 W/BroadcastQueue( 1627): Background execution not allowed: receiving Intent { act=android.intent.action.PACKAGE_ADDED dat=package:com.evancharlton.mileage.test flg=0x4000010 (has extras) } to com.google.android.googlequicksearchbox/com.google.android.apps.gsa.googlequicksearchbox.GelStubAppWatcher
12-14 00:33:30.103 W/BroadcastQueue( 1627): Background execution not allowed: receiving Intent { act=android.intent.action.DROPBOX_ENTRY_ADDED flg=0x10 (has extras) } to com.google.android.gms/.stats.service.DropBoxEntryAddedReceiver
12-14 00:33:30.103 W/BroadcastQueue( 1627): Background execution not allowed: receiving Intent { act=android.intent.action.DROPBOX_ENTRY_ADDED flg=0x10 (has extras) } to com.google.android.gms/.chimera.GmsIntentOperationService$PersistentTrustedReceiver
12-14 00:33:30.139 W/zygote  ( 3827): Unexpected CPU variant for X86 using defaults: x86
12-14 00:33:30.146 I/ActivityManager( 1627): Start proc 3827:com.google.android.videos/u0a72 for service com.google.android.videos/.service.drm.RefreshLicenseTaskService
12-14 00:33:30.172 I/MultiDex( 3827): VM with version 2.1.0 has multidex support
12-14 00:33:30.172 I/MultiDex( 3827): install
12-14 00:33:30.172 I/MultiDex( 3827): VM has multidex support, MultiDex support library is disabled.
12-14 00:33:30.177 I/zygote  ( 1941): Do partial code cache collection, code=505KB, data=312KB
12-14 00:33:30.177 I/zygote  ( 1941): After code cache collection, code=502KB, data=310KB
12-14 00:33:30.177 I/zygote  ( 1941): Increasing code cache capacity to 2MB
12-14 00:33:30.257 I/zygote  ( 1941): Deoptimizing int cdcx.u(java.lang.Object, byte[], int, int, int, int, int, int, long, int, long, ccyx) due to JIT inline cache
12-14 00:33:30.426 I/Finsky  ( 2560): [110] daj.a(7): Received content filters request from com.google.android.videos
12-14 00:33:30.429 W/ActivityManager( 1627): Background start not allowed: service Intent { cmp=com.google.android.videos/.service.pinning.TransferService (has extras) } to com.google.android.videos/.service.pinning.TransferService from pid=3827 uid=10072 pkg=com.google.android.videos
12-14 00:33:30.442 D/Primes  ( 3827): Package metric disabled.
12-14 00:33:30.442 D/Primes  ( 3827): Battery metric disabled
12-14 00:33:30.442 D/Primes  ( 3827): MagicEye logging metric disabled
12-14 00:33:30.445 I/PlayMovies( 3827): RefreshLicenseTaskService.forceLicenseRefreshNow:66 Scheduled task now refresh_license_forced
12-14 00:33:30.445 I/PlayMovies( 3827): 
12-14 00:33:30.445 D/CryptdConnector( 1627): SND -> {11 cryptfs getpwtype}
12-14 00:33:30.446 D/VoldCryptCmdListener( 1343): cryptfs getpwtype
12-14 00:33:30.447 D/CryptdConnector( 1627): RCV <- {213 11 default}
12-14 00:33:30.449 D/PlayMovies( 3827): PersistentCache.cleanup:104 Cache is below limit, no need to shrink: [size=0, limit=5242880]
12-14 00:33:30.449 D/PlayMovies( 3827): 
12-14 00:33:30.461 I/PlayMovies( 3827): RefreshLicenseTaskService.onRunTask:96 On run task refresh_license_forced
12-14 00:33:30.461 I/PlayMovies( 3827): 
12-14 00:33:30.467 I/ActivityManager( 1627): Killing 3252:com.android.cellbroadcastreceiver/u0a5 (adj 906): empty #17
12-14 00:33:30.643 I/zygote  ( 2112): Deoptimizing boolean dbx.d(android.content.Context, dbv, java.lang.String) due to JIT inline cache
12-14 00:33:30.671 I/zygote  ( 1941): Deoptimizing java.lang.String asqf.i(android.os.Bundle) due to JIT inline cache
12-14 00:33:30.737 I/NetworkScheduler.Stats( 1941): Task com.google.android.videos/ started execution. cause:7 exec_start_elapsed_seconds: 51 [CONTEXT service_id=218 ]
12-14 00:33:30.759 I/NetworkScheduler.Stats( 1941): Task com.google.android.videos/ finished executing. cause:7 result: 1 elapsed_millis: 345 uptime_millis: 345 exec_start_elapsed_seconds: 51 [CONTEXT service_id=218 ]
12-14 00:33:30.887 I/NetworkScheduler.Stats( 1941): Task com.google.android.gms/com.google.android.gms.pay.gcmtask.PayGcmTaskService started execution. cause:7 exec_start_elapsed_seconds: 51 [CONTEXT service_id=218 ]
12-14 00:33:30.888 I/NetworkScheduler.Stats( 1941): Task com.google.android.gms/com.google.android.gms.pay.gcmtask.PayGcmTaskService finished executing. cause:7 result: 1 elapsed_millis: 43 uptime_millis: 43 exec_start_elapsed_seconds: 51 [CONTEXT service_id=218 ]
12-14 00:33:30.895 I/NetworkScheduler.Stats( 1941): Task com.google.android.gms/com.google.android.gms.clearcut.uploader.QosUploaderService started execution. cause:5 exec_start_elapsed_seconds: 51 [CONTEXT service_id=218 ]
12-14 00:33:30.912 I/PlayMovies( 3827): RefreshLicenseTaskService.onRunTask:96 On run task refresh_license
12-14 00:33:30.912 I/PlayMovies( 3827): 
12-14 00:33:30.919 I/NetworkScheduler.Stats( 1941): Task com.google.android.gms/com.google.android.gms.clearcut.uploader.QosUploaderService finished executing. cause:5 result: 1 elapsed_millis: 59 uptime_millis: 59 exec_start_elapsed_seconds: 51 [CONTEXT service_id=218 ]
12-14 00:33:30.921 I/NetworkScheduler.Stats( 1941): Task com.google.android.videos/ started execution. cause:5 exec_start_elapsed_seconds: 52 [CONTEXT service_id=218 ]
12-14 00:33:30.922 I/NetworkScheduler.Stats( 1941): Task com.google.android.videos/ finished executing. cause:5 result: 1 elapsed_millis: 11 uptime_millis: 11 exec_start_elapsed_seconds: 52 [CONTEXT service_id=218 ]
12-14 00:33:30.994 I/NetworkScheduler.Stats( 1941): Task com.google.android.gms/com.google.android.gms.gass.chimera.SchedulePeriodicTasksService started execution. cause:5 exec_start_elapsed_seconds: 52 [CONTEXT service_id=218 ]
12-14 00:33:30.996 D/BoundBrokerSvc( 1941): onUnbind: Intent { act=com.google.android.gms.usagereporting.service.START pkg=com.google.android.gms }
12-14 00:33:31.072 I/NetworkScheduler.Stats( 1941): Task com.google.android.gms/com.google.android.gms.pay.gcmtask.PayGcmTaskService started execution. cause:5 exec_start_elapsed_seconds: 52 [CONTEXT service_id=218 ]
12-14 00:33:31.076 I/Pay     ( 2112): Device does not support HCE. [CONTEXT service_id=198 ]
12-14 00:33:31.080 I/NetworkScheduler.Stats( 1941): Task com.google.android.gms/com.google.android.gms.gass.chimera.SchedulePeriodicTasksService finished executing. cause:5 result: 1 elapsed_millis: 128 uptime_millis: 128 exec_start_elapsed_seconds: 52 [CONTEXT service_id=218 ]
12-14 00:33:31.160 I/NetworkScheduler.Stats( 1941): Task com.google.android.gms/com.google.android.gms.pay.gcmtask.PayGcmTaskService started execution. cause:5 exec_start_elapsed_seconds: 52 [CONTEXT service_id=218 ]
12-14 00:33:31.162 D/BoundBrokerSvc( 1941): onBind: Intent { act=com.google.android.gms.tapandpay.service.BIND cmp=com.google.android.gms/.chimera.PersistentApiService }
12-14 00:33:31.162 D/BoundBrokerSvc( 1941): Loading bound service for intent: Intent { act=com.google.android.gms.tapandpay.service.BIND cmp=com.google.android.gms/.chimera.PersistentApiService }
12-14 00:33:31.190 I/NetworkScheduler.Stats( 1941): Task com.google.android.gms/com.google.android.gms.pay.gcmtask.PayGcmTaskService finished executing. cause:5 result: 2 elapsed_millis: 155 uptime_millis: 155 exec_start_elapsed_seconds: 52 [CONTEXT service_id=218 ]
12-14 00:33:31.192 I/MicroDetectionWorker( 2209): #updateMicroDetector [detectionMode: [mDetectionMode: [1]]]
12-14 00:33:31.192 I/MicroDetectionWorker( 2209): #startMicroDetector [speakerMode: 0]
12-14 00:33:31.192 I/AudioController( 2209): Using mInputStreamFactoryBuilder
12-14 00:33:31.193 I/MicroDetectionWorker( 2209): onReady
12-14 00:33:31.198 I/MicroRecognitionRunner( 2209): Starting detection.
12-14 00:33:31.199 I/MicrophoneInputStream( 2209): mic_starting com.google.android.apps.gsa.staticplugins.aa.c@4c21eb1
12-14 00:33:31.203 I/AudioFlinger( 1475): AudioFlinger's thread 0xad903980 tid=3877 ready to run
12-14 00:33:31.198 W/Binder:3616_2( 3616): type=1400 audit(0.0:20): avc: denied { read } for name="modules" dev="proc" ino=4026532034 scontext=u:r:priv_app:s0:c512,c768 tcontext=u:object_r:proc_modules:s0 tclass=file permissive=0
12-14 00:33:31.219 I/MicrophoneInputStream( 2209): mic_started com.google.android.apps.gsa.staticplugins.aa.c@4c21eb1
12-14 00:33:31.220 E/ActivityThread( 2209): Failed to find provider info for com.google.android.apps.gsa.testing.ui.audio.recorded
12-14 00:33:31.220 I/MicroDetectionWorker( 2209): onReady
12-14 00:33:31.223 I/MicrophoneInputStream( 2209): mic_close com.google.android.apps.gsa.staticplugins.aa.c@4c21eb1
12-14 00:33:31.231 I/MicroRecognitionRunner( 2209): Detection finished
12-14 00:33:31.231 W/ErrorReporter( 2209): reportError [type: 211, code: 524300]: Error reading from input stream
12-14 00:33:31.232 I/MicroRecognitionRunner( 2209): Stopping hotword detection.
12-14 00:33:31.232 W/ErrorProcessor( 2209): onFatalError, processing error from engine(4)
12-14 00:33:31.232 W/ErrorProcessor( 2209): com.google.android.apps.gsa.shared.speech.b.g: Error reading from input stream
12-14 00:33:31.232 W/ErrorProcessor( 2209): 	at com.google.android.apps.gsa.staticplugins.recognizer.j.a.a(SourceFile:28)
12-14 00:33:31.232 W/ErrorProcessor( 2209): 	at com.google.android.apps.gsa.staticplugins.recognizer.j.b.run(SourceFile:15)
12-14 00:33:31.232 W/ErrorProcessor( 2209): 	at java.util.concurrent.Executors$RunnableAdapter.call(Executors.java:457)
12-14 00:33:31.232 W/ErrorProcessor( 2209): 	at java.util.concurrent.FutureTask.run(FutureTask.java:266)
12-14 00:33:31.232 W/ErrorProcessor( 2209): 	at com.google.android.apps.gsa.shared.util.concurrent.a.ax.run(SourceFile:14)
12-14 00:33:31.232 W/ErrorProcessor( 2209): 	at com.google.android.apps.gsa.shared.util.concurrent.a.bl.run(SourceFile:4)
12-14 00:33:31.232 W/ErrorProcessor( 2209): 	at com.google.android.apps.gsa.shared.util.concurrent.a.bl.run(SourceFile:4)
12-14 00:33:31.232 W/ErrorProcessor( 2209): 	at java.util.concurrent.ThreadPoolExecutor.runWorker(ThreadPoolExecutor.java:1162)
12-14 00:33:31.232 W/ErrorProcessor( 2209): 	at java.util.concurrent.ThreadPoolExecutor$Worker.run(ThreadPoolExecutor.java:636)
12-14 00:33:31.232 W/ErrorProcessor( 2209): 	at java.lang.Thread.run(Thread.java:764)
12-14 00:33:31.232 W/ErrorProcessor( 2209): 	at com.google.android.apps.gsa.shared.util.concurrent.a.ai.run(SourceFile:6)
12-14 00:33:31.232 W/ErrorProcessor( 2209): Caused by: com.google.android.apps.gsa.shared.exception.GsaIOException: Error code: 393238 | Buffer overflow, no available space.
12-14 00:33:31.232 W/ErrorProcessor( 2209): 	at com.google.android.apps.gsa.speech.audio.Tee.f(SourceFile:103)
12-14 00:33:31.232 W/ErrorProcessor( 2209): 	at com.google.android.apps.gsa.speech.audio.au.read(SourceFile:2)
12-14 00:33:31.232 W/ErrorProcessor( 2209): 	at java.io.InputStream.read(InputStream.java:101)
12-14 00:33:31.232 W/ErrorProcessor( 2209): 	at com.google.android.apps.gsa.speech.audio.ao.run(SourceFile:18)
12-14 00:33:31.232 W/ErrorProcessor( 2209): 	at com.google.android.apps.gsa.speech.audio.an.run(SourceFile:2)
12-14 00:33:31.232 W/ErrorProcessor( 2209): 	... 9 more
12-14 00:33:31.232 I/AudioController( 2209): internalShutdown
12-14 00:33:31.232 I/zygote  ( 2209): Background concurrent copying GC freed 9161(674KB) AllocSpace objects, 7(2MB) LOS objects, 49% free, 4MB/8MB, paused 11.454ms total 28.954ms
12-14 00:33:31.233 D/        ( 3616): HostConnection::get() New Host Connection established 0xa6bbd3c0, tid 3629
12-14 00:33:31.238 E/Pay     ( 2112): No account found on the task or the device. Notification task will not be rescheduled. [CONTEXT service_id=198 ]
12-14 00:33:31.241 I/MicroDetector( 2209): Keeping mic open: false
12-14 00:33:31.242 I/MicroDetectionWorker( 2209): #onError(false)
12-14 00:33:31.242 I/DeviceStateChecker( 2209): DeviceStateChecker cancelled
12-14 00:33:31.249 D/EGL_emulation( 3616): eglCreateContext: 0x9abee4e0: maj 3 min 0 rcv 3
12-14 00:33:31.253 D/EGL_emulation( 3616): eglMakeCurrent: 0x9abee4e0: ver 3 0 (tinfo 0xa6b8b1f0)
12-14 00:33:31.255 E/eglCodecCommon( 3616): glUtilsParamSize: unknow param 0x00008cdf
12-14 00:33:31.255 E/eglCodecCommon( 3616): glUtilsParamSize: unknow param 0x00008cdf
12-14 00:33:31.255 E/eglCodecCommon( 3616): glUtilsParamSize: unknow param 0x00008824
12-14 00:33:31.255 E/eglCodecCommon( 3616): glUtilsParamSize: unknow param 0x00008824
12-14 00:33:31.311 D/EGL_emulation( 3616): eglCreateContext: 0x9abee8a0: maj 3 min 0 rcv 3
12-14 00:33:31.313 D/EGL_emulation( 3616): eglMakeCurrent: 0x9abee8a0: ver 3 0 (tinfo 0xa6b8b1f0)
12-14 00:33:31.313 E/eglCodecCommon( 3616): glUtilsParamSize: unknow param 0x00008cdf
12-14 00:33:31.313 E/eglCodecCommon( 3616): glUtilsParamSize: unknow param 0x00008cdf
12-14 00:33:31.314 E/eglCodecCommon( 3616): glUtilsParamSize: unknow param 0x00008824
12-14 00:33:31.314 E/eglCodecCommon( 3616): glUtilsParamSize: unknow param 0x00008824
12-14 00:33:31.317 I/NetworkScheduler.Stats( 1941): Task com.google.android.gms/com.google.android.gms.pay.gcmtask.PayGcmTaskService started execution. cause:5 exec_start_elapsed_seconds: 52 [CONTEXT service_id=218 ]
12-14 00:33:31.328 D/BoundBrokerSvc( 2112): onUnbind: Intent { act=com.google.android.gms.feedback.internal.IFeedbackService cmp=com.google.android.gms/.chimera.GmsBoundBrokerService }
12-14 00:33:31.329 I/NetworkScheduler.Stats( 1941): Task com.google.android.gms/com.google.android.gms.pay.gcmtask.PayGcmTaskService finished executing. cause:5 result: 2 elapsed_millis: 193 uptime_millis: 193 exec_start_elapsed_seconds: 52 [CONTEXT service_id=218 ]
12-14 00:33:31.332 I/NetworkScheduler.Stats( 1941): Task com.google.android.gms/com.google.android.gms.pay.gcmtask.PayGcmTaskService finished executing. cause:5 result: 1 elapsed_millis: 48 uptime_millis: 48 exec_start_elapsed_seconds: 52 [CONTEXT service_id=218 ]
12-14 00:33:31.368 W/SystemServiceRegistry( 3616): No service published for: persistent_data_block
12-14 00:33:31.420 I/NetworkScheduler.Stats( 1941): Task com.google.android.gms/com.google.android.gms.pay.gcmtask.PayGcmTaskService started execution. cause:5 exec_start_elapsed_seconds: 52 [CONTEXT service_id=218 ]
12-14 00:33:31.472 I/NetworkScheduler.Stats( 1941): Task com.google.android.gms/com.google.android.gms.pay.gcmtask.PayGcmTaskService started execution. cause:5 exec_start_elapsed_seconds: 52 [CONTEXT service_id=218 ]
12-14 00:33:31.479 D/BoundBrokerSvc( 2112): onBind: Intent { act=com.google.android.gms.pay.service.BIND cmp=com.google.android.gms/.chimera.GmsApiService }
12-14 00:33:31.479 D/BoundBrokerSvc( 2112): Loading bound service for intent: Intent { act=com.google.android.gms.pay.service.BIND cmp=com.google.android.gms/.chimera.GmsApiService }
12-14 00:33:31.486 I/Pay     ( 2112): Migration flag not enabled. [CONTEXT service_id=198 ]
12-14 00:33:31.487 I/jgl     ( 2112): Primes not initialized, returning default (no-op) Primes instance which will ignore all calls. Please call Primes.initialize(...) before using any Primes API.
12-14 00:33:31.523 I/Pay     ( 2112): Migration already completed. [CONTEXT service_id=198 ]
12-14 00:33:31.525 I/Pay     ( 2112): Migration already completed. [CONTEXT service_id=198 ]
12-14 00:33:31.526 I/NetworkScheduler.Stats( 1941): Task com.google.android.gms/com.google.android.gms.pay.gcmtask.PayGcmTaskService finished executing. cause:5 result: 1 elapsed_millis: 141 uptime_millis: 141 exec_start_elapsed_seconds: 52 [CONTEXT service_id=218 ]
12-14 00:33:31.535 I/Pay     ( 2112): Migration already completed. [CONTEXT service_id=198 ]
12-14 00:33:31.535 I/Pay     ( 2112): Migration flag not enabled. [CONTEXT service_id=198 ]
12-14 00:33:31.539 I/Pay     ( 2112): Migration already completed. [CONTEXT service_id=198 ]
12-14 00:33:31.539 I/Pay     ( 2112): Migration flag not enabled. [CONTEXT service_id=198 ]
12-14 00:33:31.630 I/NetworkScheduler.Stats( 1941): Task com.google.android.gms/com.google.android.gms.tapandpay.gcmtask.TapAndPayGcmTaskService started execution. cause:5 exec_start_elapsed_seconds: 52 [CONTEXT service_id=218 ]
12-14 00:33:31.639 I/NetworkScheduler.Stats( 1941): Task com.google.android.gms/com.google.android.gms.pay.gcmtask.PayGcmTaskService finished executing. cause:5 result: 1 elapsed_millis: 195 uptime_millis: 195 exec_start_elapsed_seconds: 52 [CONTEXT service_id=218 ]
12-14 00:33:31.643 I/NetworkScheduler.Stats( 1941): Task com.google.android.gms/com.google.android.gms.tapandpay.gcmtask.TapAndPayGcmTaskService finished executing. cause:5 result: 1 elapsed_millis: 48 uptime_millis: 48 exec_start_elapsed_seconds: 52 [CONTEXT service_id=218 ]
12-14 00:33:31.652 W/Conscrypt( 2112): Could not set socket write timeout: java.net.SocketException: Socket closed
12-14 00:33:31.653 W/Conscrypt( 2112): 	at com.google.android.gms.org.conscrypt.Platform.setSocketWriteTimeout(:com.google.android.gms@204713022@20.47.13 (040700-344095733):2)
12-14 00:33:31.653 W/Conscrypt( 2112): 	at com.google.android.gms.org.conscrypt.ConscryptFileDescriptorSocket.setSoWriteTimeout(:com.google.android.gms@204713022@20.47.13 (040700-344095733):0)
12-14 00:33:31.701 V/LifecycleAwareServiceBi( 2560): notify unbound
12-14 00:33:31.701 V/LifecycleAwareServiceBi( 2560): com.google.common.flogger.LogSiteStackTrace: MEDIUM
12-14 00:33:31.701 V/LifecycleAwareServiceBi( 2560): 	at com.google.frameworks.client.data.android.binder.LifecycleAwareServiceBinding.h(PG:1)
12-14 00:33:31.701 V/LifecycleAwareServiceBi( 2560): 	at axqg.run(Unknown Source:4)
12-14 00:33:31.701 V/LifecycleAwareServiceBi( 2560): 	at android.os.Handler.handleCallback(Handler.java:789)
12-14 00:33:31.701 V/LifecycleAwareServiceBi( 2560): 	at android.os.Handler.dispatchMessage(Handler.java:98)
12-14 00:33:31.701 V/LifecycleAwareServiceBi( 2560): 	at android.os.Looper.loop(Looper.java:164)
12-14 00:33:31.701 V/LifecycleAwareServiceBi( 2560): 	at android.app.ActivityThread.main(ActivityThread.java:6541)
12-14 00:33:31.701 V/LifecycleAwareServiceBi( 2560): 	at java.lang.reflect.Method.invoke(Native Method)
12-14 00:33:31.701 V/LifecycleAwareServiceBi( 2560): 	at com.android.internal.os.Zygote$MethodAndArgsCaller.run(Zygote.java:240)
12-14 00:33:31.701 V/LifecycleAwareServiceBi( 2560): 	at com.android.internal.os.ZygoteInit.main(ZygoteInit.java:767)
12-14 00:33:31.701 V/LifecycleAwareServiceBi( 2560): notify unbound - notifying
12-14 00:33:31.703 I/Finsky:download_service( 2697): [2] sxn.onDestroy(8): IPC-SERVER: Stopping gRPC host service...
12-14 00:33:31.709 I/NetworkScheduler.Stats( 1941): Task com.google.android.gms/com.google.android.gms.tapandpay.gcmtask.TapAndPayGcmTaskService started execution. cause:5 exec_start_elapsed_seconds: 52 [CONTEXT service_id=218 ]
12-14 00:33:31.711 I/NetworkScheduler.Stats( 1941): Task com.google.android.gms/com.google.android.gms.tapandpay.gcmtask.TapAndPayGcmTaskService finished executing. cause:5 result: 1 elapsed_millis: 34 uptime_millis: 34 exec_start_elapsed_seconds: 52 [CONTEXT service_id=218 ]
12-14 00:33:31.736 W/Conscrypt( 2112): Could not set socket write timeout: java.net.SocketException: Socket closed
12-14 00:33:31.736 W/Conscrypt( 2112): 	at com.google.android.gms.org.conscrypt.Platform.setSocketWriteTimeout(:com.google.android.gms@204713022@20.47.13 (040700-344095733):2)
12-14 00:33:31.736 W/Conscrypt( 2112): 	at com.google.android.gms.org.conscrypt.ConscryptFileDescriptorSocket.setSoWriteTimeout(:com.google.android.gms@204713022@20.47.13 (040700-344095733):0)
12-14 00:33:31.787 I/NetworkScheduler.Stats( 1941): Task com.google.android.gms/com.google.android.gms.tapandpay.gcmtask.TapAndPayGcmTaskService started execution. cause:5 exec_start_elapsed_seconds: 52 [CONTEXT service_id=218 ]
12-14 00:33:31.788 I/NetworkScheduler.Stats( 1941): Task com.google.android.gms/com.google.android.gms.tapandpay.gcmtask.TapAndPayGcmTaskService finished executing. cause:5 result: 1 elapsed_millis: 41 uptime_millis: 41 exec_start_elapsed_seconds: 52 [CONTEXT service_id=218 ]
12-14 00:33:31.859 I/NetworkScheduler.Stats( 1941): Task com.google.android.gms/com.google.android.gms.udc.service.UdcContextInitService started execution. cause:5 exec_start_elapsed_seconds: 52 [CONTEXT service_id=218 ]
12-14 00:33:31.875 I/NetworkScheduler.Stats( 1941): Task com.google.android.videos/ started execution. cause:5 exec_start_elapsed_seconds: 53 [CONTEXT service_id=218 ]
12-14 00:33:31.876 I/PlayMovies( 3827): RefreshLicenseTaskService.onRunTask:96 On run task refresh_license_forced
12-14 00:33:31.876 I/PlayMovies( 3827): 
12-14 00:33:31.886 I/NetworkScheduler.Stats( 1941): Task com.google.android.videos/ finished executing. cause:5 result: 1 elapsed_millis: 21 uptime_millis: 21 exec_start_elapsed_seconds: 53 [CONTEXT service_id=218 ]
12-14 00:33:31.916 I/NetworkScheduler.Stats( 1941): Task com.google.android.gms/com.google.android.gms.udc.service.UdcContextInitService finished executing. cause:5 result: 1 elapsed_millis: 96 uptime_millis: 96 exec_start_elapsed_seconds: 52 [CONTEXT service_id=218 ]
12-14 00:33:32.517 D/BoundBrokerSvc( 1941): onUnbind: Intent { act=com.google.android.gms.icing.LIGHTWEIGHT_INDEX_SERVICE cmp=com.google.android.gms/.chimera.PersistentApiService }
12-14 00:33:32.699 I/Checkin ( 2112): [CheckinRequestProcessor] Default Task : Checkin Succeeded: https://android.googleapis.com/checkin (fragment #1).
12-14 00:33:32.725 W/BroadcastQueue( 1627): Permission Denial: broadcasting Intent { act=com.google.android.checkin.CHECKIN_COMPLETE flg=0x1000010 (has extras) } from com.google.android.gms (pid=2112, uid=10011) is not exported from uid 10023 due to receiver com.android.vending/com.google.android.finsky.checkin.CheckinReceiver
12-14 00:33:32.767 I/Checkin ( 2112): [CheckinOperation] Checkin Operation finished with result: 0 finish time: 53917.
12-14 00:33:33.008 D/AndroidRuntime( 3886): >>>>>> START com.android.internal.os.RuntimeInit uid 2000 <<<<<<
12-14 00:33:33.049 W/app_process( 3886): Unexpected CPU variant for X86 using defaults: x86
12-14 00:33:33.066 D/AndroidRuntime( 3886): Calling main entry com.android.commands.am.Am
12-14 00:33:33.068 I/ActivityManager( 1627): Force stopping com.evancharlton.mileage appid=10232 user=0: start instr
12-14 00:33:33.068 I/ActivityManager( 1627): Killing 3723:com.evancharlton.mileage/u0a232 (adj 0): stop com.evancharlton.mileage
12-14 00:33:33.068 W/ActivityManager( 1627): Crash of app com.evancharlton.mileage running instrumentation ComponentInfo{com.evancharlton.mileage.test/sh.calaba.instrumentationbackend.ClearAppData2}
12-14 00:33:33.068 I/ActivityManager( 1627): Force stopping com.evancharlton.mileage appid=10232 user=0: finished inst
12-14 00:33:33.075 I/zygote  ( 3896): Not late-enabling -Xcheck:jni (already on)
12-14 00:33:33.081 W/zygote  ( 3896): Unexpected CPU variant for X86 using defaults: x86
12-14 00:33:33.082 I/ActivityManager( 1627): Start proc 3896:com.evancharlton.mileage/u0a232 for added application com.evancharlton.mileage
12-14 00:33:33.084 D/AndroidRuntime( 3886): Shutting down VM
12-14 00:33:33.110 E/adbd    ( 1384): failed to connect to socket 'tcp:7102': Connection refused
12-14 00:33:33.113 E/adbd    ( 1384): failed to connect to socket 'tcp:7102': Connection refused
12-14 00:33:33.114 W/zygote  ( 3896): Found duplicate classes, falling back to extracting from APK : /data/app/com.evancharlton.mileage.test--jSidFF4HIddyUAJO8EE_Q==/base.apk
12-14 00:33:33.114 W/zygote  ( 3896): NOTE: This wastes RAM and hurts startup performance.
12-14 00:33:33.114 W/zygote  ( 3896): Found duplicated class when checking oat files: 'Ljunit/runner/BaseTestRunner;' in /data/app/com.evancharlton.mileage.test--jSidFF4HIddyUAJO8EE_Q==/base.apk and /system/framework/android.test.runner.jar
12-14 00:33:33.114 W/zygote  ( 3896): 
12-14 00:33:33.142 W/System  ( 3896): ClassLoader referenced unknown path: 
12-14 00:33:33.157 I/System.out( 3896): Main activity name automatically set to: com.evancharlton.mileage.Mileage
12-14 00:33:33.158 I/System.out( 3896): Calabash did not load Mono. This is only a problem if you are trying to test a Mono application
12-14 00:33:33.159 I/calabash( 3896): Test server port: 7102
12-14 00:33:33.160 I/InstrumentationBackend( 3896): Added:'GetPreferences', with key:'get_preferences'
12-14 00:33:33.193 I/ActivityManager( 1627): Killing 3279:com.google.android.apps.maps/u0a59 (adj 906): empty #17
12-14 00:33:33.220 I/InstrumentationBackend( 3896): Added:'SetPreferences', with key:'set_preferences'
12-14 00:33:33.220 I/InstrumentationBackend( 3896): Added:'ClearPreferences', with key:'clear_preferences'
12-14 00:33:33.220 I/InstrumentationBackend( 3896): Added:'PressElement', with key:'press_l10n_element'
12-14 00:33:33.221 I/InstrumentationBackend( 3896): Added:'WaitForElement', with key:'wait_for_l10n_element'
12-14 00:33:33.221 I/InstrumentationBackend( 3896): Added:'NullAction', with key:'nullAction'
12-14 00:33:33.222 I/InstrumentationBackend( 3896): Added:'PressKey', with key:'press_key'
12-14 00:33:33.222 I/InstrumentationBackend( 3896): Added:'SetActivityOrientation', with key:'set_activity_orientation'
12-14 00:33:33.222 I/InstrumentationBackend( 3896): Added:'GetActivityOrientation', with key:'get_activity_orientation'
12-14 00:33:33.223 I/InstrumentationBackend( 3896): Added:'FakeGPSLocation', with key:'set_gps_coordinates'
12-14 00:33:33.223 I/InstrumentationBackend( 3896): Added:'SetPropertyByCssSelector', with key:'set_property_by_css_selector'
12-14 00:33:33.225 E/adbd    ( 1384): failed to connect to socket 'tcp:7102': Connection refused
12-14 00:33:33.227 I/InstrumentationBackend( 3896): Added:'GetUrl', with key:'get_url'
12-14 00:33:33.228 E/adbd    ( 1384): failed to connect to socket 'tcp:7102': Connection refused
12-14 00:33:33.230 I/InstrumentationBackend( 3896): Added:'ScrollTo', with key:'scroll_to'
12-14 00:33:33.231 I/InstrumentationBackend( 3896): Added:'GetLoadProgress', with key:'get_load_progress'
12-14 00:33:33.231 I/InstrumentationBackend( 3896): Added:'DumpHtml', with key:'dump_html'
12-14 00:33:33.231 I/InstrumentationBackend( 3896): Added:'DumpBodyHtml', with key:'dump_body_html'
12-14 00:33:33.232 I/InstrumentationBackend( 3896): Added:'EnterTextByCssSelector', with key:'enter_text_by_selector'
12-14 00:33:33.235 I/InstrumentationBackend( 3896): Added:'AndroidSDKVersion', with key:'android_sdk_version'
12-14 00:33:33.236 I/InstrumentationBackend( 3896): Added:'Version', with key:'version'
12-14 00:33:33.236 I/InstrumentationBackend( 3896): Added:'Drag', with key:'drag'
12-14 00:33:33.236 I/InstrumentationBackend( 3896): Added:'TouchCoordinates', with key:'touch_coordinate'
12-14 00:33:33.236 I/InstrumentationBackend( 3896): Added:'LongPressCoordinate', with key:'long_press_coordinate'
12-14 00:33:33.236 I/InstrumentationBackend( 3896): Added:'DragCoordinates', with key:'drag_coordinates'
12-14 00:33:33.237 I/InstrumentationBackend( 3896): Added:'ResumeApplication', with key:'resume_application'
12-14 00:33:33.237 I/InstrumentationBackend( 3896): Added:'Swipe', with key:'swipe'
12-14 00:33:33.237 I/InstrumentationBackend( 3896): Added:'DoubleTapCoordinate', with key:'double_tap_coordinate'
12-14 00:33:33.238 I/InstrumentationBackend( 3896): Added:'ClickOnScreen', with key:'click_on_screen'
12-14 00:33:33.238 I/InstrumentationBackend( 3896): Added:'GetActivityName', with key:'get_activity_name'
12-14 00:33:33.239 I/InstrumentationBackend( 3896): Added:'ScrollToView', with key:'scroll_to_view'
12-14 00:33:33.240 I/InstrumentationBackend( 3896): Added:'ViewConfiguration', with key:'view_configuration'
12-14 00:33:33.240 I/InstrumentationBackend( 3896): Added:'IsCurrentActivityFocused', with key:'is_current_activity_focused'
12-14 00:33:33.241 I/InstrumentationBackend( 3896): Added:'SendTcp', with key:'send_tcp'
12-14 00:33:33.241 I/InstrumentationBackend( 3896): Added:'DpToDevicePixel', with key:'dp_to_device_pixel'
12-14 00:33:33.242 D/BoundBrokerSvc( 1941): onUnbind: Intent { act=com.google.android.gms.phenotype.service.START pkg=com.google.android.gms }
12-14 00:33:33.242 D/BoundBrokerSvc( 2112): onUnbind: Intent { act=com.google.android.gms.people.service.START pkg=com.google.android.gms }
12-14 00:33:33.243 I/InstrumentationBackend( 3896): Added:'KeyboardEnterText', with key:'keyboard_enter_text'
12-14 00:33:33.243 I/InstrumentationBackend( 3896): Added:'DeleteSurroundingText', with key:'delete_surrounding_text'
12-14 00:33:33.244 I/InstrumentationBackend( 3896): Added:'SetComposingRegion', with key:'set_composing_region'
12-14 00:33:33.245 I/InstrumentationBackend( 3896): Added:'SetSelection', with key:'set_selection'
12-14 00:33:33.245 I/InstrumentationBackend( 3896): Added:'KeyboardKeyEvent', with key:'keyboard_key_event'
12-14 00:33:33.246 I/InstrumentationBackend( 3896): Added:'PressUserActionButton', with key:'press_user_action_button'
12-14 00:33:33.247 I/InstrumentationBackend( 3896): Added:'HideSoftKeyboard', with key:'hide_soft_keyboard'
12-14 00:33:33.248 I/InstrumentationBackend( 3896): Added:'ListActions', with key:'list_actions'
12-14 00:33:33.249 I/calabash( 3896): Instantiating http server at 7102
12-14 00:33:33.250 I/System.out( 3896): HTTP Daemon listening on: 7102
12-14 00:33:33.353 I/System.out( 3896): URI: //ping
12-14 00:33:33.354 I/System.out( 3896): params: {json={}
12-14 00:33:33.354 I/System.out( 3896): }
12-14 00:33:33.366 I/System.out( 3896): URI: //ping
12-14 00:33:33.366 I/System.out( 3896): params: {json={}
12-14 00:33:33.366 I/System.out( 3896): }
12-14 00:33:33.373 I/System.out( 3896): URI: //ready
12-14 00:33:33.373 I/System.out( 3896): params: {json={}
12-14 00:33:33.373 I/System.out( 3896): }
12-14 00:33:33.380 I/System.out( 3896): URI: //
12-14 00:33:33.380 I/System.out( 3896): params: {json={"command":"version","arguments":[]}
12-14 00:33:33.380 I/System.out( 3896): }
12-14 00:33:33.380 I/System.out( 3896): header: {content-type=application/json;charset=utf-8, date=Mon, 14 Dec 2020 05:33:34 GMT, accept=*/*, host=127.0.0.1:34777, content-length=36, user-agent=HTTPClient/1.0 (2.8.3, ruby 2.5.8 (2020-03-31))}
12-14 00:33:33.380 I/System.out( 3896): params: {json={"command":"version","arguments":[]}
12-14 00:33:33.380 I/System.out( 3896): }
12-14 00:33:33.380 I/System.out( 3896): ProP json = {"command":"version","arguments":[]}
12-14 00:33:33.380 I/System.out( 3896): files: {}
12-14 00:33:33.380 I/System.out( 3896): command: {"command":"version","arguments":[]}
12-14 00:33:33.407 I/InstrumentationBackend( 3896): Got command:'Command:'Line:null,version', arguments:'[]'
12-14 00:33:33.440 I/System.out( 3896): result:{"bonusInformation":[],"message":"0.9.8","success":true}
12-14 00:33:33.450 I/System.out( 3896): URI: //start-application
12-14 00:33:33.450 I/System.out( 3896): params: {json={"intent":null}
12-14 00:33:33.450 I/System.out( 3896): }
12-14 00:33:33.488 I/ActivityManager( 1627): START u0 {act=android.intent.action.MAIN cat=[android.intent.category.LAUNCHER] flg=0x10200000 cmp=com.evancharlton.mileage/.Mileage} from uid 10232
12-14 00:33:33.503 I/calabash( 3896): newActivity1
12-14 00:33:33.524 D/gralloc_ranchu( 1396): gralloc_alloc: Creating ashmem region of size 7753728
12-14 00:33:33.548 W/ActivityManager( 1627): Bad activity token: android.os.BinderProxy@51eec13
12-14 00:33:33.548 W/ActivityManager( 1627): java.lang.ClassCastException: android.os.BinderProxy cannot be cast to com.android.server.am.ActivityRecord$Token
12-14 00:33:33.548 W/ActivityManager( 1627): 	at com.android.server.am.ActivityRecord.forTokenLocked(ActivityRecord.java:778)
12-14 00:33:33.548 W/ActivityManager( 1627): 	at com.android.server.am.ActivityRecord.isInStackLocked(ActivityRecord.java:2085)
12-14 00:33:33.548 W/ActivityManager( 1627): 	at com.android.server.am.ActivityRecord.getStackLocked(ActivityRecord.java:2090)
12-14 00:33:33.548 W/ActivityManager( 1627): 	at com.android.server.am.ActivityManagerService.getActivityDisplayId(ActivityManagerService.java:10406)
12-14 00:33:33.548 W/ActivityManager( 1627): 	at android.app.IActivityManager$Stub.onTransact(IActivityManager.java:2738)
12-14 00:33:33.548 W/ActivityManager( 1627): 	at com.android.server.am.ActivityManagerService.onTransact(ActivityManagerService.java:2935)
12-14 00:33:33.548 W/ActivityManager( 1627): 	at android.os.Binder.execTransact(Binder.java:674)
12-14 00:33:33.552 I/calabash( 3896): newActivity1
12-14 00:33:33.568 W/ActivityManager( 1627): Bad activity token: android.os.BinderProxy@51eec13
12-14 00:33:33.568 W/ActivityManager( 1627): java.lang.ClassCastException: android.os.BinderProxy cannot be cast to com.android.server.am.ActivityRecord$Token
12-14 00:33:33.568 W/ActivityManager( 1627): 	at com.android.server.am.ActivityRecord.forTokenLocked(ActivityRecord.java:778)
12-14 00:33:33.568 W/ActivityManager( 1627): 	at com.android.server.am.ActivityRecord.isInStackLocked(ActivityRecord.java:2085)
12-14 00:33:33.568 W/ActivityManager( 1627): 	at com.android.server.am.ActivityManagerService.setTaskDescription(ActivityManagerService.java:9988)
12-14 00:33:33.568 W/ActivityManager( 1627): 	at android.app.IActivityManager$Stub.onTransact(IActivityManager.java:2824)
12-14 00:33:33.568 W/ActivityManager( 1627): 	at com.android.server.am.ActivityManagerService.onTransact(ActivityManagerService.java:2935)
12-14 00:33:33.568 W/ActivityManager( 1627): 	at android.os.Binder.execTransact(Binder.java:674)
12-14 00:33:33.569 W/ActivityManager( 1627): Bad activity token: android.os.BinderProxy@51eec13
12-14 00:33:33.569 W/ActivityManager( 1627): java.lang.ClassCastException: android.os.BinderProxy cannot be cast to com.android.server.am.ActivityRecord$Token
12-14 00:33:33.569 W/ActivityManager( 1627): 	at com.android.server.am.ActivityRecord.forTokenLocked(ActivityRecord.java:778)
12-14 00:33:33.569 W/ActivityManager( 1627): 	at com.android.server.am.ActivityRecord.isInStackLocked(ActivityRecord.java:2085)
12-14 00:33:33.569 W/ActivityManager( 1627): 	at com.android.server.am.ActivityRecord.getStackLocked(ActivityRecord.java:2090)
12-14 00:33:33.569 W/ActivityManager( 1627): 	at com.android.server.am.ActivityManagerService.getActivityStackId(ActivityManagerService.java:10417)
12-14 00:33:33.569 W/ActivityManager( 1627): 	at android.app.IActivityManager$Stub.onTransact(IActivityManager.java:3548)
12-14 00:33:33.569 W/ActivityManager( 1627): 	at com.android.server.am.ActivityManagerService.onTransact(ActivityManagerService.java:2935)
12-14 00:33:33.569 W/ActivityManager( 1627): 	at android.os.Binder.execTransact(Binder.java:674)
12-14 00:33:33.603 W/asset   ( 1726): Asset path /data/app/com.evancharlton.mileage-LTJ1DhROAtUEf4wfy6gYSQ==/base.apk is neither a directory nor file (type=1).
12-14 00:33:33.603 E/ResourcesManager( 1726): failed to add asset path /data/app/com.evancharlton.mileage-LTJ1DhROAtUEf4wfy6gYSQ==/base.apk
12-14 00:33:33.603 W/PackageManager( 1726): Failure retrieving resources for com.evancharlton.mileage
12-14 00:33:33.603 W/asset   ( 1726): Asset path /data/app/com.evancharlton.mileage-LTJ1DhROAtUEf4wfy6gYSQ==/base.apk is neither a directory nor file (type=1).
12-14 00:33:33.603 E/ResourcesManager( 1726): failed to add asset path /data/app/com.evancharlton.mileage-LTJ1DhROAtUEf4wfy6gYSQ==/base.apk
12-14 00:33:33.603 W/PackageManager( 1726): Failure retrieving resources for com.evancharlton.mileage
12-14 00:33:33.603 W/asset   ( 1726): Asset path /data/app/com.evancharlton.mileage-LTJ1DhROAtUEf4wfy6gYSQ==/base.apk is neither a directory nor file (type=1).
12-14 00:33:33.603 E/ResourcesManager( 1726): failed to add asset path /data/app/com.evancharlton.mileage-LTJ1DhROAtUEf4wfy6gYSQ==/base.apk
12-14 00:33:33.603 W/PackageManager( 1726): Failure retrieving resources for com.evancharlton.mileage
12-14 00:33:33.606 D/EGL_emulation( 2209): eglMakeCurrent: 0x9affdc80: ver 3 0 (tinfo 0x9afff560)
12-14 00:33:33.616 D/EGL_emulation( 2181): eglMakeCurrent: 0x9d584840: ver 3 0 (tinfo 0x9d583570)
12-14 00:33:33.626 V/StatusBar( 1726): setLightsOn(true)
12-14 00:33:33.642 D/EGL_emulation( 1726): eglMakeCurrent: 0x9d5849c0: ver 3 0 (tinfo 0x9d583580)
12-14 00:33:33.649 I/InputReader( 1627): Reconfiguring input devices.  changes=0x00000010
12-14 00:33:33.652 W/ResourceType( 1627): ResTable_typeSpec entry count inconsistent: given 67, previously 69
12-14 00:33:33.652 W/ResourceType( 1627): ResTable_typeSpec entry count inconsistent: given 5411, previously 5412
12-14 00:33:33.663 D/EGL_emulation( 1726): eglMakeCurrent: 0x9d5849c0: ver 3 0 (tinfo 0x9d583580)
12-14 00:33:33.679 D/FillupsProvider( 3896): Creating database
12-14 00:33:33.683 D/EGL_emulation( 1726): eglMakeCurrent: 0x9d5849c0: ver 3 0 (tinfo 0x9d583580)
12-14 00:33:33.686 E/ContentStoreEUAS( 2209): Failed to commit the deferred actions
12-14 00:33:33.688 V/StatusBar( 1726): setLightsOn(true)
12-14 00:33:33.703 D/EGL_emulation( 1726): eglMakeCurrent: 0x9d5849c0: ver 3 0 (tinfo 0x9d583580)
12-14 00:33:33.718 I/Telecom ( 1627): DefaultDialerCache: Refreshing default dialer for user 0: now com.google.android.dialer: DDC.oR@AE0
12-14 00:33:33.733 W/PeopleGalProvider( 2112): Not enabled to outside of GmsCore.
12-14 00:33:33.734 I/PeopleGalProvider( 2112): Method 0 completed.
12-14 00:33:33.735 I/ContactDirectoryManager( 2312): Directory provider com.google.android.gms(com.google.android.gms.people.gal.provider) returned a NULL cursor.
12-14 00:33:33.740 D/EGL_emulation( 1726): eglMakeCurrent: 0x9d5849c0: ver 3 0 (tinfo 0x9d583580)
12-14 00:33:33.745 I/Fitness ( 1941): OnPackageChangedOperation got intent: Intent { act=android.intent.action.PACKAGE_CHANGED dat=package:com.google.android.gms flg=0x45000010 pkg=com.google.android.gms cmp=com.google.android.gms/.chimera.PersistentIntentOperationService (has extras) } [CONTEXT service_id=17 ]
12-14 00:33:33.745 D/EGL_emulation( 1726): eglMakeCurrent: 0x9d5849c0: ver 3 0 (tinfo 0x9d583580)
12-14 00:33:33.753 I/Fitness ( 1941): FitCleanupIntentOperation received Intent android.intent.action.PACKAGE_CHANGED [CONTEXT service_id=17 ]
12-14 00:33:33.764 D/EGL_emulation( 1726): eglMakeCurrent: 0x9d5849c0: ver 3 0 (tinfo 0x9d583580)
12-14 00:33:33.784 I/chatty  ( 1726): uid=10028(u0_a28) RenderThread identical 2 lines
12-14 00:33:33.793 D/EGL_emulation( 1726): eglMakeCurrent: 0x9d5849c0: ver 3 0 (tinfo 0x9d583580)
12-14 00:33:33.799 W/ResourceType( 1627): ResTable_typeSpec entry count inconsistent: given 67, previously 69
12-14 00:33:33.799 W/ResourceType( 1627): ResTable_typeSpec entry count inconsistent: given 5411, previously 5412
12-14 00:33:33.803 D/EGL_emulation( 1726): eglMakeCurrent: 0x9d5849c0: ver 3 0 (tinfo 0x9d583580)
12-14 00:33:33.841 I/ActivityManager( 1627): Killing 3353:com.google.android.ext.services/u0a14 (adj 906): empty #17
12-14 00:33:33.829 I/chatty  ( 1726): uid=10028(u0_a28) RenderThread identical 2 lines
12-14 00:33:33.863 D/EGL_emulation( 1726): eglMakeCurrent: 0x9d5849c0: ver 3 0 (tinfo 0x9d583580)
12-14 00:33:33.868 D/CarrierSvcBindHelper( 1819): No carrier app for: 0
12-14 00:33:33.868 D/ImsResolver( 1819): maybeAddedImsService, packageName: com.google.android.gms
