--------- beginning of main
12-14 00:33:46.050 I/chatty  ( 1726): uid=10028(u0_a28) com.android.systemui expire 3 lines
12-14 00:33:46.066 V/StatusBar( 1726): setLightsOn(true)
12-14 00:33:46.067 D/gralloc_ranchu( 1396): gralloc_alloc: Creating ashmem region of size 8298496
12-14 00:33:46.079 D/SurfaceFlinger( 1413): duplicate layer name: changing com.google.android.apps.nexuslauncher/com.google.android.apps.nexuslauncher.NexusLauncherActivity to com.google.android.apps.nexuslauncher/com.google.android.apps.nexuslauncher.NexusLauncherActivity#1
12-14 00:33:46.096 D/gralloc_ranchu( 1396): gralloc_alloc: Creating ashmem region of size 8298496
12-14 00:33:46.107 D/gralloc_ranchu( 1396): gralloc_alloc: Creating ashmem region of size 8298496
12-14 00:33:46.144 W/audio_hw_generic( 1390): Not supplying enough data to HAL, expected position 242122 , only wrote 241920
12-14 00:33:46.144 W/audio_hw_generic( 1390): Not supplying enough data to HAL, expected position 241939 , only wrote 241920
12-14 00:33:46.146 D/EGL_emulation( 1726): eglMakeCurrent: 0x9d5849c0: ver 3 0 (tinfo 0x9d583580)
12-14 00:33:46.154 D/gralloc_ranchu( 1396): gralloc_alloc: Creating ashmem region of size 8298496
12-14 00:33:46.160 W/audio_hw_generic( 1390): Not supplying enough data to HAL, expected position 242666 , only wrote 242640
12-14 00:33:46.233 D/gralloc_ranchu( 1396): gralloc_alloc: Creating ashmem region of size 8298496
12-14 00:33:46.260 E/IPCThreadState( 1413): binder thread pool (4 threads) starved for 159 ms
12-14 00:33:46.263 D/gralloc_ranchu( 1396): gralloc_alloc: Creating ashmem region of size 8298496
12-14 00:33:46.374 D/EGL_emulation( 2209): eglMakeCurrent: 0x9affdc80: ver 3 0 (tinfo 0x9afff560)
12-14 00:33:46.414 W/SessionLifecycleManager( 2209): Handover failed. Creating new session controller.
12-14 00:33:46.418 D/EGL_emulation( 2181): eglMakeCurrent: 0x9d584840: ver 3 0 (tinfo 0x9d583570)
12-14 00:33:46.430 D/BoundBrokerSvc( 1941): onUnbind: Intent { act=com.google.android.gms.tapandpay.service.BIND cmp=com.google.android.gms/.chimera.PersistentApiService }
12-14 00:33:46.449 D/gralloc_ranchu( 1396): gralloc_alloc: Creating ashmem region of size 7753728
12-14 00:33:46.465 I/MicroDetectionWorker( 2209): #updateMicroDetector [detectionMode: [mDetectionMode: [1]]]
12-14 00:33:46.467 I/MicroDetectionWorker( 2209): #startMicroDetector [speakerMode: 0]
12-14 00:33:46.469 I/AudioController( 2209): Using mInputStreamFactoryBuilder
12-14 00:33:46.475 D/        ( 1726): HostConnection::get() New Host Connection established 0x89e38ac0, tid 1760
12-14 00:33:46.479 D/EGL_emulation( 1726): eglMakeCurrent: 0x9d5849c0: ver 3 0 (tinfo 0x9d583580)
12-14 00:33:46.492 I/MicroDetectionWorker( 2209): onReady
12-14 00:33:46.507 I/MicroRecognitionRunner( 2209): Starting detection.
12-14 00:33:46.509 D/EGL_emulation( 1726): eglMakeCurrent: 0x9d5849c0: ver 3 0 (tinfo 0x9d583580)
12-14 00:33:46.511 I/MicrophoneInputStream( 2209): mic_starting com.google.android.apps.gsa.staticplugins.aa.c@9c56a64
12-14 00:33:46.516 D/EGL_emulation( 1726): eglMakeCurrent: 0x9d5849c0: ver 3 0 (tinfo 0x9d583580)
12-14 00:33:46.521 I/AudioFlinger( 1475): AudioFlinger's thread 0xacf83d80 tid=4059 ready to run
12-14 00:33:46.526 I/MicrophoneInputStream( 2209): mic_started com.google.android.apps.gsa.staticplugins.aa.c@9c56a64
12-14 00:33:46.527 D/EGL_emulation( 1726): eglMakeCurrent: 0x9d5849c0: ver 3 0 (tinfo 0x9d583580)
--------- beginning of system
12-14 00:33:46.530 E/ActivityThread( 2209): Failed to find provider info for com.google.android.apps.gsa.testing.ui.audio.recorded
12-14 00:33:46.531 I/MicroDetectionWorker( 2209): onReady
12-14 00:33:46.538 D/EGL_emulation( 1726): eglMakeCurrent: 0x9d5849c0: ver 3 0 (tinfo 0x9d583580)
12-14 00:33:46.544 D/BoundBrokerSvc( 2112): onUnbind: Intent { act=com.google.android.gms.pay.service.BIND cmp=com.google.android.gms/.chimera.GmsApiService }
12-14 00:33:46.552 D/EGL_emulation( 1726): eglMakeCurrent: 0x9d5849c0: ver 3 0 (tinfo 0x9d583580)
12-14 00:33:46.558 D/EGL_emulation( 1726): eglMakeCurrent: 0x9d5849c0: ver 3 0 (tinfo 0x9d583580)
12-14 00:33:46.565 I/MicrophoneInputStream( 2209): mic_close com.google.android.apps.gsa.staticplugins.aa.c@9c56a64
12-14 00:33:46.565 D/EGL_emulation( 1726): eglMakeCurrent: 0x9d5849c0: ver 3 0 (tinfo 0x9d583580)
12-14 00:33:46.573 I/MicroRecognitionRunner( 2209): Detection finished
12-14 00:33:46.573 W/ErrorReporter( 2209): reportError [type: 211, code: 524300]: Error reading from input stream
12-14 00:33:46.583 D/EGL_emulation( 1726): eglMakeCurrent: 0x9d5849c0: ver 3 0 (tinfo 0x9d583580)
12-14 00:33:46.588 I/MicroRecognitionRunner( 2209): Stopping hotword detection.
12-14 00:33:46.588 D/EGL_emulation( 1726): eglMakeCurrent: 0x9d5849c0: ver 3 0 (tinfo 0x9d583580)
12-14 00:33:46.605 D/EGL_emulation( 1726): eglMakeCurrent: 0x9d5849c0: ver 3 0 (tinfo 0x9d583580)
12-14 00:33:46.605 W/ErrorProcessor( 2209): onFatalError, processing error from engine(4)
12-14 00:33:46.605 W/ErrorProcessor( 2209): com.google.android.apps.gsa.shared.speech.b.g: Error reading from input stream
12-14 00:33:46.605 W/ErrorProcessor( 2209): 	at com.google.android.apps.gsa.staticplugins.recognizer.j.a.a(SourceFile:28)
12-14 00:33:46.605 W/ErrorProcessor( 2209): 	at com.google.android.apps.gsa.staticplugins.recognizer.j.b.run(SourceFile:15)
12-14 00:33:46.605 W/ErrorProcessor( 2209): 	at java.util.concurrent.Executors$RunnableAdapter.call(Executors.java:457)
12-14 00:33:46.605 W/ErrorProcessor( 2209): 	at java.util.concurrent.FutureTask.run(FutureTask.java:266)
12-14 00:33:46.605 W/ErrorProcessor( 2209): 	at com.google.android.apps.gsa.shared.util.concurrent.a.ax.run(SourceFile:14)
12-14 00:33:46.605 W/ErrorProcessor( 2209): 	at com.google.android.apps.gsa.shared.util.concurrent.a.bl.run(SourceFile:4)
12-14 00:33:46.605 W/ErrorProcessor( 2209): 	at com.google.android.apps.gsa.shared.util.concurrent.a.bl.run(SourceFile:4)
12-14 00:33:46.605 W/ErrorProcessor( 2209): 	at java.util.concurrent.ThreadPoolExecutor.runWorker(ThreadPoolExecutor.java:1162)
12-14 00:33:46.605 W/ErrorProcessor( 2209): 	at java.util.concurrent.ThreadPoolExecutor$Worker.run(ThreadPoolExecutor.java:636)
12-14 00:33:46.605 W/ErrorProcessor( 2209): 	at java.lang.Thread.run(Thread.java:764)
12-14 00:33:46.605 W/ErrorProcessor( 2209): 	at com.google.android.apps.gsa.shared.util.concurrent.a.ai.run(SourceFile:6)
12-14 00:33:46.605 W/ErrorProcessor( 2209): Caused by: com.google.android.apps.gsa.shared.exception.GsaIOException: Error code: 393238 | Buffer overflow, no available space.
12-14 00:33:46.605 W/ErrorProcessor( 2209): 	at com.google.android.apps.gsa.speech.audio.Tee.f(SourceFile:103)
12-14 00:33:46.605 W/ErrorProcessor( 2209): 	at com.google.android.apps.gsa.speech.audio.au.read(SourceFile:2)
12-14 00:33:46.605 W/ErrorProcessor( 2209): 	at java.io.InputStream.read(InputStream.java:101)
12-14 00:33:46.605 W/ErrorProcessor( 2209): 	at com.google.android.apps.gsa.speech.audio.ao.run(SourceFile:18)
12-14 00:33:46.605 W/ErrorProcessor( 2209): 	at com.google.android.apps.gsa.speech.audio.an.run(SourceFile:2)
12-14 00:33:46.605 W/ErrorProcessor( 2209): 	... 9 more
12-14 00:33:46.605 I/AudioController( 2209): internalShutdown
12-14 00:33:46.609 D/EGL_emulation( 1726): eglMakeCurrent: 0x9d5849c0: ver 3 0 (tinfo 0x9d583580)
12-14 00:33:46.619 I/MicroDetector( 2209): Keeping mic open: false
12-14 00:33:46.619 I/MicroDetectionWorker( 2209): #onError(false)
12-14 00:33:46.621 I/DeviceStateChecker( 2209): DeviceStateChecker cancelled
12-14 00:33:46.623 I/zygote  ( 1726): NativeAllocBackground concurrent copying GC freed 5658(302KB) AllocSpace objects, 0(0B) LOS objects, 49% free, 4MB/8MB, paused 22.905ms total 133.149ms
12-14 00:33:46.623 D/EGL_emulation( 1726): eglMakeCurrent: 0x9d5849c0: ver 3 0 (tinfo 0x9d583580)
12-14 00:33:46.726 I/chatty  ( 1726): uid=10028(u0_a28) RenderThread identical 9 lines
12-14 00:33:46.733 D/EGL_emulation( 1726): eglMakeCurrent: 0x9d5849c0: ver 3 0 (tinfo 0x9d583580)
12-14 00:33:46.850 D/AndroidRuntime( 4054): >>>>>> START com.android.internal.os.RuntimeInit uid 2000 <<<<<<
12-14 00:33:46.888 W/OpenGLRenderer( 2181): Incorrectly called buildLayer on View: ShortcutAndWidgetContainer, destroying layer...
12-14 00:33:46.933 I/OpenGLRenderer( 1627): Initialized EGL, version 1.4
12-14 00:33:46.933 D/OpenGLRenderer( 1627): Swap behavior 1
12-14 00:33:46.933 W/OpenGLRenderer( 1627): Failed to choose config with EGL_SWAP_BEHAVIOR_PRESERVED, retrying without...
12-14 00:33:46.933 D/OpenGLRenderer( 1627): Swap behavior 0
12-14 00:33:46.941 D/EGL_emulation( 1627): eglCreateContext: 0x9d52f400: maj 3 min 0 rcv 3
12-14 00:33:46.943 D/EGL_emulation( 1627): eglMakeCurrent: 0x9d52f400: ver 3 0 (tinfo 0x8b1be500)
12-14 00:33:46.945 E/eglCodecCommon( 1627): glUtilsParamSize: unknow param 0x00008cdf
12-14 00:33:46.945 E/eglCodecCommon( 1627): glUtilsParamSize: unknow param 0x00008cdf
12-14 00:33:46.945 E/eglCodecCommon( 1627): glUtilsParamSize: unknow param 0x00008824
12-14 00:33:46.945 E/eglCodecCommon( 1627): glUtilsParamSize: unknow param 0x00008824
12-14 00:33:46.962 D/        ( 1627): HostConnection::get() New Host Connection established 0x86dab700, tid 1634
12-14 00:33:46.964 W/app_process( 4054): Unexpected CPU variant for X86 using defaults: x86
12-14 00:33:46.991 D/AndroidRuntime( 4054): Calling main entry com.android.commands.am.Am
12-14 00:33:46.995 I/ActivityManager( 1627): Force stopping com.evancharlton.mileage appid=10232 user=0: start instr
12-14 00:33:46.995 I/ActivityManager( 1627): Killing 3987:com.evancharlton.mileage/u0a232 (adj 0): stop com.evancharlton.mileage
12-14 00:33:46.995 W/ActivityManager( 1627): Crash of app com.evancharlton.mileage running instrumentation ComponentInfo{com.evancharlton.mileage.test/sh.calaba.instrumentationbackend.CalabashInstrumentationTestRunner}
12-14 00:33:46.995 I/ActivityManager( 1627): Force stopping com.evancharlton.mileage appid=10232 user=0: finished inst
12-14 00:33:47.012 I/ActivityManager( 1627): Start proc 4068:com.evancharlton.mileage/u0a232 for added application com.evancharlton.mileage
12-14 00:33:47.013 D/AndroidRuntime( 4054): Shutting down VM
12-14 00:33:47.029 I/zygote  ( 4068): Not late-enabling -Xcheck:jni (already on)
12-14 00:33:47.035 E/adbd    ( 1384): failed to connect to socket 'tcp:7102': Connection refused
12-14 00:33:47.041 W/zygote  ( 4068): Unexpected CPU variant for X86 using defaults: x86
12-14 00:33:47.042 E/adbd    ( 1384): failed to connect to socket 'tcp:7102': Connection refused
12-14 00:33:47.054 W/ActivityManager( 1627): setHasOverlayUi called on unknown pid: 3987
12-14 00:33:47.068 W/zygote  ( 4068): Found duplicate classes, falling back to extracting from APK : /data/app/com.evancharlton.mileage.test--jSidFF4HIddyUAJO8EE_Q==/base.apk
12-14 00:33:47.069 W/zygote  ( 4068): NOTE: This wastes RAM and hurts startup performance.
12-14 00:33:47.069 W/zygote  ( 4068): Found duplicated class when checking oat files: 'Ljunit/runner/BaseTestRunner;' in /data/app/com.evancharlton.mileage.test--jSidFF4HIddyUAJO8EE_Q==/base.apk and /system/framework/android.test.runner.jar
12-14 00:33:47.069 W/zygote  ( 4068): 
12-14 00:33:47.097 W/System  ( 4068): ClassLoader referenced unknown path: 
12-14 00:33:47.111 I/System.out( 4068): Main activity name automatically set to: com.evancharlton.mileage.Mileage
12-14 00:33:47.113 I/System.out( 4068): Calabash did not load Mono. This is only a problem if you are trying to test a Mono application
12-14 00:33:47.113 I/calabash( 4068): Test server port: 7102
12-14 00:33:47.114 I/InstrumentationBackend( 4068): Added:'GetPreferences', with key:'get_preferences'
12-14 00:33:47.150 E/adbd    ( 1384): failed to connect to socket 'tcp:7102': Connection refused
12-14 00:33:47.154 E/adbd    ( 1384): failed to connect to socket 'tcp:7102': Connection refused
12-14 00:33:47.189 I/InstrumentationBackend( 4068): Added:'SetPreferences', with key:'set_preferences'
12-14 00:33:47.189 I/InstrumentationBackend( 4068): Added:'ClearPreferences', with key:'clear_preferences'
12-14 00:33:47.189 I/InstrumentationBackend( 4068): Added:'PressElement', with key:'press_l10n_element'
12-14 00:33:47.189 I/InstrumentationBackend( 4068): Added:'WaitForElement', with key:'wait_for_l10n_element'
12-14 00:33:47.190 I/InstrumentationBackend( 4068): Added:'NullAction', with key:'nullAction'
12-14 00:33:47.190 I/InstrumentationBackend( 4068): Added:'PressKey', with key:'press_key'
12-14 00:33:47.191 I/InstrumentationBackend( 4068): Added:'SetActivityOrientation', with key:'set_activity_orientation'
12-14 00:33:47.191 I/InstrumentationBackend( 4068): Added:'GetActivityOrientation', with key:'get_activity_orientation'
12-14 00:33:47.192 I/InstrumentationBackend( 4068): Added:'FakeGPSLocation', with key:'set_gps_coordinates'
12-14 00:33:47.192 I/InstrumentationBackend( 4068): Added:'SetPropertyByCssSelector', with key:'set_property_by_css_selector'
12-14 00:33:47.193 I/InstrumentationBackend( 4068): Added:'GetUrl', with key:'get_url'
12-14 00:33:47.195 I/InstrumentationBackend( 4068): Added:'ScrollTo', with key:'scroll_to'
12-14 00:33:47.196 I/InstrumentationBackend( 4068): Added:'GetLoadProgress', with key:'get_load_progress'
12-14 00:33:47.196 I/InstrumentationBackend( 4068): Added:'DumpHtml', with key:'dump_html'
12-14 00:33:47.196 I/InstrumentationBackend( 4068): Added:'DumpBodyHtml', with key:'dump_body_html'
12-14 00:33:47.197 I/InstrumentationBackend( 4068): Added:'EnterTextByCssSelector', with key:'enter_text_by_selector'
12-14 00:33:47.202 I/InstrumentationBackend( 4068): Added:'AndroidSDKVersion', with key:'android_sdk_version'
12-14 00:33:47.202 I/InstrumentationBackend( 4068): Added:'Version', with key:'version'
12-14 00:33:47.203 I/InstrumentationBackend( 4068): Added:'Drag', with key:'drag'
12-14 00:33:47.203 I/InstrumentationBackend( 4068): Added:'TouchCoordinates', with key:'touch_coordinate'
12-14 00:33:47.203 I/InstrumentationBackend( 4068): Added:'LongPressCoordinate', with key:'long_press_coordinate'
12-14 00:33:47.204 I/InstrumentationBackend( 4068): Added:'DragCoordinates', with key:'drag_coordinates'
12-14 00:33:47.204 I/InstrumentationBackend( 4068): Added:'ResumeApplication', with key:'resume_application'
12-14 00:33:47.205 I/InstrumentationBackend( 4068): Added:'Swipe', with key:'swipe'
12-14 00:33:47.205 I/InstrumentationBackend( 4068): Added:'DoubleTapCoordinate', with key:'double_tap_coordinate'
12-14 00:33:47.205 I/InstrumentationBackend( 4068): Added:'ClickOnScreen', with key:'click_on_screen'
12-14 00:33:47.206 I/InstrumentationBackend( 4068): Added:'GetActivityName', with key:'get_activity_name'
12-14 00:33:47.206 I/InstrumentationBackend( 4068): Added:'ScrollToView', with key:'scroll_to_view'
12-14 00:33:47.207 I/InstrumentationBackend( 4068): Added:'ViewConfiguration', with key:'view_configuration'
12-14 00:33:47.207 I/InstrumentationBackend( 4068): Added:'IsCurrentActivityFocused', with key:'is_current_activity_focused'
12-14 00:33:47.207 I/InstrumentationBackend( 4068): Added:'SendTcp', with key:'send_tcp'
12-14 00:33:47.207 I/InstrumentationBackend( 4068): Added:'DpToDevicePixel', with key:'dp_to_device_pixel'
12-14 00:33:47.208 I/InstrumentationBackend( 4068): Added:'KeyboardEnterText', with key:'keyboard_enter_text'
12-14 00:33:47.209 I/InstrumentationBackend( 4068): Added:'DeleteSurroundingText', with key:'delete_surrounding_text'
12-14 00:33:47.209 I/InstrumentationBackend( 4068): Added:'SetComposingRegion', with key:'set_composing_region'
12-14 00:33:47.209 I/InstrumentationBackend( 4068): Added:'SetSelection', with key:'set_selection'
12-14 00:33:47.210 I/InstrumentationBackend( 4068): Added:'KeyboardKeyEvent', with key:'keyboard_key_event'
12-14 00:33:47.210 I/InstrumentationBackend( 4068): Added:'PressUserActionButton', with key:'press_user_action_button'
12-14 00:33:47.211 I/InstrumentationBackend( 4068): Added:'HideSoftKeyboard', with key:'hide_soft_keyboard'
12-14 00:33:47.213 I/InstrumentationBackend( 4068): Added:'ListActions', with key:'list_actions'
12-14 00:33:47.213 I/calabash( 4068): Instantiating http server at 7102
12-14 00:33:47.213 I/System.out( 4068): HTTP Daemon listening on: 7102
12-14 00:33:47.273 I/System.out( 4068): URI: //ping
12-14 00:33:47.274 I/System.out( 4068): params: {json={}
12-14 00:33:47.274 I/System.out( 4068): }
12-14 00:33:47.292 I/System.out( 4068): URI: //ping
12-14 00:33:47.292 I/System.out( 4068): params: {json={}
12-14 00:33:47.292 I/System.out( 4068): }
12-14 00:33:47.301 I/System.out( 4068): URI: //ready
12-14 00:33:47.301 I/System.out( 4068): params: {json={}
12-14 00:33:47.301 I/System.out( 4068): }
12-14 00:33:47.310 I/System.out( 4068): URI: //
12-14 00:33:47.310 I/System.out( 4068): params: {json={"command":"version","arguments":[]}
12-14 00:33:47.310 I/System.out( 4068): }
12-14 00:33:47.311 I/System.out( 4068): header: {content-type=application/json;charset=utf-8, date=Mon, 14 Dec 2020 05:33:48 GMT, accept=*/*, host=127.0.0.1:34777, content-length=36, user-agent=HTTPClient/1.0 (2.8.3, ruby 2.5.8 (2020-03-31))}
12-14 00:33:47.311 I/System.out( 4068): params: {json={"command":"version","arguments":[]}
12-14 00:33:47.311 I/System.out( 4068): }
12-14 00:33:47.311 I/System.out( 4068): ProP json = {"command":"version","arguments":[]}
12-14 00:33:47.311 I/System.out( 4068): files: {}
12-14 00:33:47.311 I/System.out( 4068): command: {"command":"version","arguments":[]}
12-14 00:33:47.340 I/InstrumentationBackend( 4068): Got command:'Command:'Line:null,version', arguments:'[]'
12-14 00:33:47.380 I/System.out( 4068): result:{"bonusInformation":[],"message":"0.9.8","success":true}
12-14 00:33:47.388 I/System.out( 4068): URI: //start-application
12-14 00:33:47.388 I/System.out( 4068): params: {json={"intent":null}
12-14 00:33:47.388 I/System.out( 4068): }
12-14 00:33:47.399 I/Finsky  ( 2560): [2] abyu.onStartJob(3): SCH: onJobSchedulerWakeup with jobId 9001
12-14 00:33:47.400 I/Finsky  ( 2560): [2] abtz.a(9): SCH: Scheduling fallback job with id: 9034, and delay: 43200000 ms
12-14 00:33:47.403 I/Finsky  ( 2560): [2] abtz.b(9): SCH: Scheduling fallback in 64799997 (absolute: 64868550)
12-14 00:33:47.406 I/Finsky  ( 2560): [2] abyu.onStartJob(3): SCH: onJobSchedulerWakeup with jobId 9003
12-14 00:33:47.407 I/Finsky  ( 2560): [2] abtz.a(9): SCH: Scheduling fallback job with id: 9034, and delay: 43200000 ms
12-14 00:33:47.409 I/Finsky  ( 2560): [2] abtz.b(9): SCH: Scheduling fallback in 64800000 (absolute: 64868558)
12-14 00:33:47.411 W/Finsky  ( 2560): [2] abyu.onStartJob(10): SCH: onJobSchedulerWakeup while already running
12-14 00:33:47.439 I/ActivityManager( 1627): START u0 {act=android.intent.action.MAIN cat=[android.intent.category.LAUNCHER] flg=0x10200000 cmp=com.evancharlton.mileage/.Mileage} from uid 10232
12-14 00:33:47.464 I/Finsky  ( 2560): [2] abui.handleMessage(8): SCH: DeviceState: DeviceState{currentTime=1607924027440, isCharging=false, isIdle=false, netAny=true, netNotRoaming=true, netUnmetered=true, batteryPercent=100.0}
12-14 00:33:47.492 I/calabash( 4068): newActivity1
12-14 00:33:47.508 D/gralloc_ranchu( 1396): gralloc_alloc: Creating ashmem region of size 7753728
12-14 00:33:47.513 I/Finsky  ( 2560): [125] abwt.b(5): SCH: Jobs in database: 1-1337 2-48879 3-74 12-1 26-1414141414 29-29 
12-14 00:33:47.529 I/Finsky  ( 2560): [2] abuj.b(10): SCH: Running job: 12-1
12-14 00:33:47.532 I/Finsky  ( 2560): [2] ContentSyncJob.r(1): [ContentSync] job started
12-14 00:33:47.533 I/Finsky  ( 2560): [2] abuj.b(10): SCH: Running job: 29-29
12-14 00:33:47.538 I/Finsky  ( 2560): [2] abui.handleMessage(59): SCH: RunningQueue size: 2, PendingQueue size: 0
12-14 00:33:47.541 I/Finsky  ( 2560): [2] abuj.p(3): SCH: Running queue: 12-1 29-29 
12-14 00:33:47.545 W/ActivityManager( 1627): Bad activity token: android.os.BinderProxy@c573e77
12-14 00:33:47.545 W/ActivityManager( 1627): java.lang.ClassCastException: android.os.BinderProxy cannot be cast to com.android.server.am.ActivityRecord$Token
12-14 00:33:47.545 W/ActivityManager( 1627): 	at com.android.server.am.ActivityRecord.forTokenLocked(ActivityRecord.java:778)
12-14 00:33:47.545 W/ActivityManager( 1627): 	at com.android.server.am.ActivityRecord.isInStackLocked(ActivityRecord.java:2085)
12-14 00:33:47.545 W/ActivityManager( 1627): 	at com.android.server.am.ActivityRecord.getStackLocked(ActivityRecord.java:2090)
12-14 00:33:47.545 W/ActivityManager( 1627): 	at com.android.server.am.ActivityManagerService.getActivityDisplayId(ActivityManagerService.java:10406)
12-14 00:33:47.545 W/ActivityManager( 1627): 	at android.app.IActivityManager$Stub.onTransact(IActivityManager.java:2738)
12-14 00:33:47.545 W/ActivityManager( 1627): 	at com.android.server.am.ActivityManagerService.onTransact(ActivityManagerService.java:2935)
12-14 00:33:47.545 W/ActivityManager( 1627): 	at android.os.Binder.execTransact(Binder.java:674)
12-14 00:33:47.545 I/Finsky  ( 2560): [190] ajmy.a(0): ProcessRecoveryLogsUtil: No files in recovery directory
12-14 00:33:47.547 I/calabash( 4068): newActivity1
12-14 00:33:47.560 D/EGL_emulation( 2181): eglMakeCurrent: 0x9d584840: ver 3 0 (tinfo 0x9d583570)
12-14 00:33:47.562 V/StatusBar( 1726): setLightsOn(true)
12-14 00:33:47.563 D/EGL_emulation( 2209): eglMakeCurrent: 0x9affdc80: ver 3 0 (tinfo 0x9afff560)
12-14 00:33:47.565 I/Finsky  ( 2560): [190] abvs.n(4): SCH: jobFinished: 29-29. TimeElapsed: 32ms.
12-14 00:33:47.575 W/ActivityManager( 1627): Bad activity token: android.os.BinderProxy@c573e77
12-14 00:33:47.575 W/ActivityManager( 1627): java.lang.ClassCastException: android.os.BinderProxy cannot be cast to com.android.server.am.ActivityRecord$Token
12-14 00:33:47.575 W/ActivityManager( 1627): 	at com.android.server.am.ActivityRecord.forTokenLocked(ActivityRecord.java:778)
12-14 00:33:47.575 W/ActivityManager( 1627): 	at com.android.server.am.ActivityRecord.isInStackLocked(ActivityRecord.java:2085)
12-14 00:33:47.575 W/ActivityManager( 1627): 	at com.android.server.am.ActivityManagerService.setTaskDescription(ActivityManagerService.java:9988)
12-14 00:33:47.575 W/ActivityManager( 1627): 	at android.app.IActivityManager$Stub.onTransact(IActivityManager.java:2824)
12-14 00:33:47.575 W/ActivityManager( 1627): 	at com.android.server.am.ActivityManagerService.onTransact(ActivityManagerService.java:2935)
12-14 00:33:47.575 W/ActivityManager( 1627): 	at android.os.Binder.execTransact(Binder.java:674)
12-14 00:33:47.576 W/ActivityManager( 1627): Bad activity token: android.os.BinderProxy@c573e77
12-14 00:33:47.576 W/ActivityManager( 1627): java.lang.ClassCastException: android.os.BinderProxy cannot be cast to com.android.server.am.ActivityRecord$Token
12-14 00:33:47.576 W/ActivityManager( 1627): 	at com.android.server.am.ActivityRecord.forTokenLocked(ActivityRecord.java:778)
12-14 00:33:47.576 W/ActivityManager( 1627): 	at com.android.server.am.ActivityRecord.isInStackLocked(ActivityRecord.java:2085)
12-14 00:33:47.576 W/ActivityManager( 1627): 	at com.android.server.am.ActivityRecord.getStackLocked(ActivityRecord.java:2090)
12-14 00:33:47.576 W/ActivityManager( 1627): 	at com.android.server.am.ActivityManagerService.getActivityStackId(ActivityManagerService.java:10417)
12-14 00:33:47.576 W/ActivityManager( 1627): 	at android.app.IActivityManager$Stub.onTransact(IActivityManager.java:3548)
12-14 00:33:47.576 W/ActivityManager( 1627): 	at com.android.server.am.ActivityManagerService.onTransact(ActivityManagerService.java:2935)
12-14 00:33:47.576 W/ActivityManager( 1627): 	at android.os.Binder.execTransact(Binder.java:674)
12-14 00:33:47.582 D/EGL_emulation( 1726): eglMakeCurrent: 0x9d5849c0: ver 3 0 (tinfo 0x9d583580)
12-14 00:33:47.591 I/Finsky  ( 2560): [2] abuj.e(4): SCH: Job 29-29 finished. Not rescheduling.
12-14 00:33:47.592 I/Finsky  ( 2560): [2] abui.handleMessage(59): SCH: RunningQueue size: 1, PendingQueue size: 0
12-14 00:33:47.593 I/Finsky  ( 2560): [2] abuj.p(3): SCH: Running queue: 12-1 
12-14 00:33:47.597 D/EGL_emulation( 1726): eglMakeCurrent: 0x9d5849c0: ver 3 0 (tinfo 0x9d583580)
12-14 00:33:47.612 E/ContentStoreEUAS( 2209): Failed to commit the deferred actions
12-14 00:33:47.620 D/EGL_emulation( 1726): eglMakeCurrent: 0x9d5849c0: ver 3 0 (tinfo 0x9d583580)
12-14 00:33:47.621 V/StatusBar( 1726): setLightsOn(true)
12-14 00:33:47.631 D/EGL_emulation( 1726): eglMakeCurrent: 0x9d5849c0: ver 3 0 (tinfo 0x9d583580)
12-14 00:33:47.708 W/ActivityManager( 1627): Bad activity token: android.os.BinderProxy@c573e77
12-14 00:33:47.708 W/ActivityManager( 1627): java.lang.ClassCastException: android.os.BinderProxy cannot be cast to com.android.server.am.ActivityRecord$Token
12-14 00:33:47.708 W/ActivityManager( 1627): 	at com.android.server.am.ActivityRecord.forTokenLocked(ActivityRecord.java:778)
12-14 00:33:47.708 W/ActivityManager( 1627): 	at com.android.server.am.ActivityRecord.isInStackLocked(ActivityRecord.java:2085)
12-14 00:33:47.708 W/ActivityManager( 1627): 	at com.android.server.am.ActivityManagerService.getActivityOptions(ActivityManagerService.java:13302)
12-14 00:33:47.708 W/ActivityManager( 1627): 	at android.app.IActivityManager$Stub.onTransact(IActivityManager.java:2910)
12-14 00:33:47.708 W/ActivityManager( 1627): 	at com.android.server.am.ActivityManagerService.onTransact(ActivityManagerService.java:2935)
12-14 00:33:47.708 W/ActivityManager( 1627): 	at android.os.Binder.execTransact(Binder.java:674)
12-14 00:33:47.709 W/ActivityManager( 1627): Bad activity token: android.os.BinderProxy@c573e77
12-14 00:33:47.709 W/ActivityManager( 1627): java.lang.ClassCastException: android.os.BinderProxy cannot be cast to com.android.server.am.ActivityRecord$Token
12-14 00:33:47.709 W/ActivityManager( 1627): 	at com.android.server.am.ActivityRecord.forTokenLocked(ActivityRecord.java:778)
12-14 00:33:47.709 W/ActivityManager( 1627): 	at com.android.server.am.ActivityRecord.isInStackLocked(ActivityRecord.java:2085)
12-14 00:33:47.709 W/ActivityManager( 1627): 	at com.android.server.am.ActivityManagerService.getActivityOptions(ActivityManagerService.java:13302)
12-14 00:33:47.709 W/ActivityManager( 1627): 	at android.app.IActivityManager$Stub.onTransact(IActivityManager.java:2910)
12-14 00:33:47.709 W/ActivityManager( 1627): 	at com.android.server.am.ActivityManagerService.onTransact(ActivityManagerService.java:2935)
12-14 00:33:47.709 W/ActivityManager( 1627): 	at android.os.Binder.execTransact(Binder.java:674)
12-14 00:33:47.761 I/chatty  ( 1726): uid=10028(u0_a28) RenderThread identical 14 lines
12-14 00:33:47.765 D/EGL_emulation( 1726): eglMakeCurrent: 0x9d5849c0: ver 3 0 (tinfo 0x9d583580)
12-14 00:33:47.768 D/BoundBrokerSvc( 1941): onUnbind: Intent { act=com.google.android.gms.phenotype.service.START cmp=com.google.android.gms/.chimera.PersistentApiService }
12-14 00:33:47.777 D/EGL_emulation( 1726): eglMakeCurrent: 0x9d5849c0: ver 3 0 (tinfo 0x9d583580)
12-14 00:33:47.816 V/StatusBar( 1726): setLightsOn(true)
12-14 00:33:47.858 I/zygote  ( 4068): Do partial code cache collection, code=26KB, data=30KB
12-14 00:33:47.858 I/zygote  ( 4068): After code cache collection, code=26KB, data=30KB
12-14 00:33:47.858 I/zygote  ( 4068): Increasing code cache capacity to 128KB
12-14 00:33:47.859 I/zygote  ( 4068): Do partial code cache collection, code=26KB, data=47KB
12-14 00:33:47.859 I/zygote  ( 4068): After code cache collection, code=26KB, data=47KB
12-14 00:33:47.859 I/zygote  ( 4068): Increasing code cache capacity to 256KB
12-14 00:33:47.859 I/zygote  ( 4068): JIT allocated 71KB for compiled code of void android.widget.TextView.<init>(android.content.Context, android.util.AttributeSet, int, int)
12-14 00:33:47.859 I/zygote  ( 4068): Compiler allocated 4MB to compile void android.widget.TextView.<init>(android.content.Context, android.util.AttributeSet, int, int)
12-14 00:33:47.860 V/StatusBar( 1726): setLightsOn(true)
12-14 00:33:47.872 I/chatty  ( 1726): uid=10028(u0_a28) com.android.systemui identical 1 line
12-14 00:33:47.872 V/StatusBar( 1726): setLightsOn(true)
12-14 00:33:47.908 D/gralloc_ranchu( 1396): gralloc_alloc: Creating ashmem region of size 7753728
12-14 00:33:47.930 D/        ( 4068): HostConnection::get() New Host Connection established 0x9ac2fd80, tid 4068
12-14 00:33:47.961 I/zygote  ( 2560): Deoptimizing j$.util.stream.Sink j$.util.stream.AbstractPipeline.wrapAndCopyInto(j$.util.stream.Sink, j$.util.Spliterator) due to JIT inline cache
12-14 00:33:47.977 V/StatusBar( 1726): setLightsOn(true)
12-14 00:33:47.990 I/chatty  ( 1726): uid=10028(u0_a28) com.android.systemui identical 2 lines
12-14 00:33:47.994 V/StatusBar( 1726): setLightsOn(true)
12-14 00:33:48.004 I/ActivityManager( 1627): Displayed com.evancharlton.mileage/.Mileage: +528ms
12-14 00:33:48.005 V/StatusBar( 1726): setLightsOn(true)
12-14 00:33:48.030 D/gralloc_ranchu( 1396): gralloc_alloc: Creating ashmem region of size 7753728
12-14 00:33:48.103 I/zygote  ( 2560): Deoptimizing void j$.util.stream.AbstractPipeline.copyInto(j$.util.stream.Sink, j$.util.Spliterator) due to JIT inline cache
12-14 00:33:48.194 I/Finsky  ( 2560): [177] glv.b(1): Completed 0 account content syncs with 0 successful.
12-14 00:33:48.195 V/StatusBar( 1726): setLightsOn(true)
12-14 00:33:48.196 I/Finsky  ( 2560): [2] ContentSyncJob.a(1): [ContentSync] Installation state replication succeeded.
12-14 00:33:48.198 I/Finsky  ( 2560): [2] abvs.n(4): SCH: jobFinished: 12-1. TimeElapsed: 669ms.
12-14 00:33:48.203 I/Finsky  ( 2560): [2] abuj.e(4): SCH: Job 12-1 finished. Not rescheduling.
12-14 00:33:48.204 I/Finsky  ( 2560): [2] abui.handleMessage(59): SCH: RunningQueue size: 0, PendingQueue size: 0
12-14 00:33:48.205 I/Finsky  ( 2560): [2] abui.handleMessage(26): SCH: Executor finished
12-14 00:33:48.219 V/StatusBar( 1726): setLightsOn(true)
12-14 00:33:48.224 I/Finsky  ( 2560): [2] abwt.b(5): SCH: Jobs in database: 1-1337 2-48879 3-74 26-1414141414 
12-14 00:33:48.227 I/Finsky  ( 2560): [2] abvf.d(37): SCH: ConstraintMapping: 1-1337,  -> L: 9538735ms, D: 52738735ms, C: false, I: false, N: 1
12-14 00:33:48.228 I/Finsky  ( 2560): [2] abvf.d(37): SCH: ConstraintMapping: 2-48879, 3-74,  -> L: 0ms, D: 72407869ms, C: true, I: true, N: 2
12-14 00:33:48.228 I/Finsky  ( 2560): [2] abvf.d(37): SCH: ConstraintMapping: 26-1414141414,  -> L: 30528823ms, D: 31428823ms, C: false, I: false, N: 0
12-14 00:33:48.230 I/Finsky  ( 2560): [2] abvf.f(7): SCH: Cancelling existing jobscheduler jobs: 9002 
12-14 00:33:48.230 I/Finsky  ( 2560): [2] abvf.e(23): SCH: Scheduling job Id: 9000, L: 9538735, D: 52738735, C: false, I: false, N: 1
12-14 00:33:48.232 I/Finsky  ( 2560): [2] abvf.e(8): SCH: Throttling wakeup for job 9003 (expected to run in 0 ms) due to recent wakeup
12-14 00:33:48.232 I/Finsky  ( 2560): [2] abvf.e(23): SCH: Scheduling job Id: 9003, L: 30000, D: 72407869, C: true, I: true, N: 2
12-14 00:33:48.234 I/Finsky  ( 2560): [2] abvf.e(23): SCH: Scheduling job Id: 9004, L: 30528823, D: 31428823, C: false, I: false, N: 0
12-14 00:33:48.285 V/StatusBar( 1726): setLightsOn(true)
