12-14 03:14:03.990 W/ActivityManager( 1627): 	at com.android.server.am.ActivityManagerService.getActivityStackId(ActivityManagerService.java:10417)
12-14 03:14:03.990 W/ActivityManager( 1627): 	at android.app.IActivityManager$Stub.onTransact(IActivityManager.java:3548)
12-14 03:14:03.990 W/ActivityManager( 1627): 	at com.android.server.am.ActivityManagerService.onTransact(ActivityManagerService.java:2935)
12-14 03:14:03.990 W/ActivityManager( 1627): 	at android.os.Binder.execTransact(Binder.java:674)
12-14 03:14:04.033 D/VehicleStatisticsActivity( 4713): Checking recalculation ...
12-14 03:14:04.037 D/VehicleStatisticsActivity( 4713): Recalculating statistics
12-14 03:14:04.037 D/VehicleStatisticsTask( 4713): Calculation starting...
12-14 03:14:04.038 D/VehicleStatisticsActivity( 4713): Recalculation started!
12-14 03:14:04.044 W/ActivityManager( 1627): Bad activity token: android.os.BinderProxy@ba18bea
12-14 03:14:04.044 W/ActivityManager( 1627): java.lang.ClassCastException: android.os.BinderProxy cannot be cast to com.android.server.am.ActivityRecord$Token
12-14 03:14:04.044 W/ActivityManager( 1627): 	at com.android.server.am.ActivityRecord.forTokenLocked(ActivityRecord.java:778)
12-14 03:14:04.044 W/ActivityManager( 1627): 	at com.android.server.am.ActivityRecord.isInStackLocked(ActivityRecord.java:2085)
12-14 03:14:04.044 W/ActivityManager( 1627): 	at com.android.server.am.ActivityManagerService.getActivityOptions(ActivityManagerService.java:13302)
12-14 03:14:04.044 W/ActivityManager( 1627): 	at android.app.IActivityManager$Stub.onTransact(IActivityManager.java:2910)
12-14 03:14:04.044 W/ActivityManager( 1627): 	at com.android.server.am.ActivityManagerService.onTransact(ActivityManagerService.java:2935)
12-14 03:14:04.044 W/ActivityManager( 1627): 	at android.os.Binder.execTransact(Binder.java:674)
12-14 03:14:04.045 W/ActivityManager( 1627): Bad activity token: android.os.BinderProxy@ba18bea
12-14 03:14:04.045 W/ActivityManager( 1627): java.lang.ClassCastException: android.os.BinderProxy cannot be cast to com.android.server.am.ActivityRecord$Token
12-14 03:14:04.045 W/ActivityManager( 1627): 	at com.android.server.am.ActivityRecord.forTokenLocked(ActivityRecord.java:778)
12-14 03:14:04.045 W/ActivityManager( 1627): 	at com.android.server.am.ActivityRecord.isInStackLocked(ActivityRecord.java:2085)
12-14 03:14:04.045 W/ActivityManager( 1627): 	at com.android.server.am.ActivityManagerService.getActivityOptions(ActivityManagerService.java:13302)
12-14 03:14:04.045 W/ActivityManager( 1627): 	at android.app.IActivityManager$Stub.onTransact(IActivityManager.java:2910)
12-14 03:14:04.045 W/ActivityManager( 1627): 	at com.android.server.am.ActivityManagerService.onTransact(ActivityManagerService.java:2935)
12-14 03:14:04.045 W/ActivityManager( 1627): 	at android.os.Binder.execTransact(Binder.java:674)
12-14 03:14:04.060 D/VehicleStatisticsActivity( 4713): Checking recalculation ...
12-14 03:14:04.065 D/VehicleStatisticsActivity( 4713): Recalculating statistics
12-14 03:14:04.065 D/VehicleStatisticsTask( 4713): Calculation starting...
12-14 03:14:04.065 D/VehicleStatisticsActivity( 4713): Recalculation started!
12-14 03:14:04.073 D/VehicleStatisticsTask( 4713): Not enough fillups to calculate statistics
12-14 03:14:04.089 D/VehicleStatisticsTask( 4713): Not enough fillups to calculate statistics
12-14 03:14:04.126 E/TaskPersister( 1627): File error accessing recents directory (directory doesn't exist?).
12-14 03:14:04.169 I/zygote  ( 4713): Do full code cache collection, code=221KB, data=148KB
12-14 03:14:04.176 I/zygote  ( 4713): After code cache collection, code=221KB, data=125KB
12-14 03:14:04.263 E/SurfaceFlinger( 1411): ro.sf.lcd_density must be defined as a build property
12-14 03:14:04.267 D/VehicleStatisticsTask( 4713): Done recalculating!
12-14 03:14:04.267 D/VehicleStatisticsTask( 4713): Done recalculating!
12-14 03:14:04.277 D/Mileage.ABS( 4713): Finished backup
12-14 03:14:04.277 D/Mileage.ABS( 4713): Not backing up; 11
12-14 03:14:04.280 D/VehicleStatisticsAdapter( 4713): Erasing the cache ...
12-14 03:14:04.281 D/VehicleStatisticsAdapter( 4713): Erasing the cache ...
12-14 03:14:04.291 D/VehicleStatisticsAdapter( 4713): Building new values ...
12-14 03:14:04.291 D/VehicleStatisticsAdapter( 4713): Writing 29 records to the database ...
12-14 03:14:04.302 D/gralloc_ranchu( 1394): gralloc_alloc: Creating ashmem region of size 8298496
12-14 03:14:04.302 D/VehicleStatisticsAdapter( 4713): Building new values ...
12-14 03:14:04.304 D/VehicleStatisticsAdapter( 4713): Writing 29 records to the database ...
12-14 03:14:04.315 D/        ( 4794): HostConnection::get() New Host Connection established 0xaceaf800, tid 4794
12-14 03:14:04.468 D/Mileage.ABS( 4713): Not backing up; 202
12-14 03:14:04.486 D/Mileage.ABS( 4713): Not backing up; 220
12-14 03:14:04.562 D/Mileage.ABS( 4713): Not backing up; 296
12-14 03:14:04.564 D/Mileage.ABS( 4713): Not backing up; 298
12-14 03:14:04.571 I/zygote  ( 4713): Do partial code cache collection, code=249KB, data=144KB
12-14 03:14:04.572 I/zygote  ( 4713): After code cache collection, code=249KB, data=144KB
12-14 03:14:04.572 I/zygote  ( 4713): Increasing code cache capacity to 1024KB
12-14 03:14:04.580 D/Mileage.ABS( 4713): Not backing up; 314
12-14 03:14:04.581 D/Mileage.ABS( 4713): Not backing up; 315
12-14 03:14:04.582 D/Mileage.ABS( 4713): Not backing up; 316
12-14 03:14:04.583 D/Mileage.ABS( 4713): Not backing up; 317
12-14 03:14:04.585 D/Mileage.ABS( 4713): Not backing up; 319
12-14 03:14:04.587 D/Mileage.ABS( 4713): Not backing up; 321
12-14 03:14:04.590 D/Mileage.ABS( 4713): Not backing up; 324
12-14 03:14:04.592 D/Mileage.ABS( 4713): Not backing up; 326
12-14 03:14:04.596 D/Mileage.ABS( 4713): Not backing up; 330
12-14 03:14:04.599 D/Mileage.ABS( 4713): Not backing up; 333
12-14 03:14:04.601 D/Mileage.ABS( 4713): Not backing up; 335
12-14 03:14:04.602 D/Mileage.ABS( 4713): Not backing up; 336
12-14 03:14:04.622 D/Mileage.ABS( 4713): Not backing up; 356
12-14 03:14:04.633 D/Mileage.ABS( 4713): Not backing up; 367
12-14 03:14:04.674 D/Mileage.ABS( 4713): Not backing up; 408
12-14 03:14:04.688 D/Mileage.ABS( 4713): Not backing up; 421
12-14 03:14:04.693 D/Mileage.ABS( 4713): Not backing up; 427
12-14 03:14:04.719 I/zygote  ( 2107): Do partial code cache collection, code=494KB, data=296KB
12-14 03:14:04.722 I/zygote  ( 2107): After code cache collection, code=484KB, data=292KB
12-14 03:14:04.725 I/zygote  ( 2107): Increasing code cache capacity to 2MB
12-14 03:14:04.726 D/Mileage.ABS( 4713): Not backing up; 460
12-14 03:14:04.730 D/Mileage.ABS( 4713): Not backing up; 464
12-14 03:14:04.760 D/Mileage.ABS( 4713): Not backing up; 494
12-14 03:14:04.764 D/Mileage.ABS( 4713): Not backing up; 498
12-14 03:14:04.764 D/Mileage.ABS( 4713): Not backing up; 498
12-14 03:14:04.790 D/Mileage.ABS( 4713): Not backing up; 524
12-14 03:14:04.791 D/Mileage.ABS( 4713): Not backing up; 525
12-14 03:14:04.804 D/Mileage.ABS( 4713): Not backing up; 538
12-14 03:14:04.816 D/Mileage.ABS( 4713): Not backing up; 550
12-14 03:14:04.834 D/Mileage.ABS( 4713): Not backing up; 568
12-14 03:14:04.863 D/Mileage.ABS( 4713): Not backing up; 597
12-14 03:14:04.873 D/Mileage.ABS( 4713): Not backing up; 605
12-14 03:14:04.901 D/Mileage.ABS( 4713): Not backing up; 635
12-14 03:14:04.915 D/Mileage.ABS( 4713): Not backing up; 649
12-14 03:14:04.930 D/Mileage.ABS( 4713): Not backing up; 664
12-14 03:14:04.944 D/Mileage.ABS( 4713): Not backing up; 676
12-14 03:14:04.960 D/Mileage.ABS( 4713): Not backing up; 694
12-14 03:14:04.974 I/System.out( 4713): URI: //gesture
12-14 03:14:04.974 I/System.out( 4713): params: {json={"query_timeout":5.0,"gestures":[{"query_string":"android.widget.TabWidget descendant TextView index:0","touches":[{"x":50,"y":50,"offset_x":0,"offset_y":0,"wait":0.0,"time":0.2,"release":true,"query_string":null}]}]}
12-14 03:14:04.975 I/System.out( 4713): }
12-14 03:14:04.983 D/Mileage.ABS( 4713): Not backing up; 717
12-14 03:14:04.985 D/Mileage.ABS( 4713): Not backing up; 719
12-14 03:14:05.000 D/Mileage.ABS( 4713): Not backing up; 734
12-14 03:14:05.011 D/Mileage.ABS( 4713): Not backing up; 745
12-14 03:14:05.026 D/Mileage.ABS( 4713): Not backing up; 760
12-14 03:14:05.033 E/CCTFlatFileLogStore( 1940): Can't get boot count and uptime from log event.
12-14 03:14:05.033 E/CCTFlatFileLogStore( 1940): cdbx: While parsing a protocol message, the input ended unexpectedly in the middle of a field.  This could mean either that the input has been truncated or that an embedded message misreported its own length.
12-14 03:14:05.033 E/CCTFlatFileLogStore( 1940): 	at cczs.T(:com.google.android.gms@204713022@20.47.13 (040700-344095733):3)
12-14 03:14:05.033 E/CCTFlatFileLogStore( 1940): 	at cczs.G(:com.google.android.gms@204713022@20.47.13 (040700-344095733):1)
12-14 03:14:05.033 E/CCTFlatFileLogStore( 1940): 	at cczs.y(:com.google.android.gms@204713022@20.47.13 (040700-344095733):1)
12-14 03:14:05.033 E/CCTFlatFileLogStore( 1940): 	at cczs.w(:com.google.android.gms@204713022@20.47.13 (040700-344095733):7)
12-14 03:14:05.033 E/CCTFlatFileLogStore( 1940): 	at cczs.q(:com.google.android.gms@204713022@20.47.13 (040700-344095733):0)
12-14 03:14:05.033 E/CCTFlatFileLogStore( 1940): 	at ryj.c(:com.google.android.gms@204713022@20.47.13 (040700-344095733):2)
12-14 03:14:05.033 E/CCTFlatFileLogStore( 1940): 	at ryh.a(:com.google.android.gms@204713022@20.47.13 (040700-344095733):9)
12-14 03:14:05.033 E/CCTFlatFileLogStore( 1940): 	at com.google.android.gms.clearcut.uploader.QosUploaderChimeraService.e(:com.google.android.gms@204713022@20.47.13 (040700-344095733):33)
12-14 03:14:05.033 E/CCTFlatFileLogStore( 1940): 	at com.google.android.gms.clearcut.uploader.QosUploaderChimeraService.a(:com.google.android.gms@204713022@20.47.13 (040700-344095733):2)
12-14 03:14:05.033 E/CCTFlatFileLogStore( 1940): 	at afut.call(Unknown Source:4)
12-14 03:14:05.033 E/CCTFlatFileLogStore( 1940): 	at java.util.concurrent.FutureTask.run(FutureTask.java:266)
12-14 03:14:05.033 E/CCTFlatFileLogStore( 1940): 	at tma.c(:com.google.android.gms@204713022@20.47.13 (040700-344095733):6)
12-14 03:14:05.033 E/CCTFlatFileLogStore( 1940): 	at tma.run(:com.google.android.gms@204713022@20.47.13 (040700-344095733):8)
12-14 03:14:05.033 E/CCTFlatFileLogStore( 1940): 	at java.util.concurrent.ThreadPoolExecutor.runWorker(ThreadPoolExecutor.java:1162)
12-14 03:14:05.033 E/CCTFlatFileLogStore( 1940): 	at java.util.concurrent.ThreadPoolExecutor$Worker.run(ThreadPoolExecutor.java:636)
12-14 03:14:05.033 E/CCTFlatFileLogStore( 1940): 	at trx.run(:com.google.android.gms@204713022@20.47.13 (040700-344095733):0)
12-14 03:14:05.033 E/CCTFlatFileLogStore( 1940): 	at java.lang.Thread.run(Thread.java:764)
12-14 03:14:05.103 D/Mileage.ABS( 4713): Not backing up; 837
12-14 03:14:05.117 D/Mileage.ABS( 4713): Not backing up; 851
12-14 03:14:05.118 D/Mileage.ABS( 4713): Not backing up; 852
12-14 03:14:05.118 D/Mileage.ABS( 4713): Not backing up; 852
12-14 03:14:05.119 D/Mileage.ABS( 4713): Not backing up; 853
12-14 03:14:05.123 D/Mileage.ABS( 4713): Not backing up; 856
12-14 03:14:05.131 D/Mileage.ABS( 4713): Not backing up; 865
12-14 03:14:05.140 D/Mileage.ABS( 4713): Not backing up; 874
12-14 03:14:05.154 D/Mileage.ABS( 4713): Not backing up; 888
12-14 03:14:05.163 D/Mileage.ABS( 4713): Not backing up; 897
12-14 03:14:05.173 D/Mileage.ABS( 4713): Not backing up; 907
12-14 03:14:05.181 D/Mileage.ABS( 4713): Not backing up; 915
12-14 03:14:05.193 D/VehicleStatisticsAdapter( 4713): Caching of 29 records complete! (0.901 seconds)
12-14 03:14:05.196 D/Mileage.ABS( 4713): Not backing up; 930
12-14 03:14:05.196 E/CCTFlatFileLogStore( 1940): Can't get boot count and uptime from log event.
12-14 03:14:05.196 E/CCTFlatFileLogStore( 1940): cdbx: While parsing a protocol message, the input ended unexpectedly in the middle of a field.  This could mean either that the input has been truncated or that an embedded message misreported its own length.
12-14 03:14:05.196 E/CCTFlatFileLogStore( 1940): 	at cczs.T(:com.google.android.gms@204713022@20.47.13 (040700-344095733):3)
12-14 03:14:05.196 E/CCTFlatFileLogStore( 1940): 	at cczs.G(:com.google.android.gms@204713022@20.47.13 (040700-344095733):1)
12-14 03:14:05.196 E/CCTFlatFileLogStore( 1940): 	at cczs.y(:com.google.android.gms@204713022@20.47.13 (040700-344095733):1)
12-14 03:14:05.196 E/CCTFlatFileLogStore( 1940): 	at cczs.w(:com.google.android.gms@204713022@20.47.13 (040700-344095733):7)
12-14 03:14:05.196 E/CCTFlatFileLogStore( 1940): 	at cczs.q(:com.google.android.gms@204713022@20.47.13 (040700-344095733):0)
12-14 03:14:05.196 E/CCTFlatFileLogStore( 1940): 	at ryj.c(:com.google.android.gms@204713022@20.47.13 (040700-344095733):2)
12-14 03:14:05.196 E/CCTFlatFileLogStore( 1940): 	at ryh.a(:com.google.android.gms@204713022@20.47.13 (040700-344095733):9)
12-14 03:14:05.196 E/CCTFlatFileLogStore( 1940): 	at com.google.android.gms.clearcut.uploader.QosUploaderChimeraService.e(:com.google.android.gms@204713022@20.47.13 (040700-344095733):33)
12-14 03:14:05.196 E/CCTFlatFileLogStore( 1940): 	at com.google.android.gms.clearcut.uploader.QosUploaderChimeraService.a(:com.google.android.gms@204713022@20.47.13 (040700-344095733):2)
12-14 03:14:05.196 E/CCTFlatFileLogStore( 1940): 	at afut.call(Unknown Source:4)
12-14 03:14:05.196 E/CCTFlatFileLogStore( 1940): 	at java.util.concurrent.FutureTask.run(FutureTask.java:266)
12-14 03:14:05.196 E/CCTFlatFileLogStore( 1940): 	at tma.c(:com.google.android.gms@204713022@20.47.13 (040700-344095733):6)
12-14 03:14:05.196 E/CCTFlatFileLogStore( 1940): 	at tma.run(:com.google.android.gms@204713022@20.47.13 (040700-344095733):8)
12-14 03:14:05.196 E/CCTFlatFileLogStore( 1940): 	at java.util.concurrent.ThreadPoolExecutor.runWorker(ThreadPoolExecutor.java:1162)
12-14 03:14:05.196 E/CCTFlatFileLogStore( 1940): 	at java.util.concurrent.ThreadPoolExecutor$Worker.run(ThreadPoolExecutor.java:636)
12-14 03:14:05.196 E/CCTFlatFileLogStore( 1940): 	at trx.run(:com.google.android.gms@204713022@20.47.13 (040700-344095733):0)
12-14 03:14:05.196 E/CCTFlatFileLogStore( 1940): 	at java.lang.Thread.run(Thread.java:764)
12-14 03:14:05.207 D/Mileage.ABS( 4713): Not backing up; 940
12-14 03:14:05.227 D/Mileage.ABS( 4713): Not backing up; 961
12-14 03:14:05.236 D/Mileage.ABS( 4713): Not backing up; 970
12-14 03:14:05.243 D/VehicleStatisticsAdapter( 4713): Caching of 29 records complete! (0.939 seconds)
12-14 03:14:05.245 D/Mileage.ABS( 4713): Not backing up; 979
12-14 03:14:05.348 W/View    ( 4713): dispatchProvideAutofillStructure(): not laid out, ignoring
12-14 03:14:05.350 I/chatty  ( 4713): uid=10396(u0_a396) com.evancharlton.mileage identical 1 line
12-14 03:14:05.355 W/View    ( 4713): dispatchProvideAutofillStructure(): not laid out, ignoring
12-14 03:14:05.383 W/Binder  ( 1627): Outgoing transactions from this process must be FLAG_ONEWAY
12-14 03:14:05.383 W/Binder  ( 1627): java.lang.Throwable
12-14 03:14:05.383 W/Binder  ( 1627): 	at android.os.BinderProxy.transact(Binder.java:736)
12-14 03:14:05.383 W/Binder  ( 1627): 	at android.app.assist.AssistStructure$ParcelTransferReader.fetchData(AssistStructure.java:407)
12-14 03:14:05.383 W/Binder  ( 1627): 	at android.app.assist.AssistStructure$ParcelTransferReader.go(AssistStructure.java:343)
12-14 03:14:05.383 W/Binder  ( 1627): 	at android.app.assist.AssistStructure.ensureData(AssistStructure.java:2096)
12-14 03:14:05.383 W/Binder  ( 1627): 	at com.android.server.autofill.Session$1.send(Session.java:200)
12-14 03:14:05.383 W/Binder  ( 1627): 	at com.android.server.am.ActivityManagerService.reportAssistContextExtras(ActivityManagerService.java:13137)
12-14 03:14:05.383 W/Binder  ( 1627): 	at android.app.IActivityManager$Stub.onTransact(IActivityManager.java:2466)
12-14 03:14:05.383 W/Binder  ( 1627): 	at com.android.server.am.ActivityManagerService.onTransact(ActivityManagerService.java:2935)
12-14 03:14:05.383 W/Binder  ( 1627): 	at android.os.Binder.execTransact(Binder.java:674)
12-14 03:14:05.395 I/AssistStructure( 4713): Flattened final assist data: 15312 bytes, containing 1 windows, 69 views
12-14 03:14:05.407 I/AssistStructure( 1627): Flattened final assist data: 13988 bytes, containing 1 windows, 69 views
12-14 03:14:05.409 W/lgq     ( 1940): Pending fill request while another request in the same session was triggered. [CONTEXT service_id=177 ]
12-14 03:14:05.531 E/SurfaceFlinger( 1411): ro.sf.lcd_density must be defined as a build property
12-14 03:14:05.542 D/gralloc_ranchu( 1394): gralloc_alloc: Creating ashmem region of size 8298496
12-14 03:14:05.552 D/        ( 4835): HostConnection::get() New Host Connection established 0xac4af800, tid 4835
12-14 03:14:05.774 I/DynamiteModule( 1940): Considering local module com.google.android.gms.cronet_dynamite:0 and remote module com.google.android.gms.cronet_dynamite:1311
12-14 03:14:05.774 I/DynamiteModule( 1940): Selected remote version of com.google.android.gms.cronet_dynamite, version >= 1311
12-14 03:14:05.797 W/zygote  ( 1940): Skipping duplicate class check due to unrecognized classloader
12-14 03:14:05.897 W/audio_hw_generic( 1388): Not supplying enough data to HAL, expected position 794246 , only wrote 794160
12-14 03:14:05.937 W/audio_hw_generic( 1388): Not supplying enough data to HAL, expected position 796077 , only wrote 795600
12-14 03:14:05.993 I/System.out( 4713): URI: //
12-14 03:14:05.993 I/System.out( 4713): params: {json={"command":"set_activity_orientation","arguments":["landscape"]}
12-14 03:14:05.993 I/System.out( 4713): }
12-14 03:14:05.993 I/System.out( 4713): header: {content-type=application/json;charset=utf-8, date=Mon, 14 Dec 2020 08:14:06 GMT, accept=*/*, host=127.0.0.1:34777, content-length=64, user-agent=HTTPClient/1.0 (2.8.3, ruby 2.5.8 (2020-03-31))}
12-14 03:14:05.993 I/System.out( 4713): params: {json={"command":"set_activity_orientation","arguments":["landscape"]}
12-14 03:14:05.993 I/System.out( 4713): }
12-14 03:14:05.993 I/System.out( 4713): ProP json = {"command":"set_activity_orientation","arguments":["landscape"]}
12-14 03:14:05.993 I/System.out( 4713): files: {}
12-14 03:14:05.993 I/System.out( 4713): command: {"command":"set_activity_orientation","arguments":["landscape"]}
12-14 03:14:05.995 I/InstrumentationBackend( 4713): Got command:'Command:'Line:null,set_activity_orientation', arguments:'[landscape]'
12-14 03:14:06.004 D/gralloc_ranchu( 1394): gralloc_alloc: Creating ashmem region of size 8298496
12-14 03:14:06.017 I/cr_CronetLibraryLoader( 1940): Cronet version: 85.0.4183.127, arch: i686
12-14 03:14:06.025 W/LocalDisplayAdapter( 1627): Unable to find color mode 0, ignoring request.
12-14 03:14:06.034 I/ActivityManager( 1627): Config changes=480 {1.0 310mcc260mnc [en_US] ldltr sw411dp w683dp h387dp 420dpi nrml land finger qwerty/v/v -nav/h appBounds=Rect(0, 0 - 1794, 1080) s.9}
12-14 03:14:06.043 I/InputReader( 1627): Reconfiguring input devices.  changes=0x00000004
12-14 03:14:06.043 I/InputReader( 1627): Device reconfigured: id=0, name='qwerty2', size 1080x1920, orientation 1, mode 1, display id 0
12-14 03:14:06.060 I/ActivityManager( 1627): Override config changes=480 {1.0 310mcc260mnc [en_US] ldltr sw411dp w683dp h387dp 420dpi nrml land finger qwerty/v/v -nav/h appBounds=Rect(0, 0 - 1794, 1080) s.9} for displayId=0
12-14 03:14:06.123 W/ResourceType( 1940): ResTable_typeSpec entry count inconsistent: given 67, previously 69
12-14 03:14:06.123 W/ResourceType( 1940): ResTable_typeSpec entry count inconsistent: given 5411, previously 5412
12-14 03:14:06.153 D/gralloc_ranchu( 1394): gralloc_alloc: Creating ashmem region of size 544768
12-14 03:14:06.171 D/EGL_emulation( 1732): eglMakeCurrent: 0x878cff80: ver 3 0 (tinfo 0x878839d0)
12-14 03:14:06.182 D/gralloc_ranchu( 1394): gralloc_alloc: Creating ashmem region of size 544768
12-14 03:14:06.185 D/gralloc_ranchu( 1394): gralloc_alloc: Creating ashmem region of size 7753728
12-14 03:14:06.206 I/zygote  ( 1812): Background concurrent copying GC freed 22315(1318KB) AllocSpace objects, 1(20KB) LOS objects, 53% free, 1359KB/2MB, paused 693us total 145.738ms
12-14 03:14:06.237 I/zygote  ( 1940): Deoptimizing void cddo.P(int, java.util.List, cdad) due to JIT inline cache
12-14 03:14:06.237 I/zygote  ( 1940): Deoptimizing void cddo.Q(int, java.util.List, cdad) due to JIT inline cache
12-14 03:14:06.264 I/System.out( 4713): result:{"bonusInformation":[],"message":"","success":true}
12-14 03:14:06.311 I/calabash( 4713): newActivity1
12-14 03:14:06.356 D/gralloc_ranchu( 1394): gralloc_alloc: Creating ashmem region of size 544768
12-14 03:14:06.382 W/ActivityManager( 1627): Bad activity token: android.os.BinderProxy@86f7e4d
12-14 03:14:06.382 W/ActivityManager( 1627): java.lang.ClassCastException: android.os.BinderProxy cannot be cast to com.android.server.am.ActivityRecord$Token
12-14 03:14:06.382 W/ActivityManager( 1627): 	at com.android.server.am.ActivityRecord.forTokenLocked(ActivityRecord.java:778)
12-14 03:14:06.382 W/ActivityManager( 1627): 	at com.android.server.am.ActivityRecord.isInStackLocked(ActivityRecord.java:2085)
12-14 03:14:06.382 W/ActivityManager( 1627): 	at com.android.server.am.ActivityRecord.getStackLocked(ActivityRecord.java:2090)
12-14 03:14:06.382 W/ActivityManager( 1627): 	at com.android.server.am.ActivityManagerService.getActivityDisplayId(ActivityManagerService.java:10406)
12-14 03:14:06.382 W/ActivityManager( 1627): 	at android.app.IActivityManager$Stub.onTransact(IActivityManager.java:2738)
12-14 03:14:06.382 W/ActivityManager( 1627): 	at com.android.server.am.ActivityManagerService.onTransact(ActivityManagerService.java:2935)
12-14 03:14:06.382 W/ActivityManager( 1627): 	at android.os.Binder.execTransact(Binder.java:674)
12-14 03:14:06.383 I/calabash( 4713): newActivity1
12-14 03:14:06.394 W/AutofillManager( 4713): Session -2002415248 could not be restored
12-14 03:14:06.397 W/ActivityManager( 1627): Bad activity token: android.os.BinderProxy@86f7e4d
12-14 03:14:06.397 W/ActivityManager( 1627): java.lang.ClassCastException: android.os.BinderProxy cannot be cast to com.android.server.am.ActivityRecord$Token
12-14 03:14:06.397 W/ActivityManager( 1627): 	at com.android.server.am.ActivityRecord.forTokenLocked(ActivityRecord.java:778)
12-14 03:14:06.397 W/ActivityManager( 1627): 	at com.android.server.am.ActivityRecord.isInStackLocked(ActivityRecord.java:2085)
12-14 03:14:06.397 W/ActivityManager( 1627): 	at com.android.server.am.ActivityManagerService.setTaskDescription(ActivityManagerService.java:9988)
12-14 03:14:06.397 W/ActivityManager( 1627): 	at android.app.IActivityManager$Stub.onTransact(IActivityManager.java:2824)
12-14 03:14:06.397 W/ActivityManager( 1627): 	at com.android.server.am.ActivityManagerService.onTransact(ActivityManagerService.java:2935)
12-14 03:14:06.397 W/ActivityManager( 1627): 	at android.os.Binder.execTransact(Binder.java:674)
12-14 03:14:06.398 W/ActivityManager( 1627): Bad activity token: android.os.BinderProxy@86f7e4d
12-14 03:14:06.398 W/ActivityManager( 1627): java.lang.ClassCastException: android.os.BinderProxy cannot be cast to com.android.server.am.ActivityRecord$Token
12-14 03:14:06.398 W/ActivityManager( 1627): 	at com.android.server.am.ActivityRecord.forTokenLocked(ActivityRecord.java:778)
12-14 03:14:06.398 W/ActivityManager( 1627): 	at com.android.server.am.ActivityRecord.isInStackLocked(ActivityRecord.java:2085)
12-14 03:14:06.398 W/ActivityManager( 1627): 	at com.android.server.am.ActivityRecord.getStackLocked(ActivityRecord.java:2090)
12-14 03:14:06.398 W/ActivityManager( 1627): 	at com.android.server.am.ActivityManagerService.getActivityStackId(ActivityManagerService.java:10417)
12-14 03:14:06.398 W/ActivityManager( 1627): 	at android.app.IActivityManager$Stub.onTransact(IActivityManager.java:3548)
12-14 03:14:06.398 W/ActivityManager( 1627): 	at com.android.server.am.ActivityManagerService.onTransact(ActivityManagerService.java:2935)
12-14 03:14:06.398 W/ActivityManager( 1627): 	at android.os.Binder.execTransact(Binder.java:674)
12-14 03:14:06.404 I/zygote  ( 1718): Deoptimizing android.os.Parcelable[] cht.a(android.os.Parcel, android.os.Parcelable$Creator) due to JIT inline cache
12-14 03:14:06.428 D/gralloc_ranchu( 1394): gralloc_alloc: Creating ashmem region of size 487424
12-14 03:14:06.451 D/StatusBar( 1732): disable<e i a s b h r c s q >
12-14 03:14:06.477 D/EGL_emulation( 1732): eglMakeCurrent: 0x878cff80: ver 3 0 (tinfo 0x878839d0)
12-14 03:14:06.487 D/gralloc_ranchu( 1394): gralloc_alloc: Creating ashmem region of size 487424
12-14 03:14:06.502 I/WindowManager( 1627): Screen frozen for +503ms due to Window{25409ba u0 StatusBar}
12-14 03:14:06.532 D/SurfaceFlinger( 1411): duplicate layer name: changing BlackSurface to BlackSurface#1
12-14 03:14:06.535 D/SurfaceFlinger( 1411): duplicate layer name: changing BlackSurface to BlackSurface#1
12-14 03:14:06.548 V/StatusBar( 1732): setLightsOn(true)
12-14 03:14:06.551 W/ActivityManager( 1627): Bad activity token: android.os.BinderProxy@86f7e4d
12-14 03:14:06.551 W/ActivityManager( 1627): java.lang.ClassCastException: android.os.BinderProxy cannot be cast to com.android.server.am.ActivityRecord$Token
12-14 03:14:06.551 W/ActivityManager( 1627): 	at com.android.server.am.ActivityRecord.forTokenLocked(ActivityRecord.java:778)
12-14 03:14:06.551 W/ActivityManager( 1627): 	at com.android.server.am.ActivityRecord.isInStackLocked(ActivityRecord.java:2085)
12-14 03:14:06.551 W/ActivityManager( 1627): 	at com.android.server.am.ActivityManagerService.getActivityOptions(ActivityManagerService.java:13302)
12-14 03:14:06.551 W/ActivityManager( 1627): 	at android.app.IActivityManager$Stub.onTransact(IActivityManager.java:2910)
12-14 03:14:06.551 W/ActivityManager( 1627): 	at com.android.server.am.ActivityManagerService.onTransact(ActivityManagerService.java:2935)
12-14 03:14:06.551 W/ActivityManager( 1627): 	at android.os.Binder.execTransact(Binder.java:674)
12-14 03:14:06.551 W/ActivityManager( 1627): Bad activity token: android.os.BinderProxy@86f7e4d
12-14 03:14:06.551 W/ActivityManager( 1627): java.lang.ClassCastException: android.os.BinderProxy cannot be cast to com.android.server.am.ActivityRecord$Token
12-14 03:14:06.551 W/ActivityManager( 1627): 	at com.android.server.am.ActivityRecord.forTokenLocked(ActivityRecord.java:778)
12-14 03:14:06.551 W/ActivityManager( 1627): 	at com.android.server.am.ActivityRecord.isInStackLocked(ActivityRecord.java:2085)
12-14 03:14:06.551 W/ActivityManager( 1627): 	at com.android.server.am.ActivityManagerService.getActivityOptions(ActivityManagerService.java:13302)
12-14 03:14:06.551 W/ActivityManager( 1627): 	at android.app.IActivityManager$Stub.onTransact(IActivityManager.java:2910)
12-14 03:14:06.551 W/ActivityManager( 1627): 	at com.android.server.am.ActivityManagerService.onTransact(ActivityManagerService.java:2935)
12-14 03:14:06.551 W/ActivityManager( 1627): 	at android.os.Binder.execTransact(Binder.java:674)
12-14 03:14:06.563 D/gralloc_ranchu( 1394): gralloc_alloc: Creating ashmem region of size 487424
12-14 03:14:06.571 D/EGL_emulation( 1732): eglMakeCurrent: 0x878cff80: ver 3 0 (tinfo 0x878839d0)
12-14 03:14:06.584 D/EGL_emulation( 1732): eglMakeCurrent: 0x878cff80: ver 3 0 (tinfo 0x878839d0)
12-14 03:14:06.622 W/PhoneWindow( 4713): Previously focused view reported id 2131296279 during save, but can't be found during restore.
12-14 03:14:06.757 V/StatusBar( 1732): setLightsOn(true)
12-14 03:14:06.797 D/gralloc_ranchu( 1394): gralloc_alloc: Creating ashmem region of size 7753728
12-14 03:14:06.831 I/EventLogSendingHelper( 2204): Sending log events.
12-14 03:14:06.942 V/StatusBar( 1732): setLightsOn(true)
12-14 03:14:06.944 V/StatusBar( 1732): setLightsOn(true)
12-14 03:14:06.985 D/gralloc_ranchu( 1394): gralloc_alloc: Creating ashmem region of size 7753728
12-14 03:14:06.991 V/StatusBar( 1732): setLightsOn(true)
12-14 03:14:07.039 V/StatusBar( 1732): setLightsOn(true)
12-14 03:14:07.873 E/CCTFlatFileLogStore( 1940): Can't get boot count and uptime from log event.
12-14 03:14:07.873 E/CCTFlatFileLogStore( 1940): cdbx: While parsing a protocol message, the input ended unexpectedly in the middle of a field.  This could mean either that the input has been truncated or that an embedded message misreported its own length.
12-14 03:14:07.873 E/CCTFlatFileLogStore( 1940): 	at cczs.T(:com.google.android.gms@204713022@20.47.13 (040700-344095733):3)
12-14 03:14:07.873 E/CCTFlatFileLogStore( 1940): 	at cczs.G(:com.google.android.gms@204713022@20.47.13 (040700-344095733):1)
12-14 03:14:07.873 E/CCTFlatFileLogStore( 1940): 	at cczs.y(:com.google.android.gms@204713022@20.47.13 (040700-344095733):1)
12-14 03:14:07.873 E/CCTFlatFileLogStore( 1940): 	at cczs.w(:com.google.android.gms@204713022@20.47.13 (040700-344095733):7)
12-14 03:14:07.873 E/CCTFlatFileLogStore( 1940): 	at cczs.q(:com.google.android.gms@204713022@20.47.13 (040700-344095733):0)
12-14 03:14:07.873 E/CCTFlatFileLogStore( 1940): 	at ryj.c(:com.google.android.gms@204713022@20.47.13 (040700-344095733):2)
12-14 03:14:07.873 E/CCTFlatFileLogStore( 1940): 	at ryh.a(:com.google.android.gms@204713022@20.47.13 (040700-344095733):9)
12-14 03:14:07.873 E/CCTFlatFileLogStore( 1940): 	at com.google.android.gms.clearcut.uploader.QosUploaderChimeraService.e(:com.google.android.gms@204713022@20.47.13 (040700-344095733):33)
12-14 03:14:07.873 E/CCTFlatFileLogStore( 1940): 	at com.google.android.gms.clearcut.uploader.QosUploaderChimeraService.a(:com.google.android.gms@204713022@20.47.13 (040700-344095733):2)
12-14 03:14:07.873 E/CCTFlatFileLogStore( 1940): 	at afut.call(Unknown Source:4)
12-14 03:14:07.873 E/CCTFlatFileLogStore( 1940): 	at java.util.concurrent.FutureTask.run(FutureTask.java:266)
12-14 03:14:07.873 E/CCTFlatFileLogStore( 1940): 	at tma.c(:com.google.android.gms@204713022@20.47.13 (040700-344095733):6)
12-14 03:14:07.873 E/CCTFlatFileLogStore( 1940): 	at tma.run(:com.google.android.gms@204713022@20.47.13 (040700-344095733):8)
12-14 03:14:07.873 E/CCTFlatFileLogStore( 1940): 	at java.util.concurrent.ThreadPoolExecutor.runWorker(ThreadPoolExecutor.java:1162)
12-14 03:14:07.873 E/CCTFlatFileLogStore( 1940): 	at java.util.concurrent.ThreadPoolExecutor$Worker.run(ThreadPoolExecutor.java:636)
12-14 03:14:07.873 E/CCTFlatFileLogStore( 1940): 	at trx.run(:com.google.android.gms@204713022@20.47.13 (040700-344095733):0)
12-14 03:14:07.873 E/CCTFlatFileLogStore( 1940): 	at java.lang.Thread.run(Thread.java:764)
12-14 03:14:07.926 D/gralloc_ranchu( 1394): gralloc_alloc: Creating ashmem region of size 7753728
12-14 03:14:08.018 I/zygote  ( 4760): Waiting for a blocking GC ProfileSaver
12-14 03:14:08.276 I/NetworkScheduler.Stats( 1940): Task com.google.android.gms/com.google.android.gms.clearcut.uploader.QosUploaderService finished executing. cause:5 result: 1 elapsed_millis: 4562 uptime_millis: 4562 exec_start_elapsed_seconds: 102 [CONTEXT service_id=218 ]
12-14 03:14:08.305 I/System.out( 4713): URI: //gesture
12-14 03:14:08.305 I/System.out( 4713): params: {json={"query_timeout":5.0,"gestures":[{"query_string":"android.widget.TabWidget descendant TextView index:1","touches":[{"x":50,"y":50,"offset_x":0,"offset_y":0,"wait":0.0,"time":0.2,"release":true,"query_string":null}]}]}
12-14 03:14:08.305 I/System.out( 4713): }
12-14 03:14:08.428 W/audio_hw_generic( 1388): Not supplying enough data to HAL, expected position 1033775 , only wrote 915120
12-14 03:14:08.599 W/ActivityManager( 1627): Bad activity token: android.os.BinderProxy@42e1d80
12-14 03:14:08.599 W/ActivityManager( 1627): java.lang.ClassCastException: android.os.BinderProxy cannot be cast to com.android.server.am.ActivityRecord$Token
12-14 03:14:08.599 W/ActivityManager( 1627): 	at com.android.server.am.ActivityRecord.forTokenLocked(ActivityRecord.java:778)
12-14 03:14:08.599 W/ActivityManager( 1627): 	at com.android.server.am.ActivityRecord.isInStackLocked(ActivityRecord.java:2085)
12-14 03:14:08.599 W/ActivityManager( 1627): 	at com.android.server.am.ActivityRecord.getStackLocked(ActivityRecord.java:2090)
12-14 03:14:08.599 W/ActivityManager( 1627): 	at com.android.server.am.ActivityManagerService.getActivityDisplayId(ActivityManagerService.java:10406)
12-14 03:14:08.599 W/ActivityManager( 1627): 	at android.app.IActivityManager$Stub.onTransact(IActivityManager.java:2738)
12-14 03:14:08.599 W/ActivityManager( 1627): 	at com.android.server.am.ActivityManagerService.onTransact(ActivityManagerService.java:2935)
12-14 03:14:08.599 W/ActivityManager( 1627): 	at android.os.Binder.execTransact(Binder.java:674)
12-14 03:14:08.602 I/calabash( 4713): newActivity1
12-14 03:14:08.604 W/audio_hw_generic( 1388): Not supplying enough data to HAL, expected position 915248 , only wrote 915120
12-14 03:14:08.618 W/ActivityManager( 1627): Bad activity token: android.os.BinderProxy@42e1d80
12-14 03:14:08.618 W/ActivityManager( 1627): java.lang.ClassCastException: android.os.BinderProxy cannot be cast to com.android.server.am.ActivityRecord$Token
12-14 03:14:08.618 W/ActivityManager( 1627): 	at com.android.server.am.ActivityRecord.forTokenLocked(ActivityRecord.java:778)
12-14 03:14:08.618 W/ActivityManager( 1627): 	at com.android.server.am.ActivityRecord.isInStackLocked(ActivityRecord.java:2085)
12-14 03:14:08.618 W/ActivityManager( 1627): 	at com.android.server.am.ActivityManagerService.setTaskDescription(ActivityManagerService.java:9988)
12-14 03:14:08.618 W/ActivityManager( 1627): 	at android.app.IActivityManager$Stub.onTransact(IActivityManager.java:2824)
12-14 03:14:08.618 W/ActivityManager( 1627): 	at com.android.server.am.ActivityManagerService.onTransact(ActivityManagerService.java:2935)
12-14 03:14:08.618 W/ActivityManager( 1627): 	at android.os.Binder.execTransact(Binder.java:674)
12-14 03:14:08.619 W/ActivityManager( 1627): Bad activity token: android.os.BinderProxy@42e1d80
12-14 03:14:08.619 W/ActivityManager( 1627): java.lang.ClassCastException: android.os.BinderProxy cannot be cast to com.android.server.am.ActivityRecord$Token
12-14 03:14:08.619 W/ActivityManager( 1627): 	at com.android.server.am.ActivityRecord.forTokenLocked(ActivityRecord.java:778)
12-14 03:14:08.619 W/ActivityManager( 1627): 	at com.android.server.am.ActivityRecord.isInStackLocked(ActivityRecord.java:2085)
12-14 03:14:08.619 W/ActivityManager( 1627): 	at com.android.server.am.ActivityRecord.getStackLocked(ActivityRecord.java:2090)
12-14 03:14:08.619 W/ActivityManager( 1627): 	at com.android.server.am.ActivityManagerService.getActivityStackId(ActivityManagerService.java:10417)
12-14 03:14:08.619 W/ActivityManager( 1627): 	at android.app.IActivityManager$Stub.onTransact(IActivityManager.java:3548)
12-14 03:14:08.619 W/ActivityManager( 1627): 	at com.android.server.am.ActivityManagerService.onTransact(ActivityManagerService.java:2935)
12-14 03:14:08.619 W/ActivityManager( 1627): 	at android.os.Binder.execTransact(Binder.java:674)
12-14 03:14:08.643 I/zygote  ( 1627): Explicit concurrent copying GC freed 13079(934KB) AllocSpace objects, 0(0B) LOS objects, 38% free, 9MB/15MB, paused 3.143ms total 102.912ms
12-14 03:14:08.671 W/ActivityManager( 1627): Bad activity token: android.os.BinderProxy@42e1d80
12-14 03:14:08.671 W/ActivityManager( 1627): java.lang.ClassCastException: android.os.BinderProxy cannot be cast to com.android.server.am.ActivityRecord$Token
12-14 03:14:08.671 W/ActivityManager( 1627): 	at com.android.server.am.ActivityRecord.forTokenLocked(ActivityRecord.java:778)
12-14 03:14:08.671 W/ActivityManager( 1627): 	at com.android.server.am.ActivityRecord.isInStackLocked(ActivityRecord.java:2085)
12-14 03:14:08.671 W/ActivityManager( 1627): 	at com.android.server.am.ActivityManagerService.getActivityOptions(ActivityManagerService.java:13302)
12-14 03:14:08.671 W/ActivityManager( 1627): 	at android.app.IActivityManager$Stub.onTransact(IActivityManager.java:2910)
12-14 03:14:08.671 W/ActivityManager( 1627): 	at com.android.server.am.ActivityManagerService.onTransact(ActivityManagerService.java:2935)
12-14 03:14:08.671 W/ActivityManager( 1627): 	at android.os.Binder.execTransact(Binder.java:674)
12-14 03:14:08.671 W/ActivityManager( 1627): Bad activity token: android.os.BinderProxy@42e1d80
12-14 03:14:08.671 W/ActivityManager( 1627): java.lang.ClassCastException: android.os.BinderProxy cannot be cast to com.android.server.am.ActivityRecord$Token
12-14 03:14:08.671 W/ActivityManager( 1627): 	at com.android.server.am.ActivityRecord.forTokenLocked(ActivityRecord.java:778)
12-14 03:14:08.671 W/ActivityManager( 1627): 	at com.android.server.am.ActivityRecord.isInStackLocked(ActivityRecord.java:2085)
12-14 03:14:08.671 W/ActivityManager( 1627): 	at com.android.server.am.ActivityManagerService.getActivityOptions(ActivityManagerService.java:13302)
12-14 03:14:08.671 W/ActivityManager( 1627): 	at android.app.IActivityManager$Stub.onTransact(IActivityManager.java:2910)
12-14 03:14:08.671 W/ActivityManager( 1627): 	at com.android.server.am.ActivityManagerService.onTransact(ActivityManagerService.java:2935)
12-14 03:14:08.671 W/ActivityManager( 1627): 	at android.os.Binder.execTransact(Binder.java:674)
12-14 03:14:08.733 D/Mileage ( 4713): Not enough fillups to calculate economy
12-14 03:14:08.908 E/SurfaceFlinger( 1411): ro.sf.lcd_density must be defined as a build property
12-14 03:14:08.922 D/gralloc_ranchu( 1394): gralloc_alloc: Creating ashmem region of size 8298496
12-14 03:14:08.940 D/        ( 4856): HostConnection::get() New Host Connection established 0xa962f800, tid 4856
12-14 03:14:08.991 I/Finsky:download_service( 2700): [126] nmi.run(36): Stats for Executor: LightweightExecutor non@4afdcd[Running, pool size = 0, active threads = 0, queued tasks = 0, completed tasks = 0]
12-14 03:14:09.274 I/System.out( 4713): URI: //gesture
12-14 03:14:09.275 I/System.out( 4713): params: {json={"query_timeout":5.0,"gestures":[{"query_string":"android.widget.TabWidget descendant TextView index:3","touches":[{"x":50,"y":50,"offset_x":0,"offset_y":0,"wait":0.0,"time":0.2,"release":true,"query_string":null}]}]}
12-14 03:14:09.275 I/System.out( 4713): }
12-14 03:14:09.532 W/ActivityManager( 1627): Bad activity token: android.os.BinderProxy@c886a44
12-14 03:14:09.532 W/ActivityManager( 1627): java.lang.ClassCastException: android.os.BinderProxy cannot be cast to com.android.server.am.ActivityRecord$Token
12-14 03:14:09.532 W/ActivityManager( 1627): 	at com.android.server.am.ActivityRecord.forTokenLocked(ActivityRecord.java:778)
12-14 03:14:09.532 W/ActivityManager( 1627): 	at com.android.server.am.ActivityRecord.isInStackLocked(ActivityRecord.java:2085)
12-14 03:14:09.532 W/ActivityManager( 1627): 	at com.android.server.am.ActivityRecord.getStackLocked(ActivityRecord.java:2090)
12-14 03:14:09.532 W/ActivityManager( 1627): 	at com.android.server.am.ActivityManagerService.getActivityDisplayId(ActivityManagerService.java:10406)
12-14 03:14:09.532 W/ActivityManager( 1627): 	at android.app.IActivityManager$Stub.onTransact(IActivityManager.java:2738)
12-14 03:14:09.532 W/ActivityManager( 1627): 	at com.android.server.am.ActivityManagerService.onTransact(ActivityManagerService.java:2935)
12-14 03:14:09.532 W/ActivityManager( 1627): 	at android.os.Binder.execTransact(Binder.java:674)
12-14 03:14:09.533 I/calabash( 4713): newActivity1
12-14 03:14:09.537 W/ActivityManager( 1627): Bad activity token: android.os.BinderProxy@c886a44
12-14 03:14:09.537 W/ActivityManager( 1627): java.lang.ClassCastException: android.os.BinderProxy cannot be cast to com.android.server.am.ActivityRecord$Token
12-14 03:14:09.537 W/ActivityManager( 1627): 	at com.android.server.am.ActivityRecord.forTokenLocked(ActivityRecord.java:778)
12-14 03:14:09.537 W/ActivityManager( 1627): 	at com.android.server.am.ActivityRecord.isInStackLocked(ActivityRecord.java:2085)
12-14 03:14:09.537 W/ActivityManager( 1627): 	at com.android.server.am.ActivityManagerService.setTaskDescription(ActivityManagerService.java:9988)
12-14 03:14:09.537 W/ActivityManager( 1627): 	at android.app.IActivityManager$Stub.onTransact(IActivityManager.java:2824)
12-14 03:14:09.537 W/ActivityManager( 1627): 	at com.android.server.am.ActivityManagerService.onTransact(ActivityManagerService.java:2935)
12-14 03:14:09.537 W/ActivityManager( 1627): 	at android.os.Binder.execTransact(Binder.java:674)
12-14 03:14:09.538 W/ActivityManager( 1627): Bad activity token: android.os.BinderProxy@c886a44
12-14 03:14:09.538 W/ActivityManager( 1627): java.lang.ClassCastException: android.os.BinderProxy cannot be cast to com.android.server.am.ActivityRecord$Token
12-14 03:14:09.538 W/ActivityManager( 1627): 	at com.android.server.am.ActivityRecord.forTokenLocked(ActivityRecord.java:778)
12-14 03:14:09.538 W/ActivityManager( 1627): 	at com.android.server.am.ActivityRecord.isInStackLocked(ActivityRecord.java:2085)
12-14 03:14:09.538 W/ActivityManager( 1627): 	at com.android.server.am.ActivityRecord.getStackLocked(ActivityRecord.java:2090)
12-14 03:14:09.538 W/ActivityManager( 1627): 	at com.android.server.am.ActivityManagerService.getActivityStackId(ActivityManagerService.java:10417)
12-14 03:14:09.538 W/ActivityManager( 1627): 	at android.app.IActivityManager$Stub.onTransact(IActivityManager.java:3548)
12-14 03:14:09.538 W/ActivityManager( 1627): 	at com.android.server.am.ActivityManagerService.onTransact(ActivityManagerService.java:2935)
12-14 03:14:09.538 W/ActivityManager( 1627): 	at android.os.Binder.execTransact(Binder.java:674)
12-14 03:14:09.548 W/ActivityManager( 1627): Bad activity token: android.os.BinderProxy@c886a44
12-14 03:14:09.548 W/ActivityManager( 1627): java.lang.ClassCastException: android.os.BinderProxy cannot be cast to com.android.server.am.ActivityRecord$Token
12-14 03:14:09.548 W/ActivityManager( 1627): 	at com.android.server.am.ActivityRecord.forTokenLocked(ActivityRecord.java:778)
12-14 03:14:09.548 W/ActivityManager( 1627): 	at com.android.server.am.ActivityRecord.isInStackLocked(ActivityRecord.java:2085)
12-14 03:14:09.548 W/ActivityManager( 1627): 	at com.android.server.am.ActivityManagerService.getActivityOptions(ActivityManagerService.java:13302)
12-14 03:14:09.548 W/ActivityManager( 1627): 	at android.app.IActivityManager$Stub.onTransact(IActivityManager.java:2910)
12-14 03:14:09.548 W/ActivityManager( 1627): 	at com.android.server.am.ActivityManagerService.onTransact(ActivityManagerService.java:2935)
12-14 03:14:09.548 W/ActivityManager( 1627): 	at android.os.Binder.execTransact(Binder.java:674)
12-14 03:14:09.550 W/ActivityManager( 1627): Bad activity token: android.os.BinderProxy@c886a44
12-14 03:14:09.550 W/ActivityManager( 1627): java.lang.ClassCastException: android.os.BinderProxy cannot be cast to com.android.server.am.ActivityRecord$Token
12-14 03:14:09.550 W/ActivityManager( 1627): 	at com.android.server.am.ActivityRecord.forTokenLocked(ActivityRecord.java:778)
12-14 03:14:09.550 W/ActivityManager( 1627): 	at com.android.server.am.ActivityRecord.isInStackLocked(ActivityRecord.java:2085)
12-14 03:14:09.550 W/ActivityManager( 1627): 	at com.android.server.am.ActivityManagerService.getActivityOptions(ActivityManagerService.java:13302)
12-14 03:14:09.550 W/ActivityManager( 1627): 	at android.app.IActivityManager$Stub.onTransact(IActivityManager.java:2910)
12-14 03:14:09.550 W/ActivityManager( 1627): 	at com.android.server.am.ActivityManagerService.onTransact(ActivityManagerService.java:2935)
12-14 03:14:09.550 W/ActivityManager( 1627): 	at android.os.Binder.execTransact(Binder.java:674)
12-14 03:14:09.747 E/SurfaceFlinger( 1411): ro.sf.lcd_density must be defined as a build property
12-14 03:14:09.755 D/gralloc_ranchu( 1394): gralloc_alloc: Creating ashmem region of size 8298496
12-14 03:14:09.796 D/        ( 4862): HostConnection::get() New Host Connection established 0xb272f800, tid 4862
12-14 03:14:10.117 I/System.out( 4713): URI: //gesture
12-14 03:14:10.117 I/System.out( 4713): params: {json={"query_timeout":5.0,"gestures":[{"query_string":"android.widget.TabWidget descendant TextView index:2","touches":[{"x":50,"y":50,"offset_x":0,"offset_y":0,"wait":0.0,"time":0.2,"release":true,"query_string":null}]}]}
12-14 03:14:10.117 I/System.out( 4713): }
12-14 03:14:10.373 W/ActivityManager( 1627): Bad activity token: android.os.BinderProxy@3df824f
12-14 03:14:10.373 W/ActivityManager( 1627): java.lang.ClassCastException: android.os.BinderProxy cannot be cast to com.android.server.am.ActivityRecord$Token
12-14 03:14:10.373 W/ActivityManager( 1627): 	at com.android.server.am.ActivityRecord.forTokenLocked(ActivityRecord.java:778)
12-14 03:14:10.373 W/ActivityManager( 1627): 	at com.android.server.am.ActivityRecord.isInStackLocked(ActivityRecord.java:2085)
12-14 03:14:10.373 W/ActivityManager( 1627): 	at com.android.server.am.ActivityRecord.getStackLocked(ActivityRecord.java:2090)
12-14 03:14:10.373 W/ActivityManager( 1627): 	at com.android.server.am.ActivityManagerService.getActivityDisplayId(ActivityManagerService.java:10406)
12-14 03:14:10.373 W/ActivityManager( 1627): 	at android.app.IActivityManager$Stub.onTransact(IActivityManager.java:2738)
12-14 03:14:10.373 W/ActivityManager( 1627): 	at com.android.server.am.ActivityManagerService.onTransact(ActivityManagerService.java:2935)
12-14 03:14:10.373 W/ActivityManager( 1627): 	at android.os.Binder.execTransact(Binder.java:674)
12-14 03:14:10.374 I/calabash( 4713): newActivity1
12-14 03:14:10.378 W/ActivityManager( 1627): Bad activity token: android.os.BinderProxy@3df824f
12-14 03:14:10.378 W/ActivityManager( 1627): java.lang.ClassCastException: android.os.BinderProxy cannot be cast to com.android.server.am.ActivityRecord$Token
12-14 03:14:10.378 W/ActivityManager( 1627): 	at com.android.server.am.ActivityRecord.forTokenLocked(ActivityRecord.java:778)
12-14 03:14:10.378 W/ActivityManager( 1627): 	at com.android.server.am.ActivityRecord.isInStackLocked(ActivityRecord.java:2085)
12-14 03:14:10.378 W/ActivityManager( 1627): 	at com.android.server.am.ActivityManagerService.setTaskDescription(ActivityManagerService.java:9988)
12-14 03:14:10.378 W/ActivityManager( 1627): 	at android.app.IActivityManager$Stub.onTransact(IActivityManager.java:2824)
12-14 03:14:10.378 W/ActivityManager( 1627): 	at com.android.server.am.ActivityManagerService.onTransact(ActivityManagerService.java:2935)
12-14 03:14:10.378 W/ActivityManager( 1627): 	at android.os.Binder.execTransact(Binder.java:674)
12-14 03:14:10.379 W/ActivityManager( 1627): Bad activity token: android.os.BinderProxy@3df824f
12-14 03:14:10.379 W/ActivityManager( 1627): java.lang.ClassCastException: android.os.BinderProxy cannot be cast to com.android.server.am.ActivityRecord$Token
12-14 03:14:10.379 W/ActivityManager( 1627): 	at com.android.server.am.ActivityRecord.forTokenLocked(ActivityRecord.java:778)
12-14 03:14:10.379 W/ActivityManager( 1627): 	at com.android.server.am.ActivityRecord.isInStackLocked(ActivityRecord.java:2085)
12-14 03:14:10.379 W/ActivityManager( 1627): 	at com.android.server.am.ActivityRecord.getStackLocked(ActivityRecord.java:2090)
12-14 03:14:10.379 W/ActivityManager( 1627): 	at com.android.server.am.ActivityManagerService.getActivityStackId(ActivityManagerService.java:10417)
12-14 03:14:10.379 W/ActivityManager( 1627): 	at android.app.IActivityManager$Stub.onTransact(IActivityManager.java:3548)
12-14 03:14:10.379 W/ActivityManager( 1627): 	at com.android.server.am.ActivityManagerService.onTransact(ActivityManagerService.java:2935)
12-14 03:14:10.379 W/ActivityManager( 1627): 	at android.os.Binder.execTransact(Binder.java:674)
12-14 03:14:10.415 D/VehicleStatisticsActivity( 4713): Checking recalculation ...
12-14 03:14:10.421 D/VehicleStatisticsActivity( 4713): Recalculation not necessary.
12-14 03:14:10.426 W/ActivityManager( 1627): Bad activity token: android.os.BinderProxy@3df824f
12-14 03:14:10.426 W/ActivityManager( 1627): java.lang.ClassCastException: android.os.BinderProxy cannot be cast to com.android.server.am.ActivityRecord$Token
12-14 03:14:10.426 W/ActivityManager( 1627): 	at com.android.server.am.ActivityRecord.forTokenLocked(ActivityRecord.java:778)
12-14 03:14:10.426 W/ActivityManager( 1627): 	at com.android.server.am.ActivityRecord.isInStackLocked(ActivityRecord.java:2085)
12-14 03:14:10.426 W/ActivityManager( 1627): 	at com.android.server.am.ActivityManagerService.getActivityOptions(ActivityManagerService.java:13302)
12-14 03:14:10.426 W/ActivityManager( 1627): 	at android.app.IActivityManager$Stub.onTransact(IActivityManager.java:2910)
12-14 03:14:10.426 W/ActivityManager( 1627): 	at com.android.server.am.ActivityManagerService.onTransact(ActivityManagerService.java:2935)
12-14 03:14:10.426 W/ActivityManager( 1627): 	at android.os.Binder.execTransact(Binder.java:674)
12-14 03:14:10.427 W/ActivityManager( 1627): Bad activity token: android.os.BinderProxy@3df824f
12-14 03:14:10.427 W/ActivityManager( 1627): java.lang.ClassCastException: android.os.BinderProxy cannot be cast to com.android.server.am.ActivityRecord$Token
12-14 03:14:10.427 W/ActivityManager( 1627): 	at com.android.server.am.ActivityRecord.forTokenLocked(ActivityRecord.java:778)
12-14 03:14:10.427 W/ActivityManager( 1627): 	at com.android.server.am.ActivityRecord.isInStackLocked(ActivityRecord.java:2085)
12-14 03:14:10.427 W/ActivityManager( 1627): 	at com.android.server.am.ActivityManagerService.getActivityOptions(ActivityManagerService.java:13302)
12-14 03:14:10.427 W/ActivityManager( 1627): 	at android.app.IActivityManager$Stub.onTransact(IActivityManager.java:2910)
12-14 03:14:10.427 W/ActivityManager( 1627): 	at com.android.server.am.ActivityManagerService.onTransact(ActivityManagerService.java:2935)
12-14 03:14:10.427 W/ActivityManager( 1627): 	at android.os.Binder.execTransact(Binder.java:674)
12-14 03:14:10.433 D/VehicleStatisticsActivity( 4713): Checking recalculation ...
12-14 03:14:10.435 D/VehicleStatisticsActivity( 4713): Recalculation not necessary.
