--------- beginning of main
12-14 03:13:43.361 V/StatusBar( 1732): setLightsOn(true)
--------- beginning of system
12-14 03:13:43.372 W/ActivityManager( 1627): Finishing task with all activities already finished
12-14 03:13:43.372 W/ActivityManager( 1627): Duplicate finish request for ActivityRecord{a79fcaa u0 com.evancharlton.mileage/.Mileage t208 f}
12-14 03:13:43.377 W/ActivityManager( 1627): Finishing task with all activities already finished
12-14 03:13:43.377 W/ActivityManager( 1627): Duplicate finish request for ActivityRecord{a79fcaa u0 com.evancharlton.mileage/.Mileage t208 f}
12-14 03:13:43.377 W/ActivityManager( 1627): Finishing task with all activities already finished
12-14 03:13:43.377 W/ActivityManager( 1627): Duplicate finish request for ActivityRecord{a79fcaa u0 com.evancharlton.mileage/.Mileage t208 f}
12-14 03:13:43.391 I/chatty  ( 1732): uid=10028(u0_a28) com.android.systemui identical 3 lines
12-14 03:13:43.393 V/StatusBar( 1732): setLightsOn(true)
12-14 03:13:43.394 D/gralloc_ranchu( 1394): gralloc_alloc: Creating ashmem region of size 8298496
12-14 03:13:43.420 I/chatty  ( 1394): uid=1000(system) allocator@2.0-s identical 1 line
12-14 03:13:43.434 D/gralloc_ranchu( 1394): gralloc_alloc: Creating ashmem region of size 8298496
12-14 03:13:43.484 D/SurfaceFlinger( 1411): duplicate layer name: changing com.google.android.apps.nexuslauncher/com.google.android.apps.nexuslauncher.NexusLauncherActivity to com.google.android.apps.nexuslauncher/com.google.android.apps.nexuslauncher.NexusLauncherActivity#1
12-14 03:13:43.492 D/gralloc_ranchu( 1394): gralloc_alloc: Creating ashmem region of size 8298496
12-14 03:13:43.514 D/EGL_emulation( 2204): eglMakeCurrent: 0x98cc7fe0: ver 3 0 (tinfo 0x98e7f830)
12-14 03:13:43.585 D/EGL_emulation( 1732): eglMakeCurrent: 0x878cff80: ver 3 0 (tinfo 0x878839d0)
12-14 03:13:43.592 D/gralloc_ranchu( 1394): gralloc_alloc: Creating ashmem region of size 8298496
12-14 03:13:43.612 I/MicroDetectionWorker( 2204): #updateMicroDetector [detectionMode: [mDetectionMode: [1]]]
12-14 03:13:43.613 I/MicroDetectionWorker( 2204): #startMicroDetector [speakerMode: 0]
12-14 03:13:43.617 I/AudioController( 2204): Using mInputStreamFactoryBuilder
12-14 03:13:43.621 I/MicroDetectionWorker( 2204): onReady
12-14 03:13:43.624 I/MicroRecognitionRunner( 2204): Starting detection.
12-14 03:13:43.625 I/MicrophoneInputStream( 2204): mic_starting com.google.android.apps.gsa.staticplugins.aa.c@964fa26
12-14 03:13:43.629 I/AudioFlinger( 1475): AudioFlinger's thread 0xa9983c00 tid=4377 ready to run
12-14 03:13:43.636 I/MicrophoneInputStream( 2204): mic_started com.google.android.apps.gsa.staticplugins.aa.c@964fa26
12-14 03:13:43.637 E/ActivityThread( 2204): Failed to find provider info for com.google.android.apps.gsa.testing.ui.audio.recorded
12-14 03:13:43.638 I/MicroDetectionWorker( 2204): onReady
12-14 03:13:43.656 I/MicrophoneInputStream( 2204): mic_close com.google.android.apps.gsa.staticplugins.aa.c@964fa26
12-14 03:13:43.657 I/MicroRecognitionRunner( 2204): Detection finished
12-14 03:13:43.658 W/ErrorReporter( 2204): reportError [type: 211, code: 524300]: Error reading from input stream
12-14 03:13:43.660 I/MicroRecognitionRunner( 2204): Stopping hotword detection.
12-14 03:13:43.663 W/ErrorProcessor( 2204): onFatalError, processing error from engine(4)
12-14 03:13:43.663 W/ErrorProcessor( 2204): com.google.android.apps.gsa.shared.speech.b.g: Error reading from input stream
12-14 03:13:43.663 W/ErrorProcessor( 2204): 	at com.google.android.apps.gsa.staticplugins.recognizer.j.a.a(SourceFile:28)
12-14 03:13:43.663 W/ErrorProcessor( 2204): 	at com.google.android.apps.gsa.staticplugins.recognizer.j.b.run(SourceFile:15)
12-14 03:13:43.663 W/ErrorProcessor( 2204): 	at java.util.concurrent.Executors$RunnableAdapter.call(Executors.java:457)
12-14 03:13:43.663 W/ErrorProcessor( 2204): 	at java.util.concurrent.FutureTask.run(FutureTask.java:266)
12-14 03:13:43.663 W/ErrorProcessor( 2204): 	at com.google.android.apps.gsa.shared.util.concurrent.a.ax.run(SourceFile:14)
12-14 03:13:43.663 W/ErrorProcessor( 2204): 	at com.google.android.apps.gsa.shared.util.concurrent.a.bl.run(SourceFile:4)
12-14 03:13:43.663 W/ErrorProcessor( 2204): 	at com.google.android.apps.gsa.shared.util.concurrent.a.bl.run(SourceFile:4)
12-14 03:13:43.663 W/ErrorProcessor( 2204): 	at java.util.concurrent.ThreadPoolExecutor.runWorker(ThreadPoolExecutor.java:1162)
12-14 03:13:43.663 W/ErrorProcessor( 2204): 	at java.util.concurrent.ThreadPoolExecutor$Worker.run(ThreadPoolExecutor.java:636)
12-14 03:13:43.663 W/ErrorProcessor( 2204): 	at java.lang.Thread.run(Thread.java:764)
12-14 03:13:43.663 W/ErrorProcessor( 2204): 	at com.google.android.apps.gsa.shared.util.concurrent.a.ai.run(SourceFile:6)
12-14 03:13:43.663 W/ErrorProcessor( 2204): Caused by: com.google.android.apps.gsa.shared.exception.GsaIOException: Error code: 393238 | Buffer overflow, no available space.
12-14 03:13:43.663 W/ErrorProcessor( 2204): 	at com.google.android.apps.gsa.speech.audio.Tee.f(SourceFile:103)
12-14 03:13:43.663 W/ErrorProcessor( 2204): 	at com.google.android.apps.gsa.speech.audio.au.read(SourceFile:2)
12-14 03:13:43.663 W/ErrorProcessor( 2204): 	at java.io.InputStream.read(InputStream.java:101)
12-14 03:13:43.663 W/ErrorProcessor( 2204): 	at com.google.android.apps.gsa.speech.audio.ao.run(SourceFile:18)
12-14 03:13:43.663 W/ErrorProcessor( 2204): 	at com.google.android.apps.gsa.speech.audio.an.run(SourceFile:2)
12-14 03:13:43.663 W/ErrorProcessor( 2204): 	... 9 more
12-14 03:13:43.663 I/AudioController( 2204): internalShutdown
12-14 03:13:43.668 D/gralloc_ranchu( 1394): gralloc_alloc: Creating ashmem region of size 8298496
12-14 03:13:43.671 I/DeviceStateChecker( 2204): DeviceStateChecker cancelled
12-14 03:13:43.671 I/MicroDetector( 2204): Keeping mic open: false
12-14 03:13:43.671 I/MicroDetectionWorker( 2204): #onError(false)
12-14 03:13:43.777 D/EGL_emulation( 2176): eglMakeCurrent: 0x9b4058a0: ver 3 0 (tinfo 0x9b403710)
12-14 03:13:43.808 D/gralloc_ranchu( 1394): gralloc_alloc: Creating ashmem region of size 7753728
12-14 03:13:43.831 E/memtrack( 1627): Couldn't load memtrack module
12-14 03:13:43.831 W/android.os.Debug( 1627): failed to get memory consumption info: -1
12-14 03:13:43.835 D/EGL_emulation( 1732): eglMakeCurrent: 0x878cff80: ver 3 0 (tinfo 0x878839d0)
12-14 03:13:44.022 I/chatty  ( 1732): uid=10028(u0_a28) RenderThread identical 20 lines
12-14 03:13:44.028 D/EGL_emulation( 1732): eglMakeCurrent: 0x878cff80: ver 3 0 (tinfo 0x878839d0)
12-14 03:13:44.032 D/AndroidRuntime( 4372): >>>>>> START com.android.internal.os.RuntimeInit uid 2000 <<<<<<
12-14 03:13:44.039 D/EGL_emulation( 1732): eglMakeCurrent: 0x878cff80: ver 3 0 (tinfo 0x878839d0)
12-14 03:13:44.045 I/chatty  ( 1732): uid=10028(u0_a28) RenderThread identical 1 line
12-14 03:13:44.062 D/EGL_emulation( 1732): eglMakeCurrent: 0x878cff80: ver 3 0 (tinfo 0x878839d0)
12-14 03:13:44.113 W/app_process( 4372): Unexpected CPU variant for X86 using defaults: x86
12-14 03:13:44.133 D/AndroidRuntime( 4372): Calling main entry com.android.commands.am.Am
12-14 03:13:44.139 I/ActivityManager( 1627): Force stopping com.evancharlton.mileage appid=10396 user=0: start instr
12-14 03:13:44.140 I/ActivityManager( 1627): Killing 4321:com.evancharlton.mileage/u0a396 (adj 0): stop com.evancharlton.mileage
12-14 03:13:44.141 W/ActivityManager( 1627): Crash of app com.evancharlton.mileage running instrumentation ComponentInfo{com.evancharlton.mileage.test/sh.calaba.instrumentationbackend.CalabashInstrumentationTestRunner}
12-14 03:13:44.141 I/ActivityManager( 1627): Force stopping com.evancharlton.mileage appid=10396 user=0: finished inst
12-14 03:13:44.143 I/ActivityManager( 1627): Killing 3771:com.evancharlton.mileage.test/u0a397 (adj 906): empty #17
12-14 03:13:44.161 I/ActivityManager( 1627): Start proc 4386:com.evancharlton.mileage/u0a396 for added application com.evancharlton.mileage
12-14 03:13:44.162 D/AndroidRuntime( 4372): Shutting down VM
12-14 03:13:44.166 I/zygote  ( 4386): Not late-enabling -Xcheck:jni (already on)
12-14 03:13:44.179 W/zygote  ( 4386): Unexpected CPU variant for X86 using defaults: x86
12-14 03:13:44.192 I/WindowManager( 1627): WIN DEATH: Window{ca58c03 u0 com.evancharlton.mileage/com.evancharlton.mileage.Mileage EXITING}
12-14 03:13:44.238 W/ActivityManager( 1627): setHasOverlayUi called on unknown pid: 4321
12-14 03:13:44.269 W/OpenGLRenderer( 2176): Incorrectly called buildLayer on View: ShortcutAndWidgetContainer, destroying layer...
12-14 03:13:44.278 W/zygote  ( 4386): Found duplicate classes, falling back to extracting from APK : /data/app/com.evancharlton.mileage.test-rF2DeEeC4Kbx6mtqSci5Cg==/base.apk
12-14 03:13:44.278 W/zygote  ( 4386): NOTE: This wastes RAM and hurts startup performance.
12-14 03:13:44.278 W/zygote  ( 4386): Found duplicated class when checking oat files: 'Ljunit/runner/BaseTestRunner;' in /data/app/com.evancharlton.mileage.test-rF2DeEeC4Kbx6mtqSci5Cg==/base.apk and /system/framework/android.test.runner.jar
12-14 03:13:44.278 W/zygote  ( 4386): 
12-14 03:13:44.292 I/OpenGLRenderer( 1627): Initialized EGL, version 1.4
12-14 03:13:44.293 D/OpenGLRenderer( 1627): Swap behavior 1
12-14 03:13:44.293 W/OpenGLRenderer( 1627): Failed to choose config with EGL_SWAP_BEHAVIOR_PRESERVED, retrying without...
12-14 03:13:44.293 D/OpenGLRenderer( 1627): Swap behavior 0
12-14 03:13:44.318 E/adbd    ( 1382): failed to connect to socket 'tcp:7102': Connection refused
12-14 03:13:44.320 D/EGL_emulation( 1627): eglCreateContext: 0x8acdc440: maj 3 min 0 rcv 3
12-14 03:13:44.325 D/EGL_emulation( 1627): eglMakeCurrent: 0x8acdc440: ver 3 0 (tinfo 0x81bc72d0)
12-14 03:13:44.326 E/adbd    ( 1382): failed to connect to socket 'tcp:7102': Connection refused
12-14 03:13:44.328 E/eglCodecCommon( 1627): glUtilsParamSize: unknow param 0x00008cdf
12-14 03:13:44.328 E/eglCodecCommon( 1627): glUtilsParamSize: unknow param 0x00008cdf
12-14 03:13:44.329 E/eglCodecCommon( 1627): glUtilsParamSize: unknow param 0x00008824
12-14 03:13:44.329 E/eglCodecCommon( 1627): glUtilsParamSize: unknow param 0x00008824
12-14 03:13:44.342 I/zygote  ( 1627): NativeAllocBackground concurrent copying GC freed 7971(840KB) AllocSpace objects, 7(140KB) LOS objects, 37% free, 10MB/16MB, paused 8.335ms total 64.689ms
12-14 03:13:44.349 W/System  ( 4386): ClassLoader referenced unknown path: 
12-14 03:13:44.374 I/System.out( 4386): Main activity name automatically set to: com.evancharlton.mileage.Mileage
12-14 03:13:44.375 I/System.out( 4386): Calabash did not load Mono. This is only a problem if you are trying to test a Mono application
12-14 03:13:44.376 I/calabash( 4386): Test server port: 7102
12-14 03:13:44.378 I/InstrumentationBackend( 4386): Added:'GetPreferences', with key:'get_preferences'
12-14 03:13:44.445 E/adbd    ( 1382): failed to connect to socket 'tcp:7102': Connection refused
12-14 03:13:44.455 E/adbd    ( 1382): failed to connect to socket 'tcp:7102': Connection refused
12-14 03:13:44.460 I/InstrumentationBackend( 4386): Added:'SetPreferences', with key:'set_preferences'
12-14 03:13:44.460 I/InstrumentationBackend( 4386): Added:'ClearPreferences', with key:'clear_preferences'
12-14 03:13:44.460 I/InstrumentationBackend( 4386): Added:'PressElement', with key:'press_l10n_element'
12-14 03:13:44.460 I/InstrumentationBackend( 4386): Added:'WaitForElement', with key:'wait_for_l10n_element'
12-14 03:13:44.461 I/InstrumentationBackend( 4386): Added:'NullAction', with key:'nullAction'
12-14 03:13:44.462 I/InstrumentationBackend( 4386): Added:'PressKey', with key:'press_key'
12-14 03:13:44.462 I/InstrumentationBackend( 4386): Added:'SetActivityOrientation', with key:'set_activity_orientation'
12-14 03:13:44.462 I/InstrumentationBackend( 4386): Added:'GetActivityOrientation', with key:'get_activity_orientation'
12-14 03:13:44.463 I/InstrumentationBackend( 4386): Added:'FakeGPSLocation', with key:'set_gps_coordinates'
12-14 03:13:44.463 I/InstrumentationBackend( 4386): Added:'SetPropertyByCssSelector', with key:'set_property_by_css_selector'
12-14 03:13:44.464 I/InstrumentationBackend( 4386): Added:'GetUrl', with key:'get_url'
12-14 03:13:44.466 I/InstrumentationBackend( 4386): Added:'ScrollTo', with key:'scroll_to'
12-14 03:13:44.467 I/InstrumentationBackend( 4386): Added:'GetLoadProgress', with key:'get_load_progress'
12-14 03:13:44.467 I/InstrumentationBackend( 4386): Added:'DumpHtml', with key:'dump_html'
12-14 03:13:44.467 I/InstrumentationBackend( 4386): Added:'DumpBodyHtml', with key:'dump_body_html'
12-14 03:13:44.467 I/InstrumentationBackend( 4386): Added:'EnterTextByCssSelector', with key:'enter_text_by_selector'
12-14 03:13:44.471 I/InstrumentationBackend( 4386): Added:'AndroidSDKVersion', with key:'android_sdk_version'
12-14 03:13:44.472 I/InstrumentationBackend( 4386): Added:'Version', with key:'version'
12-14 03:13:44.472 I/InstrumentationBackend( 4386): Added:'Drag', with key:'drag'
12-14 03:13:44.472 I/InstrumentationBackend( 4386): Added:'TouchCoordinates', with key:'touch_coordinate'
12-14 03:13:44.472 I/InstrumentationBackend( 4386): Added:'LongPressCoordinate', with key:'long_press_coordinate'
12-14 03:13:44.473 I/InstrumentationBackend( 4386): Added:'DragCoordinates', with key:'drag_coordinates'
12-14 03:13:44.474 I/InstrumentationBackend( 4386): Added:'ResumeApplication', with key:'resume_application'
12-14 03:13:44.475 I/InstrumentationBackend( 4386): Added:'Swipe', with key:'swipe'
12-14 03:13:44.475 I/InstrumentationBackend( 4386): Added:'DoubleTapCoordinate', with key:'double_tap_coordinate'
12-14 03:13:44.475 I/InstrumentationBackend( 4386): Added:'ClickOnScreen', with key:'click_on_screen'
12-14 03:13:44.476 I/InstrumentationBackend( 4386): Added:'GetActivityName', with key:'get_activity_name'
12-14 03:13:44.477 I/InstrumentationBackend( 4386): Added:'ScrollToView', with key:'scroll_to_view'
12-14 03:13:44.477 I/InstrumentationBackend( 4386): Added:'ViewConfiguration', with key:'view_configuration'
12-14 03:13:44.477 I/InstrumentationBackend( 4386): Added:'IsCurrentActivityFocused', with key:'is_current_activity_focused'
12-14 03:13:44.478 I/InstrumentationBackend( 4386): Added:'SendTcp', with key:'send_tcp'
12-14 03:13:44.478 I/InstrumentationBackend( 4386): Added:'DpToDevicePixel', with key:'dp_to_device_pixel'
12-14 03:13:44.479 I/InstrumentationBackend( 4386): Added:'KeyboardEnterText', with key:'keyboard_enter_text'
12-14 03:13:44.480 I/InstrumentationBackend( 4386): Added:'DeleteSurroundingText', with key:'delete_surrounding_text'
12-14 03:13:44.480 I/InstrumentationBackend( 4386): Added:'SetComposingRegion', with key:'set_composing_region'
12-14 03:13:44.480 I/InstrumentationBackend( 4386): Added:'SetSelection', with key:'set_selection'
12-14 03:13:44.481 I/InstrumentationBackend( 4386): Added:'KeyboardKeyEvent', with key:'keyboard_key_event'
12-14 03:13:44.481 I/InstrumentationBackend( 4386): Added:'PressUserActionButton', with key:'press_user_action_button'
12-14 03:13:44.482 I/InstrumentationBackend( 4386): Added:'HideSoftKeyboard', with key:'hide_soft_keyboard'
12-14 03:13:44.483 I/InstrumentationBackend( 4386): Added:'ListActions', with key:'list_actions'
12-14 03:13:44.483 I/calabash( 4386): Instantiating http server at 7102
12-14 03:13:44.484 I/System.out( 4386): HTTP Daemon listening on: 7102
12-14 03:13:44.577 I/System.out( 4386): URI: //ping
12-14 03:13:44.578 I/System.out( 4386): params: {json={}
12-14 03:13:44.578 I/System.out( 4386): }
12-14 03:13:44.602 I/System.out( 4386): URI: //ping
12-14 03:13:44.603 I/System.out( 4386): params: {json={}
12-14 03:13:44.603 I/System.out( 4386): }
12-14 03:13:44.613 I/System.out( 4386): URI: //ready
12-14 03:13:44.614 I/System.out( 4386): params: {json={}
12-14 03:13:44.614 I/System.out( 4386): }
12-14 03:13:44.626 I/System.out( 4386): URI: //
12-14 03:13:44.626 I/System.out( 4386): params: {json={"command":"version","arguments":[]}
12-14 03:13:44.626 I/System.out( 4386): }
12-14 03:13:44.627 I/System.out( 4386): header: {content-type=application/json;charset=utf-8, date=Mon, 14 Dec 2020 08:13:44 GMT, accept=*/*, host=127.0.0.1:34777, content-length=36, user-agent=HTTPClient/1.0 (2.8.3, ruby 2.5.8 (2020-03-31))}
12-14 03:13:44.627 I/System.out( 4386): params: {json={"command":"version","arguments":[]}
12-14 03:13:44.627 I/System.out( 4386): }
12-14 03:13:44.627 I/System.out( 4386): ProP json = {"command":"version","arguments":[]}
12-14 03:13:44.627 I/System.out( 4386): files: {}
12-14 03:13:44.627 I/System.out( 4386): command: {"command":"version","arguments":[]}
12-14 03:13:44.657 I/InstrumentationBackend( 4386): Got command:'Command:'Line:null,version', arguments:'[]'
12-14 03:13:44.688 I/System.out( 4386): result:{"bonusInformation":[],"message":"0.9.8","success":true}
12-14 03:13:44.694 I/System.out( 4386): URI: //start-application
12-14 03:13:44.694 I/System.out( 4386): params: {json={"intent":null}
12-14 03:13:44.694 I/System.out( 4386): }
12-14 03:13:44.731 I/ActivityManager( 1627): START u0 {act=android.intent.action.MAIN cat=[android.intent.category.LAUNCHER] flg=0x10200000 cmp=com.evancharlton.mileage/.Mileage} from uid 10396
12-14 03:13:44.774 D/gralloc_ranchu( 1394): gralloc_alloc: Creating ashmem region of size 7753728
12-14 03:13:44.775 I/calabash( 4386): newActivity1
12-14 03:13:44.819 D/EGL_emulation( 2204): eglMakeCurrent: 0x98cc7fe0: ver 3 0 (tinfo 0x98e7f830)
12-14 03:13:44.821 D/EGL_emulation( 2176): eglMakeCurrent: 0x9b4058a0: ver 3 0 (tinfo 0x9b403710)
12-14 03:13:44.828 W/ActivityManager( 1627): Bad activity token: android.os.BinderProxy@49a4c36
12-14 03:13:44.828 W/ActivityManager( 1627): java.lang.ClassCastException: android.os.BinderProxy cannot be cast to com.android.server.am.ActivityRecord$Token
12-14 03:13:44.828 W/ActivityManager( 1627): 	at com.android.server.am.ActivityRecord.forTokenLocked(ActivityRecord.java:778)
12-14 03:13:44.828 W/ActivityManager( 1627): 	at com.android.server.am.ActivityRecord.isInStackLocked(ActivityRecord.java:2085)
12-14 03:13:44.828 W/ActivityManager( 1627): 	at com.android.server.am.ActivityRecord.getStackLocked(ActivityRecord.java:2090)
12-14 03:13:44.828 W/ActivityManager( 1627): 	at com.android.server.am.ActivityManagerService.getActivityDisplayId(ActivityManagerService.java:10406)
12-14 03:13:44.828 W/ActivityManager( 1627): 	at android.app.IActivityManager$Stub.onTransact(IActivityManager.java:2738)
12-14 03:13:44.828 W/ActivityManager( 1627): 	at com.android.server.am.ActivityManagerService.onTransact(ActivityManagerService.java:2935)
12-14 03:13:44.828 W/ActivityManager( 1627): 	at android.os.Binder.execTransact(Binder.java:674)
12-14 03:13:44.831 V/StatusBar( 1732): setLightsOn(true)
12-14 03:13:44.832 I/calabash( 4386): newActivity1
12-14 03:13:44.842 W/ActivityManager( 1627): Bad activity token: android.os.BinderProxy@49a4c36
12-14 03:13:44.842 W/ActivityManager( 1627): java.lang.ClassCastException: android.os.BinderProxy cannot be cast to com.android.server.am.ActivityRecord$Token
12-14 03:13:44.842 W/ActivityManager( 1627): 	at com.android.server.am.ActivityRecord.forTokenLocked(ActivityRecord.java:778)
12-14 03:13:44.842 W/ActivityManager( 1627): 	at com.android.server.am.ActivityRecord.isInStackLocked(ActivityRecord.java:2085)
12-14 03:13:44.842 W/ActivityManager( 1627): 	at com.android.server.am.ActivityManagerService.setTaskDescription(ActivityManagerService.java:9988)
12-14 03:13:44.842 W/ActivityManager( 1627): 	at android.app.IActivityManager$Stub.onTransact(IActivityManager.java:2824)
12-14 03:13:44.842 W/ActivityManager( 1627): 	at com.android.server.am.ActivityManagerService.onTransact(ActivityManagerService.java:2935)
12-14 03:13:44.842 W/ActivityManager( 1627): 	at android.os.Binder.execTransact(Binder.java:674)
12-14 03:13:44.845 W/ActivityManager( 1627): Bad activity token: android.os.BinderProxy@49a4c36
12-14 03:13:44.845 W/ActivityManager( 1627): java.lang.ClassCastException: android.os.BinderProxy cannot be cast to com.android.server.am.ActivityRecord$Token
12-14 03:13:44.845 W/ActivityManager( 1627): 	at com.android.server.am.ActivityRecord.forTokenLocked(ActivityRecord.java:778)
12-14 03:13:44.845 W/ActivityManager( 1627): 	at com.android.server.am.ActivityRecord.isInStackLocked(ActivityRecord.java:2085)
12-14 03:13:44.845 W/ActivityManager( 1627): 	at com.android.server.am.ActivityRecord.getStackLocked(ActivityRecord.java:2090)
12-14 03:13:44.845 W/ActivityManager( 1627): 	at com.android.server.am.ActivityManagerService.getActivityStackId(ActivityManagerService.java:10417)
12-14 03:13:44.845 W/ActivityManager( 1627): 	at android.app.IActivityManager$Stub.onTransact(IActivityManager.java:3548)
12-14 03:13:44.845 W/ActivityManager( 1627): 	at com.android.server.am.ActivityManagerService.onTransact(ActivityManagerService.java:2935)
12-14 03:13:44.845 W/ActivityManager( 1627): 	at android.os.Binder.execTransact(Binder.java:674)
12-14 03:13:44.851 D/EGL_emulation( 1732): eglMakeCurrent: 0x878cff80: ver 3 0 (tinfo 0x878839d0)
12-14 03:13:44.858 I/chatty  ( 1732): uid=10028(u0_a28) RenderThread identical 1 line
12-14 03:13:44.876 D/EGL_emulation( 1732): eglMakeCurrent: 0x878cff80: ver 3 0 (tinfo 0x878839d0)
12-14 03:13:44.877 V/StatusBar( 1732): setLightsOn(true)
12-14 03:13:44.879 E/ContentStoreEUAS( 2204): Failed to commit the deferred actions
12-14 03:13:44.880 D/EGL_emulation( 1732): eglMakeCurrent: 0x878cff80: ver 3 0 (tinfo 0x878839d0)
12-14 03:13:44.965 W/ActivityManager( 1627): Bad activity token: android.os.BinderProxy@49a4c36
12-14 03:13:44.965 W/ActivityManager( 1627): java.lang.ClassCastException: android.os.BinderProxy cannot be cast to com.android.server.am.ActivityRecord$Token
12-14 03:13:44.965 W/ActivityManager( 1627): 	at com.android.server.am.ActivityRecord.forTokenLocked(ActivityRecord.java:778)
12-14 03:13:44.965 W/ActivityManager( 1627): 	at com.android.server.am.ActivityRecord.isInStackLocked(ActivityRecord.java:2085)
12-14 03:13:44.965 W/ActivityManager( 1627): 	at com.android.server.am.ActivityManagerService.getActivityOptions(ActivityManagerService.java:13302)
12-14 03:13:44.965 W/ActivityManager( 1627): 	at android.app.IActivityManager$Stub.onTransact(IActivityManager.java:2910)
12-14 03:13:44.965 W/ActivityManager( 1627): 	at com.android.server.am.ActivityManagerService.onTransact(ActivityManagerService.java:2935)
12-14 03:13:44.965 W/ActivityManager( 1627): 	at android.os.Binder.execTransact(Binder.java:674)
12-14 03:13:44.965 W/ActivityManager( 1627): Bad activity token: android.os.BinderProxy@49a4c36
12-14 03:13:44.965 W/ActivityManager( 1627): java.lang.ClassCastException: android.os.BinderProxy cannot be cast to com.android.server.am.ActivityRecord$Token
12-14 03:13:44.965 W/ActivityManager( 1627): 	at com.android.server.am.ActivityRecord.forTokenLocked(ActivityRecord.java:778)
12-14 03:13:44.965 W/ActivityManager( 1627): 	at com.android.server.am.ActivityRecord.isInStackLocked(ActivityRecord.java:2085)
12-14 03:13:44.965 W/ActivityManager( 1627): 	at com.android.server.am.ActivityManagerService.getActivityOptions(ActivityManagerService.java:13302)
12-14 03:13:44.965 W/ActivityManager( 1627): 	at android.app.IActivityManager$Stub.onTransact(IActivityManager.java:2910)
12-14 03:13:44.965 W/ActivityManager( 1627): 	at com.android.server.am.ActivityManagerService.onTransact(ActivityManagerService.java:2935)
12-14 03:13:44.965 W/ActivityManager( 1627): 	at android.os.Binder.execTransact(Binder.java:674)
12-14 03:13:45.045 I/chatty  ( 1732): uid=10028(u0_a28) RenderThread identical 21 lines
12-14 03:13:45.052 D/EGL_emulation( 1732): eglMakeCurrent: 0x878cff80: ver 3 0 (tinfo 0x878839d0)
12-14 03:13:45.072 V/StatusBar( 1732): setLightsOn(true)
12-14 03:13:45.164 I/chatty  ( 1732): uid=10028(u0_a28) com.android.systemui identical 2 lines
12-14 03:13:45.165 V/StatusBar( 1732): setLightsOn(true)
12-14 03:13:45.176 I/zygote  ( 4386): Do partial code cache collection, code=28KB, data=30KB
12-14 03:13:45.177 I/zygote  ( 4386): After code cache collection, code=28KB, data=30KB
12-14 03:13:45.177 I/zygote  ( 4386): Increasing code cache capacity to 128KB
12-14 03:13:45.178 I/zygote  ( 4386): Do partial code cache collection, code=28KB, data=48KB
12-14 03:13:45.179 I/zygote  ( 4386): After code cache collection, code=28KB, data=48KB
12-14 03:13:45.179 I/zygote  ( 4386): Increasing code cache capacity to 256KB
12-14 03:13:45.179 I/zygote  ( 4386): JIT allocated 71KB for compiled code of void android.widget.TextView.<init>(android.content.Context, android.util.AttributeSet, int, int)
12-14 03:13:45.179 I/zygote  ( 4386): Compiler allocated 4MB to compile void android.widget.TextView.<init>(android.content.Context, android.util.AttributeSet, int, int)
12-14 03:13:45.212 D/gralloc_ranchu( 1394): gralloc_alloc: Creating ashmem region of size 7753728
12-14 03:13:45.236 D/        ( 4386): HostConnection::get() New Host Connection established 0x98ab0c40, tid 4386
12-14 03:13:45.263 V/StatusBar( 1732): setLightsOn(true)
12-14 03:13:45.299 I/chatty  ( 1732): uid=10028(u0_a28) com.android.systemui identical 1 line
12-14 03:13:45.300 V/StatusBar( 1732): setLightsOn(true)
12-14 03:13:45.302 I/ActivityManager( 1627): Displayed com.evancharlton.mileage/.Mileage: +552ms
12-14 03:13:45.309 V/StatusBar( 1732): setLightsOn(true)
12-14 03:13:45.333 D/gralloc_ranchu( 1394): gralloc_alloc: Creating ashmem region of size 7753728
12-14 03:13:45.487 V/StatusBar( 1732): setLightsOn(true)
