--------- beginning of main
12-13 23:12:55.285 W/zygote  ( 3794): Unexpected CPU variant for X86 using defaults: x86
12-13 23:12:55.288 I/GAv4-SVC( 2111): Google Analytics 204.7.13 is starting up.
12-13 23:12:55.296 W/ResourceType( 2111): ResTable_typeSpec entry count inconsistent: given 67, previously 69
12-13 23:12:55.296 W/ResourceType( 2111): ResTable_typeSpec entry count inconsistent: given 5411, previously 5412
12-13 23:12:55.317 I/ExposureNotification( 1942): ENInternalService.onDestroy, com.google.android.gms.nearby.exposurenotification.service.ExposureNotificationInternalChimeraService@f3293e7 [CONTEXT service_id=236 ]
12-13 23:12:55.333 W/SystemServiceRegistry( 3654): No service published for: persistent_data_block
12-13 23:12:55.351 I/Wear_Controller( 2111): Wearable module requires a companion app to be installed.
12-13 23:12:55.351 I/Wear_Controller( 2111): onStartup - Wear is not available on this device.
12-13 23:12:55.404 I/Vision  ( 2111): Supported ABIS: [x86]
12-13 23:12:55.424 W/ResourceType( 3794): ResTable_typeSpec entry count inconsistent: given 67, previously 69
12-13 23:12:55.424 W/ResourceType( 3794): ResTable_typeSpec entry count inconsistent: given 5411, previously 5412
12-13 23:12:55.494 D/BoundBrokerSvc( 1942): onUnbind: Intent { act=com.google.android.gms.icing.LIGHTWEIGHT_INDEX_SERVICE pkg=com.google.android.gms }
12-13 23:12:55.504 W/OpenGLRenderer( 2179): Incorrectly called buildLayer on View: ShortcutAndWidgetContainer, destroying layer...
12-13 23:12:55.550 I/Checkin ( 2111): [CheckinOperation] Starting Checkin: Default Task Reason : 1 Force : false UserId : 0 Start time : 44943
12-13 23:12:55.621 W/ProviderHelper( 3794): Unknown dynamite feature providerinstaller.dynamite
12-13 23:12:55.622 I/DynamiteModule( 3794): Considering local module com.google.android.gms.providerinstaller.dynamite:1 and remote module com.google.android.gms.providerinstaller.dynamite:0
12-13 23:12:55.622 I/DynamiteModule( 3794): Selected local version of com.google.android.gms.providerinstaller.dynamite
12-13 23:12:55.630 V/NativeCrypto( 3794): Registering com/google/android/gms/org/conscrypt/NativeCrypto's 286 native methods...
12-13 23:12:55.650 D/NetworkSecurityConfig( 3794): Using Network Security Config from resource network_security_config debugBuild: false
12-13 23:12:55.653 I/ProviderInstaller( 3794): Installed default security provider GmsCore_OpenSSL
12-13 23:12:55.653 I/Safeboot( 3794): Checking safeboot...
12-13 23:12:55.653 I/Safeboot( 3794): Not entering safeboot; wrong process.
12-13 23:12:55.736 I/CheckinUtil( 2111): Classify the device as Phone. [CONTEXT service_id=130 ]
12-13 23:12:55.801 I/GMS_MM_Logger( 3794): Started.
12-13 23:12:55.802 I/bgwx    ( 3794): Primes not initialized, returning default (no-op) Primes instance which will ignore all calls. Please call Primes.initialize(...) before using any Primes API.
12-13 23:12:55.814 I/zygote  ( 2111): Deoptimizing bsbk brqx.D(int) due to JIT inline cache
12-13 23:12:55.739 W/IntentService[D( 3654): type=1400 audit(0.0:19): avc: denied { read } for name="modules" dev="proc" ino=4026532034 scontext=u:r:priv_app:s0:c512,c768 tcontext=u:object_r:proc_modules:s0 tclass=file permissive=0
12-13 23:12:55.844 I/GCoreUlr( 1942): DispatchingService ignoring Intent { act=android.net.wifi.WIFI_STATE_CHANGED flg=0x4000010 (has extras) } because ULR inactive
12-13 23:12:55.913 I/GCoreUlr( 1942): WorldUpdater received intent Intent { act=com.google.android.location.reporting.ACTION_UPDATE_WORLD cmp=com.google.android.gms/com.google.android.location.reporting.service.DispatchingService (has extras) } with receiverAction init
12-13 23:12:55.975 I/Checkin ( 2111): [AndroidCheckinProtoModule] Checkin reason type: 1 attempt count: 1.
12-13 23:12:56.073 I/GCoreUlr( 1942): WorldUpdater:init: Ensuring that reporting is stopped because of reasons: (no Google accounts)
12-13 23:12:56.076 I/zygote  ( 1942): Deoptimizing void ccyq.n(java.lang.Iterable, java.util.List) due to JIT inline cache
12-13 23:12:56.079 I/GCoreUlr( 1942): Unbound from all signal providers.
12-13 23:12:56.105 I/GCoreUlr( 1942): Unbound from all signal providers.
12-13 23:12:56.105 I/GCoreUlr( 1942): Stopping handler for UlrDispSvcFast
12-13 23:12:56.127 D/BoundBrokerSvc( 1942): onBind: Intent { act=com.google.android.gms.pseudonymous.service.START cmp=com.google.android.gms/.chimera.PersistentApiService }
12-13 23:12:56.127 D/BoundBrokerSvc( 1942): Loading bound service for intent: Intent { act=com.google.android.gms.pseudonymous.service.START cmp=com.google.android.gms/.chimera.PersistentApiService }
12-13 23:12:57.440 D/WificondControl( 1628): Scan result ready event
12-13 23:12:57.557 D/BoundBrokerSvc( 2111): onUnbind: Intent { act=com.google.android.gms.cast.firstparty.START cmp=com.google.android.gms/.chimera.GmsBoundBrokerService }
12-13 23:12:59.110 D/BoundBrokerSvc( 2111): onUnbind: Intent { act=com.google.android.gms.auth.service.START pkg=com.google.android.gms }
12-13 23:12:59.813 D/BoundBrokerSvc( 2111): onUnbind: Intent { act=com.google.android.gms.checkin.START pkg=com.google.android.gms }
12-13 23:12:59.967 D/BoundBrokerSvc( 2111): onUnbind: Intent { act=com.google.android.gms.feedback.internal.IFeedbackService cmp=com.google.android.gms/.chimera.GmsBoundBrokerService }
12-13 23:13:00.146 I/MicroDetectionWorker( 2214): #updateMicroDetector [detectionMode: [mDetectionMode: [1]]]
12-13 23:13:00.146 I/MicroDetectionWorker( 2214): #startMicroDetector [speakerMode: 0]
12-13 23:13:00.146 I/AudioController( 2214): Using mInputStreamFactoryBuilder
12-13 23:13:00.148 I/MicroDetectionWorker( 2214): onReady
12-13 23:13:00.151 I/MicroRecognitionRunner( 2214): Starting detection.
12-13 23:13:00.155 I/MicrophoneInputStream( 2214): mic_starting com.google.android.apps.gsa.staticplugins.aa.c@595bb69
12-13 23:13:00.162 I/MicrophoneInputStream( 2214): mic_started com.google.android.apps.gsa.staticplugins.aa.c@595bb69
--------- beginning of system
12-13 23:13:00.163 E/ActivityThread( 2214): Failed to find provider info for com.google.android.apps.gsa.testing.ui.audio.recorded
12-13 23:13:00.164 I/MicrophoneInputStream( 2214): mic_close com.google.android.apps.gsa.staticplugins.aa.c@595bb69
12-13 23:13:00.164 I/MicroDetectionWorker( 2214): onReady
12-13 23:13:00.165 I/MicroRecognitionRunner( 2214): Detection finished
12-13 23:13:00.165 W/ErrorReporter( 2214): reportError [type: 211, code: 524300]: Error reading from input stream
12-13 23:13:00.166 I/MicroRecognitionRunner( 2214): Stopping hotword detection.
12-13 23:13:00.167 W/ErrorProcessor( 2214): onFatalError, processing error from engine(4)
12-13 23:13:00.167 W/ErrorProcessor( 2214): com.google.android.apps.gsa.shared.speech.b.g: Error reading from input stream
12-13 23:13:00.167 W/ErrorProcessor( 2214): 	at com.google.android.apps.gsa.staticplugins.recognizer.j.a.a(SourceFile:28)
12-13 23:13:00.167 W/ErrorProcessor( 2214): 	at com.google.android.apps.gsa.staticplugins.recognizer.j.b.run(SourceFile:15)
12-13 23:13:00.167 W/ErrorProcessor( 2214): 	at java.util.concurrent.Executors$RunnableAdapter.call(Executors.java:457)
12-13 23:13:00.167 W/ErrorProcessor( 2214): 	at java.util.concurrent.FutureTask.run(FutureTask.java:266)
12-13 23:13:00.167 W/ErrorProcessor( 2214): 	at com.google.android.apps.gsa.shared.util.concurrent.a.ax.run(SourceFile:14)
12-13 23:13:00.167 W/ErrorProcessor( 2214): 	at com.google.android.apps.gsa.shared.util.concurrent.a.bl.run(SourceFile:4)
12-13 23:13:00.167 W/ErrorProcessor( 2214): 	at com.google.android.apps.gsa.shared.util.concurrent.a.bl.run(SourceFile:4)
12-13 23:13:00.167 W/ErrorProcessor( 2214): 	at java.util.concurrent.ThreadPoolExecutor.runWorker(ThreadPoolExecutor.java:1162)
12-13 23:13:00.167 W/ErrorProcessor( 2214): 	at java.util.concurrent.ThreadPoolExecutor$Worker.run(ThreadPoolExecutor.java:636)
12-13 23:13:00.167 W/ErrorProcessor( 2214): 	at java.lang.Thread.run(Thread.java:764)
12-13 23:13:00.167 W/ErrorProcessor( 2214): 	at com.google.android.apps.gsa.shared.util.concurrent.a.ai.run(SourceFile:6)
12-13 23:13:00.167 W/ErrorProcessor( 2214): Caused by: com.google.android.apps.gsa.shared.exception.GsaIOException: Error code: 393238 | Buffer overflow, no available space.
12-13 23:13:00.167 W/ErrorProcessor( 2214): 	at com.google.android.apps.gsa.speech.audio.Tee.f(SourceFile:103)
12-13 23:13:00.167 W/ErrorProcessor( 2214): 	at com.google.android.apps.gsa.speech.audio.au.read(SourceFile:2)
12-13 23:13:00.167 W/ErrorProcessor( 2214): 	at java.io.InputStream.read(InputStream.java:101)
12-13 23:13:00.167 W/ErrorProcessor( 2214): 	at com.google.android.apps.gsa.speech.audio.ao.run(SourceFile:18)
12-13 23:13:00.167 W/ErrorProcessor( 2214): 	at com.google.android.apps.gsa.speech.audio.an.run(SourceFile:2)
12-13 23:13:00.167 W/ErrorProcessor( 2214): 	... 9 more
12-13 23:13:00.167 I/AudioController( 2214): internalShutdown
12-13 23:13:00.169 I/AudioFlinger( 1474): AudioFlinger's thread 0xafd03e80 tid=3847 ready to run
12-13 23:13:00.173 I/MicroDetector( 2214): Keeping mic open: false
12-13 23:13:00.173 I/MicroDetectionWorker( 2214): #onError(false)
12-13 23:13:00.175 I/DeviceStateChecker( 2214): DeviceStateChecker cancelled
12-13 23:13:00.236 E/BatteryStatsService( 1628): modem info is invalid: ModemActivityInfo{ mTimestamp=0 mSleepTimeMs=0 mIdleTimeMs=0 mTxTimeMs[]=[0, 0, 0, 0, 0] mRxTimeMs=0 mEnergyUsed=0}
12-13 23:13:00.434 W/NamedFutures( 2214): Timeout future task has been cancelled: 10000 milliseconds
12-13 23:13:00.441 E/SearchServiceStarter( 2214): Task 174 failed or timed out. Client 9738882894732521 disconnecting from SearchService!
12-13 23:13:00.441 E/SearchServiceStarter( 2214): java.util.concurrent.CancellationException: Task was cancelled.
12-13 23:13:00.441 E/SearchServiceStarter( 2214): 	at com.google.common.util.concurrent.d.ct(SourceFile:75)
12-13 23:13:00.441 E/SearchServiceStarter( 2214): 	at com.google.common.util.concurrent.d.get(SourceFile:57)
12-13 23:13:00.441 E/SearchServiceStarter( 2214): 	at com.google.common.util.concurrent.cg.n(SourceFile:2)
12-13 23:13:00.441 E/SearchServiceStarter( 2214): 	at com.google.common.util.concurrent.av.l(SourceFile:50)
12-13 23:13:00.441 E/SearchServiceStarter( 2214): 	at com.google.common.util.concurrent.ax.run(SourceFile:5)
12-13 23:13:00.441 E/SearchServiceStarter( 2214): 	at com.google.android.apps.gsa.shared.util.concurrent.a.bc.run(SourceFile:2)
12-13 23:13:00.441 E/SearchServiceStarter( 2214): 	at android.os.Handler.handleCallback(Handler.java:789)
12-13 23:13:00.441 E/SearchServiceStarter( 2214): 	at android.os.Handler.dispatchMessage(Handler.java:98)
12-13 23:13:00.441 E/SearchServiceStarter( 2214): 	at android.os.Looper.loop(Looper.java:164)
12-13 23:13:00.441 E/SearchServiceStarter( 2214): 	at android.app.ActivityThread.main(ActivityThread.java:6541)
12-13 23:13:00.441 E/SearchServiceStarter( 2214): 	at java.lang.reflect.Method.invoke(Native Method)
12-13 23:13:00.441 E/SearchServiceStarter( 2214): 	at com.android.internal.os.Zygote$MethodAndArgsCaller.run(Zygote.java:240)
12-13 23:13:00.441 E/SearchServiceStarter( 2214): 	at com.android.internal.os.ZygoteInit.main(ZygoteInit.java:767)
12-13 23:13:00.490 W/BroadcastQueue( 1628): Background execution not allowed: receiving Intent { act=android.intent.action.PACKAGE_REMOVED dat=package:com.evancharlton.mileage.test flg=0x4000010 (has extras) } to com.android.vending/com.google.android.finsky.packagemanager.impl.PackageMonitorReceiverImpl$RegisteredReceiver
12-13 23:13:00.491 W/BroadcastQueue( 1628): Background execution not allowed: receiving Intent { act=android.intent.action.PACKAGE_REMOVED dat=package:com.evancharlton.mileage.test flg=0x4000010 (has extras) } to com.android.vending/com.google.android.finsky.instantapps.appmanagement.InstantAppRemoveMonitor
12-13 23:13:00.491 W/BroadcastQueue( 1628): Background execution not allowed: receiving Intent { act=android.intent.action.PACKAGE_REMOVED dat=package:com.evancharlton.mileage.test flg=0x4000010 (has extras) } to com.google.android.gms/.games.chimera.GamesSystemBroadcastReceiverProxy
12-13 23:13:00.491 W/BroadcastQueue( 1628): Background execution not allowed: receiving Intent { act=android.intent.action.PACKAGE_REMOVED dat=package:com.evancharlton.mileage.test flg=0x4000010 (has extras) } to com.google.android.gms/.chimera.GmsIntentOperationService$PersistentTrustedReceiver
12-13 23:13:00.491 W/BroadcastQueue( 1628): Background execution not allowed: receiving Intent { act=android.intent.action.PACKAGE_REMOVED dat=package:com.evancharlton.mileage.test flg=0x4000010 (has extras) } to com.google.android.googlequicksearchbox/com.google.android.apps.gsa.googlequicksearchbox.GelStubAppWatcher
12-13 23:13:00.504 I/Finsky  ( 2491): [2] ycb.d(13): PackageMonitorReceiverImpl - Received: android.intent.action.PACKAGE_FULLY_REMOVED, [Hc-uu0eID9wC4ptvRCsWBIQPDhHxrgxu8bZlIwakNJw]
12-13 23:13:00.504 I/Finsky  ( 2491): [2] ydc.g(1): Invalidating cached PackageState for com.evancharlton.mileage.test
12-13 23:13:00.509 I/Finsky  ( 2491): [2] ouk.d(2): Frosting ID looked up on UI thread. Caller should move to a background thread.
12-13 23:13:00.515 I/Finsky  ( 2491): [2] qlq.s(2): Installer: package com.evancharlton.mileage.test was removed. replacing: false
12-13 23:13:00.518 I/Finsky  ( 2491): [2] qmo.L(12): Installer: Notifying status update. package=com.evancharlton.mileage.test, status=UNINSTALLED
12-13 23:13:00.519 I/Finsky  ( 2491): [2] alxk.a(3): Do not start WearSupportService due to Wear service optimization
12-13 23:13:00.520 I/Finsky  ( 2491): [117] jmd.a(15): [ContentSync] finished, scheduled=false
12-13 23:13:00.520 I/Finsky  ( 2491): [146] otx.run(16): Wrote row to frosting DB: 402
12-13 23:13:00.520 I/Finsky  ( 2491): [2] alxk.a(3): Do not start WearSupportService due to Wear service optimization
12-13 23:13:00.521 I/Finsky  ( 2491): [2] adxl.a(8): Clearing split related stale data.
12-13 23:13:00.522 I/Finsky  ( 2491): [154] gvx.a(12): Asset module storage cleared for package com.evancharlton.mileage.test.
12-13 23:13:00.529 I/Finsky  ( 2491): [2] qmo.O(7): Installer: found apps to install. isMultiUserMode=false, apps=[]
12-13 23:13:00.532 I/Finsky  ( 2491): [158] rab.C(2): IQ: Notifying installation update. package=com.evancharlton.mileage.test, status=UNINSTALLED
12-13 23:13:00.541 I/ExposureNotification( 2111): Still can find package com.evancharlton.mileage.test after receive its fully removed broadcast, which was installed 9875 ms ago. Ignore the fully removed broadcast. [CONTEXT service_id=236 ]
12-13 23:13:00.542 I/Finsky  ( 2491): [146] otx.run(16): Wrote row to frosting DB: 403
12-13 23:13:00.543 D/BoundBrokerSvc( 2111): onBind: Intent { act=com.google.android.gms.common.BIND_SHARED_PREFS pkg=com.google.android.gms }
12-13 23:13:00.543 D/BoundBrokerSvc( 2111): Loading bound service for intent: Intent { act=com.google.android.gms.common.BIND_SHARED_PREFS pkg=com.google.android.gms }
12-13 23:13:00.547 D/BoundBrokerSvc( 2111): onUnbind: Intent { act=com.google.android.gms.common.BIND_SHARED_PREFS pkg=com.google.android.gms }
12-13 23:13:00.557 I/Dialer  ( 2019): VvmTaskReceiver - task received
12-13 23:13:00.557 I/Dialer  ( 2019): VvmTaskReceiver - TaskExecutor already running
12-13 23:13:00.558 I/Dialer  ( 2019): Task.createTask - create task:com.android.voicemail.impl.ActivationTask
12-13 23:13:00.558 I/Dialer  ( 2019): TaskQueue.add - duplicated task added
12-13 23:13:00.558 I/Dialer  ( 2019): VvmTaskExecutor - com.android.voicemail.impl.ActivationTask@c4c05ea added
12-13 23:13:00.559 I/Finsky  ( 2491): [158] rab.t(33): IQ: No matching installs to run for jobs: []
12-13 23:13:00.570 I/DigitalWidgetProvider( 3503): onReceive: Intent { act=com.android.deskclock.ALARM_CHANGED flg=0x10 cmp=com.google.android.deskclock/com.android.alarmclock.DigitalAppWidgetProvider }
12-13 23:13:00.588 W/BroadcastQueue( 1628): Background execution not allowed: receiving Intent { act=android.intent.action.PACKAGE_ADDED dat=package:com.evancharlton.mileage.test flg=0x4000010 (has extras) } to com.android.vending/com.google.android.finsky.packagemanager.impl.PackageMonitorReceiverImpl$RegisteredReceiver
12-13 23:13:00.588 W/BroadcastQueue( 1628): Background execution not allowed: receiving Intent { act=android.intent.action.PACKAGE_ADDED dat=package:com.evancharlton.mileage.test flg=0x4000010 (has extras) } to com.google.android.gms/.games.chimera.GamesSystemBroadcastReceiverProxy
12-13 23:13:00.588 W/BroadcastQueue( 1628): Background execution not allowed: receiving Intent { act=android.intent.action.PACKAGE_ADDED dat=package:com.evancharlton.mileage.test flg=0x4000010 (has extras) } to com.google.android.gms/.gass.chimera.PackageChangeBroadcastReceiver
12-13 23:13:00.588 W/BroadcastQueue( 1628): Background execution not allowed: receiving Intent { act=android.intent.action.PACKAGE_ADDED dat=package:com.evancharlton.mileage.test flg=0x4000010 (has extras) } to com.google.android.gms/.chimera.GmsIntentOperationService$PersistentTrustedReceiver
12-13 23:13:00.589 W/BroadcastQueue( 1628): Background execution not allowed: receiving Intent { act=android.intent.action.PACKAGE_ADDED dat=package:com.evancharlton.mileage.test flg=0x4000010 (has extras) } to com.google.android.googlequicksearchbox/com.google.android.apps.gsa.googlequicksearchbox.GelStubAppWatcher
12-13 23:13:00.629 W/zygote  ( 3853): Unexpected CPU variant for X86 using defaults: x86
12-13 23:13:00.633 I/ActivityManager( 1628): Start proc 3853:com.google.android.videos/u0a72 for service com.google.android.videos/.service.drm.RefreshLicenseTaskService
12-13 23:13:00.637 W/BroadcastQueue( 1628): Background execution not allowed: receiving Intent { act=android.intent.action.DROPBOX_ENTRY_ADDED flg=0x10 (has extras) } to com.google.android.gms/.stats.service.DropBoxEntryAddedReceiver
12-13 23:13:00.637 W/BroadcastQueue( 1628): Background execution not allowed: receiving Intent { act=android.intent.action.DROPBOX_ENTRY_ADDED flg=0x10 (has extras) } to com.google.android.gms/.chimera.GmsIntentOperationService$PersistentTrustedReceiver
12-13 23:13:00.655 I/MultiDex( 3853): VM with version 2.1.0 has multidex support
12-13 23:13:00.655 I/MultiDex( 3853): install
12-13 23:13:00.655 I/MultiDex( 3853): VM has multidex support, MultiDex support library is disabled.
12-13 23:13:00.665 E/NetworkScheduler.ATC( 1942): Called cancelTask for already completed task com.google.android.videos/.service.drm.RefreshLicenseTaskService{u=0 tag="refresh_license_forced" trigger=window{start=0s,end=1s,earliest=0s,latest=0s} requirements=[NET_CONNECTED] attributes=[] scheduled=0s last_run=0s exec_window_multiplier=1.0000 jid=N/A status=PENDING retries=0 client_lib=MANCHEGO_GCM-10400000} :5 [CONTEXT service_id=218 ]
12-13 23:13:00.670 W/NetworkScheduler( 1942): Immediate task was not started com.google.android.videos/.service.drm.RefreshLicenseTaskService{u=0 tag="refresh_license_forced" trigger=window{start=0s,end=1s,earliest=0s,latest=0s} requirements=[NET_CONNECTED] attributes=[] scheduled=0s last_run=N/A exec_window_multiplier=1.0000 jid=N/A status=PENDING retries=0 client_lib=MANCHEGO_GCM-10400000}. Rescheduling immediate tasks can cause excessive battery drain.
12-13 23:13:00.753 I/zygote  ( 1942): Do partial code cache collection, code=495KB, data=326KB
12-13 23:13:00.753 I/zygote  ( 1942): After code cache collection, code=491KB, data=325KB
12-13 23:13:00.753 I/zygote  ( 1942): Increasing code cache capacity to 2MB
12-13 23:13:00.894 I/ActivityManager( 1628): Killing 3269:com.android.cellbroadcastreceiver/u0a5 (adj 906): empty #17
12-13 23:13:00.902 W/ActivityManager( 1628): Background start not allowed: service Intent { cmp=com.google.android.videos/.service.pinning.TransferService (has extras) } to com.google.android.videos/.service.pinning.TransferService from pid=3853 uid=10072 pkg=com.google.android.videos
12-13 23:13:00.904 I/Finsky  ( 2491): [103] daj.a(7): Received content filters request from com.google.android.videos
12-13 23:13:00.915 I/PlayMovies( 3853): RefreshLicenseTaskService.forceLicenseRefreshNow:66 Scheduled task now refresh_license_forced
12-13 23:13:00.915 I/PlayMovies( 3853): 
12-13 23:13:00.919 D/PlayMovies( 3853): PersistentCache.cleanup:104 Cache is below limit, no need to shrink: [size=0, limit=5242880]
12-13 23:13:00.919 D/PlayMovies( 3853): 
12-13 23:13:00.923 D/Primes  ( 3853): Package metric disabled.
12-13 23:13:00.923 D/Primes  ( 3853): Battery metric disabled
12-13 23:13:00.923 D/Primes  ( 3853): MagicEye logging metric disabled
12-13 23:13:00.925 D/CryptdConnector( 1628): SND -> {11 cryptfs getpwtype}
12-13 23:13:00.926 D/VoldCryptCmdListener( 1342): cryptfs getpwtype
12-13 23:13:00.926 D/CryptdConnector( 1628): RCV <- {213 11 default}
12-13 23:13:00.929 I/NetworkScheduler.Stats( 1942): Task com.google.android.videos/ finished executing. cause:7 result: 6 elapsed_millis: 48 uptime_millis: 48 exec_start_elapsed_seconds: 50 [CONTEXT service_id=218 ]
12-13 23:13:00.929 W/NetworkScheduler( 1942): No record of active task com.google.android.videos/.service.drm.RefreshLicenseTaskService{u=0 tag="refresh_license_forced" trigger=window{start=0s,end=1s,earliest=0s,latest=0s} requirements=[NET_CONNECTED] attributes=[] scheduled=0s last_run=0s exec_window_multiplier=1.0000 jid=N/A status=PENDING retries=0 client_lib=MANCHEGO_GCM-10400000}
12-13 23:13:01.126 I/PlayMovies( 3853): RefreshLicenseTaskService.onRunTask:96 On run task refresh_license_forced
12-13 23:13:01.126 I/PlayMovies( 3853): 
12-13 23:13:01.275 D/BoundBrokerSvc( 1942): onUnbind: Intent { act=com.google.android.gms.icing.LIGHTWEIGHT_INDEX_SERVICE cmp=com.google.android.gms/.chimera.PersistentApiService }
12-13 23:13:01.368 E/NetworkScheduler.ATC( 1942): Called cancelTask for already completed task com.google.android.videos/.service.drm.RefreshLicenseTaskService{u=0 tag="refresh_license_forced" trigger=window{start=0s,end=1s,earliest=0s,latest=0s} requirements=[NET_CONNECTED] attributes=[] scheduled=0s last_run=0s exec_window_multiplier=1.0000 jid=N/A status=ACTIVE retries=0 client_lib=MANCHEGO_GCM-10400000} :0 [CONTEXT service_id=218 ]
12-13 23:13:01.368 W/NetworkScheduler( 1942): Immediate task was not started com.google.android.videos/.service.drm.RefreshLicenseTaskService{u=0 tag="refresh_license_forced" trigger=window{start=0s,end=1s,earliest=0s,latest=0s} requirements=[NET_CONNECTED] attributes=[] scheduled=0s last_run=N/A exec_window_multiplier=1.0000 jid=N/A status=PENDING retries=0 client_lib=MANCHEGO_GCM-10400000}. Rescheduling immediate tasks can cause excessive battery drain.
12-13 23:13:01.369 I/NetworkScheduler.Stats( 1942): Task com.google.android.videos/ started execution. cause:7 exec_start_elapsed_seconds: 50 [CONTEXT service_id=218 ]
12-13 23:13:01.369 I/NetworkScheduler.Stats( 1942): Task com.google.android.gms/com.google.android.gms.pay.gcmtask.PayGcmTaskService started execution. cause:7 exec_start_elapsed_seconds: 50 [CONTEXT service_id=218 ]
12-13 23:13:01.370 I/NetworkScheduler.Stats( 1942): Task com.google.android.videos/ finished executing. cause:7 result: 1 elapsed_millis: 78 uptime_millis: 78 exec_start_elapsed_seconds: 50 [CONTEXT service_id=218 ]
12-13 23:13:01.371 I/NetworkScheduler.Stats( 1942): Task com.google.android.gms/com.google.android.gms.pay.gcmtask.PayGcmTaskService finished executing. cause:7 result: 1 elapsed_millis: 60 uptime_millis: 60 exec_start_elapsed_seconds: 50 [CONTEXT service_id=218 ]
12-13 23:13:01.434 I/NetworkScheduler.Stats( 1942): Task com.google.android.gms/com.google.android.gms.clearcut.uploader.QosUploaderService started execution. cause:5 exec_start_elapsed_seconds: 50 [CONTEXT service_id=218 ]
12-13 23:13:01.469 I/PlayMovies( 3853): RefreshLicenseTaskService.onRunTask:96 On run task refresh_license
12-13 23:13:01.469 I/PlayMovies( 3853): 
12-13 23:13:01.472 I/NetworkScheduler.Stats( 1942): Task com.google.android.videos/ started execution. cause:5 exec_start_elapsed_seconds: 50 [CONTEXT service_id=218 ]
12-13 23:13:01.482 I/NetworkScheduler.Stats( 1942): Task com.google.android.gms/com.google.android.gms.clearcut.uploader.QosUploaderService finished executing. cause:5 result: 1 elapsed_millis: 78 uptime_millis: 78 exec_start_elapsed_seconds: 50 [CONTEXT service_id=218 ]
12-13 23:13:01.491 I/NetworkScheduler.Stats( 1942): Task com.google.android.videos/ finished executing. cause:5 result: 1 elapsed_millis: 37 uptime_millis: 37 exec_start_elapsed_seconds: 50 [CONTEXT service_id=218 ]
12-13 23:13:01.588 I/NetworkScheduler.Stats( 1942): Task com.google.android.gms/com.google.android.gms.gass.chimera.SchedulePeriodicTasksService started execution. cause:5 exec_start_elapsed_seconds: 50 [CONTEXT service_id=218 ]
12-13 23:13:01.708 I/NetworkScheduler.Stats( 1942): Task com.google.android.gms/com.google.android.gms.pay.gcmtask.PayGcmTaskService started execution. cause:5 exec_start_elapsed_seconds: 51 [CONTEXT service_id=218 ]
12-13 23:13:01.717 I/Pay     ( 2111): Device does not support HCE. [CONTEXT service_id=198 ]
12-13 23:13:01.720 I/NetworkScheduler.Stats( 1942): Task com.google.android.gms/com.google.android.gms.gass.chimera.SchedulePeriodicTasksService finished executing. cause:5 result: 1 elapsed_millis: 197 uptime_millis: 197 exec_start_elapsed_seconds: 50 [CONTEXT service_id=218 ]
12-13 23:13:01.813 D/BoundBrokerSvc( 1942): onBind: Intent { act=com.google.android.gms.tapandpay.service.BIND cmp=com.google.android.gms/.chimera.PersistentApiService }
12-13 23:13:01.813 D/BoundBrokerSvc( 1942): Loading bound service for intent: Intent { act=com.google.android.gms.tapandpay.service.BIND cmp=com.google.android.gms/.chimera.PersistentApiService }
12-13 23:13:01.819 I/NetworkScheduler.Stats( 1942): Task com.google.android.gms/com.google.android.gms.pay.gcmtask.PayGcmTaskService started execution. cause:5 exec_start_elapsed_seconds: 51 [CONTEXT service_id=218 ]
12-13 23:13:01.843 W/ProviderHelper( 2111): Unknown dynamite feature providerinstaller.dynamite
12-13 23:13:01.843 I/DynamiteModule( 2111): Considering local module com.google.android.gms.providerinstaller.dynamite:1 and remote module com.google.android.gms.providerinstaller.dynamite:0
12-13 23:13:01.843 I/DynamiteModule( 2111): Selected local version of com.google.android.gms.providerinstaller.dynamite
12-13 23:13:01.846 W/Conscrypt( 2111): Could not set socket write timeout: java.net.SocketException: Socket closed
12-13 23:13:01.846 W/Conscrypt( 2111): 	at com.google.android.gms.org.conscrypt.Platform.setSocketWriteTimeout(:com.google.android.gms@204713022@20.47.13 (040700-344095733):2)
12-13 23:13:01.846 W/Conscrypt( 2111): 	at com.google.android.gms.org.conscrypt.ConscryptFileDescriptorSocket.setSoWriteTimeout(:com.google.android.gms@204713022@20.47.13 (040700-344095733):0)
12-13 23:13:01.849 I/NetworkScheduler.Stats( 1942): Task com.google.android.gms/com.google.android.gms.pay.gcmtask.PayGcmTaskService finished executing. cause:5 result: 2 elapsed_millis: 182 uptime_millis: 182 exec_start_elapsed_seconds: 51 [CONTEXT service_id=218 ]
12-13 23:13:01.905 D/        ( 3654): HostConnection::get() New Host Connection established 0xa863db40, tid 3730
12-13 23:13:01.923 D/EGL_emulation( 3654): eglCreateContext: 0xa8632f40: maj 3 min 0 rcv 3
12-13 23:13:01.928 D/EGL_emulation( 3654): eglMakeCurrent: 0xa8632f40: ver 3 0 (tinfo 0xa860b3d0)
12-13 23:13:01.929 E/eglCodecCommon( 3654): glUtilsParamSize: unknow param 0x00008cdf
12-13 23:13:01.929 E/eglCodecCommon( 3654): glUtilsParamSize: unknow param 0x00008cdf
12-13 23:13:01.929 E/eglCodecCommon( 3654): glUtilsParamSize: unknow param 0x00008824
12-13 23:13:01.929 E/eglCodecCommon( 3654): glUtilsParamSize: unknow param 0x00008824
12-13 23:13:01.959 W/Conscrypt( 2111): Could not set socket write timeout: java.net.SocketException: Socket closed
12-13 23:13:01.960 W/Conscrypt( 2111): 	at com.google.android.gms.org.conscrypt.Platform.setSocketWriteTimeout(:com.google.android.gms@204713022@20.47.13 (040700-344095733):2)
12-13 23:13:01.960 W/Conscrypt( 2111): 	at com.google.android.gms.org.conscrypt.ConscryptFileDescriptorSocket.setSoWriteTimeout(:com.google.android.gms@204713022@20.47.13 (040700-344095733):0)
12-13 23:13:01.989 D/EGL_emulation( 3654): eglCreateContext: 0x9c5ed180: maj 3 min 0 rcv 3
12-13 23:13:01.995 D/EGL_emulation( 3654): eglMakeCurrent: 0x9c5ed180: ver 3 0 (tinfo 0xa860b3d0)
12-13 23:13:01.995 E/eglCodecCommon( 3654): glUtilsParamSize: unknow param 0x00008cdf
12-13 23:13:01.995 E/eglCodecCommon( 3654): glUtilsParamSize: unknow param 0x00008cdf
12-13 23:13:01.995 E/eglCodecCommon( 3654): glUtilsParamSize: unknow param 0x00008824
12-13 23:13:01.995 E/eglCodecCommon( 3654): glUtilsParamSize: unknow param 0x00008824
12-13 23:13:02.017 I/NetworkScheduler.Stats( 1942): Task com.google.android.gms/com.google.android.gms.pay.gcmtask.PayGcmTaskService started execution. cause:5 exec_start_elapsed_seconds: 51 [CONTEXT service_id=218 ]
12-13 23:13:02.024 D/BoundBrokerSvc( 2111): onBind: Intent { act=com.google.android.gms.pay.service.BIND cmp=com.google.android.gms/.chimera.GmsApiService }
12-13 23:13:02.024 D/BoundBrokerSvc( 2111): Loading bound service for intent: Intent { act=com.google.android.gms.pay.service.BIND cmp=com.google.android.gms/.chimera.GmsApiService }
12-13 23:13:02.027 I/Pay     ( 2111): Migration flag not enabled. [CONTEXT service_id=198 ]
12-13 23:13:02.039 I/jgl     ( 2111): Primes not initialized, returning default (no-op) Primes instance which will ignore all calls. Please call Primes.initialize(...) before using any Primes API.
12-13 23:13:02.055 I/NetworkScheduler.Stats( 1942): Task com.google.android.gms/com.google.android.gms.pay.gcmtask.PayGcmTaskService finished executing. cause:5 result: 1 elapsed_millis: 267 uptime_millis: 267 exec_start_elapsed_seconds: 51 [CONTEXT service_id=218 ]
12-13 23:13:02.078 D/AndroidRuntime( 3904): >>>>>> START com.android.internal.os.RuntimeInit uid 2000 <<<<<<
12-13 23:13:02.128 W/app_process( 3904): Unexpected CPU variant for X86 using defaults: x86
12-13 23:13:02.145 D/AndroidRuntime( 3904): Calling main entry com.android.commands.am.Am
12-13 23:13:02.146 I/ActivityManager( 1628): Force stopping com.evancharlton.mileage appid=10152 user=0: start instr
12-13 23:13:02.146 I/ActivityManager( 1628): Killing 3725:com.evancharlton.mileage/u0a152 (adj 0): stop com.evancharlton.mileage
12-13 23:13:02.147 W/ActivityManager( 1628): Crash of app com.evancharlton.mileage running instrumentation ComponentInfo{com.evancharlton.mileage.test/sh.calaba.instrumentationbackend.ClearAppData2}
12-13 23:13:02.147 I/ActivityManager( 1628): Force stopping com.evancharlton.mileage appid=10152 user=0: finished inst
12-13 23:13:02.152 I/zygote  ( 3916): Not late-enabling -Xcheck:jni (already on)
12-13 23:13:02.160 I/ActivityManager( 1628): Start proc 3916:com.evancharlton.mileage/u0a152 for added application com.evancharlton.mileage
12-13 23:13:02.160 W/zygote  ( 3916): Unexpected CPU variant for X86 using defaults: x86
12-13 23:13:02.170 D/AndroidRuntime( 3904): Shutting down VM
12-13 23:13:02.206 W/zygote  ( 3916): Found duplicate classes, falling back to extracting from APK : /data/app/com.evancharlton.mileage.test-l49qxAF0YlG0sfbdyr36fw==/base.apk
12-13 23:13:02.206 W/zygote  ( 3916): NOTE: This wastes RAM and hurts startup performance.
12-13 23:13:02.206 W/zygote  ( 3916): Found duplicated class when checking oat files: 'Ljunit/runner/BaseTestRunner;' in /data/app/com.evancharlton.mileage.test-l49qxAF0YlG0sfbdyr36fw==/base.apk and /system/framework/android.test.runner.jar
12-13 23:13:02.206 W/zygote  ( 3916): 
12-13 23:13:02.214 E/adbd    ( 1382): failed to connect to socket 'tcp:7102': Connection refused
12-13 23:13:02.226 I/Pay     ( 2111): Migration already completed. [CONTEXT service_id=198 ]
12-13 23:13:02.227 E/adbd    ( 1382): failed to connect to socket 'tcp:7102': Connection refused
12-13 23:13:02.254 W/System  ( 3916): ClassLoader referenced unknown path: 
12-13 23:13:02.260 I/NetworkScheduler.Stats( 1942): Task com.google.android.gms/com.google.android.gms.pay.gcmtask.PayGcmTaskService started execution. cause:5 exec_start_elapsed_seconds: 51 [CONTEXT service_id=218 ]
12-13 23:13:02.265 W/SystemServiceRegistry( 3654): No service published for: persistent_data_block
12-13 23:13:02.271 I/System.out( 3916): Main activity name automatically set to: com.evancharlton.mileage.Mileage
12-13 23:13:02.271 I/System.out( 3916): Calabash did not load Mono. This is only a problem if you are trying to test a Mono application
12-13 23:13:02.271 I/calabash( 3916): Test server port: 7102
12-13 23:13:02.272 I/InstrumentationBackend( 3916): Added:'GetPreferences', with key:'get_preferences'
12-13 23:13:02.282 I/Pay     ( 2111): Migration already completed. [CONTEXT service_id=198 ]
12-13 23:13:02.291 V/LifecycleAwareServiceBi( 2491): notify unbound
12-13 23:13:02.291 V/LifecycleAwareServiceBi( 2491): com.google.common.flogger.LogSiteStackTrace: MEDIUM
12-13 23:13:02.291 V/LifecycleAwareServiceBi( 2491): 	at com.google.frameworks.client.data.android.binder.LifecycleAwareServiceBinding.h(PG:1)
12-13 23:13:02.291 V/LifecycleAwareServiceBi( 2491): 	at axqg.run(Unknown Source:4)
12-13 23:13:02.291 V/LifecycleAwareServiceBi( 2491): 	at android.os.Handler.handleCallback(Handler.java:789)
12-13 23:13:02.291 V/LifecycleAwareServiceBi( 2491): 	at android.os.Handler.dispatchMessage(Handler.java:98)
12-13 23:13:02.291 V/LifecycleAwareServiceBi( 2491): 	at android.os.Looper.loop(Looper.java:164)
12-13 23:13:02.291 V/LifecycleAwareServiceBi( 2491): 	at android.app.ActivityThread.main(ActivityThread.java:6541)
12-13 23:13:02.291 V/LifecycleAwareServiceBi( 2491): 	at java.lang.reflect.Method.invoke(Native Method)
12-13 23:13:02.291 V/LifecycleAwareServiceBi( 2491): 	at com.android.internal.os.Zygote$MethodAndArgsCaller.run(Zygote.java:240)
12-13 23:13:02.291 V/LifecycleAwareServiceBi( 2491): 	at com.android.internal.os.ZygoteInit.main(ZygoteInit.java:767)
12-13 23:13:02.291 V/LifecycleAwareServiceBi( 2491): notify unbound - notifying
12-13 23:13:02.293 I/Finsky:download_service( 2776): [2] sxn.onDestroy(8): IPC-SERVER: Stopping gRPC host service...
12-13 23:13:02.315 I/Pay     ( 2111): Migration already completed. [CONTEXT service_id=198 ]
12-13 23:13:02.315 I/Pay     ( 2111): Migration flag not enabled. [CONTEXT service_id=198 ]
12-13 23:13:02.318 I/NetworkScheduler.Stats( 1942): Task com.google.android.gms/com.google.android.gms.pay.gcmtask.PayGcmTaskService finished executing. cause:5 result: 1 elapsed_millis: 119 uptime_millis: 119 exec_start_elapsed_seconds: 51 [CONTEXT service_id=218 ]
12-13 23:13:02.331 I/Pay     ( 2111): Migration already completed. [CONTEXT service_id=198 ]
12-13 23:13:02.331 I/Pay     ( 2111): Migration flag not enabled. [CONTEXT service_id=198 ]
12-13 23:13:02.337 I/Checkin ( 2111): [CheckinRequestProcessor] updateCheckinIdTokenFileFromResponse, Reading existing AID
12-13 23:13:02.357 I/InstrumentationBackend( 3916): Added:'SetPreferences', with key:'set_preferences'
12-13 23:13:02.357 I/InstrumentationBackend( 3916): Added:'ClearPreferences', with key:'clear_preferences'
12-13 23:13:02.358 I/InstrumentationBackend( 3916): Added:'PressElement', with key:'press_l10n_element'
12-13 23:13:02.358 I/InstrumentationBackend( 3916): Added:'WaitForElement', with key:'wait_for_l10n_element'
12-13 23:13:02.359 I/InstrumentationBackend( 3916): Added:'NullAction', with key:'nullAction'
12-13 23:13:02.359 I/InstrumentationBackend( 3916): Added:'PressKey', with key:'press_key'
12-13 23:13:02.360 I/InstrumentationBackend( 3916): Added:'SetActivityOrientation', with key:'set_activity_orientation'
12-13 23:13:02.360 I/InstrumentationBackend( 3916): Added:'GetActivityOrientation', with key:'get_activity_orientation'
12-13 23:13:02.360 I/InstrumentationBackend( 3916): Added:'FakeGPSLocation', with key:'set_gps_coordinates'
12-13 23:13:02.360 I/InstrumentationBackend( 3916): Added:'SetPropertyByCssSelector', with key:'set_property_by_css_selector'
12-13 23:13:02.361 I/InstrumentationBackend( 3916): Added:'GetUrl', with key:'get_url'
12-13 23:13:02.364 E/adbd    ( 1382): failed to connect to socket 'tcp:7102': Connection refused
12-13 23:13:02.329 W/Binder:3654_3( 3654): type=1400 audit(0.0:20): avc: denied { read } for name="modules" dev="proc" ino=4026532034 scontext=u:r:priv_app:s0:c512,c768 tcontext=u:object_r:proc_modules:s0 tclass=file permissive=0
12-13 23:13:02.375 I/InstrumentationBackend( 3916): Added:'ScrollTo', with key:'scroll_to'
12-13 23:13:02.375 I/InstrumentationBackend( 3916): Added:'GetLoadProgress', with key:'get_load_progress'
12-13 23:13:02.376 I/InstrumentationBackend( 3916): Added:'DumpHtml', with key:'dump_html'
12-13 23:13:02.376 E/adbd    ( 1382): failed to connect to socket 'tcp:7102': Connection refused
12-13 23:13:02.376 I/InstrumentationBackend( 3916): Added:'DumpBodyHtml', with key:'dump_body_html'
12-13 23:13:02.376 I/InstrumentationBackend( 3916): Added:'EnterTextByCssSelector', with key:'enter_text_by_selector'
12-13 23:13:02.381 I/Checkin ( 2111): [CheckinRequestProcessor] Default Task : Checkin Succeeded: https://android.googleapis.com/checkin (fragment #1).
12-13 23:13:02.384 I/InstrumentationBackend( 3916): Added:'AndroidSDKVersion', with key:'android_sdk_version'
12-13 23:13:02.384 I/InstrumentationBackend( 3916): Added:'Version', with key:'version'
12-13 23:13:02.385 I/InstrumentationBackend( 3916): Added:'Drag', with key:'drag'
12-13 23:13:02.385 I/InstrumentationBackend( 3916): Added:'TouchCoordinates', with key:'touch_coordinate'
12-13 23:13:02.385 I/InstrumentationBackend( 3916): Added:'LongPressCoordinate', with key:'long_press_coordinate'
12-13 23:13:02.385 I/InstrumentationBackend( 3916): Added:'DragCoordinates', with key:'drag_coordinates'
12-13 23:13:02.386 I/InstrumentationBackend( 3916): Added:'ResumeApplication', with key:'resume_application'
12-13 23:13:02.386 I/InstrumentationBackend( 3916): Added:'Swipe', with key:'swipe'
12-13 23:13:02.386 I/InstrumentationBackend( 3916): Added:'DoubleTapCoordinate', with key:'double_tap_coordinate'
12-13 23:13:02.387 I/InstrumentationBackend( 3916): Added:'ClickOnScreen', with key:'click_on_screen'
12-13 23:13:02.387 I/InstrumentationBackend( 3916): Added:'GetActivityName', with key:'get_activity_name'
12-13 23:13:02.388 I/InstrumentationBackend( 3916): Added:'ScrollToView', with key:'scroll_to_view'
12-13 23:13:02.390 I/InstrumentationBackend( 3916): Added:'ViewConfiguration', with key:'view_configuration'
12-13 23:13:02.391 I/InstrumentationBackend( 3916): Added:'IsCurrentActivityFocused', with key:'is_current_activity_focused'
12-13 23:13:02.391 I/InstrumentationBackend( 3916): Added:'SendTcp', with key:'send_tcp'
12-13 23:13:02.391 I/InstrumentationBackend( 3916): Added:'DpToDevicePixel', with key:'dp_to_device_pixel'
12-13 23:13:02.394 I/InstrumentationBackend( 3916): Added:'KeyboardEnterText', with key:'keyboard_enter_text'
12-13 23:13:02.394 I/InstrumentationBackend( 3916): Added:'DeleteSurroundingText', with key:'delete_surrounding_text'
12-13 23:13:02.395 I/InstrumentationBackend( 3916): Added:'SetComposingRegion', with key:'set_composing_region'
12-13 23:13:02.395 I/InstrumentationBackend( 3916): Added:'SetSelection', with key:'set_selection'
12-13 23:13:02.396 W/BroadcastQueue( 1628): Permission Denial: broadcasting Intent { act=com.google.android.checkin.CHECKIN_COMPLETE flg=0x1000010 (has extras) } from com.google.android.gms (pid=2111, uid=10011) is not exported from uid 10023 due to receiver com.android.vending/com.google.android.finsky.checkin.CheckinReceiver
12-13 23:13:02.399 I/InstrumentationBackend( 3916): Added:'KeyboardKeyEvent', with key:'keyboard_key_event'
12-13 23:13:02.401 I/InstrumentationBackend( 3916): Added:'PressUserActionButton', with key:'press_user_action_button'
12-13 23:13:02.402 I/InstrumentationBackend( 3916): Added:'HideSoftKeyboard', with key:'hide_soft_keyboard'
12-13 23:13:02.407 I/InstrumentationBackend( 3916): Added:'ListActions', with key:'list_actions'
12-13 23:13:02.407 I/calabash( 3916): Instantiating http server at 7102
12-13 23:13:02.410 I/System.out( 3916): HTTP Daemon listening on: 7102
12-13 23:13:02.412 I/Checkin ( 2111): [CheckinOperation] Checkin Operation finished with result: 0 finish time: 51805.
12-13 23:13:02.453 W/Conscrypt( 2111): Could not set socket write timeout: java.net.SocketException: Socket closed
12-13 23:13:02.454 W/Conscrypt( 2111): 	at com.google.android.gms.org.conscrypt.Platform.setSocketWriteTimeout(:com.google.android.gms@204713022@20.47.13 (040700-344095733):2)
12-13 23:13:02.454 W/Conscrypt( 2111): 	at com.google.android.gms.org.conscrypt.ConscryptFileDescriptorSocket.setSoWriteTimeout(:com.google.android.gms@204713022@20.47.13 (040700-344095733):0)
12-13 23:13:02.477 I/NetworkScheduler.Stats( 1942): Task com.google.android.gms/com.google.android.gms.pay.gcmtask.PayGcmTaskService started execution. cause:5 exec_start_elapsed_seconds: 51 [CONTEXT service_id=218 ]
12-13 23:13:02.486 E/Pay     ( 2111): No account found on the task or the device. Notification task will not be rescheduled. [CONTEXT service_id=198 ]
12-13 23:13:02.490 I/System.out( 3916): URI: //ping
12-13 23:13:02.491 I/System.out( 3916): params: {json={}
12-13 23:13:02.491 I/System.out( 3916): }
12-13 23:13:02.496 I/NetworkScheduler.Stats( 1942): Task com.google.android.gms/com.google.android.gms.pay.gcmtask.PayGcmTaskService finished executing. cause:5 result: 1 elapsed_millis: 537 uptime_millis: 537 exec_start_elapsed_seconds: 51 [CONTEXT service_id=218 ]
12-13 23:13:02.499 I/NetworkScheduler.Stats( 1942): Task com.google.android.gms/com.google.android.gms.pay.gcmtask.PayGcmTaskService finished executing. cause:5 result: 2 elapsed_millis: 82 uptime_millis: 82 exec_start_elapsed_seconds: 51 [CONTEXT service_id=218 ]
12-13 23:13:02.508 I/System.out( 3916): URI: //ping
12-13 23:13:02.508 I/System.out( 3916): params: {json={}
12-13 23:13:02.508 I/System.out( 3916): }
12-13 23:13:02.515 I/System.out( 3916): URI: //ready
12-13 23:13:02.515 I/System.out( 3916): params: {json={}
12-13 23:13:02.515 I/System.out( 3916): }
12-13 23:13:02.534 I/System.out( 3916): URI: //
12-13 23:13:02.534 I/System.out( 3916): params: {json={"command":"version","arguments":[]}
12-13 23:13:02.534 I/System.out( 3916): }
12-13 23:13:02.534 I/System.out( 3916): header: {content-type=application/json;charset=utf-8, date=Mon, 14 Dec 2020 04:13:02 GMT, accept=*/*, host=127.0.0.1:34777, content-length=36, user-agent=HTTPClient/1.0 (2.8.3, ruby 2.5.8 (2020-03-31))}
12-13 23:13:02.534 I/System.out( 3916): params: {json={"command":"version","arguments":[]}
12-13 23:13:02.534 I/System.out( 3916): }
12-13 23:13:02.535 I/System.out( 3916): ProP json = {"command":"version","arguments":[]}
12-13 23:13:02.535 I/System.out( 3916): files: {}
12-13 23:13:02.535 I/System.out( 3916): command: {"command":"version","arguments":[]}
12-13 23:13:02.536 W/Conscrypt( 2111): Could not set socket write timeout: java.net.SocketException: Socket closed
12-13 23:13:02.536 W/Conscrypt( 2111): 	at com.google.android.gms.org.conscrypt.Platform.setSocketWriteTimeout(:com.google.android.gms@204713022@20.47.13 (040700-344095733):2)
12-13 23:13:02.536 W/Conscrypt( 2111): 	at com.google.android.gms.org.conscrypt.ConscryptFileDescriptorSocket.setSoWriteTimeout(:com.google.android.gms@204713022@20.47.13 (040700-344095733):0)
12-13 23:13:02.591 I/InstrumentationBackend( 3916): Got command:'Command:'Line:null,version', arguments:'[]'
12-13 23:13:02.620 I/NetworkScheduler.Stats( 1942): Task com.google.android.gms/com.google.android.gms.tapandpay.gcmtask.TapAndPayGcmTaskService started execution. cause:5 exec_start_elapsed_seconds: 51 [CONTEXT service_id=218 ]
12-13 23:13:02.646 I/System.out( 3916): result:{"bonusInformation":[],"message":"0.9.8","success":true}
12-13 23:13:02.660 I/System.out( 3916): URI: //start-application
12-13 23:13:02.661 I/System.out( 3916): params: {json={"intent":null}
12-13 23:13:02.661 I/System.out( 3916): }
12-13 23:13:02.688 I/NetworkScheduler.Stats( 1942): Task com.google.android.gms/com.google.android.gms.tapandpay.gcmtask.TapAndPayGcmTaskService started execution. cause:5 exec_start_elapsed_seconds: 52 [CONTEXT service_id=218 ]
12-13 23:13:02.712 I/NetworkScheduler.Stats( 1942): Task com.google.android.gms/com.google.android.gms.tapandpay.gcmtask.TapAndPayGcmTaskService finished executing. cause:5 result: 1 elapsed_millis: 139 uptime_millis: 139 exec_start_elapsed_seconds: 51 [CONTEXT service_id=218 ]
12-13 23:13:02.717 I/NetworkScheduler.Stats( 1942): Task com.google.android.gms/com.google.android.gms.tapandpay.gcmtask.TapAndPayGcmTaskService finished executing. cause:5 result: 1 elapsed_millis: 50 uptime_millis: 50 exec_start_elapsed_seconds: 52 [CONTEXT service_id=218 ]
12-13 23:13:02.737 I/ActivityManager( 1628): START u0 {act=android.intent.action.MAIN cat=[android.intent.category.LAUNCHER] flg=0x10200000 cmp=com.evancharlton.mileage/.Mileage} from uid 10152
12-13 23:13:02.753 I/calabash( 3916): newActivity1
12-13 23:13:02.770 D/gralloc_ranchu( 1395): gralloc_alloc: Creating ashmem region of size 7753728
12-13 23:13:02.801 W/ActivityManager( 1628): Bad activity token: android.os.BinderProxy@13544cd
12-13 23:13:02.801 W/ActivityManager( 1628): java.lang.ClassCastException: android.os.BinderProxy cannot be cast to com.android.server.am.ActivityRecord$Token
12-13 23:13:02.801 W/ActivityManager( 1628): 	at com.android.server.am.ActivityRecord.forTokenLocked(ActivityRecord.java:778)
12-13 23:13:02.801 W/ActivityManager( 1628): 	at com.android.server.am.ActivityRecord.isInStackLocked(ActivityRecord.java:2085)
12-13 23:13:02.801 W/ActivityManager( 1628): 	at com.android.server.am.ActivityRecord.getStackLocked(ActivityRecord.java:2090)
12-13 23:13:02.801 W/ActivityManager( 1628): 	at com.android.server.am.ActivityManagerService.getActivityDisplayId(ActivityManagerService.java:10406)
12-13 23:13:02.801 W/ActivityManager( 1628): 	at android.app.IActivityManager$Stub.onTransact(IActivityManager.java:2738)
12-13 23:13:02.801 W/ActivityManager( 1628): 	at com.android.server.am.ActivityManagerService.onTransact(ActivityManagerService.java:2935)
12-13 23:13:02.801 W/ActivityManager( 1628): 	at android.os.Binder.execTransact(Binder.java:674)
12-13 23:13:02.802 I/calabash( 3916): newActivity1
12-13 23:13:02.807 W/ActivityManager( 1628): Bad activity token: android.os.BinderProxy@13544cd
12-13 23:13:02.807 W/ActivityManager( 1628): java.lang.ClassCastException: android.os.BinderProxy cannot be cast to com.android.server.am.ActivityRecord$Token
12-13 23:13:02.807 W/ActivityManager( 1628): 	at com.android.server.am.ActivityRecord.forTokenLocked(ActivityRecord.java:778)
12-13 23:13:02.807 W/ActivityManager( 1628): 	at com.android.server.am.ActivityRecord.isInStackLocked(ActivityRecord.java:2085)
12-13 23:13:02.807 W/ActivityManager( 1628): 	at com.android.server.am.ActivityManagerService.setTaskDescription(ActivityManagerService.java:9988)
12-13 23:13:02.807 W/ActivityManager( 1628): 	at android.app.IActivityManager$Stub.onTransact(IActivityManager.java:2824)
12-13 23:13:02.807 W/ActivityManager( 1628): 	at com.android.server.am.ActivityManagerService.onTransact(ActivityManagerService.java:2935)
12-13 23:13:02.807 W/ActivityManager( 1628): 	at android.os.Binder.execTransact(Binder.java:674)
12-13 23:13:02.809 W/ActivityManager( 1628): Bad activity token: android.os.BinderProxy@13544cd
12-13 23:13:02.809 W/ActivityManager( 1628): java.lang.ClassCastException: android.os.BinderProxy cannot be cast to com.android.server.am.ActivityRecord$Token
12-13 23:13:02.809 W/ActivityManager( 1628): 	at com.android.server.am.ActivityRecord.forTokenLocked(ActivityRecord.java:778)
12-13 23:13:02.809 W/ActivityManager( 1628): 	at com.android.server.am.ActivityRecord.isInStackLocked(ActivityRecord.java:2085)
12-13 23:13:02.809 W/ActivityManager( 1628): 	at com.android.server.am.ActivityRecord.getStackLocked(ActivityRecord.java:2090)
12-13 23:13:02.809 W/ActivityManager( 1628): 	at com.android.server.am.ActivityManagerService.getActivityStackId(ActivityManagerService.java:10417)
12-13 23:13:02.809 W/ActivityManager( 1628): 	at android.app.IActivityManager$Stub.onTransact(IActivityManager.java:3548)
12-13 23:13:02.809 W/ActivityManager( 1628): 	at com.android.server.am.ActivityManagerService.onTransact(ActivityManagerService.java:2935)
12-13 23:13:02.809 W/ActivityManager( 1628): 	at android.os.Binder.execTransact(Binder.java:674)
12-13 23:13:02.842 D/EGL_emulation( 2214): eglMakeCurrent: 0x9c847ec0: ver 3 0 (tinfo 0xa86ecf90)
12-13 23:13:02.842 D/EGL_emulation( 2179): eglMakeCurrent: 0x9c846d80: ver 3 0 (tinfo 0x9c9ff910)
12-13 23:13:02.864 W/asset   ( 1726): Asset path /data/app/com.evancharlton.mileage-LknTqvF2cotE6NIevu3sOQ==/base.apk is neither a directory nor file (type=1).
12-13 23:13:02.864 E/ResourcesManager( 1726): failed to add asset path /data/app/com.evancharlton.mileage-LknTqvF2cotE6NIevu3sOQ==/base.apk
12-13 23:13:02.865 W/PackageManager( 1726): Failure retrieving resources for com.evancharlton.mileage
12-13 23:13:02.865 W/asset   ( 1726): Asset path /data/app/com.evancharlton.mileage-LknTqvF2cotE6NIevu3sOQ==/base.apk is neither a directory nor file (type=1).
12-13 23:13:02.865 E/ResourcesManager( 1726): failed to add asset path /data/app/com.evancharlton.mileage-LknTqvF2cotE6NIevu3sOQ==/base.apk
12-13 23:13:02.865 W/PackageManager( 1726): Failure retrieving resources for com.evancharlton.mileage
12-13 23:13:02.865 W/asset   ( 1726): Asset path /data/app/com.evancharlton.mileage-LknTqvF2cotE6NIevu3sOQ==/base.apk is neither a directory nor file (type=1).
12-13 23:13:02.865 E/ResourcesManager( 1726): failed to add asset path /data/app/com.evancharlton.mileage-LknTqvF2cotE6NIevu3sOQ==/base.apk
12-13 23:13:02.865 W/PackageManager( 1726): Failure retrieving resources for com.evancharlton.mileage
12-13 23:13:02.868 E/ContentStoreEUAS( 2214): Failed to commit the deferred actions
