--------- beginning of main
12-13 23:13:43.484 E/adbd    ( 1382): failed to connect to socket 'tcp:7102': Connection refused
12-13 23:13:43.537 V/StatusBar( 1726): setLightsOn(true)
--------- beginning of system
12-13 23:13:43.551 W/ActivityManager( 1628): Finishing task with all activities already finished
12-13 23:13:43.551 W/ActivityManager( 1628): Duplicate finish request for ActivityRecord{3a477fc u0 com.evancharlton.mileage/.Mileage t33 f}
12-13 23:13:43.554 W/ActivityManager( 1628): Finishing task with all activities already finished
12-13 23:13:43.554 W/ActivityManager( 1628): Duplicate finish request for ActivityRecord{3a477fc u0 com.evancharlton.mileage/.Mileage t33 f}
12-13 23:13:43.555 W/ActivityManager( 1628): Finishing task with all activities already finished
12-13 23:13:43.555 W/ActivityManager( 1628): Duplicate finish request for ActivityRecord{3a477fc u0 com.evancharlton.mileage/.Mileage t33 f}
12-13 23:13:43.555 I/chatty  ( 1726): uid=10028(u0_a28) com.android.systemui identical 2 lines
12-13 23:13:43.558 W/ActivityManager( 1628): Finishing task with all activities already finished
12-13 23:13:43.558 W/ActivityManager( 1628): Duplicate finish request for ActivityRecord{3a477fc u0 com.evancharlton.mileage/.Mileage t33 f}
12-13 23:13:43.569 V/StatusBar( 1726): setLightsOn(true)
12-13 23:13:43.570 W/ActivityManager( 1628): Finishing task with all activities already finished
12-13 23:13:43.570 W/ActivityManager( 1628): Duplicate finish request for ActivityRecord{3a477fc u0 com.evancharlton.mileage/.Mileage t33 f}
12-13 23:13:43.572 W/ActivityManager( 1628): Finishing task with all activities already finished
12-13 23:13:43.572 W/ActivityManager( 1628): Duplicate finish request for ActivityRecord{3a477fc u0 com.evancharlton.mileage/.Mileage t33 f}
12-13 23:13:43.574 D/SurfaceFlinger( 1416): duplicate layer name: changing com.google.android.apps.nexuslauncher/com.google.android.apps.nexuslauncher.NexusLauncherActivity to com.google.android.apps.nexuslauncher/com.google.android.apps.nexuslauncher.NexusLauncherActivity#1
12-13 23:13:43.575 D/gralloc_ranchu( 1395): gralloc_alloc: Creating ashmem region of size 8298496
12-13 23:13:43.579 W/ActivityManager( 1628): Finishing task with all activities already finished
12-13 23:13:43.579 W/ActivityManager( 1628): Duplicate finish request for ActivityRecord{3a477fc u0 com.evancharlton.mileage/.Mileage t33 f}
12-13 23:13:43.582 W/ActivityManager( 1628): Finishing task with all activities already finished
12-13 23:13:43.582 W/ActivityManager( 1628): Duplicate finish request for ActivityRecord{3a477fc u0 com.evancharlton.mileage/.Mileage t33 f}
12-13 23:13:43.588 W/ActivityManager( 1628): Finishing task with all activities already finished
12-13 23:13:43.588 W/ActivityManager( 1628): Duplicate finish request for ActivityRecord{3a477fc u0 com.evancharlton.mileage/.Mileage t33 f}
12-13 23:13:43.589 W/ActivityManager( 1628): Finishing task with all activities already finished
12-13 23:13:43.589 W/ActivityManager( 1628): Duplicate finish request for ActivityRecord{3a477fc u0 com.evancharlton.mileage/.Mileage t33 f}
12-13 23:13:43.590 W/ActivityManager( 1628): Finishing task with all activities already finished
12-13 23:13:43.590 W/ActivityManager( 1628): Duplicate finish request for ActivityRecord{3a477fc u0 com.evancharlton.mileage/.Mileage t33 f}
12-13 23:13:43.595 D/EGL_emulation( 1726): eglMakeCurrent: 0x9aa2d0a0: ver 3 0 (tinfo 0x9aa7fb60)
12-13 23:13:43.600 D/gralloc_ranchu( 1395): gralloc_alloc: Creating ashmem region of size 8298496
12-13 23:13:43.629 I/chatty  ( 1395): uid=1000(system) allocator@2.0-s identical 1 line
12-13 23:13:43.700 D/gralloc_ranchu( 1395): gralloc_alloc: Creating ashmem region of size 8298496
12-13 23:13:43.708 W/audio_hw_generic( 1389): Not supplying enough data to HAL, expected position 838186 , only wrote 597600
12-13 23:13:43.773 D/gralloc_ranchu( 1395): gralloc_alloc: Creating ashmem region of size 8298496
12-13 23:13:43.845 D/gralloc_ranchu( 1395): gralloc_alloc: Creating ashmem region of size 8298496
12-13 23:13:43.845 E/IPCThreadState( 1416): binder thread pool (4 threads) starved for 261 ms
12-13 23:13:43.927 I/chatty  ( 1395): uid=1000(system) allocator@2.0-s expire 1 line
12-13 23:13:43.995 D/gralloc_ranchu( 1395): gralloc_alloc: Creating ashmem region of size 8298496
12-13 23:13:44.084 D/EGL_emulation( 2214): eglMakeCurrent: 0x9c847ec0: ver 3 0 (tinfo 0xa86ecf90)
12-13 23:13:44.108 D/EGL_emulation( 2179): eglMakeCurrent: 0x9c846d80: ver 3 0 (tinfo 0x9c9ff910)
12-13 23:13:44.109 D/gralloc_ranchu( 1395): gralloc_alloc: Creating ashmem region of size 8298496
12-13 23:13:44.180 D/gralloc_ranchu( 1395): gralloc_alloc: Creating ashmem region of size 8298496
12-13 23:13:44.240 E/memtrack( 1628): Couldn't load memtrack module
12-13 23:13:44.240 W/android.os.Debug( 1628): failed to get memory consumption info: -1
12-13 23:13:44.289 D/gralloc_ranchu( 1395): gralloc_alloc: Creating ashmem region of size 7753728
12-13 23:13:44.312 W/SessionLifecycleManager( 2214): Handover failed. Creating new session controller.
12-13 23:13:44.315 W/ActivityManager( 1628): Unable to start service Intent { act=com.google.android.gms.speech.service.START pkg=com.google.android.gms } U=0: not found
12-13 23:13:44.315 E/memtrack( 1628): Couldn't load memtrack module
12-13 23:13:44.315 W/android.os.Debug( 1628): failed to get memory consumption info: -1
12-13 23:13:44.328 W/ActivityManager( 1628): Unbind failed: could not find connection for android.os.BinderProxy@6a00f4e
12-13 23:13:44.328 E/GmsClient( 2214): unable to connect to service: com.google.android.gms.speech.service.START on com.google.android.gms
12-13 23:13:44.337 I/OptInState( 2214): There is a new client and it does not support opt-in. Dropping request.
12-13 23:13:44.366 D/EGL_emulation( 1726): eglMakeCurrent: 0x9aa2d0a0: ver 3 0 (tinfo 0x9aa7fb60)
12-13 23:13:44.420 I/MicroDetectionWorker( 2214): #updateMicroDetector [detectionMode: [mDetectionMode: [1]]]
12-13 23:13:44.421 I/MicroDetectionWorker( 2214): #startMicroDetector [speakerMode: 0]
12-13 23:13:44.421 I/AudioController( 2214): Using mInputStreamFactoryBuilder
12-13 23:13:44.432 D/EGL_emulation( 1726): eglMakeCurrent: 0x9aa2d0a0: ver 3 0 (tinfo 0x9aa7fb60)
12-13 23:13:44.436 I/MicroRecognitionRunner( 2214): Starting detection.
12-13 23:13:44.444 D/EGL_emulation( 1726): eglMakeCurrent: 0x9aa2d0a0: ver 3 0 (tinfo 0x9aa7fb60)
12-13 23:13:44.444 I/MicroDetectionWorker( 2214): onReady
12-13 23:13:44.453 D/EGL_emulation( 1726): eglMakeCurrent: 0x9aa2d0a0: ver 3 0 (tinfo 0x9aa7fb60)
12-13 23:13:44.460 I/MicrophoneInputStream( 2214): mic_starting com.google.android.apps.gsa.staticplugins.aa.c@7e1ad71
12-13 23:13:44.465 D/EGL_emulation( 1726): eglMakeCurrent: 0x9aa2d0a0: ver 3 0 (tinfo 0x9aa7fb60)
12-13 23:13:44.467 W/OpenGLRenderer( 2179): Incorrectly called buildLayer on View: ShortcutAndWidgetContainer, destroying layer...
12-13 23:13:44.474 D/gralloc_ranchu( 1395): gralloc_alloc: Creating ashmem region of size 8298496
12-13 23:13:44.483 I/AudioFlinger( 1474): AudioFlinger's thread 0xae503340 tid=4527 ready to run
12-13 23:13:44.485 I/MicrophoneInputStream( 2214): mic_started com.google.android.apps.gsa.staticplugins.aa.c@7e1ad71
12-13 23:13:44.492 E/ActivityThread( 2214): Failed to find provider info for com.google.android.apps.gsa.testing.ui.audio.recorded
12-13 23:13:44.493 I/MicroDetectionWorker( 2214): onReady
12-13 23:13:44.500 W/SpeechLevelGenerator( 2214): Really low audio levels detected. The audio input may have issues.
12-13 23:13:44.512 I/MicrophoneInputStream( 2214): mic_close com.google.android.apps.gsa.staticplugins.aa.c@7e1ad71
12-13 23:13:44.519 I/MicroRecognitionRunner( 2214): Detection finished
12-13 23:13:44.519 W/ErrorReporter( 2214): reportError [type: 211, code: 524300]: Error reading from input stream
12-13 23:13:44.520 I/MicroRecognitionRunner( 2214): Stopping hotword detection.
12-13 23:13:44.545 D/EGL_emulation( 1726): eglMakeCurrent: 0x9aa2d0a0: ver 3 0 (tinfo 0x9aa7fb60)
12-13 23:13:44.553 I/chatty  ( 1726): uid=10028(u0_a28) RenderThread identical 1 line
12-13 23:13:44.564 D/EGL_emulation( 1726): eglMakeCurrent: 0x9aa2d0a0: ver 3 0 (tinfo 0x9aa7fb60)
12-13 23:13:44.564 W/ErrorProcessor( 2214): onFatalError, processing error from engine(4)
12-13 23:13:44.564 W/ErrorProcessor( 2214): com.google.android.apps.gsa.shared.speech.b.g: Error reading from input stream
12-13 23:13:44.564 W/ErrorProcessor( 2214): 	at com.google.android.apps.gsa.staticplugins.recognizer.j.a.a(SourceFile:28)
12-13 23:13:44.564 W/ErrorProcessor( 2214): 	at com.google.android.apps.gsa.staticplugins.recognizer.j.b.run(SourceFile:15)
12-13 23:13:44.564 W/ErrorProcessor( 2214): 	at java.util.concurrent.Executors$RunnableAdapter.call(Executors.java:457)
12-13 23:13:44.564 W/ErrorProcessor( 2214): 	at java.util.concurrent.FutureTask.run(FutureTask.java:266)
12-13 23:13:44.564 W/ErrorProcessor( 2214): 	at com.google.android.apps.gsa.shared.util.concurrent.a.ax.run(SourceFile:14)
12-13 23:13:44.564 W/ErrorProcessor( 2214): 	at com.google.android.apps.gsa.shared.util.concurrent.a.bl.run(SourceFile:4)
12-13 23:13:44.564 W/ErrorProcessor( 2214): 	at com.google.android.apps.gsa.shared.util.concurrent.a.bl.run(SourceFile:4)
12-13 23:13:44.564 W/ErrorProcessor( 2214): 	at java.util.concurrent.ThreadPoolExecutor.runWorker(ThreadPoolExecutor.java:1162)
12-13 23:13:44.564 W/ErrorProcessor( 2214): 	at java.util.concurrent.ThreadPoolExecutor$Worker.run(ThreadPoolExecutor.java:636)
12-13 23:13:44.564 W/ErrorProcessor( 2214): 	at java.lang.Thread.run(Thread.java:764)
12-13 23:13:44.564 W/ErrorProcessor( 2214): 	at com.google.android.apps.gsa.shared.util.concurrent.a.ai.run(SourceFile:6)
12-13 23:13:44.564 W/ErrorProcessor( 2214): Caused by: com.google.android.apps.gsa.shared.exception.GsaIOException: Error code: 393238 | Buffer overflow, no available space.
12-13 23:13:44.564 W/ErrorProcessor( 2214): 	at com.google.android.apps.gsa.speech.audio.Tee.f(SourceFile:103)
12-13 23:13:44.564 W/ErrorProcessor( 2214): 	at com.google.android.apps.gsa.speech.audio.au.read(SourceFile:2)
12-13 23:13:44.564 W/ErrorProcessor( 2214): 	at java.io.InputStream.read(InputStream.java:101)
12-13 23:13:44.564 W/ErrorProcessor( 2214): 	at com.google.android.apps.gsa.speech.audio.ao.run(SourceFile:18)
12-13 23:13:44.564 W/ErrorProcessor( 2214): 	at com.google.android.apps.gsa.speech.audio.an.run(SourceFile:2)
12-13 23:13:44.564 W/ErrorProcessor( 2214): 	... 9 more
12-13 23:13:44.564 I/AudioController( 2214): internalShutdown
12-13 23:13:44.589 D/EGL_emulation( 1726): eglMakeCurrent: 0x9aa2d0a0: ver 3 0 (tinfo 0x9aa7fb60)
12-13 23:13:44.594 D/EGL_emulation( 1726): eglMakeCurrent: 0x9aa2d0a0: ver 3 0 (tinfo 0x9aa7fb60)
12-13 23:13:44.600 I/MicroDetector( 2214): Keeping mic open: false
12-13 23:13:44.600 I/MicroDetectionWorker( 2214): #onError(false)
12-13 23:13:44.603 I/DeviceStateChecker( 2214): DeviceStateChecker cancelled
12-13 23:13:44.605 D/EGL_emulation( 1726): eglMakeCurrent: 0x9aa2d0a0: ver 3 0 (tinfo 0x9aa7fb60)
12-13 23:13:44.609 I/zygote  ( 2214): Background concurrent copying GC freed 7477(533KB) AllocSpace objects, 7(188KB) LOS objects, 50% free, 4MB/8MB, paused 994us total 153.769ms
12-13 23:13:44.609 D/EGL_emulation( 1726): eglMakeCurrent: 0x9aa2d0a0: ver 3 0 (tinfo 0x9aa7fb60)
12-13 23:13:44.619 I/zygote  ( 1726): NativeAllocBackground concurrent copying GC freed 11309(760KB) AllocSpace objects, 0(0B) LOS objects, 49% free, 4MB/9MB, paused 36.105ms total 293.082ms
12-13 23:13:44.623 D/EGL_emulation( 1726): eglMakeCurrent: 0x9aa2d0a0: ver 3 0 (tinfo 0x9aa7fb60)
12-13 23:13:44.642 D/AndroidRuntime( 4522): >>>>>> START com.android.internal.os.RuntimeInit uid 2000 <<<<<<
12-13 23:13:44.703 W/app_process( 4522): Unexpected CPU variant for X86 using defaults: x86
12-13 23:13:44.736 D/AndroidRuntime( 4522): Calling main entry com.android.commands.am.Am
12-13 23:13:44.739 I/ActivityManager( 1628): Force stopping com.evancharlton.mileage appid=10152 user=0: start instr
12-13 23:13:44.739 I/ActivityManager( 1628): Killing 4436:com.evancharlton.mileage/u0a152 (adj 0): stop com.evancharlton.mileage
12-13 23:13:44.741 W/ActivityManager( 1628): Crash of app com.evancharlton.mileage running instrumentation ComponentInfo{com.evancharlton.mileage.test/sh.calaba.instrumentationbackend.CalabashInstrumentationTestRunner}
12-13 23:13:44.748 I/ActivityManager( 1628): Force stopping com.evancharlton.mileage appid=10152 user=0: finished inst
12-13 23:13:44.767 I/OpenGLRenderer( 1628): Initialized EGL, version 1.4
12-13 23:13:44.767 D/OpenGLRenderer( 1628): Swap behavior 1
12-13 23:13:44.768 W/OpenGLRenderer( 1628): Failed to choose config with EGL_SWAP_BEHAVIOR_PRESERVED, retrying without...
12-13 23:13:44.768 D/OpenGLRenderer( 1628): Swap behavior 0
12-13 23:13:44.774 D/EGL_emulation( 1628): eglCreateContext: 0x9ef2dc00: maj 3 min 0 rcv 3
12-13 23:13:44.776 D/EGL_emulation( 1628): eglMakeCurrent: 0x9ef2dc00: ver 3 0 (tinfo 0x89443780)
12-13 23:13:44.777 E/eglCodecCommon( 1628): glUtilsParamSize: unknow param 0x00008cdf
12-13 23:13:44.777 E/eglCodecCommon( 1628): glUtilsParamSize: unknow param 0x00008cdf
12-13 23:13:44.778 E/eglCodecCommon( 1628): glUtilsParamSize: unknow param 0x00008824
12-13 23:13:44.778 E/eglCodecCommon( 1628): glUtilsParamSize: unknow param 0x00008824
12-13 23:13:44.778 I/ActivityManager( 1628): Start proc 4536:com.evancharlton.mileage/u0a152 for added application com.evancharlton.mileage
12-13 23:13:44.779 D/AndroidRuntime( 4522): Shutting down VM
12-13 23:13:44.783 I/zygote  ( 4536): Not late-enabling -Xcheck:jni (already on)
12-13 23:13:44.793 W/zygote  ( 4536): Unexpected CPU variant for X86 using defaults: x86
12-13 23:13:44.799 W/ActivityManager( 1628): setHasOverlayUi called on unknown pid: 4436
12-13 23:13:44.818 W/zygote  ( 4536): Found duplicate classes, falling back to extracting from APK : /data/app/com.evancharlton.mileage.test-l49qxAF0YlG0sfbdyr36fw==/base.apk
12-13 23:13:44.818 W/zygote  ( 4536): NOTE: This wastes RAM and hurts startup performance.
12-13 23:13:44.818 W/zygote  ( 4536): Found duplicated class when checking oat files: 'Ljunit/runner/BaseTestRunner;' in /data/app/com.evancharlton.mileage.test-l49qxAF0YlG0sfbdyr36fw==/base.apk and /system/framework/android.test.runner.jar
12-13 23:13:44.818 W/zygote  ( 4536): 
12-13 23:13:44.828 E/adbd    ( 1382): failed to connect to socket 'tcp:7102': Connection refused
12-13 23:13:44.835 E/adbd    ( 1382): failed to connect to socket 'tcp:7102': Connection refused
12-13 23:13:44.860 W/System  ( 4536): ClassLoader referenced unknown path: 
12-13 23:13:44.874 I/System.out( 4536): Main activity name automatically set to: com.evancharlton.mileage.Mileage
12-13 23:13:44.874 I/System.out( 4536): Calabash did not load Mono. This is only a problem if you are trying to test a Mono application
12-13 23:13:44.875 I/calabash( 4536): Test server port: 7102
12-13 23:13:44.876 I/InstrumentationBackend( 4536): Added:'GetPreferences', with key:'get_preferences'
12-13 23:13:44.936 I/InstrumentationBackend( 4536): Added:'SetPreferences', with key:'set_preferences'
12-13 23:13:44.936 I/InstrumentationBackend( 4536): Added:'ClearPreferences', with key:'clear_preferences'
12-13 23:13:44.936 I/InstrumentationBackend( 4536): Added:'PressElement', with key:'press_l10n_element'
12-13 23:13:44.937 I/InstrumentationBackend( 4536): Added:'WaitForElement', with key:'wait_for_l10n_element'
12-13 23:13:44.937 I/InstrumentationBackend( 4536): Added:'NullAction', with key:'nullAction'
12-13 23:13:44.938 I/InstrumentationBackend( 4536): Added:'PressKey', with key:'press_key'
12-13 23:13:44.938 I/InstrumentationBackend( 4536): Added:'SetActivityOrientation', with key:'set_activity_orientation'
12-13 23:13:44.938 I/InstrumentationBackend( 4536): Added:'GetActivityOrientation', with key:'get_activity_orientation'
12-13 23:13:44.939 I/InstrumentationBackend( 4536): Added:'FakeGPSLocation', with key:'set_gps_coordinates'
12-13 23:13:44.939 I/InstrumentationBackend( 4536): Added:'SetPropertyByCssSelector', with key:'set_property_by_css_selector'
12-13 23:13:44.941 I/InstrumentationBackend( 4536): Added:'GetUrl', with key:'get_url'
12-13 23:13:44.943 I/InstrumentationBackend( 4536): Added:'ScrollTo', with key:'scroll_to'
12-13 23:13:44.943 I/InstrumentationBackend( 4536): Added:'GetLoadProgress', with key:'get_load_progress'
12-13 23:13:44.943 I/InstrumentationBackend( 4536): Added:'DumpHtml', with key:'dump_html'
12-13 23:13:44.944 I/InstrumentationBackend( 4536): Added:'DumpBodyHtml', with key:'dump_body_html'
12-13 23:13:44.944 I/InstrumentationBackend( 4536): Added:'EnterTextByCssSelector', with key:'enter_text_by_selector'
12-13 23:13:44.949 I/InstrumentationBackend( 4536): Added:'AndroidSDKVersion', with key:'android_sdk_version'
12-13 23:13:44.950 I/InstrumentationBackend( 4536): Added:'Version', with key:'version'
12-13 23:13:44.950 I/InstrumentationBackend( 4536): Added:'Drag', with key:'drag'
12-13 23:13:44.951 I/InstrumentationBackend( 4536): Added:'TouchCoordinates', with key:'touch_coordinate'
12-13 23:13:44.951 I/InstrumentationBackend( 4536): Added:'LongPressCoordinate', with key:'long_press_coordinate'
12-13 23:13:44.952 I/InstrumentationBackend( 4536): Added:'DragCoordinates', with key:'drag_coordinates'
12-13 23:13:44.952 I/InstrumentationBackend( 4536): Added:'ResumeApplication', with key:'resume_application'
12-13 23:13:44.953 I/InstrumentationBackend( 4536): Added:'Swipe', with key:'swipe'
12-13 23:13:44.953 I/InstrumentationBackend( 4536): Added:'DoubleTapCoordinate', with key:'double_tap_coordinate'
12-13 23:13:44.953 I/InstrumentationBackend( 4536): Added:'ClickOnScreen', with key:'click_on_screen'
12-13 23:13:44.954 I/InstrumentationBackend( 4536): Added:'GetActivityName', with key:'get_activity_name'
12-13 23:13:44.954 I/InstrumentationBackend( 4536): Added:'ScrollToView', with key:'scroll_to_view'
12-13 23:13:44.955 I/InstrumentationBackend( 4536): Added:'ViewConfiguration', with key:'view_configuration'
12-13 23:13:44.955 I/InstrumentationBackend( 4536): Added:'IsCurrentActivityFocused', with key:'is_current_activity_focused'
12-13 23:13:44.955 I/InstrumentationBackend( 4536): Added:'SendTcp', with key:'send_tcp'
12-13 23:13:44.956 I/InstrumentationBackend( 4536): Added:'DpToDevicePixel', with key:'dp_to_device_pixel'
12-13 23:13:44.956 I/InstrumentationBackend( 4536): Added:'KeyboardEnterText', with key:'keyboard_enter_text'
12-13 23:13:44.957 E/adbd    ( 1382): failed to connect to socket 'tcp:7102': Connection refused
12-13 23:13:44.958 I/InstrumentationBackend( 4536): Added:'DeleteSurroundingText', with key:'delete_surrounding_text'
12-13 23:13:44.959 I/InstrumentationBackend( 4536): Added:'SetComposingRegion', with key:'set_composing_region'
12-13 23:13:44.960 I/InstrumentationBackend( 4536): Added:'SetSelection', with key:'set_selection'
12-13 23:13:44.960 I/InstrumentationBackend( 4536): Added:'KeyboardKeyEvent', with key:'keyboard_key_event'
12-13 23:13:44.960 I/InstrumentationBackend( 4536): Added:'PressUserActionButton', with key:'press_user_action_button'
12-13 23:13:44.962 I/InstrumentationBackend( 4536): Added:'HideSoftKeyboard', with key:'hide_soft_keyboard'
12-13 23:13:44.964 I/InstrumentationBackend( 4536): Added:'ListActions', with key:'list_actions'
12-13 23:13:44.964 I/calabash( 4536): Instantiating http server at 7102
12-13 23:13:44.965 I/System.out( 4536): HTTP Daemon listening on: 7102
12-13 23:13:44.970 I/System.out( 4536): URI: //ping
12-13 23:13:44.970 I/System.out( 4536): params: {json={}
12-13 23:13:44.970 I/System.out( 4536): }
12-13 23:13:44.977 I/System.out( 4536): URI: //ping
12-13 23:13:44.977 I/System.out( 4536): params: {json={}
12-13 23:13:44.977 I/System.out( 4536): }
12-13 23:13:44.984 I/System.out( 4536): URI: //ready
12-13 23:13:44.984 I/System.out( 4536): params: {json={}
12-13 23:13:44.984 I/System.out( 4536): }
12-13 23:13:44.994 I/System.out( 4536): URI: //
12-13 23:13:44.994 I/System.out( 4536): params: {json={"command":"version","arguments":[]}
12-13 23:13:44.994 I/System.out( 4536): }
12-13 23:13:44.994 I/System.out( 4536): header: {content-type=application/json;charset=utf-8, date=Mon, 14 Dec 2020 04:13:45 GMT, accept=*/*, host=127.0.0.1:34777, content-length=36, user-agent=HTTPClient/1.0 (2.8.3, ruby 2.5.8 (2020-03-31))}
12-13 23:13:44.994 I/System.out( 4536): params: {json={"command":"version","arguments":[]}
12-13 23:13:44.994 I/System.out( 4536): }
12-13 23:13:44.994 I/System.out( 4536): ProP json = {"command":"version","arguments":[]}
12-13 23:13:44.994 I/System.out( 4536): files: {}
12-13 23:13:44.994 I/System.out( 4536): command: {"command":"version","arguments":[]}
12-13 23:13:45.023 I/InstrumentationBackend( 4536): Got command:'Command:'Line:null,version', arguments:'[]'
12-13 23:13:45.055 I/System.out( 4536): result:{"bonusInformation":[],"message":"0.9.8","success":true}
12-13 23:13:45.064 I/System.out( 4536): URI: //start-application
12-13 23:13:45.064 I/System.out( 4536): params: {json={"intent":null}
12-13 23:13:45.064 I/System.out( 4536): }
12-13 23:13:45.102 I/ActivityManager( 1628): START u0 {act=android.intent.action.MAIN cat=[android.intent.category.LAUNCHER] flg=0x10200000 cmp=com.evancharlton.mileage/.Mileage} from uid 10152
12-13 23:13:45.122 I/calabash( 4536): newActivity1
12-13 23:13:45.148 D/gralloc_ranchu( 1395): gralloc_alloc: Creating ashmem region of size 7753728
12-13 23:13:45.154 W/ActivityManager( 1628): Bad activity token: android.os.BinderProxy@7fb57b9
12-13 23:13:45.154 W/ActivityManager( 1628): java.lang.ClassCastException: android.os.BinderProxy cannot be cast to com.android.server.am.ActivityRecord$Token
12-13 23:13:45.154 W/ActivityManager( 1628): 	at com.android.server.am.ActivityRecord.forTokenLocked(ActivityRecord.java:778)
12-13 23:13:45.154 W/ActivityManager( 1628): 	at com.android.server.am.ActivityRecord.isInStackLocked(ActivityRecord.java:2085)
12-13 23:13:45.154 W/ActivityManager( 1628): 	at com.android.server.am.ActivityRecord.getStackLocked(ActivityRecord.java:2090)
12-13 23:13:45.154 W/ActivityManager( 1628): 	at com.android.server.am.ActivityManagerService.getActivityDisplayId(ActivityManagerService.java:10406)
12-13 23:13:45.154 W/ActivityManager( 1628): 	at android.app.IActivityManager$Stub.onTransact(IActivityManager.java:2738)
12-13 23:13:45.154 W/ActivityManager( 1628): 	at com.android.server.am.ActivityManagerService.onTransact(ActivityManagerService.java:2935)
12-13 23:13:45.154 W/ActivityManager( 1628): 	at android.os.Binder.execTransact(Binder.java:674)
12-13 23:13:45.155 I/calabash( 4536): newActivity1
12-13 23:13:45.166 W/ActivityManager( 1628): Bad activity token: android.os.BinderProxy@7fb57b9
12-13 23:13:45.166 W/ActivityManager( 1628): java.lang.ClassCastException: android.os.BinderProxy cannot be cast to com.android.server.am.ActivityRecord$Token
12-13 23:13:45.166 W/ActivityManager( 1628): 	at com.android.server.am.ActivityRecord.forTokenLocked(ActivityRecord.java:778)
12-13 23:13:45.166 W/ActivityManager( 1628): 	at com.android.server.am.ActivityRecord.isInStackLocked(ActivityRecord.java:2085)
12-13 23:13:45.166 W/ActivityManager( 1628): 	at com.android.server.am.ActivityManagerService.setTaskDescription(ActivityManagerService.java:9988)
12-13 23:13:45.166 W/ActivityManager( 1628): 	at android.app.IActivityManager$Stub.onTransact(IActivityManager.java:2824)
12-13 23:13:45.166 W/ActivityManager( 1628): 	at com.android.server.am.ActivityManagerService.onTransact(ActivityManagerService.java:2935)
12-13 23:13:45.166 W/ActivityManager( 1628): 	at android.os.Binder.execTransact(Binder.java:674)
12-13 23:13:45.167 W/ActivityManager( 1628): Bad activity token: android.os.BinderProxy@7fb57b9
12-13 23:13:45.167 W/ActivityManager( 1628): java.lang.ClassCastException: android.os.BinderProxy cannot be cast to com.android.server.am.ActivityRecord$Token
12-13 23:13:45.167 W/ActivityManager( 1628): 	at com.android.server.am.ActivityRecord.forTokenLocked(ActivityRecord.java:778)
12-13 23:13:45.167 W/ActivityManager( 1628): 	at com.android.server.am.ActivityRecord.isInStackLocked(ActivityRecord.java:2085)
12-13 23:13:45.167 W/ActivityManager( 1628): 	at com.android.server.am.ActivityRecord.getStackLocked(ActivityRecord.java:2090)
12-13 23:13:45.167 W/ActivityManager( 1628): 	at com.android.server.am.ActivityManagerService.getActivityStackId(ActivityManagerService.java:10417)
12-13 23:13:45.167 W/ActivityManager( 1628): 	at android.app.IActivityManager$Stub.onTransact(IActivityManager.java:3548)
12-13 23:13:45.167 W/ActivityManager( 1628): 	at com.android.server.am.ActivityManagerService.onTransact(ActivityManagerService.java:2935)
12-13 23:13:45.167 W/ActivityManager( 1628): 	at android.os.Binder.execTransact(Binder.java:674)
12-13 23:13:45.205 D/EGL_emulation( 2179): eglMakeCurrent: 0x9c846d80: ver 3 0 (tinfo 0x9c9ff910)
12-13 23:13:45.208 D/EGL_emulation( 2214): eglMakeCurrent: 0x9c847ec0: ver 3 0 (tinfo 0xa86ecf90)
12-13 23:13:45.213 V/StatusBar( 1726): setLightsOn(true)
12-13 23:13:45.235 E/ContentStoreEUAS( 2214): Failed to commit the deferred actions
12-13 23:13:45.242 D/EGL_emulation( 1726): eglMakeCurrent: 0x9aa2d0a0: ver 3 0 (tinfo 0x9aa7fb60)
12-13 23:13:45.247 I/chatty  ( 1726): uid=10028(u0_a28) RenderThread identical 1 line
12-13 23:13:45.266 D/EGL_emulation( 1726): eglMakeCurrent: 0x9aa2d0a0: ver 3 0 (tinfo 0x9aa7fb60)
12-13 23:13:45.268 V/StatusBar( 1726): setLightsOn(true)
12-13 23:13:45.271 D/EGL_emulation( 1726): eglMakeCurrent: 0x9aa2d0a0: ver 3 0 (tinfo 0x9aa7fb60)
12-13 23:13:45.282 W/ActivityManager( 1628): Bad activity token: android.os.BinderProxy@7fb57b9
12-13 23:13:45.282 W/ActivityManager( 1628): java.lang.ClassCastException: android.os.BinderProxy cannot be cast to com.android.server.am.ActivityRecord$Token
12-13 23:13:45.282 W/ActivityManager( 1628): 	at com.android.server.am.ActivityRecord.forTokenLocked(ActivityRecord.java:778)
12-13 23:13:45.282 W/ActivityManager( 1628): 	at com.android.server.am.ActivityRecord.isInStackLocked(ActivityRecord.java:2085)
12-13 23:13:45.282 W/ActivityManager( 1628): 	at com.android.server.am.ActivityManagerService.getActivityOptions(ActivityManagerService.java:13302)
12-13 23:13:45.282 W/ActivityManager( 1628): 	at android.app.IActivityManager$Stub.onTransact(IActivityManager.java:2910)
12-13 23:13:45.282 W/ActivityManager( 1628): 	at com.android.server.am.ActivityManagerService.onTransact(ActivityManagerService.java:2935)
12-13 23:13:45.282 W/ActivityManager( 1628): 	at android.os.Binder.execTransact(Binder.java:674)
12-13 23:13:45.285 W/ActivityManager( 1628): Bad activity token: android.os.BinderProxy@7fb57b9
12-13 23:13:45.285 W/ActivityManager( 1628): java.lang.ClassCastException: android.os.BinderProxy cannot be cast to com.android.server.am.ActivityRecord$Token
12-13 23:13:45.285 W/ActivityManager( 1628): 	at com.android.server.am.ActivityRecord.forTokenLocked(ActivityRecord.java:778)
12-13 23:13:45.285 W/ActivityManager( 1628): 	at com.android.server.am.ActivityRecord.isInStackLocked(ActivityRecord.java:2085)
12-13 23:13:45.285 W/ActivityManager( 1628): 	at com.android.server.am.ActivityManagerService.getActivityOptions(ActivityManagerService.java:13302)
12-13 23:13:45.285 W/ActivityManager( 1628): 	at android.app.IActivityManager$Stub.onTransact(IActivityManager.java:2910)
12-13 23:13:45.285 W/ActivityManager( 1628): 	at com.android.server.am.ActivityManagerService.onTransact(ActivityManagerService.java:2935)
12-13 23:13:45.285 W/ActivityManager( 1628): 	at android.os.Binder.execTransact(Binder.java:674)
12-13 23:13:45.428 I/chatty  ( 1726): uid=10028(u0_a28) RenderThread identical 17 lines
12-13 23:13:45.438 D/EGL_emulation( 1726): eglMakeCurrent: 0x9aa2d0a0: ver 3 0 (tinfo 0x9aa7fb60)
12-13 23:13:45.442 V/StatusBar( 1726): setLightsOn(true)
12-13 23:13:45.482 I/zygote  ( 4536): Do partial code cache collection, code=29KB, data=30KB
12-13 23:13:45.483 I/zygote  ( 4536): After code cache collection, code=29KB, data=30KB
12-13 23:13:45.483 I/zygote  ( 4536): Increasing code cache capacity to 128KB
12-13 23:13:45.484 I/zygote  ( 4536): Do partial code cache collection, code=29KB, data=47KB
12-13 23:13:45.485 I/zygote  ( 4536): After code cache collection, code=29KB, data=47KB
12-13 23:13:45.485 I/zygote  ( 4536): Increasing code cache capacity to 256KB
12-13 23:13:45.486 I/zygote  ( 4536): JIT allocated 71KB for compiled code of void android.widget.TextView.<init>(android.content.Context, android.util.AttributeSet, int, int)
12-13 23:13:45.488 I/zygote  ( 4536): Compiler allocated 4MB to compile void android.widget.TextView.<init>(android.content.Context, android.util.AttributeSet, int, int)
12-13 23:13:45.523 V/StatusBar( 1726): setLightsOn(true)
12-13 23:13:45.531 I/chatty  ( 1726): uid=10028(u0_a28) com.android.systemui identical 1 line
12-13 23:13:45.532 V/StatusBar( 1726): setLightsOn(true)
12-13 23:13:45.564 D/gralloc_ranchu( 1395): gralloc_alloc: Creating ashmem region of size 7753728
12-13 23:13:45.586 D/        ( 4536): HostConnection::get() New Host Connection established 0x9c630e80, tid 4536
12-13 23:13:45.625 V/StatusBar( 1726): setLightsOn(true)
12-13 23:13:45.641 I/chatty  ( 1726): uid=10028(u0_a28) com.android.systemui identical 1 line
12-13 23:13:45.643 V/StatusBar( 1726): setLightsOn(true)
12-13 23:13:45.649 I/ActivityManager( 1628): Displayed com.evancharlton.mileage/.Mileage: +529ms
12-13 23:13:45.652 V/StatusBar( 1726): setLightsOn(true)
12-13 23:13:45.681 I/zygote  ( 4536): Do full code cache collection, code=125KB, data=68KB
12-13 23:13:45.683 I/zygote  ( 4536): After code cache collection, code=106KB, data=43KB
12-13 23:13:45.684 D/gralloc_ranchu( 1395): gralloc_alloc: Creating ashmem region of size 7753728
12-13 23:13:45.838 I/System.out( 4536): URI: //gesture
12-13 23:13:45.838 I/System.out( 4536): params: {json={"query_timeout":5.0,"gestures":[{"query_string":"android.widget.TabWidget descendant TextView index:1","touches":[{"x":50,"y":50,"offset_x":0,"offset_y":0,"wait":0.0,"time":0.2,"release":true,"query_string":null}]}]}
12-13 23:13:45.838 I/System.out( 4536): }
12-13 23:13:45.847 V/StatusBar( 1726): setLightsOn(true)
12-13 23:13:45.938 I/chatty  ( 1726): uid=10028(u0_a28) com.android.systemui identical 2 lines
12-13 23:13:45.955 V/StatusBar( 1726): setLightsOn(true)
12-13 23:13:45.970 W/SurfaceFlinger( 1416): couldn't log to binary event log: overflow.
12-13 23:13:45.985 I/zygote  ( 4536): Do partial code cache collection, code=114KB, data=56KB
12-13 23:13:45.985 I/zygote  ( 4536): After code cache collection, code=114KB, data=56KB
12-13 23:13:45.985 I/zygote  ( 4536): Increasing code cache capacity to 512KB
12-13 23:13:46.064 I/PBSessionCacheImpl( 2214): Deleted sessionId[2146382971060] from persistence.
12-13 23:13:46.093 W/SearchService( 2214): Abort, client detached.
12-13 23:13:46.178 W/ActivityManager( 1628): Bad activity token: android.os.BinderProxy@ee0cc6b
12-13 23:13:46.178 W/ActivityManager( 1628): java.lang.ClassCastException: android.os.BinderProxy cannot be cast to com.android.server.am.ActivityRecord$Token
12-13 23:13:46.178 W/ActivityManager( 1628): 	at com.android.server.am.ActivityRecord.forTokenLocked(ActivityRecord.java:778)
12-13 23:13:46.178 W/ActivityManager( 1628): 	at com.android.server.am.ActivityRecord.isInStackLocked(ActivityRecord.java:2085)
12-13 23:13:46.178 W/ActivityManager( 1628): 	at com.android.server.am.ActivityRecord.getStackLocked(ActivityRecord.java:2090)
12-13 23:13:46.178 W/ActivityManager( 1628): 	at com.android.server.am.ActivityManagerService.getActivityDisplayId(ActivityManagerService.java:10406)
12-13 23:13:46.178 W/ActivityManager( 1628): 	at android.app.IActivityManager$Stub.onTransact(IActivityManager.java:2738)
12-13 23:13:46.178 W/ActivityManager( 1628): 	at com.android.server.am.ActivityManagerService.onTransact(ActivityManagerService.java:2935)
12-13 23:13:46.178 W/ActivityManager( 1628): 	at android.os.Binder.execTransact(Binder.java:674)
12-13 23:13:46.180 I/calabash( 4536): newActivity1
12-13 23:13:46.186 W/audio_hw_generic( 1389): Not supplying enough data to HAL, expected position 597891 , only wrote 597600
12-13 23:13:46.186 W/ActivityManager( 1628): Bad activity token: android.os.BinderProxy@ee0cc6b
12-13 23:13:46.186 W/ActivityManager( 1628): java.lang.ClassCastException: android.os.BinderProxy cannot be cast to com.android.server.am.ActivityRecord$Token
12-13 23:13:46.186 W/ActivityManager( 1628): 	at com.android.server.am.ActivityRecord.forTokenLocked(ActivityRecord.java:778)
12-13 23:13:46.186 W/ActivityManager( 1628): 	at com.android.server.am.ActivityRecord.isInStackLocked(ActivityRecord.java:2085)
12-13 23:13:46.186 W/ActivityManager( 1628): 	at com.android.server.am.ActivityManagerService.setTaskDescription(ActivityManagerService.java:9988)
12-13 23:13:46.186 W/ActivityManager( 1628): 	at android.app.IActivityManager$Stub.onTransact(IActivityManager.java:2824)
12-13 23:13:46.186 W/ActivityManager( 1628): 	at com.android.server.am.ActivityManagerService.onTransact(ActivityManagerService.java:2935)
12-13 23:13:46.186 W/ActivityManager( 1628): 	at android.os.Binder.execTransact(Binder.java:674)
12-13 23:13:46.188 W/ActivityManager( 1628): Bad activity token: android.os.BinderProxy@ee0cc6b
12-13 23:13:46.188 W/ActivityManager( 1628): java.lang.ClassCastException: android.os.BinderProxy cannot be cast to com.android.server.am.ActivityRecord$Token
12-13 23:13:46.188 W/ActivityManager( 1628): 	at com.android.server.am.ActivityRecord.forTokenLocked(ActivityRecord.java:778)
12-13 23:13:46.188 W/ActivityManager( 1628): 	at com.android.server.am.ActivityRecord.isInStackLocked(ActivityRecord.java:2085)
12-13 23:13:46.188 W/ActivityManager( 1628): 	at com.android.server.am.ActivityRecord.getStackLocked(ActivityRecord.java:2090)
12-13 23:13:46.188 W/ActivityManager( 1628): 	at com.android.server.am.ActivityManagerService.getActivityStackId(ActivityManagerService.java:10417)
12-13 23:13:46.188 W/ActivityManager( 1628): 	at android.app.IActivityManager$Stub.onTransact(IActivityManager.java:3548)
12-13 23:13:46.188 W/ActivityManager( 1628): 	at com.android.server.am.ActivityManagerService.onTransact(ActivityManagerService.java:2935)
12-13 23:13:46.188 W/ActivityManager( 1628): 	at android.os.Binder.execTransact(Binder.java:674)
12-13 23:13:46.234 W/ActivityManager( 1628): Bad activity token: android.os.BinderProxy@ee0cc6b
12-13 23:13:46.234 W/ActivityManager( 1628): java.lang.ClassCastException: android.os.BinderProxy cannot be cast to com.android.server.am.ActivityRecord$Token
12-13 23:13:46.234 W/ActivityManager( 1628): 	at com.android.server.am.ActivityRecord.forTokenLocked(ActivityRecord.java:778)
12-13 23:13:46.234 W/ActivityManager( 1628): 	at com.android.server.am.ActivityRecord.isInStackLocked(ActivityRecord.java:2085)
12-13 23:13:46.234 W/ActivityManager( 1628): 	at com.android.server.am.ActivityManagerService.getActivityOptions(ActivityManagerService.java:13302)
12-13 23:13:46.234 W/ActivityManager( 1628): 	at android.app.IActivityManager$Stub.onTransact(IActivityManager.java:2910)
12-13 23:13:46.234 W/ActivityManager( 1628): 	at com.android.server.am.ActivityManagerService.onTransact(ActivityManagerService.java:2935)
12-13 23:13:46.234 W/ActivityManager( 1628): 	at android.os.Binder.execTransact(Binder.java:674)
12-13 23:13:46.236 W/ActivityManager( 1628): Bad activity token: android.os.BinderProxy@ee0cc6b
12-13 23:13:46.236 W/ActivityManager( 1628): java.lang.ClassCastException: android.os.BinderProxy cannot be cast to com.android.server.am.ActivityRecord$Token
12-13 23:13:46.236 W/ActivityManager( 1628): 	at com.android.server.am.ActivityRecord.forTokenLocked(ActivityRecord.java:778)
12-13 23:13:46.236 W/ActivityManager( 1628): 	at com.android.server.am.ActivityRecord.isInStackLocked(ActivityRecord.java:2085)
12-13 23:13:46.236 W/ActivityManager( 1628): 	at com.android.server.am.ActivityManagerService.getActivityOptions(ActivityManagerService.java:13302)
12-13 23:13:46.236 W/ActivityManager( 1628): 	at android.app.IActivityManager$Stub.onTransact(IActivityManager.java:2910)
12-13 23:13:46.236 W/ActivityManager( 1628): 	at com.android.server.am.ActivityManagerService.onTransact(ActivityManagerService.java:2935)
12-13 23:13:46.236 W/ActivityManager( 1628): 	at android.os.Binder.execTransact(Binder.java:674)
12-13 23:13:46.295 D/gralloc_ranchu( 1395): gralloc_alloc: Creating ashmem region of size 7753728
12-13 23:13:46.299 D/Mileage ( 4536): Not enough fillups to calculate economy
12-13 23:13:46.442 E/SurfaceFlinger( 1416): ro.sf.lcd_density must be defined as a build property
12-13 23:13:46.452 D/gralloc_ranchu( 1395): gralloc_alloc: Creating ashmem region of size 8298496
12-13 23:13:46.471 D/        ( 4578): HostConnection::get() New Host Connection established 0xa7daf800, tid 4578
12-13 23:13:46.869 I/System.out( 4536): URI: //gesture
12-13 23:13:46.869 I/System.out( 4536): params: {json={"query_timeout":5.0,"gestures":[{"query_string":"android.widget.TabWidget descendant TextView index:3","touches":[{"x":50,"y":50,"offset_x":0,"offset_y":0,"wait":0.0,"time":0.2,"release":true,"query_string":null}]}]}
12-13 23:13:46.869 I/System.out( 4536): }
12-13 23:13:47.135 W/ActivityManager( 1628): Bad activity token: android.os.BinderProxy@a58f53f
12-13 23:13:47.135 W/ActivityManager( 1628): java.lang.ClassCastException: android.os.BinderProxy cannot be cast to com.android.server.am.ActivityRecord$Token
12-13 23:13:47.135 W/ActivityManager( 1628): 	at com.android.server.am.ActivityRecord.forTokenLocked(ActivityRecord.java:778)
12-13 23:13:47.135 W/ActivityManager( 1628): 	at com.android.server.am.ActivityRecord.isInStackLocked(ActivityRecord.java:2085)
12-13 23:13:47.135 W/ActivityManager( 1628): 	at com.android.server.am.ActivityRecord.getStackLocked(ActivityRecord.java:2090)
12-13 23:13:47.135 W/ActivityManager( 1628): 	at com.android.server.am.ActivityManagerService.getActivityDisplayId(ActivityManagerService.java:10406)
12-13 23:13:47.135 W/ActivityManager( 1628): 	at android.app.IActivityManager$Stub.onTransact(IActivityManager.java:2738)
12-13 23:13:47.135 W/ActivityManager( 1628): 	at com.android.server.am.ActivityManagerService.onTransact(ActivityManagerService.java:2935)
12-13 23:13:47.135 W/ActivityManager( 1628): 	at android.os.Binder.execTransact(Binder.java:674)
12-13 23:13:47.136 I/calabash( 4536): newActivity1
12-13 23:13:47.142 W/ActivityManager( 1628): Bad activity token: android.os.BinderProxy@a58f53f
12-13 23:13:47.142 W/ActivityManager( 1628): java.lang.ClassCastException: android.os.BinderProxy cannot be cast to com.android.server.am.ActivityRecord$Token
12-13 23:13:47.142 W/ActivityManager( 1628): 	at com.android.server.am.ActivityRecord.forTokenLocked(ActivityRecord.java:778)
12-13 23:13:47.142 W/ActivityManager( 1628): 	at com.android.server.am.ActivityRecord.isInStackLocked(ActivityRecord.java:2085)
12-13 23:13:47.142 W/ActivityManager( 1628): 	at com.android.server.am.ActivityManagerService.setTaskDescription(ActivityManagerService.java:9988)
12-13 23:13:47.142 W/ActivityManager( 1628): 	at android.app.IActivityManager$Stub.onTransact(IActivityManager.java:2824)
12-13 23:13:47.142 W/ActivityManager( 1628): 	at com.android.server.am.ActivityManagerService.onTransact(ActivityManagerService.java:2935)
12-13 23:13:47.142 W/ActivityManager( 1628): 	at android.os.Binder.execTransact(Binder.java:674)
12-13 23:13:47.144 W/ActivityManager( 1628): Bad activity token: android.os.BinderProxy@a58f53f
12-13 23:13:47.144 W/ActivityManager( 1628): java.lang.ClassCastException: android.os.BinderProxy cannot be cast to com.android.server.am.ActivityRecord$Token
12-13 23:13:47.144 W/ActivityManager( 1628): 	at com.android.server.am.ActivityRecord.forTokenLocked(ActivityRecord.java:778)
12-13 23:13:47.144 W/ActivityManager( 1628): 	at com.android.server.am.ActivityRecord.isInStackLocked(ActivityRecord.java:2085)
12-13 23:13:47.144 W/ActivityManager( 1628): 	at com.android.server.am.ActivityRecord.getStackLocked(ActivityRecord.java:2090)
12-13 23:13:47.144 W/ActivityManager( 1628): 	at com.android.server.am.ActivityManagerService.getActivityStackId(ActivityManagerService.java:10417)
12-13 23:13:47.144 W/ActivityManager( 1628): 	at android.app.IActivityManager$Stub.onTransact(IActivityManager.java:3548)
12-13 23:13:47.144 W/ActivityManager( 1628): 	at com.android.server.am.ActivityManagerService.onTransact(ActivityManagerService.java:2935)
12-13 23:13:47.144 W/ActivityManager( 1628): 	at android.os.Binder.execTransact(Binder.java:674)
12-13 23:13:47.157 W/ActivityManager( 1628): Bad activity token: android.os.BinderProxy@a58f53f
12-13 23:13:47.157 W/ActivityManager( 1628): java.lang.ClassCastException: android.os.BinderProxy cannot be cast to com.android.server.am.ActivityRecord$Token
12-13 23:13:47.157 W/ActivityManager( 1628): 	at com.android.server.am.ActivityRecord.forTokenLocked(ActivityRecord.java:778)
12-13 23:13:47.157 W/ActivityManager( 1628): 	at com.android.server.am.ActivityRecord.isInStackLocked(ActivityRecord.java:2085)
12-13 23:13:47.157 W/ActivityManager( 1628): 	at com.android.server.am.ActivityManagerService.getActivityOptions(ActivityManagerService.java:13302)
12-13 23:13:47.157 W/ActivityManager( 1628): 	at android.app.IActivityManager$Stub.onTransact(IActivityManager.java:2910)
12-13 23:13:47.157 W/ActivityManager( 1628): 	at com.android.server.am.ActivityManagerService.onTransact(ActivityManagerService.java:2935)
12-13 23:13:47.157 W/ActivityManager( 1628): 	at android.os.Binder.execTransact(Binder.java:674)
12-13 23:13:47.157 W/ActivityManager( 1628): Bad activity token: android.os.BinderProxy@a58f53f
12-13 23:13:47.157 W/ActivityManager( 1628): java.lang.ClassCastException: android.os.BinderProxy cannot be cast to com.android.server.am.ActivityRecord$Token
12-13 23:13:47.157 W/ActivityManager( 1628): 	at com.android.server.am.ActivityRecord.forTokenLocked(ActivityRecord.java:778)
12-13 23:13:47.157 W/ActivityManager( 1628): 	at com.android.server.am.ActivityRecord.isInStackLocked(ActivityRecord.java:2085)
12-13 23:13:47.157 W/ActivityManager( 1628): 	at com.android.server.am.ActivityManagerService.getActivityOptions(ActivityManagerService.java:13302)
12-13 23:13:47.157 W/ActivityManager( 1628): 	at android.app.IActivityManager$Stub.onTransact(IActivityManager.java:2910)
12-13 23:13:47.157 W/ActivityManager( 1628): 	at com.android.server.am.ActivityManagerService.onTransact(ActivityManagerService.java:2935)
12-13 23:13:47.157 W/ActivityManager( 1628): 	at android.os.Binder.execTransact(Binder.java:674)
12-13 23:13:47.343 E/SurfaceFlinger( 1416): ro.sf.lcd_density must be defined as a build property
12-13 23:13:47.350 D/gralloc_ranchu( 1395): gralloc_alloc: Creating ashmem region of size 8298496
12-13 23:13:47.359 D/        ( 4584): HostConnection::get() New Host Connection established 0xa9daf800, tid 4584
12-13 23:13:47.532 I/Dialer  ( 2019): OmtpVvmCarrierCfgHlpr - OmtpEvent:CONFIG_STATUS_SMS_TIME_OUT
12-13 23:13:47.532 I/Dialer  ( 2019): RetryPolicy - discarding deferred status: configuration_state=4
12-13 23:13:47.532 I/Dialer  ( 2019): VvmTaskExecutor - no more tasks, stopping service if no task are added in 5000 millis
12-13 23:13:47.536 I/Dialer  ( 2019): VvmTaskReceiver - task received
12-13 23:13:47.537 I/Dialer  ( 2019): VvmTaskReceiver - TaskExecutor already running
12-13 23:13:47.538 I/Dialer  ( 2019): Task.createTask - create task:com.android.voicemail.impl.ActivationTask
12-13 23:13:47.539 I/Dialer  ( 2019): RetryPolicy - retry #1 for com.android.voicemail.impl.ActivationTask@5e2e51 queued, executing in 5000
12-13 23:13:47.539 I/Dialer  ( 2019): VvmTaskExecutor - com.android.voicemail.impl.ActivationTask@5e2e51 added
12-13 23:13:47.539 I/Dialer  ( 2019): VvmTaskExecutor - minimal wait time:5000
12-13 23:13:47.540 I/Dialer  ( 2019): VvmTaskExecutor - sleep for 5000 millis
12-13 23:13:47.646 I/System.out( 4536): URI: //gesture
12-13 23:13:47.647 I/System.out( 4536): params: {json={"query_timeout":5.0,"gestures":[{"query_string":"android.widget.TabWidget descendant TextView index:2","touches":[{"x":50,"y":50,"offset_x":0,"offset_y":0,"wait":0.0,"time":0.2,"release":true,"query_string":null}]}]}
12-13 23:13:47.647 I/System.out( 4536): }
12-13 23:13:47.906 W/ActivityManager( 1628): Bad activity token: android.os.BinderProxy@866d80d
12-13 23:13:47.906 W/ActivityManager( 1628): java.lang.ClassCastException: android.os.BinderProxy cannot be cast to com.android.server.am.ActivityRecord$Token
12-13 23:13:47.906 W/ActivityManager( 1628): 	at com.android.server.am.ActivityRecord.forTokenLocked(ActivityRecord.java:778)
12-13 23:13:47.906 W/ActivityManager( 1628): 	at com.android.server.am.ActivityRecord.isInStackLocked(ActivityRecord.java:2085)
12-13 23:13:47.906 W/ActivityManager( 1628): 	at com.android.server.am.ActivityRecord.getStackLocked(ActivityRecord.java:2090)
12-13 23:13:47.906 W/ActivityManager( 1628): 	at com.android.server.am.ActivityManagerService.getActivityDisplayId(ActivityManagerService.java:10406)
12-13 23:13:47.906 W/ActivityManager( 1628): 	at android.app.IActivityManager$Stub.onTransact(IActivityManager.java:2738)
12-13 23:13:47.906 W/ActivityManager( 1628): 	at com.android.server.am.ActivityManagerService.onTransact(ActivityManagerService.java:2935)
12-13 23:13:47.906 W/ActivityManager( 1628): 	at android.os.Binder.execTransact(Binder.java:674)
12-13 23:13:47.908 I/calabash( 4536): newActivity1
12-13 23:13:48.029 W/ActivityManager( 1628): Bad activity token: android.os.BinderProxy@866d80d
12-13 23:13:48.029 W/ActivityManager( 1628): java.lang.ClassCastException: android.os.BinderProxy cannot be cast to com.android.server.am.ActivityRecord$Token
12-13 23:13:48.029 W/ActivityManager( 1628): 	at com.android.server.am.ActivityRecord.forTokenLocked(ActivityRecord.java:778)
12-13 23:13:48.029 W/ActivityManager( 1628): 	at com.android.server.am.ActivityRecord.isInStackLocked(ActivityRecord.java:2085)
12-13 23:13:48.029 W/ActivityManager( 1628): 	at com.android.server.am.ActivityManagerService.setTaskDescription(ActivityManagerService.java:9988)
12-13 23:13:48.029 W/ActivityManager( 1628): 	at android.app.IActivityManager$Stub.onTransact(IActivityManager.java:2824)
12-13 23:13:48.029 W/ActivityManager( 1628): 	at com.android.server.am.ActivityManagerService.onTransact(ActivityManagerService.java:2935)
12-13 23:13:48.029 W/ActivityManager( 1628): 	at android.os.Binder.execTransact(Binder.java:674)
12-13 23:13:48.031 W/ActivityManager( 1628): Bad activity token: android.os.BinderProxy@866d80d
12-13 23:13:48.031 W/ActivityManager( 1628): java.lang.ClassCastException: android.os.BinderProxy cannot be cast to com.android.server.am.ActivityRecord$Token
12-13 23:13:48.031 W/ActivityManager( 1628): 	at com.android.server.am.ActivityRecord.forTokenLocked(ActivityRecord.java:778)
12-13 23:13:48.031 W/ActivityManager( 1628): 	at com.android.server.am.ActivityRecord.isInStackLocked(ActivityRecord.java:2085)
12-13 23:13:48.031 W/ActivityManager( 1628): 	at com.android.server.am.ActivityRecord.getStackLocked(ActivityRecord.java:2090)
12-13 23:13:48.031 W/ActivityManager( 1628): 	at com.android.server.am.ActivityManagerService.getActivityStackId(ActivityManagerService.java:10417)
12-13 23:13:48.031 W/ActivityManager( 1628): 	at android.app.IActivityManager$Stub.onTransact(IActivityManager.java:3548)
12-13 23:13:48.031 W/ActivityManager( 1628): 	at com.android.server.am.ActivityManagerService.onTransact(ActivityManagerService.java:2935)
12-13 23:13:48.031 W/ActivityManager( 1628): 	at android.os.Binder.execTransact(Binder.java:674)
12-13 23:13:48.055 I/zygote  ( 4536): Background concurrent copying GC freed 51886(1775KB) AllocSpace objects, 4(80KB) LOS objects, 50% free, 2MB/4MB, paused 516us total 126.466ms
12-13 23:13:48.069 D/VehicleStatisticsActivity( 4536): Checking recalculation ...
12-13 23:13:48.071 D/VehicleStatisticsActivity( 4536): Recalculating statistics
12-13 23:13:48.072 D/VehicleStatisticsTask( 4536): Calculation starting...
12-13 23:13:48.072 D/VehicleStatisticsActivity( 4536): Recalculation started!
12-13 23:13:48.076 W/ActivityManager( 1628): Bad activity token: android.os.BinderProxy@866d80d
12-13 23:13:48.076 W/ActivityManager( 1628): java.lang.ClassCastException: android.os.BinderProxy cannot be cast to com.android.server.am.ActivityRecord$Token
12-13 23:13:48.076 W/ActivityManager( 1628): 	at com.android.server.am.ActivityRecord.forTokenLocked(ActivityRecord.java:778)
12-13 23:13:48.076 W/ActivityManager( 1628): 	at com.android.server.am.ActivityRecord.isInStackLocked(ActivityRecord.java:2085)
12-13 23:13:48.076 W/ActivityManager( 1628): 	at com.android.server.am.ActivityManagerService.getActivityOptions(ActivityManagerService.java:13302)
12-13 23:13:48.076 W/ActivityManager( 1628): 	at android.app.IActivityManager$Stub.onTransact(IActivityManager.java:2910)
12-13 23:13:48.076 W/ActivityManager( 1628): 	at com.android.server.am.ActivityManagerService.onTransact(ActivityManagerService.java:2935)
12-13 23:13:48.076 W/ActivityManager( 1628): 	at android.os.Binder.execTransact(Binder.java:674)
12-13 23:13:48.077 W/ActivityManager( 1628): Bad activity token: android.os.BinderProxy@866d80d
12-13 23:13:48.077 W/ActivityManager( 1628): java.lang.ClassCastException: android.os.BinderProxy cannot be cast to com.android.server.am.ActivityRecord$Token
12-13 23:13:48.077 W/ActivityManager( 1628): 	at com.android.server.am.ActivityRecord.forTokenLocked(ActivityRecord.java:778)
12-13 23:13:48.077 W/ActivityManager( 1628): 	at com.android.server.am.ActivityRecord.isInStackLocked(ActivityRecord.java:2085)
12-13 23:13:48.077 W/ActivityManager( 1628): 	at com.android.server.am.ActivityManagerService.getActivityOptions(ActivityManagerService.java:13302)
12-13 23:13:48.077 W/ActivityManager( 1628): 	at android.app.IActivityManager$Stub.onTransact(IActivityManager.java:2910)
