--------- beginning of main
12-13 23:13:21.139 D/WificondControl( 1628): Scan result ready event
12-13 23:13:21.701 D/AndroidRuntime( 4093): >>>>>> START com.android.internal.os.RuntimeInit uid 2000 <<<<<<
12-13 23:13:21.733 W/app_process( 4093): Unexpected CPU variant for X86 using defaults: x86
12-13 23:13:21.748 D/AndroidRuntime( 4093): Calling main entry com.android.commands.am.Am
12-13 23:13:21.757 I/zygote  ( 4103): Not late-enabling -Xcheck:jni (already on)
12-13 23:13:21.763 W/zygote  ( 4103): Unexpected CPU variant for X86 using defaults: x86
12-13 23:13:21.765 D/AndroidRuntime( 4093): Shutting down VM
12-13 23:13:21.786 E/adbd    ( 1382): failed to connect to socket 'tcp:7102': Connection refused
12-13 23:13:21.789 E/adbd    ( 1382): failed to connect to socket 'tcp:7102': Connection refused
12-13 23:13:21.796 W/zygote  ( 4103): Found duplicate classes, falling back to extracting from APK : /data/app/com.evancharlton.mileage.test-l49qxAF0YlG0sfbdyr36fw==/base.apk
12-13 23:13:21.796 W/zygote  ( 4103): NOTE: This wastes RAM and hurts startup performance.
12-13 23:13:21.796 W/zygote  ( 4103): Found duplicated class when checking oat files: 'Ljunit/runner/BaseTestRunner;' in /data/app/com.evancharlton.mileage.test-l49qxAF0YlG0sfbdyr36fw==/base.apk and /system/framework/android.test.runner.jar
12-13 23:13:21.796 W/zygote  ( 4103): 
12-13 23:13:21.825 W/System  ( 4103): ClassLoader referenced unknown path: 
12-13 23:13:21.838 I/System.out( 4103): Main activity name automatically set to: com.evancharlton.mileage.Mileage
12-13 23:13:21.838 I/System.out( 4103): Calabash did not load Mono. This is only a problem if you are trying to test a Mono application
12-13 23:13:21.839 I/calabash( 4103): Test server port: 7102
12-13 23:13:21.840 I/InstrumentationBackend( 4103): Added:'GetPreferences', with key:'get_preferences'
12-13 23:13:21.898 I/InstrumentationBackend( 4103): Added:'SetPreferences', with key:'set_preferences'
12-13 23:13:21.899 I/InstrumentationBackend( 4103): Added:'ClearPreferences', with key:'clear_preferences'
12-13 23:13:21.899 I/InstrumentationBackend( 4103): Added:'PressElement', with key:'press_l10n_element'
12-13 23:13:21.900 E/adbd    ( 1382): failed to connect to socket 'tcp:7102': Connection refused
12-13 23:13:21.901 I/InstrumentationBackend( 4103): Added:'WaitForElement', with key:'wait_for_l10n_element'
12-13 23:13:21.902 I/InstrumentationBackend( 4103): Added:'NullAction', with key:'nullAction'
12-13 23:13:21.903 E/adbd    ( 1382): failed to connect to socket 'tcp:7102': Connection refused
12-13 23:13:21.904 I/InstrumentationBackend( 4103): Added:'PressKey', with key:'press_key'
12-13 23:13:21.904 I/InstrumentationBackend( 4103): Added:'SetActivityOrientation', with key:'set_activity_orientation'
12-13 23:13:21.904 I/InstrumentationBackend( 4103): Added:'GetActivityOrientation', with key:'get_activity_orientation'
12-13 23:13:21.905 I/InstrumentationBackend( 4103): Added:'FakeGPSLocation', with key:'set_gps_coordinates'
12-13 23:13:21.905 I/InstrumentationBackend( 4103): Added:'SetPropertyByCssSelector', with key:'set_property_by_css_selector'
12-13 23:13:21.906 I/InstrumentationBackend( 4103): Added:'GetUrl', with key:'get_url'
12-13 23:13:21.908 I/InstrumentationBackend( 4103): Added:'ScrollTo', with key:'scroll_to'
12-13 23:13:21.909 I/InstrumentationBackend( 4103): Added:'GetLoadProgress', with key:'get_load_progress'
12-13 23:13:21.909 I/InstrumentationBackend( 4103): Added:'DumpHtml', with key:'dump_html'
12-13 23:13:21.909 I/InstrumentationBackend( 4103): Added:'DumpBodyHtml', with key:'dump_body_html'
12-13 23:13:21.909 I/InstrumentationBackend( 4103): Added:'EnterTextByCssSelector', with key:'enter_text_by_selector'
12-13 23:13:21.913 I/InstrumentationBackend( 4103): Added:'AndroidSDKVersion', with key:'android_sdk_version'
12-13 23:13:21.914 I/InstrumentationBackend( 4103): Added:'Version', with key:'version'
12-13 23:13:21.914 I/InstrumentationBackend( 4103): Added:'Drag', with key:'drag'
12-13 23:13:21.915 I/InstrumentationBackend( 4103): Added:'TouchCoordinates', with key:'touch_coordinate'
12-13 23:13:21.915 I/InstrumentationBackend( 4103): Added:'LongPressCoordinate', with key:'long_press_coordinate'
12-13 23:13:21.915 I/InstrumentationBackend( 4103): Added:'DragCoordinates', with key:'drag_coordinates'
12-13 23:13:21.916 I/InstrumentationBackend( 4103): Added:'ResumeApplication', with key:'resume_application'
12-13 23:13:21.916 I/InstrumentationBackend( 4103): Added:'Swipe', with key:'swipe'
12-13 23:13:21.916 I/InstrumentationBackend( 4103): Added:'DoubleTapCoordinate', with key:'double_tap_coordinate'
12-13 23:13:21.916 I/InstrumentationBackend( 4103): Added:'ClickOnScreen', with key:'click_on_screen'
12-13 23:13:21.917 I/InstrumentationBackend( 4103): Added:'GetActivityName', with key:'get_activity_name'
12-13 23:13:21.918 I/InstrumentationBackend( 4103): Added:'ScrollToView', with key:'scroll_to_view'
12-13 23:13:21.918 I/InstrumentationBackend( 4103): Added:'ViewConfiguration', with key:'view_configuration'
12-13 23:13:21.918 I/InstrumentationBackend( 4103): Added:'IsCurrentActivityFocused', with key:'is_current_activity_focused'
12-13 23:13:21.919 I/InstrumentationBackend( 4103): Added:'SendTcp', with key:'send_tcp'
12-13 23:13:21.919 I/InstrumentationBackend( 4103): Added:'DpToDevicePixel', with key:'dp_to_device_pixel'
12-13 23:13:21.920 I/InstrumentationBackend( 4103): Added:'KeyboardEnterText', with key:'keyboard_enter_text'
12-13 23:13:21.921 I/InstrumentationBackend( 4103): Added:'DeleteSurroundingText', with key:'delete_surrounding_text'
12-13 23:13:21.921 I/InstrumentationBackend( 4103): Added:'SetComposingRegion', with key:'set_composing_region'
12-13 23:13:21.922 I/InstrumentationBackend( 4103): Added:'SetSelection', with key:'set_selection'
12-13 23:13:21.922 I/InstrumentationBackend( 4103): Added:'KeyboardKeyEvent', with key:'keyboard_key_event'
12-13 23:13:21.923 I/InstrumentationBackend( 4103): Added:'PressUserActionButton', with key:'press_user_action_button'
12-13 23:13:21.923 I/InstrumentationBackend( 4103): Added:'HideSoftKeyboard', with key:'hide_soft_keyboard'
12-13 23:13:21.924 I/InstrumentationBackend( 4103): Added:'ListActions', with key:'list_actions'
12-13 23:13:21.925 I/calabash( 4103): Instantiating http server at 7102
12-13 23:13:21.925 I/System.out( 4103): HTTP Daemon listening on: 7102
12-13 23:13:22.014 I/System.out( 4103): URI: //ping
12-13 23:13:22.015 I/System.out( 4103): params: {json={}
12-13 23:13:22.015 I/System.out( 4103): }
12-13 23:13:22.026 I/System.out( 4103): URI: //ping
12-13 23:13:22.026 I/System.out( 4103): params: {json={}
12-13 23:13:22.026 I/System.out( 4103): }
12-13 23:13:22.035 I/System.out( 4103): URI: //ready
12-13 23:13:22.035 I/System.out( 4103): params: {json={}
12-13 23:13:22.035 I/System.out( 4103): }
12-13 23:13:22.043 I/System.out( 4103): URI: //
12-13 23:13:22.043 I/System.out( 4103): params: {json={"command":"version","arguments":[]}
12-13 23:13:22.043 I/System.out( 4103): }
12-13 23:13:22.043 I/System.out( 4103): header: {content-type=application/json;charset=utf-8, date=Mon, 14 Dec 2020 04:13:22 GMT, accept=*/*, host=127.0.0.1:34777, content-length=36, user-agent=HTTPClient/1.0 (2.8.3, ruby 2.5.8 (2020-03-31))}
12-13 23:13:22.043 I/System.out( 4103): params: {json={"command":"version","arguments":[]}
12-13 23:13:22.043 I/System.out( 4103): }
12-13 23:13:22.043 I/System.out( 4103): ProP json = {"command":"version","arguments":[]}
12-13 23:13:22.043 I/System.out( 4103): files: {}
12-13 23:13:22.043 I/System.out( 4103): command: {"command":"version","arguments":[]}
12-13 23:13:22.072 I/InstrumentationBackend( 4103): Got command:'Command:'Line:null,version', arguments:'[]'
12-13 23:13:22.109 I/System.out( 4103): result:{"bonusInformation":[],"message":"0.9.8","success":true}
12-13 23:13:22.115 I/System.out( 4103): URI: //start-application
12-13 23:13:22.115 I/System.out( 4103): params: {json={"intent":null}
12-13 23:13:22.115 I/System.out( 4103): }
12-13 23:13:22.165 I/calabash( 4103): newActivity1
12-13 23:13:22.190 D/gralloc_ranchu( 1395): gralloc_alloc: Creating ashmem region of size 7753728
12-13 23:13:22.207 I/calabash( 4103): newActivity1
12-13 23:13:22.268 E/ContentStoreEUAS( 2214): Failed to commit the deferred actions
12-13 23:13:22.274 D/EGL_emulation( 2214): eglMakeCurrent: 0x9c847ec0: ver 3 0 (tinfo 0xa86ecf90)
12-13 23:13:22.277 D/EGL_emulation( 2179): eglMakeCurrent: 0x9c846d80: ver 3 0 (tinfo 0x9c9ff910)
12-13 23:13:22.283 V/StatusBar( 1726): setLightsOn(true)
12-13 23:13:22.303 D/EGL_emulation( 1726): eglMakeCurrent: 0x9aa2d0a0: ver 3 0 (tinfo 0x9aa7fb60)
12-13 23:13:22.312 I/chatty  ( 1726): uid=10028(u0_a28) RenderThread identical 1 line
12-13 23:13:22.316 D/EGL_emulation( 1726): eglMakeCurrent: 0x9aa2d0a0: ver 3 0 (tinfo 0x9aa7fb60)
12-13 23:13:22.317 V/StatusBar( 1726): setLightsOn(true)
12-13 23:13:22.329 D/EGL_emulation( 1726): eglMakeCurrent: 0x9aa2d0a0: ver 3 0 (tinfo 0x9aa7fb60)
12-13 23:13:22.433 I/chatty  ( 1726): uid=10028(u0_a28) RenderThread identical 12 lines
12-13 23:13:22.435 D/EGL_emulation( 1726): eglMakeCurrent: 0x9aa2d0a0: ver 3 0 (tinfo 0x9aa7fb60)
12-13 23:13:22.436 V/StatusBar( 1726): setLightsOn(true)
12-13 23:13:22.449 D/EGL_emulation( 1726): eglMakeCurrent: 0x9aa2d0a0: ver 3 0 (tinfo 0x9aa7fb60)
12-13 23:13:22.488 I/chatty  ( 1726): uid=10028(u0_a28) RenderThread identical 5 lines
12-13 23:13:22.502 D/EGL_emulation( 1726): eglMakeCurrent: 0x9aa2d0a0: ver 3 0 (tinfo 0x9aa7fb60)
12-13 23:13:22.503 V/StatusBar( 1726): setLightsOn(true)
12-13 23:13:22.532 D/gralloc_ranchu( 1395): gralloc_alloc: Creating ashmem region of size 7753728
12-13 23:13:22.562 D/        ( 4103): HostConnection::get() New Host Connection established 0x9c630e40, tid 4103
12-13 23:13:22.570 I/zygote  ( 4103): Do partial code cache collection, code=28KB, data=30KB
12-13 23:13:22.571 I/zygote  ( 4103): After code cache collection, code=28KB, data=30KB
12-13 23:13:22.571 I/zygote  ( 4103): Increasing code cache capacity to 128KB
12-13 23:13:22.575 I/zygote  ( 4103): Do partial code cache collection, code=28KB, data=48KB
12-13 23:13:22.575 I/zygote  ( 4103): After code cache collection, code=28KB, data=48KB
12-13 23:13:22.575 I/zygote  ( 4103): Increasing code cache capacity to 256KB
12-13 23:13:22.575 I/zygote  ( 4103): JIT allocated 71KB for compiled code of void android.widget.TextView.<init>(android.content.Context, android.util.AttributeSet, int, int)
12-13 23:13:22.575 I/zygote  ( 4103): Compiler allocated 4MB to compile void android.widget.TextView.<init>(android.content.Context, android.util.AttributeSet, int, int)
12-13 23:13:22.620 V/StatusBar( 1726): setLightsOn(true)
12-13 23:13:22.629 I/ActivityManager( 1628): Displayed com.evancharlton.mileage/.Mileage: +467ms
12-13 23:13:22.632 V/StatusBar( 1726): setLightsOn(true)
12-13 23:13:22.637 V/StatusBar( 1726): setLightsOn(true)
12-13 23:13:22.646 D/gralloc_ranchu( 1395): gralloc_alloc: Creating ashmem region of size 7753728
12-13 23:13:22.726 E/memtrack( 1628): Couldn't load memtrack module
12-13 23:13:22.730 W/android.os.Debug( 1628): failed to get memory consumption info: -1
12-13 23:13:22.741 V/StatusBar( 1726): setLightsOn(true)
12-13 23:13:22.812 I/chatty  ( 1726): uid=10028(u0_a28) com.android.systemui identical 1 line
12-13 23:13:22.841 V/StatusBar( 1726): setLightsOn(true)
12-13 23:13:22.936 I/System.out( 4103): URI: //kill
12-13 23:13:22.936 I/System.out( 4103): params: {json={}
12-13 23:13:22.936 I/System.out( 4103): }
12-13 23:13:22.936 I/System.out( 4103): Stopping test server
12-13 23:13:22.951 V/StatusBar( 1726): setLightsOn(true)
12-13 23:13:22.952 E/adbd    ( 1382): failed to connect to socket 'tcp:7102': Connection refused
12-13 23:13:22.955 V/StatusBar( 1726): setLightsOn(true)
12-13 23:13:22.959 E/adbd    ( 1382): failed to connect to socket 'tcp:7102': Connection refused
12-13 23:13:22.982 D/gralloc_ranchu( 1395): gralloc_alloc: Creating ashmem region of size 7753728
12-13 23:13:22.991 D/        ( 1628): HostConnection::get() New Host Connection established 0x8940d580, tid 2343
12-13 23:13:23.004 D/        ( 1726): HostConnection::get() New Host Connection established 0x9f220780, tid 1747
12-13 23:13:23.005 V/StatusBar( 1726): setLightsOn(true)
12-13 23:13:23.008 D/gralloc_ranchu( 1395): gralloc_alloc: Creating ashmem region of size 8298496
12-13 23:13:23.029 I/chatty  ( 1395): uid=1000(system) allocator@2.0-s identical 2 lines
12-13 23:13:23.096 D/gralloc_ranchu( 1395): gralloc_alloc: Creating ashmem region of size 8298496
12-13 23:13:23.150 I/zygote  ( 1726): NativeAllocBackground concurrent copying GC freed 452(69KB) AllocSpace objects, 0(0B) LOS objects, 49% free, 4MB/8MB, paused 5.016ms total 51.370ms
12-13 23:13:23.163 D/gralloc_ranchu( 1395): gralloc_alloc: Creating ashmem region of size 8298496
12-13 23:13:23.225 D/gralloc_ranchu( 1395): gralloc_alloc: Creating ashmem region of size 8298496
12-13 23:13:23.226 E/IPCThreadState( 1416): binder thread pool (4 threads) starved for 204 ms
12-13 23:13:23.319 D/EGL_emulation( 2179): eglMakeCurrent: 0x9c846d80: ver 3 0 (tinfo 0x9c9ff910)
12-13 23:13:23.346 D/EGL_emulation( 2214): eglMakeCurrent: 0x9c847ec0: ver 3 0 (tinfo 0xa86ecf90)
12-13 23:13:23.349 D/EGL_emulation( 1726): eglMakeCurrent: 0x9aa2d0a0: ver 3 0 (tinfo 0x9aa7fb60)
12-13 23:13:23.359 I/MicroDetectionWorker( 2214): #updateMicroDetector [detectionMode: [mDetectionMode: [1]]]
12-13 23:13:23.359 I/MicroDetectionWorker( 2214): #startMicroDetector [speakerMode: 0]
12-13 23:13:23.360 I/AudioController( 2214): Using mInputStreamFactoryBuilder
12-13 23:13:23.371 I/MicroDetectionWorker( 2214): onReady
12-13 23:13:23.381 D/EGL_emulation( 1726): eglMakeCurrent: 0x9aa2d0a0: ver 3 0 (tinfo 0x9aa7fb60)
12-13 23:13:23.384 I/MicroRecognitionRunner( 2214): Starting detection.
12-13 23:13:23.384 D/EGL_emulation( 1726): eglMakeCurrent: 0x9aa2d0a0: ver 3 0 (tinfo 0x9aa7fb60)
12-13 23:13:23.388 I/MicrophoneInputStream( 2214): mic_starting com.google.android.apps.gsa.staticplugins.aa.c@bbf2d3c
12-13 23:13:23.392 I/AudioFlinger( 1474): AudioFlinger's thread 0xaf083040 tid=4153 ready to run
12-13 23:13:23.395 I/MicrophoneInputStream( 2214): mic_started com.google.android.apps.gsa.staticplugins.aa.c@bbf2d3c
12-13 23:13:23.397 I/MicroDetectionWorker( 2214): onReady
12-13 23:13:23.404 I/MicrophoneInputStream( 2214): mic_close com.google.android.apps.gsa.staticplugins.aa.c@bbf2d3c
12-13 23:13:23.419 I/MicroRecognitionRunner( 2214): Detection finished
12-13 23:13:23.419 W/ErrorReporter( 2214): reportError [type: 211, code: 524300]: Error reading from input stream
12-13 23:13:23.420 I/MicroRecognitionRunner( 2214): Stopping hotword detection.
12-13 23:13:23.421 W/ErrorProcessor( 2214): onFatalError, processing error from engine(4)
12-13 23:13:23.421 W/ErrorProcessor( 2214): com.google.android.apps.gsa.shared.speech.b.g: Error reading from input stream
12-13 23:13:23.421 W/ErrorProcessor( 2214): 	at com.google.android.apps.gsa.staticplugins.recognizer.j.a.a(SourceFile:28)
12-13 23:13:23.421 W/ErrorProcessor( 2214): 	at com.google.android.apps.gsa.staticplugins.recognizer.j.b.run(SourceFile:15)
12-13 23:13:23.421 W/ErrorProcessor( 2214): 	at java.util.concurrent.Executors$RunnableAdapter.call(Executors.java:457)
12-13 23:13:23.421 W/ErrorProcessor( 2214): 	at java.util.concurrent.FutureTask.run(FutureTask.java:266)
12-13 23:13:23.421 W/ErrorProcessor( 2214): 	at com.google.android.apps.gsa.shared.util.concurrent.a.ax.run(SourceFile:14)
12-13 23:13:23.421 W/ErrorProcessor( 2214): 	at com.google.android.apps.gsa.shared.util.concurrent.a.bl.run(SourceFile:4)
12-13 23:13:23.421 W/ErrorProcessor( 2214): 	at com.google.android.apps.gsa.shared.util.concurrent.a.bl.run(SourceFile:4)
12-13 23:13:23.421 W/ErrorProcessor( 2214): 	at java.util.concurrent.ThreadPoolExecutor.runWorker(ThreadPoolExecutor.java:1162)
12-13 23:13:23.421 W/ErrorProcessor( 2214): 	at java.util.concurrent.ThreadPoolExecutor$Worker.run(ThreadPoolExecutor.java:636)
12-13 23:13:23.421 W/ErrorProcessor( 2214): 	at java.lang.Thread.run(Thread.java:764)
12-13 23:13:23.421 W/ErrorProcessor( 2214): 	at com.google.android.apps.gsa.shared.util.concurrent.a.ai.run(SourceFile:6)
12-13 23:13:23.421 W/ErrorProcessor( 2214): Caused by: com.google.android.apps.gsa.shared.exception.GsaIOException: Error code: 393238 | Buffer overflow, no available space.
12-13 23:13:23.421 W/ErrorProcessor( 2214): 	at com.google.android.apps.gsa.speech.audio.Tee.f(SourceFile:103)
12-13 23:13:23.421 W/ErrorProcessor( 2214): 	at com.google.android.apps.gsa.speech.audio.au.read(SourceFile:2)
12-13 23:13:23.421 W/ErrorProcessor( 2214): 	at java.io.InputStream.read(InputStream.java:101)
12-13 23:13:23.421 W/ErrorProcessor( 2214): 	at com.google.android.apps.gsa.speech.audio.ao.run(SourceFile:18)
12-13 23:13:23.421 W/ErrorProcessor( 2214): 	at com.google.android.apps.gsa.speech.audio.an.run(SourceFile:2)
12-13 23:13:23.421 W/ErrorProcessor( 2214): 	... 9 more
12-13 23:13:23.421 I/AudioController( 2214): internalShutdown
12-13 23:13:23.423 I/MicroDetector( 2214): Keeping mic open: false
12-13 23:13:23.423 I/MicroDetectionWorker( 2214): #onError(false)
12-13 23:13:23.423 I/DeviceStateChecker( 2214): DeviceStateChecker cancelled
12-13 23:13:23.484 I/OpenGLRenderer( 1628): Initialized EGL, version 1.4
12-13 23:13:23.484 D/OpenGLRenderer( 1628): Swap behavior 1
12-13 23:13:23.484 W/OpenGLRenderer( 1628): Failed to choose config with EGL_SWAP_BEHAVIOR_PRESERVED, retrying without...
12-13 23:13:23.484 D/OpenGLRenderer( 1628): Swap behavior 0
12-13 23:13:23.491 D/EGL_emulation( 1628): eglCreateContext: 0x9c5efb80: maj 3 min 0 rcv 3
12-13 23:13:23.493 D/EGL_emulation( 1628): eglMakeCurrent: 0x9c5efb80: ver 3 0 (tinfo 0x89443780)
12-13 23:13:23.493 E/eglCodecCommon( 1628): glUtilsParamSize: unknow param 0x00008cdf
12-13 23:13:23.493 E/eglCodecCommon( 1628): glUtilsParamSize: unknow param 0x00008cdf
12-13 23:13:23.494 E/eglCodecCommon( 1628): glUtilsParamSize: unknow param 0x00008824
12-13 23:13:23.494 E/eglCodecCommon( 1628): glUtilsParamSize: unknow param 0x00008824
12-13 23:13:23.643 I/zygote  ( 4103): Do full code cache collection, code=125KB, data=73KB
12-13 23:13:23.644 I/zygote  ( 4103): After code cache collection, code=111KB, data=46KB
12-13 23:13:23.811 W/OpenGLRenderer( 2179): Incorrectly called buildLayer on View: ShortcutAndWidgetContainer, destroying layer...
--------- beginning of system
12-13 23:13:26.172 E/TaskPersister( 1628): File error accessing recents directory (directory doesn't exist?).
12-13 23:13:26.290 D/AndroidRuntime( 4157): >>>>>> START com.android.internal.os.RuntimeInit uid 2000 <<<<<<
12-13 23:13:26.322 W/app_process( 4157): Unexpected CPU variant for X86 using defaults: x86
12-13 23:13:26.335 D/AndroidRuntime( 4157): Calling main entry com.android.commands.am.Am
12-13 23:13:26.336 I/ActivityManager( 1628): Force stopping com.evancharlton.mileage appid=10152 user=0: start instr
12-13 23:13:26.337 I/ActivityManager( 1628): Killing 4103:com.evancharlton.mileage/u0a152 (adj 0): stop com.evancharlton.mileage
12-13 23:13:26.337 W/ActivityManager( 1628): Crash of app com.evancharlton.mileage running instrumentation ComponentInfo{com.evancharlton.mileage.test/sh.calaba.instrumentationbackend.CalabashInstrumentationTestRunner}
12-13 23:13:26.337 I/ActivityManager( 1628): Force stopping com.evancharlton.mileage appid=10152 user=0: finished inst
12-13 23:13:26.338 I/ActivityManager( 1628): Killing 3389:com.google.android.apps.messaging:rcs/u0a66 (adj 906): empty #17
12-13 23:13:26.344 I/zygote  ( 4167): Not late-enabling -Xcheck:jni (already on)
12-13 23:13:26.350 I/ActivityManager( 1628): Start proc 4167:com.evancharlton.mileage/u0a152 for added application com.evancharlton.mileage
12-13 23:13:26.351 D/AndroidRuntime( 4157): Shutting down VM
12-13 23:13:26.354 W/ActivityManager( 1628): setHasOverlayUi called on unknown pid: 4103
12-13 23:13:26.354 W/zygote  ( 4167): Unexpected CPU variant for X86 using defaults: x86
12-13 23:13:26.355 E/memtrack( 1628): Couldn't load memtrack module
12-13 23:13:26.355 W/android.os.Debug( 1628): failed to get memory consumption info: -1
12-13 23:13:26.375 E/adbd    ( 1382): failed to connect to socket 'tcp:7102': Connection refused
12-13 23:13:26.380 E/adbd    ( 1382): failed to connect to socket 'tcp:7102': Connection refused
12-13 23:13:26.384 E/memtrack( 1628): Couldn't load memtrack module
12-13 23:13:26.384 W/android.os.Debug( 1628): failed to get memory consumption info: -1
12-13 23:13:26.390 W/zygote  ( 4167): Found duplicate classes, falling back to extracting from APK : /data/app/com.evancharlton.mileage.test-l49qxAF0YlG0sfbdyr36fw==/base.apk
12-13 23:13:26.390 W/zygote  ( 4167): NOTE: This wastes RAM and hurts startup performance.
12-13 23:13:26.390 W/zygote  ( 4167): Found duplicated class when checking oat files: 'Ljunit/runner/BaseTestRunner;' in /data/app/com.evancharlton.mileage.test-l49qxAF0YlG0sfbdyr36fw==/base.apk and /system/framework/android.test.runner.jar
12-13 23:13:26.390 W/zygote  ( 4167): 
12-13 23:13:26.394 E/memtrack( 1628): Couldn't load memtrack module
12-13 23:13:26.394 W/android.os.Debug( 1628): failed to get memory consumption info: -1
12-13 23:13:26.402 E/memtrack( 1628): Couldn't load memtrack module
12-13 23:13:26.402 W/android.os.Debug( 1628): failed to get memory consumption info: -1
12-13 23:13:26.420 W/System  ( 4167): ClassLoader referenced unknown path: 
12-13 23:13:26.432 I/System.out( 4167): Main activity name automatically set to: com.evancharlton.mileage.Mileage
12-13 23:13:26.433 I/System.out( 4167): Calabash did not load Mono. This is only a problem if you are trying to test a Mono application
12-13 23:13:26.434 I/calabash( 4167): Test server port: 7102
12-13 23:13:26.436 I/InstrumentationBackend( 4167): Added:'GetPreferences', with key:'get_preferences'
12-13 23:13:26.490 E/adbd    ( 1382): failed to connect to socket 'tcp:7102': Connection refused
12-13 23:13:26.493 E/adbd    ( 1382): failed to connect to socket 'tcp:7102': Connection refused
12-13 23:13:26.498 I/InstrumentationBackend( 4167): Added:'SetPreferences', with key:'set_preferences'
12-13 23:13:26.498 I/InstrumentationBackend( 4167): Added:'ClearPreferences', with key:'clear_preferences'
12-13 23:13:26.498 I/InstrumentationBackend( 4167): Added:'PressElement', with key:'press_l10n_element'
12-13 23:13:26.498 I/InstrumentationBackend( 4167): Added:'WaitForElement', with key:'wait_for_l10n_element'
12-13 23:13:26.499 I/InstrumentationBackend( 4167): Added:'NullAction', with key:'nullAction'
12-13 23:13:26.499 I/InstrumentationBackend( 4167): Added:'PressKey', with key:'press_key'
12-13 23:13:26.500 I/InstrumentationBackend( 4167): Added:'SetActivityOrientation', with key:'set_activity_orientation'
12-13 23:13:26.500 I/InstrumentationBackend( 4167): Added:'GetActivityOrientation', with key:'get_activity_orientation'
12-13 23:13:26.501 I/InstrumentationBackend( 4167): Added:'FakeGPSLocation', with key:'set_gps_coordinates'
12-13 23:13:26.501 I/InstrumentationBackend( 4167): Added:'SetPropertyByCssSelector', with key:'set_property_by_css_selector'
12-13 23:13:26.502 I/InstrumentationBackend( 4167): Added:'GetUrl', with key:'get_url'
12-13 23:13:26.504 I/InstrumentationBackend( 4167): Added:'ScrollTo', with key:'scroll_to'
12-13 23:13:26.504 I/InstrumentationBackend( 4167): Added:'GetLoadProgress', with key:'get_load_progress'
12-13 23:13:26.505 I/InstrumentationBackend( 4167): Added:'DumpHtml', with key:'dump_html'
12-13 23:13:26.505 I/InstrumentationBackend( 4167): Added:'DumpBodyHtml', with key:'dump_body_html'
12-13 23:13:26.505 I/InstrumentationBackend( 4167): Added:'EnterTextByCssSelector', with key:'enter_text_by_selector'
12-13 23:13:26.509 I/InstrumentationBackend( 4167): Added:'AndroidSDKVersion', with key:'android_sdk_version'
12-13 23:13:26.509 I/InstrumentationBackend( 4167): Added:'Version', with key:'version'
12-13 23:13:26.509 I/InstrumentationBackend( 4167): Added:'Drag', with key:'drag'
12-13 23:13:26.510 I/InstrumentationBackend( 4167): Added:'TouchCoordinates', with key:'touch_coordinate'
12-13 23:13:26.511 I/InstrumentationBackend( 4167): Added:'LongPressCoordinate', with key:'long_press_coordinate'
12-13 23:13:26.511 I/InstrumentationBackend( 4167): Added:'DragCoordinates', with key:'drag_coordinates'
12-13 23:13:26.512 I/InstrumentationBackend( 4167): Added:'ResumeApplication', with key:'resume_application'
12-13 23:13:26.512 I/InstrumentationBackend( 4167): Added:'Swipe', with key:'swipe'
12-13 23:13:26.512 I/InstrumentationBackend( 4167): Added:'DoubleTapCoordinate', with key:'double_tap_coordinate'
12-13 23:13:26.512 I/InstrumentationBackend( 4167): Added:'ClickOnScreen', with key:'click_on_screen'
12-13 23:13:26.513 I/InstrumentationBackend( 4167): Added:'GetActivityName', with key:'get_activity_name'
12-13 23:13:26.514 I/InstrumentationBackend( 4167): Added:'ScrollToView', with key:'scroll_to_view'
12-13 23:13:26.514 I/InstrumentationBackend( 4167): Added:'ViewConfiguration', with key:'view_configuration'
12-13 23:13:26.514 I/InstrumentationBackend( 4167): Added:'IsCurrentActivityFocused', with key:'is_current_activity_focused'
12-13 23:13:26.515 I/InstrumentationBackend( 4167): Added:'SendTcp', with key:'send_tcp'
12-13 23:13:26.515 I/InstrumentationBackend( 4167): Added:'DpToDevicePixel', with key:'dp_to_device_pixel'
12-13 23:13:26.516 I/InstrumentationBackend( 4167): Added:'KeyboardEnterText', with key:'keyboard_enter_text'
12-13 23:13:26.517 I/InstrumentationBackend( 4167): Added:'DeleteSurroundingText', with key:'delete_surrounding_text'
12-13 23:13:26.517 I/InstrumentationBackend( 4167): Added:'SetComposingRegion', with key:'set_composing_region'
12-13 23:13:26.518 I/InstrumentationBackend( 4167): Added:'SetSelection', with key:'set_selection'
12-13 23:13:26.518 I/InstrumentationBackend( 4167): Added:'KeyboardKeyEvent', with key:'keyboard_key_event'
12-13 23:13:26.518 I/InstrumentationBackend( 4167): Added:'PressUserActionButton', with key:'press_user_action_button'
12-13 23:13:26.519 I/InstrumentationBackend( 4167): Added:'HideSoftKeyboard', with key:'hide_soft_keyboard'
12-13 23:13:26.520 I/InstrumentationBackend( 4167): Added:'ListActions', with key:'list_actions'
12-13 23:13:26.521 I/calabash( 4167): Instantiating http server at 7102
12-13 23:13:26.521 I/System.out( 4167): HTTP Daemon listening on: 7102
12-13 23:13:26.605 I/System.out( 4167): URI: //ping
12-13 23:13:26.605 I/System.out( 4167): params: {json={}
12-13 23:13:26.605 I/System.out( 4167): }
12-13 23:13:26.616 I/System.out( 4167): URI: //ping
12-13 23:13:26.616 I/System.out( 4167): params: {json={}
12-13 23:13:26.616 I/System.out( 4167): }
12-13 23:13:26.623 I/System.out( 4167): URI: //ready
12-13 23:13:26.623 I/System.out( 4167): params: {json={}
12-13 23:13:26.623 I/System.out( 4167): }
12-13 23:13:26.630 I/System.out( 4167): URI: //
12-13 23:13:26.630 I/System.out( 4167): params: {json={"command":"version","arguments":[]}
12-13 23:13:26.630 I/System.out( 4167): }
12-13 23:13:26.630 I/System.out( 4167): header: {content-type=application/json;charset=utf-8, date=Mon, 14 Dec 2020 04:13:27 GMT, accept=*/*, host=127.0.0.1:34777, content-length=36, user-agent=HTTPClient/1.0 (2.8.3, ruby 2.5.8 (2020-03-31))}
12-13 23:13:26.630 I/System.out( 4167): params: {json={"command":"version","arguments":[]}
12-13 23:13:26.630 I/System.out( 4167): }
12-13 23:13:26.630 I/System.out( 4167): ProP json = {"command":"version","arguments":[]}
12-13 23:13:26.630 I/System.out( 4167): files: {}
12-13 23:13:26.630 I/System.out( 4167): command: {"command":"version","arguments":[]}
12-13 23:13:26.657 I/InstrumentationBackend( 4167): Got command:'Command:'Line:null,version', arguments:'[]'
12-13 23:13:26.695 I/System.out( 4167): result:{"bonusInformation":[],"message":"0.9.8","success":true}
12-13 23:13:26.701 I/System.out( 4167): URI: //start-application
12-13 23:13:26.701 I/System.out( 4167): params: {json={"intent":null}
12-13 23:13:26.702 I/System.out( 4167): }
12-13 23:13:26.738 I/ActivityManager( 1628): START u0 {act=android.intent.action.MAIN cat=[android.intent.category.LAUNCHER] flg=0x10200000 cmp=com.evancharlton.mileage/.Mileage} from uid 10152
12-13 23:13:26.751 I/calabash( 4167): newActivity1
12-13 23:13:26.773 W/ActivityManager( 1628): Bad activity token: android.os.BinderProxy@45a9ebf
12-13 23:13:26.773 W/ActivityManager( 1628): java.lang.ClassCastException: android.os.BinderProxy cannot be cast to com.android.server.am.ActivityRecord$Token
12-13 23:13:26.773 W/ActivityManager( 1628): 	at com.android.server.am.ActivityRecord.forTokenLocked(ActivityRecord.java:778)
12-13 23:13:26.773 W/ActivityManager( 1628): 	at com.android.server.am.ActivityRecord.isInStackLocked(ActivityRecord.java:2085)
12-13 23:13:26.773 W/ActivityManager( 1628): 	at com.android.server.am.ActivityRecord.getStackLocked(ActivityRecord.java:2090)
12-13 23:13:26.773 W/ActivityManager( 1628): 	at com.android.server.am.ActivityManagerService.getActivityDisplayId(ActivityManagerService.java:10406)
12-13 23:13:26.773 W/ActivityManager( 1628): 	at android.app.IActivityManager$Stub.onTransact(IActivityManager.java:2738)
12-13 23:13:26.773 W/ActivityManager( 1628): 	at com.android.server.am.ActivityManagerService.onTransact(ActivityManagerService.java:2935)
12-13 23:13:26.773 W/ActivityManager( 1628): 	at android.os.Binder.execTransact(Binder.java:674)
12-13 23:13:26.775 D/gralloc_ranchu( 1395): gralloc_alloc: Creating ashmem region of size 7753728
12-13 23:13:26.779 I/calabash( 4167): newActivity1
12-13 23:13:26.790 W/ActivityManager( 1628): Bad activity token: android.os.BinderProxy@45a9ebf
12-13 23:13:26.790 W/ActivityManager( 1628): java.lang.ClassCastException: android.os.BinderProxy cannot be cast to com.android.server.am.ActivityRecord$Token
12-13 23:13:26.790 W/ActivityManager( 1628): 	at com.android.server.am.ActivityRecord.forTokenLocked(ActivityRecord.java:778)
12-13 23:13:26.790 W/ActivityManager( 1628): 	at com.android.server.am.ActivityRecord.isInStackLocked(ActivityRecord.java:2085)
12-13 23:13:26.790 W/ActivityManager( 1628): 	at com.android.server.am.ActivityManagerService.setTaskDescription(ActivityManagerService.java:9988)
12-13 23:13:26.790 W/ActivityManager( 1628): 	at android.app.IActivityManager$Stub.onTransact(IActivityManager.java:2824)
12-13 23:13:26.790 W/ActivityManager( 1628): 	at com.android.server.am.ActivityManagerService.onTransact(ActivityManagerService.java:2935)
12-13 23:13:26.790 W/ActivityManager( 1628): 	at android.os.Binder.execTransact(Binder.java:674)
12-13 23:13:26.792 W/ActivityManager( 1628): Bad activity token: android.os.BinderProxy@45a9ebf
12-13 23:13:26.792 W/ActivityManager( 1628): java.lang.ClassCastException: android.os.BinderProxy cannot be cast to com.android.server.am.ActivityRecord$Token
12-13 23:13:26.792 W/ActivityManager( 1628): 	at com.android.server.am.ActivityRecord.forTokenLocked(ActivityRecord.java:778)
12-13 23:13:26.792 W/ActivityManager( 1628): 	at com.android.server.am.ActivityRecord.isInStackLocked(ActivityRecord.java:2085)
12-13 23:13:26.792 W/ActivityManager( 1628): 	at com.android.server.am.ActivityRecord.getStackLocked(ActivityRecord.java:2090)
12-13 23:13:26.792 W/ActivityManager( 1628): 	at com.android.server.am.ActivityManagerService.getActivityStackId(ActivityManagerService.java:10417)
12-13 23:13:26.792 W/ActivityManager( 1628): 	at android.app.IActivityManager$Stub.onTransact(IActivityManager.java:3548)
12-13 23:13:26.792 W/ActivityManager( 1628): 	at com.android.server.am.ActivityManagerService.onTransact(ActivityManagerService.java:2935)
12-13 23:13:26.792 W/ActivityManager( 1628): 	at android.os.Binder.execTransact(Binder.java:674)
12-13 23:13:26.833 D/EGL_emulation( 2214): eglMakeCurrent: 0x9c847ec0: ver 3 0 (tinfo 0xa86ecf90)
12-13 23:13:26.834 D/EGL_emulation( 2179): eglMakeCurrent: 0x9c846d80: ver 3 0 (tinfo 0x9c9ff910)
12-13 23:13:26.842 D/EGL_emulation( 1726): eglMakeCurrent: 0x9aa2d0a0: ver 3 0 (tinfo 0x9aa7fb60)
12-13 23:13:26.864 I/chatty  ( 1726): uid=10028(u0_a28) RenderThread identical 2 lines
12-13 23:13:26.875 D/EGL_emulation( 1726): eglMakeCurrent: 0x9aa2d0a0: ver 3 0 (tinfo 0x9aa7fb60)
12-13 23:13:26.877 V/StatusBar( 1726): setLightsOn(true)
12-13 23:13:26.882 D/EGL_emulation( 1726): eglMakeCurrent: 0x9aa2d0a0: ver 3 0 (tinfo 0x9aa7fb60)
12-13 23:13:26.885 D/EGL_emulation( 1726): eglMakeCurrent: 0x9aa2d0a0: ver 3 0 (tinfo 0x9aa7fb60)
12-13 23:13:26.886 E/ContentStoreEUAS( 2214): Failed to commit the deferred actions
12-13 23:13:26.897 D/EGL_emulation( 1726): eglMakeCurrent: 0x9aa2d0a0: ver 3 0 (tinfo 0x9aa7fb60)
12-13 23:13:26.914 W/ActivityManager( 1628): Bad activity token: android.os.BinderProxy@45a9ebf
12-13 23:13:26.914 W/ActivityManager( 1628): java.lang.ClassCastException: android.os.BinderProxy cannot be cast to com.android.server.am.ActivityRecord$Token
12-13 23:13:26.914 W/ActivityManager( 1628): 	at com.android.server.am.ActivityRecord.forTokenLocked(ActivityRecord.java:778)
12-13 23:13:26.914 W/ActivityManager( 1628): 	at com.android.server.am.ActivityRecord.isInStackLocked(ActivityRecord.java:2085)
12-13 23:13:26.914 W/ActivityManager( 1628): 	at com.android.server.am.ActivityManagerService.getActivityOptions(ActivityManagerService.java:13302)
12-13 23:13:26.914 W/ActivityManager( 1628): 	at android.app.IActivityManager$Stub.onTransact(IActivityManager.java:2910)
12-13 23:13:26.914 W/ActivityManager( 1628): 	at com.android.server.am.ActivityManagerService.onTransact(ActivityManagerService.java:2935)
12-13 23:13:26.914 W/ActivityManager( 1628): 	at android.os.Binder.execTransact(Binder.java:674)
12-13 23:13:26.915 W/ActivityManager( 1628): Bad activity token: android.os.BinderProxy@45a9ebf
12-13 23:13:26.915 W/ActivityManager( 1628): java.lang.ClassCastException: android.os.BinderProxy cannot be cast to com.android.server.am.ActivityRecord$Token
12-13 23:13:26.915 W/ActivityManager( 1628): 	at com.android.server.am.ActivityRecord.forTokenLocked(ActivityRecord.java:778)
12-13 23:13:26.915 W/ActivityManager( 1628): 	at com.android.server.am.ActivityRecord.isInStackLocked(ActivityRecord.java:2085)
12-13 23:13:26.915 W/ActivityManager( 1628): 	at com.android.server.am.ActivityManagerService.getActivityOptions(ActivityManagerService.java:13302)
12-13 23:13:26.915 W/ActivityManager( 1628): 	at android.app.IActivityManager$Stub.onTransact(IActivityManager.java:2910)
12-13 23:13:26.915 W/ActivityManager( 1628): 	at com.android.server.am.ActivityManagerService.onTransact(ActivityManagerService.java:2935)
12-13 23:13:26.915 W/ActivityManager( 1628): 	at android.os.Binder.execTransact(Binder.java:674)
12-13 23:13:26.999 I/chatty  ( 1726): uid=10028(u0_a28) RenderThread identical 12 lines
12-13 23:13:27.002 D/EGL_emulation( 1726): eglMakeCurrent: 0x9aa2d0a0: ver 3 0 (tinfo 0x9aa7fb60)
12-13 23:13:27.002 V/StatusBar( 1726): setLightsOn(true)
12-13 23:13:27.013 D/EGL_emulation( 1726): eglMakeCurrent: 0x9aa2d0a0: ver 3 0 (tinfo 0x9aa7fb60)
12-13 23:13:27.034 I/chatty  ( 1726): uid=10028(u0_a28) RenderThread identical 3 lines
12-13 23:13:27.050 D/EGL_emulation( 1726): eglMakeCurrent: 0x9aa2d0a0: ver 3 0 (tinfo 0x9aa7fb60)
12-13 23:13:27.051 V/StatusBar( 1726): setLightsOn(true)
12-13 23:13:27.059 D/EGL_emulation( 1726): eglMakeCurrent: 0x9aa2d0a0: ver 3 0 (tinfo 0x9aa7fb60)
12-13 23:13:27.066 D/EGL_emulation( 1726): eglMakeCurrent: 0x9aa2d0a0: ver 3 0 (tinfo 0x9aa7fb60)
12-13 23:13:27.088 D/gralloc_ranchu( 1395): gralloc_alloc: Creating ashmem region of size 7753728
12-13 23:13:27.094 I/zygote  ( 4167): Do partial code cache collection, code=28KB, data=30KB
12-13 23:13:27.094 I/zygote  ( 4167): After code cache collection, code=28KB, data=30KB
12-13 23:13:27.094 I/zygote  ( 4167): Increasing code cache capacity to 128KB
12-13 23:13:27.095 I/zygote  ( 4167): Do partial code cache collection, code=28KB, data=48KB
12-13 23:13:27.095 I/zygote  ( 4167): After code cache collection, code=28KB, data=48KB
12-13 23:13:27.095 I/zygote  ( 4167): Increasing code cache capacity to 256KB
12-13 23:13:27.096 I/zygote  ( 4167): JIT allocated 71KB for compiled code of void android.widget.TextView.<init>(android.content.Context, android.util.AttributeSet, int, int)
12-13 23:13:27.096 I/zygote  ( 4167): Compiler allocated 4MB to compile void android.widget.TextView.<init>(android.content.Context, android.util.AttributeSet, int, int)
12-13 23:13:27.116 D/        ( 4167): HostConnection::get() New Host Connection established 0x9c630d00, tid 4167
12-13 23:13:27.164 V/StatusBar( 1726): setLightsOn(true)
12-13 23:13:27.166 V/StatusBar( 1726): setLightsOn(true)
12-13 23:13:27.169 I/ActivityManager( 1628): Displayed com.evancharlton.mileage/.Mileage: +421ms
12-13 23:13:27.190 V/StatusBar( 1726): setLightsOn(true)
12-13 23:13:27.231 D/gralloc_ranchu( 1395): gralloc_alloc: Creating ashmem region of size 7753728
12-13 23:13:27.257 V/StatusBar( 1726): setLightsOn(true)
