--------- beginning of main
12-14 04:14:15.477 E/adbd    ( 1383): failed to connect to socket 'tcp:7102': Connection refused
12-14 04:14:15.546 V/StatusBar( 1732): setLightsOn(true)
12-14 04:14:15.549 V/StatusBar( 1732): setLightsOn(true)
12-14 04:14:15.557 W/audio_hw_generic( 1390): Not supplying enough data to HAL, expected position 836917 , only wrote 596160
--------- beginning of system
12-14 04:14:15.558 W/ActivityManager( 1629): Finishing task with all activities already finished
12-14 04:14:15.558 W/ActivityManager( 1629): Duplicate finish request for ActivityRecord{617eaa u0 com.evancharlton.mileage/.Mileage t253 f}
12-14 04:14:15.567 W/ActivityManager( 1629): Finishing task with all activities already finished
12-14 04:14:15.567 W/ActivityManager( 1629): Duplicate finish request for ActivityRecord{617eaa u0 com.evancharlton.mileage/.Mileage t253 f}
12-14 04:14:15.567 V/StatusBar( 1732): setLightsOn(true)
12-14 04:14:15.568 I/chatty  ( 1732): uid=10028(u0_a28) com.android.systemui identical 1 line
12-14 04:14:15.569 W/ActivityManager( 1629): Finishing task with all activities already finished
12-14 04:14:15.569 W/ActivityManager( 1629): Duplicate finish request for ActivityRecord{617eaa u0 com.evancharlton.mileage/.Mileage t253 f}
12-14 04:14:15.569 W/ActivityManager( 1629): Finishing task with all activities already finished
12-14 04:14:15.569 W/ActivityManager( 1629): Duplicate finish request for ActivityRecord{617eaa u0 com.evancharlton.mileage/.Mileage t253 f}
12-14 04:14:15.570 W/ActivityManager( 1629): Finishing task with all activities already finished
12-14 04:14:15.570 W/ActivityManager( 1629): Duplicate finish request for ActivityRecord{617eaa u0 com.evancharlton.mileage/.Mileage t253 f}
12-14 04:14:15.571 W/ActivityManager( 1629): Finishing task with all activities already finished
12-14 04:14:15.571 W/ActivityManager( 1629): Duplicate finish request for ActivityRecord{617eaa u0 com.evancharlton.mileage/.Mileage t253 f}
12-14 04:14:15.572 W/ActivityManager( 1629): Finishing task with all activities already finished
12-14 04:14:15.572 W/ActivityManager( 1629): Duplicate finish request for ActivityRecord{617eaa u0 com.evancharlton.mileage/.Mileage t253 f}
12-14 04:14:15.572 W/ActivityManager( 1629): Finishing task with all activities already finished
12-14 04:14:15.572 W/ActivityManager( 1629): Duplicate finish request for ActivityRecord{617eaa u0 com.evancharlton.mileage/.Mileage t253 f}
12-14 04:14:15.572 W/ActivityManager( 1629): Finishing task with all activities already finished
12-14 04:14:15.572 W/ActivityManager( 1629): Duplicate finish request for ActivityRecord{617eaa u0 com.evancharlton.mileage/.Mileage t253 f}
12-14 04:14:15.579 W/ActivityManager( 1629): Finishing task with all activities already finished
12-14 04:14:15.580 W/ActivityManager( 1629): Duplicate finish request for ActivityRecord{617eaa u0 com.evancharlton.mileage/.Mileage t253 f}
12-14 04:14:15.582 V/StatusBar( 1732): setLightsOn(true)
12-14 04:14:15.585 D/gralloc_ranchu( 1396): gralloc_alloc: Creating ashmem region of size 8298496
12-14 04:14:15.587 W/ActivityManager( 1629): Finishing task with all activities already finished
12-14 04:14:15.587 W/ActivityManager( 1629): Duplicate finish request for ActivityRecord{617eaa u0 com.evancharlton.mileage/.Mileage t253 f}
12-14 04:14:15.604 D/EGL_emulation( 1732): eglMakeCurrent: 0x9f305900: ver 3 0 (tinfo 0x9f3035a0)
12-14 04:14:15.606 D/gralloc_ranchu( 1396): gralloc_alloc: Creating ashmem region of size 8298496
12-14 04:14:15.613 I/zygote  ( 2177): Do full code cache collection, code=123KB, data=81KB
12-14 04:14:15.614 I/zygote  ( 2177): After code cache collection, code=114KB, data=68KB
12-14 04:14:15.618 D/gralloc_ranchu( 1396): gralloc_alloc: Creating ashmem region of size 8298496
12-14 04:14:15.646 I/chatty  ( 1396): uid=1000(system) allocator@2.0-s identical 1 line
12-14 04:14:15.739 D/gralloc_ranchu( 1396): gralloc_alloc: Creating ashmem region of size 8298496
12-14 04:14:15.816 D/gralloc_ranchu( 1396): gralloc_alloc: Creating ashmem region of size 8298496
12-14 04:14:15.817 E/IPCThreadState( 1406): binder thread pool (4 threads) starved for 226 ms
12-14 04:14:15.932 D/EGL_emulation( 2217): eglMakeCurrent: 0x9f305a80: ver 3 0 (tinfo 0x9f303470)
12-14 04:14:15.947 D/gralloc_ranchu( 1396): gralloc_alloc: Creating ashmem region of size 8298496
12-14 04:14:16.025 D/EGL_emulation( 2217): eglMakeCurrent: 0x9f305a80: ver 3 0 (tinfo 0x9f303470)
12-14 04:14:16.029 D/gralloc_ranchu( 1396): gralloc_alloc: Creating ashmem region of size 8298496
12-14 04:14:16.099 D/EGL_emulation( 2177): eglMakeCurrent: 0x9f305480: ver 3 0 (tinfo 0x9f303360)
12-14 04:14:16.113 D/EGL_emulation( 2217): eglMakeCurrent: 0x9f305a80: ver 3 0 (tinfo 0x9f303470)
12-14 04:14:16.114 D/gralloc_ranchu( 1396): gralloc_alloc: Creating ashmem region of size 8298496
12-14 04:14:16.187 D/gralloc_ranchu( 1396): gralloc_alloc: Creating ashmem region of size 8298496
12-14 04:14:16.298 D/gralloc_ranchu( 1396): gralloc_alloc: Creating ashmem region of size 7753728
12-14 04:14:16.375 D/EGL_emulation( 1732): eglMakeCurrent: 0x9f305900: ver 3 0 (tinfo 0x9f3035a0)
12-14 04:14:16.378 W/SessionLifecycleManager( 2217): Handover failed. Creating new session controller.
12-14 04:14:16.383 W/ActivityManager( 1629): Unable to start service Intent { act=com.google.android.gms.speech.service.START pkg=com.google.android.gms } U=0: not found
12-14 04:14:16.387 I/OptInState( 2217): There is a new client and it does not support opt-in. Dropping request.
12-14 04:14:16.390 D/EGL_emulation( 1732): eglMakeCurrent: 0x9f305900: ver 3 0 (tinfo 0x9f3035a0)
12-14 04:14:16.397 W/ActivityManager( 1629): Unbind failed: could not find connection for android.os.BinderProxy@5d3c0f6
12-14 04:14:16.398 E/GmsClient( 2217): unable to connect to service: com.google.android.gms.speech.service.START on com.google.android.gms
12-14 04:14:16.404 D/EGL_emulation( 1732): eglMakeCurrent: 0x9f305900: ver 3 0 (tinfo 0x9f3035a0)
12-14 04:14:16.408 I/chatty  ( 1732): uid=10028(u0_a28) RenderThread identical 1 line
12-14 04:14:16.428 D/EGL_emulation( 1732): eglMakeCurrent: 0x9f305900: ver 3 0 (tinfo 0x9f3035a0)
12-14 04:14:16.434 I/MicroDetectionWorker( 2217): #updateMicroDetector [detectionMode: [mDetectionMode: [1]]]
12-14 04:14:16.434 I/MicroDetectionWorker( 2217): #startMicroDetector [speakerMode: 0]
12-14 04:14:16.435 I/AudioController( 2217): Using mInputStreamFactoryBuilder
12-14 04:14:16.444 D/EGL_emulation( 1732): eglMakeCurrent: 0x9f305900: ver 3 0 (tinfo 0x9f3035a0)
12-14 04:14:16.454 D/EGL_emulation( 1732): eglMakeCurrent: 0x9f305900: ver 3 0 (tinfo 0x9f3035a0)
12-14 04:14:16.455 I/MicroDetectionWorker( 2217): onReady
12-14 04:14:16.464 W/OpenGLRenderer( 2177): Incorrectly called buildLayer on View: ShortcutAndWidgetContainer, destroying layer...
12-14 04:14:16.473 D/gralloc_ranchu( 1396): gralloc_alloc: Creating ashmem region of size 8298496
12-14 04:14:16.482 D/AndroidRuntime( 4479): >>>>>> START com.android.internal.os.RuntimeInit uid 2000 <<<<<<
12-14 04:14:16.563 I/zygote  ( 1732): NativeAllocBackground concurrent copying GC freed 10989(701KB) AllocSpace objects, 0(0B) LOS objects, 49% free, 4MB/9MB, paused 2.564ms total 166.127ms
12-14 04:14:16.569 D/EGL_emulation( 1732): eglMakeCurrent: 0x9f305900: ver 3 0 (tinfo 0x9f3035a0)
12-14 04:14:16.569 I/MicroRecognitionRunner( 2217): Starting detection.
12-14 04:14:16.579 D/EGL_emulation( 1732): eglMakeCurrent: 0x9f305900: ver 3 0 (tinfo 0x9f3035a0)
12-14 04:14:16.588 I/chatty  ( 1732): uid=10028(u0_a28) RenderThread identical 1 line
12-14 04:14:16.599 D/EGL_emulation( 1732): eglMakeCurrent: 0x9f305900: ver 3 0 (tinfo 0x9f3035a0)
12-14 04:14:16.610 I/MicrophoneInputStream( 2217): mic_starting com.google.android.apps.gsa.staticplugins.aa.c@970cd80
12-14 04:14:16.622 I/MicrophoneInputStream( 2217): mic_started com.google.android.apps.gsa.staticplugins.aa.c@970cd80
12-14 04:14:16.623 E/ActivityThread( 2217): Failed to find provider info for com.google.android.apps.gsa.testing.ui.audio.recorded
12-14 04:14:16.624 I/MicroDetectionWorker( 2217): onReady
12-14 04:14:16.626 I/MicrophoneInputStream( 2217): mic_close com.google.android.apps.gsa.staticplugins.aa.c@970cd80
12-14 04:14:16.631 I/AudioFlinger( 1475): AudioFlinger's thread 0xac583100 tid=4484 ready to run
12-14 04:14:16.632 I/MicroRecognitionRunner( 2217): Detection finished
12-14 04:14:16.634 W/ErrorReporter( 2217): reportError [type: 211, code: 524300]: Error reading from input stream
12-14 04:14:16.650 I/MicroRecognitionRunner( 2217): Stopping hotword detection.
12-14 04:14:16.651 W/ErrorProcessor( 2217): onFatalError, processing error from engine(4)
12-14 04:14:16.651 W/ErrorProcessor( 2217): com.google.android.apps.gsa.shared.speech.b.g: Error reading from input stream
12-14 04:14:16.651 W/ErrorProcessor( 2217): 	at com.google.android.apps.gsa.staticplugins.recognizer.j.a.a(SourceFile:28)
12-14 04:14:16.651 W/ErrorProcessor( 2217): 	at com.google.android.apps.gsa.staticplugins.recognizer.j.b.run(SourceFile:15)
12-14 04:14:16.651 W/ErrorProcessor( 2217): 	at java.util.concurrent.Executors$RunnableAdapter.call(Executors.java:457)
12-14 04:14:16.651 W/ErrorProcessor( 2217): 	at java.util.concurrent.FutureTask.run(FutureTask.java:266)
12-14 04:14:16.651 W/ErrorProcessor( 2217): 	at com.google.android.apps.gsa.shared.util.concurrent.a.ax.run(SourceFile:14)
12-14 04:14:16.651 W/ErrorProcessor( 2217): 	at com.google.android.apps.gsa.shared.util.concurrent.a.bl.run(SourceFile:4)
12-14 04:14:16.651 W/ErrorProcessor( 2217): 	at com.google.android.apps.gsa.shared.util.concurrent.a.bl.run(SourceFile:4)
12-14 04:14:16.651 W/ErrorProcessor( 2217): 	at java.util.concurrent.ThreadPoolExecutor.runWorker(ThreadPoolExecutor.java:1162)
12-14 04:14:16.651 W/ErrorProcessor( 2217): 	at java.util.concurrent.ThreadPoolExecutor$Worker.run(ThreadPoolExecutor.java:636)
12-14 04:14:16.651 W/ErrorProcessor( 2217): 	at java.lang.Thread.run(Thread.java:764)
12-14 04:14:16.651 W/ErrorProcessor( 2217): 	at com.google.android.apps.gsa.shared.util.concurrent.a.ai.run(SourceFile:6)
12-14 04:14:16.651 W/ErrorProcessor( 2217): Caused by: com.google.android.apps.gsa.shared.exception.GsaIOException: Error code: 393238 | Buffer overflow, no available space.
12-14 04:14:16.651 W/ErrorProcessor( 2217): 	at com.google.android.apps.gsa.speech.audio.Tee.f(SourceFile:103)
12-14 04:14:16.651 W/ErrorProcessor( 2217): 	at com.google.android.apps.gsa.speech.audio.au.read(SourceFile:2)
12-14 04:14:16.651 W/ErrorProcessor( 2217): 	at java.io.InputStream.read(InputStream.java:101)
12-14 04:14:16.651 W/ErrorProcessor( 2217): 	at com.google.android.apps.gsa.speech.audio.ao.run(SourceFile:18)
12-14 04:14:16.651 W/ErrorProcessor( 2217): 	at com.google.android.apps.gsa.speech.audio.an.run(SourceFile:2)
12-14 04:14:16.651 W/ErrorProcessor( 2217): 	... 9 more
12-14 04:14:16.651 I/AudioController( 2217): internalShutdown
12-14 04:14:16.661 I/MicroDetector( 2217): Keeping mic open: false
12-14 04:14:16.661 I/MicroDetectionWorker( 2217): #onError(false)
12-14 04:14:16.661 I/DeviceStateChecker( 2217): DeviceStateChecker cancelled
12-14 04:14:16.672 W/app_process( 4479): Unexpected CPU variant for X86 using defaults: x86
12-14 04:14:16.687 I/zygote  ( 2217): Background concurrent copying GC freed 7651(533KB) AllocSpace objects, 7(188KB) LOS objects, 49% free, 4MB/8MB, paused 992us total 118.090ms
12-14 04:14:16.690 I/zygote  ( 2217): Do full code cache collection, code=505KB, data=353KB
12-14 04:14:16.691 I/zygote  ( 2217): After code cache collection, code=498KB, data=316KB
12-14 04:14:16.700 D/AndroidRuntime( 4479): Calling main entry com.android.commands.am.Am
12-14 04:14:16.702 I/ActivityManager( 1629): Force stopping com.evancharlton.mileage appid=10458 user=0: start instr
12-14 04:14:16.703 I/ActivityManager( 1629): Killing 4396:com.evancharlton.mileage/u0a458 (adj 0): stop com.evancharlton.mileage
12-14 04:14:16.703 W/ActivityManager( 1629): Crash of app com.evancharlton.mileage running instrumentation ComponentInfo{com.evancharlton.mileage.test/sh.calaba.instrumentationbackend.CalabashInstrumentationTestRunner}
12-14 04:14:16.703 I/ActivityManager( 1629): Force stopping com.evancharlton.mileage appid=10458 user=0: finished inst
12-14 04:14:16.717 I/ActivityManager( 1629): Start proc 4493:com.evancharlton.mileage/u0a458 for added application com.evancharlton.mileage
12-14 04:14:16.719 D/AndroidRuntime( 4479): Shutting down VM
12-14 04:14:16.727 I/zygote  ( 4493): Not late-enabling -Xcheck:jni (already on)
12-14 04:14:16.745 W/zygote  ( 4493): Unexpected CPU variant for X86 using defaults: x86
12-14 04:14:16.746 E/adbd    ( 1383): failed to connect to socket 'tcp:7102': Connection refused
12-14 04:14:16.751 W/ActivityManager( 1629): setHasOverlayUi called on unknown pid: 4396
12-14 04:14:16.753 E/adbd    ( 1383): failed to connect to socket 'tcp:7102': Connection refused
12-14 04:14:16.786 I/OpenGLRenderer( 1629): Initialized EGL, version 1.4
12-14 04:14:16.786 D/OpenGLRenderer( 1629): Swap behavior 1
12-14 04:14:16.787 W/OpenGLRenderer( 1629): Failed to choose config with EGL_SWAP_BEHAVIOR_PRESERVED, retrying without...
12-14 04:14:16.787 D/OpenGLRenderer( 1629): Swap behavior 0
12-14 04:14:16.790 W/zygote  ( 4493): Found duplicate classes, falling back to extracting from APK : /data/app/com.evancharlton.mileage.test-iUDj8LbX1ubB4rtkOChMRw==/base.apk
12-14 04:14:16.790 D/EGL_emulation( 1629): eglCreateContext: 0x88069c80: maj 3 min 0 rcv 3
12-14 04:14:16.791 W/zygote  ( 4493): NOTE: This wastes RAM and hurts startup performance.
12-14 04:14:16.791 W/zygote  ( 4493): Found duplicated class when checking oat files: 'Ljunit/runner/BaseTestRunner;' in /data/app/com.evancharlton.mileage.test-iUDj8LbX1ubB4rtkOChMRw==/base.apk and /system/framework/android.test.runner.jar
12-14 04:14:16.791 W/zygote  ( 4493): 
12-14 04:14:16.792 D/EGL_emulation( 1629): eglMakeCurrent: 0x88069c80: ver 3 0 (tinfo 0x878d5fe0)
12-14 04:14:16.793 E/eglCodecCommon( 1629): glUtilsParamSize: unknow param 0x00008cdf
12-14 04:14:16.794 E/eglCodecCommon( 1629): glUtilsParamSize: unknow param 0x00008cdf
12-14 04:14:16.794 E/eglCodecCommon( 1629): glUtilsParamSize: unknow param 0x00008824
12-14 04:14:16.794 E/eglCodecCommon( 1629): glUtilsParamSize: unknow param 0x00008824
12-14 04:14:16.805 W/OpenGLRenderer( 1629): glEGLImageTargetTexture2DOES failed (0x502)
12-14 04:14:16.841 W/System  ( 4493): ClassLoader referenced unknown path: 
12-14 04:14:16.862 I/System.out( 4493): Main activity name automatically set to: com.evancharlton.mileage.Mileage
12-14 04:14:16.863 E/adbd    ( 1383): failed to connect to socket 'tcp:7102': Connection refused
12-14 04:14:16.865 I/System.out( 4493): Calabash did not load Mono. This is only a problem if you are trying to test a Mono application
12-14 04:14:16.865 I/calabash( 4493): Test server port: 7102
12-14 04:14:16.867 I/InstrumentationBackend( 4493): Added:'GetPreferences', with key:'get_preferences'
12-14 04:14:16.867 E/adbd    ( 1383): failed to connect to socket 'tcp:7102': Connection refused
12-14 04:14:16.948 I/InstrumentationBackend( 4493): Added:'SetPreferences', with key:'set_preferences'
12-14 04:14:16.948 I/InstrumentationBackend( 4493): Added:'ClearPreferences', with key:'clear_preferences'
12-14 04:14:16.949 I/InstrumentationBackend( 4493): Added:'PressElement', with key:'press_l10n_element'
12-14 04:14:16.949 I/InstrumentationBackend( 4493): Added:'WaitForElement', with key:'wait_for_l10n_element'
12-14 04:14:16.950 I/InstrumentationBackend( 4493): Added:'NullAction', with key:'nullAction'
12-14 04:14:16.951 I/InstrumentationBackend( 4493): Added:'PressKey', with key:'press_key'
12-14 04:14:16.953 I/InstrumentationBackend( 4493): Added:'SetActivityOrientation', with key:'set_activity_orientation'
12-14 04:14:16.954 I/InstrumentationBackend( 4493): Added:'GetActivityOrientation', with key:'get_activity_orientation'
12-14 04:14:16.954 I/InstrumentationBackend( 4493): Added:'FakeGPSLocation', with key:'set_gps_coordinates'
12-14 04:14:16.955 I/InstrumentationBackend( 4493): Added:'SetPropertyByCssSelector', with key:'set_property_by_css_selector'
12-14 04:14:16.957 I/InstrumentationBackend( 4493): Added:'GetUrl', with key:'get_url'
12-14 04:14:16.960 I/InstrumentationBackend( 4493): Added:'ScrollTo', with key:'scroll_to'
12-14 04:14:16.961 I/InstrumentationBackend( 4493): Added:'GetLoadProgress', with key:'get_load_progress'
12-14 04:14:16.962 I/InstrumentationBackend( 4493): Added:'DumpHtml', with key:'dump_html'
12-14 04:14:16.962 I/InstrumentationBackend( 4493): Added:'DumpBodyHtml', with key:'dump_body_html'
12-14 04:14:16.962 I/InstrumentationBackend( 4493): Added:'EnterTextByCssSelector', with key:'enter_text_by_selector'
12-14 04:14:16.970 I/InstrumentationBackend( 4493): Added:'AndroidSDKVersion', with key:'android_sdk_version'
12-14 04:14:16.970 I/InstrumentationBackend( 4493): Added:'Version', with key:'version'
12-14 04:14:16.970 I/InstrumentationBackend( 4493): Added:'Drag', with key:'drag'
12-14 04:14:16.970 I/InstrumentationBackend( 4493): Added:'TouchCoordinates', with key:'touch_coordinate'
12-14 04:14:16.971 I/InstrumentationBackend( 4493): Added:'LongPressCoordinate', with key:'long_press_coordinate'
12-14 04:14:16.971 I/InstrumentationBackend( 4493): Added:'DragCoordinates', with key:'drag_coordinates'
12-14 04:14:16.972 I/InstrumentationBackend( 4493): Added:'ResumeApplication', with key:'resume_application'
12-14 04:14:16.972 I/InstrumentationBackend( 4493): Added:'Swipe', with key:'swipe'
12-14 04:14:16.972 I/InstrumentationBackend( 4493): Added:'DoubleTapCoordinate', with key:'double_tap_coordinate'
12-14 04:14:16.972 I/InstrumentationBackend( 4493): Added:'ClickOnScreen', with key:'click_on_screen'
12-14 04:14:16.974 I/InstrumentationBackend( 4493): Added:'GetActivityName', with key:'get_activity_name'
12-14 04:14:16.974 I/InstrumentationBackend( 4493): Added:'ScrollToView', with key:'scroll_to_view'
12-14 04:14:16.975 I/InstrumentationBackend( 4493): Added:'ViewConfiguration', with key:'view_configuration'
12-14 04:14:16.975 I/InstrumentationBackend( 4493): Added:'IsCurrentActivityFocused', with key:'is_current_activity_focused'
12-14 04:14:16.976 I/InstrumentationBackend( 4493): Added:'SendTcp', with key:'send_tcp'
12-14 04:14:16.976 I/InstrumentationBackend( 4493): Added:'DpToDevicePixel', with key:'dp_to_device_pixel'
12-14 04:14:16.978 I/InstrumentationBackend( 4493): Added:'KeyboardEnterText', with key:'keyboard_enter_text'
12-14 04:14:16.979 I/InstrumentationBackend( 4493): Added:'DeleteSurroundingText', with key:'delete_surrounding_text'
12-14 04:14:16.980 I/InstrumentationBackend( 4493): Added:'SetComposingRegion', with key:'set_composing_region'
12-14 04:14:16.980 I/InstrumentationBackend( 4493): Added:'SetSelection', with key:'set_selection'
12-14 04:14:16.981 I/InstrumentationBackend( 4493): Added:'KeyboardKeyEvent', with key:'keyboard_key_event'
12-14 04:14:16.981 I/InstrumentationBackend( 4493): Added:'PressUserActionButton', with key:'press_user_action_button'
12-14 04:14:16.984 I/InstrumentationBackend( 4493): Added:'HideSoftKeyboard', with key:'hide_soft_keyboard'
12-14 04:14:16.986 I/InstrumentationBackend( 4493): Added:'ListActions', with key:'list_actions'
12-14 04:14:16.987 I/calabash( 4493): Instantiating http server at 7102
12-14 04:14:16.988 I/System.out( 4493): HTTP Daemon listening on: 7102
12-14 04:14:16.994 I/System.out( 4493): URI: //ping
12-14 04:14:16.995 I/System.out( 4493): params: {json={}
12-14 04:14:16.995 I/System.out( 4493): }
12-14 04:14:17.007 I/System.out( 4493): URI: //ping
12-14 04:14:17.007 I/System.out( 4493): params: {json={}
12-14 04:14:17.007 I/System.out( 4493): }
12-14 04:14:17.015 I/System.out( 4493): URI: //ready
12-14 04:14:17.015 I/System.out( 4493): params: {json={}
12-14 04:14:17.015 I/System.out( 4493): }
12-14 04:14:17.029 I/System.out( 4493): URI: //
12-14 04:14:17.029 I/System.out( 4493): params: {json={"command":"version","arguments":[]}
12-14 04:14:17.029 I/System.out( 4493): }
12-14 04:14:17.030 I/System.out( 4493): header: {content-type=application/json;charset=utf-8, date=Mon, 14 Dec 2020 09:14:17 GMT, accept=*/*, host=127.0.0.1:34777, content-length=36, user-agent=HTTPClient/1.0 (2.8.3, ruby 2.5.8 (2020-03-31))}
12-14 04:14:17.030 I/System.out( 4493): params: {json={"command":"version","arguments":[]}
12-14 04:14:17.030 I/System.out( 4493): }
12-14 04:14:17.030 I/System.out( 4493): ProP json = {"command":"version","arguments":[]}
12-14 04:14:17.030 I/System.out( 4493): files: {}
12-14 04:14:17.030 I/System.out( 4493): command: {"command":"version","arguments":[]}
12-14 04:14:17.076 I/InstrumentationBackend( 4493): Got command:'Command:'Line:null,version', arguments:'[]'
12-14 04:14:17.125 I/System.out( 4493): result:{"bonusInformation":[],"message":"0.9.8","success":true}
12-14 04:14:17.136 I/System.out( 4493): URI: //start-application
12-14 04:14:17.137 I/System.out( 4493): params: {json={"intent":null}
12-14 04:14:17.137 I/System.out( 4493): }
12-14 04:14:17.195 I/ActivityManager( 1629): START u0 {act=android.intent.action.MAIN cat=[android.intent.category.LAUNCHER] flg=0x10200000 cmp=com.evancharlton.mileage/.Mileage} from uid 10458
12-14 04:14:17.224 I/calabash( 4493): newActivity1
12-14 04:14:17.260 D/gralloc_ranchu( 1396): gralloc_alloc: Creating ashmem region of size 7753728
12-14 04:14:17.282 W/ActivityManager( 1629): Bad activity token: android.os.BinderProxy@7540901
12-14 04:14:17.282 W/ActivityManager( 1629): java.lang.ClassCastException: android.os.BinderProxy cannot be cast to com.android.server.am.ActivityRecord$Token
12-14 04:14:17.282 W/ActivityManager( 1629): 	at com.android.server.am.ActivityRecord.forTokenLocked(ActivityRecord.java:778)
12-14 04:14:17.282 W/ActivityManager( 1629): 	at com.android.server.am.ActivityRecord.isInStackLocked(ActivityRecord.java:2085)
12-14 04:14:17.282 W/ActivityManager( 1629): 	at com.android.server.am.ActivityRecord.getStackLocked(ActivityRecord.java:2090)
12-14 04:14:17.282 W/ActivityManager( 1629): 	at com.android.server.am.ActivityManagerService.getActivityDisplayId(ActivityManagerService.java:10406)
12-14 04:14:17.282 W/ActivityManager( 1629): 	at android.app.IActivityManager$Stub.onTransact(IActivityManager.java:2738)
12-14 04:14:17.282 W/ActivityManager( 1629): 	at com.android.server.am.ActivityManagerService.onTransact(ActivityManagerService.java:2935)
12-14 04:14:17.282 W/ActivityManager( 1629): 	at android.os.Binder.execTransact(Binder.java:674)
12-14 04:14:17.283 I/calabash( 4493): newActivity1
12-14 04:14:17.295 W/ActivityManager( 1629): Bad activity token: android.os.BinderProxy@7540901
12-14 04:14:17.295 W/ActivityManager( 1629): java.lang.ClassCastException: android.os.BinderProxy cannot be cast to com.android.server.am.ActivityRecord$Token
12-14 04:14:17.295 W/ActivityManager( 1629): 	at com.android.server.am.ActivityRecord.forTokenLocked(ActivityRecord.java:778)
12-14 04:14:17.295 W/ActivityManager( 1629): 	at com.android.server.am.ActivityRecord.isInStackLocked(ActivityRecord.java:2085)
12-14 04:14:17.295 W/ActivityManager( 1629): 	at com.android.server.am.ActivityManagerService.setTaskDescription(ActivityManagerService.java:9988)
12-14 04:14:17.295 W/ActivityManager( 1629): 	at android.app.IActivityManager$Stub.onTransact(IActivityManager.java:2824)
12-14 04:14:17.295 W/ActivityManager( 1629): 	at com.android.server.am.ActivityManagerService.onTransact(ActivityManagerService.java:2935)
12-14 04:14:17.295 W/ActivityManager( 1629): 	at android.os.Binder.execTransact(Binder.java:674)
12-14 04:14:17.297 W/ActivityManager( 1629): Bad activity token: android.os.BinderProxy@7540901
12-14 04:14:17.297 W/ActivityManager( 1629): java.lang.ClassCastException: android.os.BinderProxy cannot be cast to com.android.server.am.ActivityRecord$Token
12-14 04:14:17.297 W/ActivityManager( 1629): 	at com.android.server.am.ActivityRecord.forTokenLocked(ActivityRecord.java:778)
12-14 04:14:17.297 W/ActivityManager( 1629): 	at com.android.server.am.ActivityRecord.isInStackLocked(ActivityRecord.java:2085)
12-14 04:14:17.297 W/ActivityManager( 1629): 	at com.android.server.am.ActivityRecord.getStackLocked(ActivityRecord.java:2090)
12-14 04:14:17.297 W/ActivityManager( 1629): 	at com.android.server.am.ActivityManagerService.getActivityStackId(ActivityManagerService.java:10417)
12-14 04:14:17.297 W/ActivityManager( 1629): 	at android.app.IActivityManager$Stub.onTransact(IActivityManager.java:3548)
12-14 04:14:17.297 W/ActivityManager( 1629): 	at com.android.server.am.ActivityManagerService.onTransact(ActivityManagerService.java:2935)
12-14 04:14:17.297 W/ActivityManager( 1629): 	at android.os.Binder.execTransact(Binder.java:674)
12-14 04:14:17.325 V/StatusBar( 1732): setLightsOn(true)
12-14 04:14:17.330 E/ContentStoreEUAS( 2217): Failed to commit the deferred actions
12-14 04:14:17.337 D/EGL_emulation( 2177): eglMakeCurrent: 0x9f305480: ver 3 0 (tinfo 0x9f303360)
12-14 04:14:17.339 D/EGL_emulation( 1732): eglMakeCurrent: 0x9f305900: ver 3 0 (tinfo 0x9f3035a0)
12-14 04:14:17.341 V/StatusBar( 1732): setLightsOn(true)
12-14 04:14:17.355 D/EGL_emulation( 2217): eglMakeCurrent: 0x9f305a80: ver 3 0 (tinfo 0x9f303470)
12-14 04:14:17.356 D/EGL_emulation( 1732): eglMakeCurrent: 0x9f305900: ver 3 0 (tinfo 0x9f3035a0)
12-14 04:14:17.362 D/EGL_emulation( 1732): eglMakeCurrent: 0x9f305900: ver 3 0 (tinfo 0x9f3035a0)
12-14 04:14:17.364 V/StatusBar( 1732): setLightsOn(true)
12-14 04:14:17.375 D/EGL_emulation( 1732): eglMakeCurrent: 0x9f305900: ver 3 0 (tinfo 0x9f3035a0)
12-14 04:14:17.379 D/EGL_emulation( 1732): eglMakeCurrent: 0x9f305900: ver 3 0 (tinfo 0x9f3035a0)
12-14 04:14:17.380 V/StatusBar( 1732): setLightsOn(true)
12-14 04:14:17.391 D/EGL_emulation( 1732): eglMakeCurrent: 0x9f305900: ver 3 0 (tinfo 0x9f3035a0)
12-14 04:14:17.443 W/ActivityManager( 1629): Bad activity token: android.os.BinderProxy@7540901
12-14 04:14:17.443 W/ActivityManager( 1629): java.lang.ClassCastException: android.os.BinderProxy cannot be cast to com.android.server.am.ActivityRecord$Token
12-14 04:14:17.443 W/ActivityManager( 1629): 	at com.android.server.am.ActivityRecord.forTokenLocked(ActivityRecord.java:778)
12-14 04:14:17.443 W/ActivityManager( 1629): 	at com.android.server.am.ActivityRecord.isInStackLocked(ActivityRecord.java:2085)
12-14 04:14:17.443 W/ActivityManager( 1629): 	at com.android.server.am.ActivityManagerService.getActivityOptions(ActivityManagerService.java:13302)
12-14 04:14:17.443 W/ActivityManager( 1629): 	at android.app.IActivityManager$Stub.onTransact(IActivityManager.java:2910)
12-14 04:14:17.443 W/ActivityManager( 1629): 	at com.android.server.am.ActivityManagerService.onTransact(ActivityManagerService.java:2935)
12-14 04:14:17.443 W/ActivityManager( 1629): 	at android.os.Binder.execTransact(Binder.java:674)
12-14 04:14:17.444 W/ActivityManager( 1629): Bad activity token: android.os.BinderProxy@7540901
12-14 04:14:17.444 W/ActivityManager( 1629): java.lang.ClassCastException: android.os.BinderProxy cannot be cast to com.android.server.am.ActivityRecord$Token
12-14 04:14:17.444 W/ActivityManager( 1629): 	at com.android.server.am.ActivityRecord.forTokenLocked(ActivityRecord.java:778)
12-14 04:14:17.444 W/ActivityManager( 1629): 	at com.android.server.am.ActivityRecord.isInStackLocked(ActivityRecord.java:2085)
12-14 04:14:17.444 W/ActivityManager( 1629): 	at com.android.server.am.ActivityManagerService.getActivityOptions(ActivityManagerService.java:13302)
12-14 04:14:17.444 W/ActivityManager( 1629): 	at android.app.IActivityManager$Stub.onTransact(IActivityManager.java:2910)
12-14 04:14:17.444 W/ActivityManager( 1629): 	at com.android.server.am.ActivityManagerService.onTransact(ActivityManagerService.java:2935)
12-14 04:14:17.444 W/ActivityManager( 1629): 	at android.os.Binder.execTransact(Binder.java:674)
12-14 04:14:17.521 I/chatty  ( 1732): uid=10028(u0_a28) RenderThread identical 14 lines
12-14 04:14:17.526 D/EGL_emulation( 1732): eglMakeCurrent: 0x9f305900: ver 3 0 (tinfo 0x9f3035a0)
12-14 04:14:17.527 V/StatusBar( 1732): setLightsOn(true)
12-14 04:14:17.536 D/EGL_emulation( 1732): eglMakeCurrent: 0x9f305900: ver 3 0 (tinfo 0x9f3035a0)
12-14 04:14:17.542 I/chatty  ( 1732): uid=10028(u0_a28) RenderThread identical 1 line
12-14 04:14:17.557 D/EGL_emulation( 1732): eglMakeCurrent: 0x9f305900: ver 3 0 (tinfo 0x9f3035a0)
12-14 04:14:17.586 V/StatusBar( 1732): setLightsOn(true)
12-14 04:14:17.592 V/StatusBar( 1732): setLightsOn(true)
12-14 04:14:17.593 I/zygote  ( 4493): Do partial code cache collection, code=28KB, data=30KB
12-14 04:14:17.594 I/zygote  ( 4493): After code cache collection, code=28KB, data=30KB
12-14 04:14:17.594 I/zygote  ( 4493): Increasing code cache capacity to 128KB
12-14 04:14:17.595 I/zygote  ( 4493): Do partial code cache collection, code=28KB, data=48KB
12-14 04:14:17.595 I/zygote  ( 4493): After code cache collection, code=28KB, data=48KB
12-14 04:14:17.595 V/StatusBar( 1732): setLightsOn(true)
12-14 04:14:17.595 I/zygote  ( 4493): Increasing code cache capacity to 256KB
12-14 04:14:17.595 I/zygote  ( 4493): JIT allocated 71KB for compiled code of void android.widget.TextView.<init>(android.content.Context, android.util.AttributeSet, int, int)
12-14 04:14:17.595 I/zygote  ( 4493): Compiler allocated 4MB to compile void android.widget.TextView.<init>(android.content.Context, android.util.AttributeSet, int, int)
12-14 04:14:17.649 D/gralloc_ranchu( 1396): gralloc_alloc: Creating ashmem region of size 7753728
12-14 04:14:17.665 D/        ( 4493): HostConnection::get() New Host Connection established 0x9c9b0c40, tid 4493
12-14 04:14:17.705 V/StatusBar( 1732): setLightsOn(true)
12-14 04:14:17.708 V/StatusBar( 1732): setLightsOn(true)
12-14 04:14:17.708 I/ActivityManager( 1629): Displayed com.evancharlton.mileage/.Mileage: +501ms
12-14 04:14:17.711 E/OpenGLRenderer( 1629): GL error:  GL_INVALID_OPERATION
12-14 04:14:17.712 I/chatty  ( 1629): uid=1000(system) RenderThread identical 3 lines
12-14 04:14:17.713 E/OpenGLRenderer( 1629): GL error:  GL_INVALID_OPERATION
12-14 04:14:17.713 V/StatusBar( 1732): setLightsOn(true)
12-14 04:14:17.713 E/OpenGLRenderer( 1629): GL error:  GL_INVALID_OPERATION
12-14 04:14:17.725 I/chatty  ( 1629): uid=1000(system) RenderThread identical 9 lines
12-14 04:14:17.725 E/OpenGLRenderer( 1629): GL error:  GL_INVALID_OPERATION
12-14 04:14:17.726 V/StatusBar( 1732): setLightsOn(true)
12-14 04:14:17.727 E/OpenGLRenderer( 1629): GL error:  GL_INVALID_OPERATION
12-14 04:14:17.733 I/chatty  ( 1629): uid=1000(system) RenderThread identical 23 lines
12-14 04:14:17.738 E/OpenGLRenderer( 1629): GL error:  GL_INVALID_OPERATION
12-14 04:14:17.738 D/gralloc_ranchu( 1396): gralloc_alloc: Creating ashmem region of size 7753728
12-14 04:14:17.739 E/OpenGLRenderer( 1629): GL error:  GL_INVALID_OPERATION
12-14 04:14:17.774 I/chatty  ( 1629): uid=1000(system) RenderThread identical 96 lines
12-14 04:14:17.774 E/OpenGLRenderer( 1629): GL error:  GL_INVALID_OPERATION
12-14 04:14:17.774 E/OpenGLRenderer( 1629): GL error:  GL_INVALID_OPERATION
12-14 04:14:17.776 V/StatusBar( 1732): setLightsOn(true)
12-14 04:14:17.904 I/chatty  ( 1629): uid=1000(system) RenderThread expire 321 lines
12-14 04:14:17.904 E/OpenGLRenderer( 1629): GL error:  GL_INVALID_OPERATION
12-14 04:14:17.905 V/StatusBar( 1732): setLightsOn(true)
12-14 04:14:17.905 E/OpenGLRenderer( 1629): GL error:  GL_INVALID_OPERATION
12-14 04:14:17.938 I/chatty  ( 1629): uid=1000(system) RenderThread identical 125 lines
12-14 04:14:17.940 E/OpenGLRenderer( 1629): GL error:  GL_INVALID_OPERATION
12-14 04:14:17.941 V/StatusBar( 1732): setLightsOn(true)
12-14 04:14:17.941 E/OpenGLRenderer( 1629): GL error:  GL_INVALID_OPERATION
12-14 04:14:17.971 I/chatty  ( 1629): uid=1000(system) RenderThread identical 99 lines
12-14 04:14:17.972 E/OpenGLRenderer( 1629): GL error:  GL_INVALID_OPERATION
12-14 04:14:17.973 I/zygote  ( 4493): Do full code cache collection, code=125KB, data=72KB
12-14 04:14:17.973 I/zygote  ( 4493): After code cache collection, code=109KB, data=45KB
12-14 04:14:17.975 E/OpenGLRenderer( 1629): GL error:  GL_INVALID_OPERATION
12-14 04:14:17.977 I/chatty  ( 1629): uid=1000(system) RenderThread identical 2 lines
12-14 04:14:17.979 E/OpenGLRenderer( 1629): GL error:  GL_INVALID_OPERATION
12-14 04:14:17.979 I/System.out( 4493): URI: //gesture
12-14 04:14:17.979 E/OpenGLRenderer( 1629): GL error:  GL_INVALID_OPERATION
12-14 04:14:17.979 I/System.out( 4493): params: {json={"query_timeout":5.0,"gestures":[{"query_string":"android.widget.TabWidget descendant TextView index:1","touches":[{"x":50,"y":50,"offset_x":0,"offset_y":0,"wait":0.0,"time":0.2,"release":true,"query_string":null}]}]}
12-14 04:14:17.979 I/System.out( 4493): }
12-14 04:14:17.979 E/OpenGLRenderer( 1629): GL error:  GL_INVALID_OPERATION
12-14 04:14:18.045 I/chatty  ( 1629): uid=1000(system) RenderThread identical 263 lines
12-14 04:14:18.047 E/OpenGLRenderer( 1629): GL error:  GL_INVALID_OPERATION
12-14 04:14:18.047 V/StatusBar( 1732): setLightsOn(true)
12-14 04:14:18.048 E/OpenGLRenderer( 1629): GL error:  GL_INVALID_OPERATION
12-14 04:14:18.048 E/OpenGLRenderer( 1629): GL error:  GL_INVALID_OPERATION
12-14 04:14:18.048 V/StatusBar( 1732): setLightsOn(true)
12-14 04:14:18.050 E/OpenGLRenderer( 1629): GL error:  GL_INVALID_OPERATION
12-14 04:14:18.069 I/chatty  ( 1629): uid=1000(system) RenderThread identical 56 lines
12-14 04:14:18.070 E/OpenGLRenderer( 1629): GL error:  GL_INVALID_OPERATION
12-14 04:14:18.071 V/StatusBar( 1732): setLightsOn(true)
12-14 04:14:18.071 E/OpenGLRenderer( 1629): GL error:  GL_INVALID_OPERATION
12-14 04:14:18.081 I/chatty  ( 1629): uid=1000(system) RenderThread identical 38 lines
12-14 04:14:18.081 E/OpenGLRenderer( 1629): GL error:  GL_INVALID_OPERATION
12-14 04:14:18.081 E/OpenGLRenderer( 1629): GL error:  GL_INVALID_OPERATION
12-14 04:14:18.081 W/SurfaceFlinger( 1406): couldn't log to binary event log: overflow.
12-14 04:14:18.081 W/SurfaceFlinger( 1406): couldn't log to binary event log: overflow.
12-14 04:14:18.153 I/chatty  ( 1629): uid=1000(system) RenderThread expire 243 lines
12-14 04:14:18.153 E/OpenGLRenderer( 1629): GL error:  GL_INVALID_OPERATION
12-14 04:14:18.156 I/PBSessionCacheImpl( 2217): Deleted sessionId[12660463091988] from persistence.
12-14 04:14:18.157 E/OpenGLRenderer( 1629): GL error:  GL_INVALID_OPERATION
12-14 04:14:18.208 I/chatty  ( 1629): uid=1000(system) RenderThread identical 123 lines
12-14 04:14:18.208 E/OpenGLRenderer( 1629): GL error:  GL_INVALID_OPERATION
12-14 04:14:18.208 W/SearchService( 2217): Abort, client detached.
12-14 04:14:18.208 E/OpenGLRenderer( 1629): GL error:  GL_INVALID_OPERATION
12-14 04:14:18.317 I/chatty  ( 1629): uid=1000(system) RenderThread identical 519 lines
12-14 04:14:18.318 E/OpenGLRenderer( 1629): GL error:  GL_INVALID_OPERATION
12-14 04:14:18.321 I/Dialer  ( 2019): OmtpVvmCarrierCfgHlpr - OmtpEvent:CONFIG_STATUS_SMS_TIME_OUT
12-14 04:14:18.321 I/Dialer  ( 2019): RetryPolicy - discarding deferred status: configuration_state=4
12-14 04:14:18.321 E/OpenGLRenderer( 1629): GL error:  GL_INVALID_OPERATION
12-14 04:14:18.322 I/chatty  ( 1629): uid=1000(system) RenderThread identical 4 lines
12-14 04:14:18.323 E/OpenGLRenderer( 1629): GL error:  GL_INVALID_OPERATION
12-14 04:14:18.323 I/Dialer  ( 2019): VvmTaskExecutor - no more tasks, stopping service if no task are added in 5000 millis
12-14 04:14:18.324 E/OpenGLRenderer( 1629): GL error:  GL_INVALID_OPERATION
12-14 04:14:18.326 I/chatty  ( 1629): uid=1000(system) RenderThread identical 6 lines
12-14 04:14:18.327 E/OpenGLRenderer( 1629): GL error:  GL_INVALID_OPERATION
12-14 04:14:18.327 I/Dialer  ( 2019): VvmTaskReceiver - task received
12-14 04:14:18.328 I/Dialer  ( 2019): VvmTaskReceiver - TaskExecutor already running
12-14 04:14:18.328 I/Dialer  ( 2019): Task.createTask - create task:com.android.voicemail.impl.ActivationTask
12-14 04:14:18.328 I/Dialer  ( 2019): RetryPolicy - retry #1 for com.android.voicemail.impl.ActivationTask@ef7fa4b queued, executing in 5000
12-14 04:14:18.328 I/Dialer  ( 2019): VvmTaskExecutor - com.android.voicemail.impl.ActivationTask@ef7fa4b added
12-14 04:14:18.328 I/Dialer  ( 2019): VvmTaskExecutor - minimal wait time:5000
12-14 04:14:18.328 I/Dialer  ( 2019): VvmTaskExecutor - sleep for 5000 millis
12-14 04:14:18.330 E/OpenGLRenderer( 1629): GL error:  GL_INVALID_OPERATION
12-14 04:14:18.364 W/ActivityManager( 1629): Bad activity token: android.os.BinderProxy@a79f62e
12-14 04:14:18.364 W/ActivityManager( 1629): java.lang.ClassCastException: android.os.BinderProxy cannot be cast to com.android.server.am.ActivityRecord$Token
12-14 04:14:18.364 W/ActivityManager( 1629): 	at com.android.server.am.ActivityRecord.forTokenLocked(ActivityRecord.java:778)
12-14 04:14:18.364 W/ActivityManager( 1629): 	at com.android.server.am.ActivityRecord.isInStackLocked(ActivityRecord.java:2085)
12-14 04:14:18.364 W/ActivityManager( 1629): 	at com.android.server.am.ActivityRecord.getStackLocked(ActivityRecord.java:2090)
12-14 04:14:18.364 W/ActivityManager( 1629): 	at com.android.server.am.ActivityManagerService.getActivityDisplayId(ActivityManagerService.java:10406)
12-14 04:14:18.364 W/ActivityManager( 1629): 	at android.app.IActivityManager$Stub.onTransact(IActivityManager.java:2738)
12-14 04:14:18.364 W/ActivityManager( 1629): 	at com.android.server.am.ActivityManagerService.onTransact(ActivityManagerService.java:2935)
12-14 04:14:18.364 W/ActivityManager( 1629): 	at android.os.Binder.execTransact(Binder.java:674)
12-14 04:14:18.366 I/chatty  ( 1629): uid=1000(system) RenderThread identical 94 lines
12-14 04:14:18.366 E/OpenGLRenderer( 1629): GL error:  GL_INVALID_OPERATION
12-14 04:14:18.366 W/audio_hw_generic( 1390): Not supplying enough data to HAL, expected position 596230 , only wrote 596160
12-14 04:14:18.367 E/OpenGLRenderer( 1629): GL error:  GL_INVALID_OPERATION
12-14 04:14:18.367 E/OpenGLRenderer( 1629): GL error:  GL_INVALID_OPERATION
12-14 04:14:18.368 I/calabash( 4493): newActivity1
12-14 04:14:18.368 E/OpenGLRenderer( 1629): GL error:  GL_INVALID_OPERATION
12-14 04:14:18.371 W/ActivityManager( 1629): Bad activity token: android.os.BinderProxy@a79f62e
12-14 04:14:18.371 W/ActivityManager( 1629): java.lang.ClassCastException: android.os.BinderProxy cannot be cast to com.android.server.am.ActivityRecord$Token
12-14 04:14:18.371 W/ActivityManager( 1629): 	at com.android.server.am.ActivityRecord.forTokenLocked(ActivityRecord.java:778)
12-14 04:14:18.371 W/ActivityManager( 1629): 	at com.android.server.am.ActivityRecord.isInStackLocked(ActivityRecord.java:2085)
12-14 04:14:18.371 W/ActivityManager( 1629): 	at com.android.server.am.ActivityManagerService.setTaskDescription(ActivityManagerService.java:9988)
12-14 04:14:18.371 W/ActivityManager( 1629): 	at android.app.IActivityManager$Stub.onTransact(IActivityManager.java:2824)
12-14 04:14:18.371 W/ActivityManager( 1629): 	at com.android.server.am.ActivityManagerService.onTransact(ActivityManagerService.java:2935)
12-14 04:14:18.371 W/ActivityManager( 1629): 	at android.os.Binder.execTransact(Binder.java:674)
12-14 04:14:18.372 W/ActivityManager( 1629): Bad activity token: android.os.BinderProxy@a79f62e
12-14 04:14:18.372 W/ActivityManager( 1629): java.lang.ClassCastException: android.os.BinderProxy cannot be cast to com.android.server.am.ActivityRecord$Token
12-14 04:14:18.372 W/ActivityManager( 1629): 	at com.android.server.am.ActivityRecord.forTokenLocked(ActivityRecord.java:778)
12-14 04:14:18.372 W/ActivityManager( 1629): 	at com.android.server.am.ActivityRecord.isInStackLocked(ActivityRecord.java:2085)
12-14 04:14:18.372 W/ActivityManager( 1629): 	at com.android.server.am.ActivityRecord.getStackLocked(ActivityRecord.java:2090)
12-14 04:14:18.372 W/ActivityManager( 1629): 	at com.android.server.am.ActivityManagerService.getActivityStackId(ActivityManagerService.java:10417)
12-14 04:14:18.372 W/ActivityManager( 1629): 	at android.app.IActivityManager$Stub.onTransact(IActivityManager.java:3548)
12-14 04:14:18.372 W/ActivityManager( 1629): 	at com.android.server.am.ActivityManagerService.onTransact(ActivityManagerService.java:2935)
12-14 04:14:18.372 W/ActivityManager( 1629): 	at android.os.Binder.execTransact(Binder.java:674)
12-14 04:14:18.458 W/ActivityManager( 1629): Bad activity token: android.os.BinderProxy@a79f62e
12-14 04:14:18.458 W/ActivityManager( 1629): java.lang.ClassCastException: android.os.BinderProxy cannot be cast to com.android.server.am.ActivityRecord$Token
12-14 04:14:18.458 W/ActivityManager( 1629): 	at com.android.server.am.ActivityRecord.forTokenLocked(ActivityRecord.java:778)
12-14 04:14:18.458 W/ActivityManager( 1629): 	at com.android.server.am.ActivityRecord.isInStackLocked(ActivityRecord.java:2085)
12-14 04:14:18.458 W/ActivityManager( 1629): 	at com.android.server.am.ActivityManagerService.getActivityOptions(ActivityManagerService.java:13302)
12-14 04:14:18.458 W/ActivityManager( 1629): 	at android.app.IActivityManager$Stub.onTransact(IActivityManager.java:2910)
12-14 04:14:18.458 W/ActivityManager( 1629): 	at com.android.server.am.ActivityManagerService.onTransact(ActivityManagerService.java:2935)
12-14 04:14:18.458 W/ActivityManager( 1629): 	at android.os.Binder.execTransact(Binder.java:674)
12-14 04:14:18.459 W/ActivityManager( 1629): Bad activity token: android.os.BinderProxy@a79f62e
12-14 04:14:18.459 W/ActivityManager( 1629): java.lang.ClassCastException: android.os.BinderProxy cannot be cast to com.android.server.am.ActivityRecord$Token
12-14 04:14:18.459 W/ActivityManager( 1629): 	at com.android.server.am.ActivityRecord.forTokenLocked(ActivityRecord.java:778)
12-14 04:14:18.459 W/ActivityManager( 1629): 	at com.android.server.am.ActivityRecord.isInStackLocked(ActivityRecord.java:2085)
12-14 04:14:18.459 W/ActivityManager( 1629): 	at com.android.server.am.ActivityManagerService.getActivityOptions(ActivityManagerService.java:13302)
12-14 04:14:18.459 W/ActivityManager( 1629): 	at android.app.IActivityManager$Stub.onTransact(IActivityManager.java:2910)
12-14 04:14:18.459 W/ActivityManager( 1629): 	at com.android.server.am.ActivityManagerService.onTransact(ActivityManagerService.java:2935)
12-14 04:14:18.459 W/ActivityManager( 1629): 	at android.os.Binder.execTransact(Binder.java:674)
12-14 04:14:18.540 I/chatty  ( 1629): uid=1000(system) RenderThread identical 400 lines
12-14 04:14:18.540 E/OpenGLRenderer( 1629): GL error:  GL_INVALID_OPERATION
12-14 04:14:18.541 D/gralloc_ranchu( 1396): gralloc_alloc: Creating ashmem region of size 7753728
12-14 04:14:18.541 E/OpenGLRenderer( 1629): GL error:  GL_INVALID_OPERATION
12-14 04:14:18.542 E/OpenGLRenderer( 1629): GL error:  GL_INVALID_OPERATION
12-14 04:14:18.543 I/zygote  ( 4493): Do partial code cache collection, code=124KB, data=65KB
12-14 04:14:18.543 E/OpenGLRenderer( 1629): GL error:  GL_INVALID_OPERATION
12-14 04:14:18.544 I/zygote  ( 4493): After code cache collection, code=124KB, data=65KB
12-14 04:14:18.544 I/zygote  ( 4493): Increasing code cache capacity to 512KB
12-14 04:14:18.555 E/OpenGLRenderer( 1629): GL error:  GL_INVALID_OPERATION
12-14 04:14:18.595 I/chatty  ( 1629): uid=1000(system) RenderThread identical 104 lines
12-14 04:14:18.596 E/OpenGLRenderer( 1629): GL error:  GL_INVALID_OPERATION
12-14 04:14:18.597 D/Mileage ( 4493): Not enough fillups to calculate economy
12-14 04:14:18.597 E/OpenGLRenderer( 1629): GL error:  GL_INVALID_OPERATION
12-14 04:14:18.950 I/chatty  ( 1629): uid=1000(system) RenderThread identical 915 lines
12-14 04:14:18.951 E/OpenGLRenderer( 1629): GL error:  GL_INVALID_OPERATION
12-14 04:14:18.951 E/SurfaceFlinger( 1406): ro.sf.lcd_density must be defined as a build property
12-14 04:14:18.951 E/OpenGLRenderer( 1629): GL error:  GL_INVALID_OPERATION
12-14 04:14:19.072 I/chatty  ( 1629): uid=1000(system) RenderThread identical 483 lines
12-14 04:14:19.073 E/OpenGLRenderer( 1629): GL error:  GL_INVALID_OPERATION
12-14 04:14:19.073 D/gralloc_ranchu( 1396): gralloc_alloc: Creating ashmem region of size 8298496
12-14 04:14:19.073 E/OpenGLRenderer( 1629): GL error:  GL_INVALID_OPERATION
12-14 04:14:19.081 I/chatty  ( 1629): uid=1000(system) RenderThread identical 33 lines
12-14 04:14:19.082 E/OpenGLRenderer( 1629): GL error:  GL_INVALID_OPERATION
12-14 04:14:19.083 D/        ( 4535): HostConnection::get() New Host Connection established 0xa9daf800, tid 4535
12-14 04:14:19.083 E/OpenGLRenderer( 1629): GL error:  GL_INVALID_OPERATION
12-14 04:14:19.538 I/chatty  ( 1629): uid=1000(system) RenderThread identical 1442 lines
12-14 04:14:19.538 E/OpenGLRenderer( 1629): GL error:  GL_INVALID_OPERATION
12-14 04:14:19.538 I/System.out( 4493): URI: //gesture
12-14 04:14:19.538 I/System.out( 4493): params: {json={"query_timeout":5.0,"gestures":[{"query_string":"android.widget.TabWidget descendant TextView index:3","touches":[{"x":50,"y":50,"offset_x":0,"offset_y":0,"wait":0.0,"time":0.2,"release":true,"query_string":null}]}]}
12-14 04:14:19.538 E/OpenGLRenderer( 1629): GL error:  GL_INVALID_OPERATION
12-14 04:14:19.538 I/System.out( 4493): }
12-14 04:14:19.539 E/OpenGLRenderer( 1629): GL error:  GL_INVALID_OPERATION
12-14 04:14:19.875 I/chatty  ( 1629): uid=1000(system) RenderThread identical 1168 lines
12-14 04:14:19.926 E/OpenGLRenderer( 1629): GL error:  GL_INVALID_OPERATION
12-14 04:14:19.927 W/audio_hw_generic( 1390): Not supplying enough data to HAL, expected position 671063 , only wrote 670320
12-14 04:14:19.927 W/audio_hw_generic( 1390): Not supplying enough data to HAL, expected position 670337 , only wrote 670320
12-14 04:14:19.928 E/OpenGLRenderer( 1629): GL error:  GL_INVALID_OPERATION
12-14 04:14:20.012 W/ActivityManager( 1629): Bad activity token: android.os.BinderProxy@4578392
12-14 04:14:20.012 W/ActivityManager( 1629): java.lang.ClassCastException: android.os.BinderProxy cannot be cast to com.android.server.am.ActivityRecord$Token
12-14 04:14:20.012 W/ActivityManager( 1629): 	at com.android.server.am.ActivityRecord.forTokenLocked(ActivityRecord.java:778)
12-14 04:14:20.012 W/ActivityManager( 1629): 	at com.android.server.am.ActivityRecord.isInStackLocked(ActivityRecord.java:2085)
12-14 04:14:20.012 W/ActivityManager( 1629): 	at com.android.server.am.ActivityRecord.getStackLocked(ActivityRecord.java:2090)
12-14 04:14:20.012 W/ActivityManager( 1629): 	at com.android.server.am.ActivityManagerService.getActivityDisplayId(ActivityManagerService.java:10406)
12-14 04:14:20.012 W/ActivityManager( 1629): 	at android.app.IActivityManager$Stub.onTransact(IActivityManager.java:2738)
12-14 04:14:20.012 W/ActivityManager( 1629): 	at com.android.server.am.ActivityManagerService.onTransact(ActivityManagerService.java:2935)
12-14 04:14:20.012 W/ActivityManager( 1629): 	at android.os.Binder.execTransact(Binder.java:674)
12-14 04:14:20.013 I/chatty  ( 1629): uid=1000(system) RenderThread identical 256 lines
12-14 04:14:20.013 E/OpenGLRenderer( 1629): GL error:  GL_INVALID_OPERATION
12-14 04:14:20.013 I/calabash( 4493): newActivity1
12-14 04:14:20.013 E/OpenGLRenderer( 1629): GL error:  GL_INVALID_OPERATION
12-14 04:14:20.020 W/ActivityManager( 1629): Bad activity token: android.os.BinderProxy@4578392
12-14 04:14:20.020 W/ActivityManager( 1629): java.lang.ClassCastException: android.os.BinderProxy cannot be cast to com.android.server.am.ActivityRecord$Token
12-14 04:14:20.020 W/ActivityManager( 1629): 	at com.android.server.am.ActivityRecord.forTokenLocked(ActivityRecord.java:778)
12-14 04:14:20.020 W/ActivityManager( 1629): 	at com.android.server.am.ActivityRecord.isInStackLocked(ActivityRecord.java:2085)
12-14 04:14:20.020 W/ActivityManager( 1629): 	at com.android.server.am.ActivityManagerService.setTaskDescription(ActivityManagerService.java:9988)
12-14 04:14:20.020 W/ActivityManager( 1629): 	at android.app.IActivityManager$Stub.onTransact(IActivityManager.java:2824)
12-14 04:14:20.020 W/ActivityManager( 1629): 	at com.android.server.am.ActivityManagerService.onTransact(ActivityManagerService.java:2935)
12-14 04:14:20.020 W/ActivityManager( 1629): 	at android.os.Binder.execTransact(Binder.java:674)
12-14 04:14:20.022 W/ActivityManager( 1629): Bad activity token: android.os.BinderProxy@4578392
12-14 04:14:20.022 W/ActivityManager( 1629): java.lang.ClassCastException: android.os.BinderProxy cannot be cast to com.android.server.am.ActivityRecord$Token
12-14 04:14:20.022 W/ActivityManager( 1629): 	at com.android.server.am.ActivityRecord.forTokenLocked(ActivityRecord.java:778)
12-14 04:14:20.022 W/ActivityManager( 1629): 	at com.android.server.am.ActivityRecord.isInStackLocked(ActivityRecord.java:2085)
12-14 04:14:20.022 W/ActivityManager( 1629): 	at com.android.server.am.ActivityRecord.getStackLocked(ActivityRecord.java:2090)
12-14 04:14:20.022 W/ActivityManager( 1629): 	at com.android.server.am.ActivityManagerService.getActivityStackId(ActivityManagerService.java:10417)
12-14 04:14:20.022 W/ActivityManager( 1629): 	at android.app.IActivityManager$Stub.onTransact(IActivityManager.java:3548)
12-14 04:14:20.022 W/ActivityManager( 1629): 	at com.android.server.am.ActivityManagerService.onTransact(ActivityManagerService.java:2935)
12-14 04:14:20.022 W/ActivityManager( 1629): 	at android.os.Binder.execTransact(Binder.java:674)
12-14 04:14:20.026 W/ActivityManager( 1629): Bad activity token: android.os.BinderProxy@4578392
12-14 04:14:20.026 W/ActivityManager( 1629): java.lang.ClassCastException: android.os.BinderProxy cannot be cast to com.android.server.am.ActivityRecord$Token
12-14 04:14:20.026 W/ActivityManager( 1629): 	at com.android.server.am.ActivityRecord.forTokenLocked(ActivityRecord.java:778)
12-14 04:14:20.026 W/ActivityManager( 1629): 	at com.android.server.am.ActivityRecord.isInStackLocked(ActivityRecord.java:2085)
12-14 04:14:20.026 W/ActivityManager( 1629): 	at com.android.server.am.ActivityManagerService.getActivityOptions(ActivityManagerService.java:13302)
