--------- beginning of main
12-14 04:14:08.530 D/AndroidRuntime( 4386): >>>>>> START com.android.internal.os.RuntimeInit uid 2000 <<<<<<
12-14 04:14:08.563 W/app_process( 4386): Unexpected CPU variant for X86 using defaults: x86
12-14 04:14:08.580 D/AndroidRuntime( 4386): Calling main entry com.android.commands.am.Am
--------- beginning of system
12-14 04:14:08.581 I/ActivityManager( 1629): Force stopping com.evancharlton.mileage appid=10458 user=0: start instr
12-14 04:14:08.581 I/ActivityManager( 1629): Killing 4365:com.evancharlton.mileage/u0a458 (adj 0): stop com.evancharlton.mileage
12-14 04:14:08.581 W/ActivityManager( 1629): Crash of app com.evancharlton.mileage running instrumentation ComponentInfo{com.evancharlton.mileage.test/sh.calaba.instrumentationbackend.ClearAppData2}
12-14 04:14:08.581 I/ActivityManager( 1629): Force stopping com.evancharlton.mileage appid=10458 user=0: finished inst
12-14 04:14:08.590 I/zygote  ( 4396): Not late-enabling -Xcheck:jni (already on)
12-14 04:14:08.596 W/zygote  ( 4396): Unexpected CPU variant for X86 using defaults: x86
12-14 04:14:08.597 I/ActivityManager( 1629): Start proc 4396:com.evancharlton.mileage/u0a458 for added application com.evancharlton.mileage
12-14 04:14:08.598 D/AndroidRuntime( 4386): Shutting down VM
12-14 04:14:08.622 E/adbd    ( 1383): failed to connect to socket 'tcp:7102': Connection refused
12-14 04:14:08.626 W/zygote  ( 4396): Found duplicate classes, falling back to extracting from APK : /data/app/com.evancharlton.mileage.test-iUDj8LbX1ubB4rtkOChMRw==/base.apk
12-14 04:14:08.626 W/zygote  ( 4396): NOTE: This wastes RAM and hurts startup performance.
12-14 04:14:08.626 W/zygote  ( 4396): Found duplicated class when checking oat files: 'Ljunit/runner/BaseTestRunner;' in /data/app/com.evancharlton.mileage.test-iUDj8LbX1ubB4rtkOChMRw==/base.apk and /system/framework/android.test.runner.jar
12-14 04:14:08.626 W/zygote  ( 4396): 
12-14 04:14:08.638 E/adbd    ( 1383): failed to connect to socket 'tcp:7102': Connection refused
12-14 04:14:08.654 W/System  ( 4396): ClassLoader referenced unknown path: 
12-14 04:14:08.665 I/System.out( 4396): Main activity name automatically set to: com.evancharlton.mileage.Mileage
12-14 04:14:08.665 I/System.out( 4396): Calabash did not load Mono. This is only a problem if you are trying to test a Mono application
12-14 04:14:08.666 I/calabash( 4396): Test server port: 7102
12-14 04:14:08.669 I/InstrumentationBackend( 4396): Added:'GetPreferences', with key:'get_preferences'
12-14 04:14:08.725 I/InstrumentationBackend( 4396): Added:'SetPreferences', with key:'set_preferences'
12-14 04:14:08.726 I/InstrumentationBackend( 4396): Added:'ClearPreferences', with key:'clear_preferences'
12-14 04:14:08.726 I/InstrumentationBackend( 4396): Added:'PressElement', with key:'press_l10n_element'
12-14 04:14:08.726 I/InstrumentationBackend( 4396): Added:'WaitForElement', with key:'wait_for_l10n_element'
12-14 04:14:08.727 I/InstrumentationBackend( 4396): Added:'NullAction', with key:'nullAction'
12-14 04:14:08.728 I/InstrumentationBackend( 4396): Added:'PressKey', with key:'press_key'
12-14 04:14:08.728 I/InstrumentationBackend( 4396): Added:'SetActivityOrientation', with key:'set_activity_orientation'
12-14 04:14:08.728 I/InstrumentationBackend( 4396): Added:'GetActivityOrientation', with key:'get_activity_orientation'
12-14 04:14:08.729 I/InstrumentationBackend( 4396): Added:'FakeGPSLocation', with key:'set_gps_coordinates'
12-14 04:14:08.729 I/InstrumentationBackend( 4396): Added:'SetPropertyByCssSelector', with key:'set_property_by_css_selector'
12-14 04:14:08.730 I/InstrumentationBackend( 4396): Added:'GetUrl', with key:'get_url'
12-14 04:14:08.732 I/InstrumentationBackend( 4396): Added:'ScrollTo', with key:'scroll_to'
12-14 04:14:08.732 I/InstrumentationBackend( 4396): Added:'GetLoadProgress', with key:'get_load_progress'
12-14 04:14:08.733 I/InstrumentationBackend( 4396): Added:'DumpHtml', with key:'dump_html'
12-14 04:14:08.733 I/InstrumentationBackend( 4396): Added:'DumpBodyHtml', with key:'dump_body_html'
12-14 04:14:08.733 I/InstrumentationBackend( 4396): Added:'EnterTextByCssSelector', with key:'enter_text_by_selector'
12-14 04:14:08.737 I/InstrumentationBackend( 4396): Added:'AndroidSDKVersion', with key:'android_sdk_version'
12-14 04:14:08.737 I/InstrumentationBackend( 4396): Added:'Version', with key:'version'
12-14 04:14:08.738 I/InstrumentationBackend( 4396): Added:'Drag', with key:'drag'
12-14 04:14:08.738 I/InstrumentationBackend( 4396): Added:'TouchCoordinates', with key:'touch_coordinate'
12-14 04:14:08.738 I/InstrumentationBackend( 4396): Added:'LongPressCoordinate', with key:'long_press_coordinate'
12-14 04:14:08.739 I/InstrumentationBackend( 4396): Added:'DragCoordinates', with key:'drag_coordinates'
12-14 04:14:08.740 I/InstrumentationBackend( 4396): Added:'ResumeApplication', with key:'resume_application'
12-14 04:14:08.740 I/InstrumentationBackend( 4396): Added:'Swipe', with key:'swipe'
12-14 04:14:08.740 I/InstrumentationBackend( 4396): Added:'DoubleTapCoordinate', with key:'double_tap_coordinate'
12-14 04:14:08.740 I/InstrumentationBackend( 4396): Added:'ClickOnScreen', with key:'click_on_screen'
12-14 04:14:08.741 I/InstrumentationBackend( 4396): Added:'GetActivityName', with key:'get_activity_name'
12-14 04:14:08.742 I/InstrumentationBackend( 4396): Added:'ScrollToView', with key:'scroll_to_view'
12-14 04:14:08.742 I/InstrumentationBackend( 4396): Added:'ViewConfiguration', with key:'view_configuration'
12-14 04:14:08.742 I/InstrumentationBackend( 4396): Added:'IsCurrentActivityFocused', with key:'is_current_activity_focused'
12-14 04:14:08.743 I/InstrumentationBackend( 4396): Added:'SendTcp', with key:'send_tcp'
12-14 04:14:08.743 I/InstrumentationBackend( 4396): Added:'DpToDevicePixel', with key:'dp_to_device_pixel'
12-14 04:14:08.744 I/InstrumentationBackend( 4396): Added:'KeyboardEnterText', with key:'keyboard_enter_text'
12-14 04:14:08.745 I/InstrumentationBackend( 4396): Added:'DeleteSurroundingText', with key:'delete_surrounding_text'
12-14 04:14:08.745 I/InstrumentationBackend( 4396): Added:'SetComposingRegion', with key:'set_composing_region'
12-14 04:14:08.746 I/InstrumentationBackend( 4396): Added:'SetSelection', with key:'set_selection'
12-14 04:14:08.746 I/InstrumentationBackend( 4396): Added:'KeyboardKeyEvent', with key:'keyboard_key_event'
12-14 04:14:08.746 I/InstrumentationBackend( 4396): Added:'PressUserActionButton', with key:'press_user_action_button'
12-14 04:14:08.747 I/InstrumentationBackend( 4396): Added:'HideSoftKeyboard', with key:'hide_soft_keyboard'
12-14 04:14:08.748 I/InstrumentationBackend( 4396): Added:'ListActions', with key:'list_actions'
12-14 04:14:08.748 I/calabash( 4396): Instantiating http server at 7102
12-14 04:14:08.749 I/System.out( 4396): HTTP Daemon listening on: 7102
12-14 04:14:08.756 I/System.out( 4396): URI: //ping
12-14 04:14:08.756 I/System.out( 4396): params: {json={}
12-14 04:14:08.756 I/System.out( 4396): }
12-14 04:14:08.764 I/System.out( 4396): URI: //ping
12-14 04:14:08.764 I/System.out( 4396): params: {json={}
12-14 04:14:08.764 I/System.out( 4396): }
12-14 04:14:08.770 I/System.out( 4396): URI: //ready
12-14 04:14:08.770 I/System.out( 4396): params: {json={}
12-14 04:14:08.770 I/System.out( 4396): }
12-14 04:14:08.779 I/System.out( 4396): URI: //
12-14 04:14:08.779 I/System.out( 4396): params: {json={"command":"version","arguments":[]}
12-14 04:14:08.779 I/System.out( 4396): }
12-14 04:14:08.779 I/System.out( 4396): header: {content-type=application/json;charset=utf-8, date=Mon, 14 Dec 2020 09:14:09 GMT, accept=*/*, host=127.0.0.1:34777, content-length=36, user-agent=HTTPClient/1.0 (2.8.3, ruby 2.5.8 (2020-03-31))}
12-14 04:14:08.779 I/System.out( 4396): params: {json={"command":"version","arguments":[]}
12-14 04:14:08.779 I/System.out( 4396): }
12-14 04:14:08.779 I/System.out( 4396): ProP json = {"command":"version","arguments":[]}
12-14 04:14:08.779 I/System.out( 4396): files: {}
12-14 04:14:08.779 I/System.out( 4396): command: {"command":"version","arguments":[]}
12-14 04:14:08.808 I/InstrumentationBackend( 4396): Got command:'Command:'Line:null,version', arguments:'[]'
12-14 04:14:08.840 I/System.out( 4396): result:{"bonusInformation":[],"message":"0.9.8","success":true}
12-14 04:14:08.847 I/System.out( 4396): URI: //start-application
12-14 04:14:08.847 I/System.out( 4396): params: {json={"intent":null}
12-14 04:14:08.847 I/System.out( 4396): }
12-14 04:14:08.883 I/ActivityManager( 1629): START u0 {act=android.intent.action.MAIN cat=[android.intent.category.LAUNCHER] flg=0x10200000 cmp=com.evancharlton.mileage/.Mileage} from uid 10458
12-14 04:14:08.902 I/calabash( 4396): newActivity1
12-14 04:14:08.922 D/gralloc_ranchu( 1396): gralloc_alloc: Creating ashmem region of size 7753728
12-14 04:14:08.937 W/ActivityManager( 1629): Bad activity token: android.os.BinderProxy@ff3e34e
12-14 04:14:08.937 W/ActivityManager( 1629): java.lang.ClassCastException: android.os.BinderProxy cannot be cast to com.android.server.am.ActivityRecord$Token
12-14 04:14:08.937 W/ActivityManager( 1629): 	at com.android.server.am.ActivityRecord.forTokenLocked(ActivityRecord.java:778)
12-14 04:14:08.937 W/ActivityManager( 1629): 	at com.android.server.am.ActivityRecord.isInStackLocked(ActivityRecord.java:2085)
12-14 04:14:08.937 W/ActivityManager( 1629): 	at com.android.server.am.ActivityRecord.getStackLocked(ActivityRecord.java:2090)
12-14 04:14:08.937 W/ActivityManager( 1629): 	at com.android.server.am.ActivityManagerService.getActivityDisplayId(ActivityManagerService.java:10406)
12-14 04:14:08.937 W/ActivityManager( 1629): 	at android.app.IActivityManager$Stub.onTransact(IActivityManager.java:2738)
12-14 04:14:08.937 W/ActivityManager( 1629): 	at com.android.server.am.ActivityManagerService.onTransact(ActivityManagerService.java:2935)
12-14 04:14:08.937 W/ActivityManager( 1629): 	at android.os.Binder.execTransact(Binder.java:674)
12-14 04:14:08.939 I/calabash( 4396): newActivity1
12-14 04:14:08.945 W/ActivityManager( 1629): Bad activity token: android.os.BinderProxy@ff3e34e
12-14 04:14:08.945 W/ActivityManager( 1629): java.lang.ClassCastException: android.os.BinderProxy cannot be cast to com.android.server.am.ActivityRecord$Token
12-14 04:14:08.945 W/ActivityManager( 1629): 	at com.android.server.am.ActivityRecord.forTokenLocked(ActivityRecord.java:778)
12-14 04:14:08.945 W/ActivityManager( 1629): 	at com.android.server.am.ActivityRecord.isInStackLocked(ActivityRecord.java:2085)
12-14 04:14:08.945 W/ActivityManager( 1629): 	at com.android.server.am.ActivityManagerService.setTaskDescription(ActivityManagerService.java:9988)
12-14 04:14:08.945 W/ActivityManager( 1629): 	at android.app.IActivityManager$Stub.onTransact(IActivityManager.java:2824)
12-14 04:14:08.945 W/ActivityManager( 1629): 	at com.android.server.am.ActivityManagerService.onTransact(ActivityManagerService.java:2935)
12-14 04:14:08.945 W/ActivityManager( 1629): 	at android.os.Binder.execTransact(Binder.java:674)
12-14 04:14:08.946 W/ActivityManager( 1629): Bad activity token: android.os.BinderProxy@ff3e34e
12-14 04:14:08.946 W/ActivityManager( 1629): java.lang.ClassCastException: android.os.BinderProxy cannot be cast to com.android.server.am.ActivityRecord$Token
12-14 04:14:08.946 W/ActivityManager( 1629): 	at com.android.server.am.ActivityRecord.forTokenLocked(ActivityRecord.java:778)
12-14 04:14:08.946 W/ActivityManager( 1629): 	at com.android.server.am.ActivityRecord.isInStackLocked(ActivityRecord.java:2085)
12-14 04:14:08.946 W/ActivityManager( 1629): 	at com.android.server.am.ActivityRecord.getStackLocked(ActivityRecord.java:2090)
12-14 04:14:08.946 W/ActivityManager( 1629): 	at com.android.server.am.ActivityManagerService.getActivityStackId(ActivityManagerService.java:10417)
12-14 04:14:08.946 W/ActivityManager( 1629): 	at android.app.IActivityManager$Stub.onTransact(IActivityManager.java:3548)
12-14 04:14:08.946 W/ActivityManager( 1629): 	at com.android.server.am.ActivityManagerService.onTransact(ActivityManagerService.java:2935)
12-14 04:14:08.946 W/ActivityManager( 1629): 	at android.os.Binder.execTransact(Binder.java:674)
12-14 04:14:08.970 D/EGL_emulation( 2217): eglMakeCurrent: 0x9f305a80: ver 3 0 (tinfo 0x9f303470)
12-14 04:14:08.972 D/EGL_emulation( 2177): eglMakeCurrent: 0x9f305480: ver 3 0 (tinfo 0x9f303360)
12-14 04:14:09.000 D/EGL_emulation( 1732): eglMakeCurrent: 0x9f305900: ver 3 0 (tinfo 0x9f3035a0)
12-14 04:14:09.001 V/StatusBar( 1732): setLightsOn(true)
12-14 04:14:09.005 D/EGL_emulation( 1732): eglMakeCurrent: 0x9f305900: ver 3 0 (tinfo 0x9f3035a0)
12-14 04:14:09.009 I/Finsky  ( 2555): [115] nmi.run(36): Stats for Executor: BlockingExecutor non@987f994[Running, pool size = 2, active threads = 0, queued tasks = 0, completed tasks = 19]
12-14 04:14:09.013 I/Finsky  ( 2555): [115] nmi.run(36): Stats for Executor: LightweightExecutor non@9688c3d[Running, pool size = 2, active threads = 0, queued tasks = 0, completed tasks = 71]
12-14 04:14:09.014 D/EGL_emulation( 1732): eglMakeCurrent: 0x9f305900: ver 3 0 (tinfo 0x9f3035a0)
12-14 04:14:09.030 D/EGL_emulation( 1732): eglMakeCurrent: 0x9f305900: ver 3 0 (tinfo 0x9f3035a0)
12-14 04:14:09.032 E/ContentStoreEUAS( 2217): Failed to commit the deferred actions
12-14 04:14:09.034 D/EGL_emulation( 1732): eglMakeCurrent: 0x9f305900: ver 3 0 (tinfo 0x9f3035a0)
12-14 04:14:09.046 I/chatty  ( 1732): uid=10028(u0_a28) RenderThread identical 1 line
12-14 04:14:09.050 D/EGL_emulation( 1732): eglMakeCurrent: 0x9f305900: ver 3 0 (tinfo 0x9f3035a0)
12-14 04:14:09.050 D/FillupsProvider( 4396): Creating database
12-14 04:14:09.063 D/EGL_emulation( 1732): eglMakeCurrent: 0x9f305900: ver 3 0 (tinfo 0x9f3035a0)
12-14 04:14:09.111 I/chatty  ( 1732): uid=10028(u0_a28) RenderThread identical 5 lines
12-14 04:14:09.115 D/EGL_emulation( 1732): eglMakeCurrent: 0x9f305900: ver 3 0 (tinfo 0x9f3035a0)
12-14 04:14:09.125 I/zygote  ( 4396): Do partial code cache collection, code=29KB, data=22KB
12-14 04:14:09.126 I/zygote  ( 4396): After code cache collection, code=29KB, data=22KB
12-14 04:14:09.126 I/zygote  ( 4396): Increasing code cache capacity to 128KB
12-14 04:14:09.129 D/EGL_emulation( 1732): eglMakeCurrent: 0x9f305900: ver 3 0 (tinfo 0x9f3035a0)
12-14 04:14:09.161 W/ActivityManager( 1629): Bad activity token: android.os.BinderProxy@ff3e34e
12-14 04:14:09.161 W/ActivityManager( 1629): java.lang.ClassCastException: android.os.BinderProxy cannot be cast to com.android.server.am.ActivityRecord$Token
12-14 04:14:09.161 W/ActivityManager( 1629): 	at com.android.server.am.ActivityRecord.forTokenLocked(ActivityRecord.java:778)
12-14 04:14:09.161 W/ActivityManager( 1629): 	at com.android.server.am.ActivityRecord.isInStackLocked(ActivityRecord.java:2085)
12-14 04:14:09.161 W/ActivityManager( 1629): 	at com.android.server.am.ActivityManagerService.getActivityOptions(ActivityManagerService.java:13302)
12-14 04:14:09.161 W/ActivityManager( 1629): 	at android.app.IActivityManager$Stub.onTransact(IActivityManager.java:2910)
12-14 04:14:09.161 W/ActivityManager( 1629): 	at com.android.server.am.ActivityManagerService.onTransact(ActivityManagerService.java:2935)
12-14 04:14:09.161 W/ActivityManager( 1629): 	at android.os.Binder.execTransact(Binder.java:674)
12-14 04:14:09.162 W/ActivityManager( 1629): Bad activity token: android.os.BinderProxy@ff3e34e
12-14 04:14:09.162 W/ActivityManager( 1629): java.lang.ClassCastException: android.os.BinderProxy cannot be cast to com.android.server.am.ActivityRecord$Token
12-14 04:14:09.162 W/ActivityManager( 1629): 	at com.android.server.am.ActivityRecord.forTokenLocked(ActivityRecord.java:778)
12-14 04:14:09.162 W/ActivityManager( 1629): 	at com.android.server.am.ActivityRecord.isInStackLocked(ActivityRecord.java:2085)
12-14 04:14:09.162 W/ActivityManager( 1629): 	at com.android.server.am.ActivityManagerService.getActivityOptions(ActivityManagerService.java:13302)
12-14 04:14:09.162 W/ActivityManager( 1629): 	at android.app.IActivityManager$Stub.onTransact(IActivityManager.java:2910)
12-14 04:14:09.162 W/ActivityManager( 1629): 	at com.android.server.am.ActivityManagerService.onTransact(ActivityManagerService.java:2935)
12-14 04:14:09.162 W/ActivityManager( 1629): 	at android.os.Binder.execTransact(Binder.java:674)
12-14 04:14:09.182 I/chatty  ( 1732): uid=10028(u0_a28) RenderThread identical 8 lines
12-14 04:14:09.197 D/EGL_emulation( 1732): eglMakeCurrent: 0x9f305900: ver 3 0 (tinfo 0x9f3035a0)
12-14 04:14:09.234 I/zygote  ( 4396): Background concurrent copying GC freed 23589(1028KB) AllocSpace objects, 6(120KB) LOS objects, 61% free, 956KB/2MB, paused 13.500ms total 32.087ms
12-14 04:14:09.258 V/StatusBar( 1732): setLightsOn(true)
12-14 04:14:09.309 I/chatty  ( 1732): uid=10028(u0_a28) com.android.systemui identical 1 line
12-14 04:14:09.314 V/StatusBar( 1732): setLightsOn(true)
12-14 04:14:09.321 I/zygote  ( 4396): Do partial code cache collection, code=40KB, data=57KB
12-14 04:14:09.322 I/zygote  ( 4396): After code cache collection, code=40KB, data=57KB
12-14 04:14:09.322 I/zygote  ( 4396): Increasing code cache capacity to 256KB
12-14 04:14:09.324 I/zygote  ( 4396): JIT allocated 71KB for compiled code of void android.widget.TextView.<init>(android.content.Context, android.util.AttributeSet, int, int)
12-14 04:14:09.325 I/zygote  ( 4396): Compiler allocated 4MB to compile void android.widget.TextView.<init>(android.content.Context, android.util.AttributeSet, int, int)
12-14 04:14:09.349 D/gralloc_ranchu( 1396): gralloc_alloc: Creating ashmem region of size 7753728
12-14 04:14:09.353 I/zygote  ( 4396): Do full code cache collection, code=121KB, data=68KB
12-14 04:14:09.353 I/zygote  ( 4396): After code cache collection, code=86KB, data=36KB
12-14 04:14:09.368 D/        ( 4396): HostConnection::get() New Host Connection established 0x9c9b0b80, tid 4396
12-14 04:14:09.409 V/StatusBar( 1732): setLightsOn(true)
12-14 04:14:09.437 I/chatty  ( 1732): uid=10028(u0_a28) com.android.systemui identical 2 lines
12-14 04:14:09.449 V/StatusBar( 1732): setLightsOn(true)
12-14 04:14:09.451 I/ActivityManager( 1629): Displayed com.evancharlton.mileage/.Mileage: +541ms
12-14 04:14:09.452 V/StatusBar( 1732): setLightsOn(true)
12-14 04:14:09.471 D/gralloc_ranchu( 1396): gralloc_alloc: Creating ashmem region of size 7753728
12-14 04:14:09.626 V/StatusBar( 1732): setLightsOn(true)
12-14 04:14:09.629 V/StatusBar( 1732): setLightsOn(true)
12-14 04:14:09.650 I/System.out( 4396): URI: //
12-14 04:14:09.650 I/System.out( 4396): params: {json={"command":"set_activity_orientation","arguments":["landscape"]}
12-14 04:14:09.650 I/System.out( 4396): }
12-14 04:14:09.650 I/System.out( 4396): header: {content-type=application/json;charset=utf-8, date=Mon, 14 Dec 2020 09:14:10 GMT, accept=*/*, host=127.0.0.1:34777, content-length=64, user-agent=HTTPClient/1.0 (2.8.3, ruby 2.5.8 (2020-03-31))}
12-14 04:14:09.650 I/System.out( 4396): params: {json={"command":"set_activity_orientation","arguments":["landscape"]}
12-14 04:14:09.650 I/System.out( 4396): }
12-14 04:14:09.651 I/System.out( 4396): ProP json = {"command":"set_activity_orientation","arguments":["landscape"]}
12-14 04:14:09.651 I/System.out( 4396): files: {}
12-14 04:14:09.651 I/System.out( 4396): command: {"command":"set_activity_orientation","arguments":["landscape"]}
12-14 04:14:09.654 I/InstrumentationBackend( 4396): Got command:'Command:'Line:null,set_activity_orientation', arguments:'[landscape]'
12-14 04:14:09.657 D/gralloc_ranchu( 1396): gralloc_alloc: Creating ashmem region of size 8298496
12-14 04:14:09.676 W/LocalDisplayAdapter( 1629): Unable to find color mode 0, ignoring request.
12-14 04:14:09.701 I/ActivityManager( 1629): Config changes=480 {1.0 310mcc260mnc [en_US] ldltr sw411dp w683dp h387dp 420dpi nrml land finger qwerty/v/v -nav/h appBounds=Rect(0, 0 - 1794, 1080) s.7}
12-14 04:14:09.714 I/InputReader( 1629): Reconfiguring input devices.  changes=0x00000004
12-14 04:14:09.714 I/InputReader( 1629): Device reconfigured: id=0, name='qwerty2', size 1080x1920, orientation 1, mode 1, display id 0
12-14 04:14:09.722 I/ActivityManager( 1629): Override config changes=480 {1.0 310mcc260mnc [en_US] ldltr sw411dp w683dp h387dp 420dpi nrml land finger qwerty/v/v -nav/h appBounds=Rect(0, 0 - 1794, 1080) s.7} for displayId=0
12-14 04:14:09.800 I/calabash( 4396): newActivity1
12-14 04:14:09.821 E/memtrack( 1629): Couldn't load memtrack module
12-14 04:14:09.821 W/android.os.Debug( 1629): failed to get memory consumption info: -1
12-14 04:14:09.835 W/ActivityManager( 1629): Bad activity token: android.os.BinderProxy@da34cd6
12-14 04:14:09.835 W/ActivityManager( 1629): java.lang.ClassCastException: android.os.BinderProxy cannot be cast to com.android.server.am.ActivityRecord$Token
12-14 04:14:09.835 W/ActivityManager( 1629): 	at com.android.server.am.ActivityRecord.forTokenLocked(ActivityRecord.java:778)
12-14 04:14:09.835 W/ActivityManager( 1629): 	at com.android.server.am.ActivityRecord.isInStackLocked(ActivityRecord.java:2085)
12-14 04:14:09.835 W/ActivityManager( 1629): 	at com.android.server.am.ActivityRecord.getStackLocked(ActivityRecord.java:2090)
12-14 04:14:09.835 W/ActivityManager( 1629): 	at com.android.server.am.ActivityManagerService.getActivityDisplayId(ActivityManagerService.java:10406)
12-14 04:14:09.835 W/ActivityManager( 1629): 	at android.app.IActivityManager$Stub.onTransact(IActivityManager.java:2738)
12-14 04:14:09.835 W/ActivityManager( 1629): 	at com.android.server.am.ActivityManagerService.onTransact(ActivityManagerService.java:2935)
12-14 04:14:09.835 W/ActivityManager( 1629): 	at android.os.Binder.execTransact(Binder.java:674)
12-14 04:14:09.848 D/gralloc_ranchu( 1396): gralloc_alloc: Creating ashmem region of size 544768
12-14 04:14:09.849 I/calabash( 4396): newActivity1
12-14 04:14:09.855 D/NuPlayerDriver( 1483): NuPlayerDriver(0xb0fc47e0) created, clientPid(1732)
12-14 04:14:09.856 W/ActivityManager( 1629): Bad activity token: android.os.BinderProxy@da34cd6
12-14 04:14:09.856 W/ActivityManager( 1629): java.lang.ClassCastException: android.os.BinderProxy cannot be cast to com.android.server.am.ActivityRecord$Token
12-14 04:14:09.856 W/ActivityManager( 1629): 	at com.android.server.am.ActivityRecord.forTokenLocked(ActivityRecord.java:778)
12-14 04:14:09.856 W/ActivityManager( 1629): 	at com.android.server.am.ActivityRecord.isInStackLocked(ActivityRecord.java:2085)
12-14 04:14:09.856 W/ActivityManager( 1629): 	at com.android.server.am.ActivityManagerService.setTaskDescription(ActivityManagerService.java:9988)
12-14 04:14:09.856 W/ActivityManager( 1629): 	at android.app.IActivityManager$Stub.onTransact(IActivityManager.java:2824)
12-14 04:14:09.856 W/ActivityManager( 1629): 	at com.android.server.am.ActivityManagerService.onTransact(ActivityManagerService.java:2935)
12-14 04:14:09.856 W/ActivityManager( 1629): 	at android.os.Binder.execTransact(Binder.java:674)
12-14 04:14:09.861 W/ActivityManager( 1629): Bad activity token: android.os.BinderProxy@da34cd6
12-14 04:14:09.861 W/ActivityManager( 1629): java.lang.ClassCastException: android.os.BinderProxy cannot be cast to com.android.server.am.ActivityRecord$Token
12-14 04:14:09.861 W/ActivityManager( 1629): 	at com.android.server.am.ActivityRecord.forTokenLocked(ActivityRecord.java:778)
12-14 04:14:09.861 W/ActivityManager( 1629): 	at com.android.server.am.ActivityRecord.isInStackLocked(ActivityRecord.java:2085)
12-14 04:14:09.861 W/ActivityManager( 1629): 	at com.android.server.am.ActivityRecord.getStackLocked(ActivityRecord.java:2090)
12-14 04:14:09.861 W/ActivityManager( 1629): 	at com.android.server.am.ActivityManagerService.getActivityStackId(ActivityManagerService.java:10417)
12-14 04:14:09.861 W/ActivityManager( 1629): 	at android.app.IActivityManager$Stub.onTransact(IActivityManager.java:3548)
12-14 04:14:09.861 W/ActivityManager( 1629): 	at com.android.server.am.ActivityManagerService.onTransact(ActivityManagerService.java:2935)
12-14 04:14:09.861 W/ActivityManager( 1629): 	at android.os.Binder.execTransact(Binder.java:674)
12-14 04:14:09.861 D/EGL_emulation( 1732): eglMakeCurrent: 0x9f305900: ver 3 0 (tinfo 0x9f3035a0)
12-14 04:14:09.866 D/GenericSource( 1483): FileSource remote
12-14 04:14:09.866 D/gralloc_ranchu( 1396): gralloc_alloc: Creating ashmem region of size 544768
12-14 04:14:09.880 D/NuPlayerDriver( 1483): notifyListener_l(0xb0fc47e0), (1, 0, 0, -1), loop setting(0, 0)
12-14 04:14:09.921 W/ActivityManager( 1629): Bad activity token: android.os.BinderProxy@da34cd6
12-14 04:14:09.921 W/ActivityManager( 1629): java.lang.ClassCastException: android.os.BinderProxy cannot be cast to com.android.server.am.ActivityRecord$Token
12-14 04:14:09.921 W/ActivityManager( 1629): 	at com.android.server.am.ActivityRecord.forTokenLocked(ActivityRecord.java:778)
12-14 04:14:09.921 W/ActivityManager( 1629): 	at com.android.server.am.ActivityRecord.isInStackLocked(ActivityRecord.java:2085)
12-14 04:14:09.921 W/ActivityManager( 1629): 	at com.android.server.am.ActivityManagerService.getActivityOptions(ActivityManagerService.java:13302)
12-14 04:14:09.921 W/ActivityManager( 1629): 	at android.app.IActivityManager$Stub.onTransact(IActivityManager.java:2910)
12-14 04:14:09.921 W/ActivityManager( 1629): 	at com.android.server.am.ActivityManagerService.onTransact(ActivityManagerService.java:2935)
12-14 04:14:09.921 W/ActivityManager( 1629): 	at android.os.Binder.execTransact(Binder.java:674)
12-14 04:14:09.921 W/ActivityManager( 1629): Bad activity token: android.os.BinderProxy@da34cd6
12-14 04:14:09.921 W/ActivityManager( 1629): java.lang.ClassCastException: android.os.BinderProxy cannot be cast to com.android.server.am.ActivityRecord$Token
12-14 04:14:09.921 W/ActivityManager( 1629): 	at com.android.server.am.ActivityRecord.forTokenLocked(ActivityRecord.java:778)
12-14 04:14:09.921 W/ActivityManager( 1629): 	at com.android.server.am.ActivityRecord.isInStackLocked(ActivityRecord.java:2085)
12-14 04:14:09.921 W/ActivityManager( 1629): 	at com.android.server.am.ActivityManagerService.getActivityOptions(ActivityManagerService.java:13302)
12-14 04:14:09.921 W/ActivityManager( 1629): 	at android.app.IActivityManager$Stub.onTransact(IActivityManager.java:2910)
12-14 04:14:09.921 W/ActivityManager( 1629): 	at com.android.server.am.ActivityManagerService.onTransact(ActivityManagerService.java:2935)
12-14 04:14:09.921 W/ActivityManager( 1629): 	at android.os.Binder.execTransact(Binder.java:674)
12-14 04:14:09.928 I/MediaFocusControl( 1629):  AudioFocus  requestAudioFocus() from uid/pid 10028/1732 clientId=android.media.AudioManager@7076946 req=3 flags=0x0
12-14 04:14:09.945 I/System.out( 4396): result:{"bonusInformation":[],"message":"","success":true}
12-14 04:14:09.948 I/Finsky  ( 2555): [115] nmi.run(36): Stats for Executor: bgExecutor non@6c7c32[Running, pool size = 4, active threads = 0, queued tasks = 0, completed tasks = 80]
12-14 04:14:09.976 V/StatusBar( 1732): setLightsOn(true)
12-14 04:14:09.982 D/gralloc_ranchu( 1396): gralloc_alloc: Creating ashmem region of size 544768
12-14 04:14:10.001 I/zygote  ( 4396): Background concurrent copying GC freed 21910(1138KB) AllocSpace objects, 7(140KB) LOS objects, 55% free, 1214KB/2MB, paused 6.920ms total 51.180ms
12-14 04:14:10.033 D/gralloc_ranchu( 1396): gralloc_alloc: Creating ashmem region of size 487424
12-14 04:14:10.048 D/StatusBar( 1732): disable<e i a s b h r c s q >
12-14 04:14:10.051 D/EGL_emulation( 1732): eglMakeCurrent: 0x9f305900: ver 3 0 (tinfo 0x9f3035a0)
12-14 04:14:10.062 D/gralloc_ranchu( 1396): gralloc_alloc: Creating ashmem region of size 487424
12-14 04:14:10.094 D/gralloc_ranchu( 1396): gralloc_alloc: Creating ashmem region of size 7753728
12-14 04:14:10.106 D/gralloc_ranchu( 1396): gralloc_alloc: Creating ashmem region of size 487424
12-14 04:14:10.142 D/EGL_emulation( 1732): eglMakeCurrent: 0x9f305900: ver 3 0 (tinfo 0x9f3035a0)
12-14 04:14:10.149 D/EGL_emulation( 1732): eglMakeCurrent: 0x9f305900: ver 3 0 (tinfo 0x9f3035a0)
12-14 04:14:10.152 I/zygote  ( 4396): Do partial code cache collection, code=122KB, data=81KB
12-14 04:14:10.153 I/zygote  ( 4396): After code cache collection, code=122KB, data=81KB
12-14 04:14:10.153 I/zygote  ( 4396): Increasing code cache capacity to 512KB
12-14 04:14:10.155 V/StatusBar( 1732): setLightsOn(true)
12-14 04:14:10.180 I/WindowManager( 1629): Screen frozen for +525ms due to Window{a1d8847 u0 com.evancharlton.mileage/com.evancharlton.mileage.Mileage}
12-14 04:14:10.193 V/StatusBar( 1732): setLightsOn(true)
12-14 04:14:10.204 W/SurfaceFlinger( 1406): couldn't log to binary event log: overflow.
12-14 04:14:10.207 D/gralloc_ranchu( 1396): gralloc_alloc: Creating ashmem region of size 7753728
12-14 04:14:10.282 I/PBSessionCacheImpl( 2217): Deleted sessionId[12660463091831] from persistence.
12-14 04:14:10.346 W/SearchService( 2217): Abort, client detached.
12-14 04:14:10.431 D/NuPlayerDriver( 1483): start(0xb0fc47e0), state is 4, eos is 0
12-14 04:14:10.432 I/GenericSource( 1483): start
12-14 04:14:10.449 I/OMXClient( 1483): Treble IOmx obtained
12-14 04:14:10.450 I/OMXMaster( 1488): makeComponentInstance(OMX.google.vorbis.decoder) in omx@1.0-service process
12-14 04:14:10.453 E/OMXNodeInstance( 1488): setConfig(0xadea1080:google.vorbis.decoder, ConfigPriority(0x6f800002)) ERROR: Undefined(0x80001001)
12-14 04:14:10.453 I/ACodec  ( 1483): codec does not support config priority (err -2147483648)
12-14 04:14:10.453 E/OMXNodeInstance( 1488): getConfig(0xadea1080:google.vorbis.decoder, ConfigAndroidVendorExtension(0x6f100004)) ERROR: Undefined(0x80001001)
12-14 04:14:10.454 I/MediaCodec( 1483): MediaCodec will operate in async mode
12-14 04:14:10.459 W//system/bin/hw/android.hidl.allocator@1.0-service( 1389): ashmem_create_region(32768) returning hidl_memory(0xb021b850, 32768)
12-14 04:14:10.481 I/chatty  ( 1389): uid=1000(system) allocator@1.0-s identical 10 lines
12-14 04:14:10.481 W//system/bin/hw/android.hidl.allocator@1.0-service( 1389): ashmem_create_region(32768) returning hidl_memory(0xb021b850, 32768)
12-14 04:14:10.500 D/AudioTrack( 1483): Client defaulted notificationFrames to 7406 for frameCount 22218
12-14 04:14:10.501 D/NuPlayerDriver( 1483): notifyListener_l(0xb0fc47e0), (6, 0, 0, -1), loop setting(0, 0)
12-14 04:14:10.501 W/audio_hw_generic( 1390): Not supplying enough data to HAL, expected position 353540 , only wrote 353520
12-14 04:14:10.614 V/StatusBar( 1732): setLightsOn(true)
12-14 04:14:11.232 D/gralloc_ranchu( 1396): gralloc_alloc: Creating ashmem region of size 7753728
12-14 04:14:11.685 I/Finsky:download_service( 2680): [126] nmi.run(36): Stats for Executor: bgExecutor non@dd5c7b3[Running, pool size = 0, active threads = 0, queued tasks = 0, completed tasks = 0]
12-14 04:14:12.014 I/NuPlayerDecoder( 1483): [audio] saw output EOS
12-14 04:14:12.146 E/SurfaceFlinger( 1406): ro.sf.lcd_density must be defined as a build property
12-14 04:14:12.154 D/gralloc_ranchu( 1396): gralloc_alloc: Creating ashmem region of size 8298496
12-14 04:14:12.162 D/        ( 4451): HostConnection::get() New Host Connection established 0xb52af800, tid 4451
12-14 04:14:12.267 D/AudioTrack( 1483): stop() called with 84672 frames delivered
12-14 04:14:12.308 I/zygote  ( 1629): Explicit concurrent copying GC freed 23830(1821KB) AllocSpace objects, 11(236KB) LOS objects, 38% free, 9MB/15MB, paused 863us total 120.414ms
12-14 04:14:12.537 I/System.out( 4396): URI: //
12-14 04:14:12.537 I/System.out( 4396): params: {json={"command":"set_activity_orientation","arguments":["portrait"]}
12-14 04:14:12.537 I/System.out( 4396): }
12-14 04:14:12.537 I/System.out( 4396): header: {content-type=application/json;charset=utf-8, date=Mon, 14 Dec 2020 09:14:12 GMT, accept=*/*, host=127.0.0.1:34777, content-length=63, user-agent=HTTPClient/1.0 (2.8.3, ruby 2.5.8 (2020-03-31))}
12-14 04:14:12.537 I/System.out( 4396): params: {json={"command":"set_activity_orientation","arguments":["portrait"]}
12-14 04:14:12.537 I/System.out( 4396): }
12-14 04:14:12.537 I/System.out( 4396): ProP json = {"command":"set_activity_orientation","arguments":["portrait"]}
12-14 04:14:12.537 I/System.out( 4396): files: {}
12-14 04:14:12.537 I/System.out( 4396): command: {"command":"set_activity_orientation","arguments":["portrait"]}
12-14 04:14:12.541 I/InstrumentationBackend( 4396): Got command:'Command:'Line:null,set_activity_orientation', arguments:'[portrait]'
12-14 04:14:12.545 D/gralloc_ranchu( 1396): gralloc_alloc: Creating ashmem region of size 8298496
12-14 04:14:12.561 W/LocalDisplayAdapter( 1629): Unable to find color mode 0, ignoring request.
12-14 04:14:12.585 I/InputReader( 1629): Reconfiguring input devices.  changes=0x00000004
12-14 04:14:12.585 I/InputReader( 1629): Device reconfigured: id=0, name='qwerty2', size 1080x1920, orientation 0, mode 1, display id 0
12-14 04:14:12.587 I/ActivityManager( 1629): Config changes=480 {1.0 310mcc260mnc [en_US] ldltr sw411dp w411dp h659dp 420dpi nrml port finger qwerty/v/v -nav/h appBounds=Rect(0, 0 - 1080, 1794) s.8}
12-14 04:14:12.595 I/ActivityManager( 1629): Override config changes=480 {1.0 310mcc260mnc [en_US] ldltr sw411dp w411dp h659dp 420dpi nrml port finger qwerty/v/v -nav/h appBounds=Rect(0, 0 - 1080, 1794) s.8} for displayId=0
12-14 04:14:12.600 D/NuPlayerDriver( 1483): notifyListener_l(0xb0fc47e0), (2, 0, 0, -1), loop setting(0, 0)
12-14 04:14:12.601 I/MediaFocusControl( 1629):  AudioFocus  abandonAudioFocus() from uid/pid 10028/1732 clientId=android.media.AudioManager@7076946
12-14 04:14:12.616 I/zygote  ( 1720): Do partial code cache collection, code=62KB, data=39KB
12-14 04:14:12.651 I/zygote  ( 1720): After code cache collection, code=62KB, data=39KB
12-14 04:14:12.651 I/zygote  ( 1720): Increasing code cache capacity to 256KB
12-14 04:14:12.664 D/gralloc_ranchu( 1396): gralloc_alloc: Creating ashmem region of size 544768
12-14 04:14:12.669 I/calabash( 4396): newActivity1
12-14 04:14:12.672 D/EGL_emulation( 1732): eglMakeCurrent: 0x9f305900: ver 3 0 (tinfo 0x9f3035a0)
12-14 04:14:12.689 D/gralloc_ranchu( 1396): gralloc_alloc: Creating ashmem region of size 544768
12-14 04:14:12.733 W/ActivityManager( 1629): Bad activity token: android.os.BinderProxy@15eb7c2
12-14 04:14:12.733 W/ActivityManager( 1629): java.lang.ClassCastException: android.os.BinderProxy cannot be cast to com.android.server.am.ActivityRecord$Token
12-14 04:14:12.733 W/ActivityManager( 1629): 	at com.android.server.am.ActivityRecord.forTokenLocked(ActivityRecord.java:778)
12-14 04:14:12.733 W/ActivityManager( 1629): 	at com.android.server.am.ActivityRecord.isInStackLocked(ActivityRecord.java:2085)
12-14 04:14:12.733 W/ActivityManager( 1629): 	at com.android.server.am.ActivityRecord.getStackLocked(ActivityRecord.java:2090)
12-14 04:14:12.733 W/ActivityManager( 1629): 	at com.android.server.am.ActivityManagerService.getActivityDisplayId(ActivityManagerService.java:10406)
12-14 04:14:12.733 W/ActivityManager( 1629): 	at android.app.IActivityManager$Stub.onTransact(IActivityManager.java:2738)
12-14 04:14:12.733 W/ActivityManager( 1629): 	at com.android.server.am.ActivityManagerService.onTransact(ActivityManagerService.java:2935)
12-14 04:14:12.733 W/ActivityManager( 1629): 	at android.os.Binder.execTransact(Binder.java:674)
12-14 04:14:12.733 I/calabash( 4396): newActivity1
12-14 04:14:12.736 W/ActivityManager( 1629): Bad activity token: android.os.BinderProxy@15eb7c2
12-14 04:14:12.736 W/ActivityManager( 1629): java.lang.ClassCastException: android.os.BinderProxy cannot be cast to com.android.server.am.ActivityRecord$Token
12-14 04:14:12.736 W/ActivityManager( 1629): 	at com.android.server.am.ActivityRecord.forTokenLocked(ActivityRecord.java:778)
12-14 04:14:12.736 W/ActivityManager( 1629): 	at com.android.server.am.ActivityRecord.isInStackLocked(ActivityRecord.java:2085)
12-14 04:14:12.736 W/ActivityManager( 1629): 	at com.android.server.am.ActivityManagerService.setTaskDescription(ActivityManagerService.java:9988)
12-14 04:14:12.736 W/ActivityManager( 1629): 	at android.app.IActivityManager$Stub.onTransact(IActivityManager.java:2824)
12-14 04:14:12.736 W/ActivityManager( 1629): 	at com.android.server.am.ActivityManagerService.onTransact(ActivityManagerService.java:2935)
12-14 04:14:12.736 W/ActivityManager( 1629): 	at android.os.Binder.execTransact(Binder.java:674)
12-14 04:14:12.741 W/ActivityManager( 1629): Bad activity token: android.os.BinderProxy@15eb7c2
12-14 04:14:12.741 W/ActivityManager( 1629): java.lang.ClassCastException: android.os.BinderProxy cannot be cast to com.android.server.am.ActivityRecord$Token
12-14 04:14:12.741 W/ActivityManager( 1629): 	at com.android.server.am.ActivityRecord.forTokenLocked(ActivityRecord.java:778)
12-14 04:14:12.741 W/ActivityManager( 1629): 	at com.android.server.am.ActivityRecord.isInStackLocked(ActivityRecord.java:2085)
12-14 04:14:12.741 W/ActivityManager( 1629): 	at com.android.server.am.ActivityRecord.getStackLocked(ActivityRecord.java:2090)
12-14 04:14:12.741 W/ActivityManager( 1629): 	at com.android.server.am.ActivityManagerService.getActivityStackId(ActivityManagerService.java:10417)
12-14 04:14:12.741 W/ActivityManager( 1629): 	at android.app.IActivityManager$Stub.onTransact(IActivityManager.java:3548)
12-14 04:14:12.741 W/ActivityManager( 1629): 	at com.android.server.am.ActivityManagerService.onTransact(ActivityManagerService.java:2935)
12-14 04:14:12.741 W/ActivityManager( 1629): 	at android.os.Binder.execTransact(Binder.java:674)
12-14 04:14:12.751 V/StatusBar( 1732): setLightsOn(true)
12-14 04:14:12.759 D/gralloc_ranchu( 1396): gralloc_alloc: Creating ashmem region of size 544768
12-14 04:14:12.791 I/System.out( 4396): result:{"bonusInformation":[],"message":"","success":true}
12-14 04:14:12.813 D/gralloc_ranchu( 1396): gralloc_alloc: Creating ashmem region of size 274432
12-14 04:14:12.817 W/ActivityManager( 1629): Bad activity token: android.os.BinderProxy@15eb7c2
12-14 04:14:12.817 W/ActivityManager( 1629): java.lang.ClassCastException: android.os.BinderProxy cannot be cast to com.android.server.am.ActivityRecord$Token
12-14 04:14:12.817 W/ActivityManager( 1629): 	at com.android.server.am.ActivityRecord.forTokenLocked(ActivityRecord.java:778)
12-14 04:14:12.817 W/ActivityManager( 1629): 	at com.android.server.am.ActivityRecord.isInStackLocked(ActivityRecord.java:2085)
12-14 04:14:12.817 W/ActivityManager( 1629): 	at com.android.server.am.ActivityManagerService.getActivityOptions(ActivityManagerService.java:13302)
12-14 04:14:12.817 W/ActivityManager( 1629): 	at android.app.IActivityManager$Stub.onTransact(IActivityManager.java:2910)
12-14 04:14:12.817 W/ActivityManager( 1629): 	at com.android.server.am.ActivityManagerService.onTransact(ActivityManagerService.java:2935)
12-14 04:14:12.817 W/ActivityManager( 1629): 	at android.os.Binder.execTransact(Binder.java:674)
12-14 04:14:12.818 W/ActivityManager( 1629): Bad activity token: android.os.BinderProxy@15eb7c2
12-14 04:14:12.818 W/ActivityManager( 1629): java.lang.ClassCastException: android.os.BinderProxy cannot be cast to com.android.server.am.ActivityRecord$Token
12-14 04:14:12.818 W/ActivityManager( 1629): 	at com.android.server.am.ActivityRecord.forTokenLocked(ActivityRecord.java:778)
12-14 04:14:12.818 W/ActivityManager( 1629): 	at com.android.server.am.ActivityRecord.isInStackLocked(ActivityRecord.java:2085)
12-14 04:14:12.818 W/ActivityManager( 1629): 	at com.android.server.am.ActivityManagerService.getActivityOptions(ActivityManagerService.java:13302)
12-14 04:14:12.818 W/ActivityManager( 1629): 	at android.app.IActivityManager$Stub.onTransact(IActivityManager.java:2910)
12-14 04:14:12.818 W/ActivityManager( 1629): 	at com.android.server.am.ActivityManagerService.onTransact(ActivityManagerService.java:2935)
12-14 04:14:12.818 W/ActivityManager( 1629): 	at android.os.Binder.execTransact(Binder.java:674)
12-14 04:14:12.825 D/StatusBar( 1732): disable<e i a s b h r c s q >
12-14 04:14:12.829 D/EGL_emulation( 1732): eglMakeCurrent: 0x9f305900: ver 3 0 (tinfo 0x9f3035a0)
12-14 04:14:12.834 D/gralloc_ranchu( 1396): gralloc_alloc: Creating ashmem region of size 274432
12-14 04:14:12.865 I/WindowManager( 1629): Screen frozen for +323ms due to Window{96095f u0 StatusBar}
12-14 04:14:12.872 D/SurfaceFlinger( 1406): duplicate layer name: changing BlackSurface to BlackSurface#1
12-14 04:14:12.874 D/SurfaceFlinger( 1406): duplicate layer name: changing BlackSurface to BlackSurface#1
12-14 04:14:12.883 D/gralloc_ranchu( 1396): gralloc_alloc: Creating ashmem region of size 274432
12-14 04:14:12.898 E/TaskPersister( 1629): File error accessing recents directory (directory doesn't exist?).
12-14 04:14:12.899 D/EGL_emulation( 1732): eglMakeCurrent: 0x9f305900: ver 3 0 (tinfo 0x9f3035a0)
12-14 04:14:12.902 D/EGL_emulation( 1732): eglMakeCurrent: 0x9f305900: ver 3 0 (tinfo 0x9f3035a0)
12-14 04:14:12.916 I/zygote  ( 4396): JIT allocated 56KB for compiled code of void android.view.View.<init>(android.content.Context, android.util.AttributeSet, int, int)
12-14 04:14:12.929 V/StatusBar( 1732): setLightsOn(true)
12-14 04:14:12.944 I/zygote  ( 4396): Do full code cache collection, code=251KB, data=146KB
12-14 04:14:12.944 I/zygote  ( 4396): After code cache collection, code=250KB, data=110KB
12-14 04:14:12.950 D/gralloc_ranchu( 1396): gralloc_alloc: Creating ashmem region of size 7753728
12-14 04:14:13.000 V/StatusBar( 1732): setLightsOn(true)
12-14 04:14:13.006 V/StatusBar( 1732): setLightsOn(true)
12-14 04:14:13.011 I/zygote  ( 4396): Do partial code cache collection, code=250KB, data=114KB
12-14 04:14:13.011 I/zygote  ( 4396): After code cache collection, code=250KB, data=114KB
12-14 04:14:13.011 I/zygote  ( 4396): Increasing code cache capacity to 1024KB
12-14 04:14:13.012 D/gralloc_ranchu( 1396): gralloc_alloc: Creating ashmem region of size 7753728
12-14 04:14:13.302 V/StatusBar( 1732): setLightsOn(true)
12-14 04:14:14.127 D/gralloc_ranchu( 1396): gralloc_alloc: Creating ashmem region of size 7753728
12-14 04:14:14.925 I/zygote  ( 1629): Explicit concurrent copying GC freed 6740(806KB) AllocSpace objects, 1(20KB) LOS objects, 38% free, 9MB/15MB, paused 510us total 46.905ms
12-14 04:14:14.999 E/SurfaceFlinger( 1406): ro.sf.lcd_density must be defined as a build property
12-14 04:14:15.009 D/gralloc_ranchu( 1396): gralloc_alloc: Creating ashmem region of size 8298496
12-14 04:14:15.017 D/        ( 4459): HostConnection::get() New Host Connection established 0xabfaf800, tid 4459
12-14 04:14:15.340 E/memtrack( 1629): Couldn't load memtrack module
12-14 04:14:15.340 W/android.os.Debug( 1629): failed to get memory consumption info: -1
12-14 04:14:15.347 I/EventLogSendingHelper( 2217): Sending log events.
12-14 04:14:15.360 E/memtrack( 1629): Couldn't load memtrack module
12-14 04:14:15.360 W/android.os.Debug( 1629): failed to get memory consumption info: -1
