--------- beginning of main
12-14 02:49:05.008 E/adbd    ( 1382): failed to connect to socket 'tcp:7102': Connection refused
12-14 02:49:05.077 V/StatusBar( 1735): setLightsOn(true)
12-14 02:49:05.087 V/StatusBar( 1735): setLightsOn(true)
12-14 02:49:05.090 D/hwcomposer( 1396): hw_composer sent 61 syncs in 60s
--------- beginning of system
12-14 02:49:05.090 I/ActivityManager( 1629): Killing 2527:com.android.providers.calendar/u0a4 (adj 906): empty #17
12-14 02:49:05.094 W/ActivityManager( 1629): Finishing task with all activities already finished
12-14 02:49:05.094 W/ActivityManager( 1629): Duplicate finish request for ActivityRecord{549c653 u0 com.evancharlton.mileage/.Mileage t82 f}
12-14 02:49:05.095 V/StatusBar( 1735): setLightsOn(true)
12-14 02:49:05.097 W/ActivityManager( 1629): Finishing task with all activities already finished
12-14 02:49:05.097 W/ActivityManager( 1629): Duplicate finish request for ActivityRecord{549c653 u0 com.evancharlton.mileage/.Mileage t82 f}
12-14 02:49:05.097 E/memtrack( 1629): Couldn't load memtrack module
12-14 02:49:05.097 W/android.os.Debug( 1629): failed to get memory consumption info: -1
12-14 02:49:05.098 W/ActivityManager( 1629): Finishing task with all activities already finished
12-14 02:49:05.098 W/ActivityManager( 1629): Duplicate finish request for ActivityRecord{549c653 u0 com.evancharlton.mileage/.Mileage t82 f}
12-14 02:49:05.107 V/StatusBar( 1735): setLightsOn(true)
12-14 02:49:05.110 V/StatusBar( 1735): setLightsOn(true)
12-14 02:49:05.112 D/gralloc_ranchu( 1395): gralloc_alloc: Creating ashmem region of size 8298496
12-14 02:49:05.123 D/gralloc_ranchu( 1395): gralloc_alloc: Creating ashmem region of size 8298496
12-14 02:49:05.142 D/SurfaceFlinger( 1404): duplicate layer name: changing com.google.android.apps.nexuslauncher/com.google.android.apps.nexuslauncher.NexusLauncherActivity to com.google.android.apps.nexuslauncher/com.google.android.apps.nexuslauncher.NexusLauncherActivity#1
12-14 02:49:05.153 D/gralloc_ranchu( 1395): gralloc_alloc: Creating ashmem region of size 8298496
12-14 02:49:05.164 D/gralloc_ranchu( 1395): gralloc_alloc: Creating ashmem region of size 8298496
12-14 02:49:05.221 D/EGL_emulation( 1735): eglMakeCurrent: 0xa4285780: ver 3 0 (tinfo 0xa42834f0)
12-14 02:49:05.223 D/gralloc_ranchu( 1395): gralloc_alloc: Creating ashmem region of size 8298496
12-14 02:49:05.250 D/EGL_emulation( 2172): eglMakeCurrent: 0xa19c7c80: ver 3 0 (tinfo 0xa1b7f7b0)
12-14 02:49:05.327 D/gralloc_ranchu( 1395): gralloc_alloc: Creating ashmem region of size 8298496
12-14 02:49:05.337 W/SessionLifecycleManager( 2172): Handover failed. Creating new session controller.
12-14 02:49:05.404 I/ActivityManager( 1629): Start proc 4066:com.android.providers.calendar/u0a4 for content provider com.android.providers.calendar/.CalendarProvider2
12-14 02:49:05.426 W/zygote  ( 4066): Unexpected CPU variant for X86 using defaults: x86
12-14 02:49:05.437 I/MicroDetectionWorker( 2172): #updateMicroDetector [detectionMode: [mDetectionMode: [1]]]
12-14 02:49:05.437 I/MicroDetectionWorker( 2172): #startMicroDetector [speakerMode: 0]
12-14 02:49:05.438 I/AudioController( 2172): Using mInputStreamFactoryBuilder
12-14 02:49:05.441 E/hw-IPCThreadState( 1395): binder thread pool (1 threads) starved for 114 ms
12-14 02:49:05.451 I/MicroDetectionWorker( 2172): onReady
12-14 02:49:05.462 I/MicroRecognitionRunner( 2172): Starting detection.
12-14 02:49:05.462 I/MicrophoneInputStream( 2172): mic_starting com.google.android.apps.gsa.staticplugins.aa.c@7454922
12-14 02:49:05.485 I/MicrophoneInputStream( 2172): mic_started com.google.android.apps.gsa.staticplugins.aa.c@7454922
12-14 02:49:05.488 E/ActivityThread( 2172): Failed to find provider info for com.google.android.apps.gsa.testing.ui.audio.recorded
12-14 02:49:05.488 I/MicroDetectionWorker( 2172): onReady
12-14 02:49:05.497 I/MicrophoneInputStream( 2172): mic_close com.google.android.apps.gsa.staticplugins.aa.c@7454922
12-14 02:49:05.503 I/MicroRecognitionRunner( 2172): Detection finished
12-14 02:49:05.503 W/ErrorReporter( 2172): reportError [type: 211, code: 524300]: Error reading from input stream
12-14 02:49:05.507 D/EGL_emulation( 2145): eglMakeCurrent: 0xa19c6780: ver 3 0 (tinfo 0xa1b7f5c0)
12-14 02:49:05.518 I/AudioFlinger( 1477): AudioFlinger's thread 0xa6483000 tid=4075 ready to run
12-14 02:49:05.520 I/MicroRecognitionRunner( 2172): Stopping hotword detection.
12-14 02:49:05.521 W/ErrorProcessor( 2172): onFatalError, processing error from engine(4)
12-14 02:49:05.521 W/ErrorProcessor( 2172): com.google.android.apps.gsa.shared.speech.b.g: Error reading from input stream
12-14 02:49:05.521 W/ErrorProcessor( 2172): 	at com.google.android.apps.gsa.staticplugins.recognizer.j.a.a(SourceFile:28)
12-14 02:49:05.521 W/ErrorProcessor( 2172): 	at com.google.android.apps.gsa.staticplugins.recognizer.j.b.run(SourceFile:15)
12-14 02:49:05.521 W/ErrorProcessor( 2172): 	at java.util.concurrent.Executors$RunnableAdapter.call(Executors.java:457)
12-14 02:49:05.521 W/ErrorProcessor( 2172): 	at java.util.concurrent.FutureTask.run(FutureTask.java:266)
12-14 02:49:05.521 W/ErrorProcessor( 2172): 	at com.google.android.apps.gsa.shared.util.concurrent.a.ax.run(SourceFile:14)
12-14 02:49:05.521 W/ErrorProcessor( 2172): 	at com.google.android.apps.gsa.shared.util.concurrent.a.bl.run(SourceFile:4)
12-14 02:49:05.521 W/ErrorProcessor( 2172): 	at com.google.android.apps.gsa.shared.util.concurrent.a.bl.run(SourceFile:4)
12-14 02:49:05.521 W/ErrorProcessor( 2172): 	at java.util.concurrent.ThreadPoolExecutor.runWorker(ThreadPoolExecutor.java:1162)
12-14 02:49:05.521 W/ErrorProcessor( 2172): 	at java.util.concurrent.ThreadPoolExecutor$Worker.run(ThreadPoolExecutor.java:636)
12-14 02:49:05.521 W/ErrorProcessor( 2172): 	at java.lang.Thread.run(Thread.java:764)
12-14 02:49:05.521 W/ErrorProcessor( 2172): 	at com.google.android.apps.gsa.shared.util.concurrent.a.ai.run(SourceFile:6)
12-14 02:49:05.521 W/ErrorProcessor( 2172): Caused by: com.google.android.apps.gsa.shared.exception.GsaIOException: Error code: 393238 | Buffer overflow, no available space.
12-14 02:49:05.521 W/ErrorProcessor( 2172): 	at com.google.android.apps.gsa.speech.audio.Tee.f(SourceFile:103)
12-14 02:49:05.521 W/ErrorProcessor( 2172): 	at com.google.android.apps.gsa.speech.audio.au.read(SourceFile:2)
12-14 02:49:05.521 W/ErrorProcessor( 2172): 	at java.io.InputStream.read(InputStream.java:101)
12-14 02:49:05.521 W/ErrorProcessor( 2172): 	at com.google.android.apps.gsa.speech.audio.ao.run(SourceFile:18)
12-14 02:49:05.521 W/ErrorProcessor( 2172): 	at com.google.android.apps.gsa.speech.audio.an.run(SourceFile:2)
12-14 02:49:05.521 W/ErrorProcessor( 2172): 	... 9 more
12-14 02:49:05.522 I/AudioController( 2172): internalShutdown
12-14 02:49:05.528 I/zygote  ( 1476): Background concurrent copying GC freed 4480(2MB) AllocSpace objects, 0(0B) LOS objects, 83% free, 304KB/1840KB, paused 5.560ms total 84.372ms
12-14 02:49:05.555 D/gralloc_ranchu( 1395): gralloc_alloc: Creating ashmem region of size 7753728
12-14 02:49:05.583 I/MicroDetector( 2172): Keeping mic open: false
12-14 02:49:05.584 I/DeviceStateChecker( 2172): DeviceStateChecker cancelled
12-14 02:49:05.584 I/MicroDetectionWorker( 2172): #onError(false)
12-14 02:49:05.600 I/qemu-props( 1402): start adbd ...
12-14 02:49:05.631 W/ActivityManager( 1629): Slow operation: 85ms so far, now at attachApplicationLocked: after mServices.attachApplicationLocked
12-14 02:49:05.633 W/ActivityManager( 1629): Slow operation: 87ms so far, now at attachApplicationLocked: after updateOomAdjLocked
12-14 02:49:05.635 D/EGL_emulation( 1735): eglMakeCurrent: 0xa4285780: ver 3 0 (tinfo 0xa42834f0)
12-14 02:49:05.642 D/        ( 1735): HostConnection::get() New Host Connection established 0xa42a0ec0, tid 1761
12-14 02:49:05.710 D/EGL_emulation( 1735): eglMakeCurrent: 0xa4285780: ver 3 0 (tinfo 0xa42834f0)
12-14 02:49:05.723 D/EGL_emulation( 1735): eglMakeCurrent: 0xa4285780: ver 3 0 (tinfo 0xa42834f0)
12-14 02:49:05.740 I/CalendarProvider2( 4066): Created com.android.providers.calendar.CalendarAlarmManager@2def38(com.android.providers.calendar.CalendarProvider2@fc21b11)
12-14 02:49:05.741 D/EGL_emulation( 1735): eglMakeCurrent: 0xa4285780: ver 3 0 (tinfo 0xa42834f0)
12-14 02:49:05.773 I/ActivityManager( 1629): Killing 3389:com.android.externalstorage/u0a8 (adj 906): empty #17
12-14 02:49:05.796 I/chatty  ( 1735): uid=10028(u0_a28) RenderThread identical 3 lines
12-14 02:49:05.807 D/EGL_emulation( 1735): eglMakeCurrent: 0xa4285780: ver 3 0 (tinfo 0xa42834f0)
12-14 02:49:05.814 I/zygote  ( 1735): NativeAllocBackground concurrent copying GC freed 3514(261KB) AllocSpace objects, 0(0B) LOS objects, 50% free, 4MB/8MB, paused 6.565ms total 146.538ms
12-14 02:49:05.821 D/EGL_emulation( 1735): eglMakeCurrent: 0xa4285780: ver 3 0 (tinfo 0xa42834f0)
12-14 02:49:05.868 I/chatty  ( 1735): uid=10028(u0_a28) RenderThread identical 3 lines
12-14 02:49:05.881 D/EGL_emulation( 1735): eglMakeCurrent: 0xa4285780: ver 3 0 (tinfo 0xa42834f0)
12-14 02:49:05.959 W/OpenGLRenderer( 2145): Incorrectly called buildLayer on View: ShortcutAndWidgetContainer, destroying layer...
12-14 02:49:06.069 I/OpenGLRenderer( 1629): Initialized EGL, version 1.4
12-14 02:49:06.070 D/OpenGLRenderer( 1629): Swap behavior 1
12-14 02:49:06.070 W/OpenGLRenderer( 1629): Failed to choose config with EGL_SWAP_BEHAVIOR_PRESERVED, retrying without...
12-14 02:49:06.070 D/OpenGLRenderer( 1629): Swap behavior 0
12-14 02:49:06.077 D/EGL_emulation( 1629): eglCreateContext: 0x9249bec0: maj 3 min 0 rcv 3
12-14 02:49:06.079 D/EGL_emulation( 1629): eglMakeCurrent: 0x9249bec0: ver 3 0 (tinfo 0x922c6e90)
12-14 02:49:06.080 E/eglCodecCommon( 1629): glUtilsParamSize: unknow param 0x00008cdf
12-14 02:49:06.080 E/eglCodecCommon( 1629): glUtilsParamSize: unknow param 0x00008cdf
12-14 02:49:06.080 E/eglCodecCommon( 1629): glUtilsParamSize: unknow param 0x00008824
12-14 02:49:06.080 E/eglCodecCommon( 1629): glUtilsParamSize: unknow param 0x00008824
12-14 02:49:06.085 D/AndroidRuntime( 4064): >>>>>> START com.android.internal.os.RuntimeInit uid 2000 <<<<<<
12-14 02:49:06.127 D/        ( 1629): HostConnection::get() New Host Connection established 0xa16c1dc0, tid 1636
12-14 02:49:06.161 W/app_process( 4064): Unexpected CPU variant for X86 using defaults: x86
12-14 02:49:06.186 D/AndroidRuntime( 4064): Calling main entry com.android.commands.am.Am
12-14 02:49:06.188 I/ActivityManager( 1629): Force stopping com.evancharlton.mileage appid=10372 user=0: start instr
12-14 02:49:06.188 I/ActivityManager( 1629): Killing 3998:com.evancharlton.mileage/u0a372 (adj 0): stop com.evancharlton.mileage
12-14 02:49:06.189 W/ActivityManager( 1629): Crash of app com.evancharlton.mileage running instrumentation ComponentInfo{com.evancharlton.mileage.test/sh.calaba.instrumentationbackend.CalabashInstrumentationTestRunner}
12-14 02:49:06.189 I/ActivityManager( 1629): Force stopping com.evancharlton.mileage appid=10372 user=0: finished inst
12-14 02:49:06.189 I/ActivityManager( 1629): Killing 3440:com.android.mtp/u0a9 (adj 906): empty #17
12-14 02:49:06.202 I/ActivityManager( 1629): Start proc 4097:com.evancharlton.mileage/u0a372 for added application com.evancharlton.mileage
12-14 02:49:06.202 I/zygote  ( 4097): Not late-enabling -Xcheck:jni (already on)
12-14 02:49:06.203 D/AndroidRuntime( 4064): Shutting down VM
12-14 02:49:06.211 W/zygote  ( 4097): Unexpected CPU variant for X86 using defaults: x86
12-14 02:49:06.237 E/adbd    ( 1382): failed to connect to socket 'tcp:7102': Connection refused
12-14 02:49:06.238 W/ActivityManager( 1629): setHasOverlayUi called on unknown pid: 3998
12-14 02:49:06.243 E/adbd    ( 1382): failed to connect to socket 'tcp:7102': Connection refused
12-14 02:49:06.254 W/zygote  ( 4097): Found duplicate classes, falling back to extracting from APK : /data/app/com.evancharlton.mileage.test-VOYqOBEc2kfOKEuWjejxkw==/base.apk
12-14 02:49:06.254 W/zygote  ( 4097): NOTE: This wastes RAM and hurts startup performance.
12-14 02:49:06.254 W/zygote  ( 4097): Found duplicated class when checking oat files: 'Ljunit/runner/BaseTestRunner;' in /data/app/com.evancharlton.mileage.test-VOYqOBEc2kfOKEuWjejxkw==/base.apk and /system/framework/android.test.runner.jar
12-14 02:49:06.254 W/zygote  ( 4097): 
12-14 02:49:06.292 W/System  ( 4097): ClassLoader referenced unknown path: 
12-14 02:49:06.307 I/System.out( 4097): Main activity name automatically set to: com.evancharlton.mileage.Mileage
12-14 02:49:06.308 I/System.out( 4097): Calabash did not load Mono. This is only a problem if you are trying to test a Mono application
12-14 02:49:06.308 I/calabash( 4097): Test server port: 7102
12-14 02:49:06.310 I/InstrumentationBackend( 4097): Added:'GetPreferences', with key:'get_preferences'
12-14 02:49:06.358 E/adbd    ( 1382): failed to connect to socket 'tcp:7102': Connection refused
12-14 02:49:06.360 E/adbd    ( 1382): failed to connect to socket 'tcp:7102': Connection refused
12-14 02:49:06.388 I/InstrumentationBackend( 4097): Added:'SetPreferences', with key:'set_preferences'
12-14 02:49:06.389 I/InstrumentationBackend( 4097): Added:'ClearPreferences', with key:'clear_preferences'
12-14 02:49:06.389 I/InstrumentationBackend( 4097): Added:'PressElement', with key:'press_l10n_element'
12-14 02:49:06.390 I/InstrumentationBackend( 4097): Added:'WaitForElement', with key:'wait_for_l10n_element'
12-14 02:49:06.391 I/InstrumentationBackend( 4097): Added:'NullAction', with key:'nullAction'
12-14 02:49:06.391 I/InstrumentationBackend( 4097): Added:'PressKey', with key:'press_key'
12-14 02:49:06.392 I/InstrumentationBackend( 4097): Added:'SetActivityOrientation', with key:'set_activity_orientation'
12-14 02:49:06.392 I/InstrumentationBackend( 4097): Added:'GetActivityOrientation', with key:'get_activity_orientation'
12-14 02:49:06.393 I/InstrumentationBackend( 4097): Added:'FakeGPSLocation', with key:'set_gps_coordinates'
12-14 02:49:06.394 I/InstrumentationBackend( 4097): Added:'SetPropertyByCssSelector', with key:'set_property_by_css_selector'
12-14 02:49:06.395 I/InstrumentationBackend( 4097): Added:'GetUrl', with key:'get_url'
12-14 02:49:06.398 I/InstrumentationBackend( 4097): Added:'ScrollTo', with key:'scroll_to'
12-14 02:49:06.398 I/InstrumentationBackend( 4097): Added:'GetLoadProgress', with key:'get_load_progress'
12-14 02:49:06.399 I/InstrumentationBackend( 4097): Added:'DumpHtml', with key:'dump_html'
12-14 02:49:06.400 I/InstrumentationBackend( 4097): Added:'DumpBodyHtml', with key:'dump_body_html'
12-14 02:49:06.400 I/InstrumentationBackend( 4097): Added:'EnterTextByCssSelector', with key:'enter_text_by_selector'
12-14 02:49:06.406 I/InstrumentationBackend( 4097): Added:'AndroidSDKVersion', with key:'android_sdk_version'
12-14 02:49:06.406 I/InstrumentationBackend( 4097): Added:'Version', with key:'version'
12-14 02:49:06.407 I/InstrumentationBackend( 4097): Added:'Drag', with key:'drag'
12-14 02:49:06.407 I/InstrumentationBackend( 4097): Added:'TouchCoordinates', with key:'touch_coordinate'
12-14 02:49:06.407 I/InstrumentationBackend( 4097): Added:'LongPressCoordinate', with key:'long_press_coordinate'
12-14 02:49:06.407 I/InstrumentationBackend( 4097): Added:'DragCoordinates', with key:'drag_coordinates'
12-14 02:49:06.408 I/InstrumentationBackend( 4097): Added:'ResumeApplication', with key:'resume_application'
12-14 02:49:06.408 I/InstrumentationBackend( 4097): Added:'Swipe', with key:'swipe'
12-14 02:49:06.409 I/InstrumentationBackend( 4097): Added:'DoubleTapCoordinate', with key:'double_tap_coordinate'
12-14 02:49:06.409 I/InstrumentationBackend( 4097): Added:'ClickOnScreen', with key:'click_on_screen'
12-14 02:49:06.410 I/InstrumentationBackend( 4097): Added:'GetActivityName', with key:'get_activity_name'
12-14 02:49:06.411 I/InstrumentationBackend( 4097): Added:'ScrollToView', with key:'scroll_to_view'
12-14 02:49:06.411 I/InstrumentationBackend( 4097): Added:'ViewConfiguration', with key:'view_configuration'
12-14 02:49:06.412 I/InstrumentationBackend( 4097): Added:'IsCurrentActivityFocused', with key:'is_current_activity_focused'
12-14 02:49:06.412 I/InstrumentationBackend( 4097): Added:'SendTcp', with key:'send_tcp'
12-14 02:49:06.413 I/InstrumentationBackend( 4097): Added:'DpToDevicePixel', with key:'dp_to_device_pixel'
12-14 02:49:06.414 I/InstrumentationBackend( 4097): Added:'KeyboardEnterText', with key:'keyboard_enter_text'
12-14 02:49:06.416 I/InstrumentationBackend( 4097): Added:'DeleteSurroundingText', with key:'delete_surrounding_text'
12-14 02:49:06.417 I/InstrumentationBackend( 4097): Added:'SetComposingRegion', with key:'set_composing_region'
12-14 02:49:06.417 I/InstrumentationBackend( 4097): Added:'SetSelection', with key:'set_selection'
12-14 02:49:06.418 I/InstrumentationBackend( 4097): Added:'KeyboardKeyEvent', with key:'keyboard_key_event'
12-14 02:49:06.418 I/InstrumentationBackend( 4097): Added:'PressUserActionButton', with key:'press_user_action_button'
12-14 02:49:06.419 I/InstrumentationBackend( 4097): Added:'HideSoftKeyboard', with key:'hide_soft_keyboard'
12-14 02:49:06.421 I/InstrumentationBackend( 4097): Added:'ListActions', with key:'list_actions'
12-14 02:49:06.421 I/calabash( 4097): Instantiating http server at 7102
12-14 02:49:06.422 I/System.out( 4097): HTTP Daemon listening on: 7102
12-14 02:49:06.485 I/System.out( 4097): URI: //ping
12-14 02:49:06.485 I/System.out( 4097): params: {json={}
12-14 02:49:06.485 I/System.out( 4097): }
12-14 02:49:06.500 I/System.out( 4097): URI: //ping
12-14 02:49:06.500 I/System.out( 4097): params: {json={}
12-14 02:49:06.500 I/System.out( 4097): }
12-14 02:49:06.508 I/System.out( 4097): URI: //ready
12-14 02:49:06.508 I/System.out( 4097): params: {json={}
12-14 02:49:06.508 I/System.out( 4097): }
12-14 02:49:06.516 I/System.out( 4097): URI: //
12-14 02:49:06.516 I/System.out( 4097): params: {json={"command":"version","arguments":[]}
12-14 02:49:06.516 I/System.out( 4097): }
12-14 02:49:06.517 I/System.out( 4097): header: {content-type=application/json;charset=utf-8, date=Mon, 14 Dec 2020 07:49:06 GMT, accept=*/*, host=127.0.0.1:34777, content-length=36, user-agent=HTTPClient/1.0 (2.8.3, ruby 2.5.8 (2020-03-31))}
12-14 02:49:06.517 I/System.out( 4097): params: {json={"command":"version","arguments":[]}
12-14 02:49:06.517 I/System.out( 4097): }
12-14 02:49:06.517 I/System.out( 4097): ProP json = {"command":"version","arguments":[]}
12-14 02:49:06.517 I/System.out( 4097): files: {}
12-14 02:49:06.517 I/System.out( 4097): command: {"command":"version","arguments":[]}
12-14 02:49:06.549 I/InstrumentationBackend( 4097): Got command:'Command:'Line:null,version', arguments:'[]'
12-14 02:49:06.589 I/System.out( 4097): result:{"bonusInformation":[],"message":"0.9.8","success":true}
12-14 02:49:06.596 I/System.out( 4097): URI: //start-application
12-14 02:49:06.596 I/System.out( 4097): params: {json={"intent":null}
12-14 02:49:06.596 I/System.out( 4097): }
12-14 02:49:06.639 I/ActivityManager( 1629): START u0 {act=android.intent.action.MAIN cat=[android.intent.category.LAUNCHER] flg=0x10200000 cmp=com.evancharlton.mileage/.Mileage} from uid 10372
12-14 02:49:06.657 I/calabash( 4097): newActivity1
12-14 02:49:06.676 D/gralloc_ranchu( 1395): gralloc_alloc: Creating ashmem region of size 7753728
12-14 02:49:06.707 W/ActivityManager( 1629): Bad activity token: android.os.BinderProxy@e67fc14
12-14 02:49:06.707 W/ActivityManager( 1629): java.lang.ClassCastException: android.os.BinderProxy cannot be cast to com.android.server.am.ActivityRecord$Token
12-14 02:49:06.707 W/ActivityManager( 1629): 	at com.android.server.am.ActivityRecord.forTokenLocked(ActivityRecord.java:778)
12-14 02:49:06.707 W/ActivityManager( 1629): 	at com.android.server.am.ActivityRecord.isInStackLocked(ActivityRecord.java:2085)
12-14 02:49:06.707 W/ActivityManager( 1629): 	at com.android.server.am.ActivityRecord.getStackLocked(ActivityRecord.java:2090)
12-14 02:49:06.707 W/ActivityManager( 1629): 	at com.android.server.am.ActivityManagerService.getActivityDisplayId(ActivityManagerService.java:10406)
12-14 02:49:06.707 W/ActivityManager( 1629): 	at android.app.IActivityManager$Stub.onTransact(IActivityManager.java:2738)
12-14 02:49:06.707 W/ActivityManager( 1629): 	at com.android.server.am.ActivityManagerService.onTransact(ActivityManagerService.java:2935)
12-14 02:49:06.707 W/ActivityManager( 1629): 	at android.os.Binder.execTransact(Binder.java:674)
12-14 02:49:06.708 I/calabash( 4097): newActivity1
12-14 02:49:06.721 W/ActivityManager( 1629): Bad activity token: android.os.BinderProxy@e67fc14
12-14 02:49:06.721 W/ActivityManager( 1629): java.lang.ClassCastException: android.os.BinderProxy cannot be cast to com.android.server.am.ActivityRecord$Token
12-14 02:49:06.721 W/ActivityManager( 1629): 	at com.android.server.am.ActivityRecord.forTokenLocked(ActivityRecord.java:778)
12-14 02:49:06.721 W/ActivityManager( 1629): 	at com.android.server.am.ActivityRecord.isInStackLocked(ActivityRecord.java:2085)
12-14 02:49:06.721 W/ActivityManager( 1629): 	at com.android.server.am.ActivityManagerService.setTaskDescription(ActivityManagerService.java:9988)
12-14 02:49:06.721 W/ActivityManager( 1629): 	at android.app.IActivityManager$Stub.onTransact(IActivityManager.java:2824)
12-14 02:49:06.721 W/ActivityManager( 1629): 	at com.android.server.am.ActivityManagerService.onTransact(ActivityManagerService.java:2935)
12-14 02:49:06.721 W/ActivityManager( 1629): 	at android.os.Binder.execTransact(Binder.java:674)
12-14 02:49:06.723 W/ActivityManager( 1629): Bad activity token: android.os.BinderProxy@e67fc14
12-14 02:49:06.723 W/ActivityManager( 1629): java.lang.ClassCastException: android.os.BinderProxy cannot be cast to com.android.server.am.ActivityRecord$Token
12-14 02:49:06.723 W/ActivityManager( 1629): 	at com.android.server.am.ActivityRecord.forTokenLocked(ActivityRecord.java:778)
12-14 02:49:06.723 W/ActivityManager( 1629): 	at com.android.server.am.ActivityRecord.isInStackLocked(ActivityRecord.java:2085)
12-14 02:49:06.723 W/ActivityManager( 1629): 	at com.android.server.am.ActivityRecord.getStackLocked(ActivityRecord.java:2090)
12-14 02:49:06.723 W/ActivityManager( 1629): 	at com.android.server.am.ActivityManagerService.getActivityStackId(ActivityManagerService.java:10417)
12-14 02:49:06.723 W/ActivityManager( 1629): 	at android.app.IActivityManager$Stub.onTransact(IActivityManager.java:3548)
12-14 02:49:06.723 W/ActivityManager( 1629): 	at com.android.server.am.ActivityManagerService.onTransact(ActivityManagerService.java:2935)
12-14 02:49:06.723 W/ActivityManager( 1629): 	at android.os.Binder.execTransact(Binder.java:674)
12-14 02:49:06.742 D/EGL_emulation( 2172): eglMakeCurrent: 0xa19c7c80: ver 3 0 (tinfo 0xa1b7f7b0)
12-14 02:49:06.753 V/StatusBar( 1735): setLightsOn(true)
12-14 02:49:06.756 D/EGL_emulation( 2145): eglMakeCurrent: 0xa19c6780: ver 3 0 (tinfo 0xa1b7f5c0)
12-14 02:49:06.772 D/EGL_emulation( 1735): eglMakeCurrent: 0xa4285780: ver 3 0 (tinfo 0xa42834f0)
12-14 02:49:06.807 I/chatty  ( 1735): uid=10028(u0_a28) RenderThread identical 2 lines
12-14 02:49:06.818 D/EGL_emulation( 1735): eglMakeCurrent: 0xa4285780: ver 3 0 (tinfo 0xa42834f0)
12-14 02:49:06.824 E/ContentStoreEUAS( 2172): Failed to commit the deferred actions
12-14 02:49:06.837 D/EGL_emulation( 1735): eglMakeCurrent: 0xa4285780: ver 3 0 (tinfo 0xa42834f0)
12-14 02:49:06.838 V/StatusBar( 1735): setLightsOn(true)
12-14 02:49:06.844 D/EGL_emulation( 1735): eglMakeCurrent: 0xa4285780: ver 3 0 (tinfo 0xa42834f0)
12-14 02:49:06.877 W/ActivityManager( 1629): Bad activity token: android.os.BinderProxy@e67fc14
12-14 02:49:06.877 W/ActivityManager( 1629): java.lang.ClassCastException: android.os.BinderProxy cannot be cast to com.android.server.am.ActivityRecord$Token
12-14 02:49:06.877 W/ActivityManager( 1629): 	at com.android.server.am.ActivityRecord.forTokenLocked(ActivityRecord.java:778)
12-14 02:49:06.877 W/ActivityManager( 1629): 	at com.android.server.am.ActivityRecord.isInStackLocked(ActivityRecord.java:2085)
12-14 02:49:06.877 W/ActivityManager( 1629): 	at com.android.server.am.ActivityManagerService.getActivityOptions(ActivityManagerService.java:13302)
12-14 02:49:06.877 W/ActivityManager( 1629): 	at android.app.IActivityManager$Stub.onTransact(IActivityManager.java:2910)
12-14 02:49:06.877 W/ActivityManager( 1629): 	at com.android.server.am.ActivityManagerService.onTransact(ActivityManagerService.java:2935)
12-14 02:49:06.877 W/ActivityManager( 1629): 	at android.os.Binder.execTransact(Binder.java:674)
12-14 02:49:06.878 W/ActivityManager( 1629): Bad activity token: android.os.BinderProxy@e67fc14
12-14 02:49:06.878 W/ActivityManager( 1629): java.lang.ClassCastException: android.os.BinderProxy cannot be cast to com.android.server.am.ActivityRecord$Token
12-14 02:49:06.878 W/ActivityManager( 1629): 	at com.android.server.am.ActivityRecord.forTokenLocked(ActivityRecord.java:778)
12-14 02:49:06.878 W/ActivityManager( 1629): 	at com.android.server.am.ActivityRecord.isInStackLocked(ActivityRecord.java:2085)
12-14 02:49:06.878 W/ActivityManager( 1629): 	at com.android.server.am.ActivityManagerService.getActivityOptions(ActivityManagerService.java:13302)
12-14 02:49:06.878 W/ActivityManager( 1629): 	at android.app.IActivityManager$Stub.onTransact(IActivityManager.java:2910)
12-14 02:49:06.878 W/ActivityManager( 1629): 	at com.android.server.am.ActivityManagerService.onTransact(ActivityManagerService.java:2935)
12-14 02:49:06.878 W/ActivityManager( 1629): 	at android.os.Binder.execTransact(Binder.java:674)
12-14 02:49:06.896 I/chatty  ( 1735): uid=10028(u0_a28) RenderThread identical 6 lines
12-14 02:49:06.905 D/EGL_emulation( 1735): eglMakeCurrent: 0xa4285780: ver 3 0 (tinfo 0xa42834f0)
12-14 02:49:06.906 I/ContentMaintenance( 2226): Internal cache bytes used: 0; limit: 100000000; download size: 0
12-14 02:49:06.918 D/EGL_emulation( 1735): eglMakeCurrent: 0xa4285780: ver 3 0 (tinfo 0xa42834f0)
12-14 02:49:06.968 I/chatty  ( 1735): uid=10028(u0_a28) RenderThread identical 5 lines
12-14 02:49:06.985 D/EGL_emulation( 1735): eglMakeCurrent: 0xa4285780: ver 3 0 (tinfo 0xa42834f0)
12-14 02:49:06.990 V/StatusBar( 1735): setLightsOn(true)
12-14 02:49:06.999 I/RealtimeCacheCleanup( 2226): Beginning Realtime garbage collection.
12-14 02:49:07.002 I/RealtimeCacheCleanup( 2226): Finished Realtime garbage collection.
12-14 02:49:07.061 V/StatusBar( 1735): setLightsOn(true)
12-14 02:49:07.072 I/chatty  ( 1735): uid=10028(u0_a28) com.android.systemui identical 1 line
12-14 02:49:07.073 V/StatusBar( 1735): setLightsOn(true)
12-14 02:49:07.110 I/zygote  ( 4097): Do partial code cache collection, code=26KB, data=30KB
12-14 02:49:07.111 I/zygote  ( 4097): After code cache collection, code=26KB, data=30KB
12-14 02:49:07.111 I/zygote  ( 4097): Increasing code cache capacity to 128KB
12-14 02:49:07.112 I/zygote  ( 4097): Do partial code cache collection, code=26KB, data=48KB
12-14 02:49:07.113 I/zygote  ( 4097): After code cache collection, code=26KB, data=48KB
12-14 02:49:07.113 I/zygote  ( 4097): Increasing code cache capacity to 256KB
12-14 02:49:07.113 I/zygote  ( 4097): JIT allocated 71KB for compiled code of void android.widget.TextView.<init>(android.content.Context, android.util.AttributeSet, int, int)
12-14 02:49:07.113 I/zygote  ( 4097): Compiler allocated 4MB to compile void android.widget.TextView.<init>(android.content.Context, android.util.AttributeSet, int, int)
12-14 02:49:07.152 D/gralloc_ranchu( 1395): gralloc_alloc: Creating ashmem region of size 7753728
12-14 02:49:07.179 V/StatusBar( 1735): setLightsOn(true)
12-14 02:49:07.187 D/        ( 4097): HostConnection::get() New Host Connection established 0xa16b0d40, tid 4097
12-14 02:49:07.251 V/StatusBar( 1735): setLightsOn(true)
12-14 02:49:07.253 V/StatusBar( 1735): setLightsOn(true)
12-14 02:49:07.254 I/ActivityManager( 1629): Displayed com.evancharlton.mileage/.Mileage: +603ms
12-14 02:49:07.263 V/StatusBar( 1735): setLightsOn(true)
12-14 02:49:07.283 V/StatusBar( 1735): setLightsOn(true)
12-14 02:49:07.320 D/gralloc_ranchu( 1395): gralloc_alloc: Creating ashmem region of size 7753728
12-14 02:49:07.338 D/BoundBrokerSvc( 1939): onUnbind: Intent { act=com.google.android.gms.phenotype.service.START cmp=com.google.android.gms/.chimera.PersistentApiService }
12-14 02:49:07.468 V/StatusBar( 1735): setLightsOn(true)
12-14 02:49:07.488 V/StatusBar( 1735): setLightsOn(true)
12-14 02:49:07.492 W/audio_hw_generic( 1389): Not supplying enough data to HAL, expected position 553448 , only wrote 354960
12-14 02:49:07.500 V/StatusBar( 1735): setLightsOn(true)
12-14 02:49:07.524 W/SurfaceFlinger( 1404): couldn't log to binary event log: overflow.
12-14 02:49:07.581 E/BatteryStatsService( 1629): modem info is invalid: ModemActivityInfo{ mTimestamp=0 mSleepTimeMs=0 mIdleTimeMs=0 mTxTimeMs[]=[0, 0, 0, 0, 0] mRxTimeMs=0 mEnergyUsed=0}
12-14 02:49:07.595 I/PBSessionCacheImpl( 2172): Deleted sessionId[9705525541166] from persistence.
12-14 02:49:07.609 W/SearchService( 2172): Abort, client detached.
12-14 02:49:07.628 I/zygote  ( 2172): Do partial code cache collection, code=242KB, data=176KB
12-14 02:49:07.628 I/zygote  ( 2172): After code cache collection, code=242KB, data=176KB
12-14 02:49:07.628 I/zygote  ( 2172): Increasing code cache capacity to 1024KB
