--------- beginning of main
12-14 01:01:29.166 V/StatusBar( 1731): setLightsOn(true)
--------- beginning of system
12-14 01:01:29.175 W/ActivityManager( 1628): Finishing task with all activities already finished
12-14 01:01:29.175 W/ActivityManager( 1628): Duplicate finish request for ActivityRecord{437b741 u0 com.evancharlton.mileage/.Mileage t616 f}
12-14 01:01:29.177 W/ActivityManager( 1628): Finishing task with all activities already finished
12-14 01:01:29.177 W/ActivityManager( 1628): Duplicate finish request for ActivityRecord{437b741 u0 com.evancharlton.mileage/.Mileage t616 f}
12-14 01:01:29.178 W/ActivityManager( 1628): Finishing task with all activities already finished
12-14 01:01:29.178 W/ActivityManager( 1628): Duplicate finish request for ActivityRecord{437b741 u0 com.evancharlton.mileage/.Mileage t616 f}
12-14 01:01:29.197 I/chatty  ( 1731): uid=10028(u0_a28) com.android.systemui identical 3 lines
12-14 01:01:29.199 V/StatusBar( 1731): setLightsOn(true)
12-14 01:01:29.200 D/gralloc_ranchu( 1396): gralloc_alloc: Creating ashmem region of size 8298496
12-14 01:01:29.222 I/chatty  ( 1396): uid=1000(system) allocator@2.0-s identical 1 line
12-14 01:01:29.252 D/gralloc_ranchu( 1396): gralloc_alloc: Creating ashmem region of size 8298496
12-14 01:01:29.252 D/SurfaceFlinger( 1405): duplicate layer name: changing com.google.android.apps.nexuslauncher/com.google.android.apps.nexuslauncher.NexusLauncherActivity to com.google.android.apps.nexuslauncher/com.google.android.apps.nexuslauncher.NexusLauncherActivity#1
12-14 01:01:29.287 D/gralloc_ranchu( 1396): gralloc_alloc: Creating ashmem region of size 8298496
12-14 01:01:29.288 D/EGL_emulation( 1731): eglMakeCurrent: 0x91939340: ver 3 0 (tinfo 0xa2b63c70)
12-14 01:01:29.302 I/zygote  ( 4240): Do partial code cache collection, code=110KB, data=53KB
12-14 01:01:29.302 I/zygote  ( 4240): After code cache collection, code=110KB, data=53KB
12-14 01:01:29.302 I/zygote  ( 4240): Increasing code cache capacity to 512KB
12-14 01:01:29.332 D/EGL_emulation( 2168): eglMakeCurrent: 0xa2d48100: ver 3 0 (tinfo 0xa2eff970)
12-14 01:01:29.333 D/gralloc_ranchu( 1396): gralloc_alloc: Creating ashmem region of size 8298496
12-14 01:01:29.349 D/gralloc_ranchu( 1396): gralloc_alloc: Creating ashmem region of size 8298496
12-14 01:01:29.390 W/SessionLifecycleManager( 2168): Handover failed. Creating new session controller.
12-14 01:01:29.425 D/EGL_emulation( 2142): eglMakeCurrent: 0xa2d46ae0: ver 3 0 (tinfo 0xa2eff820)
12-14 01:01:29.444 I/MicroDetectionWorker( 2168): #updateMicroDetector [detectionMode: [mDetectionMode: [1]]]
12-14 01:01:29.444 I/MicroDetectionWorker( 2168): #startMicroDetector [speakerMode: 0]
12-14 01:01:29.445 I/AudioController( 2168): Using mInputStreamFactoryBuilder
12-14 01:01:29.457 D/gralloc_ranchu( 1396): gralloc_alloc: Creating ashmem region of size 7753728
12-14 01:01:29.487 I/MicroDetectionWorker( 2168): onReady
12-14 01:01:29.491 D/EGL_emulation( 1731): eglMakeCurrent: 0x91939340: ver 3 0 (tinfo 0xa2b63c70)
12-14 01:01:29.498 I/MicroRecognitionRunner( 2168): Starting detection.
12-14 01:01:29.498 I/MicrophoneInputStream( 2168): mic_starting com.google.android.apps.gsa.staticplugins.aa.c@e426b6c
12-14 01:01:29.504 I/AudioFlinger( 1476): AudioFlinger's thread 0xb1183640 tid=4295 ready to run
12-14 01:01:29.507 I/MicrophoneInputStream( 2168): mic_started com.google.android.apps.gsa.staticplugins.aa.c@e426b6c
12-14 01:01:29.511 E/ActivityThread( 2168): Failed to find provider info for com.google.android.apps.gsa.testing.ui.audio.recorded
12-14 01:01:29.517 I/MicroDetectionWorker( 2168): onReady
12-14 01:01:29.519 D/EGL_emulation( 1731): eglMakeCurrent: 0x91939340: ver 3 0 (tinfo 0xa2b63c70)
12-14 01:01:29.530 D/EGL_emulation( 1731): eglMakeCurrent: 0x91939340: ver 3 0 (tinfo 0xa2b63c70)
12-14 01:01:29.536 I/MicrophoneInputStream( 2168): mic_close com.google.android.apps.gsa.staticplugins.aa.c@e426b6c
12-14 01:01:29.538 I/MicroRecognitionRunner( 2168): Detection finished
12-14 01:01:29.538 W/ErrorReporter( 2168): reportError [type: 211, code: 524300]: Error reading from input stream
12-14 01:01:29.538 D/EGL_emulation( 1731): eglMakeCurrent: 0x91939340: ver 3 0 (tinfo 0xa2b63c70)
12-14 01:01:29.550 I/chatty  ( 1731): uid=10028(u0_a28) RenderThread identical 1 line
12-14 01:01:29.558 D/EGL_emulation( 1731): eglMakeCurrent: 0x91939340: ver 3 0 (tinfo 0xa2b63c70)
12-14 01:01:29.561 I/MicroRecognitionRunner( 2168): Stopping hotword detection.
12-14 01:01:29.561 W/ErrorProcessor( 2168): onFatalError, processing error from engine(4)
12-14 01:01:29.561 W/ErrorProcessor( 2168): com.google.android.apps.gsa.shared.speech.b.g: Error reading from input stream
12-14 01:01:29.561 W/ErrorProcessor( 2168): 	at com.google.android.apps.gsa.staticplugins.recognizer.j.a.a(SourceFile:28)
12-14 01:01:29.561 W/ErrorProcessor( 2168): 	at com.google.android.apps.gsa.staticplugins.recognizer.j.b.run(SourceFile:15)
12-14 01:01:29.561 W/ErrorProcessor( 2168): 	at java.util.concurrent.Executors$RunnableAdapter.call(Executors.java:457)
12-14 01:01:29.561 W/ErrorProcessor( 2168): 	at java.util.concurrent.FutureTask.run(FutureTask.java:266)
12-14 01:01:29.561 W/ErrorProcessor( 2168): 	at com.google.android.apps.gsa.shared.util.concurrent.a.ax.run(SourceFile:14)
12-14 01:01:29.561 W/ErrorProcessor( 2168): 	at com.google.android.apps.gsa.shared.util.concurrent.a.bl.run(SourceFile:4)
12-14 01:01:29.561 W/ErrorProcessor( 2168): 	at com.google.android.apps.gsa.shared.util.concurrent.a.bl.run(SourceFile:4)
12-14 01:01:29.561 W/ErrorProcessor( 2168): 	at java.util.concurrent.ThreadPoolExecutor.runWorker(ThreadPoolExecutor.java:1162)
12-14 01:01:29.561 W/ErrorProcessor( 2168): 	at java.util.concurrent.ThreadPoolExecutor$Worker.run(ThreadPoolExecutor.java:636)
12-14 01:01:29.561 W/ErrorProcessor( 2168): 	at java.lang.Thread.run(Thread.java:764)
12-14 01:01:29.561 W/ErrorProcessor( 2168): 	at com.google.android.apps.gsa.shared.util.concurrent.a.ai.run(SourceFile:6)
12-14 01:01:29.561 W/ErrorProcessor( 2168): Caused by: com.google.android.apps.gsa.shared.exception.GsaIOException: Error code: 393238 | Buffer overflow, no available space.
12-14 01:01:29.561 W/ErrorProcessor( 2168): 	at com.google.android.apps.gsa.speech.audio.Tee.f(SourceFile:103)
12-14 01:01:29.561 W/ErrorProcessor( 2168): 	at com.google.android.apps.gsa.speech.audio.au.read(SourceFile:2)
12-14 01:01:29.561 W/ErrorProcessor( 2168): 	at java.io.InputStream.read(InputStream.java:101)
12-14 01:01:29.561 W/ErrorProcessor( 2168): 	at com.google.android.apps.gsa.speech.audio.ao.run(SourceFile:18)
12-14 01:01:29.561 W/ErrorProcessor( 2168): 	at com.google.android.apps.gsa.speech.audio.an.run(SourceFile:2)
12-14 01:01:29.561 W/ErrorProcessor( 2168): 	... 9 more
12-14 01:01:29.561 I/AudioController( 2168): internalShutdown
12-14 01:01:29.566 D/EGL_emulation( 1731): eglMakeCurrent: 0x91939340: ver 3 0 (tinfo 0xa2b63c70)
12-14 01:01:29.575 D/EGL_emulation( 1731): eglMakeCurrent: 0x91939340: ver 3 0 (tinfo 0xa2b63c70)
12-14 01:01:29.576 I/MicroDetector( 2168): Keeping mic open: false
12-14 01:01:29.576 I/MicroDetectionWorker( 2168): #onError(false)
12-14 01:01:29.576 I/DeviceStateChecker( 2168): DeviceStateChecker cancelled
12-14 01:01:29.584 D/EGL_emulation( 1731): eglMakeCurrent: 0x91939340: ver 3 0 (tinfo 0xa2b63c70)
12-14 01:01:29.680 I/chatty  ( 1731): uid=10028(u0_a28) RenderThread identical 10 lines
12-14 01:01:29.691 D/EGL_emulation( 1731): eglMakeCurrent: 0x91939340: ver 3 0 (tinfo 0xa2b63c70)
12-14 01:01:29.709 E/memtrack( 1628): Couldn't load memtrack module
12-14 01:01:29.713 W/android.os.Debug( 1628): failed to get memory consumption info: -1
12-14 01:01:29.735 D/EGL_emulation( 1731): eglMakeCurrent: 0x91939340: ver 3 0 (tinfo 0xa2b63c70)
12-14 01:01:29.749 I/chatty  ( 1731): uid=10028(u0_a28) RenderThread identical 1 line
12-14 01:01:29.756 D/EGL_emulation( 1731): eglMakeCurrent: 0x91939340: ver 3 0 (tinfo 0xa2b63c70)
12-14 01:01:29.917 I/OpenGLRenderer( 1628): Initialized EGL, version 1.4
12-14 01:01:29.917 D/OpenGLRenderer( 1628): Swap behavior 1
12-14 01:01:29.917 W/OpenGLRenderer( 1628): Failed to choose config with EGL_SWAP_BEHAVIOR_PRESERVED, retrying without...
12-14 01:01:29.917 D/OpenGLRenderer( 1628): Swap behavior 0
12-14 01:01:29.920 W/OpenGLRenderer( 2142): Incorrectly called buildLayer on View: ShortcutAndWidgetContainer, destroying layer...
12-14 01:01:29.925 D/EGL_emulation( 1628): eglCreateContext: 0xa28fdbc0: maj 3 min 0 rcv 3
12-14 01:01:29.927 D/EGL_emulation( 1628): eglMakeCurrent: 0xa28fdbc0: ver 3 0 (tinfo 0x933d68f0)
12-14 01:01:29.931 E/eglCodecCommon( 1628): glUtilsParamSize: unknow param 0x00008cdf
12-14 01:01:29.931 E/eglCodecCommon( 1628): glUtilsParamSize: unknow param 0x00008cdf
12-14 01:01:29.931 E/eglCodecCommon( 1628): glUtilsParamSize: unknow param 0x00008824
12-14 01:01:29.931 E/eglCodecCommon( 1628): glUtilsParamSize: unknow param 0x00008824
12-14 01:01:29.972 D/AndroidRuntime( 4290): >>>>>> START com.android.internal.os.RuntimeInit uid 2000 <<<<<<
12-14 01:01:29.985 I/zygote  ( 1628): NativeAllocBackground concurrent copying GC freed 8919(792KB) AllocSpace objects, 3(60KB) LOS objects, 37% free, 10MB/16MB, paused 8.078ms total 68.750ms
12-14 01:01:30.036 W/app_process( 4290): Unexpected CPU variant for X86 using defaults: x86
12-14 01:01:30.066 D/AndroidRuntime( 4290): Calling main entry com.android.commands.am.Am
12-14 01:01:30.070 I/ActivityManager( 1628): Force stopping com.evancharlton.mileage appid=10260 user=0: start instr
12-14 01:01:30.071 I/ActivityManager( 1628): Killing 4240:com.evancharlton.mileage/u0a260 (adj 0): stop com.evancharlton.mileage
12-14 01:01:30.080 W/ActivityManager( 1628): Crash of app com.evancharlton.mileage running instrumentation ComponentInfo{com.evancharlton.mileage.test/sh.calaba.instrumentationbackend.CalabashInstrumentationTestRunner}
12-14 01:01:30.081 I/ActivityManager( 1628): Force stopping com.evancharlton.mileage appid=10260 user=0: finished inst
12-14 01:01:30.091 I/ActivityManager( 1628): Start proc 4304:com.evancharlton.mileage/u0a260 for added application com.evancharlton.mileage
12-14 01:01:30.091 D/AndroidRuntime( 4290): Shutting down VM
12-14 01:01:30.100 W/ActivityManager( 1628): setHasOverlayUi called on unknown pid: 4240
12-14 01:01:30.101 I/zygote  ( 4304): Not late-enabling -Xcheck:jni (already on)
12-14 01:01:30.116 W/zygote  ( 4304): Unexpected CPU variant for X86 using defaults: x86
12-14 01:01:30.123 E/adbd    ( 1354): failed to connect to socket 'tcp:7102': Connection refused
12-14 01:01:30.129 E/adbd    ( 1354): failed to connect to socket 'tcp:7102': Connection refused
12-14 01:01:30.150 W/zygote  ( 4304): Found duplicate classes, falling back to extracting from APK : /data/app/com.evancharlton.mileage.test-ogX6ZiX-QWtKizTxR1EIew==/base.apk
12-14 01:01:30.150 W/zygote  ( 4304): NOTE: This wastes RAM and hurts startup performance.
12-14 01:01:30.150 W/zygote  ( 4304): Found duplicated class when checking oat files: 'Ljunit/runner/BaseTestRunner;' in /data/app/com.evancharlton.mileage.test-ogX6ZiX-QWtKizTxR1EIew==/base.apk and /system/framework/android.test.runner.jar
12-14 01:01:30.150 W/zygote  ( 4304): 
12-14 01:01:30.193 W/System  ( 4304): ClassLoader referenced unknown path: 
12-14 01:01:30.210 I/System.out( 4304): Main activity name automatically set to: com.evancharlton.mileage.Mileage
12-14 01:01:30.212 I/System.out( 4304): Calabash did not load Mono. This is only a problem if you are trying to test a Mono application
12-14 01:01:30.212 I/calabash( 4304): Test server port: 7102
12-14 01:01:30.215 I/InstrumentationBackend( 4304): Added:'GetPreferences', with key:'get_preferences'
12-14 01:01:30.241 E/adbd    ( 1354): failed to connect to socket 'tcp:7102': Connection refused
12-14 01:01:30.244 E/adbd    ( 1354): failed to connect to socket 'tcp:7102': Connection refused
12-14 01:01:30.306 I/InstrumentationBackend( 4304): Added:'SetPreferences', with key:'set_preferences'
12-14 01:01:30.306 I/InstrumentationBackend( 4304): Added:'ClearPreferences', with key:'clear_preferences'
12-14 01:01:30.307 I/InstrumentationBackend( 4304): Added:'PressElement', with key:'press_l10n_element'
12-14 01:01:30.307 I/InstrumentationBackend( 4304): Added:'WaitForElement', with key:'wait_for_l10n_element'
12-14 01:01:30.308 I/InstrumentationBackend( 4304): Added:'NullAction', with key:'nullAction'
12-14 01:01:30.308 I/InstrumentationBackend( 4304): Added:'PressKey', with key:'press_key'
12-14 01:01:30.308 I/InstrumentationBackend( 4304): Added:'SetActivityOrientation', with key:'set_activity_orientation'
12-14 01:01:30.309 I/InstrumentationBackend( 4304): Added:'GetActivityOrientation', with key:'get_activity_orientation'
12-14 01:01:30.309 I/InstrumentationBackend( 4304): Added:'FakeGPSLocation', with key:'set_gps_coordinates'
12-14 01:01:30.310 I/InstrumentationBackend( 4304): Added:'SetPropertyByCssSelector', with key:'set_property_by_css_selector'
12-14 01:01:30.313 I/InstrumentationBackend( 4304): Added:'GetUrl', with key:'get_url'
12-14 01:01:30.315 I/InstrumentationBackend( 4304): Added:'ScrollTo', with key:'scroll_to'
12-14 01:01:30.315 I/InstrumentationBackend( 4304): Added:'GetLoadProgress', with key:'get_load_progress'
12-14 01:01:30.316 I/InstrumentationBackend( 4304): Added:'DumpHtml', with key:'dump_html'
12-14 01:01:30.316 I/InstrumentationBackend( 4304): Added:'DumpBodyHtml', with key:'dump_body_html'
12-14 01:01:30.316 I/InstrumentationBackend( 4304): Added:'EnterTextByCssSelector', with key:'enter_text_by_selector'
12-14 01:01:30.321 I/InstrumentationBackend( 4304): Added:'AndroidSDKVersion', with key:'android_sdk_version'
12-14 01:01:30.321 I/InstrumentationBackend( 4304): Added:'Version', with key:'version'
12-14 01:01:30.322 I/InstrumentationBackend( 4304): Added:'Drag', with key:'drag'
12-14 01:01:30.322 I/InstrumentationBackend( 4304): Added:'TouchCoordinates', with key:'touch_coordinate'
12-14 01:01:30.322 I/InstrumentationBackend( 4304): Added:'LongPressCoordinate', with key:'long_press_coordinate'
12-14 01:01:30.323 I/InstrumentationBackend( 4304): Added:'DragCoordinates', with key:'drag_coordinates'
12-14 01:01:30.324 I/InstrumentationBackend( 4304): Added:'ResumeApplication', with key:'resume_application'
12-14 01:01:30.324 I/InstrumentationBackend( 4304): Added:'Swipe', with key:'swipe'
12-14 01:01:30.324 I/InstrumentationBackend( 4304): Added:'DoubleTapCoordinate', with key:'double_tap_coordinate'
12-14 01:01:30.324 I/InstrumentationBackend( 4304): Added:'ClickOnScreen', with key:'click_on_screen'
12-14 01:01:30.325 I/InstrumentationBackend( 4304): Added:'GetActivityName', with key:'get_activity_name'
12-14 01:01:30.326 I/InstrumentationBackend( 4304): Added:'ScrollToView', with key:'scroll_to_view'
12-14 01:01:30.326 I/InstrumentationBackend( 4304): Added:'ViewConfiguration', with key:'view_configuration'
12-14 01:01:30.327 I/InstrumentationBackend( 4304): Added:'IsCurrentActivityFocused', with key:'is_current_activity_focused'
12-14 01:01:30.327 I/InstrumentationBackend( 4304): Added:'SendTcp', with key:'send_tcp'
12-14 01:01:30.329 I/InstrumentationBackend( 4304): Added:'DpToDevicePixel', with key:'dp_to_device_pixel'
12-14 01:01:30.330 I/InstrumentationBackend( 4304): Added:'KeyboardEnterText', with key:'keyboard_enter_text'
12-14 01:01:30.331 I/InstrumentationBackend( 4304): Added:'DeleteSurroundingText', with key:'delete_surrounding_text'
12-14 01:01:30.332 I/InstrumentationBackend( 4304): Added:'SetComposingRegion', with key:'set_composing_region'
12-14 01:01:30.332 I/InstrumentationBackend( 4304): Added:'SetSelection', with key:'set_selection'
12-14 01:01:30.332 I/InstrumentationBackend( 4304): Added:'KeyboardKeyEvent', with key:'keyboard_key_event'
12-14 01:01:30.333 I/InstrumentationBackend( 4304): Added:'PressUserActionButton', with key:'press_user_action_button'
12-14 01:01:30.334 I/InstrumentationBackend( 4304): Added:'HideSoftKeyboard', with key:'hide_soft_keyboard'
12-14 01:01:30.335 I/InstrumentationBackend( 4304): Added:'ListActions', with key:'list_actions'
12-14 01:01:30.335 I/calabash( 4304): Instantiating http server at 7102
12-14 01:01:30.336 I/System.out( 4304): HTTP Daemon listening on: 7102
12-14 01:01:30.360 I/System.out( 4304): URI: //ping
12-14 01:01:30.361 I/System.out( 4304): params: {json={}
12-14 01:01:30.361 I/System.out( 4304): }
12-14 01:01:30.373 I/System.out( 4304): URI: //ping
12-14 01:01:30.373 I/System.out( 4304): params: {json={}
12-14 01:01:30.373 I/System.out( 4304): }
12-14 01:01:30.380 I/System.out( 4304): URI: //ready
12-14 01:01:30.381 I/System.out( 4304): params: {json={}
12-14 01:01:30.381 I/System.out( 4304): }
12-14 01:01:30.388 I/System.out( 4304): URI: //
12-14 01:01:30.388 I/System.out( 4304): params: {json={"command":"version","arguments":[]}
12-14 01:01:30.388 I/System.out( 4304): }
12-14 01:01:30.388 I/System.out( 4304): header: {content-type=application/json;charset=utf-8, date=Mon, 14 Dec 2020 06:01:30 GMT, accept=*/*, host=127.0.0.1:34777, content-length=36, user-agent=HTTPClient/1.0 (2.8.3, ruby 2.5.8 (2020-03-31))}
12-14 01:01:30.388 I/System.out( 4304): params: {json={"command":"version","arguments":[]}
12-14 01:01:30.388 I/System.out( 4304): }
12-14 01:01:30.388 I/System.out( 4304): ProP json = {"command":"version","arguments":[]}
12-14 01:01:30.388 I/System.out( 4304): files: {}
12-14 01:01:30.388 I/System.out( 4304): command: {"command":"version","arguments":[]}
12-14 01:01:30.424 I/InstrumentationBackend( 4304): Got command:'Command:'Line:null,version', arguments:'[]'
12-14 01:01:30.456 E/TaskPersister( 1628): File error accessing recents directory (directory doesn't exist?).
12-14 01:01:30.463 I/System.out( 4304): result:{"bonusInformation":[],"message":"0.9.8","success":true}
12-14 01:01:30.469 I/System.out( 4304): URI: //start-application
12-14 01:01:30.469 I/System.out( 4304): params: {json={"intent":null}
12-14 01:01:30.469 I/System.out( 4304): }
12-14 01:01:30.513 I/ActivityManager( 1628): START u0 {act=android.intent.action.MAIN cat=[android.intent.category.LAUNCHER] flg=0x10200000 cmp=com.evancharlton.mileage/.Mileage} from uid 10260
12-14 01:01:30.535 I/calabash( 4304): newActivity1
12-14 01:01:30.542 D/gralloc_ranchu( 1396): gralloc_alloc: Creating ashmem region of size 7753728
12-14 01:01:30.576 W/ActivityManager( 1628): Bad activity token: android.os.BinderProxy@80cf700
12-14 01:01:30.576 W/ActivityManager( 1628): java.lang.ClassCastException: android.os.BinderProxy cannot be cast to com.android.server.am.ActivityRecord$Token
12-14 01:01:30.576 W/ActivityManager( 1628): 	at com.android.server.am.ActivityRecord.forTokenLocked(ActivityRecord.java:778)
12-14 01:01:30.576 W/ActivityManager( 1628): 	at com.android.server.am.ActivityRecord.isInStackLocked(ActivityRecord.java:2085)
12-14 01:01:30.576 W/ActivityManager( 1628): 	at com.android.server.am.ActivityRecord.getStackLocked(ActivityRecord.java:2090)
12-14 01:01:30.576 W/ActivityManager( 1628): 	at com.android.server.am.ActivityManagerService.getActivityDisplayId(ActivityManagerService.java:10406)
12-14 01:01:30.576 W/ActivityManager( 1628): 	at android.app.IActivityManager$Stub.onTransact(IActivityManager.java:2738)
12-14 01:01:30.576 W/ActivityManager( 1628): 	at com.android.server.am.ActivityManagerService.onTransact(ActivityManagerService.java:2935)
12-14 01:01:30.576 W/ActivityManager( 1628): 	at android.os.Binder.execTransact(Binder.java:674)
12-14 01:01:30.579 I/calabash( 4304): newActivity1
12-14 01:01:30.593 W/ActivityManager( 1628): Bad activity token: android.os.BinderProxy@80cf700
12-14 01:01:30.593 W/ActivityManager( 1628): java.lang.ClassCastException: android.os.BinderProxy cannot be cast to com.android.server.am.ActivityRecord$Token
12-14 01:01:30.593 W/ActivityManager( 1628): 	at com.android.server.am.ActivityRecord.forTokenLocked(ActivityRecord.java:778)
12-14 01:01:30.593 W/ActivityManager( 1628): 	at com.android.server.am.ActivityRecord.isInStackLocked(ActivityRecord.java:2085)
12-14 01:01:30.593 W/ActivityManager( 1628): 	at com.android.server.am.ActivityManagerService.setTaskDescription(ActivityManagerService.java:9988)
12-14 01:01:30.593 W/ActivityManager( 1628): 	at android.app.IActivityManager$Stub.onTransact(IActivityManager.java:2824)
12-14 01:01:30.593 W/ActivityManager( 1628): 	at com.android.server.am.ActivityManagerService.onTransact(ActivityManagerService.java:2935)
12-14 01:01:30.593 W/ActivityManager( 1628): 	at android.os.Binder.execTransact(Binder.java:674)
12-14 01:01:30.594 W/ActivityManager( 1628): Bad activity token: android.os.BinderProxy@80cf700
12-14 01:01:30.594 W/ActivityManager( 1628): java.lang.ClassCastException: android.os.BinderProxy cannot be cast to com.android.server.am.ActivityRecord$Token
12-14 01:01:30.594 W/ActivityManager( 1628): 	at com.android.server.am.ActivityRecord.forTokenLocked(ActivityRecord.java:778)
12-14 01:01:30.594 W/ActivityManager( 1628): 	at com.android.server.am.ActivityRecord.isInStackLocked(ActivityRecord.java:2085)
12-14 01:01:30.594 W/ActivityManager( 1628): 	at com.android.server.am.ActivityRecord.getStackLocked(ActivityRecord.java:2090)
12-14 01:01:30.594 W/ActivityManager( 1628): 	at com.android.server.am.ActivityManagerService.getActivityStackId(ActivityManagerService.java:10417)
12-14 01:01:30.594 W/ActivityManager( 1628): 	at android.app.IActivityManager$Stub.onTransact(IActivityManager.java:3548)
12-14 01:01:30.594 W/ActivityManager( 1628): 	at com.android.server.am.ActivityManagerService.onTransact(ActivityManagerService.java:2935)
12-14 01:01:30.594 W/ActivityManager( 1628): 	at android.os.Binder.execTransact(Binder.java:674)
12-14 01:01:30.598 D/EGL_emulation( 2168): eglMakeCurrent: 0xa2d48100: ver 3 0 (tinfo 0xa2eff970)
12-14 01:01:30.603 D/EGL_emulation( 2142): eglMakeCurrent: 0xa2d46ae0: ver 3 0 (tinfo 0xa2eff820)
12-14 01:01:30.632 D/EGL_emulation( 1731): eglMakeCurrent: 0x91939340: ver 3 0 (tinfo 0xa2b63c70)
12-14 01:01:30.647 D/EGL_emulation( 1731): eglMakeCurrent: 0x91939340: ver 3 0 (tinfo 0xa2b63c70)
12-14 01:01:30.648 E/ContentStoreEUAS( 2168): Failed to commit the deferred actions
12-14 01:01:30.650 D/EGL_emulation( 1731): eglMakeCurrent: 0x91939340: ver 3 0 (tinfo 0xa2b63c70)
12-14 01:01:30.652 V/StatusBar( 1731): setLightsOn(true)
12-14 01:01:30.671 D/EGL_emulation( 1731): eglMakeCurrent: 0x91939340: ver 3 0 (tinfo 0xa2b63c70)
12-14 01:01:30.738 W/ActivityManager( 1628): Bad activity token: android.os.BinderProxy@80cf700
12-14 01:01:30.738 W/ActivityManager( 1628): java.lang.ClassCastException: android.os.BinderProxy cannot be cast to com.android.server.am.ActivityRecord$Token
12-14 01:01:30.738 W/ActivityManager( 1628): 	at com.android.server.am.ActivityRecord.forTokenLocked(ActivityRecord.java:778)
12-14 01:01:30.738 W/ActivityManager( 1628): 	at com.android.server.am.ActivityRecord.isInStackLocked(ActivityRecord.java:2085)
12-14 01:01:30.738 W/ActivityManager( 1628): 	at com.android.server.am.ActivityManagerService.getActivityOptions(ActivityManagerService.java:13302)
12-14 01:01:30.738 W/ActivityManager( 1628): 	at android.app.IActivityManager$Stub.onTransact(IActivityManager.java:2910)
12-14 01:01:30.738 W/ActivityManager( 1628): 	at com.android.server.am.ActivityManagerService.onTransact(ActivityManagerService.java:2935)
12-14 01:01:30.738 W/ActivityManager( 1628): 	at android.os.Binder.execTransact(Binder.java:674)
12-14 01:01:30.739 W/ActivityManager( 1628): Bad activity token: android.os.BinderProxy@80cf700
12-14 01:01:30.739 W/ActivityManager( 1628): java.lang.ClassCastException: android.os.BinderProxy cannot be cast to com.android.server.am.ActivityRecord$Token
12-14 01:01:30.739 W/ActivityManager( 1628): 	at com.android.server.am.ActivityRecord.forTokenLocked(ActivityRecord.java:778)
12-14 01:01:30.739 W/ActivityManager( 1628): 	at com.android.server.am.ActivityRecord.isInStackLocked(ActivityRecord.java:2085)
12-14 01:01:30.739 W/ActivityManager( 1628): 	at com.android.server.am.ActivityManagerService.getActivityOptions(ActivityManagerService.java:13302)
12-14 01:01:30.739 W/ActivityManager( 1628): 	at android.app.IActivityManager$Stub.onTransact(IActivityManager.java:2910)
12-14 01:01:30.739 W/ActivityManager( 1628): 	at com.android.server.am.ActivityManagerService.onTransact(ActivityManagerService.java:2935)
12-14 01:01:30.739 W/ActivityManager( 1628): 	at android.os.Binder.execTransact(Binder.java:674)
12-14 01:01:30.817 I/chatty  ( 1731): uid=10028(u0_a28) RenderThread identical 15 lines
12-14 01:01:30.836 D/EGL_emulation( 1731): eglMakeCurrent: 0x91939340: ver 3 0 (tinfo 0xa2b63c70)
12-14 01:01:30.851 V/StatusBar( 1731): setLightsOn(true)
12-14 01:01:30.897 I/zygote  ( 4304): Do partial code cache collection, code=28KB, data=30KB
12-14 01:01:30.898 I/zygote  ( 4304): After code cache collection, code=28KB, data=30KB
12-14 01:01:30.898 I/zygote  ( 4304): Increasing code cache capacity to 128KB
12-14 01:01:30.900 I/zygote  ( 4304): Do partial code cache collection, code=28KB, data=48KB
12-14 01:01:30.903 I/zygote  ( 4304): After code cache collection, code=28KB, data=48KB
12-14 01:01:30.904 I/zygote  ( 4304): Increasing code cache capacity to 256KB
12-14 01:01:30.905 I/zygote  ( 4304): JIT allocated 71KB for compiled code of void android.widget.TextView.<init>(android.content.Context, android.util.AttributeSet, int, int)
12-14 01:01:30.905 I/zygote  ( 4304): Compiler allocated 4MB to compile void android.widget.TextView.<init>(android.content.Context, android.util.AttributeSet, int, int)
12-14 01:01:30.935 V/StatusBar( 1731): setLightsOn(true)
12-14 01:01:30.939 I/chatty  ( 1731): uid=10028(u0_a28) com.android.systemui identical 1 line
12-14 01:01:30.942 V/StatusBar( 1731): setLightsOn(true)
12-14 01:01:30.989 D/gralloc_ranchu( 1396): gralloc_alloc: Creating ashmem region of size 7753728
12-14 01:01:31.015 D/        ( 4304): HostConnection::get() New Host Connection established 0xa2930d40, tid 4304
12-14 01:01:31.034 V/StatusBar( 1731): setLightsOn(true)
12-14 01:01:31.076 V/StatusBar( 1731): setLightsOn(true)
12-14 01:01:31.078 I/ActivityManager( 1628): Displayed com.evancharlton.mileage/.Mileage: +549ms
12-14 01:01:31.082 V/StatusBar( 1731): setLightsOn(true)
12-14 01:01:31.100 V/StatusBar( 1731): setLightsOn(true)
12-14 01:01:31.118 D/gralloc_ranchu( 1396): gralloc_alloc: Creating ashmem region of size 7753728
12-14 01:01:31.118 I/zygote  ( 4304): Do full code cache collection, code=125KB, data=71KB
12-14 01:01:31.118 I/zygote  ( 4304): After code cache collection, code=106KB, data=43KB
12-14 01:01:31.272 I/zygote  ( 4304): Background concurrent copying GC freed 21822(1028KB) AllocSpace objects, 5(100KB) LOS objects, 59% free, 1037KB/2MB, paused 5.503ms total 27.150ms
12-14 01:01:31.287 V/StatusBar( 1731): setLightsOn(true)
12-14 01:01:31.340 I/chatty  ( 1731): uid=10028(u0_a28) com.android.systemui identical 2 lines
12-14 01:01:31.356 V/StatusBar( 1731): setLightsOn(true)
12-14 01:01:31.369 W/SurfaceFlinger( 1405): couldn't log to binary event log: overflow.
12-14 01:01:31.450 I/PBSessionCacheImpl( 2168): Deleted sessionId[5857234779412] from persistence.
