--------- beginning of main
12-14 02:10:01.145 E/adbd    ( 1383): failed to connect to socket 'tcp:7102': Connection refused
12-14 02:10:01.535 D/AndroidRuntime( 4285): >>>>>> START com.android.internal.os.RuntimeInit uid 2000 <<<<<<
12-14 02:10:01.567 W/app_process( 4285): Unexpected CPU variant for X86 using defaults: x86
12-14 02:10:01.583 D/AndroidRuntime( 4285): Calling main entry com.android.commands.am.Am
--------- beginning of system
12-14 02:10:01.586 I/ActivityManager( 1628): Force stopping com.evancharlton.mileage appid=10330 user=0: start instr
12-14 02:10:01.590 I/zygote  ( 4295): Not late-enabling -Xcheck:jni (already on)
12-14 02:10:01.596 W/zygote  ( 4295): Unexpected CPU variant for X86 using defaults: x86
12-14 02:10:01.599 I/ActivityManager( 1628): Start proc 4295:com.evancharlton.mileage/u0a330 for added application com.evancharlton.mileage
12-14 02:10:01.599 D/AndroidRuntime( 4285): Shutting down VM
12-14 02:10:01.600 E/memtrack( 1628): Couldn't load memtrack module
12-14 02:10:01.600 W/android.os.Debug( 1628): failed to get memory consumption info: -1
12-14 02:10:01.624 W/zygote  ( 4295): Found duplicate classes, falling back to extracting from APK : /data/app/com.evancharlton.mileage.test-31nnWeZjfzcGiW-FSFc_Gg==/base.apk
12-14 02:10:01.624 W/zygote  ( 4295): NOTE: This wastes RAM and hurts startup performance.
12-14 02:10:01.624 W/zygote  ( 4295): Found duplicated class when checking oat files: 'Ljunit/runner/BaseTestRunner;' in /data/app/com.evancharlton.mileage.test-31nnWeZjfzcGiW-FSFc_Gg==/base.apk and /system/framework/android.test.runner.jar
12-14 02:10:01.624 W/zygote  ( 4295): 
12-14 02:10:01.630 E/adbd    ( 1383): failed to connect to socket 'tcp:7102': Connection refused
12-14 02:10:01.632 E/adbd    ( 1383): failed to connect to socket 'tcp:7102': Connection refused
12-14 02:10:01.653 W/System  ( 4295): ClassLoader referenced unknown path: 
12-14 02:10:01.664 I/System.out( 4295): Main activity name automatically set to: com.evancharlton.mileage.Mileage
12-14 02:10:01.665 I/System.out( 4295): Calabash did not load Mono. This is only a problem if you are trying to test a Mono application
12-14 02:10:01.665 I/calabash( 4295): Test server port: 7102
12-14 02:10:01.667 I/InstrumentationBackend( 4295): Added:'GetPreferences', with key:'get_preferences'
12-14 02:10:01.726 I/InstrumentationBackend( 4295): Added:'SetPreferences', with key:'set_preferences'
12-14 02:10:01.726 I/InstrumentationBackend( 4295): Added:'ClearPreferences', with key:'clear_preferences'
12-14 02:10:01.727 I/InstrumentationBackend( 4295): Added:'PressElement', with key:'press_l10n_element'
12-14 02:10:01.727 I/InstrumentationBackend( 4295): Added:'WaitForElement', with key:'wait_for_l10n_element'
12-14 02:10:01.728 I/InstrumentationBackend( 4295): Added:'NullAction', with key:'nullAction'
12-14 02:10:01.728 I/InstrumentationBackend( 4295): Added:'PressKey', with key:'press_key'
12-14 02:10:01.728 I/InstrumentationBackend( 4295): Added:'SetActivityOrientation', with key:'set_activity_orientation'
12-14 02:10:01.729 I/InstrumentationBackend( 4295): Added:'GetActivityOrientation', with key:'get_activity_orientation'
12-14 02:10:01.729 I/InstrumentationBackend( 4295): Added:'FakeGPSLocation', with key:'set_gps_coordinates'
12-14 02:10:01.730 I/InstrumentationBackend( 4295): Added:'SetPropertyByCssSelector', with key:'set_property_by_css_selector'
12-14 02:10:01.731 I/InstrumentationBackend( 4295): Added:'GetUrl', with key:'get_url'
12-14 02:10:01.733 I/InstrumentationBackend( 4295): Added:'ScrollTo', with key:'scroll_to'
12-14 02:10:01.733 I/InstrumentationBackend( 4295): Added:'GetLoadProgress', with key:'get_load_progress'
12-14 02:10:01.734 I/InstrumentationBackend( 4295): Added:'DumpHtml', with key:'dump_html'
12-14 02:10:01.735 I/InstrumentationBackend( 4295): Added:'DumpBodyHtml', with key:'dump_body_html'
12-14 02:10:01.736 E/adbd    ( 1383): failed to connect to socket 'tcp:7102': Connection refused
12-14 02:10:01.736 I/InstrumentationBackend( 4295): Added:'EnterTextByCssSelector', with key:'enter_text_by_selector'
12-14 02:10:01.738 E/adbd    ( 1383): failed to connect to socket 'tcp:7102': Connection refused
12-14 02:10:01.741 I/InstrumentationBackend( 4295): Added:'AndroidSDKVersion', with key:'android_sdk_version'
12-14 02:10:01.741 I/InstrumentationBackend( 4295): Added:'Version', with key:'version'
12-14 02:10:01.741 I/InstrumentationBackend( 4295): Added:'Drag', with key:'drag'
12-14 02:10:01.742 I/InstrumentationBackend( 4295): Added:'TouchCoordinates', with key:'touch_coordinate'
12-14 02:10:01.742 I/InstrumentationBackend( 4295): Added:'LongPressCoordinate', with key:'long_press_coordinate'
12-14 02:10:01.742 I/InstrumentationBackend( 4295): Added:'DragCoordinates', with key:'drag_coordinates'
12-14 02:10:01.743 I/InstrumentationBackend( 4295): Added:'ResumeApplication', with key:'resume_application'
12-14 02:10:01.743 I/InstrumentationBackend( 4295): Added:'Swipe', with key:'swipe'
12-14 02:10:01.743 I/InstrumentationBackend( 4295): Added:'DoubleTapCoordinate', with key:'double_tap_coordinate'
12-14 02:10:01.744 I/InstrumentationBackend( 4295): Added:'ClickOnScreen', with key:'click_on_screen'
12-14 02:10:01.744 I/InstrumentationBackend( 4295): Added:'GetActivityName', with key:'get_activity_name'
12-14 02:10:01.745 I/InstrumentationBackend( 4295): Added:'ScrollToView', with key:'scroll_to_view'
12-14 02:10:01.745 I/InstrumentationBackend( 4295): Added:'ViewConfiguration', with key:'view_configuration'
12-14 02:10:01.745 I/InstrumentationBackend( 4295): Added:'IsCurrentActivityFocused', with key:'is_current_activity_focused'
12-14 02:10:01.746 I/InstrumentationBackend( 4295): Added:'SendTcp', with key:'send_tcp'
12-14 02:10:01.746 I/InstrumentationBackend( 4295): Added:'DpToDevicePixel', with key:'dp_to_device_pixel'
12-14 02:10:01.747 I/InstrumentationBackend( 4295): Added:'KeyboardEnterText', with key:'keyboard_enter_text'
12-14 02:10:01.748 I/InstrumentationBackend( 4295): Added:'DeleteSurroundingText', with key:'delete_surrounding_text'
12-14 02:10:01.748 I/InstrumentationBackend( 4295): Added:'SetComposingRegion', with key:'set_composing_region'
12-14 02:10:01.748 I/InstrumentationBackend( 4295): Added:'SetSelection', with key:'set_selection'
12-14 02:10:01.749 I/InstrumentationBackend( 4295): Added:'KeyboardKeyEvent', with key:'keyboard_key_event'
12-14 02:10:01.749 I/InstrumentationBackend( 4295): Added:'PressUserActionButton', with key:'press_user_action_button'
12-14 02:10:01.750 I/InstrumentationBackend( 4295): Added:'HideSoftKeyboard', with key:'hide_soft_keyboard'
12-14 02:10:01.751 I/InstrumentationBackend( 4295): Added:'ListActions', with key:'list_actions'
12-14 02:10:01.752 I/calabash( 4295): Instantiating http server at 7102
12-14 02:10:01.753 I/System.out( 4295): HTTP Daemon listening on: 7102
12-14 02:10:01.854 I/System.out( 4295): URI: //ping
12-14 02:10:01.854 I/System.out( 4295): params: {json={}
12-14 02:10:01.854 I/System.out( 4295): }
12-14 02:10:01.863 I/System.out( 4295): URI: //ping
12-14 02:10:01.863 I/System.out( 4295): params: {json={}
12-14 02:10:01.863 I/System.out( 4295): }
12-14 02:10:01.870 I/System.out( 4295): URI: //ready
12-14 02:10:01.871 I/System.out( 4295): params: {json={}
12-14 02:10:01.871 I/System.out( 4295): }
12-14 02:10:01.877 I/System.out( 4295): URI: //
12-14 02:10:01.878 I/System.out( 4295): params: {json={"command":"version","arguments":[]}
12-14 02:10:01.878 I/System.out( 4295): }
12-14 02:10:01.878 I/System.out( 4295): header: {content-type=application/json;charset=utf-8, date=Mon, 14 Dec 2020 07:10:02 GMT, accept=*/*, host=127.0.0.1:34777, content-length=36, user-agent=HTTPClient/1.0 (2.8.3, ruby 2.5.8 (2020-03-31))}
12-14 02:10:01.879 I/System.out( 4295): params: {json={"command":"version","arguments":[]}
12-14 02:10:01.879 I/System.out( 4295): }
12-14 02:10:01.879 I/System.out( 4295): ProP json = {"command":"version","arguments":[]}
12-14 02:10:01.879 I/System.out( 4295): files: {}
12-14 02:10:01.879 I/System.out( 4295): command: {"command":"version","arguments":[]}
12-14 02:10:01.912 I/InstrumentationBackend( 4295): Got command:'Command:'Line:null,version', arguments:'[]'
12-14 02:10:01.944 I/System.out( 4295): result:{"bonusInformation":[],"message":"0.9.8","success":true}
12-14 02:10:01.952 I/System.out( 4295): URI: //start-application
12-14 02:10:01.952 I/System.out( 4295): params: {json={"intent":null}
12-14 02:10:01.952 I/System.out( 4295): }
12-14 02:10:01.990 I/ActivityManager( 1628): START u0 {act=android.intent.action.MAIN cat=[android.intent.category.LAUNCHER] flg=0x10200000 cmp=com.evancharlton.mileage/.Mileage} from uid 10330
12-14 02:10:02.013 I/calabash( 4295): newActivity1
12-14 02:10:02.023 D/gralloc_ranchu( 1395): gralloc_alloc: Creating ashmem region of size 7753728
12-14 02:10:02.059 W/ActivityManager( 1628): Bad activity token: android.os.BinderProxy@cf8fb98
12-14 02:10:02.059 W/ActivityManager( 1628): java.lang.ClassCastException: android.os.BinderProxy cannot be cast to com.android.server.am.ActivityRecord$Token
12-14 02:10:02.059 W/ActivityManager( 1628): 	at com.android.server.am.ActivityRecord.forTokenLocked(ActivityRecord.java:778)
12-14 02:10:02.059 W/ActivityManager( 1628): 	at com.android.server.am.ActivityRecord.isInStackLocked(ActivityRecord.java:2085)
12-14 02:10:02.059 W/ActivityManager( 1628): 	at com.android.server.am.ActivityRecord.getStackLocked(ActivityRecord.java:2090)
12-14 02:10:02.059 W/ActivityManager( 1628): 	at com.android.server.am.ActivityManagerService.getActivityDisplayId(ActivityManagerService.java:10406)
12-14 02:10:02.059 W/ActivityManager( 1628): 	at android.app.IActivityManager$Stub.onTransact(IActivityManager.java:2738)
12-14 02:10:02.059 W/ActivityManager( 1628): 	at com.android.server.am.ActivityManagerService.onTransact(ActivityManagerService.java:2935)
12-14 02:10:02.059 W/ActivityManager( 1628): 	at android.os.Binder.execTransact(Binder.java:674)
12-14 02:10:02.060 I/calabash( 4295): newActivity1
12-14 02:10:02.066 W/ActivityManager( 1628): Bad activity token: android.os.BinderProxy@cf8fb98
12-14 02:10:02.066 W/ActivityManager( 1628): java.lang.ClassCastException: android.os.BinderProxy cannot be cast to com.android.server.am.ActivityRecord$Token
12-14 02:10:02.066 W/ActivityManager( 1628): 	at com.android.server.am.ActivityRecord.forTokenLocked(ActivityRecord.java:778)
12-14 02:10:02.066 W/ActivityManager( 1628): 	at com.android.server.am.ActivityRecord.isInStackLocked(ActivityRecord.java:2085)
12-14 02:10:02.066 W/ActivityManager( 1628): 	at com.android.server.am.ActivityManagerService.setTaskDescription(ActivityManagerService.java:9988)
12-14 02:10:02.066 W/ActivityManager( 1628): 	at android.app.IActivityManager$Stub.onTransact(IActivityManager.java:2824)
12-14 02:10:02.066 W/ActivityManager( 1628): 	at com.android.server.am.ActivityManagerService.onTransact(ActivityManagerService.java:2935)
12-14 02:10:02.066 W/ActivityManager( 1628): 	at android.os.Binder.execTransact(Binder.java:674)
12-14 02:10:02.067 W/ActivityManager( 1628): Bad activity token: android.os.BinderProxy@cf8fb98
12-14 02:10:02.067 W/ActivityManager( 1628): java.lang.ClassCastException: android.os.BinderProxy cannot be cast to com.android.server.am.ActivityRecord$Token
12-14 02:10:02.067 W/ActivityManager( 1628): 	at com.android.server.am.ActivityRecord.forTokenLocked(ActivityRecord.java:778)
12-14 02:10:02.067 W/ActivityManager( 1628): 	at com.android.server.am.ActivityRecord.isInStackLocked(ActivityRecord.java:2085)
12-14 02:10:02.067 W/ActivityManager( 1628): 	at com.android.server.am.ActivityRecord.getStackLocked(ActivityRecord.java:2090)
12-14 02:10:02.067 W/ActivityManager( 1628): 	at com.android.server.am.ActivityManagerService.getActivityStackId(ActivityManagerService.java:10417)
12-14 02:10:02.067 W/ActivityManager( 1628): 	at android.app.IActivityManager$Stub.onTransact(IActivityManager.java:3548)
12-14 02:10:02.067 W/ActivityManager( 1628): 	at com.android.server.am.ActivityManagerService.onTransact(ActivityManagerService.java:2935)
12-14 02:10:02.067 W/ActivityManager( 1628): 	at android.os.Binder.execTransact(Binder.java:674)
12-14 02:10:02.075 V/StatusBar( 1732): setLightsOn(true)
12-14 02:10:02.079 D/EGL_emulation( 2190): eglMakeCurrent: 0xa6e849c0: ver 3 0 (tinfo 0xa6e83770)
12-14 02:10:02.082 D/EGL_emulation( 2164): eglMakeCurrent: 0xa6e843c0: ver 3 0 (tinfo 0xa6e83390)
12-14 02:10:02.107 D/EGL_emulation( 1732): eglMakeCurrent: 0x93547220: ver 3 0 (tinfo 0x93531a20)
12-14 02:10:02.108 V/StatusBar( 1732): setLightsOn(true)
12-14 02:10:02.114 D/EGL_emulation( 1732): eglMakeCurrent: 0x93547220: ver 3 0 (tinfo 0x93531a20)
12-14 02:10:02.138 I/chatty  ( 1732): uid=10028(u0_a28) RenderThread identical 2 lines
12-14 02:10:02.146 D/EGL_emulation( 1732): eglMakeCurrent: 0x93547220: ver 3 0 (tinfo 0x93531a20)
12-14 02:10:02.147 V/StatusBar( 1732): setLightsOn(true)
12-14 02:10:02.148 E/ContentStoreEUAS( 2190): Failed to commit the deferred actions
12-14 02:10:02.149 D/EGL_emulation( 1732): eglMakeCurrent: 0x93547220: ver 3 0 (tinfo 0x93531a20)
12-14 02:10:02.224 W/ActivityManager( 1628): Bad activity token: android.os.BinderProxy@cf8fb98
12-14 02:10:02.224 W/ActivityManager( 1628): java.lang.ClassCastException: android.os.BinderProxy cannot be cast to com.android.server.am.ActivityRecord$Token
12-14 02:10:02.224 W/ActivityManager( 1628): 	at com.android.server.am.ActivityRecord.forTokenLocked(ActivityRecord.java:778)
12-14 02:10:02.224 W/ActivityManager( 1628): 	at com.android.server.am.ActivityRecord.isInStackLocked(ActivityRecord.java:2085)
12-14 02:10:02.224 W/ActivityManager( 1628): 	at com.android.server.am.ActivityManagerService.getActivityOptions(ActivityManagerService.java:13302)
12-14 02:10:02.224 W/ActivityManager( 1628): 	at android.app.IActivityManager$Stub.onTransact(IActivityManager.java:2910)
12-14 02:10:02.224 W/ActivityManager( 1628): 	at com.android.server.am.ActivityManagerService.onTransact(ActivityManagerService.java:2935)
12-14 02:10:02.224 W/ActivityManager( 1628): 	at android.os.Binder.execTransact(Binder.java:674)
12-14 02:10:02.225 W/ActivityManager( 1628): Bad activity token: android.os.BinderProxy@cf8fb98
12-14 02:10:02.225 W/ActivityManager( 1628): java.lang.ClassCastException: android.os.BinderProxy cannot be cast to com.android.server.am.ActivityRecord$Token
12-14 02:10:02.225 W/ActivityManager( 1628): 	at com.android.server.am.ActivityRecord.forTokenLocked(ActivityRecord.java:778)
12-14 02:10:02.225 W/ActivityManager( 1628): 	at com.android.server.am.ActivityRecord.isInStackLocked(ActivityRecord.java:2085)
12-14 02:10:02.225 W/ActivityManager( 1628): 	at com.android.server.am.ActivityManagerService.getActivityOptions(ActivityManagerService.java:13302)
12-14 02:10:02.225 W/ActivityManager( 1628): 	at android.app.IActivityManager$Stub.onTransact(IActivityManager.java:2910)
12-14 02:10:02.225 W/ActivityManager( 1628): 	at com.android.server.am.ActivityManagerService.onTransact(ActivityManagerService.java:2935)
12-14 02:10:02.225 W/ActivityManager( 1628): 	at android.os.Binder.execTransact(Binder.java:674)
12-14 02:10:02.287 I/chatty  ( 1732): uid=10028(u0_a28) RenderThread identical 18 lines
12-14 02:10:02.295 D/EGL_emulation( 1732): eglMakeCurrent: 0x93547220: ver 3 0 (tinfo 0x93531a20)
12-14 02:10:02.301 D/AndroidRuntime( 4295): Shutting down VM
12-14 02:10:02.305 D/EGL_emulation( 1732): eglMakeCurrent: 0x93547220: ver 3 0 (tinfo 0x93531a20)
--------- beginning of crash
12-14 02:10:02.310 E/AndroidRuntime( 4295): FATAL EXCEPTION: main
12-14 02:10:02.310 E/AndroidRuntime( 4295): Process: com.evancharlton.mileage, PID: 4295
12-14 02:10:02.310 E/AndroidRuntime( 4295): java.lang.RuntimeException: Unable to resume activity {com.evancharlton.mileage/com.evancharlton.mileage.Mileage}: java.lang.RuntimeException: Unable to resume activity {com.evancharlton.mileage/com.evancharlton.mileage.FillupActivity}: java.lang.NullPointerException: Attempt to invoke virtual method 'void com.evancharlton.mileage.views.FieldView.setFieldId(long)' on a null object reference
12-14 02:10:02.310 E/AndroidRuntime( 4295): 	at android.app.ActivityThread.performResumeActivity(ActivityThread.java:3645)
12-14 02:10:02.310 E/AndroidRuntime( 4295): 	at android.app.ActivityThread.handleResumeActivity(ActivityThread.java:3685)
12-14 02:10:02.310 E/AndroidRuntime( 4295): 	at android.app.ActivityThread.handleLaunchActivity(ActivityThread.java:2898)
12-14 02:10:02.310 E/AndroidRuntime( 4295): 	at android.app.ActivityThread.-wrap11(Unknown Source:0)
12-14 02:10:02.310 E/AndroidRuntime( 4295): 	at android.app.ActivityThread$H.handleMessage(ActivityThread.java:1593)
12-14 02:10:02.310 E/AndroidRuntime( 4295): 	at android.os.Handler.dispatchMessage(Handler.java:105)
12-14 02:10:02.310 E/AndroidRuntime( 4295): 	at android.os.Looper.loop(Looper.java:164)
12-14 02:10:02.310 E/AndroidRuntime( 4295): 	at android.app.ActivityThread.main(ActivityThread.java:6541)
12-14 02:10:02.310 E/AndroidRuntime( 4295): 	at java.lang.reflect.Method.invoke(Native Method)
12-14 02:10:02.310 E/AndroidRuntime( 4295): 	at com.android.internal.os.Zygote$MethodAndArgsCaller.run(Zygote.java:240)
12-14 02:10:02.310 E/AndroidRuntime( 4295): 	at com.android.internal.os.ZygoteInit.main(ZygoteInit.java:767)
12-14 02:10:02.310 E/AndroidRuntime( 4295): Caused by: java.lang.RuntimeException: Unable to resume activity {com.evancharlton.mileage/com.evancharlton.mileage.FillupActivity}: java.lang.NullPointerException: Attempt to invoke virtual method 'void com.evancharlton.mileage.views.FieldView.setFieldId(long)' on a null object reference
12-14 02:10:02.310 E/AndroidRuntime( 4295): 	at android.app.ActivityThread.performResumeActivity(ActivityThread.java:3645)
12-14 02:10:02.310 E/AndroidRuntime( 4295): 	at android.app.LocalActivityManager.moveToState(LocalActivityManager.java:179)
12-14 02:10:02.310 E/AndroidRuntime( 4295): 	at android.app.LocalActivityManager.dispatchResume(LocalActivityManager.java:524)
12-14 02:10:02.310 E/AndroidRuntime( 4295): 	at android.app.ActivityGroup.onResume(ActivityGroup.java:61)
12-14 02:10:02.310 E/AndroidRuntime( 4295): 	at android.app.Instrumentation.callActivityOnResume(Instrumentation.java:1354)
12-14 02:10:02.310 E/AndroidRuntime( 4295): 	at sh.calaba.instrumentationbackend.CalabashInstrumentation.callActivityOnResume(CalabashInstrumentation.java:80)
12-14 02:10:02.310 E/AndroidRuntime( 4295): 	at android.app.Activity.performResume(Activity.java:7079)
12-14 02:10:02.310 E/AndroidRuntime( 4295): 	at android.app.ActivityThread.performResumeActivity(ActivityThread.java:3620)
12-14 02:10:02.310 E/AndroidRuntime( 4295): 	... 10 more
12-14 02:10:02.310 E/AndroidRuntime( 4295): Caused by: java.lang.NullPointerException: Attempt to invoke virtual method 'void com.evancharlton.mileage.views.FieldView.setFieldId(long)' on a null object reference
12-14 02:10:02.310 E/AndroidRuntime( 4295): 	at com.evancharlton.mileage.FillupActivity.onResume(FillupActivity.java:119)
12-14 02:10:02.310 E/AndroidRuntime( 4295): 	at android.app.Instrumentation.callActivityOnResume(Instrumentation.java:1354)
12-14 02:10:02.310 E/AndroidRuntime( 4295): 	at sh.calaba.instrumentationbackend.CalabashInstrumentation.callActivityOnResume(CalabashInstrumentation.java:80)
12-14 02:10:02.310 E/AndroidRuntime( 4295): 	at android.app.Activity.performResume(Activity.java:7079)
12-14 02:10:02.310 E/AndroidRuntime( 4295): 	at android.app.ActivityThread.performResumeActivity(ActivityThread.java:3620)
12-14 02:10:02.310 E/AndroidRuntime( 4295): 	... 17 more
12-14 02:10:02.324 I/Process ( 4295): Sending signal. PID: 4295 SIG: 9
12-14 02:10:02.337 W/BroadcastQueue( 1628): Background execution not allowed: receiving Intent { act=android.intent.action.DROPBOX_ENTRY_ADDED flg=0x10 (has extras) } to com.google.android.gms/.stats.service.DropBoxEntryAddedReceiver
12-14 02:10:02.338 W/BroadcastQueue( 1628): Background execution not allowed: receiving Intent { act=android.intent.action.DROPBOX_ENTRY_ADDED flg=0x10 (has extras) } to com.google.android.gms/.chimera.GmsIntentOperationService$PersistentTrustedReceiver
12-14 02:10:02.405 I/ActivityManager( 1628): Process com.evancharlton.mileage (pid 4295) has died: fore TOP 
12-14 02:10:02.406 W/ActivityManager( 1628): Crash of app com.evancharlton.mileage running instrumentation ComponentInfo{com.evancharlton.mileage.test/sh.calaba.instrumentationbackend.CalabashInstrumentationTestRunner}
12-14 02:10:02.406 I/ActivityManager( 1628): Force stopping com.evancharlton.mileage appid=10330 user=0: finished inst
12-14 02:10:02.407 I/ActivityManager( 1628):   Force finishing activity ActivityRecord{961e314 u0 com.evancharlton.mileage/.Mileage t9}
12-14 02:10:02.410 E/adbd    ( 1383): failed to connect to socket 'tcp:7102': Connection refused
12-14 02:10:02.429 D/gralloc_ranchu( 1395): gralloc_alloc: Creating ashmem region of size 7753728
12-14 02:10:02.442 D/        ( 1628): HostConnection::get() New Host Connection established 0x9527f9c0, tid 2903
12-14 02:10:02.453 I/ActivityManager( 1628):   Force finishing activity ActivityRecord{961e314 u0 com.evancharlton.mileage/.Mileage t9 f}
12-14 02:10:02.453 W/ActivityManager( 1628): Duplicate finish request for ActivityRecord{961e314 u0 com.evancharlton.mileage/.Mileage t9 f}
12-14 02:10:02.462 V/StatusBar( 1732): setLightsOn(true)
12-14 02:10:02.473 D/WindowManager( 1628): relayoutVisibleWindow: Window{9ac9e62 u0 com.google.android.apps.nexuslauncher/com.google.android.apps.nexuslauncher.NexusLauncherActivity EXITING} mAnimatingExit=true, mRemoveOnExit=false, mDestroying=false
12-14 02:10:02.480 D/gralloc_ranchu( 1395): gralloc_alloc: Creating ashmem region of size 8298496
12-14 02:10:02.506 I/chatty  ( 1395): uid=1000(system) allocator@2.0-s identical 2 lines
12-14 02:10:02.516 D/gralloc_ranchu( 1395): gralloc_alloc: Creating ashmem region of size 8298496
12-14 02:10:02.529 D/EGL_emulation( 1732): eglMakeCurrent: 0x93547220: ver 3 0 (tinfo 0x93531a20)
12-14 02:10:02.529 D/gralloc_ranchu( 1395): gralloc_alloc: Creating ashmem region of size 8298496
