12-14 02:17:06.005 W/ActivityManager( 1628): 	at com.android.server.am.ActivityRecord.forTokenLocked(ActivityRecord.java:778)
12-14 02:17:06.005 W/ActivityManager( 1628): 	at com.android.server.am.ActivityRecord.isInStackLocked(ActivityRecord.java:2085)
12-14 02:17:06.005 W/ActivityManager( 1628): 	at com.android.server.am.ActivityManagerService.getActivityOptions(ActivityManagerService.java:13302)
12-14 02:17:06.005 W/ActivityManager( 1628): 	at android.app.IActivityManager$Stub.onTransact(IActivityManager.java:2910)
12-14 02:17:06.005 W/ActivityManager( 1628): 	at com.android.server.am.ActivityManagerService.onTransact(ActivityManagerService.java:2935)
12-14 02:17:06.005 W/ActivityManager( 1628): 	at android.os.Binder.execTransact(Binder.java:674)
12-14 02:17:06.006 W/ActivityManager( 1628): Bad activity token: android.os.BinderProxy@d1ecac3
12-14 02:17:06.006 W/ActivityManager( 1628): java.lang.ClassCastException: android.os.BinderProxy cannot be cast to com.android.server.am.ActivityRecord$Token
12-14 02:17:06.006 W/ActivityManager( 1628): 	at com.android.server.am.ActivityRecord.forTokenLocked(ActivityRecord.java:778)
12-14 02:17:06.006 W/ActivityManager( 1628): 	at com.android.server.am.ActivityRecord.isInStackLocked(ActivityRecord.java:2085)
12-14 02:17:06.006 W/ActivityManager( 1628): 	at com.android.server.am.ActivityManagerService.getActivityOptions(ActivityManagerService.java:13302)
12-14 02:17:06.006 W/ActivityManager( 1628): 	at android.app.IActivityManager$Stub.onTransact(IActivityManager.java:2910)
12-14 02:17:06.006 W/ActivityManager( 1628): 	at com.android.server.am.ActivityManagerService.onTransact(ActivityManagerService.java:2935)
12-14 02:17:06.006 W/ActivityManager( 1628): 	at android.os.Binder.execTransact(Binder.java:674)
12-14 02:17:06.007 E/memtrack( 1628): Couldn't load memtrack module
12-14 02:17:06.007 W/android.os.Debug( 1628): failed to get memory consumption info: -1
12-14 02:17:06.011 D/VehicleStatisticsTask( 4495): Not enough fillups to calculate statistics
12-14 02:17:06.012 D/VehicleStatisticsActivity( 4495): Checking recalculation ...
12-14 02:17:06.015 D/VehicleStatisticsActivity( 4495): Recalculating statistics
12-14 02:17:06.015 D/VehicleStatisticsTask( 4495): Calculation starting...
12-14 02:17:06.015 D/VehicleStatisticsActivity( 4495): Recalculation started!
12-14 02:17:06.030 E/memtrack( 1628): Couldn't load memtrack module
12-14 02:17:06.030 W/android.os.Debug( 1628): failed to get memory consumption info: -1
12-14 02:17:06.065 I/zygote  ( 4495): Do full code cache collection, code=223KB, data=147KB
12-14 02:17:06.065 I/zygote  ( 4495): After code cache collection, code=223KB, data=125KB
12-14 02:17:06.098 D/VehicleStatisticsTask( 4495): Not enough fillups to calculate statistics
12-14 02:17:06.126 E/SurfaceFlinger( 1378): ro.sf.lcd_density must be defined as a build property
12-14 02:17:06.135 D/gralloc_ranchu( 1369): gralloc_alloc: Creating ashmem region of size 8298496
12-14 02:17:06.142 D/VehicleStatisticsTask( 4495): Done recalculating!
12-14 02:17:06.143 D/VehicleStatisticsTask( 4495): Done recalculating!
12-14 02:17:06.146 D/VehicleStatisticsAdapter( 4495): Erasing the cache ...
12-14 02:17:06.147 D/        ( 4549): HostConnection::get() New Host Connection established 0xa5eaf800, tid 4549
12-14 02:17:06.148 D/VehicleStatisticsAdapter( 4495): Erasing the cache ...
12-14 02:17:06.152 D/VehicleStatisticsAdapter( 4495): Building new values ...
12-14 02:17:06.152 D/VehicleStatisticsAdapter( 4495): Writing 29 records to the database ...
12-14 02:17:06.154 D/VehicleStatisticsAdapter( 4495): Building new values ...
12-14 02:17:06.155 D/VehicleStatisticsAdapter( 4495): Writing 29 records to the database ...
12-14 02:17:06.158 D/Mileage.ABS( 4495): Finished backup
12-14 02:17:06.161 D/Mileage.ABS( 4495): Not backing up; 20
12-14 02:17:06.258 D/Mileage.ABS( 4495): Not backing up; 117
12-14 02:17:06.263 D/Mileage.ABS( 4495): Not backing up; 122
12-14 02:17:06.310 I/zygote  ( 4495): Do partial code cache collection, code=243KB, data=143KB
12-14 02:17:06.311 I/zygote  ( 4495): After code cache collection, code=243KB, data=143KB
12-14 02:17:06.311 I/zygote  ( 4495): Increasing code cache capacity to 1024KB
12-14 02:17:06.361 D/Mileage.ABS( 4495): Not backing up; 220
12-14 02:17:06.362 D/Mileage.ABS( 4495): Not backing up; 221
12-14 02:17:06.365 D/Mileage.ABS( 4495): Not backing up; 224
12-14 02:17:06.366 D/Mileage.ABS( 4495): Not backing up; 225
12-14 02:17:06.367 D/Mileage.ABS( 4495): Not backing up; 226
12-14 02:17:06.367 D/Mileage.ABS( 4495): Not backing up; 226
12-14 02:17:06.368 D/Mileage.ABS( 4495): Not backing up; 227
12-14 02:17:06.386 D/Mileage.ABS( 4495): Not backing up; 245
12-14 02:17:06.406 D/Mileage.ABS( 4495): Not backing up; 265
12-14 02:17:06.425 D/Mileage.ABS( 4495): Not backing up; 284
12-14 02:17:06.426 E/TaskPersister( 1628): File error accessing recents directory (directory doesn't exist?).
12-14 02:17:06.427 D/Mileage.ABS( 4495): Not backing up; 286
12-14 02:17:06.447 D/Mileage.ABS( 4495): Not backing up; 306
12-14 02:17:06.458 D/Mileage.ABS( 4495): Not backing up; 317
12-14 02:17:06.497 D/Mileage.ABS( 4495): Not backing up; 356
12-14 02:17:06.501 D/Mileage.ABS( 4495): Not backing up; 360
12-14 02:17:06.506 D/Mileage.ABS( 4495): Not backing up; 365
12-14 02:17:06.508 D/Mileage.ABS( 4495): Not backing up; 367
12-14 02:17:06.511 D/Mileage.ABS( 4495): Not backing up; 370
12-14 02:17:06.522 D/Mileage.ABS( 4495): Not backing up; 381
12-14 02:17:06.535 D/Mileage.ABS( 4495): Not backing up; 394
12-14 02:17:06.561 D/Mileage.ABS( 4495): Not backing up; 420
12-14 02:17:06.561 D/Mileage.ABS( 4495): Not backing up; 420
12-14 02:17:06.577 D/Mileage.ABS( 4495): Not backing up; 436
12-14 02:17:06.590 D/Mileage.ABS( 4495): Not backing up; 449
12-14 02:17:06.599 D/Mileage.ABS( 4495): Not backing up; 458
12-14 02:17:06.607 D/Mileage.ABS( 4495): Not backing up; 466
12-14 02:17:06.617 D/Mileage.ABS( 4495): Not backing up; 476
12-14 02:17:06.626 D/Mileage.ABS( 4495): Not backing up; 485
12-14 02:17:06.634 D/Mileage.ABS( 4495): Not backing up; 493
12-14 02:17:06.645 D/Mileage.ABS( 4495): Not backing up; 504
12-14 02:17:06.654 D/Mileage.ABS( 4495): Not backing up; 513
12-14 02:17:06.668 D/Mileage.ABS( 4495): Not backing up; 527
12-14 02:17:06.670 I/System.out( 4495): URI: //gesture
12-14 02:17:06.670 I/System.out( 4495): params: {json={"query_timeout":5.0,"gestures":[{"query_string":"android.widget.TabWidget descendant TextView index:0","touches":[{"x":50,"y":50,"offset_x":0,"offset_y":0,"wait":0.0,"time":0.2,"release":true,"query_string":null}]}]}
12-14 02:17:06.670 I/System.out( 4495): }
12-14 02:17:06.677 D/Mileage.ABS( 4495): Not backing up; 536
12-14 02:17:06.685 D/Mileage.ABS( 4495): Not backing up; 544
12-14 02:17:06.693 D/Mileage.ABS( 4495): Not backing up; 552
12-14 02:17:06.708 D/Mileage.ABS( 4495): Not backing up; 567
12-14 02:17:06.715 D/Mileage.ABS( 4495): Not backing up; 574
12-14 02:17:06.770 D/Mileage.ABS( 4495): Not backing up; 629
12-14 02:17:06.772 D/Mileage.ABS( 4495): Not backing up; 631
12-14 02:17:06.773 D/Mileage.ABS( 4495): Not backing up; 632
12-14 02:17:06.775 D/Mileage.ABS( 4495): Not backing up; 634
12-14 02:17:06.783 D/Mileage.ABS( 4495): Not backing up; 641
12-14 02:17:06.788 D/Mileage.ABS( 4495): Not backing up; 647
12-14 02:17:06.800 D/Mileage.ABS( 4495): Not backing up; 659
12-14 02:17:06.813 D/Mileage.ABS( 4495): Not backing up; 672
12-14 02:17:06.816 D/Mileage.ABS( 4495): Not backing up; 675
12-14 02:17:06.825 D/Mileage.ABS( 4495): Not backing up; 684
12-14 02:17:06.835 D/Mileage.ABS( 4495): Not backing up; 694
12-14 02:17:06.842 D/Mileage.ABS( 4495): Not backing up; 701
12-14 02:17:06.858 D/Mileage.ABS( 4495): Not backing up; 717
12-14 02:17:06.859 D/Mileage.ABS( 4495): Not backing up; 718
12-14 02:17:06.871 D/Mileage.ABS( 4495): Not backing up; 730
12-14 02:17:06.878 D/Mileage.ABS( 4495): Not backing up; 737
12-14 02:17:06.888 D/Mileage.ABS( 4495): Not backing up; 747
12-14 02:17:06.895 D/Mileage.ABS( 4495): Not backing up; 754
12-14 02:17:06.908 D/Mileage.ABS( 4495): Not backing up; 767
12-14 02:17:06.914 D/VehicleStatisticsAdapter( 4495): Caching of 29 records complete! (0.761 seconds)
12-14 02:17:06.919 D/Mileage.ABS( 4495): Not backing up; 778
12-14 02:17:06.922 D/VehicleStatisticsAdapter( 4495): Caching of 29 records complete! (0.767 seconds)
12-14 02:17:06.923 D/Mileage.ABS( 4495): Not backing up; 782
12-14 02:17:07.058 W/View    ( 4495): dispatchProvideAutofillStructure(): not laid out, ignoring
12-14 02:17:07.068 I/chatty  ( 4495): uid=10338(u0_a338) com.evancharlton.mileage identical 1 line
12-14 02:17:07.069 W/View    ( 4495): dispatchProvideAutofillStructure(): not laid out, ignoring
12-14 02:17:07.077 W/Binder  ( 1628): Outgoing transactions from this process must be FLAG_ONEWAY
12-14 02:17:07.077 W/Binder  ( 1628): java.lang.Throwable
12-14 02:17:07.077 W/Binder  ( 1628): 	at android.os.BinderProxy.transact(Binder.java:736)
12-14 02:17:07.077 W/Binder  ( 1628): 	at android.app.assist.AssistStructure$ParcelTransferReader.fetchData(AssistStructure.java:407)
12-14 02:17:07.077 W/Binder  ( 1628): 	at android.app.assist.AssistStructure$ParcelTransferReader.go(AssistStructure.java:343)
12-14 02:17:07.077 W/Binder  ( 1628): 	at android.app.assist.AssistStructure.ensureData(AssistStructure.java:2096)
12-14 02:17:07.077 W/Binder  ( 1628): 	at com.android.server.autofill.Session$1.send(Session.java:200)
12-14 02:17:07.077 W/Binder  ( 1628): 	at com.android.server.am.ActivityManagerService.reportAssistContextExtras(ActivityManagerService.java:13137)
12-14 02:17:07.077 W/Binder  ( 1628): 	at android.app.IActivityManager$Stub.onTransact(IActivityManager.java:2466)
12-14 02:17:07.077 W/Binder  ( 1628): 	at com.android.server.am.ActivityManagerService.onTransact(ActivityManagerService.java:2935)
12-14 02:17:07.077 W/Binder  ( 1628): 	at android.os.Binder.execTransact(Binder.java:674)
12-14 02:17:07.085 I/AssistStructure( 4495): Flattened final assist data: 15312 bytes, containing 1 windows, 69 views
12-14 02:17:07.096 I/AssistStructure( 1628): Flattened final assist data: 13988 bytes, containing 1 windows, 69 views
12-14 02:17:07.099 W/lgq     ( 1941): Pending fill request while another request in the same session was triggered. [CONTEXT service_id=177 ]
12-14 02:17:07.195 E/SurfaceFlinger( 1378): ro.sf.lcd_density must be defined as a build property
12-14 02:17:07.202 D/gralloc_ranchu( 1369): gralloc_alloc: Creating ashmem region of size 8298496
12-14 02:17:07.211 D/        ( 4598): HostConnection::get() New Host Connection established 0xa762f800, tid 4598
12-14 02:17:07.501 I/System.out( 4495): URI: //
12-14 02:17:07.501 I/System.out( 4495): params: {json={"command":"set_activity_orientation","arguments":["landscape"]}
12-14 02:17:07.501 I/System.out( 4495): }
12-14 02:17:07.501 I/System.out( 4495): header: {content-type=application/json;charset=utf-8, date=Mon, 14 Dec 2020 07:17:07 GMT, accept=*/*, host=127.0.0.1:34777, content-length=64, user-agent=HTTPClient/1.0 (2.8.3, ruby 2.5.8 (2020-03-31))}
12-14 02:17:07.501 I/System.out( 4495): params: {json={"command":"set_activity_orientation","arguments":["landscape"]}
12-14 02:17:07.501 I/System.out( 4495): }
12-14 02:17:07.502 I/System.out( 4495): ProP json = {"command":"set_activity_orientation","arguments":["landscape"]}
12-14 02:17:07.502 I/System.out( 4495): files: {}
12-14 02:17:07.502 I/System.out( 4495): command: {"command":"set_activity_orientation","arguments":["landscape"]}
12-14 02:17:07.506 I/InstrumentationBackend( 4495): Got command:'Command:'Line:null,set_activity_orientation', arguments:'[landscape]'
12-14 02:17:07.514 D/gralloc_ranchu( 1369): gralloc_alloc: Creating ashmem region of size 8298496
12-14 02:17:07.560 W/LocalDisplayAdapter( 1628): Unable to find color mode 0, ignoring request.
12-14 02:17:07.607 W/audio_hw_generic( 1363): Not supplying enough data to HAL, expected position 767526 , only wrote 767520
12-14 02:17:07.616 I/InputReader( 1628): Reconfiguring input devices.  changes=0x00000004
12-14 02:17:07.616 I/InputReader( 1628): Device reconfigured: id=0, name='qwerty2', size 1080x1920, orientation 1, mode 1, display id 0
12-14 02:17:07.616 I/InputReader( 1628): Reconfiguring input devices.  changes=0x00000004
12-14 02:17:07.616 I/ActivityManager( 1628): Config changes=480 {1.0 310mcc260mnc [en_US] ldltr sw411dp w683dp h387dp 420dpi nrml land finger qwerty/v/v -nav/h appBounds=Rect(0, 0 - 1794, 1080) s.9}
12-14 02:17:07.617 I/InputReader( 1628): Reconfiguring input devices.  changes=0x00000004
12-14 02:17:07.642 W/audio_hw_generic( 1363): Not supplying enough data to HAL, expected position 769159 , only wrote 768960
12-14 02:17:07.658 W/audio_hw_generic( 1363): Not supplying enough data to HAL, expected position 769741 , only wrote 769680
12-14 02:17:07.667 I/ActivityManager( 1628): Override config changes=480 {1.0 310mcc260mnc [en_US] ldltr sw411dp w683dp h387dp 420dpi nrml land finger qwerty/v/v -nav/h appBounds=Rect(0, 0 - 1794, 1080) s.9} for displayId=0
12-14 02:17:07.717 D/gralloc_ranchu( 1369): gralloc_alloc: Creating ashmem region of size 544768
12-14 02:17:07.725 D/EGL_emulation( 1726): eglMakeCurrent: 0x953d9280: ver 3 0 (tinfo 0x953adb90)
12-14 02:17:07.733 D/gralloc_ranchu( 1369): gralloc_alloc: Creating ashmem region of size 544768
12-14 02:17:07.761 I/calabash( 4495): newActivity1
12-14 02:17:07.793 W/ActivityManager( 1628): Bad activity token: android.os.BinderProxy@9241532
12-14 02:17:07.793 W/ActivityManager( 1628): java.lang.ClassCastException: android.os.BinderProxy cannot be cast to com.android.server.am.ActivityRecord$Token
12-14 02:17:07.793 W/ActivityManager( 1628): 	at com.android.server.am.ActivityRecord.forTokenLocked(ActivityRecord.java:778)
12-14 02:17:07.793 W/ActivityManager( 1628): 	at com.android.server.am.ActivityRecord.isInStackLocked(ActivityRecord.java:2085)
12-14 02:17:07.793 W/ActivityManager( 1628): 	at com.android.server.am.ActivityRecord.getStackLocked(ActivityRecord.java:2090)
12-14 02:17:07.793 W/ActivityManager( 1628): 	at com.android.server.am.ActivityManagerService.getActivityDisplayId(ActivityManagerService.java:10406)
12-14 02:17:07.793 W/ActivityManager( 1628): 	at android.app.IActivityManager$Stub.onTransact(IActivityManager.java:2738)
12-14 02:17:07.793 W/ActivityManager( 1628): 	at com.android.server.am.ActivityManagerService.onTransact(ActivityManagerService.java:2935)
12-14 02:17:07.793 W/ActivityManager( 1628): 	at android.os.Binder.execTransact(Binder.java:674)
12-14 02:17:07.793 I/calabash( 4495): newActivity1
12-14 02:17:07.800 W/AutofillManager( 4495): Session -484401020 could not be restored
12-14 02:17:07.801 W/ActivityManager( 1628): Bad activity token: android.os.BinderProxy@9241532
12-14 02:17:07.801 W/ActivityManager( 1628): java.lang.ClassCastException: android.os.BinderProxy cannot be cast to com.android.server.am.ActivityRecord$Token
12-14 02:17:07.801 W/ActivityManager( 1628): 	at com.android.server.am.ActivityRecord.forTokenLocked(ActivityRecord.java:778)
12-14 02:17:07.801 W/ActivityManager( 1628): 	at com.android.server.am.ActivityRecord.isInStackLocked(ActivityRecord.java:2085)
12-14 02:17:07.801 W/ActivityManager( 1628): 	at com.android.server.am.ActivityManagerService.setTaskDescription(ActivityManagerService.java:9988)
12-14 02:17:07.801 W/ActivityManager( 1628): 	at android.app.IActivityManager$Stub.onTransact(IActivityManager.java:2824)
12-14 02:17:07.801 W/ActivityManager( 1628): 	at com.android.server.am.ActivityManagerService.onTransact(ActivityManagerService.java:2935)
12-14 02:17:07.801 W/ActivityManager( 1628): 	at android.os.Binder.execTransact(Binder.java:674)
12-14 02:17:07.802 W/ActivityManager( 1628): Bad activity token: android.os.BinderProxy@9241532
12-14 02:17:07.802 W/ActivityManager( 1628): java.lang.ClassCastException: android.os.BinderProxy cannot be cast to com.android.server.am.ActivityRecord$Token
12-14 02:17:07.802 W/ActivityManager( 1628): 	at com.android.server.am.ActivityRecord.forTokenLocked(ActivityRecord.java:778)
12-14 02:17:07.802 W/ActivityManager( 1628): 	at com.android.server.am.ActivityRecord.isInStackLocked(ActivityRecord.java:2085)
12-14 02:17:07.802 W/ActivityManager( 1628): 	at com.android.server.am.ActivityRecord.getStackLocked(ActivityRecord.java:2090)
12-14 02:17:07.802 W/ActivityManager( 1628): 	at com.android.server.am.ActivityManagerService.getActivityStackId(ActivityManagerService.java:10417)
12-14 02:17:07.802 W/ActivityManager( 1628): 	at android.app.IActivityManager$Stub.onTransact(IActivityManager.java:3548)
12-14 02:17:07.802 W/ActivityManager( 1628): 	at com.android.server.am.ActivityManagerService.onTransact(ActivityManagerService.java:2935)
12-14 02:17:07.802 W/ActivityManager( 1628): 	at android.os.Binder.execTransact(Binder.java:674)
12-14 02:17:07.805 I/System.out( 4495): result:{"bonusInformation":[],"message":"","success":true}
12-14 02:17:07.835 D/gralloc_ranchu( 1369): gralloc_alloc: Creating ashmem region of size 544768
12-14 02:17:07.854 W/ActivityManager( 1628): Bad activity token: android.os.BinderProxy@9241532
12-14 02:17:07.854 W/ActivityManager( 1628): java.lang.ClassCastException: android.os.BinderProxy cannot be cast to com.android.server.am.ActivityRecord$Token
12-14 02:17:07.854 W/ActivityManager( 1628): 	at com.android.server.am.ActivityRecord.forTokenLocked(ActivityRecord.java:778)
12-14 02:17:07.854 W/ActivityManager( 1628): 	at com.android.server.am.ActivityRecord.isInStackLocked(ActivityRecord.java:2085)
12-14 02:17:07.854 W/ActivityManager( 1628): 	at com.android.server.am.ActivityManagerService.getActivityOptions(ActivityManagerService.java:13302)
12-14 02:17:07.854 W/ActivityManager( 1628): 	at android.app.IActivityManager$Stub.onTransact(IActivityManager.java:2910)
12-14 02:17:07.854 W/ActivityManager( 1628): 	at com.android.server.am.ActivityManagerService.onTransact(ActivityManagerService.java:2935)
12-14 02:17:07.854 W/ActivityManager( 1628): 	at android.os.Binder.execTransact(Binder.java:674)
12-14 02:17:07.854 W/ActivityManager( 1628): Bad activity token: android.os.BinderProxy@9241532
12-14 02:17:07.854 W/ActivityManager( 1628): java.lang.ClassCastException: android.os.BinderProxy cannot be cast to com.android.server.am.ActivityRecord$Token
12-14 02:17:07.854 W/ActivityManager( 1628): 	at com.android.server.am.ActivityRecord.forTokenLocked(ActivityRecord.java:778)
12-14 02:17:07.854 W/ActivityManager( 1628): 	at com.android.server.am.ActivityRecord.isInStackLocked(ActivityRecord.java:2085)
12-14 02:17:07.854 W/ActivityManager( 1628): 	at com.android.server.am.ActivityManagerService.getActivityOptions(ActivityManagerService.java:13302)
12-14 02:17:07.854 W/ActivityManager( 1628): 	at android.app.IActivityManager$Stub.onTransact(IActivityManager.java:2910)
12-14 02:17:07.854 W/ActivityManager( 1628): 	at com.android.server.am.ActivityManagerService.onTransact(ActivityManagerService.java:2935)
12-14 02:17:07.854 W/ActivityManager( 1628): 	at android.os.Binder.execTransact(Binder.java:674)
12-14 02:17:07.867 D/gralloc_ranchu( 1369): gralloc_alloc: Creating ashmem region of size 487424
12-14 02:17:07.880 D/StatusBar( 1726): disable<e i a s b h r c s q >
12-14 02:17:07.886 D/EGL_emulation( 1726): eglMakeCurrent: 0x953d9280: ver 3 0 (tinfo 0x953adb90)
12-14 02:17:07.887 W/PhoneWindow( 4495): Previously focused view reported id 2131296279 during save, but can't be found during restore.
12-14 02:17:07.894 D/gralloc_ranchu( 1369): gralloc_alloc: Creating ashmem region of size 487424
12-14 02:17:07.918 V/StatusBar( 1726): setLightsOn(true)
12-14 02:17:07.932 D/gralloc_ranchu( 1369): gralloc_alloc: Creating ashmem region of size 487424
12-14 02:17:07.948 D/EGL_emulation( 1726): eglMakeCurrent: 0x953d9280: ver 3 0 (tinfo 0x953adb90)
12-14 02:17:07.959 D/EGL_emulation( 1726): eglMakeCurrent: 0x953d9280: ver 3 0 (tinfo 0x953adb90)
12-14 02:17:08.006 V/StatusBar( 1726): setLightsOn(true)
12-14 02:17:08.063 D/gralloc_ranchu( 1369): gralloc_alloc: Creating ashmem region of size 7753728
12-14 02:17:08.140 V/StatusBar( 1726): setLightsOn(true)
12-14 02:17:08.148 V/StatusBar( 1726): setLightsOn(true)
12-14 02:17:08.158 I/WindowManager( 1628): Screen frozen for +648ms due to Window{6e5d971 u0 com.evancharlton.mileage/com.evancharlton.mileage.Mileage}
12-14 02:17:08.169 D/gralloc_ranchu( 1369): gralloc_alloc: Creating ashmem region of size 7753728
12-14 02:17:08.169 V/StatusBar( 1726): setLightsOn(true)
12-14 02:17:08.177 D/SurfaceFlinger( 1378): duplicate layer name: changing BlackSurface to BlackSurface#1
12-14 02:17:08.208 D/SurfaceFlinger( 1378): duplicate layer name: changing BlackSurface to BlackSurface#1
12-14 02:17:08.654 V/StatusBar( 1726): setLightsOn(true)
12-14 02:17:09.029 I/EventLogSendingHelper( 2190): Sending log events.
12-14 02:17:09.231 D/gralloc_ranchu( 1369): gralloc_alloc: Creating ashmem region of size 7753728
12-14 02:17:09.745 I/Dialer  ( 2023): OmtpVvmCarrierCfgHlpr - OmtpEvent:CONFIG_STATUS_SMS_TIME_OUT
12-14 02:17:09.746 I/Dialer  ( 2023): RetryPolicy - discarding deferred status: configuration_state=4
12-14 02:17:09.755 I/Dialer  ( 2023): VvmTaskExecutor - no more tasks, stopping service if no task are added in 5000 millis
12-14 02:17:09.766 I/Dialer  ( 2023): VvmTaskReceiver - task received
12-14 02:17:09.767 I/Dialer  ( 2023): VvmTaskReceiver - TaskExecutor already running
12-14 02:17:09.768 I/Dialer  ( 2023): Task.createTask - create task:com.android.voicemail.impl.ActivationTask
12-14 02:17:09.769 I/Dialer  ( 2023): RetryPolicy - retry #1 for com.android.voicemail.impl.ActivationTask@8c36084 queued, executing in 5000
12-14 02:17:09.770 I/Dialer  ( 2023): VvmTaskExecutor - com.android.voicemail.impl.ActivationTask@8c36084 added
12-14 02:17:09.770 I/Dialer  ( 2023): VvmTaskExecutor - minimal wait time:5000
12-14 02:17:09.770 I/Dialer  ( 2023): VvmTaskExecutor - sleep for 5000 millis
12-14 02:17:09.837 I/System.out( 4495): URI: //gesture
12-14 02:17:09.837 I/System.out( 4495): params: {json={"query_timeout":5.0,"gestures":[{"query_string":"android.widget.TabWidget descendant TextView index:1","touches":[{"x":50,"y":50,"offset_x":0,"offset_y":0,"wait":0.0,"time":0.2,"release":true,"query_string":null}]}]}
12-14 02:17:09.837 I/System.out( 4495): }
12-14 02:17:10.098 W/ActivityManager( 1628): Bad activity token: android.os.BinderProxy@cca8a48
12-14 02:17:10.098 W/ActivityManager( 1628): java.lang.ClassCastException: android.os.BinderProxy cannot be cast to com.android.server.am.ActivityRecord$Token
12-14 02:17:10.098 W/ActivityManager( 1628): 	at com.android.server.am.ActivityRecord.forTokenLocked(ActivityRecord.java:778)
12-14 02:17:10.098 W/ActivityManager( 1628): 	at com.android.server.am.ActivityRecord.isInStackLocked(ActivityRecord.java:2085)
12-14 02:17:10.098 W/ActivityManager( 1628): 	at com.android.server.am.ActivityRecord.getStackLocked(ActivityRecord.java:2090)
12-14 02:17:10.098 W/ActivityManager( 1628): 	at com.android.server.am.ActivityManagerService.getActivityDisplayId(ActivityManagerService.java:10406)
12-14 02:17:10.098 W/ActivityManager( 1628): 	at android.app.IActivityManager$Stub.onTransact(IActivityManager.java:2738)
12-14 02:17:10.098 W/ActivityManager( 1628): 	at com.android.server.am.ActivityManagerService.onTransact(ActivityManagerService.java:2935)
12-14 02:17:10.098 W/ActivityManager( 1628): 	at android.os.Binder.execTransact(Binder.java:674)
12-14 02:17:10.098 I/calabash( 4495): newActivity1
12-14 02:17:10.101 W/ActivityManager( 1628): Bad activity token: android.os.BinderProxy@cca8a48
12-14 02:17:10.101 W/ActivityManager( 1628): java.lang.ClassCastException: android.os.BinderProxy cannot be cast to com.android.server.am.ActivityRecord$Token
12-14 02:17:10.101 W/ActivityManager( 1628): 	at com.android.server.am.ActivityRecord.forTokenLocked(ActivityRecord.java:778)
12-14 02:17:10.101 W/ActivityManager( 1628): 	at com.android.server.am.ActivityRecord.isInStackLocked(ActivityRecord.java:2085)
12-14 02:17:10.101 W/ActivityManager( 1628): 	at com.android.server.am.ActivityManagerService.setTaskDescription(ActivityManagerService.java:9988)
12-14 02:17:10.101 W/ActivityManager( 1628): 	at android.app.IActivityManager$Stub.onTransact(IActivityManager.java:2824)
12-14 02:17:10.101 W/ActivityManager( 1628): 	at com.android.server.am.ActivityManagerService.onTransact(ActivityManagerService.java:2935)
12-14 02:17:10.101 W/ActivityManager( 1628): 	at android.os.Binder.execTransact(Binder.java:674)
12-14 02:17:10.102 W/ActivityManager( 1628): Bad activity token: android.os.BinderProxy@cca8a48
12-14 02:17:10.102 W/ActivityManager( 1628): java.lang.ClassCastException: android.os.BinderProxy cannot be cast to com.android.server.am.ActivityRecord$Token
12-14 02:17:10.102 W/ActivityManager( 1628): 	at com.android.server.am.ActivityRecord.forTokenLocked(ActivityRecord.java:778)
12-14 02:17:10.102 W/ActivityManager( 1628): 	at com.android.server.am.ActivityRecord.isInStackLocked(ActivityRecord.java:2085)
12-14 02:17:10.102 W/ActivityManager( 1628): 	at com.android.server.am.ActivityRecord.getStackLocked(ActivityRecord.java:2090)
12-14 02:17:10.102 W/ActivityManager( 1628): 	at com.android.server.am.ActivityManagerService.getActivityStackId(ActivityManagerService.java:10417)
12-14 02:17:10.102 W/ActivityManager( 1628): 	at android.app.IActivityManager$Stub.onTransact(IActivityManager.java:3548)
12-14 02:17:10.102 W/ActivityManager( 1628): 	at com.android.server.am.ActivityManagerService.onTransact(ActivityManagerService.java:2935)
12-14 02:17:10.102 W/ActivityManager( 1628): 	at android.os.Binder.execTransact(Binder.java:674)
12-14 02:17:10.135 W/audio_hw_generic( 1363): Not supplying enough data to HAL, expected position 1006424 , only wrote 888480
12-14 02:17:10.140 W/audio_hw_generic( 1363): Not supplying enough data to HAL, expected position 888669 , only wrote 888480
12-14 02:17:10.152 W/ActivityManager( 1628): Bad activity token: android.os.BinderProxy@cca8a48
12-14 02:17:10.152 W/ActivityManager( 1628): java.lang.ClassCastException: android.os.BinderProxy cannot be cast to com.android.server.am.ActivityRecord$Token
12-14 02:17:10.152 W/ActivityManager( 1628): 	at com.android.server.am.ActivityRecord.forTokenLocked(ActivityRecord.java:778)
12-14 02:17:10.152 W/ActivityManager( 1628): 	at com.android.server.am.ActivityRecord.isInStackLocked(ActivityRecord.java:2085)
12-14 02:17:10.152 W/ActivityManager( 1628): 	at com.android.server.am.ActivityManagerService.getActivityOptions(ActivityManagerService.java:13302)
12-14 02:17:10.152 W/ActivityManager( 1628): 	at android.app.IActivityManager$Stub.onTransact(IActivityManager.java:2910)
12-14 02:17:10.152 W/ActivityManager( 1628): 	at com.android.server.am.ActivityManagerService.onTransact(ActivityManagerService.java:2935)
12-14 02:17:10.152 W/ActivityManager( 1628): 	at android.os.Binder.execTransact(Binder.java:674)
12-14 02:17:10.153 W/ActivityManager( 1628): Bad activity token: android.os.BinderProxy@cca8a48
12-14 02:17:10.153 W/ActivityManager( 1628): java.lang.ClassCastException: android.os.BinderProxy cannot be cast to com.android.server.am.ActivityRecord$Token
12-14 02:17:10.153 W/ActivityManager( 1628): 	at com.android.server.am.ActivityRecord.forTokenLocked(ActivityRecord.java:778)
12-14 02:17:10.153 W/ActivityManager( 1628): 	at com.android.server.am.ActivityRecord.isInStackLocked(ActivityRecord.java:2085)
12-14 02:17:10.153 W/ActivityManager( 1628): 	at com.android.server.am.ActivityManagerService.getActivityOptions(ActivityManagerService.java:13302)
12-14 02:17:10.153 W/ActivityManager( 1628): 	at android.app.IActivityManager$Stub.onTransact(IActivityManager.java:2910)
12-14 02:17:10.153 W/ActivityManager( 1628): 	at com.android.server.am.ActivityManagerService.onTransact(ActivityManagerService.java:2935)
12-14 02:17:10.153 W/ActivityManager( 1628): 	at android.os.Binder.execTransact(Binder.java:674)
12-14 02:17:10.231 D/Mileage ( 4495): Not enough fillups to calculate economy
12-14 02:17:10.281 I/zygote  ( 1628): Explicit concurrent copying GC freed 17143(1542KB) AllocSpace objects, 2(40KB) LOS objects, 38% free, 9MB/15MB, paused 1.072ms total 66.201ms
12-14 02:17:10.360 E/SurfaceFlinger( 1378): ro.sf.lcd_density must be defined as a build property
12-14 02:17:10.388 D/gralloc_ranchu( 1369): gralloc_alloc: Creating ashmem region of size 8298496
12-14 02:17:10.406 D/        ( 4609): HostConnection::get() New Host Connection established 0xb35af800, tid 4609
12-14 02:17:10.744 I/System.out( 4495): URI: //gesture
12-14 02:17:10.744 I/System.out( 4495): params: {json={"query_timeout":5.0,"gestures":[{"query_string":"android.widget.TabWidget descendant TextView index:3","touches":[{"x":50,"y":50,"offset_x":0,"offset_y":0,"wait":0.0,"time":0.2,"release":true,"query_string":null}]}]}
12-14 02:17:10.744 I/System.out( 4495): }
12-14 02:17:11.013 W/ActivityManager( 1628): Bad activity token: android.os.BinderProxy@2b6bc8c
12-14 02:17:11.013 W/ActivityManager( 1628): java.lang.ClassCastException: android.os.BinderProxy cannot be cast to com.android.server.am.ActivityRecord$Token
12-14 02:17:11.013 W/ActivityManager( 1628): 	at com.android.server.am.ActivityRecord.forTokenLocked(ActivityRecord.java:778)
12-14 02:17:11.013 W/ActivityManager( 1628): 	at com.android.server.am.ActivityRecord.isInStackLocked(ActivityRecord.java:2085)
12-14 02:17:11.013 W/ActivityManager( 1628): 	at com.android.server.am.ActivityRecord.getStackLocked(ActivityRecord.java:2090)
12-14 02:17:11.013 W/ActivityManager( 1628): 	at com.android.server.am.ActivityManagerService.getActivityDisplayId(ActivityManagerService.java:10406)
12-14 02:17:11.013 W/ActivityManager( 1628): 	at android.app.IActivityManager$Stub.onTransact(IActivityManager.java:2738)
12-14 02:17:11.013 W/ActivityManager( 1628): 	at com.android.server.am.ActivityManagerService.onTransact(ActivityManagerService.java:2935)
12-14 02:17:11.013 W/ActivityManager( 1628): 	at android.os.Binder.execTransact(Binder.java:674)
12-14 02:17:11.014 I/calabash( 4495): newActivity1
12-14 02:17:11.020 W/ActivityManager( 1628): Bad activity token: android.os.BinderProxy@2b6bc8c
12-14 02:17:11.020 W/ActivityManager( 1628): java.lang.ClassCastException: android.os.BinderProxy cannot be cast to com.android.server.am.ActivityRecord$Token
12-14 02:17:11.020 W/ActivityManager( 1628): 	at com.android.server.am.ActivityRecord.forTokenLocked(ActivityRecord.java:778)
12-14 02:17:11.020 W/ActivityManager( 1628): 	at com.android.server.am.ActivityRecord.isInStackLocked(ActivityRecord.java:2085)
12-14 02:17:11.020 W/ActivityManager( 1628): 	at com.android.server.am.ActivityManagerService.setTaskDescription(ActivityManagerService.java:9988)
12-14 02:17:11.020 W/ActivityManager( 1628): 	at android.app.IActivityManager$Stub.onTransact(IActivityManager.java:2824)
12-14 02:17:11.020 W/ActivityManager( 1628): 	at com.android.server.am.ActivityManagerService.onTransact(ActivityManagerService.java:2935)
12-14 02:17:11.020 W/ActivityManager( 1628): 	at android.os.Binder.execTransact(Binder.java:674)
12-14 02:17:11.022 W/ActivityManager( 1628): Bad activity token: android.os.BinderProxy@2b6bc8c
12-14 02:17:11.022 W/ActivityManager( 1628): java.lang.ClassCastException: android.os.BinderProxy cannot be cast to com.android.server.am.ActivityRecord$Token
12-14 02:17:11.022 W/ActivityManager( 1628): 	at com.android.server.am.ActivityRecord.forTokenLocked(ActivityRecord.java:778)
12-14 02:17:11.022 W/ActivityManager( 1628): 	at com.android.server.am.ActivityRecord.isInStackLocked(ActivityRecord.java:2085)
12-14 02:17:11.022 W/ActivityManager( 1628): 	at com.android.server.am.ActivityRecord.getStackLocked(ActivityRecord.java:2090)
12-14 02:17:11.022 W/ActivityManager( 1628): 	at com.android.server.am.ActivityManagerService.getActivityStackId(ActivityManagerService.java:10417)
12-14 02:17:11.022 W/ActivityManager( 1628): 	at android.app.IActivityManager$Stub.onTransact(IActivityManager.java:3548)
12-14 02:17:11.022 W/ActivityManager( 1628): 	at com.android.server.am.ActivityManagerService.onTransact(ActivityManagerService.java:2935)
12-14 02:17:11.022 W/ActivityManager( 1628): 	at android.os.Binder.execTransact(Binder.java:674)
12-14 02:17:11.030 W/ActivityManager( 1628): Bad activity token: android.os.BinderProxy@2b6bc8c
12-14 02:17:11.030 W/ActivityManager( 1628): java.lang.ClassCastException: android.os.BinderProxy cannot be cast to com.android.server.am.ActivityRecord$Token
12-14 02:17:11.030 W/ActivityManager( 1628): 	at com.android.server.am.ActivityRecord.forTokenLocked(ActivityRecord.java:778)
12-14 02:17:11.030 W/ActivityManager( 1628): 	at com.android.server.am.ActivityRecord.isInStackLocked(ActivityRecord.java:2085)
12-14 02:17:11.030 W/ActivityManager( 1628): 	at com.android.server.am.ActivityManagerService.getActivityOptions(ActivityManagerService.java:13302)
12-14 02:17:11.030 W/ActivityManager( 1628): 	at android.app.IActivityManager$Stub.onTransact(IActivityManager.java:2910)
12-14 02:17:11.030 W/ActivityManager( 1628): 	at com.android.server.am.ActivityManagerService.onTransact(ActivityManagerService.java:2935)
12-14 02:17:11.030 W/ActivityManager( 1628): 	at android.os.Binder.execTransact(Binder.java:674)
12-14 02:17:11.030 W/ActivityManager( 1628): Bad activity token: android.os.BinderProxy@2b6bc8c
12-14 02:17:11.030 W/ActivityManager( 1628): java.lang.ClassCastException: android.os.BinderProxy cannot be cast to com.android.server.am.ActivityRecord$Token
12-14 02:17:11.030 W/ActivityManager( 1628): 	at com.android.server.am.ActivityRecord.forTokenLocked(ActivityRecord.java:778)
12-14 02:17:11.030 W/ActivityManager( 1628): 	at com.android.server.am.ActivityRecord.isInStackLocked(ActivityRecord.java:2085)
12-14 02:17:11.030 W/ActivityManager( 1628): 	at com.android.server.am.ActivityManagerService.getActivityOptions(ActivityManagerService.java:13302)
12-14 02:17:11.030 W/ActivityManager( 1628): 	at android.app.IActivityManager$Stub.onTransact(IActivityManager.java:2910)
12-14 02:17:11.030 W/ActivityManager( 1628): 	at com.android.server.am.ActivityManagerService.onTransact(ActivityManagerService.java:2935)
12-14 02:17:11.030 W/ActivityManager( 1628): 	at android.os.Binder.execTransact(Binder.java:674)
12-14 02:17:11.220 E/SurfaceFlinger( 1378): ro.sf.lcd_density must be defined as a build property
12-14 02:17:11.228 D/gralloc_ranchu( 1369): gralloc_alloc: Creating ashmem region of size 8298496
12-14 02:17:11.238 D/        ( 4615): HostConnection::get() New Host Connection established 0xb73af800, tid 4615
12-14 02:17:11.522 I/System.out( 4495): URI: //gesture
12-14 02:17:11.522 I/System.out( 4495): params: {json={"query_timeout":5.0,"gestures":[{"query_string":"android.widget.TabWidget descendant TextView index:2","touches":[{"x":50,"y":50,"offset_x":0,"offset_y":0,"wait":0.0,"time":0.2,"release":true,"query_string":null}]}]}
12-14 02:17:11.522 I/System.out( 4495): }
12-14 02:17:11.768 W/ActivityManager( 1628): Bad activity token: android.os.BinderProxy@85c75b7
12-14 02:17:11.768 W/ActivityManager( 1628): java.lang.ClassCastException: android.os.BinderProxy cannot be cast to com.android.server.am.ActivityRecord$Token
12-14 02:17:11.768 W/ActivityManager( 1628): 	at com.android.server.am.ActivityRecord.forTokenLocked(ActivityRecord.java:778)
12-14 02:17:11.768 W/ActivityManager( 1628): 	at com.android.server.am.ActivityRecord.isInStackLocked(ActivityRecord.java:2085)
12-14 02:17:11.768 W/ActivityManager( 1628): 	at com.android.server.am.ActivityRecord.getStackLocked(ActivityRecord.java:2090)
12-14 02:17:11.768 W/ActivityManager( 1628): 	at com.android.server.am.ActivityManagerService.getActivityDisplayId(ActivityManagerService.java:10406)
12-14 02:17:11.768 W/ActivityManager( 1628): 	at android.app.IActivityManager$Stub.onTransact(IActivityManager.java:2738)
12-14 02:17:11.768 W/ActivityManager( 1628): 	at com.android.server.am.ActivityManagerService.onTransact(ActivityManagerService.java:2935)
12-14 02:17:11.768 W/ActivityManager( 1628): 	at android.os.Binder.execTransact(Binder.java:674)
12-14 02:17:11.769 I/calabash( 4495): newActivity1
12-14 02:17:11.774 W/ActivityManager( 1628): Bad activity token: android.os.BinderProxy@85c75b7
12-14 02:17:11.774 W/ActivityManager( 1628): java.lang.ClassCastException: android.os.BinderProxy cannot be cast to com.android.server.am.ActivityRecord$Token
12-14 02:17:11.774 W/ActivityManager( 1628): 	at com.android.server.am.ActivityRecord.forTokenLocked(ActivityRecord.java:778)
12-14 02:17:11.774 W/ActivityManager( 1628): 	at com.android.server.am.ActivityRecord.isInStackLocked(ActivityRecord.java:2085)
12-14 02:17:11.774 W/ActivityManager( 1628): 	at com.android.server.am.ActivityManagerService.setTaskDescription(ActivityManagerService.java:9988)
12-14 02:17:11.774 W/ActivityManager( 1628): 	at android.app.IActivityManager$Stub.onTransact(IActivityManager.java:2824)
12-14 02:17:11.774 W/ActivityManager( 1628): 	at com.android.server.am.ActivityManagerService.onTransact(ActivityManagerService.java:2935)
12-14 02:17:11.774 W/ActivityManager( 1628): 	at android.os.Binder.execTransact(Binder.java:674)
12-14 02:17:11.776 W/ActivityManager( 1628): Bad activity token: android.os.BinderProxy@85c75b7
12-14 02:17:11.776 W/ActivityManager( 1628): java.lang.ClassCastException: android.os.BinderProxy cannot be cast to com.android.server.am.ActivityRecord$Token
12-14 02:17:11.776 W/ActivityManager( 1628): 	at com.android.server.am.ActivityRecord.forTokenLocked(ActivityRecord.java:778)
12-14 02:17:11.776 W/ActivityManager( 1628): 	at com.android.server.am.ActivityRecord.isInStackLocked(ActivityRecord.java:2085)
12-14 02:17:11.776 W/ActivityManager( 1628): 	at com.android.server.am.ActivityRecord.getStackLocked(ActivityRecord.java:2090)
12-14 02:17:11.776 W/ActivityManager( 1628): 	at com.android.server.am.ActivityManagerService.getActivityStackId(ActivityManagerService.java:10417)
12-14 02:17:11.776 W/ActivityManager( 1628): 	at android.app.IActivityManager$Stub.onTransact(IActivityManager.java:3548)
12-14 02:17:11.776 W/ActivityManager( 1628): 	at com.android.server.am.ActivityManagerService.onTransact(ActivityManagerService.java:2935)
12-14 02:17:11.776 W/ActivityManager( 1628): 	at android.os.Binder.execTransact(Binder.java:674)
12-14 02:17:11.806 D/VehicleStatisticsActivity( 4495): Checking recalculation ...
12-14 02:17:11.809 D/VehicleStatisticsActivity( 4495): Recalculation not necessary.
12-14 02:17:11.815 W/ActivityManager( 1628): Bad activity token: android.os.BinderProxy@85c75b7
12-14 02:17:11.815 W/ActivityManager( 1628): java.lang.ClassCastException: android.os.BinderProxy cannot be cast to com.android.server.am.ActivityRecord$Token
12-14 02:17:11.815 W/ActivityManager( 1628): 	at com.android.server.am.ActivityRecord.forTokenLocked(ActivityRecord.java:778)
12-14 02:17:11.815 W/ActivityManager( 1628): 	at com.android.server.am.ActivityRecord.isInStackLocked(ActivityRecord.java:2085)
12-14 02:17:11.815 W/ActivityManager( 1628): 	at com.android.server.am.ActivityManagerService.getActivityOptions(ActivityManagerService.java:13302)
12-14 02:17:11.815 W/ActivityManager( 1628): 	at android.app.IActivityManager$Stub.onTransact(IActivityManager.java:2910)
12-14 02:17:11.815 W/ActivityManager( 1628): 	at com.android.server.am.ActivityManagerService.onTransact(ActivityManagerService.java:2935)
12-14 02:17:11.815 W/ActivityManager( 1628): 	at android.os.Binder.execTransact(Binder.java:674)
12-14 02:17:11.817 W/ActivityManager( 1628): Bad activity token: android.os.BinderProxy@85c75b7
12-14 02:17:11.817 W/ActivityManager( 1628): java.lang.ClassCastException: android.os.BinderProxy cannot be cast to com.android.server.am.ActivityRecord$Token
12-14 02:17:11.817 W/ActivityManager( 1628): 	at com.android.server.am.ActivityRecord.forTokenLocked(ActivityRecord.java:778)
12-14 02:17:11.817 W/ActivityManager( 1628): 	at com.android.server.am.ActivityRecord.isInStackLocked(ActivityRecord.java:2085)
12-14 02:17:11.817 W/ActivityManager( 1628): 	at com.android.server.am.ActivityManagerService.getActivityOptions(ActivityManagerService.java:13302)
12-14 02:17:11.817 W/ActivityManager( 1628): 	at android.app.IActivityManager$Stub.onTransact(IActivityManager.java:2910)
12-14 02:17:11.817 W/ActivityManager( 1628): 	at com.android.server.am.ActivityManagerService.onTransact(ActivityManagerService.java:2935)
12-14 02:17:11.817 W/ActivityManager( 1628): 	at android.os.Binder.execTransact(Binder.java:674)
12-14 02:17:11.822 D/VehicleStatisticsActivity( 4495): Checking recalculation ...
12-14 02:17:11.824 D/VehicleStatisticsActivity( 4495): Recalculation not necessary.
12-14 02:17:11.906 I/zygote  ( 4495): Do full code cache collection, code=440KB, data=310KB
12-14 02:17:11.906 I/zygote  ( 4495): After code cache collection, code=425KB, data=248KB
12-14 02:17:12.028 E/SurfaceFlinger( 1378): ro.sf.lcd_density must be defined as a build property
12-14 02:17:12.035 D/gralloc_ranchu( 1369): gralloc_alloc: Creating ashmem region of size 8298496
12-14 02:17:12.044 D/        ( 4621): HostConnection::get() New Host Connection established 0xab2af800, tid 4621
12-14 02:17:12.140 W/RemoteFillService( 1628): Not handling { when=-1ms what=3 target=com.android.internal.os.HandlerCaller$MyHandler } as service for ComponentInfo{com.google.android.gms/com.google.android.gms.autofill.service.AutofillService} is already destroyed
12-14 02:17:12.285 E/memtrack( 1628): Couldn't load memtrack module
12-14 02:17:12.285 W/android.os.Debug( 1628): failed to get memory consumption info: -1
12-14 02:17:12.336 I/System.out( 4495): URI: //gesture
12-14 02:17:12.336 I/System.out( 4495): params: {json={"query_timeout":5.0,"gestures":[{"query_string":"android.widget.TabWidget descendant TextView index:0","touches":[{"x":50,"y":50,"offset_x":0,"offset_y":0,"wait":0.0,"time":0.2,"release":true,"query_string":null}]}]}
12-14 02:17:12.336 I/System.out( 4495): }
12-14 02:17:12.701 W/View    ( 4495): dispatchProvideAutofillStructure(): not laid out, ignoring
12-14 02:17:12.703 I/chatty  ( 4495): uid=10338(u0_a338) com.evancharlton.mileage identical 3 lines
12-14 02:17:12.703 W/View    ( 4495): dispatchProvideAutofillStructure(): not laid out, ignoring
12-14 02:17:12.703 W/Binder  ( 1628): Outgoing transactions from this process must be FLAG_ONEWAY
12-14 02:17:12.703 W/Binder  ( 1628): java.lang.Throwable
12-14 02:17:12.703 W/Binder  ( 1628): 	at android.os.BinderProxy.transact(Binder.java:736)
12-14 02:17:12.703 W/Binder  ( 1628): 	at android.app.assist.AssistStructure$ParcelTransferReader.fetchData(AssistStructure.java:407)
12-14 02:17:12.703 W/Binder  ( 1628): 	at android.app.assist.AssistStructure$ParcelTransferReader.go(AssistStructure.java:343)
12-14 02:17:12.703 W/Binder  ( 1628): 	at android.app.assist.AssistStructure.ensureData(AssistStructure.java:2096)
12-14 02:17:12.703 W/Binder  ( 1628): 	at com.android.server.autofill.Session$1.send(Session.java:200)
12-14 02:17:12.703 W/Binder  ( 1628): 	at com.android.server.am.ActivityManagerService.reportAssistContextExtras(ActivityManagerService.java:13137)
12-14 02:17:12.703 W/Binder  ( 1628): 	at android.app.IActivityManager$Stub.onTransact(IActivityManager.java:2466)
12-14 02:17:12.703 W/Binder  ( 1628): 	at com.android.server.am.ActivityManagerService.onTransact(ActivityManagerService.java:2935)
12-14 02:17:12.703 W/Binder  ( 1628): 	at android.os.Binder.execTransact(Binder.java:674)
12-14 02:17:12.710 I/AssistStructure( 4495): Flattened final assist data: 10960 bytes, containing 1 windows, 49 views
12-14 02:17:12.722 I/AssistStructure( 1628): Flattened final assist data: 9988 bytes, containing 1 windows, 49 views
12-14 02:17:12.724 W/lgq     ( 1941): Pending fill request while another request in the same session was triggered. [CONTEXT service_id=177 ]
12-14 02:17:12.838 E/SurfaceFlinger( 1378): ro.sf.lcd_density must be defined as a build property
12-14 02:17:12.848 D/gralloc_ranchu( 1369): gralloc_alloc: Creating ashmem region of size 8298496
12-14 02:17:12.857 D/        ( 4627): HostConnection::get() New Host Connection established 0xb172f800, tid 4627
