--------- beginning of main
12-14 02:41:28.555 D/AndroidRuntime( 4376): >>>>>> START com.android.internal.os.RuntimeInit uid 2000 <<<<<<
12-14 02:41:28.587 W/app_process( 4376): Unexpected CPU variant for X86 using defaults: x86
12-14 02:41:28.600 D/AndroidRuntime( 4376): Calling main entry com.android.commands.am.Am
--------- beginning of system
12-14 02:41:28.603 I/ActivityManager( 1628): Force stopping com.evancharlton.mileage appid=10364 user=0: start instr
12-14 02:41:28.603 I/ActivityManager( 1628): Killing 4354:com.evancharlton.mileage/u0a364 (adj 0): stop com.evancharlton.mileage
12-14 02:41:28.605 W/ActivityManager( 1628): Crash of app com.evancharlton.mileage running instrumentation ComponentInfo{com.evancharlton.mileage.test/sh.calaba.instrumentationbackend.ClearAppData2}
12-14 02:41:28.605 I/ActivityManager( 1628): Force stopping com.evancharlton.mileage appid=10364 user=0: finished inst
12-14 02:41:28.610 I/zygote  ( 4386): Not late-enabling -Xcheck:jni (already on)
12-14 02:41:28.617 I/ActivityManager( 1628): Start proc 4386:com.evancharlton.mileage/u0a364 for added application com.evancharlton.mileage
12-14 02:41:28.618 D/AndroidRuntime( 4376): Shutting down VM
12-14 02:41:28.622 W/zygote  ( 4386): Unexpected CPU variant for X86 using defaults: x86
12-14 02:41:28.636 E/adbd    ( 1382): failed to connect to socket 'tcp:7102': Connection refused
12-14 02:41:28.640 E/adbd    ( 1382): failed to connect to socket 'tcp:7102': Connection refused
12-14 02:41:28.650 W/zygote  ( 4386): Found duplicate classes, falling back to extracting from APK : /data/app/com.evancharlton.mileage.test-zg3gzAtw5F7lh83mbQ0ksQ==/base.apk
12-14 02:41:28.650 W/zygote  ( 4386): NOTE: This wastes RAM and hurts startup performance.
12-14 02:41:28.650 W/zygote  ( 4386): Found duplicated class when checking oat files: 'Ljunit/runner/BaseTestRunner;' in /data/app/com.evancharlton.mileage.test-zg3gzAtw5F7lh83mbQ0ksQ==/base.apk and /system/framework/android.test.runner.jar
12-14 02:41:28.650 W/zygote  ( 4386): 
12-14 02:41:28.681 W/System  ( 4386): ClassLoader referenced unknown path: 
12-14 02:41:28.693 I/System.out( 4386): Main activity name automatically set to: com.evancharlton.mileage.Mileage
12-14 02:41:28.694 I/System.out( 4386): Calabash did not load Mono. This is only a problem if you are trying to test a Mono application
12-14 02:41:28.694 I/calabash( 4386): Test server port: 7102
12-14 02:41:28.696 I/InstrumentationBackend( 4386): Added:'GetPreferences', with key:'get_preferences'
12-14 02:41:28.753 I/InstrumentationBackend( 4386): Added:'SetPreferences', with key:'set_preferences'
12-14 02:41:28.755 I/InstrumentationBackend( 4386): Added:'ClearPreferences', with key:'clear_preferences'
12-14 02:41:28.755 E/adbd    ( 1382): failed to connect to socket 'tcp:7102': Connection refused
12-14 02:41:28.756 I/InstrumentationBackend( 4386): Added:'PressElement', with key:'press_l10n_element'
12-14 02:41:28.756 I/InstrumentationBackend( 4386): Added:'WaitForElement', with key:'wait_for_l10n_element'
12-14 02:41:28.757 E/adbd    ( 1382): failed to connect to socket 'tcp:7102': Connection refused
12-14 02:41:28.758 I/InstrumentationBackend( 4386): Added:'NullAction', with key:'nullAction'
12-14 02:41:28.759 I/InstrumentationBackend( 4386): Added:'PressKey', with key:'press_key'
12-14 02:41:28.759 I/InstrumentationBackend( 4386): Added:'SetActivityOrientation', with key:'set_activity_orientation'
12-14 02:41:28.759 I/InstrumentationBackend( 4386): Added:'GetActivityOrientation', with key:'get_activity_orientation'
12-14 02:41:28.760 I/InstrumentationBackend( 4386): Added:'FakeGPSLocation', with key:'set_gps_coordinates'
12-14 02:41:28.760 I/InstrumentationBackend( 4386): Added:'SetPropertyByCssSelector', with key:'set_property_by_css_selector'
12-14 02:41:28.761 I/InstrumentationBackend( 4386): Added:'GetUrl', with key:'get_url'
12-14 02:41:28.763 I/InstrumentationBackend( 4386): Added:'ScrollTo', with key:'scroll_to'
12-14 02:41:28.763 I/InstrumentationBackend( 4386): Added:'GetLoadProgress', with key:'get_load_progress'
12-14 02:41:28.764 I/InstrumentationBackend( 4386): Added:'DumpHtml', with key:'dump_html'
12-14 02:41:28.764 I/InstrumentationBackend( 4386): Added:'DumpBodyHtml', with key:'dump_body_html'
12-14 02:41:28.764 I/InstrumentationBackend( 4386): Added:'EnterTextByCssSelector', with key:'enter_text_by_selector'
12-14 02:41:28.768 I/InstrumentationBackend( 4386): Added:'AndroidSDKVersion', with key:'android_sdk_version'
12-14 02:41:28.768 I/InstrumentationBackend( 4386): Added:'Version', with key:'version'
12-14 02:41:28.769 I/InstrumentationBackend( 4386): Added:'Drag', with key:'drag'
12-14 02:41:28.769 I/InstrumentationBackend( 4386): Added:'TouchCoordinates', with key:'touch_coordinate'
12-14 02:41:28.769 I/InstrumentationBackend( 4386): Added:'LongPressCoordinate', with key:'long_press_coordinate'
12-14 02:41:28.769 I/InstrumentationBackend( 4386): Added:'DragCoordinates', with key:'drag_coordinates'
12-14 02:41:28.770 I/InstrumentationBackend( 4386): Added:'ResumeApplication', with key:'resume_application'
12-14 02:41:28.770 I/InstrumentationBackend( 4386): Added:'Swipe', with key:'swipe'
12-14 02:41:28.770 I/InstrumentationBackend( 4386): Added:'DoubleTapCoordinate', with key:'double_tap_coordinate'
12-14 02:41:28.771 I/InstrumentationBackend( 4386): Added:'ClickOnScreen', with key:'click_on_screen'
12-14 02:41:28.772 I/InstrumentationBackend( 4386): Added:'GetActivityName', with key:'get_activity_name'
12-14 02:41:28.772 I/InstrumentationBackend( 4386): Added:'ScrollToView', with key:'scroll_to_view'
12-14 02:41:28.773 I/InstrumentationBackend( 4386): Added:'ViewConfiguration', with key:'view_configuration'
12-14 02:41:28.773 I/InstrumentationBackend( 4386): Added:'IsCurrentActivityFocused', with key:'is_current_activity_focused'
12-14 02:41:28.774 I/InstrumentationBackend( 4386): Added:'SendTcp', with key:'send_tcp'
12-14 02:41:28.774 I/InstrumentationBackend( 4386): Added:'DpToDevicePixel', with key:'dp_to_device_pixel'
12-14 02:41:28.775 I/InstrumentationBackend( 4386): Added:'KeyboardEnterText', with key:'keyboard_enter_text'
12-14 02:41:28.775 I/InstrumentationBackend( 4386): Added:'DeleteSurroundingText', with key:'delete_surrounding_text'
12-14 02:41:28.776 I/InstrumentationBackend( 4386): Added:'SetComposingRegion', with key:'set_composing_region'
12-14 02:41:28.776 I/InstrumentationBackend( 4386): Added:'SetSelection', with key:'set_selection'
12-14 02:41:28.776 I/InstrumentationBackend( 4386): Added:'KeyboardKeyEvent', with key:'keyboard_key_event'
12-14 02:41:28.777 I/InstrumentationBackend( 4386): Added:'PressUserActionButton', with key:'press_user_action_button'
12-14 02:41:28.778 I/InstrumentationBackend( 4386): Added:'HideSoftKeyboard', with key:'hide_soft_keyboard'
12-14 02:41:28.779 I/InstrumentationBackend( 4386): Added:'ListActions', with key:'list_actions'
12-14 02:41:28.779 I/calabash( 4386): Instantiating http server at 7102
12-14 02:41:28.779 I/System.out( 4386): HTTP Daemon listening on: 7102
12-14 02:41:28.879 I/System.out( 4386): URI: //ping
12-14 02:41:28.880 I/System.out( 4386): params: {json={}
12-14 02:41:28.880 I/System.out( 4386): }
12-14 02:41:28.892 I/System.out( 4386): URI: //ping
12-14 02:41:28.892 I/System.out( 4386): params: {json={}
12-14 02:41:28.892 I/System.out( 4386): }
12-14 02:41:28.899 I/System.out( 4386): URI: //ready
12-14 02:41:28.900 I/System.out( 4386): params: {json={}
12-14 02:41:28.900 I/System.out( 4386): }
12-14 02:41:28.906 I/System.out( 4386): URI: //
12-14 02:41:28.906 I/System.out( 4386): params: {json={"command":"version","arguments":[]}
12-14 02:41:28.906 I/System.out( 4386): }
12-14 02:41:28.906 I/System.out( 4386): header: {content-type=application/json;charset=utf-8, date=Mon, 14 Dec 2020 07:41:29 GMT, accept=*/*, host=127.0.0.1:34777, content-length=36, user-agent=HTTPClient/1.0 (2.8.3, ruby 2.5.8 (2020-03-31))}
12-14 02:41:28.906 I/System.out( 4386): params: {json={"command":"version","arguments":[]}
12-14 02:41:28.907 I/System.out( 4386): }
12-14 02:41:28.907 I/System.out( 4386): ProP json = {"command":"version","arguments":[]}
12-14 02:41:28.907 I/System.out( 4386): files: {}
12-14 02:41:28.907 I/System.out( 4386): command: {"command":"version","arguments":[]}
12-14 02:41:28.937 I/InstrumentationBackend( 4386): Got command:'Command:'Line:null,version', arguments:'[]'
12-14 02:41:28.970 I/System.out( 4386): result:{"bonusInformation":[],"message":"0.9.8","success":true}
12-14 02:41:28.976 I/System.out( 4386): URI: //start-application
12-14 02:41:28.976 I/System.out( 4386): params: {json={"intent":null}
12-14 02:41:28.976 I/System.out( 4386): }
12-14 02:41:29.013 I/ActivityManager( 1628): START u0 {act=android.intent.action.MAIN cat=[android.intent.category.LAUNCHER] flg=0x10200000 cmp=com.evancharlton.mileage/.Mileage} from uid 10364
12-14 02:41:29.026 I/calabash( 4386): newActivity1
12-14 02:41:29.051 W/ActivityManager( 1628): Bad activity token: android.os.BinderProxy@e7000ad
12-14 02:41:29.051 W/ActivityManager( 1628): java.lang.ClassCastException: android.os.BinderProxy cannot be cast to com.android.server.am.ActivityRecord$Token
12-14 02:41:29.051 W/ActivityManager( 1628): 	at com.android.server.am.ActivityRecord.forTokenLocked(ActivityRecord.java:778)
12-14 02:41:29.051 W/ActivityManager( 1628): 	at com.android.server.am.ActivityRecord.isInStackLocked(ActivityRecord.java:2085)
12-14 02:41:29.051 W/ActivityManager( 1628): 	at com.android.server.am.ActivityRecord.getStackLocked(ActivityRecord.java:2090)
12-14 02:41:29.051 W/ActivityManager( 1628): 	at com.android.server.am.ActivityManagerService.getActivityDisplayId(ActivityManagerService.java:10406)
12-14 02:41:29.051 W/ActivityManager( 1628): 	at android.app.IActivityManager$Stub.onTransact(IActivityManager.java:2738)
12-14 02:41:29.051 W/ActivityManager( 1628): 	at com.android.server.am.ActivityManagerService.onTransact(ActivityManagerService.java:2935)
12-14 02:41:29.051 W/ActivityManager( 1628): 	at android.os.Binder.execTransact(Binder.java:674)
12-14 02:41:29.052 I/calabash( 4386): newActivity1
12-14 02:41:29.056 D/gralloc_ranchu( 1395): gralloc_alloc: Creating ashmem region of size 7753728
12-14 02:41:29.060 W/ActivityManager( 1628): Bad activity token: android.os.BinderProxy@e7000ad
12-14 02:41:29.060 W/ActivityManager( 1628): java.lang.ClassCastException: android.os.BinderProxy cannot be cast to com.android.server.am.ActivityRecord$Token
12-14 02:41:29.060 W/ActivityManager( 1628): 	at com.android.server.am.ActivityRecord.forTokenLocked(ActivityRecord.java:778)
12-14 02:41:29.060 W/ActivityManager( 1628): 	at com.android.server.am.ActivityRecord.isInStackLocked(ActivityRecord.java:2085)
12-14 02:41:29.060 W/ActivityManager( 1628): 	at com.android.server.am.ActivityManagerService.setTaskDescription(ActivityManagerService.java:9988)
12-14 02:41:29.060 W/ActivityManager( 1628): 	at android.app.IActivityManager$Stub.onTransact(IActivityManager.java:2824)
12-14 02:41:29.060 W/ActivityManager( 1628): 	at com.android.server.am.ActivityManagerService.onTransact(ActivityManagerService.java:2935)
12-14 02:41:29.060 W/ActivityManager( 1628): 	at android.os.Binder.execTransact(Binder.java:674)
12-14 02:41:29.061 W/ActivityManager( 1628): Bad activity token: android.os.BinderProxy@e7000ad
12-14 02:41:29.061 W/ActivityManager( 1628): java.lang.ClassCastException: android.os.BinderProxy cannot be cast to com.android.server.am.ActivityRecord$Token
12-14 02:41:29.061 W/ActivityManager( 1628): 	at com.android.server.am.ActivityRecord.forTokenLocked(ActivityRecord.java:778)
12-14 02:41:29.061 W/ActivityManager( 1628): 	at com.android.server.am.ActivityRecord.isInStackLocked(ActivityRecord.java:2085)
12-14 02:41:29.061 W/ActivityManager( 1628): 	at com.android.server.am.ActivityRecord.getStackLocked(ActivityRecord.java:2090)
12-14 02:41:29.061 W/ActivityManager( 1628): 	at com.android.server.am.ActivityManagerService.getActivityStackId(ActivityManagerService.java:10417)
12-14 02:41:29.061 W/ActivityManager( 1628): 	at android.app.IActivityManager$Stub.onTransact(IActivityManager.java:3548)
12-14 02:41:29.061 W/ActivityManager( 1628): 	at com.android.server.am.ActivityManagerService.onTransact(ActivityManagerService.java:2935)
12-14 02:41:29.061 W/ActivityManager( 1628): 	at android.os.Binder.execTransact(Binder.java:674)
12-14 02:41:29.106 D/EGL_emulation( 2212): eglMakeCurrent: 0xa4cb2e20: ver 3 0 (tinfo 0xa4c8b060)
12-14 02:41:29.111 V/StatusBar( 1730): setLightsOn(true)
12-14 02:41:29.115 D/EGL_emulation( 2169): eglMakeCurrent: 0x98f46f60: ver 3 0 (tinfo 0x990ff810)
12-14 02:41:29.125 D/EGL_emulation( 1730): eglMakeCurrent: 0x8806e460: ver 3 0 (tinfo 0x88065d90)
12-14 02:41:29.126 V/StatusBar( 1730): setLightsOn(true)
12-14 02:41:29.149 E/ContentStoreEUAS( 2212): Failed to commit the deferred actions
12-14 02:41:29.151 D/EGL_emulation( 1730): eglMakeCurrent: 0x8806e460: ver 3 0 (tinfo 0x88065d90)
12-14 02:41:29.152 D/FillupsProvider( 4386): Creating database
12-14 02:41:29.155 D/EGL_emulation( 1730): eglMakeCurrent: 0x8806e460: ver 3 0 (tinfo 0x88065d90)
12-14 02:41:29.156 V/StatusBar( 1730): setLightsOn(true)
12-14 02:41:29.159 D/EGL_emulation( 1730): eglMakeCurrent: 0x8806e460: ver 3 0 (tinfo 0x88065d90)
12-14 02:41:29.195 I/chatty  ( 1730): uid=10028(u0_a28) RenderThread identical 3 lines
12-14 02:41:29.200 D/EGL_emulation( 1730): eglMakeCurrent: 0x8806e460: ver 3 0 (tinfo 0x88065d90)
12-14 02:41:29.206 I/zygote  ( 4386): Do partial code cache collection, code=29KB, data=21KB
12-14 02:41:29.207 I/zygote  ( 4386): After code cache collection, code=29KB, data=21KB
12-14 02:41:29.207 I/zygote  ( 4386): Increasing code cache capacity to 128KB
12-14 02:41:29.212 D/EGL_emulation( 1730): eglMakeCurrent: 0x8806e460: ver 3 0 (tinfo 0x88065d90)
12-14 02:41:29.318 W/ActivityManager( 1628): Bad activity token: android.os.BinderProxy@e7000ad
12-14 02:41:29.318 W/ActivityManager( 1628): java.lang.ClassCastException: android.os.BinderProxy cannot be cast to com.android.server.am.ActivityRecord$Token
12-14 02:41:29.318 W/ActivityManager( 1628): 	at com.android.server.am.ActivityRecord.forTokenLocked(ActivityRecord.java:778)
12-14 02:41:29.318 W/ActivityManager( 1628): 	at com.android.server.am.ActivityRecord.isInStackLocked(ActivityRecord.java:2085)
12-14 02:41:29.318 W/ActivityManager( 1628): 	at com.android.server.am.ActivityManagerService.getActivityOptions(ActivityManagerService.java:13302)
12-14 02:41:29.318 W/ActivityManager( 1628): 	at android.app.IActivityManager$Stub.onTransact(IActivityManager.java:2910)
12-14 02:41:29.318 W/ActivityManager( 1628): 	at com.android.server.am.ActivityManagerService.onTransact(ActivityManagerService.java:2935)
12-14 02:41:29.318 W/ActivityManager( 1628): 	at android.os.Binder.execTransact(Binder.java:674)
12-14 02:41:29.321 W/ActivityManager( 1628): Bad activity token: android.os.BinderProxy@e7000ad
12-14 02:41:29.321 W/ActivityManager( 1628): java.lang.ClassCastException: android.os.BinderProxy cannot be cast to com.android.server.am.ActivityRecord$Token
12-14 02:41:29.321 W/ActivityManager( 1628): 	at com.android.server.am.ActivityRecord.forTokenLocked(ActivityRecord.java:778)
12-14 02:41:29.321 W/ActivityManager( 1628): 	at com.android.server.am.ActivityRecord.isInStackLocked(ActivityRecord.java:2085)
12-14 02:41:29.321 W/ActivityManager( 1628): 	at com.android.server.am.ActivityManagerService.getActivityOptions(ActivityManagerService.java:13302)
12-14 02:41:29.321 W/ActivityManager( 1628): 	at android.app.IActivityManager$Stub.onTransact(IActivityManager.java:2910)
12-14 02:41:29.321 W/ActivityManager( 1628): 	at com.android.server.am.ActivityManagerService.onTransact(ActivityManagerService.java:2935)
12-14 02:41:29.321 W/ActivityManager( 1628): 	at android.os.Binder.execTransact(Binder.java:674)
12-14 02:41:29.333 I/chatty  ( 1730): uid=10028(u0_a28) RenderThread identical 14 lines
12-14 02:41:29.344 D/EGL_emulation( 1730): eglMakeCurrent: 0x8806e460: ver 3 0 (tinfo 0x88065d90)
12-14 02:41:29.423 V/StatusBar( 1730): setLightsOn(true)
12-14 02:41:29.487 I/chatty  ( 1730): uid=10028(u0_a28) com.android.systemui identical 2 lines
12-14 02:41:29.491 V/StatusBar( 1730): setLightsOn(true)
12-14 02:41:29.497 I/zygote  ( 4386): Do partial code cache collection, code=43KB, data=57KB
12-14 02:41:29.497 I/zygote  ( 4386): After code cache collection, code=43KB, data=57KB
12-14 02:41:29.497 I/zygote  ( 4386): Increasing code cache capacity to 256KB
12-14 02:41:29.498 I/zygote  ( 4386): JIT allocated 71KB for compiled code of void android.widget.TextView.<init>(android.content.Context, android.util.AttributeSet, int, int)
12-14 02:41:29.498 I/zygote  ( 4386): Compiler allocated 4MB to compile void android.widget.TextView.<init>(android.content.Context, android.util.AttributeSet, int, int)
12-14 02:41:29.527 D/gralloc_ranchu( 1395): gralloc_alloc: Creating ashmem region of size 7753728
12-14 02:41:29.532 I/zygote  ( 4386): Do full code cache collection, code=123KB, data=69KB
12-14 02:41:29.532 I/zygote  ( 4386): After code cache collection, code=85KB, data=36KB
12-14 02:41:29.545 V/StatusBar( 1730): setLightsOn(true)
12-14 02:41:29.547 D/        ( 4386): HostConnection::get() New Host Connection established 0x98cb0d80, tid 4386
12-14 02:41:29.593 V/StatusBar( 1730): setLightsOn(true)
12-14 02:41:29.595 V/StatusBar( 1730): setLightsOn(true)
12-14 02:41:29.596 I/ActivityManager( 1628): Displayed com.evancharlton.mileage/.Mileage: +577ms
12-14 02:41:29.598 V/StatusBar( 1730): setLightsOn(true)
12-14 02:41:29.618 D/gralloc_ranchu( 1395): gralloc_alloc: Creating ashmem region of size 7753728
12-14 02:41:29.624 V/StatusBar( 1730): setLightsOn(true)
12-14 02:41:29.785 I/chatty  ( 1730): uid=10028(u0_a28) com.android.systemui identical 1 line
12-14 02:41:29.807 V/StatusBar( 1730): setLightsOn(true)
12-14 02:41:29.827 I/System.out( 4386): URI: //
12-14 02:41:29.827 I/System.out( 4386): params: {json={"command":"set_activity_orientation","arguments":["landscape"]}
12-14 02:41:29.827 I/System.out( 4386): }
12-14 02:41:29.827 I/System.out( 4386): header: {content-type=application/json;charset=utf-8, date=Mon, 14 Dec 2020 07:41:30 GMT, accept=*/*, host=127.0.0.1:34777, content-length=64, user-agent=HTTPClient/1.0 (2.8.3, ruby 2.5.8 (2020-03-31))}
12-14 02:41:29.828 I/System.out( 4386): params: {json={"command":"set_activity_orientation","arguments":["landscape"]}
12-14 02:41:29.828 I/System.out( 4386): }
12-14 02:41:29.828 I/System.out( 4386): ProP json = {"command":"set_activity_orientation","arguments":["landscape"]}
12-14 02:41:29.828 I/System.out( 4386): files: {}
12-14 02:41:29.828 I/System.out( 4386): command: {"command":"set_activity_orientation","arguments":["landscape"]}
12-14 02:41:29.831 I/InstrumentationBackend( 4386): Got command:'Command:'Line:null,set_activity_orientation', arguments:'[landscape]'
12-14 02:41:29.833 D/gralloc_ranchu( 1395): gralloc_alloc: Creating ashmem region of size 8298496
12-14 02:41:29.897 W/LocalDisplayAdapter( 1628): Unable to find color mode 0, ignoring request.
12-14 02:41:29.911 I/ActivityManager( 1628): Config changes=480 {1.0 310mcc260mnc [en_US] ldltr sw411dp w683dp h387dp 420dpi nrml land finger qwerty/v/v -nav/h appBounds=Rect(0, 0 - 1794, 1080) s.7}
12-14 02:41:29.917 I/InputReader( 1628): Reconfiguring input devices.  changes=0x00000004
12-14 02:41:29.917 I/InputReader( 1628): Device reconfigured: id=0, name='qwerty2', size 1080x1920, orientation 1, mode 1, display id 0
12-14 02:41:29.917 I/InputReader( 1628): Reconfiguring input devices.  changes=0x00000004
12-14 02:41:29.918 I/InputReader( 1628): Reconfiguring input devices.  changes=0x00000004
12-14 02:41:29.961 I/ActivityManager( 1628): Override config changes=480 {1.0 310mcc260mnc [en_US] ldltr sw411dp w683dp h387dp 420dpi nrml land finger qwerty/v/v -nav/h appBounds=Rect(0, 0 - 1794, 1080) s.7} for displayId=0
12-14 02:41:29.991 E/memtrack( 1628): Couldn't load memtrack module
12-14 02:41:29.991 W/android.os.Debug( 1628): failed to get memory consumption info: -1
12-14 02:41:30.028 I/calabash( 4386): newActivity1
12-14 02:41:30.053 D/gralloc_ranchu( 1395): gralloc_alloc: Creating ashmem region of size 544768
12-14 02:41:30.065 D/NuPlayerDriver( 1483): NuPlayerDriver(0xaba29620) created, clientPid(1730)
12-14 02:41:30.071 D/EGL_emulation( 1730): eglMakeCurrent: 0x8806e460: ver 3 0 (tinfo 0x88065d90)
12-14 02:41:30.071 W/ActivityManager( 1628): Bad activity token: android.os.BinderProxy@8ff92b7
12-14 02:41:30.071 W/ActivityManager( 1628): java.lang.ClassCastException: android.os.BinderProxy cannot be cast to com.android.server.am.ActivityRecord$Token
12-14 02:41:30.071 W/ActivityManager( 1628): 	at com.android.server.am.ActivityRecord.forTokenLocked(ActivityRecord.java:778)
12-14 02:41:30.071 W/ActivityManager( 1628): 	at com.android.server.am.ActivityRecord.isInStackLocked(ActivityRecord.java:2085)
12-14 02:41:30.071 W/ActivityManager( 1628): 	at com.android.server.am.ActivityRecord.getStackLocked(ActivityRecord.java:2090)
12-14 02:41:30.071 W/ActivityManager( 1628): 	at com.android.server.am.ActivityManagerService.getActivityDisplayId(ActivityManagerService.java:10406)
12-14 02:41:30.071 W/ActivityManager( 1628): 	at android.app.IActivityManager$Stub.onTransact(IActivityManager.java:2738)
12-14 02:41:30.071 W/ActivityManager( 1628): 	at com.android.server.am.ActivityManagerService.onTransact(ActivityManagerService.java:2935)
12-14 02:41:30.071 W/ActivityManager( 1628): 	at android.os.Binder.execTransact(Binder.java:674)
12-14 02:41:30.073 I/calabash( 4386): newActivity1
12-14 02:41:30.077 D/gralloc_ranchu( 1395): gralloc_alloc: Creating ashmem region of size 544768
12-14 02:41:30.080 W/ActivityManager( 1628): Bad activity token: android.os.BinderProxy@8ff92b7
12-14 02:41:30.080 W/ActivityManager( 1628): java.lang.ClassCastException: android.os.BinderProxy cannot be cast to com.android.server.am.ActivityRecord$Token
12-14 02:41:30.080 W/ActivityManager( 1628): 	at com.android.server.am.ActivityRecord.forTokenLocked(ActivityRecord.java:778)
12-14 02:41:30.080 W/ActivityManager( 1628): 	at com.android.server.am.ActivityRecord.isInStackLocked(ActivityRecord.java:2085)
12-14 02:41:30.080 W/ActivityManager( 1628): 	at com.android.server.am.ActivityManagerService.setTaskDescription(ActivityManagerService.java:9988)
12-14 02:41:30.080 W/ActivityManager( 1628): 	at android.app.IActivityManager$Stub.onTransact(IActivityManager.java:2824)
12-14 02:41:30.080 W/ActivityManager( 1628): 	at com.android.server.am.ActivityManagerService.onTransact(ActivityManagerService.java:2935)
12-14 02:41:30.080 W/ActivityManager( 1628): 	at android.os.Binder.execTransact(Binder.java:674)
12-14 02:41:30.081 W/ActivityManager( 1628): Bad activity token: android.os.BinderProxy@8ff92b7
12-14 02:41:30.081 W/ActivityManager( 1628): java.lang.ClassCastException: android.os.BinderProxy cannot be cast to com.android.server.am.ActivityRecord$Token
12-14 02:41:30.081 W/ActivityManager( 1628): 	at com.android.server.am.ActivityRecord.forTokenLocked(ActivityRecord.java:778)
12-14 02:41:30.081 W/ActivityManager( 1628): 	at com.android.server.am.ActivityRecord.isInStackLocked(ActivityRecord.java:2085)
12-14 02:41:30.081 W/ActivityManager( 1628): 	at com.android.server.am.ActivityRecord.getStackLocked(ActivityRecord.java:2090)
12-14 02:41:30.081 W/ActivityManager( 1628): 	at com.android.server.am.ActivityManagerService.getActivityStackId(ActivityManagerService.java:10417)
12-14 02:41:30.081 W/ActivityManager( 1628): 	at android.app.IActivityManager$Stub.onTransact(IActivityManager.java:3548)
12-14 02:41:30.081 W/ActivityManager( 1628): 	at com.android.server.am.ActivityManagerService.onTransact(ActivityManagerService.java:2935)
12-14 02:41:30.081 W/ActivityManager( 1628): 	at android.os.Binder.execTransact(Binder.java:674)
12-14 02:41:30.088 D/EGL_emulation( 1730): eglMakeCurrent: 0x8806e460: ver 3 0 (tinfo 0x88065d90)
12-14 02:41:30.108 D/GenericSource( 1483): FileSource remote
12-14 02:41:30.128 D/NuPlayerDriver( 1483): notifyListener_l(0xaba29620), (1, 0, 0, -1), loop setting(0, 0)
12-14 02:41:30.151 W/ActivityManager( 1628): Bad activity token: android.os.BinderProxy@8ff92b7
12-14 02:41:30.151 W/ActivityManager( 1628): java.lang.ClassCastException: android.os.BinderProxy cannot be cast to com.android.server.am.ActivityRecord$Token
12-14 02:41:30.151 W/ActivityManager( 1628): 	at com.android.server.am.ActivityRecord.forTokenLocked(ActivityRecord.java:778)
12-14 02:41:30.151 W/ActivityManager( 1628): 	at com.android.server.am.ActivityRecord.isInStackLocked(ActivityRecord.java:2085)
12-14 02:41:30.151 W/ActivityManager( 1628): 	at com.android.server.am.ActivityManagerService.getActivityOptions(ActivityManagerService.java:13302)
12-14 02:41:30.151 W/ActivityManager( 1628): 	at android.app.IActivityManager$Stub.onTransact(IActivityManager.java:2910)
12-14 02:41:30.151 W/ActivityManager( 1628): 	at com.android.server.am.ActivityManagerService.onTransact(ActivityManagerService.java:2935)
12-14 02:41:30.151 W/ActivityManager( 1628): 	at android.os.Binder.execTransact(Binder.java:674)
12-14 02:41:30.154 W/ActivityManager( 1628): Bad activity token: android.os.BinderProxy@8ff92b7
12-14 02:41:30.154 W/ActivityManager( 1628): java.lang.ClassCastException: android.os.BinderProxy cannot be cast to com.android.server.am.ActivityRecord$Token
12-14 02:41:30.154 W/ActivityManager( 1628): 	at com.android.server.am.ActivityRecord.forTokenLocked(ActivityRecord.java:778)
12-14 02:41:30.154 W/ActivityManager( 1628): 	at com.android.server.am.ActivityRecord.isInStackLocked(ActivityRecord.java:2085)
12-14 02:41:30.154 W/ActivityManager( 1628): 	at com.android.server.am.ActivityManagerService.getActivityOptions(ActivityManagerService.java:13302)
12-14 02:41:30.154 W/ActivityManager( 1628): 	at android.app.IActivityManager$Stub.onTransact(IActivityManager.java:2910)
12-14 02:41:30.154 W/ActivityManager( 1628): 	at com.android.server.am.ActivityManagerService.onTransact(ActivityManagerService.java:2935)
12-14 02:41:30.154 W/ActivityManager( 1628): 	at android.os.Binder.execTransact(Binder.java:674)
12-14 02:41:30.169 I/MediaFocusControl( 1628):  AudioFocus  requestAudioFocus() from uid/pid 10028/1730 clientId=android.media.AudioManager@f422e0f req=3 flags=0x0
12-14 02:41:30.183 I/System.out( 4386): result:{"bonusInformation":[],"message":"","success":true}
12-14 02:41:30.193 I/zygote  ( 1717): Do partial code cache collection, code=62KB, data=37KB
12-14 02:41:30.195 I/zygote  ( 1717): After code cache collection, code=62KB, data=37KB
12-14 02:41:30.195 I/zygote  ( 1717): Increasing code cache capacity to 256KB
12-14 02:41:30.208 D/gralloc_ranchu( 1395): gralloc_alloc: Creating ashmem region of size 544768
12-14 02:41:30.214 D/EGL_emulation( 1730): eglMakeCurrent: 0x8806e460: ver 3 0 (tinfo 0x88065d90)
12-14 02:41:30.218 D/gralloc_ranchu( 1395): gralloc_alloc: Creating ashmem region of size 544768
12-14 02:41:30.247 D/gralloc_ranchu( 1395): gralloc_alloc: Creating ashmem region of size 487424
12-14 02:41:30.268 D/StatusBar( 1730): disable<e i a s b h r c s q >
12-14 02:41:30.278 D/EGL_emulation( 1730): eglMakeCurrent: 0x8806e460: ver 3 0 (tinfo 0x88065d90)
12-14 02:41:30.295 D/gralloc_ranchu( 1395): gralloc_alloc: Creating ashmem region of size 7753728
12-14 02:41:30.306 D/gralloc_ranchu( 1395): gralloc_alloc: Creating ashmem region of size 487424
12-14 02:41:30.346 D/gralloc_ranchu( 1395): gralloc_alloc: Creating ashmem region of size 487424
12-14 02:41:30.348 I/zygote  ( 4386): Do partial code cache collection, code=124KB, data=75KB
12-14 02:41:30.349 I/zygote  ( 4386): After code cache collection, code=124KB, data=75KB
12-14 02:41:30.349 I/zygote  ( 4386): Increasing code cache capacity to 512KB
12-14 02:41:30.362 D/EGL_emulation( 1730): eglMakeCurrent: 0x8806e460: ver 3 0 (tinfo 0x88065d90)
12-14 02:41:30.366 D/gralloc_ranchu( 1395): gralloc_alloc: Creating ashmem region of size 544768
12-14 02:41:30.382 E/memtrack( 1628): Couldn't load memtrack module
12-14 02:41:30.382 W/android.os.Debug( 1628): failed to get memory consumption info: -1
12-14 02:41:30.389 I/WindowManager( 1628): Screen frozen for +558ms due to Window{70cc866 u0 com.evancharlton.mileage/com.evancharlton.mileage.Mileage}
12-14 02:41:30.395 D/EGL_emulation( 1730): eglMakeCurrent: 0x8806e460: ver 3 0 (tinfo 0x88065d90)
12-14 02:41:30.396 V/StatusBar( 1730): setLightsOn(true)
12-14 02:41:30.416 D/gralloc_ranchu( 1395): gralloc_alloc: Creating ashmem region of size 7753728
12-14 02:41:30.418 W/SurfaceFlinger( 1405): couldn't log to binary event log: overflow.
12-14 02:41:30.493 I/PBSessionCacheImpl( 2212): Deleted sessionId[9430647629501] from persistence.
12-14 02:41:30.528 I/zygote  ( 1730): Do partial code cache collection, code=124KB, data=96KB
12-14 02:41:30.528 I/zygote  ( 1730): After code cache collection, code=124KB, data=96KB
12-14 02:41:30.528 I/zygote  ( 1730): Increasing code cache capacity to 512KB
12-14 02:41:30.560 W/SearchService( 2212): Abort, client detached.
12-14 02:41:30.673 D/NuPlayerDriver( 1483): start(0xaba29620), state is 4, eos is 0
12-14 02:41:30.674 I/GenericSource( 1483): start
12-14 02:41:30.683 I/OMXClient( 1483): Treble IOmx obtained
12-14 02:41:30.683 I/OMXMaster( 1488): makeComponentInstance(OMX.google.vorbis.decoder) in omx@1.0-service process
12-14 02:41:30.692 E/OMXNodeInstance( 1488): setConfig(0xab1a0fc0:google.vorbis.decoder, ConfigPriority(0x6f800002)) ERROR: Undefined(0x80001001)
12-14 02:41:30.692 I/ACodec  ( 1483): codec does not support config priority (err -2147483648)
12-14 02:41:30.693 E/OMXNodeInstance( 1488): getConfig(0xab1a0fc0:google.vorbis.decoder, ConfigAndroidVendorExtension(0x6f100004)) ERROR: Undefined(0x80001001)
12-14 02:41:30.695 I/MediaCodec( 1483): MediaCodec will operate in async mode
12-14 02:41:30.697 W//system/bin/hw/android.hidl.allocator@1.0-service( 1388): ashmem_create_region(32768) returning hidl_memory(0xab89b850, 32768)
12-14 02:41:30.716 I/chatty  ( 1388): uid=1000(system) allocator@1.0-s identical 10 lines
12-14 02:41:30.716 W//system/bin/hw/android.hidl.allocator@1.0-service( 1388): ashmem_create_region(32768) returning hidl_memory(0xab89b850, 32768)
12-14 02:41:30.736 D/AudioTrack( 1483): Client defaulted notificationFrames to 7406 for frameCount 22218
12-14 02:41:30.741 D/NuPlayerDriver( 1483): notifyListener_l(0xaba29620), (6, 0, 0, -1), loop setting(0, 0)
12-14 02:41:30.744 W/audio_hw_generic( 1389): Not supplying enough data to HAL, expected position 356554 , only wrote 356400
12-14 02:41:30.873 V/StatusBar( 1730): setLightsOn(true)
12-14 02:41:31.477 D/gralloc_ranchu( 1395): gralloc_alloc: Creating ashmem region of size 7753728
12-14 02:41:32.113 E/WifiVendorHal( 1628): getTxPktFates(l.1941) failed {.code = ERROR_NOT_SUPPORTED, .description = }
12-14 02:41:32.114 E/WifiVendorHal( 1628): getRxPktFates(l.1981) failed {.code = ERROR_NOT_SUPPORTED, .description = }
12-14 02:41:32.287 I/NuPlayerDecoder( 1483): [audio] saw output EOS
12-14 02:41:32.287 D/AudioTrack( 1483): stop() called with 84672 frames delivered
12-14 02:41:32.372 E/SurfaceFlinger( 1405): ro.sf.lcd_density must be defined as a build property
12-14 02:41:32.379 D/gralloc_ranchu( 1395): gralloc_alloc: Creating ashmem region of size 8298496
12-14 02:41:32.388 D/        ( 4443): HostConnection::get() New Host Connection established 0xafaaf800, tid 4443
12-14 02:41:32.482 I/zygote  ( 1628): Explicit concurrent copying GC freed 27677(1943KB) AllocSpace objects, 10(200KB) LOS objects, 37% free, 9MB/15MB, paused 353us total 77.521ms
12-14 02:41:32.696 I/System.out( 4386): URI: //
12-14 02:41:32.696 I/System.out( 4386): params: {json={"command":"set_activity_orientation","arguments":["portrait"]}
12-14 02:41:32.696 I/System.out( 4386): }
12-14 02:41:32.696 I/System.out( 4386): header: {content-type=application/json;charset=utf-8, date=Mon, 14 Dec 2020 07:41:33 GMT, accept=*/*, host=127.0.0.1:34777, content-length=63, user-agent=HTTPClient/1.0 (2.8.3, ruby 2.5.8 (2020-03-31))}
12-14 02:41:32.696 I/System.out( 4386): params: {json={"command":"set_activity_orientation","arguments":["portrait"]}
12-14 02:41:32.696 I/System.out( 4386): }
12-14 02:41:32.696 I/System.out( 4386): ProP json = {"command":"set_activity_orientation","arguments":["portrait"]}
12-14 02:41:32.696 I/System.out( 4386): files: {}
12-14 02:41:32.696 I/System.out( 4386): command: {"command":"set_activity_orientation","arguments":["portrait"]}
12-14 02:41:32.699 I/InstrumentationBackend( 4386): Got command:'Command:'Line:null,set_activity_orientation', arguments:'[portrait]'
12-14 02:41:32.702 D/gralloc_ranchu( 1395): gralloc_alloc: Creating ashmem region of size 8298496
12-14 02:41:32.717 W/LocalDisplayAdapter( 1628): Unable to find color mode 0, ignoring request.
12-14 02:41:32.739 I/ActivityManager( 1628): Config changes=480 {1.0 310mcc260mnc [en_US] ldltr sw411dp w411dp h659dp 420dpi nrml port finger qwerty/v/v -nav/h appBounds=Rect(0, 0 - 1080, 1794) s.8}
12-14 02:41:32.745 I/InputReader( 1628): Reconfiguring input devices.  changes=0x00000004
12-14 02:41:32.745 I/InputReader( 1628): Device reconfigured: id=0, name='qwerty2', size 1080x1920, orientation 0, mode 1, display id 0
12-14 02:41:32.748 I/ActivityManager( 1628): Override config changes=480 {1.0 310mcc260mnc [en_US] ldltr sw411dp w411dp h659dp 420dpi nrml port finger qwerty/v/v -nav/h appBounds=Rect(0, 0 - 1080, 1794) s.8} for displayId=0
12-14 02:41:32.790 I/calabash( 4386): newActivity1
12-14 02:41:32.830 W/ActivityManager( 1628): Bad activity token: android.os.BinderProxy@d6f29ec
12-14 02:41:32.830 W/ActivityManager( 1628): java.lang.ClassCastException: android.os.BinderProxy cannot be cast to com.android.server.am.ActivityRecord$Token
12-14 02:41:32.830 W/ActivityManager( 1628): 	at com.android.server.am.ActivityRecord.forTokenLocked(ActivityRecord.java:778)
12-14 02:41:32.830 W/ActivityManager( 1628): 	at com.android.server.am.ActivityRecord.isInStackLocked(ActivityRecord.java:2085)
12-14 02:41:32.830 W/ActivityManager( 1628): 	at com.android.server.am.ActivityRecord.getStackLocked(ActivityRecord.java:2090)
12-14 02:41:32.830 W/ActivityManager( 1628): 	at com.android.server.am.ActivityManagerService.getActivityDisplayId(ActivityManagerService.java:10406)
12-14 02:41:32.830 W/ActivityManager( 1628): 	at android.app.IActivityManager$Stub.onTransact(IActivityManager.java:2738)
12-14 02:41:32.830 W/ActivityManager( 1628): 	at com.android.server.am.ActivityManagerService.onTransact(ActivityManagerService.java:2935)
12-14 02:41:32.830 W/ActivityManager( 1628): 	at android.os.Binder.execTransact(Binder.java:674)
12-14 02:41:32.832 I/calabash( 4386): newActivity1
12-14 02:41:32.837 D/gralloc_ranchu( 1395): gralloc_alloc: Creating ashmem region of size 544768
12-14 02:41:32.837 W/ActivityManager( 1628): Bad activity token: android.os.BinderProxy@d6f29ec
12-14 02:41:32.837 W/ActivityManager( 1628): java.lang.ClassCastException: android.os.BinderProxy cannot be cast to com.android.server.am.ActivityRecord$Token
12-14 02:41:32.837 W/ActivityManager( 1628): 	at com.android.server.am.ActivityRecord.forTokenLocked(ActivityRecord.java:778)
12-14 02:41:32.837 W/ActivityManager( 1628): 	at com.android.server.am.ActivityRecord.isInStackLocked(ActivityRecord.java:2085)
12-14 02:41:32.837 W/ActivityManager( 1628): 	at com.android.server.am.ActivityManagerService.setTaskDescription(ActivityManagerService.java:9988)
12-14 02:41:32.837 W/ActivityManager( 1628): 	at android.app.IActivityManager$Stub.onTransact(IActivityManager.java:2824)
12-14 02:41:32.837 W/ActivityManager( 1628): 	at com.android.server.am.ActivityManagerService.onTransact(ActivityManagerService.java:2935)
12-14 02:41:32.837 W/ActivityManager( 1628): 	at android.os.Binder.execTransact(Binder.java:674)
12-14 02:41:32.838 W/ActivityManager( 1628): Bad activity token: android.os.BinderProxy@d6f29ec
12-14 02:41:32.838 W/ActivityManager( 1628): java.lang.ClassCastException: android.os.BinderProxy cannot be cast to com.android.server.am.ActivityRecord$Token
12-14 02:41:32.838 W/ActivityManager( 1628): 	at com.android.server.am.ActivityRecord.forTokenLocked(ActivityRecord.java:778)
12-14 02:41:32.838 W/ActivityManager( 1628): 	at com.android.server.am.ActivityRecord.isInStackLocked(ActivityRecord.java:2085)
12-14 02:41:32.838 W/ActivityManager( 1628): 	at com.android.server.am.ActivityRecord.getStackLocked(ActivityRecord.java:2090)
12-14 02:41:32.838 W/ActivityManager( 1628): 	at com.android.server.am.ActivityManagerService.getActivityStackId(ActivityManagerService.java:10417)
12-14 02:41:32.838 W/ActivityManager( 1628): 	at android.app.IActivityManager$Stub.onTransact(IActivityManager.java:3548)
12-14 02:41:32.838 W/ActivityManager( 1628): 	at com.android.server.am.ActivityManagerService.onTransact(ActivityManagerService.java:2935)
12-14 02:41:32.838 W/ActivityManager( 1628): 	at android.os.Binder.execTransact(Binder.java:674)
12-14 02:41:32.844 D/EGL_emulation( 1730): eglMakeCurrent: 0x8806e460: ver 3 0 (tinfo 0x88065d90)
12-14 02:41:32.844 D/NuPlayerDriver( 1483): notifyListener_l(0xaba29620), (2, 0, 0, -1), loop setting(0, 0)
12-14 02:41:32.845 I/MediaFocusControl( 1628):  AudioFocus  abandonAudioFocus() from uid/pid 10028/1730 clientId=android.media.AudioManager@f422e0f
12-14 02:41:32.850 D/gralloc_ranchu( 1395): gralloc_alloc: Creating ashmem region of size 544768
12-14 02:41:32.895 V/StatusBar( 1730): setLightsOn(true)
12-14 02:41:32.906 D/gralloc_ranchu( 1395): gralloc_alloc: Creating ashmem region of size 544768
12-14 02:41:32.916 I/System.out( 4386): result:{"bonusInformation":[],"message":"","success":true}
12-14 02:41:32.943 W/ActivityManager( 1628): Bad activity token: android.os.BinderProxy@d6f29ec
12-14 02:41:32.943 W/ActivityManager( 1628): java.lang.ClassCastException: android.os.BinderProxy cannot be cast to com.android.server.am.ActivityRecord$Token
12-14 02:41:32.943 W/ActivityManager( 1628): 	at com.android.server.am.ActivityRecord.forTokenLocked(ActivityRecord.java:778)
12-14 02:41:32.943 W/ActivityManager( 1628): 	at com.android.server.am.ActivityRecord.isInStackLocked(ActivityRecord.java:2085)
12-14 02:41:32.943 W/ActivityManager( 1628): 	at com.android.server.am.ActivityManagerService.getActivityOptions(ActivityManagerService.java:13302)
12-14 02:41:32.943 W/ActivityManager( 1628): 	at android.app.IActivityManager$Stub.onTransact(IActivityManager.java:2910)
12-14 02:41:32.943 W/ActivityManager( 1628): 	at com.android.server.am.ActivityManagerService.onTransact(ActivityManagerService.java:2935)
12-14 02:41:32.943 W/ActivityManager( 1628): 	at android.os.Binder.execTransact(Binder.java:674)
12-14 02:41:32.945 W/ActivityManager( 1628): Bad activity token: android.os.BinderProxy@d6f29ec
12-14 02:41:32.945 W/ActivityManager( 1628): java.lang.ClassCastException: android.os.BinderProxy cannot be cast to com.android.server.am.ActivityRecord$Token
12-14 02:41:32.945 W/ActivityManager( 1628): 	at com.android.server.am.ActivityRecord.forTokenLocked(ActivityRecord.java:778)
12-14 02:41:32.945 W/ActivityManager( 1628): 	at com.android.server.am.ActivityRecord.isInStackLocked(ActivityRecord.java:2085)
12-14 02:41:32.945 W/ActivityManager( 1628): 	at com.android.server.am.ActivityManagerService.getActivityOptions(ActivityManagerService.java:13302)
12-14 02:41:32.945 W/ActivityManager( 1628): 	at android.app.IActivityManager$Stub.onTransact(IActivityManager.java:2910)
12-14 02:41:32.945 W/ActivityManager( 1628): 	at com.android.server.am.ActivityManagerService.onTransact(ActivityManagerService.java:2935)
12-14 02:41:32.945 W/ActivityManager( 1628): 	at android.os.Binder.execTransact(Binder.java:674)
12-14 02:41:32.961 D/gralloc_ranchu( 1395): gralloc_alloc: Creating ashmem region of size 274432
12-14 02:41:32.973 D/StatusBar( 1730): disable<e i a s b h r c s q >
12-14 02:41:32.978 D/EGL_emulation( 1730): eglMakeCurrent: 0x8806e460: ver 3 0 (tinfo 0x88065d90)
12-14 02:41:32.989 D/gralloc_ranchu( 1395): gralloc_alloc: Creating ashmem region of size 274432
12-14 02:41:33.017 D/gralloc_ranchu( 1395): gralloc_alloc: Creating ashmem region of size 274432
12-14 02:41:33.030 I/zygote  ( 4386): JIT allocated 56KB for compiled code of void android.view.View.<init>(android.content.Context, android.util.AttributeSet, int, int)
12-14 02:41:33.036 D/EGL_emulation( 1730): eglMakeCurrent: 0x8806e460: ver 3 0 (tinfo 0x88065d90)
12-14 02:41:33.039 E/TaskPersister( 1628): File error accessing recents directory (directory doesn't exist?).
12-14 02:41:33.045 D/EGL_emulation( 1730): eglMakeCurrent: 0x8806e460: ver 3 0 (tinfo 0x88065d90)
12-14 02:41:33.049 V/StatusBar( 1730): setLightsOn(true)
12-14 02:41:33.057 D/gralloc_ranchu( 1395): gralloc_alloc: Creating ashmem region of size 7753728
12-14 02:41:33.072 I/zygote  ( 4386): Do full code cache collection, code=250KB, data=142KB
12-14 02:41:33.072 I/zygote  ( 4386): After code cache collection, code=249KB, data=107KB
12-14 02:41:33.132 V/StatusBar( 1730): setLightsOn(true)
12-14 02:41:33.140 D/gralloc_ranchu( 1395): gralloc_alloc: Creating ashmem region of size 7753728
12-14 02:41:33.142 V/StatusBar( 1730): setLightsOn(true)
12-14 02:41:33.142 I/WindowManager( 1628): Screen frozen for +443ms due to Window{43df869 u0 com.evancharlton.mileage/com.evancharlton.mileage.Mileage}
12-14 02:41:33.177 D/SurfaceFlinger( 1405): duplicate layer name: changing BlackSurface to BlackSurface#1
12-14 02:41:33.179 D/SurfaceFlinger( 1405): duplicate layer name: changing BlackSurface to BlackSurface#2
12-14 02:41:33.197 D/SurfaceFlinger( 1405): duplicate layer name: changing BlackSurface to BlackSurface#2
12-14 02:41:33.235 E/memtrack( 1628): Couldn't load memtrack module
12-14 02:41:33.235 W/android.os.Debug( 1628): failed to get memory consumption info: -1
12-14 02:41:33.247 E/memtrack( 1628): Couldn't load memtrack module
12-14 02:41:33.247 W/android.os.Debug( 1628): failed to get memory consumption info: -1
12-14 02:41:33.629 V/StatusBar( 1730): setLightsOn(true)
12-14 02:41:34.272 D/gralloc_ranchu( 1395): gralloc_alloc: Creating ashmem region of size 7753728
12-14 02:41:34.484 I/zygote  ( 4386): Do partial code cache collection, code=250KB, data=113KB
12-14 02:41:34.485 I/zygote  ( 4386): After code cache collection, code=250KB, data=113KB
12-14 02:41:34.485 I/zygote  ( 4386): Increasing code cache capacity to 1024KB
12-14 02:41:35.129 E/SurfaceFlinger( 1405): ro.sf.lcd_density must be defined as a build property
12-14 02:41:35.137 D/gralloc_ranchu( 1395): gralloc_alloc: Creating ashmem region of size 8298496
12-14 02:41:35.145 D/        ( 4451): HostConnection::get() New Host Connection established 0xb1caf800, tid 4451
12-14 02:41:35.271 I/zygote  ( 1628): Explicit concurrent copying GC freed 7048(750KB) AllocSpace objects, 1(20KB) LOS objects, 38% free, 9MB/15MB, paused 489us total 66.521ms
