--------- beginning of main
12-14 02:41:20.444 V/StatusBar( 1730): setLightsOn(true)
--------- beginning of system
12-14 02:41:20.446 W/ActivityManager( 1628): Finishing task with all activities already finished
12-14 02:41:20.446 W/ActivityManager( 1628): Duplicate finish request for ActivityRecord{b63d66 u0 com.evancharlton.mileage/.Mileage t40 f}
12-14 02:41:20.449 W/ActivityManager( 1628): Finishing task with all activities already finished
12-14 02:41:20.449 W/ActivityManager( 1628): Duplicate finish request for ActivityRecord{b63d66 u0 com.evancharlton.mileage/.Mileage t40 f}
12-14 02:41:20.450 I/chatty  ( 1730): uid=10028(u0_a28) com.android.systemui identical 1 line
12-14 02:41:20.451 W/ActivityManager( 1628): Finishing task with all activities already finished
12-14 02:41:20.451 W/ActivityManager( 1628): Duplicate finish request for ActivityRecord{b63d66 u0 com.evancharlton.mileage/.Mileage t40 f}
12-14 02:41:20.459 V/StatusBar( 1730): setLightsOn(true)
12-14 02:41:20.460 D/gralloc_ranchu( 1395): gralloc_alloc: Creating ashmem region of size 8298496
12-14 02:41:20.464 I/zygote  ( 4117): Do full code cache collection, code=124KB, data=72KB
12-14 02:41:20.468 I/zygote  ( 4117): After code cache collection, code=110KB, data=46KB
12-14 02:41:20.471 D/gralloc_ranchu( 1395): gralloc_alloc: Creating ashmem region of size 8298496
12-14 02:41:20.497 I/chatty  ( 1395): uid=1000(system) allocator@2.0-s identical 1 line
12-14 02:41:20.508 D/gralloc_ranchu( 1395): gralloc_alloc: Creating ashmem region of size 8298496
12-14 02:41:20.523 D/EGL_emulation( 1730): eglMakeCurrent: 0x8806e460: ver 3 0 (tinfo 0x88065d90)
12-14 02:41:20.536 D/gralloc_ranchu( 1395): gralloc_alloc: Creating ashmem region of size 8298496
12-14 02:41:20.549 D/gralloc_ranchu( 1395): gralloc_alloc: Creating ashmem region of size 8298496
12-14 02:41:20.606 D/EGL_emulation( 2212): eglMakeCurrent: 0xa4cb2e20: ver 3 0 (tinfo 0xa4c8b060)
12-14 02:41:20.632 D/EGL_emulation( 2169): eglMakeCurrent: 0x98f46f60: ver 3 0 (tinfo 0x990ff810)
12-14 02:41:20.643 I/MicroDetectionWorker( 2212): #updateMicroDetector [detectionMode: [mDetectionMode: [1]]]
12-14 02:41:20.643 I/MicroDetectionWorker( 2212): #startMicroDetector [speakerMode: 0]
12-14 02:41:20.646 I/AudioController( 2212): Using mInputStreamFactoryBuilder
12-14 02:41:20.650 I/MicroDetectionWorker( 2212): onReady
12-14 02:41:20.659 I/MicroRecognitionRunner( 2212): Starting detection.
12-14 02:41:20.660 I/MicrophoneInputStream( 2212): mic_starting com.google.android.apps.gsa.staticplugins.aa.c@c3ef7c4
12-14 02:41:20.664 I/AudioFlinger( 1475): AudioFlinger's thread 0xa6483fc0 tid=4173 ready to run
12-14 02:41:20.667 I/MicrophoneInputStream( 2212): mic_started com.google.android.apps.gsa.staticplugins.aa.c@c3ef7c4
12-14 02:41:20.667 E/ActivityThread( 2212): Failed to find provider info for com.google.android.apps.gsa.testing.ui.audio.recorded
12-14 02:41:20.667 I/MicroDetectionWorker( 2212): onReady
12-14 02:41:20.668 I/MicrophoneInputStream( 2212): mic_close com.google.android.apps.gsa.staticplugins.aa.c@c3ef7c4
12-14 02:41:20.668 I/MicroRecognitionRunner( 2212): Detection finished
12-14 02:41:20.669 W/ErrorReporter( 2212): reportError [type: 211, code: 524300]: Error reading from input stream
12-14 02:41:20.669 I/MicroRecognitionRunner( 2212): Stopping hotword detection.
12-14 02:41:20.669 W/ErrorProcessor( 2212): onFatalError, processing error from engine(4)
12-14 02:41:20.669 W/ErrorProcessor( 2212): com.google.android.apps.gsa.shared.speech.b.g: Error reading from input stream
12-14 02:41:20.669 W/ErrorProcessor( 2212): 	at com.google.android.apps.gsa.staticplugins.recognizer.j.a.a(SourceFile:28)
12-14 02:41:20.669 W/ErrorProcessor( 2212): 	at com.google.android.apps.gsa.staticplugins.recognizer.j.b.run(SourceFile:15)
12-14 02:41:20.669 W/ErrorProcessor( 2212): 	at java.util.concurrent.Executors$RunnableAdapter.call(Executors.java:457)
12-14 02:41:20.669 W/ErrorProcessor( 2212): 	at java.util.concurrent.FutureTask.run(FutureTask.java:266)
12-14 02:41:20.669 W/ErrorProcessor( 2212): 	at com.google.android.apps.gsa.shared.util.concurrent.a.ax.run(SourceFile:14)
12-14 02:41:20.669 W/ErrorProcessor( 2212): 	at com.google.android.apps.gsa.shared.util.concurrent.a.bl.run(SourceFile:4)
12-14 02:41:20.669 W/ErrorProcessor( 2212): 	at com.google.android.apps.gsa.shared.util.concurrent.a.bl.run(SourceFile:4)
12-14 02:41:20.669 W/ErrorProcessor( 2212): 	at java.util.concurrent.ThreadPoolExecutor.runWorker(ThreadPoolExecutor.java:1162)
12-14 02:41:20.669 W/ErrorProcessor( 2212): 	at java.util.concurrent.ThreadPoolExecutor$Worker.run(ThreadPoolExecutor.java:636)
12-14 02:41:20.669 W/ErrorProcessor( 2212): 	at java.lang.Thread.run(Thread.java:764)
12-14 02:41:20.669 W/ErrorProcessor( 2212): 	at com.google.android.apps.gsa.shared.util.concurrent.a.ai.run(SourceFile:6)
12-14 02:41:20.669 W/ErrorProcessor( 2212): Caused by: com.google.android.apps.gsa.shared.exception.GsaIOException: Error code: 393238 | Buffer overflow, no available space.
12-14 02:41:20.669 W/ErrorProcessor( 2212): 	at com.google.android.apps.gsa.speech.audio.Tee.f(SourceFile:103)
12-14 02:41:20.669 W/ErrorProcessor( 2212): 	at com.google.android.apps.gsa.speech.audio.au.read(SourceFile:2)
12-14 02:41:20.669 W/ErrorProcessor( 2212): 	at java.io.InputStream.read(InputStream.java:101)
12-14 02:41:20.669 W/ErrorProcessor( 2212): 	at com.google.android.apps.gsa.speech.audio.ao.run(SourceFile:18)
12-14 02:41:20.669 W/ErrorProcessor( 2212): 	at com.google.android.apps.gsa.speech.audio.an.run(SourceFile:2)
12-14 02:41:20.669 W/ErrorProcessor( 2212): 	... 9 more
12-14 02:41:20.669 I/AudioController( 2212): internalShutdown
12-14 02:41:20.670 I/MicroDetector( 2212): Keeping mic open: false
12-14 02:41:20.670 I/MicroDetectionWorker( 2212): #onError(false)
12-14 02:41:20.670 I/DeviceStateChecker( 2212): DeviceStateChecker cancelled
12-14 02:41:20.683 D/gralloc_ranchu( 1395): gralloc_alloc: Creating ashmem region of size 7753728
12-14 02:41:20.731 D/EGL_emulation( 1730): eglMakeCurrent: 0x8806e460: ver 3 0 (tinfo 0x88065d90)
12-14 02:41:20.943 I/chatty  ( 1730): uid=10028(u0_a28) RenderThread identical 21 lines
12-14 02:41:20.956 D/EGL_emulation( 1730): eglMakeCurrent: 0x8806e460: ver 3 0 (tinfo 0x88065d90)
12-14 02:41:21.040 D/AndroidRuntime( 4168): >>>>>> START com.android.internal.os.RuntimeInit uid 2000 <<<<<<
12-14 02:41:21.105 W/OpenGLRenderer( 2169): Incorrectly called buildLayer on View: ShortcutAndWidgetContainer, destroying layer...
12-14 02:41:21.109 W/app_process( 4168): Unexpected CPU variant for X86 using defaults: x86
12-14 02:41:21.139 D/AndroidRuntime( 4168): Calling main entry com.android.commands.am.Am
12-14 02:41:21.143 I/ActivityManager( 1628): Force stopping com.evancharlton.mileage appid=10364 user=0: start instr
12-14 02:41:21.143 I/ActivityManager( 1628): Killing 4117:com.evancharlton.mileage/u0a364 (adj 0): stop com.evancharlton.mileage
12-14 02:41:21.145 W/ActivityManager( 1628): Crash of app com.evancharlton.mileage running instrumentation ComponentInfo{com.evancharlton.mileage.test/sh.calaba.instrumentationbackend.CalabashInstrumentationTestRunner}
12-14 02:41:21.145 I/ActivityManager( 1628): Force stopping com.evancharlton.mileage appid=10364 user=0: finished inst
12-14 02:41:21.151 I/zygote  ( 4183): Not late-enabling -Xcheck:jni (already on)
12-14 02:41:21.158 I/ActivityManager( 1628): Start proc 4183:com.evancharlton.mileage/u0a364 for added application com.evancharlton.mileage
12-14 02:41:21.159 D/AndroidRuntime( 4168): Shutting down VM
12-14 02:41:21.167 D/BoundBrokerSvc( 2107): onUnbind: Intent { act=com.google.android.mdd.service.START cmp=com.google.android.gms/.chimera.GmsBoundBrokerService }
12-14 02:41:21.176 D/BoundBrokerSvc( 1941): onUnbind: Intent { act=com.google.android.gms.clearcut.service.START cmp=com.google.android.gms/.chimera.PersistentDirectBootAwareApiService }
12-14 02:41:21.179 W/zygote  ( 4183): Unexpected CPU variant for X86 using defaults: x86
12-14 02:41:21.179 I/OpenGLRenderer( 1628): Initialized EGL, version 1.4
12-14 02:41:21.179 D/OpenGLRenderer( 1628): Swap behavior 1
12-14 02:41:21.179 W/OpenGLRenderer( 1628): Failed to choose config with EGL_SWAP_BEHAVIOR_PRESERVED, retrying without...
12-14 02:41:21.179 D/OpenGLRenderer( 1628): Swap behavior 0
12-14 02:41:21.187 W/ActivityManager( 1628): setHasOverlayUi called on unknown pid: 4117
12-14 02:41:21.187 D/EGL_emulation( 1628): eglCreateContext: 0x9b5adcc0: maj 3 min 0 rcv 3
12-14 02:41:21.189 D/EGL_emulation( 1628): eglMakeCurrent: 0x9b5adcc0: ver 3 0 (tinfo 0x98d2f500)
12-14 02:41:21.190 E/eglCodecCommon( 1628): glUtilsParamSize: unknow param 0x00008cdf
12-14 02:41:21.190 E/eglCodecCommon( 1628): glUtilsParamSize: unknow param 0x00008cdf
12-14 02:41:21.190 E/eglCodecCommon( 1628): glUtilsParamSize: unknow param 0x00008824
12-14 02:41:21.190 E/eglCodecCommon( 1628): glUtilsParamSize: unknow param 0x00008824
12-14 02:41:21.210 W/zygote  ( 4183): Found duplicate classes, falling back to extracting from APK : /data/app/com.evancharlton.mileage.test-zg3gzAtw5F7lh83mbQ0ksQ==/base.apk
12-14 02:41:21.210 W/zygote  ( 4183): NOTE: This wastes RAM and hurts startup performance.
12-14 02:41:21.210 W/zygote  ( 4183): Found duplicated class when checking oat files: 'Ljunit/runner/BaseTestRunner;' in /data/app/com.evancharlton.mileage.test-zg3gzAtw5F7lh83mbQ0ksQ==/base.apk and /system/framework/android.test.runner.jar
12-14 02:41:21.210 W/zygote  ( 4183): 
12-14 02:41:21.226 E/adbd    ( 1382): failed to connect to socket 'tcp:7102': Connection refused
12-14 02:41:21.236 E/adbd    ( 1382): failed to connect to socket 'tcp:7102': Connection refused
12-14 02:41:21.253 W/System  ( 4183): ClassLoader referenced unknown path: 
12-14 02:41:21.280 I/System.out( 4183): Main activity name automatically set to: com.evancharlton.mileage.Mileage
12-14 02:41:21.281 I/System.out( 4183): Calabash did not load Mono. This is only a problem if you are trying to test a Mono application
12-14 02:41:21.281 I/calabash( 4183): Test server port: 7102
12-14 02:41:21.283 I/InstrumentationBackend( 4183): Added:'GetPreferences', with key:'get_preferences'
12-14 02:41:21.356 E/adbd    ( 1382): failed to connect to socket 'tcp:7102': Connection refused
12-14 02:41:21.358 E/adbd    ( 1382): failed to connect to socket 'tcp:7102': Connection refused
12-14 02:41:21.385 I/InstrumentationBackend( 4183): Added:'SetPreferences', with key:'set_preferences'
12-14 02:41:21.385 I/InstrumentationBackend( 4183): Added:'ClearPreferences', with key:'clear_preferences'
12-14 02:41:21.385 I/InstrumentationBackend( 4183): Added:'PressElement', with key:'press_l10n_element'
12-14 02:41:21.386 I/InstrumentationBackend( 4183): Added:'WaitForElement', with key:'wait_for_l10n_element'
12-14 02:41:21.386 I/InstrumentationBackend( 4183): Added:'NullAction', with key:'nullAction'
12-14 02:41:21.387 I/InstrumentationBackend( 4183): Added:'PressKey', with key:'press_key'
12-14 02:41:21.387 I/InstrumentationBackend( 4183): Added:'SetActivityOrientation', with key:'set_activity_orientation'
12-14 02:41:21.387 I/InstrumentationBackend( 4183): Added:'GetActivityOrientation', with key:'get_activity_orientation'
12-14 02:41:21.388 I/InstrumentationBackend( 4183): Added:'FakeGPSLocation', with key:'set_gps_coordinates'
12-14 02:41:21.388 I/InstrumentationBackend( 4183): Added:'SetPropertyByCssSelector', with key:'set_property_by_css_selector'
12-14 02:41:21.389 I/InstrumentationBackend( 4183): Added:'GetUrl', with key:'get_url'
12-14 02:41:21.391 I/InstrumentationBackend( 4183): Added:'ScrollTo', with key:'scroll_to'
12-14 02:41:21.391 I/InstrumentationBackend( 4183): Added:'GetLoadProgress', with key:'get_load_progress'
12-14 02:41:21.392 I/InstrumentationBackend( 4183): Added:'DumpHtml', with key:'dump_html'
12-14 02:41:21.392 I/InstrumentationBackend( 4183): Added:'DumpBodyHtml', with key:'dump_body_html'
12-14 02:41:21.392 I/InstrumentationBackend( 4183): Added:'EnterTextByCssSelector', with key:'enter_text_by_selector'
12-14 02:41:21.400 I/InstrumentationBackend( 4183): Added:'AndroidSDKVersion', with key:'android_sdk_version'
12-14 02:41:21.401 I/InstrumentationBackend( 4183): Added:'Version', with key:'version'
12-14 02:41:21.401 I/InstrumentationBackend( 4183): Added:'Drag', with key:'drag'
12-14 02:41:21.402 I/InstrumentationBackend( 4183): Added:'TouchCoordinates', with key:'touch_coordinate'
12-14 02:41:21.402 I/InstrumentationBackend( 4183): Added:'LongPressCoordinate', with key:'long_press_coordinate'
12-14 02:41:21.402 I/InstrumentationBackend( 4183): Added:'DragCoordinates', with key:'drag_coordinates'
12-14 02:41:21.403 I/InstrumentationBackend( 4183): Added:'ResumeApplication', with key:'resume_application'
12-14 02:41:21.403 I/InstrumentationBackend( 4183): Added:'Swipe', with key:'swipe'
12-14 02:41:21.404 I/InstrumentationBackend( 4183): Added:'DoubleTapCoordinate', with key:'double_tap_coordinate'
12-14 02:41:21.404 I/InstrumentationBackend( 4183): Added:'ClickOnScreen', with key:'click_on_screen'
12-14 02:41:21.405 I/InstrumentationBackend( 4183): Added:'GetActivityName', with key:'get_activity_name'
12-14 02:41:21.405 I/InstrumentationBackend( 4183): Added:'ScrollToView', with key:'scroll_to_view'
12-14 02:41:21.405 I/InstrumentationBackend( 4183): Added:'ViewConfiguration', with key:'view_configuration'
12-14 02:41:21.406 I/InstrumentationBackend( 4183): Added:'IsCurrentActivityFocused', with key:'is_current_activity_focused'
12-14 02:41:21.406 I/InstrumentationBackend( 4183): Added:'SendTcp', with key:'send_tcp'
12-14 02:41:21.406 I/InstrumentationBackend( 4183): Added:'DpToDevicePixel', with key:'dp_to_device_pixel'
12-14 02:41:21.407 I/InstrumentationBackend( 4183): Added:'KeyboardEnterText', with key:'keyboard_enter_text'
12-14 02:41:21.408 I/InstrumentationBackend( 4183): Added:'DeleteSurroundingText', with key:'delete_surrounding_text'
12-14 02:41:21.408 I/InstrumentationBackend( 4183): Added:'SetComposingRegion', with key:'set_composing_region'
12-14 02:41:21.409 I/InstrumentationBackend( 4183): Added:'SetSelection', with key:'set_selection'
12-14 02:41:21.409 I/InstrumentationBackend( 4183): Added:'KeyboardKeyEvent', with key:'keyboard_key_event'
12-14 02:41:21.410 I/InstrumentationBackend( 4183): Added:'PressUserActionButton', with key:'press_user_action_button'
12-14 02:41:21.412 I/InstrumentationBackend( 4183): Added:'HideSoftKeyboard', with key:'hide_soft_keyboard'
12-14 02:41:21.413 I/InstrumentationBackend( 4183): Added:'ListActions', with key:'list_actions'
12-14 02:41:21.413 I/calabash( 4183): Instantiating http server at 7102
12-14 02:41:21.414 I/System.out( 4183): HTTP Daemon listening on: 7102
12-14 02:41:21.494 I/System.out( 4183): URI: //ping
12-14 02:41:21.495 I/System.out( 4183): params: {json={}
12-14 02:41:21.496 I/System.out( 4183): }
12-14 02:41:21.511 I/System.out( 4183): URI: //ping
12-14 02:41:21.511 I/System.out( 4183): params: {json={}
12-14 02:41:21.511 I/System.out( 4183): }
12-14 02:41:21.520 I/System.out( 4183): URI: //ready
12-14 02:41:21.520 I/System.out( 4183): params: {json={}
12-14 02:41:21.520 I/System.out( 4183): }
12-14 02:41:21.527 I/System.out( 4183): URI: //
12-14 02:41:21.527 I/System.out( 4183): params: {json={"command":"version","arguments":[]}
12-14 02:41:21.527 I/System.out( 4183): }
12-14 02:41:21.528 I/System.out( 4183): header: {content-type=application/json;charset=utf-8, date=Mon, 14 Dec 2020 07:41:22 GMT, accept=*/*, host=127.0.0.1:34777, content-length=36, user-agent=HTTPClient/1.0 (2.8.3, ruby 2.5.8 (2020-03-31))}
12-14 02:41:21.528 I/System.out( 4183): params: {json={"command":"version","arguments":[]}
12-14 02:41:21.528 I/System.out( 4183): }
12-14 02:41:21.528 I/System.out( 4183): ProP json = {"command":"version","arguments":[]}
12-14 02:41:21.528 I/System.out( 4183): files: {}
12-14 02:41:21.528 I/System.out( 4183): command: {"command":"version","arguments":[]}
12-14 02:41:21.556 I/InstrumentationBackend( 4183): Got command:'Command:'Line:null,version', arguments:'[]'
12-14 02:41:21.592 I/System.out( 4183): result:{"bonusInformation":[],"message":"0.9.8","success":true}
12-14 02:41:21.598 I/System.out( 4183): URI: //start-application
12-14 02:41:21.598 I/System.out( 4183): params: {json={"intent":null}
12-14 02:41:21.598 I/System.out( 4183): }
12-14 02:41:21.633 I/ActivityManager( 1628): START u0 {act=android.intent.action.MAIN cat=[android.intent.category.LAUNCHER] flg=0x10200000 cmp=com.evancharlton.mileage/.Mileage} from uid 10364
12-14 02:41:21.647 I/calabash( 4183): newActivity1
12-14 02:41:21.665 D/gralloc_ranchu( 1395): gralloc_alloc: Creating ashmem region of size 7753728
12-14 02:41:21.675 W/ActivityManager( 1628): Bad activity token: android.os.BinderProxy@cfb1003
12-14 02:41:21.675 W/ActivityManager( 1628): java.lang.ClassCastException: android.os.BinderProxy cannot be cast to com.android.server.am.ActivityRecord$Token
12-14 02:41:21.675 W/ActivityManager( 1628): 	at com.android.server.am.ActivityRecord.forTokenLocked(ActivityRecord.java:778)
12-14 02:41:21.675 W/ActivityManager( 1628): 	at com.android.server.am.ActivityRecord.isInStackLocked(ActivityRecord.java:2085)
12-14 02:41:21.675 W/ActivityManager( 1628): 	at com.android.server.am.ActivityRecord.getStackLocked(ActivityRecord.java:2090)
12-14 02:41:21.675 W/ActivityManager( 1628): 	at com.android.server.am.ActivityManagerService.getActivityDisplayId(ActivityManagerService.java:10406)
12-14 02:41:21.675 W/ActivityManager( 1628): 	at android.app.IActivityManager$Stub.onTransact(IActivityManager.java:2738)
12-14 02:41:21.675 W/ActivityManager( 1628): 	at com.android.server.am.ActivityManagerService.onTransact(ActivityManagerService.java:2935)
12-14 02:41:21.675 W/ActivityManager( 1628): 	at android.os.Binder.execTransact(Binder.java:674)
12-14 02:41:21.678 I/calabash( 4183): newActivity1
12-14 02:41:21.685 W/ActivityManager( 1628): Bad activity token: android.os.BinderProxy@cfb1003
12-14 02:41:21.685 W/ActivityManager( 1628): java.lang.ClassCastException: android.os.BinderProxy cannot be cast to com.android.server.am.ActivityRecord$Token
12-14 02:41:21.685 W/ActivityManager( 1628): 	at com.android.server.am.ActivityRecord.forTokenLocked(ActivityRecord.java:778)
12-14 02:41:21.685 W/ActivityManager( 1628): 	at com.android.server.am.ActivityRecord.isInStackLocked(ActivityRecord.java:2085)
12-14 02:41:21.685 W/ActivityManager( 1628): 	at com.android.server.am.ActivityManagerService.setTaskDescription(ActivityManagerService.java:9988)
12-14 02:41:21.685 W/ActivityManager( 1628): 	at android.app.IActivityManager$Stub.onTransact(IActivityManager.java:2824)
12-14 02:41:21.685 W/ActivityManager( 1628): 	at com.android.server.am.ActivityManagerService.onTransact(ActivityManagerService.java:2935)
12-14 02:41:21.685 W/ActivityManager( 1628): 	at android.os.Binder.execTransact(Binder.java:674)
12-14 02:41:21.686 W/ActivityManager( 1628): Bad activity token: android.os.BinderProxy@cfb1003
12-14 02:41:21.686 W/ActivityManager( 1628): java.lang.ClassCastException: android.os.BinderProxy cannot be cast to com.android.server.am.ActivityRecord$Token
12-14 02:41:21.686 W/ActivityManager( 1628): 	at com.android.server.am.ActivityRecord.forTokenLocked(ActivityRecord.java:778)
12-14 02:41:21.686 W/ActivityManager( 1628): 	at com.android.server.am.ActivityRecord.isInStackLocked(ActivityRecord.java:2085)
12-14 02:41:21.686 W/ActivityManager( 1628): 	at com.android.server.am.ActivityRecord.getStackLocked(ActivityRecord.java:2090)
12-14 02:41:21.686 W/ActivityManager( 1628): 	at com.android.server.am.ActivityManagerService.getActivityStackId(ActivityManagerService.java:10417)
12-14 02:41:21.686 W/ActivityManager( 1628): 	at android.app.IActivityManager$Stub.onTransact(IActivityManager.java:3548)
12-14 02:41:21.686 W/ActivityManager( 1628): 	at com.android.server.am.ActivityManagerService.onTransact(ActivityManagerService.java:2935)
12-14 02:41:21.686 W/ActivityManager( 1628): 	at android.os.Binder.execTransact(Binder.java:674)
12-14 02:41:21.723 V/StatusBar( 1730): setLightsOn(true)
12-14 02:41:21.729 D/EGL_emulation( 2212): eglMakeCurrent: 0xa4cb2e20: ver 3 0 (tinfo 0xa4c8b060)
12-14 02:41:21.731 D/EGL_emulation( 2169): eglMakeCurrent: 0x98f46f60: ver 3 0 (tinfo 0x990ff810)
12-14 02:41:21.748 D/EGL_emulation( 1730): eglMakeCurrent: 0x8806e460: ver 3 0 (tinfo 0x88065d90)
12-14 02:41:21.749 V/StatusBar( 1730): setLightsOn(true)
12-14 02:41:21.761 D/EGL_emulation( 1730): eglMakeCurrent: 0x8806e460: ver 3 0 (tinfo 0x88065d90)
12-14 02:41:21.768 D/EGL_emulation( 1730): eglMakeCurrent: 0x8806e460: ver 3 0 (tinfo 0x88065d90)
12-14 02:41:21.769 E/ContentStoreEUAS( 2212): Failed to commit the deferred actions
12-14 02:41:21.777 D/EGL_emulation( 1730): eglMakeCurrent: 0x8806e460: ver 3 0 (tinfo 0x88065d90)
12-14 02:41:21.786 W/ActivityManager( 1628): Bad activity token: android.os.BinderProxy@cfb1003
12-14 02:41:21.786 W/ActivityManager( 1628): java.lang.ClassCastException: android.os.BinderProxy cannot be cast to com.android.server.am.ActivityRecord$Token
12-14 02:41:21.786 W/ActivityManager( 1628): 	at com.android.server.am.ActivityRecord.forTokenLocked(ActivityRecord.java:778)
12-14 02:41:21.786 W/ActivityManager( 1628): 	at com.android.server.am.ActivityRecord.isInStackLocked(ActivityRecord.java:2085)
12-14 02:41:21.786 W/ActivityManager( 1628): 	at com.android.server.am.ActivityManagerService.getActivityOptions(ActivityManagerService.java:13302)
12-14 02:41:21.786 W/ActivityManager( 1628): 	at android.app.IActivityManager$Stub.onTransact(IActivityManager.java:2910)
12-14 02:41:21.786 W/ActivityManager( 1628): 	at com.android.server.am.ActivityManagerService.onTransact(ActivityManagerService.java:2935)
12-14 02:41:21.786 W/ActivityManager( 1628): 	at android.os.Binder.execTransact(Binder.java:674)
12-14 02:41:21.787 D/EGL_emulation( 1730): eglMakeCurrent: 0x8806e460: ver 3 0 (tinfo 0x88065d90)
12-14 02:41:21.788 V/StatusBar( 1730): setLightsOn(true)
12-14 02:41:21.788 W/ActivityManager( 1628): Bad activity token: android.os.BinderProxy@cfb1003
12-14 02:41:21.788 W/ActivityManager( 1628): java.lang.ClassCastException: android.os.BinderProxy cannot be cast to com.android.server.am.ActivityRecord$Token
12-14 02:41:21.788 W/ActivityManager( 1628): 	at com.android.server.am.ActivityRecord.forTokenLocked(ActivityRecord.java:778)
12-14 02:41:21.788 W/ActivityManager( 1628): 	at com.android.server.am.ActivityRecord.isInStackLocked(ActivityRecord.java:2085)
12-14 02:41:21.788 W/ActivityManager( 1628): 	at com.android.server.am.ActivityManagerService.getActivityOptions(ActivityManagerService.java:13302)
12-14 02:41:21.788 W/ActivityManager( 1628): 	at android.app.IActivityManager$Stub.onTransact(IActivityManager.java:2910)
12-14 02:41:21.788 W/ActivityManager( 1628): 	at com.android.server.am.ActivityManagerService.onTransact(ActivityManagerService.java:2935)
12-14 02:41:21.788 W/ActivityManager( 1628): 	at android.os.Binder.execTransact(Binder.java:674)
12-14 02:41:21.796 D/EGL_emulation( 1730): eglMakeCurrent: 0x8806e460: ver 3 0 (tinfo 0x88065d90)
12-14 02:41:21.885 I/chatty  ( 1730): uid=10028(u0_a28) RenderThread identical 10 lines
12-14 02:41:21.895 D/EGL_emulation( 1730): eglMakeCurrent: 0x8806e460: ver 3 0 (tinfo 0x88065d90)
12-14 02:41:21.897 V/StatusBar( 1730): setLightsOn(true)
12-14 02:41:21.905 D/EGL_emulation( 1730): eglMakeCurrent: 0x8806e460: ver 3 0 (tinfo 0x88065d90)
12-14 02:41:21.922 I/chatty  ( 1730): uid=10028(u0_a28) RenderThread identical 2 lines
12-14 02:41:21.932 D/EGL_emulation( 1730): eglMakeCurrent: 0x8806e460: ver 3 0 (tinfo 0x88065d90)
12-14 02:41:21.938 I/zygote  ( 4183): Do partial code cache collection, code=27KB, data=30KB
12-14 02:41:21.940 D/EGL_emulation( 1730): eglMakeCurrent: 0x8806e460: ver 3 0 (tinfo 0x88065d90)
12-14 02:41:21.942 I/zygote  ( 4183): After code cache collection, code=27KB, data=30KB
12-14 02:41:21.942 I/zygote  ( 4183): Increasing code cache capacity to 128KB
12-14 02:41:21.943 I/zygote  ( 4183): Do partial code cache collection, code=27KB, data=48KB
12-14 02:41:21.946 I/zygote  ( 4183): After code cache collection, code=27KB, data=48KB
12-14 02:41:21.946 I/zygote  ( 4183): Increasing code cache capacity to 256KB
12-14 02:41:21.946 I/zygote  ( 4183): JIT allocated 71KB for compiled code of void android.widget.TextView.<init>(android.content.Context, android.util.AttributeSet, int, int)
12-14 02:41:21.946 I/zygote  ( 4183): Compiler allocated 4MB to compile void android.widget.TextView.<init>(android.content.Context, android.util.AttributeSet, int, int)
12-14 02:41:21.958 V/StatusBar( 1730): setLightsOn(true)
12-14 02:41:21.970 I/chatty  ( 1730): uid=10028(u0_a28) com.android.systemui identical 1 line
12-14 02:41:21.971 V/StatusBar( 1730): setLightsOn(true)
12-14 02:41:22.005 D/gralloc_ranchu( 1395): gralloc_alloc: Creating ashmem region of size 7753728
12-14 02:41:22.027 D/        ( 4183): HostConnection::get() New Host Connection established 0x98cb0e40, tid 4183
12-14 02:41:22.084 V/StatusBar( 1730): setLightsOn(true)
12-14 02:41:22.086 V/StatusBar( 1730): setLightsOn(true)
12-14 02:41:22.088 I/ActivityManager( 1628): Displayed com.evancharlton.mileage/.Mileage: +448ms
12-14 02:41:22.090 V/StatusBar( 1730): setLightsOn(true)
12-14 02:41:22.122 D/gralloc_ranchu( 1395): gralloc_alloc: Creating ashmem region of size 7753728
12-14 02:41:22.157 V/StatusBar( 1730): setLightsOn(true)
12-14 02:41:22.220 E/memtrack( 1628): Couldn't load memtrack module
12-14 02:41:22.220 W/android.os.Debug( 1628): failed to get memory consumption info: -1
12-14 02:41:22.266 I/zygote  ( 4183): Do full code cache collection, code=125KB, data=71KB
12-14 02:41:22.267 I/zygote  ( 4183): After code cache collection, code=108KB, data=44KB
12-14 02:41:22.293 V/StatusBar( 1730): setLightsOn(true)
