12-14 02:59:01.533 I/SyncManager( 9914): Got SyncJobService instance.
12-14 02:59:01.547 I/OMXClient( 9914): Treble IOmx obtained
12-14 02:59:01.550 I/OMXMaster( 1489): makeComponentInstance(OMX.google.vorbis.decoder) in omx@1.0-service process
12-14 02:59:01.555 E/OMXNodeInstance( 1489): getConfig(0xa60a1020:google.vorbis.decoder, ConfigAndroidVendorExtension(0x6f100004)) ERROR: Undefined(0x80001001)
12-14 02:59:01.562 W//system/bin/hw/android.hidl.allocator@1.0-service( 1390): ashmem_create_region(32768) returning hidl_memory(0xb049b850, 32768)
12-14 02:59:01.610 V/vold    ( 1344): /dev/block/vold/public:253,80: LABEL="SDCARD" UUID="19FF-110D" TYPE="vfat" 
12-14 02:59:01.611 V/vold    ( 1344): 
12-14 02:59:01.611 V/vold    ( 1344): /system/bin/fsck_msdos
12-14 02:59:01.611 D/VoldConnector( 9914): RCV <- {652 public:253,80 vfat}
12-14 02:59:01.612 D/VoldConnector( 9914): RCV <- {653 public:253,80 19FF-110D}
12-14 02:59:01.612 D/VoldConnector( 9914): RCV <- {654 public:253,80 SDCARD}
12-14 02:59:01.613 V/vold    ( 1344):     -p
12-14 02:59:01.613 V/vold    ( 1344):     -f
12-14 02:59:01.613 V/vold    ( 1344):     /dev/block/vold/public:253,80
12-14 02:59:01.599 I/chatty  ( 1390): uid=1000(system) allocator@1.0-s identical 10 lines
12-14 02:59:01.600 W//system/bin/hw/android.hidl.allocator@1.0-service( 1390): ashmem_create_region(32768) returning hidl_memory(0xb049b850, 32768)
12-14 02:59:01.678 I/fsck_msdos( 1344): ** /dev/block/vold/public:253,80
12-14 02:59:01.690 I/fsck_msdos( 1344): ** Phase 1 - Read and Compare FATs
12-14 02:59:01.690 I/fsck_msdos( 1344): Attempting to allocate 1022 KB for FAT
12-14 02:59:01.718 I/fsck_msdos( 1344): Attempting to allocate 1022 KB for FAT
12-14 02:59:01.739 I/fsck_msdos( 1344): ** Phase 2 - Check Cluster Chains
12-14 02:59:01.740 I/fsck_msdos( 1344): ** Phase 3 - Checking Directories
12-14 02:59:01.740 I/fsck_msdos( 1344): ** Phase 4 - Checking for Lost Files
12-14 02:59:01.741 I/fsck_msdos( 1344): 2 files, 522224 free (261112 clusters)
12-14 02:59:01.743 I/Vold    ( 1344): Filesystem check completed OK
12-14 02:59:01.743 D/VoldConnector( 9914): RCV <- {656 public:253,80 /mnt/media_rw/19FF-110D}
12-14 02:59:01.744 D/VoldConnector( 9914): RCV <- {655 public:253,80 /mnt/media_rw/19FF-110D}
12-14 02:59:01.746 W/ActivityManager( 9914): Slow operation: 134ms so far, now at getContentProviderImpl: after resolveContentProvider
12-14 02:59:01.746 I/AutofillManagerService( 9914): Updating Autofill for user 0: disabled=false
12-14 02:59:01.746 E/ActivityThread( 9914): Failed to find provider info for com.android.calendar
12-14 02:59:01.761 E/WifiVendorHal( 9914): getBgScanCapabilities(l.450) failed {.code = ERROR_NOT_SUPPORTED, .description = }
12-14 02:59:01.762 I/WifiScanningService( 9914): wifi driver loaded with scan capabilities: max buckets=16
12-14 02:59:01.764 D/RttService( 9914): SCAN_AVAILABLE : 3
12-14 02:59:01.765 D/RttService( 9914): DefaultState got{ when=0 what=160512 target=com.android.internal.util.StateMachine$SmHandler }
12-14 02:59:01.751 E/ActivityThread( 9914): Failed to find provider info for com.android.calendar
12-14 02:59:01.766 I/wificond( 9837): New interface event callback registered
12-14 02:59:01.768 D/installd( 1479): Found quota mount /dev/block/dm-0 at /data
12-14 02:59:01.768 D/installd( 1479): Found quota mount /dev/block/dm-0 at /data/var/run/netns
12-14 02:59:01.768 D/installd( 1479): Found storage mount /data/media at /mnt/runtime/default/emulated
12-14 02:59:01.769 D/RttService( 9914): EnabledState got{ when=0 what=160516 obj=android.net.wifi.IClientInterface$Stub$Proxy@c207e0d target=com.android.internal.util.StateMachine$SmHandler }
12-14 02:59:01.770 D/VoldConnector( 9914): RCV <- {651 public:253,80 2}
12-14 02:59:01.772 D/VoldConnector( 9914): RCV <- {200 6 Command succeeded}
12-14 02:59:01.849 I/vol.Events(10026): writeEvent level_changed STREAM_VOICE_CALL 4
12-14 02:59:01.852 D/NotificationSQLiteLog( 9914): Pruned event entries: 0
12-14 02:59:01.855 I/vol.Events(10026): writeEvent level_changed STREAM_SYSTEM 5
12-14 02:59:01.858 I/vol.Events(10026): writeEvent level_changed STREAM_RING 5
12-14 02:59:01.859 I/vol.Events(10026): writeEvent level_changed STREAM_MUSIC 11
12-14 02:59:01.866 I/vol.Events(10026): writeEvent level_changed STREAM_ALARM 6
12-14 02:59:01.876 I/vol.Events(10026): writeEvent level_changed STREAM_BLUETOOTH_SCO 7
12-14 02:59:01.879 I/zygote  ( 9914): Background concurrent copying GC freed 62093(3MB) AllocSpace objects, 24(512KB) LOS objects, 39% free, 9MB/15MB, paused 11.597ms total 494.055ms
12-14 02:59:01.879 I/FusedLocation( 9914): engine started (com.android.location.fused)
12-14 02:59:01.917 E//system/bin/tombstoned( 1493): Tombstone written to: /data/tombstones//tombstone_08
12-14 02:59:01.932 W/ActivityManager( 9914):   Force finishing activity com.android.settings/.FallbackHome
12-14 02:59:01.939 E/JavaBinder( 9914): !!! FAILED BINDER TRANSACTION !!!  (parcel size = 56)
12-14 02:59:01.946 E/JavaBinder( 9914): !!! FAILED BINDER TRANSACTION !!!  (parcel size = 60)
12-14 02:59:01.950 E/JavaBinder( 9914): !!! FAILED BINDER TRANSACTION !!!  (parcel size = 104)
12-14 02:59:01.950 W/ActivityManager( 9914): Exception thrown during pause
12-14 02:59:01.950 W/ActivityManager( 9914): android.os.DeadObjectException: Transaction failed on small parcel; remote process probably died
12-14 02:59:01.950 W/ActivityManager( 9914): 	at android.os.BinderProxy.transactNative(Native Method)
12-14 02:59:01.950 W/ActivityManager( 9914): 	at android.os.BinderProxy.transact(Binder.java:748)
12-14 02:59:01.950 W/ActivityManager( 9914): 	at android.app.IApplicationThread$Stub$Proxy.schedulePauseActivity(IApplicationThread.java:1093)
12-14 02:59:01.950 W/ActivityManager( 9914): 	at com.android.server.am.ActivityStack.startPausingLocked(ActivityStack.java:1309)
12-14 02:59:01.950 W/ActivityManager( 9914): 	at com.android.server.am.ActivityStack.finishActivityLocked(ActivityStack.java:3671)
12-14 02:59:01.950 W/ActivityManager( 9914): 	at com.android.server.am.ActivityStack.finishActivityLocked(ActivityStack.java:3613)
12-14 02:59:01.950 W/ActivityManager( 9914): 	at com.android.server.am.ActivityStack.finishTopRunningActivityLocked(ActivityStack.java:3494)
12-14 02:59:01.950 W/ActivityManager( 9914): 	at com.android.server.am.ActivityStackSupervisor.finishTopRunningActivityLocked(ActivityStackSupervisor.java:2091)
12-14 02:59:01.950 W/ActivityManager( 9914): 	at com.android.server.am.AppErrors.handleAppCrashLocked(AppErrors.java:643)
12-14 02:59:01.950 W/ActivityManager( 9914): 	at com.android.server.am.AppErrors.makeAppCrashingLocked(AppErrors.java:501)
12-14 02:59:01.950 W/ActivityManager( 9914): 	at com.android.server.am.AppErrors.crashApplicationInner(AppErrors.java:376)
12-14 02:59:01.950 W/ActivityManager( 9914): 	at com.android.server.am.AppErrors.crashApplication(AppErrors.java:321)
12-14 02:59:01.950 W/ActivityManager( 9914): 	at com.android.server.am.ActivityManagerService.handleApplicationCrashInner(ActivityManagerService.java:14253)
12-14 02:59:01.950 W/ActivityManager( 9914): 	at com.android.server.am.NativeCrashListener$NativeCrashReporter.run(NativeCrashListener.java:85)
12-14 02:59:01.952 E/SurfaceFlinger( 1413): ro.sf.lcd_density must be defined as a build property
12-14 02:59:01.955 I/ActivityManager( 9914): START u0 {act=android.intent.action.MAIN cat=[android.intent.category.HOME] flg=0x10000100 cmp=com.android.settings/.FallbackHome} from uid 0
12-14 02:59:01.956 D/OpenGLRenderer(10026): HWUI GL Pipeline
12-14 02:59:01.961 I/Zygote  ( 9832): Process 10146 exited due to signal (6)
12-14 02:59:01.965 I/WindowManager( 9914): WIN DEATH: Window{c84ae45 u0 com.android.settings/com.android.settings.FallbackHome}
12-14 02:59:01.965 W/InputDispatcher( 9914): channel 'c84ae45 com.android.settings/com.android.settings.FallbackHome (server)' ~ Consumer closed input channel or an error occurred.  events=0x9
12-14 02:59:01.965 E/InputDispatcher( 9914): channel 'c84ae45 com.android.settings/com.android.settings.FallbackHome (server)' ~ Channel is unrecoverably broken and will be disposed!
12-14 02:59:01.965 W/InputDispatcher( 9914): Attempted to unregister already unregistered input channel 'c84ae45 com.android.settings/com.android.settings.FallbackHome (server)'
12-14 02:59:01.974 I/ActivityManager( 9914): Showing crash dialog for package com.android.settings u0
12-14 02:59:01.976 I/ActivityManager( 9914): Process com.android.settings (pid 10146) has died: fore TOP 
12-14 02:59:01.995 I/ActivityManager( 9914): Start proc 10229:com.android.settings/1000 for activity com.android.settings/.FallbackHome
12-14 02:59:01.997 I/WindowManager( 9914): Screen frozen for +1s258ms due to Window{c84ae45 u0 com.android.settings/com.android.settings.FallbackHome}
12-14 02:59:02.009 W/ActivityManager( 9914): setHasOverlayUi called on unknown pid: 10146
12-14 02:59:02.012 W/zygote  (10229): Unexpected CPU variant for X86 using defaults: x86
12-14 02:59:02.031 E/SurfaceFlinger( 1413): ro.sf.lcd_density must be defined as a build property
12-14 02:59:02.036 D/OpenGLRenderer( 9914): HWUI GL Pipeline
12-14 02:59:02.040 D/SurfaceFlinger( 1413): duplicate layer name: changing ScreenshotSurface to ScreenshotSurface#1
12-14 02:59:02.045 D/gralloc_ranchu( 1397): gralloc_alloc: Creating ashmem region of size 8298496
12-14 02:59:02.091 I/ActivityManager( 9914): user 0 is still locked. Cannot load recents
12-14 02:59:02.099 W/KeyguardServiceDelegate( 9914): onScreenTurningOn(): no keyguard service!
12-14 02:59:02.099 W/Looper  ( 9914): Dispatch took 131ms on android.ui, h=Handler (com.android.server.am.ActivityManagerService$UiHandler) {66b9e32} cb=null msg=1
12-14 02:59:02.135 D/NetworkController.WifiSignalController(10026): Registered score cache
12-14 02:59:02.145 D/        ( 9914): HostConnection::get() New Host Connection established 0x91aafdc0, tid 10241
12-14 02:59:02.145 D/gralloc_ranchu( 1397): gralloc_alloc: Creating ashmem region of size 2654208
12-14 02:59:02.159 E/SurfaceFlinger( 1413): ro.sf.lcd_density must be defined as a build property
12-14 02:59:02.164 D/OpenGLRenderer(10229): HWUI GL Pipeline
12-14 02:59:02.184 I/OpenGLRenderer( 9914): Initialized EGL, version 1.4
12-14 02:59:02.185 D/OpenGLRenderer( 9914): Swap behavior 1
12-14 02:59:02.185 W/OpenGLRenderer( 9914): Failed to choose config with EGL_SWAP_BEHAVIOR_PRESERVED, retrying without...
12-14 02:59:02.185 D/OpenGLRenderer( 9914): Swap behavior 0
12-14 02:59:02.202 D/gralloc_ranchu( 1397): gralloc_alloc: Creating ashmem region of size 2654208
12-14 02:59:02.202 D/EGL_emulation( 9914): eglCreateContext: 0x9577ce00: maj 3 min 0 rcv 3
12-14 02:59:02.234 D/gralloc_ranchu( 1397): gralloc_alloc: Creating ashmem region of size 8298496
12-14 02:59:02.234 D/        (10229): HostConnection::get() New Host Connection established 0xb0f19ac0, tid 10247
12-14 02:59:02.238 I/OpenGLRenderer(10229): Initialized EGL, version 1.4
12-14 02:59:02.238 D/OpenGLRenderer(10229): Swap behavior 1
12-14 02:59:02.239 W/OpenGLRenderer(10229): Failed to choose config with EGL_SWAP_BEHAVIOR_PRESERVED, retrying without...
12-14 02:59:02.239 D/OpenGLRenderer(10229): Swap behavior 0
12-14 02:59:02.279 D/gralloc_ranchu( 1397): gralloc_alloc: Creating ashmem region of size 2654208
12-14 02:59:02.283 D/StatusBar(10026): disable<e i a s b h r c s q >
12-14 02:59:02.284 I/StatusBarManagerService( 9914): registerStatusBar bar=com.android.internal.statusbar.IStatusBar$Stub$Proxy@9efb1ec
12-14 02:59:02.284 D/PhoneSwitcherNetworkRequstListener(10139): Registering NetworkFactory
12-14 02:59:02.285 D/ConnectivityService( 9914): Got NetworkFactory Messenger for PhoneSwitcherNetworkRequstListener
12-14 02:59:02.288 D/EGL_emulation(10229): eglCreateContext: 0xa5dfdfc0: maj 3 min 0 rcv 3
12-14 02:59:02.298 D/gralloc_ranchu( 1397): gralloc_alloc: Creating ashmem region of size 8298496
12-14 02:59:02.300 D/EGL_emulation( 9914): eglMakeCurrent: 0x9577ce00: ver 3 0 (tinfo 0x910b2ca0)
12-14 02:59:02.301 D/ConnectivityService( 9914): Got NetworkFactory Messenger for TelephonyNetworkFactory[0]
12-14 02:59:02.305 E/eglCodecCommon( 9914): glUtilsParamSize: unknow param 0x00008cdf
12-14 02:59:02.306 E/eglCodecCommon( 9914): glUtilsParamSize: unknow param 0x00008cdf
12-14 02:59:02.309 E/eglCodecCommon( 9914): glUtilsParamSize: unknow param 0x00008824
12-14 02:59:02.310 W/Looper  ( 9914): Dispatch took 206ms on android.ui, h=Handler (android.view.Choreographer$FrameHandler) {f4556a2} cb=android.view.Choreographer$FrameDisplayEventReceiver@4376f33 msg=0
12-14 02:59:02.309 E/eglCodecCommon( 9914): glUtilsParamSize: unknow param 0x00008824
12-14 02:59:02.312 F/OpenGLRenderer( 9914): At least 4 texture units are required!
12-14 02:59:02.349 D/EGL_emulation(10229): eglMakeCurrent: 0xa5dfdfc0: ver 3 0 (tinfo 0xb0f0b760)
12-14 02:59:02.350 E/eglCodecCommon(10229): glUtilsParamSize: unknow param 0x00008cdf
12-14 02:59:02.351 E/eglCodecCommon(10229): glUtilsParamSize: unknow param 0x00008cdf
12-14 02:59:02.351 E/eglCodecCommon(10229): glUtilsParamSize: unknow param 0x00008824
12-14 02:59:02.351 E/eglCodecCommon(10229): glUtilsParamSize: unknow param 0x00008824
12-14 02:59:02.356 F/OpenGLRenderer(10229): At least 4 texture units are required!
12-14 02:59:02.354 D/gralloc_ranchu( 1397): gralloc_alloc: Creating ashmem region of size 8298496
12-14 02:59:02.398 D/CarrierConfigLoader(10139): CarrierConfigLoader has started
12-14 02:59:02.399 E/BluetoothAdapter(10139): Bluetooth binder is null
12-14 02:59:02.417 I/crash_dump32(10256): obtaining output fd from tombstoned
12-14 02:59:02.417 I//system/bin/tombstoned( 1493): received crash request for pid 9914
12-14 02:59:02.419 I/crash_dump32(10256): performing dump of process 9914 (target tid = 10241)
12-14 02:59:02.420 I/crash_dump32(10258): obtaining output fd from tombstoned
12-14 02:59:02.420 I//system/bin/tombstoned( 1493): received crash request for pid 10229
12-14 02:59:02.420 I//system/bin/tombstoned( 1493): enqueueing crash request for pid 10229
