--------- beginning of main
12-14 02:58:57.179 I/Zygote  ( 9832): ...preloaded 114 resources in 112ms.
12-14 02:58:57.182 W/Resources( 9832): Preloaded color resource #0x1060036 (android:color/background_cache_hint_selector_material_dark) that varies with configuration!!
12-14 02:58:57.183 W/Resources( 9832): Preloaded color resource #0x1060053 (android:color/btn_default_material_dark) that varies with configuration!!
12-14 02:58:57.183 I/Zygote  ( 9832): ...preloaded 41 resources in 5ms.
12-14 02:58:57.183 D/libEGL  ( 9832): Emulator has host GPU support, qemu.gles is set to 1.
12-14 02:58:57.185 E/vndksupport( 9832): Could not load /vendor/lib/egl/libGLES_emulation.so from sphal namespace: dlopen failed: library "/vendor/lib/egl/libGLES_emulation.so" not found.
12-14 02:58:57.185 E/libEGL  ( 9832): load_driver(/vendor/lib/egl/libGLES_emulation.so): unknown
12-14 02:58:57.189 D/libEGL  ( 9832): loaded /vendor/lib/egl/libEGL_emulation.so
12-14 02:58:57.191 D/libEGL  ( 9832): loaded /vendor/lib/egl/libGLESv1_CM_emulation.so
12-14 02:58:57.211 D/libEGL  ( 9832): loaded /vendor/lib/egl/libGLESv2_emulation.so
12-14 02:58:57.227 I/Zygote  ( 9832): Preloading shared libraries...
12-14 02:58:57.228 E/Hyphenator( 9832): hyphenation patterns for /system/usr/hyphen-data/hyph-as.hyb not found or unreadable
12-14 02:58:57.229 E/Hyphenator( 9832): hyphenation patterns for /system/usr/hyphen-data/hyph-bg.hyb not found or unreadable
12-14 02:58:57.229 E/Hyphenator( 9832): hyphenation patterns for /system/usr/hyphen-data/hyph-bn.hyb not found or unreadable
12-14 02:58:57.229 E/Hyphenator( 9832): hyphenation patterns for /system/usr/hyphen-data/hyph-cu.hyb not found or unreadable
12-14 02:58:57.229 E/Hyphenator( 9832): hyphenation patterns for /system/usr/hyphen-data/hyph-cy.hyb not found or unreadable
12-14 02:58:57.229 E/Hyphenator( 9832): hyphenation patterns for /system/usr/hyphen-data/hyph-da.hyb not found or unreadable
12-14 02:58:57.229 E/Hyphenator( 9832): hyphenation patterns for /system/usr/hyphen-data/hyph-de-1901.hyb not found or unreadable
12-14 02:58:57.229 E/Hyphenator( 9832): hyphenation patterns for /system/usr/hyphen-data/hyph-de-1996.hyb not found or unreadable
12-14 02:58:57.229 E/Hyphenator( 9832): hyphenation patterns for /system/usr/hyphen-data/hyph-de-ch-1901.hyb not found or unreadable
12-14 02:58:57.229 E/Hyphenator( 9832): hyphenation patterns for /system/usr/hyphen-data/hyph-en-gb.hyb not found or unreadable
12-14 02:58:57.229 E/Hyphenator( 9832): hyphenation patterns for /system/usr/hyphen-data/hyph-en-us.hyb not found or unreadable
12-14 02:58:57.229 E/Hyphenator( 9832): hyphenation patterns for /system/usr/hyphen-data/hyph-es.hyb not found or unreadable
12-14 02:58:57.229 E/Hyphenator( 9832): hyphenation patterns for /system/usr/hyphen-data/hyph-et.hyb not found or unreadable
12-14 02:58:57.230 E/Hyphenator( 9832): hyphenation patterns for /system/usr/hyphen-data/hyph-eu.hyb not found or unreadable
12-14 02:58:57.230 E/Hyphenator( 9832): hyphenation patterns for /system/usr/hyphen-data/hyph-fr.hyb not found or unreadable
12-14 02:58:57.230 E/Hyphenator( 9832): hyphenation patterns for /system/usr/hyphen-data/hyph-ga.hyb not found or unreadable
12-14 02:58:57.230 E/Hyphenator( 9832): hyphenation patterns for /system/usr/hyphen-data/hyph-gu.hyb not found or unreadable
12-14 02:58:57.230 E/Hyphenator( 9832): hyphenation patterns for /system/usr/hyphen-data/hyph-hi.hyb not found or unreadable
12-14 02:58:57.230 E/Hyphenator( 9832): hyphenation patterns for /system/usr/hyphen-data/hyph-hr.hyb not found or unreadable
12-14 02:58:57.230 E/Hyphenator( 9832): hyphenation patterns for /system/usr/hyphen-data/hyph-hu.hyb not found or unreadable
12-14 02:58:57.230 E/Hyphenator( 9832): hyphenation patterns for /system/usr/hyphen-data/hyph-hy.hyb not found or unreadable
12-14 02:58:57.230 E/Hyphenator( 9832): hyphenation patterns for /system/usr/hyphen-data/hyph-kn.hyb not found or unreadable
12-14 02:58:57.230 E/Hyphenator( 9832): hyphenation patterns for /system/usr/hyphen-data/hyph-ml.hyb not found or unreadable
12-14 02:58:57.230 E/Hyphenator( 9832): hyphenation patterns for /system/usr/hyphen-data/hyph-mn-cyrl.hyb not found or unreadable
12-14 02:58:57.230 E/Hyphenator( 9832): hyphenation patterns for /system/usr/hyphen-data/hyph-mr.hyb not found or unreadable
12-14 02:58:57.230 E/Hyphenator( 9832): hyphenation patterns for /system/usr/hyphen-data/hyph-nb.hyb not found or unreadable
12-14 02:58:57.230 E/Hyphenator( 9832): hyphenation patterns for /system/usr/hyphen-data/hyph-nn.hyb not found or unreadable
12-14 02:58:57.230 E/Hyphenator( 9832): hyphenation patterns for /system/usr/hyphen-data/hyph-or.hyb not found or unreadable
12-14 02:58:57.230 E/Hyphenator( 9832): hyphenation patterns for /system/usr/hyphen-data/hyph-pa.hyb not found or unreadable
12-14 02:58:57.230 E/Hyphenator( 9832): hyphenation patterns for /system/usr/hyphen-data/hyph-pt.hyb not found or unreadable
12-14 02:58:57.230 E/Hyphenator( 9832): hyphenation patterns for /system/usr/hyphen-data/hyph-sl.hyb not found or unreadable
12-14 02:58:57.231 E/Hyphenator( 9832): hyphenation patterns for /system/usr/hyphen-data/hyph-ta.hyb not found or unreadable
12-14 02:58:57.231 E/Hyphenator( 9832): hyphenation patterns for /system/usr/hyphen-data/hyph-te.hyb not found or unreadable
12-14 02:58:57.231 E/Hyphenator( 9832): hyphenation patterns for /system/usr/hyphen-data/hyph-tk.hyb not found or unreadable
12-14 02:58:57.231 E/Hyphenator( 9832): hyphenation patterns for /system/usr/hyphen-data/hyph-und-ethi.hyb not found or unreadable
12-14 02:58:57.234 I/Zygote  ( 9832): Uninstalled ICU cache reference pinning...
12-14 02:58:57.235 I/Zygote  ( 9832): Installed AndroidKeyStoreProvider in 0ms.
12-14 02:58:57.245 I/Zygote  ( 9832): Warmed up JCA providers in 11ms.
12-14 02:58:57.246 D/Zygote  ( 9832): end preload
12-14 02:58:57.259 I/zygote  ( 9832): Explicit concurrent copying GC freed 31418(1690KB) AllocSpace objects, 4(104KB) LOS objects, 75% free, 1022KB/3MB, paused 926us total 12.662ms
12-14 02:58:57.270 I/zygote  ( 9832): Explicit concurrent copying GC freed 5460(206KB) AllocSpace objects, 0(0B) LOS objects, 75% free, 848KB/3MB, paused 540us total 8.910ms
12-14 02:58:57.332 I/zygote  ( 9832): Global filter of size 210 installed
12-14 02:58:57.359 I/Zygote  ( 9832): System server process 9914 has been created
12-14 02:58:57.360 I/Zygote  ( 9832): Accepting command socket connections
12-14 02:58:57.474 D/installd( 1479): Found quota mount /dev/block/dm-0 at /data
12-14 02:58:57.474 D/installd( 1479): Found quota mount /dev/block/dm-0 at /data/var/run/netns
12-14 02:58:57.474 D/installd( 1479): Found storage mount /data/media at /mnt/runtime/default/emulated
12-14 02:58:57.561 W//system/bin/hwservicemanager( 1335): getTransportFromManifest: Cannot find entry android.hardware.memtrack@1.0::IMemtrack in either framework or device manifest, using default transport.
12-14 02:58:57.562 E/memtrack( 9914): Couldn't load memtrack module
12-14 02:58:57.562 W/android.os.Debug( 9914): failed to get memory consumption info: -1
12-14 02:58:57.579 W/zygote  ( 9914): failed to remove /acct/uid_0/pid_1344: Device or resource busy
12-14 02:58:57.579 W/zygote  ( 9914): failed to remove /acct/uid_0/pid_1372: Device or resource busy
12-14 02:58:57.579 W/zygote  ( 9914): failed to remove /acct/uid_0/pid_1402: Device or resource busy
12-14 02:58:57.579 W/zygote  ( 9914): failed to remove /acct/uid_0/pid_1407: Device or resource busy
12-14 02:58:57.580 W/zygote  ( 9914): failed to remove /acct/uid_0/pid_1412: Device or resource busy
12-14 02:58:57.580 W/zygote  ( 9914): failed to remove /acct/uid_0/pid_1479: Device or resource busy
12-14 02:58:57.580 W/zygote  ( 9914): failed to remove /acct/uid_0/pid_1486: Device or resource busy
12-14 02:58:57.580 W/zygote  ( 9914): failed to remove /acct/uid_0/pid_1491: Device or resource busy
12-14 02:58:57.580 W/zygote  ( 9914): failed to remove /acct/uid_0/pid_1604: Device or resource busy
12-14 02:58:57.580 W/zygote  ( 9914): failed to remove /acct/uid_0/pid_1615: Device or resource busy
12-14 02:58:57.580 W/zygote  ( 9914): failed to remove /acct/uid_0/pid_1618: Device or resource busy
12-14 02:58:57.581 W/zygote  ( 9914): failed to remove /acct/uid_0/pid_1620: Device or resource busy
12-14 02:58:57.581 W/zygote  ( 9914): failed to remove /acct/uid_0/pid_9832: Device or resource busy
12-14 02:58:57.581 W/zygote  ( 9914): failed to remove /acct/uid_0/pid_9836: Device or resource busy
12-14 02:58:57.581 W/zygote  ( 9914): failed to remove /acct/uid_0: Permission denied
12-14 02:58:57.581 W/zygote  ( 9914): failed to remove /acct/uid_1000/pid_1334: Device or resource busy
12-14 02:58:57.582 W/zygote  ( 9914): failed to remove /acct/uid_1000/pid_1335: Device or resource busy
12-14 02:58:57.582 W/zygote  ( 9914): failed to remove /acct/uid_1000/pid_1337: Device or resource busy
12-14 02:58:57.582 W/zygote  ( 9914): failed to remove /acct/uid_1000/pid_1343: Device or resource busy
12-14 02:58:57.582 W/zygote  ( 9914): failed to remove /acct/uid_1000/pid_1390: Device or resource busy
12-14 02:58:57.582 W/zygote  ( 9914): failed to remove /acct/uid_1000/pid_1393: Device or resource busy
12-14 02:58:57.582 W/zygote  ( 9914): failed to remove /acct/uid_1000/pid_1396: Device or resource busy
12-14 02:58:57.582 W/zygote  ( 9914): failed to remove /acct/uid_1000/pid_1397: Device or resource busy
12-14 02:58:57.582 W/zygote  ( 9914): failed to remove /acct/uid_1000/pid_1398: Device or resource busy
12-14 02:58:57.582 W/zygote  ( 9914): failed to remove /acct/uid_1000/pid_1399: Device or resource busy
12-14 02:58:57.582 W/zygote  ( 9914): failed to remove /acct/uid_1000/pid_1413: Device or resource busy
12-14 02:58:57.583 W/zygote  ( 9914): failed to remove /acct/uid_1000/pid_1488: Device or resource busy
12-14 02:58:57.583 W/zygote  ( 9914): failed to remove /acct/uid_1000/pid_1492: Device or resource busy
12-14 02:58:57.583 W/zygote  ( 9914): failed to remove /acct/uid_1000/pid_1494: Device or resource busy
12-14 02:58:57.583 W/zygote  ( 9914): failed to remove /acct/uid_1000/pid_9489: Device or resource busy
12-14 02:58:57.583 W/zygote  ( 9914): failed to remove /acct/uid_1000: Permission denied
12-14 02:58:57.583 W/zygote  ( 9914): failed to remove /acct/uid_1001/pid_1490: Device or resource busy
12-14 02:58:57.583 W/zygote  ( 9914): failed to remove /acct/uid_1001: Permission denied
12-14 02:58:57.583 W/zygote  ( 9914): failed to remove /acct/uid_1003/pid_3968: Device or resource busy
12-14 02:58:57.583 W/zygote  ( 9914): failed to remove /acct/uid_1003: Permission denied
12-14 02:58:57.583 W/zygote  ( 9914): failed to remove /acct/uid_1010/pid_1401: Device or resource busy
12-14 02:58:57.583 W/zygote  ( 9914): failed to remove /acct/uid_1010/pid_9837: Device or resource busy
12-14 02:58:57.584 W/zygote  ( 9914): failed to remove /acct/uid_1010: Permission denied
12-14 02:58:57.584 W/zygote  ( 9914): failed to remove /acct/uid_1013/pid_1394: Device or resource busy
12-14 02:58:57.584 W/zygote  ( 9914): failed to remove /acct/uid_1013/pid_1395: Device or resource busy
12-14 02:58:57.584 W/zygote  ( 9914): failed to remove /acct/uid_1013/pid_1481: Device or resource busy
12-14 02:58:57.584 W/zygote  ( 9914): failed to remove /acct/uid_1013/pid_1483: Device or resource busy
12-14 02:58:57.584 W/zygote  ( 9914): failed to remove /acct/uid_1013/pid_9835: Device or resource busy
12-14 02:58:57.584 W/zygote  ( 9914): failed to remove /acct/uid_1013: Permission denied
12-14 02:58:57.584 W/zygote  ( 9914): failed to remove /acct/uid_1017/pid_1480: Device or resource busy
12-14 02:58:57.584 W/zygote  ( 9914): failed to remove /acct/uid_1017: Permission denied
12-14 02:58:57.584 W/zygote  ( 9914): failed to remove /acct/uid_1019/pid_1478: Device or resource busy
12-14 02:58:57.585 W/zygote  ( 9914): failed to remove /acct/uid_1019: Permission denied
12-14 02:58:57.585 W/zygote  ( 9914): failed to remove /acct/uid_1020/pid_1377: Device or resource busy
12-14 02:58:57.585 W/zygote  ( 9914): failed to remove /acct/uid_1020: Permission denied
12-14 02:58:57.585 W/zygote  ( 9914): failed to remove /acct/uid_1036/pid_1333: Device or resource busy
12-14 02:58:57.585 W/zygote  ( 9914): failed to remove /acct/uid_1036/pid_9809: Device or resource busy
12-14 02:58:57.585 W/zygote  ( 9914): failed to remove /acct/uid_1036: Permission denied
12-14 02:58:57.585 W/zygote  ( 9914): failed to remove /acct/uid_1037: Permission denied
12-14 02:58:57.585 W/zygote  ( 9914): failed to remove /acct/uid_1040/pid_1482: Device or resource busy
12-14 02:58:57.585 W/zygote  ( 9914): failed to remove /acct/uid_1040: Permission denied
12-14 02:58:57.586 W/zygote  ( 9914): failed to remove /acct/uid_1041/pid_9833: Device or resource busy
12-14 02:58:57.586 W/zygote  ( 9914): failed to remove /acct/uid_1041/pid_9838: Device or resource busy
12-14 02:58:57.586 W/zygote  ( 9914): failed to remove /acct/uid_1041: Permission denied
12-14 02:58:57.586 W/zygote  ( 9914): failed to remove /acct/uid_1046/pid_1489: Device or resource busy
12-14 02:58:57.586 W/zygote  ( 9914): failed to remove /acct/uid_1046: Permission denied
12-14 02:58:57.586 W/zygote  ( 9914): failed to remove /acct/uid_1047/pid_1392: Device or resource busy
12-14 02:58:57.586 W/zygote  ( 9914): failed to remove /acct/uid_1047/pid_9834: Device or resource busy
12-14 02:58:57.586 W/zygote  ( 9914): failed to remove /acct/uid_1047: Permission denied
12-14 02:58:57.587 W/zygote  ( 9914): failed to remove /acct/uid_1053/pid_1757: Device or resource busy
12-14 02:58:57.587 W/zygote  ( 9914): failed to remove /acct/uid_1053: Permission denied
12-14 02:58:57.587 W/zygote  ( 9914): failed to remove /acct/uid_1058/pid_1493: Device or resource busy
12-14 02:58:57.587 W/zygote  ( 9914): failed to remove /acct/uid_1058: Permission denied
12-14 02:58:57.587 W/zygote  ( 9914): failed to remove /acct/uid_10002: Permission denied
12-14 02:58:57.587 W/zygote  ( 9914): failed to remove /acct/uid_10003: Permission denied
12-14 02:58:57.587 W/zygote  ( 9914): failed to remove /acct/uid_10004: Permission denied
12-14 02:58:57.587 W/zygote  ( 9914): failed to remove /acct/uid_10005: Permission denied
12-14 02:58:57.587 W/zygote  ( 9914): failed to remove /acct/uid_10007: Permission denied
12-14 02:58:57.588 W/zygote  ( 9914): failed to remove /acct/uid_10008: Permission denied
12-14 02:58:57.588 W/zygote  ( 9914): failed to remove /acct/uid_10009: Permission denied
12-14 02:58:57.588 W/zygote  ( 9914): failed to remove /acct/uid_10010: Permission denied
12-14 02:58:57.588 W/zygote  ( 9914): failed to remove /acct/uid_10011: Permission denied
12-14 02:58:57.588 W/zygote  ( 9914): failed to remove /acct/uid_10012: Permission denied
12-14 02:58:57.588 W/zygote  ( 9914): failed to remove /acct/uid_10014: Permission denied
12-14 02:58:57.588 W/zygote  ( 9914): failed to remove /acct/uid_10015: Permission denied
12-14 02:58:57.588 W/zygote  ( 9914): failed to remove /acct/uid_10016: Permission denied
12-14 02:58:57.588 W/zygote  ( 9914): failed to remove /acct/uid_10017: Permission denied
12-14 02:58:57.588 W/zygote  ( 9914): failed to remove /acct/uid_10018: Permission denied
12-14 02:58:57.588 W/zygote  ( 9914): failed to remove /acct/uid_10019: Permission denied
12-14 02:58:57.588 W/zygote  ( 9914): failed to remove /acct/uid_10020: Permission denied
12-14 02:58:57.588 W/zygote  ( 9914): failed to remove /acct/uid_10023: Permission denied
12-14 02:58:57.588 W/zygote  ( 9914): failed to remove /acct/uid_10028: Permission denied
12-14 02:58:57.588 W/zygote  ( 9914): failed to remove /acct/uid_10030: Permission denied
12-14 02:58:57.588 W/zygote  ( 9914): failed to remove /acct/uid_10043: Permission denied
12-14 02:58:57.588 W/zygote  ( 9914): failed to remove /acct/uid_10046: Permission denied
12-14 02:58:57.588 W/zygote  ( 9914): failed to remove /acct/uid_10050: Permission denied
12-14 02:58:57.589 W/zygote  ( 9914): failed to remove /acct/uid_10052: Permission denied
12-14 02:58:57.589 W/zygote  ( 9914): failed to remove /acct/uid_10058: Permission denied
12-14 02:58:57.589 W/zygote  ( 9914): failed to remove /acct/uid_10059: Permission denied
12-14 02:58:57.589 W/zygote  ( 9914): failed to remove /acct/uid_10065: Permission denied
12-14 02:58:57.589 W/zygote  ( 9914): failed to remove /acct/uid_10066: Permission denied
12-14 02:58:57.589 W/zygote  ( 9914): failed to remove /acct/uid_10067: Permission denied
12-14 02:58:57.589 W/zygote  ( 9914): failed to remove /acct/uid_10068: Permission denied
12-14 02:58:57.589 W/zygote  ( 9914): failed to remove /acct/uid_10069: Permission denied
12-14 02:58:57.589 W/zygote  ( 9914): failed to remove /acct/uid_10072: Permission denied
12-14 02:58:57.590 W/zygote  ( 9914): failed to remove /acct/uid_10076: Permission denied
12-14 02:58:57.590 W/zygote  ( 9914): failed to remove /acct/uid_10378: Permission denied
12-14 02:58:57.590 W/zygote  ( 9914): failed to remove /acct/uid_10380: Permission denied
12-14 02:58:57.590 W/zygote  ( 9914): failed to remove /acct/uid_10381: Permission denied
12-14 02:58:57.598 I/PowerManagerService-JNI( 9914): Loaded power HAL service
12-14 02:58:57.599 I/libsuspend( 9914): Selected wakeup count
12-14 02:58:57.614 E/SurfaceFlinger( 1413): ro.sf.lcd_density must be defined as a build property
12-14 02:58:57.618 D/SurfaceFlinger( 1413): Set power mode=2, type=0 flinger=0xa80c9000
12-14 02:58:57.619 W//system/bin/hwservicemanager( 1335): getTransportFromManifest: Cannot find entry android.hardware.light@2.0::ILight in either framework or device manifest, using default transport.
12-14 02:58:57.619 E/LightsService( 9914): Unable to get ILight interface.
12-14 02:58:57.716 D/PackageManager( 9914): No files in app dir /vendor/overlay
12-14 02:58:57.929 D/PackageManager( 9914): No files in app dir /vendor/app
12-14 02:58:57.929 D/PackageManager( 9914): No files in app dir /oem/app
12-14 02:58:58.046 D/PackageManager( 9914): No files in app dir /data/app-private
12-14 02:58:58.112 W/installd( 1479): Ignoring /data/data/com.android.defcontainer/lib with unexpected GID 0 instead of 10007
12-14 02:58:58.112 W/installd( 1479): Ignoring /data/data/com.google.android.inputmethod.latin/lib with unexpected GID 0 instead of 10058
12-14 02:58:58.113 W/installd( 1479): Ignoring /data/data/com.google.android.youtube/lib with unexpected GID 0 instead of 10078
12-14 02:58:58.113 W/installd( 1479): Ignoring /data/data/com.google.android.googlequicksearchbox/lib with unexpected GID 0 instead of 10030
12-14 02:58:58.113 W/installd( 1479): Ignoring /data/data/com.google.android.apps.messaging/lib with unexpected GID 0 instead of 10066
12-14 02:58:58.113 W/installd( 1479): Ignoring /data/data/com.android.vending/lib with unexpected GID 0 instead of 10023
12-14 02:58:58.113 W/installd( 1479): Ignoring /data/data/com.android.pacprocessor/lib with unexpected GID 0 instead of 10063
12-14 02:58:58.113 W/installd( 1479): Ignoring /data/data/com.android.camera2/lib with unexpected GID 0 instead of 10039
12-14 02:58:58.113 W/installd( 1479): Ignoring /data/data/com.google.android.apps.inputmethod.hindi/lib with unexpected GID 0 instead of 10051
12-14 02:58:58.113 W/installd( 1479): Ignoring /data/data/com.google.android.apps.tachyon/lib with unexpected GID 0 instead of 10047
12-14 02:58:58.113 W/installd( 1479): Ignoring /data/data/com.android.printspooler/lib with unexpected GID 0 instead of 10069
12-14 02:58:58.114 W/installd( 1479): Ignoring /data/data/com.android.bips/lib with unexpected GID 0 instead of 10032
12-14 02:58:58.114 W/installd( 1479): Ignoring /data/data/com.google.android.apps.docs/lib with unexpected GID 0 instead of 10052
12-14 02:58:58.114 W/installd( 1479): Ignoring /data/data/com.google.android.apps.maps/lib with unexpected GID 0 instead of 10059
12-14 02:58:58.114 W/installd( 1479): Ignoring /data/data/com.android.chrome/lib with unexpected GID 0 instead of 10043
12-14 02:58:58.114 W/installd( 1479): Ignoring /data/data/com.google.android.gms/lib with unexpected GID 0 instead of 10011
12-14 02:58:58.114 W/installd( 1479): Ignoring /data/data/com.google.android.gsf/lib with unexpected GID 0 instead of 10011
12-14 02:58:58.114 W/installd( 1479): Ignoring /data/data/com.google.android.tts/lib with unexpected GID 0 instead of 10055
12-14 02:58:58.114 W/installd( 1479): Ignoring /data/data/com.google.android.videos/lib with unexpected GID 0 instead of 10072
12-14 02:58:58.114 W/installd( 1479): Ignoring /data/data/com.breel.geswallpapers/lib with unexpected GID 0 instead of 10074
12-14 02:58:58.114 W/installd( 1479): Ignoring /data/data/com.google.android.apps.photos/lib with unexpected GID 0 instead of 10065
12-14 02:58:58.115 W/installd( 1479): Ignoring /data/data/com.google.android.backuptransport/lib with unexpected GID 0 instead of 10011
12-14 02:58:58.115 W/installd( 1479): Ignoring /data/data/jp.co.omronsoft.openwnn/lib with unexpected GID 0 instead of 10062
12-14 02:58:58.115 W/installd( 1479): Ignoring /data/data/com.google.android.inputmethod.pinyin/lib with unexpected GID 0 instead of 10053
12-14 02:58:58.116 W/installd( 1479): Ignoring /data/user_de/0/com.android.defcontainer/lib with unexpected GID 0 instead of 10007
12-14 02:58:58.248 I/zygote  ( 9914): Explicit concurrent copying GC freed 31361(1669KB) AllocSpace objects, 7(1696KB) LOS objects, 42% free, 5MB/10MB, paused 789us total 69.521ms
12-14 02:58:58.251 D/FallbackCategoryProvider( 9914): Found 387 fallback categories
12-14 02:58:58.271 I/lowmemorykiller( 1412): ActivityManager connected
12-14 02:58:58.279 D/SensorService( 9914): nuSensorService starting...
12-14 02:58:58.280 E//vendor/bin/hw/android.hardware.sensors@1.0-service( 9489): ISensors::poll() re-entry. I do not know what to do except killing myself.
12-14 02:58:58.302 I/SensorService( 9914): poll() check unsuccessful, try again soon (remaining retry 9).
12-14 02:58:58.305 I/vndksupport( 9961): sphal namespace is not configured for this process. Loading /vendor/lib/hw/sensors.ranchu.so from the current namespace instead.
12-14 02:58:58.306 I/ServiceManagement( 9961): Removing namespace from process name android.hardware.sensors@1.0-service to sensors@1.0-ser.
12-14 02:58:58.308 I/android.hardware.sensors@1.0-service( 9961): Registration complete for android.hardware.sensors@1.0::ISensors/default.
12-14 02:58:58.316 E/BluetoothAdapter( 9914): Bluetooth binder is null
12-14 02:58:58.364 I/Zygote  ( 9914): Process: zygote socket zygote opened, supported ABIS: x86
12-14 02:58:58.366 W/cutils  ( 1479): Expected path /data/data/com.google.android.gms with mode 700 but found 751
12-14 02:58:58.366 W/cutils  ( 1479): Expected path /data/user_de/0/com.google.android.gms with mode 700 but found 751
12-14 02:58:58.367 W/cutils  ( 1479): Expected path /data/data/com.google.android.gms with mode 700 but found 751
12-14 02:58:58.367 W/cutils  ( 1479): Expected path /data/user_de/0/com.google.android.gms with mode 700 but found 751
12-14 02:58:58.405 E/SensorService( 9914): Reported power 0.000000 not deemed sane, clamping to 0.001000
12-14 02:58:58.405 E/        ( 9914): Reporting Mode incorrect: sensor Goldfish Temperature sensor handle=0x00000004 type=13 actual=0 expected=1
12-14 02:58:58.405 E/        ( 9914): Reporting Mode incorrect: sensor Goldfish Humidity sensor handle=0x00000008 type=12 actual=0 expected=1
12-14 02:58:58.406 D/SensorService( 9914): nuSensorService thread starting...
12-14 02:58:58.417 D/SensorService( 9914): new thread SensorEventAckReceiver
12-14 02:58:58.417 W//system/bin/hwservicemanager( 1335): getTransportFromManifest: Cannot find entry android.hardware.vibrator@1.0::IVibrator in either framework or device manifest, using default transport.
12-14 02:58:58.417 W/VibratorService( 9914): Tried to stop vibrating but there is no vibrator device.
12-14 02:58:58.417 W/VibratorService( 9914): Unable to get max vibration amplitude, there is no vibrator device.
12-14 02:58:58.419 W//system/bin/hwservicemanager( 1335): getTransportFromManifest: Cannot find entry android.hardware.ir@1.0::IConsumerIr in either framework or device manifest, using default transport.
12-14 02:58:58.421 W/AlarmManagerService( 9914): no wall clock RTC found
12-14 02:58:58.422 D/AlarmManagerService( 9914): Kernel timezone updated to 300 minutes west of GMT
12-14 02:58:58.465 W/ShortcutManager( 9914): Unable to add bookmark: com.google.android.talk/com.google.android.talk.SigningInActivity
12-14 02:58:58.465 W/ShortcutManager( 9914): android.content.pm.PackageManager$NameNotFoundException: ComponentInfo{com.google.android.talk/com.google.android.talk.SigningInActivity}
12-14 02:58:58.465 W/ShortcutManager( 9914): 	at android.app.ApplicationPackageManager.getActivityInfo(ApplicationPackageManager.java:413)
12-14 02:58:58.465 W/ShortcutManager( 9914): 	at com.android.server.policy.ShortcutManager.loadShortcuts(ShortcutManager.java:142)
12-14 02:58:58.465 W/ShortcutManager( 9914): 	at com.android.server.policy.ShortcutManager.<init>(ShortcutManager.java:62)
12-14 02:58:58.465 W/ShortcutManager( 9914): 	at com.android.server.policy.PhoneWindowManager.init(PhoneWindowManager.java:1887)
12-14 02:58:58.465 W/ShortcutManager( 9914): 	at com.android.server.wm.WindowManagerService$3.run(WindowManagerService.java:992)
12-14 02:58:58.465 W/ShortcutManager( 9914): 	at android.os.Handler$BlockingRunnable.run(Handler.java:809)
12-14 02:58:58.465 W/ShortcutManager( 9914): 	at android.os.Handler.handleCallback(Handler.java:789)
12-14 02:58:58.465 W/ShortcutManager( 9914): 	at android.os.Handler.dispatchMessage(Handler.java:98)
12-14 02:58:58.465 W/ShortcutManager( 9914): 	at android.os.Looper.loop(Looper.java:164)
12-14 02:58:58.465 W/ShortcutManager( 9914): 	at android.os.HandlerThread.run(HandlerThread.java:65)
12-14 02:58:58.465 W/ShortcutManager( 9914): 	at com.android.server.ServiceThread.run(ServiceThread.java:46)
12-14 02:58:58.465 W/ShortcutManager( 9914): 	at com.android.server.UiThread.run(UiThread.java:42)
12-14 02:58:58.477 W//system/bin/hwservicemanager( 1335): getTransportFromManifest: Cannot find entry android.hardware.vr@1.0::IVr in either framework or device manifest, using default transport.
12-14 02:58:58.478 W/VrManagerService( 9914): init_native: Could not open IVr interface
12-14 02:58:58.493 D/EventHub( 9914): No input device configuration file found for device 'Power Button'.
12-14 02:58:58.495 W/EventHub( 9914): Unable to disable kernel key repeat for /dev/input/event0: Function not implemented
12-14 02:58:58.495 I/EventHub( 9914): New device: id=1, fd=96, path='/dev/input/event0', name='Power Button', classes=0x1, configuration='', keyLayout='/system/usr/keylayout/Generic.kl', keyCharacterMap='/system/usr/keychars/Generic.kcm', builtinKeyboard=false, wakeMechanism=EPOLLWAKEUP, usingClockIoctl=true
12-14 02:58:58.495 E/EventHub( 9914): could not get driver version for /dev/input/mouse0, Not a typewriter
12-14 02:58:58.534 D/installd( 1479): Found quota mount /dev/block/dm-0 at /data
12-14 02:58:58.534 D/installd( 1479): Found quota mount /dev/block/dm-0 at /data/var/run/netns
12-14 02:58:58.534 D/installd( 1479): Found storage mount /data/media at /mnt/runtime/default/emulated
12-14 02:58:58.536 D/installd( 1479): Found quota mount /dev/block/dm-0 at /data
12-14 02:58:58.536 D/installd( 1479): Found quota mount /dev/block/dm-0 at /data/var/run/netns
12-14 02:58:58.536 D/installd( 1479): Found storage mount /data/media at /mnt/runtime/default/emulated
12-14 02:58:58.551 I/PackageManager( 9914): No secure containers found
12-14 02:58:58.572 I/EventHub( 9914): New device: id=2, fd=103, path='/dev/input/event2', name='goldfish_rotary', classes=0x1000, configuration='/system/usr/idc/goldfish_rotary.idc', keyLayout='', keyCharacterMap='', builtinKeyboard=false, wakeMechanism=EPOLLWAKEUP, usingClockIoctl=true
12-14 02:58:58.573 W/EventHub( 9914): Unable to disable kernel key repeat for /dev/input/event1: Function not implemented
12-14 02:58:58.574 I/EventHub( 9914): New device: id=3, fd=104, path='/dev/input/event1', name='qwerty2', classes=0x97, configuration='/system/usr/idc/qwerty2.idc', keyLayout='/system/usr/keylayout/qwerty.kl', keyCharacterMap='/system/usr/keychars/qwerty2.kcm', builtinKeyboard=true, wakeMechanism=EPOLLWAKEUP, usingClockIoctl=true
12-14 02:58:58.574 E/EventHub( 9914): could not get driver version for /dev/input/mice, Not a typewriter
12-14 02:58:58.625 W/StorageManagerService( 9914): No primary storage defined yet; hacking together a stub
12-14 02:58:58.629 W/StorageManagerService( 9914): No primary storage defined yet; hacking together a stub
12-14 02:58:58.635 I/InputReader( 9914): Device added: id=-1, name='Virtual', sources=0x00000301
12-14 02:58:58.637 I/InputReader( 9914):   Touch device 'qwerty2' could not query the properties of its associated display.  The device will be inoperable until the display size becomes available.
12-14 02:58:58.637 I/InputReader( 9914): Device added: id=0, name='qwerty2', sources=0x80001103
12-14 02:58:58.637 I/InputReader( 9914): Device added: id=2, name='goldfish_rotary', sources=0x00400000
12-14 02:58:58.637 I/InputReader( 9914): Device added: id=1, name='Power Button', sources=0x00000101
12-14 02:58:58.650 I/InputReader( 9914): Reconfiguring input devices.  changes=0x00000004
12-14 02:58:58.650 I/InputReader( 9914): Device reconfigured: id=0, name='qwerty2', size 1080x1920, orientation 0, mode 1, display id 0
12-14 02:58:58.678 I/PackageManager.DexOptimizer( 9914): Running dexopt (dexoptNeeded=1) on: /system/app/CubeLiveWallpapers/CubeLiveWallpapers.apk pkg=com.example.android.livecubes isa=x86 dexoptFlags=boot_complete,public target-filter=verify oatDir=null sharedLibraries=null
12-14 02:58:58.694 W/dex2oat ( 9977): Unexpected CPU variant for X86 using defaults: x86
12-14 02:58:58.694 W/dex2oat ( 9977): Mismatch between dex2oat instruction set features (ISA: X86 Feature string: -ssse3,-sse4.1,-sse4.2,-avx,-avx2,-popcnt) and those of dex2oat executable (ISA: X86 Feature string: ssse3,-sse4.1,-sse4.2,-avx,-avx2,-popcnt) for the command line:
12-14 02:58:58.694 W/dex2oat ( 9977): /system/bin/dex2oat --zip-fd=8 --zip-location=CubeLiveWallpapers.apk --input-vdex-fd=-1 --output-vdex-fd=10 --oat-fd=9 --oat-location=/data/dalvik-cache/x86/system@app@CubeLiveWallpapers@CubeLiveWallpapers.apk@classes.dex --instruction-set=x86 --instruction-set-variant=x86 --instruction-set-features=default --runtime-arg -Xms64m --runtime-arg -Xmx512m --compiler-filter=verify --swap-fd=11 --classpath-dir=/system/app/CubeLiveWallpapers
12-14 02:58:58.694 I/dex2oat ( 9977): /system/bin/dex2oat --input-vdex-fd=-1 --output-vdex-fd=10 --compiler-filter=verify --classpath-dir=/system/app/CubeLiveWallpapers
12-14 02:58:58.780 I/dex2oat ( 9977): dex2oat took 86.187ms (51.002ms cpu) (threads: 2) arena alloc=0B (0B) java alloc=54KB (55392B) native alloc=1483KB (1518824B) free=1076KB (1102616B)
12-14 02:58:58.904 I/PackageManager.DexOptimizer( 9914): Running dexopt (dexoptNeeded=1) on: /system/priv-app/GoogleServicesFramework/GoogleServicesFramework.apk pkg=com.google.android.gsf isa=x86 dexoptFlags=boot_complete,public target-filter=verify oatDir=null sharedLibraries=null
12-14 02:58:58.918 W/dex2oat ( 9980): Unexpected CPU variant for X86 using defaults: x86
12-14 02:58:58.919 W/dex2oat ( 9980): Mismatch between dex2oat instruction set features (ISA: X86 Feature string: -ssse3,-sse4.1,-sse4.2,-avx,-avx2,-popcnt) and those of dex2oat executable (ISA: X86 Feature string: ssse3,-sse4.1,-sse4.2,-avx,-avx2,-popcnt) for the command line:
12-14 02:58:58.919 W/dex2oat ( 9980): /system/bin/dex2oat --zip-fd=8 --zip-location=GoogleServicesFramework.apk --input-vdex-fd=-1 --output-vdex-fd=10 --oat-fd=9 --oat-location=/data/dalvik-cache/x86/system@priv-app@GoogleServicesFramework@GoogleServicesFramework.apk@classes.dex --instruction-set=x86 --instruction-set-variant=x86 --instruction-set-features=default --runtime-arg -Xms64m --runtime-arg -Xmx512m --compiler-filter=verify --swap-fd=11 --classpath-dir=/system/priv-app/GoogleServicesFramework
12-14 02:58:58.919 I/dex2oat ( 9980): /system/bin/dex2oat --input-vdex-fd=-1 --output-vdex-fd=10 --compiler-filter=verify --classpath-dir=/system/priv-app/GoogleServicesFramework
12-14 02:58:59.280 I/dex2oat ( 9980): dex2oat took 361.453ms (467.853ms cpu) (threads: 2) arena alloc=0B (0B) java alloc=651KB (666744B) native alloc=2MB (2101136B) free=1532KB (1568880B)
12-14 02:58:59.407 I/PackageManager.DexOptimizer( 9914): Running dexopt (dexoptNeeded=1) on: /system/app/SoftKeyboard/SoftKeyboard.apk pkg=com.example.android.softkeyboard isa=x86 dexoptFlags=boot_complete,public target-filter=verify oatDir=null sharedLibraries=null
12-14 02:58:59.422 W/dex2oat ( 9983): Unexpected CPU variant for X86 using defaults: x86
12-14 02:58:59.423 W/dex2oat ( 9983): Mismatch between dex2oat instruction set features (ISA: X86 Feature string: -ssse3,-sse4.1,-sse4.2,-avx,-avx2,-popcnt) and those of dex2oat executable (ISA: X86 Feature string: ssse3,-sse4.1,-sse4.2,-avx,-avx2,-popcnt) for the command line:
12-14 02:58:59.423 W/dex2oat ( 9983): /system/bin/dex2oat --zip-fd=8 --zip-location=SoftKeyboard.apk --input-vdex-fd=-1 --output-vdex-fd=10 --oat-fd=9 --oat-location=/data/dalvik-cache/x86/system@app@SoftKeyboard@SoftKeyboard.apk@classes.dex --instruction-set=x86 --instruction-set-variant=x86 --instruction-set-features=default --runtime-arg -Xms64m --runtime-arg -Xmx512m --compiler-filter=verify --swap-fd=11 --classpath-dir=/system/app/SoftKeyboard
12-14 02:58:59.423 I/dex2oat ( 9983): /system/bin/dex2oat --input-vdex-fd=-1 --output-vdex-fd=10 --compiler-filter=verify --classpath-dir=/system/app/SoftKeyboard
12-14 02:58:59.519 I/dex2oat ( 9983): dex2oat took 97.006ms (69.830ms cpu) (threads: 2) arena alloc=0B (0B) java alloc=86KB (88720B) native alloc=1818KB (1862160B) free=1253KB (1283568B)
--------- beginning of system
12-14 02:58:59.533 I/SystemServer( 9914): PerformFstrimIfNeeded
12-14 02:58:59.534 I/SystemServer( 9914): StartLockSettingsService
12-14 02:58:59.534 I/SystemServiceManager( 9914): Starting com.android.server.LockSettingsService$Lifecycle
12-14 02:58:59.540 I/SystemServer( 9914): StartDeviceIdleController
12-14 02:58:59.540 I/SystemServiceManager( 9914): Starting com.android.server.DeviceIdleController
12-14 02:58:59.544 I/SystemServer( 9914): StartDevicePolicyManager
12-14 02:58:59.544 I/SystemServiceManager( 9914): Starting com.android.server.devicepolicy.DevicePolicyManagerService$Lifecycle
12-14 02:58:59.547 I/SystemServer( 9914): StartStatusBarManagerService
12-14 02:58:59.549 I/SystemServer( 9914): StartClipboardService
12-14 02:58:59.549 I/SystemServiceManager( 9914): Starting com.android.server.clipboard.ClipboardService
12-14 02:58:59.552 I/SystemServer( 9914): StartNetworkManagementService
12-14 02:58:59.554 I/NetworkManagement( 9914): onDaemonConnected()
12-14 02:58:59.557 I/SystemServer( 9914): StartTextServicesManager
12-14 02:58:59.557 I/SystemServiceManager( 9914): Starting com.android.server.TextServicesManagerService$Lifecycle
12-14 02:58:59.558 W/TextServicesManagerService( 9914): no available spell checker services found
12-14 02:58:59.559 I/SystemServer( 9914): StartNetworkScoreService
12-14 02:58:59.562 I/SystemServer( 9914): StartNetworkStatsService
12-14 02:58:59.566 I/SystemServer( 9914): StartNetworkPolicyManagerService
12-14 02:58:59.574 I/SystemServer( 9914): StartWifi
12-14 02:58:59.575 I/SystemServiceManager( 9914): Starting com.android.server.wifi.WifiService
12-14 02:58:59.588 D/WifiApConfigStore( 9914): 2G band allowed channels are:1,6,11
12-14 02:58:59.637 D/CommandListener( 9836): Clearing all IP addresses on wlan0
12-14 02:58:59.639 D/WificondControl( 9914): tearing down interfaces in wificond
12-14 02:58:59.642 E/HalDeviceManager( 9914): isSupported: called but mServiceManager is null!?
12-14 02:58:59.642 I/WifiNative-wlan0( 9914): Vendor HAL not supported, Ignore stop...
12-14 02:58:59.644 D/WifiController( 9914): isAirplaneModeOn = false, isWifiEnabled = true, isScanningAvailable = false
12-14 02:58:59.647 E/SupplicantStaIfaceHal( 9914): Can't call setDebugParams, ISupplicant is null
12-14 02:58:59.647 W/WifiDiags( 9914): Failed to start packet fate monitoring
12-14 02:58:59.647 I/WifiService( 9914): Registering wifi
12-14 02:58:59.648 I/SystemServer( 9914): StartWifiScanning
12-14 02:58:59.649 I/SystemServiceManager( 9914): Starting com.android.server.wifi.scanner.WifiScanningService
12-14 02:58:59.649 I/WifiScanningService( 9914): Creating wifiscanner
12-14 02:58:59.650 I/WifiScanningService( 9914): Publishing wifiscanner
12-14 02:58:59.651 I/SystemServer( 9914): StartWifiRtt
12-14 02:58:59.652 I/SystemServiceManager( 9914): Starting com.android.server.wifi.RttService
12-14 02:58:59.652 I/RttService( 9914): Creating rttmanager
12-14 02:58:59.652 I/RttService( 9914): Starting rttmanager
12-14 02:58:59.653 I/SystemServer( 9914): No Wi-Fi Aware Service (Aware support Not Present)
12-14 02:58:59.653 I/SystemServer( 9914): StartConnectivityService
12-14 02:58:59.658 D/ConnectivityService( 9914): ConnectivityService starting up
12-14 02:58:59.660 D/ConnectivityService( 9914): wifiOnly=false
12-14 02:58:59.671 I/SystemServer( 9914): StartNsdService
12-14 02:58:59.674 D/NsdService( 9914): Network service discovery enabled true
12-14 02:58:59.676 I/SystemServer( 9914): StartUpdateLockService
12-14 02:58:59.678 I/SystemServer( 9914): WaitForAsecScan
12-14 02:58:59.678 I/SystemServer( 9914): StartNotificationManager
12-14 02:58:59.679 I/SystemServiceManager( 9914): Starting com.android.server.notification.NotificationManagerService
12-14 02:58:59.694 D/ConditionProviders.SCP( 9914): new ScheduleConditionProvider()
12-14 02:58:59.711 I/SystemServer( 9914): StartDeviceMonitor
12-14 02:58:59.711 I/SystemServiceManager( 9914): Starting com.android.server.storage.DeviceStorageMonitorService
12-14 02:58:59.713 I/SystemServer( 9914): StartLocationManagerService
12-14 02:58:59.715 I/SystemServer( 9914): StartCountryDetectorService
12-14 02:58:59.716 I/SystemServer( 9914): StartSearchManagerService
12-14 02:58:59.716 I/SystemServiceManager( 9914): Starting com.android.server.search.SearchManagerService$Lifecycle
12-14 02:58:59.717 I/SystemServer( 9914): StartWallpaperManagerService
12-14 02:58:59.718 I/SystemServiceManager( 9914): Starting com.android.server.wallpaper.WallpaperManagerService$Lifecycle
12-14 02:58:59.720 I/WallpaperManagerService( 9914): No static wallpaper imagery; defaults will be shown
12-14 02:58:59.722 I/SystemServer( 9914): StartAudioService
12-14 02:58:59.722 I/SystemServiceManager( 9914): Starting com.android.server.audio.AudioService$Lifecycle
12-14 02:58:59.735 W/TelecomManager( 9914): Telecom Service not found.
12-14 02:58:59.738 D/PermissionCache( 9833): checking android.permission.MODIFY_AUDIO_SETTINGS for uid=1000 => granted (659 us)
12-14 02:58:59.739 D/PermissionCache( 9833): checking android.permission.MODIFY_AUDIO_SETTINGS for uid=1000 => granted (6235 us)
12-14 02:58:59.742 W/DeviceHAL( 9838): Device 0xa6fc9f40 set_mic_mute: Function not implemented
12-14 02:58:59.763 I/SystemServer( 9914): StartDockObserver
12-14 02:58:59.763 I/SystemServiceManager( 9914): Starting com.android.server.DockObserver
12-14 02:58:59.763 W/DockObserver( 9914): This kernel does not have dock station support
12-14 02:58:59.766 I/SystemServer( 9914): StartWiredAccessoryManager
12-14 02:58:59.769 W/WiredAccessoryManager( 9914): This kernel does not have usb audio support
12-14 02:58:59.769 W/WiredAccessoryManager( 9914): This kernel does not have HDMI audio support
12-14 02:58:59.770 I/SystemServer( 9914): StartMidiManager
12-14 02:58:59.770 I/SystemServiceManager( 9914): Starting com.android.server.midi.MidiService$Lifecycle
12-14 02:58:59.771 I/SystemServer( 9914): StartUsbService
12-14 02:58:59.772 I/SystemServiceManager( 9914): Starting com.android.server.usb.UsbService$Lifecycle
12-14 02:58:59.775 E/UsbDeviceManager( 9914): failed to write to /sys/class/android_usb/android0/f_rndis/ethaddr
12-14 02:58:59.776 E/UsbDeviceManagerJNI( 9914): could not open /dev/usb_accessory
12-14 02:58:59.777 I/zygote  ( 9914): Looking for service android.hidl.manager@1.0::IServiceManager/default
12-14 02:58:59.778 I/zygote  ( 9914): Starting thread pool.
12-14 02:58:59.780 I/zygote  ( 9914): Looking for service android.hardware.usb@1.0::IUsb/default
12-14 02:58:59.780 W//system/bin/hwservicemanager( 1335): getTransportFromManifest: Cannot find entry android.hardware.usb@1.0::IUsb in either framework or device manifest, using default transport.
12-14 02:58:59.780 E/zygote  ( 9914): service android.hardware.usb@1.0::IUsb declares transport method EMPTY but framework expects hwbinder.
12-14 02:58:59.781 E/UsbPortManager( 9914): connectToProxy: usb hal service not responding
12-14 02:58:59.781 E/UsbPortManager( 9914): android.os.RemoteException: HwBinder Error: (-2147483648)
12-14 02:58:59.781 E/UsbPortManager( 9914): 	at android.os.HwBinder.getService(Native Method)
12-14 02:58:59.781 E/UsbPortManager( 9914): 	at android.hardware.usb.V1_0.IUsb.getService(IUsb.java:44)
12-14 02:58:59.781 E/UsbPortManager( 9914): 	at com.android.server.usb.UsbPortManager.connectToProxy(UsbPortManager.java:499)
12-14 02:58:59.781 E/UsbPortManager( 9914): 	at com.android.server.usb.UsbPortManager.<init>(UsbPortManager.java:130)
12-14 02:58:59.781 E/UsbPortManager( 9914): 	at com.android.server.usb.UsbService.<init>(UsbService.java:134)
12-14 02:58:59.781 E/UsbPortManager( 9914): 	at com.android.server.usb.UsbService$Lifecycle.onStart(UsbService.java:69)
12-14 02:58:59.781 E/UsbPortManager( 9914): 	at com.android.server.SystemServiceManager.startService(SystemServiceManager.java:123)
12-14 02:58:59.781 E/UsbPortManager( 9914): 	at com.android.server.SystemServiceManager.startService(SystemServiceManager.java:110)
12-14 02:58:59.781 E/UsbPortManager( 9914): 	at com.android.server.SystemServiceManager.startService(SystemServiceManager.java:69)
12-14 02:58:59.781 E/UsbPortManager( 9914): 	at com.android.server.SystemServer.startOtherServices(SystemServer.java:1240)
12-14 02:58:59.781 E/UsbPortManager( 9914): 	at com.android.server.SystemServer.run(SystemServer.java:396)
12-14 02:58:59.781 E/UsbPortManager( 9914): 	at com.android.server.SystemServer.main(SystemServer.java:260)
12-14 02:58:59.781 E/UsbPortManager( 9914): 	at java.lang.reflect.Method.invoke(Native Method)
12-14 02:58:59.781 E/UsbPortManager( 9914): 	at com.android.internal.os.Zygote$MethodAndArgsCaller.run(Zygote.java:240)
12-14 02:58:59.781 E/UsbPortManager( 9914): 	at com.android.internal.os.ZygoteInit.main(ZygoteInit.java:767)
12-14 02:58:59.782 I/SystemServer( 9914): StartSerialService
12-14 02:58:59.783 I/SystemServer( 9914): StartHardwarePropertiesManagerService
12-14 02:58:59.783 W//system/bin/hwservicemanager( 1335): getTransportFromManifest: Cannot find entry android.hardware.thermal@1.0::IThermal in either framework or device manifest, using default transport.
12-14 02:58:59.784 E/HardwarePropertiesManagerService-JNI( 9914): Unable to get Thermal service.
12-14 02:58:59.784 I/SystemServer( 9914): StartTwilightService
12-14 02:58:59.784 I/SystemServiceManager( 9914): Starting com.android.server.twilight.TwilightService
12-14 02:58:59.785 I/SystemServer( 9914): StartJobScheduler
12-14 02:58:59.785 I/SystemServiceManager( 9914): Starting com.android.server.job.JobSchedulerService
12-14 02:58:59.788 D/JobStore( 9914): Start tag: job-info
12-14 02:58:59.795 D/ConnectivityService( 9914): requestNetwork for uid/pid:1000/9914 NetworkRequest [ TRACK_DEFAULT id=3, [ Capabilities: INTERNET&NOT_RESTRICTED&TRUSTED&NOT_VPN] ]
12-14 02:58:59.801 I/SystemServer( 9914): StartSoundTrigger
12-14 02:58:59.801 I/SystemServiceManager( 9914): Starting com.android.server.soundtrigger.SoundTriggerService
12-14 02:58:59.803 I/SystemServer( 9914): StartTrustManager
12-14 02:58:59.803 I/SystemServiceManager( 9914): Starting com.android.server.trust.TrustManagerService
12-14 02:58:59.805 I/SystemServer( 9914): StartBackupManager
12-14 02:58:59.805 I/SystemServiceManager( 9914): Starting com.android.server.backup.BackupManagerService$Lifecycle
12-14 02:58:59.807 I/SystemServer( 9914): StartAppWidgerService
12-14 02:58:59.807 I/SystemServiceManager( 9914): Starting com.android.server.appwidget.AppWidgetService
12-14 02:58:59.812 I/SystemServer( 9914): StartVoiceRecognitionManager
12-14 02:58:59.812 I/SystemServiceManager( 9914): Starting com.android.server.voiceinteraction.VoiceInteractionManagerService
12-14 02:58:59.814 I/SystemServer( 9914): StartGestureLauncher
12-14 02:58:59.814 I/SystemServiceManager( 9914): Starting com.android.server.GestureLauncherService
12-14 02:58:59.815 I/SystemServer( 9914): StartSensorNotification
12-14 02:58:59.815 I/SystemServiceManager( 9914): Starting com.android.server.SensorNotificationService
12-14 02:58:59.815 I/SystemServer( 9914): StartContextHubSystemService
12-14 02:58:59.815 I/SystemServiceManager( 9914): Starting com.android.server.ContextHubSystemService
12-14 02:58:59.816 W//system/bin/hwservicemanager( 1335): getTransportFromManifest: Cannot find entry android.hardware.contexthub@1.0::IContexthub in either framework or device manifest, using default transport.
12-14 02:58:59.816 E/ContextHubService( 9914): Could not load context hub hal
12-14 02:58:59.817 W/ContextHubService( 9914): No Context Hub Module present
12-14 02:58:59.817 I/SystemServer( 9914): StartDiskStatsService
12-14 02:58:59.818 I/SystemServer( 9914): StartSamplingProfilerService
12-14 02:58:59.825 I/SystemServer( 9914): StartNetworkTimeUpdateService
12-14 02:58:59.826 I/SystemServer( 9914): StartCommonTimeManagementService
12-14 02:58:59.828 I/SystemServer( 9914): CertBlacklister
12-14 02:58:59.829 I/SystemServer( 9914): StartEmergencyAffordanceService
12-14 02:58:59.829 I/SystemServiceManager( 9914): Starting com.android.server.emergency.EmergencyAffordanceService
12-14 02:58:59.830 I/SystemServer( 9914): StartDreamManager
12-14 02:58:59.830 I/SystemServiceManager( 9914): Starting com.android.server.dreams.DreamManagerService
12-14 02:58:59.833 I/SystemServer( 9914): AddGraphicsStatsService
12-14 02:58:59.836 I/SystemServer( 9914): StartPrintManager
12-14 02:58:59.836 I/SystemServiceManager( 9914): Starting com.android.server.print.PrintManagerService
12-14 02:58:59.838 I/SystemServer( 9914): StartRestrictionManager
12-14 02:58:59.838 I/SystemServiceManager( 9914): Starting com.android.server.restrictions.RestrictionsManagerService
12-14 02:58:59.840 I/SystemServer( 9914): StartMediaSessionService
12-14 02:58:59.840 I/SystemServiceManager( 9914): Starting com.android.server.media.MediaSessionService
12-14 02:58:59.844 I/SystemServer( 9914): StartMediaResourceMonitor
12-14 02:58:59.844 I/SystemServiceManager( 9914): Starting com.android.server.media.MediaResourceMonitorService
12-14 02:58:59.845 I/SystemServer( 9914): StartMediaRouterService
12-14 02:58:59.846 I/SystemServer( 9914): StartFingerprintSensor
12-14 02:58:59.847 I/SystemServiceManager( 9914): Starting com.android.server.fingerprint.FingerprintService
12-14 02:58:59.850 V/FingerprintService( 9914): mDeamon was null, reconnect to fingerprint
12-14 02:58:59.850 I/zygote  ( 9914): Looking for service android.hardware.biometrics.fingerprint@2.1::IBiometricsFingerprint/default
12-14 02:58:59.851 I/SystemServer( 9914): StartBackgroundDexOptService
12-14 02:58:59.852 I/zygote  ( 9914): Starting thread pool.
12-14 02:58:59.852 V/FingerprintService( 9914): Fingerprint HAL id: 2909442048
12-14 02:58:59.853 D/FingerprintHal( 1494): ----------------> fingerprint_set_active_group -----------------> path /data/system/users/0/fpdata
12-14 02:58:59.853 D/FingerprintHal( 1494): ----------------> loadFingerprints ----------------->
12-14 02:58:59.853 E/FingerprintHal( 1494): Could not load fingerprints from storage at /data/system/users/0/fpdata/emufp.bin; it has not yet been created.
12-14 02:58:59.853 I/SystemServer( 9914): StartPruneInstantAppsJobService
12-14 02:58:59.853 D/FingerprintHal( 1494): ----------------> loadAuthenticatorId ----------------->
12-14 02:58:59.853 D/FingerprintHal( 1494): Read authenticator id (0x6b8b4567327b23c6)
12-14 02:58:59.855 I/SystemServer( 9914): StartShortcutServiceLifecycle
12-14 02:58:59.855 I/SystemServiceManager( 9914): Starting com.android.server.pm.ShortcutService$Lifecycle
12-14 02:58:59.860 I/SystemServer( 9914): StartLauncherAppsService
12-14 02:58:59.860 I/SystemServiceManager( 9914): Starting com.android.server.pm.LauncherAppsService
12-14 02:58:59.861 I/SystemServer( 9914): StartMediaProjectionManager
12-14 02:58:59.861 I/SystemServiceManager( 9914): Starting com.android.server.media.projection.MediaProjectionManagerService
12-14 02:58:59.863 V/MediaRouter( 9914): Adding route: RouteInfo{ name=Phone, description=null, status=null, category=RouteCategory{ name=System types=ROUTE_TYPE_LIVE_AUDIO ROUTE_TYPE_LIVE_VIDEO  groupable=false }, supportedTypes=ROUTE_TYPE_LIVE_AUDIO ROUTE_TYPE_LIVE_VIDEO , presentationDisplay=null }
12-14 02:58:59.865 V/MediaRouter( 9914): Selecting route: RouteInfo{ name=Phone, description=null, status=null, category=RouteCategory{ name=System types=ROUTE_TYPE_LIVE_AUDIO ROUTE_TYPE_LIVE_VIDEO  groupable=false }, supportedTypes=ROUTE_TYPE_LIVE_AUDIO ROUTE_TYPE_LIVE_VIDEO , presentationDisplay=null }
12-14 02:58:59.868 I/WindowManager( 9914): SAFE MODE not enabled
12-14 02:58:59.868 I/SystemServer( 9914): StartJitCompilation
12-14 02:58:59.868 I/SystemServer( 9914): StartMmsService
12-14 02:58:59.869 I/SystemServiceManager( 9914): Starting com.android.server.MmsServiceBroker
12-14 02:58:59.870 I/SystemServer( 9914): StartRetailDemoModeService
12-14 02:58:59.870 I/SystemServiceManager( 9914): Starting com.android.server.retaildemo.RetailDemoModeService
12-14 02:58:59.874 I/SystemServer( 9914): StartAutoFillService
