12-14 02:57:18.286 V/vold    ( 1344): /dev/block/vold/disk:253,80: LABEL="SDCARD" UUID="19FF-110D" TYPE="vfat" 
12-14 02:57:18.286 V/vold    ( 1344): 
12-14 02:57:18.297 D/VoldConnector( 5035): RCV <- {650 public:253,80 0 "disk:253,80" ""}
12-14 02:57:18.297 D/VoldConnector( 5035): RCV <- {651 public:253,80 0}
12-14 02:57:18.298 D/VoldConnector( 5035): RCV <- {643 disk:253,80}
12-14 02:57:18.298 D/VoldConnector( 5035): RCV <- {200 3 Command succeeded}
12-14 02:57:18.298 E/VoldConnector( 5035): NDC Command {3 volume reset} took too long (1220ms)
12-14 02:57:18.298 D/VoldConnector( 5035): SND -> {4 volume user_added 0 0}
12-14 02:57:18.299 D/VoldConnector( 5035): RCV <- {200 4 Command succeeded}
12-14 02:57:18.340 I/ActivityManager( 5035): user 0 is still locked. Cannot load recents
12-14 02:57:18.341 D/VoldConnector( 5035): SND -> {5 volume mount emulated 3 -1}
12-14 02:57:18.342 V/vold    ( 1344): Waiting for FUSE to spin up...
12-14 02:57:18.342 D/VoldConnector( 5035): RCV <- {651 emulated 1}
12-14 02:57:18.343 D/VoldConnector( 5035): RCV <- {656 emulated /data/media}
12-14 02:57:18.344 D/VoldConnector( 5035): RCV <- {655 emulated /storage/emulated}
12-14 02:57:18.382 I/AutofillManagerService( 5035): Updating Autofill for user 0: disabled=false
12-14 02:57:18.394 V/vold    ( 1344): Waiting for FUSE to spin up...
12-14 02:57:18.396 I/wificond( 4963): New interface event callback registered
12-14 02:57:18.445 V/vold    ( 1344): Waiting for FUSE to spin up...
12-14 02:57:18.547 V/vold    ( 1344): Waiting for FUSE to spin up...
12-14 02:57:18.573 E/ActivityThread( 5035): Failed to find provider info for com.android.calendar
12-14 02:57:18.586 E/ActivityThread( 5035): Failed to find provider info for com.android.calendar
12-14 02:57:18.601 D/VoldConnector( 5035): RCV <- {651 emulated 2}
12-14 02:57:18.601 D/VoldConnector( 5035): RCV <- {200 5 Command succeeded}
12-14 02:57:18.602 D/VoldConnector( 5035): SND -> {6 volume mount public:253,80 0 0}
12-14 02:57:18.603 V/vold    ( 1344): /system/bin/blkid
12-14 02:57:18.603 V/vold    ( 1344):     -c
12-14 02:57:18.603 V/vold    ( 1344):     /dev/null
12-14 02:57:18.603 V/vold    ( 1344):     -s
12-14 02:57:18.603 V/vold    ( 1344):     TYPE
12-14 02:57:18.603 V/vold    ( 1344):     -s
12-14 02:57:18.603 V/vold    ( 1344):     UUID
12-14 02:57:18.603 V/vold    ( 1344):     -s
12-14 02:57:18.603 V/vold    ( 1344):     LABEL
12-14 02:57:18.603 V/vold    ( 1344):     /dev/block/vold/public:253,80
12-14 02:57:18.605 D/VoldConnector( 5035): RCV <- {651 public:253,80 1}
12-14 02:57:18.653 W/ActivityManager( 5035):   Force finishing activity com.android.settings/.FallbackHome
12-14 02:57:18.676 W/LocationProviderProxy-network( 5035): Odd, no component found for service com.android.location.service.v3.NetworkLocationProvider
12-14 02:57:18.676 W/GeocoderProxy( 5035): Odd, no component found for service com.android.location.service.GeocodeProvider
12-14 02:57:18.676 W/GeofenceProxy( 5035): Odd, no component found for service com.android.location.service.GeofenceProvider
12-14 02:57:18.676 W/ActivityRecognitionProxy( 5035): Odd, no component found for service com.android.location.service.ActivityRecognitionProvider
12-14 02:57:18.676 I/ActivityManager( 5035): Showing crash dialog for package com.android.settings u0
12-14 02:57:18.687 I/WindowManager( 5035): Screen frozen for +1s191ms due to Window{bf19156 u0 com.android.settings/com.android.settings.FallbackHome}
12-14 02:57:18.735 V/vold    ( 1344): /dev/block/vold/public:253,80: LABEL="SDCARD" UUID="19FF-110D" TYPE="vfat" 
12-14 02:57:18.735 V/vold    ( 1344): 
12-14 02:57:18.742 V/vold    ( 1344): /system/bin/fsck_msdos
12-14 02:57:18.742 V/vold    ( 1344):     -p
12-14 02:57:18.742 V/vold    ( 1344):     -f
12-14 02:57:18.742 V/vold    ( 1344):     /dev/block/vold/public:253,80
12-14 02:57:18.743 D/VoldConnector( 5035): RCV <- {652 public:253,80 vfat}
12-14 02:57:18.744 D/VoldConnector( 5035): RCV <- {653 public:253,80 19FF-110D}
12-14 02:57:18.744 D/VoldConnector( 5035): RCV <- {654 public:253,80 SDCARD}
12-14 02:57:18.746 I/SyncManager( 5035): Got SyncJobService instance.
12-14 02:57:18.756 I/ActivityManager( 5035): user 0 is still locked. Cannot load recents
12-14 02:57:18.767 F/libc    ( 5240): Fatal signal 6 (SIGABRT), code -6 in tid 5339 (HwBinder:5240_1)
12-14 02:57:18.803 W/KeyguardServiceDelegate( 5035): onScreenTurningOn(): no keyguard service!
12-14 02:57:18.803 W/Looper  ( 5035): Dispatch took 130ms on android.ui, h=Handler (com.android.server.am.ActivityManagerService$UiHandler) {1045a7a} cb=null msg=1
12-14 02:57:18.884 I/ActivityManager( 5035): Process com.android.settings (pid 5256) has died: fore TOP 
12-14 02:57:18.885 I/WindowManager( 5035): WIN DEATH: Window{bf19156 u0 com.android.settings/com.android.settings.FallbackHome}
12-14 02:57:18.902 I/ActivityManager( 5035): START u0 {act=android.intent.action.MAIN cat=[android.intent.category.HOME] flg=0x10000100 cmp=com.android.settings/.FallbackHome} from uid 0
12-14 02:57:18.935 I/ActivityManager( 5035): Start proc 5390:com.android.settings/1000 for activity com.android.settings/.FallbackHome
12-14 02:57:18.938 W/ActivityManager( 5035): setHasOverlayUi called on unknown pid: 5256
12-14 02:57:18.968 I/Vold    ( 1344): Filesystem check completed OK
12-14 02:57:18.969 D/VoldConnector( 5035): RCV <- {656 public:253,80 /mnt/media_rw/19FF-110D}
12-14 02:57:18.969 F/DEBUG   ( 5387): *** *** *** *** *** *** *** *** *** *** *** *** *** *** *** ***
12-14 02:57:18.969 F/DEBUG   ( 5387): Build fingerprint: 'google/sdk_gphone_x86/generic_x86:8.0.0/OSR1.170901.043/4456315:user/release-keys'
12-14 02:57:18.969 F/DEBUG   ( 5387): Revision: '0'
12-14 02:57:18.969 F/DEBUG   ( 5387): ABI: 'x86'
12-14 02:57:18.969 D/VoldConnector( 5035): RCV <- {655 public:253,80 /mnt/media_rw/19FF-110D}
12-14 02:57:18.975 D/VoldConnector( 5035): RCV <- {651 public:253,80 2}
12-14 02:57:18.976 D/VoldConnector( 5035): RCV <- {200 6 Command succeeded}
12-14 02:57:18.980 F/DEBUG   ( 5387): pid: 5240, tid: 5339, name: HwBinder:5240_1  >>> com.android.phone <<<
12-14 02:57:18.980 F/DEBUG   ( 5387): signal 6 (SIGABRT), code -6 (SI_TKILL), fault addr --------
12-14 02:57:18.982 F/DEBUG   ( 5387): Abort message: 'java_vm_ext.cc:504] JNI DETECTED ERROR IN APPLICATION: input is not valid Modified UTF-8: illegal start byte 0xa5'
12-14 02:57:18.982 F/DEBUG   ( 5387):     eax 00000000  ebx 00001478  ecx 000014db  edx 00000006
12-14 02:57:18.982 F/DEBUG   ( 5387):     esi 000014db  edi 95cfb908
12-14 02:57:18.982 F/DEBUG   ( 5387):     xcs 00000073  xds 0000007b  xes 0000007b  xfs 0000003b  xss 0000007b
12-14 02:57:18.982 F/DEBUG   ( 5387):     eip b5cf6ac4  ebp 95cfb928  esp 95cfb8bc  flags 00000296
12-14 02:57:19.050 W/ActivityManager( 5035): Slow operation: 68ms so far, now at attachApplicationLocked: after mServices.attachApplicationLocked
12-14 02:57:19.075 F/libc    ( 5035): Fatal signal 6 (SIGABRT), code -6 in tid 5384 (RenderThread)
12-14 02:57:19.402 F/libc    ( 5390): Fatal signal 6 (SIGABRT), code -6 in tid 5413 (RenderThread)
12-14 02:57:19.641 F/DEBUG   ( 5387): 
12-14 02:57:19.641 F/DEBUG   ( 5387): backtrace:
12-14 02:57:19.641 F/DEBUG   ( 5387):     #00 pc 00000ac4  [vdso:b5cf6000] (__kernel_vsyscall+16)
12-14 02:57:19.641 F/DEBUG   ( 5387):     #01 pc 00075b3c  /system/lib/libc.so (tgkill+28)
12-14 02:57:19.641 F/DEBUG   ( 5387):     #02 pc 0001f04e  /system/lib/libc.so (abort+110)
12-14 02:57:19.641 F/DEBUG   ( 5387):     #03 pc 0053bc8d  /system/lib/libart.so (_ZN3art7Runtime5AbortEPKc+669)
12-14 02:57:19.641 F/DEBUG   ( 5387):     #04 pc 0053c569  /system/lib/libart.so (_ZN3art7Runtime7AborterEPKc+41)
12-14 02:57:19.641 F/DEBUG   ( 5387):     #05 pc 0011c3d3  /system/lib/libart.so (_ZNSt3__110__function6__funcIPFvPKcENS_9allocatorIS5_EES4_EclEOS3_+35)
12-14 02:57:19.641 F/DEBUG   ( 5387):     #06 pc 0065156a  /system/lib/libart.so (_ZN7android4base10LogMessageD1Ev+1034)
12-14 02:57:19.641 F/DEBUG   ( 5387):     #07 pc 00386922  /system/lib/libart.so (_ZN3art9JavaVMExt8JniAbortEPKcS2_+2146)
12-14 02:57:19.641 F/DEBUG   ( 5387):     #08 pc 00386ba1  /system/lib/libart.so (_ZN3art9JavaVMExt9JniAbortVEPKcS2_Pc+113)
12-14 02:57:19.641 F/DEBUG   ( 5387):     #09 pc 0014ec45  /system/lib/libart.so (_ZN3art11ScopedCheck6AbortFEPKcz+69)
12-14 02:57:19.641 F/DEBUG   ( 5387):     #10 pc 0014f21d  /system/lib/libart.so (_ZN3art11ScopedCheck14CheckUtfStringEPKcb+877)
12-14 02:57:19.641 F/DEBUG   ( 5387):     #11 pc 0014ebaf  /system/lib/libart.so (_ZN3art11ScopedCheck17CheckNonHeapValueEcNS_12JniValueTypeE+111)
12-14 02:57:19.642 F/DEBUG   ( 5387):     #12 pc 0014d2fe  /system/lib/libart.so (_ZN3art11ScopedCheck22CheckPossibleHeapValueERNS_18ScopedObjectAccessEcNS_12JniValueTypeE+142)
12-14 02:57:19.642 F/DEBUG   ( 5387):     #13 pc 0014c8b3  /system/lib/libart.so (_ZN3art11ScopedCheck5CheckERNS_18ScopedObjectAccessEbPKcPNS_12JniValueTypeE+1155)
12-14 02:57:19.642 F/DEBUG   ( 5387):     #14 pc 00140ac6  /system/lib/libart.so (_ZN3art8CheckJNI12NewStringUTFEP7_JNIEnvPKc+998)
12-14 02:57:19.642 F/DEBUG   ( 5387):     #15 pc 000db784  /system/lib/libandroid_runtime.so (_ZL24JHwBlob_native_getStringP7_JNIEnvP8_jobjectx+148)
12-14 02:57:19.642 F/DEBUG   ( 5387):     #16 pc 007b3ea0  /system/framework/x86/boot-framework.oat (offset 0x5e6000) (android.app.NativeActivity.onSaveInstanceStateNative [DEDUPED]+128)
12-14 02:57:19.642 F/DEBUG   ( 5387):     #17 pc 000cc5b7  /system/framework/x86/boot-telephony-common.oat (offset 0xb8000) (android.hardware.radio.V1_0.HardwareConfig.readEmbeddedFromParcel+103)
12-14 02:57:19.642 F/DEBUG   ( 5387):     #18 pc 000cbf46  /system/framework/x86/boot-telephony-common.oat (offset 0xb8000) (android.hardware.radio.V1_0.HardwareConfig.readVectorFromParcel+438)
12-14 02:57:19.642 F/DEBUG   ( 5387):     #19 pc 000df6a3  /system/framework/x86/boot-telephony-common.oat (offset 0xb8000) (android.hardware.radio.V1_0.IRadioResponse$Stub.onTransact+4723)
12-14 02:57:19.642 F/DEBUG   ( 5387):     #20 pc 00638cd2  /system/lib/libart.so (art_quick_invoke_stub+338)
12-14 02:57:19.642 F/DEBUG   ( 5387):     #21 pc 00112b48  /system/lib/libart.so (_ZN3art9ArtMethod6InvokeEPNS_6ThreadEPjjPNS_6JValueEPKc+232)
12-14 02:57:19.642 F/DEBUG   ( 5387):     #22 pc 00533035  /system/lib/libart.so (_ZN3artL18InvokeWithArgArrayERKNS_33ScopedObjectAccessAlreadyRunnableEPNS_9ArtMethodEPNS_8ArgArrayEPNS_6JValueEPKc+101)
12-14 02:57:19.642 F/DEBUG   ( 5387):     #23 pc 00534992  /system/lib/libart.so (_ZN3art35InvokeVirtualOrInterfaceWithVarArgsERKNS_33ScopedObjectAccessAlreadyRunnableEP8_jobjectP10_jmethodIDPc+466)
12-14 02:57:19.642 F/DEBUG   ( 5387):     #24 pc 003e91a5  /system/lib/libart.so (_ZN3art3JNI15CallVoidMethodVEP7_JNIEnvP8_jobjectP10_jmethodIDPc+1045)
12-14 02:57:19.643 F/DEBUG   ( 5387):     #25 pc 00151b64  /system/lib/libart.so (_ZN3art8CheckJNI11CallMethodVEPKcP7_JNIEnvP8_jobjectP7_jclassP10_jmethodIDPcNS_9Primitive4TypeENS_10InvokeTypeE+1972)
12-14 02:57:19.643 F/DEBUG   ( 5387):     #26 pc 0013c5cb  /system/lib/libart.so (_ZN3art8CheckJNI15CallVoidMethodVEP7_JNIEnvP8_jobjectP10_jmethodIDPc+75)
12-14 02:57:19.643 F/DEBUG   ( 5387):     #27 pc 00088f0e  /system/lib/libandroid_runtime.so (_ZN7_JNIEnv14CallVoidMethodEP8_jobjectP10_jmethodIDz+62)
12-14 02:57:19.643 F/DEBUG   ( 5387):     #28 pc 000d866a  /system/lib/libandroid_runtime.so (_ZN7android9JHwBinder10onTransactEjRKNS_8hardware6ParcelEPS2_jNSt3__18functionIFvRS2_EEE+410)
12-14 02:57:19.643 F/DEBUG   ( 5387):     #29 pc 0000eda3  /system/lib/libhwbinder.so (_ZN7android8hardware9BHwBinder8transactEjRKNS0_6ParcelEPS2_jNSt3__18functionIFvRS2_EEE+99)
12-14 02:57:19.643 F/DEBUG   ( 5387):     #30 pc 00013456  /system/lib/libhwbinder.so (_ZN7android8hardware14IPCThreadState14executeCommandEi+742)
12-14 02:57:19.643 F/DEBUG   ( 5387):     #31 pc 0001306d  /system/lib/libhwbinder.so (_ZN7android8hardware14IPCThreadState20getAndExecuteCommandEv+173)
12-14 02:57:19.643 F/DEBUG   ( 5387):     #32 pc 00013921  /system/lib/libhwbinder.so (_ZN7android8hardware14IPCThreadState14joinThreadPoolEb+81)
12-14 02:57:19.643 F/DEBUG   ( 5387):     #33 pc 0001f5a9  /system/lib/libhwbinder.so (_ZN7android8hardware10PoolThread10threadLoopEv+41)
12-14 02:57:19.643 F/DEBUG   ( 5387):     #34 pc 000104a4  /system/lib/libutils.so (_ZN7android6Thread11_threadLoopEPv+292)
12-14 02:57:19.643 F/DEBUG   ( 5387):     #35 pc 000841b6  /system/lib/libandroid_runtime.so (_ZN7android14AndroidRuntime15javaThreadShellEPv+166)
12-14 02:57:19.643 F/DEBUG   ( 5387):     #36 pc 0000fca6  /system/lib/libutils.so (_ZN13thread_data_t10trampolineEPKS_+246)
12-14 02:57:19.643 F/DEBUG   ( 5387):     #37 pc 000709b5  /system/lib/libc.so (_ZL15__pthread_startPv+53)
12-14 02:57:19.643 F/DEBUG   ( 5387):     #38 pc 0002050b  /system/lib/libc.so (__start_thread+75)
12-14 02:57:19.643 F/DEBUG   ( 5387):     #39 pc 0001eda6  /system/lib/libc.so (__bionic_clone+70)
12-14 02:57:22.843 F/DEBUG   ( 5418): *** *** *** *** *** *** *** *** *** *** *** *** *** *** *** ***
12-14 02:57:22.843 F/DEBUG   ( 5418): Build fingerprint: 'google/sdk_gphone_x86/generic_x86:8.0.0/OSR1.170901.043/4456315:user/release-keys'
12-14 02:57:22.843 F/DEBUG   ( 5418): Revision: '0'
12-14 02:57:22.843 F/DEBUG   ( 5418): ABI: 'x86'
12-14 02:57:22.843 F/DEBUG   ( 5418): pid: 5035, tid: 5384, name: RenderThread  >>> system_server <<<
12-14 02:57:22.843 F/DEBUG   ( 5418): signal 6 (SIGABRT), code -6 (SI_TKILL), fault addr --------
12-14 02:57:22.851 F/DEBUG   ( 5418): Abort message: 'At least 4 texture units are required!'
12-14 02:57:22.851 F/DEBUG   ( 5418):     eax 00000000  ebx 000013ab  ecx 00001508  edx 00000006
12-14 02:57:22.851 F/DEBUG   ( 5418):     esi 00001508  edi 8d67a078
12-14 02:57:22.851 F/DEBUG   ( 5418):     xcs 00000073  xds 0000007b  xes 0000007b  xfs 0000003b  xss 0000007b
12-14 02:57:22.851 F/DEBUG   ( 5418):     eip b5cf6ac4  ebp 8d67a098  esp 8d67a02c  flags 00000296
12-14 02:57:22.877 F/DEBUG   ( 5418): 
12-14 02:57:22.877 F/DEBUG   ( 5418): backtrace:
12-14 02:57:22.878 F/DEBUG   ( 5418):     #00 pc 00000ac4  [vdso:b5cf6000] (__kernel_vsyscall+16)
12-14 02:57:22.878 F/DEBUG   ( 5418):     #01 pc 00075b3c  /system/lib/libc.so (tgkill+28)
12-14 02:57:22.878 F/DEBUG   ( 5418):     #02 pc 0001f04e  /system/lib/libc.so (abort+110)
12-14 02:57:22.878 F/DEBUG   ( 5418):     #03 pc 00006a06  /system/lib/liblog.so (__android_log_assert+294)
12-14 02:57:22.878 F/DEBUG   ( 5418):     #04 pc 00040419  /system/lib/libhwui.so (_ZN7android10uirenderer12TextureStateC1Ev+185)
12-14 02:57:22.878 F/DEBUG   ( 5418):     #05 pc 0005f5f0  /system/lib/libhwui.so (_ZN7android10uirenderer6Caches4initEv+176)
12-14 02:57:22.878 F/DEBUG   ( 5418):     #06 pc 0005f4bc  /system/lib/libhwui.so (_ZN7android10uirenderer6CachesC2ERNS0_11RenderStateE+316)
12-14 02:57:22.878 F/DEBUG   ( 5418):     #07 pc 0003ee57  /system/lib/libhwui.so (_ZN7android10uirenderer11RenderState18onGLContextCreatedEv+215)
12-14 02:57:22.878 F/DEBUG   ( 5418):     #08 pc 00046d9b  /system/lib/libhwui.so (_ZN7android10uirenderer12renderthread10EglManager10initializeEv+427)
12-14 02:57:22.878 F/DEBUG   ( 5418):     #09 pc 0004743d  /system/lib/libhwui.so (_ZN7android10uirenderer12renderthread10EglManager13createSurfaceEP13ANativeWindow+45)
12-14 02:57:22.878 F/DEBUG   ( 5418):     #10 pc 00045380  /system/lib/libhwui.so (_ZN7android10uirenderer12renderthread14OpenGLPipeline10setSurfaceEPNS_7SurfaceENS1_12SwapBehaviorE+80)
12-14 02:57:22.878 F/DEBUG   ( 5418):     #11 pc 00041a9d  /system/lib/libhwui.so (_ZN7android10uirenderer12renderthread13CanvasContext10setSurfaceEPNS_7SurfaceE+157)
12-14 02:57:22.878 F/DEBUG   ( 5418):     #12 pc 00041d53  /system/lib/libhwui.so (_ZN7android10uirenderer12renderthread13CanvasContext10initializeEPNS_7SurfaceE+35)
12-14 02:57:22.878 F/DEBUG   ( 5418):     #13 pc 0004a6c5  /system/lib/libhwui.so (_ZN7android10uirenderer12renderthreadL17Bridge_initializeEPNS1_14initializeArgsE+37)
12-14 02:57:22.878 F/DEBUG   ( 5418):     #14 pc 0004c9d2  /system/lib/libhwui.so (_ZN7android10uirenderer12renderthread22MethodInvokeRenderTask3runEv+34)
12-14 02:57:22.878 F/DEBUG   ( 5418):     #15 pc 0004dde9  /system/lib/libhwui.so (_ZN7android10uirenderer12renderthread12RenderThread10threadLoopEv+489)
12-14 02:57:22.878 F/DEBUG   ( 5418):     #16 pc 000104a4  /system/lib/libutils.so (_ZN7android6Thread11_threadLoopEPv+292)
12-14 02:57:22.878 F/DEBUG   ( 5418):     #17 pc 000841b6  /system/lib/libandroid_runtime.so (_ZN7android14AndroidRuntime15javaThreadShellEPv+166)
12-14 02:57:22.878 F/DEBUG   ( 5418):     #18 pc 0000fca6  /system/lib/libutils.so (_ZN13thread_data_t10trampolineEPKS_+246)
12-14 02:57:22.878 F/DEBUG   ( 5418):     #19 pc 000709b5  /system/lib/libc.so (_ZL15__pthread_startPv+53)
12-14 02:57:22.878 F/DEBUG   ( 5418):     #20 pc 0002050b  /system/lib/libc.so (__start_thread+75)
12-14 02:57:22.878 F/DEBUG   ( 5418):     #21 pc 0001eda6  /system/lib/libc.so (__bionic_clone+70)
12-14 02:57:24.284 F/DEBUG   ( 5424): *** *** *** *** *** *** *** *** *** *** *** *** *** *** *** ***
12-14 02:57:24.284 F/DEBUG   ( 5424): Build fingerprint: 'google/sdk_gphone_x86/generic_x86:8.0.0/OSR1.170901.043/4456315:user/release-keys'
12-14 02:57:24.284 F/DEBUG   ( 5424): Revision: '0'
12-14 02:57:24.284 F/DEBUG   ( 5424): ABI: 'x86'
12-14 02:57:24.284 F/DEBUG   ( 5424): pid: 5390, tid: 5413, name: RenderThread  >>> com.android.settings <<<
12-14 02:57:24.284 F/DEBUG   ( 5424): signal 6 (SIGABRT), code -6 (SI_TKILL), fault addr --------
12-14 02:57:24.286 F/DEBUG   ( 5424): Abort message: 'At least 4 texture units are required!'
12-14 02:57:24.286 F/DEBUG   ( 5424):     eax 00000000  ebx 0000150e  ecx 00001525  edx 00000006
12-14 02:57:24.287 F/DEBUG   ( 5424):     esi 00001525  edi 9545f078
12-14 02:57:24.287 F/DEBUG   ( 5424):     xcs 00000073  xds 0000007b  xes 0000007b  xfs 0000003b  xss 0000007b
12-14 02:57:24.287 F/DEBUG   ( 5424):     eip b5cf6ac4  ebp 9545f098  esp 9545f02c  flags 00000296
12-14 02:57:24.318 F/DEBUG   ( 5424): 
12-14 02:57:24.318 F/DEBUG   ( 5424): backtrace:
12-14 02:57:24.319 F/DEBUG   ( 5424):     #00 pc 00000ac4  [vdso:b5cf6000] (__kernel_vsyscall+16)
12-14 02:57:24.319 F/DEBUG   ( 5424):     #01 pc 00075b3c  /system/lib/libc.so (tgkill+28)
12-14 02:57:24.319 F/DEBUG   ( 5424):     #02 pc 0001f04e  /system/lib/libc.so (abort+110)
12-14 02:57:24.319 F/DEBUG   ( 5424):     #03 pc 00006a06  /system/lib/liblog.so (__android_log_assert+294)
12-14 02:57:24.319 F/DEBUG   ( 5424):     #04 pc 00040419  /system/lib/libhwui.so (_ZN7android10uirenderer12TextureStateC1Ev+185)
12-14 02:57:24.319 F/DEBUG   ( 5424):     #05 pc 0005f5f0  /system/lib/libhwui.so (_ZN7android10uirenderer6Caches4initEv+176)
12-14 02:57:24.320 F/DEBUG   ( 5424):     #06 pc 0005f4bc  /system/lib/libhwui.so (_ZN7android10uirenderer6CachesC2ERNS0_11RenderStateE+316)
12-14 02:57:24.320 F/DEBUG   ( 5424):     #07 pc 0003ee57  /system/lib/libhwui.so (_ZN7android10uirenderer11RenderState18onGLContextCreatedEv+215)
12-14 02:57:24.320 F/DEBUG   ( 5424):     #08 pc 00046d9b  /system/lib/libhwui.so (_ZN7android10uirenderer12renderthread10EglManager10initializeEv+427)
12-14 02:57:24.320 F/DEBUG   ( 5424):     #09 pc 0004743d  /system/lib/libhwui.so (_ZN7android10uirenderer12renderthread10EglManager13createSurfaceEP13ANativeWindow+45)
12-14 02:57:24.320 F/DEBUG   ( 5424):     #10 pc 00045380  /system/lib/libhwui.so (_ZN7android10uirenderer12renderthread14OpenGLPipeline10setSurfaceEPNS_7SurfaceENS1_12SwapBehaviorE+80)
12-14 02:57:24.320 F/DEBUG   ( 5424):     #11 pc 00041a9d  /system/lib/libhwui.so (_ZN7android10uirenderer12renderthread13CanvasContext10setSurfaceEPNS_7SurfaceE+157)
12-14 02:57:24.320 F/DEBUG   ( 5424):     #12 pc 00041d53  /system/lib/libhwui.so (_ZN7android10uirenderer12renderthread13CanvasContext10initializeEPNS_7SurfaceE+35)
12-14 02:57:24.320 F/DEBUG   ( 5424):     #13 pc 0004a6c5  /system/lib/libhwui.so (_ZN7android10uirenderer12renderthreadL17Bridge_initializeEPNS1_14initializeArgsE+37)
12-14 02:57:24.321 F/DEBUG   ( 5424):     #14 pc 0004c9d2  /system/lib/libhwui.so (_ZN7android10uirenderer12renderthread22MethodInvokeRenderTask3runEv+34)
12-14 02:57:24.322 F/DEBUG   ( 5424):     #15 pc 0004dde9  /system/lib/libhwui.so (_ZN7android10uirenderer12renderthread12RenderThread10threadLoopEv+489)
12-14 02:57:24.323 F/DEBUG   ( 5424):     #16 pc 000104a4  /system/lib/libutils.so (_ZN7android6Thread11_threadLoopEPv+292)
12-14 02:57:24.323 F/DEBUG   ( 5424):     #17 pc 000841b6  /system/lib/libandroid_runtime.so (_ZN7android14AndroidRuntime15javaThreadShellEPv+166)
12-14 02:57:24.323 F/DEBUG   ( 5424):     #18 pc 0000fca6  /system/lib/libutils.so (_ZN13thread_data_t10trampolineEPKS_+246)
12-14 02:57:24.323 F/DEBUG   ( 5424):     #19 pc 000709b5  /system/lib/libc.so (_ZL15__pthread_startPv+53)
12-14 02:57:24.323 F/DEBUG   ( 5424):     #20 pc 0002050b  /system/lib/libc.so (__start_thread+75)
12-14 02:57:24.323 F/DEBUG   ( 5424):     #21 pc 0001eda6  /system/lib/libc.so (__bionic_clone+70)
12-14 02:57:24.542 I/wificond( 5516): wificond is starting up...
12-14 02:57:25.422 I/chatty  ( 5582): uid=1000(system) expire 51 lines
12-14 02:57:25.663 I/chatty  ( 5582): uid=1000(system) expire 3 lines
12-14 02:57:26.095 I/PackageManager( 5582): Un-granting permission android.permission.ACCESS_INSTANT_APPS from package com.google.android.packageinstaller (protectionLevel=770 flags=0x38483e45)
12-14 02:57:26.096 V/PackageManager( 5582): reconcileAppsData for null u0 0x3 migrateAppData=true
12-14 02:57:26.159 V/PackageManager( 5582): reconcileAppsData finished 18 packages
12-14 02:57:26.280 I/SystemServer( 5582): StartOtaDexOptService
12-14 02:57:26.280 D/OTADexopt( 5582): No upgrade, skipping A/B artifacts check.
12-14 02:57:26.280 I/SystemServer( 5582): StartUserManagerService
12-14 02:57:26.280 I/SystemServiceManager( 5582): Starting com.android.server.pm.UserManagerService$LifeCycle
12-14 02:57:26.280 I/SystemServer( 5582): InitAttributerCache
12-14 02:57:26.281 I/SystemServer( 5582): SetSystemProcess
12-14 02:57:26.291 I/SystemServer( 5582): StartOverlayManagerService
12-14 02:57:26.293 I/SystemServer( 5582): StartDropBoxManager
12-14 02:57:26.293 I/SystemServiceManager( 5582): Starting com.android.server.DropBoxManagerService
12-14 02:57:26.294 I/SystemServer( 5582): StartBatteryService
12-14 02:57:26.294 I/SystemServiceManager( 5582): Starting com.android.server.BatteryService
12-14 02:57:26.300 I/SystemServer( 5582): StartUsageService
12-14 02:57:26.301 I/SystemServiceManager( 5582): Starting com.android.server.usage.UsageStatsService
12-14 02:57:26.307 E/BatteryStatsService( 5582): no controller energy info supplied
12-14 02:57:26.307 E/KernelCpuSpeedReader( 5582): Failed to read cpu-freq: /sys/devices/system/cpu/cpu0/cpufreq/stats/time_in_state (No such file or directory)
12-14 02:57:26.309 E/KernelUidCpuFreqTimeReader( 5582): Failed to read /proc/uid_time_in_state: java.io.FileNotFoundException: /proc/uid_time_in_state (No such file or directory)
12-14 02:57:26.310 W/KernelMemoryBandwidthStats( 5582): No kernel memory bandwidth stats available
12-14 02:57:26.313 I/SystemServer( 5582): StartWebViewUpdateService
12-14 02:57:26.313 I/SystemServiceManager( 5582): Starting com.android.server.webkit.WebViewUpdateService
12-14 02:57:26.321 I/BatteryStatsImpl( 5582): Resetting battery stats: level=100 status=4 dischargeLevel=100 lowAmount=0 highAmount=0
12-14 02:57:26.343 I/SystemServer( 5582): StartKeyAttestationApplicationIdProviderService
12-14 02:57:26.343 I/SystemServer( 5582): SecondaryZygotePreload
12-14 02:57:26.344 I/SystemServer( 5582): StartKeyChainSystemService
12-14 02:57:26.345 I/SystemServiceManager( 5582): Starting com.android.server.security.KeyChainSystemService
12-14 02:57:26.345 I/SystemServer( 5582): StartSchedulingPolicyService
12-14 02:57:26.346 I/SystemServer( 5582): StartTelecomLoaderService
12-14 02:57:26.346 I/SystemServiceManager( 5582): Starting com.android.server.telecom.TelecomLoaderService
12-14 02:57:26.346 I/SystemServer( 5582): StartTelephonyRegistry
12-14 02:57:26.355 I/SystemServer( 5582): StartEntropyMixer
12-14 02:57:26.357 I/EntropyMixer( 5582): Writing entropy...
12-14 02:57:26.361 E/KernelCpuSpeedReader( 5582): Failed to read cpu-freq: /sys/devices/system/cpu/cpu0/cpufreq/stats/time_in_state (No such file or directory)
12-14 02:57:26.362 E/KernelUidCpuFreqTimeReader( 5582): Failed to read /proc/uid_time_in_state: java.io.FileNotFoundException: /proc/uid_time_in_state (No such file or directory)
12-14 02:57:26.368 E/SystemServer( 5582): Unable to preload default resources
12-14 02:57:26.375 I/SystemServer( 5582): Camera Service Proxy
12-14 02:57:26.376 I/SystemServer( 5582): StartCameraServiceProxy
12-14 02:57:26.376 I/SystemServiceManager( 5582): Starting com.android.server.camera.CameraServiceProxy
12-14 02:57:26.389 I/SystemServer( 5582): StartAccountManagerService
12-14 02:57:26.390 I/SystemServiceManager( 5582): Starting com.android.server.accounts.AccountManagerService$Lifecycle
12-14 02:57:26.395 I/SystemServer( 5582): StartContentService
12-14 02:57:26.397 I/SystemServiceManager( 5582): Starting com.android.server.content.ContentService$Lifecycle
12-14 02:57:26.405 I/SystemServer( 5582): InstallSystemProviders
12-14 02:57:26.443 W/RescueParty( 5582): Attempting rescue level RESET_SETTINGS_UNTRUSTED_DEFAULTS
12-14 02:57:26.445 D/PackageManager( 5582): Finished rescue level RESET_SETTINGS_UNTRUSTED_DEFAULTS
12-14 02:57:26.446 I/SystemServer( 5582): StartVibratorService
12-14 02:57:26.456 I/SystemServer( 5582): StartConsumerIrService
12-14 02:57:26.458 I/SystemServer( 5582): StartAlarmManagerService
12-14 02:57:26.458 I/SystemServiceManager( 5582): Starting com.android.server.AlarmManagerService
12-14 02:57:26.475 I/SystemServer( 5582): InitWatchdog
12-14 02:57:26.476 I/SystemServer( 5582): StartInputManagerService
12-14 02:57:26.476 I/InputManager( 5582): Initializing input manager, mUseDevInputEventForAudioJack=true
12-14 02:57:26.477 I/SystemServer( 5582): StartWindowManagerService
12-14 02:57:26.489 I/WindowManager( 5582): No existing display settings /data/system/display_settings.xml; starting empty
12-14 02:57:26.523 I/PackageManager( 5582): Deferred reconcileAppsData finished 87 packages
12-14 02:57:26.527 I/SystemServer( 5582): StartVrManagerService
12-14 02:57:26.527 I/SystemServiceManager( 5582): Starting com.android.server.vr.VrManagerService
12-14 02:57:26.527 I/SystemServer( 5582): StartHidlServices
12-14 02:57:26.529 I/SystemServer( 5582): SetWindowManagerService
12-14 02:57:26.533 I/SystemServer( 5582): StartInputManager
12-14 02:57:26.533 I/InputManager( 5582): Starting input manager
12-14 02:57:26.536 I/SystemServer( 5582): DisplayManagerWindowManagerAndInputReady
12-14 02:57:26.537 I/SystemServer( 5582): No Bluetooth Service (emulator)
12-14 02:57:26.537 I/SystemServer( 5582): IpConnectivityMetrics
12-14 02:57:26.537 I/SystemServiceManager( 5582): Starting com.android.server.connectivity.IpConnectivityMetrics
12-14 02:57:26.538 I/SystemServer( 5582): PinnerService
12-14 02:57:26.538 I/SystemServiceManager( 5582): Starting com.android.server.PinnerService
12-14 02:57:26.539 I/SystemServer( 5582): StartInputMethodManagerLifecycle
12-14 02:57:26.539 I/SystemServiceManager( 5582): Starting com.android.server.InputMethodManagerService$Lifecycle
12-14 02:57:26.542 I/SystemServer( 5582): StartAccessibilityManagerService
12-14 02:57:26.545 I/SystemServer( 5582): MakeDisplayReady
12-14 02:57:26.550 I/ActivityManager( 5582): Config changes=5df8 {1.0 ?mcc?mnc [en_US] ldltr sw411dp w411dp h731dp 420dpi nrml long port ?uimode ?night -touch -keyb/v/h -nav/h appBounds=Rect(0, 0 - 1080, 1920) s.2}
12-14 02:57:26.555 I/ActivityManager( 5582): Override config changes=40007dfc {1.0 ?mcc?mnc [en_US] ldltr sw411dp w411dp h731dp 420dpi nrml long port ?uimode ?night -touch -keyb/v/h -nav/h appBounds=Rect(0, 0 - 1080, 1920) s.2} for displayId=0
12-14 02:57:26.563 W/LocalDisplayAdapter( 5582): Unable to find color mode 0, ignoring request.
12-14 02:57:26.569 I/ActivityManager( 5582): Config changes=500 {1.0 ?mcc?mnc [en_US] ldltr sw411dp w411dp h659dp 420dpi nrml port ?uimode ?night -touch -keyb/v/h -nav/h appBounds=Rect(0, 0 - 1080, 1794) s.3}
12-14 02:57:26.572 I/ActivityManager( 5582): Override config changes=500 {1.0 ?mcc?mnc [en_US] ldltr sw411dp w411dp h659dp 420dpi nrml port ?uimode ?night -touch -keyb/v/h -nav/h appBounds=Rect(0, 0 - 1080, 1794) s.3} for displayId=0
12-14 02:57:26.574 W/LocalDisplayAdapter( 5582): Unable to find color mode 0, ignoring request.
12-14 02:57:26.575 I/SystemServer( 5582): StartStorageManagerService
12-14 02:57:26.575 I/SystemServiceManager( 5582): Starting com.android.server.StorageManagerService$Lifecycle
12-14 02:57:26.575 I/UsageStatsService( 5582): User[0] Rollover scheduled @ 2020-12-14 20:59:13(1607997553013)
12-14 02:57:26.576 E/AppIdleHistory( 5582): Unable to read app idle file for user 0
12-14 02:57:26.581 I/SystemServer( 5582): StartStorageStatsService
12-14 02:57:26.582 I/SystemServiceManager( 5582): Starting com.android.server.usage.StorageStatsService$Lifecycle
12-14 02:57:26.585 D/StorageManagerService( 5582): Thinking about init, mSystemReady=false, mDaemonConnected=true
12-14 02:57:26.585 D/StorageManagerService( 5582): Thinking about reset, mSystemReady=false, mDaemonConnected=true
12-14 02:57:26.586 D/StorageManagerService( 5582): Thinking about init, mSystemReady=false, mDaemonConnected=true
12-14 02:57:26.586 D/StorageManagerService( 5582): Thinking about reset, mSystemReady=false, mDaemonConnected=true
12-14 02:57:26.586 D/CryptdConnector( 5582): SND -> {1 cryptfs getfield SystemLocale}
12-14 02:57:26.589 D/CryptdConnector( 5582): RCV <- {200 1 -1}
12-14 02:57:26.589 W/StorageManagerService( 5582): No primary storage mounted!
12-14 02:57:26.589 D/VoldConnector( 5582): SND -> {1 asec list}
12-14 02:57:26.590 D/VoldConnector( 5582): RCV <- {200 1 asec operation succeeded}
12-14 02:57:26.591 I/SystemServer( 5582): StartUiModeManager
12-14 02:57:26.591 I/SystemServiceManager( 5582): Starting com.android.server.UiModeManagerService
12-14 02:57:26.594 I/ActivityManager( 5582): Config changes=200 {1.0 ?mcc?mnc [en_US] ldltr sw411dp w411dp h659dp 420dpi nrml port -touch -keyb/v/h -nav/h appBounds=Rect(0, 0 - 1080, 1794) s.4}
12-14 02:57:26.596 I/SystemServer( 5582): UpdatePackagesIfNeeded
12-14 02:57:26.596 I/SystemServer( 5582): PerformFstrimIfNeeded
12-14 02:57:26.596 I/SystemServer( 5582): StartLockSettingsService
12-14 02:57:26.597 I/SystemServiceManager( 5582): Starting com.android.server.LockSettingsService$Lifecycle
12-14 02:57:26.647 I/ActivityManager( 5582): Override config changes=200 {1.0 ?mcc?mnc [en_US] ldltr sw411dp w411dp h659dp 420dpi nrml port -touch -keyb/v/h -nav/h appBounds=Rect(0, 0 - 1080, 1794) s.4} for displayId=0
12-14 02:57:26.656 W/SystemServiceManager( 5582): Service com.android.server.LockSettingsService$Lifecycle took 59 ms in onStart
12-14 02:57:26.656 I/SystemServer( 5582): StartDeviceIdleController
12-14 02:57:26.657 I/SystemServiceManager( 5582): Starting com.android.server.DeviceIdleController
12-14 02:57:26.660 I/SystemServer( 5582): StartDevicePolicyManager
12-14 02:57:26.660 I/SystemServiceManager( 5582): Starting com.android.server.devicepolicy.DevicePolicyManagerService$Lifecycle
12-14 02:57:26.666 I/SystemServer( 5582): StartStatusBarManagerService
12-14 02:57:26.666 W/StorageManagerService( 5582): No primary storage mounted!
12-14 02:57:26.666 D/VoldConnector( 5582): SND -> {2 asec list}
12-14 02:57:26.667 D/VoldConnector( 5582): RCV <- {200 2 asec operation succeeded}
12-14 02:57:26.668 I/SystemServer( 5582): StartClipboardService
12-14 02:57:26.668 I/SystemServiceManager( 5582): Starting com.android.server.clipboard.ClipboardService
12-14 02:57:26.672 I/SystemServer( 5582): StartNetworkManagementService
12-14 02:57:26.674 I/NetworkManagement( 5582): onDaemonConnected()
12-14 02:57:26.676 I/SystemServer( 5582): StartTextServicesManager
12-14 02:57:26.676 I/SystemServiceManager( 5582): Starting com.android.server.TextServicesManagerService$Lifecycle
12-14 02:57:26.677 W/TextServicesManagerService( 5582): no available spell checker services found
12-14 02:57:26.677 I/SystemServer( 5582): StartNetworkScoreService
12-14 02:57:26.678 I/SystemServer( 5582): StartNetworkStatsService
12-14 02:57:26.684 I/SystemServer( 5582): StartNetworkPolicyManagerService
12-14 02:57:26.691 I/SystemServer( 5582): StartWifi
12-14 02:57:26.697 I/ActivityManager( 5582): Config changes=38 {1.0 ?mcc?mnc [en_US] ldltr sw411dp w411dp h659dp 420dpi nrml port finger qwerty/v/v -nav/h appBounds=Rect(0, 0 - 1080, 1794) s.5}
12-14 02:57:26.700 I/SystemServiceManager( 5582): Starting com.android.server.wifi.WifiService
12-14 02:57:26.701 I/ActivityManager( 5582): Override config changes=38 {1.0 ?mcc?mnc [en_US] ldltr sw411dp w411dp h659dp 420dpi nrml port finger qwerty/v/v -nav/h appBounds=Rect(0, 0 - 1080, 1794) s.5} for displayId=0
12-14 02:57:26.790 I/SystemServer( 5582): StartWifiScanning
12-14 02:57:26.790 I/SystemServiceManager( 5582): Starting com.android.server.wifi.scanner.WifiScanningService
12-14 02:57:26.792 I/SystemServer( 5582): StartWifiRtt
12-14 02:57:26.792 I/SystemServiceManager( 5582): Starting com.android.server.wifi.RttService
12-14 02:57:26.793 I/SystemServer( 5582): No Wi-Fi Aware Service (Aware support Not Present)
12-14 02:57:26.794 I/SystemServer( 5582): StartConnectivityService
12-14 02:57:26.796 D/ConnectivityService( 5582): ConnectivityService starting up
12-14 02:57:26.798 D/ConnectivityService( 5582): wifiOnly=false
12-14 02:57:26.807 I/SystemServer( 5582): StartNsdService
12-14 02:57:26.808 D/NsdService( 5582): Network service discovery enabled true
12-14 02:57:26.809 I/SystemServer( 5582): StartUpdateLockService
12-14 02:57:26.810 I/SystemServer( 5582): WaitForAsecScan
12-14 02:57:26.810 I/SystemServer( 5582): StartNotificationManager
12-14 02:57:26.810 I/SystemServiceManager( 5582): Starting com.android.server.notification.NotificationManagerService
12-14 02:57:26.823 D/ConditionProviders.SCP( 5582): new ScheduleConditionProvider()
12-14 02:57:26.830 I/SystemServer( 5582): StartDeviceMonitor
12-14 02:57:26.830 I/SystemServiceManager( 5582): Starting com.android.server.storage.DeviceStorageMonitorService
12-14 02:57:26.834 I/SystemServer( 5582): StartLocationManagerService
12-14 02:57:26.838 I/SystemServer( 5582): StartCountryDetectorService
12-14 02:57:26.838 I/SystemServer( 5582): StartSearchManagerService
12-14 02:57:26.839 I/SystemServiceManager( 5582): Starting com.android.server.search.SearchManagerService$Lifecycle
12-14 02:57:26.841 I/SystemServer( 5582): StartWallpaperManagerService
12-14 02:57:26.842 I/SystemServiceManager( 5582): Starting com.android.server.wallpaper.WallpaperManagerService$Lifecycle
12-14 02:57:26.843 I/WallpaperManagerService( 5582): No static wallpaper imagery; defaults will be shown
12-14 02:57:26.843 I/SystemServer( 5582): StartAudioService
12-14 02:57:26.843 I/SystemServiceManager( 5582): Starting com.android.server.audio.AudioService$Lifecycle
12-14 02:57:26.878 I/SystemServer( 5582): StartDockObserver
12-14 02:57:26.878 I/SystemServiceManager( 5582): Starting com.android.server.DockObserver
12-14 02:57:26.878 W/DockObserver( 5582): This kernel does not have dock station support
12-14 02:57:26.882 I/SystemServer( 5582): StartWiredAccessoryManager
12-14 02:57:26.883 W/WiredAccessoryManager( 5582): This kernel does not have usb audio support
12-14 02:57:26.883 W/WiredAccessoryManager( 5582): This kernel does not have HDMI audio support
12-14 02:57:26.883 I/SystemServer( 5582): StartMidiManager
12-14 02:57:26.883 I/SystemServiceManager( 5582): Starting com.android.server.midi.MidiService$Lifecycle
12-14 02:57:26.884 I/SystemServer( 5582): StartUsbService
12-14 02:57:26.885 I/SystemServiceManager( 5582): Starting com.android.server.usb.UsbService$Lifecycle
12-14 02:57:26.889 E/UsbDeviceManager( 5582): failed to write to /sys/class/android_usb/android0/f_rndis/ethaddr
12-14 02:57:26.901 E/UsbPortManager( 5582): connectToProxy: usb hal service not responding
12-14 02:57:26.901 E/UsbPortManager( 5582): android.os.RemoteException: HwBinder Error: (-2147483648)
12-14 02:57:26.901 E/UsbPortManager( 5582): 	at android.os.HwBinder.getService(Native Method)
12-14 02:57:26.901 E/UsbPortManager( 5582): 	at android.hardware.usb.V1_0.IUsb.getService(IUsb.java:44)
12-14 02:57:26.901 E/UsbPortManager( 5582): 	at com.android.server.usb.UsbPortManager.connectToProxy(UsbPortManager.java:499)
12-14 02:57:26.901 E/UsbPortManager( 5582): 	at com.android.server.usb.UsbPortManager.<init>(UsbPortManager.java:130)
12-14 02:57:26.901 E/UsbPortManager( 5582): 	at com.android.server.usb.UsbService.<init>(UsbService.java:134)
12-14 02:57:26.901 E/UsbPortManager( 5582): 	at com.android.server.usb.UsbService$Lifecycle.onStart(UsbService.java:69)
12-14 02:57:26.901 E/UsbPortManager( 5582): 	at com.android.server.SystemServiceManager.startService(SystemServiceManager.java:123)
12-14 02:57:26.901 E/UsbPortManager( 5582): 	at com.android.server.SystemServiceManager.startService(SystemServiceManager.java:110)
12-14 02:57:26.901 E/UsbPortManager( 5582): 	at com.android.server.SystemServiceManager.startService(SystemServiceManager.java:69)
12-14 02:57:26.901 E/UsbPortManager( 5582): 	at com.android.server.SystemServer.startOtherServices(SystemServer.java:1240)
12-14 02:57:26.901 E/UsbPortManager( 5582): 	at com.android.server.SystemServer.run(SystemServer.java:396)
12-14 02:57:26.901 E/UsbPortManager( 5582): 	at com.android.server.SystemServer.main(SystemServer.java:260)
12-14 02:57:26.901 E/UsbPortManager( 5582): 	at java.lang.reflect.Method.invoke(Native Method)
12-14 02:57:26.901 E/UsbPortManager( 5582): 	at com.android.internal.os.Zygote$MethodAndArgsCaller.run(Zygote.java:240)
12-14 02:57:26.901 E/UsbPortManager( 5582): 	at com.android.internal.os.ZygoteInit.main(ZygoteInit.java:767)
12-14 02:57:26.906 I/SystemServer( 5582): StartSerialService
12-14 02:57:26.906 I/SystemServer( 5582): StartHardwarePropertiesManagerService
12-14 02:57:26.907 I/SystemServer( 5582): StartTwilightService
12-14 02:57:26.907 I/SystemServiceManager( 5582): Starting com.android.server.twilight.TwilightService
12-14 02:57:26.907 I/SystemServer( 5582): StartJobScheduler
12-14 02:57:26.908 I/SystemServiceManager( 5582): Starting com.android.server.job.JobSchedulerService
12-14 02:57:26.910 D/JobStore( 5582): Start tag: job-info
12-14 02:57:26.918 D/ConnectivityService( 5582): requestNetwork for uid/pid:1000/5582 NetworkRequest [ TRACK_DEFAULT id=3, [ Capabilities: INTERNET&NOT_RESTRICTED&TRUSTED&NOT_VPN] ]
12-14 02:57:26.922 I/SystemServer( 5582): StartSoundTrigger
12-14 02:57:26.922 I/SystemServiceManager( 5582): Starting com.android.server.soundtrigger.SoundTriggerService
12-14 02:57:26.923 I/SystemServer( 5582): StartTrustManager
12-14 02:57:26.923 I/SystemServiceManager( 5582): Starting com.android.server.trust.TrustManagerService
12-14 02:57:26.924 I/SystemServer( 5582): StartBackupManager
12-14 02:57:26.924 I/SystemServiceManager( 5582): Starting com.android.server.backup.BackupManagerService$Lifecycle
12-14 02:57:26.925 I/SystemServer( 5582): StartAppWidgerService
12-14 02:57:26.925 I/SystemServiceManager( 5582): Starting com.android.server.appwidget.AppWidgetService
12-14 02:57:26.927 I/SystemServer( 5582): StartVoiceRecognitionManager
12-14 02:57:26.927 I/SystemServiceManager( 5582): Starting com.android.server.voiceinteraction.VoiceInteractionManagerService
12-14 02:57:26.928 I/SystemServer( 5582): StartGestureLauncher
12-14 02:57:26.928 I/SystemServiceManager( 5582): Starting com.android.server.GestureLauncherService
12-14 02:57:26.928 I/SystemServer( 5582): StartSensorNotification
12-14 02:57:26.929 I/SystemServiceManager( 5582): Starting com.android.server.SensorNotificationService
12-14 02:57:26.929 I/SystemServer( 5582): StartContextHubSystemService
12-14 02:57:26.929 I/SystemServiceManager( 5582): Starting com.android.server.ContextHubSystemService
12-14 02:57:26.930 I/SystemServer( 5582): StartDiskStatsService
12-14 02:57:26.933 I/SystemServer( 5582): StartSamplingProfilerService
12-14 02:57:26.942 I/SystemServer( 5582): StartNetworkTimeUpdateService
12-14 02:57:26.943 I/SystemServer( 5582): StartCommonTimeManagementService
12-14 02:57:26.944 I/SystemServer( 5582): CertBlacklister
12-14 02:57:26.944 I/SystemServer( 5582): StartEmergencyAffordanceService
12-14 02:57:26.944 I/SystemServiceManager( 5582): Starting com.android.server.emergency.EmergencyAffordanceService
12-14 02:57:26.945 I/SystemServer( 5582): StartDreamManager
12-14 02:57:26.945 I/SystemServiceManager( 5582): Starting com.android.server.dreams.DreamManagerService
12-14 02:57:26.946 I/SystemServer( 5582): AddGraphicsStatsService
12-14 02:57:26.948 I/SystemServer( 5582): StartPrintManager
12-14 02:57:26.948 I/SystemServiceManager( 5582): Starting com.android.server.print.PrintManagerService
12-14 02:57:26.952 I/SystemServer( 5582): StartRestrictionManager
12-14 02:57:26.952 I/SystemServiceManager( 5582): Starting com.android.server.restrictions.RestrictionsManagerService
12-14 02:57:26.954 I/SystemServer( 5582): StartMediaSessionService
12-14 02:57:26.955 I/SystemServiceManager( 5582): Starting com.android.server.media.MediaSessionService
12-14 02:57:26.957 I/SystemServer( 5582): StartMediaResourceMonitor
12-14 02:57:26.957 I/SystemServiceManager( 5582): Starting com.android.server.media.MediaResourceMonitorService
12-14 02:57:26.959 I/SystemServer( 5582): StartMediaRouterService
12-14 02:57:26.961 I/SystemServer( 5582): StartFingerprintSensor
12-14 02:57:26.962 I/SystemServiceManager( 5582): Starting com.android.server.fingerprint.FingerprintService
12-14 02:57:26.969 V/FingerprintService( 5582): mDeamon was null, reconnect to fingerprint
12-14 02:57:26.971 I/SystemServer( 5582): StartBackgroundDexOptService
12-14 02:57:26.972 I/SystemServer( 5582): StartPruneInstantAppsJobService
12-14 02:57:26.972 I/SystemServer( 5582): StartShortcutServiceLifecycle
12-14 02:57:26.973 I/SystemServiceManager( 5582): Starting com.android.server.pm.ShortcutService$Lifecycle
12-14 02:57:26.973 V/FingerprintService( 5582): Fingerprint HAL id: 2909442048
12-14 02:57:26.976 I/SystemServer( 5582): StartLauncherAppsService
12-14 02:57:26.976 I/SystemServiceManager( 5582): Starting com.android.server.pm.LauncherAppsService
12-14 02:57:26.978 I/SystemServer( 5582): StartMediaProjectionManager
12-14 02:57:26.978 I/SystemServiceManager( 5582): Starting com.android.server.media.projection.MediaProjectionManagerService
12-14 02:57:26.986 I/SystemServer( 5582): StartJitCompilation
12-14 02:57:26.986 I/SystemServer( 5582): StartMmsService
12-14 02:57:26.986 I/SystemServiceManager( 5582): Starting com.android.server.MmsServiceBroker
12-14 02:57:26.987 I/SystemServer( 5582): StartRetailDemoModeService
12-14 02:57:26.987 I/SystemServiceManager( 5582): Starting com.android.server.retaildemo.RetailDemoModeService
12-14 02:57:26.988 I/SystemServer( 5582): StartAutoFillService
12-14 02:57:26.988 I/SystemServiceManager( 5582): Starting com.android.server.autofill.AutofillManagerService
12-14 02:57:26.989 I/AutofillManagerService( 5582): Setting debug to false
12-14 02:57:26.992 I/SystemServer( 5582): MakeVibratorServiceReady
12-14 02:57:26.994 I/SystemServer( 5582): MakeLockSettingsServiceReady
12-14 02:57:27.008 E/LockSettingsStorage( 5582): Cannot read file java.io.FileNotFoundException: /data/system/gatekeeper.password.key: open failed: ENOENT (No such file or directory)
12-14 02:57:27.009 E/LockSettingsStorage( 5582): Cannot read file java.io.FileNotFoundException: /data/system/password.key: open failed: ENOENT (No such file or directory)
12-14 02:57:27.009 E/LockSettingsStorage( 5582): Cannot read file java.io.FileNotFoundException: /data/system/gatekeeper.pattern.key: open failed: ENOENT (No such file or directory)
12-14 02:57:27.009 E/LockSettingsStorage( 5582): Cannot read file java.io.FileNotFoundException: /data/system/gatekeeper.gesture.key: open failed: ENOENT (No such file or directory)
12-14 02:57:27.009 E/LockSettingsStorage( 5582): Cannot read file java.io.FileNotFoundException: /data/system/gesture.key: open failed: ENOENT (No such file or directory)
12-14 02:57:27.009 I/SystemServer( 5582): StartBootPhaseLockSettingsReady
12-14 02:57:27.009 I/SystemServiceManager( 5582): Starting phase 480
12-14 02:57:27.016 W/DevicePolicyManager( 5582): Trying to set ro.device_owner, but it has already been set?
12-14 02:57:27.019 I/SystemServer( 5582): StartBootPhaseSystemServicesReady
12-14 02:57:27.019 I/SystemServiceManager( 5582): Starting phase 500
12-14 02:57:27.024 I/VrManagerService( 5582): No default vr listener service found.
12-14 02:57:27.029 I/WifiService( 5582): WifiService starting up with Wi-Fi enabled
12-14 02:57:27.040 D/WifiService( 5582): setWifiEnabled: true pid=5582, uid=1000, package=android
12-14 02:57:27.048 W/SoundTriggerHelper( 5582): listModules status=0, # of modules=0
12-14 02:57:27.052 I/SystemServer( 5582): MakeWindowManagerServiceReady
12-14 02:57:27.056 I/SystemServer( 5582): MakePowerManagerServiceReady
12-14 02:57:27.067 E/KernelCpuSpeedReader( 5582): Failed to read cpu-freq: /sys/devices/system/cpu/cpu0/cpufreq/stats/time_in_state (No such file or directory)
12-14 02:57:27.069 E/KernelUidCpuFreqTimeReader( 5582): Failed to read /proc/uid_time_in_state: java.io.FileNotFoundException: /proc/uid_time_in_state (No such file or directory)
12-14 02:57:27.070 E/KernelCpuSpeedReader( 5582): Failed to read cpu-freq: /sys/devices/system/cpu/cpu0/cpufreq/stats/time_in_state (No such file or directory)
12-14 02:57:27.074 W/KeyguardServiceDelegate( 5582): onScreenTurningOn(): no keyguard service!
12-14 02:57:27.075 I/SystemServer( 5582): MakePackageManagerServiceReady
12-14 02:57:27.078 V/UserDataPreparer( 5582): Found /data/user_de/0 with serial number 0
12-14 02:57:27.078 V/UserDataPreparer( 5582): Found /data/user/0 with serial number 0
12-14 02:57:27.078 V/UserDataPreparer( 5582): Found /data/system_de/0 with serial number 0
12-14 02:57:27.078 V/UserDataPreparer( 5582): Found /data/system_ce/0 with serial number 0
12-14 02:57:27.078 V/UserDataPreparer( 5582): Found /data/misc_ce/0 with serial number 0
12-14 02:57:27.078 I/SystemServer( 5582): MakeDisplayManagerServiceReady
12-14 02:57:27.086 I/ActivityManager( 5582): System now ready
12-14 02:57:27.089 I/SystemServer( 5582): Making services ready
12-14 02:57:27.089 I/SystemServer( 5582): StartActivityManagerReadyPhase
12-14 02:57:27.089 I/SystemServiceManager( 5582): Starting phase 550
12-14 02:57:27.146 I/ActivityManager( 5582): Start proc 5700:com.google.android.inputmethod.latin/u0a58 for service com.google.android.inputmethod.latin/com.android.inputmethod.latin.LatinIME
12-14 02:57:27.148 D/StorageManagerService( 5582): Thinking about init, mSystemReady=true, mDaemonConnected=true
12-14 02:57:27.148 D/StorageManagerService( 5582): Setting up emulation state, initlocked=false
12-14 02:57:27.148 D/CryptdConnector( 5582): SND -> {2 cryptfs unlock_user_key 0 0 ! !}
12-14 02:57:27.148 W/TextServicesManagerService( 5582): no available spell checker services found
12-14 02:57:27.149 D/vold    ( 1344): e4crypt_unlock_user_key 0 serial=0 token_present=0
12-14 02:57:27.150 D/CryptdConnector( 5582): RCV <- {200 2 Command succeeded}
12-14 02:57:27.150 W/WallpaperManagerService( 5582): Invalid wallpaper data
12-14 02:57:27.150 E/WallpaperManagerService( 5582): Unable to apply new wallpaper
12-14 02:57:27.150 V/WallpaperManagerService( 5582): bindWallpaperComponentLocked: componentName=null
12-14 02:57:27.150 V/WallpaperManagerService( 5582): No default component; using image wallpaper
12-14 02:57:27.151 D/StorageManagerService( 5582): Thinking about reset, mSystemReady=true, mDaemonConnected=true
12-14 02:57:27.153 D/VoldConnector( 5582): SND -> {3 volume reset}
12-14 02:57:27.153 I/ActivityManager( 5582): Force stopping com.android.providers.media appid=10009 user=-1: vold reset
12-14 02:57:27.158 D/VoldConnector( 5582): RCV <- {651 emulated 5}
12-14 02:57:27.169 I/ActivityManager( 5582): Start proc 5712:com.android.systemui/u0a28 for service com.android.systemui/.ImageWallpaper
12-14 02:57:27.175 D/UsbAlsaManager( 5582): Adding ALSA device AlsaDevice: [card: 0, device: 0, type: 1]
12-14 02:57:27.175 D/UsbAlsaManager( 5582): Adding ALSA device AlsaDevice: [card: 0, device: 0, type: 2]
12-14 02:57:27.176 I/SystemServer( 5582): StartObservingNativeCrashes
12-14 02:57:27.177 I/SystemServer( 5582): StartSystemUI
12-14 02:57:27.178 I/SystemServer( 5582): MakeNetworkScoreReady
12-14 02:57:27.178 I/SystemServer( 5582): MakeNetworkManagementServiceReady
12-14 02:57:27.178 D/NetworkManagement( 5582): enabling bandwidth control
12-14 02:57:27.179 I/SystemServer( 5582): WebViewFactoryPreparation
12-14 02:57:27.225 I/SystemServer( 5582): MakeNetworkStatsServiceReady
12-14 02:57:27.237 D/NetworkPolicy( 5582): setRestrictBackgroundUL(): false
12-14 02:57:27.249 I/android.hardware.wifi@1.0-service( 1401): Wifi HAL stopped
12-14 02:57:27.259 E/BatteryStatsService( 5582): no controller energy info supplied
12-14 02:57:27.260 E/BatteryStatsService( 5582): no controller energy info supplied
12-14 02:57:27.263 I/ActivityManager( 5582): Start proc 5738:WebViewLoader-x86/1037 [android.webkit.WebViewFactory$RelroFileCreator] for 
12-14 02:57:27.270 I/SystemServer( 5582): MakeConnectivityServiceReady
12-14 02:57:27.291 I/SystemServer( 5582): MakeNetworkPolicyServiceReady
12-14 02:57:27.314 I/SystemServer( 5582): StartWatchdog
12-14 02:57:27.315 I/SystemServer( 5582): PhaseThirdPartyAppsCanStart
12-14 02:57:27.315 I/SystemServiceManager( 5582): Starting phase 600
12-14 02:57:27.322 V/NotificationListeners( 5582): enabling notification listener for 0: ComponentInfo{com.google.android.apps.nexuslauncher/com.android.launcher3.notification.NotificationListener}
