12-14 02:58:33.063 W/zygote  ( 8971): failed to remove /acct/uid_1047: Permission denied
12-14 02:58:33.063 W/zygote  ( 8971): failed to remove /acct/uid_1053/pid_1757: Device or resource busy
12-14 02:58:33.063 W/zygote  ( 8971): failed to remove /acct/uid_1053: Permission denied
12-14 02:58:33.063 W/zygote  ( 8971): failed to remove /acct/uid_1058/pid_1493: Device or resource busy
12-14 02:58:33.063 W/zygote  ( 8971): failed to remove /acct/uid_1058: Permission denied
12-14 02:58:33.063 W/zygote  ( 8971): failed to remove /acct/uid_10002: Permission denied
12-14 02:58:33.064 W/zygote  ( 8971): failed to remove /acct/uid_10003: Permission denied
12-14 02:58:33.064 W/zygote  ( 8971): failed to remove /acct/uid_10004: Permission denied
12-14 02:58:33.064 W/zygote  ( 8971): failed to remove /acct/uid_10005: Permission denied
12-14 02:58:33.064 W/zygote  ( 8971): failed to remove /acct/uid_10007: Permission denied
12-14 02:58:33.064 W/zygote  ( 8971): failed to remove /acct/uid_10008: Permission denied
12-14 02:58:33.064 W/zygote  ( 8971): failed to remove /acct/uid_10009: Permission denied
12-14 02:58:33.064 W/zygote  ( 8971): failed to remove /acct/uid_10010: Permission denied
12-14 02:58:33.064 W/zygote  ( 8971): failed to remove /acct/uid_10011: Permission denied
12-14 02:58:33.064 W/zygote  ( 8971): failed to remove /acct/uid_10012: Permission denied
12-14 02:58:33.064 W/zygote  ( 8971): failed to remove /acct/uid_10014: Permission denied
12-14 02:58:33.064 W/zygote  ( 8971): failed to remove /acct/uid_10015: Permission denied
12-14 02:58:33.064 W/zygote  ( 8971): failed to remove /acct/uid_10016: Permission denied
12-14 02:58:33.065 W/zygote  ( 8971): failed to remove /acct/uid_10017: Permission denied
12-14 02:58:33.065 W/zygote  ( 8971): failed to remove /acct/uid_10018: Permission denied
12-14 02:58:33.065 W/zygote  ( 8971): failed to remove /acct/uid_10019: Permission denied
12-14 02:58:33.065 W/zygote  ( 8971): failed to remove /acct/uid_10020: Permission denied
12-14 02:58:33.065 W/zygote  ( 8971): failed to remove /acct/uid_10023: Permission denied
12-14 02:58:33.065 W/zygote  ( 8971): failed to remove /acct/uid_10028: Permission denied
12-14 02:58:33.065 W/zygote  ( 8971): failed to remove /acct/uid_10030: Permission denied
12-14 02:58:33.065 W/zygote  ( 8971): failed to remove /acct/uid_10043: Permission denied
12-14 02:58:33.065 W/zygote  ( 8971): failed to remove /acct/uid_10046: Permission denied
12-14 02:58:33.065 W/zygote  ( 8971): failed to remove /acct/uid_10050: Permission denied
12-14 02:58:33.065 W/zygote  ( 8971): failed to remove /acct/uid_10052: Permission denied
12-14 02:58:33.065 W/zygote  ( 8971): failed to remove /acct/uid_10058: Permission denied
12-14 02:58:33.065 W/zygote  ( 8971): failed to remove /acct/uid_10059: Permission denied
12-14 02:58:33.066 W/zygote  ( 8971): failed to remove /acct/uid_10065: Permission denied
12-14 02:58:33.066 W/zygote  ( 8971): failed to remove /acct/uid_10066: Permission denied
12-14 02:58:33.066 W/zygote  ( 8971): failed to remove /acct/uid_10067: Permission denied
12-14 02:58:33.066 W/zygote  ( 8971): failed to remove /acct/uid_10068: Permission denied
12-14 02:58:33.066 W/zygote  ( 8971): failed to remove /acct/uid_10069: Permission denied
12-14 02:58:33.066 W/zygote  ( 8971): failed to remove /acct/uid_10072: Permission denied
12-14 02:58:33.066 W/zygote  ( 8971): failed to remove /acct/uid_10076: Permission denied
12-14 02:58:33.066 W/zygote  ( 8971): failed to remove /acct/uid_10378: Permission denied
12-14 02:58:33.066 W/zygote  ( 8971): failed to remove /acct/uid_10380: Permission denied
12-14 02:58:33.066 W/zygote  ( 8971): failed to remove /acct/uid_10381: Permission denied
12-14 02:58:33.069 D/AppOps  ( 8971): AppOpsService published
12-14 02:58:33.069 I/SystemServer( 8971): StartPowerManager
12-14 02:58:33.069 I/SystemServiceManager( 8971): Starting com.android.server.power.PowerManagerService
12-14 02:58:33.073 I/PowerManagerService-JNI( 8971): Loaded power HAL service
12-14 02:58:33.073 I/libsuspend( 8971): Selected wakeup count
12-14 02:58:33.075 I/SystemServer( 8971): InitPowerManagement
12-14 02:58:33.076 I/SystemServer( 8971): StartRecoverySystemService
12-14 02:58:33.076 I/SystemServiceManager( 8971): Starting com.android.server.RecoverySystemService
12-14 02:58:33.080 W/RescueParty( 8971): Noticed 1 events for UID 0 in last 162 sec
12-14 02:58:33.080 I/SystemServer( 8971): StartLightsService
12-14 02:58:33.080 I/SystemServiceManager( 8971): Starting com.android.server.lights.LightsService
12-14 02:58:33.080 I/SystemServer( 8971): StartDisplayManager
12-14 02:58:33.080 I/SystemServiceManager( 8971): Starting com.android.server.display.DisplayManagerService
12-14 02:58:33.083 E/SurfaceFlinger( 1413): ro.sf.lcd_density must be defined as a build property
12-14 02:58:33.084 I/SystemServer( 8971): WaitForDisplay
12-14 02:58:33.084 I/SystemServiceManager( 8971): Starting phase 100
12-14 02:58:33.085 E/LocalDisplayAdapter( 8971): Default and active color mode is no longer available! Reverting to first available mode.
12-14 02:58:33.086 I/DisplayManagerService( 8971): Display device added: DisplayDeviceInfo{"Built-in Screen": uniqueId="local:0", 1080 x 1920, modeId 1, defaultModeId 1, supportedModes [{id=1, width=1080, height=1920, fps=60.000004}], colorMode -22, supportedColorModes [-22], HdrCapabilities android.view.Display$HdrCapabilities@1d6308, density 420, 420.0 x 420.0 dpi, appVsyncOff 1000000, presDeadline 16666666, touch INTERNAL, rotation 0, type BUILT_IN, state UNKNOWN, FLAG_DEFAULT_DISPLAY, FLAG_ROTATES_WITH_CONTENT, FLAG_SECURE, FLAG_SUPPORTS_PROTECTED_BUFFERS}
12-14 02:58:33.086 D/SurfaceFlinger( 1413): Set power mode=2, type=0 flinger=0xa80c9000
12-14 02:58:33.088 W//system/bin/hwservicemanager( 1335): getTransportFromManifest: Cannot find entry android.hardware.light@2.0::ILight in either framework or device manifest, using default transport.
12-14 02:58:33.088 E/LightsService( 8971): Unable to get ILight interface.
12-14 02:58:33.088 I/DisplayManagerService( 8971): Display device changed state: "Built-in Screen", ON
12-14 02:58:33.088 I/SystemServer( 8971): StartPackageManagerService
12-14 02:58:33.105 D/SELinuxMMAC( 8971): Using policy file /system/etc/selinux/plat_mac_permissions.xml
12-14 02:58:33.106 D/SELinuxMMAC( 8971): Using policy file /vendor/etc/selinux/nonplat_mac_permissions.xml
12-14 02:58:33.176 D/PackageManager( 8971): No files in app dir /vendor/overlay
12-14 02:58:33.179 W/PackageManager( 8971): Failed to parse /system/framework/x86: Missing base APK in /system/framework/x86
12-14 02:58:33.180 W/PackageManager( 8971): Failed to parse /system/framework/oat: Missing base APK in /system/framework/oat
12-14 02:58:33.272 W/PackageManager( 8971): Failed to scan /system/priv-app/Phonesky: Package com.android.vending at /system/priv-app/Phonesky ignored: updated version 82242510 better than this 80796600
12-14 02:58:33.308 W/PackageManager( 8971): Failed to scan /system/priv-app/PrebuiltGmsCore: Package com.google.android.gms at /system/priv-app/PrebuiltGmsCore ignored: updated version 204713022 better than this 11743470
12-14 02:58:33.384 D/PackageManager( 8971): No files in app dir /vendor/app
12-14 02:58:33.384 D/PackageManager( 8971): No files in app dir /oem/app
12-14 02:58:33.485 D/PackageManager( 8971): No files in app dir /data/app-private
12-14 02:58:33.491 I/PackageManager( 8971): Time to scan packages: 0.316 seconds
12-14 02:58:33.492 I/PackageManager( 8971): Un-granting permission android.permission.INSTALL_GRANT_RUNTIME_PERMISSIONS from package com.android.vending (protectionLevel=770 flags=0x384abec5)
12-14 02:58:33.492 I/PackageManager( 8971): Un-granting permission android.permission.GRANT_RUNTIME_PERMISSIONS from package com.android.vending (protectionLevel=770 flags=0x384abec5)
12-14 02:58:33.492 I/PackageManager( 8971): Un-granting permission android.permission.REVOKE_RUNTIME_PERMISSIONS from package com.android.vending (protectionLevel=770 flags=0x384abec5)
12-14 02:58:33.492 I/PackageManager( 8971): Un-granting permission android.permission.SET_PREFERRED_APPLICATIONS from package com.android.vending (protectionLevel=514 flags=0x384abec5)
12-14 02:58:33.492 I/PackageManager( 8971): Un-granting permission android.permission.ACCESS_INSTANT_APPS from package com.android.vending (protectionLevel=770 flags=0x384abec5)
12-14 02:58:33.493 I/PackageManager( 8971): Un-granting permission android.permission.CLEAR_APP_USER_DATA from package com.google.android.packageinstaller (protectionLevel=258 flags=0x38483e45)
12-14 02:58:33.494 I/PackageManager( 8971): Un-granting permission android.permission.GRANT_RUNTIME_PERMISSIONS from package com.google.android.packageinstaller (protectionLevel=770 flags=0x38483e45)
12-14 02:58:33.494 I/PackageManager( 8971): Un-granting permission android.permission.REVOKE_RUNTIME_PERMISSIONS from package com.google.android.packageinstaller (protectionLevel=770 flags=0x38483e45)
12-14 02:58:33.494 I/PackageManager( 8971): Un-granting permission android.permission.INSTALL_GRANT_RUNTIME_PERMISSIONS from package com.google.android.packageinstaller (protectionLevel=770 flags=0x38483e45)
12-14 02:58:33.495 I/PackageManager( 8971): Un-granting permission android.permission.INTERACT_ACROSS_USERS_FULL from package com.google.android.packageinstaller (protectionLevel=258 flags=0x38483e45)
12-14 02:58:33.495 I/PackageManager( 8971): Un-granting permission android.permission.KILL_UID from package com.google.android.packageinstaller (protectionLevel=258 flags=0x38483e45)
12-14 02:58:33.496 I/PackageManager( 8971): Un-granting permission android.permission.MANAGE_APP_OPS_RESTRICTIONS from package com.google.android.packageinstaller (protectionLevel=258 flags=0x38483e45)
12-14 02:58:33.496 I/PackageManager( 8971): Un-granting permission android.permission.HIDE_NON_SYSTEM_OVERLAY_WINDOWS from package com.google.android.packageinstaller (protectionLevel=258 flags=0x38483e45)
12-14 02:58:33.496 I/PackageManager( 8971): Un-granting permission android.permission.ACCESS_INSTANT_APPS from package com.google.android.packageinstaller (protectionLevel=770 flags=0x38483e45)
12-14 02:58:33.498 V/PackageManager( 8971): reconcileAppsData for null u0 0x3 migrateAppData=true
12-14 02:58:33.547 V/PackageManager( 8971): reconcileAppsData finished 18 packages
12-14 02:58:33.549 W/installd( 1479): Ignoring /data/data/com.android.defcontainer/lib with unexpected GID 0 instead of 10007
12-14 02:58:33.550 W/installd( 1479): Ignoring /data/data/com.google.android.inputmethod.latin/lib with unexpected GID 0 instead of 10058
12-14 02:58:33.550 W/installd( 1479): Ignoring /data/data/com.google.android.youtube/lib with unexpected GID 0 instead of 10078
12-14 02:58:33.550 W/installd( 1479): Ignoring /data/data/com.google.android.googlequicksearchbox/lib with unexpected GID 0 instead of 10030
12-14 02:58:33.550 W/installd( 1479): Ignoring /data/data/com.google.android.apps.messaging/lib with unexpected GID 0 instead of 10066
12-14 02:58:33.550 W/installd( 1479): Ignoring /data/data/com.android.vending/lib with unexpected GID 0 instead of 10023
12-14 02:58:33.550 W/installd( 1479): Ignoring /data/data/com.android.pacprocessor/lib with unexpected GID 0 instead of 10063
12-14 02:58:33.551 W/installd( 1479): Ignoring /data/data/com.android.camera2/lib with unexpected GID 0 instead of 10039
12-14 02:58:33.551 W/installd( 1479): Ignoring /data/data/com.google.android.apps.inputmethod.hindi/lib with unexpected GID 0 instead of 10051
12-14 02:58:33.551 W/installd( 1479): Ignoring /data/data/com.google.android.apps.tachyon/lib with unexpected GID 0 instead of 10047
12-14 02:58:33.551 W/installd( 1479): Ignoring /data/data/com.android.printspooler/lib with unexpected GID 0 instead of 10069
12-14 02:58:33.551 W/installd( 1479): Ignoring /data/data/com.android.bips/lib with unexpected GID 0 instead of 10032
12-14 02:58:33.551 W/installd( 1479): Ignoring /data/data/com.google.android.apps.docs/lib with unexpected GID 0 instead of 10052
12-14 02:58:33.551 W/installd( 1479): Ignoring /data/data/com.google.android.apps.maps/lib with unexpected GID 0 instead of 10059
12-14 02:58:33.551 W/installd( 1479): Ignoring /data/data/com.android.chrome/lib with unexpected GID 0 instead of 10043
12-14 02:58:33.552 W/installd( 1479): Ignoring /data/data/com.google.android.gms/lib with unexpected GID 0 instead of 10011
12-14 02:58:33.552 W/installd( 1479): Ignoring /data/data/com.google.android.gsf/lib with unexpected GID 0 instead of 10011
12-14 02:58:33.552 W/installd( 1479): Ignoring /data/data/com.google.android.tts/lib with unexpected GID 0 instead of 10055
12-14 02:58:33.552 W/installd( 1479): Ignoring /data/data/com.google.android.videos/lib with unexpected GID 0 instead of 10072
12-14 02:58:33.552 W/installd( 1479): Ignoring /data/data/com.breel.geswallpapers/lib with unexpected GID 0 instead of 10074
12-14 02:58:33.552 W/installd( 1479): Ignoring /data/data/com.google.android.apps.photos/lib with unexpected GID 0 instead of 10065
12-14 02:58:33.552 W/installd( 1479): Ignoring /data/data/com.google.android.backuptransport/lib with unexpected GID 0 instead of 10011
12-14 02:58:33.553 W/installd( 1479): Ignoring /data/data/jp.co.omronsoft.openwnn/lib with unexpected GID 0 instead of 10062
12-14 02:58:33.553 W/installd( 1479): Ignoring /data/data/com.google.android.inputmethod.pinyin/lib with unexpected GID 0 instead of 10053
12-14 02:58:33.554 W/installd( 1479): Ignoring /data/user_de/0/com.android.defcontainer/lib with unexpected GID 0 instead of 10007
12-14 02:58:33.647 I/zygote  ( 8971): Explicit concurrent copying GC freed 31325(1631KB) AllocSpace objects, 7(1696KB) LOS objects, 42% free, 5MB/10MB, paused 593us total 40.625ms
12-14 02:58:33.649 D/FallbackCategoryProvider( 8971): Found 387 fallback categories
12-14 02:58:33.651 I/SystemServer( 8971): StartOtaDexOptService
12-14 02:58:33.652 D/OTADexopt( 8971): No upgrade, skipping A/B artifacts check.
12-14 02:58:33.652 I/SystemServer( 8971): StartUserManagerService
12-14 02:58:33.652 I/SystemServiceManager( 8971): Starting com.android.server.pm.UserManagerService$LifeCycle
12-14 02:58:33.653 I/SystemServer( 8971): InitAttributerCache
12-14 02:58:33.653 I/SystemServer( 8971): SetSystemProcess
12-14 02:58:33.662 I/lowmemorykiller( 1412): ActivityManager connected
12-14 02:58:33.666 I/SystemServer( 8971): StartOverlayManagerService
12-14 02:58:33.670 I/SystemServer( 8971): StartDropBoxManager
12-14 02:58:33.671 I/SystemServiceManager( 8971): Starting com.android.server.DropBoxManagerService
12-14 02:58:33.672 I/SystemServer( 8971): StartBatteryService
12-14 02:58:33.673 I/SystemServiceManager( 8971): Starting com.android.server.BatteryService
12-14 02:58:33.678 E/BluetoothAdapter( 8971): Bluetooth binder is null
12-14 02:58:33.679 E/BatteryStatsService( 8971): no controller energy info supplied
12-14 02:58:33.679 E/KernelCpuSpeedReader( 8971): Failed to read cpu-freq: /sys/devices/system/cpu/cpu0/cpufreq/stats/time_in_state (No such file or directory)
12-14 02:58:33.681 E/KernelUidCpuFreqTimeReader( 8971): Failed to read /proc/uid_time_in_state: java.io.FileNotFoundException: /proc/uid_time_in_state (No such file or directory)
12-14 02:58:33.683 W/KernelMemoryBandwidthStats( 8971): No kernel memory bandwidth stats available
12-14 02:58:33.683 I/BatteryStatsImpl( 8971): Resetting battery stats: level=100 status=4 dischargeLevel=100 lowAmount=0 highAmount=0
12-14 02:58:33.684 D/SensorService( 8971): nuSensorService starting...
12-14 02:58:33.686 E//vendor/bin/hw/android.hardware.sensors@1.0-service( 8576): ISensors::poll() re-entry. I do not know what to do except killing myself.
12-14 02:58:33.698 I/SensorService( 8971): poll() check unsuccessful, try again soon (remaining retry 9).
12-14 02:58:33.700 E/KernelCpuSpeedReader( 8971): Failed to read cpu-freq: /sys/devices/system/cpu/cpu0/cpufreq/stats/time_in_state (No such file or directory)
12-14 02:58:33.703 E/KernelUidCpuFreqTimeReader( 8971): Failed to read /proc/uid_time_in_state: java.io.FileNotFoundException: /proc/uid_time_in_state (No such file or directory)
12-14 02:58:33.708 I/SystemServer( 8971): StartUsageService
12-14 02:58:33.708 I/SystemServiceManager( 8971): Starting com.android.server.usage.UsageStatsService
12-14 02:58:33.736 I/SystemServer( 8971): StartWebViewUpdateService
12-14 02:58:33.737 I/SystemServiceManager( 8971): Starting com.android.server.webkit.WebViewUpdateService
12-14 02:58:33.742 W/cutils  ( 1479): Expected path /data/data/com.google.android.gms with mode 700 but found 751
12-14 02:58:33.742 I/SystemServer( 8971): SecondaryZygotePreload
12-14 02:58:33.742 W/cutils  ( 1479): Expected path /data/user_de/0/com.google.android.gms with mode 700 but found 751
12-14 02:58:33.743 I/SystemServer( 8971): StartKeyAttestationApplicationIdProviderService
12-14 02:58:33.744 W/cutils  ( 1479): Expected path /data/data/com.google.android.gms with mode 700 but found 751
12-14 02:58:33.744 W/cutils  ( 1479): Expected path /data/user_de/0/com.google.android.gms with mode 700 but found 751
12-14 02:58:33.746 I/vndksupport( 9018): sphal namespace is not configured for this process. Loading /vendor/lib/hw/sensors.ranchu.so from the current namespace instead.
12-14 02:58:33.747 I/ServiceManagement( 9018): Removing namespace from process name android.hardware.sensors@1.0-service to sensors@1.0-ser.
12-14 02:58:33.747 I/android.hardware.sensors@1.0-service( 9018): Registration complete for android.hardware.sensors@1.0::ISensors/default.
12-14 02:58:33.752 I/SystemServer( 8971): StartKeyChainSystemService
12-14 02:58:33.752 I/SystemServiceManager( 8971): Starting com.android.server.security.KeyChainSystemService
12-14 02:58:33.753 I/SystemServer( 8971): StartSchedulingPolicyService
12-14 02:58:33.754 I/SystemServer( 8971): StartTelecomLoaderService
12-14 02:58:33.754 I/SystemServiceManager( 8971): Starting com.android.server.telecom.TelecomLoaderService
12-14 02:58:33.754 I/SystemServer( 8971): StartTelephonyRegistry
12-14 02:58:33.757 I/SystemServer( 8971): StartEntropyMixer
12-14 02:58:33.759 I/EntropyMixer( 8971): Writing entropy...
12-14 02:58:33.761 I/Zygote  ( 8971): Process: zygote socket zygote opened, supported ABIS: x86
12-14 02:58:33.771 E/SystemServer( 8971): Unable to preload default resources
12-14 02:58:33.777 I/SystemServer( 8971): Camera Service Proxy
12-14 02:58:33.777 I/SystemServer( 8971): StartCameraServiceProxy
12-14 02:58:33.777 I/SystemServiceManager( 8971): Starting com.android.server.camera.CameraServiceProxy
12-14 02:58:33.785 I/SystemServer( 8971): StartAccountManagerService
12-14 02:58:33.785 I/SystemServiceManager( 8971): Starting com.android.server.accounts.AccountManagerService$Lifecycle
12-14 02:58:33.791 I/SystemServer( 8971): StartContentService
12-14 02:58:33.791 I/SystemServiceManager( 8971): Starting com.android.server.content.ContentService$Lifecycle
12-14 02:58:33.792 I/SystemServer( 8971): InstallSystemProviders
12-14 02:58:33.810 E/SensorService( 8971): Reported power 0.000000 not deemed sane, clamping to 0.001000
12-14 02:58:33.818 E/        ( 8971): Reporting Mode incorrect: sensor Goldfish Temperature sensor handle=0x00000004 type=13 actual=0 expected=1
12-14 02:58:33.818 E/        ( 8971): Reporting Mode incorrect: sensor Goldfish Humidity sensor handle=0x00000008 type=12 actual=0 expected=1
12-14 02:58:33.819 D/SensorService( 8971): nuSensorService thread starting...
12-14 02:58:33.822 D/SensorService( 8971): new thread SensorEventAckReceiver
12-14 02:58:33.826 W/RescueParty( 8971): Attempting rescue level RESET_SETTINGS_UNTRUSTED_CHANGES
12-14 02:58:33.829 D/PackageManager( 8971): Finished rescue level RESET_SETTINGS_UNTRUSTED_CHANGES
12-14 02:58:33.832 I/SystemServer( 8971): StartVibratorService
12-14 02:58:33.834 W//system/bin/hwservicemanager( 1335): getTransportFromManifest: Cannot find entry android.hardware.vibrator@1.0::IVibrator in either framework or device manifest, using default transport.
12-14 02:58:33.835 W/VibratorService( 8971): Tried to stop vibrating but there is no vibrator device.
12-14 02:58:33.835 W/VibratorService( 8971): Unable to get max vibration amplitude, there is no vibrator device.
12-14 02:58:33.837 I/SystemServer( 8971): StartConsumerIrService
12-14 02:58:33.839 W//system/bin/hwservicemanager( 1335): getTransportFromManifest: Cannot find entry android.hardware.ir@1.0::IConsumerIr in either framework or device manifest, using default transport.
12-14 02:58:33.840 I/SystemServer( 8971): StartAlarmManagerService
12-14 02:58:33.840 I/SystemServiceManager( 8971): Starting com.android.server.AlarmManagerService
12-14 02:58:33.842 W/AlarmManagerService( 8971): no wall clock RTC found
12-14 02:58:33.842 D/AlarmManagerService( 8971): Kernel timezone updated to 300 minutes west of GMT
12-14 02:58:33.848 I/SystemServer( 8971): InitWatchdog
12-14 02:58:33.848 I/SystemServer( 8971): StartInputManagerService
12-14 02:58:33.849 I/InputManager( 8971): Initializing input manager, mUseDevInputEventForAudioJack=true
12-14 02:58:33.849 I/SystemServer( 8971): StartWindowManagerService
12-14 02:58:33.864 I/WindowManager( 8971): No existing display settings /data/system/display_settings.xml; starting empty
12-14 02:58:33.895 I/PackageManager( 8971): Deferred reconcileAppsData finished 87 packages
12-14 02:58:33.899 W/ShortcutManager( 8971): Unable to add bookmark: com.google.android.talk/com.google.android.talk.SigningInActivity
12-14 02:58:33.899 W/ShortcutManager( 8971): android.content.pm.PackageManager$NameNotFoundException: ComponentInfo{com.google.android.talk/com.google.android.talk.SigningInActivity}
12-14 02:58:33.899 W/ShortcutManager( 8971): 	at android.app.ApplicationPackageManager.getActivityInfo(ApplicationPackageManager.java:413)
12-14 02:58:33.899 W/ShortcutManager( 8971): 	at com.android.server.policy.ShortcutManager.loadShortcuts(ShortcutManager.java:142)
12-14 02:58:33.899 W/ShortcutManager( 8971): 	at com.android.server.policy.ShortcutManager.<init>(ShortcutManager.java:62)
12-14 02:58:33.899 W/ShortcutManager( 8971): 	at com.android.server.policy.PhoneWindowManager.init(PhoneWindowManager.java:1887)
12-14 02:58:33.899 W/ShortcutManager( 8971): 	at com.android.server.wm.WindowManagerService$3.run(WindowManagerService.java:992)
12-14 02:58:33.899 W/ShortcutManager( 8971): 	at android.os.Handler$BlockingRunnable.run(Handler.java:809)
12-14 02:58:33.899 W/ShortcutManager( 8971): 	at android.os.Handler.handleCallback(Handler.java:789)
12-14 02:58:33.899 W/ShortcutManager( 8971): 	at android.os.Handler.dispatchMessage(Handler.java:98)
12-14 02:58:33.899 W/ShortcutManager( 8971): 	at android.os.Looper.loop(Looper.java:164)
12-14 02:58:33.899 W/ShortcutManager( 8971): 	at android.os.HandlerThread.run(HandlerThread.java:65)
12-14 02:58:33.899 W/ShortcutManager( 8971): 	at com.android.server.ServiceThread.run(ServiceThread.java:46)
12-14 02:58:33.899 W/ShortcutManager( 8971): 	at com.android.server.UiThread.run(UiThread.java:42)
12-14 02:58:33.908 I/SystemServer( 8971): StartVrManagerService
12-14 02:58:33.908 I/SystemServiceManager( 8971): Starting com.android.server.vr.VrManagerService
12-14 02:58:33.908 I/SystemServer( 8971): StartHidlServices
12-14 02:58:33.910 W//system/bin/hwservicemanager( 1335): getTransportFromManifest: Cannot find entry android.hardware.vr@1.0::IVr in either framework or device manifest, using default transport.
12-14 02:58:33.911 W/VrManagerService( 8971): init_native: Could not open IVr interface
12-14 02:58:33.911 I/SystemServer( 8971): SetWindowManagerService
12-14 02:58:33.914 I/SystemServer( 8971): StartInputManager
12-14 02:58:33.914 I/InputManager( 8971): Starting input manager
12-14 02:58:33.915 D/EventHub( 8971): No input device configuration file found for device 'Power Button'.
12-14 02:58:33.917 I/SystemServer( 8971): DisplayManagerWindowManagerAndInputReady
12-14 02:58:33.917 I/SystemServer( 8971): No Bluetooth Service (emulator)
12-14 02:58:33.917 I/SystemServer( 8971): IpConnectivityMetrics
12-14 02:58:33.917 I/SystemServiceManager( 8971): Starting com.android.server.connectivity.IpConnectivityMetrics
12-14 02:58:33.918 I/SystemServer( 8971): PinnerService
12-14 02:58:33.918 W/EventHub( 8971): Unable to disable kernel key repeat for /dev/input/event0: Function not implemented
12-14 02:58:33.919 I/SystemServiceManager( 8971): Starting com.android.server.PinnerService
12-14 02:58:33.919 I/EventHub( 8971): New device: id=1, fd=96, path='/dev/input/event0', name='Power Button', classes=0x1, configuration='', keyLayout='/system/usr/keylayout/Generic.kl', keyCharacterMap='/system/usr/keychars/Generic.kcm', builtinKeyboard=false, wakeMechanism=EPOLLWAKEUP, usingClockIoctl=true
12-14 02:58:33.919 E/EventHub( 8971): could not get driver version for /dev/input/mouse0, Not a typewriter
12-14 02:58:33.920 I/SystemServer( 8971): StartInputMethodManagerLifecycle
12-14 02:58:33.920 I/SystemServiceManager( 8971): Starting com.android.server.InputMethodManagerService$Lifecycle
12-14 02:58:33.923 I/SystemServer( 8971): StartAccessibilityManagerService
12-14 02:58:33.925 I/SystemServer( 8971): MakeDisplayReady
12-14 02:58:33.929 I/ActivityManager( 8971): Config changes=5df8 {1.0 ?mcc?mnc [en_US] ldltr sw411dp w411dp h731dp 420dpi nrml long port ?uimode ?night -touch -keyb/v/h -nav/h appBounds=Rect(0, 0 - 1080, 1920) s.2}
12-14 02:58:33.931 I/ActivityManager( 8971): Override config changes=40007dfc {1.0 ?mcc?mnc [en_US] ldltr sw411dp w411dp h731dp 420dpi nrml long port ?uimode ?night -touch -keyb/v/h -nav/h appBounds=Rect(0, 0 - 1080, 1920) s.2} for displayId=0
12-14 02:58:33.936 W/LocalDisplayAdapter( 8971): Unable to find color mode 0, ignoring request.
12-14 02:58:33.952 I/ActivityManager( 8971): Config changes=500 {1.0 ?mcc?mnc [en_US] ldltr sw411dp w411dp h659dp 420dpi nrml port ?uimode ?night -touch -keyb/v/h -nav/h appBounds=Rect(0, 0 - 1080, 1794) s.3}
12-14 02:58:33.954 I/ActivityManager( 8971): Override config changes=500 {1.0 ?mcc?mnc [en_US] ldltr sw411dp w411dp h659dp 420dpi nrml port ?uimode ?night -touch -keyb/v/h -nav/h appBounds=Rect(0, 0 - 1080, 1794) s.3} for displayId=0
12-14 02:58:33.955 W/LocalDisplayAdapter( 8971): Unable to find color mode 0, ignoring request.
12-14 02:58:33.956 I/SystemServer( 8971): StartStorageManagerService
12-14 02:58:33.956 I/SystemServiceManager( 8971): Starting com.android.server.StorageManagerService$Lifecycle
12-14 02:58:33.959 I/UsageStatsService( 8971): User[0] Rollover scheduled @ 2020-12-14 20:59:13(1607997553013)
12-14 02:58:33.960 E/AppIdleHistory( 8971): Unable to read app idle file for user 0
12-14 02:58:33.963 I/SystemServer( 8971): StartStorageStatsService
12-14 02:58:33.963 D/StorageManagerService( 8971): Thinking about init, mSystemReady=false, mDaemonConnected=true
12-14 02:58:33.963 D/StorageManagerService( 8971): Thinking about reset, mSystemReady=false, mDaemonConnected=true
12-14 02:58:33.964 I/SystemServiceManager( 8971): Starting com.android.server.usage.StorageStatsService$Lifecycle
12-14 02:58:33.965 D/StorageManagerService( 8971): Thinking about init, mSystemReady=false, mDaemonConnected=true
12-14 02:58:33.965 D/StorageManagerService( 8971): Thinking about reset, mSystemReady=false, mDaemonConnected=true
12-14 02:58:33.965 D/CryptdConnector( 8971): SND -> {1 cryptfs getfield SystemLocale}
12-14 02:58:33.967 D/installd( 1479): Found quota mount /dev/block/dm-0 at /data
12-14 02:58:33.967 D/installd( 1479): Found quota mount /dev/block/dm-0 at /data/var/run/netns
12-14 02:58:33.967 D/installd( 1479): Found storage mount /data/media at /mnt/runtime/default/emulated
12-14 02:58:33.969 D/installd( 1479): Found quota mount /dev/block/dm-0 at /data
12-14 02:58:33.969 D/installd( 1479): Found quota mount /dev/block/dm-0 at /data/var/run/netns
12-14 02:58:33.969 D/installd( 1479): Found storage mount /data/media at /mnt/runtime/default/emulated
12-14 02:58:33.971 I/SystemServer( 8971): StartUiModeManager
12-14 02:58:33.971 I/SystemServiceManager( 8971): Starting com.android.server.UiModeManagerService
12-14 02:58:33.973 I/SystemServer( 8971): UpdatePackagesIfNeeded
12-14 02:58:33.973 I/ActivityManager( 8971): Config changes=200 {1.0 ?mcc?mnc [en_US] ldltr sw411dp w411dp h659dp 420dpi nrml port -touch -keyb/v/h -nav/h appBounds=Rect(0, 0 - 1080, 1794) s.4}
12-14 02:58:33.973 I/SystemServer( 8971): PerformFstrimIfNeeded
12-14 02:58:33.973 I/SystemServer( 8971): StartLockSettingsService
12-14 02:58:33.974 I/SystemServiceManager( 8971): Starting com.android.server.LockSettingsService$Lifecycle
12-14 02:58:33.974 I/ActivityManager( 8971): Override config changes=200 {1.0 ?mcc?mnc [en_US] ldltr sw411dp w411dp h659dp 420dpi nrml port -touch -keyb/v/h -nav/h appBounds=Rect(0, 0 - 1080, 1794) s.4} for displayId=0
12-14 02:58:33.978 D/CryptdConnector( 8971): RCV <- {200 1 -1}
12-14 02:58:33.980 W/StorageManagerService( 8971): No primary storage mounted!
12-14 02:58:33.980 D/VoldConnector( 8971): SND -> {1 asec list}
12-14 02:58:33.982 D/VoldConnector( 8971): RCV <- {200 1 asec operation succeeded}
12-14 02:58:33.983 I/PackageManager( 8971): No secure containers found
12-14 02:58:33.983 I/EventHub( 8971): New device: id=2, fd=102, path='/dev/input/event2', name='goldfish_rotary', classes=0x1000, configuration='/system/usr/idc/goldfish_rotary.idc', keyLayout='', keyCharacterMap='', builtinKeyboard=false, wakeMechanism=EPOLLWAKEUP, usingClockIoctl=true
12-14 02:58:33.984 W/EventHub( 8971): Unable to disable kernel key repeat for /dev/input/event1: Function not implemented
12-14 02:58:33.984 I/EventHub( 8971): New device: id=3, fd=103, path='/dev/input/event1', name='qwerty2', classes=0x97, configuration='/system/usr/idc/qwerty2.idc', keyLayout='/system/usr/keylayout/qwerty.kl', keyCharacterMap='/system/usr/keychars/qwerty2.kcm', builtinKeyboard=true, wakeMechanism=EPOLLWAKEUP, usingClockIoctl=true
12-14 02:58:33.984 E/EventHub( 8971): could not get driver version for /dev/input/mice, Not a typewriter
12-14 02:58:33.987 I/SystemServer( 8971): StartDeviceIdleController
12-14 02:58:33.987 I/SystemServiceManager( 8971): Starting com.android.server.DeviceIdleController
12-14 02:58:34.046 W/SystemServiceManager( 8971): Service com.android.server.DeviceIdleController took 58 ms in onStart
12-14 02:58:34.046 I/SystemServer( 8971): StartDevicePolicyManager
12-14 02:58:34.046 I/SystemServiceManager( 8971): Starting com.android.server.devicepolicy.DevicePolicyManagerService$Lifecycle
12-14 02:58:34.051 W/StorageManagerService( 8971): No primary storage defined yet; hacking together a stub
12-14 02:58:34.054 W/StorageManagerService( 8971): No primary storage mounted!
12-14 02:58:34.054 D/VoldConnector( 8971): SND -> {2 asec list}
12-14 02:58:34.054 I/SystemServer( 8971): StartStatusBarManagerService
12-14 02:58:34.054 D/VoldConnector( 8971): RCV <- {200 2 asec operation succeeded}
12-14 02:58:34.055 I/SystemServer( 8971): StartClipboardService
12-14 02:58:34.055 I/SystemServiceManager( 8971): Starting com.android.server.clipboard.ClipboardService
12-14 02:58:34.057 I/SystemServer( 8971): StartNetworkManagementService
12-14 02:58:34.060 I/NetworkManagement( 8971): onDaemonConnected()
12-14 02:58:34.062 I/SystemServer( 8971): StartTextServicesManager
12-14 02:58:34.062 I/SystemServiceManager( 8971): Starting com.android.server.TextServicesManagerService$Lifecycle
12-14 02:58:34.064 W/TextServicesManagerService( 8971): no available spell checker services found
12-14 02:58:34.065 I/SystemServer( 8971): StartNetworkScoreService
12-14 02:58:34.067 I/SystemServer( 8971): StartNetworkStatsService
12-14 02:58:34.070 I/SystemServer( 8971): StartNetworkPolicyManagerService
12-14 02:58:34.075 I/SystemServer( 8971): StartWifi
12-14 02:58:34.079 I/SystemServiceManager( 8971): Starting com.android.server.wifi.WifiService
12-14 02:58:34.052 W/StorageManagerService( 8971): No primary storage defined yet; hacking together a stub
12-14 02:58:34.091 D/WifiApConfigStore( 8971): 2G band allowed channels are:1,6,11
12-14 02:58:34.093 I/InputReader( 8971): Device added: id=-1, name='Virtual', sources=0x00000301
12-14 02:58:34.094 I/InputReader( 8971):   Touch device 'qwerty2' could not query the properties of its associated display.  The device will be inoperable until the display size becomes available.
12-14 02:58:34.094 I/InputReader( 8971): Device added: id=0, name='qwerty2', sources=0x80001103
12-14 02:58:34.094 I/InputReader( 8971): Device added: id=2, name='goldfish_rotary', sources=0x00400000
12-14 02:58:34.094 I/InputReader( 8971): Device added: id=1, name='Power Button', sources=0x00000101
12-14 02:58:34.095 I/InputReader( 8971): Reconfiguring input devices.  changes=0x00000004
12-14 02:58:34.095 I/InputReader( 8971): Device reconfigured: id=0, name='qwerty2', size 1080x1920, orientation 0, mode 1, display id 0
12-14 02:58:34.095 I/ActivityManager( 8971): Config changes=38 {1.0 ?mcc?mnc [en_US] ldltr sw411dp w411dp h659dp 420dpi nrml port finger qwerty/v/v -nav/h appBounds=Rect(0, 0 - 1080, 1794) s.5}
12-14 02:58:34.099 I/ActivityManager( 8971): Override config changes=38 {1.0 ?mcc?mnc [en_US] ldltr sw411dp w411dp h659dp 420dpi nrml port finger qwerty/v/v -nav/h appBounds=Rect(0, 0 - 1080, 1794) s.5} for displayId=0
12-14 02:58:34.151 D/WificondControl( 8971): tearing down interfaces in wificond
12-14 02:58:34.156 D/CommandListener( 8905): Clearing all IP addresses on wlan0
12-14 02:58:34.157 E/HalDeviceManager( 8971): isSupported: called but mServiceManager is null!?
12-14 02:58:34.157 I/WifiNative-wlan0( 8971): Vendor HAL not supported, Ignore stop...
12-14 02:58:34.159 D/WifiController( 8971): isAirplaneModeOn = false, isWifiEnabled = true, isScanningAvailable = false
12-14 02:58:34.163 E/SupplicantStaIfaceHal( 8971): Can't call setDebugParams, ISupplicant is null
12-14 02:58:34.163 W/WifiDiags( 8971): Failed to start packet fate monitoring
12-14 02:58:34.163 I/WifiService( 8971): Registering wifi
12-14 02:58:34.164 I/SystemServer( 8971): StartWifiScanning
12-14 02:58:34.164 I/SystemServiceManager( 8971): Starting com.android.server.wifi.scanner.WifiScanningService
12-14 02:58:34.165 I/WifiScanningService( 8971): Creating wifiscanner
12-14 02:58:34.166 I/WifiScanningService( 8971): Publishing wifiscanner
12-14 02:58:34.166 I/SystemServer( 8971): StartWifiRtt
12-14 02:58:34.167 I/SystemServiceManager( 8971): Starting com.android.server.wifi.RttService
12-14 02:58:34.167 I/RttService( 8971): Creating rttmanager
12-14 02:58:34.168 I/RttService( 8971): Starting rttmanager
12-14 02:58:34.168 I/SystemServer( 8971): No Wi-Fi Aware Service (Aware support Not Present)
12-14 02:58:34.168 I/SystemServer( 8971): StartConnectivityService
12-14 02:58:34.171 D/ConnectivityService( 8971): ConnectivityService starting up
12-14 02:58:34.173 D/ConnectivityService( 8971): wifiOnly=false
12-14 02:58:34.186 I/SystemServer( 8971): StartNsdService
12-14 02:58:34.187 D/NsdService( 8971): Network service discovery enabled true
12-14 02:58:34.188 I/SystemServer( 8971): StartUpdateLockService
12-14 02:58:34.190 I/SystemServer( 8971): WaitForAsecScan
12-14 02:58:34.190 I/SystemServer( 8971): StartNotificationManager
12-14 02:58:34.190 I/SystemServiceManager( 8971): Starting com.android.server.notification.NotificationManagerService
12-14 02:58:34.206 D/ConditionProviders.SCP( 8971): new ScheduleConditionProvider()
12-14 02:58:34.221 I/SystemServer( 8971): StartDeviceMonitor
12-14 02:58:34.222 I/SystemServiceManager( 8971): Starting com.android.server.storage.DeviceStorageMonitorService
12-14 02:58:34.224 I/SystemServer( 8971): StartLocationManagerService
12-14 02:58:34.225 I/SystemServer( 8971): StartCountryDetectorService
12-14 02:58:34.228 I/SystemServer( 8971): StartSearchManagerService
12-14 02:58:34.228 I/SystemServiceManager( 8971): Starting com.android.server.search.SearchManagerService$Lifecycle
12-14 02:58:34.230 I/SystemServer( 8971): StartWallpaperManagerService
12-14 02:58:34.230 I/SystemServiceManager( 8971): Starting com.android.server.wallpaper.WallpaperManagerService$Lifecycle
12-14 02:58:34.231 I/WallpaperManagerService( 8971): No static wallpaper imagery; defaults will be shown
12-14 02:58:34.233 I/SystemServer( 8971): StartAudioService
12-14 02:58:34.233 I/SystemServiceManager( 8971): Starting com.android.server.audio.AudioService$Lifecycle
12-14 02:58:34.238 W/TelecomManager( 8971): Telecom Service not found.
12-14 02:58:34.240 D/PermissionCache( 8902): checking android.permission.MODIFY_AUDIO_SETTINGS for uid=1000 => granted (621 us)
12-14 02:58:34.241 D/PermissionCache( 8902): checking android.permission.MODIFY_AUDIO_SETTINGS for uid=1000 => granted (818 us)
12-14 02:58:34.243 W/DeviceHAL( 8907): Device 0xb1091b00 set_mic_mute: Function not implemented
12-14 02:58:34.272 I/SystemServer( 8971): StartDockObserver
12-14 02:58:34.272 I/SystemServiceManager( 8971): Starting com.android.server.DockObserver
12-14 02:58:34.272 W/DockObserver( 8971): This kernel does not have dock station support
12-14 02:58:34.273 I/SystemServer( 8971): StartWiredAccessoryManager
12-14 02:58:34.274 W/WiredAccessoryManager( 8971): This kernel does not have usb audio support
12-14 02:58:34.274 W/WiredAccessoryManager( 8971): This kernel does not have HDMI audio support
12-14 02:58:34.274 I/SystemServer( 8971): StartMidiManager
12-14 02:58:34.274 I/SystemServiceManager( 8971): Starting com.android.server.midi.MidiService$Lifecycle
12-14 02:58:34.276 I/SystemServer( 8971): StartUsbService
12-14 02:58:34.277 I/SystemServiceManager( 8971): Starting com.android.server.usb.UsbService$Lifecycle
12-14 02:58:34.284 E/UsbDeviceManager( 8971): failed to write to /sys/class/android_usb/android0/f_rndis/ethaddr
12-14 02:58:34.286 E/UsbDeviceManagerJNI( 8971): could not open /dev/usb_accessory
12-14 02:58:34.287 I/zygote  ( 8971): Looking for service android.hidl.manager@1.0::IServiceManager/default
12-14 02:58:34.288 I/zygote  ( 8971): Starting thread pool.
12-14 02:58:34.290 I/zygote  ( 8971): Looking for service android.hardware.usb@1.0::IUsb/default
12-14 02:58:34.291 W//system/bin/hwservicemanager( 1335): getTransportFromManifest: Cannot find entry android.hardware.usb@1.0::IUsb in either framework or device manifest, using default transport.
12-14 02:58:34.291 E/zygote  ( 8971): service android.hardware.usb@1.0::IUsb declares transport method EMPTY but framework expects hwbinder.
12-14 02:58:34.292 E/UsbPortManager( 8971): connectToProxy: usb hal service not responding
12-14 02:58:34.292 E/UsbPortManager( 8971): android.os.RemoteException: HwBinder Error: (-2147483648)
12-14 02:58:34.292 E/UsbPortManager( 8971): 	at android.os.HwBinder.getService(Native Method)
12-14 02:58:34.292 E/UsbPortManager( 8971): 	at android.hardware.usb.V1_0.IUsb.getService(IUsb.java:44)
12-14 02:58:34.292 E/UsbPortManager( 8971): 	at com.android.server.usb.UsbPortManager.connectToProxy(UsbPortManager.java:499)
12-14 02:58:34.292 E/UsbPortManager( 8971): 	at com.android.server.usb.UsbPortManager.<init>(UsbPortManager.java:130)
12-14 02:58:34.292 E/UsbPortManager( 8971): 	at com.android.server.usb.UsbService.<init>(UsbService.java:134)
12-14 02:58:34.292 E/UsbPortManager( 8971): 	at com.android.server.usb.UsbService$Lifecycle.onStart(UsbService.java:69)
12-14 02:58:34.292 E/UsbPortManager( 8971): 	at com.android.server.SystemServiceManager.startService(SystemServiceManager.java:123)
12-14 02:58:34.292 E/UsbPortManager( 8971): 	at com.android.server.SystemServiceManager.startService(SystemServiceManager.java:110)
12-14 02:58:34.292 E/UsbPortManager( 8971): 	at com.android.server.SystemServiceManager.startService(SystemServiceManager.java:69)
12-14 02:58:34.292 E/UsbPortManager( 8971): 	at com.android.server.SystemServer.startOtherServices(SystemServer.java:1240)
12-14 02:58:34.292 E/UsbPortManager( 8971): 	at com.android.server.SystemServer.run(SystemServer.java:396)
12-14 02:58:34.292 E/UsbPortManager( 8971): 	at com.android.server.SystemServer.main(SystemServer.java:260)
12-14 02:58:34.292 E/UsbPortManager( 8971): 	at java.lang.reflect.Method.invoke(Native Method)
12-14 02:58:34.292 E/UsbPortManager( 8971): 	at com.android.internal.os.Zygote$MethodAndArgsCaller.run(Zygote.java:240)
12-14 02:58:34.292 E/UsbPortManager( 8971): 	at com.android.internal.os.ZygoteInit.main(ZygoteInit.java:767)
12-14 02:58:34.297 I/SystemServer( 8971): StartSerialService
12-14 02:58:34.298 I/SystemServer( 8971): StartHardwarePropertiesManagerService
12-14 02:58:34.299 W//system/bin/hwservicemanager( 1335): getTransportFromManifest: Cannot find entry android.hardware.thermal@1.0::IThermal in either framework or device manifest, using default transport.
12-14 02:58:34.300 E/HardwarePropertiesManagerService-JNI( 8971): Unable to get Thermal service.
12-14 02:58:34.300 I/SystemServer( 8971): StartTwilightService
12-14 02:58:34.301 I/SystemServiceManager( 8971): Starting com.android.server.twilight.TwilightService
12-14 02:58:34.301 I/SystemServer( 8971): StartJobScheduler
12-14 02:58:34.302 I/SystemServiceManager( 8971): Starting com.android.server.job.JobSchedulerService
12-14 02:58:34.308 D/JobStore( 8971): Start tag: job-info
12-14 02:58:34.323 D/ConnectivityService( 8971): requestNetwork for uid/pid:1000/8971 NetworkRequest [ TRACK_DEFAULT id=3, [ Capabilities: INTERNET&NOT_RESTRICTED&TRUSTED&NOT_VPN] ]
12-14 02:58:34.327 I/SystemServer( 8971): StartSoundTrigger
12-14 02:58:34.327 I/SystemServiceManager( 8971): Starting com.android.server.soundtrigger.SoundTriggerService
12-14 02:58:34.328 I/SystemServer( 8971): StartTrustManager
12-14 02:58:34.329 I/SystemServiceManager( 8971): Starting com.android.server.trust.TrustManagerService
12-14 02:58:34.330 I/SystemServer( 8971): StartBackupManager
12-14 02:58:34.331 I/SystemServiceManager( 8971): Starting com.android.server.backup.BackupManagerService$Lifecycle
12-14 02:58:34.333 I/SystemServer( 8971): StartAppWidgerService
12-14 02:58:34.333 I/SystemServiceManager( 8971): Starting com.android.server.appwidget.AppWidgetService
12-14 02:58:34.336 I/SystemServer( 8971): StartVoiceRecognitionManager
12-14 02:58:34.336 I/SystemServiceManager( 8971): Starting com.android.server.voiceinteraction.VoiceInteractionManagerService
12-14 02:58:34.337 I/SystemServer( 8971): StartGestureLauncher
12-14 02:58:34.337 I/SystemServiceManager( 8971): Starting com.android.server.GestureLauncherService
12-14 02:58:34.338 I/SystemServer( 8971): StartSensorNotification
12-14 02:58:34.338 I/SystemServiceManager( 8971): Starting com.android.server.SensorNotificationService
12-14 02:58:34.338 I/SystemServer( 8971): StartContextHubSystemService
12-14 02:58:34.338 I/SystemServiceManager( 8971): Starting com.android.server.ContextHubSystemService
12-14 02:58:34.339 W//system/bin/hwservicemanager( 1335): getTransportFromManifest: Cannot find entry android.hardware.contexthub@1.0::IContexthub in either framework or device manifest, using default transport.
12-14 02:58:34.340 E/ContextHubService( 8971): Could not load context hub hal
12-14 02:58:34.340 W/ContextHubService( 8971): No Context Hub Module present
12-14 02:58:34.340 I/SystemServer( 8971): StartDiskStatsService
12-14 02:58:34.341 I/SystemServer( 8971): StartSamplingProfilerService
12-14 02:58:34.351 I/SystemServer( 8971): StartNetworkTimeUpdateService
12-14 02:58:34.352 I/SystemServer( 8971): StartCommonTimeManagementService
12-14 02:58:34.353 I/SystemServer( 8971): CertBlacklister
12-14 02:58:34.354 I/SystemServer( 8971): StartEmergencyAffordanceService
12-14 02:58:34.354 I/SystemServiceManager( 8971): Starting com.android.server.emergency.EmergencyAffordanceService
12-14 02:58:34.355 I/SystemServer( 8971): StartDreamManager
12-14 02:58:34.355 I/SystemServiceManager( 8971): Starting com.android.server.dreams.DreamManagerService
12-14 02:58:34.356 I/SystemServer( 8971): AddGraphicsStatsService
12-14 02:58:34.357 I/SystemServer( 8971): StartPrintManager
12-14 02:58:34.357 I/SystemServiceManager( 8971): Starting com.android.server.print.PrintManagerService
12-14 02:58:34.359 I/SystemServer( 8971): StartRestrictionManager
12-14 02:58:34.360 I/SystemServiceManager( 8971): Starting com.android.server.restrictions.RestrictionsManagerService
12-14 02:58:34.361 I/SystemServer( 8971): StartMediaSessionService
12-14 02:58:34.361 I/SystemServiceManager( 8971): Starting com.android.server.media.MediaSessionService
12-14 02:58:34.364 I/SystemServer( 8971): StartMediaResourceMonitor
12-14 02:58:34.364 I/SystemServiceManager( 8971): Starting com.android.server.media.MediaResourceMonitorService
12-14 02:58:34.366 I/SystemServer( 8971): StartMediaRouterService
12-14 02:58:34.367 I/SystemServer( 8971): StartFingerprintSensor
12-14 02:58:34.367 I/SystemServiceManager( 8971): Starting com.android.server.fingerprint.FingerprintService
12-14 02:58:34.369 V/FingerprintService( 8971): mDeamon was null, reconnect to fingerprint
12-14 02:58:34.369 I/zygote  ( 8971): Looking for service android.hardware.biometrics.fingerprint@2.1::IBiometricsFingerprint/default
12-14 02:58:34.369 I/SystemServer( 8971): StartBackgroundDexOptService
12-14 02:58:34.370 I/SystemServer( 8971): StartPruneInstantAppsJobService
12-14 02:58:34.370 I/zygote  ( 8971): Starting thread pool.
12-14 02:58:34.372 V/FingerprintService( 8971): Fingerprint HAL id: 2909442048
12-14 02:58:34.371 I/SystemServer( 8971): StartShortcutServiceLifecycle
12-14 02:58:34.372 I/SystemServiceManager( 8971): Starting com.android.server.pm.ShortcutService$Lifecycle
12-14 02:58:34.372 D/FingerprintHal( 1494): ----------------> fingerprint_set_active_group -----------------> path /data/system/users/0/fpdata
12-14 02:58:34.372 D/FingerprintHal( 1494): ----------------> loadFingerprints ----------------->
12-14 02:58:34.372 E/FingerprintHal( 1494): Could not load fingerprints from storage at /data/system/users/0/fpdata/emufp.bin; it has not yet been created.
12-14 02:58:34.372 D/FingerprintHal( 1494): ----------------> loadAuthenticatorId ----------------->
12-14 02:58:34.372 D/FingerprintHal( 1494): Read authenticator id (0x6b8b4567327b23c6)
12-14 02:58:34.376 I/SystemServer( 8971): StartLauncherAppsService
12-14 02:58:34.377 I/SystemServiceManager( 8971): Starting com.android.server.pm.LauncherAppsService
12-14 02:58:34.378 I/SystemServer( 8971): StartMediaProjectionManager
12-14 02:58:34.378 I/SystemServiceManager( 8971): Starting com.android.server.media.projection.MediaProjectionManagerService
12-14 02:58:34.380 V/MediaRouter( 8971): Adding route: RouteInfo{ name=Phone, description=null, status=null, category=RouteCategory{ name=System types=ROUTE_TYPE_LIVE_AUDIO ROUTE_TYPE_LIVE_VIDEO  groupable=false }, supportedTypes=ROUTE_TYPE_LIVE_AUDIO ROUTE_TYPE_LIVE_VIDEO , presentationDisplay=null }
12-14 02:58:34.384 V/MediaRouter( 8971): Selecting route: RouteInfo{ name=Phone, description=null, status=null, category=RouteCategory{ name=System types=ROUTE_TYPE_LIVE_AUDIO ROUTE_TYPE_LIVE_VIDEO  groupable=false }, supportedTypes=ROUTE_TYPE_LIVE_AUDIO ROUTE_TYPE_LIVE_VIDEO , presentationDisplay=null }
12-14 02:58:34.386 I/WindowManager( 8971): SAFE MODE not enabled
12-14 02:58:34.386 I/SystemServer( 8971): StartJitCompilation
12-14 02:58:34.386 I/SystemServer( 8971): StartMmsService
12-14 02:58:34.386 I/SystemServiceManager( 8971): Starting com.android.server.MmsServiceBroker
12-14 02:58:34.388 I/SystemServer( 8971): StartRetailDemoModeService
12-14 02:58:34.388 I/SystemServiceManager( 8971): Starting com.android.server.retaildemo.RetailDemoModeService
12-14 02:58:34.389 I/SystemServer( 8971): StartAutoFillService
12-14 02:58:34.389 I/SystemServiceManager( 8971): Starting com.android.server.autofill.AutofillManagerService
12-14 02:58:34.390 I/AutofillManagerService( 8971): Setting debug to false
12-14 02:58:34.391 I/SystemServer( 8971): MakeVibratorServiceReady
12-14 02:58:34.392 I/SystemServer( 8971): MakeLockSettingsServiceReady
12-14 02:58:34.407 E/LockSettingsStorage( 8971): Cannot read file java.io.FileNotFoundException: /data/system/gatekeeper.password.key: open failed: ENOENT (No such file or directory)
12-14 02:58:34.407 E/LockSettingsStorage( 8971): Cannot read file java.io.FileNotFoundException: /data/system/password.key: open failed: ENOENT (No such file or directory)
12-14 02:58:34.407 E/LockSettingsStorage( 8971): Cannot read file java.io.FileNotFoundException: /data/system/gatekeeper.pattern.key: open failed: ENOENT (No such file or directory)
12-14 02:58:34.407 E/LockSettingsStorage( 8971): Cannot read file java.io.FileNotFoundException: /data/system/gatekeeper.gesture.key: open failed: ENOENT (No such file or directory)
12-14 02:58:34.408 E/LockSettingsStorage( 8971): Cannot read file java.io.FileNotFoundException: /data/system/gesture.key: open failed: ENOENT (No such file or directory)
12-14 02:58:34.408 I/SystemServer( 8971): StartBootPhaseLockSettingsReady
12-14 02:58:34.408 I/SystemServiceManager( 8971): Starting phase 480
12-14 02:58:34.413 W/ResourceType( 8971): ResTable_typeSpec entry count inconsistent: given 67, previously 69
12-14 02:58:34.413 W/ResourceType( 8971): ResTable_typeSpec entry count inconsistent: given 5411, previously 5412
12-14 02:58:34.416 W/DevicePolicyManager( 8971): Trying to set ro.device_owner, but it has already been set?
12-14 02:58:34.421 I/SystemServer( 8971): StartBootPhaseSystemServicesReady
12-14 02:58:34.421 I/SystemServiceManager( 8971): Starting phase 500
12-14 02:58:34.423 I/VrManagerService( 8971): No default vr listener service found.
12-14 02:58:34.426 I/WifiService( 8971): WifiService starting up with Wi-Fi enabled
12-14 02:58:34.429 I/zygote  ( 8971): Looking for service android.hidl.manager@1.0::IServiceManager/default
12-14 02:58:34.430 I/zygote  ( 8971): Starting thread pool.
12-14 02:58:34.433 D/HalDeviceManager( 8971): IWifi registration notification: fqName=android.hardware.wifi@1.0::IWifi, name=default, preexisting=true
12-14 02:58:34.433 I/zygote  ( 8971): Looking for service android.hardware.wifi@1.0::IWifi/default
