12-14 02:57:49.608 E/adbd    ( 1372): failed to connect to socket 'tcp:7102': Connection refused
12-14 02:57:49.610 I/OMXClient( 6669): Treble IOmx obtained
12-14 02:57:49.610 I/OMXMaster( 1489): makeComponentInstance(OMX.google.aac.encoder) in omx@1.0-service process
12-14 02:57:49.613 W/zygote  ( 6959): Unexpected CPU variant for X86 using defaults: x86
12-14 02:57:49.617 I/ActivityManager( 6740): Loaded persisted task ids for user 0
12-14 02:57:49.626 I/OMXClient( 6669): Treble IOmx obtained
12-14 02:57:49.626 I/OMXMaster( 1489): makeComponentInstance(OMX.google.amrnb.encoder) in omx@1.0-service process
12-14 02:57:49.637 I/OMXClient( 6669): Treble IOmx obtained
12-14 02:57:49.637 I/OMXMaster( 1489): makeComponentInstance(OMX.google.amrwb.encoder) in omx@1.0-service process
12-14 02:57:49.645 I/ActivityManager( 6740): Start proc 6973:com.android.settings/1000 for activity com.android.settings/.FallbackHome
12-14 02:57:49.656 I/OMXClient( 6669): Treble IOmx obtained
12-14 02:57:49.656 I/OMXMaster( 1489): makeComponentInstance(OMX.google.flac.encoder) in omx@1.0-service process
12-14 02:57:49.659 W/zygote  ( 6973): Unexpected CPU variant for X86 using defaults: x86
12-14 02:57:49.666 D/SystemServerInitThreadPool( 6740): Shutdown successful
12-14 02:57:49.694 D/ConditionProviders.SCP( 6740): onConnected
12-14 02:57:49.697 D/ConditionProviders( 6740): Subscribing to condition://android/schedule?days=6.7&start=23.30&end=10.0&exitAtAlarm=false with ComponentInfo{android/com.android.server.notification.ScheduleConditionProvider}
12-14 02:57:49.701 I/android.hardware.wifi@1.0-service( 1401): Wifi HAL started
12-14 02:57:49.704 I/OMXClient( 6669): Treble IOmx obtained
12-14 02:57:49.705 I/OMXMaster( 1489): makeComponentInstance(OMX.google.gsm.decoder) in omx@1.0-service process
12-14 02:57:49.730 I/OMXClient( 6669): Treble IOmx obtained
12-14 02:57:49.731 I/OMXMaster( 1489): makeComponentInstance(OMX.google.mpeg4.decoder) in omx@1.0-service process
12-14 02:57:49.733 E/adbd    ( 1372): failed to connect to socket 'tcp:7102': Connection refused
12-14 02:57:49.734 E/OMXNodeInstance( 1489): getExtensionIndex(0xa58e7120:google.mpeg4.decoder, OMX.google.android.index.configureVideoTunnelMode) ERROR: UnsupportedIndex(0x8000101a)
12-14 02:57:49.734 E/OMXNodeInstance( 1489): getExtensionIndex(0xa58e7120:google.mpeg4.decoder, OMX.google.android.index.enableAndroidNativeBuffers) ERROR: UnsupportedIndex(0x8000101a)
12-14 02:57:49.736 D/gralloc_ranchu( 1397): gralloc_alloc: Creating ashmem region of size 8298496
12-14 02:57:49.739 I/OMXClient( 6669): Treble IOmx obtained
12-14 02:57:49.740 I/OMXMaster( 1489): makeComponentInstance(OMX.google.h263.decoder) in omx@1.0-service process
12-14 02:57:49.741 E/OMXNodeInstance( 1489): getExtensionIndex(0xa60a1440:google.h263.decoder, OMX.google.android.index.configureVideoTunnelMode) ERROR: UnsupportedIndex(0x8000101a)
12-14 02:57:49.741 E/OMXNodeInstance( 1489): getExtensionIndex(0xa60a1440:google.h263.decoder, OMX.google.android.index.enableAndroidNativeBuffers) ERROR: UnsupportedIndex(0x8000101a)
12-14 02:57:49.742 E/android.hardware.wifi@1.0-service( 1401): Failed to set DFS flag; DFS channels may be unavailable.
12-14 02:57:49.743 D/ConditionProviders( 6740): Subscribing to condition://android/event?userId=-10000&calendar=&reply=1 with ComponentInfo{android/com.android.server.notification.EventConditionProvider}
12-14 02:57:49.743 D/ConditionProviders( 6740): Subscribing to condition://android/schedule?days=1.2.3.4.5&start=22.0&end=7.0&exitAtAlarm=false with ComponentInfo{android/com.android.server.notification.ScheduleConditionProvider}
12-14 02:57:49.745 I/OMXClient( 6669): Treble IOmx obtained
12-14 02:57:49.746 I/OMXMaster( 1489): makeComponentInstance(OMX.google.h264.decoder) in omx@1.0-service process
12-14 02:57:49.747 E/OMXNodeInstance( 1489): getExtensionIndex(0xa60a0f00:google.h264.decoder, OMX.google.android.index.configureVideoTunnelMode) ERROR: UnsupportedIndex(0x8000101a)
12-14 02:57:49.748 E/OMXNodeInstance( 1489): getExtensionIndex(0xa60a0f00:google.h264.decoder, OMX.google.android.index.enableAndroidNativeBuffers) ERROR: UnsupportedIndex(0x8000101a)
12-14 02:57:49.753 E/adbd    ( 1372): failed to connect to socket 'tcp:7102': Connection refused
12-14 02:57:49.756 I/OMXClient( 6669): Treble IOmx obtained
12-14 02:57:49.757 I/OMXMaster( 1489): makeComponentInstance(OMX.google.hevc.decoder) in omx@1.0-service process
12-14 02:57:49.761 E/OMXNodeInstance( 1489): getExtensionIndex(0xa60a1320:google.hevc.decoder, OMX.google.android.index.configureVideoTunnelMode) ERROR: UnsupportedIndex(0x8000101a)
12-14 02:57:49.761 E/OMXNodeInstance( 1489): getExtensionIndex(0xa60a1320:google.hevc.decoder, OMX.google.android.index.enableAndroidNativeBuffers) ERROR: UnsupportedIndex(0x8000101a)
12-14 02:57:49.766 I/OMXClient( 6669): Treble IOmx obtained
12-14 02:57:49.766 I/OMXMaster( 1489): makeComponentInstance(OMX.google.vp8.decoder) in omx@1.0-service process
12-14 02:57:49.767 E/OMXNodeInstance( 1489): getExtensionIndex(0xa58e7120:google.vp8.decoder, OMX.google.android.index.configureVideoTunnelMode) ERROR: UnsupportedIndex(0x8000101a)
12-14 02:57:49.767 E/OMXNodeInstance( 1489): getExtensionIndex(0xa58e7120:google.vp8.decoder, OMX.google.android.index.enableAndroidNativeBuffers) ERROR: UnsupportedIndex(0x8000101a)
12-14 02:57:49.774 I/wificond( 6671): create scanner for interface with index: 3
12-14 02:57:49.774 I/wificond( 6671): subscribe scan result for interface with index: 3
12-14 02:57:49.776 I/OMXClient( 6669): Treble IOmx obtained
12-14 02:57:49.776 I/OMXMaster( 1489): makeComponentInstance(OMX.google.vp9.decoder) in omx@1.0-service process
12-14 02:57:49.777 E/OMXNodeInstance( 1489): getExtensionIndex(0xa60a1440:google.vp9.decoder, OMX.google.android.index.configureVideoTunnelMode) ERROR: UnsupportedIndex(0x8000101a)
12-14 02:57:49.777 E/OMXNodeInstance( 1489): getExtensionIndex(0xa60a1440:google.vp9.decoder, OMX.google.android.index.enableAndroidNativeBuffers) ERROR: UnsupportedIndex(0x8000101a)
12-14 02:57:49.778 I/OMXClient( 6669): Treble IOmx obtained
12-14 02:57:49.779 I/OMXMaster( 1489): makeComponentInstance(OMX.google.h263.encoder) in omx@1.0-service process
12-14 02:57:49.779 I/SoftMPEG4Encoder( 1489): Construct SoftMPEG4Encoder
12-14 02:57:49.780 D/CommandListener( 6670): Clearing all IP addresses on wlan0
12-14 02:57:49.780 W/OMXUtils( 6669): do not know color format 0x7f000789 = 2130708361
12-14 02:57:49.782 E/OMXNodeInstance( 1489): getConfig(0xa60a0f00:google.h263.encoder, ConfigAndroidIntraRefresh(0x6f60000a)) ERROR: Undefined(0x80001001)
12-14 02:57:49.783 I/OMXClient( 6669): Treble IOmx obtained
12-14 02:57:49.783 I/OMXMaster( 1489): makeComponentInstance(OMX.google.h264.encoder) in omx@1.0-service process
12-14 02:57:49.787 W/OMXUtils( 6669): do not know color format 0x7f000789 = 2130708361
12-14 02:57:49.788 I/OMXClient( 6669): Treble IOmx obtained
12-14 02:57:49.789 I/OMXMaster( 1489): makeComponentInstance(OMX.google.mpeg4.encoder) in omx@1.0-service process
12-14 02:57:49.790 I/SoftMPEG4Encoder( 1489): Construct SoftMPEG4Encoder
12-14 02:57:49.791 W/OMXUtils( 6669): do not know color format 0x7f000789 = 2130708361
12-14 02:57:49.791 E/OMXNodeInstance( 1489): getConfig(0xa60a0f60:google.mpeg4.encoder, ConfigAndroidIntraRefresh(0x6f60000a)) ERROR: Undefined(0x80001001)
12-14 02:57:49.792 I/OMXClient( 6669): Treble IOmx obtained
12-14 02:57:49.792 I/OMXMaster( 1489): makeComponentInstance(OMX.google.vp8.encoder) in omx@1.0-service process
12-14 02:57:49.794 W/OMXUtils( 6669): do not know color format 0x7f000789 = 2130708361
12-14 02:57:49.794 E/OMXNodeInstance( 1489): getConfig(0xa60a1440:google.vp8.encoder, ConfigAndroidIntraRefresh(0x6f60000a)) ERROR: Undefined(0x80001001)
12-14 02:57:49.795 I/OMXClient( 6669): Treble IOmx obtained
12-14 02:57:49.797 I/OMXClient( 6669): Treble IOmx obtained
12-14 02:57:49.797 W/MediaCodecList( 6669): unable to open media codecs configuration xml file: /data/misc/media/media_codecs_profiling_results.xml
12-14 02:57:49.801 I/chatty  ( 6740): uid=1000(system) expire 1 line
12-14 02:57:49.802 I/OMXMaster( 1489): makeComponentInstance(OMX.google.vorbis.decoder) in omx@1.0-service process
12-14 02:57:49.813 E/OMXNodeInstance( 1489): getConfig(0xa60a1020:google.vorbis.decoder, ConfigAndroidVendorExtension(0x6f100004)) ERROR: Undefined(0x80001001)
12-14 02:57:49.814 W/ActivityManager( 6740): Slow operation: 106ms so far, now at attachApplicationLocked: after mServices.attachApplicationLocked
12-14 02:57:49.827 I/chatty  ( 6740): uid=1000(system) expire 1 line
12-14 02:57:49.828 I/chatty  ( 6740): uid=1000(system) expire 1 line
12-14 02:57:49.833 I/chatty  ( 1390): uid=1000(system) allocator@1.0-s expire 105 lines
12-14 02:57:49.837 I/chatty  ( 6740): uid=1000(system) expire 5 lines
12-14 02:57:49.851 D/vold    ( 1344): Recognized experimental block major ID 253 as virtio-blk (emulator's virtual SD card device)
12-14 02:57:49.851 V/vold    ( 1344): /system/bin/sgdisk
12-14 02:57:49.851 V/vold    ( 1344):     --android-dump
12-14 02:57:49.851 V/vold    ( 1344):     /dev/block/vold/disk:253,80
12-14 02:57:49.851 D/VoldConnector( 6740): RCV <- {651 public:253,80 0}
12-14 02:57:49.852 D/VoldConnector( 6740): RCV <- {651 public:253,80 8}
12-14 02:57:49.852 D/VoldConnector( 6740): RCV <- {659 public:253,80}
12-14 02:57:49.852 D/VoldConnector( 6740): RCV <- {649 disk:253,80}
12-14 02:57:49.852 D/VoldConnector( 6740): RCV <- {640 disk:253,80 4}
12-14 02:57:49.852 D/VoldConnector( 6740): RCV <- {641 disk:253,80 536870912}
12-14 02:57:49.853 D/VoldConnector( 6740): RCV <- {642 disk:253,80 Virtual}
12-14 02:57:49.853 D/VoldConnector( 6740): RCV <- {644 disk:253,80 /sys//devices/pci0000:00/0000:00:08.0/virtio5/block/vdf}
12-14 02:57:49.856 W/SoundPool( 6889): Use of stream types is deprecated for operations other than volume control
12-14 02:57:49.856 W/SoundPool( 6889): See the documentation of SoundPool() for what to use instead with android.media.AudioAttributes to qualify your playback use case
12-14 02:57:49.877 I/chatty  ( 6740): uid=1000(system) expire 4 lines
12-14 02:57:49.921 E/adbd    ( 1372): failed to connect to socket 'tcp:7102': Connection refused
12-14 02:57:49.931 E/SurfaceFlinger( 1413): ro.sf.lcd_density must be defined as a build property
12-14 02:57:49.937 D/OpenGLRenderer( 6973): HWUI GL Pipeline
12-14 02:57:49.960 E/adbd    ( 1372): failed to connect to socket 'tcp:7102': Connection refused
12-14 02:57:49.961 I/OMXClient( 6889): Treble IOmx obtained
12-14 02:57:49.969 I/Telecom ( 6740): BluetoothRouteManager: getBluetoothAudioConnectedDevice: no headset service available.
12-14 02:57:49.972 I/OMXMaster( 1489): makeComponentInstance(OMX.google.vorbis.decoder) in omx@1.0-service process
12-14 02:57:49.977 D/        ( 6973): HostConnection::get() New Host Connection established 0xa50bd080, tid 7035
12-14 02:57:49.979 D/gralloc_ranchu( 1397): gralloc_alloc: Creating ashmem region of size 8298496
12-14 02:57:49.982 I/OpenGLRenderer( 6973): Initialized EGL, version 1.4
12-14 02:57:49.982 D/OpenGLRenderer( 6973): Swap behavior 1
12-14 02:57:49.982 E/OMXNodeInstance( 1489): getConfig(0xa60a1440:google.vorbis.decoder, ConfigAndroidVendorExtension(0x6f100004)) ERROR: Undefined(0x80001001)
12-14 02:57:49.982 W/OpenGLRenderer( 6973): Failed to choose config with EGL_SWAP_BEHAVIOR_PRESERVED, retrying without...
12-14 02:57:49.982 D/OpenGLRenderer( 6973): Swap behavior 0
12-14 02:57:49.991 D/TelephonyProvider( 6959): dbh.onOpen: ok, queried table=siminfo
12-14 02:57:49.992 D/TelephonyProvider( 6959): dbh.onOpen: ok, queried table=carriers
12-14 02:57:50.001 D/EGL_emulation( 6973): eglCreateContext: 0x98feda80: maj 3 min 0 rcv 3
12-14 02:57:50.002 I/Telecom ( 6740): SystemStateProvider: Registering car mode receiver: android.content.IntentFilter@2dd99a9: TS.init@AAA
12-14 02:57:50.009 V/vold    ( 1344): DISK mbr
12-14 02:57:50.009 V/vold    ( 1344): 
12-14 02:57:50.010 W/vold    ( 1344): disk:253,80 has unknown partition table; trying entire device
12-14 02:57:50.010 V/vold    ( 1344): /system/bin/blkid
12-14 02:57:50.010 V/vold    ( 1344):     -c
12-14 02:57:50.010 V/vold    ( 1344):     /dev/null
12-14 02:57:50.010 V/vold    ( 1344):     -s
12-14 02:57:50.010 V/vold    ( 1344):     TYPE
12-14 02:57:50.010 V/vold    ( 1344):     -s
12-14 02:57:50.010 V/vold    ( 1344):     UUID
12-14 02:57:50.010 V/vold    ( 1344):     -s
12-14 02:57:50.010 V/vold    ( 1344):     LABEL
12-14 02:57:50.010 V/vold    ( 1344):     /dev/block/vold/disk:253,80
12-14 02:57:50.013 I/Telecom ( 6740): Logging.Events: Non-call EVENT: AUDIO_ROUTE, Entering state QuiescentEarpieceRoute
12-14 02:57:50.024 D/gralloc_ranchu( 1397): gralloc_alloc: Creating ashmem region of size 8298496
12-14 02:57:50.024 D/EGL_emulation( 6973): eglMakeCurrent: 0x98feda80: ver 3 0 (tinfo 0xa508b890)
12-14 02:57:50.025 E/eglCodecCommon( 6973): glUtilsParamSize: unknow param 0x00008cdf
12-14 02:57:50.025 E/eglCodecCommon( 6973): glUtilsParamSize: unknow param 0x00008cdf
12-14 02:57:50.025 E/eglCodecCommon( 6973): glUtilsParamSize: unknow param 0x00008824
12-14 02:57:50.025 E/eglCodecCommon( 6973): glUtilsParamSize: unknow param 0x00008824
12-14 02:57:50.032 F/OpenGLRenderer( 6973): At least 4 texture units are required!
12-14 02:57:50.032 F/libc    ( 6973): Fatal signal 6 (SIGABRT), code -6 in tid 7035 (RenderThread)
12-14 02:57:50.056 W/GnssHAL_GnssInterface( 1488): setCallback called more than once. Unexpected unless test.
12-14 02:57:50.059 I/wpa_supplicant( 7025): Processing hidl events on FD 4
12-14 02:57:50.061 D/gralloc_ranchu( 1397): gralloc_alloc: Creating ashmem region of size 8298496
12-14 02:57:50.065 I/wpa_supplicant( 7025): Successfully initialized wpa_supplicant
12-14 02:57:50.068 I/wpa_supplicant( 7025): rfkill: Cannot open RFKILL control device
12-14 02:57:50.083 I/Telecom ( 6740): CallAudioModeStateMachine: Message received: null.: TS.init->CAMSM.pM_1@AAA
12-14 02:57:50.089 E/adbd    ( 1372): failed to connect to socket 'tcp:7102': Connection refused
12-14 02:57:50.098 I/chatty  ( 6740): uid=1000(system) expire 1 line
12-14 02:57:50.100 E/adbd    ( 1372): failed to connect to socket 'tcp:7102': Connection refused
12-14 02:57:50.109 I/Telecom ( 6740): MissedCallNotifierImpl: Boot not yet complete -- call log db may not be available. Deferring loading until boot complete.: TS.init@AAA
12-14 02:57:50.138 I/crash_dump32( 7057): obtaining output fd from tombstoned
12-14 02:57:50.138 E/BluetoothAdapter( 6740): Bluetooth binder is null
12-14 02:57:50.138 I/OMXMaster( 1489): makeComponentInstance(OMX.google.vorbis.decoder) in omx@1.0-service process
12-14 02:57:50.138 I//system/bin/tombstoned( 1493): received crash request for pid 6973
12-14 02:57:50.139 E/GnssLocationProvider( 6740): Unable to initialize GNSS Xtra interface
12-14 02:57:50.139 E/GnssLocationProvider( 6740): Unable to Initialize AGnss interface
12-14 02:57:50.139 E/GnssLocationProvider( 6740): Unable to initialize GNSS Geofencing interface
12-14 02:57:50.139 E/GnssLocationProvider( 6740): Unable to initialize GNSS NI interface
12-14 02:57:50.139 E/GnssLocationProvider( 6740): no AGPS interface in set_agps_server
12-14 02:57:50.139 E/GnssLocationProvider( 6740): Failed to initialize GNSS batching
12-14 02:57:50.141 E/OMXNodeInstance( 1489): getConfig(0xa60a10e0:google.vorbis.decoder, ConfigAndroidVendorExtension(0x6f100004)) ERROR: Undefined(0x80001001)
12-14 02:57:50.145 I/Telecom ( 6740): Class: TelecomSystem.INSTANCE being set
12-14 02:57:50.145 E/BluetoothAdapter( 6740): Bluetooth binder is null
12-14 02:57:50.148 W/ContextImpl( 6740): Calling a method in the system process without a qualified user: android.app.ContextImpl.startService:1460 com.android.server.content.SyncManager$13.run:659 android.os.Handler.handleCallback:789 android.os.Handler.dispatchMessage:98 android.os.Looper.loop:164 
12-14 02:57:50.152 I/crash_dump32( 7057): performing dump of process 6973 (target tid = 7035)
12-14 02:57:50.153 F/DEBUG   ( 7057): *** *** *** *** *** *** *** *** *** *** *** *** *** *** *** ***
12-14 02:57:50.153 F/DEBUG   ( 7057): Build fingerprint: 'google/sdk_gphone_x86/generic_x86:8.0.0/OSR1.170901.043/4456315:user/release-keys'
12-14 02:57:50.153 F/DEBUG   ( 7057): Revision: '0'
12-14 02:57:50.153 F/DEBUG   ( 7057): ABI: 'x86'
12-14 02:57:50.154 F/DEBUG   ( 7057): pid: 6973, tid: 7035, name: RenderThread  >>> com.android.settings <<<
12-14 02:57:50.154 F/DEBUG   ( 7057): signal 6 (SIGABRT), code -6 (SI_TKILL), fault addr --------
12-14 02:57:50.155 I/GnssLocationProvider( 6740): WakeLock released by handleMessage(ENABLE, 1, null)
12-14 02:57:50.159 F/DEBUG   ( 7057): Abort message: 'At least 4 texture units are required!'
12-14 02:57:50.159 F/DEBUG   ( 7057):     eax 00000000  ebx 00001b3d  ecx 00001b7b  edx 00000006
12-14 02:57:50.159 F/DEBUG   ( 7057):     esi 00001b7b  edi 88d91078
12-14 02:57:50.159 F/DEBUG   ( 7057):     xcs 00000073  xds 0000007b  xes 0000007b  xfs 0000003b  xss 0000007b
12-14 02:57:50.160 F/DEBUG   ( 7057):     eip a967eac4  ebp 88d91098  esp 88d9102c  flags 00000296
12-14 02:57:50.161 E/wpa_supplicant( 7025): global ctrl interface @android:wpa_wlan0 matches ctrl interface wlan0 - do not open per-interface ctrl interface
12-14 02:57:50.229 F/DEBUG   ( 7057): 
12-14 02:57:50.229 F/DEBUG   ( 7057): backtrace:
12-14 02:57:50.229 D/GpsNetInitiatedHandler( 6740): location enabled :true
12-14 02:57:50.229 F/DEBUG   ( 7057):     #00 pc 00000ac4  [vdso:a967e000] (__kernel_vsyscall+16)
12-14 02:57:50.229 F/DEBUG   ( 7057):     #01 pc 00075b3c  /system/lib/libc.so (tgkill+28)
12-14 02:57:50.229 F/DEBUG   ( 7057):     #02 pc 0001f04e  /system/lib/libc.so (abort+110)
12-14 02:57:50.229 F/DEBUG   ( 7057):     #03 pc 00006a06  /system/lib/liblog.so (__android_log_assert+294)
12-14 02:57:50.229 V/WiredAccessoryManager( 6740): notifyWiredAccessoryChanged: when=0 bits= mask=54
12-14 02:57:50.229 F/DEBUG   ( 7057):     #04 pc 00040419  /system/lib/libhwui.so (_ZN7android10uirenderer12TextureStateC1Ev+185)
12-14 02:57:50.229 F/DEBUG   ( 7057):     #05 pc 0005f5f0  /system/lib/libhwui.so (_ZN7android10uirenderer6Caches4initEv+176)
12-14 02:57:50.229 V/WiredAccessoryManager( 6740): newName=h2w newState=0 headsetState=0 prev headsetState=0
12-14 02:57:50.229 F/DEBUG   ( 7057):     #06 pc 0005f4bc  /system/lib/libhwui.so (_ZN7android10uirenderer6CachesC2ERNS0_11RenderStateE+316)
12-14 02:57:50.229 E/WiredAccessoryManager( 6740): No state change.
12-14 02:57:50.229 F/DEBUG   ( 7057):     #07 pc 0003ee57  /system/lib/libhwui.so (_ZN7android10uirenderer11RenderState18onGLContextCreatedEv+215)
12-14 02:57:50.229 V/WiredAccessoryManager( 6740): init()
12-14 02:57:50.229 F/DEBUG   ( 7057):     #08 pc 00046d9b  /system/lib/libhwui.so (_ZN7android10uirenderer12renderthread10EglManager10initializeEv+427)
12-14 02:57:50.229 F/DEBUG   ( 7057):     #09 pc 0004743d  /system/lib/libhwui.so (_ZN7android10uirenderer12renderthread10EglManager13createSurfaceEP13ANativeWindow+45)
12-14 02:57:50.229 F/DEBUG   ( 7057):     #10 pc 00045380  /system/lib/libhwui.so (_ZN7android10uirenderer12renderthread14OpenGLPipeline10setSurfaceEPNS_7SurfaceENS1_12SwapBehaviorE+80)
12-14 02:57:50.230 F/DEBUG   ( 7057):     #11 pc 00041a9d  /system/lib/libhwui.so (_ZN7android10uirenderer12renderthread13CanvasContext10setSurfaceEPNS_7SurfaceE+157)
12-14 02:57:50.230 F/DEBUG   ( 7057):     #12 pc 00041d53  /system/lib/libhwui.so (_ZN7android10uirenderer12renderthread13CanvasContext10initializeEPNS_7SurfaceE+35)
12-14 02:57:50.230 F/DEBUG   ( 7057):     #13 pc 0004a6c5  /system/lib/libhwui.so (_ZN7android10uirenderer12renderthreadL17Bridge_initializeEPNS1_14initializeArgsE+37)
12-14 02:57:50.230 F/DEBUG   ( 7057):     #14 pc 0004c9d2  /system/lib/libhwui.so (_ZN7android10uirenderer12renderthread22MethodInvokeRenderTask3runEv+34)
12-14 02:57:50.230 F/DEBUG   ( 7057):     #15 pc 0004dde9  /system/lib/libhwui.so (_ZN7android10uirenderer12renderthread12RenderThread10threadLoopEv+489)
12-14 02:57:50.230 F/DEBUG   ( 7057):     #16 pc 000104a4  /system/lib/libutils.so (_ZN7android6Thread11_threadLoopEPv+292)
12-14 02:57:50.230 F/DEBUG   ( 7057):     #17 pc 000841b6  /system/lib/libandroid_runtime.so (_ZN7android14AndroidRuntime15javaThreadShellEPv+166)
12-14 02:57:50.230 F/DEBUG   ( 7057):     #18 pc 0000fca6  /system/lib/libutils.so (_ZN13thread_data_t10trampolineEPKS_+246)
12-14 02:57:50.230 F/DEBUG   ( 7057):     #19 pc 000709b5  /system/lib/libc.so (_ZL15__pthread_startPv+53)
12-14 02:57:50.230 F/DEBUG   ( 7057):     #20 pc 0002050b  /system/lib/libc.so (__start_thread+75)
12-14 02:57:50.230 F/DEBUG   ( 7057):     #21 pc 0001eda6  /system/lib/libc.so (__bionic_clone+70)
12-14 02:57:50.240 I/wpa_supplicant( 7025): rfkill: Cannot get wiphy information
12-14 02:57:50.241 E/wpa_supplicant( 7025): global ctrl interface @android:wpa_wlan0 matches ctrl interface wlan0 - do not open per-interface ctrl interface
12-14 02:57:50.258 I/ImsResolver( 6959): Initializing cache and binding.
12-14 02:57:50.264 E/adbd    ( 1372): failed to connect to socket 'tcp:7102': Connection refused
12-14 02:57:50.265 I/SupplicantStaIfaceHal( 6740): Completed initialization of ISupplicant interfaces.
12-14 02:57:50.270 I/OMXClient( 6889): Treble IOmx obtained
12-14 02:57:50.272 I/OMXMaster( 1489): makeComponentInstance(OMX.google.vorbis.decoder) in omx@1.0-service process
12-14 02:57:50.282 V/vold    ( 1344): /dev/block/vold/disk:253,80: LABEL="SDCARD" UUID="19FF-110D" TYPE="vfat" 
12-14 02:57:50.282 V/vold    ( 1344): 
12-14 02:57:50.284 D/VoldConnector( 6740): RCV <- {650 public:253,80 0 "disk:253,80" ""}
12-14 02:57:50.284 D/VoldConnector( 6740): RCV <- {651 public:253,80 0}
12-14 02:57:50.284 D/VoldConnector( 6740): RCV <- {643 disk:253,80}
12-14 02:57:50.285 D/VoldConnector( 6740): RCV <- {200 3 Command succeeded}
12-14 02:57:50.286 E/VoldConnector( 6740): NDC Command {3 volume reset} took too long (977ms)
12-14 02:57:50.286 D/VoldConnector( 6740): SND -> {4 volume user_added 0 0}
12-14 02:57:50.286 D/VoldConnector( 6740): RCV <- {200 4 Command succeeded}
12-14 02:57:50.287 D/VoldConnector( 6740): SND -> {5 volume mount emulated 3 -1}
12-14 02:57:50.288 V/vold    ( 1344): Waiting for FUSE to spin up...
12-14 02:57:50.288 D/VoldConnector( 6740): RCV <- {651 emulated 1}
12-14 02:57:50.289 D/VoldConnector( 6740): RCV <- {656 emulated /data/media}
12-14 02:57:50.289 D/VoldConnector( 6740): RCV <- {655 emulated /storage/emulated}
12-14 02:57:50.292 E/adbd    ( 1372): failed to connect to socket 'tcp:7102': Connection refused
12-14 02:57:50.297 D/WifiConfigManager( 6740): Legacy store files not found. No migration needed!
12-14 02:57:50.305 E/OMXNodeInstance( 1489): getConfig(0xa60a0fc0:google.vorbis.decoder, ConfigAndroidVendorExtension(0x6f100004)) ERROR: Undefined(0x80001001)
12-14 02:57:50.309 D/AccessibilityManagerService( 6740): Ignoring non-encryption-aware service ComponentInfo{com.example.android.apis/com.example.android.apis.accessibility.ClockBackService}
12-14 02:57:50.309 D/AccessibilityManagerService( 6740): Ignoring non-encryption-aware service ComponentInfo{com.example.android.apis/com.example.android.apis.accessibility.MagnificationService}
12-14 02:57:50.309 D/AccessibilityManagerService( 6740): Ignoring non-encryption-aware service ComponentInfo{com.example.android.apis/com.example.android.apis.accessibility.TaskBackService}
12-14 02:57:50.323 W/LocationProviderProxy-network( 6740): Odd, no component found for service com.android.location.service.v3.NetworkLocationProvider
12-14 02:57:50.325 D/WifiStateMachine( 6740): Setting OUI to DA-A1-19
12-14 02:57:50.336 E/WifiVendorHal( 6740): setScanningMacOui(l.1404) failed {.code = ERROR_NOT_SUPPORTED, .description = }
12-14 02:57:50.340 V/vold    ( 1344): Waiting for FUSE to spin up...
12-14 02:57:50.359 W/DeviceHAL( 6672): Device 0xa6403a00 set_mic_mute: Function not implemented
12-14 02:57:50.385 I/WifiVendorHal( 6740): Driver: 1.0 Firmware: 1.0
12-14 02:57:50.390 I/zygote  ( 6959): Looking for service android.hardware.radio@1.0::IRadio/slot1
12-14 02:57:50.391 V/vold    ( 1344): Waiting for FUSE to spin up...
12-14 02:57:50.396 E/WifiVendorHal( 6740): startPktFateMonitoring(l.1849) failed {.code = ERROR_NOT_SUPPORTED, .description = }
12-14 02:57:50.396 W/WifiDiags( 6740): Failed to start packet fate monitoring
12-14 02:57:50.404 I/zygote  ( 6959): Starting thread pool.
12-14 02:57:50.406 E/adbd    ( 1372): failed to connect to socket 'tcp:7102': Connection refused
12-14 02:57:50.416 W/BroadcastQueue( 6740): Background execution not allowed: receiving Intent { act=android.intent.action.ACTION_POWER_DISCONNECTED flg=0x4000010 (has extras) } to com.google.android.gms/.chimera.GmsIntentOperationService$PersistentTrustedReceiver
12-14 02:57:50.417 D/ConditionProviders.SCP( 6740): onSubscribe condition://android/schedule?days=6.7&start=23.30&end=10.0&exitAtAlarm=false
12-14 02:57:50.418 D/ConditionProviders.SCP( 6740): setRegistered true
12-14 02:57:50.420 I/ActivityManager( 6740): user 0 is still locked. Cannot load recents
12-14 02:57:50.427 W/GeocoderProxy( 6740): Odd, no component found for service com.android.location.service.GeocodeProvider
12-14 02:57:50.428 I/zygote  ( 6959): Looking for service android.hardware.radio.deprecated@1.0::IOemHook/slot1
12-14 02:57:50.434 I/OMXClient( 6740): Treble IOmx obtained
12-14 02:57:50.435 E/adbd    ( 1372): failed to connect to socket 'tcp:7102': Connection refused
12-14 02:57:50.439 I/zygote  ( 6959): Starting thread pool.
12-14 02:57:50.440 I/OMXMaster( 1489): makeComponentInstance(OMX.google.vorbis.decoder) in omx@1.0-service process
12-14 02:57:50.441 V/vold    ( 1344): Waiting for FUSE to spin up...
12-14 02:57:50.446 I/vol.Events( 6889): writeEvent collection_started
12-14 02:57:50.448 E/OMXNodeInstance( 1489): getConfig(0xa60a1140:google.vorbis.decoder, ConfigAndroidVendorExtension(0x6f100004)) ERROR: Undefined(0x80001001)
12-14 02:57:50.458 D/ConditionProviders.SCP( 6740): notifyCondition condition://android/schedule?days=6.7&start=23.30&end=10.0&exitAtAlarm=false STATE_FALSE reason=!meetsSchedule
12-14 02:57:50.462 I/WifiStateMachine( 6740): disconnectedstate enter
12-14 02:57:50.464 W/GeofenceProxy( 6740): Odd, no component found for service com.android.location.service.GeofenceProvider
12-14 02:57:50.471 D/ConditionProviders.SCP( 6740): Scheduling evaluate for Mon Dec 14 10:00:00 GMT-05:00 2020 (1607958000000), in +7h2m9s582ms, now=Mon Dec 14 02:57:50 GMT-05:00 2020 (1607932670418)
12-14 02:57:50.472 D/ConditionProviders.SCP( 6740): onSubscribe condition://android/schedule?days=1.2.3.4.5&start=22.0&end=7.0&exitAtAlarm=false
12-14 02:57:50.472 D/ConditionProviders.SCP( 6740): notifyCondition condition://android/schedule?days=6.7&start=23.30&end=10.0&exitAtAlarm=false STATE_FALSE reason=!meetsSchedule
12-14 02:57:50.472 D/ConditionProviders.SCP( 6740): notifyCondition condition://android/schedule?days=1.2.3.4.5&start=22.0&end=7.0&exitAtAlarm=false STATE_TRUE reason=meetsSchedule
12-14 02:57:50.473 D/ConditionProviders.SCP( 6740): Scheduling evaluate for Mon Dec 14 07:00:00 GMT-05:00 2020 (1607947200000), in +4h2m9s528ms, now=Mon Dec 14 02:57:50 GMT-05:00 2020 (1607932670472)
12-14 02:57:50.476 W//system/bin/sdcard( 7067): Device explicitly enabled sdcardfs
12-14 02:57:50.489 I/Telecom ( 6740): WiredHeadsetManager: ACTION_HEADSET_PLUG event, plugged in: false, : WHC.oADA@AAE
12-14 02:57:50.493 V/vold    ( 1344): Waiting for FUSE to spin up...
12-14 02:57:50.514 W/ActivityRecognitionProxy( 6740): Odd, no component found for service com.android.location.service.ActivityRecognitionProvider
12-14 02:57:50.523 I/vol.Events( 6889): writeEvent external_ringer_mode_changed normal
12-14 02:57:50.523 I/vol.Events( 6889): writeEvent internal_ringer_mode_changed normal
12-14 02:57:50.545 V/vold    ( 1344): Waiting for FUSE to spin up...
12-14 02:57:50.556 E/adbd    ( 1372): failed to connect to socket 'tcp:7102': Connection refused
12-14 02:57:50.576 E/adbd    ( 1372): failed to connect to socket 'tcp:7102': Connection refused
12-14 02:57:50.596 I/AutofillManagerService( 6740): Updating Autofill for user 0: disabled=false
12-14 02:57:50.598 V/vold    ( 1344): Waiting for FUSE to spin up...
12-14 02:57:50.626 D/RttService( 6740): SCAN_AVAILABLE : 3
12-14 02:57:50.626 D/RttService( 6740): DefaultState got{ when=0 what=160512 target=com.android.internal.util.StateMachine$SmHandler }
12-14 02:57:50.628 E/ActivityThread( 6740): Failed to find provider info for com.android.calendar
12-14 02:57:50.636 E/WifiVendorHal( 6740): getBgScanCapabilities(l.450) failed {.code = ERROR_NOT_SUPPORTED, .description = }
12-14 02:57:50.638 I/WifiScanningService( 6740): wifi driver loaded with scan capabilities: max buckets=16
12-14 02:57:50.649 D/VoldConnector( 6740): RCV <- {651 emulated 2}
12-14 02:57:50.649 D/VoldConnector( 6740): RCV <- {200 5 Command succeeded}
12-14 02:57:50.684 D/VoldConnector( 6740): SND -> {6 volume mount public:253,80 0 0}
12-14 02:57:50.692 V/vold    ( 1344): /system/bin/blkid
12-14 02:57:50.692 V/vold    ( 1344):     -c
12-14 02:57:50.692 V/vold    ( 1344):     /dev/null
12-14 02:57:50.692 V/vold    ( 1344):     -s
12-14 02:57:50.692 V/vold    ( 1344):     TYPE
12-14 02:57:50.692 V/vold    ( 1344):     -s
12-14 02:57:50.692 V/vold    ( 1344):     UUID
12-14 02:57:50.692 V/vold    ( 1344):     -s
12-14 02:57:50.692 V/vold    ( 1344):     LABEL
12-14 02:57:50.692 V/vold    ( 1344):     /dev/block/vold/public:253,80
12-14 02:57:50.694 E/adbd    ( 1372): failed to connect to socket 'tcp:7102': Connection refused
12-14 02:57:50.698 E/ActivityThread( 6740): Failed to find provider info for com.android.calendar
12-14 02:57:50.698 D/installd( 1479): Found quota mount /dev/block/dm-0 at /data
12-14 02:57:50.698 D/installd( 1479): Found quota mount /dev/block/dm-0 at /data/var/run/netns
12-14 02:57:50.698 D/installd( 1479): Found storage mount /data/media at /mnt/runtime/default/emulated
12-14 02:57:50.699 I/OMXClient( 6889): Treble IOmx obtained
12-14 02:57:50.700 I/zygote  ( 6740): IncrementDisableThreadFlip blocked for 7.036ms
12-14 02:57:50.700 I/zygote  ( 6740): IncrementDisableThreadFlip blocked for 6.536ms
12-14 02:57:50.700 I/wificond( 6671): New interface event callback registered
12-14 02:57:50.701 I/zygote  ( 6740): IncrementDisableThreadFlip blocked for 7.186ms
12-14 02:57:50.702 D/RttService( 6740): EnabledState got{ when=0 what=160516 obj=android.net.wifi.IClientInterface$Stub$Proxy@795627b target=com.android.internal.util.StateMachine$SmHandler }
12-14 02:57:50.704 I/OMXMaster( 1489): makeComponentInstance(OMX.google.vorbis.decoder) in omx@1.0-service process
12-14 02:57:50.706 E/OMXNodeInstance( 1489): getConfig(0xa60a0f60:google.vorbis.decoder, ConfigAndroidVendorExtension(0x6f100004)) ERROR: Undefined(0x80001001)
12-14 02:57:50.716 E/adbd    ( 1372): failed to connect to socket 'tcp:7102': Connection refused
12-14 02:57:50.722 D/VoldConnector( 6740): RCV <- {651 public:253,80 1}
12-14 02:57:50.778 I/OMXClient( 6740): Treble IOmx obtained
12-14 02:57:50.779 I/OMXMaster( 1489): makeComponentInstance(OMX.google.vorbis.decoder) in omx@1.0-service process
12-14 02:57:50.786 E/OMXNodeInstance( 1489): getConfig(0xa60a1140:google.vorbis.decoder, ConfigAndroidVendorExtension(0x6f100004)) ERROR: Undefined(0x80001001)
12-14 02:57:50.806 D/NotificationSQLiteLog( 6740): Pruned event entries: 0
12-14 02:57:50.844 E/adbd    ( 1372): failed to connect to socket 'tcp:7102': Connection refused
12-14 02:57:50.850 V/vold    ( 1344): /dev/block/vold/public:253,80: LABEL="SDCARD" UUID="19FF-110D" TYPE="vfat" 
12-14 02:57:50.850 V/vold    ( 1344): 
12-14 02:57:50.852 V/vold    ( 1344): /system/bin/fsck_msdos
12-14 02:57:50.852 V/vold    ( 1344):     -p
12-14 02:57:50.852 V/vold    ( 1344):     -f
12-14 02:57:50.852 V/vold    ( 1344):     /dev/block/vold/public:253,80
12-14 02:57:50.853 D/VoldConnector( 6740): RCV <- {652 public:253,80 vfat}
12-14 02:57:50.853 D/VoldConnector( 6740): RCV <- {653 public:253,80 19FF-110D}
12-14 02:57:50.853 D/VoldConnector( 6740): RCV <- {654 public:253,80 SDCARD}
12-14 02:57:50.871 E/adbd    ( 1372): failed to connect to socket 'tcp:7102': Connection refused
12-14 02:57:50.942 I/fsck_msdos( 1344): ** /dev/block/vold/public:253,80
12-14 02:57:50.950 I/fsck_msdos( 1344): ** Phase 1 - Read and Compare FATs
12-14 02:57:50.952 I/fsck_msdos( 1344): Attempting to allocate 1022 KB for FAT
12-14 02:57:50.953 I/OMXClient( 6740): Treble IOmx obtained
12-14 02:57:50.956 I/OMXMaster( 1489): makeComponentInstance(OMX.google.vorbis.decoder) in omx@1.0-service process
12-14 02:57:50.960 E/OMXNodeInstance( 1489): getConfig(0xa60a0f60:google.vorbis.decoder, ConfigAndroidVendorExtension(0x6f100004)) ERROR: Undefined(0x80001001)
12-14 02:57:50.991 E/adbd    ( 1372): failed to connect to socket 'tcp:7102': Connection refused
12-14 02:57:51.003 E/adbd    ( 1372): failed to connect to socket 'tcp:7102': Connection refused
12-14 02:57:51.013 I/fsck_msdos( 1344): Attempting to allocate 1022 KB for FAT
12-14 02:57:51.113 I/fsck_msdos( 1344): ** Phase 2 - Check Cluster Chains
12-14 02:57:51.137 I/fsck_msdos( 1344): ** Phase 3 - Checking Directories
12-14 02:57:51.139 I/fsck_msdos( 1344): ** Phase 4 - Checking for Lost Files
12-14 02:57:51.139 I/fsck_msdos( 1344): 2 files, 522224 free (261112 clusters)
12-14 02:57:51.139 I/Vold    ( 1344): Filesystem check completed OK
12-14 02:57:51.140 D/VoldConnector( 6740): RCV <- {656 public:253,80 /mnt/media_rw/19FF-110D}
12-14 02:57:51.140 D/VoldConnector( 6740): RCV <- {655 public:253,80 /mnt/media_rw/19FF-110D}
12-14 02:57:51.141 E/adbd    ( 1372): failed to connect to socket 'tcp:7102': Connection refused
12-14 02:57:51.149 E//system/bin/tombstoned( 1493): Tombstone written to: /data/tombstones//tombstone_08
12-14 02:57:51.153 D/VoldConnector( 6740): RCV <- {651 public:253,80 2}
12-14 02:57:51.155 D/VoldConnector( 6740): RCV <- {200 6 Command succeeded}
12-14 02:57:51.159 E/adbd    ( 1372): failed to connect to socket 'tcp:7102': Connection refused
12-14 02:57:51.161 W/InputDispatcher( 6740): channel 'bed98a6 com.android.settings/com.android.settings.FallbackHome (server)' ~ Consumer closed input channel or an error occurred.  events=0x9
12-14 02:57:51.161 E/InputDispatcher( 6740): channel 'bed98a6 com.android.settings/com.android.settings.FallbackHome (server)' ~ Channel is unrecoverably broken and will be disposed!
12-14 02:57:51.163 I/WindowManager( 6740): WIN DEATH: Window{bed98a6 u0 com.android.settings/com.android.settings.FallbackHome}
12-14 02:57:51.163 W/InputDispatcher( 6740): Attempted to unregister already unregistered input channel 'bed98a6 com.android.settings/com.android.settings.FallbackHome (server)'
12-14 02:57:51.165 I/ActivityManager( 6740): Process com.android.settings (pid 6973) has died: fore TOP 
12-14 02:57:51.166 W/ActivityManager( 6740): Force removing ActivityRecord{22eec41 u0 com.android.settings/.FallbackHome t1}: app died, no saved state
12-14 02:57:51.180 I/ActivityManager( 6740): START u0 {act=android.intent.action.MAIN cat=[android.intent.category.HOME] flg=0x10000100 cmp=com.android.settings/.FallbackHome} from uid 0
12-14 02:57:51.202 I/ActivityManager( 6740): Start proc 7109:com.android.settings/1000 for activity com.android.settings/.FallbackHome
12-14 02:57:51.203 I/Zygote  ( 6666): Process 6973 exited due to signal (6)
12-14 02:57:51.204 I/WindowManager( 6740): Screen frozen for +1s483ms due to Window{bed98a6 u0 com.android.settings/com.android.settings.FallbackHome}
12-14 02:57:51.207 W/zygote  ( 7109): Unexpected CPU variant for X86 using defaults: x86
12-14 02:57:51.213 I/OMXClient( 6740): Treble IOmx obtained
12-14 02:57:51.219 I/OMXMaster( 1489): makeComponentInstance(OMX.google.vorbis.decoder) in omx@1.0-service process
12-14 02:57:51.219 D/SurfaceFlinger( 1413): duplicate layer name: changing BlackSurface to BlackSurface#1
12-14 02:57:51.224 W/ActivityManager( 6740): setHasOverlayUi called on unknown pid: 6973
12-14 02:57:51.224 E/OMXNodeInstance( 1489): getConfig(0xa60a0fc0:google.vorbis.decoder, ConfigAndroidVendorExtension(0x6f100004)) ERROR: Undefined(0x80001001)
12-14 02:57:51.252 I/ActivityManager( 6740): Showing crash dialog for package com.android.settings u0
12-14 02:57:51.259 D/SurfaceFlinger( 1413): duplicate layer name: changing ScreenshotSurface to ScreenshotSurface#1
12-14 02:57:51.260 D/gralloc_ranchu( 1397): gralloc_alloc: Creating ashmem region of size 8298496
12-14 02:57:51.273 E/adbd    ( 1372): failed to connect to socket 'tcp:7102': Connection refused
12-14 02:57:51.284 E/adbd    ( 1372): failed to connect to socket 'tcp:7102': Connection refused
12-14 02:57:51.291 W/ActivityManager( 6740): Slow operation: 51ms so far, now at attachApplicationLocked: after mServices.attachApplicationLocked
12-14 02:57:51.307 I/ActivityManager( 6740): user 0 is still locked. Cannot load recents
12-14 02:57:51.357 I/SyncManager( 6740): Got SyncJobService instance.
12-14 02:57:51.359 I/FusedLocation( 6740): engine started (com.android.location.fused)
12-14 02:57:51.363 I/vol.Events( 6889): writeEvent level_changed STREAM_VOICE_CALL 4
12-14 02:57:51.368 I/vol.Events( 6889): writeEvent level_changed STREAM_SYSTEM 5
12-14 02:57:51.371 I/vol.Events( 6889): writeEvent level_changed STREAM_RING 5
12-14 02:57:51.374 I/vol.Events( 6889): writeEvent level_changed STREAM_MUSIC 11
12-14 02:57:51.381 E/SurfaceFlinger( 1413): ro.sf.lcd_density must be defined as a build property
12-14 02:57:51.382 D/OpenGLRenderer( 6740): HWUI GL Pipeline
12-14 02:57:51.386 I/vol.Events( 6889): writeEvent level_changed STREAM_ALARM 6
12-14 02:57:51.393 W/KeyguardServiceDelegate( 6740): onScreenTurningOn(): no keyguard service!
12-14 02:57:51.394 E/SurfaceFlinger( 1413): ro.sf.lcd_density must be defined as a build property
12-14 02:57:51.395 W/Looper  ( 6740): Dispatch took 166ms on android.ui, h=Handler (com.android.server.am.ActivityManagerService$UiHandler) {4c71c1e} cb=null msg=1
12-14 02:57:51.397 I/vol.Events( 6889): writeEvent level_changed STREAM_BLUETOOTH_SCO 7
12-14 02:57:51.403 D/OpenGLRenderer( 7109): HWUI GL Pipeline
12-14 02:57:51.419 E/adbd    ( 1372): failed to connect to socket 'tcp:7102': Connection refused
12-14 02:57:51.424 E/adbd    ( 1372): failed to connect to socket 'tcp:7102': Connection refused
12-14 02:57:51.434 D/        ( 6740): HostConnection::get() New Host Connection established 0x811b7800, tid 7131
12-14 02:57:51.442 D/gralloc_ranchu( 1397): gralloc_alloc: Creating ashmem region of size 2654208
12-14 02:57:51.459 I/zygote  ( 6740): Background concurrent copying GC freed 64095(4MB) AllocSpace objects, 24(528KB) LOS objects, 38% free, 9MB/15MB, paused 33.354ms total 797.114ms
12-14 02:57:51.460 D/        ( 7109): HostConnection::get() New Host Connection established 0xa509af80, tid 7132
12-14 02:57:51.463 I/OpenGLRenderer( 7109): Initialized EGL, version 1.4
12-14 02:57:51.463 D/OpenGLRenderer( 7109): Swap behavior 1
12-14 02:57:51.463 W/OpenGLRenderer( 7109): Failed to choose config with EGL_SWAP_BEHAVIOR_PRESERVED, retrying without...
12-14 02:57:51.463 D/OpenGLRenderer( 7109): Swap behavior 0
12-14 02:57:51.464 D/gralloc_ranchu( 1397): gralloc_alloc: Creating ashmem region of size 8298496
12-14 02:57:51.473 D/EGL_emulation( 7109): eglCreateContext: 0x98fedc00: maj 3 min 0 rcv 3
12-14 02:57:51.484 I/OpenGLRenderer( 6740): Initialized EGL, version 1.4
12-14 02:57:51.484 D/OpenGLRenderer( 6740): Swap behavior 1
12-14 02:57:51.484 W/OpenGLRenderer( 6740): Failed to choose config with EGL_SWAP_BEHAVIOR_PRESERVED, retrying without...
12-14 02:57:51.484 D/OpenGLRenderer( 6740): Swap behavior 0
12-14 02:57:51.486 D/gralloc_ranchu( 1397): gralloc_alloc: Creating ashmem region of size 2654208
12-14 02:57:51.491 E/SurfaceFlinger( 1413): ro.sf.lcd_density must be defined as a build property
12-14 02:57:51.491 D/OpenGLRenderer( 6889): HWUI GL Pipeline
12-14 02:57:51.493 D/gralloc_ranchu( 1397): gralloc_alloc: Creating ashmem region of size 8298496
12-14 02:57:51.517 D/EGL_emulation( 6740): eglCreateContext: 0x84ef5ac0: maj 3 min 0 rcv 3
12-14 02:57:51.522 D/PhoneSwitcherNetworkRequstListener( 6959): Registering NetworkFactory
12-14 02:57:51.523 D/ConnectivityService( 6740): Got NetworkFactory Messenger for PhoneSwitcherNetworkRequstListener
12-14 02:57:51.525 D/NetworkController.WifiSignalController( 6889): Registered score cache
12-14 02:57:51.527 D/gralloc_ranchu( 1397): gralloc_alloc: Creating ashmem region of size 8298496
12-14 02:57:51.541 D/EGL_emulation( 7109): eglMakeCurrent: 0x98fedc00: ver 3 0 (tinfo 0xa508b840)
12-14 02:57:51.542 E/eglCodecCommon( 7109): glUtilsParamSize: unknow param 0x00008cdf
12-14 02:57:51.542 E/eglCodecCommon( 7109): glUtilsParamSize: unknow param 0x00008cdf
12-14 02:57:51.542 E/eglCodecCommon( 7109): glUtilsParamSize: unknow param 0x00008824
12-14 02:57:51.542 E/eglCodecCommon( 7109): glUtilsParamSize: unknow param 0x00008824
12-14 02:57:51.549 F/OpenGLRenderer( 7109): At least 4 texture units are required!
12-14 02:57:51.549 F/libc    ( 7109): Fatal signal 6 (SIGABRT), code -6 in tid 7132 (RenderThread)
12-14 02:57:51.553 E/adbd    ( 1372): failed to connect to socket 'tcp:7102': Connection refused
12-14 02:57:51.563 D/ConnectivityService( 6740): Got NetworkFactory Messenger for TelephonyNetworkFactory[0]
12-14 02:57:51.566 D/EGL_emulation( 6740): eglMakeCurrent: 0x84ef5ac0: ver 3 0 (tinfo 0x9bb03dc0)
12-14 02:57:51.568 E/eglCodecCommon( 6740): glUtilsParamSize: unknow param 0x00008cdf
12-14 02:57:51.569 E/eglCodecCommon( 6740): glUtilsParamSize: unknow param 0x00008cdf
12-14 02:57:51.569 E/eglCodecCommon( 6740): glUtilsParamSize: unknow param 0x00008824
12-14 02:57:51.569 E/eglCodecCommon( 6740): glUtilsParamSize: unknow param 0x00008824
12-14 02:57:51.574 D/gralloc_ranchu( 1397): gralloc_alloc: Creating ashmem region of size 2654208
12-14 02:57:51.584 W/Looper  ( 6740): Dispatch took 176ms on android.ui, h=Handler (android.view.Choreographer$FrameHandler) {24c2be1} cb=android.view.Choreographer$FrameDisplayEventReceiver@d36d06 msg=0
12-14 02:57:51.599 E/adbd    ( 1372): failed to connect to socket 'tcp:7102': Connection refused
12-14 02:57:51.606 D/CarrierConfigLoader( 6959): CarrierConfigLoader has started
12-14 02:57:51.606 E/BluetoothAdapter( 6959): Bluetooth binder is null
12-14 02:57:51.619 I/crash_dump32( 7144): obtaining output fd from tombstoned
12-14 02:57:51.622 I//system/bin/tombstoned( 1493): received crash request for pid 7109
12-14 02:57:51.622 I/crash_dump32( 7144): performing dump of process 7109 (target tid = 7132)
12-14 02:57:51.622 F/DEBUG   ( 7144): *** *** *** *** *** *** *** *** *** *** *** *** *** *** *** ***
12-14 02:57:51.623 F/DEBUG   ( 7144): Build fingerprint: 'google/sdk_gphone_x86/generic_x86:8.0.0/OSR1.170901.043/4456315:user/release-keys'
12-14 02:57:51.623 F/DEBUG   ( 7144): Revision: '0'
12-14 02:57:51.623 F/DEBUG   ( 7144): ABI: 'x86'
12-14 02:57:51.623 F/DEBUG   ( 7144): pid: 7109, tid: 7132, name: RenderThread  >>> com.android.settings <<<
12-14 02:57:51.623 F/DEBUG   ( 7144): signal 6 (SIGABRT), code -6 (SI_TKILL), fault addr --------
12-14 02:57:51.624 F/DEBUG   ( 7144): Abort message: 'At least 4 texture units are required!'
12-14 02:57:51.624 F/DEBUG   ( 7144):     eax 00000000  ebx 00001bc5  ecx 00001bdc  edx 00000006
12-14 02:57:51.624 F/DEBUG   ( 7144):     esi 00001bdc  edi 88c88078
12-14 02:57:51.624 F/DEBUG   ( 7144):     xcs 00000073  xds 0000007b  xes 0000007b  xfs 0000003b  xss 0000007b
12-14 02:57:51.624 F/DEBUG   ( 7144):     eip a967eac4  ebp 88c88098  esp 88c8802c  flags 00000296
12-14 02:57:51.627 D/StatusBar( 6889): disable<e i a s b h r c s q >
12-14 02:57:51.628 I/StatusBarManagerService( 6740): registerStatusBar bar=com.android.internal.statusbar.IStatusBar$Stub$Proxy@2231789
12-14 02:57:51.643 F/OpenGLRenderer( 6740): At least 4 texture units are required!
12-14 02:57:51.643 F/libc    ( 6740): Fatal signal 6 (SIGABRT), code -6 in tid 7131 (RenderThread)
12-14 02:57:51.658 F/DEBUG   ( 7144): 
12-14 02:57:51.658 F/DEBUG   ( 7144): backtrace:
12-14 02:57:51.658 F/DEBUG   ( 7144):     #00 pc 00000ac4  [vdso:a967e000] (__kernel_vsyscall+16)
12-14 02:57:51.658 F/DEBUG   ( 7144):     #01 pc 00075b3c  /system/lib/libc.so (tgkill+28)
12-14 02:57:51.658 F/DEBUG   ( 7144):     #02 pc 0001f04e  /system/lib/libc.so (abort+110)
12-14 02:57:51.658 F/DEBUG   ( 7144):     #03 pc 00006a06  /system/lib/liblog.so (__android_log_assert+294)
12-14 02:57:51.658 F/DEBUG   ( 7144):     #04 pc 00040419  /system/lib/libhwui.so (_ZN7android10uirenderer12TextureStateC1Ev+185)
12-14 02:57:51.658 F/DEBUG   ( 7144):     #05 pc 0005f5f0  /system/lib/libhwui.so (_ZN7android10uirenderer6Caches4initEv+176)
12-14 02:57:51.658 F/DEBUG   ( 7144):     #06 pc 0005f4bc  /system/lib/libhwui.so (_ZN7android10uirenderer6CachesC2ERNS0_11RenderStateE+316)
12-14 02:57:51.658 F/DEBUG   ( 7144):     #07 pc 0003ee57  /system/lib/libhwui.so (_ZN7android10uirenderer11RenderState18onGLContextCreatedEv+215)
12-14 02:57:51.658 F/DEBUG   ( 7144):     #08 pc 00046d9b  /system/lib/libhwui.so (_ZN7android10uirenderer12renderthread10EglManager10initializeEv+427)
12-14 02:57:51.658 F/DEBUG   ( 7144):     #09 pc 0004743d  /system/lib/libhwui.so (_ZN7android10uirenderer12renderthread10EglManager13createSurfaceEP13ANativeWindow+45)
12-14 02:57:51.658 F/DEBUG   ( 7144):     #10 pc 00045380  /system/lib/libhwui.so (_ZN7android10uirenderer12renderthread14OpenGLPipeline10setSurfaceEPNS_7SurfaceENS1_12SwapBehaviorE+80)
12-14 02:57:51.658 F/DEBUG   ( 7144):     #11 pc 00041a9d  /system/lib/libhwui.so (_ZN7android10uirenderer12renderthread13CanvasContext10setSurfaceEPNS_7SurfaceE+157)
12-14 02:57:51.658 F/DEBUG   ( 7144):     #12 pc 00041d53  /system/lib/libhwui.so (_ZN7android10uirenderer12renderthread13CanvasContext10initializeEPNS_7SurfaceE+35)
12-14 02:57:51.658 F/DEBUG   ( 7144):     #13 pc 0004a6c5  /system/lib/libhwui.so (_ZN7android10uirenderer12renderthreadL17Bridge_initializeEPNS1_14initializeArgsE+37)
12-14 02:57:51.659 F/DEBUG   ( 7144):     #14 pc 0004c9d2  /system/lib/libhwui.so (_ZN7android10uirenderer12renderthread22MethodInvokeRenderTask3runEv+34)
12-14 02:57:51.659 F/DEBUG   ( 7144):     #15 pc 0004dde9  /system/lib/libhwui.so (_ZN7android10uirenderer12renderthread12RenderThread10threadLoopEv+489)
12-14 02:57:51.659 F/DEBUG   ( 7144):     #16 pc 000104a4  /system/lib/libutils.so (_ZN7android6Thread11_threadLoopEPv+292)
12-14 02:57:51.659 F/DEBUG   ( 7144):     #17 pc 000841b6  /system/lib/libandroid_runtime.so (_ZN7android14AndroidRuntime15javaThreadShellEPv+166)
12-14 02:57:51.659 F/DEBUG   ( 7144):     #18 pc 0000fca6  /system/lib/libutils.so (_ZN13thread_data_t10trampolineEPKS_+246)
12-14 02:57:51.659 F/DEBUG   ( 7144):     #19 pc 000709b5  /system/lib/libc.so (_ZL15__pthread_startPv+53)
12-14 02:57:51.659 F/DEBUG   ( 7144):     #20 pc 0002050b  /system/lib/libc.so (__start_thread+75)
12-14 02:57:51.659 F/DEBUG   ( 7144):     #21 pc 0001eda6  /system/lib/libc.so (__bionic_clone+70)
12-14 02:57:51.719 I/crash_dump32( 7151): obtaining output fd from tombstoned
12-14 02:57:51.719 I//system/bin/tombstoned( 1493): received crash request for pid 6740
12-14 02:57:51.719 I//system/bin/tombstoned( 1493): enqueueing crash request for pid 6740
12-14 02:57:51.720 E/adbd    ( 1372): failed to connect to socket 'tcp:7102': Connection refused
12-14 02:57:52.913 E/adbd    ( 1372): failed to connect to socket 'tcp:7102': Connection refused
12-14 02:57:53.014 I/qemu-props( 1407): start adbd ...
12-14 02:57:53.039 E/adbd    ( 1372): failed to connect to socket 'tcp:7102': Connection refused
12-14 02:57:55.205 E/adbd    ( 1372): failed to connect to socket 'tcp:7102': Connection refused
12-14 02:57:55.232 E//system/bin/tombstoned( 1493): Tombstone written to: /data/tombstones//tombstone_09
12-14 02:57:55.237 I/crash_dump32( 7151): performing dump of process 6740 (target tid = 7131)
12-14 02:57:55.238 F/DEBUG   ( 7151): *** *** *** *** *** *** *** *** *** *** *** *** *** *** *** ***
12-14 02:57:55.238 F/DEBUG   ( 7151): Build fingerprint: 'google/sdk_gphone_x86/generic_x86:8.0.0/OSR1.170901.043/4456315:user/release-keys'
12-14 02:57:55.238 F/DEBUG   ( 7151): Revision: '0'
12-14 02:57:55.238 F/DEBUG   ( 7151): ABI: 'x86'
12-14 02:57:55.238 F/DEBUG   ( 7151): pid: 6740, tid: 7131, name: RenderThread  >>> system_server <<<
12-14 02:57:55.238 F/DEBUG   ( 7151): signal 6 (SIGABRT), code -6 (SI_TKILL), fault addr --------
12-14 02:57:55.243 F/DEBUG   ( 7151): Abort message: 'At least 4 texture units are required!'
12-14 02:57:55.243 F/DEBUG   ( 7151):     eax 00000000  ebx 00001a54  ecx 00001bdb  edx 00000006
12-14 02:57:55.243 F/DEBUG   ( 7151):     esi 00001bdb  edi 8107f078
12-14 02:57:55.243 F/DEBUG   ( 7151):     xcs 00000073  xds 0000007b  xes 0000007b  xfs 0000003b  xss 0000007b
12-14 02:57:55.243 F/DEBUG   ( 7151):     eip a967eac4  ebp 8107f098  esp 8107f02c  flags 00000296
12-14 02:57:55.269 F/DEBUG   ( 7151): 
12-14 02:57:55.269 F/DEBUG   ( 7151): backtrace:
12-14 02:57:55.270 F/DEBUG   ( 7151):     #00 pc 00000ac4  [vdso:a967e000] (__kernel_vsyscall+16)
12-14 02:57:55.270 F/DEBUG   ( 7151):     #01 pc 00075b3c  /system/lib/libc.so (tgkill+28)
12-14 02:57:55.270 F/DEBUG   ( 7151):     #02 pc 0001f04e  /system/lib/libc.so (abort+110)
12-14 02:57:55.270 F/DEBUG   ( 7151):     #03 pc 00006a06  /system/lib/liblog.so (__android_log_assert+294)
12-14 02:57:55.270 F/DEBUG   ( 7151):     #04 pc 00040419  /system/lib/libhwui.so (_ZN7android10uirenderer12TextureStateC1Ev+185)
12-14 02:57:55.270 F/DEBUG   ( 7151):     #05 pc 0005f5f0  /system/lib/libhwui.so (_ZN7android10uirenderer6Caches4initEv+176)
12-14 02:57:55.270 F/DEBUG   ( 7151):     #06 pc 0005f4bc  /system/lib/libhwui.so (_ZN7android10uirenderer6CachesC2ERNS0_11RenderStateE+316)
12-14 02:57:55.270 F/DEBUG   ( 7151):     #07 pc 0003ee57  /system/lib/libhwui.so (_ZN7android10uirenderer11RenderState18onGLContextCreatedEv+215)
