--------- beginning of main
12-14 02:20:23.175 E/adbd    ( 1383): failed to connect to socket 'tcp:7102': Connection refused
12-14 02:20:23.522 D/AndroidRuntime( 4079): >>>>>> START com.android.internal.os.RuntimeInit uid 2000 <<<<<<
12-14 02:20:23.557 W/app_process( 4079): Unexpected CPU variant for X86 using defaults: x86
12-14 02:20:23.571 D/AndroidRuntime( 4079): Calling main entry com.android.commands.am.Am
--------- beginning of system
12-14 02:20:23.574 I/ActivityManager( 1628): Force stopping com.evancharlton.mileage appid=10342 user=0: start instr
12-14 02:20:23.579 I/zygote  ( 4089): Not late-enabling -Xcheck:jni (already on)
12-14 02:20:23.584 W/zygote  ( 4089): Unexpected CPU variant for X86 using defaults: x86
12-14 02:20:23.586 I/ActivityManager( 1628): Start proc 4089:com.evancharlton.mileage/u0a342 for added application com.evancharlton.mileage
12-14 02:20:23.586 D/AndroidRuntime( 4079): Shutting down VM
12-14 02:20:23.610 E/adbd    ( 1383): failed to connect to socket 'tcp:7102': Connection refused
12-14 02:20:23.612 E/adbd    ( 1383): failed to connect to socket 'tcp:7102': Connection refused
12-14 02:20:23.613 W/zygote  ( 4089): Found duplicate classes, falling back to extracting from APK : /data/app/com.evancharlton.mileage.test-wUT6HMP0Mcrr_vDyfp4SMw==/base.apk
12-14 02:20:23.613 W/zygote  ( 4089): NOTE: This wastes RAM and hurts startup performance.
12-14 02:20:23.613 W/zygote  ( 4089): Found duplicated class when checking oat files: 'Ljunit/runner/BaseTestRunner;' in /data/app/com.evancharlton.mileage.test-wUT6HMP0Mcrr_vDyfp4SMw==/base.apk and /system/framework/android.test.runner.jar
12-14 02:20:23.613 W/zygote  ( 4089): 
12-14 02:20:23.644 W/System  ( 4089): ClassLoader referenced unknown path: 
12-14 02:20:23.656 I/System.out( 4089): Main activity name automatically set to: com.evancharlton.mileage.Mileage
12-14 02:20:23.657 I/System.out( 4089): Calabash did not load Mono. This is only a problem if you are trying to test a Mono application
12-14 02:20:23.658 I/calabash( 4089): Test server port: 7102
12-14 02:20:23.659 I/InstrumentationBackend( 4089): Added:'GetPreferences', with key:'get_preferences'
12-14 02:20:23.720 E/adbd    ( 1383): failed to connect to socket 'tcp:7102': Connection refused
12-14 02:20:23.725 E/adbd    ( 1383): failed to connect to socket 'tcp:7102': Connection refused
12-14 02:20:23.732 I/InstrumentationBackend( 4089): Added:'SetPreferences', with key:'set_preferences'
12-14 02:20:23.733 I/InstrumentationBackend( 4089): Added:'ClearPreferences', with key:'clear_preferences'
12-14 02:20:23.733 I/InstrumentationBackend( 4089): Added:'PressElement', with key:'press_l10n_element'
12-14 02:20:23.734 I/InstrumentationBackend( 4089): Added:'WaitForElement', with key:'wait_for_l10n_element'
12-14 02:20:23.735 I/InstrumentationBackend( 4089): Added:'NullAction', with key:'nullAction'
12-14 02:20:23.735 I/InstrumentationBackend( 4089): Added:'PressKey', with key:'press_key'
12-14 02:20:23.736 I/InstrumentationBackend( 4089): Added:'SetActivityOrientation', with key:'set_activity_orientation'
12-14 02:20:23.736 I/InstrumentationBackend( 4089): Added:'GetActivityOrientation', with key:'get_activity_orientation'
12-14 02:20:23.737 I/InstrumentationBackend( 4089): Added:'FakeGPSLocation', with key:'set_gps_coordinates'
12-14 02:20:23.738 I/InstrumentationBackend( 4089): Added:'SetPropertyByCssSelector', with key:'set_property_by_css_selector'
12-14 02:20:23.741 I/InstrumentationBackend( 4089): Added:'GetUrl', with key:'get_url'
12-14 02:20:23.746 I/InstrumentationBackend( 4089): Added:'ScrollTo', with key:'scroll_to'
12-14 02:20:23.746 I/InstrumentationBackend( 4089): Added:'GetLoadProgress', with key:'get_load_progress'
12-14 02:20:23.747 I/InstrumentationBackend( 4089): Added:'DumpHtml', with key:'dump_html'
12-14 02:20:23.747 I/InstrumentationBackend( 4089): Added:'DumpBodyHtml', with key:'dump_body_html'
12-14 02:20:23.747 I/InstrumentationBackend( 4089): Added:'EnterTextByCssSelector', with key:'enter_text_by_selector'
12-14 02:20:23.756 I/InstrumentationBackend( 4089): Added:'AndroidSDKVersion', with key:'android_sdk_version'
12-14 02:20:23.757 I/InstrumentationBackend( 4089): Added:'Version', with key:'version'
12-14 02:20:23.758 I/InstrumentationBackend( 4089): Added:'Drag', with key:'drag'
12-14 02:20:23.758 I/InstrumentationBackend( 4089): Added:'TouchCoordinates', with key:'touch_coordinate'
12-14 02:20:23.759 I/InstrumentationBackend( 4089): Added:'LongPressCoordinate', with key:'long_press_coordinate'
12-14 02:20:23.759 I/InstrumentationBackend( 4089): Added:'DragCoordinates', with key:'drag_coordinates'
12-14 02:20:23.760 I/InstrumentationBackend( 4089): Added:'ResumeApplication', with key:'resume_application'
12-14 02:20:23.760 I/InstrumentationBackend( 4089): Added:'Swipe', with key:'swipe'
12-14 02:20:23.761 I/InstrumentationBackend( 4089): Added:'DoubleTapCoordinate', with key:'double_tap_coordinate'
12-14 02:20:23.761 I/InstrumentationBackend( 4089): Added:'ClickOnScreen', with key:'click_on_screen'
12-14 02:20:23.763 I/InstrumentationBackend( 4089): Added:'GetActivityName', with key:'get_activity_name'
12-14 02:20:23.763 I/InstrumentationBackend( 4089): Added:'ScrollToView', with key:'scroll_to_view'
12-14 02:20:23.764 I/InstrumentationBackend( 4089): Added:'ViewConfiguration', with key:'view_configuration'
12-14 02:20:23.764 I/InstrumentationBackend( 4089): Added:'IsCurrentActivityFocused', with key:'is_current_activity_focused'
12-14 02:20:23.765 I/InstrumentationBackend( 4089): Added:'SendTcp', with key:'send_tcp'
12-14 02:20:23.766 I/InstrumentationBackend( 4089): Added:'DpToDevicePixel', with key:'dp_to_device_pixel'
12-14 02:20:23.767 I/InstrumentationBackend( 4089): Added:'KeyboardEnterText', with key:'keyboard_enter_text'
12-14 02:20:23.768 I/InstrumentationBackend( 4089): Added:'DeleteSurroundingText', with key:'delete_surrounding_text'
12-14 02:20:23.768 I/InstrumentationBackend( 4089): Added:'SetComposingRegion', with key:'set_composing_region'
12-14 02:20:23.769 I/InstrumentationBackend( 4089): Added:'SetSelection', with key:'set_selection'
12-14 02:20:23.770 I/InstrumentationBackend( 4089): Added:'KeyboardKeyEvent', with key:'keyboard_key_event'
12-14 02:20:23.770 I/InstrumentationBackend( 4089): Added:'PressUserActionButton', with key:'press_user_action_button'
12-14 02:20:23.771 I/InstrumentationBackend( 4089): Added:'HideSoftKeyboard', with key:'hide_soft_keyboard'
12-14 02:20:23.772 I/InstrumentationBackend( 4089): Added:'ListActions', with key:'list_actions'
12-14 02:20:23.773 I/calabash( 4089): Instantiating http server at 7102
12-14 02:20:23.774 I/System.out( 4089): HTTP Daemon listening on: 7102
12-14 02:20:23.837 I/System.out( 4089): URI: //ping
12-14 02:20:23.837 I/System.out( 4089): params: {json={}
12-14 02:20:23.837 I/System.out( 4089): }
12-14 02:20:23.848 I/System.out( 4089): URI: //ping
12-14 02:20:23.848 I/System.out( 4089): params: {json={}
12-14 02:20:23.848 I/System.out( 4089): }
12-14 02:20:23.855 I/System.out( 4089): URI: //ready
12-14 02:20:23.855 I/System.out( 4089): params: {json={}
12-14 02:20:23.855 I/System.out( 4089): }
12-14 02:20:23.863 I/System.out( 4089): URI: //
12-14 02:20:23.863 I/System.out( 4089): params: {json={"command":"version","arguments":[]}
12-14 02:20:23.863 I/System.out( 4089): }
12-14 02:20:23.864 I/System.out( 4089): header: {content-type=application/json;charset=utf-8, date=Mon, 14 Dec 2020 07:20:24 GMT, accept=*/*, host=127.0.0.1:34777, content-length=36, user-agent=HTTPClient/1.0 (2.8.3, ruby 2.5.8 (2020-03-31))}
12-14 02:20:23.864 I/System.out( 4089): params: {json={"command":"version","arguments":[]}
12-14 02:20:23.864 I/System.out( 4089): }
12-14 02:20:23.864 I/System.out( 4089): ProP json = {"command":"version","arguments":[]}
12-14 02:20:23.864 I/System.out( 4089): files: {}
12-14 02:20:23.864 I/System.out( 4089): command: {"command":"version","arguments":[]}
12-14 02:20:23.894 I/InstrumentationBackend( 4089): Got command:'Command:'Line:null,version', arguments:'[]'
12-14 02:20:23.936 I/System.out( 4089): result:{"bonusInformation":[],"message":"0.9.8","success":true}
12-14 02:20:23.944 I/System.out( 4089): URI: //start-application
12-14 02:20:23.944 I/System.out( 4089): params: {json={"intent":null}
12-14 02:20:23.945 I/System.out( 4089): }
12-14 02:20:23.983 I/ActivityManager( 1628): START u0 {act=android.intent.action.MAIN cat=[android.intent.category.LAUNCHER] flg=0x10200000 cmp=com.evancharlton.mileage/.Mileage} from uid 10342
12-14 02:20:23.997 I/calabash( 4089): newActivity1
12-14 02:20:24.019 W/ActivityManager( 1628): Bad activity token: android.os.BinderProxy@752205f
12-14 02:20:24.019 W/ActivityManager( 1628): java.lang.ClassCastException: android.os.BinderProxy cannot be cast to com.android.server.am.ActivityRecord$Token
12-14 02:20:24.019 W/ActivityManager( 1628): 	at com.android.server.am.ActivityRecord.forTokenLocked(ActivityRecord.java:778)
12-14 02:20:24.019 W/ActivityManager( 1628): 	at com.android.server.am.ActivityRecord.isInStackLocked(ActivityRecord.java:2085)
12-14 02:20:24.019 W/ActivityManager( 1628): 	at com.android.server.am.ActivityRecord.getStackLocked(ActivityRecord.java:2090)
12-14 02:20:24.019 W/ActivityManager( 1628): 	at com.android.server.am.ActivityManagerService.getActivityDisplayId(ActivityManagerService.java:10406)
12-14 02:20:24.019 W/ActivityManager( 1628): 	at android.app.IActivityManager$Stub.onTransact(IActivityManager.java:2738)
12-14 02:20:24.019 W/ActivityManager( 1628): 	at com.android.server.am.ActivityManagerService.onTransact(ActivityManagerService.java:2935)
12-14 02:20:24.019 W/ActivityManager( 1628): 	at android.os.Binder.execTransact(Binder.java:674)
12-14 02:20:24.019 I/calabash( 4089): newActivity1
12-14 02:20:24.031 W/ActivityManager( 1628): Bad activity token: android.os.BinderProxy@752205f
12-14 02:20:24.031 W/ActivityManager( 1628): java.lang.ClassCastException: android.os.BinderProxy cannot be cast to com.android.server.am.ActivityRecord$Token
12-14 02:20:24.031 W/ActivityManager( 1628): 	at com.android.server.am.ActivityRecord.forTokenLocked(ActivityRecord.java:778)
12-14 02:20:24.031 W/ActivityManager( 1628): 	at com.android.server.am.ActivityRecord.isInStackLocked(ActivityRecord.java:2085)
12-14 02:20:24.031 W/ActivityManager( 1628): 	at com.android.server.am.ActivityManagerService.setTaskDescription(ActivityManagerService.java:9988)
12-14 02:20:24.031 W/ActivityManager( 1628): 	at android.app.IActivityManager$Stub.onTransact(IActivityManager.java:2824)
12-14 02:20:24.031 W/ActivityManager( 1628): 	at com.android.server.am.ActivityManagerService.onTransact(ActivityManagerService.java:2935)
12-14 02:20:24.031 W/ActivityManager( 1628): 	at android.os.Binder.execTransact(Binder.java:674)
12-14 02:20:24.032 W/ActivityManager( 1628): Bad activity token: android.os.BinderProxy@752205f
12-14 02:20:24.032 W/ActivityManager( 1628): java.lang.ClassCastException: android.os.BinderProxy cannot be cast to com.android.server.am.ActivityRecord$Token
12-14 02:20:24.032 W/ActivityManager( 1628): 	at com.android.server.am.ActivityRecord.forTokenLocked(ActivityRecord.java:778)
12-14 02:20:24.032 W/ActivityManager( 1628): 	at com.android.server.am.ActivityRecord.isInStackLocked(ActivityRecord.java:2085)
12-14 02:20:24.032 W/ActivityManager( 1628): 	at com.android.server.am.ActivityRecord.getStackLocked(ActivityRecord.java:2090)
12-14 02:20:24.032 W/ActivityManager( 1628): 	at com.android.server.am.ActivityManagerService.getActivityStackId(ActivityManagerService.java:10417)
12-14 02:20:24.032 W/ActivityManager( 1628): 	at android.app.IActivityManager$Stub.onTransact(IActivityManager.java:3548)
12-14 02:20:24.032 W/ActivityManager( 1628): 	at com.android.server.am.ActivityManagerService.onTransact(ActivityManagerService.java:2935)
12-14 02:20:24.032 W/ActivityManager( 1628): 	at android.os.Binder.execTransact(Binder.java:674)
12-14 02:20:24.039 D/gralloc_ranchu( 1396): gralloc_alloc: Creating ashmem region of size 7753728
12-14 02:20:24.098 W/asset   ( 1728): Asset path /data/app/com.evancharlton.mileage-DWOgmlzEgiCVHTvdk3EktA==/base.apk is neither a directory nor file (type=1).
12-14 02:20:24.098 E/ResourcesManager( 1728): failed to add asset path /data/app/com.evancharlton.mileage-DWOgmlzEgiCVHTvdk3EktA==/base.apk
12-14 02:20:24.098 W/PackageManager( 1728): Failure retrieving resources for com.evancharlton.mileage
12-14 02:20:24.098 W/asset   ( 1728): Asset path /data/app/com.evancharlton.mileage-DWOgmlzEgiCVHTvdk3EktA==/base.apk is neither a directory nor file (type=1).
12-14 02:20:24.098 E/ResourcesManager( 1728): failed to add asset path /data/app/com.evancharlton.mileage-DWOgmlzEgiCVHTvdk3EktA==/base.apk
12-14 02:20:24.098 W/PackageManager( 1728): Failure retrieving resources for com.evancharlton.mileage
12-14 02:20:24.098 W/asset   ( 1728): Asset path /data/app/com.evancharlton.mileage-DWOgmlzEgiCVHTvdk3EktA==/base.apk is neither a directory nor file (type=1).
12-14 02:20:24.098 E/ResourcesManager( 1728): failed to add asset path /data/app/com.evancharlton.mileage-DWOgmlzEgiCVHTvdk3EktA==/base.apk
12-14 02:20:24.098 W/PackageManager( 1728): Failure retrieving resources for com.evancharlton.mileage
12-14 02:20:24.099 V/StatusBar( 1728): setLightsOn(true)
12-14 02:20:24.101 E/ContentStoreEUAS( 2231): Failed to commit the deferred actions
12-14 02:20:24.111 D/EGL_emulation( 2180): eglMakeCurrent: 0xa45fd5c0: ver 3 0 (tinfo 0xa45ffbd0)
12-14 02:20:24.111 D/EGL_emulation( 2231): eglMakeCurrent: 0xb44a1a40: ver 3 0 (tinfo 0xb44ece00)
12-14 02:20:24.117 D/EGL_emulation( 1728): eglMakeCurrent: 0xa4221160: ver 3 0 (tinfo 0xa421bc60)
12-14 02:20:24.136 I/chatty  ( 1728): uid=10028(u0_a28) RenderThread identical 1 line
12-14 02:20:24.147 D/EGL_emulation( 1728): eglMakeCurrent: 0xa4221160: ver 3 0 (tinfo 0xa421bc60)
12-14 02:20:24.148 V/StatusBar( 1728): setLightsOn(true)
12-14 02:20:24.150 D/EGL_emulation( 1728): eglMakeCurrent: 0xa4221160: ver 3 0 (tinfo 0xa421bc60)
12-14 02:20:24.154 W/ActivityManager( 1628): Bad activity token: android.os.BinderProxy@752205f
12-14 02:20:24.154 W/ActivityManager( 1628): java.lang.ClassCastException: android.os.BinderProxy cannot be cast to com.android.server.am.ActivityRecord$Token
12-14 02:20:24.154 W/ActivityManager( 1628): 	at com.android.server.am.ActivityRecord.forTokenLocked(ActivityRecord.java:778)
12-14 02:20:24.154 W/ActivityManager( 1628): 	at com.android.server.am.ActivityRecord.isInStackLocked(ActivityRecord.java:2085)
12-14 02:20:24.154 W/ActivityManager( 1628): 	at com.android.server.am.ActivityManagerService.getActivityOptions(ActivityManagerService.java:13302)
12-14 02:20:24.154 W/ActivityManager( 1628): 	at android.app.IActivityManager$Stub.onTransact(IActivityManager.java:2910)
12-14 02:20:24.154 W/ActivityManager( 1628): 	at com.android.server.am.ActivityManagerService.onTransact(ActivityManagerService.java:2935)
12-14 02:20:24.154 W/ActivityManager( 1628): 	at android.os.Binder.execTransact(Binder.java:674)
12-14 02:20:24.155 W/ActivityManager( 1628): Bad activity token: android.os.BinderProxy@752205f
12-14 02:20:24.155 W/ActivityManager( 1628): java.lang.ClassCastException: android.os.BinderProxy cannot be cast to com.android.server.am.ActivityRecord$Token
12-14 02:20:24.155 W/ActivityManager( 1628): 	at com.android.server.am.ActivityRecord.forTokenLocked(ActivityRecord.java:778)
12-14 02:20:24.155 W/ActivityManager( 1628): 	at com.android.server.am.ActivityRecord.isInStackLocked(ActivityRecord.java:2085)
12-14 02:20:24.155 W/ActivityManager( 1628): 	at com.android.server.am.ActivityManagerService.getActivityOptions(ActivityManagerService.java:13302)
12-14 02:20:24.155 W/ActivityManager( 1628): 	at android.app.IActivityManager$Stub.onTransact(IActivityManager.java:2910)
12-14 02:20:24.155 W/ActivityManager( 1628): 	at com.android.server.am.ActivityManagerService.onTransact(ActivityManagerService.java:2935)
12-14 02:20:24.155 W/ActivityManager( 1628): 	at android.os.Binder.execTransact(Binder.java:674)
12-14 02:20:24.214 I/chatty  ( 1728): uid=10028(u0_a28) RenderThread identical 7 lines
12-14 02:20:24.218 D/EGL_emulation( 1728): eglMakeCurrent: 0xa4221160: ver 3 0 (tinfo 0xa421bc60)
12-14 02:20:24.225 D/AndroidRuntime( 4089): Shutting down VM
--------- beginning of crash
12-14 02:20:24.227 E/AndroidRuntime( 4089): FATAL EXCEPTION: main
12-14 02:20:24.227 E/AndroidRuntime( 4089): Process: com.evancharlton.mileage, PID: 4089
12-14 02:20:24.227 E/AndroidRuntime( 4089): java.lang.RuntimeException: Unable to resume activity {com.evancharlton.mileage/com.evancharlton.mileage.Mileage}: java.lang.RuntimeException: Unable to resume activity {com.evancharlton.mileage/com.evancharlton.mileage.FillupActivity}: java.lang.NullPointerException: Attempt to invoke virtual method 'void android.widget.LinearLayout.removeAllViews()' on a null object reference
12-14 02:20:24.227 E/AndroidRuntime( 4089): 	at android.app.ActivityThread.performResumeActivity(ActivityThread.java:3645)
12-14 02:20:24.227 E/AndroidRuntime( 4089): 	at android.app.ActivityThread.handleResumeActivity(ActivityThread.java:3685)
12-14 02:20:24.227 E/AndroidRuntime( 4089): 	at android.app.ActivityThread.handleLaunchActivity(ActivityThread.java:2898)
12-14 02:20:24.227 E/AndroidRuntime( 4089): 	at android.app.ActivityThread.-wrap11(Unknown Source:0)
12-14 02:20:24.227 E/AndroidRuntime( 4089): 	at android.app.ActivityThread$H.handleMessage(ActivityThread.java:1593)
12-14 02:20:24.227 E/AndroidRuntime( 4089): 	at android.os.Handler.dispatchMessage(Handler.java:105)
12-14 02:20:24.227 E/AndroidRuntime( 4089): 	at android.os.Looper.loop(Looper.java:164)
12-14 02:20:24.227 E/AndroidRuntime( 4089): 	at android.app.ActivityThread.main(ActivityThread.java:6541)
12-14 02:20:24.227 E/AndroidRuntime( 4089): 	at java.lang.reflect.Method.invoke(Native Method)
12-14 02:20:24.227 E/AndroidRuntime( 4089): 	at com.android.internal.os.Zygote$MethodAndArgsCaller.run(Zygote.java:240)
12-14 02:20:24.227 E/AndroidRuntime( 4089): 	at com.android.internal.os.ZygoteInit.main(ZygoteInit.java:767)
12-14 02:20:24.227 E/AndroidRuntime( 4089): Caused by: java.lang.RuntimeException: Unable to resume activity {com.evancharlton.mileage/com.evancharlton.mileage.FillupActivity}: java.lang.NullPointerException: Attempt to invoke virtual method 'void android.widget.LinearLayout.removeAllViews()' on a null object reference
12-14 02:20:24.227 E/AndroidRuntime( 4089): 	at android.app.ActivityThread.performResumeActivity(ActivityThread.java:3645)
12-14 02:20:24.227 E/AndroidRuntime( 4089): 	at android.app.LocalActivityManager.moveToState(LocalActivityManager.java:179)
12-14 02:20:24.227 E/AndroidRuntime( 4089): 	at android.app.LocalActivityManager.dispatchResume(LocalActivityManager.java:524)
12-14 02:20:24.227 E/AndroidRuntime( 4089): 	at android.app.ActivityGroup.onResume(ActivityGroup.java:61)
12-14 02:20:24.227 E/AndroidRuntime( 4089): 	at android.app.Instrumentation.callActivityOnResume(Instrumentation.java:1354)
12-14 02:20:24.227 E/AndroidRuntime( 4089): 	at sh.calaba.instrumentationbackend.CalabashInstrumentation.callActivityOnResume(CalabashInstrumentation.java:80)
12-14 02:20:24.227 E/AndroidRuntime( 4089): 	at android.app.Activity.performResume(Activity.java:7079)
12-14 02:20:24.227 E/AndroidRuntime( 4089): 	at android.app.ActivityThread.performResumeActivity(ActivityThread.java:3620)
12-14 02:20:24.227 E/AndroidRuntime( 4089): 	... 10 more
12-14 02:20:24.227 E/AndroidRuntime( 4089): Caused by: java.lang.NullPointerException: Attempt to invoke virtual method 'void android.widget.LinearLayout.removeAllViews()' on a null object reference
12-14 02:20:24.227 E/AndroidRuntime( 4089): 	at com.evancharlton.mileage.FillupActivity.onResume(FillupActivity.java:96)
12-14 02:20:24.227 E/AndroidRuntime( 4089): 	at android.app.Instrumentation.callActivityOnResume(Instrumentation.java:1354)
12-14 02:20:24.227 E/AndroidRuntime( 4089): 	at sh.calaba.instrumentationbackend.CalabashInstrumentation.callActivityOnResume(CalabashInstrumentation.java:80)
12-14 02:20:24.227 E/AndroidRuntime( 4089): 	at android.app.Activity.performResume(Activity.java:7079)
12-14 02:20:24.227 E/AndroidRuntime( 4089): 	at android.app.ActivityThread.performResumeActivity(ActivityThread.java:3620)
12-14 02:20:24.227 E/AndroidRuntime( 4089): 	... 17 more
12-14 02:20:24.230 D/EGL_emulation( 1728): eglMakeCurrent: 0xa4221160: ver 3 0 (tinfo 0xa421bc60)
12-14 02:20:24.232 I/Process ( 4089): Sending signal. PID: 4089 SIG: 9
12-14 02:20:24.234 D/EGL_emulation( 1728): eglMakeCurrent: 0xa4221160: ver 3 0 (tinfo 0xa421bc60)
12-14 02:20:24.247 W/BroadcastQueue( 1628): Background execution not allowed: receiving Intent { act=android.intent.action.DROPBOX_ENTRY_ADDED flg=0x10 (has extras) } to com.google.android.gms/.stats.service.DropBoxEntryAddedReceiver
12-14 02:20:24.248 W/BroadcastQueue( 1628): Background execution not allowed: receiving Intent { act=android.intent.action.DROPBOX_ENTRY_ADDED flg=0x10 (has extras) } to com.google.android.gms/.chimera.GmsIntentOperationService$PersistentTrustedReceiver
12-14 02:20:24.250 D/EGL_emulation( 1728): eglMakeCurrent: 0xa4221160: ver 3 0 (tinfo 0xa421bc60)
12-14 02:20:24.252 I/ActivityManager( 1628): Process com.evancharlton.mileage (pid 4089) has died: fore TOP 
12-14 02:20:24.252 W/ActivityManager( 1628): Crash of app com.evancharlton.mileage running instrumentation ComponentInfo{com.evancharlton.mileage.test/sh.calaba.instrumentationbackend.CalabashInstrumentationTestRunner}
12-14 02:20:24.253 I/ActivityManager( 1628): Force stopping com.evancharlton.mileage appid=10342 user=0: finished inst
12-14 02:20:24.253 I/ActivityManager( 1628):   Force finishing activity ActivityRecord{ca018b u0 com.evancharlton.mileage/.Mileage t40}
12-14 02:20:24.256 E/adbd    ( 1383): failed to connect to socket 'tcp:7102': Connection refused
12-14 02:20:24.258 D/EGL_emulation( 1728): eglMakeCurrent: 0xa4221160: ver 3 0 (tinfo 0xa421bc60)
12-14 02:20:24.267 I/chatty  ( 1728): uid=10028(u0_a28) RenderThread identical 1 line
12-14 02:20:24.284 D/EGL_emulation( 1728): eglMakeCurrent: 0xa4221160: ver 3 0 (tinfo 0xa421bc60)
12-14 02:20:24.285 D/gralloc_ranchu( 1396): gralloc_alloc: Creating ashmem region of size 7753728
12-14 02:20:24.297 D/        ( 1628): HostConnection::get() New Host Connection established 0x92128480, tid 1752
12-14 02:20:24.299 D/EGL_emulation( 1728): eglMakeCurrent: 0xa4221160: ver 3 0 (tinfo 0xa421bc60)
12-14 02:20:24.315 I/ActivityManager( 1628):   Force finishing activity ActivityRecord{ca018b u0 com.evancharlton.mileage/.Mileage t40 f}
12-14 02:20:24.315 W/ActivityManager( 1628): Duplicate finish request for ActivityRecord{ca018b u0 com.evancharlton.mileage/.Mileage t40 f}
12-14 02:20:24.340 D/WindowManager( 1628): relayoutVisibleWindow: Window{d35c25b u0 com.google.android.apps.nexuslauncher/com.google.android.apps.nexuslauncher.NexusLauncherActivity EXITING} mAnimatingExit=true, mRemoveOnExit=false, mDestroying=false
12-14 02:20:24.326 D/EGL_emulation( 1728): eglMakeCurrent: 0xa4221160: ver 3 0 (tinfo 0xa421bc60)
12-14 02:20:24.360 D/gralloc_ranchu( 1396): gralloc_alloc: Creating ashmem region of size 8298496
12-14 02:20:24.364 W/Looper  ( 1628): Dispatch took 110ms on android.ui, h=Handler (com.android.server.am.ActivityManagerService$UiHandler) {77f45f4} cb=null msg=53
12-14 02:20:24.368 I/zygote  ( 1941): Deoptimizing bpsj bpto.o(bpsk) due to JIT inline cache
12-14 02:20:24.374 D/gralloc_ranchu( 1396): gralloc_alloc: Creating ashmem region of size 8298496
12-14 02:20:24.394 D/EGL_emulation( 1728): eglMakeCurrent: 0xa4221160: ver 3 0 (tinfo 0xa421bc60)
12-14 02:20:24.396 D/gralloc_ranchu( 1396): gralloc_alloc: Creating ashmem region of size 8298496
12-14 02:20:24.400 W/asset   ( 1728): Asset path /data/app/com.evancharlton.mileage-DWOgmlzEgiCVHTvdk3EktA==/base.apk is neither a directory nor file (type=1).
12-14 02:20:24.400 E/ResourcesManager( 1728): failed to add asset path /data/app/com.evancharlton.mileage-DWOgmlzEgiCVHTvdk3EktA==/base.apk
12-14 02:20:24.400 W/PackageManager( 1728): Failure retrieving resources for com.evancharlton.mileage
12-14 02:20:24.401 W/asset   ( 1728): Asset path /data/app/com.evancharlton.mileage-DWOgmlzEgiCVHTvdk3EktA==/base.apk is neither a directory nor file (type=1).
12-14 02:20:24.401 E/ResourcesManager( 1728): failed to add asset path /data/app/com.evancharlton.mileage-DWOgmlzEgiCVHTvdk3EktA==/base.apk
12-14 02:20:24.401 W/PackageManager( 1728): Failure retrieving resources for com.evancharlton.mileage
