12-14 01:16:43.913 D/EGL_emulation( 1726): eglMakeCurrent: 0xa9985120: ver 3 0 (tinfo 0xa9983370)
12-14 01:16:43.915 V/StatusBar( 1726): setLightsOn(true)
12-14 01:16:43.920 D/BoundBrokerSvc( 1948): onUnbind: Intent { act=com.google.android.gms.clearcut.bootcount.service.START cmp=com.google.android.gms/.chimera.PersistentBoundBrokerService }
12-14 01:16:43.920 D/EGL_emulation( 1726): eglMakeCurrent: 0xa9985120: ver 3 0 (tinfo 0xa9983370)
12-14 01:16:43.932 D/FillupsProvider( 3937): Creating database
12-14 01:16:43.957 D/EGL_emulation( 1726): eglMakeCurrent: 0xa9985120: ver 3 0 (tinfo 0xa9983370)
12-14 01:16:43.964 D/EGL_emulation( 1726): eglMakeCurrent: 0xa9985120: ver 3 0 (tinfo 0xa9983370)
12-14 01:16:43.976 I/zygote  ( 3937): Do partial code cache collection, code=29KB, data=21KB
12-14 01:16:43.976 I/zygote  ( 3937): After code cache collection, code=29KB, data=21KB
12-14 01:16:43.976 I/zygote  ( 3937): Increasing code cache capacity to 128KB
12-14 01:16:43.985 D/EGL_emulation( 1726): eglMakeCurrent: 0xa9985120: ver 3 0 (tinfo 0xa9983370)
12-14 01:16:44.056 W/ActivityManager( 1627): Bad activity token: android.os.BinderProxy@56b77d7
12-14 01:16:44.056 W/ActivityManager( 1627): java.lang.ClassCastException: android.os.BinderProxy cannot be cast to com.android.server.am.ActivityRecord$Token
12-14 01:16:44.056 W/ActivityManager( 1627): 	at com.android.server.am.ActivityRecord.forTokenLocked(ActivityRecord.java:778)
12-14 01:16:44.056 W/ActivityManager( 1627): 	at com.android.server.am.ActivityRecord.isInStackLocked(ActivityRecord.java:2085)
12-14 01:16:44.056 W/ActivityManager( 1627): 	at com.android.server.am.ActivityManagerService.getActivityOptions(ActivityManagerService.java:13302)
12-14 01:16:44.056 W/ActivityManager( 1627): 	at android.app.IActivityManager$Stub.onTransact(IActivityManager.java:2910)
12-14 01:16:44.056 W/ActivityManager( 1627): 	at com.android.server.am.ActivityManagerService.onTransact(ActivityManagerService.java:2935)
12-14 01:16:44.056 W/ActivityManager( 1627): 	at android.os.Binder.execTransact(Binder.java:674)
12-14 01:16:44.059 W/ActivityManager( 1627): Bad activity token: android.os.BinderProxy@56b77d7
12-14 01:16:44.059 W/ActivityManager( 1627): java.lang.ClassCastException: android.os.BinderProxy cannot be cast to com.android.server.am.ActivityRecord$Token
12-14 01:16:44.059 W/ActivityManager( 1627): 	at com.android.server.am.ActivityRecord.forTokenLocked(ActivityRecord.java:778)
12-14 01:16:44.059 W/ActivityManager( 1627): 	at com.android.server.am.ActivityRecord.isInStackLocked(ActivityRecord.java:2085)
12-14 01:16:44.059 W/ActivityManager( 1627): 	at com.android.server.am.ActivityManagerService.getActivityOptions(ActivityManagerService.java:13302)
12-14 01:16:44.059 W/ActivityManager( 1627): 	at android.app.IActivityManager$Stub.onTransact(IActivityManager.java:2910)
12-14 01:16:44.059 W/ActivityManager( 1627): 	at com.android.server.am.ActivityManagerService.onTransact(ActivityManagerService.java:2935)
12-14 01:16:44.059 W/ActivityManager( 1627): 	at android.os.Binder.execTransact(Binder.java:674)
12-14 01:16:44.071 I/chatty  ( 1726): uid=10028(u0_a28) RenderThread identical 10 lines
12-14 01:16:44.084 D/EGL_emulation( 1726): eglMakeCurrent: 0xa9985120: ver 3 0 (tinfo 0xa9983370)
12-14 01:16:44.147 V/StatusBar( 1726): setLightsOn(true)
12-14 01:16:44.190 I/zygote  ( 3937): Do partial code cache collection, code=44KB, data=58KB
12-14 01:16:44.192 I/zygote  ( 3937): After code cache collection, code=44KB, data=58KB
12-14 01:16:44.192 I/zygote  ( 3937): Increasing code cache capacity to 256KB
12-14 01:16:44.192 I/zygote  ( 3937): JIT allocated 71KB for compiled code of void android.widget.TextView.<init>(android.content.Context, android.util.AttributeSet, int, int)
12-14 01:16:44.192 I/zygote  ( 3937): Compiler allocated 4MB to compile void android.widget.TextView.<init>(android.content.Context, android.util.AttributeSet, int, int)
12-14 01:16:44.210 V/StatusBar( 1726): setLightsOn(true)
12-14 01:16:44.217 I/chatty  ( 1726): uid=10028(u0_a28) com.android.systemui identical 1 line
12-14 01:16:44.219 V/StatusBar( 1726): setLightsOn(true)
12-14 01:16:44.236 I/zygote  ( 3937): Do full code cache collection, code=124KB, data=67KB
12-14 01:16:44.237 I/zygote  ( 3937): After code cache collection, code=89KB, data=38KB
12-14 01:16:44.253 D/gralloc_ranchu( 1394): gralloc_alloc: Creating ashmem region of size 7753728
12-14 01:16:44.288 D/        ( 3937): HostConnection::get() New Host Connection established 0xa6db0d40, tid 3937
12-14 01:16:44.299 V/StatusBar( 1726): setLightsOn(true)
12-14 01:16:44.348 I/chatty  ( 1726): uid=10028(u0_a28) com.android.systemui identical 1 line
12-14 01:16:44.351 V/StatusBar( 1726): setLightsOn(true)
12-14 01:16:44.353 I/ActivityManager( 1627): Displayed com.evancharlton.mileage/.Mileage: +579ms
12-14 01:16:44.356 V/StatusBar( 1726): setLightsOn(true)
12-14 01:16:44.382 V/StatusBar( 1726): setLightsOn(true)
12-14 01:16:44.384 D/gralloc_ranchu( 1394): gralloc_alloc: Creating ashmem region of size 7753728
12-14 01:16:44.546 V/StatusBar( 1726): setLightsOn(true)
12-14 01:16:44.600 I/chatty  ( 1726): uid=10028(u0_a28) com.android.systemui identical 2 lines
12-14 01:16:44.609 V/StatusBar( 1726): setLightsOn(true)
12-14 01:16:44.638 I/System.out( 3937): URI: //map
12-14 01:16:44.638 I/System.out( 3937): params: {json={"query":"android.widget.Button index:2","operation":{"method_name":"query","arguments":[]}}
12-14 01:16:44.639 I/System.out( 3937): }
12-14 01:16:44.642 W/SurfaceFlinger( 1415): couldn't log to binary event log: overflow.
12-14 01:16:44.642 W/SurfaceFlinger( 1415): couldn't log to binary event log: overflow.
12-14 01:16:44.716 I/PBSessionCacheImpl( 2150): Deleted sessionId[6406990602142] from persistence.
12-14 01:16:44.745 W/SearchService( 2150): Abort, client detached.
12-14 01:16:44.750 E/WorkerRegistryImpl( 2150): getWorker() is called after WorkerRegistry disposal.
12-14 01:16:44.750 E/WorkerRegistryImpl( 2150): getWorker() is called after WorkerRegistry disposal.
12-14 01:16:44.791 I/System.out( 3937): URI: //gesture
12-14 01:16:44.792 I/System.out( 3937): params: {json={"query_timeout":5.0,"gestures":[{"query_string":"android.widget.Button index:2","touches":[{"x":50,"y":50,"offset_x":0,"offset_y":0,"wait":0.0,"time":0.2,"release":true,"query_string":null}]}]}
12-14 01:16:44.792 I/System.out( 3937): }
12-14 01:16:44.889 I/zygote  ( 3937): Do partial code cache collection, code=116KB, data=61KB
12-14 01:16:44.889 I/zygote  ( 3937): After code cache collection, code=116KB, data=61KB
12-14 01:16:44.890 I/zygote  ( 3937): Increasing code cache capacity to 512KB
12-14 01:16:45.075 I/AudioTrack( 1627): AUDIO_OUTPUT_FLAG_FAST successful; frameCount 4512 -> 4512
12-14 01:16:45.097 W/Nearby  ( 1948): Failed attempt #3 out of 3 for RestoreDeviceName [CONTEXT service_id=49 ]
12-14 01:16:45.097 W/Nearby  ( 1948): java.lang.IllegalStateException: BluetoothAdapter not ready yet!
12-14 01:16:45.097 W/Nearby  ( 1948): 	at alhd.g(:com.google.android.gms@204713022@20.47.13 (040700-344095733):2)
12-14 01:16:45.097 W/Nearby  ( 1948): 	at alhc.run(Unknown Source:0)
12-14 01:16:45.097 W/Nearby  ( 1948): 	at bznt.call(Unknown Source:0)
12-14 01:16:45.097 W/Nearby  ( 1948): 	at bzny.b(:com.google.android.gms@204713022@20.47.13 (040700-344095733):2)
12-14 01:16:45.097 W/Nearby  ( 1948): 	at bzny.a(:com.google.android.gms@204713022@20.47.13 (040700-344095733):0)
12-14 01:16:45.097 W/Nearby  ( 1948): 	at alhb.run(Unknown Source:2)
12-14 01:16:45.097 W/Nearby  ( 1948): 	at java.lang.Thread.run(Thread.java:764)
12-14 01:16:45.097 W/Nearby  ( 1948): 	at tly.run(Unknown Source:5)
12-14 01:16:45.097 W/Nearby  ( 1948): 	at java.util.concurrent.ThreadPoolExecutor.runWorker(ThreadPoolExecutor.java:1162)
12-14 01:16:45.097 W/Nearby  ( 1948): 	at java.util.concurrent.ThreadPoolExecutor$Worker.run(ThreadPoolExecutor.java:636)
12-14 01:16:45.097 W/Nearby  ( 1948): 	at trx.run(:com.google.android.gms@204713022@20.47.13 (040700-344095733):0)
12-14 01:16:45.097 W/Nearby  ( 1948): 	at java.lang.Thread.run(Thread.java:764)
12-14 01:16:45.150 V/StatusBar( 1726): setLightsOn(true)
12-14 01:16:45.152 I/chatty  ( 1726): uid=10028(u0_a28) com.android.systemui identical 1 line
12-14 01:16:45.154 V/StatusBar( 1726): setLightsOn(true)
12-14 01:16:45.170 W/View    ( 3937): dispatchProvideAutofillStructure(): not laid out, ignoring
12-14 01:16:45.181 W/Binder  ( 1627): Outgoing transactions from this process must be FLAG_ONEWAY
12-14 01:16:45.181 W/Binder  ( 1627): java.lang.Throwable
12-14 01:16:45.181 W/Binder  ( 1627): 	at android.os.BinderProxy.transact(Binder.java:736)
12-14 01:16:45.181 W/Binder  ( 1627): 	at android.app.assist.AssistStructure$ParcelTransferReader.fetchData(AssistStructure.java:407)
12-14 01:16:45.181 W/Binder  ( 1627): 	at android.app.assist.AssistStructure$ParcelTransferReader.go(AssistStructure.java:343)
12-14 01:16:45.181 W/Binder  ( 1627): 	at android.app.assist.AssistStructure.ensureData(AssistStructure.java:2096)
12-14 01:16:45.181 W/Binder  ( 1627): 	at com.android.server.autofill.Session$1.send(Session.java:200)
12-14 01:16:45.181 W/Binder  ( 1627): 	at com.android.server.am.ActivityManagerService.reportAssistContextExtras(ActivityManagerService.java:13137)
12-14 01:16:45.181 W/Binder  ( 1627): 	at android.app.IActivityManager$Stub.onTransact(IActivityManager.java:2466)
12-14 01:16:45.181 W/Binder  ( 1627): 	at com.android.server.am.ActivityManagerService.onTransact(ActivityManagerService.java:2935)
12-14 01:16:45.181 W/Binder  ( 1627): 	at android.os.Binder.execTransact(Binder.java:674)
12-14 01:16:45.185 I/AssistStructure( 3937): Flattened final assist data: 5024 bytes, containing 2 windows, 19 views
12-14 01:16:45.191 D/gralloc_ranchu( 1394): gralloc_alloc: Creating ashmem region of size 303104
12-14 01:16:45.202 V/StatusBar( 1726): setLightsOn(true)
12-14 01:16:45.204 I/chatty  ( 1726): uid=10028(u0_a28) com.android.systemui identical 1 line
12-14 01:16:45.210 V/StatusBar( 1726): setLightsOn(true)
12-14 01:16:45.703 W/audio_hw_generic( 1388): Not supplying enough data to HAL, expected position 23543 , only wrote 1440
12-14 01:16:45.704 W/audio_hw_generic( 1388): Not supplying enough data to HAL, expected position 1466 , only wrote 1440
12-14 01:16:45.706 W/AudioFlinger( 1475): write blocked for 493 msecs, 1 delayed writes, thread 0xb0803b80
12-14 01:16:45.727 V/StatusBar( 1726): setLightsOn(true)
12-14 01:16:45.735 D/AudioFlinger( 1475): mixer(0xb0803b80) throttle end: throttle time(10)
12-14 01:16:45.796 D/gralloc_ranchu( 1394): gralloc_alloc: Creating ashmem region of size 7753728
12-14 01:16:45.801 I/AssistStructure( 1627): Flattened final assist data: 4496 bytes, containing 2 windows, 19 views
12-14 01:16:45.816 W/lgq     ( 1948): Pending fill request while another request in the same session was triggered. [CONTEXT service_id=177 ]
12-14 01:16:45.834 E/SurfaceFlinger( 1415): ro.sf.lcd_density must be defined as a build property
12-14 01:16:45.836 D/PermissionCache( 1415): checking android.permission.READ_FRAME_BUFFER for uid=2000 => granted (211 us)
12-14 01:16:45.862 D/gralloc_ranchu( 1394): gralloc_alloc: Creating ashmem region of size 8298496
12-14 01:16:45.884 D/        ( 3983): HostConnection::get() New Host Connection established 0xa79af800, tid 3983
12-14 01:16:46.142 I/zygote  ( 1948): Background concurrent copying GC freed 88400(5MB) AllocSpace objects, 7(164KB) LOS objects, 42% free, 7MB/13MB, paused 852us total 221.920ms
12-14 01:16:46.303 D/BoundBrokerSvc( 1948): onUnbind: Intent { act=com.google.android.gms.auth.account.workaccount.START cmp=com.google.android.gms/.chimera.PersistentApiService }
12-14 01:16:46.312 I/zygote  ( 1948): Deoptimizing void tma.c(java.lang.Runnable) due to JIT inline cache
