--------- beginning of main
12-14 01:17:18.254 E/adbd    ( 1382): failed to connect to socket 'tcp:7102': Connection refused
--------- beginning of system
12-14 01:17:18.311 W/ActivityManager( 1627): Finishing task with all activities already finished
12-14 01:17:18.311 W/ActivityManager( 1627): Duplicate finish request for ActivityRecord{e53b70d u0 com.evancharlton.mileage/.Mileage t707 f}
12-14 01:17:18.312 V/StatusBar( 1726): setLightsOn(true)
12-14 01:17:18.312 W/ActivityManager( 1627): Finishing task with all activities already finished
12-14 01:17:18.312 W/ActivityManager( 1627): Duplicate finish request for ActivityRecord{e53b70d u0 com.evancharlton.mileage/.Mileage t707 f}
12-14 01:17:18.313 W/ActivityManager( 1627): Finishing task with all activities already finished
12-14 01:17:18.313 W/ActivityManager( 1627): Duplicate finish request for ActivityRecord{e53b70d u0 com.evancharlton.mileage/.Mileage t707 f}
12-14 01:17:18.313 W/ActivityManager( 1627): Finishing task with all activities already finished
12-14 01:17:18.313 W/ActivityManager( 1627): Duplicate finish request for ActivityRecord{e53b70d u0 com.evancharlton.mileage/.Mileage t707 f}
12-14 01:17:18.314 W/ActivityManager( 1627): Finishing task with all activities already finished
12-14 01:17:18.314 W/ActivityManager( 1627): Duplicate finish request for ActivityRecord{e53b70d u0 com.evancharlton.mileage/.Mileage t707 f}
12-14 01:17:18.314 W/ActivityManager( 1627): Finishing task with all activities already finished
12-14 01:17:18.314 W/ActivityManager( 1627): Duplicate finish request for ActivityRecord{e53b70d u0 com.evancharlton.mileage/.Mileage t707 f}
12-14 01:17:18.315 W/ActivityManager( 1627): Finishing task with all activities already finished
12-14 01:17:18.315 W/ActivityManager( 1627): Duplicate finish request for ActivityRecord{e53b70d u0 com.evancharlton.mileage/.Mileage t707 f}
12-14 01:17:18.315 W/ActivityManager( 1627): Finishing task with all activities already finished
12-14 01:17:18.315 W/ActivityManager( 1627): Duplicate finish request for ActivityRecord{e53b70d u0 com.evancharlton.mileage/.Mileage t707 f}
12-14 01:17:18.325 V/StatusBar( 1726): setLightsOn(true)
12-14 01:17:18.336 W/ActivityManager( 1627): Finishing task with all activities already finished
12-14 01:17:18.336 W/ActivityManager( 1627): Duplicate finish request for ActivityRecord{e53b70d u0 com.evancharlton.mileage/.Mileage t707 f}
12-14 01:17:18.338 W/audio_hw_generic( 1388): Not supplying enough data to HAL, expected position 838383 , only wrote 598320
12-14 01:17:18.338 V/StatusBar( 1726): setLightsOn(true)
12-14 01:17:18.342 E/memtrack( 1627): Couldn't load memtrack module
12-14 01:17:18.342 W/android.os.Debug( 1627): failed to get memory consumption info: -1
12-14 01:17:18.345 W/ActivityManager( 1627): Finishing task with all activities already finished
12-14 01:17:18.345 W/ActivityManager( 1627): Duplicate finish request for ActivityRecord{e53b70d u0 com.evancharlton.mileage/.Mileage t707 f}
12-14 01:17:18.350 I/zygote  ( 2192): Do full code cache collection, code=125KB, data=84KB
12-14 01:17:18.352 D/gralloc_ranchu( 1394): gralloc_alloc: Creating ashmem region of size 8298496
12-14 01:17:18.353 I/zygote  ( 2192): After code cache collection, code=117KB, data=71KB
12-14 01:17:18.355 V/StatusBar( 1726): setLightsOn(true)
12-14 01:17:18.356 W/ActivityManager( 1627): Finishing task with all activities already finished
12-14 01:17:18.356 W/ActivityManager( 1627): Duplicate finish request for ActivityRecord{e53b70d u0 com.evancharlton.mileage/.Mileage t707 f}
12-14 01:17:18.369 I/NetworkScheduler.Stats( 1948): Task com.google.android.gms/com.google.android.gms.ads.social.GcmSchedulerWakeupService started execution. cause:4 exec_start_elapsed_seconds: 90 [CONTEXT service_id=218 ]
12-14 01:17:18.373 D/gralloc_ranchu( 1394): gralloc_alloc: Creating ashmem region of size 8298496
12-14 01:17:18.381 I/NetworkScheduler.Stats( 1948): Task com.google.android.gms/com.google.android.gms.icing.service.IcingGcmTaskService finished executing. cause:4 result: 1 elapsed_millis: 255 uptime_millis: 255 exec_start_elapsed_seconds: 90 [CONTEXT service_id=218 ]
12-14 01:17:18.417 D/gralloc_ranchu( 1394): gralloc_alloc: Creating ashmem region of size 8298496
12-14 01:17:18.447 I/Finsky  ( 2556): [115] nmi.run(36): Stats for Executor: bgExecutor non@8b98f4[Running, pool size = 4, active threads = 0, queued tasks = 0, completed tasks = 76]
12-14 01:17:18.506 D/SurfaceFlinger( 1415): duplicate layer name: changing com.google.android.apps.nexuslauncher/com.google.android.apps.nexuslauncher.NexusLauncherActivity to com.google.android.apps.nexuslauncher/com.google.android.apps.nexuslauncher.NexusLauncherActivity#1
12-14 01:17:18.518 D/gralloc_ranchu( 1394): gralloc_alloc: Creating ashmem region of size 8298496
12-14 01:17:18.607 D/EGL_emulation( 1726): eglMakeCurrent: 0xa9985120: ver 3 0 (tinfo 0xa9983370)
12-14 01:17:18.610 D/gralloc_ranchu( 1394): gralloc_alloc: Creating ashmem region of size 8298496
12-14 01:17:18.668 D/gralloc_ranchu( 1394): gralloc_alloc: Creating ashmem region of size 8298496
12-14 01:17:18.671 I/NetworkScheduler.Stats( 1948): Task com.google.android.gms/com.google.android.gms.clearcut.uploader.QosUploaderService started execution. cause:5 exec_start_elapsed_seconds: 90 [CONTEXT service_id=218 ]
12-14 01:17:18.704 I/NetworkScheduler.Stats( 1948): Task com.google.android.gms/com.google.android.gms.ads.social.GcmSchedulerWakeupService finished executing. cause:4 result: 1 elapsed_millis: 413 uptime_millis: 413 exec_start_elapsed_seconds: 90 [CONTEXT service_id=218 ]
12-14 01:17:18.745 D/gralloc_ranchu( 1394): gralloc_alloc: Creating ashmem region of size 8298496
12-14 01:17:18.810 I/NetworkScheduler.Stats( 1948): Task com.google.android.gms/com.google.android.gms.clearcut.uploader.QosUploaderService finished executing. cause:5 result: 1 elapsed_millis: 284 uptime_millis: 284 exec_start_elapsed_seconds: 90 [CONTEXT service_id=218 ]
12-14 01:17:18.842 D/EGL_emulation( 2150): eglMakeCurrent: 0xa9985840: ver 3 0 (tinfo 0xa99835b0)
12-14 01:17:18.855 D/gralloc_ranchu( 1394): gralloc_alloc: Creating ashmem region of size 8298496
12-14 01:17:18.928 D/gralloc_ranchu( 1394): gralloc_alloc: Creating ashmem region of size 8298496
12-14 01:17:19.025 D/EGL_emulation( 2192): eglMakeCurrent: 0xa9985540: ver 3 0 (tinfo 0xa9983290)
12-14 01:17:19.039 D/gralloc_ranchu( 1394): gralloc_alloc: Creating ashmem region of size 8298496
12-14 01:17:19.048 W/ActivityManager( 1627): Unable to start service Intent { act=com.google.android.gms.speech.service.START pkg=com.google.android.gms } U=0: not found
12-14 01:17:19.049 W/ActivityManager( 1627): Unbind failed: could not find connection for android.os.BinderProxy@b76e954
12-14 01:17:19.049 E/GmsClient( 2150): unable to connect to service: com.google.android.gms.speech.service.START on com.google.android.gms
12-14 01:17:19.051 W/SessionLifecycleManager( 2150): Handover failed. Creating new session controller.
12-14 01:17:19.056 I/OptInState( 2150): There is a new client and it does not support opt-in. Dropping request.
12-14 01:17:19.107 I/MicroDetectionWorker( 2150): #updateMicroDetector [detectionMode: [mDetectionMode: [1]]]
12-14 01:17:19.107 I/MicroDetectionWorker( 2150): #startMicroDetector [speakerMode: 0]
12-14 01:17:19.108 I/AudioController( 2150): Using mInputStreamFactoryBuilder
12-14 01:17:19.140 D/gralloc_ranchu( 1394): gralloc_alloc: Creating ashmem region of size 7753728
12-14 01:17:19.143 I/zygote  ( 2150): Do partial code cache collection, code=502KB, data=318KB
12-14 01:17:19.144 I/zygote  ( 2150): After code cache collection, code=502KB, data=318KB
12-14 01:17:19.144 I/zygote  ( 2150): Increasing code cache capacity to 2MB
12-14 01:17:19.177 I/MicroDetectionWorker( 2150): onReady
12-14 01:17:19.197 D/EGL_emulation( 1726): eglMakeCurrent: 0xa9985120: ver 3 0 (tinfo 0xa9983370)
12-14 01:17:19.206 I/MicroRecognitionRunner( 2150): Starting detection.
12-14 01:17:19.226 I/MicrophoneInputStream( 2150): mic_starting com.google.android.apps.gsa.staticplugins.aa.c@a45ea3a
12-14 01:17:19.238 D/EGL_emulation( 1726): eglMakeCurrent: 0xa9985120: ver 3 0 (tinfo 0xa9983370)
12-14 01:17:19.238 I/MicrophoneInputStream( 2150): mic_started com.google.android.apps.gsa.staticplugins.aa.c@a45ea3a
12-14 01:17:19.238 E/ActivityThread( 2150): Failed to find provider info for com.google.android.apps.gsa.testing.ui.audio.recorded
12-14 01:17:19.240 I/MicroDetectionWorker( 2150): onReady
12-14 01:17:19.243 D/EGL_emulation( 1726): eglMakeCurrent: 0xa9985120: ver 3 0 (tinfo 0xa9983370)
12-14 01:17:19.249 W/SpeechLevelGenerator( 2150): Really low audio levels detected. The audio input may have issues.
12-14 01:17:19.253 D/EGL_emulation( 1726): eglMakeCurrent: 0xa9985120: ver 3 0 (tinfo 0xa9983370)
12-14 01:17:19.254 I/MicrophoneInputStream( 2150): mic_close com.google.android.apps.gsa.staticplugins.aa.c@a45ea3a
12-14 01:17:19.256 I/MicroRecognitionRunner( 2150): Detection finished
12-14 01:17:19.257 W/ErrorReporter( 2150): reportError [type: 211, code: 524300]: Error reading from input stream
12-14 01:17:19.259 I/MicroRecognitionRunner( 2150): Stopping hotword detection.
12-14 01:17:19.261 W/ErrorProcessor( 2150): onFatalError, processing error from engine(4)
12-14 01:17:19.261 W/ErrorProcessor( 2150): com.google.android.apps.gsa.shared.speech.b.g: Error reading from input stream
12-14 01:17:19.261 W/ErrorProcessor( 2150): 	at com.google.android.apps.gsa.staticplugins.recognizer.j.a.a(SourceFile:28)
12-14 01:17:19.261 W/ErrorProcessor( 2150): 	at com.google.android.apps.gsa.staticplugins.recognizer.j.b.run(SourceFile:15)
12-14 01:17:19.261 W/ErrorProcessor( 2150): 	at java.util.concurrent.Executors$RunnableAdapter.call(Executors.java:457)
12-14 01:17:19.261 W/ErrorProcessor( 2150): 	at java.util.concurrent.FutureTask.run(FutureTask.java:266)
12-14 01:17:19.261 W/ErrorProcessor( 2150): 	at com.google.android.apps.gsa.shared.util.concurrent.a.ax.run(SourceFile:14)
12-14 01:17:19.261 W/ErrorProcessor( 2150): 	at com.google.android.apps.gsa.shared.util.concurrent.a.bl.run(SourceFile:4)
12-14 01:17:19.261 W/ErrorProcessor( 2150): 	at com.google.android.apps.gsa.shared.util.concurrent.a.bl.run(SourceFile:4)
12-14 01:17:19.261 W/ErrorProcessor( 2150): 	at java.util.concurrent.ThreadPoolExecutor.runWorker(ThreadPoolExecutor.java:1162)
12-14 01:17:19.261 W/ErrorProcessor( 2150): 	at java.util.concurrent.ThreadPoolExecutor$Worker.run(ThreadPoolExecutor.java:636)
12-14 01:17:19.261 W/ErrorProcessor( 2150): 	at java.lang.Thread.run(Thread.java:764)
12-14 01:17:19.261 W/ErrorProcessor( 2150): 	at com.google.android.apps.gsa.shared.util.concurrent.a.ai.run(SourceFile:6)
12-14 01:17:19.261 W/ErrorProcessor( 2150): Caused by: com.google.android.apps.gsa.shared.exception.GsaIOException: Error code: 393238 | Buffer overflow, no available space.
12-14 01:17:19.261 W/ErrorProcessor( 2150): 	at com.google.android.apps.gsa.speech.audio.Tee.f(SourceFile:103)
12-14 01:17:19.261 W/ErrorProcessor( 2150): 	at com.google.android.apps.gsa.speech.audio.au.read(SourceFile:2)
12-14 01:17:19.261 W/ErrorProcessor( 2150): 	at java.io.InputStream.read(InputStream.java:101)
12-14 01:17:19.261 W/ErrorProcessor( 2150): 	at com.google.android.apps.gsa.speech.audio.ao.run(SourceFile:18)
12-14 01:17:19.261 W/ErrorProcessor( 2150): 	at com.google.android.apps.gsa.speech.audio.an.run(SourceFile:2)
12-14 01:17:19.261 W/ErrorProcessor( 2150): 	... 9 more
12-14 01:17:19.261 I/AudioController( 2150): internalShutdown
12-14 01:17:19.262 I/AudioFlinger( 1475): AudioFlinger's thread 0xae618900 tid=4538 ready to run
12-14 01:17:19.266 I/MicroDetector( 2150): Keeping mic open: false
12-14 01:17:19.266 I/MicroDetectionWorker( 2150): #onError(false)
12-14 01:17:19.266 I/DeviceStateChecker( 2150): DeviceStateChecker cancelled
12-14 01:17:19.269 D/EGL_emulation( 1726): eglMakeCurrent: 0xa9985120: ver 3 0 (tinfo 0xa9983370)
12-14 01:17:19.311 I/chatty  ( 1726): uid=10028(u0_a28) RenderThread identical 4 lines
12-14 01:17:19.319 D/EGL_emulation( 1726): eglMakeCurrent: 0xa9985120: ver 3 0 (tinfo 0xa9983370)
12-14 01:17:19.321 I/zygote  ( 1726): NativeAllocBackground concurrent copying GC freed 10802(712KB) AllocSpace objects, 0(0B) LOS objects, 50% free, 4MB/9MB, paused 18.282ms total 117.934ms
12-14 01:17:19.325 D/EGL_emulation( 1726): eglMakeCurrent: 0xa9985120: ver 3 0 (tinfo 0xa9983370)
12-14 01:17:19.358 I/chatty  ( 1726): uid=10028(u0_a28) RenderThread identical 4 lines
12-14 01:17:19.368 D/EGL_emulation( 1726): eglMakeCurrent: 0xa9985120: ver 3 0 (tinfo 0xa9983370)
12-14 01:17:19.377 W/OpenGLRenderer( 2192): Incorrectly called buildLayer on View: ShortcutAndWidgetContainer, destroying layer...
12-14 01:17:19.380 D/EGL_emulation( 1726): eglMakeCurrent: 0xa9985120: ver 3 0 (tinfo 0xa9983370)
12-14 01:17:19.382 D/gralloc_ranchu( 1394): gralloc_alloc: Creating ashmem region of size 8298496
12-14 01:17:19.397 D/EGL_emulation( 1726): eglMakeCurrent: 0xa9985120: ver 3 0 (tinfo 0xa9983370)
12-14 01:17:19.435 I/chatty  ( 1726): uid=10028(u0_a28) RenderThread identical 4 lines
12-14 01:17:19.449 D/EGL_emulation( 1726): eglMakeCurrent: 0xa9985120: ver 3 0 (tinfo 0xa9983370)
12-14 01:17:19.478 D/AndroidRuntime( 4532): >>>>>> START com.android.internal.os.RuntimeInit uid 2000 <<<<<<
12-14 01:17:19.538 W/app_process( 4532): Unexpected CPU variant for X86 using defaults: x86
12-14 01:17:19.564 D/AndroidRuntime( 4532): Calling main entry com.android.commands.am.Am
12-14 01:17:19.566 I/ActivityManager( 1627): Force stopping com.evancharlton.mileage appid=10276 user=0: start instr
12-14 01:17:19.566 I/ActivityManager( 1627): Killing 4443:com.evancharlton.mileage/u0a276 (adj 0): stop com.evancharlton.mileage
12-14 01:17:19.568 W/ActivityManager( 1627): Crash of app com.evancharlton.mileage running instrumentation ComponentInfo{com.evancharlton.mileage.test/sh.calaba.instrumentationbackend.CalabashInstrumentationTestRunner}
12-14 01:17:19.568 I/ActivityManager( 1627): Force stopping com.evancharlton.mileage appid=10276 user=0: finished inst
12-14 01:17:19.582 I/ActivityManager( 1627): Start proc 4547:com.evancharlton.mileage/u0a276 for added application com.evancharlton.mileage
12-14 01:17:19.584 I/zygote  ( 4547): Not late-enabling -Xcheck:jni (already on)
12-14 01:17:19.585 D/AndroidRuntime( 4532): Shutting down VM
12-14 01:17:19.586 W/ActivityManager( 1627): setHasOverlayUi called on unknown pid: 4443
12-14 01:17:19.603 W/zygote  ( 4547): Unexpected CPU variant for X86 using defaults: x86
12-14 01:17:19.606 I/OpenGLRenderer( 1627): Initialized EGL, version 1.4
12-14 01:17:19.606 D/OpenGLRenderer( 1627): Swap behavior 1
12-14 01:17:19.606 W/OpenGLRenderer( 1627): Failed to choose config with EGL_SWAP_BEHAVIOR_PRESERVED, retrying without...
12-14 01:17:19.606 D/OpenGLRenderer( 1627): Swap behavior 0
12-14 01:17:19.613 D/EGL_emulation( 1627): eglCreateContext: 0x93225660: maj 3 min 0 rcv 3
12-14 01:17:19.615 D/EGL_emulation( 1627): eglMakeCurrent: 0x93225660: ver 3 0 (tinfo 0x938cc0f0)
12-14 01:17:19.618 E/eglCodecCommon( 1627): glUtilsParamSize: unknow param 0x00008cdf
12-14 01:17:19.619 E/eglCodecCommon( 1627): glUtilsParamSize: unknow param 0x00008cdf
12-14 01:17:19.619 E/eglCodecCommon( 1627): glUtilsParamSize: unknow param 0x00008824
12-14 01:17:19.619 E/eglCodecCommon( 1627): glUtilsParamSize: unknow param 0x00008824
12-14 01:17:19.635 W/zygote  ( 4547): Found duplicate classes, falling back to extracting from APK : /data/app/com.evancharlton.mileage.test-YccQ5BCxjZRDB-jYhw1azw==/base.apk
12-14 01:17:19.635 W/zygote  ( 4547): NOTE: This wastes RAM and hurts startup performance.
12-14 01:17:19.635 W/zygote  ( 4547): Found duplicated class when checking oat files: 'Ljunit/runner/BaseTestRunner;' in /data/app/com.evancharlton.mileage.test-YccQ5BCxjZRDB-jYhw1azw==/base.apk and /system/framework/android.test.runner.jar
12-14 01:17:19.635 W/zygote  ( 4547): 
12-14 01:17:19.644 E/adbd    ( 1382): failed to connect to socket 'tcp:7102': Connection refused
12-14 01:17:19.647 E/adbd    ( 1382): failed to connect to socket 'tcp:7102': Connection refused
12-14 01:17:19.687 W/System  ( 4547): ClassLoader referenced unknown path: 
12-14 01:17:19.702 I/System.out( 4547): Main activity name automatically set to: com.evancharlton.mileage.Mileage
12-14 01:17:19.703 I/System.out( 4547): Calabash did not load Mono. This is only a problem if you are trying to test a Mono application
12-14 01:17:19.703 I/calabash( 4547): Test server port: 7102
12-14 01:17:19.704 I/InstrumentationBackend( 4547): Added:'GetPreferences', with key:'get_preferences'
12-14 01:17:19.762 E/adbd    ( 1382): failed to connect to socket 'tcp:7102': Connection refused
12-14 01:17:19.764 E/adbd    ( 1382): failed to connect to socket 'tcp:7102': Connection refused
12-14 01:17:19.769 I/InstrumentationBackend( 4547): Added:'SetPreferences', with key:'set_preferences'
12-14 01:17:19.769 I/InstrumentationBackend( 4547): Added:'ClearPreferences', with key:'clear_preferences'
12-14 01:17:19.769 I/InstrumentationBackend( 4547): Added:'PressElement', with key:'press_l10n_element'
12-14 01:17:19.770 I/InstrumentationBackend( 4547): Added:'WaitForElement', with key:'wait_for_l10n_element'
12-14 01:17:19.770 I/InstrumentationBackend( 4547): Added:'NullAction', with key:'nullAction'
12-14 01:17:19.771 I/InstrumentationBackend( 4547): Added:'PressKey', with key:'press_key'
12-14 01:17:19.771 I/InstrumentationBackend( 4547): Added:'SetActivityOrientation', with key:'set_activity_orientation'
12-14 01:17:19.771 I/InstrumentationBackend( 4547): Added:'GetActivityOrientation', with key:'get_activity_orientation'
12-14 01:17:19.772 I/InstrumentationBackend( 4547): Added:'FakeGPSLocation', with key:'set_gps_coordinates'
12-14 01:17:19.772 I/InstrumentationBackend( 4547): Added:'SetPropertyByCssSelector', with key:'set_property_by_css_selector'
12-14 01:17:19.774 I/InstrumentationBackend( 4547): Added:'GetUrl', with key:'get_url'
12-14 01:17:19.776 I/InstrumentationBackend( 4547): Added:'ScrollTo', with key:'scroll_to'
12-14 01:17:19.776 I/InstrumentationBackend( 4547): Added:'GetLoadProgress', with key:'get_load_progress'
12-14 01:17:19.777 I/InstrumentationBackend( 4547): Added:'DumpHtml', with key:'dump_html'
12-14 01:17:19.777 I/InstrumentationBackend( 4547): Added:'DumpBodyHtml', with key:'dump_body_html'
12-14 01:17:19.777 I/InstrumentationBackend( 4547): Added:'EnterTextByCssSelector', with key:'enter_text_by_selector'
12-14 01:17:19.781 I/InstrumentationBackend( 4547): Added:'AndroidSDKVersion', with key:'android_sdk_version'
12-14 01:17:19.781 I/InstrumentationBackend( 4547): Added:'Version', with key:'version'
12-14 01:17:19.781 I/InstrumentationBackend( 4547): Added:'Drag', with key:'drag'
12-14 01:17:19.781 I/InstrumentationBackend( 4547): Added:'TouchCoordinates', with key:'touch_coordinate'
12-14 01:17:19.782 I/InstrumentationBackend( 4547): Added:'LongPressCoordinate', with key:'long_press_coordinate'
12-14 01:17:19.782 I/InstrumentationBackend( 4547): Added:'DragCoordinates', with key:'drag_coordinates'
12-14 01:17:19.782 I/InstrumentationBackend( 4547): Added:'ResumeApplication', with key:'resume_application'
12-14 01:17:19.784 I/InstrumentationBackend( 4547): Added:'Swipe', with key:'swipe'
12-14 01:17:19.785 I/InstrumentationBackend( 4547): Added:'DoubleTapCoordinate', with key:'double_tap_coordinate'
12-14 01:17:19.785 I/InstrumentationBackend( 4547): Added:'ClickOnScreen', with key:'click_on_screen'
12-14 01:17:19.786 I/InstrumentationBackend( 4547): Added:'GetActivityName', with key:'get_activity_name'
12-14 01:17:19.786 I/InstrumentationBackend( 4547): Added:'ScrollToView', with key:'scroll_to_view'
12-14 01:17:19.786 I/InstrumentationBackend( 4547): Added:'ViewConfiguration', with key:'view_configuration'
12-14 01:17:19.787 I/InstrumentationBackend( 4547): Added:'IsCurrentActivityFocused', with key:'is_current_activity_focused'
12-14 01:17:19.787 I/InstrumentationBackend( 4547): Added:'SendTcp', with key:'send_tcp'
12-14 01:17:19.787 I/InstrumentationBackend( 4547): Added:'DpToDevicePixel', with key:'dp_to_device_pixel'
12-14 01:17:19.788 I/InstrumentationBackend( 4547): Added:'KeyboardEnterText', with key:'keyboard_enter_text'
12-14 01:17:19.789 I/InstrumentationBackend( 4547): Added:'DeleteSurroundingText', with key:'delete_surrounding_text'
12-14 01:17:19.789 I/InstrumentationBackend( 4547): Added:'SetComposingRegion', with key:'set_composing_region'
12-14 01:17:19.789 I/InstrumentationBackend( 4547): Added:'SetSelection', with key:'set_selection'
12-14 01:17:19.790 I/InstrumentationBackend( 4547): Added:'KeyboardKeyEvent', with key:'keyboard_key_event'
12-14 01:17:19.790 I/InstrumentationBackend( 4547): Added:'PressUserActionButton', with key:'press_user_action_button'
12-14 01:17:19.791 I/InstrumentationBackend( 4547): Added:'HideSoftKeyboard', with key:'hide_soft_keyboard'
12-14 01:17:19.792 I/InstrumentationBackend( 4547): Added:'ListActions', with key:'list_actions'
12-14 01:17:19.792 I/calabash( 4547): Instantiating http server at 7102
12-14 01:17:19.793 I/System.out( 4547): HTTP Daemon listening on: 7102
12-14 01:17:19.889 I/System.out( 4547): URI: //ping
12-14 01:17:19.890 I/System.out( 4547): params: {json={}
12-14 01:17:19.890 I/System.out( 4547): }
12-14 01:17:19.921 I/System.out( 4547): URI: //ping
12-14 01:17:19.921 I/System.out( 4547): params: {json={}
12-14 01:17:19.921 I/System.out( 4547): }
12-14 01:17:19.932 I/System.out( 4547): URI: //ready
12-14 01:17:19.932 I/System.out( 4547): params: {json={}
12-14 01:17:19.932 I/System.out( 4547): }
12-14 01:17:19.945 I/System.out( 4547): URI: //
12-14 01:17:19.945 I/System.out( 4547): params: {json={"command":"version","arguments":[]}
12-14 01:17:19.945 I/System.out( 4547): }
12-14 01:17:19.946 I/System.out( 4547): header: {content-type=application/json;charset=utf-8, date=Mon, 14 Dec 2020 06:17:19 GMT, accept=*/*, host=127.0.0.1:34777, content-length=36, user-agent=HTTPClient/1.0 (2.8.3, ruby 2.5.8 (2020-03-31))}
12-14 01:17:19.946 I/System.out( 4547): params: {json={"command":"version","arguments":[]}
12-14 01:17:19.946 I/System.out( 4547): }
12-14 01:17:19.946 I/System.out( 4547): ProP json = {"command":"version","arguments":[]}
12-14 01:17:19.946 I/System.out( 4547): files: {}
12-14 01:17:19.946 I/System.out( 4547): command: {"command":"version","arguments":[]}
12-14 01:17:19.978 I/InstrumentationBackend( 4547): Got command:'Command:'Line:null,version', arguments:'[]'
12-14 01:17:20.010 I/System.out( 4547): result:{"bonusInformation":[],"message":"0.9.8","success":true}
12-14 01:17:20.018 I/System.out( 4547): URI: //start-application
12-14 01:17:20.018 I/System.out( 4547): params: {json={"intent":null}
12-14 01:17:20.018 I/System.out( 4547): }
12-14 01:17:20.057 I/ActivityManager( 1627): START u0 {act=android.intent.action.MAIN cat=[android.intent.category.LAUNCHER] flg=0x10200000 cmp=com.evancharlton.mileage/.Mileage} from uid 10276
12-14 01:17:20.070 I/calabash( 4547): newActivity1
12-14 01:17:20.092 D/gralloc_ranchu( 1394): gralloc_alloc: Creating ashmem region of size 7753728
12-14 01:17:20.104 W/ActivityManager( 1627): Bad activity token: android.os.BinderProxy@5d5dff0
12-14 01:17:20.104 W/ActivityManager( 1627): java.lang.ClassCastException: android.os.BinderProxy cannot be cast to com.android.server.am.ActivityRecord$Token
12-14 01:17:20.104 W/ActivityManager( 1627): 	at com.android.server.am.ActivityRecord.forTokenLocked(ActivityRecord.java:778)
12-14 01:17:20.104 W/ActivityManager( 1627): 	at com.android.server.am.ActivityRecord.isInStackLocked(ActivityRecord.java:2085)
12-14 01:17:20.104 W/ActivityManager( 1627): 	at com.android.server.am.ActivityRecord.getStackLocked(ActivityRecord.java:2090)
12-14 01:17:20.104 W/ActivityManager( 1627): 	at com.android.server.am.ActivityManagerService.getActivityDisplayId(ActivityManagerService.java:10406)
12-14 01:17:20.104 W/ActivityManager( 1627): 	at android.app.IActivityManager$Stub.onTransact(IActivityManager.java:2738)
12-14 01:17:20.104 W/ActivityManager( 1627): 	at com.android.server.am.ActivityManagerService.onTransact(ActivityManagerService.java:2935)
12-14 01:17:20.104 W/ActivityManager( 1627): 	at android.os.Binder.execTransact(Binder.java:674)
12-14 01:17:20.106 I/calabash( 4547): newActivity1
12-14 01:17:20.113 W/ActivityManager( 1627): Bad activity token: android.os.BinderProxy@5d5dff0
12-14 01:17:20.113 W/ActivityManager( 1627): java.lang.ClassCastException: android.os.BinderProxy cannot be cast to com.android.server.am.ActivityRecord$Token
12-14 01:17:20.113 W/ActivityManager( 1627): 	at com.android.server.am.ActivityRecord.forTokenLocked(ActivityRecord.java:778)
12-14 01:17:20.113 W/ActivityManager( 1627): 	at com.android.server.am.ActivityRecord.isInStackLocked(ActivityRecord.java:2085)
12-14 01:17:20.113 W/ActivityManager( 1627): 	at com.android.server.am.ActivityManagerService.setTaskDescription(ActivityManagerService.java:9988)
12-14 01:17:20.113 W/ActivityManager( 1627): 	at android.app.IActivityManager$Stub.onTransact(IActivityManager.java:2824)
12-14 01:17:20.113 W/ActivityManager( 1627): 	at com.android.server.am.ActivityManagerService.onTransact(ActivityManagerService.java:2935)
12-14 01:17:20.113 W/ActivityManager( 1627): 	at android.os.Binder.execTransact(Binder.java:674)
12-14 01:17:20.114 W/ActivityManager( 1627): Bad activity token: android.os.BinderProxy@5d5dff0
12-14 01:17:20.114 W/ActivityManager( 1627): java.lang.ClassCastException: android.os.BinderProxy cannot be cast to com.android.server.am.ActivityRecord$Token
12-14 01:17:20.114 W/ActivityManager( 1627): 	at com.android.server.am.ActivityRecord.forTokenLocked(ActivityRecord.java:778)
12-14 01:17:20.114 W/ActivityManager( 1627): 	at com.android.server.am.ActivityRecord.isInStackLocked(ActivityRecord.java:2085)
12-14 01:17:20.114 W/ActivityManager( 1627): 	at com.android.server.am.ActivityRecord.getStackLocked(ActivityRecord.java:2090)
12-14 01:17:20.114 W/ActivityManager( 1627): 	at com.android.server.am.ActivityManagerService.getActivityStackId(ActivityManagerService.java:10417)
12-14 01:17:20.114 W/ActivityManager( 1627): 	at android.app.IActivityManager$Stub.onTransact(IActivityManager.java:3548)
12-14 01:17:20.114 W/ActivityManager( 1627): 	at com.android.server.am.ActivityManagerService.onTransact(ActivityManagerService.java:2935)
12-14 01:17:20.114 W/ActivityManager( 1627): 	at android.os.Binder.execTransact(Binder.java:674)
12-14 01:17:20.142 D/EGL_emulation( 2150): eglMakeCurrent: 0xa9985840: ver 3 0 (tinfo 0xa99835b0)
12-14 01:17:20.142 D/EGL_emulation( 2192): eglMakeCurrent: 0xa9985540: ver 3 0 (tinfo 0xa9983290)
12-14 01:17:20.157 V/StatusBar( 1726): setLightsOn(true)
12-14 01:17:20.176 E/ContentStoreEUAS( 2150): Failed to commit the deferred actions
12-14 01:17:20.179 D/EGL_emulation( 1726): eglMakeCurrent: 0xa9985120: ver 3 0 (tinfo 0xa9983370)
12-14 01:17:20.180 V/StatusBar( 1726): setLightsOn(true)
12-14 01:17:20.192 D/EGL_emulation( 1726): eglMakeCurrent: 0xa9985120: ver 3 0 (tinfo 0xa9983370)
12-14 01:17:20.255 W/ActivityManager( 1627): Bad activity token: android.os.BinderProxy@5d5dff0
12-14 01:17:20.255 W/ActivityManager( 1627): java.lang.ClassCastException: android.os.BinderProxy cannot be cast to com.android.server.am.ActivityRecord$Token
12-14 01:17:20.255 W/ActivityManager( 1627): 	at com.android.server.am.ActivityRecord.forTokenLocked(ActivityRecord.java:778)
12-14 01:17:20.255 W/ActivityManager( 1627): 	at com.android.server.am.ActivityRecord.isInStackLocked(ActivityRecord.java:2085)
12-14 01:17:20.255 W/ActivityManager( 1627): 	at com.android.server.am.ActivityManagerService.getActivityOptions(ActivityManagerService.java:13302)
12-14 01:17:20.255 W/ActivityManager( 1627): 	at android.app.IActivityManager$Stub.onTransact(IActivityManager.java:2910)
12-14 01:17:20.255 W/ActivityManager( 1627): 	at com.android.server.am.ActivityManagerService.onTransact(ActivityManagerService.java:2935)
12-14 01:17:20.255 W/ActivityManager( 1627): 	at android.os.Binder.execTransact(Binder.java:674)
12-14 01:17:20.255 W/ActivityManager( 1627): Bad activity token: android.os.BinderProxy@5d5dff0
12-14 01:17:20.255 W/ActivityManager( 1627): java.lang.ClassCastException: android.os.BinderProxy cannot be cast to com.android.server.am.ActivityRecord$Token
12-14 01:17:20.255 W/ActivityManager( 1627): 	at com.android.server.am.ActivityRecord.forTokenLocked(ActivityRecord.java:778)
12-14 01:17:20.255 W/ActivityManager( 1627): 	at com.android.server.am.ActivityRecord.isInStackLocked(ActivityRecord.java:2085)
12-14 01:17:20.255 W/ActivityManager( 1627): 	at com.android.server.am.ActivityManagerService.getActivityOptions(ActivityManagerService.java:13302)
12-14 01:17:20.255 W/ActivityManager( 1627): 	at android.app.IActivityManager$Stub.onTransact(IActivityManager.java:2910)
12-14 01:17:20.255 W/ActivityManager( 1627): 	at com.android.server.am.ActivityManagerService.onTransact(ActivityManagerService.java:2935)
12-14 01:17:20.255 W/ActivityManager( 1627): 	at android.os.Binder.execTransact(Binder.java:674)
12-14 01:17:20.368 I/chatty  ( 1726): uid=10028(u0_a28) RenderThread identical 20 lines
12-14 01:17:20.371 D/EGL_emulation( 1726): eglMakeCurrent: 0xa9985120: ver 3 0 (tinfo 0xa9983370)
12-14 01:17:20.372 V/StatusBar( 1726): setLightsOn(true)
12-14 01:17:20.390 D/EGL_emulation( 1726): eglMakeCurrent: 0xa9985120: ver 3 0 (tinfo 0xa9983370)
12-14 01:17:20.401 I/zygote  ( 4547): Do partial code cache collection, code=29KB, data=30KB
12-14 01:17:20.402 I/zygote  ( 4547): After code cache collection, code=29KB, data=30KB
12-14 01:17:20.402 I/zygote  ( 4547): Increasing code cache capacity to 128KB
12-14 01:17:20.402 I/zygote  ( 4547): Do partial code cache collection, code=29KB, data=48KB
12-14 01:17:20.408 I/zygote  ( 4547): After code cache collection, code=29KB, data=48KB
12-14 01:17:20.408 I/zygote  ( 4547): Increasing code cache capacity to 256KB
12-14 01:17:20.408 I/zygote  ( 4547): JIT allocated 71KB for compiled code of void android.widget.TextView.<init>(android.content.Context, android.util.AttributeSet, int, int)
12-14 01:17:20.408 I/zygote  ( 4547): Compiler allocated 4MB to compile void android.widget.TextView.<init>(android.content.Context, android.util.AttributeSet, int, int)
12-14 01:17:20.432 V/StatusBar( 1726): setLightsOn(true)
12-14 01:17:20.437 I/chatty  ( 1726): uid=10028(u0_a28) com.android.systemui identical 1 line
12-14 01:17:20.438 V/StatusBar( 1726): setLightsOn(true)
12-14 01:17:20.502 D/gralloc_ranchu( 1394): gralloc_alloc: Creating ashmem region of size 7753728
12-14 01:17:20.521 D/        ( 4547): HostConnection::get() New Host Connection established 0xa6db0cc0, tid 4547
12-14 01:17:20.565 V/StatusBar( 1726): setLightsOn(true)
12-14 01:17:20.579 I/chatty  ( 1726): uid=10028(u0_a28) com.android.systemui identical 1 line
12-14 01:17:20.581 V/StatusBar( 1726): setLightsOn(true)
12-14 01:17:20.583 I/ActivityManager( 1627): Displayed com.evancharlton.mileage/.Mileage: +517ms
12-14 01:17:20.592 V/StatusBar( 1726): setLightsOn(true)
12-14 01:17:20.606 D/gralloc_ranchu( 1394): gralloc_alloc: Creating ashmem region of size 7753728
12-14 01:17:20.610 V/StatusBar( 1726): setLightsOn(true)
12-14 01:17:20.707 I/Finsky:download_service( 2709): [127] nmi.run(36): Stats for Executor: bgExecutor non@c47aed0[Running, pool size = 0, active threads = 0, queued tasks = 0, completed tasks = 0]
12-14 01:17:20.764 V/StatusBar( 1726): setLightsOn(true)
12-14 01:17:20.790 I/System.out( 4547): URI: //gesture
12-14 01:17:20.790 I/System.out( 4547): params: {json={"query_timeout":5.0,"gestures":[{"query_string":"android.widget.TabWidget descendant TextView index:1","touches":[{"x":50,"y":50,"offset_x":0,"offset_y":0,"wait":0.0,"time":0.2,"release":true,"query_string":null}]}]}
12-14 01:17:20.790 I/System.out( 4547): }
12-14 01:17:20.802 I/zygote  ( 4547): Do full code cache collection, code=125KB, data=72KB
12-14 01:17:20.803 I/zygote  ( 4547): After code cache collection, code=112KB, data=46KB
12-14 01:17:20.809 V/StatusBar( 1726): setLightsOn(true)
12-14 01:17:20.871 I/chatty  ( 1726): uid=10028(u0_a28) com.android.systemui identical 2 lines
12-14 01:17:20.880 V/StatusBar( 1726): setLightsOn(true)
12-14 01:17:20.890 W/SurfaceFlinger( 1415): couldn't log to binary event log: overflow.
12-14 01:17:20.982 I/PBSessionCacheImpl( 2150): Deleted sessionId[6406990602839] from persistence.
12-14 01:17:20.999 W/SearchService( 2150): Abort, client detached.
12-14 01:17:21.163 W/ActivityManager( 1627): Bad activity token: android.os.BinderProxy@c7218aa
12-14 01:17:21.163 W/ActivityManager( 1627): java.lang.ClassCastException: android.os.BinderProxy cannot be cast to com.android.server.am.ActivityRecord$Token
12-14 01:17:21.163 W/ActivityManager( 1627): 	at com.android.server.am.ActivityRecord.forTokenLocked(ActivityRecord.java:778)
12-14 01:17:21.163 W/ActivityManager( 1627): 	at com.android.server.am.ActivityRecord.isInStackLocked(ActivityRecord.java:2085)
12-14 01:17:21.163 W/ActivityManager( 1627): 	at com.android.server.am.ActivityRecord.getStackLocked(ActivityRecord.java:2090)
12-14 01:17:21.163 W/ActivityManager( 1627): 	at com.android.server.am.ActivityManagerService.getActivityDisplayId(ActivityManagerService.java:10406)
12-14 01:17:21.163 W/ActivityManager( 1627): 	at android.app.IActivityManager$Stub.onTransact(IActivityManager.java:2738)
12-14 01:17:21.163 W/ActivityManager( 1627): 	at com.android.server.am.ActivityManagerService.onTransact(ActivityManagerService.java:2935)
12-14 01:17:21.163 W/ActivityManager( 1627): 	at android.os.Binder.execTransact(Binder.java:674)
12-14 01:17:21.164 W/audio_hw_generic( 1388): Not supplying enough data to HAL, expected position 598585 , only wrote 598320
12-14 01:17:21.164 I/zygote  ( 4547): Do partial code cache collection, code=118KB, data=55KB
12-14 01:17:21.166 I/zygote  ( 4547): After code cache collection, code=118KB, data=55KB
12-14 01:17:21.167 I/calabash( 4547): newActivity1
12-14 01:17:21.169 I/zygote  ( 4547): Increasing code cache capacity to 512KB
12-14 01:17:21.172 W/ActivityManager( 1627): Bad activity token: android.os.BinderProxy@c7218aa
12-14 01:17:21.172 W/ActivityManager( 1627): java.lang.ClassCastException: android.os.BinderProxy cannot be cast to com.android.server.am.ActivityRecord$Token
12-14 01:17:21.172 W/ActivityManager( 1627): 	at com.android.server.am.ActivityRecord.forTokenLocked(ActivityRecord.java:778)
12-14 01:17:21.172 W/ActivityManager( 1627): 	at com.android.server.am.ActivityRecord.isInStackLocked(ActivityRecord.java:2085)
12-14 01:17:21.172 W/ActivityManager( 1627): 	at com.android.server.am.ActivityManagerService.setTaskDescription(ActivityManagerService.java:9988)
12-14 01:17:21.172 W/ActivityManager( 1627): 	at android.app.IActivityManager$Stub.onTransact(IActivityManager.java:2824)
12-14 01:17:21.172 W/ActivityManager( 1627): 	at com.android.server.am.ActivityManagerService.onTransact(ActivityManagerService.java:2935)
12-14 01:17:21.172 W/ActivityManager( 1627): 	at android.os.Binder.execTransact(Binder.java:674)
12-14 01:17:21.173 W/ActivityManager( 1627): Bad activity token: android.os.BinderProxy@c7218aa
12-14 01:17:21.173 W/ActivityManager( 1627): java.lang.ClassCastException: android.os.BinderProxy cannot be cast to com.android.server.am.ActivityRecord$Token
12-14 01:17:21.173 W/ActivityManager( 1627): 	at com.android.server.am.ActivityRecord.forTokenLocked(ActivityRecord.java:778)
12-14 01:17:21.173 W/ActivityManager( 1627): 	at com.android.server.am.ActivityRecord.isInStackLocked(ActivityRecord.java:2085)
12-14 01:17:21.173 W/ActivityManager( 1627): 	at com.android.server.am.ActivityRecord.getStackLocked(ActivityRecord.java:2090)
12-14 01:17:21.173 W/ActivityManager( 1627): 	at com.android.server.am.ActivityManagerService.getActivityStackId(ActivityManagerService.java:10417)
12-14 01:17:21.173 W/ActivityManager( 1627): 	at android.app.IActivityManager$Stub.onTransact(IActivityManager.java:3548)
12-14 01:17:21.173 W/ActivityManager( 1627): 	at com.android.server.am.ActivityManagerService.onTransact(ActivityManagerService.java:2935)
12-14 01:17:21.173 W/ActivityManager( 1627): 	at android.os.Binder.execTransact(Binder.java:674)
12-14 01:17:21.229 W/ActivityManager( 1627): Bad activity token: android.os.BinderProxy@c7218aa
12-14 01:17:21.229 W/ActivityManager( 1627): java.lang.ClassCastException: android.os.BinderProxy cannot be cast to com.android.server.am.ActivityRecord$Token
12-14 01:17:21.229 W/ActivityManager( 1627): 	at com.android.server.am.ActivityRecord.forTokenLocked(ActivityRecord.java:778)
12-14 01:17:21.229 W/ActivityManager( 1627): 	at com.android.server.am.ActivityRecord.isInStackLocked(ActivityRecord.java:2085)
12-14 01:17:21.229 W/ActivityManager( 1627): 	at com.android.server.am.ActivityManagerService.getActivityOptions(ActivityManagerService.java:13302)
12-14 01:17:21.229 W/ActivityManager( 1627): 	at android.app.IActivityManager$Stub.onTransact(IActivityManager.java:2910)
12-14 01:17:21.229 W/ActivityManager( 1627): 	at com.android.server.am.ActivityManagerService.onTransact(ActivityManagerService.java:2935)
12-14 01:17:21.229 W/ActivityManager( 1627): 	at android.os.Binder.execTransact(Binder.java:674)
12-14 01:17:21.229 W/ActivityManager( 1627): Bad activity token: android.os.BinderProxy@c7218aa
12-14 01:17:21.229 W/ActivityManager( 1627): java.lang.ClassCastException: android.os.BinderProxy cannot be cast to com.android.server.am.ActivityRecord$Token
12-14 01:17:21.229 W/ActivityManager( 1627): 	at com.android.server.am.ActivityRecord.forTokenLocked(ActivityRecord.java:778)
12-14 01:17:21.229 W/ActivityManager( 1627): 	at com.android.server.am.ActivityRecord.isInStackLocked(ActivityRecord.java:2085)
12-14 01:17:21.229 W/ActivityManager( 1627): 	at com.android.server.am.ActivityManagerService.getActivityOptions(ActivityManagerService.java:13302)
12-14 01:17:21.229 W/ActivityManager( 1627): 	at android.app.IActivityManager$Stub.onTransact(IActivityManager.java:2910)
12-14 01:17:21.229 W/ActivityManager( 1627): 	at com.android.server.am.ActivityManagerService.onTransact(ActivityManagerService.java:2935)
12-14 01:17:21.229 W/ActivityManager( 1627): 	at android.os.Binder.execTransact(Binder.java:674)
12-14 01:17:21.298 D/gralloc_ranchu( 1394): gralloc_alloc: Creating ashmem region of size 7753728
12-14 01:17:21.302 D/Mileage ( 4547): Not enough fillups to calculate economy
12-14 01:17:21.465 E/SurfaceFlinger( 1415): ro.sf.lcd_density must be defined as a build property
12-14 01:17:21.474 D/gralloc_ranchu( 1394): gralloc_alloc: Creating ashmem region of size 8298496
12-14 01:17:21.488 D/        ( 4589): HostConnection::get() New Host Connection established 0xaa3af800, tid 4589
12-14 01:17:21.894 I/System.out( 4547): URI: //gesture
12-14 01:17:21.894 I/System.out( 4547): params: {json={"query_timeout":5.0,"gestures":[{"query_string":"android.widget.TabWidget descendant TextView index:3","touches":[{"x":50,"y":50,"offset_x":0,"offset_y":0,"wait":0.0,"time":0.2,"release":true,"query_string":null}]}]}
12-14 01:17:21.894 I/System.out( 4547): }
12-14 01:17:22.179 W/ActivityManager( 1627): Bad activity token: android.os.BinderProxy@a015d4e
12-14 01:17:22.179 W/ActivityManager( 1627): java.lang.ClassCastException: android.os.BinderProxy cannot be cast to com.android.server.am.ActivityRecord$Token
12-14 01:17:22.179 W/ActivityManager( 1627): 	at com.android.server.am.ActivityRecord.forTokenLocked(ActivityRecord.java:778)
12-14 01:17:22.179 W/ActivityManager( 1627): 	at com.android.server.am.ActivityRecord.isInStackLocked(ActivityRecord.java:2085)
12-14 01:17:22.179 W/ActivityManager( 1627): 	at com.android.server.am.ActivityRecord.getStackLocked(ActivityRecord.java:2090)
12-14 01:17:22.179 W/ActivityManager( 1627): 	at com.android.server.am.ActivityManagerService.getActivityDisplayId(ActivityManagerService.java:10406)
12-14 01:17:22.179 W/ActivityManager( 1627): 	at android.app.IActivityManager$Stub.onTransact(IActivityManager.java:2738)
12-14 01:17:22.179 W/ActivityManager( 1627): 	at com.android.server.am.ActivityManagerService.onTransact(ActivityManagerService.java:2935)
12-14 01:17:22.179 W/ActivityManager( 1627): 	at android.os.Binder.execTransact(Binder.java:674)
12-14 01:17:22.180 I/calabash( 4547): newActivity1
12-14 01:17:22.186 W/ActivityManager( 1627): Bad activity token: android.os.BinderProxy@a015d4e
12-14 01:17:22.186 W/ActivityManager( 1627): java.lang.ClassCastException: android.os.BinderProxy cannot be cast to com.android.server.am.ActivityRecord$Token
12-14 01:17:22.186 W/ActivityManager( 1627): 	at com.android.server.am.ActivityRecord.forTokenLocked(ActivityRecord.java:778)
12-14 01:17:22.186 W/ActivityManager( 1627): 	at com.android.server.am.ActivityRecord.isInStackLocked(ActivityRecord.java:2085)
12-14 01:17:22.186 W/ActivityManager( 1627): 	at com.android.server.am.ActivityManagerService.setTaskDescription(ActivityManagerService.java:9988)
12-14 01:17:22.186 W/ActivityManager( 1627): 	at android.app.IActivityManager$Stub.onTransact(IActivityManager.java:2824)
12-14 01:17:22.186 W/ActivityManager( 1627): 	at com.android.server.am.ActivityManagerService.onTransact(ActivityManagerService.java:2935)
12-14 01:17:22.186 W/ActivityManager( 1627): 	at android.os.Binder.execTransact(Binder.java:674)
12-14 01:17:22.187 W/ActivityManager( 1627): Bad activity token: android.os.BinderProxy@a015d4e
12-14 01:17:22.187 W/ActivityManager( 1627): java.lang.ClassCastException: android.os.BinderProxy cannot be cast to com.android.server.am.ActivityRecord$Token
12-14 01:17:22.187 W/ActivityManager( 1627): 	at com.android.server.am.ActivityRecord.forTokenLocked(ActivityRecord.java:778)
12-14 01:17:22.187 W/ActivityManager( 1627): 	at com.android.server.am.ActivityRecord.isInStackLocked(ActivityRecord.java:2085)
12-14 01:17:22.187 W/ActivityManager( 1627): 	at com.android.server.am.ActivityRecord.getStackLocked(ActivityRecord.java:2090)
12-14 01:17:22.187 W/ActivityManager( 1627): 	at com.android.server.am.ActivityManagerService.getActivityStackId(ActivityManagerService.java:10417)
12-14 01:17:22.187 W/ActivityManager( 1627): 	at android.app.IActivityManager$Stub.onTransact(IActivityManager.java:3548)
12-14 01:17:22.187 W/ActivityManager( 1627): 	at com.android.server.am.ActivityManagerService.onTransact(ActivityManagerService.java:2935)
12-14 01:17:22.187 W/ActivityManager( 1627): 	at android.os.Binder.execTransact(Binder.java:674)
12-14 01:17:22.194 W/ActivityManager( 1627): Bad activity token: android.os.BinderProxy@a015d4e
12-14 01:17:22.194 W/ActivityManager( 1627): java.lang.ClassCastException: android.os.BinderProxy cannot be cast to com.android.server.am.ActivityRecord$Token
12-14 01:17:22.194 W/ActivityManager( 1627): 	at com.android.server.am.ActivityRecord.forTokenLocked(ActivityRecord.java:778)
12-14 01:17:22.194 W/ActivityManager( 1627): 	at com.android.server.am.ActivityRecord.isInStackLocked(ActivityRecord.java:2085)
12-14 01:17:22.194 W/ActivityManager( 1627): 	at com.android.server.am.ActivityManagerService.getActivityOptions(ActivityManagerService.java:13302)
12-14 01:17:22.194 W/ActivityManager( 1627): 	at android.app.IActivityManager$Stub.onTransact(IActivityManager.java:2910)
12-14 01:17:22.194 W/ActivityManager( 1627): 	at com.android.server.am.ActivityManagerService.onTransact(ActivityManagerService.java:2935)
12-14 01:17:22.194 W/ActivityManager( 1627): 	at android.os.Binder.execTransact(Binder.java:674)
12-14 01:17:22.195 W/ActivityManager( 1627): Bad activity token: android.os.BinderProxy@a015d4e
12-14 01:17:22.195 W/ActivityManager( 1627): java.lang.ClassCastException: android.os.BinderProxy cannot be cast to com.android.server.am.ActivityRecord$Token
12-14 01:17:22.195 W/ActivityManager( 1627): 	at com.android.server.am.ActivityRecord.forTokenLocked(ActivityRecord.java:778)
12-14 01:17:22.195 W/ActivityManager( 1627): 	at com.android.server.am.ActivityRecord.isInStackLocked(ActivityRecord.java:2085)
12-14 01:17:22.195 W/ActivityManager( 1627): 	at com.android.server.am.ActivityManagerService.getActivityOptions(ActivityManagerService.java:13302)
12-14 01:17:22.195 W/ActivityManager( 1627): 	at android.app.IActivityManager$Stub.onTransact(IActivityManager.java:2910)
12-14 01:17:22.195 W/ActivityManager( 1627): 	at com.android.server.am.ActivityManagerService.onTransact(ActivityManagerService.java:2935)
12-14 01:17:22.195 W/ActivityManager( 1627): 	at android.os.Binder.execTransact(Binder.java:674)
12-14 01:17:22.389 E/SurfaceFlinger( 1415): ro.sf.lcd_density must be defined as a build property
12-14 01:17:22.396 D/gralloc_ranchu( 1394): gralloc_alloc: Creating ashmem region of size 8298496
12-14 01:17:22.407 D/        ( 4595): HostConnection::get() New Host Connection established 0xb3baf800, tid 4595
12-14 01:17:22.722 I/System.out( 4547): URI: //gesture
12-14 01:17:22.722 I/System.out( 4547): params: {json={"query_timeout":5.0,"gestures":[{"query_string":"android.widget.TabWidget descendant TextView index:2","touches":[{"x":50,"y":50,"offset_x":0,"offset_y":0,"wait":0.0,"time":0.2,"release":true,"query_string":null}]}]}
12-14 01:17:22.722 I/System.out( 4547): }
12-14 01:17:22.986 W/ActivityManager( 1627): Bad activity token: android.os.BinderProxy@d1a7f81
12-14 01:17:22.986 W/ActivityManager( 1627): java.lang.ClassCastException: android.os.BinderProxy cannot be cast to com.android.server.am.ActivityRecord$Token
12-14 01:17:22.986 W/ActivityManager( 1627): 	at com.android.server.am.ActivityRecord.forTokenLocked(ActivityRecord.java:778)
12-14 01:17:22.986 W/ActivityManager( 1627): 	at com.android.server.am.ActivityRecord.isInStackLocked(ActivityRecord.java:2085)
12-14 01:17:22.986 W/ActivityManager( 1627): 	at com.android.server.am.ActivityRecord.getStackLocked(ActivityRecord.java:2090)
12-14 01:17:22.986 W/ActivityManager( 1627): 	at com.android.server.am.ActivityManagerService.getActivityDisplayId(ActivityManagerService.java:10406)
12-14 01:17:22.986 W/ActivityManager( 1627): 	at android.app.IActivityManager$Stub.onTransact(IActivityManager.java:2738)
12-14 01:17:22.986 W/ActivityManager( 1627): 	at com.android.server.am.ActivityManagerService.onTransact(ActivityManagerService.java:2935)
12-14 01:17:22.986 W/ActivityManager( 1627): 	at android.os.Binder.execTransact(Binder.java:674)
12-14 01:17:22.987 I/calabash( 4547): newActivity1
12-14 01:17:23.075 W/ActivityManager( 1627): Bad activity token: android.os.BinderProxy@d1a7f81
12-14 01:17:23.075 W/ActivityManager( 1627): java.lang.ClassCastException: android.os.BinderProxy cannot be cast to com.android.server.am.ActivityRecord$Token
12-14 01:17:23.075 W/ActivityManager( 1627): 	at com.android.server.am.ActivityRecord.forTokenLocked(ActivityRecord.java:778)
12-14 01:17:23.075 W/ActivityManager( 1627): 	at com.android.server.am.ActivityRecord.isInStackLocked(ActivityRecord.java:2085)
12-14 01:17:23.075 W/ActivityManager( 1627): 	at com.android.server.am.ActivityManagerService.setTaskDescription(ActivityManagerService.java:9988)
12-14 01:17:23.075 W/ActivityManager( 1627): 	at android.app.IActivityManager$Stub.onTransact(IActivityManager.java:2824)
12-14 01:17:23.075 W/ActivityManager( 1627): 	at com.android.server.am.ActivityManagerService.onTransact(ActivityManagerService.java:2935)
12-14 01:17:23.075 W/ActivityManager( 1627): 	at android.os.Binder.execTransact(Binder.java:674)
12-14 01:17:23.076 W/ActivityManager( 1627): Bad activity token: android.os.BinderProxy@d1a7f81
12-14 01:17:23.076 W/ActivityManager( 1627): java.lang.ClassCastException: android.os.BinderProxy cannot be cast to com.android.server.am.ActivityRecord$Token
12-14 01:17:23.076 W/ActivityManager( 1627): 	at com.android.server.am.ActivityRecord.forTokenLocked(ActivityRecord.java:778)
12-14 01:17:23.076 W/ActivityManager( 1627): 	at com.android.server.am.ActivityRecord.isInStackLocked(ActivityRecord.java:2085)
12-14 01:17:23.076 W/ActivityManager( 1627): 	at com.android.server.am.ActivityRecord.getStackLocked(ActivityRecord.java:2090)
12-14 01:17:23.076 W/ActivityManager( 1627): 	at com.android.server.am.ActivityManagerService.getActivityStackId(ActivityManagerService.java:10417)
12-14 01:17:23.076 W/ActivityManager( 1627): 	at android.app.IActivityManager$Stub.onTransact(IActivityManager.java:3548)
12-14 01:17:23.076 W/ActivityManager( 1627): 	at com.android.server.am.ActivityManagerService.onTransact(ActivityManagerService.java:2935)
12-14 01:17:23.076 W/ActivityManager( 1627): 	at android.os.Binder.execTransact(Binder.java:674)
12-14 01:17:23.118 D/VehicleStatisticsActivity( 4547): Checking recalculation ...
12-14 01:17:23.124 D/VehicleStatisticsActivity( 4547): Recalculating statistics
12-14 01:17:23.124 D/VehicleStatisticsTask( 4547): Calculation starting...
12-14 01:17:23.128 D/VehicleStatisticsActivity( 4547): Recalculation started!
12-14 01:17:23.132 W/ActivityManager( 1627): Bad activity token: android.os.BinderProxy@d1a7f81
12-14 01:17:23.132 W/ActivityManager( 1627): java.lang.ClassCastException: android.os.BinderProxy cannot be cast to com.android.server.am.ActivityRecord$Token
12-14 01:17:23.132 W/ActivityManager( 1627): 	at com.android.server.am.ActivityRecord.forTokenLocked(ActivityRecord.java:778)
12-14 01:17:23.132 W/ActivityManager( 1627): 	at com.android.server.am.ActivityRecord.isInStackLocked(ActivityRecord.java:2085)
12-14 01:17:23.132 W/ActivityManager( 1627): 	at com.android.server.am.ActivityManagerService.getActivityOptions(ActivityManagerService.java:13302)
12-14 01:17:23.132 W/ActivityManager( 1627): 	at android.app.IActivityManager$Stub.onTransact(IActivityManager.java:2910)
12-14 01:17:23.132 W/ActivityManager( 1627): 	at com.android.server.am.ActivityManagerService.onTransact(ActivityManagerService.java:2935)
12-14 01:17:23.132 W/ActivityManager( 1627): 	at android.os.Binder.execTransact(Binder.java:674)
12-14 01:17:23.132 W/ActivityManager( 1627): Bad activity token: android.os.BinderProxy@d1a7f81
