--------- beginning of main
12-14 01:16:58.567 I/chatty  ( 1394): uid=1000(system) allocator@2.0-s expire 1 line
12-14 01:16:58.594 D/gralloc_ranchu( 1394): gralloc_alloc: Creating ashmem region of size 8298496
12-14 01:16:58.597 D/SurfaceFlinger( 1415): duplicate layer name: changing com.google.android.apps.nexuslauncher/com.google.android.apps.nexuslauncher.NexusLauncherActivity to com.google.android.apps.nexuslauncher/com.google.android.apps.nexuslauncher.NexusLauncherActivity#1
12-14 01:16:58.605 W/audio_hw_generic( 1388): Not supplying enough data to HAL, expected position 555618 , only wrote 356400
12-14 01:16:58.617 D/gralloc_ranchu( 1394): gralloc_alloc: Creating ashmem region of size 8298496
12-14 01:16:58.688 D/EGL_emulation( 1726): eglMakeCurrent: 0xa9985120: ver 3 0 (tinfo 0xa9983370)
12-14 01:16:58.703 D/gralloc_ranchu( 1394): gralloc_alloc: Creating ashmem region of size 8298496
12-14 01:16:58.720 D/EGL_emulation( 2150): eglMakeCurrent: 0xa9985840: ver 3 0 (tinfo 0xa99835b0)
--------- beginning of system
12-14 01:16:58.770 E/TaskPersister( 1627): File error accessing recents directory (directory doesn't exist?).
12-14 01:16:58.818 E/memtrack( 1627): Couldn't load memtrack module
12-14 01:16:58.818 W/android.os.Debug( 1627): failed to get memory consumption info: -1
12-14 01:16:58.822 E/hw-IPCThreadState( 1394): binder thread pool (1 threads) starved for 119 ms
12-14 01:16:58.829 D/gralloc_ranchu( 1394): gralloc_alloc: Creating ashmem region of size 8298496
12-14 01:16:58.878 I/zygote  ( 2150): Deoptimizing void com.google.android.apps.gsa.search.core.service.worker.a.a.a(com.google.android.apps.gsa.search.core.state.qc) due to JIT inline cache
12-14 01:16:58.943 W/SessionLifecycleManager( 2150): Handover failed. Creating new session controller.
12-14 01:16:58.952 W/ActivityManager( 1627): Unable to start service Intent { act=com.google.android.gms.speech.service.START pkg=com.google.android.gms } U=0: not found
12-14 01:16:58.953 W/ActivityManager( 1627): Unbind failed: could not find connection for android.os.BinderProxy@a276c59
12-14 01:16:58.953 E/GmsClient( 2150): unable to connect to service: com.google.android.gms.speech.service.START on com.google.android.gms
12-14 01:16:58.972 I/OptInState( 2150): There is a new client and it does not support opt-in. Dropping request.
12-14 01:16:58.973 D/EGL_emulation( 2192): eglMakeCurrent: 0xa9985540: ver 3 0 (tinfo 0xa9983290)
12-14 01:16:59.009 I/zygote  ( 2150): Do partial code cache collection, code=238KB, data=182KB
12-14 01:16:59.042 D/gralloc_ranchu( 1394): gralloc_alloc: Creating ashmem region of size 7753728
12-14 01:16:59.044 I/MicroDetectionWorker( 2150): #updateMicroDetector [detectionMode: [mDetectionMode: [1]]]
12-14 01:16:59.044 I/MicroDetectionWorker( 2150): #startMicroDetector [speakerMode: 0]
12-14 01:16:59.046 I/AudioController( 2150): Using mInputStreamFactoryBuilder
12-14 01:16:59.053 I/MicroDetectionWorker( 2150): onReady
12-14 01:16:59.069 E/memtrack( 1627): Couldn't load memtrack module
12-14 01:16:59.070 W/android.os.Debug( 1627): failed to get memory consumption info: -1
12-14 01:16:59.076 I/zygote  ( 2150): After code cache collection, code=233KB, data=179KB
12-14 01:16:59.088 D/EGL_emulation( 1726): eglMakeCurrent: 0xa9985120: ver 3 0 (tinfo 0xa9983370)
12-14 01:16:59.117 I/MicroRecognitionRunner( 2150): Starting detection.
12-14 01:16:59.118 I/MicrophoneInputStream( 2150): mic_starting com.google.android.apps.gsa.staticplugins.aa.c@33ef889
12-14 01:16:59.118 I/zygote  ( 2150): Increasing code cache capacity to 1024KB
12-14 01:16:59.127 D/EGL_emulation( 1726): eglMakeCurrent: 0xa9985120: ver 3 0 (tinfo 0xa9983370)
12-14 01:16:59.135 D/EGL_emulation( 1726): eglMakeCurrent: 0xa9985120: ver 3 0 (tinfo 0xa9983370)
12-14 01:16:59.143 I/AudioFlinger( 1475): AudioFlinger's thread 0xaec83540 tid=4160 ready to run
12-14 01:16:59.147 D/EGL_emulation( 1726): eglMakeCurrent: 0xa9985120: ver 3 0 (tinfo 0xa9983370)
12-14 01:16:59.148 I/MicrophoneInputStream( 2150): mic_started com.google.android.apps.gsa.staticplugins.aa.c@33ef889
12-14 01:16:59.157 E/ActivityThread( 2150): Failed to find provider info for com.google.android.apps.gsa.testing.ui.audio.recorded
12-14 01:16:59.157 I/MicroDetectionWorker( 2150): onReady
12-14 01:16:59.161 D/EGL_emulation( 1726): eglMakeCurrent: 0xa9985120: ver 3 0 (tinfo 0xa9983370)
12-14 01:16:59.161 I/MicrophoneInputStream( 2150): mic_close com.google.android.apps.gsa.staticplugins.aa.c@33ef889
12-14 01:16:59.164 D/EGL_emulation( 1726): eglMakeCurrent: 0xa9985120: ver 3 0 (tinfo 0xa9983370)
12-14 01:16:59.175 I/MicroRecognitionRunner( 2150): Detection finished
12-14 01:16:59.176 W/ErrorReporter( 2150): reportError [type: 211, code: 524300]: Error reading from input stream
12-14 01:16:59.176 I/MicroRecognitionRunner( 2150): Stopping hotword detection.
12-14 01:16:59.177 W/ErrorProcessor( 2150): onFatalError, processing error from engine(4)
12-14 01:16:59.177 W/ErrorProcessor( 2150): com.google.android.apps.gsa.shared.speech.b.g: Error reading from input stream
12-14 01:16:59.177 W/ErrorProcessor( 2150): 	at com.google.android.apps.gsa.staticplugins.recognizer.j.a.a(SourceFile:28)
12-14 01:16:59.177 W/ErrorProcessor( 2150): 	at com.google.android.apps.gsa.staticplugins.recognizer.j.b.run(SourceFile:15)
12-14 01:16:59.177 W/ErrorProcessor( 2150): 	at java.util.concurrent.Executors$RunnableAdapter.call(Executors.java:457)
12-14 01:16:59.177 W/ErrorProcessor( 2150): 	at java.util.concurrent.FutureTask.run(FutureTask.java:266)
12-14 01:16:59.177 W/ErrorProcessor( 2150): 	at com.google.android.apps.gsa.shared.util.concurrent.a.ax.run(SourceFile:14)
12-14 01:16:59.177 W/ErrorProcessor( 2150): 	at com.google.android.apps.gsa.shared.util.concurrent.a.bl.run(SourceFile:4)
12-14 01:16:59.177 W/ErrorProcessor( 2150): 	at com.google.android.apps.gsa.shared.util.concurrent.a.bl.run(SourceFile:4)
12-14 01:16:59.177 W/ErrorProcessor( 2150): 	at java.util.concurrent.ThreadPoolExecutor.runWorker(ThreadPoolExecutor.java:1162)
12-14 01:16:59.177 W/ErrorProcessor( 2150): 	at java.util.concurrent.ThreadPoolExecutor$Worker.run(ThreadPoolExecutor.java:636)
12-14 01:16:59.177 W/ErrorProcessor( 2150): 	at java.lang.Thread.run(Thread.java:764)
12-14 01:16:59.177 W/ErrorProcessor( 2150): 	at com.google.android.apps.gsa.shared.util.concurrent.a.ai.run(SourceFile:6)
12-14 01:16:59.177 W/ErrorProcessor( 2150): Caused by: com.google.android.apps.gsa.shared.exception.GsaIOException: Error code: 393238 | Buffer overflow, no available space.
12-14 01:16:59.177 W/ErrorProcessor( 2150): 	at com.google.android.apps.gsa.speech.audio.Tee.f(SourceFile:103)
12-14 01:16:59.177 W/ErrorProcessor( 2150): 	at com.google.android.apps.gsa.speech.audio.au.read(SourceFile:2)
12-14 01:16:59.177 W/ErrorProcessor( 2150): 	at java.io.InputStream.read(InputStream.java:101)
12-14 01:16:59.177 W/ErrorProcessor( 2150): 	at com.google.android.apps.gsa.speech.audio.ao.run(SourceFile:18)
12-14 01:16:59.177 W/ErrorProcessor( 2150): 	at com.google.android.apps.gsa.speech.audio.an.run(SourceFile:2)
12-14 01:16:59.177 W/ErrorProcessor( 2150): 	... 9 more
12-14 01:16:59.177 I/AudioController( 2150): internalShutdown
12-14 01:16:59.180 D/EGL_emulation( 1726): eglMakeCurrent: 0xa9985120: ver 3 0 (tinfo 0xa9983370)
12-14 01:16:59.238 I/chatty  ( 1726): uid=10028(u0_a28) RenderThread identical 7 lines
12-14 01:16:59.253 D/EGL_emulation( 1726): eglMakeCurrent: 0xa9985120: ver 3 0 (tinfo 0xa9983370)
12-14 01:16:59.258 I/zygote  ( 1726): NativeAllocBackground concurrent copying GC freed 1674(144KB) AllocSpace objects, 0(0B) LOS objects, 49% free, 4MB/9MB, paused 537us total 166.999ms
12-14 01:16:59.262 D/EGL_emulation( 1726): eglMakeCurrent: 0xa9985120: ver 3 0 (tinfo 0xa9983370)
12-14 01:16:59.273 I/chatty  ( 1726): uid=10028(u0_a28) RenderThread identical 1 line
12-14 01:16:59.293 D/EGL_emulation( 1726): eglMakeCurrent: 0xa9985120: ver 3 0 (tinfo 0xa9983370)
12-14 01:16:59.301 I/MicroDetector( 2150): Keeping mic open: false
12-14 01:16:59.302 I/MicroDetectionWorker( 2150): #onError(false)
12-14 01:16:59.302 I/DeviceStateChecker( 2150): DeviceStateChecker cancelled
12-14 01:16:59.311 I/zygote  ( 4101): Do partial code cache collection, code=110KB, data=54KB
12-14 01:16:59.326 D/EGL_emulation( 1726): eglMakeCurrent: 0xa9985120: ver 3 0 (tinfo 0xa9983370)
12-14 01:16:59.328 I/zygote  ( 4101): After code cache collection, code=110KB, data=54KB
12-14 01:16:59.341 I/zygote  ( 4101): Increasing code cache capacity to 512KB
12-14 01:16:59.445 W/OpenGLRenderer( 2192): Incorrectly called buildLayer on View: ShortcutAndWidgetContainer, destroying layer...
12-14 01:16:59.653 D/AndroidRuntime( 4155): >>>>>> START com.android.internal.os.RuntimeInit uid 2000 <<<<<<
12-14 01:16:59.672 I/OpenGLRenderer( 1627): Initialized EGL, version 1.4
12-14 01:16:59.672 D/OpenGLRenderer( 1627): Swap behavior 1
12-14 01:16:59.672 W/OpenGLRenderer( 1627): Failed to choose config with EGL_SWAP_BEHAVIOR_PRESERVED, retrying without...
12-14 01:16:59.672 D/OpenGLRenderer( 1627): Swap behavior 0
12-14 01:16:59.681 D/EGL_emulation( 1627): eglCreateContext: 0x932269e0: maj 3 min 0 rcv 3
12-14 01:16:59.686 D/EGL_emulation( 1627): eglMakeCurrent: 0x932269e0: ver 3 0 (tinfo 0x938cc0f0)
12-14 01:16:59.688 E/eglCodecCommon( 1627): glUtilsParamSize: unknow param 0x00008cdf
12-14 01:16:59.688 E/eglCodecCommon( 1627): glUtilsParamSize: unknow param 0x00008cdf
12-14 01:16:59.688 E/eglCodecCommon( 1627): glUtilsParamSize: unknow param 0x00008824
12-14 01:16:59.688 E/eglCodecCommon( 1627): glUtilsParamSize: unknow param 0x00008824
12-14 01:16:59.729 W/app_process( 4155): Unexpected CPU variant for X86 using defaults: x86
12-14 01:16:59.768 D/AndroidRuntime( 4155): Calling main entry com.android.commands.am.Am
12-14 01:16:59.773 I/ActivityManager( 1627): Force stopping com.evancharlton.mileage appid=10276 user=0: start instr
12-14 01:16:59.773 I/ActivityManager( 1627): Killing 4101:com.evancharlton.mileage/u0a276 (adj 0): stop com.evancharlton.mileage
12-14 01:16:59.774 W/ActivityManager( 1627): Crash of app com.evancharlton.mileage running instrumentation ComponentInfo{com.evancharlton.mileage.test/sh.calaba.instrumentationbackend.CalabashInstrumentationTestRunner}
12-14 01:16:59.774 I/ActivityManager( 1627): Force stopping com.evancharlton.mileage appid=10276 user=0: finished inst
12-14 01:16:59.782 I/ActivityManager( 1627): Start proc 4169:com.evancharlton.mileage/u0a276 for added application com.evancharlton.mileage
12-14 01:16:59.783 D/AndroidRuntime( 4155): Shutting down VM
12-14 01:16:59.794 I/zygote  ( 4169): Not late-enabling -Xcheck:jni (already on)
12-14 01:16:59.820 W/zygote  ( 4169): Unexpected CPU variant for X86 using defaults: x86
12-14 01:16:59.823 E/adbd    ( 1382): failed to connect to socket 'tcp:7102': Connection refused
12-14 01:16:59.826 I/zygote  ( 1627): NativeAllocBackground concurrent copying GC freed 14951(1159KB) AllocSpace objects, 6(120KB) LOS objects, 37% free, 10MB/16MB, paused 738us total 160.380ms
12-14 01:16:59.836 W/ActivityManager( 1627): setHasOverlayUi called on unknown pid: 4101
12-14 01:16:59.852 E/adbd    ( 1382): failed to connect to socket 'tcp:7102': Connection refused
12-14 01:16:59.859 W/zygote  ( 4169): Found duplicate classes, falling back to extracting from APK : /data/app/com.evancharlton.mileage.test-YccQ5BCxjZRDB-jYhw1azw==/base.apk
12-14 01:16:59.859 W/zygote  ( 4169): NOTE: This wastes RAM and hurts startup performance.
12-14 01:16:59.859 W/zygote  ( 4169): Found duplicated class when checking oat files: 'Ljunit/runner/BaseTestRunner;' in /data/app/com.evancharlton.mileage.test-YccQ5BCxjZRDB-jYhw1azw==/base.apk and /system/framework/android.test.runner.jar
12-14 01:16:59.859 W/zygote  ( 4169): 
12-14 01:16:59.889 I/BackgroundDexOptService( 1627): Pinning optimized code {}
12-14 01:16:59.907 W/System  ( 4169): ClassLoader referenced unknown path: 
12-14 01:16:59.923 I/System.out( 4169): Main activity name automatically set to: com.evancharlton.mileage.Mileage
12-14 01:16:59.924 I/System.out( 4169): Calabash did not load Mono. This is only a problem if you are trying to test a Mono application
12-14 01:16:59.924 I/calabash( 4169): Test server port: 7102
12-14 01:16:59.926 I/InstrumentationBackend( 4169): Added:'GetPreferences', with key:'get_preferences'
12-14 01:16:59.956 E/adbd    ( 1382): failed to connect to socket 'tcp:7102': Connection refused
12-14 01:16:59.964 E/adbd    ( 1382): failed to connect to socket 'tcp:7102': Connection refused
12-14 01:17:00.035 I/InstrumentationBackend( 4169): Added:'SetPreferences', with key:'set_preferences'
12-14 01:17:00.039 I/InstrumentationBackend( 4169): Added:'ClearPreferences', with key:'clear_preferences'
12-14 01:17:00.042 I/InstrumentationBackend( 4169): Added:'PressElement', with key:'press_l10n_element'
12-14 01:17:00.043 I/InstrumentationBackend( 4169): Added:'WaitForElement', with key:'wait_for_l10n_element'
12-14 01:17:00.044 I/InstrumentationBackend( 4169): Added:'NullAction', with key:'nullAction'
12-14 01:17:00.045 I/InstrumentationBackend( 4169): Added:'PressKey', with key:'press_key'
12-14 01:17:00.045 I/InstrumentationBackend( 4169): Added:'SetActivityOrientation', with key:'set_activity_orientation'
12-14 01:17:00.046 I/InstrumentationBackend( 4169): Added:'GetActivityOrientation', with key:'get_activity_orientation'
12-14 01:17:00.046 I/InstrumentationBackend( 4169): Added:'FakeGPSLocation', with key:'set_gps_coordinates'
12-14 01:17:00.052 I/InstrumentationBackend( 4169): Added:'SetPropertyByCssSelector', with key:'set_property_by_css_selector'
12-14 01:17:00.060 I/InstrumentationBackend( 4169): Added:'GetUrl', with key:'get_url'
12-14 01:17:00.071 I/InstrumentationBackend( 4169): Added:'ScrollTo', with key:'scroll_to'
12-14 01:17:00.072 I/InstrumentationBackend( 4169): Added:'GetLoadProgress', with key:'get_load_progress'
12-14 01:17:00.073 I/InstrumentationBackend( 4169): Added:'DumpHtml', with key:'dump_html'
12-14 01:17:00.074 I/InstrumentationBackend( 4169): Added:'DumpBodyHtml', with key:'dump_body_html'
12-14 01:17:00.074 I/InstrumentationBackend( 4169): Added:'EnterTextByCssSelector', with key:'enter_text_by_selector'
12-14 01:17:00.079 I/InstrumentationBackend( 4169): Added:'AndroidSDKVersion', with key:'android_sdk_version'
12-14 01:17:00.080 I/InstrumentationBackend( 4169): Added:'Version', with key:'version'
12-14 01:17:00.080 I/InstrumentationBackend( 4169): Added:'Drag', with key:'drag'
12-14 01:17:00.081 I/InstrumentationBackend( 4169): Added:'TouchCoordinates', with key:'touch_coordinate'
12-14 01:17:00.081 I/InstrumentationBackend( 4169): Added:'LongPressCoordinate', with key:'long_press_coordinate'
12-14 01:17:00.085 I/InstrumentationBackend( 4169): Added:'DragCoordinates', with key:'drag_coordinates'
12-14 01:17:00.086 I/InstrumentationBackend( 4169): Added:'ResumeApplication', with key:'resume_application'
12-14 01:17:00.086 I/InstrumentationBackend( 4169): Added:'Swipe', with key:'swipe'
12-14 01:17:00.086 I/InstrumentationBackend( 4169): Added:'DoubleTapCoordinate', with key:'double_tap_coordinate'
12-14 01:17:00.087 I/InstrumentationBackend( 4169): Added:'ClickOnScreen', with key:'click_on_screen'
12-14 01:17:00.087 E/adbd    ( 1382): failed to connect to socket 'tcp:7102': Connection refused
12-14 01:17:00.089 I/InstrumentationBackend( 4169): Added:'GetActivityName', with key:'get_activity_name'
12-14 01:17:00.090 E/adbd    ( 1382): failed to connect to socket 'tcp:7102': Connection refused
12-14 01:17:00.091 I/InstrumentationBackend( 4169): Added:'ScrollToView', with key:'scroll_to_view'
12-14 01:17:00.092 I/InstrumentationBackend( 4169): Added:'ViewConfiguration', with key:'view_configuration'
12-14 01:17:00.093 I/InstrumentationBackend( 4169): Added:'IsCurrentActivityFocused', with key:'is_current_activity_focused'
12-14 01:17:00.093 I/InstrumentationBackend( 4169): Added:'SendTcp', with key:'send_tcp'
12-14 01:17:00.094 I/InstrumentationBackend( 4169): Added:'DpToDevicePixel', with key:'dp_to_device_pixel'
12-14 01:17:00.095 I/InstrumentationBackend( 4169): Added:'KeyboardEnterText', with key:'keyboard_enter_text'
12-14 01:17:00.096 I/InstrumentationBackend( 4169): Added:'DeleteSurroundingText', with key:'delete_surrounding_text'
12-14 01:17:00.096 I/InstrumentationBackend( 4169): Added:'SetComposingRegion', with key:'set_composing_region'
12-14 01:17:00.097 I/InstrumentationBackend( 4169): Added:'SetSelection', with key:'set_selection'
12-14 01:17:00.098 I/InstrumentationBackend( 4169): Added:'KeyboardKeyEvent', with key:'keyboard_key_event'
12-14 01:17:00.098 I/InstrumentationBackend( 4169): Added:'PressUserActionButton', with key:'press_user_action_button'
12-14 01:17:00.101 I/InstrumentationBackend( 4169): Added:'HideSoftKeyboard', with key:'hide_soft_keyboard'
12-14 01:17:00.104 I/InstrumentationBackend( 4169): Added:'ListActions', with key:'list_actions'
12-14 01:17:00.105 I/calabash( 4169): Instantiating http server at 7102
12-14 01:17:00.105 I/System.out( 4169): HTTP Daemon listening on: 7102
12-14 01:17:00.212 I/System.out( 4169): URI: //ping
12-14 01:17:00.213 I/System.out( 4169): params: {json={}
12-14 01:17:00.213 I/System.out( 4169): }
12-14 01:17:00.238 I/System.out( 4169): URI: //ping
12-14 01:17:00.238 I/System.out( 4169): params: {json={}
12-14 01:17:00.239 I/System.out( 4169): }
12-14 01:17:00.248 I/System.out( 4169): URI: //ready
12-14 01:17:00.248 I/System.out( 4169): params: {json={}
12-14 01:17:00.248 I/System.out( 4169): }
12-14 01:17:00.257 I/System.out( 4169): URI: //
12-14 01:17:00.257 I/System.out( 4169): params: {json={"command":"version","arguments":[]}
12-14 01:17:00.257 I/System.out( 4169): }
12-14 01:17:00.257 I/System.out( 4169): header: {content-type=application/json;charset=utf-8, date=Mon, 14 Dec 2020 06:17:00 GMT, accept=*/*, host=127.0.0.1:34777, content-length=36, user-agent=HTTPClient/1.0 (2.8.3, ruby 2.5.8 (2020-03-31))}
12-14 01:17:00.257 I/System.out( 4169): params: {json={"command":"version","arguments":[]}
12-14 01:17:00.257 I/System.out( 4169): }
12-14 01:17:00.257 I/System.out( 4169): ProP json = {"command":"version","arguments":[]}
12-14 01:17:00.257 I/System.out( 4169): files: {}
12-14 01:17:00.257 I/System.out( 4169): command: {"command":"version","arguments":[]}
12-14 01:17:00.291 I/InstrumentationBackend( 4169): Got command:'Command:'Line:null,version', arguments:'[]'
12-14 01:17:00.336 I/System.out( 4169): result:{"bonusInformation":[],"message":"0.9.8","success":true}
12-14 01:17:00.342 I/System.out( 4169): URI: //start-application
12-14 01:17:00.343 I/System.out( 4169): params: {json={"intent":null}
12-14 01:17:00.343 I/System.out( 4169): }
12-14 01:17:00.386 I/ActivityManager( 1627): START u0 {act=android.intent.action.MAIN cat=[android.intent.category.LAUNCHER] flg=0x10200000 cmp=com.evancharlton.mileage/.Mileage} from uid 10276
12-14 01:17:00.402 I/calabash( 4169): newActivity1
12-14 01:17:00.419 D/gralloc_ranchu( 1394): gralloc_alloc: Creating ashmem region of size 7753728
12-14 01:17:00.442 W/ActivityManager( 1627): Bad activity token: android.os.BinderProxy@61e22e8
12-14 01:17:00.442 W/ActivityManager( 1627): java.lang.ClassCastException: android.os.BinderProxy cannot be cast to com.android.server.am.ActivityRecord$Token
12-14 01:17:00.442 W/ActivityManager( 1627): 	at com.android.server.am.ActivityRecord.forTokenLocked(ActivityRecord.java:778)
12-14 01:17:00.442 W/ActivityManager( 1627): 	at com.android.server.am.ActivityRecord.isInStackLocked(ActivityRecord.java:2085)
12-14 01:17:00.442 W/ActivityManager( 1627): 	at com.android.server.am.ActivityRecord.getStackLocked(ActivityRecord.java:2090)
12-14 01:17:00.442 W/ActivityManager( 1627): 	at com.android.server.am.ActivityManagerService.getActivityDisplayId(ActivityManagerService.java:10406)
12-14 01:17:00.442 W/ActivityManager( 1627): 	at android.app.IActivityManager$Stub.onTransact(IActivityManager.java:2738)
12-14 01:17:00.442 W/ActivityManager( 1627): 	at com.android.server.am.ActivityManagerService.onTransact(ActivityManagerService.java:2935)
12-14 01:17:00.442 W/ActivityManager( 1627): 	at android.os.Binder.execTransact(Binder.java:674)
12-14 01:17:00.443 I/calabash( 4169): newActivity1
12-14 01:17:00.458 W/ActivityManager( 1627): Bad activity token: android.os.BinderProxy@61e22e8
12-14 01:17:00.458 W/ActivityManager( 1627): java.lang.ClassCastException: android.os.BinderProxy cannot be cast to com.android.server.am.ActivityRecord$Token
12-14 01:17:00.458 W/ActivityManager( 1627): 	at com.android.server.am.ActivityRecord.forTokenLocked(ActivityRecord.java:778)
12-14 01:17:00.458 W/ActivityManager( 1627): 	at com.android.server.am.ActivityRecord.isInStackLocked(ActivityRecord.java:2085)
12-14 01:17:00.458 W/ActivityManager( 1627): 	at com.android.server.am.ActivityManagerService.setTaskDescription(ActivityManagerService.java:9988)
12-14 01:17:00.458 W/ActivityManager( 1627): 	at android.app.IActivityManager$Stub.onTransact(IActivityManager.java:2824)
12-14 01:17:00.458 W/ActivityManager( 1627): 	at com.android.server.am.ActivityManagerService.onTransact(ActivityManagerService.java:2935)
12-14 01:17:00.458 W/ActivityManager( 1627): 	at android.os.Binder.execTransact(Binder.java:674)
12-14 01:17:00.460 W/ActivityManager( 1627): Bad activity token: android.os.BinderProxy@61e22e8
12-14 01:17:00.460 W/ActivityManager( 1627): java.lang.ClassCastException: android.os.BinderProxy cannot be cast to com.android.server.am.ActivityRecord$Token
12-14 01:17:00.460 W/ActivityManager( 1627): 	at com.android.server.am.ActivityRecord.forTokenLocked(ActivityRecord.java:778)
12-14 01:17:00.460 W/ActivityManager( 1627): 	at com.android.server.am.ActivityRecord.isInStackLocked(ActivityRecord.java:2085)
12-14 01:17:00.460 W/ActivityManager( 1627): 	at com.android.server.am.ActivityRecord.getStackLocked(ActivityRecord.java:2090)
12-14 01:17:00.460 W/ActivityManager( 1627): 	at com.android.server.am.ActivityManagerService.getActivityStackId(ActivityManagerService.java:10417)
12-14 01:17:00.460 W/ActivityManager( 1627): 	at android.app.IActivityManager$Stub.onTransact(IActivityManager.java:3548)
12-14 01:17:00.460 W/ActivityManager( 1627): 	at com.android.server.am.ActivityManagerService.onTransact(ActivityManagerService.java:2935)
12-14 01:17:00.460 W/ActivityManager( 1627): 	at android.os.Binder.execTransact(Binder.java:674)
12-14 01:17:00.474 D/EGL_emulation( 2150): eglMakeCurrent: 0xa9985840: ver 3 0 (tinfo 0xa99835b0)
12-14 01:17:00.477 D/EGL_emulation( 2192): eglMakeCurrent: 0xa9985540: ver 3 0 (tinfo 0xa9983290)
12-14 01:17:00.515 D/EGL_emulation( 1726): eglMakeCurrent: 0xa9985120: ver 3 0 (tinfo 0xa9983370)
12-14 01:17:00.525 I/chatty  ( 1726): uid=10028(u0_a28) RenderThread identical 1 line
12-14 01:17:00.535 D/EGL_emulation( 1726): eglMakeCurrent: 0xa9985120: ver 3 0 (tinfo 0xa9983370)
12-14 01:17:00.537 V/StatusBar( 1726): setLightsOn(true)
12-14 01:17:00.540 D/EGL_emulation( 1726): eglMakeCurrent: 0xa9985120: ver 3 0 (tinfo 0xa9983370)
12-14 01:17:00.544 E/ContentStoreEUAS( 2150): Failed to commit the deferred actions
12-14 01:17:00.552 D/EGL_emulation( 1726): eglMakeCurrent: 0xa9985120: ver 3 0 (tinfo 0xa9983370)
12-14 01:17:00.616 I/chatty  ( 1726): uid=10028(u0_a28) RenderThread identical 7 lines
12-14 01:17:00.619 D/EGL_emulation( 1726): eglMakeCurrent: 0xa9985120: ver 3 0 (tinfo 0xa9983370)
12-14 01:17:00.626 D/WificondControl( 1627): Scan result ready event
12-14 01:17:00.628 D/EGL_emulation( 1726): eglMakeCurrent: 0xa9985120: ver 3 0 (tinfo 0xa9983370)
12-14 01:17:00.659 W/ActivityManager( 1627): Bad activity token: android.os.BinderProxy@61e22e8
12-14 01:17:00.659 W/ActivityManager( 1627): java.lang.ClassCastException: android.os.BinderProxy cannot be cast to com.android.server.am.ActivityRecord$Token
12-14 01:17:00.659 W/ActivityManager( 1627): 	at com.android.server.am.ActivityRecord.forTokenLocked(ActivityRecord.java:778)
12-14 01:17:00.659 W/ActivityManager( 1627): 	at com.android.server.am.ActivityRecord.isInStackLocked(ActivityRecord.java:2085)
12-14 01:17:00.659 W/ActivityManager( 1627): 	at com.android.server.am.ActivityManagerService.getActivityOptions(ActivityManagerService.java:13302)
12-14 01:17:00.659 W/ActivityManager( 1627): 	at android.app.IActivityManager$Stub.onTransact(IActivityManager.java:2910)
12-14 01:17:00.659 W/ActivityManager( 1627): 	at com.android.server.am.ActivityManagerService.onTransact(ActivityManagerService.java:2935)
12-14 01:17:00.659 W/ActivityManager( 1627): 	at android.os.Binder.execTransact(Binder.java:674)
12-14 01:17:00.660 W/ActivityManager( 1627): Bad activity token: android.os.BinderProxy@61e22e8
12-14 01:17:00.660 W/ActivityManager( 1627): java.lang.ClassCastException: android.os.BinderProxy cannot be cast to com.android.server.am.ActivityRecord$Token
12-14 01:17:00.660 W/ActivityManager( 1627): 	at com.android.server.am.ActivityRecord.forTokenLocked(ActivityRecord.java:778)
12-14 01:17:00.660 W/ActivityManager( 1627): 	at com.android.server.am.ActivityRecord.isInStackLocked(ActivityRecord.java:2085)
12-14 01:17:00.660 W/ActivityManager( 1627): 	at com.android.server.am.ActivityManagerService.getActivityOptions(ActivityManagerService.java:13302)
12-14 01:17:00.660 W/ActivityManager( 1627): 	at android.app.IActivityManager$Stub.onTransact(IActivityManager.java:2910)
12-14 01:17:00.660 W/ActivityManager( 1627): 	at com.android.server.am.ActivityManagerService.onTransact(ActivityManagerService.java:2935)
12-14 01:17:00.660 W/ActivityManager( 1627): 	at android.os.Binder.execTransact(Binder.java:674)
12-14 01:17:00.686 I/chatty  ( 1726): uid=10028(u0_a28) RenderThread identical 7 lines
12-14 01:17:00.701 D/EGL_emulation( 1726): eglMakeCurrent: 0xa9985120: ver 3 0 (tinfo 0xa9983370)
12-14 01:17:00.765 V/StatusBar( 1726): setLightsOn(true)
12-14 01:17:00.852 I/zygote  ( 4169): Do partial code cache collection, code=29KB, data=30KB
12-14 01:17:00.862 I/zygote  ( 4169): After code cache collection, code=29KB, data=30KB
12-14 01:17:00.862 I/zygote  ( 4169): Increasing code cache capacity to 128KB
12-14 01:17:00.862 I/zygote  ( 4169): Do partial code cache collection, code=29KB, data=48KB
12-14 01:17:00.866 I/zygote  ( 4169): After code cache collection, code=29KB, data=48KB
12-14 01:17:00.866 I/zygote  ( 4169): Increasing code cache capacity to 256KB
12-14 01:17:00.867 I/zygote  ( 4169): JIT allocated 71KB for compiled code of void android.widget.TextView.<init>(android.content.Context, android.util.AttributeSet, int, int)
12-14 01:17:00.867 I/zygote  ( 4169): Compiler allocated 4MB to compile void android.widget.TextView.<init>(android.content.Context, android.util.AttributeSet, int, int)
12-14 01:17:00.885 V/StatusBar( 1726): setLightsOn(true)
12-14 01:17:00.889 I/chatty  ( 1726): uid=10028(u0_a28) com.android.systemui identical 2 lines
12-14 01:17:00.894 V/StatusBar( 1726): setLightsOn(true)
12-14 01:17:00.933 D/gralloc_ranchu( 1394): gralloc_alloc: Creating ashmem region of size 7753728
12-14 01:17:00.954 D/        ( 4169): HostConnection::get() New Host Connection established 0xa6db0cc0, tid 4169
12-14 01:17:01.020 V/StatusBar( 1726): setLightsOn(true)
12-14 01:17:01.025 V/StatusBar( 1726): setLightsOn(true)
12-14 01:17:01.028 I/ActivityManager( 1627): Displayed com.evancharlton.mileage/.Mileage: +631ms
12-14 01:17:01.031 V/StatusBar( 1726): setLightsOn(true)
12-14 01:17:01.049 V/StatusBar( 1726): setLightsOn(true)
12-14 01:17:01.058 D/gralloc_ranchu( 1394): gralloc_alloc: Creating ashmem region of size 7753728
12-14 01:17:01.063 I/zygote  ( 4169): Do full code cache collection, code=125KB, data=70KB
12-14 01:17:01.063 I/zygote  ( 4169): After code cache collection, code=106KB, data=43KB
12-14 01:17:01.231 V/StatusBar( 1726): setLightsOn(true)
12-14 01:17:01.293 W/SurfaceFlinger( 1415): couldn't log to binary event log: overflow.
12-14 01:17:01.353 D/BoundBrokerSvc( 2110): onUnbind: Intent { act=com.google.android.mdd.service.START cmp=com.google.android.gms/.chimera.GmsBoundBrokerService }
12-14 01:17:01.375 I/PBSessionCacheImpl( 2150): Deleted sessionId[6406990602638] from persistence.
12-14 01:17:01.380 D/BoundBrokerSvc( 1948): onUnbind: Intent { act=com.google.android.gms.clearcut.service.START cmp=com.google.android.gms/.chimera.PersistentDirectBootAwareApiService }
12-14 01:17:01.405 W/SearchService( 2150): Abort, client detached.
