--------- beginning of main
12-13 23:51:27.797 E/memtrack( 1627): Couldn't load memtrack module
12-13 23:51:27.797 W/android.os.Debug( 1627): failed to get memory consumption info: -1
12-13 23:51:28.093 D/BoundBrokerSvc( 1942): onUnbind: Intent { act=com.google.android.gms.clearcut.service.START cmp=com.google.android.gms/.chimera.PersistentDirectBootAwareApiService }
12-13 23:51:28.099 I/BackgroundDexOptService( 1627): Pinning optimized code {}
12-13 23:51:28.101 D/BoundBrokerSvc( 2206): onUnbind: Intent { act=com.google.android.mdd.service.START cmp=com.google.android.gms/.chimera.GmsBoundBrokerService }
12-13 23:51:28.148 D/AndroidRuntime( 4090): >>>>>> START com.android.internal.os.RuntimeInit uid 2000 <<<<<<
12-13 23:51:28.182 W/app_process( 4090): Unexpected CPU variant for X86 using defaults: x86
12-13 23:51:28.196 D/AndroidRuntime( 4090): Calling main entry com.android.commands.am.Am
12-13 23:51:28.208 I/zygote  ( 4100): Not late-enabling -Xcheck:jni (already on)
12-13 23:51:28.217 D/AndroidRuntime( 4090): Shutting down VM
12-13 23:51:28.219 W/zygote  ( 4100): Unexpected CPU variant for X86 using defaults: x86
12-13 23:51:28.240 E/adbd    ( 1360): failed to connect to socket 'tcp:7102': Connection refused
12-13 23:51:28.245 W/zygote  ( 4100): Found duplicate classes, falling back to extracting from APK : /data/app/com.evancharlton.mileage.test-uxw407Ax-6izt7YhmGgaIw==/base.apk
12-13 23:51:28.245 W/zygote  ( 4100): NOTE: This wastes RAM and hurts startup performance.
12-13 23:51:28.245 W/zygote  ( 4100): Found duplicated class when checking oat files: 'Ljunit/runner/BaseTestRunner;' in /data/app/com.evancharlton.mileage.test-uxw407Ax-6izt7YhmGgaIw==/base.apk and /system/framework/android.test.runner.jar
12-13 23:51:28.245 W/zygote  ( 4100): 
12-13 23:51:28.249 E/adbd    ( 1360): failed to connect to socket 'tcp:7102': Connection refused
12-13 23:51:28.265 I/MicroDetectionWorker( 2169): #updateMicroDetector [detectionMode: [mDetectionMode: [1]]]
12-13 23:51:28.265 I/MicroDetectionWorker( 2169): #startMicroDetector [speakerMode: 0]
12-13 23:51:28.265 I/AudioController( 2169): Using mInputStreamFactoryBuilder
12-13 23:51:28.266 I/MicroDetectionWorker( 2169): onReady
12-13 23:51:28.268 I/MicroRecognitionRunner( 2169): Starting detection.
12-13 23:51:28.269 I/MicrophoneInputStream( 2169): mic_starting com.google.android.apps.gsa.staticplugins.aa.c@ac3f040
12-13 23:51:28.270 I/AudioFlinger( 1474): AudioFlinger's thread 0xa6483680 tid=4119 ready to run
12-13 23:51:28.271 I/MicrophoneInputStream( 2169): mic_started com.google.android.apps.gsa.staticplugins.aa.c@ac3f040
12-13 23:51:28.272 I/MicroDetectionWorker( 2169): onReady
12-13 23:51:28.274 I/MicrophoneInputStream( 2169): mic_close com.google.android.apps.gsa.staticplugins.aa.c@ac3f040
12-13 23:51:28.274 I/MicroRecognitionRunner( 2169): Detection finished
12-13 23:51:28.274 W/ErrorReporter( 2169): reportError [type: 211, code: 524300]: Error reading from input stream
12-13 23:51:28.275 I/MicroRecognitionRunner( 2169): Stopping hotword detection.
12-13 23:51:28.275 W/ErrorProcessor( 2169): onFatalError, processing error from engine(4)
12-13 23:51:28.275 W/ErrorProcessor( 2169): com.google.android.apps.gsa.shared.speech.b.g: Error reading from input stream
12-13 23:51:28.275 W/ErrorProcessor( 2169): 	at com.google.android.apps.gsa.staticplugins.recognizer.j.a.a(SourceFile:28)
12-13 23:51:28.275 W/ErrorProcessor( 2169): 	at com.google.android.apps.gsa.staticplugins.recognizer.j.b.run(SourceFile:15)
12-13 23:51:28.275 W/ErrorProcessor( 2169): 	at java.util.concurrent.Executors$RunnableAdapter.call(Executors.java:457)
12-13 23:51:28.275 W/ErrorProcessor( 2169): 	at java.util.concurrent.FutureTask.run(FutureTask.java:266)
12-13 23:51:28.275 W/ErrorProcessor( 2169): 	at com.google.android.apps.gsa.shared.util.concurrent.a.ax.run(SourceFile:14)
12-13 23:51:28.275 W/ErrorProcessor( 2169): 	at com.google.android.apps.gsa.shared.util.concurrent.a.bl.run(SourceFile:4)
12-13 23:51:28.275 W/ErrorProcessor( 2169): 	at com.google.android.apps.gsa.shared.util.concurrent.a.bl.run(SourceFile:4)
12-13 23:51:28.275 W/ErrorProcessor( 2169): 	at java.util.concurrent.ThreadPoolExecutor.runWorker(ThreadPoolExecutor.java:1162)
12-13 23:51:28.275 W/ErrorProcessor( 2169): 	at java.util.concurrent.ThreadPoolExecutor$Worker.run(ThreadPoolExecutor.java:636)
12-13 23:51:28.275 W/ErrorProcessor( 2169): 	at java.lang.Thread.run(Thread.java:764)
12-13 23:51:28.275 W/ErrorProcessor( 2169): 	at com.google.android.apps.gsa.shared.util.concurrent.a.ai.run(SourceFile:6)
12-13 23:51:28.275 W/ErrorProcessor( 2169): Caused by: com.google.android.apps.gsa.shared.exception.GsaIOException: Error code: 393238 | Buffer overflow, no available space.
12-13 23:51:28.275 W/ErrorProcessor( 2169): 	at com.google.android.apps.gsa.speech.audio.Tee.f(SourceFile:103)
12-13 23:51:28.275 W/ErrorProcessor( 2169): 	at com.google.android.apps.gsa.speech.audio.au.read(SourceFile:2)
12-13 23:51:28.275 W/ErrorProcessor( 2169): 	at java.io.InputStream.read(InputStream.java:101)
12-13 23:51:28.275 W/ErrorProcessor( 2169): 	at com.google.android.apps.gsa.speech.audio.ao.run(SourceFile:18)
12-13 23:51:28.275 W/ErrorProcessor( 2169): 	at com.google.android.apps.gsa.speech.audio.an.run(SourceFile:2)
12-13 23:51:28.275 W/ErrorProcessor( 2169): 	... 9 more
12-13 23:51:28.275 I/AudioController( 2169): internalShutdown
12-13 23:51:28.276 I/MicroDetector( 2169): Keeping mic open: false
12-13 23:51:28.276 I/MicroDetectionWorker( 2169): #onError(false)
12-13 23:51:28.276 I/DeviceStateChecker( 2169): DeviceStateChecker cancelled
12-13 23:51:28.285 W/System  ( 4100): ClassLoader referenced unknown path: 
12-13 23:51:28.295 I/System.out( 4100): Main activity name automatically set to: com.evancharlton.mileage.Mileage
12-13 23:51:28.295 I/System.out( 4100): Calabash did not load Mono. This is only a problem if you are trying to test a Mono application
12-13 23:51:28.296 I/calabash( 4100): Test server port: 7102
12-13 23:51:28.297 I/InstrumentationBackend( 4100): Added:'GetPreferences', with key:'get_preferences'
12-13 23:51:28.323 D/WificondControl( 1627): Scan result ready event
12-13 23:51:28.354 E/adbd    ( 1360): failed to connect to socket 'tcp:7102': Connection refused
12-13 23:51:28.356 E/adbd    ( 1360): failed to connect to socket 'tcp:7102': Connection refused
12-13 23:51:28.365 I/InstrumentationBackend( 4100): Added:'SetPreferences', with key:'set_preferences'
12-13 23:51:28.365 I/InstrumentationBackend( 4100): Added:'ClearPreferences', with key:'clear_preferences'
12-13 23:51:28.365 I/InstrumentationBackend( 4100): Added:'PressElement', with key:'press_l10n_element'
12-13 23:51:28.365 I/InstrumentationBackend( 4100): Added:'WaitForElement', with key:'wait_for_l10n_element'
12-13 23:51:28.366 I/InstrumentationBackend( 4100): Added:'NullAction', with key:'nullAction'
12-13 23:51:28.366 I/InstrumentationBackend( 4100): Added:'PressKey', with key:'press_key'
12-13 23:51:28.367 I/InstrumentationBackend( 4100): Added:'SetActivityOrientation', with key:'set_activity_orientation'
12-13 23:51:28.367 I/InstrumentationBackend( 4100): Added:'GetActivityOrientation', with key:'get_activity_orientation'
12-13 23:51:28.367 I/InstrumentationBackend( 4100): Added:'FakeGPSLocation', with key:'set_gps_coordinates'
12-13 23:51:28.367 I/InstrumentationBackend( 4100): Added:'SetPropertyByCssSelector', with key:'set_property_by_css_selector'
12-13 23:51:28.369 I/InstrumentationBackend( 4100): Added:'GetUrl', with key:'get_url'
12-13 23:51:28.371 I/InstrumentationBackend( 4100): Added:'ScrollTo', with key:'scroll_to'
12-13 23:51:28.371 I/InstrumentationBackend( 4100): Added:'GetLoadProgress', with key:'get_load_progress'
12-13 23:51:28.371 I/InstrumentationBackend( 4100): Added:'DumpHtml', with key:'dump_html'
12-13 23:51:28.371 I/InstrumentationBackend( 4100): Added:'DumpBodyHtml', with key:'dump_body_html'
12-13 23:51:28.372 I/InstrumentationBackend( 4100): Added:'EnterTextByCssSelector', with key:'enter_text_by_selector'
12-13 23:51:28.376 I/InstrumentationBackend( 4100): Added:'AndroidSDKVersion', with key:'android_sdk_version'
12-13 23:51:28.377 I/InstrumentationBackend( 4100): Added:'Version', with key:'version'
12-13 23:51:28.377 I/InstrumentationBackend( 4100): Added:'Drag', with key:'drag'
12-13 23:51:28.377 I/InstrumentationBackend( 4100): Added:'TouchCoordinates', with key:'touch_coordinate'
12-13 23:51:28.377 I/InstrumentationBackend( 4100): Added:'LongPressCoordinate', with key:'long_press_coordinate'
12-13 23:51:28.377 I/InstrumentationBackend( 4100): Added:'DragCoordinates', with key:'drag_coordinates'
12-13 23:51:28.378 I/InstrumentationBackend( 4100): Added:'ResumeApplication', with key:'resume_application'
12-13 23:51:28.378 I/InstrumentationBackend( 4100): Added:'Swipe', with key:'swipe'
12-13 23:51:28.378 I/InstrumentationBackend( 4100): Added:'DoubleTapCoordinate', with key:'double_tap_coordinate'
12-13 23:51:28.379 I/InstrumentationBackend( 4100): Added:'ClickOnScreen', with key:'click_on_screen'
12-13 23:51:28.380 I/InstrumentationBackend( 4100): Added:'GetActivityName', with key:'get_activity_name'
12-13 23:51:28.380 I/InstrumentationBackend( 4100): Added:'ScrollToView', with key:'scroll_to_view'
12-13 23:51:28.381 I/InstrumentationBackend( 4100): Added:'ViewConfiguration', with key:'view_configuration'
12-13 23:51:28.381 I/InstrumentationBackend( 4100): Added:'IsCurrentActivityFocused', with key:'is_current_activity_focused'
12-13 23:51:28.381 I/InstrumentationBackend( 4100): Added:'SendTcp', with key:'send_tcp'
12-13 23:51:28.382 I/InstrumentationBackend( 4100): Added:'DpToDevicePixel', with key:'dp_to_device_pixel'
12-13 23:51:28.382 I/InstrumentationBackend( 4100): Added:'KeyboardEnterText', with key:'keyboard_enter_text'
12-13 23:51:28.383 I/InstrumentationBackend( 4100): Added:'DeleteSurroundingText', with key:'delete_surrounding_text'
12-13 23:51:28.383 I/InstrumentationBackend( 4100): Added:'SetComposingRegion', with key:'set_composing_region'
12-13 23:51:28.384 I/InstrumentationBackend( 4100): Added:'SetSelection', with key:'set_selection'
12-13 23:51:28.384 I/InstrumentationBackend( 4100): Added:'KeyboardKeyEvent', with key:'keyboard_key_event'
12-13 23:51:28.385 I/InstrumentationBackend( 4100): Added:'PressUserActionButton', with key:'press_user_action_button'
12-13 23:51:28.385 I/InstrumentationBackend( 4100): Added:'HideSoftKeyboard', with key:'hide_soft_keyboard'
12-13 23:51:28.387 I/InstrumentationBackend( 4100): Added:'ListActions', with key:'list_actions'
12-13 23:51:28.387 I/calabash( 4100): Instantiating http server at 7102
12-13 23:51:28.387 I/System.out( 4100): HTTP Daemon listening on: 7102
12-13 23:51:28.475 I/System.out( 4100): URI: //ping
12-13 23:51:28.475 I/System.out( 4100): params: {json={}
12-13 23:51:28.475 I/System.out( 4100): }
12-13 23:51:28.491 I/System.out( 4100): URI: //ping
12-13 23:51:28.491 I/System.out( 4100): params: {json={}
12-13 23:51:28.492 I/System.out( 4100): }
12-13 23:51:28.499 I/System.out( 4100): URI: //ready
12-13 23:51:28.499 I/System.out( 4100): params: {json={}
12-13 23:51:28.499 I/System.out( 4100): }
12-13 23:51:28.505 I/System.out( 4100): URI: //
12-13 23:51:28.505 I/System.out( 4100): params: {json={"command":"version","arguments":[]}
12-13 23:51:28.505 I/System.out( 4100): }
12-13 23:51:28.505 I/System.out( 4100): header: {content-type=application/json;charset=utf-8, date=Mon, 14 Dec 2020 04:51:29 GMT, accept=*/*, host=127.0.0.1:34777, content-length=36, user-agent=HTTPClient/1.0 (2.8.3, ruby 2.5.8 (2020-03-31))}
12-13 23:51:28.505 I/System.out( 4100): params: {json={"command":"version","arguments":[]}
12-13 23:51:28.505 I/System.out( 4100): }
12-13 23:51:28.505 I/System.out( 4100): ProP json = {"command":"version","arguments":[]}
12-13 23:51:28.505 I/System.out( 4100): files: {}
12-13 23:51:28.505 I/System.out( 4100): command: {"command":"version","arguments":[]}
12-13 23:51:28.532 I/InstrumentationBackend( 4100): Got command:'Command:'Line:null,version', arguments:'[]'
12-13 23:51:28.570 I/System.out( 4100): result:{"bonusInformation":[],"message":"0.9.8","success":true}
12-13 23:51:28.577 I/System.out( 4100): URI: //start-application
12-13 23:51:28.577 I/System.out( 4100): params: {json={"intent":null}
12-13 23:51:28.577 I/System.out( 4100): }
12-13 23:51:28.632 I/calabash( 4100): newActivity1
12-13 23:51:28.640 D/gralloc_ranchu( 1396): gralloc_alloc: Creating ashmem region of size 7753728
12-13 23:51:28.707 I/calabash( 4100): newActivity1
12-13 23:51:28.741 D/EGL_emulation( 2143): eglMakeCurrent: 0x9ac7cba0: ver 3 0 (tinfo 0x9ac7f830)
12-13 23:51:28.753 E/ContentStoreEUAS( 2169): Failed to commit the deferred actions
12-13 23:51:28.760 V/StatusBar( 1731): setLightsOn(true)
12-13 23:51:28.769 D/EGL_emulation( 2169): eglMakeCurrent: 0x9d585840: ver 3 0 (tinfo 0x9d583620)
12-13 23:51:28.780 D/EGL_emulation( 1731): eglMakeCurrent: 0x9d585540: ver 3 0 (tinfo 0x9d5835b0)
12-13 23:51:28.794 I/chatty  ( 1731): uid=10028(u0_a28) RenderThread identical 1 line
12-13 23:51:28.800 D/EGL_emulation( 1731): eglMakeCurrent: 0x9d585540: ver 3 0 (tinfo 0x9d5835b0)
12-13 23:51:28.801 V/StatusBar( 1731): setLightsOn(true)
12-13 23:51:28.806 D/EGL_emulation( 1731): eglMakeCurrent: 0x9d585540: ver 3 0 (tinfo 0x9d5835b0)
12-13 23:51:28.890 I/chatty  ( 1731): uid=10028(u0_a28) RenderThread identical 10 lines
12-13 23:51:28.899 D/EGL_emulation( 1731): eglMakeCurrent: 0x9d585540: ver 3 0 (tinfo 0x9d5835b0)
12-13 23:51:28.900 V/StatusBar( 1731): setLightsOn(true)
12-13 23:51:28.907 D/EGL_emulation( 1731): eglMakeCurrent: 0x9d585540: ver 3 0 (tinfo 0x9d5835b0)
12-13 23:51:28.965 I/chatty  ( 1731): uid=10028(u0_a28) RenderThread identical 6 lines
12-13 23:51:28.970 D/EGL_emulation( 1731): eglMakeCurrent: 0x9d585540: ver 3 0 (tinfo 0x9d5835b0)
12-13 23:51:28.970 V/StatusBar( 1731): setLightsOn(true)
12-13 23:51:28.981 D/EGL_emulation( 1731): eglMakeCurrent: 0x9d585540: ver 3 0 (tinfo 0x9d5835b0)
12-13 23:51:28.986 I/zygote  ( 4100): Do partial code cache collection, code=27KB, data=30KB
12-13 23:51:28.986 I/zygote  ( 4100): After code cache collection, code=27KB, data=30KB
12-13 23:51:28.986 I/zygote  ( 4100): Increasing code cache capacity to 128KB
12-13 23:51:28.987 I/zygote  ( 4100): Do partial code cache collection, code=27KB, data=48KB
12-13 23:51:28.988 I/zygote  ( 4100): After code cache collection, code=27KB, data=48KB
12-13 23:51:28.988 I/zygote  ( 4100): Increasing code cache capacity to 256KB
12-13 23:51:28.988 I/zygote  ( 4100): JIT allocated 71KB for compiled code of void android.widget.TextView.<init>(android.content.Context, android.util.AttributeSet, int, int)
12-13 23:51:28.988 I/zygote  ( 4100): Compiler allocated 4MB to compile void android.widget.TextView.<init>(android.content.Context, android.util.AttributeSet, int, int)
12-13 23:51:29.012 D/gralloc_ranchu( 1396): gralloc_alloc: Creating ashmem region of size 7753728
12-13 23:51:29.035 D/        ( 4100): HostConnection::get() New Host Connection established 0x9a9b0e40, tid 4100
12-13 23:51:29.096 V/StatusBar( 1731): setLightsOn(true)
12-13 23:51:29.100 V/StatusBar( 1731): setLightsOn(true)
12-13 23:51:29.102 I/ActivityManager( 1627): Displayed com.evancharlton.mileage/.Mileage: +480ms
12-13 23:51:29.105 V/StatusBar( 1731): setLightsOn(true)
12-13 23:51:29.109 I/chatty  ( 1731): uid=10028(u0_a28) com.android.systemui identical 1 line
12-13 23:51:29.127 V/StatusBar( 1731): setLightsOn(true)
12-13 23:51:29.136 D/gralloc_ranchu( 1396): gralloc_alloc: Creating ashmem region of size 7753728
12-13 23:51:29.193 V/StatusBar( 1731): setLightsOn(true)
12-13 23:51:29.464 I/chatty  ( 1731): uid=10028(u0_a28) com.android.systemui identical 3 lines
12-13 23:51:29.473 V/StatusBar( 1731): setLightsOn(true)
12-13 23:51:29.488 W/SurfaceFlinger( 1412): couldn't log to binary event log: overflow.
12-13 23:51:29.518 I/System.out( 4100): URI: //kill
12-13 23:51:29.518 I/System.out( 4100): params: {json={}
12-13 23:51:29.518 I/System.out( 4100): }
12-13 23:51:29.518 I/System.out( 4100): Stopping test server
12-13 23:51:29.522 E/adbd    ( 1360): failed to connect to socket 'tcp:7102': Connection refused
12-13 23:51:29.524 E/adbd    ( 1360): failed to connect to socket 'tcp:7102': Connection refused
12-13 23:51:29.588 I/PBSessionCacheImpl( 2169): Deleted sessionId[3452053051538] from persistence.
12-13 23:51:29.606 V/StatusBar( 1731): setLightsOn(true)
12-13 23:51:29.610 V/StatusBar( 1731): setLightsOn(true)
12-13 23:51:29.616 E/memtrack( 1627): Couldn't load memtrack module
12-13 23:51:29.616 W/android.os.Debug( 1627): failed to get memory consumption info: -1
12-13 23:51:29.618 V/StatusBar( 1731): setLightsOn(true)
12-13 23:51:29.625 V/StatusBar( 1731): setLightsOn(true)
12-13 23:51:29.635 I/zygote  ( 4100): Do full code cache collection, code=125KB, data=72KB
12-13 23:51:29.635 I/zygote  ( 4100): After code cache collection, code=111KB, data=46KB
12-13 23:51:29.666 D/gralloc_ranchu( 1396): gralloc_alloc: Creating ashmem region of size 8298496
12-13 23:51:29.666 W/SearchService( 2169): Abort, client detached.
12-13 23:51:29.686 I/zygote  ( 2169): Do partial code cache collection, code=246KB, data=187KB
12-13 23:51:29.689 D/gralloc_ranchu( 1396): gralloc_alloc: Creating ashmem region of size 8298496
12-13 23:51:29.688 D/EGL_emulation( 1731): eglMakeCurrent: 0x9d585540: ver 3 0 (tinfo 0x9d5835b0)
12-13 23:51:29.694 I/zygote  ( 2169): After code cache collection, code=246KB, data=187KB
12-13 23:51:29.694 I/zygote  ( 2169): Increasing code cache capacity to 1024KB
12-13 23:51:29.701 D/gralloc_ranchu( 1396): gralloc_alloc: Creating ashmem region of size 8298496
12-13 23:51:29.703 D/SurfaceFlinger( 1412): duplicate layer name: changing com.google.android.apps.nexuslauncher/com.google.android.apps.nexuslauncher.NexusLauncherActivity to com.google.android.apps.nexuslauncher/com.google.android.apps.nexuslauncher.NexusLauncherActivity#1
12-13 23:51:29.717 D/gralloc_ranchu( 1396): gralloc_alloc: Creating ashmem region of size 8298496
12-13 23:51:29.781 D/EGL_emulation( 2143): eglMakeCurrent: 0x9ac7cba0: ver 3 0 (tinfo 0x9ac7f830)
12-13 23:51:29.783 D/gralloc_ranchu( 1396): gralloc_alloc: Creating ashmem region of size 8298496
12-13 23:51:29.838 D/gralloc_ranchu( 1396): gralloc_alloc: Creating ashmem region of size 8298496
12-13 23:51:29.917 I/zygote  ( 2169): Deoptimizing void com.google.android.apps.gsa.search.core.service.worker.a.a.a(com.google.android.apps.gsa.search.core.state.qc) due to JIT inline cache
12-13 23:51:29.943 D/EGL_emulation( 2169): eglMakeCurrent: 0x9d585840: ver 3 0 (tinfo 0x9d583620)
12-13 23:51:29.967 W/SessionLifecycleManager( 2169): Handover failed. Creating new session controller.
12-13 23:51:29.968 D/gralloc_ranchu( 1396): gralloc_alloc: Creating ashmem region of size 7753728
12-13 23:51:29.969 E/GmsClient( 2169): unable to connect to service: com.google.android.gms.speech.service.START on com.google.android.gms
12-13 23:51:29.971 I/OptInState( 2169): There is a new client and it does not support opt-in. Dropping request.
12-13 23:51:29.998 D/        ( 1731): HostConnection::get() New Host Connection established 0x9d5a09c0, tid 1751
12-13 23:51:30.000 D/EGL_emulation( 1731): eglMakeCurrent: 0x9d585540: ver 3 0 (tinfo 0x9d5835b0)
12-13 23:51:30.020 D/EGL_emulation( 1731): eglMakeCurrent: 0x9d585540: ver 3 0 (tinfo 0x9d5835b0)
12-13 23:51:30.035 I/MicroDetectionWorker( 2169): #updateMicroDetector [detectionMode: [mDetectionMode: [1]]]
12-13 23:51:30.036 I/MicroDetectionWorker( 2169): #startMicroDetector [speakerMode: 0]
12-13 23:51:30.036 I/AudioController( 2169): Using mInputStreamFactoryBuilder
12-13 23:51:30.047 I/MicroRecognitionRunner( 2169): Starting detection.
12-13 23:51:30.050 D/EGL_emulation( 1731): eglMakeCurrent: 0x9d585540: ver 3 0 (tinfo 0x9d5835b0)
12-13 23:51:30.052 I/MicroDetectionWorker( 2169): onReady
12-13 23:51:30.062 I/MicrophoneInputStream( 2169): mic_starting com.google.android.apps.gsa.staticplugins.aa.c@eaee326
12-13 23:51:30.064 D/EGL_emulation( 1731): eglMakeCurrent: 0x9d585540: ver 3 0 (tinfo 0x9d5835b0)
12-13 23:51:30.070 D/EGL_emulation( 1731): eglMakeCurrent: 0x9d585540: ver 3 0 (tinfo 0x9d5835b0)
12-13 23:51:30.081 I/MicrophoneInputStream( 2169): mic_started com.google.android.apps.gsa.staticplugins.aa.c@eaee326
12-13 23:51:30.083 D/EGL_emulation( 1731): eglMakeCurrent: 0x9d585540: ver 3 0 (tinfo 0x9d5835b0)
12-13 23:51:30.084 I/MicroDetectionWorker( 2169): onReady
12-13 23:51:30.087 I/MicroRecognitionRunner( 2169): Detection finished
12-13 23:51:30.093 I/MicrophoneInputStream( 2169): mic_close com.google.android.apps.gsa.staticplugins.aa.c@eaee326
12-13 23:51:30.095 D/EGL_emulation( 1731): eglMakeCurrent: 0x9d585540: ver 3 0 (tinfo 0x9d5835b0)
12-13 23:51:30.099 I/AudioFlinger( 1474): AudioFlinger's thread 0xa6303b40 tid=4155 ready to run
12-13 23:51:30.099 W/ErrorReporter( 2169): reportError [type: 211, code: 524300]: Error reading from input stream
12-13 23:51:30.101 D/EGL_emulation( 1731): eglMakeCurrent: 0x9d585540: ver 3 0 (tinfo 0x9d5835b0)
12-13 23:51:30.116 I/MicroRecognitionRunner( 2169): Stopping hotword detection.
12-13 23:51:30.117 D/EGL_emulation( 1731): eglMakeCurrent: 0x9d585540: ver 3 0 (tinfo 0x9d5835b0)
12-13 23:51:30.120 D/EGL_emulation( 1731): eglMakeCurrent: 0x9d585540: ver 3 0 (tinfo 0x9d5835b0)
12-13 23:51:30.127 W/ErrorProcessor( 2169): onFatalError, processing error from engine(4)
12-13 23:51:30.127 W/ErrorProcessor( 2169): com.google.android.apps.gsa.shared.speech.b.g: Error reading from input stream
12-13 23:51:30.127 W/ErrorProcessor( 2169): 	at com.google.android.apps.gsa.staticplugins.recognizer.j.a.a(SourceFile:28)
12-13 23:51:30.127 W/ErrorProcessor( 2169): 	at com.google.android.apps.gsa.staticplugins.recognizer.j.b.run(SourceFile:15)
12-13 23:51:30.127 W/ErrorProcessor( 2169): 	at java.util.concurrent.Executors$RunnableAdapter.call(Executors.java:457)
12-13 23:51:30.127 W/ErrorProcessor( 2169): 	at java.util.concurrent.FutureTask.run(FutureTask.java:266)
12-13 23:51:30.127 W/ErrorProcessor( 2169): 	at com.google.android.apps.gsa.shared.util.concurrent.a.ax.run(SourceFile:14)
12-13 23:51:30.127 W/ErrorProcessor( 2169): 	at com.google.android.apps.gsa.shared.util.concurrent.a.bl.run(SourceFile:4)
12-13 23:51:30.127 W/ErrorProcessor( 2169): 	at com.google.android.apps.gsa.shared.util.concurrent.a.bl.run(SourceFile:4)
12-13 23:51:30.127 W/ErrorProcessor( 2169): 	at java.util.concurrent.ThreadPoolExecutor.runWorker(ThreadPoolExecutor.java:1162)
12-13 23:51:30.127 W/ErrorProcessor( 2169): 	at java.util.concurrent.ThreadPoolExecutor$Worker.run(ThreadPoolExecutor.java:636)
12-13 23:51:30.127 W/ErrorProcessor( 2169): 	at java.lang.Thread.run(Thread.java:764)
12-13 23:51:30.127 W/ErrorProcessor( 2169): 	at com.google.android.apps.gsa.shared.util.concurrent.a.ai.run(SourceFile:6)
12-13 23:51:30.127 W/ErrorProcessor( 2169): Caused by: com.google.android.apps.gsa.shared.exception.GsaIOException: Error code: 393238 | Buffer overflow, no available space.
12-13 23:51:30.127 W/ErrorProcessor( 2169): 	at com.google.android.apps.gsa.speech.audio.Tee.f(SourceFile:103)
12-13 23:51:30.127 W/ErrorProcessor( 2169): 	at com.google.android.apps.gsa.speech.audio.au.read(SourceFile:2)
12-13 23:51:30.127 W/ErrorProcessor( 2169): 	at java.io.InputStream.read(InputStream.java:101)
12-13 23:51:30.127 W/ErrorProcessor( 2169): 	at com.google.android.apps.gsa.speech.audio.ao.run(SourceFile:18)
12-13 23:51:30.127 W/ErrorProcessor( 2169): 	at com.google.android.apps.gsa.speech.audio.an.run(SourceFile:2)
12-13 23:51:30.127 W/ErrorProcessor( 2169): 	... 9 more
12-13 23:51:30.130 I/AudioController( 2169): internalShutdown
12-13 23:51:30.133 D/EGL_emulation( 1731): eglMakeCurrent: 0x9d585540: ver 3 0 (tinfo 0x9d5835b0)
12-13 23:51:30.136 I/MicroDetector( 2169): Keeping mic open: false
12-13 23:51:30.136 I/MicroDetectionWorker( 2169): #onError(false)
12-13 23:51:30.136 I/DeviceStateChecker( 2169): DeviceStateChecker cancelled
12-13 23:51:30.137 D/EGL_emulation( 1731): eglMakeCurrent: 0x9d585540: ver 3 0 (tinfo 0x9d5835b0)
12-13 23:51:30.198 I/chatty  ( 1731): uid=10028(u0_a28) RenderThread identical 8 lines
12-13 23:51:30.216 D/EGL_emulation( 1731): eglMakeCurrent: 0x9d585540: ver 3 0 (tinfo 0x9d5835b0)
12-13 23:51:30.225 W/OpenGLRenderer( 2143): Incorrectly called buildLayer on View: ShortcutAndWidgetContainer, destroying layer...
12-13 23:51:30.247 D/EGL_emulation( 1731): eglMakeCurrent: 0x9d585540: ver 3 0 (tinfo 0x9d5835b0)
12-13 23:51:30.252 D/EGL_emulation( 1731): eglMakeCurrent: 0x9d585540: ver 3 0 (tinfo 0x9d5835b0)
12-13 23:51:30.443 I/OpenGLRenderer( 1627): Initialized EGL, version 1.4
12-13 23:51:30.443 D/OpenGLRenderer( 1627): Swap behavior 1
12-13 23:51:30.444 W/OpenGLRenderer( 1627): Failed to choose config with EGL_SWAP_BEHAVIOR_PRESERVED, retrying without...
12-13 23:51:30.444 D/OpenGLRenderer( 1627): Swap behavior 0
12-13 23:51:30.460 D/EGL_emulation( 1627): eglCreateContext: 0x9d587dc0: maj 3 min 0 rcv 3
12-13 23:51:30.464 D/EGL_emulation( 1627): eglMakeCurrent: 0x9d587dc0: ver 3 0 (tinfo 0x8a760370)
12-13 23:51:30.475 E/eglCodecCommon( 1627): glUtilsParamSize: unknow param 0x00008cdf
12-13 23:51:30.476 E/eglCodecCommon( 1627): glUtilsParamSize: unknow param 0x00008cdf
12-13 23:51:30.477 E/eglCodecCommon( 1627): glUtilsParamSize: unknow param 0x00008824
12-13 23:51:30.480 E/eglCodecCommon( 1627): glUtilsParamSize: unknow param 0x00008824
--------- beginning of system
12-13 23:51:32.646 E/TaskPersister( 1627): File error accessing recents directory (directory doesn't exist?).
12-13 23:51:32.818 D/AndroidRuntime( 4159): >>>>>> START com.android.internal.os.RuntimeInit uid 2000 <<<<<<
12-13 23:51:32.851 W/app_process( 4159): Unexpected CPU variant for X86 using defaults: x86
12-13 23:51:32.869 D/AndroidRuntime( 4159): Calling main entry com.android.commands.am.Am
12-13 23:51:32.875 I/ActivityManager( 1627): Force stopping com.evancharlton.mileage appid=10190 user=0: start instr
12-13 23:51:32.875 I/ActivityManager( 1627): Killing 4100:com.evancharlton.mileage/u0a190 (adj 0): stop com.evancharlton.mileage
12-13 23:51:32.879 W/ActivityManager( 1627): Crash of app com.evancharlton.mileage running instrumentation ComponentInfo{com.evancharlton.mileage.test/sh.calaba.instrumentationbackend.CalabashInstrumentationTestRunner}
12-13 23:51:32.879 I/ActivityManager( 1627): Force stopping com.evancharlton.mileage appid=10190 user=0: finished inst
12-13 23:51:32.886 I/zygote  ( 4169): Not late-enabling -Xcheck:jni (already on)
12-13 23:51:32.891 I/ActivityManager( 1627): Start proc 4169:com.evancharlton.mileage/u0a190 for added application com.evancharlton.mileage
12-13 23:51:32.891 D/AndroidRuntime( 4159): Shutting down VM
12-13 23:51:32.892 W/ActivityManager( 1627): setHasOverlayUi called on unknown pid: 4100
12-13 23:51:32.892 E/memtrack( 1627): Couldn't load memtrack module
12-13 23:51:32.892 W/android.os.Debug( 1627): failed to get memory consumption info: -1
12-13 23:51:32.902 E/memtrack( 1627): Couldn't load memtrack module
12-13 23:51:32.902 W/android.os.Debug( 1627): failed to get memory consumption info: -1
12-13 23:51:32.904 W/zygote  ( 4169): Unexpected CPU variant for X86 using defaults: x86
12-13 23:51:32.914 E/adbd    ( 1360): failed to connect to socket 'tcp:7102': Connection refused
12-13 23:51:32.919 E/memtrack( 1627): Couldn't load memtrack module
12-13 23:51:32.919 W/android.os.Debug( 1627): failed to get memory consumption info: -1
12-13 23:51:32.923 W/zygote  ( 4169): Found duplicate classes, falling back to extracting from APK : /data/app/com.evancharlton.mileage.test-uxw407Ax-6izt7YhmGgaIw==/base.apk
12-13 23:51:32.923 W/zygote  ( 4169): NOTE: This wastes RAM and hurts startup performance.
12-13 23:51:32.923 W/zygote  ( 4169): Found duplicated class when checking oat files: 'Ljunit/runner/BaseTestRunner;' in /data/app/com.evancharlton.mileage.test-uxw407Ax-6izt7YhmGgaIw==/base.apk and /system/framework/android.test.runner.jar
12-13 23:51:32.923 W/zygote  ( 4169): 
12-13 23:51:32.925 E/adbd    ( 1360): failed to connect to socket 'tcp:7102': Connection refused
12-13 23:51:32.955 W/System  ( 4169): ClassLoader referenced unknown path: 
12-13 23:51:32.966 I/System.out( 4169): Main activity name automatically set to: com.evancharlton.mileage.Mileage
12-13 23:51:32.967 I/System.out( 4169): Calabash did not load Mono. This is only a problem if you are trying to test a Mono application
12-13 23:51:32.968 I/calabash( 4169): Test server port: 7102
12-13 23:51:32.970 I/InstrumentationBackend( 4169): Added:'GetPreferences', with key:'get_preferences'
12-13 23:51:33.028 I/InstrumentationBackend( 4169): Added:'SetPreferences', with key:'set_preferences'
12-13 23:51:33.028 I/InstrumentationBackend( 4169): Added:'ClearPreferences', with key:'clear_preferences'
12-13 23:51:33.029 I/InstrumentationBackend( 4169): Added:'PressElement', with key:'press_l10n_element'
12-13 23:51:33.029 I/InstrumentationBackend( 4169): Added:'WaitForElement', with key:'wait_for_l10n_element'
12-13 23:51:33.030 I/InstrumentationBackend( 4169): Added:'NullAction', with key:'nullAction'
12-13 23:51:33.031 E/adbd    ( 1360): failed to connect to socket 'tcp:7102': Connection refused
12-13 23:51:33.032 I/InstrumentationBackend( 4169): Added:'PressKey', with key:'press_key'
12-13 23:51:33.032 I/InstrumentationBackend( 4169): Added:'SetActivityOrientation', with key:'set_activity_orientation'
12-13 23:51:33.033 I/InstrumentationBackend( 4169): Added:'GetActivityOrientation', with key:'get_activity_orientation'
12-13 23:51:33.034 E/adbd    ( 1360): failed to connect to socket 'tcp:7102': Connection refused
12-13 23:51:33.034 I/InstrumentationBackend( 4169): Added:'FakeGPSLocation', with key:'set_gps_coordinates'
12-13 23:51:33.034 I/InstrumentationBackend( 4169): Added:'SetPropertyByCssSelector', with key:'set_property_by_css_selector'
12-13 23:51:33.036 I/InstrumentationBackend( 4169): Added:'GetUrl', with key:'get_url'
12-13 23:51:33.038 I/InstrumentationBackend( 4169): Added:'ScrollTo', with key:'scroll_to'
12-13 23:51:33.038 I/InstrumentationBackend( 4169): Added:'GetLoadProgress', with key:'get_load_progress'
12-13 23:51:33.039 I/InstrumentationBackend( 4169): Added:'DumpHtml', with key:'dump_html'
12-13 23:51:33.039 I/InstrumentationBackend( 4169): Added:'DumpBodyHtml', with key:'dump_body_html'
12-13 23:51:33.039 I/InstrumentationBackend( 4169): Added:'EnterTextByCssSelector', with key:'enter_text_by_selector'
12-13 23:51:33.043 I/InstrumentationBackend( 4169): Added:'AndroidSDKVersion', with key:'android_sdk_version'
12-13 23:51:33.044 I/InstrumentationBackend( 4169): Added:'Version', with key:'version'
12-13 23:51:33.044 I/InstrumentationBackend( 4169): Added:'Drag', with key:'drag'
12-13 23:51:33.044 I/InstrumentationBackend( 4169): Added:'TouchCoordinates', with key:'touch_coordinate'
12-13 23:51:33.044 I/InstrumentationBackend( 4169): Added:'LongPressCoordinate', with key:'long_press_coordinate'
12-13 23:51:33.044 I/InstrumentationBackend( 4169): Added:'DragCoordinates', with key:'drag_coordinates'
12-13 23:51:33.045 I/InstrumentationBackend( 4169): Added:'ResumeApplication', with key:'resume_application'
12-13 23:51:33.045 I/InstrumentationBackend( 4169): Added:'Swipe', with key:'swipe'
12-13 23:51:33.045 I/InstrumentationBackend( 4169): Added:'DoubleTapCoordinate', with key:'double_tap_coordinate'
12-13 23:51:33.045 I/InstrumentationBackend( 4169): Added:'ClickOnScreen', with key:'click_on_screen'
12-13 23:51:33.046 I/InstrumentationBackend( 4169): Added:'GetActivityName', with key:'get_activity_name'
12-13 23:51:33.046 I/InstrumentationBackend( 4169): Added:'ScrollToView', with key:'scroll_to_view'
12-13 23:51:33.047 I/InstrumentationBackend( 4169): Added:'ViewConfiguration', with key:'view_configuration'
12-13 23:51:33.047 I/InstrumentationBackend( 4169): Added:'IsCurrentActivityFocused', with key:'is_current_activity_focused'
12-13 23:51:33.047 I/InstrumentationBackend( 4169): Added:'SendTcp', with key:'send_tcp'
12-13 23:51:33.047 I/InstrumentationBackend( 4169): Added:'DpToDevicePixel', with key:'dp_to_device_pixel'
12-13 23:51:33.048 I/InstrumentationBackend( 4169): Added:'KeyboardEnterText', with key:'keyboard_enter_text'
12-13 23:51:33.048 I/InstrumentationBackend( 4169): Added:'DeleteSurroundingText', with key:'delete_surrounding_text'
12-13 23:51:33.049 I/InstrumentationBackend( 4169): Added:'SetComposingRegion', with key:'set_composing_region'
12-13 23:51:33.049 I/InstrumentationBackend( 4169): Added:'SetSelection', with key:'set_selection'
12-13 23:51:33.049 I/InstrumentationBackend( 4169): Added:'KeyboardKeyEvent', with key:'keyboard_key_event'
12-13 23:51:33.050 I/InstrumentationBackend( 4169): Added:'PressUserActionButton', with key:'press_user_action_button'
12-13 23:51:33.051 I/InstrumentationBackend( 4169): Added:'HideSoftKeyboard', with key:'hide_soft_keyboard'
12-13 23:51:33.052 I/InstrumentationBackend( 4169): Added:'ListActions', with key:'list_actions'
12-13 23:51:33.053 I/calabash( 4169): Instantiating http server at 7102
12-13 23:51:33.053 I/System.out( 4169): HTTP Daemon listening on: 7102
12-13 23:51:33.148 I/System.out( 4169): URI: //ping
12-13 23:51:33.148 I/System.out( 4169): params: {json={}
12-13 23:51:33.148 I/System.out( 4169): }
12-13 23:51:33.155 I/System.out( 4169): URI: //ping
12-13 23:51:33.155 I/System.out( 4169): params: {json={}
12-13 23:51:33.155 I/System.out( 4169): }
12-13 23:51:33.162 I/System.out( 4169): URI: //ready
12-13 23:51:33.162 I/System.out( 4169): params: {json={}
12-13 23:51:33.162 I/System.out( 4169): }
12-13 23:51:33.168 I/System.out( 4169): URI: //
12-13 23:51:33.168 I/System.out( 4169): params: {json={"command":"version","arguments":[]}
12-13 23:51:33.168 I/System.out( 4169): }
12-13 23:51:33.168 I/System.out( 4169): header: {content-type=application/json;charset=utf-8, date=Mon, 14 Dec 2020 04:51:34 GMT, accept=*/*, host=127.0.0.1:34777, content-length=36, user-agent=HTTPClient/1.0 (2.8.3, ruby 2.5.8 (2020-03-31))}
12-13 23:51:33.168 I/System.out( 4169): params: {json={"command":"version","arguments":[]}
12-13 23:51:33.168 I/System.out( 4169): }
12-13 23:51:33.168 I/System.out( 4169): ProP json = {"command":"version","arguments":[]}
12-13 23:51:33.168 I/System.out( 4169): files: {}
12-13 23:51:33.168 I/System.out( 4169): command: {"command":"version","arguments":[]}
12-13 23:51:33.195 I/InstrumentationBackend( 4169): Got command:'Command:'Line:null,version', arguments:'[]'
12-13 23:51:33.231 I/System.out( 4169): result:{"bonusInformation":[],"message":"0.9.8","success":true}
12-13 23:51:33.238 I/System.out( 4169): URI: //start-application
12-13 23:51:33.238 I/System.out( 4169): params: {json={"intent":null}
12-13 23:51:33.238 I/System.out( 4169): }
12-13 23:51:33.276 I/ActivityManager( 1627): START u0 {act=android.intent.action.MAIN cat=[android.intent.category.LAUNCHER] flg=0x10200000 cmp=com.evancharlton.mileage/.Mileage} from uid 10190
12-13 23:51:33.284 I/ActivityManager( 1627): Killing 3358:com.google.android.apps.messaging:rcs/u0a66 (adj 906): empty #17
12-13 23:51:33.292 I/calabash( 4169): newActivity1
12-13 23:51:33.308 D/gralloc_ranchu( 1396): gralloc_alloc: Creating ashmem region of size 7753728
12-13 23:51:33.327 W/ActivityManager( 1627): Bad activity token: android.os.BinderProxy@a2d664d
12-13 23:51:33.327 W/ActivityManager( 1627): java.lang.ClassCastException: android.os.BinderProxy cannot be cast to com.android.server.am.ActivityRecord$Token
12-13 23:51:33.327 W/ActivityManager( 1627): 	at com.android.server.am.ActivityRecord.forTokenLocked(ActivityRecord.java:778)
12-13 23:51:33.327 W/ActivityManager( 1627): 	at com.android.server.am.ActivityRecord.isInStackLocked(ActivityRecord.java:2085)
12-13 23:51:33.327 W/ActivityManager( 1627): 	at com.android.server.am.ActivityRecord.getStackLocked(ActivityRecord.java:2090)
12-13 23:51:33.327 W/ActivityManager( 1627): 	at com.android.server.am.ActivityManagerService.getActivityDisplayId(ActivityManagerService.java:10406)
12-13 23:51:33.327 W/ActivityManager( 1627): 	at android.app.IActivityManager$Stub.onTransact(IActivityManager.java:2738)
12-13 23:51:33.327 W/ActivityManager( 1627): 	at com.android.server.am.ActivityManagerService.onTransact(ActivityManagerService.java:2935)
12-13 23:51:33.327 W/ActivityManager( 1627): 	at android.os.Binder.execTransact(Binder.java:674)
12-13 23:51:33.328 I/calabash( 4169): newActivity1
12-13 23:51:33.340 W/ActivityManager( 1627): Bad activity token: android.os.BinderProxy@a2d664d
12-13 23:51:33.340 W/ActivityManager( 1627): java.lang.ClassCastException: android.os.BinderProxy cannot be cast to com.android.server.am.ActivityRecord$Token
12-13 23:51:33.340 W/ActivityManager( 1627): 	at com.android.server.am.ActivityRecord.forTokenLocked(ActivityRecord.java:778)
12-13 23:51:33.340 W/ActivityManager( 1627): 	at com.android.server.am.ActivityRecord.isInStackLocked(ActivityRecord.java:2085)
12-13 23:51:33.340 W/ActivityManager( 1627): 	at com.android.server.am.ActivityManagerService.setTaskDescription(ActivityManagerService.java:9988)
12-13 23:51:33.340 W/ActivityManager( 1627): 	at android.app.IActivityManager$Stub.onTransact(IActivityManager.java:2824)
12-13 23:51:33.340 W/ActivityManager( 1627): 	at com.android.server.am.ActivityManagerService.onTransact(ActivityManagerService.java:2935)
12-13 23:51:33.340 W/ActivityManager( 1627): 	at android.os.Binder.execTransact(Binder.java:674)
12-13 23:51:33.342 W/ActivityManager( 1627): Bad activity token: android.os.BinderProxy@a2d664d
12-13 23:51:33.342 W/ActivityManager( 1627): java.lang.ClassCastException: android.os.BinderProxy cannot be cast to com.android.server.am.ActivityRecord$Token
12-13 23:51:33.342 W/ActivityManager( 1627): 	at com.android.server.am.ActivityRecord.forTokenLocked(ActivityRecord.java:778)
12-13 23:51:33.342 W/ActivityManager( 1627): 	at com.android.server.am.ActivityRecord.isInStackLocked(ActivityRecord.java:2085)
12-13 23:51:33.342 W/ActivityManager( 1627): 	at com.android.server.am.ActivityRecord.getStackLocked(ActivityRecord.java:2090)
12-13 23:51:33.342 W/ActivityManager( 1627): 	at com.android.server.am.ActivityManagerService.getActivityStackId(ActivityManagerService.java:10417)
12-13 23:51:33.342 W/ActivityManager( 1627): 	at android.app.IActivityManager$Stub.onTransact(IActivityManager.java:3548)
12-13 23:51:33.342 W/ActivityManager( 1627): 	at com.android.server.am.ActivityManagerService.onTransact(ActivityManagerService.java:2935)
12-13 23:51:33.342 W/ActivityManager( 1627): 	at android.os.Binder.execTransact(Binder.java:674)
12-13 23:51:33.368 D/EGL_emulation( 2169): eglMakeCurrent: 0x9d585840: ver 3 0 (tinfo 0x9d583620)
12-13 23:51:33.369 D/EGL_emulation( 2143): eglMakeCurrent: 0x9ac7cba0: ver 3 0 (tinfo 0x9ac7f830)
12-13 23:51:33.401 D/EGL_emulation( 1731): eglMakeCurrent: 0x9d585540: ver 3 0 (tinfo 0x9d5835b0)
12-13 23:51:33.406 I/chatty  ( 1731): uid=10028(u0_a28) RenderThread identical 2 lines
12-13 23:51:33.416 D/EGL_emulation( 1731): eglMakeCurrent: 0x9d585540: ver 3 0 (tinfo 0x9d5835b0)
12-13 23:51:33.416 V/StatusBar( 1731): setLightsOn(true)
12-13 23:51:33.422 E/ContentStoreEUAS( 2169): Failed to commit the deferred actions
12-13 23:51:33.424 D/EGL_emulation( 1731): eglMakeCurrent: 0x9d585540: ver 3 0 (tinfo 0x9d5835b0)
12-13 23:51:33.462 W/ActivityManager( 1627): Bad activity token: android.os.BinderProxy@a2d664d
12-13 23:51:33.462 W/ActivityManager( 1627): java.lang.ClassCastException: android.os.BinderProxy cannot be cast to com.android.server.am.ActivityRecord$Token
12-13 23:51:33.462 W/ActivityManager( 1627): 	at com.android.server.am.ActivityRecord.forTokenLocked(ActivityRecord.java:778)
12-13 23:51:33.462 W/ActivityManager( 1627): 	at com.android.server.am.ActivityRecord.isInStackLocked(ActivityRecord.java:2085)
12-13 23:51:33.462 W/ActivityManager( 1627): 	at com.android.server.am.ActivityManagerService.getActivityOptions(ActivityManagerService.java:13302)
12-13 23:51:33.462 W/ActivityManager( 1627): 	at android.app.IActivityManager$Stub.onTransact(IActivityManager.java:2910)
12-13 23:51:33.462 W/ActivityManager( 1627): 	at com.android.server.am.ActivityManagerService.onTransact(ActivityManagerService.java:2935)
12-13 23:51:33.462 W/ActivityManager( 1627): 	at android.os.Binder.execTransact(Binder.java:674)
12-13 23:51:33.463 W/ActivityManager( 1627): Bad activity token: android.os.BinderProxy@a2d664d
12-13 23:51:33.463 W/ActivityManager( 1627): java.lang.ClassCastException: android.os.BinderProxy cannot be cast to com.android.server.am.ActivityRecord$Token
12-13 23:51:33.463 W/ActivityManager( 1627): 	at com.android.server.am.ActivityRecord.forTokenLocked(ActivityRecord.java:778)
12-13 23:51:33.463 W/ActivityManager( 1627): 	at com.android.server.am.ActivityRecord.isInStackLocked(ActivityRecord.java:2085)
12-13 23:51:33.463 W/ActivityManager( 1627): 	at com.android.server.am.ActivityManagerService.getActivityOptions(ActivityManagerService.java:13302)
12-13 23:51:33.463 W/ActivityManager( 1627): 	at android.app.IActivityManager$Stub.onTransact(IActivityManager.java:2910)
12-13 23:51:33.463 W/ActivityManager( 1627): 	at com.android.server.am.ActivityManagerService.onTransact(ActivityManagerService.java:2935)
12-13 23:51:33.463 W/ActivityManager( 1627): 	at android.os.Binder.execTransact(Binder.java:674)
12-13 23:51:33.555 I/chatty  ( 1731): uid=10028(u0_a28) RenderThread identical 15 lines
12-13 23:51:33.566 D/EGL_emulation( 1731): eglMakeCurrent: 0x9d585540: ver 3 0 (tinfo 0x9d5835b0)
12-13 23:51:33.568 V/StatusBar( 1731): setLightsOn(true)
12-13 23:51:33.570 D/EGL_emulation( 1731): eglMakeCurrent: 0x9d585540: ver 3 0 (tinfo 0x9d5835b0)
12-13 23:51:33.585 I/chatty  ( 1731): uid=10028(u0_a28) RenderThread identical 1 line
12-13 23:51:33.588 D/EGL_emulation( 1731): eglMakeCurrent: 0x9d585540: ver 3 0 (tinfo 0x9d5835b0)
12-13 23:51:33.600 V/StatusBar( 1731): setLightsOn(true)
12-13 23:51:33.603 I/chatty  ( 1731): uid=10028(u0_a28) com.android.systemui identical 1 line
12-13 23:51:33.604 V/StatusBar( 1731): setLightsOn(true)
12-13 23:51:33.632 I/zygote  ( 4169): Do partial code cache collection, code=28KB, data=30KB
12-13 23:51:33.635 I/zygote  ( 4169): After code cache collection, code=28KB, data=30KB
12-13 23:51:33.635 I/zygote  ( 4169): Increasing code cache capacity to 128KB
12-13 23:51:33.637 I/zygote  ( 4169): Do partial code cache collection, code=28KB, data=48KB
12-13 23:51:33.637 I/zygote  ( 4169): After code cache collection, code=28KB, data=48KB
12-13 23:51:33.637 I/zygote  ( 4169): Increasing code cache capacity to 256KB
12-13 23:51:33.638 I/zygote  ( 4169): JIT allocated 71KB for compiled code of void android.widget.TextView.<init>(android.content.Context, android.util.AttributeSet, int, int)
12-13 23:51:33.638 I/zygote  ( 4169): Compiler allocated 4MB to compile void android.widget.TextView.<init>(android.content.Context, android.util.AttributeSet, int, int)
12-13 23:51:33.644 D/gralloc_ranchu( 1396): gralloc_alloc: Creating ashmem region of size 7753728
12-13 23:51:33.664 D/        ( 4169): HostConnection::get() New Host Connection established 0x9a9b0c00, tid 4169
12-13 23:51:33.714 V/StatusBar( 1731): setLightsOn(true)
12-13 23:51:33.718 V/StatusBar( 1731): setLightsOn(true)
12-13 23:51:33.721 I/ActivityManager( 1627): Displayed com.evancharlton.mileage/.Mileage: +435ms
12-13 23:51:33.737 V/StatusBar( 1731): setLightsOn(true)
12-13 23:51:33.751 D/gralloc_ranchu( 1396): gralloc_alloc: Creating ashmem region of size 7753728
12-13 23:51:33.851 V/StatusBar( 1731): setLightsOn(true)
