12-13 23:33:33.997 D/Mileage.ABS( 4509): Not backing up; 303
12-13 23:33:33.997 D/Mileage.ABS( 4509): Not backing up; 303
12-13 23:33:34.010 D/Mileage.ABS( 4509): Not backing up; 315
12-13 23:33:34.019 D/Mileage.ABS( 4509): Not backing up; 325
12-13 23:33:34.038 D/Mileage.ABS( 4509): Not backing up; 343
12-13 23:33:34.050 D/Mileage.ABS( 4509): Not backing up; 355
12-13 23:33:34.063 D/Mileage.ABS( 4509): Not backing up; 369
12-13 23:33:34.081 D/Mileage.ABS( 4509): Not backing up; 386
12-13 23:33:34.091 D/Mileage.ABS( 4509): Not backing up; 397
12-13 23:33:34.108 D/Mileage.ABS( 4509): Not backing up; 414
12-13 23:33:34.118 D/Mileage.ABS( 4509): Not backing up; 424
12-13 23:33:34.143 D/Mileage.ABS( 4509): Not backing up; 449
12-13 23:33:34.144 D/Mileage.ABS( 4509): Not backing up; 450
12-13 23:33:34.169 D/Mileage.ABS( 4509): Not backing up; 475
12-13 23:33:34.184 D/Mileage.ABS( 4509): Not backing up; 490
12-13 23:33:34.196 D/Mileage.ABS( 4509): Not backing up; 501
12-13 23:33:34.211 D/Mileage.ABS( 4509): Not backing up; 517
12-13 23:33:34.226 D/Mileage.ABS( 4509): Not backing up; 531
12-13 23:33:34.245 D/Mileage.ABS( 4509): Not backing up; 549
12-13 23:33:34.251 D/Mileage.ABS( 4509): Not backing up; 553
12-13 23:33:34.268 D/Mileage.ABS( 4509): Not backing up; 574
12-13 23:33:34.269 D/Mileage.ABS( 4509): Not backing up; 574
12-13 23:33:34.271 D/Mileage.ABS( 4509): Not backing up; 577
12-13 23:33:34.288 D/Mileage.ABS( 4509): Not backing up; 594
12-13 23:33:34.300 D/Mileage.ABS( 4509): Not backing up; 606
12-13 23:33:34.310 D/Mileage.ABS( 4509): Not backing up; 616
12-13 23:33:34.341 D/Mileage.ABS( 4509): Not backing up; 647
12-13 23:33:34.363 D/Mileage.ABS( 4509): Not backing up; 669
12-13 23:33:34.377 D/Mileage.ABS( 4509): Not backing up; 683
12-13 23:33:34.399 D/Mileage.ABS( 4509): Not backing up; 705
12-13 23:33:34.408 D/Mileage.ABS( 4509): Not backing up; 714
12-13 23:33:34.429 D/Mileage.ABS( 4509): Not backing up; 735
12-13 23:33:34.438 D/Mileage.ABS( 4509): Not backing up; 744
12-13 23:33:34.454 D/Mileage.ABS( 4509): Not backing up; 760
12-13 23:33:34.463 D/Mileage.ABS( 4509): Not backing up; 769
12-13 23:33:34.478 I/System.out( 4509): URI: //gesture
12-13 23:33:34.479 I/System.out( 4509): params: {json={"query_timeout":5.0,"gestures":[{"query_string":"android.widget.TabWidget descendant TextView index:0","touches":[{"x":50,"y":50,"offset_x":0,"offset_y":0,"wait":0.0,"time":0.2,"release":true,"query_string":null}]}]}
12-13 23:33:34.479 I/System.out( 4509): }
12-13 23:33:34.485 D/Mileage.ABS( 4509): Not backing up; 791
12-13 23:33:34.501 D/Mileage.ABS( 4509): Not backing up; 807
12-13 23:33:34.527 D/Mileage.ABS( 4509): Not backing up; 833
12-13 23:33:34.539 D/Mileage.ABS( 4509): Not backing up; 844
12-13 23:33:34.540 D/Mileage.ABS( 4509): Not backing up; 846
12-13 23:33:34.547 D/Mileage.ABS( 4509): Not backing up; 853
12-13 23:33:34.567 D/Mileage.ABS( 4509): Not backing up; 873
12-13 23:33:34.579 D/Mileage.ABS( 4509): Not backing up; 885
12-13 23:33:34.603 D/VehicleStatisticsAdapter( 4509): Caching of 29 records complete! (0.893 seconds)
12-13 23:33:34.635 D/VehicleStatisticsAdapter( 4509): Caching of 29 records complete! (0.889 seconds)
12-13 23:33:34.638 D/Mileage.ABS( 4509): Not backing up; 944
12-13 23:33:34.638 D/Mileage.ABS( 4509): Not backing up; 944
12-13 23:33:34.640 D/Mileage.ABS( 4509): Not backing up; 946
12-13 23:33:34.640 D/Mileage.ABS( 4509): Not backing up; 946
12-13 23:33:34.927 W/View    ( 4509): dispatchProvideAutofillStructure(): not laid out, ignoring
12-13 23:33:34.929 I/chatty  ( 4509): uid=10172(u0_a172) com.evancharlton.mileage identical 1 line
12-13 23:33:34.930 W/View    ( 4509): dispatchProvideAutofillStructure(): not laid out, ignoring
12-13 23:33:34.937 W/Binder  ( 1630): Outgoing transactions from this process must be FLAG_ONEWAY
12-13 23:33:34.937 W/Binder  ( 1630): java.lang.Throwable
12-13 23:33:34.937 W/Binder  ( 1630): 	at android.os.BinderProxy.transact(Binder.java:736)
12-13 23:33:34.937 W/Binder  ( 1630): 	at android.app.assist.AssistStructure$ParcelTransferReader.fetchData(AssistStructure.java:407)
12-13 23:33:34.937 W/Binder  ( 1630): 	at android.app.assist.AssistStructure$ParcelTransferReader.go(AssistStructure.java:343)
12-13 23:33:34.937 W/Binder  ( 1630): 	at android.app.assist.AssistStructure.ensureData(AssistStructure.java:2096)
12-13 23:33:34.937 W/Binder  ( 1630): 	at com.android.server.autofill.Session$1.send(Session.java:200)
12-13 23:33:34.937 W/Binder  ( 1630): 	at com.android.server.am.ActivityManagerService.reportAssistContextExtras(ActivityManagerService.java:13137)
12-13 23:33:34.937 W/Binder  ( 1630): 	at android.app.IActivityManager$Stub.onTransact(IActivityManager.java:2466)
12-13 23:33:34.937 W/Binder  ( 1630): 	at com.android.server.am.ActivityManagerService.onTransact(ActivityManagerService.java:2935)
12-13 23:33:34.937 W/Binder  ( 1630): 	at android.os.Binder.execTransact(Binder.java:674)
12-13 23:33:34.950 I/AssistStructure( 4509): Flattened final assist data: 15312 bytes, containing 1 windows, 69 views
12-13 23:33:34.958 I/AssistStructure( 1630): Flattened final assist data: 13988 bytes, containing 1 windows, 69 views
12-13 23:33:34.961 W/lgq     ( 1944): Pending fill request while another request in the same session was triggered. [CONTEXT service_id=177 ]
12-13 23:33:35.054 E/SurfaceFlinger( 1410): ro.sf.lcd_density must be defined as a build property
12-13 23:33:35.064 D/gralloc_ranchu( 1396): gralloc_alloc: Creating ashmem region of size 8298496
12-13 23:33:35.072 D/        ( 4603): HostConnection::get() New Host Connection established 0xb45af800, tid 4603
12-13 23:33:35.375 W/audio_hw_generic( 1390): Not supplying enough data to HAL, expected position 785526 , only wrote 785520
12-13 23:33:35.375 W/audio_hw_generic( 1390): Not supplying enough data to HAL, expected position 785533 , only wrote 785520
12-13 23:33:35.493 I/System.out( 4509): URI: //
12-13 23:33:35.493 I/System.out( 4509): params: {json={"command":"set_activity_orientation","arguments":["landscape"]}
12-13 23:33:35.493 I/System.out( 4509): }
12-13 23:33:35.493 I/System.out( 4509): header: {content-type=application/json;charset=utf-8, date=Mon, 14 Dec 2020 04:33:36 GMT, accept=*/*, host=127.0.0.1:34777, content-length=64, user-agent=HTTPClient/1.0 (2.8.3, ruby 2.5.8 (2020-03-31))}
12-13 23:33:35.493 I/System.out( 4509): params: {json={"command":"set_activity_orientation","arguments":["landscape"]}
12-13 23:33:35.493 I/System.out( 4509): }
12-13 23:33:35.493 I/System.out( 4509): ProP json = {"command":"set_activity_orientation","arguments":["landscape"]}
12-13 23:33:35.493 I/System.out( 4509): files: {}
12-13 23:33:35.493 I/System.out( 4509): command: {"command":"set_activity_orientation","arguments":["landscape"]}
12-13 23:33:35.497 I/InstrumentationBackend( 4509): Got command:'Command:'Line:null,set_activity_orientation', arguments:'[landscape]'
12-13 23:33:35.501 D/gralloc_ranchu( 1396): gralloc_alloc: Creating ashmem region of size 8298496
12-13 23:33:35.521 W/LocalDisplayAdapter( 1630): Unable to find color mode 0, ignoring request.
12-13 23:33:35.538 I/InputReader( 1630): Reconfiguring input devices.  changes=0x00000004
12-13 23:33:35.538 I/ActivityManager( 1630): Config changes=480 {1.0 310mcc260mnc [en_US] ldltr sw411dp w683dp h387dp 420dpi nrml land finger qwerty/v/v -nav/h appBounds=Rect(0, 0 - 1794, 1080) s.9}
12-13 23:33:35.538 I/InputReader( 1630): Device reconfigured: id=0, name='qwerty2', size 1080x1920, orientation 1, mode 1, display id 0
12-13 23:33:35.543 I/InputReader( 1630): Reconfiguring input devices.  changes=0x00000004
12-13 23:33:35.545 I/InputReader( 1630): Reconfiguring input devices.  changes=0x00000004
12-13 23:33:35.555 I/ActivityManager( 1630): Override config changes=480 {1.0 310mcc260mnc [en_US] ldltr sw411dp w683dp h387dp 420dpi nrml land finger qwerty/v/v -nav/h appBounds=Rect(0, 0 - 1794, 1080) s.9} for displayId=0
12-13 23:33:35.622 D/gralloc_ranchu( 1396): gralloc_alloc: Creating ashmem region of size 544768
12-13 23:33:35.630 D/EGL_emulation( 1729): eglMakeCurrent: 0x9e905780: ver 3 0 (tinfo 0x9e9035b0)
12-13 23:33:35.641 D/gralloc_ranchu( 1396): gralloc_alloc: Creating ashmem region of size 544768
12-13 23:33:35.678 D/gralloc_ranchu( 1396): gralloc_alloc: Creating ashmem region of size 7753728
12-13 23:33:35.701 I/System.out( 4509): result:{"bonusInformation":[],"message":"","success":true}
12-13 23:33:35.763 D/gralloc_ranchu( 1396): gralloc_alloc: Creating ashmem region of size 544768
12-13 23:33:35.792 I/calabash( 4509): newActivity1
12-13 23:33:35.816 D/gralloc_ranchu( 1396): gralloc_alloc: Creating ashmem region of size 487424
12-13 23:33:35.831 W/ActivityManager( 1630): Bad activity token: android.os.BinderProxy@a15709f
12-13 23:33:35.831 W/ActivityManager( 1630): java.lang.ClassCastException: android.os.BinderProxy cannot be cast to com.android.server.am.ActivityRecord$Token
12-13 23:33:35.831 W/ActivityManager( 1630): 	at com.android.server.am.ActivityRecord.forTokenLocked(ActivityRecord.java:778)
12-13 23:33:35.831 W/ActivityManager( 1630): 	at com.android.server.am.ActivityRecord.isInStackLocked(ActivityRecord.java:2085)
12-13 23:33:35.831 W/ActivityManager( 1630): 	at com.android.server.am.ActivityRecord.getStackLocked(ActivityRecord.java:2090)
12-13 23:33:35.831 W/ActivityManager( 1630): 	at com.android.server.am.ActivityManagerService.getActivityDisplayId(ActivityManagerService.java:10406)
12-13 23:33:35.831 W/ActivityManager( 1630): 	at android.app.IActivityManager$Stub.onTransact(IActivityManager.java:2738)
12-13 23:33:35.831 W/ActivityManager( 1630): 	at com.android.server.am.ActivityManagerService.onTransact(ActivityManagerService.java:2935)
12-13 23:33:35.831 W/ActivityManager( 1630): 	at android.os.Binder.execTransact(Binder.java:674)
12-13 23:33:35.833 I/calabash( 4509): newActivity1
12-13 23:33:35.836 D/StatusBar( 1729): disable<e i a s b h r c s q >
12-13 23:33:35.842 W/AutofillManager( 4509): Session -125190541 could not be restored
12-13 23:33:35.847 W/ActivityManager( 1630): Bad activity token: android.os.BinderProxy@a15709f
12-13 23:33:35.847 W/ActivityManager( 1630): java.lang.ClassCastException: android.os.BinderProxy cannot be cast to com.android.server.am.ActivityRecord$Token
12-13 23:33:35.847 W/ActivityManager( 1630): 	at com.android.server.am.ActivityRecord.forTokenLocked(ActivityRecord.java:778)
12-13 23:33:35.847 W/ActivityManager( 1630): 	at com.android.server.am.ActivityRecord.isInStackLocked(ActivityRecord.java:2085)
12-13 23:33:35.847 W/ActivityManager( 1630): 	at com.android.server.am.ActivityManagerService.setTaskDescription(ActivityManagerService.java:9988)
12-13 23:33:35.847 W/ActivityManager( 1630): 	at android.app.IActivityManager$Stub.onTransact(IActivityManager.java:2824)
12-13 23:33:35.847 W/ActivityManager( 1630): 	at com.android.server.am.ActivityManagerService.onTransact(ActivityManagerService.java:2935)
12-13 23:33:35.847 W/ActivityManager( 1630): 	at android.os.Binder.execTransact(Binder.java:674)
12-13 23:33:35.848 D/EGL_emulation( 1729): eglMakeCurrent: 0x9e905780: ver 3 0 (tinfo 0x9e9035b0)
12-13 23:33:35.850 W/ActivityManager( 1630): Bad activity token: android.os.BinderProxy@a15709f
12-13 23:33:35.850 W/ActivityManager( 1630): java.lang.ClassCastException: android.os.BinderProxy cannot be cast to com.android.server.am.ActivityRecord$Token
12-13 23:33:35.850 W/ActivityManager( 1630): 	at com.android.server.am.ActivityRecord.forTokenLocked(ActivityRecord.java:778)
12-13 23:33:35.850 W/ActivityManager( 1630): 	at com.android.server.am.ActivityRecord.isInStackLocked(ActivityRecord.java:2085)
12-13 23:33:35.850 W/ActivityManager( 1630): 	at com.android.server.am.ActivityRecord.getStackLocked(ActivityRecord.java:2090)
12-13 23:33:35.850 W/ActivityManager( 1630): 	at com.android.server.am.ActivityManagerService.getActivityStackId(ActivityManagerService.java:10417)
12-13 23:33:35.850 W/ActivityManager( 1630): 	at android.app.IActivityManager$Stub.onTransact(IActivityManager.java:3548)
12-13 23:33:35.850 W/ActivityManager( 1630): 	at com.android.server.am.ActivityManagerService.onTransact(ActivityManagerService.java:2935)
12-13 23:33:35.850 W/ActivityManager( 1630): 	at android.os.Binder.execTransact(Binder.java:674)
12-13 23:33:35.911 D/gralloc_ranchu( 1396): gralloc_alloc: Creating ashmem region of size 487424
12-13 23:33:35.931 W/ActivityManager( 1630): Bad activity token: android.os.BinderProxy@a15709f
12-13 23:33:35.931 W/ActivityManager( 1630): java.lang.ClassCastException: android.os.BinderProxy cannot be cast to com.android.server.am.ActivityRecord$Token
12-13 23:33:35.931 W/ActivityManager( 1630): 	at com.android.server.am.ActivityRecord.forTokenLocked(ActivityRecord.java:778)
12-13 23:33:35.931 W/ActivityManager( 1630): 	at com.android.server.am.ActivityRecord.isInStackLocked(ActivityRecord.java:2085)
12-13 23:33:35.931 W/ActivityManager( 1630): 	at com.android.server.am.ActivityManagerService.getActivityOptions(ActivityManagerService.java:13302)
12-13 23:33:35.931 W/ActivityManager( 1630): 	at android.app.IActivityManager$Stub.onTransact(IActivityManager.java:2910)
12-13 23:33:35.931 W/ActivityManager( 1630): 	at com.android.server.am.ActivityManagerService.onTransact(ActivityManagerService.java:2935)
12-13 23:33:35.931 W/ActivityManager( 1630): 	at android.os.Binder.execTransact(Binder.java:674)
12-13 23:33:35.936 W/ActivityManager( 1630): Bad activity token: android.os.BinderProxy@a15709f
12-13 23:33:35.936 W/ActivityManager( 1630): java.lang.ClassCastException: android.os.BinderProxy cannot be cast to com.android.server.am.ActivityRecord$Token
12-13 23:33:35.936 W/ActivityManager( 1630): 	at com.android.server.am.ActivityRecord.forTokenLocked(ActivityRecord.java:778)
12-13 23:33:35.936 W/ActivityManager( 1630): 	at com.android.server.am.ActivityRecord.isInStackLocked(ActivityRecord.java:2085)
12-13 23:33:35.936 W/ActivityManager( 1630): 	at com.android.server.am.ActivityManagerService.getActivityOptions(ActivityManagerService.java:13302)
12-13 23:33:35.936 W/ActivityManager( 1630): 	at android.app.IActivityManager$Stub.onTransact(IActivityManager.java:2910)
12-13 23:33:35.936 W/ActivityManager( 1630): 	at com.android.server.am.ActivityManagerService.onTransact(ActivityManagerService.java:2935)
12-13 23:33:35.936 W/ActivityManager( 1630): 	at android.os.Binder.execTransact(Binder.java:674)
12-13 23:33:35.942 V/StatusBar( 1729): setLightsOn(true)
12-13 23:33:35.942 I/WindowManager( 1630): Screen frozen for +444ms due to Window{d267524 u0 StatusBar}
12-13 23:33:35.945 D/gralloc_ranchu( 1396): gralloc_alloc: Creating ashmem region of size 487424
12-13 23:33:35.956 D/SurfaceFlinger( 1410): duplicate layer name: changing BlackSurface to BlackSurface#1
12-13 23:33:35.978 D/EGL_emulation( 1729): eglMakeCurrent: 0x9e905780: ver 3 0 (tinfo 0x9e9035b0)
12-13 23:33:35.994 D/EGL_emulation( 1729): eglMakeCurrent: 0x9e905780: ver 3 0 (tinfo 0x9e9035b0)
12-13 23:33:36.029 W/PhoneWindow( 4509): Previously focused view reported id 2131296279 during save, but can't be found during restore.
12-13 23:33:36.130 I/EventLogSendingHelper( 2154): Sending log events.
12-13 23:33:36.202 I/zygote  ( 4509): Background concurrent copying GC freed 33770(1376KB) AllocSpace objects, 8(160KB) LOS objects, 49% free, 2MB/4MB, paused 3.630ms total 151.083ms
12-13 23:33:36.214 V/StatusBar( 1729): setLightsOn(true)
12-13 23:33:36.296 D/gralloc_ranchu( 1396): gralloc_alloc: Creating ashmem region of size 7753728
12-13 23:33:36.353 I/zygote  ( 1944): Background concurrent copying GC freed 105353(6MB) AllocSpace objects, 3(172KB) LOS objects, 49% free, 6MB/12MB, paused 31.175ms total 115.803ms
12-13 23:33:36.412 V/StatusBar( 1729): setLightsOn(true)
12-13 23:33:36.416 V/StatusBar( 1729): setLightsOn(true)
12-13 23:33:36.435 D/gralloc_ranchu( 1396): gralloc_alloc: Creating ashmem region of size 7753728
12-13 23:33:36.437 V/StatusBar( 1729): setLightsOn(true)
12-13 23:33:36.489 I/Dialer  ( 2022): VvmTaskExecutor - executing task com.android.voicemail.impl.ActivationTask@4ed957f
12-13 23:33:36.491 I/Dialer  ( 2022): PreOMigrationHandler - ComponentInfo{com.android.phone/com.android.services.telephony.TelephonyConnectionService}, [****], UserHandle{0} already migrated
12-13 23:33:36.576 I/Dialer  ( 2022): VvmActivationTask - VVM content provider configured - vvm_type_cvvm
12-13 23:33:36.576 I/Dialer  ( 2022): OmtpVvmCarrierCfgHlpr - OmtpEvent:CONFIG_ACTIVATING
12-13 23:33:36.618 I/Dialer  ( 2022): TelephonyMangerCompat.setVisualVoicemailSmsFilterSettings - using TelephonyManager
12-13 23:33:36.633 I/Dialer  ( 2022): TelephonyMangerCompat.sendVisualVoicemailSms - using TelephonyManager
12-13 23:33:37.375 D/gralloc_ranchu( 1396): gralloc_alloc: Creating ashmem region of size 7753728
12-13 23:33:37.737 I/System.out( 4509): URI: //gesture
12-13 23:33:37.737 I/System.out( 4509): params: {json={"query_timeout":5.0,"gestures":[{"query_string":"android.widget.TabWidget descendant TextView index:1","touches":[{"x":50,"y":50,"offset_x":0,"offset_y":0,"wait":0.0,"time":0.2,"release":true,"query_string":null}]}]}
12-13 23:33:37.737 I/System.out( 4509): }
12-13 23:33:37.980 W/ActivityManager( 1630): Bad activity token: android.os.BinderProxy@1809bfa
12-13 23:33:37.980 W/ActivityManager( 1630): java.lang.ClassCastException: android.os.BinderProxy cannot be cast to com.android.server.am.ActivityRecord$Token
12-13 23:33:37.980 W/ActivityManager( 1630): 	at com.android.server.am.ActivityRecord.forTokenLocked(ActivityRecord.java:778)
12-13 23:33:37.980 W/ActivityManager( 1630): 	at com.android.server.am.ActivityRecord.isInStackLocked(ActivityRecord.java:2085)
12-13 23:33:37.980 W/ActivityManager( 1630): 	at com.android.server.am.ActivityRecord.getStackLocked(ActivityRecord.java:2090)
12-13 23:33:37.980 W/ActivityManager( 1630): 	at com.android.server.am.ActivityManagerService.getActivityDisplayId(ActivityManagerService.java:10406)
12-13 23:33:37.980 W/ActivityManager( 1630): 	at android.app.IActivityManager$Stub.onTransact(IActivityManager.java:2738)
12-13 23:33:37.980 W/ActivityManager( 1630): 	at com.android.server.am.ActivityManagerService.onTransact(ActivityManagerService.java:2935)
12-13 23:33:37.980 W/ActivityManager( 1630): 	at android.os.Binder.execTransact(Binder.java:674)
12-13 23:33:37.981 I/calabash( 4509): newActivity1
12-13 23:33:37.983 W/ActivityManager( 1630): Bad activity token: android.os.BinderProxy@1809bfa
12-13 23:33:37.983 W/ActivityManager( 1630): java.lang.ClassCastException: android.os.BinderProxy cannot be cast to com.android.server.am.ActivityRecord$Token
12-13 23:33:37.983 W/ActivityManager( 1630): 	at com.android.server.am.ActivityRecord.forTokenLocked(ActivityRecord.java:778)
12-13 23:33:37.983 W/ActivityManager( 1630): 	at com.android.server.am.ActivityRecord.isInStackLocked(ActivityRecord.java:2085)
12-13 23:33:37.983 W/ActivityManager( 1630): 	at com.android.server.am.ActivityManagerService.setTaskDescription(ActivityManagerService.java:9988)
12-13 23:33:37.983 W/ActivityManager( 1630): 	at android.app.IActivityManager$Stub.onTransact(IActivityManager.java:2824)
12-13 23:33:37.983 W/ActivityManager( 1630): 	at com.android.server.am.ActivityManagerService.onTransact(ActivityManagerService.java:2935)
12-13 23:33:37.983 W/ActivityManager( 1630): 	at android.os.Binder.execTransact(Binder.java:674)
12-13 23:33:37.984 W/ActivityManager( 1630): Bad activity token: android.os.BinderProxy@1809bfa
12-13 23:33:37.984 W/ActivityManager( 1630): java.lang.ClassCastException: android.os.BinderProxy cannot be cast to com.android.server.am.ActivityRecord$Token
12-13 23:33:37.984 W/ActivityManager( 1630): 	at com.android.server.am.ActivityRecord.forTokenLocked(ActivityRecord.java:778)
12-13 23:33:37.984 W/ActivityManager( 1630): 	at com.android.server.am.ActivityRecord.isInStackLocked(ActivityRecord.java:2085)
12-13 23:33:37.984 W/ActivityManager( 1630): 	at com.android.server.am.ActivityRecord.getStackLocked(ActivityRecord.java:2090)
12-13 23:33:37.984 W/ActivityManager( 1630): 	at com.android.server.am.ActivityManagerService.getActivityStackId(ActivityManagerService.java:10417)
12-13 23:33:37.984 W/ActivityManager( 1630): 	at android.app.IActivityManager$Stub.onTransact(IActivityManager.java:3548)
12-13 23:33:37.984 W/ActivityManager( 1630): 	at com.android.server.am.ActivityManagerService.onTransact(ActivityManagerService.java:2935)
12-13 23:33:37.984 W/ActivityManager( 1630): 	at android.os.Binder.execTransact(Binder.java:674)
12-13 23:33:37.987 W/audio_hw_generic( 1390): Not supplying enough data to HAL, expected position 1034998 , only wrote 910800
12-13 23:33:37.993 W/audio_hw_generic( 1390): Not supplying enough data to HAL, expected position 910895 , only wrote 910800
12-13 23:33:38.010 I/zygote  ( 1630): Explicit concurrent copying GC freed 18752(1509KB) AllocSpace objects, 4(112KB) LOS objects, 37% free, 9MB/15MB, paused 429us total 44.682ms
12-13 23:33:38.017 W/ActivityManager( 1630): Bad activity token: android.os.BinderProxy@1809bfa
12-13 23:33:38.017 W/ActivityManager( 1630): java.lang.ClassCastException: android.os.BinderProxy cannot be cast to com.android.server.am.ActivityRecord$Token
12-13 23:33:38.017 W/ActivityManager( 1630): 	at com.android.server.am.ActivityRecord.forTokenLocked(ActivityRecord.java:778)
12-13 23:33:38.017 W/ActivityManager( 1630): 	at com.android.server.am.ActivityRecord.isInStackLocked(ActivityRecord.java:2085)
12-13 23:33:38.017 W/ActivityManager( 1630): 	at com.android.server.am.ActivityManagerService.getActivityOptions(ActivityManagerService.java:13302)
12-13 23:33:38.017 W/ActivityManager( 1630): 	at android.app.IActivityManager$Stub.onTransact(IActivityManager.java:2910)
12-13 23:33:38.017 W/ActivityManager( 1630): 	at com.android.server.am.ActivityManagerService.onTransact(ActivityManagerService.java:2935)
12-13 23:33:38.017 W/ActivityManager( 1630): 	at android.os.Binder.execTransact(Binder.java:674)
12-13 23:33:38.018 W/ActivityManager( 1630): Bad activity token: android.os.BinderProxy@1809bfa
12-13 23:33:38.018 W/ActivityManager( 1630): java.lang.ClassCastException: android.os.BinderProxy cannot be cast to com.android.server.am.ActivityRecord$Token
12-13 23:33:38.018 W/ActivityManager( 1630): 	at com.android.server.am.ActivityRecord.forTokenLocked(ActivityRecord.java:778)
12-13 23:33:38.018 W/ActivityManager( 1630): 	at com.android.server.am.ActivityRecord.isInStackLocked(ActivityRecord.java:2085)
12-13 23:33:38.018 W/ActivityManager( 1630): 	at com.android.server.am.ActivityManagerService.getActivityOptions(ActivityManagerService.java:13302)
12-13 23:33:38.018 W/ActivityManager( 1630): 	at android.app.IActivityManager$Stub.onTransact(IActivityManager.java:2910)
12-13 23:33:38.018 W/ActivityManager( 1630): 	at com.android.server.am.ActivityManagerService.onTransact(ActivityManagerService.java:2935)
12-13 23:33:38.018 W/ActivityManager( 1630): 	at android.os.Binder.execTransact(Binder.java:674)
12-13 23:33:38.085 D/Mileage ( 4509): Not enough fillups to calculate economy
12-13 23:33:38.263 E/SurfaceFlinger( 1410): ro.sf.lcd_density must be defined as a build property
12-13 23:33:38.276 D/gralloc_ranchu( 1396): gralloc_alloc: Creating ashmem region of size 8298496
12-13 23:33:38.299 D/        ( 4616): HostConnection::get() New Host Connection established 0xab92f800, tid 4616
12-13 23:33:38.650 I/System.out( 4509): URI: //gesture
12-13 23:33:38.650 I/System.out( 4509): params: {json={"query_timeout":5.0,"gestures":[{"query_string":"android.widget.TabWidget descendant TextView index:3","touches":[{"x":50,"y":50,"offset_x":0,"offset_y":0,"wait":0.0,"time":0.2,"release":true,"query_string":null}]}]}
12-13 23:33:38.650 I/System.out( 4509): }
12-13 23:33:38.904 W/ActivityManager( 1630): Bad activity token: android.os.BinderProxy@3577f9e
12-13 23:33:38.904 W/ActivityManager( 1630): java.lang.ClassCastException: android.os.BinderProxy cannot be cast to com.android.server.am.ActivityRecord$Token
12-13 23:33:38.904 W/ActivityManager( 1630): 	at com.android.server.am.ActivityRecord.forTokenLocked(ActivityRecord.java:778)
12-13 23:33:38.904 W/ActivityManager( 1630): 	at com.android.server.am.ActivityRecord.isInStackLocked(ActivityRecord.java:2085)
12-13 23:33:38.904 W/ActivityManager( 1630): 	at com.android.server.am.ActivityRecord.getStackLocked(ActivityRecord.java:2090)
12-13 23:33:38.904 W/ActivityManager( 1630): 	at com.android.server.am.ActivityManagerService.getActivityDisplayId(ActivityManagerService.java:10406)
12-13 23:33:38.904 W/ActivityManager( 1630): 	at android.app.IActivityManager$Stub.onTransact(IActivityManager.java:2738)
12-13 23:33:38.904 W/ActivityManager( 1630): 	at com.android.server.am.ActivityManagerService.onTransact(ActivityManagerService.java:2935)
12-13 23:33:38.904 W/ActivityManager( 1630): 	at android.os.Binder.execTransact(Binder.java:674)
12-13 23:33:38.906 I/calabash( 4509): newActivity1
12-13 23:33:38.919 W/ActivityManager( 1630): Bad activity token: android.os.BinderProxy@3577f9e
12-13 23:33:38.919 W/ActivityManager( 1630): java.lang.ClassCastException: android.os.BinderProxy cannot be cast to com.android.server.am.ActivityRecord$Token
12-13 23:33:38.919 W/ActivityManager( 1630): 	at com.android.server.am.ActivityRecord.forTokenLocked(ActivityRecord.java:778)
12-13 23:33:38.919 W/ActivityManager( 1630): 	at com.android.server.am.ActivityRecord.isInStackLocked(ActivityRecord.java:2085)
12-13 23:33:38.919 W/ActivityManager( 1630): 	at com.android.server.am.ActivityManagerService.setTaskDescription(ActivityManagerService.java:9988)
12-13 23:33:38.919 W/ActivityManager( 1630): 	at android.app.IActivityManager$Stub.onTransact(IActivityManager.java:2824)
12-13 23:33:38.919 W/ActivityManager( 1630): 	at com.android.server.am.ActivityManagerService.onTransact(ActivityManagerService.java:2935)
12-13 23:33:38.919 W/ActivityManager( 1630): 	at android.os.Binder.execTransact(Binder.java:674)
12-13 23:33:38.920 W/ActivityManager( 1630): Bad activity token: android.os.BinderProxy@3577f9e
12-13 23:33:38.920 W/ActivityManager( 1630): java.lang.ClassCastException: android.os.BinderProxy cannot be cast to com.android.server.am.ActivityRecord$Token
12-13 23:33:38.920 W/ActivityManager( 1630): 	at com.android.server.am.ActivityRecord.forTokenLocked(ActivityRecord.java:778)
12-13 23:33:38.920 W/ActivityManager( 1630): 	at com.android.server.am.ActivityRecord.isInStackLocked(ActivityRecord.java:2085)
12-13 23:33:38.920 W/ActivityManager( 1630): 	at com.android.server.am.ActivityRecord.getStackLocked(ActivityRecord.java:2090)
12-13 23:33:38.920 W/ActivityManager( 1630): 	at com.android.server.am.ActivityManagerService.getActivityStackId(ActivityManagerService.java:10417)
12-13 23:33:38.920 W/ActivityManager( 1630): 	at android.app.IActivityManager$Stub.onTransact(IActivityManager.java:3548)
12-13 23:33:38.920 W/ActivityManager( 1630): 	at com.android.server.am.ActivityManagerService.onTransact(ActivityManagerService.java:2935)
12-13 23:33:38.920 W/ActivityManager( 1630): 	at android.os.Binder.execTransact(Binder.java:674)
12-13 23:33:38.931 W/ActivityManager( 1630): Bad activity token: android.os.BinderProxy@3577f9e
12-13 23:33:38.931 W/ActivityManager( 1630): java.lang.ClassCastException: android.os.BinderProxy cannot be cast to com.android.server.am.ActivityRecord$Token
12-13 23:33:38.931 W/ActivityManager( 1630): 	at com.android.server.am.ActivityRecord.forTokenLocked(ActivityRecord.java:778)
12-13 23:33:38.931 W/ActivityManager( 1630): 	at com.android.server.am.ActivityRecord.isInStackLocked(ActivityRecord.java:2085)
12-13 23:33:38.931 W/ActivityManager( 1630): 	at com.android.server.am.ActivityManagerService.getActivityOptions(ActivityManagerService.java:13302)
12-13 23:33:38.931 W/ActivityManager( 1630): 	at android.app.IActivityManager$Stub.onTransact(IActivityManager.java:2910)
12-13 23:33:38.931 W/ActivityManager( 1630): 	at com.android.server.am.ActivityManagerService.onTransact(ActivityManagerService.java:2935)
12-13 23:33:38.931 W/ActivityManager( 1630): 	at android.os.Binder.execTransact(Binder.java:674)
12-13 23:33:38.932 W/ActivityManager( 1630): Bad activity token: android.os.BinderProxy@3577f9e
12-13 23:33:38.932 W/ActivityManager( 1630): java.lang.ClassCastException: android.os.BinderProxy cannot be cast to com.android.server.am.ActivityRecord$Token
12-13 23:33:38.932 W/ActivityManager( 1630): 	at com.android.server.am.ActivityRecord.forTokenLocked(ActivityRecord.java:778)
12-13 23:33:38.932 W/ActivityManager( 1630): 	at com.android.server.am.ActivityRecord.isInStackLocked(ActivityRecord.java:2085)
12-13 23:33:38.932 W/ActivityManager( 1630): 	at com.android.server.am.ActivityManagerService.getActivityOptions(ActivityManagerService.java:13302)
12-13 23:33:38.932 W/ActivityManager( 1630): 	at android.app.IActivityManager$Stub.onTransact(IActivityManager.java:2910)
12-13 23:33:38.932 W/ActivityManager( 1630): 	at com.android.server.am.ActivityManagerService.onTransact(ActivityManagerService.java:2935)
12-13 23:33:38.932 W/ActivityManager( 1630): 	at android.os.Binder.execTransact(Binder.java:674)
12-13 23:33:39.122 E/SurfaceFlinger( 1410): ro.sf.lcd_density must be defined as a build property
12-13 23:33:39.130 D/gralloc_ranchu( 1396): gralloc_alloc: Creating ashmem region of size 8298496
12-13 23:33:39.169 D/        ( 4622): HostConnection::get() New Host Connection established 0xad92f800, tid 4622
12-13 23:33:39.472 I/System.out( 4509): URI: //gesture
12-13 23:33:39.472 I/System.out( 4509): params: {json={"query_timeout":5.0,"gestures":[{"query_string":"android.widget.TabWidget descendant TextView index:2","touches":[{"x":50,"y":50,"offset_x":0,"offset_y":0,"wait":0.0,"time":0.2,"release":true,"query_string":null}]}]}
12-13 23:33:39.472 I/System.out( 4509): }
12-13 23:33:39.719 W/ActivityManager( 1630): Bad activity token: android.os.BinderProxy@3791b11
12-13 23:33:39.719 W/ActivityManager( 1630): java.lang.ClassCastException: android.os.BinderProxy cannot be cast to com.android.server.am.ActivityRecord$Token
12-13 23:33:39.719 W/ActivityManager( 1630): 	at com.android.server.am.ActivityRecord.forTokenLocked(ActivityRecord.java:778)
12-13 23:33:39.719 W/ActivityManager( 1630): 	at com.android.server.am.ActivityRecord.isInStackLocked(ActivityRecord.java:2085)
12-13 23:33:39.719 W/ActivityManager( 1630): 	at com.android.server.am.ActivityRecord.getStackLocked(ActivityRecord.java:2090)
12-13 23:33:39.719 W/ActivityManager( 1630): 	at com.android.server.am.ActivityManagerService.getActivityDisplayId(ActivityManagerService.java:10406)
12-13 23:33:39.719 W/ActivityManager( 1630): 	at android.app.IActivityManager$Stub.onTransact(IActivityManager.java:2738)
12-13 23:33:39.719 W/ActivityManager( 1630): 	at com.android.server.am.ActivityManagerService.onTransact(ActivityManagerService.java:2935)
12-13 23:33:39.719 W/ActivityManager( 1630): 	at android.os.Binder.execTransact(Binder.java:674)
12-13 23:33:39.721 I/calabash( 4509): newActivity1
12-13 23:33:39.730 W/ActivityManager( 1630): Bad activity token: android.os.BinderProxy@3791b11
12-13 23:33:39.730 W/ActivityManager( 1630): java.lang.ClassCastException: android.os.BinderProxy cannot be cast to com.android.server.am.ActivityRecord$Token
12-13 23:33:39.730 W/ActivityManager( 1630): 	at com.android.server.am.ActivityRecord.forTokenLocked(ActivityRecord.java:778)
12-13 23:33:39.730 W/ActivityManager( 1630): 	at com.android.server.am.ActivityRecord.isInStackLocked(ActivityRecord.java:2085)
12-13 23:33:39.730 W/ActivityManager( 1630): 	at com.android.server.am.ActivityManagerService.setTaskDescription(ActivityManagerService.java:9988)
12-13 23:33:39.730 W/ActivityManager( 1630): 	at android.app.IActivityManager$Stub.onTransact(IActivityManager.java:2824)
12-13 23:33:39.730 W/ActivityManager( 1630): 	at com.android.server.am.ActivityManagerService.onTransact(ActivityManagerService.java:2935)
12-13 23:33:39.730 W/ActivityManager( 1630): 	at android.os.Binder.execTransact(Binder.java:674)
12-13 23:33:39.731 W/ActivityManager( 1630): Bad activity token: android.os.BinderProxy@3791b11
12-13 23:33:39.731 W/ActivityManager( 1630): java.lang.ClassCastException: android.os.BinderProxy cannot be cast to com.android.server.am.ActivityRecord$Token
12-13 23:33:39.731 W/ActivityManager( 1630): 	at com.android.server.am.ActivityRecord.forTokenLocked(ActivityRecord.java:778)
12-13 23:33:39.731 W/ActivityManager( 1630): 	at com.android.server.am.ActivityRecord.isInStackLocked(ActivityRecord.java:2085)
12-13 23:33:39.731 W/ActivityManager( 1630): 	at com.android.server.am.ActivityRecord.getStackLocked(ActivityRecord.java:2090)
12-13 23:33:39.731 W/ActivityManager( 1630): 	at com.android.server.am.ActivityManagerService.getActivityStackId(ActivityManagerService.java:10417)
12-13 23:33:39.731 W/ActivityManager( 1630): 	at android.app.IActivityManager$Stub.onTransact(IActivityManager.java:3548)
12-13 23:33:39.731 W/ActivityManager( 1630): 	at com.android.server.am.ActivityManagerService.onTransact(ActivityManagerService.java:2935)
12-13 23:33:39.731 W/ActivityManager( 1630): 	at android.os.Binder.execTransact(Binder.java:674)
12-13 23:33:39.758 D/VehicleStatisticsActivity( 4509): Checking recalculation ...
12-13 23:33:39.761 D/VehicleStatisticsActivity( 4509): Recalculation not necessary.
12-13 23:33:39.768 W/ActivityManager( 1630): Bad activity token: android.os.BinderProxy@3791b11
12-13 23:33:39.768 W/ActivityManager( 1630): java.lang.ClassCastException: android.os.BinderProxy cannot be cast to com.android.server.am.ActivityRecord$Token
12-13 23:33:39.768 W/ActivityManager( 1630): 	at com.android.server.am.ActivityRecord.forTokenLocked(ActivityRecord.java:778)
12-13 23:33:39.768 W/ActivityManager( 1630): 	at com.android.server.am.ActivityRecord.isInStackLocked(ActivityRecord.java:2085)
12-13 23:33:39.768 W/ActivityManager( 1630): 	at com.android.server.am.ActivityManagerService.getActivityOptions(ActivityManagerService.java:13302)
12-13 23:33:39.768 W/ActivityManager( 1630): 	at android.app.IActivityManager$Stub.onTransact(IActivityManager.java:2910)
12-13 23:33:39.768 W/ActivityManager( 1630): 	at com.android.server.am.ActivityManagerService.onTransact(ActivityManagerService.java:2935)
12-13 23:33:39.768 W/ActivityManager( 1630): 	at android.os.Binder.execTransact(Binder.java:674)
12-13 23:33:39.769 W/ActivityManager( 1630): Bad activity token: android.os.BinderProxy@3791b11
12-13 23:33:39.769 W/ActivityManager( 1630): java.lang.ClassCastException: android.os.BinderProxy cannot be cast to com.android.server.am.ActivityRecord$Token
12-13 23:33:39.769 W/ActivityManager( 1630): 	at com.android.server.am.ActivityRecord.forTokenLocked(ActivityRecord.java:778)
12-13 23:33:39.769 W/ActivityManager( 1630): 	at com.android.server.am.ActivityRecord.isInStackLocked(ActivityRecord.java:2085)
12-13 23:33:39.769 W/ActivityManager( 1630): 	at com.android.server.am.ActivityManagerService.getActivityOptions(ActivityManagerService.java:13302)
12-13 23:33:39.769 W/ActivityManager( 1630): 	at android.app.IActivityManager$Stub.onTransact(IActivityManager.java:2910)
12-13 23:33:39.769 W/ActivityManager( 1630): 	at com.android.server.am.ActivityManagerService.onTransact(ActivityManagerService.java:2935)
12-13 23:33:39.769 W/ActivityManager( 1630): 	at android.os.Binder.execTransact(Binder.java:674)
12-13 23:33:39.775 D/VehicleStatisticsActivity( 4509): Checking recalculation ...
12-13 23:33:39.779 D/VehicleStatisticsActivity( 4509): Recalculation not necessary.
12-13 23:33:39.842 I/zygote  ( 4509): Do full code cache collection, code=481KB, data=333KB
12-13 23:33:39.843 I/zygote  ( 4509): After code cache collection, code=465KB, data=277KB
12-13 23:33:39.952 E/SurfaceFlinger( 1410): ro.sf.lcd_density must be defined as a build property
12-13 23:33:39.959 D/gralloc_ranchu( 1396): gralloc_alloc: Creating ashmem region of size 8298496
12-13 23:33:39.968 D/        ( 4628): HostConnection::get() New Host Connection established 0xab52f800, tid 4628
12-13 23:33:39.971 W/RemoteFillService( 1630): Not handling { when=-4ms what=3 target=com.android.internal.os.HandlerCaller$MyHandler } as service for ComponentInfo{com.google.android.gms/com.google.android.gms.autofill.service.AutofillService} is already destroyed
12-13 23:33:40.275 I/System.out( 4509): URI: //gesture
12-13 23:33:40.275 I/System.out( 4509): params: {json={"query_timeout":5.0,"gestures":[{"query_string":"android.widget.TabWidget descendant TextView index:0","touches":[{"x":50,"y":50,"offset_x":0,"offset_y":0,"wait":0.0,"time":0.2,"release":true,"query_string":null}]}]}
12-13 23:33:40.275 I/System.out( 4509): }
12-13 23:33:40.589 W/View    ( 4509): dispatchProvideAutofillStructure(): not laid out, ignoring
12-13 23:33:40.601 I/chatty  ( 4509): uid=10172(u0_a172) com.evancharlton.mileage identical 3 lines
12-13 23:33:40.601 W/View    ( 4509): dispatchProvideAutofillStructure(): not laid out, ignoring
12-13 23:33:40.602 W/Binder  ( 1630): Outgoing transactions from this process must be FLAG_ONEWAY
12-13 23:33:40.602 W/Binder  ( 1630): java.lang.Throwable
12-13 23:33:40.602 W/Binder  ( 1630): 	at android.os.BinderProxy.transact(Binder.java:736)
12-13 23:33:40.602 W/Binder  ( 1630): 	at android.app.assist.AssistStructure$ParcelTransferReader.fetchData(AssistStructure.java:407)
12-13 23:33:40.602 W/Binder  ( 1630): 	at android.app.assist.AssistStructure$ParcelTransferReader.go(AssistStructure.java:343)
12-13 23:33:40.602 W/Binder  ( 1630): 	at android.app.assist.AssistStructure.ensureData(AssistStructure.java:2096)
12-13 23:33:40.602 W/Binder  ( 1630): 	at com.android.server.autofill.Session$1.send(Session.java:200)
12-13 23:33:40.602 W/Binder  ( 1630): 	at com.android.server.am.ActivityManagerService.reportAssistContextExtras(ActivityManagerService.java:13137)
12-13 23:33:40.602 W/Binder  ( 1630): 	at android.app.IActivityManager$Stub.onTransact(IActivityManager.java:2466)
12-13 23:33:40.602 W/Binder  ( 1630): 	at com.android.server.am.ActivityManagerService.onTransact(ActivityManagerService.java:2935)
12-13 23:33:40.602 W/Binder  ( 1630): 	at android.os.Binder.execTransact(Binder.java:674)
12-13 23:33:40.606 I/AssistStructure( 4509): Flattened final assist data: 10960 bytes, containing 1 windows, 49 views
12-13 23:33:40.609 E/memtrack( 1630): Couldn't load memtrack module
12-13 23:33:40.609 W/android.os.Debug( 1630): failed to get memory consumption info: -1
12-13 23:33:40.616 I/AssistStructure( 1630): Flattened final assist data: 9988 bytes, containing 1 windows, 49 views
12-13 23:33:40.618 W/lgq     ( 1944): Pending fill request while another request in the same session was triggered. [CONTEXT service_id=177 ]
12-13 23:33:40.755 E/SurfaceFlinger( 1410): ro.sf.lcd_density must be defined as a build property
12-13 23:33:40.771 D/gralloc_ranchu( 1396): gralloc_alloc: Creating ashmem region of size 8298496
12-13 23:33:40.780 D/        ( 4634): HostConnection::get() New Host Connection established 0xb0aaf800, tid 4634
