--------- beginning of main
12-13 23:32:59.217 E/SurfaceFlinger( 1410): ro.sf.lcd_density must be defined as a build property
12-13 23:32:59.223 D/gralloc_ranchu( 1396): gralloc_alloc: Creating ashmem region of size 8298496
12-13 23:32:59.234 D/        ( 4032): HostConnection::get() New Host Connection established 0xb0b2f800, tid 4032
12-13 23:32:59.751 I/System.out( 3981): URI: //kill
12-13 23:32:59.751 I/System.out( 3981): params: {json={}
12-13 23:32:59.751 I/System.out( 3981): }
12-13 23:32:59.751 I/System.out( 3981): Stopping test server
12-13 23:32:59.755 E/adbd    ( 1383): failed to connect to socket 'tcp:7102': Connection refused
12-13 23:32:59.757 E/adbd    ( 1383): failed to connect to socket 'tcp:7102': Connection refused
12-13 23:32:59.842 V/StatusBar( 1729): setLightsOn(true)
12-13 23:32:59.852 V/StatusBar( 1729): setLightsOn(true)
12-13 23:32:59.883 D/gralloc_ranchu( 1396): gralloc_alloc: Creating ashmem region of size 8298496
12-13 23:32:59.884 D/SurfaceFlinger( 1410): duplicate layer name: changing com.google.android.apps.nexuslauncher/com.google.android.apps.nexuslauncher.NexusLauncherActivity to com.google.android.apps.nexuslauncher/com.google.android.apps.nexuslauncher.NexusLauncherActivity#1
12-13 23:32:59.888 V/StatusBar( 1729): setLightsOn(true)
12-13 23:32:59.896 D/gralloc_ranchu( 1396): gralloc_alloc: Creating ashmem region of size 8298496
12-13 23:32:59.907 D/EGL_emulation( 1729): eglMakeCurrent: 0x9e905780: ver 3 0 (tinfo 0x9e9035b0)
12-13 23:32:59.918 D/gralloc_ranchu( 1396): gralloc_alloc: Creating ashmem region of size 8298496
12-13 23:32:59.942 I/chatty  ( 1396): uid=1000(system) allocator@2.0-s identical 1 line
12-13 23:33:00.025 D/gralloc_ranchu( 1396): gralloc_alloc: Creating ashmem region of size 8298496
12-13 23:33:00.138 E/hw-IPCThreadState( 1396): binder thread pool (1 threads) starved for 113 ms
12-13 23:33:00.137 D/EGL_emulation( 1729): eglMakeCurrent: 0x9e905780: ver 3 0 (tinfo 0x9e9035b0)
12-13 23:33:00.139 D/gralloc_ranchu( 1396): gralloc_alloc: Creating ashmem region of size 8298496
12-13 23:33:00.178 D/BoundBrokerSvc( 1944): onUnbind: Intent { act=com.google.android.gms.tapandpay.service.BIND cmp=com.google.android.gms/.chimera.PersistentApiService }
12-13 23:33:00.217 E/IPCThreadState( 1410): binder thread pool (4 threads) starved for 326 ms
12-13 23:33:00.258 D/EGL_emulation( 2154): eglMakeCurrent: 0x9bec83a0: ver 3 0 (tinfo 0x9c07f960)
12-13 23:33:00.280 D/EGL_emulation( 2194): eglMakeCurrent: 0x9bec7ce0: ver 3 0 (tinfo 0x9c07fd40)
12-13 23:33:00.295 W/SessionLifecycleManager( 2154): Handover failed. Creating new session controller.
12-13 23:33:00.321 D/gralloc_ranchu( 1396): gralloc_alloc: Creating ashmem region of size 7753728
12-13 23:33:00.367 D/        ( 1729): HostConnection::get() New Host Connection established 0x87e4f180, tid 1758
12-13 23:33:00.384 D/BoundBrokerSvc( 2112): onUnbind: Intent { act=com.google.android.gms.pay.service.BIND cmp=com.google.android.gms/.chimera.GmsApiService }
12-13 23:33:00.400 I/MicroDetectionWorker( 2154): #updateMicroDetector [detectionMode: [mDetectionMode: [1]]]
12-13 23:33:00.400 I/MicroDetectionWorker( 2154): #startMicroDetector [speakerMode: 0]
12-13 23:33:00.401 I/AudioController( 2154): Using mInputStreamFactoryBuilder
12-13 23:33:00.403 I/MicroDetectionWorker( 2154): onReady
12-13 23:33:00.404 I/MicroRecognitionRunner( 2154): Starting detection.
12-13 23:33:00.404 I/MicrophoneInputStream( 2154): mic_starting com.google.android.apps.gsa.staticplugins.aa.c@8dc588a
12-13 23:33:00.413 I/AudioFlinger( 1476): AudioFlinger's thread 0xadb03c00 tid=4049 ready to run
12-13 23:33:00.421 I/MicrophoneInputStream( 2154): mic_started com.google.android.apps.gsa.staticplugins.aa.c@8dc588a
12-13 23:33:00.422 D/EGL_emulation( 1729): eglMakeCurrent: 0x9e905780: ver 3 0 (tinfo 0x9e9035b0)
12-13 23:33:00.427 I/MicroDetectionWorker( 2154): onReady
12-13 23:33:00.435 I/MicrophoneInputStream( 2154): mic_close com.google.android.apps.gsa.staticplugins.aa.c@8dc588a
12-13 23:33:00.436 I/MicroRecognitionRunner( 2154): Detection finished
12-13 23:33:00.436 D/EGL_emulation( 1729): eglMakeCurrent: 0x9e905780: ver 3 0 (tinfo 0x9e9035b0)
12-13 23:33:00.437 W/ErrorReporter( 2154): reportError [type: 211, code: 524300]: Error reading from input stream
12-13 23:33:00.439 D/EGL_emulation( 1729): eglMakeCurrent: 0x9e905780: ver 3 0 (tinfo 0x9e9035b0)
12-13 23:33:00.448 I/MicroRecognitionRunner( 2154): Stopping hotword detection.
12-13 23:33:00.449 W/ErrorProcessor( 2154): onFatalError, processing error from engine(4)
12-13 23:33:00.449 W/ErrorProcessor( 2154): com.google.android.apps.gsa.shared.speech.b.g: Error reading from input stream
12-13 23:33:00.449 W/ErrorProcessor( 2154): 	at com.google.android.apps.gsa.staticplugins.recognizer.j.a.a(SourceFile:28)
12-13 23:33:00.449 W/ErrorProcessor( 2154): 	at com.google.android.apps.gsa.staticplugins.recognizer.j.b.run(SourceFile:15)
12-13 23:33:00.449 W/ErrorProcessor( 2154): 	at java.util.concurrent.Executors$RunnableAdapter.call(Executors.java:457)
12-13 23:33:00.449 W/ErrorProcessor( 2154): 	at java.util.concurrent.FutureTask.run(FutureTask.java:266)
12-13 23:33:00.449 W/ErrorProcessor( 2154): 	at com.google.android.apps.gsa.shared.util.concurrent.a.ax.run(SourceFile:14)
12-13 23:33:00.449 W/ErrorProcessor( 2154): 	at com.google.android.apps.gsa.shared.util.concurrent.a.bl.run(SourceFile:4)
12-13 23:33:00.449 W/ErrorProcessor( 2154): 	at com.google.android.apps.gsa.shared.util.concurrent.a.bl.run(SourceFile:4)
12-13 23:33:00.449 W/ErrorProcessor( 2154): 	at java.util.concurrent.ThreadPoolExecutor.runWorker(ThreadPoolExecutor.java:1162)
12-13 23:33:00.449 W/ErrorProcessor( 2154): 	at java.util.concurrent.ThreadPoolExecutor$Worker.run(ThreadPoolExecutor.java:636)
12-13 23:33:00.449 W/ErrorProcessor( 2154): 	at java.lang.Thread.run(Thread.java:764)
12-13 23:33:00.449 W/ErrorProcessor( 2154): 	at com.google.android.apps.gsa.shared.util.concurrent.a.ai.run(SourceFile:6)
12-13 23:33:00.449 W/ErrorProcessor( 2154): Caused by: com.google.android.apps.gsa.shared.exception.GsaIOException: Error code: 393238 | Buffer overflow, no available space.
12-13 23:33:00.449 W/ErrorProcessor( 2154): 	at com.google.android.apps.gsa.speech.audio.Tee.f(SourceFile:103)
12-13 23:33:00.449 W/ErrorProcessor( 2154): 	at com.google.android.apps.gsa.speech.audio.au.read(SourceFile:2)
12-13 23:33:00.449 W/ErrorProcessor( 2154): 	at java.io.InputStream.read(InputStream.java:101)
12-13 23:33:00.449 W/ErrorProcessor( 2154): 	at com.google.android.apps.gsa.speech.audio.ao.run(SourceFile:18)
12-13 23:33:00.449 W/ErrorProcessor( 2154): 	at com.google.android.apps.gsa.speech.audio.an.run(SourceFile:2)
12-13 23:33:00.449 W/ErrorProcessor( 2154): 	... 9 more
12-13 23:33:00.449 I/AudioController( 2154): internalShutdown
12-13 23:33:00.455 D/EGL_emulation( 1729): eglMakeCurrent: 0x9e905780: ver 3 0 (tinfo 0x9e9035b0)
12-13 23:33:00.459 D/EGL_emulation( 1729): eglMakeCurrent: 0x9e905780: ver 3 0 (tinfo 0x9e9035b0)
12-13 23:33:00.460 I/MicroDetector( 2154): Keeping mic open: false
12-13 23:33:00.460 I/DeviceStateChecker( 2154): DeviceStateChecker cancelled
12-13 23:33:00.460 I/MicroDetectionWorker( 2154): #onError(false)
12-13 23:33:00.470 D/EGL_emulation( 1729): eglMakeCurrent: 0x9e905780: ver 3 0 (tinfo 0x9e9035b0)
12-13 23:33:00.633 I/chatty  ( 1729): uid=10028(u0_a28) RenderThread identical 13 lines
12-13 23:33:00.641 D/EGL_emulation( 1729): eglMakeCurrent: 0x9e905780: ver 3 0 (tinfo 0x9e9035b0)
12-13 23:33:00.750 W/OpenGLRenderer( 2194): Incorrectly called buildLayer on View: ShortcutAndWidgetContainer, destroying layer...
12-13 23:33:00.813 I/OpenGLRenderer( 1630): Initialized EGL, version 1.4
12-13 23:33:00.813 D/OpenGLRenderer( 1630): Swap behavior 1
12-13 23:33:00.813 W/OpenGLRenderer( 1630): Failed to choose config with EGL_SWAP_BEHAVIOR_PRESERVED, retrying without...
12-13 23:33:00.813 D/OpenGLRenderer( 1630): Swap behavior 0
12-13 23:33:00.819 D/EGL_emulation( 1630): eglCreateContext: 0x87e24880: maj 3 min 0 rcv 3
12-13 23:33:00.821 D/EGL_emulation( 1630): eglMakeCurrent: 0x87e24880: ver 3 0 (tinfo 0x8635c5f0)
12-13 23:33:00.822 E/eglCodecCommon( 1630): glUtilsParamSize: unknow param 0x00008cdf
12-13 23:33:00.822 E/eglCodecCommon( 1630): glUtilsParamSize: unknow param 0x00008cdf
12-13 23:33:00.822 E/eglCodecCommon( 1630): glUtilsParamSize: unknow param 0x00008824
12-13 23:33:00.823 E/eglCodecCommon( 1630): glUtilsParamSize: unknow param 0x00008824
12-13 23:33:00.839 D/        ( 1630): HostConnection::get() New Host Connection established 0x8d7b78c0, tid 1637
12-13 23:33:01.299 I/BackgroundDexOptService( 1630): Pinning optimized code {}
12-13 23:33:01.300 E/memtrack( 1630): Couldn't load memtrack module
12-13 23:33:01.300 W/android.os.Debug( 1630): failed to get memory consumption info: -1
12-13 23:33:01.623 I/Finsky  ( 2539): [2] abyu.onStartJob(3): SCH: onJobSchedulerWakeup with jobId 9001
12-13 23:33:01.634 I/Finsky  ( 2539): [2] abtz.a(9): SCH: Scheduling fallback job with id: 9034, and delay: 43200000 ms
12-13 23:33:01.638 I/Finsky  ( 2539): [2] abtz.b(9): SCH: Scheduling fallback in 64799998 (absolute: 64869922)
12-13 23:33:01.645 I/Finsky  ( 2539): [2] abyu.onStartJob(3): SCH: onJobSchedulerWakeup with jobId 9003
12-13 23:33:01.647 I/Finsky  ( 2539): [2] abtz.a(9): SCH: Scheduling fallback job with id: 9034, and delay: 43200000 ms
12-13 23:33:01.649 I/Finsky  ( 2539): [2] abtz.b(9): SCH: Scheduling fallback in 64799999 (absolute: 64869934)
12-13 23:33:01.651 W/Finsky  ( 2539): [2] abyu.onStartJob(10): SCH: onJobSchedulerWakeup while already running
12-13 23:33:01.717 I/Finsky  ( 2539): [2] abui.handleMessage(8): SCH: DeviceState: DeviceState{currentTime=1607920381701, isCharging=false, isIdle=false, netAny=true, netNotRoaming=true, netUnmetered=true, batteryPercent=100.0}
12-13 23:33:01.735 I/Finsky  ( 2539): [125] abwt.b(5): SCH: Jobs in database: 1-1337 2-48879 3-44 12-1 26-1414141414 29-29 
12-13 23:33:01.749 I/Finsky  ( 2539): [2] abuj.b(10): SCH: Running job: 12-1
12-13 23:33:01.750 I/Finsky  ( 2539): [2] ContentSyncJob.r(1): [ContentSync] job started
12-13 23:33:01.752 I/Finsky  ( 2539): [2] abuj.b(10): SCH: Running job: 29-29
12-13 23:33:01.758 I/Finsky  ( 2539): [2] abui.handleMessage(59): SCH: RunningQueue size: 2, PendingQueue size: 0
12-13 23:33:01.758 I/Finsky  ( 2539): [2] abuj.p(3): SCH: Running queue: 12-1 29-29 
12-13 23:33:01.761 I/Finsky  ( 2539): [192] ajmy.a(0): ProcessRecoveryLogsUtil: No files in recovery directory
12-13 23:33:01.762 I/Finsky  ( 2539): [192] abvs.n(4): SCH: jobFinished: 29-29. TimeElapsed: 10ms.
12-13 23:33:01.764 I/Finsky  ( 2539): [2] abuj.e(4): SCH: Job 29-29 finished. Not rescheduling.
12-13 23:33:01.765 I/Finsky  ( 2539): [2] abui.handleMessage(59): SCH: RunningQueue size: 1, PendingQueue size: 0
12-13 23:33:01.765 I/Finsky  ( 2539): [2] abuj.p(3): SCH: Running queue: 12-1 
12-13 23:33:01.847 I/zygote  ( 2539): Deoptimizing j$.util.stream.Sink j$.util.stream.AbstractPipeline.wrapAndCopyInto(j$.util.stream.Sink, j$.util.Spliterator) due to JIT inline cache
12-13 23:33:01.884 I/zygote  ( 2539): Deoptimizing void j$.util.stream.AbstractPipeline.copyInto(j$.util.stream.Sink, j$.util.Spliterator) due to JIT inline cache
12-13 23:33:01.918 I/Finsky  ( 2539): [182] glv.b(1): Completed 0 account content syncs with 0 successful.
12-13 23:33:01.918 I/Finsky  ( 2539): [2] ContentSyncJob.a(1): [ContentSync] Installation state replication succeeded.
12-13 23:33:01.919 I/Finsky  ( 2539): [2] abvs.n(4): SCH: jobFinished: 12-1. TimeElapsed: 170ms.
12-13 23:33:01.920 I/Finsky  ( 2539): [2] abuj.e(4): SCH: Job 12-1 finished. Not rescheduling.
12-13 23:33:01.921 I/Finsky  ( 2539): [2] abui.handleMessage(59): SCH: RunningQueue size: 0, PendingQueue size: 0
12-13 23:33:01.921 I/Finsky  ( 2539): [2] abui.handleMessage(26): SCH: Executor finished
12-13 23:33:01.928 E/memtrack( 1630): Couldn't load memtrack module
12-13 23:33:01.928 W/android.os.Debug( 1630): failed to get memory consumption info: -1
12-13 23:33:01.933 I/Finsky  ( 2539): [2] abwt.b(5): SCH: Jobs in database: 1-1337 2-48879 3-44 26-1414141414 
12-13 23:33:01.938 I/Finsky  ( 2539): [2] abvf.d(37): SCH: ConstraintMapping: 1-1337,  -> L: 13185027ms, D: 56385027ms, C: false, I: false, N: 1
12-13 23:33:01.938 I/Finsky  ( 2539): [2] abvf.d(37): SCH: ConstraintMapping: 2-48879, 3-44,  -> L: 0ms, D: 76054159ms, C: true, I: true, N: 2
12-13 23:33:01.938 I/Finsky  ( 2539): [2] abvf.d(37): SCH: ConstraintMapping: 26-1414141414,  -> L: 34175112ms, D: 35075112ms, C: false, I: false, N: 0
12-13 23:33:01.940 I/Finsky  ( 2539): [2] abvf.f(7): SCH: Cancelling existing jobscheduler jobs: 9002 
12-13 23:33:01.940 I/Finsky  ( 2539): [2] abvf.e(23): SCH: Scheduling job Id: 9000, L: 13185027, D: 56385027, C: false, I: false, N: 1
12-13 23:33:01.940 I/Finsky  ( 2539): [2] abvf.e(8): SCH: Throttling wakeup for job 9003 (expected to run in 0 ms) due to recent wakeup
12-13 23:33:01.941 I/Finsky  ( 2539): [2] abvf.e(23): SCH: Scheduling job Id: 9003, L: 30000, D: 76054159, C: true, I: true, N: 2
12-13 23:33:01.942 I/Finsky  ( 2539): [2] abvf.e(23): SCH: Scheduling job Id: 9004, L: 34175112, D: 35075112, C: false, I: false, N: 0
12-13 23:33:02.142 W/audio_hw_generic( 1390): Not supplying enough data to HAL, expected position 550083 , only wrote 353520
12-13 23:33:02.204 W/NetworkScheduler.TED( 1944): Enforcing binder timeout for ComponentInfo{com.google.android.videos/com.google.android.videos.service.drm.RefreshLicenseTaskService}
12-13 23:33:02.204 E/NetworkScheduler.TED( 1944): Dropping task as app's play services SDK version does not support Android O. Either update the SDK or lower your app's target SDK version. Canceling all tasks for the service: ComponentInfo{com.google.android.videos/com.google.android.videos.service.drm.RefreshLicenseTaskService}
12-13 23:33:03.978 D/WificondControl( 1630): Scan result ready event
12-13 23:33:04.977 E/memtrack( 1630): Couldn't load memtrack module
12-13 23:33:04.977 W/android.os.Debug( 1630): failed to get memory consumption info: -1
12-13 23:33:04.978 D/BoundBrokerSvc( 1944): onUnbind: Intent { act=com.google.android.gms.clearcut.service.START cmp=com.google.android.gms/.chimera.PersistentDirectBootAwareApiService }
12-13 23:33:04.992 D/BoundBrokerSvc( 2112): onUnbind: Intent { act=com.google.android.mdd.service.START cmp=com.google.android.gms/.chimera.GmsBoundBrokerService }
12-13 23:33:04.996 E/memtrack( 1630): Couldn't load memtrack module
12-13 23:33:04.996 W/android.os.Debug( 1630): failed to get memory consumption info: -1
12-13 23:33:05.468 I/MicroDetectionWorker( 2154): #updateMicroDetector [detectionMode: [mDetectionMode: [1]]]
12-13 23:33:05.468 I/MicroDetectionWorker( 2154): #startMicroDetector [speakerMode: 0]
12-13 23:33:05.468 I/AudioController( 2154): Using mInputStreamFactoryBuilder
12-13 23:33:05.470 I/MicroDetectionWorker( 2154): onReady
12-13 23:33:05.471 I/MicroRecognitionRunner( 2154): Starting detection.
12-13 23:33:05.473 I/MicrophoneInputStream( 2154): mic_starting com.google.android.apps.gsa.staticplugins.aa.c@2a95e06
12-13 23:33:05.477 I/AudioFlinger( 1476): AudioFlinger's thread 0xad983100 tid=4057 ready to run
12-13 23:33:05.481 I/MicrophoneInputStream( 2154): mic_started com.google.android.apps.gsa.staticplugins.aa.c@2a95e06
--------- beginning of system
12-13 23:33:05.482 E/ActivityThread( 2154): Failed to find provider info for com.google.android.apps.gsa.testing.ui.audio.recorded
12-13 23:33:05.482 I/MicroDetectionWorker( 2154): onReady
12-13 23:33:05.485 I/MicrophoneInputStream( 2154): mic_close com.google.android.apps.gsa.staticplugins.aa.c@2a95e06
12-13 23:33:05.485 I/MicroRecognitionRunner( 2154): Detection finished
12-13 23:33:05.485 W/ErrorReporter( 2154): reportError [type: 211, code: 524300]: Error reading from input stream
12-13 23:33:05.486 W/ErrorProcessor( 2154): onFatalError, processing error from engine(4)
12-13 23:33:05.486 W/ErrorProcessor( 2154): com.google.android.apps.gsa.shared.speech.b.g: Error reading from input stream
12-13 23:33:05.486 W/ErrorProcessor( 2154): 	at com.google.android.apps.gsa.staticplugins.recognizer.j.a.a(SourceFile:28)
12-13 23:33:05.486 W/ErrorProcessor( 2154): 	at com.google.android.apps.gsa.staticplugins.recognizer.j.b.run(SourceFile:15)
12-13 23:33:05.486 W/ErrorProcessor( 2154): 	at java.util.concurrent.Executors$RunnableAdapter.call(Executors.java:457)
12-13 23:33:05.486 W/ErrorProcessor( 2154): 	at java.util.concurrent.FutureTask.run(FutureTask.java:266)
12-13 23:33:05.486 W/ErrorProcessor( 2154): 	at com.google.android.apps.gsa.shared.util.concurrent.a.ax.run(SourceFile:14)
12-13 23:33:05.486 W/ErrorProcessor( 2154): 	at com.google.android.apps.gsa.shared.util.concurrent.a.bl.run(SourceFile:4)
12-13 23:33:05.486 W/ErrorProcessor( 2154): 	at com.google.android.apps.gsa.shared.util.concurrent.a.bl.run(SourceFile:4)
12-13 23:33:05.486 W/ErrorProcessor( 2154): 	at java.util.concurrent.ThreadPoolExecutor.runWorker(ThreadPoolExecutor.java:1162)
12-13 23:33:05.486 W/ErrorProcessor( 2154): 	at java.util.concurrent.ThreadPoolExecutor$Worker.run(ThreadPoolExecutor.java:636)
12-13 23:33:05.486 W/ErrorProcessor( 2154): 	at java.lang.Thread.run(Thread.java:764)
12-13 23:33:05.486 W/ErrorProcessor( 2154): 	at com.google.android.apps.gsa.shared.util.concurrent.a.ai.run(SourceFile:6)
12-13 23:33:05.486 W/ErrorProcessor( 2154): Caused by: com.google.android.apps.gsa.shared.exception.GsaIOException: Error code: 393238 | Buffer overflow, no available space.
12-13 23:33:05.486 W/ErrorProcessor( 2154): 	at com.google.android.apps.gsa.speech.audio.Tee.f(SourceFile:103)
12-13 23:33:05.486 W/ErrorProcessor( 2154): 	at com.google.android.apps.gsa.speech.audio.au.read(SourceFile:2)
12-13 23:33:05.486 W/ErrorProcessor( 2154): 	at java.io.InputStream.read(InputStream.java:101)
12-13 23:33:05.486 W/ErrorProcessor( 2154): 	at com.google.android.apps.gsa.speech.audio.ao.run(SourceFile:18)
12-13 23:33:05.486 W/ErrorProcessor( 2154): 	at com.google.android.apps.gsa.speech.audio.an.run(SourceFile:2)
12-13 23:33:05.486 W/ErrorProcessor( 2154): 	... 9 more
12-13 23:33:05.486 I/MicroRecognitionRunner( 2154): Stopping hotword detection.
12-13 23:33:05.486 I/AudioController( 2154): internalShutdown
12-13 23:33:05.487 I/MicroDetector( 2154): Keeping mic open: false
12-13 23:33:05.487 I/MicroDetectionWorker( 2154): #onError(false)
12-13 23:33:05.487 I/DeviceStateChecker( 2154): DeviceStateChecker cancelled
12-13 23:33:06.059 D/AndroidRuntime( 4061): >>>>>> START com.android.internal.os.RuntimeInit uid 2000 <<<<<<
12-13 23:33:06.091 W/app_process( 4061): Unexpected CPU variant for X86 using defaults: x86
12-13 23:33:06.111 D/AndroidRuntime( 4061): Calling main entry com.android.commands.am.Am
12-13 23:33:06.114 I/ActivityManager( 1630): Force stopping com.evancharlton.mileage appid=10172 user=0: start instr
12-13 23:33:06.114 I/ActivityManager( 1630): Killing 3981:com.evancharlton.mileage/u0a172 (adj 0): stop com.evancharlton.mileage
12-13 23:33:06.118 W/ActivityManager( 1630): Crash of app com.evancharlton.mileage running instrumentation ComponentInfo{com.evancharlton.mileage.test/sh.calaba.instrumentationbackend.CalabashInstrumentationTestRunner}
12-13 23:33:06.118 I/ActivityManager( 1630): Force stopping com.evancharlton.mileage appid=10172 user=0: finished inst
12-13 23:33:06.123 I/zygote  ( 4071): Not late-enabling -Xcheck:jni (already on)
12-13 23:33:06.131 W/zygote  ( 4071): Unexpected CPU variant for X86 using defaults: x86
12-13 23:33:06.132 I/ActivityManager( 1630): Start proc 4071:com.evancharlton.mileage/u0a172 for added application com.evancharlton.mileage
12-13 23:33:06.133 W/ActivityManager( 1630): setHasOverlayUi called on unknown pid: 3981
12-13 23:33:06.134 E/memtrack( 1630): Couldn't load memtrack module
12-13 23:33:06.134 W/android.os.Debug( 1630): failed to get memory consumption info: -1
12-13 23:33:06.137 D/AndroidRuntime( 4061): Shutting down VM
12-13 23:33:06.158 W/zygote  ( 4071): Found duplicate classes, falling back to extracting from APK : /data/app/com.evancharlton.mileage.test-Pehf6YwPlS9KS4HVZLERqw==/base.apk
12-13 23:33:06.158 W/zygote  ( 4071): NOTE: This wastes RAM and hurts startup performance.
12-13 23:33:06.158 W/zygote  ( 4071): Found duplicated class when checking oat files: 'Ljunit/runner/BaseTestRunner;' in /data/app/com.evancharlton.mileage.test-Pehf6YwPlS9KS4HVZLERqw==/base.apk and /system/framework/android.test.runner.jar
12-13 23:33:06.158 W/zygote  ( 4071): 
12-13 23:33:06.163 E/adbd    ( 1383): failed to connect to socket 'tcp:7102': Connection refused
12-13 23:33:06.166 E/adbd    ( 1383): failed to connect to socket 'tcp:7102': Connection refused
12-13 23:33:06.192 W/System  ( 4071): ClassLoader referenced unknown path: 
12-13 23:33:06.204 I/System.out( 4071): Main activity name automatically set to: com.evancharlton.mileage.Mileage
12-13 23:33:06.205 I/System.out( 4071): Calabash did not load Mono. This is only a problem if you are trying to test a Mono application
12-13 23:33:06.205 I/calabash( 4071): Test server port: 7102
12-13 23:33:06.207 I/InstrumentationBackend( 4071): Added:'GetPreferences', with key:'get_preferences'
12-13 23:33:06.263 I/InstrumentationBackend( 4071): Added:'SetPreferences', with key:'set_preferences'
12-13 23:33:06.263 I/InstrumentationBackend( 4071): Added:'ClearPreferences', with key:'clear_preferences'
12-13 23:33:06.263 I/InstrumentationBackend( 4071): Added:'PressElement', with key:'press_l10n_element'
12-13 23:33:06.263 I/InstrumentationBackend( 4071): Added:'WaitForElement', with key:'wait_for_l10n_element'
12-13 23:33:06.264 I/InstrumentationBackend( 4071): Added:'NullAction', with key:'nullAction'
12-13 23:33:06.264 I/InstrumentationBackend( 4071): Added:'PressKey', with key:'press_key'
12-13 23:33:06.265 I/InstrumentationBackend( 4071): Added:'SetActivityOrientation', with key:'set_activity_orientation'
12-13 23:33:06.265 I/InstrumentationBackend( 4071): Added:'GetActivityOrientation', with key:'get_activity_orientation'
12-13 23:33:06.266 I/InstrumentationBackend( 4071): Added:'FakeGPSLocation', with key:'set_gps_coordinates'
12-13 23:33:06.266 I/InstrumentationBackend( 4071): Added:'SetPropertyByCssSelector', with key:'set_property_by_css_selector'
12-13 23:33:06.267 I/InstrumentationBackend( 4071): Added:'GetUrl', with key:'get_url'
12-13 23:33:06.269 I/InstrumentationBackend( 4071): Added:'ScrollTo', with key:'scroll_to'
12-13 23:33:06.269 I/InstrumentationBackend( 4071): Added:'GetLoadProgress', with key:'get_load_progress'
12-13 23:33:06.270 I/InstrumentationBackend( 4071): Added:'DumpHtml', with key:'dump_html'
12-13 23:33:06.270 I/InstrumentationBackend( 4071): Added:'DumpBodyHtml', with key:'dump_body_html'
12-13 23:33:06.270 I/InstrumentationBackend( 4071): Added:'EnterTextByCssSelector', with key:'enter_text_by_selector'
12-13 23:33:06.274 I/InstrumentationBackend( 4071): Added:'AndroidSDKVersion', with key:'android_sdk_version'
12-13 23:33:06.274 I/InstrumentationBackend( 4071): Added:'Version', with key:'version'
12-13 23:33:06.275 I/InstrumentationBackend( 4071): Added:'Drag', with key:'drag'
12-13 23:33:06.276 I/InstrumentationBackend( 4071): Added:'TouchCoordinates', with key:'touch_coordinate'
12-13 23:33:06.277 I/InstrumentationBackend( 4071): Added:'LongPressCoordinate', with key:'long_press_coordinate'
12-13 23:33:06.277 E/adbd    ( 1383): failed to connect to socket 'tcp:7102': Connection refused
12-13 23:33:06.277 I/InstrumentationBackend( 4071): Added:'DragCoordinates', with key:'drag_coordinates'
12-13 23:33:06.279 I/InstrumentationBackend( 4071): Added:'ResumeApplication', with key:'resume_application'
12-13 23:33:06.279 I/InstrumentationBackend( 4071): Added:'Swipe', with key:'swipe'
12-13 23:33:06.280 I/InstrumentationBackend( 4071): Added:'DoubleTapCoordinate', with key:'double_tap_coordinate'
12-13 23:33:06.280 E/adbd    ( 1383): failed to connect to socket 'tcp:7102': Connection refused
12-13 23:33:06.281 I/InstrumentationBackend( 4071): Added:'ClickOnScreen', with key:'click_on_screen'
12-13 23:33:06.281 I/InstrumentationBackend( 4071): Added:'GetActivityName', with key:'get_activity_name'
12-13 23:33:06.282 I/InstrumentationBackend( 4071): Added:'ScrollToView', with key:'scroll_to_view'
12-13 23:33:06.282 I/InstrumentationBackend( 4071): Added:'ViewConfiguration', with key:'view_configuration'
12-13 23:33:06.283 I/InstrumentationBackend( 4071): Added:'IsCurrentActivityFocused', with key:'is_current_activity_focused'
12-13 23:33:06.283 I/InstrumentationBackend( 4071): Added:'SendTcp', with key:'send_tcp'
12-13 23:33:06.283 I/InstrumentationBackend( 4071): Added:'DpToDevicePixel', with key:'dp_to_device_pixel'
12-13 23:33:06.284 I/InstrumentationBackend( 4071): Added:'KeyboardEnterText', with key:'keyboard_enter_text'
12-13 23:33:06.285 I/InstrumentationBackend( 4071): Added:'DeleteSurroundingText', with key:'delete_surrounding_text'
12-13 23:33:06.286 I/InstrumentationBackend( 4071): Added:'SetComposingRegion', with key:'set_composing_region'
12-13 23:33:06.286 I/InstrumentationBackend( 4071): Added:'SetSelection', with key:'set_selection'
12-13 23:33:06.286 I/InstrumentationBackend( 4071): Added:'KeyboardKeyEvent', with key:'keyboard_key_event'
12-13 23:33:06.287 I/InstrumentationBackend( 4071): Added:'PressUserActionButton', with key:'press_user_action_button'
12-13 23:33:06.287 I/InstrumentationBackend( 4071): Added:'HideSoftKeyboard', with key:'hide_soft_keyboard'
12-13 23:33:06.289 I/InstrumentationBackend( 4071): Added:'ListActions', with key:'list_actions'
12-13 23:33:06.289 I/calabash( 4071): Instantiating http server at 7102
12-13 23:33:06.290 I/System.out( 4071): HTTP Daemon listening on: 7102
12-13 23:33:06.394 I/System.out( 4071): URI: //ping
12-13 23:33:06.394 I/System.out( 4071): params: {json={}
12-13 23:33:06.395 I/System.out( 4071): }
12-13 23:33:06.408 I/System.out( 4071): URI: //ping
12-13 23:33:06.408 I/System.out( 4071): params: {json={}
12-13 23:33:06.408 I/System.out( 4071): }
12-13 23:33:06.415 I/System.out( 4071): URI: //ready
12-13 23:33:06.415 I/System.out( 4071): params: {json={}
12-13 23:33:06.415 I/System.out( 4071): }
12-13 23:33:06.423 I/System.out( 4071): URI: //
12-13 23:33:06.423 I/System.out( 4071): params: {json={"command":"version","arguments":[]}
12-13 23:33:06.423 I/System.out( 4071): }
12-13 23:33:06.423 I/System.out( 4071): header: {content-type=application/json;charset=utf-8, date=Mon, 14 Dec 2020 04:33:07 GMT, accept=*/*, host=127.0.0.1:34777, content-length=36, user-agent=HTTPClient/1.0 (2.8.3, ruby 2.5.8 (2020-03-31))}
12-13 23:33:06.423 I/System.out( 4071): params: {json={"command":"version","arguments":[]}
12-13 23:33:06.423 I/System.out( 4071): }
12-13 23:33:06.423 I/System.out( 4071): ProP json = {"command":"version","arguments":[]}
12-13 23:33:06.423 I/System.out( 4071): files: {}
12-13 23:33:06.423 I/System.out( 4071): command: {"command":"version","arguments":[]}
12-13 23:33:06.452 I/InstrumentationBackend( 4071): Got command:'Command:'Line:null,version', arguments:'[]'
12-13 23:33:06.488 I/System.out( 4071): result:{"bonusInformation":[],"message":"0.9.8","success":true}
12-13 23:33:06.497 I/System.out( 4071): URI: //start-application
12-13 23:33:06.497 I/System.out( 4071): params: {json={"intent":null}
12-13 23:33:06.497 I/System.out( 4071): }
12-13 23:33:06.531 I/ActivityManager( 1630): START u0 {act=android.intent.action.MAIN cat=[android.intent.category.LAUNCHER] flg=0x10200000 cmp=com.evancharlton.mileage/.Mileage} from uid 10172
12-13 23:33:06.543 I/calabash( 4071): newActivity1
12-13 23:33:06.567 W/ActivityManager( 1630): Bad activity token: android.os.BinderProxy@3e8343e
12-13 23:33:06.567 W/ActivityManager( 1630): java.lang.ClassCastException: android.os.BinderProxy cannot be cast to com.android.server.am.ActivityRecord$Token
12-13 23:33:06.567 W/ActivityManager( 1630): 	at com.android.server.am.ActivityRecord.forTokenLocked(ActivityRecord.java:778)
12-13 23:33:06.567 W/ActivityManager( 1630): 	at com.android.server.am.ActivityRecord.isInStackLocked(ActivityRecord.java:2085)
12-13 23:33:06.567 W/ActivityManager( 1630): 	at com.android.server.am.ActivityRecord.getStackLocked(ActivityRecord.java:2090)
12-13 23:33:06.567 W/ActivityManager( 1630): 	at com.android.server.am.ActivityManagerService.getActivityDisplayId(ActivityManagerService.java:10406)
12-13 23:33:06.567 W/ActivityManager( 1630): 	at android.app.IActivityManager$Stub.onTransact(IActivityManager.java:2738)
12-13 23:33:06.567 W/ActivityManager( 1630): 	at com.android.server.am.ActivityManagerService.onTransact(ActivityManagerService.java:2935)
12-13 23:33:06.567 W/ActivityManager( 1630): 	at android.os.Binder.execTransact(Binder.java:674)
12-13 23:33:06.573 W/ActivityManager( 1630): Bad activity token: android.os.BinderProxy@3e8343e
12-13 23:33:06.573 W/ActivityManager( 1630): java.lang.ClassCastException: android.os.BinderProxy cannot be cast to com.android.server.am.ActivityRecord$Token
12-13 23:33:06.573 W/ActivityManager( 1630): 	at com.android.server.am.ActivityRecord.forTokenLocked(ActivityRecord.java:778)
12-13 23:33:06.573 W/ActivityManager( 1630): 	at com.android.server.am.ActivityRecord.isInStackLocked(ActivityRecord.java:2085)
12-13 23:33:06.573 W/ActivityManager( 1630): 	at com.android.server.am.ActivityManagerService.setTaskDescription(ActivityManagerService.java:9988)
12-13 23:33:06.573 W/ActivityManager( 1630): 	at android.app.IActivityManager$Stub.onTransact(IActivityManager.java:2824)
12-13 23:33:06.573 W/ActivityManager( 1630): 	at com.android.server.am.ActivityManagerService.onTransact(ActivityManagerService.java:2935)
12-13 23:33:06.573 W/ActivityManager( 1630): 	at android.os.Binder.execTransact(Binder.java:674)
12-13 23:33:06.576 W/ActivityManager( 1630): Bad activity token: android.os.BinderProxy@3e8343e
12-13 23:33:06.576 W/ActivityManager( 1630): java.lang.ClassCastException: android.os.BinderProxy cannot be cast to com.android.server.am.ActivityRecord$Token
12-13 23:33:06.576 W/ActivityManager( 1630): 	at com.android.server.am.ActivityRecord.forTokenLocked(ActivityRecord.java:778)
12-13 23:33:06.576 W/ActivityManager( 1630): 	at com.android.server.am.ActivityRecord.isInStackLocked(ActivityRecord.java:2085)
12-13 23:33:06.576 W/ActivityManager( 1630): 	at com.android.server.am.ActivityRecord.getStackLocked(ActivityRecord.java:2090)
12-13 23:33:06.576 W/ActivityManager( 1630): 	at com.android.server.am.ActivityManagerService.getActivityStackId(ActivityManagerService.java:10417)
12-13 23:33:06.576 W/ActivityManager( 1630): 	at android.app.IActivityManager$Stub.onTransact(IActivityManager.java:3548)
12-13 23:33:06.576 W/ActivityManager( 1630): 	at com.android.server.am.ActivityManagerService.onTransact(ActivityManagerService.java:2935)
12-13 23:33:06.576 W/ActivityManager( 1630): 	at android.os.Binder.execTransact(Binder.java:674)
12-13 23:33:06.568 I/calabash( 4071): newActivity1
12-13 23:33:06.589 D/gralloc_ranchu( 1396): gralloc_alloc: Creating ashmem region of size 7753728
12-13 23:33:06.641 D/EGL_emulation( 2154): eglMakeCurrent: 0x9bec83a0: ver 3 0 (tinfo 0x9c07f960)
12-13 23:33:06.641 D/EGL_emulation( 2194): eglMakeCurrent: 0x9bec7ce0: ver 3 0 (tinfo 0x9c07fd40)
12-13 23:33:06.648 V/StatusBar( 1729): setLightsOn(true)
12-13 23:33:06.668 D/EGL_emulation( 1729): eglMakeCurrent: 0x9e905780: ver 3 0 (tinfo 0x9e9035b0)
12-13 23:33:06.677 I/chatty  ( 1729): uid=10028(u0_a28) RenderThread identical 1 line
12-13 23:33:06.683 D/EGL_emulation( 1729): eglMakeCurrent: 0x9e905780: ver 3 0 (tinfo 0x9e9035b0)
12-13 23:33:06.685 V/StatusBar( 1729): setLightsOn(true)
12-13 23:33:06.699 D/EGL_emulation( 1729): eglMakeCurrent: 0x9e905780: ver 3 0 (tinfo 0x9e9035b0)
12-13 23:33:06.699 E/ContentStoreEUAS( 2154): Failed to commit the deferred actions
12-13 23:33:06.703 D/EGL_emulation( 1729): eglMakeCurrent: 0x9e905780: ver 3 0 (tinfo 0x9e9035b0)
12-13 23:33:06.728 W/ActivityManager( 1630): Bad activity token: android.os.BinderProxy@3e8343e
12-13 23:33:06.728 W/ActivityManager( 1630): java.lang.ClassCastException: android.os.BinderProxy cannot be cast to com.android.server.am.ActivityRecord$Token
12-13 23:33:06.728 W/ActivityManager( 1630): 	at com.android.server.am.ActivityRecord.forTokenLocked(ActivityRecord.java:778)
12-13 23:33:06.728 W/ActivityManager( 1630): 	at com.android.server.am.ActivityRecord.isInStackLocked(ActivityRecord.java:2085)
12-13 23:33:06.728 W/ActivityManager( 1630): 	at com.android.server.am.ActivityManagerService.getActivityOptions(ActivityManagerService.java:13302)
12-13 23:33:06.728 W/ActivityManager( 1630): 	at android.app.IActivityManager$Stub.onTransact(IActivityManager.java:2910)
12-13 23:33:06.728 W/ActivityManager( 1630): 	at com.android.server.am.ActivityManagerService.onTransact(ActivityManagerService.java:2935)
12-13 23:33:06.728 W/ActivityManager( 1630): 	at android.os.Binder.execTransact(Binder.java:674)
12-13 23:33:06.729 W/ActivityManager( 1630): Bad activity token: android.os.BinderProxy@3e8343e
12-13 23:33:06.729 W/ActivityManager( 1630): java.lang.ClassCastException: android.os.BinderProxy cannot be cast to com.android.server.am.ActivityRecord$Token
12-13 23:33:06.729 W/ActivityManager( 1630): 	at com.android.server.am.ActivityRecord.forTokenLocked(ActivityRecord.java:778)
12-13 23:33:06.729 W/ActivityManager( 1630): 	at com.android.server.am.ActivityRecord.isInStackLocked(ActivityRecord.java:2085)
12-13 23:33:06.729 W/ActivityManager( 1630): 	at com.android.server.am.ActivityManagerService.getActivityOptions(ActivityManagerService.java:13302)
12-13 23:33:06.729 W/ActivityManager( 1630): 	at android.app.IActivityManager$Stub.onTransact(IActivityManager.java:2910)
12-13 23:33:06.729 W/ActivityManager( 1630): 	at com.android.server.am.ActivityManagerService.onTransact(ActivityManagerService.java:2935)
12-13 23:33:06.729 W/ActivityManager( 1630): 	at android.os.Binder.execTransact(Binder.java:674)
12-13 23:33:06.849 I/chatty  ( 1729): uid=10028(u0_a28) RenderThread identical 17 lines
12-13 23:33:06.857 D/EGL_emulation( 1729): eglMakeCurrent: 0x9e905780: ver 3 0 (tinfo 0x9e9035b0)
12-13 23:33:06.858 V/StatusBar( 1729): setLightsOn(true)
12-13 23:33:06.865 D/EGL_emulation( 1729): eglMakeCurrent: 0x9e905780: ver 3 0 (tinfo 0x9e9035b0)
12-13 23:33:06.881 I/zygote  ( 4071): Do partial code cache collection, code=28KB, data=30KB
12-13 23:33:06.881 I/zygote  ( 4071): After code cache collection, code=28KB, data=30KB
12-13 23:33:06.881 I/zygote  ( 4071): Increasing code cache capacity to 128KB
12-13 23:33:06.882 I/zygote  ( 4071): Do partial code cache collection, code=28KB, data=47KB
12-13 23:33:06.884 I/zygote  ( 4071): After code cache collection, code=28KB, data=47KB
12-13 23:33:06.885 I/zygote  ( 4071): Increasing code cache capacity to 256KB
12-13 23:33:06.885 I/zygote  ( 4071): JIT allocated 71KB for compiled code of void android.widget.TextView.<init>(android.content.Context, android.util.AttributeSet, int, int)
12-13 23:33:06.886 I/zygote  ( 4071): Compiler allocated 4MB to compile void android.widget.TextView.<init>(android.content.Context, android.util.AttributeSet, int, int)
12-13 23:33:06.915 V/StatusBar( 1729): setLightsOn(true)
12-13 23:33:06.918 I/chatty  ( 1729): uid=10028(u0_a28) com.android.systemui identical 1 line
12-13 23:33:06.919 V/StatusBar( 1729): setLightsOn(true)
12-13 23:33:06.953 D/gralloc_ranchu( 1396): gralloc_alloc: Creating ashmem region of size 7753728
12-13 23:33:06.978 D/        ( 4071): HostConnection::get() New Host Connection established 0x9bd30d00, tid 4071
12-13 23:33:07.027 V/StatusBar( 1729): setLightsOn(true)
12-13 23:33:07.029 V/StatusBar( 1729): setLightsOn(true)
12-13 23:33:07.032 I/ActivityManager( 1630): Displayed com.evancharlton.mileage/.Mileage: +492ms
12-13 23:33:07.035 V/StatusBar( 1729): setLightsOn(true)
12-13 23:33:07.058 V/StatusBar( 1729): setLightsOn(true)
12-13 23:33:07.071 D/gralloc_ranchu( 1396): gralloc_alloc: Creating ashmem region of size 7753728
12-13 23:33:07.077 I/zygote  ( 4071): Do full code cache collection, code=124KB, data=71KB
12-13 23:33:07.077 I/zygote  ( 4071): After code cache collection, code=107KB, data=43KB
12-13 23:33:07.117 V/StatusBar( 1729): setLightsOn(true)
