--------- beginning of main
12-14 03:42:32.269 I/System.out( 3980): URI: //map
12-14 03:42:32.269 I/System.out( 3980): params: {json={"query":"android.widget.CheckBox index:0","operation":{"method_name":"query","arguments":[]}}
12-14 03:42:32.269 I/System.out( 3980): }
12-14 03:42:32.290 D/BoundBrokerSvc( 2111): onUnbind: Intent { act=com.google.android.gms.pay.service.BIND cmp=com.google.android.gms/.chimera.GmsApiService }
12-14 03:42:32.422 I/System.out( 3980): URI: //gesture
12-14 03:42:32.423 I/System.out( 3980): params: {json={"query_timeout":5.0,"gestures":[{"query_string":"android.widget.CheckBox index:0","touches":[{"x":50,"y":50,"offset_x":0,"offset_y":0,"wait":0.0,"time":0.2,"release":true,"query_string":null}]}]}
12-14 03:42:32.423 I/System.out( 3980): }
12-14 03:42:32.432 I/ContentMaintenance( 2111): Internal cache bytes used: 0; limit: 100000000; download size: 0
12-14 03:42:32.454 I/RealtimeCacheCleanup( 2111): Beginning Realtime garbage collection.
12-14 03:42:32.455 I/RealtimeCacheCleanup( 2111): Finished Realtime garbage collection.
12-14 03:42:32.897 E/SurfaceFlinger( 1405): ro.sf.lcd_density must be defined as a build property
12-14 03:42:32.905 D/gralloc_ranchu( 1396): gralloc_alloc: Creating ashmem region of size 8298496
12-14 03:42:32.915 D/        ( 4032): HostConnection::get() New Host Connection established 0xa8daf800, tid 4032
12-14 03:42:33.337 I/System.out( 3980): URI: //kill
12-14 03:42:33.337 I/System.out( 3980): params: {json={}
12-14 03:42:33.337 I/System.out( 3980): }
12-14 03:42:33.338 I/System.out( 3980): Stopping test server
12-14 03:42:33.343 E/adbd    ( 1378): failed to connect to socket 'tcp:7102': Connection refused
12-14 03:42:33.345 E/adbd    ( 1378): failed to connect to socket 'tcp:7102': Connection refused
12-14 03:42:33.382 V/StatusBar( 1733): setLightsOn(true)
12-14 03:42:33.400 I/chatty  ( 1733): uid=10028(u0_a28) com.android.systemui identical 3 lines
12-14 03:42:33.406 V/StatusBar( 1733): setLightsOn(true)
12-14 03:42:33.410 D/gralloc_ranchu( 1396): gralloc_alloc: Creating ashmem region of size 8298496
12-14 03:42:33.413 D/SurfaceFlinger( 1405): duplicate layer name: changing com.google.android.apps.nexuslauncher/com.google.android.apps.nexuslauncher.NexusLauncherActivity to com.google.android.apps.nexuslauncher/com.google.android.apps.nexuslauncher.NexusLauncherActivity#1
12-14 03:42:33.422 D/gralloc_ranchu( 1396): gralloc_alloc: Creating ashmem region of size 8298496
12-14 03:42:33.444 D/EGL_emulation( 1733): eglMakeCurrent: 0x92445280: ver 3 0 (tinfo 0xa367ec20)
12-14 03:42:33.448 D/gralloc_ranchu( 1396): gralloc_alloc: Creating ashmem region of size 8298496
12-14 03:42:33.523 I/chatty  ( 1396): uid=1000(system) allocator@2.0-s identical 2 lines
12-14 03:42:33.590 D/gralloc_ranchu( 1396): gralloc_alloc: Creating ashmem region of size 8298496
12-14 03:42:33.673 D/EGL_emulation( 2216): eglMakeCurrent: 0xa5d84ba0: ver 3 0 (tinfo 0xa5d83650)
12-14 03:42:33.680 W/SessionLifecycleManager( 2216): Handover failed. Creating new session controller.
12-14 03:42:33.717 D/EGL_emulation( 2184): eglMakeCurrent: 0xa387cc60: ver 3 0 (tinfo 0xa387f860)
12-14 03:42:33.781 D/gralloc_ranchu( 1396): gralloc_alloc: Creating ashmem region of size 7753728
12-14 03:42:33.815 I/MicroDetectionWorker( 2216): #updateMicroDetector [detectionMode: [mDetectionMode: [1]]]
12-14 03:42:33.816 I/MicroDetectionWorker( 2216): #startMicroDetector [speakerMode: 0]
12-14 03:42:33.818 I/AudioController( 2216): Using mInputStreamFactoryBuilder
12-14 03:42:33.828 I/MicroDetectionWorker( 2216): onReady
12-14 03:42:33.830 I/MicroRecognitionRunner( 2216): Starting detection.
12-14 03:42:33.831 I/MicrophoneInputStream( 2216): mic_starting com.google.android.apps.gsa.staticplugins.aa.c@1c8a409
12-14 03:42:33.849 I/AudioFlinger( 1477): AudioFlinger's thread 0xad783b40 tid=4049 ready to run
12-14 03:42:33.864 D/        ( 1733): HostConnection::get() New Host Connection established 0x8fbbbe80, tid 1759
12-14 03:42:33.886 I/MicrophoneInputStream( 2216): mic_started com.google.android.apps.gsa.staticplugins.aa.c@1c8a409
12-14 03:42:33.893 I/MicroDetectionWorker( 2216): onReady
12-14 03:42:33.897 D/EGL_emulation( 1733): eglMakeCurrent: 0x92445280: ver 3 0 (tinfo 0xa367ec20)
12-14 03:42:33.899 I/MicrophoneInputStream( 2216): mic_close com.google.android.apps.gsa.staticplugins.aa.c@1c8a409
12-14 03:42:33.902 D/EGL_emulation( 1733): eglMakeCurrent: 0x92445280: ver 3 0 (tinfo 0xa367ec20)
12-14 03:42:33.905 I/MicroRecognitionRunner( 2216): Detection finished
12-14 03:42:33.906 W/ErrorReporter( 2216): reportError [type: 211, code: 524300]: Error reading from input stream
12-14 03:42:33.909 I/MicroRecognitionRunner( 2216): Stopping hotword detection.
12-14 03:42:33.909 W/ErrorProcessor( 2216): onFatalError, processing error from engine(4)
12-14 03:42:33.909 W/ErrorProcessor( 2216): com.google.android.apps.gsa.shared.speech.b.g: Error reading from input stream
12-14 03:42:33.909 W/ErrorProcessor( 2216): 	at com.google.android.apps.gsa.staticplugins.recognizer.j.a.a(SourceFile:28)
12-14 03:42:33.909 W/ErrorProcessor( 2216): 	at com.google.android.apps.gsa.staticplugins.recognizer.j.b.run(SourceFile:15)
12-14 03:42:33.909 W/ErrorProcessor( 2216): 	at java.util.concurrent.Executors$RunnableAdapter.call(Executors.java:457)
12-14 03:42:33.909 W/ErrorProcessor( 2216): 	at java.util.concurrent.FutureTask.run(FutureTask.java:266)
12-14 03:42:33.909 W/ErrorProcessor( 2216): 	at com.google.android.apps.gsa.shared.util.concurrent.a.ax.run(SourceFile:14)
12-14 03:42:33.909 W/ErrorProcessor( 2216): 	at com.google.android.apps.gsa.shared.util.concurrent.a.bl.run(SourceFile:4)
12-14 03:42:33.909 W/ErrorProcessor( 2216): 	at com.google.android.apps.gsa.shared.util.concurrent.a.bl.run(SourceFile:4)
12-14 03:42:33.909 W/ErrorProcessor( 2216): 	at java.util.concurrent.ThreadPoolExecutor.runWorker(ThreadPoolExecutor.java:1162)
12-14 03:42:33.909 W/ErrorProcessor( 2216): 	at java.util.concurrent.ThreadPoolExecutor$Worker.run(ThreadPoolExecutor.java:636)
12-14 03:42:33.909 W/ErrorProcessor( 2216): 	at java.lang.Thread.run(Thread.java:764)
12-14 03:42:33.909 W/ErrorProcessor( 2216): 	at com.google.android.apps.gsa.shared.util.concurrent.a.ai.run(SourceFile:6)
12-14 03:42:33.909 W/ErrorProcessor( 2216): Caused by: com.google.android.apps.gsa.shared.exception.GsaIOException: Error code: 393238 | Buffer overflow, no available space.
12-14 03:42:33.909 W/ErrorProcessor( 2216): 	at com.google.android.apps.gsa.speech.audio.Tee.f(SourceFile:103)
12-14 03:42:33.909 W/ErrorProcessor( 2216): 	at com.google.android.apps.gsa.speech.audio.au.read(SourceFile:2)
12-14 03:42:33.909 W/ErrorProcessor( 2216): 	at java.io.InputStream.read(InputStream.java:101)
12-14 03:42:33.909 W/ErrorProcessor( 2216): 	at com.google.android.apps.gsa.speech.audio.ao.run(SourceFile:18)
12-14 03:42:33.909 W/ErrorProcessor( 2216): 	at com.google.android.apps.gsa.speech.audio.an.run(SourceFile:2)
12-14 03:42:33.909 W/ErrorProcessor( 2216): 	... 9 more
12-14 03:42:33.910 I/AudioController( 2216): internalShutdown
12-14 03:42:33.912 I/MicroDetector( 2216): Keeping mic open: false
12-14 03:42:33.912 I/MicroDetectionWorker( 2216): #onError(false)
12-14 03:42:33.914 I/DeviceStateChecker( 2216): DeviceStateChecker cancelled
12-14 03:42:33.917 D/EGL_emulation( 1733): eglMakeCurrent: 0x92445280: ver 3 0 (tinfo 0xa367ec20)
12-14 03:42:33.926 I/zygote  ( 1733): NativeAllocBackground concurrent copying GC freed 2466(170KB) AllocSpace objects, 0(0B) LOS objects, 49% free, 4MB/8MB, paused 7.584ms total 48.154ms
12-14 03:42:33.932 D/EGL_emulation( 1733): eglMakeCurrent: 0x92445280: ver 3 0 (tinfo 0xa367ec20)
12-14 03:42:34.118 I/chatty  ( 1733): uid=10028(u0_a28) RenderThread identical 20 lines
12-14 03:42:34.124 D/EGL_emulation( 1733): eglMakeCurrent: 0x92445280: ver 3 0 (tinfo 0xa367ec20)
12-14 03:42:34.189 W/OpenGLRenderer( 2184): Incorrectly called buildLayer on View: ShortcutAndWidgetContainer, destroying layer...
12-14 03:42:34.340 I/OpenGLRenderer( 1627): Initialized EGL, version 1.4
12-14 03:42:34.340 D/OpenGLRenderer( 1627): Swap behavior 1
12-14 03:42:34.341 W/OpenGLRenderer( 1627): Failed to choose config with EGL_SWAP_BEHAVIOR_PRESERVED, retrying without...
12-14 03:42:34.341 D/OpenGLRenderer( 1627): Swap behavior 0
12-14 03:42:34.347 D/EGL_emulation( 1627): eglCreateContext: 0xa5d84900: maj 3 min 0 rcv 3
12-14 03:42:34.349 D/EGL_emulation( 1627): eglMakeCurrent: 0xa5d84900: ver 3 0 (tinfo 0x9503b110)
12-14 03:42:34.350 E/eglCodecCommon( 1627): glUtilsParamSize: unknow param 0x00008cdf
12-14 03:42:34.350 E/eglCodecCommon( 1627): glUtilsParamSize: unknow param 0x00008cdf
12-14 03:42:34.350 E/eglCodecCommon( 1627): glUtilsParamSize: unknow param 0x00008824
12-14 03:42:34.350 E/eglCodecCommon( 1627): glUtilsParamSize: unknow param 0x00008824
12-14 03:42:34.361 D/        ( 1627): HostConnection::get() New Host Connection established 0x9037fb00, tid 1634
12-14 03:42:35.145 E/memtrack( 1627): Couldn't load memtrack module
12-14 03:42:35.145 W/android.os.Debug( 1627): failed to get memory consumption info: -1
12-14 03:42:35.869 W/audio_hw_generic( 1390): Not supplying enough data to HAL, expected position 551823 , only wrote 354960
12-14 03:42:36.653 D/AndroidRuntime( 4054): >>>>>> START com.android.internal.os.RuntimeInit uid 2000 <<<<<<
12-14 03:42:36.685 W/app_process( 4054): Unexpected CPU variant for X86 using defaults: x86
12-14 03:42:36.699 D/AndroidRuntime( 4054): Calling main entry com.android.commands.am.Am
--------- beginning of system
12-14 03:42:36.702 I/ActivityManager( 1627): Force stopping com.evancharlton.mileage appid=10426 user=0: start instr
12-14 03:42:36.702 I/ActivityManager( 1627): Killing 3980:com.evancharlton.mileage/u0a426 (adj 0): stop com.evancharlton.mileage
12-14 03:42:36.703 W/ActivityManager( 1627): Crash of app com.evancharlton.mileage running instrumentation ComponentInfo{com.evancharlton.mileage.test/sh.calaba.instrumentationbackend.CalabashInstrumentationTestRunner}
12-14 03:42:36.703 I/ActivityManager( 1627): Force stopping com.evancharlton.mileage appid=10426 user=0: finished inst
12-14 03:42:36.708 I/zygote  ( 4064): Not late-enabling -Xcheck:jni (already on)
12-14 03:42:36.714 W/zygote  ( 4064): Unexpected CPU variant for X86 using defaults: x86
12-14 03:42:36.716 I/ActivityManager( 1627): Start proc 4064:com.evancharlton.mileage/u0a426 for added application com.evancharlton.mileage
12-14 03:42:36.716 D/AndroidRuntime( 4054): Shutting down VM
12-14 03:42:36.719 E/memtrack( 1627): Couldn't load memtrack module
12-14 03:42:36.719 W/android.os.Debug( 1627): failed to get memory consumption info: -1
12-14 03:42:36.751 W/ActivityManager( 1627): setHasOverlayUi called on unknown pid: 3980
12-14 03:42:36.756 W/zygote  ( 4064): Found duplicate classes, falling back to extracting from APK : /data/app/com.evancharlton.mileage.test-tFx0odzfnxrwIdhn-REfqQ==/base.apk
12-14 03:42:36.756 W/zygote  ( 4064): NOTE: This wastes RAM and hurts startup performance.
12-14 03:42:36.756 W/zygote  ( 4064): Found duplicated class when checking oat files: 'Ljunit/runner/BaseTestRunner;' in /data/app/com.evancharlton.mileage.test-tFx0odzfnxrwIdhn-REfqQ==/base.apk and /system/framework/android.test.runner.jar
12-14 03:42:36.756 W/zygote  ( 4064): 
12-14 03:42:36.759 E/adbd    ( 1378): failed to connect to socket 'tcp:7102': Connection refused
12-14 03:42:36.761 E/adbd    ( 1378): failed to connect to socket 'tcp:7102': Connection refused
12-14 03:42:36.787 W/System  ( 4064): ClassLoader referenced unknown path: 
12-14 03:42:36.799 I/System.out( 4064): Main activity name automatically set to: com.evancharlton.mileage.Mileage
12-14 03:42:36.800 I/System.out( 4064): Calabash did not load Mono. This is only a problem if you are trying to test a Mono application
12-14 03:42:36.801 I/calabash( 4064): Test server port: 7102
12-14 03:42:36.802 I/InstrumentationBackend( 4064): Added:'GetPreferences', with key:'get_preferences'
12-14 03:42:36.861 I/InstrumentationBackend( 4064): Added:'SetPreferences', with key:'set_preferences'
12-14 03:42:36.861 I/InstrumentationBackend( 4064): Added:'ClearPreferences', with key:'clear_preferences'
12-14 03:42:36.861 I/InstrumentationBackend( 4064): Added:'PressElement', with key:'press_l10n_element'
12-14 03:42:36.862 I/InstrumentationBackend( 4064): Added:'WaitForElement', with key:'wait_for_l10n_element'
12-14 03:42:36.862 I/InstrumentationBackend( 4064): Added:'NullAction', with key:'nullAction'
12-14 03:42:36.863 I/InstrumentationBackend( 4064): Added:'PressKey', with key:'press_key'
12-14 03:42:36.863 I/InstrumentationBackend( 4064): Added:'SetActivityOrientation', with key:'set_activity_orientation'
12-14 03:42:36.863 I/InstrumentationBackend( 4064): Added:'GetActivityOrientation', with key:'get_activity_orientation'
12-14 03:42:36.864 I/InstrumentationBackend( 4064): Added:'FakeGPSLocation', with key:'set_gps_coordinates'
12-14 03:42:36.864 I/InstrumentationBackend( 4064): Added:'SetPropertyByCssSelector', with key:'set_property_by_css_selector'
12-14 03:42:36.865 I/InstrumentationBackend( 4064): Added:'GetUrl', with key:'get_url'
12-14 03:42:36.868 I/InstrumentationBackend( 4064): Added:'ScrollTo', with key:'scroll_to'
12-14 03:42:36.868 I/InstrumentationBackend( 4064): Added:'GetLoadProgress', with key:'get_load_progress'
12-14 03:42:36.869 I/InstrumentationBackend( 4064): Added:'DumpHtml', with key:'dump_html'
12-14 03:42:36.869 I/InstrumentationBackend( 4064): Added:'DumpBodyHtml', with key:'dump_body_html'
12-14 03:42:36.869 I/InstrumentationBackend( 4064): Added:'EnterTextByCssSelector', with key:'enter_text_by_selector'
12-14 03:42:36.874 I/InstrumentationBackend( 4064): Added:'AndroidSDKVersion', with key:'android_sdk_version'
12-14 03:42:36.875 I/InstrumentationBackend( 4064): Added:'Version', with key:'version'
12-14 03:42:36.875 I/InstrumentationBackend( 4064): Added:'Drag', with key:'drag'
12-14 03:42:36.875 I/InstrumentationBackend( 4064): Added:'TouchCoordinates', with key:'touch_coordinate'
12-14 03:42:36.875 I/InstrumentationBackend( 4064): Added:'LongPressCoordinate', with key:'long_press_coordinate'
12-14 03:42:36.876 I/InstrumentationBackend( 4064): Added:'DragCoordinates', with key:'drag_coordinates'
12-14 03:42:36.876 E/adbd    ( 1378): failed to connect to socket 'tcp:7102': Connection refused
12-14 03:42:36.877 I/InstrumentationBackend( 4064): Added:'ResumeApplication', with key:'resume_application'
12-14 03:42:36.879 I/InstrumentationBackend( 4064): Added:'Swipe', with key:'swipe'
12-14 03:42:36.879 I/InstrumentationBackend( 4064): Added:'DoubleTapCoordinate', with key:'double_tap_coordinate'
12-14 03:42:36.879 I/InstrumentationBackend( 4064): Added:'ClickOnScreen', with key:'click_on_screen'
12-14 03:42:36.880 I/InstrumentationBackend( 4064): Added:'GetActivityName', with key:'get_activity_name'
12-14 03:42:36.880 I/InstrumentationBackend( 4064): Added:'ScrollToView', with key:'scroll_to_view'
12-14 03:42:36.881 I/InstrumentationBackend( 4064): Added:'ViewConfiguration', with key:'view_configuration'
12-14 03:42:36.881 I/InstrumentationBackend( 4064): Added:'IsCurrentActivityFocused', with key:'is_current_activity_focused'
12-14 03:42:36.881 I/InstrumentationBackend( 4064): Added:'SendTcp', with key:'send_tcp'
12-14 03:42:36.882 I/InstrumentationBackend( 4064): Added:'DpToDevicePixel', with key:'dp_to_device_pixel'
12-14 03:42:36.883 I/InstrumentationBackend( 4064): Added:'KeyboardEnterText', with key:'keyboard_enter_text'
12-14 03:42:36.883 I/InstrumentationBackend( 4064): Added:'DeleteSurroundingText', with key:'delete_surrounding_text'
12-14 03:42:36.884 I/InstrumentationBackend( 4064): Added:'SetComposingRegion', with key:'set_composing_region'
12-14 03:42:36.884 I/InstrumentationBackend( 4064): Added:'SetSelection', with key:'set_selection'
12-14 03:42:36.885 I/InstrumentationBackend( 4064): Added:'KeyboardKeyEvent', with key:'keyboard_key_event'
12-14 03:42:36.885 I/InstrumentationBackend( 4064): Added:'PressUserActionButton', with key:'press_user_action_button'
12-14 03:42:36.886 I/InstrumentationBackend( 4064): Added:'HideSoftKeyboard', with key:'hide_soft_keyboard'
12-14 03:42:36.887 I/InstrumentationBackend( 4064): Added:'ListActions', with key:'list_actions'
12-14 03:42:36.888 I/calabash( 4064): Instantiating http server at 7102
12-14 03:42:36.888 I/System.out( 4064): HTTP Daemon listening on: 7102
12-14 03:42:36.893 I/System.out( 4064): URI: //ping
12-14 03:42:36.893 I/System.out( 4064): params: {json={}
12-14 03:42:36.893 I/System.out( 4064): }
12-14 03:42:36.902 I/System.out( 4064): URI: //ping
12-14 03:42:36.902 I/System.out( 4064): params: {json={}
12-14 03:42:36.902 I/System.out( 4064): }
12-14 03:42:36.907 I/System.out( 4064): URI: //ready
12-14 03:42:36.907 I/System.out( 4064): params: {json={}
12-14 03:42:36.907 I/System.out( 4064): }
12-14 03:42:36.913 I/System.out( 4064): URI: //
12-14 03:42:36.913 I/System.out( 4064): params: {json={"command":"version","arguments":[]}
12-14 03:42:36.913 I/System.out( 4064): }
12-14 03:42:36.913 I/System.out( 4064): header: {content-type=application/json;charset=utf-8, date=Mon, 14 Dec 2020 08:42:36 GMT, accept=*/*, host=127.0.0.1:34777, content-length=36, user-agent=HTTPClient/1.0 (2.8.3, ruby 2.5.8 (2020-03-31))}
12-14 03:42:36.914 I/System.out( 4064): params: {json={"command":"version","arguments":[]}
12-14 03:42:36.914 I/System.out( 4064): }
12-14 03:42:36.914 I/System.out( 4064): ProP json = {"command":"version","arguments":[]}
12-14 03:42:36.914 I/System.out( 4064): files: {}
12-14 03:42:36.914 I/System.out( 4064): command: {"command":"version","arguments":[]}
12-14 03:42:36.941 I/InstrumentationBackend( 4064): Got command:'Command:'Line:null,version', arguments:'[]'
12-14 03:42:36.977 I/System.out( 4064): result:{"bonusInformation":[],"message":"0.9.8","success":true}
12-14 03:42:36.986 I/System.out( 4064): URI: //start-application
12-14 03:42:36.986 I/System.out( 4064): params: {json={"intent":null}
12-14 03:42:36.986 I/System.out( 4064): }
12-14 03:42:37.019 I/ActivityManager( 1627): START u0 {act=android.intent.action.MAIN cat=[android.intent.category.LAUNCHER] flg=0x10200000 cmp=com.evancharlton.mileage/.Mileage} from uid 10426
12-14 03:42:37.030 E/memtrack( 1627): Couldn't load memtrack module
12-14 03:42:37.030 W/android.os.Debug( 1627): failed to get memory consumption info: -1
12-14 03:42:37.034 I/calabash( 4064): newActivity1
12-14 03:42:37.055 D/gralloc_ranchu( 1396): gralloc_alloc: Creating ashmem region of size 7753728
12-14 03:42:37.057 W/ActivityManager( 1627): Bad activity token: android.os.BinderProxy@953bf7a
12-14 03:42:37.057 W/ActivityManager( 1627): java.lang.ClassCastException: android.os.BinderProxy cannot be cast to com.android.server.am.ActivityRecord$Token
12-14 03:42:37.057 W/ActivityManager( 1627): 	at com.android.server.am.ActivityRecord.forTokenLocked(ActivityRecord.java:778)
12-14 03:42:37.057 W/ActivityManager( 1627): 	at com.android.server.am.ActivityRecord.isInStackLocked(ActivityRecord.java:2085)
12-14 03:42:37.057 W/ActivityManager( 1627): 	at com.android.server.am.ActivityRecord.getStackLocked(ActivityRecord.java:2090)
12-14 03:42:37.057 W/ActivityManager( 1627): 	at com.android.server.am.ActivityManagerService.getActivityDisplayId(ActivityManagerService.java:10406)
12-14 03:42:37.057 W/ActivityManager( 1627): 	at android.app.IActivityManager$Stub.onTransact(IActivityManager.java:2738)
12-14 03:42:37.057 W/ActivityManager( 1627): 	at com.android.server.am.ActivityManagerService.onTransact(ActivityManagerService.java:2935)
12-14 03:42:37.057 W/ActivityManager( 1627): 	at android.os.Binder.execTransact(Binder.java:674)
12-14 03:42:37.060 I/calabash( 4064): newActivity1
12-14 03:42:37.078 W/ActivityManager( 1627): Bad activity token: android.os.BinderProxy@953bf7a
12-14 03:42:37.078 W/ActivityManager( 1627): java.lang.ClassCastException: android.os.BinderProxy cannot be cast to com.android.server.am.ActivityRecord$Token
12-14 03:42:37.078 W/ActivityManager( 1627): 	at com.android.server.am.ActivityRecord.forTokenLocked(ActivityRecord.java:778)
12-14 03:42:37.078 W/ActivityManager( 1627): 	at com.android.server.am.ActivityRecord.isInStackLocked(ActivityRecord.java:2085)
12-14 03:42:37.078 W/ActivityManager( 1627): 	at com.android.server.am.ActivityManagerService.setTaskDescription(ActivityManagerService.java:9988)
12-14 03:42:37.078 W/ActivityManager( 1627): 	at android.app.IActivityManager$Stub.onTransact(IActivityManager.java:2824)
12-14 03:42:37.078 W/ActivityManager( 1627): 	at com.android.server.am.ActivityManagerService.onTransact(ActivityManagerService.java:2935)
12-14 03:42:37.078 W/ActivityManager( 1627): 	at android.os.Binder.execTransact(Binder.java:674)
12-14 03:42:37.079 W/ActivityManager( 1627): Bad activity token: android.os.BinderProxy@953bf7a
12-14 03:42:37.079 W/ActivityManager( 1627): java.lang.ClassCastException: android.os.BinderProxy cannot be cast to com.android.server.am.ActivityRecord$Token
12-14 03:42:37.079 W/ActivityManager( 1627): 	at com.android.server.am.ActivityRecord.forTokenLocked(ActivityRecord.java:778)
12-14 03:42:37.079 W/ActivityManager( 1627): 	at com.android.server.am.ActivityRecord.isInStackLocked(ActivityRecord.java:2085)
12-14 03:42:37.079 W/ActivityManager( 1627): 	at com.android.server.am.ActivityRecord.getStackLocked(ActivityRecord.java:2090)
12-14 03:42:37.079 W/ActivityManager( 1627): 	at com.android.server.am.ActivityManagerService.getActivityStackId(ActivityManagerService.java:10417)
12-14 03:42:37.079 W/ActivityManager( 1627): 	at android.app.IActivityManager$Stub.onTransact(IActivityManager.java:3548)
12-14 03:42:37.079 W/ActivityManager( 1627): 	at com.android.server.am.ActivityManagerService.onTransact(ActivityManagerService.java:2935)
12-14 03:42:37.079 W/ActivityManager( 1627): 	at android.os.Binder.execTransact(Binder.java:674)
12-14 03:42:37.134 E/ContentStoreEUAS( 2216): Failed to commit the deferred actions
12-14 03:42:37.151 V/StatusBar( 1733): setLightsOn(true)
12-14 03:42:37.153 D/EGL_emulation( 2184): eglMakeCurrent: 0xa387cc60: ver 3 0 (tinfo 0xa387f860)
12-14 03:42:37.174 D/EGL_emulation( 2216): eglMakeCurrent: 0xa5d84ba0: ver 3 0 (tinfo 0xa5d83650)
12-14 03:42:37.174 D/EGL_emulation( 1733): eglMakeCurrent: 0x92445280: ver 3 0 (tinfo 0xa367ec20)
12-14 03:42:37.176 V/StatusBar( 1733): setLightsOn(true)
12-14 03:42:37.190 D/EGL_emulation( 1733): eglMakeCurrent: 0x92445280: ver 3 0 (tinfo 0xa367ec20)
12-14 03:42:37.193 D/EGL_emulation( 1733): eglMakeCurrent: 0x92445280: ver 3 0 (tinfo 0xa367ec20)
12-14 03:42:37.194 V/StatusBar( 1733): setLightsOn(true)
12-14 03:42:37.201 D/EGL_emulation( 1733): eglMakeCurrent: 0x92445280: ver 3 0 (tinfo 0xa367ec20)
12-14 03:42:37.219 I/chatty  ( 1733): uid=10028(u0_a28) RenderThread identical 2 lines
12-14 03:42:37.224 D/EGL_emulation( 1733): eglMakeCurrent: 0x92445280: ver 3 0 (tinfo 0xa367ec20)
12-14 03:42:37.230 D/WificondControl( 1627): Scan result ready event
12-14 03:42:37.238 D/EGL_emulation( 1733): eglMakeCurrent: 0x92445280: ver 3 0 (tinfo 0xa367ec20)
12-14 03:42:37.243 W/ActivityManager( 1627): Bad activity token: android.os.BinderProxy@953bf7a
12-14 03:42:37.243 W/ActivityManager( 1627): java.lang.ClassCastException: android.os.BinderProxy cannot be cast to com.android.server.am.ActivityRecord$Token
12-14 03:42:37.243 W/ActivityManager( 1627): 	at com.android.server.am.ActivityRecord.forTokenLocked(ActivityRecord.java:778)
12-14 03:42:37.243 W/ActivityManager( 1627): 	at com.android.server.am.ActivityRecord.isInStackLocked(ActivityRecord.java:2085)
12-14 03:42:37.243 W/ActivityManager( 1627): 	at com.android.server.am.ActivityManagerService.getActivityOptions(ActivityManagerService.java:13302)
12-14 03:42:37.243 W/ActivityManager( 1627): 	at android.app.IActivityManager$Stub.onTransact(IActivityManager.java:2910)
12-14 03:42:37.243 W/ActivityManager( 1627): 	at com.android.server.am.ActivityManagerService.onTransact(ActivityManagerService.java:2935)
12-14 03:42:37.243 W/ActivityManager( 1627): 	at android.os.Binder.execTransact(Binder.java:674)
12-14 03:42:37.248 D/EGL_emulation( 1733): eglMakeCurrent: 0x92445280: ver 3 0 (tinfo 0xa367ec20)
12-14 03:42:37.249 I/Finsky  ( 2516): [2] abyu.onStartJob(3): SCH: onJobSchedulerWakeup with jobId 9002
12-14 03:42:37.252 D/EGL_emulation( 1733): eglMakeCurrent: 0x92445280: ver 3 0 (tinfo 0xa367ec20)
12-14 03:42:37.252 I/Finsky  ( 2516): [2] abtz.a(9): SCH: Scheduling fallback job with id: 9034, and delay: 43200000 ms
12-14 03:42:37.255 W/ActivityManager( 1627): Bad activity token: android.os.BinderProxy@953bf7a
12-14 03:42:37.255 W/ActivityManager( 1627): java.lang.ClassCastException: android.os.BinderProxy cannot be cast to com.android.server.am.ActivityRecord$Token
12-14 03:42:37.255 W/ActivityManager( 1627): 	at com.android.server.am.ActivityRecord.forTokenLocked(ActivityRecord.java:778)
12-14 03:42:37.255 W/ActivityManager( 1627): 	at com.android.server.am.ActivityRecord.isInStackLocked(ActivityRecord.java:2085)
12-14 03:42:37.255 W/ActivityManager( 1627): 	at com.android.server.am.ActivityManagerService.getActivityOptions(ActivityManagerService.java:13302)
12-14 03:42:37.255 W/ActivityManager( 1627): 	at android.app.IActivityManager$Stub.onTransact(IActivityManager.java:2910)
12-14 03:42:37.255 W/ActivityManager( 1627): 	at com.android.server.am.ActivityManagerService.onTransact(ActivityManagerService.java:2935)
12-14 03:42:37.255 W/ActivityManager( 1627): 	at android.os.Binder.execTransact(Binder.java:674)
12-14 03:42:37.256 I/Finsky  ( 2516): [2] abtz.b(9): SCH: Scheduling fallback in 64799998 (absolute: 64869765)
12-14 03:42:37.275 D/EGL_emulation( 1733): eglMakeCurrent: 0x92445280: ver 3 0 (tinfo 0xa367ec20)
12-14 03:42:37.279 D/EGL_emulation( 1733): eglMakeCurrent: 0x92445280: ver 3 0 (tinfo 0xa367ec20)
12-14 03:42:37.284 I/Finsky  ( 2516): [2] abyu.onStartJob(3): SCH: onJobSchedulerWakeup with jobId 9004
12-14 03:42:37.289 I/Finsky  ( 2516): [2] abtz.a(9): SCH: Scheduling fallback job with id: 9034, and delay: 43200000 ms
12-14 03:42:37.291 D/EGL_emulation( 1733): eglMakeCurrent: 0x92445280: ver 3 0 (tinfo 0xa367ec20)
12-14 03:42:37.296 D/EGL_emulation( 1733): eglMakeCurrent: 0x92445280: ver 3 0 (tinfo 0xa367ec20)
12-14 03:42:37.300 I/Finsky  ( 2516): [2] abtz.b(9): SCH: Scheduling fallback in 64799994 (absolute: 64869802)
12-14 03:42:37.308 D/EGL_emulation( 1733): eglMakeCurrent: 0x92445280: ver 3 0 (tinfo 0xa367ec20)
12-14 03:42:37.309 W/Finsky  ( 2516): [2] abyu.onStartJob(10): SCH: onJobSchedulerWakeup while already running
12-14 03:42:37.312 D/EGL_emulation( 1733): eglMakeCurrent: 0x92445280: ver 3 0 (tinfo 0xa367ec20)
12-14 03:42:37.361 I/chatty  ( 1733): uid=10028(u0_a28) RenderThread identical 5 lines
12-14 03:42:37.368 D/EGL_emulation( 1733): eglMakeCurrent: 0x92445280: ver 3 0 (tinfo 0xa367ec20)
12-14 03:42:37.387 I/Finsky  ( 2516): [2] abui.handleMessage(8): SCH: DeviceState: DeviceState{currentTime=1607935357360, isCharging=false, isIdle=false, netAny=true, netNotRoaming=true, netUnmetered=true, batteryPercent=100.0}
12-14 03:42:37.387 D/EGL_emulation( 1733): eglMakeCurrent: 0x92445280: ver 3 0 (tinfo 0xa367ec20)
12-14 03:42:37.393 V/StatusBar( 1733): setLightsOn(true)
12-14 03:42:37.397 D/EGL_emulation( 1733): eglMakeCurrent: 0x92445280: ver 3 0 (tinfo 0xa367ec20)
12-14 03:42:37.457 V/StatusBar( 1733): setLightsOn(true)
12-14 03:42:37.460 V/StatusBar( 1733): setLightsOn(true)
12-14 03:42:37.509 I/Finsky  ( 2516): [117] abwt.b(5): SCH: Jobs in database: 1-1337 2-48879 3-171 12-1 24-77777777 26-1414141414 29-29 
12-14 03:42:37.514 D/gralloc_ranchu( 1396): gralloc_alloc: Creating ashmem region of size 7753728
12-14 03:42:37.540 D/        ( 4064): HostConnection::get() New Host Connection established 0xa342fb40, tid 4064
12-14 03:42:37.575 V/StatusBar( 1733): setLightsOn(true)
12-14 03:42:37.610 I/chatty  ( 1733): uid=10028(u0_a28) com.android.systemui identical 1 line
12-14 03:42:37.617 V/StatusBar( 1733): setLightsOn(true)
12-14 03:42:37.623 I/ActivityManager( 1627): Displayed com.evancharlton.mileage/.Mileage: +593ms
12-14 03:42:37.635 V/StatusBar( 1733): setLightsOn(true)
12-14 03:42:37.643 D/gralloc_ranchu( 1396): gralloc_alloc: Creating ashmem region of size 7753728
12-14 03:42:37.661 I/Finsky  ( 2516): [2] abuj.b(10): SCH: Running job: 12-1
12-14 03:42:37.662 I/Finsky  ( 2516): [2] ContentSyncJob.r(1): [ContentSync] job started
12-14 03:42:37.671 I/Finsky  ( 2516): [2] abuj.b(10): SCH: Running job: 29-29
12-14 03:42:37.681 I/zygote  ( 4064): Do partial code cache collection, code=28KB, data=30KB
12-14 03:42:37.683 I/Finsky  ( 2516): [2] abui.handleMessage(59): SCH: RunningQueue size: 2, PendingQueue size: 0
12-14 03:42:37.683 I/Finsky  ( 2516): [2] abuj.p(3): SCH: Running queue: 12-1 29-29 
12-14 03:42:37.686 I/zygote  ( 4064): After code cache collection, code=28KB, data=30KB
12-14 03:42:37.691 I/Finsky  ( 2516): [183] ajmy.a(0): ProcessRecoveryLogsUtil: No files in recovery directory
12-14 03:42:37.692 I/Finsky  ( 2516): [183] abvs.n(4): SCH: jobFinished: 29-29. TimeElapsed: 21ms.
12-14 03:42:37.723 I/Finsky  ( 2516): [2] abuj.e(4): SCH: Job 29-29 finished. Not rescheduling.
12-14 03:42:37.724 I/Finsky  ( 2516): [2] abui.handleMessage(59): SCH: RunningQueue size: 1, PendingQueue size: 0
12-14 03:42:37.724 I/Finsky  ( 2516): [2] abuj.p(3): SCH: Running queue: 12-1 
12-14 03:42:37.728 I/zygote  ( 4064): Increasing code cache capacity to 128KB
12-14 03:42:37.762 I/zygote  ( 4064): Do partial code cache collection, code=28KB, data=48KB
12-14 03:42:37.768 I/zygote  ( 4064): After code cache collection, code=28KB, data=48KB
12-14 03:42:37.768 I/zygote  ( 4064): Increasing code cache capacity to 256KB
12-14 03:42:37.776 I/zygote  ( 4064): JIT allocated 71KB for compiled code of void android.widget.TextView.<init>(android.content.Context, android.util.AttributeSet, int, int)
12-14 03:42:37.776 I/zygote  ( 4064): Compiler allocated 4MB to compile void android.widget.TextView.<init>(android.content.Context, android.util.AttributeSet, int, int)
12-14 03:42:37.807 V/StatusBar( 1733): setLightsOn(true)
12-14 03:42:37.888 I/chatty  ( 1733): uid=10028(u0_a28) com.android.systemui identical 3 lines
12-14 03:42:37.909 V/StatusBar( 1733): setLightsOn(true)
12-14 03:42:37.914 W/SurfaceFlinger( 1405): couldn't log to binary event log: overflow.
12-14 03:42:37.988 I/BackgroundDexOptService( 1627): Pinning optimized code {}
12-14 03:42:37.994 I/PBSessionCacheImpl( 2216): Deleted sessionId[11560951445091] from persistence.
