--------- beginning of main
12-14 04:19:30.263 W/NamedFutures( 2178): Timeout future task has been cancelled: 10000 milliseconds
12-14 04:19:30.265 E/SearchServiceStarter( 2178): Task 174 failed or timed out. Client 9580553238722890 disconnecting from SearchService!
12-14 04:19:30.265 E/SearchServiceStarter( 2178): java.util.concurrent.CancellationException: Task was cancelled.
12-14 04:19:30.265 E/SearchServiceStarter( 2178): 	at com.google.common.util.concurrent.d.ct(SourceFile:75)
12-14 04:19:30.265 E/SearchServiceStarter( 2178): 	at com.google.common.util.concurrent.d.get(SourceFile:57)
12-14 04:19:30.265 E/SearchServiceStarter( 2178): 	at com.google.common.util.concurrent.cg.n(SourceFile:2)
12-14 04:19:30.265 E/SearchServiceStarter( 2178): 	at com.google.common.util.concurrent.av.l(SourceFile:50)
12-14 04:19:30.265 E/SearchServiceStarter( 2178): 	at com.google.common.util.concurrent.ax.run(SourceFile:5)
12-14 04:19:30.265 E/SearchServiceStarter( 2178): 	at com.google.android.apps.gsa.shared.util.concurrent.a.bc.run(SourceFile:2)
12-14 04:19:30.265 E/SearchServiceStarter( 2178): 	at android.os.Handler.handleCallback(Handler.java:789)
12-14 04:19:30.265 E/SearchServiceStarter( 2178): 	at android.os.Handler.dispatchMessage(Handler.java:98)
12-14 04:19:30.265 E/SearchServiceStarter( 2178): 	at android.os.Looper.loop(Looper.java:164)
12-14 04:19:30.265 E/SearchServiceStarter( 2178): 	at android.app.ActivityThread.main(ActivityThread.java:6541)
12-14 04:19:30.265 E/SearchServiceStarter( 2178): 	at java.lang.reflect.Method.invoke(Native Method)
12-14 04:19:30.265 E/SearchServiceStarter( 2178): 	at com.android.internal.os.Zygote$MethodAndArgsCaller.run(Zygote.java:240)
12-14 04:19:30.265 E/SearchServiceStarter( 2178): 	at com.android.internal.os.ZygoteInit.main(ZygoteInit.java:767)
12-14 04:19:30.309 I/Dialer  ( 2025): VvmTaskReceiver - task received
12-14 04:19:30.309 I/Dialer  ( 2025): VvmTaskReceiver - TaskExecutor already running
12-14 04:19:30.309 I/Dialer  ( 2025): Task.createTask - create task:com.android.voicemail.impl.ActivationTask
12-14 04:19:30.310 I/Dialer  ( 2025): TaskQueue.add - duplicated task added
12-14 04:19:30.310 I/Dialer  ( 2025): VvmTaskExecutor - com.android.voicemail.impl.ActivationTask@92b8fa2 added
12-14 04:19:30.316 I/DigitalWidgetProvider( 2002): onReceive: Intent { act=com.android.deskclock.ALARM_CHANGED flg=0x10 cmp=com.google.android.deskclock/com.android.alarmclock.DigitalAppWidgetProvider }
12-14 04:19:30.337 I/Finsky  ( 2564): [2] ycb.d(13): PackageMonitorReceiverImpl - Received: android.intent.action.PACKAGE_FULLY_REMOVED, [Hc-uu0eID9wC4ptvRCsWBIQPDhHxrgxu8bZlIwakNJw]
12-14 04:19:30.337 I/Finsky  ( 2564): [2] ydc.g(1): Invalidating cached PackageState for com.evancharlton.mileage.test
12-14 04:19:30.340 I/Finsky  ( 2564): [2] ouk.d(2): Frosting ID looked up on UI thread. Caller should move to a background thread.
12-14 04:19:30.345 I/Finsky  ( 2564): [2] qlq.s(2): Installer: package com.evancharlton.mileage.test was removed. replacing: false
12-14 04:19:30.345 I/Finsky  ( 2564): [2] qmo.L(12): Installer: Notifying status update. package=com.evancharlton.mileage.test, status=UNINSTALLED
12-14 04:19:30.346 I/Finsky  ( 2564): [2] alxk.a(3): Do not start WearSupportService due to Wear service optimization
12-14 04:19:30.347 I/Finsky  ( 2564): [2] alxk.a(3): Do not start WearSupportService due to Wear service optimization
12-14 04:19:30.347 I/Finsky  ( 2564): [2] adxl.a(8): Clearing split related stale data.
12-14 04:19:30.348 I/Finsky  ( 2564): [171] gvx.a(12): Asset module storage cleared for package com.evancharlton.mileage.test.
12-14 04:19:30.360 I/Finsky  ( 2564): [166] otx.run(16): Wrote row to frosting DB: 1800
12-14 04:19:30.360 I/Finsky  ( 2564): [2] qmo.O(7): Installer: found apps to install. isMultiUserMode=false, apps=[]
12-14 04:19:30.365 I/ExposureNotification( 2233): Still can find package com.evancharlton.mileage.test after receive its fully removed broadcast, which was installed 5977 ms ago. Ignore the fully removed broadcast. [CONTEXT service_id=236 ]
12-14 04:19:30.366 D/BoundBrokerSvc( 2233): onBind: Intent { act=com.google.android.gms.common.BIND_SHARED_PREFS pkg=com.google.android.gms }
12-14 04:19:30.367 D/BoundBrokerSvc( 2233): Loading bound service for intent: Intent { act=com.google.android.gms.common.BIND_SHARED_PREFS pkg=com.google.android.gms }
12-14 04:19:30.372 I/Finsky  ( 2564): [161] rab.C(2): IQ: Notifying installation update. package=com.evancharlton.mileage.test, status=UNINSTALLED
12-14 04:19:30.374 I/Finsky  ( 2564): [126] jmd.a(15): [ContentSync] finished, scheduled=false
12-14 04:19:30.376 D/BoundBrokerSvc( 2233): onUnbind: Intent { act=com.google.android.gms.common.BIND_SHARED_PREFS pkg=com.google.android.gms }
12-14 04:19:30.384 I/Finsky  ( 2564): [166] otx.run(16): Wrote row to frosting DB: 1801
12-14 04:19:30.388 I/Finsky  ( 2564): [161] rab.t(33): IQ: No matching installs to run for jobs: []
12-14 04:19:30.495 W/zygote  ( 3807): Unexpected CPU variant for X86 using defaults: x86
12-14 04:19:30.521 I/zygote  ( 1946): Do partial code cache collection, code=489KB, data=319KB
12-14 04:19:30.522 I/zygote  ( 1946): After code cache collection, code=486KB, data=318KB
12-14 04:19:30.522 I/zygote  ( 1946): Increasing code cache capacity to 2MB
12-14 04:19:30.522 I/MultiDex( 3807): VM with version 2.1.0 has multidex support
12-14 04:19:30.522 I/MultiDex( 3807): install
12-14 04:19:30.522 I/MultiDex( 3807): VM has multidex support, MultiDex support library is disabled.
12-14 04:19:30.529 D/BoundBrokerSvc( 2233): onUnbind: Intent { act=com.google.android.gms.auth.service.START pkg=com.google.android.gms }
12-14 04:19:30.542 E/NetworkScheduler.ATC( 1946): Called cancelTask for already completed task com.google.android.videos/.service.drm.RefreshLicenseTaskService{u=0 tag="refresh_license_forced" trigger=window{start=0s,end=1s,earliest=0s,latest=0s} requirements=[NET_CONNECTED] attributes=[] scheduled=0s last_run=0s exec_window_multiplier=1.0000 jid=N/A status=PENDING retries=0 client_lib=MANCHEGO_GCM-10400000} :5 [CONTEXT service_id=218 ]
12-14 04:19:30.547 W/NetworkScheduler( 1946): Immediate task was not started com.google.android.videos/.service.drm.RefreshLicenseTaskService{u=0 tag="refresh_license_forced" trigger=window{start=0s,end=1s,earliest=0s,latest=0s} requirements=[NET_CONNECTED] attributes=[] scheduled=0s last_run=N/A exec_window_multiplier=1.0000 jid=N/A status=PENDING retries=0 client_lib=MANCHEGO_GCM-10400000}. Rescheduling immediate tasks can cause excessive battery drain.
12-14 04:19:30.779 I/Finsky  ( 2564): [110] daj.a(7): Received content filters request from com.google.android.videos
12-14 04:19:30.790 I/PlayMovies( 3807): RefreshLicenseTaskService.forceLicenseRefreshNow:66 Scheduled task now refresh_license_forced
12-14 04:19:30.790 I/PlayMovies( 3807): 
12-14 04:19:30.793 D/PlayMovies( 3807): PersistentCache.cleanup:104 Cache is below limit, no need to shrink: [size=0, limit=5242880]
12-14 04:19:30.793 D/PlayMovies( 3807): 
12-14 04:19:30.805 D/Primes  ( 3807): Package metric disabled.
12-14 04:19:30.805 D/Primes  ( 3807): Battery metric disabled
12-14 04:19:30.805 D/Primes  ( 3807): MagicEye logging metric disabled
12-14 04:19:30.866 I/NetworkScheduler.Stats( 1946): Task com.google.android.videos/ finished executing. cause:7 result: 6 elapsed_millis: 54 uptime_millis: 54 exec_start_elapsed_seconds: 48 [CONTEXT service_id=218 ]
12-14 04:19:30.867 W/NetworkScheduler( 1946): No record of active task com.google.android.videos/.service.drm.RefreshLicenseTaskService{u=0 tag="refresh_license_forced" trigger=window{start=0s,end=1s,earliest=0s,latest=0s} requirements=[NET_CONNECTED] attributes=[] scheduled=0s last_run=0s exec_window_multiplier=1.0000 jid=N/A status=PENDING retries=0 client_lib=MANCHEGO_GCM-10400000}
12-14 04:19:30.913 D/BoundBrokerSvc( 2233): onUnbind: Intent { act=com.google.android.gms.checkin.START pkg=com.google.android.gms }
12-14 04:19:30.982 I/PlayMovies( 3807): RefreshLicenseTaskService.onRunTask:96 On run task refresh_license_forced
12-14 04:19:30.982 I/PlayMovies( 3807): 
12-14 04:19:31.032 I/zygote  ( 2233): Deoptimizing boolean dbx.d(android.content.Context, dbv, java.lang.String) due to JIT inline cache
12-14 04:19:31.044 I/Pay     ( 2233): Device does not support HCE. [CONTEXT service_id=198 ]
12-14 04:19:31.182 I/zygote  ( 1946): Deoptimizing java.lang.String asqf.i(android.os.Bundle) due to JIT inline cache
12-14 04:19:31.305 E/NetworkScheduler.ATC( 1946): Called cancelTask for already completed task com.google.android.videos/.service.drm.RefreshLicenseTaskService{u=0 tag="refresh_license_forced" trigger=window{start=0s,end=1s,earliest=-1s,latest=0s} requirements=[NET_CONNECTED] attributes=[] scheduled=-1s last_run=0s exec_window_multiplier=1.0000 jid=N/A status=ACTIVE retries=0 client_lib=MANCHEGO_GCM-10400000} :0 [CONTEXT service_id=218 ]
12-14 04:19:31.305 W/NetworkScheduler( 1946): Immediate task was not started com.google.android.videos/.service.drm.RefreshLicenseTaskService{u=0 tag="refresh_license_forced" trigger=window{start=0s,end=1s,earliest=0s,latest=0s} requirements=[NET_CONNECTED] attributes=[] scheduled=0s last_run=N/A exec_window_multiplier=1.0000 jid=N/A status=PENDING retries=0 client_lib=MANCHEGO_GCM-10400000}. Rescheduling immediate tasks can cause excessive battery drain.
12-14 04:19:31.306 I/NetworkScheduler.Stats( 1946): Task com.google.android.videos/ started execution. cause:7 exec_start_elapsed_seconds: 49 [CONTEXT service_id=218 ]
12-14 04:19:31.306 I/NetworkScheduler.Stats( 1946): Task com.google.android.gms/com.google.android.gms.pay.gcmtask.PayGcmTaskService started execution. cause:7 exec_start_elapsed_seconds: 49 [CONTEXT service_id=218 ]
12-14 04:19:31.307 I/NetworkScheduler.Stats( 1946): Task com.google.android.videos/ finished executing. cause:7 result: 1 elapsed_millis: 88 uptime_millis: 88 exec_start_elapsed_seconds: 49 [CONTEXT service_id=218 ]
12-14 04:19:31.309 I/NetworkScheduler.Stats( 1946): Task com.google.android.gms/com.google.android.gms.pay.gcmtask.PayGcmTaskService finished executing. cause:7 result: 2 elapsed_millis: 52 uptime_millis: 52 exec_start_elapsed_seconds: 49 [CONTEXT service_id=218 ]
12-14 04:19:31.387 I/NetworkScheduler.Stats( 1946): Task com.google.android.gms/com.google.android.gms.clearcut.uploader.QosUploaderService started execution. cause:5 exec_start_elapsed_seconds: 49 [CONTEXT service_id=218 ]
12-14 04:19:31.407 I/NetworkScheduler.Stats( 1946): Task com.google.android.videos/ started execution. cause:5 exec_start_elapsed_seconds: 49 [CONTEXT service_id=218 ]
12-14 04:19:31.409 I/PlayMovies( 3807): RefreshLicenseTaskService.onRunTask:96 On run task refresh_license
12-14 04:19:31.409 I/PlayMovies( 3807): 
12-14 04:19:31.412 I/NetworkScheduler.Stats( 1946): Task com.google.android.gms/com.google.android.gms.clearcut.uploader.QosUploaderService finished executing. cause:5 result: 1 elapsed_millis: 70 uptime_millis: 70 exec_start_elapsed_seconds: 49 [CONTEXT service_id=218 ]
12-14 04:19:31.414 I/NetworkScheduler.Stats( 1946): Task com.google.android.videos/ finished executing. cause:5 result: 1 elapsed_millis: 13 uptime_millis: 13 exec_start_elapsed_seconds: 49 [CONTEXT service_id=218 ]
12-14 04:19:31.495 I/NetworkScheduler.Stats( 1946): Task com.google.android.gms/com.google.android.gms.gass.chimera.SchedulePeriodicTasksService started execution. cause:5 exec_start_elapsed_seconds: 49 [CONTEXT service_id=218 ]
12-14 04:19:31.565 I/NetworkScheduler.Stats( 1946): Task com.google.android.gms/com.google.android.gms.pay.gcmtask.PayGcmTaskService started execution. cause:5 exec_start_elapsed_seconds: 49 [CONTEXT service_id=218 ]
12-14 04:19:31.573 I/NetworkScheduler.Stats( 1946): Task com.google.android.gms/com.google.android.gms.gass.chimera.SchedulePeriodicTasksService finished executing. cause:5 result: 1 elapsed_millis: 120 uptime_millis: 120 exec_start_elapsed_seconds: 49 [CONTEXT service_id=218 ]
12-14 04:19:31.579 I/NetworkScheduler.Stats( 1946): Task com.google.android.gms/com.google.android.gms.pay.gcmtask.PayGcmTaskService finished executing. cause:5 result: 1 elapsed_millis: 41 uptime_millis: 41 exec_start_elapsed_seconds: 49 [CONTEXT service_id=218 ]
12-14 04:19:31.662 I/NetworkScheduler.Stats( 1946): Task com.google.android.gms/com.google.android.gms.pay.gcmtask.PayGcmTaskService started execution. cause:5 exec_start_elapsed_seconds: 50 [CONTEXT service_id=218 ]
12-14 04:19:31.721 I/NetworkScheduler.Stats( 1946): Task com.google.android.gms/com.google.android.gms.pay.gcmtask.PayGcmTaskService started execution. cause:5 exec_start_elapsed_seconds: 50 [CONTEXT service_id=218 ]
12-14 04:19:31.724 D/BoundBrokerSvc( 1946): onBind: Intent { act=com.google.android.gms.tapandpay.service.BIND cmp=com.google.android.gms/.chimera.PersistentApiService }
12-14 04:19:31.724 D/BoundBrokerSvc( 1946): Loading bound service for intent: Intent { act=com.google.android.gms.tapandpay.service.BIND cmp=com.google.android.gms/.chimera.PersistentApiService }
12-14 04:19:31.743 I/NetworkScheduler.Stats( 1946): Task com.google.android.gms/com.google.android.gms.pay.gcmtask.PayGcmTaskService finished executing. cause:5 result: 1 elapsed_millis: 127 uptime_millis: 127 exec_start_elapsed_seconds: 50 [CONTEXT service_id=218 ]
12-14 04:19:31.810 I/NetworkScheduler.Stats( 1946): Task com.google.android.gms/com.google.android.gms.pay.gcmtask.PayGcmTaskService started execution. cause:5 exec_start_elapsed_seconds: 50 [CONTEXT service_id=218 ]
12-14 04:19:31.827 I/Pay     ( 2233): Migration flag not enabled. [CONTEXT service_id=198 ]
12-14 04:19:31.839 E/Pay     ( 2233): No account found on the task or the device. Notification task will not be rescheduled. [CONTEXT service_id=198 ]
12-14 04:19:31.840 D/BoundBrokerSvc( 2233): onBind: Intent { act=com.google.android.gms.pay.service.BIND cmp=com.google.android.gms/.chimera.GmsApiService }
12-14 04:19:31.840 D/BoundBrokerSvc( 2233): Loading bound service for intent: Intent { act=com.google.android.gms.pay.service.BIND cmp=com.google.android.gms/.chimera.GmsApiService }
12-14 04:19:31.845 I/jgl     ( 2233): Primes not initialized, returning default (no-op) Primes instance which will ignore all calls. Please call Primes.initialize(...) before using any Primes API.
12-14 04:19:31.850 I/NetworkScheduler.Stats( 1946): Task com.google.android.gms/com.google.android.gms.pay.gcmtask.PayGcmTaskService finished executing. cause:5 result: 2 elapsed_millis: 160 uptime_millis: 160 exec_start_elapsed_seconds: 50 [CONTEXT service_id=218 ]
12-14 04:19:31.889 I/Pay     ( 2233): Migration already completed. [CONTEXT service_id=198 ]
12-14 04:19:31.905 I/chatty  ( 2233): uid=10011(u0_a11) lowpool[3] identical 1 line
12-14 04:19:31.917 I/Pay     ( 2233): Migration already completed. [CONTEXT service_id=198 ]
12-14 04:19:31.917 I/Pay     ( 2233): Migration flag not enabled. [CONTEXT service_id=198 ]
12-14 04:19:31.933 I/Pay     ( 2233): Migration already completed. [CONTEXT service_id=198 ]
12-14 04:19:31.934 I/Pay     ( 2233): Migration flag not enabled. [CONTEXT service_id=198 ]
12-14 04:19:31.941 I/NetworkScheduler.Stats( 1946): Task com.google.android.gms/com.google.android.gms.pay.gcmtask.PayGcmTaskService started execution. cause:5 exec_start_elapsed_seconds: 50 [CONTEXT service_id=218 ]
12-14 04:19:31.957 I/NetworkScheduler.Stats( 1946): Task com.google.android.gms/com.google.android.gms.pay.gcmtask.PayGcmTaskService finished executing. cause:5 result: 1 elapsed_millis: 177 uptime_millis: 177 exec_start_elapsed_seconds: 50 [CONTEXT service_id=218 ]
12-14 04:19:31.961 I/NetworkScheduler.Stats( 1946): Task com.google.android.gms/com.google.android.gms.pay.gcmtask.PayGcmTaskService finished executing. cause:5 result: 1 elapsed_millis: 47 uptime_millis: 47 exec_start_elapsed_seconds: 50 [CONTEXT service_id=218 ]
12-14 04:19:31.953 W/Binder:3574_1( 3574): type=1400 audit(0.0:20): avc: denied { read } for name="modules" dev="proc" ino=4026532034 scontext=u:r:priv_app:s0:c512,c768 tcontext=u:object_r:proc_modules:s0 tclass=file permissive=0
12-14 04:19:31.990 D/        ( 3574): HostConnection::get() New Host Connection established 0x9fba0440, tid 3586
12-14 04:19:32.001 I/zygote  ( 1946): Background concurrent copying GC freed 129411(6MB) AllocSpace objects, 2(40KB) LOS objects, 50% free, 5MB/11MB, paused 5.030ms total 28.943ms
12-14 04:19:32.006 D/EGL_emulation( 3574): eglCreateContext: 0x9fb84720: maj 3 min 0 rcv 3
12-14 04:19:32.009 D/EGL_emulation( 3574): eglMakeCurrent: 0x9fb84720: ver 3 0 (tinfo 0x9fb83720)
12-14 04:19:32.010 E/eglCodecCommon( 3574): glUtilsParamSize: unknow param 0x00008cdf
12-14 04:19:32.011 E/eglCodecCommon( 3574): glUtilsParamSize: unknow param 0x00008cdf
12-14 04:19:32.011 E/eglCodecCommon( 3574): glUtilsParamSize: unknow param 0x00008824
12-14 04:19:32.011 E/eglCodecCommon( 3574): glUtilsParamSize: unknow param 0x00008824
12-14 04:19:32.059 I/NetworkScheduler.Stats( 1946): Task com.google.android.gms/com.google.android.gms.tapandpay.gcmtask.TapAndPayGcmTaskService started execution. cause:5 exec_start_elapsed_seconds: 50 [CONTEXT service_id=218 ]
12-14 04:19:32.080 D/BoundBrokerSvc( 1946): onUnbind: Intent { act=com.google.android.gms.usagereporting.service.START pkg=com.google.android.gms }
12-14 04:19:32.081 D/EGL_emulation( 3574): eglCreateContext: 0x9fb84900: maj 3 min 0 rcv 3
12-14 04:19:32.084 D/EGL_emulation( 3574): eglMakeCurrent: 0x9fb84900: ver 3 0 (tinfo 0x9fb83720)
12-14 04:19:32.084 E/eglCodecCommon( 3574): glUtilsParamSize: unknow param 0x00008cdf
12-14 04:19:32.084 E/eglCodecCommon( 3574): glUtilsParamSize: unknow param 0x00008cdf
12-14 04:19:32.084 E/eglCodecCommon( 3574): glUtilsParamSize: unknow param 0x00008824
12-14 04:19:32.084 E/eglCodecCommon( 3574): glUtilsParamSize: unknow param 0x00008824
12-14 04:19:32.141 I/NetworkScheduler.Stats( 1946): Task com.google.android.gms/com.google.android.gms.tapandpay.gcmtask.TapAndPayGcmTaskService started execution. cause:5 exec_start_elapsed_seconds: 50 [CONTEXT service_id=218 ]
12-14 04:19:32.155 I/NetworkScheduler.Stats( 1946): Task com.google.android.gms/com.google.android.gms.tapandpay.gcmtask.TapAndPayGcmTaskService finished executing. cause:5 result: 1 elapsed_millis: 130 uptime_millis: 130 exec_start_elapsed_seconds: 50 [CONTEXT service_id=218 ]
12-14 04:19:32.168 I/NetworkScheduler.Stats( 1946): Task com.google.android.gms/com.google.android.gms.tapandpay.gcmtask.TapAndPayGcmTaskService finished executing. cause:5 result: 1 elapsed_millis: 59 uptime_millis: 59 exec_start_elapsed_seconds: 50 [CONTEXT service_id=218 ]
12-14 04:19:32.171 W/SystemServiceRegistry( 3574): No service published for: persistent_data_block
12-14 04:19:32.230 W/Conscrypt( 2233): Could not set socket write timeout: java.net.SocketException: Socket closed
12-14 04:19:32.231 W/Conscrypt( 2233): 	at com.google.android.gms.org.conscrypt.Platform.setSocketWriteTimeout(:com.google.android.gms@204713022@20.47.13 (040700-344095733):2)
12-14 04:19:32.231 W/Conscrypt( 2233): 	at com.google.android.gms.org.conscrypt.ConscryptFileDescriptorSocket.setSoWriteTimeout(:com.google.android.gms@204713022@20.47.13 (040700-344095733):0)
12-14 04:19:32.258 I/NetworkScheduler.Stats( 1946): Task com.google.android.gms/com.google.android.gms.tapandpay.gcmtask.TapAndPayGcmTaskService started execution. cause:5 exec_start_elapsed_seconds: 50 [CONTEXT service_id=218 ]
12-14 04:19:32.258 I/NetworkScheduler.Stats( 1946): Task com.google.android.gms/com.google.android.gms.tapandpay.gcmtask.TapAndPayGcmTaskService finished executing. cause:5 result: 1 elapsed_millis: 46 uptime_millis: 46 exec_start_elapsed_seconds: 50 [CONTEXT service_id=218 ]
12-14 04:19:32.313 W/Conscrypt( 2233): Could not set socket write timeout: java.net.SocketException: Socket closed
12-14 04:19:32.313 W/Conscrypt( 2233): 	at com.google.android.gms.org.conscrypt.Platform.setSocketWriteTimeout(:com.google.android.gms@204713022@20.47.13 (040700-344095733):2)
12-14 04:19:32.313 W/Conscrypt( 2233): 	at com.google.android.gms.org.conscrypt.ConscryptFileDescriptorSocket.setSoWriteTimeout(:com.google.android.gms@204713022@20.47.13 (040700-344095733):0)
12-14 04:19:32.331 I/NetworkScheduler.Stats( 1946): Task com.google.android.gms/com.google.android.gms.udc.service.UdcContextInitService started execution. cause:5 exec_start_elapsed_seconds: 50 [CONTEXT service_id=218 ]
12-14 04:19:32.345 I/NetworkScheduler.Stats( 1946): Task com.google.android.videos/ started execution. cause:5 exec_start_elapsed_seconds: 50 [CONTEXT service_id=218 ]
12-14 04:19:32.347 I/PlayMovies( 3807): RefreshLicenseTaskService.onRunTask:96 On run task refresh_license_forced
12-14 04:19:32.347 I/PlayMovies( 3807): 
12-14 04:19:32.356 I/NetworkScheduler.Stats( 1946): Task com.google.android.videos/ finished executing. cause:5 result: 1 elapsed_millis: 21 uptime_millis: 21 exec_start_elapsed_seconds: 50 [CONTEXT service_id=218 ]
12-14 04:19:32.388 I/NetworkScheduler.Stats( 1946): Task com.google.android.gms/com.google.android.gms.udc.service.UdcContextInitService finished executing. cause:5 result: 1 elapsed_millis: 96 uptime_millis: 96 exec_start_elapsed_seconds: 50 [CONTEXT service_id=218 ]
12-14 04:19:32.744 I/MicroDetectionWorker( 2178): #updateMicroDetector [detectionMode: [mDetectionMode: [1]]]
12-14 04:19:32.744 I/MicroDetectionWorker( 2178): #startMicroDetector [speakerMode: 0]
12-14 04:19:32.745 I/AudioController( 2178): Using mInputStreamFactoryBuilder
12-14 04:19:32.754 I/MicroDetectionWorker( 2178): onReady
12-14 04:19:32.762 I/MicroRecognitionRunner( 2178): Starting detection.
12-14 04:19:32.763 I/MicrophoneInputStream( 2178): mic_starting com.google.android.apps.gsa.staticplugins.aa.c@12aad80
12-14 04:19:32.769 I/AudioFlinger( 1475): AudioFlinger's thread 0xb1803180 tid=3862 ready to run
12-14 04:19:32.774 I/MicrophoneInputStream( 2178): mic_started com.google.android.apps.gsa.staticplugins.aa.c@12aad80
--------- beginning of system
12-14 04:19:32.775 E/ActivityThread( 2178): Failed to find provider info for com.google.android.apps.gsa.testing.ui.audio.recorded
12-14 04:19:32.775 I/MicroDetectionWorker( 2178): onReady
12-14 04:19:32.778 I/MicrophoneInputStream( 2178): mic_close com.google.android.apps.gsa.staticplugins.aa.c@12aad80
12-14 04:19:32.779 I/MicroRecognitionRunner( 2178): Detection finished
12-14 04:19:32.779 W/ErrorReporter( 2178): reportError [type: 211, code: 524300]: Error reading from input stream
12-14 04:19:32.779 I/MicroRecognitionRunner( 2178): Stopping hotword detection.
12-14 04:19:32.779 W/ErrorProcessor( 2178): onFatalError, processing error from engine(4)
12-14 04:19:32.779 W/ErrorProcessor( 2178): com.google.android.apps.gsa.shared.speech.b.g: Error reading from input stream
12-14 04:19:32.779 W/ErrorProcessor( 2178): 	at com.google.android.apps.gsa.staticplugins.recognizer.j.a.a(SourceFile:28)
12-14 04:19:32.779 W/ErrorProcessor( 2178): 	at com.google.android.apps.gsa.staticplugins.recognizer.j.b.run(SourceFile:15)
12-14 04:19:32.779 W/ErrorProcessor( 2178): 	at java.util.concurrent.Executors$RunnableAdapter.call(Executors.java:457)
12-14 04:19:32.779 W/ErrorProcessor( 2178): 	at java.util.concurrent.FutureTask.run(FutureTask.java:266)
12-14 04:19:32.779 W/ErrorProcessor( 2178): 	at com.google.android.apps.gsa.shared.util.concurrent.a.ax.run(SourceFile:14)
12-14 04:19:32.779 W/ErrorProcessor( 2178): 	at com.google.android.apps.gsa.shared.util.concurrent.a.bl.run(SourceFile:4)
12-14 04:19:32.779 W/ErrorProcessor( 2178): 	at com.google.android.apps.gsa.shared.util.concurrent.a.bl.run(SourceFile:4)
12-14 04:19:32.779 W/ErrorProcessor( 2178): 	at java.util.concurrent.ThreadPoolExecutor.runWorker(ThreadPoolExecutor.java:1162)
12-14 04:19:32.779 W/ErrorProcessor( 2178): 	at java.util.concurrent.ThreadPoolExecutor$Worker.run(ThreadPoolExecutor.java:636)
12-14 04:19:32.779 W/ErrorProcessor( 2178): 	at java.lang.Thread.run(Thread.java:764)
12-14 04:19:32.779 W/ErrorProcessor( 2178): 	at com.google.android.apps.gsa.shared.util.concurrent.a.ai.run(SourceFile:6)
12-14 04:19:32.779 W/ErrorProcessor( 2178): Caused by: com.google.android.apps.gsa.shared.exception.GsaIOException: Error code: 393238 | Buffer overflow, no available space.
12-14 04:19:32.779 W/ErrorProcessor( 2178): 	at com.google.android.apps.gsa.speech.audio.Tee.f(SourceFile:103)
12-14 04:19:32.779 W/ErrorProcessor( 2178): 	at com.google.android.apps.gsa.speech.audio.au.read(SourceFile:2)
12-14 04:19:32.779 W/ErrorProcessor( 2178): 	at java.io.InputStream.read(InputStream.java:101)
12-14 04:19:32.779 W/ErrorProcessor( 2178): 	at com.google.android.apps.gsa.speech.audio.ao.run(SourceFile:18)
12-14 04:19:32.779 W/ErrorProcessor( 2178): 	at com.google.android.apps.gsa.speech.audio.an.run(SourceFile:2)
12-14 04:19:32.779 W/ErrorProcessor( 2178): 	... 9 more
12-14 04:19:32.779 I/AudioController( 2178): internalShutdown
12-14 04:19:32.781 I/MicroDetector( 2178): Keeping mic open: false
12-14 04:19:32.782 I/MicroDetectionWorker( 2178): #onError(false)
12-14 04:19:32.782 I/DeviceStateChecker( 2178): DeviceStateChecker cancelled
12-14 04:19:33.222 V/LifecycleAwareServiceBi( 2564): notify unbound
12-14 04:19:33.222 V/LifecycleAwareServiceBi( 2564): com.google.common.flogger.LogSiteStackTrace: MEDIUM
12-14 04:19:33.222 V/LifecycleAwareServiceBi( 2564): 	at com.google.frameworks.client.data.android.binder.LifecycleAwareServiceBinding.h(PG:1)
12-14 04:19:33.222 V/LifecycleAwareServiceBi( 2564): 	at axqg.run(Unknown Source:4)
12-14 04:19:33.222 V/LifecycleAwareServiceBi( 2564): 	at android.os.Handler.handleCallback(Handler.java:789)
12-14 04:19:33.222 V/LifecycleAwareServiceBi( 2564): 	at android.os.Handler.dispatchMessage(Handler.java:98)
12-14 04:19:33.222 V/LifecycleAwareServiceBi( 2564): 	at android.os.Looper.loop(Looper.java:164)
12-14 04:19:33.222 V/LifecycleAwareServiceBi( 2564): 	at android.app.ActivityThread.main(ActivityThread.java:6541)
12-14 04:19:33.222 V/LifecycleAwareServiceBi( 2564): 	at java.lang.reflect.Method.invoke(Native Method)
12-14 04:19:33.222 V/LifecycleAwareServiceBi( 2564): 	at com.android.internal.os.Zygote$MethodAndArgsCaller.run(Zygote.java:240)
12-14 04:19:33.222 V/LifecycleAwareServiceBi( 2564): 	at com.android.internal.os.ZygoteInit.main(ZygoteInit.java:767)
12-14 04:19:33.222 V/LifecycleAwareServiceBi( 2564): notify unbound - notifying
12-14 04:19:33.230 I/Finsky:download_service( 2687): [2] sxn.onDestroy(8): IPC-SERVER: Stopping gRPC host service...
12-14 04:19:33.288 D/BoundBrokerSvc( 2233): onUnbind: Intent { act=com.google.android.gms.feedback.internal.IFeedbackService cmp=com.google.android.gms/.chimera.GmsBoundBrokerService }
12-14 04:19:33.564 I/ActivityManager( 1629): Killing 3287:com.google.android.apps.maps/u0a59 (adj 906): empty #17
12-14 04:19:33.599 D/BoundBrokerSvc( 2233): onUnbind: Intent { act=com.google.android.gms.people.service.START pkg=com.google.android.gms }
12-14 04:19:33.601 D/BoundBrokerSvc( 1946): onUnbind: Intent { act=com.google.android.gms.phenotype.service.START pkg=com.google.android.gms }
12-14 04:19:34.268 D/BoundBrokerSvc( 1946): onUnbind: Intent { act=com.google.android.gms.icing.LIGHTWEIGHT_INDEX_SERVICE cmp=com.google.android.gms/.chimera.PersistentApiService }
12-14 04:19:34.501 D/ImsResolver( 1825): maybeAddedImsService, packageName: com.google.android.gms
12-14 04:19:34.515 W/ResourceType( 1629): ResTable_typeSpec entry count inconsistent: given 67, previously 69
12-14 04:19:34.515 I/zygote  ( 1946): Deoptimizing bsbk brqx.C() due to JIT inline cache
12-14 04:19:34.515 W/ResourceType( 1629): ResTable_typeSpec entry count inconsistent: given 5411, previously 5412
12-14 04:19:34.515 I/zygote  ( 1946): Deoptimizing bsbk brqx.D(int) due to JIT inline cache
12-14 04:19:34.528 W/ResourceType( 1629): ResTable_typeSpec entry count inconsistent: given 67, previously 69
12-14 04:19:34.528 W/ResourceType( 1629): ResTable_typeSpec entry count inconsistent: given 5411, previously 5412
12-14 04:19:34.551 I/InputReader( 1629): Reconfiguring input devices.  changes=0x00000010
12-14 04:19:34.556 I/Fitness ( 1946): OnPackageChangedOperation got intent: Intent { act=android.intent.action.PACKAGE_CHANGED dat=package:com.google.android.gms flg=0x45000010 pkg=com.google.android.gms cmp=com.google.android.gms/.chimera.PersistentIntentOperationService (has extras) } [CONTEXT service_id=17 ]
12-14 04:19:34.569 I/Fitness ( 1946): FitCleanupIntentOperation received Intent android.intent.action.PACKAGE_CHANGED [CONTEXT service_id=17 ]
12-14 04:19:34.593 D/CarrierSvcBindHelper( 1825): No carrier app for: 0
12-14 04:19:34.594 I/Telecom ( 1629): DefaultDialerCache: Refreshing default dialer for user 0: now com.google.android.dialer: DDC.oR@AE0
12-14 04:19:34.599 I/zygote  ( 1629): IncrementDisableThreadFlip blocked for 5.791ms
12-14 04:19:34.599 I/zygote  ( 1629): IncrementDisableThreadFlip blocked for 6.115ms
12-14 04:19:34.600 I/zygote  ( 1629): IncrementDisableThreadFlip blocked for 5.917ms
12-14 04:19:34.627 I/Icing   ( 2233): updateResources: need to parse adiq{com.google.android.gms}
12-14 04:19:34.650 W/PeopleGalProvider( 2233): Not enabled to outside of GmsCore.
12-14 04:19:34.650 I/PeopleGalProvider( 2233): Method 0 completed.
12-14 04:19:34.652 I/ContactDirectoryManager( 2426): Directory provider com.google.android.gms(com.google.android.gms.people.gal.provider) returned a NULL cursor.
12-14 04:19:34.657 I/ProvidersCache( 3367): Provider returned no roots. Possibly naughty: com.google.android.apps.docs.storage
12-14 04:19:34.686 W/Binder  ( 1629): Outgoing transactions from this process must be FLAG_ONEWAY
12-14 04:19:34.686 W/Binder  ( 1629): java.lang.Throwable
12-14 04:19:34.686 W/Binder  ( 1629): 	at android.os.BinderProxy.transact(Binder.java:736)
12-14 04:19:34.686 W/Binder  ( 1629): 	at com.android.internal.location.ILocationProvider$Stub$Proxy.getProperties(ILocationProvider.java:232)
12-14 04:19:34.686 W/Binder  ( 1629): 	at com.android.server.location.LocationProviderProxy$1.run(LocationProviderProxy.java:119)
12-14 04:19:34.686 W/Binder  ( 1629): 	at android.os.Handler.handleCallback(Handler.java:789)
12-14 04:19:34.686 W/Binder  ( 1629): 	at android.os.Handler.dispatchMessage(Handler.java:98)
12-14 04:19:34.686 W/Binder  ( 1629): 	at android.os.Looper.loop(Looper.java:164)
12-14 04:19:34.686 W/Binder  ( 1629): 	at android.os.HandlerThread.run(HandlerThread.java:65)
12-14 04:19:34.686 W/Binder  ( 1629): Outgoing transactions from this process must be FLAG_ONEWAY
12-14 04:19:34.686 W/Binder  ( 1629): java.lang.Throwable
12-14 04:19:34.686 W/Binder  ( 1629): 	at android.os.BinderProxy.transact(Binder.java:736)
12-14 04:19:34.686 W/Binder  ( 1629): 	at com.android.internal.location.ILocationProvider$Stub$Proxy.getProperties(ILocationProvider.java:232)
12-14 04:19:34.686 W/Binder  ( 1629): 	at com.android.server.location.LocationProviderProxy$1.run(LocationProviderProxy.java:119)
12-14 04:19:34.686 W/Binder  ( 1629): 	at android.os.Handler.handleCallback(Handler.java:789)
12-14 04:19:34.686 W/Binder  ( 1629): 	at android.os.Handler.dispatchMessage(Handler.java:98)
12-14 04:19:34.686 W/Binder  ( 1629): 	at android.os.Looper.loop(Looper.java:164)
12-14 04:19:34.686 W/Binder  ( 1629): 	at android.os.HandlerThread.run(HandlerThread.java:65)
12-14 04:19:34.705 I/Icing   ( 2233): Indexing com.google.android.gms-apps from com.google.android.gms
12-14 04:19:34.708 I/Icing   ( 2233): Indexing done com.google.android.gms-apps
12-14 04:19:34.924 E/memtrack( 1629): Couldn't load memtrack module
12-14 04:19:34.924 W/android.os.Debug( 1629): failed to get memory consumption info: -1
12-14 04:19:34.929 D/BoundBrokerSvc( 1946): onUnbind: Intent { act=com.google.android.gms.clearcut.bootcount.service.START cmp=com.google.android.gms/.chimera.PersistentBoundBrokerService }
12-14 04:19:35.328 D/ConnectivityService( 1629): handleLingerComplete for NetworkAgentInfo [MOBILE (LTE) - 100]
12-14 04:19:35.589 I/zygote  ( 1946): Deoptimizing void tma.c(java.lang.Runnable) due to JIT inline cache
12-14 04:19:35.653 D/AndroidRuntime( 3879): >>>>>> START com.android.internal.os.RuntimeInit uid 2000 <<<<<<
12-14 04:19:35.687 W/app_process( 3879): Unexpected CPU variant for X86 using defaults: x86
12-14 04:19:35.703 D/AndroidRuntime( 3879): Calling main entry com.android.commands.am.Am
12-14 04:19:35.705 I/ActivityManager( 1629): Force stopping com.evancharlton.mileage appid=10464 user=0: start instr
12-14 04:19:35.705 I/ActivityManager( 1629): Killing 3767:com.evancharlton.mileage/u0a464 (adj 0): stop com.evancharlton.mileage
12-14 04:19:35.706 W/ActivityManager( 1629): Crash of app com.evancharlton.mileage running instrumentation ComponentInfo{com.evancharlton.mileage.test/sh.calaba.instrumentationbackend.ClearAppData2}
12-14 04:19:35.708 I/ActivityManager( 1629): Force stopping com.evancharlton.mileage appid=10464 user=0: finished inst
12-14 04:19:35.715 I/zygote  ( 3889): Not late-enabling -Xcheck:jni (already on)
12-14 04:19:35.722 I/ActivityManager( 1629): Start proc 3889:com.evancharlton.mileage/u0a464 for added application com.evancharlton.mileage
12-14 04:19:35.722 D/AndroidRuntime( 3879): Shutting down VM
12-14 04:19:35.724 W/zygote  ( 3889): Unexpected CPU variant for X86 using defaults: x86
12-14 04:19:35.749 W/zygote  ( 3889): Found duplicate classes, falling back to extracting from APK : /data/app/com.evancharlton.mileage.test-11bnMOHzh66FoO6dGDAgfA==/base.apk
12-14 04:19:35.749 W/zygote  ( 3889): NOTE: This wastes RAM and hurts startup performance.
12-14 04:19:35.749 W/zygote  ( 3889): Found duplicated class when checking oat files: 'Ljunit/runner/BaseTestRunner;' in /data/app/com.evancharlton.mileage.test-11bnMOHzh66FoO6dGDAgfA==/base.apk and /system/framework/android.test.runner.jar
12-14 04:19:35.749 W/zygote  ( 3889): 
12-14 04:19:35.757 E/adbd    ( 1355): failed to connect to socket 'tcp:7102': Connection refused
12-14 04:19:35.766 E/adbd    ( 1355): failed to connect to socket 'tcp:7102': Connection refused
12-14 04:19:35.783 W/System  ( 3889): ClassLoader referenced unknown path: 
12-14 04:19:35.798 I/System.out( 3889): Main activity name automatically set to: com.evancharlton.mileage.Mileage
12-14 04:19:35.799 I/System.out( 3889): Calabash did not load Mono. This is only a problem if you are trying to test a Mono application
12-14 04:19:35.800 I/calabash( 3889): Test server port: 7102
12-14 04:19:35.801 I/InstrumentationBackend( 3889): Added:'GetPreferences', with key:'get_preferences'
12-14 04:19:35.862 I/InstrumentationBackend( 3889): Added:'SetPreferences', with key:'set_preferences'
12-14 04:19:35.862 I/InstrumentationBackend( 3889): Added:'ClearPreferences', with key:'clear_preferences'
12-14 04:19:35.862 I/InstrumentationBackend( 3889): Added:'PressElement', with key:'press_l10n_element'
12-14 04:19:35.862 I/InstrumentationBackend( 3889): Added:'WaitForElement', with key:'wait_for_l10n_element'
12-14 04:19:35.863 I/InstrumentationBackend( 3889): Added:'NullAction', with key:'nullAction'
12-14 04:19:35.863 I/InstrumentationBackend( 3889): Added:'PressKey', with key:'press_key'
12-14 04:19:35.863 I/InstrumentationBackend( 3889): Added:'SetActivityOrientation', with key:'set_activity_orientation'
12-14 04:19:35.864 I/InstrumentationBackend( 3889): Added:'GetActivityOrientation', with key:'get_activity_orientation'
12-14 04:19:35.864 I/InstrumentationBackend( 3889): Added:'FakeGPSLocation', with key:'set_gps_coordinates'
12-14 04:19:35.865 I/InstrumentationBackend( 3889): Added:'SetPropertyByCssSelector', with key:'set_property_by_css_selector'
12-14 04:19:35.866 I/InstrumentationBackend( 3889): Added:'GetUrl', with key:'get_url'
12-14 04:19:35.868 I/InstrumentationBackend( 3889): Added:'ScrollTo', with key:'scroll_to'
12-14 04:19:35.869 I/InstrumentationBackend( 3889): Added:'GetLoadProgress', with key:'get_load_progress'
12-14 04:19:35.869 I/InstrumentationBackend( 3889): Added:'DumpHtml', with key:'dump_html'
12-14 04:19:35.870 I/InstrumentationBackend( 3889): Added:'DumpBodyHtml', with key:'dump_body_html'
12-14 04:19:35.870 I/InstrumentationBackend( 3889): Added:'EnterTextByCssSelector', with key:'enter_text_by_selector'
12-14 04:19:35.875 I/InstrumentationBackend( 3889): Added:'AndroidSDKVersion', with key:'android_sdk_version'
12-14 04:19:35.875 I/InstrumentationBackend( 3889): Added:'Version', with key:'version'
12-14 04:19:35.875 I/InstrumentationBackend( 3889): Added:'Drag', with key:'drag'
12-14 04:19:35.875 I/InstrumentationBackend( 3889): Added:'TouchCoordinates', with key:'touch_coordinate'
12-14 04:19:35.876 I/InstrumentationBackend( 3889): Added:'LongPressCoordinate', with key:'long_press_coordinate'
12-14 04:19:35.876 I/InstrumentationBackend( 3889): Added:'DragCoordinates', with key:'drag_coordinates'
12-14 04:19:35.876 I/InstrumentationBackend( 3889): Added:'ResumeApplication', with key:'resume_application'
12-14 04:19:35.877 I/InstrumentationBackend( 3889): Added:'Swipe', with key:'swipe'
12-14 04:19:35.877 I/InstrumentationBackend( 3889): Added:'DoubleTapCoordinate', with key:'double_tap_coordinate'
12-14 04:19:35.878 I/InstrumentationBackend( 3889): Added:'ClickOnScreen', with key:'click_on_screen'
12-14 04:19:35.879 I/InstrumentationBackend( 3889): Added:'GetActivityName', with key:'get_activity_name'
12-14 04:19:35.879 I/InstrumentationBackend( 3889): Added:'ScrollToView', with key:'scroll_to_view'
12-14 04:19:35.879 I/InstrumentationBackend( 3889): Added:'ViewConfiguration', with key:'view_configuration'
12-14 04:19:35.880 I/InstrumentationBackend( 3889): Added:'IsCurrentActivityFocused', with key:'is_current_activity_focused'
12-14 04:19:35.880 I/InstrumentationBackend( 3889): Added:'SendTcp', with key:'send_tcp'
12-14 04:19:35.881 I/InstrumentationBackend( 3889): Added:'DpToDevicePixel', with key:'dp_to_device_pixel'
12-14 04:19:35.883 I/InstrumentationBackend( 3889): Added:'KeyboardEnterText', with key:'keyboard_enter_text'
12-14 04:19:35.883 I/InstrumentationBackend( 3889): Added:'DeleteSurroundingText', with key:'delete_surrounding_text'
12-14 04:19:35.884 I/InstrumentationBackend( 3889): Added:'SetComposingRegion', with key:'set_composing_region'
12-14 04:19:35.884 I/InstrumentationBackend( 3889): Added:'SetSelection', with key:'set_selection'
12-14 04:19:35.884 I/InstrumentationBackend( 3889): Added:'KeyboardKeyEvent', with key:'keyboard_key_event'
12-14 04:19:35.885 I/InstrumentationBackend( 3889): Added:'PressUserActionButton', with key:'press_user_action_button'
12-14 04:19:35.885 I/InstrumentationBackend( 3889): Added:'HideSoftKeyboard', with key:'hide_soft_keyboard'
12-14 04:19:35.887 I/InstrumentationBackend( 3889): Added:'ListActions', with key:'list_actions'
12-14 04:19:35.887 I/calabash( 3889): Instantiating http server at 7102
12-14 04:19:35.888 I/System.out( 3889): HTTP Daemon listening on: 7102
12-14 04:19:35.893 I/System.out( 3889): URI: //ping
12-14 04:19:35.894 I/System.out( 3889): params: {json={}
12-14 04:19:35.894 I/System.out( 3889): }
12-14 04:19:35.901 I/System.out( 3889): URI: //ping
12-14 04:19:35.901 I/System.out( 3889): params: {json={}
12-14 04:19:35.901 I/System.out( 3889): }
12-14 04:19:35.907 I/System.out( 3889): URI: //ready
12-14 04:19:35.907 I/System.out( 3889): params: {json={}
12-14 04:19:35.907 I/System.out( 3889): }
12-14 04:19:35.913 I/System.out( 3889): URI: //
12-14 04:19:35.913 I/System.out( 3889): params: {json={"command":"version","arguments":[]}
12-14 04:19:35.913 I/System.out( 3889): }
12-14 04:19:35.914 I/System.out( 3889): header: {content-type=application/json;charset=utf-8, date=Mon, 14 Dec 2020 09:19:36 GMT, accept=*/*, host=127.0.0.1:34777, content-length=36, user-agent=HTTPClient/1.0 (2.8.3, ruby 2.5.8 (2020-03-31))}
12-14 04:19:35.914 I/System.out( 3889): params: {json={"command":"version","arguments":[]}
12-14 04:19:35.914 I/System.out( 3889): }
12-14 04:19:35.914 I/System.out( 3889): ProP json = {"command":"version","arguments":[]}
12-14 04:19:35.914 I/System.out( 3889): files: {}
12-14 04:19:35.914 I/System.out( 3889): command: {"command":"version","arguments":[]}
12-14 04:19:35.943 I/InstrumentationBackend( 3889): Got command:'Command:'Line:null,version', arguments:'[]'
12-14 04:19:35.975 I/System.out( 3889): result:{"bonusInformation":[],"message":"0.9.8","success":true}
12-14 04:19:35.983 I/System.out( 3889): URI: //start-application
12-14 04:19:35.983 I/System.out( 3889): params: {json={"intent":null}
12-14 04:19:35.983 I/System.out( 3889): }
12-14 04:19:36.022 I/ActivityManager( 1629): START u0 {act=android.intent.action.MAIN cat=[android.intent.category.LAUNCHER] flg=0x10200000 cmp=com.evancharlton.mileage/.Mileage} from uid 10464
12-14 04:19:36.035 I/calabash( 3889): newActivity1
12-14 04:19:36.060 W/ActivityManager( 1629): Bad activity token: android.os.BinderProxy@d0f0bee
12-14 04:19:36.060 W/ActivityManager( 1629): java.lang.ClassCastException: android.os.BinderProxy cannot be cast to com.android.server.am.ActivityRecord$Token
12-14 04:19:36.060 W/ActivityManager( 1629): 	at com.android.server.am.ActivityRecord.forTokenLocked(ActivityRecord.java:778)
12-14 04:19:36.060 W/ActivityManager( 1629): 	at com.android.server.am.ActivityRecord.isInStackLocked(ActivityRecord.java:2085)
12-14 04:19:36.060 W/ActivityManager( 1629): 	at com.android.server.am.ActivityRecord.getStackLocked(ActivityRecord.java:2090)
12-14 04:19:36.060 W/ActivityManager( 1629): 	at com.android.server.am.ActivityManagerService.getActivityDisplayId(ActivityManagerService.java:10406)
12-14 04:19:36.060 W/ActivityManager( 1629): 	at android.app.IActivityManager$Stub.onTransact(IActivityManager.java:2738)
12-14 04:19:36.060 W/ActivityManager( 1629): 	at com.android.server.am.ActivityManagerService.onTransact(ActivityManagerService.java:2935)
12-14 04:19:36.060 W/ActivityManager( 1629): 	at android.os.Binder.execTransact(Binder.java:674)
12-14 04:19:36.063 I/calabash( 3889): newActivity1
12-14 04:19:36.064 D/gralloc_ranchu( 1396): gralloc_alloc: Creating ashmem region of size 7753728
12-14 04:19:36.078 W/ActivityManager( 1629): Bad activity token: android.os.BinderProxy@d0f0bee
12-14 04:19:36.078 W/ActivityManager( 1629): java.lang.ClassCastException: android.os.BinderProxy cannot be cast to com.android.server.am.ActivityRecord$Token
12-14 04:19:36.078 W/ActivityManager( 1629): 	at com.android.server.am.ActivityRecord.forTokenLocked(ActivityRecord.java:778)
12-14 04:19:36.078 W/ActivityManager( 1629): 	at com.android.server.am.ActivityRecord.isInStackLocked(ActivityRecord.java:2085)
12-14 04:19:36.078 W/ActivityManager( 1629): 	at com.android.server.am.ActivityManagerService.setTaskDescription(ActivityManagerService.java:9988)
12-14 04:19:36.078 W/ActivityManager( 1629): 	at android.app.IActivityManager$Stub.onTransact(IActivityManager.java:2824)
12-14 04:19:36.078 W/ActivityManager( 1629): 	at com.android.server.am.ActivityManagerService.onTransact(ActivityManagerService.java:2935)
12-14 04:19:36.078 W/ActivityManager( 1629): 	at android.os.Binder.execTransact(Binder.java:674)
12-14 04:19:36.082 W/ActivityManager( 1629): Bad activity token: android.os.BinderProxy@d0f0bee
12-14 04:19:36.082 W/ActivityManager( 1629): java.lang.ClassCastException: android.os.BinderProxy cannot be cast to com.android.server.am.ActivityRecord$Token
12-14 04:19:36.082 W/ActivityManager( 1629): 	at com.android.server.am.ActivityRecord.forTokenLocked(ActivityRecord.java:778)
12-14 04:19:36.082 W/ActivityManager( 1629): 	at com.android.server.am.ActivityRecord.isInStackLocked(ActivityRecord.java:2085)
12-14 04:19:36.082 W/ActivityManager( 1629): 	at com.android.server.am.ActivityRecord.getStackLocked(ActivityRecord.java:2090)
12-14 04:19:36.082 W/ActivityManager( 1629): 	at com.android.server.am.ActivityManagerService.getActivityStackId(ActivityManagerService.java:10417)
12-14 04:19:36.082 W/ActivityManager( 1629): 	at android.app.IActivityManager$Stub.onTransact(IActivityManager.java:3548)
12-14 04:19:36.082 W/ActivityManager( 1629): 	at com.android.server.am.ActivityManagerService.onTransact(ActivityManagerService.java:2935)
12-14 04:19:36.082 W/ActivityManager( 1629): 	at android.os.Binder.execTransact(Binder.java:674)
12-14 04:19:36.136 W/asset   ( 1732): Asset path /data/app/com.evancharlton.mileage-RKFInNwqV6mZA_bBYNDPNw==/base.apk is neither a directory nor file (type=1).
12-14 04:19:36.136 E/ResourcesManager( 1732): failed to add asset path /data/app/com.evancharlton.mileage-RKFInNwqV6mZA_bBYNDPNw==/base.apk
12-14 04:19:36.137 W/PackageManager( 1732): Failure retrieving resources for com.evancharlton.mileage
12-14 04:19:36.138 W/asset   ( 1732): Asset path /data/app/com.evancharlton.mileage-RKFInNwqV6mZA_bBYNDPNw==/base.apk is neither a directory nor file (type=1).
12-14 04:19:36.138 E/ResourcesManager( 1732): failed to add asset path /data/app/com.evancharlton.mileage-RKFInNwqV6mZA_bBYNDPNw==/base.apk
12-14 04:19:36.138 W/PackageManager( 1732): Failure retrieving resources for com.evancharlton.mileage
12-14 04:19:36.138 W/asset   ( 1732): Asset path /data/app/com.evancharlton.mileage-RKFInNwqV6mZA_bBYNDPNw==/base.apk is neither a directory nor file (type=1).
12-14 04:19:36.138 E/ResourcesManager( 1732): failed to add asset path /data/app/com.evancharlton.mileage-RKFInNwqV6mZA_bBYNDPNw==/base.apk
12-14 04:19:36.138 W/PackageManager( 1732): Failure retrieving resources for com.evancharlton.mileage
12-14 04:19:36.145 E/ContentStoreEUAS( 2178): Failed to commit the deferred actions
12-14 04:19:36.163 D/EGL_emulation( 2148): eglMakeCurrent: 0x9fb84840: ver 3 0 (tinfo 0x9fb83450)
12-14 04:19:36.163 D/EGL_emulation( 2178): eglMakeCurrent: 0x9fb84fc0: ver 3 0 (tinfo 0x9fb83830)
12-14 04:19:36.183 D/EGL_emulation( 1732): eglMakeCurrent: 0x9d2982e0: ver 3 0 (tinfo 0x9d47eb70)
12-14 04:19:36.197 I/chatty  ( 1732): uid=10028(u0_a28) RenderThread identical 1 line
12-14 04:19:36.207 D/EGL_emulation( 1732): eglMakeCurrent: 0x9d2982e0: ver 3 0 (tinfo 0x9d47eb70)
12-14 04:19:36.208 V/StatusBar( 1732): setLightsOn(true)
12-14 04:19:36.212 D/EGL_emulation( 1732): eglMakeCurrent: 0x9d2982e0: ver 3 0 (tinfo 0x9d47eb70)
12-14 04:19:36.220 D/FillupsProvider( 3889): Creating database
12-14 04:19:36.239 D/EGL_emulation( 1732): eglMakeCurrent: 0x9d2982e0: ver 3 0 (tinfo 0x9d47eb70)
12-14 04:19:36.273 I/chatty  ( 1732): uid=10028(u0_a28) RenderThread identical 4 lines
12-14 04:19:36.277 D/EGL_emulation( 1732): eglMakeCurrent: 0x9d2982e0: ver 3 0 (tinfo 0x9d47eb70)
12-14 04:19:36.282 I/zygote  ( 3889): Do partial code cache collection, code=29KB, data=21KB
12-14 04:19:36.282 I/zygote  ( 3889): After code cache collection, code=29KB, data=21KB
12-14 04:19:36.282 I/zygote  ( 3889): Increasing code cache capacity to 128KB
12-14 04:19:36.289 D/EGL_emulation( 1732): eglMakeCurrent: 0x9d2982e0: ver 3 0 (tinfo 0x9d47eb70)
12-14 04:19:36.365 W/ActivityManager( 1629): Bad activity token: android.os.BinderProxy@d0f0bee
12-14 04:19:36.365 W/ActivityManager( 1629): java.lang.ClassCastException: android.os.BinderProxy cannot be cast to com.android.server.am.ActivityRecord$Token
12-14 04:19:36.365 W/ActivityManager( 1629): 	at com.android.server.am.ActivityRecord.forTokenLocked(ActivityRecord.java:778)
12-14 04:19:36.365 W/ActivityManager( 1629): 	at com.android.server.am.ActivityRecord.isInStackLocked(ActivityRecord.java:2085)
12-14 04:19:36.365 W/ActivityManager( 1629): 	at com.android.server.am.ActivityManagerService.getActivityOptions(ActivityManagerService.java:13302)
12-14 04:19:36.365 W/ActivityManager( 1629): 	at android.app.IActivityManager$Stub.onTransact(IActivityManager.java:2910)
12-14 04:19:36.365 W/ActivityManager( 1629): 	at com.android.server.am.ActivityManagerService.onTransact(ActivityManagerService.java:2935)
12-14 04:19:36.365 W/ActivityManager( 1629): 	at android.os.Binder.execTransact(Binder.java:674)
12-14 04:19:36.367 W/ActivityManager( 1629): Bad activity token: android.os.BinderProxy@d0f0bee
12-14 04:19:36.367 W/ActivityManager( 1629): java.lang.ClassCastException: android.os.BinderProxy cannot be cast to com.android.server.am.ActivityRecord$Token
12-14 04:19:36.367 W/ActivityManager( 1629): 	at com.android.server.am.ActivityRecord.forTokenLocked(ActivityRecord.java:778)
12-14 04:19:36.367 W/ActivityManager( 1629): 	at com.android.server.am.ActivityRecord.isInStackLocked(ActivityRecord.java:2085)
12-14 04:19:36.367 W/ActivityManager( 1629): 	at com.android.server.am.ActivityManagerService.getActivityOptions(ActivityManagerService.java:13302)
12-14 04:19:36.367 W/ActivityManager( 1629): 	at android.app.IActivityManager$Stub.onTransact(IActivityManager.java:2910)
12-14 04:19:36.367 W/ActivityManager( 1629): 	at com.android.server.am.ActivityManagerService.onTransact(ActivityManagerService.java:2935)
12-14 04:19:36.367 W/ActivityManager( 1629): 	at android.os.Binder.execTransact(Binder.java:674)
12-14 04:19:36.389 I/chatty  ( 1732): uid=10028(u0_a28) RenderThread identical 14 lines
12-14 04:19:36.397 D/EGL_emulation( 1732): eglMakeCurrent: 0x9d2982e0: ver 3 0 (tinfo 0x9d47eb70)
12-14 04:19:36.455 V/StatusBar( 1732): setLightsOn(true)
12-14 04:19:36.519 I/zygote  ( 3889): Do partial code cache collection, code=44KB, data=58KB
12-14 04:19:36.520 I/zygote  ( 3889): After code cache collection, code=44KB, data=58KB
12-14 04:19:36.520 I/zygote  ( 3889): Increasing code cache capacity to 256KB
12-14 04:19:36.521 I/zygote  ( 3889): JIT allocated 71KB for compiled code of void android.widget.TextView.<init>(android.content.Context, android.util.AttributeSet, int, int)
12-14 04:19:36.521 I/zygote  ( 3889): Compiler allocated 4MB to compile void android.widget.TextView.<init>(android.content.Context, android.util.AttributeSet, int, int)
12-14 04:19:36.527 V/StatusBar( 1732): setLightsOn(true)
12-14 04:19:36.530 I/chatty  ( 1732): uid=10028(u0_a28) com.android.systemui identical 1 line
12-14 04:19:36.535 V/StatusBar( 1732): setLightsOn(true)
12-14 04:19:36.557 I/zygote  ( 3889): Do full code cache collection, code=124KB, data=70KB
