--------- beginning of main
12-14 04:20:00.901 I/NetworkScheduler.Stats( 1946): Task com.google.android.gms/com.google.android.gms.ads.social.GcmSchedulerWakeupService finished executing. cause:5 result: 1 elapsed_millis: 218 uptime_millis: 218 exec_start_elapsed_seconds: 79 [CONTEXT service_id=218 ]
12-14 04:20:00.922 I/NetworkScheduler.Stats( 1946): Task com.google.android.gms/com.google.android.gms.clearcut.uploader.QosUploaderService finished executing. cause:5 result: 1 elapsed_millis: 95 uptime_millis: 95 exec_start_elapsed_seconds: 79 [CONTEXT service_id=218 ]
12-14 04:20:00.930 V/StatusBar( 1732): setLightsOn(true)
--------- beginning of system
12-14 04:20:00.942 W/ActivityManager( 1629): Finishing task with all activities already finished
12-14 04:20:00.942 W/ActivityManager( 1629): Duplicate finish request for ActivityRecord{96c47db u0 com.evancharlton.mileage/.Mileage t282 f}
12-14 04:20:00.943 W/ActivityManager( 1629): Finishing task with all activities already finished
12-14 04:20:00.944 W/ActivityManager( 1629): Duplicate finish request for ActivityRecord{96c47db u0 com.evancharlton.mileage/.Mileage t282 f}
12-14 04:20:00.948 W/ActivityManager( 1629): Finishing task with all activities already finished
12-14 04:20:00.948 W/ActivityManager( 1629): Duplicate finish request for ActivityRecord{96c47db u0 com.evancharlton.mileage/.Mileage t282 f}
12-14 04:20:00.958 I/chatty  ( 1732): uid=10028(u0_a28) com.android.systemui identical 3 lines
12-14 04:20:00.966 V/StatusBar( 1732): setLightsOn(true)
12-14 04:20:00.966 D/gralloc_ranchu( 1396): gralloc_alloc: Creating ashmem region of size 8298496
12-14 04:20:00.982 D/gralloc_ranchu( 1396): gralloc_alloc: Creating ashmem region of size 8298496
12-14 04:20:00.995 D/SurfaceFlinger( 1406): duplicate layer name: changing com.google.android.apps.nexuslauncher/com.google.android.apps.nexuslauncher.NexusLauncherActivity to com.google.android.apps.nexuslauncher/com.google.android.apps.nexuslauncher.NexusLauncherActivity#1
12-14 04:20:00.995 D/gralloc_ranchu( 1396): gralloc_alloc: Creating ashmem region of size 8298496
12-14 04:20:01.062 D/EGL_emulation( 1732): eglMakeCurrent: 0x9d2982e0: ver 3 0 (tinfo 0x9d47eb70)
12-14 04:20:01.084 D/gralloc_ranchu( 1396): gralloc_alloc: Creating ashmem region of size 8298496
12-14 04:20:01.129 D/EGL_emulation( 2178): eglMakeCurrent: 0x9fb84fc0: ver 3 0 (tinfo 0x9fb83830)
12-14 04:20:01.129 D/gralloc_ranchu( 1396): gralloc_alloc: Creating ashmem region of size 8298496
12-14 04:20:01.211 D/gralloc_ranchu( 1396): gralloc_alloc: Creating ashmem region of size 8298496
12-14 04:20:01.247 W/ActivityManager( 1629): Unable to start service Intent { act=com.google.android.gms.speech.service.START pkg=com.google.android.gms } U=0: not found
12-14 04:20:01.252 W/ActivityManager( 1629): Unbind failed: could not find connection for android.os.BinderProxy@6ddbb05
12-14 04:20:01.252 D/EGL_emulation( 2148): eglMakeCurrent: 0x9fb84840: ver 3 0 (tinfo 0x9fb83450)
12-14 04:20:01.254 E/GmsClient( 2178): unable to connect to service: com.google.android.gms.speech.service.START on com.google.android.gms
12-14 04:20:01.256 W/SessionLifecycleManager( 2178): Handover failed. Creating new session controller.
12-14 04:20:01.261 I/OptInState( 2178): There is a new client and it does not support opt-in. Dropping request.
12-14 04:20:01.278 D/gralloc_ranchu( 1396): gralloc_alloc: Creating ashmem region of size 7753728
12-14 04:20:01.303 I/MicroDetectionWorker( 2178): #updateMicroDetector [detectionMode: [mDetectionMode: [1]]]
12-14 04:20:01.303 I/MicroDetectionWorker( 2178): #startMicroDetector [speakerMode: 0]
12-14 04:20:01.304 I/AudioController( 2178): Using mInputStreamFactoryBuilder
12-14 04:20:01.319 I/MicroDetectionWorker( 2178): onReady
12-14 04:20:01.331 D/EGL_emulation( 1732): eglMakeCurrent: 0x9d2982e0: ver 3 0 (tinfo 0x9d47eb70)
12-14 04:20:01.345 I/MicroRecognitionRunner( 2178): Starting detection.
12-14 04:20:01.362 I/MicrophoneInputStream( 2178): mic_starting com.google.android.apps.gsa.staticplugins.aa.c@fbdb261
12-14 04:20:01.365 D/EGL_emulation( 1732): eglMakeCurrent: 0x9d2982e0: ver 3 0 (tinfo 0x9d47eb70)
12-14 04:20:01.370 I/AudioFlinger( 1475): AudioFlinger's thread 0xb0983100 tid=4200 ready to run
12-14 04:20:01.375 D/EGL_emulation( 1732): eglMakeCurrent: 0x9d2982e0: ver 3 0 (tinfo 0x9d47eb70)
12-14 04:20:01.376 I/MicrophoneInputStream( 2178): mic_started com.google.android.apps.gsa.staticplugins.aa.c@fbdb261
12-14 04:20:01.378 E/ActivityThread( 2178): Failed to find provider info for com.google.android.apps.gsa.testing.ui.audio.recorded
12-14 04:20:01.382 I/MicrophoneInputStream( 2178): mic_close com.google.android.apps.gsa.staticplugins.aa.c@fbdb261
12-14 04:20:01.383 I/MicroRecognitionRunner( 2178): Detection finished
12-14 04:20:01.383 W/ErrorReporter( 2178): reportError [type: 211, code: 524300]: Error reading from input stream
12-14 04:20:01.384 I/MicroDetectionWorker( 2178): onReady
12-14 04:20:01.384 D/EGL_emulation( 1732): eglMakeCurrent: 0x9d2982e0: ver 3 0 (tinfo 0x9d47eb70)
12-14 04:20:01.388 I/MicroRecognitionRunner( 2178): Stopping hotword detection.
12-14 04:20:01.389 W/ErrorProcessor( 2178): onFatalError, processing error from engine(4)
12-14 04:20:01.389 W/ErrorProcessor( 2178): com.google.android.apps.gsa.shared.speech.b.g: Error reading from input stream
12-14 04:20:01.389 W/ErrorProcessor( 2178): 	at com.google.android.apps.gsa.staticplugins.recognizer.j.a.a(SourceFile:28)
12-14 04:20:01.389 W/ErrorProcessor( 2178): 	at com.google.android.apps.gsa.staticplugins.recognizer.j.b.run(SourceFile:15)
12-14 04:20:01.389 W/ErrorProcessor( 2178): 	at java.util.concurrent.Executors$RunnableAdapter.call(Executors.java:457)
12-14 04:20:01.389 W/ErrorProcessor( 2178): 	at java.util.concurrent.FutureTask.run(FutureTask.java:266)
12-14 04:20:01.389 W/ErrorProcessor( 2178): 	at com.google.android.apps.gsa.shared.util.concurrent.a.ax.run(SourceFile:14)
12-14 04:20:01.389 W/ErrorProcessor( 2178): 	at com.google.android.apps.gsa.shared.util.concurrent.a.bl.run(SourceFile:4)
12-14 04:20:01.389 W/ErrorProcessor( 2178): 	at com.google.android.apps.gsa.shared.util.concurrent.a.bl.run(SourceFile:4)
12-14 04:20:01.389 W/ErrorProcessor( 2178): 	at java.util.concurrent.ThreadPoolExecutor.runWorker(ThreadPoolExecutor.java:1162)
12-14 04:20:01.389 W/ErrorProcessor( 2178): 	at java.util.concurrent.ThreadPoolExecutor$Worker.run(ThreadPoolExecutor.java:636)
12-14 04:20:01.389 W/ErrorProcessor( 2178): 	at java.lang.Thread.run(Thread.java:764)
12-14 04:20:01.389 W/ErrorProcessor( 2178): 	at com.google.android.apps.gsa.shared.util.concurrent.a.ai.run(SourceFile:6)
12-14 04:20:01.389 W/ErrorProcessor( 2178): Caused by: com.google.android.apps.gsa.shared.exception.GsaIOException: Error code: 393238 | Buffer overflow, no available space.
12-14 04:20:01.389 W/ErrorProcessor( 2178): 	at com.google.android.apps.gsa.speech.audio.Tee.f(SourceFile:103)
12-14 04:20:01.389 W/ErrorProcessor( 2178): 	at com.google.android.apps.gsa.speech.audio.au.read(SourceFile:2)
12-14 04:20:01.389 W/ErrorProcessor( 2178): 	at java.io.InputStream.read(InputStream.java:101)
12-14 04:20:01.389 W/ErrorProcessor( 2178): 	at com.google.android.apps.gsa.speech.audio.ao.run(SourceFile:18)
12-14 04:20:01.389 W/ErrorProcessor( 2178): 	at com.google.android.apps.gsa.speech.audio.an.run(SourceFile:2)
12-14 04:20:01.389 W/ErrorProcessor( 2178): 	... 9 more
12-14 04:20:01.389 I/AudioController( 2178): internalShutdown
12-14 04:20:01.396 I/MicroDetector( 2178): Keeping mic open: false
12-14 04:20:01.396 I/DeviceStateChecker( 2178): DeviceStateChecker cancelled
12-14 04:20:01.397 I/MicroDetectionWorker( 2178): #onError(false)
12-14 04:20:01.397 D/EGL_emulation( 1732): eglMakeCurrent: 0x9d2982e0: ver 3 0 (tinfo 0x9d47eb70)
12-14 04:20:01.454 I/chatty  ( 1732): uid=10028(u0_a28) RenderThread identical 8 lines
12-14 04:20:01.464 D/EGL_emulation( 1732): eglMakeCurrent: 0x9d2982e0: ver 3 0 (tinfo 0x9d47eb70)
12-14 04:20:01.465 I/zygote  ( 2178): Background concurrent copying GC freed 25689(1392KB) AllocSpace objects, 11(3MB) LOS objects, 49% free, 4MB/8MB, paused 10.272ms total 118.933ms
12-14 04:20:01.471 D/EGL_emulation( 1732): eglMakeCurrent: 0x9d2982e0: ver 3 0 (tinfo 0x9d47eb70)
12-14 04:20:01.539 I/chatty  ( 1732): uid=10028(u0_a28) RenderThread identical 7 lines
12-14 04:20:01.548 D/EGL_emulation( 1732): eglMakeCurrent: 0x9d2982e0: ver 3 0 (tinfo 0x9d47eb70)
12-14 04:20:01.668 D/AndroidRuntime( 4195): >>>>>> START com.android.internal.os.RuntimeInit uid 2000 <<<<<<
12-14 04:20:01.740 W/OpenGLRenderer( 2148): Incorrectly called buildLayer on View: ShortcutAndWidgetContainer, destroying layer...
12-14 04:20:01.753 W/app_process( 4195): Unexpected CPU variant for X86 using defaults: x86
12-14 04:20:01.771 I/OpenGLRenderer( 1629): Initialized EGL, version 1.4
12-14 04:20:01.771 D/OpenGLRenderer( 1629): Swap behavior 1
12-14 04:20:01.772 W/OpenGLRenderer( 1629): Failed to choose config with EGL_SWAP_BEHAVIOR_PRESERVED, retrying without...
12-14 04:20:01.772 D/OpenGLRenderer( 1629): Swap behavior 0
12-14 04:20:01.779 D/EGL_emulation( 1629): eglCreateContext: 0x8df4f340: maj 3 min 0 rcv 3
12-14 04:20:01.781 D/EGL_emulation( 1629): eglMakeCurrent: 0x8df4f340: ver 3 0 (tinfo 0x8df2a480)
12-14 04:20:01.781 E/eglCodecCommon( 1629): glUtilsParamSize: unknow param 0x00008cdf
12-14 04:20:01.782 E/eglCodecCommon( 1629): glUtilsParamSize: unknow param 0x00008cdf
12-14 04:20:01.782 E/eglCodecCommon( 1629): glUtilsParamSize: unknow param 0x00008824
12-14 04:20:01.782 E/eglCodecCommon( 1629): glUtilsParamSize: unknow param 0x00008824
12-14 04:20:01.808 D/AndroidRuntime( 4195): Calling main entry com.android.commands.am.Am
12-14 04:20:01.811 I/ActivityManager( 1629): Force stopping com.evancharlton.mileage appid=10464 user=0: start instr
12-14 04:20:01.811 I/ActivityManager( 1629): Killing 4143:com.evancharlton.mileage/u0a464 (adj 0): stop com.evancharlton.mileage
12-14 04:20:01.814 W/ActivityManager( 1629): Crash of app com.evancharlton.mileage running instrumentation ComponentInfo{com.evancharlton.mileage.test/sh.calaba.instrumentationbackend.CalabashInstrumentationTestRunner}
12-14 04:20:01.814 I/ActivityManager( 1629): Force stopping com.evancharlton.mileage appid=10464 user=0: finished inst
12-14 04:20:01.825 I/zygote  ( 4210): Not late-enabling -Xcheck:jni (already on)
12-14 04:20:01.832 I/ActivityManager( 1629): Start proc 4210:com.evancharlton.mileage/u0a464 for added application com.evancharlton.mileage
12-14 04:20:01.833 D/AndroidRuntime( 4195): Shutting down VM
12-14 04:20:01.869 W/ActivityManager( 1629): setHasOverlayUi called on unknown pid: 4143
12-14 04:20:01.871 W/zygote  ( 4210): Unexpected CPU variant for X86 using defaults: x86
12-14 04:20:01.882 E/adbd    ( 1355): failed to connect to socket 'tcp:7102': Connection refused
12-14 04:20:01.899 E/adbd    ( 1355): failed to connect to socket 'tcp:7102': Connection refused
12-14 04:20:01.902 W/zygote  ( 4210): Found duplicate classes, falling back to extracting from APK : /data/app/com.evancharlton.mileage.test-11bnMOHzh66FoO6dGDAgfA==/base.apk
12-14 04:20:01.902 W/zygote  ( 4210): NOTE: This wastes RAM and hurts startup performance.
12-14 04:20:01.902 W/zygote  ( 4210): Found duplicated class when checking oat files: 'Ljunit/runner/BaseTestRunner;' in /data/app/com.evancharlton.mileage.test-11bnMOHzh66FoO6dGDAgfA==/base.apk and /system/framework/android.test.runner.jar
12-14 04:20:01.903 W/zygote  ( 4210): 
12-14 04:20:01.941 W/System  ( 4210): ClassLoader referenced unknown path: 
12-14 04:20:01.953 I/System.out( 4210): Main activity name automatically set to: com.evancharlton.mileage.Mileage
12-14 04:20:01.954 I/System.out( 4210): Calabash did not load Mono. This is only a problem if you are trying to test a Mono application
12-14 04:20:01.954 I/calabash( 4210): Test server port: 7102
12-14 04:20:01.955 I/InstrumentationBackend( 4210): Added:'GetPreferences', with key:'get_preferences'
12-14 04:20:02.020 I/InstrumentationBackend( 4210): Added:'SetPreferences', with key:'set_preferences'
12-14 04:20:02.020 I/InstrumentationBackend( 4210): Added:'ClearPreferences', with key:'clear_preferences'
12-14 04:20:02.020 E/adbd    ( 1355): failed to connect to socket 'tcp:7102': Connection refused
12-14 04:20:02.020 I/InstrumentationBackend( 4210): Added:'PressElement', with key:'press_l10n_element'
12-14 04:20:02.021 I/InstrumentationBackend( 4210): Added:'WaitForElement', with key:'wait_for_l10n_element'
12-14 04:20:02.022 E/adbd    ( 1355): failed to connect to socket 'tcp:7102': Connection refused
12-14 04:20:02.023 I/InstrumentationBackend( 4210): Added:'NullAction', with key:'nullAction'
12-14 04:20:02.023 I/InstrumentationBackend( 4210): Added:'PressKey', with key:'press_key'
12-14 04:20:02.024 I/InstrumentationBackend( 4210): Added:'SetActivityOrientation', with key:'set_activity_orientation'
12-14 04:20:02.024 I/InstrumentationBackend( 4210): Added:'GetActivityOrientation', with key:'get_activity_orientation'
12-14 04:20:02.025 I/InstrumentationBackend( 4210): Added:'FakeGPSLocation', with key:'set_gps_coordinates'
12-14 04:20:02.025 I/InstrumentationBackend( 4210): Added:'SetPropertyByCssSelector', with key:'set_property_by_css_selector'
12-14 04:20:02.026 I/InstrumentationBackend( 4210): Added:'GetUrl', with key:'get_url'
12-14 04:20:02.028 I/InstrumentationBackend( 4210): Added:'ScrollTo', with key:'scroll_to'
12-14 04:20:02.028 I/InstrumentationBackend( 4210): Added:'GetLoadProgress', with key:'get_load_progress'
12-14 04:20:02.029 I/InstrumentationBackend( 4210): Added:'DumpHtml', with key:'dump_html'
12-14 04:20:02.029 I/InstrumentationBackend( 4210): Added:'DumpBodyHtml', with key:'dump_body_html'
12-14 04:20:02.029 I/InstrumentationBackend( 4210): Added:'EnterTextByCssSelector', with key:'enter_text_by_selector'
12-14 04:20:02.034 I/InstrumentationBackend( 4210): Added:'AndroidSDKVersion', with key:'android_sdk_version'
12-14 04:20:02.034 I/InstrumentationBackend( 4210): Added:'Version', with key:'version'
12-14 04:20:02.035 I/InstrumentationBackend( 4210): Added:'Drag', with key:'drag'
12-14 04:20:02.035 I/InstrumentationBackend( 4210): Added:'TouchCoordinates', with key:'touch_coordinate'
12-14 04:20:02.035 I/InstrumentationBackend( 4210): Added:'LongPressCoordinate', with key:'long_press_coordinate'
12-14 04:20:02.035 I/InstrumentationBackend( 4210): Added:'DragCoordinates', with key:'drag_coordinates'
12-14 04:20:02.036 I/InstrumentationBackend( 4210): Added:'ResumeApplication', with key:'resume_application'
12-14 04:20:02.036 I/InstrumentationBackend( 4210): Added:'Swipe', with key:'swipe'
12-14 04:20:02.036 I/InstrumentationBackend( 4210): Added:'DoubleTapCoordinate', with key:'double_tap_coordinate'
12-14 04:20:02.037 I/InstrumentationBackend( 4210): Added:'ClickOnScreen', with key:'click_on_screen'
12-14 04:20:02.038 I/InstrumentationBackend( 4210): Added:'GetActivityName', with key:'get_activity_name'
12-14 04:20:02.038 I/InstrumentationBackend( 4210): Added:'ScrollToView', with key:'scroll_to_view'
12-14 04:20:02.038 I/InstrumentationBackend( 4210): Added:'ViewConfiguration', with key:'view_configuration'
12-14 04:20:02.039 I/InstrumentationBackend( 4210): Added:'IsCurrentActivityFocused', with key:'is_current_activity_focused'
12-14 04:20:02.039 I/InstrumentationBackend( 4210): Added:'SendTcp', with key:'send_tcp'
12-14 04:20:02.039 I/InstrumentationBackend( 4210): Added:'DpToDevicePixel', with key:'dp_to_device_pixel'
12-14 04:20:02.040 I/InstrumentationBackend( 4210): Added:'KeyboardEnterText', with key:'keyboard_enter_text'
12-14 04:20:02.041 I/InstrumentationBackend( 4210): Added:'DeleteSurroundingText', with key:'delete_surrounding_text'
12-14 04:20:02.042 I/InstrumentationBackend( 4210): Added:'SetComposingRegion', with key:'set_composing_region'
12-14 04:20:02.042 I/InstrumentationBackend( 4210): Added:'SetSelection', with key:'set_selection'
12-14 04:20:02.043 I/InstrumentationBackend( 4210): Added:'KeyboardKeyEvent', with key:'keyboard_key_event'
12-14 04:20:02.043 I/InstrumentationBackend( 4210): Added:'PressUserActionButton', with key:'press_user_action_button'
12-14 04:20:02.044 I/InstrumentationBackend( 4210): Added:'HideSoftKeyboard', with key:'hide_soft_keyboard'
12-14 04:20:02.045 I/InstrumentationBackend( 4210): Added:'ListActions', with key:'list_actions'
12-14 04:20:02.045 I/calabash( 4210): Instantiating http server at 7102
12-14 04:20:02.046 I/System.out( 4210): HTTP Daemon listening on: 7102
12-14 04:20:02.156 I/System.out( 4210): URI: //ping
12-14 04:20:02.157 I/System.out( 4210): params: {json={}
12-14 04:20:02.157 I/System.out( 4210): }
12-14 04:20:02.187 I/System.out( 4210): URI: //ping
12-14 04:20:02.188 I/System.out( 4210): params: {json={}
12-14 04:20:02.188 I/System.out( 4210): }
12-14 04:20:02.201 I/System.out( 4210): URI: //ready
12-14 04:20:02.202 I/System.out( 4210): params: {json={}
12-14 04:20:02.202 I/System.out( 4210): }
12-14 04:20:02.211 I/System.out( 4210): URI: //
12-14 04:20:02.211 I/System.out( 4210): params: {json={"command":"version","arguments":[]}
12-14 04:20:02.211 I/System.out( 4210): }
12-14 04:20:02.211 I/System.out( 4210): header: {content-type=application/json;charset=utf-8, date=Mon, 14 Dec 2020 09:20:03 GMT, accept=*/*, host=127.0.0.1:34777, content-length=36, user-agent=HTTPClient/1.0 (2.8.3, ruby 2.5.8 (2020-03-31))}
12-14 04:20:02.212 I/System.out( 4210): params: {json={"command":"version","arguments":[]}
12-14 04:20:02.212 I/System.out( 4210): }
12-14 04:20:02.212 I/System.out( 4210): ProP json = {"command":"version","arguments":[]}
12-14 04:20:02.212 I/System.out( 4210): files: {}
12-14 04:20:02.212 I/System.out( 4210): command: {"command":"version","arguments":[]}
12-14 04:20:02.242 I/InstrumentationBackend( 4210): Got command:'Command:'Line:null,version', arguments:'[]'
12-14 04:20:02.279 I/System.out( 4210): result:{"bonusInformation":[],"message":"0.9.8","success":true}
12-14 04:20:02.285 I/System.out( 4210): URI: //start-application
12-14 04:20:02.285 I/System.out( 4210): params: {json={"intent":null}
12-14 04:20:02.285 I/System.out( 4210): }
12-14 04:20:02.322 I/ActivityManager( 1629): START u0 {act=android.intent.action.MAIN cat=[android.intent.category.LAUNCHER] flg=0x10200000 cmp=com.evancharlton.mileage/.Mileage} from uid 10464
12-14 04:20:02.345 E/memtrack( 1629): Couldn't load memtrack module
12-14 04:20:02.345 W/android.os.Debug( 1629): failed to get memory consumption info: -1
12-14 04:20:02.348 D/gralloc_ranchu( 1396): gralloc_alloc: Creating ashmem region of size 7753728
12-14 04:20:02.353 I/calabash( 4210): newActivity1
12-14 04:20:02.385 W/ActivityManager( 1629): Bad activity token: android.os.BinderProxy@2df0dd6
12-14 04:20:02.385 W/ActivityManager( 1629): java.lang.ClassCastException: android.os.BinderProxy cannot be cast to com.android.server.am.ActivityRecord$Token
12-14 04:20:02.385 W/ActivityManager( 1629): 	at com.android.server.am.ActivityRecord.forTokenLocked(ActivityRecord.java:778)
12-14 04:20:02.385 W/ActivityManager( 1629): 	at com.android.server.am.ActivityRecord.isInStackLocked(ActivityRecord.java:2085)
12-14 04:20:02.385 W/ActivityManager( 1629): 	at com.android.server.am.ActivityRecord.getStackLocked(ActivityRecord.java:2090)
12-14 04:20:02.385 W/ActivityManager( 1629): 	at com.android.server.am.ActivityManagerService.getActivityDisplayId(ActivityManagerService.java:10406)
12-14 04:20:02.385 W/ActivityManager( 1629): 	at android.app.IActivityManager$Stub.onTransact(IActivityManager.java:2738)
12-14 04:20:02.385 W/ActivityManager( 1629): 	at com.android.server.am.ActivityManagerService.onTransact(ActivityManagerService.java:2935)
12-14 04:20:02.385 W/ActivityManager( 1629): 	at android.os.Binder.execTransact(Binder.java:674)
12-14 04:20:02.385 I/calabash( 4210): newActivity1
12-14 04:20:02.393 W/ActivityManager( 1629): Bad activity token: android.os.BinderProxy@2df0dd6
12-14 04:20:02.393 W/ActivityManager( 1629): java.lang.ClassCastException: android.os.BinderProxy cannot be cast to com.android.server.am.ActivityRecord$Token
12-14 04:20:02.393 W/ActivityManager( 1629): 	at com.android.server.am.ActivityRecord.forTokenLocked(ActivityRecord.java:778)
12-14 04:20:02.393 W/ActivityManager( 1629): 	at com.android.server.am.ActivityRecord.isInStackLocked(ActivityRecord.java:2085)
12-14 04:20:02.393 W/ActivityManager( 1629): 	at com.android.server.am.ActivityManagerService.setTaskDescription(ActivityManagerService.java:9988)
12-14 04:20:02.393 W/ActivityManager( 1629): 	at android.app.IActivityManager$Stub.onTransact(IActivityManager.java:2824)
12-14 04:20:02.393 W/ActivityManager( 1629): 	at com.android.server.am.ActivityManagerService.onTransact(ActivityManagerService.java:2935)
12-14 04:20:02.393 W/ActivityManager( 1629): 	at android.os.Binder.execTransact(Binder.java:674)
12-14 04:20:02.396 W/ActivityManager( 1629): Bad activity token: android.os.BinderProxy@2df0dd6
12-14 04:20:02.396 W/ActivityManager( 1629): java.lang.ClassCastException: android.os.BinderProxy cannot be cast to com.android.server.am.ActivityRecord$Token
12-14 04:20:02.396 W/ActivityManager( 1629): 	at com.android.server.am.ActivityRecord.forTokenLocked(ActivityRecord.java:778)
12-14 04:20:02.396 W/ActivityManager( 1629): 	at com.android.server.am.ActivityRecord.isInStackLocked(ActivityRecord.java:2085)
12-14 04:20:02.396 W/ActivityManager( 1629): 	at com.android.server.am.ActivityRecord.getStackLocked(ActivityRecord.java:2090)
12-14 04:20:02.396 W/ActivityManager( 1629): 	at com.android.server.am.ActivityManagerService.getActivityStackId(ActivityManagerService.java:10417)
12-14 04:20:02.396 W/ActivityManager( 1629): 	at android.app.IActivityManager$Stub.onTransact(IActivityManager.java:3548)
12-14 04:20:02.396 W/ActivityManager( 1629): 	at com.android.server.am.ActivityManagerService.onTransact(ActivityManagerService.java:2935)
12-14 04:20:02.396 W/ActivityManager( 1629): 	at android.os.Binder.execTransact(Binder.java:674)
12-14 04:20:02.398 D/EGL_emulation( 2148): eglMakeCurrent: 0x9fb84840: ver 3 0 (tinfo 0x9fb83450)
12-14 04:20:02.402 D/EGL_emulation( 2178): eglMakeCurrent: 0x9fb84fc0: ver 3 0 (tinfo 0x9fb83830)
12-14 04:20:02.412 V/StatusBar( 1732): setLightsOn(true)
12-14 04:20:02.430 E/memtrack( 1629): Couldn't load memtrack module
12-14 04:20:02.430 W/android.os.Debug( 1629): failed to get memory consumption info: -1
12-14 04:20:02.432 D/EGL_emulation( 1732): eglMakeCurrent: 0x9d2982e0: ver 3 0 (tinfo 0x9d47eb70)
12-14 04:20:02.435 V/StatusBar( 1732): setLightsOn(true)
12-14 04:20:02.446 D/EGL_emulation( 1732): eglMakeCurrent: 0x9d2982e0: ver 3 0 (tinfo 0x9d47eb70)
12-14 04:20:02.461 E/ContentStoreEUAS( 2178): Failed to commit the deferred actions
12-14 04:20:02.462 D/EGL_emulation( 1732): eglMakeCurrent: 0x9d2982e0: ver 3 0 (tinfo 0x9d47eb70)
12-14 04:20:02.530 W/ActivityManager( 1629): Bad activity token: android.os.BinderProxy@2df0dd6
12-14 04:20:02.530 W/ActivityManager( 1629): java.lang.ClassCastException: android.os.BinderProxy cannot be cast to com.android.server.am.ActivityRecord$Token
12-14 04:20:02.530 W/ActivityManager( 1629): 	at com.android.server.am.ActivityRecord.forTokenLocked(ActivityRecord.java:778)
12-14 04:20:02.530 W/ActivityManager( 1629): 	at com.android.server.am.ActivityRecord.isInStackLocked(ActivityRecord.java:2085)
12-14 04:20:02.530 W/ActivityManager( 1629): 	at com.android.server.am.ActivityManagerService.getActivityOptions(ActivityManagerService.java:13302)
12-14 04:20:02.530 W/ActivityManager( 1629): 	at android.app.IActivityManager$Stub.onTransact(IActivityManager.java:2910)
12-14 04:20:02.530 W/ActivityManager( 1629): 	at com.android.server.am.ActivityManagerService.onTransact(ActivityManagerService.java:2935)
12-14 04:20:02.530 W/ActivityManager( 1629): 	at android.os.Binder.execTransact(Binder.java:674)
12-14 04:20:02.532 W/ActivityManager( 1629): Bad activity token: android.os.BinderProxy@2df0dd6
12-14 04:20:02.532 W/ActivityManager( 1629): java.lang.ClassCastException: android.os.BinderProxy cannot be cast to com.android.server.am.ActivityRecord$Token
12-14 04:20:02.532 W/ActivityManager( 1629): 	at com.android.server.am.ActivityRecord.forTokenLocked(ActivityRecord.java:778)
12-14 04:20:02.532 W/ActivityManager( 1629): 	at com.android.server.am.ActivityRecord.isInStackLocked(ActivityRecord.java:2085)
12-14 04:20:02.532 W/ActivityManager( 1629): 	at com.android.server.am.ActivityManagerService.getActivityOptions(ActivityManagerService.java:13302)
12-14 04:20:02.532 W/ActivityManager( 1629): 	at android.app.IActivityManager$Stub.onTransact(IActivityManager.java:2910)
12-14 04:20:02.532 W/ActivityManager( 1629): 	at com.android.server.am.ActivityManagerService.onTransact(ActivityManagerService.java:2935)
12-14 04:20:02.532 W/ActivityManager( 1629): 	at android.os.Binder.execTransact(Binder.java:674)
12-14 04:20:02.626 I/chatty  ( 1732): uid=10028(u0_a28) RenderThread identical 20 lines
12-14 04:20:02.639 D/EGL_emulation( 1732): eglMakeCurrent: 0x9d2982e0: ver 3 0 (tinfo 0x9d47eb70)
12-14 04:20:02.640 V/StatusBar( 1732): setLightsOn(true)
12-14 04:20:02.691 I/chatty  ( 1732): uid=10028(u0_a28) com.android.systemui identical 2 lines
12-14 04:20:02.692 V/StatusBar( 1732): setLightsOn(true)
12-14 04:20:02.726 I/zygote  ( 4210): Do partial code cache collection, code=27KB, data=30KB
12-14 04:20:02.727 I/zygote  ( 4210): After code cache collection, code=27KB, data=30KB
12-14 04:20:02.727 I/zygote  ( 4210): Increasing code cache capacity to 128KB
12-14 04:20:02.733 I/zygote  ( 4210): Do partial code cache collection, code=27KB, data=48KB
12-14 04:20:02.733 I/zygote  ( 4210): After code cache collection, code=27KB, data=48KB
12-14 04:20:02.733 I/zygote  ( 4210): Increasing code cache capacity to 256KB
12-14 04:20:02.735 I/zygote  ( 4210): JIT allocated 71KB for compiled code of void android.widget.TextView.<init>(android.content.Context, android.util.AttributeSet, int, int)
12-14 04:20:02.735 I/zygote  ( 4210): Compiler allocated 4MB to compile void android.widget.TextView.<init>(android.content.Context, android.util.AttributeSet, int, int)
12-14 04:20:02.735 D/gralloc_ranchu( 1396): gralloc_alloc: Creating ashmem region of size 7753728
12-14 04:20:02.786 D/        ( 4210): HostConnection::get() New Host Connection established 0x9d22fac0, tid 4210
12-14 04:20:02.834 V/StatusBar( 1732): setLightsOn(true)
12-14 04:20:02.837 V/StatusBar( 1732): setLightsOn(true)
12-14 04:20:02.843 I/ActivityManager( 1629): Displayed com.evancharlton.mileage/.Mileage: +500ms
12-14 04:20:02.845 V/StatusBar( 1732): setLightsOn(true)
12-14 04:20:02.869 V/StatusBar( 1732): setLightsOn(true)
12-14 04:20:02.875 D/gralloc_ranchu( 1396): gralloc_alloc: Creating ashmem region of size 7753728
12-14 04:20:03.036 V/StatusBar( 1732): setLightsOn(true)
12-14 04:20:03.131 I/chatty  ( 1732): uid=10028(u0_a28) com.android.systemui identical 2 lines
12-14 04:20:03.146 V/StatusBar( 1732): setLightsOn(true)
12-14 04:20:03.160 W/SurfaceFlinger( 1406): couldn't log to binary event log: overflow.
