--------- beginning of main
12-14 00:43:35.374 D/AndroidRuntime( 4083): >>>>>> START com.android.internal.os.RuntimeInit uid 2000 <<<<<<
12-14 00:43:35.375 D/WificondControl( 1629): Scan result ready event
12-14 00:43:35.409 W/app_process( 4083): Unexpected CPU variant for X86 using defaults: x86
12-14 00:43:35.426 D/AndroidRuntime( 4083): Calling main entry com.android.commands.am.Am
12-14 00:43:35.437 I/zygote  ( 4093): Not late-enabling -Xcheck:jni (already on)
12-14 00:43:35.443 W/zygote  ( 4093): Unexpected CPU variant for X86 using defaults: x86
12-14 00:43:35.445 E/memtrack( 1629): Couldn't load memtrack module
12-14 00:43:35.445 W/android.os.Debug( 1629): failed to get memory consumption info: -1
12-14 00:43:35.446 D/AndroidRuntime( 4083): Shutting down VM
12-14 00:43:35.474 W/zygote  ( 4093): Found duplicate classes, falling back to extracting from APK : /data/app/com.evancharlton.mileage.test-aIkMJgqcDcZHKHFr_jbqXA==/base.apk
12-14 00:43:35.474 W/zygote  ( 4093): NOTE: This wastes RAM and hurts startup performance.
12-14 00:43:35.474 W/zygote  ( 4093): Found duplicated class when checking oat files: 'Ljunit/runner/BaseTestRunner;' in /data/app/com.evancharlton.mileage.test-aIkMJgqcDcZHKHFr_jbqXA==/base.apk and /system/framework/android.test.runner.jar
12-14 00:43:35.474 W/zygote  ( 4093): 
12-14 00:43:35.482 E/memtrack( 1629): Couldn't load memtrack module
12-14 00:43:35.482 W/android.os.Debug( 1629): failed to get memory consumption info: -1
12-14 00:43:35.486 E/adbd    ( 1383): failed to connect to socket 'tcp:7102': Connection refused
12-14 00:43:35.495 E/adbd    ( 1383): failed to connect to socket 'tcp:7102': Connection refused
12-14 00:43:35.515 W/System  ( 4093): ClassLoader referenced unknown path: 
12-14 00:43:35.527 I/System.out( 4093): Main activity name automatically set to: com.evancharlton.mileage.Mileage
12-14 00:43:35.528 I/System.out( 4093): Calabash did not load Mono. This is only a problem if you are trying to test a Mono application
12-14 00:43:35.528 I/calabash( 4093): Test server port: 7102
12-14 00:43:35.530 I/InstrumentationBackend( 4093): Added:'GetPreferences', with key:'get_preferences'
12-14 00:43:35.590 I/InstrumentationBackend( 4093): Added:'SetPreferences', with key:'set_preferences'
12-14 00:43:35.591 I/InstrumentationBackend( 4093): Added:'ClearPreferences', with key:'clear_preferences'
12-14 00:43:35.591 I/InstrumentationBackend( 4093): Added:'PressElement', with key:'press_l10n_element'
12-14 00:43:35.591 I/InstrumentationBackend( 4093): Added:'WaitForElement', with key:'wait_for_l10n_element'
12-14 00:43:35.592 I/InstrumentationBackend( 4093): Added:'NullAction', with key:'nullAction'
12-14 00:43:35.592 I/InstrumentationBackend( 4093): Added:'PressKey', with key:'press_key'
12-14 00:43:35.592 I/InstrumentationBackend( 4093): Added:'SetActivityOrientation', with key:'set_activity_orientation'
12-14 00:43:35.593 I/InstrumentationBackend( 4093): Added:'GetActivityOrientation', with key:'get_activity_orientation'
12-14 00:43:35.593 I/InstrumentationBackend( 4093): Added:'FakeGPSLocation', with key:'set_gps_coordinates'
12-14 00:43:35.593 I/InstrumentationBackend( 4093): Added:'SetPropertyByCssSelector', with key:'set_property_by_css_selector'
12-14 00:43:35.595 I/InstrumentationBackend( 4093): Added:'GetUrl', with key:'get_url'
12-14 00:43:35.597 I/InstrumentationBackend( 4093): Added:'ScrollTo', with key:'scroll_to'
12-14 00:43:35.597 I/InstrumentationBackend( 4093): Added:'GetLoadProgress', with key:'get_load_progress'
12-14 00:43:35.598 I/InstrumentationBackend( 4093): Added:'DumpHtml', with key:'dump_html'
12-14 00:43:35.598 I/InstrumentationBackend( 4093): Added:'DumpBodyHtml', with key:'dump_body_html'
12-14 00:43:35.598 I/InstrumentationBackend( 4093): Added:'EnterTextByCssSelector', with key:'enter_text_by_selector'
12-14 00:43:35.602 I/InstrumentationBackend( 4093): Added:'AndroidSDKVersion', with key:'android_sdk_version'
12-14 00:43:35.603 I/InstrumentationBackend( 4093): Added:'Version', with key:'version'
12-14 00:43:35.603 I/InstrumentationBackend( 4093): Added:'Drag', with key:'drag'
12-14 00:43:35.603 I/InstrumentationBackend( 4093): Added:'TouchCoordinates', with key:'touch_coordinate'
12-14 00:43:35.603 I/InstrumentationBackend( 4093): Added:'LongPressCoordinate', with key:'long_press_coordinate'
12-14 00:43:35.604 I/InstrumentationBackend( 4093): Added:'DragCoordinates', with key:'drag_coordinates'
12-14 00:43:35.604 I/InstrumentationBackend( 4093): Added:'ResumeApplication', with key:'resume_application'
12-14 00:43:35.604 I/InstrumentationBackend( 4093): Added:'Swipe', with key:'swipe'
12-14 00:43:35.605 I/InstrumentationBackend( 4093): Added:'DoubleTapCoordinate', with key:'double_tap_coordinate'
12-14 00:43:35.605 I/InstrumentationBackend( 4093): Added:'ClickOnScreen', with key:'click_on_screen'
12-14 00:43:35.606 I/InstrumentationBackend( 4093): Added:'GetActivityName', with key:'get_activity_name'
12-14 00:43:35.606 I/InstrumentationBackend( 4093): Added:'ScrollToView', with key:'scroll_to_view'
12-14 00:43:35.607 I/InstrumentationBackend( 4093): Added:'ViewConfiguration', with key:'view_configuration'
12-14 00:43:35.607 I/InstrumentationBackend( 4093): Added:'IsCurrentActivityFocused', with key:'is_current_activity_focused'
12-14 00:43:35.607 I/InstrumentationBackend( 4093): Added:'SendTcp', with key:'send_tcp'
12-14 00:43:35.608 I/InstrumentationBackend( 4093): Added:'DpToDevicePixel', with key:'dp_to_device_pixel'
12-14 00:43:35.609 I/InstrumentationBackend( 4093): Added:'KeyboardEnterText', with key:'keyboard_enter_text'
12-14 00:43:35.610 I/InstrumentationBackend( 4093): Added:'DeleteSurroundingText', with key:'delete_surrounding_text'
12-14 00:43:35.610 I/InstrumentationBackend( 4093): Added:'SetComposingRegion', with key:'set_composing_region'
12-14 00:43:35.610 I/InstrumentationBackend( 4093): Added:'SetSelection', with key:'set_selection'
12-14 00:43:35.611 I/InstrumentationBackend( 4093): Added:'KeyboardKeyEvent', with key:'keyboard_key_event'
12-14 00:43:35.611 I/InstrumentationBackend( 4093): Added:'PressUserActionButton', with key:'press_user_action_button'
12-14 00:43:35.613 E/adbd    ( 1383): failed to connect to socket 'tcp:7102': Connection refused
12-14 00:43:35.614 I/InstrumentationBackend( 4093): Added:'HideSoftKeyboard', with key:'hide_soft_keyboard'
12-14 00:43:35.616 E/adbd    ( 1383): failed to connect to socket 'tcp:7102': Connection refused
12-14 00:43:35.617 I/InstrumentationBackend( 4093): Added:'ListActions', with key:'list_actions'
12-14 00:43:35.617 I/calabash( 4093): Instantiating http server at 7102
12-14 00:43:35.618 I/System.out( 4093): HTTP Daemon listening on: 7102
12-14 00:43:35.727 I/System.out( 4093): URI: //ping
12-14 00:43:35.727 I/System.out( 4093): params: {json={}
12-14 00:43:35.727 I/System.out( 4093): }
12-14 00:43:35.739 I/System.out( 4093): URI: //ping
12-14 00:43:35.740 I/System.out( 4093): params: {json={}
12-14 00:43:35.740 I/System.out( 4093): }
12-14 00:43:35.747 I/System.out( 4093): URI: //ready
12-14 00:43:35.747 I/System.out( 4093): params: {json={}
12-14 00:43:35.747 I/System.out( 4093): }
12-14 00:43:35.755 I/System.out( 4093): URI: //
12-14 00:43:35.755 I/System.out( 4093): params: {json={"command":"version","arguments":[]}
12-14 00:43:35.755 I/System.out( 4093): }
12-14 00:43:35.755 I/System.out( 4093): header: {content-type=application/json;charset=utf-8, date=Mon, 14 Dec 2020 05:43:36 GMT, accept=*/*, host=127.0.0.1:34777, content-length=36, user-agent=HTTPClient/1.0 (2.8.3, ruby 2.5.8 (2020-03-31))}
12-14 00:43:35.755 I/System.out( 4093): params: {json={"command":"version","arguments":[]}
12-14 00:43:35.755 I/System.out( 4093): }
12-14 00:43:35.755 I/System.out( 4093): ProP json = {"command":"version","arguments":[]}
12-14 00:43:35.755 I/System.out( 4093): files: {}
12-14 00:43:35.756 I/System.out( 4093): command: {"command":"version","arguments":[]}
12-14 00:43:35.783 I/InstrumentationBackend( 4093): Got command:'Command:'Line:null,version', arguments:'[]'
12-14 00:43:35.817 I/System.out( 4093): result:{"bonusInformation":[],"message":"0.9.8","success":true}
12-14 00:43:35.824 I/System.out( 4093): URI: //start-application
12-14 00:43:35.824 I/System.out( 4093): params: {json={"intent":null}
12-14 00:43:35.824 I/System.out( 4093): }
12-14 00:43:35.884 I/calabash( 4093): newActivity1
12-14 00:43:35.893 D/gralloc_ranchu( 1396): gralloc_alloc: Creating ashmem region of size 7753728
12-14 00:43:35.931 I/calabash( 4093): newActivity1
12-14 00:43:35.977 D/EGL_emulation( 2146): eglMakeCurrent: 0xa44fd7a0: ver 3 0 (tinfo 0xa44fffb0)
12-14 00:43:35.983 D/EGL_emulation( 2171): eglMakeCurrent: 0xa6a84540: ver 3 0 (tinfo 0xa6a83760)
12-14 00:43:35.986 V/StatusBar( 1734): setLightsOn(true)
12-14 00:43:36.003 D/EGL_emulation( 1734): eglMakeCurrent: 0x9315e520: ver 3 0 (tinfo 0x93111c00)
12-14 00:43:36.017 E/ContentStoreEUAS( 2171): Failed to commit the deferred actions
12-14 00:43:36.018 D/EGL_emulation( 1734): eglMakeCurrent: 0x9315e520: ver 3 0 (tinfo 0x93111c00)
12-14 00:43:36.021 D/EGL_emulation( 1734): eglMakeCurrent: 0x9315e520: ver 3 0 (tinfo 0x93111c00)
12-14 00:43:36.022 V/StatusBar( 1734): setLightsOn(true)
12-14 00:43:36.033 D/EGL_emulation( 1734): eglMakeCurrent: 0x9315e520: ver 3 0 (tinfo 0x93111c00)
12-14 00:43:36.190 I/chatty  ( 1734): uid=10028(u0_a28) RenderThread identical 20 lines
12-14 00:43:36.201 D/EGL_emulation( 1734): eglMakeCurrent: 0x9315e520: ver 3 0 (tinfo 0x93111c00)
12-14 00:43:36.202 V/StatusBar( 1734): setLightsOn(true)
12-14 00:43:36.207 D/EGL_emulation( 1734): eglMakeCurrent: 0x9315e520: ver 3 0 (tinfo 0x93111c00)
12-14 00:43:36.244 I/zygote  ( 4093): Do partial code cache collection, code=28KB, data=30KB
12-14 00:43:36.244 I/zygote  ( 4093): After code cache collection, code=28KB, data=30KB
12-14 00:43:36.244 I/zygote  ( 4093): Increasing code cache capacity to 128KB
12-14 00:43:36.245 I/zygote  ( 4093): Do partial code cache collection, code=28KB, data=48KB
12-14 00:43:36.247 I/zygote  ( 4093): After code cache collection, code=28KB, data=48KB
12-14 00:43:36.247 I/zygote  ( 4093): Increasing code cache capacity to 256KB
12-14 00:43:36.248 I/zygote  ( 4093): JIT allocated 71KB for compiled code of void android.widget.TextView.<init>(android.content.Context, android.util.AttributeSet, int, int)
12-14 00:43:36.248 I/zygote  ( 4093): Compiler allocated 4MB to compile void android.widget.TextView.<init>(android.content.Context, android.util.AttributeSet, int, int)
12-14 00:43:36.263 V/StatusBar( 1734): setLightsOn(true)
12-14 00:43:36.267 I/chatty  ( 1734): uid=10028(u0_a28) com.android.systemui identical 1 line
12-14 00:43:36.268 V/StatusBar( 1734): setLightsOn(true)
12-14 00:43:36.296 D/gralloc_ranchu( 1396): gralloc_alloc: Creating ashmem region of size 7753728
12-14 00:43:36.328 D/        ( 4093): HostConnection::get() New Host Connection established 0xa412fbc0, tid 4093
12-14 00:43:36.376 V/StatusBar( 1734): setLightsOn(true)
12-14 00:43:36.380 V/StatusBar( 1734): setLightsOn(true)
12-14 00:43:36.380 I/ActivityManager( 1629): Displayed com.evancharlton.mileage/.Mileage: +500ms
12-14 00:43:36.418 D/gralloc_ranchu( 1396): gralloc_alloc: Creating ashmem region of size 7753728
12-14 00:43:36.421 V/StatusBar( 1734): setLightsOn(true)
12-14 00:43:36.574 I/zygote  ( 4093): Do full code cache collection, code=125KB, data=72KB
12-14 00:43:36.576 V/StatusBar( 1734): setLightsOn(true)
12-14 00:43:36.577 I/zygote  ( 4093): After code cache collection, code=109KB, data=45KB
12-14 00:43:36.712 V/StatusBar( 1734): setLightsOn(true)
12-14 00:43:36.715 I/chatty  ( 1734): uid=10028(u0_a28) com.android.systemui identical 1 line
12-14 00:43:36.730 V/StatusBar( 1734): setLightsOn(true)
12-14 00:43:36.739 W/SurfaceFlinger( 1406): couldn't log to binary event log: overflow.
12-14 00:43:36.764 I/System.out( 4093): URI: //kill
12-14 00:43:36.764 I/System.out( 4093): params: {json={}
12-14 00:43:36.764 I/System.out( 4093): }
12-14 00:43:36.764 I/System.out( 4093): Stopping test server
12-14 00:43:36.770 E/adbd    ( 1383): failed to connect to socket 'tcp:7102': Connection refused
12-14 00:43:36.772 E/adbd    ( 1383): failed to connect to socket 'tcp:7102': Connection refused
12-14 00:43:36.827 I/PBSessionCacheImpl( 2171): Deleted sessionId[5238759477966] from persistence.
12-14 00:43:36.847 V/StatusBar( 1734): setLightsOn(true)
12-14 00:43:36.865 I/chatty  ( 1734): uid=10028(u0_a28) com.android.systemui identical 2 lines
12-14 00:43:36.867 V/StatusBar( 1734): setLightsOn(true)
12-14 00:43:36.893 D/gralloc_ranchu( 1396): gralloc_alloc: Creating ashmem region of size 8298496
12-14 00:43:36.896 W/SearchService( 2171): Abort, client detached.
12-14 00:43:36.912 D/EGL_emulation( 1734): eglMakeCurrent: 0x9315e520: ver 3 0 (tinfo 0x93111c00)
12-14 00:43:36.913 D/gralloc_ranchu( 1396): gralloc_alloc: Creating ashmem region of size 8298496
12-14 00:43:36.939 D/gralloc_ranchu( 1396): gralloc_alloc: Creating ashmem region of size 8298496
12-14 00:43:36.950 D/SurfaceFlinger( 1406): duplicate layer name: changing com.google.android.apps.nexuslauncher/com.google.android.apps.nexuslauncher.NexusLauncherActivity to com.google.android.apps.nexuslauncher/com.google.android.apps.nexuslauncher.NexusLauncherActivity#1
12-14 00:43:36.968 D/gralloc_ranchu( 1396): gralloc_alloc: Creating ashmem region of size 8298496
12-14 00:43:36.984 D/EGL_emulation( 2146): eglMakeCurrent: 0xa44fd7a0: ver 3 0 (tinfo 0xa44fffb0)
12-14 00:43:36.996 D/gralloc_ranchu( 1396): gralloc_alloc: Creating ashmem region of size 8298496
12-14 00:43:37.062 D/gralloc_ranchu( 1396): gralloc_alloc: Creating ashmem region of size 8298496
12-14 00:43:37.165 D/EGL_emulation( 2171): eglMakeCurrent: 0xa6a84540: ver 3 0 (tinfo 0xa6a83760)
12-14 00:43:37.184 I/zygote  ( 2171): Deoptimizing void com.google.android.apps.gsa.search.core.service.worker.a.a.a(com.google.android.apps.gsa.search.core.state.qc) due to JIT inline cache
12-14 00:43:37.184 D/gralloc_ranchu( 1396): gralloc_alloc: Creating ashmem region of size 7753728
12-14 00:43:37.195 E/GmsClient( 2171): unable to connect to service: com.google.android.gms.speech.service.START on com.google.android.gms
12-14 00:43:37.197 W/SessionLifecycleManager( 2171): Handover failed. Creating new session controller.
12-14 00:43:37.218 I/OptInState( 2171): There is a new client and it does not support opt-in. Dropping request.
12-14 00:43:37.226 D/EGL_emulation( 1734): eglMakeCurrent: 0x9315e520: ver 3 0 (tinfo 0x93111c00)
12-14 00:43:37.251 I/chatty  ( 1734): uid=10028(u0_a28) RenderThread identical 1 line
12-14 00:43:37.258 D/EGL_emulation( 1734): eglMakeCurrent: 0x9315e520: ver 3 0 (tinfo 0x93111c00)
12-14 00:43:37.258 I/MicroDetectionWorker( 2171): #updateMicroDetector [detectionMode: [mDetectionMode: [1]]]
12-14 00:43:37.258 I/MicroDetectionWorker( 2171): #startMicroDetector [speakerMode: 0]
12-14 00:43:37.259 I/AudioController( 2171): Using mInputStreamFactoryBuilder
12-14 00:43:37.271 D/EGL_emulation( 1734): eglMakeCurrent: 0x9315e520: ver 3 0 (tinfo 0x93111c00)
12-14 00:43:37.271 I/MicroDetectionWorker( 2171): onReady
12-14 00:43:37.275 I/MicroRecognitionRunner( 2171): Starting detection.
12-14 00:43:37.275 D/EGL_emulation( 1734): eglMakeCurrent: 0x9315e520: ver 3 0 (tinfo 0x93111c00)
12-14 00:43:37.287 D/EGL_emulation( 1734): eglMakeCurrent: 0x9315e520: ver 3 0 (tinfo 0x93111c00)
12-14 00:43:37.291 I/MicrophoneInputStream( 2171): mic_starting com.google.android.apps.gsa.staticplugins.aa.c@792485c
12-14 00:43:37.297 I/AudioFlinger( 1476): AudioFlinger's thread 0xb1783040 tid=4143 ready to run
12-14 00:43:37.300 D/EGL_emulation( 1734): eglMakeCurrent: 0x9315e520: ver 3 0 (tinfo 0x93111c00)
12-14 00:43:37.302 I/MicrophoneInputStream( 2171): mic_started com.google.android.apps.gsa.staticplugins.aa.c@792485c
12-14 00:43:37.304 I/MicroDetectionWorker( 2171): onReady
12-14 00:43:37.304 D/EGL_emulation( 1734): eglMakeCurrent: 0x9315e520: ver 3 0 (tinfo 0x93111c00)
12-14 00:43:37.305 W/SpeechLevelGenerator( 2171): Really low audio levels detected. The audio input may have issues.
12-14 00:43:37.316 D/EGL_emulation( 1734): eglMakeCurrent: 0x9315e520: ver 3 0 (tinfo 0x93111c00)
12-14 00:43:37.317 I/MicrophoneInputStream( 2171): mic_close com.google.android.apps.gsa.staticplugins.aa.c@792485c
12-14 00:43:37.320 I/MicroRecognitionRunner( 2171): Detection finished
12-14 00:43:37.320 D/EGL_emulation( 1734): eglMakeCurrent: 0x9315e520: ver 3 0 (tinfo 0x93111c00)
12-14 00:43:37.320 W/ErrorReporter( 2171): reportError [type: 211, code: 524300]: Error reading from input stream
12-14 00:43:37.320 I/MicroRecognitionRunner( 2171): Stopping hotword detection.
12-14 00:43:37.321 W/ErrorProcessor( 2171): onFatalError, processing error from engine(4)
12-14 00:43:37.321 W/ErrorProcessor( 2171): com.google.android.apps.gsa.shared.speech.b.g: Error reading from input stream
12-14 00:43:37.321 W/ErrorProcessor( 2171): 	at com.google.android.apps.gsa.staticplugins.recognizer.j.a.a(SourceFile:28)
12-14 00:43:37.321 W/ErrorProcessor( 2171): 	at com.google.android.apps.gsa.staticplugins.recognizer.j.b.run(SourceFile:15)
12-14 00:43:37.321 W/ErrorProcessor( 2171): 	at java.util.concurrent.Executors$RunnableAdapter.call(Executors.java:457)
12-14 00:43:37.321 W/ErrorProcessor( 2171): 	at java.util.concurrent.FutureTask.run(FutureTask.java:266)
12-14 00:43:37.321 W/ErrorProcessor( 2171): 	at com.google.android.apps.gsa.shared.util.concurrent.a.ax.run(SourceFile:14)
12-14 00:43:37.321 W/ErrorProcessor( 2171): 	at com.google.android.apps.gsa.shared.util.concurrent.a.bl.run(SourceFile:4)
12-14 00:43:37.321 W/ErrorProcessor( 2171): 	at com.google.android.apps.gsa.shared.util.concurrent.a.bl.run(SourceFile:4)
12-14 00:43:37.321 W/ErrorProcessor( 2171): 	at java.util.concurrent.ThreadPoolExecutor.runWorker(ThreadPoolExecutor.java:1162)
12-14 00:43:37.321 W/ErrorProcessor( 2171): 	at java.util.concurrent.ThreadPoolExecutor$Worker.run(ThreadPoolExecutor.java:636)
12-14 00:43:37.321 W/ErrorProcessor( 2171): 	at java.lang.Thread.run(Thread.java:764)
12-14 00:43:37.321 W/ErrorProcessor( 2171): 	at com.google.android.apps.gsa.shared.util.concurrent.a.ai.run(SourceFile:6)
12-14 00:43:37.321 W/ErrorProcessor( 2171): Caused by: com.google.android.apps.gsa.shared.exception.GsaIOException: Error code: 393238 | Buffer overflow, no available space.
12-14 00:43:37.321 W/ErrorProcessor( 2171): 	at com.google.android.apps.gsa.speech.audio.Tee.f(SourceFile:103)
12-14 00:43:37.321 W/ErrorProcessor( 2171): 	at com.google.android.apps.gsa.speech.audio.au.read(SourceFile:2)
12-14 00:43:37.321 W/ErrorProcessor( 2171): 	at java.io.InputStream.read(InputStream.java:101)
12-14 00:43:37.321 W/ErrorProcessor( 2171): 	at com.google.android.apps.gsa.speech.audio.ao.run(SourceFile:18)
12-14 00:43:37.321 W/ErrorProcessor( 2171): 	at com.google.android.apps.gsa.speech.audio.an.run(SourceFile:2)
12-14 00:43:37.321 W/ErrorProcessor( 2171): 	... 9 more
12-14 00:43:37.321 I/AudioController( 2171): internalShutdown
12-14 00:43:37.324 I/MicroDetector( 2171): Keeping mic open: false
12-14 00:43:37.324 I/DeviceStateChecker( 2171): DeviceStateChecker cancelled
12-14 00:43:37.324 I/MicroDetectionWorker( 2171): #onError(false)
12-14 00:43:37.333 D/EGL_emulation( 1734): eglMakeCurrent: 0x9315e520: ver 3 0 (tinfo 0x93111c00)
12-14 00:43:37.335 I/zygote  ( 1734): NativeAllocBackground concurrent copying GC freed 1678(176KB) AllocSpace objects, 0(0B) LOS objects, 49% free, 4MB/9MB, paused 2.510ms total 103.822ms
12-14 00:43:37.337 D/EGL_emulation( 1734): eglMakeCurrent: 0x9315e520: ver 3 0 (tinfo 0x93111c00)
12-14 00:43:37.416 I/chatty  ( 1734): uid=10028(u0_a28) RenderThread identical 10 lines
12-14 00:43:37.424 D/EGL_emulation( 1734): eglMakeCurrent: 0x9315e520: ver 3 0 (tinfo 0x93111c00)
12-14 00:43:37.433 D/BoundBrokerSvc( 1940): onUnbind: Intent { act=com.google.android.gms.clearcut.service.START cmp=com.google.android.gms/.chimera.PersistentDirectBootAwareApiService }
12-14 00:43:37.434 D/EGL_emulation( 1734): eglMakeCurrent: 0x9315e520: ver 3 0 (tinfo 0x93111c00)
12-14 00:43:37.456 D/EGL_emulation( 1734): eglMakeCurrent: 0x9315e520: ver 3 0 (tinfo 0x93111c00)
12-14 00:43:37.460 W/OpenGLRenderer( 2146): Incorrectly called buildLayer on View: ShortcutAndWidgetContainer, destroying layer...
12-14 00:43:37.693 I/OpenGLRenderer( 1629): Initialized EGL, version 1.4
12-14 00:43:37.693 D/OpenGLRenderer( 1629): Swap behavior 1
12-14 00:43:37.693 W/OpenGLRenderer( 1629): Failed to choose config with EGL_SWAP_BEHAVIOR_PRESERVED, retrying without...
12-14 00:43:37.693 D/OpenGLRenderer( 1629): Swap behavior 0
12-14 00:43:37.705 D/EGL_emulation( 1629): eglCreateContext: 0xa6a85560: maj 3 min 0 rcv 3
12-14 00:43:37.709 D/EGL_emulation( 1629): eglMakeCurrent: 0xa6a85560: ver 3 0 (tinfo 0x94c08f50)
12-14 00:43:37.711 E/eglCodecCommon( 1629): glUtilsParamSize: unknow param 0x00008cdf
12-14 00:43:37.711 E/eglCodecCommon( 1629): glUtilsParamSize: unknow param 0x00008cdf
12-14 00:43:37.712 E/eglCodecCommon( 1629): glUtilsParamSize: unknow param 0x00008824
12-14 00:43:37.712 E/eglCodecCommon( 1629): glUtilsParamSize: unknow param 0x00008824
12-14 00:43:38.338 E/memtrack( 1629): Couldn't load memtrack module
12-14 00:43:38.338 W/android.os.Debug( 1629): failed to get memory consumption info: -1
12-14 00:43:38.350 E/memtrack( 1629): Couldn't load memtrack module
12-14 00:43:38.350 W/android.os.Debug( 1629): failed to get memory consumption info: -1
--------- beginning of system
12-14 00:43:39.887 E/TaskPersister( 1629): File error accessing recents directory (directory doesn't exist?).
12-14 00:43:40.067 D/AndroidRuntime( 4147): >>>>>> START com.android.internal.os.RuntimeInit uid 2000 <<<<<<
12-14 00:43:40.099 W/app_process( 4147): Unexpected CPU variant for X86 using defaults: x86
12-14 00:43:40.115 D/AndroidRuntime( 4147): Calling main entry com.android.commands.am.Am
12-14 00:43:40.119 I/ActivityManager( 1629): Force stopping com.evancharlton.mileage appid=10242 user=0: start instr
12-14 00:43:40.119 I/ActivityManager( 1629): Killing 4093:com.evancharlton.mileage/u0a242 (adj 0): stop com.evancharlton.mileage
12-14 00:43:40.119 W/ActivityManager( 1629): Crash of app com.evancharlton.mileage running instrumentation ComponentInfo{com.evancharlton.mileage.test/sh.calaba.instrumentationbackend.CalabashInstrumentationTestRunner}
12-14 00:43:40.119 I/ActivityManager( 1629): Force stopping com.evancharlton.mileage appid=10242 user=0: finished inst
12-14 00:43:40.132 I/zygote  ( 4157): Not late-enabling -Xcheck:jni (already on)
12-14 00:43:40.135 I/ActivityManager( 1629): Start proc 4157:com.evancharlton.mileage/u0a242 for added application com.evancharlton.mileage
12-14 00:43:40.135 E/memtrack( 1629): Couldn't load memtrack module
12-14 00:43:40.135 W/android.os.Debug( 1629): failed to get memory consumption info: -1
12-14 00:43:40.136 D/AndroidRuntime( 4147): Shutting down VM
12-14 00:43:40.146 W/zygote  ( 4157): Unexpected CPU variant for X86 using defaults: x86
12-14 00:43:40.157 W/ActivityManager( 1629): setHasOverlayUi called on unknown pid: 4093
12-14 00:43:40.165 E/adbd    ( 1383): failed to connect to socket 'tcp:7102': Connection refused
12-14 00:43:40.167 E/adbd    ( 1383): failed to connect to socket 'tcp:7102': Connection refused
12-14 00:43:40.175 W/zygote  ( 4157): Found duplicate classes, falling back to extracting from APK : /data/app/com.evancharlton.mileage.test-aIkMJgqcDcZHKHFr_jbqXA==/base.apk
12-14 00:43:40.175 W/zygote  ( 4157): NOTE: This wastes RAM and hurts startup performance.
12-14 00:43:40.175 W/zygote  ( 4157): Found duplicated class when checking oat files: 'Ljunit/runner/BaseTestRunner;' in /data/app/com.evancharlton.mileage.test-aIkMJgqcDcZHKHFr_jbqXA==/base.apk and /system/framework/android.test.runner.jar
12-14 00:43:40.175 W/zygote  ( 4157): 
12-14 00:43:40.203 W/System  ( 4157): ClassLoader referenced unknown path: 
12-14 00:43:40.215 I/System.out( 4157): Main activity name automatically set to: com.evancharlton.mileage.Mileage
12-14 00:43:40.216 I/System.out( 4157): Calabash did not load Mono. This is only a problem if you are trying to test a Mono application
12-14 00:43:40.216 I/calabash( 4157): Test server port: 7102
12-14 00:43:40.218 I/InstrumentationBackend( 4157): Added:'GetPreferences', with key:'get_preferences'
12-14 00:43:40.272 E/adbd    ( 1383): failed to connect to socket 'tcp:7102': Connection refused
12-14 00:43:40.277 I/InstrumentationBackend( 4157): Added:'SetPreferences', with key:'set_preferences'
12-14 00:43:40.278 I/InstrumentationBackend( 4157): Added:'ClearPreferences', with key:'clear_preferences'
12-14 00:43:40.279 E/adbd    ( 1383): failed to connect to socket 'tcp:7102': Connection refused
12-14 00:43:40.279 I/InstrumentationBackend( 4157): Added:'PressElement', with key:'press_l10n_element'
12-14 00:43:40.279 I/InstrumentationBackend( 4157): Added:'WaitForElement', with key:'wait_for_l10n_element'
12-14 00:43:40.280 I/InstrumentationBackend( 4157): Added:'NullAction', with key:'nullAction'
12-14 00:43:40.281 I/InstrumentationBackend( 4157): Added:'PressKey', with key:'press_key'
12-14 00:43:40.281 I/InstrumentationBackend( 4157): Added:'SetActivityOrientation', with key:'set_activity_orientation'
12-14 00:43:40.281 I/InstrumentationBackend( 4157): Added:'GetActivityOrientation', with key:'get_activity_orientation'
12-14 00:43:40.282 I/InstrumentationBackend( 4157): Added:'FakeGPSLocation', with key:'set_gps_coordinates'
12-14 00:43:40.282 I/InstrumentationBackend( 4157): Added:'SetPropertyByCssSelector', with key:'set_property_by_css_selector'
12-14 00:43:40.283 I/InstrumentationBackend( 4157): Added:'GetUrl', with key:'get_url'
12-14 00:43:40.285 I/InstrumentationBackend( 4157): Added:'ScrollTo', with key:'scroll_to'
12-14 00:43:40.285 I/InstrumentationBackend( 4157): Added:'GetLoadProgress', with key:'get_load_progress'
12-14 00:43:40.286 I/InstrumentationBackend( 4157): Added:'DumpHtml', with key:'dump_html'
12-14 00:43:40.286 I/InstrumentationBackend( 4157): Added:'DumpBodyHtml', with key:'dump_body_html'
12-14 00:43:40.286 I/InstrumentationBackend( 4157): Added:'EnterTextByCssSelector', with key:'enter_text_by_selector'
12-14 00:43:40.290 I/InstrumentationBackend( 4157): Added:'AndroidSDKVersion', with key:'android_sdk_version'
12-14 00:43:40.290 I/InstrumentationBackend( 4157): Added:'Version', with key:'version'
12-14 00:43:40.290 I/InstrumentationBackend( 4157): Added:'Drag', with key:'drag'
12-14 00:43:40.291 I/InstrumentationBackend( 4157): Added:'TouchCoordinates', with key:'touch_coordinate'
12-14 00:43:40.291 I/InstrumentationBackend( 4157): Added:'LongPressCoordinate', with key:'long_press_coordinate'
12-14 00:43:40.291 I/InstrumentationBackend( 4157): Added:'DragCoordinates', with key:'drag_coordinates'
12-14 00:43:40.292 I/InstrumentationBackend( 4157): Added:'ResumeApplication', with key:'resume_application'
12-14 00:43:40.292 I/InstrumentationBackend( 4157): Added:'Swipe', with key:'swipe'
12-14 00:43:40.292 I/InstrumentationBackend( 4157): Added:'DoubleTapCoordinate', with key:'double_tap_coordinate'
12-14 00:43:40.292 I/InstrumentationBackend( 4157): Added:'ClickOnScreen', with key:'click_on_screen'
12-14 00:43:40.293 I/InstrumentationBackend( 4157): Added:'GetActivityName', with key:'get_activity_name'
12-14 00:43:40.294 I/InstrumentationBackend( 4157): Added:'ScrollToView', with key:'scroll_to_view'
12-14 00:43:40.294 I/InstrumentationBackend( 4157): Added:'ViewConfiguration', with key:'view_configuration'
12-14 00:43:40.294 I/InstrumentationBackend( 4157): Added:'IsCurrentActivityFocused', with key:'is_current_activity_focused'
12-14 00:43:40.295 I/InstrumentationBackend( 4157): Added:'SendTcp', with key:'send_tcp'
12-14 00:43:40.296 I/InstrumentationBackend( 4157): Added:'DpToDevicePixel', with key:'dp_to_device_pixel'
12-14 00:43:40.297 I/InstrumentationBackend( 4157): Added:'KeyboardEnterText', with key:'keyboard_enter_text'
12-14 00:43:40.297 I/InstrumentationBackend( 4157): Added:'DeleteSurroundingText', with key:'delete_surrounding_text'
12-14 00:43:40.298 I/InstrumentationBackend( 4157): Added:'SetComposingRegion', with key:'set_composing_region'
12-14 00:43:40.298 I/InstrumentationBackend( 4157): Added:'SetSelection', with key:'set_selection'
12-14 00:43:40.298 I/InstrumentationBackend( 4157): Added:'KeyboardKeyEvent', with key:'keyboard_key_event'
12-14 00:43:40.299 I/InstrumentationBackend( 4157): Added:'PressUserActionButton', with key:'press_user_action_button'
12-14 00:43:40.300 I/InstrumentationBackend( 4157): Added:'HideSoftKeyboard', with key:'hide_soft_keyboard'
12-14 00:43:40.301 I/InstrumentationBackend( 4157): Added:'ListActions', with key:'list_actions'
12-14 00:43:40.301 I/calabash( 4157): Instantiating http server at 7102
12-14 00:43:40.301 I/System.out( 4157): HTTP Daemon listening on: 7102
12-14 00:43:40.395 I/System.out( 4157): URI: //ping
12-14 00:43:40.396 I/System.out( 4157): params: {json={}
12-14 00:43:40.396 I/System.out( 4157): }
12-14 00:43:40.408 I/System.out( 4157): URI: //ping
12-14 00:43:40.409 I/System.out( 4157): params: {json={}
12-14 00:43:40.409 I/System.out( 4157): }
12-14 00:43:40.416 I/System.out( 4157): URI: //ready
12-14 00:43:40.416 I/System.out( 4157): params: {json={}
12-14 00:43:40.416 I/System.out( 4157): }
12-14 00:43:40.422 I/System.out( 4157): URI: //
12-14 00:43:40.422 I/System.out( 4157): params: {json={"command":"version","arguments":[]}
12-14 00:43:40.422 I/System.out( 4157): }
12-14 00:43:40.422 I/System.out( 4157): header: {content-type=application/json;charset=utf-8, date=Mon, 14 Dec 2020 05:43:40 GMT, accept=*/*, host=127.0.0.1:34777, content-length=36, user-agent=HTTPClient/1.0 (2.8.3, ruby 2.5.8 (2020-03-31))}
12-14 00:43:40.422 I/System.out( 4157): params: {json={"command":"version","arguments":[]}
12-14 00:43:40.422 I/System.out( 4157): }
12-14 00:43:40.422 I/System.out( 4157): ProP json = {"command":"version","arguments":[]}
12-14 00:43:40.422 I/System.out( 4157): files: {}
12-14 00:43:40.422 I/System.out( 4157): command: {"command":"version","arguments":[]}
12-14 00:43:40.450 I/InstrumentationBackend( 4157): Got command:'Command:'Line:null,version', arguments:'[]'
12-14 00:43:40.488 I/System.out( 4157): result:{"bonusInformation":[],"message":"0.9.8","success":true}
12-14 00:43:40.494 I/System.out( 4157): URI: //start-application
12-14 00:43:40.494 I/System.out( 4157): params: {json={"intent":null}
12-14 00:43:40.494 I/System.out( 4157): }
12-14 00:43:40.530 I/ActivityManager( 1629): START u0 {act=android.intent.action.MAIN cat=[android.intent.category.LAUNCHER] flg=0x10200000 cmp=com.evancharlton.mileage/.Mileage} from uid 10242
12-14 00:43:40.543 I/calabash( 4157): newActivity1
12-14 00:43:40.565 D/gralloc_ranchu( 1396): gralloc_alloc: Creating ashmem region of size 7753728
12-14 00:43:40.576 W/ActivityManager( 1629): Bad activity token: android.os.BinderProxy@2064f92
12-14 00:43:40.576 W/ActivityManager( 1629): java.lang.ClassCastException: android.os.BinderProxy cannot be cast to com.android.server.am.ActivityRecord$Token
12-14 00:43:40.576 W/ActivityManager( 1629): 	at com.android.server.am.ActivityRecord.forTokenLocked(ActivityRecord.java:778)
12-14 00:43:40.576 W/ActivityManager( 1629): 	at com.android.server.am.ActivityRecord.isInStackLocked(ActivityRecord.java:2085)
12-14 00:43:40.576 W/ActivityManager( 1629): 	at com.android.server.am.ActivityRecord.getStackLocked(ActivityRecord.java:2090)
12-14 00:43:40.576 W/ActivityManager( 1629): 	at com.android.server.am.ActivityManagerService.getActivityDisplayId(ActivityManagerService.java:10406)
12-14 00:43:40.576 W/ActivityManager( 1629): 	at android.app.IActivityManager$Stub.onTransact(IActivityManager.java:2738)
12-14 00:43:40.576 W/ActivityManager( 1629): 	at com.android.server.am.ActivityManagerService.onTransact(ActivityManagerService.java:2935)
12-14 00:43:40.576 W/ActivityManager( 1629): 	at android.os.Binder.execTransact(Binder.java:674)
12-14 00:43:40.577 I/calabash( 4157): newActivity1
12-14 00:43:40.583 W/ActivityManager( 1629): Bad activity token: android.os.BinderProxy@2064f92
12-14 00:43:40.583 W/ActivityManager( 1629): java.lang.ClassCastException: android.os.BinderProxy cannot be cast to com.android.server.am.ActivityRecord$Token
12-14 00:43:40.583 W/ActivityManager( 1629): 	at com.android.server.am.ActivityRecord.forTokenLocked(ActivityRecord.java:778)
12-14 00:43:40.583 W/ActivityManager( 1629): 	at com.android.server.am.ActivityRecord.isInStackLocked(ActivityRecord.java:2085)
12-14 00:43:40.583 W/ActivityManager( 1629): 	at com.android.server.am.ActivityManagerService.setTaskDescription(ActivityManagerService.java:9988)
12-14 00:43:40.583 W/ActivityManager( 1629): 	at android.app.IActivityManager$Stub.onTransact(IActivityManager.java:2824)
12-14 00:43:40.583 W/ActivityManager( 1629): 	at com.android.server.am.ActivityManagerService.onTransact(ActivityManagerService.java:2935)
12-14 00:43:40.583 W/ActivityManager( 1629): 	at android.os.Binder.execTransact(Binder.java:674)
12-14 00:43:40.584 W/ActivityManager( 1629): Bad activity token: android.os.BinderProxy@2064f92
12-14 00:43:40.584 W/ActivityManager( 1629): java.lang.ClassCastException: android.os.BinderProxy cannot be cast to com.android.server.am.ActivityRecord$Token
12-14 00:43:40.584 W/ActivityManager( 1629): 	at com.android.server.am.ActivityRecord.forTokenLocked(ActivityRecord.java:778)
12-14 00:43:40.584 W/ActivityManager( 1629): 	at com.android.server.am.ActivityRecord.isInStackLocked(ActivityRecord.java:2085)
12-14 00:43:40.584 W/ActivityManager( 1629): 	at com.android.server.am.ActivityRecord.getStackLocked(ActivityRecord.java:2090)
12-14 00:43:40.584 W/ActivityManager( 1629): 	at com.android.server.am.ActivityManagerService.getActivityStackId(ActivityManagerService.java:10417)
12-14 00:43:40.584 W/ActivityManager( 1629): 	at android.app.IActivityManager$Stub.onTransact(IActivityManager.java:3548)
12-14 00:43:40.584 W/ActivityManager( 1629): 	at com.android.server.am.ActivityManagerService.onTransact(ActivityManagerService.java:2935)
12-14 00:43:40.584 W/ActivityManager( 1629): 	at android.os.Binder.execTransact(Binder.java:674)
12-14 00:43:40.617 V/StatusBar( 1734): setLightsOn(true)
12-14 00:43:40.624 D/EGL_emulation( 2171): eglMakeCurrent: 0xa6a84540: ver 3 0 (tinfo 0xa6a83760)
12-14 00:43:40.625 D/EGL_emulation( 2146): eglMakeCurrent: 0xa44fd7a0: ver 3 0 (tinfo 0xa44fffb0)
12-14 00:43:40.641 D/EGL_emulation( 1734): eglMakeCurrent: 0x9315e520: ver 3 0 (tinfo 0x93111c00)
12-14 00:43:40.651 D/EGL_emulation( 1734): eglMakeCurrent: 0x9315e520: ver 3 0 (tinfo 0x93111c00)
12-14 00:43:40.659 E/ContentStoreEUAS( 2171): Failed to commit the deferred actions
12-14 00:43:40.660 D/EGL_emulation( 1734): eglMakeCurrent: 0x9315e520: ver 3 0 (tinfo 0x93111c00)
12-14 00:43:40.661 V/StatusBar( 1734): setLightsOn(true)
12-14 00:43:40.679 D/EGL_emulation( 1734): eglMakeCurrent: 0x9315e520: ver 3 0 (tinfo 0x93111c00)
12-14 00:43:40.712 W/ActivityManager( 1629): Bad activity token: android.os.BinderProxy@2064f92
12-14 00:43:40.712 W/ActivityManager( 1629): java.lang.ClassCastException: android.os.BinderProxy cannot be cast to com.android.server.am.ActivityRecord$Token
12-14 00:43:40.712 W/ActivityManager( 1629): 	at com.android.server.am.ActivityRecord.forTokenLocked(ActivityRecord.java:778)
12-14 00:43:40.712 W/ActivityManager( 1629): 	at com.android.server.am.ActivityRecord.isInStackLocked(ActivityRecord.java:2085)
12-14 00:43:40.712 W/ActivityManager( 1629): 	at com.android.server.am.ActivityManagerService.getActivityOptions(ActivityManagerService.java:13302)
12-14 00:43:40.712 W/ActivityManager( 1629): 	at android.app.IActivityManager$Stub.onTransact(IActivityManager.java:2910)
12-14 00:43:40.712 W/ActivityManager( 1629): 	at com.android.server.am.ActivityManagerService.onTransact(ActivityManagerService.java:2935)
12-14 00:43:40.712 W/ActivityManager( 1629): 	at android.os.Binder.execTransact(Binder.java:674)
12-14 00:43:40.713 W/ActivityManager( 1629): Bad activity token: android.os.BinderProxy@2064f92
12-14 00:43:40.713 W/ActivityManager( 1629): java.lang.ClassCastException: android.os.BinderProxy cannot be cast to com.android.server.am.ActivityRecord$Token
12-14 00:43:40.713 W/ActivityManager( 1629): 	at com.android.server.am.ActivityRecord.forTokenLocked(ActivityRecord.java:778)
12-14 00:43:40.713 W/ActivityManager( 1629): 	at com.android.server.am.ActivityRecord.isInStackLocked(ActivityRecord.java:2085)
12-14 00:43:40.713 W/ActivityManager( 1629): 	at com.android.server.am.ActivityManagerService.getActivityOptions(ActivityManagerService.java:13302)
12-14 00:43:40.713 W/ActivityManager( 1629): 	at android.app.IActivityManager$Stub.onTransact(IActivityManager.java:2910)
12-14 00:43:40.713 W/ActivityManager( 1629): 	at com.android.server.am.ActivityManagerService.onTransact(ActivityManagerService.java:2935)
12-14 00:43:40.713 W/ActivityManager( 1629): 	at android.os.Binder.execTransact(Binder.java:674)
12-14 00:43:40.799 I/chatty  ( 1734): uid=10028(u0_a28) RenderThread identical 16 lines
12-14 00:43:40.805 D/EGL_emulation( 1734): eglMakeCurrent: 0x9315e520: ver 3 0 (tinfo 0x93111c00)
12-14 00:43:40.806 V/StatusBar( 1734): setLightsOn(true)
12-14 00:43:40.814 D/EGL_emulation( 1734): eglMakeCurrent: 0x9315e520: ver 3 0 (tinfo 0x93111c00)
12-14 00:43:40.823 I/chatty  ( 1734): uid=10028(u0_a28) RenderThread identical 1 line
12-14 00:43:40.840 D/EGL_emulation( 1734): eglMakeCurrent: 0x9315e520: ver 3 0 (tinfo 0x93111c00)
12-14 00:43:40.874 I/zygote  ( 4157): Do partial code cache collection, code=28KB, data=30KB
12-14 00:43:40.875 I/zygote  ( 4157): After code cache collection, code=28KB, data=30KB
12-14 00:43:40.875 I/zygote  ( 4157): Increasing code cache capacity to 128KB
12-14 00:43:40.876 I/zygote  ( 4157): Do partial code cache collection, code=28KB, data=48KB
12-14 00:43:40.877 I/zygote  ( 4157): After code cache collection, code=28KB, data=48KB
12-14 00:43:40.877 I/zygote  ( 4157): Increasing code cache capacity to 256KB
12-14 00:43:40.877 I/zygote  ( 4157): JIT allocated 71KB for compiled code of void android.widget.TextView.<init>(android.content.Context, android.util.AttributeSet, int, int)
12-14 00:43:40.877 I/zygote  ( 4157): Compiler allocated 4MB to compile void android.widget.TextView.<init>(android.content.Context, android.util.AttributeSet, int, int)
12-14 00:43:40.888 V/StatusBar( 1734): setLightsOn(true)
12-14 00:43:40.891 V/StatusBar( 1734): setLightsOn(true)
12-14 00:43:40.926 D/gralloc_ranchu( 1396): gralloc_alloc: Creating ashmem region of size 7753728
12-14 00:43:40.946 D/        ( 4157): HostConnection::get() New Host Connection established 0xa412fd40, tid 4157
12-14 00:43:40.992 V/StatusBar( 1734): setLightsOn(true)
12-14 00:43:40.994 V/StatusBar( 1734): setLightsOn(true)
12-14 00:43:40.995 I/ActivityManager( 1629): Displayed com.evancharlton.mileage/.Mileage: +458ms
12-14 00:43:41.003 V/StatusBar( 1734): setLightsOn(true)
12-14 00:43:41.022 D/gralloc_ranchu( 1396): gralloc_alloc: Creating ashmem region of size 7753728
12-14 00:43:41.024 V/StatusBar( 1734): setLightsOn(true)
12-14 00:43:41.089 V/StatusBar( 1734): setLightsOn(true)
12-14 00:43:41.176 I/zygote  ( 4157): Do full code cache collection, code=125KB, data=72KB
12-14 00:43:41.177 I/zygote  ( 4157): After code cache collection, code=109KB, data=45KB
12-14 00:43:41.191 V/StatusBar( 1734): setLightsOn(true)
