--------- beginning of main
12-13 23:02:27.226 E/adbd    ( 1383): failed to connect to socket 'tcp:7102': Connection refused
12-13 23:02:27.283 V/StatusBar( 1726): setLightsOn(true)
--------- beginning of system
12-13 23:02:27.296 W/ActivityManager( 1629): Finishing task with all activities already finished
12-13 23:02:27.296 W/ActivityManager( 1629): Duplicate finish request for ActivityRecord{b5ad85 u0 com.evancharlton.mileage/.Mileage t303 f}
12-13 23:02:27.296 W/ActivityManager( 1629): Finishing task with all activities already finished
12-13 23:02:27.297 W/ActivityManager( 1629): Duplicate finish request for ActivityRecord{b5ad85 u0 com.evancharlton.mileage/.Mileage t303 f}
12-13 23:02:27.297 W/ActivityManager( 1629): Finishing task with all activities already finished
12-13 23:02:27.297 W/ActivityManager( 1629): Duplicate finish request for ActivityRecord{b5ad85 u0 com.evancharlton.mileage/.Mileage t303 f}
12-13 23:02:27.312 I/chatty  ( 1726): uid=10028(u0_a28) com.android.systemui identical 3 lines
12-13 23:02:27.314 V/StatusBar( 1726): setLightsOn(true)
12-13 23:02:27.315 D/gralloc_ranchu( 1395): gralloc_alloc: Creating ashmem region of size 8298496
12-13 23:02:27.330 D/BoundBrokerSvc( 1938): onUnbind: Intent { act=com.google.android.gms.auth.proximity.START cmp=com.google.android.gms/.chimera.PersistentBoundBrokerService }
12-13 23:02:27.340 D/gralloc_ranchu( 1395): gralloc_alloc: Creating ashmem region of size 8298496
12-13 23:02:27.369 D/SurfaceFlinger( 1407): duplicate layer name: changing com.google.android.apps.nexuslauncher/com.google.android.apps.nexuslauncher.NexusLauncherActivity to com.google.android.apps.nexuslauncher/com.google.android.apps.nexuslauncher.NexusLauncherActivity#1
12-13 23:02:27.370 D/gralloc_ranchu( 1395): gralloc_alloc: Creating ashmem region of size 8298496
12-13 23:02:27.382 D/BoundBrokerSvc( 2235): onUnbind: Intent { act=com.google.android.gms.auth.cryptauth.cryptauthservice.START cmp=com.google.android.gms/.chimera.GmsBoundBrokerService }
12-13 23:02:27.391 D/gralloc_ranchu( 1395): gralloc_alloc: Creating ashmem region of size 8298496
12-13 23:02:27.404 D/EGL_emulation( 1726): eglMakeCurrent: 0x9a03b0a0: ver 3 0 (tinfo 0x9a07fae0)
12-13 23:02:27.411 D/gralloc_ranchu( 1395): gralloc_alloc: Creating ashmem region of size 8298496
12-13 23:02:27.430 D/EGL_emulation( 2190): eglMakeCurrent: 0x9e585840: ver 3 0 (tinfo 0x9e5836c0)
12-13 23:02:27.509 D/gralloc_ranchu( 1395): gralloc_alloc: Creating ashmem region of size 8298496
12-13 23:02:27.565 D/EGL_emulation( 2149): eglMakeCurrent: 0x9bffc9c0: ver 3 0 (tinfo 0x9bfff770)
12-13 23:02:27.600 I/zygote  ( 2190): Deoptimizing void com.google.android.apps.gsa.search.core.service.worker.a.a.a(com.google.android.apps.gsa.search.core.state.qc) due to JIT inline cache
12-13 23:02:27.605 D/gralloc_ranchu( 1395): gralloc_alloc: Creating ashmem region of size 7753728
12-13 23:02:27.610 W/SessionLifecycleManager( 2190): Handover failed. Creating new session controller.
12-13 23:02:27.625 I/OptInState( 2190): There is a new client and it does not support opt-in. Dropping request.
12-13 23:02:27.628 I/zygote  ( 2190): Deoptimizing int[] com.google.common.collect.gx.b(java.lang.Object[], int, int, int) due to JIT inline cache
12-13 23:02:27.657 W/ActivityManager( 1629): Unable to start service Intent { act=com.google.android.gms.speech.service.START pkg=com.google.android.gms } U=0: not found
12-13 23:02:27.657 W/ActivityManager( 1629): Unbind failed: could not find connection for android.os.BinderProxy@9214cf0
12-13 23:02:27.661 E/GmsClient( 2190): unable to connect to service: com.google.android.gms.speech.service.START on com.google.android.gms
12-13 23:02:27.673 D/        ( 1726): HostConnection::get() New Host Connection established 0x87395940, tid 1744
12-13 23:02:27.679 D/EGL_emulation( 1726): eglMakeCurrent: 0x9a03b0a0: ver 3 0 (tinfo 0x9a07fae0)
12-13 23:02:27.701 I/MicroDetectionWorker( 2190): #updateMicroDetector [detectionMode: [mDetectionMode: [1]]]
12-13 23:02:27.701 I/MicroDetectionWorker( 2190): #startMicroDetector [speakerMode: 0]
12-13 23:02:27.701 I/AudioController( 2190): Using mInputStreamFactoryBuilder
12-13 23:02:27.706 D/EGL_emulation( 1726): eglMakeCurrent: 0x9a03b0a0: ver 3 0 (tinfo 0x9a07fae0)
12-13 23:02:27.713 I/MicroDetectionWorker( 2190): onReady
12-13 23:02:27.718 D/EGL_emulation( 1726): eglMakeCurrent: 0x9a03b0a0: ver 3 0 (tinfo 0x9a07fae0)
12-13 23:02:27.726 D/EGL_emulation( 1726): eglMakeCurrent: 0x9a03b0a0: ver 3 0 (tinfo 0x9a07fae0)
12-13 23:02:27.728 I/MicroRecognitionRunner( 2190): Starting detection.
12-13 23:02:27.732 I/MicrophoneInputStream( 2190): mic_starting com.google.android.apps.gsa.staticplugins.aa.c@7529312
12-13 23:02:27.738 D/EGL_emulation( 1726): eglMakeCurrent: 0x9a03b0a0: ver 3 0 (tinfo 0x9a07fae0)
12-13 23:02:27.741 I/MicrophoneInputStream( 2190): mic_started com.google.android.apps.gsa.staticplugins.aa.c@7529312
12-13 23:02:27.743 E/ActivityThread( 2190): Failed to find provider info for com.google.android.apps.gsa.testing.ui.audio.recorded
12-13 23:02:27.743 W/SpeechLevelGenerator( 2190): Really low audio levels detected. The audio input may have issues.
12-13 23:02:27.744 I/MicroDetectionWorker( 2190): onReady
12-13 23:02:27.747 I/MicrophoneInputStream( 2190): mic_close com.google.android.apps.gsa.staticplugins.aa.c@7529312
12-13 23:02:27.749 I/MicroRecognitionRunner( 2190): Detection finished
12-13 23:02:27.749 W/ErrorReporter( 2190): reportError [type: 211, code: 524300]: Error reading from input stream
12-13 23:02:27.752 D/EGL_emulation( 1726): eglMakeCurrent: 0x9a03b0a0: ver 3 0 (tinfo 0x9a07fae0)
12-13 23:02:27.757 I/MicroRecognitionRunner( 2190): Stopping hotword detection.
12-13 23:02:27.759 D/EGL_emulation( 1726): eglMakeCurrent: 0x9a03b0a0: ver 3 0 (tinfo 0x9a07fae0)
12-13 23:02:27.768 W/ErrorProcessor( 2190): onFatalError, processing error from engine(4)
12-13 23:02:27.768 W/ErrorProcessor( 2190): com.google.android.apps.gsa.shared.speech.b.g: Error reading from input stream
12-13 23:02:27.768 W/ErrorProcessor( 2190): 	at com.google.android.apps.gsa.staticplugins.recognizer.j.a.a(SourceFile:28)
12-13 23:02:27.768 W/ErrorProcessor( 2190): 	at com.google.android.apps.gsa.staticplugins.recognizer.j.b.run(SourceFile:15)
12-13 23:02:27.768 W/ErrorProcessor( 2190): 	at java.util.concurrent.Executors$RunnableAdapter.call(Executors.java:457)
12-13 23:02:27.768 W/ErrorProcessor( 2190): 	at java.util.concurrent.FutureTask.run(FutureTask.java:266)
12-13 23:02:27.768 W/ErrorProcessor( 2190): 	at com.google.android.apps.gsa.shared.util.concurrent.a.ax.run(SourceFile:14)
12-13 23:02:27.768 W/ErrorProcessor( 2190): 	at com.google.android.apps.gsa.shared.util.concurrent.a.bl.run(SourceFile:4)
12-13 23:02:27.768 W/ErrorProcessor( 2190): 	at com.google.android.apps.gsa.shared.util.concurrent.a.bl.run(SourceFile:4)
12-13 23:02:27.768 W/ErrorProcessor( 2190): 	at java.util.concurrent.ThreadPoolExecutor.runWorker(ThreadPoolExecutor.java:1162)
12-13 23:02:27.768 W/ErrorProcessor( 2190): 	at java.util.concurrent.ThreadPoolExecutor$Worker.run(ThreadPoolExecutor.java:636)
12-13 23:02:27.768 W/ErrorProcessor( 2190): 	at java.lang.Thread.run(Thread.java:764)
12-13 23:02:27.768 W/ErrorProcessor( 2190): 	at com.google.android.apps.gsa.shared.util.concurrent.a.ai.run(SourceFile:6)
12-13 23:02:27.768 W/ErrorProcessor( 2190): Caused by: com.google.android.apps.gsa.shared.exception.GsaIOException: Error code: 393238 | Buffer overflow, no available space.
12-13 23:02:27.768 W/ErrorProcessor( 2190): 	at com.google.android.apps.gsa.speech.audio.Tee.f(SourceFile:103)
12-13 23:02:27.768 W/ErrorProcessor( 2190): 	at com.google.android.apps.gsa.speech.audio.au.read(SourceFile:2)
12-13 23:02:27.768 W/ErrorProcessor( 2190): 	at java.io.InputStream.read(InputStream.java:101)
12-13 23:02:27.768 W/ErrorProcessor( 2190): 	at com.google.android.apps.gsa.speech.audio.ao.run(SourceFile:18)
12-13 23:02:27.768 W/ErrorProcessor( 2190): 	at com.google.android.apps.gsa.speech.audio.an.run(SourceFile:2)
12-13 23:02:27.768 W/ErrorProcessor( 2190): 	... 9 more
12-13 23:02:27.768 D/EGL_emulation( 1726): eglMakeCurrent: 0x9a03b0a0: ver 3 0 (tinfo 0x9a07fae0)
12-13 23:02:27.769 I/AudioController( 2190): internalShutdown
12-13 23:02:27.770 I/AudioFlinger( 1476): AudioFlinger's thread 0xa5f03980 tid=4009 ready to run
12-13 23:02:27.773 I/MicroDetector( 2190): Keeping mic open: false
12-13 23:02:27.773 I/DeviceStateChecker( 2190): DeviceStateChecker cancelled
12-13 23:02:27.775 I/MicroDetectionWorker( 2190): #onError(false)
12-13 23:02:27.781 D/        ( 1726): HostConnection::get() New Host Connection established 0x87f22e00, tid 1740
12-13 23:02:27.787 D/EGL_emulation( 1726): eglMakeCurrent: 0x9a03b0a0: ver 3 0 (tinfo 0x9a07fae0)
12-13 23:02:27.872 I/chatty  ( 1726): uid=10028(u0_a28) RenderThread identical 11 lines
12-13 23:02:27.883 D/EGL_emulation( 1726): eglMakeCurrent: 0x9a03b0a0: ver 3 0 (tinfo 0x9a07fae0)
12-13 23:02:27.886 I/zygote  ( 2190): Do full code cache collection, code=242KB, data=202KB
12-13 23:02:27.888 D/EGL_emulation( 1726): eglMakeCurrent: 0x9a03b0a0: ver 3 0 (tinfo 0x9a07fae0)
12-13 23:02:27.888 I/zygote  ( 2190): After code cache collection, code=229KB, data=156KB
12-13 23:02:27.916 D/EGL_emulation( 1726): eglMakeCurrent: 0x9a03b0a0: ver 3 0 (tinfo 0x9a07fae0)
12-13 23:02:28.064 W/OpenGLRenderer( 2149): Incorrectly called buildLayer on View: ShortcutAndWidgetContainer, destroying layer...
12-13 23:02:28.138 D/OpenGLRenderer( 1629): HWUI GL Pipeline
12-13 23:02:28.164 E/SurfaceFlinger( 1407): ro.sf.lcd_density must be defined as a build property
12-13 23:02:28.167 D/        ( 1629): HostConnection::get() New Host Connection established 0x8d7efac0, tid 4010
12-13 23:02:28.173 I/OpenGLRenderer( 1629): Initialized EGL, version 1.4
12-13 23:02:28.173 D/OpenGLRenderer( 1629): Swap behavior 1
12-13 23:02:28.173 W/OpenGLRenderer( 1629): Failed to choose config with EGL_SWAP_BEHAVIOR_PRESERVED, retrying without...
12-13 23:02:28.173 D/OpenGLRenderer( 1629): Swap behavior 0
12-13 23:02:28.182 D/AndroidRuntime( 4004): >>>>>> START com.android.internal.os.RuntimeInit uid 2000 <<<<<<
12-13 23:02:28.191 D/EGL_emulation( 1629): eglCreateContext: 0x9e52e6e0: maj 3 min 0 rcv 3
12-13 23:02:28.195 D/EGL_emulation( 1629): eglMakeCurrent: 0x9e52e6e0: ver 3 0 (tinfo 0x8c5997f0)
12-13 23:02:28.195 E/eglCodecCommon( 1629): glUtilsParamSize: unknow param 0x00008cdf
12-13 23:02:28.195 E/eglCodecCommon( 1629): glUtilsParamSize: unknow param 0x00008cdf
12-13 23:02:28.195 E/eglCodecCommon( 1629): glUtilsParamSize: unknow param 0x00008824
12-13 23:02:28.195 E/eglCodecCommon( 1629): glUtilsParamSize: unknow param 0x00008824
12-13 23:02:28.240 W/app_process( 4004): Unexpected CPU variant for X86 using defaults: x86
12-13 23:02:28.260 D/AndroidRuntime( 4004): Calling main entry com.android.commands.am.Am
12-13 23:02:28.263 I/ActivityManager( 1629): Force stopping com.evancharlton.mileage appid=10140 user=0: start instr
12-13 23:02:28.263 I/ActivityManager( 1629): Killing 3935:com.evancharlton.mileage/u0a140 (adj 0): stop com.evancharlton.mileage
12-13 23:02:28.264 W/ActivityManager( 1629): Crash of app com.evancharlton.mileage running instrumentation ComponentInfo{com.evancharlton.mileage.test/sh.calaba.instrumentationbackend.CalabashInstrumentationTestRunner}
12-13 23:02:28.264 I/ActivityManager( 1629): Force stopping com.evancharlton.mileage appid=10140 user=0: finished inst
12-13 23:02:28.276 I/ActivityManager( 1629): Start proc 4019:com.evancharlton.mileage/u0a140 for added application com.evancharlton.mileage
12-13 23:02:28.276 I/zygote  ( 4019): Not late-enabling -Xcheck:jni (already on)
12-13 23:02:28.278 E/memtrack( 1629): Couldn't load memtrack module
12-13 23:02:28.278 W/android.os.Debug( 1629): failed to get memory consumption info: -1
12-13 23:02:28.283 W/zygote  ( 4019): Unexpected CPU variant for X86 using defaults: x86
12-13 23:02:28.284 D/AndroidRuntime( 4004): Shutting down VM
12-13 23:02:28.317 W/zygote  ( 4019): Found duplicate classes, falling back to extracting from APK : /data/app/com.evancharlton.mileage.test-F7Yx777vSmSuuMvsDSwzRQ==/base.apk
12-13 23:02:28.317 W/zygote  ( 4019): NOTE: This wastes RAM and hurts startup performance.
12-13 23:02:28.317 W/zygote  ( 4019): Found duplicated class when checking oat files: 'Ljunit/runner/BaseTestRunner;' in /data/app/com.evancharlton.mileage.test-F7Yx777vSmSuuMvsDSwzRQ==/base.apk and /system/framework/android.test.runner.jar
12-13 23:02:28.317 W/zygote  ( 4019): 
12-13 23:02:28.319 W/ActivityManager( 1629): setHasOverlayUi called on unknown pid: 3935
12-13 23:02:28.321 E/adbd    ( 1383): failed to connect to socket 'tcp:7102': Connection refused
12-13 23:02:28.324 E/adbd    ( 1383): failed to connect to socket 'tcp:7102': Connection refused
12-13 23:02:28.353 W/System  ( 4019): ClassLoader referenced unknown path: 
12-13 23:02:28.364 I/System.out( 4019): Main activity name automatically set to: com.evancharlton.mileage.Mileage
12-13 23:02:28.365 I/System.out( 4019): Calabash did not load Mono. This is only a problem if you are trying to test a Mono application
12-13 23:02:28.365 I/calabash( 4019): Test server port: 7102
12-13 23:02:28.367 I/InstrumentationBackend( 4019): Added:'GetPreferences', with key:'get_preferences'
12-13 23:02:28.429 I/InstrumentationBackend( 4019): Added:'SetPreferences', with key:'set_preferences'
12-13 23:02:28.429 I/InstrumentationBackend( 4019): Added:'ClearPreferences', with key:'clear_preferences'
12-13 23:02:28.430 I/InstrumentationBackend( 4019): Added:'PressElement', with key:'press_l10n_element'
12-13 23:02:28.430 I/InstrumentationBackend( 4019): Added:'WaitForElement', with key:'wait_for_l10n_element'
12-13 23:02:28.431 I/InstrumentationBackend( 4019): Added:'NullAction', with key:'nullAction'
12-13 23:02:28.432 E/adbd    ( 1383): failed to connect to socket 'tcp:7102': Connection refused
12-13 23:02:28.433 I/InstrumentationBackend( 4019): Added:'PressKey', with key:'press_key'
12-13 23:02:28.433 I/InstrumentationBackend( 4019): Added:'SetActivityOrientation', with key:'set_activity_orientation'
12-13 23:02:28.434 I/InstrumentationBackend( 4019): Added:'GetActivityOrientation', with key:'get_activity_orientation'
12-13 23:02:28.435 I/InstrumentationBackend( 4019): Added:'FakeGPSLocation', with key:'set_gps_coordinates'
12-13 23:02:28.436 I/InstrumentationBackend( 4019): Added:'SetPropertyByCssSelector', with key:'set_property_by_css_selector'
12-13 23:02:28.437 I/InstrumentationBackend( 4019): Added:'GetUrl', with key:'get_url'
12-13 23:02:28.437 E/adbd    ( 1383): failed to connect to socket 'tcp:7102': Connection refused
12-13 23:02:28.440 I/InstrumentationBackend( 4019): Added:'ScrollTo', with key:'scroll_to'
12-13 23:02:28.440 I/InstrumentationBackend( 4019): Added:'GetLoadProgress', with key:'get_load_progress'
12-13 23:02:28.441 I/InstrumentationBackend( 4019): Added:'DumpHtml', with key:'dump_html'
12-13 23:02:28.441 I/InstrumentationBackend( 4019): Added:'DumpBodyHtml', with key:'dump_body_html'
12-13 23:02:28.441 I/InstrumentationBackend( 4019): Added:'EnterTextByCssSelector', with key:'enter_text_by_selector'
12-13 23:02:28.445 I/InstrumentationBackend( 4019): Added:'AndroidSDKVersion', with key:'android_sdk_version'
12-13 23:02:28.445 I/InstrumentationBackend( 4019): Added:'Version', with key:'version'
12-13 23:02:28.446 I/InstrumentationBackend( 4019): Added:'Drag', with key:'drag'
12-13 23:02:28.446 I/InstrumentationBackend( 4019): Added:'TouchCoordinates', with key:'touch_coordinate'
12-13 23:02:28.446 I/InstrumentationBackend( 4019): Added:'LongPressCoordinate', with key:'long_press_coordinate'
12-13 23:02:28.446 I/InstrumentationBackend( 4019): Added:'DragCoordinates', with key:'drag_coordinates'
12-13 23:02:28.447 I/InstrumentationBackend( 4019): Added:'ResumeApplication', with key:'resume_application'
12-13 23:02:28.447 I/InstrumentationBackend( 4019): Added:'Swipe', with key:'swipe'
12-13 23:02:28.448 I/InstrumentationBackend( 4019): Added:'DoubleTapCoordinate', with key:'double_tap_coordinate'
12-13 23:02:28.448 I/InstrumentationBackend( 4019): Added:'ClickOnScreen', with key:'click_on_screen'
12-13 23:02:28.449 I/InstrumentationBackend( 4019): Added:'GetActivityName', with key:'get_activity_name'
12-13 23:02:28.449 I/InstrumentationBackend( 4019): Added:'ScrollToView', with key:'scroll_to_view'
12-13 23:02:28.450 I/InstrumentationBackend( 4019): Added:'ViewConfiguration', with key:'view_configuration'
12-13 23:02:28.450 I/InstrumentationBackend( 4019): Added:'IsCurrentActivityFocused', with key:'is_current_activity_focused'
12-13 23:02:28.450 I/InstrumentationBackend( 4019): Added:'SendTcp', with key:'send_tcp'
12-13 23:02:28.451 I/InstrumentationBackend( 4019): Added:'DpToDevicePixel', with key:'dp_to_device_pixel'
12-13 23:02:28.452 I/InstrumentationBackend( 4019): Added:'KeyboardEnterText', with key:'keyboard_enter_text'
12-13 23:02:28.453 I/InstrumentationBackend( 4019): Added:'DeleteSurroundingText', with key:'delete_surrounding_text'
12-13 23:02:28.454 I/InstrumentationBackend( 4019): Added:'SetComposingRegion', with key:'set_composing_region'
12-13 23:02:28.454 I/InstrumentationBackend( 4019): Added:'SetSelection', with key:'set_selection'
12-13 23:02:28.455 I/InstrumentationBackend( 4019): Added:'KeyboardKeyEvent', with key:'keyboard_key_event'
12-13 23:02:28.456 I/InstrumentationBackend( 4019): Added:'PressUserActionButton', with key:'press_user_action_button'
12-13 23:02:28.457 I/InstrumentationBackend( 4019): Added:'HideSoftKeyboard', with key:'hide_soft_keyboard'
12-13 23:02:28.458 I/InstrumentationBackend( 4019): Added:'ListActions', with key:'list_actions'
12-13 23:02:28.459 I/calabash( 4019): Instantiating http server at 7102
12-13 23:02:28.459 I/System.out( 4019): HTTP Daemon listening on: 7102
12-13 23:02:28.491 E/TaskPersister( 1629): File error accessing recents directory (directory doesn't exist?).
12-13 23:02:28.555 D/BoundBrokerSvc( 1938): onUnbind: Intent { act=com.google.android.contextmanager.service.ContextManagerService.START cmp=com.google.android.gms/.chimera.PersistentApiService }
12-13 23:02:28.566 I/System.out( 4019): URI: //ping
12-13 23:02:28.567 I/System.out( 4019): params: {json={}
12-13 23:02:28.567 I/System.out( 4019): }
12-13 23:02:28.587 I/System.out( 4019): URI: //ping
12-13 23:02:28.587 I/System.out( 4019): params: {json={}
12-13 23:02:28.587 I/System.out( 4019): }
12-13 23:02:28.596 I/System.out( 4019): URI: //ready
12-13 23:02:28.597 I/System.out( 4019): params: {json={}
12-13 23:02:28.597 I/System.out( 4019): }
12-13 23:02:28.605 I/System.out( 4019): URI: //
12-13 23:02:28.605 I/System.out( 4019): params: {json={"command":"version","arguments":[]}
12-13 23:02:28.605 I/System.out( 4019): }
12-13 23:02:28.605 I/System.out( 4019): header: {content-type=application/json;charset=utf-8, date=Mon, 14 Dec 2020 04:02:29 GMT, accept=*/*, host=127.0.0.1:34777, content-length=36, user-agent=HTTPClient/1.0 (2.8.3, ruby 2.5.8 (2020-03-31))}
12-13 23:02:28.605 I/System.out( 4019): params: {json={"command":"version","arguments":[]}
12-13 23:02:28.605 I/System.out( 4019): }
12-13 23:02:28.606 I/System.out( 4019): ProP json = {"command":"version","arguments":[]}
12-13 23:02:28.606 I/System.out( 4019): files: {}
12-13 23:02:28.606 I/System.out( 4019): command: {"command":"version","arguments":[]}
12-13 23:02:28.635 I/InstrumentationBackend( 4019): Got command:'Command:'Line:null,version', arguments:'[]'
12-13 23:02:28.673 I/System.out( 4019): result:{"bonusInformation":[],"message":"0.9.8","success":true}
12-13 23:02:28.680 I/System.out( 4019): URI: //start-application
12-13 23:02:28.680 I/System.out( 4019): params: {json={"intent":null}
12-13 23:02:28.680 I/System.out( 4019): }
12-13 23:02:28.716 I/ActivityManager( 1629): START u0 {act=android.intent.action.MAIN cat=[android.intent.category.LAUNCHER] flg=0x10200000 cmp=com.evancharlton.mileage/.Mileage} from uid 10140
12-13 23:02:28.731 I/calabash( 4019): newActivity1
12-13 23:02:28.754 W/ActivityManager( 1629): Bad activity token: android.os.BinderProxy@275387f
12-13 23:02:28.754 W/ActivityManager( 1629): java.lang.ClassCastException: android.os.BinderProxy cannot be cast to com.android.server.am.ActivityRecord$Token
12-13 23:02:28.754 W/ActivityManager( 1629): 	at com.android.server.am.ActivityRecord.forTokenLocked(ActivityRecord.java:778)
12-13 23:02:28.754 W/ActivityManager( 1629): 	at com.android.server.am.ActivityRecord.isInStackLocked(ActivityRecord.java:2085)
12-13 23:02:28.754 W/ActivityManager( 1629): 	at com.android.server.am.ActivityRecord.getStackLocked(ActivityRecord.java:2090)
12-13 23:02:28.754 W/ActivityManager( 1629): 	at com.android.server.am.ActivityManagerService.getActivityDisplayId(ActivityManagerService.java:10406)
12-13 23:02:28.754 W/ActivityManager( 1629): 	at android.app.IActivityManager$Stub.onTransact(IActivityManager.java:2738)
12-13 23:02:28.754 W/ActivityManager( 1629): 	at com.android.server.am.ActivityManagerService.onTransact(ActivityManagerService.java:2935)
12-13 23:02:28.754 W/ActivityManager( 1629): 	at android.os.Binder.execTransact(Binder.java:674)
12-13 23:02:28.755 I/calabash( 4019): newActivity1
12-13 23:02:28.760 D/gralloc_ranchu( 1395): gralloc_alloc: Creating ashmem region of size 7753728
12-13 23:02:28.779 W/ActivityManager( 1629): Bad activity token: android.os.BinderProxy@275387f
12-13 23:02:28.779 W/ActivityManager( 1629): java.lang.ClassCastException: android.os.BinderProxy cannot be cast to com.android.server.am.ActivityRecord$Token
12-13 23:02:28.779 W/ActivityManager( 1629): 	at com.android.server.am.ActivityRecord.forTokenLocked(ActivityRecord.java:778)
12-13 23:02:28.779 W/ActivityManager( 1629): 	at com.android.server.am.ActivityRecord.isInStackLocked(ActivityRecord.java:2085)
12-13 23:02:28.779 W/ActivityManager( 1629): 	at com.android.server.am.ActivityManagerService.setTaskDescription(ActivityManagerService.java:9988)
12-13 23:02:28.779 W/ActivityManager( 1629): 	at android.app.IActivityManager$Stub.onTransact(IActivityManager.java:2824)
12-13 23:02:28.779 W/ActivityManager( 1629): 	at com.android.server.am.ActivityManagerService.onTransact(ActivityManagerService.java:2935)
12-13 23:02:28.779 W/ActivityManager( 1629): 	at android.os.Binder.execTransact(Binder.java:674)
12-13 23:02:28.781 W/ActivityManager( 1629): Bad activity token: android.os.BinderProxy@275387f
12-13 23:02:28.781 W/ActivityManager( 1629): java.lang.ClassCastException: android.os.BinderProxy cannot be cast to com.android.server.am.ActivityRecord$Token
12-13 23:02:28.781 W/ActivityManager( 1629): 	at com.android.server.am.ActivityRecord.forTokenLocked(ActivityRecord.java:778)
12-13 23:02:28.781 W/ActivityManager( 1629): 	at com.android.server.am.ActivityRecord.isInStackLocked(ActivityRecord.java:2085)
12-13 23:02:28.781 W/ActivityManager( 1629): 	at com.android.server.am.ActivityRecord.getStackLocked(ActivityRecord.java:2090)
12-13 23:02:28.781 W/ActivityManager( 1629): 	at com.android.server.am.ActivityManagerService.getActivityStackId(ActivityManagerService.java:10417)
12-13 23:02:28.781 W/ActivityManager( 1629): 	at android.app.IActivityManager$Stub.onTransact(IActivityManager.java:3548)
12-13 23:02:28.781 W/ActivityManager( 1629): 	at com.android.server.am.ActivityManagerService.onTransact(ActivityManagerService.java:2935)
12-13 23:02:28.781 W/ActivityManager( 1629): 	at android.os.Binder.execTransact(Binder.java:674)
12-13 23:02:28.842 E/ContentStoreEUAS( 2190): Failed to commit the deferred actions
12-13 23:02:28.877 D/EGL_emulation( 2149): eglMakeCurrent: 0x9bffc9c0: ver 3 0 (tinfo 0x9bfff770)
12-13 23:02:28.885 D/EGL_emulation( 2190): eglMakeCurrent: 0x9e585840: ver 3 0 (tinfo 0x9e5836c0)
12-13 23:02:28.904 D/EGL_emulation( 1726): eglMakeCurrent: 0x9a03b0a0: ver 3 0 (tinfo 0x9a07fae0)
12-13 23:02:28.912 I/chatty  ( 1726): uid=10028(u0_a28) RenderThread identical 1 line
12-13 23:02:28.918 D/EGL_emulation( 1726): eglMakeCurrent: 0x9a03b0a0: ver 3 0 (tinfo 0x9a07fae0)
12-13 23:02:28.920 V/StatusBar( 1726): setLightsOn(true)
12-13 23:02:28.922 W/ActivityManager( 1629): Bad activity token: android.os.BinderProxy@275387f
12-13 23:02:28.922 W/ActivityManager( 1629): java.lang.ClassCastException: android.os.BinderProxy cannot be cast to com.android.server.am.ActivityRecord$Token
12-13 23:02:28.922 W/ActivityManager( 1629): 	at com.android.server.am.ActivityRecord.forTokenLocked(ActivityRecord.java:778)
12-13 23:02:28.922 W/ActivityManager( 1629): 	at com.android.server.am.ActivityRecord.isInStackLocked(ActivityRecord.java:2085)
12-13 23:02:28.922 W/ActivityManager( 1629): 	at com.android.server.am.ActivityManagerService.getActivityOptions(ActivityManagerService.java:13302)
12-13 23:02:28.922 W/ActivityManager( 1629): 	at android.app.IActivityManager$Stub.onTransact(IActivityManager.java:2910)
12-13 23:02:28.922 W/ActivityManager( 1629): 	at com.android.server.am.ActivityManagerService.onTransact(ActivityManagerService.java:2935)
12-13 23:02:28.922 W/ActivityManager( 1629): 	at android.os.Binder.execTransact(Binder.java:674)
12-13 23:02:28.923 W/ActivityManager( 1629): Bad activity token: android.os.BinderProxy@275387f
12-13 23:02:28.923 W/ActivityManager( 1629): java.lang.ClassCastException: android.os.BinderProxy cannot be cast to com.android.server.am.ActivityRecord$Token
12-13 23:02:28.923 W/ActivityManager( 1629): 	at com.android.server.am.ActivityRecord.forTokenLocked(ActivityRecord.java:778)
12-13 23:02:28.923 W/ActivityManager( 1629): 	at com.android.server.am.ActivityRecord.isInStackLocked(ActivityRecord.java:2085)
12-13 23:02:28.923 W/ActivityManager( 1629): 	at com.android.server.am.ActivityManagerService.getActivityOptions(ActivityManagerService.java:13302)
12-13 23:02:28.923 W/ActivityManager( 1629): 	at android.app.IActivityManager$Stub.onTransact(IActivityManager.java:2910)
12-13 23:02:28.923 W/ActivityManager( 1629): 	at com.android.server.am.ActivityManagerService.onTransact(ActivityManagerService.java:2935)
12-13 23:02:28.923 W/ActivityManager( 1629): 	at android.os.Binder.execTransact(Binder.java:674)
12-13 23:02:28.935 D/EGL_emulation( 1726): eglMakeCurrent: 0x9a03b0a0: ver 3 0 (tinfo 0x9a07fae0)
12-13 23:02:29.052 I/chatty  ( 1726): uid=10028(u0_a28) RenderThread identical 14 lines
12-13 23:02:29.056 D/EGL_emulation( 1726): eglMakeCurrent: 0x9a03b0a0: ver 3 0 (tinfo 0x9a07fae0)
12-13 23:02:29.059 V/StatusBar( 1726): setLightsOn(true)
12-13 23:02:29.061 D/EGL_emulation( 1726): eglMakeCurrent: 0x9a03b0a0: ver 3 0 (tinfo 0x9a07fae0)
12-13 23:02:29.070 I/zygote  ( 4019): Do partial code cache collection, code=28KB, data=29KB
12-13 23:02:29.070 I/zygote  ( 4019): After code cache collection, code=28KB, data=29KB
12-13 23:02:29.070 I/zygote  ( 4019): Increasing code cache capacity to 128KB
12-13 23:02:29.072 I/zygote  ( 4019): Do partial code cache collection, code=28KB, data=47KB
12-13 23:02:29.072 D/EGL_emulation( 1726): eglMakeCurrent: 0x9a03b0a0: ver 3 0 (tinfo 0x9a07fae0)
12-13 23:02:29.077 I/zygote  ( 4019): After code cache collection, code=28KB, data=47KB
12-13 23:02:29.077 I/zygote  ( 4019): Increasing code cache capacity to 256KB
12-13 23:02:29.080 I/zygote  ( 4019): JIT allocated 71KB for compiled code of void android.widget.TextView.<init>(android.content.Context, android.util.AttributeSet, int, int)
12-13 23:02:29.080 I/zygote  ( 4019): Compiler allocated 4MB to compile void android.widget.TextView.<init>(android.content.Context, android.util.AttributeSet, int, int)
12-13 23:02:29.083 D/EGL_emulation( 1726): eglMakeCurrent: 0x9a03b0a0: ver 3 0 (tinfo 0x9a07fae0)
12-13 23:02:29.094 I/chatty  ( 1726): uid=10028(u0_a28) RenderThread identical 1 line
12-13 23:02:29.103 D/EGL_emulation( 1726): eglMakeCurrent: 0x9a03b0a0: ver 3 0 (tinfo 0x9a07fae0)
12-13 23:02:29.135 V/StatusBar( 1726): setLightsOn(true)
12-13 23:02:29.138 I/chatty  ( 1726): uid=10028(u0_a28) com.android.systemui identical 1 line
12-13 23:02:29.138 V/StatusBar( 1726): setLightsOn(true)
12-13 23:02:29.187 D/gralloc_ranchu( 1395): gralloc_alloc: Creating ashmem region of size 7753728
12-13 23:02:29.213 D/        ( 4019): HostConnection::get() New Host Connection established 0x9bc30bc0, tid 4019
12-13 23:02:29.250 I/ActivityManager( 1629): Killing 3410:com.android.mtp/u0a9 (adj 906): empty #17
12-13 23:02:29.266 V/StatusBar( 1726): setLightsOn(true)
12-13 23:02:29.270 V/StatusBar( 1726): setLightsOn(true)
12-13 23:02:29.270 I/ActivityManager( 1629): Displayed com.evancharlton.mileage/.Mileage: +543ms
12-13 23:02:29.274 V/StatusBar( 1726): setLightsOn(true)
12-13 23:02:29.297 V/StatusBar( 1726): setLightsOn(true)
12-13 23:02:29.300 I/zygote  ( 4019): Do full code cache collection, code=125KB, data=68KB
12-13 23:02:29.303 I/zygote  ( 4019): After code cache collection, code=108KB, data=44KB
12-13 23:02:29.306 D/gralloc_ranchu( 1395): gralloc_alloc: Creating ashmem region of size 7753728
12-13 23:02:29.339 V/StatusBar( 1726): setLightsOn(true)
12-13 23:02:29.459 I/chatty  ( 1726): uid=10028(u0_a28) com.android.systemui identical 1 line
12-13 23:02:29.496 V/StatusBar( 1726): setLightsOn(true)
12-13 23:02:29.524 I/System.out( 4019): URI: //map
12-13 23:02:29.524 I/System.out( 4019): params: {json={"query":"android.widget.CheckBox index:0","operation":{"method_name":"query","arguments":[]}}
12-13 23:02:29.524 I/System.out( 4019): }
12-13 23:02:29.595 W/audio_hw_generic( 1389): Not supplying enough data to HAL, expected position 309961 , only wrote 156960
12-13 23:02:29.624 V/StatusBar( 1726): setLightsOn(true)
12-13 23:02:29.630 V/StatusBar( 1726): setLightsOn(true)
12-13 23:02:29.641 W/SurfaceFlinger( 1407): couldn't log to binary event log: overflow.
12-13 23:02:29.694 I/System.out( 4019): URI: //gesture
12-13 23:02:29.694 I/System.out( 4019): params: {json={"query_timeout":5.0,"gestures":[{"query_string":"android.widget.CheckBox index:0","touches":[{"x":50,"y":50,"offset_x":0,"offset_y":0,"wait":0.0,"time":0.2,"release":true,"query_string":null}]}]}
12-13 23:02:29.694 I/System.out( 4019): }
12-13 23:02:29.711 I/zygote  ( 4019): Do partial code cache collection, code=124KB, data=59KB
12-13 23:02:29.711 I/zygote  ( 4019): After code cache collection, code=124KB, data=59KB
12-13 23:02:29.711 I/zygote  ( 4019): Increasing code cache capacity to 512KB
12-13 23:02:29.729 I/PBSessionCacheImpl( 2190): Deleted sessionId[1734066103877] from persistence.
12-13 23:02:29.744 W/SearchService( 2190): Abort, client detached.
12-13 23:02:29.994 W/audio_hw_generic( 1389): Not supplying enough data to HAL, expected position 157226 , only wrote 156960
12-13 23:02:30.202 E/SurfaceFlinger( 1407): ro.sf.lcd_density must be defined as a build property
12-13 23:02:30.211 D/gralloc_ranchu( 1395): gralloc_alloc: Creating ashmem region of size 8298496
12-13 23:02:30.220 D/        ( 4062): HostConnection::get() New Host Connection established 0xb13af800, tid 4062
12-13 23:02:30.294 D/gralloc_ranchu( 1395): gralloc_alloc: Creating ashmem region of size 7753728
12-13 23:02:30.619 I/System.out( 4019): URI: //map
12-13 23:02:30.619 I/System.out( 4019): params: {json={"query":"android.widget.CheckBox index:0","operation":{"method_name":"query","arguments":[]}}
12-13 23:02:30.619 I/System.out( 4019): }
12-13 23:02:30.661 I/System.out( 4019): URI: //gesture
12-13 23:02:30.661 I/System.out( 4019): params: {json={"query_timeout":5.0,"gestures":[{"query_string":"android.widget.CheckBox index:0","touches":[{"x":50,"y":50,"offset_x":0,"offset_y":0,"wait":0.0,"time":0.2,"release":true,"query_string":null}]}]}
12-13 23:02:30.661 I/System.out( 4019): }
12-13 23:02:31.127 E/SurfaceFlinger( 1407): ro.sf.lcd_density must be defined as a build property
12-13 23:02:31.134 D/gralloc_ranchu( 1395): gralloc_alloc: Creating ashmem region of size 8298496
12-13 23:02:31.144 D/        ( 4070): HostConnection::get() New Host Connection established 0xaa5af800, tid 4070
