--------- beginning of main
12-13 23:02:50.750 D/AndroidRuntime( 4433): >>>>>> START com.android.internal.os.RuntimeInit uid 2000 <<<<<<
12-13 23:02:50.784 W/app_process( 4433): Unexpected CPU variant for X86 using defaults: x86
12-13 23:02:50.801 D/AndroidRuntime( 4433): Calling main entry com.android.commands.am.Am
--------- beginning of system
12-13 23:02:50.802 I/ActivityManager( 1629): Force stopping com.evancharlton.mileage appid=10140 user=0: start instr
12-13 23:02:50.802 I/ActivityManager( 1629): Killing 4412:com.evancharlton.mileage/u0a140 (adj 0): stop com.evancharlton.mileage
12-13 23:02:50.802 W/ActivityManager( 1629): Crash of app com.evancharlton.mileage running instrumentation ComponentInfo{com.evancharlton.mileage.test/sh.calaba.instrumentationbackend.ClearAppData2}
12-13 23:02:50.802 I/ActivityManager( 1629): Force stopping com.evancharlton.mileage appid=10140 user=0: finished inst
12-13 23:02:50.809 I/zygote  ( 4443): Not late-enabling -Xcheck:jni (already on)
12-13 23:02:50.815 W/zygote  ( 4443): Unexpected CPU variant for X86 using defaults: x86
12-13 23:02:50.816 I/ActivityManager( 1629): Start proc 4443:com.evancharlton.mileage/u0a140 for added application com.evancharlton.mileage
12-13 23:02:50.817 E/memtrack( 1629): Couldn't load memtrack module
12-13 23:02:50.817 W/android.os.Debug( 1629): failed to get memory consumption info: -1
12-13 23:02:50.818 D/AndroidRuntime( 4433): Shutting down VM
12-13 23:02:50.857 E/adbd    ( 1383): failed to connect to socket 'tcp:7102': Connection refused
12-13 23:02:50.858 W/zygote  ( 4443): Found duplicate classes, falling back to extracting from APK : /data/app/com.evancharlton.mileage.test-F7Yx777vSmSuuMvsDSwzRQ==/base.apk
12-13 23:02:50.858 W/zygote  ( 4443): NOTE: This wastes RAM and hurts startup performance.
12-13 23:02:50.858 W/zygote  ( 4443): Found duplicated class when checking oat files: 'Ljunit/runner/BaseTestRunner;' in /data/app/com.evancharlton.mileage.test-F7Yx777vSmSuuMvsDSwzRQ==/base.apk and /system/framework/android.test.runner.jar
12-13 23:02:50.858 W/zygote  ( 4443): 
12-13 23:02:50.865 E/adbd    ( 1383): failed to connect to socket 'tcp:7102': Connection refused
12-13 23:02:50.894 W/System  ( 4443): ClassLoader referenced unknown path: 
12-13 23:02:50.906 I/System.out( 4443): Main activity name automatically set to: com.evancharlton.mileage.Mileage
12-13 23:02:50.906 I/System.out( 4443): Calabash did not load Mono. This is only a problem if you are trying to test a Mono application
12-13 23:02:50.906 I/calabash( 4443): Test server port: 7102
12-13 23:02:50.909 I/InstrumentationBackend( 4443): Added:'GetPreferences', with key:'get_preferences'
12-13 23:02:50.949 I/NetworkScheduler.Stats( 1938): Task com.google.android.gms/com.google.android.gms.ads.social.GcmSchedulerWakeupService started execution. cause:4 exec_start_elapsed_seconds: 80 [CONTEXT service_id=218 ]
12-13 23:02:50.971 I/NetworkScheduler.Stats( 1938): Task com.google.android.gms/com.google.android.gms.ads.social.GcmSchedulerWakeupService finished executing. cause:4 result: 1 elapsed_millis: 83 uptime_millis: 83 exec_start_elapsed_seconds: 80 [CONTEXT service_id=218 ]
12-13 23:02:50.986 I/InstrumentationBackend( 4443): Added:'SetPreferences', with key:'set_preferences'
12-13 23:02:50.987 I/InstrumentationBackend( 4443): Added:'ClearPreferences', with key:'clear_preferences'
12-13 23:02:50.987 I/InstrumentationBackend( 4443): Added:'PressElement', with key:'press_l10n_element'
12-13 23:02:50.987 I/InstrumentationBackend( 4443): Added:'WaitForElement', with key:'wait_for_l10n_element'
12-13 23:02:50.988 E/adbd    ( 1383): failed to connect to socket 'tcp:7102': Connection refused
12-13 23:02:50.990 I/InstrumentationBackend( 4443): Added:'NullAction', with key:'nullAction'
12-13 23:02:50.991 I/InstrumentationBackend( 4443): Added:'PressKey', with key:'press_key'
12-13 23:02:50.991 I/InstrumentationBackend( 4443): Added:'SetActivityOrientation', with key:'set_activity_orientation'
12-13 23:02:50.991 I/InstrumentationBackend( 4443): Added:'GetActivityOrientation', with key:'get_activity_orientation'
12-13 23:02:50.991 I/InstrumentationBackend( 4443): Added:'FakeGPSLocation', with key:'set_gps_coordinates'
12-13 23:02:50.992 I/InstrumentationBackend( 4443): Added:'SetPropertyByCssSelector', with key:'set_property_by_css_selector'
12-13 23:02:50.993 I/InstrumentationBackend( 4443): Added:'GetUrl', with key:'get_url'
12-13 23:02:50.995 I/InstrumentationBackend( 4443): Added:'ScrollTo', with key:'scroll_to'
12-13 23:02:50.995 I/InstrumentationBackend( 4443): Added:'GetLoadProgress', with key:'get_load_progress'
12-13 23:02:50.996 E/adbd    ( 1383): failed to connect to socket 'tcp:7102': Connection refused
12-13 23:02:50.997 I/InstrumentationBackend( 4443): Added:'DumpHtml', with key:'dump_html'
12-13 23:02:50.998 I/InstrumentationBackend( 4443): Added:'DumpBodyHtml', with key:'dump_body_html'
12-13 23:02:50.998 I/InstrumentationBackend( 4443): Added:'EnterTextByCssSelector', with key:'enter_text_by_selector'
12-13 23:02:51.005 I/InstrumentationBackend( 4443): Added:'AndroidSDKVersion', with key:'android_sdk_version'
12-13 23:02:51.005 I/InstrumentationBackend( 4443): Added:'Version', with key:'version'
12-13 23:02:51.006 I/InstrumentationBackend( 4443): Added:'Drag', with key:'drag'
12-13 23:02:51.006 I/InstrumentationBackend( 4443): Added:'TouchCoordinates', with key:'touch_coordinate'
12-13 23:02:51.006 I/InstrumentationBackend( 4443): Added:'LongPressCoordinate', with key:'long_press_coordinate'
12-13 23:02:51.006 I/InstrumentationBackend( 4443): Added:'DragCoordinates', with key:'drag_coordinates'
12-13 23:02:51.007 I/InstrumentationBackend( 4443): Added:'ResumeApplication', with key:'resume_application'
12-13 23:02:51.007 I/InstrumentationBackend( 4443): Added:'Swipe', with key:'swipe'
12-13 23:02:51.007 I/InstrumentationBackend( 4443): Added:'DoubleTapCoordinate', with key:'double_tap_coordinate'
12-13 23:02:51.008 I/InstrumentationBackend( 4443): Added:'ClickOnScreen', with key:'click_on_screen'
12-13 23:02:51.010 I/InstrumentationBackend( 4443): Added:'GetActivityName', with key:'get_activity_name'
12-13 23:02:51.011 I/InstrumentationBackend( 4443): Added:'ScrollToView', with key:'scroll_to_view'
12-13 23:02:51.012 I/InstrumentationBackend( 4443): Added:'ViewConfiguration', with key:'view_configuration'
12-13 23:02:51.012 I/InstrumentationBackend( 4443): Added:'IsCurrentActivityFocused', with key:'is_current_activity_focused'
12-13 23:02:51.012 I/InstrumentationBackend( 4443): Added:'SendTcp', with key:'send_tcp'
12-13 23:02:51.013 I/InstrumentationBackend( 4443): Added:'DpToDevicePixel', with key:'dp_to_device_pixel'
12-13 23:02:51.024 I/InstrumentationBackend( 4443): Added:'KeyboardEnterText', with key:'keyboard_enter_text'
12-13 23:02:51.024 I/InstrumentationBackend( 4443): Added:'DeleteSurroundingText', with key:'delete_surrounding_text'
12-13 23:02:51.025 I/InstrumentationBackend( 4443): Added:'SetComposingRegion', with key:'set_composing_region'
12-13 23:02:51.026 I/InstrumentationBackend( 4443): Added:'SetSelection', with key:'set_selection'
12-13 23:02:51.026 I/InstrumentationBackend( 4443): Added:'KeyboardKeyEvent', with key:'keyboard_key_event'
12-13 23:02:51.027 I/InstrumentationBackend( 4443): Added:'PressUserActionButton', with key:'press_user_action_button'
12-13 23:02:51.029 I/InstrumentationBackend( 4443): Added:'HideSoftKeyboard', with key:'hide_soft_keyboard'
12-13 23:02:51.031 I/InstrumentationBackend( 4443): Added:'ListActions', with key:'list_actions'
12-13 23:02:51.032 I/calabash( 4443): Instantiating http server at 7102
12-13 23:02:51.032 I/System.out( 4443): HTTP Daemon listening on: 7102
12-13 23:02:51.073 E/memtrack( 1629): Couldn't load memtrack module
12-13 23:02:51.073 W/android.os.Debug( 1629): failed to get memory consumption info: -1
12-13 23:02:51.078 I/NetworkScheduler.Stats( 1938): Task com.google.android.gms/com.google.android.gms.clearcut.uploader.QosUploaderService started execution. cause:5 exec_start_elapsed_seconds: 80 [CONTEXT service_id=218 ]
12-13 23:02:51.090 I/NetworkScheduler.Stats( 1938): Task com.google.android.gms/com.google.android.gms.clearcut.uploader.QosUploaderService finished executing. cause:5 result: 1 elapsed_millis: 59 uptime_millis: 59 exec_start_elapsed_seconds: 80 [CONTEXT service_id=218 ]
12-13 23:02:51.111 I/System.out( 4443): URI: //ping
12-13 23:02:51.112 I/System.out( 4443): params: {json={}
12-13 23:02:51.112 I/System.out( 4443): }
12-13 23:02:51.119 I/System.out( 4443): URI: //ping
12-13 23:02:51.119 I/System.out( 4443): params: {json={}
12-13 23:02:51.119 I/System.out( 4443): }
12-13 23:02:51.125 I/System.out( 4443): URI: //ready
12-13 23:02:51.125 I/System.out( 4443): params: {json={}
12-13 23:02:51.125 I/System.out( 4443): }
12-13 23:02:51.135 I/System.out( 4443): URI: //
12-13 23:02:51.135 I/System.out( 4443): params: {json={"command":"version","arguments":[]}
12-13 23:02:51.135 I/System.out( 4443): }
12-13 23:02:51.135 I/System.out( 4443): header: {content-type=application/json;charset=utf-8, date=Mon, 14 Dec 2020 04:02:51 GMT, accept=*/*, host=127.0.0.1:34777, content-length=36, user-agent=HTTPClient/1.0 (2.8.3, ruby 2.5.8 (2020-03-31))}
12-13 23:02:51.135 I/System.out( 4443): params: {json={"command":"version","arguments":[]}
12-13 23:02:51.135 I/System.out( 4443): }
12-13 23:02:51.135 I/System.out( 4443): ProP json = {"command":"version","arguments":[]}
12-13 23:02:51.135 I/System.out( 4443): files: {}
12-13 23:02:51.135 I/System.out( 4443): command: {"command":"version","arguments":[]}
12-13 23:02:51.163 I/InstrumentationBackend( 4443): Got command:'Command:'Line:null,version', arguments:'[]'
12-13 23:02:51.194 I/System.out( 4443): result:{"bonusInformation":[],"message":"0.9.8","success":true}
12-13 23:02:51.203 I/System.out( 4443): URI: //start-application
12-13 23:02:51.203 I/System.out( 4443): params: {json={"intent":null}
12-13 23:02:51.203 I/System.out( 4443): }
12-13 23:02:51.242 I/ActivityManager( 1629): START u0 {act=android.intent.action.MAIN cat=[android.intent.category.LAUNCHER] flg=0x10200000 cmp=com.evancharlton.mileage/.Mileage} from uid 10140
12-13 23:02:51.261 E/memtrack( 1629): Couldn't load memtrack module
12-13 23:02:51.261 W/android.os.Debug( 1629): failed to get memory consumption info: -1
12-13 23:02:51.261 I/calabash( 4443): newActivity1
12-13 23:02:51.274 D/gralloc_ranchu( 1395): gralloc_alloc: Creating ashmem region of size 7753728
12-13 23:02:51.293 W/ActivityManager( 1629): Bad activity token: android.os.BinderProxy@9174040
12-13 23:02:51.293 W/ActivityManager( 1629): java.lang.ClassCastException: android.os.BinderProxy cannot be cast to com.android.server.am.ActivityRecord$Token
12-13 23:02:51.293 W/ActivityManager( 1629): 	at com.android.server.am.ActivityRecord.forTokenLocked(ActivityRecord.java:778)
12-13 23:02:51.293 W/ActivityManager( 1629): 	at com.android.server.am.ActivityRecord.isInStackLocked(ActivityRecord.java:2085)
12-13 23:02:51.293 W/ActivityManager( 1629): 	at com.android.server.am.ActivityRecord.getStackLocked(ActivityRecord.java:2090)
12-13 23:02:51.293 W/ActivityManager( 1629): 	at com.android.server.am.ActivityManagerService.getActivityDisplayId(ActivityManagerService.java:10406)
12-13 23:02:51.293 W/ActivityManager( 1629): 	at android.app.IActivityManager$Stub.onTransact(IActivityManager.java:2738)
12-13 23:02:51.293 W/ActivityManager( 1629): 	at com.android.server.am.ActivityManagerService.onTransact(ActivityManagerService.java:2935)
12-13 23:02:51.293 W/ActivityManager( 1629): 	at android.os.Binder.execTransact(Binder.java:674)
12-13 23:02:51.294 I/calabash( 4443): newActivity1
12-13 23:02:51.310 W/ActivityManager( 1629): Bad activity token: android.os.BinderProxy@9174040
12-13 23:02:51.310 W/ActivityManager( 1629): java.lang.ClassCastException: android.os.BinderProxy cannot be cast to com.android.server.am.ActivityRecord$Token
12-13 23:02:51.310 W/ActivityManager( 1629): 	at com.android.server.am.ActivityRecord.forTokenLocked(ActivityRecord.java:778)
12-13 23:02:51.310 W/ActivityManager( 1629): 	at com.android.server.am.ActivityRecord.isInStackLocked(ActivityRecord.java:2085)
12-13 23:02:51.310 W/ActivityManager( 1629): 	at com.android.server.am.ActivityManagerService.setTaskDescription(ActivityManagerService.java:9988)
12-13 23:02:51.310 W/ActivityManager( 1629): 	at android.app.IActivityManager$Stub.onTransact(IActivityManager.java:2824)
12-13 23:02:51.310 W/ActivityManager( 1629): 	at com.android.server.am.ActivityManagerService.onTransact(ActivityManagerService.java:2935)
12-13 23:02:51.310 W/ActivityManager( 1629): 	at android.os.Binder.execTransact(Binder.java:674)
12-13 23:02:51.311 W/ActivityManager( 1629): Bad activity token: android.os.BinderProxy@9174040
12-13 23:02:51.311 W/ActivityManager( 1629): java.lang.ClassCastException: android.os.BinderProxy cannot be cast to com.android.server.am.ActivityRecord$Token
12-13 23:02:51.311 W/ActivityManager( 1629): 	at com.android.server.am.ActivityRecord.forTokenLocked(ActivityRecord.java:778)
12-13 23:02:51.311 W/ActivityManager( 1629): 	at com.android.server.am.ActivityRecord.isInStackLocked(ActivityRecord.java:2085)
12-13 23:02:51.311 W/ActivityManager( 1629): 	at com.android.server.am.ActivityRecord.getStackLocked(ActivityRecord.java:2090)
12-13 23:02:51.311 W/ActivityManager( 1629): 	at com.android.server.am.ActivityManagerService.getActivityStackId(ActivityManagerService.java:10417)
12-13 23:02:51.311 W/ActivityManager( 1629): 	at android.app.IActivityManager$Stub.onTransact(IActivityManager.java:3548)
12-13 23:02:51.311 W/ActivityManager( 1629): 	at com.android.server.am.ActivityManagerService.onTransact(ActivityManagerService.java:2935)
12-13 23:02:51.311 W/ActivityManager( 1629): 	at android.os.Binder.execTransact(Binder.java:674)
12-13 23:02:51.330 D/EGL_emulation( 2149): eglMakeCurrent: 0x9bffc9c0: ver 3 0 (tinfo 0x9bfff770)
12-13 23:02:51.333 D/EGL_emulation( 2190): eglMakeCurrent: 0x9e585840: ver 3 0 (tinfo 0x9e5836c0)
12-13 23:02:51.333 V/StatusBar( 1726): setLightsOn(true)
12-13 23:02:51.352 D/EGL_emulation( 1726): eglMakeCurrent: 0x9a03b0a0: ver 3 0 (tinfo 0x9a07fae0)
12-13 23:02:51.372 I/chatty  ( 1726): uid=10028(u0_a28) RenderThread identical 1 line
12-13 23:02:51.380 D/EGL_emulation( 1726): eglMakeCurrent: 0x9a03b0a0: ver 3 0 (tinfo 0x9a07fae0)
12-13 23:02:51.381 E/ContentStoreEUAS( 2190): Failed to commit the deferred actions
12-13 23:02:51.384 V/StatusBar( 1726): setLightsOn(true)
12-13 23:02:51.386 D/EGL_emulation( 1726): eglMakeCurrent: 0x9a03b0a0: ver 3 0 (tinfo 0x9a07fae0)
12-13 23:02:51.398 D/FillupsProvider( 4443): Creating database
12-13 23:02:51.402 D/EGL_emulation( 1726): eglMakeCurrent: 0x9a03b0a0: ver 3 0 (tinfo 0x9a07fae0)
12-13 23:02:51.481 I/chatty  ( 1726): uid=10028(u0_a28) RenderThread identical 9 lines
12-13 23:02:51.485 D/EGL_emulation( 1726): eglMakeCurrent: 0x9a03b0a0: ver 3 0 (tinfo 0x9a07fae0)
12-13 23:02:51.489 I/zygote  ( 4443): Do partial code cache collection, code=30KB, data=22KB
12-13 23:02:51.491 I/zygote  ( 4443): After code cache collection, code=30KB, data=22KB
12-13 23:02:51.491 I/zygote  ( 4443): Increasing code cache capacity to 128KB
12-13 23:02:51.500 D/EGL_emulation( 1726): eglMakeCurrent: 0x9a03b0a0: ver 3 0 (tinfo 0x9a07fae0)
12-13 23:02:51.536 I/chatty  ( 1726): uid=10028(u0_a28) RenderThread identical 5 lines
12-13 23:02:51.541 W/ActivityManager( 1629): Bad activity token: android.os.BinderProxy@9174040
12-13 23:02:51.541 W/ActivityManager( 1629): java.lang.ClassCastException: android.os.BinderProxy cannot be cast to com.android.server.am.ActivityRecord$Token
12-13 23:02:51.541 W/ActivityManager( 1629): 	at com.android.server.am.ActivityRecord.forTokenLocked(ActivityRecord.java:778)
12-13 23:02:51.541 W/ActivityManager( 1629): 	at com.android.server.am.ActivityRecord.isInStackLocked(ActivityRecord.java:2085)
12-13 23:02:51.541 W/ActivityManager( 1629): 	at com.android.server.am.ActivityManagerService.getActivityOptions(ActivityManagerService.java:13302)
12-13 23:02:51.541 W/ActivityManager( 1629): 	at android.app.IActivityManager$Stub.onTransact(IActivityManager.java:2910)
12-13 23:02:51.541 W/ActivityManager( 1629): 	at com.android.server.am.ActivityManagerService.onTransact(ActivityManagerService.java:2935)
12-13 23:02:51.541 W/ActivityManager( 1629): 	at android.os.Binder.execTransact(Binder.java:674)
12-13 23:02:51.544 W/ActivityManager( 1629): Bad activity token: android.os.BinderProxy@9174040
12-13 23:02:51.544 W/ActivityManager( 1629): java.lang.ClassCastException: android.os.BinderProxy cannot be cast to com.android.server.am.ActivityRecord$Token
12-13 23:02:51.544 W/ActivityManager( 1629): 	at com.android.server.am.ActivityRecord.forTokenLocked(ActivityRecord.java:778)
12-13 23:02:51.544 W/ActivityManager( 1629): 	at com.android.server.am.ActivityRecord.isInStackLocked(ActivityRecord.java:2085)
12-13 23:02:51.544 W/ActivityManager( 1629): 	at com.android.server.am.ActivityManagerService.getActivityOptions(ActivityManagerService.java:13302)
12-13 23:02:51.544 W/ActivityManager( 1629): 	at android.app.IActivityManager$Stub.onTransact(IActivityManager.java:2910)
12-13 23:02:51.544 W/ActivityManager( 1629): 	at com.android.server.am.ActivityManagerService.onTransact(ActivityManagerService.java:2935)
12-13 23:02:51.544 W/ActivityManager( 1629): 	at android.os.Binder.execTransact(Binder.java:674)
12-13 23:02:51.548 D/EGL_emulation( 1726): eglMakeCurrent: 0x9a03b0a0: ver 3 0 (tinfo 0x9a07fae0)
12-13 23:02:51.626 V/StatusBar( 1726): setLightsOn(true)
12-13 23:02:51.670 I/zygote  ( 4443): Do partial code cache collection, code=44KB, data=56KB
12-13 23:02:51.671 I/zygote  ( 4443): After code cache collection, code=44KB, data=56KB
12-13 23:02:51.671 I/zygote  ( 4443): Increasing code cache capacity to 256KB
12-13 23:02:51.672 I/zygote  ( 4443): JIT allocated 71KB for compiled code of void android.widget.TextView.<init>(android.content.Context, android.util.AttributeSet, int, int)
12-13 23:02:51.672 I/zygote  ( 4443): Compiler allocated 4MB to compile void android.widget.TextView.<init>(android.content.Context, android.util.AttributeSet, int, int)
12-13 23:02:51.706 V/StatusBar( 1726): setLightsOn(true)
12-13 23:02:51.709 I/chatty  ( 1726): uid=10028(u0_a28) com.android.systemui identical 1 line
12-13 23:02:51.712 V/StatusBar( 1726): setLightsOn(true)
12-13 23:02:51.735 I/zygote  ( 4443): Do full code cache collection, code=124KB, data=70KB
12-13 23:02:51.736 I/zygote  ( 4443): After code cache collection, code=91KB, data=39KB
12-13 23:02:51.741 D/gralloc_ranchu( 1395): gralloc_alloc: Creating ashmem region of size 7753728
12-13 23:02:51.760 V/StatusBar( 1726): setLightsOn(true)
12-13 23:02:51.765 D/        ( 4443): HostConnection::get() New Host Connection established 0x9bc30b80, tid 4443
12-13 23:02:51.813 V/StatusBar( 1726): setLightsOn(true)
12-13 23:02:51.815 V/StatusBar( 1726): setLightsOn(true)
12-13 23:02:51.819 I/ActivityManager( 1629): Displayed com.evancharlton.mileage/.Mileage: +560ms
12-13 23:02:51.825 V/StatusBar( 1726): setLightsOn(true)
12-13 23:02:51.842 D/gralloc_ranchu( 1395): gralloc_alloc: Creating ashmem region of size 7753728
12-13 23:02:51.843 V/StatusBar( 1726): setLightsOn(true)
12-13 23:02:51.996 V/StatusBar( 1726): setLightsOn(true)
12-13 23:02:52.018 I/System.out( 4443): URI: //
12-13 23:02:52.018 I/System.out( 4443): params: {json={"command":"set_activity_orientation","arguments":["landscape"]}
12-13 23:02:52.018 I/System.out( 4443): }
12-13 23:02:52.018 I/System.out( 4443): header: {content-type=application/json;charset=utf-8, date=Mon, 14 Dec 2020 04:02:52 GMT, accept=*/*, host=127.0.0.1:34777, content-length=64, user-agent=HTTPClient/1.0 (2.8.3, ruby 2.5.8 (2020-03-31))}
12-13 23:02:52.018 I/System.out( 4443): params: {json={"command":"set_activity_orientation","arguments":["landscape"]}
12-13 23:02:52.018 I/System.out( 4443): }
12-13 23:02:52.018 I/System.out( 4443): ProP json = {"command":"set_activity_orientation","arguments":["landscape"]}
12-13 23:02:52.018 I/System.out( 4443): files: {}
12-13 23:02:52.018 I/System.out( 4443): command: {"command":"set_activity_orientation","arguments":["landscape"]}
12-13 23:02:52.021 I/InstrumentationBackend( 4443): Got command:'Command:'Line:null,set_activity_orientation', arguments:'[landscape]'
12-13 23:02:52.032 D/gralloc_ranchu( 1395): gralloc_alloc: Creating ashmem region of size 8298496
12-13 23:02:52.048 W/LocalDisplayAdapter( 1629): Unable to find color mode 0, ignoring request.
12-13 23:02:52.058 I/ActivityManager( 1629): Config changes=480 {1.0 310mcc260mnc [en_US] ldltr sw411dp w683dp h387dp 420dpi nrml land finger qwerty/v/v -nav/h appBounds=Rect(0, 0 - 1794, 1080) s.7}
12-13 23:02:52.063 I/InputReader( 1629): Reconfiguring input devices.  changes=0x00000004
12-13 23:02:52.063 I/InputReader( 1629): Device reconfigured: id=0, name='qwerty2', size 1080x1920, orientation 1, mode 1, display id 0
12-13 23:02:52.070 I/ActivityManager( 1629): Override config changes=480 {1.0 310mcc260mnc [en_US] ldltr sw411dp w683dp h387dp 420dpi nrml land finger qwerty/v/v -nav/h appBounds=Rect(0, 0 - 1794, 1080) s.7} for displayId=0
12-13 23:02:52.078 I/InputReader( 1629): Reconfiguring input devices.  changes=0x00000004
12-13 23:02:52.079 I/InputReader( 1629): Reconfiguring input devices.  changes=0x00000004
12-13 23:02:52.152 I/calabash( 4443): newActivity1
12-13 23:02:52.185 D/gralloc_ranchu( 1395): gralloc_alloc: Creating ashmem region of size 544768
12-13 23:02:52.202 D/EGL_emulation( 1726): eglMakeCurrent: 0x9a03b0a0: ver 3 0 (tinfo 0x9a07fae0)
12-13 23:02:52.206 D/NuPlayerDriver( 1484): NuPlayerDriver(0xae54d230) created, clientPid(1726)
12-13 23:02:52.210 D/gralloc_ranchu( 1395): gralloc_alloc: Creating ashmem region of size 544768
12-13 23:02:52.223 D/GenericSource( 1484): FileSource remote
12-13 23:02:52.236 D/NuPlayerDriver( 1484): notifyListener_l(0xae54d230), (1, 0, 0, -1), loop setting(0, 0)
12-13 23:02:52.241 I/zygote  ( 1720): Do partial code cache collection, code=60KB, data=39KB
12-13 23:02:52.254 I/zygote  ( 1720): After code cache collection, code=57KB, data=38KB
12-13 23:02:52.254 I/zygote  ( 1720): Increasing code cache capacity to 256KB
12-13 23:02:52.255 W/ActivityManager( 1629): Bad activity token: android.os.BinderProxy@2ceba59
12-13 23:02:52.255 W/ActivityManager( 1629): java.lang.ClassCastException: android.os.BinderProxy cannot be cast to com.android.server.am.ActivityRecord$Token
12-13 23:02:52.255 W/ActivityManager( 1629): 	at com.android.server.am.ActivityRecord.forTokenLocked(ActivityRecord.java:778)
12-13 23:02:52.255 W/ActivityManager( 1629): 	at com.android.server.am.ActivityRecord.isInStackLocked(ActivityRecord.java:2085)
12-13 23:02:52.255 W/ActivityManager( 1629): 	at com.android.server.am.ActivityRecord.getStackLocked(ActivityRecord.java:2090)
12-13 23:02:52.255 W/ActivityManager( 1629): 	at com.android.server.am.ActivityManagerService.getActivityDisplayId(ActivityManagerService.java:10406)
12-13 23:02:52.255 W/ActivityManager( 1629): 	at android.app.IActivityManager$Stub.onTransact(IActivityManager.java:2738)
12-13 23:02:52.255 W/ActivityManager( 1629): 	at com.android.server.am.ActivityManagerService.onTransact(ActivityManagerService.java:2935)
12-13 23:02:52.255 W/ActivityManager( 1629): 	at android.os.Binder.execTransact(Binder.java:674)
12-13 23:02:52.256 I/calabash( 4443): newActivity1
12-13 23:02:52.259 I/MediaFocusControl( 1629):  AudioFocus  requestAudioFocus() from uid/pid 10028/1726 clientId=android.media.AudioManager@6397fe8 req=3 flags=0x0
12-13 23:02:52.269 W/ActivityManager( 1629): Bad activity token: android.os.BinderProxy@2ceba59
12-13 23:02:52.269 W/ActivityManager( 1629): java.lang.ClassCastException: android.os.BinderProxy cannot be cast to com.android.server.am.ActivityRecord$Token
12-13 23:02:52.269 W/ActivityManager( 1629): 	at com.android.server.am.ActivityRecord.forTokenLocked(ActivityRecord.java:778)
12-13 23:02:52.269 W/ActivityManager( 1629): 	at com.android.server.am.ActivityRecord.isInStackLocked(ActivityRecord.java:2085)
12-13 23:02:52.269 W/ActivityManager( 1629): 	at com.android.server.am.ActivityManagerService.setTaskDescription(ActivityManagerService.java:9988)
12-13 23:02:52.269 W/ActivityManager( 1629): 	at android.app.IActivityManager$Stub.onTransact(IActivityManager.java:2824)
12-13 23:02:52.269 W/ActivityManager( 1629): 	at com.android.server.am.ActivityManagerService.onTransact(ActivityManagerService.java:2935)
12-13 23:02:52.269 W/ActivityManager( 1629): 	at android.os.Binder.execTransact(Binder.java:674)
12-13 23:02:52.270 W/ActivityManager( 1629): Bad activity token: android.os.BinderProxy@2ceba59
12-13 23:02:52.270 W/ActivityManager( 1629): java.lang.ClassCastException: android.os.BinderProxy cannot be cast to com.android.server.am.ActivityRecord$Token
12-13 23:02:52.270 W/ActivityManager( 1629): 	at com.android.server.am.ActivityRecord.forTokenLocked(ActivityRecord.java:778)
12-13 23:02:52.270 W/ActivityManager( 1629): 	at com.android.server.am.ActivityRecord.isInStackLocked(ActivityRecord.java:2085)
12-13 23:02:52.270 W/ActivityManager( 1629): 	at com.android.server.am.ActivityRecord.getStackLocked(ActivityRecord.java:2090)
12-13 23:02:52.270 W/ActivityManager( 1629): 	at com.android.server.am.ActivityManagerService.getActivityStackId(ActivityManagerService.java:10417)
12-13 23:02:52.270 W/ActivityManager( 1629): 	at android.app.IActivityManager$Stub.onTransact(IActivityManager.java:3548)
12-13 23:02:52.270 W/ActivityManager( 1629): 	at com.android.server.am.ActivityManagerService.onTransact(ActivityManagerService.java:2935)
12-13 23:02:52.270 W/ActivityManager( 1629): 	at android.os.Binder.execTransact(Binder.java:674)
12-13 23:02:52.284 I/System.out( 4443): result:{"bonusInformation":[],"message":"","success":true}
12-13 23:02:52.309 V/StatusBar( 1726): setLightsOn(true)
12-13 23:02:52.314 D/gralloc_ranchu( 1395): gralloc_alloc: Creating ashmem region of size 544768
12-13 23:02:52.356 W/ActivityManager( 1629): Bad activity token: android.os.BinderProxy@2ceba59
12-13 23:02:52.356 W/ActivityManager( 1629): java.lang.ClassCastException: android.os.BinderProxy cannot be cast to com.android.server.am.ActivityRecord$Token
12-13 23:02:52.356 W/ActivityManager( 1629): 	at com.android.server.am.ActivityRecord.forTokenLocked(ActivityRecord.java:778)
12-13 23:02:52.356 W/ActivityManager( 1629): 	at com.android.server.am.ActivityRecord.isInStackLocked(ActivityRecord.java:2085)
12-13 23:02:52.356 W/ActivityManager( 1629): 	at com.android.server.am.ActivityManagerService.getActivityOptions(ActivityManagerService.java:13302)
12-13 23:02:52.356 W/ActivityManager( 1629): 	at android.app.IActivityManager$Stub.onTransact(IActivityManager.java:2910)
12-13 23:02:52.356 W/ActivityManager( 1629): 	at com.android.server.am.ActivityManagerService.onTransact(ActivityManagerService.java:2935)
12-13 23:02:52.356 W/ActivityManager( 1629): 	at android.os.Binder.execTransact(Binder.java:674)
12-13 23:02:52.356 W/ActivityManager( 1629): Bad activity token: android.os.BinderProxy@2ceba59
12-13 23:02:52.356 W/ActivityManager( 1629): java.lang.ClassCastException: android.os.BinderProxy cannot be cast to com.android.server.am.ActivityRecord$Token
12-13 23:02:52.356 W/ActivityManager( 1629): 	at com.android.server.am.ActivityRecord.forTokenLocked(ActivityRecord.java:778)
12-13 23:02:52.356 W/ActivityManager( 1629): 	at com.android.server.am.ActivityRecord.isInStackLocked(ActivityRecord.java:2085)
12-13 23:02:52.356 W/ActivityManager( 1629): 	at com.android.server.am.ActivityManagerService.getActivityOptions(ActivityManagerService.java:13302)
12-13 23:02:52.356 W/ActivityManager( 1629): 	at android.app.IActivityManager$Stub.onTransact(IActivityManager.java:2910)
12-13 23:02:52.356 W/ActivityManager( 1629): 	at com.android.server.am.ActivityManagerService.onTransact(ActivityManagerService.java:2935)
12-13 23:02:52.356 W/ActivityManager( 1629): 	at android.os.Binder.execTransact(Binder.java:674)
12-13 23:02:52.385 D/gralloc_ranchu( 1395): gralloc_alloc: Creating ashmem region of size 487424
12-13 23:02:52.403 D/StatusBar( 1726): disable<e i a s b h r c s q >
12-13 23:02:52.409 D/EGL_emulation( 1726): eglMakeCurrent: 0x9a03b0a0: ver 3 0 (tinfo 0x9a07fae0)
12-13 23:02:52.414 D/gralloc_ranchu( 1395): gralloc_alloc: Creating ashmem region of size 487424
12-13 23:02:52.428 I/zygote  ( 1726): Do partial code cache collection, code=123KB, data=93KB
12-13 23:02:52.429 I/zygote  ( 1726): After code cache collection, code=122KB, data=92KB
12-13 23:02:52.429 I/zygote  ( 1726): Increasing code cache capacity to 512KB
12-13 23:02:52.464 D/gralloc_ranchu( 1395): gralloc_alloc: Creating ashmem region of size 487424
12-13 23:02:52.475 D/EGL_emulation( 1726): eglMakeCurrent: 0x9a03b0a0: ver 3 0 (tinfo 0x9a07fae0)
12-13 23:02:52.480 I/zygote  ( 4443): Do partial code cache collection, code=123KB, data=76KB
12-13 23:02:52.480 I/zygote  ( 4443): After code cache collection, code=123KB, data=76KB
12-13 23:02:52.480 I/zygote  ( 4443): Increasing code cache capacity to 512KB
12-13 23:02:52.488 D/EGL_emulation( 1726): eglMakeCurrent: 0x9a03b0a0: ver 3 0 (tinfo 0x9a07fae0)
12-13 23:02:52.495 V/StatusBar( 1726): setLightsOn(true)
12-13 23:02:52.508 D/gralloc_ranchu( 1395): gralloc_alloc: Creating ashmem region of size 7753728
12-13 23:02:52.585 I/WindowManager( 1629): Screen frozen for +563ms due to Window{dea1fcd u0 com.evancharlton.mileage/com.evancharlton.mileage.Mileage}
12-13 23:02:52.594 D/gralloc_ranchu( 1395): gralloc_alloc: Creating ashmem region of size 7753728
12-13 23:02:52.597 D/SurfaceFlinger( 1407): duplicate layer name: changing BlackSurface to BlackSurface#1
12-13 23:02:52.599 I/chatty  ( 1407): uid=1000(system) /system/bin/surfaceflinger identical 1 line
12-13 23:02:52.601 D/SurfaceFlinger( 1407): duplicate layer name: changing BlackSurface to BlackSurface#1
12-13 23:02:52.614 V/StatusBar( 1726): setLightsOn(true)
12-13 23:02:52.657 W/SurfaceFlinger( 1407): couldn't log to binary event log: overflow.
12-13 23:02:52.681 E/memtrack( 1629): Couldn't load memtrack module
12-13 23:02:52.681 W/android.os.Debug( 1629): failed to get memory consumption info: -1
12-13 23:02:52.719 I/PBSessionCacheImpl( 2190): Deleted sessionId[1734066104047] from persistence.
12-13 23:02:52.770 W/SearchService( 2190): Abort, client detached.
12-13 23:02:52.771 D/NuPlayerDriver( 1484): start(0xae54d230), state is 4, eos is 0
12-13 23:02:52.771 I/GenericSource( 1484): start
12-13 23:02:52.787 I/OMXClient( 1484): Treble IOmx obtained
12-13 23:02:52.787 I/OMXMaster( 1489): makeComponentInstance(OMX.google.vorbis.decoder) in omx@1.0-service process
12-13 23:02:52.788 E/OMXNodeInstance( 1489): setConfig(0xa6420f00:google.vorbis.decoder, ConfigPriority(0x6f800002)) ERROR: Undefined(0x80001001)
12-13 23:02:52.788 I/ACodec  ( 1484): codec does not support config priority (err -2147483648)
12-13 23:02:52.789 E/OMXNodeInstance( 1489): getConfig(0xa6420f00:google.vorbis.decoder, ConfigAndroidVendorExtension(0x6f100004)) ERROR: Undefined(0x80001001)
12-13 23:02:52.790 I/MediaCodec( 1484): MediaCodec will operate in async mode
12-13 23:02:52.792 W//system/bin/hw/android.hidl.allocator@1.0-service( 1388): ashmem_create_region(32768) returning hidl_memory(0xad11b850, 32768)
12-13 23:02:52.820 I/chatty  ( 1388): uid=1000(system) allocator@1.0-s identical 10 lines
12-13 23:02:52.820 W//system/bin/hw/android.hidl.allocator@1.0-service( 1388): ashmem_create_region(32768) returning hidl_memory(0xad11b850, 32768)
12-13 23:02:52.842 D/AudioTrack( 1484): Client defaulted notificationFrames to 7406 for frameCount 22218
12-13 23:02:52.845 D/NuPlayerDriver( 1484): notifyListener_l(0xae54d230), (6, 0, 0, -1), loop setting(0, 0)
12-13 23:02:52.853 W/audio_hw_generic( 1389): Not supplying enough data to HAL, expected position 354318 , only wrote 354240
12-13 23:02:53.046 V/StatusBar( 1726): setLightsOn(true)
12-13 23:02:53.540 D/AudioFlinger( 1476): mixer(0xa7603380) throttle end: throttle time(2)
12-13 23:02:53.703 D/gralloc_ranchu( 1395): gralloc_alloc: Creating ashmem region of size 7753728
12-13 23:02:54.134 E/WifiVendorHal( 1629): getTxPktFates(l.1941) failed {.code = ERROR_NOT_SUPPORTED, .description = }
12-13 23:02:54.135 E/WifiVendorHal( 1629): getRxPktFates(l.1981) failed {.code = ERROR_NOT_SUPPORTED, .description = }
12-13 23:02:54.391 I/NuPlayerDecoder( 1484): [audio] saw output EOS
12-13 23:02:54.392 D/AudioTrack( 1484): stop() called with 84672 frames delivered
12-13 23:02:54.512 E/SurfaceFlinger( 1407): ro.sf.lcd_density must be defined as a build property
12-13 23:02:54.520 D/gralloc_ranchu( 1395): gralloc_alloc: Creating ashmem region of size 8298496
12-13 23:02:54.529 D/        ( 4500): HostConnection::get() New Host Connection established 0xaa52f800, tid 4500
12-13 23:02:54.692 E/memtrack( 1629): Couldn't load memtrack module
12-13 23:02:54.692 W/android.os.Debug( 1629): failed to get memory consumption info: -1
12-13 23:02:54.726 I/zygote  ( 1629): Explicit concurrent copying GC freed 27499(1955KB) AllocSpace objects, 10(200KB) LOS objects, 37% free, 9MB/15MB, paused 359us total 114.417ms
12-13 23:02:54.732 E/memtrack( 1629): Couldn't load memtrack module
12-13 23:02:54.732 W/android.os.Debug( 1629): failed to get memory consumption info: -1
12-13 23:02:54.843 I/System.out( 4443): URI: //
12-13 23:02:54.843 I/System.out( 4443): params: {json={"command":"set_activity_orientation","arguments":["portrait"]}
12-13 23:02:54.843 I/System.out( 4443): }
12-13 23:02:54.843 I/System.out( 4443): header: {content-type=application/json;charset=utf-8, date=Mon, 14 Dec 2020 04:02:55 GMT, accept=*/*, host=127.0.0.1:34777, content-length=63, user-agent=HTTPClient/1.0 (2.8.3, ruby 2.5.8 (2020-03-31))}
12-13 23:02:54.843 I/System.out( 4443): params: {json={"command":"set_activity_orientation","arguments":["portrait"]}
12-13 23:02:54.843 I/System.out( 4443): }
12-13 23:02:54.843 I/System.out( 4443): ProP json = {"command":"set_activity_orientation","arguments":["portrait"]}
12-13 23:02:54.843 I/System.out( 4443): files: {}
12-13 23:02:54.843 I/System.out( 4443): command: {"command":"set_activity_orientation","arguments":["portrait"]}
12-13 23:02:54.846 I/InstrumentationBackend( 4443): Got command:'Command:'Line:null,set_activity_orientation', arguments:'[portrait]'
12-13 23:02:54.850 D/gralloc_ranchu( 1395): gralloc_alloc: Creating ashmem region of size 8298496
12-13 23:02:54.866 W/LocalDisplayAdapter( 1629): Unable to find color mode 0, ignoring request.
12-13 23:02:54.892 I/ActivityManager( 1629): Config changes=480 {1.0 310mcc260mnc [en_US] ldltr sw411dp w411dp h659dp 420dpi nrml port finger qwerty/v/v -nav/h appBounds=Rect(0, 0 - 1080, 1794) s.8}
12-13 23:02:54.901 I/InputReader( 1629): Reconfiguring input devices.  changes=0x00000004
12-13 23:02:54.901 I/InputReader( 1629): Device reconfigured: id=0, name='qwerty2', size 1080x1920, orientation 0, mode 1, display id 0
12-13 23:02:54.908 I/InputReader( 1629): Reconfiguring input devices.  changes=0x00000004
12-13 23:02:54.909 I/InputReader( 1629): Reconfiguring input devices.  changes=0x00000004
12-13 23:02:54.932 I/ActivityManager( 1629): Override config changes=480 {1.0 310mcc260mnc [en_US] ldltr sw411dp w411dp h659dp 420dpi nrml port finger qwerty/v/v -nav/h appBounds=Rect(0, 0 - 1080, 1794) s.8} for displayId=0
12-13 23:02:54.963 D/NuPlayerDriver( 1484): notifyListener_l(0xae54d230), (2, 0, 0, -1), loop setting(0, 0)
12-13 23:02:54.966 I/MediaFocusControl( 1629):  AudioFocus  abandonAudioFocus() from uid/pid 10028/1726 clientId=android.media.AudioManager@6397fe8
12-13 23:02:54.971 I/calabash( 4443): newActivity1
12-13 23:02:54.982 D/gralloc_ranchu( 1395): gralloc_alloc: Creating ashmem region of size 544768
12-13 23:02:55.001 W/ActivityManager( 1629): Bad activity token: android.os.BinderProxy@83ec20b
12-13 23:02:55.001 W/ActivityManager( 1629): java.lang.ClassCastException: android.os.BinderProxy cannot be cast to com.android.server.am.ActivityRecord$Token
12-13 23:02:55.001 W/ActivityManager( 1629): 	at com.android.server.am.ActivityRecord.forTokenLocked(ActivityRecord.java:778)
12-13 23:02:55.001 W/ActivityManager( 1629): 	at com.android.server.am.ActivityRecord.isInStackLocked(ActivityRecord.java:2085)
12-13 23:02:55.001 W/ActivityManager( 1629): 	at com.android.server.am.ActivityRecord.getStackLocked(ActivityRecord.java:2090)
12-13 23:02:55.001 W/ActivityManager( 1629): 	at com.android.server.am.ActivityManagerService.getActivityDisplayId(ActivityManagerService.java:10406)
12-13 23:02:55.001 W/ActivityManager( 1629): 	at android.app.IActivityManager$Stub.onTransact(IActivityManager.java:2738)
12-13 23:02:55.001 W/ActivityManager( 1629): 	at com.android.server.am.ActivityManagerService.onTransact(ActivityManagerService.java:2935)
12-13 23:02:55.001 W/ActivityManager( 1629): 	at android.os.Binder.execTransact(Binder.java:674)
12-13 23:02:55.002 I/calabash( 4443): newActivity1
12-13 23:02:55.004 W/ActivityManager( 1629): Bad activity token: android.os.BinderProxy@83ec20b
12-13 23:02:55.004 W/ActivityManager( 1629): java.lang.ClassCastException: android.os.BinderProxy cannot be cast to com.android.server.am.ActivityRecord$Token
12-13 23:02:55.004 W/ActivityManager( 1629): 	at com.android.server.am.ActivityRecord.forTokenLocked(ActivityRecord.java:778)
12-13 23:02:55.004 W/ActivityManager( 1629): 	at com.android.server.am.ActivityRecord.isInStackLocked(ActivityRecord.java:2085)
12-13 23:02:55.004 W/ActivityManager( 1629): 	at com.android.server.am.ActivityManagerService.setTaskDescription(ActivityManagerService.java:9988)
12-13 23:02:55.004 W/ActivityManager( 1629): 	at android.app.IActivityManager$Stub.onTransact(IActivityManager.java:2824)
12-13 23:02:55.004 W/ActivityManager( 1629): 	at com.android.server.am.ActivityManagerService.onTransact(ActivityManagerService.java:2935)
12-13 23:02:55.004 W/ActivityManager( 1629): 	at android.os.Binder.execTransact(Binder.java:674)
12-13 23:02:55.008 D/EGL_emulation( 1726): eglMakeCurrent: 0x9a03b0a0: ver 3 0 (tinfo 0x9a07fae0)
12-13 23:02:55.008 W/ActivityManager( 1629): Bad activity token: android.os.BinderProxy@83ec20b
12-13 23:02:55.008 W/ActivityManager( 1629): java.lang.ClassCastException: android.os.BinderProxy cannot be cast to com.android.server.am.ActivityRecord$Token
12-13 23:02:55.008 W/ActivityManager( 1629): 	at com.android.server.am.ActivityRecord.forTokenLocked(ActivityRecord.java:778)
12-13 23:02:55.008 W/ActivityManager( 1629): 	at com.android.server.am.ActivityRecord.isInStackLocked(ActivityRecord.java:2085)
12-13 23:02:55.008 W/ActivityManager( 1629): 	at com.android.server.am.ActivityRecord.getStackLocked(ActivityRecord.java:2090)
12-13 23:02:55.008 W/ActivityManager( 1629): 	at com.android.server.am.ActivityManagerService.getActivityStackId(ActivityManagerService.java:10417)
12-13 23:02:55.008 W/ActivityManager( 1629): 	at android.app.IActivityManager$Stub.onTransact(IActivityManager.java:3548)
12-13 23:02:55.008 W/ActivityManager( 1629): 	at com.android.server.am.ActivityManagerService.onTransact(ActivityManagerService.java:2935)
12-13 23:02:55.008 W/ActivityManager( 1629): 	at android.os.Binder.execTransact(Binder.java:674)
12-13 23:02:55.018 D/gralloc_ranchu( 1395): gralloc_alloc: Creating ashmem region of size 544768
12-13 23:02:55.056 W/ActivityManager( 1629): Bad activity token: android.os.BinderProxy@83ec20b
12-13 23:02:55.056 W/ActivityManager( 1629): java.lang.ClassCastException: android.os.BinderProxy cannot be cast to com.android.server.am.ActivityRecord$Token
12-13 23:02:55.056 W/ActivityManager( 1629): 	at com.android.server.am.ActivityRecord.forTokenLocked(ActivityRecord.java:778)
12-13 23:02:55.056 W/ActivityManager( 1629): 	at com.android.server.am.ActivityRecord.isInStackLocked(ActivityRecord.java:2085)
12-13 23:02:55.056 W/ActivityManager( 1629): 	at com.android.server.am.ActivityManagerService.getActivityOptions(ActivityManagerService.java:13302)
12-13 23:02:55.056 W/ActivityManager( 1629): 	at android.app.IActivityManager$Stub.onTransact(IActivityManager.java:2910)
12-13 23:02:55.056 W/ActivityManager( 1629): 	at com.android.server.am.ActivityManagerService.onTransact(ActivityManagerService.java:2935)
12-13 23:02:55.056 W/ActivityManager( 1629): 	at android.os.Binder.execTransact(Binder.java:674)
12-13 23:02:55.061 W/ActivityManager( 1629): Bad activity token: android.os.BinderProxy@83ec20b
12-13 23:02:55.061 W/ActivityManager( 1629): java.lang.ClassCastException: android.os.BinderProxy cannot be cast to com.android.server.am.ActivityRecord$Token
12-13 23:02:55.061 W/ActivityManager( 1629): 	at com.android.server.am.ActivityRecord.forTokenLocked(ActivityRecord.java:778)
12-13 23:02:55.061 W/ActivityManager( 1629): 	at com.android.server.am.ActivityRecord.isInStackLocked(ActivityRecord.java:2085)
12-13 23:02:55.061 W/ActivityManager( 1629): 	at com.android.server.am.ActivityManagerService.getActivityOptions(ActivityManagerService.java:13302)
12-13 23:02:55.061 W/ActivityManager( 1629): 	at android.app.IActivityManager$Stub.onTransact(IActivityManager.java:2910)
12-13 23:02:55.061 W/ActivityManager( 1629): 	at com.android.server.am.ActivityManagerService.onTransact(ActivityManagerService.java:2935)
12-13 23:02:55.061 W/ActivityManager( 1629): 	at android.os.Binder.execTransact(Binder.java:674)
12-13 23:02:55.077 V/StatusBar( 1726): setLightsOn(true)
12-13 23:02:55.083 D/gralloc_ranchu( 1395): gralloc_alloc: Creating ashmem region of size 544768
12-13 23:02:55.122 I/System.out( 4443): result:{"bonusInformation":[],"message":"","success":true}
12-13 23:02:55.136 I/zygote  ( 4443): JIT allocated 56KB for compiled code of void android.view.View.<init>(android.content.Context, android.util.AttributeSet, int, int)
12-13 23:02:55.145 D/gralloc_ranchu( 1395): gralloc_alloc: Creating ashmem region of size 274432
12-13 23:02:55.167 D/StatusBar( 1726): disable<e i a s b h r c s q >
12-13 23:02:55.173 D/EGL_emulation( 1726): eglMakeCurrent: 0x9a03b0a0: ver 3 0 (tinfo 0x9a07fae0)
12-13 23:02:55.185 D/gralloc_ranchu( 1395): gralloc_alloc: Creating ashmem region of size 274432
12-13 23:02:55.214 D/gralloc_ranchu( 1395): gralloc_alloc: Creating ashmem region of size 7753728
12-13 23:02:55.231 D/gralloc_ranchu( 1395): gralloc_alloc: Creating ashmem region of size 274432
12-13 23:02:55.243 I/zygote  ( 4443): Do full code cache collection, code=250KB, data=140KB
12-13 23:02:55.243 I/zygote  ( 4443): After code cache collection, code=249KB, data=104KB
12-13 23:02:55.258 E/TaskPersister( 1629): File error accessing recents directory (directory doesn't exist?).
12-13 23:02:55.258 D/EGL_emulation( 1726): eglMakeCurrent: 0x9a03b0a0: ver 3 0 (tinfo 0x9a07fae0)
12-13 23:02:55.262 D/EGL_emulation( 1726): eglMakeCurrent: 0x9a03b0a0: ver 3 0 (tinfo 0x9a07fae0)
12-13 23:02:55.265 V/StatusBar( 1726): setLightsOn(true)
12-13 23:02:55.288 I/chatty  ( 1726): uid=10028(u0_a28) com.android.systemui identical 1 line
12-13 23:02:55.291 I/WindowManager( 1629): Screen frozen for +443ms due to Window{9d2192c u0 com.evancharlton.mileage/com.evancharlton.mileage.Mileage}
12-13 23:02:55.294 V/StatusBar( 1726): setLightsOn(true)
12-13 23:02:55.305 D/gralloc_ranchu( 1395): gralloc_alloc: Creating ashmem region of size 7753728
12-13 23:02:55.731 V/StatusBar( 1726): setLightsOn(true)
12-13 23:02:56.382 D/gralloc_ranchu( 1395): gralloc_alloc: Creating ashmem region of size 7753728
12-13 23:02:56.631 I/zygote  ( 4443): Do partial code cache collection, code=249KB, data=111KB
12-13 23:02:56.631 I/zygote  ( 4443): After code cache collection, code=249KB, data=111KB
12-13 23:02:56.631 I/zygote  ( 4443): Increasing code cache capacity to 1024KB
12-13 23:02:57.335 E/SurfaceFlinger( 1407): ro.sf.lcd_density must be defined as a build property
12-13 23:02:57.338 I/zygote  ( 1629): Explicit concurrent copying GC freed 7427(819KB) AllocSpace objects, 2(56KB) LOS objects, 38% free, 9MB/15MB, paused 342us total 33.637ms
12-13 23:02:57.342 D/gralloc_ranchu( 1395): gralloc_alloc: Creating ashmem region of size 8298496
12-13 23:02:57.352 D/        ( 4510): HostConnection::get() New Host Connection established 0xb142f800, tid 4510
