--------- beginning of main
12-14 02:42:55.682 W/View    ( 3866): dispatchProvideAutofillStructure(): not laid out, ignoring
12-14 02:42:55.689 W/Binder  ( 1625): Outgoing transactions from this process must be FLAG_ONEWAY
12-14 02:42:55.689 W/Binder  ( 1625): java.lang.Throwable
12-14 02:42:55.689 W/Binder  ( 1625): 	at android.os.BinderProxy.transact(Binder.java:736)
12-14 02:42:55.689 W/Binder  ( 1625): 	at android.app.assist.AssistStructure$ParcelTransferReader.fetchData(AssistStructure.java:407)
12-14 02:42:55.689 W/Binder  ( 1625): 	at android.app.assist.AssistStructure$ParcelTransferReader.go(AssistStructure.java:343)
12-14 02:42:55.689 W/Binder  ( 1625): 	at android.app.assist.AssistStructure.ensureData(AssistStructure.java:2096)
12-14 02:42:55.689 W/Binder  ( 1625): 	at com.android.server.autofill.Session$1.send(Session.java:200)
12-14 02:42:55.689 W/Binder  ( 1625): 	at com.android.server.am.ActivityManagerService.reportAssistContextExtras(ActivityManagerService.java:13137)
12-14 02:42:55.689 W/Binder  ( 1625): 	at android.app.IActivityManager$Stub.onTransact(IActivityManager.java:2466)
12-14 02:42:55.689 W/Binder  ( 1625): 	at com.android.server.am.ActivityManagerService.onTransact(ActivityManagerService.java:2935)
12-14 02:42:55.689 W/Binder  ( 1625): 	at android.os.Binder.execTransact(Binder.java:674)
12-14 02:42:55.695 I/AssistStructure( 3866): Flattened final assist data: 5024 bytes, containing 2 windows, 19 views
12-14 02:42:55.699 D/gralloc_ranchu( 1396): gralloc_alloc: Creating ashmem region of size 303104
12-14 02:42:55.711 V/StatusBar( 1727): setLightsOn(true)
12-14 02:42:55.713 V/StatusBar( 1727): setLightsOn(true)
12-14 02:42:56.263 W/audio_hw_generic( 1390): Not supplying enough data to HAL, expected position 26115 , only wrote 2880
12-14 02:42:56.263 W/audio_hw_generic( 1390): Not supplying enough data to HAL, expected position 2897 , only wrote 2880
12-14 02:42:56.264 W/audio_hw_generic( 1390): Hardware backing HAL too slow, could only write 0 of 720 frames
12-14 02:42:56.263 W/AudioFlinger( 1474): write blocked for 548 msecs, 1 delayed writes, thread 0xae883e40
12-14 02:42:56.277 V/StatusBar( 1727): setLightsOn(true)
12-14 02:42:56.281 W/audio_hw_generic( 1390): Hardware backing HAL too slow, could only write 0 of 720 frames
12-14 02:42:56.293 D/AudioFlinger( 1474): mixer(0xae883e40) throttle end: throttle time(11)
12-14 02:42:56.300 V/StatusBar( 1727): setLightsOn(true)
12-14 02:42:56.337 I/AssistStructure( 1625): Flattened final assist data: 4496 bytes, containing 2 windows, 19 views
12-14 02:42:56.364 W/lgq     ( 1938): Pending fill request while another request in the same session was triggered. [CONTEXT service_id=177 ]
12-14 02:42:56.376 E/SurfaceFlinger( 1411): ro.sf.lcd_density must be defined as a build property
12-14 02:42:56.376 D/PermissionCache( 1411): checking android.permission.READ_FRAME_BUFFER for uid=2000 => granted (184 us)
12-14 02:42:56.377 D/gralloc_ranchu( 1396): gralloc_alloc: Creating ashmem region of size 7753728
12-14 02:42:56.399 D/gralloc_ranchu( 1396): gralloc_alloc: Creating ashmem region of size 8298496
12-14 02:42:56.419 D/        ( 3913): HostConnection::get() New Host Connection established 0xa852f800, tid 3913
12-14 02:42:56.915 D/BoundBrokerSvc( 1938): onUnbind: Intent { act=com.google.android.gms.auth.account.workaccount.START cmp=com.google.android.gms/.chimera.PersistentApiService }
12-14 02:42:56.978 I/System.out( 3866): URI: //kill
12-14 02:42:56.978 I/System.out( 3866): params: {json={}
12-14 02:42:56.978 I/System.out( 3866): }
12-14 02:42:56.978 I/System.out( 3866): Stopping test server
12-14 02:42:56.983 E/adbd    ( 1383): failed to connect to socket 'tcp:7102': Connection refused
12-14 02:42:56.985 E/adbd    ( 1383): failed to connect to socket 'tcp:7102': Connection refused
12-14 02:42:57.096 V/StatusBar( 1727): setLightsOn(true)
12-14 02:42:57.123 I/chatty  ( 1727): uid=10028(u0_a28) com.android.systemui identical 2 lines
12-14 02:42:57.127 V/StatusBar( 1727): setLightsOn(true)
12-14 02:42:57.138 D/gralloc_ranchu( 1396): gralloc_alloc: Creating ashmem region of size 8298496
12-14 02:42:57.141 V/StatusBar( 1727): setLightsOn(true)
12-14 02:42:57.149 D/SurfaceFlinger( 1411): duplicate layer name: changing com.google.android.apps.nexuslauncher/com.google.android.apps.nexuslauncher.NexusLauncherActivity to com.google.android.apps.nexuslauncher/com.google.android.apps.nexuslauncher.NexusLauncherActivity#1
12-14 02:42:57.153 D/gralloc_ranchu( 1396): gralloc_alloc: Creating ashmem region of size 8298496
12-14 02:42:57.164 D/gralloc_ranchu( 1396): gralloc_alloc: Creating ashmem region of size 8298496
12-14 02:42:57.187 D/EGL_emulation( 1727): eglMakeCurrent: 0x8fa5b280: ver 3 0 (tinfo 0xa0ae5cc0)
12-14 02:42:57.202 D/gralloc_ranchu( 1396): gralloc_alloc: Creating ashmem region of size 8298496
12-14 02:42:57.255 D/gralloc_ranchu( 1396): gralloc_alloc: Creating ashmem region of size 8298496
12-14 02:42:57.265 E/memtrack( 1625): Couldn't load memtrack module
12-14 02:42:57.265 W/android.os.Debug( 1625): failed to get memory consumption info: -1
12-14 02:42:57.268 D/BoundBrokerSvc( 1938): onUnbind: Intent { act=com.google.android.gms.auth.proximity.START cmp=com.google.android.gms/.chimera.PersistentBoundBrokerService }
12-14 02:42:57.274 D/BoundBrokerSvc( 2232): onUnbind: Intent { act=com.google.android.gms.auth.cryptauth.cryptauthservice.START cmp=com.google.android.gms/.chimera.GmsBoundBrokerService }
12-14 02:42:57.342 D/EGL_emulation( 2184): eglMakeCurrent: 0xa0cc8520: ver 3 0 (tinfo 0xa0e7fa40)
12-14 02:42:57.346 D/gralloc_ranchu( 1396): gralloc_alloc: Creating ashmem region of size 8298496
12-14 02:42:57.450 D/EGL_emulation( 2143): eglMakeCurrent: 0xa0cc7500: ver 3 0 (tinfo 0xa0e7fc40)
12-14 02:42:57.475 D/gralloc_ranchu( 1396): gralloc_alloc: Creating ashmem region of size 7753728
12-14 02:42:57.482 I/zygote  ( 2184): Deoptimizing void com.google.android.apps.gsa.search.core.service.worker.a.a.a(com.google.android.apps.gsa.search.core.state.qc) due to JIT inline cache
12-14 02:42:57.523 W/SessionLifecycleManager( 2184): Handover failed. Creating new session controller.
12-14 02:42:57.527 E/GmsClient( 2184): unable to connect to service: com.google.android.gms.speech.service.START on com.google.android.gms
12-14 02:42:57.530 I/OptInState( 2184): There is a new client and it does not support opt-in. Dropping request.
12-14 02:42:57.534 I/zygote  ( 2184): Deoptimizing int[] com.google.common.collect.gx.b(java.lang.Object[], int, int, int) due to JIT inline cache
12-14 02:42:57.540 D/        ( 1727): HostConnection::get() New Host Connection established 0x8f137440, tid 1741
12-14 02:42:57.550 D/EGL_emulation( 1727): eglMakeCurrent: 0x8fa5b280: ver 3 0 (tinfo 0xa0ae5cc0)
12-14 02:42:57.569 I/MicroDetectionWorker( 2184): #updateMicroDetector [detectionMode: [mDetectionMode: [1]]]
12-14 02:42:57.569 I/MicroDetectionWorker( 2184): #startMicroDetector [speakerMode: 0]
12-14 02:42:57.570 I/AudioController( 2184): Using mInputStreamFactoryBuilder
12-14 02:42:57.592 I/MicroDetectionWorker( 2184): onReady
12-14 02:42:57.598 D/EGL_emulation( 1727): eglMakeCurrent: 0x8fa5b280: ver 3 0 (tinfo 0xa0ae5cc0)
12-14 02:42:57.603 D/EGL_emulation( 1727): eglMakeCurrent: 0x8fa5b280: ver 3 0 (tinfo 0xa0ae5cc0)
12-14 02:42:57.605 I/MicroRecognitionRunner( 2184): Starting detection.
12-14 02:42:57.613 D/EGL_emulation( 1727): eglMakeCurrent: 0x8fa5b280: ver 3 0 (tinfo 0xa0ae5cc0)
12-14 02:42:57.618 I/MicrophoneInputStream( 2184): mic_starting com.google.android.apps.gsa.staticplugins.aa.c@59acb98
12-14 02:42:57.624 I/AudioFlinger( 1474): AudioFlinger's thread 0xad183d40 tid=3931 ready to run
12-14 02:42:57.631 D/EGL_emulation( 1727): eglMakeCurrent: 0x8fa5b280: ver 3 0 (tinfo 0xa0ae5cc0)
12-14 02:42:57.637 D/EGL_emulation( 1727): eglMakeCurrent: 0x8fa5b280: ver 3 0 (tinfo 0xa0ae5cc0)
12-14 02:42:57.642 I/MicrophoneInputStream( 2184): mic_started com.google.android.apps.gsa.staticplugins.aa.c@59acb98
12-14 02:42:57.644 I/MicroDetectionWorker( 2184): onReady
12-14 02:42:57.648 I/MicrophoneInputStream( 2184): mic_close com.google.android.apps.gsa.staticplugins.aa.c@59acb98
12-14 02:42:57.649 I/MicroRecognitionRunner( 2184): Detection finished
12-14 02:42:57.652 D/EGL_emulation( 1727): eglMakeCurrent: 0x8fa5b280: ver 3 0 (tinfo 0xa0ae5cc0)
12-14 02:42:57.657 W/ErrorReporter( 2184): reportError [type: 211, code: 524300]: Error reading from input stream
12-14 02:42:57.658 I/MicroRecognitionRunner( 2184): Stopping hotword detection.
12-14 02:42:57.659 W/ErrorProcessor( 2184): onFatalError, processing error from engine(4)
12-14 02:42:57.659 W/ErrorProcessor( 2184): com.google.android.apps.gsa.shared.speech.b.g: Error reading from input stream
12-14 02:42:57.659 W/ErrorProcessor( 2184): 	at com.google.android.apps.gsa.staticplugins.recognizer.j.a.a(SourceFile:28)
12-14 02:42:57.659 W/ErrorProcessor( 2184): 	at com.google.android.apps.gsa.staticplugins.recognizer.j.b.run(SourceFile:15)
12-14 02:42:57.659 W/ErrorProcessor( 2184): 	at java.util.concurrent.Executors$RunnableAdapter.call(Executors.java:457)
12-14 02:42:57.659 W/ErrorProcessor( 2184): 	at java.util.concurrent.FutureTask.run(FutureTask.java:266)
12-14 02:42:57.659 W/ErrorProcessor( 2184): 	at com.google.android.apps.gsa.shared.util.concurrent.a.ax.run(SourceFile:14)
12-14 02:42:57.659 W/ErrorProcessor( 2184): 	at com.google.android.apps.gsa.shared.util.concurrent.a.bl.run(SourceFile:4)
12-14 02:42:57.659 W/ErrorProcessor( 2184): 	at com.google.android.apps.gsa.shared.util.concurrent.a.bl.run(SourceFile:4)
12-14 02:42:57.659 W/ErrorProcessor( 2184): 	at java.util.concurrent.ThreadPoolExecutor.runWorker(ThreadPoolExecutor.java:1162)
12-14 02:42:57.659 W/ErrorProcessor( 2184): 	at java.util.concurrent.ThreadPoolExecutor$Worker.run(ThreadPoolExecutor.java:636)
12-14 02:42:57.659 W/ErrorProcessor( 2184): 	at java.lang.Thread.run(Thread.java:764)
12-14 02:42:57.659 W/ErrorProcessor( 2184): 	at com.google.android.apps.gsa.shared.util.concurrent.a.ai.run(SourceFile:6)
12-14 02:42:57.659 W/ErrorProcessor( 2184): Caused by: com.google.android.apps.gsa.shared.exception.GsaIOException: Error code: 393238 | Buffer overflow, no available space.
12-14 02:42:57.659 W/ErrorProcessor( 2184): 	at com.google.android.apps.gsa.speech.audio.Tee.f(SourceFile:103)
12-14 02:42:57.659 W/ErrorProcessor( 2184): 	at com.google.android.apps.gsa.speech.audio.au.read(SourceFile:2)
12-14 02:42:57.659 W/ErrorProcessor( 2184): 	at java.io.InputStream.read(InputStream.java:101)
12-14 02:42:57.659 W/ErrorProcessor( 2184): 	at com.google.android.apps.gsa.speech.audio.ao.run(SourceFile:18)
12-14 02:42:57.659 W/ErrorProcessor( 2184): 	at com.google.android.apps.gsa.speech.audio.an.run(SourceFile:2)
12-14 02:42:57.659 W/ErrorProcessor( 2184): 	... 9 more
12-14 02:42:57.659 I/AudioController( 2184): internalShutdown
12-14 02:42:57.664 D/EGL_emulation( 1727): eglMakeCurrent: 0x8fa5b280: ver 3 0 (tinfo 0xa0ae5cc0)
12-14 02:42:57.674 D/EGL_emulation( 1727): eglMakeCurrent: 0x8fa5b280: ver 3 0 (tinfo 0xa0ae5cc0)
12-14 02:42:57.674 I/zygote  ( 1727): NativeAllocBackground concurrent copying GC freed 3326(249KB) AllocSpace objects, 0(0B) LOS objects, 49% free, 4MB/8MB, paused 33.433ms total 112.655ms
12-14 02:42:57.678 I/MicroDetector( 2184): Keeping mic open: false
12-14 02:42:57.679 I/MicroDetectionWorker( 2184): #onError(false)
12-14 02:42:57.680 I/DeviceStateChecker( 2184): DeviceStateChecker cancelled
12-14 02:42:57.680 D/EGL_emulation( 1727): eglMakeCurrent: 0x8fa5b280: ver 3 0 (tinfo 0xa0ae5cc0)
12-14 02:42:57.695 I/chatty  ( 1727): uid=10028(u0_a28) RenderThread identical 1 line
12-14 02:42:57.699 D/EGL_emulation( 1727): eglMakeCurrent: 0x8fa5b280: ver 3 0 (tinfo 0xa0ae5cc0)
12-14 02:42:57.711 I/zygote  ( 1625): Background concurrent copying GC freed 49943(2MB) AllocSpace objects, 11(220KB) LOS objects, 36% free, 10MB/16MB, paused 762us total 234.816ms
12-14 02:42:57.714 D/EGL_emulation( 1727): eglMakeCurrent: 0x8fa5b280: ver 3 0 (tinfo 0xa0ae5cc0)
12-14 02:42:57.754 I/chatty  ( 1727): uid=10028(u0_a28) RenderThread identical 4 lines
12-14 02:42:57.776 D/EGL_emulation( 1727): eglMakeCurrent: 0x8fa5b280: ver 3 0 (tinfo 0xa0ae5cc0)
12-14 02:42:57.842 I/zygote  ( 2184): Do full code cache collection, code=247KB, data=203KB
12-14 02:42:57.842 I/zygote  ( 2184): After code cache collection, code=236KB, data=159KB
12-14 02:42:57.855 D/EGL_emulation( 1727): eglMakeCurrent: 0x8fa5b280: ver 3 0 (tinfo 0xa0ae5cc0)
12-14 02:42:57.919 W/OpenGLRenderer( 2143): Incorrectly called buildLayer on View: ShortcutAndWidgetContainer, destroying layer...
12-14 02:42:58.011 I/OpenGLRenderer( 1625): Initialized EGL, version 1.4
12-14 02:42:58.011 D/OpenGLRenderer( 1625): Swap behavior 1
12-14 02:42:58.011 W/OpenGLRenderer( 1625): Failed to choose config with EGL_SWAP_BEHAVIOR_PRESERVED, retrying without...
12-14 02:42:58.011 D/OpenGLRenderer( 1625): Swap behavior 0
12-14 02:42:58.017 D/EGL_emulation( 1625): eglCreateContext: 0xa08fd5c0: maj 3 min 0 rcv 3
12-14 02:42:58.019 D/EGL_emulation( 1625): eglMakeCurrent: 0xa08fd5c0: ver 3 0 (tinfo 0x88ca58e0)
12-14 02:42:58.022 E/eglCodecCommon( 1625): glUtilsParamSize: unknow param 0x00008cdf
12-14 02:42:58.022 E/eglCodecCommon( 1625): glUtilsParamSize: unknow param 0x00008cdf
12-14 02:42:58.023 E/eglCodecCommon( 1625): glUtilsParamSize: unknow param 0x00008824
12-14 02:42:58.023 E/eglCodecCommon( 1625): glUtilsParamSize: unknow param 0x00008824
12-14 02:42:58.151 D/BoundBrokerSvc( 1938): onUnbind: Intent { act=com.google.android.contextmanager.service.ContextManagerService.START cmp=com.google.android.gms/.chimera.PersistentApiService }
12-14 02:42:59.489 W/audio_hw_generic( 1390): Not supplying enough data to HAL, expected position 310798 , only wrote 157680
12-14 02:43:00.297 D/AndroidRuntime( 3935): >>>>>> START com.android.internal.os.RuntimeInit uid 2000 <<<<<<
12-14 02:43:00.332 W/app_process( 3935): Unexpected CPU variant for X86 using defaults: x86
12-14 02:43:00.345 D/AndroidRuntime( 3935): Calling main entry com.android.commands.am.Am
--------- beginning of system
12-14 02:43:00.347 I/ActivityManager( 1625): Force stopping com.evancharlton.mileage appid=10366 user=0: start instr
12-14 02:43:00.347 I/ActivityManager( 1625): Killing 3866:com.evancharlton.mileage/u0a366 (adj 0): stop com.evancharlton.mileage
12-14 02:43:00.347 W/ActivityManager( 1625): Crash of app com.evancharlton.mileage running instrumentation ComponentInfo{com.evancharlton.mileage.test/sh.calaba.instrumentationbackend.CalabashInstrumentationTestRunner}
12-14 02:43:00.347 I/ActivityManager( 1625): Force stopping com.evancharlton.mileage appid=10366 user=0: finished inst
12-14 02:43:00.356 I/zygote  ( 3945): Not late-enabling -Xcheck:jni (already on)
12-14 02:43:00.364 I/ActivityManager( 1625): Start proc 3945:com.evancharlton.mileage/u0a366 for added application com.evancharlton.mileage
12-14 02:43:00.365 W/ActivityManager( 1625): setHasOverlayUi called on unknown pid: 3866
12-14 02:43:00.365 D/AndroidRuntime( 3935): Shutting down VM
12-14 02:43:00.371 W/zygote  ( 3945): Unexpected CPU variant for X86 using defaults: x86
12-14 02:43:00.395 E/adbd    ( 1383): failed to connect to socket 'tcp:7102': Connection refused
12-14 02:43:00.398 E/adbd    ( 1383): failed to connect to socket 'tcp:7102': Connection refused
12-14 02:43:00.407 W/zygote  ( 3945): Found duplicate classes, falling back to extracting from APK : /data/app/com.evancharlton.mileage.test-VjHUKC65vYw0xxtX-Q8cGA==/base.apk
12-14 02:43:00.407 W/zygote  ( 3945): NOTE: This wastes RAM and hurts startup performance.
12-14 02:43:00.407 W/zygote  ( 3945): Found duplicated class when checking oat files: 'Ljunit/runner/BaseTestRunner;' in /data/app/com.evancharlton.mileage.test-VjHUKC65vYw0xxtX-Q8cGA==/base.apk and /system/framework/android.test.runner.jar
12-14 02:43:00.407 W/zygote  ( 3945): 
12-14 02:43:00.434 W/System  ( 3945): ClassLoader referenced unknown path: 
12-14 02:43:00.446 I/System.out( 3945): Main activity name automatically set to: com.evancharlton.mileage.Mileage
12-14 02:43:00.447 I/System.out( 3945): Calabash did not load Mono. This is only a problem if you are trying to test a Mono application
12-14 02:43:00.447 I/calabash( 3945): Test server port: 7102
12-14 02:43:00.450 I/InstrumentationBackend( 3945): Added:'GetPreferences', with key:'get_preferences'
12-14 02:43:00.508 I/InstrumentationBackend( 3945): Added:'SetPreferences', with key:'set_preferences'
12-14 02:43:00.508 I/InstrumentationBackend( 3945): Added:'ClearPreferences', with key:'clear_preferences'
12-14 02:43:00.509 I/InstrumentationBackend( 3945): Added:'PressElement', with key:'press_l10n_element'
12-14 02:43:00.509 I/InstrumentationBackend( 3945): Added:'WaitForElement', with key:'wait_for_l10n_element'
12-14 02:43:00.511 I/InstrumentationBackend( 3945): Added:'NullAction', with key:'nullAction'
12-14 02:43:00.512 I/InstrumentationBackend( 3945): Added:'PressKey', with key:'press_key'
12-14 02:43:00.512 I/InstrumentationBackend( 3945): Added:'SetActivityOrientation', with key:'set_activity_orientation'
12-14 02:43:00.513 I/InstrumentationBackend( 3945): Added:'GetActivityOrientation', with key:'get_activity_orientation'
12-14 02:43:00.513 I/InstrumentationBackend( 3945): Added:'FakeGPSLocation', with key:'set_gps_coordinates'
12-14 02:43:00.513 I/InstrumentationBackend( 3945): Added:'SetPropertyByCssSelector', with key:'set_property_by_css_selector'
12-14 02:43:00.515 I/InstrumentationBackend( 3945): Added:'GetUrl', with key:'get_url'
12-14 02:43:00.517 I/InstrumentationBackend( 3945): Added:'ScrollTo', with key:'scroll_to'
12-14 02:43:00.517 I/InstrumentationBackend( 3945): Added:'GetLoadProgress', with key:'get_load_progress'
12-14 02:43:00.517 I/InstrumentationBackend( 3945): Added:'DumpHtml', with key:'dump_html'
12-14 02:43:00.517 I/InstrumentationBackend( 3945): Added:'DumpBodyHtml', with key:'dump_body_html'
12-14 02:43:00.518 I/InstrumentationBackend( 3945): Added:'EnterTextByCssSelector', with key:'enter_text_by_selector'
12-14 02:43:00.520 E/adbd    ( 1383): failed to connect to socket 'tcp:7102': Connection refused
12-14 02:43:00.522 E/adbd    ( 1383): failed to connect to socket 'tcp:7102': Connection refused
12-14 02:43:00.524 I/InstrumentationBackend( 3945): Added:'AndroidSDKVersion', with key:'android_sdk_version'
12-14 02:43:00.524 I/InstrumentationBackend( 3945): Added:'Version', with key:'version'
12-14 02:43:00.525 I/InstrumentationBackend( 3945): Added:'Drag', with key:'drag'
12-14 02:43:00.525 I/InstrumentationBackend( 3945): Added:'TouchCoordinates', with key:'touch_coordinate'
12-14 02:43:00.525 I/InstrumentationBackend( 3945): Added:'LongPressCoordinate', with key:'long_press_coordinate'
12-14 02:43:00.525 I/InstrumentationBackend( 3945): Added:'DragCoordinates', with key:'drag_coordinates'
12-14 02:43:00.526 I/InstrumentationBackend( 3945): Added:'ResumeApplication', with key:'resume_application'
12-14 02:43:00.527 I/InstrumentationBackend( 3945): Added:'Swipe', with key:'swipe'
12-14 02:43:00.527 I/InstrumentationBackend( 3945): Added:'DoubleTapCoordinate', with key:'double_tap_coordinate'
12-14 02:43:00.527 I/InstrumentationBackend( 3945): Added:'ClickOnScreen', with key:'click_on_screen'
12-14 02:43:00.528 I/InstrumentationBackend( 3945): Added:'GetActivityName', with key:'get_activity_name'
12-14 02:43:00.528 I/InstrumentationBackend( 3945): Added:'ScrollToView', with key:'scroll_to_view'
12-14 02:43:00.529 I/InstrumentationBackend( 3945): Added:'ViewConfiguration', with key:'view_configuration'
12-14 02:43:00.529 I/InstrumentationBackend( 3945): Added:'IsCurrentActivityFocused', with key:'is_current_activity_focused'
12-14 02:43:00.529 I/InstrumentationBackend( 3945): Added:'SendTcp', with key:'send_tcp'
12-14 02:43:00.529 I/InstrumentationBackend( 3945): Added:'DpToDevicePixel', with key:'dp_to_device_pixel'
12-14 02:43:00.531 I/InstrumentationBackend( 3945): Added:'KeyboardEnterText', with key:'keyboard_enter_text'
12-14 02:43:00.532 I/InstrumentationBackend( 3945): Added:'DeleteSurroundingText', with key:'delete_surrounding_text'
12-14 02:43:00.532 I/InstrumentationBackend( 3945): Added:'SetComposingRegion', with key:'set_composing_region'
12-14 02:43:00.532 I/InstrumentationBackend( 3945): Added:'SetSelection', with key:'set_selection'
12-14 02:43:00.532 I/InstrumentationBackend( 3945): Added:'KeyboardKeyEvent', with key:'keyboard_key_event'
12-14 02:43:00.533 I/InstrumentationBackend( 3945): Added:'PressUserActionButton', with key:'press_user_action_button'
12-14 02:43:00.533 I/InstrumentationBackend( 3945): Added:'HideSoftKeyboard', with key:'hide_soft_keyboard'
12-14 02:43:00.534 I/InstrumentationBackend( 3945): Added:'ListActions', with key:'list_actions'
12-14 02:43:00.535 I/calabash( 3945): Instantiating http server at 7102
12-14 02:43:00.535 I/System.out( 3945): HTTP Daemon listening on: 7102
12-14 02:43:00.648 I/System.out( 3945): URI: //ping
12-14 02:43:00.648 I/System.out( 3945): params: {json={}
12-14 02:43:00.648 I/System.out( 3945): }
12-14 02:43:00.659 I/System.out( 3945): URI: //ping
12-14 02:43:00.659 I/System.out( 3945): params: {json={}
12-14 02:43:00.659 I/System.out( 3945): }
12-14 02:43:00.666 I/System.out( 3945): URI: //ready
12-14 02:43:00.666 I/System.out( 3945): params: {json={}
12-14 02:43:00.666 I/System.out( 3945): }
12-14 02:43:00.673 I/System.out( 3945): URI: //
12-14 02:43:00.674 I/System.out( 3945): params: {json={"command":"version","arguments":[]}
12-14 02:43:00.674 I/System.out( 3945): }
12-14 02:43:00.674 I/System.out( 3945): header: {content-type=application/json;charset=utf-8, date=Mon, 14 Dec 2020 07:43:01 GMT, accept=*/*, host=127.0.0.1:34777, content-length=36, user-agent=HTTPClient/1.0 (2.8.3, ruby 2.5.8 (2020-03-31))}
12-14 02:43:00.674 I/System.out( 3945): params: {json={"command":"version","arguments":[]}
12-14 02:43:00.674 I/System.out( 3945): }
12-14 02:43:00.674 I/System.out( 3945): ProP json = {"command":"version","arguments":[]}
12-14 02:43:00.674 I/System.out( 3945): files: {}
12-14 02:43:00.674 I/System.out( 3945): command: {"command":"version","arguments":[]}
12-14 02:43:00.701 I/InstrumentationBackend( 3945): Got command:'Command:'Line:null,version', arguments:'[]'
12-14 02:43:00.737 I/System.out( 3945): result:{"bonusInformation":[],"message":"0.9.8","success":true}
12-14 02:43:00.745 I/System.out( 3945): URI: //start-application
12-14 02:43:00.745 I/System.out( 3945): params: {json={"intent":null}
12-14 02:43:00.745 I/System.out( 3945): }
12-14 02:43:00.782 I/ActivityManager( 1625): START u0 {act=android.intent.action.MAIN cat=[android.intent.category.LAUNCHER] flg=0x10200000 cmp=com.evancharlton.mileage/.Mileage} from uid 10366
12-14 02:43:00.794 I/calabash( 3945): newActivity1
12-14 02:43:00.811 D/gralloc_ranchu( 1396): gralloc_alloc: Creating ashmem region of size 7753728
12-14 02:43:00.819 W/ActivityManager( 1625): Bad activity token: android.os.BinderProxy@6f3d27a
12-14 02:43:00.819 W/ActivityManager( 1625): java.lang.ClassCastException: android.os.BinderProxy cannot be cast to com.android.server.am.ActivityRecord$Token
12-14 02:43:00.819 W/ActivityManager( 1625): 	at com.android.server.am.ActivityRecord.forTokenLocked(ActivityRecord.java:778)
12-14 02:43:00.819 W/ActivityManager( 1625): 	at com.android.server.am.ActivityRecord.isInStackLocked(ActivityRecord.java:2085)
12-14 02:43:00.819 W/ActivityManager( 1625): 	at com.android.server.am.ActivityRecord.getStackLocked(ActivityRecord.java:2090)
12-14 02:43:00.819 W/ActivityManager( 1625): 	at com.android.server.am.ActivityManagerService.getActivityDisplayId(ActivityManagerService.java:10406)
12-14 02:43:00.819 W/ActivityManager( 1625): 	at android.app.IActivityManager$Stub.onTransact(IActivityManager.java:2738)
12-14 02:43:00.819 W/ActivityManager( 1625): 	at com.android.server.am.ActivityManagerService.onTransact(ActivityManagerService.java:2935)
12-14 02:43:00.819 W/ActivityManager( 1625): 	at android.os.Binder.execTransact(Binder.java:674)
12-14 02:43:00.821 I/calabash( 3945): newActivity1
12-14 02:43:00.828 W/ActivityManager( 1625): Bad activity token: android.os.BinderProxy@6f3d27a
12-14 02:43:00.828 W/ActivityManager( 1625): java.lang.ClassCastException: android.os.BinderProxy cannot be cast to com.android.server.am.ActivityRecord$Token
12-14 02:43:00.828 W/ActivityManager( 1625): 	at com.android.server.am.ActivityRecord.forTokenLocked(ActivityRecord.java:778)
12-14 02:43:00.828 W/ActivityManager( 1625): 	at com.android.server.am.ActivityRecord.isInStackLocked(ActivityRecord.java:2085)
12-14 02:43:00.828 W/ActivityManager( 1625): 	at com.android.server.am.ActivityManagerService.setTaskDescription(ActivityManagerService.java:9988)
12-14 02:43:00.828 W/ActivityManager( 1625): 	at android.app.IActivityManager$Stub.onTransact(IActivityManager.java:2824)
12-14 02:43:00.828 W/ActivityManager( 1625): 	at com.android.server.am.ActivityManagerService.onTransact(ActivityManagerService.java:2935)
12-14 02:43:00.828 W/ActivityManager( 1625): 	at android.os.Binder.execTransact(Binder.java:674)
12-14 02:43:00.828 W/ActivityManager( 1625): Bad activity token: android.os.BinderProxy@6f3d27a
12-14 02:43:00.828 W/ActivityManager( 1625): java.lang.ClassCastException: android.os.BinderProxy cannot be cast to com.android.server.am.ActivityRecord$Token
12-14 02:43:00.828 W/ActivityManager( 1625): 	at com.android.server.am.ActivityRecord.forTokenLocked(ActivityRecord.java:778)
12-14 02:43:00.828 W/ActivityManager( 1625): 	at com.android.server.am.ActivityRecord.isInStackLocked(ActivityRecord.java:2085)
12-14 02:43:00.828 W/ActivityManager( 1625): 	at com.android.server.am.ActivityRecord.getStackLocked(ActivityRecord.java:2090)
12-14 02:43:00.828 W/ActivityManager( 1625): 	at com.android.server.am.ActivityManagerService.getActivityStackId(ActivityManagerService.java:10417)
12-14 02:43:00.828 W/ActivityManager( 1625): 	at android.app.IActivityManager$Stub.onTransact(IActivityManager.java:3548)
12-14 02:43:00.828 W/ActivityManager( 1625): 	at com.android.server.am.ActivityManagerService.onTransact(ActivityManagerService.java:2935)
12-14 02:43:00.828 W/ActivityManager( 1625): 	at android.os.Binder.execTransact(Binder.java:674)
12-14 02:43:00.868 V/StatusBar( 1727): setLightsOn(true)
12-14 02:43:00.875 D/EGL_emulation( 2143): eglMakeCurrent: 0xa0cc7500: ver 3 0 (tinfo 0xa0e7fc40)
12-14 02:43:00.875 D/EGL_emulation( 2184): eglMakeCurrent: 0xa0cc8520: ver 3 0 (tinfo 0xa0e7fa40)
12-14 02:43:00.886 D/EGL_emulation( 1727): eglMakeCurrent: 0x8fa5b280: ver 3 0 (tinfo 0xa0ae5cc0)
12-14 02:43:00.887 V/StatusBar( 1727): setLightsOn(true)
12-14 02:43:00.904 D/EGL_emulation( 1727): eglMakeCurrent: 0x8fa5b280: ver 3 0 (tinfo 0xa0ae5cc0)
12-14 02:43:00.915 D/EGL_emulation( 1727): eglMakeCurrent: 0x8fa5b280: ver 3 0 (tinfo 0xa0ae5cc0)
12-14 02:43:00.917 V/StatusBar( 1727): setLightsOn(true)
12-14 02:43:00.922 D/EGL_emulation( 1727): eglMakeCurrent: 0x8fa5b280: ver 3 0 (tinfo 0xa0ae5cc0)
12-14 02:43:00.922 W/ActivityManager( 1625): Bad activity token: android.os.BinderProxy@6f3d27a
12-14 02:43:00.922 W/ActivityManager( 1625): java.lang.ClassCastException: android.os.BinderProxy cannot be cast to com.android.server.am.ActivityRecord$Token
12-14 02:43:00.922 W/ActivityManager( 1625): 	at com.android.server.am.ActivityRecord.forTokenLocked(ActivityRecord.java:778)
12-14 02:43:00.922 W/ActivityManager( 1625): 	at com.android.server.am.ActivityRecord.isInStackLocked(ActivityRecord.java:2085)
12-14 02:43:00.922 W/ActivityManager( 1625): 	at com.android.server.am.ActivityManagerService.getActivityOptions(ActivityManagerService.java:13302)
12-14 02:43:00.922 W/ActivityManager( 1625): 	at android.app.IActivityManager$Stub.onTransact(IActivityManager.java:2910)
12-14 02:43:00.922 W/ActivityManager( 1625): 	at com.android.server.am.ActivityManagerService.onTransact(ActivityManagerService.java:2935)
12-14 02:43:00.922 W/ActivityManager( 1625): 	at android.os.Binder.execTransact(Binder.java:674)
12-14 02:43:00.923 W/ActivityManager( 1625): Bad activity token: android.os.BinderProxy@6f3d27a
12-14 02:43:00.923 W/ActivityManager( 1625): java.lang.ClassCastException: android.os.BinderProxy cannot be cast to com.android.server.am.ActivityRecord$Token
12-14 02:43:00.923 W/ActivityManager( 1625): 	at com.android.server.am.ActivityRecord.forTokenLocked(ActivityRecord.java:778)
12-14 02:43:00.923 W/ActivityManager( 1625): 	at com.android.server.am.ActivityRecord.isInStackLocked(ActivityRecord.java:2085)
12-14 02:43:00.923 W/ActivityManager( 1625): 	at com.android.server.am.ActivityManagerService.getActivityOptions(ActivityManagerService.java:13302)
12-14 02:43:00.923 W/ActivityManager( 1625): 	at android.app.IActivityManager$Stub.onTransact(IActivityManager.java:2910)
12-14 02:43:00.923 W/ActivityManager( 1625): 	at com.android.server.am.ActivityManagerService.onTransact(ActivityManagerService.java:2935)
12-14 02:43:00.923 W/ActivityManager( 1625): 	at android.os.Binder.execTransact(Binder.java:674)
12-14 02:43:00.935 I/chatty  ( 1727): uid=10028(u0_a28) RenderThread identical 1 line
12-14 02:43:00.940 D/EGL_emulation( 1727): eglMakeCurrent: 0x8fa5b280: ver 3 0 (tinfo 0xa0ae5cc0)
12-14 02:43:00.949 E/ContentStoreEUAS( 2184): Failed to commit the deferred actions
12-14 02:43:00.950 D/EGL_emulation( 1727): eglMakeCurrent: 0x8fa5b280: ver 3 0 (tinfo 0xa0ae5cc0)
12-14 02:43:00.990 I/chatty  ( 1727): uid=10028(u0_a28) RenderThread identical 5 lines
12-14 02:43:01.004 D/EGL_emulation( 1727): eglMakeCurrent: 0x8fa5b280: ver 3 0 (tinfo 0xa0ae5cc0)
12-14 02:43:01.005 V/StatusBar( 1727): setLightsOn(true)
12-14 02:43:01.007 D/EGL_emulation( 1727): eglMakeCurrent: 0x8fa5b280: ver 3 0 (tinfo 0xa0ae5cc0)
12-14 02:43:01.081 I/chatty  ( 1727): uid=10028(u0_a28) RenderThread identical 8 lines
12-14 02:43:01.088 D/EGL_emulation( 1727): eglMakeCurrent: 0x8fa5b280: ver 3 0 (tinfo 0xa0ae5cc0)
12-14 02:43:01.089 V/StatusBar( 1727): setLightsOn(true)
12-14 02:43:01.090 D/gralloc_ranchu( 1396): gralloc_alloc: Creating ashmem region of size 7753728
12-14 02:43:01.101 D/EGL_emulation( 1727): eglMakeCurrent: 0x8fa5b280: ver 3 0 (tinfo 0xa0ae5cc0)
12-14 02:43:01.117 D/        ( 3945): HostConnection::get() New Host Connection established 0xa0930c80, tid 3945
12-14 02:43:01.148 I/zygote  ( 3945): Do partial code cache collection, code=27KB, data=30KB
12-14 02:43:01.150 I/zygote  ( 3945): After code cache collection, code=27KB, data=30KB
12-14 02:43:01.150 I/zygote  ( 3945): Increasing code cache capacity to 128KB
12-14 02:43:01.152 I/zygote  ( 3945): Do partial code cache collection, code=27KB, data=48KB
12-14 02:43:01.153 I/zygote  ( 3945): After code cache collection, code=27KB, data=48KB
12-14 02:43:01.153 I/zygote  ( 3945): Increasing code cache capacity to 256KB
12-14 02:43:01.153 I/zygote  ( 3945): JIT allocated 71KB for compiled code of void android.widget.TextView.<init>(android.content.Context, android.util.AttributeSet, int, int)
12-14 02:43:01.153 I/zygote  ( 3945): Compiler allocated 4MB to compile void android.widget.TextView.<init>(android.content.Context, android.util.AttributeSet, int, int)
12-14 02:43:01.186 I/ActivityManager( 1625): Displayed com.evancharlton.mileage/.Mileage: +396ms
12-14 02:43:01.192 V/StatusBar( 1727): setLightsOn(true)
12-14 02:43:01.220 D/gralloc_ranchu( 1396): gralloc_alloc: Creating ashmem region of size 7753728
12-14 02:43:01.222 V/StatusBar( 1727): setLightsOn(true)
12-14 02:43:01.306 I/chatty  ( 1727): uid=10028(u0_a28) com.android.systemui identical 1 line
12-14 02:43:01.379 V/StatusBar( 1727): setLightsOn(true)
12-14 02:43:01.426 I/System.out( 3945): URI: //map
12-14 02:43:01.427 I/System.out( 3945): params: {json={"query":"android.widget.CheckBox index:0","operation":{"method_name":"query","arguments":[]}}
12-14 02:43:01.430 I/System.out( 3945): }
12-14 02:43:01.537 I/zygote  ( 3945): Do full code cache collection, code=125KB, data=73KB
12-14 02:43:01.537 I/zygote  ( 3945): After code cache collection, code=112KB, data=47KB
12-14 02:43:01.585 I/System.out( 3945): URI: //gesture
12-14 02:43:01.585 I/System.out( 3945): params: {json={"query_timeout":5.0,"gestures":[{"query_string":"android.widget.CheckBox index:0","touches":[{"x":50,"y":50,"offset_x":0,"offset_y":0,"wait":0.0,"time":0.2,"release":true,"query_string":null}]}]}
12-14 02:43:01.585 I/System.out( 3945): }
12-14 02:43:01.593 V/StatusBar( 1727): setLightsOn(true)
12-14 02:43:01.594 I/chatty  ( 1727): uid=10028(u0_a28) com.android.systemui identical 1 line
12-14 02:43:01.611 V/StatusBar( 1727): setLightsOn(true)
12-14 02:43:01.627 W/SurfaceFlinger( 1411): couldn't log to binary event log: overflow.
12-14 02:43:01.716 I/PBSessionCacheImpl( 2184): Deleted sessionId[9499367107344] from persistence.
12-14 02:43:01.770 W/SearchService( 2184): Abort, client detached.
12-14 02:43:01.809 W/RemoteFillService( 1625): Not handling { when=-1ms what=3 target=com.android.internal.os.HandlerCaller$MyHandler } as service for ComponentInfo{com.google.android.gms/com.google.android.gms.autofill.service.AutofillService} is already destroyed
12-14 02:43:01.878 W/audio_hw_generic( 1390): Not supplying enough data to HAL, expected position 157875 , only wrote 157680
12-14 02:43:01.922 D/BoundBrokerSvc( 1938): onUnbind: Intent { act=com.google.android.gms.pseudonymous.service.START cmp=com.google.android.gms/.chimera.PersistentApiService }
12-14 02:43:01.922 I/zygote  ( 3945): Do partial code cache collection, code=124KB, data=61KB
12-14 02:43:01.922 I/zygote  ( 3945): After code cache collection, code=124KB, data=61KB
12-14 02:43:01.923 I/zygote  ( 3945): Increasing code cache capacity to 512KB
12-14 02:43:02.095 E/SurfaceFlinger( 1411): ro.sf.lcd_density must be defined as a build property
12-14 02:43:02.102 D/gralloc_ranchu( 1396): gralloc_alloc: Creating ashmem region of size 8298496
12-14 02:43:02.111 D/        ( 3988): HostConnection::get() New Host Connection established 0xa5b2f800, tid 3988
12-14 02:43:02.232 D/gralloc_ranchu( 1396): gralloc_alloc: Creating ashmem region of size 7753728
12-14 02:43:02.509 I/System.out( 3945): URI: //map
12-14 02:43:02.509 I/System.out( 3945): params: {json={"query":"android.widget.CheckBox index:0","operation":{"method_name":"query","arguments":[]}}
12-14 02:43:02.509 I/System.out( 3945): }
12-14 02:43:02.563 I/System.out( 3945): URI: //gesture
12-14 02:43:02.563 I/System.out( 3945): params: {json={"query_timeout":5.0,"gestures":[{"query_string":"android.widget.CheckBox index:0","touches":[{"x":50,"y":50,"offset_x":0,"offset_y":0,"wait":0.0,"time":0.2,"release":true,"query_string":null}]}]}
12-14 02:43:02.563 I/System.out( 3945): }
12-14 02:43:03.025 E/SurfaceFlinger( 1411): ro.sf.lcd_density must be defined as a build property
12-14 02:43:03.032 D/gralloc_ranchu( 1396): gralloc_alloc: Creating ashmem region of size 8298496
12-14 02:43:03.042 D/        ( 3996): HostConnection::get() New Host Connection established 0xade2f800, tid 3996
12-14 02:43:03.092 I/ActivityManager( 1625): Killing 2524:com.android.providers.calendar/u0a4 (adj 906): empty #17
12-14 02:43:03.094 E/memtrack( 1625): Couldn't load memtrack module
12-14 02:43:03.094 W/android.os.Debug( 1625): failed to get memory consumption info: -1
12-14 02:43:03.104 V/StatusBar( 1727): setLightsOn(true)
12-14 02:43:03.377 I/qemu-props( 1404): start adbd ...
