12-14 01:25:13.194 I/InstrumentationBackend( 4442): Added:'DragCoordinates', with key:'drag_coordinates'
12-14 01:25:13.194 E/OpenGLRenderer( 1629): GL error:  GL_INVALID_OPERATION
12-14 01:25:13.195 I/chatty  ( 1629): uid=1000(system) RenderThread identical 1 line
12-14 01:25:13.195 E/OpenGLRenderer( 1629): GL error:  GL_INVALID_OPERATION
12-14 01:25:13.195 I/InstrumentationBackend( 4442): Added:'ResumeApplication', with key:'resume_application'
12-14 01:25:13.195 E/OpenGLRenderer( 1629): GL error:  GL_INVALID_OPERATION
12-14 01:25:13.196 E/OpenGLRenderer( 1629): GL error:  GL_INVALID_OPERATION
12-14 01:25:13.196 I/InstrumentationBackend( 4442): Added:'Swipe', with key:'swipe'
12-14 01:25:13.196 E/OpenGLRenderer( 1629): GL error:  GL_INVALID_OPERATION
12-14 01:25:13.196 I/chatty  ( 1629): uid=1000(system) RenderThread identical 1 line
12-14 01:25:13.196 E/OpenGLRenderer( 1629): GL error:  GL_INVALID_OPERATION
12-14 01:25:13.196 I/InstrumentationBackend( 4442): Added:'DoubleTapCoordinate', with key:'double_tap_coordinate'
12-14 01:25:13.197 E/OpenGLRenderer( 1629): GL error:  GL_INVALID_OPERATION
12-14 01:25:13.197 I/InstrumentationBackend( 4442): Added:'ClickOnScreen', with key:'click_on_screen'
12-14 01:25:13.197 E/OpenGLRenderer( 1629): GL error:  GL_INVALID_OPERATION
12-14 01:25:13.200 I/chatty  ( 1629): uid=1000(system) RenderThread identical 4 lines
12-14 01:25:13.200 E/OpenGLRenderer( 1629): GL error:  GL_INVALID_OPERATION
12-14 01:25:13.200 I/InstrumentationBackend( 4442): Added:'GetActivityName', with key:'get_activity_name'
12-14 01:25:13.200 E/OpenGLRenderer( 1629): GL error:  GL_INVALID_OPERATION
12-14 01:25:13.201 I/chatty  ( 1629): uid=1000(system) RenderThread identical 2 lines
12-14 01:25:13.201 E/OpenGLRenderer( 1629): GL error:  GL_INVALID_OPERATION
12-14 01:25:13.201 I/InstrumentationBackend( 4442): Added:'ScrollToView', with key:'scroll_to_view'
12-14 01:25:13.201 E/OpenGLRenderer( 1629): GL error:  GL_INVALID_OPERATION
12-14 01:25:13.202 I/chatty  ( 1629): uid=1000(system) RenderThread identical 1 line
12-14 01:25:13.202 E/OpenGLRenderer( 1629): GL error:  GL_INVALID_OPERATION
12-14 01:25:13.202 I/InstrumentationBackend( 4442): Added:'ViewConfiguration', with key:'view_configuration'
12-14 01:25:13.202 E/OpenGLRenderer( 1629): GL error:  GL_INVALID_OPERATION
12-14 01:25:13.202 I/chatty  ( 1629): uid=1000(system) RenderThread identical 1 line
12-14 01:25:13.202 E/OpenGLRenderer( 1629): GL error:  GL_INVALID_OPERATION
12-14 01:25:13.203 I/InstrumentationBackend( 4442): Added:'IsCurrentActivityFocused', with key:'is_current_activity_focused'
12-14 01:25:13.203 E/OpenGLRenderer( 1629): GL error:  GL_INVALID_OPERATION
12-14 01:25:13.203 E/OpenGLRenderer( 1629): GL error:  GL_INVALID_OPERATION
12-14 01:25:13.203 I/InstrumentationBackend( 4442): Added:'SendTcp', with key:'send_tcp'
12-14 01:25:13.203 E/OpenGLRenderer( 1629): GL error:  GL_INVALID_OPERATION
12-14 01:25:13.204 E/OpenGLRenderer( 1629): GL error:  GL_INVALID_OPERATION
12-14 01:25:13.204 I/InstrumentationBackend( 4442): Added:'DpToDevicePixel', with key:'dp_to_device_pixel'
12-14 01:25:13.204 E/OpenGLRenderer( 1629): GL error:  GL_INVALID_OPERATION
12-14 01:25:13.205 I/chatty  ( 1629): uid=1000(system) RenderThread identical 3 lines
12-14 01:25:13.205 E/OpenGLRenderer( 1629): GL error:  GL_INVALID_OPERATION
12-14 01:25:13.205 I/InstrumentationBackend( 4442): Added:'KeyboardEnterText', with key:'keyboard_enter_text'
12-14 01:25:13.206 E/OpenGLRenderer( 1629): GL error:  GL_INVALID_OPERATION
12-14 01:25:13.206 E/OpenGLRenderer( 1629): GL error:  GL_INVALID_OPERATION
12-14 01:25:13.206 I/InstrumentationBackend( 4442): Added:'DeleteSurroundingText', with key:'delete_surrounding_text'
12-14 01:25:13.207 E/OpenGLRenderer( 1629): GL error:  GL_INVALID_OPERATION
12-14 01:25:13.207 E/OpenGLRenderer( 1629): GL error:  GL_INVALID_OPERATION
12-14 01:25:13.207 I/InstrumentationBackend( 4442): Added:'SetComposingRegion', with key:'set_composing_region'
12-14 01:25:13.208 I/InstrumentationBackend( 4442): Added:'SetSelection', with key:'set_selection'
12-14 01:25:13.208 I/InstrumentationBackend( 4442): Added:'KeyboardKeyEvent', with key:'keyboard_key_event'
12-14 01:25:13.209 I/InstrumentationBackend( 4442): Added:'PressUserActionButton', with key:'press_user_action_button'
12-14 01:25:13.209 E/OpenGLRenderer( 1629): GL error:  GL_INVALID_OPERATION
12-14 01:25:13.211 I/chatty  ( 1629): uid=1000(system) RenderThread identical 7 lines
12-14 01:25:13.211 E/OpenGLRenderer( 1629): GL error:  GL_INVALID_OPERATION
12-14 01:25:13.211 I/InstrumentationBackend( 4442): Added:'HideSoftKeyboard', with key:'hide_soft_keyboard'
12-14 01:25:13.211 E/OpenGLRenderer( 1629): GL error:  GL_INVALID_OPERATION
12-14 01:25:13.215 I/chatty  ( 1629): uid=1000(system) RenderThread identical 12 lines
12-14 01:25:13.215 E/OpenGLRenderer( 1629): GL error:  GL_INVALID_OPERATION
12-14 01:25:13.215 I/InstrumentationBackend( 4442): Added:'ListActions', with key:'list_actions'
12-14 01:25:13.215 E/OpenGLRenderer( 1629): GL error:  GL_INVALID_OPERATION
12-14 01:25:13.216 I/calabash( 4442): Instantiating http server at 7102
12-14 01:25:13.216 E/OpenGLRenderer( 1629): GL error:  GL_INVALID_OPERATION
12-14 01:25:13.216 I/chatty  ( 1629): uid=1000(system) RenderThread identical 1 line
12-14 01:25:13.216 E/OpenGLRenderer( 1629): GL error:  GL_INVALID_OPERATION
12-14 01:25:13.217 I/System.out( 4442): HTTP Daemon listening on: 7102
12-14 01:25:13.217 E/OpenGLRenderer( 1629): GL error:  GL_INVALID_OPERATION
12-14 01:25:13.268 I/chatty  ( 1629): uid=1000(system) RenderThread identical 202 lines
12-14 01:25:13.269 E/OpenGLRenderer( 1629): GL error:  GL_INVALID_OPERATION
12-14 01:25:13.269 I/System.out( 4442): URI: //ping
12-14 01:25:13.269 E/OpenGLRenderer( 1629): GL error:  GL_INVALID_OPERATION
12-14 01:25:13.269 I/System.out( 4442): params: {json={}
12-14 01:25:13.269 E/OpenGLRenderer( 1629): GL error:  GL_INVALID_OPERATION
12-14 01:25:13.269 I/System.out( 4442): }
12-14 01:25:13.269 E/OpenGLRenderer( 1629): GL error:  GL_INVALID_OPERATION
12-14 01:25:13.281 I/chatty  ( 1629): uid=1000(system) RenderThread identical 25 lines
12-14 01:25:13.281 E/OpenGLRenderer( 1629): GL error:  GL_INVALID_OPERATION
12-14 01:25:13.281 I/System.out( 4442): URI: //ping
12-14 01:25:13.281 E/OpenGLRenderer( 1629): GL error:  GL_INVALID_OPERATION
12-14 01:25:13.281 I/System.out( 4442): params: {json={}
12-14 01:25:13.281 I/System.out( 4442): }
12-14 01:25:13.281 E/OpenGLRenderer( 1629): GL error:  GL_INVALID_OPERATION
12-14 01:25:13.290 I/chatty  ( 1629): uid=1000(system) RenderThread identical 18 lines
12-14 01:25:13.290 E/OpenGLRenderer( 1629): GL error:  GL_INVALID_OPERATION
12-14 01:25:13.290 I/System.out( 4442): URI: //ready
12-14 01:25:13.291 I/System.out( 4442): params: {json={}
12-14 01:25:13.291 I/System.out( 4442): }
12-14 01:25:13.291 E/OpenGLRenderer( 1629): GL error:  GL_INVALID_OPERATION
12-14 01:25:13.300 I/chatty  ( 1629): uid=1000(system) RenderThread identical 21 lines
12-14 01:25:13.301 E/OpenGLRenderer( 1629): GL error:  GL_INVALID_OPERATION
12-14 01:25:13.301 I/System.out( 4442): URI: //
12-14 01:25:13.301 I/System.out( 4442): params: {json={"command":"version","arguments":[]}
12-14 01:25:13.301 I/System.out( 4442): }
12-14 01:25:13.301 E/OpenGLRenderer( 1629): GL error:  GL_INVALID_OPERATION
12-14 01:25:13.301 I/System.out( 4442): header: {content-type=application/json;charset=utf-8, date=Mon, 14 Dec 2020 06:25:14 GMT, accept=*/*, host=127.0.0.1:34777, content-length=36, user-agent=HTTPClient/1.0 (2.8.3, ruby 2.5.8 (2020-03-31))}
12-14 01:25:13.301 E/OpenGLRenderer( 1629): GL error:  GL_INVALID_OPERATION
12-14 01:25:13.301 I/System.out( 4442): params: {json={"command":"version","arguments":[]}
12-14 01:25:13.301 I/System.out( 4442): }
12-14 01:25:13.302 E/OpenGLRenderer( 1629): GL error:  GL_INVALID_OPERATION
12-14 01:25:13.302 I/System.out( 4442): ProP json = {"command":"version","arguments":[]}
12-14 01:25:13.302 I/System.out( 4442): files: {}
12-14 01:25:13.302 I/System.out( 4442): command: {"command":"version","arguments":[]}
12-14 01:25:13.302 E/OpenGLRenderer( 1629): GL error:  GL_INVALID_OPERATION
12-14 01:25:13.379 I/chatty  ( 1629): uid=1000(system) RenderThread identical 282 lines
12-14 01:25:13.379 E/OpenGLRenderer( 1629): GL error:  GL_INVALID_OPERATION
12-14 01:25:13.379 I/InstrumentationBackend( 4442): Got command:'Command:'Line:null,version', arguments:'[]'
12-14 01:25:13.380 E/OpenGLRenderer( 1629): GL error:  GL_INVALID_OPERATION
12-14 01:25:13.454 I/chatty  ( 1629): uid=1000(system) RenderThread identical 258 lines
12-14 01:25:13.454 I/System.out( 4442): result:{"bonusInformation":[],"message":"0.9.8","success":true}
12-14 01:25:13.454 E/OpenGLRenderer( 1629): GL error:  GL_INVALID_OPERATION
12-14 01:25:13.455 E/OpenGLRenderer( 1629): GL error:  GL_INVALID_OPERATION
12-14 01:25:13.465 I/chatty  ( 1629): uid=1000(system) RenderThread identical 19 lines
12-14 01:25:13.465 E/OpenGLRenderer( 1629): GL error:  GL_INVALID_OPERATION
12-14 01:25:13.465 I/System.out( 4442): URI: //start-application
12-14 01:25:13.465 I/System.out( 4442): params: {json={"intent":null}
12-14 01:25:13.465 I/System.out( 4442): }
12-14 01:25:13.465 E/OpenGLRenderer( 1629): GL error:  GL_INVALID_OPERATION
12-14 01:25:13.550 I/ActivityManager( 1629): START u0 {act=android.intent.action.MAIN cat=[android.intent.category.LAUNCHER] flg=0x10200000 cmp=com.evancharlton.mileage/.Mileage} from uid 10284
12-14 01:25:13.572 I/chatty  ( 1629): uid=1000(system) RenderThread identical 357 lines
12-14 01:25:13.572 E/OpenGLRenderer( 1629): GL error:  GL_INVALID_OPERATION
12-14 01:25:13.573 E/OpenGLRenderer( 1629): GL error:  GL_INVALID_OPERATION
12-14 01:25:13.573 I/calabash( 4442): newActivity1
12-14 01:25:13.601 D/gralloc_ranchu( 1396): gralloc_alloc: Creating ashmem region of size 7753728
12-14 01:25:13.601 I/chatty  ( 1629): uid=1000(system) RenderThread expire 80 lines
12-14 01:25:13.601 E/OpenGLRenderer( 1629): GL error:  GL_INVALID_OPERATION
12-14 01:25:13.601 E/OpenGLRenderer( 1629): GL error:  GL_INVALID_OPERATION
12-14 01:25:13.695 I/chatty  ( 1629): uid=1000(system) RenderThread identical 213 lines
12-14 01:25:13.696 E/OpenGLRenderer( 1629): GL error:  GL_INVALID_OPERATION
12-14 01:25:13.700 W/ActivityManager( 1629): Bad activity token: android.os.BinderProxy@1794d39
12-14 01:25:13.700 W/ActivityManager( 1629): java.lang.ClassCastException: android.os.BinderProxy cannot be cast to com.android.server.am.ActivityRecord$Token
12-14 01:25:13.700 W/ActivityManager( 1629): 	at com.android.server.am.ActivityRecord.forTokenLocked(ActivityRecord.java:778)
12-14 01:25:13.700 W/ActivityManager( 1629): 	at com.android.server.am.ActivityRecord.isInStackLocked(ActivityRecord.java:2085)
12-14 01:25:13.700 W/ActivityManager( 1629): 	at com.android.server.am.ActivityRecord.getStackLocked(ActivityRecord.java:2090)
12-14 01:25:13.700 W/ActivityManager( 1629): 	at com.android.server.am.ActivityManagerService.getActivityDisplayId(ActivityManagerService.java:10406)
12-14 01:25:13.700 W/ActivityManager( 1629): 	at android.app.IActivityManager$Stub.onTransact(IActivityManager.java:2738)
12-14 01:25:13.700 W/ActivityManager( 1629): 	at com.android.server.am.ActivityManagerService.onTransact(ActivityManagerService.java:2935)
12-14 01:25:13.700 W/ActivityManager( 1629): 	at android.os.Binder.execTransact(Binder.java:674)
12-14 01:25:13.701 I/calabash( 4442): newActivity1
12-14 01:25:13.708 E/ContentStoreEUAS( 2173): Failed to commit the deferred actions
12-14 01:25:13.708 W/ActivityManager( 1629): Bad activity token: android.os.BinderProxy@1794d39
12-14 01:25:13.708 W/ActivityManager( 1629): java.lang.ClassCastException: android.os.BinderProxy cannot be cast to com.android.server.am.ActivityRecord$Token
12-14 01:25:13.708 W/ActivityManager( 1629): 	at com.android.server.am.ActivityRecord.forTokenLocked(ActivityRecord.java:778)
12-14 01:25:13.708 W/ActivityManager( 1629): 	at com.android.server.am.ActivityRecord.isInStackLocked(ActivityRecord.java:2085)
12-14 01:25:13.708 W/ActivityManager( 1629): 	at com.android.server.am.ActivityManagerService.setTaskDescription(ActivityManagerService.java:9988)
12-14 01:25:13.708 W/ActivityManager( 1629): 	at android.app.IActivityManager$Stub.onTransact(IActivityManager.java:2824)
12-14 01:25:13.708 W/ActivityManager( 1629): 	at com.android.server.am.ActivityManagerService.onTransact(ActivityManagerService.java:2935)
12-14 01:25:13.708 W/ActivityManager( 1629): 	at android.os.Binder.execTransact(Binder.java:674)
12-14 01:25:13.709 W/ActivityManager( 1629): Bad activity token: android.os.BinderProxy@1794d39
12-14 01:25:13.709 W/ActivityManager( 1629): java.lang.ClassCastException: android.os.BinderProxy cannot be cast to com.android.server.am.ActivityRecord$Token
12-14 01:25:13.709 W/ActivityManager( 1629): 	at com.android.server.am.ActivityRecord.forTokenLocked(ActivityRecord.java:778)
12-14 01:25:13.709 W/ActivityManager( 1629): 	at com.android.server.am.ActivityRecord.isInStackLocked(ActivityRecord.java:2085)
12-14 01:25:13.709 W/ActivityManager( 1629): 	at com.android.server.am.ActivityRecord.getStackLocked(ActivityRecord.java:2090)
12-14 01:25:13.709 W/ActivityManager( 1629): 	at com.android.server.am.ActivityManagerService.getActivityStackId(ActivityManagerService.java:10417)
12-14 01:25:13.709 W/ActivityManager( 1629): 	at android.app.IActivityManager$Stub.onTransact(IActivityManager.java:3548)
12-14 01:25:13.709 W/ActivityManager( 1629): 	at com.android.server.am.ActivityManagerService.onTransact(ActivityManagerService.java:2935)
12-14 01:25:13.709 W/ActivityManager( 1629): 	at android.os.Binder.execTransact(Binder.java:674)
12-14 01:25:13.712 E/OpenGLRenderer( 1629): GL error:  GL_INVALID_OPERATION
12-14 01:25:13.725 I/chatty  ( 1629): uid=1000(system) RenderThread identical 35 lines
12-14 01:25:13.730 E/OpenGLRenderer( 1629): GL error:  GL_INVALID_OPERATION
12-14 01:25:13.730 D/EGL_emulation( 2146): eglMakeCurrent: 0xa5685420: ver 3 0 (tinfo 0xa5683360)
12-14 01:25:13.730 E/OpenGLRenderer( 1629): GL error:  GL_INVALID_OPERATION
12-14 01:25:13.733 I/chatty  ( 1629): uid=1000(system) RenderThread identical 4 lines
12-14 01:25:13.733 E/OpenGLRenderer( 1629): GL error:  GL_INVALID_OPERATION
12-14 01:25:13.734 D/EGL_emulation( 1736): eglMakeCurrent: 0x91bce1c0: ver 3 0 (tinfo 0xa0ff0c80)
12-14 01:25:13.734 E/OpenGLRenderer( 1629): GL error:  GL_INVALID_OPERATION
12-14 01:25:13.735 E/OpenGLRenderer( 1629): GL error:  GL_INVALID_OPERATION
12-14 01:25:13.735 V/StatusBar( 1736): setLightsOn(true)
12-14 01:25:13.736 E/OpenGLRenderer( 1629): GL error:  GL_INVALID_OPERATION
12-14 01:25:13.742 I/chatty  ( 1629): uid=1000(system) RenderThread identical 8 lines
12-14 01:25:13.742 E/OpenGLRenderer( 1629): GL error:  GL_INVALID_OPERATION
12-14 01:25:13.742 D/EGL_emulation( 2173): eglMakeCurrent: 0xa2dc7f80: ver 3 0 (tinfo 0xa2f7fa10)
12-14 01:25:13.746 E/OpenGLRenderer( 1629): GL error:  GL_INVALID_OPERATION
12-14 01:25:13.746 D/EGL_emulation( 1736): eglMakeCurrent: 0x91bce1c0: ver 3 0 (tinfo 0xa0ff0c80)
12-14 01:25:13.746 E/OpenGLRenderer( 1629): GL error:  GL_INVALID_OPERATION
12-14 01:25:13.752 I/chatty  ( 1629): uid=1000(system) RenderThread identical 10 lines
12-14 01:25:13.753 E/OpenGLRenderer( 1629): GL error:  GL_INVALID_OPERATION
12-14 01:25:13.753 D/EGL_emulation( 1736): eglMakeCurrent: 0x91bce1c0: ver 3 0 (tinfo 0xa0ff0c80)
12-14 01:25:13.753 E/OpenGLRenderer( 1629): GL error:  GL_INVALID_OPERATION
12-14 01:25:13.761 I/chatty  ( 1629): uid=1000(system) RenderThread identical 16 lines
12-14 01:25:13.761 E/OpenGLRenderer( 1629): GL error:  GL_INVALID_OPERATION
12-14 01:25:13.762 D/EGL_emulation( 1736): eglMakeCurrent: 0x91bce1c0: ver 3 0 (tinfo 0xa0ff0c80)
12-14 01:25:13.763 E/OpenGLRenderer( 1629): GL error:  GL_INVALID_OPERATION
12-14 01:25:13.769 I/chatty  ( 1629): uid=1000(system) RenderThread identical 12 lines
12-14 01:25:13.769 E/OpenGLRenderer( 1629): GL error:  GL_INVALID_OPERATION
12-14 01:25:13.769 D/EGL_emulation( 1736): eglMakeCurrent: 0x91bce1c0: ver 3 0 (tinfo 0xa0ff0c80)
12-14 01:25:13.770 E/OpenGLRenderer( 1629): GL error:  GL_INVALID_OPERATION
12-14 01:25:13.770 V/StatusBar( 1736): setLightsOn(true)
12-14 01:25:13.770 E/OpenGLRenderer( 1629): GL error:  GL_INVALID_OPERATION
12-14 01:25:13.783 I/chatty  ( 1629): uid=1000(system) RenderThread identical 38 lines
12-14 01:25:13.783 E/OpenGLRenderer( 1629): GL error:  GL_INVALID_OPERATION
12-14 01:25:13.783 D/EGL_emulation( 1736): eglMakeCurrent: 0x91bce1c0: ver 3 0 (tinfo 0xa0ff0c80)
12-14 01:25:13.783 E/OpenGLRenderer( 1629): GL error:  GL_INVALID_OPERATION
12-14 01:25:13.785 I/chatty  ( 1629): uid=1000(system) RenderThread identical 8 lines
12-14 01:25:13.786 E/OpenGLRenderer( 1629): GL error:  GL_INVALID_OPERATION
12-14 01:25:13.786 D/EGL_emulation( 1736): eglMakeCurrent: 0x91bce1c0: ver 3 0 (tinfo 0xa0ff0c80)
12-14 01:25:13.787 E/OpenGLRenderer( 1629): GL error:  GL_INVALID_OPERATION
12-14 01:25:13.797 I/chatty  ( 1629): uid=1000(system) RenderThread identical 33 lines
12-14 01:25:13.798 E/OpenGLRenderer( 1629): GL error:  GL_INVALID_OPERATION
12-14 01:25:13.799 D/EGL_emulation( 1736): eglMakeCurrent: 0x91bce1c0: ver 3 0 (tinfo 0xa0ff0c80)
12-14 01:25:13.799 E/OpenGLRenderer( 1629): GL error:  GL_INVALID_OPERATION
12-14 01:25:13.804 I/chatty  ( 1629): uid=1000(system) RenderThread identical 13 lines
12-14 01:25:13.804 E/OpenGLRenderer( 1629): GL error:  GL_INVALID_OPERATION
12-14 01:25:13.804 D/EGL_emulation( 1736): eglMakeCurrent: 0x91bce1c0: ver 3 0 (tinfo 0xa0ff0c80)
12-14 01:25:13.805 E/OpenGLRenderer( 1629): GL error:  GL_INVALID_OPERATION
12-14 01:25:13.813 I/chatty  ( 1629): uid=1000(system) RenderThread identical 8 lines
12-14 01:25:13.813 E/OpenGLRenderer( 1629): GL error:  GL_INVALID_OPERATION
12-14 01:25:13.814 D/EGL_emulation( 1736): eglMakeCurrent: 0x91bce1c0: ver 3 0 (tinfo 0xa0ff0c80)
12-14 01:25:13.814 E/OpenGLRenderer( 1629): GL error:  GL_INVALID_OPERATION
12-14 01:25:13.822 I/chatty  ( 1629): uid=1000(system) RenderThread identical 13 lines
12-14 01:25:13.823 E/OpenGLRenderer( 1629): GL error:  GL_INVALID_OPERATION
12-14 01:25:13.823 D/EGL_emulation( 1736): eglMakeCurrent: 0x91bce1c0: ver 3 0 (tinfo 0xa0ff0c80)
12-14 01:25:13.823 E/OpenGLRenderer( 1629): GL error:  GL_INVALID_OPERATION
12-14 01:25:13.824 I/chatty  ( 1629): uid=1000(system) RenderThread identical 3 lines
12-14 01:25:13.825 E/OpenGLRenderer( 1629): GL error:  GL_INVALID_OPERATION
12-14 01:25:13.825 D/FillupsProvider( 4442): Creating database
12-14 01:25:13.825 E/OpenGLRenderer( 1629): GL error:  GL_INVALID_OPERATION
12-14 01:25:13.828 I/chatty  ( 1629): uid=1000(system) RenderThread identical 5 lines
12-14 01:25:13.829 E/OpenGLRenderer( 1629): GL error:  GL_INVALID_OPERATION
12-14 01:25:13.829 D/EGL_emulation( 1736): eglMakeCurrent: 0x91bce1c0: ver 3 0 (tinfo 0xa0ff0c80)
12-14 01:25:13.829 E/OpenGLRenderer( 1629): GL error:  GL_INVALID_OPERATION
12-14 01:25:13.833 I/chatty  ( 1629): uid=1000(system) RenderThread identical 11 lines
12-14 01:25:13.834 E/OpenGLRenderer( 1629): GL error:  GL_INVALID_OPERATION
12-14 01:25:13.834 D/EGL_emulation( 1736): eglMakeCurrent: 0x91bce1c0: ver 3 0 (tinfo 0xa0ff0c80)
12-14 01:25:13.834 E/OpenGLRenderer( 1629): GL error:  GL_INVALID_OPERATION
12-14 01:25:13.857 I/chatty  ( 1629): uid=1000(system) RenderThread identical 67 lines
12-14 01:25:13.858 E/OpenGLRenderer( 1629): GL error:  GL_INVALID_OPERATION
12-14 01:25:13.858 D/EGL_emulation( 1736): eglMakeCurrent: 0x91bce1c0: ver 3 0 (tinfo 0xa0ff0c80)
12-14 01:25:13.858 E/OpenGLRenderer( 1629): GL error:  GL_INVALID_OPERATION
12-14 01:25:13.865 I/chatty  ( 1629): uid=1000(system) RenderThread identical 17 lines
12-14 01:25:13.865 E/OpenGLRenderer( 1629): GL error:  GL_INVALID_OPERATION
12-14 01:25:13.866 D/EGL_emulation( 1736): eglMakeCurrent: 0x91bce1c0: ver 3 0 (tinfo 0xa0ff0c80)
12-14 01:25:13.866 E/OpenGLRenderer( 1629): GL error:  GL_INVALID_OPERATION
12-14 01:25:13.869 I/chatty  ( 1629): uid=1000(system) RenderThread identical 6 lines
12-14 01:25:13.870 E/OpenGLRenderer( 1629): GL error:  GL_INVALID_OPERATION
12-14 01:25:13.870 D/EGL_emulation( 1736): eglMakeCurrent: 0x91bce1c0: ver 3 0 (tinfo 0xa0ff0c80)
12-14 01:25:13.870 E/OpenGLRenderer( 1629): GL error:  GL_INVALID_OPERATION
12-14 01:25:13.884 I/chatty  ( 1629): uid=1000(system) RenderThread identical 39 lines
12-14 01:25:13.884 E/OpenGLRenderer( 1629): GL error:  GL_INVALID_OPERATION
12-14 01:25:13.884 D/EGL_emulation( 1736): eglMakeCurrent: 0x91bce1c0: ver 3 0 (tinfo 0xa0ff0c80)
12-14 01:25:13.884 E/OpenGLRenderer( 1629): GL error:  GL_INVALID_OPERATION
12-14 01:25:13.888 I/chatty  ( 1629): uid=1000(system) RenderThread identical 7 lines
12-14 01:25:13.889 E/OpenGLRenderer( 1629): GL error:  GL_INVALID_OPERATION
12-14 01:25:13.890 D/EGL_emulation( 1736): eglMakeCurrent: 0x91bce1c0: ver 3 0 (tinfo 0xa0ff0c80)
12-14 01:25:13.890 E/OpenGLRenderer( 1629): GL error:  GL_INVALID_OPERATION
12-14 01:25:13.900 I/chatty  ( 1629): uid=1000(system) RenderThread identical 29 lines
12-14 01:25:13.901 E/OpenGLRenderer( 1629): GL error:  GL_INVALID_OPERATION
12-14 01:25:13.901 D/EGL_emulation( 1736): eglMakeCurrent: 0x91bce1c0: ver 3 0 (tinfo 0xa0ff0c80)
12-14 01:25:13.901 E/OpenGLRenderer( 1629): GL error:  GL_INVALID_OPERATION
12-14 01:25:13.907 I/chatty  ( 1629): uid=1000(system) RenderThread identical 10 lines
12-14 01:25:13.907 E/OpenGLRenderer( 1629): GL error:  GL_INVALID_OPERATION
12-14 01:25:13.907 D/EGL_emulation( 1736): eglMakeCurrent: 0x91bce1c0: ver 3 0 (tinfo 0xa0ff0c80)
12-14 01:25:13.907 E/OpenGLRenderer( 1629): GL error:  GL_INVALID_OPERATION
12-14 01:25:13.908 I/chatty  ( 1629): uid=1000(system) RenderThread identical 2 lines
12-14 01:25:13.909 E/OpenGLRenderer( 1629): GL error:  GL_INVALID_OPERATION
12-14 01:25:13.920 D/EGL_emulation( 1736): eglMakeCurrent: 0x91bce1c0: ver 3 0 (tinfo 0xa0ff0c80)
12-14 01:25:13.921 E/OpenGLRenderer( 1629): GL error:  GL_INVALID_OPERATION
12-14 01:25:13.922 I/chatty  ( 1629): uid=1000(system) RenderThread identical 1 line
12-14 01:25:13.923 E/OpenGLRenderer( 1629): GL error:  GL_INVALID_OPERATION
12-14 01:25:13.927 D/EGL_emulation( 1736): eglMakeCurrent: 0x91bce1c0: ver 3 0 (tinfo 0xa0ff0c80)
12-14 01:25:13.930 D/EGL_emulation( 1736): eglMakeCurrent: 0x91bce1c0: ver 3 0 (tinfo 0xa0ff0c80)
12-14 01:25:13.933 I/zygote  ( 4442): Do partial code cache collection, code=29KB, data=21KB
12-14 01:25:13.934 I/zygote  ( 4442): After code cache collection, code=29KB, data=21KB
12-14 01:25:13.934 I/zygote  ( 4442): Increasing code cache capacity to 128KB
12-14 01:25:13.937 E/OpenGLRenderer( 1629): GL error:  GL_INVALID_OPERATION
12-14 01:25:13.951 I/chatty  ( 1629): uid=1000(system) RenderThread identical 44 lines
12-14 01:25:13.951 E/OpenGLRenderer( 1629): GL error:  GL_INVALID_OPERATION
12-14 01:25:13.952 D/EGL_emulation( 1736): eglMakeCurrent: 0x91bce1c0: ver 3 0 (tinfo 0xa0ff0c80)
12-14 01:25:13.952 E/OpenGLRenderer( 1629): GL error:  GL_INVALID_OPERATION
12-14 01:25:14.039 W/ActivityManager( 1629): Bad activity token: android.os.BinderProxy@1794d39
12-14 01:25:14.039 W/ActivityManager( 1629): java.lang.ClassCastException: android.os.BinderProxy cannot be cast to com.android.server.am.ActivityRecord$Token
12-14 01:25:14.039 W/ActivityManager( 1629): 	at com.android.server.am.ActivityRecord.forTokenLocked(ActivityRecord.java:778)
12-14 01:25:14.039 W/ActivityManager( 1629): 	at com.android.server.am.ActivityRecord.isInStackLocked(ActivityRecord.java:2085)
12-14 01:25:14.039 W/ActivityManager( 1629): 	at com.android.server.am.ActivityManagerService.getActivityOptions(ActivityManagerService.java:13302)
12-14 01:25:14.039 W/ActivityManager( 1629): 	at android.app.IActivityManager$Stub.onTransact(IActivityManager.java:2910)
12-14 01:25:14.039 W/ActivityManager( 1629): 	at com.android.server.am.ActivityManagerService.onTransact(ActivityManagerService.java:2935)
12-14 01:25:14.039 W/ActivityManager( 1629): 	at android.os.Binder.execTransact(Binder.java:674)
12-14 01:25:14.040 W/ActivityManager( 1629): Bad activity token: android.os.BinderProxy@1794d39
12-14 01:25:14.040 W/ActivityManager( 1629): java.lang.ClassCastException: android.os.BinderProxy cannot be cast to com.android.server.am.ActivityRecord$Token
12-14 01:25:14.040 W/ActivityManager( 1629): 	at com.android.server.am.ActivityRecord.forTokenLocked(ActivityRecord.java:778)
12-14 01:25:14.040 W/ActivityManager( 1629): 	at com.android.server.am.ActivityRecord.isInStackLocked(ActivityRecord.java:2085)
12-14 01:25:14.040 W/ActivityManager( 1629): 	at com.android.server.am.ActivityManagerService.getActivityOptions(ActivityManagerService.java:13302)
12-14 01:25:14.040 W/ActivityManager( 1629): 	at android.app.IActivityManager$Stub.onTransact(IActivityManager.java:2910)
12-14 01:25:14.040 W/ActivityManager( 1629): 	at com.android.server.am.ActivityManagerService.onTransact(ActivityManagerService.java:2935)
12-14 01:25:14.040 W/ActivityManager( 1629): 	at android.os.Binder.execTransact(Binder.java:674)
12-14 01:25:14.130 I/chatty  ( 1629): uid=1000(system) RenderThread identical 502 lines
12-14 01:25:14.131 E/OpenGLRenderer( 1629): GL error:  GL_INVALID_OPERATION
12-14 01:25:14.132 V/StatusBar( 1736): setLightsOn(true)
12-14 01:25:14.132 E/OpenGLRenderer( 1629): GL error:  GL_INVALID_OPERATION
12-14 01:25:14.148 I/chatty  ( 1629): uid=1000(system) RenderThread identical 46 lines
12-14 01:25:14.149 E/OpenGLRenderer( 1629): GL error:  GL_INVALID_OPERATION
12-14 01:25:14.149 V/StatusBar( 1736): setLightsOn(true)
12-14 01:25:14.149 E/OpenGLRenderer( 1629): GL error:  GL_INVALID_OPERATION
12-14 01:25:14.231 I/chatty  ( 1629): uid=1000(system) RenderThread identical 261 lines
12-14 01:25:14.231 E/OpenGLRenderer( 1629): GL error:  GL_INVALID_OPERATION
12-14 01:25:14.231 V/StatusBar( 1736): setLightsOn(true)
12-14 01:25:14.233 V/StatusBar( 1736): setLightsOn(true)
12-14 01:25:14.234 E/OpenGLRenderer( 1629): GL error:  GL_INVALID_OPERATION
12-14 01:25:14.300 I/chatty  ( 1629): uid=1000(system) RenderThread identical 228 lines
12-14 01:25:14.301 E/OpenGLRenderer( 1629): GL error:  GL_INVALID_OPERATION
12-14 01:25:14.301 D/gralloc_ranchu( 1396): gralloc_alloc: Creating ashmem region of size 7753728
12-14 01:25:14.301 E/OpenGLRenderer( 1629): GL error:  GL_INVALID_OPERATION
12-14 01:25:14.334 I/chatty  ( 1629): uid=1000(system) RenderThread identical 101 lines
12-14 01:25:14.334 E/OpenGLRenderer( 1629): GL error:  GL_INVALID_OPERATION
12-14 01:25:14.334 D/        ( 4442): HostConnection::get() New Host Connection established 0xa2bb0cc0, tid 4442
12-14 01:25:14.334 E/OpenGLRenderer( 1629): GL error:  GL_INVALID_OPERATION
12-14 01:25:14.339 I/chatty  ( 1629): uid=1000(system) RenderThread identical 15 lines
12-14 01:25:14.340 E/OpenGLRenderer( 1629): GL error:  GL_INVALID_OPERATION
12-14 01:25:14.340 I/zygote  ( 4442): Do partial code cache collection, code=41KB, data=43KB
12-14 01:25:14.340 E/OpenGLRenderer( 1629): GL error:  GL_INVALID_OPERATION
12-14 01:25:14.340 I/zygote  ( 4442): After code cache collection, code=41KB, data=43KB
12-14 01:25:14.340 I/zygote  ( 4442): Increasing code cache capacity to 256KB
12-14 01:25:14.340 E/OpenGLRenderer( 1629): GL error:  GL_INVALID_OPERATION
12-14 01:25:14.340 I/chatty  ( 1629): uid=1000(system) RenderThread identical 1 line
12-14 01:25:14.340 E/OpenGLRenderer( 1629): GL error:  GL_INVALID_OPERATION
12-14 01:25:14.340 I/zygote  ( 4442): JIT allocated 71KB for compiled code of void android.widget.TextView.<init>(android.content.Context, android.util.AttributeSet, int, int)
12-14 01:25:14.340 I/zygote  ( 4442): Compiler allocated 4MB to compile void android.widget.TextView.<init>(android.content.Context, android.util.AttributeSet, int, int)
12-14 01:25:14.341 E/OpenGLRenderer( 1629): GL error:  GL_INVALID_OPERATION
12-14 01:25:14.351 I/chatty  ( 1629): uid=1000(system) RenderThread identical 47 lines
12-14 01:25:14.357 E/OpenGLRenderer( 1629): GL error:  GL_INVALID_OPERATION
12-14 01:25:14.358 I/zygote  ( 4442): Do full code cache collection, code=121KB, data=68KB
12-14 01:25:14.358 I/zygote  ( 4442): After code cache collection, code=79KB, data=32KB
12-14 01:25:14.368 E/OpenGLRenderer( 1629): GL error:  GL_INVALID_OPERATION
12-14 01:25:14.376 I/chatty  ( 1629): uid=1000(system) RenderThread identical 25 lines
12-14 01:25:14.376 E/OpenGLRenderer( 1629): GL error:  GL_INVALID_OPERATION
12-14 01:25:14.383 V/StatusBar( 1736): setLightsOn(true)
12-14 01:25:14.383 V/StatusBar( 1736): setLightsOn(true)
12-14 01:25:14.384 I/ActivityManager( 1629): Displayed com.evancharlton.mileage/.Mileage: +824ms
12-14 01:25:14.385 V/StatusBar( 1736): setLightsOn(true)
12-14 01:25:14.393 E/OpenGLRenderer( 1629): GL error:  GL_INVALID_OPERATION
12-14 01:25:14.409 I/chatty  ( 1629): uid=1000(system) RenderThread identical 17 lines
12-14 01:25:14.409 E/OpenGLRenderer( 1629): GL error:  GL_INVALID_OPERATION
12-14 01:25:14.410 D/gralloc_ranchu( 1396): gralloc_alloc: Creating ashmem region of size 7753728
12-14 01:25:14.410 E/OpenGLRenderer( 1629): GL error:  GL_INVALID_OPERATION
12-14 01:25:14.410 E/OpenGLRenderer( 1629): GL error:  GL_INVALID_OPERATION
12-14 01:25:14.414 V/StatusBar( 1736): setLightsOn(true)
12-14 01:25:14.454 I/chatty  ( 1629): uid=1000(system) RenderThread expire 80 lines
12-14 01:25:14.455 E/OpenGLRenderer( 1629): GL error:  GL_INVALID_OPERATION
12-14 01:25:14.455 V/StatusBar( 1736): setLightsOn(true)
12-14 01:25:14.455 E/OpenGLRenderer( 1629): GL error:  GL_INVALID_OPERATION
12-14 01:25:14.460 I/chatty  ( 1629): uid=1000(system) RenderThread identical 33 lines
12-14 01:25:14.461 E/OpenGLRenderer( 1629): GL error:  GL_INVALID_OPERATION
12-14 01:25:14.461 E/OpenGLRenderer( 1629): GL error:  GL_INVALID_OPERATION
12-14 01:25:14.465 V/StatusBar( 1736): setLightsOn(true)
12-14 01:25:14.543 I/chatty  ( 1629): uid=1000(system) RenderThread expire 290 lines
12-14 01:25:14.543 E/OpenGLRenderer( 1629): GL error:  GL_INVALID_OPERATION
12-14 01:25:14.544 W/SurfaceFlinger( 1406): couldn't log to binary event log: overflow.
12-14 01:25:14.544 E/OpenGLRenderer( 1629): GL error:  GL_INVALID_OPERATION
12-14 01:25:14.579 I/chatty  ( 1629): uid=1000(system) RenderThread identical 184 lines
12-14 01:25:14.579 E/OpenGLRenderer( 1629): GL error:  GL_INVALID_OPERATION
12-14 01:25:14.579 V/StatusBar( 1736): setLightsOn(true)
12-14 01:25:14.579 E/OpenGLRenderer( 1629): GL error:  GL_INVALID_OPERATION
12-14 01:25:14.632 I/chatty  ( 1629): uid=1000(system) RenderThread identical 287 lines
12-14 01:25:14.632 E/OpenGLRenderer( 1629): GL error:  GL_INVALID_OPERATION
12-14 01:25:14.632 I/PBSessionCacheImpl( 2173): Deleted sessionId[6681868514332] from persistence.
12-14 01:25:14.632 E/OpenGLRenderer( 1629): GL error:  GL_INVALID_OPERATION
12-14 01:25:14.659 I/chatty  ( 1629): uid=1000(system) RenderThread identical 101 lines
12-14 01:25:14.659 E/OpenGLRenderer( 1629): GL error:  GL_INVALID_OPERATION
12-14 01:25:14.666 W/SearchService( 2173): Abort, client detached.
12-14 01:25:14.668 E/OpenGLRenderer( 1629): GL error:  GL_INVALID_OPERATION
12-14 01:25:14.681 I/chatty  ( 1629): uid=1000(system) RenderThread identical 26 lines
12-14 01:25:14.682 E/OpenGLRenderer( 1629): GL error:  GL_INVALID_OPERATION
12-14 01:25:14.683 I/System.out( 4442): URI: //
12-14 01:25:14.683 I/System.out( 4442): params: {json={"command":"set_activity_orientation","arguments":["landscape"]}
12-14 01:25:14.683 I/System.out( 4442): }
12-14 01:25:14.683 I/System.out( 4442): header: {content-type=application/json;charset=utf-8, date=Mon, 14 Dec 2020 06:25:15 GMT, accept=*/*, host=127.0.0.1:34777, content-length=64, user-agent=HTTPClient/1.0 (2.8.3, ruby 2.5.8 (2020-03-31))}
12-14 01:25:14.683 I/System.out( 4442): params: {json={"command":"set_activity_orientation","arguments":["landscape"]}
12-14 01:25:14.683 I/System.out( 4442): }
12-14 01:25:14.683 I/System.out( 4442): ProP json = {"command":"set_activity_orientation","arguments":["landscape"]}
12-14 01:25:14.683 I/System.out( 4442): files: {}
12-14 01:25:14.683 I/System.out( 4442): command: {"command":"set_activity_orientation","arguments":["landscape"]}
12-14 01:25:14.685 E/OpenGLRenderer( 1629): GL error:  GL_INVALID_OPERATION
12-14 01:25:14.704 I/chatty  ( 1629): uid=1000(system) RenderThread identical 100 lines
12-14 01:25:14.704 E/OpenGLRenderer( 1629): GL error:  GL_INVALID_OPERATION
12-14 01:25:14.708 I/InstrumentationBackend( 4442): Got command:'Command:'Line:null,set_activity_orientation', arguments:'[landscape]'
12-14 01:25:14.708 E/OpenGLRenderer( 1629): GL error:  GL_INVALID_OPERATION
12-14 01:25:14.718 I/chatty  ( 1629): uid=1000(system) RenderThread identical 17 lines
12-14 01:25:14.718 E/OpenGLRenderer( 1629): GL error:  GL_INVALID_OPERATION
12-14 01:25:14.718 D/gralloc_ranchu( 1396): gralloc_alloc: Creating ashmem region of size 8298496
12-14 01:25:14.718 E/OpenGLRenderer( 1629): GL error:  GL_INVALID_OPERATION
12-14 01:25:14.733 W/LocalDisplayAdapter( 1629): Unable to find color mode 0, ignoring request.
12-14 01:25:14.744 I/chatty  ( 1629): uid=1000(system) RenderThread identical 59 lines
12-14 01:25:14.744 E/OpenGLRenderer( 1629): GL error:  GL_INVALID_OPERATION
12-14 01:25:14.745 I/ActivityManager( 1629): Config changes=480 {1.0 310mcc260mnc [en_US] ldltr sw411dp w683dp h387dp 420dpi nrml land finger qwerty/v/v -nav/h appBounds=Rect(0, 0 - 1794, 1080) s.7}
12-14 01:25:14.748 I/InputReader( 1629): Reconfiguring input devices.  changes=0x00000004
12-14 01:25:14.749 I/InputReader( 1629): Device reconfigured: id=0, name='qwerty2', size 1080x1920, orientation 1, mode 1, display id 0
12-14 01:25:14.784 E/OpenGLRenderer( 1629): GL error:  GL_INVALID_OPERATION
12-14 01:25:14.787 I/ActivityManager( 1629): Override config changes=480 {1.0 310mcc260mnc [en_US] ldltr sw411dp w683dp h387dp 420dpi nrml land finger qwerty/v/v -nav/h appBounds=Rect(0, 0 - 1794, 1080) s.7} for displayId=0
12-14 01:25:14.787 I/chatty  ( 1629): uid=1000(system) RenderThread identical 9 lines
12-14 01:25:14.788 E/OpenGLRenderer( 1629): GL error:  GL_INVALID_OPERATION
12-14 01:25:14.835 I/calabash( 4442): newActivity1
12-14 01:25:14.846 E/OpenGLRenderer( 1629): GL error:  GL_INVALID_OPERATION
12-14 01:25:14.868 I/chatty  ( 1629): uid=1000(system) RenderThread identical 25 lines
12-14 01:25:14.870 E/OpenGLRenderer( 1629): GL error:  GL_INVALID_OPERATION
12-14 01:25:14.881 W/ActivityManager( 1629): Bad activity token: android.os.BinderProxy@a7bb763
12-14 01:25:14.881 W/ActivityManager( 1629): java.lang.ClassCastException: android.os.BinderProxy cannot be cast to com.android.server.am.ActivityRecord$Token
12-14 01:25:14.881 W/ActivityManager( 1629): 	at com.android.server.am.ActivityRecord.forTokenLocked(ActivityRecord.java:778)
12-14 01:25:14.881 W/ActivityManager( 1629): 	at com.android.server.am.ActivityRecord.isInStackLocked(ActivityRecord.java:2085)
12-14 01:25:14.881 W/ActivityManager( 1629): 	at com.android.server.am.ActivityRecord.getStackLocked(ActivityRecord.java:2090)
12-14 01:25:14.881 W/ActivityManager( 1629): 	at com.android.server.am.ActivityManagerService.getActivityDisplayId(ActivityManagerService.java:10406)
12-14 01:25:14.881 W/ActivityManager( 1629): 	at android.app.IActivityManager$Stub.onTransact(IActivityManager.java:2738)
12-14 01:25:14.881 W/ActivityManager( 1629): 	at com.android.server.am.ActivityManagerService.onTransact(ActivityManagerService.java:2935)
12-14 01:25:14.881 W/ActivityManager( 1629): 	at android.os.Binder.execTransact(Binder.java:674)
12-14 01:25:14.881 I/calabash( 4442): newActivity1
12-14 01:25:14.884 E/OpenGLRenderer( 1629): GL error:  GL_INVALID_OPERATION
12-14 01:25:14.884 E/OpenGLRenderer( 1629): GL error:  GL_INVALID_OPERATION
12-14 01:25:14.885 D/NuPlayerDriver( 1484): NuPlayerDriver(0xa70c45b0) created, clientPid(1736)
12-14 01:25:14.885 E/OpenGLRenderer( 1629): GL error:  GL_INVALID_OPERATION
12-14 01:25:14.889 W/ActivityManager( 1629): Bad activity token: android.os.BinderProxy@a7bb763
12-14 01:25:14.889 W/ActivityManager( 1629): java.lang.ClassCastException: android.os.BinderProxy cannot be cast to com.android.server.am.ActivityRecord$Token
12-14 01:25:14.889 W/ActivityManager( 1629): 	at com.android.server.am.ActivityRecord.forTokenLocked(ActivityRecord.java:778)
12-14 01:25:14.889 W/ActivityManager( 1629): 	at com.android.server.am.ActivityRecord.isInStackLocked(ActivityRecord.java:2085)
12-14 01:25:14.889 W/ActivityManager( 1629): 	at com.android.server.am.ActivityManagerService.setTaskDescription(ActivityManagerService.java:9988)
12-14 01:25:14.889 W/ActivityManager( 1629): 	at android.app.IActivityManager$Stub.onTransact(IActivityManager.java:2824)
12-14 01:25:14.889 W/ActivityManager( 1629): 	at com.android.server.am.ActivityManagerService.onTransact(ActivityManagerService.java:2935)
12-14 01:25:14.889 W/ActivityManager( 1629): 	at android.os.Binder.execTransact(Binder.java:674)
12-14 01:25:14.889 W/ActivityManager( 1629): Bad activity token: android.os.BinderProxy@a7bb763
12-14 01:25:14.889 W/ActivityManager( 1629): java.lang.ClassCastException: android.os.BinderProxy cannot be cast to com.android.server.am.ActivityRecord$Token
12-14 01:25:14.889 W/ActivityManager( 1629): 	at com.android.server.am.ActivityRecord.forTokenLocked(ActivityRecord.java:778)
12-14 01:25:14.889 W/ActivityManager( 1629): 	at com.android.server.am.ActivityRecord.isInStackLocked(ActivityRecord.java:2085)
12-14 01:25:14.889 W/ActivityManager( 1629): 	at com.android.server.am.ActivityRecord.getStackLocked(ActivityRecord.java:2090)
12-14 01:25:14.889 W/ActivityManager( 1629): 	at com.android.server.am.ActivityManagerService.getActivityStackId(ActivityManagerService.java:10417)
12-14 01:25:14.889 W/ActivityManager( 1629): 	at android.app.IActivityManager$Stub.onTransact(IActivityManager.java:3548)
12-14 01:25:14.889 W/ActivityManager( 1629): 	at com.android.server.am.ActivityManagerService.onTransact(ActivityManagerService.java:2935)
12-14 01:25:14.889 W/ActivityManager( 1629): 	at android.os.Binder.execTransact(Binder.java:674)
12-14 01:25:14.907 I/chatty  ( 1629): uid=1000(system) RenderThread identical 36 lines
12-14 01:25:14.908 E/OpenGLRenderer( 1629): GL error:  GL_INVALID_OPERATION
12-14 01:25:14.908 D/gralloc_ranchu( 1396): gralloc_alloc: Creating ashmem region of size 544768
12-14 01:25:14.909 E/OpenGLRenderer( 1629): GL error:  GL_INVALID_OPERATION
12-14 01:25:14.916 I/chatty  ( 1629): uid=1000(system) RenderThread identical 12 lines
12-14 01:25:14.916 E/OpenGLRenderer( 1629): GL error:  GL_INVALID_OPERATION
12-14 01:25:14.916 D/EGL_emulation( 1736): eglMakeCurrent: 0x91bce1c0: ver 3 0 (tinfo 0xa0ff0c80)
12-14 01:25:14.916 E/OpenGLRenderer( 1629): GL error:  GL_INVALID_OPERATION
12-14 01:25:14.920 I/chatty  ( 1629): uid=1000(system) RenderThread identical 11 lines
12-14 01:25:14.921 E/OpenGLRenderer( 1629): GL error:  GL_INVALID_OPERATION
12-14 01:25:14.922 D/GenericSource( 1484): FileSource remote
12-14 01:25:14.922 E/OpenGLRenderer( 1629): GL error:  GL_INVALID_OPERATION
12-14 01:25:14.925 I/chatty  ( 1629): uid=1000(system) RenderThread identical 8 lines
12-14 01:25:14.925 E/OpenGLRenderer( 1629): GL error:  GL_INVALID_OPERATION
12-14 01:25:14.927 D/gralloc_ranchu( 1396): gralloc_alloc: Creating ashmem region of size 544768
12-14 01:25:14.927 E/OpenGLRenderer( 1629): GL error:  GL_INVALID_OPERATION
12-14 01:25:14.940 I/chatty  ( 1629): uid=1000(system) RenderThread identical 12 lines
12-14 01:25:14.940 E/OpenGLRenderer( 1629): GL error:  GL_INVALID_OPERATION
12-14 01:25:14.940 D/NuPlayerDriver( 1484): notifyListener_l(0xa70c45b0), (1, 0, 0, -1), loop setting(0, 0)
12-14 01:25:14.941 E/OpenGLRenderer( 1629): GL error:  GL_INVALID_OPERATION
12-14 01:25:14.969 I/chatty  ( 1629): uid=1000(system) RenderThread identical 89 lines
12-14 01:25:14.969 E/OpenGLRenderer( 1629): GL error:  GL_INVALID_OPERATION
12-14 01:25:14.970 I/MediaFocusControl( 1629):  AudioFocus  requestAudioFocus() from uid/pid 10028/1736 clientId=android.media.AudioManager@a5c28bd req=3 flags=0x0
12-14 01:25:14.970 E/OpenGLRenderer( 1629): GL error:  GL_INVALID_OPERATION
12-14 01:25:14.998 I/chatty  ( 1629): uid=1000(system) RenderThread identical 91 lines
12-14 01:25:14.998 E/OpenGLRenderer( 1629): GL error:  GL_INVALID_OPERATION
12-14 01:25:14.998 D/StatusBar( 1736): disable<e i a s b h r c s q >
12-14 01:25:14.998 E/OpenGLRenderer( 1629): GL error:  GL_INVALID_OPERATION
12-14 01:25:15.010 I/chatty  ( 1629): uid=1000(system) RenderThread identical 44 lines
12-14 01:25:15.011 E/OpenGLRenderer( 1629): GL error:  GL_INVALID_OPERATION
12-14 01:25:15.011 D/EGL_emulation( 1736): eglMakeCurrent: 0x91bce1c0: ver 3 0 (tinfo 0xa0ff0c80)
12-14 01:25:15.011 E/OpenGLRenderer( 1629): GL error:  GL_INVALID_OPERATION
12-14 01:25:15.061 W/ActivityManager( 1629): Bad activity token: android.os.BinderProxy@a7bb763
12-14 01:25:15.061 W/ActivityManager( 1629): java.lang.ClassCastException: android.os.BinderProxy cannot be cast to com.android.server.am.ActivityRecord$Token
12-14 01:25:15.061 W/ActivityManager( 1629): 	at com.android.server.am.ActivityRecord.forTokenLocked(ActivityRecord.java:778)
12-14 01:25:15.061 W/ActivityManager( 1629): 	at com.android.server.am.ActivityRecord.isInStackLocked(ActivityRecord.java:2085)
12-14 01:25:15.061 W/ActivityManager( 1629): 	at com.android.server.am.ActivityManagerService.getActivityOptions(ActivityManagerService.java:13302)
12-14 01:25:15.061 W/ActivityManager( 1629): 	at android.app.IActivityManager$Stub.onTransact(IActivityManager.java:2910)
12-14 01:25:15.061 W/ActivityManager( 1629): 	at com.android.server.am.ActivityManagerService.onTransact(ActivityManagerService.java:2935)
12-14 01:25:15.061 W/ActivityManager( 1629): 	at android.os.Binder.execTransact(Binder.java:674)
12-14 01:25:15.062 W/ActivityManager( 1629): Bad activity token: android.os.BinderProxy@a7bb763
12-14 01:25:15.062 W/ActivityManager( 1629): java.lang.ClassCastException: android.os.BinderProxy cannot be cast to com.android.server.am.ActivityRecord$Token
12-14 01:25:15.062 W/ActivityManager( 1629): 	at com.android.server.am.ActivityRecord.forTokenLocked(ActivityRecord.java:778)
12-14 01:25:15.062 W/ActivityManager( 1629): 	at com.android.server.am.ActivityRecord.isInStackLocked(ActivityRecord.java:2085)
12-14 01:25:15.062 W/ActivityManager( 1629): 	at com.android.server.am.ActivityManagerService.getActivityOptions(ActivityManagerService.java:13302)
12-14 01:25:15.062 W/ActivityManager( 1629): 	at android.app.IActivityManager$Stub.onTransact(IActivityManager.java:2910)
12-14 01:25:15.062 W/ActivityManager( 1629): 	at com.android.server.am.ActivityManagerService.onTransact(ActivityManagerService.java:2935)
12-14 01:25:15.062 W/ActivityManager( 1629): 	at android.os.Binder.execTransact(Binder.java:674)
12-14 01:25:15.133 V/StatusBar( 1736): setLightsOn(true)
12-14 01:25:15.133 I/chatty  ( 1629): uid=1000(system) RenderThread expire 388 lines
12-14 01:25:15.133 E/OpenGLRenderer( 1629): GL error:  GL_INVALID_OPERATION
12-14 01:25:15.134 E/OpenGLRenderer( 1629): GL error:  GL_INVALID_OPERATION
12-14 01:25:15.161 I/chatty  ( 1629): uid=1000(system) RenderThread identical 68 lines
12-14 01:25:15.161 E/OpenGLRenderer( 1629): GL error:  GL_INVALID_OPERATION
12-14 01:25:15.161 D/EGL_emulation( 1736): eglMakeCurrent: 0x91bce1c0: ver 3 0 (tinfo 0xa0ff0c80)
12-14 01:25:15.161 E/OpenGLRenderer( 1629): GL error:  GL_INVALID_OPERATION
12-14 01:25:15.167 I/chatty  ( 1629): uid=1000(system) RenderThread identical 19 lines
12-14 01:25:15.167 E/OpenGLRenderer( 1629): GL error:  GL_INVALID_OPERATION
12-14 01:25:15.168 D/gralloc_ranchu( 1396): gralloc_alloc: Creating ashmem region of size 544768
12-14 01:25:15.168 E/OpenGLRenderer( 1629): GL error:  GL_INVALID_OPERATION
12-14 01:25:15.188 I/chatty  ( 1629): uid=1000(system) RenderThread identical 42 lines
12-14 01:25:15.189 E/OpenGLRenderer( 1629): GL error:  GL_INVALID_OPERATION
12-14 01:25:15.192 I/System.out( 4442): result:{"bonusInformation":[],"message":"","success":true}
12-14 01:25:15.197 E/OpenGLRenderer( 1629): GL error:  GL_INVALID_OPERATION
12-14 01:25:15.242 I/chatty  ( 1629): uid=1000(system) RenderThread identical 105 lines
12-14 01:25:15.242 E/OpenGLRenderer( 1629): GL error:  GL_INVALID_OPERATION
12-14 01:25:15.243 D/gralloc_ranchu( 1396): gralloc_alloc: Creating ashmem region of size 487424
12-14 01:25:15.243 E/OpenGLRenderer( 1629): GL error:  GL_INVALID_OPERATION
12-14 01:25:15.295 I/chatty  ( 1629): uid=1000(system) RenderThread identical 108 lines
12-14 01:25:15.295 E/OpenGLRenderer( 1629): GL error:  GL_INVALID_OPERATION
12-14 01:25:15.295 D/EGL_emulation( 1736): eglMakeCurrent: 0x91bce1c0: ver 3 0 (tinfo 0xa0ff0c80)
12-14 01:25:15.296 E/OpenGLRenderer( 1629): GL error:  GL_INVALID_OPERATION
12-14 01:25:15.300 I/chatty  ( 1629): uid=1000(system) RenderThread identical 8 lines
12-14 01:25:15.301 E/OpenGLRenderer( 1629): GL error:  GL_INVALID_OPERATION
12-14 01:25:15.301 D/gralloc_ranchu( 1396): gralloc_alloc: Creating ashmem region of size 487424
12-14 01:25:15.301 E/OpenGLRenderer( 1629): GL error:  GL_INVALID_OPERATION
12-14 01:25:15.308 I/chatty  ( 1629): uid=1000(system) RenderThread identical 18 lines
12-14 01:25:15.308 E/OpenGLRenderer( 1629): GL error:  GL_INVALID_OPERATION
12-14 01:25:15.310 D/gralloc_ranchu( 1396): gralloc_alloc: Creating ashmem region of size 7753728
12-14 01:25:15.310 E/OpenGLRenderer( 1629): GL error:  GL_INVALID_OPERATION
12-14 01:25:15.347 I/chatty  ( 1629): uid=1000(system) RenderThread identical 66 lines
12-14 01:25:15.349 E/OpenGLRenderer( 1629): GL error:  GL_INVALID_OPERATION
12-14 01:25:15.349 D/gralloc_ranchu( 1396): gralloc_alloc: Creating ashmem region of size 487424
12-14 01:25:15.350 V/StatusBar( 1736): setLightsOn(true)
12-14 01:25:15.350 E/OpenGLRenderer( 1629): GL error:  GL_INVALID_OPERATION
12-14 01:25:15.368 I/zygote  ( 1722): Do partial code cache collection, code=61KB, data=38KB
12-14 01:25:15.368 I/chatty  ( 1629): uid=1000(system) RenderThread expire 41 lines
12-14 01:25:15.369 E/OpenGLRenderer( 1629): GL error:  GL_INVALID_OPERATION
12-14 01:25:15.369 E/OpenGLRenderer( 1629): GL error:  GL_INVALID_OPERATION
12-14 01:25:15.390 I/chatty  ( 1629): uid=1000(system) RenderThread identical 59 lines
12-14 01:25:15.390 E/OpenGLRenderer( 1629): GL error:  GL_INVALID_OPERATION
12-14 01:25:15.391 V/StatusBar( 1736): setLightsOn(true)
12-14 01:25:15.393 E/OpenGLRenderer( 1629): GL error:  GL_INVALID_OPERATION
12-14 01:25:15.399 I/chatty  ( 1629): uid=1000(system) RenderThread identical 5 lines
12-14 01:25:15.400 E/OpenGLRenderer( 1629): GL error:  GL_INVALID_OPERATION
12-14 01:25:15.401 V/StatusBar( 1736): setLightsOn(true)
12-14 01:25:15.401 E/OpenGLRenderer( 1629): GL error:  GL_INVALID_OPERATION
12-14 01:25:15.402 I/chatty  ( 1629): uid=1000(system) RenderThread identical 4 lines
12-14 01:25:15.402 E/OpenGLRenderer( 1629): GL error:  GL_INVALID_OPERATION
12-14 01:25:15.403 I/WindowManager( 1629): Screen frozen for +694ms due to Window{e766eb7 u0 com.evancharlton.mileage/com.evancharlton.mileage.Mileage}
12-14 01:25:15.404 V/StatusBar( 1736): setLightsOn(true)
12-14 01:25:15.405 E/OpenGLRenderer( 1629): GL error:  GL_INVALID_OPERATION
12-14 01:25:15.407 I/zygote  ( 1722): After code cache collection, code=61KB, data=38KB
12-14 01:25:15.407 I/chatty  ( 1629): uid=1000(system) RenderThread expire 6 lines
12-14 01:25:15.408 E/OpenGLRenderer( 1629): GL error:  GL_INVALID_OPERATION
12-14 01:25:15.408 I/zygote  ( 1722): Increasing code cache capacity to 256KB
12-14 01:25:15.408 E/OpenGLRenderer( 1629): GL error:  GL_INVALID_OPERATION
12-14 01:25:15.414 I/chatty  ( 1629): uid=1000(system) RenderThread identical 5 lines
12-14 01:25:15.415 E/OpenGLRenderer( 1629): GL error:  GL_INVALID_OPERATION
12-14 01:25:15.417 D/gralloc_ranchu( 1396): gralloc_alloc: Creating ashmem region of size 7753728
12-14 01:25:15.419 E/OpenGLRenderer( 1629): GL error:  GL_INVALID_OPERATION
12-14 01:25:15.486 I/chatty  ( 1629): uid=1000(system) RenderThread identical 179 lines
12-14 01:25:15.487 D/NuPlayerDriver( 1484): start(0xa70c45b0), state is 4, eos is 0
12-14 01:25:15.487 E/OpenGLRenderer( 1629): GL error:  GL_INVALID_OPERATION
12-14 01:25:15.487 E/OpenGLRenderer( 1629): GL error:  GL_INVALID_OPERATION
12-14 01:25:15.487 I/GenericSource( 1484): start
12-14 01:25:15.489 E/OpenGLRenderer( 1629): GL error:  GL_INVALID_OPERATION
12-14 01:25:15.503 I/chatty  ( 1629): uid=1000(system) RenderThread identical 54 lines
12-14 01:25:15.508 E/OpenGLRenderer( 1629): GL error:  GL_INVALID_OPERATION
12-14 01:25:15.509 I/zygote  ( 4442): Do partial code cache collection, code=125KB, data=77KB
12-14 01:25:15.509 I/zygote  ( 4442): After code cache collection, code=125KB, data=77KB
12-14 01:25:15.509 I/zygote  ( 4442): Increasing code cache capacity to 512KB
12-14 01:25:15.512 E/OpenGLRenderer( 1629): GL error:  GL_INVALID_OPERATION
12-14 01:25:15.514 I/chatty  ( 1629): uid=1000(system) RenderThread identical 6 lines
12-14 01:25:15.514 E/OpenGLRenderer( 1629): GL error:  GL_INVALID_OPERATION
12-14 01:25:15.525 I/OMXClient( 1484): Treble IOmx obtained
12-14 01:25:15.526 I/OMXMaster( 1489): makeComponentInstance(OMX.google.vorbis.decoder) in omx@1.0-service process
12-14 01:25:15.527 E/OpenGLRenderer( 1629): GL error:  GL_INVALID_OPERATION
12-14 01:25:15.528 I/chatty  ( 1629): uid=1000(system) RenderThread identical 3 lines
12-14 01:25:15.528 E/OpenGLRenderer( 1629): GL error:  GL_INVALID_OPERATION
12-14 01:25:15.528 E/OpenGLRenderer( 1629): GL error:  GL_INVALID_OPERATION
12-14 01:25:15.540 I/chatty  ( 1629): uid=1000(system) RenderThread identical 47 lines
12-14 01:25:15.540 E/OpenGLRenderer( 1629): GL error:  GL_INVALID_OPERATION
12-14 01:25:15.540 E/OMXNodeInstance( 1489): setConfig(0xa7f9f600:google.vorbis.decoder, ConfigPriority(0x6f800002)) ERROR: Undefined(0x80001001)
12-14 01:25:15.541 E/OpenGLRenderer( 1629): GL error:  GL_INVALID_OPERATION
