12-14 01:25:00.475 I/chatty  ( 1629): uid=1000(system) RenderThread identical 400 lines
12-14 01:25:00.475 E/OpenGLRenderer( 1629): GL error:  GL_INVALID_OPERATION
12-14 01:25:00.475 I/System.out( 4275): result:{"bonusInformation":[],"message":"0.9.8","success":true}
12-14 01:25:00.475 E/OpenGLRenderer( 1629): GL error:  GL_INVALID_OPERATION
12-14 01:25:00.489 I/chatty  ( 1629): uid=1000(system) RenderThread identical 38 lines
12-14 01:25:00.489 E/OpenGLRenderer( 1629): GL error:  GL_INVALID_OPERATION
12-14 01:25:00.489 I/System.out( 4275): URI: //start-application
12-14 01:25:00.489 E/OpenGLRenderer( 1629): GL error:  GL_INVALID_OPERATION
12-14 01:25:00.490 I/chatty  ( 1629): uid=1000(system) RenderThread identical 2 lines
12-14 01:25:00.490 E/OpenGLRenderer( 1629): GL error:  GL_INVALID_OPERATION
12-14 01:25:00.490 I/System.out( 4275): params: {json={"intent":null}
12-14 01:25:00.490 E/OpenGLRenderer( 1629): GL error:  GL_INVALID_OPERATION
12-14 01:25:00.490 I/chatty  ( 1629): uid=1000(system) RenderThread identical 1 line
12-14 01:25:00.491 E/OpenGLRenderer( 1629): GL error:  GL_INVALID_OPERATION
12-14 01:25:00.491 I/System.out( 4275): }
12-14 01:25:00.491 E/OpenGLRenderer( 1629): GL error:  GL_INVALID_OPERATION
12-14 01:25:00.655 I/ActivityManager( 1629): START u0 {act=android.intent.action.MAIN cat=[android.intent.category.LAUNCHER] flg=0x10200000 cmp=com.evancharlton.mileage/.Mileage} from uid 10284
12-14 01:25:00.673 I/chatty  ( 1629): uid=1000(system) RenderThread identical 611 lines
12-14 01:25:00.674 E/OpenGLRenderer( 1629): GL error:  GL_INVALID_OPERATION
12-14 01:25:00.674 I/calabash( 4275): newActivity1
12-14 01:25:00.674 E/OpenGLRenderer( 1629): GL error:  GL_INVALID_OPERATION
12-14 01:25:00.695 I/chatty  ( 1629): uid=1000(system) RenderThread identical 131 lines
12-14 01:25:00.695 E/OpenGLRenderer( 1629): GL error:  GL_INVALID_OPERATION
12-14 01:25:00.695 D/gralloc_ranchu( 1396): gralloc_alloc: Creating ashmem region of size 7753728
12-14 01:25:00.696 E/OpenGLRenderer( 1629): GL error:  GL_INVALID_OPERATION
12-14 01:25:00.738 W/ActivityManager( 1629): Bad activity token: android.os.BinderProxy@93ab80a
12-14 01:25:00.738 W/ActivityManager( 1629): java.lang.ClassCastException: android.os.BinderProxy cannot be cast to com.android.server.am.ActivityRecord$Token
12-14 01:25:00.738 W/ActivityManager( 1629): 	at com.android.server.am.ActivityRecord.forTokenLocked(ActivityRecord.java:778)
12-14 01:25:00.738 W/ActivityManager( 1629): 	at com.android.server.am.ActivityRecord.isInStackLocked(ActivityRecord.java:2085)
12-14 01:25:00.738 W/ActivityManager( 1629): 	at com.android.server.am.ActivityRecord.getStackLocked(ActivityRecord.java:2090)
12-14 01:25:00.738 W/ActivityManager( 1629): 	at com.android.server.am.ActivityManagerService.getActivityDisplayId(ActivityManagerService.java:10406)
12-14 01:25:00.738 W/ActivityManager( 1629): 	at android.app.IActivityManager$Stub.onTransact(IActivityManager.java:2738)
12-14 01:25:00.738 W/ActivityManager( 1629): 	at com.android.server.am.ActivityManagerService.onTransact(ActivityManagerService.java:2935)
12-14 01:25:00.738 W/ActivityManager( 1629): 	at android.os.Binder.execTransact(Binder.java:674)
12-14 01:25:00.739 I/chatty  ( 1629): uid=1000(system) RenderThread identical 145 lines
12-14 01:25:00.739 E/OpenGLRenderer( 1629): GL error:  GL_INVALID_OPERATION
12-14 01:25:00.740 I/calabash( 4275): newActivity1
12-14 01:25:00.740 E/OpenGLRenderer( 1629): GL error:  GL_INVALID_OPERATION
12-14 01:25:00.751 W/ActivityManager( 1629): Bad activity token: android.os.BinderProxy@93ab80a
12-14 01:25:00.751 W/ActivityManager( 1629): java.lang.ClassCastException: android.os.BinderProxy cannot be cast to com.android.server.am.ActivityRecord$Token
12-14 01:25:00.751 W/ActivityManager( 1629): 	at com.android.server.am.ActivityRecord.forTokenLocked(ActivityRecord.java:778)
12-14 01:25:00.751 W/ActivityManager( 1629): 	at com.android.server.am.ActivityRecord.isInStackLocked(ActivityRecord.java:2085)
12-14 01:25:00.751 W/ActivityManager( 1629): 	at com.android.server.am.ActivityManagerService.setTaskDescription(ActivityManagerService.java:9988)
12-14 01:25:00.751 W/ActivityManager( 1629): 	at android.app.IActivityManager$Stub.onTransact(IActivityManager.java:2824)
12-14 01:25:00.751 W/ActivityManager( 1629): 	at com.android.server.am.ActivityManagerService.onTransact(ActivityManagerService.java:2935)
12-14 01:25:00.751 W/ActivityManager( 1629): 	at android.os.Binder.execTransact(Binder.java:674)
12-14 01:25:00.753 W/ActivityManager( 1629): Bad activity token: android.os.BinderProxy@93ab80a
12-14 01:25:00.753 W/ActivityManager( 1629): java.lang.ClassCastException: android.os.BinderProxy cannot be cast to com.android.server.am.ActivityRecord$Token
12-14 01:25:00.753 W/ActivityManager( 1629): 	at com.android.server.am.ActivityRecord.forTokenLocked(ActivityRecord.java:778)
12-14 01:25:00.753 W/ActivityManager( 1629): 	at com.android.server.am.ActivityRecord.isInStackLocked(ActivityRecord.java:2085)
12-14 01:25:00.753 W/ActivityManager( 1629): 	at com.android.server.am.ActivityRecord.getStackLocked(ActivityRecord.java:2090)
12-14 01:25:00.753 W/ActivityManager( 1629): 	at com.android.server.am.ActivityManagerService.getActivityStackId(ActivityManagerService.java:10417)
12-14 01:25:00.753 W/ActivityManager( 1629): 	at android.app.IActivityManager$Stub.onTransact(IActivityManager.java:3548)
12-14 01:25:00.753 W/ActivityManager( 1629): 	at com.android.server.am.ActivityManagerService.onTransact(ActivityManagerService.java:2935)
12-14 01:25:00.753 W/ActivityManager( 1629): 	at android.os.Binder.execTransact(Binder.java:674)
12-14 01:25:00.763 I/chatty  ( 1629): uid=1000(system) RenderThread identical 145 lines
12-14 01:25:00.766 E/OpenGLRenderer( 1629): GL error:  GL_INVALID_OPERATION
12-14 01:25:00.771 E/ContentStoreEUAS( 2173): Failed to commit the deferred actions
12-14 01:25:00.772 E/OpenGLRenderer( 1629): GL error:  GL_INVALID_OPERATION
12-14 01:25:00.781 I/chatty  ( 1629): uid=1000(system) RenderThread identical 38 lines
12-14 01:25:00.782 E/OpenGLRenderer( 1629): GL error:  GL_INVALID_OPERATION
12-14 01:25:00.782 D/EGL_emulation( 2173): eglMakeCurrent: 0xa2dc7f80: ver 3 0 (tinfo 0xa2f7fa10)
12-14 01:25:00.782 E/OpenGLRenderer( 1629): GL error:  GL_INVALID_OPERATION
12-14 01:25:00.785 I/chatty  ( 1629): uid=1000(system) RenderThread identical 6 lines
12-14 01:25:00.785 E/OpenGLRenderer( 1629): GL error:  GL_INVALID_OPERATION
12-14 01:25:00.785 D/EGL_emulation( 2146): eglMakeCurrent: 0xa5685420: ver 3 0 (tinfo 0xa5683360)
12-14 01:25:00.785 E/OpenGLRenderer( 1629): GL error:  GL_INVALID_OPERATION
12-14 01:25:00.810 I/chatty  ( 1629): uid=1000(system) RenderThread identical 83 lines
12-14 01:25:00.811 E/OpenGLRenderer( 1629): GL error:  GL_INVALID_OPERATION
12-14 01:25:00.812 D/EGL_emulation( 1736): eglMakeCurrent: 0x91bce1c0: ver 3 0 (tinfo 0xa0ff0c80)
12-14 01:25:00.811 E/OpenGLRenderer( 1629): GL error:  GL_INVALID_OPERATION
12-14 01:25:00.854 W/ActivityManager( 1629): Bad activity token: android.os.BinderProxy@93ab80a
12-14 01:25:00.854 W/ActivityManager( 1629): java.lang.ClassCastException: android.os.BinderProxy cannot be cast to com.android.server.am.ActivityRecord$Token
12-14 01:25:00.854 W/ActivityManager( 1629): 	at com.android.server.am.ActivityRecord.forTokenLocked(ActivityRecord.java:778)
12-14 01:25:00.854 W/ActivityManager( 1629): 	at com.android.server.am.ActivityRecord.isInStackLocked(ActivityRecord.java:2085)
12-14 01:25:00.854 W/ActivityManager( 1629): 	at com.android.server.am.ActivityManagerService.getActivityOptions(ActivityManagerService.java:13302)
12-14 01:25:00.854 W/ActivityManager( 1629): 	at android.app.IActivityManager$Stub.onTransact(IActivityManager.java:2910)
12-14 01:25:00.854 W/ActivityManager( 1629): 	at com.android.server.am.ActivityManagerService.onTransact(ActivityManagerService.java:2935)
12-14 01:25:00.854 W/ActivityManager( 1629): 	at android.os.Binder.execTransact(Binder.java:674)
12-14 01:25:00.855 E/BatteryStatsService( 1629): modem info is invalid: ModemActivityInfo{ mTimestamp=0 mSleepTimeMs=0 mIdleTimeMs=0 mTxTimeMs[]=[0, 0, 0, 0, 0] mRxTimeMs=0 mEnergyUsed=0}
12-14 01:25:00.856 I/chatty  ( 1629): uid=1000(system) RenderThread identical 238 lines
12-14 01:25:00.856 E/OpenGLRenderer( 1629): GL error:  GL_INVALID_OPERATION
12-14 01:25:00.856 D/EGL_emulation( 1736): eglMakeCurrent: 0x91bce1c0: ver 3 0 (tinfo 0xa0ff0c80)
12-14 01:25:00.856 W/ActivityManager( 1629): Bad activity token: android.os.BinderProxy@93ab80a
12-14 01:25:00.856 W/ActivityManager( 1629): java.lang.ClassCastException: android.os.BinderProxy cannot be cast to com.android.server.am.ActivityRecord$Token
12-14 01:25:00.856 W/ActivityManager( 1629): 	at com.android.server.am.ActivityRecord.forTokenLocked(ActivityRecord.java:778)
12-14 01:25:00.856 W/ActivityManager( 1629): 	at com.android.server.am.ActivityRecord.isInStackLocked(ActivityRecord.java:2085)
12-14 01:25:00.856 W/ActivityManager( 1629): 	at com.android.server.am.ActivityManagerService.getActivityOptions(ActivityManagerService.java:13302)
12-14 01:25:00.856 W/ActivityManager( 1629): 	at android.app.IActivityManager$Stub.onTransact(IActivityManager.java:2910)
12-14 01:25:00.856 W/ActivityManager( 1629): 	at com.android.server.am.ActivityManagerService.onTransact(ActivityManagerService.java:2935)
12-14 01:25:00.856 W/ActivityManager( 1629): 	at android.os.Binder.execTransact(Binder.java:674)
12-14 01:25:00.857 E/OpenGLRenderer( 1629): GL error:  GL_INVALID_OPERATION
12-14 01:25:00.865 I/chatty  ( 1629): uid=1000(system) RenderThread identical 54 lines
12-14 01:25:00.866 E/OpenGLRenderer( 1629): GL error:  GL_INVALID_OPERATION
12-14 01:25:00.866 D/EGL_emulation( 1736): eglMakeCurrent: 0x91bce1c0: ver 3 0 (tinfo 0xa0ff0c80)
12-14 01:25:00.866 E/OpenGLRenderer( 1629): GL error:  GL_INVALID_OPERATION
12-14 01:25:00.873 I/chatty  ( 1629): uid=1000(system) RenderThread identical 47 lines
12-14 01:25:00.873 E/OpenGLRenderer( 1629): GL error:  GL_INVALID_OPERATION
12-14 01:25:00.873 V/StatusBar( 1736): setLightsOn(true)
12-14 01:25:00.874 E/OpenGLRenderer( 1629): GL error:  GL_INVALID_OPERATION
12-14 01:25:00.878 I/chatty  ( 1629): uid=1000(system) RenderThread identical 9 lines
12-14 01:25:00.878 E/OpenGLRenderer( 1629): GL error:  GL_INVALID_OPERATION
12-14 01:25:00.878 D/EGL_emulation( 1736): eglMakeCurrent: 0x91bce1c0: ver 3 0 (tinfo 0xa0ff0c80)
12-14 01:25:00.878 E/OpenGLRenderer( 1629): GL error:  GL_INVALID_OPERATION
12-14 01:25:00.892 I/chatty  ( 1629): uid=1000(system) RenderThread identical 79 lines
12-14 01:25:00.893 E/OpenGLRenderer( 1629): GL error:  GL_INVALID_OPERATION
12-14 01:25:00.893 D/EGL_emulation( 1736): eglMakeCurrent: 0x91bce1c0: ver 3 0 (tinfo 0xa0ff0c80)
12-14 01:25:00.894 E/OpenGLRenderer( 1629): GL error:  GL_INVALID_OPERATION
12-14 01:25:00.909 I/chatty  ( 1629): uid=1000(system) RenderThread identical 82 lines
12-14 01:25:00.909 E/OpenGLRenderer( 1629): GL error:  GL_INVALID_OPERATION
12-14 01:25:00.910 D/EGL_emulation( 1736): eglMakeCurrent: 0x91bce1c0: ver 3 0 (tinfo 0xa0ff0c80)
12-14 01:25:00.911 E/OpenGLRenderer( 1629): GL error:  GL_INVALID_OPERATION
12-14 01:25:00.919 I/chatty  ( 1629): uid=1000(system) RenderThread identical 29 lines
12-14 01:25:00.919 E/OpenGLRenderer( 1629): GL error:  GL_INVALID_OPERATION
12-14 01:25:00.920 D/EGL_emulation( 1736): eglMakeCurrent: 0x91bce1c0: ver 3 0 (tinfo 0xa0ff0c80)
12-14 01:25:00.920 E/OpenGLRenderer( 1629): GL error:  GL_INVALID_OPERATION
12-14 01:25:00.927 I/chatty  ( 1629): uid=1000(system) RenderThread identical 35 lines
12-14 01:25:00.928 E/OpenGLRenderer( 1629): GL error:  GL_INVALID_OPERATION
12-14 01:25:00.928 D/EGL_emulation( 1736): eglMakeCurrent: 0x91bce1c0: ver 3 0 (tinfo 0xa0ff0c80)
12-14 01:25:00.928 E/OpenGLRenderer( 1629): GL error:  GL_INVALID_OPERATION
12-14 01:25:00.946 I/chatty  ( 1629): uid=1000(system) RenderThread identical 83 lines
12-14 01:25:00.946 E/OpenGLRenderer( 1629): GL error:  GL_INVALID_OPERATION
12-14 01:25:00.946 D/EGL_emulation( 1736): eglMakeCurrent: 0x91bce1c0: ver 3 0 (tinfo 0xa0ff0c80)
12-14 01:25:00.946 E/OpenGLRenderer( 1629): GL error:  GL_INVALID_OPERATION
12-14 01:25:00.953 I/chatty  ( 1629): uid=1000(system) RenderThread identical 31 lines
12-14 01:25:00.953 E/OpenGLRenderer( 1629): GL error:  GL_INVALID_OPERATION
12-14 01:25:00.953 D/EGL_emulation( 1736): eglMakeCurrent: 0x91bce1c0: ver 3 0 (tinfo 0xa0ff0c80)
12-14 01:25:00.953 E/OpenGLRenderer( 1629): GL error:  GL_INVALID_OPERATION
12-14 01:25:00.978 I/chatty  ( 1629): uid=1000(system) RenderThread identical 113 lines
12-14 01:25:00.978 E/OpenGLRenderer( 1629): GL error:  GL_INVALID_OPERATION
12-14 01:25:00.979 D/EGL_emulation( 1736): eglMakeCurrent: 0x91bce1c0: ver 3 0 (tinfo 0xa0ff0c80)
12-14 01:25:00.979 E/OpenGLRenderer( 1629): GL error:  GL_INVALID_OPERATION
12-14 01:25:00.980 I/chatty  ( 1629): uid=1000(system) RenderThread identical 3 lines
12-14 01:25:00.980 E/OpenGLRenderer( 1629): GL error:  GL_INVALID_OPERATION
12-14 01:25:00.980 V/StatusBar( 1736): setLightsOn(true)
12-14 01:25:00.980 E/OpenGLRenderer( 1629): GL error:  GL_INVALID_OPERATION
12-14 01:25:00.993 I/chatty  ( 1629): uid=1000(system) RenderThread identical 65 lines
12-14 01:25:00.994 E/OpenGLRenderer( 1629): GL error:  GL_INVALID_OPERATION
12-14 01:25:00.994 D/EGL_emulation( 1736): eglMakeCurrent: 0x91bce1c0: ver 3 0 (tinfo 0xa0ff0c80)
12-14 01:25:00.994 E/OpenGLRenderer( 1629): GL error:  GL_INVALID_OPERATION
12-14 01:25:00.998 I/chatty  ( 1629): uid=1000(system) RenderThread identical 9 lines
12-14 01:25:00.999 E/OpenGLRenderer( 1629): GL error:  GL_INVALID_OPERATION
12-14 01:25:00.999 D/EGL_emulation( 1736): eglMakeCurrent: 0x91bce1c0: ver 3 0 (tinfo 0xa0ff0c80)
12-14 01:25:00.999 E/OpenGLRenderer( 1629): GL error:  GL_INVALID_OPERATION
12-14 01:25:01.009 I/chatty  ( 1629): uid=1000(system) RenderThread identical 58 lines
12-14 01:25:01.009 E/OpenGLRenderer( 1629): GL error:  GL_INVALID_OPERATION
12-14 01:25:01.011 D/EGL_emulation( 1736): eglMakeCurrent: 0x91bce1c0: ver 3 0 (tinfo 0xa0ff0c80)
12-14 01:25:01.011 E/OpenGLRenderer( 1629): GL error:  GL_INVALID_OPERATION
12-14 01:25:01.012 V/StatusBar( 1736): setLightsOn(true)
12-14 01:25:01.012 E/OpenGLRenderer( 1629): GL error:  GL_INVALID_OPERATION
12-14 01:25:01.040 I/chatty  ( 1629): uid=1000(system) RenderThread identical 117 lines
12-14 01:25:01.040 E/OpenGLRenderer( 1629): GL error:  GL_INVALID_OPERATION
12-14 01:25:01.040 D/gralloc_ranchu( 1396): gralloc_alloc: Creating ashmem region of size 7753728
12-14 01:25:01.040 E/OpenGLRenderer( 1629): GL error:  GL_INVALID_OPERATION
12-14 01:25:01.062 I/chatty  ( 1629): uid=1000(system) RenderThread identical 49 lines
12-14 01:25:01.062 E/OpenGLRenderer( 1629): GL error:  GL_INVALID_OPERATION
12-14 01:25:01.064 D/        ( 4275): HostConnection::get() New Host Connection established 0xa2bb0c40, tid 4275
12-14 01:25:01.064 E/OpenGLRenderer( 1629): GL error:  GL_INVALID_OPERATION
12-14 01:25:01.108 I/chatty  ( 1629): uid=1000(system) RenderThread identical 174 lines
12-14 01:25:01.108 E/OpenGLRenderer( 1629): GL error:  GL_INVALID_OPERATION
12-14 01:25:01.108 V/StatusBar( 1736): setLightsOn(true)
12-14 01:25:01.108 E/OpenGLRenderer( 1629): GL error:  GL_INVALID_OPERATION
12-14 01:25:01.116 I/chatty  ( 1629): uid=1000(system) RenderThread identical 19 lines
12-14 01:25:01.117 E/OpenGLRenderer( 1629): GL error:  GL_INVALID_OPERATION
12-14 01:25:01.117 V/StatusBar( 1736): setLightsOn(true)
12-14 01:25:01.117 E/OpenGLRenderer( 1629): GL error:  GL_INVALID_OPERATION
12-14 01:25:01.131 I/chatty  ( 1629): uid=1000(system) RenderThread identical 65 lines
12-14 01:25:01.131 E/OpenGLRenderer( 1629): GL error:  GL_INVALID_OPERATION
12-14 01:25:01.133 I/ActivityManager( 1629): Displayed com.evancharlton.mileage/.Mileage: +446ms
12-14 01:25:01.133 E/OpenGLRenderer( 1629): GL error:  GL_INVALID_OPERATION
12-14 01:25:01.134 I/chatty  ( 1629): uid=1000(system) RenderThread identical 9 lines
12-14 01:25:01.135 E/OpenGLRenderer( 1629): GL error:  GL_INVALID_OPERATION
12-14 01:25:01.135 V/StatusBar( 1736): setLightsOn(true)
12-14 01:25:01.135 E/OpenGLRenderer( 1629): GL error:  GL_INVALID_OPERATION
12-14 01:25:01.138 I/chatty  ( 1629): uid=1000(system) RenderThread identical 20 lines
12-14 01:25:01.139 E/OpenGLRenderer( 1629): GL error:  GL_INVALID_OPERATION
12-14 01:25:01.140 D/gralloc_ranchu( 1396): gralloc_alloc: Creating ashmem region of size 7753728
12-14 01:25:01.143 E/OpenGLRenderer( 1629): GL error:  GL_INVALID_OPERATION
12-14 01:25:01.144 E/memtrack( 1629): Couldn't load memtrack module
12-14 01:25:01.144 W/android.os.Debug( 1629): failed to get memory consumption info: -1
12-14 01:25:01.147 E/OpenGLRenderer( 1629): GL error:  GL_INVALID_OPERATION
12-14 01:25:01.232 I/chatty  ( 1629): uid=1000(system) RenderThread identical 150 lines
12-14 01:25:01.232 E/OpenGLRenderer( 1629): GL error:  GL_INVALID_OPERATION
12-14 01:25:01.230 V/StatusBar( 1736): setLightsOn(true)
12-14 01:25:01.233 E/OpenGLRenderer( 1629): GL error:  GL_INVALID_OPERATION
12-14 01:25:01.248 I/chatty  ( 1629): uid=1000(system) RenderThread identical 50 lines
12-14 01:25:01.249 E/OpenGLRenderer( 1629): GL error:  GL_INVALID_OPERATION
12-14 01:25:01.249 I/zygote  ( 4275): Do partial code cache collection, code=25KB, data=30KB
12-14 01:25:01.249 E/OpenGLRenderer( 1629): GL error:  GL_INVALID_OPERATION
12-14 01:25:01.250 I/chatty  ( 1629): uid=1000(system) RenderThread identical 3 lines
12-14 01:25:01.250 E/OpenGLRenderer( 1629): GL error:  GL_INVALID_OPERATION
12-14 01:25:01.250 I/zygote  ( 4275): After code cache collection, code=25KB, data=30KB
12-14 01:25:01.251 I/zygote  ( 4275): Increasing code cache capacity to 128KB
12-14 01:25:01.251 E/OpenGLRenderer( 1629): GL error:  GL_INVALID_OPERATION
12-14 01:25:01.253 I/chatty  ( 1629): uid=1000(system) RenderThread identical 10 lines
12-14 01:25:01.253 E/OpenGLRenderer( 1629): GL error:  GL_INVALID_OPERATION
12-14 01:25:01.253 I/zygote  ( 4275): Do partial code cache collection, code=25KB, data=48KB
12-14 01:25:01.253 E/OpenGLRenderer( 1629): GL error:  GL_INVALID_OPERATION
12-14 01:25:01.254 E/OpenGLRenderer( 1629): GL error:  GL_INVALID_OPERATION
12-14 01:25:01.254 I/zygote  ( 4275): After code cache collection, code=25KB, data=48KB
12-14 01:25:01.254 I/zygote  ( 4275): Increasing code cache capacity to 256KB
12-14 01:25:01.254 E/OpenGLRenderer( 1629): GL error:  GL_INVALID_OPERATION
12-14 01:25:01.254 E/OpenGLRenderer( 1629): GL error:  GL_INVALID_OPERATION
12-14 01:25:01.254 I/zygote  ( 4275): JIT allocated 71KB for compiled code of void android.widget.TextView.<init>(android.content.Context, android.util.AttributeSet, int, int)
12-14 01:25:01.254 I/zygote  ( 4275): Compiler allocated 4MB to compile void android.widget.TextView.<init>(android.content.Context, android.util.AttributeSet, int, int)
12-14 01:25:01.254 E/OpenGLRenderer( 1629): GL error:  GL_INVALID_OPERATION
12-14 01:25:01.318 I/chatty  ( 1629): uid=1000(system) RenderThread identical 213 lines
12-14 01:25:01.318 E/OpenGLRenderer( 1629): GL error:  GL_INVALID_OPERATION
12-14 01:25:01.319 V/StatusBar( 1736): setLightsOn(true)
12-14 01:25:01.319 E/OpenGLRenderer( 1629): GL error:  GL_INVALID_OPERATION
12-14 01:25:01.341 I/chatty  ( 1629): uid=1000(system) RenderThread identical 121 lines
12-14 01:25:01.342 E/OpenGLRenderer( 1629): GL error:  GL_INVALID_OPERATION
12-14 01:25:01.343 V/StatusBar( 1736): setLightsOn(true)
12-14 01:25:01.346 E/OpenGLRenderer( 1629): GL error:  GL_INVALID_OPERATION
12-14 01:25:01.495 I/chatty  ( 1629): uid=1000(system) RenderThread identical 583 lines
12-14 01:25:01.495 E/OpenGLRenderer( 1629): GL error:  GL_INVALID_OPERATION
12-14 01:25:01.495 V/StatusBar( 1736): setLightsOn(true)
12-14 01:25:01.495 E/OpenGLRenderer( 1629): GL error:  GL_INVALID_OPERATION
12-14 01:25:01.505 I/chatty  ( 1629): uid=1000(system) RenderThread identical 40 lines
12-14 01:25:01.505 E/OpenGLRenderer( 1629): GL error:  GL_INVALID_OPERATION
12-14 01:25:01.508 V/StatusBar( 1736): setLightsOn(true)
12-14 01:25:01.509 I/NetworkScheduler.Stats( 1944): Task com.google.android.gms/com.google.android.gms.icing.service.IcingGcmTaskService started execution. cause:4 exec_start_elapsed_seconds: 96 [CONTEXT service_id=218 ]
12-14 01:25:01.511 V/StatusBar( 1736): setLightsOn(true)
12-14 01:25:01.515 E/OpenGLRenderer( 1629): GL error:  GL_INVALID_OPERATION
12-14 01:25:01.524 I/chatty  ( 1629): uid=1000(system) RenderThread identical 62 lines
12-14 01:25:01.524 E/OpenGLRenderer( 1629): GL error:  GL_INVALID_OPERATION
12-14 01:25:01.525 W/SurfaceFlinger( 1406): couldn't log to binary event log: overflow.
12-14 01:25:01.525 E/OpenGLRenderer( 1629): GL error:  GL_INVALID_OPERATION
12-14 01:25:01.597 I/chatty  ( 1629): uid=1000(system) RenderThread identical 369 lines
12-14 01:25:01.597 E/OpenGLRenderer( 1629): GL error:  GL_INVALID_OPERATION
12-14 01:25:01.604 I/PBSessionCacheImpl( 2173): Deleted sessionId[6681868514331] from persistence.
12-14 01:25:01.606 E/OpenGLRenderer( 1629): GL error:  GL_INVALID_OPERATION
