12-14 00:21:51.222 D/gralloc_ranchu( 1397): gralloc_alloc: Creating ashmem region of size 7753728
12-14 00:21:51.267 D/        ( 3861): HostConnection::get() New Host Connection established 0xa3cb0b80, tid 3861
12-14 00:21:51.310 I/Icing   ( 2222): IndexChimeraService.getServiceInterface callingPackage=com.google.android.gms componentName=null serviceId=30
12-14 00:21:51.324 V/StatusBar( 1733): setLightsOn(true)
12-14 00:21:51.327 V/StatusBar( 1733): setLightsOn(true)
12-14 00:21:51.328 I/ActivityManager( 1627): Displayed com.evancharlton.mileage/.Mileage: +750ms
12-14 00:21:51.339 D/gralloc_ranchu( 1397): gralloc_alloc: Creating ashmem region of size 7753728
12-14 00:21:51.344 V/StatusBar( 1733): setLightsOn(true)
12-14 00:21:51.347 I/zygote  ( 3861): Do partial code cache collection, code=42KB, data=46KB
12-14 00:21:51.347 I/zygote  ( 3861): After code cache collection, code=42KB, data=46KB
12-14 00:21:51.347 I/zygote  ( 3861): Increasing code cache capacity to 256KB
12-14 00:21:51.348 I/zygote  ( 3861): JIT allocated 71KB for compiled code of void android.widget.TextView.<init>(android.content.Context, android.util.AttributeSet, int, int)
12-14 00:21:51.348 I/zygote  ( 3861): Compiler allocated 4MB to compile void android.widget.TextView.<init>(android.content.Context, android.util.AttributeSet, int, int)
12-14 00:21:51.366 I/Icing   ( 2222): Usage reports ok 1, Failed Usage reports 0, indexed 0, rejected 0
12-14 00:21:51.367 I/zygote  ( 3861): Do full code cache collection, code=123KB, data=72KB
12-14 00:21:51.367 I/zygote  ( 3861): After code cache collection, code=81KB, data=33KB
12-14 00:21:51.370 W/Icing   ( 2222): No valid account for uploading user actions
12-14 00:21:51.381 I/Icing   ( 2222): Usage reports ok 0, Failed Usage reports 0, indexed 0, rejected 0
12-14 00:21:51.387 I/Icing   ( 2222): Indexing com.google.android.gms-apps from com.google.android.gms
12-14 00:21:51.390 I/Icing   ( 2222): Indexing done com.google.android.gms-apps
12-14 00:21:51.442 V/StatusBar( 1733): setLightsOn(true)
12-14 00:21:51.474 V/StatusBar( 1733): setLightsOn(true)
12-14 00:21:51.490 W/SurfaceFlinger( 1409): couldn't log to binary event log: overflow.
12-14 00:21:51.490 W/SurfaceFlinger( 1409): couldn't log to binary event log: overflow.
12-14 00:21:51.527 V/StatusBar( 1733): setLightsOn(true)
12-14 00:21:51.551 I/System.out( 3861): URI: //map
12-14 00:21:51.551 I/System.out( 3861): params: {json={"query":"android.widget.Button index:2","operation":{"method_name":"query","arguments":[]}}
12-14 00:21:51.551 I/System.out( 3861): }
12-14 00:21:51.557 V/StatusBar( 1733): setLightsOn(true)
12-14 00:21:51.575 I/PBSessionCacheImpl( 2170): Deleted sessionId[4482845220617] from persistence.
12-14 00:21:51.596 W/SearchService( 2170): Abort, client detached.
12-14 00:21:51.599 E/WorkerRegistryImpl( 2170): getWorker() is called after WorkerRegistry disposal.
12-14 00:21:51.600 E/WorkerRegistryImpl( 2170): getWorker() is called after WorkerRegistry disposal.
12-14 00:21:51.647 W/Nearby  ( 1943): Failed attempt #3 out of 3 for RestoreDeviceName [CONTEXT service_id=49 ]
12-14 00:21:51.647 W/Nearby  ( 1943): java.lang.IllegalStateException: BluetoothAdapter not ready yet!
12-14 00:21:51.647 W/Nearby  ( 1943): 	at alhd.g(:com.google.android.gms@204713022@20.47.13 (040700-344095733):2)
12-14 00:21:51.647 W/Nearby  ( 1943): 	at alhc.run(Unknown Source:0)
12-14 00:21:51.647 W/Nearby  ( 1943): 	at bznt.call(Unknown Source:0)
12-14 00:21:51.647 W/Nearby  ( 1943): 	at bzny.b(:com.google.android.gms@204713022@20.47.13 (040700-344095733):2)
12-14 00:21:51.647 W/Nearby  ( 1943): 	at bzny.a(:com.google.android.gms@204713022@20.47.13 (040700-344095733):0)
12-14 00:21:51.647 W/Nearby  ( 1943): 	at alhb.run(Unknown Source:2)
12-14 00:21:51.647 W/Nearby  ( 1943): 	at java.lang.Thread.run(Thread.java:764)
12-14 00:21:51.647 W/Nearby  ( 1943): 	at tly.run(Unknown Source:5)
12-14 00:21:51.647 W/Nearby  ( 1943): 	at java.util.concurrent.ThreadPoolExecutor.runWorker(ThreadPoolExecutor.java:1162)
12-14 00:21:51.647 W/Nearby  ( 1943): 	at java.util.concurrent.ThreadPoolExecutor$Worker.run(ThreadPoolExecutor.java:636)
12-14 00:21:51.647 W/Nearby  ( 1943): 	at trx.run(:com.google.android.gms@204713022@20.47.13 (040700-344095733):0)
12-14 00:21:51.647 W/Nearby  ( 1943): 	at java.lang.Thread.run(Thread.java:764)
12-14 00:21:51.712 I/System.out( 3861): URI: //gesture
12-14 00:21:51.713 I/System.out( 3861): params: {json={"query_timeout":5.0,"gestures":[{"query_string":"android.widget.Button index:2","touches":[{"x":50,"y":50,"offset_x":0,"offset_y":0,"wait":0.0,"time":0.2,"release":true,"query_string":null}]}]}
12-14 00:21:51.713 I/System.out( 3861): }
12-14 00:21:51.995 I/AudioTrack( 1627): AUDIO_OUTPUT_FLAG_FAST successful; frameCount 4512 -> 4512
12-14 00:21:52.079 I/zygote  ( 3861): Do partial code cache collection, code=124KB, data=64KB
12-14 00:21:52.081 I/zygote  ( 3861): After code cache collection, code=124KB, data=64KB
12-14 00:21:52.081 I/zygote  ( 3861): Increasing code cache capacity to 512KB
12-14 00:21:52.091 V/StatusBar( 1733): setLightsOn(true)
12-14 00:21:52.091 I/chatty  ( 1733): uid=10028(u0_a28) com.android.systemui identical 1 line
12-14 00:21:52.093 V/StatusBar( 1733): setLightsOn(true)
12-14 00:21:52.103 W/View    ( 3861): dispatchProvideAutofillStructure(): not laid out, ignoring
12-14 00:21:52.107 W/Binder  ( 1627): Outgoing transactions from this process must be FLAG_ONEWAY
12-14 00:21:52.107 W/Binder  ( 1627): java.lang.Throwable
12-14 00:21:52.107 W/Binder  ( 1627): 	at android.os.BinderProxy.transact(Binder.java:736)
12-14 00:21:52.107 W/Binder  ( 1627): 	at android.app.assist.AssistStructure$ParcelTransferReader.fetchData(AssistStructure.java:407)
12-14 00:21:52.107 W/Binder  ( 1627): 	at android.app.assist.AssistStructure$ParcelTransferReader.go(AssistStructure.java:343)
12-14 00:21:52.107 W/Binder  ( 1627): 	at android.app.assist.AssistStructure.ensureData(AssistStructure.java:2096)
12-14 00:21:52.107 W/Binder  ( 1627): 	at com.android.server.autofill.Session$1.send(Session.java:200)
12-14 00:21:52.107 W/Binder  ( 1627): 	at com.android.server.am.ActivityManagerService.reportAssistContextExtras(ActivityManagerService.java:13137)
12-14 00:21:52.107 W/Binder  ( 1627): 	at android.app.IActivityManager$Stub.onTransact(IActivityManager.java:2466)
12-14 00:21:52.107 W/Binder  ( 1627): 	at com.android.server.am.ActivityManagerService.onTransact(ActivityManagerService.java:2935)
12-14 00:21:52.107 W/Binder  ( 1627): 	at android.os.Binder.execTransact(Binder.java:674)
12-14 00:21:52.116 I/AssistStructure( 3861): Flattened final assist data: 5024 bytes, containing 2 windows, 19 views
12-14 00:21:52.121 D/gralloc_ranchu( 1397): gralloc_alloc: Creating ashmem region of size 303104
12-14 00:21:52.136 V/StatusBar( 1733): setLightsOn(true)
12-14 00:21:52.137 I/chatty  ( 1733): uid=10028(u0_a28) com.android.systemui identical 1 line
12-14 00:21:52.149 V/StatusBar( 1733): setLightsOn(true)
12-14 00:21:52.632 W/audio_hw_generic( 1391): Not supplying enough data to HAL, expected position 23433 , only wrote 2880
12-14 00:21:52.632 W/audio_hw_generic( 1391): Not supplying enough data to HAL, expected position 2923 , only wrote 2880
12-14 00:21:52.633 W/audio_hw_generic( 1391): Hardware backing HAL too slow, could only write 0 of 720 frames
12-14 00:21:52.631 W/AudioFlinger( 1476): write blocked for 496 msecs, 1 delayed writes, thread 0xb0083840
12-14 00:21:52.649 W/audio_hw_generic( 1391): Hardware backing HAL too slow, could only write 0 of 720 frames
12-14 00:21:52.664 D/AudioFlinger( 1476): mixer(0xb0083840) throttle end: throttle time(8)
12-14 00:21:52.668 V/StatusBar( 1733): setLightsOn(true)
12-14 00:21:52.728 D/gralloc_ranchu( 1397): gralloc_alloc: Creating ashmem region of size 7753728
12-14 00:21:52.731 E/SurfaceFlinger( 1409): ro.sf.lcd_density must be defined as a build property
12-14 00:21:52.732 D/PermissionCache( 1409): checking android.permission.READ_FRAME_BUFFER for uid=2000 => granted (410 us)
12-14 00:21:52.745 I/AssistStructure( 1627): Flattened final assist data: 4496 bytes, containing 2 windows, 19 views
12-14 00:21:52.756 W/lgq     ( 1943): Pending fill request while another request in the same session was triggered. [CONTEXT service_id=177 ]
12-14 00:21:52.761 I/zygote  ( 1943): Background concurrent copying GC freed 99393(5MB) AllocSpace objects, 7(156KB) LOS objects, 49% free, 6MB/12MB, paused 516us total 109.884ms
12-14 00:21:52.773 D/gralloc_ranchu( 1397): gralloc_alloc: Creating ashmem region of size 8298496
12-14 00:21:52.786 D/        ( 3912): HostConnection::get() New Host Connection established 0xac92f800, tid 3912
12-14 00:21:53.291 D/BoundBrokerSvc( 1943): onUnbind: Intent { act=com.google.android.gms.auth.account.workaccount.START cmp=com.google.android.gms/.chimera.PersistentApiService }
