--------- beginning of main
12-14 01:38:46.439 E/adbd    ( 1355): failed to connect to socket 'tcp:7102': Connection refused
12-14 01:38:46.479 I/EventLogSendingHelper( 2197): Sending log events.
12-14 01:38:46.531 V/StatusBar( 1731): setLightsOn(true)
--------- beginning of system
12-14 01:38:46.555 W/ActivityManager( 1628): Finishing task with all activities already finished
12-14 01:38:46.555 W/ActivityManager( 1628): Duplicate finish request for ActivityRecord{c855972 u0 com.evancharlton.mileage/.Mileage t828 f}
12-14 01:38:46.559 W/ActivityManager( 1628): Finishing task with all activities already finished
12-14 01:38:46.559 W/ActivityManager( 1628): Duplicate finish request for ActivityRecord{c855972 u0 com.evancharlton.mileage/.Mileage t828 f}
12-14 01:38:46.559 I/chatty  ( 1731): uid=10028(u0_a28) com.android.systemui identical 2 lines
12-14 01:38:46.560 W/ActivityManager( 1628): Finishing task with all activities already finished
12-14 01:38:46.560 W/ActivityManager( 1628): Duplicate finish request for ActivityRecord{c855972 u0 com.evancharlton.mileage/.Mileage t828 f}
12-14 01:38:46.560 W/ActivityManager( 1628): Finishing task with all activities already finished
12-14 01:38:46.560 W/ActivityManager( 1628): Duplicate finish request for ActivityRecord{c855972 u0 com.evancharlton.mileage/.Mileage t828 f}
12-14 01:38:46.561 W/ActivityManager( 1628): Finishing task with all activities already finished
12-14 01:38:46.561 W/ActivityManager( 1628): Duplicate finish request for ActivityRecord{c855972 u0 com.evancharlton.mileage/.Mileage t828 f}
12-14 01:38:46.568 W/ActivityManager( 1628): Finishing task with all activities already finished
12-14 01:38:46.568 W/ActivityManager( 1628): Duplicate finish request for ActivityRecord{c855972 u0 com.evancharlton.mileage/.Mileage t828 f}
12-14 01:38:46.576 W/ActivityManager( 1628): Finishing task with all activities already finished
12-14 01:38:46.576 W/ActivityManager( 1628): Duplicate finish request for ActivityRecord{c855972 u0 com.evancharlton.mileage/.Mileage t828 f}
12-14 01:38:46.576 W/ActivityManager( 1628): Finishing task with all activities already finished
12-14 01:38:46.577 W/ActivityManager( 1628): Duplicate finish request for ActivityRecord{c855972 u0 com.evancharlton.mileage/.Mileage t828 f}
12-14 01:38:46.604 V/StatusBar( 1731): setLightsOn(true)
12-14 01:38:46.606 W/ActivityManager( 1628): Finishing task with all activities already finished
12-14 01:38:46.606 W/ActivityManager( 1628): Duplicate finish request for ActivityRecord{c855972 u0 com.evancharlton.mileage/.Mileage t828 f}
12-14 01:38:46.608 W/ActivityManager( 1628): Finishing task with all activities already finished
12-14 01:38:46.608 W/ActivityManager( 1628): Duplicate finish request for ActivityRecord{c855972 u0 com.evancharlton.mileage/.Mileage t828 f}
12-14 01:38:46.609 W/ActivityManager( 1628): Finishing task with all activities already finished
12-14 01:38:46.609 W/ActivityManager( 1628): Duplicate finish request for ActivityRecord{c855972 u0 com.evancharlton.mileage/.Mileage t828 f}
12-14 01:38:46.610 D/gralloc_ranchu( 1395): gralloc_alloc: Creating ashmem region of size 8298496
12-14 01:38:46.613 I/zygote  ( 2154): Do full code cache collection, code=124KB, data=82KB
12-14 01:38:46.614 I/zygote  ( 2154): After code cache collection, code=116KB, data=69KB
12-14 01:38:46.628 W/audio_hw_generic( 1389): Not supplying enough data to HAL, expected position 842105 , only wrote 601920
12-14 01:38:46.630 D/SurfaceFlinger( 1413): duplicate layer name: changing com.google.android.apps.nexuslauncher/com.google.android.apps.nexuslauncher.NexusLauncherActivity to com.google.android.apps.nexuslauncher/com.google.android.apps.nexuslauncher.NexusLauncherActivity#1
12-14 01:38:46.631 D/gralloc_ranchu( 1395): gralloc_alloc: Creating ashmem region of size 8298496
12-14 01:38:46.676 D/EGL_emulation( 1731): eglMakeCurrent: 0xa56843c0: ver 3 0 (tinfo 0xa5683500)
12-14 01:38:46.679 D/gralloc_ranchu( 1395): gralloc_alloc: Creating ashmem region of size 8298496
12-14 01:38:46.758 I/chatty  ( 1395): uid=1000(system) allocator@2.0-s identical 1 line
12-14 01:38:46.834 D/gralloc_ranchu( 1395): gralloc_alloc: Creating ashmem region of size 8298496
12-14 01:38:46.835 E/IPCThreadState( 1413): binder thread pool (4 threads) starved for 194 ms
12-14 01:38:46.912 D/gralloc_ranchu( 1395): gralloc_alloc: Creating ashmem region of size 8298496
12-14 01:38:47.014 D/EGL_emulation( 2197): eglMakeCurrent: 0xa5684840: ver 3 0 (tinfo 0xa5683550)
12-14 01:38:47.046 D/gralloc_ranchu( 1395): gralloc_alloc: Creating ashmem region of size 8298496
12-14 01:38:47.093 D/EGL_emulation( 2197): eglMakeCurrent: 0xa5684840: ver 3 0 (tinfo 0xa5683550)
12-14 01:38:47.098 D/gralloc_ranchu( 1395): gralloc_alloc: Creating ashmem region of size 8298496
12-14 01:38:47.165 D/EGL_emulation( 2154): eglMakeCurrent: 0xa56843c0: ver 3 0 (tinfo 0xa5683390)
12-14 01:38:47.194 D/EGL_emulation( 2197): eglMakeCurrent: 0xa5684840: ver 3 0 (tinfo 0xa5683550)
12-14 01:38:47.197 D/gralloc_ranchu( 1395): gralloc_alloc: Creating ashmem region of size 8298496
12-14 01:38:47.290 D/gralloc_ranchu( 1395): gralloc_alloc: Creating ashmem region of size 8298496
12-14 01:38:47.347 D/gralloc_ranchu( 1395): gralloc_alloc: Creating ashmem region of size 7753728
12-14 01:38:47.399 E/memtrack( 1628): Couldn't load memtrack module
12-14 01:38:47.400 W/android.os.Debug( 1628): failed to get memory consumption info: -1
12-14 01:38:47.401 D/        ( 1731): HostConnection::get() New Host Connection established 0xa56a0800, tid 1767
12-14 01:38:47.426 D/EGL_emulation( 1731): eglMakeCurrent: 0xa56843c0: ver 3 0 (tinfo 0xa5683500)
12-14 01:38:47.444 W/SessionLifecycleManager( 2197): Handover failed. Creating new session controller.
12-14 01:38:47.450 I/OptInState( 2197): There is a new client and it does not support opt-in. Dropping request.
12-14 01:38:47.450 I/zygote  ( 2197): Do full code cache collection, code=506KB, data=351KB
12-14 01:38:47.481 W/ActivityManager( 1628): Unable to start service Intent { act=com.google.android.gms.speech.service.START pkg=com.google.android.gms } U=0: not found
12-14 01:38:47.486 W/ActivityManager( 1628): Unbind failed: could not find connection for android.os.BinderProxy@c419a66
12-14 01:38:47.488 E/GmsClient( 2197): unable to connect to service: com.google.android.gms.speech.service.START on com.google.android.gms
12-14 01:38:47.531 D/EGL_emulation( 1731): eglMakeCurrent: 0xa56843c0: ver 3 0 (tinfo 0xa5683500)
12-14 01:38:47.563 I/MicroDetectionWorker( 2197): #updateMicroDetector [detectionMode: [mDetectionMode: [1]]]
12-14 01:38:47.563 I/MicroDetectionWorker( 2197): #startMicroDetector [speakerMode: 0]
12-14 01:38:47.564 W/OpenGLRenderer( 2154): Incorrectly called buildLayer on View: ShortcutAndWidgetContainer, destroying layer...
12-14 01:38:47.565 I/AudioController( 2197): Using mInputStreamFactoryBuilder
12-14 01:38:47.574 D/AndroidRuntime( 4498): >>>>>> START com.android.internal.os.RuntimeInit uid 2000 <<<<<<
12-14 01:38:47.574 D/gralloc_ranchu( 1395): gralloc_alloc: Creating ashmem region of size 8298496
12-14 01:38:47.576 D/EGL_emulation( 1731): eglMakeCurrent: 0xa56843c0: ver 3 0 (tinfo 0xa5683500)
12-14 01:38:47.576 I/MicroRecognitionRunner( 2197): Starting detection.
12-14 01:38:47.581 I/MicroDetectionWorker( 2197): onReady
12-14 01:38:47.591 I/MicrophoneInputStream( 2197): mic_starting com.google.android.apps.gsa.staticplugins.aa.c@ac491d3
12-14 01:38:47.592 D/EGL_emulation( 1731): eglMakeCurrent: 0xa56843c0: ver 3 0 (tinfo 0xa5683500)
12-14 01:38:47.604 I/zygote  ( 2197): After code cache collection, code=495KB, data=313KB
12-14 01:38:47.610 I/AudioFlinger( 1476): AudioFlinger's thread 0xaff9e580 tid=4503 ready to run
12-14 01:38:47.611 D/EGL_emulation( 1731): eglMakeCurrent: 0xa56843c0: ver 3 0 (tinfo 0xa5683500)
12-14 01:38:47.617 I/MicrophoneInputStream( 2197): mic_started com.google.android.apps.gsa.staticplugins.aa.c@ac491d3
12-14 01:38:47.621 E/ActivityThread( 2197): Failed to find provider info for com.google.android.apps.gsa.testing.ui.audio.recorded
12-14 01:38:47.621 I/MicroDetectionWorker( 2197): onReady
12-14 01:38:47.622 W/SpeechLevelGenerator( 2197): Really low audio levels detected. The audio input may have issues.
12-14 01:38:47.627 D/EGL_emulation( 1731): eglMakeCurrent: 0xa56843c0: ver 3 0 (tinfo 0xa5683500)
12-14 01:38:47.642 D/EGL_emulation( 1731): eglMakeCurrent: 0xa56843c0: ver 3 0 (tinfo 0xa5683500)
12-14 01:38:47.647 I/MicrophoneInputStream( 2197): mic_close com.google.android.apps.gsa.staticplugins.aa.c@ac491d3
12-14 01:38:47.659 D/EGL_emulation( 1731): eglMakeCurrent: 0xa56843c0: ver 3 0 (tinfo 0xa5683500)
12-14 01:38:47.674 D/EGL_emulation( 1731): eglMakeCurrent: 0xa56843c0: ver 3 0 (tinfo 0xa5683500)
12-14 01:38:47.674 I/MicroRecognitionRunner( 2197): Detection finished
12-14 01:38:47.675 W/ErrorReporter( 2197): reportError [type: 211, code: 524300]: Error reading from input stream
12-14 01:38:47.676 W/ErrorProcessor( 2197): onFatalError, processing error from engine(4)
12-14 01:38:47.676 W/ErrorProcessor( 2197): com.google.android.apps.gsa.shared.speech.b.g: Error reading from input stream
12-14 01:38:47.676 W/ErrorProcessor( 2197): 	at com.google.android.apps.gsa.staticplugins.recognizer.j.a.a(SourceFile:28)
12-14 01:38:47.676 W/ErrorProcessor( 2197): 	at com.google.android.apps.gsa.staticplugins.recognizer.j.b.run(SourceFile:15)
12-14 01:38:47.676 W/ErrorProcessor( 2197): 	at java.util.concurrent.Executors$RunnableAdapter.call(Executors.java:457)
12-14 01:38:47.676 W/ErrorProcessor( 2197): 	at java.util.concurrent.FutureTask.run(FutureTask.java:266)
12-14 01:38:47.676 W/ErrorProcessor( 2197): 	at com.google.android.apps.gsa.shared.util.concurrent.a.ax.run(SourceFile:14)
12-14 01:38:47.676 W/ErrorProcessor( 2197): 	at com.google.android.apps.gsa.shared.util.concurrent.a.bl.run(SourceFile:4)
12-14 01:38:47.676 W/ErrorProcessor( 2197): 	at com.google.android.apps.gsa.shared.util.concurrent.a.bl.run(SourceFile:4)
12-14 01:38:47.676 W/ErrorProcessor( 2197): 	at java.util.concurrent.ThreadPoolExecutor.runWorker(ThreadPoolExecutor.java:1162)
12-14 01:38:47.676 W/ErrorProcessor( 2197): 	at java.util.concurrent.ThreadPoolExecutor$Worker.run(ThreadPoolExecutor.java:636)
12-14 01:38:47.676 W/ErrorProcessor( 2197): 	at java.lang.Thread.run(Thread.java:764)
12-14 01:38:47.676 W/ErrorProcessor( 2197): 	at com.google.android.apps.gsa.shared.util.concurrent.a.ai.run(SourceFile:6)
12-14 01:38:47.676 W/ErrorProcessor( 2197): Caused by: com.google.android.apps.gsa.shared.exception.GsaIOException: Error code: 393238 | Buffer overflow, no available space.
12-14 01:38:47.676 W/ErrorProcessor( 2197): 	at com.google.android.apps.gsa.speech.audio.Tee.f(SourceFile:103)
12-14 01:38:47.676 W/ErrorProcessor( 2197): 	at com.google.android.apps.gsa.speech.audio.au.read(SourceFile:2)
12-14 01:38:47.676 W/ErrorProcessor( 2197): 	at java.io.InputStream.read(InputStream.java:101)
12-14 01:38:47.676 W/ErrorProcessor( 2197): 	at com.google.android.apps.gsa.speech.audio.ao.run(SourceFile:18)
12-14 01:38:47.676 W/ErrorProcessor( 2197): 	at com.google.android.apps.gsa.speech.audio.an.run(SourceFile:2)
12-14 01:38:47.676 W/ErrorProcessor( 2197): 	... 9 more
12-14 01:38:47.676 I/MicroRecognitionRunner( 2197): Stopping hotword detection.
12-14 01:38:47.680 D/EGL_emulation( 1731): eglMakeCurrent: 0xa56843c0: ver 3 0 (tinfo 0xa5683500)
12-14 01:38:47.690 I/chatty  ( 1731): uid=10028(u0_a28) RenderThread identical 2 lines
12-14 01:38:47.694 D/EGL_emulation( 1731): eglMakeCurrent: 0xa56843c0: ver 3 0 (tinfo 0xa5683500)
12-14 01:38:47.704 I/AudioController( 2197): internalShutdown
12-14 01:38:47.709 D/EGL_emulation( 1731): eglMakeCurrent: 0xa56843c0: ver 3 0 (tinfo 0xa5683500)
12-14 01:38:47.712 D/EGL_emulation( 1731): eglMakeCurrent: 0xa56843c0: ver 3 0 (tinfo 0xa5683500)
12-14 01:38:47.720 I/MicroDetector( 2197): Keeping mic open: false
12-14 01:38:47.721 I/MicroDetectionWorker( 2197): #onError(false)
12-14 01:38:47.721 I/DeviceStateChecker( 2197): DeviceStateChecker cancelled
12-14 01:38:47.731 W/app_process( 4498): Unexpected CPU variant for X86 using defaults: x86
12-14 01:38:47.747 I/zygote  ( 1731): NativeAllocBackground concurrent copying GC freed 10853(742KB) AllocSpace objects, 0(0B) LOS objects, 49% free, 4MB/9MB, paused 20.844ms total 290.821ms
12-14 01:38:47.759 D/AndroidRuntime( 4498): Calling main entry com.android.commands.am.Am
12-14 01:38:47.763 I/ActivityManager( 1628): Force stopping com.evancharlton.mileage appid=10298 user=0: start instr
12-14 01:38:47.764 I/ActivityManager( 1628): Killing 4411:com.evancharlton.mileage/u0a298 (adj 0): stop com.evancharlton.mileage
12-14 01:38:47.764 W/ActivityManager( 1628): Crash of app com.evancharlton.mileage running instrumentation ComponentInfo{com.evancharlton.mileage.test/sh.calaba.instrumentationbackend.CalabashInstrumentationTestRunner}
12-14 01:38:47.764 I/ActivityManager( 1628): Force stopping com.evancharlton.mileage appid=10298 user=0: finished inst
12-14 01:38:47.765 I/zygote  ( 2197): Background concurrent copying GC freed 7216(535KB) AllocSpace objects, 7(188KB) LOS objects, 50% free, 4MB/8MB, paused 1.559ms total 187.574ms
12-14 01:38:47.774 I/zygote  ( 4512): Not late-enabling -Xcheck:jni (already on)
12-14 01:38:47.778 I/ActivityManager( 1628): Start proc 4512:com.evancharlton.mileage/u0a298 for added application com.evancharlton.mileage
12-14 01:38:47.780 D/AndroidRuntime( 4498): Shutting down VM
12-14 01:38:47.804 W/zygote  ( 4512): Unexpected CPU variant for X86 using defaults: x86
12-14 01:38:47.823 W/ActivityManager( 1628): setHasOverlayUi called on unknown pid: 4411
12-14 01:38:47.824 E/adbd    ( 1355): failed to connect to socket 'tcp:7102': Connection refused
12-14 01:38:47.839 E/adbd    ( 1355): failed to connect to socket 'tcp:7102': Connection refused
12-14 01:38:47.858 W/zygote  ( 4512): Found duplicate classes, falling back to extracting from APK : /data/app/com.evancharlton.mileage.test-LE-bAAkMRCnzQ_SbBSb4wQ==/base.apk
12-14 01:38:47.859 W/zygote  ( 4512): NOTE: This wastes RAM and hurts startup performance.
12-14 01:38:47.859 W/zygote  ( 4512): Found duplicated class when checking oat files: 'Ljunit/runner/BaseTestRunner;' in /data/app/com.evancharlton.mileage.test-LE-bAAkMRCnzQ_SbBSb4wQ==/base.apk and /system/framework/android.test.runner.jar
12-14 01:38:47.859 W/zygote  ( 4512): 
12-14 01:38:47.865 I/OpenGLRenderer( 1628): Initialized EGL, version 1.4
12-14 01:38:47.865 D/OpenGLRenderer( 1628): Swap behavior 1
12-14 01:38:47.865 W/OpenGLRenderer( 1628): Failed to choose config with EGL_SWAP_BEHAVIOR_PRESERVED, retrying without...
12-14 01:38:47.865 D/OpenGLRenderer( 1628): Swap behavior 0
12-14 01:38:47.876 D/EGL_emulation( 1628): eglCreateContext: 0xa2cfc0c0: maj 3 min 0 rcv 3
12-14 01:38:47.878 D/EGL_emulation( 1628): eglMakeCurrent: 0xa2cfc0c0: ver 3 0 (tinfo 0x93563e90)
12-14 01:38:47.880 E/eglCodecCommon( 1628): glUtilsParamSize: unknow param 0x00008cdf
12-14 01:38:47.880 E/eglCodecCommon( 1628): glUtilsParamSize: unknow param 0x00008cdf
12-14 01:38:47.881 E/eglCodecCommon( 1628): glUtilsParamSize: unknow param 0x00008824
12-14 01:38:47.881 E/eglCodecCommon( 1628): glUtilsParamSize: unknow param 0x00008824
12-14 01:38:47.926 W/System  ( 4512): ClassLoader referenced unknown path: 
12-14 01:38:47.948 I/System.out( 4512): Main activity name automatically set to: com.evancharlton.mileage.Mileage
12-14 01:38:47.950 E/adbd    ( 1355): failed to connect to socket 'tcp:7102': Connection refused
12-14 01:38:47.954 I/System.out( 4512): Calabash did not load Mono. This is only a problem if you are trying to test a Mono application
12-14 01:38:47.955 I/calabash( 4512): Test server port: 7102
12-14 01:38:47.955 E/adbd    ( 1355): failed to connect to socket 'tcp:7102': Connection refused
12-14 01:38:47.965 I/InstrumentationBackend( 4512): Added:'GetPreferences', with key:'get_preferences'
12-14 01:38:47.970 I/Finsky  ( 2563): [115] nmi.run(36): Stats for Executor: BlockingExecutor non@7d2abc7[Running, pool size = 2, active threads = 0, queued tasks = 0, completed tasks = 18]
12-14 01:38:47.970 I/Finsky  ( 2563): [115] nmi.run(36): Stats for Executor: LightweightExecutor non@7f3f5f4[Running, pool size = 2, active threads = 0, queued tasks = 0, completed tasks = 71]
12-14 01:38:48.051 I/InstrumentationBackend( 4512): Added:'SetPreferences', with key:'set_preferences'
12-14 01:38:48.051 I/InstrumentationBackend( 4512): Added:'ClearPreferences', with key:'clear_preferences'
12-14 01:38:48.052 I/InstrumentationBackend( 4512): Added:'PressElement', with key:'press_l10n_element'
12-14 01:38:48.053 I/InstrumentationBackend( 4512): Added:'WaitForElement', with key:'wait_for_l10n_element'
12-14 01:38:48.054 I/InstrumentationBackend( 4512): Added:'NullAction', with key:'nullAction'
12-14 01:38:48.054 I/InstrumentationBackend( 4512): Added:'PressKey', with key:'press_key'
12-14 01:38:48.054 I/InstrumentationBackend( 4512): Added:'SetActivityOrientation', with key:'set_activity_orientation'
12-14 01:38:48.055 I/InstrumentationBackend( 4512): Added:'GetActivityOrientation', with key:'get_activity_orientation'
12-14 01:38:48.055 I/InstrumentationBackend( 4512): Added:'FakeGPSLocation', with key:'set_gps_coordinates'
12-14 01:38:48.056 I/InstrumentationBackend( 4512): Added:'SetPropertyByCssSelector', with key:'set_property_by_css_selector'
12-14 01:38:48.058 I/InstrumentationBackend( 4512): Added:'GetUrl', with key:'get_url'
12-14 01:38:48.061 I/InstrumentationBackend( 4512): Added:'ScrollTo', with key:'scroll_to'
12-14 01:38:48.061 I/InstrumentationBackend( 4512): Added:'GetLoadProgress', with key:'get_load_progress'
12-14 01:38:48.062 E/adbd    ( 1355): failed to connect to socket 'tcp:7102': Connection refused
12-14 01:38:48.062 I/InstrumentationBackend( 4512): Added:'DumpHtml', with key:'dump_html'
12-14 01:38:48.063 I/InstrumentationBackend( 4512): Added:'DumpBodyHtml', with key:'dump_body_html'
12-14 01:38:48.064 I/InstrumentationBackend( 4512): Added:'EnterTextByCssSelector', with key:'enter_text_by_selector'
12-14 01:38:48.064 E/adbd    ( 1355): failed to connect to socket 'tcp:7102': Connection refused
12-14 01:38:48.070 I/InstrumentationBackend( 4512): Added:'AndroidSDKVersion', with key:'android_sdk_version'
12-14 01:38:48.071 I/InstrumentationBackend( 4512): Added:'Version', with key:'version'
12-14 01:38:48.071 I/InstrumentationBackend( 4512): Added:'Drag', with key:'drag'
12-14 01:38:48.071 I/InstrumentationBackend( 4512): Added:'TouchCoordinates', with key:'touch_coordinate'
12-14 01:38:48.072 I/InstrumentationBackend( 4512): Added:'LongPressCoordinate', with key:'long_press_coordinate'
12-14 01:38:48.072 I/InstrumentationBackend( 4512): Added:'DragCoordinates', with key:'drag_coordinates'
12-14 01:38:48.073 I/InstrumentationBackend( 4512): Added:'ResumeApplication', with key:'resume_application'
12-14 01:38:48.073 I/InstrumentationBackend( 4512): Added:'Swipe', with key:'swipe'
12-14 01:38:48.074 I/InstrumentationBackend( 4512): Added:'DoubleTapCoordinate', with key:'double_tap_coordinate'
12-14 01:38:48.074 I/InstrumentationBackend( 4512): Added:'ClickOnScreen', with key:'click_on_screen'
12-14 01:38:48.075 I/InstrumentationBackend( 4512): Added:'GetActivityName', with key:'get_activity_name'
12-14 01:38:48.075 I/InstrumentationBackend( 4512): Added:'ScrollToView', with key:'scroll_to_view'
12-14 01:38:48.076 I/InstrumentationBackend( 4512): Added:'ViewConfiguration', with key:'view_configuration'
12-14 01:38:48.076 I/InstrumentationBackend( 4512): Added:'IsCurrentActivityFocused', with key:'is_current_activity_focused'
12-14 01:38:48.077 I/InstrumentationBackend( 4512): Added:'SendTcp', with key:'send_tcp'
12-14 01:38:48.077 I/InstrumentationBackend( 4512): Added:'DpToDevicePixel', with key:'dp_to_device_pixel'
12-14 01:38:48.078 I/InstrumentationBackend( 4512): Added:'KeyboardEnterText', with key:'keyboard_enter_text'
12-14 01:38:48.079 I/InstrumentationBackend( 4512): Added:'DeleteSurroundingText', with key:'delete_surrounding_text'
12-14 01:38:48.080 I/InstrumentationBackend( 4512): Added:'SetComposingRegion', with key:'set_composing_region'
12-14 01:38:48.080 I/InstrumentationBackend( 4512): Added:'SetSelection', with key:'set_selection'
12-14 01:38:48.080 I/InstrumentationBackend( 4512): Added:'KeyboardKeyEvent', with key:'keyboard_key_event'
12-14 01:38:48.081 I/InstrumentationBackend( 4512): Added:'PressUserActionButton', with key:'press_user_action_button'
12-14 01:38:48.082 I/InstrumentationBackend( 4512): Added:'HideSoftKeyboard', with key:'hide_soft_keyboard'
12-14 01:38:48.083 I/InstrumentationBackend( 4512): Added:'ListActions', with key:'list_actions'
12-14 01:38:48.083 I/calabash( 4512): Instantiating http server at 7102
12-14 01:38:48.084 I/System.out( 4512): HTTP Daemon listening on: 7102
12-14 01:38:48.190 I/System.out( 4512): URI: //ping
12-14 01:38:48.191 I/System.out( 4512): params: {json={}
12-14 01:38:48.191 I/System.out( 4512): }
12-14 01:38:48.207 I/System.out( 4512): URI: //ping
12-14 01:38:48.207 I/System.out( 4512): params: {json={}
12-14 01:38:48.207 I/System.out( 4512): }
12-14 01:38:48.219 I/System.out( 4512): URI: //ready
12-14 01:38:48.219 I/System.out( 4512): params: {json={}
12-14 01:38:48.219 I/System.out( 4512): }
12-14 01:38:48.230 I/System.out( 4512): URI: //
12-14 01:38:48.230 I/System.out( 4512): params: {json={"command":"version","arguments":[]}
12-14 01:38:48.230 I/System.out( 4512): }
12-14 01:38:48.230 I/System.out( 4512): header: {content-type=application/json;charset=utf-8, date=Mon, 14 Dec 2020 06:38:49 GMT, accept=*/*, host=127.0.0.1:34777, content-length=36, user-agent=HTTPClient/1.0 (2.8.3, ruby 2.5.8 (2020-03-31))}
12-14 01:38:48.230 I/System.out( 4512): params: {json={"command":"version","arguments":[]}
12-14 01:38:48.230 I/System.out( 4512): }
12-14 01:38:48.230 I/System.out( 4512): ProP json = {"command":"version","arguments":[]}
12-14 01:38:48.230 I/System.out( 4512): files: {}
12-14 01:38:48.230 I/System.out( 4512): command: {"command":"version","arguments":[]}
12-14 01:38:48.262 I/InstrumentationBackend( 4512): Got command:'Command:'Line:null,version', arguments:'[]'
12-14 01:38:48.298 I/System.out( 4512): result:{"bonusInformation":[],"message":"0.9.8","success":true}
12-14 01:38:48.306 I/System.out( 4512): URI: //start-application
12-14 01:38:48.306 I/System.out( 4512): params: {json={"intent":null}
12-14 01:38:48.306 I/System.out( 4512): }
12-14 01:38:48.345 I/ActivityManager( 1628): START u0 {act=android.intent.action.MAIN cat=[android.intent.category.LAUNCHER] flg=0x10200000 cmp=com.evancharlton.mileage/.Mileage} from uid 10298
12-14 01:38:48.361 I/calabash( 4512): newActivity1
12-14 01:38:48.379 D/gralloc_ranchu( 1395): gralloc_alloc: Creating ashmem region of size 7753728
12-14 01:38:48.392 W/ActivityManager( 1628): Bad activity token: android.os.BinderProxy@8e54e31
12-14 01:38:48.392 W/ActivityManager( 1628): java.lang.ClassCastException: android.os.BinderProxy cannot be cast to com.android.server.am.ActivityRecord$Token
12-14 01:38:48.392 W/ActivityManager( 1628): 	at com.android.server.am.ActivityRecord.forTokenLocked(ActivityRecord.java:778)
12-14 01:38:48.392 W/ActivityManager( 1628): 	at com.android.server.am.ActivityRecord.isInStackLocked(ActivityRecord.java:2085)
12-14 01:38:48.392 W/ActivityManager( 1628): 	at com.android.server.am.ActivityRecord.getStackLocked(ActivityRecord.java:2090)
12-14 01:38:48.392 W/ActivityManager( 1628): 	at com.android.server.am.ActivityManagerService.getActivityDisplayId(ActivityManagerService.java:10406)
12-14 01:38:48.392 W/ActivityManager( 1628): 	at android.app.IActivityManager$Stub.onTransact(IActivityManager.java:2738)
12-14 01:38:48.392 W/ActivityManager( 1628): 	at com.android.server.am.ActivityManagerService.onTransact(ActivityManagerService.java:2935)
12-14 01:38:48.392 W/ActivityManager( 1628): 	at android.os.Binder.execTransact(Binder.java:674)
12-14 01:38:48.396 I/calabash( 4512): newActivity1
12-14 01:38:48.403 W/ActivityManager( 1628): Bad activity token: android.os.BinderProxy@8e54e31
12-14 01:38:48.403 W/ActivityManager( 1628): java.lang.ClassCastException: android.os.BinderProxy cannot be cast to com.android.server.am.ActivityRecord$Token
12-14 01:38:48.403 W/ActivityManager( 1628): 	at com.android.server.am.ActivityRecord.forTokenLocked(ActivityRecord.java:778)
12-14 01:38:48.403 W/ActivityManager( 1628): 	at com.android.server.am.ActivityRecord.isInStackLocked(ActivityRecord.java:2085)
12-14 01:38:48.403 W/ActivityManager( 1628): 	at com.android.server.am.ActivityManagerService.setTaskDescription(ActivityManagerService.java:9988)
12-14 01:38:48.403 W/ActivityManager( 1628): 	at android.app.IActivityManager$Stub.onTransact(IActivityManager.java:2824)
12-14 01:38:48.403 W/ActivityManager( 1628): 	at com.android.server.am.ActivityManagerService.onTransact(ActivityManagerService.java:2935)
12-14 01:38:48.403 W/ActivityManager( 1628): 	at android.os.Binder.execTransact(Binder.java:674)
12-14 01:38:48.404 W/ActivityManager( 1628): Bad activity token: android.os.BinderProxy@8e54e31
12-14 01:38:48.404 W/ActivityManager( 1628): java.lang.ClassCastException: android.os.BinderProxy cannot be cast to com.android.server.am.ActivityRecord$Token
12-14 01:38:48.404 W/ActivityManager( 1628): 	at com.android.server.am.ActivityRecord.forTokenLocked(ActivityRecord.java:778)
12-14 01:38:48.404 W/ActivityManager( 1628): 	at com.android.server.am.ActivityRecord.isInStackLocked(ActivityRecord.java:2085)
12-14 01:38:48.404 W/ActivityManager( 1628): 	at com.android.server.am.ActivityRecord.getStackLocked(ActivityRecord.java:2090)
12-14 01:38:48.404 W/ActivityManager( 1628): 	at com.android.server.am.ActivityManagerService.getActivityStackId(ActivityManagerService.java:10417)
12-14 01:38:48.404 W/ActivityManager( 1628): 	at android.app.IActivityManager$Stub.onTransact(IActivityManager.java:3548)
12-14 01:38:48.404 W/ActivityManager( 1628): 	at com.android.server.am.ActivityManagerService.onTransact(ActivityManagerService.java:2935)
12-14 01:38:48.404 W/ActivityManager( 1628): 	at android.os.Binder.execTransact(Binder.java:674)
12-14 01:38:48.433 V/StatusBar( 1731): setLightsOn(true)
12-14 01:38:48.434 D/EGL_emulation( 2197): eglMakeCurrent: 0xa5684840: ver 3 0 (tinfo 0xa5683550)
12-14 01:38:48.441 D/EGL_emulation( 2154): eglMakeCurrent: 0xa56843c0: ver 3 0 (tinfo 0xa5683390)
12-14 01:38:48.459 D/EGL_emulation( 1731): eglMakeCurrent: 0xa56843c0: ver 3 0 (tinfo 0xa5683500)
12-14 01:38:48.467 I/chatty  ( 1731): uid=10028(u0_a28) RenderThread identical 1 line
12-14 01:38:48.483 D/EGL_emulation( 1731): eglMakeCurrent: 0xa56843c0: ver 3 0 (tinfo 0xa5683500)
12-14 01:38:48.490 V/StatusBar( 1731): setLightsOn(true)
12-14 01:38:48.493 D/EGL_emulation( 1731): eglMakeCurrent: 0xa56843c0: ver 3 0 (tinfo 0xa5683500)
12-14 01:38:48.521 I/chatty  ( 1731): uid=10028(u0_a28) RenderThread identical 3 lines
12-14 01:38:48.524 D/EGL_emulation( 1731): eglMakeCurrent: 0xa56843c0: ver 3 0 (tinfo 0xa5683500)
12-14 01:38:48.532 E/ContentStoreEUAS( 2197): Failed to commit the deferred actions
12-14 01:38:48.538 D/EGL_emulation( 1731): eglMakeCurrent: 0xa56843c0: ver 3 0 (tinfo 0xa5683500)
12-14 01:38:48.556 W/ActivityManager( 1628): Bad activity token: android.os.BinderProxy@8e54e31
12-14 01:38:48.556 W/ActivityManager( 1628): java.lang.ClassCastException: android.os.BinderProxy cannot be cast to com.android.server.am.ActivityRecord$Token
12-14 01:38:48.556 W/ActivityManager( 1628): 	at com.android.server.am.ActivityRecord.forTokenLocked(ActivityRecord.java:778)
12-14 01:38:48.556 W/ActivityManager( 1628): 	at com.android.server.am.ActivityRecord.isInStackLocked(ActivityRecord.java:2085)
12-14 01:38:48.556 W/ActivityManager( 1628): 	at com.android.server.am.ActivityManagerService.getActivityOptions(ActivityManagerService.java:13302)
12-14 01:38:48.556 W/ActivityManager( 1628): 	at android.app.IActivityManager$Stub.onTransact(IActivityManager.java:2910)
12-14 01:38:48.556 W/ActivityManager( 1628): 	at com.android.server.am.ActivityManagerService.onTransact(ActivityManagerService.java:2935)
12-14 01:38:48.556 W/ActivityManager( 1628): 	at android.os.Binder.execTransact(Binder.java:674)
12-14 01:38:48.557 W/ActivityManager( 1628): Bad activity token: android.os.BinderProxy@8e54e31
12-14 01:38:48.557 W/ActivityManager( 1628): java.lang.ClassCastException: android.os.BinderProxy cannot be cast to com.android.server.am.ActivityRecord$Token
12-14 01:38:48.557 W/ActivityManager( 1628): 	at com.android.server.am.ActivityRecord.forTokenLocked(ActivityRecord.java:778)
12-14 01:38:48.557 W/ActivityManager( 1628): 	at com.android.server.am.ActivityRecord.isInStackLocked(ActivityRecord.java:2085)
12-14 01:38:48.557 W/ActivityManager( 1628): 	at com.android.server.am.ActivityManagerService.getActivityOptions(ActivityManagerService.java:13302)
12-14 01:38:48.557 W/ActivityManager( 1628): 	at android.app.IActivityManager$Stub.onTransact(IActivityManager.java:2910)
12-14 01:38:48.557 W/ActivityManager( 1628): 	at com.android.server.am.ActivityManagerService.onTransact(ActivityManagerService.java:2935)
12-14 01:38:48.557 W/ActivityManager( 1628): 	at android.os.Binder.execTransact(Binder.java:674)
12-14 01:38:48.641 I/chatty  ( 1731): uid=10028(u0_a28) RenderThread identical 14 lines
12-14 01:38:48.647 D/EGL_emulation( 1731): eglMakeCurrent: 0xa56843c0: ver 3 0 (tinfo 0xa5683500)
12-14 01:38:48.665 V/StatusBar( 1731): setLightsOn(true)
12-14 01:38:48.737 I/Finsky  ( 2563): [115] nmi.run(36): Stats for Executor: bgExecutor non@688411d[Running, pool size = 4, active threads = 0, queued tasks = 0, completed tasks = 78]
12-14 01:38:48.758 I/zygote  ( 4512): Do partial code cache collection, code=28KB, data=30KB
12-14 01:38:48.759 I/zygote  ( 4512): After code cache collection, code=28KB, data=30KB
12-14 01:38:48.759 I/zygote  ( 4512): Increasing code cache capacity to 128KB
12-14 01:38:48.760 I/zygote  ( 4512): Do partial code cache collection, code=28KB, data=48KB
12-14 01:38:48.760 I/zygote  ( 4512): After code cache collection, code=28KB, data=48KB
12-14 01:38:48.760 I/zygote  ( 4512): Increasing code cache capacity to 256KB
12-14 01:38:48.761 I/zygote  ( 4512): JIT allocated 71KB for compiled code of void android.widget.TextView.<init>(android.content.Context, android.util.AttributeSet, int, int)
12-14 01:38:48.762 I/zygote  ( 4512): Compiler allocated 4MB to compile void android.widget.TextView.<init>(android.content.Context, android.util.AttributeSet, int, int)
12-14 01:38:48.781 V/StatusBar( 1731): setLightsOn(true)
12-14 01:38:48.793 V/StatusBar( 1731): setLightsOn(true)
12-14 01:38:48.841 D/gralloc_ranchu( 1395): gralloc_alloc: Creating ashmem region of size 7753728
12-14 01:38:48.861 D/        ( 4512): HostConnection::get() New Host Connection established 0xa2d2fe00, tid 4512
12-14 01:38:48.871 V/StatusBar( 1731): setLightsOn(true)
12-14 01:38:48.915 I/chatty  ( 1731): uid=10028(u0_a28) com.android.systemui identical 1 line
12-14 01:38:48.920 V/StatusBar( 1731): setLightsOn(true)
12-14 01:38:48.921 I/ActivityManager( 1628): Displayed com.evancharlton.mileage/.Mileage: +561ms
12-14 01:38:48.925 V/StatusBar( 1731): setLightsOn(true)
12-14 01:38:48.938 V/StatusBar( 1731): setLightsOn(true)
12-14 01:38:48.950 D/gralloc_ranchu( 1395): gralloc_alloc: Creating ashmem region of size 7753728
12-14 01:38:49.034 I/zygote  ( 4512): Do full code cache collection, code=125KB, data=72KB
12-14 01:38:49.034 I/zygote  ( 4512): After code cache collection, code=107KB, data=43KB
12-14 01:38:49.116 V/StatusBar( 1731): setLightsOn(true)
12-14 01:38:49.172 I/chatty  ( 1731): uid=10028(u0_a28) com.android.systemui identical 2 lines
12-14 01:38:49.172 V/StatusBar( 1731): setLightsOn(true)
12-14 01:38:49.176 I/System.out( 4512): URI: //gesture
12-14 01:38:49.176 I/System.out( 4512): params: {json={"query_timeout":5.0,"gestures":[{"query_string":"android.widget.TabWidget descendant TextView index:1","touches":[{"x":50,"y":50,"offset_x":0,"offset_y":0,"wait":0.0,"time":0.2,"release":true,"query_string":null}]}]}
12-14 01:38:49.176 I/System.out( 4512): }
12-14 01:38:49.185 V/StatusBar( 1731): setLightsOn(true)
12-14 01:38:49.194 W/SurfaceFlinger( 1413): couldn't log to binary event log: overflow.
12-14 01:38:49.194 W/SurfaceFlinger( 1413): couldn't log to binary event log: overflow.
12-14 01:38:49.281 I/PBSessionCacheImpl( 2197): Deleted sessionId[7162904859819] from persistence.
12-14 01:38:49.295 W/SearchService( 2197): Abort, client detached.
12-14 01:38:49.296 E/memtrack( 1628): Couldn't load memtrack module
12-14 01:38:49.296 W/android.os.Debug( 1628): failed to get memory consumption info: -1
12-14 01:38:49.541 W/audio_hw_generic( 1389): Not supplying enough data to HAL, expected position 602083 , only wrote 601920
12-14 01:38:49.548 W/ActivityManager( 1628): Bad activity token: android.os.BinderProxy@7fa2895
12-14 01:38:49.548 W/ActivityManager( 1628): java.lang.ClassCastException: android.os.BinderProxy cannot be cast to com.android.server.am.ActivityRecord$Token
12-14 01:38:49.548 W/ActivityManager( 1628): 	at com.android.server.am.ActivityRecord.forTokenLocked(ActivityRecord.java:778)
12-14 01:38:49.548 W/ActivityManager( 1628): 	at com.android.server.am.ActivityRecord.isInStackLocked(ActivityRecord.java:2085)
12-14 01:38:49.548 W/ActivityManager( 1628): 	at com.android.server.am.ActivityRecord.getStackLocked(ActivityRecord.java:2090)
12-14 01:38:49.548 W/ActivityManager( 1628): 	at com.android.server.am.ActivityManagerService.getActivityDisplayId(ActivityManagerService.java:10406)
12-14 01:38:49.548 W/ActivityManager( 1628): 	at android.app.IActivityManager$Stub.onTransact(IActivityManager.java:2738)
12-14 01:38:49.548 W/ActivityManager( 1628): 	at com.android.server.am.ActivityManagerService.onTransact(ActivityManagerService.java:2935)
12-14 01:38:49.548 W/ActivityManager( 1628): 	at android.os.Binder.execTransact(Binder.java:674)
12-14 01:38:49.549 I/calabash( 4512): newActivity1
12-14 01:38:49.553 W/ActivityManager( 1628): Bad activity token: android.os.BinderProxy@7fa2895
12-14 01:38:49.553 W/ActivityManager( 1628): java.lang.ClassCastException: android.os.BinderProxy cannot be cast to com.android.server.am.ActivityRecord$Token
12-14 01:38:49.553 W/ActivityManager( 1628): 	at com.android.server.am.ActivityRecord.forTokenLocked(ActivityRecord.java:778)
12-14 01:38:49.553 W/ActivityManager( 1628): 	at com.android.server.am.ActivityRecord.isInStackLocked(ActivityRecord.java:2085)
12-14 01:38:49.553 W/ActivityManager( 1628): 	at com.android.server.am.ActivityManagerService.setTaskDescription(ActivityManagerService.java:9988)
12-14 01:38:49.553 W/ActivityManager( 1628): 	at android.app.IActivityManager$Stub.onTransact(IActivityManager.java:2824)
12-14 01:38:49.553 W/ActivityManager( 1628): 	at com.android.server.am.ActivityManagerService.onTransact(ActivityManagerService.java:2935)
12-14 01:38:49.553 W/ActivityManager( 1628): 	at android.os.Binder.execTransact(Binder.java:674)
12-14 01:38:49.554 W/ActivityManager( 1628): Bad activity token: android.os.BinderProxy@7fa2895
12-14 01:38:49.554 W/ActivityManager( 1628): java.lang.ClassCastException: android.os.BinderProxy cannot be cast to com.android.server.am.ActivityRecord$Token
12-14 01:38:49.554 W/ActivityManager( 1628): 	at com.android.server.am.ActivityRecord.forTokenLocked(ActivityRecord.java:778)
12-14 01:38:49.554 W/ActivityManager( 1628): 	at com.android.server.am.ActivityRecord.isInStackLocked(ActivityRecord.java:2085)
12-14 01:38:49.554 W/ActivityManager( 1628): 	at com.android.server.am.ActivityRecord.getStackLocked(ActivityRecord.java:2090)
12-14 01:38:49.554 W/ActivityManager( 1628): 	at com.android.server.am.ActivityManagerService.getActivityStackId(ActivityManagerService.java:10417)
12-14 01:38:49.554 W/ActivityManager( 1628): 	at android.app.IActivityManager$Stub.onTransact(IActivityManager.java:3548)
12-14 01:38:49.554 W/ActivityManager( 1628): 	at com.android.server.am.ActivityManagerService.onTransact(ActivityManagerService.java:2935)
12-14 01:38:49.554 W/ActivityManager( 1628): 	at android.os.Binder.execTransact(Binder.java:674)
12-14 01:38:49.590 I/zygote  ( 4512): Do partial code cache collection, code=124KB, data=58KB
12-14 01:38:49.602 I/zygote  ( 4512): After code cache collection, code=124KB, data=59KB
12-14 01:38:49.602 I/zygote  ( 4512): Increasing code cache capacity to 512KB
12-14 01:38:49.621 W/ActivityManager( 1628): Bad activity token: android.os.BinderProxy@7fa2895
12-14 01:38:49.621 W/ActivityManager( 1628): java.lang.ClassCastException: android.os.BinderProxy cannot be cast to com.android.server.am.ActivityRecord$Token
12-14 01:38:49.621 W/ActivityManager( 1628): 	at com.android.server.am.ActivityRecord.forTokenLocked(ActivityRecord.java:778)
12-14 01:38:49.621 W/ActivityManager( 1628): 	at com.android.server.am.ActivityRecord.isInStackLocked(ActivityRecord.java:2085)
12-14 01:38:49.621 W/ActivityManager( 1628): 	at com.android.server.am.ActivityManagerService.getActivityOptions(ActivityManagerService.java:13302)
12-14 01:38:49.621 W/ActivityManager( 1628): 	at android.app.IActivityManager$Stub.onTransact(IActivityManager.java:2910)
12-14 01:38:49.621 W/ActivityManager( 1628): 	at com.android.server.am.ActivityManagerService.onTransact(ActivityManagerService.java:2935)
12-14 01:38:49.621 W/ActivityManager( 1628): 	at android.os.Binder.execTransact(Binder.java:674)
12-14 01:38:49.622 W/ActivityManager( 1628): Bad activity token: android.os.BinderProxy@7fa2895
12-14 01:38:49.622 W/ActivityManager( 1628): java.lang.ClassCastException: android.os.BinderProxy cannot be cast to com.android.server.am.ActivityRecord$Token
12-14 01:38:49.622 W/ActivityManager( 1628): 	at com.android.server.am.ActivityRecord.forTokenLocked(ActivityRecord.java:778)
12-14 01:38:49.622 W/ActivityManager( 1628): 	at com.android.server.am.ActivityRecord.isInStackLocked(ActivityRecord.java:2085)
12-14 01:38:49.622 W/ActivityManager( 1628): 	at com.android.server.am.ActivityManagerService.getActivityOptions(ActivityManagerService.java:13302)
12-14 01:38:49.622 W/ActivityManager( 1628): 	at android.app.IActivityManager$Stub.onTransact(IActivityManager.java:2910)
12-14 01:38:49.622 W/ActivityManager( 1628): 	at com.android.server.am.ActivityManagerService.onTransact(ActivityManagerService.java:2935)
12-14 01:38:49.622 W/ActivityManager( 1628): 	at android.os.Binder.execTransact(Binder.java:674)
12-14 01:38:49.627 I/zygote  ( 4512): Background concurrent copying GC freed 25318(1108KB) AllocSpace objects, 5(100KB) LOS objects, 50% free, 2MB/4MB, paused 1.246ms total 104.385ms
12-14 01:38:49.688 D/gralloc_ranchu( 1395): gralloc_alloc: Creating ashmem region of size 7753728
12-14 01:38:49.703 D/Mileage ( 4512): Not enough fillups to calculate economy
12-14 01:38:49.862 E/SurfaceFlinger( 1413): ro.sf.lcd_density must be defined as a build property
12-14 01:38:49.887 D/gralloc_ranchu( 1395): gralloc_alloc: Creating ashmem region of size 8298496
12-14 01:38:49.903 D/        ( 4557): HostConnection::get() New Host Connection established 0xad3af800, tid 4557
12-14 01:38:50.315 I/System.out( 4512): URI: //gesture
12-14 01:38:50.315 I/System.out( 4512): params: {json={"query_timeout":5.0,"gestures":[{"query_string":"android.widget.TabWidget descendant TextView index:3","touches":[{"x":50,"y":50,"offset_x":0,"offset_y":0,"wait":0.0,"time":0.2,"release":true,"query_string":null}]}]}
12-14 01:38:50.315 I/System.out( 4512): }
12-14 01:38:50.584 W/ActivityManager( 1628): Bad activity token: android.os.BinderProxy@5d97949
12-14 01:38:50.584 W/ActivityManager( 1628): java.lang.ClassCastException: android.os.BinderProxy cannot be cast to com.android.server.am.ActivityRecord$Token
12-14 01:38:50.584 W/ActivityManager( 1628): 	at com.android.server.am.ActivityRecord.forTokenLocked(ActivityRecord.java:778)
12-14 01:38:50.584 W/ActivityManager( 1628): 	at com.android.server.am.ActivityRecord.isInStackLocked(ActivityRecord.java:2085)
12-14 01:38:50.584 W/ActivityManager( 1628): 	at com.android.server.am.ActivityRecord.getStackLocked(ActivityRecord.java:2090)
12-14 01:38:50.584 W/ActivityManager( 1628): 	at com.android.server.am.ActivityManagerService.getActivityDisplayId(ActivityManagerService.java:10406)
12-14 01:38:50.584 W/ActivityManager( 1628): 	at android.app.IActivityManager$Stub.onTransact(IActivityManager.java:2738)
12-14 01:38:50.584 W/ActivityManager( 1628): 	at com.android.server.am.ActivityManagerService.onTransact(ActivityManagerService.java:2935)
12-14 01:38:50.584 W/ActivityManager( 1628): 	at android.os.Binder.execTransact(Binder.java:674)
12-14 01:38:50.585 I/calabash( 4512): newActivity1
12-14 01:38:50.588 W/ActivityManager( 1628): Bad activity token: android.os.BinderProxy@5d97949
12-14 01:38:50.588 W/ActivityManager( 1628): java.lang.ClassCastException: android.os.BinderProxy cannot be cast to com.android.server.am.ActivityRecord$Token
12-14 01:38:50.588 W/ActivityManager( 1628): 	at com.android.server.am.ActivityRecord.forTokenLocked(ActivityRecord.java:778)
12-14 01:38:50.588 W/ActivityManager( 1628): 	at com.android.server.am.ActivityRecord.isInStackLocked(ActivityRecord.java:2085)
12-14 01:38:50.588 W/ActivityManager( 1628): 	at com.android.server.am.ActivityManagerService.setTaskDescription(ActivityManagerService.java:9988)
12-14 01:38:50.588 W/ActivityManager( 1628): 	at android.app.IActivityManager$Stub.onTransact(IActivityManager.java:2824)
12-14 01:38:50.588 W/ActivityManager( 1628): 	at com.android.server.am.ActivityManagerService.onTransact(ActivityManagerService.java:2935)
12-14 01:38:50.588 W/ActivityManager( 1628): 	at android.os.Binder.execTransact(Binder.java:674)
12-14 01:38:50.589 W/ActivityManager( 1628): Bad activity token: android.os.BinderProxy@5d97949
12-14 01:38:50.589 W/ActivityManager( 1628): java.lang.ClassCastException: android.os.BinderProxy cannot be cast to com.android.server.am.ActivityRecord$Token
12-14 01:38:50.589 W/ActivityManager( 1628): 	at com.android.server.am.ActivityRecord.forTokenLocked(ActivityRecord.java:778)
12-14 01:38:50.589 W/ActivityManager( 1628): 	at com.android.server.am.ActivityRecord.isInStackLocked(ActivityRecord.java:2085)
12-14 01:38:50.589 W/ActivityManager( 1628): 	at com.android.server.am.ActivityRecord.getStackLocked(ActivityRecord.java:2090)
12-14 01:38:50.589 W/ActivityManager( 1628): 	at com.android.server.am.ActivityManagerService.getActivityStackId(ActivityManagerService.java:10417)
12-14 01:38:50.589 W/ActivityManager( 1628): 	at android.app.IActivityManager$Stub.onTransact(IActivityManager.java:3548)
12-14 01:38:50.589 W/ActivityManager( 1628): 	at com.android.server.am.ActivityManagerService.onTransact(ActivityManagerService.java:2935)
12-14 01:38:50.589 W/ActivityManager( 1628): 	at android.os.Binder.execTransact(Binder.java:674)
12-14 01:38:50.595 W/ActivityManager( 1628): Bad activity token: android.os.BinderProxy@5d97949
12-14 01:38:50.595 W/ActivityManager( 1628): java.lang.ClassCastException: android.os.BinderProxy cannot be cast to com.android.server.am.ActivityRecord$Token
12-14 01:38:50.595 W/ActivityManager( 1628): 	at com.android.server.am.ActivityRecord.forTokenLocked(ActivityRecord.java:778)
12-14 01:38:50.595 W/ActivityManager( 1628): 	at com.android.server.am.ActivityRecord.isInStackLocked(ActivityRecord.java:2085)
12-14 01:38:50.595 W/ActivityManager( 1628): 	at com.android.server.am.ActivityManagerService.getActivityOptions(ActivityManagerService.java:13302)
12-14 01:38:50.595 W/ActivityManager( 1628): 	at android.app.IActivityManager$Stub.onTransact(IActivityManager.java:2910)
12-14 01:38:50.595 W/ActivityManager( 1628): 	at com.android.server.am.ActivityManagerService.onTransact(ActivityManagerService.java:2935)
12-14 01:38:50.595 W/ActivityManager( 1628): 	at android.os.Binder.execTransact(Binder.java:674)
12-14 01:38:50.595 W/ActivityManager( 1628): Bad activity token: android.os.BinderProxy@5d97949
12-14 01:38:50.595 W/ActivityManager( 1628): java.lang.ClassCastException: android.os.BinderProxy cannot be cast to com.android.server.am.ActivityRecord$Token
12-14 01:38:50.595 W/ActivityManager( 1628): 	at com.android.server.am.ActivityRecord.forTokenLocked(ActivityRecord.java:778)
12-14 01:38:50.595 W/ActivityManager( 1628): 	at com.android.server.am.ActivityRecord.isInStackLocked(ActivityRecord.java:2085)
12-14 01:38:50.595 W/ActivityManager( 1628): 	at com.android.server.am.ActivityManagerService.getActivityOptions(ActivityManagerService.java:13302)
12-14 01:38:50.595 W/ActivityManager( 1628): 	at android.app.IActivityManager$Stub.onTransact(IActivityManager.java:2910)
12-14 01:38:50.595 W/ActivityManager( 1628): 	at com.android.server.am.ActivityManagerService.onTransact(ActivityManagerService.java:2935)
12-14 01:38:50.595 W/ActivityManager( 1628): 	at android.os.Binder.execTransact(Binder.java:674)
12-14 01:38:50.750 I/Finsky:download_service( 2703): [125] nmi.run(36): Stats for Executor: bgExecutor non@bcd922a[Running, pool size = 0, active threads = 0, queued tasks = 0, completed tasks = 0]
12-14 01:38:50.821 E/SurfaceFlinger( 1413): ro.sf.lcd_density must be defined as a build property
12-14 01:38:50.830 D/gralloc_ranchu( 1395): gralloc_alloc: Creating ashmem region of size 8298496
12-14 01:38:50.841 D/        ( 4563): HostConnection::get() New Host Connection established 0xac7af800, tid 4563
12-14 01:38:51.237 I/System.out( 4512): URI: //gesture
12-14 01:38:51.237 I/System.out( 4512): params: {json={"query_timeout":5.0,"gestures":[{"query_string":"android.widget.TabWidget descendant TextView index:2","touches":[{"x":50,"y":50,"offset_x":0,"offset_y":0,"wait":0.0,"time":0.2,"release":true,"query_string":null}]}]}
12-14 01:38:51.237 I/System.out( 4512): }
12-14 01:38:51.551 W/ActivityManager( 1628): Bad activity token: android.os.BinderProxy@d5c6c68
12-14 01:38:51.551 W/ActivityManager( 1628): java.lang.ClassCastException: android.os.BinderProxy cannot be cast to com.android.server.am.ActivityRecord$Token
12-14 01:38:51.551 W/ActivityManager( 1628): 	at com.android.server.am.ActivityRecord.forTokenLocked(ActivityRecord.java:778)
12-14 01:38:51.551 W/ActivityManager( 1628): 	at com.android.server.am.ActivityRecord.isInStackLocked(ActivityRecord.java:2085)
12-14 01:38:51.551 W/ActivityManager( 1628): 	at com.android.server.am.ActivityRecord.getStackLocked(ActivityRecord.java:2090)
12-14 01:38:51.551 W/ActivityManager( 1628): 	at com.android.server.am.ActivityManagerService.getActivityDisplayId(ActivityManagerService.java:10406)
12-14 01:38:51.551 W/ActivityManager( 1628): 	at android.app.IActivityManager$Stub.onTransact(IActivityManager.java:2738)
12-14 01:38:51.551 W/ActivityManager( 1628): 	at com.android.server.am.ActivityManagerService.onTransact(ActivityManagerService.java:2935)
12-14 01:38:51.551 W/ActivityManager( 1628): 	at android.os.Binder.execTransact(Binder.java:674)
12-14 01:38:51.553 I/calabash( 4512): newActivity1
12-14 01:38:51.647 W/ActivityManager( 1628): Bad activity token: android.os.BinderProxy@d5c6c68
12-14 01:38:51.647 W/ActivityManager( 1628): java.lang.ClassCastException: android.os.BinderProxy cannot be cast to com.android.server.am.ActivityRecord$Token
12-14 01:38:51.647 W/ActivityManager( 1628): 	at com.android.server.am.ActivityRecord.forTokenLocked(ActivityRecord.java:778)
12-14 01:38:51.647 W/ActivityManager( 1628): 	at com.android.server.am.ActivityRecord.isInStackLocked(ActivityRecord.java:2085)
12-14 01:38:51.647 W/ActivityManager( 1628): 	at com.android.server.am.ActivityManagerService.setTaskDescription(ActivityManagerService.java:9988)
12-14 01:38:51.647 W/ActivityManager( 1628): 	at android.app.IActivityManager$Stub.onTransact(IActivityManager.java:2824)
12-14 01:38:51.647 W/ActivityManager( 1628): 	at com.android.server.am.ActivityManagerService.onTransact(ActivityManagerService.java:2935)
12-14 01:38:51.647 W/ActivityManager( 1628): 	at android.os.Binder.execTransact(Binder.java:674)
12-14 01:38:51.650 W/ActivityManager( 1628): Bad activity token: android.os.BinderProxy@d5c6c68
12-14 01:38:51.650 W/ActivityManager( 1628): java.lang.ClassCastException: android.os.BinderProxy cannot be cast to com.android.server.am.ActivityRecord$Token
12-14 01:38:51.650 W/ActivityManager( 1628): 	at com.android.server.am.ActivityRecord.forTokenLocked(ActivityRecord.java:778)
12-14 01:38:51.650 W/ActivityManager( 1628): 	at com.android.server.am.ActivityRecord.isInStackLocked(ActivityRecord.java:2085)
12-14 01:38:51.650 W/ActivityManager( 1628): 	at com.android.server.am.ActivityRecord.getStackLocked(ActivityRecord.java:2090)
12-14 01:38:51.650 W/ActivityManager( 1628): 	at com.android.server.am.ActivityManagerService.getActivityStackId(ActivityManagerService.java:10417)
12-14 01:38:51.650 W/ActivityManager( 1628): 	at android.app.IActivityManager$Stub.onTransact(IActivityManager.java:3548)
12-14 01:38:51.650 W/ActivityManager( 1628): 	at com.android.server.am.ActivityManagerService.onTransact(ActivityManagerService.java:2935)
12-14 01:38:51.650 W/ActivityManager( 1628): 	at android.os.Binder.execTransact(Binder.java:674)
12-14 01:38:51.668 E/TaskPersister( 1628): File error accessing recents directory (directory doesn't exist?).
12-14 01:38:51.689 D/VehicleStatisticsActivity( 4512): Checking recalculation ...
12-14 01:38:51.693 D/VehicleStatisticsActivity( 4512): Recalculating statistics
12-14 01:38:51.693 D/VehicleStatisticsTask( 4512): Calculation starting...
12-14 01:38:51.694 D/VehicleStatisticsActivity( 4512): Recalculation started!
12-14 01:38:51.697 W/ActivityManager( 1628): Bad activity token: android.os.BinderProxy@d5c6c68
12-14 01:38:51.697 W/ActivityManager( 1628): java.lang.ClassCastException: android.os.BinderProxy cannot be cast to com.android.server.am.ActivityRecord$Token
12-14 01:38:51.697 W/ActivityManager( 1628): 	at com.android.server.am.ActivityRecord.forTokenLocked(ActivityRecord.java:778)
