--------- beginning of main
12-14 01:54:20.498 V/StatusBar( 1731): setLightsOn(true)
12-14 01:54:20.613 I/zygote  ( 1935): Background concurrent copying GC freed 94092(5MB) AllocSpace objects, 7(164KB) LOS objects, 45% free, 7MB/13MB, paused 733us total 207.592ms
12-14 01:54:20.838 D/BoundBrokerSvc( 1935): onUnbind: Intent { act=com.google.android.gms.auth.account.workaccount.START cmp=com.google.android.gms/.chimera.PersistentApiService }
12-14 01:54:20.944 D/BoundBrokerSvc( 1935): onUnbind: Intent { act=com.google.android.gms.auth.proximity.START cmp=com.google.android.gms/.chimera.PersistentBoundBrokerService }
12-14 01:54:20.952 I/System.out( 3903): URI: //kill
12-14 01:54:20.952 I/System.out( 3903): params: {json={}
12-14 01:54:20.952 I/System.out( 3903): }
12-14 01:54:20.952 I/System.out( 3903): Stopping test server
12-14 01:54:20.956 E/adbd    ( 1382): failed to connect to socket 'tcp:7102': Connection refused
12-14 01:54:20.959 E/adbd    ( 1382): failed to connect to socket 'tcp:7102': Connection refused
12-14 01:54:20.980 D/BoundBrokerSvc( 2246): onUnbind: Intent { act=com.google.android.gms.auth.cryptauth.cryptauthservice.START cmp=com.google.android.gms/.chimera.GmsBoundBrokerService }
12-14 01:54:21.000 V/StatusBar( 1731): setLightsOn(true)
12-14 01:54:21.008 I/chatty  ( 1731): uid=10028(u0_a28) com.android.systemui identical 2 lines
12-14 01:54:21.064 V/StatusBar( 1731): setLightsOn(true)
12-14 01:54:21.067 D/gralloc_ranchu( 1395): gralloc_alloc: Creating ashmem region of size 8298496
12-14 01:54:21.069 V/StatusBar( 1731): setLightsOn(true)
12-14 01:54:21.089 D/gralloc_ranchu( 1395): gralloc_alloc: Creating ashmem region of size 8298496
12-14 01:54:21.100 D/gralloc_ranchu( 1395): gralloc_alloc: Creating ashmem region of size 8298496
12-14 01:54:21.113 D/SurfaceFlinger( 1410): duplicate layer name: changing com.google.android.apps.nexuslauncher/com.google.android.apps.nexuslauncher.NexusLauncherActivity to com.google.android.apps.nexuslauncher/com.google.android.apps.nexuslauncher.NexusLauncherActivity#1
12-14 01:54:21.119 D/gralloc_ranchu( 1395): gralloc_alloc: Creating ashmem region of size 8298496
12-14 01:54:21.142 D/EGL_emulation( 2187): eglMakeCurrent: 0xa6e84900: ver 3 0 (tinfo 0xa6e836f0)
12-14 01:54:21.207 D/EGL_emulation( 1731): eglMakeCurrent: 0xa6e84600: ver 3 0 (tinfo 0xa6e83560)
12-14 01:54:21.209 D/gralloc_ranchu( 1395): gralloc_alloc: Creating ashmem region of size 8298496
12-14 01:54:21.254 E/memtrack( 1626): Couldn't load memtrack module
12-14 01:54:21.254 W/android.os.Debug( 1626): failed to get memory consumption info: -1
12-14 01:54:21.281 D/gralloc_ranchu( 1395): gralloc_alloc: Creating ashmem region of size 8298496
12-14 01:54:21.327 I/zygote  ( 2187): Deoptimizing void com.google.android.apps.gsa.search.core.service.worker.a.a.a(com.google.android.apps.gsa.search.core.state.qc) due to JIT inline cache
12-14 01:54:21.355 E/GmsClient( 2187): unable to connect to service: com.google.android.gms.speech.service.START on com.google.android.gms
12-14 01:54:21.358 W/SessionLifecycleManager( 2187): Handover failed. Creating new session controller.
12-14 01:54:21.368 I/OptInState( 2187): There is a new client and it does not support opt-in. Dropping request.
12-14 01:54:21.371 I/zygote  ( 2187): Deoptimizing int[] com.google.common.collect.gx.b(java.lang.Object[], int, int, int) due to JIT inline cache
12-14 01:54:21.400 D/EGL_emulation( 2162): eglMakeCurrent: 0xa487cc60: ver 3 0 (tinfo 0xa487f880)
12-14 01:54:21.425 I/MicroDetectionWorker( 2187): #updateMicroDetector [detectionMode: [mDetectionMode: [1]]]
12-14 01:54:21.425 I/MicroDetectionWorker( 2187): #startMicroDetector [speakerMode: 0]
12-14 01:54:21.426 I/AudioController( 2187): Using mInputStreamFactoryBuilder
12-14 01:54:21.437 D/gralloc_ranchu( 1395): gralloc_alloc: Creating ashmem region of size 7753728
12-14 01:54:21.447 I/MicroRecognitionRunner( 2187): Starting detection.
12-14 01:54:21.448 I/MicrophoneInputStream( 2187): mic_starting com.google.android.apps.gsa.staticplugins.aa.c@74890d1
12-14 01:54:21.456 I/AudioFlinger( 1475): AudioFlinger's thread 0xa5c83a00 tid=3967 ready to run
12-14 01:54:21.464 I/MicrophoneInputStream( 2187): mic_started com.google.android.apps.gsa.staticplugins.aa.c@74890d1
12-14 01:54:21.472 W/SpeechLevelGenerator( 2187): Really low audio levels detected. The audio input may have issues.
12-14 01:54:21.477 I/MicrophoneInputStream( 2187): mic_close com.google.android.apps.gsa.staticplugins.aa.c@74890d1
12-14 01:54:21.479 I/MicroRecognitionRunner( 2187): Detection finished
12-14 01:54:21.479 W/ErrorReporter( 2187): reportError [type: 211, code: 524300]: Error reading from input stream
12-14 01:54:21.480 W/ErrorProcessor( 2187): onFatalError, processing error from engine(4)
12-14 01:54:21.480 W/ErrorProcessor( 2187): com.google.android.apps.gsa.shared.speech.b.g: Error reading from input stream
12-14 01:54:21.480 W/ErrorProcessor( 2187): 	at com.google.android.apps.gsa.staticplugins.recognizer.j.a.a(SourceFile:28)
12-14 01:54:21.480 W/ErrorProcessor( 2187): 	at com.google.android.apps.gsa.staticplugins.recognizer.j.b.run(SourceFile:15)
12-14 01:54:21.480 W/ErrorProcessor( 2187): 	at java.util.concurrent.Executors$RunnableAdapter.call(Executors.java:457)
12-14 01:54:21.480 W/ErrorProcessor( 2187): 	at java.util.concurrent.FutureTask.run(FutureTask.java:266)
12-14 01:54:21.480 W/ErrorProcessor( 2187): 	at com.google.android.apps.gsa.shared.util.concurrent.a.ax.run(SourceFile:14)
12-14 01:54:21.480 W/ErrorProcessor( 2187): 	at com.google.android.apps.gsa.shared.util.concurrent.a.bl.run(SourceFile:4)
12-14 01:54:21.480 W/ErrorProcessor( 2187): 	at com.google.android.apps.gsa.shared.util.concurrent.a.bl.run(SourceFile:4)
12-14 01:54:21.480 W/ErrorProcessor( 2187): 	at java.util.concurrent.ThreadPoolExecutor.runWorker(ThreadPoolExecutor.java:1162)
12-14 01:54:21.480 W/ErrorProcessor( 2187): 	at java.util.concurrent.ThreadPoolExecutor$Worker.run(ThreadPoolExecutor.java:636)
12-14 01:54:21.480 W/ErrorProcessor( 2187): 	at java.lang.Thread.run(Thread.java:764)
12-14 01:54:21.480 W/ErrorProcessor( 2187): 	at com.google.android.apps.gsa.shared.util.concurrent.a.ai.run(SourceFile:6)
12-14 01:54:21.480 W/ErrorProcessor( 2187): Caused by: com.google.android.apps.gsa.shared.exception.GsaIOException: Error code: 393238 | Buffer overflow, no available space.
12-14 01:54:21.480 W/ErrorProcessor( 2187): 	at com.google.android.apps.gsa.speech.audio.Tee.f(SourceFile:103)
12-14 01:54:21.480 W/ErrorProcessor( 2187): 	at com.google.android.apps.gsa.speech.audio.au.read(SourceFile:2)
12-14 01:54:21.480 W/ErrorProcessor( 2187): 	at java.io.InputStream.read(InputStream.java:101)
12-14 01:54:21.480 W/ErrorProcessor( 2187): 	at com.google.android.apps.gsa.speech.audio.ao.run(SourceFile:18)
12-14 01:54:21.480 W/ErrorProcessor( 2187): 	at com.google.android.apps.gsa.speech.audio.an.run(SourceFile:2)
12-14 01:54:21.480 W/ErrorProcessor( 2187): 	... 9 more
12-14 01:54:21.480 I/AudioController( 2187): internalShutdown
12-14 01:54:21.480 I/MicroRecognitionRunner( 2187): Stopping hotword detection.
12-14 01:54:21.503 I/zygote  ( 2187): Do full code cache collection, code=247KB, data=204KB
12-14 01:54:21.503 I/zygote  ( 2187): After code cache collection, code=236KB, data=159KB
12-14 01:54:21.518 D/        ( 1731): HostConnection::get() New Host Connection established 0xa28e8800, tid 1763
12-14 01:54:21.520 I/MicroDetectionWorker( 2187): onReady
12-14 01:54:21.522 I/MicroDetectionWorker( 2187): onReady
12-14 01:54:21.522 I/MicroDetector( 2187): Keeping mic open: false
12-14 01:54:21.522 I/MicroDetectionWorker( 2187): #onError(false)
12-14 01:54:21.522 I/DeviceStateChecker( 2187): DeviceStateChecker cancelled
12-14 01:54:21.535 D/EGL_emulation( 1731): eglMakeCurrent: 0xa6e84600: ver 3 0 (tinfo 0xa6e83560)
12-14 01:54:21.561 D/EGL_emulation( 1731): eglMakeCurrent: 0xa6e84600: ver 3 0 (tinfo 0xa6e83560)
12-14 01:54:21.564 D/        ( 1731): HostConnection::get() New Host Connection established 0x904a2ac0, tid 1747
12-14 01:54:21.575 D/EGL_emulation( 1731): eglMakeCurrent: 0xa6e84600: ver 3 0 (tinfo 0xa6e83560)
12-14 01:54:21.744 I/chatty  ( 1731): uid=10028(u0_a28) RenderThread identical 15 lines
12-14 01:54:21.766 D/EGL_emulation( 1731): eglMakeCurrent: 0xa6e84600: ver 3 0 (tinfo 0xa6e83560)
12-14 01:54:21.899 W/OpenGLRenderer( 2162): Incorrectly called buildLayer on View: ShortcutAndWidgetContainer, destroying layer...
12-14 01:54:21.938 D/BoundBrokerSvc( 1935): onUnbind: Intent { act=com.google.android.contextmanager.service.ContextManagerService.START cmp=com.google.android.gms/.chimera.PersistentApiService }
12-14 01:54:21.971 D/OpenGLRenderer( 1626): HWUI GL Pipeline
12-14 01:54:21.972 E/SurfaceFlinger( 1410): ro.sf.lcd_density must be defined as a build property
12-14 01:54:22.000 D/        ( 1626): HostConnection::get() New Host Connection established 0x94ffdcc0, tid 3969
12-14 01:54:22.002 I/OpenGLRenderer( 1626): Initialized EGL, version 1.4
12-14 01:54:22.002 D/OpenGLRenderer( 1626): Swap behavior 1
12-14 01:54:22.003 W/OpenGLRenderer( 1626): Failed to choose config with EGL_SWAP_BEHAVIOR_PRESERVED, retrying without...
12-14 01:54:22.003 D/OpenGLRenderer( 1626): Swap behavior 0
12-14 01:54:22.014 D/EGL_emulation( 1626): eglCreateContext: 0xa44fdf80: maj 3 min 0 rcv 3
12-14 01:54:22.017 D/EGL_emulation( 1626): eglMakeCurrent: 0xa44fdf80: ver 3 0 (tinfo 0x94fd8c70)
12-14 01:54:22.017 E/eglCodecCommon( 1626): glUtilsParamSize: unknow param 0x00008cdf
12-14 01:54:22.017 E/eglCodecCommon( 1626): glUtilsParamSize: unknow param 0x00008cdf
12-14 01:54:22.017 E/eglCodecCommon( 1626): glUtilsParamSize: unknow param 0x00008824
12-14 01:54:22.017 E/eglCodecCommon( 1626): glUtilsParamSize: unknow param 0x00008824
12-14 01:54:23.399 W/audio_hw_generic( 1389): Not supplying enough data to HAL, expected position 307751 , only wrote 155520
--------- beginning of system
12-14 01:54:24.823 E/TaskPersister( 1626): File error accessing recents directory (directory doesn't exist?).
12-14 01:54:25.558 D/BoundBrokerSvc( 1935): onUnbind: Intent { act=com.google.android.gms.pseudonymous.service.START cmp=com.google.android.gms/.chimera.PersistentApiService }
12-14 01:54:25.828 W/RemoteFillService( 1626): Not handling { when=-6ms what=3 target=com.android.internal.os.HandlerCaller$MyHandler } as service for ComponentInfo{com.google.android.gms/com.google.android.gms.autofill.service.AutofillService} is already destroyed
12-14 01:54:26.524 I/MicroDetectionWorker( 2187): #updateMicroDetector [detectionMode: [mDetectionMode: [1]]]
12-14 01:54:26.524 I/MicroDetectionWorker( 2187): #startMicroDetector [speakerMode: 0]
12-14 01:54:26.524 I/AudioController( 2187): Using mInputStreamFactoryBuilder
12-14 01:54:26.526 I/MicroDetectionWorker( 2187): onReady
12-14 01:54:26.530 I/MicroRecognitionRunner( 2187): Starting detection.
12-14 01:54:26.530 I/MicrophoneInputStream( 2187): mic_starting com.google.android.apps.gsa.staticplugins.aa.c@b47481f
12-14 01:54:26.533 I/AudioFlinger( 1475): AudioFlinger's thread 0xa5b03880 tid=3973 ready to run
12-14 01:54:26.538 I/MicrophoneInputStream( 2187): mic_started com.google.android.apps.gsa.staticplugins.aa.c@b47481f
12-14 01:54:26.538 E/ActivityThread( 2187): Failed to find provider info for com.google.android.apps.gsa.testing.ui.audio.recorded
12-14 01:54:26.539 I/MicroDetectionWorker( 2187): onReady
12-14 01:54:26.545 I/MicrophoneInputStream( 2187): mic_close com.google.android.apps.gsa.staticplugins.aa.c@b47481f
12-14 01:54:26.546 I/MicroRecognitionRunner( 2187): Detection finished
12-14 01:54:26.546 W/ErrorReporter( 2187): reportError [type: 211, code: 524300]: Error reading from input stream
12-14 01:54:26.546 W/ErrorProcessor( 2187): onFatalError, processing error from engine(4)
12-14 01:54:26.546 W/ErrorProcessor( 2187): com.google.android.apps.gsa.shared.speech.b.g: Error reading from input stream
12-14 01:54:26.546 W/ErrorProcessor( 2187): 	at com.google.android.apps.gsa.staticplugins.recognizer.j.a.a(SourceFile:28)
12-14 01:54:26.546 W/ErrorProcessor( 2187): 	at com.google.android.apps.gsa.staticplugins.recognizer.j.b.run(SourceFile:15)
12-14 01:54:26.546 W/ErrorProcessor( 2187): 	at java.util.concurrent.Executors$RunnableAdapter.call(Executors.java:457)
12-14 01:54:26.546 W/ErrorProcessor( 2187): 	at java.util.concurrent.FutureTask.run(FutureTask.java:266)
12-14 01:54:26.546 W/ErrorProcessor( 2187): 	at com.google.android.apps.gsa.shared.util.concurrent.a.ax.run(SourceFile:14)
12-14 01:54:26.546 W/ErrorProcessor( 2187): 	at com.google.android.apps.gsa.shared.util.concurrent.a.bl.run(SourceFile:4)
12-14 01:54:26.546 W/ErrorProcessor( 2187): 	at com.google.android.apps.gsa.shared.util.concurrent.a.bl.run(SourceFile:4)
12-14 01:54:26.546 W/ErrorProcessor( 2187): 	at java.util.concurrent.ThreadPoolExecutor.runWorker(ThreadPoolExecutor.java:1162)
12-14 01:54:26.546 W/ErrorProcessor( 2187): 	at java.util.concurrent.ThreadPoolExecutor$Worker.run(ThreadPoolExecutor.java:636)
12-14 01:54:26.546 W/ErrorProcessor( 2187): 	at java.lang.Thread.run(Thread.java:764)
12-14 01:54:26.546 W/ErrorProcessor( 2187): 	at com.google.android.apps.gsa.shared.util.concurrent.a.ai.run(SourceFile:6)
12-14 01:54:26.546 W/ErrorProcessor( 2187): Caused by: com.google.android.apps.gsa.shared.exception.GsaIOException: Error code: 393238 | Buffer overflow, no available space.
12-14 01:54:26.546 W/ErrorProcessor( 2187): 	at com.google.android.apps.gsa.speech.audio.Tee.f(SourceFile:103)
12-14 01:54:26.546 W/ErrorProcessor( 2187): 	at com.google.android.apps.gsa.speech.audio.au.read(SourceFile:2)
12-14 01:54:26.546 W/ErrorProcessor( 2187): 	at java.io.InputStream.read(InputStream.java:101)
12-14 01:54:26.546 W/ErrorProcessor( 2187): 	at com.google.android.apps.gsa.speech.audio.ao.run(SourceFile:18)
12-14 01:54:26.546 W/ErrorProcessor( 2187): 	at com.google.android.apps.gsa.speech.audio.an.run(SourceFile:2)
12-14 01:54:26.546 W/ErrorProcessor( 2187): 	... 9 more
12-14 01:54:26.546 I/MicroRecognitionRunner( 2187): Stopping hotword detection.
12-14 01:54:26.546 I/AudioController( 2187): internalShutdown
12-14 01:54:26.547 I/MicroDetector( 2187): Keeping mic open: false
12-14 01:54:26.547 I/MicroDetectionWorker( 2187): #onError(false)
12-14 01:54:26.547 I/DeviceStateChecker( 2187): DeviceStateChecker cancelled
12-14 01:54:26.836 I/qemu-props( 1406): start adbd ...
12-14 01:54:26.873 I/ActivityManager( 1626): Killing 2522:com.android.providers.calendar/u0a4 (adj 906): empty #17
12-14 01:54:26.891 D/hwcomposer( 1396): hw_composer sent 49 syncs in 60s
12-14 01:54:27.249 D/AndroidRuntime( 3977): >>>>>> START com.android.internal.os.RuntimeInit uid 2000 <<<<<<
12-14 01:54:27.281 W/app_process( 3977): Unexpected CPU variant for X86 using defaults: x86
12-14 01:54:27.298 D/AndroidRuntime( 3977): Calling main entry com.android.commands.am.Am
12-14 01:54:27.303 I/ActivityManager( 1626): Force stopping com.evancharlton.mileage appid=10314 user=0: start instr
12-14 01:54:27.303 I/ActivityManager( 1626): Killing 3903:com.evancharlton.mileage/u0a314 (adj 0): stop com.evancharlton.mileage
12-14 01:54:27.307 W/ActivityManager( 1626): Crash of app com.evancharlton.mileage running instrumentation ComponentInfo{com.evancharlton.mileage.test/sh.calaba.instrumentationbackend.CalabashInstrumentationTestRunner}
12-14 01:54:27.307 I/ActivityManager( 1626): Force stopping com.evancharlton.mileage appid=10314 user=0: finished inst
12-14 01:54:27.311 I/zygote  ( 3987): Not late-enabling -Xcheck:jni (already on)
12-14 01:54:27.319 I/ActivityManager( 1626): Start proc 3987:com.evancharlton.mileage/u0a314 for added application com.evancharlton.mileage
12-14 01:54:27.320 D/AndroidRuntime( 3977): Shutting down VM
12-14 01:54:27.321 W/ActivityManager( 1626): setHasOverlayUi called on unknown pid: 3903
12-14 01:54:27.321 E/memtrack( 1626): Couldn't load memtrack module
12-14 01:54:27.321 W/android.os.Debug( 1626): failed to get memory consumption info: -1
12-14 01:54:27.321 W/zygote  ( 3987): Unexpected CPU variant for X86 using defaults: x86
12-14 01:54:27.355 E/adbd    ( 1382): failed to connect to socket 'tcp:7102': Connection refused
12-14 01:54:27.358 E/adbd    ( 1382): failed to connect to socket 'tcp:7102': Connection refused
12-14 01:54:27.360 W/zygote  ( 3987): Found duplicate classes, falling back to extracting from APK : /data/app/com.evancharlton.mileage.test-EjWBqsC6eSfAI5A9HeJi6A==/base.apk
12-14 01:54:27.360 W/zygote  ( 3987): NOTE: This wastes RAM and hurts startup performance.
12-14 01:54:27.360 W/zygote  ( 3987): Found duplicated class when checking oat files: 'Ljunit/runner/BaseTestRunner;' in /data/app/com.evancharlton.mileage.test-EjWBqsC6eSfAI5A9HeJi6A==/base.apk and /system/framework/android.test.runner.jar
12-14 01:54:27.360 W/zygote  ( 3987): 
12-14 01:54:27.387 W/System  ( 3987): ClassLoader referenced unknown path: 
12-14 01:54:27.399 I/System.out( 3987): Main activity name automatically set to: com.evancharlton.mileage.Mileage
12-14 01:54:27.400 I/System.out( 3987): Calabash did not load Mono. This is only a problem if you are trying to test a Mono application
12-14 01:54:27.400 I/calabash( 3987): Test server port: 7102
12-14 01:54:27.403 I/InstrumentationBackend( 3987): Added:'GetPreferences', with key:'get_preferences'
12-14 01:54:27.462 E/adbd    ( 1382): failed to connect to socket 'tcp:7102': Connection refused
12-14 01:54:27.464 E/adbd    ( 1382): failed to connect to socket 'tcp:7102': Connection refused
12-14 01:54:27.466 I/InstrumentationBackend( 3987): Added:'SetPreferences', with key:'set_preferences'
12-14 01:54:27.466 I/InstrumentationBackend( 3987): Added:'ClearPreferences', with key:'clear_preferences'
12-14 01:54:27.466 I/InstrumentationBackend( 3987): Added:'PressElement', with key:'press_l10n_element'
12-14 01:54:27.467 I/InstrumentationBackend( 3987): Added:'WaitForElement', with key:'wait_for_l10n_element'
12-14 01:54:27.467 I/InstrumentationBackend( 3987): Added:'NullAction', with key:'nullAction'
12-14 01:54:27.468 I/InstrumentationBackend( 3987): Added:'PressKey', with key:'press_key'
12-14 01:54:27.468 I/InstrumentationBackend( 3987): Added:'SetActivityOrientation', with key:'set_activity_orientation'
12-14 01:54:27.468 I/InstrumentationBackend( 3987): Added:'GetActivityOrientation', with key:'get_activity_orientation'
12-14 01:54:27.469 I/InstrumentationBackend( 3987): Added:'FakeGPSLocation', with key:'set_gps_coordinates'
12-14 01:54:27.470 I/InstrumentationBackend( 3987): Added:'SetPropertyByCssSelector', with key:'set_property_by_css_selector'
12-14 01:54:27.471 I/InstrumentationBackend( 3987): Added:'GetUrl', with key:'get_url'
12-14 01:54:27.473 I/InstrumentationBackend( 3987): Added:'ScrollTo', with key:'scroll_to'
12-14 01:54:27.473 I/InstrumentationBackend( 3987): Added:'GetLoadProgress', with key:'get_load_progress'
12-14 01:54:27.474 I/InstrumentationBackend( 3987): Added:'DumpHtml', with key:'dump_html'
12-14 01:54:27.474 I/InstrumentationBackend( 3987): Added:'DumpBodyHtml', with key:'dump_body_html'
12-14 01:54:27.474 I/InstrumentationBackend( 3987): Added:'EnterTextByCssSelector', with key:'enter_text_by_selector'
12-14 01:54:27.478 I/InstrumentationBackend( 3987): Added:'AndroidSDKVersion', with key:'android_sdk_version'
12-14 01:54:27.478 I/InstrumentationBackend( 3987): Added:'Version', with key:'version'
12-14 01:54:27.478 I/InstrumentationBackend( 3987): Added:'Drag', with key:'drag'
12-14 01:54:27.479 I/InstrumentationBackend( 3987): Added:'TouchCoordinates', with key:'touch_coordinate'
12-14 01:54:27.479 I/InstrumentationBackend( 3987): Added:'LongPressCoordinate', with key:'long_press_coordinate'
12-14 01:54:27.479 I/InstrumentationBackend( 3987): Added:'DragCoordinates', with key:'drag_coordinates'
12-14 01:54:27.479 I/InstrumentationBackend( 3987): Added:'ResumeApplication', with key:'resume_application'
12-14 01:54:27.480 I/InstrumentationBackend( 3987): Added:'Swipe', with key:'swipe'
12-14 01:54:27.480 I/InstrumentationBackend( 3987): Added:'DoubleTapCoordinate', with key:'double_tap_coordinate'
12-14 01:54:27.480 I/InstrumentationBackend( 3987): Added:'ClickOnScreen', with key:'click_on_screen'
12-14 01:54:27.481 I/InstrumentationBackend( 3987): Added:'GetActivityName', with key:'get_activity_name'
12-14 01:54:27.481 I/InstrumentationBackend( 3987): Added:'ScrollToView', with key:'scroll_to_view'
12-14 01:54:27.482 I/InstrumentationBackend( 3987): Added:'ViewConfiguration', with key:'view_configuration'
12-14 01:54:27.482 I/InstrumentationBackend( 3987): Added:'IsCurrentActivityFocused', with key:'is_current_activity_focused'
12-14 01:54:27.482 I/InstrumentationBackend( 3987): Added:'SendTcp', with key:'send_tcp'
12-14 01:54:27.483 I/InstrumentationBackend( 3987): Added:'DpToDevicePixel', with key:'dp_to_device_pixel'
12-14 01:54:27.484 I/InstrumentationBackend( 3987): Added:'KeyboardEnterText', with key:'keyboard_enter_text'
12-14 01:54:27.484 I/InstrumentationBackend( 3987): Added:'DeleteSurroundingText', with key:'delete_surrounding_text'
12-14 01:54:27.485 I/InstrumentationBackend( 3987): Added:'SetComposingRegion', with key:'set_composing_region'
12-14 01:54:27.486 I/InstrumentationBackend( 3987): Added:'SetSelection', with key:'set_selection'
12-14 01:54:27.486 I/InstrumentationBackend( 3987): Added:'KeyboardKeyEvent', with key:'keyboard_key_event'
12-14 01:54:27.487 I/InstrumentationBackend( 3987): Added:'PressUserActionButton', with key:'press_user_action_button'
12-14 01:54:27.487 I/InstrumentationBackend( 3987): Added:'HideSoftKeyboard', with key:'hide_soft_keyboard'
12-14 01:54:27.489 I/InstrumentationBackend( 3987): Added:'ListActions', with key:'list_actions'
12-14 01:54:27.489 I/calabash( 3987): Instantiating http server at 7102
12-14 01:54:27.489 I/System.out( 3987): HTTP Daemon listening on: 7102
12-14 01:54:27.587 I/System.out( 3987): URI: //ping
12-14 01:54:27.588 I/System.out( 3987): params: {json={}
12-14 01:54:27.588 I/System.out( 3987): }
12-14 01:54:27.599 I/System.out( 3987): URI: //ping
12-14 01:54:27.599 I/System.out( 3987): params: {json={}
12-14 01:54:27.599 I/System.out( 3987): }
12-14 01:54:27.607 I/System.out( 3987): URI: //ready
12-14 01:54:27.607 I/System.out( 3987): params: {json={}
12-14 01:54:27.607 I/System.out( 3987): }
12-14 01:54:27.614 I/System.out( 3987): URI: //
12-14 01:54:27.614 I/System.out( 3987): params: {json={"command":"version","arguments":[]}
12-14 01:54:27.614 I/System.out( 3987): }
12-14 01:54:27.615 I/System.out( 3987): header: {content-type=application/json;charset=utf-8, date=Mon, 14 Dec 2020 06:54:27 GMT, accept=*/*, host=127.0.0.1:34777, content-length=36, user-agent=HTTPClient/1.0 (2.8.3, ruby 2.5.8 (2020-03-31))}
12-14 01:54:27.615 I/System.out( 3987): params: {json={"command":"version","arguments":[]}
12-14 01:54:27.615 I/System.out( 3987): }
12-14 01:54:27.615 I/System.out( 3987): ProP json = {"command":"version","arguments":[]}
12-14 01:54:27.615 I/System.out( 3987): files: {}
12-14 01:54:27.615 I/System.out( 3987): command: {"command":"version","arguments":[]}
12-14 01:54:27.644 I/InstrumentationBackend( 3987): Got command:'Command:'Line:null,version', arguments:'[]'
12-14 01:54:27.677 I/System.out( 3987): result:{"bonusInformation":[],"message":"0.9.8","success":true}
12-14 01:54:27.685 I/System.out( 3987): URI: //start-application
12-14 01:54:27.685 I/System.out( 3987): params: {json={"intent":null}
12-14 01:54:27.686 I/System.out( 3987): }
12-14 01:54:27.723 I/ActivityManager( 1626): START u0 {act=android.intent.action.MAIN cat=[android.intent.category.LAUNCHER] flg=0x10200000 cmp=com.evancharlton.mileage/.Mileage} from uid 10314
12-14 01:54:27.735 I/calabash( 3987): newActivity1
12-14 01:54:27.757 W/ActivityManager( 1626): Bad activity token: android.os.BinderProxy@4244477
12-14 01:54:27.757 W/ActivityManager( 1626): java.lang.ClassCastException: android.os.BinderProxy cannot be cast to com.android.server.am.ActivityRecord$Token
12-14 01:54:27.757 W/ActivityManager( 1626): 	at com.android.server.am.ActivityRecord.forTokenLocked(ActivityRecord.java:778)
12-14 01:54:27.757 W/ActivityManager( 1626): 	at com.android.server.am.ActivityRecord.isInStackLocked(ActivityRecord.java:2085)
12-14 01:54:27.757 W/ActivityManager( 1626): 	at com.android.server.am.ActivityRecord.getStackLocked(ActivityRecord.java:2090)
12-14 01:54:27.757 W/ActivityManager( 1626): 	at com.android.server.am.ActivityManagerService.getActivityDisplayId(ActivityManagerService.java:10406)
12-14 01:54:27.757 W/ActivityManager( 1626): 	at android.app.IActivityManager$Stub.onTransact(IActivityManager.java:2738)
12-14 01:54:27.757 W/ActivityManager( 1626): 	at com.android.server.am.ActivityManagerService.onTransact(ActivityManagerService.java:2935)
12-14 01:54:27.757 W/ActivityManager( 1626): 	at android.os.Binder.execTransact(Binder.java:674)
12-14 01:54:27.758 I/calabash( 3987): newActivity1
12-14 01:54:27.760 D/gralloc_ranchu( 1395): gralloc_alloc: Creating ashmem region of size 7753728
12-14 01:54:27.774 W/ActivityManager( 1626): Bad activity token: android.os.BinderProxy@4244477
12-14 01:54:27.774 W/ActivityManager( 1626): java.lang.ClassCastException: android.os.BinderProxy cannot be cast to com.android.server.am.ActivityRecord$Token
12-14 01:54:27.774 W/ActivityManager( 1626): 	at com.android.server.am.ActivityRecord.forTokenLocked(ActivityRecord.java:778)
12-14 01:54:27.774 W/ActivityManager( 1626): 	at com.android.server.am.ActivityRecord.isInStackLocked(ActivityRecord.java:2085)
12-14 01:54:27.774 W/ActivityManager( 1626): 	at com.android.server.am.ActivityManagerService.setTaskDescription(ActivityManagerService.java:9988)
12-14 01:54:27.774 W/ActivityManager( 1626): 	at android.app.IActivityManager$Stub.onTransact(IActivityManager.java:2824)
12-14 01:54:27.774 W/ActivityManager( 1626): 	at com.android.server.am.ActivityManagerService.onTransact(ActivityManagerService.java:2935)
12-14 01:54:27.774 W/ActivityManager( 1626): 	at android.os.Binder.execTransact(Binder.java:674)
12-14 01:54:27.776 W/ActivityManager( 1626): Bad activity token: android.os.BinderProxy@4244477
12-14 01:54:27.776 W/ActivityManager( 1626): java.lang.ClassCastException: android.os.BinderProxy cannot be cast to com.android.server.am.ActivityRecord$Token
12-14 01:54:27.776 W/ActivityManager( 1626): 	at com.android.server.am.ActivityRecord.forTokenLocked(ActivityRecord.java:778)
12-14 01:54:27.776 W/ActivityManager( 1626): 	at com.android.server.am.ActivityRecord.isInStackLocked(ActivityRecord.java:2085)
12-14 01:54:27.776 W/ActivityManager( 1626): 	at com.android.server.am.ActivityRecord.getStackLocked(ActivityRecord.java:2090)
12-14 01:54:27.776 W/ActivityManager( 1626): 	at com.android.server.am.ActivityManagerService.getActivityStackId(ActivityManagerService.java:10417)
12-14 01:54:27.776 W/ActivityManager( 1626): 	at android.app.IActivityManager$Stub.onTransact(IActivityManager.java:3548)
12-14 01:54:27.776 W/ActivityManager( 1626): 	at com.android.server.am.ActivityManagerService.onTransact(ActivityManagerService.java:2935)
12-14 01:54:27.776 W/ActivityManager( 1626): 	at android.os.Binder.execTransact(Binder.java:674)
12-14 01:54:27.841 E/ContentStoreEUAS( 2187): Failed to commit the deferred actions
12-14 01:54:27.870 D/EGL_emulation( 2187): eglMakeCurrent: 0xa6e84900: ver 3 0 (tinfo 0xa6e836f0)
12-14 01:54:27.872 D/EGL_emulation( 2162): eglMakeCurrent: 0xa487cc60: ver 3 0 (tinfo 0xa487f880)
12-14 01:54:27.890 D/EGL_emulation( 1731): eglMakeCurrent: 0xa6e84600: ver 3 0 (tinfo 0xa6e83560)
12-14 01:54:27.895 I/chatty  ( 1731): uid=10028(u0_a28) RenderThread identical 1 line
12-14 01:54:27.901 D/EGL_emulation( 1731): eglMakeCurrent: 0xa6e84600: ver 3 0 (tinfo 0xa6e83560)
12-14 01:54:27.902 W/ActivityManager( 1626): Bad activity token: android.os.BinderProxy@4244477
12-14 01:54:27.902 W/ActivityManager( 1626): java.lang.ClassCastException: android.os.BinderProxy cannot be cast to com.android.server.am.ActivityRecord$Token
12-14 01:54:27.902 W/ActivityManager( 1626): 	at com.android.server.am.ActivityRecord.forTokenLocked(ActivityRecord.java:778)
12-14 01:54:27.902 W/ActivityManager( 1626): 	at com.android.server.am.ActivityRecord.isInStackLocked(ActivityRecord.java:2085)
12-14 01:54:27.902 W/ActivityManager( 1626): 	at com.android.server.am.ActivityManagerService.getActivityOptions(ActivityManagerService.java:13302)
12-14 01:54:27.902 W/ActivityManager( 1626): 	at android.app.IActivityManager$Stub.onTransact(IActivityManager.java:2910)
12-14 01:54:27.902 W/ActivityManager( 1626): 	at com.android.server.am.ActivityManagerService.onTransact(ActivityManagerService.java:2935)
12-14 01:54:27.902 W/ActivityManager( 1626): 	at android.os.Binder.execTransact(Binder.java:674)
12-14 01:54:27.903 V/StatusBar( 1731): setLightsOn(true)
12-14 01:54:27.903 W/ActivityManager( 1626): Bad activity token: android.os.BinderProxy@4244477
12-14 01:54:27.903 W/ActivityManager( 1626): java.lang.ClassCastException: android.os.BinderProxy cannot be cast to com.android.server.am.ActivityRecord$Token
12-14 01:54:27.903 W/ActivityManager( 1626): 	at com.android.server.am.ActivityRecord.forTokenLocked(ActivityRecord.java:778)
12-14 01:54:27.903 W/ActivityManager( 1626): 	at com.android.server.am.ActivityRecord.isInStackLocked(ActivityRecord.java:2085)
12-14 01:54:27.903 W/ActivityManager( 1626): 	at com.android.server.am.ActivityManagerService.getActivityOptions(ActivityManagerService.java:13302)
12-14 01:54:27.903 W/ActivityManager( 1626): 	at android.app.IActivityManager$Stub.onTransact(IActivityManager.java:2910)
12-14 01:54:27.903 W/ActivityManager( 1626): 	at com.android.server.am.ActivityManagerService.onTransact(ActivityManagerService.java:2935)
12-14 01:54:27.903 W/ActivityManager( 1626): 	at android.os.Binder.execTransact(Binder.java:674)
12-14 01:54:27.920 D/EGL_emulation( 1731): eglMakeCurrent: 0xa6e84600: ver 3 0 (tinfo 0xa6e83560)
12-14 01:54:27.997 I/chatty  ( 1731): uid=10028(u0_a28) RenderThread identical 10 lines
12-14 01:54:28.024 D/EGL_emulation( 1731): eglMakeCurrent: 0xa6e84600: ver 3 0 (tinfo 0xa6e83560)
12-14 01:54:28.030 V/StatusBar( 1731): setLightsOn(true)
12-14 01:54:28.033 D/EGL_emulation( 1731): eglMakeCurrent: 0xa6e84600: ver 3 0 (tinfo 0xa6e83560)
12-14 01:54:28.050 I/chatty  ( 1731): uid=10028(u0_a28) RenderThread identical 2 lines
12-14 01:54:28.055 D/EGL_emulation( 1731): eglMakeCurrent: 0xa6e84600: ver 3 0 (tinfo 0xa6e83560)
12-14 01:54:28.058 V/StatusBar( 1731): setLightsOn(true)
12-14 01:54:28.066 D/EGL_emulation( 1731): eglMakeCurrent: 0xa6e84600: ver 3 0 (tinfo 0xa6e83560)
12-14 01:54:28.073 I/zygote  ( 3987): Do partial code cache collection, code=28KB, data=30KB
12-14 01:54:28.073 D/EGL_emulation( 1731): eglMakeCurrent: 0xa6e84600: ver 3 0 (tinfo 0xa6e83560)
12-14 01:54:28.076 I/zygote  ( 3987): After code cache collection, code=28KB, data=30KB
12-14 01:54:28.077 I/zygote  ( 3987): Increasing code cache capacity to 128KB
12-14 01:54:28.081 I/zygote  ( 3987): Do partial code cache collection, code=28KB, data=48KB
12-14 01:54:28.082 I/zygote  ( 3987): After code cache collection, code=28KB, data=48KB
12-14 01:54:28.082 I/zygote  ( 3987): Increasing code cache capacity to 256KB
12-14 01:54:28.083 I/zygote  ( 3987): JIT allocated 71KB for compiled code of void android.widget.TextView.<init>(android.content.Context, android.util.AttributeSet, int, int)
12-14 01:54:28.083 D/EGL_emulation( 1731): eglMakeCurrent: 0xa6e84600: ver 3 0 (tinfo 0xa6e83560)
12-14 01:54:28.084 I/zygote  ( 3987): Compiler allocated 4MB to compile void android.widget.TextView.<init>(android.content.Context, android.util.AttributeSet, int, int)
12-14 01:54:28.098 I/ActivityManager( 1626): Start proc 4022:com.android.providers.calendar/u0a4 for content provider com.android.providers.calendar/.CalendarProvider2
12-14 01:54:28.099 W/zygote  ( 4022): Unexpected CPU variant for X86 using defaults: x86
12-14 01:54:28.100 D/gralloc_ranchu( 1395): gralloc_alloc: Creating ashmem region of size 7753728
12-14 01:54:28.121 I/ActivityManager( 1626): Killing 3410:com.android.externalstorage/u0a8 (adj 906): empty #17
12-14 01:54:28.125 D/        ( 3987): HostConnection::get() New Host Connection established 0xa452fc00, tid 3987
12-14 01:54:28.136 V/StatusBar( 1731): setLightsOn(true)
12-14 01:54:28.173 I/CalendarProvider2( 4022): Created com.android.providers.calendar.CalendarAlarmManager@ea91862(com.android.providers.calendar.CalendarProvider2@1396df3)
12-14 01:54:28.183 V/StatusBar( 1731): setLightsOn(true)
12-14 01:54:28.189 V/StatusBar( 1731): setLightsOn(true)
12-14 01:54:28.191 I/ActivityManager( 1626): Displayed com.evancharlton.mileage/.Mileage: +456ms
12-14 01:54:28.201 V/StatusBar( 1731): setLightsOn(true)
12-14 01:54:28.206 I/ActivityManager( 1626): Killing 3485:com.android.mtp/u0a9 (adj 906): empty #17
12-14 01:54:28.227 D/gralloc_ranchu( 1395): gralloc_alloc: Creating ashmem region of size 7753728
12-14 01:54:28.232 V/StatusBar( 1731): setLightsOn(true)
12-14 01:54:28.347 I/chatty  ( 1731): uid=10028(u0_a28) com.android.systemui identical 2 lines
12-14 01:54:28.378 V/StatusBar( 1731): setLightsOn(true)
12-14 01:54:28.406 I/System.out( 3987): URI: //map
12-14 01:54:28.406 I/System.out( 3987): params: {json={"query":"android.widget.CheckBox index:0","operation":{"method_name":"query","arguments":[]}}
12-14 01:54:28.406 I/System.out( 3987): }
12-14 01:54:28.410 V/StatusBar( 1731): setLightsOn(true)
12-14 01:54:28.500 I/zygote  ( 3987): Do full code cache collection, code=124KB, data=74KB
12-14 01:54:28.501 I/zygote  ( 3987): After code cache collection, code=111KB, data=47KB
12-14 01:54:28.574 I/System.out( 3987): URI: //gesture
12-14 01:54:28.574 I/System.out( 3987): params: {json={"query_timeout":5.0,"gestures":[{"query_string":"android.widget.CheckBox index:0","touches":[{"x":50,"y":50,"offset_x":0,"offset_y":0,"wait":0.0,"time":0.2,"release":true,"query_string":null}]}]}
12-14 01:54:28.574 I/System.out( 3987): }
12-14 01:54:28.594 V/StatusBar( 1731): setLightsOn(true)
12-14 01:54:28.595 I/chatty  ( 1731): uid=10028(u0_a28) com.android.systemui identical 1 line
12-14 01:54:28.614 V/StatusBar( 1731): setLightsOn(true)
12-14 01:54:28.626 W/SurfaceFlinger( 1410): couldn't log to binary event log: overflow.
12-14 01:54:28.703 I/PBSessionCacheImpl( 2187): Deleted sessionId[7712660683046] from persistence.
12-14 01:54:28.722 W/SearchService( 2187): Abort, client detached.
12-14 01:54:28.730 I/zygote  ( 3987): Do partial code cache collection, code=123KB, data=57KB
12-14 01:54:28.730 I/zygote  ( 3987): After code cache collection, code=123KB, data=57KB
12-14 01:54:28.730 I/zygote  ( 3987): Increasing code cache capacity to 512KB
12-14 01:54:28.759 I/ContentMaintenance( 2246): Internal cache bytes used: 0; limit: 100000000; download size: 0
12-14 01:54:28.765 I/RealtimeCacheCleanup( 2246): Beginning Realtime garbage collection.
12-14 01:54:28.765 I/RealtimeCacheCleanup( 2246): Finished Realtime garbage collection.
12-14 01:54:28.840 W/audio_hw_generic( 1389): Not supplying enough data to HAL, expected position 155724 , only wrote 155520
12-14 01:54:29.041 E/SurfaceFlinger( 1410): ro.sf.lcd_density must be defined as a build property
12-14 01:54:29.048 D/gralloc_ranchu( 1395): gralloc_alloc: Creating ashmem region of size 8298496
12-14 01:54:29.057 D/        ( 4045): HostConnection::get() New Host Connection established 0xb00af800, tid 4045
12-14 01:54:29.077 D/BoundBrokerSvc( 1935): onUnbind: Intent { act=com.google.android.gms.phenotype.service.START cmp=com.google.android.gms/.chimera.PersistentApiService }
12-14 01:54:29.242 D/gralloc_ranchu( 1395): gralloc_alloc: Creating ashmem region of size 7753728
12-14 01:54:29.257 E/BatteryStatsService( 1626): modem info is invalid: ModemActivityInfo{ mTimestamp=0 mSleepTimeMs=0 mIdleTimeMs=0 mTxTimeMs[]=[0, 0, 0, 0, 0] mRxTimeMs=0 mEnergyUsed=0}
12-14 01:54:29.377 I/System.out( 3987): URI: //map
12-14 01:54:29.378 I/System.out( 3987): params: {json={"query":"android.widget.CheckBox index:0","operation":{"method_name":"query","arguments":[]}}
12-14 01:54:29.378 I/System.out( 3987): }
12-14 01:54:29.523 I/System.out( 3987): URI: //gesture
12-14 01:54:29.523 I/System.out( 3987): params: {json={"query_timeout":5.0,"gestures":[{"query_string":"android.widget.CheckBox index:0","touches":[{"x":50,"y":50,"offset_x":0,"offset_y":0,"wait":0.0,"time":0.2,"release":true,"query_string":null}]}]}
12-14 01:54:29.523 I/System.out( 3987): }
12-14 01:54:29.996 E/SurfaceFlinger( 1410): ro.sf.lcd_density must be defined as a build property
12-14 01:54:30.004 D/gralloc_ranchu( 1395): gralloc_alloc: Creating ashmem region of size 8298496
12-14 01:54:30.013 D/        ( 4054): HostConnection::get() New Host Connection established 0xb5a2f800, tid 4054
12-14 01:54:30.122 D/BoundBrokerSvc( 1935): onUnbind: Intent { act=com.google.android.gms.tapandpay.service.BIND cmp=com.google.android.gms/.chimera.PersistentApiService }
12-14 01:54:30.413 D/BoundBrokerSvc( 2246): onUnbind: Intent { act=com.google.android.gms.pay.service.BIND cmp=com.google.android.gms/.chimera.GmsApiService }
