--------- beginning of main
12-14 02:33:31.402 E/adbd    ( 1383): failed to connect to socket 'tcp:7102': Connection refused
12-14 02:33:31.716 D/AndroidRuntime( 3978): >>>>>> START com.android.internal.os.RuntimeInit uid 2000 <<<<<<
12-14 02:33:31.751 W/app_process( 3978): Unexpected CPU variant for X86 using defaults: x86
12-14 02:33:31.770 D/AndroidRuntime( 3978): Calling main entry com.android.commands.am.Am
--------- beginning of system
12-14 02:33:31.772 I/ActivityManager( 1626): Force stopping com.evancharlton.mileage appid=10356 user=0: start instr
12-14 02:33:31.776 I/zygote  ( 3988): Not late-enabling -Xcheck:jni (already on)
12-14 02:33:31.782 W/zygote  ( 3988): Unexpected CPU variant for X86 using defaults: x86
12-14 02:33:31.783 I/ActivityManager( 1626): Start proc 3988:com.evancharlton.mileage/u0a356 for added application com.evancharlton.mileage
12-14 02:33:31.784 D/AndroidRuntime( 3978): Shutting down VM
12-14 02:33:31.813 E/adbd    ( 1383): failed to connect to socket 'tcp:7102': Connection refused
12-14 02:33:31.818 E/adbd    ( 1383): failed to connect to socket 'tcp:7102': Connection refused
12-14 02:33:31.822 W/zygote  ( 3988): Found duplicate classes, falling back to extracting from APK : /data/app/com.evancharlton.mileage.test-bJOI2BHCc8Km2a6NUH6o3g==/base.apk
12-14 02:33:31.822 W/zygote  ( 3988): NOTE: This wastes RAM and hurts startup performance.
12-14 02:33:31.822 W/zygote  ( 3988): Found duplicated class when checking oat files: 'Ljunit/runner/BaseTestRunner;' in /data/app/com.evancharlton.mileage.test-bJOI2BHCc8Km2a6NUH6o3g==/base.apk and /system/framework/android.test.runner.jar
12-14 02:33:31.822 W/zygote  ( 3988): 
12-14 02:33:31.854 W/System  ( 3988): ClassLoader referenced unknown path: 
12-14 02:33:31.866 I/System.out( 3988): Main activity name automatically set to: com.evancharlton.mileage.Mileage
12-14 02:33:31.867 I/System.out( 3988): Calabash did not load Mono. This is only a problem if you are trying to test a Mono application
12-14 02:33:31.867 I/calabash( 3988): Test server port: 7102
12-14 02:33:31.868 I/InstrumentationBackend( 3988): Added:'GetPreferences', with key:'get_preferences'
12-14 02:33:31.929 I/InstrumentationBackend( 3988): Added:'SetPreferences', with key:'set_preferences'
12-14 02:33:31.929 I/InstrumentationBackend( 3988): Added:'ClearPreferences', with key:'clear_preferences'
12-14 02:33:31.929 I/InstrumentationBackend( 3988): Added:'PressElement', with key:'press_l10n_element'
12-14 02:33:31.929 I/InstrumentationBackend( 3988): Added:'WaitForElement', with key:'wait_for_l10n_element'
12-14 02:33:31.930 I/InstrumentationBackend( 3988): Added:'NullAction', with key:'nullAction'
12-14 02:33:31.930 I/InstrumentationBackend( 3988): Added:'PressKey', with key:'press_key'
12-14 02:33:31.931 I/InstrumentationBackend( 3988): Added:'SetActivityOrientation', with key:'set_activity_orientation'
12-14 02:33:31.931 I/InstrumentationBackend( 3988): Added:'GetActivityOrientation', with key:'get_activity_orientation'
12-14 02:33:31.932 I/InstrumentationBackend( 3988): Added:'FakeGPSLocation', with key:'set_gps_coordinates'
12-14 02:33:31.932 I/InstrumentationBackend( 3988): Added:'SetPropertyByCssSelector', with key:'set_property_by_css_selector'
12-14 02:33:31.933 I/InstrumentationBackend( 3988): Added:'GetUrl', with key:'get_url'
12-14 02:33:31.937 I/InstrumentationBackend( 3988): Added:'ScrollTo', with key:'scroll_to'
12-14 02:33:31.938 I/InstrumentationBackend( 3988): Added:'GetLoadProgress', with key:'get_load_progress'
12-14 02:33:31.938 E/adbd    ( 1383): failed to connect to socket 'tcp:7102': Connection refused
12-14 02:33:31.939 I/InstrumentationBackend( 3988): Added:'DumpHtml', with key:'dump_html'
12-14 02:33:31.940 I/InstrumentationBackend( 3988): Added:'DumpBodyHtml', with key:'dump_body_html'
12-14 02:33:31.940 I/InstrumentationBackend( 3988): Added:'EnterTextByCssSelector', with key:'enter_text_by_selector'
12-14 02:33:31.941 E/adbd    ( 1383): failed to connect to socket 'tcp:7102': Connection refused
12-14 02:33:31.945 I/InstrumentationBackend( 3988): Added:'AndroidSDKVersion', with key:'android_sdk_version'
12-14 02:33:31.945 I/InstrumentationBackend( 3988): Added:'Version', with key:'version'
12-14 02:33:31.946 I/InstrumentationBackend( 3988): Added:'Drag', with key:'drag'
12-14 02:33:31.946 I/InstrumentationBackend( 3988): Added:'TouchCoordinates', with key:'touch_coordinate'
12-14 02:33:31.946 I/InstrumentationBackend( 3988): Added:'LongPressCoordinate', with key:'long_press_coordinate'
12-14 02:33:31.946 I/InstrumentationBackend( 3988): Added:'DragCoordinates', with key:'drag_coordinates'
12-14 02:33:31.947 I/InstrumentationBackend( 3988): Added:'ResumeApplication', with key:'resume_application'
12-14 02:33:31.947 I/InstrumentationBackend( 3988): Added:'Swipe', with key:'swipe'
12-14 02:33:31.947 I/InstrumentationBackend( 3988): Added:'DoubleTapCoordinate', with key:'double_tap_coordinate'
12-14 02:33:31.948 I/InstrumentationBackend( 3988): Added:'ClickOnScreen', with key:'click_on_screen'
12-14 02:33:31.948 I/InstrumentationBackend( 3988): Added:'GetActivityName', with key:'get_activity_name'
12-14 02:33:31.949 I/InstrumentationBackend( 3988): Added:'ScrollToView', with key:'scroll_to_view'
12-14 02:33:31.949 I/InstrumentationBackend( 3988): Added:'ViewConfiguration', with key:'view_configuration'
12-14 02:33:31.950 I/InstrumentationBackend( 3988): Added:'IsCurrentActivityFocused', with key:'is_current_activity_focused'
12-14 02:33:31.950 I/InstrumentationBackend( 3988): Added:'SendTcp', with key:'send_tcp'
12-14 02:33:31.951 I/InstrumentationBackend( 3988): Added:'DpToDevicePixel', with key:'dp_to_device_pixel'
12-14 02:33:31.952 I/InstrumentationBackend( 3988): Added:'KeyboardEnterText', with key:'keyboard_enter_text'
12-14 02:33:31.953 I/InstrumentationBackend( 3988): Added:'DeleteSurroundingText', with key:'delete_surrounding_text'
12-14 02:33:31.954 I/InstrumentationBackend( 3988): Added:'SetComposingRegion', with key:'set_composing_region'
12-14 02:33:31.955 I/InstrumentationBackend( 3988): Added:'SetSelection', with key:'set_selection'
12-14 02:33:31.955 I/InstrumentationBackend( 3988): Added:'KeyboardKeyEvent', with key:'keyboard_key_event'
12-14 02:33:31.955 I/InstrumentationBackend( 3988): Added:'PressUserActionButton', with key:'press_user_action_button'
12-14 02:33:31.956 I/InstrumentationBackend( 3988): Added:'HideSoftKeyboard', with key:'hide_soft_keyboard'
12-14 02:33:31.957 I/InstrumentationBackend( 3988): Added:'ListActions', with key:'list_actions'
12-14 02:33:31.957 I/calabash( 3988): Instantiating http server at 7102
12-14 02:33:31.958 I/System.out( 3988): HTTP Daemon listening on: 7102
12-14 02:33:32.047 I/System.out( 3988): URI: //ping
12-14 02:33:32.048 I/System.out( 3988): params: {json={}
12-14 02:33:32.048 I/System.out( 3988): }
12-14 02:33:32.056 I/System.out( 3988): URI: //ping
12-14 02:33:32.056 I/System.out( 3988): params: {json={}
12-14 02:33:32.056 I/System.out( 3988): }
12-14 02:33:32.062 I/System.out( 3988): URI: //ready
12-14 02:33:32.062 I/System.out( 3988): params: {json={}
12-14 02:33:32.062 I/System.out( 3988): }
12-14 02:33:32.068 I/System.out( 3988): URI: //
12-14 02:33:32.068 I/System.out( 3988): params: {json={"command":"version","arguments":[]}
12-14 02:33:32.068 I/System.out( 3988): }
12-14 02:33:32.068 I/System.out( 3988): header: {content-type=application/json;charset=utf-8, date=Mon, 14 Dec 2020 07:33:32 GMT, accept=*/*, host=127.0.0.1:34777, content-length=36, user-agent=HTTPClient/1.0 (2.8.3, ruby 2.5.8 (2020-03-31))}
12-14 02:33:32.068 I/System.out( 3988): params: {json={"command":"version","arguments":[]}
12-14 02:33:32.068 I/System.out( 3988): }
12-14 02:33:32.068 I/System.out( 3988): ProP json = {"command":"version","arguments":[]}
12-14 02:33:32.068 I/System.out( 3988): files: {}
12-14 02:33:32.068 I/System.out( 3988): command: {"command":"version","arguments":[]}
12-14 02:33:32.097 I/InstrumentationBackend( 3988): Got command:'Command:'Line:null,version', arguments:'[]'
12-14 02:33:32.133 I/System.out( 3988): result:{"bonusInformation":[],"message":"0.9.8","success":true}
12-14 02:33:32.141 I/System.out( 3988): URI: //start-application
12-14 02:33:32.141 I/System.out( 3988): params: {json={"intent":null}
12-14 02:33:32.141 I/System.out( 3988): }
12-14 02:33:32.180 I/ActivityManager( 1626): START u0 {act=android.intent.action.MAIN cat=[android.intent.category.LAUNCHER] flg=0x10200000 cmp=com.evancharlton.mileage/.Mileage} from uid 10356
12-14 02:33:32.200 I/calabash( 3988): newActivity1
12-14 02:33:32.212 D/gralloc_ranchu( 1395): gralloc_alloc: Creating ashmem region of size 7753728
12-14 02:33:32.277 D/BoundBrokerSvc( 1933): onUnbind: Intent { act=com.google.android.gms.clearcut.bootcount.service.START cmp=com.google.android.gms/.chimera.PersistentBoundBrokerService }
12-14 02:33:32.285 W/ActivityManager( 1626): Bad activity token: android.os.BinderProxy@ab14b84
12-14 02:33:32.285 W/ActivityManager( 1626): java.lang.ClassCastException: android.os.BinderProxy cannot be cast to com.android.server.am.ActivityRecord$Token
12-14 02:33:32.285 W/ActivityManager( 1626): 	at com.android.server.am.ActivityRecord.forTokenLocked(ActivityRecord.java:778)
12-14 02:33:32.285 W/ActivityManager( 1626): 	at com.android.server.am.ActivityRecord.isInStackLocked(ActivityRecord.java:2085)
12-14 02:33:32.285 W/ActivityManager( 1626): 	at com.android.server.am.ActivityRecord.getStackLocked(ActivityRecord.java:2090)
12-14 02:33:32.285 W/ActivityManager( 1626): 	at com.android.server.am.ActivityManagerService.getActivityDisplayId(ActivityManagerService.java:10406)
12-14 02:33:32.285 W/ActivityManager( 1626): 	at android.app.IActivityManager$Stub.onTransact(IActivityManager.java:2738)
12-14 02:33:32.285 W/ActivityManager( 1626): 	at com.android.server.am.ActivityManagerService.onTransact(ActivityManagerService.java:2935)
12-14 02:33:32.285 W/ActivityManager( 1626): 	at android.os.Binder.execTransact(Binder.java:674)
12-14 02:33:32.291 I/calabash( 3988): newActivity1
12-14 02:33:32.294 W/zygote  ( 3988): Rejecting class com.evancharlton.mileage.FillupActivity that attempts to sub-type erroneous class com.evancharlton.mileage.BaseFormActivity in /data/app/com.evancharlton.mileage-CNiJwwink1Q771GaJISUCA==/base.apk
12-14 02:33:32.294 D/AndroidRuntime( 3988): Shutting down VM
--------- beginning of crash
12-14 02:33:32.297 E/AndroidRuntime( 3988): FATAL EXCEPTION: main
12-14 02:33:32.297 E/AndroidRuntime( 3988): Process: com.evancharlton.mileage, PID: 3988
12-14 02:33:32.297 E/AndroidRuntime( 3988): java.lang.VerifyError: Rejecting class com.evancharlton.mileage.FillupActivity that attempts to sub-type erroneous class com.evancharlton.mileage.BaseFormActivity (declaration of 'com.evancharlton.mileage.FillupActivity' appears in /data/app/com.evancharlton.mileage-CNiJwwink1Q771GaJISUCA==/base.apk)
12-14 02:33:32.297 E/AndroidRuntime( 3988): 	at java.lang.Class.newInstance(Native Method)
12-14 02:33:32.297 E/AndroidRuntime( 3988): 	at android.app.Instrumentation.newActivity(Instrumentation.java:1173)
12-14 02:33:32.297 E/AndroidRuntime( 3988): 	at sh.calaba.instrumentationbackend.CalabashInstrumentation.newActivity(CalabashInstrumentation.java:52)
12-14 02:33:32.297 E/AndroidRuntime( 3988): 	at android.app.ActivityThread.performLaunchActivity(ActivityThread.java:2708)
12-14 02:33:32.297 E/AndroidRuntime( 3988): 	at android.app.ActivityThread.startActivityNow(ActivityThread.java:2615)
12-14 02:33:32.297 E/AndroidRuntime( 3988): 	at android.app.LocalActivityManager.moveToState(LocalActivityManager.java:136)
12-14 02:33:32.297 E/AndroidRuntime( 3988): 	at android.app.LocalActivityManager.startActivity(LocalActivityManager.java:348)
12-14 02:33:32.297 E/AndroidRuntime( 3988): 	at android.widget.TabHost$IntentContentStrategy.getContentView(TabHost.java:769)
12-14 02:33:32.297 E/AndroidRuntime( 3988): 	at android.widget.TabHost.setCurrentTab(TabHost.java:423)
12-14 02:33:32.297 E/AndroidRuntime( 3988): 	at android.widget.TabHost.addTab(TabHost.java:233)
12-14 02:33:32.297 E/AndroidRuntime( 3988): 	at com.evancharlton.mileage.Mileage.onCreate(Mileage.java:31)
12-14 02:33:32.297 E/AndroidRuntime( 3988): 	at android.app.Activity.performCreate(Activity.java:6975)
12-14 02:33:32.297 E/AndroidRuntime( 3988): 	at android.app.Instrumentation.callActivityOnCreate(Instrumentation.java:1213)
12-14 02:33:32.297 E/AndroidRuntime( 3988): 	at android.app.ActivityThread.performLaunchActivity(ActivityThread.java:2770)
12-14 02:33:32.297 E/AndroidRuntime( 3988): 	at android.app.ActivityThread.handleLaunchActivity(ActivityThread.java:2892)
12-14 02:33:32.297 E/AndroidRuntime( 3988): 	at android.app.ActivityThread.-wrap11(Unknown Source:0)
12-14 02:33:32.297 E/AndroidRuntime( 3988): 	at android.app.ActivityThread$H.handleMessage(ActivityThread.java:1593)
12-14 02:33:32.297 E/AndroidRuntime( 3988): 	at android.os.Handler.dispatchMessage(Handler.java:105)
12-14 02:33:32.297 E/AndroidRuntime( 3988): 	at android.os.Looper.loop(Looper.java:164)
12-14 02:33:32.297 E/AndroidRuntime( 3988): 	at android.app.ActivityThread.main(ActivityThread.java:6541)
12-14 02:33:32.297 E/AndroidRuntime( 3988): 	at java.lang.reflect.Method.invoke(Native Method)
12-14 02:33:32.297 E/AndroidRuntime( 3988): 	at com.android.internal.os.Zygote$MethodAndArgsCaller.run(Zygote.java:240)
12-14 02:33:32.297 E/AndroidRuntime( 3988): 	at com.android.internal.os.ZygoteInit.main(ZygoteInit.java:767)
12-14 02:33:32.297 E/AndroidRuntime( 3988): Caused by: java.lang.VerifyError: Verifier rejected class com.evancharlton.mileage.BaseFormActivity: void com.evancharlton.mileage.BaseFormActivity.onResume() failed to verify: void com.evancharlton.mileage.BaseFormActivity.onResume(): [0x15] 'this' argument 'Reference: android.widget.Button' not instance of 'Reference: com.evancharlton.mileage.BaseFormActivity' (declaration of 'com.evancharlton.mileage.BaseFormActivity' appears in /data/app/com.evancharlton.mileage-CNiJwwink1Q771GaJISUCA==/base.apk)
12-14 02:33:32.297 E/AndroidRuntime( 3988): 	... 23 more
12-14 02:33:32.300 I/Process ( 3988): Sending signal. PID: 3988 SIG: 9
12-14 02:33:32.301 E/ContentStoreEUAS( 2187): Failed to commit the deferred actions
12-14 02:33:32.308 W/asset   ( 1727): Asset path /data/app/com.evancharlton.mileage-pO1IDBwA-DDB3WcZiHP5IQ==/base.apk is neither a directory nor file (type=1).
12-14 02:33:32.308 E/ResourcesManager( 1727): failed to add asset path /data/app/com.evancharlton.mileage-pO1IDBwA-DDB3WcZiHP5IQ==/base.apk
12-14 02:33:32.308 W/PackageManager( 1727): Failure retrieving resources for com.evancharlton.mileage
12-14 02:33:32.308 W/asset   ( 1727): Asset path /data/app/com.evancharlton.mileage-pO1IDBwA-DDB3WcZiHP5IQ==/base.apk is neither a directory nor file (type=1).
12-14 02:33:32.308 E/ResourcesManager( 1727): failed to add asset path /data/app/com.evancharlton.mileage-pO1IDBwA-DDB3WcZiHP5IQ==/base.apk
12-14 02:33:32.308 W/PackageManager( 1727): Failure retrieving resources for com.evancharlton.mileage
12-14 02:33:32.308 W/asset   ( 1727): Asset path /data/app/com.evancharlton.mileage-pO1IDBwA-DDB3WcZiHP5IQ==/base.apk is neither a directory nor file (type=1).
12-14 02:33:32.309 E/ResourcesManager( 1727): failed to add asset path /data/app/com.evancharlton.mileage-pO1IDBwA-DDB3WcZiHP5IQ==/base.apk
12-14 02:33:32.309 W/PackageManager( 1727): Failure retrieving resources for com.evancharlton.mileage
12-14 02:33:32.322 W/BroadcastQueue( 1626): Background execution not allowed: receiving Intent { act=android.intent.action.DROPBOX_ENTRY_ADDED flg=0x10 (has extras) } to com.google.android.gms/.stats.service.DropBoxEntryAddedReceiver
12-14 02:33:32.322 W/BroadcastQueue( 1626): Background execution not allowed: receiving Intent { act=android.intent.action.DROPBOX_ENTRY_ADDED flg=0x10 (has extras) } to com.google.android.gms/.chimera.GmsIntentOperationService$PersistentTrustedReceiver
12-14 02:33:32.338 I/ActivityManager( 1626): Process com.evancharlton.mileage (pid 3988) has died: fore TOP 
12-14 02:33:32.344 D/EGL_emulation( 2144): eglMakeCurrent: 0x9f184540: ver 3 0 (tinfo 0x9f183410)
12-14 02:33:32.345 D/EGL_emulation( 2187): eglMakeCurrent: 0x9cb7de60: ver 3 0 (tinfo 0x9cb7f9b0)
12-14 02:33:32.347 W/ActivityManager( 1626): Crash of app com.evancharlton.mileage running instrumentation ComponentInfo{com.evancharlton.mileage.test/sh.calaba.instrumentationbackend.CalabashInstrumentationTestRunner}
12-14 02:33:32.347 I/ActivityManager( 1626): Force stopping com.evancharlton.mileage appid=10356 user=0: finished inst
12-14 02:33:32.349 I/ActivityManager( 1626):   Force finishing activity ActivityRecord{84002c0 u0 com.evancharlton.mileage/.Mileage t71}
12-14 02:33:32.355 V/StatusBar( 1727): setLightsOn(true)
12-14 02:33:32.356 E/adbd    ( 1383): failed to connect to socket 'tcp:7102': Connection refused
12-14 02:33:32.363 D/EGL_emulation( 1727): eglMakeCurrent: 0x9abe0ec0: ver 3 0 (tinfo 0x9ab9ea20)
12-14 02:33:32.375 D/EGL_emulation( 1727): eglMakeCurrent: 0x9abe0ec0: ver 3 0 (tinfo 0x9ab9ea20)
12-14 02:33:32.377 D/gralloc_ranchu( 1395): gralloc_alloc: Creating ashmem region of size 7753728
12-14 02:33:32.389 D/        ( 1626): HostConnection::get() New Host Connection established 0x846ffa80, tid 3960
12-14 02:33:32.406 D/EGL_emulation( 1727): eglMakeCurrent: 0x9abe0ec0: ver 3 0 (tinfo 0x9ab9ea20)
12-14 02:33:32.415 I/chatty  ( 1727): uid=10028(u0_a28) RenderThread identical 1 line
12-14 02:33:32.427 D/WindowManager( 1626): relayoutVisibleWindow: Window{8b941a8 u0 com.google.android.apps.nexuslauncher/com.google.android.apps.nexuslauncher.NexusLauncherActivity EXITING} mAnimatingExit=true, mRemoveOnExit=false, mDestroying=false
12-14 02:33:32.431 D/EGL_emulation( 1727): eglMakeCurrent: 0x9abe0ec0: ver 3 0 (tinfo 0x9ab9ea20)
12-14 02:33:32.438 D/WindowManager( 1626): relayoutVisibleWindow: Window{403dca6 u0 com.google.android.apps.nexuslauncher/com.google.android.apps.nexuslauncher.NexusLauncherActivity EXITING} mAnimatingExit=true, mRemoveOnExit=false, mDestroying=false
12-14 02:33:32.440 D/gralloc_ranchu( 1395): gralloc_alloc: Creating ashmem region of size 8298496
12-14 02:33:32.448 I/ActivityManager( 1626):   Force finishing activity ActivityRecord{84002c0 u0 com.evancharlton.mileage/.Mileage t71 f}
12-14 02:33:32.448 W/ActivityManager( 1626): Duplicate finish request for ActivityRecord{84002c0 u0 com.evancharlton.mileage/.Mileage t71 f}
12-14 02:33:32.450 D/EGL_emulation( 1727): eglMakeCurrent: 0x9abe0ec0: ver 3 0 (tinfo 0x9ab9ea20)
12-14 02:33:32.456 D/gralloc_ranchu( 1395): gralloc_alloc: Creating ashmem region of size 8298496
12-14 02:33:32.466 D/gralloc_ranchu( 1395): gralloc_alloc: Creating ashmem region of size 8298496
12-14 02:33:32.473 W/Looper  ( 1626): Dispatch took 132ms on android.ui, h=Handler (com.android.server.am.ActivityManagerService$UiHandler) {cf9c130} cb=null msg=53
12-14 02:33:32.477 D/EGL_emulation( 1727): eglMakeCurrent: 0x9abe0ec0: ver 3 0 (tinfo 0x9ab9ea20)
12-14 02:33:32.478 D/gralloc_ranchu( 1395): gralloc_alloc: Creating ashmem region of size 8298496
