--------- beginning of main
12-13 23:53:24.345 D/gralloc_ranchu( 1395): gralloc_alloc: Creating ashmem region of size 8298496
12-13 23:53:24.387 D/gralloc_ranchu( 1395): gralloc_alloc: Creating ashmem region of size 8298496
12-13 23:53:24.411 W/Conscrypt( 2143): Could not set socket write timeout: java.net.SocketException: Socket closed
12-13 23:53:24.419 W/Conscrypt( 2143): 	at com.google.android.gms.org.conscrypt.Platform.setSocketWriteTimeout(:com.google.android.gms@204713022@20.47.13 (040700-344095733):2)
12-13 23:53:24.420 W/Conscrypt( 2143): 	at com.google.android.gms.org.conscrypt.ConscryptFileDescriptorSocket.setSoWriteTimeout(:com.google.android.gms@204713022@20.47.13 (040700-344095733):0)
12-13 23:53:24.510 E/hw-IPCThreadState( 1395): binder thread pool (1 threads) starved for 123 ms
12-13 23:53:24.515 D/SurfaceFlinger( 1409): duplicate layer name: changing com.google.android.apps.nexuslauncher/com.google.android.apps.nexuslauncher.NexusLauncherActivity to com.google.android.apps.nexuslauncher/com.google.android.apps.nexuslauncher.NexusLauncherActivity#1
12-13 23:53:24.544 D/BoundBrokerSvc( 1941): onUnbind: Intent { act=com.google.android.contextmanager.service.ContextManagerService.START cmp=com.google.android.gms/.chimera.PersistentApiService }
12-13 23:53:24.553 D/gralloc_ranchu( 1395): gralloc_alloc: Creating ashmem region of size 8298496
12-13 23:53:24.557 D/EGL_emulation( 1733): eglMakeCurrent: 0x8a5920a0: ver 3 0 (tinfo 0x8a58faa0)
12-13 23:53:24.560 D/EGL_emulation( 2113): eglMakeCurrent: 0x9e004a20: ver 3 0 (tinfo 0x9e003830)
12-13 23:53:24.580 D/gralloc_ranchu( 1395): gralloc_alloc: Creating ashmem region of size 8298496
12-13 23:53:24.808 W/audio_hw_generic( 1389): Not supplying enough data to HAL, expected position 102872 , only wrote 102240
12-13 23:53:24.817 W/audio_hw_generic( 1389): Not supplying enough data to HAL, expected position 102672 , only wrote 102240
12-13 23:53:24.828 E/hw-IPCThreadState( 1395): binder thread pool (1 threads) starved for 247 ms
12-13 23:53:24.832 D/gralloc_ranchu( 1395): gralloc_alloc: Creating ashmem region of size 8298496
12-13 23:53:24.832 W/audio_hw_generic( 1389): Not supplying enough data to HAL, expected position 102962 , only wrote 102960
12-13 23:53:24.924 W/audio_hw_generic( 1389): Not supplying enough data to HAL, expected position 107367 , only wrote 105120
12-13 23:53:24.925 W/audio_hw_generic( 1389): Not supplying enough data to HAL, expected position 105155 , only wrote 105120
12-13 23:53:24.967 W/audio_hw_generic( 1389): Not supplying enough data to HAL, expected position 107168 , only wrote 105840
12-13 23:53:25.035 E/hw-IPCThreadState( 1395): binder thread pool (1 threads) starved for 204 ms
12-13 23:53:25.042 I/Choreographer( 2064): Skipped 41 frames!  The application may be doing too much work on its main thread.
12-13 23:53:25.098 D/EGL_emulation( 2064): eglMakeCurrent: 0x9bc7cde0: ver 3 0 (tinfo 0x9bc7fb30)
12-13 23:53:25.123 I/zygote  ( 2113): Deoptimizing void com.google.android.apps.gsa.search.core.service.worker.a.a.a(com.google.android.apps.gsa.search.core.state.qc) due to JIT inline cache
12-13 23:53:25.150 D/gralloc_ranchu( 1395): gralloc_alloc: Creating ashmem region of size 7753728
12-13 23:53:25.152 W/SessionLifecycleManager( 2113): Handover failed. Creating new session controller.
12-13 23:53:25.153 E/GmsClient( 2113): unable to connect to service: com.google.android.gms.speech.service.START on com.google.android.gms
12-13 23:53:25.176 I/OptInState( 2113): There is a new client and it does not support opt-in. Dropping request.
12-13 23:53:25.201 I/zygote  ( 2113): Deoptimizing int[] com.google.common.collect.gx.b(java.lang.Object[], int, int, int) due to JIT inline cache
12-13 23:53:25.227 I/NetworkScheduler.Stats( 1941): Task com.google.android.gms/com.google.android.gms.pay.gcmtask.PayGcmTaskService started execution. cause:5 exec_start_elapsed_seconds: 69 [CONTEXT service_id=218 ]
12-13 23:53:25.280 I/NetworkScheduler.Stats( 1941): Task com.google.android.gms/com.google.android.gms.pay.gcmtask.PayGcmTaskService finished executing. cause:5 result: 1 elapsed_millis: 2249 uptime_millis: 2249 exec_start_elapsed_seconds: 67 [CONTEXT service_id=218 ]
12-13 23:53:25.308 I/MicroDetectionWorker( 2113): #updateMicroDetector [detectionMode: [mDetectionMode: [1]]]
12-13 23:53:25.308 I/MicroDetectionWorker( 2113): #startMicroDetector [speakerMode: 0]
12-13 23:53:25.312 I/AudioController( 2113): Using mInputStreamFactoryBuilder
12-13 23:53:25.316 E/Pay     ( 2143): No account found on the task or the device. Notification task will not be rescheduled. [CONTEXT service_id=198 ]
12-13 23:53:25.344 D/EGL_emulation( 1733): eglMakeCurrent: 0x8a5920a0: ver 3 0 (tinfo 0x8a58faa0)
12-13 23:53:25.349 D/        ( 1733): HostConnection::get() New Host Connection established 0x9e020280, tid 1750
12-13 23:53:25.389 D/EGL_emulation( 1733): eglMakeCurrent: 0x8a5920a0: ver 3 0 (tinfo 0x8a58faa0)
12-13 23:53:25.393 I/MicroDetectionWorker( 2113): onReady
12-13 23:53:25.407 D/EGL_emulation( 1733): eglMakeCurrent: 0x8a5920a0: ver 3 0 (tinfo 0x8a58faa0)
12-13 23:53:25.418 D/EGL_emulation( 1733): eglMakeCurrent: 0x8a5920a0: ver 3 0 (tinfo 0x8a58faa0)
12-13 23:53:25.420 I/MicroRecognitionRunner( 2113): Starting detection.
12-13 23:53:25.438 I/MicrophoneInputStream( 2113): mic_starting com.google.android.apps.gsa.staticplugins.aa.c@397a9d4
12-13 23:53:25.441 D/EGL_emulation( 1733): eglMakeCurrent: 0x8a5920a0: ver 3 0 (tinfo 0x8a58faa0)
12-13 23:53:25.458 I/AudioFlinger( 1474): AudioFlinger's thread 0xa8c83840 tid=3972 ready to run
12-13 23:53:25.476 D/EGL_emulation( 1733): eglMakeCurrent: 0x8a5920a0: ver 3 0 (tinfo 0x8a58faa0)
12-13 23:53:25.489 D/EGL_emulation( 1733): eglMakeCurrent: 0x8a5920a0: ver 3 0 (tinfo 0x8a58faa0)
12-13 23:53:25.506 I/MicrophoneInputStream( 2113): mic_started com.google.android.apps.gsa.staticplugins.aa.c@397a9d4
12-13 23:53:25.506 D/EGL_emulation( 1733): eglMakeCurrent: 0x8a5920a0: ver 3 0 (tinfo 0x8a58faa0)
12-13 23:53:25.517 I/MicroDetectionWorker( 2113): onReady
12-13 23:53:25.517 W/SpeechLevelGenerator( 2113): Really low audio levels detected. The audio input may have issues.
12-13 23:53:25.521 I/MicrophoneInputStream( 2113): mic_close com.google.android.apps.gsa.staticplugins.aa.c@397a9d4
12-13 23:53:25.526 D/EGL_emulation( 1733): eglMakeCurrent: 0x8a5920a0: ver 3 0 (tinfo 0x8a58faa0)
12-13 23:53:25.548 D/EGL_emulation( 1733): eglMakeCurrent: 0x8a5920a0: ver 3 0 (tinfo 0x8a58faa0)
12-13 23:53:25.553 I/MicroRecognitionRunner( 2113): Detection finished
12-13 23:53:25.554 W/ErrorReporter( 2113): reportError [type: 211, code: 524300]: Error reading from input stream
12-13 23:53:25.555 I/MicroRecognitionRunner( 2113): Stopping hotword detection.
12-13 23:53:25.555 W/ErrorProcessor( 2113): onFatalError, processing error from engine(4)
12-13 23:53:25.555 W/ErrorProcessor( 2113): com.google.android.apps.gsa.shared.speech.b.g: Error reading from input stream
12-13 23:53:25.555 W/ErrorProcessor( 2113): 	at com.google.android.apps.gsa.staticplugins.recognizer.j.a.a(SourceFile:28)
12-13 23:53:25.555 W/ErrorProcessor( 2113): 	at com.google.android.apps.gsa.staticplugins.recognizer.j.b.run(SourceFile:15)
12-13 23:53:25.555 W/ErrorProcessor( 2113): 	at java.util.concurrent.Executors$RunnableAdapter.call(Executors.java:457)
12-13 23:53:25.555 W/ErrorProcessor( 2113): 	at java.util.concurrent.FutureTask.run(FutureTask.java:266)
12-13 23:53:25.555 W/ErrorProcessor( 2113): 	at com.google.android.apps.gsa.shared.util.concurrent.a.ax.run(SourceFile:14)
12-13 23:53:25.555 W/ErrorProcessor( 2113): 	at com.google.android.apps.gsa.shared.util.concurrent.a.bl.run(SourceFile:4)
12-13 23:53:25.555 W/ErrorProcessor( 2113): 	at com.google.android.apps.gsa.shared.util.concurrent.a.bl.run(SourceFile:4)
12-13 23:53:25.555 W/ErrorProcessor( 2113): 	at java.util.concurrent.ThreadPoolExecutor.runWorker(ThreadPoolExecutor.java:1162)
12-13 23:53:25.555 W/ErrorProcessor( 2113): 	at java.util.concurrent.ThreadPoolExecutor$Worker.run(ThreadPoolExecutor.java:636)
12-13 23:53:25.555 W/ErrorProcessor( 2113): 	at java.lang.Thread.run(Thread.java:764)
12-13 23:53:25.555 W/ErrorProcessor( 2113): 	at com.google.android.apps.gsa.shared.util.concurrent.a.ai.run(SourceFile:6)
12-13 23:53:25.555 W/ErrorProcessor( 2113): Caused by: com.google.android.apps.gsa.shared.exception.GsaIOException: Error code: 393238 | Buffer overflow, no available space.
12-13 23:53:25.555 W/ErrorProcessor( 2113): 	at com.google.android.apps.gsa.speech.audio.Tee.f(SourceFile:103)
12-13 23:53:25.555 W/ErrorProcessor( 2113): 	at com.google.android.apps.gsa.speech.audio.au.read(SourceFile:2)
12-13 23:53:25.555 W/ErrorProcessor( 2113): 	at java.io.InputStream.read(InputStream.java:101)
12-13 23:53:25.555 W/ErrorProcessor( 2113): 	at com.google.android.apps.gsa.speech.audio.ao.run(SourceFile:18)
12-13 23:53:25.555 W/ErrorProcessor( 2113): 	at com.google.android.apps.gsa.speech.audio.an.run(SourceFile:2)
12-13 23:53:25.555 W/ErrorProcessor( 2113): 	... 9 more
12-13 23:53:25.556 I/AudioController( 2113): internalShutdown
12-13 23:53:25.562 I/zygote  ( 2113): Do full code cache collection, code=248KB, data=205KB
12-13 23:53:25.564 I/zygote  ( 2113): After code cache collection, code=236KB, data=160KB
12-13 23:53:25.572 I/DeviceStateChecker( 2113): DeviceStateChecker cancelled
12-13 23:53:25.572 I/MicroDetector( 2113): Keeping mic open: false
12-13 23:53:25.572 I/MicroDetectionWorker( 2113): #onError(false)
12-13 23:53:25.603 W/OpenGLRenderer( 2064): Incorrectly called buildLayer on View: ShortcutAndWidgetContainer, destroying layer...
12-13 23:53:25.631 D/EGL_emulation( 1733): eglMakeCurrent: 0x8a5920a0: ver 3 0 (tinfo 0x8a58faa0)
12-13 23:53:25.643 I/zygote  ( 1733): NativeAllocBackground concurrent copying GC freed 23976(1685KB) AllocSpace objects, 0(0B) LOS objects, 49% free, 4MB/9MB, paused 1.877ms total 213.506ms
12-13 23:53:25.656 D/EGL_emulation( 1733): eglMakeCurrent: 0x8a5920a0: ver 3 0 (tinfo 0x8a58faa0)
12-13 23:53:25.668 D/EGL_emulation( 1733): eglMakeCurrent: 0x8a5920a0: ver 3 0 (tinfo 0x8a58faa0)
12-13 23:53:25.689 D/        ( 1733): HostConnection::get() New Host Connection established 0x878b4c40, tid 1747
12-13 23:53:25.741 I/NetworkScheduler.Stats( 1941): Task com.google.android.gms/com.google.android.gms.pay.gcmtask.PayGcmTaskService finished executing. cause:5 result: 2 elapsed_millis: 714 uptime_millis: 714 exec_start_elapsed_seconds: 69 [CONTEXT service_id=218 ]
12-13 23:53:25.770 D/OpenGLRenderer( 1628): HWUI GL Pipeline
12-13 23:53:25.777 E/SurfaceFlinger( 1409): ro.sf.lcd_density must be defined as a build property
12-13 23:53:25.798 D/        ( 1628): HostConnection::get() New Host Connection established 0x8da62880, tid 3973
12-13 23:53:25.800 I/OpenGLRenderer( 1628): Initialized EGL, version 1.4
12-13 23:53:25.801 D/OpenGLRenderer( 1628): Swap behavior 1
12-13 23:53:25.801 W/OpenGLRenderer( 1628): Failed to choose config with EGL_SWAP_BEHAVIOR_PRESERVED, retrying without...
12-13 23:53:25.801 D/OpenGLRenderer( 1628): Swap behavior 0
12-13 23:53:25.821 D/EGL_emulation( 1628): eglCreateContext: 0x863093a0: maj 3 min 0 rcv 3
12-13 23:53:25.823 D/EGL_emulation( 1628): eglMakeCurrent: 0x863093a0: ver 3 0 (tinfo 0x8812af20)
12-13 23:53:25.824 E/eglCodecCommon( 1628): glUtilsParamSize: unknow param 0x00008cdf
12-13 23:53:25.824 E/eglCodecCommon( 1628): glUtilsParamSize: unknow param 0x00008cdf
12-13 23:53:25.824 E/eglCodecCommon( 1628): glUtilsParamSize: unknow param 0x00008824
12-13 23:53:25.824 E/eglCodecCommon( 1628): glUtilsParamSize: unknow param 0x00008824
12-13 23:53:25.898 W/audio_hw_generic( 1389): Not supplying enough data to HAL, expected position 194311 , only wrote 150480
12-13 23:53:26.018 I/Pay     ( 2143): Migration flag not enabled. [CONTEXT service_id=198 ]
12-13 23:53:26.027 D/BoundBrokerSvc( 2143): onBind: Intent { act=com.google.android.gms.pay.service.BIND cmp=com.google.android.gms/.chimera.GmsApiService }
12-13 23:53:26.027 D/BoundBrokerSvc( 2143): Loading bound service for intent: Intent { act=com.google.android.gms.pay.service.BIND cmp=com.google.android.gms/.chimera.GmsApiService }
12-13 23:53:26.043 I/jgl     ( 2143): Primes not initialized, returning default (no-op) Primes instance which will ignore all calls. Please call Primes.initialize(...) before using any Primes API.
12-13 23:53:26.047 I/NetworkScheduler.Stats( 1941): Task com.google.android.gms/com.google.android.gms.pay.gcmtask.PayGcmTaskService started execution. cause:5 exec_start_elapsed_seconds: 69 [CONTEXT service_id=218 ]
12-13 23:53:26.143 I/Pay     ( 2143): Migration already completed. [CONTEXT service_id=198 ]
12-13 23:53:26.152 I/chatty  ( 2143): uid=10011(u0_a11) lowpool[6] identical 1 line
12-13 23:53:26.157 I/Pay     ( 2143): Migration already completed. [CONTEXT service_id=198 ]
12-13 23:53:26.157 I/Pay     ( 2143): Migration flag not enabled. [CONTEXT service_id=198 ]
12-13 23:53:26.168 I/Pay     ( 2143): Migration already completed. [CONTEXT service_id=198 ]
12-13 23:53:26.168 I/Pay     ( 2143): Migration flag not enabled. [CONTEXT service_id=198 ]
12-13 23:53:26.209 I/NetworkScheduler.Stats( 1941): Task com.google.android.gms/com.google.android.gms.tapandpay.gcmtask.TapAndPayGcmTaskService started execution. cause:5 exec_start_elapsed_seconds: 70 [CONTEXT service_id=218 ]
12-13 23:53:26.222 I/NetworkScheduler.Stats( 1941): Task com.google.android.gms/com.google.android.gms.pay.gcmtask.PayGcmTaskService finished executing. cause:5 result: 1 elapsed_millis: 322 uptime_millis: 323 exec_start_elapsed_seconds: 69 [CONTEXT service_id=218 ]
12-13 23:53:26.239 I/NetworkScheduler.Stats( 1941): Task com.google.android.gms/com.google.android.gms.tapandpay.gcmtask.TapAndPayGcmTaskService finished executing. cause:5 result: 1 elapsed_millis: 92 uptime_millis: 91 exec_start_elapsed_seconds: 70 [CONTEXT service_id=218 ]
12-13 23:53:26.354 I/NetworkScheduler.Stats( 1941): Task com.google.android.gms/com.google.android.gms.tapandpay.gcmtask.TapAndPayGcmTaskService started execution. cause:5 exec_start_elapsed_seconds: 70 [CONTEXT service_id=218 ]
12-13 23:53:26.356 I/NetworkScheduler.Stats( 1941): Task com.google.android.gms/com.google.android.gms.tapandpay.gcmtask.TapAndPayGcmTaskService finished executing. cause:5 result: 1 elapsed_millis: 55 uptime_millis: 55 exec_start_elapsed_seconds: 70 [CONTEXT service_id=218 ]
12-13 23:53:26.484 I/NetworkScheduler.Stats( 1941): Task com.google.android.gms/com.google.android.gms.tapandpay.gcmtask.TapAndPayGcmTaskService started execution. cause:5 exec_start_elapsed_seconds: 70 [CONTEXT service_id=218 ]
12-13 23:53:26.588 I/NetworkScheduler.Stats( 1941): Task com.google.android.gms/com.google.android.gms.udc.service.UdcContextInitService started execution. cause:5 exec_start_elapsed_seconds: 70 [CONTEXT service_id=218 ]
12-13 23:53:26.610 I/NetworkScheduler.Stats( 1941): Task com.google.android.gms/com.google.android.gms.tapandpay.gcmtask.TapAndPayGcmTaskService finished executing. cause:5 result: 1 elapsed_millis: 193 uptime_millis: 193 exec_start_elapsed_seconds: 70 [CONTEXT service_id=218 ]
12-13 23:53:26.746 I/NetworkScheduler.Stats( 1941): Task com.google.android.gms/com.google.android.gms.clearcut.uploader.QosUploaderService started execution. cause:5 exec_start_elapsed_seconds: 70 [CONTEXT service_id=218 ]
12-13 23:53:26.753 I/NetworkScheduler.Stats( 1941): Task com.google.android.gms/com.google.android.gms.udc.service.UdcContextInitService finished executing. cause:5 result: 1 elapsed_millis: 214 uptime_millis: 214 exec_start_elapsed_seconds: 70 [CONTEXT service_id=218 ]
12-13 23:53:26.771 I/NetworkScheduler.Stats( 1941): Task com.google.android.gms/com.google.android.gms.clearcut.uploader.QosUploaderService finished executing. cause:5 result: 1 elapsed_millis: 75 uptime_millis: 75 exec_start_elapsed_seconds: 70 [CONTEXT service_id=218 ]
12-13 23:53:27.337 I/BackgroundDexOptService( 1628): Pinning optimized code {}
12-13 23:53:28.494 D/BoundBrokerSvc( 1941): onUnbind: Intent { act=com.google.android.gms.pseudonymous.service.START cmp=com.google.android.gms/.chimera.PersistentApiService }
--------- beginning of system
12-13 23:53:28.651 E/TaskPersister( 1628): File error accessing recents directory (directory doesn't exist?).
12-13 23:53:29.141 W/RemoteFillService( 1628): Not handling { when=-2ms what=3 target=com.android.internal.os.HandlerCaller$MyHandler } as service for ComponentInfo{com.google.android.gms/com.google.android.gms.autofill.service.AutofillService} is already destroyed
12-13 23:53:29.319 I/ActivityManager( 1628): Killing 3376:com.android.externalstorage/u0a8 (adj 906): empty #17
12-13 23:53:30.575 I/MicroDetectionWorker( 2113): #updateMicroDetector [detectionMode: [mDetectionMode: [1]]]
12-13 23:53:30.575 I/MicroDetectionWorker( 2113): #startMicroDetector [speakerMode: 0]
12-13 23:53:30.575 I/AudioController( 2113): Using mInputStreamFactoryBuilder
12-13 23:53:30.576 I/MicroDetectionWorker( 2113): onReady
12-13 23:53:30.578 I/MicroRecognitionRunner( 2113): Starting detection.
12-13 23:53:30.579 I/MicrophoneInputStream( 2113): mic_starting com.google.android.apps.gsa.staticplugins.aa.c@49c59a5
12-13 23:53:30.583 I/MicrophoneInputStream( 2113): mic_started com.google.android.apps.gsa.staticplugins.aa.c@49c59a5
12-13 23:53:30.583 I/AudioFlinger( 1474): AudioFlinger's thread 0xa8b03d80 tid=3986 ready to run
12-13 23:53:30.583 E/ActivityThread( 2113): Failed to find provider info for com.google.android.apps.gsa.testing.ui.audio.recorded
12-13 23:53:30.583 I/MicroDetectionWorker( 2113): onReady
12-13 23:53:30.586 I/MicrophoneInputStream( 2113): mic_close com.google.android.apps.gsa.staticplugins.aa.c@49c59a5
12-13 23:53:30.586 I/MicroRecognitionRunner( 2113): Detection finished
12-13 23:53:30.587 W/ErrorReporter( 2113): reportError [type: 211, code: 524300]: Error reading from input stream
12-13 23:53:30.587 I/MicroRecognitionRunner( 2113): Stopping hotword detection.
12-13 23:53:30.587 W/ErrorProcessor( 2113): onFatalError, processing error from engine(4)
12-13 23:53:30.587 W/ErrorProcessor( 2113): com.google.android.apps.gsa.shared.speech.b.g: Error reading from input stream
12-13 23:53:30.587 W/ErrorProcessor( 2113): 	at com.google.android.apps.gsa.staticplugins.recognizer.j.a.a(SourceFile:28)
12-13 23:53:30.587 W/ErrorProcessor( 2113): 	at com.google.android.apps.gsa.staticplugins.recognizer.j.b.run(SourceFile:15)
12-13 23:53:30.587 W/ErrorProcessor( 2113): 	at java.util.concurrent.Executors$RunnableAdapter.call(Executors.java:457)
12-13 23:53:30.587 W/ErrorProcessor( 2113): 	at java.util.concurrent.FutureTask.run(FutureTask.java:266)
12-13 23:53:30.587 W/ErrorProcessor( 2113): 	at com.google.android.apps.gsa.shared.util.concurrent.a.ax.run(SourceFile:14)
12-13 23:53:30.587 W/ErrorProcessor( 2113): 	at com.google.android.apps.gsa.shared.util.concurrent.a.bl.run(SourceFile:4)
12-13 23:53:30.587 W/ErrorProcessor( 2113): 	at com.google.android.apps.gsa.shared.util.concurrent.a.bl.run(SourceFile:4)
12-13 23:53:30.587 W/ErrorProcessor( 2113): 	at java.util.concurrent.ThreadPoolExecutor.runWorker(ThreadPoolExecutor.java:1162)
12-13 23:53:30.587 W/ErrorProcessor( 2113): 	at java.util.concurrent.ThreadPoolExecutor$Worker.run(ThreadPoolExecutor.java:636)
12-13 23:53:30.587 W/ErrorProcessor( 2113): 	at java.lang.Thread.run(Thread.java:764)
12-13 23:53:30.587 W/ErrorProcessor( 2113): 	at com.google.android.apps.gsa.shared.util.concurrent.a.ai.run(SourceFile:6)
12-13 23:53:30.587 W/ErrorProcessor( 2113): Caused by: com.google.android.apps.gsa.shared.exception.GsaIOException: Error code: 393238 | Buffer overflow, no available space.
12-13 23:53:30.587 W/ErrorProcessor( 2113): 	at com.google.android.apps.gsa.speech.audio.Tee.f(SourceFile:103)
12-13 23:53:30.587 W/ErrorProcessor( 2113): 	at com.google.android.apps.gsa.speech.audio.au.read(SourceFile:2)
12-13 23:53:30.587 W/ErrorProcessor( 2113): 	at java.io.InputStream.read(InputStream.java:101)
12-13 23:53:30.587 W/ErrorProcessor( 2113): 	at com.google.android.apps.gsa.speech.audio.ao.run(SourceFile:18)
12-13 23:53:30.587 W/ErrorProcessor( 2113): 	at com.google.android.apps.gsa.speech.audio.an.run(SourceFile:2)
12-13 23:53:30.587 W/ErrorProcessor( 2113): 	... 9 more
12-13 23:53:30.587 I/AudioController( 2113): internalShutdown
12-13 23:53:30.588 I/MicroDetector( 2113): Keeping mic open: false
12-13 23:53:30.588 I/MicroDetectionWorker( 2113): #onError(false)
12-13 23:53:30.589 I/DeviceStateChecker( 2113): DeviceStateChecker cancelled
12-13 23:53:30.709 D/AndroidRuntime( 3981): >>>>>> START com.android.internal.os.RuntimeInit uid 2000 <<<<<<
12-13 23:53:30.754 W/app_process( 3981): Unexpected CPU variant for X86 using defaults: x86
12-13 23:53:30.777 D/AndroidRuntime( 3981): Calling main entry com.android.commands.am.Am
12-13 23:53:30.780 I/ActivityManager( 1628): Force stopping com.evancharlton.mileage appid=10192 user=0: start instr
12-13 23:53:30.780 I/ActivityManager( 1628): Killing 3885:com.evancharlton.mileage/u0a192 (adj 0): stop com.evancharlton.mileage
12-13 23:53:30.782 W/ActivityManager( 1628): Crash of app com.evancharlton.mileage running instrumentation ComponentInfo{com.evancharlton.mileage.test/sh.calaba.instrumentationbackend.CalabashInstrumentationTestRunner}
12-13 23:53:30.782 I/ActivityManager( 1628): Force stopping com.evancharlton.mileage appid=10192 user=0: finished inst
12-13 23:53:30.790 I/zygote  ( 3995): Not late-enabling -Xcheck:jni (already on)
12-13 23:53:30.797 I/ActivityManager( 1628): Start proc 3995:com.evancharlton.mileage/u0a192 for added application com.evancharlton.mileage
12-13 23:53:30.798 W/ActivityManager( 1628): setHasOverlayUi called on unknown pid: 3885
12-13 23:53:30.798 D/AndroidRuntime( 3981): Shutting down VM
12-13 23:53:30.807 W/zygote  ( 3995): Unexpected CPU variant for X86 using defaults: x86
12-13 23:53:30.830 E/adbd    ( 1382): failed to connect to socket 'tcp:7102': Connection refused
12-13 23:53:30.836 W/zygote  ( 3995): Found duplicate classes, falling back to extracting from APK : /data/app/com.evancharlton.mileage.test-oFhBcjCGG4zrc5lqfHrxpw==/base.apk
12-13 23:53:30.836 W/zygote  ( 3995): NOTE: This wastes RAM and hurts startup performance.
12-13 23:53:30.836 W/zygote  ( 3995): Found duplicated class when checking oat files: 'Ljunit/runner/BaseTestRunner;' in /data/app/com.evancharlton.mileage.test-oFhBcjCGG4zrc5lqfHrxpw==/base.apk and /system/framework/android.test.runner.jar
12-13 23:53:30.836 W/zygote  ( 3995): 
12-13 23:53:30.838 E/adbd    ( 1382): failed to connect to socket 'tcp:7102': Connection refused
12-13 23:53:30.886 W/System  ( 3995): ClassLoader referenced unknown path: 
12-13 23:53:30.907 I/System.out( 3995): Main activity name automatically set to: com.evancharlton.mileage.Mileage
12-13 23:53:30.909 I/System.out( 3995): Calabash did not load Mono. This is only a problem if you are trying to test a Mono application
12-13 23:53:30.909 I/calabash( 3995): Test server port: 7102
12-13 23:53:30.911 I/InstrumentationBackend( 3995): Added:'GetPreferences', with key:'get_preferences'
12-13 23:53:30.952 E/adbd    ( 1382): failed to connect to socket 'tcp:7102': Connection refused
12-13 23:53:30.955 E/adbd    ( 1382): failed to connect to socket 'tcp:7102': Connection refused
12-13 23:53:31.001 I/InstrumentationBackend( 3995): Added:'SetPreferences', with key:'set_preferences'
12-13 23:53:31.001 I/InstrumentationBackend( 3995): Added:'ClearPreferences', with key:'clear_preferences'
12-13 23:53:31.002 I/InstrumentationBackend( 3995): Added:'PressElement', with key:'press_l10n_element'
12-13 23:53:31.002 I/InstrumentationBackend( 3995): Added:'WaitForElement', with key:'wait_for_l10n_element'
12-13 23:53:31.003 I/InstrumentationBackend( 3995): Added:'NullAction', with key:'nullAction'
12-13 23:53:31.003 I/InstrumentationBackend( 3995): Added:'PressKey', with key:'press_key'
12-13 23:53:31.004 I/InstrumentationBackend( 3995): Added:'SetActivityOrientation', with key:'set_activity_orientation'
12-13 23:53:31.004 I/InstrumentationBackend( 3995): Added:'GetActivityOrientation', with key:'get_activity_orientation'
12-13 23:53:31.005 I/InstrumentationBackend( 3995): Added:'FakeGPSLocation', with key:'set_gps_coordinates'
12-13 23:53:31.010 I/InstrumentationBackend( 3995): Added:'SetPropertyByCssSelector', with key:'set_property_by_css_selector'
12-13 23:53:31.012 I/InstrumentationBackend( 3995): Added:'GetUrl', with key:'get_url'
12-13 23:53:31.015 I/InstrumentationBackend( 3995): Added:'ScrollTo', with key:'scroll_to'
12-13 23:53:31.015 I/InstrumentationBackend( 3995): Added:'GetLoadProgress', with key:'get_load_progress'
12-13 23:53:31.016 I/InstrumentationBackend( 3995): Added:'DumpHtml', with key:'dump_html'
12-13 23:53:31.016 I/InstrumentationBackend( 3995): Added:'DumpBodyHtml', with key:'dump_body_html'
12-13 23:53:31.016 I/InstrumentationBackend( 3995): Added:'EnterTextByCssSelector', with key:'enter_text_by_selector'
12-13 23:53:31.021 I/InstrumentationBackend( 3995): Added:'AndroidSDKVersion', with key:'android_sdk_version'
12-13 23:53:31.021 I/InstrumentationBackend( 3995): Added:'Version', with key:'version'
12-13 23:53:31.021 I/InstrumentationBackend( 3995): Added:'Drag', with key:'drag'
12-13 23:53:31.022 I/InstrumentationBackend( 3995): Added:'TouchCoordinates', with key:'touch_coordinate'
12-13 23:53:31.022 I/InstrumentationBackend( 3995): Added:'LongPressCoordinate', with key:'long_press_coordinate'
12-13 23:53:31.023 I/InstrumentationBackend( 3995): Added:'DragCoordinates', with key:'drag_coordinates'
12-13 23:53:31.024 I/InstrumentationBackend( 3995): Added:'ResumeApplication', with key:'resume_application'
12-13 23:53:31.025 I/InstrumentationBackend( 3995): Added:'Swipe', with key:'swipe'
12-13 23:53:31.025 I/InstrumentationBackend( 3995): Added:'DoubleTapCoordinate', with key:'double_tap_coordinate'
12-13 23:53:31.025 I/InstrumentationBackend( 3995): Added:'ClickOnScreen', with key:'click_on_screen'
12-13 23:53:31.027 I/InstrumentationBackend( 3995): Added:'GetActivityName', with key:'get_activity_name'
12-13 23:53:31.028 I/InstrumentationBackend( 3995): Added:'ScrollToView', with key:'scroll_to_view'
12-13 23:53:31.029 I/InstrumentationBackend( 3995): Added:'ViewConfiguration', with key:'view_configuration'
12-13 23:53:31.029 I/InstrumentationBackend( 3995): Added:'IsCurrentActivityFocused', with key:'is_current_activity_focused'
12-13 23:53:31.029 I/InstrumentationBackend( 3995): Added:'SendTcp', with key:'send_tcp'
12-13 23:53:31.030 I/InstrumentationBackend( 3995): Added:'DpToDevicePixel', with key:'dp_to_device_pixel'
12-13 23:53:31.031 I/InstrumentationBackend( 3995): Added:'KeyboardEnterText', with key:'keyboard_enter_text'
12-13 23:53:31.031 I/InstrumentationBackend( 3995): Added:'DeleteSurroundingText', with key:'delete_surrounding_text'
12-13 23:53:31.032 I/InstrumentationBackend( 3995): Added:'SetComposingRegion', with key:'set_composing_region'
12-13 23:53:31.033 I/InstrumentationBackend( 3995): Added:'SetSelection', with key:'set_selection'
12-13 23:53:31.033 I/InstrumentationBackend( 3995): Added:'KeyboardKeyEvent', with key:'keyboard_key_event'
12-13 23:53:31.033 I/InstrumentationBackend( 3995): Added:'PressUserActionButton', with key:'press_user_action_button'
12-13 23:53:31.034 I/InstrumentationBackend( 3995): Added:'HideSoftKeyboard', with key:'hide_soft_keyboard'
12-13 23:53:31.036 I/InstrumentationBackend( 3995): Added:'ListActions', with key:'list_actions'
12-13 23:53:31.036 I/calabash( 3995): Instantiating http server at 7102
12-13 23:53:31.037 I/System.out( 3995): HTTP Daemon listening on: 7102
12-13 23:53:31.076 I/System.out( 3995): URI: //ping
12-13 23:53:31.076 I/System.out( 3995): params: {json={}
12-13 23:53:31.076 I/System.out( 3995): }
12-13 23:53:31.086 I/System.out( 3995): URI: //ping
12-13 23:53:31.086 I/System.out( 3995): params: {json={}
12-13 23:53:31.086 I/System.out( 3995): }
12-13 23:53:31.094 I/System.out( 3995): URI: //ready
12-13 23:53:31.094 I/System.out( 3995): params: {json={}
12-13 23:53:31.094 I/System.out( 3995): }
12-13 23:53:31.101 I/System.out( 3995): URI: //
12-13 23:53:31.101 I/System.out( 3995): params: {json={"command":"version","arguments":[]}
12-13 23:53:31.101 I/System.out( 3995): }
12-13 23:53:31.101 I/System.out( 3995): header: {content-type=application/json;charset=utf-8, date=Mon, 14 Dec 2020 04:53:31 GMT, accept=*/*, host=127.0.0.1:34777, content-length=36, user-agent=HTTPClient/1.0 (2.8.3, ruby 2.5.8 (2020-03-31))}
12-13 23:53:31.102 I/System.out( 3995): params: {json={"command":"version","arguments":[]}
12-13 23:53:31.102 I/System.out( 3995): }
12-13 23:53:31.102 I/System.out( 3995): ProP json = {"command":"version","arguments":[]}
12-13 23:53:31.102 I/System.out( 3995): files: {}
12-13 23:53:31.102 I/System.out( 3995): command: {"command":"version","arguments":[]}
12-13 23:53:31.137 I/InstrumentationBackend( 3995): Got command:'Command:'Line:null,version', arguments:'[]'
12-13 23:53:31.178 I/System.out( 3995): result:{"bonusInformation":[],"message":"0.9.8","success":true}
12-13 23:53:31.187 I/System.out( 3995): URI: //start-application
12-13 23:53:31.188 I/System.out( 3995): params: {json={"intent":null}
12-13 23:53:31.188 I/System.out( 3995): }
12-13 23:53:31.238 I/ActivityManager( 1628): START u0 {act=android.intent.action.MAIN cat=[android.intent.category.LAUNCHER] flg=0x10200000 cmp=com.evancharlton.mileage/.Mileage} from uid 10192
12-13 23:53:31.259 I/calabash( 3995): newActivity1
12-13 23:53:31.280 D/gralloc_ranchu( 1395): gralloc_alloc: Creating ashmem region of size 7753728
12-13 23:53:31.333 W/ActivityManager( 1628): Bad activity token: android.os.BinderProxy@2a75ed8
12-13 23:53:31.333 W/ActivityManager( 1628): java.lang.ClassCastException: android.os.BinderProxy cannot be cast to com.android.server.am.ActivityRecord$Token
12-13 23:53:31.333 W/ActivityManager( 1628): 	at com.android.server.am.ActivityRecord.forTokenLocked(ActivityRecord.java:778)
12-13 23:53:31.333 W/ActivityManager( 1628): 	at com.android.server.am.ActivityRecord.isInStackLocked(ActivityRecord.java:2085)
12-13 23:53:31.333 W/ActivityManager( 1628): 	at com.android.server.am.ActivityRecord.getStackLocked(ActivityRecord.java:2090)
12-13 23:53:31.333 W/ActivityManager( 1628): 	at com.android.server.am.ActivityManagerService.getActivityDisplayId(ActivityManagerService.java:10406)
12-13 23:53:31.333 W/ActivityManager( 1628): 	at android.app.IActivityManager$Stub.onTransact(IActivityManager.java:2738)
12-13 23:53:31.333 W/ActivityManager( 1628): 	at com.android.server.am.ActivityManagerService.onTransact(ActivityManagerService.java:2935)
12-13 23:53:31.333 W/ActivityManager( 1628): 	at android.os.Binder.execTransact(Binder.java:674)
12-13 23:53:31.335 I/calabash( 3995): newActivity1
12-13 23:53:31.345 W/ActivityManager( 1628): Bad activity token: android.os.BinderProxy@2a75ed8
12-13 23:53:31.345 W/ActivityManager( 1628): java.lang.ClassCastException: android.os.BinderProxy cannot be cast to com.android.server.am.ActivityRecord$Token
12-13 23:53:31.345 W/ActivityManager( 1628): 	at com.android.server.am.ActivityRecord.forTokenLocked(ActivityRecord.java:778)
12-13 23:53:31.345 W/ActivityManager( 1628): 	at com.android.server.am.ActivityRecord.isInStackLocked(ActivityRecord.java:2085)
12-13 23:53:31.345 W/ActivityManager( 1628): 	at com.android.server.am.ActivityManagerService.setTaskDescription(ActivityManagerService.java:9988)
12-13 23:53:31.345 W/ActivityManager( 1628): 	at android.app.IActivityManager$Stub.onTransact(IActivityManager.java:2824)
12-13 23:53:31.345 W/ActivityManager( 1628): 	at com.android.server.am.ActivityManagerService.onTransact(ActivityManagerService.java:2935)
12-13 23:53:31.345 W/ActivityManager( 1628): 	at android.os.Binder.execTransact(Binder.java:674)
12-13 23:53:31.361 E/ContentStoreEUAS( 2113): Failed to commit the deferred actions
12-13 23:53:31.363 W/ActivityManager( 1628): Bad activity token: android.os.BinderProxy@2a75ed8
12-13 23:53:31.363 W/ActivityManager( 1628): java.lang.ClassCastException: android.os.BinderProxy cannot be cast to com.android.server.am.ActivityRecord$Token
12-13 23:53:31.363 W/ActivityManager( 1628): 	at com.android.server.am.ActivityRecord.forTokenLocked(ActivityRecord.java:778)
12-13 23:53:31.363 W/ActivityManager( 1628): 	at com.android.server.am.ActivityRecord.isInStackLocked(ActivityRecord.java:2085)
12-13 23:53:31.363 W/ActivityManager( 1628): 	at com.android.server.am.ActivityRecord.getStackLocked(ActivityRecord.java:2090)
12-13 23:53:31.363 W/ActivityManager( 1628): 	at com.android.server.am.ActivityManagerService.getActivityStackId(ActivityManagerService.java:10417)
12-13 23:53:31.363 W/ActivityManager( 1628): 	at android.app.IActivityManager$Stub.onTransact(IActivityManager.java:3548)
12-13 23:53:31.363 W/ActivityManager( 1628): 	at com.android.server.am.ActivityManagerService.onTransact(ActivityManagerService.java:2935)
12-13 23:53:31.363 W/ActivityManager( 1628): 	at android.os.Binder.execTransact(Binder.java:674)
12-13 23:53:31.382 D/EGL_emulation( 2064): eglMakeCurrent: 0x9bc7cde0: ver 3 0 (tinfo 0x9bc7fb30)
12-13 23:53:31.390 V/StatusBar( 1733): setLightsOn(true)
12-13 23:53:31.399 D/EGL_emulation( 2113): eglMakeCurrent: 0x9e004a20: ver 3 0 (tinfo 0x9e003830)
12-13 23:53:31.416 D/EGL_emulation( 1733): eglMakeCurrent: 0x8a5920a0: ver 3 0 (tinfo 0x8a58faa0)
12-13 23:53:31.420 I/chatty  ( 1733): uid=10028(u0_a28) RenderThread identical 1 line
12-13 23:53:31.439 D/EGL_emulation( 1733): eglMakeCurrent: 0x8a5920a0: ver 3 0 (tinfo 0x8a58faa0)
12-13 23:53:31.440 V/StatusBar( 1733): setLightsOn(true)
12-13 23:53:31.444 D/EGL_emulation( 1733): eglMakeCurrent: 0x8a5920a0: ver 3 0 (tinfo 0x8a58faa0)
12-13 23:53:31.594 W/ActivityManager( 1628): Bad activity token: android.os.BinderProxy@2a75ed8
12-13 23:53:31.594 W/ActivityManager( 1628): java.lang.ClassCastException: android.os.BinderProxy cannot be cast to com.android.server.am.ActivityRecord$Token
12-13 23:53:31.594 W/ActivityManager( 1628): 	at com.android.server.am.ActivityRecord.forTokenLocked(ActivityRecord.java:778)
12-13 23:53:31.594 W/ActivityManager( 1628): 	at com.android.server.am.ActivityRecord.isInStackLocked(ActivityRecord.java:2085)
12-13 23:53:31.594 W/ActivityManager( 1628): 	at com.android.server.am.ActivityManagerService.getActivityOptions(ActivityManagerService.java:13302)
12-13 23:53:31.594 W/ActivityManager( 1628): 	at android.app.IActivityManager$Stub.onTransact(IActivityManager.java:2910)
12-13 23:53:31.594 W/ActivityManager( 1628): 	at com.android.server.am.ActivityManagerService.onTransact(ActivityManagerService.java:2935)
12-13 23:53:31.594 W/ActivityManager( 1628): 	at android.os.Binder.execTransact(Binder.java:674)
12-13 23:53:31.602 W/ActivityManager( 1628): Bad activity token: android.os.BinderProxy@2a75ed8
12-13 23:53:31.602 W/ActivityManager( 1628): java.lang.ClassCastException: android.os.BinderProxy cannot be cast to com.android.server.am.ActivityRecord$Token
12-13 23:53:31.602 W/ActivityManager( 1628): 	at com.android.server.am.ActivityRecord.forTokenLocked(ActivityRecord.java:778)
12-13 23:53:31.602 W/ActivityManager( 1628): 	at com.android.server.am.ActivityRecord.isInStackLocked(ActivityRecord.java:2085)
12-13 23:53:31.602 W/ActivityManager( 1628): 	at com.android.server.am.ActivityManagerService.getActivityOptions(ActivityManagerService.java:13302)
12-13 23:53:31.602 W/ActivityManager( 1628): 	at android.app.IActivityManager$Stub.onTransact(IActivityManager.java:2910)
12-13 23:53:31.602 W/ActivityManager( 1628): 	at com.android.server.am.ActivityManagerService.onTransact(ActivityManagerService.java:2935)
12-13 23:53:31.602 W/ActivityManager( 1628): 	at android.os.Binder.execTransact(Binder.java:674)
12-13 23:53:31.607 I/chatty  ( 1733): uid=10028(u0_a28) RenderThread identical 19 lines
12-13 23:53:31.614 D/EGL_emulation( 1733): eglMakeCurrent: 0x8a5920a0: ver 3 0 (tinfo 0x8a58faa0)
12-13 23:53:31.715 V/StatusBar( 1733): setLightsOn(true)
12-13 23:53:31.803 V/StatusBar( 1733): setLightsOn(true)
12-13 23:53:31.819 I/zygote  ( 3995): Do partial code cache collection, code=28KB, data=30KB
12-13 23:53:31.820 I/zygote  ( 3995): After code cache collection, code=28KB, data=30KB
12-13 23:53:31.820 I/zygote  ( 3995): Increasing code cache capacity to 128KB
12-13 23:53:31.822 I/zygote  ( 3995): Do partial code cache collection, code=28KB, data=48KB
12-13 23:53:31.825 I/zygote  ( 3995): After code cache collection, code=28KB, data=48KB
12-13 23:53:31.825 I/zygote  ( 3995): Increasing code cache capacity to 256KB
12-13 23:53:31.825 I/zygote  ( 3995): JIT allocated 71KB for compiled code of void android.widget.TextView.<init>(android.content.Context, android.util.AttributeSet, int, int)
12-13 23:53:31.825 I/zygote  ( 3995): Compiler allocated 4MB to compile void android.widget.TextView.<init>(android.content.Context, android.util.AttributeSet, int, int)
12-13 23:53:31.875 V/StatusBar( 1733): setLightsOn(true)
12-13 23:53:31.876 V/StatusBar( 1733): setLightsOn(true)
12-13 23:53:31.926 D/gralloc_ranchu( 1395): gralloc_alloc: Creating ashmem region of size 7753728
12-13 23:53:31.960 D/        ( 3995): HostConnection::get() New Host Connection established 0x9b6afe80, tid 3995
12-13 23:53:32.020 V/StatusBar( 1733): setLightsOn(true)
12-13 23:53:32.024 V/StatusBar( 1733): setLightsOn(true)
12-13 23:53:32.030 I/ActivityManager( 1628): Displayed com.evancharlton.mileage/.Mileage: +775ms
12-13 23:53:32.035 V/StatusBar( 1733): setLightsOn(true)
12-13 23:53:32.059 I/zygote  ( 3995): Do full code cache collection, code=125KB, data=68KB
12-13 23:53:32.060 I/zygote  ( 3995): After code cache collection, code=106KB, data=43KB
12-13 23:53:32.065 D/gralloc_ranchu( 1395): gralloc_alloc: Creating ashmem region of size 7753728
12-13 23:53:32.105 V/StatusBar( 1733): setLightsOn(true)
12-13 23:53:32.109 I/chatty  ( 1733): uid=10028(u0_a28) com.android.systemui identical 1 line
12-13 23:53:32.148 V/StatusBar( 1733): setLightsOn(true)
12-13 23:53:32.196 W/SurfaceFlinger( 1409): couldn't log to binary event log: overflow.
12-13 23:53:32.220 V/StatusBar( 1733): setLightsOn(true)
12-13 23:53:32.248 V/StatusBar( 1733): setLightsOn(true)
12-13 23:53:32.286 I/PBSessionCacheImpl( 2113): Deleted sessionId[3520772529588] from persistence.
12-13 23:53:32.308 I/System.out( 3995): URI: //map
12-13 23:53:32.308 I/System.out( 3995): params: {json={"query":"android.widget.CheckBox index:0","operation":{"method_name":"query","arguments":[]}}
12-13 23:53:32.308 I/System.out( 3995): }
12-13 23:53:32.324 W/SearchService( 2113): Abort, client detached.
12-13 23:53:32.327 E/memtrack( 1628): Couldn't load memtrack module
12-13 23:53:32.327 W/android.os.Debug( 1628): failed to get memory consumption info: -1
12-13 23:53:32.484 I/System.out( 3995): URI: //gesture
12-13 23:53:32.484 I/System.out( 3995): params: {json={"query_timeout":5.0,"gestures":[{"query_string":"android.widget.CheckBox index:0","touches":[{"x":50,"y":50,"offset_x":0,"offset_y":0,"wait":0.0,"time":0.2,"release":true,"query_string":null}]}]}
12-13 23:53:32.484 I/System.out( 3995): }
12-13 23:53:32.495 I/Finsky  ( 2591): [2] abyu.onStartJob(3): SCH: onJobSchedulerWakeup with jobId 9001
12-13 23:53:32.497 I/Finsky  ( 2591): [2] abtz.a(9): SCH: Scheduling fallback job with id: 9034, and delay: 43200000 ms
12-13 23:53:32.498 I/Finsky  ( 2591): [2] abtz.b(9): SCH: Scheduling fallback in 64799999 (absolute: 64876565)
12-13 23:53:32.511 I/Finsky  ( 2591): [2] abyu.onStartJob(3): SCH: onJobSchedulerWakeup with jobId 9003
12-13 23:53:32.513 I/Finsky  ( 2591): [2] abtz.a(9): SCH: Scheduling fallback job with id: 9034, and delay: 43200000 ms
12-13 23:53:32.514 I/Finsky  ( 2591): [2] abtz.b(9): SCH: Scheduling fallback in 64799999 (absolute: 64876581)
12-13 23:53:32.517 W/Finsky  ( 2591): [2] abyu.onStartJob(10): SCH: onJobSchedulerWakeup while already running
12-13 23:53:32.527 I/zygote  ( 3995): Do partial code cache collection, code=123KB, data=60KB
12-13 23:53:32.528 I/zygote  ( 3995): After code cache collection, code=123KB, data=60KB
12-13 23:53:32.528 I/zygote  ( 3995): Increasing code cache capacity to 512KB
12-13 23:53:32.570 I/Finsky  ( 2591): [2] abui.handleMessage(8): SCH: DeviceState: DeviceState{currentTime=1607921612567, isCharging=false, isIdle=false, netAny=true, netNotRoaming=true, netUnmetered=true, batteryPercent=100.0}
12-13 23:53:32.581 I/Finsky  ( 2591): [125] abwt.b(5): SCH: Jobs in database: 1-1337 2-48879 3-54 12-1 21-333333333 26-1414141414 29-29 
12-13 23:53:32.588 I/Finsky  ( 2591): [2] abuj.b(10): SCH: Running job: 12-1
12-13 23:53:32.590 I/Finsky  ( 2591): [2] ContentSyncJob.r(1): [ContentSync] job started
12-13 23:53:32.591 I/Finsky  ( 2591): [2] abuj.b(10): SCH: Running job: 21-333333333
12-13 23:53:32.601 W/Finsky  ( 2591): [2] fic.c(22): For unauth, use getDfeApiNonAuthenticated() instead!
12-13 23:53:32.601 I/Finsky  ( 2591): [2] fic.f(2): getDfeApiOrNonauthenticated is returning unauth api
12-13 23:53:32.703 I/Finsky  ( 2591): [2] abuj.b(10): SCH: Running job: 29-29
12-13 23:53:32.713 I/Finsky  ( 2591): [2] abui.handleMessage(59): SCH: RunningQueue size: 3, PendingQueue size: 0
12-13 23:53:32.713 I/Finsky  ( 2591): [2] abuj.p(3): SCH: Running queue: 12-1 21-333333333 29-29 
12-13 23:53:32.720 I/Finsky  ( 2591): [191] ajmy.a(0): ProcessRecoveryLogsUtil: No files in recovery directory
12-13 23:53:32.722 I/Finsky  ( 2591): [191] abvs.n(4): SCH: jobFinished: 29-29. TimeElapsed: 18ms.
12-13 23:53:32.728 D/BoundBrokerSvc( 1941): onBind: Intent { act=com.google.android.gms.usagereporting.service.START pkg=com.google.android.gms }
12-13 23:53:32.728 D/BoundBrokerSvc( 1941): Loading bound service for intent: Intent { act=com.google.android.gms.usagereporting.service.START pkg=com.google.android.gms }
12-13 23:53:32.728 I/Finsky  ( 2591): [2] abuj.e(4): SCH: Job 29-29 finished. Not rescheduling.
12-13 23:53:32.732 D/BoundBrokerSvc( 1941): onUnbind: Intent { act=com.google.android.gms.phenotype.service.START cmp=com.google.android.gms/.chimera.PersistentApiService }
12-13 23:53:32.733 I/Finsky  ( 2591): [2] abui.handleMessage(59): SCH: RunningQueue size: 2, PendingQueue size: 0
12-13 23:53:32.734 I/Finsky  ( 2591): [2] abuj.p(3): SCH: Running queue: 12-1 21-333333333 
12-13 23:53:32.775 D/TelephonyProvider( 1810): subIdString = 1 subId = 1
12-13 23:53:32.795 W/audio_hw_generic( 1389): Not supplying enough data to HAL, expected position 150557 , only wrote 150480
12-13 23:53:32.818 I/Finsky  ( 2591): [129] lru.a(13): Dynamic config did not change, will not upload it.
12-13 23:53:32.820 I/Finsky  ( 2591): [129] lsx.a(5): Dynamic device configuration updated successfully.
12-13 23:53:32.824 I/Finsky  ( 2591): [129] abvs.n(4): SCH: jobFinished: 21-333333333. TimeElapsed: 233ms.
12-13 23:53:32.831 I/Finsky  ( 2591): [2] abuj.e(4): SCH: Job 21-333333333 finished. Not rescheduling.
12-13 23:53:32.833 I/Finsky  ( 2591): [2] abui.handleMessage(59): SCH: RunningQueue size: 1, PendingQueue size: 0
12-13 23:53:32.833 I/Finsky  ( 2591): [2] abuj.p(3): SCH: Running queue: 12-1 
12-13 23:53:32.997 D/gralloc_ranchu( 1395): gralloc_alloc: Creating ashmem region of size 7753728
12-13 23:53:33.115 E/memtrack( 1628): Couldn't load memtrack module
12-13 23:53:33.115 W/android.os.Debug( 1628): failed to get memory consumption info: -1
12-13 23:53:33.155 I/Finsky  ( 2591): [193] glv.b(1): Completed 0 account content syncs with 0 successful.
12-13 23:53:33.156 I/Finsky  ( 2591): [2] ContentSyncJob.a(1): [ContentSync] Installation state replication succeeded.
12-13 23:53:33.158 I/Finsky  ( 2591): [2] abvs.n(4): SCH: jobFinished: 12-1. TimeElapsed: 570ms.
12-13 23:53:33.160 I/Finsky  ( 2591): [2] abuj.e(4): SCH: Job 12-1 finished. Not rescheduling.
12-13 23:53:33.163 I/Finsky  ( 2591): [2] abui.handleMessage(59): SCH: RunningQueue size: 0, PendingQueue size: 0
12-13 23:53:33.164 I/Finsky  ( 2591): [2] abui.handleMessage(26): SCH: Executor finished
12-13 23:53:33.183 I/Finsky  ( 2591): [2] abwt.b(5): SCH: Jobs in database: 1-1337 2-48879 3-54 26-1414141414 
12-13 23:53:33.190 I/Finsky  ( 2591): [2] abvf.d(37): SCH: ConstraintMapping: 1-1337,  -> L: 11953776ms, D: 55153776ms, C: false, I: false, N: 1
12-13 23:53:33.191 I/Finsky  ( 2591): [2] abvf.d(37): SCH: ConstraintMapping: 2-48879, 3-54,  -> L: 0ms, D: 74822909ms, C: true, I: true, N: 2
12-13 23:53:33.191 I/Finsky  ( 2591): [2] abvf.d(37): SCH: ConstraintMapping: 26-1414141414,  -> L: 32943860ms, D: 33843860ms, C: false, I: false, N: 0
12-13 23:53:33.199 I/Finsky  ( 2591): [2] abvf.f(7): SCH: Cancelling existing jobscheduler jobs: 9002 
12-13 23:53:33.199 I/Finsky  ( 2591): [2] abvf.e(23): SCH: Scheduling job Id: 9000, L: 11953776, D: 55153776, C: false, I: false, N: 1
12-13 23:53:33.203 I/Finsky  ( 2591): [2] abvf.e(8): SCH: Throttling wakeup for job 9003 (expected to run in 0 ms) due to recent wakeup
12-13 23:53:33.203 I/Finsky  ( 2591): [2] abvf.e(23): SCH: Scheduling job Id: 9003, L: 30000, D: 74822909, C: true, I: true, N: 2
12-13 23:53:33.206 I/Finsky  ( 2591): [2] abvf.e(23): SCH: Scheduling job Id: 9004, L: 32943860, D: 33843860, C: false, I: false, N: 0
12-13 23:53:33.322 E/SurfaceFlinger( 1409): ro.sf.lcd_density must be defined as a build property
12-13 23:53:33.337 D/gralloc_ranchu( 1395): gralloc_alloc: Creating ashmem region of size 8298496
12-13 23:53:33.349 D/        ( 4044): HostConnection::get() New Host Connection established 0xaff2f800, tid 4044
12-13 23:53:33.733 E/memtrack( 1628): Couldn't load memtrack module
12-13 23:53:33.733 W/android.os.Debug( 1628): failed to get memory consumption info: -1
12-13 23:53:33.793 I/System.out( 3995): URI: //map
12-13 23:53:33.793 I/System.out( 3995): params: {json={"query":"android.widget.CheckBox index:0","operation":{"method_name":"query","arguments":[]}}
12-13 23:53:33.793 I/System.out( 3995): }
12-13 23:53:33.876 I/System.out( 3995): URI: //gesture
12-13 23:53:33.876 I/System.out( 3995): params: {json={"query_timeout":5.0,"gestures":[{"query_string":"android.widget.CheckBox index:0","touches":[{"x":50,"y":50,"offset_x":0,"offset_y":0,"wait":0.0,"time":0.2,"release":true,"query_string":null}]}]}
12-13 23:53:33.876 I/System.out( 3995): }
12-13 23:53:34.407 E/SurfaceFlinger( 1409): ro.sf.lcd_density must be defined as a build property
12-13 23:53:34.417 D/gralloc_ranchu( 1395): gralloc_alloc: Creating ashmem region of size 8298496
12-13 23:53:34.427 D/        ( 4053): HostConnection::get() New Host Connection established 0xaeeaf800, tid 4053
