--------- beginning of main
12-14 01:09:36.612 E/adbd    ( 1382): failed to connect to socket 'tcp:7102': Connection refused
12-14 01:09:36.666 V/StatusBar( 1729): setLightsOn(true)
--------- beginning of system
12-14 01:09:36.666 W/ActivityManager( 1626): Finishing task with all activities already finished
12-14 01:09:36.666 W/ActivityManager( 1626): Duplicate finish request for ActivityRecord{bc70ad3 u0 com.evancharlton.mileage/.Mileage t663 f}
12-14 01:09:36.667 W/ActivityManager( 1626): Finishing task with all activities already finished
12-14 01:09:36.667 W/ActivityManager( 1626): Duplicate finish request for ActivityRecord{bc70ad3 u0 com.evancharlton.mileage/.Mileage t663 f}
12-14 01:09:36.676 W/ActivityManager( 1626): Finishing task with all activities already finished
12-14 01:09:36.676 W/ActivityManager( 1626): Duplicate finish request for ActivityRecord{bc70ad3 u0 com.evancharlton.mileage/.Mileage t663 f}
12-14 01:09:36.677 W/ActivityManager( 1626): Finishing task with all activities already finished
12-14 01:09:36.677 W/ActivityManager( 1626): Duplicate finish request for ActivityRecord{bc70ad3 u0 com.evancharlton.mileage/.Mileage t663 f}
12-14 01:09:36.677 W/ActivityManager( 1626): Finishing task with all activities already finished
12-14 01:09:36.677 W/ActivityManager( 1626): Duplicate finish request for ActivityRecord{bc70ad3 u0 com.evancharlton.mileage/.Mileage t663 f}
12-14 01:09:36.677 W/ActivityManager( 1626): Finishing task with all activities already finished
12-14 01:09:36.677 W/ActivityManager( 1626): Duplicate finish request for ActivityRecord{bc70ad3 u0 com.evancharlton.mileage/.Mileage t663 f}
12-14 01:09:36.677 W/ActivityManager( 1626): Finishing task with all activities already finished
12-14 01:09:36.677 W/ActivityManager( 1626): Duplicate finish request for ActivityRecord{bc70ad3 u0 com.evancharlton.mileage/.Mileage t663 f}
12-14 01:09:36.678 W/ActivityManager( 1626): Finishing task with all activities already finished
12-14 01:09:36.678 W/ActivityManager( 1626): Duplicate finish request for ActivityRecord{bc70ad3 u0 com.evancharlton.mileage/.Mileage t663 f}
12-14 01:09:36.678 W/ActivityManager( 1626): Finishing task with all activities already finished
12-14 01:09:36.678 W/ActivityManager( 1626): Duplicate finish request for ActivityRecord{bc70ad3 u0 com.evancharlton.mileage/.Mileage t663 f}
12-14 01:09:36.678 W/ActivityManager( 1626): Finishing task with all activities already finished
12-14 01:09:36.678 W/ActivityManager( 1626): Duplicate finish request for ActivityRecord{bc70ad3 u0 com.evancharlton.mileage/.Mileage t663 f}
12-14 01:09:36.678 W/ActivityManager( 1626): Finishing task with all activities already finished
12-14 01:09:36.678 W/ActivityManager( 1626): Duplicate finish request for ActivityRecord{bc70ad3 u0 com.evancharlton.mileage/.Mileage t663 f}
12-14 01:09:36.690 I/chatty  ( 1729): uid=10028(u0_a28) com.android.systemui identical 3 lines
12-14 01:09:36.706 V/StatusBar( 1729): setLightsOn(true)
12-14 01:09:36.710 D/gralloc_ranchu( 1395): gralloc_alloc: Creating ashmem region of size 8298496
12-14 01:09:36.716 D/SurfaceFlinger( 1418): duplicate layer name: changing com.google.android.apps.nexuslauncher/com.google.android.apps.nexuslauncher.NexusLauncherActivity to com.google.android.apps.nexuslauncher/com.google.android.apps.nexuslauncher.NexusLauncherActivity#1
12-14 01:09:36.732 D/EGL_emulation( 1729): eglMakeCurrent: 0x9e5849c0: ver 3 0 (tinfo 0x9e583510)
12-14 01:09:36.732 D/gralloc_ranchu( 1395): gralloc_alloc: Creating ashmem region of size 8298496
12-14 01:09:36.746 I/chatty  ( 1395): uid=1000(system) allocator@2.0-s identical 1 line
12-14 01:09:36.797 D/gralloc_ranchu( 1395): gralloc_alloc: Creating ashmem region of size 8298496
12-14 01:09:36.877 W/audio_hw_generic( 1389): Not supplying enough data to HAL, expected position 837790 , only wrote 597600
12-14 01:09:36.892 D/gralloc_ranchu( 1395): gralloc_alloc: Creating ashmem region of size 8298496
12-14 01:09:36.968 D/gralloc_ranchu( 1395): gralloc_alloc: Creating ashmem region of size 8298496
12-14 01:09:36.969 E/IPCThreadState( 1418): binder thread pool (4 threads) starved for 243 ms
12-14 01:09:37.006 I/NetworkScheduler.Stats( 1942): Task com.google.android.gms/com.google.android.gms.icing.service.IcingGcmTaskService started execution. cause:4 exec_start_elapsed_seconds: 87 [CONTEXT service_id=218 ]
12-14 01:09:37.064 D/gralloc_ranchu( 1395): gralloc_alloc: Creating ashmem region of size 8298496
12-14 01:09:37.084 D/EGL_emulation( 2141): eglMakeCurrent: 0x9e5843c0: ver 3 0 (tinfo 0x9e583390)
12-14 01:09:37.188 D/EGL_emulation( 2167): eglMakeCurrent: 0x9bffe100: ver 3 0 (tinfo 0x9bfff900)
12-14 01:09:37.188 D/EGL_emulation( 2141): eglMakeCurrent: 0x9e5843c0: ver 3 0 (tinfo 0x9e583390)
12-14 01:09:37.193 D/gralloc_ranchu( 1395): gralloc_alloc: Creating ashmem region of size 8298496
12-14 01:09:37.232 I/NetworkScheduler.Stats( 1942): Task com.google.android.gms/com.google.android.gms.ads.social.GcmSchedulerWakeupService started execution. cause:4 exec_start_elapsed_seconds: 87 [CONTEXT service_id=218 ]
12-14 01:09:37.241 D/gralloc_ranchu( 1395): gralloc_alloc: Creating ashmem region of size 8298496
12-14 01:09:37.254 I/NetworkScheduler.Stats( 1942): Task com.google.android.gms/com.google.android.gms.icing.service.IcingGcmTaskService finished executing. cause:4 result: 1 elapsed_millis: 384 uptime_millis: 384 exec_start_elapsed_seconds: 87 [CONTEXT service_id=218 ]
12-14 01:09:37.340 D/EGL_emulation( 2141): eglMakeCurrent: 0x9e5843c0: ver 3 0 (tinfo 0x9e583390)
12-14 01:09:37.353 D/gralloc_ranchu( 1395): gralloc_alloc: Creating ashmem region of size 8298496
12-14 01:09:37.421 W/ActivityManager( 1626): Unable to start service Intent { act=com.google.android.gms.speech.service.START pkg=com.google.android.gms } U=0: not found
12-14 01:09:37.422 W/ActivityManager( 1626): Unbind failed: could not find connection for android.os.BinderProxy@bee588e
12-14 01:09:37.423 E/GmsClient( 2167): unable to connect to service: com.google.android.gms.speech.service.START on com.google.android.gms
12-14 01:09:37.426 D/gralloc_ranchu( 1395): gralloc_alloc: Creating ashmem region of size 7753728
12-14 01:09:37.427 W/SessionLifecycleManager( 2167): Handover failed. Creating new session controller.
12-14 01:09:37.432 I/OptInState( 2167): There is a new client and it does not support opt-in. Dropping request.
12-14 01:09:37.440 I/zygote  ( 2167): Deoptimizing int[] com.google.common.collect.gx.b(java.lang.Object[], int, int, int) due to JIT inline cache
12-14 01:09:37.531 I/EventLogSendingHelper( 2167): Sending log events.
12-14 01:09:37.544 D/EGL_emulation( 1729): eglMakeCurrent: 0x9e5849c0: ver 3 0 (tinfo 0x9e583510)
12-14 01:09:37.570 I/MicroDetectionWorker( 2167): #updateMicroDetector [detectionMode: [mDetectionMode: [1]]]
12-14 01:09:37.570 I/MicroDetectionWorker( 2167): #startMicroDetector [speakerMode: 0]
12-14 01:09:37.572 I/AudioController( 2167): Using mInputStreamFactoryBuilder
12-14 01:09:37.583 W/OpenGLRenderer( 2141): Incorrectly called buildLayer on View: ShortcutAndWidgetContainer, destroying layer...
12-14 01:09:37.603 D/gralloc_ranchu( 1395): gralloc_alloc: Creating ashmem region of size 8298496
12-14 01:09:37.610 I/MicroDetectionWorker( 2167): onReady
12-14 01:09:37.625 I/MicroRecognitionRunner( 2167): Starting detection.
12-14 01:09:37.640 I/MicrophoneInputStream( 2167): mic_starting com.google.android.apps.gsa.staticplugins.aa.c@9f70726
12-14 01:09:37.705 D/EGL_emulation( 1729): eglMakeCurrent: 0x9e5849c0: ver 3 0 (tinfo 0x9e583510)
12-14 01:09:37.709 I/AudioFlinger( 1476): AudioFlinger's thread 0xaee83200 tid=4501 ready to run
12-14 01:09:37.739 D/EGL_emulation( 1729): eglMakeCurrent: 0x9e5849c0: ver 3 0 (tinfo 0x9e583510)
12-14 01:09:37.742 I/MicrophoneInputStream( 2167): mic_started com.google.android.apps.gsa.staticplugins.aa.c@9f70726
12-14 01:09:37.757 E/ActivityThread( 2167): Failed to find provider info for com.google.android.apps.gsa.testing.ui.audio.recorded
12-14 01:09:37.758 W/SpeechLevelGenerator( 2167): Really low audio levels detected. The audio input may have issues.
12-14 01:09:37.760 I/MicroDetectionWorker( 2167): onReady
12-14 01:09:37.762 D/EGL_emulation( 1729): eglMakeCurrent: 0x9e5849c0: ver 3 0 (tinfo 0x9e583510)
12-14 01:09:37.763 I/MicrophoneInputStream( 2167): mic_close com.google.android.apps.gsa.staticplugins.aa.c@9f70726
12-14 01:09:37.786 D/EGL_emulation( 1729): eglMakeCurrent: 0x9e5849c0: ver 3 0 (tinfo 0x9e583510)
12-14 01:09:37.790 D/EGL_emulation( 1729): eglMakeCurrent: 0x9e5849c0: ver 3 0 (tinfo 0x9e583510)
12-14 01:09:37.792 I/MicroRecognitionRunner( 2167): Detection finished
12-14 01:09:37.792 W/ErrorReporter( 2167): reportError [type: 211, code: 524300]: Error reading from input stream
12-14 01:09:37.804 D/EGL_emulation( 1729): eglMakeCurrent: 0x9e5849c0: ver 3 0 (tinfo 0x9e583510)
12-14 01:09:37.808 D/EGL_emulation( 1729): eglMakeCurrent: 0x9e5849c0: ver 3 0 (tinfo 0x9e583510)
12-14 01:09:37.810 I/MicroRecognitionRunner( 2167): Stopping hotword detection.
12-14 01:09:37.810 W/ErrorProcessor( 2167): onFatalError, processing error from engine(4)
12-14 01:09:37.810 W/ErrorProcessor( 2167): com.google.android.apps.gsa.shared.speech.b.g: Error reading from input stream
12-14 01:09:37.810 W/ErrorProcessor( 2167): 	at com.google.android.apps.gsa.staticplugins.recognizer.j.a.a(SourceFile:28)
12-14 01:09:37.810 W/ErrorProcessor( 2167): 	at com.google.android.apps.gsa.staticplugins.recognizer.j.b.run(SourceFile:15)
12-14 01:09:37.810 W/ErrorProcessor( 2167): 	at java.util.concurrent.Executors$RunnableAdapter.call(Executors.java:457)
12-14 01:09:37.810 W/ErrorProcessor( 2167): 	at java.util.concurrent.FutureTask.run(FutureTask.java:266)
12-14 01:09:37.810 W/ErrorProcessor( 2167): 	at com.google.android.apps.gsa.shared.util.concurrent.a.ax.run(SourceFile:14)
12-14 01:09:37.810 W/ErrorProcessor( 2167): 	at com.google.android.apps.gsa.shared.util.concurrent.a.bl.run(SourceFile:4)
12-14 01:09:37.810 W/ErrorProcessor( 2167): 	at com.google.android.apps.gsa.shared.util.concurrent.a.bl.run(SourceFile:4)
12-14 01:09:37.810 W/ErrorProcessor( 2167): 	at java.util.concurrent.ThreadPoolExecutor.runWorker(ThreadPoolExecutor.java:1162)
12-14 01:09:37.810 W/ErrorProcessor( 2167): 	at java.util.concurrent.ThreadPoolExecutor$Worker.run(ThreadPoolExecutor.java:636)
12-14 01:09:37.810 W/ErrorProcessor( 2167): 	at java.lang.Thread.run(Thread.java:764)
12-14 01:09:37.810 W/ErrorProcessor( 2167): 	at com.google.android.apps.gsa.shared.util.concurrent.a.ai.run(SourceFile:6)
12-14 01:09:37.810 W/ErrorProcessor( 2167): Caused by: com.google.android.apps.gsa.shared.exception.GsaIOException: Error code: 393238 | Buffer overflow, no available space.
12-14 01:09:37.810 W/ErrorProcessor( 2167): 	at com.google.android.apps.gsa.speech.audio.Tee.f(SourceFile:103)
12-14 01:09:37.810 W/ErrorProcessor( 2167): 	at com.google.android.apps.gsa.speech.audio.au.read(SourceFile:2)
12-14 01:09:37.810 W/ErrorProcessor( 2167): 	at java.io.InputStream.read(InputStream.java:101)
12-14 01:09:37.810 W/ErrorProcessor( 2167): 	at com.google.android.apps.gsa.speech.audio.ao.run(SourceFile:18)
12-14 01:09:37.810 W/ErrorProcessor( 2167): 	at com.google.android.apps.gsa.speech.audio.an.run(SourceFile:2)
12-14 01:09:37.810 W/ErrorProcessor( 2167): 	... 9 more
12-14 01:09:37.810 I/AudioController( 2167): internalShutdown
12-14 01:09:37.823 D/EGL_emulation( 1729): eglMakeCurrent: 0x9e5849c0: ver 3 0 (tinfo 0x9e583510)
12-14 01:09:37.831 I/DeviceStateChecker( 2167): DeviceStateChecker cancelled
12-14 01:09:37.833 I/MicroDetector( 2167): Keeping mic open: false
12-14 01:09:37.835 I/MicroDetectionWorker( 2167): #onError(false)
12-14 01:09:37.864 D/AndroidRuntime( 4493): >>>>>> START com.android.internal.os.RuntimeInit uid 2000 <<<<<<
12-14 01:09:37.904 I/OpenGLRenderer( 1626): Initialized EGL, version 1.4
12-14 01:09:37.905 D/OpenGLRenderer( 1626): Swap behavior 1
12-14 01:09:37.905 W/OpenGLRenderer( 1626): Failed to choose config with EGL_SWAP_BEHAVIOR_PRESERVED, retrying without...
12-14 01:09:37.905 D/OpenGLRenderer( 1626): Swap behavior 0
12-14 01:09:37.912 D/EGL_emulation( 1626): eglCreateContext: 0x9bbee2a0: maj 3 min 0 rcv 3
12-14 01:09:37.915 D/EGL_emulation( 1626): eglMakeCurrent: 0x9bbee2a0: ver 3 0 (tinfo 0x8c2520f0)
12-14 01:09:37.916 E/eglCodecCommon( 1626): glUtilsParamSize: unknow param 0x00008cdf
12-14 01:09:37.916 E/eglCodecCommon( 1626): glUtilsParamSize: unknow param 0x00008cdf
12-14 01:09:37.917 E/eglCodecCommon( 1626): glUtilsParamSize: unknow param 0x00008824
12-14 01:09:37.917 E/eglCodecCommon( 1626): glUtilsParamSize: unknow param 0x00008824
12-14 01:09:37.955 I/NetworkScheduler.Stats( 1942): Task com.google.android.gms/com.google.android.gms.clearcut.uploader.QosUploaderService started execution. cause:5 exec_start_elapsed_seconds: 88 [CONTEXT service_id=218 ]
12-14 01:09:37.981 W/app_process( 4493): Unexpected CPU variant for X86 using defaults: x86
12-14 01:09:38.008 D/AndroidRuntime( 4493): Calling main entry com.android.commands.am.Am
12-14 01:09:38.008 I/zygote  ( 1626): NativeAllocBackground concurrent copying GC freed 7012(647KB) AllocSpace objects, 3(76KB) LOS objects, 38% free, 9MB/15MB, paused 553us total 107.575ms
12-14 01:09:38.012 I/ActivityManager( 1626): Force stopping com.evancharlton.mileage appid=10268 user=0: start instr
12-14 01:09:38.012 I/ActivityManager( 1626): Killing 4412:com.evancharlton.mileage/u0a268 (adj 0): stop com.evancharlton.mileage
12-14 01:09:38.012 W/ActivityManager( 1626): Crash of app com.evancharlton.mileage running instrumentation ComponentInfo{com.evancharlton.mileage.test/sh.calaba.instrumentationbackend.CalabashInstrumentationTestRunner}
12-14 01:09:38.012 I/ActivityManager( 1626): Force stopping com.evancharlton.mileage appid=10268 user=0: finished inst
12-14 01:09:38.018 I/NetworkScheduler.Stats( 1942): Task com.google.android.gms/com.google.android.gms.ads.social.GcmSchedulerWakeupService finished executing. cause:4 result: 1 elapsed_millis: 918 uptime_millis: 918 exec_start_elapsed_seconds: 87 [CONTEXT service_id=218 ]
12-14 01:09:38.035 I/NetworkScheduler.Stats( 1942): Task com.google.android.gms/com.google.android.gms.clearcut.uploader.QosUploaderService finished executing. cause:5 result: 1 elapsed_millis: 243 uptime_millis: 243 exec_start_elapsed_seconds: 88 [CONTEXT service_id=218 ]
12-14 01:09:38.038 I/ActivityManager( 1626): Start proc 4513:com.evancharlton.mileage/u0a268 for added application com.evancharlton.mileage
12-14 01:09:38.039 W/ActivityManager( 1626): setHasOverlayUi called on unknown pid: 4412
12-14 01:09:38.040 I/zygote  ( 4513): Not late-enabling -Xcheck:jni (already on)
12-14 01:09:38.050 D/AndroidRuntime( 4493): Shutting down VM
12-14 01:09:38.067 W/zygote  ( 4513): Unexpected CPU variant for X86 using defaults: x86
12-14 01:09:38.088 E/adbd    ( 1382): failed to connect to socket 'tcp:7102': Connection refused
12-14 01:09:38.102 E/adbd    ( 1382): failed to connect to socket 'tcp:7102': Connection refused
12-14 01:09:38.107 W/zygote  ( 4513): Found duplicate classes, falling back to extracting from APK : /data/app/com.evancharlton.mileage.test-nvHqNljRVMIqp35RHpdQng==/base.apk
12-14 01:09:38.107 W/zygote  ( 4513): NOTE: This wastes RAM and hurts startup performance.
12-14 01:09:38.107 W/zygote  ( 4513): Found duplicated class when checking oat files: 'Ljunit/runner/BaseTestRunner;' in /data/app/com.evancharlton.mileage.test-nvHqNljRVMIqp35RHpdQng==/base.apk and /system/framework/android.test.runner.jar
12-14 01:09:38.107 W/zygote  ( 4513): 
12-14 01:09:38.162 W/System  ( 4513): ClassLoader referenced unknown path: 
12-14 01:09:38.180 I/System.out( 4513): Main activity name automatically set to: com.evancharlton.mileage.Mileage
12-14 01:09:38.185 I/System.out( 4513): Calabash did not load Mono. This is only a problem if you are trying to test a Mono application
12-14 01:09:38.185 I/calabash( 4513): Test server port: 7102
12-14 01:09:38.187 I/InstrumentationBackend( 4513): Added:'GetPreferences', with key:'get_preferences'
12-14 01:09:38.209 E/adbd    ( 1382): failed to connect to socket 'tcp:7102': Connection refused
12-14 01:09:38.212 E/adbd    ( 1382): failed to connect to socket 'tcp:7102': Connection refused
12-14 01:09:38.297 I/InstrumentationBackend( 4513): Added:'SetPreferences', with key:'set_preferences'
12-14 01:09:38.297 I/InstrumentationBackend( 4513): Added:'ClearPreferences', with key:'clear_preferences'
12-14 01:09:38.298 I/InstrumentationBackend( 4513): Added:'PressElement', with key:'press_l10n_element'
12-14 01:09:38.298 I/InstrumentationBackend( 4513): Added:'WaitForElement', with key:'wait_for_l10n_element'
12-14 01:09:38.300 I/InstrumentationBackend( 4513): Added:'NullAction', with key:'nullAction'
12-14 01:09:38.301 I/InstrumentationBackend( 4513): Added:'PressKey', with key:'press_key'
12-14 01:09:38.302 I/InstrumentationBackend( 4513): Added:'SetActivityOrientation', with key:'set_activity_orientation'
12-14 01:09:38.302 I/InstrumentationBackend( 4513): Added:'GetActivityOrientation', with key:'get_activity_orientation'
12-14 01:09:38.304 I/InstrumentationBackend( 4513): Added:'FakeGPSLocation', with key:'set_gps_coordinates'
12-14 01:09:38.305 I/InstrumentationBackend( 4513): Added:'SetPropertyByCssSelector', with key:'set_property_by_css_selector'
12-14 01:09:38.307 I/InstrumentationBackend( 4513): Added:'GetUrl', with key:'get_url'
12-14 01:09:38.310 I/InstrumentationBackend( 4513): Added:'ScrollTo', with key:'scroll_to'
12-14 01:09:38.310 I/InstrumentationBackend( 4513): Added:'GetLoadProgress', with key:'get_load_progress'
12-14 01:09:38.311 I/InstrumentationBackend( 4513): Added:'DumpHtml', with key:'dump_html'
12-14 01:09:38.311 I/InstrumentationBackend( 4513): Added:'DumpBodyHtml', with key:'dump_body_html'
12-14 01:09:38.311 I/InstrumentationBackend( 4513): Added:'EnterTextByCssSelector', with key:'enter_text_by_selector'
12-14 01:09:38.316 I/InstrumentationBackend( 4513): Added:'AndroidSDKVersion', with key:'android_sdk_version'
12-14 01:09:38.317 I/InstrumentationBackend( 4513): Added:'Version', with key:'version'
12-14 01:09:38.318 I/InstrumentationBackend( 4513): Added:'Drag', with key:'drag'
12-14 01:09:38.318 I/InstrumentationBackend( 4513): Added:'TouchCoordinates', with key:'touch_coordinate'
12-14 01:09:38.319 I/InstrumentationBackend( 4513): Added:'LongPressCoordinate', with key:'long_press_coordinate'
12-14 01:09:38.320 I/InstrumentationBackend( 4513): Added:'DragCoordinates', with key:'drag_coordinates'
12-14 01:09:38.320 I/InstrumentationBackend( 4513): Added:'ResumeApplication', with key:'resume_application'
12-14 01:09:38.321 I/InstrumentationBackend( 4513): Added:'Swipe', with key:'swipe'
12-14 01:09:38.321 I/InstrumentationBackend( 4513): Added:'DoubleTapCoordinate', with key:'double_tap_coordinate'
12-14 01:09:38.321 I/InstrumentationBackend( 4513): Added:'ClickOnScreen', with key:'click_on_screen'
12-14 01:09:38.322 E/adbd    ( 1382): failed to connect to socket 'tcp:7102': Connection refused
12-14 01:09:38.324 I/InstrumentationBackend( 4513): Added:'GetActivityName', with key:'get_activity_name'
12-14 01:09:38.324 E/adbd    ( 1382): failed to connect to socket 'tcp:7102': Connection refused
12-14 01:09:38.325 I/InstrumentationBackend( 4513): Added:'ScrollToView', with key:'scroll_to_view'
12-14 01:09:38.325 I/InstrumentationBackend( 4513): Added:'ViewConfiguration', with key:'view_configuration'
12-14 01:09:38.326 I/InstrumentationBackend( 4513): Added:'IsCurrentActivityFocused', with key:'is_current_activity_focused'
12-14 01:09:38.326 I/InstrumentationBackend( 4513): Added:'SendTcp', with key:'send_tcp'
12-14 01:09:38.327 I/InstrumentationBackend( 4513): Added:'DpToDevicePixel', with key:'dp_to_device_pixel'
12-14 01:09:38.328 I/InstrumentationBackend( 4513): Added:'KeyboardEnterText', with key:'keyboard_enter_text'
12-14 01:09:38.328 I/InstrumentationBackend( 4513): Added:'DeleteSurroundingText', with key:'delete_surrounding_text'
12-14 01:09:38.329 I/InstrumentationBackend( 4513): Added:'SetComposingRegion', with key:'set_composing_region'
12-14 01:09:38.329 I/InstrumentationBackend( 4513): Added:'SetSelection', with key:'set_selection'
12-14 01:09:38.330 I/InstrumentationBackend( 4513): Added:'KeyboardKeyEvent', with key:'keyboard_key_event'
12-14 01:09:38.330 I/InstrumentationBackend( 4513): Added:'PressUserActionButton', with key:'press_user_action_button'
12-14 01:09:38.331 I/InstrumentationBackend( 4513): Added:'HideSoftKeyboard', with key:'hide_soft_keyboard'
12-14 01:09:38.332 I/InstrumentationBackend( 4513): Added:'ListActions', with key:'list_actions'
12-14 01:09:38.333 I/calabash( 4513): Instantiating http server at 7102
12-14 01:09:38.335 I/System.out( 4513): HTTP Daemon listening on: 7102
12-14 01:09:38.448 I/System.out( 4513): URI: //ping
12-14 01:09:38.449 I/System.out( 4513): params: {json={}
12-14 01:09:38.449 I/System.out( 4513): }
12-14 01:09:38.463 I/Finsky  ( 2558): [116] nmi.run(36): Stats for Executor: BlockingExecutor non@543e366[Running, pool size = 2, active threads = 0, queued tasks = 0, completed tasks = 17]
12-14 01:09:38.465 I/Finsky  ( 2558): [116] nmi.run(36): Stats for Executor: LightweightExecutor non@41516a7[Running, pool size = 2, active threads = 0, queued tasks = 0, completed tasks = 71]
12-14 01:09:38.480 I/System.out( 4513): URI: //ping
12-14 01:09:38.480 I/System.out( 4513): params: {json={}
12-14 01:09:38.480 I/System.out( 4513): }
12-14 01:09:38.492 I/System.out( 4513): URI: //ready
12-14 01:09:38.492 I/System.out( 4513): params: {json={}
12-14 01:09:38.492 I/System.out( 4513): }
12-14 01:09:38.504 I/System.out( 4513): URI: //
12-14 01:09:38.504 I/System.out( 4513): params: {json={"command":"version","arguments":[]}
12-14 01:09:38.504 I/System.out( 4513): }
12-14 01:09:38.504 I/System.out( 4513): header: {content-type=application/json;charset=utf-8, date=Mon, 14 Dec 2020 06:09:38 GMT, accept=*/*, host=127.0.0.1:34777, content-length=36, user-agent=HTTPClient/1.0 (2.8.3, ruby 2.5.8 (2020-03-31))}
12-14 01:09:38.504 I/System.out( 4513): params: {json={"command":"version","arguments":[]}
12-14 01:09:38.504 I/System.out( 4513): }
12-14 01:09:38.505 I/System.out( 4513): ProP json = {"command":"version","arguments":[]}
12-14 01:09:38.505 I/System.out( 4513): files: {}
12-14 01:09:38.505 I/System.out( 4513): command: {"command":"version","arguments":[]}
12-14 01:09:38.537 I/InstrumentationBackend( 4513): Got command:'Command:'Line:null,version', arguments:'[]'
12-14 01:09:38.572 I/System.out( 4513): result:{"bonusInformation":[],"message":"0.9.8","success":true}
12-14 01:09:38.579 I/System.out( 4513): URI: //start-application
12-14 01:09:38.579 I/System.out( 4513): params: {json={"intent":null}
12-14 01:09:38.579 I/System.out( 4513): }
12-14 01:09:38.618 I/ActivityManager( 1626): START u0 {act=android.intent.action.MAIN cat=[android.intent.category.LAUNCHER] flg=0x10200000 cmp=com.evancharlton.mileage/.Mileage} from uid 10268
12-14 01:09:38.637 I/calabash( 4513): newActivity1
12-14 01:09:38.651 D/gralloc_ranchu( 1395): gralloc_alloc: Creating ashmem region of size 7753728
12-14 01:09:38.675 W/ActivityManager( 1626): Bad activity token: android.os.BinderProxy@a728331
12-14 01:09:38.675 W/ActivityManager( 1626): java.lang.ClassCastException: android.os.BinderProxy cannot be cast to com.android.server.am.ActivityRecord$Token
12-14 01:09:38.675 W/ActivityManager( 1626): 	at com.android.server.am.ActivityRecord.forTokenLocked(ActivityRecord.java:778)
12-14 01:09:38.675 W/ActivityManager( 1626): 	at com.android.server.am.ActivityRecord.isInStackLocked(ActivityRecord.java:2085)
12-14 01:09:38.675 W/ActivityManager( 1626): 	at com.android.server.am.ActivityRecord.getStackLocked(ActivityRecord.java:2090)
12-14 01:09:38.675 W/ActivityManager( 1626): 	at com.android.server.am.ActivityManagerService.getActivityDisplayId(ActivityManagerService.java:10406)
12-14 01:09:38.675 W/ActivityManager( 1626): 	at android.app.IActivityManager$Stub.onTransact(IActivityManager.java:2738)
12-14 01:09:38.675 W/ActivityManager( 1626): 	at com.android.server.am.ActivityManagerService.onTransact(ActivityManagerService.java:2935)
12-14 01:09:38.675 W/ActivityManager( 1626): 	at android.os.Binder.execTransact(Binder.java:674)
12-14 01:09:38.675 I/calabash( 4513): newActivity1
12-14 01:09:38.687 W/ActivityManager( 1626): Bad activity token: android.os.BinderProxy@a728331
12-14 01:09:38.687 W/ActivityManager( 1626): java.lang.ClassCastException: android.os.BinderProxy cannot be cast to com.android.server.am.ActivityRecord$Token
12-14 01:09:38.687 W/ActivityManager( 1626): 	at com.android.server.am.ActivityRecord.forTokenLocked(ActivityRecord.java:778)
12-14 01:09:38.687 W/ActivityManager( 1626): 	at com.android.server.am.ActivityRecord.isInStackLocked(ActivityRecord.java:2085)
12-14 01:09:38.687 W/ActivityManager( 1626): 	at com.android.server.am.ActivityManagerService.setTaskDescription(ActivityManagerService.java:9988)
12-14 01:09:38.687 W/ActivityManager( 1626): 	at android.app.IActivityManager$Stub.onTransact(IActivityManager.java:2824)
12-14 01:09:38.687 W/ActivityManager( 1626): 	at com.android.server.am.ActivityManagerService.onTransact(ActivityManagerService.java:2935)
12-14 01:09:38.687 W/ActivityManager( 1626): 	at android.os.Binder.execTransact(Binder.java:674)
12-14 01:09:38.688 W/ActivityManager( 1626): Bad activity token: android.os.BinderProxy@a728331
12-14 01:09:38.688 W/ActivityManager( 1626): java.lang.ClassCastException: android.os.BinderProxy cannot be cast to com.android.server.am.ActivityRecord$Token
12-14 01:09:38.688 W/ActivityManager( 1626): 	at com.android.server.am.ActivityRecord.forTokenLocked(ActivityRecord.java:778)
12-14 01:09:38.688 W/ActivityManager( 1626): 	at com.android.server.am.ActivityRecord.isInStackLocked(ActivityRecord.java:2085)
12-14 01:09:38.688 W/ActivityManager( 1626): 	at com.android.server.am.ActivityRecord.getStackLocked(ActivityRecord.java:2090)
12-14 01:09:38.688 W/ActivityManager( 1626): 	at com.android.server.am.ActivityManagerService.getActivityStackId(ActivityManagerService.java:10417)
12-14 01:09:38.688 W/ActivityManager( 1626): 	at android.app.IActivityManager$Stub.onTransact(IActivityManager.java:3548)
12-14 01:09:38.688 W/ActivityManager( 1626): 	at com.android.server.am.ActivityManagerService.onTransact(ActivityManagerService.java:2935)
12-14 01:09:38.688 W/ActivityManager( 1626): 	at android.os.Binder.execTransact(Binder.java:674)
12-14 01:09:38.704 D/EGL_emulation( 2141): eglMakeCurrent: 0x9e5843c0: ver 3 0 (tinfo 0x9e583390)
12-14 01:09:38.708 V/StatusBar( 1729): setLightsOn(true)
12-14 01:09:38.710 D/EGL_emulation( 2167): eglMakeCurrent: 0x9bffe100: ver 3 0 (tinfo 0x9bfff900)
12-14 01:09:38.729 D/EGL_emulation( 1729): eglMakeCurrent: 0x9e5849c0: ver 3 0 (tinfo 0x9e583510)
12-14 01:09:38.745 I/chatty  ( 1729): uid=10028(u0_a28) RenderThread identical 1 line
12-14 01:09:38.750 D/EGL_emulation( 1729): eglMakeCurrent: 0x9e5849c0: ver 3 0 (tinfo 0x9e583510)
12-14 01:09:38.753 V/StatusBar( 1729): setLightsOn(true)
12-14 01:09:38.763 D/EGL_emulation( 1729): eglMakeCurrent: 0x9e5849c0: ver 3 0 (tinfo 0x9e583510)
12-14 01:09:38.771 D/EGL_emulation( 1729): eglMakeCurrent: 0x9e5849c0: ver 3 0 (tinfo 0x9e583510)
12-14 01:09:38.777 E/ContentStoreEUAS( 2167): Failed to commit the deferred actions
12-14 01:09:38.780 D/EGL_emulation( 1729): eglMakeCurrent: 0x9e5849c0: ver 3 0 (tinfo 0x9e583510)
12-14 01:09:38.869 I/chatty  ( 1729): uid=10028(u0_a28) RenderThread identical 7 lines
12-14 01:09:38.873 D/EGL_emulation( 1729): eglMakeCurrent: 0x9e5849c0: ver 3 0 (tinfo 0x9e583510)
12-14 01:09:38.879 I/zygote  ( 2167): Do full code cache collection, code=500KB, data=352KB
12-14 01:09:38.885 I/zygote  ( 2167): After code cache collection, code=491KB, data=314KB
12-14 01:09:38.887 D/EGL_emulation( 1729): eglMakeCurrent: 0x9e5849c0: ver 3 0 (tinfo 0x9e583510)
12-14 01:09:38.900 W/ActivityManager( 1626): Bad activity token: android.os.BinderProxy@a728331
12-14 01:09:38.900 W/ActivityManager( 1626): java.lang.ClassCastException: android.os.BinderProxy cannot be cast to com.android.server.am.ActivityRecord$Token
12-14 01:09:38.900 W/ActivityManager( 1626): 	at com.android.server.am.ActivityRecord.forTokenLocked(ActivityRecord.java:778)
12-14 01:09:38.900 W/ActivityManager( 1626): 	at com.android.server.am.ActivityRecord.isInStackLocked(ActivityRecord.java:2085)
12-14 01:09:38.900 W/ActivityManager( 1626): 	at com.android.server.am.ActivityManagerService.getActivityOptions(ActivityManagerService.java:13302)
12-14 01:09:38.900 W/ActivityManager( 1626): 	at android.app.IActivityManager$Stub.onTransact(IActivityManager.java:2910)
12-14 01:09:38.900 W/ActivityManager( 1626): 	at com.android.server.am.ActivityManagerService.onTransact(ActivityManagerService.java:2935)
12-14 01:09:38.900 W/ActivityManager( 1626): 	at android.os.Binder.execTransact(Binder.java:674)
12-14 01:09:38.902 W/ActivityManager( 1626): Bad activity token: android.os.BinderProxy@a728331
12-14 01:09:38.902 W/ActivityManager( 1626): java.lang.ClassCastException: android.os.BinderProxy cannot be cast to com.android.server.am.ActivityRecord$Token
12-14 01:09:38.902 W/ActivityManager( 1626): 	at com.android.server.am.ActivityRecord.forTokenLocked(ActivityRecord.java:778)
12-14 01:09:38.902 W/ActivityManager( 1626): 	at com.android.server.am.ActivityRecord.isInStackLocked(ActivityRecord.java:2085)
12-14 01:09:38.902 W/ActivityManager( 1626): 	at com.android.server.am.ActivityManagerService.getActivityOptions(ActivityManagerService.java:13302)
12-14 01:09:38.902 W/ActivityManager( 1626): 	at android.app.IActivityManager$Stub.onTransact(IActivityManager.java:2910)
12-14 01:09:38.902 W/ActivityManager( 1626): 	at com.android.server.am.ActivityManagerService.onTransact(ActivityManagerService.java:2935)
12-14 01:09:38.902 W/ActivityManager( 1626): 	at android.os.Binder.execTransact(Binder.java:674)
12-14 01:09:38.929 I/chatty  ( 1729): uid=10028(u0_a28) RenderThread identical 4 lines
12-14 01:09:38.942 D/EGL_emulation( 1729): eglMakeCurrent: 0x9e5849c0: ver 3 0 (tinfo 0x9e583510)
12-14 01:09:39.018 V/StatusBar( 1729): setLightsOn(true)
12-14 01:09:39.067 I/zygote  ( 4513): Do partial code cache collection, code=28KB, data=30KB
12-14 01:09:39.068 I/zygote  ( 4513): After code cache collection, code=28KB, data=30KB
12-14 01:09:39.068 I/zygote  ( 4513): Increasing code cache capacity to 128KB
12-14 01:09:39.069 I/zygote  ( 4513): Do partial code cache collection, code=28KB, data=48KB
12-14 01:09:39.070 I/zygote  ( 4513): After code cache collection, code=28KB, data=48KB
12-14 01:09:39.070 I/zygote  ( 4513): Increasing code cache capacity to 256KB
12-14 01:09:39.071 I/zygote  ( 4513): JIT allocated 71KB for compiled code of void android.widget.TextView.<init>(android.content.Context, android.util.AttributeSet, int, int)
12-14 01:09:39.071 I/zygote  ( 4513): Compiler allocated 4MB to compile void android.widget.TextView.<init>(android.content.Context, android.util.AttributeSet, int, int)
12-14 01:09:39.081 V/StatusBar( 1729): setLightsOn(true)
12-14 01:09:39.089 I/chatty  ( 1729): uid=10028(u0_a28) com.android.systemui identical 1 line
12-14 01:09:39.092 V/StatusBar( 1729): setLightsOn(true)
12-14 01:09:39.133 D/gralloc_ranchu( 1395): gralloc_alloc: Creating ashmem region of size 7753728
12-14 01:09:39.139 V/StatusBar( 1729): setLightsOn(true)
12-14 01:09:39.163 D/        ( 4513): HostConnection::get() New Host Connection established 0x9bc2fcc0, tid 4513
12-14 01:09:39.225 V/StatusBar( 1729): setLightsOn(true)
12-14 01:09:39.228 V/StatusBar( 1729): setLightsOn(true)
12-14 01:09:39.230 I/ActivityManager( 1626): Displayed com.evancharlton.mileage/.Mileage: +601ms
12-14 01:09:39.231 V/StatusBar( 1729): setLightsOn(true)
12-14 01:09:39.259 V/StatusBar( 1729): setLightsOn(true)
12-14 01:09:39.276 D/gralloc_ranchu( 1395): gralloc_alloc: Creating ashmem region of size 7753728
12-14 01:09:39.388 I/Finsky  ( 2558): [116] nmi.run(36): Stats for Executor: bgExecutor non@60bb754[Running, pool size = 4, active threads = 0, queued tasks = 0, completed tasks = 76]
12-14 01:09:39.389 E/memtrack( 1626): Couldn't load memtrack module
12-14 01:09:39.390 W/android.os.Debug( 1626): failed to get memory consumption info: -1
12-14 01:09:39.427 V/StatusBar( 1729): setLightsOn(true)
12-14 01:09:39.445 V/StatusBar( 1729): setLightsOn(true)
12-14 01:09:39.465 W/SurfaceFlinger( 1418): couldn't log to binary event log: overflow.
12-14 01:09:39.474 V/StatusBar( 1729): setLightsOn(true)
12-14 01:09:39.504 I/System.out( 4513): URI: //gesture
12-14 01:09:39.505 I/System.out( 4513): params: {json={"query_timeout":5.0,"gestures":[{"query_string":"android.widget.TabWidget descendant TextView index:1","touches":[{"x":50,"y":50,"offset_x":0,"offset_y":0,"wait":0.0,"time":0.2,"release":true,"query_string":null}]}]}
12-14 01:09:39.505 I/System.out( 4513): }
12-14 01:09:39.515 I/zygote  ( 4513): Do full code cache collection, code=125KB, data=72KB
12-14 01:09:39.520 I/zygote  ( 4513): After code cache collection, code=112KB, data=46KB
12-14 01:09:39.558 I/PBSessionCacheImpl( 2167): Deleted sessionId[6132112691279] from persistence.
12-14 01:09:39.583 W/SearchService( 2167): Abort, client detached.
12-14 01:09:39.898 W/audio_hw_generic( 1389): Not supplying enough data to HAL, expected position 597878 , only wrote 597600
12-14 01:09:39.902 W/ActivityManager( 1626): Bad activity token: android.os.BinderProxy@9f9fcd9
12-14 01:09:39.902 W/ActivityManager( 1626): java.lang.ClassCastException: android.os.BinderProxy cannot be cast to com.android.server.am.ActivityRecord$Token
12-14 01:09:39.902 W/ActivityManager( 1626): 	at com.android.server.am.ActivityRecord.forTokenLocked(ActivityRecord.java:778)
12-14 01:09:39.902 W/ActivityManager( 1626): 	at com.android.server.am.ActivityRecord.isInStackLocked(ActivityRecord.java:2085)
12-14 01:09:39.902 W/ActivityManager( 1626): 	at com.android.server.am.ActivityRecord.getStackLocked(ActivityRecord.java:2090)
12-14 01:09:39.902 W/ActivityManager( 1626): 	at com.android.server.am.ActivityManagerService.getActivityDisplayId(ActivityManagerService.java:10406)
12-14 01:09:39.902 W/ActivityManager( 1626): 	at android.app.IActivityManager$Stub.onTransact(IActivityManager.java:2738)
12-14 01:09:39.902 W/ActivityManager( 1626): 	at com.android.server.am.ActivityManagerService.onTransact(ActivityManagerService.java:2935)
12-14 01:09:39.902 W/ActivityManager( 1626): 	at android.os.Binder.execTransact(Binder.java:674)
12-14 01:09:39.904 I/calabash( 4513): newActivity1
12-14 01:09:39.910 W/ActivityManager( 1626): Bad activity token: android.os.BinderProxy@9f9fcd9
12-14 01:09:39.910 W/ActivityManager( 1626): java.lang.ClassCastException: android.os.BinderProxy cannot be cast to com.android.server.am.ActivityRecord$Token
12-14 01:09:39.910 W/ActivityManager( 1626): 	at com.android.server.am.ActivityRecord.forTokenLocked(ActivityRecord.java:778)
12-14 01:09:39.910 W/ActivityManager( 1626): 	at com.android.server.am.ActivityRecord.isInStackLocked(ActivityRecord.java:2085)
12-14 01:09:39.910 W/ActivityManager( 1626): 	at com.android.server.am.ActivityManagerService.setTaskDescription(ActivityManagerService.java:9988)
12-14 01:09:39.910 W/ActivityManager( 1626): 	at android.app.IActivityManager$Stub.onTransact(IActivityManager.java:2824)
12-14 01:09:39.910 W/ActivityManager( 1626): 	at com.android.server.am.ActivityManagerService.onTransact(ActivityManagerService.java:2935)
12-14 01:09:39.910 W/ActivityManager( 1626): 	at android.os.Binder.execTransact(Binder.java:674)
12-14 01:09:39.911 W/ActivityManager( 1626): Bad activity token: android.os.BinderProxy@9f9fcd9
12-14 01:09:39.911 W/ActivityManager( 1626): java.lang.ClassCastException: android.os.BinderProxy cannot be cast to com.android.server.am.ActivityRecord$Token
12-14 01:09:39.911 W/ActivityManager( 1626): 	at com.android.server.am.ActivityRecord.forTokenLocked(ActivityRecord.java:778)
12-14 01:09:39.911 W/ActivityManager( 1626): 	at com.android.server.am.ActivityRecord.isInStackLocked(ActivityRecord.java:2085)
12-14 01:09:39.911 W/ActivityManager( 1626): 	at com.android.server.am.ActivityRecord.getStackLocked(ActivityRecord.java:2090)
12-14 01:09:39.911 W/ActivityManager( 1626): 	at com.android.server.am.ActivityManagerService.getActivityStackId(ActivityManagerService.java:10417)
12-14 01:09:39.911 W/ActivityManager( 1626): 	at android.app.IActivityManager$Stub.onTransact(IActivityManager.java:3548)
12-14 01:09:39.911 W/ActivityManager( 1626): 	at com.android.server.am.ActivityManagerService.onTransact(ActivityManagerService.java:2935)
12-14 01:09:39.911 W/ActivityManager( 1626): 	at android.os.Binder.execTransact(Binder.java:674)
12-14 01:09:39.980 W/ActivityManager( 1626): Bad activity token: android.os.BinderProxy@9f9fcd9
12-14 01:09:39.980 W/ActivityManager( 1626): java.lang.ClassCastException: android.os.BinderProxy cannot be cast to com.android.server.am.ActivityRecord$Token
12-14 01:09:39.980 W/ActivityManager( 1626): 	at com.android.server.am.ActivityRecord.forTokenLocked(ActivityRecord.java:778)
12-14 01:09:39.980 W/ActivityManager( 1626): 	at com.android.server.am.ActivityRecord.isInStackLocked(ActivityRecord.java:2085)
12-14 01:09:39.980 W/ActivityManager( 1626): 	at com.android.server.am.ActivityManagerService.getActivityOptions(ActivityManagerService.java:13302)
12-14 01:09:39.980 W/ActivityManager( 1626): 	at android.app.IActivityManager$Stub.onTransact(IActivityManager.java:2910)
12-14 01:09:39.980 W/ActivityManager( 1626): 	at com.android.server.am.ActivityManagerService.onTransact(ActivityManagerService.java:2935)
12-14 01:09:39.980 W/ActivityManager( 1626): 	at android.os.Binder.execTransact(Binder.java:674)
12-14 01:09:39.980 W/ActivityManager( 1626): Bad activity token: android.os.BinderProxy@9f9fcd9
12-14 01:09:39.980 W/ActivityManager( 1626): java.lang.ClassCastException: android.os.BinderProxy cannot be cast to com.android.server.am.ActivityRecord$Token
12-14 01:09:39.980 W/ActivityManager( 1626): 	at com.android.server.am.ActivityRecord.forTokenLocked(ActivityRecord.java:778)
12-14 01:09:39.980 W/ActivityManager( 1626): 	at com.android.server.am.ActivityRecord.isInStackLocked(ActivityRecord.java:2085)
12-14 01:09:39.980 W/ActivityManager( 1626): 	at com.android.server.am.ActivityManagerService.getActivityOptions(ActivityManagerService.java:13302)
12-14 01:09:39.980 W/ActivityManager( 1626): 	at android.app.IActivityManager$Stub.onTransact(IActivityManager.java:2910)
12-14 01:09:39.980 W/ActivityManager( 1626): 	at com.android.server.am.ActivityManagerService.onTransact(ActivityManagerService.java:2935)
12-14 01:09:39.980 W/ActivityManager( 1626): 	at android.os.Binder.execTransact(Binder.java:674)
12-14 01:09:40.039 I/zygote  ( 4513): Do partial code cache collection, code=122KB, data=65KB
12-14 01:09:40.042 I/zygote  ( 4513): After code cache collection, code=122KB, data=65KB
12-14 01:09:40.042 I/zygote  ( 4513): Increasing code cache capacity to 512KB
12-14 01:09:40.045 D/Mileage ( 4513): Not enough fillups to calculate economy
12-14 01:09:40.049 D/gralloc_ranchu( 1395): gralloc_alloc: Creating ashmem region of size 7753728
12-14 01:09:40.193 E/SurfaceFlinger( 1418): ro.sf.lcd_density must be defined as a build property
12-14 01:09:40.204 D/gralloc_ranchu( 1395): gralloc_alloc: Creating ashmem region of size 8298496
12-14 01:09:40.221 D/        ( 4559): HostConnection::get() New Host Connection established 0xb4daf800, tid 4559
12-14 01:09:40.634 I/System.out( 4513): URI: //gesture
12-14 01:09:40.634 I/System.out( 4513): params: {json={"query_timeout":5.0,"gestures":[{"query_string":"android.widget.TabWidget descendant TextView index:3","touches":[{"x":50,"y":50,"offset_x":0,"offset_y":0,"wait":0.0,"time":0.2,"release":true,"query_string":null}]}]}
12-14 01:09:40.635 I/System.out( 4513): }
12-14 01:09:40.910 W/ActivityManager( 1626): Bad activity token: android.os.BinderProxy@929da4d
12-14 01:09:40.910 W/ActivityManager( 1626): java.lang.ClassCastException: android.os.BinderProxy cannot be cast to com.android.server.am.ActivityRecord$Token
12-14 01:09:40.910 W/ActivityManager( 1626): 	at com.android.server.am.ActivityRecord.forTokenLocked(ActivityRecord.java:778)
12-14 01:09:40.910 W/ActivityManager( 1626): 	at com.android.server.am.ActivityRecord.isInStackLocked(ActivityRecord.java:2085)
12-14 01:09:40.910 W/ActivityManager( 1626): 	at com.android.server.am.ActivityRecord.getStackLocked(ActivityRecord.java:2090)
12-14 01:09:40.910 W/ActivityManager( 1626): 	at com.android.server.am.ActivityManagerService.getActivityDisplayId(ActivityManagerService.java:10406)
12-14 01:09:40.910 W/ActivityManager( 1626): 	at android.app.IActivityManager$Stub.onTransact(IActivityManager.java:2738)
12-14 01:09:40.910 W/ActivityManager( 1626): 	at com.android.server.am.ActivityManagerService.onTransact(ActivityManagerService.java:2935)
12-14 01:09:40.910 W/ActivityManager( 1626): 	at android.os.Binder.execTransact(Binder.java:674)
12-14 01:09:40.912 I/calabash( 4513): newActivity1
12-14 01:09:40.916 W/ActivityManager( 1626): Bad activity token: android.os.BinderProxy@929da4d
12-14 01:09:40.916 W/ActivityManager( 1626): java.lang.ClassCastException: android.os.BinderProxy cannot be cast to com.android.server.am.ActivityRecord$Token
12-14 01:09:40.916 W/ActivityManager( 1626): 	at com.android.server.am.ActivityRecord.forTokenLocked(ActivityRecord.java:778)
12-14 01:09:40.916 W/ActivityManager( 1626): 	at com.android.server.am.ActivityRecord.isInStackLocked(ActivityRecord.java:2085)
12-14 01:09:40.916 W/ActivityManager( 1626): 	at com.android.server.am.ActivityManagerService.setTaskDescription(ActivityManagerService.java:9988)
12-14 01:09:40.916 W/ActivityManager( 1626): 	at android.app.IActivityManager$Stub.onTransact(IActivityManager.java:2824)
12-14 01:09:40.916 W/ActivityManager( 1626): 	at com.android.server.am.ActivityManagerService.onTransact(ActivityManagerService.java:2935)
12-14 01:09:40.916 W/ActivityManager( 1626): 	at android.os.Binder.execTransact(Binder.java:674)
12-14 01:09:40.917 W/ActivityManager( 1626): Bad activity token: android.os.BinderProxy@929da4d
12-14 01:09:40.917 W/ActivityManager( 1626): java.lang.ClassCastException: android.os.BinderProxy cannot be cast to com.android.server.am.ActivityRecord$Token
12-14 01:09:40.917 W/ActivityManager( 1626): 	at com.android.server.am.ActivityRecord.forTokenLocked(ActivityRecord.java:778)
12-14 01:09:40.917 W/ActivityManager( 1626): 	at com.android.server.am.ActivityRecord.isInStackLocked(ActivityRecord.java:2085)
12-14 01:09:40.917 W/ActivityManager( 1626): 	at com.android.server.am.ActivityRecord.getStackLocked(ActivityRecord.java:2090)
12-14 01:09:40.917 W/ActivityManager( 1626): 	at com.android.server.am.ActivityManagerService.getActivityStackId(ActivityManagerService.java:10417)
12-14 01:09:40.917 W/ActivityManager( 1626): 	at android.app.IActivityManager$Stub.onTransact(IActivityManager.java:3548)
12-14 01:09:40.917 W/ActivityManager( 1626): 	at com.android.server.am.ActivityManagerService.onTransact(ActivityManagerService.java:2935)
12-14 01:09:40.917 W/ActivityManager( 1626): 	at android.os.Binder.execTransact(Binder.java:674)
12-14 01:09:40.923 W/ActivityManager( 1626): Bad activity token: android.os.BinderProxy@929da4d
12-14 01:09:40.923 W/ActivityManager( 1626): java.lang.ClassCastException: android.os.BinderProxy cannot be cast to com.android.server.am.ActivityRecord$Token
12-14 01:09:40.923 W/ActivityManager( 1626): 	at com.android.server.am.ActivityRecord.forTokenLocked(ActivityRecord.java:778)
12-14 01:09:40.923 W/ActivityManager( 1626): 	at com.android.server.am.ActivityRecord.isInStackLocked(ActivityRecord.java:2085)
12-14 01:09:40.923 W/ActivityManager( 1626): 	at com.android.server.am.ActivityManagerService.getActivityOptions(ActivityManagerService.java:13302)
12-14 01:09:40.923 W/ActivityManager( 1626): 	at android.app.IActivityManager$Stub.onTransact(IActivityManager.java:2910)
12-14 01:09:40.923 W/ActivityManager( 1626): 	at com.android.server.am.ActivityManagerService.onTransact(ActivityManagerService.java:2935)
12-14 01:09:40.923 W/ActivityManager( 1626): 	at android.os.Binder.execTransact(Binder.java:674)
12-14 01:09:40.924 W/ActivityManager( 1626): Bad activity token: android.os.BinderProxy@929da4d
12-14 01:09:40.924 W/ActivityManager( 1626): java.lang.ClassCastException: android.os.BinderProxy cannot be cast to com.android.server.am.ActivityRecord$Token
12-14 01:09:40.924 W/ActivityManager( 1626): 	at com.android.server.am.ActivityRecord.forTokenLocked(ActivityRecord.java:778)
12-14 01:09:40.924 W/ActivityManager( 1626): 	at com.android.server.am.ActivityRecord.isInStackLocked(ActivityRecord.java:2085)
12-14 01:09:40.924 W/ActivityManager( 1626): 	at com.android.server.am.ActivityManagerService.getActivityOptions(ActivityManagerService.java:13302)
12-14 01:09:40.924 W/ActivityManager( 1626): 	at android.app.IActivityManager$Stub.onTransact(IActivityManager.java:2910)
12-14 01:09:40.924 W/ActivityManager( 1626): 	at com.android.server.am.ActivityManagerService.onTransact(ActivityManagerService.java:2935)
12-14 01:09:40.924 W/ActivityManager( 1626): 	at android.os.Binder.execTransact(Binder.java:674)
12-14 01:09:41.135 E/SurfaceFlinger( 1418): ro.sf.lcd_density must be defined as a build property
12-14 01:09:41.142 D/gralloc_ranchu( 1395): gralloc_alloc: Creating ashmem region of size 8298496
12-14 01:09:41.153 D/        ( 4565): HostConnection::get() New Host Connection established 0xb2a2f800, tid 4565
12-14 01:09:41.417 I/Finsky:download_service( 2711): [125] nmi.run(36): Stats for Executor: bgExecutor non@f2e073[Running, pool size = 0, active threads = 0, queued tasks = 0, completed tasks = 0]
12-14 01:09:41.513 I/System.out( 4513): URI: //gesture
12-14 01:09:41.513 I/System.out( 4513): params: {json={"query_timeout":5.0,"gestures":[{"query_string":"android.widget.TabWidget descendant TextView index:2","touches":[{"x":50,"y":50,"offset_x":0,"offset_y":0,"wait":0.0,"time":0.2,"release":true,"query_string":null}]}]}
12-14 01:09:41.513 I/System.out( 4513): }
12-14 01:09:41.792 W/ActivityManager( 1626): Bad activity token: android.os.BinderProxy@f369d7c
12-14 01:09:41.792 W/ActivityManager( 1626): java.lang.ClassCastException: android.os.BinderProxy cannot be cast to com.android.server.am.ActivityRecord$Token
12-14 01:09:41.792 W/ActivityManager( 1626): 	at com.android.server.am.ActivityRecord.forTokenLocked(ActivityRecord.java:778)
12-14 01:09:41.792 W/ActivityManager( 1626): 	at com.android.server.am.ActivityRecord.isInStackLocked(ActivityRecord.java:2085)
12-14 01:09:41.792 W/ActivityManager( 1626): 	at com.android.server.am.ActivityRecord.getStackLocked(ActivityRecord.java:2090)
12-14 01:09:41.792 W/ActivityManager( 1626): 	at com.android.server.am.ActivityManagerService.getActivityDisplayId(ActivityManagerService.java:10406)
12-14 01:09:41.792 W/ActivityManager( 1626): 	at android.app.IActivityManager$Stub.onTransact(IActivityManager.java:2738)
12-14 01:09:41.792 W/ActivityManager( 1626): 	at com.android.server.am.ActivityManagerService.onTransact(ActivityManagerService.java:2935)
12-14 01:09:41.792 W/ActivityManager( 1626): 	at android.os.Binder.execTransact(Binder.java:674)
12-14 01:09:41.793 I/calabash( 4513): newActivity1
12-14 01:09:41.794 E/TaskPersister( 1626): File error accessing recents directory (directory doesn't exist?).
12-14 01:09:41.900 W/ActivityManager( 1626): Bad activity token: android.os.BinderProxy@f369d7c
12-14 01:09:41.900 W/ActivityManager( 1626): java.lang.ClassCastException: android.os.BinderProxy cannot be cast to com.android.server.am.ActivityRecord$Token
12-14 01:09:41.900 W/ActivityManager( 1626): 	at com.android.server.am.ActivityRecord.forTokenLocked(ActivityRecord.java:778)
12-14 01:09:41.900 W/ActivityManager( 1626): 	at com.android.server.am.ActivityRecord.isInStackLocked(ActivityRecord.java:2085)
12-14 01:09:41.900 W/ActivityManager( 1626): 	at com.android.server.am.ActivityManagerService.setTaskDescription(ActivityManagerService.java:9988)
12-14 01:09:41.900 W/ActivityManager( 1626): 	at android.app.IActivityManager$Stub.onTransact(IActivityManager.java:2824)
12-14 01:09:41.900 W/ActivityManager( 1626): 	at com.android.server.am.ActivityManagerService.onTransact(ActivityManagerService.java:2935)
12-14 01:09:41.900 W/ActivityManager( 1626): 	at android.os.Binder.execTransact(Binder.java:674)
12-14 01:09:41.901 W/ActivityManager( 1626): Bad activity token: android.os.BinderProxy@f369d7c
12-14 01:09:41.901 W/ActivityManager( 1626): java.lang.ClassCastException: android.os.BinderProxy cannot be cast to com.android.server.am.ActivityRecord$Token
12-14 01:09:41.901 W/ActivityManager( 1626): 	at com.android.server.am.ActivityRecord.forTokenLocked(ActivityRecord.java:778)
12-14 01:09:41.901 W/ActivityManager( 1626): 	at com.android.server.am.ActivityRecord.isInStackLocked(ActivityRecord.java:2085)
12-14 01:09:41.901 W/ActivityManager( 1626): 	at com.android.server.am.ActivityRecord.getStackLocked(ActivityRecord.java:2090)
12-14 01:09:41.901 W/ActivityManager( 1626): 	at com.android.server.am.ActivityManagerService.getActivityStackId(ActivityManagerService.java:10417)
12-14 01:09:41.901 W/ActivityManager( 1626): 	at android.app.IActivityManager$Stub.onTransact(IActivityManager.java:3548)
12-14 01:09:41.901 W/ActivityManager( 1626): 	at com.android.server.am.ActivityManagerService.onTransact(ActivityManagerService.java:2935)
12-14 01:09:41.901 W/ActivityManager( 1626): 	at android.os.Binder.execTransact(Binder.java:674)
12-14 01:09:41.940 D/VehicleStatisticsActivity( 4513): Checking recalculation ...
12-14 01:09:41.943 D/VehicleStatisticsActivity( 4513): Recalculating statistics
12-14 01:09:41.944 D/VehicleStatisticsTask( 4513): Calculation starting...
12-14 01:09:41.946 D/VehicleStatisticsActivity( 4513): Recalculation started!
