12-14 02:14:28.668 I/ContactDirectoryManager( 2320): Directory provider com.google.android.gms(com.google.android.gms.people.gal.provider) returned a NULL cursor.
12-14 02:14:28.681 V/StatusBar( 1733): setLightsOn(true)
12-14 02:14:28.682 I/Icing   ( 2112): updateResources: need to parse adiq{com.google.android.gms}
12-14 02:14:28.702 I/Icing   ( 2112): IndexChimeraService.getServiceInterface callingPackage=com.google.android.gms componentName=AppsCorpus serviceId=36
12-14 02:14:28.728 W/ResourceType( 1628): ResTable_typeSpec entry count inconsistent: given 67, previously 69
12-14 02:14:28.728 W/ResourceType( 1628): ResTable_typeSpec entry count inconsistent: given 5411, previously 5412
12-14 02:14:28.752 V/StatusBar( 1733): setLightsOn(true)
12-14 02:14:28.760 V/StatusBar( 1733): setLightsOn(true)
12-14 02:14:28.802 D/gralloc_ranchu( 1395): gralloc_alloc: Creating ashmem region of size 7753728
12-14 02:14:28.870 D/        ( 3894): HostConnection::get() New Host Connection established 0x98730c80, tid 3894
12-14 02:14:28.873 I/ProvidersCache( 3372): Provider returned no roots. Possibly naughty: com.google.android.apps.docs.storage
12-14 02:14:28.950 V/StatusBar( 1733): setLightsOn(true)
12-14 02:14:28.951 D/gralloc_ranchu( 1395): gralloc_alloc: Creating ashmem region of size 7753728
12-14 02:14:28.952 I/ActivityManager( 1628): Displayed com.evancharlton.mileage/.Mileage: +780ms
12-14 02:14:28.951 V/StatusBar( 1733): setLightsOn(true)
12-14 02:14:28.955 V/StatusBar( 1733): setLightsOn(true)
12-14 02:14:28.958 W/Icing   ( 2112): No valid account for uploading user actions
12-14 02:14:28.986 W/Binder  ( 1628): Outgoing transactions from this process must be FLAG_ONEWAY
12-14 02:14:28.986 W/Binder  ( 1628): java.lang.Throwable
12-14 02:14:28.986 W/Binder  ( 1628): 	at android.os.BinderProxy.transact(Binder.java:736)
12-14 02:14:28.986 W/Binder  ( 1628): 	at com.android.internal.location.ILocationProvider$Stub$Proxy.getProperties(ILocationProvider.java:232)
12-14 02:14:28.986 W/Binder  ( 1628): 	at com.android.server.location.LocationProviderProxy$1.run(LocationProviderProxy.java:119)
12-14 02:14:28.986 W/Binder  ( 1628): 	at android.os.Handler.handleCallback(Handler.java:789)
12-14 02:14:28.986 W/Binder  ( 1628): 	at android.os.Handler.dispatchMessage(Handler.java:98)
12-14 02:14:28.986 W/Binder  ( 1628): 	at android.os.Looper.loop(Looper.java:164)
12-14 02:14:28.986 W/Binder  ( 1628): 	at android.os.HandlerThread.run(HandlerThread.java:65)
12-14 02:14:28.991 W/Binder  ( 1628): Outgoing transactions from this process must be FLAG_ONEWAY
12-14 02:14:28.991 W/Binder  ( 1628): java.lang.Throwable
12-14 02:14:28.991 W/Binder  ( 1628): 	at android.os.BinderProxy.transact(Binder.java:736)
12-14 02:14:28.991 W/Binder  ( 1628): 	at com.android.internal.location.ILocationProvider$Stub$Proxy.getProperties(ILocationProvider.java:232)
12-14 02:14:28.991 W/Binder  ( 1628): 	at com.android.server.location.LocationProviderProxy$1.run(LocationProviderProxy.java:119)
12-14 02:14:28.991 W/Binder  ( 1628): 	at android.os.Handler.handleCallback(Handler.java:789)
12-14 02:14:28.991 W/Binder  ( 1628): 	at android.os.Handler.dispatchMessage(Handler.java:98)
12-14 02:14:28.991 W/Binder  ( 1628): 	at android.os.Looper.loop(Looper.java:164)
12-14 02:14:28.991 W/Binder  ( 1628): 	at android.os.HandlerThread.run(HandlerThread.java:65)
12-14 02:14:28.998 V/StatusBar( 1733): setLightsOn(true)
12-14 02:14:29.018 V/StatusBar( 1733): setLightsOn(true)
12-14 02:14:29.066 I/zygote  ( 3894): Do partial code cache collection, code=42KB, data=47KB
12-14 02:14:29.066 I/zygote  ( 3894): After code cache collection, code=42KB, data=47KB
12-14 02:14:29.066 I/zygote  ( 3894): Increasing code cache capacity to 256KB
12-14 02:14:29.068 I/zygote  ( 3894): JIT allocated 71KB for compiled code of void android.widget.TextView.<init>(android.content.Context, android.util.AttributeSet, int, int)
12-14 02:14:29.068 I/zygote  ( 3894): Compiler allocated 4MB to compile void android.widget.TextView.<init>(android.content.Context, android.util.AttributeSet, int, int)
12-14 02:14:29.080 I/Icing   ( 2112): IndexChimeraService.getServiceInterface callingPackage=com.google.android.gms componentName=null serviceId=30
12-14 02:14:29.130 I/zygote  ( 1628): Background concurrent copying GC freed 51143(2MB) AllocSpace objects, 9(180KB) LOS objects, 37% free, 10MB/16MB, paused 367us total 101.928ms
12-14 02:14:29.145 V/StatusBar( 1733): setLightsOn(true)
12-14 02:14:29.146 V/StatusBar( 1733): setLightsOn(true)
12-14 02:14:29.154 W/SurfaceFlinger( 1409): couldn't log to binary event log: overflow.
12-14 02:14:29.154 W/SurfaceFlinger( 1409): couldn't log to binary event log: overflow.
12-14 02:14:29.173 I/zygote  ( 3894): Do full code cache collection, code=121KB, data=74KB
12-14 02:14:29.173 I/zygote  ( 3894): After code cache collection, code=90KB, data=39KB
12-14 02:14:29.178 I/Icing   ( 2112): Usage reports ok 1, Failed Usage reports 0, indexed 0, rejected 0
12-14 02:14:29.187 W/Icing   ( 2112): No valid account for uploading user actions
12-14 02:14:29.195 I/Icing   ( 2112): Usage reports ok 0, Failed Usage reports 0, indexed 0, rejected 0
12-14 02:14:29.199 I/Icing   ( 2112): Indexing com.google.android.gms-apps from com.google.android.gms
12-14 02:14:29.200 I/System.out( 3894): URI: //map
12-14 02:14:29.200 I/System.out( 3894): params: {json={"query":"android.widget.Button index:2","operation":{"method_name":"query","arguments":[]}}
12-14 02:14:29.200 I/System.out( 3894): }
12-14 02:14:29.201 I/Icing   ( 2112): Indexing done com.google.android.gms-apps
12-14 02:14:29.215 I/PBSessionCacheImpl( 2211): Deleted sessionId[8468574938874] from persistence.
12-14 02:14:29.245 W/SearchService( 2211): Abort, client detached.
12-14 02:14:29.247 E/WorkerRegistryImpl( 2211): getWorker() is called after WorkerRegistry disposal.
12-14 02:14:29.247 E/WorkerRegistryImpl( 2211): getWorker() is called after WorkerRegistry disposal.
12-14 02:14:29.353 I/System.out( 3894): URI: //gesture
12-14 02:14:29.353 I/System.out( 3894): params: {json={"query_timeout":5.0,"gestures":[{"query_string":"android.widget.Button index:2","touches":[{"x":50,"y":50,"offset_x":0,"offset_y":0,"wait":0.0,"time":0.2,"release":true,"query_string":null}]}]}
12-14 02:14:29.353 I/System.out( 3894): }
12-14 02:14:29.628 I/AudioTrack( 1628): AUDIO_OUTPUT_FLAG_FAST successful; frameCount 4512 -> 4512
12-14 02:14:29.639 W/Nearby  ( 1937): Failed attempt #3 out of 3 for RestoreDeviceName [CONTEXT service_id=49 ]
12-14 02:14:29.639 W/Nearby  ( 1937): java.lang.IllegalStateException: BluetoothAdapter not ready yet!
12-14 02:14:29.639 W/Nearby  ( 1937): 	at alhd.g(:com.google.android.gms@204713022@20.47.13 (040700-344095733):2)
12-14 02:14:29.639 W/Nearby  ( 1937): 	at alhc.run(Unknown Source:0)
12-14 02:14:29.639 W/Nearby  ( 1937): 	at bznt.call(Unknown Source:0)
12-14 02:14:29.639 W/Nearby  ( 1937): 	at bzny.b(:com.google.android.gms@204713022@20.47.13 (040700-344095733):2)
12-14 02:14:29.639 W/Nearby  ( 1937): 	at bzny.a(:com.google.android.gms@204713022@20.47.13 (040700-344095733):0)
12-14 02:14:29.639 W/Nearby  ( 1937): 	at alhb.run(Unknown Source:2)
12-14 02:14:29.639 W/Nearby  ( 1937): 	at java.lang.Thread.run(Thread.java:764)
12-14 02:14:29.639 W/Nearby  ( 1937): 	at tly.run(Unknown Source:5)
12-14 02:14:29.639 W/Nearby  ( 1937): 	at java.util.concurrent.ThreadPoolExecutor.runWorker(ThreadPoolExecutor.java:1162)
12-14 02:14:29.639 W/Nearby  ( 1937): 	at java.util.concurrent.ThreadPoolExecutor$Worker.run(ThreadPoolExecutor.java:636)
12-14 02:14:29.639 W/Nearby  ( 1937): 	at trx.run(:com.google.android.gms@204713022@20.47.13 (040700-344095733):0)
12-14 02:14:29.639 W/Nearby  ( 1937): 	at java.lang.Thread.run(Thread.java:764)
12-14 02:14:29.671 I/zygote  ( 3894): Do partial code cache collection, code=125KB, data=59KB
12-14 02:14:29.672 I/zygote  ( 3894): After code cache collection, code=125KB, data=59KB
12-14 02:14:29.672 I/zygote  ( 3894): Increasing code cache capacity to 512KB
12-14 02:14:29.715 V/StatusBar( 1733): setLightsOn(true)
12-14 02:14:29.716 I/chatty  ( 1733): uid=10028(u0_a28) com.android.systemui identical 1 line
12-14 02:14:29.719 V/StatusBar( 1733): setLightsOn(true)
12-14 02:14:29.734 W/View    ( 3894): dispatchProvideAutofillStructure(): not laid out, ignoring
12-14 02:14:29.740 W/Binder  ( 1628): Outgoing transactions from this process must be FLAG_ONEWAY
12-14 02:14:29.740 W/Binder  ( 1628): java.lang.Throwable
12-14 02:14:29.740 W/Binder  ( 1628): 	at android.os.BinderProxy.transact(Binder.java:736)
12-14 02:14:29.740 W/Binder  ( 1628): 	at android.app.assist.AssistStructure$ParcelTransferReader.fetchData(AssistStructure.java:407)
12-14 02:14:29.740 W/Binder  ( 1628): 	at android.app.assist.AssistStructure$ParcelTransferReader.go(AssistStructure.java:343)
12-14 02:14:29.740 W/Binder  ( 1628): 	at android.app.assist.AssistStructure.ensureData(AssistStructure.java:2096)
12-14 02:14:29.740 W/Binder  ( 1628): 	at com.android.server.autofill.Session$1.send(Session.java:200)
12-14 02:14:29.740 W/Binder  ( 1628): 	at com.android.server.am.ActivityManagerService.reportAssistContextExtras(ActivityManagerService.java:13137)
12-14 02:14:29.740 W/Binder  ( 1628): 	at android.app.IActivityManager$Stub.onTransact(IActivityManager.java:2466)
12-14 02:14:29.740 W/Binder  ( 1628): 	at com.android.server.am.ActivityManagerService.onTransact(ActivityManagerService.java:2935)
12-14 02:14:29.740 W/Binder  ( 1628): 	at android.os.Binder.execTransact(Binder.java:674)
12-14 02:14:29.747 I/AssistStructure( 3894): Flattened final assist data: 5024 bytes, containing 2 windows, 19 views
12-14 02:14:29.752 I/zygote  ( 1937): Deoptimizing void tma.c(java.lang.Runnable) due to JIT inline cache
12-14 02:14:29.754 D/gralloc_ranchu( 1395): gralloc_alloc: Creating ashmem region of size 303104
12-14 02:14:29.766 V/StatusBar( 1733): setLightsOn(true)
12-14 02:14:29.766 V/StatusBar( 1733): setLightsOn(true)
12-14 02:14:30.251 W/audio_hw_generic( 1389): Not supplying enough data to HAL, expected position 23452 , only wrote 2880
12-14 02:14:30.251 W/audio_hw_generic( 1389): Not supplying enough data to HAL, expected position 2902 , only wrote 2880
12-14 02:14:30.252 W/audio_hw_generic( 1389): Hardware backing HAL too slow, could only write 0 of 720 frames
12-14 02:14:30.251 W/AudioFlinger( 1474): write blocked for 492 msecs, 1 delayed writes, thread 0xab383540
12-14 02:14:30.263 W/zygote  ( 1937): Verification of void lgq.onDisconnected() took 501.847ms
12-14 02:14:30.265 V/StatusBar( 1733): setLightsOn(true)
12-14 02:14:30.268 W/audio_hw_generic( 1389): Hardware backing HAL too slow, could only write 0 of 720 frames
12-14 02:14:30.282 W/audio_hw_generic( 1389): Hardware backing HAL too slow, could only write 0 of 720 frames
12-14 02:14:30.282 D/AudioFlinger( 1474): mixer(0xab383540) throttle end: throttle time(9)
12-14 02:14:30.298 W/audio_hw_generic( 1389): Hardware backing HAL too slow, could only write 0 of 720 frames
12-14 02:14:30.342 D/gralloc_ranchu( 1395): gralloc_alloc: Creating ashmem region of size 7753728
12-14 02:14:30.368 E/SurfaceFlinger( 1409): ro.sf.lcd_density must be defined as a build property
12-14 02:14:30.369 I/AssistStructure( 1628): Flattened final assist data: 4496 bytes, containing 2 windows, 19 views
12-14 02:14:30.373 D/PermissionCache( 1409): checking android.permission.READ_FRAME_BUFFER for uid=2000 => granted (3580 us)
12-14 02:14:30.390 W/lgq     ( 1937): Pending fill request while another request in the same session was triggered. [CONTEXT service_id=177 ]
12-14 02:14:30.398 D/gralloc_ranchu( 1395): gralloc_alloc: Creating ashmem region of size 8298496
12-14 02:14:30.411 D/        ( 3949): HostConnection::get() New Host Connection established 0xb15af800, tid 3949
12-14 02:14:30.567 V/StatusBar( 1733): setLightsOn(true)
12-14 02:14:30.653 I/zygote  ( 1937): Deoptimizing bpvb bpuz.i(bpva) due to JIT inline cache
12-14 02:14:30.856 I/zygote  ( 1937): Background concurrent copying GC freed 73861(4MB) AllocSpace objects, 5(216KB) LOS objects, 45% free, 7MB/13MB, paused 1.034ms total 126.041ms
