--------- beginning of main
12-14 02:14:53.002 I/chatty  ( 1733): uid=10028(u0_a28) com.android.systemui expire 1 line
12-14 02:14:53.017 V/StatusBar( 1733): setLightsOn(true)
12-14 02:14:53.033 W/SurfaceFlinger( 1409): couldn't log to binary event log: overflow.
12-14 02:14:53.075 V/StatusBar( 1733): setLightsOn(true)
--------- beginning of system
12-14 02:14:53.082 W/ActivityManager( 1628): Finishing task with all activities already finished
12-14 02:14:53.082 W/ActivityManager( 1628): Duplicate finish request for ActivityRecord{d9ed414 u0 com.evancharlton.mileage/.Mileage t7 f}
12-14 02:14:53.084 I/chatty  ( 1733): uid=10028(u0_a28) com.android.systemui identical 2 lines
12-14 02:14:53.085 W/ActivityManager( 1628): Finishing task with all activities already finished
12-14 02:14:53.085 W/ActivityManager( 1628): Duplicate finish request for ActivityRecord{d9ed414 u0 com.evancharlton.mileage/.Mileage t7 f}
12-14 02:14:53.088 V/StatusBar( 1733): setLightsOn(true)
12-14 02:14:53.089 D/gralloc_ranchu( 1395): gralloc_alloc: Creating ashmem region of size 8298496
12-14 02:14:53.093 V/StatusBar( 1733): setLightsOn(true)
12-14 02:14:53.094 W/ActivityManager( 1628): Finishing task with all activities already finished
12-14 02:14:53.094 W/ActivityManager( 1628): Duplicate finish request for ActivityRecord{d9ed414 u0 com.evancharlton.mileage/.Mileage t7 f}
12-14 02:14:53.102 D/gralloc_ranchu( 1395): gralloc_alloc: Creating ashmem region of size 8298496
12-14 02:14:53.119 I/zygote  ( 4160): Do full code cache collection, code=125KB, data=73KB
12-14 02:14:53.121 D/gralloc_ranchu( 1395): gralloc_alloc: Creating ashmem region of size 8298496
12-14 02:14:53.123 I/zygote  ( 4160): After code cache collection, code=111KB, data=47KB
12-14 02:14:53.124 D/SurfaceFlinger( 1409): duplicate layer name: changing com.google.android.apps.nexuslauncher/com.google.android.apps.nexuslauncher.NexusLauncherActivity to com.google.android.apps.nexuslauncher/com.google.android.apps.nexuslauncher.NexusLauncherActivity#1
12-14 02:14:53.140 D/gralloc_ranchu( 1395): gralloc_alloc: Creating ashmem region of size 8298496
12-14 02:14:53.166 D/EGL_emulation( 2211): eglMakeCurrent: 0x9b085d80: ver 3 0 (tinfo 0x9b083740)
12-14 02:14:53.178 D/gralloc_ranchu( 1395): gralloc_alloc: Creating ashmem region of size 8298496
12-14 02:14:53.178 D/EGL_emulation( 1733): eglMakeCurrent: 0x9b085a80: ver 3 0 (tinfo 0x9b0835a0)
12-14 02:14:53.217 D/gralloc_ranchu( 1395): gralloc_alloc: Creating ashmem region of size 8298496
12-14 02:14:53.240 I/MicroDetectionWorker( 2211): #updateMicroDetector [detectionMode: [mDetectionMode: [1]]]
12-14 02:14:53.240 I/MicroDetectionWorker( 2211): #startMicroDetector [speakerMode: 0]
12-14 02:14:53.242 I/AudioController( 2211): Using mInputStreamFactoryBuilder
12-14 02:14:53.249 I/MicroDetectionWorker( 2211): onReady
12-14 02:14:53.266 I/MicroRecognitionRunner( 2211): Starting detection.
12-14 02:14:53.276 I/MicrophoneInputStream( 2211): mic_starting com.google.android.apps.gsa.staticplugins.aa.c@d5dfd62
12-14 02:14:53.291 I/AudioFlinger( 1474): AudioFlinger's thread 0xa9483500 tid=4214 ready to run
12-14 02:14:53.294 I/MicrophoneInputStream( 2211): mic_started com.google.android.apps.gsa.staticplugins.aa.c@d5dfd62
12-14 02:14:53.295 E/ActivityThread( 2211): Failed to find provider info for com.google.android.apps.gsa.testing.ui.audio.recorded
12-14 02:14:53.296 I/MicroDetectionWorker( 2211): onReady
12-14 02:14:53.298 I/MicrophoneInputStream( 2211): mic_close com.google.android.apps.gsa.staticplugins.aa.c@d5dfd62
12-14 02:14:53.298 I/MicroRecognitionRunner( 2211): Detection finished
12-14 02:14:53.298 W/ErrorReporter( 2211): reportError [type: 211, code: 524300]: Error reading from input stream
12-14 02:14:53.299 I/MicroRecognitionRunner( 2211): Stopping hotword detection.
12-14 02:14:53.300 W/ErrorProcessor( 2211): onFatalError, processing error from engine(4)
12-14 02:14:53.300 W/ErrorProcessor( 2211): com.google.android.apps.gsa.shared.speech.b.g: Error reading from input stream
12-14 02:14:53.300 W/ErrorProcessor( 2211): 	at com.google.android.apps.gsa.staticplugins.recognizer.j.a.a(SourceFile:28)
12-14 02:14:53.300 W/ErrorProcessor( 2211): 	at com.google.android.apps.gsa.staticplugins.recognizer.j.b.run(SourceFile:15)
12-14 02:14:53.300 W/ErrorProcessor( 2211): 	at java.util.concurrent.Executors$RunnableAdapter.call(Executors.java:457)
12-14 02:14:53.300 W/ErrorProcessor( 2211): 	at java.util.concurrent.FutureTask.run(FutureTask.java:266)
12-14 02:14:53.300 W/ErrorProcessor( 2211): 	at com.google.android.apps.gsa.shared.util.concurrent.a.ax.run(SourceFile:14)
12-14 02:14:53.300 W/ErrorProcessor( 2211): 	at com.google.android.apps.gsa.shared.util.concurrent.a.bl.run(SourceFile:4)
12-14 02:14:53.300 W/ErrorProcessor( 2211): 	at com.google.android.apps.gsa.shared.util.concurrent.a.bl.run(SourceFile:4)
12-14 02:14:53.300 W/ErrorProcessor( 2211): 	at java.util.concurrent.ThreadPoolExecutor.runWorker(ThreadPoolExecutor.java:1162)
12-14 02:14:53.300 W/ErrorProcessor( 2211): 	at java.util.concurrent.ThreadPoolExecutor$Worker.run(ThreadPoolExecutor.java:636)
12-14 02:14:53.300 W/ErrorProcessor( 2211): 	at java.lang.Thread.run(Thread.java:764)
12-14 02:14:53.300 W/ErrorProcessor( 2211): 	at com.google.android.apps.gsa.shared.util.concurrent.a.ai.run(SourceFile:6)
12-14 02:14:53.300 W/ErrorProcessor( 2211): Caused by: com.google.android.apps.gsa.shared.exception.GsaIOException: Error code: 393238 | Buffer overflow, no available space.
12-14 02:14:53.300 W/ErrorProcessor( 2211): 	at com.google.android.apps.gsa.speech.audio.Tee.f(SourceFile:103)
12-14 02:14:53.300 W/ErrorProcessor( 2211): 	at com.google.android.apps.gsa.speech.audio.au.read(SourceFile:2)
12-14 02:14:53.300 W/ErrorProcessor( 2211): 	at java.io.InputStream.read(InputStream.java:101)
12-14 02:14:53.300 W/ErrorProcessor( 2211): 	at com.google.android.apps.gsa.speech.audio.ao.run(SourceFile:18)
12-14 02:14:53.300 W/ErrorProcessor( 2211): 	at com.google.android.apps.gsa.speech.audio.an.run(SourceFile:2)
12-14 02:14:53.300 W/ErrorProcessor( 2211): 	... 9 more
12-14 02:14:53.301 I/AudioController( 2211): internalShutdown
12-14 02:14:53.306 I/MicroDetector( 2211): Keeping mic open: false
12-14 02:14:53.306 I/DeviceStateChecker( 2211): DeviceStateChecker cancelled
12-14 02:14:53.306 I/MicroDetectionWorker( 2211): #onError(false)
12-14 02:14:53.333 D/EGL_emulation( 2183): eglMakeCurrent: 0x98946d80: ver 3 0 (tinfo 0x98aff940)
12-14 02:14:53.375 D/gralloc_ranchu( 1395): gralloc_alloc: Creating ashmem region of size 7753728
12-14 02:14:53.398 D/        ( 1733): HostConnection::get() New Host Connection established 0x96b7f940, tid 1764
12-14 02:14:53.406 D/EGL_emulation( 1733): eglMakeCurrent: 0x9b085a80: ver 3 0 (tinfo 0x9b0835a0)
12-14 02:14:53.608 I/chatty  ( 1733): uid=10028(u0_a28) RenderThread identical 23 lines
12-14 02:14:53.641 D/EGL_emulation( 1733): eglMakeCurrent: 0x9b085a80: ver 3 0 (tinfo 0x9b0835a0)
12-14 02:14:53.677 D/AndroidRuntime( 4209): >>>>>> START com.android.internal.os.RuntimeInit uid 2000 <<<<<<
12-14 02:14:53.731 W/app_process( 4209): Unexpected CPU variant for X86 using defaults: x86
12-14 02:14:53.760 D/AndroidRuntime( 4209): Calling main entry com.android.commands.am.Am
12-14 02:14:53.762 I/ActivityManager( 1628): Force stopping com.evancharlton.mileage appid=10336 user=0: start instr
12-14 02:14:53.762 I/ActivityManager( 1628): Killing 4160:com.evancharlton.mileage/u0a336 (adj 0): stop com.evancharlton.mileage
12-14 02:14:53.764 W/ActivityManager( 1628): Crash of app com.evancharlton.mileage running instrumentation ComponentInfo{com.evancharlton.mileage.test/sh.calaba.instrumentationbackend.CalabashInstrumentationTestRunner}
12-14 02:14:53.764 I/ActivityManager( 1628): Force stopping com.evancharlton.mileage appid=10336 user=0: finished inst
12-14 02:14:53.776 I/zygote  ( 4223): Not late-enabling -Xcheck:jni (already on)
12-14 02:14:53.780 I/ActivityManager( 1628): Start proc 4223:com.evancharlton.mileage/u0a336 for added application com.evancharlton.mileage
12-14 02:14:53.781 D/AndroidRuntime( 4209): Shutting down VM
12-14 02:14:53.792 W/zygote  ( 4223): Unexpected CPU variant for X86 using defaults: x86
12-14 02:14:53.818 W/OpenGLRenderer( 2183): Incorrectly called buildLayer on View: ShortcutAndWidgetContainer, destroying layer...
12-14 02:14:53.833 W/ActivityManager( 1628): setHasOverlayUi called on unknown pid: 4160
12-14 02:14:53.838 E/adbd    ( 1374): failed to connect to socket 'tcp:7102': Connection refused
12-14 02:14:53.846 E/adbd    ( 1374): failed to connect to socket 'tcp:7102': Connection refused
12-14 02:14:53.853 I/OpenGLRenderer( 1628): Initialized EGL, version 1.4
12-14 02:14:53.853 D/OpenGLRenderer( 1628): Swap behavior 1
12-14 02:14:53.853 W/OpenGLRenderer( 1628): Failed to choose config with EGL_SWAP_BEHAVIOR_PRESERVED, retrying without...
12-14 02:14:53.853 D/OpenGLRenderer( 1628): Swap behavior 0
12-14 02:14:53.857 W/zygote  ( 4223): Found duplicate classes, falling back to extracting from APK : /data/app/com.evancharlton.mileage.test-QBd5xYjxdVoOYYl9UWrBMg==/base.apk
12-14 02:14:53.857 W/zygote  ( 4223): NOTE: This wastes RAM and hurts startup performance.
12-14 02:14:53.858 W/zygote  ( 4223): Found duplicated class when checking oat files: 'Ljunit/runner/BaseTestRunner;' in /data/app/com.evancharlton.mileage.test-QBd5xYjxdVoOYYl9UWrBMg==/base.apk and /system/framework/android.test.runner.jar
12-14 02:14:53.858 W/zygote  ( 4223): 
12-14 02:14:53.865 D/EGL_emulation( 1628): eglCreateContext: 0x89224a00: maj 3 min 0 rcv 3
12-14 02:14:53.868 D/EGL_emulation( 1628): eglMakeCurrent: 0x89224a00: ver 3 0 (tinfo 0x879a1660)
12-14 02:14:53.870 E/eglCodecCommon( 1628): glUtilsParamSize: unknow param 0x00008cdf
12-14 02:14:53.870 E/eglCodecCommon( 1628): glUtilsParamSize: unknow param 0x00008cdf
12-14 02:14:53.871 E/eglCodecCommon( 1628): glUtilsParamSize: unknow param 0x00008824
12-14 02:14:53.871 E/eglCodecCommon( 1628): glUtilsParamSize: unknow param 0x00008824
12-14 02:14:53.908 W/System  ( 4223): ClassLoader referenced unknown path: 
12-14 02:14:53.910 I/zygote  ( 1628): NativeAllocBackground concurrent copying GC freed 8279(840KB) AllocSpace objects, 7(140KB) LOS objects, 37% free, 10MB/16MB, paused 8.808ms total 76.206ms
12-14 02:14:53.939 I/System.out( 4223): Main activity name automatically set to: com.evancharlton.mileage.Mileage
12-14 02:14:53.941 I/System.out( 4223): Calabash did not load Mono. This is only a problem if you are trying to test a Mono application
12-14 02:14:53.941 I/calabash( 4223): Test server port: 7102
12-14 02:14:53.943 I/InstrumentationBackend( 4223): Added:'GetPreferences', with key:'get_preferences'
12-14 02:14:53.956 E/adbd    ( 1374): failed to connect to socket 'tcp:7102': Connection refused
12-14 02:14:53.969 E/adbd    ( 1374): failed to connect to socket 'tcp:7102': Connection refused
12-14 02:14:54.034 I/InstrumentationBackend( 4223): Added:'SetPreferences', with key:'set_preferences'
12-14 02:14:54.035 I/InstrumentationBackend( 4223): Added:'ClearPreferences', with key:'clear_preferences'
12-14 02:14:54.035 I/InstrumentationBackend( 4223): Added:'PressElement', with key:'press_l10n_element'
12-14 02:14:54.035 I/InstrumentationBackend( 4223): Added:'WaitForElement', with key:'wait_for_l10n_element'
12-14 02:14:54.036 I/InstrumentationBackend( 4223): Added:'NullAction', with key:'nullAction'
12-14 02:14:54.037 I/InstrumentationBackend( 4223): Added:'PressKey', with key:'press_key'
12-14 02:14:54.037 I/InstrumentationBackend( 4223): Added:'SetActivityOrientation', with key:'set_activity_orientation'
12-14 02:14:54.037 I/InstrumentationBackend( 4223): Added:'GetActivityOrientation', with key:'get_activity_orientation'
12-14 02:14:54.038 I/InstrumentationBackend( 4223): Added:'FakeGPSLocation', with key:'set_gps_coordinates'
12-14 02:14:54.038 I/InstrumentationBackend( 4223): Added:'SetPropertyByCssSelector', with key:'set_property_by_css_selector'
12-14 02:14:54.039 I/InstrumentationBackend( 4223): Added:'GetUrl', with key:'get_url'
12-14 02:14:54.041 I/InstrumentationBackend( 4223): Added:'ScrollTo', with key:'scroll_to'
12-14 02:14:54.041 I/InstrumentationBackend( 4223): Added:'GetLoadProgress', with key:'get_load_progress'
12-14 02:14:54.042 I/InstrumentationBackend( 4223): Added:'DumpHtml', with key:'dump_html'
12-14 02:14:54.043 I/InstrumentationBackend( 4223): Added:'DumpBodyHtml', with key:'dump_body_html'
12-14 02:14:54.043 I/InstrumentationBackend( 4223): Added:'EnterTextByCssSelector', with key:'enter_text_by_selector'
12-14 02:14:54.048 I/InstrumentationBackend( 4223): Added:'AndroidSDKVersion', with key:'android_sdk_version'
12-14 02:14:54.049 I/InstrumentationBackend( 4223): Added:'Version', with key:'version'
12-14 02:14:54.049 I/InstrumentationBackend( 4223): Added:'Drag', with key:'drag'
12-14 02:14:54.049 I/InstrumentationBackend( 4223): Added:'TouchCoordinates', with key:'touch_coordinate'
12-14 02:14:54.050 I/InstrumentationBackend( 4223): Added:'LongPressCoordinate', with key:'long_press_coordinate'
12-14 02:14:54.050 I/InstrumentationBackend( 4223): Added:'DragCoordinates', with key:'drag_coordinates'
12-14 02:14:54.051 I/InstrumentationBackend( 4223): Added:'ResumeApplication', with key:'resume_application'
12-14 02:14:54.051 I/InstrumentationBackend( 4223): Added:'Swipe', with key:'swipe'
12-14 02:14:54.051 I/InstrumentationBackend( 4223): Added:'DoubleTapCoordinate', with key:'double_tap_coordinate'
12-14 02:14:54.051 I/InstrumentationBackend( 4223): Added:'ClickOnScreen', with key:'click_on_screen'
12-14 02:14:54.054 I/InstrumentationBackend( 4223): Added:'GetActivityName', with key:'get_activity_name'
12-14 02:14:54.055 I/InstrumentationBackend( 4223): Added:'ScrollToView', with key:'scroll_to_view'
12-14 02:14:54.055 I/InstrumentationBackend( 4223): Added:'ViewConfiguration', with key:'view_configuration'
12-14 02:14:54.056 I/InstrumentationBackend( 4223): Added:'IsCurrentActivityFocused', with key:'is_current_activity_focused'
12-14 02:14:54.057 I/InstrumentationBackend( 4223): Added:'SendTcp', with key:'send_tcp'
12-14 02:14:54.057 I/InstrumentationBackend( 4223): Added:'DpToDevicePixel', with key:'dp_to_device_pixel'
12-14 02:14:54.059 I/InstrumentationBackend( 4223): Added:'KeyboardEnterText', with key:'keyboard_enter_text'
12-14 02:14:54.060 I/InstrumentationBackend( 4223): Added:'DeleteSurroundingText', with key:'delete_surrounding_text'
12-14 02:14:54.060 I/InstrumentationBackend( 4223): Added:'SetComposingRegion', with key:'set_composing_region'
12-14 02:14:54.060 I/InstrumentationBackend( 4223): Added:'SetSelection', with key:'set_selection'
12-14 02:14:54.061 I/InstrumentationBackend( 4223): Added:'KeyboardKeyEvent', with key:'keyboard_key_event'
12-14 02:14:54.062 I/InstrumentationBackend( 4223): Added:'PressUserActionButton', with key:'press_user_action_button'
12-14 02:14:54.062 I/InstrumentationBackend( 4223): Added:'HideSoftKeyboard', with key:'hide_soft_keyboard'
12-14 02:14:54.064 I/InstrumentationBackend( 4223): Added:'ListActions', with key:'list_actions'
12-14 02:14:54.064 I/calabash( 4223): Instantiating http server at 7102
12-14 02:14:54.065 I/System.out( 4223): HTTP Daemon listening on: 7102
12-14 02:14:54.093 I/System.out( 4223): URI: //ping
12-14 02:14:54.093 I/System.out( 4223): params: {json={}
12-14 02:14:54.093 I/System.out( 4223): }
12-14 02:14:54.102 I/System.out( 4223): URI: //ping
12-14 02:14:54.102 I/System.out( 4223): params: {json={}
12-14 02:14:54.102 I/System.out( 4223): }
12-14 02:14:54.107 I/System.out( 4223): URI: //ready
12-14 02:14:54.107 I/System.out( 4223): params: {json={}
12-14 02:14:54.107 I/System.out( 4223): }
12-14 02:14:54.115 I/System.out( 4223): URI: //
12-14 02:14:54.115 I/System.out( 4223): params: {json={"command":"version","arguments":[]}
12-14 02:14:54.115 I/System.out( 4223): }
12-14 02:14:54.115 I/System.out( 4223): header: {content-type=application/json;charset=utf-8, date=Mon, 14 Dec 2020 07:14:54 GMT, accept=*/*, host=127.0.0.1:34777, content-length=36, user-agent=HTTPClient/1.0 (2.8.3, ruby 2.5.8 (2020-03-31))}
12-14 02:14:54.115 I/System.out( 4223): params: {json={"command":"version","arguments":[]}
12-14 02:14:54.115 I/System.out( 4223): }
12-14 02:14:54.115 I/System.out( 4223): ProP json = {"command":"version","arguments":[]}
12-14 02:14:54.115 I/System.out( 4223): files: {}
12-14 02:14:54.115 I/System.out( 4223): command: {"command":"version","arguments":[]}
12-14 02:14:54.145 I/InstrumentationBackend( 4223): Got command:'Command:'Line:null,version', arguments:'[]'
12-14 02:14:54.182 I/System.out( 4223): result:{"bonusInformation":[],"message":"0.9.8","success":true}
12-14 02:14:54.187 I/System.out( 4223): URI: //start-application
12-14 02:14:54.187 I/System.out( 4223): params: {json={"intent":null}
12-14 02:14:54.187 I/System.out( 4223): }
12-14 02:14:54.228 I/ActivityManager( 1628): START u0 {act=android.intent.action.MAIN cat=[android.intent.category.LAUNCHER] flg=0x10200000 cmp=com.evancharlton.mileage/.Mileage} from uid 10336
12-14 02:14:54.241 I/calabash( 4223): newActivity1
12-14 02:14:54.264 W/ActivityManager( 1628): Bad activity token: android.os.BinderProxy@3d0b4d4
12-14 02:14:54.264 W/ActivityManager( 1628): java.lang.ClassCastException: android.os.BinderProxy cannot be cast to com.android.server.am.ActivityRecord$Token
12-14 02:14:54.264 W/ActivityManager( 1628): 	at com.android.server.am.ActivityRecord.forTokenLocked(ActivityRecord.java:778)
12-14 02:14:54.264 W/ActivityManager( 1628): 	at com.android.server.am.ActivityRecord.isInStackLocked(ActivityRecord.java:2085)
12-14 02:14:54.264 W/ActivityManager( 1628): 	at com.android.server.am.ActivityRecord.getStackLocked(ActivityRecord.java:2090)
12-14 02:14:54.264 W/ActivityManager( 1628): 	at com.android.server.am.ActivityManagerService.getActivityDisplayId(ActivityManagerService.java:10406)
12-14 02:14:54.264 W/ActivityManager( 1628): 	at android.app.IActivityManager$Stub.onTransact(IActivityManager.java:2738)
12-14 02:14:54.264 W/ActivityManager( 1628): 	at com.android.server.am.ActivityManagerService.onTransact(ActivityManagerService.java:2935)
12-14 02:14:54.264 W/ActivityManager( 1628): 	at android.os.Binder.execTransact(Binder.java:674)
12-14 02:14:54.266 D/gralloc_ranchu( 1395): gralloc_alloc: Creating ashmem region of size 7753728
12-14 02:14:54.267 I/calabash( 4223): newActivity1
12-14 02:14:54.287 W/ActivityManager( 1628): Bad activity token: android.os.BinderProxy@3d0b4d4
12-14 02:14:54.287 W/ActivityManager( 1628): java.lang.ClassCastException: android.os.BinderProxy cannot be cast to com.android.server.am.ActivityRecord$Token
12-14 02:14:54.287 W/ActivityManager( 1628): 	at com.android.server.am.ActivityRecord.forTokenLocked(ActivityRecord.java:778)
12-14 02:14:54.287 W/ActivityManager( 1628): 	at com.android.server.am.ActivityRecord.isInStackLocked(ActivityRecord.java:2085)
12-14 02:14:54.287 W/ActivityManager( 1628): 	at com.android.server.am.ActivityManagerService.setTaskDescription(ActivityManagerService.java:9988)
12-14 02:14:54.287 W/ActivityManager( 1628): 	at android.app.IActivityManager$Stub.onTransact(IActivityManager.java:2824)
12-14 02:14:54.287 W/ActivityManager( 1628): 	at com.android.server.am.ActivityManagerService.onTransact(ActivityManagerService.java:2935)
12-14 02:14:54.287 W/ActivityManager( 1628): 	at android.os.Binder.execTransact(Binder.java:674)
12-14 02:14:54.290 W/ActivityManager( 1628): Bad activity token: android.os.BinderProxy@3d0b4d4
12-14 02:14:54.290 W/ActivityManager( 1628): java.lang.ClassCastException: android.os.BinderProxy cannot be cast to com.android.server.am.ActivityRecord$Token
12-14 02:14:54.290 W/ActivityManager( 1628): 	at com.android.server.am.ActivityRecord.forTokenLocked(ActivityRecord.java:778)
12-14 02:14:54.290 W/ActivityManager( 1628): 	at com.android.server.am.ActivityRecord.isInStackLocked(ActivityRecord.java:2085)
12-14 02:14:54.290 W/ActivityManager( 1628): 	at com.android.server.am.ActivityRecord.getStackLocked(ActivityRecord.java:2090)
12-14 02:14:54.290 W/ActivityManager( 1628): 	at com.android.server.am.ActivityManagerService.getActivityStackId(ActivityManagerService.java:10417)
12-14 02:14:54.290 W/ActivityManager( 1628): 	at android.app.IActivityManager$Stub.onTransact(IActivityManager.java:3548)
12-14 02:14:54.290 W/ActivityManager( 1628): 	at com.android.server.am.ActivityManagerService.onTransact(ActivityManagerService.java:2935)
12-14 02:14:54.290 W/ActivityManager( 1628): 	at android.os.Binder.execTransact(Binder.java:674)
12-14 02:14:54.343 E/ContentStoreEUAS( 2211): Failed to commit the deferred actions
12-14 02:14:54.375 D/EGL_emulation( 2183): eglMakeCurrent: 0x98946d80: ver 3 0 (tinfo 0x98aff940)
12-14 02:14:54.376 D/EGL_emulation( 2211): eglMakeCurrent: 0x9b085d80: ver 3 0 (tinfo 0x9b083740)
12-14 02:14:54.395 D/EGL_emulation( 1733): eglMakeCurrent: 0x9b085a80: ver 3 0 (tinfo 0x9b0835a0)
12-14 02:14:54.400 I/chatty  ( 1733): uid=10028(u0_a28) RenderThread identical 1 line
12-14 02:14:54.410 D/EGL_emulation( 1733): eglMakeCurrent: 0x9b085a80: ver 3 0 (tinfo 0x9b0835a0)
12-14 02:14:54.411 V/StatusBar( 1733): setLightsOn(true)
12-14 02:14:54.417 D/EGL_emulation( 1733): eglMakeCurrent: 0x9b085a80: ver 3 0 (tinfo 0x9b0835a0)
12-14 02:14:54.492 W/ActivityManager( 1628): Bad activity token: android.os.BinderProxy@3d0b4d4
12-14 02:14:54.492 W/ActivityManager( 1628): java.lang.ClassCastException: android.os.BinderProxy cannot be cast to com.android.server.am.ActivityRecord$Token
12-14 02:14:54.492 W/ActivityManager( 1628): 	at com.android.server.am.ActivityRecord.forTokenLocked(ActivityRecord.java:778)
12-14 02:14:54.492 W/ActivityManager( 1628): 	at com.android.server.am.ActivityRecord.isInStackLocked(ActivityRecord.java:2085)
12-14 02:14:54.492 W/ActivityManager( 1628): 	at com.android.server.am.ActivityManagerService.getActivityOptions(ActivityManagerService.java:13302)
12-14 02:14:54.492 W/ActivityManager( 1628): 	at android.app.IActivityManager$Stub.onTransact(IActivityManager.java:2910)
12-14 02:14:54.492 W/ActivityManager( 1628): 	at com.android.server.am.ActivityManagerService.onTransact(ActivityManagerService.java:2935)
12-14 02:14:54.492 W/ActivityManager( 1628): 	at android.os.Binder.execTransact(Binder.java:674)
12-14 02:14:54.493 W/ActivityManager( 1628): Bad activity token: android.os.BinderProxy@3d0b4d4
12-14 02:14:54.493 W/ActivityManager( 1628): java.lang.ClassCastException: android.os.BinderProxy cannot be cast to com.android.server.am.ActivityRecord$Token
12-14 02:14:54.493 W/ActivityManager( 1628): 	at com.android.server.am.ActivityRecord.forTokenLocked(ActivityRecord.java:778)
12-14 02:14:54.493 W/ActivityManager( 1628): 	at com.android.server.am.ActivityRecord.isInStackLocked(ActivityRecord.java:2085)
12-14 02:14:54.493 W/ActivityManager( 1628): 	at com.android.server.am.ActivityManagerService.getActivityOptions(ActivityManagerService.java:13302)
12-14 02:14:54.493 W/ActivityManager( 1628): 	at android.app.IActivityManager$Stub.onTransact(IActivityManager.java:2910)
12-14 02:14:54.493 W/ActivityManager( 1628): 	at com.android.server.am.ActivityManagerService.onTransact(ActivityManagerService.java:2935)
12-14 02:14:54.493 W/ActivityManager( 1628): 	at android.os.Binder.execTransact(Binder.java:674)
12-14 02:14:54.590 I/chatty  ( 1733): uid=10028(u0_a28) RenderThread identical 19 lines
12-14 02:14:54.596 D/EGL_emulation( 1733): eglMakeCurrent: 0x9b085a80: ver 3 0 (tinfo 0x9b0835a0)
12-14 02:14:54.598 V/StatusBar( 1733): setLightsOn(true)
12-14 02:14:54.643 I/zygote  ( 4223): Do partial code cache collection, code=28KB, data=30KB
12-14 02:14:54.643 I/zygote  ( 4223): After code cache collection, code=28KB, data=30KB
12-14 02:14:54.643 I/zygote  ( 4223): Increasing code cache capacity to 128KB
12-14 02:14:54.646 I/zygote  ( 4223): Do partial code cache collection, code=28KB, data=48KB
12-14 02:14:54.646 I/zygote  ( 4223): After code cache collection, code=28KB, data=48KB
12-14 02:14:54.646 I/zygote  ( 4223): Increasing code cache capacity to 256KB
12-14 02:14:54.647 I/zygote  ( 4223): JIT allocated 71KB for compiled code of void android.widget.TextView.<init>(android.content.Context, android.util.AttributeSet, int, int)
12-14 02:14:54.647 I/zygote  ( 4223): Compiler allocated 4MB to compile void android.widget.TextView.<init>(android.content.Context, android.util.AttributeSet, int, int)
12-14 02:14:54.659 V/StatusBar( 1733): setLightsOn(true)
12-14 02:14:54.663 I/chatty  ( 1733): uid=10028(u0_a28) com.android.systemui identical 1 line
12-14 02:14:54.664 V/StatusBar( 1733): setLightsOn(true)
12-14 02:14:54.713 D/gralloc_ranchu( 1395): gralloc_alloc: Creating ashmem region of size 7753728
12-14 02:14:54.732 D/        ( 4223): HostConnection::get() New Host Connection established 0x98730d00, tid 4223
12-14 02:14:54.798 V/StatusBar( 1733): setLightsOn(true)
12-14 02:14:54.800 I/ActivityManager( 1628): Displayed com.evancharlton.mileage/.Mileage: +564ms
12-14 02:14:54.808 V/StatusBar( 1733): setLightsOn(true)
12-14 02:14:54.820 V/StatusBar( 1733): setLightsOn(true)
12-14 02:14:54.847 D/gralloc_ranchu( 1395): gralloc_alloc: Creating ashmem region of size 7753728
12-14 02:14:54.977 V/StatusBar( 1733): setLightsOn(true)
12-14 02:14:54.992 E/memtrack( 1628): Couldn't load memtrack module
12-14 02:14:54.992 W/android.os.Debug( 1628): failed to get memory consumption info: -1
12-14 02:14:54.998 V/StatusBar( 1733): setLightsOn(true)
12-14 02:14:55.030 E/memtrack( 1628): Couldn't load memtrack module
12-14 02:14:55.030 W/android.os.Debug( 1628): failed to get memory consumption info: -1
12-14 02:14:55.041 I/zygote  ( 4223): Do full code cache collection, code=125KB, data=71KB
12-14 02:14:55.048 I/zygote  ( 4223): After code cache collection, code=107KB, data=43KB
12-14 02:14:55.102 V/StatusBar( 1733): setLightsOn(true)
12-14 02:14:55.103 I/chatty  ( 1733): uid=10028(u0_a28) com.android.systemui identical 1 line
12-14 02:14:55.122 V/StatusBar( 1733): setLightsOn(true)
12-14 02:14:55.132 W/SurfaceFlinger( 1409): couldn't log to binary event log: overflow.
