--------- beginning of main
12-14 00:31:36.662 I/zygote  ( 1935): Do full code cache collection, code=619KB, data=396KB
12-14 00:31:36.674 I/zygote  ( 1935): After code cache collection, code=573KB, data=337KB
12-14 00:31:36.786 I/zygote  ( 1935): Background concurrent copying GC freed 94211(5MB) AllocSpace objects, 7(164KB) LOS objects, 42% free, 7MB/13MB, paused 3.771ms total 259.760ms
12-14 00:31:37.129 I/System.out( 3874): URI: //kill
12-14 00:31:37.129 I/System.out( 3874): params: {json={}
12-14 00:31:37.129 I/System.out( 3874): }
12-14 00:31:37.129 I/System.out( 3874): Stopping test server
12-14 00:31:37.133 E/adbd    ( 1382): failed to connect to socket 'tcp:7102': Connection refused
12-14 00:31:37.135 E/adbd    ( 1382): failed to connect to socket 'tcp:7102': Connection refused
12-14 00:31:37.168 V/StatusBar( 1729): setLightsOn(true)
12-14 00:31:37.203 I/chatty  ( 1729): uid=10028(u0_a28) com.android.systemui identical 3 lines
12-14 00:31:37.232 V/StatusBar( 1729): setLightsOn(true)
12-14 00:31:37.233 D/gralloc_ranchu( 1395): gralloc_alloc: Creating ashmem region of size 8298496
12-14 00:31:37.244 D/gralloc_ranchu( 1395): gralloc_alloc: Creating ashmem region of size 8298496
12-14 00:31:37.253 D/EGL_emulation( 1729): eglMakeCurrent: 0x8881a0a0: ver 3 0 (tinfo 0x97e62a50)
12-14 00:31:37.254 D/gralloc_ranchu( 1395): gralloc_alloc: Creating ashmem region of size 8298496
12-14 00:31:37.346 I/chatty  ( 1395): uid=1000(system) allocator@2.0-s identical 1 line
12-14 00:31:37.410 D/gralloc_ranchu( 1395): gralloc_alloc: Creating ashmem region of size 8298496
12-14 00:31:37.471 E/IPCThreadState( 1404): binder thread pool (4 threads) starved for 233 ms
12-14 00:31:37.480 D/gralloc_ranchu( 1395): gralloc_alloc: Creating ashmem region of size 8298496
12-14 00:31:37.548 D/BoundBrokerSvc( 1935): onUnbind: Intent { act=com.google.android.gms.auth.account.workaccount.START cmp=com.google.android.gms/.chimera.PersistentApiService }
12-14 00:31:37.547 E/memtrack( 1627): Couldn't load memtrack module
12-14 00:31:37.551 W/android.os.Debug( 1627): failed to get memory consumption info: -1
12-14 00:31:37.578 D/EGL_emulation( 2177): eglMakeCurrent: 0x99dfde60: ver 3 0 (tinfo 0x99dff920)
12-14 00:31:37.610 D/EGL_emulation( 2144): eglMakeCurrent: 0x9c4043c0: ver 3 0 (tinfo 0x9c403390)
12-14 00:31:37.652 D/gralloc_ranchu( 1395): gralloc_alloc: Creating ashmem region of size 7753728
12-14 00:31:37.660 I/zygote  ( 2177): Deoptimizing void com.google.android.apps.gsa.search.core.service.worker.a.a.a(com.google.android.apps.gsa.search.core.state.qc) due to JIT inline cache
12-14 00:31:37.679 E/GmsClient( 2177): unable to connect to service: com.google.android.gms.speech.service.START on com.google.android.gms
12-14 00:31:37.684 W/SessionLifecycleManager( 2177): Handover failed. Creating new session controller.
12-14 00:31:37.700 I/OptInState( 2177): There is a new client and it does not support opt-in. Dropping request.
12-14 00:31:37.758 I/zygote  ( 2177): Deoptimizing int[] com.google.common.collect.gx.b(java.lang.Object[], int, int, int) due to JIT inline cache
12-14 00:31:37.772 D/        ( 1729): HostConnection::get() New Host Connection established 0x85adbf00, tid 1752
12-14 00:31:37.777 I/zygote  ( 2177): Do full code cache collection, code=238KB, data=195KB
12-14 00:31:37.784 D/EGL_emulation( 1729): eglMakeCurrent: 0x8881a0a0: ver 3 0 (tinfo 0x97e62a50)
12-14 00:31:37.810 I/zygote  ( 2177): After code cache collection, code=225KB, data=155KB
12-14 00:31:37.813 D/EGL_emulation( 1729): eglMakeCurrent: 0x8881a0a0: ver 3 0 (tinfo 0x97e62a50)
12-14 00:31:37.840 I/chatty  ( 1729): uid=10028(u0_a28) RenderThread identical 2 lines
12-14 00:31:37.845 D/EGL_emulation( 1729): eglMakeCurrent: 0x8881a0a0: ver 3 0 (tinfo 0x97e62a50)
12-14 00:31:37.859 I/MicroDetectionWorker( 2177): #updateMicroDetector [detectionMode: [mDetectionMode: [1]]]
12-14 00:31:37.859 I/MicroDetectionWorker( 2177): #startMicroDetector [speakerMode: 0]
12-14 00:31:37.863 D/        ( 1729): HostConnection::get() New Host Connection established 0x86dc5940, tid 1745
12-14 00:31:37.864 I/AudioController( 2177): Using mInputStreamFactoryBuilder
12-14 00:31:37.875 I/MicroRecognitionRunner( 2177): Starting detection.
12-14 00:31:37.883 D/EGL_emulation( 1729): eglMakeCurrent: 0x8881a0a0: ver 3 0 (tinfo 0x97e62a50)
12-14 00:31:37.905 D/EGL_emulation( 1729): eglMakeCurrent: 0x8881a0a0: ver 3 0 (tinfo 0x97e62a50)
12-14 00:31:37.909 I/MicroDetectionWorker( 2177): onReady
12-14 00:31:37.914 D/BoundBrokerSvc( 1935): onUnbind: Intent { act=com.google.android.gms.auth.proximity.START cmp=com.google.android.gms/.chimera.PersistentBoundBrokerService }
12-14 00:31:37.917 D/EGL_emulation( 1729): eglMakeCurrent: 0x8881a0a0: ver 3 0 (tinfo 0x97e62a50)
12-14 00:31:37.922 I/MicrophoneInputStream( 2177): mic_starting com.google.android.apps.gsa.staticplugins.aa.c@5534db3
12-14 00:31:37.922 D/EGL_emulation( 1729): eglMakeCurrent: 0x8881a0a0: ver 3 0 (tinfo 0x97e62a50)
12-14 00:31:37.931 I/AudioFlinger( 1476): AudioFlinger's thread 0xaef03580 tid=3944 ready to run
12-14 00:31:37.945 D/EGL_emulation( 1729): eglMakeCurrent: 0x8881a0a0: ver 3 0 (tinfo 0x97e62a50)
12-14 00:31:37.946 I/MicrophoneInputStream( 2177): mic_started com.google.android.apps.gsa.staticplugins.aa.c@5534db3
12-14 00:31:37.948 I/MicrophoneInputStream( 2177): mic_close com.google.android.apps.gsa.staticplugins.aa.c@5534db3
12-14 00:31:37.949 I/MicroDetectionWorker( 2177): onReady
12-14 00:31:37.950 I/MicroRecognitionRunner( 2177): Detection finished
12-14 00:31:37.950 W/ErrorReporter( 2177): reportError [type: 211, code: 524300]: Error reading from input stream
12-14 00:31:37.950 W/ErrorProcessor( 2177): onFatalError, processing error from engine(4)
12-14 00:31:37.950 W/ErrorProcessor( 2177): com.google.android.apps.gsa.shared.speech.b.g: Error reading from input stream
12-14 00:31:37.950 W/ErrorProcessor( 2177): 	at com.google.android.apps.gsa.staticplugins.recognizer.j.a.a(SourceFile:28)
12-14 00:31:37.950 W/ErrorProcessor( 2177): 	at com.google.android.apps.gsa.staticplugins.recognizer.j.b.run(SourceFile:15)
12-14 00:31:37.950 W/ErrorProcessor( 2177): 	at java.util.concurrent.Executors$RunnableAdapter.call(Executors.java:457)
12-14 00:31:37.950 W/ErrorProcessor( 2177): 	at java.util.concurrent.FutureTask.run(FutureTask.java:266)
12-14 00:31:37.950 W/ErrorProcessor( 2177): 	at com.google.android.apps.gsa.shared.util.concurrent.a.ax.run(SourceFile:14)
12-14 00:31:37.950 W/ErrorProcessor( 2177): 	at com.google.android.apps.gsa.shared.util.concurrent.a.bl.run(SourceFile:4)
12-14 00:31:37.950 W/ErrorProcessor( 2177): 	at com.google.android.apps.gsa.shared.util.concurrent.a.bl.run(SourceFile:4)
12-14 00:31:37.950 W/ErrorProcessor( 2177): 	at java.util.concurrent.ThreadPoolExecutor.runWorker(ThreadPoolExecutor.java:1162)
12-14 00:31:37.950 W/ErrorProcessor( 2177): 	at java.util.concurrent.ThreadPoolExecutor$Worker.run(ThreadPoolExecutor.java:636)
12-14 00:31:37.950 W/ErrorProcessor( 2177): 	at java.lang.Thread.run(Thread.java:764)
12-14 00:31:37.950 W/ErrorProcessor( 2177): 	at com.google.android.apps.gsa.shared.util.concurrent.a.ai.run(SourceFile:6)
12-14 00:31:37.950 W/ErrorProcessor( 2177): Caused by: com.google.android.apps.gsa.shared.exception.GsaIOException: Error code: 393238 | Buffer overflow, no available space.
12-14 00:31:37.950 W/ErrorProcessor( 2177): 	at com.google.android.apps.gsa.speech.audio.Tee.f(SourceFile:103)
12-14 00:31:37.950 W/ErrorProcessor( 2177): 	at com.google.android.apps.gsa.speech.audio.au.read(SourceFile:2)
12-14 00:31:37.950 W/ErrorProcessor( 2177): 	at java.io.InputStream.read(InputStream.java:101)
12-14 00:31:37.950 W/ErrorProcessor( 2177): 	at com.google.android.apps.gsa.speech.audio.ao.run(SourceFile:18)
12-14 00:31:37.950 W/ErrorProcessor( 2177): 	at com.google.android.apps.gsa.speech.audio.an.run(SourceFile:2)
12-14 00:31:37.950 W/ErrorProcessor( 2177): 	... 9 more
12-14 00:31:37.950 I/AudioController( 2177): internalShutdown
12-14 00:31:37.952 I/MicroRecognitionRunner( 2177): Stopping hotword detection.
12-14 00:31:37.955 I/MicroDetector( 2177): Keeping mic open: false
12-14 00:31:37.955 I/MicroDetectionWorker( 2177): #onError(false)
12-14 00:31:37.956 I/DeviceStateChecker( 2177): DeviceStateChecker cancelled
12-14 00:31:37.965 D/BoundBrokerSvc( 2190): onUnbind: Intent { act=com.google.android.gms.auth.cryptauth.cryptauthservice.START cmp=com.google.android.gms/.chimera.GmsBoundBrokerService }
12-14 00:31:37.968 D/EGL_emulation( 1729): eglMakeCurrent: 0x8881a0a0: ver 3 0 (tinfo 0x97e62a50)
12-14 00:31:38.026 I/chatty  ( 1729): uid=10028(u0_a28) RenderThread identical 3 lines
12-14 00:31:38.036 D/EGL_emulation( 1729): eglMakeCurrent: 0x8881a0a0: ver 3 0 (tinfo 0x97e62a50)
12-14 00:31:38.095 W/OpenGLRenderer( 2144): Incorrectly called buildLayer on View: ShortcutAndWidgetContainer, destroying layer...
12-14 00:31:38.237 D/OpenGLRenderer( 1627): HWUI GL Pipeline
12-14 00:31:38.249 E/SurfaceFlinger( 1404): ro.sf.lcd_density must be defined as a build property
12-14 00:31:38.265 D/        ( 1627): HostConnection::get() New Host Connection established 0x85ead5c0, tid 3945
12-14 00:31:38.265 I/OpenGLRenderer( 1627): Initialized EGL, version 1.4
12-14 00:31:38.265 D/OpenGLRenderer( 1627): Swap behavior 1
12-14 00:31:38.265 W/OpenGLRenderer( 1627): Failed to choose config with EGL_SWAP_BEHAVIOR_PRESERVED, retrying without...
12-14 00:31:38.265 D/OpenGLRenderer( 1627): Swap behavior 0
12-14 00:31:38.276 D/EGL_emulation( 1627): eglCreateContext: 0x9c3ae380: maj 3 min 0 rcv 3
12-14 00:31:38.277 D/EGL_emulation( 1627): eglMakeCurrent: 0x9c3ae380: ver 3 0 (tinfo 0x85ed5670)
12-14 00:31:38.278 E/eglCodecCommon( 1627): glUtilsParamSize: unknow param 0x00008cdf
12-14 00:31:38.278 E/eglCodecCommon( 1627): glUtilsParamSize: unknow param 0x00008cdf
12-14 00:31:38.278 E/eglCodecCommon( 1627): glUtilsParamSize: unknow param 0x00008824
12-14 00:31:38.278 E/eglCodecCommon( 1627): glUtilsParamSize: unknow param 0x00008824
12-14 00:31:38.898 D/BoundBrokerSvc( 1935): onUnbind: Intent { act=com.google.android.contextmanager.service.ContextManagerService.START cmp=com.google.android.gms/.chimera.PersistentApiService }
12-14 00:31:39.566 W/audio_hw_generic( 1389): Not supplying enough data to HAL, expected position 309277 , only wrote 156960
--------- beginning of system
12-14 00:31:41.082 E/TaskPersister( 1627): File error accessing recents directory (directory doesn't exist?).
12-14 00:31:41.910 W/RemoteFillService( 1627): Not handling { when=-1ms what=3 target=com.android.internal.os.HandlerCaller$MyHandler } as service for ComponentInfo{com.google.android.gms/com.google.android.gms.autofill.service.AutofillService} is already destroyed
12-14 00:31:42.421 D/BoundBrokerSvc( 1935): onUnbind: Intent { act=com.google.android.gms.pseudonymous.service.START cmp=com.google.android.gms/.chimera.PersistentApiService }
12-14 00:31:42.861 I/qemu-props( 1402): start adbd ...
12-14 00:31:42.957 I/MicroDetectionWorker( 2177): #updateMicroDetector [detectionMode: [mDetectionMode: [1]]]
12-14 00:31:42.957 I/MicroDetectionWorker( 2177): #startMicroDetector [speakerMode: 0]
12-14 00:31:42.958 I/AudioController( 2177): Using mInputStreamFactoryBuilder
12-14 00:31:42.959 I/MicroDetectionWorker( 2177): onReady
12-14 00:31:42.961 I/MicroRecognitionRunner( 2177): Starting detection.
12-14 00:31:42.962 I/MicrophoneInputStream( 2177): mic_starting com.google.android.apps.gsa.staticplugins.aa.c@b68b7b8
12-14 00:31:42.965 I/AudioFlinger( 1476): AudioFlinger's thread 0xaed83340 tid=3949 ready to run
12-14 00:31:42.968 I/MicrophoneInputStream( 2177): mic_started com.google.android.apps.gsa.staticplugins.aa.c@b68b7b8
12-14 00:31:42.968 E/ActivityThread( 2177): Failed to find provider info for com.google.android.apps.gsa.testing.ui.audio.recorded
12-14 00:31:42.969 I/MicroDetectionWorker( 2177): onReady
12-14 00:31:42.972 I/MicrophoneInputStream( 2177): mic_close com.google.android.apps.gsa.staticplugins.aa.c@b68b7b8
12-14 00:31:42.974 I/MicroRecognitionRunner( 2177): Detection finished
12-14 00:31:42.974 W/ErrorReporter( 2177): reportError [type: 211, code: 524300]: Error reading from input stream
12-14 00:31:42.975 W/ErrorProcessor( 2177): onFatalError, processing error from engine(4)
12-14 00:31:42.975 W/ErrorProcessor( 2177): com.google.android.apps.gsa.shared.speech.b.g: Error reading from input stream
12-14 00:31:42.975 W/ErrorProcessor( 2177): 	at com.google.android.apps.gsa.staticplugins.recognizer.j.a.a(SourceFile:28)
12-14 00:31:42.975 W/ErrorProcessor( 2177): 	at com.google.android.apps.gsa.staticplugins.recognizer.j.b.run(SourceFile:15)
12-14 00:31:42.975 W/ErrorProcessor( 2177): 	at java.util.concurrent.Executors$RunnableAdapter.call(Executors.java:457)
12-14 00:31:42.975 W/ErrorProcessor( 2177): 	at java.util.concurrent.FutureTask.run(FutureTask.java:266)
12-14 00:31:42.975 W/ErrorProcessor( 2177): 	at com.google.android.apps.gsa.shared.util.concurrent.a.ax.run(SourceFile:14)
12-14 00:31:42.975 W/ErrorProcessor( 2177): 	at com.google.android.apps.gsa.shared.util.concurrent.a.bl.run(SourceFile:4)
12-14 00:31:42.975 W/ErrorProcessor( 2177): 	at com.google.android.apps.gsa.shared.util.concurrent.a.bl.run(SourceFile:4)
12-14 00:31:42.975 W/ErrorProcessor( 2177): 	at java.util.concurrent.ThreadPoolExecutor.runWorker(ThreadPoolExecutor.java:1162)
12-14 00:31:42.975 W/ErrorProcessor( 2177): 	at java.util.concurrent.ThreadPoolExecutor$Worker.run(ThreadPoolExecutor.java:636)
12-14 00:31:42.975 W/ErrorProcessor( 2177): 	at java.lang.Thread.run(Thread.java:764)
12-14 00:31:42.975 W/ErrorProcessor( 2177): 	at com.google.android.apps.gsa.shared.util.concurrent.a.ai.run(SourceFile:6)
12-14 00:31:42.975 W/ErrorProcessor( 2177): Caused by: com.google.android.apps.gsa.shared.exception.GsaIOException: Error code: 393238 | Buffer overflow, no available space.
12-14 00:31:42.975 W/ErrorProcessor( 2177): 	at com.google.android.apps.gsa.speech.audio.Tee.f(SourceFile:103)
12-14 00:31:42.975 W/ErrorProcessor( 2177): 	at com.google.android.apps.gsa.speech.audio.au.read(SourceFile:2)
12-14 00:31:42.975 W/ErrorProcessor( 2177): 	at java.io.InputStream.read(InputStream.java:101)
12-14 00:31:42.975 W/ErrorProcessor( 2177): 	at com.google.android.apps.gsa.speech.audio.ao.run(SourceFile:18)
12-14 00:31:42.975 W/ErrorProcessor( 2177): 	at com.google.android.apps.gsa.speech.audio.an.run(SourceFile:2)
12-14 00:31:42.975 W/ErrorProcessor( 2177): 	... 9 more
12-14 00:31:42.975 I/MicroRecognitionRunner( 2177): Stopping hotword detection.
12-14 00:31:42.975 I/AudioController( 2177): internalShutdown
12-14 00:31:42.976 I/MicroDetector( 2177): Keeping mic open: false
12-14 00:31:42.976 I/DeviceStateChecker( 2177): DeviceStateChecker cancelled
12-14 00:31:42.976 I/MicroDetectionWorker( 2177): #onError(false)
12-14 00:31:43.444 D/AndroidRuntime( 3953): >>>>>> START com.android.internal.os.RuntimeInit uid 2000 <<<<<<
12-14 00:31:43.479 W/app_process( 3953): Unexpected CPU variant for X86 using defaults: x86
12-14 00:31:43.497 D/AndroidRuntime( 3953): Calling main entry com.android.commands.am.Am
12-14 00:31:43.502 I/ActivityManager( 1627): Force stopping com.evancharlton.mileage appid=10230 user=0: start instr
12-14 00:31:43.502 I/ActivityManager( 1627): Killing 3874:com.evancharlton.mileage/u0a230 (adj 0): stop com.evancharlton.mileage
12-14 00:31:43.503 W/ActivityManager( 1627): Crash of app com.evancharlton.mileage running instrumentation ComponentInfo{com.evancharlton.mileage.test/sh.calaba.instrumentationbackend.CalabashInstrumentationTestRunner}
12-14 00:31:43.503 I/ActivityManager( 1627): Force stopping com.evancharlton.mileage appid=10230 user=0: finished inst
12-14 00:31:43.509 D/hwcomposer( 1396): hw_composer sent 51 syncs in 61s
12-14 00:31:43.512 I/zygote  ( 3963): Not late-enabling -Xcheck:jni (already on)
12-14 00:31:43.518 W/zygote  ( 3963): Unexpected CPU variant for X86 using defaults: x86
12-14 00:31:43.522 I/ActivityManager( 1627): Start proc 3963:com.evancharlton.mileage/u0a230 for added application com.evancharlton.mileage
12-14 00:31:43.522 D/AndroidRuntime( 3953): Shutting down VM
12-14 00:31:43.541 W/ActivityManager( 1627): setHasOverlayUi called on unknown pid: 3874
12-14 00:31:43.548 E/adbd    ( 1382): failed to connect to socket 'tcp:7102': Connection refused
12-14 00:31:43.554 E/adbd    ( 1382): failed to connect to socket 'tcp:7102': Connection refused
12-14 00:31:43.560 W/zygote  ( 3963): Found duplicate classes, falling back to extracting from APK : /data/app/com.evancharlton.mileage.test-Wfc38VtUYd8xFxriKnLkJw==/base.apk
12-14 00:31:43.561 W/zygote  ( 3963): NOTE: This wastes RAM and hurts startup performance.
12-14 00:31:43.561 W/zygote  ( 3963): Found duplicated class when checking oat files: 'Ljunit/runner/BaseTestRunner;' in /data/app/com.evancharlton.mileage.test-Wfc38VtUYd8xFxriKnLkJw==/base.apk and /system/framework/android.test.runner.jar
12-14 00:31:43.561 W/zygote  ( 3963): 
12-14 00:31:43.588 W/System  ( 3963): ClassLoader referenced unknown path: 
12-14 00:31:43.601 I/System.out( 3963): Main activity name automatically set to: com.evancharlton.mileage.Mileage
12-14 00:31:43.601 I/System.out( 3963): Calabash did not load Mono. This is only a problem if you are trying to test a Mono application
12-14 00:31:43.602 I/calabash( 3963): Test server port: 7102
12-14 00:31:43.605 I/InstrumentationBackend( 3963): Added:'GetPreferences', with key:'get_preferences'
12-14 00:31:43.663 E/adbd    ( 1382): failed to connect to socket 'tcp:7102': Connection refused
12-14 00:31:43.665 E/adbd    ( 1382): failed to connect to socket 'tcp:7102': Connection refused
12-14 00:31:43.667 I/InstrumentationBackend( 3963): Added:'SetPreferences', with key:'set_preferences'
12-14 00:31:43.667 I/InstrumentationBackend( 3963): Added:'ClearPreferences', with key:'clear_preferences'
12-14 00:31:43.667 I/InstrumentationBackend( 3963): Added:'PressElement', with key:'press_l10n_element'
12-14 00:31:43.668 I/InstrumentationBackend( 3963): Added:'WaitForElement', with key:'wait_for_l10n_element'
12-14 00:31:43.668 I/InstrumentationBackend( 3963): Added:'NullAction', with key:'nullAction'
12-14 00:31:43.669 I/InstrumentationBackend( 3963): Added:'PressKey', with key:'press_key'
12-14 00:31:43.669 I/InstrumentationBackend( 3963): Added:'SetActivityOrientation', with key:'set_activity_orientation'
12-14 00:31:43.670 I/InstrumentationBackend( 3963): Added:'GetActivityOrientation', with key:'get_activity_orientation'
12-14 00:31:43.671 I/InstrumentationBackend( 3963): Added:'FakeGPSLocation', with key:'set_gps_coordinates'
12-14 00:31:43.671 I/InstrumentationBackend( 3963): Added:'SetPropertyByCssSelector', with key:'set_property_by_css_selector'
12-14 00:31:43.672 I/InstrumentationBackend( 3963): Added:'GetUrl', with key:'get_url'
12-14 00:31:43.674 I/InstrumentationBackend( 3963): Added:'ScrollTo', with key:'scroll_to'
12-14 00:31:43.674 I/InstrumentationBackend( 3963): Added:'GetLoadProgress', with key:'get_load_progress'
12-14 00:31:43.675 I/InstrumentationBackend( 3963): Added:'DumpHtml', with key:'dump_html'
12-14 00:31:43.675 I/InstrumentationBackend( 3963): Added:'DumpBodyHtml', with key:'dump_body_html'
12-14 00:31:43.675 I/InstrumentationBackend( 3963): Added:'EnterTextByCssSelector', with key:'enter_text_by_selector'
12-14 00:31:43.679 I/InstrumentationBackend( 3963): Added:'AndroidSDKVersion', with key:'android_sdk_version'
12-14 00:31:43.679 I/InstrumentationBackend( 3963): Added:'Version', with key:'version'
12-14 00:31:43.680 I/InstrumentationBackend( 3963): Added:'Drag', with key:'drag'
12-14 00:31:43.680 I/InstrumentationBackend( 3963): Added:'TouchCoordinates', with key:'touch_coordinate'
12-14 00:31:43.680 I/InstrumentationBackend( 3963): Added:'LongPressCoordinate', with key:'long_press_coordinate'
12-14 00:31:43.680 I/InstrumentationBackend( 3963): Added:'DragCoordinates', with key:'drag_coordinates'
12-14 00:31:43.681 I/InstrumentationBackend( 3963): Added:'ResumeApplication', with key:'resume_application'
12-14 00:31:43.681 I/InstrumentationBackend( 3963): Added:'Swipe', with key:'swipe'
12-14 00:31:43.681 I/InstrumentationBackend( 3963): Added:'DoubleTapCoordinate', with key:'double_tap_coordinate'
12-14 00:31:43.682 I/InstrumentationBackend( 3963): Added:'ClickOnScreen', with key:'click_on_screen'
12-14 00:31:43.682 I/InstrumentationBackend( 3963): Added:'GetActivityName', with key:'get_activity_name'
12-14 00:31:43.683 I/InstrumentationBackend( 3963): Added:'ScrollToView', with key:'scroll_to_view'
12-14 00:31:43.683 I/InstrumentationBackend( 3963): Added:'ViewConfiguration', with key:'view_configuration'
12-14 00:31:43.684 I/InstrumentationBackend( 3963): Added:'IsCurrentActivityFocused', with key:'is_current_activity_focused'
12-14 00:31:43.684 I/InstrumentationBackend( 3963): Added:'SendTcp', with key:'send_tcp'
12-14 00:31:43.684 I/InstrumentationBackend( 3963): Added:'DpToDevicePixel', with key:'dp_to_device_pixel'
12-14 00:31:43.685 I/InstrumentationBackend( 3963): Added:'KeyboardEnterText', with key:'keyboard_enter_text'
12-14 00:31:43.687 I/InstrumentationBackend( 3963): Added:'DeleteSurroundingText', with key:'delete_surrounding_text'
12-14 00:31:43.687 I/InstrumentationBackend( 3963): Added:'SetComposingRegion', with key:'set_composing_region'
12-14 00:31:43.688 I/InstrumentationBackend( 3963): Added:'SetSelection', with key:'set_selection'
12-14 00:31:43.688 I/InstrumentationBackend( 3963): Added:'KeyboardKeyEvent', with key:'keyboard_key_event'
12-14 00:31:43.688 I/InstrumentationBackend( 3963): Added:'PressUserActionButton', with key:'press_user_action_button'
12-14 00:31:43.689 I/InstrumentationBackend( 3963): Added:'HideSoftKeyboard', with key:'hide_soft_keyboard'
12-14 00:31:43.691 I/InstrumentationBackend( 3963): Added:'ListActions', with key:'list_actions'
12-14 00:31:43.691 I/calabash( 3963): Instantiating http server at 7102
12-14 00:31:43.691 I/System.out( 3963): HTTP Daemon listening on: 7102
12-14 00:31:43.695 E/memtrack( 1627): Couldn't load memtrack module
12-14 00:31:43.695 W/android.os.Debug( 1627): failed to get memory consumption info: -1
12-14 00:31:43.776 I/System.out( 3963): URI: //ping
12-14 00:31:43.776 I/System.out( 3963): params: {json={}
12-14 00:31:43.776 I/System.out( 3963): }
12-14 00:31:43.785 I/System.out( 3963): URI: //ping
12-14 00:31:43.785 I/System.out( 3963): params: {json={}
12-14 00:31:43.785 I/System.out( 3963): }
12-14 00:31:43.793 I/System.out( 3963): URI: //ready
12-14 00:31:43.794 I/System.out( 3963): params: {json={}
12-14 00:31:43.794 I/System.out( 3963): }
12-14 00:31:43.800 I/System.out( 3963): URI: //
12-14 00:31:43.800 I/System.out( 3963): params: {json={"command":"version","arguments":[]}
12-14 00:31:43.800 I/System.out( 3963): }
12-14 00:31:43.800 I/System.out( 3963): header: {content-type=application/json;charset=utf-8, date=Mon, 14 Dec 2020 05:31:44 GMT, accept=*/*, host=127.0.0.1:34777, content-length=36, user-agent=HTTPClient/1.0 (2.8.3, ruby 2.5.8 (2020-03-31))}
12-14 00:31:43.800 I/System.out( 3963): params: {json={"command":"version","arguments":[]}
12-14 00:31:43.800 I/System.out( 3963): }
12-14 00:31:43.800 I/System.out( 3963): ProP json = {"command":"version","arguments":[]}
12-14 00:31:43.800 I/System.out( 3963): files: {}
12-14 00:31:43.800 I/System.out( 3963): command: {"command":"version","arguments":[]}
12-14 00:31:43.829 I/InstrumentationBackend( 3963): Got command:'Command:'Line:null,version', arguments:'[]'
12-14 00:31:43.865 I/System.out( 3963): result:{"bonusInformation":[],"message":"0.9.8","success":true}
12-14 00:31:43.873 I/System.out( 3963): URI: //start-application
12-14 00:31:43.873 I/System.out( 3963): params: {json={"intent":null}
12-14 00:31:43.873 I/System.out( 3963): }
12-14 00:31:43.910 I/ActivityManager( 1627): START u0 {act=android.intent.action.MAIN cat=[android.intent.category.LAUNCHER] flg=0x10200000 cmp=com.evancharlton.mileage/.Mileage} from uid 10230
12-14 00:31:43.917 I/ActivityManager( 1627): Killing 2536:com.android.providers.calendar/u0a4 (adj 906): empty #17
12-14 00:31:43.925 I/calabash( 3963): newActivity1
12-14 00:31:43.947 D/gralloc_ranchu( 1395): gralloc_alloc: Creating ashmem region of size 7753728
12-14 00:31:43.974 W/ActivityManager( 1627): Bad activity token: android.os.BinderProxy@440a784
12-14 00:31:43.974 W/ActivityManager( 1627): java.lang.ClassCastException: android.os.BinderProxy cannot be cast to com.android.server.am.ActivityRecord$Token
12-14 00:31:43.974 W/ActivityManager( 1627): 	at com.android.server.am.ActivityRecord.forTokenLocked(ActivityRecord.java:778)
12-14 00:31:43.974 W/ActivityManager( 1627): 	at com.android.server.am.ActivityRecord.isInStackLocked(ActivityRecord.java:2085)
12-14 00:31:43.974 W/ActivityManager( 1627): 	at com.android.server.am.ActivityRecord.getStackLocked(ActivityRecord.java:2090)
12-14 00:31:43.974 W/ActivityManager( 1627): 	at com.android.server.am.ActivityManagerService.getActivityDisplayId(ActivityManagerService.java:10406)
12-14 00:31:43.974 W/ActivityManager( 1627): 	at android.app.IActivityManager$Stub.onTransact(IActivityManager.java:2738)
12-14 00:31:43.974 W/ActivityManager( 1627): 	at com.android.server.am.ActivityManagerService.onTransact(ActivityManagerService.java:2935)
12-14 00:31:43.974 W/ActivityManager( 1627): 	at android.os.Binder.execTransact(Binder.java:674)
12-14 00:31:43.975 I/calabash( 3963): newActivity1
12-14 00:31:43.980 W/ActivityManager( 1627): Bad activity token: android.os.BinderProxy@440a784
12-14 00:31:43.980 W/ActivityManager( 1627): java.lang.ClassCastException: android.os.BinderProxy cannot be cast to com.android.server.am.ActivityRecord$Token
12-14 00:31:43.980 W/ActivityManager( 1627): 	at com.android.server.am.ActivityRecord.forTokenLocked(ActivityRecord.java:778)
12-14 00:31:43.980 W/ActivityManager( 1627): 	at com.android.server.am.ActivityRecord.isInStackLocked(ActivityRecord.java:2085)
12-14 00:31:43.980 W/ActivityManager( 1627): 	at com.android.server.am.ActivityManagerService.setTaskDescription(ActivityManagerService.java:9988)
12-14 00:31:43.980 W/ActivityManager( 1627): 	at android.app.IActivityManager$Stub.onTransact(IActivityManager.java:2824)
12-14 00:31:43.980 W/ActivityManager( 1627): 	at com.android.server.am.ActivityManagerService.onTransact(ActivityManagerService.java:2935)
12-14 00:31:43.980 W/ActivityManager( 1627): 	at android.os.Binder.execTransact(Binder.java:674)
12-14 00:31:43.980 W/ActivityManager( 1627): Bad activity token: android.os.BinderProxy@440a784
12-14 00:31:43.980 W/ActivityManager( 1627): java.lang.ClassCastException: android.os.BinderProxy cannot be cast to com.android.server.am.ActivityRecord$Token
12-14 00:31:43.980 W/ActivityManager( 1627): 	at com.android.server.am.ActivityRecord.forTokenLocked(ActivityRecord.java:778)
12-14 00:31:43.980 W/ActivityManager( 1627): 	at com.android.server.am.ActivityRecord.isInStackLocked(ActivityRecord.java:2085)
12-14 00:31:43.980 W/ActivityManager( 1627): 	at com.android.server.am.ActivityRecord.getStackLocked(ActivityRecord.java:2090)
12-14 00:31:43.980 W/ActivityManager( 1627): 	at com.android.server.am.ActivityManagerService.getActivityStackId(ActivityManagerService.java:10417)
12-14 00:31:43.980 W/ActivityManager( 1627): 	at android.app.IActivityManager$Stub.onTransact(IActivityManager.java:3548)
12-14 00:31:43.980 W/ActivityManager( 1627): 	at com.android.server.am.ActivityManagerService.onTransact(ActivityManagerService.java:2935)
12-14 00:31:43.980 W/ActivityManager( 1627): 	at android.os.Binder.execTransact(Binder.java:674)
12-14 00:31:44.037 D/EGL_emulation( 2177): eglMakeCurrent: 0x99dfde60: ver 3 0 (tinfo 0x99dff920)
12-14 00:31:44.041 D/EGL_emulation( 2144): eglMakeCurrent: 0x9c4043c0: ver 3 0 (tinfo 0x9c403390)
12-14 00:31:44.056 D/EGL_emulation( 1729): eglMakeCurrent: 0x8881a0a0: ver 3 0 (tinfo 0x97e62a50)
12-14 00:31:44.063 I/chatty  ( 1729): uid=10028(u0_a28) RenderThread identical 1 line
12-14 00:31:44.070 D/EGL_emulation( 1729): eglMakeCurrent: 0x8881a0a0: ver 3 0 (tinfo 0x97e62a50)
12-14 00:31:44.071 V/StatusBar( 1729): setLightsOn(true)
12-14 00:31:44.086 D/EGL_emulation( 1729): eglMakeCurrent: 0x8881a0a0: ver 3 0 (tinfo 0x97e62a50)
12-14 00:31:44.087 E/ContentStoreEUAS( 2177): Failed to commit the deferred actions
12-14 00:31:44.089 W/ActivityManager( 1627): Bad activity token: android.os.BinderProxy@440a784
12-14 00:31:44.089 W/ActivityManager( 1627): java.lang.ClassCastException: android.os.BinderProxy cannot be cast to com.android.server.am.ActivityRecord$Token
12-14 00:31:44.089 W/ActivityManager( 1627): 	at com.android.server.am.ActivityRecord.forTokenLocked(ActivityRecord.java:778)
12-14 00:31:44.089 W/ActivityManager( 1627): 	at com.android.server.am.ActivityRecord.isInStackLocked(ActivityRecord.java:2085)
12-14 00:31:44.089 W/ActivityManager( 1627): 	at com.android.server.am.ActivityManagerService.getActivityOptions(ActivityManagerService.java:13302)
12-14 00:31:44.089 W/ActivityManager( 1627): 	at android.app.IActivityManager$Stub.onTransact(IActivityManager.java:2910)
12-14 00:31:44.089 W/ActivityManager( 1627): 	at com.android.server.am.ActivityManagerService.onTransact(ActivityManagerService.java:2935)
12-14 00:31:44.089 W/ActivityManager( 1627): 	at android.os.Binder.execTransact(Binder.java:674)
12-14 00:31:44.090 W/ActivityManager( 1627): Bad activity token: android.os.BinderProxy@440a784
12-14 00:31:44.090 W/ActivityManager( 1627): java.lang.ClassCastException: android.os.BinderProxy cannot be cast to com.android.server.am.ActivityRecord$Token
12-14 00:31:44.090 W/ActivityManager( 1627): 	at com.android.server.am.ActivityRecord.forTokenLocked(ActivityRecord.java:778)
12-14 00:31:44.090 W/ActivityManager( 1627): 	at com.android.server.am.ActivityRecord.isInStackLocked(ActivityRecord.java:2085)
12-14 00:31:44.090 W/ActivityManager( 1627): 	at com.android.server.am.ActivityManagerService.getActivityOptions(ActivityManagerService.java:13302)
12-14 00:31:44.090 W/ActivityManager( 1627): 	at android.app.IActivityManager$Stub.onTransact(IActivityManager.java:2910)
12-14 00:31:44.090 W/ActivityManager( 1627): 	at com.android.server.am.ActivityManagerService.onTransact(ActivityManagerService.java:2935)
12-14 00:31:44.090 W/ActivityManager( 1627): 	at android.os.Binder.execTransact(Binder.java:674)
12-14 00:31:44.090 D/EGL_emulation( 1729): eglMakeCurrent: 0x8881a0a0: ver 3 0 (tinfo 0x97e62a50)
12-14 00:31:44.189 I/chatty  ( 1729): uid=10028(u0_a28) RenderThread identical 12 lines
12-14 00:31:44.200 D/EGL_emulation( 1729): eglMakeCurrent: 0x8881a0a0: ver 3 0 (tinfo 0x97e62a50)
12-14 00:31:44.206 W/zygote  ( 3996): Unexpected CPU variant for X86 using defaults: x86
12-14 00:31:44.211 I/ActivityManager( 1627): Start proc 3996:com.android.providers.calendar/u0a4 for content provider com.android.providers.calendar/.CalendarProvider2
12-14 00:31:44.209 D/EGL_emulation( 1729): eglMakeCurrent: 0x8881a0a0: ver 3 0 (tinfo 0x97e62a50)
12-14 00:31:44.222 I/chatty  ( 1729): uid=10028(u0_a28) RenderThread identical 1 line
12-14 00:31:44.225 D/EGL_emulation( 1729): eglMakeCurrent: 0x8881a0a0: ver 3 0 (tinfo 0x97e62a50)
12-14 00:31:44.226 V/StatusBar( 1729): setLightsOn(true)
12-14 00:31:44.230 D/EGL_emulation( 1729): eglMakeCurrent: 0x8881a0a0: ver 3 0 (tinfo 0x97e62a50)
12-14 00:31:44.252 I/chatty  ( 1729): uid=10028(u0_a28) RenderThread identical 2 lines
12-14 00:31:44.267 D/EGL_emulation( 1729): eglMakeCurrent: 0x8881a0a0: ver 3 0 (tinfo 0x97e62a50)
12-14 00:31:44.276 I/zygote  ( 3963): Do partial code cache collection, code=27KB, data=30KB
12-14 00:31:44.280 I/CalendarProvider2( 3996): Created com.android.providers.calendar.CalendarAlarmManager@a9a6d0e(com.android.providers.calendar.CalendarProvider2@7cee32f)
12-14 00:31:44.289 D/EGL_emulation( 1729): eglMakeCurrent: 0x8881a0a0: ver 3 0 (tinfo 0x97e62a50)
12-14 00:31:44.291 I/zygote  ( 3963): After code cache collection, code=27KB, data=30KB
12-14 00:31:44.291 I/zygote  ( 3963): Increasing code cache capacity to 128KB
12-14 00:31:44.300 I/ActivityManager( 1627): Killing 3369:com.android.externalstorage/u0a8 (adj 906): empty #17
12-14 00:31:44.313 I/zygote  ( 3963): Do partial code cache collection, code=27KB, data=49KB
12-14 00:31:44.319 I/zygote  ( 3963): After code cache collection, code=27KB, data=49KB
12-14 00:31:44.319 I/zygote  ( 3963): Increasing code cache capacity to 256KB
12-14 00:31:44.320 I/zygote  ( 3963): JIT allocated 71KB for compiled code of void android.widget.TextView.<init>(android.content.Context, android.util.AttributeSet, int, int)
12-14 00:31:44.320 I/zygote  ( 3963): Compiler allocated 4MB to compile void android.widget.TextView.<init>(android.content.Context, android.util.AttributeSet, int, int)
12-14 00:31:44.321 V/StatusBar( 1729): setLightsOn(true)
12-14 00:31:44.340 I/chatty  ( 1729): uid=10028(u0_a28) com.android.systemui identical 2 lines
12-14 00:31:44.343 V/StatusBar( 1729): setLightsOn(true)
12-14 00:31:44.370 D/gralloc_ranchu( 1395): gralloc_alloc: Creating ashmem region of size 7753728
12-14 00:31:44.403 D/        ( 3963): HostConnection::get() New Host Connection established 0x99aafcc0, tid 3963
12-14 00:31:44.458 V/StatusBar( 1729): setLightsOn(true)
12-14 00:31:44.464 V/StatusBar( 1729): setLightsOn(true)
12-14 00:31:44.464 I/ActivityManager( 1627): Displayed com.evancharlton.mileage/.Mileage: +541ms
12-14 00:31:44.480 V/StatusBar( 1729): setLightsOn(true)
12-14 00:31:44.495 D/gralloc_ranchu( 1395): gralloc_alloc: Creating ashmem region of size 7753728
12-14 00:31:44.623 I/zygote  ( 3963): Do full code cache collection, code=125KB, data=71KB
12-14 00:31:44.623 I/zygote  ( 3963): After code cache collection, code=108KB, data=44KB
12-14 00:31:44.644 V/StatusBar( 1729): setLightsOn(true)
12-14 00:31:44.676 I/System.out( 3963): URI: //map
12-14 00:31:44.676 I/System.out( 3963): params: {json={"query":"android.widget.CheckBox index:0","operation":{"method_name":"query","arguments":[]}}
12-14 00:31:44.676 I/System.out( 3963): }
12-14 00:31:44.679 V/StatusBar( 1729): setLightsOn(true)
12-14 00:31:44.764 I/chatty  ( 1729): uid=10028(u0_a28) com.android.systemui identical 2 lines
12-14 00:31:44.779 V/StatusBar( 1729): setLightsOn(true)
12-14 00:31:44.794 W/SurfaceFlinger( 1404): couldn't log to binary event log: overflow.
12-14 00:31:44.820 I/System.out( 3963): URI: //gesture
12-14 00:31:44.821 I/System.out( 3963): params: {json={"query_timeout":5.0,"gestures":[{"query_string":"android.widget.CheckBox index:0","touches":[{"x":50,"y":50,"offset_x":0,"offset_y":0,"wait":0.0,"time":0.2,"release":true,"query_string":null}]}]}
12-14 00:31:44.821 I/System.out( 3963): }
12-14 00:31:44.845 I/zygote  ( 3963): Do partial code cache collection, code=124KB, data=56KB
12-14 00:31:44.846 I/zygote  ( 3963): After code cache collection, code=124KB, data=56KB
12-14 00:31:44.846 I/zygote  ( 3963): Increasing code cache capacity to 512KB
12-14 00:31:44.870 I/PBSessionCacheImpl( 2177): Deleted sessionId[4826442610497] from persistence.
12-14 00:31:44.882 W/SearchService( 2177): Abort, client detached.
12-14 00:31:45.111 W/audio_hw_generic( 1389): Not supplying enough data to HAL, expected position 157241 , only wrote 156960
12-14 00:31:45.330 I/ActivityManager( 1627): Killing 3414:com.google.android.ext.services/u0a14 (adj 906): empty #17
12-14 00:31:45.349 E/SurfaceFlinger( 1404): ro.sf.lcd_density must be defined as a build property
12-14 00:31:45.359 D/gralloc_ranchu( 1395): gralloc_alloc: Creating ashmem region of size 8298496
12-14 00:31:45.368 D/        ( 4021): HostConnection::get() New Host Connection established 0xaeeaf800, tid 4021
12-14 00:31:45.381 V/StatusBar( 1729): setLightsOn(true)
12-14 00:31:45.478 D/gralloc_ranchu( 1395): gralloc_alloc: Creating ashmem region of size 7753728
12-14 00:31:45.587 I/ContentMaintenance( 2190): Internal cache bytes used: 0; limit: 100000000; download size: 0
12-14 00:31:45.619 I/RealtimeCacheCleanup( 2190): Beginning Realtime garbage collection.
12-14 00:31:45.624 I/RealtimeCacheCleanup( 2190): Finished Realtime garbage collection.
12-14 00:31:45.804 I/System.out( 3963): URI: //map
12-14 00:31:45.805 I/System.out( 3963): params: {json={"query":"android.widget.CheckBox index:0","operation":{"method_name":"query","arguments":[]}}
12-14 00:31:45.805 I/System.out( 3963): }
12-14 00:31:45.854 E/BatteryStatsService( 1627): modem info is invalid: ModemActivityInfo{ mTimestamp=0 mSleepTimeMs=0 mIdleTimeMs=0 mTxTimeMs[]=[0, 0, 0, 0, 0] mRxTimeMs=0 mEnergyUsed=0}
12-14 00:31:45.865 I/System.out( 3963): URI: //gesture
12-14 00:31:45.865 I/System.out( 3963): params: {json={"query_timeout":5.0,"gestures":[{"query_string":"android.widget.CheckBox index:0","touches":[{"x":50,"y":50,"offset_x":0,"offset_y":0,"wait":0.0,"time":0.2,"release":true,"query_string":null}]}]}
12-14 00:31:45.865 I/System.out( 3963): }
12-14 00:31:46.160 D/BoundBrokerSvc( 1935): onUnbind: Intent { act=com.google.android.gms.tapandpay.service.BIND cmp=com.google.android.gms/.chimera.PersistentApiService }
12-14 00:31:46.206 D/BoundBrokerSvc( 2190): onUnbind: Intent { act=com.google.android.gms.pay.service.BIND cmp=com.google.android.gms/.chimera.GmsApiService }
12-14 00:31:46.328 E/SurfaceFlinger( 1404): ro.sf.lcd_density must be defined as a build property
12-14 00:31:46.336 D/gralloc_ranchu( 1395): gralloc_alloc: Creating ashmem region of size 8298496
12-14 00:31:46.345 D/        ( 4030): HostConnection::get() New Host Connection established 0xaecaf800, tid 4030
