--------- beginning of main
12-13 23:39:54.749 D/AndroidRuntime( 4424): >>>>>> START com.android.internal.os.RuntimeInit uid 2000 <<<<<<
12-13 23:39:54.782 W/app_process( 4424): Unexpected CPU variant for X86 using defaults: x86
12-13 23:39:54.798 D/AndroidRuntime( 4424): Calling main entry com.android.commands.am.Am
--------- beginning of system
12-13 23:39:54.800 I/ActivityManager( 1628): Force stopping com.evancharlton.mileage appid=10178 user=0: start instr
12-13 23:39:54.800 I/ActivityManager( 1628): Killing 4401:com.evancharlton.mileage/u0a178 (adj 0): stop com.evancharlton.mileage
12-13 23:39:54.800 W/ActivityManager( 1628): Crash of app com.evancharlton.mileage running instrumentation ComponentInfo{com.evancharlton.mileage.test/sh.calaba.instrumentationbackend.ClearAppData2}
12-13 23:39:54.800 I/ActivityManager( 1628): Force stopping com.evancharlton.mileage appid=10178 user=0: finished inst
12-13 23:39:54.800 I/ActivityManager( 1628): Killing 3524:com.google.android.apps.messaging:rcs/u0a66 (adj 906): empty #17
12-13 23:39:54.808 I/zygote  ( 4434): Not late-enabling -Xcheck:jni (already on)
12-13 23:39:54.815 W/zygote  ( 4434): Unexpected CPU variant for X86 using defaults: x86
12-13 23:39:54.816 I/ActivityManager( 1628): Start proc 4434:com.evancharlton.mileage/u0a178 for added application com.evancharlton.mileage
12-13 23:39:54.816 D/AndroidRuntime( 4424): Shutting down VM
12-13 23:39:54.817 E/memtrack( 1628): Couldn't load memtrack module
12-13 23:39:54.817 W/android.os.Debug( 1628): failed to get memory consumption info: -1
12-13 23:39:54.839 E/adbd    ( 1355): failed to connect to socket 'tcp:7102': Connection refused
12-13 23:39:54.841 E/adbd    ( 1355): failed to connect to socket 'tcp:7102': Connection refused
12-13 23:39:54.846 W/zygote  ( 4434): Found duplicate classes, falling back to extracting from APK : /data/app/com.evancharlton.mileage.test-7WCjxtMfrLnjH8KRJjRnRg==/base.apk
12-13 23:39:54.846 W/zygote  ( 4434): NOTE: This wastes RAM and hurts startup performance.
12-13 23:39:54.846 W/zygote  ( 4434): Found duplicated class when checking oat files: 'Ljunit/runner/BaseTestRunner;' in /data/app/com.evancharlton.mileage.test-7WCjxtMfrLnjH8KRJjRnRg==/base.apk and /system/framework/android.test.runner.jar
12-13 23:39:54.846 W/zygote  ( 4434): 
12-13 23:39:54.878 W/System  ( 4434): ClassLoader referenced unknown path: 
12-13 23:39:54.890 I/System.out( 4434): Main activity name automatically set to: com.evancharlton.mileage.Mileage
12-13 23:39:54.890 I/System.out( 4434): Calabash did not load Mono. This is only a problem if you are trying to test a Mono application
12-13 23:39:54.891 I/calabash( 4434): Test server port: 7102
12-13 23:39:54.893 I/InstrumentationBackend( 4434): Added:'GetPreferences', with key:'get_preferences'
12-13 23:39:54.951 I/InstrumentationBackend( 4434): Added:'SetPreferences', with key:'set_preferences'
12-13 23:39:54.951 I/InstrumentationBackend( 4434): Added:'ClearPreferences', with key:'clear_preferences'
12-13 23:39:54.952 E/adbd    ( 1355): failed to connect to socket 'tcp:7102': Connection refused
12-13 23:39:54.952 I/InstrumentationBackend( 4434): Added:'PressElement', with key:'press_l10n_element'
12-13 23:39:54.952 I/InstrumentationBackend( 4434): Added:'WaitForElement', with key:'wait_for_l10n_element'
12-13 23:39:54.954 I/InstrumentationBackend( 4434): Added:'NullAction', with key:'nullAction'
12-13 23:39:54.954 E/adbd    ( 1355): failed to connect to socket 'tcp:7102': Connection refused
12-13 23:39:54.955 I/InstrumentationBackend( 4434): Added:'PressKey', with key:'press_key'
12-13 23:39:54.955 I/InstrumentationBackend( 4434): Added:'SetActivityOrientation', with key:'set_activity_orientation'
12-13 23:39:54.955 I/InstrumentationBackend( 4434): Added:'GetActivityOrientation', with key:'get_activity_orientation'
12-13 23:39:54.956 I/InstrumentationBackend( 4434): Added:'FakeGPSLocation', with key:'set_gps_coordinates'
12-13 23:39:54.957 I/InstrumentationBackend( 4434): Added:'SetPropertyByCssSelector', with key:'set_property_by_css_selector'
12-13 23:39:54.958 I/InstrumentationBackend( 4434): Added:'GetUrl', with key:'get_url'
12-13 23:39:54.960 I/InstrumentationBackend( 4434): Added:'ScrollTo', with key:'scroll_to'
12-13 23:39:54.960 I/InstrumentationBackend( 4434): Added:'GetLoadProgress', with key:'get_load_progress'
12-13 23:39:54.961 I/InstrumentationBackend( 4434): Added:'DumpHtml', with key:'dump_html'
12-13 23:39:54.961 I/InstrumentationBackend( 4434): Added:'DumpBodyHtml', with key:'dump_body_html'
12-13 23:39:54.961 I/InstrumentationBackend( 4434): Added:'EnterTextByCssSelector', with key:'enter_text_by_selector'
12-13 23:39:54.965 I/InstrumentationBackend( 4434): Added:'AndroidSDKVersion', with key:'android_sdk_version'
12-13 23:39:54.965 I/InstrumentationBackend( 4434): Added:'Version', with key:'version'
12-13 23:39:54.966 I/InstrumentationBackend( 4434): Added:'Drag', with key:'drag'
12-13 23:39:54.966 I/InstrumentationBackend( 4434): Added:'TouchCoordinates', with key:'touch_coordinate'
12-13 23:39:54.967 I/InstrumentationBackend( 4434): Added:'LongPressCoordinate', with key:'long_press_coordinate'
12-13 23:39:54.967 I/InstrumentationBackend( 4434): Added:'DragCoordinates', with key:'drag_coordinates'
12-13 23:39:54.968 I/InstrumentationBackend( 4434): Added:'ResumeApplication', with key:'resume_application'
12-13 23:39:54.968 I/InstrumentationBackend( 4434): Added:'Swipe', with key:'swipe'
12-13 23:39:54.968 I/InstrumentationBackend( 4434): Added:'DoubleTapCoordinate', with key:'double_tap_coordinate'
12-13 23:39:54.968 I/InstrumentationBackend( 4434): Added:'ClickOnScreen', with key:'click_on_screen'
12-13 23:39:54.969 I/InstrumentationBackend( 4434): Added:'GetActivityName', with key:'get_activity_name'
12-13 23:39:54.970 I/InstrumentationBackend( 4434): Added:'ScrollToView', with key:'scroll_to_view'
12-13 23:39:54.970 I/InstrumentationBackend( 4434): Added:'ViewConfiguration', with key:'view_configuration'
12-13 23:39:54.970 I/InstrumentationBackend( 4434): Added:'IsCurrentActivityFocused', with key:'is_current_activity_focused'
12-13 23:39:54.970 I/InstrumentationBackend( 4434): Added:'SendTcp', with key:'send_tcp'
12-13 23:39:54.971 I/InstrumentationBackend( 4434): Added:'DpToDevicePixel', with key:'dp_to_device_pixel'
12-13 23:39:54.972 I/InstrumentationBackend( 4434): Added:'KeyboardEnterText', with key:'keyboard_enter_text'
12-13 23:39:54.973 I/InstrumentationBackend( 4434): Added:'DeleteSurroundingText', with key:'delete_surrounding_text'
12-13 23:39:54.973 I/InstrumentationBackend( 4434): Added:'SetComposingRegion', with key:'set_composing_region'
12-13 23:39:54.973 I/InstrumentationBackend( 4434): Added:'SetSelection', with key:'set_selection'
12-13 23:39:54.974 I/InstrumentationBackend( 4434): Added:'KeyboardKeyEvent', with key:'keyboard_key_event'
12-13 23:39:54.974 I/InstrumentationBackend( 4434): Added:'PressUserActionButton', with key:'press_user_action_button'
12-13 23:39:54.975 I/InstrumentationBackend( 4434): Added:'HideSoftKeyboard', with key:'hide_soft_keyboard'
12-13 23:39:54.976 I/InstrumentationBackend( 4434): Added:'ListActions', with key:'list_actions'
12-13 23:39:54.976 I/calabash( 4434): Instantiating http server at 7102
12-13 23:39:54.977 I/System.out( 4434): HTTP Daemon listening on: 7102
12-13 23:39:55.067 I/System.out( 4434): URI: //ping
12-13 23:39:55.067 I/System.out( 4434): params: {json={}
12-13 23:39:55.067 I/System.out( 4434): }
12-13 23:39:55.078 I/System.out( 4434): URI: //ping
12-13 23:39:55.078 I/System.out( 4434): params: {json={}
12-13 23:39:55.078 I/System.out( 4434): }
12-13 23:39:55.085 I/System.out( 4434): URI: //ready
12-13 23:39:55.085 I/System.out( 4434): params: {json={}
12-13 23:39:55.085 I/System.out( 4434): }
12-13 23:39:55.095 I/System.out( 4434): URI: //
12-13 23:39:55.095 I/System.out( 4434): params: {json={"command":"version","arguments":[]}
12-13 23:39:55.095 I/System.out( 4434): }
12-13 23:39:55.096 I/System.out( 4434): header: {content-type=application/json;charset=utf-8, date=Mon, 14 Dec 2020 04:39:55 GMT, accept=*/*, host=127.0.0.1:34777, content-length=36, user-agent=HTTPClient/1.0 (2.8.3, ruby 2.5.8 (2020-03-31))}
12-13 23:39:55.096 I/System.out( 4434): params: {json={"command":"version","arguments":[]}
12-13 23:39:55.096 I/System.out( 4434): }
12-13 23:39:55.096 I/System.out( 4434): ProP json = {"command":"version","arguments":[]}
12-13 23:39:55.096 I/System.out( 4434): files: {}
12-13 23:39:55.096 I/System.out( 4434): command: {"command":"version","arguments":[]}
12-13 23:39:55.123 I/InstrumentationBackend( 4434): Got command:'Command:'Line:null,version', arguments:'[]'
12-13 23:39:55.155 I/System.out( 4434): result:{"bonusInformation":[],"message":"0.9.8","success":true}
12-13 23:39:55.162 I/System.out( 4434): URI: //start-application
12-13 23:39:55.162 I/System.out( 4434): params: {json={"intent":null}
12-13 23:39:55.162 I/System.out( 4434): }
12-13 23:39:55.202 I/ActivityManager( 1628): START u0 {act=android.intent.action.MAIN cat=[android.intent.category.LAUNCHER] flg=0x10200000 cmp=com.evancharlton.mileage/.Mileage} from uid 10178
12-13 23:39:55.223 I/calabash( 4434): newActivity1
12-13 23:39:55.233 D/gralloc_ranchu( 1395): gralloc_alloc: Creating ashmem region of size 7753728
12-13 23:39:55.253 W/ActivityManager( 1628): Bad activity token: android.os.BinderProxy@874745
12-13 23:39:55.253 W/ActivityManager( 1628): java.lang.ClassCastException: android.os.BinderProxy cannot be cast to com.android.server.am.ActivityRecord$Token
12-13 23:39:55.253 W/ActivityManager( 1628): 	at com.android.server.am.ActivityRecord.forTokenLocked(ActivityRecord.java:778)
12-13 23:39:55.253 W/ActivityManager( 1628): 	at com.android.server.am.ActivityRecord.isInStackLocked(ActivityRecord.java:2085)
12-13 23:39:55.253 W/ActivityManager( 1628): 	at com.android.server.am.ActivityRecord.getStackLocked(ActivityRecord.java:2090)
12-13 23:39:55.253 W/ActivityManager( 1628): 	at com.android.server.am.ActivityManagerService.getActivityDisplayId(ActivityManagerService.java:10406)
12-13 23:39:55.253 W/ActivityManager( 1628): 	at android.app.IActivityManager$Stub.onTransact(IActivityManager.java:2738)
12-13 23:39:55.253 W/ActivityManager( 1628): 	at com.android.server.am.ActivityManagerService.onTransact(ActivityManagerService.java:2935)
12-13 23:39:55.253 W/ActivityManager( 1628): 	at android.os.Binder.execTransact(Binder.java:674)
12-13 23:39:55.253 I/calabash( 4434): newActivity1
12-13 23:39:55.263 W/ActivityManager( 1628): Bad activity token: android.os.BinderProxy@874745
12-13 23:39:55.263 W/ActivityManager( 1628): java.lang.ClassCastException: android.os.BinderProxy cannot be cast to com.android.server.am.ActivityRecord$Token
12-13 23:39:55.263 W/ActivityManager( 1628): 	at com.android.server.am.ActivityRecord.forTokenLocked(ActivityRecord.java:778)
12-13 23:39:55.263 W/ActivityManager( 1628): 	at com.android.server.am.ActivityRecord.isInStackLocked(ActivityRecord.java:2085)
12-13 23:39:55.263 W/ActivityManager( 1628): 	at com.android.server.am.ActivityManagerService.setTaskDescription(ActivityManagerService.java:9988)
12-13 23:39:55.263 W/ActivityManager( 1628): 	at android.app.IActivityManager$Stub.onTransact(IActivityManager.java:2824)
12-13 23:39:55.263 W/ActivityManager( 1628): 	at com.android.server.am.ActivityManagerService.onTransact(ActivityManagerService.java:2935)
12-13 23:39:55.263 W/ActivityManager( 1628): 	at android.os.Binder.execTransact(Binder.java:674)
12-13 23:39:55.265 W/ActivityManager( 1628): Bad activity token: android.os.BinderProxy@874745
12-13 23:39:55.265 W/ActivityManager( 1628): java.lang.ClassCastException: android.os.BinderProxy cannot be cast to com.android.server.am.ActivityRecord$Token
12-13 23:39:55.265 W/ActivityManager( 1628): 	at com.android.server.am.ActivityRecord.forTokenLocked(ActivityRecord.java:778)
12-13 23:39:55.265 W/ActivityManager( 1628): 	at com.android.server.am.ActivityRecord.isInStackLocked(ActivityRecord.java:2085)
12-13 23:39:55.265 W/ActivityManager( 1628): 	at com.android.server.am.ActivityRecord.getStackLocked(ActivityRecord.java:2090)
12-13 23:39:55.265 W/ActivityManager( 1628): 	at com.android.server.am.ActivityManagerService.getActivityStackId(ActivityManagerService.java:10417)
12-13 23:39:55.265 W/ActivityManager( 1628): 	at android.app.IActivityManager$Stub.onTransact(IActivityManager.java:3548)
12-13 23:39:55.265 W/ActivityManager( 1628): 	at com.android.server.am.ActivityManagerService.onTransact(ActivityManagerService.java:2935)
12-13 23:39:55.265 W/ActivityManager( 1628): 	at android.os.Binder.execTransact(Binder.java:674)
12-13 23:39:55.286 V/StatusBar( 1731): setLightsOn(true)
12-13 23:39:55.289 D/EGL_emulation( 2178): eglMakeCurrent: 0x8affd420: ver 3 0 (tinfo 0x9eaff910)
12-13 23:39:55.292 D/EGL_emulation( 2145): eglMakeCurrent: 0xa1004420: ver 3 0 (tinfo 0xa10033e0)
12-13 23:39:55.307 D/EGL_emulation( 1731): eglMakeCurrent: 0x9e7613a0: ver 3 0 (tinfo 0x9e76ec80)
12-13 23:39:55.308 V/StatusBar( 1731): setLightsOn(true)
12-13 23:39:55.324 D/EGL_emulation( 1731): eglMakeCurrent: 0x9e7613a0: ver 3 0 (tinfo 0x9e76ec80)
12-13 23:39:55.333 D/EGL_emulation( 1731): eglMakeCurrent: 0x9e7613a0: ver 3 0 (tinfo 0x9e76ec80)
12-13 23:39:55.337 V/StatusBar( 1731): setLightsOn(true)
12-13 23:39:55.346 D/EGL_emulation( 1731): eglMakeCurrent: 0x9e7613a0: ver 3 0 (tinfo 0x9e76ec80)
12-13 23:39:55.351 D/FillupsProvider( 4434): Creating database
12-13 23:39:55.356 E/ContentStoreEUAS( 2178): Failed to commit the deferred actions
12-13 23:39:55.361 D/EGL_emulation( 1731): eglMakeCurrent: 0x9e7613a0: ver 3 0 (tinfo 0x9e76ec80)
12-13 23:39:55.389 I/chatty  ( 1731): uid=10028(u0_a28) RenderThread identical 3 lines
12-13 23:39:55.392 D/EGL_emulation( 1731): eglMakeCurrent: 0x9e7613a0: ver 3 0 (tinfo 0x9e76ec80)
12-13 23:39:55.404 I/zygote  ( 4434): Do partial code cache collection, code=29KB, data=21KB
12-13 23:39:55.405 I/zygote  ( 4434): After code cache collection, code=29KB, data=21KB
12-13 23:39:55.405 I/zygote  ( 4434): Increasing code cache capacity to 128KB
12-13 23:39:55.411 D/EGL_emulation( 1731): eglMakeCurrent: 0x9e7613a0: ver 3 0 (tinfo 0x9e76ec80)
12-13 23:39:55.490 W/ActivityManager( 1628): Bad activity token: android.os.BinderProxy@874745
12-13 23:39:55.490 W/ActivityManager( 1628): java.lang.ClassCastException: android.os.BinderProxy cannot be cast to com.android.server.am.ActivityRecord$Token
12-13 23:39:55.490 W/ActivityManager( 1628): 	at com.android.server.am.ActivityRecord.forTokenLocked(ActivityRecord.java:778)
12-13 23:39:55.490 W/ActivityManager( 1628): 	at com.android.server.am.ActivityRecord.isInStackLocked(ActivityRecord.java:2085)
12-13 23:39:55.490 W/ActivityManager( 1628): 	at com.android.server.am.ActivityManagerService.getActivityOptions(ActivityManagerService.java:13302)
12-13 23:39:55.490 W/ActivityManager( 1628): 	at android.app.IActivityManager$Stub.onTransact(IActivityManager.java:2910)
12-13 23:39:55.490 W/ActivityManager( 1628): 	at com.android.server.am.ActivityManagerService.onTransact(ActivityManagerService.java:2935)
12-13 23:39:55.490 W/ActivityManager( 1628): 	at android.os.Binder.execTransact(Binder.java:674)
12-13 23:39:55.491 W/ActivityManager( 1628): Bad activity token: android.os.BinderProxy@874745
12-13 23:39:55.491 W/ActivityManager( 1628): java.lang.ClassCastException: android.os.BinderProxy cannot be cast to com.android.server.am.ActivityRecord$Token
12-13 23:39:55.491 W/ActivityManager( 1628): 	at com.android.server.am.ActivityRecord.forTokenLocked(ActivityRecord.java:778)
12-13 23:39:55.491 W/ActivityManager( 1628): 	at com.android.server.am.ActivityRecord.isInStackLocked(ActivityRecord.java:2085)
12-13 23:39:55.491 W/ActivityManager( 1628): 	at com.android.server.am.ActivityManagerService.getActivityOptions(ActivityManagerService.java:13302)
12-13 23:39:55.491 W/ActivityManager( 1628): 	at android.app.IActivityManager$Stub.onTransact(IActivityManager.java:2910)
12-13 23:39:55.491 W/ActivityManager( 1628): 	at com.android.server.am.ActivityManagerService.onTransact(ActivityManagerService.java:2935)
12-13 23:39:55.491 W/ActivityManager( 1628): 	at android.os.Binder.execTransact(Binder.java:674)
12-13 23:39:55.492 I/chatty  ( 1731): uid=10028(u0_a28) RenderThread identical 11 lines
12-13 23:39:55.507 D/EGL_emulation( 1731): eglMakeCurrent: 0x9e7613a0: ver 3 0 (tinfo 0x9e76ec80)
12-13 23:39:55.568 V/StatusBar( 1731): setLightsOn(true)
12-13 23:39:55.609 I/zygote  ( 4434): Do partial code cache collection, code=44KB, data=56KB
12-13 23:39:55.610 I/zygote  ( 4434): After code cache collection, code=44KB, data=56KB
12-13 23:39:55.610 I/zygote  ( 4434): Increasing code cache capacity to 256KB
12-13 23:39:55.611 I/zygote  ( 4434): JIT allocated 71KB for compiled code of void android.widget.TextView.<init>(android.content.Context, android.util.AttributeSet, int, int)
12-13 23:39:55.611 I/zygote  ( 4434): Compiler allocated 4MB to compile void android.widget.TextView.<init>(android.content.Context, android.util.AttributeSet, int, int)
12-13 23:39:55.652 V/StatusBar( 1731): setLightsOn(true)
12-13 23:39:55.657 I/chatty  ( 1731): uid=10028(u0_a28) com.android.systemui identical 1 line
12-13 23:39:55.660 V/StatusBar( 1731): setLightsOn(true)
12-13 23:39:55.679 I/zygote  ( 4434): Do full code cache collection, code=125KB, data=69KB
12-13 23:39:55.680 I/zygote  ( 4434): After code cache collection, code=91KB, data=40KB
12-13 23:39:55.690 D/gralloc_ranchu( 1395): gralloc_alloc: Creating ashmem region of size 7753728
12-13 23:39:55.707 D/        ( 4434): HostConnection::get() New Host Connection established 0x9e6afdc0, tid 4434
12-13 23:39:55.717 V/StatusBar( 1731): setLightsOn(true)
12-13 23:39:55.754 I/chatty  ( 1731): uid=10028(u0_a28) com.android.systemui identical 1 line
12-13 23:39:55.756 V/StatusBar( 1731): setLightsOn(true)
12-13 23:39:55.757 I/ActivityManager( 1628): Displayed com.evancharlton.mileage/.Mileage: +540ms
12-13 23:39:55.759 V/StatusBar( 1731): setLightsOn(true)
12-13 23:39:55.779 D/gralloc_ranchu( 1395): gralloc_alloc: Creating ashmem region of size 7753728
12-13 23:39:55.783 V/StatusBar( 1731): setLightsOn(true)
12-13 23:39:55.956 I/chatty  ( 1731): uid=10028(u0_a28) com.android.systemui identical 1 line
12-13 23:39:55.972 V/StatusBar( 1731): setLightsOn(true)
12-13 23:39:55.974 I/System.out( 4434): URI: //
12-13 23:39:55.974 I/System.out( 4434): params: {json={"command":"set_activity_orientation","arguments":["landscape"]}
12-13 23:39:55.974 I/System.out( 4434): }
12-13 23:39:55.974 I/System.out( 4434): header: {content-type=application/json;charset=utf-8, date=Mon, 14 Dec 2020 04:39:56 GMT, accept=*/*, host=127.0.0.1:34777, content-length=64, user-agent=HTTPClient/1.0 (2.8.3, ruby 2.5.8 (2020-03-31))}
12-13 23:39:55.974 I/System.out( 4434): params: {json={"command":"set_activity_orientation","arguments":["landscape"]}
12-13 23:39:55.974 I/System.out( 4434): }
12-13 23:39:55.974 I/System.out( 4434): ProP json = {"command":"set_activity_orientation","arguments":["landscape"]}
12-13 23:39:55.974 I/System.out( 4434): files: {}
12-13 23:39:55.974 I/System.out( 4434): command: {"command":"set_activity_orientation","arguments":["landscape"]}
12-13 23:39:55.978 I/InstrumentationBackend( 4434): Got command:'Command:'Line:null,set_activity_orientation', arguments:'[landscape]'
12-13 23:39:55.980 D/gralloc_ranchu( 1395): gralloc_alloc: Creating ashmem region of size 8298496
12-13 23:39:55.995 W/LocalDisplayAdapter( 1628): Unable to find color mode 0, ignoring request.
12-13 23:39:56.004 I/ActivityManager( 1628): Config changes=480 {1.0 310mcc260mnc [en_US] ldltr sw411dp w683dp h387dp 420dpi nrml land finger qwerty/v/v -nav/h appBounds=Rect(0, 0 - 1794, 1080) s.7}
12-13 23:39:56.008 I/InputReader( 1628): Reconfiguring input devices.  changes=0x00000004
12-13 23:39:56.008 I/InputReader( 1628): Device reconfigured: id=0, name='qwerty2', size 1080x1920, orientation 1, mode 1, display id 0
12-13 23:39:56.009 I/InputReader( 1628): Reconfiguring input devices.  changes=0x00000004
12-13 23:39:56.010 I/InputReader( 1628): Reconfiguring input devices.  changes=0x00000004
12-13 23:39:56.065 I/ActivityManager( 1628): Override config changes=480 {1.0 310mcc260mnc [en_US] ldltr sw411dp w683dp h387dp 420dpi nrml land finger qwerty/v/v -nav/h appBounds=Rect(0, 0 - 1794, 1080) s.7} for displayId=0
12-13 23:39:56.096 I/calabash( 4434): newActivity1
12-13 23:39:56.141 W/ActivityManager( 1628): Bad activity token: android.os.BinderProxy@b197269
12-13 23:39:56.141 W/ActivityManager( 1628): java.lang.ClassCastException: android.os.BinderProxy cannot be cast to com.android.server.am.ActivityRecord$Token
12-13 23:39:56.141 W/ActivityManager( 1628): 	at com.android.server.am.ActivityRecord.forTokenLocked(ActivityRecord.java:778)
12-13 23:39:56.141 W/ActivityManager( 1628): 	at com.android.server.am.ActivityRecord.isInStackLocked(ActivityRecord.java:2085)
12-13 23:39:56.141 W/ActivityManager( 1628): 	at com.android.server.am.ActivityRecord.getStackLocked(ActivityRecord.java:2090)
12-13 23:39:56.141 W/ActivityManager( 1628): 	at com.android.server.am.ActivityManagerService.getActivityDisplayId(ActivityManagerService.java:10406)
12-13 23:39:56.141 W/ActivityManager( 1628): 	at android.app.IActivityManager$Stub.onTransact(IActivityManager.java:2738)
12-13 23:39:56.141 W/ActivityManager( 1628): 	at com.android.server.am.ActivityManagerService.onTransact(ActivityManagerService.java:2935)
12-13 23:39:56.141 W/ActivityManager( 1628): 	at android.os.Binder.execTransact(Binder.java:674)
12-13 23:39:56.143 I/calabash( 4434): newActivity1
12-13 23:39:56.150 W/ActivityManager( 1628): Bad activity token: android.os.BinderProxy@b197269
12-13 23:39:56.150 W/ActivityManager( 1628): java.lang.ClassCastException: android.os.BinderProxy cannot be cast to com.android.server.am.ActivityRecord$Token
12-13 23:39:56.150 W/ActivityManager( 1628): 	at com.android.server.am.ActivityRecord.forTokenLocked(ActivityRecord.java:778)
12-13 23:39:56.150 W/ActivityManager( 1628): 	at com.android.server.am.ActivityRecord.isInStackLocked(ActivityRecord.java:2085)
12-13 23:39:56.150 W/ActivityManager( 1628): 	at com.android.server.am.ActivityManagerService.setTaskDescription(ActivityManagerService.java:9988)
12-13 23:39:56.150 W/ActivityManager( 1628): 	at android.app.IActivityManager$Stub.onTransact(IActivityManager.java:2824)
12-13 23:39:56.150 W/ActivityManager( 1628): 	at com.android.server.am.ActivityManagerService.onTransact(ActivityManagerService.java:2935)
12-13 23:39:56.150 W/ActivityManager( 1628): 	at android.os.Binder.execTransact(Binder.java:674)
12-13 23:39:56.151 W/ActivityManager( 1628): Bad activity token: android.os.BinderProxy@b197269
12-13 23:39:56.151 W/ActivityManager( 1628): java.lang.ClassCastException: android.os.BinderProxy cannot be cast to com.android.server.am.ActivityRecord$Token
12-13 23:39:56.151 W/ActivityManager( 1628): 	at com.android.server.am.ActivityRecord.forTokenLocked(ActivityRecord.java:778)
12-13 23:39:56.151 W/ActivityManager( 1628): 	at com.android.server.am.ActivityRecord.isInStackLocked(ActivityRecord.java:2085)
12-13 23:39:56.151 W/ActivityManager( 1628): 	at com.android.server.am.ActivityRecord.getStackLocked(ActivityRecord.java:2090)
12-13 23:39:56.151 W/ActivityManager( 1628): 	at com.android.server.am.ActivityManagerService.getActivityStackId(ActivityManagerService.java:10417)
12-13 23:39:56.151 W/ActivityManager( 1628): 	at android.app.IActivityManager$Stub.onTransact(IActivityManager.java:3548)
12-13 23:39:56.151 W/ActivityManager( 1628): 	at com.android.server.am.ActivityManagerService.onTransact(ActivityManagerService.java:2935)
12-13 23:39:56.151 W/ActivityManager( 1628): 	at android.os.Binder.execTransact(Binder.java:674)
12-13 23:39:56.155 I/zygote  ( 1718): Do partial code cache collection, code=60KB, data=40KB
12-13 23:39:56.156 I/zygote  ( 1718): After code cache collection, code=57KB, data=38KB
12-13 23:39:56.156 I/zygote  ( 1718): Increasing code cache capacity to 256KB
12-13 23:39:56.171 D/gralloc_ranchu( 1395): gralloc_alloc: Creating ashmem region of size 544768
12-13 23:39:56.181 D/EGL_emulation( 1731): eglMakeCurrent: 0x9e7613a0: ver 3 0 (tinfo 0x9e76ec80)
12-13 23:39:56.187 D/gralloc_ranchu( 1395): gralloc_alloc: Creating ashmem region of size 544768
12-13 23:39:56.195 D/NuPlayerDriver( 1484): NuPlayerDriver(0xadcc45b0) created, clientPid(1731)
12-13 23:39:56.234 W/ActivityManager( 1628): Bad activity token: android.os.BinderProxy@b197269
12-13 23:39:56.234 W/ActivityManager( 1628): java.lang.ClassCastException: android.os.BinderProxy cannot be cast to com.android.server.am.ActivityRecord$Token
12-13 23:39:56.234 W/ActivityManager( 1628): 	at com.android.server.am.ActivityRecord.forTokenLocked(ActivityRecord.java:778)
12-13 23:39:56.234 W/ActivityManager( 1628): 	at com.android.server.am.ActivityRecord.isInStackLocked(ActivityRecord.java:2085)
12-13 23:39:56.234 W/ActivityManager( 1628): 	at com.android.server.am.ActivityManagerService.getActivityOptions(ActivityManagerService.java:13302)
12-13 23:39:56.234 W/ActivityManager( 1628): 	at android.app.IActivityManager$Stub.onTransact(IActivityManager.java:2910)
12-13 23:39:56.234 W/ActivityManager( 1628): 	at com.android.server.am.ActivityManagerService.onTransact(ActivityManagerService.java:2935)
12-13 23:39:56.234 W/ActivityManager( 1628): 	at android.os.Binder.execTransact(Binder.java:674)
12-13 23:39:56.235 W/ActivityManager( 1628): Bad activity token: android.os.BinderProxy@b197269
12-13 23:39:56.235 W/ActivityManager( 1628): java.lang.ClassCastException: android.os.BinderProxy cannot be cast to com.android.server.am.ActivityRecord$Token
12-13 23:39:56.235 W/ActivityManager( 1628): 	at com.android.server.am.ActivityRecord.forTokenLocked(ActivityRecord.java:778)
12-13 23:39:56.235 W/ActivityManager( 1628): 	at com.android.server.am.ActivityRecord.isInStackLocked(ActivityRecord.java:2085)
12-13 23:39:56.235 W/ActivityManager( 1628): 	at com.android.server.am.ActivityManagerService.getActivityOptions(ActivityManagerService.java:13302)
12-13 23:39:56.235 W/ActivityManager( 1628): 	at android.app.IActivityManager$Stub.onTransact(IActivityManager.java:2910)
12-13 23:39:56.235 W/ActivityManager( 1628): 	at com.android.server.am.ActivityManagerService.onTransact(ActivityManagerService.java:2935)
12-13 23:39:56.235 W/ActivityManager( 1628): 	at android.os.Binder.execTransact(Binder.java:674)
12-13 23:39:56.256 D/GenericSource( 1484): FileSource remote
12-13 23:39:56.261 I/System.out( 4434): result:{"bonusInformation":[],"message":"","success":true}
12-13 23:39:56.278 D/NuPlayerDriver( 1484): notifyListener_l(0xadcc45b0), (1, 0, 0, -1), loop setting(0, 0)
12-13 23:39:56.289 V/StatusBar( 1731): setLightsOn(true)
12-13 23:39:56.296 I/MediaFocusControl( 1628):  AudioFocus  requestAudioFocus() from uid/pid 10028/1731 clientId=android.media.AudioManager@9b95846 req=3 flags=0x0
12-13 23:39:56.299 D/gralloc_ranchu( 1395): gralloc_alloc: Creating ashmem region of size 544768
12-13 23:39:56.339 I/zygote  ( 4434): Do partial code cache collection, code=124KB, data=74KB
12-13 23:39:56.344 I/zygote  ( 4434): After code cache collection, code=124KB, data=76KB
12-13 23:39:56.344 I/zygote  ( 4434): Increasing code cache capacity to 512KB
12-13 23:39:56.360 D/gralloc_ranchu( 1395): gralloc_alloc: Creating ashmem region of size 7753728
12-13 23:39:56.379 D/gralloc_ranchu( 1395): gralloc_alloc: Creating ashmem region of size 487424
12-13 23:39:56.389 D/StatusBar( 1731): disable<e i a s b h r c s q >
12-13 23:39:56.408 D/EGL_emulation( 1731): eglMakeCurrent: 0x9e7613a0: ver 3 0 (tinfo 0x9e76ec80)
12-13 23:39:56.414 D/gralloc_ranchu( 1395): gralloc_alloc: Creating ashmem region of size 487424
12-13 23:39:56.435 I/WindowManager( 1628): Screen frozen for +457ms due to Window{65c7cde u0 StatusBar}
12-13 23:39:56.463 D/gralloc_ranchu( 1395): gralloc_alloc: Creating ashmem region of size 487424
12-13 23:39:56.463 W/SurfaceFlinger( 1414): couldn't log to binary event log: overflow.
12-13 23:39:56.473 D/EGL_emulation( 1731): eglMakeCurrent: 0x9e7613a0: ver 3 0 (tinfo 0x9e76ec80)
12-13 23:39:56.480 D/EGL_emulation( 1731): eglMakeCurrent: 0x9e7613a0: ver 3 0 (tinfo 0x9e76ec80)
12-13 23:39:56.483 D/gralloc_ranchu( 1395): gralloc_alloc: Creating ashmem region of size 7753728
12-13 23:39:56.485 V/StatusBar( 1731): setLightsOn(true)
12-13 23:39:56.558 I/PBSessionCacheImpl( 2178): Deleted sessionId[3039736184271] from persistence.
12-13 23:39:56.588 W/SearchService( 2178): Abort, client detached.
12-13 23:39:56.662 I/zygote  ( 1731): Do partial code cache collection, code=117KB, data=93KB
12-13 23:39:56.662 I/zygote  ( 1731): After code cache collection, code=117KB, data=93KB
12-13 23:39:56.662 I/zygote  ( 1731): Increasing code cache capacity to 512KB
12-13 23:39:56.808 D/NuPlayerDriver( 1484): start(0xadcc45b0), state is 4, eos is 0
12-13 23:39:56.808 I/GenericSource( 1484): start
12-13 23:39:56.825 I/OMXClient( 1484): Treble IOmx obtained
12-13 23:39:56.829 I/OMXMaster( 1489): makeComponentInstance(OMX.google.vorbis.decoder) in omx@1.0-service process
12-13 23:39:56.831 E/OMXNodeInstance( 1489): setConfig(0xb54a1500:google.vorbis.decoder, ConfigPriority(0x6f800002)) ERROR: Undefined(0x80001001)
12-13 23:39:56.831 I/ACodec  ( 1484): codec does not support config priority (err -2147483648)
12-13 23:39:56.831 E/OMXNodeInstance( 1489): getConfig(0xb54a1500:google.vorbis.decoder, ConfigAndroidVendorExtension(0x6f100004)) ERROR: Undefined(0x80001001)
12-13 23:39:56.834 I/MediaCodec( 1484): MediaCodec will operate in async mode
12-13 23:39:56.836 W//system/bin/hw/android.hidl.allocator@1.0-service( 1388): ashmem_create_region(32768) returning hidl_memory(0xa8c1b850, 32768)
12-13 23:39:56.854 I/chatty  ( 1388): uid=1000(system) allocator@1.0-s identical 10 lines
12-13 23:39:56.855 W//system/bin/hw/android.hidl.allocator@1.0-service( 1388): ashmem_create_region(32768) returning hidl_memory(0xa8c1b850, 32768)
12-13 23:39:56.867 D/AudioTrack( 1484): Client defaulted notificationFrames to 7406 for frameCount 22218
12-13 23:39:56.869 W/audio_hw_generic( 1389): Not supplying enough data to HAL, expected position 355697 , only wrote 355680
12-13 23:39:56.870 D/NuPlayerDriver( 1484): notifyListener_l(0xadcc45b0), (6, 0, 0, -1), loop setting(0, 0)
12-13 23:39:56.891 V/StatusBar( 1731): setLightsOn(true)
12-13 23:39:57.039 I/Finsky  ( 2583): [115] nmi.run(36): Stats for Executor: BlockingExecutor non@eec7e86[Running, pool size = 2, active threads = 0, queued tasks = 0, completed tasks = 18]
12-13 23:39:57.040 I/Finsky  ( 2583): [115] nmi.run(36): Stats for Executor: LightweightExecutor non@ae2e347[Running, pool size = 2, active threads = 0, queued tasks = 0, completed tasks = 71]
12-13 23:39:57.254 E/memtrack( 1628): Couldn't load memtrack module
12-13 23:39:57.254 W/android.os.Debug( 1628): failed to get memory consumption info: -1
12-13 23:39:57.574 D/gralloc_ranchu( 1395): gralloc_alloc: Creating ashmem region of size 7753728
12-13 23:39:58.038 I/Finsky  ( 2583): [115] nmi.run(36): Stats for Executor: bgExecutor non@3c49774[Running, pool size = 4, active threads = 0, queued tasks = 0, completed tasks = 78]
12-13 23:39:58.380 I/NuPlayerDecoder( 1484): [audio] saw output EOS
12-13 23:39:58.381 D/AudioTrack( 1484): stop() called with 84672 frames delivered
12-13 23:39:58.437 E/SurfaceFlinger( 1414): ro.sf.lcd_density must be defined as a build property
12-13 23:39:58.446 D/gralloc_ranchu( 1395): gralloc_alloc: Creating ashmem region of size 8298496
12-13 23:39:58.461 D/        ( 4495): HostConnection::get() New Host Connection established 0xa6aaf800, tid 4495
12-13 23:39:58.519 I/zygote  ( 1628): Explicit concurrent copying GC freed 25848(1946KB) AllocSpace objects, 13(292KB) LOS objects, 38% free, 9MB/15MB, paused 584us total 65.085ms
12-13 23:39:58.748 I/System.out( 4434): URI: //
12-13 23:39:58.748 I/System.out( 4434): params: {json={"command":"set_activity_orientation","arguments":["portrait"]}
12-13 23:39:58.748 I/System.out( 4434): }
12-13 23:39:58.748 I/System.out( 4434): header: {content-type=application/json;charset=utf-8, date=Mon, 14 Dec 2020 04:39:59 GMT, accept=*/*, host=127.0.0.1:34777, content-length=63, user-agent=HTTPClient/1.0 (2.8.3, ruby 2.5.8 (2020-03-31))}
12-13 23:39:58.749 I/System.out( 4434): params: {json={"command":"set_activity_orientation","arguments":["portrait"]}
12-13 23:39:58.749 I/System.out( 4434): }
12-13 23:39:58.749 I/System.out( 4434): ProP json = {"command":"set_activity_orientation","arguments":["portrait"]}
12-13 23:39:58.749 I/System.out( 4434): files: {}
12-13 23:39:58.749 I/System.out( 4434): command: {"command":"set_activity_orientation","arguments":["portrait"]}
12-13 23:39:58.751 I/InstrumentationBackend( 4434): Got command:'Command:'Line:null,set_activity_orientation', arguments:'[portrait]'
12-13 23:39:58.760 D/gralloc_ranchu( 1395): gralloc_alloc: Creating ashmem region of size 8298496
12-13 23:39:58.789 W/LocalDisplayAdapter( 1628): Unable to find color mode 0, ignoring request.
12-13 23:39:58.802 I/ActivityManager( 1628): Config changes=480 {1.0 310mcc260mnc [en_US] ldltr sw411dp w411dp h659dp 420dpi nrml port finger qwerty/v/v -nav/h appBounds=Rect(0, 0 - 1080, 1794) s.8}
12-13 23:39:58.807 I/InputReader( 1628): Reconfiguring input devices.  changes=0x00000004
12-13 23:39:58.807 I/InputReader( 1628): Device reconfigured: id=0, name='qwerty2', size 1080x1920, orientation 0, mode 1, display id 0
12-13 23:39:58.809 I/InputReader( 1628): Reconfiguring input devices.  changes=0x00000004
12-13 23:39:58.809 I/InputReader( 1628): Reconfiguring input devices.  changes=0x00000004
12-13 23:39:58.825 I/ActivityManager( 1628): Override config changes=480 {1.0 310mcc260mnc [en_US] ldltr sw411dp w411dp h659dp 420dpi nrml port finger qwerty/v/v -nav/h appBounds=Rect(0, 0 - 1080, 1794) s.8} for displayId=0
12-13 23:39:58.864 I/calabash( 4434): newActivity1
12-13 23:39:58.880 W/ActivityManager( 1628): Bad activity token: android.os.BinderProxy@3f84105
12-13 23:39:58.880 W/ActivityManager( 1628): java.lang.ClassCastException: android.os.BinderProxy cannot be cast to com.android.server.am.ActivityRecord$Token
12-13 23:39:58.880 W/ActivityManager( 1628): 	at com.android.server.am.ActivityRecord.forTokenLocked(ActivityRecord.java:778)
12-13 23:39:58.880 W/ActivityManager( 1628): 	at com.android.server.am.ActivityRecord.isInStackLocked(ActivityRecord.java:2085)
12-13 23:39:58.880 W/ActivityManager( 1628): 	at com.android.server.am.ActivityRecord.getStackLocked(ActivityRecord.java:2090)
12-13 23:39:58.880 W/ActivityManager( 1628): 	at com.android.server.am.ActivityManagerService.getActivityDisplayId(ActivityManagerService.java:10406)
12-13 23:39:58.880 W/ActivityManager( 1628): 	at android.app.IActivityManager$Stub.onTransact(IActivityManager.java:2738)
12-13 23:39:58.880 W/ActivityManager( 1628): 	at com.android.server.am.ActivityManagerService.onTransact(ActivityManagerService.java:2935)
12-13 23:39:58.880 W/ActivityManager( 1628): 	at android.os.Binder.execTransact(Binder.java:674)
12-13 23:39:58.881 I/calabash( 4434): newActivity1
12-13 23:39:58.887 W/ActivityManager( 1628): Bad activity token: android.os.BinderProxy@3f84105
12-13 23:39:58.887 W/ActivityManager( 1628): java.lang.ClassCastException: android.os.BinderProxy cannot be cast to com.android.server.am.ActivityRecord$Token
12-13 23:39:58.887 W/ActivityManager( 1628): 	at com.android.server.am.ActivityRecord.forTokenLocked(ActivityRecord.java:778)
12-13 23:39:58.887 W/ActivityManager( 1628): 	at com.android.server.am.ActivityRecord.isInStackLocked(ActivityRecord.java:2085)
12-13 23:39:58.887 W/ActivityManager( 1628): 	at com.android.server.am.ActivityManagerService.setTaskDescription(ActivityManagerService.java:9988)
12-13 23:39:58.887 W/ActivityManager( 1628): 	at android.app.IActivityManager$Stub.onTransact(IActivityManager.java:2824)
12-13 23:39:58.887 W/ActivityManager( 1628): 	at com.android.server.am.ActivityManagerService.onTransact(ActivityManagerService.java:2935)
12-13 23:39:58.887 W/ActivityManager( 1628): 	at android.os.Binder.execTransact(Binder.java:674)
12-13 23:39:58.888 W/ActivityManager( 1628): Bad activity token: android.os.BinderProxy@3f84105
12-13 23:39:58.888 W/ActivityManager( 1628): java.lang.ClassCastException: android.os.BinderProxy cannot be cast to com.android.server.am.ActivityRecord$Token
12-13 23:39:58.888 W/ActivityManager( 1628): 	at com.android.server.am.ActivityRecord.forTokenLocked(ActivityRecord.java:778)
12-13 23:39:58.888 W/ActivityManager( 1628): 	at com.android.server.am.ActivityRecord.isInStackLocked(ActivityRecord.java:2085)
12-13 23:39:58.888 W/ActivityManager( 1628): 	at com.android.server.am.ActivityRecord.getStackLocked(ActivityRecord.java:2090)
12-13 23:39:58.888 W/ActivityManager( 1628): 	at com.android.server.am.ActivityManagerService.getActivityStackId(ActivityManagerService.java:10417)
12-13 23:39:58.888 W/ActivityManager( 1628): 	at android.app.IActivityManager$Stub.onTransact(IActivityManager.java:3548)
12-13 23:39:58.888 W/ActivityManager( 1628): 	at com.android.server.am.ActivityManagerService.onTransact(ActivityManagerService.java:2935)
12-13 23:39:58.888 W/ActivityManager( 1628): 	at android.os.Binder.execTransact(Binder.java:674)
12-13 23:39:58.915 D/gralloc_ranchu( 1395): gralloc_alloc: Creating ashmem region of size 544768
12-13 23:39:58.930 D/EGL_emulation( 1731): eglMakeCurrent: 0x9e7613a0: ver 3 0 (tinfo 0x9e76ec80)
12-13 23:39:58.935 D/gralloc_ranchu( 1395): gralloc_alloc: Creating ashmem region of size 544768
12-13 23:39:58.940 W/ActivityManager( 1628): Bad activity token: android.os.BinderProxy@3f84105
12-13 23:39:58.940 W/ActivityManager( 1628): java.lang.ClassCastException: android.os.BinderProxy cannot be cast to com.android.server.am.ActivityRecord$Token
12-13 23:39:58.940 W/ActivityManager( 1628): 	at com.android.server.am.ActivityRecord.forTokenLocked(ActivityRecord.java:778)
12-13 23:39:58.940 W/ActivityManager( 1628): 	at com.android.server.am.ActivityRecord.isInStackLocked(ActivityRecord.java:2085)
12-13 23:39:58.940 W/ActivityManager( 1628): 	at com.android.server.am.ActivityManagerService.getActivityOptions(ActivityManagerService.java:13302)
12-13 23:39:58.940 W/ActivityManager( 1628): 	at android.app.IActivityManager$Stub.onTransact(IActivityManager.java:2910)
12-13 23:39:58.940 W/ActivityManager( 1628): 	at com.android.server.am.ActivityManagerService.onTransact(ActivityManagerService.java:2935)
12-13 23:39:58.940 W/ActivityManager( 1628): 	at android.os.Binder.execTransact(Binder.java:674)
12-13 23:39:58.941 D/NuPlayerDriver( 1484): notifyListener_l(0xadcc45b0), (2, 0, 0, -1), loop setting(0, 0)
12-13 23:39:58.942 W/ActivityManager( 1628): Bad activity token: android.os.BinderProxy@3f84105
12-13 23:39:58.942 W/ActivityManager( 1628): java.lang.ClassCastException: android.os.BinderProxy cannot be cast to com.android.server.am.ActivityRecord$Token
12-13 23:39:58.942 W/ActivityManager( 1628): 	at com.android.server.am.ActivityRecord.forTokenLocked(ActivityRecord.java:778)
12-13 23:39:58.942 W/ActivityManager( 1628): 	at com.android.server.am.ActivityRecord.isInStackLocked(ActivityRecord.java:2085)
12-13 23:39:58.942 W/ActivityManager( 1628): 	at com.android.server.am.ActivityManagerService.getActivityOptions(ActivityManagerService.java:13302)
12-13 23:39:58.942 W/ActivityManager( 1628): 	at android.app.IActivityManager$Stub.onTransact(IActivityManager.java:2910)
12-13 23:39:58.942 W/ActivityManager( 1628): 	at com.android.server.am.ActivityManagerService.onTransact(ActivityManagerService.java:2935)
12-13 23:39:58.942 W/ActivityManager( 1628): 	at android.os.Binder.execTransact(Binder.java:674)
12-13 23:39:58.942 I/MediaFocusControl( 1628):  AudioFocus  abandonAudioFocus() from uid/pid 10028/1731 clientId=android.media.AudioManager@9b95846
12-13 23:39:58.966 D/StatusBar( 1731): disable<e i a s b h r c s q >
12-13 23:39:58.977 D/EGL_emulation( 1731): eglMakeCurrent: 0x9e7613a0: ver 3 0 (tinfo 0x9e76ec80)
12-13 23:39:59.006 I/System.out( 4434): result:{"bonusInformation":[],"message":"","success":true}
12-13 23:39:59.017 V/StatusBar( 1731): setLightsOn(true)
12-13 23:39:59.032 D/EGL_emulation( 1731): eglMakeCurrent: 0x9e7613a0: ver 3 0 (tinfo 0x9e76ec80)
12-13 23:39:59.041 D/gralloc_ranchu( 1395): gralloc_alloc: Creating ashmem region of size 544768
12-13 23:39:59.066 D/gralloc_ranchu( 1395): gralloc_alloc: Creating ashmem region of size 7753728
12-13 23:39:59.078 D/gralloc_ranchu( 1395): gralloc_alloc: Creating ashmem region of size 274432
12-13 23:39:59.105 D/EGL_emulation( 1731): eglMakeCurrent: 0x9e7613a0: ver 3 0 (tinfo 0x9e76ec80)
12-13 23:39:59.115 D/gralloc_ranchu( 1395): gralloc_alloc: Creating ashmem region of size 274432
12-13 23:39:59.130 V/StatusBar( 1731): setLightsOn(true)
12-13 23:39:59.130 D/gralloc_ranchu( 1395): gralloc_alloc: Creating ashmem region of size 274432
12-13 23:39:59.132 I/zygote  ( 4434): Do full code cache collection, code=192KB, data=140KB
12-13 23:39:59.137 I/zygote  ( 4434): After code cache collection, code=192KB, data=105KB
12-13 23:39:59.163 D/gralloc_ranchu( 1395): gralloc_alloc: Creating ashmem region of size 7753728
12-13 23:39:59.164 I/WindowManager( 1628): Screen frozen for +413ms due to Window{211903 u0 com.evancharlton.mileage/com.evancharlton.mileage.Mileage}
12-13 23:39:59.191 D/SurfaceFlinger( 1414): duplicate layer name: changing BlackSurface to BlackSurface#1
12-13 23:39:59.212 D/SurfaceFlinger( 1414): duplicate layer name: changing BlackSurface to BlackSurface#2
12-13 23:39:59.221 D/SurfaceFlinger( 1414): duplicate layer name: changing BlackSurface to BlackSurface#3
12-13 23:39:59.240 E/TaskPersister( 1628): File error accessing recents directory (directory doesn't exist?).
12-13 23:39:59.243 V/StatusBar( 1731): setLightsOn(true)
12-13 23:39:59.652 V/StatusBar( 1731): setLightsOn(true)
12-13 23:40:00.259 I/Finsky:download_service( 2785): [131] nmi.run(36): Stats for Executor: bgExecutor non@839d277[Running, pool size = 0, active threads = 0, queued tasks = 0, completed tasks = 0]
12-13 23:40:00.309 D/gralloc_ranchu( 1395): gralloc_alloc: Creating ashmem region of size 7753728
12-13 23:40:01.189 E/SurfaceFlinger( 1414): ro.sf.lcd_density must be defined as a build property
12-13 23:40:01.195 D/gralloc_ranchu( 1395): gralloc_alloc: Creating ashmem region of size 8298496
12-13 23:40:01.204 D/        ( 4503): HostConnection::get() New Host Connection established 0xa9daf800, tid 4503
12-13 23:40:01.288 I/zygote  ( 1628): Explicit concurrent copying GC freed 7137(833KB) AllocSpace objects, 1(20KB) LOS objects, 38% free, 9MB/15MB, paused 612us total 61.238ms
