--------- beginning of main
12-13 23:39:40.027 D/AndroidRuntime( 4087): >>>>>> START com.android.internal.os.RuntimeInit uid 2000 <<<<<<
12-13 23:39:40.059 W/app_process( 4087): Unexpected CPU variant for X86 using defaults: x86
12-13 23:39:40.076 D/AndroidRuntime( 4087): Calling main entry com.android.commands.am.Am
12-13 23:39:40.093 I/zygote  ( 4097): Not late-enabling -Xcheck:jni (already on)
12-13 23:39:40.097 D/AndroidRuntime( 4087): Shutting down VM
12-13 23:39:40.106 W/zygote  ( 4097): Unexpected CPU variant for X86 using defaults: x86
12-13 23:39:40.118 E/adbd    ( 1355): failed to connect to socket 'tcp:7102': Connection refused
12-13 23:39:40.124 E/adbd    ( 1355): failed to connect to socket 'tcp:7102': Connection refused
12-13 23:39:40.133 W/zygote  ( 4097): Found duplicate classes, falling back to extracting from APK : /data/app/com.evancharlton.mileage.test-7WCjxtMfrLnjH8KRJjRnRg==/base.apk
12-13 23:39:40.133 W/zygote  ( 4097): NOTE: This wastes RAM and hurts startup performance.
12-13 23:39:40.133 W/zygote  ( 4097): Found duplicated class when checking oat files: 'Ljunit/runner/BaseTestRunner;' in /data/app/com.evancharlton.mileage.test-7WCjxtMfrLnjH8KRJjRnRg==/base.apk and /system/framework/android.test.runner.jar
12-13 23:39:40.133 W/zygote  ( 4097): 
12-13 23:39:40.162 W/System  ( 4097): ClassLoader referenced unknown path: 
12-13 23:39:40.174 I/System.out( 4097): Main activity name automatically set to: com.evancharlton.mileage.Mileage
12-13 23:39:40.175 I/System.out( 4097): Calabash did not load Mono. This is only a problem if you are trying to test a Mono application
12-13 23:39:40.175 I/calabash( 4097): Test server port: 7102
12-13 23:39:40.176 I/InstrumentationBackend( 4097): Added:'GetPreferences', with key:'get_preferences'
12-13 23:39:40.229 E/adbd    ( 1355): failed to connect to socket 'tcp:7102': Connection refused
12-13 23:39:40.231 E/adbd    ( 1355): failed to connect to socket 'tcp:7102': Connection refused
12-13 23:39:40.244 I/InstrumentationBackend( 4097): Added:'SetPreferences', with key:'set_preferences'
12-13 23:39:40.244 I/InstrumentationBackend( 4097): Added:'ClearPreferences', with key:'clear_preferences'
12-13 23:39:40.245 I/InstrumentationBackend( 4097): Added:'PressElement', with key:'press_l10n_element'
12-13 23:39:40.245 I/InstrumentationBackend( 4097): Added:'WaitForElement', with key:'wait_for_l10n_element'
12-13 23:39:40.245 I/InstrumentationBackend( 4097): Added:'NullAction', with key:'nullAction'
12-13 23:39:40.246 I/InstrumentationBackend( 4097): Added:'PressKey', with key:'press_key'
12-13 23:39:40.246 I/InstrumentationBackend( 4097): Added:'SetActivityOrientation', with key:'set_activity_orientation'
12-13 23:39:40.247 I/InstrumentationBackend( 4097): Added:'GetActivityOrientation', with key:'get_activity_orientation'
12-13 23:39:40.247 I/InstrumentationBackend( 4097): Added:'FakeGPSLocation', with key:'set_gps_coordinates'
12-13 23:39:40.248 I/InstrumentationBackend( 4097): Added:'SetPropertyByCssSelector', with key:'set_property_by_css_selector'
12-13 23:39:40.249 I/InstrumentationBackend( 4097): Added:'GetUrl', with key:'get_url'
12-13 23:39:40.251 I/InstrumentationBackend( 4097): Added:'ScrollTo', with key:'scroll_to'
12-13 23:39:40.251 I/InstrumentationBackend( 4097): Added:'GetLoadProgress', with key:'get_load_progress'
12-13 23:39:40.251 I/InstrumentationBackend( 4097): Added:'DumpHtml', with key:'dump_html'
12-13 23:39:40.251 I/InstrumentationBackend( 4097): Added:'DumpBodyHtml', with key:'dump_body_html'
12-13 23:39:40.252 I/InstrumentationBackend( 4097): Added:'EnterTextByCssSelector', with key:'enter_text_by_selector'
12-13 23:39:40.256 I/InstrumentationBackend( 4097): Added:'AndroidSDKVersion', with key:'android_sdk_version'
12-13 23:39:40.257 I/InstrumentationBackend( 4097): Added:'Version', with key:'version'
12-13 23:39:40.257 I/InstrumentationBackend( 4097): Added:'Drag', with key:'drag'
12-13 23:39:40.257 I/InstrumentationBackend( 4097): Added:'TouchCoordinates', with key:'touch_coordinate'
12-13 23:39:40.258 I/InstrumentationBackend( 4097): Added:'LongPressCoordinate', with key:'long_press_coordinate'
12-13 23:39:40.258 I/InstrumentationBackend( 4097): Added:'DragCoordinates', with key:'drag_coordinates'
12-13 23:39:40.259 I/InstrumentationBackend( 4097): Added:'ResumeApplication', with key:'resume_application'
12-13 23:39:40.259 I/InstrumentationBackend( 4097): Added:'Swipe', with key:'swipe'
12-13 23:39:40.259 I/InstrumentationBackend( 4097): Added:'DoubleTapCoordinate', with key:'double_tap_coordinate'
12-13 23:39:40.259 I/InstrumentationBackend( 4097): Added:'ClickOnScreen', with key:'click_on_screen'
12-13 23:39:40.260 I/InstrumentationBackend( 4097): Added:'GetActivityName', with key:'get_activity_name'
12-13 23:39:40.260 I/InstrumentationBackend( 4097): Added:'ScrollToView', with key:'scroll_to_view'
12-13 23:39:40.261 I/InstrumentationBackend( 4097): Added:'ViewConfiguration', with key:'view_configuration'
12-13 23:39:40.261 I/InstrumentationBackend( 4097): Added:'IsCurrentActivityFocused', with key:'is_current_activity_focused'
12-13 23:39:40.261 I/InstrumentationBackend( 4097): Added:'SendTcp', with key:'send_tcp'
12-13 23:39:40.262 I/InstrumentationBackend( 4097): Added:'DpToDevicePixel', with key:'dp_to_device_pixel'
12-13 23:39:40.263 I/InstrumentationBackend( 4097): Added:'KeyboardEnterText', with key:'keyboard_enter_text'
12-13 23:39:40.263 I/InstrumentationBackend( 4097): Added:'DeleteSurroundingText', with key:'delete_surrounding_text'
12-13 23:39:40.264 I/InstrumentationBackend( 4097): Added:'SetComposingRegion', with key:'set_composing_region'
12-13 23:39:40.264 I/InstrumentationBackend( 4097): Added:'SetSelection', with key:'set_selection'
12-13 23:39:40.264 I/InstrumentationBackend( 4097): Added:'KeyboardKeyEvent', with key:'keyboard_key_event'
12-13 23:39:40.265 I/InstrumentationBackend( 4097): Added:'PressUserActionButton', with key:'press_user_action_button'
12-13 23:39:40.266 I/InstrumentationBackend( 4097): Added:'HideSoftKeyboard', with key:'hide_soft_keyboard'
12-13 23:39:40.267 I/InstrumentationBackend( 4097): Added:'ListActions', with key:'list_actions'
12-13 23:39:40.267 I/calabash( 4097): Instantiating http server at 7102
12-13 23:39:40.268 I/System.out( 4097): HTTP Daemon listening on: 7102
12-13 23:39:40.348 I/System.out( 4097): URI: //ping
12-13 23:39:40.348 I/System.out( 4097): params: {json={}
12-13 23:39:40.348 I/System.out( 4097): }
12-13 23:39:40.360 I/System.out( 4097): URI: //ping
12-13 23:39:40.360 I/System.out( 4097): params: {json={}
12-13 23:39:40.361 I/System.out( 4097): }
12-13 23:39:40.367 I/System.out( 4097): URI: //ready
12-13 23:39:40.367 I/System.out( 4097): params: {json={}
12-13 23:39:40.367 I/System.out( 4097): }
12-13 23:39:40.373 I/System.out( 4097): URI: //
12-13 23:39:40.373 I/System.out( 4097): params: {json={"command":"version","arguments":[]}
12-13 23:39:40.373 I/System.out( 4097): }
12-13 23:39:40.374 I/System.out( 4097): header: {content-type=application/json;charset=utf-8, date=Mon, 14 Dec 2020 04:39:40 GMT, accept=*/*, host=127.0.0.1:34777, content-length=36, user-agent=HTTPClient/1.0 (2.8.3, ruby 2.5.8 (2020-03-31))}
12-13 23:39:40.374 I/System.out( 4097): params: {json={"command":"version","arguments":[]}
12-13 23:39:40.374 I/System.out( 4097): }
12-13 23:39:40.374 I/System.out( 4097): ProP json = {"command":"version","arguments":[]}
12-13 23:39:40.374 I/System.out( 4097): files: {}
12-13 23:39:40.374 I/System.out( 4097): command: {"command":"version","arguments":[]}
12-13 23:39:40.400 I/InstrumentationBackend( 4097): Got command:'Command:'Line:null,version', arguments:'[]'
12-13 23:39:40.435 I/System.out( 4097): result:{"bonusInformation":[],"message":"0.9.8","success":true}
12-13 23:39:40.442 I/System.out( 4097): URI: //start-application
12-13 23:39:40.442 I/System.out( 4097): params: {json={"intent":null}
12-13 23:39:40.442 I/System.out( 4097): }
12-13 23:39:40.498 I/calabash( 4097): newActivity1
12-13 23:39:40.519 D/gralloc_ranchu( 1395): gralloc_alloc: Creating ashmem region of size 7753728
12-13 23:39:40.532 I/calabash( 4097): newActivity1
12-13 23:39:40.613 E/ContentStoreEUAS( 2178): Failed to commit the deferred actions
12-13 23:39:40.656 D/EGL_emulation( 2178): eglMakeCurrent: 0x8affd420: ver 3 0 (tinfo 0x9eaff910)
12-13 23:39:40.660 D/EGL_emulation( 2145): eglMakeCurrent: 0xa1004420: ver 3 0 (tinfo 0xa10033e0)
12-13 23:39:40.674 D/EGL_emulation( 1731): eglMakeCurrent: 0x9e7613a0: ver 3 0 (tinfo 0x9e76ec80)
12-13 23:39:40.676 V/StatusBar( 1731): setLightsOn(true)
12-13 23:39:40.684 D/EGL_emulation( 1731): eglMakeCurrent: 0x9e7613a0: ver 3 0 (tinfo 0x9e76ec80)
12-13 23:39:40.801 I/chatty  ( 1731): uid=10028(u0_a28) RenderThread identical 14 lines
12-13 23:39:40.810 D/EGL_emulation( 1731): eglMakeCurrent: 0x9e7613a0: ver 3 0 (tinfo 0x9e76ec80)
12-13 23:39:40.811 V/StatusBar( 1731): setLightsOn(true)
12-13 23:39:40.827 D/EGL_emulation( 1731): eglMakeCurrent: 0x9e7613a0: ver 3 0 (tinfo 0x9e76ec80)
12-13 23:39:40.835 I/chatty  ( 1731): uid=10028(u0_a28) RenderThread identical 1 line
12-13 23:39:40.844 D/EGL_emulation( 1731): eglMakeCurrent: 0x9e7613a0: ver 3 0 (tinfo 0x9e76ec80)
12-13 23:39:40.857 I/zygote  ( 4097): Do partial code cache collection, code=28KB, data=30KB
12-13 23:39:40.858 D/EGL_emulation( 1731): eglMakeCurrent: 0x9e7613a0: ver 3 0 (tinfo 0x9e76ec80)
12-13 23:39:40.860 I/zygote  ( 4097): After code cache collection, code=28KB, data=30KB
12-13 23:39:40.860 I/zygote  ( 4097): Increasing code cache capacity to 128KB
12-13 23:39:40.861 I/zygote  ( 4097): Do partial code cache collection, code=28KB, data=48KB
12-13 23:39:40.861 I/zygote  ( 4097): After code cache collection, code=28KB, data=48KB
12-13 23:39:40.862 I/zygote  ( 4097): Increasing code cache capacity to 256KB
12-13 23:39:40.862 D/EGL_emulation( 1731): eglMakeCurrent: 0x9e7613a0: ver 3 0 (tinfo 0x9e76ec80)
12-13 23:39:40.863 I/zygote  ( 4097): JIT allocated 71KB for compiled code of void android.widget.TextView.<init>(android.content.Context, android.util.AttributeSet, int, int)
12-13 23:39:40.864 I/zygote  ( 4097): Compiler allocated 4MB to compile void android.widget.TextView.<init>(android.content.Context, android.util.AttributeSet, int, int)
12-13 23:39:40.877 D/EGL_emulation( 1731): eglMakeCurrent: 0x9e7613a0: ver 3 0 (tinfo 0x9e76ec80)
12-13 23:39:40.880 D/EGL_emulation( 1731): eglMakeCurrent: 0x9e7613a0: ver 3 0 (tinfo 0x9e76ec80)
12-13 23:39:40.881 V/StatusBar( 1731): setLightsOn(true)
12-13 23:39:40.913 D/gralloc_ranchu( 1395): gralloc_alloc: Creating ashmem region of size 7753728
12-13 23:39:40.933 D/        ( 4097): HostConnection::get() New Host Connection established 0x9e6afb80, tid 4097
12-13 23:39:40.991 V/StatusBar( 1731): setLightsOn(true)
12-13 23:39:40.993 V/StatusBar( 1731): setLightsOn(true)
12-13 23:39:40.995 I/ActivityManager( 1628): Displayed com.evancharlton.mileage/.Mileage: +502ms
12-13 23:39:40.998 V/StatusBar( 1731): setLightsOn(true)
12-13 23:39:41.007 V/StatusBar( 1731): setLightsOn(true)
12-13 23:39:41.031 I/zygote  ( 4097): Do full code cache collection, code=125KB, data=69KB
12-13 23:39:41.031 D/gralloc_ranchu( 1395): gralloc_alloc: Creating ashmem region of size 7753728
12-13 23:39:41.031 I/zygote  ( 4097): After code cache collection, code=106KB, data=43KB
12-13 23:39:41.111 V/StatusBar( 1731): setLightsOn(true)
12-13 23:39:41.130 E/memtrack( 1628): Couldn't load memtrack module
12-13 23:39:41.131 W/android.os.Debug( 1628): failed to get memory consumption info: -1
12-13 23:39:41.191 V/StatusBar( 1731): setLightsOn(true)
12-13 23:39:41.355 I/System.out( 4097): URI: //kill
12-13 23:39:41.355 I/System.out( 4097): params: {json={}
12-13 23:39:41.355 I/System.out( 4097): }
12-13 23:39:41.355 I/System.out( 4097): Stopping test server
12-13 23:39:41.360 E/adbd    ( 1355): failed to connect to socket 'tcp:7102': Connection refused
12-13 23:39:41.362 E/adbd    ( 1355): failed to connect to socket 'tcp:7102': Connection refused
12-13 23:39:41.383 V/StatusBar( 1731): setLightsOn(true)
12-13 23:39:41.385 I/chatty  ( 1731): uid=10028(u0_a28) com.android.systemui identical 1 line
12-13 23:39:41.392 V/StatusBar( 1731): setLightsOn(true)
12-13 23:39:41.407 D/gralloc_ranchu( 1395): gralloc_alloc: Creating ashmem region of size 7753728
12-13 23:39:41.415 D/        ( 1628): HostConnection::get() New Host Connection established 0x8acd9b80, tid 2115
12-13 23:39:41.427 V/StatusBar( 1731): setLightsOn(true)
12-13 23:39:41.429 D/        ( 1731): HostConnection::get() New Host Connection established 0xa1020600, tid 1761
12-13 23:39:41.440 D/gralloc_ranchu( 1395): gralloc_alloc: Creating ashmem region of size 8298496
12-13 23:39:41.461 I/OpenGLRenderer( 1628): Initialized EGL, version 1.4
12-13 23:39:41.461 D/OpenGLRenderer( 1628): Swap behavior 1
12-13 23:39:41.473 W/OpenGLRenderer( 1628): Failed to choose config with EGL_SWAP_BEHAVIOR_PRESERVED, retrying without...
12-13 23:39:41.473 D/OpenGLRenderer( 1628): Swap behavior 0
12-13 23:39:41.514 D/gralloc_ranchu( 1395): gralloc_alloc: Creating ashmem region of size 8298496
12-13 23:39:41.521 D/EGL_emulation( 1628): eglCreateContext: 0x9e67e820: maj 3 min 0 rcv 3
12-13 23:39:41.586 D/gralloc_ranchu( 1395): gralloc_alloc: Creating ashmem region of size 8298496
12-13 23:39:41.600 I/zygote  ( 1628): NativeAllocBackground concurrent copying GC freed 19506(1254KB) AllocSpace objects, 4(96KB) LOS objects, 37% free, 10MB/16MB, paused 6.426ms total 143.824ms
12-13 23:39:41.610 D/gralloc_ranchu( 1395): gralloc_alloc: Creating ashmem region of size 8298496
12-13 23:39:41.611 D/EGL_emulation( 1628): eglMakeCurrent: 0x9e67e820: ver 3 0 (tinfo 0x8ef955b0)
12-13 23:39:41.614 E/eglCodecCommon( 1628): glUtilsParamSize: unknow param 0x00008cdf
12-13 23:39:41.615 E/eglCodecCommon( 1628): glUtilsParamSize: unknow param 0x00008cdf
12-13 23:39:41.616 E/eglCodecCommon( 1628): glUtilsParamSize: unknow param 0x00008824
12-13 23:39:41.616 E/eglCodecCommon( 1628): glUtilsParamSize: unknow param 0x00008824
12-13 23:39:41.663 D/gralloc_ranchu( 1395): gralloc_alloc: Creating ashmem region of size 8298496
12-13 23:39:41.707 E/IPCThreadState( 1414): binder thread pool (4 threads) starved for 233 ms
12-13 23:39:41.710 D/gralloc_ranchu( 1395): gralloc_alloc: Creating ashmem region of size 8298496
12-13 23:39:41.712 D/EGL_emulation( 1731): eglMakeCurrent: 0x9e7613a0: ver 3 0 (tinfo 0x9e76ec80)
12-13 23:39:41.758 D/EGL_emulation( 2178): eglMakeCurrent: 0x8affd420: ver 3 0 (tinfo 0x9eaff910)
12-13 23:39:41.758 D/EGL_emulation( 1731): eglMakeCurrent: 0x9e7613a0: ver 3 0 (tinfo 0x9e76ec80)
12-13 23:39:41.786 I/MicroDetectionWorker( 2178): #updateMicroDetector [detectionMode: [mDetectionMode: [1]]]
12-13 23:39:41.787 I/MicroDetectionWorker( 2178): #startMicroDetector [speakerMode: 0]
12-13 23:39:41.789 I/AudioController( 2178): Using mInputStreamFactoryBuilder
12-13 23:39:41.792 D/EGL_emulation( 2145): eglMakeCurrent: 0xa1004420: ver 3 0 (tinfo 0xa10033e0)
12-13 23:39:41.794 D/EGL_emulation( 1731): eglMakeCurrent: 0x9e7613a0: ver 3 0 (tinfo 0x9e76ec80)
12-13 23:39:41.794 I/MicroDetectionWorker( 2178): onReady
12-13 23:39:41.814 I/MicroRecognitionRunner( 2178): Starting detection.
12-13 23:39:41.815 I/MicrophoneInputStream( 2178): mic_starting com.google.android.apps.gsa.staticplugins.aa.c@fbb7e1e
12-13 23:39:41.816 D/EGL_emulation( 1731): eglMakeCurrent: 0x9e7613a0: ver 3 0 (tinfo 0x9e76ec80)
12-13 23:39:41.834 I/AudioFlinger( 1476): AudioFlinger's thread 0xa8303180 tid=4148 ready to run
12-13 23:39:41.835 I/MicrophoneInputStream( 2178): mic_started com.google.android.apps.gsa.staticplugins.aa.c@fbb7e1e
12-13 23:39:41.843 I/MicroDetectionWorker( 2178): onReady
12-13 23:39:41.846 I/MicrophoneInputStream( 2178): mic_close com.google.android.apps.gsa.staticplugins.aa.c@fbb7e1e
12-13 23:39:41.848 I/MicroRecognitionRunner( 2178): Detection finished
12-13 23:39:41.848 W/ErrorReporter( 2178): reportError [type: 211, code: 524300]: Error reading from input stream
12-13 23:39:41.850 I/MicroRecognitionRunner( 2178): Stopping hotword detection.
12-13 23:39:41.850 W/ErrorProcessor( 2178): onFatalError, processing error from engine(4)
12-13 23:39:41.850 W/ErrorProcessor( 2178): com.google.android.apps.gsa.shared.speech.b.g: Error reading from input stream
12-13 23:39:41.850 W/ErrorProcessor( 2178): 	at com.google.android.apps.gsa.staticplugins.recognizer.j.a.a(SourceFile:28)
12-13 23:39:41.850 W/ErrorProcessor( 2178): 	at com.google.android.apps.gsa.staticplugins.recognizer.j.b.run(SourceFile:15)
12-13 23:39:41.850 W/ErrorProcessor( 2178): 	at java.util.concurrent.Executors$RunnableAdapter.call(Executors.java:457)
12-13 23:39:41.850 W/ErrorProcessor( 2178): 	at java.util.concurrent.FutureTask.run(FutureTask.java:266)
12-13 23:39:41.850 W/ErrorProcessor( 2178): 	at com.google.android.apps.gsa.shared.util.concurrent.a.ax.run(SourceFile:14)
12-13 23:39:41.850 W/ErrorProcessor( 2178): 	at com.google.android.apps.gsa.shared.util.concurrent.a.bl.run(SourceFile:4)
12-13 23:39:41.850 W/ErrorProcessor( 2178): 	at com.google.android.apps.gsa.shared.util.concurrent.a.bl.run(SourceFile:4)
12-13 23:39:41.850 W/ErrorProcessor( 2178): 	at java.util.concurrent.ThreadPoolExecutor.runWorker(ThreadPoolExecutor.java:1162)
12-13 23:39:41.850 W/ErrorProcessor( 2178): 	at java.util.concurrent.ThreadPoolExecutor$Worker.run(ThreadPoolExecutor.java:636)
12-13 23:39:41.850 W/ErrorProcessor( 2178): 	at java.lang.Thread.run(Thread.java:764)
12-13 23:39:41.850 W/ErrorProcessor( 2178): 	at com.google.android.apps.gsa.shared.util.concurrent.a.ai.run(SourceFile:6)
12-13 23:39:41.850 W/ErrorProcessor( 2178): Caused by: com.google.android.apps.gsa.shared.exception.GsaIOException: Error code: 393238 | Buffer overflow, no available space.
12-13 23:39:41.850 W/ErrorProcessor( 2178): 	at com.google.android.apps.gsa.speech.audio.Tee.f(SourceFile:103)
12-13 23:39:41.850 W/ErrorProcessor( 2178): 	at com.google.android.apps.gsa.speech.audio.au.read(SourceFile:2)
12-13 23:39:41.850 W/ErrorProcessor( 2178): 	at java.io.InputStream.read(InputStream.java:101)
12-13 23:39:41.850 W/ErrorProcessor( 2178): 	at com.google.android.apps.gsa.speech.audio.ao.run(SourceFile:18)
12-13 23:39:41.850 W/ErrorProcessor( 2178): 	at com.google.android.apps.gsa.speech.audio.an.run(SourceFile:2)
12-13 23:39:41.850 W/ErrorProcessor( 2178): 	... 9 more
12-13 23:39:41.850 I/AudioController( 2178): internalShutdown
12-13 23:39:41.853 I/MicroDetector( 2178): Keeping mic open: false
12-13 23:39:41.854 I/DeviceStateChecker( 2178): DeviceStateChecker cancelled
12-13 23:39:41.854 I/MicroDetectionWorker( 2178): #onError(false)
12-13 23:39:41.860 I/zygote  ( 1731): NativeAllocBackground concurrent copying GC freed 467(63KB) AllocSpace objects, 0(0B) LOS objects, 49% free, 4MB/9MB, paused 19.347ms total 126.230ms
12-13 23:39:42.253 W/OpenGLRenderer( 2145): Incorrectly called buildLayer on View: ShortcutAndWidgetContainer, destroying layer...
--------- beginning of system
12-13 23:39:44.514 E/TaskPersister( 1628): File error accessing recents directory (directory doesn't exist?).
12-13 23:39:44.682 D/AndroidRuntime( 4153): >>>>>> START com.android.internal.os.RuntimeInit uid 2000 <<<<<<
12-13 23:39:44.715 W/app_process( 4153): Unexpected CPU variant for X86 using defaults: x86
12-13 23:39:44.731 D/AndroidRuntime( 4153): Calling main entry com.android.commands.am.Am
12-13 23:39:44.733 I/ActivityManager( 1628): Force stopping com.evancharlton.mileage appid=10178 user=0: start instr
12-13 23:39:44.734 I/ActivityManager( 1628): Killing 4097:com.evancharlton.mileage/u0a178 (adj 0): stop com.evancharlton.mileage
12-13 23:39:44.734 W/ActivityManager( 1628): Crash of app com.evancharlton.mileage running instrumentation ComponentInfo{com.evancharlton.mileage.test/sh.calaba.instrumentationbackend.CalabashInstrumentationTestRunner}
12-13 23:39:44.734 I/ActivityManager( 1628): Force stopping com.evancharlton.mileage appid=10178 user=0: finished inst
12-13 23:39:44.734 I/ActivityManager( 1628): Killing 3469:com.google.android.ext.services/u0a14 (adj 906): empty #17
12-13 23:39:44.742 I/zygote  ( 4163): Not late-enabling -Xcheck:jni (already on)
12-13 23:39:44.750 W/zygote  ( 4163): Unexpected CPU variant for X86 using defaults: x86
12-13 23:39:44.750 I/ActivityManager( 1628): Start proc 4163:com.evancharlton.mileage/u0a178 for added application com.evancharlton.mileage
12-13 23:39:44.752 D/AndroidRuntime( 4153): Shutting down VM
12-13 23:39:44.759 E/memtrack( 1628): Couldn't load memtrack module
12-13 23:39:44.759 W/android.os.Debug( 1628): failed to get memory consumption info: -1
12-13 23:39:44.771 W/zygote  ( 4163): Found duplicate classes, falling back to extracting from APK : /data/app/com.evancharlton.mileage.test-7WCjxtMfrLnjH8KRJjRnRg==/base.apk
12-13 23:39:44.771 W/zygote  ( 4163): NOTE: This wastes RAM and hurts startup performance.
12-13 23:39:44.771 W/zygote  ( 4163): Found duplicated class when checking oat files: 'Ljunit/runner/BaseTestRunner;' in /data/app/com.evancharlton.mileage.test-7WCjxtMfrLnjH8KRJjRnRg==/base.apk and /system/framework/android.test.runner.jar
12-13 23:39:44.771 W/zygote  ( 4163): 
12-13 23:39:44.778 E/memtrack( 1628): Couldn't load memtrack module
12-13 23:39:44.778 W/android.os.Debug( 1628): failed to get memory consumption info: -1
12-13 23:39:44.785 E/adbd    ( 1355): failed to connect to socket 'tcp:7102': Connection refused
12-13 23:39:44.787 W/ActivityManager( 1628): setHasOverlayUi called on unknown pid: 4097
12-13 23:39:44.789 E/memtrack( 1628): Couldn't load memtrack module
12-13 23:39:44.789 W/android.os.Debug( 1628): failed to get memory consumption info: -1
12-13 23:39:44.794 E/adbd    ( 1355): failed to connect to socket 'tcp:7102': Connection refused
12-13 23:39:44.806 W/System  ( 4163): ClassLoader referenced unknown path: 
12-13 23:39:44.817 I/System.out( 4163): Main activity name automatically set to: com.evancharlton.mileage.Mileage
12-13 23:39:44.818 I/System.out( 4163): Calabash did not load Mono. This is only a problem if you are trying to test a Mono application
12-13 23:39:44.819 I/calabash( 4163): Test server port: 7102
12-13 23:39:44.821 I/InstrumentationBackend( 4163): Added:'GetPreferences', with key:'get_preferences'
12-13 23:39:44.878 I/InstrumentationBackend( 4163): Added:'SetPreferences', with key:'set_preferences'
12-13 23:39:44.878 I/InstrumentationBackend( 4163): Added:'ClearPreferences', with key:'clear_preferences'
12-13 23:39:44.878 I/InstrumentationBackend( 4163): Added:'PressElement', with key:'press_l10n_element'
12-13 23:39:44.879 I/InstrumentationBackend( 4163): Added:'WaitForElement', with key:'wait_for_l10n_element'
12-13 23:39:44.879 I/InstrumentationBackend( 4163): Added:'NullAction', with key:'nullAction'
12-13 23:39:44.880 I/InstrumentationBackend( 4163): Added:'PressKey', with key:'press_key'
12-13 23:39:44.880 I/InstrumentationBackend( 4163): Added:'SetActivityOrientation', with key:'set_activity_orientation'
12-13 23:39:44.880 I/InstrumentationBackend( 4163): Added:'GetActivityOrientation', with key:'get_activity_orientation'
12-13 23:39:44.881 I/InstrumentationBackend( 4163): Added:'FakeGPSLocation', with key:'set_gps_coordinates'
12-13 23:39:44.881 I/InstrumentationBackend( 4163): Added:'SetPropertyByCssSelector', with key:'set_property_by_css_selector'
12-13 23:39:44.882 I/InstrumentationBackend( 4163): Added:'GetUrl', with key:'get_url'
12-13 23:39:44.884 I/InstrumentationBackend( 4163): Added:'ScrollTo', with key:'scroll_to'
12-13 23:39:44.885 I/InstrumentationBackend( 4163): Added:'GetLoadProgress', with key:'get_load_progress'
12-13 23:39:44.885 I/InstrumentationBackend( 4163): Added:'DumpHtml', with key:'dump_html'
12-13 23:39:44.886 I/InstrumentationBackend( 4163): Added:'DumpBodyHtml', with key:'dump_body_html'
12-13 23:39:44.886 I/InstrumentationBackend( 4163): Added:'EnterTextByCssSelector', with key:'enter_text_by_selector'
12-13 23:39:44.890 I/InstrumentationBackend( 4163): Added:'AndroidSDKVersion', with key:'android_sdk_version'
12-13 23:39:44.890 I/InstrumentationBackend( 4163): Added:'Version', with key:'version'
12-13 23:39:44.890 I/InstrumentationBackend( 4163): Added:'Drag', with key:'drag'
12-13 23:39:44.890 I/InstrumentationBackend( 4163): Added:'TouchCoordinates', with key:'touch_coordinate'
12-13 23:39:44.891 I/InstrumentationBackend( 4163): Added:'LongPressCoordinate', with key:'long_press_coordinate'
12-13 23:39:44.891 I/InstrumentationBackend( 4163): Added:'DragCoordinates', with key:'drag_coordinates'
12-13 23:39:44.891 I/InstrumentationBackend( 4163): Added:'ResumeApplication', with key:'resume_application'
12-13 23:39:44.892 I/InstrumentationBackend( 4163): Added:'Swipe', with key:'swipe'
12-13 23:39:44.892 I/InstrumentationBackend( 4163): Added:'DoubleTapCoordinate', with key:'double_tap_coordinate'
12-13 23:39:44.892 I/InstrumentationBackend( 4163): Added:'ClickOnScreen', with key:'click_on_screen'
12-13 23:39:44.893 I/InstrumentationBackend( 4163): Added:'GetActivityName', with key:'get_activity_name'
12-13 23:39:44.893 I/InstrumentationBackend( 4163): Added:'ScrollToView', with key:'scroll_to_view'
12-13 23:39:44.894 I/InstrumentationBackend( 4163): Added:'ViewConfiguration', with key:'view_configuration'
12-13 23:39:44.894 I/InstrumentationBackend( 4163): Added:'IsCurrentActivityFocused', with key:'is_current_activity_focused'
12-13 23:39:44.894 I/InstrumentationBackend( 4163): Added:'SendTcp', with key:'send_tcp'
12-13 23:39:44.895 I/InstrumentationBackend( 4163): Added:'DpToDevicePixel', with key:'dp_to_device_pixel'
12-13 23:39:44.896 I/InstrumentationBackend( 4163): Added:'KeyboardEnterText', with key:'keyboard_enter_text'
12-13 23:39:44.897 I/InstrumentationBackend( 4163): Added:'DeleteSurroundingText', with key:'delete_surrounding_text'
12-13 23:39:44.897 I/InstrumentationBackend( 4163): Added:'SetComposingRegion', with key:'set_composing_region'
12-13 23:39:44.897 I/InstrumentationBackend( 4163): Added:'SetSelection', with key:'set_selection'
12-13 23:39:44.898 I/InstrumentationBackend( 4163): Added:'KeyboardKeyEvent', with key:'keyboard_key_event'
12-13 23:39:44.899 I/InstrumentationBackend( 4163): Added:'PressUserActionButton', with key:'press_user_action_button'
12-13 23:39:44.900 I/InstrumentationBackend( 4163): Added:'HideSoftKeyboard', with key:'hide_soft_keyboard'
12-13 23:39:44.901 I/InstrumentationBackend( 4163): Added:'ListActions', with key:'list_actions'
12-13 23:39:44.901 I/calabash( 4163): Instantiating http server at 7102
12-13 23:39:44.902 I/System.out( 4163): HTTP Daemon listening on: 7102
12-13 23:39:44.907 I/System.out( 4163): URI: //ping
12-13 23:39:44.907 I/System.out( 4163): params: {json={}
12-13 23:39:44.907 I/System.out( 4163): }
12-13 23:39:44.914 I/System.out( 4163): URI: //ping
12-13 23:39:44.914 I/System.out( 4163): params: {json={}
12-13 23:39:44.914 I/System.out( 4163): }
12-13 23:39:44.920 I/System.out( 4163): URI: //ready
12-13 23:39:44.920 I/System.out( 4163): params: {json={}
12-13 23:39:44.920 I/System.out( 4163): }
12-13 23:39:44.926 I/System.out( 4163): URI: //
12-13 23:39:44.926 I/System.out( 4163): params: {json={"command":"version","arguments":[]}
12-13 23:39:44.926 I/System.out( 4163): }
12-13 23:39:44.926 I/System.out( 4163): header: {content-type=application/json;charset=utf-8, date=Mon, 14 Dec 2020 04:39:45 GMT, accept=*/*, host=127.0.0.1:34777, content-length=36, user-agent=HTTPClient/1.0 (2.8.3, ruby 2.5.8 (2020-03-31))}
12-13 23:39:44.926 I/System.out( 4163): params: {json={"command":"version","arguments":[]}
12-13 23:39:44.926 I/System.out( 4163): }
12-13 23:39:44.926 I/System.out( 4163): ProP json = {"command":"version","arguments":[]}
12-13 23:39:44.926 I/System.out( 4163): files: {}
12-13 23:39:44.926 I/System.out( 4163): command: {"command":"version","arguments":[]}
12-13 23:39:44.953 I/InstrumentationBackend( 4163): Got command:'Command:'Line:null,version', arguments:'[]'
12-13 23:39:44.988 I/System.out( 4163): result:{"bonusInformation":[],"message":"0.9.8","success":true}
12-13 23:39:44.994 I/System.out( 4163): URI: //start-application
12-13 23:39:44.994 I/System.out( 4163): params: {json={"intent":null}
12-13 23:39:44.994 I/System.out( 4163): }
12-13 23:39:45.031 I/ActivityManager( 1628): START u0 {act=android.intent.action.MAIN cat=[android.intent.category.LAUNCHER] flg=0x10200000 cmp=com.evancharlton.mileage/.Mileage} from uid 10178
12-13 23:39:45.044 I/calabash( 4163): newActivity1
12-13 23:39:45.068 D/gralloc_ranchu( 1395): gralloc_alloc: Creating ashmem region of size 7753728
12-13 23:39:45.075 W/ActivityManager( 1628): Bad activity token: android.os.BinderProxy@ce3ae23
12-13 23:39:45.075 W/ActivityManager( 1628): java.lang.ClassCastException: android.os.BinderProxy cannot be cast to com.android.server.am.ActivityRecord$Token
12-13 23:39:45.075 W/ActivityManager( 1628): 	at com.android.server.am.ActivityRecord.forTokenLocked(ActivityRecord.java:778)
12-13 23:39:45.075 W/ActivityManager( 1628): 	at com.android.server.am.ActivityRecord.isInStackLocked(ActivityRecord.java:2085)
12-13 23:39:45.075 W/ActivityManager( 1628): 	at com.android.server.am.ActivityRecord.getStackLocked(ActivityRecord.java:2090)
12-13 23:39:45.075 W/ActivityManager( 1628): 	at com.android.server.am.ActivityManagerService.getActivityDisplayId(ActivityManagerService.java:10406)
12-13 23:39:45.075 W/ActivityManager( 1628): 	at android.app.IActivityManager$Stub.onTransact(IActivityManager.java:2738)
12-13 23:39:45.075 W/ActivityManager( 1628): 	at com.android.server.am.ActivityManagerService.onTransact(ActivityManagerService.java:2935)
12-13 23:39:45.075 W/ActivityManager( 1628): 	at android.os.Binder.execTransact(Binder.java:674)
12-13 23:39:45.076 I/calabash( 4163): newActivity1
12-13 23:39:45.086 W/ActivityManager( 1628): Bad activity token: android.os.BinderProxy@ce3ae23
12-13 23:39:45.086 W/ActivityManager( 1628): java.lang.ClassCastException: android.os.BinderProxy cannot be cast to com.android.server.am.ActivityRecord$Token
12-13 23:39:45.086 W/ActivityManager( 1628): 	at com.android.server.am.ActivityRecord.forTokenLocked(ActivityRecord.java:778)
12-13 23:39:45.086 W/ActivityManager( 1628): 	at com.android.server.am.ActivityRecord.isInStackLocked(ActivityRecord.java:2085)
12-13 23:39:45.086 W/ActivityManager( 1628): 	at com.android.server.am.ActivityManagerService.setTaskDescription(ActivityManagerService.java:9988)
12-13 23:39:45.086 W/ActivityManager( 1628): 	at android.app.IActivityManager$Stub.onTransact(IActivityManager.java:2824)
12-13 23:39:45.086 W/ActivityManager( 1628): 	at com.android.server.am.ActivityManagerService.onTransact(ActivityManagerService.java:2935)
12-13 23:39:45.086 W/ActivityManager( 1628): 	at android.os.Binder.execTransact(Binder.java:674)
12-13 23:39:45.087 W/ActivityManager( 1628): Bad activity token: android.os.BinderProxy@ce3ae23
12-13 23:39:45.087 W/ActivityManager( 1628): java.lang.ClassCastException: android.os.BinderProxy cannot be cast to com.android.server.am.ActivityRecord$Token
12-13 23:39:45.087 W/ActivityManager( 1628): 	at com.android.server.am.ActivityRecord.forTokenLocked(ActivityRecord.java:778)
12-13 23:39:45.087 W/ActivityManager( 1628): 	at com.android.server.am.ActivityRecord.isInStackLocked(ActivityRecord.java:2085)
12-13 23:39:45.087 W/ActivityManager( 1628): 	at com.android.server.am.ActivityRecord.getStackLocked(ActivityRecord.java:2090)
12-13 23:39:45.087 W/ActivityManager( 1628): 	at com.android.server.am.ActivityManagerService.getActivityStackId(ActivityManagerService.java:10417)
12-13 23:39:45.087 W/ActivityManager( 1628): 	at android.app.IActivityManager$Stub.onTransact(IActivityManager.java:3548)
12-13 23:39:45.087 W/ActivityManager( 1628): 	at com.android.server.am.ActivityManagerService.onTransact(ActivityManagerService.java:2935)
12-13 23:39:45.087 W/ActivityManager( 1628): 	at android.os.Binder.execTransact(Binder.java:674)
12-13 23:39:45.124 D/EGL_emulation( 2145): eglMakeCurrent: 0xa1004420: ver 3 0 (tinfo 0xa10033e0)
12-13 23:39:45.124 D/EGL_emulation( 2178): eglMakeCurrent: 0x8affd420: ver 3 0 (tinfo 0x9eaff910)
12-13 23:39:45.141 D/EGL_emulation( 1731): eglMakeCurrent: 0x9e7613a0: ver 3 0 (tinfo 0x9e76ec80)
12-13 23:39:45.154 I/chatty  ( 1731): uid=10028(u0_a28) RenderThread identical 1 line
12-13 23:39:45.161 D/EGL_emulation( 1731): eglMakeCurrent: 0x9e7613a0: ver 3 0 (tinfo 0x9e76ec80)
12-13 23:39:45.162 V/StatusBar( 1731): setLightsOn(true)
12-13 23:39:45.164 E/ContentStoreEUAS( 2178): Failed to commit the deferred actions
12-13 23:39:45.167 D/EGL_emulation( 1731): eglMakeCurrent: 0x9e7613a0: ver 3 0 (tinfo 0x9e76ec80)
12-13 23:39:45.223 W/ActivityManager( 1628): Bad activity token: android.os.BinderProxy@ce3ae23
12-13 23:39:45.223 W/ActivityManager( 1628): java.lang.ClassCastException: android.os.BinderProxy cannot be cast to com.android.server.am.ActivityRecord$Token
12-13 23:39:45.223 W/ActivityManager( 1628): 	at com.android.server.am.ActivityRecord.forTokenLocked(ActivityRecord.java:778)
12-13 23:39:45.223 W/ActivityManager( 1628): 	at com.android.server.am.ActivityRecord.isInStackLocked(ActivityRecord.java:2085)
12-13 23:39:45.223 W/ActivityManager( 1628): 	at com.android.server.am.ActivityManagerService.getActivityOptions(ActivityManagerService.java:13302)
12-13 23:39:45.223 W/ActivityManager( 1628): 	at android.app.IActivityManager$Stub.onTransact(IActivityManager.java:2910)
12-13 23:39:45.223 W/ActivityManager( 1628): 	at com.android.server.am.ActivityManagerService.onTransact(ActivityManagerService.java:2935)
12-13 23:39:45.223 W/ActivityManager( 1628): 	at android.os.Binder.execTransact(Binder.java:674)
12-13 23:39:45.225 W/ActivityManager( 1628): Bad activity token: android.os.BinderProxy@ce3ae23
12-13 23:39:45.225 W/ActivityManager( 1628): java.lang.ClassCastException: android.os.BinderProxy cannot be cast to com.android.server.am.ActivityRecord$Token
12-13 23:39:45.225 W/ActivityManager( 1628): 	at com.android.server.am.ActivityRecord.forTokenLocked(ActivityRecord.java:778)
12-13 23:39:45.225 W/ActivityManager( 1628): 	at com.android.server.am.ActivityRecord.isInStackLocked(ActivityRecord.java:2085)
12-13 23:39:45.225 W/ActivityManager( 1628): 	at com.android.server.am.ActivityManagerService.getActivityOptions(ActivityManagerService.java:13302)
12-13 23:39:45.225 W/ActivityManager( 1628): 	at android.app.IActivityManager$Stub.onTransact(IActivityManager.java:2910)
12-13 23:39:45.225 W/ActivityManager( 1628): 	at com.android.server.am.ActivityManagerService.onTransact(ActivityManagerService.java:2935)
12-13 23:39:45.225 W/ActivityManager( 1628): 	at android.os.Binder.execTransact(Binder.java:674)
12-13 23:39:45.316 I/chatty  ( 1731): uid=10028(u0_a28) RenderThread identical 18 lines
12-13 23:39:45.327 D/EGL_emulation( 1731): eglMakeCurrent: 0x9e7613a0: ver 3 0 (tinfo 0x9e76ec80)
12-13 23:39:45.329 V/StatusBar( 1731): setLightsOn(true)
12-13 23:39:45.334 D/EGL_emulation( 1731): eglMakeCurrent: 0x9e7613a0: ver 3 0 (tinfo 0x9e76ec80)
12-13 23:39:45.344 D/EGL_emulation( 1731): eglMakeCurrent: 0x9e7613a0: ver 3 0 (tinfo 0x9e76ec80)
12-13 23:39:45.348 I/zygote  ( 4163): Do partial code cache collection, code=28KB, data=30KB
12-13 23:39:45.350 D/EGL_emulation( 1731): eglMakeCurrent: 0x9e7613a0: ver 3 0 (tinfo 0x9e76ec80)
12-13 23:39:45.353 I/zygote  ( 4163): After code cache collection, code=28KB, data=30KB
12-13 23:39:45.353 I/zygote  ( 4163): Increasing code cache capacity to 128KB
12-13 23:39:45.362 I/zygote  ( 4163): Do partial code cache collection, code=28KB, data=47KB
12-13 23:39:45.362 I/zygote  ( 4163): After code cache collection, code=28KB, data=47KB
12-13 23:39:45.363 I/zygote  ( 4163): Increasing code cache capacity to 256KB
12-13 23:39:45.363 I/zygote  ( 4163): JIT allocated 71KB for compiled code of void android.widget.TextView.<init>(android.content.Context, android.util.AttributeSet, int, int)
12-13 23:39:45.363 I/zygote  ( 4163): Compiler allocated 4MB to compile void android.widget.TextView.<init>(android.content.Context, android.util.AttributeSet, int, int)
12-13 23:39:45.394 V/StatusBar( 1731): setLightsOn(true)
12-13 23:39:45.396 V/StatusBar( 1731): setLightsOn(true)
12-13 23:39:45.437 D/gralloc_ranchu( 1395): gralloc_alloc: Creating ashmem region of size 7753728
12-13 23:39:45.458 D/        ( 4163): HostConnection::get() New Host Connection established 0x9e6afc40, tid 4163
12-13 23:39:45.506 V/StatusBar( 1731): setLightsOn(true)
12-13 23:39:45.509 V/StatusBar( 1731): setLightsOn(true)
12-13 23:39:45.511 I/ActivityManager( 1628): Displayed com.evancharlton.mileage/.Mileage: +472ms
12-13 23:39:45.517 V/StatusBar( 1731): setLightsOn(true)
12-13 23:39:45.537 V/StatusBar( 1731): setLightsOn(true)
12-13 23:39:45.547 I/zygote  ( 4163): Do full code cache collection, code=125KB, data=70KB
12-13 23:39:45.548 I/zygote  ( 4163): After code cache collection, code=106KB, data=43KB
12-13 23:39:45.549 D/gralloc_ranchu( 1395): gralloc_alloc: Creating ashmem region of size 7753728
12-13 23:39:45.587 V/StatusBar( 1731): setLightsOn(true)
