--------- beginning of main
12-14 00:19:46.951 W/GCoreFlp( 1936): No location to return for getLastLocation()
12-14 00:19:46.969 W/zygote  ( 3629): Skipping duplicate class check due to unrecognized classloader
12-14 00:19:46.984 I/ProviderInstaller( 3490): Installed default security provider GmsCore_OpenSSL
12-14 00:19:47.002 I/ExposureNotification( 2106): ExposureNotificationInitIntentOperation.onInitRuntimeState [CONTEXT service_id=236 ]
12-14 00:19:47.003 I/LT_StubFactory( 2106): tachyonHostName = instantmessaging-pa.googleapis.com and tachyonPortNumber = 443
12-14 00:19:47.006 D/LT_OkHttpChannelBuilder( 2106): Using Spatula header keyless authentication.
12-14 00:19:47.027 D/BoundBrokerSvc( 2106): onUnbind: Intent { act=com.google.android.gms.common.BIND_SHARED_PREFS pkg=com.google.android.gms }
12-14 00:19:47.068 D/AndroidRuntime( 3697): >>>>>> START com.android.internal.os.RuntimeInit uid 2000 <<<<<<
12-14 00:19:47.079 D/BoundBrokerSvc( 2106): onBind: Intent { act=com.google.android.gms.auth.service.START pkg=com.google.android.gms }
12-14 00:19:47.080 D/BoundBrokerSvc( 2106): Loading bound service for intent: Intent { act=com.google.android.gms.auth.service.START pkg=com.google.android.gms }
12-14 00:19:47.080 I/zygote  ( 2106): Deoptimizing android.os.IBinder daa.onBind(android.content.Intent) due to JIT inline cache
12-14 00:19:47.099 I/Authzen ( 2106): [DeviceStateSyncManager] The server is in sync with current state. Nothing to do
12-14 00:19:47.115 I/zygote  ( 1936): Background concurrent copying GC freed 74342(4MB) AllocSpace objects, 37(924KB) LOS objects, 41% free, 8MB/14MB, paused 11.606ms total 469.112ms
12-14 00:19:47.133 D/BoundBrokerSvc( 2106): onBind: Intent { act=com.google.android.gms.common.BIND_SHARED_PREFS pkg=com.google.android.gms }
12-14 00:19:47.133 D/BoundBrokerSvc( 2106): Loading bound service for intent: Intent { act=com.google.android.gms.common.BIND_SHARED_PREFS pkg=com.google.android.gms }
12-14 00:19:47.165 D/BoundBrokerSvc( 2106): onUnbind: Intent { act=com.google.android.gms.common.BIND_SHARED_PREFS pkg=com.google.android.gms }
12-14 00:19:47.205 I/NetRec  ( 1936): [154] BootCompletedOrAppUpdatedIntentOperation.onHandleIntent: onBootCompleted()
12-14 00:19:47.212 I/NearbySharing( 2106): Runtime state initialization complete. Sharing is disabled for reason MISSING_BLUETOOTH. [CONTEXT service_id=194 ]
12-14 00:19:47.219 W/app_process( 3697): Unexpected CPU variant for X86 using defaults: x86
12-14 00:19:47.225 I/NetRec  ( 1936): [154] BootCompletedOrAppUpdatedIntentOperation.onHandleIntent: Scheduling CleanupDatabaseTask
12-14 00:19:47.229 I/NetRec  ( 1936): [154] andy.a: onConfigChanged()
12-14 00:19:47.230 I/ExposureNotification( 1936): ENInternalService.onCreate, com.google.android.gms.nearby.exposurenotification.service.ExposureNotificationInternalChimeraService@11e577b [CONTEXT service_id=236 ]
12-14 00:19:47.258 I/NetRec  ( 1936): [154] andy.a: Cancelling all NetRec GCM tasks
12-14 00:19:47.261 I/ExposureNotification( 1936): ENInternalService.onStartCommand, Intent { act=com.google.android.gms.nearby.exposurenotification.service.ACTION_CLIENT_CHANGE cmp=com.google.android.gms/.nearby.exposurenotification.service.ExposureNotificationInternalService }, com.google.android.gms.nearby.exposurenotification.service.ExposureNotificationInternalChimeraService@11e577b [CONTEXT service_id=236 ]
12-14 00:19:47.268 E/BluetoothAdapter( 1936): Bluetooth binder is null
12-14 00:19:47.278 D/LT_LitBstrpCntrl( 2106): Initializing BootstrapController Instance
12-14 00:19:47.280 I/NearbyDiscovery( 2106): FastPair: HeadsetPieceImage, grant permission files:0 [CONTEXT service_id=49 ]
12-14 00:19:47.280 D/AndroidRuntime( 3697): Calling main entry com.android.commands.am.Am
12-14 00:19:47.306 I/zygote  ( 3726): Not late-enabling -Xcheck:jni (already on)
12-14 00:19:47.313 D/AndroidRuntime( 3697): Shutting down VM
12-14 00:19:47.313 I/NearbySharing( 1936): ReceiveSurfaceService created [CONTEXT service_id=194 ]
12-14 00:19:47.324 D/BoundBrokerSvc( 2106): onBind: Intent { act=com.google.android.gms.common.BIND_SHARED_PREFS pkg=com.google.android.gms }
12-14 00:19:47.324 D/BoundBrokerSvc( 2106): Loading bound service for intent: Intent { act=com.google.android.gms.common.BIND_SHARED_PREFS pkg=com.google.android.gms }
12-14 00:19:47.329 I/NearbySharing( 1936): ReceiveSurfaceService started [CONTEXT service_id=194 ]
12-14 00:19:47.332 I/zygote  ( 3490): Waiting for a blocking GC ProfileSaver
12-14 00:19:47.335 I/NetRec  ( 1936): [86] ClearDatabaseService.onHandleIntent: Clearing score cache
12-14 00:19:47.338 I/NearbySharing( 1936): ReceiveSurfaceService destroyed [CONTEXT service_id=194 ]
12-14 00:19:47.341 I/DeletedNullContactsCleanup( 2106): Scheduling the service.
12-14 00:19:47.352 I/zygote  ( 3497): Waiting for a blocking GC ProfileSaver
12-14 00:19:47.360 W/zygote  ( 3726): Unexpected CPU variant for X86 using defaults: x86
12-14 00:19:47.368 I/zygote  ( 3490): WaitForGcToComplete blocked for 35.956ms for cause ProfileSaver
12-14 00:19:47.372 I/zygote  ( 3497): WaitForGcToComplete blocked for 19.371ms for cause ProfileSaver
12-14 00:19:47.374 I/ExposureNotification( 1936): No active clients [CONTEXT service_id=236 ]
12-14 00:19:47.374 I/ExposureNotification( 1936): Utils#isSupported enabled=true [CONTEXT service_id=236 ]
12-14 00:19:47.374 D/BoundBrokerSvc( 2106): onUnbind: Intent { act=com.google.android.gms.common.BIND_SHARED_PREFS pkg=com.google.android.gms }
12-14 00:19:47.408 W/zygote  ( 3726): Found duplicate classes, falling back to extracting from APK : /data/app/com.evancharlton.mileage.test-uB8ZrpvRztDyaDHsMTe79Q==/base.apk
12-14 00:19:47.408 W/zygote  ( 3726): NOTE: This wastes RAM and hurts startup performance.
12-14 00:19:47.408 W/zygote  ( 3726): Found duplicated class when checking oat files: 'Ljunit/runner/BaseTestRunner;' in /data/app/com.evancharlton.mileage.test-uB8ZrpvRztDyaDHsMTe79Q==/base.apk and /system/framework/android.test.runner.jar
12-14 00:19:47.408 W/zygote  ( 3726): 
12-14 00:19:47.419 I/Pay     ( 2106): Requested immediate check to see whether to show pay module downloading complete notification. [CONTEXT service_id=198 ]
12-14 00:19:47.435 D/BoundBrokerSvc( 2106): onBind: Intent { act=com.google.android.gms.common.BIND_SHARED_PREFS pkg=com.google.android.gms }
12-14 00:19:47.436 D/BoundBrokerSvc( 2106): Loading bound service for intent: Intent { act=com.google.android.gms.common.BIND_SHARED_PREFS pkg=com.google.android.gms }
12-14 00:19:47.444 D/BoundBrokerSvc( 2106): onUnbind: Intent { act=com.google.android.gms.common.BIND_SHARED_PREFS pkg=com.google.android.gms }
12-14 00:19:47.450 W/GLSUser ( 1936): [DeviceKeyStore] Cannot load key: Device key file not found.
12-14 00:19:47.451 I/ExposureNotification( 1936): isPrimaryUser=true, isWorkProfile=false [CONTEXT service_id=236 ]
12-14 00:19:47.462 I/ExposureNotification( 1936): isDeviceSupported=true, isBluetoothSupported=false, BluetoothAdapter.isMultipleAdvertisementSupported=false [CONTEXT service_id=236 ]
12-14 00:19:47.475 I/rcs     ( 1936): [RcsBindingManager] Checking if we should rebind to previous service. Attempt 0
12-14 00:19:47.475 I/rcs     ( 1936): [RcsBindingManager] No valid settings for binding.
12-14 00:19:47.477 I/ExposureNotification( 1936): isPrimaryUser=true, isWorkProfile=false [CONTEXT service_id=236 ]
12-14 00:19:47.478 I/ExposureNotification( 1936): Exposure notifications disabled. [CONTEXT service_id=236 ]
12-14 00:19:47.479 I/ExposureNotification( 1936): ENInternalService.stopTracing, com.google.android.gms.nearby.exposurenotification.service.ExposureNotificationInternalChimeraService@11e577b [CONTEXT service_id=236 ]
12-14 00:19:47.485 I/LT_PhenotypeApiImplV12( 2106): Retrieve experiment configurations for: 
12-14 00:19:47.487 I/ExposureNotification( 1936): AlarmManagerImpl.opportunisticSchedule called, delay=1800000ms [CONTEXT service_id=236 ]
12-14 00:19:47.487 I/ExposureNotification( 1936): ScheduledExecutorImpl.schedule called, delay=1800000ms [CONTEXT service_id=236 ]
12-14 00:19:47.510 I/zygote  ( 1626): Background concurrent copying GC freed 23062(1190KB) AllocSpace objects, 7(140KB) LOS objects, 37% free, 10MB/16MB, paused 568us total 189.907ms
12-14 00:19:47.540 I/zygote  ( 2106): Deoptimizing java.lang.Object jqo.a() due to JIT inline cache
12-14 00:19:47.544 W/GLSUser ( 1936): [DeviceKeyStore] Cannot load key: Device key file not found.
12-14 00:19:47.567 W/System  ( 3726): ClassLoader referenced unknown path: 
12-14 00:19:47.552 W/Binder:3629_1( 3629): type=1400 audit(0.0:18): avc: denied { read } for name="modules" dev="proc" ino=4026532034 scontext=u:r:priv_app:s0:c512,c768 tcontext=u:object_r:proc_modules:s0 tclass=file permissive=0
12-14 00:19:47.568 D/LT_ClntIntrcptrFctryV12( 2106): Spatula header: CjYKFmNvbS5nb29nbGUuYW5kcm9pZC5nbXMaHE9KR0tSVDBIR1pOVStMR2E4RjdHVml6dFY0Zz0YlJmykoOq9PE+
12-14 00:19:47.609 I/System.out( 3726): Calabash did not load Mono. This is only a problem if you are trying to test a Mono application
12-14 00:19:47.611 I/BackupAndSyncValidation( 2106): Scheduling the service.
12-14 00:19:47.624 W/SystemServiceRegistry( 3629): No service published for: persistent_data_block
12-14 00:19:47.626 I/System.out( 3726): External cache dir: /storage/emulated/0/Android/data/com.evancharlton.mileage/cache
12-14 00:19:47.631 I/System.out( 3726): Deleting external cache dir...
12-14 00:19:47.638 I/System.out( 3726): Deleting: /storage/emulated/0/Android/data/com.evancharlton.mileage/cache
12-14 00:19:47.638 I/System.out( 3726): Cache dir: /data/user/0/com.evancharlton.mileage/cache
12-14 00:19:47.638 I/System.out( 3726): Deleting cache dir...
12-14 00:19:47.638 I/System.out( 3726): Deleting: /data/user/0/com.evancharlton.mileage/cache
12-14 00:19:47.647 W/MDM     ( 2106): [146] ahvm.d: FMD does not own an admin that uses USES_POLICY_DISABLE_KEYGUARD_FEATURES
12-14 00:19:47.650 I/System.out( 3726): External files dir: /storage/emulated/0/Android/data/com.evancharlton.mileage/files
12-14 00:19:47.669 I/System.out( 3726): Deleting external files dir...
12-14 00:19:47.684 I/System.out( 3726): Deleting: /storage/emulated/0/Android/data/com.evancharlton.mileage/files
12-14 00:19:47.684 I/System.out( 3726): Files dir: /data/user/0/com.evancharlton.mileage/files
12-14 00:19:47.685 I/System.out( 3726): Deleting files dir...
12-14 00:19:47.685 I/System.out( 3726): Deleting: /data/user/0/com.evancharlton.mileage/files
12-14 00:19:47.686 I/System.out( 3726): Data dir: /data/user/0/com.evancharlton.mileage
12-14 00:19:47.687 I/System.out( 3726): Deleting: /data/user/0/com.evancharlton.mileage/code_cache
12-14 00:19:47.697 I/aqlk    ( 1936): updateFromConfigurations using legacy put method [CONTEXT service_id=204 ]
12-14 00:19:47.724 W/System  ( 1626): ClassLoader referenced unknown path: 
12-14 00:19:47.763 I/LT_PhenotypeApiImplV12( 2106): Phenotype registration succeeded
12-14 00:19:47.790 I/keystore( 1480): del USRPKEY_unstable.c7202ece89390c490b1b94d5b71225e1.2500672101205866817 10011
12-14 00:19:47.794 I/zygote  ( 3747): Not late-enabling -Xcheck:jni (already on)
12-14 00:19:47.797 I/keystore( 1480): del USRSKEY_unstable.c7202ece89390c490b1b94d5b71225e1.2500672101205866817 10011
12-14 00:19:47.798 I/keystore( 1480): del USRCERT_unstable.c7202ece89390c490b1b94d5b71225e1.2500672101205866817 10011
12-14 00:19:47.798 D/gralloc_ranchu( 1395): gralloc_alloc: Creating ashmem region of size 8298496
12-14 00:19:47.798 I/keystore( 1480): del CACERT_unstable.c7202ece89390c490b1b94d5b71225e1.2500672101205866817 10011
12-14 00:19:47.890 I/aqlk    ( 1936): updateFromConfigurations using legacy put method [CONTEXT service_id=204 ]
12-14 00:19:47.906 D/        ( 1626): HostConnection::get() New Host Connection established 0x92a6bd40, tid 1672
12-14 00:19:47.942 I/zygote  ( 1936): Do full code cache collection, code=502KB, data=332KB
12-14 00:19:47.943 I/zygote  ( 1936): After code cache collection, code=474KB, data=284KB
12-14 00:19:47.948 E/ContentStoreEUAS( 2212): Failed to commit the deferred actions
12-14 00:19:47.949 W/zygote  ( 3747): Unexpected CPU variant for X86 using defaults: x86
12-14 00:19:48.006 I/Pay     ( 2106): Requested check of feature migrations. [CONTEXT service_id=198 ]
12-14 00:19:48.036 W/zygote  ( 3747): Found duplicate classes, falling back to extracting from APK : /data/app/com.evancharlton.mileage.test-uB8ZrpvRztDyaDHsMTe79Q==/base.apk
12-14 00:19:48.036 W/zygote  ( 3747): NOTE: This wastes RAM and hurts startup performance.
12-14 00:19:48.036 W/zygote  ( 3747): Found duplicated class when checking oat files: 'Ljunit/runner/BaseTestRunner;' in /data/app/com.evancharlton.mileage.test-uB8ZrpvRztDyaDHsMTe79Q==/base.apk and /system/framework/android.test.runner.jar
12-14 00:19:48.036 W/zygote  ( 3747): 
12-14 00:19:48.063 D/EGL_emulation( 2212): eglMakeCurrent: 0xa4e059c0: ver 3 0 (tinfo 0xa4e03700)
12-14 00:19:48.071 D/EGL_emulation( 2178): eglMakeCurrent: 0xa247d3e0: ver 3 0 (tinfo 0xa247f8f0)
12-14 00:19:48.089 I/PeopleInitIntentOp( 2106): Not initializing debuggability [CONTEXT service_id=5 ]
12-14 00:19:48.124 I/GAv4-SVC( 2106): Google Analytics 204.7.13 is starting up.
12-14 00:19:48.126 I/TelephonySpamInit( 2106): On boot completed TelephonySpam module initialized [CONTEXT service_id=150 ]
12-14 00:19:48.127 I/TelephonySpamInit( 2106): onModuleUpdated TelephonySpam module initialized [CONTEXT service_id=150 ]
12-14 00:19:48.136 I/SpamListSync( 2106): scheduleSyncTasks [CONTEXT service_id=150 ]
12-14 00:19:48.136 I/SpamListSync( 2106): schedulePeriodicTask [CONTEXT service_id=150 ]
12-14 00:19:48.147 D/        ( 3629): HostConnection::get() New Host Connection established 0x8df64440, tid 3640
12-14 00:19:48.158 I/System.out( 3747): Failure file: /data/user/0/com.evancharlton.mileage.test/files/calabash_failure.out
12-14 00:19:48.158 I/System.out( 3747): Finished file: /data/user/0/com.evancharlton.mileage.test/files/calabash_finished.out
12-14 00:19:48.160 D/EGL_emulation( 3629): eglCreateContext: 0x8df14ea0: maj 3 min 0 rcv 3
12-14 00:19:48.162 I/System.out( 3747): method: report-finished
12-14 00:19:48.162 I/System.out( 3747): Finished state: SUCCESSFUL
12-14 00:19:48.165 D/EGL_emulation( 3629): eglMakeCurrent: 0x8df14ea0: ver 3 0 (tinfo 0xa4e2b6f0)
12-14 00:19:48.165 E/eglCodecCommon( 3629): glUtilsParamSize: unknow param 0x00008cdf
12-14 00:19:48.165 E/eglCodecCommon( 3629): glUtilsParamSize: unknow param 0x00008cdf
12-14 00:19:48.165 E/eglCodecCommon( 3629): glUtilsParamSize: unknow param 0x00008824
12-14 00:19:48.165 E/eglCodecCommon( 3629): glUtilsParamSize: unknow param 0x00008824
12-14 00:19:48.182 W/ResourceType( 2106): ResTable_typeSpec entry count inconsistent: given 67, previously 69
12-14 00:19:48.182 W/ResourceType( 2106): ResTable_typeSpec entry count inconsistent: given 5411, previously 5412
12-14 00:19:48.204 I/SubscribedFeeds( 2106): Collected 5 certs in 15ms [CONTEXT service_id=250 ]
12-14 00:19:48.205 I/ExposureNotification( 1936): User turn off scanning. [CONTEXT service_id=236 ]
12-14 00:19:48.205 I/ExposureNotification( 1936): Not scanning! [CONTEXT service_id=236 ]
12-14 00:19:48.213 I/zygote  ( 2212): Do partial code cache collection, code=112KB, data=101KB
12-14 00:19:48.213 I/zygote  ( 2212): After code cache collection, code=101KB, data=95KB
12-14 00:19:48.213 I/zygote  ( 2212): Increasing code cache capacity to 512KB
12-14 00:19:48.229 W/ExposureNotification( 1936): stopTracing called but Scanner failed to stop! [CONTEXT service_id=236 ]
12-14 00:19:48.237 I/Thunderbird( 1936): starting outgoing sms listener [CONTEXT service_id=226 ]
12-14 00:19:48.241 I/ExposureNotification( 1936): No active clients [CONTEXT service_id=236 ]
12-14 00:19:48.270 I/zygote  ( 1936): Background concurrent copying GC freed 104722(6MB) AllocSpace objects, 61(2MB) LOS objects, 48% free, 6MB/12MB, paused 491us total 124.785ms
12-14 00:19:48.162 W/IntentService[D( 3629): type=1400 audit(0.0:19): avc: denied { read } for name="modules" dev="proc" ino=4026532034 scontext=u:r:priv_app:s0:c512,c768 tcontext=u:object_r:proc_modules:s0 tclass=file permissive=0
12-14 00:19:48.288 I/SpamListSync( 2106): scheduleOneTimeTask [CONTEXT service_id=150 ]
12-14 00:19:48.299 D/gralloc_ranchu( 1395): gralloc_alloc: Creating ashmem region of size 8298496
12-14 00:19:48.333 D/gralloc_ranchu( 1395): gralloc_alloc: Creating ashmem region of size 8298496
12-14 00:19:48.346 I/zygote  ( 2106): Background concurrent copying GC freed 25574(1967KB) AllocSpace objects, 24(484KB) LOS objects, 44% free, 7MB/13MB, paused 21.100ms total 656.174ms
12-14 00:19:48.379 D/gralloc_ranchu( 1395): gralloc_alloc: Creating ashmem region of size 8298496
12-14 00:19:48.468 D/gralloc_ranchu( 1395): gralloc_alloc: Creating ashmem region of size 8298496
12-14 00:19:48.474 D/EGL_emulation( 3629): eglCreateContext: 0x8df15260: maj 3 min 0 rcv 3
12-14 00:19:48.502 V/NFC     ( 1936): this device does not have NFC support
12-14 00:19:48.554 W/TapAndPay( 1936): Failed to get CardEmulation instance. [CONTEXT service_id=79 ]
12-14 00:19:48.554 W/TapAndPay( 1936): java.lang.NullPointerException: NfcAdapter is null
12-14 00:19:48.554 W/TapAndPay( 1936): 	at android.nfc.cardemulation.CardEmulation.getInstance(CardEmulation.java:146)
12-14 00:19:48.554 W/TapAndPay( 1936): 	at avux.f(:com.google.android.gms@204713022@20.47.13 (040700-344095733):0)
12-14 00:19:48.554 W/TapAndPay( 1936): 	at avux.c(:com.google.android.gms@204713022@20.47.13 (040700-344095733):1)
12-14 00:19:48.554 W/TapAndPay( 1936): 	at awbk.f(:com.google.android.gms@204713022@20.47.13 (040700-344095733):3)
12-14 00:19:48.554 W/TapAndPay( 1936): 	at awbk.e(:com.google.android.gms@204713022@20.47.13 (040700-344095733):2)
12-14 00:19:48.554 W/TapAndPay( 1936): 	at awbk.a(:com.google.android.gms@204713022@20.47.13 (040700-344095733):10)
12-14 00:19:48.554 W/TapAndPay( 1936): 	at com.google.android.gms.tapandpay.init.TapAndPayInitIntentOperation.onHandleIntent(:com.google.android.gms@204713022@20.47.13 (040700-344095733):3)
12-14 00:19:48.554 W/TapAndPay( 1936): 	at com.google.android.chimera.IntentOperation.onHandleIntent(:com.google.android.gms@204713022@20.47.13 (040700-344095733):2)
12-14 00:19:48.554 W/TapAndPay( 1936): 	at rfm.onHandleIntent(:com.google.android.gms@204713022@20.47.13 (040700-344095733):6)
12-14 00:19:48.554 W/TapAndPay( 1936): 	at cyr.run(:com.google.android.gms@204713022@20.47.13 (040700-344095733):4)
12-14 00:19:48.554 W/TapAndPay( 1936): 	at cyq.run(:com.google.android.gms@204713022@20.47.13 (040700-344095733):11)
12-14 00:19:48.554 W/TapAndPay( 1936): 	at bpsz.run(:com.google.android.gms@204713022@20.47.13 (040700-344095733):2)
12-14 00:19:48.554 W/TapAndPay( 1936): 	at java.util.concurrent.ThreadPoolExecutor.runWorker(ThreadPoolExecutor.java:1162)
12-14 00:19:48.554 W/TapAndPay( 1936): 	at java.util.concurrent.ThreadPoolExecutor$Worker.run(ThreadPoolExecutor.java:636)
12-14 00:19:48.554 W/TapAndPay( 1936): 	at java.lang.Thread.run(Thread.java:764)
12-14 00:19:48.569 E/hw-IPCThreadState( 1395): binder thread pool (1 threads) starved for 101 ms
12-14 00:19:48.569 D/gralloc_ranchu( 1395): gralloc_alloc: Creating ashmem region of size 8298496
12-14 00:19:48.572 D/EGL_emulation( 3629): eglMakeCurrent: 0x8df15260: ver 3 0 (tinfo 0xa4e2b6f0)
12-14 00:19:48.576 E/eglCodecCommon( 3629): glUtilsParamSize: unknow param 0x00008cdf
12-14 00:19:48.576 E/eglCodecCommon( 3629): glUtilsParamSize: unknow param 0x00008cdf
12-14 00:19:48.577 E/eglCodecCommon( 3629): glUtilsParamSize: unknow param 0x00008824
12-14 00:19:48.577 E/eglCodecCommon( 3629): glUtilsParamSize: unknow param 0x00008824
12-14 00:19:48.613 D/BoundBrokerSvc( 1936): onUnbind: Intent { act=com.google.android.gms.icing.LIGHTWEIGHT_INDEX_SERVICE pkg=com.google.android.gms }
12-14 00:19:48.614 I/ExposureNotification( 1936): ENInternalService.onDestroy, com.google.android.gms.nearby.exposurenotification.service.ExposureNotificationInternalChimeraService@11e577b [CONTEXT service_id=236 ]
12-14 00:19:48.660 D/gralloc_ranchu( 1395): gralloc_alloc: Creating ashmem region of size 8298496
12-14 00:19:48.660 E/IPCThreadState( 1413): binder thread pool (4 threads) starved for 358 ms
12-14 00:19:48.678 I/Vision  ( 2106): Supported ABIS: [x86]
12-14 00:19:48.719 I/Wear_Controller( 2106): Wearable module requires a companion app to be installed.
12-14 00:19:48.719 I/Wear_Controller( 2106): onStartup - Wear is not available on this device.
12-14 00:19:48.782 D/EGL_emulation( 2212): eglMakeCurrent: 0xa4e059c0: ver 3 0 (tinfo 0xa4e03700)
12-14 00:19:48.827 D/EGL_emulation( 2178): eglMakeCurrent: 0xa247d3e0: ver 3 0 (tinfo 0xa247f8f0)
12-14 00:19:48.853 I/zygote  ( 2178): Deoptimizing int android.support.v4.a.k.aqf(java.lang.Object) due to JIT inline cache
12-14 00:19:48.862 I/TapAndPay( 1936): getInstance: new instance created [CONTEXT service_id=79 ]
12-14 00:19:48.867 I/MicroDetectionWorker( 2212): #updateMicroDetector [detectionMode: [mDetectionMode: [1]]]
12-14 00:19:48.867 I/MicroDetectionWorker( 2212): #startMicroDetector [speakerMode: 0]
12-14 00:19:48.867 I/AudioController( 2212): Using mInputStreamFactoryBuilder
12-14 00:19:48.869 I/MicroDetectionWorker( 2212): onReady
12-14 00:19:48.875 I/MicroRecognitionRunner( 2212): Starting detection.
12-14 00:19:48.875 I/MicrophoneInputStream( 2212): mic_starting com.google.android.apps.gsa.staticplugins.aa.c@3103d72
12-14 00:19:48.901 I/AudioFlinger( 1476): AudioFlinger's thread 0xa5703040 tid=3790 ready to run
12-14 00:19:48.907 I/MicrophoneInputStream( 2212): mic_started com.google.android.apps.gsa.staticplugins.aa.c@3103d72
12-14 00:19:48.907 D/        ( 3629): HostConnection::get() New Host Connection established 0x8df64240, tid 3703
12-14 00:19:48.912 I/MicroDetectionWorker( 2212): onReady
12-14 00:19:48.919 I/MicrophoneInputStream( 2212): mic_close com.google.android.apps.gsa.staticplugins.aa.c@3103d72
12-14 00:19:48.923 D/EGL_emulation( 3629): eglCreateContext: 0x8df15140: maj 3 min 0 rcv 3
12-14 00:19:48.924 I/MicroRecognitionRunner( 2212): Detection finished
12-14 00:19:48.925 W/ErrorReporter( 2212): reportError [type: 211, code: 524300]: Error reading from input stream
12-14 00:19:48.926 I/MicroRecognitionRunner( 2212): Stopping hotword detection.
12-14 00:19:48.928 I/TapAndPay( 1936): Maintaining payment bundles [CONTEXT service_id=79 ]
12-14 00:19:48.933 D/EGL_emulation( 3629): eglMakeCurrent: 0x8df15140: ver 3 0 (tinfo 0xa4e03620)
12-14 00:19:48.934 E/eglCodecCommon( 3629): glUtilsParamSize: unknow param 0x00008cdf
12-14 00:19:48.934 E/eglCodecCommon( 3629): glUtilsParamSize: unknow param 0x00008cdf
12-14 00:19:48.934 E/eglCodecCommon( 3629): glUtilsParamSize: unknow param 0x00008824
12-14 00:19:48.934 E/eglCodecCommon( 3629): glUtilsParamSize: unknow param 0x00008824
12-14 00:19:48.948 W/ErrorProcessor( 2212): onFatalError, processing error from engine(4)
12-14 00:19:48.948 W/ErrorProcessor( 2212): com.google.android.apps.gsa.shared.speech.b.g: Error reading from input stream
12-14 00:19:48.948 W/ErrorProcessor( 2212): 	at com.google.android.apps.gsa.staticplugins.recognizer.j.a.a(SourceFile:28)
12-14 00:19:48.948 W/ErrorProcessor( 2212): 	at com.google.android.apps.gsa.staticplugins.recognizer.j.b.run(SourceFile:15)
12-14 00:19:48.948 W/ErrorProcessor( 2212): 	at java.util.concurrent.Executors$RunnableAdapter.call(Executors.java:457)
12-14 00:19:48.948 W/ErrorProcessor( 2212): 	at java.util.concurrent.FutureTask.run(FutureTask.java:266)
12-14 00:19:48.948 W/ErrorProcessor( 2212): 	at com.google.android.apps.gsa.shared.util.concurrent.a.ax.run(SourceFile:14)
12-14 00:19:48.948 W/ErrorProcessor( 2212): 	at com.google.android.apps.gsa.shared.util.concurrent.a.bl.run(SourceFile:4)
12-14 00:19:48.948 W/ErrorProcessor( 2212): 	at com.google.android.apps.gsa.shared.util.concurrent.a.bl.run(SourceFile:4)
12-14 00:19:48.948 W/ErrorProcessor( 2212): 	at java.util.concurrent.ThreadPoolExecutor.runWorker(ThreadPoolExecutor.java:1162)
12-14 00:19:48.948 W/ErrorProcessor( 2212): 	at java.util.concurrent.ThreadPoolExecutor$Worker.run(ThreadPoolExecutor.java:636)
12-14 00:19:48.948 W/ErrorProcessor( 2212): 	at java.lang.Thread.run(Thread.java:764)
12-14 00:19:48.948 W/ErrorProcessor( 2212): 	at com.google.android.apps.gsa.shared.util.concurrent.a.ai.run(SourceFile:6)
12-14 00:19:48.948 W/ErrorProcessor( 2212): Caused by: com.google.android.apps.gsa.shared.exception.GsaIOException: Error code: 393238 | Buffer overflow, no available space.
12-14 00:19:48.948 W/ErrorProcessor( 2212): 	at com.google.android.apps.gsa.speech.audio.Tee.f(SourceFile:103)
12-14 00:19:48.948 W/ErrorProcessor( 2212): 	at com.google.android.apps.gsa.speech.audio.au.read(SourceFile:2)
12-14 00:19:48.948 W/ErrorProcessor( 2212): 	at java.io.InputStream.read(InputStream.java:101)
12-14 00:19:48.948 W/ErrorProcessor( 2212): 	at com.google.android.apps.gsa.speech.audio.ao.run(SourceFile:18)
12-14 00:19:48.948 W/ErrorProcessor( 2212): 	at com.google.android.apps.gsa.speech.audio.an.run(SourceFile:2)
12-14 00:19:48.948 W/ErrorProcessor( 2212): 	... 9 more
12-14 00:19:48.948 I/AudioController( 2212): internalShutdown
12-14 00:19:48.954 W/TapAndPay( 1936): Failed to get CardEmulation instance. [CONTEXT service_id=79 ]
12-14 00:19:48.954 W/TapAndPay( 1936): java.lang.NullPointerException: NfcAdapter is null
12-14 00:19:48.954 W/TapAndPay( 1936): 	at android.nfc.cardemulation.CardEmulation.getInstance(CardEmulation.java:146)
12-14 00:19:48.954 W/TapAndPay( 1936): 	at avux.f(:com.google.android.gms@204713022@20.47.13 (040700-344095733):0)
12-14 00:19:48.954 W/TapAndPay( 1936): 	at avux.c(:com.google.android.gms@204713022@20.47.13 (040700-344095733):1)
12-14 00:19:48.954 W/TapAndPay( 1936): 	at awic.b(:com.google.android.gms@204713022@20.47.13 (040700-344095733):205)
12-14 00:19:48.954 W/TapAndPay( 1936): 	at com.google.android.gms.tapandpay.paymentbundle.PaymentBundleIntentOperation.a(:com.google.android.gms@204713022@20.47.13 (040700-344095733):2)
12-14 00:19:48.954 W/TapAndPay( 1936): 	at avpp.onHandleIntent(:com.google.android.gms@204713022@20.47.13 (040700-344095733):2)
12-14 00:19:48.954 W/TapAndPay( 1936): 	at com.google.android.chimera.IntentOperation.onHandleIntent(:com.google.android.gms@204713022@20.47.13 (040700-344095733):2)
12-14 00:19:48.954 W/TapAndPay( 1936): 	at rfm.onHandleIntent(:com.google.android.gms@204713022@20.47.13 (040700-344095733):6)
12-14 00:19:48.954 W/TapAndPay( 1936): 	at cyr.run(:com.google.android.gms@204713022@20.47.13 (040700-344095733):4)
12-14 00:19:48.954 W/TapAndPay( 1936): 	at cyq.run(:com.google.android.gms@204713022@20.47.13 (040700-344095733):11)
12-14 00:19:48.954 W/TapAndPay( 1936): 	at bpsz.run(:com.google.android.gms@204713022@20.47.13 (040700-344095733):2)
12-14 00:19:48.954 W/TapAndPay( 1936): 	at java.util.concurrent.ThreadPoolExecutor.runWorker(ThreadPoolExecutor.java:1162)
12-14 00:19:48.954 W/TapAndPay( 1936): 	at java.util.concurrent.ThreadPoolExecutor$Worker.run(ThreadPoolExecutor.java:636)
12-14 00:19:48.954 W/TapAndPay( 1936): 	at java.lang.Thread.run(Thread.java:764)
12-14 00:19:48.955 I/TapAndPay( 1936): Finished maintaining payment bundles [CONTEXT service_id=79 ]
12-14 00:19:48.980 I/MicroDetector( 2212): Keeping mic open: false
12-14 00:19:48.980 I/DeviceStateChecker( 2212): DeviceStateChecker cancelled
12-14 00:19:48.980 I/MicroDetectionWorker( 2212): #onError(false)
12-14 00:19:49.016 W/zygote  ( 3794): Unexpected CPU variant for X86 using defaults: x86
12-14 00:19:49.034 E/memtrack( 1626): Couldn't load memtrack module
12-14 00:19:49.034 W/android.os.Debug( 1626): failed to get memory consumption info: -1
12-14 00:19:49.065 D/EGL_emulation( 3629): eglCreateContext: 0x8df152c0: maj 3 min 0 rcv 3
12-14 00:19:49.068 D/EGL_emulation( 3629): eglMakeCurrent: 0x8df152c0: ver 3 0 (tinfo 0xa4e03620)
12-14 00:19:49.068 E/eglCodecCommon( 3629): glUtilsParamSize: unknow param 0x00008cdf
12-14 00:19:49.068 E/eglCodecCommon( 3629): glUtilsParamSize: unknow param 0x00008cdf
12-14 00:19:49.069 E/eglCodecCommon( 3629): glUtilsParamSize: unknow param 0x00008824
12-14 00:19:49.069 E/eglCodecCommon( 3629): glUtilsParamSize: unknow param 0x00008824
12-14 00:19:49.073 W/ResourceType( 3794): ResTable_typeSpec entry count inconsistent: given 67, previously 69
12-14 00:19:49.073 W/ResourceType( 3794): ResTable_typeSpec entry count inconsistent: given 5411, previously 5412
12-14 00:19:49.081 I/Checkin ( 2106): [CheckinOperation] Starting Checkin: Default Task Reason : 1 Force : false UserId : 0 Start time : 47279
12-14 00:19:49.115 I/CheckinUtil( 2106): Classify the device as Phone. [CONTEXT service_id=130 ]
12-14 00:19:49.125 I/zygote  ( 2106): Deoptimizing bsbk brqx.D(int) due to JIT inline cache
12-14 00:19:49.201 W/ProviderHelper( 3794): Unknown dynamite feature providerinstaller.dynamite
12-14 00:19:49.202 I/DynamiteModule( 3794): Considering local module com.google.android.gms.providerinstaller.dynamite:1 and remote module com.google.android.gms.providerinstaller.dynamite:0
12-14 00:19:49.202 I/DynamiteModule( 3794): Selected local version of com.google.android.gms.providerinstaller.dynamite
12-14 00:19:49.218 V/NativeCrypto( 3794): Registering com/google/android/gms/org/conscrypt/NativeCrypto's 286 native methods...
12-14 00:19:49.237 D/NetworkSecurityConfig( 3794): Using Network Security Config from resource network_security_config debugBuild: false
12-14 00:19:49.238 D/BoundBrokerSvc( 2106): onUnbind: Intent { act=com.google.android.gms.cast.firstparty.START cmp=com.google.android.gms/.chimera.GmsBoundBrokerService }
12-14 00:19:49.248 I/ProviderInstaller( 3794): Installed default security provider GmsCore_OpenSSL
12-14 00:19:49.251 I/Safeboot( 3794): Checking safeboot...
12-14 00:19:49.251 I/Safeboot( 3794): Not entering safeboot; wrong process.
12-14 00:19:49.259 W/SystemServiceRegistry( 3629): No service published for: persistent_data_block
12-14 00:19:49.261 W/OpenGLRenderer( 2178): Incorrectly called buildLayer on View: ShortcutAndWidgetContainer, destroying layer...
12-14 00:19:49.325 I/GCoreUlr( 1936): DispatchingService ignoring Intent { act=android.net.wifi.WIFI_STATE_CHANGED flg=0x4000010 (has extras) } because ULR inactive
12-14 00:19:49.342 I/GMS_MM_Logger( 3794): Started.
12-14 00:19:49.343 I/bgwx    ( 3794): Primes not initialized, returning default (no-op) Primes instance which will ignore all calls. Please call Primes.initialize(...) before using any Primes API.
12-14 00:19:49.355 I/Checkin ( 2106): [AndroidCheckinProtoModule] Checkin reason type: 1 attempt count: 1.
12-14 00:19:49.408 I/GCoreUlr( 1936): WorldUpdater received intent Intent { act=com.google.android.location.reporting.ACTION_UPDATE_WORLD cmp=com.google.android.gms/com.google.android.location.reporting.service.DispatchingService (has extras) } with receiverAction init
12-14 00:19:49.603 I/zygote  ( 1936): Deoptimizing void ccyq.n(java.lang.Iterable, java.util.List) due to JIT inline cache
12-14 00:19:49.604 I/GCoreUlr( 1936): WorldUpdater:init: Ensuring that reporting is stopped because of reasons: (no Google accounts)
12-14 00:19:49.618 I/GCoreUlr( 1936): Unbound from all signal providers.
12-14 00:19:49.653 D/BoundBrokerSvc( 1936): onBind: Intent { act=com.google.android.gms.pseudonymous.service.START cmp=com.google.android.gms/.chimera.PersistentApiService }
12-14 00:19:49.653 D/BoundBrokerSvc( 1936): Loading bound service for intent: Intent { act=com.google.android.gms.pseudonymous.service.START cmp=com.google.android.gms/.chimera.PersistentApiService }
12-14 00:19:49.661 I/GCoreUlr( 1936): Unbound from all signal providers.
12-14 00:19:49.661 I/GCoreUlr( 1936): Stopping handler for UlrDispSvcFast
12-14 00:19:49.944 D/WificondControl( 1626): Scan result ready event
12-14 00:19:50.811 I/zygote  ( 1936): Do partial code cache collection, code=487KB, data=303KB
12-14 00:19:50.812 I/zygote  ( 1936): After code cache collection, code=484KB, data=301KB
12-14 00:19:50.812 I/zygote  ( 1936): Increasing code cache capacity to 2MB
12-14 00:19:52.348 D/BoundBrokerSvc( 2106): onUnbind: Intent { act=com.google.android.gms.checkin.START pkg=com.google.android.gms }
12-14 00:19:52.465 D/BoundBrokerSvc( 1936): onUnbind: Intent { act=com.google.android.gms.usagereporting.service.START pkg=com.google.android.gms }
--------- beginning of system
12-14 00:19:52.530 E/BatteryStatsService( 1626): modem info is invalid: ModemActivityInfo{ mTimestamp=0 mSleepTimeMs=0 mIdleTimeMs=0 mTxTimeMs[]=[0, 0, 0, 0, 0] mRxTimeMs=0 mEnergyUsed=0}
12-14 00:19:52.533 W/ProviderHelper( 2106): Unknown dynamite feature providerinstaller.dynamite
12-14 00:19:52.534 I/DynamiteModule( 2106): Considering local module com.google.android.gms.providerinstaller.dynamite:1 and remote module com.google.android.gms.providerinstaller.dynamite:0
12-14 00:19:52.534 I/DynamiteModule( 2106): Selected local version of com.google.android.gms.providerinstaller.dynamite
12-14 00:19:52.539 W/Conscrypt( 2106): Could not set socket write timeout: java.net.SocketException: Socket closed
12-14 00:19:52.539 W/Conscrypt( 2106): 	at com.google.android.gms.org.conscrypt.Platform.setSocketWriteTimeout(:com.google.android.gms@204713022@20.47.13 (040700-344095733):2)
12-14 00:19:52.539 W/Conscrypt( 2106): 	at com.google.android.gms.org.conscrypt.ConscryptFileDescriptorSocket.setSoWriteTimeout(:com.google.android.gms@204713022@20.47.13 (040700-344095733):0)
12-14 00:19:52.571 D/BoundBrokerSvc( 2106): onUnbind: Intent { act=com.google.android.gms.auth.service.START pkg=com.google.android.gms }
12-14 00:19:52.642 W/Conscrypt( 2106): Could not set socket write timeout: java.net.SocketException: Socket closed
12-14 00:19:52.642 W/Conscrypt( 2106): 	at com.google.android.gms.org.conscrypt.Platform.setSocketWriteTimeout(:com.google.android.gms@204713022@20.47.13 (040700-344095733):2)
12-14 00:19:52.642 W/Conscrypt( 2106): 	at com.google.android.gms.org.conscrypt.ConscryptFileDescriptorSocket.setSoWriteTimeout(:com.google.android.gms@204713022@20.47.13 (040700-344095733):0)
12-14 00:19:52.728 D/AndroidRuntime( 3834): >>>>>> START com.android.internal.os.RuntimeInit uid 2000 <<<<<<
12-14 00:19:52.761 W/app_process( 3834): Unexpected CPU variant for X86 using defaults: x86
12-14 00:19:52.781 D/AndroidRuntime( 3834): Calling main entry com.android.commands.am.Am
12-14 00:19:52.782 I/ActivityManager( 1626): Force stopping com.evancharlton.mileage appid=10218 user=0: start instr
12-14 00:19:52.782 I/ActivityManager( 1626): Killing 3726:com.evancharlton.mileage/u0a218 (adj 0): stop com.evancharlton.mileage
12-14 00:19:52.783 W/ActivityManager( 1626): Crash of app com.evancharlton.mileage running instrumentation ComponentInfo{com.evancharlton.mileage.test/sh.calaba.instrumentationbackend.ClearAppData2}
12-14 00:19:52.783 I/ActivityManager( 1626): Force stopping com.evancharlton.mileage appid=10218 user=0: finished inst
12-14 00:19:52.798 I/zygote  ( 3845): Not late-enabling -Xcheck:jni (already on)
12-14 00:19:52.799 I/ActivityManager( 1626): Start proc 3845:com.evancharlton.mileage/u0a218 for added application com.evancharlton.mileage
12-14 00:19:52.803 D/AndroidRuntime( 3834): Shutting down VM
12-14 00:19:52.809 W/zygote  ( 3845): Unexpected CPU variant for X86 using defaults: x86
12-14 00:19:52.830 W/zygote  ( 3845): Found duplicate classes, falling back to extracting from APK : /data/app/com.evancharlton.mileage.test-uB8ZrpvRztDyaDHsMTe79Q==/base.apk
12-14 00:19:52.830 W/zygote  ( 3845): NOTE: This wastes RAM and hurts startup performance.
12-14 00:19:52.830 W/zygote  ( 3845): Found duplicated class when checking oat files: 'Ljunit/runner/BaseTestRunner;' in /data/app/com.evancharlton.mileage.test-uB8ZrpvRztDyaDHsMTe79Q==/base.apk and /system/framework/android.test.runner.jar
12-14 00:19:52.830 W/zygote  ( 3845): 
12-14 00:19:52.841 E/adbd    ( 1367): failed to connect to socket 'tcp:7102': Connection refused
12-14 00:19:52.852 E/adbd    ( 1367): failed to connect to socket 'tcp:7102': Connection refused
12-14 00:19:52.864 I/Checkin ( 2106): [CheckinRequestProcessor] updateCheckinIdTokenFileFromResponse, Reading existing AID
12-14 00:19:52.868 W/System  ( 3845): ClassLoader referenced unknown path: 
12-14 00:19:52.875 I/Checkin ( 2106): [CheckinRequestProcessor] Default Task : Checkin Succeeded: https://android.googleapis.com/checkin (fragment #1).
12-14 00:19:52.890 I/System.out( 3845): Main activity name automatically set to: com.evancharlton.mileage.Mileage
12-14 00:19:52.891 I/System.out( 3845): Calabash did not load Mono. This is only a problem if you are trying to test a Mono application
12-14 00:19:52.892 I/calabash( 3845): Test server port: 7102
12-14 00:19:52.894 I/InstrumentationBackend( 3845): Added:'GetPreferences', with key:'get_preferences'
12-14 00:19:52.900 I/Checkin ( 2106): [CheckinOperation] Checkin Operation finished with result: 0 finish time: 51098.
12-14 00:19:52.954 I/ActivityManager( 1626): Killing 3223:com.android.settings/1000 (adj 906): empty #17
12-14 00:19:52.962 E/adbd    ( 1367): failed to connect to socket 'tcp:7102': Connection refused
12-14 00:19:52.965 E/adbd    ( 1367): failed to connect to socket 'tcp:7102': Connection refused
12-14 00:19:52.965 I/InstrumentationBackend( 3845): Added:'SetPreferences', with key:'set_preferences'
12-14 00:19:52.966 I/InstrumentationBackend( 3845): Added:'ClearPreferences', with key:'clear_preferences'
12-14 00:19:52.966 I/InstrumentationBackend( 3845): Added:'PressElement', with key:'press_l10n_element'
12-14 00:19:52.966 I/InstrumentationBackend( 3845): Added:'WaitForElement', with key:'wait_for_l10n_element'
12-14 00:19:52.967 I/InstrumentationBackend( 3845): Added:'NullAction', with key:'nullAction'
12-14 00:19:52.967 I/InstrumentationBackend( 3845): Added:'PressKey', with key:'press_key'
12-14 00:19:52.968 I/InstrumentationBackend( 3845): Added:'SetActivityOrientation', with key:'set_activity_orientation'
12-14 00:19:52.968 I/InstrumentationBackend( 3845): Added:'GetActivityOrientation', with key:'get_activity_orientation'
12-14 00:19:52.968 I/InstrumentationBackend( 3845): Added:'FakeGPSLocation', with key:'set_gps_coordinates'
12-14 00:19:52.969 I/InstrumentationBackend( 3845): Added:'SetPropertyByCssSelector', with key:'set_property_by_css_selector'
12-14 00:19:52.970 I/InstrumentationBackend( 3845): Added:'GetUrl', with key:'get_url'
12-14 00:19:52.972 I/InstrumentationBackend( 3845): Added:'ScrollTo', with key:'scroll_to'
12-14 00:19:52.973 I/InstrumentationBackend( 3845): Added:'GetLoadProgress', with key:'get_load_progress'
12-14 00:19:52.973 I/InstrumentationBackend( 3845): Added:'DumpHtml', with key:'dump_html'
12-14 00:19:52.973 I/InstrumentationBackend( 3845): Added:'DumpBodyHtml', with key:'dump_body_html'
12-14 00:19:52.974 I/InstrumentationBackend( 3845): Added:'EnterTextByCssSelector', with key:'enter_text_by_selector'
12-14 00:19:52.978 I/InstrumentationBackend( 3845): Added:'AndroidSDKVersion', with key:'android_sdk_version'
12-14 00:19:52.978 I/InstrumentationBackend( 3845): Added:'Version', with key:'version'
12-14 00:19:52.978 I/InstrumentationBackend( 3845): Added:'Drag', with key:'drag'
12-14 00:19:52.979 I/InstrumentationBackend( 3845): Added:'TouchCoordinates', with key:'touch_coordinate'
12-14 00:19:52.979 I/InstrumentationBackend( 3845): Added:'LongPressCoordinate', with key:'long_press_coordinate'
12-14 00:19:52.979 I/InstrumentationBackend( 3845): Added:'DragCoordinates', with key:'drag_coordinates'
12-14 00:19:52.980 I/InstrumentationBackend( 3845): Added:'ResumeApplication', with key:'resume_application'
12-14 00:19:52.980 I/InstrumentationBackend( 3845): Added:'Swipe', with key:'swipe'
12-14 00:19:52.980 I/InstrumentationBackend( 3845): Added:'DoubleTapCoordinate', with key:'double_tap_coordinate'
12-14 00:19:52.980 I/InstrumentationBackend( 3845): Added:'ClickOnScreen', with key:'click_on_screen'
12-14 00:19:52.981 I/InstrumentationBackend( 3845): Added:'GetActivityName', with key:'get_activity_name'
12-14 00:19:52.981 I/InstrumentationBackend( 3845): Added:'ScrollToView', with key:'scroll_to_view'
12-14 00:19:52.982 I/InstrumentationBackend( 3845): Added:'ViewConfiguration', with key:'view_configuration'
12-14 00:19:52.982 I/InstrumentationBackend( 3845): Added:'IsCurrentActivityFocused', with key:'is_current_activity_focused'
12-14 00:19:52.983 I/InstrumentationBackend( 3845): Added:'SendTcp', with key:'send_tcp'
12-14 00:19:52.983 I/InstrumentationBackend( 3845): Added:'DpToDevicePixel', with key:'dp_to_device_pixel'
12-14 00:19:52.987 I/InstrumentationBackend( 3845): Added:'KeyboardEnterText', with key:'keyboard_enter_text'
12-14 00:19:52.988 I/InstrumentationBackend( 3845): Added:'DeleteSurroundingText', with key:'delete_surrounding_text'
12-14 00:19:52.989 I/InstrumentationBackend( 3845): Added:'SetComposingRegion', with key:'set_composing_region'
12-14 00:19:52.989 I/InstrumentationBackend( 3845): Added:'SetSelection', with key:'set_selection'
12-14 00:19:52.989 I/InstrumentationBackend( 3845): Added:'KeyboardKeyEvent', with key:'keyboard_key_event'
12-14 00:19:52.990 I/InstrumentationBackend( 3845): Added:'PressUserActionButton', with key:'press_user_action_button'
12-14 00:19:52.991 I/InstrumentationBackend( 3845): Added:'HideSoftKeyboard', with key:'hide_soft_keyboard'
12-14 00:19:52.992 I/InstrumentationBackend( 3845): Added:'ListActions', with key:'list_actions'
12-14 00:19:52.992 I/calabash( 3845): Instantiating http server at 7102
12-14 00:19:52.993 I/System.out( 3845): HTTP Daemon listening on: 7102
12-14 00:19:53.081 I/System.out( 3845): URI: //ping
12-14 00:19:53.081 I/System.out( 3845): params: {json={}
12-14 00:19:53.081 I/System.out( 3845): }
12-14 00:19:53.084 W/NamedFutures( 2212): Timeout future task has been cancelled: 10000 milliseconds
12-14 00:19:53.088 E/SearchServiceStarter( 2212): Task 174 failed or timed out. Client 9730086805722448 disconnecting from SearchService!
12-14 00:19:53.088 E/SearchServiceStarter( 2212): java.util.concurrent.CancellationException: Task was cancelled.
12-14 00:19:53.088 E/SearchServiceStarter( 2212): 	at com.google.common.util.concurrent.d.ct(SourceFile:75)
12-14 00:19:53.088 E/SearchServiceStarter( 2212): 	at com.google.common.util.concurrent.d.get(SourceFile:57)
12-14 00:19:53.088 E/SearchServiceStarter( 2212): 	at com.google.common.util.concurrent.cg.n(SourceFile:2)
12-14 00:19:53.088 E/SearchServiceStarter( 2212): 	at com.google.common.util.concurrent.av.l(SourceFile:50)
12-14 00:19:53.088 E/SearchServiceStarter( 2212): 	at com.google.common.util.concurrent.ax.run(SourceFile:5)
12-14 00:19:53.088 E/SearchServiceStarter( 2212): 	at com.google.android.apps.gsa.shared.util.concurrent.a.bc.run(SourceFile:2)
12-14 00:19:53.088 E/SearchServiceStarter( 2212): 	at android.os.Handler.handleCallback(Handler.java:789)
12-14 00:19:53.088 E/SearchServiceStarter( 2212): 	at android.os.Handler.dispatchMessage(Handler.java:98)
12-14 00:19:53.088 E/SearchServiceStarter( 2212): 	at android.os.Looper.loop(Looper.java:164)
12-14 00:19:53.088 E/SearchServiceStarter( 2212): 	at android.app.ActivityThread.main(ActivityThread.java:6541)
12-14 00:19:53.088 E/SearchServiceStarter( 2212): 	at java.lang.reflect.Method.invoke(Native Method)
12-14 00:19:53.088 E/SearchServiceStarter( 2212): 	at com.android.internal.os.Zygote$MethodAndArgsCaller.run(Zygote.java:240)
12-14 00:19:53.088 E/SearchServiceStarter( 2212): 	at com.android.internal.os.ZygoteInit.main(ZygoteInit.java:767)
12-14 00:19:53.097 W/BroadcastQueue( 1626): Background execution not allowed: receiving Intent { act=android.intent.action.PACKAGE_ADDED dat=package:com.evancharlton.mileage flg=0x4000010 (has extras) } to com.android.vending/com.google.android.finsky.packagemanager.impl.PackageMonitorReceiverImpl$RegisteredReceiver
12-14 00:19:53.097 W/BroadcastQueue( 1626): Background execution not allowed: receiving Intent { act=android.intent.action.PACKAGE_ADDED dat=package:com.evancharlton.mileage flg=0x4000010 (has extras) } to com.google.android.gms/.games.chimera.GamesSystemBroadcastReceiverProxy
12-14 00:19:53.097 W/BroadcastQueue( 1626): Background execution not allowed: receiving Intent { act=android.intent.action.PACKAGE_ADDED dat=package:com.evancharlton.mileage flg=0x4000010 (has extras) } to com.google.android.gms/.gass.chimera.PackageChangeBroadcastReceiver
12-14 00:19:53.097 W/BroadcastQueue( 1626): Background execution not allowed: receiving Intent { act=android.intent.action.PACKAGE_ADDED dat=package:com.evancharlton.mileage flg=0x4000010 (has extras) } to com.google.android.gms/.chimera.GmsIntentOperationService$PersistentTrustedReceiver
12-14 00:19:53.097 W/BroadcastQueue( 1626): Background execution not allowed: receiving Intent { act=android.intent.action.PACKAGE_ADDED dat=package:com.evancharlton.mileage flg=0x4000010 (has extras) } to com.google.android.googlequicksearchbox/com.google.android.apps.gsa.googlequicksearchbox.GelStubAppWatcher
12-14 00:19:53.098 I/System.out( 3845): URI: //ping
12-14 00:19:53.098 I/System.out( 3845): params: {json={}
12-14 00:19:53.098 I/System.out( 3845): }
12-14 00:19:53.111 I/System.out( 3845): URI: //ready
12-14 00:19:53.111 I/System.out( 3845): params: {json={}
12-14 00:19:53.111 I/System.out( 3845): }
12-14 00:19:53.124 I/Dialer  ( 2014): VvmTaskReceiver - task received
12-14 00:19:53.124 I/Dialer  ( 2014): VvmTaskReceiver - TaskExecutor already running
12-14 00:19:53.124 I/Dialer  ( 2014): Task.createTask - create task:com.android.voicemail.impl.ActivationTask
12-14 00:19:53.124 I/Dialer  ( 2014): TaskQueue.add - duplicated task added
12-14 00:19:53.125 I/Dialer  ( 2014): VvmTaskExecutor - com.android.voicemail.impl.ActivationTask@dda986 added
12-14 00:19:53.129 W/BroadcastQueue( 1626): Background execution not allowed: receiving Intent { act=android.intent.action.PACKAGE_REMOVED dat=package:com.evancharlton.mileage.test flg=0x4000010 (has extras) } to com.android.vending/com.google.android.finsky.packagemanager.impl.PackageMonitorReceiverImpl$RegisteredReceiver
12-14 00:19:53.129 W/BroadcastQueue( 1626): Background execution not allowed: receiving Intent { act=android.intent.action.PACKAGE_REMOVED dat=package:com.evancharlton.mileage.test flg=0x4000010 (has extras) } to com.android.vending/com.google.android.finsky.instantapps.appmanagement.InstantAppRemoveMonitor
12-14 00:19:53.130 W/BroadcastQueue( 1626): Background execution not allowed: receiving Intent { act=android.intent.action.PACKAGE_REMOVED dat=package:com.evancharlton.mileage.test flg=0x4000010 (has extras) } to com.google.android.gms/.games.chimera.GamesSystemBroadcastReceiverProxy
12-14 00:19:53.130 W/BroadcastQueue( 1626): Background execution not allowed: receiving Intent { act=android.intent.action.PACKAGE_REMOVED dat=package:com.evancharlton.mileage.test flg=0x4000010 (has extras) } to com.google.android.gms/.chimera.GmsIntentOperationService$PersistentTrustedReceiver
12-14 00:19:53.130 W/BroadcastQueue( 1626): Background execution not allowed: receiving Intent { act=android.intent.action.PACKAGE_REMOVED dat=package:com.evancharlton.mileage.test flg=0x4000010 (has extras) } to com.google.android.googlequicksearchbox/com.google.android.apps.gsa.googlequicksearchbox.GelStubAppWatcher
12-14 00:19:53.133 I/System.out( 3845): URI: //
12-14 00:19:53.133 I/System.out( 3845): params: {json={"command":"version","arguments":[]}
12-14 00:19:53.133 I/System.out( 3845): }
12-14 00:19:53.133 I/System.out( 3845): header: {content-type=application/json;charset=utf-8, date=Mon, 14 Dec 2020 05:19:54 GMT, accept=*/*, host=127.0.0.1:34777, content-length=36, user-agent=HTTPClient/1.0 (2.8.3, ruby 2.5.8 (2020-03-31))}
12-14 00:19:53.134 I/System.out( 3845): params: {json={"command":"version","arguments":[]}
12-14 00:19:53.134 I/System.out( 3845): }
12-14 00:19:53.134 I/System.out( 3845): ProP json = {"command":"version","arguments":[]}
12-14 00:19:53.134 I/System.out( 3845): files: {}
12-14 00:19:53.134 I/System.out( 3845): command: {"command":"version","arguments":[]}
12-14 00:19:53.137 I/Finsky  ( 2524): [2] ycb.d(13): PackageMonitorReceiverImpl - Received: android.intent.action.PACKAGE_FULLY_REMOVED, [Hc-uu0eID9wC4ptvRCsWBIQPDhHxrgxu8bZlIwakNJw]
12-14 00:19:53.137 I/Finsky  ( 2524): [2] ydc.g(1): Invalidating cached PackageState for com.evancharlton.mileage.test
12-14 00:19:53.139 I/Finsky  ( 2524): [2] ouk.d(2): Frosting ID looked up on UI thread. Caller should move to a background thread.
12-14 00:19:53.141 I/Finsky  ( 2524): [2] qlq.s(2): Installer: package com.evancharlton.mileage.test was removed. replacing: false
12-14 00:19:53.141 I/Finsky  ( 2524): [2] qmo.L(12): Installer: Notifying status update. package=com.evancharlton.mileage.test, status=UNINSTALLED
12-14 00:19:53.143 I/Finsky  ( 2524): [2] alxk.a(3): Do not start WearSupportService due to Wear service optimization
12-14 00:19:53.143 I/Finsky  ( 2524): [2] alxk.a(3): Do not start WearSupportService due to Wear service optimization
12-14 00:19:53.144 I/Finsky  ( 2524): [2] adxl.a(8): Clearing split related stale data.
12-14 00:19:53.144 I/Finsky  ( 2524): [171] gvx.a(12): Asset module storage cleared for package com.evancharlton.mileage.test.
12-14 00:19:53.158 I/Finsky  ( 2524): [157] rab.C(2): IQ: Notifying installation update. package=com.evancharlton.mileage.test, status=UNINSTALLED
12-14 00:19:53.158 I/ExposureNotification( 2106): Still can find package com.evancharlton.mileage.test after receive its fully removed broadcast, which was installed 9102 ms ago. Ignore the fully removed broadcast. [CONTEXT service_id=236 ]
12-14 00:19:53.159 I/Finsky  ( 2524): [2] qmo.O(7): Installer: found apps to install. isMultiUserMode=false, apps=[]
12-14 00:19:53.161 D/BoundBrokerSvc( 2106): onBind: Intent { act=com.google.android.gms.common.BIND_SHARED_PREFS pkg=com.google.android.gms }
12-14 00:19:53.161 D/BoundBrokerSvc( 2106): Loading bound service for intent: Intent { act=com.google.android.gms.common.BIND_SHARED_PREFS pkg=com.google.android.gms }
