--------- beginning of main
12-14 00:20:23.228 I/NetworkScheduler.Stats( 1936): Task com.google.android.gms/com.google.android.gms.icing.service.IcingGcmTaskService started execution. cause:4 exec_start_elapsed_seconds: 81 [CONTEXT service_id=218 ]
12-14 00:20:23.246 I/NetworkScheduler.Stats( 1936): Task com.google.android.gms/com.google.android.gms.icing.service.IcingGcmTaskService finished executing. cause:4 result: 1 elapsed_millis: 50 uptime_millis: 50 exec_start_elapsed_seconds: 81 [CONTEXT service_id=218 ]
12-14 00:20:23.331 I/NetworkScheduler.Stats( 1936): Task com.google.android.gms/com.google.android.gms.clearcut.uploader.QosUploaderService started execution. cause:5 exec_start_elapsed_seconds: 81 [CONTEXT service_id=218 ]
12-14 00:20:23.343 I/NetworkScheduler.Stats( 1936): Task com.google.android.gms/com.google.android.gms.clearcut.uploader.QosUploaderService finished executing. cause:5 result: 1 elapsed_millis: 42 uptime_millis: 42 exec_start_elapsed_seconds: 81 [CONTEXT service_id=218 ]
12-14 00:20:23.421 I/NetworkScheduler.Stats( 1936): Task com.google.android.gms/com.google.android.gms.ads.social.GcmSchedulerWakeupService started execution. cause:5 exec_start_elapsed_seconds: 81 [CONTEXT service_id=218 ]
12-14 00:20:23.446 I/NetworkScheduler.Stats( 1936): Task com.google.android.gms/com.google.android.gms.ads.social.GcmSchedulerWakeupService finished executing. cause:5 result: 1 elapsed_millis: 58 uptime_millis: 58 exec_start_elapsed_seconds: 81 [CONTEXT service_id=218 ]
12-14 00:20:23.492 D/AndroidRuntime( 4418): >>>>>> START com.android.internal.os.RuntimeInit uid 2000 <<<<<<
12-14 00:20:23.526 W/app_process( 4418): Unexpected CPU variant for X86 using defaults: x86
12-14 00:20:23.541 D/AndroidRuntime( 4418): Calling main entry com.android.commands.am.Am
--------- beginning of system
12-14 00:20:23.544 I/ActivityManager( 1626): Force stopping com.evancharlton.mileage appid=10218 user=0: start instr
12-14 00:20:23.544 I/ActivityManager( 1626): Killing 4397:com.evancharlton.mileage/u0a218 (adj 0): stop com.evancharlton.mileage
12-14 00:20:23.546 W/ActivityManager( 1626): Crash of app com.evancharlton.mileage running instrumentation ComponentInfo{com.evancharlton.mileage.test/sh.calaba.instrumentationbackend.ClearAppData2}
12-14 00:20:23.547 I/ActivityManager( 1626): Force stopping com.evancharlton.mileage appid=10218 user=0: finished inst
12-14 00:20:23.554 I/zygote  ( 4429): Not late-enabling -Xcheck:jni (already on)
12-14 00:20:23.560 I/ActivityManager( 1626): Start proc 4429:com.evancharlton.mileage/u0a218 for added application com.evancharlton.mileage
12-14 00:20:23.561 D/AndroidRuntime( 4418): Shutting down VM
12-14 00:20:23.562 W/zygote  ( 4429): Unexpected CPU variant for X86 using defaults: x86
12-14 00:20:23.583 E/adbd    ( 1367): failed to connect to socket 'tcp:7102': Connection refused
12-14 00:20:23.587 E/adbd    ( 1367): failed to connect to socket 'tcp:7102': Connection refused
12-14 00:20:23.590 W/zygote  ( 4429): Found duplicate classes, falling back to extracting from APK : /data/app/com.evancharlton.mileage.test-uB8ZrpvRztDyaDHsMTe79Q==/base.apk
12-14 00:20:23.590 W/zygote  ( 4429): NOTE: This wastes RAM and hurts startup performance.
12-14 00:20:23.590 W/zygote  ( 4429): Found duplicated class when checking oat files: 'Ljunit/runner/BaseTestRunner;' in /data/app/com.evancharlton.mileage.test-uB8ZrpvRztDyaDHsMTe79Q==/base.apk and /system/framework/android.test.runner.jar
12-14 00:20:23.590 W/zygote  ( 4429): 
12-14 00:20:23.619 W/System  ( 4429): ClassLoader referenced unknown path: 
12-14 00:20:23.631 I/System.out( 4429): Main activity name automatically set to: com.evancharlton.mileage.Mileage
12-14 00:20:23.632 I/System.out( 4429): Calabash did not load Mono. This is only a problem if you are trying to test a Mono application
12-14 00:20:23.633 I/calabash( 4429): Test server port: 7102
12-14 00:20:23.636 I/InstrumentationBackend( 4429): Added:'GetPreferences', with key:'get_preferences'
12-14 00:20:23.693 E/adbd    ( 1367): failed to connect to socket 'tcp:7102': Connection refused
12-14 00:20:23.696 E/adbd    ( 1367): failed to connect to socket 'tcp:7102': Connection refused
12-14 00:20:23.697 I/InstrumentationBackend( 4429): Added:'SetPreferences', with key:'set_preferences'
12-14 00:20:23.697 I/InstrumentationBackend( 4429): Added:'ClearPreferences', with key:'clear_preferences'
12-14 00:20:23.698 I/InstrumentationBackend( 4429): Added:'PressElement', with key:'press_l10n_element'
12-14 00:20:23.698 I/InstrumentationBackend( 4429): Added:'WaitForElement', with key:'wait_for_l10n_element'
12-14 00:20:23.698 I/InstrumentationBackend( 4429): Added:'NullAction', with key:'nullAction'
12-14 00:20:23.699 I/InstrumentationBackend( 4429): Added:'PressKey', with key:'press_key'
12-14 00:20:23.699 I/InstrumentationBackend( 4429): Added:'SetActivityOrientation', with key:'set_activity_orientation'
12-14 00:20:23.699 I/InstrumentationBackend( 4429): Added:'GetActivityOrientation', with key:'get_activity_orientation'
12-14 00:20:23.700 I/InstrumentationBackend( 4429): Added:'FakeGPSLocation', with key:'set_gps_coordinates'
12-14 00:20:23.700 I/InstrumentationBackend( 4429): Added:'SetPropertyByCssSelector', with key:'set_property_by_css_selector'
12-14 00:20:23.701 I/InstrumentationBackend( 4429): Added:'GetUrl', with key:'get_url'
12-14 00:20:23.704 I/InstrumentationBackend( 4429): Added:'ScrollTo', with key:'scroll_to'
12-14 00:20:23.704 I/InstrumentationBackend( 4429): Added:'GetLoadProgress', with key:'get_load_progress'
12-14 00:20:23.705 I/InstrumentationBackend( 4429): Added:'DumpHtml', with key:'dump_html'
12-14 00:20:23.705 I/InstrumentationBackend( 4429): Added:'DumpBodyHtml', with key:'dump_body_html'
12-14 00:20:23.705 I/InstrumentationBackend( 4429): Added:'EnterTextByCssSelector', with key:'enter_text_by_selector'
12-14 00:20:23.709 I/InstrumentationBackend( 4429): Added:'AndroidSDKVersion', with key:'android_sdk_version'
12-14 00:20:23.709 I/InstrumentationBackend( 4429): Added:'Version', with key:'version'
12-14 00:20:23.709 I/InstrumentationBackend( 4429): Added:'Drag', with key:'drag'
12-14 00:20:23.710 I/InstrumentationBackend( 4429): Added:'TouchCoordinates', with key:'touch_coordinate'
12-14 00:20:23.710 I/InstrumentationBackend( 4429): Added:'LongPressCoordinate', with key:'long_press_coordinate'
12-14 00:20:23.710 I/InstrumentationBackend( 4429): Added:'DragCoordinates', with key:'drag_coordinates'
12-14 00:20:23.711 I/InstrumentationBackend( 4429): Added:'ResumeApplication', with key:'resume_application'
12-14 00:20:23.712 I/InstrumentationBackend( 4429): Added:'Swipe', with key:'swipe'
12-14 00:20:23.712 I/InstrumentationBackend( 4429): Added:'DoubleTapCoordinate', with key:'double_tap_coordinate'
12-14 00:20:23.712 I/InstrumentationBackend( 4429): Added:'ClickOnScreen', with key:'click_on_screen'
12-14 00:20:23.713 I/InstrumentationBackend( 4429): Added:'GetActivityName', with key:'get_activity_name'
12-14 00:20:23.713 I/InstrumentationBackend( 4429): Added:'ScrollToView', with key:'scroll_to_view'
12-14 00:20:23.714 I/InstrumentationBackend( 4429): Added:'ViewConfiguration', with key:'view_configuration'
12-14 00:20:23.714 I/InstrumentationBackend( 4429): Added:'IsCurrentActivityFocused', with key:'is_current_activity_focused'
12-14 00:20:23.715 I/InstrumentationBackend( 4429): Added:'SendTcp', with key:'send_tcp'
12-14 00:20:23.715 I/InstrumentationBackend( 4429): Added:'DpToDevicePixel', with key:'dp_to_device_pixel'
12-14 00:20:23.716 I/InstrumentationBackend( 4429): Added:'KeyboardEnterText', with key:'keyboard_enter_text'
12-14 00:20:23.717 I/InstrumentationBackend( 4429): Added:'DeleteSurroundingText', with key:'delete_surrounding_text'
12-14 00:20:23.717 I/InstrumentationBackend( 4429): Added:'SetComposingRegion', with key:'set_composing_region'
12-14 00:20:23.717 I/InstrumentationBackend( 4429): Added:'SetSelection', with key:'set_selection'
12-14 00:20:23.718 I/InstrumentationBackend( 4429): Added:'KeyboardKeyEvent', with key:'keyboard_key_event'
12-14 00:20:23.718 I/InstrumentationBackend( 4429): Added:'PressUserActionButton', with key:'press_user_action_button'
12-14 00:20:23.719 I/InstrumentationBackend( 4429): Added:'HideSoftKeyboard', with key:'hide_soft_keyboard'
12-14 00:20:23.720 I/InstrumentationBackend( 4429): Added:'ListActions', with key:'list_actions'
12-14 00:20:23.720 I/calabash( 4429): Instantiating http server at 7102
12-14 00:20:23.721 I/System.out( 4429): HTTP Daemon listening on: 7102
12-14 00:20:23.809 I/System.out( 4429): URI: //ping
12-14 00:20:23.809 I/System.out( 4429): params: {json={}
12-14 00:20:23.809 I/System.out( 4429): }
12-14 00:20:23.819 I/System.out( 4429): URI: //ping
12-14 00:20:23.820 I/System.out( 4429): params: {json={}
12-14 00:20:23.820 I/System.out( 4429): }
12-14 00:20:23.826 I/System.out( 4429): URI: //ready
12-14 00:20:23.826 I/System.out( 4429): params: {json={}
12-14 00:20:23.826 I/System.out( 4429): }
12-14 00:20:23.834 I/System.out( 4429): URI: //
12-14 00:20:23.834 I/System.out( 4429): params: {json={"command":"version","arguments":[]}
12-14 00:20:23.834 I/System.out( 4429): }
12-14 00:20:23.835 I/System.out( 4429): header: {content-type=application/json;charset=utf-8, date=Mon, 14 Dec 2020 05:20:24 GMT, accept=*/*, host=127.0.0.1:34777, content-length=36, user-agent=HTTPClient/1.0 (2.8.3, ruby 2.5.8 (2020-03-31))}
12-14 00:20:23.835 I/System.out( 4429): params: {json={"command":"version","arguments":[]}
12-14 00:20:23.835 I/System.out( 4429): }
12-14 00:20:23.836 I/System.out( 4429): ProP json = {"command":"version","arguments":[]}
12-14 00:20:23.836 I/System.out( 4429): files: {}
12-14 00:20:23.836 I/System.out( 4429): command: {"command":"version","arguments":[]}
12-14 00:20:23.865 I/InstrumentationBackend( 4429): Got command:'Command:'Line:null,version', arguments:'[]'
12-14 00:20:23.897 I/System.out( 4429): result:{"bonusInformation":[],"message":"0.9.8","success":true}
12-14 00:20:23.904 I/System.out( 4429): URI: //start-application
12-14 00:20:23.904 I/System.out( 4429): params: {json={"intent":null}
12-14 00:20:23.904 I/System.out( 4429): }
12-14 00:20:23.941 I/ActivityManager( 1626): START u0 {act=android.intent.action.MAIN cat=[android.intent.category.LAUNCHER] flg=0x10200000 cmp=com.evancharlton.mileage/.Mileage} from uid 10218
12-14 00:20:23.957 E/memtrack( 1626): Couldn't load memtrack module
12-14 00:20:23.958 W/android.os.Debug( 1626): failed to get memory consumption info: -1
12-14 00:20:23.959 I/calabash( 4429): newActivity1
12-14 00:20:23.989 D/gralloc_ranchu( 1395): gralloc_alloc: Creating ashmem region of size 7753728
12-14 00:20:23.991 W/ActivityManager( 1626): Bad activity token: android.os.BinderProxy@5578b57
12-14 00:20:23.991 W/ActivityManager( 1626): java.lang.ClassCastException: android.os.BinderProxy cannot be cast to com.android.server.am.ActivityRecord$Token
12-14 00:20:23.991 W/ActivityManager( 1626): 	at com.android.server.am.ActivityRecord.forTokenLocked(ActivityRecord.java:778)
12-14 00:20:23.991 W/ActivityManager( 1626): 	at com.android.server.am.ActivityRecord.isInStackLocked(ActivityRecord.java:2085)
12-14 00:20:23.991 W/ActivityManager( 1626): 	at com.android.server.am.ActivityRecord.getStackLocked(ActivityRecord.java:2090)
12-14 00:20:23.991 W/ActivityManager( 1626): 	at com.android.server.am.ActivityManagerService.getActivityDisplayId(ActivityManagerService.java:10406)
12-14 00:20:23.991 W/ActivityManager( 1626): 	at android.app.IActivityManager$Stub.onTransact(IActivityManager.java:2738)
12-14 00:20:23.991 W/ActivityManager( 1626): 	at com.android.server.am.ActivityManagerService.onTransact(ActivityManagerService.java:2935)
12-14 00:20:23.991 W/ActivityManager( 1626): 	at android.os.Binder.execTransact(Binder.java:674)
12-14 00:20:23.992 I/calabash( 4429): newActivity1
12-14 00:20:24.002 W/ActivityManager( 1626): Bad activity token: android.os.BinderProxy@5578b57
12-14 00:20:24.002 W/ActivityManager( 1626): java.lang.ClassCastException: android.os.BinderProxy cannot be cast to com.android.server.am.ActivityRecord$Token
12-14 00:20:24.002 W/ActivityManager( 1626): 	at com.android.server.am.ActivityRecord.forTokenLocked(ActivityRecord.java:778)
12-14 00:20:24.002 W/ActivityManager( 1626): 	at com.android.server.am.ActivityRecord.isInStackLocked(ActivityRecord.java:2085)
12-14 00:20:24.002 W/ActivityManager( 1626): 	at com.android.server.am.ActivityManagerService.setTaskDescription(ActivityManagerService.java:9988)
12-14 00:20:24.002 W/ActivityManager( 1626): 	at android.app.IActivityManager$Stub.onTransact(IActivityManager.java:2824)
12-14 00:20:24.002 W/ActivityManager( 1626): 	at com.android.server.am.ActivityManagerService.onTransact(ActivityManagerService.java:2935)
12-14 00:20:24.002 W/ActivityManager( 1626): 	at android.os.Binder.execTransact(Binder.java:674)
12-14 00:20:24.004 W/ActivityManager( 1626): Bad activity token: android.os.BinderProxy@5578b57
12-14 00:20:24.004 W/ActivityManager( 1626): java.lang.ClassCastException: android.os.BinderProxy cannot be cast to com.android.server.am.ActivityRecord$Token
12-14 00:20:24.004 W/ActivityManager( 1626): 	at com.android.server.am.ActivityRecord.forTokenLocked(ActivityRecord.java:778)
12-14 00:20:24.004 W/ActivityManager( 1626): 	at com.android.server.am.ActivityRecord.isInStackLocked(ActivityRecord.java:2085)
12-14 00:20:24.004 W/ActivityManager( 1626): 	at com.android.server.am.ActivityRecord.getStackLocked(ActivityRecord.java:2090)
12-14 00:20:24.004 W/ActivityManager( 1626): 	at com.android.server.am.ActivityManagerService.getActivityStackId(ActivityManagerService.java:10417)
12-14 00:20:24.004 W/ActivityManager( 1626): 	at android.app.IActivityManager$Stub.onTransact(IActivityManager.java:3548)
12-14 00:20:24.004 W/ActivityManager( 1626): 	at com.android.server.am.ActivityManagerService.onTransact(ActivityManagerService.java:2935)
12-14 00:20:24.004 W/ActivityManager( 1626): 	at android.os.Binder.execTransact(Binder.java:674)
12-14 00:20:24.038 D/EGL_emulation( 2212): eglMakeCurrent: 0xa4e059c0: ver 3 0 (tinfo 0xa4e03700)
12-14 00:20:24.038 D/EGL_emulation( 2178): eglMakeCurrent: 0xa247d3e0: ver 3 0 (tinfo 0xa247f8f0)
12-14 00:20:24.057 D/EGL_emulation( 1727): eglMakeCurrent: 0xa4e053c0: ver 3 0 (tinfo 0xa4e03510)
12-14 00:20:24.067 I/chatty  ( 1727): uid=10028(u0_a28) RenderThread identical 1 line
12-14 00:20:24.072 D/EGL_emulation( 1727): eglMakeCurrent: 0xa4e053c0: ver 3 0 (tinfo 0xa4e03510)
12-14 00:20:24.073 V/StatusBar( 1727): setLightsOn(true)
12-14 00:20:24.086 D/EGL_emulation( 1727): eglMakeCurrent: 0xa4e053c0: ver 3 0 (tinfo 0xa4e03510)
12-14 00:20:24.088 D/FillupsProvider( 4429): Creating database
12-14 00:20:24.091 E/ContentStoreEUAS( 2212): Failed to commit the deferred actions
12-14 00:20:24.120 D/EGL_emulation( 1727): eglMakeCurrent: 0xa4e053c0: ver 3 0 (tinfo 0xa4e03510)
12-14 00:20:24.127 I/chatty  ( 1727): uid=10028(u0_a28) RenderThread identical 1 line
12-14 00:20:24.136 D/EGL_emulation( 1727): eglMakeCurrent: 0xa4e053c0: ver 3 0 (tinfo 0xa4e03510)
12-14 00:20:24.138 V/StatusBar( 1727): setLightsOn(true)
12-14 00:20:24.140 D/EGL_emulation( 1727): eglMakeCurrent: 0xa4e053c0: ver 3 0 (tinfo 0xa4e03510)
12-14 00:20:24.154 I/chatty  ( 1727): uid=10028(u0_a28) RenderThread identical 1 line
12-14 00:20:24.157 D/EGL_emulation( 1727): eglMakeCurrent: 0xa4e053c0: ver 3 0 (tinfo 0xa4e03510)
12-14 00:20:24.165 I/zygote  ( 4429): Do partial code cache collection, code=30KB, data=21KB
12-14 00:20:24.166 I/zygote  ( 4429): After code cache collection, code=30KB, data=21KB
12-14 00:20:24.166 I/zygote  ( 4429): Increasing code cache capacity to 128KB
12-14 00:20:24.170 D/EGL_emulation( 1727): eglMakeCurrent: 0xa4e053c0: ver 3 0 (tinfo 0xa4e03510)
12-14 00:20:24.220 W/ActivityManager( 1626): Bad activity token: android.os.BinderProxy@5578b57
12-14 00:20:24.220 W/ActivityManager( 1626): java.lang.ClassCastException: android.os.BinderProxy cannot be cast to com.android.server.am.ActivityRecord$Token
12-14 00:20:24.220 W/ActivityManager( 1626): 	at com.android.server.am.ActivityRecord.forTokenLocked(ActivityRecord.java:778)
12-14 00:20:24.220 W/ActivityManager( 1626): 	at com.android.server.am.ActivityRecord.isInStackLocked(ActivityRecord.java:2085)
12-14 00:20:24.220 W/ActivityManager( 1626): 	at com.android.server.am.ActivityManagerService.getActivityOptions(ActivityManagerService.java:13302)
12-14 00:20:24.220 W/ActivityManager( 1626): 	at android.app.IActivityManager$Stub.onTransact(IActivityManager.java:2910)
12-14 00:20:24.220 W/ActivityManager( 1626): 	at com.android.server.am.ActivityManagerService.onTransact(ActivityManagerService.java:2935)
12-14 00:20:24.220 W/ActivityManager( 1626): 	at android.os.Binder.execTransact(Binder.java:674)
12-14 00:20:24.221 W/ActivityManager( 1626): Bad activity token: android.os.BinderProxy@5578b57
12-14 00:20:24.221 W/ActivityManager( 1626): java.lang.ClassCastException: android.os.BinderProxy cannot be cast to com.android.server.am.ActivityRecord$Token
12-14 00:20:24.221 W/ActivityManager( 1626): 	at com.android.server.am.ActivityRecord.forTokenLocked(ActivityRecord.java:778)
12-14 00:20:24.221 W/ActivityManager( 1626): 	at com.android.server.am.ActivityRecord.isInStackLocked(ActivityRecord.java:2085)
12-14 00:20:24.221 W/ActivityManager( 1626): 	at com.android.server.am.ActivityManagerService.getActivityOptions(ActivityManagerService.java:13302)
12-14 00:20:24.221 W/ActivityManager( 1626): 	at android.app.IActivityManager$Stub.onTransact(IActivityManager.java:2910)
12-14 00:20:24.221 W/ActivityManager( 1626): 	at com.android.server.am.ActivityManagerService.onTransact(ActivityManagerService.java:2935)
12-14 00:20:24.221 W/ActivityManager( 1626): 	at android.os.Binder.execTransact(Binder.java:674)
12-14 00:20:24.255 I/chatty  ( 1727): uid=10028(u0_a28) RenderThread identical 10 lines
12-14 00:20:24.264 D/EGL_emulation( 1727): eglMakeCurrent: 0xa4e053c0: ver 3 0 (tinfo 0xa4e03510)
12-14 00:20:24.306 V/StatusBar( 1727): setLightsOn(true)
12-14 00:20:24.356 I/chatty  ( 1727): uid=10028(u0_a28) com.android.systemui identical 2 lines
12-14 00:20:24.357 V/StatusBar( 1727): setLightsOn(true)
12-14 00:20:24.360 I/zygote  ( 4429): Do partial code cache collection, code=43KB, data=58KB
12-14 00:20:24.361 I/zygote  ( 4429): After code cache collection, code=43KB, data=58KB
12-14 00:20:24.361 I/zygote  ( 4429): Increasing code cache capacity to 256KB
12-14 00:20:24.361 I/zygote  ( 4429): JIT allocated 71KB for compiled code of void android.widget.TextView.<init>(android.content.Context, android.util.AttributeSet, int, int)
12-14 00:20:24.361 I/zygote  ( 4429): Compiler allocated 4MB to compile void android.widget.TextView.<init>(android.content.Context, android.util.AttributeSet, int, int)
12-14 00:20:24.387 I/zygote  ( 4429): Do full code cache collection, code=123KB, data=68KB
12-14 00:20:24.388 I/zygote  ( 4429): After code cache collection, code=83KB, data=35KB
12-14 00:20:24.397 D/gralloc_ranchu( 1395): gralloc_alloc: Creating ashmem region of size 7753728
12-14 00:20:24.417 D/        ( 4429): HostConnection::get() New Host Connection established 0xa2230cc0, tid 4429
12-14 00:20:24.459 V/StatusBar( 1727): setLightsOn(true)
12-14 00:20:24.462 I/chatty  ( 1727): uid=10028(u0_a28) com.android.systemui identical 1 line
12-14 00:20:24.467 V/StatusBar( 1727): setLightsOn(true)
12-14 00:20:24.469 I/ActivityManager( 1626): Displayed com.evancharlton.mileage/.Mileage: +506ms
12-14 00:20:24.470 V/StatusBar( 1727): setLightsOn(true)
12-14 00:20:24.527 D/gralloc_ranchu( 1395): gralloc_alloc: Creating ashmem region of size 7753728
12-14 00:20:24.600 E/memtrack( 1626): Couldn't load memtrack module
12-14 00:20:24.601 W/android.os.Debug( 1626): failed to get memory consumption info: -1
12-14 00:20:24.648 V/StatusBar( 1727): setLightsOn(true)
12-14 00:20:24.650 V/StatusBar( 1727): setLightsOn(true)
12-14 00:20:24.687 I/System.out( 4429): URI: //
12-14 00:20:24.687 I/System.out( 4429): params: {json={"command":"set_activity_orientation","arguments":["landscape"]}
12-14 00:20:24.687 I/System.out( 4429): }
12-14 00:20:24.687 I/System.out( 4429): header: {content-type=application/json;charset=utf-8, date=Mon, 14 Dec 2020 05:20:25 GMT, accept=*/*, host=127.0.0.1:34777, content-length=64, user-agent=HTTPClient/1.0 (2.8.3, ruby 2.5.8 (2020-03-31))}
12-14 00:20:24.687 I/System.out( 4429): params: {json={"command":"set_activity_orientation","arguments":["landscape"]}
12-14 00:20:24.687 I/System.out( 4429): }
12-14 00:20:24.687 I/System.out( 4429): ProP json = {"command":"set_activity_orientation","arguments":["landscape"]}
12-14 00:20:24.687 I/System.out( 4429): files: {}
12-14 00:20:24.687 I/System.out( 4429): command: {"command":"set_activity_orientation","arguments":["landscape"]}
12-14 00:20:24.691 I/InstrumentationBackend( 4429): Got command:'Command:'Line:null,set_activity_orientation', arguments:'[landscape]'
12-14 00:20:24.695 D/gralloc_ranchu( 1395): gralloc_alloc: Creating ashmem region of size 8298496
12-14 00:20:24.765 W/LocalDisplayAdapter( 1626): Unable to find color mode 0, ignoring request.
12-14 00:20:24.780 I/ActivityManager( 1626): Config changes=480 {1.0 310mcc260mnc [en_US] ldltr sw411dp w683dp h387dp 420dpi nrml land finger qwerty/v/v -nav/h appBounds=Rect(0, 0 - 1794, 1080) s.7}
12-14 00:20:24.788 I/InputReader( 1626): Reconfiguring input devices.  changes=0x00000004
12-14 00:20:24.788 I/InputReader( 1626): Device reconfigured: id=0, name='qwerty2', size 1080x1920, orientation 1, mode 1, display id 0
12-14 00:20:24.798 I/InputReader( 1626): Reconfiguring input devices.  changes=0x00000004
12-14 00:20:24.798 I/InputReader( 1626): Reconfiguring input devices.  changes=0x00000004
12-14 00:20:24.817 I/ActivityManager( 1626): Override config changes=480 {1.0 310mcc260mnc [en_US] ldltr sw411dp w683dp h387dp 420dpi nrml land finger qwerty/v/v -nav/h appBounds=Rect(0, 0 - 1794, 1080) s.7} for displayId=0
12-14 00:20:24.855 D/gralloc_ranchu( 1395): gralloc_alloc: Creating ashmem region of size 544768
12-14 00:20:24.882 I/calabash( 4429): newActivity1
12-14 00:20:24.891 D/EGL_emulation( 1727): eglMakeCurrent: 0xa4e053c0: ver 3 0 (tinfo 0xa4e03510)
12-14 00:20:24.903 D/gralloc_ranchu( 1395): gralloc_alloc: Creating ashmem region of size 544768
12-14 00:20:24.934 W/ActivityManager( 1626): Bad activity token: android.os.BinderProxy@9a9a93f
12-14 00:20:24.934 W/ActivityManager( 1626): java.lang.ClassCastException: android.os.BinderProxy cannot be cast to com.android.server.am.ActivityRecord$Token
12-14 00:20:24.934 W/ActivityManager( 1626): 	at com.android.server.am.ActivityRecord.forTokenLocked(ActivityRecord.java:778)
12-14 00:20:24.934 W/ActivityManager( 1626): 	at com.android.server.am.ActivityRecord.isInStackLocked(ActivityRecord.java:2085)
12-14 00:20:24.934 W/ActivityManager( 1626): 	at com.android.server.am.ActivityRecord.getStackLocked(ActivityRecord.java:2090)
12-14 00:20:24.934 W/ActivityManager( 1626): 	at com.android.server.am.ActivityManagerService.getActivityDisplayId(ActivityManagerService.java:10406)
12-14 00:20:24.934 W/ActivityManager( 1626): 	at android.app.IActivityManager$Stub.onTransact(IActivityManager.java:2738)
12-14 00:20:24.934 W/ActivityManager( 1626): 	at com.android.server.am.ActivityManagerService.onTransact(ActivityManagerService.java:2935)
12-14 00:20:24.934 W/ActivityManager( 1626): 	at android.os.Binder.execTransact(Binder.java:674)
12-14 00:20:24.935 I/calabash( 4429): newActivity1
12-14 00:20:24.938 W/ActivityManager( 1626): Bad activity token: android.os.BinderProxy@9a9a93f
12-14 00:20:24.938 W/ActivityManager( 1626): java.lang.ClassCastException: android.os.BinderProxy cannot be cast to com.android.server.am.ActivityRecord$Token
12-14 00:20:24.938 W/ActivityManager( 1626): 	at com.android.server.am.ActivityRecord.forTokenLocked(ActivityRecord.java:778)
12-14 00:20:24.938 W/ActivityManager( 1626): 	at com.android.server.am.ActivityRecord.isInStackLocked(ActivityRecord.java:2085)
12-14 00:20:24.938 W/ActivityManager( 1626): 	at com.android.server.am.ActivityManagerService.setTaskDescription(ActivityManagerService.java:9988)
12-14 00:20:24.938 W/ActivityManager( 1626): 	at android.app.IActivityManager$Stub.onTransact(IActivityManager.java:2824)
12-14 00:20:24.938 W/ActivityManager( 1626): 	at com.android.server.am.ActivityManagerService.onTransact(ActivityManagerService.java:2935)
12-14 00:20:24.938 W/ActivityManager( 1626): 	at android.os.Binder.execTransact(Binder.java:674)
12-14 00:20:24.940 W/ActivityManager( 1626): Bad activity token: android.os.BinderProxy@9a9a93f
12-14 00:20:24.940 W/ActivityManager( 1626): java.lang.ClassCastException: android.os.BinderProxy cannot be cast to com.android.server.am.ActivityRecord$Token
12-14 00:20:24.940 W/ActivityManager( 1626): 	at com.android.server.am.ActivityRecord.forTokenLocked(ActivityRecord.java:778)
12-14 00:20:24.940 W/ActivityManager( 1626): 	at com.android.server.am.ActivityRecord.isInStackLocked(ActivityRecord.java:2085)
12-14 00:20:24.940 W/ActivityManager( 1626): 	at com.android.server.am.ActivityRecord.getStackLocked(ActivityRecord.java:2090)
12-14 00:20:24.940 W/ActivityManager( 1626): 	at com.android.server.am.ActivityManagerService.getActivityStackId(ActivityManagerService.java:10417)
12-14 00:20:24.940 W/ActivityManager( 1626): 	at android.app.IActivityManager$Stub.onTransact(IActivityManager.java:3548)
12-14 00:20:24.940 W/ActivityManager( 1626): 	at com.android.server.am.ActivityManagerService.onTransact(ActivityManagerService.java:2935)
12-14 00:20:24.940 W/ActivityManager( 1626): 	at android.os.Binder.execTransact(Binder.java:674)
12-14 00:20:24.979 D/NuPlayerDriver( 1484): NuPlayerDriver(0xac318150) created, clientPid(1727)
12-14 00:20:24.988 I/System.out( 4429): result:{"bonusInformation":[],"message":"","success":true}
12-14 00:20:25.011 D/GenericSource( 1484): FileSource remote
12-14 00:20:25.015 I/zygote  ( 1716): Do partial code cache collection, code=61KB, data=38KB
12-14 00:20:25.015 I/zygote  ( 1716): After code cache collection, code=59KB, data=37KB
12-14 00:20:25.015 I/zygote  ( 1716): Increasing code cache capacity to 256KB
12-14 00:20:25.021 D/NuPlayerDriver( 1484): notifyListener_l(0xac318150), (1, 0, 0, -1), loop setting(0, 0)
12-14 00:20:25.023 W/ActivityManager( 1626): Bad activity token: android.os.BinderProxy@9a9a93f
12-14 00:20:25.023 W/ActivityManager( 1626): java.lang.ClassCastException: android.os.BinderProxy cannot be cast to com.android.server.am.ActivityRecord$Token
12-14 00:20:25.023 W/ActivityManager( 1626): 	at com.android.server.am.ActivityRecord.forTokenLocked(ActivityRecord.java:778)
12-14 00:20:25.023 W/ActivityManager( 1626): 	at com.android.server.am.ActivityRecord.isInStackLocked(ActivityRecord.java:2085)
12-14 00:20:25.023 W/ActivityManager( 1626): 	at com.android.server.am.ActivityManagerService.getActivityOptions(ActivityManagerService.java:13302)
12-14 00:20:25.023 W/ActivityManager( 1626): 	at android.app.IActivityManager$Stub.onTransact(IActivityManager.java:2910)
12-14 00:20:25.023 W/ActivityManager( 1626): 	at com.android.server.am.ActivityManagerService.onTransact(ActivityManagerService.java:2935)
12-14 00:20:25.023 W/ActivityManager( 1626): 	at android.os.Binder.execTransact(Binder.java:674)
12-14 00:20:25.024 W/ActivityManager( 1626): Bad activity token: android.os.BinderProxy@9a9a93f
12-14 00:20:25.024 W/ActivityManager( 1626): java.lang.ClassCastException: android.os.BinderProxy cannot be cast to com.android.server.am.ActivityRecord$Token
12-14 00:20:25.024 W/ActivityManager( 1626): 	at com.android.server.am.ActivityRecord.forTokenLocked(ActivityRecord.java:778)
12-14 00:20:25.024 W/ActivityManager( 1626): 	at com.android.server.am.ActivityRecord.isInStackLocked(ActivityRecord.java:2085)
12-14 00:20:25.024 W/ActivityManager( 1626): 	at com.android.server.am.ActivityManagerService.getActivityOptions(ActivityManagerService.java:13302)
12-14 00:20:25.024 W/ActivityManager( 1626): 	at android.app.IActivityManager$Stub.onTransact(IActivityManager.java:2910)
12-14 00:20:25.024 W/ActivityManager( 1626): 	at com.android.server.am.ActivityManagerService.onTransact(ActivityManagerService.java:2935)
12-14 00:20:25.024 W/ActivityManager( 1626): 	at android.os.Binder.execTransact(Binder.java:674)
12-14 00:20:25.037 I/MediaFocusControl( 1626):  AudioFocus  requestAudioFocus() from uid/pid 10028/1727 clientId=android.media.AudioManager@233fba0 req=3 flags=0x0
12-14 00:20:25.060 V/StatusBar( 1727): setLightsOn(true)
12-14 00:20:25.064 D/gralloc_ranchu( 1395): gralloc_alloc: Creating ashmem region of size 544768
12-14 00:20:25.113 D/gralloc_ranchu( 1395): gralloc_alloc: Creating ashmem region of size 487424
12-14 00:20:25.120 D/StatusBar( 1727): disable<e i a s b h r c s q >
12-14 00:20:25.123 I/zygote  ( 1727): Do partial code cache collection, code=123KB, data=91KB
12-14 00:20:25.123 I/zygote  ( 1727): After code cache collection, code=123KB, data=91KB
12-14 00:20:25.123 I/zygote  ( 1727): Increasing code cache capacity to 512KB
12-14 00:20:25.129 D/EGL_emulation( 1727): eglMakeCurrent: 0xa4e053c0: ver 3 0 (tinfo 0xa4e03510)
12-14 00:20:25.143 D/gralloc_ranchu( 1395): gralloc_alloc: Creating ashmem region of size 487424
12-14 00:20:25.166 I/zygote  ( 4429): Do partial code cache collection, code=123KB, data=76KB
12-14 00:20:25.167 I/zygote  ( 4429): After code cache collection, code=123KB, data=76KB
12-14 00:20:25.167 I/zygote  ( 4429): Increasing code cache capacity to 512KB
12-14 00:20:25.175 D/gralloc_ranchu( 1395): gralloc_alloc: Creating ashmem region of size 7753728
12-14 00:20:25.207 D/gralloc_ranchu( 1395): gralloc_alloc: Creating ashmem region of size 487424
12-14 00:20:25.221 D/EGL_emulation( 1727): eglMakeCurrent: 0xa4e053c0: ver 3 0 (tinfo 0xa4e03510)
12-14 00:20:25.232 D/EGL_emulation( 1727): eglMakeCurrent: 0xa4e053c0: ver 3 0 (tinfo 0xa4e03510)
12-14 00:20:25.246 V/StatusBar( 1727): setLightsOn(true)
12-14 00:20:25.273 V/StatusBar( 1727): setLightsOn(true)
12-14 00:20:25.279 D/gralloc_ranchu( 1395): gralloc_alloc: Creating ashmem region of size 7753728
12-14 00:20:25.284 I/WindowManager( 1626): Screen frozen for +592ms due to Window{712763c u0 com.evancharlton.mileage/com.evancharlton.mileage.Mileage}
12-14 00:20:25.295 V/StatusBar( 1727): setLightsOn(true)
12-14 00:20:25.318 D/SurfaceFlinger( 1413): duplicate layer name: changing BlackSurface to BlackSurface#1
12-14 00:20:25.334 I/zygote  ( 1727): Deoptimizing void com.android.systemui.statusbar.stack.ViewState.applyToView(android.view.View) due to JIT inline cache
12-14 00:20:25.345 D/SurfaceFlinger( 1413): duplicate layer name: changing BlackSurface to BlackSurface#2
12-14 00:20:25.356 D/SurfaceFlinger( 1413): duplicate layer name: changing BlackSurface to BlackSurface#3
12-14 00:20:25.375 W/SurfaceFlinger( 1413): couldn't log to binary event log: overflow.
12-14 00:20:25.385 I/PBSessionCacheImpl( 2212): Deleted sessionId[4414125743233] from persistence.
12-14 00:20:25.430 W/SearchService( 2212): Abort, client detached.
12-14 00:20:25.478 E/WifiVendorHal( 1626): getTxPktFates(l.1941) failed {.code = ERROR_NOT_SUPPORTED, .description = }
12-14 00:20:25.479 E/WifiVendorHal( 1626): getRxPktFates(l.1981) failed {.code = ERROR_NOT_SUPPORTED, .description = }
12-14 00:20:25.540 D/NuPlayerDriver( 1484): start(0xac318150), state is 4, eos is 0
12-14 00:20:25.540 I/GenericSource( 1484): start
12-14 00:20:25.569 I/OMXClient( 1484): Treble IOmx obtained
12-14 00:20:25.570 I/OMXMaster( 1489): makeComponentInstance(OMX.google.vorbis.decoder) in omx@1.0-service process
12-14 00:20:25.573 E/OMXNodeInstance( 1489): setConfig(0xa8e1c1e0:google.vorbis.decoder, ConfigPriority(0x6f800002)) ERROR: Undefined(0x80001001)
12-14 00:20:25.573 I/ACodec  ( 1484): codec does not support config priority (err -2147483648)
12-14 00:20:25.574 E/OMXNodeInstance( 1489): getConfig(0xa8e1c1e0:google.vorbis.decoder, ConfigAndroidVendorExtension(0x6f100004)) ERROR: Undefined(0x80001001)
12-14 00:20:25.575 I/MediaCodec( 1484): MediaCodec will operate in async mode
12-14 00:20:25.578 W//system/bin/hw/android.hidl.allocator@1.0-service( 1378): ashmem_create_region(32768) returning hidl_memory(0xb6a9b850, 32768)
12-14 00:20:25.608 I/chatty  ( 1378): uid=1000(system) allocator@1.0-s identical 10 lines
12-14 00:20:25.611 W//system/bin/hw/android.hidl.allocator@1.0-service( 1378): ashmem_create_region(32768) returning hidl_memory(0xb6a9b850, 32768)
12-14 00:20:25.635 D/AudioTrack( 1484): Client defaulted notificationFrames to 7406 for frameCount 22218
12-14 00:20:25.638 D/NuPlayerDriver( 1484): notifyListener_l(0xac318150), (6, 0, 0, -1), loop setting(0, 0)
12-14 00:20:25.641 W/audio_hw_generic( 1389): Not supplying enough data to HAL, expected position 357231 , only wrote 357120
12-14 00:20:25.784 V/StatusBar( 1727): setLightsOn(true)
12-14 00:20:26.360 D/gralloc_ranchu( 1395): gralloc_alloc: Creating ashmem region of size 7753728
12-14 00:20:27.132 I/NuPlayerDecoder( 1484): [audio] saw output EOS
12-14 00:20:27.168 E/SurfaceFlinger( 1413): ro.sf.lcd_density must be defined as a build property
12-14 00:20:27.178 D/gralloc_ranchu( 1395): gralloc_alloc: Creating ashmem region of size 8298496
12-14 00:20:27.187 D/        ( 4489): HostConnection::get() New Host Connection established 0xac12f800, tid 4489
12-14 00:20:27.385 D/AudioTrack( 1484): stop() called with 84672 frames delivered
12-14 00:20:27.414 I/zygote  ( 1626): Explicit concurrent copying GC freed 25419(1869KB) AllocSpace objects, 10(200KB) LOS objects, 38% free, 9MB/15MB, paused 524us total 50.852ms
12-14 00:20:27.491 I/System.out( 4429): URI: //
12-14 00:20:27.491 I/System.out( 4429): params: {json={"command":"set_activity_orientation","arguments":["portrait"]}
12-14 00:20:27.491 I/System.out( 4429): }
12-14 00:20:27.491 I/System.out( 4429): header: {content-type=application/json;charset=utf-8, date=Mon, 14 Dec 2020 05:20:28 GMT, accept=*/*, host=127.0.0.1:34777, content-length=63, user-agent=HTTPClient/1.0 (2.8.3, ruby 2.5.8 (2020-03-31))}
12-14 00:20:27.491 I/System.out( 4429): params: {json={"command":"set_activity_orientation","arguments":["portrait"]}
12-14 00:20:27.491 I/System.out( 4429): }
12-14 00:20:27.491 I/System.out( 4429): ProP json = {"command":"set_activity_orientation","arguments":["portrait"]}
12-14 00:20:27.491 I/System.out( 4429): files: {}
12-14 00:20:27.491 I/System.out( 4429): command: {"command":"set_activity_orientation","arguments":["portrait"]}
12-14 00:20:27.494 I/InstrumentationBackend( 4429): Got command:'Command:'Line:null,set_activity_orientation', arguments:'[portrait]'
12-14 00:20:27.498 D/gralloc_ranchu( 1395): gralloc_alloc: Creating ashmem region of size 8298496
12-14 00:20:27.513 W/LocalDisplayAdapter( 1626): Unable to find color mode 0, ignoring request.
12-14 00:20:27.524 I/ActivityManager( 1626): Config changes=480 {1.0 310mcc260mnc [en_US] ldltr sw411dp w411dp h659dp 420dpi nrml port finger qwerty/v/v -nav/h appBounds=Rect(0, 0 - 1080, 1794) s.8}
12-14 00:20:27.524 I/InputReader( 1626): Reconfiguring input devices.  changes=0x00000004
12-14 00:20:27.524 I/InputReader( 1626): Device reconfigured: id=0, name='qwerty2', size 1080x1920, orientation 0, mode 1, display id 0
12-14 00:20:27.534 I/InputReader( 1626): Reconfiguring input devices.  changes=0x00000004
12-14 00:20:27.538 I/InputReader( 1626): Reconfiguring input devices.  changes=0x00000004
12-14 00:20:27.555 I/ActivityManager( 1626): Override config changes=480 {1.0 310mcc260mnc [en_US] ldltr sw411dp w411dp h659dp 420dpi nrml port finger qwerty/v/v -nav/h appBounds=Rect(0, 0 - 1080, 1794) s.8} for displayId=0
12-14 00:20:27.580 I/calabash( 4429): newActivity1
12-14 00:20:27.626 W/ActivityManager( 1626): Bad activity token: android.os.BinderProxy@3b5c572
12-14 00:20:27.626 W/ActivityManager( 1626): java.lang.ClassCastException: android.os.BinderProxy cannot be cast to com.android.server.am.ActivityRecord$Token
12-14 00:20:27.626 W/ActivityManager( 1626): 	at com.android.server.am.ActivityRecord.forTokenLocked(ActivityRecord.java:778)
12-14 00:20:27.626 W/ActivityManager( 1626): 	at com.android.server.am.ActivityRecord.isInStackLocked(ActivityRecord.java:2085)
12-14 00:20:27.626 W/ActivityManager( 1626): 	at com.android.server.am.ActivityRecord.getStackLocked(ActivityRecord.java:2090)
12-14 00:20:27.626 W/ActivityManager( 1626): 	at com.android.server.am.ActivityManagerService.getActivityDisplayId(ActivityManagerService.java:10406)
12-14 00:20:27.626 W/ActivityManager( 1626): 	at android.app.IActivityManager$Stub.onTransact(IActivityManager.java:2738)
12-14 00:20:27.626 W/ActivityManager( 1626): 	at com.android.server.am.ActivityManagerService.onTransact(ActivityManagerService.java:2935)
12-14 00:20:27.626 W/ActivityManager( 1626): 	at android.os.Binder.execTransact(Binder.java:674)
12-14 00:20:27.628 I/calabash( 4429): newActivity1
12-14 00:20:27.631 W/ActivityManager( 1626): Bad activity token: android.os.BinderProxy@3b5c572
12-14 00:20:27.631 W/ActivityManager( 1626): java.lang.ClassCastException: android.os.BinderProxy cannot be cast to com.android.server.am.ActivityRecord$Token
12-14 00:20:27.631 W/ActivityManager( 1626): 	at com.android.server.am.ActivityRecord.forTokenLocked(ActivityRecord.java:778)
12-14 00:20:27.631 W/ActivityManager( 1626): 	at com.android.server.am.ActivityRecord.isInStackLocked(ActivityRecord.java:2085)
12-14 00:20:27.631 W/ActivityManager( 1626): 	at com.android.server.am.ActivityManagerService.setTaskDescription(ActivityManagerService.java:9988)
12-14 00:20:27.631 W/ActivityManager( 1626): 	at android.app.IActivityManager$Stub.onTransact(IActivityManager.java:2824)
12-14 00:20:27.631 W/ActivityManager( 1626): 	at com.android.server.am.ActivityManagerService.onTransact(ActivityManagerService.java:2935)
12-14 00:20:27.631 W/ActivityManager( 1626): 	at android.os.Binder.execTransact(Binder.java:674)
12-14 00:20:27.631 W/ActivityManager( 1626): Bad activity token: android.os.BinderProxy@3b5c572
12-14 00:20:27.631 W/ActivityManager( 1626): java.lang.ClassCastException: android.os.BinderProxy cannot be cast to com.android.server.am.ActivityRecord$Token
12-14 00:20:27.631 W/ActivityManager( 1626): 	at com.android.server.am.ActivityRecord.forTokenLocked(ActivityRecord.java:778)
12-14 00:20:27.631 W/ActivityManager( 1626): 	at com.android.server.am.ActivityRecord.isInStackLocked(ActivityRecord.java:2085)
12-14 00:20:27.631 W/ActivityManager( 1626): 	at com.android.server.am.ActivityRecord.getStackLocked(ActivityRecord.java:2090)
12-14 00:20:27.631 W/ActivityManager( 1626): 	at com.android.server.am.ActivityManagerService.getActivityStackId(ActivityManagerService.java:10417)
12-14 00:20:27.631 W/ActivityManager( 1626): 	at android.app.IActivityManager$Stub.onTransact(IActivityManager.java:3548)
12-14 00:20:27.631 W/ActivityManager( 1626): 	at com.android.server.am.ActivityManagerService.onTransact(ActivityManagerService.java:2935)
12-14 00:20:27.631 W/ActivityManager( 1626): 	at android.os.Binder.execTransact(Binder.java:674)
12-14 00:20:27.632 D/gralloc_ranchu( 1395): gralloc_alloc: Creating ashmem region of size 544768
12-14 00:20:27.653 D/EGL_emulation( 1727): eglMakeCurrent: 0xa4e053c0: ver 3 0 (tinfo 0xa4e03510)
12-14 00:20:27.670 I/zygote  ( 4429): JIT allocated 56KB for compiled code of void android.view.View.<init>(android.content.Context, android.util.AttributeSet, int, int)
12-14 00:20:27.671 D/gralloc_ranchu( 1395): gralloc_alloc: Creating ashmem region of size 544768
12-14 00:20:27.688 W/ActivityManager( 1626): Bad activity token: android.os.BinderProxy@3b5c572
12-14 00:20:27.688 W/ActivityManager( 1626): java.lang.ClassCastException: android.os.BinderProxy cannot be cast to com.android.server.am.ActivityRecord$Token
12-14 00:20:27.688 W/ActivityManager( 1626): 	at com.android.server.am.ActivityRecord.forTokenLocked(ActivityRecord.java:778)
12-14 00:20:27.688 W/ActivityManager( 1626): 	at com.android.server.am.ActivityRecord.isInStackLocked(ActivityRecord.java:2085)
12-14 00:20:27.688 W/ActivityManager( 1626): 	at com.android.server.am.ActivityManagerService.getActivityOptions(ActivityManagerService.java:13302)
12-14 00:20:27.688 W/ActivityManager( 1626): 	at android.app.IActivityManager$Stub.onTransact(IActivityManager.java:2910)
12-14 00:20:27.688 W/ActivityManager( 1626): 	at com.android.server.am.ActivityManagerService.onTransact(ActivityManagerService.java:2935)
12-14 00:20:27.688 W/ActivityManager( 1626): 	at android.os.Binder.execTransact(Binder.java:674)
12-14 00:20:27.688 W/ActivityManager( 1626): Bad activity token: android.os.BinderProxy@3b5c572
12-14 00:20:27.688 W/ActivityManager( 1626): java.lang.ClassCastException: android.os.BinderProxy cannot be cast to com.android.server.am.ActivityRecord$Token
12-14 00:20:27.688 W/ActivityManager( 1626): 	at com.android.server.am.ActivityRecord.forTokenLocked(ActivityRecord.java:778)
12-14 00:20:27.688 W/ActivityManager( 1626): 	at com.android.server.am.ActivityRecord.isInStackLocked(ActivityRecord.java:2085)
12-14 00:20:27.688 W/ActivityManager( 1626): 	at com.android.server.am.ActivityManagerService.getActivityOptions(ActivityManagerService.java:13302)
12-14 00:20:27.688 W/ActivityManager( 1626): 	at android.app.IActivityManager$Stub.onTransact(IActivityManager.java:2910)
12-14 00:20:27.688 W/ActivityManager( 1626): 	at com.android.server.am.ActivityManagerService.onTransact(ActivityManagerService.java:2935)
12-14 00:20:27.688 W/ActivityManager( 1626): 	at android.os.Binder.execTransact(Binder.java:674)
12-14 00:20:27.706 V/StatusBar( 1727): setLightsOn(true)
12-14 00:20:27.710 D/gralloc_ranchu( 1395): gralloc_alloc: Creating ashmem region of size 544768
12-14 00:20:27.746 D/NuPlayerDriver( 1484): notifyListener_l(0xac318150), (2, 0, 0, -1), loop setting(0, 0)
12-14 00:20:27.747 I/MediaFocusControl( 1626):  AudioFocus  abandonAudioFocus() from uid/pid 10028/1727 clientId=android.media.AudioManager@233fba0
12-14 00:20:27.758 D/gralloc_ranchu( 1395): gralloc_alloc: Creating ashmem region of size 274432
12-14 00:20:27.777 I/System.out( 4429): result:{"bonusInformation":[],"message":"","success":true}
12-14 00:20:27.780 D/StatusBar( 1727): disable<e i a s b h r c s q >
12-14 00:20:27.784 I/zygote  ( 4429): Do full code cache collection, code=251KB, data=140KB
12-14 00:20:27.784 I/zygote  ( 4429): After code cache collection, code=251KB, data=108KB
12-14 00:20:27.788 I/zygote  ( 4429): Do partial code cache collection, code=251KB, data=108KB
12-14 00:20:27.789 I/zygote  ( 4429): After code cache collection, code=251KB, data=108KB
12-14 00:20:27.789 I/zygote  ( 4429): Increasing code cache capacity to 1024KB
12-14 00:20:27.800 D/EGL_emulation( 1727): eglMakeCurrent: 0xa4e053c0: ver 3 0 (tinfo 0xa4e03510)
12-14 00:20:27.813 D/gralloc_ranchu( 1395): gralloc_alloc: Creating ashmem region of size 274432
12-14 00:20:27.834 D/gralloc_ranchu( 1395): gralloc_alloc: Creating ashmem region of size 7753728
12-14 00:20:27.870 D/gralloc_ranchu( 1395): gralloc_alloc: Creating ashmem region of size 274432
12-14 00:20:27.887 D/EGL_emulation( 1727): eglMakeCurrent: 0xa4e053c0: ver 3 0 (tinfo 0xa4e03510)
12-14 00:20:27.893 D/EGL_emulation( 1727): eglMakeCurrent: 0xa4e053c0: ver 3 0 (tinfo 0xa4e03510)
12-14 00:20:27.899 V/StatusBar( 1727): setLightsOn(true)
12-14 00:20:27.915 D/gralloc_ranchu( 1395): gralloc_alloc: Creating ashmem region of size 7753728
12-14 00:20:27.918 I/WindowManager( 1626): Screen frozen for +423ms due to Window{b3e717 u0 com.evancharlton.mileage/com.evancharlton.mileage.Mileage}
12-14 00:20:27.951 D/SurfaceFlinger( 1413): duplicate layer name: changing BlackSurface to BlackSurface#1
12-14 00:20:27.953 V/StatusBar( 1727): setLightsOn(true)
12-14 00:20:27.982 D/SurfaceFlinger( 1413): duplicate layer name: changing BlackSurface to BlackSurface#1
12-14 00:20:28.000 D/SurfaceFlinger( 1413): duplicate layer name: changing BlackSurface to BlackSurface#2
12-14 00:20:28.024 E/TaskPersister( 1626): File error accessing recents directory (directory doesn't exist?).
12-14 00:20:28.030 E/memtrack( 1626): Couldn't load memtrack module
12-14 00:20:28.030 W/android.os.Debug( 1626): failed to get memory consumption info: -1
12-14 00:20:28.464 V/StatusBar( 1727): setLightsOn(true)
12-14 00:20:29.046 D/gralloc_ranchu( 1395): gralloc_alloc: Creating ashmem region of size 7753728
12-14 00:20:29.984 E/SurfaceFlinger( 1413): ro.sf.lcd_density must be defined as a build property
12-14 00:20:29.992 D/gralloc_ranchu( 1395): gralloc_alloc: Creating ashmem region of size 8298496
12-14 00:20:30.001 D/        ( 4498): HostConnection::get() New Host Connection established 0xadaaf800, tid 4498
12-14 00:20:30.108 I/zygote  ( 1626): Explicit concurrent copying GC freed 7395(831KB) AllocSpace objects, 2(56KB) LOS objects, 38% free, 9MB/15MB, paused 492us total 93.838ms
12-14 00:20:30.337 I/Finsky  ( 2524): [111] nmi.run(36): Stats for Executor: BlockingExecutor non@8996191[Running, pool size = 2, active threads = 0, queued tasks = 0, completed tasks = 20]
12-14 00:20:30.340 I/Finsky  ( 2524): [111] nmi.run(36): Stats for Executor: LightweightExecutor non@c2ee8f6[Running, pool size = 2, active threads = 0, queued tasks = 0, completed tasks = 71]
