--------- beginning of main
12-14 01:58:15.738 E/adbd    ( 1381): failed to connect to socket 'tcp:7102': Connection refused
12-14 01:58:26.815 I/chatty  ( 1396): uid=1000(system) allocator@2.0-s expire 1 line
12-14 01:58:26.874 D/gralloc_ranchu( 1396): gralloc_alloc: Creating ashmem region of size 8298496
12-14 01:58:26.904 D/SurfaceFlinger( 1405): duplicate layer name: changing com.google.android.apps.nexuslauncher/com.google.android.apps.nexuslauncher.NexusLauncherActivity to com.google.android.apps.nexuslauncher/com.google.android.apps.nexuslauncher.NexusLauncherActivity#1
12-14 01:58:26.917 I/zygote  ( 4114): Do full code cache collection, code=125KB, data=75KB
12-14 01:58:26.917 I/zygote  ( 4114): After code cache collection, code=107KB, data=49KB
12-14 01:58:26.926 D/gralloc_ranchu( 1396): gralloc_alloc: Creating ashmem region of size 8298496
12-14 01:58:26.955 D/EGL_emulation( 1734): eglMakeCurrent: 0xa0275400: ver 3 0 (tinfo 0xa026cdd0)
12-14 01:58:26.955 D/EGL_emulation( 2177): eglMakeCurrent: 0xa21fdf20: ver 3 0 (tinfo 0xa21ff890)
12-14 01:58:26.957 D/gralloc_ranchu( 1396): gralloc_alloc: Creating ashmem region of size 8298496
12-14 01:58:26.969 D/gralloc_ranchu( 1396): gralloc_alloc: Creating ashmem region of size 8298496
12-14 01:58:27.000 I/zygote  ( 2177): Deoptimizing void com.google.android.apps.gsa.search.core.service.worker.a.a.a(com.google.android.apps.gsa.search.core.state.qc) due to JIT inline cache
12-14 01:58:27.017 D/EGL_emulation( 2151): eglMakeCurrent: 0xa21fd140: ver 3 0 (tinfo 0xa21ffbc0)
12-14 01:58:27.030 E/GmsClient( 2177): unable to connect to service: com.google.android.gms.speech.service.START on com.google.android.gms
12-14 01:58:27.031 W/SessionLifecycleManager( 2177): Handover failed. Creating new session controller.
12-14 01:58:27.035 I/OptInState( 2177): There is a new client and it does not support opt-in. Dropping request.
12-14 01:58:27.049 D/gralloc_ranchu( 1396): gralloc_alloc: Creating ashmem region of size 7753728
12-14 01:58:27.068 I/zygote  ( 2177): Deoptimizing void com.google.android.apps.gsa.shared.searchbox.components.a.am(java.lang.Object) due to JIT inline cache
12-14 01:58:27.078 I/MicroDetectionWorker( 2177): #updateMicroDetector [detectionMode: [mDetectionMode: [1]]]
12-14 01:58:27.080 I/MicroDetectionWorker( 2177): #startMicroDetector [speakerMode: 0]
12-14 01:58:27.085 I/AudioController( 2177): Using mInputStreamFactoryBuilder
12-14 01:58:27.089 D/EGL_emulation( 1734): eglMakeCurrent: 0xa0275400: ver 3 0 (tinfo 0xa026cdd0)
12-14 01:58:27.093 I/MicroRecognitionRunner( 2177): Starting detection.
12-14 01:58:27.105 I/MicroDetectionWorker( 2177): onReady
12-14 01:58:27.108 D/WificondControl( 1628): Scan result ready event
12-14 01:58:27.122 I/MicrophoneInputStream( 2177): mic_starting com.google.android.apps.gsa.staticplugins.aa.c@25cfef7
12-14 01:58:27.129 D/EGL_emulation( 1734): eglMakeCurrent: 0xa0275400: ver 3 0 (tinfo 0xa026cdd0)
12-14 01:58:27.144 I/MicrophoneInputStream( 2177): mic_started com.google.android.apps.gsa.staticplugins.aa.c@25cfef7
12-14 01:58:27.144 D/EGL_emulation( 1734): eglMakeCurrent: 0xa0275400: ver 3 0 (tinfo 0xa026cdd0)
12-14 01:58:27.151 I/MicroDetectionWorker( 2177): onReady
12-14 01:58:27.153 I/MicrophoneInputStream( 2177): mic_close com.google.android.apps.gsa.staticplugins.aa.c@25cfef7
12-14 01:58:27.153 I/MicroRecognitionRunner( 2177): Detection finished
12-14 01:58:27.153 W/ErrorReporter( 2177): reportError [type: 211, code: 524300]: Error reading from input stream
12-14 01:58:27.154 I/MicroRecognitionRunner( 2177): Stopping hotword detection.
12-14 01:58:27.154 W/ErrorProcessor( 2177): onFatalError, processing error from engine(4)
12-14 01:58:27.154 W/ErrorProcessor( 2177): com.google.android.apps.gsa.shared.speech.b.g: Error reading from input stream
12-14 01:58:27.154 W/ErrorProcessor( 2177): 	at com.google.android.apps.gsa.staticplugins.recognizer.j.a.a(SourceFile:28)
12-14 01:58:27.154 W/ErrorProcessor( 2177): 	at com.google.android.apps.gsa.staticplugins.recognizer.j.b.run(SourceFile:15)
12-14 01:58:27.154 W/ErrorProcessor( 2177): 	at java.util.concurrent.Executors$RunnableAdapter.call(Executors.java:457)
12-14 01:58:27.154 W/ErrorProcessor( 2177): 	at java.util.concurrent.FutureTask.run(FutureTask.java:266)
12-14 01:58:27.154 W/ErrorProcessor( 2177): 	at com.google.android.apps.gsa.shared.util.concurrent.a.ax.run(SourceFile:14)
12-14 01:58:27.154 W/ErrorProcessor( 2177): 	at com.google.android.apps.gsa.shared.util.concurrent.a.bl.run(SourceFile:4)
12-14 01:58:27.154 W/ErrorProcessor( 2177): 	at com.google.android.apps.gsa.shared.util.concurrent.a.bl.run(SourceFile:4)
12-14 01:58:27.154 W/ErrorProcessor( 2177): 	at java.util.concurrent.ThreadPoolExecutor.runWorker(ThreadPoolExecutor.java:1162)
12-14 01:58:27.154 W/ErrorProcessor( 2177): 	at java.util.concurrent.ThreadPoolExecutor$Worker.run(ThreadPoolExecutor.java:636)
12-14 01:58:27.154 W/ErrorProcessor( 2177): 	at java.lang.Thread.run(Thread.java:764)
12-14 01:58:27.154 W/ErrorProcessor( 2177): 	at com.google.android.apps.gsa.shared.util.concurrent.a.ai.run(SourceFile:6)
12-14 01:58:27.154 W/ErrorProcessor( 2177): Caused by: com.google.android.apps.gsa.shared.exception.GsaIOException: Error code: 393238 | Buffer overflow, no available space.
12-14 01:58:27.154 W/ErrorProcessor( 2177): 	at com.google.android.apps.gsa.speech.audio.Tee.f(SourceFile:103)
12-14 01:58:27.154 W/ErrorProcessor( 2177): 	at com.google.android.apps.gsa.speech.audio.au.read(SourceFile:2)
12-14 01:58:27.154 W/ErrorProcessor( 2177): 	at java.io.InputStream.read(InputStream.java:101)
12-14 01:58:27.154 W/ErrorProcessor( 2177): 	at com.google.android.apps.gsa.speech.audio.ao.run(SourceFile:18)
12-14 01:58:27.154 W/ErrorProcessor( 2177): 	at com.google.android.apps.gsa.speech.audio.an.run(SourceFile:2)
12-14 01:58:27.154 W/ErrorProcessor( 2177): 	... 9 more
12-14 01:58:27.154 I/AudioController( 2177): internalShutdown
12-14 01:58:27.157 I/AudioFlinger( 1476): AudioFlinger's thread 0xb2983040 tid=4167 ready to run
12-14 01:58:27.169 D/EGL_emulation( 1734): eglMakeCurrent: 0xa0275400: ver 3 0 (tinfo 0xa026cdd0)
12-14 01:58:27.173 I/MicroDetector( 2177): Keeping mic open: false
12-14 01:58:27.173 I/MicroDetectionWorker( 2177): #onError(false)
12-14 01:58:27.173 I/DeviceStateChecker( 2177): DeviceStateChecker cancelled
12-14 01:58:27.174 D/EGL_emulation( 1734): eglMakeCurrent: 0xa0275400: ver 3 0 (tinfo 0xa026cdd0)
12-14 01:58:27.305 I/chatty  ( 1734): uid=10028(u0_a28) RenderThread identical 15 lines
12-14 01:58:27.318 D/EGL_emulation( 1734): eglMakeCurrent: 0xa0275400: ver 3 0 (tinfo 0xa026cdd0)
12-14 01:58:27.493 W/OpenGLRenderer( 2151): Incorrectly called buildLayer on View: ShortcutAndWidgetContainer, destroying layer...
12-14 01:58:27.505 I/OpenGLRenderer( 1628): Initialized EGL, version 1.4
12-14 01:58:27.505 D/OpenGLRenderer( 1628): Swap behavior 1
12-14 01:58:27.506 W/OpenGLRenderer( 1628): Failed to choose config with EGL_SWAP_BEHAVIOR_PRESERVED, retrying without...
12-14 01:58:27.506 D/OpenGLRenderer( 1628): Swap behavior 0
12-14 01:58:27.513 D/EGL_emulation( 1628): eglCreateContext: 0x8df3d9a0: maj 3 min 0 rcv 3
12-14 01:58:27.516 D/EGL_emulation( 1628): eglMakeCurrent: 0x8df3d9a0: ver 3 0 (tinfo 0x8a4f62c0)
12-14 01:58:27.518 E/eglCodecCommon( 1628): glUtilsParamSize: unknow param 0x00008cdf
12-14 01:58:27.518 E/eglCodecCommon( 1628): glUtilsParamSize: unknow param 0x00008cdf
12-14 01:58:27.519 E/eglCodecCommon( 1628): glUtilsParamSize: unknow param 0x00008824
12-14 01:58:27.519 E/eglCodecCommon( 1628): glUtilsParamSize: unknow param 0x00008824
12-14 01:58:29.282 E/memtrack( 1628): Couldn't load memtrack module
12-14 01:58:29.282 W/android.os.Debug( 1628): failed to get memory consumption info: -1
--------- beginning of system
12-14 01:58:29.754 E/TaskPersister( 1628): File error accessing recents directory (directory doesn't exist?).
12-14 01:58:32.180 I/MicroDetectionWorker( 2177): #updateMicroDetector [detectionMode: [mDetectionMode: [1]]]
12-14 01:58:32.180 I/MicroDetectionWorker( 2177): #startMicroDetector [speakerMode: 0]
12-14 01:58:32.181 I/AudioController( 2177): Using mInputStreamFactoryBuilder
12-14 01:58:32.186 I/MicroDetectionWorker( 2177): onReady
12-14 01:58:32.189 I/MicroRecognitionRunner( 2177): Starting detection.
12-14 01:58:32.196 I/MicrophoneInputStream( 2177): mic_starting com.google.android.apps.gsa.staticplugins.aa.c@c2718df
12-14 01:58:32.201 I/AudioFlinger( 1476): AudioFlinger's thread 0xb2803680 tid=4171 ready to run
12-14 01:58:32.205 I/MicrophoneInputStream( 2177): mic_started com.google.android.apps.gsa.staticplugins.aa.c@c2718df
12-14 01:58:32.206 E/ActivityThread( 2177): Failed to find provider info for com.google.android.apps.gsa.testing.ui.audio.recorded
12-14 01:58:32.207 I/MicroDetectionWorker( 2177): onReady
12-14 01:58:32.207 W/SpeechLevelGenerator( 2177): Really low audio levels detected. The audio input may have issues.
12-14 01:58:32.212 I/MicrophoneInputStream( 2177): mic_close com.google.android.apps.gsa.staticplugins.aa.c@c2718df
12-14 01:58:32.212 I/MicroRecognitionRunner( 2177): Detection finished
12-14 01:58:32.212 W/ErrorReporter( 2177): reportError [type: 211, code: 524300]: Error reading from input stream
12-14 01:58:32.212 I/MicroRecognitionRunner( 2177): Stopping hotword detection.
12-14 01:58:32.213 W/ErrorProcessor( 2177): onFatalError, processing error from engine(4)
12-14 01:58:32.213 W/ErrorProcessor( 2177): com.google.android.apps.gsa.shared.speech.b.g: Error reading from input stream
12-14 01:58:32.213 W/ErrorProcessor( 2177): 	at com.google.android.apps.gsa.staticplugins.recognizer.j.a.a(SourceFile:28)
12-14 01:58:32.213 W/ErrorProcessor( 2177): 	at com.google.android.apps.gsa.staticplugins.recognizer.j.b.run(SourceFile:15)
12-14 01:58:32.213 W/ErrorProcessor( 2177): 	at java.util.concurrent.Executors$RunnableAdapter.call(Executors.java:457)
12-14 01:58:32.213 W/ErrorProcessor( 2177): 	at java.util.concurrent.FutureTask.run(FutureTask.java:266)
12-14 01:58:32.213 W/ErrorProcessor( 2177): 	at com.google.android.apps.gsa.shared.util.concurrent.a.ax.run(SourceFile:14)
12-14 01:58:32.213 W/ErrorProcessor( 2177): 	at com.google.android.apps.gsa.shared.util.concurrent.a.bl.run(SourceFile:4)
12-14 01:58:32.213 W/ErrorProcessor( 2177): 	at com.google.android.apps.gsa.shared.util.concurrent.a.bl.run(SourceFile:4)
12-14 01:58:32.213 W/ErrorProcessor( 2177): 	at java.util.concurrent.ThreadPoolExecutor.runWorker(ThreadPoolExecutor.java:1162)
12-14 01:58:32.213 W/ErrorProcessor( 2177): 	at java.util.concurrent.ThreadPoolExecutor$Worker.run(ThreadPoolExecutor.java:636)
12-14 01:58:32.213 W/ErrorProcessor( 2177): 	at java.lang.Thread.run(Thread.java:764)
12-14 01:58:32.213 W/ErrorProcessor( 2177): 	at com.google.android.apps.gsa.shared.util.concurrent.a.ai.run(SourceFile:6)
12-14 01:58:32.213 W/ErrorProcessor( 2177): Caused by: com.google.android.apps.gsa.shared.exception.GsaIOException: Error code: 393238 | Buffer overflow, no available space.
12-14 01:58:32.213 W/ErrorProcessor( 2177): 	at com.google.android.apps.gsa.speech.audio.Tee.f(SourceFile:103)
12-14 01:58:32.213 W/ErrorProcessor( 2177): 	at com.google.android.apps.gsa.speech.audio.au.read(SourceFile:2)
12-14 01:58:32.213 W/ErrorProcessor( 2177): 	at java.io.InputStream.read(InputStream.java:101)
12-14 01:58:32.213 W/ErrorProcessor( 2177): 	at com.google.android.apps.gsa.speech.audio.ao.run(SourceFile:18)
12-14 01:58:32.213 W/ErrorProcessor( 2177): 	at com.google.android.apps.gsa.speech.audio.an.run(SourceFile:2)
12-14 01:58:32.213 W/ErrorProcessor( 2177): 	... 9 more
12-14 01:58:32.213 I/AudioController( 2177): internalShutdown
12-14 01:58:32.214 I/MicroDetector( 2177): Keeping mic open: false
12-14 01:58:32.214 I/MicroDetectionWorker( 2177): #onError(false)
12-14 01:58:32.214 I/DeviceStateChecker( 2177): DeviceStateChecker cancelled
12-14 01:58:33.042 D/AndroidRuntime( 4175): >>>>>> START com.android.internal.os.RuntimeInit uid 2000 <<<<<<
12-14 01:58:33.075 W/app_process( 4175): Unexpected CPU variant for X86 using defaults: x86
12-14 01:58:33.093 D/AndroidRuntime( 4175): Calling main entry com.android.commands.am.Am
12-14 01:58:33.099 I/ActivityManager( 1628): Force stopping com.evancharlton.mileage appid=10318 user=0: start instr
12-14 01:58:33.099 I/ActivityManager( 1628): Killing 4114:com.evancharlton.mileage/u0a318 (adj 0): stop com.evancharlton.mileage
12-14 01:58:33.099 W/ActivityManager( 1628): Crash of app com.evancharlton.mileage running instrumentation ComponentInfo{com.evancharlton.mileage.test/sh.calaba.instrumentationbackend.CalabashInstrumentationTestRunner}
12-14 01:58:33.099 I/ActivityManager( 1628): Force stopping com.evancharlton.mileage appid=10318 user=0: finished inst
12-14 01:58:33.100 I/ActivityManager( 1628): Killing 3406:com.google.android.ext.services/u0a14 (adj 906): empty #17
12-14 01:58:33.111 I/zygote  ( 4185): Not late-enabling -Xcheck:jni (already on)
12-14 01:58:33.118 I/ActivityManager( 1628): Start proc 4185:com.evancharlton.mileage/u0a318 for added application com.evancharlton.mileage
12-14 01:58:33.118 D/AndroidRuntime( 4175): Shutting down VM
12-14 01:58:33.118 E/memtrack( 1628): Couldn't load memtrack module
12-14 01:58:33.118 W/android.os.Debug( 1628): failed to get memory consumption info: -1
12-14 01:58:33.119 W/ActivityManager( 1628): setHasOverlayUi called on unknown pid: 4114
12-14 01:58:33.123 W/zygote  ( 4185): Unexpected CPU variant for X86 using defaults: x86
12-14 01:58:33.139 E/memtrack( 1628): Couldn't load memtrack module
12-14 01:58:33.139 W/android.os.Debug( 1628): failed to get memory consumption info: -1
12-14 01:58:33.141 W/zygote  ( 4185): Found duplicate classes, falling back to extracting from APK : /data/app/com.evancharlton.mileage.test-xeDZ7o5g3efn2d1of_SsQQ==/base.apk
12-14 01:58:33.141 W/zygote  ( 4185): NOTE: This wastes RAM and hurts startup performance.
12-14 01:58:33.141 W/zygote  ( 4185): Found duplicated class when checking oat files: 'Ljunit/runner/BaseTestRunner;' in /data/app/com.evancharlton.mileage.test-xeDZ7o5g3efn2d1of_SsQQ==/base.apk and /system/framework/android.test.runner.jar
12-14 01:58:33.141 W/zygote  ( 4185): 
12-14 01:58:33.148 E/memtrack( 1628): Couldn't load memtrack module
12-14 01:58:33.148 W/android.os.Debug( 1628): failed to get memory consumption info: -1
12-14 01:58:33.156 E/adbd    ( 1381): failed to connect to socket 'tcp:7102': Connection refused
12-14 01:58:33.162 E/adbd    ( 1381): failed to connect to socket 'tcp:7102': Connection refused
12-14 01:58:33.179 W/System  ( 4185): ClassLoader referenced unknown path: 
12-14 01:58:33.192 I/System.out( 4185): Main activity name automatically set to: com.evancharlton.mileage.Mileage
12-14 01:58:33.193 I/System.out( 4185): Calabash did not load Mono. This is only a problem if you are trying to test a Mono application
12-14 01:58:33.193 I/calabash( 4185): Test server port: 7102
12-14 01:58:33.194 I/InstrumentationBackend( 4185): Added:'GetPreferences', with key:'get_preferences'
12-14 01:58:33.251 I/InstrumentationBackend( 4185): Added:'SetPreferences', with key:'set_preferences'
12-14 01:58:33.252 I/InstrumentationBackend( 4185): Added:'ClearPreferences', with key:'clear_preferences'
12-14 01:58:33.252 I/InstrumentationBackend( 4185): Added:'PressElement', with key:'press_l10n_element'
12-14 01:58:33.252 I/InstrumentationBackend( 4185): Added:'WaitForElement', with key:'wait_for_l10n_element'
12-14 01:58:33.253 I/InstrumentationBackend( 4185): Added:'NullAction', with key:'nullAction'
12-14 01:58:33.253 I/InstrumentationBackend( 4185): Added:'PressKey', with key:'press_key'
12-14 01:58:33.253 I/InstrumentationBackend( 4185): Added:'SetActivityOrientation', with key:'set_activity_orientation'
12-14 01:58:33.254 I/InstrumentationBackend( 4185): Added:'GetActivityOrientation', with key:'get_activity_orientation'
12-14 01:58:33.255 I/InstrumentationBackend( 4185): Added:'FakeGPSLocation', with key:'set_gps_coordinates'
12-14 01:58:33.255 I/InstrumentationBackend( 4185): Added:'SetPropertyByCssSelector', with key:'set_property_by_css_selector'
12-14 01:58:33.256 I/InstrumentationBackend( 4185): Added:'GetUrl', with key:'get_url'
12-14 01:58:33.258 I/InstrumentationBackend( 4185): Added:'ScrollTo', with key:'scroll_to'
12-14 01:58:33.259 I/InstrumentationBackend( 4185): Added:'GetLoadProgress', with key:'get_load_progress'
12-14 01:58:33.259 I/InstrumentationBackend( 4185): Added:'DumpHtml', with key:'dump_html'
12-14 01:58:33.259 I/InstrumentationBackend( 4185): Added:'DumpBodyHtml', with key:'dump_body_html'
12-14 01:58:33.260 I/InstrumentationBackend( 4185): Added:'EnterTextByCssSelector', with key:'enter_text_by_selector'
12-14 01:58:33.264 I/InstrumentationBackend( 4185): Added:'AndroidSDKVersion', with key:'android_sdk_version'
12-14 01:58:33.264 I/InstrumentationBackend( 4185): Added:'Version', with key:'version'
12-14 01:58:33.264 I/InstrumentationBackend( 4185): Added:'Drag', with key:'drag'
12-14 01:58:33.265 I/InstrumentationBackend( 4185): Added:'TouchCoordinates', with key:'touch_coordinate'
12-14 01:58:33.265 I/InstrumentationBackend( 4185): Added:'LongPressCoordinate', with key:'long_press_coordinate'
12-14 01:58:33.265 I/InstrumentationBackend( 4185): Added:'DragCoordinates', with key:'drag_coordinates'
12-14 01:58:33.266 I/InstrumentationBackend( 4185): Added:'ResumeApplication', with key:'resume_application'
12-14 01:58:33.267 I/InstrumentationBackend( 4185): Added:'Swipe', with key:'swipe'
12-14 01:58:33.267 I/InstrumentationBackend( 4185): Added:'DoubleTapCoordinate', with key:'double_tap_coordinate'
12-14 01:58:33.267 I/InstrumentationBackend( 4185): Added:'ClickOnScreen', with key:'click_on_screen'
12-14 01:58:33.268 I/InstrumentationBackend( 4185): Added:'GetActivityName', with key:'get_activity_name'
12-14 01:58:33.269 I/InstrumentationBackend( 4185): Added:'ScrollToView', with key:'scroll_to_view'
12-14 01:58:33.269 I/InstrumentationBackend( 4185): Added:'ViewConfiguration', with key:'view_configuration'
12-14 01:58:33.270 I/InstrumentationBackend( 4185): Added:'IsCurrentActivityFocused', with key:'is_current_activity_focused'
12-14 01:58:33.270 I/InstrumentationBackend( 4185): Added:'SendTcp', with key:'send_tcp'
12-14 01:58:33.270 I/InstrumentationBackend( 4185): Added:'DpToDevicePixel', with key:'dp_to_device_pixel'
12-14 01:58:33.271 I/InstrumentationBackend( 4185): Added:'KeyboardEnterText', with key:'keyboard_enter_text'
12-14 01:58:33.272 I/InstrumentationBackend( 4185): Added:'DeleteSurroundingText', with key:'delete_surrounding_text'
12-14 01:58:33.273 I/InstrumentationBackend( 4185): Added:'SetComposingRegion', with key:'set_composing_region'
12-14 01:58:33.273 I/InstrumentationBackend( 4185): Added:'SetSelection', with key:'set_selection'
12-14 01:58:33.273 I/InstrumentationBackend( 4185): Added:'KeyboardKeyEvent', with key:'keyboard_key_event'
12-14 01:58:33.274 I/InstrumentationBackend( 4185): Added:'PressUserActionButton', with key:'press_user_action_button'
12-14 01:58:33.274 I/InstrumentationBackend( 4185): Added:'HideSoftKeyboard', with key:'hide_soft_keyboard'
12-14 01:58:33.277 I/InstrumentationBackend( 4185): Added:'ListActions', with key:'list_actions'
12-14 01:58:33.277 I/calabash( 4185): Instantiating http server at 7102
12-14 01:58:33.277 E/adbd    ( 1381): failed to connect to socket 'tcp:7102': Connection refused
12-14 01:58:33.278 I/System.out( 4185): HTTP Daemon listening on: 7102
12-14 01:58:33.283 I/System.out( 4185): URI: //ping
12-14 01:58:33.284 I/System.out( 4185): params: {json={}
12-14 01:58:33.284 I/System.out( 4185): }
12-14 01:58:33.291 I/System.out( 4185): URI: //ping
12-14 01:58:33.291 I/System.out( 4185): params: {json={}
12-14 01:58:33.291 I/System.out( 4185): }
12-14 01:58:33.297 I/System.out( 4185): URI: //ready
12-14 01:58:33.297 I/System.out( 4185): params: {json={}
12-14 01:58:33.297 I/System.out( 4185): }
12-14 01:58:33.303 I/System.out( 4185): URI: //
12-14 01:58:33.303 I/System.out( 4185): params: {json={"command":"version","arguments":[]}
12-14 01:58:33.303 I/System.out( 4185): }
12-14 01:58:33.303 I/System.out( 4185): header: {content-type=application/json;charset=utf-8, date=Mon, 14 Dec 2020 06:58:33 GMT, accept=*/*, host=127.0.0.1:34777, content-length=36, user-agent=HTTPClient/1.0 (2.8.3, ruby 2.5.8 (2020-03-31))}
12-14 01:58:33.304 I/System.out( 4185): params: {json={"command":"version","arguments":[]}
12-14 01:58:33.304 I/System.out( 4185): }
12-14 01:58:33.304 I/System.out( 4185): ProP json = {"command":"version","arguments":[]}
12-14 01:58:33.304 I/System.out( 4185): files: {}
12-14 01:58:33.304 I/System.out( 4185): command: {"command":"version","arguments":[]}
12-14 01:58:33.331 I/InstrumentationBackend( 4185): Got command:'Command:'Line:null,version', arguments:'[]'
12-14 01:58:33.368 I/System.out( 4185): result:{"bonusInformation":[],"message":"0.9.8","success":true}
12-14 01:58:33.374 I/System.out( 4185): URI: //start-application
12-14 01:58:33.374 I/System.out( 4185): params: {json={"intent":null}
12-14 01:58:33.374 I/System.out( 4185): }
12-14 01:58:33.412 I/ActivityManager( 1628): START u0 {act=android.intent.action.MAIN cat=[android.intent.category.LAUNCHER] flg=0x10200000 cmp=com.evancharlton.mileage/.Mileage} from uid 10318
12-14 01:58:33.426 I/calabash( 4185): newActivity1
12-14 01:58:33.441 D/gralloc_ranchu( 1396): gralloc_alloc: Creating ashmem region of size 7753728
12-14 01:58:33.467 W/ActivityManager( 1628): Bad activity token: android.os.BinderProxy@d78f01f
12-14 01:58:33.467 W/ActivityManager( 1628): java.lang.ClassCastException: android.os.BinderProxy cannot be cast to com.android.server.am.ActivityRecord$Token
12-14 01:58:33.467 W/ActivityManager( 1628): 	at com.android.server.am.ActivityRecord.forTokenLocked(ActivityRecord.java:778)
12-14 01:58:33.467 W/ActivityManager( 1628): 	at com.android.server.am.ActivityRecord.isInStackLocked(ActivityRecord.java:2085)
12-14 01:58:33.467 W/ActivityManager( 1628): 	at com.android.server.am.ActivityRecord.getStackLocked(ActivityRecord.java:2090)
12-14 01:58:33.467 W/ActivityManager( 1628): 	at com.android.server.am.ActivityManagerService.getActivityDisplayId(ActivityManagerService.java:10406)
12-14 01:58:33.467 W/ActivityManager( 1628): 	at android.app.IActivityManager$Stub.onTransact(IActivityManager.java:2738)
12-14 01:58:33.467 W/ActivityManager( 1628): 	at com.android.server.am.ActivityManagerService.onTransact(ActivityManagerService.java:2935)
12-14 01:58:33.467 W/ActivityManager( 1628): 	at android.os.Binder.execTransact(Binder.java:674)
12-14 01:58:33.470 I/calabash( 4185): newActivity1
12-14 01:58:33.476 W/ActivityManager( 1628): Bad activity token: android.os.BinderProxy@d78f01f
12-14 01:58:33.476 W/ActivityManager( 1628): java.lang.ClassCastException: android.os.BinderProxy cannot be cast to com.android.server.am.ActivityRecord$Token
12-14 01:58:33.476 W/ActivityManager( 1628): 	at com.android.server.am.ActivityRecord.forTokenLocked(ActivityRecord.java:778)
12-14 01:58:33.476 W/ActivityManager( 1628): 	at com.android.server.am.ActivityRecord.isInStackLocked(ActivityRecord.java:2085)
12-14 01:58:33.476 W/ActivityManager( 1628): 	at com.android.server.am.ActivityManagerService.setTaskDescription(ActivityManagerService.java:9988)
12-14 01:58:33.476 W/ActivityManager( 1628): 	at android.app.IActivityManager$Stub.onTransact(IActivityManager.java:2824)
12-14 01:58:33.476 W/ActivityManager( 1628): 	at com.android.server.am.ActivityManagerService.onTransact(ActivityManagerService.java:2935)
12-14 01:58:33.476 W/ActivityManager( 1628): 	at android.os.Binder.execTransact(Binder.java:674)
12-14 01:58:33.477 W/ActivityManager( 1628): Bad activity token: android.os.BinderProxy@d78f01f
12-14 01:58:33.477 W/ActivityManager( 1628): java.lang.ClassCastException: android.os.BinderProxy cannot be cast to com.android.server.am.ActivityRecord$Token
12-14 01:58:33.477 W/ActivityManager( 1628): 	at com.android.server.am.ActivityRecord.forTokenLocked(ActivityRecord.java:778)
12-14 01:58:33.477 W/ActivityManager( 1628): 	at com.android.server.am.ActivityRecord.isInStackLocked(ActivityRecord.java:2085)
12-14 01:58:33.477 W/ActivityManager( 1628): 	at com.android.server.am.ActivityRecord.getStackLocked(ActivityRecord.java:2090)
12-14 01:58:33.477 W/ActivityManager( 1628): 	at com.android.server.am.ActivityManagerService.getActivityStackId(ActivityManagerService.java:10417)
12-14 01:58:33.477 W/ActivityManager( 1628): 	at android.app.IActivityManager$Stub.onTransact(IActivityManager.java:3548)
12-14 01:58:33.477 W/ActivityManager( 1628): 	at com.android.server.am.ActivityManagerService.onTransact(ActivityManagerService.java:2935)
12-14 01:58:33.477 W/ActivityManager( 1628): 	at android.os.Binder.execTransact(Binder.java:674)
12-14 01:58:33.512 D/EGL_emulation( 2177): eglMakeCurrent: 0xa21fdf20: ver 3 0 (tinfo 0xa21ff890)
12-14 01:58:33.512 D/EGL_emulation( 2151): eglMakeCurrent: 0xa21fd140: ver 3 0 (tinfo 0xa21ffbc0)
12-14 01:58:33.513 V/StatusBar( 1734): setLightsOn(true)
12-14 01:58:33.540 D/EGL_emulation( 1734): eglMakeCurrent: 0xa0275400: ver 3 0 (tinfo 0xa026cdd0)
12-14 01:58:33.541 V/StatusBar( 1734): setLightsOn(true)
12-14 01:58:33.550 D/EGL_emulation( 1734): eglMakeCurrent: 0xa0275400: ver 3 0 (tinfo 0xa026cdd0)
12-14 01:58:33.558 D/EGL_emulation( 1734): eglMakeCurrent: 0xa0275400: ver 3 0 (tinfo 0xa026cdd0)
12-14 01:58:33.560 E/ContentStoreEUAS( 2177): Failed to commit the deferred actions
12-14 01:58:33.568 D/EGL_emulation( 1734): eglMakeCurrent: 0xa0275400: ver 3 0 (tinfo 0xa026cdd0)
12-14 01:58:33.610 W/ActivityManager( 1628): Bad activity token: android.os.BinderProxy@d78f01f
12-14 01:58:33.610 W/ActivityManager( 1628): java.lang.ClassCastException: android.os.BinderProxy cannot be cast to com.android.server.am.ActivityRecord$Token
12-14 01:58:33.610 W/ActivityManager( 1628): 	at com.android.server.am.ActivityRecord.forTokenLocked(ActivityRecord.java:778)
12-14 01:58:33.610 W/ActivityManager( 1628): 	at com.android.server.am.ActivityRecord.isInStackLocked(ActivityRecord.java:2085)
12-14 01:58:33.610 W/ActivityManager( 1628): 	at com.android.server.am.ActivityManagerService.getActivityOptions(ActivityManagerService.java:13302)
12-14 01:58:33.610 W/ActivityManager( 1628): 	at android.app.IActivityManager$Stub.onTransact(IActivityManager.java:2910)
12-14 01:58:33.610 W/ActivityManager( 1628): 	at com.android.server.am.ActivityManagerService.onTransact(ActivityManagerService.java:2935)
12-14 01:58:33.610 W/ActivityManager( 1628): 	at android.os.Binder.execTransact(Binder.java:674)
12-14 01:58:33.611 W/ActivityManager( 1628): Bad activity token: android.os.BinderProxy@d78f01f
12-14 01:58:33.611 W/ActivityManager( 1628): java.lang.ClassCastException: android.os.BinderProxy cannot be cast to com.android.server.am.ActivityRecord$Token
12-14 01:58:33.611 W/ActivityManager( 1628): 	at com.android.server.am.ActivityRecord.forTokenLocked(ActivityRecord.java:778)
12-14 01:58:33.611 W/ActivityManager( 1628): 	at com.android.server.am.ActivityRecord.isInStackLocked(ActivityRecord.java:2085)
12-14 01:58:33.611 W/ActivityManager( 1628): 	at com.android.server.am.ActivityManagerService.getActivityOptions(ActivityManagerService.java:13302)
12-14 01:58:33.611 W/ActivityManager( 1628): 	at android.app.IActivityManager$Stub.onTransact(IActivityManager.java:2910)
12-14 01:58:33.611 W/ActivityManager( 1628): 	at com.android.server.am.ActivityManagerService.onTransact(ActivityManagerService.java:2935)
12-14 01:58:33.611 W/ActivityManager( 1628): 	at android.os.Binder.execTransact(Binder.java:674)
12-14 01:58:33.712 I/chatty  ( 1734): uid=10028(u0_a28) RenderThread identical 18 lines
12-14 01:58:33.718 D/EGL_emulation( 1734): eglMakeCurrent: 0xa0275400: ver 3 0 (tinfo 0xa026cdd0)
12-14 01:58:33.719 V/StatusBar( 1734): setLightsOn(true)
12-14 01:58:33.726 D/EGL_emulation( 1734): eglMakeCurrent: 0xa0275400: ver 3 0 (tinfo 0xa026cdd0)
12-14 01:58:33.769 I/zygote  ( 4185): Do partial code cache collection, code=28KB, data=30KB
12-14 01:58:33.769 I/zygote  ( 4185): After code cache collection, code=28KB, data=30KB
12-14 01:58:33.769 I/zygote  ( 4185): Increasing code cache capacity to 128KB
12-14 01:58:33.771 V/StatusBar( 1734): setLightsOn(true)
12-14 01:58:33.772 I/zygote  ( 4185): Do partial code cache collection, code=28KB, data=48KB
12-14 01:58:33.773 I/zygote  ( 4185): After code cache collection, code=28KB, data=48KB
12-14 01:58:33.773 I/zygote  ( 4185): Increasing code cache capacity to 256KB
12-14 01:58:33.773 I/zygote  ( 4185): JIT allocated 71KB for compiled code of void android.widget.TextView.<init>(android.content.Context, android.util.AttributeSet, int, int)
12-14 01:58:33.773 I/zygote  ( 4185): Compiler allocated 4MB to compile void android.widget.TextView.<init>(android.content.Context, android.util.AttributeSet, int, int)
12-14 01:58:33.778 V/StatusBar( 1734): setLightsOn(true)
12-14 01:58:33.780 V/StatusBar( 1734): setLightsOn(true)
12-14 01:58:33.821 D/gralloc_ranchu( 1396): gralloc_alloc: Creating ashmem region of size 7753728
12-14 01:58:33.839 D/        ( 4185): HostConnection::get() New Host Connection established 0xa1e2fd80, tid 4185
12-14 01:58:33.889 V/StatusBar( 1734): setLightsOn(true)
12-14 01:58:33.892 I/chatty  ( 1734): uid=10028(u0_a28) com.android.systemui identical 1 line
12-14 01:58:33.906 V/StatusBar( 1734): setLightsOn(true)
12-14 01:58:33.907 I/ActivityManager( 1628): Displayed com.evancharlton.mileage/.Mileage: +474ms
12-14 01:58:33.943 V/StatusBar( 1734): setLightsOn(true)
12-14 01:58:33.951 D/gralloc_ranchu( 1396): gralloc_alloc: Creating ashmem region of size 7753728
12-14 01:58:34.078 V/StatusBar( 1734): setLightsOn(true)
12-14 01:58:34.107 V/StatusBar( 1734): setLightsOn(true)
12-14 01:58:34.118 I/zygote  ( 4185): Do full code cache collection, code=125KB, data=72KB
12-14 01:58:34.118 I/zygote  ( 4185): After code cache collection, code=109KB, data=45KB
