--------- beginning of main
12-14 01:58:15.738 E/adbd    ( 1381): failed to connect to socket 'tcp:7102': Connection refused
12-14 01:58:33.042 D/AndroidRuntime( 4175): >>>>>> START com.android.internal.os.RuntimeInit uid 2000 <<<<<<
12-14 01:58:33.075 W/app_process( 4175): Unexpected CPU variant for X86 using defaults: x86
12-14 01:58:33.093 D/AndroidRuntime( 4175): Calling main entry com.android.commands.am.Am
12-14 01:58:33.111 I/zygote  ( 4185): Not late-enabling -Xcheck:jni (already on)
12-14 01:58:33.118 D/AndroidRuntime( 4175): Shutting down VM
12-14 01:58:33.118 E/memtrack( 1628): Couldn't load memtrack module
12-14 01:58:33.118 W/android.os.Debug( 1628): failed to get memory consumption info: -1
12-14 01:58:33.123 W/zygote  ( 4185): Unexpected CPU variant for X86 using defaults: x86
12-14 01:58:33.139 E/memtrack( 1628): Couldn't load memtrack module
12-14 01:58:33.139 W/android.os.Debug( 1628): failed to get memory consumption info: -1
12-14 01:58:33.141 W/zygote  ( 4185): Found duplicate classes, falling back to extracting from APK : /data/app/com.evancharlton.mileage.test-xeDZ7o5g3efn2d1of_SsQQ==/base.apk
12-14 01:58:33.141 W/zygote  ( 4185): NOTE: This wastes RAM and hurts startup performance.
12-14 01:58:33.141 W/zygote  ( 4185): Found duplicated class when checking oat files: 'Ljunit/runner/BaseTestRunner;' in /data/app/com.evancharlton.mileage.test-xeDZ7o5g3efn2d1of_SsQQ==/base.apk and /system/framework/android.test.runner.jar
12-14 01:58:33.141 W/zygote  ( 4185): 
12-14 01:58:33.148 E/memtrack( 1628): Couldn't load memtrack module
12-14 01:58:33.148 W/android.os.Debug( 1628): failed to get memory consumption info: -1
12-14 01:58:33.156 E/adbd    ( 1381): failed to connect to socket 'tcp:7102': Connection refused
12-14 01:58:33.162 E/adbd    ( 1381): failed to connect to socket 'tcp:7102': Connection refused
12-14 01:58:33.179 W/System  ( 4185): ClassLoader referenced unknown path: 
12-14 01:58:33.192 I/System.out( 4185): Main activity name automatically set to: com.evancharlton.mileage.Mileage
12-14 01:58:33.193 I/System.out( 4185): Calabash did not load Mono. This is only a problem if you are trying to test a Mono application
12-14 01:58:33.193 I/calabash( 4185): Test server port: 7102
12-14 01:58:33.194 I/InstrumentationBackend( 4185): Added:'GetPreferences', with key:'get_preferences'
12-14 01:58:33.251 I/InstrumentationBackend( 4185): Added:'SetPreferences', with key:'set_preferences'
12-14 01:58:33.252 I/InstrumentationBackend( 4185): Added:'ClearPreferences', with key:'clear_preferences'
12-14 01:58:33.252 I/InstrumentationBackend( 4185): Added:'PressElement', with key:'press_l10n_element'
12-14 01:58:33.252 I/InstrumentationBackend( 4185): Added:'WaitForElement', with key:'wait_for_l10n_element'
12-14 01:58:33.253 I/InstrumentationBackend( 4185): Added:'NullAction', with key:'nullAction'
12-14 01:58:33.253 I/InstrumentationBackend( 4185): Added:'PressKey', with key:'press_key'
12-14 01:58:33.253 I/InstrumentationBackend( 4185): Added:'SetActivityOrientation', with key:'set_activity_orientation'
12-14 01:58:33.254 I/InstrumentationBackend( 4185): Added:'GetActivityOrientation', with key:'get_activity_orientation'
12-14 01:58:33.255 I/InstrumentationBackend( 4185): Added:'FakeGPSLocation', with key:'set_gps_coordinates'
12-14 01:58:33.255 I/InstrumentationBackend( 4185): Added:'SetPropertyByCssSelector', with key:'set_property_by_css_selector'
12-14 01:58:33.256 I/InstrumentationBackend( 4185): Added:'GetUrl', with key:'get_url'
12-14 01:58:33.258 I/InstrumentationBackend( 4185): Added:'ScrollTo', with key:'scroll_to'
12-14 01:58:33.259 I/InstrumentationBackend( 4185): Added:'GetLoadProgress', with key:'get_load_progress'
12-14 01:58:33.259 I/InstrumentationBackend( 4185): Added:'DumpHtml', with key:'dump_html'
12-14 01:58:33.259 I/InstrumentationBackend( 4185): Added:'DumpBodyHtml', with key:'dump_body_html'
12-14 01:58:33.260 I/InstrumentationBackend( 4185): Added:'EnterTextByCssSelector', with key:'enter_text_by_selector'
12-14 01:58:33.264 I/InstrumentationBackend( 4185): Added:'AndroidSDKVersion', with key:'android_sdk_version'
12-14 01:58:33.264 I/InstrumentationBackend( 4185): Added:'Version', with key:'version'
12-14 01:58:33.264 I/InstrumentationBackend( 4185): Added:'Drag', with key:'drag'
12-14 01:58:33.265 I/InstrumentationBackend( 4185): Added:'TouchCoordinates', with key:'touch_coordinate'
12-14 01:58:33.265 I/InstrumentationBackend( 4185): Added:'LongPressCoordinate', with key:'long_press_coordinate'
12-14 01:58:33.265 I/InstrumentationBackend( 4185): Added:'DragCoordinates', with key:'drag_coordinates'
12-14 01:58:33.266 I/InstrumentationBackend( 4185): Added:'ResumeApplication', with key:'resume_application'
12-14 01:58:33.267 I/InstrumentationBackend( 4185): Added:'Swipe', with key:'swipe'
12-14 01:58:33.267 I/InstrumentationBackend( 4185): Added:'DoubleTapCoordinate', with key:'double_tap_coordinate'
12-14 01:58:33.267 I/InstrumentationBackend( 4185): Added:'ClickOnScreen', with key:'click_on_screen'
12-14 01:58:33.268 I/InstrumentationBackend( 4185): Added:'GetActivityName', with key:'get_activity_name'
12-14 01:58:33.269 I/InstrumentationBackend( 4185): Added:'ScrollToView', with key:'scroll_to_view'
12-14 01:58:33.269 I/InstrumentationBackend( 4185): Added:'ViewConfiguration', with key:'view_configuration'
12-14 01:58:33.270 I/InstrumentationBackend( 4185): Added:'IsCurrentActivityFocused', with key:'is_current_activity_focused'
12-14 01:58:33.270 I/InstrumentationBackend( 4185): Added:'SendTcp', with key:'send_tcp'
12-14 01:58:33.270 I/InstrumentationBackend( 4185): Added:'DpToDevicePixel', with key:'dp_to_device_pixel'
12-14 01:58:33.271 I/InstrumentationBackend( 4185): Added:'KeyboardEnterText', with key:'keyboard_enter_text'
12-14 01:58:33.272 I/InstrumentationBackend( 4185): Added:'DeleteSurroundingText', with key:'delete_surrounding_text'
12-14 01:58:33.273 I/InstrumentationBackend( 4185): Added:'SetComposingRegion', with key:'set_composing_region'
12-14 01:58:33.273 I/InstrumentationBackend( 4185): Added:'SetSelection', with key:'set_selection'
12-14 01:58:33.273 I/InstrumentationBackend( 4185): Added:'KeyboardKeyEvent', with key:'keyboard_key_event'
12-14 01:58:33.274 I/InstrumentationBackend( 4185): Added:'PressUserActionButton', with key:'press_user_action_button'
12-14 01:58:33.274 I/InstrumentationBackend( 4185): Added:'HideSoftKeyboard', with key:'hide_soft_keyboard'
12-14 01:58:33.277 I/InstrumentationBackend( 4185): Added:'ListActions', with key:'list_actions'
12-14 01:58:33.277 I/calabash( 4185): Instantiating http server at 7102
12-14 01:58:33.277 E/adbd    ( 1381): failed to connect to socket 'tcp:7102': Connection refused
12-14 01:58:33.278 I/System.out( 4185): HTTP Daemon listening on: 7102
12-14 01:58:33.283 I/System.out( 4185): URI: //ping
12-14 01:58:33.284 I/System.out( 4185): params: {json={}
12-14 01:58:33.284 I/System.out( 4185): }
12-14 01:58:33.291 I/System.out( 4185): URI: //ping
12-14 01:58:33.291 I/System.out( 4185): params: {json={}
12-14 01:58:33.291 I/System.out( 4185): }
12-14 01:58:33.297 I/System.out( 4185): URI: //ready
12-14 01:58:33.297 I/System.out( 4185): params: {json={}
12-14 01:58:33.297 I/System.out( 4185): }
12-14 01:58:33.303 I/System.out( 4185): URI: //
12-14 01:58:33.303 I/System.out( 4185): params: {json={"command":"version","arguments":[]}
12-14 01:58:33.303 I/System.out( 4185): }
12-14 01:58:33.303 I/System.out( 4185): header: {content-type=application/json;charset=utf-8, date=Mon, 14 Dec 2020 06:58:33 GMT, accept=*/*, host=127.0.0.1:34777, content-length=36, user-agent=HTTPClient/1.0 (2.8.3, ruby 2.5.8 (2020-03-31))}
12-14 01:58:33.304 I/System.out( 4185): params: {json={"command":"version","arguments":[]}
12-14 01:58:33.304 I/System.out( 4185): }
12-14 01:58:33.304 I/System.out( 4185): ProP json = {"command":"version","arguments":[]}
12-14 01:58:33.304 I/System.out( 4185): files: {}
12-14 01:58:33.304 I/System.out( 4185): command: {"command":"version","arguments":[]}
12-14 01:58:33.331 I/InstrumentationBackend( 4185): Got command:'Command:'Line:null,version', arguments:'[]'
12-14 01:58:33.368 I/System.out( 4185): result:{"bonusInformation":[],"message":"0.9.8","success":true}
12-14 01:58:33.374 I/System.out( 4185): URI: //start-application
12-14 01:58:33.374 I/System.out( 4185): params: {json={"intent":null}
12-14 01:58:33.374 I/System.out( 4185): }
12-14 01:58:33.426 I/calabash( 4185): newActivity1
12-14 01:58:33.441 D/gralloc_ranchu( 1396): gralloc_alloc: Creating ashmem region of size 7753728
12-14 01:58:33.470 I/calabash( 4185): newActivity1
12-14 01:58:33.512 D/EGL_emulation( 2177): eglMakeCurrent: 0xa21fdf20: ver 3 0 (tinfo 0xa21ff890)
12-14 01:58:33.512 D/EGL_emulation( 2151): eglMakeCurrent: 0xa21fd140: ver 3 0 (tinfo 0xa21ffbc0)
12-14 01:58:33.513 V/StatusBar( 1734): setLightsOn(true)
12-14 01:58:33.540 D/EGL_emulation( 1734): eglMakeCurrent: 0xa0275400: ver 3 0 (tinfo 0xa026cdd0)
12-14 01:58:33.541 V/StatusBar( 1734): setLightsOn(true)
12-14 01:58:33.550 D/EGL_emulation( 1734): eglMakeCurrent: 0xa0275400: ver 3 0 (tinfo 0xa026cdd0)
12-14 01:58:33.558 D/EGL_emulation( 1734): eglMakeCurrent: 0xa0275400: ver 3 0 (tinfo 0xa026cdd0)
12-14 01:58:33.560 E/ContentStoreEUAS( 2177): Failed to commit the deferred actions
12-14 01:58:33.568 D/EGL_emulation( 1734): eglMakeCurrent: 0xa0275400: ver 3 0 (tinfo 0xa026cdd0)
12-14 01:58:33.712 I/chatty  ( 1734): uid=10028(u0_a28) RenderThread identical 18 lines
12-14 01:58:33.718 D/EGL_emulation( 1734): eglMakeCurrent: 0xa0275400: ver 3 0 (tinfo 0xa026cdd0)
12-14 01:58:33.719 V/StatusBar( 1734): setLightsOn(true)
12-14 01:58:33.726 D/EGL_emulation( 1734): eglMakeCurrent: 0xa0275400: ver 3 0 (tinfo 0xa026cdd0)
12-14 01:58:33.769 I/zygote  ( 4185): Do partial code cache collection, code=28KB, data=30KB
12-14 01:58:33.769 I/zygote  ( 4185): After code cache collection, code=28KB, data=30KB
12-14 01:58:33.769 I/zygote  ( 4185): Increasing code cache capacity to 128KB
12-14 01:58:33.771 V/StatusBar( 1734): setLightsOn(true)
12-14 01:58:33.772 I/zygote  ( 4185): Do partial code cache collection, code=28KB, data=48KB
12-14 01:58:33.773 I/zygote  ( 4185): After code cache collection, code=28KB, data=48KB
12-14 01:58:33.773 I/zygote  ( 4185): Increasing code cache capacity to 256KB
12-14 01:58:33.773 I/zygote  ( 4185): JIT allocated 71KB for compiled code of void android.widget.TextView.<init>(android.content.Context, android.util.AttributeSet, int, int)
12-14 01:58:33.773 I/zygote  ( 4185): Compiler allocated 4MB to compile void android.widget.TextView.<init>(android.content.Context, android.util.AttributeSet, int, int)
12-14 01:58:33.778 V/StatusBar( 1734): setLightsOn(true)
12-14 01:58:33.780 V/StatusBar( 1734): setLightsOn(true)
12-14 01:58:33.821 D/gralloc_ranchu( 1396): gralloc_alloc: Creating ashmem region of size 7753728
12-14 01:58:33.839 D/        ( 4185): HostConnection::get() New Host Connection established 0xa1e2fd80, tid 4185
12-14 01:58:33.889 V/StatusBar( 1734): setLightsOn(true)
12-14 01:58:33.892 I/chatty  ( 1734): uid=10028(u0_a28) com.android.systemui identical 1 line
12-14 01:58:33.906 V/StatusBar( 1734): setLightsOn(true)
12-14 01:58:33.907 I/ActivityManager( 1628): Displayed com.evancharlton.mileage/.Mileage: +474ms
12-14 01:58:33.943 V/StatusBar( 1734): setLightsOn(true)
12-14 01:58:33.951 D/gralloc_ranchu( 1396): gralloc_alloc: Creating ashmem region of size 7753728
12-14 01:58:34.078 V/StatusBar( 1734): setLightsOn(true)
12-14 01:58:34.107 V/StatusBar( 1734): setLightsOn(true)
12-14 01:58:34.118 I/zygote  ( 4185): Do full code cache collection, code=125KB, data=72KB
12-14 01:58:34.118 I/zygote  ( 4185): After code cache collection, code=109KB, data=45KB
12-14 01:58:34.231 I/System.out( 4185): URI: //kill
12-14 01:58:34.231 I/System.out( 4185): params: {json={}
12-14 01:58:34.231 I/System.out( 4185): }
12-14 01:58:34.231 I/System.out( 4185): Stopping test server
12-14 01:58:34.237 E/adbd    ( 1381): failed to connect to socket 'tcp:7102': Connection refused
12-14 01:58:34.240 V/StatusBar( 1734): setLightsOn(true)
12-14 01:58:34.241 V/StatusBar( 1734): setLightsOn(true)
12-14 01:58:34.245 E/adbd    ( 1381): failed to connect to socket 'tcp:7102': Connection refused
12-14 01:58:34.258 V/StatusBar( 1734): setLightsOn(true)
12-14 01:58:34.273 W/SurfaceFlinger( 1405): couldn't log to binary event log: overflow.
12-14 01:58:34.303 V/StatusBar( 1734): setLightsOn(true)
12-14 01:58:34.341 I/chatty  ( 1734): uid=10028(u0_a28) com.android.systemui identical 3 lines
12-14 01:58:34.361 V/StatusBar( 1734): setLightsOn(true)
12-14 01:58:34.364 D/gralloc_ranchu( 1396): gralloc_alloc: Creating ashmem region of size 8298496
12-14 01:58:34.375 D/gralloc_ranchu( 1396): gralloc_alloc: Creating ashmem region of size 8298496
12-14 01:58:34.384 D/EGL_emulation( 1734): eglMakeCurrent: 0xa0275400: ver 3 0 (tinfo 0xa026cdd0)
12-14 01:58:34.395 D/gralloc_ranchu( 1396): gralloc_alloc: Creating ashmem region of size 8298496
12-14 01:58:34.460 I/chatty  ( 1396): uid=1000(system) allocator@2.0-s identical 1 line
12-14 01:58:34.519 D/gralloc_ranchu( 1396): gralloc_alloc: Creating ashmem region of size 8298496
12-14 01:58:34.578 E/IPCThreadState( 1405): binder thread pool (4 threads) starved for 207 ms
12-14 01:58:34.580 D/gralloc_ranchu( 1396): gralloc_alloc: Creating ashmem region of size 8298496
12-14 01:58:34.663 D/EGL_emulation( 2177): eglMakeCurrent: 0xa21fdf20: ver 3 0 (tinfo 0xa21ff890)
12-14 01:58:34.674 I/MicroDetectionWorker( 2177): #updateMicroDetector [detectionMode: [mDetectionMode: [1]]]
12-14 01:58:34.676 I/MicroDetectionWorker( 2177): #startMicroDetector [speakerMode: 0]
12-14 01:58:34.679 I/AudioController( 2177): Using mInputStreamFactoryBuilder
12-14 01:58:34.683 I/MicroDetectionWorker( 2177): onReady
12-14 01:58:34.693 I/MicroRecognitionRunner( 2177): Starting detection.
12-14 01:58:34.695 I/MicrophoneInputStream( 2177): mic_starting com.google.android.apps.gsa.staticplugins.aa.c@904a678
12-14 01:58:34.696 D/EGL_emulation( 2151): eglMakeCurrent: 0xa21fd140: ver 3 0 (tinfo 0xa21ffbc0)
12-14 01:58:34.700 I/AudioFlinger( 1476): AudioFlinger's thread 0xb2683340 tid=4234 ready to run
12-14 01:58:34.705 I/MicrophoneInputStream( 2177): mic_started com.google.android.apps.gsa.staticplugins.aa.c@904a678
12-14 01:58:34.708 I/MicroDetectionWorker( 2177): onReady
12-14 01:58:34.712 I/MicrophoneInputStream( 2177): mic_close com.google.android.apps.gsa.staticplugins.aa.c@904a678
12-14 01:58:34.712 I/MicroRecognitionRunner( 2177): Detection finished
12-14 01:58:34.712 W/ErrorReporter( 2177): reportError [type: 211, code: 524300]: Error reading from input stream
12-14 01:58:34.713 I/MicroRecognitionRunner( 2177): Stopping hotword detection.
12-14 01:58:34.713 W/ErrorProcessor( 2177): onFatalError, processing error from engine(4)
12-14 01:58:34.713 W/ErrorProcessor( 2177): com.google.android.apps.gsa.shared.speech.b.g: Error reading from input stream
12-14 01:58:34.713 W/ErrorProcessor( 2177): 	at com.google.android.apps.gsa.staticplugins.recognizer.j.a.a(SourceFile:28)
12-14 01:58:34.713 W/ErrorProcessor( 2177): 	at com.google.android.apps.gsa.staticplugins.recognizer.j.b.run(SourceFile:15)
12-14 01:58:34.713 W/ErrorProcessor( 2177): 	at java.util.concurrent.Executors$RunnableAdapter.call(Executors.java:457)
12-14 01:58:34.713 W/ErrorProcessor( 2177): 	at java.util.concurrent.FutureTask.run(FutureTask.java:266)
12-14 01:58:34.713 W/ErrorProcessor( 2177): 	at com.google.android.apps.gsa.shared.util.concurrent.a.ax.run(SourceFile:14)
12-14 01:58:34.713 W/ErrorProcessor( 2177): 	at com.google.android.apps.gsa.shared.util.concurrent.a.bl.run(SourceFile:4)
12-14 01:58:34.713 W/ErrorProcessor( 2177): 	at com.google.android.apps.gsa.shared.util.concurrent.a.bl.run(SourceFile:4)
12-14 01:58:34.713 W/ErrorProcessor( 2177): 	at java.util.concurrent.ThreadPoolExecutor.runWorker(ThreadPoolExecutor.java:1162)
12-14 01:58:34.713 W/ErrorProcessor( 2177): 	at java.util.concurrent.ThreadPoolExecutor$Worker.run(ThreadPoolExecutor.java:636)
12-14 01:58:34.713 W/ErrorProcessor( 2177): 	at java.lang.Thread.run(Thread.java:764)
12-14 01:58:34.713 W/ErrorProcessor( 2177): 	at com.google.android.apps.gsa.shared.util.concurrent.a.ai.run(SourceFile:6)
12-14 01:58:34.713 W/ErrorProcessor( 2177): Caused by: com.google.android.apps.gsa.shared.exception.GsaIOException: Error code: 393238 | Buffer overflow, no available space.
12-14 01:58:34.713 W/ErrorProcessor( 2177): 	at com.google.android.apps.gsa.speech.audio.Tee.f(SourceFile:103)
12-14 01:58:34.713 W/ErrorProcessor( 2177): 	at com.google.android.apps.gsa.speech.audio.au.read(SourceFile:2)
12-14 01:58:34.713 W/ErrorProcessor( 2177): 	at java.io.InputStream.read(InputStream.java:101)
12-14 01:58:34.713 W/ErrorProcessor( 2177): 	at com.google.android.apps.gsa.speech.audio.ao.run(SourceFile:18)
12-14 01:58:34.713 W/ErrorProcessor( 2177): 	at com.google.android.apps.gsa.speech.audio.an.run(SourceFile:2)
12-14 01:58:34.713 W/ErrorProcessor( 2177): 	... 9 more
12-14 01:58:34.713 I/AudioController( 2177): internalShutdown
12-14 01:58:34.714 I/MicroDetector( 2177): Keeping mic open: false
12-14 01:58:34.714 I/MicroDetectionWorker( 2177): #onError(false)
12-14 01:58:34.714 I/DeviceStateChecker( 2177): DeviceStateChecker cancelled
12-14 01:58:34.730 D/gralloc_ranchu( 1396): gralloc_alloc: Creating ashmem region of size 7753728
12-14 01:58:34.749 D/        ( 1734): HostConnection::get() New Host Connection established 0x8cd04080, tid 1759
12-14 01:58:34.760 D/EGL_emulation( 1734): eglMakeCurrent: 0xa0275400: ver 3 0 (tinfo 0xa026cdd0)
12-14 01:58:34.969 I/chatty  ( 1734): uid=10028(u0_a28) RenderThread identical 23 lines
12-14 01:58:34.986 D/EGL_emulation( 1734): eglMakeCurrent: 0xa0275400: ver 3 0 (tinfo 0xa026cdd0)
12-14 01:58:35.157 W/OpenGLRenderer( 2151): Incorrectly called buildLayer on View: ShortcutAndWidgetContainer, destroying layer...
12-14 01:58:35.226 I/OpenGLRenderer( 1628): Initialized EGL, version 1.4
12-14 01:58:35.226 D/OpenGLRenderer( 1628): Swap behavior 1
12-14 01:58:35.226 W/OpenGLRenderer( 1628): Failed to choose config with EGL_SWAP_BEHAVIOR_PRESERVED, retrying without...
12-14 01:58:35.226 D/OpenGLRenderer( 1628): Swap behavior 0
12-14 01:58:35.262 D/EGL_emulation( 1628): eglCreateContext: 0x8df3be40: maj 3 min 0 rcv 3
12-14 01:58:35.266 D/EGL_emulation( 1628): eglMakeCurrent: 0x8df3be40: ver 3 0 (tinfo 0x8a4f62c0)
12-14 01:58:35.268 E/eglCodecCommon( 1628): glUtilsParamSize: unknow param 0x00008cdf
12-14 01:58:35.268 E/eglCodecCommon( 1628): glUtilsParamSize: unknow param 0x00008cdf
12-14 01:58:35.269 E/eglCodecCommon( 1628): glUtilsParamSize: unknow param 0x00008824
12-14 01:58:35.269 E/eglCodecCommon( 1628): glUtilsParamSize: unknow param 0x00008824
--------- beginning of system
12-14 01:58:37.438 E/TaskPersister( 1628): File error accessing recents directory (directory doesn't exist?).
12-14 01:58:37.557 D/AndroidRuntime( 4238): >>>>>> START com.android.internal.os.RuntimeInit uid 2000 <<<<<<
12-14 01:58:37.591 W/app_process( 4238): Unexpected CPU variant for X86 using defaults: x86
12-14 01:58:37.605 D/AndroidRuntime( 4238): Calling main entry com.android.commands.am.Am
12-14 01:58:37.608 I/ActivityManager( 1628): Force stopping com.evancharlton.mileage appid=10318 user=0: start instr
12-14 01:58:37.608 I/ActivityManager( 1628): Killing 4185:com.evancharlton.mileage/u0a318 (adj 0): stop com.evancharlton.mileage
12-14 01:58:37.609 W/ActivityManager( 1628): Crash of app com.evancharlton.mileage running instrumentation ComponentInfo{com.evancharlton.mileage.test/sh.calaba.instrumentationbackend.CalabashInstrumentationTestRunner}
12-14 01:58:37.609 I/ActivityManager( 1628): Force stopping com.evancharlton.mileage appid=10318 user=0: finished inst
12-14 01:58:37.616 I/zygote  ( 4248): Not late-enabling -Xcheck:jni (already on)
12-14 01:58:37.621 I/ActivityManager( 1628): Start proc 4248:com.evancharlton.mileage/u0a318 for added application com.evancharlton.mileage
12-14 01:58:37.621 D/AndroidRuntime( 4238): Shutting down VM
12-14 01:58:37.623 E/memtrack( 1628): Couldn't load memtrack module
12-14 01:58:37.623 W/android.os.Debug( 1628): failed to get memory consumption info: -1
12-14 01:58:37.627 W/zygote  ( 4248): Unexpected CPU variant for X86 using defaults: x86
12-14 01:58:37.634 E/memtrack( 1628): Couldn't load memtrack module
12-14 01:58:37.634 W/android.os.Debug( 1628): failed to get memory consumption info: -1
12-14 01:58:37.644 E/adbd    ( 1381): failed to connect to socket 'tcp:7102': Connection refused
12-14 01:58:37.649 W/ActivityManager( 1628): setHasOverlayUi called on unknown pid: 4185
12-14 01:58:37.650 E/adbd    ( 1381): failed to connect to socket 'tcp:7102': Connection refused
12-14 01:58:37.659 E/memtrack( 1628): Couldn't load memtrack module
12-14 01:58:37.659 W/android.os.Debug( 1628): failed to get memory consumption info: -1
12-14 01:58:37.660 W/zygote  ( 4248): Found duplicate classes, falling back to extracting from APK : /data/app/com.evancharlton.mileage.test-xeDZ7o5g3efn2d1of_SsQQ==/base.apk
12-14 01:58:37.660 W/zygote  ( 4248): NOTE: This wastes RAM and hurts startup performance.
12-14 01:58:37.660 W/zygote  ( 4248): Found duplicated class when checking oat files: 'Ljunit/runner/BaseTestRunner;' in /data/app/com.evancharlton.mileage.test-xeDZ7o5g3efn2d1of_SsQQ==/base.apk and /system/framework/android.test.runner.jar
12-14 01:58:37.660 W/zygote  ( 4248): 
12-14 01:58:37.690 W/System  ( 4248): ClassLoader referenced unknown path: 
12-14 01:58:37.703 I/System.out( 4248): Main activity name automatically set to: com.evancharlton.mileage.Mileage
12-14 01:58:37.704 I/System.out( 4248): Calabash did not load Mono. This is only a problem if you are trying to test a Mono application
12-14 01:58:37.704 I/calabash( 4248): Test server port: 7102
12-14 01:58:37.705 I/InstrumentationBackend( 4248): Added:'GetPreferences', with key:'get_preferences'
12-14 01:58:37.757 E/adbd    ( 1381): failed to connect to socket 'tcp:7102': Connection refused
12-14 01:58:37.759 E/adbd    ( 1381): failed to connect to socket 'tcp:7102': Connection refused
12-14 01:58:37.768 I/InstrumentationBackend( 4248): Added:'SetPreferences', with key:'set_preferences'
12-14 01:58:37.768 I/InstrumentationBackend( 4248): Added:'ClearPreferences', with key:'clear_preferences'
12-14 01:58:37.768 I/InstrumentationBackend( 4248): Added:'PressElement', with key:'press_l10n_element'
12-14 01:58:37.769 I/InstrumentationBackend( 4248): Added:'WaitForElement', with key:'wait_for_l10n_element'
12-14 01:58:37.769 I/InstrumentationBackend( 4248): Added:'NullAction', with key:'nullAction'
12-14 01:58:37.770 I/InstrumentationBackend( 4248): Added:'PressKey', with key:'press_key'
12-14 01:58:37.770 I/InstrumentationBackend( 4248): Added:'SetActivityOrientation', with key:'set_activity_orientation'
12-14 01:58:37.770 I/InstrumentationBackend( 4248): Added:'GetActivityOrientation', with key:'get_activity_orientation'
12-14 01:58:37.771 I/InstrumentationBackend( 4248): Added:'FakeGPSLocation', with key:'set_gps_coordinates'
12-14 01:58:37.771 I/InstrumentationBackend( 4248): Added:'SetPropertyByCssSelector', with key:'set_property_by_css_selector'
12-14 01:58:37.772 I/InstrumentationBackend( 4248): Added:'GetUrl', with key:'get_url'
12-14 01:58:37.775 I/InstrumentationBackend( 4248): Added:'ScrollTo', with key:'scroll_to'
12-14 01:58:37.775 I/InstrumentationBackend( 4248): Added:'GetLoadProgress', with key:'get_load_progress'
12-14 01:58:37.776 I/InstrumentationBackend( 4248): Added:'DumpHtml', with key:'dump_html'
12-14 01:58:37.776 I/InstrumentationBackend( 4248): Added:'DumpBodyHtml', with key:'dump_body_html'
12-14 01:58:37.777 I/InstrumentationBackend( 4248): Added:'EnterTextByCssSelector', with key:'enter_text_by_selector'
12-14 01:58:37.781 I/InstrumentationBackend( 4248): Added:'AndroidSDKVersion', with key:'android_sdk_version'
12-14 01:58:37.781 I/InstrumentationBackend( 4248): Added:'Version', with key:'version'
12-14 01:58:37.782 I/InstrumentationBackend( 4248): Added:'Drag', with key:'drag'
12-14 01:58:37.782 I/InstrumentationBackend( 4248): Added:'TouchCoordinates', with key:'touch_coordinate'
12-14 01:58:37.782 I/InstrumentationBackend( 4248): Added:'LongPressCoordinate', with key:'long_press_coordinate'
12-14 01:58:37.782 I/InstrumentationBackend( 4248): Added:'DragCoordinates', with key:'drag_coordinates'
12-14 01:58:37.783 I/InstrumentationBackend( 4248): Added:'ResumeApplication', with key:'resume_application'
12-14 01:58:37.783 I/InstrumentationBackend( 4248): Added:'Swipe', with key:'swipe'
12-14 01:58:37.783 I/InstrumentationBackend( 4248): Added:'DoubleTapCoordinate', with key:'double_tap_coordinate'
12-14 01:58:37.784 I/InstrumentationBackend( 4248): Added:'ClickOnScreen', with key:'click_on_screen'
12-14 01:58:37.784 I/InstrumentationBackend( 4248): Added:'GetActivityName', with key:'get_activity_name'
12-14 01:58:37.785 I/InstrumentationBackend( 4248): Added:'ScrollToView', with key:'scroll_to_view'
12-14 01:58:37.785 I/InstrumentationBackend( 4248): Added:'ViewConfiguration', with key:'view_configuration'
12-14 01:58:37.786 I/InstrumentationBackend( 4248): Added:'IsCurrentActivityFocused', with key:'is_current_activity_focused'
12-14 01:58:37.786 I/InstrumentationBackend( 4248): Added:'SendTcp', with key:'send_tcp'
12-14 01:58:37.786 I/InstrumentationBackend( 4248): Added:'DpToDevicePixel', with key:'dp_to_device_pixel'
12-14 01:58:37.787 I/InstrumentationBackend( 4248): Added:'KeyboardEnterText', with key:'keyboard_enter_text'
12-14 01:58:37.788 I/InstrumentationBackend( 4248): Added:'DeleteSurroundingText', with key:'delete_surrounding_text'
12-14 01:58:37.789 I/InstrumentationBackend( 4248): Added:'SetComposingRegion', with key:'set_composing_region'
12-14 01:58:37.789 I/InstrumentationBackend( 4248): Added:'SetSelection', with key:'set_selection'
12-14 01:58:37.789 I/InstrumentationBackend( 4248): Added:'KeyboardKeyEvent', with key:'keyboard_key_event'
12-14 01:58:37.790 I/InstrumentationBackend( 4248): Added:'PressUserActionButton', with key:'press_user_action_button'
12-14 01:58:37.790 I/InstrumentationBackend( 4248): Added:'HideSoftKeyboard', with key:'hide_soft_keyboard'
12-14 01:58:37.792 I/InstrumentationBackend( 4248): Added:'ListActions', with key:'list_actions'
12-14 01:58:37.792 I/calabash( 4248): Instantiating http server at 7102
12-14 01:58:37.792 I/System.out( 4248): HTTP Daemon listening on: 7102
12-14 01:58:37.881 I/System.out( 4248): URI: //ping
12-14 01:58:37.881 I/System.out( 4248): params: {json={}
12-14 01:58:37.881 I/System.out( 4248): }
12-14 01:58:37.892 I/System.out( 4248): URI: //ping
12-14 01:58:37.893 I/System.out( 4248): params: {json={}
12-14 01:58:37.893 I/System.out( 4248): }
12-14 01:58:37.900 I/System.out( 4248): URI: //ready
12-14 01:58:37.900 I/System.out( 4248): params: {json={}
12-14 01:58:37.900 I/System.out( 4248): }
12-14 01:58:37.908 I/System.out( 4248): URI: //
12-14 01:58:37.908 I/System.out( 4248): params: {json={"command":"version","arguments":[]}
12-14 01:58:37.908 I/System.out( 4248): }
12-14 01:58:37.908 I/System.out( 4248): header: {content-type=application/json;charset=utf-8, date=Mon, 14 Dec 2020 06:58:38 GMT, accept=*/*, host=127.0.0.1:34777, content-length=36, user-agent=HTTPClient/1.0 (2.8.3, ruby 2.5.8 (2020-03-31))}
12-14 01:58:37.908 I/System.out( 4248): params: {json={"command":"version","arguments":[]}
12-14 01:58:37.908 I/System.out( 4248): }
12-14 01:58:37.908 I/System.out( 4248): ProP json = {"command":"version","arguments":[]}
12-14 01:58:37.908 I/System.out( 4248): files: {}
12-14 01:58:37.908 I/System.out( 4248): command: {"command":"version","arguments":[]}
12-14 01:58:37.938 I/InstrumentationBackend( 4248): Got command:'Command:'Line:null,version', arguments:'[]'
12-14 01:58:37.973 I/System.out( 4248): result:{"bonusInformation":[],"message":"0.9.8","success":true}
12-14 01:58:37.981 I/System.out( 4248): URI: //start-application
12-14 01:58:37.981 I/System.out( 4248): params: {json={"intent":null}
12-14 01:58:37.981 I/System.out( 4248): }
12-14 01:58:38.027 I/ActivityManager( 1628): START u0 {act=android.intent.action.MAIN cat=[android.intent.category.LAUNCHER] flg=0x10200000 cmp=com.evancharlton.mileage/.Mileage} from uid 10318
12-14 01:58:38.040 I/calabash( 4248): newActivity1
12-14 01:58:38.062 W/ActivityManager( 1628): Bad activity token: android.os.BinderProxy@95e4da
12-14 01:58:38.062 W/ActivityManager( 1628): java.lang.ClassCastException: android.os.BinderProxy cannot be cast to com.android.server.am.ActivityRecord$Token
12-14 01:58:38.062 W/ActivityManager( 1628): 	at com.android.server.am.ActivityRecord.forTokenLocked(ActivityRecord.java:778)
12-14 01:58:38.062 W/ActivityManager( 1628): 	at com.android.server.am.ActivityRecord.isInStackLocked(ActivityRecord.java:2085)
12-14 01:58:38.062 W/ActivityManager( 1628): 	at com.android.server.am.ActivityRecord.getStackLocked(ActivityRecord.java:2090)
12-14 01:58:38.062 W/ActivityManager( 1628): 	at com.android.server.am.ActivityManagerService.getActivityDisplayId(ActivityManagerService.java:10406)
12-14 01:58:38.062 W/ActivityManager( 1628): 	at android.app.IActivityManager$Stub.onTransact(IActivityManager.java:2738)
12-14 01:58:38.062 W/ActivityManager( 1628): 	at com.android.server.am.ActivityManagerService.onTransact(ActivityManagerService.java:2935)
12-14 01:58:38.062 W/ActivityManager( 1628): 	at android.os.Binder.execTransact(Binder.java:674)
12-14 01:58:38.063 I/calabash( 4248): newActivity1
12-14 01:58:38.065 D/gralloc_ranchu( 1396): gralloc_alloc: Creating ashmem region of size 7753728
12-14 01:58:38.071 W/ActivityManager( 1628): Bad activity token: android.os.BinderProxy@95e4da
12-14 01:58:38.071 W/ActivityManager( 1628): java.lang.ClassCastException: android.os.BinderProxy cannot be cast to com.android.server.am.ActivityRecord$Token
12-14 01:58:38.071 W/ActivityManager( 1628): 	at com.android.server.am.ActivityRecord.forTokenLocked(ActivityRecord.java:778)
12-14 01:58:38.071 W/ActivityManager( 1628): 	at com.android.server.am.ActivityRecord.isInStackLocked(ActivityRecord.java:2085)
12-14 01:58:38.071 W/ActivityManager( 1628): 	at com.android.server.am.ActivityManagerService.setTaskDescription(ActivityManagerService.java:9988)
12-14 01:58:38.071 W/ActivityManager( 1628): 	at android.app.IActivityManager$Stub.onTransact(IActivityManager.java:2824)
12-14 01:58:38.071 W/ActivityManager( 1628): 	at com.android.server.am.ActivityManagerService.onTransact(ActivityManagerService.java:2935)
12-14 01:58:38.071 W/ActivityManager( 1628): 	at android.os.Binder.execTransact(Binder.java:674)
12-14 01:58:38.071 W/ActivityManager( 1628): Bad activity token: android.os.BinderProxy@95e4da
12-14 01:58:38.071 W/ActivityManager( 1628): java.lang.ClassCastException: android.os.BinderProxy cannot be cast to com.android.server.am.ActivityRecord$Token
12-14 01:58:38.071 W/ActivityManager( 1628): 	at com.android.server.am.ActivityRecord.forTokenLocked(ActivityRecord.java:778)
12-14 01:58:38.071 W/ActivityManager( 1628): 	at com.android.server.am.ActivityRecord.isInStackLocked(ActivityRecord.java:2085)
12-14 01:58:38.071 W/ActivityManager( 1628): 	at com.android.server.am.ActivityRecord.getStackLocked(ActivityRecord.java:2090)
12-14 01:58:38.071 W/ActivityManager( 1628): 	at com.android.server.am.ActivityManagerService.getActivityStackId(ActivityManagerService.java:10417)
12-14 01:58:38.071 W/ActivityManager( 1628): 	at android.app.IActivityManager$Stub.onTransact(IActivityManager.java:3548)
12-14 01:58:38.071 W/ActivityManager( 1628): 	at com.android.server.am.ActivityManagerService.onTransact(ActivityManagerService.java:2935)
12-14 01:58:38.071 W/ActivityManager( 1628): 	at android.os.Binder.execTransact(Binder.java:674)
12-14 01:58:38.121 D/EGL_emulation( 2151): eglMakeCurrent: 0xa21fd140: ver 3 0 (tinfo 0xa21ffbc0)
12-14 01:58:38.123 D/EGL_emulation( 2177): eglMakeCurrent: 0xa21fdf20: ver 3 0 (tinfo 0xa21ff890)
12-14 01:58:38.148 D/EGL_emulation( 1734): eglMakeCurrent: 0xa0275400: ver 3 0 (tinfo 0xa026cdd0)
12-14 01:58:38.151 V/StatusBar( 1734): setLightsOn(true)
12-14 01:58:38.158 D/EGL_emulation( 1734): eglMakeCurrent: 0xa0275400: ver 3 0 (tinfo 0xa026cdd0)
12-14 01:58:38.163 E/ContentStoreEUAS( 2177): Failed to commit the deferred actions
12-14 01:58:38.175 D/EGL_emulation( 1734): eglMakeCurrent: 0xa0275400: ver 3 0 (tinfo 0xa026cdd0)
12-14 01:58:38.192 W/ActivityManager( 1628): Bad activity token: android.os.BinderProxy@95e4da
12-14 01:58:38.192 W/ActivityManager( 1628): java.lang.ClassCastException: android.os.BinderProxy cannot be cast to com.android.server.am.ActivityRecord$Token
12-14 01:58:38.192 W/ActivityManager( 1628): 	at com.android.server.am.ActivityRecord.forTokenLocked(ActivityRecord.java:778)
12-14 01:58:38.192 W/ActivityManager( 1628): 	at com.android.server.am.ActivityRecord.isInStackLocked(ActivityRecord.java:2085)
12-14 01:58:38.192 W/ActivityManager( 1628): 	at com.android.server.am.ActivityManagerService.getActivityOptions(ActivityManagerService.java:13302)
12-14 01:58:38.192 W/ActivityManager( 1628): 	at android.app.IActivityManager$Stub.onTransact(IActivityManager.java:2910)
12-14 01:58:38.192 W/ActivityManager( 1628): 	at com.android.server.am.ActivityManagerService.onTransact(ActivityManagerService.java:2935)
12-14 01:58:38.192 W/ActivityManager( 1628): 	at android.os.Binder.execTransact(Binder.java:674)
12-14 01:58:38.193 W/ActivityManager( 1628): Bad activity token: android.os.BinderProxy@95e4da
12-14 01:58:38.193 W/ActivityManager( 1628): java.lang.ClassCastException: android.os.BinderProxy cannot be cast to com.android.server.am.ActivityRecord$Token
12-14 01:58:38.193 W/ActivityManager( 1628): 	at com.android.server.am.ActivityRecord.forTokenLocked(ActivityRecord.java:778)
12-14 01:58:38.193 W/ActivityManager( 1628): 	at com.android.server.am.ActivityRecord.isInStackLocked(ActivityRecord.java:2085)
12-14 01:58:38.193 W/ActivityManager( 1628): 	at com.android.server.am.ActivityManagerService.getActivityOptions(ActivityManagerService.java:13302)
12-14 01:58:38.193 W/ActivityManager( 1628): 	at android.app.IActivityManager$Stub.onTransact(IActivityManager.java:2910)
12-14 01:58:38.193 W/ActivityManager( 1628): 	at com.android.server.am.ActivityManagerService.onTransact(ActivityManagerService.java:2935)
12-14 01:58:38.193 W/ActivityManager( 1628): 	at android.os.Binder.execTransact(Binder.java:674)
12-14 01:58:38.277 I/chatty  ( 1734): uid=10028(u0_a28) RenderThread identical 13 lines
12-14 01:58:38.289 D/EGL_emulation( 1734): eglMakeCurrent: 0xa0275400: ver 3 0 (tinfo 0xa026cdd0)
12-14 01:58:38.291 V/StatusBar( 1734): setLightsOn(true)
12-14 01:58:38.293 D/EGL_emulation( 1734): eglMakeCurrent: 0xa0275400: ver 3 0 (tinfo 0xa026cdd0)
12-14 01:58:38.324 I/chatty  ( 1734): uid=10028(u0_a28) RenderThread identical 4 lines
12-14 01:58:38.329 D/EGL_emulation( 1734): eglMakeCurrent: 0xa0275400: ver 3 0 (tinfo 0xa026cdd0)
12-14 01:58:38.331 V/StatusBar( 1734): setLightsOn(true)
12-14 01:58:38.342 I/zygote  ( 4248): Do partial code cache collection, code=28KB, data=30KB
12-14 01:58:38.343 I/zygote  ( 4248): After code cache collection, code=28KB, data=30KB
12-14 01:58:38.343 I/zygote  ( 4248): Increasing code cache capacity to 128KB
12-14 01:58:38.345 I/zygote  ( 4248): Do partial code cache collection, code=28KB, data=48KB
12-14 01:58:38.347 I/zygote  ( 4248): After code cache collection, code=28KB, data=48KB
12-14 01:58:38.347 I/zygote  ( 4248): Increasing code cache capacity to 256KB
12-14 01:58:38.347 I/zygote  ( 4248): JIT allocated 71KB for compiled code of void android.widget.TextView.<init>(android.content.Context, android.util.AttributeSet, int, int)
12-14 01:58:38.347 I/zygote  ( 4248): Compiler allocated 4MB to compile void android.widget.TextView.<init>(android.content.Context, android.util.AttributeSet, int, int)
12-14 01:58:38.349 D/EGL_emulation( 1734): eglMakeCurrent: 0xa0275400: ver 3 0 (tinfo 0xa026cdd0)
12-14 01:58:38.378 D/gralloc_ranchu( 1396): gralloc_alloc: Creating ashmem region of size 7753728
12-14 01:58:38.397 D/        ( 4248): HostConnection::get() New Host Connection established 0xa1e2fbc0, tid 4248
12-14 01:58:38.439 E/WifiVendorHal( 1628): getTxPktFates(l.1941) failed {.code = ERROR_NOT_SUPPORTED, .description = }
12-14 01:58:38.441 E/WifiVendorHal( 1628): getRxPktFates(l.1981) failed {.code = ERROR_NOT_SUPPORTED, .description = }
12-14 01:58:38.458 I/ActivityManager( 1628): Displayed com.evancharlton.mileage/.Mileage: +420ms
12-14 01:58:38.463 V/StatusBar( 1734): setLightsOn(true)
12-14 01:58:38.489 D/gralloc_ranchu( 1396): gralloc_alloc: Creating ashmem region of size 7753728
12-14 01:58:38.491 V/StatusBar( 1734): setLightsOn(true)
12-14 01:58:38.570 V/StatusBar( 1734): setLightsOn(true)
12-14 01:58:38.590 E/memtrack( 1628): Couldn't load memtrack module
12-14 01:58:38.590 W/android.os.Debug( 1628): failed to get memory consumption info: -1
12-14 01:58:38.651 V/StatusBar( 1734): setLightsOn(true)
