12-14 03:00:09.707 W/Binder  ( 1628): 	at android.app.IActivityManager$Stub.onTransact(IActivityManager.java:2466)
12-14 03:00:09.707 W/Binder  ( 1628): 	at com.android.server.am.ActivityManagerService.onTransact(ActivityManagerService.java:2935)
12-14 03:00:09.707 W/Binder  ( 1628): 	at android.os.Binder.execTransact(Binder.java:674)
12-14 03:00:09.714 I/AssistStructure( 3816): Flattened final assist data: 5024 bytes, containing 2 windows, 19 views
12-14 03:00:09.718 D/gralloc_ranchu( 1397): gralloc_alloc: Creating ashmem region of size 303104
12-14 03:00:09.719 E/memtrack( 1628): Couldn't load memtrack module
12-14 03:00:09.719 W/android.os.Debug( 1628): failed to get memory consumption info: -1
12-14 03:00:09.735 V/StatusBar( 1733): setLightsOn(true)
12-14 03:00:09.738 V/StatusBar( 1733): setLightsOn(true)
12-14 03:00:10.233 W/audio_hw_generic( 1378): Not supplying enough data to HAL, expected position 23783 , only wrote 2880
12-14 03:00:10.233 W/audio_hw_generic( 1378): Not supplying enough data to HAL, expected position 2897 , only wrote 2880
12-14 03:00:10.234 W/audio_hw_generic( 1378): Hardware backing HAL too slow, could only write 0 of 720 frames
12-14 03:00:10.241 W/AudioFlinger( 1475): write blocked for 505 msecs, 1 delayed writes, thread 0xb2a03580
12-14 03:00:10.247 I/zygote  ( 3751): Waiting for a blocking GC ProfileSaver
12-14 03:00:10.249 W/audio_hw_generic( 1378): Hardware backing HAL too slow, could only write 0 of 720 frames
12-14 03:00:10.255 I/Choreographer( 1628): Skipped 30 frames!  The application may be doing too much work on its main thread.
12-14 03:00:10.264 V/StatusBar( 1733): setLightsOn(true)
12-14 03:00:10.264 W/audio_hw_generic( 1378): Hardware backing HAL too slow, could only write 0 of 720 frames
12-14 03:00:10.269 D/AudioFlinger( 1475): mixer(0xb2a03580) throttle end: throttle time(12)
12-14 03:00:10.280 W/audio_hw_generic( 1378): Hardware backing HAL too slow, could only write 0 of 720 frames
12-14 03:00:10.295 W/audio_hw_generic( 1378): Hardware backing HAL too slow, could only write 0 of 720 frames
12-14 03:00:10.303 I/InputReader( 1628): Reconfiguring input devices.  changes=0x00000010
12-14 03:00:10.304 W/ResourceType( 1628): ResTable_typeSpec entry count inconsistent: given 67, previously 69
12-14 03:00:10.304 W/ResourceType( 1628): ResTable_typeSpec entry count inconsistent: given 5411, previously 5412
12-14 03:00:10.310 W/audio_hw_generic( 1378): Hardware backing HAL too slow, could only write 0 of 720 frames
12-14 03:00:10.324 I/chatty  ( 1378): uid=1041(audioserver) writer identical 1 line
12-14 03:00:10.339 W/audio_hw_generic( 1378): Hardware backing HAL too slow, could only write 0 of 720 frames
12-14 03:00:10.354 D/gralloc_ranchu( 1397): gralloc_alloc: Creating ashmem region of size 7753728
12-14 03:00:10.355 W/audio_hw_generic( 1378): Hardware backing HAL too slow, could only write 0 of 720 frames
12-14 03:00:10.367 D/ImsResolver( 1822): maybeAddedImsService, packageName: com.google.android.gms
12-14 03:00:10.378 I/zygote  ( 3751): WaitForGcToComplete blocked for 131.644ms for cause ProfileSaver
12-14 03:00:10.380 W/PeopleGalProvider( 2263): Not enabled to outside of GmsCore.
12-14 03:00:10.381 I/PeopleGalProvider( 2263): Method 0 completed.
12-14 03:00:10.385 I/ContactDirectoryManager( 2446): Directory provider com.google.android.gms(com.google.android.gms.people.gal.provider) returned a NULL cursor.
12-14 03:00:10.414 I/zygote  ( 3751): WaitForGcToComplete blocked for 35.071ms for cause HeapTrim
12-14 03:00:10.417 D/CarrierSvcBindHelper( 1822): No carrier app for: 0
12-14 03:00:10.419 D/BoundBrokerSvc( 1942): onUnbind: Intent { act=com.google.android.gms.icing.LIGHTWEIGHT_INDEX_SERVICE cmp=com.google.android.gms/.chimera.PersistentApiService }
12-14 03:00:10.419 I/zygote  ( 1942): Deoptimizing bsbk brqx.D(int) due to JIT inline cache
12-14 03:00:10.445 I/Telecom ( 1628): DefaultDialerCache: Refreshing default dialer for user 0: now com.google.android.dialer: DDC.oR@AEw
12-14 03:00:10.492 V/StatusBar( 1733): setLightsOn(true)
12-14 03:00:10.499 W/ResourceType( 1628): ResTable_typeSpec entry count inconsistent: given 67, previously 69
12-14 03:00:10.499 W/ResourceType( 1628): ResTable_typeSpec entry count inconsistent: given 5411, previously 5412
12-14 03:00:10.502 E/SurfaceFlinger( 1418): ro.sf.lcd_density must be defined as a build property
12-14 03:00:10.503 D/PermissionCache( 1418): checking android.permission.READ_FRAME_BUFFER for uid=2000 => granted (142 us)
12-14 03:00:10.504 I/zygote  ( 1942): Deoptimizing int brxz.compare(java.lang.Object, java.lang.Object) due to JIT inline cache
12-14 03:00:10.521 D/ConnectivityService( 1628): handleLingerComplete for NetworkAgentInfo [MOBILE (LTE) - 100]
12-14 03:00:10.545 I/AssistStructure( 1628): Flattened final assist data: 4496 bytes, containing 2 windows, 19 views
12-14 03:00:10.546 D/gralloc_ranchu( 1397): gralloc_alloc: Creating ashmem region of size 8298496
12-14 03:00:10.561 D/        ( 3864): HostConnection::get() New Host Connection established 0xa8baf800, tid 3864
12-14 03:00:10.616 W/lgq     ( 1942): Pending fill request while another request in the same session was triggered. [CONTEXT service_id=177 ]
12-14 03:00:10.635 I/Icing   ( 2263): IndexChimeraService.getServiceInterface callingPackage=com.google.android.gms componentName=AppsCorpus serviceId=36
12-14 03:00:10.654 I/ProvidersCache( 3291): Provider returned no roots. Possibly naughty: com.google.android.apps.docs.storage
12-14 03:00:10.696 I/Icing   ( 2263): updateResources: need to parse adiq{com.google.android.gms}
12-14 03:00:10.717 I/zygote  ( 2263): Deoptimizing brse brse.p(int, java.lang.Object[]) due to JIT inline cache
12-14 03:00:11.082 I/zygote  ( 1942): Background concurrent copying GC freed 73422(4MB) AllocSpace objects, 8(292KB) LOS objects, 44% free, 7MB/13MB, paused 2.690ms total 112.599ms
12-14 03:00:11.095 I/zygote  ( 1942): Deoptimizing bsbk brqx.C() due to JIT inline cache
12-14 03:00:11.130 I/Fitness ( 1942): OnPackageChangedOperation got intent: Intent { act=android.intent.action.PACKAGE_CHANGED dat=package:com.google.android.gms flg=0x45000010 pkg=com.google.android.gms cmp=com.google.android.gms/.chimera.PersistentIntentOperationService (has extras) } [CONTEXT service_id=17 ]
12-14 03:00:11.158 W/Binder  ( 1628): Outgoing transactions from this process must be FLAG_ONEWAY
12-14 03:00:11.158 W/Binder  ( 1628): java.lang.Throwable
12-14 03:00:11.158 W/Binder  ( 1628): 	at android.os.BinderProxy.transact(Binder.java:736)
12-14 03:00:11.158 W/Binder  ( 1628): 	at com.android.internal.location.ILocationProvider$Stub$Proxy.getProperties(ILocationProvider.java:232)
12-14 03:00:11.158 W/Binder  ( 1628): 	at com.android.server.location.LocationProviderProxy$1.run(LocationProviderProxy.java:119)
12-14 03:00:11.158 W/Binder  ( 1628): 	at android.os.Handler.handleCallback(Handler.java:789)
12-14 03:00:11.158 W/Binder  ( 1628): 	at android.os.Handler.dispatchMessage(Handler.java:98)
12-14 03:00:11.158 W/Binder  ( 1628): 	at android.os.Looper.loop(Looper.java:164)
12-14 03:00:11.158 W/Binder  ( 1628): 	at android.os.HandlerThread.run(HandlerThread.java:65)
12-14 03:00:11.170 W/Binder  ( 1628): Outgoing transactions from this process must be FLAG_ONEWAY
12-14 03:00:11.170 W/Binder  ( 1628): java.lang.Throwable
12-14 03:00:11.170 W/Binder  ( 1628): 	at android.os.BinderProxy.transact(Binder.java:736)
12-14 03:00:11.170 W/Binder  ( 1628): 	at com.android.internal.location.ILocationProvider$Stub$Proxy.getProperties(ILocationProvider.java:232)
12-14 03:00:11.170 W/Binder  ( 1628): 	at com.android.server.location.LocationProviderProxy$1.run(LocationProviderProxy.java:119)
12-14 03:00:11.170 W/Binder  ( 1628): 	at android.os.Handler.handleCallback(Handler.java:789)
12-14 03:00:11.170 W/Binder  ( 1628): 	at android.os.Handler.dispatchMessage(Handler.java:98)
12-14 03:00:11.170 W/Binder  ( 1628): 	at android.os.Looper.loop(Looper.java:164)
12-14 03:00:11.170 W/Binder  ( 1628): 	at android.os.HandlerThread.run(HandlerThread.java:65)
12-14 03:00:11.218 I/Fitness ( 1942): FitCleanupIntentOperation received Intent android.intent.action.PACKAGE_CHANGED [CONTEXT service_id=17 ]
12-14 03:00:11.231 W/Icing   ( 2263): No valid account for uploading user actions
