12-13 22:55:16.120 D/VehicleStatisticsActivity( 4515): Checking recalculation ...
12-13 22:55:16.123 D/VehicleStatisticsActivity( 4515): Recalculating statistics
12-13 22:55:16.123 D/VehicleStatisticsTask( 4515): Calculation starting...
12-13 22:55:16.124 D/VehicleStatisticsActivity( 4515): Recalculation started!
12-13 22:55:16.145 E/memtrack( 1627): Couldn't load memtrack module
12-13 22:55:16.145 W/android.os.Debug( 1627): failed to get memory consumption info: -1
12-13 22:55:16.179 D/VehicleStatisticsTask( 4515): Not enough fillups to calculate statistics
12-13 22:55:16.202 D/VehicleStatisticsTask( 4515): Not enough fillups to calculate statistics
12-13 22:55:16.259 I/zygote  ( 4515): Do full code cache collection, code=235KB, data=152KB
12-13 22:55:16.260 I/zygote  ( 4515): After code cache collection, code=233KB, data=130KB
12-13 22:55:16.430 W/audio_hw_generic( 1391): Not supplying enough data to HAL, expected position 752688 , only wrote 752400
12-13 22:55:16.430 W/audio_hw_generic( 1391): Not supplying enough data to HAL, expected position 752418 , only wrote 752400
12-13 22:55:16.485 W/audio_hw_generic( 1391): Not supplying enough data to HAL, expected position 755039 , only wrote 754560
12-13 22:55:16.494 E/SurfaceFlinger( 1407): ro.sf.lcd_density must be defined as a build property
12-13 22:55:16.504 D/VehicleStatisticsTask( 4515): Done recalculating!
12-13 22:55:16.506 D/VehicleStatisticsAdapter( 4515): Erasing the cache ...
12-13 22:55:16.506 D/VehicleStatisticsTask( 4515): Done recalculating!
12-13 22:55:16.507 D/VehicleStatisticsAdapter( 4515): Erasing the cache ...
12-13 22:55:16.511 D/VehicleStatisticsAdapter( 4515): Building new values ...
12-13 22:55:16.511 D/VehicleStatisticsAdapter( 4515): Writing 29 records to the database ...
12-13 22:55:16.515 D/VehicleStatisticsAdapter( 4515): Building new values ...
12-13 22:55:16.519 D/VehicleStatisticsAdapter( 4515): Writing 29 records to the database ...
12-13 22:55:16.545 I/zygote  ( 4515): Do partial code cache collection, code=245KB, data=146KB
12-13 22:55:16.546 D/gralloc_ranchu( 1397): gralloc_alloc: Creating ashmem region of size 8298496
12-13 22:55:16.552 I/zygote  ( 4515): After code cache collection, code=245KB, data=146KB
12-13 22:55:16.552 D/Mileage.ABS( 4515): Finished backup
12-13 22:55:16.553 D/Mileage.ABS( 4515): Not backing up; 46
12-13 22:55:16.553 I/zygote  ( 4515): Increasing code cache capacity to 1024KB
12-13 22:55:16.591 W/audio_hw_generic( 1391): Not supplying enough data to HAL, expected position 759644 , only wrote 759600
12-13 22:55:16.591 W/audio_hw_generic( 1391): Not supplying enough data to HAL, expected position 759620 , only wrote 759600
12-13 22:55:16.593 D/        ( 4570): HostConnection::get() New Host Connection established 0xac0af800, tid 4570
12-13 22:55:16.639 W/audio_hw_generic( 1391): Not supplying enough data to HAL, expected position 761884 , only wrote 761760
12-13 22:55:16.740 D/Mileage.ABS( 4515): Not backing up; 233
12-13 22:55:16.741 D/Mileage.ABS( 4515): Not backing up; 234
12-13 22:55:16.753 E/hw-IPCThreadState( 1407): binder thread pool (1 threads) starved for 249 ms
12-13 22:55:16.790 W/audio_hw_generic( 1391): Not supplying enough data to HAL, expected position 769005 , only wrote 768960
12-13 22:55:16.805 W/audio_hw_generic( 1391): Not supplying enough data to HAL, expected position 769682 , only wrote 769680
12-13 22:55:16.940 D/Mileage.ABS( 4515): Not backing up; 433
12-13 22:55:16.944 D/Mileage.ABS( 4515): Not backing up; 437
12-13 22:55:16.958 D/Mileage.ABS( 4515): Not backing up; 451
12-13 22:55:16.964 D/Mileage.ABS( 4515): Not backing up; 457
12-13 22:55:16.969 D/Mileage.ABS( 4515): Not backing up; 462
12-13 22:55:16.970 D/Mileage.ABS( 4515): Not backing up; 463
12-13 22:55:16.971 D/Mileage.ABS( 4515): Not backing up; 463
12-13 22:55:16.975 D/Mileage.ABS( 4515): Not backing up; 468
12-13 22:55:17.012 D/Mileage.ABS( 4515): Not backing up; 505
12-13 22:55:17.045 D/Mileage.ABS( 4515): Not backing up; 538
12-13 22:55:17.062 D/Mileage.ABS( 4515): Not backing up; 555
12-13 22:55:17.099 D/Mileage.ABS( 4515): Not backing up; 592
12-13 22:55:17.121 D/Mileage.ABS( 4515): Not backing up; 614
12-13 22:55:17.140 D/Mileage.ABS( 4515): Not backing up; 633
12-13 22:55:17.161 D/Mileage.ABS( 4515): Not backing up; 654
12-13 22:55:17.184 D/Mileage.ABS( 4515): Not backing up; 677
12-13 22:55:17.225 D/Mileage.ABS( 4515): Not backing up; 717
12-13 22:55:17.252 D/Mileage.ABS( 4515): Not backing up; 745
12-13 22:55:17.254 D/Mileage.ABS( 4515): Not backing up; 747
12-13 22:55:17.295 D/Mileage.ABS( 4515): Not backing up; 788
12-13 22:55:17.322 D/Mileage.ABS( 4515): Not backing up; 814
12-13 22:55:17.342 D/Mileage.ABS( 4515): Not backing up; 835
12-13 22:55:17.376 D/Mileage.ABS( 4515): Not backing up; 869
12-13 22:55:17.406 D/Mileage.ABS( 4515): Not backing up; 899
12-13 22:55:17.448 D/Mileage.ABS( 4515): Not backing up; 941
12-13 22:55:17.452 D/Mileage.ABS( 4515): Not backing up; 945
12-13 22:55:17.471 D/Mileage.ABS( 4515): Not backing up; 964
12-13 22:55:17.491 D/Mileage.ABS( 4515): Not backing up; 983
12-13 22:55:17.506 D/Mileage.ABS( 4515): Not backing up; 999
12-13 22:55:17.546 D/Mileage.ABS( 4515): Finished backup
12-13 22:55:17.549 D/Mileage.ABS( 4515): Not backing up; 23
12-13 22:55:17.584 D/Mileage.ABS( 4515): Not backing up; 58
12-13 22:55:17.595 D/Mileage.ABS( 4515): Not backing up; 69
12-13 22:55:17.608 D/Mileage.ABS( 4515): Not backing up; 82
12-13 22:55:17.651 D/Mileage.ABS( 4515): Not backing up; 125
12-13 22:55:17.653 D/Mileage.ABS( 4515): Not backing up; 127
12-13 22:55:17.676 D/Mileage.ABS( 4515): Not backing up; 150
12-13 22:55:17.692 D/Mileage.ABS( 4515): Not backing up; 166
12-13 22:55:17.720 D/Mileage.ABS( 4515): Not backing up; 194
12-13 22:55:17.835 D/Mileage.ABS( 4515): Not backing up; 309
12-13 22:55:17.840 D/Mileage.ABS( 4515): Not backing up; 314
12-13 22:55:17.842 D/Mileage.ABS( 4515): Not backing up; 316
12-13 22:55:17.851 I/System.out( 4515): URI: //gesture
12-13 22:55:17.852 I/System.out( 4515): params: {json={"query_timeout":5.0,"gestures":[{"query_string":"android.widget.TabWidget descendant TextView index:0","touches":[{"x":50,"y":50,"offset_x":0,"offset_y":0,"wait":0.0,"time":0.2,"release":true,"query_string":null}]}]}
12-13 22:55:17.852 I/System.out( 4515): }
12-13 22:55:17.910 D/Mileage.ABS( 4515): Not backing up; 384
12-13 22:55:17.911 D/Mileage.ABS( 4515): Not backing up; 385
12-13 22:55:17.914 D/Mileage.ABS( 4515): Not backing up; 388
12-13 22:55:17.917 D/Mileage.ABS( 4515): Not backing up; 391
12-13 22:55:17.923 D/Mileage.ABS( 4515): Not backing up; 396
12-13 22:55:17.926 D/Mileage.ABS( 4515): Not backing up; 400
12-13 22:55:17.984 D/Mileage.ABS( 4515): Not backing up; 458
12-13 22:55:17.985 D/Mileage.ABS( 4515): Not backing up; 459
12-13 22:55:17.987 D/Mileage.ABS( 4515): Not backing up; 461
12-13 22:55:18.074 W/audio_hw_generic( 1391): Not supplying enough data to HAL, expected position 830601 , only wrote 830160
12-13 22:55:18.074 W/audio_hw_generic( 1391): Not supplying enough data to HAL, expected position 830173 , only wrote 830160
12-13 22:55:18.089 W/audio_hw_generic( 1391): Not supplying enough data to HAL, expected position 830881 , only wrote 830880
12-13 22:55:18.119 D/Mileage.ABS( 4515): Not backing up; 593
12-13 22:55:18.126 D/Mileage.ABS( 4515): Not backing up; 600
12-13 22:55:18.127 D/Mileage.ABS( 4515): Not backing up; 601
12-13 22:55:18.128 D/Mileage.ABS( 4515): Not backing up; 602
12-13 22:55:18.149 D/VehicleStatisticsAdapter( 4515): Caching of 29 records complete! (1.628 seconds)
12-13 22:55:18.150 D/Mileage.ABS( 4515): Not backing up; 624
12-13 22:55:18.221 I/EventLogSendingHelper( 2216): Sending log events.
12-13 22:55:18.227 D/VehicleStatisticsAdapter( 4515): Caching of 29 records complete! (1.716 seconds)
12-13 22:55:18.255 D/Mileage.ABS( 4515): Not backing up; 729
12-13 22:55:18.256 D/Mileage.ABS( 4515): Not backing up; 730
12-13 22:55:18.549 W/View    ( 4515): dispatchProvideAutofillStructure(): not laid out, ignoring
12-13 22:55:18.552 I/chatty  ( 4515): uid=10132(u0_a132) com.evancharlton.mileage identical 1 line
12-13 22:55:18.555 W/View    ( 4515): dispatchProvideAutofillStructure(): not laid out, ignoring
12-13 22:55:18.576 W/Binder  ( 1627): Outgoing transactions from this process must be FLAG_ONEWAY
12-13 22:55:18.576 W/Binder  ( 1627): java.lang.Throwable
12-13 22:55:18.576 W/Binder  ( 1627): 	at android.os.BinderProxy.transact(Binder.java:736)
12-13 22:55:18.576 W/Binder  ( 1627): 	at android.app.assist.AssistStructure$ParcelTransferReader.fetchData(AssistStructure.java:407)
12-13 22:55:18.576 W/Binder  ( 1627): 	at android.app.assist.AssistStructure$ParcelTransferReader.go(AssistStructure.java:343)
12-13 22:55:18.576 W/Binder  ( 1627): 	at android.app.assist.AssistStructure.ensureData(AssistStructure.java:2096)
12-13 22:55:18.576 W/Binder  ( 1627): 	at com.android.server.autofill.Session$1.send(Session.java:200)
12-13 22:55:18.576 W/Binder  ( 1627): 	at com.android.server.am.ActivityManagerService.reportAssistContextExtras(ActivityManagerService.java:13137)
12-13 22:55:18.576 W/Binder  ( 1627): 	at android.app.IActivityManager$Stub.onTransact(IActivityManager.java:2466)
12-13 22:55:18.576 W/Binder  ( 1627): 	at com.android.server.am.ActivityManagerService.onTransact(ActivityManagerService.java:2935)
12-13 22:55:18.576 W/Binder  ( 1627): 	at android.os.Binder.execTransact(Binder.java:674)
12-13 22:55:18.598 I/AssistStructure( 4515): Flattened final assist data: 15312 bytes, containing 1 windows, 69 views
12-13 22:55:18.612 I/AssistStructure( 1627): Flattened final assist data: 13988 bytes, containing 1 windows, 69 views
12-13 22:55:18.644 W/lgq     ( 1942): Pending fill request while another request in the same session was triggered. [CONTEXT service_id=177 ]
12-13 22:55:18.721 W/audio_hw_generic( 1391): Not supplying enough data to HAL, expected position 861207 , only wrote 859680
12-13 22:55:18.791 W/audio_hw_generic( 1391): Not supplying enough data to HAL, expected position 863025 , only wrote 859680
12-13 22:55:18.859 I/zygote  ( 1942): Background concurrent copying GC freed 110305(6MB) AllocSpace objects, 2(44KB) LOS objects, 42% free, 8MB/14MB, paused 585us total 206.230ms
12-13 22:55:18.926 W/audio_hw_generic( 1391): Not supplying enough data to HAL, expected position 866147 , only wrote 865440
12-13 22:55:18.926 W/audio_hw_generic( 1391): Not supplying enough data to HAL, expected position 865456 , only wrote 865440
12-13 22:55:18.958 W/audio_hw_generic( 1391): Not supplying enough data to HAL, expected position 866960 , only wrote 866160
12-13 22:55:18.971 E/BatteryStatsService( 1627): modem info is invalid: ModemActivityInfo{ mTimestamp=0 mSleepTimeMs=0 mIdleTimeMs=0 mTxTimeMs[]=[0, 0, 0, 0, 0] mRxTimeMs=0 mEnergyUsed=0}
12-13 22:55:19.020 W/audio_hw_generic( 1391): Not supplying enough data to HAL, expected position 869172 , only wrote 869040
12-13 22:55:19.021 W/audio_hw_generic( 1391): Not supplying enough data to HAL, expected position 869052 , only wrote 869040
12-13 22:55:19.037 W/audio_hw_generic( 1391): Not supplying enough data to HAL, expected position 869829 , only wrote 869760
12-13 22:55:19.141 I/Dialer  ( 2015): OmtpVvmCarrierCfgHlpr - OmtpEvent:CONFIG_STATUS_SMS_TIME_OUT
12-13 22:55:19.142 I/Dialer  ( 2015): RetryPolicy - discarding deferred status: configuration_state=4
12-13 22:55:19.143 I/Dialer  ( 2015): VvmTaskExecutor - no more tasks, stopping service if no task are added in 5000 millis
12-13 22:55:19.151 I/Dialer  ( 2015): VvmTaskReceiver - task received
12-13 22:55:19.152 E/SurfaceFlinger( 1407): ro.sf.lcd_density must be defined as a build property
12-13 22:55:19.152 I/Dialer  ( 2015): VvmTaskReceiver - TaskExecutor already running
12-13 22:55:19.153 I/Dialer  ( 2015): Task.createTask - create task:com.android.voicemail.impl.ActivationTask
12-13 22:55:19.160 I/Dialer  ( 2015): RetryPolicy - retry #1 for com.android.voicemail.impl.ActivationTask@a53e680 queued, executing in 5000
12-13 22:55:19.160 I/Dialer  ( 2015): VvmTaskExecutor - com.android.voicemail.impl.ActivationTask@a53e680 added
12-13 22:55:19.160 I/Dialer  ( 2015): VvmTaskExecutor - minimal wait time:5000
12-13 22:55:19.160 I/Dialer  ( 2015): VvmTaskExecutor - sleep for 5000 millis
12-13 22:55:19.163 D/gralloc_ranchu( 1397): gralloc_alloc: Creating ashmem region of size 8298496
12-13 22:55:19.174 D/        ( 4611): HostConnection::get() New Host Connection established 0xadd2f800, tid 4611
12-13 22:55:19.560 I/System.out( 4515): URI: //
12-13 22:55:19.560 I/System.out( 4515): params: {json={"command":"set_activity_orientation","arguments":["landscape"]}
12-13 22:55:19.560 I/System.out( 4515): }
12-13 22:55:19.560 I/System.out( 4515): header: {content-type=application/json;charset=utf-8, date=Mon, 14 Dec 2020 03:55:19 GMT, accept=*/*, host=127.0.0.1:34777, content-length=64, user-agent=HTTPClient/1.0 (2.8.3, ruby 2.5.8 (2020-03-31))}
12-13 22:55:19.560 I/System.out( 4515): params: {json={"command":"set_activity_orientation","arguments":["landscape"]}
12-13 22:55:19.560 I/System.out( 4515): }
12-13 22:55:19.560 I/System.out( 4515): ProP json = {"command":"set_activity_orientation","arguments":["landscape"]}
12-13 22:55:19.560 I/System.out( 4515): files: {}
12-13 22:55:19.560 I/System.out( 4515): command: {"command":"set_activity_orientation","arguments":["landscape"]}
12-13 22:55:19.563 I/InstrumentationBackend( 4515): Got command:'Command:'Line:null,set_activity_orientation', arguments:'[landscape]'
12-13 22:55:19.567 D/gralloc_ranchu( 1397): gralloc_alloc: Creating ashmem region of size 8298496
12-13 22:55:19.591 W/LocalDisplayAdapter( 1627): Unable to find color mode 0, ignoring request.
12-13 22:55:19.608 I/ActivityManager( 1627): Config changes=480 {1.0 310mcc260mnc [en_US] ldltr sw411dp w683dp h387dp 420dpi nrml land finger qwerty/v/v -nav/h appBounds=Rect(0, 0 - 1794, 1080) s.9}
12-13 22:55:19.608 I/InputReader( 1627): Reconfiguring input devices.  changes=0x00000004
12-13 22:55:19.608 I/InputReader( 1627): Device reconfigured: id=0, name='qwerty2', size 1080x1920, orientation 1, mode 1, display id 0
12-13 22:55:19.620 I/ActivityManager( 1627): Override config changes=480 {1.0 310mcc260mnc [en_US] ldltr sw411dp w683dp h387dp 420dpi nrml land finger qwerty/v/v -nav/h appBounds=Rect(0, 0 - 1794, 1080) s.9} for displayId=0
12-13 22:55:19.705 D/gralloc_ranchu( 1397): gralloc_alloc: Creating ashmem region of size 544768
12-13 22:55:19.728 D/EGL_emulation( 1730): eglMakeCurrent: 0x88a78460: ver 3 0 (tinfo 0x88a4cd60)
12-13 22:55:19.730 I/calabash( 4515): newActivity1
12-13 22:55:19.737 D/gralloc_ranchu( 1397): gralloc_alloc: Creating ashmem region of size 544768
12-13 22:55:19.793 W/ActivityManager( 1627): Bad activity token: android.os.BinderProxy@b8d6b77
12-13 22:55:19.793 W/ActivityManager( 1627): java.lang.ClassCastException: android.os.BinderProxy cannot be cast to com.android.server.am.ActivityRecord$Token
12-13 22:55:19.793 W/ActivityManager( 1627): 	at com.android.server.am.ActivityRecord.forTokenLocked(ActivityRecord.java:778)
12-13 22:55:19.793 W/ActivityManager( 1627): 	at com.android.server.am.ActivityRecord.isInStackLocked(ActivityRecord.java:2085)
12-13 22:55:19.793 W/ActivityManager( 1627): 	at com.android.server.am.ActivityRecord.getStackLocked(ActivityRecord.java:2090)
12-13 22:55:19.793 W/ActivityManager( 1627): 	at com.android.server.am.ActivityManagerService.getActivityDisplayId(ActivityManagerService.java:10406)
12-13 22:55:19.793 W/ActivityManager( 1627): 	at android.app.IActivityManager$Stub.onTransact(IActivityManager.java:2738)
12-13 22:55:19.793 W/ActivityManager( 1627): 	at com.android.server.am.ActivityManagerService.onTransact(ActivityManagerService.java:2935)
12-13 22:55:19.793 W/ActivityManager( 1627): 	at android.os.Binder.execTransact(Binder.java:674)
12-13 22:55:19.794 I/calabash( 4515): newActivity1
12-13 22:55:19.801 V/StatusBar( 1730): setLightsOn(true)
12-13 22:55:19.801 W/AutofillManager( 4515): Session 592078964 could not be restored
12-13 22:55:19.804 W/ActivityManager( 1627): Bad activity token: android.os.BinderProxy@b8d6b77
12-13 22:55:19.804 W/ActivityManager( 1627): java.lang.ClassCastException: android.os.BinderProxy cannot be cast to com.android.server.am.ActivityRecord$Token
12-13 22:55:19.804 W/ActivityManager( 1627): 	at com.android.server.am.ActivityRecord.forTokenLocked(ActivityRecord.java:778)
12-13 22:55:19.804 W/ActivityManager( 1627): 	at com.android.server.am.ActivityRecord.isInStackLocked(ActivityRecord.java:2085)
12-13 22:55:19.804 W/ActivityManager( 1627): 	at com.android.server.am.ActivityManagerService.setTaskDescription(ActivityManagerService.java:9988)
12-13 22:55:19.804 W/ActivityManager( 1627): 	at android.app.IActivityManager$Stub.onTransact(IActivityManager.java:2824)
12-13 22:55:19.804 W/ActivityManager( 1627): 	at com.android.server.am.ActivityManagerService.onTransact(ActivityManagerService.java:2935)
12-13 22:55:19.804 W/ActivityManager( 1627): 	at android.os.Binder.execTransact(Binder.java:674)
12-13 22:55:19.805 W/ActivityManager( 1627): Bad activity token: android.os.BinderProxy@b8d6b77
12-13 22:55:19.805 W/ActivityManager( 1627): java.lang.ClassCastException: android.os.BinderProxy cannot be cast to com.android.server.am.ActivityRecord$Token
12-13 22:55:19.805 W/ActivityManager( 1627): 	at com.android.server.am.ActivityRecord.forTokenLocked(ActivityRecord.java:778)
12-13 22:55:19.805 W/ActivityManager( 1627): 	at com.android.server.am.ActivityRecord.isInStackLocked(ActivityRecord.java:2085)
12-13 22:55:19.805 W/ActivityManager( 1627): 	at com.android.server.am.ActivityRecord.getStackLocked(ActivityRecord.java:2090)
12-13 22:55:19.805 W/ActivityManager( 1627): 	at com.android.server.am.ActivityManagerService.getActivityStackId(ActivityManagerService.java:10417)
12-13 22:55:19.805 W/ActivityManager( 1627): 	at android.app.IActivityManager$Stub.onTransact(IActivityManager.java:3548)
12-13 22:55:19.805 W/ActivityManager( 1627): 	at com.android.server.am.ActivityManagerService.onTransact(ActivityManagerService.java:2935)
12-13 22:55:19.805 W/ActivityManager( 1627): 	at android.os.Binder.execTransact(Binder.java:674)
12-13 22:55:19.808 D/gralloc_ranchu( 1397): gralloc_alloc: Creating ashmem region of size 544768
12-13 22:55:19.848 I/System.out( 4515): result:{"bonusInformation":[],"message":"","success":true}
12-13 22:55:19.870 D/gralloc_ranchu( 1397): gralloc_alloc: Creating ashmem region of size 487424
12-13 22:55:19.878 W/ActivityManager( 1627): Bad activity token: android.os.BinderProxy@b8d6b77
12-13 22:55:19.878 W/ActivityManager( 1627): java.lang.ClassCastException: android.os.BinderProxy cannot be cast to com.android.server.am.ActivityRecord$Token
12-13 22:55:19.878 W/ActivityManager( 1627): 	at com.android.server.am.ActivityRecord.forTokenLocked(ActivityRecord.java:778)
12-13 22:55:19.878 W/ActivityManager( 1627): 	at com.android.server.am.ActivityRecord.isInStackLocked(ActivityRecord.java:2085)
12-13 22:55:19.878 W/ActivityManager( 1627): 	at com.android.server.am.ActivityManagerService.getActivityOptions(ActivityManagerService.java:13302)
12-13 22:55:19.878 W/ActivityManager( 1627): 	at android.app.IActivityManager$Stub.onTransact(IActivityManager.java:2910)
12-13 22:55:19.878 W/ActivityManager( 1627): 	at com.android.server.am.ActivityManagerService.onTransact(ActivityManagerService.java:2935)
12-13 22:55:19.878 W/ActivityManager( 1627): 	at android.os.Binder.execTransact(Binder.java:674)
12-13 22:55:19.878 W/ActivityManager( 1627): Bad activity token: android.os.BinderProxy@b8d6b77
12-13 22:55:19.878 W/ActivityManager( 1627): java.lang.ClassCastException: android.os.BinderProxy cannot be cast to com.android.server.am.ActivityRecord$Token
12-13 22:55:19.878 W/ActivityManager( 1627): 	at com.android.server.am.ActivityRecord.forTokenLocked(ActivityRecord.java:778)
12-13 22:55:19.878 W/ActivityManager( 1627): 	at com.android.server.am.ActivityRecord.isInStackLocked(ActivityRecord.java:2085)
12-13 22:55:19.878 W/ActivityManager( 1627): 	at com.android.server.am.ActivityManagerService.getActivityOptions(ActivityManagerService.java:13302)
12-13 22:55:19.878 W/ActivityManager( 1627): 	at android.app.IActivityManager$Stub.onTransact(IActivityManager.java:2910)
12-13 22:55:19.878 W/ActivityManager( 1627): 	at com.android.server.am.ActivityManagerService.onTransact(ActivityManagerService.java:2935)
12-13 22:55:19.878 W/ActivityManager( 1627): 	at android.os.Binder.execTransact(Binder.java:674)
12-13 22:55:19.892 D/StatusBar( 1730): disable<e i a s b h r c s q >
12-13 22:55:19.897 D/EGL_emulation( 1730): eglMakeCurrent: 0x88a78460: ver 3 0 (tinfo 0x88a4cd60)
12-13 22:55:19.908 D/gralloc_ranchu( 1397): gralloc_alloc: Creating ashmem region of size 487424
12-13 22:55:19.909 W/PhoneWindow( 4515): Previously focused view reported id 2131296279 during save, but can't be found during restore.
12-13 22:55:19.939 I/WindowManager( 1627): Screen frozen for +375ms due to Window{dc2cf16 u0 StatusBar}
12-13 22:55:19.941 D/gralloc_ranchu( 1397): gralloc_alloc: Creating ashmem region of size 487424
12-13 22:55:19.968 D/SurfaceFlinger( 1407): duplicate layer name: changing BlackSurface to BlackSurface#1
12-13 22:55:19.975 D/EGL_emulation( 1730): eglMakeCurrent: 0x88a78460: ver 3 0 (tinfo 0x88a4cd60)
12-13 22:55:19.992 D/EGL_emulation( 1730): eglMakeCurrent: 0x88a78460: ver 3 0 (tinfo 0x88a4cd60)
12-13 22:55:20.076 V/StatusBar( 1730): setLightsOn(true)
12-13 22:55:20.087 V/StatusBar( 1730): setLightsOn(true)
12-13 22:55:20.139 D/gralloc_ranchu( 1397): gralloc_alloc: Creating ashmem region of size 7753728
12-13 22:55:20.220 V/StatusBar( 1730): setLightsOn(true)
12-13 22:55:20.230 I/chatty  ( 1730): uid=10028(u0_a28) com.android.systemui identical 1 line
12-13 22:55:20.275 V/StatusBar( 1730): setLightsOn(true)
12-13 22:55:20.280 D/gralloc_ranchu( 1397): gralloc_alloc: Creating ashmem region of size 7753728
12-13 22:55:20.293 V/StatusBar( 1730): setLightsOn(true)
12-13 22:55:20.544 V/StatusBar( 1730): setLightsOn(true)
12-13 22:55:20.569 W/audio_hw_generic( 1391): Not supplying enough data to HAL, expected position 943273 , only wrote 942480
12-13 22:55:20.650 W/audio_hw_generic( 1391): Not supplying enough data to HAL, expected position 946406 , only wrote 946080
12-13 22:55:21.261 D/gralloc_ranchu( 1397): gralloc_alloc: Creating ashmem region of size 7753728
12-13 22:55:21.596 W/audio_hw_generic( 1391): Not supplying enough data to HAL, expected position 1035629 , only wrote 991440
12-13 22:55:21.883 I/System.out( 4515): URI: //gesture
12-13 22:55:21.884 I/System.out( 4515): params: {json={"query_timeout":5.0,"gestures":[{"query_string":"android.widget.TabWidget descendant TextView index:1","touches":[{"x":50,"y":50,"offset_x":0,"offset_y":0,"wait":0.0,"time":0.2,"release":true,"query_string":null}]}]}
12-13 22:55:21.884 I/System.out( 4515): }
12-13 22:55:22.023 I/zygote  ( 1627): Explicit concurrent copying GC freed 16342(1418KB) AllocSpace objects, 3(76KB) LOS objects, 38% free, 9MB/15MB, paused 584us total 49.580ms
12-13 22:55:22.185 W/ActivityManager( 1627): Bad activity token: android.os.BinderProxy@ac7368
12-13 22:55:22.185 W/ActivityManager( 1627): java.lang.ClassCastException: android.os.BinderProxy cannot be cast to com.android.server.am.ActivityRecord$Token
12-13 22:55:22.185 W/ActivityManager( 1627): 	at com.android.server.am.ActivityRecord.forTokenLocked(ActivityRecord.java:778)
12-13 22:55:22.185 W/ActivityManager( 1627): 	at com.android.server.am.ActivityRecord.isInStackLocked(ActivityRecord.java:2085)
12-13 22:55:22.185 W/ActivityManager( 1627): 	at com.android.server.am.ActivityRecord.getStackLocked(ActivityRecord.java:2090)
12-13 22:55:22.185 W/ActivityManager( 1627): 	at com.android.server.am.ActivityManagerService.getActivityDisplayId(ActivityManagerService.java:10406)
12-13 22:55:22.185 W/ActivityManager( 1627): 	at android.app.IActivityManager$Stub.onTransact(IActivityManager.java:2738)
12-13 22:55:22.185 W/ActivityManager( 1627): 	at com.android.server.am.ActivityManagerService.onTransact(ActivityManagerService.java:2935)
12-13 22:55:22.185 W/ActivityManager( 1627): 	at android.os.Binder.execTransact(Binder.java:674)
12-13 22:55:22.186 W/audio_hw_generic( 1391): Not supplying enough data to HAL, expected position 991554 , only wrote 991440
12-13 22:55:22.190 I/calabash( 4515): newActivity1
12-13 22:55:22.197 W/ActivityManager( 1627): Bad activity token: android.os.BinderProxy@ac7368
12-13 22:55:22.197 W/ActivityManager( 1627): java.lang.ClassCastException: android.os.BinderProxy cannot be cast to com.android.server.am.ActivityRecord$Token
12-13 22:55:22.197 W/ActivityManager( 1627): 	at com.android.server.am.ActivityRecord.forTokenLocked(ActivityRecord.java:778)
12-13 22:55:22.197 W/ActivityManager( 1627): 	at com.android.server.am.ActivityRecord.isInStackLocked(ActivityRecord.java:2085)
12-13 22:55:22.197 W/ActivityManager( 1627): 	at com.android.server.am.ActivityManagerService.setTaskDescription(ActivityManagerService.java:9988)
12-13 22:55:22.197 W/ActivityManager( 1627): 	at android.app.IActivityManager$Stub.onTransact(IActivityManager.java:2824)
12-13 22:55:22.197 W/ActivityManager( 1627): 	at com.android.server.am.ActivityManagerService.onTransact(ActivityManagerService.java:2935)
12-13 22:55:22.197 W/ActivityManager( 1627): 	at android.os.Binder.execTransact(Binder.java:674)
12-13 22:55:22.199 W/ActivityManager( 1627): Bad activity token: android.os.BinderProxy@ac7368
12-13 22:55:22.199 W/ActivityManager( 1627): java.lang.ClassCastException: android.os.BinderProxy cannot be cast to com.android.server.am.ActivityRecord$Token
12-13 22:55:22.199 W/ActivityManager( 1627): 	at com.android.server.am.ActivityRecord.forTokenLocked(ActivityRecord.java:778)
12-13 22:55:22.199 W/ActivityManager( 1627): 	at com.android.server.am.ActivityRecord.isInStackLocked(ActivityRecord.java:2085)
12-13 22:55:22.199 W/ActivityManager( 1627): 	at com.android.server.am.ActivityRecord.getStackLocked(ActivityRecord.java:2090)
12-13 22:55:22.199 W/ActivityManager( 1627): 	at com.android.server.am.ActivityManagerService.getActivityStackId(ActivityManagerService.java:10417)
12-13 22:55:22.199 W/ActivityManager( 1627): 	at android.app.IActivityManager$Stub.onTransact(IActivityManager.java:3548)
12-13 22:55:22.199 W/ActivityManager( 1627): 	at com.android.server.am.ActivityManagerService.onTransact(ActivityManagerService.java:2935)
12-13 22:55:22.199 W/ActivityManager( 1627): 	at android.os.Binder.execTransact(Binder.java:674)
12-13 22:55:22.243 W/ActivityManager( 1627): Bad activity token: android.os.BinderProxy@ac7368
12-13 22:55:22.243 W/ActivityManager( 1627): java.lang.ClassCastException: android.os.BinderProxy cannot be cast to com.android.server.am.ActivityRecord$Token
12-13 22:55:22.243 W/ActivityManager( 1627): 	at com.android.server.am.ActivityRecord.forTokenLocked(ActivityRecord.java:778)
12-13 22:55:22.243 W/ActivityManager( 1627): 	at com.android.server.am.ActivityRecord.isInStackLocked(ActivityRecord.java:2085)
12-13 22:55:22.243 W/ActivityManager( 1627): 	at com.android.server.am.ActivityManagerService.getActivityOptions(ActivityManagerService.java:13302)
12-13 22:55:22.243 W/ActivityManager( 1627): 	at android.app.IActivityManager$Stub.onTransact(IActivityManager.java:2910)
12-13 22:55:22.243 W/ActivityManager( 1627): 	at com.android.server.am.ActivityManagerService.onTransact(ActivityManagerService.java:2935)
12-13 22:55:22.243 W/ActivityManager( 1627): 	at android.os.Binder.execTransact(Binder.java:674)
12-13 22:55:22.246 W/ActivityManager( 1627): Bad activity token: android.os.BinderProxy@ac7368
12-13 22:55:22.246 W/ActivityManager( 1627): java.lang.ClassCastException: android.os.BinderProxy cannot be cast to com.android.server.am.ActivityRecord$Token
12-13 22:55:22.246 W/ActivityManager( 1627): 	at com.android.server.am.ActivityRecord.forTokenLocked(ActivityRecord.java:778)
12-13 22:55:22.246 W/ActivityManager( 1627): 	at com.android.server.am.ActivityRecord.isInStackLocked(ActivityRecord.java:2085)
12-13 22:55:22.246 W/ActivityManager( 1627): 	at com.android.server.am.ActivityManagerService.getActivityOptions(ActivityManagerService.java:13302)
12-13 22:55:22.246 W/ActivityManager( 1627): 	at android.app.IActivityManager$Stub.onTransact(IActivityManager.java:2910)
12-13 22:55:22.246 W/ActivityManager( 1627): 	at com.android.server.am.ActivityManagerService.onTransact(ActivityManagerService.java:2935)
12-13 22:55:22.246 W/ActivityManager( 1627): 	at android.os.Binder.execTransact(Binder.java:674)
12-13 22:55:22.248 E/memtrack( 1627): Couldn't load memtrack module
12-13 22:55:22.248 W/android.os.Debug( 1627): failed to get memory consumption info: -1
12-13 22:55:22.320 D/Mileage ( 4515): Not enough fillups to calculate economy
12-13 22:55:22.489 E/SurfaceFlinger( 1407): ro.sf.lcd_density must be defined as a build property
12-13 22:55:22.512 D/gralloc_ranchu( 1397): gralloc_alloc: Creating ashmem region of size 8298496
12-13 22:55:22.527 D/        ( 4622): HostConnection::get() New Host Connection established 0xb682f800, tid 4622
12-13 22:55:22.902 I/System.out( 4515): URI: //gesture
12-13 22:55:22.902 I/System.out( 4515): params: {json={"query_timeout":5.0,"gestures":[{"query_string":"android.widget.TabWidget descendant TextView index:3","touches":[{"x":50,"y":50,"offset_x":0,"offset_y":0,"wait":0.0,"time":0.2,"release":true,"query_string":null}]}]}
12-13 22:55:22.902 I/System.out( 4515): }
12-13 22:55:23.175 W/ActivityManager( 1627): Bad activity token: android.os.BinderProxy@e0a5bac
12-13 22:55:23.175 W/ActivityManager( 1627): java.lang.ClassCastException: android.os.BinderProxy cannot be cast to com.android.server.am.ActivityRecord$Token
12-13 22:55:23.175 W/ActivityManager( 1627): 	at com.android.server.am.ActivityRecord.forTokenLocked(ActivityRecord.java:778)
12-13 22:55:23.175 W/ActivityManager( 1627): 	at com.android.server.am.ActivityRecord.isInStackLocked(ActivityRecord.java:2085)
12-13 22:55:23.175 W/ActivityManager( 1627): 	at com.android.server.am.ActivityRecord.getStackLocked(ActivityRecord.java:2090)
12-13 22:55:23.175 W/ActivityManager( 1627): 	at com.android.server.am.ActivityManagerService.getActivityDisplayId(ActivityManagerService.java:10406)
12-13 22:55:23.175 W/ActivityManager( 1627): 	at android.app.IActivityManager$Stub.onTransact(IActivityManager.java:2738)
12-13 22:55:23.175 W/ActivityManager( 1627): 	at com.android.server.am.ActivityManagerService.onTransact(ActivityManagerService.java:2935)
12-13 22:55:23.175 W/ActivityManager( 1627): 	at android.os.Binder.execTransact(Binder.java:674)
12-13 22:55:23.177 I/calabash( 4515): newActivity1
12-13 22:55:23.184 W/ActivityManager( 1627): Bad activity token: android.os.BinderProxy@e0a5bac
12-13 22:55:23.184 W/ActivityManager( 1627): java.lang.ClassCastException: android.os.BinderProxy cannot be cast to com.android.server.am.ActivityRecord$Token
12-13 22:55:23.184 W/ActivityManager( 1627): 	at com.android.server.am.ActivityRecord.forTokenLocked(ActivityRecord.java:778)
12-13 22:55:23.184 W/ActivityManager( 1627): 	at com.android.server.am.ActivityRecord.isInStackLocked(ActivityRecord.java:2085)
12-13 22:55:23.184 W/ActivityManager( 1627): 	at com.android.server.am.ActivityManagerService.setTaskDescription(ActivityManagerService.java:9988)
12-13 22:55:23.184 W/ActivityManager( 1627): 	at android.app.IActivityManager$Stub.onTransact(IActivityManager.java:2824)
12-13 22:55:23.184 W/ActivityManager( 1627): 	at com.android.server.am.ActivityManagerService.onTransact(ActivityManagerService.java:2935)
12-13 22:55:23.184 W/ActivityManager( 1627): 	at android.os.Binder.execTransact(Binder.java:674)
12-13 22:55:23.185 W/ActivityManager( 1627): Bad activity token: android.os.BinderProxy@e0a5bac
12-13 22:55:23.185 W/ActivityManager( 1627): java.lang.ClassCastException: android.os.BinderProxy cannot be cast to com.android.server.am.ActivityRecord$Token
12-13 22:55:23.185 W/ActivityManager( 1627): 	at com.android.server.am.ActivityRecord.forTokenLocked(ActivityRecord.java:778)
12-13 22:55:23.185 W/ActivityManager( 1627): 	at com.android.server.am.ActivityRecord.isInStackLocked(ActivityRecord.java:2085)
12-13 22:55:23.185 W/ActivityManager( 1627): 	at com.android.server.am.ActivityRecord.getStackLocked(ActivityRecord.java:2090)
12-13 22:55:23.185 W/ActivityManager( 1627): 	at com.android.server.am.ActivityManagerService.getActivityStackId(ActivityManagerService.java:10417)
12-13 22:55:23.185 W/ActivityManager( 1627): 	at android.app.IActivityManager$Stub.onTransact(IActivityManager.java:3548)
12-13 22:55:23.185 W/ActivityManager( 1627): 	at com.android.server.am.ActivityManagerService.onTransact(ActivityManagerService.java:2935)
12-13 22:55:23.185 W/ActivityManager( 1627): 	at android.os.Binder.execTransact(Binder.java:674)
12-13 22:55:23.196 W/ActivityManager( 1627): Bad activity token: android.os.BinderProxy@e0a5bac
12-13 22:55:23.196 W/ActivityManager( 1627): java.lang.ClassCastException: android.os.BinderProxy cannot be cast to com.android.server.am.ActivityRecord$Token
12-13 22:55:23.196 W/ActivityManager( 1627): 	at com.android.server.am.ActivityRecord.forTokenLocked(ActivityRecord.java:778)
12-13 22:55:23.196 W/ActivityManager( 1627): 	at com.android.server.am.ActivityRecord.isInStackLocked(ActivityRecord.java:2085)
12-13 22:55:23.196 W/ActivityManager( 1627): 	at com.android.server.am.ActivityManagerService.getActivityOptions(ActivityManagerService.java:13302)
12-13 22:55:23.196 W/ActivityManager( 1627): 	at android.app.IActivityManager$Stub.onTransact(IActivityManager.java:2910)
12-13 22:55:23.196 W/ActivityManager( 1627): 	at com.android.server.am.ActivityManagerService.onTransact(ActivityManagerService.java:2935)
12-13 22:55:23.196 W/ActivityManager( 1627): 	at android.os.Binder.execTransact(Binder.java:674)
12-13 22:55:23.198 W/ActivityManager( 1627): Bad activity token: android.os.BinderProxy@e0a5bac
12-13 22:55:23.198 W/ActivityManager( 1627): java.lang.ClassCastException: android.os.BinderProxy cannot be cast to com.android.server.am.ActivityRecord$Token
12-13 22:55:23.198 W/ActivityManager( 1627): 	at com.android.server.am.ActivityRecord.forTokenLocked(ActivityRecord.java:778)
12-13 22:55:23.198 W/ActivityManager( 1627): 	at com.android.server.am.ActivityRecord.isInStackLocked(ActivityRecord.java:2085)
12-13 22:55:23.198 W/ActivityManager( 1627): 	at com.android.server.am.ActivityManagerService.getActivityOptions(ActivityManagerService.java:13302)
12-13 22:55:23.198 W/ActivityManager( 1627): 	at android.app.IActivityManager$Stub.onTransact(IActivityManager.java:2910)
12-13 22:55:23.198 W/ActivityManager( 1627): 	at com.android.server.am.ActivityManagerService.onTransact(ActivityManagerService.java:2935)
12-13 22:55:23.198 W/ActivityManager( 1627): 	at android.os.Binder.execTransact(Binder.java:674)
12-13 22:55:23.615 E/SurfaceFlinger( 1407): ro.sf.lcd_density must be defined as a build property
12-13 22:55:23.632 D/gralloc_ranchu( 1397): gralloc_alloc: Creating ashmem region of size 8298496
12-13 22:55:23.647 D/        ( 4628): HostConnection::get() New Host Connection established 0xabb2f800, tid 4628
12-13 22:55:23.932 W/RemoteFillService( 1627): Not handling { when=-5ms what=3 target=com.android.internal.os.HandlerCaller$MyHandler } as service for ComponentInfo{com.google.android.gms/com.google.android.gms.autofill.service.AutofillService} is already destroyed
12-13 22:55:24.071 E/memtrack( 1627): Couldn't load memtrack module
12-13 22:55:24.071 W/android.os.Debug( 1627): failed to get memory consumption info: -1
12-13 22:55:24.165 I/Dialer  ( 2015): VvmTaskExecutor - executing task com.android.voicemail.impl.ActivationTask@a53e680
12-13 22:55:24.166 I/Dialer  ( 2015): PreOMigrationHandler - ComponentInfo{com.android.phone/com.android.services.telephony.TelephonyConnectionService}, [****], UserHandle{0} already migrated
12-13 22:55:24.203 I/Dialer  ( 2015): VvmActivationTask - VVM content provider configured - vvm_type_cvvm
12-13 22:55:24.204 I/Dialer  ( 2015): OmtpVvmCarrierCfgHlpr - OmtpEvent:CONFIG_ACTIVATING
12-13 22:55:24.215 I/System.out( 4515): URI: //gesture
12-13 22:55:24.215 I/System.out( 4515): params: {json={"query_timeout":5.0,"gestures":[{"query_string":"android.widget.TabWidget descendant TextView index:2","touches":[{"x":50,"y":50,"offset_x":0,"offset_y":0,"wait":0.0,"time":0.2,"release":true,"query_string":null}]}]}
12-13 22:55:24.215 I/System.out( 4515): }
12-13 22:55:24.225 I/Dialer  ( 2015): TelephonyMangerCompat.setVisualVoicemailSmsFilterSettings - using TelephonyManager
12-13 22:55:24.234 I/Dialer  ( 2015): TelephonyMangerCompat.sendVisualVoicemailSms - using TelephonyManager
12-13 22:55:24.637 W/ActivityManager( 1627): Bad activity token: android.os.BinderProxy@cdeae62
12-13 22:55:24.637 W/ActivityManager( 1627): java.lang.ClassCastException: android.os.BinderProxy cannot be cast to com.android.server.am.ActivityRecord$Token
12-13 22:55:24.637 W/ActivityManager( 1627): 	at com.android.server.am.ActivityRecord.forTokenLocked(ActivityRecord.java:778)
12-13 22:55:24.637 W/ActivityManager( 1627): 	at com.android.server.am.ActivityRecord.isInStackLocked(ActivityRecord.java:2085)
12-13 22:55:24.637 W/ActivityManager( 1627): 	at com.android.server.am.ActivityRecord.getStackLocked(ActivityRecord.java:2090)
12-13 22:55:24.637 W/ActivityManager( 1627): 	at com.android.server.am.ActivityManagerService.getActivityDisplayId(ActivityManagerService.java:10406)
12-13 22:55:24.637 W/ActivityManager( 1627): 	at android.app.IActivityManager$Stub.onTransact(IActivityManager.java:2738)
12-13 22:55:24.637 W/ActivityManager( 1627): 	at com.android.server.am.ActivityManagerService.onTransact(ActivityManagerService.java:2935)
12-13 22:55:24.637 W/ActivityManager( 1627): 	at android.os.Binder.execTransact(Binder.java:674)
12-13 22:55:24.639 I/calabash( 4515): newActivity1
12-13 22:55:24.643 W/ActivityManager( 1627): Bad activity token: android.os.BinderProxy@cdeae62
12-13 22:55:24.643 W/ActivityManager( 1627): java.lang.ClassCastException: android.os.BinderProxy cannot be cast to com.android.server.am.ActivityRecord$Token
12-13 22:55:24.643 W/ActivityManager( 1627): 	at com.android.server.am.ActivityRecord.forTokenLocked(ActivityRecord.java:778)
12-13 22:55:24.643 W/ActivityManager( 1627): 	at com.android.server.am.ActivityRecord.isInStackLocked(ActivityRecord.java:2085)
12-13 22:55:24.643 W/ActivityManager( 1627): 	at com.android.server.am.ActivityManagerService.setTaskDescription(ActivityManagerService.java:9988)
12-13 22:55:24.643 W/ActivityManager( 1627): 	at android.app.IActivityManager$Stub.onTransact(IActivityManager.java:2824)
12-13 22:55:24.643 W/ActivityManager( 1627): 	at com.android.server.am.ActivityManagerService.onTransact(ActivityManagerService.java:2935)
12-13 22:55:24.643 W/ActivityManager( 1627): 	at android.os.Binder.execTransact(Binder.java:674)
12-13 22:55:24.644 W/ActivityManager( 1627): Bad activity token: android.os.BinderProxy@cdeae62
12-13 22:55:24.644 W/ActivityManager( 1627): java.lang.ClassCastException: android.os.BinderProxy cannot be cast to com.android.server.am.ActivityRecord$Token
12-13 22:55:24.644 W/ActivityManager( 1627): 	at com.android.server.am.ActivityRecord.forTokenLocked(ActivityRecord.java:778)
12-13 22:55:24.644 W/ActivityManager( 1627): 	at com.android.server.am.ActivityRecord.isInStackLocked(ActivityRecord.java:2085)
12-13 22:55:24.644 W/ActivityManager( 1627): 	at com.android.server.am.ActivityRecord.getStackLocked(ActivityRecord.java:2090)
12-13 22:55:24.644 W/ActivityManager( 1627): 	at com.android.server.am.ActivityManagerService.getActivityStackId(ActivityManagerService.java:10417)
12-13 22:55:24.644 W/ActivityManager( 1627): 	at android.app.IActivityManager$Stub.onTransact(IActivityManager.java:3548)
12-13 22:55:24.644 W/ActivityManager( 1627): 	at com.android.server.am.ActivityManagerService.onTransact(ActivityManagerService.java:2935)
12-13 22:55:24.644 W/ActivityManager( 1627): 	at android.os.Binder.execTransact(Binder.java:674)
12-13 22:55:24.680 D/VehicleStatisticsActivity( 4515): Checking recalculation ...
12-13 22:55:24.682 D/VehicleStatisticsActivity( 4515): Recalculation not necessary.
12-13 22:55:24.686 W/ActivityManager( 1627): Bad activity token: android.os.BinderProxy@cdeae62
12-13 22:55:24.686 W/ActivityManager( 1627): java.lang.ClassCastException: android.os.BinderProxy cannot be cast to com.android.server.am.ActivityRecord$Token
12-13 22:55:24.686 W/ActivityManager( 1627): 	at com.android.server.am.ActivityRecord.forTokenLocked(ActivityRecord.java:778)
12-13 22:55:24.686 W/ActivityManager( 1627): 	at com.android.server.am.ActivityRecord.isInStackLocked(ActivityRecord.java:2085)
12-13 22:55:24.686 W/ActivityManager( 1627): 	at com.android.server.am.ActivityManagerService.getActivityOptions(ActivityManagerService.java:13302)
12-13 22:55:24.686 W/ActivityManager( 1627): 	at android.app.IActivityManager$Stub.onTransact(IActivityManager.java:2910)
12-13 22:55:24.686 W/ActivityManager( 1627): 	at com.android.server.am.ActivityManagerService.onTransact(ActivityManagerService.java:2935)
12-13 22:55:24.686 W/ActivityManager( 1627): 	at android.os.Binder.execTransact(Binder.java:674)
12-13 22:55:24.686 W/ActivityManager( 1627): Bad activity token: android.os.BinderProxy@cdeae62
12-13 22:55:24.686 W/ActivityManager( 1627): java.lang.ClassCastException: android.os.BinderProxy cannot be cast to com.android.server.am.ActivityRecord$Token
12-13 22:55:24.686 W/ActivityManager( 1627): 	at com.android.server.am.ActivityRecord.forTokenLocked(ActivityRecord.java:778)
12-13 22:55:24.686 W/ActivityManager( 1627): 	at com.android.server.am.ActivityRecord.isInStackLocked(ActivityRecord.java:2085)
12-13 22:55:24.686 W/ActivityManager( 1627): 	at com.android.server.am.ActivityManagerService.getActivityOptions(ActivityManagerService.java:13302)
12-13 22:55:24.686 W/ActivityManager( 1627): 	at android.app.IActivityManager$Stub.onTransact(IActivityManager.java:2910)
12-13 22:55:24.686 W/ActivityManager( 1627): 	at com.android.server.am.ActivityManagerService.onTransact(ActivityManagerService.java:2935)
12-13 22:55:24.686 W/ActivityManager( 1627): 	at android.os.Binder.execTransact(Binder.java:674)
12-13 22:55:24.690 D/VehicleStatisticsActivity( 4515): Checking recalculation ...
12-13 22:55:24.695 D/VehicleStatisticsActivity( 4515): Recalculation not necessary.
12-13 22:55:24.791 I/zygote  ( 4515): Do full code cache collection, code=475KB, data=331KB
12-13 22:55:24.791 I/zygote  ( 4515): After code cache collection, code=459KB, data=275KB
12-13 22:55:24.859 E/SurfaceFlinger( 1407): ro.sf.lcd_density must be defined as a build property
12-13 22:55:24.869 D/gralloc_ranchu( 1397): gralloc_alloc: Creating ashmem region of size 8298496
12-13 22:55:24.907 D/        ( 4635): HostConnection::get() New Host Connection established 0xb03af800, tid 4635
12-13 22:55:25.353 I/System.out( 4515): URI: //gesture
12-13 22:55:25.353 I/System.out( 4515): params: {json={"query_timeout":5.0,"gestures":[{"query_string":"android.widget.TabWidget descendant TextView index:0","touches":[{"x":50,"y":50,"offset_x":0,"offset_y":0,"wait":0.0,"time":0.2,"release":true,"query_string":null}]}]}
12-13 22:55:25.353 I/System.out( 4515): }
12-13 22:55:25.703 W/View    ( 4515): dispatchProvideAutofillStructure(): not laid out, ignoring
12-13 22:55:25.709 I/chatty  ( 4515): uid=10132(u0_a132) com.evancharlton.mileage identical 3 lines
12-13 22:55:25.709 W/View    ( 4515): dispatchProvideAutofillStructure(): not laid out, ignoring
12-13 22:55:25.710 W/Binder  ( 1627): Outgoing transactions from this process must be FLAG_ONEWAY
12-13 22:55:25.710 W/Binder  ( 1627): java.lang.Throwable
12-13 22:55:25.710 W/Binder  ( 1627): 	at android.os.BinderProxy.transact(Binder.java:736)
12-13 22:55:25.710 W/Binder  ( 1627): 	at android.app.assist.AssistStructure$ParcelTransferReader.fetchData(AssistStructure.java:407)
12-13 22:55:25.710 W/Binder  ( 1627): 	at android.app.assist.AssistStructure$ParcelTransferReader.go(AssistStructure.java:343)
12-13 22:55:25.710 W/Binder  ( 1627): 	at android.app.assist.AssistStructure.ensureData(AssistStructure.java:2096)
12-13 22:55:25.710 W/Binder  ( 1627): 	at com.android.server.autofill.Session$1.send(Session.java:200)
12-13 22:55:25.710 W/Binder  ( 1627): 	at com.android.server.am.ActivityManagerService.reportAssistContextExtras(ActivityManagerService.java:13137)
12-13 22:55:25.710 W/Binder  ( 1627): 	at android.app.IActivityManager$Stub.onTransact(IActivityManager.java:2466)
12-13 22:55:25.710 W/Binder  ( 1627): 	at com.android.server.am.ActivityManagerService.onTransact(ActivityManagerService.java:2935)
12-13 22:55:25.710 W/Binder  ( 1627): 	at android.os.Binder.execTransact(Binder.java:674)
12-13 22:55:25.726 I/AssistStructure( 4515): Flattened final assist data: 10960 bytes, containing 1 windows, 49 views
12-13 22:55:25.737 I/AssistStructure( 1627): Flattened final assist data: 9988 bytes, containing 1 windows, 49 views
12-13 22:55:25.738 W/lgq     ( 1942): Pending fill request while another request in the same session was triggered. [CONTEXT service_id=177 ]
12-13 22:55:25.874 E/SurfaceFlinger( 1407): ro.sf.lcd_density must be defined as a build property
12-13 22:55:25.885 D/gralloc_ranchu( 1397): gralloc_alloc: Creating ashmem region of size 8298496
12-13 22:55:25.894 D/        ( 4641): HostConnection::get() New Host Connection established 0xa79af800, tid 4641
