--------- beginning of main
12-13 22:54:35.293 E/adbd    ( 1384): failed to connect to socket 'tcp:7102': Connection refused
12-13 22:54:41.966 E/SurfaceFlinger( 1407): ro.sf.lcd_density must be defined as a build property
12-13 22:54:42.006 D/gralloc_ranchu( 1397): gralloc_alloc: Creating ashmem region of size 8298496
12-13 22:54:42.024 D/        ( 4031): HostConnection::get() New Host Connection established 0xb64af800, tid 4031
12-13 22:54:42.492 I/ContentMaintenance( 2110): Internal cache bytes used: 0; limit: 100000000; download size: 0
12-13 22:54:42.516 I/RealtimeCacheCleanup( 2110): Beginning Realtime garbage collection.
12-13 22:54:42.518 I/RealtimeCacheCleanup( 2110): Finished Realtime garbage collection.
12-13 22:54:42.697 I/System.out( 3964): URI: //kill
12-13 22:54:42.697 I/System.out( 3964): params: {json={}
12-13 22:54:42.697 I/System.out( 3964): }
12-13 22:54:42.697 I/System.out( 3964): Stopping test server
12-13 22:54:42.707 E/adbd    ( 1384): failed to connect to socket 'tcp:7102': Connection refused
12-13 22:54:42.714 E/adbd    ( 1384): failed to connect to socket 'tcp:7102': Connection refused
12-13 22:54:42.787 V/StatusBar( 1730): setLightsOn(true)
12-13 22:54:42.793 V/StatusBar( 1730): setLightsOn(true)
12-13 22:54:42.800 D/gralloc_ranchu( 1397): gralloc_alloc: Creating ashmem region of size 8298496
12-13 22:54:42.812 V/StatusBar( 1730): setLightsOn(true)
12-13 22:54:42.817 D/gralloc_ranchu( 1397): gralloc_alloc: Creating ashmem region of size 8298496
12-13 22:54:42.852 D/gralloc_ranchu( 1397): gralloc_alloc: Creating ashmem region of size 8298496
12-13 22:54:42.932 D/SurfaceFlinger( 1407): duplicate layer name: changing com.google.android.apps.nexuslauncher/com.google.android.apps.nexuslauncher.NexusLauncherActivity to com.google.android.apps.nexuslauncher/com.google.android.apps.nexuslauncher.NexusLauncherActivity#1
12-13 22:54:42.938 D/gralloc_ranchu( 1397): gralloc_alloc: Creating ashmem region of size 8298496
12-13 22:54:43.010 D/EGL_emulation( 1730): eglMakeCurrent: 0x88a78460: ver 3 0 (tinfo 0x88a4cd60)
12-13 22:54:43.016 D/gralloc_ranchu( 1397): gralloc_alloc: Creating ashmem region of size 8298496
12-13 22:54:43.045 D/EGL_emulation( 2216): eglMakeCurrent: 0x99afe100: ver 3 0 (tinfo 0x9c0c3a90)
12-13 22:54:43.161 E/hw-IPCThreadState( 1397): binder thread pool (1 threads) starved for 145 ms
12-13 22:54:43.167 D/gralloc_ranchu( 1397): gralloc_alloc: Creating ashmem region of size 8298496
12-13 22:54:43.197 W/SessionLifecycleManager( 2216): Handover failed. Creating new session controller.
12-13 22:54:43.252 I/MicroDetectionWorker( 2216): #updateMicroDetector [detectionMode: [mDetectionMode: [1]]]
12-13 22:54:43.254 I/MicroDetectionWorker( 2216): #startMicroDetector [speakerMode: 0]
12-13 22:54:43.258 I/AudioController( 2216): Using mInputStreamFactoryBuilder
12-13 22:54:43.282 D/EGL_emulation( 2180): eglMakeCurrent: 0x9c104540: ver 3 0 (tinfo 0x9c1033d0)
12-13 22:54:43.285 I/MicroDetectionWorker( 2216): onReady
12-13 22:54:43.299 I/MicroRecognitionRunner( 2216): Starting detection.
12-13 22:54:43.300 I/MicrophoneInputStream( 2216): mic_starting com.google.android.apps.gsa.staticplugins.aa.c@be07141
12-13 22:54:43.306 I/AudioFlinger( 1477): AudioFlinger's thread 0xb329db00 tid=4047 ready to run
12-13 22:54:43.310 I/MicrophoneInputStream( 2216): mic_started com.google.android.apps.gsa.staticplugins.aa.c@be07141
12-13 22:54:43.314 I/MicroDetectionWorker( 2216): onReady
12-13 22:54:43.320 D/gralloc_ranchu( 1397): gralloc_alloc: Creating ashmem region of size 7753728
12-13 22:54:43.320 I/MicrophoneInputStream( 2216): mic_close com.google.android.apps.gsa.staticplugins.aa.c@be07141
12-13 22:54:43.326 I/MicroRecognitionRunner( 2216): Detection finished
12-13 22:54:43.326 W/ErrorReporter( 2216): reportError [type: 211, code: 524300]: Error reading from input stream
12-13 22:54:43.328 I/MicroRecognitionRunner( 2216): Stopping hotword detection.
12-13 22:54:43.331 W/ErrorProcessor( 2216): onFatalError, processing error from engine(4)
12-13 22:54:43.331 W/ErrorProcessor( 2216): com.google.android.apps.gsa.shared.speech.b.g: Error reading from input stream
12-13 22:54:43.331 W/ErrorProcessor( 2216): 	at com.google.android.apps.gsa.staticplugins.recognizer.j.a.a(SourceFile:28)
12-13 22:54:43.331 W/ErrorProcessor( 2216): 	at com.google.android.apps.gsa.staticplugins.recognizer.j.b.run(SourceFile:15)
12-13 22:54:43.331 W/ErrorProcessor( 2216): 	at java.util.concurrent.Executors$RunnableAdapter.call(Executors.java:457)
12-13 22:54:43.331 W/ErrorProcessor( 2216): 	at java.util.concurrent.FutureTask.run(FutureTask.java:266)
12-13 22:54:43.331 W/ErrorProcessor( 2216): 	at com.google.android.apps.gsa.shared.util.concurrent.a.ax.run(SourceFile:14)
12-13 22:54:43.331 W/ErrorProcessor( 2216): 	at com.google.android.apps.gsa.shared.util.concurrent.a.bl.run(SourceFile:4)
12-13 22:54:43.331 W/ErrorProcessor( 2216): 	at com.google.android.apps.gsa.shared.util.concurrent.a.bl.run(SourceFile:4)
12-13 22:54:43.331 W/ErrorProcessor( 2216): 	at java.util.concurrent.ThreadPoolExecutor.runWorker(ThreadPoolExecutor.java:1162)
12-13 22:54:43.331 W/ErrorProcessor( 2216): 	at java.util.concurrent.ThreadPoolExecutor$Worker.run(ThreadPoolExecutor.java:636)
12-13 22:54:43.331 W/ErrorProcessor( 2216): 	at java.lang.Thread.run(Thread.java:764)
12-13 22:54:43.331 W/ErrorProcessor( 2216): 	at com.google.android.apps.gsa.shared.util.concurrent.a.ai.run(SourceFile:6)
12-13 22:54:43.331 W/ErrorProcessor( 2216): Caused by: com.google.android.apps.gsa.shared.exception.GsaIOException: Error code: 393238 | Buffer overflow, no available space.
12-13 22:54:43.331 W/ErrorProcessor( 2216): 	at com.google.android.apps.gsa.speech.audio.Tee.f(SourceFile:103)
12-13 22:54:43.331 W/ErrorProcessor( 2216): 	at com.google.android.apps.gsa.speech.audio.au.read(SourceFile:2)
12-13 22:54:43.331 W/ErrorProcessor( 2216): 	at java.io.InputStream.read(InputStream.java:101)
12-13 22:54:43.331 W/ErrorProcessor( 2216): 	at com.google.android.apps.gsa.speech.audio.ao.run(SourceFile:18)
12-13 22:54:43.331 W/ErrorProcessor( 2216): 	at com.google.android.apps.gsa.speech.audio.an.run(SourceFile:2)
12-13 22:54:43.331 W/ErrorProcessor( 2216): 	... 9 more
12-13 22:54:43.332 I/AudioController( 2216): internalShutdown
12-13 22:54:43.340 I/MicroDetector( 2216): Keeping mic open: false
12-13 22:54:43.340 I/MicroDetectionWorker( 2216): #onError(false)
12-13 22:54:43.341 I/DeviceStateChecker( 2216): DeviceStateChecker cancelled
12-13 22:54:43.360 D/BoundBrokerSvc( 1942): onUnbind: Intent { act=com.google.android.gms.pseudonymous.service.START cmp=com.google.android.gms/.chimera.PersistentApiService }
12-13 22:54:43.430 D/        ( 1730): HostConnection::get() New Host Connection established 0x8597f240, tid 1761
12-13 22:54:43.435 D/EGL_emulation( 1730): eglMakeCurrent: 0x88a78460: ver 3 0 (tinfo 0x88a4cd60)
12-13 22:54:43.467 D/EGL_emulation( 1730): eglMakeCurrent: 0x88a78460: ver 3 0 (tinfo 0x88a4cd60)
12-13 22:54:43.472 I/zygote  ( 1627): Background concurrent copying GC freed 24748(1599KB) AllocSpace objects, 6(120KB) LOS objects, 37% free, 10MB/16MB, paused 923us total 232.746ms
12-13 22:54:43.478 D/        ( 1627): HostConnection::get() New Host Connection established 0x8a19b780, tid 1634
12-13 22:54:43.479 D/EGL_emulation( 1730): eglMakeCurrent: 0x88a78460: ver 3 0 (tinfo 0x88a4cd60)
12-13 22:54:43.667 I/chatty  ( 1730): uid=10028(u0_a28) RenderThread identical 13 lines
12-13 22:54:43.689 D/EGL_emulation( 1730): eglMakeCurrent: 0x88a78460: ver 3 0 (tinfo 0x88a4cd60)
12-13 22:54:43.740 W/OpenGLRenderer( 2180): Incorrectly called buildLayer on View: ShortcutAndWidgetContainer, destroying layer...
12-13 22:54:43.880 I/OpenGLRenderer( 1627): Initialized EGL, version 1.4
12-13 22:54:43.880 D/OpenGLRenderer( 1627): Swap behavior 1
12-13 22:54:43.880 W/OpenGLRenderer( 1627): Failed to choose config with EGL_SWAP_BEHAVIOR_PRESERVED, retrying without...
12-13 22:54:43.881 D/OpenGLRenderer( 1627): Swap behavior 0
12-13 22:54:43.889 D/EGL_emulation( 1627): eglCreateContext: 0x9977efa0: maj 3 min 0 rcv 3
12-13 22:54:43.891 D/EGL_emulation( 1627): eglMakeCurrent: 0x9977efa0: ver 3 0 (tinfo 0x817a34a0)
12-13 22:54:43.893 E/eglCodecCommon( 1627): glUtilsParamSize: unknow param 0x00008cdf
12-13 22:54:43.894 E/eglCodecCommon( 1627): glUtilsParamSize: unknow param 0x00008cdf
12-13 22:54:43.895 E/eglCodecCommon( 1627): glUtilsParamSize: unknow param 0x00008824
12-13 22:54:43.895 E/eglCodecCommon( 1627): glUtilsParamSize: unknow param 0x00008824
12-13 22:54:44.529 E/memtrack( 1627): Couldn't load memtrack module
12-13 22:54:44.529 W/android.os.Debug( 1627): failed to get memory consumption info: -1
12-13 22:54:44.783 W/audio_hw_generic( 1391): Not supplying enough data to HAL, expected position 582104 , only wrote 374400
12-13 22:54:46.013 D/AndroidRuntime( 4051): >>>>>> START com.android.internal.os.RuntimeInit uid 2000 <<<<<<
12-13 22:54:46.046 W/app_process( 4051): Unexpected CPU variant for X86 using defaults: x86
12-13 22:54:46.060 D/AndroidRuntime( 4051): Calling main entry com.android.commands.am.Am
--------- beginning of system
12-13 22:54:46.061 I/ActivityManager( 1627): Force stopping com.evancharlton.mileage appid=10132 user=0: start instr
12-13 22:54:46.061 I/ActivityManager( 1627): Killing 3964:com.evancharlton.mileage/u0a132 (adj 0): stop com.evancharlton.mileage
12-13 22:54:46.062 W/ActivityManager( 1627): Crash of app com.evancharlton.mileage running instrumentation ComponentInfo{com.evancharlton.mileage.test/sh.calaba.instrumentationbackend.CalabashInstrumentationTestRunner}
12-13 22:54:46.062 I/ActivityManager( 1627): Force stopping com.evancharlton.mileage appid=10132 user=0: finished inst
12-13 22:54:46.069 I/zygote  ( 4061): Not late-enabling -Xcheck:jni (already on)
12-13 22:54:46.076 I/ActivityManager( 1627): Start proc 4061:com.evancharlton.mileage/u0a132 for added application com.evancharlton.mileage
12-13 22:54:46.076 D/AndroidRuntime( 4051): Shutting down VM
12-13 22:54:46.077 W/zygote  ( 4061): Unexpected CPU variant for X86 using defaults: x86
12-13 22:54:46.100 W/ActivityManager( 1627): setHasOverlayUi called on unknown pid: 3964
12-13 22:54:46.105 E/adbd    ( 1384): failed to connect to socket 'tcp:7102': Connection refused
12-13 22:54:46.109 E/adbd    ( 1384): failed to connect to socket 'tcp:7102': Connection refused
12-13 22:54:46.111 W/zygote  ( 4061): Found duplicate classes, falling back to extracting from APK : /data/app/com.evancharlton.mileage.test-397qsuOUpr1UZKK8hw0Lyg==/base.apk
12-13 22:54:46.111 W/zygote  ( 4061): NOTE: This wastes RAM and hurts startup performance.
12-13 22:54:46.111 W/zygote  ( 4061): Found duplicated class when checking oat files: 'Ljunit/runner/BaseTestRunner;' in /data/app/com.evancharlton.mileage.test-397qsuOUpr1UZKK8hw0Lyg==/base.apk and /system/framework/android.test.runner.jar
12-13 22:54:46.111 W/zygote  ( 4061): 
12-13 22:54:46.138 W/System  ( 4061): ClassLoader referenced unknown path: 
12-13 22:54:46.151 I/System.out( 4061): Main activity name automatically set to: com.evancharlton.mileage.Mileage
12-13 22:54:46.152 I/System.out( 4061): Calabash did not load Mono. This is only a problem if you are trying to test a Mono application
12-13 22:54:46.153 I/calabash( 4061): Test server port: 7102
12-13 22:54:46.154 I/InstrumentationBackend( 4061): Added:'GetPreferences', with key:'get_preferences'
12-13 22:54:46.213 I/InstrumentationBackend( 4061): Added:'SetPreferences', with key:'set_preferences'
12-13 22:54:46.213 I/InstrumentationBackend( 4061): Added:'ClearPreferences', with key:'clear_preferences'
12-13 22:54:46.214 I/InstrumentationBackend( 4061): Added:'PressElement', with key:'press_l10n_element'
12-13 22:54:46.214 I/InstrumentationBackend( 4061): Added:'WaitForElement', with key:'wait_for_l10n_element'
12-13 22:54:46.214 I/InstrumentationBackend( 4061): Added:'NullAction', with key:'nullAction'
12-13 22:54:46.215 I/InstrumentationBackend( 4061): Added:'PressKey', with key:'press_key'
12-13 22:54:46.215 I/InstrumentationBackend( 4061): Added:'SetActivityOrientation', with key:'set_activity_orientation'
12-13 22:54:46.215 I/InstrumentationBackend( 4061): Added:'GetActivityOrientation', with key:'get_activity_orientation'
12-13 22:54:46.216 I/InstrumentationBackend( 4061): Added:'FakeGPSLocation', with key:'set_gps_coordinates'
12-13 22:54:46.216 I/InstrumentationBackend( 4061): Added:'SetPropertyByCssSelector', with key:'set_property_by_css_selector'
12-13 22:54:46.219 I/InstrumentationBackend( 4061): Added:'GetUrl', with key:'get_url'
12-13 22:54:46.219 E/adbd    ( 1384): failed to connect to socket 'tcp:7102': Connection refused
12-13 22:54:46.222 I/InstrumentationBackend( 4061): Added:'ScrollTo', with key:'scroll_to'
12-13 22:54:46.222 I/InstrumentationBackend( 4061): Added:'GetLoadProgress', with key:'get_load_progress'
12-13 22:54:46.222 E/adbd    ( 1384): failed to connect to socket 'tcp:7102': Connection refused
12-13 22:54:46.223 I/InstrumentationBackend( 4061): Added:'DumpHtml', with key:'dump_html'
12-13 22:54:46.223 I/InstrumentationBackend( 4061): Added:'DumpBodyHtml', with key:'dump_body_html'
12-13 22:54:46.224 I/InstrumentationBackend( 4061): Added:'EnterTextByCssSelector', with key:'enter_text_by_selector'
12-13 22:54:46.228 I/InstrumentationBackend( 4061): Added:'AndroidSDKVersion', with key:'android_sdk_version'
12-13 22:54:46.228 I/InstrumentationBackend( 4061): Added:'Version', with key:'version'
12-13 22:54:46.228 I/InstrumentationBackend( 4061): Added:'Drag', with key:'drag'
12-13 22:54:46.229 I/InstrumentationBackend( 4061): Added:'TouchCoordinates', with key:'touch_coordinate'
12-13 22:54:46.229 I/InstrumentationBackend( 4061): Added:'LongPressCoordinate', with key:'long_press_coordinate'
12-13 22:54:46.229 I/InstrumentationBackend( 4061): Added:'DragCoordinates', with key:'drag_coordinates'
12-13 22:54:46.229 I/InstrumentationBackend( 4061): Added:'ResumeApplication', with key:'resume_application'
12-13 22:54:46.230 I/InstrumentationBackend( 4061): Added:'Swipe', with key:'swipe'
12-13 22:54:46.230 I/InstrumentationBackend( 4061): Added:'DoubleTapCoordinate', with key:'double_tap_coordinate'
12-13 22:54:46.230 I/InstrumentationBackend( 4061): Added:'ClickOnScreen', with key:'click_on_screen'
12-13 22:54:46.231 I/InstrumentationBackend( 4061): Added:'GetActivityName', with key:'get_activity_name'
12-13 22:54:46.231 I/InstrumentationBackend( 4061): Added:'ScrollToView', with key:'scroll_to_view'
12-13 22:54:46.232 I/InstrumentationBackend( 4061): Added:'ViewConfiguration', with key:'view_configuration'
12-13 22:54:46.232 I/InstrumentationBackend( 4061): Added:'IsCurrentActivityFocused', with key:'is_current_activity_focused'
12-13 22:54:46.232 I/InstrumentationBackend( 4061): Added:'SendTcp', with key:'send_tcp'
12-13 22:54:46.233 I/InstrumentationBackend( 4061): Added:'DpToDevicePixel', with key:'dp_to_device_pixel'
12-13 22:54:46.234 I/InstrumentationBackend( 4061): Added:'KeyboardEnterText', with key:'keyboard_enter_text'
12-13 22:54:46.234 I/InstrumentationBackend( 4061): Added:'DeleteSurroundingText', with key:'delete_surrounding_text'
12-13 22:54:46.235 I/InstrumentationBackend( 4061): Added:'SetComposingRegion', with key:'set_composing_region'
12-13 22:54:46.235 I/InstrumentationBackend( 4061): Added:'SetSelection', with key:'set_selection'
12-13 22:54:46.235 I/InstrumentationBackend( 4061): Added:'KeyboardKeyEvent', with key:'keyboard_key_event'
12-13 22:54:46.236 I/InstrumentationBackend( 4061): Added:'PressUserActionButton', with key:'press_user_action_button'
12-13 22:54:46.237 I/InstrumentationBackend( 4061): Added:'HideSoftKeyboard', with key:'hide_soft_keyboard'
12-13 22:54:46.238 I/InstrumentationBackend( 4061): Added:'ListActions', with key:'list_actions'
12-13 22:54:46.239 I/calabash( 4061): Instantiating http server at 7102
12-13 22:54:46.239 I/System.out( 4061): HTTP Daemon listening on: 7102
12-13 22:54:46.333 I/System.out( 4061): URI: //ping
12-13 22:54:46.333 I/System.out( 4061): params: {json={}
12-13 22:54:46.333 I/System.out( 4061): }
12-13 22:54:46.344 I/System.out( 4061): URI: //ping
12-13 22:54:46.344 I/System.out( 4061): params: {json={}
12-13 22:54:46.344 I/System.out( 4061): }
12-13 22:54:46.351 I/System.out( 4061): URI: //ready
12-13 22:54:46.351 I/System.out( 4061): params: {json={}
12-13 22:54:46.351 I/System.out( 4061): }
12-13 22:54:46.358 I/System.out( 4061): URI: //
12-13 22:54:46.358 I/System.out( 4061): params: {json={"command":"version","arguments":[]}
12-13 22:54:46.358 I/System.out( 4061): }
12-13 22:54:46.358 I/System.out( 4061): header: {content-type=application/json;charset=utf-8, date=Mon, 14 Dec 2020 03:54:46 GMT, accept=*/*, host=127.0.0.1:34777, content-length=36, user-agent=HTTPClient/1.0 (2.8.3, ruby 2.5.8 (2020-03-31))}
12-13 22:54:46.358 I/System.out( 4061): params: {json={"command":"version","arguments":[]}
12-13 22:54:46.358 I/System.out( 4061): }
12-13 22:54:46.358 I/System.out( 4061): ProP json = {"command":"version","arguments":[]}
12-13 22:54:46.358 I/System.out( 4061): files: {}
12-13 22:54:46.358 I/System.out( 4061): command: {"command":"version","arguments":[]}
12-13 22:54:46.385 I/InstrumentationBackend( 4061): Got command:'Command:'Line:null,version', arguments:'[]'
12-13 22:54:46.420 I/System.out( 4061): result:{"bonusInformation":[],"message":"0.9.8","success":true}
12-13 22:54:46.428 I/System.out( 4061): URI: //start-application
12-13 22:54:46.429 I/System.out( 4061): params: {json={"intent":null}
12-13 22:54:46.429 I/System.out( 4061): }
12-13 22:54:46.465 I/ActivityManager( 1627): START u0 {act=android.intent.action.MAIN cat=[android.intent.category.LAUNCHER] flg=0x10200000 cmp=com.evancharlton.mileage/.Mileage} from uid 10132
12-13 22:54:46.479 I/ActivityManager( 1627): Killing 3429:com.google.android.apps.docs/u0a52 (adj 906): empty #17
12-13 22:54:46.487 I/calabash( 4061): newActivity1
12-13 22:54:46.501 D/gralloc_ranchu( 1397): gralloc_alloc: Creating ashmem region of size 7753728
12-13 22:54:46.546 W/ActivityManager( 1627): Bad activity token: android.os.BinderProxy@1ee925
12-13 22:54:46.546 W/ActivityManager( 1627): java.lang.ClassCastException: android.os.BinderProxy cannot be cast to com.android.server.am.ActivityRecord$Token
12-13 22:54:46.546 W/ActivityManager( 1627): 	at com.android.server.am.ActivityRecord.forTokenLocked(ActivityRecord.java:778)
12-13 22:54:46.546 W/ActivityManager( 1627): 	at com.android.server.am.ActivityRecord.isInStackLocked(ActivityRecord.java:2085)
12-13 22:54:46.546 W/ActivityManager( 1627): 	at com.android.server.am.ActivityRecord.getStackLocked(ActivityRecord.java:2090)
12-13 22:54:46.546 W/ActivityManager( 1627): 	at com.android.server.am.ActivityManagerService.getActivityDisplayId(ActivityManagerService.java:10406)
12-13 22:54:46.546 W/ActivityManager( 1627): 	at android.app.IActivityManager$Stub.onTransact(IActivityManager.java:2738)
12-13 22:54:46.546 W/ActivityManager( 1627): 	at com.android.server.am.ActivityManagerService.onTransact(ActivityManagerService.java:2935)
12-13 22:54:46.546 W/ActivityManager( 1627): 	at android.os.Binder.execTransact(Binder.java:674)
12-13 22:54:46.548 I/calabash( 4061): newActivity1
12-13 22:54:46.574 W/ActivityManager( 1627): Bad activity token: android.os.BinderProxy@1ee925
12-13 22:54:46.574 W/ActivityManager( 1627): java.lang.ClassCastException: android.os.BinderProxy cannot be cast to com.android.server.am.ActivityRecord$Token
12-13 22:54:46.574 W/ActivityManager( 1627): 	at com.android.server.am.ActivityRecord.forTokenLocked(ActivityRecord.java:778)
12-13 22:54:46.574 W/ActivityManager( 1627): 	at com.android.server.am.ActivityRecord.isInStackLocked(ActivityRecord.java:2085)
12-13 22:54:46.574 W/ActivityManager( 1627): 	at com.android.server.am.ActivityManagerService.setTaskDescription(ActivityManagerService.java:9988)
12-13 22:54:46.574 W/ActivityManager( 1627): 	at android.app.IActivityManager$Stub.onTransact(IActivityManager.java:2824)
12-13 22:54:46.574 W/ActivityManager( 1627): 	at com.android.server.am.ActivityManagerService.onTransact(ActivityManagerService.java:2935)
12-13 22:54:46.574 W/ActivityManager( 1627): 	at android.os.Binder.execTransact(Binder.java:674)
12-13 22:54:46.576 W/ActivityManager( 1627): Bad activity token: android.os.BinderProxy@1ee925
12-13 22:54:46.576 W/ActivityManager( 1627): java.lang.ClassCastException: android.os.BinderProxy cannot be cast to com.android.server.am.ActivityRecord$Token
12-13 22:54:46.576 W/ActivityManager( 1627): 	at com.android.server.am.ActivityRecord.forTokenLocked(ActivityRecord.java:778)
12-13 22:54:46.576 W/ActivityManager( 1627): 	at com.android.server.am.ActivityRecord.isInStackLocked(ActivityRecord.java:2085)
12-13 22:54:46.576 W/ActivityManager( 1627): 	at com.android.server.am.ActivityRecord.getStackLocked(ActivityRecord.java:2090)
12-13 22:54:46.576 W/ActivityManager( 1627): 	at com.android.server.am.ActivityManagerService.getActivityStackId(ActivityManagerService.java:10417)
12-13 22:54:46.576 W/ActivityManager( 1627): 	at android.app.IActivityManager$Stub.onTransact(IActivityManager.java:3548)
12-13 22:54:46.576 W/ActivityManager( 1627): 	at com.android.server.am.ActivityManagerService.onTransact(ActivityManagerService.java:2935)
12-13 22:54:46.576 W/ActivityManager( 1627): 	at android.os.Binder.execTransact(Binder.java:674)
12-13 22:54:46.581 E/ContentStoreEUAS( 2216): Failed to commit the deferred actions
12-13 22:54:46.601 D/EGL_emulation( 2180): eglMakeCurrent: 0x9c104540: ver 3 0 (tinfo 0x9c1033d0)
12-13 22:54:46.624 D/EGL_emulation( 2216): eglMakeCurrent: 0x99afe100: ver 3 0 (tinfo 0x9c0c3a90)
12-13 22:54:46.624 D/EGL_emulation( 1730): eglMakeCurrent: 0x88a78460: ver 3 0 (tinfo 0x88a4cd60)
12-13 22:54:46.628 V/StatusBar( 1730): setLightsOn(true)
12-13 22:54:46.637 D/EGL_emulation( 1730): eglMakeCurrent: 0x88a78460: ver 3 0 (tinfo 0x88a4cd60)
12-13 22:54:46.643 D/EGL_emulation( 1730): eglMakeCurrent: 0x88a78460: ver 3 0 (tinfo 0x88a4cd60)
12-13 22:54:46.644 V/StatusBar( 1730): setLightsOn(true)
12-13 22:54:46.653 D/EGL_emulation( 1730): eglMakeCurrent: 0x88a78460: ver 3 0 (tinfo 0x88a4cd60)
12-13 22:54:46.712 W/ActivityManager( 1627): Bad activity token: android.os.BinderProxy@1ee925
12-13 22:54:46.712 W/ActivityManager( 1627): java.lang.ClassCastException: android.os.BinderProxy cannot be cast to com.android.server.am.ActivityRecord$Token
12-13 22:54:46.712 W/ActivityManager( 1627): 	at com.android.server.am.ActivityRecord.forTokenLocked(ActivityRecord.java:778)
12-13 22:54:46.712 W/ActivityManager( 1627): 	at com.android.server.am.ActivityRecord.isInStackLocked(ActivityRecord.java:2085)
12-13 22:54:46.712 W/ActivityManager( 1627): 	at com.android.server.am.ActivityManagerService.getActivityOptions(ActivityManagerService.java:13302)
12-13 22:54:46.712 W/ActivityManager( 1627): 	at android.app.IActivityManager$Stub.onTransact(IActivityManager.java:2910)
12-13 22:54:46.712 W/ActivityManager( 1627): 	at com.android.server.am.ActivityManagerService.onTransact(ActivityManagerService.java:2935)
12-13 22:54:46.712 W/ActivityManager( 1627): 	at android.os.Binder.execTransact(Binder.java:674)
12-13 22:54:46.713 W/ActivityManager( 1627): Bad activity token: android.os.BinderProxy@1ee925
12-13 22:54:46.713 W/ActivityManager( 1627): java.lang.ClassCastException: android.os.BinderProxy cannot be cast to com.android.server.am.ActivityRecord$Token
12-13 22:54:46.713 W/ActivityManager( 1627): 	at com.android.server.am.ActivityRecord.forTokenLocked(ActivityRecord.java:778)
12-13 22:54:46.713 W/ActivityManager( 1627): 	at com.android.server.am.ActivityRecord.isInStackLocked(ActivityRecord.java:2085)
12-13 22:54:46.713 W/ActivityManager( 1627): 	at com.android.server.am.ActivityManagerService.getActivityOptions(ActivityManagerService.java:13302)
12-13 22:54:46.713 W/ActivityManager( 1627): 	at android.app.IActivityManager$Stub.onTransact(IActivityManager.java:2910)
12-13 22:54:46.713 W/ActivityManager( 1627): 	at com.android.server.am.ActivityManagerService.onTransact(ActivityManagerService.java:2935)
12-13 22:54:46.713 W/ActivityManager( 1627): 	at android.os.Binder.execTransact(Binder.java:674)
12-13 22:54:46.812 I/chatty  ( 1730): uid=10028(u0_a28) RenderThread identical 18 lines
12-13 22:54:46.819 D/EGL_emulation( 1730): eglMakeCurrent: 0x88a78460: ver 3 0 (tinfo 0x88a4cd60)
12-13 22:54:46.820 V/StatusBar( 1730): setLightsOn(true)
12-13 22:54:46.827 D/EGL_emulation( 1730): eglMakeCurrent: 0x88a78460: ver 3 0 (tinfo 0x88a4cd60)
12-13 22:54:46.862 I/zygote  ( 4061): Do partial code cache collection, code=29KB, data=30KB
12-13 22:54:46.863 I/zygote  ( 4061): After code cache collection, code=29KB, data=30KB
12-13 22:54:46.863 I/zygote  ( 4061): Increasing code cache capacity to 128KB
12-13 22:54:46.864 I/zygote  ( 4061): Do partial code cache collection, code=29KB, data=47KB
12-13 22:54:46.864 I/zygote  ( 4061): After code cache collection, code=29KB, data=47KB
12-13 22:54:46.864 I/zygote  ( 4061): Increasing code cache capacity to 256KB
12-13 22:54:46.864 I/zygote  ( 4061): JIT allocated 71KB for compiled code of void android.widget.TextView.<init>(android.content.Context, android.util.AttributeSet, int, int)
12-13 22:54:46.864 I/zygote  ( 4061): Compiler allocated 4MB to compile void android.widget.TextView.<init>(android.content.Context, android.util.AttributeSet, int, int)
12-13 22:54:46.892 V/StatusBar( 1730): setLightsOn(true)
12-13 22:54:46.897 E/BatteryStatsService( 1627): modem info is invalid: ModemActivityInfo{ mTimestamp=0 mSleepTimeMs=0 mIdleTimeMs=0 mTxTimeMs[]=[0, 0, 0, 0, 0] mRxTimeMs=0 mEnergyUsed=0}
12-13 22:54:46.898 I/chatty  ( 1730): uid=10028(u0_a28) com.android.systemui identical 1 line
12-13 22:54:46.906 V/StatusBar( 1730): setLightsOn(true)
12-13 22:54:46.946 D/gralloc_ranchu( 1397): gralloc_alloc: Creating ashmem region of size 7753728
12-13 22:54:46.978 D/        ( 4061): HostConnection::get() New Host Connection established 0x997afe00, tid 4061
12-13 22:54:47.040 V/StatusBar( 1730): setLightsOn(true)
12-13 22:54:47.048 I/ActivityManager( 1627): Displayed com.evancharlton.mileage/.Mileage: +568ms
12-13 22:54:47.051 V/StatusBar( 1730): setLightsOn(true)
12-13 22:54:47.071 V/StatusBar( 1730): setLightsOn(true)
12-13 22:54:47.081 I/zygote  ( 4061): Do full code cache collection, code=125KB, data=69KB
12-13 22:54:47.081 I/zygote  ( 4061): After code cache collection, code=106KB, data=43KB
12-13 22:54:47.081 D/gralloc_ranchu( 1397): gralloc_alloc: Creating ashmem region of size 7753728
12-13 22:54:47.230 V/StatusBar( 1730): setLightsOn(true)
12-13 22:54:47.337 I/chatty  ( 1730): uid=10028(u0_a28) com.android.systemui identical 3 lines
12-13 22:54:47.364 V/StatusBar( 1730): setLightsOn(true)
12-13 22:54:47.384 W/SurfaceFlinger( 1407): couldn't log to binary event log: overflow.
12-13 22:54:47.461 I/PBSessionCacheImpl( 2216): Deleted sessionId[1459188192223] from persistence.
