--------- beginning of main
12-14 03:40:34.996 I/System.out( 4012): URI: //kill
12-14 03:40:34.996 I/System.out( 4012): params: {json={}
12-14 03:40:34.996 I/System.out( 4012): }
12-14 03:40:34.996 I/System.out( 4012): Stopping test server
12-14 03:40:35.003 E/adbd    ( 1383): failed to connect to socket 'tcp:7102': Connection refused
12-14 03:40:35.007 E/adbd    ( 1383): failed to connect to socket 'tcp:7102': Connection refused
12-14 03:40:35.022 D/BoundBrokerSvc( 2239): onUnbind: Intent { act=com.google.android.gms.pay.service.BIND cmp=com.google.android.gms/.chimera.GmsApiService }
12-14 03:40:35.049 V/StatusBar( 1725): setLightsOn(true)
12-14 03:40:35.083 I/chatty  ( 1725): uid=10028(u0_a28) com.android.systemui identical 3 lines
12-14 03:40:35.087 V/StatusBar( 1725): setLightsOn(true)
12-14 03:40:35.089 D/gralloc_ranchu( 1396): gralloc_alloc: Creating ashmem region of size 8298496
12-14 03:40:35.139 I/chatty  ( 1396): uid=1000(system) allocator@2.0-s identical 1 line
12-14 03:40:35.154 D/gralloc_ranchu( 1396): gralloc_alloc: Creating ashmem region of size 8298496
12-14 03:40:35.207 D/SurfaceFlinger( 1416): duplicate layer name: changing com.google.android.apps.nexuslauncher/com.google.android.apps.nexuslauncher.NexusLauncherActivity to com.google.android.apps.nexuslauncher/com.google.android.apps.nexuslauncher.NexusLauncherActivity#1
12-14 03:40:35.231 D/gralloc_ranchu( 1396): gralloc_alloc: Creating ashmem region of size 8298496
12-14 03:40:35.236 D/BoundBrokerSvc( 1936): onUnbind: Intent { act=com.google.android.gms.tapandpay.service.BIND cmp=com.google.android.gms/.chimera.PersistentApiService }
12-14 03:40:35.245 D/EGL_emulation( 2171): eglMakeCurrent: 0xa3dfe340: ver 3 0 (tinfo 0xa3dff750)
12-14 03:40:35.254 D/EGL_emulation( 1725): eglMakeCurrent: 0x92ee2100: ver 3 0 (tinfo 0xa3a64ca0)
12-14 03:40:35.257 D/gralloc_ranchu( 1396): gralloc_alloc: Creating ashmem region of size 8298496
12-14 03:40:35.269 D/gralloc_ranchu( 1396): gralloc_alloc: Creating ashmem region of size 8298496
12-14 03:40:35.290 W/SessionLifecycleManager( 2171): Handover failed. Creating new session controller.
12-14 03:40:35.374 I/MicroDetectionWorker( 2171): #updateMicroDetector [detectionMode: [mDetectionMode: [1]]]
12-14 03:40:35.375 I/MicroDetectionWorker( 2171): #startMicroDetector [speakerMode: 0]
12-14 03:40:35.377 I/AudioController( 2171): Using mInputStreamFactoryBuilder
12-14 03:40:35.388 D/EGL_emulation( 2146): eglMakeCurrent: 0xa3dfce40: ver 3 0 (tinfo 0xa3dffb50)
12-14 03:40:35.402 I/MicroRecognitionRunner( 2171): Starting detection.
12-14 03:40:35.404 I/MicroDetectionWorker( 2171): onReady
12-14 03:40:35.406 I/MicrophoneInputStream( 2171): mic_starting com.google.android.apps.gsa.staticplugins.aa.c@e5e1618
12-14 03:40:35.408 I/AudioFlinger( 1475): AudioFlinger's thread 0xb0583980 tid=4095 ready to run
12-14 03:40:35.409 I/MicrophoneInputStream( 2171): mic_started com.google.android.apps.gsa.staticplugins.aa.c@e5e1618
12-14 03:40:35.410 I/MicroDetectionWorker( 2171): onReady
12-14 03:40:35.418 D/gralloc_ranchu( 1396): gralloc_alloc: Creating ashmem region of size 7753728
12-14 03:40:35.419 I/MicrophoneInputStream( 2171): mic_close com.google.android.apps.gsa.staticplugins.aa.c@e5e1618
12-14 03:40:35.422 I/MicroRecognitionRunner( 2171): Detection finished
12-14 03:40:35.422 W/ErrorReporter( 2171): reportError [type: 211, code: 524300]: Error reading from input stream
12-14 03:40:35.423 I/MicroRecognitionRunner( 2171): Stopping hotword detection.
12-14 03:40:35.423 W/ErrorProcessor( 2171): onFatalError, processing error from engine(4)
12-14 03:40:35.423 W/ErrorProcessor( 2171): com.google.android.apps.gsa.shared.speech.b.g: Error reading from input stream
12-14 03:40:35.423 W/ErrorProcessor( 2171): 	at com.google.android.apps.gsa.staticplugins.recognizer.j.a.a(SourceFile:28)
12-14 03:40:35.423 W/ErrorProcessor( 2171): 	at com.google.android.apps.gsa.staticplugins.recognizer.j.b.run(SourceFile:15)
12-14 03:40:35.423 W/ErrorProcessor( 2171): 	at java.util.concurrent.Executors$RunnableAdapter.call(Executors.java:457)
12-14 03:40:35.423 W/ErrorProcessor( 2171): 	at java.util.concurrent.FutureTask.run(FutureTask.java:266)
12-14 03:40:35.423 W/ErrorProcessor( 2171): 	at com.google.android.apps.gsa.shared.util.concurrent.a.ax.run(SourceFile:14)
12-14 03:40:35.423 W/ErrorProcessor( 2171): 	at com.google.android.apps.gsa.shared.util.concurrent.a.bl.run(SourceFile:4)
12-14 03:40:35.423 W/ErrorProcessor( 2171): 	at com.google.android.apps.gsa.shared.util.concurrent.a.bl.run(SourceFile:4)
12-14 03:40:35.423 W/ErrorProcessor( 2171): 	at java.util.concurrent.ThreadPoolExecutor.runWorker(ThreadPoolExecutor.java:1162)
12-14 03:40:35.423 W/ErrorProcessor( 2171): 	at java.util.concurrent.ThreadPoolExecutor$Worker.run(ThreadPoolExecutor.java:636)
12-14 03:40:35.423 W/ErrorProcessor( 2171): 	at java.lang.Thread.run(Thread.java:764)
12-14 03:40:35.423 W/ErrorProcessor( 2171): 	at com.google.android.apps.gsa.shared.util.concurrent.a.ai.run(SourceFile:6)
12-14 03:40:35.423 W/ErrorProcessor( 2171): Caused by: com.google.android.apps.gsa.shared.exception.GsaIOException: Error code: 393238 | Buffer overflow, no available space.
12-14 03:40:35.423 W/ErrorProcessor( 2171): 	at com.google.android.apps.gsa.speech.audio.Tee.f(SourceFile:103)
12-14 03:40:35.423 W/ErrorProcessor( 2171): 	at com.google.android.apps.gsa.speech.audio.au.read(SourceFile:2)
12-14 03:40:35.423 W/ErrorProcessor( 2171): 	at java.io.InputStream.read(InputStream.java:101)
12-14 03:40:35.423 W/ErrorProcessor( 2171): 	at com.google.android.apps.gsa.speech.audio.ao.run(SourceFile:18)
12-14 03:40:35.423 W/ErrorProcessor( 2171): 	at com.google.android.apps.gsa.speech.audio.an.run(SourceFile:2)
12-14 03:40:35.423 W/ErrorProcessor( 2171): 	... 9 more
12-14 03:40:35.423 I/AudioController( 2171): internalShutdown
12-14 03:40:35.424 I/DeviceStateChecker( 2171): DeviceStateChecker cancelled
12-14 03:40:35.425 I/MicroDetector( 2171): Keeping mic open: false
12-14 03:40:35.425 I/MicroDetectionWorker( 2171): #onError(false)
12-14 03:40:35.435 D/        ( 1725): HostConnection::get() New Host Connection established 0xa62a0f40, tid 1756
12-14 03:40:35.446 D/EGL_emulation( 1725): eglMakeCurrent: 0x92ee2100: ver 3 0 (tinfo 0xa3a64ca0)
12-14 03:40:35.473 I/chatty  ( 1725): uid=10028(u0_a28) RenderThread identical 1 line
12-14 03:40:35.479 D/EGL_emulation( 1725): eglMakeCurrent: 0x92ee2100: ver 3 0 (tinfo 0xa3a64ca0)
12-14 03:40:35.484 D/WificondControl( 1629): Scan result ready event
12-14 03:40:35.490 D/EGL_emulation( 1725): eglMakeCurrent: 0x92ee2100: ver 3 0 (tinfo 0xa3a64ca0)
12-14 03:40:35.690 I/chatty  ( 1725): uid=10028(u0_a28) RenderThread identical 22 lines
12-14 03:40:35.697 D/EGL_emulation( 1725): eglMakeCurrent: 0x92ee2100: ver 3 0 (tinfo 0xa3a64ca0)
12-14 03:40:35.892 W/OpenGLRenderer( 2146): Incorrectly called buildLayer on View: ShortcutAndWidgetContainer, destroying layer...
12-14 03:40:35.894 I/OpenGLRenderer( 1629): Initialized EGL, version 1.4
12-14 03:40:35.894 D/OpenGLRenderer( 1629): Swap behavior 1
12-14 03:40:35.896 W/OpenGLRenderer( 1629): Failed to choose config with EGL_SWAP_BEHAVIOR_PRESERVED, retrying without...
12-14 03:40:35.896 D/OpenGLRenderer( 1629): Swap behavior 0
12-14 03:40:35.906 D/EGL_emulation( 1629): eglCreateContext: 0xa622ebc0: maj 3 min 0 rcv 3
12-14 03:40:35.908 D/EGL_emulation( 1629): eglMakeCurrent: 0xa622ebc0: ver 3 0 (tinfo 0x946930f0)
12-14 03:40:35.912 E/eglCodecCommon( 1629): glUtilsParamSize: unknow param 0x00008cdf
12-14 03:40:35.913 E/eglCodecCommon( 1629): glUtilsParamSize: unknow param 0x00008cdf
12-14 03:40:35.914 E/eglCodecCommon( 1629): glUtilsParamSize: unknow param 0x00008824
12-14 03:40:35.914 E/eglCodecCommon( 1629): glUtilsParamSize: unknow param 0x00008824
12-14 03:40:35.941 D/        ( 1629): HostConnection::get() New Host Connection established 0x94168900, tid 1636
12-14 03:40:36.182 I/Finsky  ( 2551): [2] abyu.onStartJob(3): SCH: onJobSchedulerWakeup with jobId 9004
12-14 03:40:36.186 I/Finsky  ( 2551): [2] abtz.a(9): SCH: Scheduling fallback job with id: 9034, and delay: 43200000 ms
12-14 03:40:36.189 I/Finsky  ( 2551): [2] abtz.b(9): SCH: Scheduling fallback in 64799999 (absolute: 64868654)
12-14 03:40:36.192 I/Finsky  ( 2551): [2] abyu.onStartJob(3): SCH: onJobSchedulerWakeup with jobId 9002
12-14 03:40:36.196 I/Finsky  ( 2551): [2] abtz.a(9): SCH: Scheduling fallback job with id: 9034, and delay: 43200000 ms
12-14 03:40:36.197 I/Finsky  ( 2551): [2] abtz.b(9): SCH: Scheduling fallback in 64799999 (absolute: 64868663)
12-14 03:40:36.200 W/Finsky  ( 2551): [2] abyu.onStartJob(10): SCH: onJobSchedulerWakeup while already running
12-14 03:40:36.254 I/Finsky  ( 2551): [2] abui.handleMessage(8): SCH: DeviceState: DeviceState{currentTime=1607935236246, isCharging=false, isIdle=false, netAny=true, netNotRoaming=true, netUnmetered=true, batteryPercent=100.0}
12-14 03:40:36.269 I/Finsky  ( 2551): [125] abwt.b(5): SCH: Jobs in database: 1-1337 2-48879 3-170 12-1 24-77777777 26-1414141414 29-29 
12-14 03:40:36.289 I/Finsky  ( 2551): [2] abuj.b(10): SCH: Running job: 12-1
12-14 03:40:36.290 I/Finsky  ( 2551): [2] ContentSyncJob.r(1): [ContentSync] job started
12-14 03:40:36.291 I/Finsky  ( 2551): [2] abuj.b(10): SCH: Running job: 29-29
12-14 03:40:36.303 I/Finsky  ( 2551): [2] abui.handleMessage(59): SCH: RunningQueue size: 2, PendingQueue size: 0
12-14 03:40:36.303 I/Finsky  ( 2551): [2] abuj.p(3): SCH: Running queue: 12-1 29-29 
12-14 03:40:36.305 I/Finsky  ( 2551): [190] ajmy.a(0): ProcessRecoveryLogsUtil: No files in recovery directory
12-14 03:40:36.312 I/Finsky  ( 2551): [190] abvs.n(4): SCH: jobFinished: 29-29. TimeElapsed: 21ms.
12-14 03:40:36.316 I/Finsky  ( 2551): [2] abuj.e(4): SCH: Job 29-29 finished. Not rescheduling.
12-14 03:40:36.317 I/Finsky  ( 2551): [2] abui.handleMessage(59): SCH: RunningQueue size: 1, PendingQueue size: 0
12-14 03:40:36.317 I/Finsky  ( 2551): [2] abuj.p(3): SCH: Running queue: 12-1 
12-14 03:40:36.466 I/Finsky  ( 2551): [176] glv.b(1): Completed 0 account content syncs with 0 successful.
12-14 03:40:36.467 I/Finsky  ( 2551): [2] ContentSyncJob.a(1): [ContentSync] Installation state replication succeeded.
12-14 03:40:36.467 I/Finsky  ( 2551): [2] abvs.n(4): SCH: jobFinished: 12-1. TimeElapsed: 178ms.
12-14 03:40:36.468 I/Finsky  ( 2551): [2] abuj.e(4): SCH: Job 12-1 finished. Not rescheduling.
12-14 03:40:36.470 I/Finsky  ( 2551): [2] abui.handleMessage(59): SCH: RunningQueue size: 0, PendingQueue size: 0
12-14 03:40:36.471 I/Finsky  ( 2551): [2] abui.handleMessage(26): SCH: Executor finished
12-14 03:40:36.480 I/Finsky  ( 2551): [2] abwt.b(5): SCH: Jobs in database: 1-1337 2-48879 3-170 24-77777777 26-1414141414 
12-14 03:40:36.483 I/Finsky  ( 2551): [2] abvf.d(37): SCH: ConstraintMapping: 24-77777777,  -> L: 0ms, D: 81154175ms, C: false, I: true, N: 0
12-14 03:40:36.483 I/Finsky  ( 2551): [2] abvf.d(37): SCH: ConstraintMapping: 1-1337,  -> L: 41530484ms, D: 84730484ms, C: false, I: false, N: 1
12-14 03:40:36.483 I/Finsky  ( 2551): [2] abvf.d(37): SCH: ConstraintMapping: 2-48879, 3-170,  -> L: 0ms, D: 84745387ms, C: true, I: true, N: 2
12-14 03:40:36.483 I/Finsky  ( 2551): [2] abvf.d(37): SCH: ConstraintMapping: 26-1414141414,  -> L: 19320568ms, D: 20220568ms, C: false, I: false, N: 0
12-14 03:40:36.486 I/Finsky  ( 2551): [2] abvf.f(7): SCH: Cancelling existing jobscheduler jobs: 9001 9003 
12-14 03:40:36.486 I/Finsky  ( 2551): [2] abvf.e(8): SCH: Throttling wakeup for job 9000 (expected to run in 0 ms) due to recent wakeup
12-14 03:40:36.487 I/Finsky  ( 2551): [2] abvf.e(23): SCH: Scheduling job Id: 9000, L: 30000, D: 81154175, C: false, I: true, N: 0
12-14 03:40:36.487 I/Finsky  ( 2551): [2] abvf.e(23): SCH: Scheduling job Id: 9002, L: 41530484, D: 84730484, C: false, I: false, N: 1
12-14 03:40:36.488 I/Finsky  ( 2551): [2] abvf.e(8): SCH: Throttling wakeup for job 9005 (expected to run in 0 ms) due to recent wakeup
12-14 03:40:36.488 I/Finsky  ( 2551): [2] abvf.e(23): SCH: Scheduling job Id: 9005, L: 30000, D: 84745387, C: true, I: true, N: 2
12-14 03:40:36.489 I/Finsky  ( 2551): [2] abvf.e(23): SCH: Scheduling job Id: 9006, L: 19320568, D: 20220568, C: false, I: false, N: 0
12-14 03:40:37.299 E/memtrack( 1629): Couldn't load memtrack module
12-14 03:40:37.299 W/android.os.Debug( 1629): failed to get memory consumption info: -1
12-14 03:40:37.319 E/memtrack( 1629): Couldn't load memtrack module
12-14 03:40:37.319 W/android.os.Debug( 1629): failed to get memory consumption info: -1
12-14 03:40:37.551 W/audio_hw_generic( 1390): Not supplying enough data to HAL, expected position 548477 , only wrote 352800
12-14 03:40:37.634 E/memtrack( 1629): Couldn't load memtrack module
12-14 03:40:37.635 W/android.os.Debug( 1629): failed to get memory consumption info: -1
12-14 03:40:38.117 I/BackgroundDexOptService( 1629): Pinning optimized code {}
12-14 03:40:38.118 E/memtrack( 1629): Couldn't load memtrack module
12-14 03:40:38.118 W/android.os.Debug( 1629): failed to get memory consumption info: -1
12-14 03:40:40.252 D/BoundBrokerSvc( 1936): onUnbind: Intent { act=com.google.android.gms.clearcut.service.START cmp=com.google.android.gms/.chimera.PersistentDirectBootAwareApiService }
12-14 03:40:40.263 D/BoundBrokerSvc( 2239): onUnbind: Intent { act=com.google.android.mdd.service.START cmp=com.google.android.gms/.chimera.GmsBoundBrokerService }
12-14 03:40:40.431 I/MicroDetectionWorker( 2171): #updateMicroDetector [detectionMode: [mDetectionMode: [1]]]
12-14 03:40:40.431 I/MicroDetectionWorker( 2171): #startMicroDetector [speakerMode: 0]
12-14 03:40:40.432 I/AudioController( 2171): Using mInputStreamFactoryBuilder
12-14 03:40:40.436 I/MicroDetectionWorker( 2171): onReady
12-14 03:40:40.438 I/MicroRecognitionRunner( 2171): Starting detection.
12-14 03:40:40.438 I/MicrophoneInputStream( 2171): mic_starting com.google.android.apps.gsa.staticplugins.aa.c@f865df4
12-14 03:40:40.442 I/AudioFlinger( 1475): AudioFlinger's thread 0xb0403b40 tid=4104 ready to run
12-14 03:40:40.447 I/MicrophoneInputStream( 2171): mic_started com.google.android.apps.gsa.staticplugins.aa.c@f865df4
--------- beginning of system
12-14 03:40:40.448 E/ActivityThread( 2171): Failed to find provider info for com.google.android.apps.gsa.testing.ui.audio.recorded
12-14 03:40:40.449 I/MicroDetectionWorker( 2171): onReady
12-14 03:40:40.451 I/MicrophoneInputStream( 2171): mic_close com.google.android.apps.gsa.staticplugins.aa.c@f865df4
12-14 03:40:40.452 I/MicroRecognitionRunner( 2171): Detection finished
12-14 03:40:40.452 W/ErrorReporter( 2171): reportError [type: 211, code: 524300]: Error reading from input stream
12-14 03:40:40.453 I/MicroRecognitionRunner( 2171): Stopping hotword detection.
12-14 03:40:40.453 W/ErrorProcessor( 2171): onFatalError, processing error from engine(4)
12-14 03:40:40.453 W/ErrorProcessor( 2171): com.google.android.apps.gsa.shared.speech.b.g: Error reading from input stream
12-14 03:40:40.453 W/ErrorProcessor( 2171): 	at com.google.android.apps.gsa.staticplugins.recognizer.j.a.a(SourceFile:28)
12-14 03:40:40.453 W/ErrorProcessor( 2171): 	at com.google.android.apps.gsa.staticplugins.recognizer.j.b.run(SourceFile:15)
12-14 03:40:40.453 W/ErrorProcessor( 2171): 	at java.util.concurrent.Executors$RunnableAdapter.call(Executors.java:457)
12-14 03:40:40.453 W/ErrorProcessor( 2171): 	at java.util.concurrent.FutureTask.run(FutureTask.java:266)
12-14 03:40:40.453 W/ErrorProcessor( 2171): 	at com.google.android.apps.gsa.shared.util.concurrent.a.ax.run(SourceFile:14)
12-14 03:40:40.453 W/ErrorProcessor( 2171): 	at com.google.android.apps.gsa.shared.util.concurrent.a.bl.run(SourceFile:4)
12-14 03:40:40.453 W/ErrorProcessor( 2171): 	at com.google.android.apps.gsa.shared.util.concurrent.a.bl.run(SourceFile:4)
12-14 03:40:40.453 W/ErrorProcessor( 2171): 	at java.util.concurrent.ThreadPoolExecutor.runWorker(ThreadPoolExecutor.java:1162)
12-14 03:40:40.453 W/ErrorProcessor( 2171): 	at java.util.concurrent.ThreadPoolExecutor$Worker.run(ThreadPoolExecutor.java:636)
12-14 03:40:40.453 W/ErrorProcessor( 2171): 	at java.lang.Thread.run(Thread.java:764)
12-14 03:40:40.453 W/ErrorProcessor( 2171): 	at com.google.android.apps.gsa.shared.util.concurrent.a.ai.run(SourceFile:6)
12-14 03:40:40.453 W/ErrorProcessor( 2171): Caused by: com.google.android.apps.gsa.shared.exception.GsaIOException: Error code: 393238 | Buffer overflow, no available space.
12-14 03:40:40.453 W/ErrorProcessor( 2171): 	at com.google.android.apps.gsa.speech.audio.Tee.f(SourceFile:103)
12-14 03:40:40.453 W/ErrorProcessor( 2171): 	at com.google.android.apps.gsa.speech.audio.au.read(SourceFile:2)
12-14 03:40:40.453 W/ErrorProcessor( 2171): 	at java.io.InputStream.read(InputStream.java:101)
12-14 03:40:40.453 W/ErrorProcessor( 2171): 	at com.google.android.apps.gsa.speech.audio.ao.run(SourceFile:18)
12-14 03:40:40.453 W/ErrorProcessor( 2171): 	at com.google.android.apps.gsa.speech.audio.an.run(SourceFile:2)
12-14 03:40:40.453 W/ErrorProcessor( 2171): 	... 9 more
12-14 03:40:40.453 I/AudioController( 2171): internalShutdown
12-14 03:40:40.455 I/MicroDetector( 2171): Keeping mic open: false
12-14 03:40:40.455 I/MicroDetectionWorker( 2171): #onError(false)
12-14 03:40:40.455 I/DeviceStateChecker( 2171): DeviceStateChecker cancelled
12-14 03:40:41.339 D/AndroidRuntime( 4108): >>>>>> START com.android.internal.os.RuntimeInit uid 2000 <<<<<<
12-14 03:40:41.373 W/app_process( 4108): Unexpected CPU variant for X86 using defaults: x86
12-14 03:40:41.392 D/AndroidRuntime( 4108): Calling main entry com.android.commands.am.Am
12-14 03:40:41.400 I/ActivityManager( 1629): Force stopping com.evancharlton.mileage appid=10424 user=0: start instr
12-14 03:40:41.400 I/ActivityManager( 1629): Killing 4012:com.evancharlton.mileage/u0a424 (adj 0): stop com.evancharlton.mileage
12-14 03:40:41.401 W/ActivityManager( 1629): Crash of app com.evancharlton.mileage running instrumentation ComponentInfo{com.evancharlton.mileage.test/sh.calaba.instrumentationbackend.CalabashInstrumentationTestRunner}
12-14 03:40:41.401 I/ActivityManager( 1629): Force stopping com.evancharlton.mileage appid=10424 user=0: finished inst
12-14 03:40:41.410 I/zygote  ( 4118): Not late-enabling -Xcheck:jni (already on)
12-14 03:40:41.417 I/ActivityManager( 1629): Start proc 4118:com.evancharlton.mileage/u0a424 for added application com.evancharlton.mileage
12-14 03:40:41.418 D/AndroidRuntime( 4108): Shutting down VM
12-14 03:40:41.419 E/memtrack( 1629): Couldn't load memtrack module
12-14 03:40:41.419 W/android.os.Debug( 1629): failed to get memory consumption info: -1
12-14 03:40:41.424 W/zygote  ( 4118): Unexpected CPU variant for X86 using defaults: x86
12-14 03:40:41.440 E/adbd    ( 1383): failed to connect to socket 'tcp:7102': Connection refused
12-14 03:40:41.444 E/adbd    ( 1383): failed to connect to socket 'tcp:7102': Connection refused
12-14 03:40:41.444 E/memtrack( 1629): Couldn't load memtrack module
12-14 03:40:41.444 W/android.os.Debug( 1629): failed to get memory consumption info: -1
12-14 03:40:41.448 W/ActivityManager( 1629): setHasOverlayUi called on unknown pid: 4012
12-14 03:40:41.457 W/zygote  ( 4118): Found duplicate classes, falling back to extracting from APK : /data/app/com.evancharlton.mileage.test-lxGqjFP0f8sAetjI0GWFoA==/base.apk
12-14 03:40:41.457 W/zygote  ( 4118): NOTE: This wastes RAM and hurts startup performance.
12-14 03:40:41.457 W/zygote  ( 4118): Found duplicated class when checking oat files: 'Ljunit/runner/BaseTestRunner;' in /data/app/com.evancharlton.mileage.test-lxGqjFP0f8sAetjI0GWFoA==/base.apk and /system/framework/android.test.runner.jar
12-14 03:40:41.457 W/zygote  ( 4118): 
12-14 03:40:41.491 W/System  ( 4118): ClassLoader referenced unknown path: 
12-14 03:40:41.502 I/System.out( 4118): Main activity name automatically set to: com.evancharlton.mileage.Mileage
12-14 03:40:41.505 I/System.out( 4118): Calabash did not load Mono. This is only a problem if you are trying to test a Mono application
12-14 03:40:41.505 I/calabash( 4118): Test server port: 7102
12-14 03:40:41.506 I/InstrumentationBackend( 4118): Added:'GetPreferences', with key:'get_preferences'
12-14 03:40:41.558 E/adbd    ( 1383): failed to connect to socket 'tcp:7102': Connection refused
12-14 03:40:41.560 E/adbd    ( 1383): failed to connect to socket 'tcp:7102': Connection refused
12-14 03:40:41.570 I/InstrumentationBackend( 4118): Added:'SetPreferences', with key:'set_preferences'
12-14 03:40:41.570 I/InstrumentationBackend( 4118): Added:'ClearPreferences', with key:'clear_preferences'
12-14 03:40:41.570 I/InstrumentationBackend( 4118): Added:'PressElement', with key:'press_l10n_element'
12-14 03:40:41.571 I/InstrumentationBackend( 4118): Added:'WaitForElement', with key:'wait_for_l10n_element'
12-14 03:40:41.571 I/InstrumentationBackend( 4118): Added:'NullAction', with key:'nullAction'
12-14 03:40:41.572 I/InstrumentationBackend( 4118): Added:'PressKey', with key:'press_key'
12-14 03:40:41.572 I/InstrumentationBackend( 4118): Added:'SetActivityOrientation', with key:'set_activity_orientation'
12-14 03:40:41.573 I/InstrumentationBackend( 4118): Added:'GetActivityOrientation', with key:'get_activity_orientation'
12-14 03:40:41.574 I/InstrumentationBackend( 4118): Added:'FakeGPSLocation', with key:'set_gps_coordinates'
12-14 03:40:41.574 I/InstrumentationBackend( 4118): Added:'SetPropertyByCssSelector', with key:'set_property_by_css_selector'
12-14 03:40:41.575 I/InstrumentationBackend( 4118): Added:'GetUrl', with key:'get_url'
12-14 03:40:41.577 I/InstrumentationBackend( 4118): Added:'ScrollTo', with key:'scroll_to'
12-14 03:40:41.578 I/InstrumentationBackend( 4118): Added:'GetLoadProgress', with key:'get_load_progress'
12-14 03:40:41.578 I/InstrumentationBackend( 4118): Added:'DumpHtml', with key:'dump_html'
12-14 03:40:41.578 I/InstrumentationBackend( 4118): Added:'DumpBodyHtml', with key:'dump_body_html'
12-14 03:40:41.579 I/InstrumentationBackend( 4118): Added:'EnterTextByCssSelector', with key:'enter_text_by_selector'
12-14 03:40:41.582 I/InstrumentationBackend( 4118): Added:'AndroidSDKVersion', with key:'android_sdk_version'
12-14 03:40:41.583 I/InstrumentationBackend( 4118): Added:'Version', with key:'version'
12-14 03:40:41.583 I/InstrumentationBackend( 4118): Added:'Drag', with key:'drag'
12-14 03:40:41.583 I/InstrumentationBackend( 4118): Added:'TouchCoordinates', with key:'touch_coordinate'
12-14 03:40:41.584 I/InstrumentationBackend( 4118): Added:'LongPressCoordinate', with key:'long_press_coordinate'
12-14 03:40:41.584 I/InstrumentationBackend( 4118): Added:'DragCoordinates', with key:'drag_coordinates'
12-14 03:40:41.585 I/InstrumentationBackend( 4118): Added:'ResumeApplication', with key:'resume_application'
12-14 03:40:41.585 I/InstrumentationBackend( 4118): Added:'Swipe', with key:'swipe'
12-14 03:40:41.585 I/InstrumentationBackend( 4118): Added:'DoubleTapCoordinate', with key:'double_tap_coordinate'
12-14 03:40:41.585 I/InstrumentationBackend( 4118): Added:'ClickOnScreen', with key:'click_on_screen'
12-14 03:40:41.586 I/InstrumentationBackend( 4118): Added:'GetActivityName', with key:'get_activity_name'
12-14 03:40:41.587 I/InstrumentationBackend( 4118): Added:'ScrollToView', with key:'scroll_to_view'
12-14 03:40:41.587 I/InstrumentationBackend( 4118): Added:'ViewConfiguration', with key:'view_configuration'
12-14 03:40:41.587 I/InstrumentationBackend( 4118): Added:'IsCurrentActivityFocused', with key:'is_current_activity_focused'
12-14 03:40:41.588 I/InstrumentationBackend( 4118): Added:'SendTcp', with key:'send_tcp'
12-14 03:40:41.588 I/InstrumentationBackend( 4118): Added:'DpToDevicePixel', with key:'dp_to_device_pixel'
12-14 03:40:41.590 I/InstrumentationBackend( 4118): Added:'KeyboardEnterText', with key:'keyboard_enter_text'
12-14 03:40:41.590 I/InstrumentationBackend( 4118): Added:'DeleteSurroundingText', with key:'delete_surrounding_text'
12-14 03:40:41.590 I/InstrumentationBackend( 4118): Added:'SetComposingRegion', with key:'set_composing_region'
12-14 03:40:41.591 I/InstrumentationBackend( 4118): Added:'SetSelection', with key:'set_selection'
12-14 03:40:41.591 I/InstrumentationBackend( 4118): Added:'KeyboardKeyEvent', with key:'keyboard_key_event'
12-14 03:40:41.591 I/InstrumentationBackend( 4118): Added:'PressUserActionButton', with key:'press_user_action_button'
12-14 03:40:41.592 I/InstrumentationBackend( 4118): Added:'HideSoftKeyboard', with key:'hide_soft_keyboard'
12-14 03:40:41.594 I/InstrumentationBackend( 4118): Added:'ListActions', with key:'list_actions'
12-14 03:40:41.594 I/calabash( 4118): Instantiating http server at 7102
12-14 03:40:41.594 I/System.out( 4118): HTTP Daemon listening on: 7102
12-14 03:40:41.682 I/System.out( 4118): URI: //ping
12-14 03:40:41.682 I/System.out( 4118): params: {json={}
12-14 03:40:41.682 I/System.out( 4118): }
12-14 03:40:41.694 I/System.out( 4118): URI: //ping
12-14 03:40:41.695 I/System.out( 4118): params: {json={}
12-14 03:40:41.695 I/System.out( 4118): }
12-14 03:40:41.701 I/System.out( 4118): URI: //ready
12-14 03:40:41.701 I/System.out( 4118): params: {json={}
12-14 03:40:41.701 I/System.out( 4118): }
12-14 03:40:41.708 I/System.out( 4118): URI: //
12-14 03:40:41.708 I/System.out( 4118): params: {json={"command":"version","arguments":[]}
12-14 03:40:41.708 I/System.out( 4118): }
12-14 03:40:41.708 I/System.out( 4118): header: {content-type=application/json;charset=utf-8, date=Mon, 14 Dec 2020 08:40:41 GMT, accept=*/*, host=127.0.0.1:34777, content-length=36, user-agent=HTTPClient/1.0 (2.8.3, ruby 2.5.8 (2020-03-31))}
12-14 03:40:41.708 I/System.out( 4118): params: {json={"command":"version","arguments":[]}
12-14 03:40:41.708 I/System.out( 4118): }
12-14 03:40:41.708 I/System.out( 4118): ProP json = {"command":"version","arguments":[]}
12-14 03:40:41.708 I/System.out( 4118): files: {}
12-14 03:40:41.708 I/System.out( 4118): command: {"command":"version","arguments":[]}
12-14 03:40:41.736 I/InstrumentationBackend( 4118): Got command:'Command:'Line:null,version', arguments:'[]'
12-14 03:40:41.773 I/System.out( 4118): result:{"bonusInformation":[],"message":"0.9.8","success":true}
12-14 03:40:41.779 I/System.out( 4118): URI: //start-application
12-14 03:40:41.779 I/System.out( 4118): params: {json={"intent":null}
12-14 03:40:41.779 I/System.out( 4118): }
12-14 03:40:41.816 I/ActivityManager( 1629): START u0 {act=android.intent.action.MAIN cat=[android.intent.category.LAUNCHER] flg=0x10200000 cmp=com.evancharlton.mileage/.Mileage} from uid 10424
12-14 03:40:41.829 I/calabash( 4118): newActivity1
12-14 03:40:41.851 D/gralloc_ranchu( 1396): gralloc_alloc: Creating ashmem region of size 7753728
12-14 03:40:41.857 W/ActivityManager( 1629): Bad activity token: android.os.BinderProxy@5182dc5
12-14 03:40:41.857 W/ActivityManager( 1629): java.lang.ClassCastException: android.os.BinderProxy cannot be cast to com.android.server.am.ActivityRecord$Token
12-14 03:40:41.857 W/ActivityManager( 1629): 	at com.android.server.am.ActivityRecord.forTokenLocked(ActivityRecord.java:778)
12-14 03:40:41.857 W/ActivityManager( 1629): 	at com.android.server.am.ActivityRecord.isInStackLocked(ActivityRecord.java:2085)
12-14 03:40:41.857 W/ActivityManager( 1629): 	at com.android.server.am.ActivityRecord.getStackLocked(ActivityRecord.java:2090)
12-14 03:40:41.857 W/ActivityManager( 1629): 	at com.android.server.am.ActivityManagerService.getActivityDisplayId(ActivityManagerService.java:10406)
12-14 03:40:41.857 W/ActivityManager( 1629): 	at android.app.IActivityManager$Stub.onTransact(IActivityManager.java:2738)
12-14 03:40:41.857 W/ActivityManager( 1629): 	at com.android.server.am.ActivityManagerService.onTransact(ActivityManagerService.java:2935)
12-14 03:40:41.857 W/ActivityManager( 1629): 	at android.os.Binder.execTransact(Binder.java:674)
12-14 03:40:41.858 I/calabash( 4118): newActivity1
12-14 03:40:41.869 W/ActivityManager( 1629): Bad activity token: android.os.BinderProxy@5182dc5
12-14 03:40:41.869 W/ActivityManager( 1629): java.lang.ClassCastException: android.os.BinderProxy cannot be cast to com.android.server.am.ActivityRecord$Token
12-14 03:40:41.869 W/ActivityManager( 1629): 	at com.android.server.am.ActivityRecord.forTokenLocked(ActivityRecord.java:778)
12-14 03:40:41.869 W/ActivityManager( 1629): 	at com.android.server.am.ActivityRecord.isInStackLocked(ActivityRecord.java:2085)
12-14 03:40:41.869 W/ActivityManager( 1629): 	at com.android.server.am.ActivityManagerService.setTaskDescription(ActivityManagerService.java:9988)
12-14 03:40:41.869 W/ActivityManager( 1629): 	at android.app.IActivityManager$Stub.onTransact(IActivityManager.java:2824)
12-14 03:40:41.869 W/ActivityManager( 1629): 	at com.android.server.am.ActivityManagerService.onTransact(ActivityManagerService.java:2935)
12-14 03:40:41.869 W/ActivityManager( 1629): 	at android.os.Binder.execTransact(Binder.java:674)
12-14 03:40:41.870 W/ActivityManager( 1629): Bad activity token: android.os.BinderProxy@5182dc5
12-14 03:40:41.870 W/ActivityManager( 1629): java.lang.ClassCastException: android.os.BinderProxy cannot be cast to com.android.server.am.ActivityRecord$Token
12-14 03:40:41.870 W/ActivityManager( 1629): 	at com.android.server.am.ActivityRecord.forTokenLocked(ActivityRecord.java:778)
12-14 03:40:41.870 W/ActivityManager( 1629): 	at com.android.server.am.ActivityRecord.isInStackLocked(ActivityRecord.java:2085)
12-14 03:40:41.870 W/ActivityManager( 1629): 	at com.android.server.am.ActivityRecord.getStackLocked(ActivityRecord.java:2090)
12-14 03:40:41.870 W/ActivityManager( 1629): 	at com.android.server.am.ActivityManagerService.getActivityStackId(ActivityManagerService.java:10417)
12-14 03:40:41.870 W/ActivityManager( 1629): 	at android.app.IActivityManager$Stub.onTransact(IActivityManager.java:3548)
12-14 03:40:41.870 W/ActivityManager( 1629): 	at com.android.server.am.ActivityManagerService.onTransact(ActivityManagerService.java:2935)
12-14 03:40:41.870 W/ActivityManager( 1629): 	at android.os.Binder.execTransact(Binder.java:674)
12-14 03:40:41.909 D/EGL_emulation( 2146): eglMakeCurrent: 0xa3dfce40: ver 3 0 (tinfo 0xa3dffb50)
12-14 03:40:41.910 D/EGL_emulation( 2171): eglMakeCurrent: 0xa3dfe340: ver 3 0 (tinfo 0xa3dff750)
12-14 03:40:41.922 D/EGL_emulation( 1725): eglMakeCurrent: 0x92ee2100: ver 3 0 (tinfo 0xa3a64ca0)
12-14 03:40:41.936 I/chatty  ( 1725): uid=10028(u0_a28) RenderThread identical 1 line
12-14 03:40:41.946 D/EGL_emulation( 1725): eglMakeCurrent: 0x92ee2100: ver 3 0 (tinfo 0xa3a64ca0)
12-14 03:40:41.948 V/StatusBar( 1725): setLightsOn(true)
12-14 03:40:41.954 D/EGL_emulation( 1725): eglMakeCurrent: 0x92ee2100: ver 3 0 (tinfo 0xa3a64ca0)
12-14 03:40:41.961 D/EGL_emulation( 1725): eglMakeCurrent: 0x92ee2100: ver 3 0 (tinfo 0xa3a64ca0)
12-14 03:40:41.962 E/ContentStoreEUAS( 2171): Failed to commit the deferred actions
12-14 03:40:41.976 D/EGL_emulation( 1725): eglMakeCurrent: 0x92ee2100: ver 3 0 (tinfo 0xa3a64ca0)
12-14 03:40:42.007 W/ActivityManager( 1629): Bad activity token: android.os.BinderProxy@5182dc5
12-14 03:40:42.007 W/ActivityManager( 1629): java.lang.ClassCastException: android.os.BinderProxy cannot be cast to com.android.server.am.ActivityRecord$Token
12-14 03:40:42.007 W/ActivityManager( 1629): 	at com.android.server.am.ActivityRecord.forTokenLocked(ActivityRecord.java:778)
12-14 03:40:42.007 W/ActivityManager( 1629): 	at com.android.server.am.ActivityRecord.isInStackLocked(ActivityRecord.java:2085)
12-14 03:40:42.007 W/ActivityManager( 1629): 	at com.android.server.am.ActivityManagerService.getActivityOptions(ActivityManagerService.java:13302)
12-14 03:40:42.007 W/ActivityManager( 1629): 	at android.app.IActivityManager$Stub.onTransact(IActivityManager.java:2910)
12-14 03:40:42.007 W/ActivityManager( 1629): 	at com.android.server.am.ActivityManagerService.onTransact(ActivityManagerService.java:2935)
12-14 03:40:42.007 W/ActivityManager( 1629): 	at android.os.Binder.execTransact(Binder.java:674)
12-14 03:40:42.009 W/ActivityManager( 1629): Bad activity token: android.os.BinderProxy@5182dc5
12-14 03:40:42.009 W/ActivityManager( 1629): java.lang.ClassCastException: android.os.BinderProxy cannot be cast to com.android.server.am.ActivityRecord$Token
12-14 03:40:42.009 W/ActivityManager( 1629): 	at com.android.server.am.ActivityRecord.forTokenLocked(ActivityRecord.java:778)
12-14 03:40:42.009 W/ActivityManager( 1629): 	at com.android.server.am.ActivityRecord.isInStackLocked(ActivityRecord.java:2085)
12-14 03:40:42.009 W/ActivityManager( 1629): 	at com.android.server.am.ActivityManagerService.getActivityOptions(ActivityManagerService.java:13302)
12-14 03:40:42.009 W/ActivityManager( 1629): 	at android.app.IActivityManager$Stub.onTransact(IActivityManager.java:2910)
12-14 03:40:42.009 W/ActivityManager( 1629): 	at com.android.server.am.ActivityManagerService.onTransact(ActivityManagerService.java:2935)
12-14 03:40:42.009 W/ActivityManager( 1629): 	at android.os.Binder.execTransact(Binder.java:674)
12-14 03:40:42.106 I/chatty  ( 1725): uid=10028(u0_a28) RenderThread identical 16 lines
12-14 03:40:42.114 D/EGL_emulation( 1725): eglMakeCurrent: 0x92ee2100: ver 3 0 (tinfo 0xa3a64ca0)
12-14 03:40:42.115 V/StatusBar( 1725): setLightsOn(true)
12-14 03:40:42.126 D/EGL_emulation( 1725): eglMakeCurrent: 0x92ee2100: ver 3 0 (tinfo 0xa3a64ca0)
12-14 03:40:42.162 V/StatusBar( 1725): setLightsOn(true)
12-14 03:40:42.164 I/chatty  ( 1725): uid=10028(u0_a28) com.android.systemui identical 1 line
12-14 03:40:42.165 V/StatusBar( 1725): setLightsOn(true)
12-14 03:40:42.205 D/gralloc_ranchu( 1396): gralloc_alloc: Creating ashmem region of size 7753728
12-14 03:40:42.212 I/zygote  ( 4118): Do partial code cache collection, code=28KB, data=30KB
12-14 03:40:42.212 I/zygote  ( 4118): After code cache collection, code=28KB, data=30KB
12-14 03:40:42.212 I/zygote  ( 4118): Increasing code cache capacity to 128KB
12-14 03:40:42.212 I/zygote  ( 4118): Do partial code cache collection, code=28KB, data=48KB
12-14 03:40:42.212 I/zygote  ( 4118): After code cache collection, code=28KB, data=48KB
12-14 03:40:42.212 I/zygote  ( 4118): Increasing code cache capacity to 256KB
12-14 03:40:42.213 I/zygote  ( 4118): JIT allocated 71KB for compiled code of void android.widget.TextView.<init>(android.content.Context, android.util.AttributeSet, int, int)
12-14 03:40:42.213 I/zygote  ( 4118): Compiler allocated 4MB to compile void android.widget.TextView.<init>(android.content.Context, android.util.AttributeSet, int, int)
12-14 03:40:42.233 D/        ( 4118): HostConnection::get() New Host Connection established 0xa3930d40, tid 4118
12-14 03:40:42.290 V/StatusBar( 1725): setLightsOn(true)
12-14 03:40:42.293 V/StatusBar( 1725): setLightsOn(true)
12-14 03:40:42.295 I/ActivityManager( 1629): Displayed com.evancharlton.mileage/.Mileage: +471ms
12-14 03:40:42.302 V/StatusBar( 1725): setLightsOn(true)
12-14 03:40:42.324 V/StatusBar( 1725): setLightsOn(true)
12-14 03:40:42.346 D/gralloc_ranchu( 1396): gralloc_alloc: Creating ashmem region of size 7753728
12-14 03:40:42.354 V/StatusBar( 1725): setLightsOn(true)
12-14 03:40:42.496 V/StatusBar( 1725): setLightsOn(true)
12-14 03:40:42.634 E/memtrack( 1629): Couldn't load memtrack module
12-14 03:40:42.634 W/android.os.Debug( 1629): failed to get memory consumption info: -1
12-14 03:40:42.637 V/StatusBar( 1725): setLightsOn(true)
12-14 03:40:42.652 V/StatusBar( 1725): setLightsOn(true)
12-14 03:40:42.665 W/SurfaceFlinger( 1416): couldn't log to binary event log: overflow.
