--------- beginning of main
12-14 00:51:43.775 W/SearchService( 2176): Abort, client detached.
12-14 00:51:43.798 V/StatusBar( 1733): setLightsOn(true)
--------- beginning of system
12-14 00:51:43.801 W/ActivityManager( 1627): Finishing task with all activities already finished
12-14 00:51:43.801 W/ActivityManager( 1627): Duplicate finish request for ActivityRecord{c072bef u0 com.evancharlton.mileage/.Mileage t559 f}
12-14 00:51:43.803 V/StatusBar( 1733): setLightsOn(true)
12-14 00:51:43.806 W/ActivityManager( 1627): Finishing task with all activities already finished
12-14 00:51:43.806 W/ActivityManager( 1627): Duplicate finish request for ActivityRecord{c072bef u0 com.evancharlton.mileage/.Mileage t559 f}
12-14 00:51:43.811 W/ActivityManager( 1627): Finishing task with all activities already finished
12-14 00:51:43.811 W/ActivityManager( 1627): Duplicate finish request for ActivityRecord{c072bef u0 com.evancharlton.mileage/.Mileage t559 f}
12-14 00:51:43.812 E/memtrack( 1627): Couldn't load memtrack module
12-14 00:51:43.812 V/StatusBar( 1733): setLightsOn(true)
12-14 00:51:43.812 W/android.os.Debug( 1627): failed to get memory consumption info: -1
12-14 00:51:43.819 V/StatusBar( 1733): setLightsOn(true)
12-14 00:51:43.821 V/StatusBar( 1733): setLightsOn(true)
12-14 00:51:43.827 D/gralloc_ranchu( 1395): gralloc_alloc: Creating ashmem region of size 8298496
12-14 00:51:43.848 I/chatty  ( 1395): uid=1000(system) allocator@2.0-s identical 1 line
12-14 00:51:43.859 D/gralloc_ranchu( 1395): gralloc_alloc: Creating ashmem region of size 8298496
12-14 00:51:43.859 D/SurfaceFlinger( 1412): duplicate layer name: changing com.google.android.apps.nexuslauncher/com.google.android.apps.nexuslauncher.NexusLauncherActivity to com.google.android.apps.nexuslauncher/com.google.android.apps.nexuslauncher.NexusLauncherActivity#1
12-14 00:51:43.878 D/gralloc_ranchu( 1395): gralloc_alloc: Creating ashmem region of size 8298496
12-14 00:51:43.971 D/EGL_emulation( 1733): eglMakeCurrent: 0x9ce05600: ver 3 0 (tinfo 0x9ce03510)
12-14 00:51:43.979 D/EGL_emulation( 2176): eglMakeCurrent: 0x9ce05a20: ver 3 0 (tinfo 0x9ce03620)
12-14 00:51:43.979 D/gralloc_ranchu( 1395): gralloc_alloc: Creating ashmem region of size 8298496
12-14 00:51:44.011 I/zygote  ( 4067): Do full code cache collection, code=121KB, data=72KB
12-14 00:51:44.012 I/zygote  ( 4067): After code cache collection, code=106KB, data=48KB
12-14 00:51:44.044 D/gralloc_ranchu( 1395): gralloc_alloc: Creating ashmem region of size 8298496
12-14 00:51:44.078 I/zygote  ( 2176): Deoptimizing void com.google.android.apps.gsa.search.core.service.worker.a.a.a(com.google.android.apps.gsa.search.core.state.qc) due to JIT inline cache
12-14 00:51:44.085 E/memtrack( 1627): Couldn't load memtrack module
12-14 00:51:44.085 W/android.os.Debug( 1627): failed to get memory consumption info: -1
12-14 00:51:44.106 W/ActivityManager( 1627): Unable to start service Intent { act=com.google.android.gms.speech.service.START pkg=com.google.android.gms } U=0: not found
12-14 00:51:44.107 W/ActivityManager( 1627): Unbind failed: could not find connection for android.os.BinderProxy@a2e1b45
12-14 00:51:44.107 E/GmsClient( 2176): unable to connect to service: com.google.android.gms.speech.service.START on com.google.android.gms
12-14 00:51:44.123 W/SessionLifecycleManager( 2176): Handover failed. Creating new session controller.
12-14 00:51:44.139 I/OptInState( 2176): There is a new client and it does not support opt-in. Dropping request.
12-14 00:51:44.175 D/EGL_emulation( 2145): eglMakeCurrent: 0x9ce055a0: ver 3 0 (tinfo 0x9ce031d0)
12-14 00:51:44.178 I/MicroDetectionWorker( 2176): #updateMicroDetector [detectionMode: [mDetectionMode: [1]]]
12-14 00:51:44.178 I/MicroDetectionWorker( 2176): #startMicroDetector [speakerMode: 0]
12-14 00:51:44.179 I/AudioController( 2176): Using mInputStreamFactoryBuilder
12-14 00:51:44.187 I/MicroRecognitionRunner( 2176): Starting detection.
12-14 00:51:44.187 I/MicrophoneInputStream( 2176): mic_starting com.google.android.apps.gsa.staticplugins.aa.c@2fa3d6d
12-14 00:51:44.195 I/AudioFlinger( 1475): AudioFlinger's thread 0xb3403f80 tid=4125 ready to run
12-14 00:51:44.206 D/gralloc_ranchu( 1395): gralloc_alloc: Creating ashmem region of size 7753728
12-14 00:51:44.217 I/zygote  ( 2176): IncrementDisableThreadFlip blocked for 20.585ms
12-14 00:51:44.217 I/MicrophoneInputStream( 2176): mic_started com.google.android.apps.gsa.staticplugins.aa.c@2fa3d6d
12-14 00:51:44.218 E/ActivityThread( 2176): Failed to find provider info for com.google.android.apps.gsa.testing.ui.audio.recorded
12-14 00:51:44.222 I/MicrophoneInputStream( 2176): mic_close com.google.android.apps.gsa.staticplugins.aa.c@2fa3d6d
12-14 00:51:44.223 I/MicroRecognitionRunner( 2176): Detection finished
12-14 00:51:44.227 I/MicroDetectionWorker( 2176): onReady
12-14 00:51:44.228 I/MicroDetectionWorker( 2176): onReady
12-14 00:51:44.233 D/EGL_emulation( 1733): eglMakeCurrent: 0x9ce05600: ver 3 0 (tinfo 0x9ce03510)
12-14 00:51:44.243 W/ErrorReporter( 2176): reportError [type: 211, code: 524300]: Error reading from input stream
12-14 00:51:44.245 I/MicroRecognitionRunner( 2176): Stopping hotword detection.
12-14 00:51:44.245 W/ErrorProcessor( 2176): onFatalError, processing error from engine(4)
12-14 00:51:44.245 W/ErrorProcessor( 2176): com.google.android.apps.gsa.shared.speech.b.g: Error reading from input stream
12-14 00:51:44.245 W/ErrorProcessor( 2176): 	at com.google.android.apps.gsa.staticplugins.recognizer.j.a.a(SourceFile:28)
12-14 00:51:44.245 W/ErrorProcessor( 2176): 	at com.google.android.apps.gsa.staticplugins.recognizer.j.b.run(SourceFile:15)
12-14 00:51:44.245 W/ErrorProcessor( 2176): 	at java.util.concurrent.Executors$RunnableAdapter.call(Executors.java:457)
12-14 00:51:44.245 W/ErrorProcessor( 2176): 	at java.util.concurrent.FutureTask.run(FutureTask.java:266)
12-14 00:51:44.245 W/ErrorProcessor( 2176): 	at com.google.android.apps.gsa.shared.util.concurrent.a.ax.run(SourceFile:14)
12-14 00:51:44.245 W/ErrorProcessor( 2176): 	at com.google.android.apps.gsa.shared.util.concurrent.a.bl.run(SourceFile:4)
12-14 00:51:44.245 W/ErrorProcessor( 2176): 	at com.google.android.apps.gsa.shared.util.concurrent.a.bl.run(SourceFile:4)
12-14 00:51:44.245 W/ErrorProcessor( 2176): 	at java.util.concurrent.ThreadPoolExecutor.runWorker(ThreadPoolExecutor.java:1162)
12-14 00:51:44.245 W/ErrorProcessor( 2176): 	at java.util.concurrent.ThreadPoolExecutor$Worker.run(ThreadPoolExecutor.java:636)
12-14 00:51:44.245 W/ErrorProcessor( 2176): 	at java.lang.Thread.run(Thread.java:764)
12-14 00:51:44.245 W/ErrorProcessor( 2176): 	at com.google.android.apps.gsa.shared.util.concurrent.a.ai.run(SourceFile:6)
12-14 00:51:44.245 W/ErrorProcessor( 2176): Caused by: com.google.android.apps.gsa.shared.exception.GsaIOException: Error code: 393238 | Buffer overflow, no available space.
12-14 00:51:44.245 W/ErrorProcessor( 2176): 	at com.google.android.apps.gsa.speech.audio.Tee.f(SourceFile:103)
12-14 00:51:44.245 W/ErrorProcessor( 2176): 	at com.google.android.apps.gsa.speech.audio.au.read(SourceFile:2)
12-14 00:51:44.245 W/ErrorProcessor( 2176): 	at java.io.InputStream.read(InputStream.java:101)
12-14 00:51:44.245 W/ErrorProcessor( 2176): 	at com.google.android.apps.gsa.speech.audio.ao.run(SourceFile:18)
12-14 00:51:44.245 W/ErrorProcessor( 2176): 	at com.google.android.apps.gsa.speech.audio.an.run(SourceFile:2)
12-14 00:51:44.245 W/ErrorProcessor( 2176): 	... 9 more
12-14 00:51:44.245 I/AudioController( 2176): internalShutdown
12-14 00:51:44.246 I/MicroDetector( 2176): Keeping mic open: false
12-14 00:51:44.246 I/MicroDetectionWorker( 2176): #onError(false)
12-14 00:51:44.247 I/DeviceStateChecker( 2176): DeviceStateChecker cancelled
12-14 00:51:44.275 D/EGL_emulation( 1733): eglMakeCurrent: 0x9ce05600: ver 3 0 (tinfo 0x9ce03510)
12-14 00:51:44.282 D/EGL_emulation( 1733): eglMakeCurrent: 0x9ce05600: ver 3 0 (tinfo 0x9ce03510)
12-14 00:51:44.285 I/zygote  ( 2176): Background concurrent copying GC freed 28559(1480KB) AllocSpace objects, 8(2MB) LOS objects, 49% free, 4MB/8MB, paused 8.427ms total 92.564ms
12-14 00:51:44.292 D/EGL_emulation( 1733): eglMakeCurrent: 0x9ce05600: ver 3 0 (tinfo 0x9ce03510)
12-14 00:51:44.442 I/chatty  ( 1733): uid=10028(u0_a28) RenderThread identical 18 lines
12-14 00:51:44.464 D/EGL_emulation( 1733): eglMakeCurrent: 0x9ce05600: ver 3 0 (tinfo 0x9ce03510)
12-14 00:51:44.597 D/AndroidRuntime( 4120): >>>>>> START com.android.internal.os.RuntimeInit uid 2000 <<<<<<
12-14 00:51:44.651 W/OpenGLRenderer( 2145): Incorrectly called buildLayer on View: ShortcutAndWidgetContainer, destroying layer...
12-14 00:51:44.676 I/OpenGLRenderer( 1627): Initialized EGL, version 1.4
12-14 00:51:44.676 D/OpenGLRenderer( 1627): Swap behavior 1
12-14 00:51:44.677 W/OpenGLRenderer( 1627): Failed to choose config with EGL_SWAP_BEHAVIOR_PRESERVED, retrying without...
12-14 00:51:44.677 D/OpenGLRenderer( 1627): Swap behavior 0
12-14 00:51:44.685 D/EGL_emulation( 1627): eglCreateContext: 0x9ce066e0: maj 3 min 0 rcv 3
12-14 00:51:44.698 W/app_process( 4120): Unexpected CPU variant for X86 using defaults: x86
12-14 00:51:44.698 D/EGL_emulation( 1627): eglMakeCurrent: 0x9ce066e0: ver 3 0 (tinfo 0x86e6bb80)
12-14 00:51:44.734 E/eglCodecCommon( 1627): glUtilsParamSize: unknow param 0x00008cdf
12-14 00:51:44.735 E/eglCodecCommon( 1627): glUtilsParamSize: unknow param 0x00008cdf
12-14 00:51:44.735 E/eglCodecCommon( 1627): glUtilsParamSize: unknow param 0x00008824
12-14 00:51:44.735 E/eglCodecCommon( 1627): glUtilsParamSize: unknow param 0x00008824
12-14 00:51:44.751 D/AndroidRuntime( 4120): Calling main entry com.android.commands.am.Am
12-14 00:51:44.755 I/ActivityManager( 1627): Force stopping com.evancharlton.mileage appid=10250 user=0: start instr
12-14 00:51:44.755 I/ActivityManager( 1627): Killing 4067:com.evancharlton.mileage/u0a250 (adj 0): stop com.evancharlton.mileage
12-14 00:51:44.759 W/ActivityManager( 1627): Crash of app com.evancharlton.mileage running instrumentation ComponentInfo{com.evancharlton.mileage.test/sh.calaba.instrumentationbackend.CalabashInstrumentationTestRunner}
12-14 00:51:44.760 I/ActivityManager( 1627): Force stopping com.evancharlton.mileage appid=10250 user=0: finished inst
12-14 00:51:44.770 I/zygote  ( 4134): Not late-enabling -Xcheck:jni (already on)
12-14 00:51:44.775 I/ActivityManager( 1627): Start proc 4134:com.evancharlton.mileage/u0a250 for added application com.evancharlton.mileage
12-14 00:51:44.778 D/AndroidRuntime( 4120): Shutting down VM
12-14 00:51:44.808 W/zygote  ( 4134): Unexpected CPU variant for X86 using defaults: x86
12-14 00:51:44.823 W/ActivityManager( 1627): setHasOverlayUi called on unknown pid: 4067
12-14 00:51:44.842 E/adbd    ( 1383): failed to connect to socket 'tcp:7102': Connection refused
12-14 00:51:44.847 W/zygote  ( 4134): Found duplicate classes, falling back to extracting from APK : /data/app/com.evancharlton.mileage.test-3SNkWQ0N0lNBXbGz9HWJ2g==/base.apk
12-14 00:51:44.847 W/zygote  ( 4134): NOTE: This wastes RAM and hurts startup performance.
12-14 00:51:44.847 W/zygote  ( 4134): Found duplicated class when checking oat files: 'Ljunit/runner/BaseTestRunner;' in /data/app/com.evancharlton.mileage.test-3SNkWQ0N0lNBXbGz9HWJ2g==/base.apk and /system/framework/android.test.runner.jar
12-14 00:51:44.847 W/zygote  ( 4134): 
12-14 00:51:44.850 E/adbd    ( 1383): failed to connect to socket 'tcp:7102': Connection refused
12-14 00:51:44.880 W/System  ( 4134): ClassLoader referenced unknown path: 
12-14 00:51:44.892 I/System.out( 4134): Main activity name automatically set to: com.evancharlton.mileage.Mileage
12-14 00:51:44.893 I/System.out( 4134): Calabash did not load Mono. This is only a problem if you are trying to test a Mono application
12-14 00:51:44.893 I/calabash( 4134): Test server port: 7102
12-14 00:51:44.895 I/InstrumentationBackend( 4134): Added:'GetPreferences', with key:'get_preferences'
12-14 00:51:44.955 I/InstrumentationBackend( 4134): Added:'SetPreferences', with key:'set_preferences'
12-14 00:51:44.955 I/InstrumentationBackend( 4134): Added:'ClearPreferences', with key:'clear_preferences'
12-14 00:51:44.957 I/InstrumentationBackend( 4134): Added:'PressElement', with key:'press_l10n_element'
12-14 00:51:44.957 E/adbd    ( 1383): failed to connect to socket 'tcp:7102': Connection refused
12-14 00:51:44.957 I/InstrumentationBackend( 4134): Added:'WaitForElement', with key:'wait_for_l10n_element'
12-14 00:51:44.959 I/InstrumentationBackend( 4134): Added:'NullAction', with key:'nullAction'
12-14 00:51:44.959 E/adbd    ( 1383): failed to connect to socket 'tcp:7102': Connection refused
12-14 00:51:44.960 I/InstrumentationBackend( 4134): Added:'PressKey', with key:'press_key'
12-14 00:51:44.960 I/InstrumentationBackend( 4134): Added:'SetActivityOrientation', with key:'set_activity_orientation'
12-14 00:51:44.961 I/InstrumentationBackend( 4134): Added:'GetActivityOrientation', with key:'get_activity_orientation'
12-14 00:51:44.961 I/InstrumentationBackend( 4134): Added:'FakeGPSLocation', with key:'set_gps_coordinates'
12-14 00:51:44.962 I/InstrumentationBackend( 4134): Added:'SetPropertyByCssSelector', with key:'set_property_by_css_selector'
12-14 00:51:44.963 I/InstrumentationBackend( 4134): Added:'GetUrl', with key:'get_url'
12-14 00:51:44.965 I/InstrumentationBackend( 4134): Added:'ScrollTo', with key:'scroll_to'
12-14 00:51:44.965 I/InstrumentationBackend( 4134): Added:'GetLoadProgress', with key:'get_load_progress'
12-14 00:51:44.965 I/InstrumentationBackend( 4134): Added:'DumpHtml', with key:'dump_html'
12-14 00:51:44.966 I/InstrumentationBackend( 4134): Added:'DumpBodyHtml', with key:'dump_body_html'
12-14 00:51:44.966 I/InstrumentationBackend( 4134): Added:'EnterTextByCssSelector', with key:'enter_text_by_selector'
12-14 00:51:44.970 I/InstrumentationBackend( 4134): Added:'AndroidSDKVersion', with key:'android_sdk_version'
12-14 00:51:44.970 I/InstrumentationBackend( 4134): Added:'Version', with key:'version'
12-14 00:51:44.970 I/InstrumentationBackend( 4134): Added:'Drag', with key:'drag'
12-14 00:51:44.971 I/InstrumentationBackend( 4134): Added:'TouchCoordinates', with key:'touch_coordinate'
12-14 00:51:44.971 I/InstrumentationBackend( 4134): Added:'LongPressCoordinate', with key:'long_press_coordinate'
12-14 00:51:44.971 I/InstrumentationBackend( 4134): Added:'DragCoordinates', with key:'drag_coordinates'
12-14 00:51:44.972 I/InstrumentationBackend( 4134): Added:'ResumeApplication', with key:'resume_application'
12-14 00:51:44.972 I/InstrumentationBackend( 4134): Added:'Swipe', with key:'swipe'
12-14 00:51:44.973 I/InstrumentationBackend( 4134): Added:'DoubleTapCoordinate', with key:'double_tap_coordinate'
12-14 00:51:44.973 I/InstrumentationBackend( 4134): Added:'ClickOnScreen', with key:'click_on_screen'
12-14 00:51:44.974 I/InstrumentationBackend( 4134): Added:'GetActivityName', with key:'get_activity_name'
12-14 00:51:44.975 I/InstrumentationBackend( 4134): Added:'ScrollToView', with key:'scroll_to_view'
12-14 00:51:44.975 I/InstrumentationBackend( 4134): Added:'ViewConfiguration', with key:'view_configuration'
12-14 00:51:44.975 I/InstrumentationBackend( 4134): Added:'IsCurrentActivityFocused', with key:'is_current_activity_focused'
12-14 00:51:44.976 I/InstrumentationBackend( 4134): Added:'SendTcp', with key:'send_tcp'
12-14 00:51:44.976 I/InstrumentationBackend( 4134): Added:'DpToDevicePixel', with key:'dp_to_device_pixel'
12-14 00:51:44.977 I/InstrumentationBackend( 4134): Added:'KeyboardEnterText', with key:'keyboard_enter_text'
12-14 00:51:44.977 I/InstrumentationBackend( 4134): Added:'DeleteSurroundingText', with key:'delete_surrounding_text'
12-14 00:51:44.978 I/InstrumentationBackend( 4134): Added:'SetComposingRegion', with key:'set_composing_region'
12-14 00:51:44.978 I/InstrumentationBackend( 4134): Added:'SetSelection', with key:'set_selection'
12-14 00:51:44.979 I/InstrumentationBackend( 4134): Added:'KeyboardKeyEvent', with key:'keyboard_key_event'
12-14 00:51:44.979 I/InstrumentationBackend( 4134): Added:'PressUserActionButton', with key:'press_user_action_button'
12-14 00:51:44.980 I/InstrumentationBackend( 4134): Added:'HideSoftKeyboard', with key:'hide_soft_keyboard'
12-14 00:51:44.981 I/InstrumentationBackend( 4134): Added:'ListActions', with key:'list_actions'
12-14 00:51:44.981 I/calabash( 4134): Instantiating http server at 7102
12-14 00:51:44.982 I/System.out( 4134): HTTP Daemon listening on: 7102
12-14 00:51:45.083 I/System.out( 4134): URI: //ping
12-14 00:51:45.084 I/System.out( 4134): params: {json={}
12-14 00:51:45.084 I/System.out( 4134): }
12-14 00:51:45.113 I/System.out( 4134): URI: //ping
12-14 00:51:45.113 I/System.out( 4134): params: {json={}
12-14 00:51:45.113 I/System.out( 4134): }
12-14 00:51:45.128 I/System.out( 4134): URI: //ready
12-14 00:51:45.128 I/System.out( 4134): params: {json={}
12-14 00:51:45.129 I/System.out( 4134): }
12-14 00:51:45.137 I/System.out( 4134): URI: //
12-14 00:51:45.137 I/System.out( 4134): params: {json={"command":"version","arguments":[]}
12-14 00:51:45.137 I/System.out( 4134): }
12-14 00:51:45.138 I/System.out( 4134): header: {content-type=application/json;charset=utf-8, date=Mon, 14 Dec 2020 05:51:45 GMT, accept=*/*, host=127.0.0.1:34777, content-length=36, user-agent=HTTPClient/1.0 (2.8.3, ruby 2.5.8 (2020-03-31))}
12-14 00:51:45.138 I/System.out( 4134): params: {json={"command":"version","arguments":[]}
12-14 00:51:45.138 I/System.out( 4134): }
12-14 00:51:45.138 I/System.out( 4134): ProP json = {"command":"version","arguments":[]}
12-14 00:51:45.138 I/System.out( 4134): files: {}
12-14 00:51:45.138 I/System.out( 4134): command: {"command":"version","arguments":[]}
12-14 00:51:45.171 I/InstrumentationBackend( 4134): Got command:'Command:'Line:null,version', arguments:'[]'
12-14 00:51:45.201 D/WificondControl( 1627): Scan result ready event
12-14 00:51:45.213 I/System.out( 4134): result:{"bonusInformation":[],"message":"0.9.8","success":true}
12-14 00:51:45.220 I/System.out( 4134): URI: //start-application
12-14 00:51:45.220 I/System.out( 4134): params: {json={"intent":null}
12-14 00:51:45.220 I/System.out( 4134): }
12-14 00:51:45.256 I/ActivityManager( 1627): START u0 {act=android.intent.action.MAIN cat=[android.intent.category.LAUNCHER] flg=0x10200000 cmp=com.evancharlton.mileage/.Mileage} from uid 10250
12-14 00:51:45.267 I/calabash( 4134): newActivity1
12-14 00:51:45.283 D/gralloc_ranchu( 1395): gralloc_alloc: Creating ashmem region of size 7753728
12-14 00:51:45.305 W/ActivityManager( 1627): Bad activity token: android.os.BinderProxy@1124d16
12-14 00:51:45.305 W/ActivityManager( 1627): java.lang.ClassCastException: android.os.BinderProxy cannot be cast to com.android.server.am.ActivityRecord$Token
12-14 00:51:45.305 W/ActivityManager( 1627): 	at com.android.server.am.ActivityRecord.forTokenLocked(ActivityRecord.java:778)
12-14 00:51:45.305 W/ActivityManager( 1627): 	at com.android.server.am.ActivityRecord.isInStackLocked(ActivityRecord.java:2085)
12-14 00:51:45.305 W/ActivityManager( 1627): 	at com.android.server.am.ActivityRecord.getStackLocked(ActivityRecord.java:2090)
12-14 00:51:45.305 W/ActivityManager( 1627): 	at com.android.server.am.ActivityManagerService.getActivityDisplayId(ActivityManagerService.java:10406)
12-14 00:51:45.305 W/ActivityManager( 1627): 	at android.app.IActivityManager$Stub.onTransact(IActivityManager.java:2738)
12-14 00:51:45.305 W/ActivityManager( 1627): 	at com.android.server.am.ActivityManagerService.onTransact(ActivityManagerService.java:2935)
12-14 00:51:45.305 W/ActivityManager( 1627): 	at android.os.Binder.execTransact(Binder.java:674)
12-14 00:51:45.314 I/calabash( 4134): newActivity1
12-14 00:51:45.323 W/ActivityManager( 1627): Bad activity token: android.os.BinderProxy@1124d16
12-14 00:51:45.323 W/ActivityManager( 1627): java.lang.ClassCastException: android.os.BinderProxy cannot be cast to com.android.server.am.ActivityRecord$Token
12-14 00:51:45.323 W/ActivityManager( 1627): 	at com.android.server.am.ActivityRecord.forTokenLocked(ActivityRecord.java:778)
12-14 00:51:45.323 W/ActivityManager( 1627): 	at com.android.server.am.ActivityRecord.isInStackLocked(ActivityRecord.java:2085)
12-14 00:51:45.323 W/ActivityManager( 1627): 	at com.android.server.am.ActivityManagerService.setTaskDescription(ActivityManagerService.java:9988)
12-14 00:51:45.323 W/ActivityManager( 1627): 	at android.app.IActivityManager$Stub.onTransact(IActivityManager.java:2824)
12-14 00:51:45.323 W/ActivityManager( 1627): 	at com.android.server.am.ActivityManagerService.onTransact(ActivityManagerService.java:2935)
12-14 00:51:45.323 W/ActivityManager( 1627): 	at android.os.Binder.execTransact(Binder.java:674)
12-14 00:51:45.324 W/ActivityManager( 1627): Bad activity token: android.os.BinderProxy@1124d16
12-14 00:51:45.324 W/ActivityManager( 1627): java.lang.ClassCastException: android.os.BinderProxy cannot be cast to com.android.server.am.ActivityRecord$Token
12-14 00:51:45.324 W/ActivityManager( 1627): 	at com.android.server.am.ActivityRecord.forTokenLocked(ActivityRecord.java:778)
12-14 00:51:45.324 W/ActivityManager( 1627): 	at com.android.server.am.ActivityRecord.isInStackLocked(ActivityRecord.java:2085)
12-14 00:51:45.324 W/ActivityManager( 1627): 	at com.android.server.am.ActivityRecord.getStackLocked(ActivityRecord.java:2090)
12-14 00:51:45.324 W/ActivityManager( 1627): 	at com.android.server.am.ActivityManagerService.getActivityStackId(ActivityManagerService.java:10417)
12-14 00:51:45.324 W/ActivityManager( 1627): 	at android.app.IActivityManager$Stub.onTransact(IActivityManager.java:3548)
12-14 00:51:45.324 W/ActivityManager( 1627): 	at com.android.server.am.ActivityManagerService.onTransact(ActivityManagerService.java:2935)
12-14 00:51:45.324 W/ActivityManager( 1627): 	at android.os.Binder.execTransact(Binder.java:674)
12-14 00:51:45.332 D/EGL_emulation( 2176): eglMakeCurrent: 0x9ce05a20: ver 3 0 (tinfo 0x9ce03620)
12-14 00:51:45.336 D/EGL_emulation( 2145): eglMakeCurrent: 0x9ce055a0: ver 3 0 (tinfo 0x9ce031d0)
12-14 00:51:45.361 D/EGL_emulation( 1733): eglMakeCurrent: 0x9ce05600: ver 3 0 (tinfo 0x9ce03510)
12-14 00:51:45.372 V/StatusBar( 1733): setLightsOn(true)
12-14 00:51:45.375 E/ContentStoreEUAS( 2176): Failed to commit the deferred actions
12-14 00:51:45.382 D/EGL_emulation( 1733): eglMakeCurrent: 0x9ce05600: ver 3 0 (tinfo 0x9ce03510)
12-14 00:51:45.514 W/ActivityManager( 1627): Bad activity token: android.os.BinderProxy@1124d16
12-14 00:51:45.514 W/ActivityManager( 1627): java.lang.ClassCastException: android.os.BinderProxy cannot be cast to com.android.server.am.ActivityRecord$Token
12-14 00:51:45.514 W/ActivityManager( 1627): 	at com.android.server.am.ActivityRecord.forTokenLocked(ActivityRecord.java:778)
12-14 00:51:45.514 W/ActivityManager( 1627): 	at com.android.server.am.ActivityRecord.isInStackLocked(ActivityRecord.java:2085)
12-14 00:51:45.514 W/ActivityManager( 1627): 	at com.android.server.am.ActivityManagerService.getActivityOptions(ActivityManagerService.java:13302)
12-14 00:51:45.514 W/ActivityManager( 1627): 	at android.app.IActivityManager$Stub.onTransact(IActivityManager.java:2910)
12-14 00:51:45.514 W/ActivityManager( 1627): 	at com.android.server.am.ActivityManagerService.onTransact(ActivityManagerService.java:2935)
12-14 00:51:45.514 W/ActivityManager( 1627): 	at android.os.Binder.execTransact(Binder.java:674)
12-14 00:51:45.514 W/ActivityManager( 1627): Bad activity token: android.os.BinderProxy@1124d16
12-14 00:51:45.514 W/ActivityManager( 1627): java.lang.ClassCastException: android.os.BinderProxy cannot be cast to com.android.server.am.ActivityRecord$Token
12-14 00:51:45.514 W/ActivityManager( 1627): 	at com.android.server.am.ActivityRecord.forTokenLocked(ActivityRecord.java:778)
12-14 00:51:45.514 W/ActivityManager( 1627): 	at com.android.server.am.ActivityRecord.isInStackLocked(ActivityRecord.java:2085)
12-14 00:51:45.514 W/ActivityManager( 1627): 	at com.android.server.am.ActivityManagerService.getActivityOptions(ActivityManagerService.java:13302)
12-14 00:51:45.514 W/ActivityManager( 1627): 	at android.app.IActivityManager$Stub.onTransact(IActivityManager.java:2910)
12-14 00:51:45.514 W/ActivityManager( 1627): 	at com.android.server.am.ActivityManagerService.onTransact(ActivityManagerService.java:2935)
12-14 00:51:45.514 W/ActivityManager( 1627): 	at android.os.Binder.execTransact(Binder.java:674)
12-14 00:51:45.559 I/chatty  ( 1733): uid=10028(u0_a28) RenderThread identical 23 lines
12-14 00:51:45.575 D/EGL_emulation( 1733): eglMakeCurrent: 0x9ce05600: ver 3 0 (tinfo 0x9ce03510)
12-14 00:51:45.619 V/StatusBar( 1733): setLightsOn(true)
12-14 00:51:45.652 I/zygote  ( 4134): Do partial code cache collection, code=28KB, data=30KB
12-14 00:51:45.658 I/zygote  ( 4134): After code cache collection, code=28KB, data=30KB
12-14 00:51:45.658 I/zygote  ( 4134): Increasing code cache capacity to 128KB
12-14 00:51:45.659 I/zygote  ( 4134): Do partial code cache collection, code=28KB, data=47KB
12-14 00:51:45.666 I/zygote  ( 4134): After code cache collection, code=28KB, data=49KB
12-14 00:51:45.666 I/zygote  ( 4134): Increasing code cache capacity to 256KB
12-14 00:51:45.667 I/zygote  ( 4134): JIT allocated 71KB for compiled code of void android.widget.TextView.<init>(android.content.Context, android.util.AttributeSet, int, int)
12-14 00:51:45.667 I/zygote  ( 4134): Compiler allocated 4MB to compile void android.widget.TextView.<init>(android.content.Context, android.util.AttributeSet, int, int)
12-14 00:51:45.681 V/StatusBar( 1733): setLightsOn(true)
12-14 00:51:45.692 I/chatty  ( 1733): uid=10028(u0_a28) com.android.systemui identical 1 line
12-14 00:51:45.692 V/StatusBar( 1733): setLightsOn(true)
12-14 00:51:45.739 D/gralloc_ranchu( 1395): gralloc_alloc: Creating ashmem region of size 7753728
12-14 00:51:45.760 D/        ( 4134): HostConnection::get() New Host Connection established 0x9a230b80, tid 4134
12-14 00:51:45.767 V/StatusBar( 1733): setLightsOn(true)
12-14 00:51:45.810 I/chatty  ( 1733): uid=10028(u0_a28) com.android.systemui identical 1 line
12-14 00:51:45.812 V/StatusBar( 1733): setLightsOn(true)
12-14 00:51:45.814 I/ActivityManager( 1627): Displayed com.evancharlton.mileage/.Mileage: +551ms
12-14 00:51:45.819 V/StatusBar( 1733): setLightsOn(true)
12-14 00:51:45.836 V/StatusBar( 1733): setLightsOn(true)
12-14 00:51:45.861 D/BoundBrokerSvc( 1942): onUnbind: Intent { act=com.google.android.gms.clearcut.service.START cmp=com.google.android.gms/.chimera.PersistentDirectBootAwareApiService }
12-14 00:51:45.861 I/zygote  ( 4134): Do full code cache collection, code=125KB, data=71KB
12-14 00:51:45.861 I/zygote  ( 4134): After code cache collection, code=106KB, data=43KB
12-14 00:51:45.862 D/gralloc_ranchu( 1395): gralloc_alloc: Creating ashmem region of size 7753728
12-14 00:51:45.864 D/BoundBrokerSvc( 2235): onUnbind: Intent { act=com.google.android.mdd.service.START cmp=com.google.android.gms/.chimera.GmsBoundBrokerService }
12-14 00:51:45.991 V/StatusBar( 1733): setLightsOn(true)
12-14 00:51:46.075 I/chatty  ( 1733): uid=10028(u0_a28) com.android.systemui identical 3 lines
12-14 00:51:46.084 V/StatusBar( 1733): setLightsOn(true)
12-14 00:51:46.099 W/SurfaceFlinger( 1412): couldn't log to binary event log: overflow.
12-14 00:51:46.187 I/PBSessionCacheImpl( 2176): Deleted sessionId[5513637389922] from persistence.
12-14 00:51:46.206 W/SearchService( 2176): Abort, client detached.
