--------- beginning of main
12-14 01:56:11.681 I/chatty  ( 1726): uid=10028(u0_a28) com.android.systemui expire 2 lines
12-14 01:56:11.681 V/StatusBar( 1726): setLightsOn(true)
12-14 01:56:11.682 I/ActivityManager( 1629): Displayed com.evancharlton.mileage/.Mileage: +848ms
12-14 01:56:11.686 V/StatusBar( 1726): setLightsOn(true)
12-14 01:56:11.707 V/StatusBar( 1726): setLightsOn(true)
12-14 01:56:11.717 D/gralloc_ranchu( 1395): gralloc_alloc: Creating ashmem region of size 7753728
12-14 01:56:11.727 I/Icing   ( 2240): Usage reports ok 2, Failed Usage reports 0, indexed 1, rejected 0
12-14 01:56:11.749 W/Icing   ( 2240): No valid account for uploading user actions
12-14 01:56:11.773 I/Icing   ( 2240): Usage reports ok 0, Failed Usage reports 0, indexed 0, rejected 0
12-14 01:56:11.781 I/Icing   ( 2240): Indexing com.google.android.gms-apps from com.google.android.gms
12-14 01:56:11.794 I/Icing   ( 2240): Indexing done com.google.android.gms-apps
12-14 01:56:11.854 W/Nearby  ( 1940): Failed attempt #3 out of 3 for RestoreDeviceName [CONTEXT service_id=49 ]
12-14 01:56:11.854 W/Nearby  ( 1940): java.lang.IllegalStateException: BluetoothAdapter not ready yet!
12-14 01:56:11.854 W/Nearby  ( 1940): 	at alhd.g(:com.google.android.gms@204713022@20.47.13 (040700-344095733):2)
12-14 01:56:11.854 W/Nearby  ( 1940): 	at alhc.run(Unknown Source:0)
12-14 01:56:11.854 W/Nearby  ( 1940): 	at bznt.call(Unknown Source:0)
12-14 01:56:11.854 W/Nearby  ( 1940): 	at bzny.b(:com.google.android.gms@204713022@20.47.13 (040700-344095733):2)
12-14 01:56:11.854 W/Nearby  ( 1940): 	at bzny.a(:com.google.android.gms@204713022@20.47.13 (040700-344095733):0)
12-14 01:56:11.854 W/Nearby  ( 1940): 	at alhb.run(Unknown Source:2)
12-14 01:56:11.854 W/Nearby  ( 1940): 	at java.lang.Thread.run(Thread.java:764)
12-14 01:56:11.854 W/Nearby  ( 1940): 	at tly.run(Unknown Source:5)
12-14 01:56:11.854 W/Nearby  ( 1940): 	at java.util.concurrent.ThreadPoolExecutor.runWorker(ThreadPoolExecutor.java:1162)
12-14 01:56:11.854 W/Nearby  ( 1940): 	at java.util.concurrent.ThreadPoolExecutor$Worker.run(ThreadPoolExecutor.java:636)
12-14 01:56:11.854 W/Nearby  ( 1940): 	at trx.run(:com.google.android.gms@204713022@20.47.13 (040700-344095733):0)
12-14 01:56:11.854 W/Nearby  ( 1940): 	at java.lang.Thread.run(Thread.java:764)
12-14 01:56:11.880 V/StatusBar( 1726): setLightsOn(true)
12-14 01:56:11.895 V/StatusBar( 1726): setLightsOn(true)
12-14 01:56:11.934 W/SurfaceFlinger( 1405): couldn't log to binary event log: overflow.
12-14 01:56:11.934 W/SurfaceFlinger( 1405): couldn't log to binary event log: overflow.
12-14 01:56:11.978 I/System.out( 3928): URI: //map
12-14 01:56:11.978 I/System.out( 3928): params: {json={"query":"android.widget.Button index:2","operation":{"method_name":"query","arguments":[]}}
12-14 01:56:11.978 I/System.out( 3928): }
12-14 01:56:12.027 I/PBSessionCacheImpl( 2192): Deleted sessionId[7781380160546] from persistence.
12-14 01:56:12.049 W/SearchService( 2192): Abort, client detached.
12-14 01:56:12.050 E/WorkerRegistryImpl( 2192): getWorker() is called after WorkerRegistry disposal.
12-14 01:56:12.051 E/WorkerRegistryImpl( 2192): getWorker() is called after WorkerRegistry disposal.
12-14 01:56:12.117 I/System.out( 3928): URI: //gesture
12-14 01:56:12.117 I/System.out( 3928): params: {json={"query_timeout":5.0,"gestures":[{"query_string":"android.widget.Button index:2","touches":[{"x":50,"y":50,"offset_x":0,"offset_y":0,"wait":0.0,"time":0.2,"release":true,"query_string":null}]}]}
12-14 01:56:12.117 I/System.out( 3928): }
12-14 01:56:12.248 I/zygote  ( 3928): Do partial code cache collection, code=117KB, data=61KB
12-14 01:56:12.248 I/zygote  ( 3928): After code cache collection, code=117KB, data=61KB
12-14 01:56:12.248 I/zygote  ( 3928): Increasing code cache capacity to 512KB
12-14 01:56:12.385 I/AudioTrack( 1629): AUDIO_OUTPUT_FLAG_FAST successful; frameCount 4512 -> 4512
12-14 01:56:12.464 V/StatusBar( 1726): setLightsOn(true)
12-14 01:56:12.465 I/chatty  ( 1726): uid=10028(u0_a28) com.android.systemui identical 1 line
12-14 01:56:12.467 V/StatusBar( 1726): setLightsOn(true)
12-14 01:56:12.482 W/View    ( 3928): dispatchProvideAutofillStructure(): not laid out, ignoring
12-14 01:56:12.487 W/Binder  ( 1629): Outgoing transactions from this process must be FLAG_ONEWAY
12-14 01:56:12.487 W/Binder  ( 1629): java.lang.Throwable
12-14 01:56:12.487 W/Binder  ( 1629): 	at android.os.BinderProxy.transact(Binder.java:736)
12-14 01:56:12.487 W/Binder  ( 1629): 	at android.app.assist.AssistStructure$ParcelTransferReader.fetchData(AssistStructure.java:407)
12-14 01:56:12.487 W/Binder  ( 1629): 	at android.app.assist.AssistStructure$ParcelTransferReader.go(AssistStructure.java:343)
12-14 01:56:12.487 W/Binder  ( 1629): 	at android.app.assist.AssistStructure.ensureData(AssistStructure.java:2096)
12-14 01:56:12.487 W/Binder  ( 1629): 	at com.android.server.autofill.Session$1.send(Session.java:200)
12-14 01:56:12.487 W/Binder  ( 1629): 	at com.android.server.am.ActivityManagerService.reportAssistContextExtras(ActivityManagerService.java:13137)
12-14 01:56:12.487 W/Binder  ( 1629): 	at android.app.IActivityManager$Stub.onTransact(IActivityManager.java:2466)
12-14 01:56:12.487 W/Binder  ( 1629): 	at com.android.server.am.ActivityManagerService.onTransact(ActivityManagerService.java:2935)
12-14 01:56:12.487 W/Binder  ( 1629): 	at android.os.Binder.execTransact(Binder.java:674)
12-14 01:56:12.494 I/AssistStructure( 3928): Flattened final assist data: 5024 bytes, containing 2 windows, 19 views
12-14 01:56:12.503 D/gralloc_ranchu( 1395): gralloc_alloc: Creating ashmem region of size 303104
12-14 01:56:12.510 V/StatusBar( 1726): setLightsOn(true)
12-14 01:56:12.514 I/chatty  ( 1726): uid=10028(u0_a28) com.android.systemui identical 1 line
12-14 01:56:12.526 V/StatusBar( 1726): setLightsOn(true)
12-14 01:56:13.015 W/audio_hw_generic( 1389): Not supplying enough data to HAL, expected position 23668 , only wrote 2880
12-14 01:56:13.015 W/audio_hw_generic( 1389): Not supplying enough data to HAL, expected position 2904 , only wrote 2880
12-14 01:56:13.016 W/audio_hw_generic( 1389): Hardware backing HAL too slow, could only write 0 of 720 frames
12-14 01:56:13.015 W/AudioFlinger( 1475): write blocked for 498 msecs, 1 delayed writes, thread 0xaea03b40
12-14 01:56:13.032 W/audio_hw_generic( 1389): Hardware backing HAL too slow, could only write 0 of 720 frames
12-14 01:56:13.042 V/StatusBar( 1726): setLightsOn(true)
12-14 01:56:13.047 W/audio_hw_generic( 1389): Hardware backing HAL too slow, could only write 0 of 720 frames
12-14 01:56:13.078 I/AssistStructure( 1629): Flattened final assist data: 4496 bytes, containing 2 windows, 19 views
12-14 01:56:13.108 W/lgq     ( 1940): Pending fill request while another request in the same session was triggered. [CONTEXT service_id=177 ]
12-14 01:56:13.119 D/gralloc_ranchu( 1395): gralloc_alloc: Creating ashmem region of size 7753728
12-14 01:56:13.131 E/SurfaceFlinger( 1405): ro.sf.lcd_density must be defined as a build property
12-14 01:56:13.132 D/PermissionCache( 1405): checking android.permission.READ_FRAME_BUFFER for uid=2000 => granted (1108 us)
12-14 01:56:13.144 D/gralloc_ranchu( 1395): gralloc_alloc: Creating ashmem region of size 8298496
12-14 01:56:13.158 D/        ( 3980): HostConnection::get() New Host Connection established 0xb07af800, tid 3980
12-14 01:56:13.400 I/zygote  ( 1940): Do full code cache collection, code=695KB, data=471KB
12-14 01:56:13.400 I/zygote  ( 1940): After code cache collection, code=637KB, data=401KB
12-14 01:56:13.424 I/zygote  ( 1940): Background concurrent copying GC freed 112439(6MB) AllocSpace objects, 14(324KB) LOS objects, 42% free, 8MB/14MB, paused 6.250ms total 183.974ms
12-14 01:56:13.577 D/BoundBrokerSvc( 1940): onUnbind: Intent { act=com.google.android.gms.auth.account.workaccount.START cmp=com.google.android.gms/.chimera.PersistentApiService }
12-14 01:56:13.720 I/System.out( 3928): URI: //kill
12-14 01:56:13.720 I/System.out( 3928): params: {json={}
12-14 01:56:13.720 I/System.out( 3928): }
12-14 01:56:13.720 I/System.out( 3928): Stopping test server
12-14 01:56:13.725 E/adbd    ( 1383): failed to connect to socket 'tcp:7102': Connection refused
12-14 01:56:13.727 E/adbd    ( 1383): failed to connect to socket 'tcp:7102': Connection refused
12-14 01:56:13.730 V/StatusBar( 1726): setLightsOn(true)
12-14 01:56:13.754 I/chatty  ( 1726): uid=10028(u0_a28) com.android.systemui identical 3 lines
12-14 01:56:13.769 V/StatusBar( 1726): setLightsOn(true)
12-14 01:56:13.772 D/gralloc_ranchu( 1395): gralloc_alloc: Creating ashmem region of size 8298496
12-14 01:56:13.773 D/SurfaceFlinger( 1405): duplicate layer name: changing com.google.android.apps.nexuslauncher/com.google.android.apps.nexuslauncher.NexusLauncherActivity to com.google.android.apps.nexuslauncher/com.google.android.apps.nexuslauncher.NexusLauncherActivity#1
12-14 01:56:13.786 D/gralloc_ranchu( 1395): gralloc_alloc: Creating ashmem region of size 8298496
12-14 01:56:13.798 D/gralloc_ranchu( 1395): gralloc_alloc: Creating ashmem region of size 8298496
12-14 01:56:13.821 D/EGL_emulation( 1726): eglMakeCurrent: 0x93806280: ver 3 0 (tinfo 0xa2e0dc60)
12-14 01:56:13.822 D/gralloc_ranchu( 1395): gralloc_alloc: Creating ashmem region of size 8298496
12-14 01:56:13.850 E/memtrack( 1629): Couldn't load memtrack module
12-14 01:56:13.850 W/android.os.Debug( 1629): failed to get memory consumption info: -1
12-14 01:56:13.865 D/gralloc_ranchu( 1395): gralloc_alloc: Creating ashmem region of size 8298496
12-14 01:56:13.934 D/BoundBrokerSvc( 1940): onUnbind: Intent { act=com.google.android.gms.auth.proximity.START cmp=com.google.android.gms/.chimera.PersistentBoundBrokerService }
12-14 01:56:13.943 D/gralloc_ranchu( 1395): gralloc_alloc: Creating ashmem region of size 8298496
12-14 01:56:13.945 E/IPCThreadState( 1405): binder thread pool (4 threads) starved for 165 ms
12-14 01:56:14.015 D/BoundBrokerSvc( 2240): onUnbind: Intent { act=com.google.android.gms.auth.cryptauth.cryptauthservice.START cmp=com.google.android.gms/.chimera.GmsBoundBrokerService }
12-14 01:56:14.034 D/EGL_emulation( 2192): eglMakeCurrent: 0xa4c47c80: ver 3 0 (tinfo 0xa4dff3b0)
12-14 01:56:14.066 D/EGL_emulation( 2147): eglMakeCurrent: 0xa7685420: ver 3 0 (tinfo 0xa7683420)
12-14 01:56:14.106 D/gralloc_ranchu( 1395): gralloc_alloc: Creating ashmem region of size 7753728
12-14 01:56:14.120 I/zygote  ( 2192): Deoptimizing void com.google.android.apps.gsa.search.core.service.worker.a.a.a(com.google.android.apps.gsa.search.core.state.qc) due to JIT inline cache
12-14 01:56:14.154 E/GmsClient( 2192): unable to connect to service: com.google.android.gms.speech.service.START on com.google.android.gms
12-14 01:56:14.157 W/SessionLifecycleManager( 2192): Handover failed. Creating new session controller.
12-14 01:56:14.161 I/OptInState( 2192): There is a new client and it does not support opt-in. Dropping request.
12-14 01:56:14.168 I/zygote  ( 2192): Deoptimizing int[] com.google.common.collect.gx.b(java.lang.Object[], int, int, int) due to JIT inline cache
12-14 01:56:14.170 D/        ( 1726): HostConnection::get() New Host Connection established 0x918aed00, tid 1762
12-14 01:56:14.194 D/EGL_emulation( 1726): eglMakeCurrent: 0x93806280: ver 3 0 (tinfo 0xa2e0dc60)
12-14 01:56:14.227 I/MicroDetectionWorker( 2192): #updateMicroDetector [detectionMode: [mDetectionMode: [1]]]
12-14 01:56:14.227 I/MicroDetectionWorker( 2192): #startMicroDetector [speakerMode: 0]
12-14 01:56:14.228 I/AudioController( 2192): Using mInputStreamFactoryBuilder
12-14 01:56:14.235 D/EGL_emulation( 1726): eglMakeCurrent: 0x93806280: ver 3 0 (tinfo 0xa2e0dc60)
12-14 01:56:14.241 I/MicroRecognitionRunner( 2192): Starting detection.
12-14 01:56:14.241 I/MicroDetectionWorker( 2192): onReady
12-14 01:56:14.241 D/EGL_emulation( 1726): eglMakeCurrent: 0x93806280: ver 3 0 (tinfo 0xa2e0dc60)
12-14 01:56:14.249 I/MicrophoneInputStream( 2192): mic_starting com.google.android.apps.gsa.staticplugins.aa.c@a1762ae
12-14 01:56:14.260 D/EGL_emulation( 1726): eglMakeCurrent: 0x93806280: ver 3 0 (tinfo 0xa2e0dc60)
12-14 01:56:14.265 I/chatty  ( 1726): uid=10028(u0_a28) RenderThread identical 1 line
12-14 01:56:14.275 D/EGL_emulation( 1726): eglMakeCurrent: 0x93806280: ver 3 0 (tinfo 0xa2e0dc60)
12-14 01:56:14.277 I/MicrophoneInputStream( 2192): mic_started com.google.android.apps.gsa.staticplugins.aa.c@a1762ae
12-14 01:56:14.281 W/SpeechLevelGenerator( 2192): Really low audio levels detected. The audio input may have issues.
12-14 01:56:14.282 I/MicroDetectionWorker( 2192): onReady
12-14 01:56:14.287 I/MicrophoneInputStream( 2192): mic_close com.google.android.apps.gsa.staticplugins.aa.c@a1762ae
12-14 01:56:14.288 I/AudioFlinger( 1475): AudioFlinger's thread 0xad283540 tid=3998 ready to run
12-14 01:56:14.292 D/EGL_emulation( 1726): eglMakeCurrent: 0x93806280: ver 3 0 (tinfo 0xa2e0dc60)
12-14 01:56:14.294 I/MicroRecognitionRunner( 2192): Detection finished
12-14 01:56:14.294 W/ErrorReporter( 2192): reportError [type: 211, code: 524300]: Error reading from input stream
12-14 01:56:14.295 D/EGL_emulation( 1726): eglMakeCurrent: 0x93806280: ver 3 0 (tinfo 0xa2e0dc60)
12-14 01:56:14.299 I/MicroRecognitionRunner( 2192): Stopping hotword detection.
12-14 01:56:14.299 W/ErrorProcessor( 2192): onFatalError, processing error from engine(4)
12-14 01:56:14.299 W/ErrorProcessor( 2192): com.google.android.apps.gsa.shared.speech.b.g: Error reading from input stream
12-14 01:56:14.299 W/ErrorProcessor( 2192): 	at com.google.android.apps.gsa.staticplugins.recognizer.j.a.a(SourceFile:28)
12-14 01:56:14.299 W/ErrorProcessor( 2192): 	at com.google.android.apps.gsa.staticplugins.recognizer.j.b.run(SourceFile:15)
12-14 01:56:14.299 W/ErrorProcessor( 2192): 	at java.util.concurrent.Executors$RunnableAdapter.call(Executors.java:457)
12-14 01:56:14.299 W/ErrorProcessor( 2192): 	at java.util.concurrent.FutureTask.run(FutureTask.java:266)
12-14 01:56:14.299 W/ErrorProcessor( 2192): 	at com.google.android.apps.gsa.shared.util.concurrent.a.ax.run(SourceFile:14)
12-14 01:56:14.299 W/ErrorProcessor( 2192): 	at com.google.android.apps.gsa.shared.util.concurrent.a.bl.run(SourceFile:4)
12-14 01:56:14.299 W/ErrorProcessor( 2192): 	at com.google.android.apps.gsa.shared.util.concurrent.a.bl.run(SourceFile:4)
12-14 01:56:14.299 W/ErrorProcessor( 2192): 	at java.util.concurrent.ThreadPoolExecutor.runWorker(ThreadPoolExecutor.java:1162)
12-14 01:56:14.299 W/ErrorProcessor( 2192): 	at java.util.concurrent.ThreadPoolExecutor$Worker.run(ThreadPoolExecutor.java:636)
12-14 01:56:14.299 W/ErrorProcessor( 2192): 	at java.lang.Thread.run(Thread.java:764)
12-14 01:56:14.299 W/ErrorProcessor( 2192): 	at com.google.android.apps.gsa.shared.util.concurrent.a.ai.run(SourceFile:6)
12-14 01:56:14.299 W/ErrorProcessor( 2192): Caused by: com.google.android.apps.gsa.shared.exception.GsaIOException: Error code: 393238 | Buffer overflow, no available space.
12-14 01:56:14.299 W/ErrorProcessor( 2192): 	at com.google.android.apps.gsa.speech.audio.Tee.f(SourceFile:103)
12-14 01:56:14.299 W/ErrorProcessor( 2192): 	at com.google.android.apps.gsa.speech.audio.au.read(SourceFile:2)
12-14 01:56:14.299 W/ErrorProcessor( 2192): 	at java.io.InputStream.read(InputStream.java:101)
12-14 01:56:14.299 W/ErrorProcessor( 2192): 	at com.google.android.apps.gsa.speech.audio.ao.run(SourceFile:18)
12-14 01:56:14.299 W/ErrorProcessor( 2192): 	at com.google.android.apps.gsa.speech.audio.an.run(SourceFile:2)
12-14 01:56:14.299 W/ErrorProcessor( 2192): 	... 9 more
12-14 01:56:14.299 I/AudioController( 2192): internalShutdown
12-14 01:56:14.302 I/MicroDetector( 2192): Keeping mic open: false
12-14 01:56:14.303 I/MicroDetectionWorker( 2192): #onError(false)
12-14 01:56:14.305 I/DeviceStateChecker( 2192): DeviceStateChecker cancelled
12-14 01:56:14.308 D/EGL_emulation( 1726): eglMakeCurrent: 0x93806280: ver 3 0 (tinfo 0xa2e0dc60)
12-14 01:56:14.311 D/EGL_emulation( 1726): eglMakeCurrent: 0x93806280: ver 3 0 (tinfo 0xa2e0dc60)
12-14 01:56:14.322 I/zygote  ( 1726): NativeAllocBackground concurrent copying GC freed 11756(817KB) AllocSpace objects, 0(0B) LOS objects, 49% free, 4MB/8MB, paused 425us total 108.815ms
12-14 01:56:14.323 D/        ( 1726): HostConnection::get() New Host Connection established 0xa76a09c0, tid 1747
12-14 01:56:14.326 D/EGL_emulation( 1726): eglMakeCurrent: 0x93806280: ver 3 0 (tinfo 0xa2e0dc60)
12-14 01:56:14.328 I/zygote  ( 2192): Do full code cache collection, code=243KB, data=204KB
12-14 01:56:14.328 I/zygote  ( 2192): After code cache collection, code=233KB, data=158KB
12-14 01:56:14.330 D/EGL_emulation( 1726): eglMakeCurrent: 0x93806280: ver 3 0 (tinfo 0xa2e0dc60)
12-14 01:56:14.420 I/chatty  ( 1726): uid=10028(u0_a28) RenderThread identical 8 lines
12-14 01:56:14.427 D/EGL_emulation( 1726): eglMakeCurrent: 0x93806280: ver 3 0 (tinfo 0xa2e0dc60)
12-14 01:56:14.543 W/OpenGLRenderer( 2147): Incorrectly called buildLayer on View: ShortcutAndWidgetContainer, destroying layer...
12-14 01:56:14.630 D/OpenGLRenderer( 1629): HWUI GL Pipeline
12-14 01:56:14.633 E/SurfaceFlinger( 1405): ro.sf.lcd_density must be defined as a build property
12-14 01:56:14.653 D/        ( 1629): HostConnection::get() New Host Connection established 0x8fb48700, tid 3999
12-14 01:56:14.654 I/OpenGLRenderer( 1629): Initialized EGL, version 1.4
12-14 01:56:14.654 D/OpenGLRenderer( 1629): Swap behavior 1
12-14 01:56:14.654 W/OpenGLRenderer( 1629): Failed to choose config with EGL_SWAP_BEHAVIOR_PRESERVED, retrying without...
12-14 01:56:14.654 D/OpenGLRenderer( 1629): Swap behavior 0
12-14 01:56:14.665 D/EGL_emulation( 1629): eglCreateContext: 0x90ac99a0: maj 3 min 0 rcv 3
12-14 01:56:14.669 D/EGL_emulation( 1629): eglMakeCurrent: 0x90ac99a0: ver 3 0 (tinfo 0x9301fd10)
12-14 01:56:14.670 E/eglCodecCommon( 1629): glUtilsParamSize: unknow param 0x00008cdf
12-14 01:56:14.670 E/eglCodecCommon( 1629): glUtilsParamSize: unknow param 0x00008cdf
12-14 01:56:14.671 E/eglCodecCommon( 1629): glUtilsParamSize: unknow param 0x00008824
12-14 01:56:14.671 E/eglCodecCommon( 1629): glUtilsParamSize: unknow param 0x00008824
12-14 01:56:15.204 D/BoundBrokerSvc( 1940): onUnbind: Intent { act=com.google.android.contextmanager.service.ContextManagerService.START cmp=com.google.android.gms/.chimera.PersistentApiService }
12-14 01:56:16.243 W/audio_hw_generic( 1389): Not supplying enough data to HAL, expected position 310802 , only wrote 157680
12-14 01:56:17.073 D/AndroidRuntime( 4003): >>>>>> START com.android.internal.os.RuntimeInit uid 2000 <<<<<<
12-14 01:56:17.107 W/app_process( 4003): Unexpected CPU variant for X86 using defaults: x86
12-14 01:56:17.122 D/AndroidRuntime( 4003): Calling main entry com.android.commands.am.Am
--------- beginning of system
12-14 01:56:17.125 I/ActivityManager( 1629): Force stopping com.evancharlton.mileage appid=10316 user=0: start instr
12-14 01:56:17.125 I/ActivityManager( 1629): Killing 3928:com.evancharlton.mileage/u0a316 (adj 0): stop com.evancharlton.mileage
12-14 01:56:17.128 W/ActivityManager( 1629): Crash of app com.evancharlton.mileage running instrumentation ComponentInfo{com.evancharlton.mileage.test/sh.calaba.instrumentationbackend.CalabashInstrumentationTestRunner}
12-14 01:56:17.128 I/ActivityManager( 1629): Force stopping com.evancharlton.mileage appid=10316 user=0: finished inst
12-14 01:56:17.135 I/zygote  ( 4013): Not late-enabling -Xcheck:jni (already on)
12-14 01:56:17.142 I/ActivityManager( 1629): Start proc 4013:com.evancharlton.mileage/u0a316 for added application com.evancharlton.mileage
12-14 01:56:17.142 W/zygote  ( 4013): Unexpected CPU variant for X86 using defaults: x86
12-14 01:56:17.143 D/AndroidRuntime( 4003): Shutting down VM
12-14 01:56:17.158 W/ActivityManager( 1629): setHasOverlayUi called on unknown pid: 3928
12-14 01:56:17.163 E/adbd    ( 1383): failed to connect to socket 'tcp:7102': Connection refused
12-14 01:56:17.168 E/adbd    ( 1383): failed to connect to socket 'tcp:7102': Connection refused
12-14 01:56:17.175 W/zygote  ( 4013): Found duplicate classes, falling back to extracting from APK : /data/app/com.evancharlton.mileage.test-H4w97l7T2oEreNMmmmbcMg==/base.apk
12-14 01:56:17.175 W/zygote  ( 4013): NOTE: This wastes RAM and hurts startup performance.
12-14 01:56:17.175 W/zygote  ( 4013): Found duplicated class when checking oat files: 'Ljunit/runner/BaseTestRunner;' in /data/app/com.evancharlton.mileage.test-H4w97l7T2oEreNMmmmbcMg==/base.apk and /system/framework/android.test.runner.jar
12-14 01:56:17.175 W/zygote  ( 4013): 
12-14 01:56:17.203 W/System  ( 4013): ClassLoader referenced unknown path: 
12-14 01:56:17.215 I/System.out( 4013): Main activity name automatically set to: com.evancharlton.mileage.Mileage
12-14 01:56:17.215 I/System.out( 4013): Calabash did not load Mono. This is only a problem if you are trying to test a Mono application
12-14 01:56:17.216 I/calabash( 4013): Test server port: 7102
12-14 01:56:17.218 I/InstrumentationBackend( 4013): Added:'GetPreferences', with key:'get_preferences'
12-14 01:56:17.277 I/InstrumentationBackend( 4013): Added:'SetPreferences', with key:'set_preferences'
12-14 01:56:17.278 I/InstrumentationBackend( 4013): Added:'ClearPreferences', with key:'clear_preferences'
12-14 01:56:17.278 I/InstrumentationBackend( 4013): Added:'PressElement', with key:'press_l10n_element'
12-14 01:56:17.278 I/InstrumentationBackend( 4013): Added:'WaitForElement', with key:'wait_for_l10n_element'
12-14 01:56:17.279 I/InstrumentationBackend( 4013): Added:'NullAction', with key:'nullAction'
12-14 01:56:17.279 I/InstrumentationBackend( 4013): Added:'PressKey', with key:'press_key'
12-14 01:56:17.279 I/InstrumentationBackend( 4013): Added:'SetActivityOrientation', with key:'set_activity_orientation'
12-14 01:56:17.280 I/InstrumentationBackend( 4013): Added:'GetActivityOrientation', with key:'get_activity_orientation'
12-14 01:56:17.280 I/InstrumentationBackend( 4013): Added:'FakeGPSLocation', with key:'set_gps_coordinates'
12-14 01:56:17.281 I/InstrumentationBackend( 4013): Added:'SetPropertyByCssSelector', with key:'set_property_by_css_selector'
12-14 01:56:17.283 I/InstrumentationBackend( 4013): Added:'GetUrl', with key:'get_url'
12-14 01:56:17.284 E/adbd    ( 1383): failed to connect to socket 'tcp:7102': Connection refused
12-14 01:56:17.286 E/adbd    ( 1383): failed to connect to socket 'tcp:7102': Connection refused
12-14 01:56:17.287 I/InstrumentationBackend( 4013): Added:'ScrollTo', with key:'scroll_to'
12-14 01:56:17.287 I/InstrumentationBackend( 4013): Added:'GetLoadProgress', with key:'get_load_progress'
12-14 01:56:17.288 I/InstrumentationBackend( 4013): Added:'DumpHtml', with key:'dump_html'
12-14 01:56:17.288 I/InstrumentationBackend( 4013): Added:'DumpBodyHtml', with key:'dump_body_html'
12-14 01:56:17.288 I/InstrumentationBackend( 4013): Added:'EnterTextByCssSelector', with key:'enter_text_by_selector'
12-14 01:56:17.292 I/InstrumentationBackend( 4013): Added:'AndroidSDKVersion', with key:'android_sdk_version'
12-14 01:56:17.292 I/InstrumentationBackend( 4013): Added:'Version', with key:'version'
12-14 01:56:17.293 I/InstrumentationBackend( 4013): Added:'Drag', with key:'drag'
12-14 01:56:17.293 I/InstrumentationBackend( 4013): Added:'TouchCoordinates', with key:'touch_coordinate'
12-14 01:56:17.293 I/InstrumentationBackend( 4013): Added:'LongPressCoordinate', with key:'long_press_coordinate'
12-14 01:56:17.293 I/InstrumentationBackend( 4013): Added:'DragCoordinates', with key:'drag_coordinates'
12-14 01:56:17.294 I/InstrumentationBackend( 4013): Added:'ResumeApplication', with key:'resume_application'
12-14 01:56:17.294 I/InstrumentationBackend( 4013): Added:'Swipe', with key:'swipe'
12-14 01:56:17.294 I/InstrumentationBackend( 4013): Added:'DoubleTapCoordinate', with key:'double_tap_coordinate'
12-14 01:56:17.295 I/InstrumentationBackend( 4013): Added:'ClickOnScreen', with key:'click_on_screen'
12-14 01:56:17.295 I/InstrumentationBackend( 4013): Added:'GetActivityName', with key:'get_activity_name'
12-14 01:56:17.296 I/InstrumentationBackend( 4013): Added:'ScrollToView', with key:'scroll_to_view'
12-14 01:56:17.296 I/InstrumentationBackend( 4013): Added:'ViewConfiguration', with key:'view_configuration'
12-14 01:56:17.297 I/InstrumentationBackend( 4013): Added:'IsCurrentActivityFocused', with key:'is_current_activity_focused'
12-14 01:56:17.297 I/InstrumentationBackend( 4013): Added:'SendTcp', with key:'send_tcp'
12-14 01:56:17.298 I/InstrumentationBackend( 4013): Added:'DpToDevicePixel', with key:'dp_to_device_pixel'
12-14 01:56:17.299 I/InstrumentationBackend( 4013): Added:'KeyboardEnterText', with key:'keyboard_enter_text'
12-14 01:56:17.300 I/InstrumentationBackend( 4013): Added:'DeleteSurroundingText', with key:'delete_surrounding_text'
12-14 01:56:17.300 I/InstrumentationBackend( 4013): Added:'SetComposingRegion', with key:'set_composing_region'
12-14 01:56:17.300 I/InstrumentationBackend( 4013): Added:'SetSelection', with key:'set_selection'
12-14 01:56:17.301 I/InstrumentationBackend( 4013): Added:'KeyboardKeyEvent', with key:'keyboard_key_event'
12-14 01:56:17.301 I/InstrumentationBackend( 4013): Added:'PressUserActionButton', with key:'press_user_action_button'
12-14 01:56:17.302 I/InstrumentationBackend( 4013): Added:'HideSoftKeyboard', with key:'hide_soft_keyboard'
12-14 01:56:17.303 I/InstrumentationBackend( 4013): Added:'ListActions', with key:'list_actions'
12-14 01:56:17.303 I/calabash( 4013): Instantiating http server at 7102
12-14 01:56:17.304 I/System.out( 4013): HTTP Daemon listening on: 7102
12-14 01:56:17.406 I/System.out( 4013): URI: //ping
12-14 01:56:17.407 I/System.out( 4013): params: {json={}
12-14 01:56:17.407 I/System.out( 4013): }
12-14 01:56:17.419 I/System.out( 4013): URI: //ping
12-14 01:56:17.419 I/System.out( 4013): params: {json={}
12-14 01:56:17.419 I/System.out( 4013): }
12-14 01:56:17.427 I/System.out( 4013): URI: //ready
12-14 01:56:17.427 I/System.out( 4013): params: {json={}
12-14 01:56:17.427 I/System.out( 4013): }
12-14 01:56:17.433 I/System.out( 4013): URI: //
12-14 01:56:17.433 I/System.out( 4013): params: {json={"command":"version","arguments":[]}
12-14 01:56:17.433 I/System.out( 4013): }
12-14 01:56:17.434 I/System.out( 4013): header: {content-type=application/json;charset=utf-8, date=Mon, 14 Dec 2020 06:56:17 GMT, accept=*/*, host=127.0.0.1:34777, content-length=36, user-agent=HTTPClient/1.0 (2.8.3, ruby 2.5.8 (2020-03-31))}
12-14 01:56:17.434 I/System.out( 4013): params: {json={"command":"version","arguments":[]}
12-14 01:56:17.434 I/System.out( 4013): }
12-14 01:56:17.434 I/System.out( 4013): ProP json = {"command":"version","arguments":[]}
12-14 01:56:17.434 I/System.out( 4013): files: {}
12-14 01:56:17.434 I/System.out( 4013): command: {"command":"version","arguments":[]}
12-14 01:56:17.455 E/TaskPersister( 1629): File error accessing recents directory (directory doesn't exist?).
12-14 01:56:17.465 I/InstrumentationBackend( 4013): Got command:'Command:'Line:null,version', arguments:'[]'
12-14 01:56:17.497 I/System.out( 4013): result:{"bonusInformation":[],"message":"0.9.8","success":true}
12-14 01:56:17.506 I/System.out( 4013): URI: //start-application
12-14 01:56:17.506 I/System.out( 4013): params: {json={"intent":null}
12-14 01:56:17.506 I/System.out( 4013): }
12-14 01:56:17.543 I/ActivityManager( 1629): START u0 {act=android.intent.action.MAIN cat=[android.intent.category.LAUNCHER] flg=0x10200000 cmp=com.evancharlton.mileage/.Mileage} from uid 10316
12-14 01:56:17.557 I/calabash( 4013): newActivity1
12-14 01:56:17.580 W/ActivityManager( 1629): Bad activity token: android.os.BinderProxy@a670f20
12-14 01:56:17.580 W/ActivityManager( 1629): java.lang.ClassCastException: android.os.BinderProxy cannot be cast to com.android.server.am.ActivityRecord$Token
12-14 01:56:17.580 W/ActivityManager( 1629): 	at com.android.server.am.ActivityRecord.forTokenLocked(ActivityRecord.java:778)
12-14 01:56:17.580 W/ActivityManager( 1629): 	at com.android.server.am.ActivityRecord.isInStackLocked(ActivityRecord.java:2085)
12-14 01:56:17.580 W/ActivityManager( 1629): 	at com.android.server.am.ActivityRecord.getStackLocked(ActivityRecord.java:2090)
12-14 01:56:17.580 W/ActivityManager( 1629): 	at com.android.server.am.ActivityManagerService.getActivityDisplayId(ActivityManagerService.java:10406)
12-14 01:56:17.580 W/ActivityManager( 1629): 	at android.app.IActivityManager$Stub.onTransact(IActivityManager.java:2738)
12-14 01:56:17.580 W/ActivityManager( 1629): 	at com.android.server.am.ActivityManagerService.onTransact(ActivityManagerService.java:2935)
12-14 01:56:17.580 W/ActivityManager( 1629): 	at android.os.Binder.execTransact(Binder.java:674)
12-14 01:56:17.581 I/calabash( 4013): newActivity1
12-14 01:56:17.587 W/ActivityManager( 1629): Bad activity token: android.os.BinderProxy@a670f20
12-14 01:56:17.587 W/ActivityManager( 1629): java.lang.ClassCastException: android.os.BinderProxy cannot be cast to com.android.server.am.ActivityRecord$Token
12-14 01:56:17.587 W/ActivityManager( 1629): 	at com.android.server.am.ActivityRecord.forTokenLocked(ActivityRecord.java:778)
12-14 01:56:17.587 W/ActivityManager( 1629): 	at com.android.server.am.ActivityRecord.isInStackLocked(ActivityRecord.java:2085)
12-14 01:56:17.587 W/ActivityManager( 1629): 	at com.android.server.am.ActivityManagerService.setTaskDescription(ActivityManagerService.java:9988)
12-14 01:56:17.587 W/ActivityManager( 1629): 	at android.app.IActivityManager$Stub.onTransact(IActivityManager.java:2824)
12-14 01:56:17.587 W/ActivityManager( 1629): 	at com.android.server.am.ActivityManagerService.onTransact(ActivityManagerService.java:2935)
12-14 01:56:17.587 W/ActivityManager( 1629): 	at android.os.Binder.execTransact(Binder.java:674)
12-14 01:56:17.589 D/gralloc_ranchu( 1395): gralloc_alloc: Creating ashmem region of size 7753728
12-14 01:56:17.590 W/ActivityManager( 1629): Bad activity token: android.os.BinderProxy@a670f20
12-14 01:56:17.590 W/ActivityManager( 1629): java.lang.ClassCastException: android.os.BinderProxy cannot be cast to com.android.server.am.ActivityRecord$Token
12-14 01:56:17.590 W/ActivityManager( 1629): 	at com.android.server.am.ActivityRecord.forTokenLocked(ActivityRecord.java:778)
12-14 01:56:17.590 W/ActivityManager( 1629): 	at com.android.server.am.ActivityRecord.isInStackLocked(ActivityRecord.java:2085)
12-14 01:56:17.590 W/ActivityManager( 1629): 	at com.android.server.am.ActivityRecord.getStackLocked(ActivityRecord.java:2090)
12-14 01:56:17.590 W/ActivityManager( 1629): 	at com.android.server.am.ActivityManagerService.getActivityStackId(ActivityManagerService.java:10417)
12-14 01:56:17.590 W/ActivityManager( 1629): 	at android.app.IActivityManager$Stub.onTransact(IActivityManager.java:3548)
12-14 01:56:17.590 W/ActivityManager( 1629): 	at com.android.server.am.ActivityManagerService.onTransact(ActivityManagerService.java:2935)
12-14 01:56:17.590 W/ActivityManager( 1629): 	at android.os.Binder.execTransact(Binder.java:674)
12-14 01:56:17.660 E/ContentStoreEUAS( 2192): Failed to commit the deferred actions
12-14 01:56:17.688 D/EGL_emulation( 2192): eglMakeCurrent: 0xa4c47c80: ver 3 0 (tinfo 0xa4dff3b0)
12-14 01:56:17.688 D/EGL_emulation( 2147): eglMakeCurrent: 0xa7685420: ver 3 0 (tinfo 0xa7683420)
12-14 01:56:17.713 D/EGL_emulation( 1726): eglMakeCurrent: 0x93806280: ver 3 0 (tinfo 0xa2e0dc60)
12-14 01:56:17.714 V/StatusBar( 1726): setLightsOn(true)
12-14 01:56:17.720 D/EGL_emulation( 1726): eglMakeCurrent: 0x93806280: ver 3 0 (tinfo 0xa2e0dc60)
12-14 01:56:17.756 W/ActivityManager( 1629): Bad activity token: android.os.BinderProxy@a670f20
12-14 01:56:17.756 W/ActivityManager( 1629): java.lang.ClassCastException: android.os.BinderProxy cannot be cast to com.android.server.am.ActivityRecord$Token
12-14 01:56:17.756 W/ActivityManager( 1629): 	at com.android.server.am.ActivityRecord.forTokenLocked(ActivityRecord.java:778)
12-14 01:56:17.756 W/ActivityManager( 1629): 	at com.android.server.am.ActivityRecord.isInStackLocked(ActivityRecord.java:2085)
12-14 01:56:17.756 W/ActivityManager( 1629): 	at com.android.server.am.ActivityManagerService.getActivityOptions(ActivityManagerService.java:13302)
12-14 01:56:17.756 W/ActivityManager( 1629): 	at android.app.IActivityManager$Stub.onTransact(IActivityManager.java:2910)
12-14 01:56:17.756 W/ActivityManager( 1629): 	at com.android.server.am.ActivityManagerService.onTransact(ActivityManagerService.java:2935)
12-14 01:56:17.756 W/ActivityManager( 1629): 	at android.os.Binder.execTransact(Binder.java:674)
12-14 01:56:17.758 W/ActivityManager( 1629): Bad activity token: android.os.BinderProxy@a670f20
12-14 01:56:17.758 W/ActivityManager( 1629): java.lang.ClassCastException: android.os.BinderProxy cannot be cast to com.android.server.am.ActivityRecord$Token
12-14 01:56:17.758 W/ActivityManager( 1629): 	at com.android.server.am.ActivityRecord.forTokenLocked(ActivityRecord.java:778)
12-14 01:56:17.758 W/ActivityManager( 1629): 	at com.android.server.am.ActivityRecord.isInStackLocked(ActivityRecord.java:2085)
12-14 01:56:17.758 W/ActivityManager( 1629): 	at com.android.server.am.ActivityManagerService.getActivityOptions(ActivityManagerService.java:13302)
12-14 01:56:17.758 W/ActivityManager( 1629): 	at android.app.IActivityManager$Stub.onTransact(IActivityManager.java:2910)
12-14 01:56:17.758 W/ActivityManager( 1629): 	at com.android.server.am.ActivityManagerService.onTransact(ActivityManagerService.java:2935)
12-14 01:56:17.758 W/ActivityManager( 1629): 	at android.os.Binder.execTransact(Binder.java:674)
12-14 01:56:17.853 I/chatty  ( 1726): uid=10028(u0_a28) RenderThread identical 16 lines
12-14 01:56:17.862 D/EGL_emulation( 1726): eglMakeCurrent: 0x93806280: ver 3 0 (tinfo 0xa2e0dc60)
12-14 01:56:17.863 V/StatusBar( 1726): setLightsOn(true)
12-14 01:56:17.869 D/EGL_emulation( 1726): eglMakeCurrent: 0x93806280: ver 3 0 (tinfo 0xa2e0dc60)
12-14 01:56:17.913 I/chatty  ( 1726): uid=10028(u0_a28) RenderThread identical 5 lines
12-14 01:56:17.920 D/EGL_emulation( 1726): eglMakeCurrent: 0x93806280: ver 3 0 (tinfo 0xa2e0dc60)
12-14 01:56:17.932 I/zygote  ( 4013): Do partial code cache collection, code=28KB, data=30KB
12-14 01:56:17.933 I/zygote  ( 4013): After code cache collection, code=28KB, data=30KB
12-14 01:56:17.933 I/zygote  ( 4013): Increasing code cache capacity to 128KB
12-14 01:56:17.934 I/zygote  ( 4013): Do partial code cache collection, code=28KB, data=48KB
12-14 01:56:17.934 I/zygote  ( 4013): After code cache collection, code=28KB, data=48KB
12-14 01:56:17.934 I/zygote  ( 4013): Increasing code cache capacity to 256KB
12-14 01:56:17.934 I/zygote  ( 4013): JIT allocated 71KB for compiled code of void android.widget.TextView.<init>(android.content.Context, android.util.AttributeSet, int, int)
12-14 01:56:17.934 I/zygote  ( 4013): Compiler allocated 4MB to compile void android.widget.TextView.<init>(android.content.Context, android.util.AttributeSet, int, int)
12-14 01:56:17.950 V/StatusBar( 1726): setLightsOn(true)
12-14 01:56:17.961 V/StatusBar( 1726): setLightsOn(true)
12-14 01:56:18.000 D/gralloc_ranchu( 1395): gralloc_alloc: Creating ashmem region of size 7753728
12-14 01:56:18.017 D/        ( 4013): HostConnection::get() New Host Connection established 0xa4ab0d40, tid 4013
12-14 01:56:18.069 V/StatusBar( 1726): setLightsOn(true)
12-14 01:56:18.070 V/StatusBar( 1726): setLightsOn(true)
12-14 01:56:18.079 I/ActivityManager( 1629): Displayed com.evancharlton.mileage/.Mileage: +521ms
12-14 01:56:18.083 V/StatusBar( 1726): setLightsOn(true)
12-14 01:56:18.084 V/StatusBar( 1726): setLightsOn(true)
12-14 01:56:18.106 D/gralloc_ranchu( 1395): gralloc_alloc: Creating ashmem region of size 7753728
12-14 01:56:18.124 V/StatusBar( 1726): setLightsOn(true)
12-14 01:56:18.204 I/zygote  ( 4013): Do full code cache collection, code=125KB, data=74KB
12-14 01:56:18.205 I/zygote  ( 4013): After code cache collection, code=106KB, data=46KB
12-14 01:56:18.260 V/StatusBar( 1726): setLightsOn(true)
12-14 01:56:18.261 I/zygote  ( 4013): WaitForGcToComplete blocked for 6.641ms for cause Background
12-14 01:56:18.286 V/StatusBar( 1726): setLightsOn(true)
12-14 01:56:18.317 I/System.out( 4013): URI: //map
12-14 01:56:18.317 I/System.out( 4013): params: {json={"query":"android.widget.CheckBox index:0","operation":{"method_name":"query","arguments":[]}}
12-14 01:56:18.317 I/System.out( 4013): }
12-14 01:56:18.421 V/StatusBar( 1726): setLightsOn(true)
12-14 01:56:18.422 V/StatusBar( 1726): setLightsOn(true)
12-14 01:56:18.424 D/BoundBrokerSvc( 1940): onUnbind: Intent { act=com.google.android.gms.pseudonymous.service.START cmp=com.google.android.gms/.chimera.PersistentApiService }
12-14 01:56:18.436 V/StatusBar( 1726): setLightsOn(true)
12-14 01:56:18.450 I/System.out( 4013): URI: //gesture
12-14 01:56:18.450 I/System.out( 4013): params: {json={"query_timeout":5.0,"gestures":[{"query_string":"android.widget.CheckBox index:0","touches":[{"x":50,"y":50,"offset_x":0,"offset_y":0,"wait":0.0,"time":0.2,"release":true,"query_string":null}]}]}
12-14 01:56:18.450 I/System.out( 4013): }
12-14 01:56:18.452 W/SurfaceFlinger( 1405): couldn't log to binary event log: overflow.
12-14 01:56:18.475 I/zygote  ( 4013): Do partial code cache collection, code=124KB, data=57KB
12-14 01:56:18.476 I/zygote  ( 4013): After code cache collection, code=124KB, data=57KB
12-14 01:56:18.476 I/zygote  ( 4013): Increasing code cache capacity to 512KB
12-14 01:56:18.529 I/PBSessionCacheImpl( 2192): Deleted sessionId[7781380160910] from persistence.
12-14 01:56:18.558 W/RemoteFillService( 1629): Not handling { when=-3ms what=3 target=com.android.internal.os.HandlerCaller$MyHandler } as service for ComponentInfo{com.google.android.gms/com.google.android.gms.autofill.service.AutofillService} is already destroyed
12-14 01:56:18.579 W/SearchService( 2192): Abort, client detached.
12-14 01:56:18.754 W/audio_hw_generic( 1389): Not supplying enough data to HAL, expected position 157817 , only wrote 157680
12-14 01:56:18.962 E/SurfaceFlinger( 1405): ro.sf.lcd_density must be defined as a build property
12-14 01:56:18.970 D/gralloc_ranchu( 1395): gralloc_alloc: Creating ashmem region of size 8298496
12-14 01:56:18.979 D/        ( 4055): HostConnection::get() New Host Connection established 0xae62f800, tid 4055
12-14 01:56:19.104 D/gralloc_ranchu( 1395): gralloc_alloc: Creating ashmem region of size 7753728
12-14 01:56:19.365 I/System.out( 4013): URI: //map
12-14 01:56:19.365 I/System.out( 4013): params: {json={"query":"android.widget.CheckBox index:0","operation":{"method_name":"query","arguments":[]}}
12-14 01:56:19.365 I/System.out( 4013): }
12-14 01:56:19.415 I/System.out( 4013): URI: //gesture
12-14 01:56:19.415 I/System.out( 4013): params: {json={"query_timeout":5.0,"gestures":[{"query_string":"android.widget.CheckBox index:0","touches":[{"x":50,"y":50,"offset_x":0,"offset_y":0,"wait":0.0,"time":0.2,"release":true,"query_string":null}]}]}
12-14 01:56:19.415 I/System.out( 4013): }
12-14 01:56:19.859 E/SurfaceFlinger( 1405): ro.sf.lcd_density must be defined as a build property
12-14 01:56:19.866 D/gralloc_ranchu( 1395): gralloc_alloc: Creating ashmem region of size 8298496
12-14 01:56:19.876 D/        ( 4063): HostConnection::get() New Host Connection established 0xa5e2f800, tid 4063
12-14 01:56:20.095 E/memtrack( 1629): Couldn't load memtrack module
12-14 01:56:20.095 W/android.os.Debug( 1629): failed to get memory consumption info: -1
12-14 01:56:20.102 I/ActivityManager( 1629): Killing 3414:com.android.externalstorage/u0a8 (adj 906): empty #17
12-14 01:56:20.150 V/StatusBar( 1726): setLightsOn(true)
