--------- beginning of main
12-14 01:56:06.002 D/BoundBrokerSvc( 2240): onUnbind: Intent { act=com.google.android.gms.checkin.START pkg=com.google.android.gms }
12-14 01:56:06.647 W/NamedFutures( 2192): Timeout future task has been cancelled: 10000 milliseconds
12-14 01:56:06.651 E/SearchServiceStarter( 2192): Task 174 failed or timed out. Client 9642125881273996 disconnecting from SearchService!
12-14 01:56:06.651 E/SearchServiceStarter( 2192): java.util.concurrent.CancellationException: Task was cancelled.
12-14 01:56:06.651 E/SearchServiceStarter( 2192): 	at com.google.common.util.concurrent.d.ct(SourceFile:75)
12-14 01:56:06.651 E/SearchServiceStarter( 2192): 	at com.google.common.util.concurrent.d.get(SourceFile:57)
12-14 01:56:06.651 E/SearchServiceStarter( 2192): 	at com.google.common.util.concurrent.cg.n(SourceFile:2)
12-14 01:56:06.651 E/SearchServiceStarter( 2192): 	at com.google.common.util.concurrent.av.l(SourceFile:50)
12-14 01:56:06.651 E/SearchServiceStarter( 2192): 	at com.google.common.util.concurrent.ax.run(SourceFile:5)
12-14 01:56:06.651 E/SearchServiceStarter( 2192): 	at com.google.android.apps.gsa.shared.util.concurrent.a.bc.run(SourceFile:2)
12-14 01:56:06.651 E/SearchServiceStarter( 2192): 	at android.os.Handler.handleCallback(Handler.java:789)
12-14 01:56:06.651 E/SearchServiceStarter( 2192): 	at android.os.Handler.dispatchMessage(Handler.java:98)
12-14 01:56:06.651 E/SearchServiceStarter( 2192): 	at android.os.Looper.loop(Looper.java:164)
12-14 01:56:06.651 E/SearchServiceStarter( 2192): 	at android.app.ActivityThread.main(ActivityThread.java:6541)
12-14 01:56:06.651 E/SearchServiceStarter( 2192): 	at java.lang.reflect.Method.invoke(Native Method)
12-14 01:56:06.651 E/SearchServiceStarter( 2192): 	at com.android.internal.os.Zygote$MethodAndArgsCaller.run(Zygote.java:240)
12-14 01:56:06.651 E/SearchServiceStarter( 2192): 	at com.android.internal.os.ZygoteInit.main(ZygoteInit.java:767)
12-14 01:56:06.699 I/Dialer  ( 2025): VvmTaskReceiver - task received
12-14 01:56:06.700 I/Dialer  ( 2025): VvmTaskReceiver - TaskExecutor already running
12-14 01:56:06.700 I/Dialer  ( 2025): Task.createTask - create task:com.android.voicemail.impl.ActivationTask
12-14 01:56:06.700 I/Dialer  ( 2025): TaskQueue.add - duplicated task added
12-14 01:56:06.700 I/Dialer  ( 2025): VvmTaskExecutor - com.android.voicemail.impl.ActivationTask@39d40c8 added
12-14 01:56:06.715 I/Finsky  ( 2563): [2] ycb.d(13): PackageMonitorReceiverImpl - Received: android.intent.action.PACKAGE_FULLY_REMOVED, [Hc-uu0eID9wC4ptvRCsWBIQPDhHxrgxu8bZlIwakNJw]
12-14 01:56:06.715 I/Finsky  ( 2563): [2] ydc.g(1): Invalidating cached PackageState for com.evancharlton.mileage.test
12-14 01:56:06.718 I/Finsky  ( 2563): [2] ouk.d(2): Frosting ID looked up on UI thread. Caller should move to a background thread.
12-14 01:56:06.720 I/Finsky  ( 2563): [2] qlq.s(2): Installer: package com.evancharlton.mileage.test was removed. replacing: false
12-14 01:56:06.721 I/Finsky  ( 2563): [2] qmo.L(12): Installer: Notifying status update. package=com.evancharlton.mileage.test, status=UNINSTALLED
12-14 01:56:06.722 I/Finsky  ( 2563): [2] alxk.a(3): Do not start WearSupportService due to Wear service optimization
12-14 01:56:06.722 I/Finsky  ( 2563): [2] alxk.a(3): Do not start WearSupportService due to Wear service optimization
12-14 01:56:06.722 I/Finsky  ( 2563): [2] adxl.a(8): Clearing split related stale data.
12-14 01:56:06.723 I/Finsky  ( 2563): [174] gvx.a(12): Asset module storage cleared for package com.evancharlton.mileage.test.
12-14 01:56:06.735 I/Finsky  ( 2563): [161] rab.C(2): IQ: Notifying installation update. package=com.evancharlton.mileage.test, status=UNINSTALLED
12-14 01:56:06.735 I/Finsky  ( 2563): [2] qmo.O(7): Installer: found apps to install. isMultiUserMode=false, apps=[]
12-14 01:56:06.743 I/Finsky  ( 2563): [166] otx.run(16): Wrote row to frosting DB: 1132
12-14 01:56:06.747 I/Finsky  ( 2563): [125] jmd.a(15): [ContentSync] finished, scheduled=false
12-14 01:56:06.750 I/ExposureNotification( 2240): Still can find package com.evancharlton.mileage.test after receive its fully removed broadcast, which was installed 8711 ms ago. Ignore the fully removed broadcast. [CONTEXT service_id=236 ]
12-14 01:56:06.752 D/BoundBrokerSvc( 2240): onBind: Intent { act=com.google.android.gms.common.BIND_SHARED_PREFS pkg=com.google.android.gms }
12-14 01:56:06.752 D/BoundBrokerSvc( 2240): Loading bound service for intent: Intent { act=com.google.android.gms.common.BIND_SHARED_PREFS pkg=com.google.android.gms }
12-14 01:56:06.760 D/BoundBrokerSvc( 2240): onUnbind: Intent { act=com.google.android.gms.common.BIND_SHARED_PREFS pkg=com.google.android.gms }
12-14 01:56:06.770 I/Finsky  ( 2563): [166] otx.run(16): Wrote row to frosting DB: 1133
12-14 01:56:06.772 I/DigitalWidgetProvider( 3434): onReceive: Intent { act=com.android.deskclock.ALARM_CHANGED flg=0x10 cmp=com.google.android.deskclock/com.android.alarmclock.DigitalAppWidgetProvider }
12-14 01:56:06.782 I/Finsky  ( 2563): [161] rab.t(33): IQ: No matching installs to run for jobs: []
12-14 01:56:06.804 D/BoundBrokerSvc( 2240): onUnbind: Intent { act=com.google.android.gms.auth.service.START pkg=com.google.android.gms }
12-14 01:56:06.848 W/zygote  ( 3849): Unexpected CPU variant for X86 using defaults: x86
12-14 01:56:06.886 I/MultiDex( 3849): VM with version 2.1.0 has multidex support
12-14 01:56:06.886 I/MultiDex( 3849): install
12-14 01:56:06.886 I/MultiDex( 3849): VM has multidex support, MultiDex support library is disabled.
12-14 01:56:06.888 W/NetworkScheduler( 1940): Immediate task was not started com.google.android.videos/.service.drm.RefreshLicenseTaskService{u=0 tag="refresh_license_forced" trigger=window{start=0s,end=1s,earliest=0s,latest=0s} requirements=[NET_CONNECTED] attributes=[] scheduled=0s last_run=N/A exec_window_multiplier=1.0000 jid=N/A status=PENDING retries=0 client_lib=MANCHEGO_GCM-10400000}. Rescheduling immediate tasks can cause excessive battery drain.
12-14 01:56:06.892 E/NetworkScheduler.ATC( 1940): Called cancelTask for already completed task com.google.android.videos/.service.drm.RefreshLicenseTaskService{u=0 tag="refresh_license_forced" trigger=window{start=0s,end=1s,earliest=0s,latest=0s} requirements=[NET_CONNECTED] attributes=[] scheduled=0s last_run=0s exec_window_multiplier=1.0000 jid=N/A status=PENDING retries=0 client_lib=MANCHEGO_GCM-10400000} :5 [CONTEXT service_id=218 ]
12-14 01:56:07.009 I/zygote  ( 1940): Deoptimizing int cdcx.u(java.lang.Object, byte[], int, int, int, int, int, int, long, int, long, ccyx) due to JIT inline cache
--------- beginning of system
12-14 01:56:07.050 W/BroadcastQueue( 1629): Permission Denial: broadcasting Intent { act=com.google.android.checkin.CHECKIN_COMPLETE flg=0x1000010 (has extras) } from com.google.android.gms (pid=2240, uid=10011) is not exported from uid 10023 due to receiver com.android.vending/com.google.android.finsky.checkin.CheckinReceiver
12-14 01:56:07.138 I/ActivityManager( 1629): Killing 3242:com.android.cellbroadcastreceiver/u0a5 (adj 906): empty #17
12-14 01:56:07.141 W/ActivityManager( 1629): Background start not allowed: service Intent { cmp=com.google.android.videos/.service.pinning.TransferService (has extras) } to com.google.android.videos/.service.pinning.TransferService from pid=3849 uid=10072 pkg=com.google.android.videos
12-14 01:56:07.143 I/Finsky  ( 2563): [110] daj.a(7): Received content filters request from com.google.android.videos
12-14 01:56:07.155 I/PlayMovies( 3849): RefreshLicenseTaskService.forceLicenseRefreshNow:66 Scheduled task now refresh_license_forced
12-14 01:56:07.155 I/PlayMovies( 3849): 
12-14 01:56:07.162 D/PlayMovies( 3849): PersistentCache.cleanup:104 Cache is below limit, no need to shrink: [size=0, limit=5242880]
12-14 01:56:07.162 D/PlayMovies( 3849): 
12-14 01:56:07.176 D/Primes  ( 3849): Package metric disabled.
12-14 01:56:07.176 D/Primes  ( 3849): Battery metric disabled
12-14 01:56:07.176 D/Primes  ( 3849): MagicEye logging metric disabled
12-14 01:56:07.178 D/CryptdConnector( 1629): SND -> {11 cryptfs getpwtype}
12-14 01:56:07.178 D/VoldCryptCmdListener( 1342): cryptfs getpwtype
12-14 01:56:07.180 D/CryptdConnector( 1629): RCV <- {213 11 default}
12-14 01:56:07.227 I/NetworkScheduler.Stats( 1940): Task com.google.android.videos/ finished executing. cause:7 result: 6 elapsed_millis: 47 uptime_millis: 47 exec_start_elapsed_seconds: 49 [CONTEXT service_id=218 ]
12-14 01:56:07.228 W/NetworkScheduler( 1940): No record of active task com.google.android.videos/.service.drm.RefreshLicenseTaskService{u=0 tag="refresh_license_forced" trigger=window{start=0s,end=1s,earliest=0s,latest=0s} requirements=[NET_CONNECTED] attributes=[] scheduled=0s last_run=0s exec_window_multiplier=1.0000 jid=N/A status=PENDING retries=0 client_lib=MANCHEGO_GCM-10400000}
12-14 01:56:07.377 I/PlayMovies( 3849): RefreshLicenseTaskService.onRunTask:96 On run task refresh_license_forced
12-14 01:56:07.377 I/PlayMovies( 3849): 
12-14 01:56:07.419 I/zygote  ( 2240): Deoptimizing boolean dbx.d(android.content.Context, dbv, java.lang.String) due to JIT inline cache
12-14 01:56:07.500 I/zygote  ( 1940): Deoptimizing java.lang.String asqf.i(android.os.Bundle) due to JIT inline cache
12-14 01:56:07.611 E/NetworkScheduler.ATC( 1940): Called cancelTask for already completed task com.google.android.videos/.service.drm.RefreshLicenseTaskService{u=0 tag="refresh_license_forced" trigger=window{start=0s,end=1s,earliest=0s,latest=0s} requirements=[NET_CONNECTED] attributes=[] scheduled=0s last_run=0s exec_window_multiplier=1.0000 jid=N/A status=ACTIVE retries=0 client_lib=MANCHEGO_GCM-10400000} :0 [CONTEXT service_id=218 ]
12-14 01:56:07.611 W/NetworkScheduler( 1940): Immediate task was not started com.google.android.videos/.service.drm.RefreshLicenseTaskService{u=0 tag="refresh_license_forced" trigger=window{start=0s,end=1s,earliest=0s,latest=0s} requirements=[NET_CONNECTED] attributes=[] scheduled=0s last_run=N/A exec_window_multiplier=1.0000 jid=N/A status=PENDING retries=0 client_lib=MANCHEGO_GCM-10400000}. Rescheduling immediate tasks can cause excessive battery drain.
12-14 01:56:07.611 I/NetworkScheduler.Stats( 1940): Task com.google.android.videos/ started execution. cause:7 exec_start_elapsed_seconds: 49 [CONTEXT service_id=218 ]
12-14 01:56:07.611 I/NetworkScheduler.Stats( 1940): Task com.google.android.gms/com.google.android.gms.pay.gcmtask.PayGcmTaskService started execution. cause:7 exec_start_elapsed_seconds: 49 [CONTEXT service_id=218 ]
12-14 01:56:07.612 I/NetworkScheduler.Stats( 1940): Task com.google.android.videos/ finished executing. cause:7 result: 1 elapsed_millis: 79 uptime_millis: 79 exec_start_elapsed_seconds: 49 [CONTEXT service_id=218 ]
12-14 01:56:07.614 I/NetworkScheduler.Stats( 1940): Task com.google.android.gms/com.google.android.gms.pay.gcmtask.PayGcmTaskService finished executing. cause:7 result: 1 elapsed_millis: 60 uptime_millis: 60 exec_start_elapsed_seconds: 49 [CONTEXT service_id=218 ]
12-14 01:56:07.630 D/BoundBrokerSvc( 2240): onUnbind: Intent { act=com.google.android.gms.feedback.internal.IFeedbackService cmp=com.google.android.gms/.chimera.GmsBoundBrokerService }
12-14 01:56:07.688 I/NetworkScheduler.Stats( 1940): Task com.google.android.gms/com.google.android.gms.phenotype.service.sync.PhenotypeConfigurator started execution. cause:5 exec_start_elapsed_seconds: 49 [CONTEXT service_id=218 ]
12-14 01:56:07.791 I/NetworkScheduler.Stats( 1940): Task com.google.android.gms/com.google.android.gms.clearcut.uploader.QosUploaderService started execution. cause:5 exec_start_elapsed_seconds: 49 [CONTEXT service_id=218 ]
12-14 01:56:07.812 I/NetworkScheduler.Stats( 1940): Task com.google.android.gms/com.google.android.gms.clearcut.uploader.QosUploaderService finished executing. cause:5 result: 1 elapsed_millis: 68 uptime_millis: 68 exec_start_elapsed_seconds: 49 [CONTEXT service_id=218 ]
12-14 01:56:07.833 I/NetworkScheduler.Stats( 1940): Task com.google.android.videos/ started execution. cause:5 exec_start_elapsed_seconds: 50 [CONTEXT service_id=218 ]
12-14 01:56:07.835 I/PlayMovies( 3849): RefreshLicenseTaskService.onRunTask:96 On run task refresh_license
12-14 01:56:07.835 I/PlayMovies( 3849): 
12-14 01:56:07.841 I/NetworkScheduler.Stats( 1940): Task com.google.android.videos/ finished executing. cause:5 result: 1 elapsed_millis: 16 uptime_millis: 16 exec_start_elapsed_seconds: 50 [CONTEXT service_id=218 ]
12-14 01:56:07.941 I/NetworkScheduler.Stats( 1940): Task com.google.android.gms/com.google.android.gms.gass.chimera.SchedulePeriodicTasksService started execution. cause:5 exec_start_elapsed_seconds: 50 [CONTEXT service_id=218 ]
12-14 01:56:07.973 I/NetworkScheduler.Stats( 1940): Task com.google.android.gms/com.google.android.gms.gass.chimera.SchedulePeriodicTasksService finished executing. cause:5 result: 1 elapsed_millis: 62 uptime_millis: 62 exec_start_elapsed_seconds: 50 [CONTEXT service_id=218 ]
12-14 01:56:08.061 I/NetworkScheduler.Stats( 1940): Task com.google.android.gms/com.google.android.gms.pay.gcmtask.PayGcmTaskService started execution. cause:5 exec_start_elapsed_seconds: 50 [CONTEXT service_id=218 ]
12-14 01:56:08.066 I/NetworkScheduler.Stats( 1940): Task com.google.android.gms/com.google.android.gms.pay.gcmtask.PayGcmTaskService finished executing. cause:5 result: 1 elapsed_millis: 44 uptime_millis: 44 exec_start_elapsed_seconds: 50 [CONTEXT service_id=218 ]
12-14 01:56:08.160 D/        ( 3643): HostConnection::get() New Host Connection established 0xa73e4a80, tid 3725
12-14 01:56:08.173 D/EGL_emulation( 3643): eglCreateContext: 0xa4c466c0: maj 3 min 0 rcv 3
12-14 01:56:08.175 D/EGL_emulation( 3643): eglMakeCurrent: 0xa4c466c0: ver 3 0 (tinfo 0xa4dff570)
12-14 01:56:08.176 E/eglCodecCommon( 3643): glUtilsParamSize: unknow param 0x00008cdf
12-14 01:56:08.176 E/eglCodecCommon( 3643): glUtilsParamSize: unknow param 0x00008cdf
12-14 01:56:08.176 E/eglCodecCommon( 3643): glUtilsParamSize: unknow param 0x00008824
12-14 01:56:08.176 E/eglCodecCommon( 3643): glUtilsParamSize: unknow param 0x00008824
12-14 01:56:08.176 I/NetworkScheduler.Stats( 1940): Task com.google.android.gms/com.google.android.gms.pay.gcmtask.PayGcmTaskService started execution. cause:5 exec_start_elapsed_seconds: 50 [CONTEXT service_id=218 ]
12-14 01:56:08.181 D/BoundBrokerSvc( 1940): onBind: Intent { act=com.google.android.gms.tapandpay.service.BIND cmp=com.google.android.gms/.chimera.PersistentApiService }
12-14 01:56:08.181 D/BoundBrokerSvc( 1940): Loading bound service for intent: Intent { act=com.google.android.gms.tapandpay.service.BIND cmp=com.google.android.gms/.chimera.PersistentApiService }
12-14 01:56:08.227 I/NetworkScheduler.Stats( 1940): Task com.google.android.gms/com.google.android.gms.pay.gcmtask.PayGcmTaskService finished executing. cause:5 result: 1 elapsed_millis: 98 uptime_millis: 98 exec_start_elapsed_seconds: 50 [CONTEXT service_id=218 ]
12-14 01:56:08.234 D/EGL_emulation( 3643): eglCreateContext: 0xa4c468a0: maj 3 min 0 rcv 3
12-14 01:56:08.236 D/EGL_emulation( 3643): eglMakeCurrent: 0xa4c468a0: ver 3 0 (tinfo 0xa4dff570)
12-14 01:56:08.236 E/eglCodecCommon( 3643): glUtilsParamSize: unknow param 0x00008cdf
12-14 01:56:08.236 E/eglCodecCommon( 3643): glUtilsParamSize: unknow param 0x00008cdf
12-14 01:56:08.237 E/eglCodecCommon( 3643): glUtilsParamSize: unknow param 0x00008824
12-14 01:56:08.237 E/eglCodecCommon( 3643): glUtilsParamSize: unknow param 0x00008824
12-14 01:56:08.285 I/MicroDetectionWorker( 2192): #updateMicroDetector [detectionMode: [mDetectionMode: [1]]]
12-14 01:56:08.285 I/MicroDetectionWorker( 2192): #startMicroDetector [speakerMode: 0]
12-14 01:56:08.286 I/AudioController( 2192): Using mInputStreamFactoryBuilder
12-14 01:56:08.287 I/MicroDetectionWorker( 2192): onReady
12-14 01:56:08.288 I/MicroRecognitionRunner( 2192): Starting detection.
12-14 01:56:08.290 I/MicrophoneInputStream( 2192): mic_starting com.google.android.apps.gsa.staticplugins.aa.c@a3f27ed
12-14 01:56:08.312 I/MicrophoneInputStream( 2192): mic_started com.google.android.apps.gsa.staticplugins.aa.c@a3f27ed
12-14 01:56:08.312 E/ActivityThread( 2192): Failed to find provider info for com.google.android.apps.gsa.testing.ui.audio.recorded
12-14 01:56:08.313 I/MicroDetectionWorker( 2192): onReady
12-14 01:56:08.314 I/MicrophoneInputStream( 2192): mic_close com.google.android.apps.gsa.staticplugins.aa.c@a3f27ed
12-14 01:56:08.314 I/MicroRecognitionRunner( 2192): Detection finished
12-14 01:56:08.315 W/ErrorReporter( 2192): reportError [type: 211, code: 524300]: Error reading from input stream
12-14 01:56:08.315 I/MicroRecognitionRunner( 2192): Stopping hotword detection.
12-14 01:56:08.315 W/ErrorProcessor( 2192): onFatalError, processing error from engine(4)
12-14 01:56:08.315 W/ErrorProcessor( 2192): com.google.android.apps.gsa.shared.speech.b.g: Error reading from input stream
12-14 01:56:08.315 W/ErrorProcessor( 2192): 	at com.google.android.apps.gsa.staticplugins.recognizer.j.a.a(SourceFile:28)
12-14 01:56:08.315 W/ErrorProcessor( 2192): 	at com.google.android.apps.gsa.staticplugins.recognizer.j.b.run(SourceFile:15)
12-14 01:56:08.315 W/ErrorProcessor( 2192): 	at java.util.concurrent.Executors$RunnableAdapter.call(Executors.java:457)
12-14 01:56:08.315 W/ErrorProcessor( 2192): 	at java.util.concurrent.FutureTask.run(FutureTask.java:266)
12-14 01:56:08.315 W/ErrorProcessor( 2192): 	at com.google.android.apps.gsa.shared.util.concurrent.a.ax.run(SourceFile:14)
12-14 01:56:08.315 W/ErrorProcessor( 2192): 	at com.google.android.apps.gsa.shared.util.concurrent.a.bl.run(SourceFile:4)
12-14 01:56:08.315 W/ErrorProcessor( 2192): 	at com.google.android.apps.gsa.shared.util.concurrent.a.bl.run(SourceFile:4)
12-14 01:56:08.315 W/ErrorProcessor( 2192): 	at java.util.concurrent.ThreadPoolExecutor.runWorker(ThreadPoolExecutor.java:1162)
12-14 01:56:08.315 W/ErrorProcessor( 2192): 	at java.util.concurrent.ThreadPoolExecutor$Worker.run(ThreadPoolExecutor.java:636)
12-14 01:56:08.315 W/ErrorProcessor( 2192): 	at java.lang.Thread.run(Thread.java:764)
12-14 01:56:08.315 W/ErrorProcessor( 2192): 	at com.google.android.apps.gsa.shared.util.concurrent.a.ai.run(SourceFile:6)
12-14 01:56:08.315 W/ErrorProcessor( 2192): Caused by: com.google.android.apps.gsa.shared.exception.GsaIOException: Error code: 393238 | Buffer overflow, no available space.
12-14 01:56:08.315 W/ErrorProcessor( 2192): 	at com.google.android.apps.gsa.speech.audio.Tee.f(SourceFile:103)
12-14 01:56:08.315 W/ErrorProcessor( 2192): 	at com.google.android.apps.gsa.speech.audio.au.read(SourceFile:2)
12-14 01:56:08.315 W/ErrorProcessor( 2192): 	at java.io.InputStream.read(InputStream.java:101)
12-14 01:56:08.315 W/ErrorProcessor( 2192): 	at com.google.android.apps.gsa.speech.audio.ao.run(SourceFile:18)
12-14 01:56:08.315 W/ErrorProcessor( 2192): 	at com.google.android.apps.gsa.speech.audio.an.run(SourceFile:2)
12-14 01:56:08.315 W/ErrorProcessor( 2192): 	... 9 more
12-14 01:56:08.315 I/AudioController( 2192): internalShutdown
12-14 01:56:08.320 I/MicroDetector( 2192): Keeping mic open: false
12-14 01:56:08.320 I/MicroDetectionWorker( 2192): #onError(false)
12-14 01:56:08.321 I/DeviceStateChecker( 2192): DeviceStateChecker cancelled
12-14 01:56:08.323 I/AudioFlinger( 1475): AudioFlinger's thread 0xad903cc0 tid=3900 ready to run
12-14 01:56:08.330 I/NetworkScheduler.Stats( 1940): Task com.google.android.gms/com.google.android.gms.pay.gcmtask.PayGcmTaskService started execution. cause:5 exec_start_elapsed_seconds: 50 [CONTEXT service_id=218 ]
12-14 01:56:08.334 E/Pay     ( 2240): No account found on the task or the device. Notification task will not be rescheduled. [CONTEXT service_id=198 ]
12-14 01:56:08.350 I/NetworkScheduler.Stats( 1940): Task com.google.android.gms/com.google.android.gms.pay.gcmtask.PayGcmTaskService finished executing. cause:5 result: 2 elapsed_millis: 69 uptime_millis: 69 exec_start_elapsed_seconds: 50 [CONTEXT service_id=218 ]
12-14 01:56:08.368 W/Binder:3643_3( 3643): type=1400 audit(0.0:20): avc: denied { read } for name="modules" dev="proc" ino=4026532034 scontext=u:r:priv_app:s0:c512,c768 tcontext=u:object_r:proc_modules:s0 tclass=file permissive=0
12-14 01:56:08.408 W/SystemServiceRegistry( 3643): No service published for: persistent_data_block
12-14 01:56:08.418 I/aqju    ( 1940): Removed 0 invalid users [CONTEXT service_id=51 ]
12-14 01:56:08.436 V/LifecycleAwareServiceBi( 2563): notify unbound
12-14 01:56:08.436 V/LifecycleAwareServiceBi( 2563): com.google.common.flogger.LogSiteStackTrace: MEDIUM
12-14 01:56:08.436 V/LifecycleAwareServiceBi( 2563): 	at com.google.frameworks.client.data.android.binder.LifecycleAwareServiceBinding.h(PG:1)
12-14 01:56:08.436 V/LifecycleAwareServiceBi( 2563): 	at axqg.run(Unknown Source:4)
12-14 01:56:08.436 V/LifecycleAwareServiceBi( 2563): 	at android.os.Handler.handleCallback(Handler.java:789)
12-14 01:56:08.436 V/LifecycleAwareServiceBi( 2563): 	at android.os.Handler.dispatchMessage(Handler.java:98)
12-14 01:56:08.436 V/LifecycleAwareServiceBi( 2563): 	at android.os.Looper.loop(Looper.java:164)
12-14 01:56:08.436 V/LifecycleAwareServiceBi( 2563): 	at android.app.ActivityThread.main(ActivityThread.java:6541)
12-14 01:56:08.436 V/LifecycleAwareServiceBi( 2563): 	at java.lang.reflect.Method.invoke(Native Method)
12-14 01:56:08.436 V/LifecycleAwareServiceBi( 2563): 	at com.android.internal.os.Zygote$MethodAndArgsCaller.run(Zygote.java:240)
12-14 01:56:08.436 V/LifecycleAwareServiceBi( 2563): 	at com.android.internal.os.ZygoteInit.main(ZygoteInit.java:767)
12-14 01:56:08.436 V/LifecycleAwareServiceBi( 2563): notify unbound - notifying
12-14 01:56:08.438 I/Finsky:download_service( 2690): [2] sxn.onDestroy(8): IPC-SERVER: Stopping gRPC host service...
12-14 01:56:08.460 I/NetworkScheduler.Stats( 1940): Task com.google.android.gms/com.google.android.gms.pay.gcmtask.PayGcmTaskService started execution. cause:5 exec_start_elapsed_seconds: 50 [CONTEXT service_id=218 ]
12-14 01:56:08.464 I/Pay     ( 2240): Device does not support HCE. [CONTEXT service_id=198 ]
12-14 01:56:08.476 I/NetworkScheduler.Stats( 1940): Task com.google.android.gms/com.google.android.gms.pay.gcmtask.PayGcmTaskService finished executing. cause:5 result: 2 elapsed_millis: 62 uptime_millis: 62 exec_start_elapsed_seconds: 50 [CONTEXT service_id=218 ]
12-14 01:56:08.645 I/NetworkScheduler.Stats( 1940): Task com.google.android.gms/com.google.android.gms.pay.gcmtask.PayGcmTaskService started execution. cause:5 exec_start_elapsed_seconds: 50 [CONTEXT service_id=218 ]
12-14 01:56:08.649 I/Pay     ( 2240): Migration flag not enabled. [CONTEXT service_id=198 ]
12-14 01:56:08.652 D/BoundBrokerSvc( 2240): onBind: Intent { act=com.google.android.gms.pay.service.BIND cmp=com.google.android.gms/.chimera.GmsApiService }
12-14 01:56:08.652 D/BoundBrokerSvc( 2240): Loading bound service for intent: Intent { act=com.google.android.gms.pay.service.BIND cmp=com.google.android.gms/.chimera.GmsApiService }
12-14 01:56:08.658 I/jgl     ( 2240): Primes not initialized, returning default (no-op) Primes instance which will ignore all calls. Please call Primes.initialize(...) before using any Primes API.
12-14 01:56:08.710 I/Pay     ( 2240): Migration already completed. [CONTEXT service_id=198 ]
12-14 01:56:08.714 I/chatty  ( 2240): uid=10011(u0_a11) lowpool[0] identical 1 line
12-14 01:56:08.723 I/Pay     ( 2240): Migration already completed. [CONTEXT service_id=198 ]
12-14 01:56:08.723 I/Pay     ( 2240): Migration flag not enabled. [CONTEXT service_id=198 ]
12-14 01:56:08.725 W/Conscrypt( 2240): Could not set socket write timeout: java.net.SocketException: Socket closed
12-14 01:56:08.727 W/Conscrypt( 2240): 	at com.google.android.gms.org.conscrypt.Platform.setSocketWriteTimeout(:com.google.android.gms@204713022@20.47.13 (040700-344095733):2)
12-14 01:56:08.727 W/Conscrypt( 2240): 	at com.google.android.gms.org.conscrypt.ConscryptFileDescriptorSocket.setSoWriteTimeout(:com.google.android.gms@204713022@20.47.13 (040700-344095733):0)
12-14 01:56:08.730 I/Pay     ( 2240): Migration already completed. [CONTEXT service_id=198 ]
12-14 01:56:08.730 I/Pay     ( 2240): Migration flag not enabled. [CONTEXT service_id=198 ]
12-14 01:56:08.735 I/NetworkScheduler.Stats( 1940): Task com.google.android.gms/com.google.android.gms.pay.gcmtask.PayGcmTaskService finished executing. cause:5 result: 1 elapsed_millis: 155 uptime_millis: 155 exec_start_elapsed_seconds: 50 [CONTEXT service_id=218 ]
12-14 01:56:08.816 W/Conscrypt( 2240): Could not set socket write timeout: java.net.SocketException: Socket closed
12-14 01:56:08.817 W/Conscrypt( 2240): 	at com.google.android.gms.org.conscrypt.Platform.setSocketWriteTimeout(:com.google.android.gms@204713022@20.47.13 (040700-344095733):2)
12-14 01:56:08.817 W/Conscrypt( 2240): 	at com.google.android.gms.org.conscrypt.ConscryptFileDescriptorSocket.setSoWriteTimeout(:com.google.android.gms@204713022@20.47.13 (040700-344095733):0)
12-14 01:56:08.833 I/NetworkScheduler.Stats( 1940): Task com.google.android.gms/com.google.android.gms.tapandpay.gcmtask.TapAndPayGcmTaskService started execution. cause:5 exec_start_elapsed_seconds: 51 [CONTEXT service_id=218 ]
12-14 01:56:08.839 I/NetworkScheduler.Stats( 1940): Task com.google.android.gms/com.google.android.gms.tapandpay.gcmtask.TapAndPayGcmTaskService finished executing. cause:5 result: 1 elapsed_millis: 49 uptime_millis: 49 exec_start_elapsed_seconds: 51 [CONTEXT service_id=218 ]
12-14 01:56:08.927 I/NetworkScheduler.Stats( 1940): Task com.google.android.gms/com.google.android.gms.tapandpay.gcmtask.TapAndPayGcmTaskService started execution. cause:5 exec_start_elapsed_seconds: 51 [CONTEXT service_id=218 ]
12-14 01:56:08.941 I/NetworkScheduler.Stats( 1940): Task com.google.android.gms/com.google.android.gms.tapandpay.gcmtask.TapAndPayGcmTaskService finished executing. cause:5 result: 1 elapsed_millis: 44 uptime_millis: 44 exec_start_elapsed_seconds: 51 [CONTEXT service_id=218 ]
12-14 01:56:09.033 I/NetworkScheduler.Stats( 1940): Task com.google.android.gms/com.google.android.gms.tapandpay.gcmtask.TapAndPayGcmTaskService started execution. cause:5 exec_start_elapsed_seconds: 51 [CONTEXT service_id=218 ]
12-14 01:56:09.033 I/DynamiteModule( 1940): Considering local module com.google.android.gms.cronet_dynamite:0 and remote module com.google.android.gms.cronet_dynamite:1311
12-14 01:56:09.033 I/DynamiteModule( 1940): Selected remote version of com.google.android.gms.cronet_dynamite, version >= 1311
12-14 01:56:09.057 W/zygote  ( 1940): Skipping duplicate class check due to unrecognized classloader
12-14 01:56:09.067 I/NetworkScheduler.Stats( 1940): Task com.google.android.gms/com.google.android.gms.tapandpay.gcmtask.TapAndPayGcmTaskService finished executing. cause:5 result: 1 elapsed_millis: 75 uptime_millis: 75 exec_start_elapsed_seconds: 51 [CONTEXT service_id=218 ]
12-14 01:56:09.147 I/cr_CronetLibraryLoader( 1940): Cronet version: 85.0.4183.127, arch: i686
12-14 01:56:09.167 W/ResourceType( 1940): ResTable_typeSpec entry count inconsistent: given 67, previously 69
12-14 01:56:09.168 W/ResourceType( 1940): ResTable_typeSpec entry count inconsistent: given 5411, previously 5412
12-14 01:56:09.169 I/NetworkScheduler.Stats( 1940): Task com.google.android.gms/com.google.android.gms.udc.service.UdcContextInitService started execution. cause:5 exec_start_elapsed_seconds: 51 [CONTEXT service_id=218 ]
12-14 01:56:09.261 I/NetworkScheduler.Stats( 1940): Task com.google.android.gms/com.google.android.gms.udc.service.UdcContextInitService finished executing. cause:5 result: 1 elapsed_millis: 141 uptime_millis: 142 exec_start_elapsed_seconds: 51 [CONTEXT service_id=218 ]
12-14 01:56:09.283 I/NetworkScheduler.Stats( 1940): Task com.google.android.videos/ started execution. cause:5 exec_start_elapsed_seconds: 51 [CONTEXT service_id=218 ]
12-14 01:56:09.284 I/PlayMovies( 3849): RefreshLicenseTaskService.onRunTask:96 On run task refresh_license_forced
12-14 01:56:09.284 I/PlayMovies( 3849): 
12-14 01:56:09.289 I/NetworkScheduler.Stats( 1940): Task com.google.android.videos/ finished executing. cause:5 result: 1 elapsed_millis: 13 uptime_millis: 13 exec_start_elapsed_seconds: 51 [CONTEXT service_id=218 ]
12-14 01:56:09.495 D/BoundBrokerSvc( 1940): onUnbind: Intent { act=com.google.android.gms.icing.LIGHTWEIGHT_INDEX_SERVICE cmp=com.google.android.gms/.chimera.PersistentApiService }
12-14 01:56:09.593 D/BoundBrokerSvc( 1940): onUnbind: Intent { act=com.google.android.gms.usagereporting.service.START pkg=com.google.android.gms }
12-14 01:56:09.733 E/memtrack( 1629): Couldn't load memtrack module
12-14 01:56:09.733 W/android.os.Debug( 1629): failed to get memory consumption info: -1
12-14 01:56:09.796 I/zygote  ( 1940): Compiler allocated 6MB to compile void aqju.J(java.util.Set, java.util.List, java.lang.String, int, java.lang.String, boolean, cdav, aqjt, java.util.LinkedHashMap, boolean)
12-14 01:56:09.927 I/zygote  ( 1940): Deoptimizing int ddv.a(bwhm, ddn, java.lang.Comparable) due to JIT inline cache
12-14 01:56:09.948 I/aqji    ( 1940): Scheduling adaptive one off task with window [14400, 604800] in seconds [CONTEXT service_id=51 ]
12-14 01:56:10.001 I/NetworkScheduler.Stats( 1940): Task com.google.android.gms/com.google.android.gms.phenotype.service.sync.PhenotypeConfigurator finished executing. cause:5 result: 1 elapsed_millis: 2353 uptime_millis: 2353 exec_start_elapsed_seconds: 49 [CONTEXT service_id=218 ]
12-14 01:56:10.269 I/ActivityManager( 1629): Killing 3278:com.google.android.apps.maps/u0a59 (adj 906): empty #17
12-14 01:56:10.278 D/BoundBrokerSvc( 2240): onUnbind: Intent { act=com.google.android.gms.people.service.START pkg=com.google.android.gms }
12-14 01:56:10.278 D/BoundBrokerSvc( 1940): onUnbind: Intent { act=com.google.android.gms.phenotype.service.START pkg=com.google.android.gms }
12-14 01:56:10.369 D/AndroidRuntime( 3918): >>>>>> START com.android.internal.os.RuntimeInit uid 2000 <<<<<<
12-14 01:56:10.401 W/app_process( 3918): Unexpected CPU variant for X86 using defaults: x86
12-14 01:56:10.414 D/AndroidRuntime( 3918): Calling main entry com.android.commands.am.Am
12-14 01:56:10.418 I/ActivityManager( 1629): Force stopping com.evancharlton.mileage appid=10316 user=0: start instr
12-14 01:56:10.418 I/ActivityManager( 1629): Killing 3768:com.evancharlton.mileage/u0a316 (adj 0): stop com.evancharlton.mileage
12-14 01:56:10.419 W/ActivityManager( 1629): Crash of app com.evancharlton.mileage running instrumentation ComponentInfo{com.evancharlton.mileage.test/sh.calaba.instrumentationbackend.ClearAppData2}
12-14 01:56:10.419 I/ActivityManager( 1629): Force stopping com.evancharlton.mileage appid=10316 user=0: finished inst
12-14 01:56:10.419 I/ActivityManager( 1629): Killing 3323:com.google.android.apps.messaging:rcs/u0a66 (adj 906): empty #17
12-14 01:56:10.431 I/zygote  ( 3928): Not late-enabling -Xcheck:jni (already on)
12-14 01:56:10.438 I/ActivityManager( 1629): Start proc 3928:com.evancharlton.mileage/u0a316 for added application com.evancharlton.mileage
12-14 01:56:10.439 W/zygote  ( 3928): Unexpected CPU variant for X86 using defaults: x86
12-14 01:56:10.444 D/AndroidRuntime( 3918): Shutting down VM
12-14 01:56:10.465 W/zygote  ( 3928): Found duplicate classes, falling back to extracting from APK : /data/app/com.evancharlton.mileage.test-H4w97l7T2oEreNMmmmbcMg==/base.apk
12-14 01:56:10.465 W/zygote  ( 3928): NOTE: This wastes RAM and hurts startup performance.
12-14 01:56:10.465 W/zygote  ( 3928): Found duplicated class when checking oat files: 'Ljunit/runner/BaseTestRunner;' in /data/app/com.evancharlton.mileage.test-H4w97l7T2oEreNMmmmbcMg==/base.apk and /system/framework/android.test.runner.jar
12-14 01:56:10.465 W/zygote  ( 3928): 
12-14 01:56:10.474 E/adbd    ( 1383): failed to connect to socket 'tcp:7102': Connection refused
12-14 01:56:10.476 E/adbd    ( 1383): failed to connect to socket 'tcp:7102': Connection refused
12-14 01:56:10.496 W/System  ( 3928): ClassLoader referenced unknown path: 
12-14 01:56:10.508 I/System.out( 3928): Main activity name automatically set to: com.evancharlton.mileage.Mileage
12-14 01:56:10.509 I/System.out( 3928): Calabash did not load Mono. This is only a problem if you are trying to test a Mono application
12-14 01:56:10.510 I/calabash( 3928): Test server port: 7102
12-14 01:56:10.511 I/InstrumentationBackend( 3928): Added:'GetPreferences', with key:'get_preferences'
12-14 01:56:10.568 I/InstrumentationBackend( 3928): Added:'SetPreferences', with key:'set_preferences'
12-14 01:56:10.569 I/InstrumentationBackend( 3928): Added:'ClearPreferences', with key:'clear_preferences'
12-14 01:56:10.570 I/InstrumentationBackend( 3928): Added:'PressElement', with key:'press_l10n_element'
12-14 01:56:10.570 I/InstrumentationBackend( 3928): Added:'WaitForElement', with key:'wait_for_l10n_element'
12-14 01:56:10.571 I/InstrumentationBackend( 3928): Added:'NullAction', with key:'nullAction'
12-14 01:56:10.571 I/InstrumentationBackend( 3928): Added:'PressKey', with key:'press_key'
12-14 01:56:10.572 I/InstrumentationBackend( 3928): Added:'SetActivityOrientation', with key:'set_activity_orientation'
12-14 01:56:10.572 I/InstrumentationBackend( 3928): Added:'GetActivityOrientation', with key:'get_activity_orientation'
12-14 01:56:10.572 I/InstrumentationBackend( 3928): Added:'FakeGPSLocation', with key:'set_gps_coordinates'
12-14 01:56:10.573 I/InstrumentationBackend( 3928): Added:'SetPropertyByCssSelector', with key:'set_property_by_css_selector'
12-14 01:56:10.574 I/InstrumentationBackend( 3928): Added:'GetUrl', with key:'get_url'
12-14 01:56:10.576 I/InstrumentationBackend( 3928): Added:'ScrollTo', with key:'scroll_to'
12-14 01:56:10.576 I/InstrumentationBackend( 3928): Added:'GetLoadProgress', with key:'get_load_progress'
12-14 01:56:10.577 I/InstrumentationBackend( 3928): Added:'DumpHtml', with key:'dump_html'
12-14 01:56:10.577 I/InstrumentationBackend( 3928): Added:'DumpBodyHtml', with key:'dump_body_html'
12-14 01:56:10.577 I/InstrumentationBackend( 3928): Added:'EnterTextByCssSelector', with key:'enter_text_by_selector'
12-14 01:56:10.581 E/adbd    ( 1383): failed to connect to socket 'tcp:7102': Connection refused
12-14 01:56:10.583 I/InstrumentationBackend( 3928): Added:'AndroidSDKVersion', with key:'android_sdk_version'
12-14 01:56:10.584 E/adbd    ( 1383): failed to connect to socket 'tcp:7102': Connection refused
12-14 01:56:10.584 I/InstrumentationBackend( 3928): Added:'Version', with key:'version'
12-14 01:56:10.585 I/InstrumentationBackend( 3928): Added:'Drag', with key:'drag'
12-14 01:56:10.585 I/InstrumentationBackend( 3928): Added:'TouchCoordinates', with key:'touch_coordinate'
12-14 01:56:10.585 I/InstrumentationBackend( 3928): Added:'LongPressCoordinate', with key:'long_press_coordinate'
12-14 01:56:10.585 I/InstrumentationBackend( 3928): Added:'DragCoordinates', with key:'drag_coordinates'
12-14 01:56:10.586 I/InstrumentationBackend( 3928): Added:'ResumeApplication', with key:'resume_application'
12-14 01:56:10.587 I/InstrumentationBackend( 3928): Added:'Swipe', with key:'swipe'
12-14 01:56:10.587 I/InstrumentationBackend( 3928): Added:'DoubleTapCoordinate', with key:'double_tap_coordinate'
12-14 01:56:10.587 I/InstrumentationBackend( 3928): Added:'ClickOnScreen', with key:'click_on_screen'
12-14 01:56:10.588 I/InstrumentationBackend( 3928): Added:'GetActivityName', with key:'get_activity_name'
12-14 01:56:10.589 I/InstrumentationBackend( 3928): Added:'ScrollToView', with key:'scroll_to_view'
12-14 01:56:10.589 I/InstrumentationBackend( 3928): Added:'ViewConfiguration', with key:'view_configuration'
12-14 01:56:10.590 I/InstrumentationBackend( 3928): Added:'IsCurrentActivityFocused', with key:'is_current_activity_focused'
12-14 01:56:10.590 I/InstrumentationBackend( 3928): Added:'SendTcp', with key:'send_tcp'
12-14 01:56:10.591 I/InstrumentationBackend( 3928): Added:'DpToDevicePixel', with key:'dp_to_device_pixel'
12-14 01:56:10.591 I/InstrumentationBackend( 3928): Added:'KeyboardEnterText', with key:'keyboard_enter_text'
12-14 01:56:10.592 I/InstrumentationBackend( 3928): Added:'DeleteSurroundingText', with key:'delete_surrounding_text'
12-14 01:56:10.593 I/InstrumentationBackend( 3928): Added:'SetComposingRegion', with key:'set_composing_region'
12-14 01:56:10.593 I/InstrumentationBackend( 3928): Added:'SetSelection', with key:'set_selection'
12-14 01:56:10.593 I/InstrumentationBackend( 3928): Added:'KeyboardKeyEvent', with key:'keyboard_key_event'
12-14 01:56:10.594 I/InstrumentationBackend( 3928): Added:'PressUserActionButton', with key:'press_user_action_button'
12-14 01:56:10.595 I/InstrumentationBackend( 3928): Added:'HideSoftKeyboard', with key:'hide_soft_keyboard'
12-14 01:56:10.596 I/InstrumentationBackend( 3928): Added:'ListActions', with key:'list_actions'
12-14 01:56:10.596 I/calabash( 3928): Instantiating http server at 7102
12-14 01:56:10.597 I/System.out( 3928): HTTP Daemon listening on: 7102
12-14 01:56:10.684 I/zygote  ( 1940): Deoptimizing void tma.c(java.lang.Runnable) due to JIT inline cache
12-14 01:56:10.697 I/System.out( 3928): URI: //ping
12-14 01:56:10.698 I/System.out( 3928): params: {json={}
12-14 01:56:10.698 I/System.out( 3928): }
12-14 01:56:10.706 I/System.out( 3928): URI: //ping
12-14 01:56:10.706 I/System.out( 3928): params: {json={}
12-14 01:56:10.706 I/System.out( 3928): }
12-14 01:56:10.712 I/System.out( 3928): URI: //ready
12-14 01:56:10.712 I/System.out( 3928): params: {json={}
12-14 01:56:10.712 I/System.out( 3928): }
12-14 01:56:10.717 I/System.out( 3928): URI: //
12-14 01:56:10.717 I/System.out( 3928): params: {json={"command":"version","arguments":[]}
12-14 01:56:10.718 I/System.out( 3928): }
12-14 01:56:10.718 I/System.out( 3928): header: {content-type=application/json;charset=utf-8, date=Mon, 14 Dec 2020 06:56:10 GMT, accept=*/*, host=127.0.0.1:34777, content-length=36, user-agent=HTTPClient/1.0 (2.8.3, ruby 2.5.8 (2020-03-31))}
12-14 01:56:10.718 I/System.out( 3928): params: {json={"command":"version","arguments":[]}
12-14 01:56:10.718 I/System.out( 3928): }
12-14 01:56:10.718 I/System.out( 3928): ProP json = {"command":"version","arguments":[]}
12-14 01:56:10.718 I/System.out( 3928): files: {}
12-14 01:56:10.718 I/System.out( 3928): command: {"command":"version","arguments":[]}
12-14 01:56:10.745 I/InstrumentationBackend( 3928): Got command:'Command:'Line:null,version', arguments:'[]'
12-14 01:56:10.783 I/System.out( 3928): result:{"bonusInformation":[],"message":"0.9.8","success":true}
12-14 01:56:10.790 I/System.out( 3928): URI: //start-application
12-14 01:56:10.790 I/System.out( 3928): params: {json={"intent":null}
12-14 01:56:10.790 I/System.out( 3928): }
12-14 01:56:10.826 I/ActivityManager( 1629): START u0 {act=android.intent.action.MAIN cat=[android.intent.category.LAUNCHER] flg=0x10200000 cmp=com.evancharlton.mileage/.Mileage} from uid 10316
12-14 01:56:10.839 D/ConnectivityService( 1629): handleLingerComplete for NetworkAgentInfo [MOBILE (LTE) - 100]
12-14 01:56:10.845 I/calabash( 3928): newActivity1
12-14 01:56:10.853 D/gralloc_ranchu( 1395): gralloc_alloc: Creating ashmem region of size 7753728
12-14 01:56:10.857 I/zygote  ( 1940): Deoptimizing bsbk brqx.C() due to JIT inline cache
12-14 01:56:10.857 I/zygote  ( 1940): Deoptimizing bsbk brqx.D(int) due to JIT inline cache
12-14 01:56:10.874 I/InputReader( 1629): Reconfiguring input devices.  changes=0x00000010
12-14 01:56:10.906 W/ResourceType( 1629): ResTable_typeSpec entry count inconsistent: given 67, previously 69
12-14 01:56:10.907 W/ResourceType( 1629): ResTable_typeSpec entry count inconsistent: given 5411, previously 5412
12-14 01:56:10.915 I/Telecom ( 1629): DefaultDialerCache: Refreshing default dialer for user 0: now com.google.android.dialer: DDC.oR@AE0
12-14 01:56:10.916 I/zygote  ( 1629): IncrementDisableThreadFlip blocked for 26.455ms
12-14 01:56:10.916 I/zygote  ( 1629): IncrementDisableThreadFlip blocked for 15.247ms
12-14 01:56:10.916 I/zygote  ( 1629): IncrementDisableThreadFlip blocked for 14.447ms
12-14 01:56:10.922 D/EGL_emulation( 2192): eglMakeCurrent: 0xa4c47c80: ver 3 0 (tinfo 0xa4dff3b0)
12-14 01:56:10.926 D/EGL_emulation( 2147): eglMakeCurrent: 0xa7685420: ver 3 0 (tinfo 0xa7683420)
12-14 01:56:10.940 W/ResourceType( 1629): ResTable_typeSpec entry count inconsistent: given 67, previously 69
12-14 01:56:10.942 W/ResourceType( 1629): ResTable_typeSpec entry count inconsistent: given 5411, previously 5412
12-14 01:56:10.963 V/StatusBar( 1726): setLightsOn(true)
12-14 01:56:10.975 W/asset   ( 1726): Asset path /data/app/com.evancharlton.mileage-Kt6iD-FblqZJX0ehbGZRtw==/base.apk is neither a directory nor file (type=1).
12-14 01:56:10.975 E/ResourcesManager( 1726): failed to add asset path /data/app/com.evancharlton.mileage-Kt6iD-FblqZJX0ehbGZRtw==/base.apk
12-14 01:56:10.975 W/PackageManager( 1726): Failure retrieving resources for com.evancharlton.mileage
12-14 01:56:10.975 W/asset   ( 1726): Asset path /data/app/com.evancharlton.mileage-Kt6iD-FblqZJX0ehbGZRtw==/base.apk is neither a directory nor file (type=1).
12-14 01:56:10.975 E/ResourcesManager( 1726): failed to add asset path /data/app/com.evancharlton.mileage-Kt6iD-FblqZJX0ehbGZRtw==/base.apk
12-14 01:56:10.975 W/PackageManager( 1726): Failure retrieving resources for com.evancharlton.mileage
12-14 01:56:10.975 W/asset   ( 1726): Asset path /data/app/com.evancharlton.mileage-Kt6iD-FblqZJX0ehbGZRtw==/base.apk is neither a directory nor file (type=1).
12-14 01:56:10.975 E/ResourcesManager( 1726): failed to add asset path /data/app/com.evancharlton.mileage-Kt6iD-FblqZJX0ehbGZRtw==/base.apk
12-14 01:56:10.975 W/PackageManager( 1726): Failure retrieving resources for com.evancharlton.mileage
12-14 01:56:10.977 D/EGL_emulation( 1726): eglMakeCurrent: 0x93806280: ver 3 0 (tinfo 0xa2e0dc60)
12-14 01:56:10.980 V/StatusBar( 1726): setLightsOn(true)
12-14 01:56:10.983 W/ActivityManager( 1629): Bad activity token: android.os.BinderProxy@48b8fe9
12-14 01:56:10.983 W/ActivityManager( 1629): java.lang.ClassCastException: android.os.BinderProxy cannot be cast to com.android.server.am.ActivityRecord$Token
12-14 01:56:10.983 W/ActivityManager( 1629): 	at com.android.server.am.ActivityRecord.forTokenLocked(ActivityRecord.java:778)
12-14 01:56:10.983 W/ActivityManager( 1629): 	at com.android.server.am.ActivityRecord.isInStackLocked(ActivityRecord.java:2085)
12-14 01:56:10.983 W/ActivityManager( 1629): 	at com.android.server.am.ActivityRecord.getStackLocked(ActivityRecord.java:2090)
12-14 01:56:10.983 W/ActivityManager( 1629): 	at com.android.server.am.ActivityManagerService.getActivityDisplayId(ActivityManagerService.java:10406)
12-14 01:56:10.983 W/ActivityManager( 1629): 	at android.app.IActivityManager$Stub.onTransact(IActivityManager.java:2738)
12-14 01:56:10.983 W/ActivityManager( 1629): 	at com.android.server.am.ActivityManagerService.onTransact(ActivityManagerService.java:2935)
12-14 01:56:10.983 W/ActivityManager( 1629): 	at android.os.Binder.execTransact(Binder.java:674)
12-14 01:56:10.986 D/EGL_emulation( 1726): eglMakeCurrent: 0x93806280: ver 3 0 (tinfo 0xa2e0dc60)
12-14 01:56:10.992 I/calabash( 3928): newActivity1
12-14 01:56:11.000 W/ActivityManager( 1629): Bad activity token: android.os.BinderProxy@48b8fe9
12-14 01:56:11.000 W/ActivityManager( 1629): java.lang.ClassCastException: android.os.BinderProxy cannot be cast to com.android.server.am.ActivityRecord$Token
12-14 01:56:11.000 W/ActivityManager( 1629): 	at com.android.server.am.ActivityRecord.forTokenLocked(ActivityRecord.java:778)
12-14 01:56:11.000 W/ActivityManager( 1629): 	at com.android.server.am.ActivityRecord.isInStackLocked(ActivityRecord.java:2085)
12-14 01:56:11.000 W/ActivityManager( 1629): 	at com.android.server.am.ActivityManagerService.setTaskDescription(ActivityManagerService.java:9988)
12-14 01:56:11.000 W/ActivityManager( 1629): 	at android.app.IActivityManager$Stub.onTransact(IActivityManager.java:2824)
12-14 01:56:11.000 W/ActivityManager( 1629): 	at com.android.server.am.ActivityManagerService.onTransact(ActivityManagerService.java:2935)
12-14 01:56:11.000 W/ActivityManager( 1629): 	at android.os.Binder.execTransact(Binder.java:674)
12-14 01:56:11.000 W/ActivityManager( 1629): Bad activity token: android.os.BinderProxy@48b8fe9
12-14 01:56:11.000 W/ActivityManager( 1629): java.lang.ClassCastException: android.os.BinderProxy cannot be cast to com.android.server.am.ActivityRecord$Token
12-14 01:56:11.000 W/ActivityManager( 1629): 	at com.android.server.am.ActivityRecord.forTokenLocked(ActivityRecord.java:778)
12-14 01:56:11.000 W/ActivityManager( 1629): 	at com.android.server.am.ActivityRecord.isInStackLocked(ActivityRecord.java:2085)
12-14 01:56:11.000 W/ActivityManager( 1629): 	at com.android.server.am.ActivityRecord.getStackLocked(ActivityRecord.java:2090)
12-14 01:56:11.000 W/ActivityManager( 1629): 	at com.android.server.am.ActivityManagerService.getActivityStackId(ActivityManagerService.java:10417)
12-14 01:56:11.000 W/ActivityManager( 1629): 	at android.app.IActivityManager$Stub.onTransact(IActivityManager.java:3548)
12-14 01:56:11.000 W/ActivityManager( 1629): 	at com.android.server.am.ActivityManagerService.onTransact(ActivityManagerService.java:2935)
12-14 01:56:11.000 W/ActivityManager( 1629): 	at android.os.Binder.execTransact(Binder.java:674)
12-14 01:56:11.004 E/ContentStoreEUAS( 2192): Failed to commit the deferred actions
12-14 01:56:11.007 D/EGL_emulation( 1726): eglMakeCurrent: 0x93806280: ver 3 0 (tinfo 0xa2e0dc60)
12-14 01:56:11.012 I/Fitness ( 1940): OnPackageChangedOperation got intent: Intent { act=android.intent.action.PACKAGE_CHANGED dat=package:com.google.android.gms flg=0x45000010 pkg=com.google.android.gms cmp=com.google.android.gms/.chimera.PersistentIntentOperationService (has extras) } [CONTEXT service_id=17 ]
12-14 01:56:11.017 D/EGL_emulation( 1726): eglMakeCurrent: 0x93806280: ver 3 0 (tinfo 0xa2e0dc60)
12-14 01:56:11.041 W/PeopleGalProvider( 2240): Not enabled to outside of GmsCore.
12-14 01:56:11.041 I/PeopleGalProvider( 2240): Method 0 completed.
12-14 01:56:11.043 I/ContactDirectoryManager( 2404): Directory provider com.google.android.gms(com.google.android.gms.people.gal.provider) returned a NULL cursor.
12-14 01:56:11.047 D/EGL_emulation( 1726): eglMakeCurrent: 0x93806280: ver 3 0 (tinfo 0xa2e0dc60)
12-14 01:56:11.073 I/chatty  ( 1726): uid=10028(u0_a28) RenderThread identical 3 lines
12-14 01:56:11.081 D/EGL_emulation( 1726): eglMakeCurrent: 0x93806280: ver 3 0 (tinfo 0xa2e0dc60)
12-14 01:56:11.093 I/Fitness ( 1940): FitCleanupIntentOperation received Intent android.intent.action.PACKAGE_CHANGED [CONTEXT service_id=17 ]
12-14 01:56:11.098 D/EGL_emulation( 1726): eglMakeCurrent: 0x93806280: ver 3 0 (tinfo 0xa2e0dc60)
12-14 01:56:11.104 D/EGL_emulation( 1726): eglMakeCurrent: 0x93806280: ver 3 0 (tinfo 0xa2e0dc60)
12-14 01:56:11.122 D/FillupsProvider( 3928): Creating database
12-14 01:56:11.123 D/EGL_emulation( 1726): eglMakeCurrent: 0x93806280: ver 3 0 (tinfo 0xa2e0dc60)
12-14 01:56:11.129 D/EGL_emulation( 1726): eglMakeCurrent: 0x93806280: ver 3 0 (tinfo 0xa2e0dc60)
12-14 01:56:11.143 D/CarrierSvcBindHelper( 1822): No carrier app for: 0
12-14 01:56:11.147 D/ImsResolver( 1822): maybeAddedImsService, packageName: com.google.android.gms
12-14 01:56:11.148 D/EGL_emulation( 1726): eglMakeCurrent: 0x93806280: ver 3 0 (tinfo 0xa2e0dc60)
12-14 01:56:11.157 D/EGL_emulation( 1726): eglMakeCurrent: 0x93806280: ver 3 0 (tinfo 0xa2e0dc60)
12-14 01:56:11.161 D/BoundBrokerSvc( 1940): onUnbind: Intent { act=com.google.android.gms.clearcut.bootcount.service.START cmp=com.google.android.gms/.chimera.PersistentBoundBrokerService }
12-14 01:56:11.171 D/EGL_emulation( 1726): eglMakeCurrent: 0x93806280: ver 3 0 (tinfo 0xa2e0dc60)
12-14 01:56:11.180 I/chatty  ( 1726): uid=10028(u0_a28) RenderThread identical 1 line
12-14 01:56:11.191 D/EGL_emulation( 1726): eglMakeCurrent: 0x93806280: ver 3 0 (tinfo 0xa2e0dc60)
12-14 01:56:11.232 I/zygote  ( 3928): Do partial code cache collection, code=29KB, data=21KB
12-14 01:56:11.233 I/zygote  ( 3928): After code cache collection, code=29KB, data=21KB
12-14 01:56:11.233 I/zygote  ( 3928): Increasing code cache capacity to 128KB
12-14 01:56:11.254 I/Icing   ( 2240): updateResources: need to parse adiq{com.google.android.gms}
12-14 01:56:11.296 I/zygote  ( 1629): Background concurrent copying GC freed 35522(1886KB) AllocSpace objects, 6(120KB) LOS objects, 35% free, 10MB/16MB, paused 10.957ms total 414.432ms
12-14 01:56:11.328 W/ActivityManager( 1629): Bad activity token: android.os.BinderProxy@48b8fe9
12-14 01:56:11.328 W/ActivityManager( 1629): java.lang.ClassCastException: android.os.BinderProxy cannot be cast to com.android.server.am.ActivityRecord$Token
12-14 01:56:11.328 W/ActivityManager( 1629): 	at com.android.server.am.ActivityRecord.forTokenLocked(ActivityRecord.java:778)
12-14 01:56:11.328 W/ActivityManager( 1629): 	at com.android.server.am.ActivityRecord.isInStackLocked(ActivityRecord.java:2085)
12-14 01:56:11.328 W/ActivityManager( 1629): 	at com.android.server.am.ActivityManagerService.getActivityOptions(ActivityManagerService.java:13302)
12-14 01:56:11.328 W/ActivityManager( 1629): 	at android.app.IActivityManager$Stub.onTransact(IActivityManager.java:2910)
12-14 01:56:11.328 W/ActivityManager( 1629): 	at com.android.server.am.ActivityManagerService.onTransact(ActivityManagerService.java:2935)
12-14 01:56:11.328 W/ActivityManager( 1629): 	at android.os.Binder.execTransact(Binder.java:674)
12-14 01:56:11.328 W/ActivityManager( 1629): Bad activity token: android.os.BinderProxy@48b8fe9
12-14 01:56:11.328 W/ActivityManager( 1629): java.lang.ClassCastException: android.os.BinderProxy cannot be cast to com.android.server.am.ActivityRecord$Token
12-14 01:56:11.328 W/ActivityManager( 1629): 	at com.android.server.am.ActivityRecord.forTokenLocked(ActivityRecord.java:778)
