--------- beginning of main
12-14 01:56:22.505 V/StatusBar( 1726): setLightsOn(true)
12-14 01:56:22.647 I/chatty  ( 1726): uid=10028(u0_a28) com.android.systemui identical 3 lines
12-14 01:56:22.660 V/StatusBar( 1726): setLightsOn(true)
12-14 01:56:22.668 W/SurfaceFlinger( 1405): couldn't log to binary event log: overflow.
12-14 01:56:22.688 I/System.out( 4096): URI: //kill
12-14 01:56:22.688 I/System.out( 4096): params: {json={}
12-14 01:56:22.689 I/System.out( 4096): }
12-14 01:56:22.689 I/System.out( 4096): Stopping test server
12-14 01:56:22.694 E/adbd    ( 1383): failed to connect to socket 'tcp:7102': Connection refused
12-14 01:56:22.697 E/adbd    ( 1383): failed to connect to socket 'tcp:7102': Connection refused
12-14 01:56:22.699 V/StatusBar( 1726): setLightsOn(true)
12-14 01:56:22.712 I/chatty  ( 1726): uid=10028(u0_a28) com.android.systemui identical 2 lines
12-14 01:56:22.743 V/StatusBar( 1726): setLightsOn(true)
12-14 01:56:22.746 D/gralloc_ranchu( 1395): gralloc_alloc: Creating ashmem region of size 8298496
12-14 01:56:22.749 V/StatusBar( 1726): setLightsOn(true)
12-14 01:56:22.774 D/gralloc_ranchu( 1395): gralloc_alloc: Creating ashmem region of size 8298496
12-14 01:56:22.786 D/gralloc_ranchu( 1395): gralloc_alloc: Creating ashmem region of size 8298496
12-14 01:56:22.787 D/SurfaceFlinger( 1405): duplicate layer name: changing com.google.android.apps.nexuslauncher/com.google.android.apps.nexuslauncher.NexusLauncherActivity to com.google.android.apps.nexuslauncher/com.google.android.apps.nexuslauncher.NexusLauncherActivity#1
12-14 01:56:22.861 D/gralloc_ranchu( 1395): gralloc_alloc: Creating ashmem region of size 8298496
12-14 01:56:22.861 D/EGL_emulation( 1726): eglMakeCurrent: 0x93806280: ver 3 0 (tinfo 0xa2e0dc60)
12-14 01:56:22.866 W/audio_hw_generic( 1389): Not supplying enough data to HAL, expected position 550403 , only wrote 354960
12-14 01:56:22.933 D/gralloc_ranchu( 1395): gralloc_alloc: Creating ashmem region of size 8298496
12-14 01:56:23.000 D/gralloc_ranchu( 1395): gralloc_alloc: Creating ashmem region of size 8298496
12-14 01:56:23.024 D/EGL_emulation( 2192): eglMakeCurrent: 0xa4c47c80: ver 3 0 (tinfo 0xa4dff3b0)
12-14 01:56:23.048 I/MicroDetectionWorker( 2192): #updateMicroDetector [detectionMode: [mDetectionMode: [1]]]
12-14 01:56:23.048 I/MicroDetectionWorker( 2192): #startMicroDetector [speakerMode: 0]
12-14 01:56:23.063 I/AudioController( 2192): Using mInputStreamFactoryBuilder
12-14 01:56:23.080 I/MicroRecognitionRunner( 2192): Starting detection.
12-14 01:56:23.081 I/MicrophoneInputStream( 2192): mic_starting com.google.android.apps.gsa.staticplugins.aa.c@6a1d7f5
12-14 01:56:23.081 I/MicroDetectionWorker( 2192): onReady
12-14 01:56:23.083 I/AudioFlinger( 1475): AudioFlinger's thread 0xad003f80 tid=4146 ready to run
12-14 01:56:23.086 D/EGL_emulation( 2147): eglMakeCurrent: 0xa7685420: ver 3 0 (tinfo 0xa7683420)
12-14 01:56:23.097 I/MicrophoneInputStream( 2192): mic_started com.google.android.apps.gsa.staticplugins.aa.c@6a1d7f5
12-14 01:56:23.101 I/MicroDetectionWorker( 2192): onReady
12-14 01:56:23.108 I/MicrophoneInputStream( 2192): mic_close com.google.android.apps.gsa.staticplugins.aa.c@6a1d7f5
12-14 01:56:23.108 I/MicroRecognitionRunner( 2192): Detection finished
12-14 01:56:23.109 W/ErrorReporter( 2192): reportError [type: 211, code: 524300]: Error reading from input stream
12-14 01:56:23.111 W/ErrorProcessor( 2192): onFatalError, processing error from engine(4)
12-14 01:56:23.111 W/ErrorProcessor( 2192): com.google.android.apps.gsa.shared.speech.b.g: Error reading from input stream
12-14 01:56:23.111 W/ErrorProcessor( 2192): 	at com.google.android.apps.gsa.staticplugins.recognizer.j.a.a(SourceFile:28)
12-14 01:56:23.111 W/ErrorProcessor( 2192): 	at com.google.android.apps.gsa.staticplugins.recognizer.j.b.run(SourceFile:15)
12-14 01:56:23.111 W/ErrorProcessor( 2192): 	at java.util.concurrent.Executors$RunnableAdapter.call(Executors.java:457)
12-14 01:56:23.111 W/ErrorProcessor( 2192): 	at java.util.concurrent.FutureTask.run(FutureTask.java:266)
12-14 01:56:23.111 W/ErrorProcessor( 2192): 	at com.google.android.apps.gsa.shared.util.concurrent.a.ax.run(SourceFile:14)
12-14 01:56:23.111 W/ErrorProcessor( 2192): 	at com.google.android.apps.gsa.shared.util.concurrent.a.bl.run(SourceFile:4)
12-14 01:56:23.111 W/ErrorProcessor( 2192): 	at com.google.android.apps.gsa.shared.util.concurrent.a.bl.run(SourceFile:4)
12-14 01:56:23.111 W/ErrorProcessor( 2192): 	at java.util.concurrent.ThreadPoolExecutor.runWorker(ThreadPoolExecutor.java:1162)
12-14 01:56:23.111 W/ErrorProcessor( 2192): 	at java.util.concurrent.ThreadPoolExecutor$Worker.run(ThreadPoolExecutor.java:636)
12-14 01:56:23.111 W/ErrorProcessor( 2192): 	at java.lang.Thread.run(Thread.java:764)
12-14 01:56:23.111 W/ErrorProcessor( 2192): 	at com.google.android.apps.gsa.shared.util.concurrent.a.ai.run(SourceFile:6)
12-14 01:56:23.111 W/ErrorProcessor( 2192): Caused by: com.google.android.apps.gsa.shared.exception.GsaIOException: Error code: 393238 | Buffer overflow, no available space.
12-14 01:56:23.111 W/ErrorProcessor( 2192): 	at com.google.android.apps.gsa.speech.audio.Tee.f(SourceFile:103)
12-14 01:56:23.111 W/ErrorProcessor( 2192): 	at com.google.android.apps.gsa.speech.audio.au.read(SourceFile:2)
12-14 01:56:23.111 W/ErrorProcessor( 2192): 	at java.io.InputStream.read(InputStream.java:101)
12-14 01:56:23.111 W/ErrorProcessor( 2192): 	at com.google.android.apps.gsa.speech.audio.ao.run(SourceFile:18)
12-14 01:56:23.111 W/ErrorProcessor( 2192): 	at com.google.android.apps.gsa.speech.audio.an.run(SourceFile:2)
12-14 01:56:23.111 W/ErrorProcessor( 2192): 	... 9 more
12-14 01:56:23.111 I/AudioController( 2192): internalShutdown
12-14 01:56:23.111 I/MicroRecognitionRunner( 2192): Stopping hotword detection.
12-14 01:56:23.113 I/MicroDetector( 2192): Keeping mic open: false
12-14 01:56:23.113 I/MicroDetectionWorker( 2192): #onError(false)
12-14 01:56:23.113 I/DeviceStateChecker( 2192): DeviceStateChecker cancelled
12-14 01:56:23.124 D/gralloc_ranchu( 1395): gralloc_alloc: Creating ashmem region of size 7753728
12-14 01:56:23.146 D/        ( 1726): HostConnection::get() New Host Connection established 0xa76a0180, tid 1985
12-14 01:56:23.154 D/EGL_emulation( 1726): eglMakeCurrent: 0x93806280: ver 3 0 (tinfo 0xa2e0dc60)
12-14 01:56:23.346 I/chatty  ( 1726): uid=10028(u0_a28) RenderThread identical 18 lines
12-14 01:56:23.362 D/EGL_emulation( 1726): eglMakeCurrent: 0x93806280: ver 3 0 (tinfo 0xa2e0dc60)
12-14 01:56:23.396 D/BoundBrokerSvc( 1940): onUnbind: Intent { act=com.google.android.gms.tapandpay.service.BIND cmp=com.google.android.gms/.chimera.PersistentApiService }
12-14 01:56:23.401 D/EGL_emulation( 1726): eglMakeCurrent: 0x93806280: ver 3 0 (tinfo 0xa2e0dc60)
12-14 01:56:23.553 W/OpenGLRenderer( 2147): Incorrectly called buildLayer on View: ShortcutAndWidgetContainer, destroying layer...
12-14 01:56:23.679 I/OpenGLRenderer( 1629): Initialized EGL, version 1.4
12-14 01:56:23.679 D/OpenGLRenderer( 1629): Swap behavior 1
12-14 01:56:23.680 W/OpenGLRenderer( 1629): Failed to choose config with EGL_SWAP_BEHAVIOR_PRESERVED, retrying without...
12-14 01:56:23.680 D/OpenGLRenderer( 1629): Swap behavior 0
12-14 01:56:23.689 D/EGL_emulation( 1629): eglCreateContext: 0x90ac9b20: maj 3 min 0 rcv 3
12-14 01:56:23.692 D/EGL_emulation( 1629): eglMakeCurrent: 0x90ac9b20: ver 3 0 (tinfo 0x9301fd10)
12-14 01:56:23.695 E/eglCodecCommon( 1629): glUtilsParamSize: unknow param 0x00008cdf
12-14 01:56:23.695 E/eglCodecCommon( 1629): glUtilsParamSize: unknow param 0x00008cdf
12-14 01:56:23.696 E/eglCodecCommon( 1629): glUtilsParamSize: unknow param 0x00008824
12-14 01:56:23.696 E/eglCodecCommon( 1629): glUtilsParamSize: unknow param 0x00008824
12-14 01:56:23.747 D/BoundBrokerSvc( 2240): onUnbind: Intent { act=com.google.android.gms.pay.service.BIND cmp=com.google.android.gms/.chimera.GmsApiService }
12-14 01:56:24.737 I/Finsky  ( 2563): [2] abyu.onStartJob(3): SCH: onJobSchedulerWakeup with jobId 9001
12-14 01:56:24.741 I/Finsky  ( 2563): [2] abtz.a(9): SCH: Scheduling fallback job with id: 9034, and delay: 43200000 ms
12-14 01:56:24.746 I/Finsky  ( 2563): [2] abtz.b(9): SCH: Scheduling fallback in 64799997 (absolute: 64866987)
12-14 01:56:24.750 I/Finsky  ( 2563): [2] abyu.onStartJob(3): SCH: onJobSchedulerWakeup with jobId 9003
12-14 01:56:24.751 I/Finsky  ( 2563): [2] abtz.a(9): SCH: Scheduling fallback job with id: 9034, and delay: 43200000 ms
12-14 01:56:24.754 I/Finsky  ( 2563): [2] abtz.b(9): SCH: Scheduling fallback in 64799999 (absolute: 64866996)
12-14 01:56:24.756 W/Finsky  ( 2563): [2] abyu.onStartJob(10): SCH: onJobSchedulerWakeup while already running
12-14 01:56:24.782 I/Finsky  ( 2563): [2] abui.handleMessage(8): SCH: DeviceState: DeviceState{currentTime=1607928984780, isCharging=false, isIdle=false, netAny=true, netNotRoaming=true, netUnmetered=true, batteryPercent=100.0}
12-14 01:56:24.785 I/Finsky  ( 2563): [125] abwt.b(5): SCH: Jobs in database: 1-1337 2-48879 3-116 12-1 26-1414141414 29-29 
12-14 01:56:24.795 I/Finsky  ( 2563): [2] abuj.b(10): SCH: Running job: 12-1
12-14 01:56:24.796 I/Finsky  ( 2563): [2] ContentSyncJob.r(1): [ContentSync] job started
12-14 01:56:24.797 I/Finsky  ( 2563): [2] abuj.b(10): SCH: Running job: 29-29
12-14 01:56:24.812 I/Finsky  ( 2563): [2] abui.handleMessage(59): SCH: RunningQueue size: 2, PendingQueue size: 0
12-14 01:56:24.812 I/Finsky  ( 2563): [2] abuj.p(3): SCH: Running queue: 12-1 29-29 
12-14 01:56:24.815 I/Finsky  ( 2563): [190] ajmy.a(0): ProcessRecoveryLogsUtil: No files in recovery directory
12-14 01:56:24.816 I/Finsky  ( 2563): [190] abvs.n(4): SCH: jobFinished: 29-29. TimeElapsed: 18ms.
12-14 01:56:24.824 I/Finsky  ( 2563): [2] abuj.e(4): SCH: Job 29-29 finished. Not rescheduling.
12-14 01:56:24.825 I/Finsky  ( 2563): [2] abui.handleMessage(59): SCH: RunningQueue size: 1, PendingQueue size: 0
12-14 01:56:24.826 I/Finsky  ( 2563): [2] abuj.p(3): SCH: Running queue: 12-1 
12-14 01:56:24.882 W/NetworkScheduler.TED( 1940): Enforcing binder timeout for ComponentInfo{com.google.android.videos/com.google.android.videos.service.drm.RefreshLicenseTaskService}
12-14 01:56:24.882 E/NetworkScheduler.TED( 1940): Dropping task as app's play services SDK version does not support Android O. Either update the SDK or lower your app's target SDK version. Canceling all tasks for the service: ComponentInfo{com.google.android.videos/com.google.android.videos.service.drm.RefreshLicenseTaskService}
12-14 01:56:24.897 I/zygote  ( 2563): Deoptimizing j$.util.stream.Sink j$.util.stream.AbstractPipeline.wrapAndCopyInto(j$.util.stream.Sink, j$.util.Spliterator) due to JIT inline cache
12-14 01:56:24.929 I/zygote  ( 2563): Deoptimizing void j$.util.stream.AbstractPipeline.copyInto(j$.util.stream.Sink, j$.util.Spliterator) due to JIT inline cache
12-14 01:56:24.965 I/Finsky  ( 2563): [178] glv.b(1): Completed 0 account content syncs with 0 successful.
12-14 01:56:24.966 I/Finsky  ( 2563): [2] ContentSyncJob.a(1): [ContentSync] Installation state replication succeeded.
12-14 01:56:24.966 I/Finsky  ( 2563): [2] abvs.n(4): SCH: jobFinished: 12-1. TimeElapsed: 171ms.
12-14 01:56:24.967 I/Finsky  ( 2563): [2] abuj.e(4): SCH: Job 12-1 finished. Not rescheduling.
12-14 01:56:24.967 I/Finsky  ( 2563): [2] abui.handleMessage(59): SCH: RunningQueue size: 0, PendingQueue size: 0
12-14 01:56:24.968 I/Finsky  ( 2563): [2] abui.handleMessage(26): SCH: Executor finished
12-14 01:56:24.979 I/Finsky  ( 2563): [2] abwt.b(5): SCH: Jobs in database: 1-1337 2-48879 3-116 26-1414141414 
12-14 01:56:24.981 I/Finsky  ( 2563): [2] abvf.d(37): SCH: ConstraintMapping: 1-1337,  -> L: 4581982ms, D: 47781982ms, C: false, I: false, N: 1
12-14 01:56:24.981 I/Finsky  ( 2563): [2] abvf.d(37): SCH: ConstraintMapping: 2-48879, 3-116,  -> L: 0ms, D: 67451116ms, C: true, I: true, N: 2
12-14 01:56:24.981 I/Finsky  ( 2563): [2] abvf.d(37): SCH: ConstraintMapping: 26-1414141414,  -> L: 25572070ms, D: 26472070ms, C: false, I: false, N: 0
12-14 01:56:24.983 I/Finsky  ( 2563): [2] abvf.f(7): SCH: Cancelling existing jobscheduler jobs: 9002 
12-14 01:56:24.983 I/Finsky  ( 2563): [2] abvf.e(23): SCH: Scheduling job Id: 9000, L: 4581982, D: 47781982, C: false, I: false, N: 1
12-14 01:56:24.984 I/Finsky  ( 2563): [2] abvf.e(8): SCH: Throttling wakeup for job 9003 (expected to run in 0 ms) due to recent wakeup
12-14 01:56:24.984 I/Finsky  ( 2563): [2] abvf.e(23): SCH: Scheduling job Id: 9003, L: 30000, D: 67451116, C: true, I: true, N: 2
12-14 01:56:24.984 I/Finsky  ( 2563): [2] abvf.e(23): SCH: Scheduling job Id: 9004, L: 25572070, D: 26472070, C: false, I: false, N: 0
12-14 01:56:24.997 D/BoundBrokerSvc( 1940): onUnbind: Intent { act=com.google.android.gms.phenotype.service.START cmp=com.google.android.gms/.chimera.PersistentApiService }
12-14 01:56:25.359 E/memtrack( 1629): Couldn't load memtrack module
12-14 01:56:25.359 W/android.os.Debug( 1629): failed to get memory consumption info: -1
12-14 01:56:26.148 E/memtrack( 1629): Couldn't load memtrack module
12-14 01:56:26.148 W/android.os.Debug( 1629): failed to get memory consumption info: -1
12-14 01:56:26.159 E/memtrack( 1629): Couldn't load memtrack module
12-14 01:56:26.159 W/android.os.Debug( 1629): failed to get memory consumption info: -1
12-14 01:56:26.755 E/memtrack( 1629): Couldn't load memtrack module
12-14 01:56:26.755 W/android.os.Debug( 1629): failed to get memory consumption info: -1
12-14 01:56:27.016 D/AndroidRuntime( 4153): >>>>>> START com.android.internal.os.RuntimeInit uid 2000 <<<<<<
12-14 01:56:27.070 W/app_process( 4153): Unexpected CPU variant for X86 using defaults: x86
12-14 01:56:27.096 D/AndroidRuntime( 4153): Calling main entry com.android.commands.am.Am
--------- beginning of system
12-14 01:56:26.433 E/TaskPersister( 1629): File error accessing recents directory (directory doesn't exist?).
12-14 01:56:27.098 I/ActivityManager( 1629): Force stopping com.evancharlton.mileage appid=10316 user=0: start instr
12-14 01:56:27.099 I/ActivityManager( 1629): Killing 4096:com.evancharlton.mileage/u0a316 (adj 0): stop com.evancharlton.mileage
12-14 01:56:27.102 W/ActivityManager( 1629): Crash of app com.evancharlton.mileage running instrumentation ComponentInfo{com.evancharlton.mileage.test/sh.calaba.instrumentationbackend.CalabashInstrumentationTestRunner}
12-14 01:56:27.102 I/ActivityManager( 1629): Force stopping com.evancharlton.mileage appid=10316 user=0: finished inst
12-14 01:56:27.111 I/zygote  ( 4164): Not late-enabling -Xcheck:jni (already on)
12-14 01:56:27.115 D/hwcomposer( 1396): hw_composer sent 53 syncs in 67s
12-14 01:56:27.116 I/ActivityManager( 1629): Start proc 4164:com.evancharlton.mileage/u0a316 for added application com.evancharlton.mileage
12-14 01:56:27.116 D/AndroidRuntime( 4153): Shutting down VM
12-14 01:56:27.116 W/ActivityManager( 1629): setHasOverlayUi called on unknown pid: 4096
12-14 01:56:27.126 W/zygote  ( 4164): Unexpected CPU variant for X86 using defaults: x86
12-14 01:56:27.148 E/adbd    ( 1383): failed to connect to socket 'tcp:7102': Connection refused
12-14 01:56:27.154 W/zygote  ( 4164): Found duplicate classes, falling back to extracting from APK : /data/app/com.evancharlton.mileage.test-H4w97l7T2oEreNMmmmbcMg==/base.apk
12-14 01:56:27.154 W/zygote  ( 4164): NOTE: This wastes RAM and hurts startup performance.
12-14 01:56:27.154 W/zygote  ( 4164): Found duplicated class when checking oat files: 'Ljunit/runner/BaseTestRunner;' in /data/app/com.evancharlton.mileage.test-H4w97l7T2oEreNMmmmbcMg==/base.apk and /system/framework/android.test.runner.jar
12-14 01:56:27.154 W/zygote  ( 4164): 
12-14 01:56:27.155 E/adbd    ( 1383): failed to connect to socket 'tcp:7102': Connection refused
12-14 01:56:27.197 W/System  ( 4164): ClassLoader referenced unknown path: 
12-14 01:56:27.212 I/System.out( 4164): Main activity name automatically set to: com.evancharlton.mileage.Mileage
12-14 01:56:27.213 I/System.out( 4164): Calabash did not load Mono. This is only a problem if you are trying to test a Mono application
12-14 01:56:27.213 I/calabash( 4164): Test server port: 7102
12-14 01:56:27.216 I/InstrumentationBackend( 4164): Added:'GetPreferences', with key:'get_preferences'
12-14 01:56:27.270 E/adbd    ( 1383): failed to connect to socket 'tcp:7102': Connection refused
12-14 01:56:27.287 E/adbd    ( 1383): failed to connect to socket 'tcp:7102': Connection refused
12-14 01:56:27.309 I/BackgroundDexOptService( 1629): Pinning optimized code {}
12-14 01:56:27.316 I/InstrumentationBackend( 4164): Added:'SetPreferences', with key:'set_preferences'
12-14 01:56:27.317 I/InstrumentationBackend( 4164): Added:'ClearPreferences', with key:'clear_preferences'
12-14 01:56:27.317 I/InstrumentationBackend( 4164): Added:'PressElement', with key:'press_l10n_element'
12-14 01:56:27.317 I/InstrumentationBackend( 4164): Added:'WaitForElement', with key:'wait_for_l10n_element'
12-14 01:56:27.318 I/InstrumentationBackend( 4164): Added:'NullAction', with key:'nullAction'
12-14 01:56:27.318 I/InstrumentationBackend( 4164): Added:'PressKey', with key:'press_key'
12-14 01:56:27.319 I/InstrumentationBackend( 4164): Added:'SetActivityOrientation', with key:'set_activity_orientation'
12-14 01:56:27.319 I/InstrumentationBackend( 4164): Added:'GetActivityOrientation', with key:'get_activity_orientation'
12-14 01:56:27.319 I/InstrumentationBackend( 4164): Added:'FakeGPSLocation', with key:'set_gps_coordinates'
12-14 01:56:27.320 I/InstrumentationBackend( 4164): Added:'SetPropertyByCssSelector', with key:'set_property_by_css_selector'
12-14 01:56:27.321 I/InstrumentationBackend( 4164): Added:'GetUrl', with key:'get_url'
12-14 01:56:27.323 I/InstrumentationBackend( 4164): Added:'ScrollTo', with key:'scroll_to'
12-14 01:56:27.324 I/InstrumentationBackend( 4164): Added:'GetLoadProgress', with key:'get_load_progress'
12-14 01:56:27.324 I/InstrumentationBackend( 4164): Added:'DumpHtml', with key:'dump_html'
12-14 01:56:27.324 I/InstrumentationBackend( 4164): Added:'DumpBodyHtml', with key:'dump_body_html'
12-14 01:56:27.324 I/InstrumentationBackend( 4164): Added:'EnterTextByCssSelector', with key:'enter_text_by_selector'
12-14 01:56:27.328 I/InstrumentationBackend( 4164): Added:'AndroidSDKVersion', with key:'android_sdk_version'
12-14 01:56:27.329 I/InstrumentationBackend( 4164): Added:'Version', with key:'version'
12-14 01:56:27.329 I/InstrumentationBackend( 4164): Added:'Drag', with key:'drag'
12-14 01:56:27.329 I/InstrumentationBackend( 4164): Added:'TouchCoordinates', with key:'touch_coordinate'
12-14 01:56:27.329 I/InstrumentationBackend( 4164): Added:'LongPressCoordinate', with key:'long_press_coordinate'
12-14 01:56:27.329 I/InstrumentationBackend( 4164): Added:'DragCoordinates', with key:'drag_coordinates'
12-14 01:56:27.330 I/InstrumentationBackend( 4164): Added:'ResumeApplication', with key:'resume_application'
12-14 01:56:27.330 I/InstrumentationBackend( 4164): Added:'Swipe', with key:'swipe'
12-14 01:56:27.330 I/InstrumentationBackend( 4164): Added:'DoubleTapCoordinate', with key:'double_tap_coordinate'
12-14 01:56:27.331 I/InstrumentationBackend( 4164): Added:'ClickOnScreen', with key:'click_on_screen'
12-14 01:56:27.331 I/InstrumentationBackend( 4164): Added:'GetActivityName', with key:'get_activity_name'
12-14 01:56:27.332 I/InstrumentationBackend( 4164): Added:'ScrollToView', with key:'scroll_to_view'
12-14 01:56:27.332 I/InstrumentationBackend( 4164): Added:'ViewConfiguration', with key:'view_configuration'
12-14 01:56:27.332 I/InstrumentationBackend( 4164): Added:'IsCurrentActivityFocused', with key:'is_current_activity_focused'
12-14 01:56:27.333 I/InstrumentationBackend( 4164): Added:'SendTcp', with key:'send_tcp'
12-14 01:56:27.333 I/InstrumentationBackend( 4164): Added:'DpToDevicePixel', with key:'dp_to_device_pixel'
12-14 01:56:27.334 I/InstrumentationBackend( 4164): Added:'KeyboardEnterText', with key:'keyboard_enter_text'
12-14 01:56:27.335 I/InstrumentationBackend( 4164): Added:'DeleteSurroundingText', with key:'delete_surrounding_text'
12-14 01:56:27.335 I/InstrumentationBackend( 4164): Added:'SetComposingRegion', with key:'set_composing_region'
12-14 01:56:27.336 I/InstrumentationBackend( 4164): Added:'SetSelection', with key:'set_selection'
12-14 01:56:27.336 I/InstrumentationBackend( 4164): Added:'KeyboardKeyEvent', with key:'keyboard_key_event'
12-14 01:56:27.336 I/InstrumentationBackend( 4164): Added:'PressUserActionButton', with key:'press_user_action_button'
12-14 01:56:27.337 I/InstrumentationBackend( 4164): Added:'HideSoftKeyboard', with key:'hide_soft_keyboard'
12-14 01:56:27.338 I/InstrumentationBackend( 4164): Added:'ListActions', with key:'list_actions'
12-14 01:56:27.338 I/calabash( 4164): Instantiating http server at 7102
12-14 01:56:27.339 I/System.out( 4164): HTTP Daemon listening on: 7102
12-14 01:56:27.409 I/System.out( 4164): URI: //ping
12-14 01:56:27.410 I/System.out( 4164): params: {json={}
12-14 01:56:27.410 I/System.out( 4164): }
12-14 01:56:27.440 I/System.out( 4164): URI: //ping
12-14 01:56:27.440 I/System.out( 4164): params: {json={}
12-14 01:56:27.440 I/System.out( 4164): }
12-14 01:56:27.452 I/System.out( 4164): URI: //ready
12-14 01:56:27.452 I/System.out( 4164): params: {json={}
12-14 01:56:27.452 I/System.out( 4164): }
12-14 01:56:27.461 I/System.out( 4164): URI: //
12-14 01:56:27.461 I/System.out( 4164): params: {json={"command":"version","arguments":[]}
12-14 01:56:27.461 I/System.out( 4164): }
12-14 01:56:27.461 I/System.out( 4164): header: {content-type=application/json;charset=utf-8, date=Mon, 14 Dec 2020 06:56:27 GMT, accept=*/*, host=127.0.0.1:34777, content-length=36, user-agent=HTTPClient/1.0 (2.8.3, ruby 2.5.8 (2020-03-31))}
12-14 01:56:27.462 I/System.out( 4164): params: {json={"command":"version","arguments":[]}
12-14 01:56:27.462 I/System.out( 4164): }
12-14 01:56:27.462 I/System.out( 4164): ProP json = {"command":"version","arguments":[]}
12-14 01:56:27.462 I/System.out( 4164): files: {}
12-14 01:56:27.462 I/System.out( 4164): command: {"command":"version","arguments":[]}
12-14 01:56:27.492 I/InstrumentationBackend( 4164): Got command:'Command:'Line:null,version', arguments:'[]'
12-14 01:56:27.529 I/System.out( 4164): result:{"bonusInformation":[],"message":"0.9.8","success":true}
12-14 01:56:27.535 I/System.out( 4164): URI: //start-application
12-14 01:56:27.535 I/System.out( 4164): params: {json={"intent":null}
12-14 01:56:27.535 I/System.out( 4164): }
12-14 01:56:27.569 I/ActivityManager( 1629): START u0 {act=android.intent.action.MAIN cat=[android.intent.category.LAUNCHER] flg=0x10200000 cmp=com.evancharlton.mileage/.Mileage} from uid 10316
12-14 01:56:27.592 I/calabash( 4164): newActivity1
12-14 01:56:27.608 D/gralloc_ranchu( 1395): gralloc_alloc: Creating ashmem region of size 7753728
12-14 01:56:27.628 W/ActivityManager( 1629): Bad activity token: android.os.BinderProxy@c3568a0
12-14 01:56:27.628 W/ActivityManager( 1629): java.lang.ClassCastException: android.os.BinderProxy cannot be cast to com.android.server.am.ActivityRecord$Token
12-14 01:56:27.628 W/ActivityManager( 1629): 	at com.android.server.am.ActivityRecord.forTokenLocked(ActivityRecord.java:778)
12-14 01:56:27.628 W/ActivityManager( 1629): 	at com.android.server.am.ActivityRecord.isInStackLocked(ActivityRecord.java:2085)
12-14 01:56:27.628 W/ActivityManager( 1629): 	at com.android.server.am.ActivityRecord.getStackLocked(ActivityRecord.java:2090)
12-14 01:56:27.628 W/ActivityManager( 1629): 	at com.android.server.am.ActivityManagerService.getActivityDisplayId(ActivityManagerService.java:10406)
12-14 01:56:27.628 W/ActivityManager( 1629): 	at android.app.IActivityManager$Stub.onTransact(IActivityManager.java:2738)
12-14 01:56:27.628 W/ActivityManager( 1629): 	at com.android.server.am.ActivityManagerService.onTransact(ActivityManagerService.java:2935)
12-14 01:56:27.628 W/ActivityManager( 1629): 	at android.os.Binder.execTransact(Binder.java:674)
12-14 01:56:27.628 I/calabash( 4164): newActivity1
12-14 01:56:27.639 W/ActivityManager( 1629): Bad activity token: android.os.BinderProxy@c3568a0
12-14 01:56:27.639 W/ActivityManager( 1629): java.lang.ClassCastException: android.os.BinderProxy cannot be cast to com.android.server.am.ActivityRecord$Token
12-14 01:56:27.639 W/ActivityManager( 1629): 	at com.android.server.am.ActivityRecord.forTokenLocked(ActivityRecord.java:778)
12-14 01:56:27.639 W/ActivityManager( 1629): 	at com.android.server.am.ActivityRecord.isInStackLocked(ActivityRecord.java:2085)
12-14 01:56:27.639 W/ActivityManager( 1629): 	at com.android.server.am.ActivityManagerService.setTaskDescription(ActivityManagerService.java:9988)
12-14 01:56:27.639 W/ActivityManager( 1629): 	at android.app.IActivityManager$Stub.onTransact(IActivityManager.java:2824)
12-14 01:56:27.639 W/ActivityManager( 1629): 	at com.android.server.am.ActivityManagerService.onTransact(ActivityManagerService.java:2935)
12-14 01:56:27.639 W/ActivityManager( 1629): 	at android.os.Binder.execTransact(Binder.java:674)
12-14 01:56:27.641 W/ActivityManager( 1629): Bad activity token: android.os.BinderProxy@c3568a0
12-14 01:56:27.641 W/ActivityManager( 1629): java.lang.ClassCastException: android.os.BinderProxy cannot be cast to com.android.server.am.ActivityRecord$Token
12-14 01:56:27.641 W/ActivityManager( 1629): 	at com.android.server.am.ActivityRecord.forTokenLocked(ActivityRecord.java:778)
12-14 01:56:27.641 W/ActivityManager( 1629): 	at com.android.server.am.ActivityRecord.isInStackLocked(ActivityRecord.java:2085)
12-14 01:56:27.641 W/ActivityManager( 1629): 	at com.android.server.am.ActivityRecord.getStackLocked(ActivityRecord.java:2090)
12-14 01:56:27.641 W/ActivityManager( 1629): 	at com.android.server.am.ActivityManagerService.getActivityStackId(ActivityManagerService.java:10417)
12-14 01:56:27.641 W/ActivityManager( 1629): 	at android.app.IActivityManager$Stub.onTransact(IActivityManager.java:3548)
12-14 01:56:27.641 W/ActivityManager( 1629): 	at com.android.server.am.ActivityManagerService.onTransact(ActivityManagerService.java:2935)
12-14 01:56:27.641 W/ActivityManager( 1629): 	at android.os.Binder.execTransact(Binder.java:674)
12-14 01:56:27.651 D/EGL_emulation( 2192): eglMakeCurrent: 0xa4c47c80: ver 3 0 (tinfo 0xa4dff3b0)
12-14 01:56:27.664 D/EGL_emulation( 2147): eglMakeCurrent: 0xa7685420: ver 3 0 (tinfo 0xa7683420)
12-14 01:56:27.679 D/EGL_emulation( 1726): eglMakeCurrent: 0x93806280: ver 3 0 (tinfo 0xa2e0dc60)
12-14 01:56:27.681 V/StatusBar( 1726): setLightsOn(true)
12-14 01:56:27.687 D/EGL_emulation( 1726): eglMakeCurrent: 0x93806280: ver 3 0 (tinfo 0xa2e0dc60)
12-14 01:56:27.697 D/EGL_emulation( 1726): eglMakeCurrent: 0x93806280: ver 3 0 (tinfo 0xa2e0dc60)
12-14 01:56:27.708 D/WificondControl( 1629): Scan result ready event
12-14 01:56:27.711 D/EGL_emulation( 1726): eglMakeCurrent: 0x93806280: ver 3 0 (tinfo 0xa2e0dc60)
12-14 01:56:27.719 E/ContentStoreEUAS( 2192): Failed to commit the deferred actions
12-14 01:56:27.720 D/EGL_emulation( 1726): eglMakeCurrent: 0x93806280: ver 3 0 (tinfo 0xa2e0dc60)
12-14 01:56:27.721 V/StatusBar( 1726): setLightsOn(true)
12-14 01:56:27.728 D/EGL_emulation( 1726): eglMakeCurrent: 0x93806280: ver 3 0 (tinfo 0xa2e0dc60)
12-14 01:56:27.785 W/ActivityManager( 1629): Bad activity token: android.os.BinderProxy@c3568a0
12-14 01:56:27.785 W/ActivityManager( 1629): java.lang.ClassCastException: android.os.BinderProxy cannot be cast to com.android.server.am.ActivityRecord$Token
12-14 01:56:27.785 W/ActivityManager( 1629): 	at com.android.server.am.ActivityRecord.forTokenLocked(ActivityRecord.java:778)
12-14 01:56:27.785 W/ActivityManager( 1629): 	at com.android.server.am.ActivityRecord.isInStackLocked(ActivityRecord.java:2085)
12-14 01:56:27.785 W/ActivityManager( 1629): 	at com.android.server.am.ActivityManagerService.getActivityOptions(ActivityManagerService.java:13302)
12-14 01:56:27.785 W/ActivityManager( 1629): 	at android.app.IActivityManager$Stub.onTransact(IActivityManager.java:2910)
12-14 01:56:27.785 W/ActivityManager( 1629): 	at com.android.server.am.ActivityManagerService.onTransact(ActivityManagerService.java:2935)
12-14 01:56:27.785 W/ActivityManager( 1629): 	at android.os.Binder.execTransact(Binder.java:674)
12-14 01:56:27.789 W/ActivityManager( 1629): Bad activity token: android.os.BinderProxy@c3568a0
12-14 01:56:27.789 W/ActivityManager( 1629): java.lang.ClassCastException: android.os.BinderProxy cannot be cast to com.android.server.am.ActivityRecord$Token
12-14 01:56:27.789 W/ActivityManager( 1629): 	at com.android.server.am.ActivityRecord.forTokenLocked(ActivityRecord.java:778)
12-14 01:56:27.789 W/ActivityManager( 1629): 	at com.android.server.am.ActivityRecord.isInStackLocked(ActivityRecord.java:2085)
12-14 01:56:27.789 W/ActivityManager( 1629): 	at com.android.server.am.ActivityManagerService.getActivityOptions(ActivityManagerService.java:13302)
12-14 01:56:27.789 W/ActivityManager( 1629): 	at android.app.IActivityManager$Stub.onTransact(IActivityManager.java:2910)
12-14 01:56:27.789 W/ActivityManager( 1629): 	at com.android.server.am.ActivityManagerService.onTransact(ActivityManagerService.java:2935)
12-14 01:56:27.789 W/ActivityManager( 1629): 	at android.os.Binder.execTransact(Binder.java:674)
12-14 01:56:27.864 I/chatty  ( 1726): uid=10028(u0_a28) RenderThread identical 17 lines
12-14 01:56:27.878 D/EGL_emulation( 1726): eglMakeCurrent: 0x93806280: ver 3 0 (tinfo 0xa2e0dc60)
12-14 01:56:27.888 V/StatusBar( 1726): setLightsOn(true)
12-14 01:56:27.932 I/zygote  ( 4164): Do partial code cache collection, code=28KB, data=30KB
12-14 01:56:27.933 I/zygote  ( 4164): After code cache collection, code=28KB, data=30KB
12-14 01:56:27.933 I/zygote  ( 4164): Increasing code cache capacity to 128KB
12-14 01:56:27.939 I/zygote  ( 4164): Do partial code cache collection, code=28KB, data=48KB
12-14 01:56:27.940 I/zygote  ( 4164): After code cache collection, code=28KB, data=48KB
12-14 01:56:27.940 I/zygote  ( 4164): Increasing code cache capacity to 256KB
12-14 01:56:27.942 I/zygote  ( 4164): JIT allocated 71KB for compiled code of void android.widget.TextView.<init>(android.content.Context, android.util.AttributeSet, int, int)
12-14 01:56:27.942 I/zygote  ( 4164): Compiler allocated 4MB to compile void android.widget.TextView.<init>(android.content.Context, android.util.AttributeSet, int, int)
12-14 01:56:27.953 V/StatusBar( 1726): setLightsOn(true)
12-14 01:56:27.960 I/chatty  ( 1726): uid=10028(u0_a28) com.android.systemui identical 1 line
12-14 01:56:27.961 V/StatusBar( 1726): setLightsOn(true)
12-14 01:56:27.997 D/gralloc_ranchu( 1395): gralloc_alloc: Creating ashmem region of size 7753728
12-14 01:56:28.016 D/        ( 4164): HostConnection::get() New Host Connection established 0xa4ab0e80, tid 4164
12-14 01:56:28.065 V/StatusBar( 1726): setLightsOn(true)
12-14 01:56:28.065 V/StatusBar( 1726): setLightsOn(true)
12-14 01:56:28.070 I/ActivityManager( 1629): Displayed com.evancharlton.mileage/.Mileage: +483ms
12-14 01:56:28.076 V/StatusBar( 1726): setLightsOn(true)
12-14 01:56:28.086 V/StatusBar( 1726): setLightsOn(true)
12-14 01:56:28.116 D/gralloc_ranchu( 1395): gralloc_alloc: Creating ashmem region of size 7753728
12-14 01:56:28.238 I/zygote  ( 4164): Do full code cache collection, code=125KB, data=71KB
12-14 01:56:28.241 I/zygote  ( 4164): After code cache collection, code=107KB, data=43KB
12-14 01:56:28.252 V/StatusBar( 1726): setLightsOn(true)
