12-13 23:24:59.753 I/InstrumentationBackend( 3899): Added:'DumpHtml', with key:'dump_html'
12-13 23:24:59.753 I/InstrumentationBackend( 3899): Added:'DumpBodyHtml', with key:'dump_body_html'
12-13 23:24:59.753 I/InstrumentationBackend( 3899): Added:'EnterTextByCssSelector', with key:'enter_text_by_selector'
12-13 23:24:59.764 I/InstrumentationBackend( 3899): Added:'AndroidSDKVersion', with key:'android_sdk_version'
12-13 23:24:59.764 I/InstrumentationBackend( 3899): Added:'Version', with key:'version'
12-13 23:24:59.764 I/InstrumentationBackend( 3899): Added:'Drag', with key:'drag'
12-13 23:24:59.765 I/InstrumentationBackend( 3899): Added:'TouchCoordinates', with key:'touch_coordinate'
12-13 23:24:59.765 I/InstrumentationBackend( 3899): Added:'LongPressCoordinate', with key:'long_press_coordinate'
12-13 23:24:59.765 I/InstrumentationBackend( 3899): Added:'DragCoordinates', with key:'drag_coordinates'
12-13 23:24:59.767 I/InstrumentationBackend( 3899): Added:'ResumeApplication', with key:'resume_application'
12-13 23:24:59.767 I/InstrumentationBackend( 3899): Added:'Swipe', with key:'swipe'
12-13 23:24:59.768 I/InstrumentationBackend( 3899): Added:'DoubleTapCoordinate', with key:'double_tap_coordinate'
12-13 23:24:59.768 I/InstrumentationBackend( 3899): Added:'ClickOnScreen', with key:'click_on_screen'
12-13 23:24:59.769 I/InstrumentationBackend( 3899): Added:'GetActivityName', with key:'get_activity_name'
12-13 23:24:59.769 I/InstrumentationBackend( 3899): Added:'ScrollToView', with key:'scroll_to_view'
12-13 23:24:59.770 I/InstrumentationBackend( 3899): Added:'ViewConfiguration', with key:'view_configuration'
12-13 23:24:59.770 I/InstrumentationBackend( 3899): Added:'IsCurrentActivityFocused', with key:'is_current_activity_focused'
12-13 23:24:59.770 I/InstrumentationBackend( 3899): Added:'SendTcp', with key:'send_tcp'
12-13 23:24:59.771 I/InstrumentationBackend( 3899): Added:'DpToDevicePixel', with key:'dp_to_device_pixel'
12-13 23:24:59.781 I/InstrumentationBackend( 3899): Added:'KeyboardEnterText', with key:'keyboard_enter_text'
12-13 23:24:59.781 I/InstrumentationBackend( 3899): Added:'DeleteSurroundingText', with key:'delete_surrounding_text'
12-13 23:24:59.781 I/InstrumentationBackend( 3899): Added:'SetComposingRegion', with key:'set_composing_region'
12-13 23:24:59.782 I/InstrumentationBackend( 3899): Added:'SetSelection', with key:'set_selection'
12-13 23:24:59.782 I/InstrumentationBackend( 3899): Added:'KeyboardKeyEvent', with key:'keyboard_key_event'
12-13 23:24:59.789 I/InstrumentationBackend( 3899): Added:'PressUserActionButton', with key:'press_user_action_button'
12-13 23:24:59.792 E/adbd    ( 1383): failed to connect to socket 'tcp:7102': Connection refused
12-13 23:24:59.796 I/InstrumentationBackend( 3899): Added:'HideSoftKeyboard', with key:'hide_soft_keyboard'
12-13 23:24:59.797 E/adbd    ( 1383): failed to connect to socket 'tcp:7102': Connection refused
12-13 23:24:59.798 I/InstrumentationBackend( 3899): Added:'ListActions', with key:'list_actions'
12-13 23:24:59.798 I/calabash( 3899): Instantiating http server at 7102
12-13 23:24:59.800 I/System.out( 3899): HTTP Daemon listening on: 7102
12-13 23:24:59.817 I/NetworkScheduler.Stats( 1941): Task com.google.android.gms/com.google.android.gms.pay.gcmtask.PayGcmTaskService started execution. cause:5 exec_start_elapsed_seconds: 53 [CONTEXT service_id=218 ]
12-13 23:24:59.826 D/BoundBrokerSvc( 1941): onBind: Intent { act=com.google.android.gms.tapandpay.service.BIND cmp=com.google.android.gms/.chimera.PersistentApiService }
12-13 23:24:59.826 D/BoundBrokerSvc( 1941): Loading bound service for intent: Intent { act=com.google.android.gms.tapandpay.service.BIND cmp=com.google.android.gms/.chimera.PersistentApiService }
12-13 23:24:59.852 E/Pay     ( 2223): No account found on the task or the device. Notification task will not be rescheduled. [CONTEXT service_id=198 ]
12-13 23:24:59.854 I/NetworkScheduler.Stats( 1941): Task com.google.android.gms/com.google.android.gms.gass.chimera.SchedulePeriodicTasksService finished executing. cause:5 result: 1 elapsed_millis: 165 uptime_millis: 165 exec_start_elapsed_seconds: 53 [CONTEXT service_id=218 ]
12-13 23:24:59.856 I/NetworkScheduler.Stats( 1941): Task com.google.android.gms/com.google.android.gms.pay.gcmtask.PayGcmTaskService finished executing. cause:5 result: 2 elapsed_millis: 92 uptime_millis: 92 exec_start_elapsed_seconds: 53 [CONTEXT service_id=218 ]
12-13 23:24:59.907 I/System.out( 3899): URI: //ping
12-13 23:24:59.907 I/System.out( 3899): params: {json={}
12-13 23:24:59.907 I/System.out( 3899): }
12-13 23:24:59.929 I/System.out( 3899): URI: //ping
12-13 23:24:59.929 I/System.out( 3899): params: {json={}
12-13 23:24:59.929 I/System.out( 3899): }
12-13 23:24:59.940 I/System.out( 3899): URI: //ready
12-13 23:24:59.940 I/System.out( 3899): params: {json={}
12-13 23:24:59.940 I/System.out( 3899): }
12-13 23:24:59.957 I/NetworkScheduler.Stats( 1941): Task com.google.android.gms/com.google.android.gms.pay.gcmtask.PayGcmTaskService started execution. cause:5 exec_start_elapsed_seconds: 53 [CONTEXT service_id=218 ]
12-13 23:24:59.962 I/System.out( 3899): URI: //
12-13 23:24:59.962 I/System.out( 3899): params: {json={"command":"version","arguments":[]}
12-13 23:24:59.963 I/System.out( 3899): }
12-13 23:24:59.963 I/System.out( 3899): header: {content-type=application/json;charset=utf-8, date=Mon, 14 Dec 2020 04:24:59 GMT, accept=*/*, host=127.0.0.1:34777, content-length=36, user-agent=HTTPClient/1.0 (2.8.3, ruby 2.5.8 (2020-03-31))}
12-13 23:24:59.963 I/System.out( 3899): params: {json={"command":"version","arguments":[]}
12-13 23:24:59.963 I/System.out( 3899): }
12-13 23:24:59.963 I/System.out( 3899): ProP json = {"command":"version","arguments":[]}
12-13 23:24:59.964 I/System.out( 3899): files: {}
12-13 23:24:59.964 I/System.out( 3899): command: {"command":"version","arguments":[]}
12-13 23:24:59.998 I/InstrumentationBackend( 3899): Got command:'Command:'Line:null,version', arguments:'[]'
12-13 23:24:59.989 W/Binder:3644_1( 3644): type=1400 audit(0.0:20): avc: denied { read } for name="modules" dev="proc" ino=4026532034 scontext=u:r:priv_app:s0:c512,c768 tcontext=u:object_r:proc_modules:s0 tclass=file permissive=0
12-13 23:25:00.064 W/SystemServiceRegistry( 3644): No service published for: persistent_data_block
12-13 23:25:00.084 I/System.out( 3899): result:{"bonusInformation":[],"message":"0.9.8","success":true}
12-13 23:25:00.118 I/System.out( 3899): URI: //start-application
12-13 23:25:00.118 I/System.out( 3899): params: {json={"intent":null}
12-13 23:25:00.118 I/System.out( 3899): }
12-13 23:25:00.145 I/NetworkScheduler.Stats( 1941): Task com.google.android.gms/com.google.android.gms.pay.gcmtask.PayGcmTaskService started execution. cause:5 exec_start_elapsed_seconds: 53 [CONTEXT service_id=218 ]
12-13 23:25:00.158 I/Pay     ( 2223): Migration flag not enabled. [CONTEXT service_id=198 ]
12-13 23:25:00.172 D/BoundBrokerSvc( 2223): onBind: Intent { act=com.google.android.gms.pay.service.BIND cmp=com.google.android.gms/.chimera.GmsApiService }
12-13 23:25:00.172 D/BoundBrokerSvc( 2223): Loading bound service for intent: Intent { act=com.google.android.gms.pay.service.BIND cmp=com.google.android.gms/.chimera.GmsApiService }
12-13 23:25:00.175 V/LifecycleAwareServiceBi( 2567): notify unbound
12-13 23:25:00.175 V/LifecycleAwareServiceBi( 2567): com.google.common.flogger.LogSiteStackTrace: MEDIUM
12-13 23:25:00.175 V/LifecycleAwareServiceBi( 2567): 	at com.google.frameworks.client.data.android.binder.LifecycleAwareServiceBinding.h(PG:1)
12-13 23:25:00.175 V/LifecycleAwareServiceBi( 2567): 	at axqg.run(Unknown Source:4)
12-13 23:25:00.175 V/LifecycleAwareServiceBi( 2567): 	at android.os.Handler.handleCallback(Handler.java:789)
12-13 23:25:00.175 V/LifecycleAwareServiceBi( 2567): 	at android.os.Handler.dispatchMessage(Handler.java:98)
12-13 23:25:00.175 V/LifecycleAwareServiceBi( 2567): 	at android.os.Looper.loop(Looper.java:164)
12-13 23:25:00.175 V/LifecycleAwareServiceBi( 2567): 	at android.app.ActivityThread.main(ActivityThread.java:6541)
12-13 23:25:00.175 V/LifecycleAwareServiceBi( 2567): 	at java.lang.reflect.Method.invoke(Native Method)
12-13 23:25:00.175 V/LifecycleAwareServiceBi( 2567): 	at com.android.internal.os.Zygote$MethodAndArgsCaller.run(Zygote.java:240)
12-13 23:25:00.175 V/LifecycleAwareServiceBi( 2567): 	at com.android.internal.os.ZygoteInit.main(ZygoteInit.java:767)
12-13 23:25:00.175 V/LifecycleAwareServiceBi( 2567): notify unbound - notifying
12-13 23:25:00.177 I/jgl     ( 2223): Primes not initialized, returning default (no-op) Primes instance which will ignore all calls. Please call Primes.initialize(...) before using any Primes API.
12-13 23:25:00.180 I/Finsky:download_service( 2806): [2] sxn.onDestroy(8): IPC-SERVER: Stopping gRPC host service...
12-13 23:25:00.192 I/zygote  ( 1626): Background concurrent copying GC freed 31856(1744KB) AllocSpace objects, 2(40KB) LOS objects, 37% free, 10MB/16MB, paused 334us total 149.783ms
12-13 23:25:00.194 I/ActivityManager( 1626): START u0 {act=android.intent.action.MAIN cat=[android.intent.category.LAUNCHER] flg=0x10200000 cmp=com.evancharlton.mileage/.Mileage} from uid 10164
12-13 23:25:00.212 I/calabash( 3899): newActivity1
12-13 23:25:00.228 D/gralloc_ranchu( 1396): gralloc_alloc: Creating ashmem region of size 7753728
12-13 23:25:00.253 W/ActivityManager( 1626): Bad activity token: android.os.BinderProxy@80ed12b
12-13 23:25:00.253 W/ActivityManager( 1626): java.lang.ClassCastException: android.os.BinderProxy cannot be cast to com.android.server.am.ActivityRecord$Token
12-13 23:25:00.253 W/ActivityManager( 1626): 	at com.android.server.am.ActivityRecord.forTokenLocked(ActivityRecord.java:778)
12-13 23:25:00.253 W/ActivityManager( 1626): 	at com.android.server.am.ActivityRecord.isInStackLocked(ActivityRecord.java:2085)
12-13 23:25:00.253 W/ActivityManager( 1626): 	at com.android.server.am.ActivityRecord.getStackLocked(ActivityRecord.java:2090)
12-13 23:25:00.253 W/ActivityManager( 1626): 	at com.android.server.am.ActivityManagerService.getActivityDisplayId(ActivityManagerService.java:10406)
12-13 23:25:00.253 W/ActivityManager( 1626): 	at android.app.IActivityManager$Stub.onTransact(IActivityManager.java:2738)
12-13 23:25:00.253 W/ActivityManager( 1626): 	at com.android.server.am.ActivityManagerService.onTransact(ActivityManagerService.java:2935)
12-13 23:25:00.253 W/ActivityManager( 1626): 	at android.os.Binder.execTransact(Binder.java:674)
12-13 23:25:00.254 I/calabash( 3899): newActivity1
12-13 23:25:00.268 W/ActivityManager( 1626): Bad activity token: android.os.BinderProxy@80ed12b
12-13 23:25:00.268 W/ActivityManager( 1626): java.lang.ClassCastException: android.os.BinderProxy cannot be cast to com.android.server.am.ActivityRecord$Token
12-13 23:25:00.268 W/ActivityManager( 1626): 	at com.android.server.am.ActivityRecord.forTokenLocked(ActivityRecord.java:778)
12-13 23:25:00.268 W/ActivityManager( 1626): 	at com.android.server.am.ActivityRecord.isInStackLocked(ActivityRecord.java:2085)
12-13 23:25:00.268 W/ActivityManager( 1626): 	at com.android.server.am.ActivityManagerService.setTaskDescription(ActivityManagerService.java:9988)
12-13 23:25:00.268 W/ActivityManager( 1626): 	at android.app.IActivityManager$Stub.onTransact(IActivityManager.java:2824)
12-13 23:25:00.268 W/ActivityManager( 1626): 	at com.android.server.am.ActivityManagerService.onTransact(ActivityManagerService.java:2935)
12-13 23:25:00.268 W/ActivityManager( 1626): 	at android.os.Binder.execTransact(Binder.java:674)
12-13 23:25:00.269 W/ActivityManager( 1626): Bad activity token: android.os.BinderProxy@80ed12b
12-13 23:25:00.269 W/ActivityManager( 1626): java.lang.ClassCastException: android.os.BinderProxy cannot be cast to com.android.server.am.ActivityRecord$Token
12-13 23:25:00.269 W/ActivityManager( 1626): 	at com.android.server.am.ActivityRecord.forTokenLocked(ActivityRecord.java:778)
12-13 23:25:00.269 W/ActivityManager( 1626): 	at com.android.server.am.ActivityRecord.isInStackLocked(ActivityRecord.java:2085)
12-13 23:25:00.269 W/ActivityManager( 1626): 	at com.android.server.am.ActivityRecord.getStackLocked(ActivityRecord.java:2090)
12-13 23:25:00.269 W/ActivityManager( 1626): 	at com.android.server.am.ActivityManagerService.getActivityStackId(ActivityManagerService.java:10417)
12-13 23:25:00.269 W/ActivityManager( 1626): 	at android.app.IActivityManager$Stub.onTransact(IActivityManager.java:3548)
12-13 23:25:00.269 W/ActivityManager( 1626): 	at com.android.server.am.ActivityManagerService.onTransact(ActivityManagerService.java:2935)
12-13 23:25:00.269 W/ActivityManager( 1626): 	at android.os.Binder.execTransact(Binder.java:674)
12-13 23:25:00.319 D/EGL_emulation( 2171): eglMakeCurrent: 0xa7104720: ver 3 0 (tinfo 0xa7103670)
12-13 23:25:00.320 D/EGL_emulation( 2141): eglMakeCurrent: 0xa7104420: ver 3 0 (tinfo 0xa71033e0)
12-13 23:25:00.324 D/FillupsProvider( 3899): Creating database
12-13 23:25:00.326 W/asset   ( 1725): Asset path /data/app/com.evancharlton.mileage-13C2lb01xuuv6bVIswEi-g==/base.apk is neither a directory nor file (type=1).
12-13 23:25:00.326 E/ResourcesManager( 1725): failed to add asset path /data/app/com.evancharlton.mileage-13C2lb01xuuv6bVIswEi-g==/base.apk
12-13 23:25:00.326 W/PackageManager( 1725): Failure retrieving resources for com.evancharlton.mileage
12-13 23:25:00.326 W/asset   ( 1725): Asset path /data/app/com.evancharlton.mileage-13C2lb01xuuv6bVIswEi-g==/base.apk is neither a directory nor file (type=1).
12-13 23:25:00.326 E/ResourcesManager( 1725): failed to add asset path /data/app/com.evancharlton.mileage-13C2lb01xuuv6bVIswEi-g==/base.apk
12-13 23:25:00.326 W/PackageManager( 1725): Failure retrieving resources for com.evancharlton.mileage
12-13 23:25:00.326 W/asset   ( 1725): Asset path /data/app/com.evancharlton.mileage-13C2lb01xuuv6bVIswEi-g==/base.apk is neither a directory nor file (type=1).
12-13 23:25:00.326 E/ResourcesManager( 1725): failed to add asset path /data/app/com.evancharlton.mileage-13C2lb01xuuv6bVIswEi-g==/base.apk
12-13 23:25:00.326 W/PackageManager( 1725): Failure retrieving resources for com.evancharlton.mileage
12-13 23:25:00.328 D/EGL_emulation( 1725): eglMakeCurrent: 0xa71048a0: ver 3 0 (tinfo 0xa7103480)
12-13 23:25:00.329 V/StatusBar( 1725): setLightsOn(true)
12-13 23:25:00.344 D/EGL_emulation( 1725): eglMakeCurrent: 0xa71048a0: ver 3 0 (tinfo 0xa7103480)
12-13 23:25:00.353 D/        ( 3644): HostConnection::get() New Host Connection established 0xa7120940, tid 3658
12-13 23:25:00.361 D/EGL_emulation( 1725): eglMakeCurrent: 0xa71048a0: ver 3 0 (tinfo 0xa7103480)
12-13 23:25:00.371 D/EGL_emulation( 1725): eglMakeCurrent: 0xa71048a0: ver 3 0 (tinfo 0xa7103480)
12-13 23:25:00.403 E/ContentStoreEUAS( 2171): Failed to commit the deferred actions
12-13 23:25:00.406 D/EGL_emulation( 3644): eglCreateContext: 0xa7104720: maj 3 min 0 rcv 3
12-13 23:25:00.417 I/NetworkScheduler.Stats( 1941): Task com.google.android.gms/com.google.android.gms.pay.gcmtask.PayGcmTaskService finished executing. cause:5 result: 1 elapsed_millis: 522 uptime_millis: 522 exec_start_elapsed_seconds: 53 [CONTEXT service_id=218 ]
12-13 23:25:00.419 D/EGL_emulation( 3644): eglMakeCurrent: 0xa7104720: ver 3 0 (tinfo 0xa7103840)
12-13 23:25:00.420 E/eglCodecCommon( 3644): glUtilsParamSize: unknow param 0x00008cdf
12-13 23:25:00.421 E/eglCodecCommon( 3644): glUtilsParamSize: unknow param 0x00008cdf
12-13 23:25:00.421 E/eglCodecCommon( 3644): glUtilsParamSize: unknow param 0x00008824
12-13 23:25:00.445 W/ActivityManager( 1626): Bad activity token: android.os.BinderProxy@80ed12b
12-13 23:25:00.445 W/ActivityManager( 1626): java.lang.ClassCastException: android.os.BinderProxy cannot be cast to com.android.server.am.ActivityRecord$Token
12-13 23:25:00.445 W/ActivityManager( 1626): 	at com.android.server.am.ActivityRecord.forTokenLocked(ActivityRecord.java:778)
12-13 23:25:00.445 W/ActivityManager( 1626): 	at com.android.server.am.ActivityRecord.isInStackLocked(ActivityRecord.java:2085)
12-13 23:25:00.445 W/ActivityManager( 1626): 	at com.android.server.am.ActivityManagerService.getActivityOptions(ActivityManagerService.java:13302)
12-13 23:25:00.445 W/ActivityManager( 1626): 	at android.app.IActivityManager$Stub.onTransact(IActivityManager.java:2910)
12-13 23:25:00.445 W/ActivityManager( 1626): 	at com.android.server.am.ActivityManagerService.onTransact(ActivityManagerService.java:2935)
12-13 23:25:00.445 W/ActivityManager( 1626): 	at android.os.Binder.execTransact(Binder.java:674)
12-13 23:25:00.446 W/ActivityManager( 1626): Bad activity token: android.os.BinderProxy@80ed12b
12-13 23:25:00.446 W/ActivityManager( 1626): java.lang.ClassCastException: android.os.BinderProxy cannot be cast to com.android.server.am.ActivityRecord$Token
12-13 23:25:00.446 W/ActivityManager( 1626): 	at com.android.server.am.ActivityRecord.forTokenLocked(ActivityRecord.java:778)
12-13 23:25:00.446 W/ActivityManager( 1626): 	at com.android.server.am.ActivityRecord.isInStackLocked(ActivityRecord.java:2085)
12-13 23:25:00.446 W/ActivityManager( 1626): 	at com.android.server.am.ActivityManagerService.getActivityOptions(ActivityManagerService.java:13302)
12-13 23:25:00.446 W/ActivityManager( 1626): 	at android.app.IActivityManager$Stub.onTransact(IActivityManager.java:2910)
12-13 23:25:00.446 W/ActivityManager( 1626): 	at com.android.server.am.ActivityManagerService.onTransact(ActivityManagerService.java:2935)
12-13 23:25:00.446 W/ActivityManager( 1626): 	at android.os.Binder.execTransact(Binder.java:674)
12-13 23:25:00.421 E/eglCodecCommon( 3644): glUtilsParamSize: unknow param 0x00008824
12-13 23:25:00.448 D/EGL_emulation( 1725): eglMakeCurrent: 0xa71048a0: ver 3 0 (tinfo 0xa7103480)
12-13 23:25:00.457 I/chatty  ( 1725): uid=10028(u0_a28) RenderThread identical 1 line
12-13 23:25:00.476 D/EGL_emulation( 1725): eglMakeCurrent: 0xa71048a0: ver 3 0 (tinfo 0xa7103480)
12-13 23:25:00.477 V/StatusBar( 1725): setLightsOn(true)
12-13 23:25:00.484 D/EGL_emulation( 1725): eglMakeCurrent: 0xa71048a0: ver 3 0 (tinfo 0xa7103480)
12-13 23:25:00.494 D/EGL_emulation( 1725): eglMakeCurrent: 0xa71048a0: ver 3 0 (tinfo 0xa7103480)
12-13 23:25:00.507 I/Pay     ( 2223): Migration already completed. [CONTEXT service_id=198 ]
12-13 23:25:00.513 D/EGL_emulation( 1725): eglMakeCurrent: 0xa71048a0: ver 3 0 (tinfo 0xa7103480)
12-13 23:25:00.543 I/chatty  ( 1725): uid=10028(u0_a28) RenderThread identical 3 lines
12-13 23:25:00.555 D/EGL_emulation( 1725): eglMakeCurrent: 0xa71048a0: ver 3 0 (tinfo 0xa7103480)
12-13 23:25:00.559 V/StatusBar( 1725): setLightsOn(true)
12-13 23:25:00.570 I/ActivityManager( 1626): Killing 3348:com.android.externalstorage/u0a8 (adj 906): empty #17
12-13 23:25:00.574 D/EGL_emulation( 3644): eglCreateContext: 0xa71048a0: maj 3 min 0 rcv 3
12-13 23:25:00.581 D/EGL_emulation( 3644): eglMakeCurrent: 0xa71048a0: ver 3 0 (tinfo 0xa7103840)
12-13 23:25:00.582 E/eglCodecCommon( 3644): glUtilsParamSize: unknow param 0x00008cdf
12-13 23:25:00.582 E/eglCodecCommon( 3644): glUtilsParamSize: unknow param 0x00008cdf
12-13 23:25:00.583 E/eglCodecCommon( 3644): glUtilsParamSize: unknow param 0x00008824
12-13 23:25:00.584 E/eglCodecCommon( 3644): glUtilsParamSize: unknow param 0x00008824
12-13 23:25:00.605 I/zygote  ( 3899): Do partial code cache collection, code=21KB, data=30KB
12-13 23:25:00.608 I/zygote  ( 3899): After code cache collection, code=21KB, data=30KB
12-13 23:25:00.608 I/zygote  ( 3899): Increasing code cache capacity to 128KB
12-13 23:25:00.636 V/StatusBar( 1725): setLightsOn(true)
12-13 23:25:00.639 I/Pay     ( 2223): Migration already completed. [CONTEXT service_id=198 ]
12-13 23:25:00.667 D/BoundBrokerSvc( 1941): onUnbind: Intent { act=com.google.android.gms.usagereporting.service.START pkg=com.google.android.gms }
12-13 23:25:00.676 I/NetworkScheduler.Stats( 1941): Task com.google.android.gms/com.google.android.gms.pay.gcmtask.PayGcmTaskService started execution. cause:5 exec_start_elapsed_seconds: 54 [CONTEXT service_id=218 ]
12-13 23:25:00.676 V/StatusBar( 1725): setLightsOn(true)
12-13 23:25:00.678 I/chatty  ( 1725): uid=10028(u0_a28) com.android.systemui identical 1 line
12-13 23:25:00.680 V/StatusBar( 1725): setLightsOn(true)
12-13 23:25:00.693 I/Pay     ( 2223): Migration already completed. [CONTEXT service_id=198 ]
12-13 23:25:00.694 I/Pay     ( 2223): Migration flag not enabled. [CONTEXT service_id=198 ]
12-13 23:25:00.724 D/gralloc_ranchu( 1396): gralloc_alloc: Creating ashmem region of size 7753728
12-13 23:25:00.726 V/StatusBar( 1725): setLightsOn(true)
12-13 23:25:00.739 I/Pay     ( 2223): Migration already completed. [CONTEXT service_id=198 ]
12-13 23:25:00.742 I/Pay     ( 2223): Migration flag not enabled. [CONTEXT service_id=198 ]
12-13 23:25:00.759 I/NetworkScheduler.Stats( 1941): Task com.google.android.gms/com.google.android.gms.pay.gcmtask.PayGcmTaskService finished executing. cause:5 result: 1 elapsed_millis: 214 uptime_millis: 214 exec_start_elapsed_seconds: 54 [CONTEXT service_id=218 ]
12-13 23:25:00.769 I/NetworkScheduler.Stats( 1941): Task com.google.android.gms/com.google.android.gms.pay.gcmtask.PayGcmTaskService finished executing. cause:5 result: 1 elapsed_millis: 742 uptime_millis: 742 exec_start_elapsed_seconds: 53 [CONTEXT service_id=218 ]
12-13 23:25:00.782 D/        ( 3899): HostConnection::get() New Host Connection established 0xa47afec0, tid 3899
12-13 23:25:00.848 V/StatusBar( 1725): setLightsOn(true)
12-13 23:25:00.852 V/StatusBar( 1725): setLightsOn(true)
12-13 23:25:00.853 I/ActivityManager( 1626): Displayed com.evancharlton.mileage/.Mileage: +647ms
12-13 23:25:00.866 V/StatusBar( 1725): setLightsOn(true)
12-13 23:25:00.874 D/gralloc_ranchu( 1396): gralloc_alloc: Creating ashmem region of size 7753728
12-13 23:25:00.897 V/StatusBar( 1725): setLightsOn(true)
12-13 23:25:00.904 I/zygote  ( 3899): Do partial code cache collection, code=36KB, data=56KB
12-13 23:25:00.904 I/zygote  ( 3899): After code cache collection, code=36KB, data=56KB
12-13 23:25:00.904 I/zygote  ( 3899): Increasing code cache capacity to 256KB
12-13 23:25:00.904 I/zygote  ( 3899): JIT allocated 71KB for compiled code of void android.widget.TextView.<init>(android.content.Context, android.util.AttributeSet, int, int)
12-13 23:25:00.904 I/zygote  ( 3899): Compiler allocated 4MB to compile void android.widget.TextView.<init>(android.content.Context, android.util.AttributeSet, int, int)
12-13 23:25:01.052 V/StatusBar( 1725): setLightsOn(true)
12-13 23:25:01.062 W/Conscrypt( 2223): Could not set socket write timeout: java.net.SocketException: Socket closed
12-13 23:25:01.062 I/zygote  ( 3899): Do full code cache collection, code=125KB, data=72KB
12-13 23:25:01.074 W/SurfaceFlinger( 1410): couldn't log to binary event log: overflow.
12-13 23:25:01.076 I/zygote  ( 3899): After code cache collection, code=92KB, data=37KB
12-13 23:25:01.079 W/Conscrypt( 2223): 	at com.google.android.gms.org.conscrypt.Platform.setSocketWriteTimeout(:com.google.android.gms@204713022@20.47.13 (040700-344095733):2)
12-13 23:25:01.079 W/Conscrypt( 2223): 	at com.google.android.gms.org.conscrypt.ConscryptFileDescriptorSocket.setSoWriteTimeout(:com.google.android.gms@204713022@20.47.13 (040700-344095733):0)
12-13 23:25:01.090 W/SurfaceFlinger( 1410): couldn't log to binary event log: overflow.
12-13 23:25:01.118 I/NetworkScheduler.Stats( 1941): Task com.google.android.gms/com.google.android.gms.pay.gcmtask.PayGcmTaskService started execution. cause:5 exec_start_elapsed_seconds: 54 [CONTEXT service_id=218 ]
12-13 23:25:01.122 I/Pay     ( 2223): Device does not support HCE. [CONTEXT service_id=198 ]
12-13 23:25:01.169 I/PBSessionCacheImpl( 2171): Deleted sessionId[2558699837901] from persistence.
12-13 23:25:01.183 I/System.out( 3899): URI: //map
12-13 23:25:01.183 I/System.out( 3899): params: {json={"query":"android.widget.Button index:2","operation":{"method_name":"query","arguments":[]}}
12-13 23:25:01.183 I/System.out( 3899): }
12-13 23:25:01.191 W/Conscrypt( 2223): Could not set socket write timeout: java.net.SocketException: Socket closed
12-13 23:25:01.193 W/Conscrypt( 2223): 	at com.google.android.gms.org.conscrypt.Platform.setSocketWriteTimeout(:com.google.android.gms@204713022@20.47.13 (040700-344095733):2)
12-13 23:25:01.193 W/Conscrypt( 2223): 	at com.google.android.gms.org.conscrypt.ConscryptFileDescriptorSocket.setSoWriteTimeout(:com.google.android.gms@204713022@20.47.13 (040700-344095733):0)
12-13 23:25:01.252 W/SearchService( 2171): Abort, client detached.
12-13 23:25:01.260 E/WorkerRegistryImpl( 2171): getWorker() is called after WorkerRegistry disposal.
12-13 23:25:01.260 E/WorkerRegistryImpl( 2171): getWorker() is called after WorkerRegistry disposal.
12-13 23:25:01.289 I/NetworkScheduler.Stats( 1941): Task com.google.android.gms/com.google.android.gms.tapandpay.gcmtask.TapAndPayGcmTaskService started execution. cause:5 exec_start_elapsed_seconds: 54 [CONTEXT service_id=218 ]
12-13 23:25:01.308 I/NetworkScheduler.Stats( 1941): Task com.google.android.gms/com.google.android.gms.pay.gcmtask.PayGcmTaskService finished executing. cause:5 result: 2 elapsed_millis: 377 uptime_millis: 377 exec_start_elapsed_seconds: 54 [CONTEXT service_id=218 ]
12-13 23:25:01.341 I/NetworkScheduler.Stats( 1941): Task com.google.android.gms/com.google.android.gms.tapandpay.gcmtask.TapAndPayGcmTaskService finished executing. cause:5 result: 1 elapsed_millis: 135 uptime_millis: 135 exec_start_elapsed_seconds: 54 [CONTEXT service_id=218 ]
12-13 23:25:01.413 I/System.out( 3899): URI: //gesture
12-13 23:25:01.413 I/System.out( 3899): params: {json={"query_timeout":5.0,"gestures":[{"query_string":"android.widget.Button index:2","touches":[{"x":50,"y":50,"offset_x":0,"offset_y":0,"wait":0.0,"time":0.2,"release":true,"query_string":null}]}]}
12-13 23:25:01.413 I/System.out( 3899): }
12-13 23:25:01.438 I/NetworkScheduler.Stats( 1941): Task com.google.android.gms/com.google.android.gms.tapandpay.gcmtask.TapAndPayGcmTaskService started execution. cause:5 exec_start_elapsed_seconds: 55 [CONTEXT service_id=218 ]
12-13 23:25:01.507 I/NetworkScheduler.Stats( 1941): Task com.google.android.gms/com.google.android.gms.tapandpay.gcmtask.TapAndPayGcmTaskService started execution. cause:5 exec_start_elapsed_seconds: 55 [CONTEXT service_id=218 ]
12-13 23:25:01.531 I/NetworkScheduler.Stats( 1941): Task com.google.android.gms/com.google.android.gms.tapandpay.gcmtask.TapAndPayGcmTaskService finished executing. cause:5 result: 1 elapsed_millis: 134 uptime_millis: 134 exec_start_elapsed_seconds: 55 [CONTEXT service_id=218 ]
12-13 23:25:01.533 I/NetworkScheduler.Stats( 1941): Task com.google.android.gms/com.google.android.gms.tapandpay.gcmtask.TapAndPayGcmTaskService finished executing. cause:5 result: 1 elapsed_millis: 57 uptime_millis: 57 exec_start_elapsed_seconds: 55 [CONTEXT service_id=218 ]
12-13 23:25:01.599 I/NetworkScheduler.Stats( 1941): Task com.google.android.gms/com.google.android.gms.udc.service.UdcContextInitService started execution. cause:5 exec_start_elapsed_seconds: 55 [CONTEXT service_id=218 ]
12-13 23:25:01.616 I/NetworkScheduler.Stats( 1941): Task com.google.android.videos/ started execution. cause:5 exec_start_elapsed_seconds: 55 [CONTEXT service_id=218 ]
12-13 23:25:01.617 I/PlayMovies( 3836): RefreshLicenseTaskService.onRunTask:96 On run task refresh_license_forced
12-13 23:25:01.617 I/PlayMovies( 3836): 
12-13 23:25:01.636 I/NetworkScheduler.Stats( 1941): Task com.google.android.videos/ finished executing. cause:5 result: 1 elapsed_millis: 28 uptime_millis: 28 exec_start_elapsed_seconds: 55 [CONTEXT service_id=218 ]
12-13 23:25:01.659 I/NetworkScheduler.Stats( 1941): Task com.google.android.gms/com.google.android.gms.udc.service.UdcContextInitService finished executing. cause:5 result: 1 elapsed_millis: 92 uptime_millis: 92 exec_start_elapsed_seconds: 55 [CONTEXT service_id=218 ]
12-13 23:25:01.660 E/memtrack( 1626): Couldn't load memtrack module
12-13 23:25:01.660 W/android.os.Debug( 1626): failed to get memory consumption info: -1
12-13 23:25:01.727 I/AudioTrack( 1626): AUDIO_OUTPUT_FLAG_FAST successful; frameCount 4512 -> 4512
12-13 23:25:01.747 I/zygote  ( 3899): Do partial code cache collection, code=124KB, data=60KB
12-13 23:25:01.749 I/zygote  ( 3899): After code cache collection, code=124KB, data=60KB
12-13 23:25:01.750 I/zygote  ( 3899): Increasing code cache capacity to 512KB
12-13 23:25:01.798 D/ConnectivityService( 1626): handleLingerComplete for NetworkAgentInfo [MOBILE (LTE) - 100]
12-13 23:25:01.799 V/StatusBar( 1725): setLightsOn(true)
12-13 23:25:01.801 V/StatusBar( 1725): setLightsOn(true)
12-13 23:25:01.819 W/View    ( 3899): dispatchProvideAutofillStructure(): not laid out, ignoring
12-13 23:25:01.823 W/Binder  ( 1626): Outgoing transactions from this process must be FLAG_ONEWAY
12-13 23:25:01.823 W/Binder  ( 1626): java.lang.Throwable
12-13 23:25:01.823 W/Binder  ( 1626): 	at android.os.BinderProxy.transact(Binder.java:736)
12-13 23:25:01.823 W/Binder  ( 1626): 	at android.app.assist.AssistStructure$ParcelTransferReader.fetchData(AssistStructure.java:407)
12-13 23:25:01.823 W/Binder  ( 1626): 	at android.app.assist.AssistStructure$ParcelTransferReader.go(AssistStructure.java:343)
12-13 23:25:01.823 W/Binder  ( 1626): 	at android.app.assist.AssistStructure.ensureData(AssistStructure.java:2096)
12-13 23:25:01.823 W/Binder  ( 1626): 	at com.android.server.autofill.Session$1.send(Session.java:200)
12-13 23:25:01.823 W/Binder  ( 1626): 	at com.android.server.am.ActivityManagerService.reportAssistContextExtras(ActivityManagerService.java:13137)
12-13 23:25:01.823 W/Binder  ( 1626): 	at android.app.IActivityManager$Stub.onTransact(IActivityManager.java:2466)
12-13 23:25:01.823 W/Binder  ( 1626): 	at com.android.server.am.ActivityManagerService.onTransact(ActivityManagerService.java:2935)
12-13 23:25:01.823 W/Binder  ( 1626): 	at android.os.Binder.execTransact(Binder.java:674)
12-13 23:25:01.834 I/AssistStructure( 3899): Flattened final assist data: 5024 bytes, containing 2 windows, 19 views
12-13 23:25:01.836 I/ActivityManager( 1626): Killing 3398:com.android.mtp/u0a9 (adj 906): empty #17
12-13 23:25:01.845 D/gralloc_ranchu( 1396): gralloc_alloc: Creating ashmem region of size 303104
12-13 23:25:01.849 V/StatusBar( 1725): setLightsOn(true)
12-13 23:25:01.857 V/StatusBar( 1725): setLightsOn(true)
12-13 23:25:02.402 W/audio_hw_generic( 1390): Not supplying enough data to HAL, expected position 25654 , only wrote 2880
12-13 23:25:02.402 W/audio_hw_generic( 1390): Not supplying enough data to HAL, expected position 2899 , only wrote 2880
12-13 23:25:02.403 W/audio_hw_generic( 1390): Hardware backing HAL too slow, could only write 0 of 720 frames
12-13 23:25:02.404 W/AudioFlinger( 1475): write blocked for 543 msecs, 1 delayed writes, thread 0xb2e83f00
12-13 23:25:02.419 W/audio_hw_generic( 1390): Hardware backing HAL too slow, could only write 0 of 720 frames
12-13 23:25:02.424 W/Looper  ( 1626): Dispatch took 554ms on android.ui, h=Handler (com.android.server.policy.PhoneWindowManager$PolicyHandler) {3db82fb} cb=com.android.server.policy.PhoneWindowManager$21@f816f18 msg=0
12-13 23:25:02.426 V/StatusBar( 1725): setLightsOn(true)
12-13 23:25:02.434 D/AudioFlinger( 1475): mixer(0xb2e83f00) throttle end: throttle time(12)
12-13 23:25:02.434 W/audio_hw_generic( 1390): Hardware backing HAL too slow, could only write 0 of 720 frames
12-13 23:25:02.435 I/InputReader( 1626): Reconfiguring input devices.  changes=0x00000010
12-13 23:25:02.438 W/ResourceType( 1626): ResTable_typeSpec entry count inconsistent: given 67, previously 69
12-13 23:25:02.438 W/ResourceType( 1626): ResTable_typeSpec entry count inconsistent: given 5411, previously 5412
12-13 23:25:02.484 D/gralloc_ranchu( 1396): gralloc_alloc: Creating ashmem region of size 7753728
12-13 23:25:02.512 D/BoundBrokerSvc( 1941): onUnbind: Intent { act=com.google.android.gms.clearcut.bootcount.service.START cmp=com.google.android.gms/.chimera.PersistentBoundBrokerService }
12-13 23:25:02.514 I/Telecom ( 1626): DefaultDialerCache: Refreshing default dialer for user 0: now com.google.android.dialer: DDC.oR@AE0
12-13 23:25:02.526 V/StatusBar( 1725): setLightsOn(true)
12-13 23:25:02.528 W/ResourceType( 1626): ResTable_typeSpec entry count inconsistent: given 67, previously 69
12-13 23:25:02.528 W/ResourceType( 1626): ResTable_typeSpec entry count inconsistent: given 5411, previously 5412
12-13 23:25:02.534 I/zygote  ( 1941): Deoptimizing void tma.c(java.lang.Runnable) due to JIT inline cache
12-13 23:25:02.563 D/CarrierSvcBindHelper( 1821): No carrier app for: 0
12-13 23:25:02.563 D/ImsResolver( 1821): maybeAddedImsService, packageName: com.google.android.gms
12-13 23:25:02.569 I/ProvidersCache( 3324): Provider returned no roots. Possibly naughty: com.google.android.apps.docs.storage
12-13 23:25:02.571 W/PeopleGalProvider( 2223): Not enabled to outside of GmsCore.
12-13 23:25:02.574 I/PeopleGalProvider( 2223): Method 0 completed.
12-13 23:25:02.584 I/ContactDirectoryManager( 2416): Directory provider com.google.android.gms(com.google.android.gms.people.gal.provider) returned a NULL cursor.
12-13 23:25:02.598 I/AssistStructure( 1626): Flattened final assist data: 4496 bytes, containing 2 windows, 19 views
12-13 23:25:02.608 W/lgq     ( 1941): Pending fill request while another request in the same session was triggered. [CONTEXT service_id=177 ]
12-13 23:25:02.641 E/SurfaceFlinger( 1410): ro.sf.lcd_density must be defined as a build property
12-13 23:25:02.641 D/PermissionCache( 1410): checking android.permission.READ_FRAME_BUFFER for uid=2000 => granted (90 us)
12-13 23:25:02.658 D/gralloc_ranchu( 1396): gralloc_alloc: Creating ashmem region of size 8298496
12-13 23:25:02.668 D/        ( 3954): HostConnection::get() New Host Connection established 0xaf8af800, tid 3954
12-13 23:25:03.067 W/Nearby  ( 1941): Failed attempt #3 out of 3 for RestoreDeviceName [CONTEXT service_id=49 ]
12-13 23:25:03.067 W/Nearby  ( 1941): java.lang.IllegalStateException: BluetoothAdapter not ready yet!
12-13 23:25:03.067 W/Nearby  ( 1941): 	at alhd.g(:com.google.android.gms@204713022@20.47.13 (040700-344095733):2)
12-13 23:25:03.067 W/Nearby  ( 1941): 	at alhc.run(Unknown Source:0)
12-13 23:25:03.067 W/Nearby  ( 1941): 	at bznt.call(Unknown Source:0)
12-13 23:25:03.067 W/Nearby  ( 1941): 	at bzny.b(:com.google.android.gms@204713022@20.47.13 (040700-344095733):2)
12-13 23:25:03.067 W/Nearby  ( 1941): 	at bzny.a(:com.google.android.gms@204713022@20.47.13 (040700-344095733):0)
12-13 23:25:03.067 W/Nearby  ( 1941): 	at alhb.run(Unknown Source:2)
12-13 23:25:03.067 W/Nearby  ( 1941): 	at java.lang.Thread.run(Thread.java:764)
12-13 23:25:03.067 W/Nearby  ( 1941): 	at tly.run(Unknown Source:5)
12-13 23:25:03.067 W/Nearby  ( 1941): 	at java.util.concurrent.ThreadPoolExecutor.runWorker(ThreadPoolExecutor.java:1162)
12-13 23:25:03.067 W/Nearby  ( 1941): 	at java.util.concurrent.ThreadPoolExecutor$Worker.run(ThreadPoolExecutor.java:636)
12-13 23:25:03.067 W/Nearby  ( 1941): 	at trx.run(:com.google.android.gms@204713022@20.47.13 (040700-344095733):0)
12-13 23:25:03.067 W/Nearby  ( 1941): 	at java.lang.Thread.run(Thread.java:764)
12-13 23:25:03.072 W/Binder  ( 1626): Outgoing transactions from this process must be FLAG_ONEWAY
12-13 23:25:03.072 W/Binder  ( 1626): java.lang.Throwable
12-13 23:25:03.072 W/Binder  ( 1626): 	at android.os.BinderProxy.transact(Binder.java:736)
12-13 23:25:03.072 W/Binder  ( 1626): 	at com.android.internal.location.ILocationProvider$Stub$Proxy.getProperties(ILocationProvider.java:232)
12-13 23:25:03.072 W/Binder  ( 1626): 	at com.android.server.location.LocationProviderProxy$1.run(LocationProviderProxy.java:119)
12-13 23:25:03.072 W/Binder  ( 1626): 	at android.os.Handler.handleCallback(Handler.java:789)
12-13 23:25:03.072 W/Binder  ( 1626): 	at android.os.Handler.dispatchMessage(Handler.java:98)
12-13 23:25:03.072 W/Binder  ( 1626): 	at android.os.Looper.loop(Looper.java:164)
12-13 23:25:03.072 W/Binder  ( 1626): 	at android.os.HandlerThread.run(HandlerThread.java:65)
12-13 23:25:03.079 W/Binder  ( 1626): Outgoing transactions from this process must be FLAG_ONEWAY
12-13 23:25:03.079 W/Binder  ( 1626): java.lang.Throwable
12-13 23:25:03.079 W/Binder  ( 1626): 	at android.os.BinderProxy.transact(Binder.java:736)
12-13 23:25:03.079 W/Binder  ( 1626): 	at com.android.internal.location.ILocationProvider$Stub$Proxy.getProperties(ILocationProvider.java:232)
12-13 23:25:03.079 W/Binder  ( 1626): 	at com.android.server.location.LocationProviderProxy$1.run(LocationProviderProxy.java:119)
12-13 23:25:03.079 W/Binder  ( 1626): 	at android.os.Handler.handleCallback(Handler.java:789)
12-13 23:25:03.079 W/Binder  ( 1626): 	at android.os.Handler.dispatchMessage(Handler.java:98)
12-13 23:25:03.079 W/Binder  ( 1626): 	at android.os.Looper.loop(Looper.java:164)
12-13 23:25:03.079 W/Binder  ( 1626): 	at android.os.HandlerThread.run(HandlerThread.java:65)
12-13 23:25:03.106 I/Icing   ( 2223): updateResources: need to parse adiq{com.google.android.gms}
12-13 23:25:03.133 I/Fitness ( 1941): OnPackageChangedOperation got intent: Intent { act=android.intent.action.PACKAGE_CHANGED dat=package:com.google.android.gms flg=0x45000010 pkg=com.google.android.gms cmp=com.google.android.gms/.chimera.PersistentIntentOperationService (has extras) } [CONTEXT service_id=17 ]
12-13 23:25:03.163 I/Fitness ( 1941): FitCleanupIntentOperation received Intent android.intent.action.PACKAGE_CHANGED [CONTEXT service_id=17 ]
12-13 23:25:03.164 I/Icing   ( 2223): IndexChimeraService.getServiceInterface callingPackage=com.google.android.gms componentName=AppsCorpus serviceId=36
