--------- beginning of main
12-13 23:25:40.952 E/adbd    ( 1383): failed to connect to socket 'tcp:7102': Connection refused
12-13 23:25:41.001 V/StatusBar( 1725): setLightsOn(true)
--------- beginning of system
12-13 23:25:41.012 W/ActivityManager( 1626): Finishing task with all activities already finished
12-13 23:25:41.012 W/ActivityManager( 1626): Duplicate finish request for ActivityRecord{2c710c9 u0 com.evancharlton.mileage/.Mileage t91 f}
12-13 23:25:41.014 W/ActivityManager( 1626): Finishing task with all activities already finished
12-13 23:25:41.014 W/ActivityManager( 1626): Duplicate finish request for ActivityRecord{2c710c9 u0 com.evancharlton.mileage/.Mileage t91 f}
12-13 23:25:41.014 W/ActivityManager( 1626): Finishing task with all activities already finished
12-13 23:25:41.014 W/ActivityManager( 1626): Duplicate finish request for ActivityRecord{2c710c9 u0 com.evancharlton.mileage/.Mileage t91 f}
12-13 23:25:41.020 I/chatty  ( 1725): uid=10028(u0_a28) com.android.systemui identical 3 lines
12-13 23:25:41.020 W/ActivityManager( 1626): Finishing task with all activities already finished
12-13 23:25:41.020 W/ActivityManager( 1626): Duplicate finish request for ActivityRecord{2c710c9 u0 com.evancharlton.mileage/.Mileage t91 f}
12-13 23:25:41.023 W/ActivityManager( 1626): Finishing task with all activities already finished
12-13 23:25:41.023 W/ActivityManager( 1626): Duplicate finish request for ActivityRecord{2c710c9 u0 com.evancharlton.mileage/.Mileage t91 f}
12-13 23:25:41.030 V/StatusBar( 1725): setLightsOn(true)
12-13 23:25:41.031 D/gralloc_ranchu( 1396): gralloc_alloc: Creating ashmem region of size 8298496
12-13 23:25:41.032 D/SurfaceFlinger( 1410): duplicate layer name: changing com.google.android.apps.nexuslauncher/com.google.android.apps.nexuslauncher.NexusLauncherActivity to com.google.android.apps.nexuslauncher/com.google.android.apps.nexuslauncher.NexusLauncherActivity#1
12-13 23:25:41.033 W/ActivityManager( 1626): Finishing task with all activities already finished
12-13 23:25:41.033 W/ActivityManager( 1626): Duplicate finish request for ActivityRecord{2c710c9 u0 com.evancharlton.mileage/.Mileage t91 f}
12-13 23:25:41.038 W/ActivityManager( 1626): Finishing task with all activities already finished
12-13 23:25:41.038 W/ActivityManager( 1626): Duplicate finish request for ActivityRecord{2c710c9 u0 com.evancharlton.mileage/.Mileage t91 f}
12-13 23:25:41.040 W/ActivityManager( 1626): Finishing task with all activities already finished
12-13 23:25:41.040 W/ActivityManager( 1626): Duplicate finish request for ActivityRecord{2c710c9 u0 com.evancharlton.mileage/.Mileage t91 f}
12-13 23:25:41.042 W/ActivityManager( 1626): Finishing task with all activities already finished
12-13 23:25:41.042 W/ActivityManager( 1626): Duplicate finish request for ActivityRecord{2c710c9 u0 com.evancharlton.mileage/.Mileage t91 f}
12-13 23:25:41.045 D/gralloc_ranchu( 1396): gralloc_alloc: Creating ashmem region of size 8298496
12-13 23:25:41.047 W/ActivityManager( 1626): Finishing task with all activities already finished
12-13 23:25:41.047 W/ActivityManager( 1626): Duplicate finish request for ActivityRecord{2c710c9 u0 com.evancharlton.mileage/.Mileage t91 f}
12-13 23:25:41.048 W/ActivityManager( 1626): Finishing task with all activities already finished
12-13 23:25:41.048 W/ActivityManager( 1626): Duplicate finish request for ActivityRecord{2c710c9 u0 com.evancharlton.mileage/.Mileage t91 f}
12-13 23:25:41.056 D/EGL_emulation( 1725): eglMakeCurrent: 0xa71048a0: ver 3 0 (tinfo 0xa7103480)
12-13 23:25:41.060 D/gralloc_ranchu( 1396): gralloc_alloc: Creating ashmem region of size 8298496
12-13 23:25:41.139 D/gralloc_ranchu( 1396): gralloc_alloc: Creating ashmem region of size 8298496
12-13 23:25:41.156 W/audio_hw_generic( 1390): Not supplying enough data to HAL, expected position 837679 , only wrote 597600
12-13 23:25:41.226 E/IPCThreadState( 1410): binder thread pool (4 threads) starved for 172 ms
12-13 23:25:41.228 D/gralloc_ranchu( 1396): gralloc_alloc: Creating ashmem region of size 8298496
12-13 23:25:41.388 I/chatty  ( 1396): uid=1000(system) allocator@2.0-s identical 2 lines
12-13 23:25:41.460 D/gralloc_ranchu( 1396): gralloc_alloc: Creating ashmem region of size 8298496
12-13 23:25:41.463 D/EGL_emulation( 2171): eglMakeCurrent: 0xa7104720: ver 3 0 (tinfo 0xa7103670)
12-13 23:25:41.532 D/gralloc_ranchu( 1396): gralloc_alloc: Creating ashmem region of size 8298496
12-13 23:25:41.607 D/EGL_emulation( 2141): eglMakeCurrent: 0xa7104420: ver 3 0 (tinfo 0xa71033e0)
12-13 23:25:41.614 D/gralloc_ranchu( 1396): gralloc_alloc: Creating ashmem region of size 8298496
12-13 23:25:41.650 W/ActivityManager( 1626): Unable to start service Intent { act=com.google.android.gms.speech.service.START pkg=com.google.android.gms } U=0: not found
12-13 23:25:41.650 W/ActivityManager( 1626): Unbind failed: could not find connection for android.os.BinderProxy@e7b9f02
12-13 23:25:41.650 E/GmsClient( 2171): unable to connect to service: com.google.android.gms.speech.service.START on com.google.android.gms
12-13 23:25:41.652 W/SessionLifecycleManager( 2171): Handover failed. Creating new session controller.
12-13 23:25:41.664 I/OptInState( 2171): There is a new client and it does not support opt-in. Dropping request.
12-13 23:25:41.718 D/gralloc_ranchu( 1396): gralloc_alloc: Creating ashmem region of size 7753728
12-13 23:25:41.748 D/EGL_emulation( 1725): eglMakeCurrent: 0xa71048a0: ver 3 0 (tinfo 0xa7103480)
12-13 23:25:41.770 I/MicroDetectionWorker( 2171): #updateMicroDetector [detectionMode: [mDetectionMode: [1]]]
12-13 23:25:41.777 I/MicroDetectionWorker( 2171): #startMicroDetector [speakerMode: 0]
12-13 23:25:41.782 I/AudioController( 2171): Using mInputStreamFactoryBuilder
12-13 23:25:41.782 D/EGL_emulation( 1725): eglMakeCurrent: 0xa71048a0: ver 3 0 (tinfo 0xa7103480)
12-13 23:25:41.800 D/EGL_emulation( 1725): eglMakeCurrent: 0xa71048a0: ver 3 0 (tinfo 0xa7103480)
12-13 23:25:41.801 I/MicroDetectionWorker( 2171): onReady
12-13 23:25:41.809 D/EGL_emulation( 1725): eglMakeCurrent: 0xa71048a0: ver 3 0 (tinfo 0xa7103480)
12-13 23:25:41.811 I/MicroRecognitionRunner( 2171): Starting detection.
12-13 23:25:41.821 D/EGL_emulation( 1725): eglMakeCurrent: 0xa71048a0: ver 3 0 (tinfo 0xa7103480)
12-13 23:25:41.840 I/MicrophoneInputStream( 2171): mic_starting com.google.android.apps.gsa.staticplugins.aa.c@5c2670d
12-13 23:25:41.870 I/AudioFlinger( 1475): AudioFlinger's thread 0xb09097c0 tid=4518 ready to run
12-13 23:25:41.889 I/MicrophoneInputStream( 2171): mic_started com.google.android.apps.gsa.staticplugins.aa.c@5c2670d
12-13 23:25:41.889 E/ActivityThread( 2171): Failed to find provider info for com.google.android.apps.gsa.testing.ui.audio.recorded
12-13 23:25:41.893 I/MicroDetectionWorker( 2171): onReady
12-13 23:25:41.894 D/EGL_emulation( 1725): eglMakeCurrent: 0xa71048a0: ver 3 0 (tinfo 0xa7103480)
12-13 23:25:41.895 I/MicrophoneInputStream( 2171): mic_close com.google.android.apps.gsa.staticplugins.aa.c@5c2670d
12-13 23:25:41.902 I/MicroRecognitionRunner( 2171): Detection finished
12-13 23:25:41.905 D/EGL_emulation( 1725): eglMakeCurrent: 0xa71048a0: ver 3 0 (tinfo 0xa7103480)
12-13 23:25:41.913 W/ErrorReporter( 2171): reportError [type: 211, code: 524300]: Error reading from input stream
12-13 23:25:41.914 D/EGL_emulation( 1725): eglMakeCurrent: 0xa71048a0: ver 3 0 (tinfo 0xa7103480)
12-13 23:25:41.921 D/EGL_emulation( 1725): eglMakeCurrent: 0xa71048a0: ver 3 0 (tinfo 0xa7103480)
12-13 23:25:41.930 I/zygote  ( 1725): NativeAllocBackground concurrent copying GC freed 11289(755KB) AllocSpace objects, 0(0B) LOS objects, 49% free, 4MB/9MB, paused 1.804ms total 179.322ms
12-13 23:25:41.930 I/MicroRecognitionRunner( 2171): Stopping hotword detection.
12-13 23:25:41.939 D/EGL_emulation( 1725): eglMakeCurrent: 0xa71048a0: ver 3 0 (tinfo 0xa7103480)
12-13 23:25:41.941 W/ErrorProcessor( 2171): onFatalError, processing error from engine(4)
12-13 23:25:41.941 W/ErrorProcessor( 2171): com.google.android.apps.gsa.shared.speech.b.g: Error reading from input stream
12-13 23:25:41.941 W/ErrorProcessor( 2171): 	at com.google.android.apps.gsa.staticplugins.recognizer.j.a.a(SourceFile:28)
12-13 23:25:41.941 W/ErrorProcessor( 2171): 	at com.google.android.apps.gsa.staticplugins.recognizer.j.b.run(SourceFile:15)
12-13 23:25:41.941 W/ErrorProcessor( 2171): 	at java.util.concurrent.Executors$RunnableAdapter.call(Executors.java:457)
12-13 23:25:41.941 W/ErrorProcessor( 2171): 	at java.util.concurrent.FutureTask.run(FutureTask.java:266)
12-13 23:25:41.941 W/ErrorProcessor( 2171): 	at com.google.android.apps.gsa.shared.util.concurrent.a.ax.run(SourceFile:14)
12-13 23:25:41.941 W/ErrorProcessor( 2171): 	at com.google.android.apps.gsa.shared.util.concurrent.a.bl.run(SourceFile:4)
12-13 23:25:41.941 W/ErrorProcessor( 2171): 	at com.google.android.apps.gsa.shared.util.concurrent.a.bl.run(SourceFile:4)
12-13 23:25:41.941 W/ErrorProcessor( 2171): 	at java.util.concurrent.ThreadPoolExecutor.runWorker(ThreadPoolExecutor.java:1162)
12-13 23:25:41.941 W/ErrorProcessor( 2171): 	at java.util.concurrent.ThreadPoolExecutor$Worker.run(ThreadPoolExecutor.java:636)
12-13 23:25:41.941 W/ErrorProcessor( 2171): 	at java.lang.Thread.run(Thread.java:764)
12-13 23:25:41.941 W/ErrorProcessor( 2171): 	at com.google.android.apps.gsa.shared.util.concurrent.a.ai.run(SourceFile:6)
12-13 23:25:41.941 W/ErrorProcessor( 2171): Caused by: com.google.android.apps.gsa.shared.exception.GsaIOException: Error code: 393238 | Buffer overflow, no available space.
12-13 23:25:41.941 W/ErrorProcessor( 2171): 	at com.google.android.apps.gsa.speech.audio.Tee.f(SourceFile:103)
12-13 23:25:41.941 W/ErrorProcessor( 2171): 	at com.google.android.apps.gsa.speech.audio.au.read(SourceFile:2)
12-13 23:25:41.941 W/ErrorProcessor( 2171): 	at java.io.InputStream.read(InputStream.java:101)
12-13 23:25:41.941 W/ErrorProcessor( 2171): 	at com.google.android.apps.gsa.speech.audio.ao.run(SourceFile:18)
12-13 23:25:41.941 W/ErrorProcessor( 2171): 	at com.google.android.apps.gsa.speech.audio.an.run(SourceFile:2)
12-13 23:25:41.941 W/ErrorProcessor( 2171): 	... 9 more
12-13 23:25:41.941 I/AudioController( 2171): internalShutdown
12-13 23:25:41.948 D/EGL_emulation( 1725): eglMakeCurrent: 0xa71048a0: ver 3 0 (tinfo 0xa7103480)
12-13 23:25:41.949 I/MicroDetector( 2171): Keeping mic open: false
12-13 23:25:41.949 I/MicroDetectionWorker( 2171): #onError(false)
12-13 23:25:41.950 I/DeviceStateChecker( 2171): DeviceStateChecker cancelled
12-13 23:25:41.984 D/EGL_emulation( 1725): eglMakeCurrent: 0xa71048a0: ver 3 0 (tinfo 0xa7103480)
12-13 23:25:41.998 W/OpenGLRenderer( 2141): Incorrectly called buildLayer on View: ShortcutAndWidgetContainer, destroying layer...
12-13 23:25:41.999 E/memtrack( 1626): Couldn't load memtrack module
12-13 23:25:41.999 W/android.os.Debug( 1626): failed to get memory consumption info: -1
12-13 23:25:42.000 D/gralloc_ranchu( 1396): gralloc_alloc: Creating ashmem region of size 8298496
12-13 23:25:42.027 D/AndroidRuntime( 4513): >>>>>> START com.android.internal.os.RuntimeInit uid 2000 <<<<<<
12-13 23:25:42.029 D/EGL_emulation( 1725): eglMakeCurrent: 0xa71048a0: ver 3 0 (tinfo 0xa7103480)
12-13 23:25:42.036 I/zygote  ( 2171): Background concurrent copying GC freed 7556(537KB) AllocSpace objects, 7(188KB) LOS objects, 49% free, 4MB/8MB, paused 1.184ms total 220.179ms
12-13 23:25:42.088 E/memtrack( 1626): Couldn't load memtrack module
12-13 23:25:42.088 W/android.os.Debug( 1626): failed to get memory consumption info: -1
12-13 23:25:42.093 I/zygote  ( 2171): Do full code cache collection, code=497KB, data=353KB
12-13 23:25:42.093 I/zygote  ( 2171): After code cache collection, code=492KB, data=311KB
12-13 23:25:42.114 W/app_process( 4513): Unexpected CPU variant for X86 using defaults: x86
12-13 23:25:42.136 D/AndroidRuntime( 4513): Calling main entry com.android.commands.am.Am
12-13 23:25:42.139 I/ActivityManager( 1626): Force stopping com.evancharlton.mileage appid=10164 user=0: start instr
12-13 23:25:42.139 I/ActivityManager( 1626): Killing 4429:com.evancharlton.mileage/u0a164 (adj 0): stop com.evancharlton.mileage
12-13 23:25:42.144 W/ActivityManager( 1626): Crash of app com.evancharlton.mileage running instrumentation ComponentInfo{com.evancharlton.mileage.test/sh.calaba.instrumentationbackend.CalabashInstrumentationTestRunner}
12-13 23:25:42.144 I/ActivityManager( 1626): Force stopping com.evancharlton.mileage appid=10164 user=0: finished inst
12-13 23:25:42.152 I/zygote  ( 4527): Not late-enabling -Xcheck:jni (already on)
12-13 23:25:42.158 I/ActivityManager( 1626): Start proc 4527:com.evancharlton.mileage/u0a164 for added application com.evancharlton.mileage
12-13 23:25:42.161 D/AndroidRuntime( 4513): Shutting down VM
12-13 23:25:42.169 W/zygote  ( 4527): Unexpected CPU variant for X86 using defaults: x86
12-13 23:25:42.196 W/ActivityManager( 1626): setHasOverlayUi called on unknown pid: 4429
12-13 23:25:42.199 E/adbd    ( 1383): failed to connect to socket 'tcp:7102': Connection refused
12-13 23:25:42.203 W/zygote  ( 4527): Found duplicate classes, falling back to extracting from APK : /data/app/com.evancharlton.mileage.test-YQdTRlNI8BLGSqW3LrevgA==/base.apk
12-13 23:25:42.203 W/zygote  ( 4527): NOTE: This wastes RAM and hurts startup performance.
12-13 23:25:42.203 W/zygote  ( 4527): Found duplicated class when checking oat files: 'Ljunit/runner/BaseTestRunner;' in /data/app/com.evancharlton.mileage.test-YQdTRlNI8BLGSqW3LrevgA==/base.apk and /system/framework/android.test.runner.jar
12-13 23:25:42.203 W/zygote  ( 4527): 
12-13 23:25:42.204 E/adbd    ( 1383): failed to connect to socket 'tcp:7102': Connection refused
12-13 23:25:42.217 I/OpenGLRenderer( 1626): Initialized EGL, version 1.4
12-13 23:25:42.217 D/OpenGLRenderer( 1626): Swap behavior 1
12-13 23:25:42.217 W/OpenGLRenderer( 1626): Failed to choose config with EGL_SWAP_BEHAVIOR_PRESERVED, retrying without...
12-13 23:25:42.218 D/OpenGLRenderer( 1626): Swap behavior 0
12-13 23:25:42.224 D/EGL_emulation( 1626): eglCreateContext: 0x95897aa0: maj 3 min 0 rcv 3
12-13 23:25:42.228 D/EGL_emulation( 1626): eglMakeCurrent: 0x95897aa0: ver 3 0 (tinfo 0x93365690)
12-13 23:25:42.229 E/eglCodecCommon( 1626): glUtilsParamSize: unknow param 0x00008cdf
12-13 23:25:42.229 E/eglCodecCommon( 1626): glUtilsParamSize: unknow param 0x00008cdf
12-13 23:25:42.229 E/eglCodecCommon( 1626): glUtilsParamSize: unknow param 0x00008824
12-13 23:25:42.230 E/eglCodecCommon( 1626): glUtilsParamSize: unknow param 0x00008824
12-13 23:25:42.262 W/System  ( 4527): ClassLoader referenced unknown path: 
12-13 23:25:42.278 I/System.out( 4527): Main activity name automatically set to: com.evancharlton.mileage.Mileage
12-13 23:25:42.279 I/System.out( 4527): Calabash did not load Mono. This is only a problem if you are trying to test a Mono application
12-13 23:25:42.279 I/calabash( 4527): Test server port: 7102
12-13 23:25:42.280 I/InstrumentationBackend( 4527): Added:'GetPreferences', with key:'get_preferences'
12-13 23:25:42.322 E/adbd    ( 1383): failed to connect to socket 'tcp:7102': Connection refused
12-13 23:25:42.325 E/adbd    ( 1383): failed to connect to socket 'tcp:7102': Connection refused
12-13 23:25:42.346 I/InstrumentationBackend( 4527): Added:'SetPreferences', with key:'set_preferences'
12-13 23:25:42.347 I/InstrumentationBackend( 4527): Added:'ClearPreferences', with key:'clear_preferences'
12-13 23:25:42.347 I/InstrumentationBackend( 4527): Added:'PressElement', with key:'press_l10n_element'
12-13 23:25:42.347 I/InstrumentationBackend( 4527): Added:'WaitForElement', with key:'wait_for_l10n_element'
12-13 23:25:42.348 I/InstrumentationBackend( 4527): Added:'NullAction', with key:'nullAction'
12-13 23:25:42.348 I/InstrumentationBackend( 4527): Added:'PressKey', with key:'press_key'
12-13 23:25:42.349 I/InstrumentationBackend( 4527): Added:'SetActivityOrientation', with key:'set_activity_orientation'
12-13 23:25:42.349 I/InstrumentationBackend( 4527): Added:'GetActivityOrientation', with key:'get_activity_orientation'
12-13 23:25:42.350 I/InstrumentationBackend( 4527): Added:'FakeGPSLocation', with key:'set_gps_coordinates'
12-13 23:25:42.350 I/InstrumentationBackend( 4527): Added:'SetPropertyByCssSelector', with key:'set_property_by_css_selector'
12-13 23:25:42.351 I/InstrumentationBackend( 4527): Added:'GetUrl', with key:'get_url'
12-13 23:25:42.353 I/InstrumentationBackend( 4527): Added:'ScrollTo', with key:'scroll_to'
12-13 23:25:42.353 I/InstrumentationBackend( 4527): Added:'GetLoadProgress', with key:'get_load_progress'
12-13 23:25:42.354 I/InstrumentationBackend( 4527): Added:'DumpHtml', with key:'dump_html'
12-13 23:25:42.354 I/InstrumentationBackend( 4527): Added:'DumpBodyHtml', with key:'dump_body_html'
12-13 23:25:42.354 I/InstrumentationBackend( 4527): Added:'EnterTextByCssSelector', with key:'enter_text_by_selector'
12-13 23:25:42.359 I/InstrumentationBackend( 4527): Added:'AndroidSDKVersion', with key:'android_sdk_version'
12-13 23:25:42.359 I/InstrumentationBackend( 4527): Added:'Version', with key:'version'
12-13 23:25:42.359 I/InstrumentationBackend( 4527): Added:'Drag', with key:'drag'
12-13 23:25:42.360 I/InstrumentationBackend( 4527): Added:'TouchCoordinates', with key:'touch_coordinate'
12-13 23:25:42.360 I/InstrumentationBackend( 4527): Added:'LongPressCoordinate', with key:'long_press_coordinate'
12-13 23:25:42.360 I/InstrumentationBackend( 4527): Added:'DragCoordinates', with key:'drag_coordinates'
12-13 23:25:42.360 I/InstrumentationBackend( 4527): Added:'ResumeApplication', with key:'resume_application'
12-13 23:25:42.361 I/InstrumentationBackend( 4527): Added:'Swipe', with key:'swipe'
12-13 23:25:42.361 I/InstrumentationBackend( 4527): Added:'DoubleTapCoordinate', with key:'double_tap_coordinate'
12-13 23:25:42.361 I/InstrumentationBackend( 4527): Added:'ClickOnScreen', with key:'click_on_screen'
12-13 23:25:42.362 I/InstrumentationBackend( 4527): Added:'GetActivityName', with key:'get_activity_name'
12-13 23:25:42.362 I/InstrumentationBackend( 4527): Added:'ScrollToView', with key:'scroll_to_view'
12-13 23:25:42.363 I/InstrumentationBackend( 4527): Added:'ViewConfiguration', with key:'view_configuration'
12-13 23:25:42.363 I/InstrumentationBackend( 4527): Added:'IsCurrentActivityFocused', with key:'is_current_activity_focused'
12-13 23:25:42.363 I/InstrumentationBackend( 4527): Added:'SendTcp', with key:'send_tcp'
12-13 23:25:42.364 I/InstrumentationBackend( 4527): Added:'DpToDevicePixel', with key:'dp_to_device_pixel'
12-13 23:25:42.364 I/InstrumentationBackend( 4527): Added:'KeyboardEnterText', with key:'keyboard_enter_text'
12-13 23:25:42.365 I/InstrumentationBackend( 4527): Added:'DeleteSurroundingText', with key:'delete_surrounding_text'
12-13 23:25:42.365 I/InstrumentationBackend( 4527): Added:'SetComposingRegion', with key:'set_composing_region'
12-13 23:25:42.365 I/InstrumentationBackend( 4527): Added:'SetSelection', with key:'set_selection'
12-13 23:25:42.366 I/InstrumentationBackend( 4527): Added:'KeyboardKeyEvent', with key:'keyboard_key_event'
12-13 23:25:42.367 I/InstrumentationBackend( 4527): Added:'PressUserActionButton', with key:'press_user_action_button'
12-13 23:25:42.367 I/InstrumentationBackend( 4527): Added:'HideSoftKeyboard', with key:'hide_soft_keyboard'
12-13 23:25:42.368 I/InstrumentationBackend( 4527): Added:'ListActions', with key:'list_actions'
12-13 23:25:42.369 I/calabash( 4527): Instantiating http server at 7102
12-13 23:25:42.369 I/System.out( 4527): HTTP Daemon listening on: 7102
12-13 23:25:42.452 I/System.out( 4527): URI: //ping
12-13 23:25:42.452 I/System.out( 4527): params: {json={}
12-13 23:25:42.452 I/System.out( 4527): }
12-13 23:25:42.467 I/System.out( 4527): URI: //ping
12-13 23:25:42.468 I/System.out( 4527): params: {json={}
12-13 23:25:42.468 I/System.out( 4527): }
12-13 23:25:42.476 I/System.out( 4527): URI: //ready
12-13 23:25:42.477 I/System.out( 4527): params: {json={}
12-13 23:25:42.477 I/System.out( 4527): }
12-13 23:25:42.486 I/System.out( 4527): URI: //
12-13 23:25:42.486 I/System.out( 4527): params: {json={"command":"version","arguments":[]}
12-13 23:25:42.486 I/System.out( 4527): }
12-13 23:25:42.486 I/System.out( 4527): header: {content-type=application/json;charset=utf-8, date=Mon, 14 Dec 2020 04:25:42 GMT, accept=*/*, host=127.0.0.1:34777, content-length=36, user-agent=HTTPClient/1.0 (2.8.3, ruby 2.5.8 (2020-03-31))}
12-13 23:25:42.486 I/System.out( 4527): params: {json={"command":"version","arguments":[]}
12-13 23:25:42.486 I/System.out( 4527): }
12-13 23:25:42.486 I/System.out( 4527): ProP json = {"command":"version","arguments":[]}
12-13 23:25:42.486 I/System.out( 4527): files: {}
12-13 23:25:42.486 I/System.out( 4527): command: {"command":"version","arguments":[]}
12-13 23:25:42.518 I/InstrumentationBackend( 4527): Got command:'Command:'Line:null,version', arguments:'[]'
12-13 23:25:42.551 I/System.out( 4527): result:{"bonusInformation":[],"message":"0.9.8","success":true}
12-13 23:25:42.559 I/System.out( 4527): URI: //start-application
12-13 23:25:42.560 I/System.out( 4527): params: {json={"intent":null}
12-13 23:25:42.560 I/System.out( 4527): }
12-13 23:25:42.597 I/ActivityManager( 1626): START u0 {act=android.intent.action.MAIN cat=[android.intent.category.LAUNCHER] flg=0x10200000 cmp=com.evancharlton.mileage/.Mileage} from uid 10164
12-13 23:25:42.612 I/calabash( 4527): newActivity1
12-13 23:25:42.636 W/ActivityManager( 1626): Bad activity token: android.os.BinderProxy@d1801fe
12-13 23:25:42.636 W/ActivityManager( 1626): java.lang.ClassCastException: android.os.BinderProxy cannot be cast to com.android.server.am.ActivityRecord$Token
12-13 23:25:42.636 W/ActivityManager( 1626): 	at com.android.server.am.ActivityRecord.forTokenLocked(ActivityRecord.java:778)
12-13 23:25:42.636 W/ActivityManager( 1626): 	at com.android.server.am.ActivityRecord.isInStackLocked(ActivityRecord.java:2085)
12-13 23:25:42.636 W/ActivityManager( 1626): 	at com.android.server.am.ActivityRecord.getStackLocked(ActivityRecord.java:2090)
12-13 23:25:42.636 W/ActivityManager( 1626): 	at com.android.server.am.ActivityManagerService.getActivityDisplayId(ActivityManagerService.java:10406)
12-13 23:25:42.636 W/ActivityManager( 1626): 	at android.app.IActivityManager$Stub.onTransact(IActivityManager.java:2738)
12-13 23:25:42.636 W/ActivityManager( 1626): 	at com.android.server.am.ActivityManagerService.onTransact(ActivityManagerService.java:2935)
12-13 23:25:42.636 W/ActivityManager( 1626): 	at android.os.Binder.execTransact(Binder.java:674)
12-13 23:25:42.638 D/gralloc_ranchu( 1396): gralloc_alloc: Creating ashmem region of size 7753728
12-13 23:25:42.639 I/calabash( 4527): newActivity1
12-13 23:25:42.647 W/ActivityManager( 1626): Bad activity token: android.os.BinderProxy@d1801fe
12-13 23:25:42.647 W/ActivityManager( 1626): java.lang.ClassCastException: android.os.BinderProxy cannot be cast to com.android.server.am.ActivityRecord$Token
12-13 23:25:42.647 W/ActivityManager( 1626): 	at com.android.server.am.ActivityRecord.forTokenLocked(ActivityRecord.java:778)
12-13 23:25:42.647 W/ActivityManager( 1626): 	at com.android.server.am.ActivityRecord.isInStackLocked(ActivityRecord.java:2085)
12-13 23:25:42.647 W/ActivityManager( 1626): 	at com.android.server.am.ActivityManagerService.setTaskDescription(ActivityManagerService.java:9988)
12-13 23:25:42.647 W/ActivityManager( 1626): 	at android.app.IActivityManager$Stub.onTransact(IActivityManager.java:2824)
12-13 23:25:42.647 W/ActivityManager( 1626): 	at com.android.server.am.ActivityManagerService.onTransact(ActivityManagerService.java:2935)
12-13 23:25:42.647 W/ActivityManager( 1626): 	at android.os.Binder.execTransact(Binder.java:674)
12-13 23:25:42.650 W/ActivityManager( 1626): Bad activity token: android.os.BinderProxy@d1801fe
12-13 23:25:42.650 W/ActivityManager( 1626): java.lang.ClassCastException: android.os.BinderProxy cannot be cast to com.android.server.am.ActivityRecord$Token
12-13 23:25:42.650 W/ActivityManager( 1626): 	at com.android.server.am.ActivityRecord.forTokenLocked(ActivityRecord.java:778)
12-13 23:25:42.650 W/ActivityManager( 1626): 	at com.android.server.am.ActivityRecord.isInStackLocked(ActivityRecord.java:2085)
12-13 23:25:42.650 W/ActivityManager( 1626): 	at com.android.server.am.ActivityRecord.getStackLocked(ActivityRecord.java:2090)
12-13 23:25:42.650 W/ActivityManager( 1626): 	at com.android.server.am.ActivityManagerService.getActivityStackId(ActivityManagerService.java:10417)
12-13 23:25:42.650 W/ActivityManager( 1626): 	at android.app.IActivityManager$Stub.onTransact(IActivityManager.java:3548)
12-13 23:25:42.650 W/ActivityManager( 1626): 	at com.android.server.am.ActivityManagerService.onTransact(ActivityManagerService.java:2935)
12-13 23:25:42.650 W/ActivityManager( 1626): 	at android.os.Binder.execTransact(Binder.java:674)
12-13 23:25:42.699 V/StatusBar( 1725): setLightsOn(true)
12-13 23:25:42.701 D/EGL_emulation( 2171): eglMakeCurrent: 0xa7104720: ver 3 0 (tinfo 0xa7103670)
12-13 23:25:42.701 D/EGL_emulation( 2141): eglMakeCurrent: 0xa7104420: ver 3 0 (tinfo 0xa71033e0)
12-13 23:25:42.726 D/EGL_emulation( 1725): eglMakeCurrent: 0xa71048a0: ver 3 0 (tinfo 0xa7103480)
12-13 23:25:42.743 I/chatty  ( 1725): uid=10028(u0_a28) RenderThread identical 1 line
12-13 23:25:42.745 D/EGL_emulation( 1725): eglMakeCurrent: 0xa71048a0: ver 3 0 (tinfo 0xa7103480)
12-13 23:25:42.752 V/StatusBar( 1725): setLightsOn(true)
12-13 23:25:42.759 D/EGL_emulation( 1725): eglMakeCurrent: 0xa71048a0: ver 3 0 (tinfo 0xa7103480)
12-13 23:25:42.761 E/ContentStoreEUAS( 2171): Failed to commit the deferred actions
12-13 23:25:42.762 D/EGL_emulation( 1725): eglMakeCurrent: 0xa71048a0: ver 3 0 (tinfo 0xa7103480)
12-13 23:25:42.782 W/ActivityManager( 1626): Bad activity token: android.os.BinderProxy@d1801fe
12-13 23:25:42.782 W/ActivityManager( 1626): java.lang.ClassCastException: android.os.BinderProxy cannot be cast to com.android.server.am.ActivityRecord$Token
12-13 23:25:42.782 W/ActivityManager( 1626): 	at com.android.server.am.ActivityRecord.forTokenLocked(ActivityRecord.java:778)
12-13 23:25:42.782 W/ActivityManager( 1626): 	at com.android.server.am.ActivityRecord.isInStackLocked(ActivityRecord.java:2085)
12-13 23:25:42.782 W/ActivityManager( 1626): 	at com.android.server.am.ActivityManagerService.getActivityOptions(ActivityManagerService.java:13302)
12-13 23:25:42.782 W/ActivityManager( 1626): 	at android.app.IActivityManager$Stub.onTransact(IActivityManager.java:2910)
12-13 23:25:42.782 W/ActivityManager( 1626): 	at com.android.server.am.ActivityManagerService.onTransact(ActivityManagerService.java:2935)
12-13 23:25:42.782 W/ActivityManager( 1626): 	at android.os.Binder.execTransact(Binder.java:674)
12-13 23:25:42.782 W/ActivityManager( 1626): Bad activity token: android.os.BinderProxy@d1801fe
12-13 23:25:42.782 W/ActivityManager( 1626): java.lang.ClassCastException: android.os.BinderProxy cannot be cast to com.android.server.am.ActivityRecord$Token
12-13 23:25:42.782 W/ActivityManager( 1626): 	at com.android.server.am.ActivityRecord.forTokenLocked(ActivityRecord.java:778)
12-13 23:25:42.782 W/ActivityManager( 1626): 	at com.android.server.am.ActivityRecord.isInStackLocked(ActivityRecord.java:2085)
12-13 23:25:42.782 W/ActivityManager( 1626): 	at com.android.server.am.ActivityManagerService.getActivityOptions(ActivityManagerService.java:13302)
12-13 23:25:42.782 W/ActivityManager( 1626): 	at android.app.IActivityManager$Stub.onTransact(IActivityManager.java:2910)
12-13 23:25:42.782 W/ActivityManager( 1626): 	at com.android.server.am.ActivityManagerService.onTransact(ActivityManagerService.java:2935)
12-13 23:25:42.782 W/ActivityManager( 1626): 	at android.os.Binder.execTransact(Binder.java:674)
12-13 23:25:42.897 I/chatty  ( 1725): uid=10028(u0_a28) RenderThread identical 15 lines
12-13 23:25:42.906 D/EGL_emulation( 1725): eglMakeCurrent: 0xa71048a0: ver 3 0 (tinfo 0xa7103480)
12-13 23:25:42.909 V/StatusBar( 1725): setLightsOn(true)
12-13 23:25:42.927 D/EGL_emulation( 1725): eglMakeCurrent: 0xa71048a0: ver 3 0 (tinfo 0xa7103480)
12-13 23:25:42.939 I/zygote  ( 4527): Do partial code cache collection, code=28KB, data=30KB
12-13 23:25:42.940 I/zygote  ( 4527): After code cache collection, code=28KB, data=30KB
12-13 23:25:42.940 I/zygote  ( 4527): Increasing code cache capacity to 128KB
12-13 23:25:42.942 I/zygote  ( 4527): Do partial code cache collection, code=28KB, data=47KB
12-13 23:25:42.943 I/zygote  ( 4527): After code cache collection, code=28KB, data=47KB
12-13 23:25:42.943 I/zygote  ( 4527): Increasing code cache capacity to 256KB
12-13 23:25:42.943 I/zygote  ( 4527): JIT allocated 71KB for compiled code of void android.widget.TextView.<init>(android.content.Context, android.util.AttributeSet, int, int)
12-13 23:25:42.944 I/zygote  ( 4527): Compiler allocated 4MB to compile void android.widget.TextView.<init>(android.content.Context, android.util.AttributeSet, int, int)
12-13 23:25:42.963 V/StatusBar( 1725): setLightsOn(true)
12-13 23:25:42.966 I/chatty  ( 1725): uid=10028(u0_a28) com.android.systemui identical 1 line
12-13 23:25:42.966 V/StatusBar( 1725): setLightsOn(true)
12-13 23:25:43.016 D/gralloc_ranchu( 1396): gralloc_alloc: Creating ashmem region of size 7753728
12-13 23:25:43.037 D/        ( 4527): HostConnection::get() New Host Connection established 0xa47afcc0, tid 4527
12-13 23:25:43.087 V/StatusBar( 1725): setLightsOn(true)
12-13 23:25:43.087 V/StatusBar( 1725): setLightsOn(true)
12-13 23:25:43.092 I/ActivityManager( 1626): Displayed com.evancharlton.mileage/.Mileage: +483ms
12-13 23:25:43.098 V/StatusBar( 1725): setLightsOn(true)
12-13 23:25:43.122 V/StatusBar( 1725): setLightsOn(true)
12-13 23:25:43.135 D/gralloc_ranchu( 1396): gralloc_alloc: Creating ashmem region of size 7753728
12-13 23:25:43.141 V/StatusBar( 1725): setLightsOn(true)
12-13 23:25:43.280 I/zygote  ( 4527): Do full code cache collection, code=125KB, data=71KB
12-13 23:25:43.280 I/zygote  ( 4527): After code cache collection, code=108KB, data=44KB
12-13 23:25:43.313 V/StatusBar( 1725): setLightsOn(true)
12-13 23:25:43.320 I/System.out( 4527): URI: //gesture
12-13 23:25:43.320 I/System.out( 4527): params: {json={"query_timeout":5.0,"gestures":[{"query_string":"android.widget.TabWidget descendant TextView index:1","touches":[{"x":50,"y":50,"offset_x":0,"offset_y":0,"wait":0.0,"time":0.2,"release":true,"query_string":null}]}]}
12-13 23:25:43.320 I/System.out( 4527): }
12-13 23:25:43.332 V/StatusBar( 1725): setLightsOn(true)
12-13 23:25:43.426 I/chatty  ( 1725): uid=10028(u0_a28) com.android.systemui identical 1 line
12-13 23:25:43.444 V/StatusBar( 1725): setLightsOn(true)
12-13 23:25:43.453 W/SurfaceFlinger( 1410): couldn't log to binary event log: overflow.
12-13 23:25:43.551 I/PBSessionCacheImpl( 2171): Deleted sessionId[2558699838649] from persistence.
12-13 23:25:43.572 W/SearchService( 2171): Abort, client detached.
12-13 23:25:43.719 W/audio_hw_generic( 1390): Not supplying enough data to HAL, expected position 597898 , only wrote 597600
12-13 23:25:43.721 W/ActivityManager( 1626): Bad activity token: android.os.BinderProxy@9029dc8
12-13 23:25:43.721 W/ActivityManager( 1626): java.lang.ClassCastException: android.os.BinderProxy cannot be cast to com.android.server.am.ActivityRecord$Token
12-13 23:25:43.721 W/ActivityManager( 1626): 	at com.android.server.am.ActivityRecord.forTokenLocked(ActivityRecord.java:778)
12-13 23:25:43.721 W/ActivityManager( 1626): 	at com.android.server.am.ActivityRecord.isInStackLocked(ActivityRecord.java:2085)
12-13 23:25:43.721 W/ActivityManager( 1626): 	at com.android.server.am.ActivityRecord.getStackLocked(ActivityRecord.java:2090)
12-13 23:25:43.721 W/ActivityManager( 1626): 	at com.android.server.am.ActivityManagerService.getActivityDisplayId(ActivityManagerService.java:10406)
12-13 23:25:43.721 W/ActivityManager( 1626): 	at android.app.IActivityManager$Stub.onTransact(IActivityManager.java:2738)
12-13 23:25:43.721 W/ActivityManager( 1626): 	at com.android.server.am.ActivityManagerService.onTransact(ActivityManagerService.java:2935)
12-13 23:25:43.721 W/ActivityManager( 1626): 	at android.os.Binder.execTransact(Binder.java:674)
12-13 23:25:43.723 I/calabash( 4527): newActivity1
12-13 23:25:43.728 W/ActivityManager( 1626): Bad activity token: android.os.BinderProxy@9029dc8
12-13 23:25:43.728 W/ActivityManager( 1626): java.lang.ClassCastException: android.os.BinderProxy cannot be cast to com.android.server.am.ActivityRecord$Token
12-13 23:25:43.728 W/ActivityManager( 1626): 	at com.android.server.am.ActivityRecord.forTokenLocked(ActivityRecord.java:778)
12-13 23:25:43.728 W/ActivityManager( 1626): 	at com.android.server.am.ActivityRecord.isInStackLocked(ActivityRecord.java:2085)
12-13 23:25:43.728 W/ActivityManager( 1626): 	at com.android.server.am.ActivityManagerService.setTaskDescription(ActivityManagerService.java:9988)
12-13 23:25:43.728 W/ActivityManager( 1626): 	at android.app.IActivityManager$Stub.onTransact(IActivityManager.java:2824)
12-13 23:25:43.728 W/ActivityManager( 1626): 	at com.android.server.am.ActivityManagerService.onTransact(ActivityManagerService.java:2935)
12-13 23:25:43.728 W/ActivityManager( 1626): 	at android.os.Binder.execTransact(Binder.java:674)
12-13 23:25:43.729 W/ActivityManager( 1626): Bad activity token: android.os.BinderProxy@9029dc8
12-13 23:25:43.729 W/ActivityManager( 1626): java.lang.ClassCastException: android.os.BinderProxy cannot be cast to com.android.server.am.ActivityRecord$Token
12-13 23:25:43.729 W/ActivityManager( 1626): 	at com.android.server.am.ActivityRecord.forTokenLocked(ActivityRecord.java:778)
12-13 23:25:43.729 W/ActivityManager( 1626): 	at com.android.server.am.ActivityRecord.isInStackLocked(ActivityRecord.java:2085)
12-13 23:25:43.729 W/ActivityManager( 1626): 	at com.android.server.am.ActivityRecord.getStackLocked(ActivityRecord.java:2090)
12-13 23:25:43.729 W/ActivityManager( 1626): 	at com.android.server.am.ActivityManagerService.getActivityStackId(ActivityManagerService.java:10417)
12-13 23:25:43.729 W/ActivityManager( 1626): 	at android.app.IActivityManager$Stub.onTransact(IActivityManager.java:3548)
12-13 23:25:43.729 W/ActivityManager( 1626): 	at com.android.server.am.ActivityManagerService.onTransact(ActivityManagerService.java:2935)
12-13 23:25:43.729 W/ActivityManager( 1626): 	at android.os.Binder.execTransact(Binder.java:674)
12-13 23:25:43.786 W/ActivityManager( 1626): Bad activity token: android.os.BinderProxy@9029dc8
12-13 23:25:43.786 W/ActivityManager( 1626): java.lang.ClassCastException: android.os.BinderProxy cannot be cast to com.android.server.am.ActivityRecord$Token
12-13 23:25:43.786 W/ActivityManager( 1626): 	at com.android.server.am.ActivityRecord.forTokenLocked(ActivityRecord.java:778)
12-13 23:25:43.786 W/ActivityManager( 1626): 	at com.android.server.am.ActivityRecord.isInStackLocked(ActivityRecord.java:2085)
12-13 23:25:43.786 W/ActivityManager( 1626): 	at com.android.server.am.ActivityManagerService.getActivityOptions(ActivityManagerService.java:13302)
12-13 23:25:43.786 W/ActivityManager( 1626): 	at android.app.IActivityManager$Stub.onTransact(IActivityManager.java:2910)
12-13 23:25:43.786 W/ActivityManager( 1626): 	at com.android.server.am.ActivityManagerService.onTransact(ActivityManagerService.java:2935)
12-13 23:25:43.786 W/ActivityManager( 1626): 	at android.os.Binder.execTransact(Binder.java:674)
12-13 23:25:43.788 W/ActivityManager( 1626): Bad activity token: android.os.BinderProxy@9029dc8
12-13 23:25:43.788 W/ActivityManager( 1626): java.lang.ClassCastException: android.os.BinderProxy cannot be cast to com.android.server.am.ActivityRecord$Token
12-13 23:25:43.788 W/ActivityManager( 1626): 	at com.android.server.am.ActivityRecord.forTokenLocked(ActivityRecord.java:778)
12-13 23:25:43.788 W/ActivityManager( 1626): 	at com.android.server.am.ActivityRecord.isInStackLocked(ActivityRecord.java:2085)
12-13 23:25:43.788 W/ActivityManager( 1626): 	at com.android.server.am.ActivityManagerService.getActivityOptions(ActivityManagerService.java:13302)
12-13 23:25:43.788 W/ActivityManager( 1626): 	at android.app.IActivityManager$Stub.onTransact(IActivityManager.java:2910)
12-13 23:25:43.788 W/ActivityManager( 1626): 	at com.android.server.am.ActivityManagerService.onTransact(ActivityManagerService.java:2935)
12-13 23:25:43.788 W/ActivityManager( 1626): 	at android.os.Binder.execTransact(Binder.java:674)
12-13 23:25:43.855 D/gralloc_ranchu( 1396): gralloc_alloc: Creating ashmem region of size 7753728
12-13 23:25:43.857 I/zygote  ( 4527): Do partial code cache collection, code=123KB, data=65KB
12-13 23:25:43.858 I/zygote  ( 4527): After code cache collection, code=123KB, data=65KB
12-13 23:25:43.858 I/zygote  ( 4527): Increasing code cache capacity to 512KB
12-13 23:25:43.862 D/Mileage ( 4527): Not enough fillups to calculate economy
12-13 23:25:44.013 E/SurfaceFlinger( 1410): ro.sf.lcd_density must be defined as a build property
12-13 23:25:44.033 D/gralloc_ranchu( 1396): gralloc_alloc: Creating ashmem region of size 8298496
12-13 23:25:44.048 D/        ( 4569): HostConnection::get() New Host Connection established 0xb252f800, tid 4569
12-13 23:25:44.435 I/System.out( 4527): URI: //gesture
12-13 23:25:44.435 I/System.out( 4527): params: {json={"query_timeout":5.0,"gestures":[{"query_string":"android.widget.TabWidget descendant TextView index:3","touches":[{"x":50,"y":50,"offset_x":0,"offset_y":0,"wait":0.0,"time":0.2,"release":true,"query_string":null}]}]}
12-13 23:25:44.435 I/System.out( 4527): }
12-13 23:25:44.706 W/ActivityManager( 1626): Bad activity token: android.os.BinderProxy@f9a780c
12-13 23:25:44.706 W/ActivityManager( 1626): java.lang.ClassCastException: android.os.BinderProxy cannot be cast to com.android.server.am.ActivityRecord$Token
12-13 23:25:44.706 W/ActivityManager( 1626): 	at com.android.server.am.ActivityRecord.forTokenLocked(ActivityRecord.java:778)
12-13 23:25:44.706 W/ActivityManager( 1626): 	at com.android.server.am.ActivityRecord.isInStackLocked(ActivityRecord.java:2085)
12-13 23:25:44.706 W/ActivityManager( 1626): 	at com.android.server.am.ActivityRecord.getStackLocked(ActivityRecord.java:2090)
12-13 23:25:44.706 W/ActivityManager( 1626): 	at com.android.server.am.ActivityManagerService.getActivityDisplayId(ActivityManagerService.java:10406)
12-13 23:25:44.706 W/ActivityManager( 1626): 	at android.app.IActivityManager$Stub.onTransact(IActivityManager.java:2738)
12-13 23:25:44.706 W/ActivityManager( 1626): 	at com.android.server.am.ActivityManagerService.onTransact(ActivityManagerService.java:2935)
12-13 23:25:44.706 W/ActivityManager( 1626): 	at android.os.Binder.execTransact(Binder.java:674)
12-13 23:25:44.708 I/calabash( 4527): newActivity1
12-13 23:25:44.713 W/ActivityManager( 1626): Bad activity token: android.os.BinderProxy@f9a780c
12-13 23:25:44.713 W/ActivityManager( 1626): java.lang.ClassCastException: android.os.BinderProxy cannot be cast to com.android.server.am.ActivityRecord$Token
12-13 23:25:44.713 W/ActivityManager( 1626): 	at com.android.server.am.ActivityRecord.forTokenLocked(ActivityRecord.java:778)
12-13 23:25:44.713 W/ActivityManager( 1626): 	at com.android.server.am.ActivityRecord.isInStackLocked(ActivityRecord.java:2085)
12-13 23:25:44.713 W/ActivityManager( 1626): 	at com.android.server.am.ActivityManagerService.setTaskDescription(ActivityManagerService.java:9988)
12-13 23:25:44.713 W/ActivityManager( 1626): 	at android.app.IActivityManager$Stub.onTransact(IActivityManager.java:2824)
12-13 23:25:44.713 W/ActivityManager( 1626): 	at com.android.server.am.ActivityManagerService.onTransact(ActivityManagerService.java:2935)
12-13 23:25:44.713 W/ActivityManager( 1626): 	at android.os.Binder.execTransact(Binder.java:674)
12-13 23:25:44.714 W/ActivityManager( 1626): Bad activity token: android.os.BinderProxy@f9a780c
12-13 23:25:44.714 W/ActivityManager( 1626): java.lang.ClassCastException: android.os.BinderProxy cannot be cast to com.android.server.am.ActivityRecord$Token
12-13 23:25:44.714 W/ActivityManager( 1626): 	at com.android.server.am.ActivityRecord.forTokenLocked(ActivityRecord.java:778)
12-13 23:25:44.714 W/ActivityManager( 1626): 	at com.android.server.am.ActivityRecord.isInStackLocked(ActivityRecord.java:2085)
12-13 23:25:44.714 W/ActivityManager( 1626): 	at com.android.server.am.ActivityRecord.getStackLocked(ActivityRecord.java:2090)
12-13 23:25:44.714 W/ActivityManager( 1626): 	at com.android.server.am.ActivityManagerService.getActivityStackId(ActivityManagerService.java:10417)
12-13 23:25:44.714 W/ActivityManager( 1626): 	at android.app.IActivityManager$Stub.onTransact(IActivityManager.java:3548)
12-13 23:25:44.714 W/ActivityManager( 1626): 	at com.android.server.am.ActivityManagerService.onTransact(ActivityManagerService.java:2935)
12-13 23:25:44.714 W/ActivityManager( 1626): 	at android.os.Binder.execTransact(Binder.java:674)
12-13 23:25:44.724 W/ActivityManager( 1626): Bad activity token: android.os.BinderProxy@f9a780c
12-13 23:25:44.724 W/ActivityManager( 1626): java.lang.ClassCastException: android.os.BinderProxy cannot be cast to com.android.server.am.ActivityRecord$Token
12-13 23:25:44.724 W/ActivityManager( 1626): 	at com.android.server.am.ActivityRecord.forTokenLocked(ActivityRecord.java:778)
12-13 23:25:44.724 W/ActivityManager( 1626): 	at com.android.server.am.ActivityRecord.isInStackLocked(ActivityRecord.java:2085)
12-13 23:25:44.724 W/ActivityManager( 1626): 	at com.android.server.am.ActivityManagerService.getActivityOptions(ActivityManagerService.java:13302)
12-13 23:25:44.724 W/ActivityManager( 1626): 	at android.app.IActivityManager$Stub.onTransact(IActivityManager.java:2910)
12-13 23:25:44.724 W/ActivityManager( 1626): 	at com.android.server.am.ActivityManagerService.onTransact(ActivityManagerService.java:2935)
12-13 23:25:44.724 W/ActivityManager( 1626): 	at android.os.Binder.execTransact(Binder.java:674)
12-13 23:25:44.725 W/ActivityManager( 1626): Bad activity token: android.os.BinderProxy@f9a780c
12-13 23:25:44.725 W/ActivityManager( 1626): java.lang.ClassCastException: android.os.BinderProxy cannot be cast to com.android.server.am.ActivityRecord$Token
12-13 23:25:44.725 W/ActivityManager( 1626): 	at com.android.server.am.ActivityRecord.forTokenLocked(ActivityRecord.java:778)
12-13 23:25:44.725 W/ActivityManager( 1626): 	at com.android.server.am.ActivityRecord.isInStackLocked(ActivityRecord.java:2085)
12-13 23:25:44.725 W/ActivityManager( 1626): 	at com.android.server.am.ActivityManagerService.getActivityOptions(ActivityManagerService.java:13302)
12-13 23:25:44.725 W/ActivityManager( 1626): 	at android.app.IActivityManager$Stub.onTransact(IActivityManager.java:2910)
12-13 23:25:44.725 W/ActivityManager( 1626): 	at com.android.server.am.ActivityManagerService.onTransact(ActivityManagerService.java:2935)
12-13 23:25:44.725 W/ActivityManager( 1626): 	at android.os.Binder.execTransact(Binder.java:674)
12-13 23:25:44.925 E/SurfaceFlinger( 1410): ro.sf.lcd_density must be defined as a build property
12-13 23:25:44.933 D/gralloc_ranchu( 1396): gralloc_alloc: Creating ashmem region of size 8298496
12-13 23:25:44.942 D/        ( 4575): HostConnection::get() New Host Connection established 0xab6af800, tid 4575
12-13 23:25:45.252 I/System.out( 4527): URI: //gesture
12-13 23:25:45.252 I/System.out( 4527): params: {json={"query_timeout":5.0,"gestures":[{"query_string":"android.widget.TabWidget descendant TextView index:2","touches":[{"x":50,"y":50,"offset_x":0,"offset_y":0,"wait":0.0,"time":0.2,"release":true,"query_string":null}]}]}
12-13 23:25:45.252 I/System.out( 4527): }
12-13 23:25:45.259 I/Dialer  ( 2018): OmtpVvmCarrierCfgHlpr - OmtpEvent:CONFIG_STATUS_SMS_TIME_OUT
12-13 23:25:45.259 I/Dialer  ( 2018): RetryPolicy - discarding deferred status: configuration_state=4
12-13 23:25:45.261 I/Dialer  ( 2018): VvmTaskExecutor - no more tasks, stopping service if no task are added in 5000 millis
12-13 23:25:45.263 I/Dialer  ( 2018): VvmTaskReceiver - task received
12-13 23:25:45.263 I/Dialer  ( 2018): VvmTaskReceiver - TaskExecutor already running
12-13 23:25:45.264 I/Dialer  ( 2018): Task.createTask - create task:com.android.voicemail.impl.ActivationTask
12-13 23:25:45.264 I/Dialer  ( 2018): RetryPolicy - retry #1 for com.android.voicemail.impl.ActivationTask@aba5df6 queued, executing in 5000
12-13 23:25:45.264 I/Dialer  ( 2018): VvmTaskExecutor - com.android.voicemail.impl.ActivationTask@aba5df6 added
12-13 23:25:45.264 I/Dialer  ( 2018): VvmTaskExecutor - minimal wait time:5000
12-13 23:25:45.264 I/Dialer  ( 2018): VvmTaskExecutor - sleep for 5000 millis
12-13 23:25:45.443 E/BatteryStatsService( 1626): modem info is invalid: ModemActivityInfo{ mTimestamp=0 mSleepTimeMs=0 mIdleTimeMs=0 mTxTimeMs[]=[0, 0, 0, 0, 0] mRxTimeMs=0 mEnergyUsed=0}
12-13 23:25:45.553 W/ActivityManager( 1626): Bad activity token: android.os.BinderProxy@7e91dc2
12-13 23:25:45.553 W/ActivityManager( 1626): java.lang.ClassCastException: android.os.BinderProxy cannot be cast to com.android.server.am.ActivityRecord$Token
12-13 23:25:45.553 W/ActivityManager( 1626): 	at com.android.server.am.ActivityRecord.forTokenLocked(ActivityRecord.java:778)
12-13 23:25:45.553 W/ActivityManager( 1626): 	at com.android.server.am.ActivityRecord.isInStackLocked(ActivityRecord.java:2085)
12-13 23:25:45.553 W/ActivityManager( 1626): 	at com.android.server.am.ActivityRecord.getStackLocked(ActivityRecord.java:2090)
12-13 23:25:45.553 W/ActivityManager( 1626): 	at com.android.server.am.ActivityManagerService.getActivityDisplayId(ActivityManagerService.java:10406)
12-13 23:25:45.553 W/ActivityManager( 1626): 	at android.app.IActivityManager$Stub.onTransact(IActivityManager.java:2738)
12-13 23:25:45.553 W/ActivityManager( 1626): 	at com.android.server.am.ActivityManagerService.onTransact(ActivityManagerService.java:2935)
12-13 23:25:45.553 W/ActivityManager( 1626): 	at android.os.Binder.execTransact(Binder.java:674)
12-13 23:25:45.553 I/calabash( 4527): newActivity1
12-13 23:25:45.636 W/ActivityManager( 1626): Bad activity token: android.os.BinderProxy@7e91dc2
12-13 23:25:45.636 W/ActivityManager( 1626): java.lang.ClassCastException: android.os.BinderProxy cannot be cast to com.android.server.am.ActivityRecord$Token
12-13 23:25:45.636 W/ActivityManager( 1626): 	at com.android.server.am.ActivityRecord.forTokenLocked(ActivityRecord.java:778)
12-13 23:25:45.636 W/ActivityManager( 1626): 	at com.android.server.am.ActivityRecord.isInStackLocked(ActivityRecord.java:2085)
12-13 23:25:45.636 W/ActivityManager( 1626): 	at com.android.server.am.ActivityManagerService.setTaskDescription(ActivityManagerService.java:9988)
12-13 23:25:45.636 W/ActivityManager( 1626): 	at android.app.IActivityManager$Stub.onTransact(IActivityManager.java:2824)
12-13 23:25:45.636 W/ActivityManager( 1626): 	at com.android.server.am.ActivityManagerService.onTransact(ActivityManagerService.java:2935)
12-13 23:25:45.636 W/ActivityManager( 1626): 	at android.os.Binder.execTransact(Binder.java:674)
12-13 23:25:45.637 W/ActivityManager( 1626): Bad activity token: android.os.BinderProxy@7e91dc2
12-13 23:25:45.637 W/ActivityManager( 1626): java.lang.ClassCastException: android.os.BinderProxy cannot be cast to com.android.server.am.ActivityRecord$Token
12-13 23:25:45.637 W/ActivityManager( 1626): 	at com.android.server.am.ActivityRecord.forTokenLocked(ActivityRecord.java:778)
12-13 23:25:45.637 W/ActivityManager( 1626): 	at com.android.server.am.ActivityRecord.isInStackLocked(ActivityRecord.java:2085)
12-13 23:25:45.637 W/ActivityManager( 1626): 	at com.android.server.am.ActivityRecord.getStackLocked(ActivityRecord.java:2090)
12-13 23:25:45.637 W/ActivityManager( 1626): 	at com.android.server.am.ActivityManagerService.getActivityStackId(ActivityManagerService.java:10417)
12-13 23:25:45.637 W/ActivityManager( 1626): 	at android.app.IActivityManager$Stub.onTransact(IActivityManager.java:3548)
12-13 23:25:45.637 W/ActivityManager( 1626): 	at com.android.server.am.ActivityManagerService.onTransact(ActivityManagerService.java:2935)
12-13 23:25:45.637 W/ActivityManager( 1626): 	at android.os.Binder.execTransact(Binder.java:674)
12-13 23:25:45.669 D/VehicleStatisticsActivity( 4527): Checking recalculation ...
12-13 23:25:45.673 D/VehicleStatisticsActivity( 4527): Recalculating statistics
12-13 23:25:45.673 D/VehicleStatisticsTask( 4527): Calculation starting...
12-13 23:25:45.674 D/VehicleStatisticsActivity( 4527): Recalculation started!
12-13 23:25:45.677 W/ActivityManager( 1626): Bad activity token: android.os.BinderProxy@7e91dc2
12-13 23:25:45.677 W/ActivityManager( 1626): java.lang.ClassCastException: android.os.BinderProxy cannot be cast to com.android.server.am.ActivityRecord$Token
12-13 23:25:45.677 W/ActivityManager( 1626): 	at com.android.server.am.ActivityRecord.forTokenLocked(ActivityRecord.java:778)
12-13 23:25:45.677 W/ActivityManager( 1626): 	at com.android.server.am.ActivityRecord.isInStackLocked(ActivityRecord.java:2085)
12-13 23:25:45.677 W/ActivityManager( 1626): 	at com.android.server.am.ActivityManagerService.getActivityOptions(ActivityManagerService.java:13302)
12-13 23:25:45.677 W/ActivityManager( 1626): 	at android.app.IActivityManager$Stub.onTransact(IActivityManager.java:2910)
12-13 23:25:45.677 W/ActivityManager( 1626): 	at com.android.server.am.ActivityManagerService.onTransact(ActivityManagerService.java:2935)
12-13 23:25:45.677 W/ActivityManager( 1626): 	at android.os.Binder.execTransact(Binder.java:674)
12-13 23:25:45.678 W/ActivityManager( 1626): Bad activity token: android.os.BinderProxy@7e91dc2
12-13 23:25:45.678 W/ActivityManager( 1626): java.lang.ClassCastException: android.os.BinderProxy cannot be cast to com.android.server.am.ActivityRecord$Token
12-13 23:25:45.678 W/ActivityManager( 1626): 	at com.android.server.am.ActivityRecord.forTokenLocked(ActivityRecord.java:778)
