--------- beginning of main
12-14 02:23:48.488 D/EGL_emulation( 1730): eglMakeCurrent: 0x86fc64c0: ver 3 0 (tinfo 0x86f8ed40)
12-14 02:23:48.489 D/gralloc_ranchu( 1394): gralloc_alloc: Creating ashmem region of size 8298496
12-14 02:23:48.606 I/chatty  ( 1394): uid=1000(system) allocator@2.0-s identical 2 lines
12-14 02:23:48.701 D/gralloc_ranchu( 1394): gralloc_alloc: Creating ashmem region of size 8298496
12-14 02:23:48.728 E/IPCThreadState( 1405): binder thread pool (4 threads) starved for 259 ms
12-14 02:23:48.770 D/EGL_emulation( 2174): eglMakeCurrent: 0x97cc7920: ver 3 0 (tinfo 0x97e7f9b0)
12-14 02:23:48.795 D/EGL_emulation( 2225): eglMakeCurrent: 0x97cc7ce0: ver 3 0 (tinfo 0x97e7f480)
12-14 02:23:48.836 D/gralloc_ranchu( 1394): gralloc_alloc: Creating ashmem region of size 7753728
12-14 02:23:48.910 D/        ( 1730): HostConnection::get() New Host Connection established 0x842adb80, tid 1746
12-14 02:23:48.917 D/EGL_emulation( 1730): eglMakeCurrent: 0x86fc64c0: ver 3 0 (tinfo 0x86f8ed40)
12-14 02:23:48.923 D/BoundBrokerSvc( 1931): onUnbind: Intent { act=com.google.android.gms.auth.account.workaccount.START cmp=com.google.android.gms/.chimera.PersistentApiService }
12-14 02:23:48.957 I/zygote  ( 2225): Deoptimizing void com.google.android.apps.gsa.search.core.service.worker.a.a.a(com.google.android.apps.gsa.search.core.state.qc) due to JIT inline cache
12-14 02:23:48.963 D/EGL_emulation( 1730): eglMakeCurrent: 0x86fc64c0: ver 3 0 (tinfo 0x86f8ed40)
--------- beginning of system
12-14 02:23:48.975 W/ActivityManager( 1625): Unable to start service Intent { act=com.google.android.gms.speech.service.START pkg=com.google.android.gms } U=0: not found
12-14 02:23:48.975 W/ActivityManager( 1625): Unbind failed: could not find connection for android.os.BinderProxy@958ddf4
12-14 02:23:48.975 W/SessionLifecycleManager( 2225): Handover failed. Creating new session controller.
12-14 02:23:48.975 E/GmsClient( 2225): unable to connect to service: com.google.android.gms.speech.service.START on com.google.android.gms
12-14 02:23:48.976 D/EGL_emulation( 1730): eglMakeCurrent: 0x86fc64c0: ver 3 0 (tinfo 0x86f8ed40)
12-14 02:23:48.983 I/chatty  ( 1730): uid=10028(u0_a28) RenderThread identical 1 line
12-14 02:23:48.991 D/EGL_emulation( 1730): eglMakeCurrent: 0x86fc64c0: ver 3 0 (tinfo 0x86f8ed40)
12-14 02:23:48.991 I/OptInState( 2225): There is a new client and it does not support opt-in. Dropping request.
12-14 02:23:49.006 D/EGL_emulation( 1730): eglMakeCurrent: 0x86fc64c0: ver 3 0 (tinfo 0x86f8ed40)
12-14 02:23:49.007 I/zygote  ( 2225): Deoptimizing int[] com.google.common.collect.gx.b(java.lang.Object[], int, int, int) due to JIT inline cache
12-14 02:23:49.012 D/EGL_emulation( 1730): eglMakeCurrent: 0x86fc64c0: ver 3 0 (tinfo 0x86f8ed40)
12-14 02:23:49.023 D/EGL_emulation( 1730): eglMakeCurrent: 0x86fc64c0: ver 3 0 (tinfo 0x86f8ed40)
12-14 02:23:49.025 D/        ( 1730): HostConnection::get() New Host Connection established 0x9a6a8600, tid 1743
12-14 02:23:49.029 D/EGL_emulation( 1730): eglMakeCurrent: 0x86fc64c0: ver 3 0 (tinfo 0x86f8ed40)
12-14 02:23:49.068 I/chatty  ( 1730): uid=10028(u0_a28) RenderThread identical 3 lines
12-14 02:23:49.076 D/EGL_emulation( 1730): eglMakeCurrent: 0x86fc64c0: ver 3 0 (tinfo 0x86f8ed40)
12-14 02:23:49.078 I/MicroDetectionWorker( 2225): #updateMicroDetector [detectionMode: [mDetectionMode: [1]]]
12-14 02:23:49.078 I/MicroDetectionWorker( 2225): #startMicroDetector [speakerMode: 0]
12-14 02:23:49.079 I/AudioController( 2225): Using mInputStreamFactoryBuilder
12-14 02:23:49.090 D/EGL_emulation( 1730): eglMakeCurrent: 0x86fc64c0: ver 3 0 (tinfo 0x86f8ed40)
12-14 02:23:49.096 D/EGL_emulation( 1730): eglMakeCurrent: 0x86fc64c0: ver 3 0 (tinfo 0x86f8ed40)
12-14 02:23:49.107 I/MicroDetectionWorker( 2225): onReady
12-14 02:23:49.112 D/EGL_emulation( 1730): eglMakeCurrent: 0x86fc64c0: ver 3 0 (tinfo 0x86f8ed40)
12-14 02:23:49.125 D/EGL_emulation( 1730): eglMakeCurrent: 0x86fc64c0: ver 3 0 (tinfo 0x86f8ed40)
12-14 02:23:49.135 I/MicroRecognitionRunner( 2225): Starting detection.
12-14 02:23:49.144 D/EGL_emulation( 1730): eglMakeCurrent: 0x86fc64c0: ver 3 0 (tinfo 0x86f8ed40)
12-14 02:23:49.146 E/TaskPersister( 1625): File error accessing recents directory (directory doesn't exist?).
12-14 02:23:49.174 D/EGL_emulation( 1730): eglMakeCurrent: 0x86fc64c0: ver 3 0 (tinfo 0x86f8ed40)
12-14 02:23:49.183 I/MicrophoneInputStream( 2225): mic_starting com.google.android.apps.gsa.staticplugins.aa.c@830c70a
12-14 02:23:49.193 I/MicrophoneInputStream( 2225): mic_started com.google.android.apps.gsa.staticplugins.aa.c@830c70a
12-14 02:23:49.196 E/ActivityThread( 2225): Failed to find provider info for com.google.android.apps.gsa.testing.ui.audio.recorded
12-14 02:23:49.202 I/MicrophoneInputStream( 2225): mic_close com.google.android.apps.gsa.staticplugins.aa.c@830c70a
12-14 02:23:49.203 I/MicroDetectionWorker( 2225): onReady
12-14 02:23:49.204 I/AudioFlinger( 1475): AudioFlinger's thread 0xb35830c0 tid=3974 ready to run
12-14 02:23:49.227 I/MicroRecognitionRunner( 2225): Detection finished
12-14 02:23:49.227 W/ErrorReporter( 2225): reportError [type: 211, code: 524300]: Error reading from input stream
12-14 02:23:49.242 I/MicroRecognitionRunner( 2225): Stopping hotword detection.
12-14 02:23:49.242 W/ErrorProcessor( 2225): onFatalError, processing error from engine(4)
12-14 02:23:49.242 W/ErrorProcessor( 2225): com.google.android.apps.gsa.shared.speech.b.g: Error reading from input stream
12-14 02:23:49.242 W/ErrorProcessor( 2225): 	at com.google.android.apps.gsa.staticplugins.recognizer.j.a.a(SourceFile:28)
12-14 02:23:49.242 W/ErrorProcessor( 2225): 	at com.google.android.apps.gsa.staticplugins.recognizer.j.b.run(SourceFile:15)
12-14 02:23:49.242 W/ErrorProcessor( 2225): 	at java.util.concurrent.Executors$RunnableAdapter.call(Executors.java:457)
12-14 02:23:49.242 W/ErrorProcessor( 2225): 	at java.util.concurrent.FutureTask.run(FutureTask.java:266)
12-14 02:23:49.242 W/ErrorProcessor( 2225): 	at com.google.android.apps.gsa.shared.util.concurrent.a.ax.run(SourceFile:14)
12-14 02:23:49.242 W/ErrorProcessor( 2225): 	at com.google.android.apps.gsa.shared.util.concurrent.a.bl.run(SourceFile:4)
12-14 02:23:49.242 W/ErrorProcessor( 2225): 	at com.google.android.apps.gsa.shared.util.concurrent.a.bl.run(SourceFile:4)
12-14 02:23:49.242 W/ErrorProcessor( 2225): 	at java.util.concurrent.ThreadPoolExecutor.runWorker(ThreadPoolExecutor.java:1162)
12-14 02:23:49.242 W/ErrorProcessor( 2225): 	at java.util.concurrent.ThreadPoolExecutor$Worker.run(ThreadPoolExecutor.java:636)
12-14 02:23:49.242 W/ErrorProcessor( 2225): 	at java.lang.Thread.run(Thread.java:764)
12-14 02:23:49.242 W/ErrorProcessor( 2225): 	at com.google.android.apps.gsa.shared.util.concurrent.a.ai.run(SourceFile:6)
12-14 02:23:49.242 W/ErrorProcessor( 2225): Caused by: com.google.android.apps.gsa.shared.exception.GsaIOException: Error code: 393238 | Buffer overflow, no available space.
12-14 02:23:49.242 W/ErrorProcessor( 2225): 	at com.google.android.apps.gsa.speech.audio.Tee.f(SourceFile:103)
12-14 02:23:49.242 W/ErrorProcessor( 2225): 	at com.google.android.apps.gsa.speech.audio.au.read(SourceFile:2)
12-14 02:23:49.242 W/ErrorProcessor( 2225): 	at java.io.InputStream.read(InputStream.java:101)
12-14 02:23:49.242 W/ErrorProcessor( 2225): 	at com.google.android.apps.gsa.speech.audio.ao.run(SourceFile:18)
12-14 02:23:49.242 W/ErrorProcessor( 2225): 	at com.google.android.apps.gsa.speech.audio.an.run(SourceFile:2)
12-14 02:23:49.242 W/ErrorProcessor( 2225): 	... 9 more
12-14 02:23:49.243 I/AudioController( 2225): internalShutdown
12-14 02:23:49.251 I/MicroDetector( 2225): Keeping mic open: false
12-14 02:23:49.251 I/DeviceStateChecker( 2225): DeviceStateChecker cancelled
12-14 02:23:49.251 I/MicroDetectionWorker( 2225): #onError(false)
12-14 02:23:49.253 W/OpenGLRenderer( 2174): Incorrectly called buildLayer on View: ShortcutAndWidgetContainer, destroying layer...
12-14 02:23:49.261 E/memtrack( 1625): Couldn't load memtrack module
12-14 02:23:49.261 W/android.os.Debug( 1625): failed to get memory consumption info: -1
12-14 02:23:49.315 D/BoundBrokerSvc( 1931): onUnbind: Intent { act=com.google.android.gms.auth.proximity.START cmp=com.google.android.gms/.chimera.PersistentBoundBrokerService }
12-14 02:23:49.360 D/BoundBrokerSvc( 2279): onUnbind: Intent { act=com.google.android.gms.auth.cryptauth.cryptauthservice.START cmp=com.google.android.gms/.chimera.GmsBoundBrokerService }
12-14 02:23:49.372 I/zygote  ( 2225): Do full code cache collection, code=250KB, data=204KB
12-14 02:23:49.372 I/zygote  ( 2225): After code cache collection, code=237KB, data=159KB
12-14 02:23:49.373 D/OpenGLRenderer( 1625): HWUI GL Pipeline
12-14 02:23:49.394 E/SurfaceFlinger( 1405): ro.sf.lcd_density must be defined as a build property
12-14 02:23:49.395 D/        ( 1625): HostConnection::get() New Host Connection established 0x877137c0, tid 3975
12-14 02:23:49.399 I/OpenGLRenderer( 1625): Initialized EGL, version 1.4
12-14 02:23:49.399 D/OpenGLRenderer( 1625): Swap behavior 1
12-14 02:23:49.399 W/OpenGLRenderer( 1625): Failed to choose config with EGL_SWAP_BEHAVIOR_PRESERVED, retrying without...
12-14 02:23:49.399 D/OpenGLRenderer( 1625): Swap behavior 0
12-14 02:23:49.410 D/EGL_emulation( 1625): eglCreateContext: 0x97a7d680: maj 3 min 0 rcv 3
12-14 02:23:49.412 D/EGL_emulation( 1625): eglMakeCurrent: 0x97a7d680: ver 3 0 (tinfo 0x8965b280)
12-14 02:23:49.413 E/eglCodecCommon( 1625): glUtilsParamSize: unknow param 0x00008cdf
12-14 02:23:49.414 E/eglCodecCommon( 1625): glUtilsParamSize: unknow param 0x00008cdf
12-14 02:23:49.415 E/eglCodecCommon( 1625): glUtilsParamSize: unknow param 0x00008824
12-14 02:23:49.415 E/eglCodecCommon( 1625): glUtilsParamSize: unknow param 0x00008824
12-14 02:23:49.459 D/AndroidRuntime( 3968): >>>>>> START com.android.internal.os.RuntimeInit uid 2000 <<<<<<
12-14 02:23:49.505 W/app_process( 3968): Unexpected CPU variant for X86 using defaults: x86
12-14 02:23:49.519 D/AndroidRuntime( 3968): Calling main entry com.android.commands.am.Am
12-14 02:23:49.522 I/ActivityManager( 1625): Force stopping com.evancharlton.mileage appid=10346 user=0: start instr
12-14 02:23:49.522 I/ActivityManager( 1625): Killing 3898:com.evancharlton.mileage/u0a346 (adj 0): stop com.evancharlton.mileage
12-14 02:23:49.526 W/ActivityManager( 1625): Crash of app com.evancharlton.mileage running instrumentation ComponentInfo{com.evancharlton.mileage.test/sh.calaba.instrumentationbackend.CalabashInstrumentationTestRunner}
12-14 02:23:49.526 I/ActivityManager( 1625): Force stopping com.evancharlton.mileage appid=10346 user=0: finished inst
12-14 02:23:49.532 I/zygote  ( 3984): Not late-enabling -Xcheck:jni (already on)
12-14 02:23:49.538 W/zygote  ( 3984): Unexpected CPU variant for X86 using defaults: x86
12-14 02:23:49.539 I/ActivityManager( 1625): Start proc 3984:com.evancharlton.mileage/u0a346 for added application com.evancharlton.mileage
12-14 02:23:49.540 D/AndroidRuntime( 3968): Shutting down VM
12-14 02:23:49.544 W/ActivityManager( 1625): setHasOverlayUi called on unknown pid: 3898
12-14 02:23:49.568 E/adbd    ( 1383): failed to connect to socket 'tcp:7102': Connection refused
12-14 02:23:49.571 E/adbd    ( 1383): failed to connect to socket 'tcp:7102': Connection refused
12-14 02:23:49.573 W/zygote  ( 3984): Found duplicate classes, falling back to extracting from APK : /data/app/com.evancharlton.mileage.test-hC4PfZSoPyJReNg2uqZdIQ==/base.apk
12-14 02:23:49.573 W/zygote  ( 3984): NOTE: This wastes RAM and hurts startup performance.
12-14 02:23:49.573 W/zygote  ( 3984): Found duplicated class when checking oat files: 'Ljunit/runner/BaseTestRunner;' in /data/app/com.evancharlton.mileage.test-hC4PfZSoPyJReNg2uqZdIQ==/base.apk and /system/framework/android.test.runner.jar
12-14 02:23:49.573 W/zygote  ( 3984): 
12-14 02:23:49.602 W/System  ( 3984): ClassLoader referenced unknown path: 
12-14 02:23:49.616 I/System.out( 3984): Main activity name automatically set to: com.evancharlton.mileage.Mileage
12-14 02:23:49.618 I/System.out( 3984): Calabash did not load Mono. This is only a problem if you are trying to test a Mono application
12-14 02:23:49.618 I/calabash( 3984): Test server port: 7102
12-14 02:23:49.619 I/InstrumentationBackend( 3984): Added:'GetPreferences', with key:'get_preferences'
12-14 02:23:49.677 E/adbd    ( 1383): failed to connect to socket 'tcp:7102': Connection refused
12-14 02:23:49.680 E/adbd    ( 1383): failed to connect to socket 'tcp:7102': Connection refused
12-14 02:23:49.685 I/InstrumentationBackend( 3984): Added:'SetPreferences', with key:'set_preferences'
12-14 02:23:49.686 I/InstrumentationBackend( 3984): Added:'ClearPreferences', with key:'clear_preferences'
12-14 02:23:49.686 I/InstrumentationBackend( 3984): Added:'PressElement', with key:'press_l10n_element'
12-14 02:23:49.686 I/InstrumentationBackend( 3984): Added:'WaitForElement', with key:'wait_for_l10n_element'
12-14 02:23:49.687 I/InstrumentationBackend( 3984): Added:'NullAction', with key:'nullAction'
12-14 02:23:49.688 I/InstrumentationBackend( 3984): Added:'PressKey', with key:'press_key'
12-14 02:23:49.688 I/InstrumentationBackend( 3984): Added:'SetActivityOrientation', with key:'set_activity_orientation'
12-14 02:23:49.688 I/InstrumentationBackend( 3984): Added:'GetActivityOrientation', with key:'get_activity_orientation'
12-14 02:23:49.689 I/InstrumentationBackend( 3984): Added:'FakeGPSLocation', with key:'set_gps_coordinates'
12-14 02:23:49.689 I/InstrumentationBackend( 3984): Added:'SetPropertyByCssSelector', with key:'set_property_by_css_selector'
12-14 02:23:49.690 I/InstrumentationBackend( 3984): Added:'GetUrl', with key:'get_url'
12-14 02:23:49.693 I/InstrumentationBackend( 3984): Added:'ScrollTo', with key:'scroll_to'
12-14 02:23:49.693 I/InstrumentationBackend( 3984): Added:'GetLoadProgress', with key:'get_load_progress'
12-14 02:23:49.693 I/InstrumentationBackend( 3984): Added:'DumpHtml', with key:'dump_html'
12-14 02:23:49.693 I/InstrumentationBackend( 3984): Added:'DumpBodyHtml', with key:'dump_body_html'
12-14 02:23:49.694 I/InstrumentationBackend( 3984): Added:'EnterTextByCssSelector', with key:'enter_text_by_selector'
12-14 02:23:49.699 I/InstrumentationBackend( 3984): Added:'AndroidSDKVersion', with key:'android_sdk_version'
12-14 02:23:49.699 I/InstrumentationBackend( 3984): Added:'Version', with key:'version'
12-14 02:23:49.699 I/InstrumentationBackend( 3984): Added:'Drag', with key:'drag'
12-14 02:23:49.700 I/InstrumentationBackend( 3984): Added:'TouchCoordinates', with key:'touch_coordinate'
12-14 02:23:49.700 I/InstrumentationBackend( 3984): Added:'LongPressCoordinate', with key:'long_press_coordinate'
12-14 02:23:49.700 I/InstrumentationBackend( 3984): Added:'DragCoordinates', with key:'drag_coordinates'
12-14 02:23:49.701 I/InstrumentationBackend( 3984): Added:'ResumeApplication', with key:'resume_application'
12-14 02:23:49.701 I/InstrumentationBackend( 3984): Added:'Swipe', with key:'swipe'
12-14 02:23:49.701 I/InstrumentationBackend( 3984): Added:'DoubleTapCoordinate', with key:'double_tap_coordinate'
12-14 02:23:49.701 I/InstrumentationBackend( 3984): Added:'ClickOnScreen', with key:'click_on_screen'
12-14 02:23:49.702 I/InstrumentationBackend( 3984): Added:'GetActivityName', with key:'get_activity_name'
12-14 02:23:49.703 I/InstrumentationBackend( 3984): Added:'ScrollToView', with key:'scroll_to_view'
12-14 02:23:49.703 I/InstrumentationBackend( 3984): Added:'ViewConfiguration', with key:'view_configuration'
12-14 02:23:49.703 I/InstrumentationBackend( 3984): Added:'IsCurrentActivityFocused', with key:'is_current_activity_focused'
12-14 02:23:49.704 I/InstrumentationBackend( 3984): Added:'SendTcp', with key:'send_tcp'
12-14 02:23:49.704 I/InstrumentationBackend( 3984): Added:'DpToDevicePixel', with key:'dp_to_device_pixel'
12-14 02:23:49.705 I/InstrumentationBackend( 3984): Added:'KeyboardEnterText', with key:'keyboard_enter_text'
12-14 02:23:49.706 I/InstrumentationBackend( 3984): Added:'DeleteSurroundingText', with key:'delete_surrounding_text'
12-14 02:23:49.706 I/InstrumentationBackend( 3984): Added:'SetComposingRegion', with key:'set_composing_region'
12-14 02:23:49.707 I/InstrumentationBackend( 3984): Added:'SetSelection', with key:'set_selection'
12-14 02:23:49.707 I/InstrumentationBackend( 3984): Added:'KeyboardKeyEvent', with key:'keyboard_key_event'
12-14 02:23:49.708 I/InstrumentationBackend( 3984): Added:'PressUserActionButton', with key:'press_user_action_button'
12-14 02:23:49.709 I/InstrumentationBackend( 3984): Added:'HideSoftKeyboard', with key:'hide_soft_keyboard'
12-14 02:23:49.710 I/InstrumentationBackend( 3984): Added:'ListActions', with key:'list_actions'
12-14 02:23:49.711 I/calabash( 3984): Instantiating http server at 7102
12-14 02:23:49.711 I/System.out( 3984): HTTP Daemon listening on: 7102
12-14 02:23:49.809 I/System.out( 3984): URI: //ping
12-14 02:23:49.809 I/System.out( 3984): params: {json={}
12-14 02:23:49.809 I/System.out( 3984): }
12-14 02:23:49.821 I/System.out( 3984): URI: //ping
12-14 02:23:49.821 I/System.out( 3984): params: {json={}
12-14 02:23:49.821 I/System.out( 3984): }
12-14 02:23:49.828 I/System.out( 3984): URI: //ready
12-14 02:23:49.828 I/System.out( 3984): params: {json={}
12-14 02:23:49.828 I/System.out( 3984): }
12-14 02:23:49.835 I/System.out( 3984): URI: //
12-14 02:23:49.835 I/System.out( 3984): params: {json={"command":"version","arguments":[]}
12-14 02:23:49.836 I/System.out( 3984): }
12-14 02:23:49.836 I/System.out( 3984): header: {content-type=application/json;charset=utf-8, date=Mon, 14 Dec 2020 07:23:50 GMT, accept=*/*, host=127.0.0.1:34777, content-length=36, user-agent=HTTPClient/1.0 (2.8.3, ruby 2.5.8 (2020-03-31))}
12-14 02:23:49.836 I/System.out( 3984): params: {json={"command":"version","arguments":[]}
12-14 02:23:49.836 I/System.out( 3984): }
12-14 02:23:49.836 I/System.out( 3984): ProP json = {"command":"version","arguments":[]}
12-14 02:23:49.836 I/System.out( 3984): files: {}
12-14 02:23:49.836 I/System.out( 3984): command: {"command":"version","arguments":[]}
12-14 02:23:49.865 I/InstrumentationBackend( 3984): Got command:'Command:'Line:null,version', arguments:'[]'
12-14 02:23:49.903 I/System.out( 3984): result:{"bonusInformation":[],"message":"0.9.8","success":true}
12-14 02:23:49.911 I/System.out( 3984): URI: //start-application
12-14 02:23:49.911 I/System.out( 3984): params: {json={"intent":null}
12-14 02:23:49.911 I/System.out( 3984): }
12-14 02:23:49.952 I/ActivityManager( 1625): START u0 {act=android.intent.action.MAIN cat=[android.intent.category.LAUNCHER] flg=0x10200000 cmp=com.evancharlton.mileage/.Mileage} from uid 10346
12-14 02:23:49.966 I/calabash( 3984): newActivity1
12-14 02:23:49.989 W/ActivityManager( 1625): Bad activity token: android.os.BinderProxy@3e9ac24
12-14 02:23:49.989 W/ActivityManager( 1625): java.lang.ClassCastException: android.os.BinderProxy cannot be cast to com.android.server.am.ActivityRecord$Token
12-14 02:23:49.989 W/ActivityManager( 1625): 	at com.android.server.am.ActivityRecord.forTokenLocked(ActivityRecord.java:778)
12-14 02:23:49.989 W/ActivityManager( 1625): 	at com.android.server.am.ActivityRecord.isInStackLocked(ActivityRecord.java:2085)
12-14 02:23:49.989 W/ActivityManager( 1625): 	at com.android.server.am.ActivityRecord.getStackLocked(ActivityRecord.java:2090)
12-14 02:23:49.989 W/ActivityManager( 1625): 	at com.android.server.am.ActivityManagerService.getActivityDisplayId(ActivityManagerService.java:10406)
12-14 02:23:49.989 W/ActivityManager( 1625): 	at android.app.IActivityManager$Stub.onTransact(IActivityManager.java:2738)
12-14 02:23:49.989 W/ActivityManager( 1625): 	at com.android.server.am.ActivityManagerService.onTransact(ActivityManagerService.java:2935)
12-14 02:23:49.989 W/ActivityManager( 1625): 	at android.os.Binder.execTransact(Binder.java:674)
12-14 02:23:49.989 I/calabash( 3984): newActivity1
12-14 02:23:49.995 D/gralloc_ranchu( 1394): gralloc_alloc: Creating ashmem region of size 7753728
12-14 02:23:49.996 W/ActivityManager( 1625): Bad activity token: android.os.BinderProxy@3e9ac24
12-14 02:23:49.996 W/ActivityManager( 1625): java.lang.ClassCastException: android.os.BinderProxy cannot be cast to com.android.server.am.ActivityRecord$Token
12-14 02:23:49.996 W/ActivityManager( 1625): 	at com.android.server.am.ActivityRecord.forTokenLocked(ActivityRecord.java:778)
12-14 02:23:49.996 W/ActivityManager( 1625): 	at com.android.server.am.ActivityRecord.isInStackLocked(ActivityRecord.java:2085)
12-14 02:23:49.996 W/ActivityManager( 1625): 	at com.android.server.am.ActivityManagerService.setTaskDescription(ActivityManagerService.java:9988)
12-14 02:23:49.996 W/ActivityManager( 1625): 	at android.app.IActivityManager$Stub.onTransact(IActivityManager.java:2824)
12-14 02:23:49.996 W/ActivityManager( 1625): 	at com.android.server.am.ActivityManagerService.onTransact(ActivityManagerService.java:2935)
12-14 02:23:49.996 W/ActivityManager( 1625): 	at android.os.Binder.execTransact(Binder.java:674)
12-14 02:23:50.001 W/ActivityManager( 1625): Bad activity token: android.os.BinderProxy@3e9ac24
12-14 02:23:50.001 W/ActivityManager( 1625): java.lang.ClassCastException: android.os.BinderProxy cannot be cast to com.android.server.am.ActivityRecord$Token
12-14 02:23:50.001 W/ActivityManager( 1625): 	at com.android.server.am.ActivityRecord.forTokenLocked(ActivityRecord.java:778)
12-14 02:23:50.001 W/ActivityManager( 1625): 	at com.android.server.am.ActivityRecord.isInStackLocked(ActivityRecord.java:2085)
12-14 02:23:50.001 W/ActivityManager( 1625): 	at com.android.server.am.ActivityRecord.getStackLocked(ActivityRecord.java:2090)
12-14 02:23:50.001 W/ActivityManager( 1625): 	at com.android.server.am.ActivityManagerService.getActivityStackId(ActivityManagerService.java:10417)
12-14 02:23:50.001 W/ActivityManager( 1625): 	at android.app.IActivityManager$Stub.onTransact(IActivityManager.java:3548)
12-14 02:23:50.001 W/ActivityManager( 1625): 	at com.android.server.am.ActivityManagerService.onTransact(ActivityManagerService.java:2935)
12-14 02:23:50.001 W/ActivityManager( 1625): 	at android.os.Binder.execTransact(Binder.java:674)
12-14 02:23:50.087 E/ContentStoreEUAS( 2225): Failed to commit the deferred actions
12-14 02:23:50.113 D/EGL_emulation( 2174): eglMakeCurrent: 0x97cc7920: ver 3 0 (tinfo 0x97e7f9b0)
12-14 02:23:50.123 V/StatusBar( 1730): setLightsOn(true)
12-14 02:23:50.126 D/EGL_emulation( 2225): eglMakeCurrent: 0x97cc7ce0: ver 3 0 (tinfo 0x97e7f480)
12-14 02:23:50.146 D/EGL_emulation( 1730): eglMakeCurrent: 0x86fc64c0: ver 3 0 (tinfo 0x86f8ed40)
12-14 02:23:50.154 I/chatty  ( 1730): uid=10028(u0_a28) RenderThread identical 1 line
12-14 02:23:50.159 D/EGL_emulation( 1730): eglMakeCurrent: 0x86fc64c0: ver 3 0 (tinfo 0x86f8ed40)
12-14 02:23:50.161 V/StatusBar( 1730): setLightsOn(true)
12-14 02:23:50.172 D/EGL_emulation( 1730): eglMakeCurrent: 0x86fc64c0: ver 3 0 (tinfo 0x86f8ed40)
12-14 02:23:50.191 W/ActivityManager( 1625): Bad activity token: android.os.BinderProxy@3e9ac24
12-14 02:23:50.191 W/ActivityManager( 1625): java.lang.ClassCastException: android.os.BinderProxy cannot be cast to com.android.server.am.ActivityRecord$Token
12-14 02:23:50.191 W/ActivityManager( 1625): 	at com.android.server.am.ActivityRecord.forTokenLocked(ActivityRecord.java:778)
12-14 02:23:50.191 W/ActivityManager( 1625): 	at com.android.server.am.ActivityRecord.isInStackLocked(ActivityRecord.java:2085)
12-14 02:23:50.191 W/ActivityManager( 1625): 	at com.android.server.am.ActivityManagerService.getActivityOptions(ActivityManagerService.java:13302)
12-14 02:23:50.191 W/ActivityManager( 1625): 	at android.app.IActivityManager$Stub.onTransact(IActivityManager.java:2910)
12-14 02:23:50.191 W/ActivityManager( 1625): 	at com.android.server.am.ActivityManagerService.onTransact(ActivityManagerService.java:2935)
12-14 02:23:50.191 W/ActivityManager( 1625): 	at android.os.Binder.execTransact(Binder.java:674)
12-14 02:23:50.192 W/ActivityManager( 1625): Bad activity token: android.os.BinderProxy@3e9ac24
12-14 02:23:50.192 W/ActivityManager( 1625): java.lang.ClassCastException: android.os.BinderProxy cannot be cast to com.android.server.am.ActivityRecord$Token
12-14 02:23:50.192 W/ActivityManager( 1625): 	at com.android.server.am.ActivityRecord.forTokenLocked(ActivityRecord.java:778)
12-14 02:23:50.192 W/ActivityManager( 1625): 	at com.android.server.am.ActivityRecord.isInStackLocked(ActivityRecord.java:2085)
12-14 02:23:50.192 W/ActivityManager( 1625): 	at com.android.server.am.ActivityManagerService.getActivityOptions(ActivityManagerService.java:13302)
12-14 02:23:50.192 W/ActivityManager( 1625): 	at android.app.IActivityManager$Stub.onTransact(IActivityManager.java:2910)
12-14 02:23:50.192 W/ActivityManager( 1625): 	at com.android.server.am.ActivityManagerService.onTransact(ActivityManagerService.java:2935)
12-14 02:23:50.192 W/ActivityManager( 1625): 	at android.os.Binder.execTransact(Binder.java:674)
12-14 02:23:50.286 I/chatty  ( 1730): uid=10028(u0_a28) RenderThread identical 12 lines
12-14 02:23:50.290 D/EGL_emulation( 1730): eglMakeCurrent: 0x86fc64c0: ver 3 0 (tinfo 0x86f8ed40)
12-14 02:23:50.298 D/BoundBrokerSvc( 1931): onUnbind: Intent { act=com.google.android.contextmanager.service.ContextManagerService.START cmp=com.google.android.gms/.chimera.PersistentApiService }
12-14 02:23:50.306 D/EGL_emulation( 1730): eglMakeCurrent: 0x86fc64c0: ver 3 0 (tinfo 0x86f8ed40)
12-14 02:23:50.328 I/chatty  ( 1730): uid=10028(u0_a28) RenderThread identical 3 lines
12-14 02:23:50.340 D/EGL_emulation( 1730): eglMakeCurrent: 0x86fc64c0: ver 3 0 (tinfo 0x86f8ed40)
12-14 02:23:50.374 V/StatusBar( 1730): setLightsOn(true)
12-14 02:23:50.393 I/zygote  ( 3984): Do partial code cache collection, code=28KB, data=29KB
12-14 02:23:50.393 I/zygote  ( 3984): After code cache collection, code=28KB, data=29KB
12-14 02:23:50.393 I/zygote  ( 3984): Increasing code cache capacity to 128KB
12-14 02:23:50.398 I/zygote  ( 3984): Do partial code cache collection, code=28KB, data=47KB
12-14 02:23:50.399 I/zygote  ( 3984): After code cache collection, code=28KB, data=47KB
12-14 02:23:50.400 I/zygote  ( 3984): Increasing code cache capacity to 256KB
12-14 02:23:50.403 I/zygote  ( 3984): JIT allocated 71KB for compiled code of void android.widget.TextView.<init>(android.content.Context, android.util.AttributeSet, int, int)
12-14 02:23:50.403 I/zygote  ( 3984): Compiler allocated 4MB to compile void android.widget.TextView.<init>(android.content.Context, android.util.AttributeSet, int, int)
12-14 02:23:50.452 V/StatusBar( 1730): setLightsOn(true)
12-14 02:23:50.458 I/chatty  ( 1730): uid=10028(u0_a28) com.android.systemui identical 1 line
12-14 02:23:50.459 V/StatusBar( 1730): setLightsOn(true)
12-14 02:23:50.526 D/gralloc_ranchu( 1394): gralloc_alloc: Creating ashmem region of size 7753728
12-14 02:23:50.550 V/StatusBar( 1730): setLightsOn(true)
12-14 02:23:50.557 D/        ( 3984): HostConnection::get() New Host Connection established 0x97ab0c40, tid 3984
12-14 02:23:50.618 V/StatusBar( 1730): setLightsOn(true)
12-14 02:23:50.619 V/StatusBar( 1730): setLightsOn(true)
12-14 02:23:50.621 I/ActivityManager( 1625): Displayed com.evancharlton.mileage/.Mileage: +660ms
12-14 02:23:50.626 V/StatusBar( 1730): setLightsOn(true)
12-14 02:23:50.647 V/StatusBar( 1730): setLightsOn(true)
12-14 02:23:50.659 D/gralloc_ranchu( 1394): gralloc_alloc: Creating ashmem region of size 7753728
12-14 02:23:50.744 I/zygote  ( 3984): Do full code cache collection, code=123KB, data=73KB
12-14 02:23:50.750 I/zygote  ( 3984): After code cache collection, code=105KB, data=46KB
12-14 02:23:50.822 V/StatusBar( 1730): setLightsOn(true)
12-14 02:23:50.833 W/audio_hw_generic( 1388): Not supplying enough data to HAL, expected position 309096 , only wrote 156960
12-14 02:23:50.853 V/StatusBar( 1730): setLightsOn(true)
12-14 02:23:50.856 I/chatty  ( 1730): uid=10028(u0_a28) com.android.systemui identical 1 line
12-14 02:23:50.869 V/StatusBar( 1730): setLightsOn(true)
12-14 02:23:50.878 W/SurfaceFlinger( 1405): couldn't log to binary event log: overflow.
12-14 02:23:50.921 I/System.out( 3984): URI: //map
12-14 02:23:50.921 I/System.out( 3984): params: {json={"query":"android.widget.CheckBox index:0","operation":{"method_name":"query","arguments":[]}}
12-14 02:23:50.921 I/System.out( 3984): }
12-14 02:23:50.966 I/PBSessionCacheImpl( 2225): Deleted sessionId[8812172328498] from persistence.
12-14 02:23:50.996 W/SearchService( 2225): Abort, client detached.
12-14 02:23:51.088 I/System.out( 3984): URI: //gesture
12-14 02:23:51.088 I/System.out( 3984): params: {json={"query_timeout":5.0,"gestures":[{"query_string":"android.widget.CheckBox index:0","touches":[{"x":50,"y":50,"offset_x":0,"offset_y":0,"wait":0.0,"time":0.2,"release":true,"query_string":null}]}]}
12-14 02:23:51.089 I/System.out( 3984): }
12-14 02:23:51.119 I/zygote  ( 3984): Do partial code cache collection, code=124KB, data=57KB
12-14 02:23:51.119 I/zygote  ( 3984): After code cache collection, code=124KB, data=57KB
12-14 02:23:51.119 I/zygote  ( 3984): Increasing code cache capacity to 512KB
12-14 02:23:51.381 W/audio_hw_generic( 1388): Not supplying enough data to HAL, expected position 157328 , only wrote 156960
12-14 02:23:51.602 E/SurfaceFlinger( 1405): ro.sf.lcd_density must be defined as a build property
12-14 02:23:51.616 D/gralloc_ranchu( 1394): gralloc_alloc: Creating ashmem region of size 8298496
12-14 02:23:51.625 D/        ( 4026): HostConnection::get() New Host Connection established 0xb3faf800, tid 4026
12-14 02:23:51.627 D/gralloc_ranchu( 1394): gralloc_alloc: Creating ashmem region of size 7753728
12-14 02:23:52.074 I/System.out( 3984): URI: //map
12-14 02:23:52.074 I/System.out( 3984): params: {json={"query":"android.widget.CheckBox index:0","operation":{"method_name":"query","arguments":[]}}
12-14 02:23:52.074 I/System.out( 3984): }
12-14 02:23:52.131 I/System.out( 3984): URI: //gesture
12-14 02:23:52.131 I/System.out( 3984): params: {json={"query_timeout":5.0,"gestures":[{"query_string":"android.widget.CheckBox index:0","touches":[{"x":50,"y":50,"offset_x":0,"offset_y":0,"wait":0.0,"time":0.2,"release":true,"query_string":null}]}]}
12-14 02:23:52.131 I/System.out( 3984): }
12-14 02:23:52.606 E/SurfaceFlinger( 1405): ro.sf.lcd_density must be defined as a build property
12-14 02:23:52.615 D/gralloc_ranchu( 1394): gralloc_alloc: Creating ashmem region of size 8298496
12-14 02:23:52.623 D/        ( 4034): HostConnection::get() New Host Connection established 0xa9aaf800, tid 4034
