--------- beginning of main
12-14 02:23:53.253 I/chatty  ( 1394): uid=1000(system) allocator@2.0-s expire 1 line
12-14 02:23:53.349 D/gralloc_ranchu( 1394): gralloc_alloc: Creating ashmem region of size 8298496
--------- beginning of system
12-14 02:23:53.376 W/ActivityManager( 1625): stopServiceToken startId 59 is last, but have 2 remaining args
12-14 02:23:53.475 D/EGL_emulation( 2225): eglMakeCurrent: 0x97cc7ce0: ver 3 0 (tinfo 0x97e7f480)
12-14 02:23:53.516 W/SessionLifecycleManager( 2225): Handover failed. Creating new session controller.
12-14 02:23:53.534 D/EGL_emulation( 2174): eglMakeCurrent: 0x97cc7920: ver 3 0 (tinfo 0x97e7f9b0)
12-14 02:23:53.557 D/BoundBrokerSvc( 1931): onUnbind: Intent { act=com.google.android.gms.pseudonymous.service.START cmp=com.google.android.gms/.chimera.PersistentApiService }
12-14 02:23:53.580 D/gralloc_ranchu( 1394): gralloc_alloc: Creating ashmem region of size 7753728
12-14 02:23:53.609 I/MicroDetectionWorker( 2225): #updateMicroDetector [detectionMode: [mDetectionMode: [1]]]
12-14 02:23:53.618 I/MicroDetectionWorker( 2225): #startMicroDetector [speakerMode: 0]
12-14 02:23:53.621 I/AudioController( 2225): Using mInputStreamFactoryBuilder
12-14 02:23:53.653 I/MicroRecognitionRunner( 2225): Starting detection.
12-14 02:23:53.663 I/MicroDetectionWorker( 2225): onReady
12-14 02:23:53.668 I/MicrophoneInputStream( 2225): mic_starting com.google.android.apps.gsa.staticplugins.aa.c@454c86e
12-14 02:23:53.668 D/EGL_emulation( 1730): eglMakeCurrent: 0x86fc64c0: ver 3 0 (tinfo 0x86f8ed40)
12-14 02:23:53.700 I/AudioFlinger( 1475): AudioFlinger's thread 0xb3616300 tid=4055 ready to run
12-14 02:23:53.707 D/EGL_emulation( 1730): eglMakeCurrent: 0x86fc64c0: ver 3 0 (tinfo 0x86f8ed40)
12-14 02:23:53.712 I/MicrophoneInputStream( 2225): mic_started com.google.android.apps.gsa.staticplugins.aa.c@454c86e
12-14 02:23:53.716 E/ActivityThread( 2225): Failed to find provider info for com.google.android.apps.gsa.testing.ui.audio.recorded
12-14 02:23:53.717 I/MicroDetectionWorker( 2225): onReady
12-14 02:23:53.718 D/EGL_emulation( 1730): eglMakeCurrent: 0x86fc64c0: ver 3 0 (tinfo 0x86f8ed40)
12-14 02:23:53.730 D/EGL_emulation( 1730): eglMakeCurrent: 0x86fc64c0: ver 3 0 (tinfo 0x86f8ed40)
12-14 02:23:53.735 W/SpeechLevelGenerator( 2225): Really low audio levels detected. The audio input may have issues.
12-14 02:23:53.744 I/MicrophoneInputStream( 2225): mic_close com.google.android.apps.gsa.staticplugins.aa.c@454c86e
12-14 02:23:53.747 D/EGL_emulation( 1730): eglMakeCurrent: 0x86fc64c0: ver 3 0 (tinfo 0x86f8ed40)
12-14 02:23:53.748 I/MicroRecognitionRunner( 2225): Detection finished
12-14 02:23:53.748 W/ErrorReporter( 2225): reportError [type: 211, code: 524300]: Error reading from input stream
12-14 02:23:53.758 D/EGL_emulation( 1730): eglMakeCurrent: 0x86fc64c0: ver 3 0 (tinfo 0x86f8ed40)
12-14 02:23:53.768 D/EGL_emulation( 1730): eglMakeCurrent: 0x86fc64c0: ver 3 0 (tinfo 0x86f8ed40)
12-14 02:23:53.769 I/MicroRecognitionRunner( 2225): Stopping hotword detection.
12-14 02:23:53.770 W/ErrorProcessor( 2225): onFatalError, processing error from engine(4)
12-14 02:23:53.770 W/ErrorProcessor( 2225): com.google.android.apps.gsa.shared.speech.b.g: Error reading from input stream
12-14 02:23:53.770 W/ErrorProcessor( 2225): 	at com.google.android.apps.gsa.staticplugins.recognizer.j.a.a(SourceFile:28)
12-14 02:23:53.770 W/ErrorProcessor( 2225): 	at com.google.android.apps.gsa.staticplugins.recognizer.j.b.run(SourceFile:15)
12-14 02:23:53.770 W/ErrorProcessor( 2225): 	at java.util.concurrent.Executors$RunnableAdapter.call(Executors.java:457)
12-14 02:23:53.770 W/ErrorProcessor( 2225): 	at java.util.concurrent.FutureTask.run(FutureTask.java:266)
12-14 02:23:53.770 W/ErrorProcessor( 2225): 	at com.google.android.apps.gsa.shared.util.concurrent.a.ax.run(SourceFile:14)
12-14 02:23:53.770 W/ErrorProcessor( 2225): 	at com.google.android.apps.gsa.shared.util.concurrent.a.bl.run(SourceFile:4)
12-14 02:23:53.770 W/ErrorProcessor( 2225): 	at com.google.android.apps.gsa.shared.util.concurrent.a.bl.run(SourceFile:4)
12-14 02:23:53.770 W/ErrorProcessor( 2225): 	at java.util.concurrent.ThreadPoolExecutor.runWorker(ThreadPoolExecutor.java:1162)
12-14 02:23:53.770 W/ErrorProcessor( 2225): 	at java.util.concurrent.ThreadPoolExecutor$Worker.run(ThreadPoolExecutor.java:636)
12-14 02:23:53.770 W/ErrorProcessor( 2225): 	at java.lang.Thread.run(Thread.java:764)
12-14 02:23:53.770 W/ErrorProcessor( 2225): 	at com.google.android.apps.gsa.shared.util.concurrent.a.ai.run(SourceFile:6)
12-14 02:23:53.770 W/ErrorProcessor( 2225): Caused by: com.google.android.apps.gsa.shared.exception.GsaIOException: Error code: 393238 | Buffer overflow, no available space.
12-14 02:23:53.770 W/ErrorProcessor( 2225): 	at com.google.android.apps.gsa.speech.audio.Tee.f(SourceFile:103)
12-14 02:23:53.770 W/ErrorProcessor( 2225): 	at com.google.android.apps.gsa.speech.audio.au.read(SourceFile:2)
12-14 02:23:53.770 W/ErrorProcessor( 2225): 	at java.io.InputStream.read(InputStream.java:101)
12-14 02:23:53.770 W/ErrorProcessor( 2225): 	at com.google.android.apps.gsa.speech.audio.ao.run(SourceFile:18)
12-14 02:23:53.770 W/ErrorProcessor( 2225): 	at com.google.android.apps.gsa.speech.audio.an.run(SourceFile:2)
12-14 02:23:53.770 W/ErrorProcessor( 2225): 	... 9 more
12-14 02:23:53.777 I/AudioController( 2225): internalShutdown
12-14 02:23:53.780 D/EGL_emulation( 1730): eglMakeCurrent: 0x86fc64c0: ver 3 0 (tinfo 0x86f8ed40)
12-14 02:23:53.807 I/chatty  ( 1730): uid=10028(u0_a28) RenderThread identical 2 lines
12-14 02:23:53.819 D/EGL_emulation( 1730): eglMakeCurrent: 0x86fc64c0: ver 3 0 (tinfo 0x86f8ed40)
12-14 02:23:53.822 I/MicroDetector( 2225): Keeping mic open: false
12-14 02:23:53.822 I/DeviceStateChecker( 2225): DeviceStateChecker cancelled
12-14 02:23:53.822 I/MicroDetectionWorker( 2225): #onError(false)
12-14 02:23:53.833 D/EGL_emulation( 1730): eglMakeCurrent: 0x86fc64c0: ver 3 0 (tinfo 0x86f8ed40)
12-14 02:23:53.907 I/chatty  ( 1730): uid=10028(u0_a28) RenderThread identical 4 lines
12-14 02:23:53.918 D/EGL_emulation( 1730): eglMakeCurrent: 0x86fc64c0: ver 3 0 (tinfo 0x86f8ed40)
12-14 02:23:53.918 I/zygote  ( 1730): NativeAllocBackground concurrent copying GC freed 1334(133KB) AllocSpace objects, 0(0B) LOS objects, 49% free, 4MB/9MB, paused 826us total 238.937ms
12-14 02:23:53.937 I/zygote  ( 2225): Do partial code cache collection, code=237KB, data=169KB
12-14 02:23:53.937 I/zygote  ( 2225): After code cache collection, code=237KB, data=169KB
12-14 02:23:53.937 I/zygote  ( 2225): Increasing code cache capacity to 1024KB
12-14 02:23:53.993 W/OpenGLRenderer( 2174): Incorrectly called buildLayer on View: ShortcutAndWidgetContainer, destroying layer...
12-14 02:23:54.173 I/OpenGLRenderer( 1625): Initialized EGL, version 1.4
12-14 02:23:54.173 D/OpenGLRenderer( 1625): Swap behavior 1
12-14 02:23:54.173 W/OpenGLRenderer( 1625): Failed to choose config with EGL_SWAP_BEHAVIOR_PRESERVED, retrying without...
12-14 02:23:54.173 D/OpenGLRenderer( 1625): Swap behavior 0
12-14 02:23:54.185 D/EGL_emulation( 1625): eglCreateContext: 0x97a7d740: maj 3 min 0 rcv 3
12-14 02:23:54.188 D/EGL_emulation( 1625): eglMakeCurrent: 0x97a7d740: ver 3 0 (tinfo 0x8965b280)
12-14 02:23:54.190 E/eglCodecCommon( 1625): glUtilsParamSize: unknow param 0x00008cdf
12-14 02:23:54.190 E/eglCodecCommon( 1625): glUtilsParamSize: unknow param 0x00008cdf
12-14 02:23:54.191 E/eglCodecCommon( 1625): glUtilsParamSize: unknow param 0x00008824
12-14 02:23:54.191 E/eglCodecCommon( 1625): glUtilsParamSize: unknow param 0x00008824
12-14 02:23:54.197 D/AndroidRuntime( 4050): >>>>>> START com.android.internal.os.RuntimeInit uid 2000 <<<<<<
12-14 02:23:54.219 D/        ( 1625): HostConnection::get() New Host Connection established 0x97abd6c0, tid 1632
12-14 02:23:54.259 W/app_process( 4050): Unexpected CPU variant for X86 using defaults: x86
12-14 02:23:54.284 D/AndroidRuntime( 4050): Calling main entry com.android.commands.am.Am
12-14 02:23:54.286 I/ActivityManager( 1625): Force stopping com.evancharlton.mileage appid=10346 user=0: start instr
12-14 02:23:54.286 I/ActivityManager( 1625): Killing 3984:com.evancharlton.mileage/u0a346 (adj 0): stop com.evancharlton.mileage
12-14 02:23:54.286 W/ActivityManager( 1625): Crash of app com.evancharlton.mileage running instrumentation ComponentInfo{com.evancharlton.mileage.test/sh.calaba.instrumentationbackend.CalabashInstrumentationTestRunner}
12-14 02:23:54.287 I/ActivityManager( 1625): Force stopping com.evancharlton.mileage appid=10346 user=0: finished inst
12-14 02:23:54.299 I/zygote  ( 4064): Not late-enabling -Xcheck:jni (already on)
12-14 02:23:54.306 I/ActivityManager( 1625): Start proc 4064:com.evancharlton.mileage/u0a346 for added application com.evancharlton.mileage
12-14 02:23:54.307 D/AndroidRuntime( 4050): Shutting down VM
12-14 02:23:54.315 W/zygote  ( 4064): Unexpected CPU variant for X86 using defaults: x86
12-14 02:23:54.339 W/ActivityManager( 1625): setHasOverlayUi called on unknown pid: 3984
12-14 02:23:54.361 W/zygote  ( 4064): Found duplicate classes, falling back to extracting from APK : /data/app/com.evancharlton.mileage.test-hC4PfZSoPyJReNg2uqZdIQ==/base.apk
12-14 02:23:54.361 W/zygote  ( 4064): NOTE: This wastes RAM and hurts startup performance.
12-14 02:23:54.361 W/zygote  ( 4064): Found duplicated class when checking oat files: 'Ljunit/runner/BaseTestRunner;' in /data/app/com.evancharlton.mileage.test-hC4PfZSoPyJReNg2uqZdIQ==/base.apk and /system/framework/android.test.runner.jar
12-14 02:23:54.361 W/zygote  ( 4064): 
12-14 02:23:54.363 E/adbd    ( 1383): failed to connect to socket 'tcp:7102': Connection refused
12-14 02:23:54.367 E/adbd    ( 1383): failed to connect to socket 'tcp:7102': Connection refused
12-14 02:23:54.400 W/System  ( 4064): ClassLoader referenced unknown path: 
12-14 02:23:54.417 I/System.out( 4064): Main activity name automatically set to: com.evancharlton.mileage.Mileage
12-14 02:23:54.418 I/System.out( 4064): Calabash did not load Mono. This is only a problem if you are trying to test a Mono application
12-14 02:23:54.419 I/calabash( 4064): Test server port: 7102
12-14 02:23:54.420 I/InstrumentationBackend( 4064): Added:'GetPreferences', with key:'get_preferences'
12-14 02:23:54.474 E/adbd    ( 1383): failed to connect to socket 'tcp:7102': Connection refused
12-14 02:23:54.477 E/adbd    ( 1383): failed to connect to socket 'tcp:7102': Connection refused
12-14 02:23:54.501 I/InstrumentationBackend( 4064): Added:'SetPreferences', with key:'set_preferences'
12-14 02:23:54.501 I/InstrumentationBackend( 4064): Added:'ClearPreferences', with key:'clear_preferences'
12-14 02:23:54.502 I/InstrumentationBackend( 4064): Added:'PressElement', with key:'press_l10n_element'
12-14 02:23:54.502 I/InstrumentationBackend( 4064): Added:'WaitForElement', with key:'wait_for_l10n_element'
12-14 02:23:54.503 I/InstrumentationBackend( 4064): Added:'NullAction', with key:'nullAction'
12-14 02:23:54.503 I/InstrumentationBackend( 4064): Added:'PressKey', with key:'press_key'
12-14 02:23:54.504 I/InstrumentationBackend( 4064): Added:'SetActivityOrientation', with key:'set_activity_orientation'
12-14 02:23:54.504 I/InstrumentationBackend( 4064): Added:'GetActivityOrientation', with key:'get_activity_orientation'
12-14 02:23:54.505 I/InstrumentationBackend( 4064): Added:'FakeGPSLocation', with key:'set_gps_coordinates'
12-14 02:23:54.506 I/InstrumentationBackend( 4064): Added:'SetPropertyByCssSelector', with key:'set_property_by_css_selector'
12-14 02:23:54.507 I/InstrumentationBackend( 4064): Added:'GetUrl', with key:'get_url'
12-14 02:23:54.510 I/InstrumentationBackend( 4064): Added:'ScrollTo', with key:'scroll_to'
12-14 02:23:54.510 I/InstrumentationBackend( 4064): Added:'GetLoadProgress', with key:'get_load_progress'
12-14 02:23:54.511 I/InstrumentationBackend( 4064): Added:'DumpHtml', with key:'dump_html'
12-14 02:23:54.511 I/InstrumentationBackend( 4064): Added:'DumpBodyHtml', with key:'dump_body_html'
12-14 02:23:54.511 I/InstrumentationBackend( 4064): Added:'EnterTextByCssSelector', with key:'enter_text_by_selector'
12-14 02:23:54.517 I/InstrumentationBackend( 4064): Added:'AndroidSDKVersion', with key:'android_sdk_version'
12-14 02:23:54.517 I/InstrumentationBackend( 4064): Added:'Version', with key:'version'
12-14 02:23:54.517 I/InstrumentationBackend( 4064): Added:'Drag', with key:'drag'
12-14 02:23:54.518 I/InstrumentationBackend( 4064): Added:'TouchCoordinates', with key:'touch_coordinate'
12-14 02:23:54.518 I/InstrumentationBackend( 4064): Added:'LongPressCoordinate', with key:'long_press_coordinate'
12-14 02:23:54.518 I/InstrumentationBackend( 4064): Added:'DragCoordinates', with key:'drag_coordinates'
12-14 02:23:54.519 I/InstrumentationBackend( 4064): Added:'ResumeApplication', with key:'resume_application'
12-14 02:23:54.520 I/InstrumentationBackend( 4064): Added:'Swipe', with key:'swipe'
12-14 02:23:54.520 I/InstrumentationBackend( 4064): Added:'DoubleTapCoordinate', with key:'double_tap_coordinate'
12-14 02:23:54.520 I/InstrumentationBackend( 4064): Added:'ClickOnScreen', with key:'click_on_screen'
12-14 02:23:54.521 I/InstrumentationBackend( 4064): Added:'GetActivityName', with key:'get_activity_name'
12-14 02:23:54.521 I/InstrumentationBackend( 4064): Added:'ScrollToView', with key:'scroll_to_view'
12-14 02:23:54.522 I/InstrumentationBackend( 4064): Added:'ViewConfiguration', with key:'view_configuration'
12-14 02:23:54.523 I/InstrumentationBackend( 4064): Added:'IsCurrentActivityFocused', with key:'is_current_activity_focused'
12-14 02:23:54.523 I/InstrumentationBackend( 4064): Added:'SendTcp', with key:'send_tcp'
12-14 02:23:54.523 I/InstrumentationBackend( 4064): Added:'DpToDevicePixel', with key:'dp_to_device_pixel'
12-14 02:23:54.525 I/InstrumentationBackend( 4064): Added:'KeyboardEnterText', with key:'keyboard_enter_text'
12-14 02:23:54.526 I/InstrumentationBackend( 4064): Added:'DeleteSurroundingText', with key:'delete_surrounding_text'
12-14 02:23:54.526 I/InstrumentationBackend( 4064): Added:'SetComposingRegion', with key:'set_composing_region'
12-14 02:23:54.527 I/InstrumentationBackend( 4064): Added:'SetSelection', with key:'set_selection'
12-14 02:23:54.527 I/InstrumentationBackend( 4064): Added:'KeyboardKeyEvent', with key:'keyboard_key_event'
12-14 02:23:54.528 I/InstrumentationBackend( 4064): Added:'PressUserActionButton', with key:'press_user_action_button'
12-14 02:23:54.528 I/InstrumentationBackend( 4064): Added:'HideSoftKeyboard', with key:'hide_soft_keyboard'
12-14 02:23:54.530 I/InstrumentationBackend( 4064): Added:'ListActions', with key:'list_actions'
12-14 02:23:54.530 I/calabash( 4064): Instantiating http server at 7102
12-14 02:23:54.531 I/System.out( 4064): HTTP Daemon listening on: 7102
12-14 02:23:54.597 I/System.out( 4064): URI: //ping
12-14 02:23:54.597 I/System.out( 4064): params: {json={}
12-14 02:23:54.597 I/System.out( 4064): }
12-14 02:23:54.610 I/System.out( 4064): URI: //ping
12-14 02:23:54.610 I/System.out( 4064): params: {json={}
12-14 02:23:54.610 I/System.out( 4064): }
12-14 02:23:54.618 I/System.out( 4064): URI: //ready
12-14 02:23:54.618 I/System.out( 4064): params: {json={}
12-14 02:23:54.618 I/System.out( 4064): }
12-14 02:23:54.625 I/System.out( 4064): URI: //
12-14 02:23:54.625 I/System.out( 4064): params: {json={"command":"version","arguments":[]}
12-14 02:23:54.625 I/System.out( 4064): }
12-14 02:23:54.625 I/System.out( 4064): header: {content-type=application/json;charset=utf-8, date=Mon, 14 Dec 2020 07:23:54 GMT, accept=*/*, host=127.0.0.1:34777, content-length=36, user-agent=HTTPClient/1.0 (2.8.3, ruby 2.5.8 (2020-03-31))}
12-14 02:23:54.625 I/System.out( 4064): params: {json={"command":"version","arguments":[]}
12-14 02:23:54.625 I/System.out( 4064): }
12-14 02:23:54.625 I/System.out( 4064): ProP json = {"command":"version","arguments":[]}
12-14 02:23:54.625 I/System.out( 4064): files: {}
12-14 02:23:54.625 I/System.out( 4064): command: {"command":"version","arguments":[]}
12-14 02:23:54.657 I/InstrumentationBackend( 4064): Got command:'Command:'Line:null,version', arguments:'[]'
12-14 02:23:54.696 I/System.out( 4064): result:{"bonusInformation":[],"message":"0.9.8","success":true}
12-14 02:23:54.705 I/System.out( 4064): URI: //start-application
12-14 02:23:54.705 I/System.out( 4064): params: {json={"intent":null}
12-14 02:23:54.705 I/System.out( 4064): }
12-14 02:23:54.750 I/ActivityManager( 1625): START u0 {act=android.intent.action.MAIN cat=[android.intent.category.LAUNCHER] flg=0x10200000 cmp=com.evancharlton.mileage/.Mileage} from uid 10346
12-14 02:23:54.764 I/calabash( 4064): newActivity1
12-14 02:23:54.793 D/gralloc_ranchu( 1394): gralloc_alloc: Creating ashmem region of size 7753728
12-14 02:23:54.807 W/ActivityManager( 1625): Bad activity token: android.os.BinderProxy@25bd87f
12-14 02:23:54.807 W/ActivityManager( 1625): java.lang.ClassCastException: android.os.BinderProxy cannot be cast to com.android.server.am.ActivityRecord$Token
12-14 02:23:54.807 W/ActivityManager( 1625): 	at com.android.server.am.ActivityRecord.forTokenLocked(ActivityRecord.java:778)
12-14 02:23:54.807 W/ActivityManager( 1625): 	at com.android.server.am.ActivityRecord.isInStackLocked(ActivityRecord.java:2085)
12-14 02:23:54.807 W/ActivityManager( 1625): 	at com.android.server.am.ActivityRecord.getStackLocked(ActivityRecord.java:2090)
12-14 02:23:54.807 W/ActivityManager( 1625): 	at com.android.server.am.ActivityManagerService.getActivityDisplayId(ActivityManagerService.java:10406)
12-14 02:23:54.807 W/ActivityManager( 1625): 	at android.app.IActivityManager$Stub.onTransact(IActivityManager.java:2738)
12-14 02:23:54.807 W/ActivityManager( 1625): 	at com.android.server.am.ActivityManagerService.onTransact(ActivityManagerService.java:2935)
12-14 02:23:54.807 W/ActivityManager( 1625): 	at android.os.Binder.execTransact(Binder.java:674)
12-14 02:23:54.810 I/calabash( 4064): newActivity1
12-14 02:23:54.817 W/ActivityManager( 1625): Bad activity token: android.os.BinderProxy@25bd87f
12-14 02:23:54.817 W/ActivityManager( 1625): java.lang.ClassCastException: android.os.BinderProxy cannot be cast to com.android.server.am.ActivityRecord$Token
12-14 02:23:54.817 W/ActivityManager( 1625): 	at com.android.server.am.ActivityRecord.forTokenLocked(ActivityRecord.java:778)
12-14 02:23:54.817 W/ActivityManager( 1625): 	at com.android.server.am.ActivityRecord.isInStackLocked(ActivityRecord.java:2085)
12-14 02:23:54.817 W/ActivityManager( 1625): 	at com.android.server.am.ActivityManagerService.setTaskDescription(ActivityManagerService.java:9988)
12-14 02:23:54.817 W/ActivityManager( 1625): 	at android.app.IActivityManager$Stub.onTransact(IActivityManager.java:2824)
12-14 02:23:54.817 W/ActivityManager( 1625): 	at com.android.server.am.ActivityManagerService.onTransact(ActivityManagerService.java:2935)
12-14 02:23:54.817 W/ActivityManager( 1625): 	at android.os.Binder.execTransact(Binder.java:674)
12-14 02:23:54.817 W/ActivityManager( 1625): Bad activity token: android.os.BinderProxy@25bd87f
12-14 02:23:54.817 W/ActivityManager( 1625): java.lang.ClassCastException: android.os.BinderProxy cannot be cast to com.android.server.am.ActivityRecord$Token
12-14 02:23:54.817 W/ActivityManager( 1625): 	at com.android.server.am.ActivityRecord.forTokenLocked(ActivityRecord.java:778)
12-14 02:23:54.817 W/ActivityManager( 1625): 	at com.android.server.am.ActivityRecord.isInStackLocked(ActivityRecord.java:2085)
12-14 02:23:54.817 W/ActivityManager( 1625): 	at com.android.server.am.ActivityRecord.getStackLocked(ActivityRecord.java:2090)
12-14 02:23:54.817 W/ActivityManager( 1625): 	at com.android.server.am.ActivityManagerService.getActivityStackId(ActivityManagerService.java:10417)
12-14 02:23:54.817 W/ActivityManager( 1625): 	at android.app.IActivityManager$Stub.onTransact(IActivityManager.java:3548)
12-14 02:23:54.817 W/ActivityManager( 1625): 	at com.android.server.am.ActivityManagerService.onTransact(ActivityManagerService.java:2935)
12-14 02:23:54.817 W/ActivityManager( 1625): 	at android.os.Binder.execTransact(Binder.java:674)
12-14 02:23:54.841 D/EGL_emulation( 2225): eglMakeCurrent: 0x97cc7ce0: ver 3 0 (tinfo 0x97e7f480)
12-14 02:23:54.844 D/EGL_emulation( 2174): eglMakeCurrent: 0x97cc7920: ver 3 0 (tinfo 0x97e7f9b0)
12-14 02:23:54.868 D/EGL_emulation( 1730): eglMakeCurrent: 0x86fc64c0: ver 3 0 (tinfo 0x86f8ed40)
12-14 02:23:54.899 I/chatty  ( 1730): uid=10028(u0_a28) RenderThread identical 3 lines
12-14 02:23:54.902 D/EGL_emulation( 1730): eglMakeCurrent: 0x86fc64c0: ver 3 0 (tinfo 0x86f8ed40)
12-14 02:23:54.903 V/StatusBar( 1730): setLightsOn(true)
12-14 02:23:54.916 D/EGL_emulation( 1730): eglMakeCurrent: 0x86fc64c0: ver 3 0 (tinfo 0x86f8ed40)
12-14 02:23:54.920 D/EGL_emulation( 1730): eglMakeCurrent: 0x86fc64c0: ver 3 0 (tinfo 0x86f8ed40)
12-14 02:23:54.934 E/ContentStoreEUAS( 2225): Failed to commit the deferred actions
12-14 02:23:54.937 D/EGL_emulation( 1730): eglMakeCurrent: 0x86fc64c0: ver 3 0 (tinfo 0x86f8ed40)
12-14 02:23:55.026 W/ActivityManager( 1625): Bad activity token: android.os.BinderProxy@25bd87f
12-14 02:23:55.026 W/ActivityManager( 1625): java.lang.ClassCastException: android.os.BinderProxy cannot be cast to com.android.server.am.ActivityRecord$Token
12-14 02:23:55.026 W/ActivityManager( 1625): 	at com.android.server.am.ActivityRecord.forTokenLocked(ActivityRecord.java:778)
12-14 02:23:55.026 W/ActivityManager( 1625): 	at com.android.server.am.ActivityRecord.isInStackLocked(ActivityRecord.java:2085)
12-14 02:23:55.026 W/ActivityManager( 1625): 	at com.android.server.am.ActivityManagerService.getActivityOptions(ActivityManagerService.java:13302)
12-14 02:23:55.026 W/ActivityManager( 1625): 	at android.app.IActivityManager$Stub.onTransact(IActivityManager.java:2910)
12-14 02:23:55.026 W/ActivityManager( 1625): 	at com.android.server.am.ActivityManagerService.onTransact(ActivityManagerService.java:2935)
12-14 02:23:55.026 W/ActivityManager( 1625): 	at android.os.Binder.execTransact(Binder.java:674)
12-14 02:23:55.030 W/ActivityManager( 1625): Bad activity token: android.os.BinderProxy@25bd87f
12-14 02:23:55.030 W/ActivityManager( 1625): java.lang.ClassCastException: android.os.BinderProxy cannot be cast to com.android.server.am.ActivityRecord$Token
12-14 02:23:55.030 W/ActivityManager( 1625): 	at com.android.server.am.ActivityRecord.forTokenLocked(ActivityRecord.java:778)
12-14 02:23:55.030 W/ActivityManager( 1625): 	at com.android.server.am.ActivityRecord.isInStackLocked(ActivityRecord.java:2085)
12-14 02:23:55.030 W/ActivityManager( 1625): 	at com.android.server.am.ActivityManagerService.getActivityOptions(ActivityManagerService.java:13302)
12-14 02:23:55.030 W/ActivityManager( 1625): 	at android.app.IActivityManager$Stub.onTransact(IActivityManager.java:2910)
12-14 02:23:55.030 W/ActivityManager( 1625): 	at com.android.server.am.ActivityManagerService.onTransact(ActivityManagerService.java:2935)
12-14 02:23:55.030 W/ActivityManager( 1625): 	at android.os.Binder.execTransact(Binder.java:674)
12-14 02:23:55.052 I/chatty  ( 1730): uid=10028(u0_a28) RenderThread identical 13 lines
12-14 02:23:55.066 D/EGL_emulation( 1730): eglMakeCurrent: 0x86fc64c0: ver 3 0 (tinfo 0x86f8ed40)
12-14 02:23:55.134 I/ActivityManager( 1625): Killing 3328:com.google.android.apps.messaging:rcs/u0a66 (adj 906): empty #17
12-14 02:23:55.151 V/StatusBar( 1730): setLightsOn(true)
12-14 02:23:55.165 V/StatusBar( 1730): setLightsOn(true)
12-14 02:23:55.189 I/zygote  ( 4064): Do partial code cache collection, code=27KB, data=29KB
12-14 02:23:55.190 I/zygote  ( 4064): After code cache collection, code=27KB, data=29KB
12-14 02:23:55.190 I/zygote  ( 4064): Increasing code cache capacity to 128KB
12-14 02:23:55.194 I/zygote  ( 4064): Do partial code cache collection, code=27KB, data=47KB
12-14 02:23:55.194 I/zygote  ( 4064): After code cache collection, code=27KB, data=47KB
12-14 02:23:55.194 I/zygote  ( 4064): Increasing code cache capacity to 256KB
12-14 02:23:55.208 I/zygote  ( 4064): JIT allocated 71KB for compiled code of void android.widget.TextView.<init>(android.content.Context, android.util.AttributeSet, int, int)
12-14 02:23:55.214 I/zygote  ( 4064): Compiler allocated 4MB to compile void android.widget.TextView.<init>(android.content.Context, android.util.AttributeSet, int, int)
12-14 02:23:55.271 V/StatusBar( 1730): setLightsOn(true)
12-14 02:23:55.277 I/chatty  ( 1730): uid=10028(u0_a28) com.android.systemui identical 2 lines
12-14 02:23:55.284 V/StatusBar( 1730): setLightsOn(true)
12-14 02:23:55.291 I/qemu-props( 1403): start adbd ...
12-14 02:23:55.320 D/gralloc_ranchu( 1394): gralloc_alloc: Creating ashmem region of size 7753728
12-14 02:23:55.359 D/        ( 4064): HostConnection::get() New Host Connection established 0x97aff280, tid 4064
12-14 02:23:55.416 V/StatusBar( 1730): setLightsOn(true)
12-14 02:23:55.417 V/StatusBar( 1730): setLightsOn(true)
12-14 02:23:55.420 I/ActivityManager( 1625): Displayed com.evancharlton.mileage/.Mileage: +661ms
12-14 02:23:55.422 V/StatusBar( 1730): setLightsOn(true)
12-14 02:23:55.443 V/StatusBar( 1730): setLightsOn(true)
12-14 02:23:55.461 D/gralloc_ranchu( 1394): gralloc_alloc: Creating ashmem region of size 7753728
12-14 02:23:55.551 I/zygote  ( 4064): Do full code cache collection, code=125KB, data=72KB
12-14 02:23:55.559 I/zygote  ( 4064): After code cache collection, code=108KB, data=44KB
12-14 02:23:55.566 W/audio_hw_generic( 1388): Not supplying enough data to HAL, expected position 558216 , only wrote 357840
12-14 02:23:55.600 E/memtrack( 1625): Couldn't load memtrack module
12-14 02:23:55.601 W/android.os.Debug( 1625): failed to get memory consumption info: -1
12-14 02:23:55.616 V/StatusBar( 1730): setLightsOn(true)
12-14 02:23:55.621 W/SurfaceFlinger( 1405): couldn't log to binary event log: overflow.
12-14 02:23:55.646 V/StatusBar( 1730): setLightsOn(true)
12-14 02:23:55.696 I/PBSessionCacheImpl( 2225): Deleted sessionId[8812172328499] from persistence.
12-14 02:23:55.718 W/SearchService( 2225): Abort, client detached.
