--------- beginning of main
12-14 02:18:46.059 D/gralloc_ranchu( 1396): gralloc_alloc: Creating ashmem region of size 8298496
12-14 02:18:46.059 D/SurfaceFlinger( 1411): duplicate layer name: changing com.google.android.apps.nexuslauncher/com.google.android.apps.nexuslauncher.NexusLauncherActivity to com.google.android.apps.nexuslauncher/com.google.android.apps.nexuslauncher.NexusLauncherActivity#1
12-14 02:18:46.078 D/gralloc_ranchu( 1396): gralloc_alloc: Creating ashmem region of size 8298496
12-14 02:18:46.095 D/gralloc_ranchu( 1396): gralloc_alloc: Creating ashmem region of size 8298496
12-14 02:18:46.131 D/EGL_emulation( 2148): eglMakeCurrent: 0x9ec045a0: ver 3 0 (tinfo 0x9ec033e0)
12-14 02:18:46.133 D/gralloc_ranchu( 1396): gralloc_alloc: Creating ashmem region of size 8298496
12-14 02:18:46.194 D/EGL_emulation( 2168): eglMakeCurrent: 0x9c67e280: ver 3 0 (tinfo 0x9c67f850)
--------- beginning of system
12-14 02:18:46.224 W/ActivityManager( 1624): Unable to start service Intent { act=com.google.android.gms.speech.service.START pkg=com.google.android.gms } U=0: not found
12-14 02:18:46.226 W/ActivityManager( 1624): Unbind failed: could not find connection for android.os.BinderProxy@35d2fd5
12-14 02:18:46.226 E/GmsClient( 2168): unable to connect to service: com.google.android.gms.speech.service.START on com.google.android.gms
12-14 02:18:46.227 W/SessionLifecycleManager( 2168): Handover failed. Creating new session controller.
12-14 02:18:46.241 I/OptInState( 2168): There is a new client and it does not support opt-in. Dropping request.
12-14 02:18:46.249 D/gralloc_ranchu( 1396): gralloc_alloc: Creating ashmem region of size 7753728
12-14 02:18:46.289 D/EGL_emulation( 1729): eglMakeCurrent: 0x9ec04720: ver 3 0 (tinfo 0x9ec03560)
12-14 02:18:46.303 I/MicroDetectionWorker( 2168): #updateMicroDetector [detectionMode: [mDetectionMode: [1]]]
12-14 02:18:46.304 I/MicroDetectionWorker( 2168): #startMicroDetector [speakerMode: 0]
12-14 02:18:46.305 I/AudioController( 2168): Using mInputStreamFactoryBuilder
12-14 02:18:46.318 I/MicroDetectionWorker( 2168): onReady
12-14 02:18:46.328 D/EGL_emulation( 1729): eglMakeCurrent: 0x9ec04720: ver 3 0 (tinfo 0x9ec03560)
12-14 02:18:46.330 I/MicroRecognitionRunner( 2168): Starting detection.
12-14 02:18:46.331 I/MicrophoneInputStream( 2168): mic_starting com.google.android.apps.gsa.staticplugins.aa.c@6928c31
12-14 02:18:46.332 D/EGL_emulation( 1729): eglMakeCurrent: 0x9ec04720: ver 3 0 (tinfo 0x9ec03560)
12-14 02:18:46.346 I/chatty  ( 1729): uid=10028(u0_a28) RenderThread identical 1 line
12-14 02:18:46.356 D/EGL_emulation( 1729): eglMakeCurrent: 0x9ec04720: ver 3 0 (tinfo 0x9ec03560)
12-14 02:18:46.358 I/MicrophoneInputStream( 2168): mic_started com.google.android.apps.gsa.staticplugins.aa.c@6928c31
12-14 02:18:46.360 E/ActivityThread( 2168): Failed to find provider info for com.google.android.apps.gsa.testing.ui.audio.recorded
12-14 02:18:46.360 I/MicroDetectionWorker( 2168): onReady
12-14 02:18:46.362 I/MicrophoneInputStream( 2168): mic_close com.google.android.apps.gsa.staticplugins.aa.c@6928c31
12-14 02:18:46.363 I/MicroRecognitionRunner( 2168): Detection finished
12-14 02:18:46.363 W/ErrorReporter( 2168): reportError [type: 211, code: 524300]: Error reading from input stream
12-14 02:18:46.363 I/MicroRecognitionRunner( 2168): Stopping hotword detection.
12-14 02:18:46.364 D/EGL_emulation( 1729): eglMakeCurrent: 0x9ec04720: ver 3 0 (tinfo 0x9ec03560)
12-14 02:18:46.365 I/AudioFlinger( 1473): AudioFlinger's thread 0xa4303400 tid=4251 ready to run
12-14 02:18:46.372 W/ErrorProcessor( 2168): onFatalError, processing error from engine(4)
12-14 02:18:46.372 W/ErrorProcessor( 2168): com.google.android.apps.gsa.shared.speech.b.g: Error reading from input stream
12-14 02:18:46.372 W/ErrorProcessor( 2168): 	at com.google.android.apps.gsa.staticplugins.recognizer.j.a.a(SourceFile:28)
12-14 02:18:46.372 W/ErrorProcessor( 2168): 	at com.google.android.apps.gsa.staticplugins.recognizer.j.b.run(SourceFile:15)
12-14 02:18:46.372 W/ErrorProcessor( 2168): 	at java.util.concurrent.Executors$RunnableAdapter.call(Executors.java:457)
12-14 02:18:46.372 W/ErrorProcessor( 2168): 	at java.util.concurrent.FutureTask.run(FutureTask.java:266)
12-14 02:18:46.372 W/ErrorProcessor( 2168): 	at com.google.android.apps.gsa.shared.util.concurrent.a.ax.run(SourceFile:14)
12-14 02:18:46.372 W/ErrorProcessor( 2168): 	at com.google.android.apps.gsa.shared.util.concurrent.a.bl.run(SourceFile:4)
12-14 02:18:46.372 W/ErrorProcessor( 2168): 	at com.google.android.apps.gsa.shared.util.concurrent.a.bl.run(SourceFile:4)
12-14 02:18:46.372 W/ErrorProcessor( 2168): 	at java.util.concurrent.ThreadPoolExecutor.runWorker(ThreadPoolExecutor.java:1162)
12-14 02:18:46.372 W/ErrorProcessor( 2168): 	at java.util.concurrent.ThreadPoolExecutor$Worker.run(ThreadPoolExecutor.java:636)
12-14 02:18:46.372 W/ErrorProcessor( 2168): 	at java.lang.Thread.run(Thread.java:764)
12-14 02:18:46.372 W/ErrorProcessor( 2168): 	at com.google.android.apps.gsa.shared.util.concurrent.a.ai.run(SourceFile:6)
12-14 02:18:46.372 W/ErrorProcessor( 2168): Caused by: com.google.android.apps.gsa.shared.exception.GsaIOException: Error code: 393238 | Buffer overflow, no available space.
12-14 02:18:46.372 W/ErrorProcessor( 2168): 	at com.google.android.apps.gsa.speech.audio.Tee.f(SourceFile:103)
12-14 02:18:46.372 W/ErrorProcessor( 2168): 	at com.google.android.apps.gsa.speech.audio.au.read(SourceFile:2)
12-14 02:18:46.372 W/ErrorProcessor( 2168): 	at java.io.InputStream.read(InputStream.java:101)
12-14 02:18:46.372 W/ErrorProcessor( 2168): 	at com.google.android.apps.gsa.speech.audio.ao.run(SourceFile:18)
12-14 02:18:46.372 W/ErrorProcessor( 2168): 	at com.google.android.apps.gsa.speech.audio.an.run(SourceFile:2)
12-14 02:18:46.372 W/ErrorProcessor( 2168): 	... 9 more
12-14 02:18:46.372 I/AudioController( 2168): internalShutdown
12-14 02:18:46.378 D/EGL_emulation( 1729): eglMakeCurrent: 0x9ec04720: ver 3 0 (tinfo 0x9ec03560)
12-14 02:18:46.381 D/EGL_emulation( 1729): eglMakeCurrent: 0x9ec04720: ver 3 0 (tinfo 0x9ec03560)
12-14 02:18:46.385 I/DeviceStateChecker( 2168): DeviceStateChecker cancelled
12-14 02:18:46.386 I/MicroDetector( 2168): Keeping mic open: false
12-14 02:18:46.386 I/MicroDetectionWorker( 2168): #onError(false)
12-14 02:18:46.394 D/EGL_emulation( 1729): eglMakeCurrent: 0x9ec04720: ver 3 0 (tinfo 0x9ec03560)
12-14 02:18:46.396 I/zygote  ( 1729): NativeAllocBackground concurrent copying GC freed 1331(117KB) AllocSpace objects, 0(0B) LOS objects, 50% free, 4MB/8MB, paused 339us total 100.200ms
12-14 02:18:46.397 D/EGL_emulation( 1729): eglMakeCurrent: 0x9ec04720: ver 3 0 (tinfo 0x9ec03560)
12-14 02:18:46.490 I/chatty  ( 1729): uid=10028(u0_a28) RenderThread identical 12 lines
12-14 02:18:46.510 D/EGL_emulation( 1729): eglMakeCurrent: 0x9ec04720: ver 3 0 (tinfo 0x9ec03560)
12-14 02:18:46.601 W/OpenGLRenderer( 2148): Incorrectly called buildLayer on View: ShortcutAndWidgetContainer, destroying layer...
12-14 02:18:46.717 I/OpenGLRenderer( 1624): Initialized EGL, version 1.4
12-14 02:18:46.717 D/OpenGLRenderer( 1624): Swap behavior 1
12-14 02:18:46.718 W/OpenGLRenderer( 1624): Failed to choose config with EGL_SWAP_BEHAVIOR_PRESERVED, retrying without...
12-14 02:18:46.718 D/OpenGLRenderer( 1624): Swap behavior 0
12-14 02:18:46.726 D/EGL_emulation( 1624): eglCreateContext: 0x87184540: maj 3 min 0 rcv 3
12-14 02:18:46.728 D/EGL_emulation( 1624): eglMakeCurrent: 0x87184540: ver 3 0 (tinfo 0x8cda15f0)
12-14 02:18:46.729 E/eglCodecCommon( 1624): glUtilsParamSize: unknow param 0x00008cdf
12-14 02:18:46.729 E/eglCodecCommon( 1624): glUtilsParamSize: unknow param 0x00008cdf
12-14 02:18:46.730 E/eglCodecCommon( 1624): glUtilsParamSize: unknow param 0x00008824
12-14 02:18:46.730 E/eglCodecCommon( 1624): glUtilsParamSize: unknow param 0x00008824
12-14 02:18:46.756 D/AndroidRuntime( 4246): >>>>>> START com.android.internal.os.RuntimeInit uid 2000 <<<<<<
12-14 02:18:46.797 W/app_process( 4246): Unexpected CPU variant for X86 using defaults: x86
12-14 02:18:46.815 D/AndroidRuntime( 4246): Calling main entry com.android.commands.am.Am
12-14 02:18:46.818 I/ActivityManager( 1624): Force stopping com.evancharlton.mileage appid=10340 user=0: start instr
12-14 02:18:46.818 I/ActivityManager( 1624): Killing 4196:com.evancharlton.mileage/u0a340 (adj 0): stop com.evancharlton.mileage
12-14 02:18:46.818 W/ActivityManager( 1624): Crash of app com.evancharlton.mileage running instrumentation ComponentInfo{com.evancharlton.mileage.test/sh.calaba.instrumentationbackend.CalabashInstrumentationTestRunner}
12-14 02:18:46.818 I/ActivityManager( 1624): Force stopping com.evancharlton.mileage appid=10340 user=0: finished inst
12-14 02:18:46.829 I/zygote  ( 4260): Not late-enabling -Xcheck:jni (already on)
12-14 02:18:46.836 I/ActivityManager( 1624): Start proc 4260:com.evancharlton.mileage/u0a340 for added application com.evancharlton.mileage
12-14 02:18:46.838 D/AndroidRuntime( 4246): Shutting down VM
12-14 02:18:46.841 W/zygote  ( 4260): Unexpected CPU variant for X86 using defaults: x86
12-14 02:18:46.870 W/ActivityManager( 1624): setHasOverlayUi called on unknown pid: 4196
12-14 02:18:46.878 W/zygote  ( 4260): Found duplicate classes, falling back to extracting from APK : /data/app/com.evancharlton.mileage.test-JsEpBKFdtYIrbJN8ZfarpA==/base.apk
12-14 02:18:46.878 W/zygote  ( 4260): NOTE: This wastes RAM and hurts startup performance.
12-14 02:18:46.878 W/zygote  ( 4260): Found duplicated class when checking oat files: 'Ljunit/runner/BaseTestRunner;' in /data/app/com.evancharlton.mileage.test-JsEpBKFdtYIrbJN8ZfarpA==/base.apk and /system/framework/android.test.runner.jar
12-14 02:18:46.878 W/zygote  ( 4260): 
12-14 02:18:46.922 W/System  ( 4260): ClassLoader referenced unknown path: 
12-14 02:18:46.931 E/adbd    ( 1383): failed to connect to socket 'tcp:7102': Connection refused
12-14 02:18:46.938 E/adbd    ( 1383): failed to connect to socket 'tcp:7102': Connection refused
12-14 02:18:46.946 I/System.out( 4260): Main activity name automatically set to: com.evancharlton.mileage.Mileage
12-14 02:18:46.948 I/System.out( 4260): Calabash did not load Mono. This is only a problem if you are trying to test a Mono application
12-14 02:18:46.948 I/calabash( 4260): Test server port: 7102
12-14 02:18:46.951 I/InstrumentationBackend( 4260): Added:'GetPreferences', with key:'get_preferences'
12-14 02:18:47.020 I/InstrumentationBackend( 4260): Added:'SetPreferences', with key:'set_preferences'
12-14 02:18:47.020 I/InstrumentationBackend( 4260): Added:'ClearPreferences', with key:'clear_preferences'
12-14 02:18:47.022 I/InstrumentationBackend( 4260): Added:'PressElement', with key:'press_l10n_element'
12-14 02:18:47.022 I/InstrumentationBackend( 4260): Added:'WaitForElement', with key:'wait_for_l10n_element'
12-14 02:18:47.023 I/InstrumentationBackend( 4260): Added:'NullAction', with key:'nullAction'
12-14 02:18:47.024 I/InstrumentationBackend( 4260): Added:'PressKey', with key:'press_key'
12-14 02:18:47.024 I/InstrumentationBackend( 4260): Added:'SetActivityOrientation', with key:'set_activity_orientation'
12-14 02:18:47.025 I/InstrumentationBackend( 4260): Added:'GetActivityOrientation', with key:'get_activity_orientation'
12-14 02:18:47.026 I/InstrumentationBackend( 4260): Added:'FakeGPSLocation', with key:'set_gps_coordinates'
12-14 02:18:47.026 I/InstrumentationBackend( 4260): Added:'SetPropertyByCssSelector', with key:'set_property_by_css_selector'
12-14 02:18:47.027 I/InstrumentationBackend( 4260): Added:'GetUrl', with key:'get_url'
12-14 02:18:47.030 I/InstrumentationBackend( 4260): Added:'ScrollTo', with key:'scroll_to'
12-14 02:18:47.030 I/InstrumentationBackend( 4260): Added:'GetLoadProgress', with key:'get_load_progress'
12-14 02:18:47.030 I/InstrumentationBackend( 4260): Added:'DumpHtml', with key:'dump_html'
12-14 02:18:47.031 I/InstrumentationBackend( 4260): Added:'DumpBodyHtml', with key:'dump_body_html'
12-14 02:18:47.031 I/InstrumentationBackend( 4260): Added:'EnterTextByCssSelector', with key:'enter_text_by_selector'
12-14 02:18:47.035 I/InstrumentationBackend( 4260): Added:'AndroidSDKVersion', with key:'android_sdk_version'
12-14 02:18:47.035 I/InstrumentationBackend( 4260): Added:'Version', with key:'version'
12-14 02:18:47.035 I/InstrumentationBackend( 4260): Added:'Drag', with key:'drag'
12-14 02:18:47.035 I/InstrumentationBackend( 4260): Added:'TouchCoordinates', with key:'touch_coordinate'
12-14 02:18:47.035 I/InstrumentationBackend( 4260): Added:'LongPressCoordinate', with key:'long_press_coordinate'
12-14 02:18:47.036 I/InstrumentationBackend( 4260): Added:'DragCoordinates', with key:'drag_coordinates'
12-14 02:18:47.036 I/InstrumentationBackend( 4260): Added:'ResumeApplication', with key:'resume_application'
12-14 02:18:47.037 I/InstrumentationBackend( 4260): Added:'Swipe', with key:'swipe'
12-14 02:18:47.037 I/InstrumentationBackend( 4260): Added:'DoubleTapCoordinate', with key:'double_tap_coordinate'
12-14 02:18:47.037 I/InstrumentationBackend( 4260): Added:'ClickOnScreen', with key:'click_on_screen'
12-14 02:18:47.039 I/InstrumentationBackend( 4260): Added:'GetActivityName', with key:'get_activity_name'
12-14 02:18:47.039 I/InstrumentationBackend( 4260): Added:'ScrollToView', with key:'scroll_to_view'
12-14 02:18:47.040 I/InstrumentationBackend( 4260): Added:'ViewConfiguration', with key:'view_configuration'
12-14 02:18:47.041 I/InstrumentationBackend( 4260): Added:'IsCurrentActivityFocused', with key:'is_current_activity_focused'
12-14 02:18:47.041 I/InstrumentationBackend( 4260): Added:'SendTcp', with key:'send_tcp'
12-14 02:18:47.041 I/InstrumentationBackend( 4260): Added:'DpToDevicePixel', with key:'dp_to_device_pixel'
12-14 02:18:47.042 I/InstrumentationBackend( 4260): Added:'KeyboardEnterText', with key:'keyboard_enter_text'
12-14 02:18:47.043 I/InstrumentationBackend( 4260): Added:'DeleteSurroundingText', with key:'delete_surrounding_text'
12-14 02:18:47.043 I/InstrumentationBackend( 4260): Added:'SetComposingRegion', with key:'set_composing_region'
12-14 02:18:47.043 I/InstrumentationBackend( 4260): Added:'SetSelection', with key:'set_selection'
12-14 02:18:47.044 I/InstrumentationBackend( 4260): Added:'KeyboardKeyEvent', with key:'keyboard_key_event'
12-14 02:18:47.045 I/InstrumentationBackend( 4260): Added:'PressUserActionButton', with key:'press_user_action_button'
12-14 02:18:47.045 E/adbd    ( 1383): failed to connect to socket 'tcp:7102': Connection refused
12-14 02:18:47.047 I/InstrumentationBackend( 4260): Added:'HideSoftKeyboard', with key:'hide_soft_keyboard'
12-14 02:18:47.048 E/adbd    ( 1383): failed to connect to socket 'tcp:7102': Connection refused
12-14 02:18:47.049 I/InstrumentationBackend( 4260): Added:'ListActions', with key:'list_actions'
12-14 02:18:47.049 I/calabash( 4260): Instantiating http server at 7102
12-14 02:18:47.050 I/System.out( 4260): HTTP Daemon listening on: 7102
12-14 02:18:47.172 I/System.out( 4260): URI: //ping
12-14 02:18:47.173 I/System.out( 4260): params: {json={}
12-14 02:18:47.174 I/System.out( 4260): }
12-14 02:18:47.202 I/System.out( 4260): URI: //ping
12-14 02:18:47.203 I/System.out( 4260): params: {json={}
12-14 02:18:47.203 I/System.out( 4260): }
12-14 02:18:47.218 I/System.out( 4260): URI: //ready
12-14 02:18:47.219 I/System.out( 4260): params: {json={}
12-14 02:18:47.219 I/System.out( 4260): }
12-14 02:18:47.227 I/System.out( 4260): URI: //
12-14 02:18:47.228 I/System.out( 4260): params: {json={"command":"version","arguments":[]}
12-14 02:18:47.228 I/System.out( 4260): }
12-14 02:18:47.228 I/System.out( 4260): header: {content-type=application/json;charset=utf-8, date=Mon, 14 Dec 2020 07:18:47 GMT, accept=*/*, host=127.0.0.1:34777, content-length=36, user-agent=HTTPClient/1.0 (2.8.3, ruby 2.5.8 (2020-03-31))}
12-14 02:18:47.228 I/System.out( 4260): params: {json={"command":"version","arguments":[]}
12-14 02:18:47.228 I/System.out( 4260): }
12-14 02:18:47.228 I/System.out( 4260): ProP json = {"command":"version","arguments":[]}
12-14 02:18:47.228 I/System.out( 4260): files: {}
12-14 02:18:47.228 I/System.out( 4260): command: {"command":"version","arguments":[]}
12-14 02:18:47.259 I/InstrumentationBackend( 4260): Got command:'Command:'Line:null,version', arguments:'[]'
12-14 02:18:47.296 I/System.out( 4260): result:{"bonusInformation":[],"message":"0.9.8","success":true}
12-14 02:18:47.303 I/System.out( 4260): URI: //start-application
12-14 02:18:47.303 I/System.out( 4260): params: {json={"intent":null}
12-14 02:18:47.303 I/System.out( 4260): }
12-14 02:18:47.340 I/ActivityManager( 1624): START u0 {act=android.intent.action.MAIN cat=[android.intent.category.LAUNCHER] flg=0x10200000 cmp=com.evancharlton.mileage/.Mileage} from uid 10340
12-14 02:18:47.378 D/gralloc_ranchu( 1396): gralloc_alloc: Creating ashmem region of size 7753728
12-14 02:18:47.381 E/memtrack( 1624): Couldn't load memtrack module
12-14 02:18:47.381 W/android.os.Debug( 1624): failed to get memory consumption info: -1
12-14 02:18:47.384 I/calabash( 4260): newActivity1
12-14 02:18:47.396 E/memtrack( 1624): Couldn't load memtrack module
12-14 02:18:47.396 W/android.os.Debug( 1624): failed to get memory consumption info: -1
12-14 02:18:47.428 W/ActivityManager( 1624): Bad activity token: android.os.BinderProxy@f1c1ca8
12-14 02:18:47.428 W/ActivityManager( 1624): java.lang.ClassCastException: android.os.BinderProxy cannot be cast to com.android.server.am.ActivityRecord$Token
12-14 02:18:47.428 W/ActivityManager( 1624): 	at com.android.server.am.ActivityRecord.forTokenLocked(ActivityRecord.java:778)
12-14 02:18:47.428 W/ActivityManager( 1624): 	at com.android.server.am.ActivityRecord.isInStackLocked(ActivityRecord.java:2085)
12-14 02:18:47.428 W/ActivityManager( 1624): 	at com.android.server.am.ActivityRecord.getStackLocked(ActivityRecord.java:2090)
12-14 02:18:47.428 W/ActivityManager( 1624): 	at com.android.server.am.ActivityManagerService.getActivityDisplayId(ActivityManagerService.java:10406)
12-14 02:18:47.428 W/ActivityManager( 1624): 	at android.app.IActivityManager$Stub.onTransact(IActivityManager.java:2738)
12-14 02:18:47.428 W/ActivityManager( 1624): 	at com.android.server.am.ActivityManagerService.onTransact(ActivityManagerService.java:2935)
12-14 02:18:47.428 W/ActivityManager( 1624): 	at android.os.Binder.execTransact(Binder.java:674)
12-14 02:18:47.428 I/calabash( 4260): newActivity1
12-14 02:18:47.432 W/ActivityManager( 1624): Bad activity token: android.os.BinderProxy@f1c1ca8
12-14 02:18:47.432 W/ActivityManager( 1624): java.lang.ClassCastException: android.os.BinderProxy cannot be cast to com.android.server.am.ActivityRecord$Token
12-14 02:18:47.432 W/ActivityManager( 1624): 	at com.android.server.am.ActivityRecord.forTokenLocked(ActivityRecord.java:778)
12-14 02:18:47.432 W/ActivityManager( 1624): 	at com.android.server.am.ActivityRecord.isInStackLocked(ActivityRecord.java:2085)
12-14 02:18:47.432 W/ActivityManager( 1624): 	at com.android.server.am.ActivityManagerService.setTaskDescription(ActivityManagerService.java:9988)
12-14 02:18:47.432 W/ActivityManager( 1624): 	at android.app.IActivityManager$Stub.onTransact(IActivityManager.java:2824)
12-14 02:18:47.432 W/ActivityManager( 1624): 	at com.android.server.am.ActivityManagerService.onTransact(ActivityManagerService.java:2935)
12-14 02:18:47.432 W/ActivityManager( 1624): 	at android.os.Binder.execTransact(Binder.java:674)
12-14 02:18:47.432 W/ActivityManager( 1624): Bad activity token: android.os.BinderProxy@f1c1ca8
12-14 02:18:47.432 W/ActivityManager( 1624): java.lang.ClassCastException: android.os.BinderProxy cannot be cast to com.android.server.am.ActivityRecord$Token
12-14 02:18:47.432 W/ActivityManager( 1624): 	at com.android.server.am.ActivityRecord.forTokenLocked(ActivityRecord.java:778)
12-14 02:18:47.432 W/ActivityManager( 1624): 	at com.android.server.am.ActivityRecord.isInStackLocked(ActivityRecord.java:2085)
12-14 02:18:47.432 W/ActivityManager( 1624): 	at com.android.server.am.ActivityRecord.getStackLocked(ActivityRecord.java:2090)
12-14 02:18:47.432 W/ActivityManager( 1624): 	at com.android.server.am.ActivityManagerService.getActivityStackId(ActivityManagerService.java:10417)
12-14 02:18:47.432 W/ActivityManager( 1624): 	at android.app.IActivityManager$Stub.onTransact(IActivityManager.java:3548)
12-14 02:18:47.432 W/ActivityManager( 1624): 	at com.android.server.am.ActivityManagerService.onTransact(ActivityManagerService.java:2935)
12-14 02:18:47.432 W/ActivityManager( 1624): 	at android.os.Binder.execTransact(Binder.java:674)
12-14 02:18:47.439 D/EGL_emulation( 2168): eglMakeCurrent: 0x9c67e280: ver 3 0 (tinfo 0x9c67f850)
12-14 02:18:47.450 D/EGL_emulation( 2148): eglMakeCurrent: 0x9ec045a0: ver 3 0 (tinfo 0x9ec033e0)
12-14 02:18:47.483 D/EGL_emulation( 1729): eglMakeCurrent: 0x9ec04720: ver 3 0 (tinfo 0x9ec03560)
12-14 02:18:47.494 V/StatusBar( 1729): setLightsOn(true)
12-14 02:18:47.498 D/EGL_emulation( 1729): eglMakeCurrent: 0x9ec04720: ver 3 0 (tinfo 0x9ec03560)
12-14 02:18:47.501 D/EGL_emulation( 1729): eglMakeCurrent: 0x9ec04720: ver 3 0 (tinfo 0x9ec03560)
12-14 02:18:47.506 E/ContentStoreEUAS( 2168): Failed to commit the deferred actions
12-14 02:18:47.516 D/EGL_emulation( 1729): eglMakeCurrent: 0x9ec04720: ver 3 0 (tinfo 0x9ec03560)
12-14 02:18:47.577 W/ActivityManager( 1624): Bad activity token: android.os.BinderProxy@f1c1ca8
12-14 02:18:47.577 W/ActivityManager( 1624): java.lang.ClassCastException: android.os.BinderProxy cannot be cast to com.android.server.am.ActivityRecord$Token
12-14 02:18:47.577 W/ActivityManager( 1624): 	at com.android.server.am.ActivityRecord.forTokenLocked(ActivityRecord.java:778)
12-14 02:18:47.577 W/ActivityManager( 1624): 	at com.android.server.am.ActivityRecord.isInStackLocked(ActivityRecord.java:2085)
12-14 02:18:47.577 W/ActivityManager( 1624): 	at com.android.server.am.ActivityManagerService.getActivityOptions(ActivityManagerService.java:13302)
12-14 02:18:47.577 W/ActivityManager( 1624): 	at android.app.IActivityManager$Stub.onTransact(IActivityManager.java:2910)
12-14 02:18:47.577 W/ActivityManager( 1624): 	at com.android.server.am.ActivityManagerService.onTransact(ActivityManagerService.java:2935)
12-14 02:18:47.577 W/ActivityManager( 1624): 	at android.os.Binder.execTransact(Binder.java:674)
12-14 02:18:47.579 W/ActivityManager( 1624): Bad activity token: android.os.BinderProxy@f1c1ca8
12-14 02:18:47.579 W/ActivityManager( 1624): java.lang.ClassCastException: android.os.BinderProxy cannot be cast to com.android.server.am.ActivityRecord$Token
12-14 02:18:47.579 W/ActivityManager( 1624): 	at com.android.server.am.ActivityRecord.forTokenLocked(ActivityRecord.java:778)
12-14 02:18:47.579 W/ActivityManager( 1624): 	at com.android.server.am.ActivityRecord.isInStackLocked(ActivityRecord.java:2085)
12-14 02:18:47.579 W/ActivityManager( 1624): 	at com.android.server.am.ActivityManagerService.getActivityOptions(ActivityManagerService.java:13302)
12-14 02:18:47.579 W/ActivityManager( 1624): 	at android.app.IActivityManager$Stub.onTransact(IActivityManager.java:2910)
12-14 02:18:47.579 W/ActivityManager( 1624): 	at com.android.server.am.ActivityManagerService.onTransact(ActivityManagerService.java:2935)
12-14 02:18:47.579 W/ActivityManager( 1624): 	at android.os.Binder.execTransact(Binder.java:674)
12-14 02:18:47.685 I/chatty  ( 1729): uid=10028(u0_a28) RenderThread identical 21 lines
12-14 02:18:47.700 D/EGL_emulation( 1729): eglMakeCurrent: 0x9ec04720: ver 3 0 (tinfo 0x9ec03560)
12-14 02:18:47.709 V/StatusBar( 1729): setLightsOn(true)
12-14 02:18:47.745 I/zygote  ( 4260): Do partial code cache collection, code=27KB, data=29KB
12-14 02:18:47.746 I/zygote  ( 4260): After code cache collection, code=27KB, data=29KB
12-14 02:18:47.746 I/zygote  ( 4260): Increasing code cache capacity to 128KB
12-14 02:18:47.747 I/zygote  ( 4260): Do partial code cache collection, code=27KB, data=47KB
12-14 02:18:47.748 I/zygote  ( 4260): After code cache collection, code=27KB, data=47KB
12-14 02:18:47.748 I/zygote  ( 4260): Increasing code cache capacity to 256KB
12-14 02:18:47.749 I/zygote  ( 4260): JIT allocated 71KB for compiled code of void android.widget.TextView.<init>(android.content.Context, android.util.AttributeSet, int, int)
12-14 02:18:47.749 I/zygote  ( 4260): Compiler allocated 4MB to compile void android.widget.TextView.<init>(android.content.Context, android.util.AttributeSet, int, int)
12-14 02:18:47.784 V/StatusBar( 1729): setLightsOn(true)
12-14 02:18:47.786 I/chatty  ( 1729): uid=10028(u0_a28) com.android.systemui identical 1 line
12-14 02:18:47.786 V/StatusBar( 1729): setLightsOn(true)
12-14 02:18:47.829 D/gralloc_ranchu( 1396): gralloc_alloc: Creating ashmem region of size 7753728
12-14 02:18:47.851 D/        ( 4260): HostConnection::get() New Host Connection established 0x9c2afe40, tid 4260
12-14 02:18:47.878 V/StatusBar( 1729): setLightsOn(true)
12-14 02:18:47.914 I/chatty  ( 1729): uid=10028(u0_a28) com.android.systemui identical 1 line
12-14 02:18:47.915 V/StatusBar( 1729): setLightsOn(true)
12-14 02:18:47.917 I/ActivityManager( 1624): Displayed com.evancharlton.mileage/.Mileage: +556ms
12-14 02:18:47.925 V/StatusBar( 1729): setLightsOn(true)
12-14 02:18:47.931 V/StatusBar( 1729): setLightsOn(true)
12-14 02:18:47.953 D/gralloc_ranchu( 1396): gralloc_alloc: Creating ashmem region of size 7753728
12-14 02:18:48.076 I/ActivityManager( 1624): Killing 3495:com.google.android.ext.services/u0a14 (adj 906): empty #17
12-14 02:18:48.084 E/WifiVendorHal( 1624): getTxPktFates(l.1941) failed {.code = ERROR_NOT_SUPPORTED, .description = }
12-14 02:18:48.085 E/WifiVendorHal( 1624): getRxPktFates(l.1981) failed {.code = ERROR_NOT_SUPPORTED, .description = }
12-14 02:18:48.106 V/StatusBar( 1729): setLightsOn(true)
12-14 02:18:48.137 I/zygote  ( 4260): Do full code cache collection, code=125KB, data=71KB
12-14 02:18:48.141 V/StatusBar( 1729): setLightsOn(true)
12-14 02:18:48.142 I/zygote  ( 4260): After code cache collection, code=107KB, data=43KB
12-14 02:18:48.145 V/StatusBar( 1729): setLightsOn(true)
12-14 02:18:48.176 I/chatty  ( 1729): uid=10028(u0_a28) com.android.systemui identical 2 lines
12-14 02:18:48.190 V/StatusBar( 1729): setLightsOn(true)
12-14 02:18:48.205 W/SurfaceFlinger( 1411): couldn't log to binary event log: overflow.
12-14 02:18:48.289 I/PBSessionCacheImpl( 2168): Deleted sessionId[8606013895263] from persistence.
