--------- beginning of main
12-13 23:17:21.725 I/MicroRecognitionRunner( 2183): Starting detection.
12-13 23:17:21.726 I/MicrophoneInputStream( 2183): mic_starting com.google.android.apps.gsa.staticplugins.aa.c@d43ffc1
12-13 23:17:21.730 I/AudioFlinger( 1475): AudioFlinger's thread 0xae903f80 tid=4159 ready to run
12-13 23:17:21.736 I/MicrophoneInputStream( 2183): mic_started com.google.android.apps.gsa.staticplugins.aa.c@d43ffc1
12-13 23:17:21.737 I/MicroDetectionWorker( 2183): onReady
12-13 23:17:21.743 I/MicrophoneInputStream( 2183): mic_close com.google.android.apps.gsa.staticplugins.aa.c@d43ffc1
12-13 23:17:21.744 I/MicroRecognitionRunner( 2183): Detection finished
12-13 23:17:21.744 W/ErrorReporter( 2183): reportError [type: 211, code: 524300]: Error reading from input stream
12-13 23:17:21.744 I/MicroRecognitionRunner( 2183): Stopping hotword detection.
12-13 23:17:21.744 W/ErrorProcessor( 2183): onFatalError, processing error from engine(4)
12-13 23:17:21.744 W/ErrorProcessor( 2183): com.google.android.apps.gsa.shared.speech.b.g: Error reading from input stream
12-13 23:17:21.744 W/ErrorProcessor( 2183): 	at com.google.android.apps.gsa.staticplugins.recognizer.j.a.a(SourceFile:28)
12-13 23:17:21.744 W/ErrorProcessor( 2183): 	at com.google.android.apps.gsa.staticplugins.recognizer.j.b.run(SourceFile:15)
12-13 23:17:21.744 W/ErrorProcessor( 2183): 	at java.util.concurrent.Executors$RunnableAdapter.call(Executors.java:457)
12-13 23:17:21.744 W/ErrorProcessor( 2183): 	at java.util.concurrent.FutureTask.run(FutureTask.java:266)
12-13 23:17:21.744 W/ErrorProcessor( 2183): 	at com.google.android.apps.gsa.shared.util.concurrent.a.ax.run(SourceFile:14)
12-13 23:17:21.744 W/ErrorProcessor( 2183): 	at com.google.android.apps.gsa.shared.util.concurrent.a.bl.run(SourceFile:4)
12-13 23:17:21.744 W/ErrorProcessor( 2183): 	at com.google.android.apps.gsa.shared.util.concurrent.a.bl.run(SourceFile:4)
12-13 23:17:21.744 W/ErrorProcessor( 2183): 	at java.util.concurrent.ThreadPoolExecutor.runWorker(ThreadPoolExecutor.java:1162)
12-13 23:17:21.744 W/ErrorProcessor( 2183): 	at java.util.concurrent.ThreadPoolExecutor$Worker.run(ThreadPoolExecutor.java:636)
12-13 23:17:21.744 W/ErrorProcessor( 2183): 	at java.lang.Thread.run(Thread.java:764)
12-13 23:17:21.744 W/ErrorProcessor( 2183): 	at com.google.android.apps.gsa.shared.util.concurrent.a.ai.run(SourceFile:6)
12-13 23:17:21.744 W/ErrorProcessor( 2183): Caused by: com.google.android.apps.gsa.shared.exception.GsaIOException: Error code: 393238 | Buffer overflow, no available space.
12-13 23:17:21.744 W/ErrorProcessor( 2183): 	at com.google.android.apps.gsa.speech.audio.Tee.f(SourceFile:103)
12-13 23:17:21.744 W/ErrorProcessor( 2183): 	at com.google.android.apps.gsa.speech.audio.au.read(SourceFile:2)
12-13 23:17:21.744 W/ErrorProcessor( 2183): 	at java.io.InputStream.read(InputStream.java:101)
12-13 23:17:21.744 W/ErrorProcessor( 2183): 	at com.google.android.apps.gsa.speech.audio.ao.run(SourceFile:18)
12-13 23:17:21.744 W/ErrorProcessor( 2183): 	at com.google.android.apps.gsa.speech.audio.an.run(SourceFile:2)
12-13 23:17:21.744 W/ErrorProcessor( 2183): 	... 9 more
12-13 23:17:21.745 I/AudioController( 2183): internalShutdown
12-13 23:17:21.747 I/MicroDetector( 2183): Keeping mic open: false
12-13 23:17:21.747 I/MicroDetectionWorker( 2183): #onError(false)
12-13 23:17:21.747 I/DeviceStateChecker( 2183): DeviceStateChecker cancelled
12-13 23:17:22.507 D/AndroidRuntime( 4163): >>>>>> START com.android.internal.os.RuntimeInit uid 2000 <<<<<<
12-13 23:17:22.540 W/app_process( 4163): Unexpected CPU variant for X86 using defaults: x86
12-13 23:17:22.557 D/AndroidRuntime( 4163): Calling main entry com.android.commands.am.Am
12-13 23:17:22.570 I/zygote  ( 4173): Not late-enabling -Xcheck:jni (already on)
12-13 23:17:22.574 D/AndroidRuntime( 4163): Shutting down VM
12-13 23:17:22.576 E/memtrack( 1630): Couldn't load memtrack module
12-13 23:17:22.576 W/android.os.Debug( 1630): failed to get memory consumption info: -1
12-13 23:17:22.581 W/zygote  ( 4173): Unexpected CPU variant for X86 using defaults: x86
12-13 23:17:22.585 E/memtrack( 1630): Couldn't load memtrack module
12-13 23:17:22.585 W/android.os.Debug( 1630): failed to get memory consumption info: -1
12-13 23:17:22.603 E/adbd    ( 1382): failed to connect to socket 'tcp:7102': Connection refused
12-13 23:17:22.608 E/adbd    ( 1382): failed to connect to socket 'tcp:7102': Connection refused
12-13 23:17:22.616 W/zygote  ( 4173): Found duplicate classes, falling back to extracting from APK : /data/app/com.evancharlton.mileage.test-UPAzjDno4OjoJGao-_r-kw==/base.apk
12-13 23:17:22.616 W/zygote  ( 4173): NOTE: This wastes RAM and hurts startup performance.
12-13 23:17:22.616 W/zygote  ( 4173): Found duplicated class when checking oat files: 'Ljunit/runner/BaseTestRunner;' in /data/app/com.evancharlton.mileage.test-UPAzjDno4OjoJGao-_r-kw==/base.apk and /system/framework/android.test.runner.jar
12-13 23:17:22.616 W/zygote  ( 4173): 
12-13 23:17:22.646 W/System  ( 4173): ClassLoader referenced unknown path: 
12-13 23:17:22.656 I/System.out( 4173): Main activity name automatically set to: com.evancharlton.mileage.Mileage
12-13 23:17:22.658 I/System.out( 4173): Calabash did not load Mono. This is only a problem if you are trying to test a Mono application
12-13 23:17:22.658 I/calabash( 4173): Test server port: 7102
12-13 23:17:22.659 I/InstrumentationBackend( 4173): Added:'GetPreferences', with key:'get_preferences'
12-13 23:17:22.718 I/InstrumentationBackend( 4173): Added:'SetPreferences', with key:'set_preferences'
12-13 23:17:22.718 I/InstrumentationBackend( 4173): Added:'ClearPreferences', with key:'clear_preferences'
12-13 23:17:22.719 I/InstrumentationBackend( 4173): Added:'PressElement', with key:'press_l10n_element'
12-13 23:17:22.719 I/InstrumentationBackend( 4173): Added:'WaitForElement', with key:'wait_for_l10n_element'
12-13 23:17:22.720 I/InstrumentationBackend( 4173): Added:'NullAction', with key:'nullAction'
12-13 23:17:22.720 I/InstrumentationBackend( 4173): Added:'PressKey', with key:'press_key'
12-13 23:17:22.720 I/InstrumentationBackend( 4173): Added:'SetActivityOrientation', with key:'set_activity_orientation'
12-13 23:17:22.721 I/InstrumentationBackend( 4173): Added:'GetActivityOrientation', with key:'get_activity_orientation'
12-13 23:17:22.721 I/InstrumentationBackend( 4173): Added:'FakeGPSLocation', with key:'set_gps_coordinates'
12-13 23:17:22.722 I/InstrumentationBackend( 4173): Added:'SetPropertyByCssSelector', with key:'set_property_by_css_selector'
12-13 23:17:22.723 I/InstrumentationBackend( 4173): Added:'GetUrl', with key:'get_url'
12-13 23:17:22.725 E/adbd    ( 1382): failed to connect to socket 'tcp:7102': Connection refused
12-13 23:17:22.727 E/adbd    ( 1382): failed to connect to socket 'tcp:7102': Connection refused
12-13 23:17:22.729 I/InstrumentationBackend( 4173): Added:'ScrollTo', with key:'scroll_to'
12-13 23:17:22.729 I/InstrumentationBackend( 4173): Added:'GetLoadProgress', with key:'get_load_progress'
12-13 23:17:22.730 I/InstrumentationBackend( 4173): Added:'DumpHtml', with key:'dump_html'
12-13 23:17:22.730 I/InstrumentationBackend( 4173): Added:'DumpBodyHtml', with key:'dump_body_html'
12-13 23:17:22.730 I/InstrumentationBackend( 4173): Added:'EnterTextByCssSelector', with key:'enter_text_by_selector'
12-13 23:17:22.734 I/InstrumentationBackend( 4173): Added:'AndroidSDKVersion', with key:'android_sdk_version'
12-13 23:17:22.735 I/InstrumentationBackend( 4173): Added:'Version', with key:'version'
12-13 23:17:22.735 I/InstrumentationBackend( 4173): Added:'Drag', with key:'drag'
12-13 23:17:22.735 I/InstrumentationBackend( 4173): Added:'TouchCoordinates', with key:'touch_coordinate'
12-13 23:17:22.735 I/InstrumentationBackend( 4173): Added:'LongPressCoordinate', with key:'long_press_coordinate'
12-13 23:17:22.736 I/InstrumentationBackend( 4173): Added:'DragCoordinates', with key:'drag_coordinates'
12-13 23:17:22.737 I/InstrumentationBackend( 4173): Added:'ResumeApplication', with key:'resume_application'
12-13 23:17:22.737 I/InstrumentationBackend( 4173): Added:'Swipe', with key:'swipe'
12-13 23:17:22.737 I/InstrumentationBackend( 4173): Added:'DoubleTapCoordinate', with key:'double_tap_coordinate'
12-13 23:17:22.737 I/InstrumentationBackend( 4173): Added:'ClickOnScreen', with key:'click_on_screen'
12-13 23:17:22.738 I/InstrumentationBackend( 4173): Added:'GetActivityName', with key:'get_activity_name'
12-13 23:17:22.738 I/InstrumentationBackend( 4173): Added:'ScrollToView', with key:'scroll_to_view'
12-13 23:17:22.739 I/InstrumentationBackend( 4173): Added:'ViewConfiguration', with key:'view_configuration'
12-13 23:17:22.739 I/InstrumentationBackend( 4173): Added:'IsCurrentActivityFocused', with key:'is_current_activity_focused'
12-13 23:17:22.739 I/InstrumentationBackend( 4173): Added:'SendTcp', with key:'send_tcp'
12-13 23:17:22.740 I/InstrumentationBackend( 4173): Added:'DpToDevicePixel', with key:'dp_to_device_pixel'
12-13 23:17:22.741 I/InstrumentationBackend( 4173): Added:'KeyboardEnterText', with key:'keyboard_enter_text'
12-13 23:17:22.741 I/InstrumentationBackend( 4173): Added:'DeleteSurroundingText', with key:'delete_surrounding_text'
12-13 23:17:22.742 I/InstrumentationBackend( 4173): Added:'SetComposingRegion', with key:'set_composing_region'
12-13 23:17:22.742 I/InstrumentationBackend( 4173): Added:'SetSelection', with key:'set_selection'
12-13 23:17:22.742 I/InstrumentationBackend( 4173): Added:'KeyboardKeyEvent', with key:'keyboard_key_event'
12-13 23:17:22.742 I/InstrumentationBackend( 4173): Added:'PressUserActionButton', with key:'press_user_action_button'
12-13 23:17:22.743 I/InstrumentationBackend( 4173): Added:'HideSoftKeyboard', with key:'hide_soft_keyboard'
12-13 23:17:22.745 I/InstrumentationBackend( 4173): Added:'ListActions', with key:'list_actions'
12-13 23:17:22.745 I/calabash( 4173): Instantiating http server at 7102
12-13 23:17:22.746 I/System.out( 4173): HTTP Daemon listening on: 7102
12-13 23:17:22.843 I/System.out( 4173): URI: //ping
12-13 23:17:22.845 I/System.out( 4173): params: {json={}
12-13 23:17:22.845 I/System.out( 4173): }
12-13 23:17:22.858 I/System.out( 4173): URI: //ping
12-13 23:17:22.858 I/System.out( 4173): params: {json={}
12-13 23:17:22.858 I/System.out( 4173): }
12-13 23:17:22.866 I/System.out( 4173): URI: //ready
12-13 23:17:22.866 I/System.out( 4173): params: {json={}
12-13 23:17:22.866 I/System.out( 4173): }
12-13 23:17:22.873 I/System.out( 4173): URI: //
12-13 23:17:22.873 I/System.out( 4173): params: {json={"command":"version","arguments":[]}
12-13 23:17:22.873 I/System.out( 4173): }
12-13 23:17:22.873 I/System.out( 4173): header: {content-type=application/json;charset=utf-8, date=Mon, 14 Dec 2020 04:17:23 GMT, accept=*/*, host=127.0.0.1:34777, content-length=36, user-agent=HTTPClient/1.0 (2.8.3, ruby 2.5.8 (2020-03-31))}
12-13 23:17:22.873 I/System.out( 4173): params: {json={"command":"version","arguments":[]}
12-13 23:17:22.873 I/System.out( 4173): }
12-13 23:17:22.873 I/System.out( 4173): ProP json = {"command":"version","arguments":[]}
12-13 23:17:22.873 I/System.out( 4173): files: {}
12-13 23:17:22.874 I/System.out( 4173): command: {"command":"version","arguments":[]}
12-13 23:17:22.902 I/InstrumentationBackend( 4173): Got command:'Command:'Line:null,version', arguments:'[]'
12-13 23:17:22.938 I/System.out( 4173): result:{"bonusInformation":[],"message":"0.9.8","success":true}
12-13 23:17:22.945 I/System.out( 4173): URI: //start-application
12-13 23:17:22.945 I/System.out( 4173): params: {json={"intent":null}
12-13 23:17:22.945 I/System.out( 4173): }
12-13 23:17:23.001 I/calabash( 4173): newActivity1
12-13 23:17:23.010 D/gralloc_ranchu( 1395): gralloc_alloc: Creating ashmem region of size 7753728
12-13 23:17:23.051 I/calabash( 4173): newActivity1
12-13 23:17:23.076 D/EGL_emulation( 2183): eglMakeCurrent: 0xa3204b40: ver 3 0 (tinfo 0xa32035e0)
12-13 23:17:23.083 V/StatusBar( 1727): setLightsOn(true)
12-13 23:17:23.086 D/EGL_emulation( 2154): eglMakeCurrent: 0xa0c7d080: ver 3 0 (tinfo 0xa0c7fae0)
12-13 23:17:23.107 D/EGL_emulation( 1727): eglMakeCurrent: 0xa3204b40: ver 3 0 (tinfo 0xa32035e0)
12-13 23:17:23.117 I/chatty  ( 1727): uid=10028(u0_a28) RenderThread identical 1 line
12-13 23:17:23.121 D/EGL_emulation( 1727): eglMakeCurrent: 0xa3204b40: ver 3 0 (tinfo 0xa32035e0)
12-13 23:17:23.122 V/StatusBar( 1727): setLightsOn(true)
12-13 23:17:23.134 D/EGL_emulation( 1727): eglMakeCurrent: 0xa3204b40: ver 3 0 (tinfo 0xa32035e0)
12-13 23:17:23.135 E/ContentStoreEUAS( 2183): Failed to commit the deferred actions
12-13 23:17:23.137 D/EGL_emulation( 1727): eglMakeCurrent: 0xa3204b40: ver 3 0 (tinfo 0xa32035e0)
12-13 23:17:23.305 I/chatty  ( 1727): uid=10028(u0_a28) RenderThread identical 20 lines
12-13 23:17:23.319 D/EGL_emulation( 1727): eglMakeCurrent: 0xa3204b40: ver 3 0 (tinfo 0xa32035e0)
12-13 23:17:23.320 V/StatusBar( 1727): setLightsOn(true)
12-13 23:17:23.366 I/zygote  ( 4173): Do partial code cache collection, code=28KB, data=30KB
12-13 23:17:23.366 I/zygote  ( 4173): After code cache collection, code=28KB, data=30KB
12-13 23:17:23.366 I/zygote  ( 4173): Increasing code cache capacity to 128KB
12-13 23:17:23.368 I/zygote  ( 4173): Do partial code cache collection, code=28KB, data=48KB
12-13 23:17:23.368 I/zygote  ( 4173): After code cache collection, code=28KB, data=48KB
12-13 23:17:23.368 I/zygote  ( 4173): Increasing code cache capacity to 256KB
12-13 23:17:23.368 I/zygote  ( 4173): JIT allocated 71KB for compiled code of void android.widget.TextView.<init>(android.content.Context, android.util.AttributeSet, int, int)
12-13 23:17:23.368 I/zygote  ( 4173): Compiler allocated 4MB to compile void android.widget.TextView.<init>(android.content.Context, android.util.AttributeSet, int, int)
12-13 23:17:23.403 V/StatusBar( 1727): setLightsOn(true)
12-13 23:17:23.406 I/chatty  ( 1727): uid=10028(u0_a28) com.android.systemui identical 1 line
12-13 23:17:23.407 V/StatusBar( 1727): setLightsOn(true)
12-13 23:17:23.454 D/gralloc_ranchu( 1395): gralloc_alloc: Creating ashmem region of size 7753728
12-13 23:17:23.474 D/        ( 4173): HostConnection::get() New Host Connection established 0xa08afbc0, tid 4173
12-13 23:17:23.511 V/StatusBar( 1727): setLightsOn(true)
12-13 23:17:23.526 I/chatty  ( 1727): uid=10028(u0_a28) com.android.systemui identical 2 lines
12-13 23:17:23.532 V/StatusBar( 1727): setLightsOn(true)
12-13 23:17:23.534 I/ActivityManager( 1630): Displayed com.evancharlton.mileage/.Mileage: +532ms
12-13 23:17:23.535 V/StatusBar( 1727): setLightsOn(true)
12-13 23:17:23.550 I/zygote  ( 4173): Do full code cache collection, code=125KB, data=69KB
12-13 23:17:23.551 I/zygote  ( 4173): After code cache collection, code=106KB, data=43KB
12-13 23:17:23.556 D/gralloc_ranchu( 1395): gralloc_alloc: Creating ashmem region of size 7753728
12-13 23:17:23.712 V/StatusBar( 1727): setLightsOn(true)
12-13 23:17:23.809 I/chatty  ( 1727): uid=10028(u0_a28) com.android.systemui identical 2 lines
12-13 23:17:23.811 V/StatusBar( 1727): setLightsOn(true)
12-13 23:17:23.823 I/System.out( 4173): URI: //kill
12-13 23:17:23.823 I/System.out( 4173): params: {json={}
12-13 23:17:23.823 I/System.out( 4173): }
12-13 23:17:23.823 I/System.out( 4173): Stopping test server
12-13 23:17:23.830 V/StatusBar( 1727): setLightsOn(true)
12-13 23:17:23.830 E/adbd    ( 1382): failed to connect to socket 'tcp:7102': Connection refused
12-13 23:17:23.834 E/adbd    ( 1382): failed to connect to socket 'tcp:7102': Connection refused
12-13 23:17:23.842 W/SurfaceFlinger( 1409): couldn't log to binary event log: overflow.
12-13 23:17:23.864 V/StatusBar( 1727): setLightsOn(true)
12-13 23:17:23.868 I/chatty  ( 1727): uid=10028(u0_a28) com.android.systemui identical 1 line
12-13 23:17:23.875 V/StatusBar( 1727): setLightsOn(true)
12-13 23:17:23.879 D/gralloc_ranchu( 1395): gralloc_alloc: Creating ashmem region of size 8298496
12-13 23:17:23.884 V/StatusBar( 1727): setLightsOn(true)
12-13 23:17:23.900 D/gralloc_ranchu( 1395): gralloc_alloc: Creating ashmem region of size 8298496
12-13 23:17:23.911 D/gralloc_ranchu( 1395): gralloc_alloc: Creating ashmem region of size 8298496
12-13 23:17:23.931 D/SurfaceFlinger( 1409): duplicate layer name: changing com.google.android.apps.nexuslauncher/com.google.android.apps.nexuslauncher.NexusLauncherActivity to com.google.android.apps.nexuslauncher/com.google.android.apps.nexuslauncher.NexusLauncherActivity#1
12-13 23:17:23.941 D/EGL_emulation( 1727): eglMakeCurrent: 0xa3204b40: ver 3 0 (tinfo 0xa32035e0)
12-13 23:17:23.942 D/gralloc_ranchu( 1395): gralloc_alloc: Creating ashmem region of size 8298496
12-13 23:17:23.963 D/EGL_emulation( 2183): eglMakeCurrent: 0xa3204b40: ver 3 0 (tinfo 0xa32035e0)
12-13 23:17:23.965 D/gralloc_ranchu( 1395): gralloc_alloc: Creating ashmem region of size 8298496
12-13 23:17:24.015 I/MicroDetectionWorker( 2183): #updateMicroDetector [detectionMode: [mDetectionMode: [1]]]
12-13 23:17:24.016 I/MicroDetectionWorker( 2183): #startMicroDetector [speakerMode: 0]
12-13 23:17:24.016 I/AudioController( 2183): Using mInputStreamFactoryBuilder
12-13 23:17:24.020 I/MicroDetectionWorker( 2183): onReady
12-13 23:17:24.022 D/gralloc_ranchu( 1395): gralloc_alloc: Creating ashmem region of size 8298496
12-13 23:17:24.023 I/MicroRecognitionRunner( 2183): Starting detection.
12-13 23:17:24.023 I/MicrophoneInputStream( 2183): mic_starting com.google.android.apps.gsa.staticplugins.aa.c@cfc2f52
12-13 23:17:24.031 I/AudioFlinger( 1475): AudioFlinger's thread 0xae783b80 tid=4223 ready to run
12-13 23:17:24.038 I/MicrophoneInputStream( 2183): mic_started com.google.android.apps.gsa.staticplugins.aa.c@cfc2f52
12-13 23:17:24.041 I/MicroDetectionWorker( 2183): onReady
12-13 23:17:24.052 I/MicrophoneInputStream( 2183): mic_close com.google.android.apps.gsa.staticplugins.aa.c@cfc2f52
12-13 23:17:24.055 I/MicroRecognitionRunner( 2183): Detection finished
12-13 23:17:24.056 W/ErrorReporter( 2183): reportError [type: 211, code: 524300]: Error reading from input stream
12-13 23:17:24.057 I/MicroRecognitionRunner( 2183): Stopping hotword detection.
12-13 23:17:24.057 W/ErrorProcessor( 2183): onFatalError, processing error from engine(4)
12-13 23:17:24.057 W/ErrorProcessor( 2183): com.google.android.apps.gsa.shared.speech.b.g: Error reading from input stream
12-13 23:17:24.057 W/ErrorProcessor( 2183): 	at com.google.android.apps.gsa.staticplugins.recognizer.j.a.a(SourceFile:28)
12-13 23:17:24.057 W/ErrorProcessor( 2183): 	at com.google.android.apps.gsa.staticplugins.recognizer.j.b.run(SourceFile:15)
12-13 23:17:24.057 W/ErrorProcessor( 2183): 	at java.util.concurrent.Executors$RunnableAdapter.call(Executors.java:457)
12-13 23:17:24.057 W/ErrorProcessor( 2183): 	at java.util.concurrent.FutureTask.run(FutureTask.java:266)
12-13 23:17:24.057 W/ErrorProcessor( 2183): 	at com.google.android.apps.gsa.shared.util.concurrent.a.ax.run(SourceFile:14)
12-13 23:17:24.057 W/ErrorProcessor( 2183): 	at com.google.android.apps.gsa.shared.util.concurrent.a.bl.run(SourceFile:4)
12-13 23:17:24.057 W/ErrorProcessor( 2183): 	at com.google.android.apps.gsa.shared.util.concurrent.a.bl.run(SourceFile:4)
12-13 23:17:24.057 W/ErrorProcessor( 2183): 	at java.util.concurrent.ThreadPoolExecutor.runWorker(ThreadPoolExecutor.java:1162)
12-13 23:17:24.057 W/ErrorProcessor( 2183): 	at java.util.concurrent.ThreadPoolExecutor$Worker.run(ThreadPoolExecutor.java:636)
12-13 23:17:24.057 W/ErrorProcessor( 2183): 	at java.lang.Thread.run(Thread.java:764)
12-13 23:17:24.057 W/ErrorProcessor( 2183): 	at com.google.android.apps.gsa.shared.util.concurrent.a.ai.run(SourceFile:6)
12-13 23:17:24.057 W/ErrorProcessor( 2183): Caused by: com.google.android.apps.gsa.shared.exception.GsaIOException: Error code: 393238 | Buffer overflow, no available space.
12-13 23:17:24.057 W/ErrorProcessor( 2183): 	at com.google.android.apps.gsa.speech.audio.Tee.f(SourceFile:103)
12-13 23:17:24.057 W/ErrorProcessor( 2183): 	at com.google.android.apps.gsa.speech.audio.au.read(SourceFile:2)
12-13 23:17:24.057 W/ErrorProcessor( 2183): 	at java.io.InputStream.read(InputStream.java:101)
12-13 23:17:24.057 W/ErrorProcessor( 2183): 	at com.google.android.apps.gsa.speech.audio.ao.run(SourceFile:18)
12-13 23:17:24.057 W/ErrorProcessor( 2183): 	at com.google.android.apps.gsa.speech.audio.an.run(SourceFile:2)
12-13 23:17:24.057 W/ErrorProcessor( 2183): 	... 9 more
12-13 23:17:24.057 I/AudioController( 2183): internalShutdown
12-13 23:17:24.059 I/MicroDetector( 2183): Keeping mic open: false
12-13 23:17:24.059 I/MicroDetectionWorker( 2183): #onError(false)
12-13 23:17:24.059 I/DeviceStateChecker( 2183): DeviceStateChecker cancelled
12-13 23:17:24.111 D/EGL_emulation( 2154): eglMakeCurrent: 0xa0c7d080: ver 3 0 (tinfo 0xa0c7fae0)
12-13 23:17:24.141 D/gralloc_ranchu( 1395): gralloc_alloc: Creating ashmem region of size 7753728
12-13 23:17:24.215 D/        ( 1727): HostConnection::get() New Host Connection established 0x8e0caa40, tid 2094
12-13 23:17:24.223 E/memtrack( 1630): Couldn't load memtrack module
12-13 23:17:24.223 W/android.os.Debug( 1630): failed to get memory consumption info: -1
12-13 23:17:24.227 D/EGL_emulation( 1727): eglMakeCurrent: 0xa3204b40: ver 3 0 (tinfo 0xa32035e0)
12-13 23:17:24.469 I/chatty  ( 1727): uid=10028(u0_a28) RenderThread identical 23 lines
12-13 23:17:24.471 D/EGL_emulation( 1727): eglMakeCurrent: 0xa3204b40: ver 3 0 (tinfo 0xa32035e0)
12-13 23:17:24.618 W/OpenGLRenderer( 2154): Incorrectly called buildLayer on View: ShortcutAndWidgetContainer, destroying layer...
12-13 23:17:24.708 I/OpenGLRenderer( 1630): Initialized EGL, version 1.4
12-13 23:17:24.708 D/OpenGLRenderer( 1630): Swap behavior 1
12-13 23:17:24.708 W/OpenGLRenderer( 1630): Failed to choose config with EGL_SWAP_BEHAVIOR_PRESERVED, retrying without...
12-13 23:17:24.708 D/OpenGLRenderer( 1630): Swap behavior 0
12-13 23:17:24.716 D/EGL_emulation( 1630): eglCreateContext: 0x913ca440: maj 3 min 0 rcv 3
12-13 23:17:24.718 D/EGL_emulation( 1630): eglMakeCurrent: 0x913ca440: ver 3 0 (tinfo 0x911ea0d0)
12-13 23:17:24.719 E/eglCodecCommon( 1630): glUtilsParamSize: unknow param 0x00008cdf
12-13 23:17:24.720 E/eglCodecCommon( 1630): glUtilsParamSize: unknow param 0x00008cdf
12-13 23:17:24.720 E/eglCodecCommon( 1630): glUtilsParamSize: unknow param 0x00008824
12-13 23:17:24.720 E/eglCodecCommon( 1630): glUtilsParamSize: unknow param 0x00008824
--------- beginning of system
12-13 23:17:27.003 E/TaskPersister( 1630): File error accessing recents directory (directory doesn't exist?).
12-13 23:17:27.162 D/AndroidRuntime( 4227): >>>>>> START com.android.internal.os.RuntimeInit uid 2000 <<<<<<
12-13 23:17:27.194 W/app_process( 4227): Unexpected CPU variant for X86 using defaults: x86
12-13 23:17:27.208 D/AndroidRuntime( 4227): Calling main entry com.android.commands.am.Am
12-13 23:17:27.211 I/ActivityManager( 1630): Force stopping com.evancharlton.mileage appid=10156 user=0: start instr
12-13 23:17:27.211 I/ActivityManager( 1630): Killing 4173:com.evancharlton.mileage/u0a156 (adj 0): stop com.evancharlton.mileage
12-13 23:17:27.212 W/ActivityManager( 1630): Crash of app com.evancharlton.mileage running instrumentation ComponentInfo{com.evancharlton.mileage.test/sh.calaba.instrumentationbackend.CalabashInstrumentationTestRunner}
12-13 23:17:27.212 I/ActivityManager( 1630): Force stopping com.evancharlton.mileage appid=10156 user=0: finished inst
12-13 23:17:27.218 I/zygote  ( 4237): Not late-enabling -Xcheck:jni (already on)
12-13 23:17:27.225 W/zygote  ( 4237): Unexpected CPU variant for X86 using defaults: x86
12-13 23:17:27.228 I/ActivityManager( 1630): Start proc 4237:com.evancharlton.mileage/u0a156 for added application com.evancharlton.mileage
12-13 23:17:27.229 D/AndroidRuntime( 4227): Shutting down VM
12-13 23:17:27.235 E/memtrack( 1630): Couldn't load memtrack module
12-13 23:17:27.235 W/android.os.Debug( 1630): failed to get memory consumption info: -1
12-13 23:17:27.249 W/zygote  ( 4237): Found duplicate classes, falling back to extracting from APK : /data/app/com.evancharlton.mileage.test-UPAzjDno4OjoJGao-_r-kw==/base.apk
12-13 23:17:27.249 W/zygote  ( 4237): NOTE: This wastes RAM and hurts startup performance.
12-13 23:17:27.249 W/zygote  ( 4237): Found duplicated class when checking oat files: 'Ljunit/runner/BaseTestRunner;' in /data/app/com.evancharlton.mileage.test-UPAzjDno4OjoJGao-_r-kw==/base.apk and /system/framework/android.test.runner.jar
12-13 23:17:27.249 W/zygote  ( 4237): 
12-13 23:17:27.259 E/adbd    ( 1382): failed to connect to socket 'tcp:7102': Connection refused
12-13 23:17:27.262 E/adbd    ( 1382): failed to connect to socket 'tcp:7102': Connection refused
12-13 23:17:27.265 W/ActivityManager( 1630): setHasOverlayUi called on unknown pid: 4173
12-13 23:17:27.285 W/System  ( 4237): ClassLoader referenced unknown path: 
12-13 23:17:27.297 I/System.out( 4237): Main activity name automatically set to: com.evancharlton.mileage.Mileage
12-13 23:17:27.297 I/System.out( 4237): Calabash did not load Mono. This is only a problem if you are trying to test a Mono application
12-13 23:17:27.297 I/calabash( 4237): Test server port: 7102
12-13 23:17:27.299 I/InstrumentationBackend( 4237): Added:'GetPreferences', with key:'get_preferences'
12-13 23:17:27.356 I/InstrumentationBackend( 4237): Added:'SetPreferences', with key:'set_preferences'
12-13 23:17:27.357 I/InstrumentationBackend( 4237): Added:'ClearPreferences', with key:'clear_preferences'
12-13 23:17:27.357 I/InstrumentationBackend( 4237): Added:'PressElement', with key:'press_l10n_element'
12-13 23:17:27.357 I/InstrumentationBackend( 4237): Added:'WaitForElement', with key:'wait_for_l10n_element'
12-13 23:17:27.358 I/InstrumentationBackend( 4237): Added:'NullAction', with key:'nullAction'
12-13 23:17:27.359 I/InstrumentationBackend( 4237): Added:'PressKey', with key:'press_key'
12-13 23:17:27.359 I/InstrumentationBackend( 4237): Added:'SetActivityOrientation', with key:'set_activity_orientation'
12-13 23:17:27.360 I/InstrumentationBackend( 4237): Added:'GetActivityOrientation', with key:'get_activity_orientation'
12-13 23:17:27.360 I/InstrumentationBackend( 4237): Added:'FakeGPSLocation', with key:'set_gps_coordinates'
12-13 23:17:27.360 I/InstrumentationBackend( 4237): Added:'SetPropertyByCssSelector', with key:'set_property_by_css_selector'
12-13 23:17:27.362 I/InstrumentationBackend( 4237): Added:'GetUrl', with key:'get_url'
12-13 23:17:27.364 I/InstrumentationBackend( 4237): Added:'ScrollTo', with key:'scroll_to'
12-13 23:17:27.364 I/InstrumentationBackend( 4237): Added:'GetLoadProgress', with key:'get_load_progress'
12-13 23:17:27.364 I/InstrumentationBackend( 4237): Added:'DumpHtml', with key:'dump_html'
12-13 23:17:27.365 I/InstrumentationBackend( 4237): Added:'DumpBodyHtml', with key:'dump_body_html'
12-13 23:17:27.365 I/InstrumentationBackend( 4237): Added:'EnterTextByCssSelector', with key:'enter_text_by_selector'
12-13 23:17:27.369 I/InstrumentationBackend( 4237): Added:'AndroidSDKVersion', with key:'android_sdk_version'
12-13 23:17:27.369 I/InstrumentationBackend( 4237): Added:'Version', with key:'version'
12-13 23:17:27.369 I/InstrumentationBackend( 4237): Added:'Drag', with key:'drag'
12-13 23:17:27.370 I/InstrumentationBackend( 4237): Added:'TouchCoordinates', with key:'touch_coordinate'
12-13 23:17:27.370 I/InstrumentationBackend( 4237): Added:'LongPressCoordinate', with key:'long_press_coordinate'
12-13 23:17:27.370 I/InstrumentationBackend( 4237): Added:'DragCoordinates', with key:'drag_coordinates'
12-13 23:17:27.371 I/InstrumentationBackend( 4237): Added:'ResumeApplication', with key:'resume_application'
12-13 23:17:27.371 I/InstrumentationBackend( 4237): Added:'Swipe', with key:'swipe'
12-13 23:17:27.371 I/InstrumentationBackend( 4237): Added:'DoubleTapCoordinate', with key:'double_tap_coordinate'
12-13 23:17:27.371 I/InstrumentationBackend( 4237): Added:'ClickOnScreen', with key:'click_on_screen'
12-13 23:17:27.372 I/InstrumentationBackend( 4237): Added:'GetActivityName', with key:'get_activity_name'
12-13 23:17:27.372 I/InstrumentationBackend( 4237): Added:'ScrollToView', with key:'scroll_to_view'
12-13 23:17:27.373 I/InstrumentationBackend( 4237): Added:'ViewConfiguration', with key:'view_configuration'
12-13 23:17:27.373 I/InstrumentationBackend( 4237): Added:'IsCurrentActivityFocused', with key:'is_current_activity_focused'
12-13 23:17:27.374 I/InstrumentationBackend( 4237): Added:'SendTcp', with key:'send_tcp'
12-13 23:17:27.374 I/InstrumentationBackend( 4237): Added:'DpToDevicePixel', with key:'dp_to_device_pixel'
12-13 23:17:27.376 I/InstrumentationBackend( 4237): Added:'KeyboardEnterText', with key:'keyboard_enter_text'
12-13 23:17:27.377 I/InstrumentationBackend( 4237): Added:'DeleteSurroundingText', with key:'delete_surrounding_text'
12-13 23:17:27.377 I/InstrumentationBackend( 4237): Added:'SetComposingRegion', with key:'set_composing_region'
12-13 23:17:27.378 I/InstrumentationBackend( 4237): Added:'SetSelection', with key:'set_selection'
12-13 23:17:27.378 E/adbd    ( 1382): failed to connect to socket 'tcp:7102': Connection refused
12-13 23:17:27.379 I/InstrumentationBackend( 4237): Added:'KeyboardKeyEvent', with key:'keyboard_key_event'
12-13 23:17:27.380 I/InstrumentationBackend( 4237): Added:'PressUserActionButton', with key:'press_user_action_button'
12-13 23:17:27.381 I/InstrumentationBackend( 4237): Added:'HideSoftKeyboard', with key:'hide_soft_keyboard'
12-13 23:17:27.382 I/InstrumentationBackend( 4237): Added:'ListActions', with key:'list_actions'
12-13 23:17:27.382 I/calabash( 4237): Instantiating http server at 7102
12-13 23:17:27.382 E/adbd    ( 1382): failed to connect to socket 'tcp:7102': Connection refused
12-13 23:17:27.384 I/System.out( 4237): HTTP Daemon listening on: 7102
12-13 23:17:27.489 I/System.out( 4237): URI: //ping
12-13 23:17:27.490 I/System.out( 4237): params: {json={}
12-13 23:17:27.490 I/System.out( 4237): }
12-13 23:17:27.499 I/System.out( 4237): URI: //ping
12-13 23:17:27.500 I/System.out( 4237): params: {json={}
12-13 23:17:27.500 I/System.out( 4237): }
12-13 23:17:27.507 I/System.out( 4237): URI: //ready
12-13 23:17:27.507 I/System.out( 4237): params: {json={}
12-13 23:17:27.507 I/System.out( 4237): }
12-13 23:17:27.513 I/System.out( 4237): URI: //
12-13 23:17:27.514 I/System.out( 4237): params: {json={"command":"version","arguments":[]}
12-13 23:17:27.514 I/System.out( 4237): }
12-13 23:17:27.514 I/System.out( 4237): header: {content-type=application/json;charset=utf-8, date=Mon, 14 Dec 2020 04:17:27 GMT, accept=*/*, host=127.0.0.1:34777, content-length=36, user-agent=HTTPClient/1.0 (2.8.3, ruby 2.5.8 (2020-03-31))}
12-13 23:17:27.514 I/System.out( 4237): params: {json={"command":"version","arguments":[]}
12-13 23:17:27.514 I/System.out( 4237): }
12-13 23:17:27.514 I/System.out( 4237): ProP json = {"command":"version","arguments":[]}
12-13 23:17:27.514 I/System.out( 4237): files: {}
12-13 23:17:27.514 I/System.out( 4237): command: {"command":"version","arguments":[]}
12-13 23:17:27.545 I/InstrumentationBackend( 4237): Got command:'Command:'Line:null,version', arguments:'[]'
12-13 23:17:27.581 I/System.out( 4237): result:{"bonusInformation":[],"message":"0.9.8","success":true}
12-13 23:17:27.587 I/System.out( 4237): URI: //start-application
12-13 23:17:27.587 I/System.out( 4237): params: {json={"intent":null}
12-13 23:17:27.587 I/System.out( 4237): }
12-13 23:17:27.623 I/ActivityManager( 1630): START u0 {act=android.intent.action.MAIN cat=[android.intent.category.LAUNCHER] flg=0x10200000 cmp=com.evancharlton.mileage/.Mileage} from uid 10156
12-13 23:17:27.634 E/memtrack( 1630): Couldn't load memtrack module
12-13 23:17:27.634 W/android.os.Debug( 1630): failed to get memory consumption info: -1
12-13 23:17:27.635 I/calabash( 4237): newActivity1
12-13 23:17:27.660 D/gralloc_ranchu( 1395): gralloc_alloc: Creating ashmem region of size 7753728
12-13 23:17:27.665 W/ActivityManager( 1630): Bad activity token: android.os.BinderProxy@ece6401
12-13 23:17:27.665 W/ActivityManager( 1630): java.lang.ClassCastException: android.os.BinderProxy cannot be cast to com.android.server.am.ActivityRecord$Token
12-13 23:17:27.665 W/ActivityManager( 1630): 	at com.android.server.am.ActivityRecord.forTokenLocked(ActivityRecord.java:778)
12-13 23:17:27.665 W/ActivityManager( 1630): 	at com.android.server.am.ActivityRecord.isInStackLocked(ActivityRecord.java:2085)
12-13 23:17:27.665 W/ActivityManager( 1630): 	at com.android.server.am.ActivityRecord.getStackLocked(ActivityRecord.java:2090)
12-13 23:17:27.665 W/ActivityManager( 1630): 	at com.android.server.am.ActivityManagerService.getActivityDisplayId(ActivityManagerService.java:10406)
12-13 23:17:27.665 W/ActivityManager( 1630): 	at android.app.IActivityManager$Stub.onTransact(IActivityManager.java:2738)
12-13 23:17:27.665 W/ActivityManager( 1630): 	at com.android.server.am.ActivityManagerService.onTransact(ActivityManagerService.java:2935)
12-13 23:17:27.665 W/ActivityManager( 1630): 	at android.os.Binder.execTransact(Binder.java:674)
12-13 23:17:27.666 I/calabash( 4237): newActivity1
12-13 23:17:27.678 W/ActivityManager( 1630): Bad activity token: android.os.BinderProxy@ece6401
12-13 23:17:27.678 W/ActivityManager( 1630): java.lang.ClassCastException: android.os.BinderProxy cannot be cast to com.android.server.am.ActivityRecord$Token
12-13 23:17:27.678 W/ActivityManager( 1630): 	at com.android.server.am.ActivityRecord.forTokenLocked(ActivityRecord.java:778)
12-13 23:17:27.678 W/ActivityManager( 1630): 	at com.android.server.am.ActivityRecord.isInStackLocked(ActivityRecord.java:2085)
12-13 23:17:27.678 W/ActivityManager( 1630): 	at com.android.server.am.ActivityManagerService.setTaskDescription(ActivityManagerService.java:9988)
12-13 23:17:27.678 W/ActivityManager( 1630): 	at android.app.IActivityManager$Stub.onTransact(IActivityManager.java:2824)
12-13 23:17:27.678 W/ActivityManager( 1630): 	at com.android.server.am.ActivityManagerService.onTransact(ActivityManagerService.java:2935)
12-13 23:17:27.678 W/ActivityManager( 1630): 	at android.os.Binder.execTransact(Binder.java:674)
12-13 23:17:27.678 W/ActivityManager( 1630): Bad activity token: android.os.BinderProxy@ece6401
12-13 23:17:27.678 W/ActivityManager( 1630): java.lang.ClassCastException: android.os.BinderProxy cannot be cast to com.android.server.am.ActivityRecord$Token
12-13 23:17:27.678 W/ActivityManager( 1630): 	at com.android.server.am.ActivityRecord.forTokenLocked(ActivityRecord.java:778)
12-13 23:17:27.678 W/ActivityManager( 1630): 	at com.android.server.am.ActivityRecord.isInStackLocked(ActivityRecord.java:2085)
12-13 23:17:27.678 W/ActivityManager( 1630): 	at com.android.server.am.ActivityRecord.getStackLocked(ActivityRecord.java:2090)
12-13 23:17:27.678 W/ActivityManager( 1630): 	at com.android.server.am.ActivityManagerService.getActivityStackId(ActivityManagerService.java:10417)
12-13 23:17:27.678 W/ActivityManager( 1630): 	at android.app.IActivityManager$Stub.onTransact(IActivityManager.java:3548)
12-13 23:17:27.678 W/ActivityManager( 1630): 	at com.android.server.am.ActivityManagerService.onTransact(ActivityManagerService.java:2935)
12-13 23:17:27.678 W/ActivityManager( 1630): 	at android.os.Binder.execTransact(Binder.java:674)
12-13 23:17:27.710 D/EGL_emulation( 2183): eglMakeCurrent: 0xa3204b40: ver 3 0 (tinfo 0xa32035e0)
12-13 23:17:27.715 V/StatusBar( 1727): setLightsOn(true)
12-13 23:17:27.720 D/EGL_emulation( 2154): eglMakeCurrent: 0xa0c7d080: ver 3 0 (tinfo 0xa0c7fae0)
12-13 23:17:27.732 D/EGL_emulation( 1727): eglMakeCurrent: 0xa3204b40: ver 3 0 (tinfo 0xa32035e0)
12-13 23:17:27.752 D/EGL_emulation( 1727): eglMakeCurrent: 0xa3204b40: ver 3 0 (tinfo 0xa32035e0)
12-13 23:17:27.754 E/ContentStoreEUAS( 2183): Failed to commit the deferred actions
12-13 23:17:27.755 D/EGL_emulation( 1727): eglMakeCurrent: 0xa3204b40: ver 3 0 (tinfo 0xa32035e0)
12-13 23:17:27.756 V/StatusBar( 1727): setLightsOn(true)
12-13 23:17:27.765 D/EGL_emulation( 1727): eglMakeCurrent: 0xa3204b40: ver 3 0 (tinfo 0xa32035e0)
12-13 23:17:27.839 W/ActivityManager( 1630): Bad activity token: android.os.BinderProxy@ece6401
12-13 23:17:27.839 W/ActivityManager( 1630): java.lang.ClassCastException: android.os.BinderProxy cannot be cast to com.android.server.am.ActivityRecord$Token
12-13 23:17:27.839 W/ActivityManager( 1630): 	at com.android.server.am.ActivityRecord.forTokenLocked(ActivityRecord.java:778)
12-13 23:17:27.839 W/ActivityManager( 1630): 	at com.android.server.am.ActivityRecord.isInStackLocked(ActivityRecord.java:2085)
12-13 23:17:27.839 W/ActivityManager( 1630): 	at com.android.server.am.ActivityManagerService.getActivityOptions(ActivityManagerService.java:13302)
12-13 23:17:27.839 W/ActivityManager( 1630): 	at android.app.IActivityManager$Stub.onTransact(IActivityManager.java:2910)
12-13 23:17:27.839 W/ActivityManager( 1630): 	at com.android.server.am.ActivityManagerService.onTransact(ActivityManagerService.java:2935)
12-13 23:17:27.839 W/ActivityManager( 1630): 	at android.os.Binder.execTransact(Binder.java:674)
12-13 23:17:27.839 W/ActivityManager( 1630): Bad activity token: android.os.BinderProxy@ece6401
12-13 23:17:27.839 W/ActivityManager( 1630): java.lang.ClassCastException: android.os.BinderProxy cannot be cast to com.android.server.am.ActivityRecord$Token
12-13 23:17:27.839 W/ActivityManager( 1630): 	at com.android.server.am.ActivityRecord.forTokenLocked(ActivityRecord.java:778)
12-13 23:17:27.839 W/ActivityManager( 1630): 	at com.android.server.am.ActivityRecord.isInStackLocked(ActivityRecord.java:2085)
12-13 23:17:27.839 W/ActivityManager( 1630): 	at com.android.server.am.ActivityManagerService.getActivityOptions(ActivityManagerService.java:13302)
12-13 23:17:27.839 W/ActivityManager( 1630): 	at android.app.IActivityManager$Stub.onTransact(IActivityManager.java:2910)
12-13 23:17:27.839 W/ActivityManager( 1630): 	at com.android.server.am.ActivityManagerService.onTransact(ActivityManagerService.java:2935)
12-13 23:17:27.839 W/ActivityManager( 1630): 	at android.os.Binder.execTransact(Binder.java:674)
12-13 23:17:27.935 I/chatty  ( 1727): uid=10028(u0_a28) RenderThread identical 21 lines
12-13 23:17:27.951 D/EGL_emulation( 1727): eglMakeCurrent: 0xa3204b40: ver 3 0 (tinfo 0xa32035e0)
12-13 23:17:27.953 V/StatusBar( 1727): setLightsOn(true)
12-13 23:17:27.979 I/zygote  ( 4237): Do partial code cache collection, code=29KB, data=30KB
12-13 23:17:27.980 I/zygote  ( 4237): After code cache collection, code=29KB, data=30KB
12-13 23:17:27.980 I/zygote  ( 4237): Increasing code cache capacity to 128KB
12-13 23:17:27.981 I/zygote  ( 4237): Do partial code cache collection, code=29KB, data=47KB
12-13 23:17:27.981 I/zygote  ( 4237): After code cache collection, code=29KB, data=47KB
12-13 23:17:27.981 I/zygote  ( 4237): Increasing code cache capacity to 256KB
12-13 23:17:27.982 I/zygote  ( 4237): JIT allocated 71KB for compiled code of void android.widget.TextView.<init>(android.content.Context, android.util.AttributeSet, int, int)
12-13 23:17:27.982 I/zygote  ( 4237): Compiler allocated 4MB to compile void android.widget.TextView.<init>(android.content.Context, android.util.AttributeSet, int, int)
12-13 23:17:28.011 V/StatusBar( 1727): setLightsOn(true)
12-13 23:17:28.020 V/StatusBar( 1727): setLightsOn(true)
12-13 23:17:28.060 D/gralloc_ranchu( 1395): gralloc_alloc: Creating ashmem region of size 7753728
12-13 23:17:28.079 D/        ( 4237): HostConnection::get() New Host Connection established 0xa08afd40, tid 4237
12-13 23:17:28.122 V/StatusBar( 1727): setLightsOn(true)
12-13 23:17:28.128 V/StatusBar( 1727): setLightsOn(true)
12-13 23:17:28.129 I/ActivityManager( 1630): Displayed com.evancharlton.mileage/.Mileage: +498ms
12-13 23:17:28.134 V/StatusBar( 1727): setLightsOn(true)
12-13 23:17:28.154 V/StatusBar( 1727): setLightsOn(true)
12-13 23:17:28.161 D/gralloc_ranchu( 1395): gralloc_alloc: Creating ashmem region of size 7753728
12-13 23:17:28.215 I/zygote  ( 4237): Do full code cache collection, code=125KB, data=71KB
12-13 23:17:28.218 I/zygote  ( 4237): After code cache collection, code=106KB, data=43KB
12-13 23:17:28.312 V/StatusBar( 1727): setLightsOn(true)
12-13 23:17:28.443 I/chatty  ( 1727): uid=10028(u0_a28) com.android.systemui identical 2 lines
12-13 23:17:28.444 V/StatusBar( 1727): setLightsOn(true)
12-13 23:17:28.446 E/memtrack( 1630): Couldn't load memtrack module
12-13 23:17:28.446 W/android.os.Debug( 1630): failed to get memory consumption info: -1
12-13 23:17:28.462 V/StatusBar( 1727): setLightsOn(true)
12-13 23:17:28.474 W/SurfaceFlinger( 1409): couldn't log to binary event log: overflow.
