--------- beginning of main
12-14 01:11:23.496 D/AndroidRuntime( 4377): >>>>>> START com.android.internal.os.RuntimeInit uid 2000 <<<<<<
12-14 01:11:23.529 W/app_process( 4377): Unexpected CPU variant for X86 using defaults: x86
12-14 01:11:23.542 D/AndroidRuntime( 4377): Calling main entry com.android.commands.am.Am
--------- beginning of system
12-14 01:11:23.544 I/ActivityManager( 1629): Force stopping com.evancharlton.mileage appid=10270 user=0: start instr
12-14 01:11:23.544 I/ActivityManager( 1629): Killing 4356:com.evancharlton.mileage/u0a270 (adj 0): stop com.evancharlton.mileage
12-14 01:11:23.544 W/ActivityManager( 1629): Crash of app com.evancharlton.mileage running instrumentation ComponentInfo{com.evancharlton.mileage.test/sh.calaba.instrumentationbackend.ClearAppData2}
12-14 01:11:23.544 I/ActivityManager( 1629): Force stopping com.evancharlton.mileage appid=10270 user=0: finished inst
12-14 01:11:23.551 I/zygote  ( 4387): Not late-enabling -Xcheck:jni (already on)
12-14 01:11:23.559 W/zygote  ( 4387): Unexpected CPU variant for X86 using defaults: x86
12-14 01:11:23.561 I/ActivityManager( 1629): Start proc 4387:com.evancharlton.mileage/u0a270 for added application com.evancharlton.mileage
12-14 01:11:23.561 D/AndroidRuntime( 4377): Shutting down VM
12-14 01:11:23.561 E/memtrack( 1629): Couldn't load memtrack module
12-14 01:11:23.561 W/android.os.Debug( 1629): failed to get memory consumption info: -1
12-14 01:11:23.586 E/adbd    ( 1365): failed to connect to socket 'tcp:7102': Connection refused
12-14 01:11:23.588 E/adbd    ( 1365): failed to connect to socket 'tcp:7102': Connection refused
12-14 01:11:23.593 E/memtrack( 1629): Couldn't load memtrack module
12-14 01:11:23.593 W/android.os.Debug( 1629): failed to get memory consumption info: -1
12-14 01:11:23.595 W/zygote  ( 4387): Found duplicate classes, falling back to extracting from APK : /data/app/com.evancharlton.mileage.test-r7hcv1LEP0EnCmLQdqK5kw==/base.apk
12-14 01:11:23.595 W/zygote  ( 4387): NOTE: This wastes RAM and hurts startup performance.
12-14 01:11:23.595 W/zygote  ( 4387): Found duplicated class when checking oat files: 'Ljunit/runner/BaseTestRunner;' in /data/app/com.evancharlton.mileage.test-r7hcv1LEP0EnCmLQdqK5kw==/base.apk and /system/framework/android.test.runner.jar
12-14 01:11:23.595 W/zygote  ( 4387): 
12-14 01:11:23.627 W/System  ( 4387): ClassLoader referenced unknown path: 
12-14 01:11:23.639 I/System.out( 4387): Main activity name automatically set to: com.evancharlton.mileage.Mileage
12-14 01:11:23.640 I/System.out( 4387): Calabash did not load Mono. This is only a problem if you are trying to test a Mono application
12-14 01:11:23.640 I/calabash( 4387): Test server port: 7102
12-14 01:11:23.641 I/InstrumentationBackend( 4387): Added:'GetPreferences', with key:'get_preferences'
12-14 01:11:23.698 E/adbd    ( 1365): failed to connect to socket 'tcp:7102': Connection refused
12-14 01:11:23.700 E/adbd    ( 1365): failed to connect to socket 'tcp:7102': Connection refused
12-14 01:11:23.702 I/InstrumentationBackend( 4387): Added:'SetPreferences', with key:'set_preferences'
12-14 01:11:23.702 I/InstrumentationBackend( 4387): Added:'ClearPreferences', with key:'clear_preferences'
12-14 01:11:23.702 I/InstrumentationBackend( 4387): Added:'PressElement', with key:'press_l10n_element'
12-14 01:11:23.702 I/InstrumentationBackend( 4387): Added:'WaitForElement', with key:'wait_for_l10n_element'
12-14 01:11:23.703 I/InstrumentationBackend( 4387): Added:'NullAction', with key:'nullAction'
12-14 01:11:23.703 I/InstrumentationBackend( 4387): Added:'PressKey', with key:'press_key'
12-14 01:11:23.704 I/InstrumentationBackend( 4387): Added:'SetActivityOrientation', with key:'set_activity_orientation'
12-14 01:11:23.704 I/InstrumentationBackend( 4387): Added:'GetActivityOrientation', with key:'get_activity_orientation'
12-14 01:11:23.705 I/InstrumentationBackend( 4387): Added:'FakeGPSLocation', with key:'set_gps_coordinates'
12-14 01:11:23.705 I/InstrumentationBackend( 4387): Added:'SetPropertyByCssSelector', with key:'set_property_by_css_selector'
12-14 01:11:23.706 I/InstrumentationBackend( 4387): Added:'GetUrl', with key:'get_url'
12-14 01:11:23.708 I/InstrumentationBackend( 4387): Added:'ScrollTo', with key:'scroll_to'
12-14 01:11:23.708 I/InstrumentationBackend( 4387): Added:'GetLoadProgress', with key:'get_load_progress'
12-14 01:11:23.709 I/InstrumentationBackend( 4387): Added:'DumpHtml', with key:'dump_html'
12-14 01:11:23.709 I/InstrumentationBackend( 4387): Added:'DumpBodyHtml', with key:'dump_body_html'
12-14 01:11:23.710 I/InstrumentationBackend( 4387): Added:'EnterTextByCssSelector', with key:'enter_text_by_selector'
12-14 01:11:23.714 I/InstrumentationBackend( 4387): Added:'AndroidSDKVersion', with key:'android_sdk_version'
12-14 01:11:23.714 I/InstrumentationBackend( 4387): Added:'Version', with key:'version'
12-14 01:11:23.716 I/InstrumentationBackend( 4387): Added:'Drag', with key:'drag'
12-14 01:11:23.716 I/InstrumentationBackend( 4387): Added:'TouchCoordinates', with key:'touch_coordinate'
12-14 01:11:23.716 I/InstrumentationBackend( 4387): Added:'LongPressCoordinate', with key:'long_press_coordinate'
12-14 01:11:23.716 I/InstrumentationBackend( 4387): Added:'DragCoordinates', with key:'drag_coordinates'
12-14 01:11:23.717 I/InstrumentationBackend( 4387): Added:'ResumeApplication', with key:'resume_application'
12-14 01:11:23.717 I/InstrumentationBackend( 4387): Added:'Swipe', with key:'swipe'
12-14 01:11:23.717 I/InstrumentationBackend( 4387): Added:'DoubleTapCoordinate', with key:'double_tap_coordinate'
12-14 01:11:23.717 I/InstrumentationBackend( 4387): Added:'ClickOnScreen', with key:'click_on_screen'
12-14 01:11:23.718 I/InstrumentationBackend( 4387): Added:'GetActivityName', with key:'get_activity_name'
12-14 01:11:23.718 I/InstrumentationBackend( 4387): Added:'ScrollToView', with key:'scroll_to_view'
12-14 01:11:23.719 I/InstrumentationBackend( 4387): Added:'ViewConfiguration', with key:'view_configuration'
12-14 01:11:23.719 I/InstrumentationBackend( 4387): Added:'IsCurrentActivityFocused', with key:'is_current_activity_focused'
12-14 01:11:23.719 I/InstrumentationBackend( 4387): Added:'SendTcp', with key:'send_tcp'
12-14 01:11:23.719 I/InstrumentationBackend( 4387): Added:'DpToDevicePixel', with key:'dp_to_device_pixel'
12-14 01:11:23.720 I/InstrumentationBackend( 4387): Added:'KeyboardEnterText', with key:'keyboard_enter_text'
12-14 01:11:23.720 I/InstrumentationBackend( 4387): Added:'DeleteSurroundingText', with key:'delete_surrounding_text'
12-14 01:11:23.721 I/InstrumentationBackend( 4387): Added:'SetComposingRegion', with key:'set_composing_region'
12-14 01:11:23.721 I/InstrumentationBackend( 4387): Added:'SetSelection', with key:'set_selection'
12-14 01:11:23.721 I/InstrumentationBackend( 4387): Added:'KeyboardKeyEvent', with key:'keyboard_key_event'
12-14 01:11:23.721 I/InstrumentationBackend( 4387): Added:'PressUserActionButton', with key:'press_user_action_button'
12-14 01:11:23.722 I/InstrumentationBackend( 4387): Added:'HideSoftKeyboard', with key:'hide_soft_keyboard'
12-14 01:11:23.723 I/InstrumentationBackend( 4387): Added:'ListActions', with key:'list_actions'
12-14 01:11:23.723 I/calabash( 4387): Instantiating http server at 7102
12-14 01:11:23.724 I/System.out( 4387): HTTP Daemon listening on: 7102
12-14 01:11:23.815 I/System.out( 4387): URI: //ping
12-14 01:11:23.815 I/System.out( 4387): params: {json={}
12-14 01:11:23.815 I/System.out( 4387): }
12-14 01:11:23.827 I/System.out( 4387): URI: //ping
12-14 01:11:23.827 I/System.out( 4387): params: {json={}
12-14 01:11:23.827 I/System.out( 4387): }
12-14 01:11:23.836 I/System.out( 4387): URI: //ready
12-14 01:11:23.836 I/System.out( 4387): params: {json={}
12-14 01:11:23.836 I/System.out( 4387): }
12-14 01:11:23.843 I/System.out( 4387): URI: //
12-14 01:11:23.843 I/System.out( 4387): params: {json={"command":"version","arguments":[]}
12-14 01:11:23.843 I/System.out( 4387): }
12-14 01:11:23.843 I/System.out( 4387): header: {content-type=application/json;charset=utf-8, date=Mon, 14 Dec 2020 06:11:23 GMT, accept=*/*, host=127.0.0.1:34777, content-length=36, user-agent=HTTPClient/1.0 (2.8.3, ruby 2.5.8 (2020-03-31))}
12-14 01:11:23.844 I/System.out( 4387): params: {json={"command":"version","arguments":[]}
12-14 01:11:23.844 I/System.out( 4387): }
12-14 01:11:23.844 I/System.out( 4387): ProP json = {"command":"version","arguments":[]}
12-14 01:11:23.844 I/System.out( 4387): files: {}
12-14 01:11:23.844 I/System.out( 4387): command: {"command":"version","arguments":[]}
12-14 01:11:23.877 I/InstrumentationBackend( 4387): Got command:'Command:'Line:null,version', arguments:'[]'
12-14 01:11:23.909 I/System.out( 4387): result:{"bonusInformation":[],"message":"0.9.8","success":true}
12-14 01:11:23.916 I/System.out( 4387): URI: //start-application
12-14 01:11:23.916 I/System.out( 4387): params: {json={"intent":null}
12-14 01:11:23.916 I/System.out( 4387): }
12-14 01:11:23.953 I/ActivityManager( 1629): START u0 {act=android.intent.action.MAIN cat=[android.intent.category.LAUNCHER] flg=0x10200000 cmp=com.evancharlton.mileage/.Mileage} from uid 10270
12-14 01:11:23.964 E/memtrack( 1629): Couldn't load memtrack module
12-14 01:11:23.964 W/android.os.Debug( 1629): failed to get memory consumption info: -1
12-14 01:11:23.966 I/calabash( 4387): newActivity1
12-14 01:11:23.998 D/gralloc_ranchu( 1395): gralloc_alloc: Creating ashmem region of size 7753728
12-14 01:11:23.999 W/ActivityManager( 1629): Bad activity token: android.os.BinderProxy@80369df
12-14 01:11:23.999 W/ActivityManager( 1629): java.lang.ClassCastException: android.os.BinderProxy cannot be cast to com.android.server.am.ActivityRecord$Token
12-14 01:11:23.999 W/ActivityManager( 1629): 	at com.android.server.am.ActivityRecord.forTokenLocked(ActivityRecord.java:778)
12-14 01:11:23.999 W/ActivityManager( 1629): 	at com.android.server.am.ActivityRecord.isInStackLocked(ActivityRecord.java:2085)
12-14 01:11:23.999 W/ActivityManager( 1629): 	at com.android.server.am.ActivityRecord.getStackLocked(ActivityRecord.java:2090)
12-14 01:11:23.999 W/ActivityManager( 1629): 	at com.android.server.am.ActivityManagerService.getActivityDisplayId(ActivityManagerService.java:10406)
12-14 01:11:23.999 W/ActivityManager( 1629): 	at android.app.IActivityManager$Stub.onTransact(IActivityManager.java:2738)
12-14 01:11:23.999 W/ActivityManager( 1629): 	at com.android.server.am.ActivityManagerService.onTransact(ActivityManagerService.java:2935)
12-14 01:11:23.999 W/ActivityManager( 1629): 	at android.os.Binder.execTransact(Binder.java:674)
12-14 01:11:24.000 I/calabash( 4387): newActivity1
12-14 01:11:24.006 W/ActivityManager( 1629): Bad activity token: android.os.BinderProxy@80369df
12-14 01:11:24.006 W/ActivityManager( 1629): java.lang.ClassCastException: android.os.BinderProxy cannot be cast to com.android.server.am.ActivityRecord$Token
12-14 01:11:24.006 W/ActivityManager( 1629): 	at com.android.server.am.ActivityRecord.forTokenLocked(ActivityRecord.java:778)
12-14 01:11:24.006 W/ActivityManager( 1629): 	at com.android.server.am.ActivityRecord.isInStackLocked(ActivityRecord.java:2085)
12-14 01:11:24.006 W/ActivityManager( 1629): 	at com.android.server.am.ActivityManagerService.setTaskDescription(ActivityManagerService.java:9988)
12-14 01:11:24.006 W/ActivityManager( 1629): 	at android.app.IActivityManager$Stub.onTransact(IActivityManager.java:2824)
12-14 01:11:24.006 W/ActivityManager( 1629): 	at com.android.server.am.ActivityManagerService.onTransact(ActivityManagerService.java:2935)
12-14 01:11:24.006 W/ActivityManager( 1629): 	at android.os.Binder.execTransact(Binder.java:674)
12-14 01:11:24.009 W/ActivityManager( 1629): Bad activity token: android.os.BinderProxy@80369df
12-14 01:11:24.009 W/ActivityManager( 1629): java.lang.ClassCastException: android.os.BinderProxy cannot be cast to com.android.server.am.ActivityRecord$Token
12-14 01:11:24.009 W/ActivityManager( 1629): 	at com.android.server.am.ActivityRecord.forTokenLocked(ActivityRecord.java:778)
12-14 01:11:24.009 W/ActivityManager( 1629): 	at com.android.server.am.ActivityRecord.isInStackLocked(ActivityRecord.java:2085)
12-14 01:11:24.009 W/ActivityManager( 1629): 	at com.android.server.am.ActivityRecord.getStackLocked(ActivityRecord.java:2090)
12-14 01:11:24.009 W/ActivityManager( 1629): 	at com.android.server.am.ActivityManagerService.getActivityStackId(ActivityManagerService.java:10417)
12-14 01:11:24.009 W/ActivityManager( 1629): 	at android.app.IActivityManager$Stub.onTransact(IActivityManager.java:3548)
12-14 01:11:24.009 W/ActivityManager( 1629): 	at com.android.server.am.ActivityManagerService.onTransact(ActivityManagerService.java:2935)
12-14 01:11:24.009 W/ActivityManager( 1629): 	at android.os.Binder.execTransact(Binder.java:674)
12-14 01:11:24.049 V/StatusBar( 1727): setLightsOn(true)
12-14 01:11:24.054 D/FillupsProvider( 4387): Creating database
12-14 01:11:24.055 D/EGL_emulation( 2190): eglMakeCurrent: 0x9cb85540: ver 3 0 (tinfo 0x9cb83410)
12-14 01:11:24.055 D/EGL_emulation( 2147): eglMakeCurrent: 0x9a3fcf00: ver 3 0 (tinfo 0x9a3ffc50)
12-14 01:11:24.070 D/EGL_emulation( 1727): eglMakeCurrent: 0x88f51fe0: ver 3 0 (tinfo 0x9a004b90)
12-14 01:11:24.077 I/chatty  ( 1727): uid=10028(u0_a28) RenderThread identical 1 line
12-14 01:11:24.086 D/EGL_emulation( 1727): eglMakeCurrent: 0x88f51fe0: ver 3 0 (tinfo 0x9a004b90)
12-14 01:11:24.100 E/ContentStoreEUAS( 2190): Failed to commit the deferred actions
12-14 01:11:24.115 D/EGL_emulation( 1727): eglMakeCurrent: 0x88f51fe0: ver 3 0 (tinfo 0x9a004b90)
12-14 01:11:24.122 D/EGL_emulation( 1727): eglMakeCurrent: 0x88f51fe0: ver 3 0 (tinfo 0x9a004b90)
12-14 01:11:24.125 V/StatusBar( 1727): setLightsOn(true)
12-14 01:11:24.138 D/EGL_emulation( 1727): eglMakeCurrent: 0x88f51fe0: ver 3 0 (tinfo 0x9a004b90)
12-14 01:11:24.146 I/chatty  ( 1727): uid=10028(u0_a28) RenderThread identical 1 line
12-14 01:11:24.156 D/EGL_emulation( 1727): eglMakeCurrent: 0x88f51fe0: ver 3 0 (tinfo 0x9a004b90)
12-14 01:11:24.164 I/zygote  ( 4387): Do partial code cache collection, code=29KB, data=22KB
12-14 01:11:24.165 I/zygote  ( 4387): After code cache collection, code=29KB, data=22KB
12-14 01:11:24.165 I/zygote  ( 4387): Increasing code cache capacity to 128KB
12-14 01:11:24.170 D/EGL_emulation( 1727): eglMakeCurrent: 0x88f51fe0: ver 3 0 (tinfo 0x9a004b90)
12-14 01:11:24.203 W/ActivityManager( 1629): Bad activity token: android.os.BinderProxy@80369df
12-14 01:11:24.203 W/ActivityManager( 1629): java.lang.ClassCastException: android.os.BinderProxy cannot be cast to com.android.server.am.ActivityRecord$Token
12-14 01:11:24.203 W/ActivityManager( 1629): 	at com.android.server.am.ActivityRecord.forTokenLocked(ActivityRecord.java:778)
12-14 01:11:24.203 W/ActivityManager( 1629): 	at com.android.server.am.ActivityRecord.isInStackLocked(ActivityRecord.java:2085)
12-14 01:11:24.203 W/ActivityManager( 1629): 	at com.android.server.am.ActivityManagerService.getActivityOptions(ActivityManagerService.java:13302)
12-14 01:11:24.203 W/ActivityManager( 1629): 	at android.app.IActivityManager$Stub.onTransact(IActivityManager.java:2910)
12-14 01:11:24.203 W/ActivityManager( 1629): 	at com.android.server.am.ActivityManagerService.onTransact(ActivityManagerService.java:2935)
12-14 01:11:24.203 W/ActivityManager( 1629): 	at android.os.Binder.execTransact(Binder.java:674)
12-14 01:11:24.204 W/ActivityManager( 1629): Bad activity token: android.os.BinderProxy@80369df
12-14 01:11:24.204 W/ActivityManager( 1629): java.lang.ClassCastException: android.os.BinderProxy cannot be cast to com.android.server.am.ActivityRecord$Token
12-14 01:11:24.204 W/ActivityManager( 1629): 	at com.android.server.am.ActivityRecord.forTokenLocked(ActivityRecord.java:778)
12-14 01:11:24.204 W/ActivityManager( 1629): 	at com.android.server.am.ActivityRecord.isInStackLocked(ActivityRecord.java:2085)
12-14 01:11:24.204 W/ActivityManager( 1629): 	at com.android.server.am.ActivityManagerService.getActivityOptions(ActivityManagerService.java:13302)
12-14 01:11:24.204 W/ActivityManager( 1629): 	at android.app.IActivityManager$Stub.onTransact(IActivityManager.java:2910)
12-14 01:11:24.204 W/ActivityManager( 1629): 	at com.android.server.am.ActivityManagerService.onTransact(ActivityManagerService.java:2935)
12-14 01:11:24.204 W/ActivityManager( 1629): 	at android.os.Binder.execTransact(Binder.java:674)
12-14 01:11:24.269 I/chatty  ( 1727): uid=10028(u0_a28) RenderThread identical 12 lines
12-14 01:11:24.276 D/EGL_emulation( 1727): eglMakeCurrent: 0x88f51fe0: ver 3 0 (tinfo 0x9a004b90)
12-14 01:11:24.295 V/StatusBar( 1727): setLightsOn(true)
12-14 01:11:24.335 I/zygote  ( 4387): Do partial code cache collection, code=43KB, data=55KB
12-14 01:11:24.350 I/zygote  ( 4387): After code cache collection, code=43KB, data=55KB
12-14 01:11:24.350 I/zygote  ( 4387): Increasing code cache capacity to 256KB
12-14 01:11:24.351 I/zygote  ( 4387): JIT allocated 71KB for compiled code of void android.widget.TextView.<init>(android.content.Context, android.util.AttributeSet, int, int)
12-14 01:11:24.351 I/zygote  ( 4387): Compiler allocated 4MB to compile void android.widget.TextView.<init>(android.content.Context, android.util.AttributeSet, int, int)
12-14 01:11:24.369 V/StatusBar( 1727): setLightsOn(true)
12-14 01:11:24.372 V/StatusBar( 1727): setLightsOn(true)
12-14 01:11:24.401 I/zygote  ( 4387): Do full code cache collection, code=123KB, data=69KB
12-14 01:11:24.402 I/zygote  ( 4387): After code cache collection, code=90KB, data=38KB
12-14 01:11:24.405 D/gralloc_ranchu( 1395): gralloc_alloc: Creating ashmem region of size 7753728
12-14 01:11:24.423 D/        ( 4387): HostConnection::get() New Host Connection established 0x99fb0cc0, tid 4387
12-14 01:11:24.472 V/StatusBar( 1727): setLightsOn(true)
12-14 01:11:24.473 V/StatusBar( 1727): setLightsOn(true)
12-14 01:11:24.474 I/ActivityManager( 1629): Displayed com.evancharlton.mileage/.Mileage: +515ms
12-14 01:11:24.476 V/StatusBar( 1727): setLightsOn(true)
12-14 01:11:24.501 D/gralloc_ranchu( 1395): gralloc_alloc: Creating ashmem region of size 7753728
12-14 01:11:24.502 V/StatusBar( 1727): setLightsOn(true)
12-14 01:11:24.665 V/StatusBar( 1727): setLightsOn(true)
12-14 01:11:24.672 I/System.out( 4387): URI: //
12-14 01:11:24.672 I/System.out( 4387): params: {json={"command":"set_activity_orientation","arguments":["landscape"]}
12-14 01:11:24.672 I/System.out( 4387): }
12-14 01:11:24.672 I/System.out( 4387): header: {content-type=application/json;charset=utf-8, date=Mon, 14 Dec 2020 06:11:24 GMT, accept=*/*, host=127.0.0.1:34777, content-length=64, user-agent=HTTPClient/1.0 (2.8.3, ruby 2.5.8 (2020-03-31))}
12-14 01:11:24.673 I/System.out( 4387): params: {json={"command":"set_activity_orientation","arguments":["landscape"]}
12-14 01:11:24.673 I/System.out( 4387): }
12-14 01:11:24.673 I/System.out( 4387): ProP json = {"command":"set_activity_orientation","arguments":["landscape"]}
12-14 01:11:24.673 I/System.out( 4387): files: {}
12-14 01:11:24.673 I/System.out( 4387): command: {"command":"set_activity_orientation","arguments":["landscape"]}
12-14 01:11:24.680 V/StatusBar( 1727): setLightsOn(true)
12-14 01:11:24.682 I/InstrumentationBackend( 4387): Got command:'Command:'Line:null,set_activity_orientation', arguments:'[landscape]'
12-14 01:11:24.687 D/gralloc_ranchu( 1395): gralloc_alloc: Creating ashmem region of size 8298496
12-14 01:11:24.730 W/LocalDisplayAdapter( 1629): Unable to find color mode 0, ignoring request.
12-14 01:11:24.742 I/ActivityManager( 1629): Config changes=480 {1.0 310mcc260mnc [en_US] ldltr sw411dp w683dp h387dp 420dpi nrml land finger qwerty/v/v -nav/h appBounds=Rect(0, 0 - 1794, 1080) s.7}
12-14 01:11:24.746 I/ActivityManager( 1629): Override config changes=480 {1.0 310mcc260mnc [en_US] ldltr sw411dp w683dp h387dp 420dpi nrml land finger qwerty/v/v -nav/h appBounds=Rect(0, 0 - 1794, 1080) s.7} for displayId=0
12-14 01:11:24.822 I/InputReader( 1629): Reconfiguring input devices.  changes=0x00000004
12-14 01:11:24.822 I/InputReader( 1629): Device reconfigured: id=0, name='qwerty2', size 1080x1920, orientation 1, mode 1, display id 0
12-14 01:11:24.851 I/calabash( 4387): newActivity1
12-14 01:11:24.862 E/WifiVendorHal( 1629): getTxPktFates(l.1941) failed {.code = ERROR_NOT_SUPPORTED, .description = }
12-14 01:11:24.867 E/WifiVendorHal( 1629): getRxPktFates(l.1981) failed {.code = ERROR_NOT_SUPPORTED, .description = }
12-14 01:11:24.874 W/ActivityManager( 1629): Bad activity token: android.os.BinderProxy@bcec2c7
12-14 01:11:24.874 W/ActivityManager( 1629): java.lang.ClassCastException: android.os.BinderProxy cannot be cast to com.android.server.am.ActivityRecord$Token
12-14 01:11:24.874 W/ActivityManager( 1629): 	at com.android.server.am.ActivityRecord.forTokenLocked(ActivityRecord.java:778)
12-14 01:11:24.874 W/ActivityManager( 1629): 	at com.android.server.am.ActivityRecord.isInStackLocked(ActivityRecord.java:2085)
12-14 01:11:24.874 W/ActivityManager( 1629): 	at com.android.server.am.ActivityRecord.getStackLocked(ActivityRecord.java:2090)
12-14 01:11:24.874 W/ActivityManager( 1629): 	at com.android.server.am.ActivityManagerService.getActivityDisplayId(ActivityManagerService.java:10406)
12-14 01:11:24.874 W/ActivityManager( 1629): 	at android.app.IActivityManager$Stub.onTransact(IActivityManager.java:2738)
12-14 01:11:24.874 W/ActivityManager( 1629): 	at com.android.server.am.ActivityManagerService.onTransact(ActivityManagerService.java:2935)
12-14 01:11:24.874 W/ActivityManager( 1629): 	at android.os.Binder.execTransact(Binder.java:674)
12-14 01:11:24.875 I/calabash( 4387): newActivity1
12-14 01:11:24.882 W/ActivityManager( 1629): Bad activity token: android.os.BinderProxy@bcec2c7
12-14 01:11:24.882 W/ActivityManager( 1629): java.lang.ClassCastException: android.os.BinderProxy cannot be cast to com.android.server.am.ActivityRecord$Token
12-14 01:11:24.882 W/ActivityManager( 1629): 	at com.android.server.am.ActivityRecord.forTokenLocked(ActivityRecord.java:778)
12-14 01:11:24.882 W/ActivityManager( 1629): 	at com.android.server.am.ActivityRecord.isInStackLocked(ActivityRecord.java:2085)
12-14 01:11:24.882 W/ActivityManager( 1629): 	at com.android.server.am.ActivityManagerService.setTaskDescription(ActivityManagerService.java:9988)
12-14 01:11:24.882 W/ActivityManager( 1629): 	at android.app.IActivityManager$Stub.onTransact(IActivityManager.java:2824)
12-14 01:11:24.882 W/ActivityManager( 1629): 	at com.android.server.am.ActivityManagerService.onTransact(ActivityManagerService.java:2935)
12-14 01:11:24.882 W/ActivityManager( 1629): 	at android.os.Binder.execTransact(Binder.java:674)
12-14 01:11:24.883 W/ActivityManager( 1629): Bad activity token: android.os.BinderProxy@bcec2c7
12-14 01:11:24.883 W/ActivityManager( 1629): java.lang.ClassCastException: android.os.BinderProxy cannot be cast to com.android.server.am.ActivityRecord$Token
12-14 01:11:24.883 W/ActivityManager( 1629): 	at com.android.server.am.ActivityRecord.forTokenLocked(ActivityRecord.java:778)
12-14 01:11:24.883 W/ActivityManager( 1629): 	at com.android.server.am.ActivityRecord.isInStackLocked(ActivityRecord.java:2085)
12-14 01:11:24.883 W/ActivityManager( 1629): 	at com.android.server.am.ActivityRecord.getStackLocked(ActivityRecord.java:2090)
12-14 01:11:24.883 W/ActivityManager( 1629): 	at com.android.server.am.ActivityManagerService.getActivityStackId(ActivityManagerService.java:10417)
12-14 01:11:24.883 W/ActivityManager( 1629): 	at android.app.IActivityManager$Stub.onTransact(IActivityManager.java:3548)
12-14 01:11:24.883 W/ActivityManager( 1629): 	at com.android.server.am.ActivityManagerService.onTransact(ActivityManagerService.java:2935)
12-14 01:11:24.883 W/ActivityManager( 1629): 	at android.os.Binder.execTransact(Binder.java:674)
12-14 01:11:24.905 D/NuPlayerDriver( 1484): NuPlayerDriver(0xafbd20e0) created, clientPid(1727)
12-14 01:11:24.935 D/gralloc_ranchu( 1395): gralloc_alloc: Creating ashmem region of size 544768
12-14 01:11:24.948 D/GenericSource( 1484): FileSource remote
12-14 01:11:24.951 W/ActivityManager( 1629): Bad activity token: android.os.BinderProxy@bcec2c7
12-14 01:11:24.951 W/ActivityManager( 1629): java.lang.ClassCastException: android.os.BinderProxy cannot be cast to com.android.server.am.ActivityRecord$Token
12-14 01:11:24.951 W/ActivityManager( 1629): 	at com.android.server.am.ActivityRecord.forTokenLocked(ActivityRecord.java:778)
12-14 01:11:24.951 W/ActivityManager( 1629): 	at com.android.server.am.ActivityRecord.isInStackLocked(ActivityRecord.java:2085)
12-14 01:11:24.951 W/ActivityManager( 1629): 	at com.android.server.am.ActivityManagerService.getActivityOptions(ActivityManagerService.java:13302)
12-14 01:11:24.951 W/ActivityManager( 1629): 	at android.app.IActivityManager$Stub.onTransact(IActivityManager.java:2910)
12-14 01:11:24.951 W/ActivityManager( 1629): 	at com.android.server.am.ActivityManagerService.onTransact(ActivityManagerService.java:2935)
12-14 01:11:24.951 W/ActivityManager( 1629): 	at android.os.Binder.execTransact(Binder.java:674)
12-14 01:11:24.951 D/EGL_emulation( 1727): eglMakeCurrent: 0x88f51fe0: ver 3 0 (tinfo 0x9a004b90)
12-14 01:11:24.952 W/ActivityManager( 1629): Bad activity token: android.os.BinderProxy@bcec2c7
12-14 01:11:24.952 W/ActivityManager( 1629): java.lang.ClassCastException: android.os.BinderProxy cannot be cast to com.android.server.am.ActivityRecord$Token
12-14 01:11:24.952 W/ActivityManager( 1629): 	at com.android.server.am.ActivityRecord.forTokenLocked(ActivityRecord.java:778)
12-14 01:11:24.952 W/ActivityManager( 1629): 	at com.android.server.am.ActivityRecord.isInStackLocked(ActivityRecord.java:2085)
12-14 01:11:24.952 W/ActivityManager( 1629): 	at com.android.server.am.ActivityManagerService.getActivityOptions(ActivityManagerService.java:13302)
12-14 01:11:24.952 W/ActivityManager( 1629): 	at android.app.IActivityManager$Stub.onTransact(IActivityManager.java:2910)
12-14 01:11:24.952 W/ActivityManager( 1629): 	at com.android.server.am.ActivityManagerService.onTransact(ActivityManagerService.java:2935)
12-14 01:11:24.952 W/ActivityManager( 1629): 	at android.os.Binder.execTransact(Binder.java:674)
12-14 01:11:24.957 D/gralloc_ranchu( 1395): gralloc_alloc: Creating ashmem region of size 544768
12-14 01:11:24.971 D/NuPlayerDriver( 1484): notifyListener_l(0xafbd20e0), (1, 0, 0, -1), loop setting(0, 0)
12-14 01:11:24.981 I/MediaFocusControl( 1629):  AudioFocus  requestAudioFocus() from uid/pid 10028/1727 clientId=android.media.AudioManager@a1fe400 req=3 flags=0x0
12-14 01:11:24.983 I/zygote  ( 1719): Do partial code cache collection, code=62KB, data=39KB
12-14 01:11:24.983 I/zygote  ( 1719): After code cache collection, code=59KB, data=37KB
12-14 01:11:24.983 I/zygote  ( 1719): Increasing code cache capacity to 256KB
12-14 01:11:24.986 D/StatusBar( 1727): disable<e i a s b h r c s q >
12-14 01:11:24.988 D/EGL_emulation( 1727): eglMakeCurrent: 0x88f51fe0: ver 3 0 (tinfo 0x9a004b90)
12-14 01:11:25.069 I/System.out( 4387): result:{"bonusInformation":[],"message":"","success":true}
12-14 01:11:25.074 V/StatusBar( 1727): setLightsOn(true)
12-14 01:11:25.092 D/EGL_emulation( 1727): eglMakeCurrent: 0x88f51fe0: ver 3 0 (tinfo 0x9a004b90)
12-14 01:11:25.096 D/gralloc_ranchu( 1395): gralloc_alloc: Creating ashmem region of size 544768
12-14 01:11:25.119 I/zygote  ( 4387): Do partial code cache collection, code=122KB, data=75KB
12-14 01:11:25.121 I/zygote  ( 4387): After code cache collection, code=122KB, data=75KB
12-14 01:11:25.121 I/zygote  ( 4387): Increasing code cache capacity to 512KB
12-14 01:11:25.136 D/gralloc_ranchu( 1395): gralloc_alloc: Creating ashmem region of size 7753728
12-14 01:11:25.162 D/gralloc_ranchu( 1395): gralloc_alloc: Creating ashmem region of size 487424
12-14 01:11:25.181 D/EGL_emulation( 1727): eglMakeCurrent: 0x88f51fe0: ver 3 0 (tinfo 0x9a004b90)
12-14 01:11:25.193 D/gralloc_ranchu( 1395): gralloc_alloc: Creating ashmem region of size 487424
12-14 01:11:25.219 D/gralloc_ranchu( 1395): gralloc_alloc: Creating ashmem region of size 487424
12-14 01:11:25.220 E/memtrack( 1629): Couldn't load memtrack module
12-14 01:11:25.220 W/android.os.Debug( 1629): failed to get memory consumption info: -1
12-14 01:11:25.223 V/StatusBar( 1727): setLightsOn(true)
12-14 01:11:25.233 I/WindowManager( 1629): Screen frozen for +549ms due to Window{3ca41f0 u0 StatusBar}
12-14 01:11:25.239 D/gralloc_ranchu( 1395): gralloc_alloc: Creating ashmem region of size 7753728
12-14 01:11:25.271 D/SurfaceFlinger( 1407): duplicate layer name: changing BlackSurface to BlackSurface#1
12-14 01:11:25.297 D/SurfaceFlinger( 1407): duplicate layer name: changing BlackSurface to BlackSurface#2
12-14 01:11:25.307 D/SurfaceFlinger( 1407): duplicate layer name: changing BlackSurface to BlackSurface#3
12-14 01:11:25.323 W/SurfaceFlinger( 1407): couldn't log to binary event log: overflow.
12-14 01:11:25.327 V/StatusBar( 1727): setLightsOn(true)
12-14 01:11:25.334 I/PBSessionCacheImpl( 2190): Deleted sessionId[6200832168829] from persistence.
12-14 01:11:25.353 W/SearchService( 2190): Abort, client detached.
12-14 01:11:25.483 D/NuPlayerDriver( 1484): start(0xafbd20e0), state is 4, eos is 0
12-14 01:11:25.484 I/GenericSource( 1484): start
12-14 01:11:25.495 I/OMXClient( 1484): Treble IOmx obtained
12-14 01:11:25.496 I/OMXMaster( 1489): makeComponentInstance(OMX.google.vorbis.decoder) in omx@1.0-service process
12-14 01:11:25.499 E/OMXNodeInstance( 1489): setConfig(0xac61c300:google.vorbis.decoder, ConfigPriority(0x6f800002)) ERROR: Undefined(0x80001001)
12-14 01:11:25.499 I/ACodec  ( 1484): codec does not support config priority (err -2147483648)
12-14 01:11:25.500 E/OMXNodeInstance( 1489): getConfig(0xac61c300:google.vorbis.decoder, ConfigAndroidVendorExtension(0x6f100004)) ERROR: Undefined(0x80001001)
12-14 01:11:25.503 I/MediaCodec( 1484): MediaCodec will operate in async mode
12-14 01:11:25.505 W//system/bin/hw/android.hidl.allocator@1.0-service( 1388): ashmem_create_region(32768) returning hidl_memory(0xad21b850, 32768)
12-14 01:11:25.523 I/chatty  ( 1388): uid=1000(system) allocator@1.0-s identical 10 lines
12-14 01:11:25.524 W//system/bin/hw/android.hidl.allocator@1.0-service( 1388): ashmem_create_region(32768) returning hidl_memory(0xad21b850, 32768)
12-14 01:11:25.546 D/AudioTrack( 1484): Client defaulted notificationFrames to 7406 for frameCount 22218
12-14 01:11:25.550 D/NuPlayerDriver( 1484): notifyListener_l(0xafbd20e0), (6, 0, 0, -1), loop setting(0, 0)
12-14 01:11:25.557 W/audio_hw_generic( 1389): Not supplying enough data to HAL, expected position 357234 , only wrote 357120
12-14 01:11:25.751 V/StatusBar( 1727): setLightsOn(true)
12-14 01:11:26.307 D/gralloc_ranchu( 1395): gralloc_alloc: Creating ashmem region of size 7753728
12-14 01:11:27.080 I/NuPlayerDecoder( 1484): [audio] saw output EOS
12-14 01:11:27.080 D/AudioTrack( 1484): stop() called with 84672 frames delivered
12-14 01:11:27.235 E/SurfaceFlinger( 1407): ro.sf.lcd_density must be defined as a build property
12-14 01:11:27.242 D/gralloc_ranchu( 1395): gralloc_alloc: Creating ashmem region of size 8298496
12-14 01:11:27.255 D/        ( 4445): HostConnection::get() New Host Connection established 0xad3af800, tid 4445
12-14 01:11:27.359 I/zygote  ( 1629): Explicit concurrent copying GC freed 22616(1689KB) AllocSpace objects, 10(200KB) LOS objects, 38% free, 9MB/15MB, paused 363us total 46.385ms
12-14 01:11:27.557 I/System.out( 4387): URI: //
12-14 01:11:27.557 I/System.out( 4387): params: {json={"command":"set_activity_orientation","arguments":["portrait"]}
12-14 01:11:27.557 I/System.out( 4387): }
12-14 01:11:27.557 I/System.out( 4387): header: {content-type=application/json;charset=utf-8, date=Mon, 14 Dec 2020 06:11:27 GMT, accept=*/*, host=127.0.0.1:34777, content-length=63, user-agent=HTTPClient/1.0 (2.8.3, ruby 2.5.8 (2020-03-31))}
12-14 01:11:27.558 I/System.out( 4387): params: {json={"command":"set_activity_orientation","arguments":["portrait"]}
12-14 01:11:27.558 I/System.out( 4387): }
12-14 01:11:27.558 I/System.out( 4387): ProP json = {"command":"set_activity_orientation","arguments":["portrait"]}
12-14 01:11:27.558 I/System.out( 4387): files: {}
12-14 01:11:27.558 I/System.out( 4387): command: {"command":"set_activity_orientation","arguments":["portrait"]}
12-14 01:11:27.560 I/InstrumentationBackend( 4387): Got command:'Command:'Line:null,set_activity_orientation', arguments:'[portrait]'
12-14 01:11:27.563 D/gralloc_ranchu( 1395): gralloc_alloc: Creating ashmem region of size 8298496
12-14 01:11:27.579 W/LocalDisplayAdapter( 1629): Unable to find color mode 0, ignoring request.
12-14 01:11:27.596 I/InputReader( 1629): Reconfiguring input devices.  changes=0x00000004
12-14 01:11:27.596 I/InputReader( 1629): Device reconfigured: id=0, name='qwerty2', size 1080x1920, orientation 0, mode 1, display id 0
12-14 01:11:27.597 I/ActivityManager( 1629): Config changes=480 {1.0 310mcc260mnc [en_US] ldltr sw411dp w411dp h659dp 420dpi nrml port finger qwerty/v/v -nav/h appBounds=Rect(0, 0 - 1080, 1794) s.8}
12-14 01:11:27.615 I/ActivityManager( 1629): Override config changes=480 {1.0 310mcc260mnc [en_US] ldltr sw411dp w411dp h659dp 420dpi nrml port finger qwerty/v/v -nav/h appBounds=Rect(0, 0 - 1080, 1794) s.8} for displayId=0
12-14 01:11:27.646 D/NuPlayerDriver( 1484): notifyListener_l(0xafbd20e0), (2, 0, 0, -1), loop setting(0, 0)
12-14 01:11:27.647 I/MediaFocusControl( 1629):  AudioFocus  abandonAudioFocus() from uid/pid 10028/1727 clientId=android.media.AudioManager@a1fe400
12-14 01:11:27.658 I/calabash( 4387): newActivity1
12-14 01:11:27.691 D/gralloc_ranchu( 1395): gralloc_alloc: Creating ashmem region of size 544768
12-14 01:11:27.700 D/EGL_emulation( 1727): eglMakeCurrent: 0x88f51fe0: ver 3 0 (tinfo 0x9a004b90)
12-14 01:11:27.709 D/gralloc_ranchu( 1395): gralloc_alloc: Creating ashmem region of size 544768
12-14 01:11:27.713 W/ActivityManager( 1629): Bad activity token: android.os.BinderProxy@637099a
12-14 01:11:27.713 W/ActivityManager( 1629): java.lang.ClassCastException: android.os.BinderProxy cannot be cast to com.android.server.am.ActivityRecord$Token
12-14 01:11:27.713 W/ActivityManager( 1629): 	at com.android.server.am.ActivityRecord.forTokenLocked(ActivityRecord.java:778)
12-14 01:11:27.713 W/ActivityManager( 1629): 	at com.android.server.am.ActivityRecord.isInStackLocked(ActivityRecord.java:2085)
12-14 01:11:27.713 W/ActivityManager( 1629): 	at com.android.server.am.ActivityRecord.getStackLocked(ActivityRecord.java:2090)
12-14 01:11:27.713 W/ActivityManager( 1629): 	at com.android.server.am.ActivityManagerService.getActivityDisplayId(ActivityManagerService.java:10406)
12-14 01:11:27.713 W/ActivityManager( 1629): 	at android.app.IActivityManager$Stub.onTransact(IActivityManager.java:2738)
12-14 01:11:27.713 W/ActivityManager( 1629): 	at com.android.server.am.ActivityManagerService.onTransact(ActivityManagerService.java:2935)
12-14 01:11:27.713 W/ActivityManager( 1629): 	at android.os.Binder.execTransact(Binder.java:674)
12-14 01:11:27.715 I/calabash( 4387): newActivity1
12-14 01:11:27.727 W/ActivityManager( 1629): Bad activity token: android.os.BinderProxy@637099a
12-14 01:11:27.727 W/ActivityManager( 1629): java.lang.ClassCastException: android.os.BinderProxy cannot be cast to com.android.server.am.ActivityRecord$Token
12-14 01:11:27.727 W/ActivityManager( 1629): 	at com.android.server.am.ActivityRecord.forTokenLocked(ActivityRecord.java:778)
12-14 01:11:27.727 W/ActivityManager( 1629): 	at com.android.server.am.ActivityRecord.isInStackLocked(ActivityRecord.java:2085)
12-14 01:11:27.727 W/ActivityManager( 1629): 	at com.android.server.am.ActivityManagerService.setTaskDescription(ActivityManagerService.java:9988)
12-14 01:11:27.727 W/ActivityManager( 1629): 	at android.app.IActivityManager$Stub.onTransact(IActivityManager.java:2824)
12-14 01:11:27.727 W/ActivityManager( 1629): 	at com.android.server.am.ActivityManagerService.onTransact(ActivityManagerService.java:2935)
12-14 01:11:27.727 W/ActivityManager( 1629): 	at android.os.Binder.execTransact(Binder.java:674)
12-14 01:11:27.728 W/ActivityManager( 1629): Bad activity token: android.os.BinderProxy@637099a
12-14 01:11:27.728 W/ActivityManager( 1629): java.lang.ClassCastException: android.os.BinderProxy cannot be cast to com.android.server.am.ActivityRecord$Token
12-14 01:11:27.728 W/ActivityManager( 1629): 	at com.android.server.am.ActivityRecord.forTokenLocked(ActivityRecord.java:778)
12-14 01:11:27.728 W/ActivityManager( 1629): 	at com.android.server.am.ActivityRecord.isInStackLocked(ActivityRecord.java:2085)
12-14 01:11:27.728 W/ActivityManager( 1629): 	at com.android.server.am.ActivityRecord.getStackLocked(ActivityRecord.java:2090)
12-14 01:11:27.728 W/ActivityManager( 1629): 	at com.android.server.am.ActivityManagerService.getActivityStackId(ActivityManagerService.java:10417)
12-14 01:11:27.728 W/ActivityManager( 1629): 	at android.app.IActivityManager$Stub.onTransact(IActivityManager.java:3548)
12-14 01:11:27.728 W/ActivityManager( 1629): 	at com.android.server.am.ActivityManagerService.onTransact(ActivityManagerService.java:2935)
12-14 01:11:27.728 W/ActivityManager( 1629): 	at android.os.Binder.execTransact(Binder.java:674)
12-14 01:11:27.772 I/System.out( 4387): result:{"bonusInformation":[],"message":"","success":true}
12-14 01:11:27.778 W/ActivityManager( 1629): Bad activity token: android.os.BinderProxy@637099a
12-14 01:11:27.778 W/ActivityManager( 1629): java.lang.ClassCastException: android.os.BinderProxy cannot be cast to com.android.server.am.ActivityRecord$Token
12-14 01:11:27.778 W/ActivityManager( 1629): 	at com.android.server.am.ActivityRecord.forTokenLocked(ActivityRecord.java:778)
12-14 01:11:27.778 W/ActivityManager( 1629): 	at com.android.server.am.ActivityRecord.isInStackLocked(ActivityRecord.java:2085)
12-14 01:11:27.778 W/ActivityManager( 1629): 	at com.android.server.am.ActivityManagerService.getActivityOptions(ActivityManagerService.java:13302)
12-14 01:11:27.778 W/ActivityManager( 1629): 	at android.app.IActivityManager$Stub.onTransact(IActivityManager.java:2910)
12-14 01:11:27.778 W/ActivityManager( 1629): 	at com.android.server.am.ActivityManagerService.onTransact(ActivityManagerService.java:2935)
12-14 01:11:27.778 W/ActivityManager( 1629): 	at android.os.Binder.execTransact(Binder.java:674)
12-14 01:11:27.778 W/ActivityManager( 1629): Bad activity token: android.os.BinderProxy@637099a
12-14 01:11:27.778 W/ActivityManager( 1629): java.lang.ClassCastException: android.os.BinderProxy cannot be cast to com.android.server.am.ActivityRecord$Token
12-14 01:11:27.778 W/ActivityManager( 1629): 	at com.android.server.am.ActivityRecord.forTokenLocked(ActivityRecord.java:778)
12-14 01:11:27.778 W/ActivityManager( 1629): 	at com.android.server.am.ActivityRecord.isInStackLocked(ActivityRecord.java:2085)
12-14 01:11:27.778 W/ActivityManager( 1629): 	at com.android.server.am.ActivityManagerService.getActivityOptions(ActivityManagerService.java:13302)
12-14 01:11:27.778 W/ActivityManager( 1629): 	at android.app.IActivityManager$Stub.onTransact(IActivityManager.java:2910)
12-14 01:11:27.778 W/ActivityManager( 1629): 	at com.android.server.am.ActivityManagerService.onTransact(ActivityManagerService.java:2935)
12-14 01:11:27.778 W/ActivityManager( 1629): 	at android.os.Binder.execTransact(Binder.java:674)
12-14 01:11:27.780 V/StatusBar( 1727): setLightsOn(true)
12-14 01:11:27.787 D/gralloc_ranchu( 1395): gralloc_alloc: Creating ashmem region of size 544768
12-14 01:11:27.826 D/gralloc_ranchu( 1395): gralloc_alloc: Creating ashmem region of size 274432
12-14 01:11:27.838 I/zygote  ( 4387): JIT allocated 56KB for compiled code of void android.view.View.<init>(android.content.Context, android.util.AttributeSet, int, int)
12-14 01:11:27.846 D/StatusBar( 1727): disable<e i a s b h r c s q >
12-14 01:11:27.850 D/EGL_emulation( 1727): eglMakeCurrent: 0x88f51fe0: ver 3 0 (tinfo 0x9a004b90)
12-14 01:11:27.859 D/gralloc_ranchu( 1395): gralloc_alloc: Creating ashmem region of size 274432
12-14 01:11:27.886 D/gralloc_ranchu( 1395): gralloc_alloc: Creating ashmem region of size 274432
12-14 01:11:27.909 D/EGL_emulation( 1727): eglMakeCurrent: 0x88f51fe0: ver 3 0 (tinfo 0x9a004b90)
12-14 01:11:27.915 D/EGL_emulation( 1727): eglMakeCurrent: 0x88f51fe0: ver 3 0 (tinfo 0x9a004b90)
12-14 01:11:27.919 V/StatusBar( 1727): setLightsOn(true)
12-14 01:11:27.946 D/gralloc_ranchu( 1395): gralloc_alloc: Creating ashmem region of size 7753728
12-14 01:11:27.963 I/zygote  ( 4387): Do full code cache collection, code=250KB, data=138KB
12-14 01:11:27.963 I/zygote  ( 4387): After code cache collection, code=250KB, data=103KB
12-14 01:11:27.979 E/TaskPersister( 1629): File error accessing recents directory (directory doesn't exist?).
12-14 01:11:28.015 V/StatusBar( 1727): setLightsOn(true)
12-14 01:11:28.020 I/WindowManager( 1629): Screen frozen for +460ms due to Window{1a58d9f u0 com.evancharlton.mileage/com.evancharlton.mileage.Mileage}
12-14 01:11:28.026 V/StatusBar( 1727): setLightsOn(true)
12-14 01:11:28.034 D/gralloc_ranchu( 1395): gralloc_alloc: Creating ashmem region of size 7753728
12-14 01:11:28.453 V/StatusBar( 1727): setLightsOn(true)
12-14 01:11:29.077 I/zygote  ( 4387): Do partial code cache collection, code=250KB, data=110KB
12-14 01:11:29.078 I/zygote  ( 4387): After code cache collection, code=250KB, data=110KB
12-14 01:11:29.078 I/zygote  ( 4387): Increasing code cache capacity to 1024KB
12-14 01:11:29.087 D/gralloc_ranchu( 1395): gralloc_alloc: Creating ashmem region of size 7753728
12-14 01:11:29.950 E/SurfaceFlinger( 1407): ro.sf.lcd_density must be defined as a build property
12-14 01:11:29.957 D/gralloc_ranchu( 1395): gralloc_alloc: Creating ashmem region of size 8298496
12-14 01:11:29.966 D/        ( 4454): HostConnection::get() New Host Connection established 0xb05af800, tid 4454
12-14 01:11:30.102 I/zygote  ( 1629): Explicit concurrent copying GC freed 7266(797KB) AllocSpace objects, 2(56KB) LOS objects, 38% free, 9MB/15MB, paused 345us total 70.830ms
12-14 01:11:30.262 I/Finsky  ( 2565): [115] nmi.run(36): Stats for Executor: BlockingExecutor non@145d196[Running, pool size = 2, active threads = 0, queued tasks = 0, completed tasks = 19]
12-14 01:11:30.265 I/Finsky  ( 2565): [115] nmi.run(36): Stats for Executor: LightweightExecutor non@9a2117[Running, pool size = 2, active threads = 0, queued tasks = 0, completed tasks = 71]
