--------- beginning of main
12-14 03:28:47.269 E/memtrack( 1628): Couldn't load memtrack module
12-14 03:28:47.269 W/android.os.Debug( 1628): failed to get memory consumption info: -1
12-14 03:28:47.669 D/BoundBrokerSvc( 2257): onUnbind: Intent { act=com.google.android.gms.auth.service.START pkg=com.google.android.gms }
12-14 03:28:47.778 W/NamedFutures( 2189): Timeout future task has been cancelled: 10000 milliseconds
12-14 03:28:47.784 E/SearchServiceStarter( 2189): Task 174 failed or timed out. Client 9628931747303525 disconnecting from SearchService!
12-14 03:28:47.784 E/SearchServiceStarter( 2189): java.util.concurrent.CancellationException: Task was cancelled.
12-14 03:28:47.784 E/SearchServiceStarter( 2189): 	at com.google.common.util.concurrent.d.ct(SourceFile:75)
12-14 03:28:47.784 E/SearchServiceStarter( 2189): 	at com.google.common.util.concurrent.d.get(SourceFile:57)
12-14 03:28:47.784 E/SearchServiceStarter( 2189): 	at com.google.common.util.concurrent.cg.n(SourceFile:2)
12-14 03:28:47.784 E/SearchServiceStarter( 2189): 	at com.google.common.util.concurrent.av.l(SourceFile:50)
12-14 03:28:47.784 E/SearchServiceStarter( 2189): 	at com.google.common.util.concurrent.ax.run(SourceFile:5)
12-14 03:28:47.784 E/SearchServiceStarter( 2189): 	at com.google.android.apps.gsa.shared.util.concurrent.a.bc.run(SourceFile:2)
12-14 03:28:47.784 E/SearchServiceStarter( 2189): 	at android.os.Handler.handleCallback(Handler.java:789)
12-14 03:28:47.784 E/SearchServiceStarter( 2189): 	at android.os.Handler.dispatchMessage(Handler.java:98)
12-14 03:28:47.784 E/SearchServiceStarter( 2189): 	at android.os.Looper.loop(Looper.java:164)
12-14 03:28:47.784 E/SearchServiceStarter( 2189): 	at android.app.ActivityThread.main(ActivityThread.java:6541)
12-14 03:28:47.784 E/SearchServiceStarter( 2189): 	at java.lang.reflect.Method.invoke(Native Method)
12-14 03:28:47.784 E/SearchServiceStarter( 2189): 	at com.android.internal.os.Zygote$MethodAndArgsCaller.run(Zygote.java:240)
12-14 03:28:47.784 E/SearchServiceStarter( 2189): 	at com.android.internal.os.ZygoteInit.main(ZygoteInit.java:767)
12-14 03:28:47.836 I/Dialer  ( 2006): VvmTaskReceiver - task received
12-14 03:28:47.836 I/Dialer  ( 2006): VvmTaskReceiver - TaskExecutor already running
12-14 03:28:47.836 I/Dialer  ( 2006): Task.createTask - create task:com.android.voicemail.impl.ActivationTask
12-14 03:28:47.836 I/Dialer  ( 2006): TaskQueue.add - duplicated task added
12-14 03:28:47.836 I/Dialer  ( 2006): VvmTaskExecutor - com.android.voicemail.impl.ActivationTask@e5a1a58 added
12-14 03:28:47.842 I/DigitalWidgetProvider( 2001): onReceive: Intent { act=com.android.deskclock.ALARM_CHANGED flg=0x10 cmp=com.google.android.deskclock/com.android.alarmclock.DigitalAppWidgetProvider }
12-14 03:28:47.863 I/Finsky  ( 2547): [2] ycb.d(13): PackageMonitorReceiverImpl - Received: android.intent.action.PACKAGE_FULLY_REMOVED, [Hc-uu0eID9wC4ptvRCsWBIQPDhHxrgxu8bZlIwakNJw]
12-14 03:28:47.863 I/Finsky  ( 2547): [2] ydc.g(1): Invalidating cached PackageState for com.evancharlton.mileage.test
12-14 03:28:47.865 I/Finsky  ( 2547): [2] ouk.d(2): Frosting ID looked up on UI thread. Caller should move to a background thread.
12-14 03:28:47.868 I/Finsky  ( 2547): [2] qlq.s(2): Installer: package com.evancharlton.mileage.test was removed. replacing: false
12-14 03:28:47.870 I/Finsky  ( 2547): [2] qmo.L(12): Installer: Notifying status update. package=com.evancharlton.mileage.test, status=UNINSTALLED
12-14 03:28:47.872 I/Finsky  ( 2547): [2] alxk.a(3): Do not start WearSupportService due to Wear service optimization
12-14 03:28:47.872 I/Finsky  ( 2547): [125] jmd.a(15): [ContentSync] finished, scheduled=false
12-14 03:28:47.873 I/Finsky  ( 2547): [2] alxk.a(3): Do not start WearSupportService due to Wear service optimization
12-14 03:28:47.875 I/Finsky  ( 2547): [2] adxl.a(8): Clearing split related stale data.
12-14 03:28:47.875 I/Finsky  ( 2547): [171] gvx.a(12): Asset module storage cleared for package com.evancharlton.mileage.test.
12-14 03:28:47.881 I/Finsky  ( 2547): [166] otx.run(16): Wrote row to frosting DB: 1566
12-14 03:28:47.885 I/Finsky  ( 2547): [2] qmo.O(7): Installer: found apps to install. isMultiUserMode=false, apps=[]
12-14 03:28:47.885 I/Finsky  ( 2547): [161] rab.C(2): IQ: Notifying installation update. package=com.evancharlton.mileage.test, status=UNINSTALLED
12-14 03:28:47.896 I/ExposureNotification( 2257): Still can find package com.evancharlton.mileage.test after receive its fully removed broadcast, which was installed 5323 ms ago. Ignore the fully removed broadcast. [CONTEXT service_id=236 ]
12-14 03:28:47.899 D/BoundBrokerSvc( 2257): onBind: Intent { act=com.google.android.gms.common.BIND_SHARED_PREFS pkg=com.google.android.gms }
12-14 03:28:47.899 D/BoundBrokerSvc( 2257): Loading bound service for intent: Intent { act=com.google.android.gms.common.BIND_SHARED_PREFS pkg=com.google.android.gms }
12-14 03:28:47.900 I/Finsky  ( 2547): [166] otx.run(16): Wrote row to frosting DB: 1567
12-14 03:28:47.904 D/BoundBrokerSvc( 2257): onUnbind: Intent { act=com.google.android.gms.common.BIND_SHARED_PREFS pkg=com.google.android.gms }
12-14 03:28:47.920 I/Finsky  ( 2547): [161] rab.t(33): IQ: No matching installs to run for jobs: []
12-14 03:28:47.971 W/zygote  ( 3802): Unexpected CPU variant for X86 using defaults: x86
12-14 03:28:47.997 I/MultiDex( 3802): VM with version 2.1.0 has multidex support
12-14 03:28:47.997 I/MultiDex( 3802): install
12-14 03:28:47.997 I/MultiDex( 3802): VM has multidex support, MultiDex support library is disabled.
12-14 03:28:48.008 W/NetworkScheduler( 1940): Immediate task was not started com.google.android.videos/.service.drm.RefreshLicenseTaskService{u=0 tag="refresh_license_forced" trigger=window{start=0s,end=1s,earliest=0s,latest=0s} requirements=[NET_CONNECTED] attributes=[] scheduled=0s last_run=N/A exec_window_multiplier=1.0000 jid=N/A status=PENDING retries=0 client_lib=MANCHEGO_GCM-10400000}. Rescheduling immediate tasks can cause excessive battery drain.
12-14 03:28:48.014 E/NetworkScheduler.ATC( 1940): Called cancelTask for already completed task com.google.android.videos/.service.drm.RefreshLicenseTaskService{u=0 tag="refresh_license_forced" trigger=window{start=0s,end=1s,earliest=0s,latest=0s} requirements=[NET_CONNECTED] attributes=[] scheduled=0s last_run=0s exec_window_multiplier=1.0000 jid=N/A status=PENDING retries=0 client_lib=MANCHEGO_GCM-10400000} :5 [CONTEXT service_id=218 ]
12-14 03:28:48.039 I/zygote  ( 1940): Do partial code cache collection, code=505KB, data=325KB
12-14 03:28:48.039 I/zygote  ( 1940): After code cache collection, code=502KB, data=324KB
12-14 03:28:48.039 I/zygote  ( 1940): Increasing code cache capacity to 2MB
12-14 03:28:48.230 I/zygote  ( 3802): Deoptimizing int com.google.android.videos.utils.UriBuilder.indexOfNextParameterDelimiter(java.lang.CharSequence, int, int) due to JIT inline cache
12-14 03:28:48.280 I/Finsky  ( 2547): [110] daj.a(7): Received content filters request from com.google.android.videos
12-14 03:28:48.290 I/PlayMovies( 3802): RefreshLicenseTaskService.forceLicenseRefreshNow:66 Scheduled task now refresh_license_forced
12-14 03:28:48.290 I/PlayMovies( 3802): 
12-14 03:28:48.294 D/PlayMovies( 3802): PersistentCache.cleanup:104 Cache is below limit, no need to shrink: [size=0, limit=5242880]
12-14 03:28:48.294 D/PlayMovies( 3802): 
12-14 03:28:48.325 D/Primes  ( 3802): Package metric disabled.
12-14 03:28:48.325 D/Primes  ( 3802): Battery metric disabled
12-14 03:28:48.325 D/Primes  ( 3802): MagicEye logging metric disabled
12-14 03:28:48.359 I/NetworkScheduler.Stats( 1940): Task com.google.android.videos/ finished executing. cause:7 result: 6 elapsed_millis: 55 uptime_millis: 55 exec_start_elapsed_seconds: 48 [CONTEXT service_id=218 ]
12-14 03:28:48.359 W/NetworkScheduler( 1940): No record of active task com.google.android.videos/.service.drm.RefreshLicenseTaskService{u=0 tag="refresh_license_forced" trigger=window{start=0s,end=1s,earliest=0s,latest=0s} requirements=[NET_CONNECTED] attributes=[] scheduled=0s last_run=0s exec_window_multiplier=1.0000 jid=N/A status=PENDING retries=0 client_lib=MANCHEGO_GCM-10400000}
12-14 03:28:48.370 D/BoundBrokerSvc( 2257): onUnbind: Intent { act=com.google.android.gms.checkin.START pkg=com.google.android.gms }
12-14 03:28:48.510 I/PlayMovies( 3802): RefreshLicenseTaskService.onRunTask:96 On run task refresh_license_forced
12-14 03:28:48.510 I/PlayMovies( 3802): 
12-14 03:28:48.567 I/zygote  ( 2257): Deoptimizing boolean dbx.d(android.content.Context, dbv, java.lang.String) due to JIT inline cache
12-14 03:28:48.576 D/BoundBrokerSvc( 1940): onBind: Intent { act=com.google.android.gms.tapandpay.service.BIND cmp=com.google.android.gms/.chimera.PersistentApiService }
12-14 03:28:48.576 D/BoundBrokerSvc( 1940): Loading bound service for intent: Intent { act=com.google.android.gms.tapandpay.service.BIND cmp=com.google.android.gms/.chimera.PersistentApiService }
12-14 03:28:48.660 I/zygote  ( 1940): Deoptimizing java.lang.String asqf.i(android.os.Bundle) due to JIT inline cache
12-14 03:28:48.762 E/NetworkScheduler.ATC( 1940): Called cancelTask for already completed task com.google.android.videos/.service.drm.RefreshLicenseTaskService{u=0 tag="refresh_license_forced" trigger=window{start=0s,end=1s,earliest=0s,latest=0s} requirements=[NET_CONNECTED] attributes=[] scheduled=0s last_run=0s exec_window_multiplier=1.0000 jid=N/A status=ACTIVE retries=0 client_lib=MANCHEGO_GCM-10400000} :0 [CONTEXT service_id=218 ]
12-14 03:28:48.762 W/NetworkScheduler( 1940): Immediate task was not started com.google.android.videos/.service.drm.RefreshLicenseTaskService{u=0 tag="refresh_license_forced" trigger=window{start=0s,end=1s,earliest=0s,latest=0s} requirements=[NET_CONNECTED] attributes=[] scheduled=0s last_run=N/A exec_window_multiplier=1.0000 jid=N/A status=PENDING retries=0 client_lib=MANCHEGO_GCM-10400000}. Rescheduling immediate tasks can cause excessive battery drain.
12-14 03:28:48.762 I/NetworkScheduler.Stats( 1940): Task com.google.android.videos/ started execution. cause:7 exec_start_elapsed_seconds: 48 [CONTEXT service_id=218 ]
12-14 03:28:48.762 I/NetworkScheduler.Stats( 1940): Task com.google.android.gms/com.google.android.gms.pay.gcmtask.PayGcmTaskService started execution. cause:7 exec_start_elapsed_seconds: 48 [CONTEXT service_id=218 ]
12-14 03:28:48.763 I/NetworkScheduler.Stats( 1940): Task com.google.android.videos/ finished executing. cause:7 result: 1 elapsed_millis: 83 uptime_millis: 83 exec_start_elapsed_seconds: 48 [CONTEXT service_id=218 ]
12-14 03:28:48.764 I/NetworkScheduler.Stats( 1940): Task com.google.android.gms/com.google.android.gms.pay.gcmtask.PayGcmTaskService finished executing. cause:7 result: 1 elapsed_millis: 68 uptime_millis: 68 exec_start_elapsed_seconds: 48 [CONTEXT service_id=218 ]
12-14 03:28:48.829 I/NetworkScheduler.Stats( 1940): Task com.google.android.gms/com.google.android.gms.clearcut.uploader.QosUploaderService started execution. cause:5 exec_start_elapsed_seconds: 49 [CONTEXT service_id=218 ]
12-14 03:28:48.846 I/PlayMovies( 3802): RefreshLicenseTaskService.onRunTask:96 On run task refresh_license
12-14 03:28:48.846 I/PlayMovies( 3802): 
12-14 03:28:48.852 I/NetworkScheduler.Stats( 1940): Task com.google.android.videos/ started execution. cause:5 exec_start_elapsed_seconds: 49 [CONTEXT service_id=218 ]
12-14 03:28:48.860 I/NetworkScheduler.Stats( 1940): Task com.google.android.videos/ finished executing. cause:5 result: 1 elapsed_millis: 26 uptime_millis: 26 exec_start_elapsed_seconds: 49 [CONTEXT service_id=218 ]
12-14 03:28:48.873 I/NetworkScheduler.Stats( 1940): Task com.google.android.gms/com.google.android.gms.clearcut.uploader.QosUploaderService finished executing. cause:5 result: 1 elapsed_millis: 64 uptime_millis: 64 exec_start_elapsed_seconds: 49 [CONTEXT service_id=218 ]
12-14 03:28:48.950 I/NetworkScheduler.Stats( 1940): Task com.google.android.gms/com.google.android.gms.gass.chimera.SchedulePeriodicTasksService started execution. cause:5 exec_start_elapsed_seconds: 49 [CONTEXT service_id=218 ]
12-14 03:28:49.026 I/NetworkScheduler.Stats( 1940): Task com.google.android.gms/com.google.android.gms.pay.gcmtask.PayGcmTaskService started execution. cause:5 exec_start_elapsed_seconds: 49 [CONTEXT service_id=218 ]
12-14 03:28:49.033 I/Pay     ( 2257): Migration flag not enabled. [CONTEXT service_id=198 ]
12-14 03:28:49.034 D/BoundBrokerSvc( 2257): onBind: Intent { act=com.google.android.gms.pay.service.BIND cmp=com.google.android.gms/.chimera.GmsApiService }
12-14 03:28:49.034 D/BoundBrokerSvc( 2257): Loading bound service for intent: Intent { act=com.google.android.gms.pay.service.BIND cmp=com.google.android.gms/.chimera.GmsApiService }
12-14 03:28:49.034 I/NetworkScheduler.Stats( 1940): Task com.google.android.gms/com.google.android.gms.gass.chimera.SchedulePeriodicTasksService finished executing. cause:5 result: 1 elapsed_millis: 132 uptime_millis: 132 exec_start_elapsed_seconds: 49 [CONTEXT service_id=218 ]
12-14 03:28:49.039 I/jgl     ( 2257): Primes not initialized, returning default (no-op) Primes instance which will ignore all calls. Please call Primes.initialize(...) before using any Primes API.
12-14 03:28:49.081 I/Pay     ( 2257): Migration already completed. [CONTEXT service_id=198 ]
12-14 03:28:49.090 I/chatty  ( 2257): uid=10011(u0_a11) lowpool[1] identical 1 line
12-14 03:28:49.095 I/Pay     ( 2257): Migration already completed. [CONTEXT service_id=198 ]
12-14 03:28:49.095 I/Pay     ( 2257): Migration flag not enabled. [CONTEXT service_id=198 ]
12-14 03:28:49.107 I/Pay     ( 2257): Migration already completed. [CONTEXT service_id=198 ]
12-14 03:28:49.107 I/Pay     ( 2257): Migration flag not enabled. [CONTEXT service_id=198 ]
12-14 03:28:49.128 I/NetworkScheduler.Stats( 1940): Task com.google.android.gms/com.google.android.gms.pay.gcmtask.PayGcmTaskService started execution. cause:5 exec_start_elapsed_seconds: 49 [CONTEXT service_id=218 ]
12-14 03:28:49.135 E/Pay     ( 2257): No account found on the task or the device. Notification task will not be rescheduled. [CONTEXT service_id=198 ]
12-14 03:28:49.147 I/NetworkScheduler.Stats( 1940): Task com.google.android.gms/com.google.android.gms.pay.gcmtask.PayGcmTaskService finished executing. cause:5 result: 1 elapsed_millis: 147 uptime_millis: 147 exec_start_elapsed_seconds: 49 [CONTEXT service_id=218 ]
12-14 03:28:49.149 I/NetworkScheduler.Stats( 1940): Task com.google.android.gms/com.google.android.gms.pay.gcmtask.PayGcmTaskService finished executing. cause:5 result: 2 elapsed_millis: 55 uptime_millis: 55 exec_start_elapsed_seconds: 49 [CONTEXT service_id=218 ]
12-14 03:28:49.251 W/SystemServiceRegistry( 3567): No service published for: persistent_data_block
12-14 03:28:49.251 I/NetworkScheduler.Stats( 1940): Task com.google.android.gms/com.google.android.gms.pay.gcmtask.PayGcmTaskService started execution. cause:5 exec_start_elapsed_seconds: 49 [CONTEXT service_id=218 ]
12-14 03:28:49.323 I/NetworkScheduler.Stats( 1940): Task com.google.android.gms/com.google.android.gms.pay.gcmtask.PayGcmTaskService started execution. cause:5 exec_start_elapsed_seconds: 49 [CONTEXT service_id=218 ]
12-14 03:28:49.323 I/Pay     ( 2257): Device does not support HCE. [CONTEXT service_id=198 ]
12-14 03:28:49.394 I/NetworkScheduler.Stats( 1940): Task com.google.android.gms/com.google.android.gms.pay.gcmtask.PayGcmTaskService finished executing. cause:5 result: 1 elapsed_millis: 182 uptime_millis: 182 exec_start_elapsed_seconds: 49 [CONTEXT service_id=218 ]
12-14 03:28:49.401 I/NetworkScheduler.Stats( 1940): Task com.google.android.gms/com.google.android.gms.pay.gcmtask.PayGcmTaskService finished executing. cause:5 result: 2 elapsed_millis: 109 uptime_millis: 109 exec_start_elapsed_seconds: 49 [CONTEXT service_id=218 ]
12-14 03:28:49.440 D/        ( 3567): HostConnection::get() New Host Connection established 0xa3aa0180, tid 3578
12-14 03:28:49.425 W/Binder:3567_1( 3567): type=1400 audit(0.0:20): avc: denied { read } for name="modules" dev="proc" ino=4026532034 scontext=u:r:priv_app:s0:c512,c768 tcontext=u:object_r:proc_modules:s0 tclass=file permissive=0
12-14 03:28:49.455 D/EGL_emulation( 3567): eglCreateContext: 0x8cc4b8c0: maj 3 min 0 rcv 3
12-14 03:28:49.457 D/EGL_emulation( 3567): eglMakeCurrent: 0x8cc4b8c0: ver 3 0 (tinfo 0xa3acd9a0)
12-14 03:28:49.458 E/eglCodecCommon( 3567): glUtilsParamSize: unknow param 0x00008cdf
12-14 03:28:49.458 E/eglCodecCommon( 3567): glUtilsParamSize: unknow param 0x00008cdf
12-14 03:28:49.459 E/eglCodecCommon( 3567): glUtilsParamSize: unknow param 0x00008824
12-14 03:28:49.459 E/eglCodecCommon( 3567): glUtilsParamSize: unknow param 0x00008824
12-14 03:28:49.509 I/NetworkScheduler.Stats( 1940): Task com.google.android.gms/com.google.android.gms.pay.gcmtask.PayGcmTaskService started execution. cause:5 exec_start_elapsed_seconds: 49 [CONTEXT service_id=218 ]
12-14 03:28:49.527 D/EGL_emulation( 3567): eglCreateContext: 0x8cc4bb60: maj 3 min 0 rcv 3
12-14 03:28:49.529 D/EGL_emulation( 3567): eglMakeCurrent: 0x8cc4bb60: ver 3 0 (tinfo 0xa3acd9a0)
12-14 03:28:49.529 E/eglCodecCommon( 3567): glUtilsParamSize: unknow param 0x00008cdf
12-14 03:28:49.530 E/eglCodecCommon( 3567): glUtilsParamSize: unknow param 0x00008cdf
12-14 03:28:49.530 E/eglCodecCommon( 3567): glUtilsParamSize: unknow param 0x00008824
12-14 03:28:49.530 E/eglCodecCommon( 3567): glUtilsParamSize: unknow param 0x00008824
12-14 03:28:49.590 I/NetworkScheduler.Stats( 1940): Task com.google.android.gms/com.google.android.gms.tapandpay.gcmtask.TapAndPayGcmTaskService started execution. cause:5 exec_start_elapsed_seconds: 49 [CONTEXT service_id=218 ]
12-14 03:28:49.606 I/NetworkScheduler.Stats( 1940): Task com.google.android.gms/com.google.android.gms.pay.gcmtask.PayGcmTaskService finished executing. cause:5 result: 1 elapsed_millis: 160 uptime_millis: 160 exec_start_elapsed_seconds: 49 [CONTEXT service_id=218 ]
12-14 03:28:49.610 I/NetworkScheduler.Stats( 1940): Task com.google.android.gms/com.google.android.gms.tapandpay.gcmtask.TapAndPayGcmTaskService finished executing. cause:5 result: 1 elapsed_millis: 63 uptime_millis: 63 exec_start_elapsed_seconds: 49 [CONTEXT service_id=218 ]
12-14 03:28:49.610 W/Conscrypt( 2257): Could not set socket write timeout: java.net.SocketException: Socket closed
12-14 03:28:49.612 W/Conscrypt( 2257): 	at com.google.android.gms.org.conscrypt.Platform.setSocketWriteTimeout(:com.google.android.gms@204713022@20.47.13 (040700-344095733):2)
12-14 03:28:49.612 W/Conscrypt( 2257): 	at com.google.android.gms.org.conscrypt.ConscryptFileDescriptorSocket.setSoWriteTimeout(:com.google.android.gms@204713022@20.47.13 (040700-344095733):0)
12-14 03:28:49.682 I/NetworkScheduler.Stats( 1940): Task com.google.android.gms/com.google.android.gms.tapandpay.gcmtask.TapAndPayGcmTaskService started execution. cause:5 exec_start_elapsed_seconds: 49 [CONTEXT service_id=218 ]
12-14 03:28:49.694 W/Conscrypt( 2257): Could not set socket write timeout: java.net.SocketException: Socket closed
12-14 03:28:49.694 W/Conscrypt( 2257): 	at com.google.android.gms.org.conscrypt.Platform.setSocketWriteTimeout(:com.google.android.gms@204713022@20.47.13 (040700-344095733):2)
12-14 03:28:49.694 W/Conscrypt( 2257): 	at com.google.android.gms.org.conscrypt.ConscryptFileDescriptorSocket.setSoWriteTimeout(:com.google.android.gms@204713022@20.47.13 (040700-344095733):0)
12-14 03:28:49.730 I/NetworkScheduler.Stats( 1940): Task com.google.android.gms/com.google.android.gms.tapandpay.gcmtask.TapAndPayGcmTaskService started execution. cause:5 exec_start_elapsed_seconds: 50 [CONTEXT service_id=218 ]
12-14 03:28:49.758 I/NetworkScheduler.Stats( 1940): Task com.google.android.gms/com.google.android.gms.tapandpay.gcmtask.TapAndPayGcmTaskService finished executing. cause:5 result: 1 elapsed_millis: 112 uptime_millis: 112 exec_start_elapsed_seconds: 49 [CONTEXT service_id=218 ]
12-14 03:28:49.761 I/NetworkScheduler.Stats( 1940): Task com.google.android.gms/com.google.android.gms.tapandpay.gcmtask.TapAndPayGcmTaskService finished executing. cause:5 result: 1 elapsed_millis: 52 uptime_millis: 52 exec_start_elapsed_seconds: 50 [CONTEXT service_id=218 ]
12-14 03:28:49.835 I/NetworkScheduler.Stats( 1940): Task com.google.android.gms/com.google.android.gms.udc.service.UdcContextInitService started execution. cause:5 exec_start_elapsed_seconds: 50 [CONTEXT service_id=218 ]
12-14 03:28:49.859 I/NetworkScheduler.Stats( 1940): Task com.google.android.videos/ started execution. cause:5 exec_start_elapsed_seconds: 50 [CONTEXT service_id=218 ]
12-14 03:28:49.860 I/PlayMovies( 3802): RefreshLicenseTaskService.onRunTask:96 On run task refresh_license_forced
12-14 03:28:49.860 I/PlayMovies( 3802): 
12-14 03:28:49.878 I/NetworkScheduler.Stats( 1940): Task com.google.android.videos/ finished executing. cause:5 result: 1 elapsed_millis: 27 uptime_millis: 27 exec_start_elapsed_seconds: 50 [CONTEXT service_id=218 ]
12-14 03:28:49.892 I/NetworkScheduler.Stats( 1940): Task com.google.android.gms/com.google.android.gms.udc.service.UdcContextInitService finished executing. cause:5 result: 1 elapsed_millis: 96 uptime_millis: 96 exec_start_elapsed_seconds: 50 [CONTEXT service_id=218 ]
12-14 03:28:50.255 D/BoundBrokerSvc( 2257): onUnbind: Intent { act=com.google.android.gms.feedback.internal.IFeedbackService cmp=com.google.android.gms/.chimera.GmsBoundBrokerService }
12-14 03:28:50.693 I/MicroDetectionWorker( 2189): #updateMicroDetector [detectionMode: [mDetectionMode: [1]]]
12-14 03:28:50.693 I/MicroDetectionWorker( 2189): #startMicroDetector [speakerMode: 0]
12-14 03:28:50.694 I/AudioController( 2189): Using mInputStreamFactoryBuilder
12-14 03:28:50.697 I/MicroDetectionWorker( 2189): onReady
12-14 03:28:50.705 I/MicroRecognitionRunner( 2189): Starting detection.
12-14 03:28:50.706 I/MicrophoneInputStream( 2189): mic_starting com.google.android.apps.gsa.staticplugins.aa.c@eff51e8
12-14 03:28:50.713 I/AudioFlinger( 1477): AudioFlinger's thread 0xab483980 tid=3856 ready to run
12-14 03:28:50.719 I/MicrophoneInputStream( 2189): mic_started com.google.android.apps.gsa.staticplugins.aa.c@eff51e8
--------- beginning of system
12-14 03:28:50.721 E/ActivityThread( 2189): Failed to find provider info for com.google.android.apps.gsa.testing.ui.audio.recorded
12-14 03:28:50.722 I/MicroDetectionWorker( 2189): onReady
12-14 03:28:50.724 I/MicrophoneInputStream( 2189): mic_close com.google.android.apps.gsa.staticplugins.aa.c@eff51e8
12-14 03:28:50.724 I/MicroRecognitionRunner( 2189): Detection finished
12-14 03:28:50.724 W/ErrorReporter( 2189): reportError [type: 211, code: 524300]: Error reading from input stream
12-14 03:28:50.725 I/MicroRecognitionRunner( 2189): Stopping hotword detection.
12-14 03:28:50.725 W/ErrorProcessor( 2189): onFatalError, processing error from engine(4)
12-14 03:28:50.725 W/ErrorProcessor( 2189): com.google.android.apps.gsa.shared.speech.b.g: Error reading from input stream
12-14 03:28:50.725 W/ErrorProcessor( 2189): 	at com.google.android.apps.gsa.staticplugins.recognizer.j.a.a(SourceFile:28)
12-14 03:28:50.725 W/ErrorProcessor( 2189): 	at com.google.android.apps.gsa.staticplugins.recognizer.j.b.run(SourceFile:15)
12-14 03:28:50.725 W/ErrorProcessor( 2189): 	at java.util.concurrent.Executors$RunnableAdapter.call(Executors.java:457)
12-14 03:28:50.725 W/ErrorProcessor( 2189): 	at java.util.concurrent.FutureTask.run(FutureTask.java:266)
12-14 03:28:50.725 W/ErrorProcessor( 2189): 	at com.google.android.apps.gsa.shared.util.concurrent.a.ax.run(SourceFile:14)
12-14 03:28:50.725 W/ErrorProcessor( 2189): 	at com.google.android.apps.gsa.shared.util.concurrent.a.bl.run(SourceFile:4)
12-14 03:28:50.725 W/ErrorProcessor( 2189): 	at com.google.android.apps.gsa.shared.util.concurrent.a.bl.run(SourceFile:4)
12-14 03:28:50.725 W/ErrorProcessor( 2189): 	at java.util.concurrent.ThreadPoolExecutor.runWorker(ThreadPoolExecutor.java:1162)
12-14 03:28:50.725 W/ErrorProcessor( 2189): 	at java.util.concurrent.ThreadPoolExecutor$Worker.run(ThreadPoolExecutor.java:636)
12-14 03:28:50.725 W/ErrorProcessor( 2189): 	at java.lang.Thread.run(Thread.java:764)
12-14 03:28:50.725 W/ErrorProcessor( 2189): 	at com.google.android.apps.gsa.shared.util.concurrent.a.ai.run(SourceFile:6)
12-14 03:28:50.725 W/ErrorProcessor( 2189): Caused by: com.google.android.apps.gsa.shared.exception.GsaIOException: Error code: 393238 | Buffer overflow, no available space.
12-14 03:28:50.725 W/ErrorProcessor( 2189): 	at com.google.android.apps.gsa.speech.audio.Tee.f(SourceFile:103)
12-14 03:28:50.725 W/ErrorProcessor( 2189): 	at com.google.android.apps.gsa.speech.audio.au.read(SourceFile:2)
12-14 03:28:50.725 W/ErrorProcessor( 2189): 	at java.io.InputStream.read(InputStream.java:101)
12-14 03:28:50.725 W/ErrorProcessor( 2189): 	at com.google.android.apps.gsa.speech.audio.ao.run(SourceFile:18)
12-14 03:28:50.725 W/ErrorProcessor( 2189): 	at com.google.android.apps.gsa.speech.audio.an.run(SourceFile:2)
12-14 03:28:50.725 W/ErrorProcessor( 2189): 	... 9 more
12-14 03:28:50.725 I/AudioController( 2189): internalShutdown
12-14 03:28:50.727 I/MicroDetector( 2189): Keeping mic open: false
12-14 03:28:50.727 I/MicroDetectionWorker( 2189): #onError(false)
12-14 03:28:50.728 I/DeviceStateChecker( 2189): DeviceStateChecker cancelled
12-14 03:28:50.904 V/LifecycleAwareServiceBi( 2547): notify unbound
12-14 03:28:50.904 V/LifecycleAwareServiceBi( 2547): com.google.common.flogger.LogSiteStackTrace: MEDIUM
12-14 03:28:50.904 V/LifecycleAwareServiceBi( 2547): 	at com.google.frameworks.client.data.android.binder.LifecycleAwareServiceBinding.h(PG:1)
12-14 03:28:50.904 V/LifecycleAwareServiceBi( 2547): 	at axqg.run(Unknown Source:4)
12-14 03:28:50.904 V/LifecycleAwareServiceBi( 2547): 	at android.os.Handler.handleCallback(Handler.java:789)
12-14 03:28:50.904 V/LifecycleAwareServiceBi( 2547): 	at android.os.Handler.dispatchMessage(Handler.java:98)
12-14 03:28:50.904 V/LifecycleAwareServiceBi( 2547): 	at android.os.Looper.loop(Looper.java:164)
12-14 03:28:50.904 V/LifecycleAwareServiceBi( 2547): 	at android.app.ActivityThread.main(ActivityThread.java:6541)
12-14 03:28:50.904 V/LifecycleAwareServiceBi( 2547): 	at java.lang.reflect.Method.invoke(Native Method)
12-14 03:28:50.904 V/LifecycleAwareServiceBi( 2547): 	at com.android.internal.os.Zygote$MethodAndArgsCaller.run(Zygote.java:240)
12-14 03:28:50.904 V/LifecycleAwareServiceBi( 2547): 	at com.android.internal.os.ZygoteInit.main(ZygoteInit.java:767)
12-14 03:28:50.905 V/LifecycleAwareServiceBi( 2547): notify unbound - notifying
12-14 03:28:50.910 I/Finsky:download_service( 2680): [2] sxn.onDestroy(8): IPC-SERVER: Stopping gRPC host service...
12-14 03:28:51.022 I/ActivityManager( 1628): Killing 3278:com.google.android.apps.maps/u0a59 (adj 906): empty #17
12-14 03:28:51.062 D/BoundBrokerSvc( 1940): onUnbind: Intent { act=com.google.android.gms.phenotype.service.START pkg=com.google.android.gms }
12-14 03:28:51.062 D/BoundBrokerSvc( 2257): onUnbind: Intent { act=com.google.android.gms.people.service.START pkg=com.google.android.gms }
12-14 03:28:51.658 D/BoundBrokerSvc( 1940): onUnbind: Intent { act=com.google.android.gms.usagereporting.service.START pkg=com.google.android.gms }
12-14 03:28:51.842 D/BoundBrokerSvc( 1940): onUnbind: Intent { act=com.google.android.gms.icing.LIGHTWEIGHT_INDEX_SERVICE cmp=com.google.android.gms/.chimera.PersistentApiService }
12-14 03:28:51.982 D/ImsResolver( 1822): maybeAddedImsService, packageName: com.google.android.gms
12-14 03:28:51.996 I/InputReader( 1628): Reconfiguring input devices.  changes=0x00000010
12-14 03:28:51.997 W/ResourceType( 1628): ResTable_typeSpec entry count inconsistent: given 67, previously 69
12-14 03:28:51.997 W/ResourceType( 1628): ResTable_typeSpec entry count inconsistent: given 5411, previously 5412
12-14 03:28:52.028 I/Telecom ( 1628): DefaultDialerCache: Refreshing default dialer for user 0: now com.google.android.dialer: DDC.oR@AE0
12-14 03:28:52.046 I/Fitness ( 1940): OnPackageChangedOperation got intent: Intent { act=android.intent.action.PACKAGE_CHANGED dat=package:com.google.android.gms flg=0x45000010 pkg=com.google.android.gms cmp=com.google.android.gms/.chimera.PersistentIntentOperationService (has extras) } [CONTEXT service_id=17 ]
12-14 03:28:52.067 W/ResourceType( 1628): ResTable_typeSpec entry count inconsistent: given 67, previously 69
12-14 03:28:52.067 W/ResourceType( 1628): ResTable_typeSpec entry count inconsistent: given 5411, previously 5412
12-14 03:28:52.075 I/Fitness ( 1940): FitCleanupIntentOperation received Intent android.intent.action.PACKAGE_CHANGED [CONTEXT service_id=17 ]
12-14 03:28:52.077 W/PeopleGalProvider( 2257): Not enabled to outside of GmsCore.
12-14 03:28:52.077 I/PeopleGalProvider( 2257): Method 0 completed.
12-14 03:28:52.077 I/ContactDirectoryManager( 2385): Directory provider com.google.android.gms(com.google.android.gms.people.gal.provider) returned a NULL cursor.
12-14 03:28:52.112 I/Icing   ( 2257): updateResources: need to parse adiq{com.google.android.gms}
12-14 03:28:52.114 D/CarrierSvcBindHelper( 1822): No carrier app for: 0
12-14 03:28:52.146 E/memtrack( 1628): Couldn't load memtrack module
12-14 03:28:52.147 W/android.os.Debug( 1628): failed to get memory consumption info: -1
12-14 03:28:52.153 I/ProvidersCache( 3360): Provider returned no roots. Possibly naughty: com.google.android.apps.docs.storage
12-14 03:28:52.160 W/Binder  ( 1628): Outgoing transactions from this process must be FLAG_ONEWAY
12-14 03:28:52.160 W/Binder  ( 1628): java.lang.Throwable
12-14 03:28:52.160 W/Binder  ( 1628): 	at android.os.BinderProxy.transact(Binder.java:736)
12-14 03:28:52.160 W/Binder  ( 1628): 	at com.android.internal.location.ILocationProvider$Stub$Proxy.getProperties(ILocationProvider.java:232)
12-14 03:28:52.160 W/Binder  ( 1628): 	at com.android.server.location.LocationProviderProxy$1.run(LocationProviderProxy.java:119)
12-14 03:28:52.160 W/Binder  ( 1628): 	at android.os.Handler.handleCallback(Handler.java:789)
12-14 03:28:52.160 W/Binder  ( 1628): 	at android.os.Handler.dispatchMessage(Handler.java:98)
12-14 03:28:52.160 W/Binder  ( 1628): 	at android.os.Looper.loop(Looper.java:164)
12-14 03:28:52.160 W/Binder  ( 1628): 	at android.os.HandlerThread.run(HandlerThread.java:65)
12-14 03:28:52.161 W/Binder  ( 1628): Outgoing transactions from this process must be FLAG_ONEWAY
12-14 03:28:52.161 W/Binder  ( 1628): java.lang.Throwable
12-14 03:28:52.161 W/Binder  ( 1628): 	at android.os.BinderProxy.transact(Binder.java:736)
12-14 03:28:52.161 W/Binder  ( 1628): 	at com.android.internal.location.ILocationProvider$Stub$Proxy.getProperties(ILocationProvider.java:232)
12-14 03:28:52.161 W/Binder  ( 1628): 	at com.android.server.location.LocationProviderProxy$1.run(LocationProviderProxy.java:119)
12-14 03:28:52.161 W/Binder  ( 1628): 	at android.os.Handler.handleCallback(Handler.java:789)
12-14 03:28:52.161 W/Binder  ( 1628): 	at android.os.Handler.dispatchMessage(Handler.java:98)
12-14 03:28:52.161 W/Binder  ( 1628): 	at android.os.Looper.loop(Looper.java:164)
12-14 03:28:52.161 W/Binder  ( 1628): 	at android.os.HandlerThread.run(HandlerThread.java:65)
12-14 03:28:52.179 I/Icing   ( 2257): Indexing com.google.android.gms-apps from com.google.android.gms
12-14 03:28:52.181 I/Icing   ( 2257): Indexing done com.google.android.gms-apps
12-14 03:28:52.432 D/BoundBrokerSvc( 1940): onUnbind: Intent { act=com.google.android.gms.clearcut.bootcount.service.START cmp=com.google.android.gms/.chimera.PersistentBoundBrokerService }
12-14 03:28:52.641 I/zygote  ( 1940): Deoptimizing void tma.c(java.lang.Runnable) due to JIT inline cache
12-14 03:28:52.999 I/zygote  ( 3802): Waiting for a blocking GC ProfileSaver
12-14 03:28:53.008 I/zygote  ( 3802): WaitForGcToComplete blocked for 8.976ms for cause ProfileSaver
12-14 03:28:53.341 D/AndroidRuntime( 3868): >>>>>> START com.android.internal.os.RuntimeInit uid 2000 <<<<<<
12-14 03:28:53.375 W/app_process( 3868): Unexpected CPU variant for X86 using defaults: x86
12-14 03:28:53.391 D/AndroidRuntime( 3868): Calling main entry com.android.commands.am.Am
12-14 03:28:53.393 I/ActivityManager( 1628): Force stopping com.evancharlton.mileage appid=10412 user=0: start instr
12-14 03:28:53.393 I/ActivityManager( 1628): Killing 3760:com.evancharlton.mileage/u0a412 (adj 0): stop com.evancharlton.mileage
12-14 03:28:53.395 W/ActivityManager( 1628): Crash of app com.evancharlton.mileage running instrumentation ComponentInfo{com.evancharlton.mileage.test/sh.calaba.instrumentationbackend.ClearAppData2}
12-14 03:28:53.396 I/ActivityManager( 1628): Force stopping com.evancharlton.mileage appid=10412 user=0: finished inst
12-14 03:28:53.403 I/zygote  ( 3878): Not late-enabling -Xcheck:jni (already on)
12-14 03:28:53.408 I/ActivityManager( 1628): Start proc 3878:com.evancharlton.mileage/u0a412 for added application com.evancharlton.mileage
12-14 03:28:53.409 D/AndroidRuntime( 3868): Shutting down VM
12-14 03:28:53.411 W/zygote  ( 3878): Unexpected CPU variant for X86 using defaults: x86
12-14 03:28:53.442 E/adbd    ( 1365): failed to connect to socket 'tcp:7102': Connection refused
12-14 03:28:53.444 E/adbd    ( 1365): failed to connect to socket 'tcp:7102': Connection refused
12-14 03:28:53.447 W/zygote  ( 3878): Found duplicate classes, falling back to extracting from APK : /data/app/com.evancharlton.mileage.test-xADlXU1kKnb6TOaDnZFMDw==/base.apk
12-14 03:28:53.447 W/zygote  ( 3878): NOTE: This wastes RAM and hurts startup performance.
12-14 03:28:53.447 W/zygote  ( 3878): Found duplicated class when checking oat files: 'Ljunit/runner/BaseTestRunner;' in /data/app/com.evancharlton.mileage.test-xADlXU1kKnb6TOaDnZFMDw==/base.apk and /system/framework/android.test.runner.jar
12-14 03:28:53.447 W/zygote  ( 3878): 
12-14 03:28:53.477 W/System  ( 3878): ClassLoader referenced unknown path: 
12-14 03:28:53.489 I/System.out( 3878): Main activity name automatically set to: com.evancharlton.mileage.Mileage
12-14 03:28:53.490 I/System.out( 3878): Calabash did not load Mono. This is only a problem if you are trying to test a Mono application
12-14 03:28:53.490 I/calabash( 3878): Test server port: 7102
12-14 03:28:53.492 I/InstrumentationBackend( 3878): Added:'GetPreferences', with key:'get_preferences'
12-14 03:28:53.549 I/InstrumentationBackend( 3878): Added:'SetPreferences', with key:'set_preferences'
12-14 03:28:53.549 I/InstrumentationBackend( 3878): Added:'ClearPreferences', with key:'clear_preferences'
12-14 03:28:53.550 I/InstrumentationBackend( 3878): Added:'PressElement', with key:'press_l10n_element'
12-14 03:28:53.551 I/InstrumentationBackend( 3878): Added:'WaitForElement', with key:'wait_for_l10n_element'
12-14 03:28:53.551 I/InstrumentationBackend( 3878): Added:'NullAction', with key:'nullAction'
12-14 03:28:53.552 I/InstrumentationBackend( 3878): Added:'PressKey', with key:'press_key'
12-14 03:28:53.552 I/InstrumentationBackend( 3878): Added:'SetActivityOrientation', with key:'set_activity_orientation'
12-14 03:28:53.552 I/InstrumentationBackend( 3878): Added:'GetActivityOrientation', with key:'get_activity_orientation'
12-14 03:28:53.552 I/InstrumentationBackend( 3878): Added:'FakeGPSLocation', with key:'set_gps_coordinates'
12-14 03:28:53.553 I/InstrumentationBackend( 3878): Added:'SetPropertyByCssSelector', with key:'set_property_by_css_selector'
12-14 03:28:53.554 I/InstrumentationBackend( 3878): Added:'GetUrl', with key:'get_url'
12-14 03:28:53.557 I/InstrumentationBackend( 3878): Added:'ScrollTo', with key:'scroll_to'
12-14 03:28:53.557 I/InstrumentationBackend( 3878): Added:'GetLoadProgress', with key:'get_load_progress'
12-14 03:28:53.557 I/InstrumentationBackend( 3878): Added:'DumpHtml', with key:'dump_html'
12-14 03:28:53.557 I/InstrumentationBackend( 3878): Added:'DumpBodyHtml', with key:'dump_body_html'
12-14 03:28:53.558 I/InstrumentationBackend( 3878): Added:'EnterTextByCssSelector', with key:'enter_text_by_selector'
12-14 03:28:53.562 I/InstrumentationBackend( 3878): Added:'AndroidSDKVersion', with key:'android_sdk_version'
12-14 03:28:53.563 E/adbd    ( 1365): failed to connect to socket 'tcp:7102': Connection refused
12-14 03:28:53.563 I/InstrumentationBackend( 3878): Added:'Version', with key:'version'
12-14 03:28:53.564 I/InstrumentationBackend( 3878): Added:'Drag', with key:'drag'
12-14 03:28:53.564 I/InstrumentationBackend( 3878): Added:'TouchCoordinates', with key:'touch_coordinate'
12-14 03:28:53.565 I/InstrumentationBackend( 3878): Added:'LongPressCoordinate', with key:'long_press_coordinate'
12-14 03:28:53.566 E/adbd    ( 1365): failed to connect to socket 'tcp:7102': Connection refused
12-14 03:28:53.566 I/InstrumentationBackend( 3878): Added:'DragCoordinates', with key:'drag_coordinates'
12-14 03:28:53.567 I/InstrumentationBackend( 3878): Added:'ResumeApplication', with key:'resume_application'
12-14 03:28:53.568 I/InstrumentationBackend( 3878): Added:'Swipe', with key:'swipe'
12-14 03:28:53.568 I/InstrumentationBackend( 3878): Added:'DoubleTapCoordinate', with key:'double_tap_coordinate'
12-14 03:28:53.568 I/InstrumentationBackend( 3878): Added:'ClickOnScreen', with key:'click_on_screen'
12-14 03:28:53.569 I/InstrumentationBackend( 3878): Added:'GetActivityName', with key:'get_activity_name'
12-14 03:28:53.570 I/InstrumentationBackend( 3878): Added:'ScrollToView', with key:'scroll_to_view'
12-14 03:28:53.570 I/InstrumentationBackend( 3878): Added:'ViewConfiguration', with key:'view_configuration'
12-14 03:28:53.570 I/InstrumentationBackend( 3878): Added:'IsCurrentActivityFocused', with key:'is_current_activity_focused'
12-14 03:28:53.572 I/InstrumentationBackend( 3878): Added:'SendTcp', with key:'send_tcp'
12-14 03:28:53.572 I/InstrumentationBackend( 3878): Added:'DpToDevicePixel', with key:'dp_to_device_pixel'
12-14 03:28:53.573 I/InstrumentationBackend( 3878): Added:'KeyboardEnterText', with key:'keyboard_enter_text'
12-14 03:28:53.574 I/InstrumentationBackend( 3878): Added:'DeleteSurroundingText', with key:'delete_surrounding_text'
12-14 03:28:53.574 I/InstrumentationBackend( 3878): Added:'SetComposingRegion', with key:'set_composing_region'
12-14 03:28:53.575 I/InstrumentationBackend( 3878): Added:'SetSelection', with key:'set_selection'
12-14 03:28:53.575 I/InstrumentationBackend( 3878): Added:'KeyboardKeyEvent', with key:'keyboard_key_event'
12-14 03:28:53.575 I/InstrumentationBackend( 3878): Added:'PressUserActionButton', with key:'press_user_action_button'
12-14 03:28:53.576 I/InstrumentationBackend( 3878): Added:'HideSoftKeyboard', with key:'hide_soft_keyboard'
12-14 03:28:53.578 I/InstrumentationBackend( 3878): Added:'ListActions', with key:'list_actions'
12-14 03:28:53.578 I/calabash( 3878): Instantiating http server at 7102
12-14 03:28:53.579 I/System.out( 3878): HTTP Daemon listening on: 7102
12-14 03:28:53.618 D/ConnectivityService( 1628): handleLingerComplete for NetworkAgentInfo [MOBILE (LTE) - 100]
12-14 03:28:53.671 I/System.out( 3878): URI: //ping
12-14 03:28:53.672 I/System.out( 3878): params: {json={}
12-14 03:28:53.672 I/System.out( 3878): }
12-14 03:28:53.679 I/System.out( 3878): URI: //ping
12-14 03:28:53.679 I/System.out( 3878): params: {json={}
12-14 03:28:53.679 I/System.out( 3878): }
12-14 03:28:53.686 I/System.out( 3878): URI: //ready
12-14 03:28:53.686 I/System.out( 3878): params: {json={}
12-14 03:28:53.686 I/System.out( 3878): }
12-14 03:28:53.695 I/System.out( 3878): URI: //
12-14 03:28:53.695 I/System.out( 3878): params: {json={"command":"version","arguments":[]}
12-14 03:28:53.695 I/System.out( 3878): }
12-14 03:28:53.695 I/System.out( 3878): header: {content-type=application/json;charset=utf-8, date=Mon, 14 Dec 2020 08:28:54 GMT, accept=*/*, host=127.0.0.1:34777, content-length=36, user-agent=HTTPClient/1.0 (2.8.3, ruby 2.5.8 (2020-03-31))}
12-14 03:28:53.695 I/System.out( 3878): params: {json={"command":"version","arguments":[]}
12-14 03:28:53.696 I/System.out( 3878): }
12-14 03:28:53.696 I/System.out( 3878): ProP json = {"command":"version","arguments":[]}
12-14 03:28:53.696 I/System.out( 3878): files: {}
12-14 03:28:53.696 I/System.out( 3878): command: {"command":"version","arguments":[]}
12-14 03:28:53.724 I/InstrumentationBackend( 3878): Got command:'Command:'Line:null,version', arguments:'[]'
12-14 03:28:53.756 I/System.out( 3878): result:{"bonusInformation":[],"message":"0.9.8","success":true}
12-14 03:28:53.764 I/System.out( 3878): URI: //start-application
12-14 03:28:53.764 I/System.out( 3878): params: {json={"intent":null}
12-14 03:28:53.764 I/System.out( 3878): }
12-14 03:28:53.806 I/ActivityManager( 1628): START u0 {act=android.intent.action.MAIN cat=[android.intent.category.LAUNCHER] flg=0x10200000 cmp=com.evancharlton.mileage/.Mileage} from uid 10412
12-14 03:28:53.824 I/calabash( 3878): newActivity1
12-14 03:28:53.833 D/gralloc_ranchu( 1394): gralloc_alloc: Creating ashmem region of size 7753728
12-14 03:28:53.859 W/ActivityManager( 1628): Bad activity token: android.os.BinderProxy@3168a1a
12-14 03:28:53.859 W/ActivityManager( 1628): java.lang.ClassCastException: android.os.BinderProxy cannot be cast to com.android.server.am.ActivityRecord$Token
12-14 03:28:53.859 W/ActivityManager( 1628): 	at com.android.server.am.ActivityRecord.forTokenLocked(ActivityRecord.java:778)
12-14 03:28:53.859 W/ActivityManager( 1628): 	at com.android.server.am.ActivityRecord.isInStackLocked(ActivityRecord.java:2085)
12-14 03:28:53.859 W/ActivityManager( 1628): 	at com.android.server.am.ActivityRecord.getStackLocked(ActivityRecord.java:2090)
12-14 03:28:53.859 W/ActivityManager( 1628): 	at com.android.server.am.ActivityManagerService.getActivityDisplayId(ActivityManagerService.java:10406)
12-14 03:28:53.859 W/ActivityManager( 1628): 	at android.app.IActivityManager$Stub.onTransact(IActivityManager.java:2738)
12-14 03:28:53.859 W/ActivityManager( 1628): 	at com.android.server.am.ActivityManagerService.onTransact(ActivityManagerService.java:2935)
12-14 03:28:53.859 W/ActivityManager( 1628): 	at android.os.Binder.execTransact(Binder.java:674)
12-14 03:28:53.861 I/calabash( 3878): newActivity1
12-14 03:28:53.870 W/ActivityManager( 1628): Bad activity token: android.os.BinderProxy@3168a1a
12-14 03:28:53.870 W/ActivityManager( 1628): java.lang.ClassCastException: android.os.BinderProxy cannot be cast to com.android.server.am.ActivityRecord$Token
12-14 03:28:53.870 W/ActivityManager( 1628): 	at com.android.server.am.ActivityRecord.forTokenLocked(ActivityRecord.java:778)
12-14 03:28:53.870 W/ActivityManager( 1628): 	at com.android.server.am.ActivityRecord.isInStackLocked(ActivityRecord.java:2085)
12-14 03:28:53.870 W/ActivityManager( 1628): 	at com.android.server.am.ActivityManagerService.setTaskDescription(ActivityManagerService.java:9988)
12-14 03:28:53.870 W/ActivityManager( 1628): 	at android.app.IActivityManager$Stub.onTransact(IActivityManager.java:2824)
12-14 03:28:53.870 W/ActivityManager( 1628): 	at com.android.server.am.ActivityManagerService.onTransact(ActivityManagerService.java:2935)
12-14 03:28:53.870 W/ActivityManager( 1628): 	at android.os.Binder.execTransact(Binder.java:674)
12-14 03:28:53.871 W/Nearby  ( 1940): Failed attempt #3 out of 3 for RestoreDeviceName [CONTEXT service_id=49 ]
12-14 03:28:53.871 W/Nearby  ( 1940): java.lang.IllegalStateException: BluetoothAdapter not ready yet!
12-14 03:28:53.871 W/Nearby  ( 1940): 	at alhd.g(:com.google.android.gms@204713022@20.47.13 (040700-344095733):2)
12-14 03:28:53.871 W/Nearby  ( 1940): 	at alhc.run(Unknown Source:0)
12-14 03:28:53.871 W/Nearby  ( 1940): 	at bznt.call(Unknown Source:0)
12-14 03:28:53.871 W/Nearby  ( 1940): 	at bzny.b(:com.google.android.gms@204713022@20.47.13 (040700-344095733):2)
12-14 03:28:53.871 W/Nearby  ( 1940): 	at bzny.a(:com.google.android.gms@204713022@20.47.13 (040700-344095733):0)
12-14 03:28:53.871 W/Nearby  ( 1940): 	at alhb.run(Unknown Source:2)
12-14 03:28:53.871 W/Nearby  ( 1940): 	at java.lang.Thread.run(Thread.java:764)
12-14 03:28:53.871 W/Nearby  ( 1940): 	at tly.run(Unknown Source:5)
12-14 03:28:53.871 W/Nearby  ( 1940): 	at java.util.concurrent.ThreadPoolExecutor.runWorker(ThreadPoolExecutor.java:1162)
12-14 03:28:53.871 W/Nearby  ( 1940): 	at java.util.concurrent.ThreadPoolExecutor$Worker.run(ThreadPoolExecutor.java:636)
12-14 03:28:53.871 W/Nearby  ( 1940): 	at trx.run(:com.google.android.gms@204713022@20.47.13 (040700-344095733):0)
12-14 03:28:53.871 W/Nearby  ( 1940): 	at java.lang.Thread.run(Thread.java:764)
12-14 03:28:53.873 W/ActivityManager( 1628): Bad activity token: android.os.BinderProxy@3168a1a
12-14 03:28:53.873 W/ActivityManager( 1628): java.lang.ClassCastException: android.os.BinderProxy cannot be cast to com.android.server.am.ActivityRecord$Token
12-14 03:28:53.873 W/ActivityManager( 1628): 	at com.android.server.am.ActivityRecord.forTokenLocked(ActivityRecord.java:778)
12-14 03:28:53.873 W/ActivityManager( 1628): 	at com.android.server.am.ActivityRecord.isInStackLocked(ActivityRecord.java:2085)
12-14 03:28:53.873 W/ActivityManager( 1628): 	at com.android.server.am.ActivityRecord.getStackLocked(ActivityRecord.java:2090)
12-14 03:28:53.873 W/ActivityManager( 1628): 	at com.android.server.am.ActivityManagerService.getActivityStackId(ActivityManagerService.java:10417)
12-14 03:28:53.873 W/ActivityManager( 1628): 	at android.app.IActivityManager$Stub.onTransact(IActivityManager.java:3548)
12-14 03:28:53.873 W/ActivityManager( 1628): 	at com.android.server.am.ActivityManagerService.onTransact(ActivityManagerService.java:2935)
12-14 03:28:53.873 W/ActivityManager( 1628): 	at android.os.Binder.execTransact(Binder.java:674)
12-14 03:28:53.892 D/EGL_emulation( 2189): eglMakeCurrent: 0xa3a84840: ver 3 0 (tinfo 0xa3a83460)
12-14 03:28:53.892 V/StatusBar( 1732): setLightsOn(true)
12-14 03:28:53.895 D/EGL_emulation( 2154): eglMakeCurrent: 0xa14fd5c0: ver 3 0 (tinfo 0xa14ffd10)
12-14 03:28:53.912 D/EGL_emulation( 1732): eglMakeCurrent: 0xa3a849c0: ver 3 0 (tinfo 0xa3a83550)
12-14 03:28:53.926 W/asset   ( 1732): Asset path /data/app/com.evancharlton.mileage-iDnc1dqx2h-Ln1IyXtV5kQ==/base.apk is neither a directory nor file (type=1).
12-14 03:28:53.926 E/ResourcesManager( 1732): failed to add asset path /data/app/com.evancharlton.mileage-iDnc1dqx2h-Ln1IyXtV5kQ==/base.apk
12-14 03:28:53.927 W/PackageManager( 1732): Failure retrieving resources for com.evancharlton.mileage
12-14 03:28:53.927 W/asset   ( 1732): Asset path /data/app/com.evancharlton.mileage-iDnc1dqx2h-Ln1IyXtV5kQ==/base.apk is neither a directory nor file (type=1).
12-14 03:28:53.927 E/ResourcesManager( 1732): failed to add asset path /data/app/com.evancharlton.mileage-iDnc1dqx2h-Ln1IyXtV5kQ==/base.apk
12-14 03:28:53.927 W/PackageManager( 1732): Failure retrieving resources for com.evancharlton.mileage
12-14 03:28:53.927 W/asset   ( 1732): Asset path /data/app/com.evancharlton.mileage-iDnc1dqx2h-Ln1IyXtV5kQ==/base.apk is neither a directory nor file (type=1).
12-14 03:28:53.927 E/ResourcesManager( 1732): failed to add asset path /data/app/com.evancharlton.mileage-iDnc1dqx2h-Ln1IyXtV5kQ==/base.apk
12-14 03:28:53.927 W/PackageManager( 1732): Failure retrieving resources for com.evancharlton.mileage
12-14 03:28:53.930 D/EGL_emulation( 1732): eglMakeCurrent: 0xa3a849c0: ver 3 0 (tinfo 0xa3a83550)
12-14 03:28:53.934 D/EGL_emulation( 1732): eglMakeCurrent: 0xa3a849c0: ver 3 0 (tinfo 0xa3a83550)
12-14 03:28:53.938 V/StatusBar( 1732): setLightsOn(true)
12-14 03:28:53.940 E/ContentStoreEUAS( 2189): Failed to commit the deferred actions
12-14 03:28:53.942 D/EGL_emulation( 1732): eglMakeCurrent: 0xa3a849c0: ver 3 0 (tinfo 0xa3a83550)
12-14 03:28:53.969 I/chatty  ( 1732): uid=10028(u0_a28) RenderThread identical 1 line
12-14 03:28:53.972 D/EGL_emulation( 1732): eglMakeCurrent: 0xa3a849c0: ver 3 0 (tinfo 0xa3a83550)
12-14 03:28:53.990 D/FillupsProvider( 3878): Creating database
12-14 03:28:53.994 D/EGL_emulation( 1732): eglMakeCurrent: 0xa3a849c0: ver 3 0 (tinfo 0xa3a83550)
12-14 03:28:54.029 I/chatty  ( 1732): uid=10028(u0_a28) RenderThread identical 5 lines
12-14 03:28:54.042 D/EGL_emulation( 1732): eglMakeCurrent: 0xa3a849c0: ver 3 0 (tinfo 0xa3a83550)
12-14 03:28:54.045 I/zygote  ( 3878): Do partial code cache collection, code=30KB, data=21KB
12-14 03:28:54.045 D/EGL_emulation( 1732): eglMakeCurrent: 0xa3a849c0: ver 3 0 (tinfo 0xa3a83550)
12-14 03:28:54.046 I/zygote  ( 3878): After code cache collection, code=30KB, data=21KB
12-14 03:28:54.046 I/zygote  ( 3878): Increasing code cache capacity to 128KB
12-14 03:28:54.060 D/EGL_emulation( 1732): eglMakeCurrent: 0xa3a849c0: ver 3 0 (tinfo 0xa3a83550)
12-14 03:28:54.127 W/ActivityManager( 1628): Bad activity token: android.os.BinderProxy@3168a1a
12-14 03:28:54.127 W/ActivityManager( 1628): java.lang.ClassCastException: android.os.BinderProxy cannot be cast to com.android.server.am.ActivityRecord$Token
12-14 03:28:54.127 W/ActivityManager( 1628): 	at com.android.server.am.ActivityRecord.forTokenLocked(ActivityRecord.java:778)
12-14 03:28:54.127 W/ActivityManager( 1628): 	at com.android.server.am.ActivityRecord.isInStackLocked(ActivityRecord.java:2085)
12-14 03:28:54.127 W/ActivityManager( 1628): 	at com.android.server.am.ActivityManagerService.getActivityOptions(ActivityManagerService.java:13302)
12-14 03:28:54.127 W/ActivityManager( 1628): 	at android.app.IActivityManager$Stub.onTransact(IActivityManager.java:2910)
12-14 03:28:54.127 W/ActivityManager( 1628): 	at com.android.server.am.ActivityManagerService.onTransact(ActivityManagerService.java:2935)
12-14 03:28:54.127 W/ActivityManager( 1628): 	at android.os.Binder.execTransact(Binder.java:674)
12-14 03:28:54.128 W/ActivityManager( 1628): Bad activity token: android.os.BinderProxy@3168a1a
12-14 03:28:54.128 W/ActivityManager( 1628): java.lang.ClassCastException: android.os.BinderProxy cannot be cast to com.android.server.am.ActivityRecord$Token
