--------- beginning of main
12-14 04:15:31.151 D/BoundBrokerSvc( 2221): onUnbind: Intent { act=com.google.android.gms.cast.firstparty.START cmp=com.google.android.gms/.chimera.GmsBoundBrokerService }
12-14 04:15:31.155 E/memtrack( 1627): Couldn't load memtrack module
12-14 04:15:31.155 W/android.os.Debug( 1627): failed to get memory consumption info: -1
12-14 04:15:31.493 D/WificondControl( 1627): Scan result ready event
12-14 04:15:33.338 D/BoundBrokerSvc( 2221): onUnbind: Intent { act=com.google.android.gms.auth.service.START pkg=com.google.android.gms }
--------- beginning of system
12-14 04:15:33.507 I/ActivityManager( 1627): Killing 3242:com.android.settings/1000 (adj 906): empty #17
12-14 04:15:33.907 W/NamedFutures( 2167): Timeout future task has been cancelled: 10000 milliseconds
12-14 04:15:33.912 E/SearchServiceStarter( 2167): Task 174 failed or timed out. Client 9532174726864463 disconnecting from SearchService!
12-14 04:15:33.912 E/SearchServiceStarter( 2167): java.util.concurrent.CancellationException: Task was cancelled.
12-14 04:15:33.912 E/SearchServiceStarter( 2167): 	at com.google.common.util.concurrent.d.ct(SourceFile:75)
12-14 04:15:33.912 E/SearchServiceStarter( 2167): 	at com.google.common.util.concurrent.d.get(SourceFile:57)
12-14 04:15:33.912 E/SearchServiceStarter( 2167): 	at com.google.common.util.concurrent.cg.n(SourceFile:2)
12-14 04:15:33.912 E/SearchServiceStarter( 2167): 	at com.google.common.util.concurrent.av.l(SourceFile:50)
12-14 04:15:33.912 E/SearchServiceStarter( 2167): 	at com.google.common.util.concurrent.ax.run(SourceFile:5)
12-14 04:15:33.912 E/SearchServiceStarter( 2167): 	at com.google.android.apps.gsa.shared.util.concurrent.a.bc.run(SourceFile:2)
12-14 04:15:33.912 E/SearchServiceStarter( 2167): 	at android.os.Handler.handleCallback(Handler.java:789)
12-14 04:15:33.912 E/SearchServiceStarter( 2167): 	at android.os.Handler.dispatchMessage(Handler.java:98)
12-14 04:15:33.912 E/SearchServiceStarter( 2167): 	at android.os.Looper.loop(Looper.java:164)
12-14 04:15:33.912 E/SearchServiceStarter( 2167): 	at android.app.ActivityThread.main(ActivityThread.java:6541)
12-14 04:15:33.912 E/SearchServiceStarter( 2167): 	at java.lang.reflect.Method.invoke(Native Method)
12-14 04:15:33.912 E/SearchServiceStarter( 2167): 	at com.android.internal.os.Zygote$MethodAndArgsCaller.run(Zygote.java:240)
12-14 04:15:33.912 E/SearchServiceStarter( 2167): 	at com.android.internal.os.ZygoteInit.main(ZygoteInit.java:767)
12-14 04:15:33.944 D/BoundBrokerSvc( 2221): onUnbind: Intent { act=com.google.android.gms.checkin.START pkg=com.google.android.gms }
12-14 04:15:33.959 I/Dialer  ( 2011): VvmTaskReceiver - task received
12-14 04:15:33.960 I/Dialer  ( 2011): VvmTaskReceiver - TaskExecutor already running
12-14 04:15:33.960 I/Dialer  ( 2011): Task.createTask - create task:com.android.voicemail.impl.ActivationTask
12-14 04:15:33.960 I/Dialer  ( 2011): TaskQueue.add - duplicated task added
12-14 04:15:33.960 I/Dialer  ( 2011): VvmTaskExecutor - com.android.voicemail.impl.ActivationTask@4d4d1dc added
12-14 04:15:33.963 W/BroadcastQueue( 1627): Background execution not allowed: receiving Intent { act=android.intent.action.PACKAGE_REMOVED dat=package:com.evancharlton.mileage.test flg=0x4000010 (has extras) } to com.android.vending/com.google.android.finsky.packagemanager.impl.PackageMonitorReceiverImpl$RegisteredReceiver
12-14 04:15:33.963 W/BroadcastQueue( 1627): Background execution not allowed: receiving Intent { act=android.intent.action.PACKAGE_REMOVED dat=package:com.evancharlton.mileage.test flg=0x4000010 (has extras) } to com.android.vending/com.google.android.finsky.instantapps.appmanagement.InstantAppRemoveMonitor
12-14 04:15:33.964 W/BroadcastQueue( 1627): Background execution not allowed: receiving Intent { act=android.intent.action.PACKAGE_REMOVED dat=package:com.evancharlton.mileage.test flg=0x4000010 (has extras) } to com.google.android.gms/.games.chimera.GamesSystemBroadcastReceiverProxy
12-14 04:15:33.964 W/BroadcastQueue( 1627): Background execution not allowed: receiving Intent { act=android.intent.action.PACKAGE_REMOVED dat=package:com.evancharlton.mileage.test flg=0x4000010 (has extras) } to com.google.android.gms/.chimera.GmsIntentOperationService$PersistentTrustedReceiver
12-14 04:15:33.964 W/BroadcastQueue( 1627): Background execution not allowed: receiving Intent { act=android.intent.action.PACKAGE_REMOVED dat=package:com.evancharlton.mileage.test flg=0x4000010 (has extras) } to com.google.android.googlequicksearchbox/com.google.android.apps.gsa.googlequicksearchbox.GelStubAppWatcher
12-14 04:15:33.972 I/Finsky  ( 2551): [2] ycb.d(13): PackageMonitorReceiverImpl - Received: android.intent.action.PACKAGE_FULLY_REMOVED, [Hc-uu0eID9wC4ptvRCsWBIQPDhHxrgxu8bZlIwakNJw]
12-14 04:15:33.972 I/Finsky  ( 2551): [2] ydc.g(1): Invalidating cached PackageState for com.evancharlton.mileage.test
12-14 04:15:33.974 I/Finsky  ( 2551): [2] ouk.d(2): Frosting ID looked up on UI thread. Caller should move to a background thread.
12-14 04:15:33.976 I/Finsky  ( 2551): [2] qlq.s(2): Installer: package com.evancharlton.mileage.test was removed. replacing: false
12-14 04:15:33.977 I/Finsky  ( 2551): [2] qmo.L(12): Installer: Notifying status update. package=com.evancharlton.mileage.test, status=UNINSTALLED
12-14 04:15:33.978 I/Finsky  ( 2551): [2] alxk.a(3): Do not start WearSupportService due to Wear service optimization
12-14 04:15:33.978 I/Finsky  ( 2551): [2] alxk.a(3): Do not start WearSupportService due to Wear service optimization
12-14 04:15:33.979 I/Finsky  ( 2551): [2] adxl.a(8): Clearing split related stale data.
12-14 04:15:33.980 I/Finsky  ( 2551): [175] gvx.a(12): Asset module storage cleared for package com.evancharlton.mileage.test.
12-14 04:15:33.981 I/Finsky  ( 2551): [125] jmd.a(15): [ContentSync] finished, scheduled=false
12-14 04:15:34.000 I/ExposureNotification( 2221): Still can find package com.evancharlton.mileage.test after receive its fully removed broadcast, which was installed 8851 ms ago. Ignore the fully removed broadcast. [CONTEXT service_id=236 ]
12-14 04:15:34.002 D/BoundBrokerSvc( 2221): onBind: Intent { act=com.google.android.gms.common.BIND_SHARED_PREFS pkg=com.google.android.gms }
12-14 04:15:34.002 D/BoundBrokerSvc( 2221): Loading bound service for intent: Intent { act=com.google.android.gms.common.BIND_SHARED_PREFS pkg=com.google.android.gms }
12-14 04:15:34.010 I/Finsky  ( 2551): [166] otx.run(16): Wrote row to frosting DB: 1782
12-14 04:15:34.011 D/BoundBrokerSvc( 2221): onUnbind: Intent { act=com.google.android.gms.common.BIND_SHARED_PREFS pkg=com.google.android.gms }
12-14 04:15:34.013 I/Finsky  ( 2551): [161] rab.C(2): IQ: Notifying installation update. package=com.evancharlton.mileage.test, status=UNINSTALLED
12-14 04:15:34.016 I/Finsky  ( 2551): [2] qmo.O(7): Installer: found apps to install. isMultiUserMode=false, apps=[]
12-14 04:15:34.026 I/Finsky  ( 2551): [166] otx.run(16): Wrote row to frosting DB: 1783
12-14 04:15:34.033 I/Finsky  ( 2551): [161] rab.t(33): IQ: No matching installs to run for jobs: []
12-14 04:15:34.034 I/Checkin ( 2221): [CheckinRequestProcessor] updateCheckinIdTokenFileFromResponse, Reading existing AID
12-14 04:15:34.041 I/DigitalWidgetProvider( 1997): onReceive: Intent { act=com.android.deskclock.ALARM_CHANGED flg=0x10 cmp=com.google.android.deskclock/com.android.alarmclock.DigitalAppWidgetProvider }
12-14 04:15:34.065 W/BroadcastQueue( 1627): Background execution not allowed: receiving Intent { act=android.intent.action.PACKAGE_ADDED dat=package:com.evancharlton.mileage.test flg=0x4000010 (has extras) } to com.android.vending/com.google.android.finsky.packagemanager.impl.PackageMonitorReceiverImpl$RegisteredReceiver
12-14 04:15:34.066 W/BroadcastQueue( 1627): Background execution not allowed: receiving Intent { act=android.intent.action.PACKAGE_ADDED dat=package:com.evancharlton.mileage.test flg=0x4000010 (has extras) } to com.google.android.gms/.games.chimera.GamesSystemBroadcastReceiverProxy
12-14 04:15:34.067 W/BroadcastQueue( 1627): Background execution not allowed: receiving Intent { act=android.intent.action.PACKAGE_ADDED dat=package:com.evancharlton.mileage.test flg=0x4000010 (has extras) } to com.google.android.gms/.gass.chimera.PackageChangeBroadcastReceiver
12-14 04:15:34.068 W/BroadcastQueue( 1627): Background execution not allowed: receiving Intent { act=android.intent.action.PACKAGE_ADDED dat=package:com.evancharlton.mileage.test flg=0x4000010 (has extras) } to com.google.android.gms/.chimera.GmsIntentOperationService$PersistentTrustedReceiver
12-14 04:15:34.068 W/BroadcastQueue( 1627): Background execution not allowed: receiving Intent { act=android.intent.action.PACKAGE_ADDED dat=package:com.evancharlton.mileage.test flg=0x4000010 (has extras) } to com.google.android.googlequicksearchbox/com.google.android.apps.gsa.googlequicksearchbox.GelStubAppWatcher
12-14 04:15:34.120 W/BroadcastQueue( 1627): Background execution not allowed: receiving Intent { act=android.intent.action.DROPBOX_ENTRY_ADDED flg=0x10 (has extras) } to com.google.android.gms/.stats.service.DropBoxEntryAddedReceiver
12-14 04:15:34.120 W/BroadcastQueue( 1627): Background execution not allowed: receiving Intent { act=android.intent.action.DROPBOX_ENTRY_ADDED flg=0x10 (has extras) } to com.google.android.gms/.chimera.GmsIntentOperationService$PersistentTrustedReceiver
12-14 04:15:34.141 W/zygote  ( 3791): Unexpected CPU variant for X86 using defaults: x86
12-14 04:15:34.149 I/ActivityManager( 1627): Start proc 3791:com.google.android.videos/u0a72 for service com.google.android.videos/.service.drm.RefreshLicenseTaskService
12-14 04:15:34.189 I/MultiDex( 3791): VM with version 2.1.0 has multidex support
12-14 04:15:34.190 I/MultiDex( 3791): install
12-14 04:15:34.190 I/MultiDex( 3791): VM has multidex support, MultiDex support library is disabled.
12-14 04:15:34.296 I/zygote  ( 1936): Deoptimizing int cdcx.u(java.lang.Object, byte[], int, int, int, int, int, int, long, int, long, ccyx) due to JIT inline cache
12-14 04:15:34.444 I/Finsky  ( 2551): [110] daj.a(7): Received content filters request from com.google.android.videos
12-14 04:15:34.446 W/ActivityManager( 1627): Background start not allowed: service Intent { cmp=com.google.android.videos/.service.pinning.TransferService (has extras) } to com.google.android.videos/.service.pinning.TransferService from pid=3791 uid=10072 pkg=com.google.android.videos
12-14 04:15:34.459 D/Primes  ( 3791): Package metric disabled.
12-14 04:15:34.459 D/Primes  ( 3791): Battery metric disabled
12-14 04:15:34.459 D/Primes  ( 3791): MagicEye logging metric disabled
12-14 04:15:34.460 D/CryptdConnector( 1627): SND -> {11 cryptfs getpwtype}
12-14 04:15:34.461 D/VoldCryptCmdListener( 1342): cryptfs getpwtype
12-14 04:15:34.461 D/CryptdConnector( 1627): RCV <- {213 11 default}
12-14 04:15:34.473 I/PlayMovies( 3791): RefreshLicenseTaskService.forceLicenseRefreshNow:66 Scheduled task now refresh_license_forced
12-14 04:15:34.473 I/PlayMovies( 3791): 
12-14 04:15:34.474 D/PlayMovies( 3791): PersistentCache.cleanup:104 Cache is below limit, no need to shrink: [size=0, limit=5242880]
12-14 04:15:34.474 D/PlayMovies( 3791): 
12-14 04:15:34.504 I/PlayMovies( 3791): RefreshLicenseTaskService.onRunTask:96 On run task refresh_license_forced
12-14 04:15:34.504 I/PlayMovies( 3791): 
12-14 04:15:34.518 I/ActivityManager( 1627): Killing 3261:com.android.cellbroadcastreceiver/u0a5 (adj 906): empty #17
12-14 04:15:34.622 I/zygote  ( 1936): Background concurrent copying GC freed 98512(5MB) AllocSpace objects, 30(752KB) LOS objects, 49% free, 6MB/12MB, paused 6.609ms total 35.831ms
12-14 04:15:34.654 I/zygote  ( 2221): Deoptimizing boolean dbx.d(android.content.Context, dbv, java.lang.String) due to JIT inline cache
12-14 04:15:34.666 D/BoundBrokerSvc( 1936): onBind: Intent { act=com.google.android.gms.tapandpay.service.BIND cmp=com.google.android.gms/.chimera.PersistentApiService }
12-14 04:15:34.666 D/BoundBrokerSvc( 1936): Loading bound service for intent: Intent { act=com.google.android.gms.tapandpay.service.BIND cmp=com.google.android.gms/.chimera.PersistentApiService }
12-14 04:15:34.785 I/zygote  ( 1936): Deoptimizing java.lang.String asqf.i(android.os.Bundle) due to JIT inline cache
12-14 04:15:34.874 I/NetworkScheduler.Stats( 1936): Task com.google.android.videos/ started execution. cause:7 exec_start_elapsed_seconds: 50 [CONTEXT service_id=218 ]
12-14 04:15:34.906 E/NetworkScheduler.ATC( 1936): Called cancelTask for already completed task com.google.android.videos/.service.drm.RefreshLicenseTaskService{u=0 tag="refresh_license_forced" trigger=window{start=0s,end=1s,earliest=0s,latest=0s} requirements=[NET_CONNECTED] attributes=[] scheduled=0s last_run=0s exec_window_multiplier=1.0000 jid=N/A status=ACTIVE retries=0 client_lib=MANCHEGO_GCM-10400000} :0 [CONTEXT service_id=218 ]
12-14 04:15:34.906 W/NetworkScheduler( 1936): Immediate task was not started com.google.android.videos/.service.drm.RefreshLicenseTaskService{u=0 tag="refresh_license_forced" trigger=window{start=0s,end=1s,earliest=0s,latest=0s} requirements=[NET_CONNECTED] attributes=[] scheduled=0s last_run=N/A exec_window_multiplier=1.0000 jid=N/A status=PENDING retries=0 client_lib=MANCHEGO_GCM-10400000}. Rescheduling immediate tasks can cause excessive battery drain.
12-14 04:15:34.907 I/NetworkScheduler.Stats( 1936): Task com.google.android.videos/ finished executing. cause:7 result: 1 elapsed_millis: 384 uptime_millis: 384 exec_start_elapsed_seconds: 50 [CONTEXT service_id=218 ]
12-14 04:15:34.908 I/NetworkScheduler.Stats( 1936): Task com.google.android.gms/com.google.android.gms.pay.gcmtask.PayGcmTaskService started execution. cause:7 exec_start_elapsed_seconds: 50 [CONTEXT service_id=218 ]
12-14 04:15:34.909 I/NetworkScheduler.Stats( 1936): Task com.google.android.gms/com.google.android.gms.pay.gcmtask.PayGcmTaskService finished executing. cause:7 result: 1 elapsed_millis: 73 uptime_millis: 73 exec_start_elapsed_seconds: 50 [CONTEXT service_id=218 ]
12-14 04:15:34.975 I/NetworkScheduler.Stats( 1936): Task com.google.android.gms/com.google.android.gms.clearcut.uploader.QosUploaderService started execution. cause:5 exec_start_elapsed_seconds: 50 [CONTEXT service_id=218 ]
12-14 04:15:34.991 I/PlayMovies( 3791): RefreshLicenseTaskService.onRunTask:96 On run task refresh_license
12-14 04:15:34.991 I/PlayMovies( 3791): 
12-14 04:15:34.992 I/NetworkScheduler.Stats( 1936): Task com.google.android.videos/ started execution. cause:5 exec_start_elapsed_seconds: 50 [CONTEXT service_id=218 ]
12-14 04:15:35.010 I/NetworkScheduler.Stats( 1936): Task com.google.android.videos/ finished executing. cause:5 result: 1 elapsed_millis: 29 uptime_millis: 29 exec_start_elapsed_seconds: 50 [CONTEXT service_id=218 ]
12-14 04:15:35.024 I/NetworkScheduler.Stats( 1936): Task com.google.android.gms/com.google.android.gms.clearcut.uploader.QosUploaderService finished executing. cause:5 result: 1 elapsed_millis: 68 uptime_millis: 68 exec_start_elapsed_seconds: 50 [CONTEXT service_id=218 ]
12-14 04:15:35.094 I/NetworkScheduler.Stats( 1936): Task com.google.android.gms/com.google.android.gms.gass.chimera.SchedulePeriodicTasksService started execution. cause:5 exec_start_elapsed_seconds: 51 [CONTEXT service_id=218 ]
12-14 04:15:35.176 I/NetworkScheduler.Stats( 1936): Task com.google.android.gms/com.google.android.gms.pay.gcmtask.PayGcmTaskService started execution. cause:5 exec_start_elapsed_seconds: 51 [CONTEXT service_id=218 ]
12-14 04:15:35.180 I/Pay     ( 2221): Migration flag not enabled. [CONTEXT service_id=198 ]
12-14 04:15:35.181 D/BoundBrokerSvc( 2221): onBind: Intent { act=com.google.android.gms.pay.service.BIND cmp=com.google.android.gms/.chimera.GmsApiService }
12-14 04:15:35.181 D/BoundBrokerSvc( 2221): Loading bound service for intent: Intent { act=com.google.android.gms.pay.service.BIND cmp=com.google.android.gms/.chimera.GmsApiService }
12-14 04:15:35.185 I/NetworkScheduler.Stats( 1936): Task com.google.android.gms/com.google.android.gms.gass.chimera.SchedulePeriodicTasksService finished executing. cause:5 result: 1 elapsed_millis: 121 uptime_millis: 121 exec_start_elapsed_seconds: 51 [CONTEXT service_id=218 ]
12-14 04:15:35.186 I/jgl     ( 2221): Primes not initialized, returning default (no-op) Primes instance which will ignore all calls. Please call Primes.initialize(...) before using any Primes API.
12-14 04:15:35.236 I/Pay     ( 2221): Migration already completed. [CONTEXT service_id=198 ]
12-14 04:15:35.251 I/chatty  ( 2221): uid=10011(u0_a11) lowpool[3] identical 1 line
12-14 04:15:35.255 I/Pay     ( 2221): Migration already completed. [CONTEXT service_id=198 ]
12-14 04:15:35.255 I/Pay     ( 2221): Migration flag not enabled. [CONTEXT service_id=198 ]
12-14 04:15:35.270 I/Pay     ( 2221): Migration already completed. [CONTEXT service_id=198 ]
12-14 04:15:35.271 I/Pay     ( 2221): Migration flag not enabled. [CONTEXT service_id=198 ]
12-14 04:15:35.283 I/NetworkScheduler.Stats( 1936): Task com.google.android.gms/com.google.android.gms.pay.gcmtask.PayGcmTaskService started execution. cause:5 exec_start_elapsed_seconds: 51 [CONTEXT service_id=218 ]
12-14 04:15:35.285 I/Pay     ( 2221): Device does not support HCE. [CONTEXT service_id=198 ]
12-14 04:15:35.300 I/NetworkScheduler.Stats( 1936): Task com.google.android.gms/com.google.android.gms.pay.gcmtask.PayGcmTaskService finished executing. cause:5 result: 1 elapsed_millis: 164 uptime_millis: 164 exec_start_elapsed_seconds: 51 [CONTEXT service_id=218 ]
12-14 04:15:35.307 I/NetworkScheduler.Stats( 1936): Task com.google.android.gms/com.google.android.gms.pay.gcmtask.PayGcmTaskService finished executing. cause:5 result: 2 elapsed_millis: 63 uptime_millis: 63 exec_start_elapsed_seconds: 51 [CONTEXT service_id=218 ]
12-14 04:15:35.333 D/        ( 3584): HostConnection::get() New Host Connection established 0xa6820180, tid 3598
12-14 04:15:35.344 D/EGL_emulation( 3584): eglCreateContext: 0xa6805420: maj 3 min 0 rcv 3
12-14 04:15:35.346 D/EGL_emulation( 3584): eglMakeCurrent: 0xa6805420: ver 3 0 (tinfo 0xa68037d0)
12-14 04:15:35.347 E/eglCodecCommon( 3584): glUtilsParamSize: unknow param 0x00008cdf
12-14 04:15:35.347 E/eglCodecCommon( 3584): glUtilsParamSize: unknow param 0x00008cdf
12-14 04:15:35.347 E/eglCodecCommon( 3584): glUtilsParamSize: unknow param 0x00008824
12-14 04:15:35.347 E/eglCodecCommon( 3584): glUtilsParamSize: unknow param 0x00008824
12-14 04:15:35.354 D/BoundBrokerSvc( 1936): onUnbind: Intent { act=com.google.android.gms.usagereporting.service.START pkg=com.google.android.gms }
12-14 04:15:35.407 D/EGL_emulation( 3584): eglCreateContext: 0xa6806020: maj 3 min 0 rcv 3
12-14 04:15:35.410 D/EGL_emulation( 3584): eglMakeCurrent: 0xa6806020: ver 3 0 (tinfo 0xa68037d0)
12-14 04:15:35.411 E/eglCodecCommon( 3584): glUtilsParamSize: unknow param 0x00008cdf
12-14 04:15:35.411 E/eglCodecCommon( 3584): glUtilsParamSize: unknow param 0x00008cdf
12-14 04:15:35.411 E/eglCodecCommon( 3584): glUtilsParamSize: unknow param 0x00008824
12-14 04:15:35.411 E/eglCodecCommon( 3584): glUtilsParamSize: unknow param 0x00008824
12-14 04:15:35.418 E/Pay     ( 2221): No account found on the task or the device. Notification task will not be rescheduled. [CONTEXT service_id=198 ]
12-14 04:15:35.424 I/NetworkScheduler.Stats( 1936): Task com.google.android.gms/com.google.android.gms.pay.gcmtask.PayGcmTaskService started execution. cause:5 exec_start_elapsed_seconds: 51 [CONTEXT service_id=218 ]
12-14 04:15:35.425 I/NetworkScheduler.Stats( 1936): Task com.google.android.gms/com.google.android.gms.pay.gcmtask.PayGcmTaskService finished executing. cause:5 result: 2 elapsed_millis: 60 uptime_millis: 60 exec_start_elapsed_seconds: 51 [CONTEXT service_id=218 ]
12-14 04:15:35.452 I/MicroDetectionWorker( 2167): #updateMicroDetector [detectionMode: [mDetectionMode: [1]]]
12-14 04:15:35.453 I/MicroDetectionWorker( 2167): #startMicroDetector [speakerMode: 0]
12-14 04:15:35.453 I/AudioController( 2167): Using mInputStreamFactoryBuilder
12-14 04:15:35.454 I/MicroDetectionWorker( 2167): onReady
12-14 04:15:35.462 I/MicroRecognitionRunner( 2167): Starting detection.
12-14 04:15:35.463 I/MicrophoneInputStream( 2167): mic_starting com.google.android.apps.gsa.staticplugins.aa.c@e4fb83b
12-14 04:15:35.466 I/MicrophoneInputStream( 2167): mic_started com.google.android.apps.gsa.staticplugins.aa.c@e4fb83b
12-14 04:15:35.466 E/ActivityThread( 2167): Failed to find provider info for com.google.android.apps.gsa.testing.ui.audio.recorded
12-14 04:15:35.466 I/MicroDetectionWorker( 2167): onReady
12-14 04:15:35.467 I/MicrophoneInputStream( 2167): mic_close com.google.android.apps.gsa.staticplugins.aa.c@e4fb83b
12-14 04:15:35.468 I/MicroRecognitionRunner( 2167): Detection finished
12-14 04:15:35.468 W/ErrorReporter( 2167): reportError [type: 211, code: 524300]: Error reading from input stream
12-14 04:15:35.468 W/ErrorProcessor( 2167): onFatalError, processing error from engine(4)
12-14 04:15:35.468 W/ErrorProcessor( 2167): com.google.android.apps.gsa.shared.speech.b.g: Error reading from input stream
12-14 04:15:35.468 W/ErrorProcessor( 2167): 	at com.google.android.apps.gsa.staticplugins.recognizer.j.a.a(SourceFile:28)
12-14 04:15:35.468 W/ErrorProcessor( 2167): 	at com.google.android.apps.gsa.staticplugins.recognizer.j.b.run(SourceFile:15)
12-14 04:15:35.468 W/ErrorProcessor( 2167): 	at java.util.concurrent.Executors$RunnableAdapter.call(Executors.java:457)
12-14 04:15:35.468 W/ErrorProcessor( 2167): 	at java.util.concurrent.FutureTask.run(FutureTask.java:266)
12-14 04:15:35.468 W/ErrorProcessor( 2167): 	at com.google.android.apps.gsa.shared.util.concurrent.a.ax.run(SourceFile:14)
12-14 04:15:35.468 W/ErrorProcessor( 2167): 	at com.google.android.apps.gsa.shared.util.concurrent.a.bl.run(SourceFile:4)
12-14 04:15:35.468 W/ErrorProcessor( 2167): 	at com.google.android.apps.gsa.shared.util.concurrent.a.bl.run(SourceFile:4)
12-14 04:15:35.468 W/ErrorProcessor( 2167): 	at java.util.concurrent.ThreadPoolExecutor.runWorker(ThreadPoolExecutor.java:1162)
12-14 04:15:35.468 W/ErrorProcessor( 2167): 	at java.util.concurrent.ThreadPoolExecutor$Worker.run(ThreadPoolExecutor.java:636)
12-14 04:15:35.468 W/ErrorProcessor( 2167): 	at java.lang.Thread.run(Thread.java:764)
12-14 04:15:35.468 W/ErrorProcessor( 2167): 	at com.google.android.apps.gsa.shared.util.concurrent.a.ai.run(SourceFile:6)
12-14 04:15:35.468 W/ErrorProcessor( 2167): Caused by: com.google.android.apps.gsa.shared.exception.GsaIOException: Error code: 393238 | Buffer overflow, no available space.
12-14 04:15:35.468 W/ErrorProcessor( 2167): 	at com.google.android.apps.gsa.speech.audio.Tee.f(SourceFile:103)
12-14 04:15:35.468 W/ErrorProcessor( 2167): 	at com.google.android.apps.gsa.speech.audio.au.read(SourceFile:2)
12-14 04:15:35.468 W/ErrorProcessor( 2167): 	at java.io.InputStream.read(InputStream.java:101)
12-14 04:15:35.468 W/ErrorProcessor( 2167): 	at com.google.android.apps.gsa.speech.audio.ao.run(SourceFile:18)
12-14 04:15:35.468 W/ErrorProcessor( 2167): 	at com.google.android.apps.gsa.speech.audio.an.run(SourceFile:2)
12-14 04:15:35.468 W/ErrorProcessor( 2167): 	... 9 more
12-14 04:15:35.468 I/MicroRecognitionRunner( 2167): Stopping hotword detection.
12-14 04:15:35.469 I/AudioController( 2167): internalShutdown
12-14 04:15:35.470 I/MicroDetector( 2167): Keeping mic open: false
12-14 04:15:35.470 I/MicroDetectionWorker( 2167): #onError(false)
12-14 04:15:35.471 I/DeviceStateChecker( 2167): DeviceStateChecker cancelled
12-14 04:15:35.471 I/AudioFlinger( 1476): AudioFlinger's thread 0xac503340 tid=3841 ready to run
12-14 04:15:35.528 I/NetworkScheduler.Stats( 1936): Task com.google.android.gms/com.google.android.gms.pay.gcmtask.PayGcmTaskService started execution. cause:5 exec_start_elapsed_seconds: 51 [CONTEXT service_id=218 ]
12-14 04:15:35.583 I/NetworkScheduler.Stats( 1936): Task com.google.android.gms/com.google.android.gms.pay.gcmtask.PayGcmTaskService started execution. cause:5 exec_start_elapsed_seconds: 51 [CONTEXT service_id=218 ]
12-14 04:15:35.599 I/NetworkScheduler.Stats( 1936): Task com.google.android.gms/com.google.android.gms.pay.gcmtask.PayGcmTaskService finished executing. cause:5 result: 1 elapsed_millis: 122 uptime_millis: 122 exec_start_elapsed_seconds: 51 [CONTEXT service_id=218 ]
12-14 04:15:35.602 I/NetworkScheduler.Stats( 1936): Task com.google.android.gms/com.google.android.gms.pay.gcmtask.PayGcmTaskService finished executing. cause:5 result: 1 elapsed_millis: 44 uptime_millis: 44 exec_start_elapsed_seconds: 51 [CONTEXT service_id=218 ]
12-14 04:15:35.611 W/Binder:3584_3( 3584): type=1400 audit(0.0:20): avc: denied { read } for name="modules" dev="proc" ino=4026532034 scontext=u:r:priv_app:s0:c512,c768 tcontext=u:object_r:proc_modules:s0 tclass=file permissive=0
12-14 04:15:35.694 W/SystemServiceRegistry( 3584): No service published for: persistent_data_block
12-14 04:15:35.703 I/NetworkScheduler.Stats( 1936): Task com.google.android.gms/com.google.android.gms.tapandpay.gcmtask.TapAndPayGcmTaskService started execution. cause:5 exec_start_elapsed_seconds: 51 [CONTEXT service_id=218 ]
12-14 04:15:35.758 I/NetworkScheduler.Stats( 1936): Task com.google.android.gms/com.google.android.gms.tapandpay.gcmtask.TapAndPayGcmTaskService started execution. cause:5 exec_start_elapsed_seconds: 51 [CONTEXT service_id=218 ]
12-14 04:15:35.776 I/NetworkScheduler.Stats( 1936): Task com.google.android.gms/com.google.android.gms.tapandpay.gcmtask.TapAndPayGcmTaskService finished executing. cause:5 result: 1 elapsed_millis: 115 uptime_millis: 115 exec_start_elapsed_seconds: 51 [CONTEXT service_id=218 ]
12-14 04:15:35.778 I/NetworkScheduler.Stats( 1936): Task com.google.android.gms/com.google.android.gms.tapandpay.gcmtask.TapAndPayGcmTaskService finished executing. cause:5 result: 1 elapsed_millis: 49 uptime_millis: 49 exec_start_elapsed_seconds: 51 [CONTEXT service_id=218 ]
12-14 04:15:35.797 W/Conscrypt( 2221): Could not set socket write timeout: java.net.SocketException: Socket closed
12-14 04:15:35.799 W/Conscrypt( 2221): 	at com.google.android.gms.org.conscrypt.Platform.setSocketWriteTimeout(:com.google.android.gms@204713022@20.47.13 (040700-344095733):2)
12-14 04:15:35.799 W/Conscrypt( 2221): 	at com.google.android.gms.org.conscrypt.ConscryptFileDescriptorSocket.setSoWriteTimeout(:com.google.android.gms@204713022@20.47.13 (040700-344095733):0)
12-14 04:15:35.857 I/NetworkScheduler.Stats( 1936): Task com.google.android.gms/com.google.android.gms.tapandpay.gcmtask.TapAndPayGcmTaskService started execution. cause:5 exec_start_elapsed_seconds: 51 [CONTEXT service_id=218 ]
12-14 04:15:35.859 I/NetworkScheduler.Stats( 1936): Task com.google.android.gms/com.google.android.gms.tapandpay.gcmtask.TapAndPayGcmTaskService finished executing. cause:5 result: 1 elapsed_millis: 42 uptime_millis: 42 exec_start_elapsed_seconds: 51 [CONTEXT service_id=218 ]
12-14 04:15:35.904 W/Conscrypt( 2221): Could not set socket write timeout: java.net.SocketException: Socket closed
12-14 04:15:35.904 W/Conscrypt( 2221): 	at com.google.android.gms.org.conscrypt.Platform.setSocketWriteTimeout(:com.google.android.gms@204713022@20.47.13 (040700-344095733):2)
12-14 04:15:35.904 W/Conscrypt( 2221): 	at com.google.android.gms.org.conscrypt.ConscryptFileDescriptorSocket.setSoWriteTimeout(:com.google.android.gms@204713022@20.47.13 (040700-344095733):0)
12-14 04:15:35.937 I/NetworkScheduler.Stats( 1936): Task com.google.android.gms/com.google.android.gms.udc.service.UdcContextInitService started execution. cause:5 exec_start_elapsed_seconds: 51 [CONTEXT service_id=218 ]
12-14 04:15:35.964 I/PlayMovies( 3791): RefreshLicenseTaskService.onRunTask:96 On run task refresh_license_forced
12-14 04:15:35.964 I/PlayMovies( 3791): 
12-14 04:15:35.965 I/NetworkScheduler.Stats( 1936): Task com.google.android.videos/ started execution. cause:5 exec_start_elapsed_seconds: 51 [CONTEXT service_id=218 ]
12-14 04:15:35.976 I/NetworkScheduler.Stats( 1936): Task com.google.android.videos/ finished executing. cause:5 result: 1 elapsed_millis: 16 uptime_millis: 16 exec_start_elapsed_seconds: 51 [CONTEXT service_id=218 ]
12-14 04:15:36.013 D/BoundBrokerSvc( 2221): onUnbind: Intent { act=com.google.android.gms.feedback.internal.IFeedbackService cmp=com.google.android.gms/.chimera.GmsBoundBrokerService }
12-14 04:15:36.037 I/NetworkScheduler.Stats( 1936): Task com.google.android.gms/com.google.android.gms.udc.service.UdcContextInitService finished executing. cause:5 result: 1 elapsed_millis: 140 uptime_millis: 140 exec_start_elapsed_seconds: 51 [CONTEXT service_id=218 ]
12-14 04:15:36.189 V/LifecycleAwareServiceBi( 2551): notify unbound
12-14 04:15:36.189 V/LifecycleAwareServiceBi( 2551): com.google.common.flogger.LogSiteStackTrace: MEDIUM
12-14 04:15:36.189 V/LifecycleAwareServiceBi( 2551): 	at com.google.frameworks.client.data.android.binder.LifecycleAwareServiceBinding.h(PG:1)
12-14 04:15:36.189 V/LifecycleAwareServiceBi( 2551): 	at axqg.run(Unknown Source:4)
12-14 04:15:36.189 V/LifecycleAwareServiceBi( 2551): 	at android.os.Handler.handleCallback(Handler.java:789)
12-14 04:15:36.189 V/LifecycleAwareServiceBi( 2551): 	at android.os.Handler.dispatchMessage(Handler.java:98)
12-14 04:15:36.189 V/LifecycleAwareServiceBi( 2551): 	at android.os.Looper.loop(Looper.java:164)
12-14 04:15:36.189 V/LifecycleAwareServiceBi( 2551): 	at android.app.ActivityThread.main(ActivityThread.java:6541)
12-14 04:15:36.189 V/LifecycleAwareServiceBi( 2551): 	at java.lang.reflect.Method.invoke(Native Method)
12-14 04:15:36.189 V/LifecycleAwareServiceBi( 2551): 	at com.android.internal.os.Zygote$MethodAndArgsCaller.run(Zygote.java:240)
12-14 04:15:36.189 V/LifecycleAwareServiceBi( 2551): 	at com.android.internal.os.ZygoteInit.main(ZygoteInit.java:767)
12-14 04:15:36.189 V/LifecycleAwareServiceBi( 2551): notify unbound - notifying
12-14 04:15:36.194 I/Finsky:download_service( 2683): [2] sxn.onDestroy(8): IPC-SERVER: Stopping gRPC host service...
12-14 04:15:37.060 I/Checkin ( 2221): [CheckinRequestProcessor] Default Task : Checkin Succeeded: https://android.googleapis.com/checkin (fragment #1).
12-14 04:15:37.093 W/BroadcastQueue( 1627): Permission Denial: broadcasting Intent { act=com.google.android.checkin.CHECKIN_COMPLETE flg=0x1000010 (has extras) } from com.google.android.gms (pid=2221, uid=10011) is not exported from uid 10023 due to receiver com.android.vending/com.google.android.finsky.checkin.CheckinReceiver
12-14 04:15:37.131 I/Checkin ( 2221): [CheckinOperation] Checkin Operation finished with result: 0 finish time: 53089.
12-14 04:15:37.201 D/BoundBrokerSvc( 1936): onUnbind: Intent { act=com.google.android.gms.icing.LIGHTWEIGHT_INDEX_SERVICE cmp=com.google.android.gms/.chimera.PersistentApiService }
12-14 04:15:37.356 D/AndroidRuntime( 3850): >>>>>> START com.android.internal.os.RuntimeInit uid 2000 <<<<<<
12-14 04:15:37.401 W/app_process( 3850): Unexpected CPU variant for X86 using defaults: x86
12-14 04:15:37.417 D/AndroidRuntime( 3850): Calling main entry com.android.commands.am.Am
12-14 04:15:37.421 I/ActivityManager( 1627): Force stopping com.evancharlton.mileage appid=10460 user=0: start instr
12-14 04:15:37.421 I/ActivityManager( 1627): Killing 3693:com.evancharlton.mileage/u0a460 (adj 0): stop com.evancharlton.mileage
12-14 04:15:37.422 W/ActivityManager( 1627): Crash of app com.evancharlton.mileage running instrumentation ComponentInfo{com.evancharlton.mileage.test/sh.calaba.instrumentationbackend.ClearAppData2}
12-14 04:15:37.422 I/ActivityManager( 1627): Force stopping com.evancharlton.mileage appid=10460 user=0: finished inst
12-14 04:15:37.431 I/zygote  ( 3860): Not late-enabling -Xcheck:jni (already on)
12-14 04:15:37.439 I/ActivityManager( 1627): Start proc 3860:com.evancharlton.mileage/u0a460 for added application com.evancharlton.mileage
12-14 04:15:37.440 D/AndroidRuntime( 3850): Shutting down VM
12-14 04:15:37.440 W/zygote  ( 3860): Unexpected CPU variant for X86 using defaults: x86
12-14 04:15:37.464 W/zygote  ( 3860): Found duplicate classes, falling back to extracting from APK : /data/app/com.evancharlton.mileage.test-9btm0OsEfFFtC89lrAqs-g==/base.apk
12-14 04:15:37.464 W/zygote  ( 3860): NOTE: This wastes RAM and hurts startup performance.
12-14 04:15:37.464 W/zygote  ( 3860): Found duplicated class when checking oat files: 'Ljunit/runner/BaseTestRunner;' in /data/app/com.evancharlton.mileage.test-9btm0OsEfFFtC89lrAqs-g==/base.apk and /system/framework/android.test.runner.jar
12-14 04:15:37.464 W/zygote  ( 3860): 
12-14 04:15:37.465 E/adbd    ( 1383): failed to connect to socket 'tcp:7102': Connection refused
12-14 04:15:37.467 E/adbd    ( 1383): failed to connect to socket 'tcp:7102': Connection refused
12-14 04:15:37.494 W/System  ( 3860): ClassLoader referenced unknown path: 
12-14 04:15:37.500 I/ActivityManager( 1627): Killing 3287:com.google.android.apps.maps/u0a59 (adj 906): empty #17
12-14 04:15:37.514 I/System.out( 3860): Main activity name automatically set to: com.evancharlton.mileage.Mileage
12-14 04:15:37.515 I/System.out( 3860): Calabash did not load Mono. This is only a problem if you are trying to test a Mono application
12-14 04:15:37.515 I/calabash( 3860): Test server port: 7102
12-14 04:15:37.517 I/InstrumentationBackend( 3860): Added:'GetPreferences', with key:'get_preferences'
12-14 04:15:37.545 D/BoundBrokerSvc( 1936): onUnbind: Intent { act=com.google.android.gms.phenotype.service.START pkg=com.google.android.gms }
12-14 04:15:37.545 D/BoundBrokerSvc( 2221): onUnbind: Intent { act=com.google.android.gms.people.service.START pkg=com.google.android.gms }
12-14 04:15:37.582 I/InstrumentationBackend( 3860): Added:'SetPreferences', with key:'set_preferences'
12-14 04:15:37.583 I/InstrumentationBackend( 3860): Added:'ClearPreferences', with key:'clear_preferences'
12-14 04:15:37.583 I/InstrumentationBackend( 3860): Added:'PressElement', with key:'press_l10n_element'
12-14 04:15:37.584 I/InstrumentationBackend( 3860): Added:'WaitForElement', with key:'wait_for_l10n_element'
12-14 04:15:37.585 I/InstrumentationBackend( 3860): Added:'NullAction', with key:'nullAction'
12-14 04:15:37.585 I/InstrumentationBackend( 3860): Added:'PressKey', with key:'press_key'
12-14 04:15:37.586 I/InstrumentationBackend( 3860): Added:'SetActivityOrientation', with key:'set_activity_orientation'
12-14 04:15:37.586 I/InstrumentationBackend( 3860): Added:'GetActivityOrientation', with key:'get_activity_orientation'
12-14 04:15:37.586 I/InstrumentationBackend( 3860): Added:'FakeGPSLocation', with key:'set_gps_coordinates'
12-14 04:15:37.586 I/InstrumentationBackend( 3860): Added:'SetPropertyByCssSelector', with key:'set_property_by_css_selector'
12-14 04:15:37.588 E/adbd    ( 1383): failed to connect to socket 'tcp:7102': Connection refused
12-14 04:15:37.589 I/InstrumentationBackend( 3860): Added:'GetUrl', with key:'get_url'
12-14 04:15:37.592 I/InstrumentationBackend( 3860): Added:'ScrollTo', with key:'scroll_to'
12-14 04:15:37.592 I/InstrumentationBackend( 3860): Added:'GetLoadProgress', with key:'get_load_progress'
12-14 04:15:37.593 E/adbd    ( 1383): failed to connect to socket 'tcp:7102': Connection refused
12-14 04:15:37.594 I/InstrumentationBackend( 3860): Added:'DumpHtml', with key:'dump_html'
12-14 04:15:37.594 I/InstrumentationBackend( 3860): Added:'DumpBodyHtml', with key:'dump_body_html'
12-14 04:15:37.594 I/InstrumentationBackend( 3860): Added:'EnterTextByCssSelector', with key:'enter_text_by_selector'
12-14 04:15:37.598 I/InstrumentationBackend( 3860): Added:'AndroidSDKVersion', with key:'android_sdk_version'
12-14 04:15:37.599 I/InstrumentationBackend( 3860): Added:'Version', with key:'version'
12-14 04:15:37.599 I/InstrumentationBackend( 3860): Added:'Drag', with key:'drag'
12-14 04:15:37.599 I/InstrumentationBackend( 3860): Added:'TouchCoordinates', with key:'touch_coordinate'
12-14 04:15:37.599 I/InstrumentationBackend( 3860): Added:'LongPressCoordinate', with key:'long_press_coordinate'
12-14 04:15:37.599 I/InstrumentationBackend( 3860): Added:'DragCoordinates', with key:'drag_coordinates'
12-14 04:15:37.600 I/InstrumentationBackend( 3860): Added:'ResumeApplication', with key:'resume_application'
12-14 04:15:37.600 I/InstrumentationBackend( 3860): Added:'Swipe', with key:'swipe'
12-14 04:15:37.600 I/InstrumentationBackend( 3860): Added:'DoubleTapCoordinate', with key:'double_tap_coordinate'
12-14 04:15:37.600 I/InstrumentationBackend( 3860): Added:'ClickOnScreen', with key:'click_on_screen'
12-14 04:15:37.601 I/InstrumentationBackend( 3860): Added:'GetActivityName', with key:'get_activity_name'
12-14 04:15:37.601 I/InstrumentationBackend( 3860): Added:'ScrollToView', with key:'scroll_to_view'
12-14 04:15:37.602 I/InstrumentationBackend( 3860): Added:'ViewConfiguration', with key:'view_configuration'
12-14 04:15:37.602 I/InstrumentationBackend( 3860): Added:'IsCurrentActivityFocused', with key:'is_current_activity_focused'
12-14 04:15:37.603 I/InstrumentationBackend( 3860): Added:'SendTcp', with key:'send_tcp'
12-14 04:15:37.603 I/InstrumentationBackend( 3860): Added:'DpToDevicePixel', with key:'dp_to_device_pixel'
12-14 04:15:37.604 I/InstrumentationBackend( 3860): Added:'KeyboardEnterText', with key:'keyboard_enter_text'
12-14 04:15:37.604 I/InstrumentationBackend( 3860): Added:'DeleteSurroundingText', with key:'delete_surrounding_text'
12-14 04:15:37.605 I/InstrumentationBackend( 3860): Added:'SetComposingRegion', with key:'set_composing_region'
12-14 04:15:37.606 I/InstrumentationBackend( 3860): Added:'SetSelection', with key:'set_selection'
12-14 04:15:37.606 I/InstrumentationBackend( 3860): Added:'KeyboardKeyEvent', with key:'keyboard_key_event'
12-14 04:15:37.607 I/InstrumentationBackend( 3860): Added:'PressUserActionButton', with key:'press_user_action_button'
12-14 04:15:37.608 I/InstrumentationBackend( 3860): Added:'HideSoftKeyboard', with key:'hide_soft_keyboard'
12-14 04:15:37.609 I/InstrumentationBackend( 3860): Added:'ListActions', with key:'list_actions'
12-14 04:15:37.609 I/calabash( 3860): Instantiating http server at 7102
12-14 04:15:37.610 I/System.out( 3860): HTTP Daemon listening on: 7102
12-14 04:15:37.700 I/System.out( 3860): URI: //ping
12-14 04:15:37.700 I/System.out( 3860): params: {json={}
12-14 04:15:37.701 I/System.out( 3860): }
12-14 04:15:37.710 I/System.out( 3860): URI: //ping
12-14 04:15:37.710 I/System.out( 3860): params: {json={}
12-14 04:15:37.710 I/System.out( 3860): }
12-14 04:15:37.718 I/System.out( 3860): URI: //ready
12-14 04:15:37.718 I/System.out( 3860): params: {json={}
12-14 04:15:37.718 I/System.out( 3860): }
12-14 04:15:37.724 I/System.out( 3860): URI: //
12-14 04:15:37.724 I/System.out( 3860): params: {json={"command":"version","arguments":[]}
12-14 04:15:37.724 I/System.out( 3860): }
12-14 04:15:37.724 I/System.out( 3860): header: {content-type=application/json;charset=utf-8, date=Mon, 14 Dec 2020 09:15:38 GMT, accept=*/*, host=127.0.0.1:34777, content-length=36, user-agent=HTTPClient/1.0 (2.8.3, ruby 2.5.8 (2020-03-31))}
12-14 04:15:37.724 I/System.out( 3860): params: {json={"command":"version","arguments":[]}
12-14 04:15:37.724 I/System.out( 3860): }
12-14 04:15:37.724 I/System.out( 3860): ProP json = {"command":"version","arguments":[]}
12-14 04:15:37.724 I/System.out( 3860): files: {}
12-14 04:15:37.724 I/System.out( 3860): command: {"command":"version","arguments":[]}
12-14 04:15:37.751 I/InstrumentationBackend( 3860): Got command:'Command:'Line:null,version', arguments:'[]'
12-14 04:15:37.782 I/zygote  ( 1936): Deoptimizing bsbk brqx.C() due to JIT inline cache
12-14 04:15:37.783 I/zygote  ( 1936): Deoptimizing bsbk brqx.D(int) due to JIT inline cache
12-14 04:15:37.785 W/ResourceType( 1627): ResTable_typeSpec entry count inconsistent: given 67, previously 69
12-14 04:15:37.785 W/ResourceType( 1627): ResTable_typeSpec entry count inconsistent: given 5411, previously 5412
12-14 04:15:37.790 I/InputReader( 1627): Reconfiguring input devices.  changes=0x00000010
12-14 04:15:37.798 I/System.out( 3860): result:{"bonusInformation":[],"message":"0.9.8","success":true}
12-14 04:15:37.799 W/ResourceType( 1627): ResTable_typeSpec entry count inconsistent: given 67, previously 69
12-14 04:15:37.799 W/ResourceType( 1627): ResTable_typeSpec entry count inconsistent: given 5411, previously 5412
12-14 04:15:37.800 W/ResourceType( 1627): ResTable_typeSpec entry count inconsistent: given 67, previously 69
12-14 04:15:37.800 W/ResourceType( 1627): ResTable_typeSpec entry count inconsistent: given 5411, previously 5412
12-14 04:15:37.805 I/Telecom ( 1627): DefaultDialerCache: Refreshing default dialer for user 0: now com.google.android.dialer: DDC.oR@AE0
12-14 04:15:37.824 I/System.out( 3860): URI: //start-application
12-14 04:15:37.824 I/System.out( 3860): params: {json={"intent":null}
12-14 04:15:37.824 I/System.out( 3860): }
12-14 04:15:37.865 D/CarrierSvcBindHelper( 1809): No carrier app for: 0
12-14 04:15:37.865 D/ImsResolver( 1809): maybeAddedImsService, packageName: com.google.android.gms
12-14 04:15:37.871 I/Fitness ( 1936): OnPackageChangedOperation got intent: Intent { act=android.intent.action.PACKAGE_CHANGED dat=package:com.google.android.gms flg=0x45000010 pkg=com.google.android.gms cmp=com.google.android.gms/.chimera.PersistentIntentOperationService (has extras) } [CONTEXT service_id=17 ]
12-14 04:15:37.883 W/PeopleGalProvider( 2221): Not enabled to outside of GmsCore.
12-14 04:15:37.883 I/PeopleGalProvider( 2221): Method 0 completed.
12-14 04:15:37.884 I/ContactDirectoryManager( 2427): Directory provider com.google.android.gms(com.google.android.gms.people.gal.provider) returned a NULL cursor.
12-14 04:15:37.910 I/Icing   ( 2221): updateResources: need to parse adiq{com.google.android.gms}
12-14 04:15:37.949 I/ProvidersCache( 3363): Provider returned no roots. Possibly naughty: com.google.android.apps.docs.storage
12-14 04:15:37.952 I/Fitness ( 1936): FitCleanupIntentOperation received Intent android.intent.action.PACKAGE_CHANGED [CONTEXT service_id=17 ]
12-14 04:15:37.957 W/Binder  ( 1627): Outgoing transactions from this process must be FLAG_ONEWAY
12-14 04:15:37.957 W/Binder  ( 1627): java.lang.Throwable
12-14 04:15:37.957 W/Binder  ( 1627): 	at android.os.BinderProxy.transact(Binder.java:736)
12-14 04:15:37.957 W/Binder  ( 1627): 	at com.android.internal.location.ILocationProvider$Stub$Proxy.getProperties(ILocationProvider.java:232)
12-14 04:15:37.957 W/Binder  ( 1627): 	at com.android.server.location.LocationProviderProxy$1.run(LocationProviderProxy.java:119)
12-14 04:15:37.957 W/Binder  ( 1627): 	at android.os.Handler.handleCallback(Handler.java:789)
12-14 04:15:37.957 W/Binder  ( 1627): 	at android.os.Handler.dispatchMessage(Handler.java:98)
12-14 04:15:37.957 W/Binder  ( 1627): 	at android.os.Looper.loop(Looper.java:164)
12-14 04:15:37.957 W/Binder  ( 1627): 	at android.os.HandlerThread.run(HandlerThread.java:65)
12-14 04:15:37.960 W/Binder  ( 1627): Outgoing transactions from this process must be FLAG_ONEWAY
12-14 04:15:37.960 W/Binder  ( 1627): java.lang.Throwable
12-14 04:15:37.960 W/Binder  ( 1627): 	at android.os.BinderProxy.transact(Binder.java:736)
12-14 04:15:37.960 W/Binder  ( 1627): 	at com.android.internal.location.ILocationProvider$Stub$Proxy.getProperties(ILocationProvider.java:232)
12-14 04:15:37.960 W/Binder  ( 1627): 	at com.android.server.location.LocationProviderProxy$1.run(LocationProviderProxy.java:119)
12-14 04:15:37.960 W/Binder  ( 1627): 	at android.os.Handler.handleCallback(Handler.java:789)
12-14 04:15:37.960 W/Binder  ( 1627): 	at android.os.Handler.dispatchMessage(Handler.java:98)
12-14 04:15:37.960 W/Binder  ( 1627): 	at android.os.Looper.loop(Looper.java:164)
12-14 04:15:37.960 W/Binder  ( 1627): 	at android.os.HandlerThread.run(HandlerThread.java:65)
12-14 04:15:37.967 I/Icing   ( 2221): IndexChimeraService.getServiceInterface callingPackage=com.google.android.gms componentName=AppsCorpus serviceId=36
12-14 04:15:37.983 I/ActivityManager( 1627): START u0 {act=android.intent.action.MAIN cat=[android.intent.category.LAUNCHER] flg=0x10200000 cmp=com.evancharlton.mileage/.Mileage} from uid 10460
12-14 04:15:38.006 I/calabash( 3860): newActivity1
12-14 04:15:38.018 D/gralloc_ranchu( 1396): gralloc_alloc: Creating ashmem region of size 7753728
12-14 04:15:38.028 D/        ( 1414): HostConnection::get() New Host Connection established 0xa885ee40, tid 1980
12-14 04:15:38.044 W/Icing   ( 2221): No valid account for uploading user actions
12-14 04:15:38.062 W/ActivityManager( 1627): Bad activity token: android.os.BinderProxy@33dfa28
12-14 04:15:38.062 W/ActivityManager( 1627): java.lang.ClassCastException: android.os.BinderProxy cannot be cast to com.android.server.am.ActivityRecord$Token
12-14 04:15:38.062 W/ActivityManager( 1627): 	at com.android.server.am.ActivityRecord.forTokenLocked(ActivityRecord.java:778)
12-14 04:15:38.062 W/ActivityManager( 1627): 	at com.android.server.am.ActivityRecord.isInStackLocked(ActivityRecord.java:2085)
12-14 04:15:38.062 W/ActivityManager( 1627): 	at com.android.server.am.ActivityRecord.getStackLocked(ActivityRecord.java:2090)
12-14 04:15:38.062 W/ActivityManager( 1627): 	at com.android.server.am.ActivityManagerService.getActivityDisplayId(ActivityManagerService.java:10406)
12-14 04:15:38.062 W/ActivityManager( 1627): 	at android.app.IActivityManager$Stub.onTransact(IActivityManager.java:2738)
12-14 04:15:38.062 W/ActivityManager( 1627): 	at com.android.server.am.ActivityManagerService.onTransact(ActivityManagerService.java:2935)
12-14 04:15:38.062 W/ActivityManager( 1627): 	at android.os.Binder.execTransact(Binder.java:674)
12-14 04:15:38.063 I/calabash( 3860): newActivity1
12-14 04:15:38.069 W/ActivityManager( 1627): Bad activity token: android.os.BinderProxy@33dfa28
12-14 04:15:38.069 W/ActivityManager( 1627): java.lang.ClassCastException: android.os.BinderProxy cannot be cast to com.android.server.am.ActivityRecord$Token
12-14 04:15:38.069 W/ActivityManager( 1627): 	at com.android.server.am.ActivityRecord.forTokenLocked(ActivityRecord.java:778)
12-14 04:15:38.069 W/ActivityManager( 1627): 	at com.android.server.am.ActivityRecord.isInStackLocked(ActivityRecord.java:2085)
12-14 04:15:38.069 W/ActivityManager( 1627): 	at com.android.server.am.ActivityManagerService.setTaskDescription(ActivityManagerService.java:9988)
12-14 04:15:38.069 W/ActivityManager( 1627): 	at android.app.IActivityManager$Stub.onTransact(IActivityManager.java:2824)
12-14 04:15:38.069 W/ActivityManager( 1627): 	at com.android.server.am.ActivityManagerService.onTransact(ActivityManagerService.java:2935)
12-14 04:15:38.069 W/ActivityManager( 1627): 	at android.os.Binder.execTransact(Binder.java:674)
12-14 04:15:38.071 V/StatusBar( 1732): setLightsOn(true)
12-14 04:15:38.072 W/ActivityManager( 1627): Bad activity token: android.os.BinderProxy@33dfa28
12-14 04:15:38.072 W/ActivityManager( 1627): java.lang.ClassCastException: android.os.BinderProxy cannot be cast to com.android.server.am.ActivityRecord$Token
12-14 04:15:38.072 W/ActivityManager( 1627): 	at com.android.server.am.ActivityRecord.forTokenLocked(ActivityRecord.java:778)
12-14 04:15:38.072 W/ActivityManager( 1627): 	at com.android.server.am.ActivityRecord.isInStackLocked(ActivityRecord.java:2085)
12-14 04:15:38.072 W/ActivityManager( 1627): 	at com.android.server.am.ActivityRecord.getStackLocked(ActivityRecord.java:2090)
12-14 04:15:38.072 W/ActivityManager( 1627): 	at com.android.server.am.ActivityManagerService.getActivityStackId(ActivityManagerService.java:10417)
12-14 04:15:38.072 W/ActivityManager( 1627): 	at android.app.IActivityManager$Stub.onTransact(IActivityManager.java:3548)
12-14 04:15:38.072 W/ActivityManager( 1627): 	at com.android.server.am.ActivityManagerService.onTransact(ActivityManagerService.java:2935)
12-14 04:15:38.072 W/ActivityManager( 1627): 	at android.os.Binder.execTransact(Binder.java:674)
12-14 04:15:38.082 D/EGL_emulation( 2167): eglMakeCurrent: 0xa40c7f80: ver 3 0 (tinfo 0xa427f910)
12-14 04:15:38.083 D/EGL_emulation( 2144): eglMakeCurrent: 0xa6805420: ver 3 0 (tinfo 0xa6803310)
12-14 04:15:38.098 D/EGL_emulation( 1732): eglMakeCurrent: 0x92ed6280: ver 3 0 (tinfo 0x92e96ce0)
12-14 04:15:38.109 D/EGL_emulation( 1732): eglMakeCurrent: 0x92ed6280: ver 3 0 (tinfo 0x92e96ce0)
12-14 04:15:38.110 W/asset   ( 1732): Asset path /data/app/com.evancharlton.mileage-M2oAqY-9-MBLWW7DjkHcqA==/base.apk is neither a directory nor file (type=1).
12-14 04:15:38.117 E/ResourcesManager( 1732): failed to add asset path /data/app/com.evancharlton.mileage-M2oAqY-9-MBLWW7DjkHcqA==/base.apk
12-14 04:15:38.117 W/PackageManager( 1732): Failure retrieving resources for com.evancharlton.mileage
12-14 04:15:38.117 W/asset   ( 1732): Asset path /data/app/com.evancharlton.mileage-M2oAqY-9-MBLWW7DjkHcqA==/base.apk is neither a directory nor file (type=1).
12-14 04:15:38.117 E/ResourcesManager( 1732): failed to add asset path /data/app/com.evancharlton.mileage-M2oAqY-9-MBLWW7DjkHcqA==/base.apk
12-14 04:15:38.117 W/PackageManager( 1732): Failure retrieving resources for com.evancharlton.mileage
12-14 04:15:38.123 W/asset   ( 1732): Asset path /data/app/com.evancharlton.mileage-M2oAqY-9-MBLWW7DjkHcqA==/base.apk is neither a directory nor file (type=1).
12-14 04:15:38.123 E/ResourcesManager( 1732): failed to add asset path /data/app/com.evancharlton.mileage-M2oAqY-9-MBLWW7DjkHcqA==/base.apk
12-14 04:15:38.123 W/PackageManager( 1732): Failure retrieving resources for com.evancharlton.mileage
12-14 04:15:38.125 D/EGL_emulation( 1732): eglMakeCurrent: 0x92ed6280: ver 3 0 (tinfo 0x92e96ce0)
12-14 04:15:38.134 D/EGL_emulation( 1732): eglMakeCurrent: 0x92ed6280: ver 3 0 (tinfo 0x92e96ce0)
12-14 04:15:38.149 I/Icing   ( 2221): IndexChimeraService.getServiceInterface callingPackage=com.google.android.gms componentName=null serviceId=30
12-14 04:15:38.164 E/ContentStoreEUAS( 2167): Failed to commit the deferred actions
