12-14 01:44:59.223 D/gralloc_ranchu( 1396): gralloc_alloc: Creating ashmem region of size 8298496
12-14 01:44:59.223 E/OpenGLRenderer( 1627): GL error:  GL_INVALID_OPERATION
12-14 01:44:59.234 I/chatty  ( 1627): uid=1000(system) RenderThread identical 16 lines
12-14 01:44:59.235 E/OpenGLRenderer( 1627): GL error:  GL_INVALID_OPERATION
12-14 01:44:59.237 D/        ( 4607): HostConnection::get() New Host Connection established 0xad3af800, tid 4607
12-14 01:44:59.237 E/OpenGLRenderer( 1627): GL error:  GL_INVALID_OPERATION
12-14 01:44:59.362 I/chatty  ( 1627): uid=1000(system) RenderThread identical 187 lines
12-14 01:44:59.363 E/OpenGLRenderer( 1627): GL error:  GL_INVALID_OPERATION
12-14 01:44:59.363 D/Mileage.ABS( 4550): Not backing up; 295
12-14 01:44:59.363 E/OpenGLRenderer( 1627): GL error:  GL_INVALID_OPERATION
12-14 01:44:59.364 I/chatty  ( 1627): uid=1000(system) RenderThread identical 3 lines
12-14 01:44:59.364 E/OpenGLRenderer( 1627): GL error:  GL_INVALID_OPERATION
12-14 01:44:59.364 D/Mileage.ABS( 4550): Not backing up; 296
12-14 01:44:59.365 E/OpenGLRenderer( 1627): GL error:  GL_INVALID_OPERATION
12-14 01:44:59.368 I/chatty  ( 1627): uid=1000(system) RenderThread identical 5 lines
12-14 01:44:59.369 E/OpenGLRenderer( 1627): GL error:  GL_INVALID_OPERATION
12-14 01:44:59.371 D/Mileage.ABS( 4550): Not backing up; 302
12-14 01:44:59.372 E/OpenGLRenderer( 1627): GL error:  GL_INVALID_OPERATION
12-14 01:44:59.379 I/chatty  ( 1627): uid=1000(system) RenderThread identical 12 lines
12-14 01:44:59.379 E/OpenGLRenderer( 1627): GL error:  GL_INVALID_OPERATION
12-14 01:44:59.379 D/Mileage.ABS( 4550): Not backing up; 311
12-14 01:44:59.379 E/OpenGLRenderer( 1627): GL error:  GL_INVALID_OPERATION
12-14 01:44:59.380 I/chatty  ( 1627): uid=1000(system) RenderThread identical 1 line
12-14 01:44:59.380 E/OpenGLRenderer( 1627): GL error:  GL_INVALID_OPERATION
12-14 01:44:59.380 D/Mileage.ABS( 4550): Not backing up; 312
12-14 01:44:59.380 E/OpenGLRenderer( 1627): GL error:  GL_INVALID_OPERATION
12-14 01:44:59.387 I/chatty  ( 1627): uid=1000(system) RenderThread identical 17 lines
12-14 01:44:59.388 E/OpenGLRenderer( 1627): GL error:  GL_INVALID_OPERATION
12-14 01:44:59.388 D/Mileage.ABS( 4550): Not backing up; 319
12-14 01:44:59.388 E/OpenGLRenderer( 1627): GL error:  GL_INVALID_OPERATION
12-14 01:44:59.394 I/chatty  ( 1627): uid=1000(system) RenderThread identical 11 lines
12-14 01:44:59.395 E/OpenGLRenderer( 1627): GL error:  GL_INVALID_OPERATION
12-14 01:44:59.395 D/Mileage.ABS( 4550): Not backing up; 324
12-14 01:44:59.396 E/OpenGLRenderer( 1627): GL error:  GL_INVALID_OPERATION
12-14 01:44:59.397 D/Mileage.ABS( 4550): Not backing up; 328
12-14 01:44:59.397 E/OpenGLRenderer( 1627): GL error:  GL_INVALID_OPERATION
12-14 01:44:59.402 I/chatty  ( 1627): uid=1000(system) RenderThread identical 10 lines
12-14 01:44:59.403 E/OpenGLRenderer( 1627): GL error:  GL_INVALID_OPERATION
12-14 01:44:59.403 D/Mileage.ABS( 4550): Not backing up; 335
12-14 01:44:59.403 E/OpenGLRenderer( 1627): GL error:  GL_INVALID_OPERATION
12-14 01:44:59.409 I/chatty  ( 1627): uid=1000(system) RenderThread identical 11 lines
12-14 01:44:59.409 E/OpenGLRenderer( 1627): GL error:  GL_INVALID_OPERATION
12-14 01:44:59.409 D/Mileage.ABS( 4550): Not backing up; 341
12-14 01:44:59.410 E/OpenGLRenderer( 1627): GL error:  GL_INVALID_OPERATION
12-14 01:44:59.410 E/OpenGLRenderer( 1627): GL error:  GL_INVALID_OPERATION
12-14 01:44:59.410 D/Mileage.ABS( 4550): Not backing up; 342
12-14 01:44:59.412 E/OpenGLRenderer( 1627): GL error:  GL_INVALID_OPERATION
12-14 01:44:59.413 I/chatty  ( 1627): uid=1000(system) RenderThread identical 2 lines
12-14 01:44:59.413 E/OpenGLRenderer( 1627): GL error:  GL_INVALID_OPERATION
12-14 01:44:59.413 D/Mileage.ABS( 4550): Not backing up; 345
12-14 01:44:59.414 E/OpenGLRenderer( 1627): GL error:  GL_INVALID_OPERATION
12-14 01:44:59.415 I/chatty  ( 1627): uid=1000(system) RenderThread identical 3 lines
12-14 01:44:59.416 E/OpenGLRenderer( 1627): GL error:  GL_INVALID_OPERATION
12-14 01:44:59.416 D/Mileage.ABS( 4550): Not backing up; 348
12-14 01:44:59.417 E/OpenGLRenderer( 1627): GL error:  GL_INVALID_OPERATION
12-14 01:44:59.421 I/chatty  ( 1627): uid=1000(system) RenderThread identical 6 lines
12-14 01:44:59.421 E/OpenGLRenderer( 1627): GL error:  GL_INVALID_OPERATION
12-14 01:44:59.421 D/Mileage.ABS( 4550): Not backing up; 353
12-14 01:44:59.422 E/OpenGLRenderer( 1627): GL error:  GL_INVALID_OPERATION
12-14 01:44:59.434 I/chatty  ( 1627): uid=1000(system) RenderThread identical 23 lines
12-14 01:44:59.434 E/OpenGLRenderer( 1627): GL error:  GL_INVALID_OPERATION
12-14 01:44:59.435 D/Mileage.ABS( 4550): Not backing up; 366
12-14 01:44:59.435 E/OpenGLRenderer( 1627): GL error:  GL_INVALID_OPERATION
12-14 01:44:59.449 I/chatty  ( 1627): uid=1000(system) RenderThread identical 16 lines
12-14 01:44:59.449 E/OpenGLRenderer( 1627): GL error:  GL_INVALID_OPERATION
12-14 01:44:59.460 D/Mileage.ABS( 4550): Not backing up; 391
12-14 01:44:59.477 E/OpenGLRenderer( 1627): GL error:  GL_INVALID_OPERATION
12-14 01:44:59.481 D/Mileage.ABS( 4550): Not backing up; 413
12-14 01:44:59.482 D/Mileage.ABS( 4550): Not backing up; 414
12-14 01:44:59.484 E/OpenGLRenderer( 1627): GL error:  GL_INVALID_OPERATION
12-14 01:44:59.489 D/Mileage.ABS( 4550): Not backing up; 421
12-14 01:44:59.491 E/OpenGLRenderer( 1627): GL error:  GL_INVALID_OPERATION
12-14 01:44:59.525 I/chatty  ( 1627): uid=1000(system) RenderThread identical 17 lines
12-14 01:44:59.526 E/OpenGLRenderer( 1627): GL error:  GL_INVALID_OPERATION
12-14 01:44:59.529 D/Mileage.ABS( 4550): Not backing up; 461
12-14 01:44:59.530 E/OpenGLRenderer( 1627): GL error:  GL_INVALID_OPERATION
12-14 01:44:59.531 D/Mileage.ABS( 4550): Not backing up; 463
12-14 01:44:59.531 E/OpenGLRenderer( 1627): GL error:  GL_INVALID_OPERATION
12-14 01:44:59.532 I/chatty  ( 1627): uid=1000(system) RenderThread identical 1 line
12-14 01:44:59.534 E/OpenGLRenderer( 1627): GL error:  GL_INVALID_OPERATION
12-14 01:44:59.534 D/Mileage.ABS( 4550): Not backing up; 466
12-14 01:44:59.535 E/OpenGLRenderer( 1627): GL error:  GL_INVALID_OPERATION
12-14 01:44:59.560 I/chatty  ( 1627): uid=1000(system) RenderThread identical 11 lines
12-14 01:44:59.561 E/OpenGLRenderer( 1627): GL error:  GL_INVALID_OPERATION
12-14 01:44:59.566 D/Mileage.ABS( 4550): Not backing up; 498
12-14 01:44:59.568 E/OpenGLRenderer( 1627): GL error:  GL_INVALID_OPERATION
12-14 01:44:59.585 I/chatty  ( 1627): uid=1000(system) RenderThread identical 24 lines
12-14 01:44:59.585 E/OpenGLRenderer( 1627): GL error:  GL_INVALID_OPERATION
12-14 01:44:59.586 D/Mileage.ABS( 4550): Not backing up; 518
12-14 01:44:59.586 E/OpenGLRenderer( 1627): GL error:  GL_INVALID_OPERATION
12-14 01:44:59.600 I/chatty  ( 1627): uid=1000(system) RenderThread identical 21 lines
12-14 01:44:59.602 E/OpenGLRenderer( 1627): GL error:  GL_INVALID_OPERATION
12-14 01:44:59.603 D/Mileage.ABS( 4550): Not backing up; 534
12-14 01:44:59.604 E/OpenGLRenderer( 1627): GL error:  GL_INVALID_OPERATION
12-14 01:44:59.646 I/chatty  ( 1627): uid=1000(system) RenderThread identical 49 lines
12-14 01:44:59.648 E/OpenGLRenderer( 1627): GL error:  GL_INVALID_OPERATION
12-14 01:44:59.648 D/Mileage.ABS( 4550): Not backing up; 579
12-14 01:44:59.649 E/OpenGLRenderer( 1627): GL error:  GL_INVALID_OPERATION
12-14 01:44:59.666 I/chatty  ( 1627): uid=1000(system) RenderThread identical 14 lines
12-14 01:44:59.666 E/OpenGLRenderer( 1627): GL error:  GL_INVALID_OPERATION
12-14 01:44:59.667 D/Mileage.ABS( 4550): Not backing up; 599
12-14 01:44:59.668 E/OpenGLRenderer( 1627): GL error:  GL_INVALID_OPERATION
12-14 01:44:59.669 I/chatty  ( 1627): uid=1000(system) RenderThread identical 1 line
12-14 01:44:59.669 E/OpenGLRenderer( 1627): GL error:  GL_INVALID_OPERATION
12-14 01:44:59.670 D/Mileage.ABS( 4550): Not backing up; 600
12-14 01:44:59.670 E/OpenGLRenderer( 1627): GL error:  GL_INVALID_OPERATION
12-14 01:44:59.674 I/chatty  ( 1627): uid=1000(system) RenderThread identical 3 lines
12-14 01:44:59.674 E/OpenGLRenderer( 1627): GL error:  GL_INVALID_OPERATION
12-14 01:44:59.676 E/memtrack( 1627): Couldn't load memtrack module
12-14 01:44:59.676 W/android.os.Debug( 1627): failed to get memory consumption info: -1
12-14 01:44:59.677 E/OpenGLRenderer( 1627): GL error:  GL_INVALID_OPERATION
12-14 01:44:59.685 I/chatty  ( 1627): uid=1000(system) RenderThread identical 11 lines
12-14 01:44:59.685 E/OpenGLRenderer( 1627): GL error:  GL_INVALID_OPERATION
12-14 01:44:59.686 D/Mileage.ABS( 4550): Not backing up; 616
12-14 01:44:59.686 E/OpenGLRenderer( 1627): GL error:  GL_INVALID_OPERATION
12-14 01:44:59.705 I/chatty  ( 1627): uid=1000(system) RenderThread identical 13 lines
12-14 01:44:59.708 E/OpenGLRenderer( 1627): GL error:  GL_INVALID_OPERATION
12-14 01:44:59.710 D/Mileage.ABS( 4550): Not backing up; 642
12-14 01:44:59.710 E/OpenGLRenderer( 1627): GL error:  GL_INVALID_OPERATION
12-14 01:44:59.720 I/chatty  ( 1627): uid=1000(system) RenderThread identical 7 lines
12-14 01:44:59.720 E/OpenGLRenderer( 1627): GL error:  GL_INVALID_OPERATION
12-14 01:44:59.721 D/Mileage.ABS( 4550): Not backing up; 651
12-14 01:44:59.721 E/OpenGLRenderer( 1627): GL error:  GL_INVALID_OPERATION
12-14 01:44:59.725 I/chatty  ( 1627): uid=1000(system) RenderThread identical 2 lines
12-14 01:44:59.726 E/OpenGLRenderer( 1627): GL error:  GL_INVALID_OPERATION
12-14 01:44:59.726 D/Mileage.ABS( 4550): Not backing up; 658
12-14 01:44:59.727 E/OpenGLRenderer( 1627): GL error:  GL_INVALID_OPERATION
12-14 01:44:59.729 E/OpenGLRenderer( 1627): GL error:  GL_INVALID_OPERATION
12-14 01:44:59.729 D/Mileage.ABS( 4550): Not backing up; 660
12-14 01:44:59.730 E/OpenGLRenderer( 1627): GL error:  GL_INVALID_OPERATION
12-14 01:44:59.762 I/chatty  ( 1627): uid=1000(system) RenderThread identical 39 lines
12-14 01:44:59.763 E/OpenGLRenderer( 1627): GL error:  GL_INVALID_OPERATION
12-14 01:44:59.763 D/Mileage.ABS( 4550): Not backing up; 695
12-14 01:44:59.765 E/OpenGLRenderer( 1627): GL error:  GL_INVALID_OPERATION
12-14 01:44:59.766 D/Mileage.ABS( 4550): Not backing up; 697
12-14 01:44:59.766 E/OpenGLRenderer( 1627): GL error:  GL_INVALID_OPERATION
12-14 01:44:59.778 I/chatty  ( 1627): uid=1000(system) RenderThread identical 44 lines
12-14 01:44:59.778 E/OpenGLRenderer( 1627): GL error:  GL_INVALID_OPERATION
12-14 01:44:59.787 D/Mileage.ABS( 4550): Not backing up; 719
12-14 01:44:59.788 E/OpenGLRenderer( 1627): GL error:  GL_INVALID_OPERATION
12-14 01:44:59.802 I/chatty  ( 1627): uid=1000(system) RenderThread identical 10 lines
12-14 01:44:59.805 E/OpenGLRenderer( 1627): GL error:  GL_INVALID_OPERATION
12-14 01:44:59.806 D/Mileage.ABS( 4550): Not backing up; 738
12-14 01:44:59.808 E/OpenGLRenderer( 1627): GL error:  GL_INVALID_OPERATION
12-14 01:44:59.840 I/chatty  ( 1627): uid=1000(system) RenderThread identical 31 lines
12-14 01:44:59.840 E/OpenGLRenderer( 1627): GL error:  GL_INVALID_OPERATION
12-14 01:44:59.840 D/Mileage.ABS( 4550): Not backing up; 772
12-14 01:44:59.841 E/OpenGLRenderer( 1627): GL error:  GL_INVALID_OPERATION
12-14 01:44:59.843 D/Mileage.ABS( 4550): Not backing up; 774
12-14 01:44:59.843 I/chatty  ( 1627): uid=1000(system) RenderThread expire 3 lines
12-14 01:44:59.843 E/OpenGLRenderer( 1627): GL error:  GL_INVALID_OPERATION
12-14 01:44:59.844 E/OpenGLRenderer( 1627): GL error:  GL_INVALID_OPERATION
12-14 01:44:59.857 I/chatty  ( 1627): uid=1000(system) RenderThread identical 18 lines
12-14 01:44:59.858 E/OpenGLRenderer( 1627): GL error:  GL_INVALID_OPERATION
12-14 01:44:59.859 D/Mileage.ABS( 4550): Not backing up; 791
12-14 01:44:59.863 E/OpenGLRenderer( 1627): GL error:  GL_INVALID_OPERATION
12-14 01:44:59.889 I/chatty  ( 1627): uid=1000(system) RenderThread identical 35 lines
12-14 01:44:59.889 E/OpenGLRenderer( 1627): GL error:  GL_INVALID_OPERATION
12-14 01:44:59.890 D/Mileage.ABS( 4550): Not backing up; 822
12-14 01:44:59.890 E/OpenGLRenderer( 1627): GL error:  GL_INVALID_OPERATION
12-14 01:44:59.909 I/chatty  ( 1627): uid=1000(system) RenderThread identical 42 lines
12-14 01:44:59.909 D/Mileage.ABS( 4550): Not backing up; 841
12-14 01:44:59.909 E/OpenGLRenderer( 1627): GL error:  GL_INVALID_OPERATION
12-14 01:44:59.909 E/OpenGLRenderer( 1627): GL error:  GL_INVALID_OPERATION
12-14 01:44:59.926 I/chatty  ( 1627): uid=1000(system) RenderThread identical 38 lines
12-14 01:44:59.926 E/OpenGLRenderer( 1627): GL error:  GL_INVALID_OPERATION
12-14 01:44:59.926 D/Mileage.ABS( 4550): Not backing up; 858
12-14 01:44:59.927 E/OpenGLRenderer( 1627): GL error:  GL_INVALID_OPERATION
12-14 01:44:59.941 I/chatty  ( 1627): uid=1000(system) RenderThread identical 28 lines
12-14 01:44:59.942 E/OpenGLRenderer( 1627): GL error:  GL_INVALID_OPERATION
12-14 01:44:59.942 D/Mileage.ABS( 4550): Not backing up; 874
12-14 01:44:59.942 E/OpenGLRenderer( 1627): GL error:  GL_INVALID_OPERATION
12-14 01:44:59.964 I/chatty  ( 1627): uid=1000(system) RenderThread identical 58 lines
12-14 01:44:59.964 E/OpenGLRenderer( 1627): GL error:  GL_INVALID_OPERATION
12-14 01:44:59.964 D/Mileage.ABS( 4550): Not backing up; 896
12-14 01:44:59.966 E/OpenGLRenderer( 1627): GL error:  GL_INVALID_OPERATION
12-14 01:44:59.981 I/chatty  ( 1627): uid=1000(system) RenderThread identical 28 lines
12-14 01:44:59.981 E/OpenGLRenderer( 1627): GL error:  GL_INVALID_OPERATION
12-14 01:44:59.983 D/Mileage.ABS( 4550): Not backing up; 915
12-14 01:44:59.984 E/OpenGLRenderer( 1627): GL error:  GL_INVALID_OPERATION
12-14 01:45:00.035 I/chatty  ( 1627): uid=1000(system) RenderThread identical 111 lines
12-14 01:45:00.035 E/OpenGLRenderer( 1627): GL error:  GL_INVALID_OPERATION
12-14 01:45:00.035 D/Mileage.ABS( 4550): Not backing up; 967
12-14 01:45:00.036 E/OpenGLRenderer( 1627): GL error:  GL_INVALID_OPERATION
12-14 01:45:00.036 E/OpenGLRenderer( 1627): GL error:  GL_INVALID_OPERATION
12-14 01:45:00.036 I/System.out( 4550): URI: //gesture
12-14 01:45:00.036 E/OpenGLRenderer( 1627): GL error:  GL_INVALID_OPERATION
12-14 01:45:00.038 I/System.out( 4550): params: {json={"query_timeout":5.0,"gestures":[{"query_string":"android.widget.TabWidget descendant TextView index:0","touches":[{"x":50,"y":50,"offset_x":0,"offset_y":0,"wait":0.0,"time":0.2,"release":true,"query_string":null}]}]}
12-14 01:45:00.040 I/chatty  ( 1627): uid=1000(system) RenderThread expire 8 lines
12-14 01:45:00.041 E/OpenGLRenderer( 1627): GL error:  GL_INVALID_OPERATION
12-14 01:45:00.041 I/System.out( 4550): }
12-14 01:45:00.041 E/OpenGLRenderer( 1627): GL error:  GL_INVALID_OPERATION
12-14 01:45:00.043 I/chatty  ( 1627): uid=1000(system) RenderThread identical 3 lines
12-14 01:45:00.043 E/OpenGLRenderer( 1627): GL error:  GL_INVALID_OPERATION
12-14 01:45:00.043 D/Mileage.ABS( 4550): Not backing up; 975
12-14 01:45:00.044 E/OpenGLRenderer( 1627): GL error:  GL_INVALID_OPERATION
12-14 01:45:00.045 E/OpenGLRenderer( 1627): GL error:  GL_INVALID_OPERATION
12-14 01:45:00.045 D/Mileage.ABS( 4550): Not backing up; 977
12-14 01:45:00.045 E/OpenGLRenderer( 1627): GL error:  GL_INVALID_OPERATION
12-14 01:45:00.047 I/chatty  ( 1627): uid=1000(system) RenderThread identical 6 lines
12-14 01:45:00.048 E/OpenGLRenderer( 1627): GL error:  GL_INVALID_OPERATION
12-14 01:45:00.049 D/Mileage.ABS( 4550): Not backing up; 981
12-14 01:45:00.051 E/OpenGLRenderer( 1627): GL error:  GL_INVALID_OPERATION
12-14 01:45:00.113 I/chatty  ( 1627): uid=1000(system) RenderThread identical 150 lines
12-14 01:45:00.113 E/OpenGLRenderer( 1627): GL error:  GL_INVALID_OPERATION
12-14 01:45:00.114 I/zygote  ( 4550): IncrementDisableThreadFlip blocked for 10.793ms
12-14 01:45:00.116 I/zygote  ( 4550): IncrementDisableThreadFlip blocked for 12.126ms
12-14 01:45:00.116 E/OpenGLRenderer( 1627): GL error:  GL_INVALID_OPERATION
12-14 01:45:00.135 I/chatty  ( 1627): uid=1000(system) RenderThread identical 26 lines
12-14 01:45:00.135 E/OpenGLRenderer( 1627): GL error:  GL_INVALID_OPERATION
12-14 01:45:00.136 D/Mileage.ABS( 4550): Finished backup
12-14 01:45:00.137 E/OpenGLRenderer( 1627): GL error:  GL_INVALID_OPERATION
12-14 01:45:00.139 I/chatty  ( 1627): uid=1000(system) RenderThread identical 5 lines
12-14 01:45:00.140 E/OpenGLRenderer( 1627): GL error:  GL_INVALID_OPERATION
12-14 01:45:00.140 D/Mileage.ABS( 4550): Not backing up; 51
12-14 01:45:00.141 E/OpenGLRenderer( 1627): GL error:  GL_INVALID_OPERATION
12-14 01:45:00.141 D/Mileage.ABS( 4550): Not backing up; 52
12-14 01:45:00.142 E/OpenGLRenderer( 1627): GL error:  GL_INVALID_OPERATION
12-14 01:45:00.142 D/Mileage.ABS( 4550): Not backing up; 53
12-14 01:45:00.143 E/OpenGLRenderer( 1627): GL error:  GL_INVALID_OPERATION
12-14 01:45:00.143 E/OpenGLRenderer( 1627): GL error:  GL_INVALID_OPERATION
12-14 01:45:00.152 I/chatty  ( 1627): uid=1000(system) RenderThread identical 13 lines
12-14 01:45:00.153 E/OpenGLRenderer( 1627): GL error:  GL_INVALID_OPERATION
12-14 01:45:00.154 D/VehicleStatisticsAdapter( 4550): Caching of 29 records complete! (1.048 seconds)
12-14 01:45:00.155 E/OpenGLRenderer( 1627): GL error:  GL_INVALID_OPERATION
12-14 01:45:00.168 I/chatty  ( 1627): uid=1000(system) RenderThread identical 24 lines
12-14 01:45:00.169 E/OpenGLRenderer( 1627): GL error:  GL_INVALID_OPERATION
12-14 01:45:00.169 D/Mileage.ABS( 4550): Not backing up; 80
12-14 01:45:00.170 E/OpenGLRenderer( 1627): GL error:  GL_INVALID_OPERATION
12-14 01:45:00.170 E/OpenGLRenderer( 1627): GL error:  GL_INVALID_OPERATION
12-14 01:45:00.171 D/Mileage.ABS( 4550): Not backing up; 82
12-14 01:45:00.173 E/OpenGLRenderer( 1627): GL error:  GL_INVALID_OPERATION
12-14 01:45:00.209 I/chatty  ( 1627): uid=1000(system) RenderThread identical 79 lines
12-14 01:45:00.209 E/OpenGLRenderer( 1627): GL error:  GL_INVALID_OPERATION
12-14 01:45:00.209 D/Mileage.ABS( 4550): Not backing up; 120
12-14 01:45:00.209 E/OpenGLRenderer( 1627): GL error:  GL_INVALID_OPERATION
12-14 01:45:00.235 I/chatty  ( 1627): uid=1000(system) RenderThread identical 53 lines
12-14 01:45:00.235 E/OpenGLRenderer( 1627): GL error:  GL_INVALID_OPERATION
12-14 01:45:00.235 D/Mileage.ABS( 4550): Not backing up; 146
12-14 01:45:00.235 E/OpenGLRenderer( 1627): GL error:  GL_INVALID_OPERATION
12-14 01:45:00.246 I/chatty  ( 1627): uid=1000(system) RenderThread identical 25 lines
12-14 01:45:00.246 E/OpenGLRenderer( 1627): GL error:  GL_INVALID_OPERATION
12-14 01:45:00.247 D/Mileage.ABS( 4550): Not backing up; 156
12-14 01:45:00.250 E/OpenGLRenderer( 1627): GL error:  GL_INVALID_OPERATION
12-14 01:45:00.261 I/chatty  ( 1627): uid=1000(system) RenderThread identical 21 lines
12-14 01:45:00.261 D/VehicleStatisticsAdapter( 4550): Caching of 29 records complete! (1.117 seconds)
12-14 01:45:00.261 E/OpenGLRenderer( 1627): GL error:  GL_INVALID_OPERATION
12-14 01:45:00.261 I/zygote  ( 4550): Background concurrent copying GC freed 15691(1325KB) AllocSpace objects, 4(80KB) LOS objects, 49% free, 2MB/4MB, paused 7.365ms total 165.892ms
12-14 01:45:00.262 E/OpenGLRenderer( 1627): GL error:  GL_INVALID_OPERATION
12-14 01:45:00.263 E/OpenGLRenderer( 1627): GL error:  GL_INVALID_OPERATION
12-14 01:45:00.264 E/OpenGLRenderer( 1627): GL error:  GL_INVALID_OPERATION
12-14 01:45:00.300 I/chatty  ( 1627): uid=1000(system) RenderThread identical 82 lines
12-14 01:45:00.301 E/OpenGLRenderer( 1627): GL error:  GL_INVALID_OPERATION
12-14 01:45:00.302 D/Mileage.ABS( 4550): Not backing up; 213
12-14 01:45:00.302 E/OpenGLRenderer( 1627): GL error:  GL_INVALID_OPERATION
12-14 01:45:00.375 I/chatty  ( 1627): uid=1000(system) RenderThread identical 276 lines
12-14 01:45:00.375 E/OpenGLRenderer( 1627): GL error:  GL_INVALID_OPERATION
12-14 01:45:00.375 I/zygote  ( 4550): Do partial code cache collection, code=243KB, data=146KB
12-14 01:45:00.375 E/OpenGLRenderer( 1627): GL error:  GL_INVALID_OPERATION
12-14 01:45:00.376 E/OpenGLRenderer( 1627): GL error:  GL_INVALID_OPERATION
12-14 01:45:00.376 I/zygote  ( 4550): After code cache collection, code=243KB, data=146KB
12-14 01:45:00.376 I/zygote  ( 4550): Increasing code cache capacity to 1024KB
12-14 01:45:00.376 E/OpenGLRenderer( 1627): GL error:  GL_INVALID_OPERATION
12-14 01:45:00.703 I/chatty  ( 1627): uid=1000(system) RenderThread identical 1047 lines
12-14 01:45:00.703 E/OpenGLRenderer( 1627): GL error:  GL_INVALID_OPERATION
12-14 01:45:00.706 I/EventLogSendingHelper( 2170): Sending log events.
12-14 01:45:00.713 E/OpenGLRenderer( 1627): GL error:  GL_INVALID_OPERATION
12-14 01:45:00.792 I/chatty  ( 1627): uid=1000(system) RenderThread identical 150 lines
12-14 01:45:00.793 E/OpenGLRenderer( 1627): GL error:  GL_INVALID_OPERATION
12-14 01:45:00.793 W/View    ( 4550): dispatchProvideAutofillStructure(): not laid out, ignoring
12-14 01:45:00.793 E/OpenGLRenderer( 1627): GL error:  GL_INVALID_OPERATION
12-14 01:45:00.795 I/chatty  ( 1627): uid=1000(system) RenderThread identical 2 lines
12-14 01:45:00.795 E/OpenGLRenderer( 1627): GL error:  GL_INVALID_OPERATION
12-14 01:45:00.797 W/View    ( 4550): dispatchProvideAutofillStructure(): not laid out, ignoring
12-14 01:45:00.798 E/OpenGLRenderer( 1627): GL error:  GL_INVALID_OPERATION
12-14 01:45:00.802 I/chatty  ( 1627): uid=1000(system) RenderThread identical 4 lines
12-14 01:45:00.843 E/OpenGLRenderer( 1627): GL error:  GL_INVALID_OPERATION
12-14 01:45:00.845 E/OpenGLRenderer( 1627): GL error:  GL_INVALID_OPERATION
12-14 01:45:00.845 W/audio_hw_generic( 1390): Not supplying enough data to HAL, expected position 825902 , only wrote 825840
12-14 01:45:00.845 W/audio_hw_generic( 1390): Not supplying enough data to HAL, expected position 825855 , only wrote 825840
12-14 01:45:00.846 I/chatty  ( 1627): uid=1000(system) RenderThread expire 1 line
12-14 01:45:00.847 E/OpenGLRenderer( 1627): GL error:  GL_INVALID_OPERATION
12-14 01:45:00.849 W/View    ( 4550): dispatchProvideAutofillStructure(): not laid out, ignoring
12-14 01:45:00.853 E/OpenGLRenderer( 1627): GL error:  GL_INVALID_OPERATION
12-14 01:45:00.861 E/OpenGLRenderer( 1627): GL error:  GL_INVALID_OPERATION
12-14 01:45:00.861 W/Binder  ( 1627): Outgoing transactions from this process must be FLAG_ONEWAY
12-14 01:45:00.861 W/Binder  ( 1627): java.lang.Throwable
12-14 01:45:00.861 W/Binder  ( 1627): 	at android.os.BinderProxy.transact(Binder.java:736)
12-14 01:45:00.861 W/Binder  ( 1627): 	at android.app.assist.AssistStructure$ParcelTransferReader.fetchData(AssistStructure.java:407)
12-14 01:45:00.861 W/Binder  ( 1627): 	at android.app.assist.AssistStructure$ParcelTransferReader.go(AssistStructure.java:343)
12-14 01:45:00.861 W/Binder  ( 1627): 	at android.app.assist.AssistStructure.ensureData(AssistStructure.java:2096)
12-14 01:45:00.861 W/Binder  ( 1627): 	at com.android.server.autofill.Session$1.send(Session.java:200)
12-14 01:45:00.861 W/Binder  ( 1627): 	at com.android.server.am.ActivityManagerService.reportAssistContextExtras(ActivityManagerService.java:13137)
12-14 01:45:00.861 W/Binder  ( 1627): 	at android.app.IActivityManager$Stub.onTransact(IActivityManager.java:2466)
12-14 01:45:00.861 W/Binder  ( 1627): 	at com.android.server.am.ActivityManagerService.onTransact(ActivityManagerService.java:2935)
12-14 01:45:00.861 W/Binder  ( 1627): 	at android.os.Binder.execTransact(Binder.java:674)
12-14 01:45:00.862 E/OpenGLRenderer( 1627): GL error:  GL_INVALID_OPERATION
12-14 01:45:00.873 I/AssistStructure( 4550): Flattened final assist data: 15312 bytes, containing 1 windows, 69 views
12-14 01:45:00.874 E/OpenGLRenderer( 1627): GL error:  GL_INVALID_OPERATION
12-14 01:45:00.893 I/chatty  ( 1627): uid=1000(system) RenderThread identical 43 lines
12-14 01:45:00.893 E/OpenGLRenderer( 1627): GL error:  GL_INVALID_OPERATION
12-14 01:45:00.894 I/AssistStructure( 1627): Flattened final assist data: 13988 bytes, containing 1 windows, 69 views
12-14 01:45:00.894 E/OpenGLRenderer( 1627): GL error:  GL_INVALID_OPERATION
12-14 01:45:00.896 I/chatty  ( 1627): uid=1000(system) RenderThread identical 3 lines
12-14 01:45:00.897 E/OpenGLRenderer( 1627): GL error:  GL_INVALID_OPERATION
12-14 01:45:00.898 W/lgq     ( 1944): Pending fill request while another request in the same session was triggered. [CONTEXT service_id=177 ]
12-14 01:45:00.898 E/OpenGLRenderer( 1627): GL error:  GL_INVALID_OPERATION
12-14 01:45:01.054 I/chatty  ( 1627): uid=1000(system) RenderThread identical 422 lines
12-14 01:45:01.055 E/OpenGLRenderer( 1627): GL error:  GL_INVALID_OPERATION
12-14 01:45:01.055 E/SurfaceFlinger( 1417): ro.sf.lcd_density must be defined as a build property
12-14 01:45:01.055 E/OpenGLRenderer( 1627): GL error:  GL_INVALID_OPERATION
12-14 01:45:01.068 I/chatty  ( 1627): uid=1000(system) RenderThread identical 58 lines
12-14 01:45:01.069 E/OpenGLRenderer( 1627): GL error:  GL_INVALID_OPERATION
12-14 01:45:01.069 D/gralloc_ranchu( 1396): gralloc_alloc: Creating ashmem region of size 8298496
12-14 01:45:01.069 E/OpenGLRenderer( 1627): GL error:  GL_INVALID_OPERATION
12-14 01:45:01.077 I/chatty  ( 1627): uid=1000(system) RenderThread identical 23 lines
12-14 01:45:01.078 E/OpenGLRenderer( 1627): GL error:  GL_INVALID_OPERATION
12-14 01:45:01.078 D/        ( 4644): HostConnection::get() New Host Connection established 0xac8af800, tid 4644
12-14 01:45:01.078 E/OpenGLRenderer( 1627): GL error:  GL_INVALID_OPERATION
12-14 01:45:01.535 I/chatty  ( 1627): uid=1000(system) RenderThread identical 1500 lines
12-14 01:45:01.535 E/OpenGLRenderer( 1627): GL error:  GL_INVALID_OPERATION
12-14 01:45:01.536 I/System.out( 4550): URI: //
12-14 01:45:01.536 E/OpenGLRenderer( 1627): GL error:  GL_INVALID_OPERATION
12-14 01:45:01.536 I/System.out( 4550): params: {json={"command":"set_activity_orientation","arguments":["landscape"]}
12-14 01:45:01.536 I/System.out( 4550): }
12-14 01:45:01.536 I/System.out( 4550): header: {content-type=application/json;charset=utf-8, date=Mon, 14 Dec 2020 06:45:01 GMT, accept=*/*, host=127.0.0.1:34777, content-length=64, user-agent=HTTPClient/1.0 (2.8.3, ruby 2.5.8 (2020-03-31))}
12-14 01:45:01.536 I/System.out( 4550): params: {json={"command":"set_activity_orientation","arguments":["landscape"]}
12-14 01:45:01.536 I/System.out( 4550): }
12-14 01:45:01.536 I/System.out( 4550): ProP json = {"command":"set_activity_orientation","arguments":["landscape"]}
12-14 01:45:01.536 I/System.out( 4550): files: {}
12-14 01:45:01.536 E/OpenGLRenderer( 1627): GL error:  GL_INVALID_OPERATION
12-14 01:45:01.536 I/System.out( 4550): command: {"command":"set_activity_orientation","arguments":["landscape"]}
12-14 01:45:01.537 E/OpenGLRenderer( 1627): GL error:  GL_INVALID_OPERATION
12-14 01:45:01.540 I/chatty  ( 1627): uid=1000(system) RenderThread identical 18 lines
12-14 01:45:01.540 E/OpenGLRenderer( 1627): GL error:  GL_INVALID_OPERATION
12-14 01:45:01.540 I/InstrumentationBackend( 4550): Got command:'Command:'Line:null,set_activity_orientation', arguments:'[landscape]'
12-14 01:45:01.541 E/OpenGLRenderer( 1627): GL error:  GL_INVALID_OPERATION
12-14 01:45:01.543 I/chatty  ( 1627): uid=1000(system) RenderThread identical 9 lines
12-14 01:45:01.543 E/OpenGLRenderer( 1627): GL error:  GL_INVALID_OPERATION
12-14 01:45:01.543 D/gralloc_ranchu( 1396): gralloc_alloc: Creating ashmem region of size 8298496
12-14 01:45:01.544 E/OpenGLRenderer( 1627): GL error:  GL_INVALID_OPERATION
12-14 01:45:01.561 W/LocalDisplayAdapter( 1627): Unable to find color mode 0, ignoring request.
12-14 01:45:01.566 I/ActivityManager( 1627): Config changes=480 {1.0 310mcc260mnc [en_US] ldltr sw411dp w683dp h387dp 420dpi nrml land finger qwerty/v/v -nav/h appBounds=Rect(0, 0 - 1794, 1080) s.9}
12-14 01:45:01.572 I/chatty  ( 1627): uid=1000(system) RenderThread identical 41 lines
12-14 01:45:01.573 E/OpenGLRenderer( 1627): GL error:  GL_INVALID_OPERATION
12-14 01:45:01.574 I/InputReader( 1627): Reconfiguring input devices.  changes=0x00000004
12-14 01:45:01.574 I/InputReader( 1627): Device reconfigured: id=0, name='qwerty2', size 1080x1920, orientation 1, mode 1, display id 0
12-14 01:45:01.578 I/ActivityManager( 1627): Override config changes=480 {1.0 310mcc260mnc [en_US] ldltr sw411dp w683dp h387dp 420dpi nrml land finger qwerty/v/v -nav/h appBounds=Rect(0, 0 - 1794, 1080) s.9} for displayId=0
12-14 01:45:01.583 E/OpenGLRenderer( 1627): GL error:  GL_INVALID_OPERATION
12-14 01:45:01.662 I/chatty  ( 1627): uid=1000(system) RenderThread identical 203 lines
12-14 01:45:01.662 E/OpenGLRenderer( 1627): GL error:  GL_INVALID_OPERATION
12-14 01:45:01.670 E/OpenGLRenderer( 1627): GL error:  GL_INVALID_OPERATION
12-14 01:45:01.672 D/gralloc_ranchu( 1396): gralloc_alloc: Creating ashmem region of size 544768
12-14 01:45:01.679 I/chatty  ( 1627): uid=1000(system) RenderThread expire 6 lines
12-14 01:45:01.680 E/OpenGLRenderer( 1627): GL error:  GL_INVALID_OPERATION
12-14 01:45:01.683 D/EGL_emulation( 1732): eglMakeCurrent: 0xa7d055a0: ver 3 0 (tinfo 0xa7d035b0)
12-14 01:45:01.685 I/calabash( 4550): newActivity1
12-14 01:45:01.689 E/OpenGLRenderer( 1627): GL error:  GL_INVALID_OPERATION
12-14 01:45:01.691 I/chatty  ( 1627): uid=1000(system) RenderThread identical 2 lines
12-14 01:45:01.692 E/OpenGLRenderer( 1627): GL error:  GL_INVALID_OPERATION
12-14 01:45:01.693 D/gralloc_ranchu( 1396): gralloc_alloc: Creating ashmem region of size 544768
12-14 01:45:01.693 E/OpenGLRenderer( 1627): GL error:  GL_INVALID_OPERATION
12-14 01:45:01.741 W/ActivityManager( 1627): Bad activity token: android.os.BinderProxy@d7a8477
12-14 01:45:01.741 W/ActivityManager( 1627): java.lang.ClassCastException: android.os.BinderProxy cannot be cast to com.android.server.am.ActivityRecord$Token
12-14 01:45:01.741 W/ActivityManager( 1627): 	at com.android.server.am.ActivityRecord.forTokenLocked(ActivityRecord.java:778)
12-14 01:45:01.741 W/ActivityManager( 1627): 	at com.android.server.am.ActivityRecord.isInStackLocked(ActivityRecord.java:2085)
12-14 01:45:01.741 W/ActivityManager( 1627): 	at com.android.server.am.ActivityRecord.getStackLocked(ActivityRecord.java:2090)
12-14 01:45:01.741 W/ActivityManager( 1627): 	at com.android.server.am.ActivityManagerService.getActivityDisplayId(ActivityManagerService.java:10406)
12-14 01:45:01.741 W/ActivityManager( 1627): 	at android.app.IActivityManager$Stub.onTransact(IActivityManager.java:2738)
12-14 01:45:01.741 W/ActivityManager( 1627): 	at com.android.server.am.ActivityManagerService.onTransact(ActivityManagerService.java:2935)
12-14 01:45:01.741 W/ActivityManager( 1627): 	at android.os.Binder.execTransact(Binder.java:674)
12-14 01:45:01.741 I/chatty  ( 1627): uid=1000(system) RenderThread identical 146 lines
12-14 01:45:01.742 E/OpenGLRenderer( 1627): GL error:  GL_INVALID_OPERATION
12-14 01:45:01.742 I/calabash( 4550): newActivity1
12-14 01:45:01.742 E/OpenGLRenderer( 1627): GL error:  GL_INVALID_OPERATION
12-14 01:45:01.751 I/chatty  ( 1627): uid=1000(system) RenderThread identical 44 lines
12-14 01:45:01.751 E/OpenGLRenderer( 1627): GL error:  GL_INVALID_OPERATION
12-14 01:45:01.752 W/AutofillManager( 4550): Session 678877701 could not be restored
12-14 01:45:01.752 E/OpenGLRenderer( 1627): GL error:  GL_INVALID_OPERATION
12-14 01:45:01.753 W/ActivityManager( 1627): Bad activity token: android.os.BinderProxy@d7a8477
12-14 01:45:01.753 W/ActivityManager( 1627): java.lang.ClassCastException: android.os.BinderProxy cannot be cast to com.android.server.am.ActivityRecord$Token
12-14 01:45:01.753 W/ActivityManager( 1627): 	at com.android.server.am.ActivityRecord.forTokenLocked(ActivityRecord.java:778)
12-14 01:45:01.753 W/ActivityManager( 1627): 	at com.android.server.am.ActivityRecord.isInStackLocked(ActivityRecord.java:2085)
12-14 01:45:01.753 W/ActivityManager( 1627): 	at com.android.server.am.ActivityManagerService.setTaskDescription(ActivityManagerService.java:9988)
12-14 01:45:01.753 W/ActivityManager( 1627): 	at android.app.IActivityManager$Stub.onTransact(IActivityManager.java:2824)
12-14 01:45:01.753 W/ActivityManager( 1627): 	at com.android.server.am.ActivityManagerService.onTransact(ActivityManagerService.java:2935)
12-14 01:45:01.753 W/ActivityManager( 1627): 	at android.os.Binder.execTransact(Binder.java:674)
12-14 01:45:01.754 W/ActivityManager( 1627): Bad activity token: android.os.BinderProxy@d7a8477
12-14 01:45:01.754 W/ActivityManager( 1627): java.lang.ClassCastException: android.os.BinderProxy cannot be cast to com.android.server.am.ActivityRecord$Token
12-14 01:45:01.754 W/ActivityManager( 1627): 	at com.android.server.am.ActivityRecord.forTokenLocked(ActivityRecord.java:778)
12-14 01:45:01.754 W/ActivityManager( 1627): 	at com.android.server.am.ActivityRecord.isInStackLocked(ActivityRecord.java:2085)
12-14 01:45:01.754 W/ActivityManager( 1627): 	at com.android.server.am.ActivityRecord.getStackLocked(ActivityRecord.java:2090)
12-14 01:45:01.754 W/ActivityManager( 1627): 	at com.android.server.am.ActivityManagerService.getActivityStackId(ActivityManagerService.java:10417)
12-14 01:45:01.754 W/ActivityManager( 1627): 	at android.app.IActivityManager$Stub.onTransact(IActivityManager.java:3548)
12-14 01:45:01.754 W/ActivityManager( 1627): 	at com.android.server.am.ActivityManagerService.onTransact(ActivityManagerService.java:2935)
12-14 01:45:01.754 W/ActivityManager( 1627): 	at android.os.Binder.execTransact(Binder.java:674)
12-14 01:45:01.791 I/chatty  ( 1627): uid=1000(system) RenderThread identical 172 lines
12-14 01:45:01.791 E/OpenGLRenderer( 1627): GL error:  GL_INVALID_OPERATION
12-14 01:45:01.791 I/System.out( 4550): result:{"bonusInformation":[],"message":"","success":true}
12-14 01:45:01.791 E/OpenGLRenderer( 1627): GL error:  GL_INVALID_OPERATION
12-14 01:45:01.804 W/ActivityManager( 1627): Bad activity token: android.os.BinderProxy@d7a8477
12-14 01:45:01.804 W/ActivityManager( 1627): java.lang.ClassCastException: android.os.BinderProxy cannot be cast to com.android.server.am.ActivityRecord$Token
12-14 01:45:01.804 W/ActivityManager( 1627): 	at com.android.server.am.ActivityRecord.forTokenLocked(ActivityRecord.java:778)
12-14 01:45:01.804 W/ActivityManager( 1627): 	at com.android.server.am.ActivityRecord.isInStackLocked(ActivityRecord.java:2085)
12-14 01:45:01.804 W/ActivityManager( 1627): 	at com.android.server.am.ActivityManagerService.getActivityOptions(ActivityManagerService.java:13302)
12-14 01:45:01.804 W/ActivityManager( 1627): 	at android.app.IActivityManager$Stub.onTransact(IActivityManager.java:2910)
12-14 01:45:01.804 W/ActivityManager( 1627): 	at com.android.server.am.ActivityManagerService.onTransact(ActivityManagerService.java:2935)
12-14 01:45:01.804 W/ActivityManager( 1627): 	at android.os.Binder.execTransact(Binder.java:674)
12-14 01:45:01.804 W/ActivityManager( 1627): Bad activity token: android.os.BinderProxy@d7a8477
12-14 01:45:01.804 W/ActivityManager( 1627): java.lang.ClassCastException: android.os.BinderProxy cannot be cast to com.android.server.am.ActivityRecord$Token
12-14 01:45:01.804 W/ActivityManager( 1627): 	at com.android.server.am.ActivityRecord.forTokenLocked(ActivityRecord.java:778)
12-14 01:45:01.804 W/ActivityManager( 1627): 	at com.android.server.am.ActivityRecord.isInStackLocked(ActivityRecord.java:2085)
12-14 01:45:01.804 W/ActivityManager( 1627): 	at com.android.server.am.ActivityManagerService.getActivityOptions(ActivityManagerService.java:13302)
12-14 01:45:01.804 W/ActivityManager( 1627): 	at android.app.IActivityManager$Stub.onTransact(IActivityManager.java:2910)
12-14 01:45:01.804 W/ActivityManager( 1627): 	at com.android.server.am.ActivityManagerService.onTransact(ActivityManagerService.java:2935)
12-14 01:45:01.804 W/ActivityManager( 1627): 	at android.os.Binder.execTransact(Binder.java:674)
12-14 01:45:01.857 I/chatty  ( 1627): uid=1000(system) RenderThread identical 259 lines
12-14 01:45:01.857 E/OpenGLRenderer( 1627): GL error:  GL_INVALID_OPERATION
12-14 01:45:01.857 W/PhoneWindow( 4550): Previously focused view reported id 2131296279 during save, but can't be found during restore.
12-14 01:45:01.857 E/OpenGLRenderer( 1627): GL error:  GL_INVALID_OPERATION
12-14 01:45:01.968 I/chatty  ( 1627): uid=1000(system) RenderThread identical 419 lines
12-14 01:45:01.968 E/OpenGLRenderer( 1627): GL error:  GL_INVALID_OPERATION
12-14 01:45:01.969 D/gralloc_ranchu( 1396): gralloc_alloc: Creating ashmem region of size 7753728
12-14 01:45:01.969 E/OpenGLRenderer( 1627): GL error:  GL_INVALID_OPERATION
12-14 01:45:02.016 I/chatty  ( 1627): uid=1000(system) RenderThread identical 187 lines
12-14 01:45:02.016 E/OpenGLRenderer( 1627): GL error:  GL_INVALID_OPERATION
12-14 01:45:02.016 D/gralloc_ranchu( 1396): gralloc_alloc: Creating ashmem region of size 544768
12-14 01:45:02.017 E/OpenGLRenderer( 1627): GL error:  GL_INVALID_OPERATION
12-14 01:45:02.049 I/chatty  ( 1627): uid=1000(system) RenderThread identical 94 lines
12-14 01:45:02.050 E/OpenGLRenderer( 1627): GL error:  GL_INVALID_OPERATION
12-14 01:45:02.051 D/gralloc_ranchu( 1396): gralloc_alloc: Creating ashmem region of size 7753728
12-14 01:45:02.052 E/OpenGLRenderer( 1627): GL error:  GL_INVALID_OPERATION
12-14 01:45:02.212 I/chatty  ( 1627): uid=1000(system) RenderThread identical 465 lines
12-14 01:45:02.213 E/OpenGLRenderer( 1627): GL error:  GL_INVALID_OPERATION
12-14 01:45:02.215 E/OpenGLRenderer( 1627): GL error:  GL_INVALID_OPERATION
12-14 01:45:02.215 D/gralloc_ranchu( 1396): gralloc_alloc: Creating ashmem region of size 487424
12-14 01:45:02.229 I/chatty  ( 1627): uid=1000(system) RenderThread expire 55 lines
12-14 01:45:02.230 E/OpenGLRenderer( 1627): GL error:  GL_INVALID_OPERATION
12-14 01:45:02.231 D/StatusBar( 1732): disable<e i a s b h r c s q >
12-14 01:45:02.232 E/OpenGLRenderer( 1627): GL error:  GL_INVALID_OPERATION
12-14 01:45:02.236 I/chatty  ( 1627): uid=1000(system) RenderThread identical 19 lines
12-14 01:45:02.236 E/OpenGLRenderer( 1627): GL error:  GL_INVALID_OPERATION
12-14 01:45:02.237 D/EGL_emulation( 1732): eglMakeCurrent: 0xa7d055a0: ver 3 0 (tinfo 0xa7d035b0)
12-14 01:45:02.237 E/OpenGLRenderer( 1627): GL error:  GL_INVALID_OPERATION
12-14 01:45:02.245 I/chatty  ( 1627): uid=1000(system) RenderThread identical 28 lines
12-14 01:45:02.247 E/OpenGLRenderer( 1627): GL error:  GL_INVALID_OPERATION
12-14 01:45:02.247 D/gralloc_ranchu( 1396): gralloc_alloc: Creating ashmem region of size 487424
12-14 01:45:02.248 E/OpenGLRenderer( 1627): GL error:  GL_INVALID_OPERATION
12-14 01:45:02.275 I/WindowManager( 1627): Screen frozen for +734ms due to Window{16b1f29 u0 StatusBar}
12-14 01:45:02.310 I/chatty  ( 1627): uid=1000(system) RenderThread identical 137 lines
12-14 01:45:02.311 E/OpenGLRenderer( 1627): GL error:  GL_INVALID_OPERATION
12-14 01:45:02.311 D/gralloc_ranchu( 1396): gralloc_alloc: Creating ashmem region of size 487424
12-14 01:45:02.311 E/OpenGLRenderer( 1627): GL error:  GL_INVALID_OPERATION
12-14 01:45:02.323 I/chatty  ( 1627): uid=1000(system) RenderThread identical 29 lines
12-14 01:45:02.324 E/OpenGLRenderer( 1627): GL error:  GL_INVALID_OPERATION
12-14 01:45:02.324 D/EGL_emulation( 1732): eglMakeCurrent: 0xa7d055a0: ver 3 0 (tinfo 0xa7d035b0)
12-14 01:45:02.325 E/OpenGLRenderer( 1627): GL error:  GL_INVALID_OPERATION
12-14 01:45:02.328 I/chatty  ( 1627): uid=1000(system) RenderThread identical 6 lines
12-14 01:45:02.329 E/OpenGLRenderer( 1627): GL error:  GL_INVALID_OPERATION
12-14 01:45:02.330 V/StatusBar( 1732): setLightsOn(true)
12-14 01:45:02.330 E/OpenGLRenderer( 1627): GL error:  GL_INVALID_OPERATION
12-14 01:45:02.338 I/chatty  ( 1627): uid=1000(system) RenderThread identical 13 lines
12-14 01:45:02.338 E/OpenGLRenderer( 1627): GL error:  GL_INVALID_OPERATION
12-14 01:45:02.339 D/EGL_emulation( 1732): eglMakeCurrent: 0xa7d055a0: ver 3 0 (tinfo 0xa7d035b0)
12-14 01:45:02.339 E/OpenGLRenderer( 1627): GL error:  GL_INVALID_OPERATION
12-14 01:45:02.575 I/chatty  ( 1627): uid=1000(system) RenderThread identical 316 lines
12-14 01:45:02.575 E/OpenGLRenderer( 1627): GL error:  GL_INVALID_OPERATION
12-14 01:45:02.576 I/Dialer  ( 2018): VvmTaskExecutor - executing task com.android.voicemail.impl.ActivationTask@6e3a196
12-14 01:45:02.577 I/Dialer  ( 2018): PreOMigrationHandler - ComponentInfo{com.android.phone/com.android.services.telephony.TelephonyConnectionService}, [****], UserHandle{0} already migrated
12-14 01:45:02.579 E/OpenGLRenderer( 1627): GL error:  GL_INVALID_OPERATION
12-14 01:45:02.660 I/chatty  ( 1627): uid=1000(system) RenderThread identical 158 lines
12-14 01:45:02.660 E/OpenGLRenderer( 1627): GL error:  GL_INVALID_OPERATION
12-14 01:45:02.660 I/Dialer  ( 2018): VvmActivationTask - VVM content provider configured - vvm_type_cvvm
12-14 01:45:02.661 I/Dialer  ( 2018): OmtpVvmCarrierCfgHlpr - OmtpEvent:CONFIG_ACTIVATING
12-14 01:45:02.661 E/OpenGLRenderer( 1627): GL error:  GL_INVALID_OPERATION
12-14 01:45:02.710 I/chatty  ( 1627): uid=1000(system) RenderThread identical 115 lines
12-14 01:45:02.710 E/OpenGLRenderer( 1627): GL error:  GL_INVALID_OPERATION
12-14 01:45:02.711 I/Dialer  ( 2018): TelephonyMangerCompat.setVisualVoicemailSmsFilterSettings - using TelephonyManager
12-14 01:45:02.711 E/OpenGLRenderer( 1627): GL error:  GL_INVALID_OPERATION
12-14 01:45:02.715 I/chatty  ( 1627): uid=1000(system) RenderThread identical 11 lines
12-14 01:45:02.715 E/OpenGLRenderer( 1627): GL error:  GL_INVALID_OPERATION
12-14 01:45:02.716 V/StatusBar( 1732): setLightsOn(true)
12-14 01:45:02.716 E/OpenGLRenderer( 1627): GL error:  GL_INVALID_OPERATION
12-14 01:45:02.721 I/chatty  ( 1627): uid=1000(system) RenderThread identical 13 lines
12-14 01:45:02.721 E/OpenGLRenderer( 1627): GL error:  GL_INVALID_OPERATION
12-14 01:45:02.722 I/Dialer  ( 2018): TelephonyMangerCompat.sendVisualVoicemailSms - using TelephonyManager
12-14 01:45:02.725 E/OpenGLRenderer( 1627): GL error:  GL_INVALID_OPERATION
12-14 01:45:03.149 I/chatty  ( 1627): uid=1000(system) RenderThread identical 1520 lines
12-14 01:45:03.149 E/OpenGLRenderer( 1627): GL error:  GL_INVALID_OPERATION
12-14 01:45:03.150 D/gralloc_ranchu( 1396): gralloc_alloc: Creating ashmem region of size 7753728
12-14 01:45:03.150 E/OpenGLRenderer( 1627): GL error:  GL_INVALID_OPERATION
12-14 01:45:03.854 I/chatty  ( 1627): uid=1000(system) RenderThread identical 2598 lines
12-14 01:45:03.854 E/OpenGLRenderer( 1627): GL error:  GL_INVALID_OPERATION
12-14 01:45:03.854 I/System.out( 4550): URI: //gesture
12-14 01:45:03.854 E/OpenGLRenderer( 1627): GL error:  GL_INVALID_OPERATION
12-14 01:45:03.854 I/System.out( 4550): params: {json={"query_timeout":5.0,"gestures":[{"query_string":"android.widget.TabWidget descendant TextView index:1","touches":[{"x":50,"y":50,"offset_x":0,"offset_y":0,"wait":0.0,"time":0.2,"release":true,"query_string":null}]}]}
12-14 01:45:03.854 I/System.out( 4550): }
12-14 01:45:03.854 E/OpenGLRenderer( 1627): GL error:  GL_INVALID_OPERATION
12-14 01:45:03.860 I/chatty  ( 1627): uid=1000(system) RenderThread identical 21 lines
12-14 01:45:03.861 E/OpenGLRenderer( 1627): GL error:  GL_INVALID_OPERATION
12-14 01:45:03.861 W/audio_hw_generic( 1390): Not supplying enough data to HAL, expected position 1114509 , only wrote 970560
12-14 01:45:03.861 E/OpenGLRenderer( 1627): GL error:  GL_INVALID_OPERATION
12-14 01:45:04.135 I/chatty  ( 1627): uid=1000(system) RenderThread identical 757 lines
12-14 01:45:04.135 E/OpenGLRenderer( 1627): GL error:  GL_INVALID_OPERATION
12-14 01:45:04.135 W/ActivityManager( 1627): Bad activity token: android.os.BinderProxy@9c232b9
12-14 01:45:04.135 W/ActivityManager( 1627): java.lang.ClassCastException: android.os.BinderProxy cannot be cast to com.android.server.am.ActivityRecord$Token
12-14 01:45:04.135 W/ActivityManager( 1627): 	at com.android.server.am.ActivityRecord.forTokenLocked(ActivityRecord.java:778)
12-14 01:45:04.135 W/ActivityManager( 1627): 	at com.android.server.am.ActivityRecord.isInStackLocked(ActivityRecord.java:2085)
12-14 01:45:04.135 W/ActivityManager( 1627): 	at com.android.server.am.ActivityRecord.getStackLocked(ActivityRecord.java:2090)
12-14 01:45:04.135 W/ActivityManager( 1627): 	at com.android.server.am.ActivityManagerService.getActivityDisplayId(ActivityManagerService.java:10406)
12-14 01:45:04.135 W/ActivityManager( 1627): 	at android.app.IActivityManager$Stub.onTransact(IActivityManager.java:2738)
12-14 01:45:04.135 W/ActivityManager( 1627): 	at com.android.server.am.ActivityManagerService.onTransact(ActivityManagerService.java:2935)
12-14 01:45:04.135 W/ActivityManager( 1627): 	at android.os.Binder.execTransact(Binder.java:674)
12-14 01:45:04.137 I/calabash( 4550): newActivity1
12-14 01:45:04.138 E/OpenGLRenderer( 1627): GL error:  GL_INVALID_OPERATION
12-14 01:45:04.138 I/chatty  ( 1627): uid=1000(system) RenderThread identical 3 lines
12-14 01:45:04.139 E/OpenGLRenderer( 1627): GL error:  GL_INVALID_OPERATION
12-14 01:45:04.140 D/AudioFlinger( 1475): mixer(0xa7403f80) throttle end: throttle time(3)
12-14 01:45:04.141 W/ActivityManager( 1627): Bad activity token: android.os.BinderProxy@9c232b9
12-14 01:45:04.141 W/ActivityManager( 1627): java.lang.ClassCastException: android.os.BinderProxy cannot be cast to com.android.server.am.ActivityRecord$Token
12-14 01:45:04.141 W/ActivityManager( 1627): 	at com.android.server.am.ActivityRecord.forTokenLocked(ActivityRecord.java:778)
12-14 01:45:04.141 W/ActivityManager( 1627): 	at com.android.server.am.ActivityRecord.isInStackLocked(ActivityRecord.java:2085)
12-14 01:45:04.141 W/ActivityManager( 1627): 	at com.android.server.am.ActivityManagerService.setTaskDescription(ActivityManagerService.java:9988)
12-14 01:45:04.141 W/ActivityManager( 1627): 	at android.app.IActivityManager$Stub.onTransact(IActivityManager.java:2824)
12-14 01:45:04.141 W/ActivityManager( 1627): 	at com.android.server.am.ActivityManagerService.onTransact(ActivityManagerService.java:2935)
12-14 01:45:04.141 W/ActivityManager( 1627): 	at android.os.Binder.execTransact(Binder.java:674)
12-14 01:45:04.142 W/audio_hw_generic( 1390): Not supplying enough data to HAL, expected position 970814 , only wrote 970560
12-14 01:45:04.143 W/ActivityManager( 1627): Bad activity token: android.os.BinderProxy@9c232b9
12-14 01:45:04.143 W/ActivityManager( 1627): java.lang.ClassCastException: android.os.BinderProxy cannot be cast to com.android.server.am.ActivityRecord$Token
12-14 01:45:04.143 W/ActivityManager( 1627): 	at com.android.server.am.ActivityRecord.forTokenLocked(ActivityRecord.java:778)
12-14 01:45:04.143 W/ActivityManager( 1627): 	at com.android.server.am.ActivityRecord.isInStackLocked(ActivityRecord.java:2085)
12-14 01:45:04.143 W/ActivityManager( 1627): 	at com.android.server.am.ActivityRecord.getStackLocked(ActivityRecord.java:2090)
12-14 01:45:04.143 W/ActivityManager( 1627): 	at com.android.server.am.ActivityManagerService.getActivityStackId(ActivityManagerService.java:10417)
12-14 01:45:04.143 W/ActivityManager( 1627): 	at android.app.IActivityManager$Stub.onTransact(IActivityManager.java:3548)
12-14 01:45:04.143 W/ActivityManager( 1627): 	at com.android.server.am.ActivityManagerService.onTransact(ActivityManagerService.java:2935)
12-14 01:45:04.143 W/ActivityManager( 1627): 	at android.os.Binder.execTransact(Binder.java:674)
12-14 01:45:04.143 E/OpenGLRenderer( 1627): GL error:  GL_INVALID_OPERATION
12-14 01:45:04.191 W/ActivityManager( 1627): Bad activity token: android.os.BinderProxy@9c232b9
12-14 01:45:04.191 W/ActivityManager( 1627): java.lang.ClassCastException: android.os.BinderProxy cannot be cast to com.android.server.am.ActivityRecord$Token
12-14 01:45:04.191 W/ActivityManager( 1627): 	at com.android.server.am.ActivityRecord.forTokenLocked(ActivityRecord.java:778)
12-14 01:45:04.191 W/ActivityManager( 1627): 	at com.android.server.am.ActivityRecord.isInStackLocked(ActivityRecord.java:2085)
12-14 01:45:04.191 W/ActivityManager( 1627): 	at com.android.server.am.ActivityManagerService.getActivityOptions(ActivityManagerService.java:13302)
12-14 01:45:04.191 W/ActivityManager( 1627): 	at android.app.IActivityManager$Stub.onTransact(IActivityManager.java:2910)
12-14 01:45:04.191 W/ActivityManager( 1627): 	at com.android.server.am.ActivityManagerService.onTransact(ActivityManagerService.java:2935)
12-14 01:45:04.191 W/ActivityManager( 1627): 	at android.os.Binder.execTransact(Binder.java:674)
12-14 01:45:04.192 W/ActivityManager( 1627): Bad activity token: android.os.BinderProxy@9c232b9
12-14 01:45:04.192 W/ActivityManager( 1627): java.lang.ClassCastException: android.os.BinderProxy cannot be cast to com.android.server.am.ActivityRecord$Token
12-14 01:45:04.192 W/ActivityManager( 1627): 	at com.android.server.am.ActivityRecord.forTokenLocked(ActivityRecord.java:778)
12-14 01:45:04.192 W/ActivityManager( 1627): 	at com.android.server.am.ActivityRecord.isInStackLocked(ActivityRecord.java:2085)
12-14 01:45:04.192 W/ActivityManager( 1627): 	at com.android.server.am.ActivityManagerService.getActivityOptions(ActivityManagerService.java:13302)
12-14 01:45:04.192 W/ActivityManager( 1627): 	at android.app.IActivityManager$Stub.onTransact(IActivityManager.java:2910)
12-14 01:45:04.192 W/ActivityManager( 1627): 	at com.android.server.am.ActivityManagerService.onTransact(ActivityManagerService.java:2935)
12-14 01:45:04.192 W/ActivityManager( 1627): 	at android.os.Binder.execTransact(Binder.java:674)
12-14 01:45:04.279 I/chatty  ( 1627): uid=1000(system) RenderThread identical 269 lines
12-14 01:45:04.280 E/OpenGLRenderer( 1627): GL error:  GL_INVALID_OPERATION
12-14 01:45:04.281 D/Mileage ( 4550): Not enough fillups to calculate economy
12-14 01:45:04.282 E/OpenGLRenderer( 1627): GL error:  GL_INVALID_OPERATION
12-14 01:45:04.425 I/chatty  ( 1627): uid=1000(system) RenderThread identical 391 lines
12-14 01:45:04.425 E/OpenGLRenderer( 1627): GL error:  GL_INVALID_OPERATION
12-14 01:45:04.425 I/zygote  ( 1627): Explicit concurrent copying GC freed 9258(574KB) AllocSpace objects, 0(0B) LOS objects, 38% free, 9MB/15MB, paused 8.084ms total 132.107ms
12-14 01:45:04.425 E/OpenGLRenderer( 1627): GL error:  GL_INVALID_OPERATION
12-14 01:45:04.529 I/chatty  ( 1627): uid=1000(system) RenderThread identical 222 lines
12-14 01:45:04.529 E/OpenGLRenderer( 1627): GL error:  GL_INVALID_OPERATION
