12-14 01:44:34.348 D/EGL_emulation( 1732): eglMakeCurrent: 0xa7d055a0: ver 3 0 (tinfo 0xa7d035b0)
12-14 01:44:34.349 E/OpenGLRenderer( 1627): GL error:  GL_INVALID_OPERATION
12-14 01:44:34.366 I/chatty  ( 1627): uid=1000(system) RenderThread identical 68 lines
12-14 01:44:34.367 E/OpenGLRenderer( 1627): GL error:  GL_INVALID_OPERATION
12-14 01:44:34.367 D/EGL_emulation( 1732): eglMakeCurrent: 0xa7d055a0: ver 3 0 (tinfo 0xa7d035b0)
12-14 01:44:34.371 E/OpenGLRenderer( 1627): GL error:  GL_INVALID_OPERATION
12-14 01:44:34.373 I/chatty  ( 1627): uid=1000(system) RenderThread identical 3 lines
12-14 01:44:34.373 E/OpenGLRenderer( 1627): GL error:  GL_INVALID_OPERATION
12-14 01:44:34.374 D/EGL_emulation( 1732): eglMakeCurrent: 0xa7d055a0: ver 3 0 (tinfo 0xa7d035b0)
12-14 01:44:34.375 E/OpenGLRenderer( 1627): GL error:  GL_INVALID_OPERATION
12-14 01:44:34.380 W/ActivityManager( 1627): Bad activity token: android.os.BinderProxy@acd48a6
12-14 01:44:34.380 W/ActivityManager( 1627): java.lang.ClassCastException: android.os.BinderProxy cannot be cast to com.android.server.am.ActivityRecord$Token
12-14 01:44:34.380 W/ActivityManager( 1627): 	at com.android.server.am.ActivityRecord.forTokenLocked(ActivityRecord.java:778)
12-14 01:44:34.380 W/ActivityManager( 1627): 	at com.android.server.am.ActivityRecord.isInStackLocked(ActivityRecord.java:2085)
12-14 01:44:34.380 W/ActivityManager( 1627): 	at com.android.server.am.ActivityManagerService.getActivityOptions(ActivityManagerService.java:13302)
12-14 01:44:34.380 W/ActivityManager( 1627): 	at android.app.IActivityManager$Stub.onTransact(IActivityManager.java:2910)
12-14 01:44:34.380 W/ActivityManager( 1627): 	at com.android.server.am.ActivityManagerService.onTransact(ActivityManagerService.java:2935)
12-14 01:44:34.380 W/ActivityManager( 1627): 	at android.os.Binder.execTransact(Binder.java:674)
12-14 01:44:34.380 I/chatty  ( 1627): uid=1000(system) RenderThread identical 16 lines
12-14 01:44:34.380 E/OpenGLRenderer( 1627): GL error:  GL_INVALID_OPERATION
12-14 01:44:34.380 W/ActivityManager( 1627): Bad activity token: android.os.BinderProxy@acd48a6
12-14 01:44:34.380 W/ActivityManager( 1627): java.lang.ClassCastException: android.os.BinderProxy cannot be cast to com.android.server.am.ActivityRecord$Token
12-14 01:44:34.380 W/ActivityManager( 1627): 	at com.android.server.am.ActivityRecord.forTokenLocked(ActivityRecord.java:778)
12-14 01:44:34.380 W/ActivityManager( 1627): 	at com.android.server.am.ActivityRecord.isInStackLocked(ActivityRecord.java:2085)
12-14 01:44:34.380 W/ActivityManager( 1627): 	at com.android.server.am.ActivityManagerService.getActivityOptions(ActivityManagerService.java:13302)
12-14 01:44:34.380 W/ActivityManager( 1627): 	at android.app.IActivityManager$Stub.onTransact(IActivityManager.java:2910)
12-14 01:44:34.380 W/ActivityManager( 1627): 	at com.android.server.am.ActivityManagerService.onTransact(ActivityManagerService.java:2935)
12-14 01:44:34.380 W/ActivityManager( 1627): 	at android.os.Binder.execTransact(Binder.java:674)
12-14 01:44:34.381 D/EGL_emulation( 1732): eglMakeCurrent: 0xa7d055a0: ver 3 0 (tinfo 0xa7d035b0)
12-14 01:44:34.382 E/OpenGLRenderer( 1627): GL error:  GL_INVALID_OPERATION
12-14 01:44:34.391 I/chatty  ( 1627): uid=1000(system) RenderThread identical 23 lines
12-14 01:44:34.391 E/OpenGLRenderer( 1627): GL error:  GL_INVALID_OPERATION
12-14 01:44:34.394 D/EGL_emulation( 1732): eglMakeCurrent: 0xa7d055a0: ver 3 0 (tinfo 0xa7d035b0)
12-14 01:44:34.397 D/EGL_emulation( 1732): eglMakeCurrent: 0xa7d055a0: ver 3 0 (tinfo 0xa7d035b0)
12-14 01:44:34.403 E/OpenGLRenderer( 1627): GL error:  GL_INVALID_OPERATION
12-14 01:44:34.410 I/chatty  ( 1627): uid=1000(system) RenderThread identical 14 lines
12-14 01:44:34.411 E/OpenGLRenderer( 1627): GL error:  GL_INVALID_OPERATION
12-14 01:44:34.412 D/EGL_emulation( 1732): eglMakeCurrent: 0xa7d055a0: ver 3 0 (tinfo 0xa7d035b0)
12-14 01:44:34.412 E/OpenGLRenderer( 1627): GL error:  GL_INVALID_OPERATION
12-14 01:44:34.494 I/chatty  ( 1627): uid=1000(system) RenderThread identical 215 lines
12-14 01:44:34.494 E/OpenGLRenderer( 1627): GL error:  GL_INVALID_OPERATION
12-14 01:44:34.495 V/StatusBar( 1732): setLightsOn(true)
12-14 01:44:34.501 E/OpenGLRenderer( 1627): GL error:  GL_INVALID_OPERATION
12-14 01:44:34.597 I/chatty  ( 1627): uid=1000(system) RenderThread identical 254 lines
12-14 01:44:34.598 E/OpenGLRenderer( 1627): GL error:  GL_INVALID_OPERATION
12-14 01:44:34.599 V/StatusBar( 1732): setLightsOn(true)
12-14 01:44:34.599 E/OpenGLRenderer( 1627): GL error:  GL_INVALID_OPERATION
12-14 01:44:34.600 E/OpenGLRenderer( 1627): GL error:  GL_INVALID_OPERATION
12-14 01:44:34.601 V/StatusBar( 1732): setLightsOn(true)
12-14 01:44:34.602 E/OpenGLRenderer( 1627): GL error:  GL_INVALID_OPERATION
12-14 01:44:34.611 I/chatty  ( 1627): uid=1000(system) RenderThread identical 21 lines
12-14 01:44:34.611 E/OpenGLRenderer( 1627): GL error:  GL_INVALID_OPERATION
12-14 01:44:34.612 V/StatusBar( 1732): setLightsOn(true)
12-14 01:44:34.612 E/OpenGLRenderer( 1627): GL error:  GL_INVALID_OPERATION
12-14 01:44:34.677 I/chatty  ( 1627): uid=1000(system) RenderThread identical 266 lines
12-14 01:44:34.677 E/OpenGLRenderer( 1627): GL error:  GL_INVALID_OPERATION
12-14 01:44:34.678 D/gralloc_ranchu( 1396): gralloc_alloc: Creating ashmem region of size 7753728
12-14 01:44:34.678 E/OpenGLRenderer( 1627): GL error:  GL_INVALID_OPERATION
12-14 01:44:34.683 I/chatty  ( 1627): uid=1000(system) RenderThread identical 24 lines
12-14 01:44:34.684 E/OpenGLRenderer( 1627): GL error:  GL_INVALID_OPERATION
12-14 01:44:34.684 I/zygote  ( 4232): Do partial code cache collection, code=20KB, data=30KB
12-14 01:44:34.684 E/OpenGLRenderer( 1627): GL error:  GL_INVALID_OPERATION
12-14 01:44:34.693 I/chatty  ( 1627): uid=1000(system) RenderThread identical 24 lines
12-14 01:44:34.693 E/OpenGLRenderer( 1627): GL error:  GL_INVALID_OPERATION
12-14 01:44:34.693 I/zygote  ( 4232): After code cache collection, code=20KB, data=30KB
12-14 01:44:34.693 I/zygote  ( 4232): Increasing code cache capacity to 128KB
12-14 01:44:34.694 E/OpenGLRenderer( 1627): GL error:  GL_INVALID_OPERATION
12-14 01:44:34.694 E/OpenGLRenderer( 1627): GL error:  GL_INVALID_OPERATION
12-14 01:44:34.694 E/OpenGLRenderer( 1627): GL error:  GL_INVALID_OPERATION
12-14 01:44:34.701 I/chatty  ( 1627): uid=1000(system) RenderThread identical 42 lines
12-14 01:44:34.701 E/OpenGLRenderer( 1627): GL error:  GL_INVALID_OPERATION
12-14 01:44:34.701 D/        ( 4232): HostConnection::get() New Host Connection established 0xa5130c00, tid 4232
12-14 01:44:34.701 E/OpenGLRenderer( 1627): GL error:  GL_INVALID_OPERATION
12-14 01:44:34.762 I/chatty  ( 1627): uid=1000(system) RenderThread identical 224 lines
12-14 01:44:34.762 E/OpenGLRenderer( 1627): GL error:  GL_INVALID_OPERATION
12-14 01:44:34.763 E/OpenGLRenderer( 1627): GL error:  GL_INVALID_OPERATION
12-14 01:44:34.763 V/StatusBar( 1732): setLightsOn(true)
12-14 01:44:34.765 I/chatty  ( 1627): uid=1000(system) RenderThread expire 8 lines
12-14 01:44:34.765 E/OpenGLRenderer( 1627): GL error:  GL_INVALID_OPERATION
12-14 01:44:34.765 V/StatusBar( 1732): setLightsOn(true)
12-14 01:44:34.765 E/OpenGLRenderer( 1627): GL error:  GL_INVALID_OPERATION
12-14 01:44:34.766 I/chatty  ( 1627): uid=1000(system) RenderThread identical 3 lines
12-14 01:44:34.766 E/OpenGLRenderer( 1627): GL error:  GL_INVALID_OPERATION
12-14 01:44:34.766 I/ActivityManager( 1627): Displayed com.evancharlton.mileage/.Mileage: +671ms
12-14 01:44:34.766 E/OpenGLRenderer( 1627): GL error:  GL_INVALID_OPERATION
12-14 01:44:34.773 I/chatty  ( 1627): uid=1000(system) RenderThread identical 18 lines
12-14 01:44:34.774 E/OpenGLRenderer( 1627): GL error:  GL_INVALID_OPERATION
12-14 01:44:34.775 V/StatusBar( 1732): setLightsOn(true)
12-14 01:44:34.775 E/OpenGLRenderer( 1627): GL error:  GL_INVALID_OPERATION
12-14 01:44:34.784 I/chatty  ( 1627): uid=1000(system) RenderThread identical 45 lines
12-14 01:44:34.785 E/OpenGLRenderer( 1627): GL error:  GL_INVALID_OPERATION
12-14 01:44:34.789 V/StatusBar( 1732): setLightsOn(true)
12-14 01:44:34.789 E/OpenGLRenderer( 1627): GL error:  GL_INVALID_OPERATION
12-14 01:44:34.816 I/chatty  ( 1627): uid=1000(system) RenderThread identical 93 lines
12-14 01:44:34.817 E/OpenGLRenderer( 1627): GL error:  GL_INVALID_OPERATION
12-14 01:44:34.817 D/gralloc_ranchu( 1396): gralloc_alloc: Creating ashmem region of size 7753728
12-14 01:44:34.817 E/OpenGLRenderer( 1627): GL error:  GL_INVALID_OPERATION
12-14 01:44:34.951 I/chatty  ( 1627): uid=1000(system) RenderThread identical 298 lines
12-14 01:44:34.951 E/OpenGLRenderer( 1627): GL error:  GL_INVALID_OPERATION
12-14 01:44:34.962 V/StatusBar( 1732): setLightsOn(true)
12-14 01:44:34.964 E/OpenGLRenderer( 1627): GL error:  GL_INVALID_OPERATION
12-14 01:44:34.984 I/chatty  ( 1627): uid=1000(system) RenderThread identical 51 lines
12-14 01:44:34.984 E/OpenGLRenderer( 1627): GL error:  GL_INVALID_OPERATION
12-14 01:44:34.985 W/SurfaceFlinger( 1417): couldn't log to binary event log: overflow.
12-14 01:44:34.986 E/OpenGLRenderer( 1627): GL error:  GL_INVALID_OPERATION
12-14 01:44:35.063 I/chatty  ( 1627): uid=1000(system) RenderThread identical 317 lines
12-14 01:44:35.064 E/OpenGLRenderer( 1627): GL error:  GL_INVALID_OPERATION
12-14 01:44:35.070 I/PBSessionCacheImpl( 2170): Deleted sessionId[7369063293441] from persistence.
12-14 01:44:35.071 E/OpenGLRenderer( 1627): GL error:  GL_INVALID_OPERATION
12-14 01:44:35.115 W/SearchService( 2170): Abort, client detached.
12-14 01:44:35.118 I/chatty  ( 1627): uid=1000(system) RenderThread expire 153 lines
12-14 01:44:35.118 E/OpenGLRenderer( 1627): GL error:  GL_INVALID_OPERATION
12-14 01:44:35.119 E/OpenGLRenderer( 1627): GL error:  GL_INVALID_OPERATION
12-14 01:44:35.136 I/chatty  ( 1627): uid=1000(system) RenderThread identical 54 lines
12-14 01:44:35.136 E/OpenGLRenderer( 1627): GL error:  GL_INVALID_OPERATION
12-14 01:44:35.136 I/zygote  ( 4232): Do partial code cache collection, code=22KB, data=54KB
12-14 01:44:35.136 I/zygote  ( 4232): After code cache collection, code=22KB, data=54KB
12-14 01:44:35.136 I/zygote  ( 4232): Increasing code cache capacity to 256KB
12-14 01:44:35.137 E/OpenGLRenderer( 1627): GL error:  GL_INVALID_OPERATION
12-14 01:44:35.137 I/zygote  ( 4232): JIT allocated 71KB for compiled code of void android.widget.TextView.<init>(android.content.Context, android.util.AttributeSet, int, int)
12-14 01:44:35.137 E/OpenGLRenderer( 1627): GL error:  GL_INVALID_OPERATION
12-14 01:44:35.137 I/zygote  ( 4232): Compiler allocated 4MB to compile void android.widget.TextView.<init>(android.content.Context, android.util.AttributeSet, int, int)
12-14 01:44:35.137 E/OpenGLRenderer( 1627): GL error:  GL_INVALID_OPERATION
