--------- beginning of main
12-14 01:44:31.861 I/chatty  ( 1627): uid=1000(system) RenderThread expire 5 lines
12-14 01:44:31.862 E/OpenGLRenderer( 1627): GL error:  GL_INVALID_OPERATION
12-14 01:44:31.864 D/EGL_emulation( 1732): eglMakeCurrent: 0xa7d055a0: ver 3 0 (tinfo 0xa7d035b0)
12-14 01:44:31.864 E/OpenGLRenderer( 1627): GL error:  GL_INVALID_OPERATION
12-14 01:44:31.893 I/chatty  ( 1627): uid=1000(system) RenderThread identical 29 lines
12-14 01:44:31.895 E/OpenGLRenderer( 1627): GL error:  GL_INVALID_OPERATION
12-14 01:44:31.895 D/EGL_emulation( 2170): eglMakeCurrent: 0xa7d05a20: ver 3 0 (tinfo 0xa7d03680)
12-14 01:44:31.896 E/OpenGLRenderer( 1627): GL error:  GL_INVALID_OPERATION
12-14 01:44:31.898 I/chatty  ( 1627): uid=1000(system) RenderThread identical 2 lines
12-14 01:44:31.898 E/OpenGLRenderer( 1627): GL error:  GL_INVALID_OPERATION
12-14 01:44:31.898 D/gralloc_ranchu( 1396): gralloc_alloc: Creating ashmem region of size 8298496
12-14 01:44:31.899 E/OpenGLRenderer( 1627): GL error:  GL_INVALID_OPERATION
12-14 01:44:31.910 I/chatty  ( 1627): uid=1000(system) RenderThread identical 12 lines
12-14 01:44:31.911 E/OpenGLRenderer( 1627): GL error:  GL_INVALID_OPERATION
12-14 01:44:31.912 D/gralloc_ranchu( 1396): gralloc_alloc: Creating ashmem region of size 8298496
12-14 01:44:31.912 E/OpenGLRenderer( 1627): GL error:  GL_INVALID_OPERATION
12-14 01:44:31.931 I/chatty  ( 1627): uid=1000(system) RenderThread identical 19 lines
12-14 01:44:31.936 E/OpenGLRenderer( 1627): GL error:  GL_INVALID_OPERATION
12-14 01:44:31.936 W/SessionLifecycleManager( 2170): Handover failed. Creating new session controller.
12-14 01:44:31.946 E/OpenGLRenderer( 1627): GL error:  GL_INVALID_OPERATION
12-14 01:44:31.980 I/chatty  ( 1627): uid=1000(system) RenderThread identical 27 lines
12-14 01:44:31.980 E/OpenGLRenderer( 1627): GL error:  GL_INVALID_OPERATION
12-14 01:44:31.982 D/EGL_emulation( 2148): eglMakeCurrent: 0xa7d05420: ver 3 0 (tinfo 0xa7d03320)
12-14 01:44:31.990 E/OpenGLRenderer( 1627): GL error:  GL_INVALID_OPERATION
12-14 01:44:31.993 I/chatty  ( 1627): uid=1000(system) RenderThread identical 13 lines
12-14 01:44:31.993 E/OpenGLRenderer( 1627): GL error:  GL_INVALID_OPERATION
12-14 01:44:31.993 I/MicroDetectionWorker( 2170): #updateMicroDetector [detectionMode: [mDetectionMode: [1]]]
12-14 01:44:31.993 E/OpenGLRenderer( 1627): GL error:  GL_INVALID_OPERATION
12-14 01:44:31.993 I/MicroDetectionWorker( 2170): #startMicroDetector [speakerMode: 0]
12-14 01:44:31.994 E/OpenGLRenderer( 1627): GL error:  GL_INVALID_OPERATION
12-14 01:44:31.994 I/chatty  ( 1627): uid=1000(system) RenderThread identical 1 line
12-14 01:44:31.994 E/OpenGLRenderer( 1627): GL error:  GL_INVALID_OPERATION
12-14 01:44:31.994 I/AudioController( 2170): Using mInputStreamFactoryBuilder
12-14 01:44:31.994 E/OpenGLRenderer( 1627): GL error:  GL_INVALID_OPERATION
12-14 01:44:31.996 I/chatty  ( 1627): uid=1000(system) RenderThread identical 2 lines
12-14 01:44:31.996 E/OpenGLRenderer( 1627): GL error:  GL_INVALID_OPERATION
12-14 01:44:31.996 I/MicroDetectionWorker( 2170): onReady
12-14 01:44:31.997 E/OpenGLRenderer( 1627): GL error:  GL_INVALID_OPERATION
12-14 01:44:32.003 I/chatty  ( 1627): uid=1000(system) RenderThread identical 26 lines
12-14 01:44:32.004 E/OpenGLRenderer( 1627): GL error:  GL_INVALID_OPERATION
12-14 01:44:32.005 I/MicroRecognitionRunner( 2170): Starting detection.
12-14 01:44:32.006 E/OpenGLRenderer( 1627): GL error:  GL_INVALID_OPERATION
12-14 01:44:32.006 I/MicrophoneInputStream( 2170): mic_starting com.google.android.apps.gsa.staticplugins.aa.c@2614551
12-14 01:44:32.006 E/OpenGLRenderer( 1627): GL error:  GL_INVALID_OPERATION
12-14 01:44:32.021 I/chatty  ( 1627): uid=1000(system) RenderThread identical 14 lines
12-14 01:44:32.022 E/OpenGLRenderer( 1627): GL error:  GL_INVALID_OPERATION
12-14 01:44:32.022 I/AudioFlinger( 1475): AudioFlinger's thread 0xa5603100 tid=4220 ready to run
12-14 01:44:32.022 E/OpenGLRenderer( 1627): GL error:  GL_INVALID_OPERATION
12-14 01:44:32.024 I/chatty  ( 1627): uid=1000(system) RenderThread identical 4 lines
12-14 01:44:32.025 E/OpenGLRenderer( 1627): GL error:  GL_INVALID_OPERATION
12-14 01:44:32.025 I/MicrophoneInputStream( 2170): mic_started com.google.android.apps.gsa.staticplugins.aa.c@2614551
12-14 01:44:32.025 E/OpenGLRenderer( 1627): GL error:  GL_INVALID_OPERATION
12-14 01:44:32.028 I/chatty  ( 1627): uid=1000(system) RenderThread identical 9 lines
12-14 01:44:32.029 E/OpenGLRenderer( 1627): GL error:  GL_INVALID_OPERATION
--------- beginning of system
12-14 01:44:32.029 E/ActivityThread( 2170): Failed to find provider info for com.google.android.apps.gsa.testing.ui.audio.recorded
12-14 01:44:32.029 I/MicroDetectionWorker( 2170): onReady
12-14 01:44:32.031 I/MicrophoneInputStream( 2170): mic_close com.google.android.apps.gsa.staticplugins.aa.c@2614551
12-14 01:44:32.031 I/MicroRecognitionRunner( 2170): Detection finished
12-14 01:44:32.031 W/ErrorReporter( 2170): reportError [type: 211, code: 524300]: Error reading from input stream
12-14 01:44:32.032 I/MicroRecognitionRunner( 2170): Stopping hotword detection.
12-14 01:44:32.032 W/ErrorProcessor( 2170): onFatalError, processing error from engine(4)
12-14 01:44:32.032 W/ErrorProcessor( 2170): com.google.android.apps.gsa.shared.speech.b.g: Error reading from input stream
12-14 01:44:32.032 W/ErrorProcessor( 2170): 	at com.google.android.apps.gsa.staticplugins.recognizer.j.a.a(SourceFile:28)
12-14 01:44:32.032 W/ErrorProcessor( 2170): 	at com.google.android.apps.gsa.staticplugins.recognizer.j.b.run(SourceFile:15)
12-14 01:44:32.032 W/ErrorProcessor( 2170): 	at java.util.concurrent.Executors$RunnableAdapter.call(Executors.java:457)
12-14 01:44:32.032 W/ErrorProcessor( 2170): 	at java.util.concurrent.FutureTask.run(FutureTask.java:266)
12-14 01:44:32.032 W/ErrorProcessor( 2170): 	at com.google.android.apps.gsa.shared.util.concurrent.a.ax.run(SourceFile:14)
12-14 01:44:32.032 W/ErrorProcessor( 2170): 	at com.google.android.apps.gsa.shared.util.concurrent.a.bl.run(SourceFile:4)
12-14 01:44:32.032 W/ErrorProcessor( 2170): 	at com.google.android.apps.gsa.shared.util.concurrent.a.bl.run(SourceFile:4)
12-14 01:44:32.032 W/ErrorProcessor( 2170): 	at java.util.concurrent.ThreadPoolExecutor.runWorker(ThreadPoolExecutor.java:1162)
12-14 01:44:32.032 W/ErrorProcessor( 2170): 	at java.util.concurrent.ThreadPoolExecutor$Worker.run(ThreadPoolExecutor.java:636)
12-14 01:44:32.032 W/ErrorProcessor( 2170): 	at java.lang.Thread.run(Thread.java:764)
12-14 01:44:32.032 W/ErrorProcessor( 2170): 	at com.google.android.apps.gsa.shared.util.concurrent.a.ai.run(SourceFile:6)
12-14 01:44:32.032 W/ErrorProcessor( 2170): Caused by: com.google.android.apps.gsa.shared.exception.GsaIOException: Error code: 393238 | Buffer overflow, no available space.
12-14 01:44:32.032 W/ErrorProcessor( 2170): 	at com.google.android.apps.gsa.speech.audio.Tee.f(SourceFile:103)
12-14 01:44:32.032 W/ErrorProcessor( 2170): 	at com.google.android.apps.gsa.speech.audio.au.read(SourceFile:2)
12-14 01:44:32.032 W/ErrorProcessor( 2170): 	at java.io.InputStream.read(InputStream.java:101)
12-14 01:44:32.032 W/ErrorProcessor( 2170): 	at com.google.android.apps.gsa.speech.audio.ao.run(SourceFile:18)
12-14 01:44:32.032 W/ErrorProcessor( 2170): 	at com.google.android.apps.gsa.speech.audio.an.run(SourceFile:2)
12-14 01:44:32.032 W/ErrorProcessor( 2170): 	... 9 more
12-14 01:44:32.032 I/AudioController( 2170): internalShutdown
12-14 01:44:32.032 E/OpenGLRenderer( 1627): GL error:  GL_INVALID_OPERATION
12-14 01:44:32.075 I/chatty  ( 1627): uid=1000(system) RenderThread identical 102 lines
12-14 01:44:32.075 E/OpenGLRenderer( 1627): GL error:  GL_INVALID_OPERATION
12-14 01:44:32.076 I/MicroDetector( 2170): Keeping mic open: false
12-14 01:44:32.076 I/MicroDetectionWorker( 2170): #onError(false)
12-14 01:44:32.076 I/DeviceStateChecker( 2170): DeviceStateChecker cancelled
12-14 01:44:32.076 E/OpenGLRenderer( 1627): GL error:  GL_INVALID_OPERATION
12-14 01:44:32.078 I/chatty  ( 1627): uid=1000(system) RenderThread identical 5 lines
12-14 01:44:32.078 E/OpenGLRenderer( 1627): GL error:  GL_INVALID_OPERATION
12-14 01:44:32.078 D/gralloc_ranchu( 1396): gralloc_alloc: Creating ashmem region of size 7753728
12-14 01:44:32.078 E/OpenGLRenderer( 1627): GL error:  GL_INVALID_OPERATION
12-14 01:44:32.128 I/chatty  ( 1627): uid=1000(system) RenderThread identical 105 lines
12-14 01:44:32.129 E/OpenGLRenderer( 1627): GL error:  GL_INVALID_OPERATION
12-14 01:44:32.129 D/EGL_emulation( 1732): eglMakeCurrent: 0xa7d055a0: ver 3 0 (tinfo 0xa7d035b0)
12-14 01:44:32.130 E/OpenGLRenderer( 1627): GL error:  GL_INVALID_OPERATION
12-14 01:44:32.146 I/chatty  ( 1627): uid=1000(system) RenderThread identical 20 lines
12-14 01:44:32.146 E/OpenGLRenderer( 1627): GL error:  GL_INVALID_OPERATION
12-14 01:44:32.150 D/EGL_emulation( 1732): eglMakeCurrent: 0xa7d055a0: ver 3 0 (tinfo 0xa7d035b0)
12-14 01:44:32.150 E/OpenGLRenderer( 1627): GL error:  GL_INVALID_OPERATION
12-14 01:44:32.170 I/chatty  ( 1627): uid=1000(system) RenderThread identical 17 lines
12-14 01:44:32.171 E/OpenGLRenderer( 1627): GL error:  GL_INVALID_OPERATION
12-14 01:44:32.172 E/OpenGLRenderer( 1627): GL error:  GL_INVALID_OPERATION
12-14 01:44:32.173 D/EGL_emulation( 1732): eglMakeCurrent: 0xa7d055a0: ver 3 0 (tinfo 0xa7d035b0)
12-14 01:44:32.178 I/chatty  ( 1627): uid=1000(system) RenderThread expire 7 lines
12-14 01:44:32.178 E/OpenGLRenderer( 1627): GL error:  GL_INVALID_OPERATION
12-14 01:44:32.178 D/EGL_emulation( 1732): eglMakeCurrent: 0xa7d055a0: ver 3 0 (tinfo 0xa7d035b0)
12-14 01:44:32.179 E/OpenGLRenderer( 1627): GL error:  GL_INVALID_OPERATION
12-14 01:44:32.198 I/chatty  ( 1627): uid=1000(system) RenderThread identical 29 lines
12-14 01:44:32.198 E/OpenGLRenderer( 1627): GL error:  GL_INVALID_OPERATION
12-14 01:44:32.199 D/EGL_emulation( 1732): eglMakeCurrent: 0xa7d055a0: ver 3 0 (tinfo 0xa7d035b0)
12-14 01:44:32.199 E/OpenGLRenderer( 1627): GL error:  GL_INVALID_OPERATION
12-14 01:44:32.206 I/chatty  ( 1627): uid=1000(system) RenderThread identical 7 lines
12-14 01:44:32.207 E/OpenGLRenderer( 1627): GL error:  GL_INVALID_OPERATION
12-14 01:44:32.208 D/EGL_emulation( 1732): eglMakeCurrent: 0xa7d055a0: ver 3 0 (tinfo 0xa7d035b0)
12-14 01:44:32.208 E/OpenGLRenderer( 1627): GL error:  GL_INVALID_OPERATION
12-14 01:44:32.221 I/chatty  ( 1627): uid=1000(system) RenderThread identical 9 lines
12-14 01:44:32.221 E/OpenGLRenderer( 1627): GL error:  GL_INVALID_OPERATION
12-14 01:44:32.223 D/EGL_emulation( 1732): eglMakeCurrent: 0xa7d055a0: ver 3 0 (tinfo 0xa7d035b0)
12-14 01:44:32.223 E/OpenGLRenderer( 1627): GL error:  GL_INVALID_OPERATION
12-14 01:44:32.239 I/chatty  ( 1627): uid=1000(system) RenderThread identical 13 lines
12-14 01:44:32.240 E/OpenGLRenderer( 1627): GL error:  GL_INVALID_OPERATION
12-14 01:44:32.240 D/EGL_emulation( 1732): eglMakeCurrent: 0xa7d055a0: ver 3 0 (tinfo 0xa7d035b0)
12-14 01:44:32.240 E/OpenGLRenderer( 1627): GL error:  GL_INVALID_OPERATION
12-14 01:44:32.246 I/chatty  ( 1627): uid=1000(system) RenderThread identical 4 lines
12-14 01:44:32.247 E/OpenGLRenderer( 1627): GL error:  GL_INVALID_OPERATION
12-14 01:44:32.249 D/EGL_emulation( 1732): eglMakeCurrent: 0xa7d055a0: ver 3 0 (tinfo 0xa7d035b0)
12-14 01:44:32.250 E/OpenGLRenderer( 1627): GL error:  GL_INVALID_OPERATION
12-14 01:44:32.258 I/chatty  ( 1627): uid=1000(system) RenderThread identical 5 lines
12-14 01:44:32.258 E/OpenGLRenderer( 1627): GL error:  GL_INVALID_OPERATION
12-14 01:44:32.258 D/EGL_emulation( 1732): eglMakeCurrent: 0xa7d055a0: ver 3 0 (tinfo 0xa7d035b0)
12-14 01:44:32.259 E/OpenGLRenderer( 1627): GL error:  GL_INVALID_OPERATION
12-14 01:44:32.268 I/chatty  ( 1627): uid=1000(system) RenderThread identical 10 lines
12-14 01:44:32.273 E/OpenGLRenderer( 1627): GL error:  GL_INVALID_OPERATION
12-14 01:44:32.275 D/EGL_emulation( 1732): eglMakeCurrent: 0xa7d055a0: ver 3 0 (tinfo 0xa7d035b0)
12-14 01:44:32.275 E/OpenGLRenderer( 1627): GL error:  GL_INVALID_OPERATION
12-14 01:44:32.294 I/chatty  ( 1627): uid=1000(system) RenderThread identical 15 lines
12-14 01:44:32.294 E/OpenGLRenderer( 1627): GL error:  GL_INVALID_OPERATION
12-14 01:44:32.295 D/EGL_emulation( 1732): eglMakeCurrent: 0xa7d055a0: ver 3 0 (tinfo 0xa7d035b0)
12-14 01:44:32.297 E/OpenGLRenderer( 1627): GL error:  GL_INVALID_OPERATION
12-14 01:44:32.299 I/chatty  ( 1627): uid=1000(system) RenderThread identical 2 lines
12-14 01:44:32.299 E/OpenGLRenderer( 1627): GL error:  GL_INVALID_OPERATION
12-14 01:44:32.300 D/EGL_emulation( 1732): eglMakeCurrent: 0xa7d055a0: ver 3 0 (tinfo 0xa7d035b0)
12-14 01:44:32.301 E/OpenGLRenderer( 1627): GL error:  GL_INVALID_OPERATION
12-14 01:44:32.306 I/chatty  ( 1627): uid=1000(system) RenderThread identical 4 lines
12-14 01:44:32.309 E/OpenGLRenderer( 1627): GL error:  GL_INVALID_OPERATION
12-14 01:44:32.310 D/EGL_emulation( 1732): eglMakeCurrent: 0xa7d055a0: ver 3 0 (tinfo 0xa7d035b0)
12-14 01:44:32.310 E/OpenGLRenderer( 1627): GL error:  GL_INVALID_OPERATION
12-14 01:44:32.320 I/chatty  ( 1627): uid=1000(system) RenderThread identical 12 lines
12-14 01:44:32.321 I/zygote  ( 1732): NativeAllocBackground concurrent copying GC freed 1629(143KB) AllocSpace objects, 0(0B) LOS objects, 50% free, 4MB/9MB, paused 416us total 138.845ms
12-14 01:44:32.322 E/OpenGLRenderer( 1627): GL error:  GL_INVALID_OPERATION
12-14 01:44:32.322 D/EGL_emulation( 1732): eglMakeCurrent: 0xa7d055a0: ver 3 0 (tinfo 0xa7d035b0)
12-14 01:44:32.322 E/OpenGLRenderer( 1627): GL error:  GL_INVALID_OPERATION
12-14 01:44:32.327 I/chatty  ( 1627): uid=1000(system) RenderThread identical 7 lines
12-14 01:44:32.327 E/OpenGLRenderer( 1627): GL error:  GL_INVALID_OPERATION
12-14 01:44:32.327 E/OpenGLRenderer( 1627): GL error:  GL_INVALID_OPERATION
12-14 01:44:32.333 I/chatty  ( 1627): uid=1000(system) RenderThread identical 15 lines
12-14 01:44:32.333 E/OpenGLRenderer( 1627): GL error:  GL_INVALID_OPERATION
12-14 01:44:32.333 D/EGL_emulation( 1732): eglMakeCurrent: 0xa7d055a0: ver 3 0 (tinfo 0xa7d035b0)
12-14 01:44:32.334 E/OpenGLRenderer( 1627): GL error:  GL_INVALID_OPERATION
12-14 01:44:32.358 I/chatty  ( 1627): uid=1000(system) RenderThread identical 17 lines
12-14 01:44:32.361 D/EGL_emulation( 1732): eglMakeCurrent: 0xa7d055a0: ver 3 0 (tinfo 0xa7d035b0)
12-14 01:44:32.362 E/OpenGLRenderer( 1627): GL error:  GL_INVALID_OPERATION
12-14 01:44:32.362 E/OpenGLRenderer( 1627): GL error:  GL_INVALID_OPERATION
12-14 01:44:32.451 I/chatty  ( 1627): uid=1000(system) RenderThread identical 147 lines
12-14 01:44:32.452 E/OpenGLRenderer( 1627): GL error:  GL_INVALID_OPERATION
12-14 01:44:32.454 W/OpenGLRenderer( 2148): Incorrectly called buildLayer on View: ShortcutAndWidgetContainer, destroying layer...
12-14 01:44:32.455 E/OpenGLRenderer( 1627): GL error:  GL_INVALID_OPERATION
12-14 01:44:32.994 I/chatty  ( 1627): uid=1000(system) RenderThread identical 1095 lines
12-14 01:44:32.994 E/OpenGLRenderer( 1627): GL error:  GL_INVALID_OPERATION
12-14 01:44:32.995 D/AndroidRuntime( 4222): >>>>>> START com.android.internal.os.RuntimeInit uid 2000 <<<<<<
12-14 01:44:32.995 E/OpenGLRenderer( 1627): GL error:  GL_INVALID_OPERATION
12-14 01:44:33.096 I/chatty  ( 1627): uid=1000(system) RenderThread identical 267 lines
12-14 01:44:33.096 E/OpenGLRenderer( 1627): GL error:  GL_INVALID_OPERATION
12-14 01:44:33.096 W/app_process( 4222): Unexpected CPU variant for X86 using defaults: x86
12-14 01:44:33.096 E/OpenGLRenderer( 1627): GL error:  GL_INVALID_OPERATION
12-14 01:44:33.134 I/chatty  ( 1627): uid=1000(system) RenderThread identical 103 lines
12-14 01:44:33.134 E/OpenGLRenderer( 1627): GL error:  GL_INVALID_OPERATION
12-14 01:44:33.134 D/AndroidRuntime( 4222): Calling main entry com.android.commands.am.Am
12-14 01:44:33.135 E/OpenGLRenderer( 1627): GL error:  GL_INVALID_OPERATION
12-14 01:44:33.139 I/ActivityManager( 1627): Force stopping com.evancharlton.mileage appid=10304 user=0: start instr
12-14 01:44:33.140 I/ActivityManager( 1627): Killing 4164:com.evancharlton.mileage/u0a304 (adj 0): stop com.evancharlton.mileage
12-14 01:44:33.148 W/ActivityManager( 1627): Crash of app com.evancharlton.mileage running instrumentation ComponentInfo{com.evancharlton.mileage.test/sh.calaba.instrumentationbackend.CalabashInstrumentationTestRunner}
12-14 01:44:33.148 I/ActivityManager( 1627): Force stopping com.evancharlton.mileage appid=10304 user=0: finished inst
12-14 01:44:33.171 I/chatty  ( 1627): uid=1000(system) RenderThread identical 141 lines
12-14 01:44:33.171 I/ActivityManager( 1627): Start proc 4232:com.evancharlton.mileage/u0a304 for added application com.evancharlton.mileage
12-14 01:44:33.171 E/OpenGLRenderer( 1627): GL error:  GL_INVALID_OPERATION
12-14 01:44:33.172 D/AndroidRuntime( 4222): Shutting down VM
12-14 01:44:33.175 E/memtrack( 1627): Couldn't load memtrack module
12-14 01:44:33.175 W/android.os.Debug( 1627): failed to get memory consumption info: -1
12-14 01:44:33.179 E/OpenGLRenderer( 1627): GL error:  GL_INVALID_OPERATION
12-14 01:44:33.201 I/chatty  ( 1627): uid=1000(system) RenderThread identical 56 lines
12-14 01:44:33.201 E/OpenGLRenderer( 1627): GL error:  GL_INVALID_OPERATION
12-14 01:44:33.203 I/zygote  ( 4232): Not late-enabling -Xcheck:jni (already on)
12-14 01:44:33.205 E/OpenGLRenderer( 1627): GL error:  GL_INVALID_OPERATION
12-14 01:44:33.227 I/chatty  ( 1627): uid=1000(system) RenderThread identical 76 lines
12-14 01:44:33.227 E/OpenGLRenderer( 1627): GL error:  GL_INVALID_OPERATION
12-14 01:44:33.229 E/adbd    ( 1383): failed to connect to socket 'tcp:7102': Connection refused
12-14 01:44:33.231 W/ActivityManager( 1627): setHasOverlayUi called on unknown pid: 4164
12-14 01:44:33.231 E/OpenGLRenderer( 1627): GL error:  GL_INVALID_OPERATION
12-14 01:44:33.236 I/chatty  ( 1627): uid=1000(system) RenderThread identical 30 lines
12-14 01:44:33.238 E/OpenGLRenderer( 1627): GL error:  GL_INVALID_OPERATION
12-14 01:44:33.239 E/adbd    ( 1383): failed to connect to socket 'tcp:7102': Connection refused
12-14 01:44:33.239 E/OpenGLRenderer( 1627): GL error:  GL_INVALID_OPERATION
12-14 01:44:33.242 I/chatty  ( 1627): uid=1000(system) RenderThread identical 8 lines
12-14 01:44:33.242 E/OpenGLRenderer( 1627): GL error:  GL_INVALID_OPERATION
12-14 01:44:33.242 W/zygote  ( 4232): Unexpected CPU variant for X86 using defaults: x86
12-14 01:44:33.242 E/OpenGLRenderer( 1627): GL error:  GL_INVALID_OPERATION
12-14 01:44:33.284 I/chatty  ( 1627): uid=1000(system) RenderThread identical 133 lines
12-14 01:44:33.284 E/OpenGLRenderer( 1627): GL error:  GL_INVALID_OPERATION
12-14 01:44:33.284 W/zygote  ( 4232): Found duplicate classes, falling back to extracting from APK : /data/app/com.evancharlton.mileage.test-3FL0Faw8ZbMLUVB0rh3u9A==/base.apk
12-14 01:44:33.284 E/OpenGLRenderer( 1627): GL error:  GL_INVALID_OPERATION
12-14 01:44:33.284 W/zygote  ( 4232): NOTE: This wastes RAM and hurts startup performance.
12-14 01:44:33.284 W/zygote  ( 4232): Found duplicated class when checking oat files: 'Ljunit/runner/BaseTestRunner;' in /data/app/com.evancharlton.mileage.test-3FL0Faw8ZbMLUVB0rh3u9A==/base.apk and /system/framework/android.test.runner.jar
12-14 01:44:33.284 W/zygote  ( 4232): 
12-14 01:44:33.284 E/OpenGLRenderer( 1627): GL error:  GL_INVALID_OPERATION
12-14 01:44:33.346 I/chatty  ( 1627): uid=1000(system) RenderThread identical 260 lines
12-14 01:44:33.346 E/OpenGLRenderer( 1627): GL error:  GL_INVALID_OPERATION
12-14 01:44:33.347 E/adbd    ( 1383): failed to connect to socket 'tcp:7102': Connection refused
12-14 01:44:33.347 E/OpenGLRenderer( 1627): GL error:  GL_INVALID_OPERATION
12-14 01:44:33.352 I/chatty  ( 1627): uid=1000(system) RenderThread identical 23 lines
12-14 01:44:33.353 E/OpenGLRenderer( 1627): GL error:  GL_INVALID_OPERATION
12-14 01:44:33.355 W/System  ( 4232): ClassLoader referenced unknown path: 
12-14 01:44:33.355 E/OpenGLRenderer( 1627): GL error:  GL_INVALID_OPERATION
12-14 01:44:33.369 I/chatty  ( 1627): uid=1000(system) RenderThread identical 58 lines
12-14 01:44:33.369 E/OpenGLRenderer( 1627): GL error:  GL_INVALID_OPERATION
12-14 01:44:33.371 E/adbd    ( 1383): failed to connect to socket 'tcp:7102': Connection refused
12-14 01:44:33.372 E/OpenGLRenderer( 1627): GL error:  GL_INVALID_OPERATION
12-14 01:44:33.387 I/chatty  ( 1627): uid=1000(system) RenderThread identical 37 lines
12-14 01:44:33.388 E/OpenGLRenderer( 1627): GL error:  GL_INVALID_OPERATION
12-14 01:44:33.389 I/System.out( 4232): Main activity name automatically set to: com.evancharlton.mileage.Mileage
12-14 01:44:33.389 E/OpenGLRenderer( 1627): GL error:  GL_INVALID_OPERATION
12-14 01:44:33.389 I/chatty  ( 1627): uid=1000(system) RenderThread identical 3 lines
12-14 01:44:33.390 E/OpenGLRenderer( 1627): GL error:  GL_INVALID_OPERATION
12-14 01:44:33.390 I/System.out( 4232): Calabash did not load Mono. This is only a problem if you are trying to test a Mono application
12-14 01:44:33.390 E/OpenGLRenderer( 1627): GL error:  GL_INVALID_OPERATION
12-14 01:44:33.390 I/chatty  ( 1627): uid=1000(system) RenderThread identical 1 line
12-14 01:44:33.390 E/OpenGLRenderer( 1627): GL error:  GL_INVALID_OPERATION
12-14 01:44:33.390 I/calabash( 4232): Test server port: 7102
12-14 01:44:33.390 E/OpenGLRenderer( 1627): GL error:  GL_INVALID_OPERATION
12-14 01:44:33.392 I/chatty  ( 1627): uid=1000(system) RenderThread identical 10 lines
12-14 01:44:33.392 E/OpenGLRenderer( 1627): GL error:  GL_INVALID_OPERATION
12-14 01:44:33.392 I/InstrumentationBackend( 4232): Added:'GetPreferences', with key:'get_preferences'
12-14 01:44:33.393 E/OpenGLRenderer( 1627): GL error:  GL_INVALID_OPERATION
12-14 01:44:33.488 I/chatty  ( 1627): uid=1000(system) RenderThread identical 378 lines
12-14 01:44:33.488 E/OpenGLRenderer( 1627): GL error:  GL_INVALID_OPERATION
12-14 01:44:33.489 E/adbd    ( 1383): failed to connect to socket 'tcp:7102': Connection refused
12-14 01:44:33.489 E/OpenGLRenderer( 1627): GL error:  GL_INVALID_OPERATION
12-14 01:44:33.498 I/chatty  ( 1627): uid=1000(system) RenderThread identical 33 lines
12-14 01:44:33.498 E/OpenGLRenderer( 1627): GL error:  GL_INVALID_OPERATION
12-14 01:44:33.498 E/adbd    ( 1383): failed to connect to socket 'tcp:7102': Connection refused
12-14 01:44:33.498 E/OpenGLRenderer( 1627): GL error:  GL_INVALID_OPERATION
12-14 01:44:33.560 E/TaskPersister( 1627): File error accessing recents directory (directory doesn't exist?).
12-14 01:44:33.591 I/chatty  ( 1627): uid=1000(system) RenderThread identical 397 lines
12-14 01:44:33.591 E/OpenGLRenderer( 1627): GL error:  GL_INVALID_OPERATION
12-14 01:44:33.591 I/InstrumentationBackend( 4232): Added:'SetPreferences', with key:'set_preferences'
12-14 01:44:33.592 E/OpenGLRenderer( 1627): GL error:  GL_INVALID_OPERATION
12-14 01:44:33.592 I/InstrumentationBackend( 4232): Added:'ClearPreferences', with key:'clear_preferences'
12-14 01:44:33.592 E/OpenGLRenderer( 1627): GL error:  GL_INVALID_OPERATION
12-14 01:44:33.592 I/chatty  ( 1627): uid=1000(system) RenderThread identical 2 lines
12-14 01:44:33.592 E/OpenGLRenderer( 1627): GL error:  GL_INVALID_OPERATION
12-14 01:44:33.592 I/InstrumentationBackend( 4232): Added:'PressElement', with key:'press_l10n_element'
12-14 01:44:33.593 E/OpenGLRenderer( 1627): GL error:  GL_INVALID_OPERATION
12-14 01:44:33.593 I/chatty  ( 1627): uid=1000(system) RenderThread identical 1 line
12-14 01:44:33.593 E/OpenGLRenderer( 1627): GL error:  GL_INVALID_OPERATION
12-14 01:44:33.593 I/InstrumentationBackend( 4232): Added:'WaitForElement', with key:'wait_for_l10n_element'
12-14 01:44:33.593 E/OpenGLRenderer( 1627): GL error:  GL_INVALID_OPERATION
12-14 01:44:33.594 I/chatty  ( 1627): uid=1000(system) RenderThread identical 6 lines
12-14 01:44:33.594 E/OpenGLRenderer( 1627): GL error:  GL_INVALID_OPERATION
12-14 01:44:33.594 I/InstrumentationBackend( 4232): Added:'NullAction', with key:'nullAction'
12-14 01:44:33.595 E/OpenGLRenderer( 1627): GL error:  GL_INVALID_OPERATION
12-14 01:44:33.595 I/chatty  ( 1627): uid=1000(system) RenderThread identical 3 lines
12-14 01:44:33.595 E/OpenGLRenderer( 1627): GL error:  GL_INVALID_OPERATION
12-14 01:44:33.595 I/InstrumentationBackend( 4232): Added:'PressKey', with key:'press_key'
12-14 01:44:33.595 E/OpenGLRenderer( 1627): GL error:  GL_INVALID_OPERATION
12-14 01:44:33.596 I/chatty  ( 1627): uid=1000(system) RenderThread identical 3 lines
12-14 01:44:33.596 E/OpenGLRenderer( 1627): GL error:  GL_INVALID_OPERATION
12-14 01:44:33.596 I/InstrumentationBackend( 4232): Added:'SetActivityOrientation', with key:'set_activity_orientation'
12-14 01:44:33.596 E/OpenGLRenderer( 1627): GL error:  GL_INVALID_OPERATION
12-14 01:44:33.596 I/chatty  ( 1627): uid=1000(system) RenderThread identical 1 line
12-14 01:44:33.596 E/OpenGLRenderer( 1627): GL error:  GL_INVALID_OPERATION
12-14 01:44:33.596 I/InstrumentationBackend( 4232): Added:'GetActivityOrientation', with key:'get_activity_orientation'
12-14 01:44:33.596 E/OpenGLRenderer( 1627): GL error:  GL_INVALID_OPERATION
12-14 01:44:33.597 I/chatty  ( 1627): uid=1000(system) RenderThread identical 2 lines
12-14 01:44:33.597 E/OpenGLRenderer( 1627): GL error:  GL_INVALID_OPERATION
12-14 01:44:33.597 I/InstrumentationBackend( 4232): Added:'FakeGPSLocation', with key:'set_gps_coordinates'
12-14 01:44:33.597 E/OpenGLRenderer( 1627): GL error:  GL_INVALID_OPERATION
12-14 01:44:33.598 I/chatty  ( 1627): uid=1000(system) RenderThread identical 2 lines
12-14 01:44:33.598 E/OpenGLRenderer( 1627): GL error:  GL_INVALID_OPERATION
12-14 01:44:33.598 I/InstrumentationBackend( 4232): Added:'SetPropertyByCssSelector', with key:'set_property_by_css_selector'
12-14 01:44:33.598 E/OpenGLRenderer( 1627): GL error:  GL_INVALID_OPERATION
12-14 01:44:33.599 I/chatty  ( 1627): uid=1000(system) RenderThread identical 7 lines
12-14 01:44:33.599 E/OpenGLRenderer( 1627): GL error:  GL_INVALID_OPERATION
12-14 01:44:33.600 I/InstrumentationBackend( 4232): Added:'GetUrl', with key:'get_url'
12-14 01:44:33.602 E/OpenGLRenderer( 1627): GL error:  GL_INVALID_OPERATION
12-14 01:44:33.608 I/chatty  ( 1627): uid=1000(system) RenderThread identical 16 lines
12-14 01:44:33.608 E/OpenGLRenderer( 1627): GL error:  GL_INVALID_OPERATION
12-14 01:44:33.609 I/InstrumentationBackend( 4232): Added:'ScrollTo', with key:'scroll_to'
12-14 01:44:33.609 E/OpenGLRenderer( 1627): GL error:  GL_INVALID_OPERATION
12-14 01:44:33.609 E/OpenGLRenderer( 1627): GL error:  GL_INVALID_OPERATION
12-14 01:44:33.609 I/InstrumentationBackend( 4232): Added:'GetLoadProgress', with key:'get_load_progress'
12-14 01:44:33.609 E/OpenGLRenderer( 1627): GL error:  GL_INVALID_OPERATION
12-14 01:44:33.610 I/chatty  ( 1627): uid=1000(system) RenderThread identical 4 lines
12-14 01:44:33.610 E/OpenGLRenderer( 1627): GL error:  GL_INVALID_OPERATION
12-14 01:44:33.610 I/InstrumentationBackend( 4232): Added:'DumpHtml', with key:'dump_html'
12-14 01:44:33.611 E/OpenGLRenderer( 1627): GL error:  GL_INVALID_OPERATION
12-14 01:44:33.611 E/OpenGLRenderer( 1627): GL error:  GL_INVALID_OPERATION
12-14 01:44:33.611 I/InstrumentationBackend( 4232): Added:'DumpBodyHtml', with key:'dump_body_html'
12-14 01:44:33.611 E/OpenGLRenderer( 1627): GL error:  GL_INVALID_OPERATION
12-14 01:44:33.611 I/chatty  ( 1627): uid=1000(system) RenderThread identical 1 line
12-14 01:44:33.612 E/OpenGLRenderer( 1627): GL error:  GL_INVALID_OPERATION
12-14 01:44:33.612 I/InstrumentationBackend( 4232): Added:'EnterTextByCssSelector', with key:'enter_text_by_selector'
12-14 01:44:33.612 E/OpenGLRenderer( 1627): GL error:  GL_INVALID_OPERATION
12-14 01:44:33.615 I/chatty  ( 1627): uid=1000(system) RenderThread identical 11 lines
12-14 01:44:33.615 E/OpenGLRenderer( 1627): GL error:  GL_INVALID_OPERATION
12-14 01:44:33.615 E/adbd    ( 1383): failed to connect to socket 'tcp:7102': Connection refused
12-14 01:44:33.615 E/OpenGLRenderer( 1627): GL error:  GL_INVALID_OPERATION
12-14 01:44:33.625 I/chatty  ( 1627): uid=1000(system) RenderThread identical 34 lines
12-14 01:44:33.626 E/OpenGLRenderer( 1627): GL error:  GL_INVALID_OPERATION
12-14 01:44:33.626 I/InstrumentationBackend( 4232): Added:'AndroidSDKVersion', with key:'android_sdk_version'
12-14 01:44:33.626 E/OpenGLRenderer( 1627): GL error:  GL_INVALID_OPERATION
12-14 01:44:33.626 I/InstrumentationBackend( 4232): Added:'Version', with key:'version'
12-14 01:44:33.626 E/OpenGLRenderer( 1627): GL error:  GL_INVALID_OPERATION
12-14 01:44:33.627 I/chatty  ( 1627): uid=1000(system) RenderThread identical 1 line
12-14 01:44:33.627 E/OpenGLRenderer( 1627): GL error:  GL_INVALID_OPERATION
12-14 01:44:33.627 E/adbd    ( 1383): failed to connect to socket 'tcp:7102': Connection refused
12-14 01:44:33.627 E/OpenGLRenderer( 1627): GL error:  GL_INVALID_OPERATION
12-14 01:44:33.628 I/chatty  ( 1627): uid=1000(system) RenderThread identical 3 lines
12-14 01:44:33.628 E/OpenGLRenderer( 1627): GL error:  GL_INVALID_OPERATION
12-14 01:44:33.628 I/InstrumentationBackend( 4232): Added:'Drag', with key:'drag'
12-14 01:44:33.628 E/OpenGLRenderer( 1627): GL error:  GL_INVALID_OPERATION
12-14 01:44:33.628 I/chatty  ( 1627): uid=1000(system) RenderThread identical 1 line
12-14 01:44:33.629 E/OpenGLRenderer( 1627): GL error:  GL_INVALID_OPERATION
12-14 01:44:33.629 I/InstrumentationBackend( 4232): Added:'TouchCoordinates', with key:'touch_coordinate'
12-14 01:44:33.629 E/OpenGLRenderer( 1627): GL error:  GL_INVALID_OPERATION
12-14 01:44:33.629 E/OpenGLRenderer( 1627): GL error:  GL_INVALID_OPERATION
12-14 01:44:33.629 I/InstrumentationBackend( 4232): Added:'LongPressCoordinate', with key:'long_press_coordinate'
12-14 01:44:33.629 E/OpenGLRenderer( 1627): GL error:  GL_INVALID_OPERATION
12-14 01:44:33.630 E/OpenGLRenderer( 1627): GL error:  GL_INVALID_OPERATION
12-14 01:44:33.630 I/InstrumentationBackend( 4232): Added:'DragCoordinates', with key:'drag_coordinates'
12-14 01:44:33.630 E/OpenGLRenderer( 1627): GL error:  GL_INVALID_OPERATION
12-14 01:44:33.630 I/chatty  ( 1627): uid=1000(system) RenderThread identical 2 lines
12-14 01:44:33.631 E/OpenGLRenderer( 1627): GL error:  GL_INVALID_OPERATION
12-14 01:44:33.631 I/InstrumentationBackend( 4232): Added:'ResumeApplication', with key:'resume_application'
12-14 01:44:33.631 E/OpenGLRenderer( 1627): GL error:  GL_INVALID_OPERATION
12-14 01:44:33.631 E/OpenGLRenderer( 1627): GL error:  GL_INVALID_OPERATION
12-14 01:44:33.631 I/InstrumentationBackend( 4232): Added:'Swipe', with key:'swipe'
12-14 01:44:33.631 E/OpenGLRenderer( 1627): GL error:  GL_INVALID_OPERATION
12-14 01:44:33.631 E/OpenGLRenderer( 1627): GL error:  GL_INVALID_OPERATION
12-14 01:44:33.632 I/InstrumentationBackend( 4232): Added:'DoubleTapCoordinate', with key:'double_tap_coordinate'
12-14 01:44:33.632 E/OpenGLRenderer( 1627): GL error:  GL_INVALID_OPERATION
12-14 01:44:33.632 I/chatty  ( 1627): uid=1000(system) RenderThread identical 1 line
12-14 01:44:33.632 E/OpenGLRenderer( 1627): GL error:  GL_INVALID_OPERATION
12-14 01:44:33.632 I/InstrumentationBackend( 4232): Added:'ClickOnScreen', with key:'click_on_screen'
12-14 01:44:33.632 E/OpenGLRenderer( 1627): GL error:  GL_INVALID_OPERATION
12-14 01:44:33.633 I/chatty  ( 1627): uid=1000(system) RenderThread identical 6 lines
12-14 01:44:33.634 E/OpenGLRenderer( 1627): GL error:  GL_INVALID_OPERATION
12-14 01:44:33.634 I/InstrumentationBackend( 4232): Added:'GetActivityName', with key:'get_activity_name'
12-14 01:44:33.634 E/OpenGLRenderer( 1627): GL error:  GL_INVALID_OPERATION
12-14 01:44:33.634 I/chatty  ( 1627): uid=1000(system) RenderThread identical 3 lines
12-14 01:44:33.635 E/OpenGLRenderer( 1627): GL error:  GL_INVALID_OPERATION
12-14 01:44:33.635 I/InstrumentationBackend( 4232): Added:'ScrollToView', with key:'scroll_to_view'
12-14 01:44:33.635 E/OpenGLRenderer( 1627): GL error:  GL_INVALID_OPERATION
12-14 01:44:33.635 I/chatty  ( 1627): uid=1000(system) RenderThread identical 3 lines
12-14 01:44:33.635 E/OpenGLRenderer( 1627): GL error:  GL_INVALID_OPERATION
12-14 01:44:33.636 I/InstrumentationBackend( 4232): Added:'ViewConfiguration', with key:'view_configuration'
12-14 01:44:33.636 E/OpenGLRenderer( 1627): GL error:  GL_INVALID_OPERATION
12-14 01:44:33.636 I/chatty  ( 1627): uid=1000(system) RenderThread identical 1 line
12-14 01:44:33.636 E/OpenGLRenderer( 1627): GL error:  GL_INVALID_OPERATION
12-14 01:44:33.636 I/InstrumentationBackend( 4232): Added:'IsCurrentActivityFocused', with key:'is_current_activity_focused'
12-14 01:44:33.637 E/OpenGLRenderer( 1627): GL error:  GL_INVALID_OPERATION
12-14 01:44:33.638 I/InstrumentationBackend( 4232): Added:'SendTcp', with key:'send_tcp'
12-14 01:44:33.638 E/OpenGLRenderer( 1627): GL error:  GL_INVALID_OPERATION
12-14 01:44:33.638 I/chatty  ( 1627): uid=1000(system) RenderThread identical 1 line
12-14 01:44:33.638 E/OpenGLRenderer( 1627): GL error:  GL_INVALID_OPERATION
12-14 01:44:33.639 I/InstrumentationBackend( 4232): Added:'DpToDevicePixel', with key:'dp_to_device_pixel'
12-14 01:44:33.639 E/OpenGLRenderer( 1627): GL error:  GL_INVALID_OPERATION
12-14 01:44:33.640 I/chatty  ( 1627): uid=1000(system) RenderThread identical 7 lines
12-14 01:44:33.640 E/OpenGLRenderer( 1627): GL error:  GL_INVALID_OPERATION
12-14 01:44:33.640 I/InstrumentationBackend( 4232): Added:'KeyboardEnterText', with key:'keyboard_enter_text'
12-14 01:44:33.640 E/OpenGLRenderer( 1627): GL error:  GL_INVALID_OPERATION
12-14 01:44:33.641 I/chatty  ( 1627): uid=1000(system) RenderThread identical 1 line
12-14 01:44:33.641 E/OpenGLRenderer( 1627): GL error:  GL_INVALID_OPERATION
12-14 01:44:33.641 I/InstrumentationBackend( 4232): Added:'DeleteSurroundingText', with key:'delete_surrounding_text'
12-14 01:44:33.641 E/OpenGLRenderer( 1627): GL error:  GL_INVALID_OPERATION
12-14 01:44:33.641 I/chatty  ( 1627): uid=1000(system) RenderThread identical 1 line
12-14 01:44:33.641 E/OpenGLRenderer( 1627): GL error:  GL_INVALID_OPERATION
12-14 01:44:33.641 I/InstrumentationBackend( 4232): Added:'SetComposingRegion', with key:'set_composing_region'
12-14 01:44:33.642 E/OpenGLRenderer( 1627): GL error:  GL_INVALID_OPERATION
12-14 01:44:33.642 I/chatty  ( 1627): uid=1000(system) RenderThread identical 2 lines
12-14 01:44:33.642 E/OpenGLRenderer( 1627): GL error:  GL_INVALID_OPERATION
12-14 01:44:33.642 I/InstrumentationBackend( 4232): Added:'SetSelection', with key:'set_selection'
12-14 01:44:33.642 E/OpenGLRenderer( 1627): GL error:  GL_INVALID_OPERATION
12-14 01:44:33.643 I/chatty  ( 1627): uid=1000(system) RenderThread identical 3 lines
12-14 01:44:33.643 E/OpenGLRenderer( 1627): GL error:  GL_INVALID_OPERATION
12-14 01:44:33.643 I/InstrumentationBackend( 4232): Added:'KeyboardKeyEvent', with key:'keyboard_key_event'
12-14 01:44:33.643 E/OpenGLRenderer( 1627): GL error:  GL_INVALID_OPERATION
12-14 01:44:33.644 I/chatty  ( 1627): uid=1000(system) RenderThread identical 3 lines
12-14 01:44:33.644 E/OpenGLRenderer( 1627): GL error:  GL_INVALID_OPERATION
12-14 01:44:33.644 I/InstrumentationBackend( 4232): Added:'PressUserActionButton', with key:'press_user_action_button'
12-14 01:44:33.644 E/OpenGLRenderer( 1627): GL error:  GL_INVALID_OPERATION
12-14 01:44:33.645 I/chatty  ( 1627): uid=1000(system) RenderThread identical 9 lines
12-14 01:44:33.646 E/OpenGLRenderer( 1627): GL error:  GL_INVALID_OPERATION
12-14 01:44:33.646 I/InstrumentationBackend( 4232): Added:'HideSoftKeyboard', with key:'hide_soft_keyboard'
12-14 01:44:33.646 E/OpenGLRenderer( 1627): GL error:  GL_INVALID_OPERATION
12-14 01:44:33.648 I/chatty  ( 1627): uid=1000(system) RenderThread identical 12 lines
12-14 01:44:33.648 E/OpenGLRenderer( 1627): GL error:  GL_INVALID_OPERATION
12-14 01:44:33.648 I/InstrumentationBackend( 4232): Added:'ListActions', with key:'list_actions'
12-14 01:44:33.648 E/OpenGLRenderer( 1627): GL error:  GL_INVALID_OPERATION
12-14 01:44:33.649 E/OpenGLRenderer( 1627): GL error:  GL_INVALID_OPERATION
12-14 01:44:33.649 I/calabash( 4232): Instantiating http server at 7102
12-14 01:44:33.649 E/OpenGLRenderer( 1627): GL error:  GL_INVALID_OPERATION
12-14 01:44:33.649 I/chatty  ( 1627): uid=1000(system) RenderThread identical 2 lines
12-14 01:44:33.650 E/OpenGLRenderer( 1627): GL error:  GL_INVALID_OPERATION
12-14 01:44:33.650 I/System.out( 4232): HTTP Daemon listening on: 7102
12-14 01:44:33.650 E/OpenGLRenderer( 1627): GL error:  GL_INVALID_OPERATION
12-14 01:44:33.730 I/chatty  ( 1627): uid=1000(system) RenderThread identical 342 lines
12-14 01:44:33.730 E/OpenGLRenderer( 1627): GL error:  GL_INVALID_OPERATION
12-14 01:44:33.730 E/memtrack( 1627): Couldn't load memtrack module
12-14 01:44:33.730 W/android.os.Debug( 1627): failed to get memory consumption info: -1
12-14 01:44:33.730 E/OpenGLRenderer( 1627): GL error:  GL_INVALID_OPERATION
12-14 01:44:33.751 I/chatty  ( 1627): uid=1000(system) RenderThread identical 73 lines
12-14 01:44:33.751 E/OpenGLRenderer( 1627): GL error:  GL_INVALID_OPERATION
12-14 01:44:33.752 I/System.out( 4232): URI: //ping
12-14 01:44:33.752 E/OpenGLRenderer( 1627): GL error:  GL_INVALID_OPERATION
12-14 01:44:33.752 I/System.out( 4232): params: {json={}
12-14 01:44:33.752 E/OpenGLRenderer( 1627): GL error:  GL_INVALID_OPERATION
12-14 01:44:33.752 I/System.out( 4232): }
12-14 01:44:33.752 E/OpenGLRenderer( 1627): GL error:  GL_INVALID_OPERATION
12-14 01:44:33.766 I/chatty  ( 1627): uid=1000(system) RenderThread identical 32 lines
12-14 01:44:33.766 E/OpenGLRenderer( 1627): GL error:  GL_INVALID_OPERATION
12-14 01:44:33.766 I/System.out( 4232): URI: //ping
12-14 01:44:33.767 I/System.out( 4232): params: {json={}
12-14 01:44:33.767 I/System.out( 4232): }
12-14 01:44:33.767 E/OpenGLRenderer( 1627): GL error:  GL_INVALID_OPERATION
12-14 01:44:33.780 I/chatty  ( 1627): uid=1000(system) RenderThread identical 31 lines
12-14 01:44:33.781 E/OpenGLRenderer( 1627): GL error:  GL_INVALID_OPERATION
12-14 01:44:33.781 I/System.out( 4232): URI: //ready
12-14 01:44:33.781 I/System.out( 4232): params: {json={}
12-14 01:44:33.781 E/OpenGLRenderer( 1627): GL error:  GL_INVALID_OPERATION
12-14 01:44:33.781 I/System.out( 4232): }
12-14 01:44:33.781 E/OpenGLRenderer( 1627): GL error:  GL_INVALID_OPERATION
12-14 01:44:33.793 I/chatty  ( 1627): uid=1000(system) RenderThread identical 25 lines
12-14 01:44:33.793 E/OpenGLRenderer( 1627): GL error:  GL_INVALID_OPERATION
12-14 01:44:33.793 I/System.out( 4232): URI: //
12-14 01:44:33.793 E/OpenGLRenderer( 1627): GL error:  GL_INVALID_OPERATION
12-14 01:44:33.793 I/System.out( 4232): params: {json={"command":"version","arguments":[]}
12-14 01:44:33.793 I/System.out( 4232): }
12-14 01:44:33.794 E/OpenGLRenderer( 1627): GL error:  GL_INVALID_OPERATION
12-14 01:44:33.794 I/System.out( 4232): header: {content-type=application/json;charset=utf-8, date=Mon, 14 Dec 2020 06:44:33 GMT, accept=*/*, host=127.0.0.1:34777, content-length=36, user-agent=HTTPClient/1.0 (2.8.3, ruby 2.5.8 (2020-03-31))}
12-14 01:44:33.794 I/System.out( 4232): params: {json={"command":"version","arguments":[]}
12-14 01:44:33.794 I/System.out( 4232): }
12-14 01:44:33.794 I/System.out( 4232): ProP json = {"command":"version","arguments":[]}
12-14 01:44:33.794 I/System.out( 4232): files: {}
12-14 01:44:33.794 I/System.out( 4232): command: {"command":"version","arguments":[]}
12-14 01:44:33.794 E/OpenGLRenderer( 1627): GL error:  GL_INVALID_OPERATION
12-14 01:44:33.882 I/chatty  ( 1627): uid=1000(system) RenderThread identical 364 lines
12-14 01:44:33.882 E/OpenGLRenderer( 1627): GL error:  GL_INVALID_OPERATION
12-14 01:44:33.882 I/InstrumentationBackend( 4232): Got command:'Command:'Line:null,version', arguments:'[]'
12-14 01:44:33.882 E/OpenGLRenderer( 1627): GL error:  GL_INVALID_OPERATION
12-14 01:44:33.967 I/chatty  ( 1627): uid=1000(system) RenderThread identical 427 lines
12-14 01:44:33.967 E/OpenGLRenderer( 1627): GL error:  GL_INVALID_OPERATION
12-14 01:44:33.967 I/System.out( 4232): result:{"bonusInformation":[],"message":"0.9.8","success":true}
12-14 01:44:33.967 E/OpenGLRenderer( 1627): GL error:  GL_INVALID_OPERATION
12-14 01:44:33.981 I/chatty  ( 1627): uid=1000(system) RenderThread identical 43 lines
12-14 01:44:33.981 E/OpenGLRenderer( 1627): GL error:  GL_INVALID_OPERATION
12-14 01:44:33.981 I/System.out( 4232): URI: //start-application
12-14 01:44:33.981 E/OpenGLRenderer( 1627): GL error:  GL_INVALID_OPERATION
12-14 01:44:33.981 I/System.out( 4232): params: {json={"intent":null}
12-14 01:44:33.981 I/System.out( 4232): }
12-14 01:44:33.981 E/OpenGLRenderer( 1627): GL error:  GL_INVALID_OPERATION
12-14 01:44:34.107 I/chatty  ( 1627): uid=1000(system) RenderThread identical 521 lines
12-14 01:44:34.107 I/calabash( 4232): newActivity1
12-14 01:44:34.107 E/OpenGLRenderer( 1627): GL error:  GL_INVALID_OPERATION
12-14 01:44:34.107 E/OpenGLRenderer( 1627): GL error:  GL_INVALID_OPERATION
12-14 01:44:34.118 I/chatty  ( 1627): uid=1000(system) RenderThread identical 52 lines
12-14 01:44:34.118 E/OpenGLRenderer( 1627): GL error:  GL_INVALID_OPERATION
12-14 01:44:34.121 D/gralloc_ranchu( 1396): gralloc_alloc: Creating ashmem region of size 7753728
12-14 01:44:34.122 E/OpenGLRenderer( 1627): GL error:  GL_INVALID_OPERATION
12-14 01:44:34.168 I/chatty  ( 1627): uid=1000(system) RenderThread identical 138 lines
12-14 01:44:34.168 E/OpenGLRenderer( 1627): GL error:  GL_INVALID_OPERATION
12-14 01:44:34.173 D/EGL_emulation( 2170): eglMakeCurrent: 0xa7d05a20: ver 3 0 (tinfo 0xa7d03680)
12-14 01:44:34.174 E/OpenGLRenderer( 1627): GL error:  GL_INVALID_OPERATION
12-14 01:44:34.175 E/OpenGLRenderer( 1627): GL error:  GL_INVALID_OPERATION
12-14 01:44:34.175 D/EGL_emulation( 2148): eglMakeCurrent: 0xa7d05420: ver 3 0 (tinfo 0xa7d03320)
12-14 01:44:34.176 E/OpenGLRenderer( 1627): GL error:  GL_INVALID_OPERATION
12-14 01:44:34.179 I/chatty  ( 1627): uid=1000(system) RenderThread identical 5 lines
12-14 01:44:34.179 E/OpenGLRenderer( 1627): GL error:  GL_INVALID_OPERATION
12-14 01:44:34.180 V/StatusBar( 1732): setLightsOn(true)
12-14 01:44:34.180 E/OpenGLRenderer( 1627): GL error:  GL_INVALID_OPERATION
12-14 01:44:34.202 I/chatty  ( 1627): uid=1000(system) RenderThread identical 28 lines
12-14 01:44:34.202 E/OpenGLRenderer( 1627): GL error:  GL_INVALID_OPERATION
12-14 01:44:34.203 D/EGL_emulation( 1732): eglMakeCurrent: 0xa7d055a0: ver 3 0 (tinfo 0xa7d035b0)
12-14 01:44:34.204 E/OpenGLRenderer( 1627): GL error:  GL_INVALID_OPERATION
12-14 01:44:34.208 E/memtrack( 1627): Couldn't load memtrack module
12-14 01:44:34.208 W/android.os.Debug( 1627): failed to get memory consumption info: -1
12-14 01:44:34.209 E/OpenGLRenderer( 1627): GL error:  GL_INVALID_OPERATION
12-14 01:44:34.215 I/chatty  ( 1627): uid=1000(system) RenderThread identical 24 lines
12-14 01:44:34.216 E/OpenGLRenderer( 1627): GL error:  GL_INVALID_OPERATION
12-14 01:44:34.216 D/EGL_emulation( 1732): eglMakeCurrent: 0xa7d055a0: ver 3 0 (tinfo 0xa7d035b0)
12-14 01:44:34.217 E/OpenGLRenderer( 1627): GL error:  GL_INVALID_OPERATION
12-14 01:44:34.228 W/ActivityManager( 1627): Bad activity token: android.os.BinderProxy@acd48a6
12-14 01:44:34.228 W/ActivityManager( 1627): java.lang.ClassCastException: android.os.BinderProxy cannot be cast to com.android.server.am.ActivityRecord$Token
12-14 01:44:34.228 W/ActivityManager( 1627): 	at com.android.server.am.ActivityRecord.forTokenLocked(ActivityRecord.java:778)
12-14 01:44:34.228 W/ActivityManager( 1627): 	at com.android.server.am.ActivityRecord.isInStackLocked(ActivityRecord.java:2085)
12-14 01:44:34.228 W/ActivityManager( 1627): 	at com.android.server.am.ActivityRecord.getStackLocked(ActivityRecord.java:2090)
12-14 01:44:34.228 W/ActivityManager( 1627): 	at com.android.server.am.ActivityManagerService.getActivityDisplayId(ActivityManagerService.java:10406)
12-14 01:44:34.228 W/ActivityManager( 1627): 	at android.app.IActivityManager$Stub.onTransact(IActivityManager.java:2738)
12-14 01:44:34.228 W/ActivityManager( 1627): 	at com.android.server.am.ActivityManagerService.onTransact(ActivityManagerService.java:2935)
12-14 01:44:34.228 W/ActivityManager( 1627): 	at android.os.Binder.execTransact(Binder.java:674)
12-14 01:44:34.228 I/chatty  ( 1627): uid=1000(system) RenderThread identical 31 lines
12-14 01:44:34.229 E/OpenGLRenderer( 1627): GL error:  GL_INVALID_OPERATION
12-14 01:44:34.229 I/calabash( 4232): newActivity1
12-14 01:44:34.229 E/OpenGLRenderer( 1627): GL error:  GL_INVALID_OPERATION
12-14 01:44:34.241 I/chatty  ( 1627): uid=1000(system) RenderThread identical 52 lines
12-14 01:44:34.242 E/OpenGLRenderer( 1627): GL error:  GL_INVALID_OPERATION
12-14 01:44:34.242 D/EGL_emulation( 1732): eglMakeCurrent: 0xa7d055a0: ver 3 0 (tinfo 0xa7d035b0)
12-14 01:44:34.243 E/OpenGLRenderer( 1627): GL error:  GL_INVALID_OPERATION
12-14 01:44:34.247 W/ActivityManager( 1627): Bad activity token: android.os.BinderProxy@acd48a6
12-14 01:44:34.247 W/ActivityManager( 1627): java.lang.ClassCastException: android.os.BinderProxy cannot be cast to com.android.server.am.ActivityRecord$Token
12-14 01:44:34.247 W/ActivityManager( 1627): 	at com.android.server.am.ActivityRecord.forTokenLocked(ActivityRecord.java:778)
12-14 01:44:34.247 W/ActivityManager( 1627): 	at com.android.server.am.ActivityRecord.isInStackLocked(ActivityRecord.java:2085)
12-14 01:44:34.247 W/ActivityManager( 1627): 	at com.android.server.am.ActivityManagerService.setTaskDescription(ActivityManagerService.java:9988)
12-14 01:44:34.247 W/ActivityManager( 1627): 	at android.app.IActivityManager$Stub.onTransact(IActivityManager.java:2824)
12-14 01:44:34.247 W/ActivityManager( 1627): 	at com.android.server.am.ActivityManagerService.onTransact(ActivityManagerService.java:2935)
12-14 01:44:34.247 W/ActivityManager( 1627): 	at android.os.Binder.execTransact(Binder.java:674)
12-14 01:44:34.247 I/chatty  ( 1627): uid=1000(system) RenderThread identical 11 lines
12-14 01:44:34.248 E/OpenGLRenderer( 1627): GL error:  GL_INVALID_OPERATION
12-14 01:44:34.248 V/StatusBar( 1732): setLightsOn(true)
12-14 01:44:34.248 E/OpenGLRenderer( 1627): GL error:  GL_INVALID_OPERATION
12-14 01:44:34.249 W/ActivityManager( 1627): Bad activity token: android.os.BinderProxy@acd48a6
12-14 01:44:34.249 W/ActivityManager( 1627): java.lang.ClassCastException: android.os.BinderProxy cannot be cast to com.android.server.am.ActivityRecord$Token
12-14 01:44:34.249 W/ActivityManager( 1627): 	at com.android.server.am.ActivityRecord.forTokenLocked(ActivityRecord.java:778)
12-14 01:44:34.249 W/ActivityManager( 1627): 	at com.android.server.am.ActivityRecord.isInStackLocked(ActivityRecord.java:2085)
12-14 01:44:34.249 W/ActivityManager( 1627): 	at com.android.server.am.ActivityRecord.getStackLocked(ActivityRecord.java:2090)
12-14 01:44:34.249 W/ActivityManager( 1627): 	at com.android.server.am.ActivityManagerService.getActivityStackId(ActivityManagerService.java:10417)
12-14 01:44:34.249 W/ActivityManager( 1627): 	at android.app.IActivityManager$Stub.onTransact(IActivityManager.java:3548)
12-14 01:44:34.249 W/ActivityManager( 1627): 	at com.android.server.am.ActivityManagerService.onTransact(ActivityManagerService.java:2935)
12-14 01:44:34.249 W/ActivityManager( 1627): 	at android.os.Binder.execTransact(Binder.java:674)
12-14 01:44:34.269 I/chatty  ( 1627): uid=1000(system) RenderThread identical 60 lines
12-14 01:44:34.270 E/OpenGLRenderer( 1627): GL error:  GL_INVALID_OPERATION
12-14 01:44:34.270 D/EGL_emulation( 1732): eglMakeCurrent: 0xa7d055a0: ver 3 0 (tinfo 0xa7d035b0)
12-14 01:44:34.270 E/OpenGLRenderer( 1627): GL error:  GL_INVALID_OPERATION
12-14 01:44:34.289 I/chatty  ( 1627): uid=1000(system) RenderThread identical 85 lines
12-14 01:44:34.289 E/OpenGLRenderer( 1627): GL error:  GL_INVALID_OPERATION
12-14 01:44:34.291 D/EGL_emulation( 1732): eglMakeCurrent: 0xa7d055a0: ver 3 0 (tinfo 0xa7d035b0)
12-14 01:44:34.293 E/ContentStoreEUAS( 2170): Failed to commit the deferred actions
12-14 01:44:34.296 E/OpenGLRenderer( 1627): GL error:  GL_INVALID_OPERATION
12-14 01:44:34.297 I/chatty  ( 1627): uid=1000(system) RenderThread identical 9 lines
12-14 01:44:34.298 E/OpenGLRenderer( 1627): GL error:  GL_INVALID_OPERATION
12-14 01:44:34.298 D/EGL_emulation( 1732): eglMakeCurrent: 0xa7d055a0: ver 3 0 (tinfo 0xa7d035b0)
12-14 01:44:34.299 E/OpenGLRenderer( 1627): GL error:  GL_INVALID_OPERATION
12-14 01:44:34.305 I/chatty  ( 1627): uid=1000(system) RenderThread identical 9 lines
12-14 01:44:34.305 E/OpenGLRenderer( 1627): GL error:  GL_INVALID_OPERATION
12-14 01:44:34.305 D/EGL_emulation( 1732): eglMakeCurrent: 0xa7d055a0: ver 3 0 (tinfo 0xa7d035b0)
12-14 01:44:34.309 E/OpenGLRenderer( 1627): GL error:  GL_INVALID_OPERATION
12-14 01:44:34.311 I/chatty  ( 1627): uid=1000(system) RenderThread identical 2 lines
12-14 01:44:34.312 E/OpenGLRenderer( 1627): GL error:  GL_INVALID_OPERATION
12-14 01:44:34.312 D/EGL_emulation( 1732): eglMakeCurrent: 0xa7d055a0: ver 3 0 (tinfo 0xa7d035b0)
12-14 01:44:34.312 E/OpenGLRenderer( 1627): GL error:  GL_INVALID_OPERATION
12-14 01:44:34.327 I/chatty  ( 1627): uid=1000(system) RenderThread identical 49 lines
12-14 01:44:34.327 E/OpenGLRenderer( 1627): GL error:  GL_INVALID_OPERATION
12-14 01:44:34.328 D/EGL_emulation( 1732): eglMakeCurrent: 0xa7d055a0: ver 3 0 (tinfo 0xa7d035b0)
12-14 01:44:34.328 E/OpenGLRenderer( 1627): GL error:  GL_INVALID_OPERATION
12-14 01:44:34.331 E/OpenGLRenderer( 1627): GL error:  GL_INVALID_OPERATION
12-14 01:44:34.332 D/EGL_emulation( 1732): eglMakeCurrent: 0xa7d055a0: ver 3 0 (tinfo 0xa7d035b0)
12-14 01:44:34.343 I/chatty  ( 1627): uid=1000(system) RenderThread expire 25 lines
12-14 01:44:34.343 E/OpenGLRenderer( 1627): GL error:  GL_INVALID_OPERATION
12-14 01:44:34.344 D/EGL_emulation( 1732): eglMakeCurrent: 0xa7d055a0: ver 3 0 (tinfo 0xa7d035b0)
12-14 01:44:34.344 E/OpenGLRenderer( 1627): GL error:  GL_INVALID_OPERATION
12-14 01:44:34.347 I/chatty  ( 1627): uid=1000(system) RenderThread identical 2 lines
12-14 01:44:34.347 E/OpenGLRenderer( 1627): GL error:  GL_INVALID_OPERATION
