12-14 00:46:10.706 D/Mileage.ABS( 4467): Not backing up; 472
12-14 00:46:10.717 I/zygote  ( 4467): Do partial code cache collection, code=247KB, data=145KB
12-14 00:46:10.717 D/Mileage.ABS( 4467): Not backing up; 484
12-14 00:46:10.719 I/zygote  ( 4467): After code cache collection, code=247KB, data=145KB
12-14 00:46:10.719 I/zygote  ( 4467): Increasing code cache capacity to 1024KB
12-14 00:46:10.736 D/Mileage.ABS( 4467): Not backing up; 503
12-14 00:46:10.759 D/Mileage.ABS( 4467): Not backing up; 526
12-14 00:46:10.761 D/Mileage.ABS( 4467): Not backing up; 528
12-14 00:46:10.786 D/Mileage.ABS( 4467): Not backing up; 553
12-14 00:46:10.802 D/Mileage.ABS( 4467): Not backing up; 569
12-14 00:46:10.823 D/Mileage.ABS( 4467): Not backing up; 590
12-14 00:46:10.834 D/Mileage.ABS( 4467): Not backing up; 601
12-14 00:46:10.851 D/Mileage.ABS( 4467): Not backing up; 618
12-14 00:46:10.859 D/Mileage.ABS( 4467): Not backing up; 626
12-14 00:46:10.875 D/Mileage.ABS( 4467): Not backing up; 642
12-14 00:46:10.896 D/Mileage.ABS( 4467): Not backing up; 662
12-14 00:46:10.912 D/Mileage.ABS( 4467): Not backing up; 679
12-14 00:46:10.924 D/Mileage.ABS( 4467): Not backing up; 691
12-14 00:46:10.937 D/Mileage.ABS( 4467): Not backing up; 704
12-14 00:46:10.950 D/Mileage.ABS( 4467): Not backing up; 717
12-14 00:46:10.967 D/Mileage.ABS( 4467): Not backing up; 734
12-14 00:46:10.977 D/Mileage.ABS( 4467): Not backing up; 744
12-14 00:46:10.991 D/Mileage.ABS( 4467): Not backing up; 758
12-14 00:46:10.998 D/Mileage.ABS( 4467): Not backing up; 765
12-14 00:46:11.009 D/Mileage.ABS( 4467): Not backing up; 776
12-14 00:46:11.020 D/Mileage.ABS( 4467): Not backing up; 787
12-14 00:46:11.036 D/Mileage.ABS( 4467): Not backing up; 803
12-14 00:46:11.044 I/System.out( 4467): URI: //gesture
12-14 00:46:11.045 I/System.out( 4467): params: {json={"query_timeout":5.0,"gestures":[{"query_string":"android.widget.TabWidget descendant TextView index:0","touches":[{"x":50,"y":50,"offset_x":0,"offset_y":0,"wait":0.0,"time":0.2,"release":true,"query_string":null}]}]}
12-14 00:46:11.045 I/System.out( 4467): }
12-14 00:46:11.053 D/Mileage.ABS( 4467): Not backing up; 820
12-14 00:46:11.070 D/Mileage.ABS( 4467): Not backing up; 837
12-14 00:46:11.071 D/Mileage.ABS( 4467): Not backing up; 838
12-14 00:46:11.097 D/Mileage.ABS( 4467): Not backing up; 862
12-14 00:46:11.116 D/Mileage.ABS( 4467): Not backing up; 883
12-14 00:46:11.117 D/Mileage.ABS( 4467): Not backing up; 884
12-14 00:46:11.135 D/Mileage.ABS( 4467): Not backing up; 902
12-14 00:46:11.136 D/Mileage.ABS( 4467): Not backing up; 903
12-14 00:46:11.151 D/Mileage.ABS( 4467): Not backing up; 914
12-14 00:46:11.157 D/Mileage.ABS( 4467): Not backing up; 924
12-14 00:46:11.158 D/VehicleStatisticsAdapter( 4467): Caching of 29 records complete! (0.883 seconds)
12-14 00:46:11.161 D/Mileage.ABS( 4467): Not backing up; 928
12-14 00:46:11.168 D/Mileage.ABS( 4467): Not backing up; 935
12-14 00:46:11.178 D/Mileage.ABS( 4467): Not backing up; 945
12-14 00:46:11.178 D/VehicleStatisticsAdapter( 4467): Caching of 29 records complete! (0.907 seconds)
12-14 00:46:11.613 W/View    ( 4467): dispatchProvideAutofillStructure(): not laid out, ignoring
12-14 00:46:11.618 I/chatty  ( 4467): uid=10244(u0_a244) com.evancharlton.mileage identical 1 line
12-14 00:46:11.620 W/View    ( 4467): dispatchProvideAutofillStructure(): not laid out, ignoring
12-14 00:46:11.633 W/Binder  ( 1629): Outgoing transactions from this process must be FLAG_ONEWAY
12-14 00:46:11.633 W/Binder  ( 1629): java.lang.Throwable
12-14 00:46:11.633 W/Binder  ( 1629): 	at android.os.BinderProxy.transact(Binder.java:736)
12-14 00:46:11.633 W/Binder  ( 1629): 	at android.app.assist.AssistStructure$ParcelTransferReader.fetchData(AssistStructure.java:407)
12-14 00:46:11.633 W/Binder  ( 1629): 	at android.app.assist.AssistStructure$ParcelTransferReader.go(AssistStructure.java:343)
12-14 00:46:11.633 W/Binder  ( 1629): 	at android.app.assist.AssistStructure.ensureData(AssistStructure.java:2096)
12-14 00:46:11.633 W/Binder  ( 1629): 	at com.android.server.autofill.Session$1.send(Session.java:200)
12-14 00:46:11.633 W/Binder  ( 1629): 	at com.android.server.am.ActivityManagerService.reportAssistContextExtras(ActivityManagerService.java:13137)
12-14 00:46:11.633 W/Binder  ( 1629): 	at android.app.IActivityManager$Stub.onTransact(IActivityManager.java:2466)
12-14 00:46:11.633 W/Binder  ( 1629): 	at com.android.server.am.ActivityManagerService.onTransact(ActivityManagerService.java:2935)
12-14 00:46:11.633 W/Binder  ( 1629): 	at android.os.Binder.execTransact(Binder.java:674)
12-14 00:46:11.641 I/AssistStructure( 4467): Flattened final assist data: 15312 bytes, containing 1 windows, 69 views
12-14 00:46:11.653 I/AssistStructure( 1629): Flattened final assist data: 13988 bytes, containing 1 windows, 69 views
12-14 00:46:11.655 W/lgq     ( 1946): Pending fill request while another request in the same session was triggered. [CONTEXT service_id=177 ]
12-14 00:46:11.730 E/SurfaceFlinger( 1405): ro.sf.lcd_density must be defined as a build property
12-14 00:46:11.738 D/gralloc_ranchu( 1396): gralloc_alloc: Creating ashmem region of size 8298496
12-14 00:46:11.747 D/        ( 4575): HostConnection::get() New Host Connection established 0xab42f800, tid 4575
12-14 00:46:12.212 I/System.out( 4467): URI: //
12-14 00:46:12.212 I/System.out( 4467): params: {json={"command":"set_activity_orientation","arguments":["landscape"]}
12-14 00:46:12.212 I/System.out( 4467): }
12-14 00:46:12.212 I/System.out( 4467): header: {content-type=application/json;charset=utf-8, date=Mon, 14 Dec 2020 05:46:12 GMT, accept=*/*, host=127.0.0.1:34777, content-length=64, user-agent=HTTPClient/1.0 (2.8.3, ruby 2.5.8 (2020-03-31))}
12-14 00:46:12.212 I/System.out( 4467): params: {json={"command":"set_activity_orientation","arguments":["landscape"]}
12-14 00:46:12.212 I/System.out( 4467): }
12-14 00:46:12.212 I/System.out( 4467): ProP json = {"command":"set_activity_orientation","arguments":["landscape"]}
12-14 00:46:12.213 I/System.out( 4467): files: {}
12-14 00:46:12.213 I/System.out( 4467): command: {"command":"set_activity_orientation","arguments":["landscape"]}
12-14 00:46:12.215 I/InstrumentationBackend( 4467): Got command:'Command:'Line:null,set_activity_orientation', arguments:'[landscape]'
12-14 00:46:12.227 D/gralloc_ranchu( 1396): gralloc_alloc: Creating ashmem region of size 8298496
12-14 00:46:12.252 W/LocalDisplayAdapter( 1629): Unable to find color mode 0, ignoring request.
12-14 00:46:12.271 I/ActivityManager( 1629): Config changes=480 {1.0 310mcc260mnc [en_US] ldltr sw411dp w683dp h387dp 420dpi nrml land finger qwerty/v/v -nav/h appBounds=Rect(0, 0 - 1794, 1080) s.9}
12-14 00:46:12.289 I/InputReader( 1629): Reconfiguring input devices.  changes=0x00000004
12-14 00:46:12.289 I/InputReader( 1629): Device reconfigured: id=0, name='qwerty2', size 1080x1920, orientation 1, mode 1, display id 0
12-14 00:46:12.309 I/ActivityManager( 1629): Override config changes=480 {1.0 310mcc260mnc [en_US] ldltr sw411dp w683dp h387dp 420dpi nrml land finger qwerty/v/v -nav/h appBounds=Rect(0, 0 - 1794, 1080) s.9} for displayId=0
12-14 00:46:12.364 D/gralloc_ranchu( 1396): gralloc_alloc: Creating ashmem region of size 544768
12-14 00:46:12.376 I/calabash( 4467): newActivity1
12-14 00:46:12.380 D/EGL_emulation( 1734): eglMakeCurrent: 0x95a27e00: ver 3 0 (tinfo 0xa6c62a00)
12-14 00:46:12.398 D/gralloc_ranchu( 1396): gralloc_alloc: Creating ashmem region of size 544768
12-14 00:46:12.451 W/ActivityManager( 1629): Bad activity token: android.os.BinderProxy@98f155b
12-14 00:46:12.451 W/ActivityManager( 1629): java.lang.ClassCastException: android.os.BinderProxy cannot be cast to com.android.server.am.ActivityRecord$Token
12-14 00:46:12.451 W/ActivityManager( 1629): 	at com.android.server.am.ActivityRecord.forTokenLocked(ActivityRecord.java:778)
12-14 00:46:12.451 W/ActivityManager( 1629): 	at com.android.server.am.ActivityRecord.isInStackLocked(ActivityRecord.java:2085)
12-14 00:46:12.451 W/ActivityManager( 1629): 	at com.android.server.am.ActivityRecord.getStackLocked(ActivityRecord.java:2090)
12-14 00:46:12.451 W/ActivityManager( 1629): 	at com.android.server.am.ActivityManagerService.getActivityDisplayId(ActivityManagerService.java:10406)
12-14 00:46:12.451 W/ActivityManager( 1629): 	at android.app.IActivityManager$Stub.onTransact(IActivityManager.java:2738)
12-14 00:46:12.451 W/ActivityManager( 1629): 	at com.android.server.am.ActivityManagerService.onTransact(ActivityManagerService.java:2935)
12-14 00:46:12.451 W/ActivityManager( 1629): 	at android.os.Binder.execTransact(Binder.java:674)
12-14 00:46:12.475 I/calabash( 4467): newActivity1
12-14 00:46:12.483 W/AutofillManager( 4467): Session 866673282 could not be restored
12-14 00:46:12.486 W/ActivityManager( 1629): Bad activity token: android.os.BinderProxy@98f155b
12-14 00:46:12.486 W/ActivityManager( 1629): java.lang.ClassCastException: android.os.BinderProxy cannot be cast to com.android.server.am.ActivityRecord$Token
12-14 00:46:12.486 W/ActivityManager( 1629): 	at com.android.server.am.ActivityRecord.forTokenLocked(ActivityRecord.java:778)
12-14 00:46:12.486 W/ActivityManager( 1629): 	at com.android.server.am.ActivityRecord.isInStackLocked(ActivityRecord.java:2085)
12-14 00:46:12.486 W/ActivityManager( 1629): 	at com.android.server.am.ActivityManagerService.setTaskDescription(ActivityManagerService.java:9988)
12-14 00:46:12.486 W/ActivityManager( 1629): 	at android.app.IActivityManager$Stub.onTransact(IActivityManager.java:2824)
12-14 00:46:12.486 W/ActivityManager( 1629): 	at com.android.server.am.ActivityManagerService.onTransact(ActivityManagerService.java:2935)
12-14 00:46:12.486 W/ActivityManager( 1629): 	at android.os.Binder.execTransact(Binder.java:674)
12-14 00:46:12.488 W/ActivityManager( 1629): Bad activity token: android.os.BinderProxy@98f155b
12-14 00:46:12.488 W/ActivityManager( 1629): java.lang.ClassCastException: android.os.BinderProxy cannot be cast to com.android.server.am.ActivityRecord$Token
12-14 00:46:12.488 W/ActivityManager( 1629): 	at com.android.server.am.ActivityRecord.forTokenLocked(ActivityRecord.java:778)
12-14 00:46:12.488 W/ActivityManager( 1629): 	at com.android.server.am.ActivityRecord.isInStackLocked(ActivityRecord.java:2085)
12-14 00:46:12.488 W/ActivityManager( 1629): 	at com.android.server.am.ActivityRecord.getStackLocked(ActivityRecord.java:2090)
12-14 00:46:12.488 W/ActivityManager( 1629): 	at com.android.server.am.ActivityManagerService.getActivityStackId(ActivityManagerService.java:10417)
12-14 00:46:12.488 W/ActivityManager( 1629): 	at android.app.IActivityManager$Stub.onTransact(IActivityManager.java:3548)
12-14 00:46:12.488 W/ActivityManager( 1629): 	at com.android.server.am.ActivityManagerService.onTransact(ActivityManagerService.java:2935)
12-14 00:46:12.488 W/ActivityManager( 1629): 	at android.os.Binder.execTransact(Binder.java:674)
12-14 00:46:12.497 I/System.out( 4467): result:{"bonusInformation":[],"message":"","success":true}
12-14 00:46:12.541 V/StatusBar( 1734): setLightsOn(true)
12-14 00:46:12.552 D/gralloc_ranchu( 1396): gralloc_alloc: Creating ashmem region of size 544768
12-14 00:46:12.593 W/ActivityManager( 1629): Bad activity token: android.os.BinderProxy@98f155b
12-14 00:46:12.593 W/ActivityManager( 1629): java.lang.ClassCastException: android.os.BinderProxy cannot be cast to com.android.server.am.ActivityRecord$Token
12-14 00:46:12.593 W/ActivityManager( 1629): 	at com.android.server.am.ActivityRecord.forTokenLocked(ActivityRecord.java:778)
12-14 00:46:12.593 W/ActivityManager( 1629): 	at com.android.server.am.ActivityRecord.isInStackLocked(ActivityRecord.java:2085)
12-14 00:46:12.593 W/ActivityManager( 1629): 	at com.android.server.am.ActivityManagerService.getActivityOptions(ActivityManagerService.java:13302)
12-14 00:46:12.593 W/ActivityManager( 1629): 	at android.app.IActivityManager$Stub.onTransact(IActivityManager.java:2910)
12-14 00:46:12.593 W/ActivityManager( 1629): 	at com.android.server.am.ActivityManagerService.onTransact(ActivityManagerService.java:2935)
12-14 00:46:12.593 W/ActivityManager( 1629): 	at android.os.Binder.execTransact(Binder.java:674)
12-14 00:46:12.597 W/ActivityManager( 1629): Bad activity token: android.os.BinderProxy@98f155b
12-14 00:46:12.597 W/ActivityManager( 1629): java.lang.ClassCastException: android.os.BinderProxy cannot be cast to com.android.server.am.ActivityRecord$Token
12-14 00:46:12.597 W/ActivityManager( 1629): 	at com.android.server.am.ActivityRecord.forTokenLocked(ActivityRecord.java:778)
12-14 00:46:12.597 W/ActivityManager( 1629): 	at com.android.server.am.ActivityRecord.isInStackLocked(ActivityRecord.java:2085)
12-14 00:46:12.597 W/ActivityManager( 1629): 	at com.android.server.am.ActivityManagerService.getActivityOptions(ActivityManagerService.java:13302)
12-14 00:46:12.597 W/ActivityManager( 1629): 	at android.app.IActivityManager$Stub.onTransact(IActivityManager.java:2910)
12-14 00:46:12.597 W/ActivityManager( 1629): 	at com.android.server.am.ActivityManagerService.onTransact(ActivityManagerService.java:2935)
12-14 00:46:12.597 W/ActivityManager( 1629): 	at android.os.Binder.execTransact(Binder.java:674)
12-14 00:46:12.601 D/gralloc_ranchu( 1396): gralloc_alloc: Creating ashmem region of size 487424
12-14 00:46:12.608 D/StatusBar( 1734): disable<e i a s b h r c s q >
12-14 00:46:12.614 D/EGL_emulation( 1734): eglMakeCurrent: 0x95a27e00: ver 3 0 (tinfo 0xa6c62a00)
12-14 00:46:12.622 D/gralloc_ranchu( 1396): gralloc_alloc: Creating ashmem region of size 487424
12-14 00:46:12.655 I/WindowManager( 1629): Screen frozen for +439ms due to Window{ce0bcdf u0 StatusBar}
12-14 00:46:12.665 W/PhoneWindow( 4467): Previously focused view reported id 2131296279 during save, but can't be found during restore.
12-14 00:46:12.675 D/SurfaceFlinger( 1405): duplicate layer name: changing BlackSurface to BlackSurface#1
12-14 00:46:12.679 D/SurfaceFlinger( 1405): duplicate layer name: changing BlackSurface to BlackSurface#1
12-14 00:46:12.703 I/EventLogSendingHelper( 2190): Sending log events.
12-14 00:46:12.715 D/gralloc_ranchu( 1396): gralloc_alloc: Creating ashmem region of size 487424
12-14 00:46:12.739 D/EGL_emulation( 1734): eglMakeCurrent: 0x95a27e00: ver 3 0 (tinfo 0xa6c62a00)
12-14 00:46:12.758 D/EGL_emulation( 1734): eglMakeCurrent: 0x95a27e00: ver 3 0 (tinfo 0xa6c62a00)
12-14 00:46:12.857 I/zygote  ( 4467): Background concurrent copying GC freed 39977(1621KB) AllocSpace objects, 7(140KB) LOS objects, 49% free, 1984KB/3MB, paused 821us total 186.380ms
12-14 00:46:12.873 V/StatusBar( 1734): setLightsOn(true)
12-14 00:46:12.875 V/StatusBar( 1734): setLightsOn(true)
12-14 00:46:12.911 D/gralloc_ranchu( 1396): gralloc_alloc: Creating ashmem region of size 7753728
12-14 00:46:13.007 V/StatusBar( 1734): setLightsOn(true)
12-14 00:46:13.009 V/StatusBar( 1734): setLightsOn(true)
12-14 00:46:13.036 D/gralloc_ranchu( 1396): gralloc_alloc: Creating ashmem region of size 7753728
12-14 00:46:13.038 V/StatusBar( 1734): setLightsOn(true)
12-14 00:46:13.137 E/SurfaceFlinger( 1405): Failed to find layer (BlackSurface#1) in layer parent (no-parent).
12-14 00:46:13.166 V/StatusBar( 1734): setLightsOn(true)
12-14 00:46:13.555 I/Dialer  ( 2020): OmtpVvmCarrierCfgHlpr - OmtpEvent:CONFIG_STATUS_SMS_TIME_OUT
12-14 00:46:13.557 I/Dialer  ( 2020): RetryPolicy - discarding deferred status: configuration_state=4
12-14 00:46:13.564 I/Dialer  ( 2020): VvmTaskExecutor - no more tasks, stopping service if no task are added in 5000 millis
12-14 00:46:13.578 I/Dialer  ( 2020): VvmTaskReceiver - task received
12-14 00:46:13.580 I/Dialer  ( 2020): VvmTaskReceiver - TaskExecutor already running
12-14 00:46:13.580 I/Dialer  ( 2020): Task.createTask - create task:com.android.voicemail.impl.ActivationTask
12-14 00:46:13.584 I/Dialer  ( 2020): RetryPolicy - retry #1 for com.android.voicemail.impl.ActivationTask@bdf33a7 queued, executing in 5000
12-14 00:46:13.585 I/Dialer  ( 2020): VvmTaskExecutor - com.android.voicemail.impl.ActivationTask@bdf33a7 added
12-14 00:46:13.585 I/Dialer  ( 2020): VvmTaskExecutor - minimal wait time:5000
12-14 00:46:13.587 I/Dialer  ( 2020): VvmTaskExecutor - sleep for 5000 millis
12-14 00:46:14.040 D/gralloc_ranchu( 1396): gralloc_alloc: Creating ashmem region of size 7753728
12-14 00:46:14.519 E/BatteryStatsService( 1629): modem info is invalid: ModemActivityInfo{ mTimestamp=0 mSleepTimeMs=0 mIdleTimeMs=0 mTxTimeMs[]=[0, 0, 0, 0, 0] mRxTimeMs=0 mEnergyUsed=0}
12-14 00:46:14.533 I/System.out( 4467): URI: //gesture
12-14 00:46:14.533 I/System.out( 4467): params: {json={"query_timeout":5.0,"gestures":[{"query_string":"android.widget.TabWidget descendant TextView index:1","touches":[{"x":50,"y":50,"offset_x":0,"offset_y":0,"wait":0.0,"time":0.2,"release":true,"query_string":null}]}]}
12-14 00:46:14.533 I/System.out( 4467): }
12-14 00:46:14.709 W/audio_hw_generic( 1390): Not supplying enough data to HAL, expected position 1240869 , only wrote 918720
12-14 00:46:14.718 I/zygote  ( 1629): Explicit concurrent copying GC freed 15807(1441KB) AllocSpace objects, 3(76KB) LOS objects, 38% free, 9MB/15MB, paused 341us total 34.894ms
12-14 00:46:14.779 W/ActivityManager( 1629): Bad activity token: android.os.BinderProxy@f8ea540
12-14 00:46:14.779 W/ActivityManager( 1629): java.lang.ClassCastException: android.os.BinderProxy cannot be cast to com.android.server.am.ActivityRecord$Token
12-14 00:46:14.779 W/ActivityManager( 1629): 	at com.android.server.am.ActivityRecord.forTokenLocked(ActivityRecord.java:778)
12-14 00:46:14.779 W/ActivityManager( 1629): 	at com.android.server.am.ActivityRecord.isInStackLocked(ActivityRecord.java:2085)
12-14 00:46:14.779 W/ActivityManager( 1629): 	at com.android.server.am.ActivityRecord.getStackLocked(ActivityRecord.java:2090)
12-14 00:46:14.779 W/ActivityManager( 1629): 	at com.android.server.am.ActivityManagerService.getActivityDisplayId(ActivityManagerService.java:10406)
12-14 00:46:14.779 W/ActivityManager( 1629): 	at android.app.IActivityManager$Stub.onTransact(IActivityManager.java:2738)
12-14 00:46:14.779 W/ActivityManager( 1629): 	at com.android.server.am.ActivityManagerService.onTransact(ActivityManagerService.java:2935)
12-14 00:46:14.779 W/ActivityManager( 1629): 	at android.os.Binder.execTransact(Binder.java:674)
12-14 00:46:14.779 I/calabash( 4467): newActivity1
12-14 00:46:14.780 W/audio_hw_generic( 1390): Not supplying enough data to HAL, expected position 919010 , only wrote 918720
12-14 00:46:14.782 W/ActivityManager( 1629): Bad activity token: android.os.BinderProxy@f8ea540
12-14 00:46:14.782 W/ActivityManager( 1629): java.lang.ClassCastException: android.os.BinderProxy cannot be cast to com.android.server.am.ActivityRecord$Token
12-14 00:46:14.782 W/ActivityManager( 1629): 	at com.android.server.am.ActivityRecord.forTokenLocked(ActivityRecord.java:778)
12-14 00:46:14.782 W/ActivityManager( 1629): 	at com.android.server.am.ActivityRecord.isInStackLocked(ActivityRecord.java:2085)
12-14 00:46:14.782 W/ActivityManager( 1629): 	at com.android.server.am.ActivityManagerService.setTaskDescription(ActivityManagerService.java:9988)
12-14 00:46:14.782 W/ActivityManager( 1629): 	at android.app.IActivityManager$Stub.onTransact(IActivityManager.java:2824)
12-14 00:46:14.782 W/ActivityManager( 1629): 	at com.android.server.am.ActivityManagerService.onTransact(ActivityManagerService.java:2935)
12-14 00:46:14.782 W/ActivityManager( 1629): 	at android.os.Binder.execTransact(Binder.java:674)
12-14 00:46:14.783 W/ActivityManager( 1629): Bad activity token: android.os.BinderProxy@f8ea540
12-14 00:46:14.783 W/ActivityManager( 1629): java.lang.ClassCastException: android.os.BinderProxy cannot be cast to com.android.server.am.ActivityRecord$Token
12-14 00:46:14.783 W/ActivityManager( 1629): 	at com.android.server.am.ActivityRecord.forTokenLocked(ActivityRecord.java:778)
12-14 00:46:14.783 W/ActivityManager( 1629): 	at com.android.server.am.ActivityRecord.isInStackLocked(ActivityRecord.java:2085)
12-14 00:46:14.783 W/ActivityManager( 1629): 	at com.android.server.am.ActivityRecord.getStackLocked(ActivityRecord.java:2090)
12-14 00:46:14.783 W/ActivityManager( 1629): 	at com.android.server.am.ActivityManagerService.getActivityStackId(ActivityManagerService.java:10417)
12-14 00:46:14.783 W/ActivityManager( 1629): 	at android.app.IActivityManager$Stub.onTransact(IActivityManager.java:3548)
12-14 00:46:14.783 W/ActivityManager( 1629): 	at com.android.server.am.ActivityManagerService.onTransact(ActivityManagerService.java:2935)
12-14 00:46:14.783 W/ActivityManager( 1629): 	at android.os.Binder.execTransact(Binder.java:674)
12-14 00:46:14.814 W/ActivityManager( 1629): Bad activity token: android.os.BinderProxy@f8ea540
12-14 00:46:14.814 W/ActivityManager( 1629): java.lang.ClassCastException: android.os.BinderProxy cannot be cast to com.android.server.am.ActivityRecord$Token
12-14 00:46:14.814 W/ActivityManager( 1629): 	at com.android.server.am.ActivityRecord.forTokenLocked(ActivityRecord.java:778)
12-14 00:46:14.814 W/ActivityManager( 1629): 	at com.android.server.am.ActivityRecord.isInStackLocked(ActivityRecord.java:2085)
12-14 00:46:14.814 W/ActivityManager( 1629): 	at com.android.server.am.ActivityManagerService.getActivityOptions(ActivityManagerService.java:13302)
12-14 00:46:14.814 W/ActivityManager( 1629): 	at android.app.IActivityManager$Stub.onTransact(IActivityManager.java:2910)
12-14 00:46:14.814 W/ActivityManager( 1629): 	at com.android.server.am.ActivityManagerService.onTransact(ActivityManagerService.java:2935)
12-14 00:46:14.814 W/ActivityManager( 1629): 	at android.os.Binder.execTransact(Binder.java:674)
12-14 00:46:14.814 W/ActivityManager( 1629): Bad activity token: android.os.BinderProxy@f8ea540
12-14 00:46:14.814 W/ActivityManager( 1629): java.lang.ClassCastException: android.os.BinderProxy cannot be cast to com.android.server.am.ActivityRecord$Token
12-14 00:46:14.814 W/ActivityManager( 1629): 	at com.android.server.am.ActivityRecord.forTokenLocked(ActivityRecord.java:778)
12-14 00:46:14.814 W/ActivityManager( 1629): 	at com.android.server.am.ActivityRecord.isInStackLocked(ActivityRecord.java:2085)
12-14 00:46:14.814 W/ActivityManager( 1629): 	at com.android.server.am.ActivityManagerService.getActivityOptions(ActivityManagerService.java:13302)
12-14 00:46:14.814 W/ActivityManager( 1629): 	at android.app.IActivityManager$Stub.onTransact(IActivityManager.java:2910)
12-14 00:46:14.814 W/ActivityManager( 1629): 	at com.android.server.am.ActivityManagerService.onTransact(ActivityManagerService.java:2935)
12-14 00:46:14.814 W/ActivityManager( 1629): 	at android.os.Binder.execTransact(Binder.java:674)
12-14 00:46:14.882 D/Mileage ( 4467): Not enough fillups to calculate economy
12-14 00:46:15.068 E/SurfaceFlinger( 1405): ro.sf.lcd_density must be defined as a build property
12-14 00:46:15.081 D/gralloc_ranchu( 1396): gralloc_alloc: Creating ashmem region of size 8298496
12-14 00:46:15.097 D/        ( 4587): HostConnection::get() New Host Connection established 0xabcaf800, tid 4587
12-14 00:46:15.401 I/System.out( 4467): URI: //gesture
12-14 00:46:15.401 I/System.out( 4467): params: {json={"query_timeout":5.0,"gestures":[{"query_string":"android.widget.TabWidget descendant TextView index:3","touches":[{"x":50,"y":50,"offset_x":0,"offset_y":0,"wait":0.0,"time":0.2,"release":true,"query_string":null}]}]}
12-14 00:46:15.401 I/System.out( 4467): }
12-14 00:46:15.644 W/ActivityManager( 1629): Bad activity token: android.os.BinderProxy@eb66604
12-14 00:46:15.644 W/ActivityManager( 1629): java.lang.ClassCastException: android.os.BinderProxy cannot be cast to com.android.server.am.ActivityRecord$Token
12-14 00:46:15.644 W/ActivityManager( 1629): 	at com.android.server.am.ActivityRecord.forTokenLocked(ActivityRecord.java:778)
12-14 00:46:15.644 W/ActivityManager( 1629): 	at com.android.server.am.ActivityRecord.isInStackLocked(ActivityRecord.java:2085)
12-14 00:46:15.644 W/ActivityManager( 1629): 	at com.android.server.am.ActivityRecord.getStackLocked(ActivityRecord.java:2090)
12-14 00:46:15.644 W/ActivityManager( 1629): 	at com.android.server.am.ActivityManagerService.getActivityDisplayId(ActivityManagerService.java:10406)
12-14 00:46:15.644 W/ActivityManager( 1629): 	at android.app.IActivityManager$Stub.onTransact(IActivityManager.java:2738)
12-14 00:46:15.644 W/ActivityManager( 1629): 	at com.android.server.am.ActivityManagerService.onTransact(ActivityManagerService.java:2935)
12-14 00:46:15.644 W/ActivityManager( 1629): 	at android.os.Binder.execTransact(Binder.java:674)
12-14 00:46:15.645 I/calabash( 4467): newActivity1
12-14 00:46:15.654 W/ActivityManager( 1629): Bad activity token: android.os.BinderProxy@eb66604
12-14 00:46:15.654 W/ActivityManager( 1629): java.lang.ClassCastException: android.os.BinderProxy cannot be cast to com.android.server.am.ActivityRecord$Token
12-14 00:46:15.654 W/ActivityManager( 1629): 	at com.android.server.am.ActivityRecord.forTokenLocked(ActivityRecord.java:778)
12-14 00:46:15.654 W/ActivityManager( 1629): 	at com.android.server.am.ActivityRecord.isInStackLocked(ActivityRecord.java:2085)
12-14 00:46:15.654 W/ActivityManager( 1629): 	at com.android.server.am.ActivityManagerService.setTaskDescription(ActivityManagerService.java:9988)
12-14 00:46:15.654 W/ActivityManager( 1629): 	at android.app.IActivityManager$Stub.onTransact(IActivityManager.java:2824)
12-14 00:46:15.654 W/ActivityManager( 1629): 	at com.android.server.am.ActivityManagerService.onTransact(ActivityManagerService.java:2935)
12-14 00:46:15.654 W/ActivityManager( 1629): 	at android.os.Binder.execTransact(Binder.java:674)
12-14 00:46:15.655 W/ActivityManager( 1629): Bad activity token: android.os.BinderProxy@eb66604
12-14 00:46:15.655 W/ActivityManager( 1629): java.lang.ClassCastException: android.os.BinderProxy cannot be cast to com.android.server.am.ActivityRecord$Token
12-14 00:46:15.655 W/ActivityManager( 1629): 	at com.android.server.am.ActivityRecord.forTokenLocked(ActivityRecord.java:778)
12-14 00:46:15.655 W/ActivityManager( 1629): 	at com.android.server.am.ActivityRecord.isInStackLocked(ActivityRecord.java:2085)
12-14 00:46:15.655 W/ActivityManager( 1629): 	at com.android.server.am.ActivityRecord.getStackLocked(ActivityRecord.java:2090)
12-14 00:46:15.655 W/ActivityManager( 1629): 	at com.android.server.am.ActivityManagerService.getActivityStackId(ActivityManagerService.java:10417)
12-14 00:46:15.655 W/ActivityManager( 1629): 	at android.app.IActivityManager$Stub.onTransact(IActivityManager.java:3548)
12-14 00:46:15.655 W/ActivityManager( 1629): 	at com.android.server.am.ActivityManagerService.onTransact(ActivityManagerService.java:2935)
12-14 00:46:15.655 W/ActivityManager( 1629): 	at android.os.Binder.execTransact(Binder.java:674)
12-14 00:46:15.671 W/ActivityManager( 1629): Bad activity token: android.os.BinderProxy@eb66604
12-14 00:46:15.671 W/ActivityManager( 1629): java.lang.ClassCastException: android.os.BinderProxy cannot be cast to com.android.server.am.ActivityRecord$Token
12-14 00:46:15.671 W/ActivityManager( 1629): 	at com.android.server.am.ActivityRecord.forTokenLocked(ActivityRecord.java:778)
12-14 00:46:15.671 W/ActivityManager( 1629): 	at com.android.server.am.ActivityRecord.isInStackLocked(ActivityRecord.java:2085)
12-14 00:46:15.671 W/ActivityManager( 1629): 	at com.android.server.am.ActivityManagerService.getActivityOptions(ActivityManagerService.java:13302)
12-14 00:46:15.671 W/ActivityManager( 1629): 	at android.app.IActivityManager$Stub.onTransact(IActivityManager.java:2910)
12-14 00:46:15.671 W/ActivityManager( 1629): 	at com.android.server.am.ActivityManagerService.onTransact(ActivityManagerService.java:2935)
12-14 00:46:15.671 W/ActivityManager( 1629): 	at android.os.Binder.execTransact(Binder.java:674)
12-14 00:46:15.671 W/ActivityManager( 1629): Bad activity token: android.os.BinderProxy@eb66604
12-14 00:46:15.671 W/ActivityManager( 1629): java.lang.ClassCastException: android.os.BinderProxy cannot be cast to com.android.server.am.ActivityRecord$Token
12-14 00:46:15.671 W/ActivityManager( 1629): 	at com.android.server.am.ActivityRecord.forTokenLocked(ActivityRecord.java:778)
12-14 00:46:15.671 W/ActivityManager( 1629): 	at com.android.server.am.ActivityRecord.isInStackLocked(ActivityRecord.java:2085)
12-14 00:46:15.671 W/ActivityManager( 1629): 	at com.android.server.am.ActivityManagerService.getActivityOptions(ActivityManagerService.java:13302)
12-14 00:46:15.671 W/ActivityManager( 1629): 	at android.app.IActivityManager$Stub.onTransact(IActivityManager.java:2910)
12-14 00:46:15.671 W/ActivityManager( 1629): 	at com.android.server.am.ActivityManagerService.onTransact(ActivityManagerService.java:2935)
12-14 00:46:15.671 W/ActivityManager( 1629): 	at android.os.Binder.execTransact(Binder.java:674)
12-14 00:46:15.841 E/SurfaceFlinger( 1405): ro.sf.lcd_density must be defined as a build property
12-14 00:46:15.849 D/gralloc_ranchu( 1396): gralloc_alloc: Creating ashmem region of size 8298496
12-14 00:46:15.887 D/        ( 4593): HostConnection::get() New Host Connection established 0xb21af800, tid 4593
12-14 00:46:16.171 I/System.out( 4467): URI: //gesture
12-14 00:46:16.171 I/System.out( 4467): params: {json={"query_timeout":5.0,"gestures":[{"query_string":"android.widget.TabWidget descendant TextView index:2","touches":[{"x":50,"y":50,"offset_x":0,"offset_y":0,"wait":0.0,"time":0.2,"release":true,"query_string":null}]}]}
12-14 00:46:16.171 I/System.out( 4467): }
12-14 00:46:16.419 W/ActivityManager( 1629): Bad activity token: android.os.BinderProxy@624ad0f
12-14 00:46:16.419 W/ActivityManager( 1629): java.lang.ClassCastException: android.os.BinderProxy cannot be cast to com.android.server.am.ActivityRecord$Token
12-14 00:46:16.419 W/ActivityManager( 1629): 	at com.android.server.am.ActivityRecord.forTokenLocked(ActivityRecord.java:778)
12-14 00:46:16.419 W/ActivityManager( 1629): 	at com.android.server.am.ActivityRecord.isInStackLocked(ActivityRecord.java:2085)
12-14 00:46:16.419 W/ActivityManager( 1629): 	at com.android.server.am.ActivityRecord.getStackLocked(ActivityRecord.java:2090)
12-14 00:46:16.419 W/ActivityManager( 1629): 	at com.android.server.am.ActivityManagerService.getActivityDisplayId(ActivityManagerService.java:10406)
12-14 00:46:16.419 W/ActivityManager( 1629): 	at android.app.IActivityManager$Stub.onTransact(IActivityManager.java:2738)
12-14 00:46:16.419 W/ActivityManager( 1629): 	at com.android.server.am.ActivityManagerService.onTransact(ActivityManagerService.java:2935)
12-14 00:46:16.419 W/ActivityManager( 1629): 	at android.os.Binder.execTransact(Binder.java:674)
12-14 00:46:16.421 I/calabash( 4467): newActivity1
12-14 00:46:16.425 W/ActivityManager( 1629): Bad activity token: android.os.BinderProxy@624ad0f
12-14 00:46:16.425 W/ActivityManager( 1629): java.lang.ClassCastException: android.os.BinderProxy cannot be cast to com.android.server.am.ActivityRecord$Token
12-14 00:46:16.425 W/ActivityManager( 1629): 	at com.android.server.am.ActivityRecord.forTokenLocked(ActivityRecord.java:778)
12-14 00:46:16.425 W/ActivityManager( 1629): 	at com.android.server.am.ActivityRecord.isInStackLocked(ActivityRecord.java:2085)
12-14 00:46:16.425 W/ActivityManager( 1629): 	at com.android.server.am.ActivityManagerService.setTaskDescription(ActivityManagerService.java:9988)
12-14 00:46:16.425 W/ActivityManager( 1629): 	at android.app.IActivityManager$Stub.onTransact(IActivityManager.java:2824)
12-14 00:46:16.425 W/ActivityManager( 1629): 	at com.android.server.am.ActivityManagerService.onTransact(ActivityManagerService.java:2935)
12-14 00:46:16.425 W/ActivityManager( 1629): 	at android.os.Binder.execTransact(Binder.java:674)
12-14 00:46:16.427 W/ActivityManager( 1629): Bad activity token: android.os.BinderProxy@624ad0f
12-14 00:46:16.427 W/ActivityManager( 1629): java.lang.ClassCastException: android.os.BinderProxy cannot be cast to com.android.server.am.ActivityRecord$Token
12-14 00:46:16.427 W/ActivityManager( 1629): 	at com.android.server.am.ActivityRecord.forTokenLocked(ActivityRecord.java:778)
12-14 00:46:16.427 W/ActivityManager( 1629): 	at com.android.server.am.ActivityRecord.isInStackLocked(ActivityRecord.java:2085)
12-14 00:46:16.427 W/ActivityManager( 1629): 	at com.android.server.am.ActivityRecord.getStackLocked(ActivityRecord.java:2090)
12-14 00:46:16.427 W/ActivityManager( 1629): 	at com.android.server.am.ActivityManagerService.getActivityStackId(ActivityManagerService.java:10417)
12-14 00:46:16.427 W/ActivityManager( 1629): 	at android.app.IActivityManager$Stub.onTransact(IActivityManager.java:3548)
12-14 00:46:16.427 W/ActivityManager( 1629): 	at com.android.server.am.ActivityManagerService.onTransact(ActivityManagerService.java:2935)
12-14 00:46:16.427 W/ActivityManager( 1629): 	at android.os.Binder.execTransact(Binder.java:674)
12-14 00:46:16.485 D/VehicleStatisticsActivity( 4467): Checking recalculation ...
12-14 00:46:16.497 D/VehicleStatisticsActivity( 4467): Recalculation not necessary.
12-14 00:46:16.506 W/ActivityManager( 1629): Bad activity token: android.os.BinderProxy@624ad0f
12-14 00:46:16.506 W/ActivityManager( 1629): java.lang.ClassCastException: android.os.BinderProxy cannot be cast to com.android.server.am.ActivityRecord$Token
12-14 00:46:16.506 W/ActivityManager( 1629): 	at com.android.server.am.ActivityRecord.forTokenLocked(ActivityRecord.java:778)
12-14 00:46:16.506 W/ActivityManager( 1629): 	at com.android.server.am.ActivityRecord.isInStackLocked(ActivityRecord.java:2085)
12-14 00:46:16.506 W/ActivityManager( 1629): 	at com.android.server.am.ActivityManagerService.getActivityOptions(ActivityManagerService.java:13302)
12-14 00:46:16.506 W/ActivityManager( 1629): 	at android.app.IActivityManager$Stub.onTransact(IActivityManager.java:2910)
12-14 00:46:16.506 W/ActivityManager( 1629): 	at com.android.server.am.ActivityManagerService.onTransact(ActivityManagerService.java:2935)
12-14 00:46:16.506 W/ActivityManager( 1629): 	at android.os.Binder.execTransact(Binder.java:674)
12-14 00:46:16.507 W/ActivityManager( 1629): Bad activity token: android.os.BinderProxy@624ad0f
12-14 00:46:16.507 W/ActivityManager( 1629): java.lang.ClassCastException: android.os.BinderProxy cannot be cast to com.android.server.am.ActivityRecord$Token
12-14 00:46:16.507 W/ActivityManager( 1629): 	at com.android.server.am.ActivityRecord.forTokenLocked(ActivityRecord.java:778)
12-14 00:46:16.507 W/ActivityManager( 1629): 	at com.android.server.am.ActivityRecord.isInStackLocked(ActivityRecord.java:2085)
12-14 00:46:16.507 W/ActivityManager( 1629): 	at com.android.server.am.ActivityManagerService.getActivityOptions(ActivityManagerService.java:13302)
12-14 00:46:16.507 W/ActivityManager( 1629): 	at android.app.IActivityManager$Stub.onTransact(IActivityManager.java:2910)
12-14 00:46:16.507 W/ActivityManager( 1629): 	at com.android.server.am.ActivityManagerService.onTransact(ActivityManagerService.java:2935)
12-14 00:46:16.507 W/ActivityManager( 1629): 	at android.os.Binder.execTransact(Binder.java:674)
12-14 00:46:16.513 D/VehicleStatisticsActivity( 4467): Checking recalculation ...
12-14 00:46:16.516 D/VehicleStatisticsActivity( 4467): Recalculation not necessary.
12-14 00:46:16.583 I/zygote  ( 4467): NativeAllocBackground concurrent copying GC freed 37873(1264KB) AllocSpace objects, 4(80KB) LOS objects, 49% free, 2MB/5MB, paused 1.170ms total 133.188ms
12-14 00:46:16.667 I/zygote  ( 4467): Do full code cache collection, code=437KB, data=308KB
12-14 00:46:16.668 I/zygote  ( 4467): After code cache collection, code=422KB, data=245KB
12-14 00:46:16.699 W/RemoteFillService( 1629): Not handling { when=-3ms what=3 target=com.android.internal.os.HandlerCaller$MyHandler } as service for ComponentInfo{com.google.android.gms/com.google.android.gms.autofill.service.AutofillService} is already destroyed
12-14 00:46:16.837 E/memtrack( 1629): Couldn't load memtrack module
12-14 00:46:16.837 W/android.os.Debug( 1629): failed to get memory consumption info: -1
12-14 00:46:16.852 E/SurfaceFlinger( 1405): ro.sf.lcd_density must be defined as a build property
12-14 00:46:16.870 D/gralloc_ranchu( 1396): gralloc_alloc: Creating ashmem region of size 8298496
12-14 00:46:16.878 D/        ( 4599): HostConnection::get() New Host Connection established 0xac52f800, tid 4599
12-14 00:46:17.252 I/System.out( 4467): URI: //gesture
12-14 00:46:17.252 I/System.out( 4467): params: {json={"query_timeout":5.0,"gestures":[{"query_string":"android.widget.TabWidget descendant TextView index:0","touches":[{"x":50,"y":50,"offset_x":0,"offset_y":0,"wait":0.0,"time":0.2,"release":true,"query_string":null}]}]}
12-14 00:46:17.252 I/System.out( 4467): }
12-14 00:46:17.607 W/View    ( 4467): dispatchProvideAutofillStructure(): not laid out, ignoring
12-14 00:46:17.613 I/chatty  ( 4467): uid=10244(u0_a244) com.evancharlton.mileage identical 3 lines
12-14 00:46:17.614 W/View    ( 4467): dispatchProvideAutofillStructure(): not laid out, ignoring
12-14 00:46:17.615 W/Binder  ( 1629): Outgoing transactions from this process must be FLAG_ONEWAY
12-14 00:46:17.615 W/Binder  ( 1629): java.lang.Throwable
12-14 00:46:17.615 W/Binder  ( 1629): 	at android.os.BinderProxy.transact(Binder.java:736)
12-14 00:46:17.615 W/Binder  ( 1629): 	at android.app.assist.AssistStructure$ParcelTransferReader.fetchData(AssistStructure.java:407)
12-14 00:46:17.615 W/Binder  ( 1629): 	at android.app.assist.AssistStructure$ParcelTransferReader.go(AssistStructure.java:343)
12-14 00:46:17.615 W/Binder  ( 1629): 	at android.app.assist.AssistStructure.ensureData(AssistStructure.java:2096)
12-14 00:46:17.615 W/Binder  ( 1629): 	at com.android.server.autofill.Session$1.send(Session.java:200)
12-14 00:46:17.615 W/Binder  ( 1629): 	at com.android.server.am.ActivityManagerService.reportAssistContextExtras(ActivityManagerService.java:13137)
12-14 00:46:17.615 W/Binder  ( 1629): 	at android.app.IActivityManager$Stub.onTransact(IActivityManager.java:2466)
12-14 00:46:17.615 W/Binder  ( 1629): 	at com.android.server.am.ActivityManagerService.onTransact(ActivityManagerService.java:2935)
12-14 00:46:17.615 W/Binder  ( 1629): 	at android.os.Binder.execTransact(Binder.java:674)
12-14 00:46:17.621 I/AssistStructure( 4467): Flattened final assist data: 10960 bytes, containing 1 windows, 49 views
12-14 00:46:17.631 I/AssistStructure( 1629): Flattened final assist data: 9988 bytes, containing 1 windows, 49 views
12-14 00:46:17.633 W/lgq     ( 1946): Pending fill request while another request in the same session was triggered. [CONTEXT service_id=177 ]
12-14 00:46:17.747 E/SurfaceFlinger( 1405): ro.sf.lcd_density must be defined as a build property
12-14 00:46:17.754 D/gralloc_ranchu( 1396): gralloc_alloc: Creating ashmem region of size 8298496
12-14 00:46:17.763 D/        ( 4605): HostConnection::get() New Host Connection established 0xa992f800, tid 4605
