--------- beginning of main
12-14 01:26:25.368 E/memtrack( 1627): Couldn't load memtrack module
12-14 01:26:25.368 W/android.os.Debug( 1627): failed to get memory consumption info: -1
12-14 01:26:25.391 E/memtrack( 1627): Couldn't load memtrack module
12-14 01:26:25.391 W/android.os.Debug( 1627): failed to get memory consumption info: -1
12-14 01:26:25.827 W/NamedFutures( 2175): Timeout future task has been cancelled: 10000 milliseconds
12-14 01:26:25.830 E/SearchServiceStarter( 2175): Task 174 failed or timed out. Client 9567359088806411 disconnecting from SearchService!
12-14 01:26:25.830 E/SearchServiceStarter( 2175): java.util.concurrent.CancellationException: Task was cancelled.
12-14 01:26:25.830 E/SearchServiceStarter( 2175): 	at com.google.common.util.concurrent.d.ct(SourceFile:75)
12-14 01:26:25.830 E/SearchServiceStarter( 2175): 	at com.google.common.util.concurrent.d.get(SourceFile:57)
12-14 01:26:25.830 E/SearchServiceStarter( 2175): 	at com.google.common.util.concurrent.cg.n(SourceFile:2)
12-14 01:26:25.830 E/SearchServiceStarter( 2175): 	at com.google.common.util.concurrent.av.l(SourceFile:50)
12-14 01:26:25.830 E/SearchServiceStarter( 2175): 	at com.google.common.util.concurrent.ax.run(SourceFile:5)
12-14 01:26:25.830 E/SearchServiceStarter( 2175): 	at com.google.android.apps.gsa.shared.util.concurrent.a.bc.run(SourceFile:2)
12-14 01:26:25.830 E/SearchServiceStarter( 2175): 	at android.os.Handler.handleCallback(Handler.java:789)
12-14 01:26:25.830 E/SearchServiceStarter( 2175): 	at android.os.Handler.dispatchMessage(Handler.java:98)
12-14 01:26:25.830 E/SearchServiceStarter( 2175): 	at android.os.Looper.loop(Looper.java:164)
12-14 01:26:25.830 E/SearchServiceStarter( 2175): 	at android.app.ActivityThread.main(ActivityThread.java:6541)
12-14 01:26:25.830 E/SearchServiceStarter( 2175): 	at java.lang.reflect.Method.invoke(Native Method)
12-14 01:26:25.830 E/SearchServiceStarter( 2175): 	at com.android.internal.os.Zygote$MethodAndArgsCaller.run(Zygote.java:240)
12-14 01:26:25.830 E/SearchServiceStarter( 2175): 	at com.android.internal.os.ZygoteInit.main(ZygoteInit.java:767)
12-14 01:26:25.876 I/Dialer  ( 2020): VvmTaskReceiver - task received
12-14 01:26:25.877 I/Dialer  ( 2020): VvmTaskReceiver - TaskExecutor already running
12-14 01:26:25.877 I/Dialer  ( 2020): Task.createTask - create task:com.android.voicemail.impl.ActivationTask
12-14 01:26:25.877 I/Dialer  ( 2020): TaskQueue.add - duplicated task added
12-14 01:26:25.877 I/Dialer  ( 2020): VvmTaskExecutor - com.android.voicemail.impl.ActivationTask@f0605d added
12-14 01:26:25.887 I/DigitalWidgetProvider( 1999): onReceive: Intent { act=com.android.deskclock.ALARM_CHANGED flg=0x10 cmp=com.google.android.deskclock/com.android.alarmclock.DigitalAppWidgetProvider }
12-14 01:26:25.914 I/Finsky  ( 2550): [2] ycb.d(13): PackageMonitorReceiverImpl - Received: android.intent.action.PACKAGE_FULLY_REMOVED, [Hc-uu0eID9wC4ptvRCsWBIQPDhHxrgxu8bZlIwakNJw]
12-14 01:26:25.914 I/Finsky  ( 2550): [2] ydc.g(1): Invalidating cached PackageState for com.evancharlton.mileage.test
12-14 01:26:25.917 I/Finsky  ( 2550): [2] ouk.d(2): Frosting ID looked up on UI thread. Caller should move to a background thread.
12-14 01:26:25.921 I/Finsky  ( 2550): [2] qlq.s(2): Installer: package com.evancharlton.mileage.test was removed. replacing: false
12-14 01:26:25.923 I/Finsky  ( 2550): [2] qmo.L(12): Installer: Notifying status update. package=com.evancharlton.mileage.test, status=UNINSTALLED
12-14 01:26:25.924 I/Finsky  ( 2550): [2] alxk.a(3): Do not start WearSupportService due to Wear service optimization
12-14 01:26:25.925 I/Finsky  ( 2550): [2] alxk.a(3): Do not start WearSupportService due to Wear service optimization
12-14 01:26:25.926 I/Finsky  ( 2550): [2] adxl.a(8): Clearing split related stale data.
12-14 01:26:25.926 I/Finsky  ( 2550): [175] gvx.a(12): Asset module storage cleared for package com.evancharlton.mileage.test.
12-14 01:26:25.930 I/Finsky  ( 2550): [125] jmd.a(15): [ContentSync] finished, scheduled=false
12-14 01:26:25.934 I/Finsky  ( 2550): [2] qmo.O(7): Installer: found apps to install. isMultiUserMode=false, apps=[]
12-14 01:26:25.938 I/Finsky  ( 2550): [166] otx.run(16): Wrote row to frosting DB: 997
12-14 01:26:25.938 I/Finsky  ( 2550): [161] rab.C(2): IQ: Notifying installation update. package=com.evancharlton.mileage.test, status=UNINSTALLED
12-14 01:26:25.946 I/ExposureNotification( 2217): Still can find package com.evancharlton.mileage.test after receive its fully removed broadcast, which was installed 8322 ms ago. Ignore the fully removed broadcast. [CONTEXT service_id=236 ]
12-14 01:26:25.948 D/BoundBrokerSvc( 2217): onBind: Intent { act=com.google.android.gms.common.BIND_SHARED_PREFS pkg=com.google.android.gms }
12-14 01:26:25.948 D/BoundBrokerSvc( 2217): Loading bound service for intent: Intent { act=com.google.android.gms.common.BIND_SHARED_PREFS pkg=com.google.android.gms }
12-14 01:26:25.958 D/BoundBrokerSvc( 2217): onUnbind: Intent { act=com.google.android.gms.common.BIND_SHARED_PREFS pkg=com.google.android.gms }
12-14 01:26:25.964 I/Finsky  ( 2550): [166] otx.run(16): Wrote row to frosting DB: 998
12-14 01:26:25.967 I/Finsky  ( 2550): [161] rab.t(33): IQ: No matching installs to run for jobs: []
12-14 01:26:26.090 D/BoundBrokerSvc( 2217): onUnbind: Intent { act=com.google.android.gms.checkin.START pkg=com.google.android.gms }
12-14 01:26:26.157 W/zygote  ( 3816): Unexpected CPU variant for X86 using defaults: x86
12-14 01:26:26.178 I/TelephonySpamChimeraSer( 2217): Running Telephony Spam Chimera Service [CONTEXT service_id=150 ]
12-14 01:26:26.178 I/TelephonySpamChimeraSer( 2217): Cleaning SIP Header local table of old entries [CONTEXT service_id=150 ]
12-14 01:26:26.185 I/MultiDex( 3816): VM with version 2.1.0 has multidex support
12-14 01:26:26.185 I/MultiDex( 3816): install
12-14 01:26:26.185 I/MultiDex( 3816): VM has multidex support, MultiDex support library is disabled.
12-14 01:26:26.189 E/NetworkScheduler.ATC( 1945): Called cancelTask for already completed task com.google.android.videos/.service.drm.RefreshLicenseTaskService{u=0 tag="refresh_license_forced" trigger=window{start=0s,end=1s,earliest=0s,latest=0s} requirements=[NET_CONNECTED] attributes=[] scheduled=0s last_run=0s exec_window_multiplier=1.0000 jid=N/A status=PENDING retries=0 client_lib=MANCHEGO_GCM-10400000} :5 [CONTEXT service_id=218 ]
12-14 01:26:26.197 I/SpamListSync( 2217): Call spam module disabled. Skipping cleaning cache sip header table. [CONTEXT service_id=150 ]
12-14 01:26:26.198 I/TelephonySpamChimeraSer( 2217): Syncing Call Spam List [CONTEXT service_id=150 ]
12-14 01:26:26.198 I/SpamListSync( 2217): SpamListSyncChimeraService.syncSpamList called with tag: telephonyspam.SpamListSyncOneOffTask, extras: Bundle[{SpamList Type=0, Action=1.0}] [CONTEXT service_id=150 ]
12-14 01:26:26.201 W/NetworkScheduler( 1945): Immediate task was not started com.google.android.videos/.service.drm.RefreshLicenseTaskService{u=0 tag="refresh_license_forced" trigger=window{start=0s,end=1s,earliest=0s,latest=0s} requirements=[NET_CONNECTED] attributes=[] scheduled=0s last_run=N/A exec_window_multiplier=1.0000 jid=N/A status=PENDING retries=0 client_lib=MANCHEGO_GCM-10400000}. Rescheduling immediate tasks can cause excessive battery drain.
12-14 01:26:26.213 I/SpamListSync( 2217): Call spam module disabled. Skipping spam list syncing. [CONTEXT service_id=150 ]
12-14 01:26:26.233 D/BoundBrokerSvc( 2217): onUnbind: Intent { act=com.google.android.gms.auth.service.START pkg=com.google.android.gms }
12-14 01:26:26.270 I/zygote  ( 1945): Do partial code cache collection, code=502KB, data=329KB
12-14 01:26:26.274 I/zygote  ( 1945): After code cache collection, code=499KB, data=328KB
12-14 01:26:26.274 I/zygote  ( 1945): Increasing code cache capacity to 2MB
--------- beginning of system
12-14 01:26:26.428 E/BatteryStatsService( 1627): modem info is invalid: ModemActivityInfo{ mTimestamp=0 mSleepTimeMs=0 mIdleTimeMs=0 mTxTimeMs[]=[0, 0, 0, 0, 0] mRxTimeMs=0 mEnergyUsed=0}
12-14 01:26:26.434 I/ActivityManager( 1627): Killing 3210:com.android.settings/1000 (adj 906): empty #17
12-14 01:26:26.439 W/ActivityManager( 1627): Background start not allowed: service Intent { cmp=com.google.android.videos/.service.pinning.TransferService (has extras) } to com.google.android.videos/.service.pinning.TransferService from pid=3816 uid=10072 pkg=com.google.android.videos
12-14 01:26:26.442 I/Finsky  ( 2550): [111] daj.a(7): Received content filters request from com.google.android.videos
12-14 01:26:26.453 I/PlayMovies( 3816): RefreshLicenseTaskService.forceLicenseRefreshNow:66 Scheduled task now refresh_license_forced
12-14 01:26:26.453 I/PlayMovies( 3816): 
12-14 01:26:26.459 D/PlayMovies( 3816): PersistentCache.cleanup:104 Cache is below limit, no need to shrink: [size=0, limit=5242880]
12-14 01:26:26.459 D/PlayMovies( 3816): 
12-14 01:26:26.468 D/Primes  ( 3816): Package metric disabled.
12-14 01:26:26.468 D/Primes  ( 3816): Battery metric disabled
12-14 01:26:26.468 D/Primes  ( 3816): MagicEye logging metric disabled
12-14 01:26:26.469 D/CryptdConnector( 1627): SND -> {11 cryptfs getpwtype}
12-14 01:26:26.469 D/VoldCryptCmdListener( 1342): cryptfs getpwtype
12-14 01:26:26.471 D/CryptdConnector( 1627): RCV <- {213 11 default}
12-14 01:26:26.521 I/NetworkScheduler.Stats( 1945): Task com.google.android.gms/com.google.android.gms.telephonyspam.sync.SpamListSyncTaskService started execution. cause:7 exec_start_elapsed_seconds: 48 [CONTEXT service_id=218 ]
12-14 01:26:26.521 I/NetworkScheduler.Stats( 1945): Task com.google.android.videos/ finished executing. cause:7 result: 6 elapsed_millis: 60 uptime_millis: 60 exec_start_elapsed_seconds: 48 [CONTEXT service_id=218 ]
12-14 01:26:26.521 W/NetworkScheduler( 1945): No record of active task com.google.android.videos/.service.drm.RefreshLicenseTaskService{u=0 tag="refresh_license_forced" trigger=window{start=0s,end=1s,earliest=0s,latest=0s} requirements=[NET_CONNECTED] attributes=[] scheduled=0s last_run=0s exec_window_multiplier=1.0000 jid=N/A status=PENDING retries=0 client_lib=MANCHEGO_GCM-10400000}
12-14 01:26:26.547 I/NetworkScheduler.Stats( 1945): Task com.google.android.gms/com.google.android.gms.telephonyspam.sync.SpamListSyncTaskService finished executing. cause:7 result: 1 elapsed_millis: 161 uptime_millis: 161 exec_start_elapsed_seconds: 48 [CONTEXT service_id=218 ]
12-14 01:26:26.630 I/PlayMovies( 3816): RefreshLicenseTaskService.onRunTask:96 On run task refresh_license_forced
12-14 01:26:26.630 I/PlayMovies( 3816): 
12-14 01:26:26.798 I/ActivityManager( 1627): Killing 3226:com.android.cellbroadcastreceiver/u0a5 (adj 906): empty #17
12-14 01:26:26.823 I/zygote  ( 1945): Deoptimizing java.lang.String asqf.i(android.os.Bundle) due to JIT inline cache
12-14 01:26:26.929 E/NetworkScheduler.ATC( 1945): Called cancelTask for already completed task com.google.android.videos/.service.drm.RefreshLicenseTaskService{u=0 tag="refresh_license_forced" trigger=window{start=0s,end=1s,earliest=-1s,latest=0s} requirements=[NET_CONNECTED] attributes=[] scheduled=-1s last_run=0s exec_window_multiplier=1.0000 jid=N/A status=ACTIVE retries=0 client_lib=MANCHEGO_GCM-10400000} :0 [CONTEXT service_id=218 ]
12-14 01:26:26.930 W/NetworkScheduler( 1945): Immediate task was not started com.google.android.videos/.service.drm.RefreshLicenseTaskService{u=0 tag="refresh_license_forced" trigger=window{start=0s,end=1s,earliest=0s,latest=0s} requirements=[NET_CONNECTED] attributes=[] scheduled=0s last_run=N/A exec_window_multiplier=1.0000 jid=N/A status=PENDING retries=0 client_lib=MANCHEGO_GCM-10400000}. Rescheduling immediate tasks can cause excessive battery drain.
12-14 01:26:26.930 I/NetworkScheduler.Stats( 1945): Task com.google.android.gms/com.google.android.gms.clearcut.uploader.QosUploaderService started execution. cause:5 exec_start_elapsed_seconds: 48 [CONTEXT service_id=218 ]
12-14 01:26:26.930 I/NetworkScheduler.Stats( 1945): Task com.google.android.videos/ started execution. cause:5 exec_start_elapsed_seconds: 48 [CONTEXT service_id=218 ]
12-14 01:26:26.934 I/NetworkScheduler.Stats( 1945): Task com.google.android.videos/ finished executing. cause:5 result: 1 elapsed_millis: 23 uptime_millis: 23 exec_start_elapsed_seconds: 48 [CONTEXT service_id=218 ]
12-14 01:26:26.935 I/NetworkScheduler.Stats( 1945): Task com.google.android.gms/com.google.android.gms.clearcut.uploader.QosUploaderService finished executing. cause:5 result: 1 elapsed_millis: 63 uptime_millis: 63 exec_start_elapsed_seconds: 48 [CONTEXT service_id=218 ]
12-14 01:26:26.954 I/PlayMovies( 3816): RefreshLicenseTaskService.onRunTask:96 On run task refresh_license
12-14 01:26:26.954 I/PlayMovies( 3816): 
12-14 01:26:26.961 I/NetworkScheduler.Stats( 1945): Task com.google.android.videos/ started execution. cause:5 exec_start_elapsed_seconds: 49 [CONTEXT service_id=218 ]
12-14 01:26:26.962 I/NetworkScheduler.Stats( 1945): Task com.google.android.videos/ finished executing. cause:5 result: 1 elapsed_millis: 14 uptime_millis: 14 exec_start_elapsed_seconds: 49 [CONTEXT service_id=218 ]
12-14 01:26:27.042 I/NetworkScheduler.Stats( 1945): Task com.google.android.gms/com.google.android.gms.gass.chimera.SchedulePeriodicTasksService started execution. cause:5 exec_start_elapsed_seconds: 49 [CONTEXT service_id=218 ]
12-14 01:26:27.103 I/zygote  ( 2217): Deoptimizing boolean dbx.d(android.content.Context, dbv, java.lang.String) due to JIT inline cache
12-14 01:26:27.112 I/NetworkScheduler.Stats( 1945): Task com.google.android.gms/com.google.android.gms.pay.gcmtask.PayGcmTaskService started execution. cause:5 exec_start_elapsed_seconds: 49 [CONTEXT service_id=218 ]
12-14 01:26:27.115 D/BoundBrokerSvc( 1945): onBind: Intent { act=com.google.android.gms.tapandpay.service.BIND cmp=com.google.android.gms/.chimera.PersistentApiService }
12-14 01:26:27.115 D/BoundBrokerSvc( 1945): Loading bound service for intent: Intent { act=com.google.android.gms.tapandpay.service.BIND cmp=com.google.android.gms/.chimera.PersistentApiService }
12-14 01:26:27.116 I/NetworkScheduler.Stats( 1945): Task com.google.android.gms/com.google.android.gms.gass.chimera.SchedulePeriodicTasksService finished executing. cause:5 result: 1 elapsed_millis: 121 uptime_millis: 121 exec_start_elapsed_seconds: 49 [CONTEXT service_id=218 ]
12-14 01:26:27.216 I/NetworkScheduler.Stats( 1945): Task com.google.android.gms/com.google.android.gms.pay.gcmtask.PayGcmTaskService started execution. cause:5 exec_start_elapsed_seconds: 49 [CONTEXT service_id=218 ]
12-14 01:26:27.220 E/Pay     ( 2217): No account found on the task or the device. Notification task will not be rescheduled. [CONTEXT service_id=198 ]
12-14 01:26:27.230 I/NetworkScheduler.Stats( 1945): Task com.google.android.gms/com.google.android.gms.pay.gcmtask.PayGcmTaskService finished executing. cause:5 result: 1 elapsed_millis: 153 uptime_millis: 153 exec_start_elapsed_seconds: 49 [CONTEXT service_id=218 ]
12-14 01:26:27.237 I/NetworkScheduler.Stats( 1945): Task com.google.android.gms/com.google.android.gms.pay.gcmtask.PayGcmTaskService finished executing. cause:5 result: 2 elapsed_millis: 46 uptime_millis: 46 exec_start_elapsed_seconds: 49 [CONTEXT service_id=218 ]
12-14 01:26:27.277 D/        ( 3609): HostConnection::get() New Host Connection established 0xa3620180, tid 3620
12-14 01:26:27.290 D/EGL_emulation( 3609): eglCreateContext: 0x8d0bb380: maj 3 min 0 rcv 3
12-14 01:26:27.298 D/EGL_emulation( 3609): eglMakeCurrent: 0x8d0bb380: ver 3 0 (tinfo 0xa3647220)
12-14 01:26:27.299 E/eglCodecCommon( 3609): glUtilsParamSize: unknow param 0x00008cdf
12-14 01:26:27.299 E/eglCodecCommon( 3609): glUtilsParamSize: unknow param 0x00008cdf
12-14 01:26:27.299 E/eglCodecCommon( 3609): glUtilsParamSize: unknow param 0x00008824
12-14 01:26:27.299 E/eglCodecCommon( 3609): glUtilsParamSize: unknow param 0x00008824
12-14 01:26:27.322 I/NetworkScheduler.Stats( 1945): Task com.google.android.gms/com.google.android.gms.pay.gcmtask.PayGcmTaskService started execution. cause:5 exec_start_elapsed_seconds: 49 [CONTEXT service_id=218 ]
12-14 01:26:27.356 D/EGL_emulation( 3609): eglCreateContext: 0x8d0bb5c0: maj 3 min 0 rcv 3
12-14 01:26:27.358 D/EGL_emulation( 3609): eglMakeCurrent: 0x8d0bb5c0: ver 3 0 (tinfo 0xa3647220)
12-14 01:26:27.359 E/eglCodecCommon( 3609): glUtilsParamSize: unknow param 0x00008cdf
12-14 01:26:27.359 E/eglCodecCommon( 3609): glUtilsParamSize: unknow param 0x00008cdf
12-14 01:26:27.359 E/eglCodecCommon( 3609): glUtilsParamSize: unknow param 0x00008824
12-14 01:26:27.359 E/eglCodecCommon( 3609): glUtilsParamSize: unknow param 0x00008824
12-14 01:26:27.403 W/SystemServiceRegistry( 3609): No service published for: persistent_data_block
12-14 01:26:27.382 W/Binder:3609_1( 3609): type=1400 audit(0.0:20): avc: denied { read } for name="modules" dev="proc" ino=4026532034 scontext=u:r:priv_app:s0:c512,c768 tcontext=u:object_r:proc_modules:s0 tclass=file permissive=0
12-14 01:26:27.415 I/NetworkScheduler.Stats( 1945): Task com.google.android.gms/com.google.android.gms.pay.gcmtask.PayGcmTaskService started execution. cause:5 exec_start_elapsed_seconds: 49 [CONTEXT service_id=218 ]
12-14 01:26:27.419 I/Pay     ( 2217): Device does not support HCE. [CONTEXT service_id=198 ]
12-14 01:26:27.428 I/NetworkScheduler.Stats( 1945): Task com.google.android.gms/com.google.android.gms.pay.gcmtask.PayGcmTaskService finished executing. cause:5 result: 1 elapsed_millis: 158 uptime_millis: 158 exec_start_elapsed_seconds: 49 [CONTEXT service_id=218 ]
12-14 01:26:27.439 I/NetworkScheduler.Stats( 1945): Task com.google.android.gms/com.google.android.gms.pay.gcmtask.PayGcmTaskService finished executing. cause:5 result: 2 elapsed_millis: 61 uptime_millis: 61 exec_start_elapsed_seconds: 49 [CONTEXT service_id=218 ]
12-14 01:26:27.547 D/BoundBrokerSvc( 2217): onBind: Intent { act=com.google.android.gms.pay.service.BIND cmp=com.google.android.gms/.chimera.GmsApiService }
12-14 01:26:27.547 D/BoundBrokerSvc( 2217): Loading bound service for intent: Intent { act=com.google.android.gms.pay.service.BIND cmp=com.google.android.gms/.chimera.GmsApiService }
12-14 01:26:27.551 I/jgl     ( 2217): Primes not initialized, returning default (no-op) Primes instance which will ignore all calls. Please call Primes.initialize(...) before using any Primes API.
12-14 01:26:27.560 I/Pay     ( 2217): Migration flag not enabled. [CONTEXT service_id=198 ]
12-14 01:26:27.573 I/NetworkScheduler.Stats( 1945): Task com.google.android.gms/com.google.android.gms.pay.gcmtask.PayGcmTaskService started execution. cause:5 exec_start_elapsed_seconds: 49 [CONTEXT service_id=218 ]
12-14 01:26:27.594 I/Pay     ( 2217): Migration already completed. [CONTEXT service_id=198 ]
12-14 01:26:27.612 I/chatty  ( 2217): uid=10011(u0_a11) lowpool[2] identical 1 line
12-14 01:26:27.620 I/Pay     ( 2217): Migration already completed. [CONTEXT service_id=198 ]
12-14 01:26:27.620 I/Pay     ( 2217): Migration flag not enabled. [CONTEXT service_id=198 ]
12-14 01:26:27.632 I/Pay     ( 2217): Migration already completed. [CONTEXT service_id=198 ]
12-14 01:26:27.633 I/Pay     ( 2217): Migration flag not enabled. [CONTEXT service_id=198 ]
12-14 01:26:27.662 I/NetworkScheduler.Stats( 1945): Task com.google.android.gms/com.google.android.gms.pay.gcmtask.PayGcmTaskService started execution. cause:5 exec_start_elapsed_seconds: 49 [CONTEXT service_id=218 ]
12-14 01:26:27.669 I/NetworkScheduler.Stats( 1945): Task com.google.android.gms/com.google.android.gms.pay.gcmtask.PayGcmTaskService finished executing. cause:5 result: 1 elapsed_millis: 180 uptime_millis: 180 exec_start_elapsed_seconds: 49 [CONTEXT service_id=218 ]
12-14 01:26:27.672 I/NetworkScheduler.Stats( 1945): Task com.google.android.gms/com.google.android.gms.pay.gcmtask.PayGcmTaskService finished executing. cause:5 result: 1 elapsed_millis: 43 uptime_millis: 43 exec_start_elapsed_seconds: 49 [CONTEXT service_id=218 ]
12-14 01:26:27.725 W/Conscrypt( 2217): Could not set socket write timeout: java.net.SocketException: Socket closed
12-14 01:26:27.726 W/Conscrypt( 2217): 	at com.google.android.gms.org.conscrypt.Platform.setSocketWriteTimeout(:com.google.android.gms@204713022@20.47.13 (040700-344095733):2)
12-14 01:26:27.727 W/Conscrypt( 2217): 	at com.google.android.gms.org.conscrypt.ConscryptFileDescriptorSocket.setSoWriteTimeout(:com.google.android.gms@204713022@20.47.13 (040700-344095733):0)
12-14 01:26:27.746 I/NetworkScheduler.Stats( 1945): Task com.google.android.gms/com.google.android.gms.tapandpay.gcmtask.TapAndPayGcmTaskService started execution. cause:5 exec_start_elapsed_seconds: 49 [CONTEXT service_id=218 ]
12-14 01:26:27.758 I/MicroDetectionWorker( 2175): #updateMicroDetector [detectionMode: [mDetectionMode: [1]]]
12-14 01:26:27.758 I/MicroDetectionWorker( 2175): #startMicroDetector [speakerMode: 0]
12-14 01:26:27.759 I/AudioController( 2175): Using mInputStreamFactoryBuilder
12-14 01:26:27.767 I/MicroDetectionWorker( 2175): onReady
12-14 01:26:27.771 I/MicroRecognitionRunner( 2175): Starting detection.
12-14 01:26:27.771 I/MicrophoneInputStream( 2175): mic_starting com.google.android.apps.gsa.staticplugins.aa.c@7d245d7
12-14 01:26:27.779 I/MicrophoneInputStream( 2175): mic_started com.google.android.apps.gsa.staticplugins.aa.c@7d245d7
12-14 01:26:27.779 E/ActivityThread( 2175): Failed to find provider info for com.google.android.apps.gsa.testing.ui.audio.recorded
12-14 01:26:27.780 I/MicroDetectionWorker( 2175): onReady
12-14 01:26:27.782 I/MicrophoneInputStream( 2175): mic_close com.google.android.apps.gsa.staticplugins.aa.c@7d245d7
12-14 01:26:27.782 I/AudioFlinger( 1475): AudioFlinger's thread 0xb2503840 tid=3869 ready to run
12-14 01:26:27.783 I/MicroRecognitionRunner( 2175): Detection finished
12-14 01:26:27.783 W/ErrorReporter( 2175): reportError [type: 211, code: 524300]: Error reading from input stream
12-14 01:26:27.783 I/MicroRecognitionRunner( 2175): Stopping hotword detection.
12-14 01:26:27.783 W/ErrorProcessor( 2175): onFatalError, processing error from engine(4)
12-14 01:26:27.783 W/ErrorProcessor( 2175): com.google.android.apps.gsa.shared.speech.b.g: Error reading from input stream
12-14 01:26:27.783 W/ErrorProcessor( 2175): 	at com.google.android.apps.gsa.staticplugins.recognizer.j.a.a(SourceFile:28)
12-14 01:26:27.783 W/ErrorProcessor( 2175): 	at com.google.android.apps.gsa.staticplugins.recognizer.j.b.run(SourceFile:15)
12-14 01:26:27.783 W/ErrorProcessor( 2175): 	at java.util.concurrent.Executors$RunnableAdapter.call(Executors.java:457)
12-14 01:26:27.783 W/ErrorProcessor( 2175): 	at java.util.concurrent.FutureTask.run(FutureTask.java:266)
12-14 01:26:27.783 W/ErrorProcessor( 2175): 	at com.google.android.apps.gsa.shared.util.concurrent.a.ax.run(SourceFile:14)
12-14 01:26:27.783 W/ErrorProcessor( 2175): 	at com.google.android.apps.gsa.shared.util.concurrent.a.bl.run(SourceFile:4)
12-14 01:26:27.783 W/ErrorProcessor( 2175): 	at com.google.android.apps.gsa.shared.util.concurrent.a.bl.run(SourceFile:4)
12-14 01:26:27.783 W/ErrorProcessor( 2175): 	at java.util.concurrent.ThreadPoolExecutor.runWorker(ThreadPoolExecutor.java:1162)
12-14 01:26:27.783 W/ErrorProcessor( 2175): 	at java.util.concurrent.ThreadPoolExecutor$Worker.run(ThreadPoolExecutor.java:636)
12-14 01:26:27.783 W/ErrorProcessor( 2175): 	at java.lang.Thread.run(Thread.java:764)
12-14 01:26:27.783 W/ErrorProcessor( 2175): 	at com.google.android.apps.gsa.shared.util.concurrent.a.ai.run(SourceFile:6)
12-14 01:26:27.783 W/ErrorProcessor( 2175): Caused by: com.google.android.apps.gsa.shared.exception.GsaIOException: Error code: 393238 | Buffer overflow, no available space.
12-14 01:26:27.783 W/ErrorProcessor( 2175): 	at com.google.android.apps.gsa.speech.audio.Tee.f(SourceFile:103)
12-14 01:26:27.783 W/ErrorProcessor( 2175): 	at com.google.android.apps.gsa.speech.audio.au.read(SourceFile:2)
12-14 01:26:27.783 W/ErrorProcessor( 2175): 	at java.io.InputStream.read(InputStream.java:101)
12-14 01:26:27.783 W/ErrorProcessor( 2175): 	at com.google.android.apps.gsa.speech.audio.ao.run(SourceFile:18)
12-14 01:26:27.783 W/ErrorProcessor( 2175): 	at com.google.android.apps.gsa.speech.audio.an.run(SourceFile:2)
12-14 01:26:27.783 W/ErrorProcessor( 2175): 	... 9 more
12-14 01:26:27.783 I/AudioController( 2175): internalShutdown
12-14 01:26:27.792 I/MicroDetector( 2175): Keeping mic open: false
12-14 01:26:27.792 I/MicroDetectionWorker( 2175): #onError(false)
12-14 01:26:27.792 I/DeviceStateChecker( 2175): DeviceStateChecker cancelled
12-14 01:26:27.805 I/NetworkScheduler.Stats( 1945): Task com.google.android.gms/com.google.android.gms.tapandpay.gcmtask.TapAndPayGcmTaskService started execution. cause:5 exec_start_elapsed_seconds: 49 [CONTEXT service_id=218 ]
12-14 01:26:27.807 W/Conscrypt( 2217): Could not set socket write timeout: java.net.SocketException: Socket closed
12-14 01:26:27.807 W/Conscrypt( 2217): 	at com.google.android.gms.org.conscrypt.Platform.setSocketWriteTimeout(:com.google.android.gms@204713022@20.47.13 (040700-344095733):2)
12-14 01:26:27.807 W/Conscrypt( 2217): 	at com.google.android.gms.org.conscrypt.ConscryptFileDescriptorSocket.setSoWriteTimeout(:com.google.android.gms@204713022@20.47.13 (040700-344095733):0)
12-14 01:26:27.830 I/NetworkScheduler.Stats( 1945): Task com.google.android.gms/com.google.android.gms.tapandpay.gcmtask.TapAndPayGcmTaskService finished executing. cause:5 result: 1 elapsed_millis: 115 uptime_millis: 115 exec_start_elapsed_seconds: 49 [CONTEXT service_id=218 ]
12-14 01:26:27.831 I/NetworkScheduler.Stats( 1945): Task com.google.android.gms/com.google.android.gms.tapandpay.gcmtask.TapAndPayGcmTaskService finished executing. cause:5 result: 1 elapsed_millis: 55 uptime_millis: 55 exec_start_elapsed_seconds: 49 [CONTEXT service_id=218 ]
12-14 01:26:27.889 I/NetworkScheduler.Stats( 1945): Task com.google.android.gms/com.google.android.gms.tapandpay.gcmtask.TapAndPayGcmTaskService started execution. cause:5 exec_start_elapsed_seconds: 50 [CONTEXT service_id=218 ]
12-14 01:26:27.962 I/NetworkScheduler.Stats( 1945): Task com.google.android.gms/com.google.android.gms.udc.service.UdcContextInitService started execution. cause:5 exec_start_elapsed_seconds: 50 [CONTEXT service_id=218 ]
12-14 01:26:27.967 I/NetworkScheduler.Stats( 1945): Task com.google.android.gms/com.google.android.gms.tapandpay.gcmtask.TapAndPayGcmTaskService finished executing. cause:5 result: 1 elapsed_millis: 103 uptime_millis: 103 exec_start_elapsed_seconds: 50 [CONTEXT service_id=218 ]
12-14 01:26:27.996 I/PlayMovies( 3816): RefreshLicenseTaskService.onRunTask:96 On run task refresh_license_forced
12-14 01:26:27.996 I/PlayMovies( 3816): 
12-14 01:26:27.997 I/NetworkScheduler.Stats( 1945): Task com.google.android.videos/ started execution. cause:5 exec_start_elapsed_seconds: 50 [CONTEXT service_id=218 ]
12-14 01:26:28.004 I/NetworkScheduler.Stats( 1945): Task com.google.android.videos/ finished executing. cause:5 result: 1 elapsed_millis: 15 uptime_millis: 15 exec_start_elapsed_seconds: 50 [CONTEXT service_id=218 ]
12-14 01:26:28.026 I/NetworkScheduler.Stats( 1945): Task com.google.android.gms/com.google.android.gms.udc.service.UdcContextInitService finished executing. cause:5 result: 1 elapsed_millis: 96 uptime_millis: 96 exec_start_elapsed_seconds: 50 [CONTEXT service_id=218 ]
12-14 01:26:28.520 V/LifecycleAwareServiceBi( 2550): notify unbound
12-14 01:26:28.520 V/LifecycleAwareServiceBi( 2550): com.google.common.flogger.LogSiteStackTrace: MEDIUM
12-14 01:26:28.520 V/LifecycleAwareServiceBi( 2550): 	at com.google.frameworks.client.data.android.binder.LifecycleAwareServiceBinding.h(PG:1)
12-14 01:26:28.520 V/LifecycleAwareServiceBi( 2550): 	at axqg.run(Unknown Source:4)
12-14 01:26:28.520 V/LifecycleAwareServiceBi( 2550): 	at android.os.Handler.handleCallback(Handler.java:789)
12-14 01:26:28.520 V/LifecycleAwareServiceBi( 2550): 	at android.os.Handler.dispatchMessage(Handler.java:98)
12-14 01:26:28.520 V/LifecycleAwareServiceBi( 2550): 	at android.os.Looper.loop(Looper.java:164)
12-14 01:26:28.520 V/LifecycleAwareServiceBi( 2550): 	at android.app.ActivityThread.main(ActivityThread.java:6541)
12-14 01:26:28.520 V/LifecycleAwareServiceBi( 2550): 	at java.lang.reflect.Method.invoke(Native Method)
12-14 01:26:28.520 V/LifecycleAwareServiceBi( 2550): 	at com.android.internal.os.Zygote$MethodAndArgsCaller.run(Zygote.java:240)
12-14 01:26:28.520 V/LifecycleAwareServiceBi( 2550): 	at com.android.internal.os.ZygoteInit.main(ZygoteInit.java:767)
12-14 01:26:28.521 V/LifecycleAwareServiceBi( 2550): notify unbound - notifying
12-14 01:26:28.526 I/Finsky:download_service( 2683): [2] sxn.onDestroy(8): IPC-SERVER: Stopping gRPC host service...
12-14 01:26:28.952 D/BoundBrokerSvc( 2217): onUnbind: Intent { act=com.google.android.gms.feedback.internal.IFeedbackService cmp=com.google.android.gms/.chimera.GmsBoundBrokerService }
12-14 01:26:29.116 I/ActivityManager( 1627): Killing 3265:com.google.android.apps.maps/u0a59 (adj 906): empty #17
12-14 01:26:29.166 D/BoundBrokerSvc( 1945): onUnbind: Intent { act=com.google.android.gms.phenotype.service.START pkg=com.google.android.gms }
12-14 01:26:29.167 D/BoundBrokerSvc( 2217): onUnbind: Intent { act=com.google.android.gms.people.service.START pkg=com.google.android.gms }
12-14 01:26:29.384 D/BoundBrokerSvc( 1945): onUnbind: Intent { act=com.google.android.gms.usagereporting.service.START pkg=com.google.android.gms }
12-14 01:26:29.952 D/AndroidRuntime( 3877): >>>>>> START com.android.internal.os.RuntimeInit uid 2000 <<<<<<
12-14 01:26:29.984 W/app_process( 3877): Unexpected CPU variant for X86 using defaults: x86
12-14 01:26:29.999 D/AndroidRuntime( 3877): Calling main entry com.android.commands.am.Am
12-14 01:26:30.002 I/ActivityManager( 1627): Force stopping com.evancharlton.mileage appid=10286 user=0: start instr
12-14 01:26:30.002 I/ActivityManager( 1627): Killing 3753:com.evancharlton.mileage/u0a286 (adj 0): stop com.evancharlton.mileage
12-14 01:26:30.004 W/ActivityManager( 1627): Crash of app com.evancharlton.mileage running instrumentation ComponentInfo{com.evancharlton.mileage.test/sh.calaba.instrumentationbackend.ClearAppData2}
12-14 01:26:30.004 I/ActivityManager( 1627): Force stopping com.evancharlton.mileage appid=10286 user=0: finished inst
12-14 01:26:30.011 I/zygote  ( 3887): Not late-enabling -Xcheck:jni (already on)
12-14 01:26:30.018 W/zygote  ( 3887): Unexpected CPU variant for X86 using defaults: x86
12-14 01:26:30.018 I/ActivityManager( 1627): Start proc 3887:com.evancharlton.mileage/u0a286 for added application com.evancharlton.mileage
12-14 01:26:30.019 D/AndroidRuntime( 3877): Shutting down VM
12-14 01:26:30.020 E/memtrack( 1627): Couldn't load memtrack module
12-14 01:26:30.020 W/android.os.Debug( 1627): failed to get memory consumption info: -1
12-14 01:26:30.052 W/zygote  ( 3887): Found duplicate classes, falling back to extracting from APK : /data/app/com.evancharlton.mileage.test-z00O3-ZdLDzIBCXozq54rQ==/base.apk
12-14 01:26:30.052 E/adbd    ( 1382): failed to connect to socket 'tcp:7102': Connection refused
12-14 01:26:30.052 W/zygote  ( 3887): NOTE: This wastes RAM and hurts startup performance.
12-14 01:26:30.053 W/zygote  ( 3887): Found duplicated class when checking oat files: 'Ljunit/runner/BaseTestRunner;' in /data/app/com.evancharlton.mileage.test-z00O3-ZdLDzIBCXozq54rQ==/base.apk and /system/framework/android.test.runner.jar
12-14 01:26:30.053 W/zygote  ( 3887): 
12-14 01:26:30.055 E/adbd    ( 1382): failed to connect to socket 'tcp:7102': Connection refused
12-14 01:26:30.085 W/System  ( 3887): ClassLoader referenced unknown path: 
12-14 01:26:30.097 I/System.out( 3887): Main activity name automatically set to: com.evancharlton.mileage.Mileage
12-14 01:26:30.098 I/System.out( 3887): Calabash did not load Mono. This is only a problem if you are trying to test a Mono application
12-14 01:26:30.098 I/calabash( 3887): Test server port: 7102
12-14 01:26:30.101 I/InstrumentationBackend( 3887): Added:'GetPreferences', with key:'get_preferences'
12-14 01:26:30.108 D/BoundBrokerSvc( 1945): onUnbind: Intent { act=com.google.android.gms.clearcut.bootcount.service.START cmp=com.google.android.gms/.chimera.PersistentBoundBrokerService }
12-14 01:26:30.126 D/BoundBrokerSvc( 1945): onUnbind: Intent { act=com.google.android.gms.icing.LIGHTWEIGHT_INDEX_SERVICE cmp=com.google.android.gms/.chimera.PersistentApiService }
12-14 01:26:30.138 I/InputReader( 1627): Reconfiguring input devices.  changes=0x00000010
12-14 01:26:30.140 I/zygote  ( 1945): Deoptimizing bsbk brqx.C() due to JIT inline cache
12-14 01:26:30.141 I/zygote  ( 1945): Deoptimizing bsbk brqx.D(int) due to JIT inline cache
12-14 01:26:30.141 W/ResourceType( 1627): ResTable_typeSpec entry count inconsistent: given 67, previously 69
12-14 01:26:30.141 W/ResourceType( 1627): ResTable_typeSpec entry count inconsistent: given 5411, previously 5412
12-14 01:26:30.157 I/zygote  ( 1945): Deoptimizing bpsj bpto.o(bpsk) due to JIT inline cache
12-14 01:26:30.177 I/Fitness ( 1945): OnPackageChangedOperation got intent: Intent { act=android.intent.action.PACKAGE_CHANGED dat=package:com.google.android.gms flg=0x45000010 pkg=com.google.android.gms cmp=com.google.android.gms/.chimera.PersistentIntentOperationService (has extras) } [CONTEXT service_id=17 ]
12-14 01:26:30.178 E/adbd    ( 1382): failed to connect to socket 'tcp:7102': Connection refused
12-14 01:26:30.185 I/Telecom ( 1627): DefaultDialerCache: Refreshing default dialer for user 0: now com.google.android.dialer: DDC.oR@AE0
12-14 01:26:30.190 E/adbd    ( 1382): failed to connect to socket 'tcp:7102': Connection refused
12-14 01:26:30.196 I/Fitness ( 1945): FitCleanupIntentOperation received Intent android.intent.action.PACKAGE_CHANGED [CONTEXT service_id=17 ]
12-14 01:26:30.197 W/ResourceType( 1627): ResTable_typeSpec entry count inconsistent: given 67, previously 69
12-14 01:26:30.197 W/PeopleGalProvider( 2217): Not enabled to outside of GmsCore.
12-14 01:26:30.197 W/ResourceType( 1627): ResTable_typeSpec entry count inconsistent: given 5411, previously 5412
12-14 01:26:30.197 I/PeopleGalProvider( 2217): Method 0 completed.
12-14 01:26:30.198 I/ContactDirectoryManager( 2369): Directory provider com.google.android.gms(com.google.android.gms.people.gal.provider) returned a NULL cursor.
12-14 01:26:30.218 D/ImsResolver( 1829): maybeAddedImsService, packageName: com.google.android.gms
12-14 01:26:30.220 D/CarrierSvcBindHelper( 1829): No carrier app for: 0
12-14 01:26:30.232 I/Icing   ( 2217): IndexChimeraService.getServiceInterface callingPackage=com.google.android.gms componentName=AppsCorpus serviceId=36
12-14 01:26:30.246 I/InstrumentationBackend( 3887): Added:'SetPreferences', with key:'set_preferences'
12-14 01:26:30.246 I/InstrumentationBackend( 3887): Added:'ClearPreferences', with key:'clear_preferences'
12-14 01:26:30.247 I/InstrumentationBackend( 3887): Added:'PressElement', with key:'press_l10n_element'
12-14 01:26:30.247 I/InstrumentationBackend( 3887): Added:'WaitForElement', with key:'wait_for_l10n_element'
12-14 01:26:30.247 I/InstrumentationBackend( 3887): Added:'NullAction', with key:'nullAction'
12-14 01:26:30.248 I/InstrumentationBackend( 3887): Added:'PressKey', with key:'press_key'
12-14 01:26:30.248 I/InstrumentationBackend( 3887): Added:'SetActivityOrientation', with key:'set_activity_orientation'
12-14 01:26:30.248 I/InstrumentationBackend( 3887): Added:'GetActivityOrientation', with key:'get_activity_orientation'
12-14 01:26:30.248 I/InstrumentationBackend( 3887): Added:'FakeGPSLocation', with key:'set_gps_coordinates'
12-14 01:26:30.249 I/InstrumentationBackend( 3887): Added:'SetPropertyByCssSelector', with key:'set_property_by_css_selector'
12-14 01:26:30.251 I/Icing   ( 2217): updateResources: need to parse adiq{com.google.android.gms}
12-14 01:26:30.257 I/InstrumentationBackend( 3887): Added:'GetUrl', with key:'get_url'
12-14 01:26:30.259 I/InstrumentationBackend( 3887): Added:'ScrollTo', with key:'scroll_to'
12-14 01:26:30.260 I/InstrumentationBackend( 3887): Added:'GetLoadProgress', with key:'get_load_progress'
12-14 01:26:30.261 I/InstrumentationBackend( 3887): Added:'DumpHtml', with key:'dump_html'
12-14 01:26:30.262 I/InstrumentationBackend( 3887): Added:'DumpBodyHtml', with key:'dump_body_html'
12-14 01:26:30.262 I/InstrumentationBackend( 3887): Added:'EnterTextByCssSelector', with key:'enter_text_by_selector'
12-14 01:26:30.270 I/InstrumentationBackend( 3887): Added:'AndroidSDKVersion', with key:'android_sdk_version'
12-14 01:26:30.270 I/InstrumentationBackend( 3887): Added:'Version', with key:'version'
12-14 01:26:30.271 I/InstrumentationBackend( 3887): Added:'Drag', with key:'drag'
12-14 01:26:30.271 I/InstrumentationBackend( 3887): Added:'TouchCoordinates', with key:'touch_coordinate'
12-14 01:26:30.272 I/InstrumentationBackend( 3887): Added:'LongPressCoordinate', with key:'long_press_coordinate'
12-14 01:26:30.272 I/InstrumentationBackend( 3887): Added:'DragCoordinates', with key:'drag_coordinates'
12-14 01:26:30.273 I/InstrumentationBackend( 3887): Added:'ResumeApplication', with key:'resume_application'
12-14 01:26:30.273 I/InstrumentationBackend( 3887): Added:'Swipe', with key:'swipe'
12-14 01:26:30.273 I/InstrumentationBackend( 3887): Added:'DoubleTapCoordinate', with key:'double_tap_coordinate'
12-14 01:26:30.273 I/InstrumentationBackend( 3887): Added:'ClickOnScreen', with key:'click_on_screen'
12-14 01:26:30.274 I/InstrumentationBackend( 3887): Added:'GetActivityName', with key:'get_activity_name'
12-14 01:26:30.277 I/InstrumentationBackend( 3887): Added:'ScrollToView', with key:'scroll_to_view'
12-14 01:26:30.277 I/InstrumentationBackend( 3887): Added:'ViewConfiguration', with key:'view_configuration'
12-14 01:26:30.277 I/InstrumentationBackend( 3887): Added:'IsCurrentActivityFocused', with key:'is_current_activity_focused'
12-14 01:26:30.278 I/InstrumentationBackend( 3887): Added:'SendTcp', with key:'send_tcp'
12-14 01:26:30.280 I/InstrumentationBackend( 3887): Added:'DpToDevicePixel', with key:'dp_to_device_pixel'
12-14 01:26:30.281 I/InstrumentationBackend( 3887): Added:'KeyboardEnterText', with key:'keyboard_enter_text'
12-14 01:26:30.283 I/InstrumentationBackend( 3887): Added:'DeleteSurroundingText', with key:'delete_surrounding_text'
12-14 01:26:30.293 I/InstrumentationBackend( 3887): Added:'SetComposingRegion', with key:'set_composing_region'
12-14 01:26:30.294 I/InstrumentationBackend( 3887): Added:'SetSelection', with key:'set_selection'
12-14 01:26:30.295 I/InstrumentationBackend( 3887): Added:'KeyboardKeyEvent', with key:'keyboard_key_event'
12-14 01:26:30.295 I/InstrumentationBackend( 3887): Added:'PressUserActionButton', with key:'press_user_action_button'
12-14 01:26:30.296 I/InstrumentationBackend( 3887): Added:'HideSoftKeyboard', with key:'hide_soft_keyboard'
12-14 01:26:30.297 I/InstrumentationBackend( 3887): Added:'ListActions', with key:'list_actions'
12-14 01:26:30.297 I/calabash( 3887): Instantiating http server at 7102
12-14 01:26:30.299 I/System.out( 3887): HTTP Daemon listening on: 7102
12-14 01:26:30.314 I/ProvidersCache( 3355): Provider returned no roots. Possibly naughty: com.google.android.apps.docs.storage
12-14 01:26:30.321 I/System.out( 3887): URI: //ping
12-14 01:26:30.322 I/System.out( 3887): params: {json={}
12-14 01:26:30.322 I/System.out( 3887): }
12-14 01:26:30.341 I/System.out( 3887): URI: //ping
12-14 01:26:30.341 I/System.out( 3887): params: {json={}
12-14 01:26:30.341 I/System.out( 3887): }
12-14 01:26:30.355 I/System.out( 3887): URI: //ready
12-14 01:26:30.355 I/System.out( 3887): params: {json={}
12-14 01:26:30.355 I/System.out( 3887): }
12-14 01:26:30.371 I/System.out( 3887): URI: //
12-14 01:26:30.371 I/System.out( 3887): params: {json={"command":"version","arguments":[]}
12-14 01:26:30.371 I/System.out( 3887): }
12-14 01:26:30.371 I/System.out( 3887): header: {content-type=application/json;charset=utf-8, date=Mon, 14 Dec 2020 06:26:30 GMT, accept=*/*, host=127.0.0.1:34777, content-length=36, user-agent=HTTPClient/1.0 (2.8.3, ruby 2.5.8 (2020-03-31))}
12-14 01:26:30.371 I/System.out( 3887): params: {json={"command":"version","arguments":[]}
12-14 01:26:30.371 I/System.out( 3887): }
12-14 01:26:30.372 I/System.out( 3887): ProP json = {"command":"version","arguments":[]}
12-14 01:26:30.372 I/System.out( 3887): files: {}
12-14 01:26:30.372 I/System.out( 3887): command: {"command":"version","arguments":[]}
12-14 01:26:30.380 W/Binder  ( 1627): Outgoing transactions from this process must be FLAG_ONEWAY
12-14 01:26:30.380 W/Binder  ( 1627): java.lang.Throwable
12-14 01:26:30.380 W/Binder  ( 1627): 	at android.os.BinderProxy.transact(Binder.java:736)
12-14 01:26:30.380 W/Binder  ( 1627): 	at com.android.internal.location.ILocationProvider$Stub$Proxy.getProperties(ILocationProvider.java:232)
12-14 01:26:30.380 W/Binder  ( 1627): 	at com.android.server.location.LocationProviderProxy$1.run(LocationProviderProxy.java:119)
12-14 01:26:30.380 W/Binder  ( 1627): 	at android.os.Handler.handleCallback(Handler.java:789)
12-14 01:26:30.380 W/Binder  ( 1627): 	at android.os.Handler.dispatchMessage(Handler.java:98)
12-14 01:26:30.380 W/Binder  ( 1627): 	at android.os.Looper.loop(Looper.java:164)
12-14 01:26:30.380 W/Binder  ( 1627): 	at android.os.HandlerThread.run(HandlerThread.java:65)
12-14 01:26:30.381 W/Binder  ( 1627): Outgoing transactions from this process must be FLAG_ONEWAY
12-14 01:26:30.381 W/Binder  ( 1627): java.lang.Throwable
12-14 01:26:30.381 W/Binder  ( 1627): 	at android.os.BinderProxy.transact(Binder.java:736)
12-14 01:26:30.381 W/Binder  ( 1627): 	at com.android.internal.location.ILocationProvider$Stub$Proxy.getProperties(ILocationProvider.java:232)
12-14 01:26:30.381 W/Binder  ( 1627): 	at com.android.server.location.LocationProviderProxy$1.run(LocationProviderProxy.java:119)
12-14 01:26:30.381 W/Binder  ( 1627): 	at android.os.Handler.handleCallback(Handler.java:789)
12-14 01:26:30.381 W/Binder  ( 1627): 	at android.os.Handler.dispatchMessage(Handler.java:98)
12-14 01:26:30.381 W/Binder  ( 1627): 	at android.os.Looper.loop(Looper.java:164)
12-14 01:26:30.381 W/Binder  ( 1627): 	at android.os.HandlerThread.run(HandlerThread.java:65)
12-14 01:26:30.409 W/Icing   ( 2217): No valid account for uploading user actions
12-14 01:26:30.426 I/Icing   ( 2217): IndexChimeraService.getServiceInterface callingPackage=com.google.android.gms componentName=null serviceId=30
12-14 01:26:30.427 I/InstrumentationBackend( 3887): Got command:'Command:'Line:null,version', arguments:'[]'
12-14 01:26:30.443 I/Icing   ( 2217): Usage reports ok 0, Failed Usage reports 0, indexed 0, rejected 0
12-14 01:26:30.448 I/Icing   ( 2217): Indexing com.google.android.gms-apps from com.google.android.gms
12-14 01:26:30.451 I/Icing   ( 2217): Indexing done com.google.android.gms-apps
12-14 01:26:30.453 W/Icing   ( 2217): No valid account for uploading user actions
12-14 01:26:30.460 I/Icing   ( 2217): Usage reports ok 0, Failed Usage reports 0, indexed 0, rejected 0
12-14 01:26:30.472 I/System.out( 3887): result:{"bonusInformation":[],"message":"0.9.8","success":true}
12-14 01:26:30.482 I/System.out( 3887): URI: //start-application
12-14 01:26:30.482 I/System.out( 3887): params: {json={"intent":null}
12-14 01:26:30.482 I/System.out( 3887): }
12-14 01:26:30.518 I/ActivityManager( 1627): START u0 {act=android.intent.action.MAIN cat=[android.intent.category.LAUNCHER] flg=0x10200000 cmp=com.evancharlton.mileage/.Mileage} from uid 10286
12-14 01:26:30.556 I/calabash( 3887): newActivity1
12-14 01:26:30.560 D/gralloc_ranchu( 1395): gralloc_alloc: Creating ashmem region of size 7753728
12-14 01:26:30.599 W/ActivityManager( 1627): Bad activity token: android.os.BinderProxy@39d1dbf
12-14 01:26:30.599 W/ActivityManager( 1627): java.lang.ClassCastException: android.os.BinderProxy cannot be cast to com.android.server.am.ActivityRecord$Token
12-14 01:26:30.599 W/ActivityManager( 1627): 	at com.android.server.am.ActivityRecord.forTokenLocked(ActivityRecord.java:778)
12-14 01:26:30.599 W/ActivityManager( 1627): 	at com.android.server.am.ActivityRecord.isInStackLocked(ActivityRecord.java:2085)
12-14 01:26:30.599 W/ActivityManager( 1627): 	at com.android.server.am.ActivityRecord.getStackLocked(ActivityRecord.java:2090)
12-14 01:26:30.599 W/ActivityManager( 1627): 	at com.android.server.am.ActivityManagerService.getActivityDisplayId(ActivityManagerService.java:10406)
12-14 01:26:30.599 W/ActivityManager( 1627): 	at android.app.IActivityManager$Stub.onTransact(IActivityManager.java:2738)
12-14 01:26:30.599 W/ActivityManager( 1627): 	at com.android.server.am.ActivityManagerService.onTransact(ActivityManagerService.java:2935)
12-14 01:26:30.599 W/ActivityManager( 1627): 	at android.os.Binder.execTransact(Binder.java:674)
12-14 01:26:30.601 I/calabash( 3887): newActivity1
12-14 01:26:30.611 W/ActivityManager( 1627): Bad activity token: android.os.BinderProxy@39d1dbf
12-14 01:26:30.611 W/ActivityManager( 1627): java.lang.ClassCastException: android.os.BinderProxy cannot be cast to com.android.server.am.ActivityRecord$Token
12-14 01:26:30.611 W/ActivityManager( 1627): 	at com.android.server.am.ActivityRecord.forTokenLocked(ActivityRecord.java:778)
12-14 01:26:30.611 W/ActivityManager( 1627): 	at com.android.server.am.ActivityRecord.isInStackLocked(ActivityRecord.java:2085)
12-14 01:26:30.611 W/ActivityManager( 1627): 	at com.android.server.am.ActivityManagerService.setTaskDescription(ActivityManagerService.java:9988)
12-14 01:26:30.611 W/ActivityManager( 1627): 	at android.app.IActivityManager$Stub.onTransact(IActivityManager.java:2824)
12-14 01:26:30.611 W/ActivityManager( 1627): 	at com.android.server.am.ActivityManagerService.onTransact(ActivityManagerService.java:2935)
12-14 01:26:30.611 W/ActivityManager( 1627): 	at android.os.Binder.execTransact(Binder.java:674)
12-14 01:26:30.614 V/StatusBar( 1726): setLightsOn(true)
12-14 01:26:30.616 W/ActivityManager( 1627): Bad activity token: android.os.BinderProxy@39d1dbf
12-14 01:26:30.616 W/ActivityManager( 1627): java.lang.ClassCastException: android.os.BinderProxy cannot be cast to com.android.server.am.ActivityRecord$Token
12-14 01:26:30.616 W/ActivityManager( 1627): 	at com.android.server.am.ActivityRecord.forTokenLocked(ActivityRecord.java:778)
12-14 01:26:30.616 W/ActivityManager( 1627): 	at com.android.server.am.ActivityRecord.isInStackLocked(ActivityRecord.java:2085)
12-14 01:26:30.616 W/ActivityManager( 1627): 	at com.android.server.am.ActivityRecord.getStackLocked(ActivityRecord.java:2090)
12-14 01:26:30.616 W/ActivityManager( 1627): 	at com.android.server.am.ActivityManagerService.getActivityStackId(ActivityManagerService.java:10417)
12-14 01:26:30.616 W/ActivityManager( 1627): 	at android.app.IActivityManager$Stub.onTransact(IActivityManager.java:3548)
12-14 01:26:30.616 W/ActivityManager( 1627): 	at com.android.server.am.ActivityManagerService.onTransact(ActivityManagerService.java:2935)
12-14 01:26:30.616 W/ActivityManager( 1627): 	at android.os.Binder.execTransact(Binder.java:674)
12-14 01:26:30.626 D/EGL_emulation( 2175): eglMakeCurrent: 0xa36049c0: ver 3 0 (tinfo 0xa36034c0)
12-14 01:26:30.626 D/EGL_emulation( 2146): eglMakeCurrent: 0xa36046c0: ver 3 0 (tinfo 0xa3603510)
12-14 01:26:30.642 D/EGL_emulation( 1726): eglMakeCurrent: 0xa3604b40: ver 3 0 (tinfo 0xa3603580)
12-14 01:26:30.652 I/chatty  ( 1726): uid=10028(u0_a28) RenderThread identical 1 line
12-14 01:26:30.659 D/EGL_emulation( 1726): eglMakeCurrent: 0xa3604b40: ver 3 0 (tinfo 0xa3603580)
12-14 01:26:30.661 V/StatusBar( 1726): setLightsOn(true)
12-14 01:26:30.666 D/EGL_emulation( 1726): eglMakeCurrent: 0xa3604b40: ver 3 0 (tinfo 0xa3603580)
12-14 01:26:30.668 W/asset   ( 1726): Asset path /data/app/com.evancharlton.mileage-yDHiVHw7cBepA7sFlfzyzQ==/base.apk is neither a directory nor file (type=1).
12-14 01:26:30.669 E/ResourcesManager( 1726): failed to add asset path /data/app/com.evancharlton.mileage-yDHiVHw7cBepA7sFlfzyzQ==/base.apk
12-14 01:26:30.669 W/PackageManager( 1726): Failure retrieving resources for com.evancharlton.mileage
12-14 01:26:30.669 W/asset   ( 1726): Asset path /data/app/com.evancharlton.mileage-yDHiVHw7cBepA7sFlfzyzQ==/base.apk is neither a directory nor file (type=1).
12-14 01:26:30.669 E/ResourcesManager( 1726): failed to add asset path /data/app/com.evancharlton.mileage-yDHiVHw7cBepA7sFlfzyzQ==/base.apk
12-14 01:26:30.669 W/PackageManager( 1726): Failure retrieving resources for com.evancharlton.mileage
12-14 01:26:30.669 W/asset   ( 1726): Asset path /data/app/com.evancharlton.mileage-yDHiVHw7cBepA7sFlfzyzQ==/base.apk is neither a directory nor file (type=1).
12-14 01:26:30.669 E/ResourcesManager( 1726): failed to add asset path /data/app/com.evancharlton.mileage-yDHiVHw7cBepA7sFlfzyzQ==/base.apk
12-14 01:26:30.669 W/PackageManager( 1726): Failure retrieving resources for com.evancharlton.mileage
12-14 01:26:30.695 E/ContentStoreEUAS( 2175): Failed to commit the deferred actions
12-14 01:26:30.703 D/EGL_emulation( 1726): eglMakeCurrent: 0xa3604b40: ver 3 0 (tinfo 0xa3603580)
12-14 01:26:30.706 D/ConnectivityService( 1627): handleLingerComplete for NetworkAgentInfo [MOBILE (LTE) - 100]
12-14 01:26:30.712 D/FillupsProvider( 3887): Creating database
12-14 01:26:30.719 D/EGL_emulation( 1726): eglMakeCurrent: 0xa3604b40: ver 3 0 (tinfo 0xa3603580)
12-14 01:26:30.815 I/chatty  ( 1726): uid=10028(u0_a28) RenderThread identical 12 lines
12-14 01:26:30.818 D/EGL_emulation( 1726): eglMakeCurrent: 0xa3604b40: ver 3 0 (tinfo 0xa3603580)
12-14 01:26:30.819 I/zygote  ( 3887): Do partial code cache collection, code=29KB, data=22KB
12-14 01:26:30.820 I/zygote  ( 3887): After code cache collection, code=29KB, data=22KB
12-14 01:26:30.820 I/zygote  ( 3887): Increasing code cache capacity to 128KB
12-14 01:26:30.833 D/EGL_emulation( 1726): eglMakeCurrent: 0xa3604b40: ver 3 0 (tinfo 0xa3603580)
