--------- beginning of main
12-14 01:27:10.594 E/adbd    ( 1382): failed to connect to socket 'tcp:7102': Connection refused
12-14 01:27:10.683 V/StatusBar( 1726): setLightsOn(true)
--------- beginning of system
12-14 01:27:10.699 W/ActivityManager( 1627): Finishing task with all activities already finished
12-14 01:27:10.699 W/ActivityManager( 1627): Duplicate finish request for ActivityRecord{a5e97ca u0 com.evancharlton.mileage/.Mileage t762 f}
12-14 01:27:10.702 I/chatty  ( 1726): uid=10028(u0_a28) com.android.systemui identical 2 lines
12-14 01:27:10.705 W/ActivityManager( 1627): Finishing task with all activities already finished
12-14 01:27:10.706 W/ActivityManager( 1627): Duplicate finish request for ActivityRecord{a5e97ca u0 com.evancharlton.mileage/.Mileage t762 f}
12-14 01:27:10.706 W/ActivityManager( 1627): Finishing task with all activities already finished
12-14 01:27:10.706 W/ActivityManager( 1627): Duplicate finish request for ActivityRecord{a5e97ca u0 com.evancharlton.mileage/.Mileage t762 f}
12-14 01:27:10.708 W/ActivityManager( 1627): Finishing task with all activities already finished
12-14 01:27:10.708 W/ActivityManager( 1627): Duplicate finish request for ActivityRecord{a5e97ca u0 com.evancharlton.mileage/.Mileage t762 f}
12-14 01:27:10.708 V/StatusBar( 1726): setLightsOn(true)
12-14 01:27:10.709 D/gralloc_ranchu( 1395): gralloc_alloc: Creating ashmem region of size 8298496
12-14 01:27:10.711 V/StatusBar( 1726): setLightsOn(true)
12-14 01:27:10.712 W/ActivityManager( 1627): Finishing task with all activities already finished
12-14 01:27:10.714 W/ActivityManager( 1627): Duplicate finish request for ActivityRecord{a5e97ca u0 com.evancharlton.mileage/.Mileage t762 f}
12-14 01:27:10.715 W/ActivityManager( 1627): Finishing task with all activities already finished
12-14 01:27:10.715 W/ActivityManager( 1627): Duplicate finish request for ActivityRecord{a5e97ca u0 com.evancharlton.mileage/.Mileage t762 f}
12-14 01:27:10.716 W/ActivityManager( 1627): Finishing task with all activities already finished
12-14 01:27:10.716 W/ActivityManager( 1627): Duplicate finish request for ActivityRecord{a5e97ca u0 com.evancharlton.mileage/.Mileage t762 f}
12-14 01:27:10.720 W/ActivityManager( 1627): Finishing task with all activities already finished
12-14 01:27:10.721 W/ActivityManager( 1627): Duplicate finish request for ActivityRecord{a5e97ca u0 com.evancharlton.mileage/.Mileage t762 f}
12-14 01:27:10.723 D/gralloc_ranchu( 1395): gralloc_alloc: Creating ashmem region of size 8298496
12-14 01:27:10.724 W/ActivityManager( 1627): Finishing task with all activities already finished
12-14 01:27:10.724 W/ActivityManager( 1627): Duplicate finish request for ActivityRecord{a5e97ca u0 com.evancharlton.mileage/.Mileage t762 f}
12-14 01:27:10.738 W/ActivityManager( 1627): Finishing task with all activities already finished
12-14 01:27:10.738 W/ActivityManager( 1627): Duplicate finish request for ActivityRecord{a5e97ca u0 com.evancharlton.mileage/.Mileage t762 f}
12-14 01:27:10.740 W/audio_hw_generic( 1389): Not supplying enough data to HAL, expected position 834770 , only wrote 595440
12-14 01:27:10.741 D/gralloc_ranchu( 1395): gralloc_alloc: Creating ashmem region of size 8298496
12-14 01:27:10.742 W/ActivityManager( 1627): Finishing task with all activities already finished
12-14 01:27:10.743 W/ActivityManager( 1627): Duplicate finish request for ActivityRecord{a5e97ca u0 com.evancharlton.mileage/.Mileage t762 f}
12-14 01:27:10.763 D/SurfaceFlinger( 1408): duplicate layer name: changing com.google.android.apps.nexuslauncher/com.google.android.apps.nexuslauncher.NexusLauncherActivity to com.google.android.apps.nexuslauncher/com.google.android.apps.nexuslauncher.NexusLauncherActivity#1
12-14 01:27:10.775 D/gralloc_ranchu( 1395): gralloc_alloc: Creating ashmem region of size 8298496
12-14 01:27:10.816 D/gralloc_ranchu( 1395): gralloc_alloc: Creating ashmem region of size 8298496
12-14 01:27:10.817 D/EGL_emulation( 1726): eglMakeCurrent: 0xa3604b40: ver 3 0 (tinfo 0xa3603580)
12-14 01:27:10.885 D/gralloc_ranchu( 1395): gralloc_alloc: Creating ashmem region of size 8298496
12-14 01:27:10.972 D/gralloc_ranchu( 1395): gralloc_alloc: Creating ashmem region of size 8298496
12-14 01:27:11.060 D/EGL_emulation( 2175): eglMakeCurrent: 0xa36049c0: ver 3 0 (tinfo 0xa36034c0)
12-14 01:27:11.068 D/gralloc_ranchu( 1395): gralloc_alloc: Creating ashmem region of size 8298496
12-14 01:27:11.139 D/gralloc_ranchu( 1395): gralloc_alloc: Creating ashmem region of size 8298496
12-14 01:27:11.204 W/ActivityManager( 1627): Unable to start service Intent { act=com.google.android.gms.speech.service.START pkg=com.google.android.gms } U=0: not found
12-14 01:27:11.205 W/ActivityManager( 1627): Unbind failed: could not find connection for android.os.BinderProxy@5264169
12-14 01:27:11.206 E/GmsClient( 2175): unable to connect to service: com.google.android.gms.speech.service.START on com.google.android.gms
12-14 01:27:11.211 W/SessionLifecycleManager( 2175): Handover failed. Creating new session controller.
12-14 01:27:11.219 I/OptInState( 2175): There is a new client and it does not support opt-in. Dropping request.
12-14 01:27:11.241 D/EGL_emulation( 2146): eglMakeCurrent: 0xa36046c0: ver 3 0 (tinfo 0xa3603510)
12-14 01:27:11.246 D/gralloc_ranchu( 1395): gralloc_alloc: Creating ashmem region of size 8298496
12-14 01:27:11.265 I/zygote  ( 2175): Do full code cache collection, code=506KB, data=355KB
12-14 01:27:11.265 I/zygote  ( 2175): After code cache collection, code=504KB, data=316KB
12-14 01:27:11.283 I/MicroDetectionWorker( 2175): #updateMicroDetector [detectionMode: [mDetectionMode: [1]]]
12-14 01:27:11.283 I/MicroDetectionWorker( 2175): #startMicroDetector [speakerMode: 0]
12-14 01:27:11.284 I/AudioController( 2175): Using mInputStreamFactoryBuilder
12-14 01:27:11.294 I/MicroDetectionWorker( 2175): onReady
12-14 01:27:11.309 I/MicroRecognitionRunner( 2175): Starting detection.
12-14 01:27:11.320 I/MicrophoneInputStream( 2175): mic_starting com.google.android.apps.gsa.staticplugins.aa.c@c66fc5e
12-14 01:27:11.332 I/MicrophoneInputStream( 2175): mic_started com.google.android.apps.gsa.staticplugins.aa.c@c66fc5e
12-14 01:27:11.335 I/AudioFlinger( 1475): AudioFlinger's thread 0xb0b03840 tid=4515 ready to run
12-14 01:27:11.359 D/gralloc_ranchu( 1395): gralloc_alloc: Creating ashmem region of size 7753728
12-14 01:27:11.396 E/ActivityThread( 2175): Failed to find provider info for com.google.android.apps.gsa.testing.ui.audio.recorded
12-14 01:27:11.398 I/MicroDetectionWorker( 2175): onReady
12-14 01:27:11.403 I/MicrophoneInputStream( 2175): mic_close com.google.android.apps.gsa.staticplugins.aa.c@c66fc5e
12-14 01:27:11.403 I/MicroRecognitionRunner( 2175): Detection finished
12-14 01:27:11.403 W/ErrorReporter( 2175): reportError [type: 211, code: 524300]: Error reading from input stream
12-14 01:27:11.405 I/MicroRecognitionRunner( 2175): Stopping hotword detection.
12-14 01:27:11.408 W/ErrorProcessor( 2175): onFatalError, processing error from engine(4)
12-14 01:27:11.408 W/ErrorProcessor( 2175): com.google.android.apps.gsa.shared.speech.b.g: Error reading from input stream
12-14 01:27:11.408 W/ErrorProcessor( 2175): 	at com.google.android.apps.gsa.staticplugins.recognizer.j.a.a(SourceFile:28)
12-14 01:27:11.408 W/ErrorProcessor( 2175): 	at com.google.android.apps.gsa.staticplugins.recognizer.j.b.run(SourceFile:15)
12-14 01:27:11.408 W/ErrorProcessor( 2175): 	at java.util.concurrent.Executors$RunnableAdapter.call(Executors.java:457)
12-14 01:27:11.408 W/ErrorProcessor( 2175): 	at java.util.concurrent.FutureTask.run(FutureTask.java:266)
12-14 01:27:11.408 W/ErrorProcessor( 2175): 	at com.google.android.apps.gsa.shared.util.concurrent.a.ax.run(SourceFile:14)
12-14 01:27:11.408 W/ErrorProcessor( 2175): 	at com.google.android.apps.gsa.shared.util.concurrent.a.bl.run(SourceFile:4)
12-14 01:27:11.408 W/ErrorProcessor( 2175): 	at com.google.android.apps.gsa.shared.util.concurrent.a.bl.run(SourceFile:4)
12-14 01:27:11.408 W/ErrorProcessor( 2175): 	at java.util.concurrent.ThreadPoolExecutor.runWorker(ThreadPoolExecutor.java:1162)
12-14 01:27:11.408 W/ErrorProcessor( 2175): 	at java.util.concurrent.ThreadPoolExecutor$Worker.run(ThreadPoolExecutor.java:636)
12-14 01:27:11.408 W/ErrorProcessor( 2175): 	at java.lang.Thread.run(Thread.java:764)
12-14 01:27:11.408 W/ErrorProcessor( 2175): 	at com.google.android.apps.gsa.shared.util.concurrent.a.ai.run(SourceFile:6)
12-14 01:27:11.408 W/ErrorProcessor( 2175): Caused by: com.google.android.apps.gsa.shared.exception.GsaIOException: Error code: 393238 | Buffer overflow, no available space.
12-14 01:27:11.408 W/ErrorProcessor( 2175): 	at com.google.android.apps.gsa.speech.audio.Tee.f(SourceFile:103)
12-14 01:27:11.408 W/ErrorProcessor( 2175): 	at com.google.android.apps.gsa.speech.audio.au.read(SourceFile:2)
12-14 01:27:11.408 W/ErrorProcessor( 2175): 	at java.io.InputStream.read(InputStream.java:101)
12-14 01:27:11.408 W/ErrorProcessor( 2175): 	at com.google.android.apps.gsa.speech.audio.ao.run(SourceFile:18)
12-14 01:27:11.408 W/ErrorProcessor( 2175): 	at com.google.android.apps.gsa.speech.audio.an.run(SourceFile:2)
12-14 01:27:11.408 W/ErrorProcessor( 2175): 	... 9 more
12-14 01:27:11.409 I/AudioController( 2175): internalShutdown
12-14 01:27:11.410 D/EGL_emulation( 1726): eglMakeCurrent: 0xa3604b40: ver 3 0 (tinfo 0xa3603580)
12-14 01:27:11.411 I/MicroDetector( 2175): Keeping mic open: false
12-14 01:27:11.411 I/MicroDetectionWorker( 2175): #onError(false)
12-14 01:27:11.411 I/DeviceStateChecker( 2175): DeviceStateChecker cancelled
12-14 01:27:11.420 D/EGL_emulation( 1726): eglMakeCurrent: 0xa3604b40: ver 3 0 (tinfo 0xa3603580)
12-14 01:27:11.573 I/chatty  ( 1726): uid=10028(u0_a28) RenderThread identical 9 lines
12-14 01:27:11.580 D/EGL_emulation( 1726): eglMakeCurrent: 0xa3604b40: ver 3 0 (tinfo 0xa3603580)
12-14 01:27:11.592 D/AndroidRuntime( 4510): >>>>>> START com.android.internal.os.RuntimeInit uid 2000 <<<<<<
12-14 01:27:11.600 D/EGL_emulation( 1726): eglMakeCurrent: 0xa3604b40: ver 3 0 (tinfo 0xa3603580)
12-14 01:27:11.604 I/chatty  ( 1726): uid=10028(u0_a28) RenderThread identical 1 line
12-14 01:27:11.614 D/EGL_emulation( 1726): eglMakeCurrent: 0xa3604b40: ver 3 0 (tinfo 0xa3603580)
12-14 01:27:11.668 W/OpenGLRenderer( 2146): Incorrectly called buildLayer on View: ShortcutAndWidgetContainer, destroying layer...
12-14 01:27:11.675 D/gralloc_ranchu( 1395): gralloc_alloc: Creating ashmem region of size 8298496
12-14 01:27:11.714 W/app_process( 4510): Unexpected CPU variant for X86 using defaults: x86
12-14 01:27:11.741 D/AndroidRuntime( 4510): Calling main entry com.android.commands.am.Am
12-14 01:27:11.743 I/ActivityManager( 1627): Force stopping com.evancharlton.mileage appid=10286 user=0: start instr
12-14 01:27:11.743 I/ActivityManager( 1627): Killing 4419:com.evancharlton.mileage/u0a286 (adj 0): stop com.evancharlton.mileage
12-14 01:27:11.747 W/ActivityManager( 1627): Crash of app com.evancharlton.mileage running instrumentation ComponentInfo{com.evancharlton.mileage.test/sh.calaba.instrumentationbackend.CalabashInstrumentationTestRunner}
12-14 01:27:11.747 I/ActivityManager( 1627): Force stopping com.evancharlton.mileage appid=10286 user=0: finished inst
12-14 01:27:11.760 I/zygote  ( 4524): Not late-enabling -Xcheck:jni (already on)
12-14 01:27:11.767 W/zygote  ( 4524): Unexpected CPU variant for X86 using defaults: x86
12-14 01:27:11.768 I/ActivityManager( 1627): Start proc 4524:com.evancharlton.mileage/u0a286 for added application com.evancharlton.mileage
12-14 01:27:11.774 D/AndroidRuntime( 4510): Shutting down VM
12-14 01:27:11.781 I/WindowManager( 1627): WIN DEATH: Window{c8b8048 u0 com.evancharlton.mileage/com.evancharlton.mileage.Mileage EXITING}
12-14 01:27:11.784 W/ActivityManager( 1627): setHasOverlayUi called on unknown pid: 4419
12-14 01:27:11.807 W/zygote  ( 4524): Found duplicate classes, falling back to extracting from APK : /data/app/com.evancharlton.mileage.test-z00O3-ZdLDzIBCXozq54rQ==/base.apk
12-14 01:27:11.807 W/zygote  ( 4524): NOTE: This wastes RAM and hurts startup performance.
12-14 01:27:11.808 W/zygote  ( 4524): Found duplicated class when checking oat files: 'Ljunit/runner/BaseTestRunner;' in /data/app/com.evancharlton.mileage.test-z00O3-ZdLDzIBCXozq54rQ==/base.apk and /system/framework/android.test.runner.jar
12-14 01:27:11.808 W/zygote  ( 4524): 
12-14 01:27:11.825 E/adbd    ( 1382): failed to connect to socket 'tcp:7102': Connection refused
12-14 01:27:11.833 I/OpenGLRenderer( 1627): Initialized EGL, version 1.4
12-14 01:27:11.834 D/OpenGLRenderer( 1627): Swap behavior 1
12-14 01:27:11.834 W/OpenGLRenderer( 1627): Failed to choose config with EGL_SWAP_BEHAVIOR_PRESERVED, retrying without...
12-14 01:27:11.834 D/OpenGLRenderer( 1627): Swap behavior 0
12-14 01:27:11.836 E/adbd    ( 1382): failed to connect to socket 'tcp:7102': Connection refused
12-14 01:27:11.842 D/EGL_emulation( 1627): eglCreateContext: 0x8baf0320: maj 3 min 0 rcv 3
12-14 01:27:11.844 D/EGL_emulation( 1627): eglMakeCurrent: 0x8baf0320: ver 3 0 (tinfo 0x919a29d0)
12-14 01:27:11.845 E/eglCodecCommon( 1627): glUtilsParamSize: unknow param 0x00008cdf
12-14 01:27:11.845 E/eglCodecCommon( 1627): glUtilsParamSize: unknow param 0x00008cdf
12-14 01:27:11.845 E/eglCodecCommon( 1627): glUtilsParamSize: unknow param 0x00008824
12-14 01:27:11.845 E/eglCodecCommon( 1627): glUtilsParamSize: unknow param 0x00008824
12-14 01:27:11.873 W/System  ( 4524): ClassLoader referenced unknown path: 
12-14 01:27:11.893 I/System.out( 4524): Main activity name automatically set to: com.evancharlton.mileage.Mileage
12-14 01:27:11.893 I/System.out( 4524): Calabash did not load Mono. This is only a problem if you are trying to test a Mono application
12-14 01:27:11.893 I/calabash( 4524): Test server port: 7102
12-14 01:27:11.894 I/InstrumentationBackend( 4524): Added:'GetPreferences', with key:'get_preferences'
12-14 01:27:11.947 E/adbd    ( 1382): failed to connect to socket 'tcp:7102': Connection refused
12-14 01:27:11.949 E/adbd    ( 1382): failed to connect to socket 'tcp:7102': Connection refused
12-14 01:27:11.967 I/InstrumentationBackend( 4524): Added:'SetPreferences', with key:'set_preferences'
12-14 01:27:11.967 I/InstrumentationBackend( 4524): Added:'ClearPreferences', with key:'clear_preferences'
12-14 01:27:11.967 I/InstrumentationBackend( 4524): Added:'PressElement', with key:'press_l10n_element'
12-14 01:27:11.968 I/InstrumentationBackend( 4524): Added:'WaitForElement', with key:'wait_for_l10n_element'
12-14 01:27:11.968 I/InstrumentationBackend( 4524): Added:'NullAction', with key:'nullAction'
12-14 01:27:11.969 I/InstrumentationBackend( 4524): Added:'PressKey', with key:'press_key'
12-14 01:27:11.969 I/InstrumentationBackend( 4524): Added:'SetActivityOrientation', with key:'set_activity_orientation'
12-14 01:27:11.969 I/InstrumentationBackend( 4524): Added:'GetActivityOrientation', with key:'get_activity_orientation'
12-14 01:27:11.971 I/InstrumentationBackend( 4524): Added:'FakeGPSLocation', with key:'set_gps_coordinates'
12-14 01:27:11.971 I/InstrumentationBackend( 4524): Added:'SetPropertyByCssSelector', with key:'set_property_by_css_selector'
12-14 01:27:11.972 I/InstrumentationBackend( 4524): Added:'GetUrl', with key:'get_url'
12-14 01:27:11.974 I/InstrumentationBackend( 4524): Added:'ScrollTo', with key:'scroll_to'
12-14 01:27:11.974 I/InstrumentationBackend( 4524): Added:'GetLoadProgress', with key:'get_load_progress'
12-14 01:27:11.975 I/InstrumentationBackend( 4524): Added:'DumpHtml', with key:'dump_html'
12-14 01:27:11.975 I/InstrumentationBackend( 4524): Added:'DumpBodyHtml', with key:'dump_body_html'
12-14 01:27:11.975 I/InstrumentationBackend( 4524): Added:'EnterTextByCssSelector', with key:'enter_text_by_selector'
12-14 01:27:11.979 I/InstrumentationBackend( 4524): Added:'AndroidSDKVersion', with key:'android_sdk_version'
12-14 01:27:11.979 I/InstrumentationBackend( 4524): Added:'Version', with key:'version'
12-14 01:27:11.979 I/InstrumentationBackend( 4524): Added:'Drag', with key:'drag'
12-14 01:27:11.979 I/InstrumentationBackend( 4524): Added:'TouchCoordinates', with key:'touch_coordinate'
12-14 01:27:11.980 I/InstrumentationBackend( 4524): Added:'LongPressCoordinate', with key:'long_press_coordinate'
12-14 01:27:11.980 I/InstrumentationBackend( 4524): Added:'DragCoordinates', with key:'drag_coordinates'
12-14 01:27:11.981 I/InstrumentationBackend( 4524): Added:'ResumeApplication', with key:'resume_application'
12-14 01:27:11.981 I/InstrumentationBackend( 4524): Added:'Swipe', with key:'swipe'
12-14 01:27:11.981 I/InstrumentationBackend( 4524): Added:'DoubleTapCoordinate', with key:'double_tap_coordinate'
12-14 01:27:11.981 I/InstrumentationBackend( 4524): Added:'ClickOnScreen', with key:'click_on_screen'
12-14 01:27:11.982 I/InstrumentationBackend( 4524): Added:'GetActivityName', with key:'get_activity_name'
12-14 01:27:11.983 I/InstrumentationBackend( 4524): Added:'ScrollToView', with key:'scroll_to_view'
12-14 01:27:11.983 I/InstrumentationBackend( 4524): Added:'ViewConfiguration', with key:'view_configuration'
12-14 01:27:11.983 I/InstrumentationBackend( 4524): Added:'IsCurrentActivityFocused', with key:'is_current_activity_focused'
12-14 01:27:11.983 I/InstrumentationBackend( 4524): Added:'SendTcp', with key:'send_tcp'
12-14 01:27:11.984 I/InstrumentationBackend( 4524): Added:'DpToDevicePixel', with key:'dp_to_device_pixel'
12-14 01:27:11.985 I/InstrumentationBackend( 4524): Added:'KeyboardEnterText', with key:'keyboard_enter_text'
12-14 01:27:11.985 I/InstrumentationBackend( 4524): Added:'DeleteSurroundingText', with key:'delete_surrounding_text'
12-14 01:27:11.985 I/InstrumentationBackend( 4524): Added:'SetComposingRegion', with key:'set_composing_region'
12-14 01:27:11.986 I/InstrumentationBackend( 4524): Added:'SetSelection', with key:'set_selection'
12-14 01:27:11.986 I/InstrumentationBackend( 4524): Added:'KeyboardKeyEvent', with key:'keyboard_key_event'
12-14 01:27:11.987 I/InstrumentationBackend( 4524): Added:'PressUserActionButton', with key:'press_user_action_button'
12-14 01:27:11.988 I/InstrumentationBackend( 4524): Added:'HideSoftKeyboard', with key:'hide_soft_keyboard'
12-14 01:27:11.989 I/InstrumentationBackend( 4524): Added:'ListActions', with key:'list_actions'
12-14 01:27:11.989 I/calabash( 4524): Instantiating http server at 7102
12-14 01:27:11.990 I/System.out( 4524): HTTP Daemon listening on: 7102
12-14 01:27:12.078 I/System.out( 4524): URI: //ping
12-14 01:27:12.078 I/System.out( 4524): params: {json={}
12-14 01:27:12.079 I/System.out( 4524): }
12-14 01:27:12.102 I/System.out( 4524): URI: //ping
12-14 01:27:12.102 I/System.out( 4524): params: {json={}
12-14 01:27:12.102 I/System.out( 4524): }
12-14 01:27:12.113 I/System.out( 4524): URI: //ready
12-14 01:27:12.113 I/System.out( 4524): params: {json={}
12-14 01:27:12.113 I/System.out( 4524): }
12-14 01:27:12.126 I/System.out( 4524): URI: //
12-14 01:27:12.126 I/System.out( 4524): params: {json={"command":"version","arguments":[]}
12-14 01:27:12.126 I/System.out( 4524): }
12-14 01:27:12.126 I/System.out( 4524): header: {content-type=application/json;charset=utf-8, date=Mon, 14 Dec 2020 06:27:12 GMT, accept=*/*, host=127.0.0.1:34777, content-length=36, user-agent=HTTPClient/1.0 (2.8.3, ruby 2.5.8 (2020-03-31))}
12-14 01:27:12.126 I/System.out( 4524): params: {json={"command":"version","arguments":[]}
12-14 01:27:12.126 I/System.out( 4524): }
12-14 01:27:12.126 I/System.out( 4524): ProP json = {"command":"version","arguments":[]}
12-14 01:27:12.126 I/System.out( 4524): files: {}
12-14 01:27:12.126 I/System.out( 4524): command: {"command":"version","arguments":[]}
12-14 01:27:12.157 I/InstrumentationBackend( 4524): Got command:'Command:'Line:null,version', arguments:'[]'
12-14 01:27:12.189 I/System.out( 4524): result:{"bonusInformation":[],"message":"0.9.8","success":true}
12-14 01:27:12.197 I/System.out( 4524): URI: //start-application
12-14 01:27:12.197 I/System.out( 4524): params: {json={"intent":null}
12-14 01:27:12.197 I/System.out( 4524): }
12-14 01:27:12.236 I/ActivityManager( 1627): START u0 {act=android.intent.action.MAIN cat=[android.intent.category.LAUNCHER] flg=0x10200000 cmp=com.evancharlton.mileage/.Mileage} from uid 10286
12-14 01:27:12.252 I/calabash( 4524): newActivity1
12-14 01:27:12.273 D/gralloc_ranchu( 1395): gralloc_alloc: Creating ashmem region of size 7753728
12-14 01:27:12.280 W/ActivityManager( 1627): Bad activity token: android.os.BinderProxy@87b8795
12-14 01:27:12.280 W/ActivityManager( 1627): java.lang.ClassCastException: android.os.BinderProxy cannot be cast to com.android.server.am.ActivityRecord$Token
12-14 01:27:12.280 W/ActivityManager( 1627): 	at com.android.server.am.ActivityRecord.forTokenLocked(ActivityRecord.java:778)
12-14 01:27:12.280 W/ActivityManager( 1627): 	at com.android.server.am.ActivityRecord.isInStackLocked(ActivityRecord.java:2085)
12-14 01:27:12.280 W/ActivityManager( 1627): 	at com.android.server.am.ActivityRecord.getStackLocked(ActivityRecord.java:2090)
12-14 01:27:12.280 W/ActivityManager( 1627): 	at com.android.server.am.ActivityManagerService.getActivityDisplayId(ActivityManagerService.java:10406)
12-14 01:27:12.280 W/ActivityManager( 1627): 	at android.app.IActivityManager$Stub.onTransact(IActivityManager.java:2738)
12-14 01:27:12.280 W/ActivityManager( 1627): 	at com.android.server.am.ActivityManagerService.onTransact(ActivityManagerService.java:2935)
12-14 01:27:12.280 W/ActivityManager( 1627): 	at android.os.Binder.execTransact(Binder.java:674)
12-14 01:27:12.281 I/calabash( 4524): newActivity1
12-14 01:27:12.292 W/ActivityManager( 1627): Bad activity token: android.os.BinderProxy@87b8795
12-14 01:27:12.292 W/ActivityManager( 1627): java.lang.ClassCastException: android.os.BinderProxy cannot be cast to com.android.server.am.ActivityRecord$Token
12-14 01:27:12.292 W/ActivityManager( 1627): 	at com.android.server.am.ActivityRecord.forTokenLocked(ActivityRecord.java:778)
12-14 01:27:12.292 W/ActivityManager( 1627): 	at com.android.server.am.ActivityRecord.isInStackLocked(ActivityRecord.java:2085)
12-14 01:27:12.292 W/ActivityManager( 1627): 	at com.android.server.am.ActivityManagerService.setTaskDescription(ActivityManagerService.java:9988)
12-14 01:27:12.292 W/ActivityManager( 1627): 	at android.app.IActivityManager$Stub.onTransact(IActivityManager.java:2824)
12-14 01:27:12.292 W/ActivityManager( 1627): 	at com.android.server.am.ActivityManagerService.onTransact(ActivityManagerService.java:2935)
12-14 01:27:12.292 W/ActivityManager( 1627): 	at android.os.Binder.execTransact(Binder.java:674)
12-14 01:27:12.292 W/ActivityManager( 1627): Bad activity token: android.os.BinderProxy@87b8795
12-14 01:27:12.292 W/ActivityManager( 1627): java.lang.ClassCastException: android.os.BinderProxy cannot be cast to com.android.server.am.ActivityRecord$Token
12-14 01:27:12.292 W/ActivityManager( 1627): 	at com.android.server.am.ActivityRecord.forTokenLocked(ActivityRecord.java:778)
12-14 01:27:12.292 W/ActivityManager( 1627): 	at com.android.server.am.ActivityRecord.isInStackLocked(ActivityRecord.java:2085)
12-14 01:27:12.292 W/ActivityManager( 1627): 	at com.android.server.am.ActivityRecord.getStackLocked(ActivityRecord.java:2090)
12-14 01:27:12.292 W/ActivityManager( 1627): 	at com.android.server.am.ActivityManagerService.getActivityStackId(ActivityManagerService.java:10417)
12-14 01:27:12.292 W/ActivityManager( 1627): 	at android.app.IActivityManager$Stub.onTransact(IActivityManager.java:3548)
12-14 01:27:12.292 W/ActivityManager( 1627): 	at com.android.server.am.ActivityManagerService.onTransact(ActivityManagerService.java:2935)
12-14 01:27:12.292 W/ActivityManager( 1627): 	at android.os.Binder.execTransact(Binder.java:674)
12-14 01:27:12.331 V/StatusBar( 1726): setLightsOn(true)
12-14 01:27:12.333 D/EGL_emulation( 2146): eglMakeCurrent: 0xa36046c0: ver 3 0 (tinfo 0xa3603510)
12-14 01:27:12.336 D/EGL_emulation( 2175): eglMakeCurrent: 0xa36049c0: ver 3 0 (tinfo 0xa36034c0)
12-14 01:27:12.353 D/EGL_emulation( 1726): eglMakeCurrent: 0xa3604b40: ver 3 0 (tinfo 0xa3603580)
12-14 01:27:12.366 I/chatty  ( 1726): uid=10028(u0_a28) RenderThread identical 1 line
12-14 01:27:12.373 D/EGL_emulation( 1726): eglMakeCurrent: 0xa3604b40: ver 3 0 (tinfo 0xa3603580)
12-14 01:27:12.375 E/ContentStoreEUAS( 2175): Failed to commit the deferred actions
12-14 01:27:12.376 V/StatusBar( 1726): setLightsOn(true)
12-14 01:27:12.383 D/EGL_emulation( 1726): eglMakeCurrent: 0xa3604b40: ver 3 0 (tinfo 0xa3603580)
12-14 01:27:12.418 W/ActivityManager( 1627): Bad activity token: android.os.BinderProxy@87b8795
12-14 01:27:12.418 W/ActivityManager( 1627): java.lang.ClassCastException: android.os.BinderProxy cannot be cast to com.android.server.am.ActivityRecord$Token
12-14 01:27:12.418 W/ActivityManager( 1627): 	at com.android.server.am.ActivityRecord.forTokenLocked(ActivityRecord.java:778)
12-14 01:27:12.418 W/ActivityManager( 1627): 	at com.android.server.am.ActivityRecord.isInStackLocked(ActivityRecord.java:2085)
12-14 01:27:12.418 W/ActivityManager( 1627): 	at com.android.server.am.ActivityManagerService.getActivityOptions(ActivityManagerService.java:13302)
12-14 01:27:12.418 W/ActivityManager( 1627): 	at android.app.IActivityManager$Stub.onTransact(IActivityManager.java:2910)
12-14 01:27:12.418 W/ActivityManager( 1627): 	at com.android.server.am.ActivityManagerService.onTransact(ActivityManagerService.java:2935)
12-14 01:27:12.418 W/ActivityManager( 1627): 	at android.os.Binder.execTransact(Binder.java:674)
12-14 01:27:12.420 W/ActivityManager( 1627): Bad activity token: android.os.BinderProxy@87b8795
12-14 01:27:12.420 W/ActivityManager( 1627): java.lang.ClassCastException: android.os.BinderProxy cannot be cast to com.android.server.am.ActivityRecord$Token
12-14 01:27:12.420 W/ActivityManager( 1627): 	at com.android.server.am.ActivityRecord.forTokenLocked(ActivityRecord.java:778)
12-14 01:27:12.420 W/ActivityManager( 1627): 	at com.android.server.am.ActivityRecord.isInStackLocked(ActivityRecord.java:2085)
12-14 01:27:12.420 W/ActivityManager( 1627): 	at com.android.server.am.ActivityManagerService.getActivityOptions(ActivityManagerService.java:13302)
12-14 01:27:12.420 W/ActivityManager( 1627): 	at android.app.IActivityManager$Stub.onTransact(IActivityManager.java:2910)
12-14 01:27:12.420 W/ActivityManager( 1627): 	at com.android.server.am.ActivityManagerService.onTransact(ActivityManagerService.java:2935)
12-14 01:27:12.420 W/ActivityManager( 1627): 	at android.os.Binder.execTransact(Binder.java:674)
12-14 01:27:12.534 I/chatty  ( 1726): uid=10028(u0_a28) RenderThread identical 16 lines
12-14 01:27:12.540 D/EGL_emulation( 1726): eglMakeCurrent: 0xa3604b40: ver 3 0 (tinfo 0xa3603580)
12-14 01:27:12.541 V/StatusBar( 1726): setLightsOn(true)
12-14 01:27:12.551 D/EGL_emulation( 1726): eglMakeCurrent: 0xa3604b40: ver 3 0 (tinfo 0xa3603580)
12-14 01:27:12.578 I/zygote  ( 4524): Do partial code cache collection, code=29KB, data=30KB
12-14 01:27:12.578 I/zygote  ( 4524): After code cache collection, code=29KB, data=30KB
12-14 01:27:12.578 I/zygote  ( 4524): Increasing code cache capacity to 128KB
12-14 01:27:12.581 I/zygote  ( 4524): Do partial code cache collection, code=29KB, data=48KB
12-14 01:27:12.583 I/zygote  ( 4524): After code cache collection, code=29KB, data=48KB
12-14 01:27:12.583 V/StatusBar( 1726): setLightsOn(true)
12-14 01:27:12.583 I/zygote  ( 4524): Increasing code cache capacity to 256KB
12-14 01:27:12.584 I/zygote  ( 4524): JIT allocated 71KB for compiled code of void android.widget.TextView.<init>(android.content.Context, android.util.AttributeSet, int, int)
12-14 01:27:12.584 I/zygote  ( 4524): Compiler allocated 4MB to compile void android.widget.TextView.<init>(android.content.Context, android.util.AttributeSet, int, int)
12-14 01:27:12.594 V/StatusBar( 1726): setLightsOn(true)
12-14 01:27:12.594 V/StatusBar( 1726): setLightsOn(true)
12-14 01:27:12.647 D/gralloc_ranchu( 1395): gralloc_alloc: Creating ashmem region of size 7753728
12-14 01:27:12.663 D/        ( 4524): HostConnection::get() New Host Connection established 0xa0cafc40, tid 4524
12-14 01:27:12.725 V/StatusBar( 1726): setLightsOn(true)
12-14 01:27:12.728 V/StatusBar( 1726): setLightsOn(true)
12-14 01:27:12.733 I/ActivityManager( 1627): Displayed com.evancharlton.mileage/.Mileage: +483ms
12-14 01:27:12.740 D/gralloc_ranchu( 1395): gralloc_alloc: Creating ashmem region of size 7753728
12-14 01:27:12.745 V/StatusBar( 1726): setLightsOn(true)
12-14 01:27:12.817 V/StatusBar( 1726): setLightsOn(true)
12-14 01:27:12.868 I/zygote  ( 4524): Do full code cache collection, code=125KB, data=72KB
12-14 01:27:12.872 I/zygote  ( 4524): After code cache collection, code=108KB, data=44KB
12-14 01:27:12.907 I/System.out( 4524): URI: //gesture
12-14 01:27:12.907 I/System.out( 4524): params: {json={"query_timeout":5.0,"gestures":[{"query_string":"android.widget.TabWidget descendant TextView index:1","touches":[{"x":50,"y":50,"offset_x":0,"offset_y":0,"wait":0.0,"time":0.2,"release":true,"query_string":null}]}]}
12-14 01:27:12.907 I/System.out( 4524): }
12-14 01:27:12.925 V/StatusBar( 1726): setLightsOn(true)
12-14 01:27:13.061 I/chatty  ( 1726): uid=10028(u0_a28) com.android.systemui identical 3 lines
12-14 01:27:13.075 V/StatusBar( 1726): setLightsOn(true)
12-14 01:27:13.103 W/SurfaceFlinger( 1408): couldn't log to binary event log: overflow.
12-14 01:27:13.178 I/PBSessionCacheImpl( 2175): Deleted sessionId[6750587992441] from persistence.
12-14 01:27:13.214 W/SearchService( 2175): Abort, client detached.
12-14 01:27:13.260 W/audio_hw_generic( 1389): Not supplying enough data to HAL, expected position 595729 , only wrote 595440
12-14 01:27:13.262 W/ActivityManager( 1627): Bad activity token: android.os.BinderProxy@4c75467
12-14 01:27:13.262 W/ActivityManager( 1627): java.lang.ClassCastException: android.os.BinderProxy cannot be cast to com.android.server.am.ActivityRecord$Token
12-14 01:27:13.262 W/ActivityManager( 1627): 	at com.android.server.am.ActivityRecord.forTokenLocked(ActivityRecord.java:778)
12-14 01:27:13.262 W/ActivityManager( 1627): 	at com.android.server.am.ActivityRecord.isInStackLocked(ActivityRecord.java:2085)
12-14 01:27:13.262 W/ActivityManager( 1627): 	at com.android.server.am.ActivityRecord.getStackLocked(ActivityRecord.java:2090)
12-14 01:27:13.262 W/ActivityManager( 1627): 	at com.android.server.am.ActivityManagerService.getActivityDisplayId(ActivityManagerService.java:10406)
12-14 01:27:13.262 W/ActivityManager( 1627): 	at android.app.IActivityManager$Stub.onTransact(IActivityManager.java:2738)
12-14 01:27:13.262 W/ActivityManager( 1627): 	at com.android.server.am.ActivityManagerService.onTransact(ActivityManagerService.java:2935)
12-14 01:27:13.262 W/ActivityManager( 1627): 	at android.os.Binder.execTransact(Binder.java:674)
12-14 01:27:13.263 I/calabash( 4524): newActivity1
12-14 01:27:13.267 W/ActivityManager( 1627): Bad activity token: android.os.BinderProxy@4c75467
12-14 01:27:13.267 W/ActivityManager( 1627): java.lang.ClassCastException: android.os.BinderProxy cannot be cast to com.android.server.am.ActivityRecord$Token
12-14 01:27:13.267 W/ActivityManager( 1627): 	at com.android.server.am.ActivityRecord.forTokenLocked(ActivityRecord.java:778)
12-14 01:27:13.267 W/ActivityManager( 1627): 	at com.android.server.am.ActivityRecord.isInStackLocked(ActivityRecord.java:2085)
12-14 01:27:13.267 W/ActivityManager( 1627): 	at com.android.server.am.ActivityManagerService.setTaskDescription(ActivityManagerService.java:9988)
12-14 01:27:13.267 W/ActivityManager( 1627): 	at android.app.IActivityManager$Stub.onTransact(IActivityManager.java:2824)
12-14 01:27:13.267 W/ActivityManager( 1627): 	at com.android.server.am.ActivityManagerService.onTransact(ActivityManagerService.java:2935)
12-14 01:27:13.267 W/ActivityManager( 1627): 	at android.os.Binder.execTransact(Binder.java:674)
12-14 01:27:13.268 W/ActivityManager( 1627): Bad activity token: android.os.BinderProxy@4c75467
12-14 01:27:13.268 W/ActivityManager( 1627): java.lang.ClassCastException: android.os.BinderProxy cannot be cast to com.android.server.am.ActivityRecord$Token
12-14 01:27:13.268 W/ActivityManager( 1627): 	at com.android.server.am.ActivityRecord.forTokenLocked(ActivityRecord.java:778)
12-14 01:27:13.268 W/ActivityManager( 1627): 	at com.android.server.am.ActivityRecord.isInStackLocked(ActivityRecord.java:2085)
12-14 01:27:13.268 W/ActivityManager( 1627): 	at com.android.server.am.ActivityRecord.getStackLocked(ActivityRecord.java:2090)
12-14 01:27:13.268 W/ActivityManager( 1627): 	at com.android.server.am.ActivityManagerService.getActivityStackId(ActivityManagerService.java:10417)
12-14 01:27:13.268 W/ActivityManager( 1627): 	at android.app.IActivityManager$Stub.onTransact(IActivityManager.java:3548)
12-14 01:27:13.268 W/ActivityManager( 1627): 	at com.android.server.am.ActivityManagerService.onTransact(ActivityManagerService.java:2935)
12-14 01:27:13.268 W/ActivityManager( 1627): 	at android.os.Binder.execTransact(Binder.java:674)
12-14 01:27:13.324 W/ActivityManager( 1627): Bad activity token: android.os.BinderProxy@4c75467
12-14 01:27:13.324 W/ActivityManager( 1627): java.lang.ClassCastException: android.os.BinderProxy cannot be cast to com.android.server.am.ActivityRecord$Token
12-14 01:27:13.324 W/ActivityManager( 1627): 	at com.android.server.am.ActivityRecord.forTokenLocked(ActivityRecord.java:778)
12-14 01:27:13.324 W/ActivityManager( 1627): 	at com.android.server.am.ActivityRecord.isInStackLocked(ActivityRecord.java:2085)
12-14 01:27:13.324 W/ActivityManager( 1627): 	at com.android.server.am.ActivityManagerService.getActivityOptions(ActivityManagerService.java:13302)
12-14 01:27:13.324 W/ActivityManager( 1627): 	at android.app.IActivityManager$Stub.onTransact(IActivityManager.java:2910)
12-14 01:27:13.324 W/ActivityManager( 1627): 	at com.android.server.am.ActivityManagerService.onTransact(ActivityManagerService.java:2935)
12-14 01:27:13.324 W/ActivityManager( 1627): 	at android.os.Binder.execTransact(Binder.java:674)
12-14 01:27:13.325 W/ActivityManager( 1627): Bad activity token: android.os.BinderProxy@4c75467
12-14 01:27:13.325 W/ActivityManager( 1627): java.lang.ClassCastException: android.os.BinderProxy cannot be cast to com.android.server.am.ActivityRecord$Token
12-14 01:27:13.325 W/ActivityManager( 1627): 	at com.android.server.am.ActivityRecord.forTokenLocked(ActivityRecord.java:778)
12-14 01:27:13.325 W/ActivityManager( 1627): 	at com.android.server.am.ActivityRecord.isInStackLocked(ActivityRecord.java:2085)
12-14 01:27:13.325 W/ActivityManager( 1627): 	at com.android.server.am.ActivityManagerService.getActivityOptions(ActivityManagerService.java:13302)
12-14 01:27:13.325 W/ActivityManager( 1627): 	at android.app.IActivityManager$Stub.onTransact(IActivityManager.java:2910)
12-14 01:27:13.325 W/ActivityManager( 1627): 	at com.android.server.am.ActivityManagerService.onTransact(ActivityManagerService.java:2935)
12-14 01:27:13.325 W/ActivityManager( 1627): 	at android.os.Binder.execTransact(Binder.java:674)
12-14 01:27:13.394 I/zygote  ( 4524): Do partial code cache collection, code=123KB, data=66KB
12-14 01:27:13.396 I/zygote  ( 4524): After code cache collection, code=123KB, data=66KB
12-14 01:27:13.396 I/zygote  ( 4524): Increasing code cache capacity to 512KB
12-14 01:27:13.398 D/gralloc_ranchu( 1395): gralloc_alloc: Creating ashmem region of size 7753728
12-14 01:27:13.401 D/Mileage ( 4524): Not enough fillups to calculate economy
12-14 01:27:13.548 E/SurfaceFlinger( 1408): ro.sf.lcd_density must be defined as a build property
12-14 01:27:13.562 D/gralloc_ranchu( 1395): gralloc_alloc: Creating ashmem region of size 8298496
12-14 01:27:13.579 D/        ( 4567): HostConnection::get() New Host Connection established 0xad1af800, tid 4567
12-14 01:27:13.717 I/Dialer  ( 2020): OmtpVvmCarrierCfgHlpr - OmtpEvent:CONFIG_STATUS_SMS_TIME_OUT
12-14 01:27:13.718 I/Dialer  ( 2020): RetryPolicy - discarding deferred status: configuration_state=4
12-14 01:27:13.723 I/Dialer  ( 2020): VvmTaskExecutor - no more tasks, stopping service if no task are added in 5000 millis
12-14 01:27:13.734 I/Dialer  ( 2020): VvmTaskReceiver - task received
12-14 01:27:13.734 I/Dialer  ( 2020): VvmTaskReceiver - TaskExecutor already running
12-14 01:27:13.734 I/Dialer  ( 2020): Task.createTask - create task:com.android.voicemail.impl.ActivationTask
12-14 01:27:13.741 I/Dialer  ( 2020): RetryPolicy - retry #1 for com.android.voicemail.impl.ActivationTask@52595a0 queued, executing in 5000
12-14 01:27:13.741 I/Dialer  ( 2020): VvmTaskExecutor - com.android.voicemail.impl.ActivationTask@52595a0 added
12-14 01:27:13.741 I/Dialer  ( 2020): VvmTaskExecutor - minimal wait time:4999
12-14 01:27:13.741 I/Dialer  ( 2020): VvmTaskExecutor - sleep for 4999 millis
12-14 01:27:13.987 I/System.out( 4524): URI: //gesture
12-14 01:27:13.987 I/System.out( 4524): params: {json={"query_timeout":5.0,"gestures":[{"query_string":"android.widget.TabWidget descendant TextView index:3","touches":[{"x":50,"y":50,"offset_x":0,"offset_y":0,"wait":0.0,"time":0.2,"release":true,"query_string":null}]}]}
12-14 01:27:13.987 I/System.out( 4524): }
12-14 01:27:14.260 W/ActivityManager( 1627): Bad activity token: android.os.BinderProxy@6c43ed6
12-14 01:27:14.260 W/ActivityManager( 1627): java.lang.ClassCastException: android.os.BinderProxy cannot be cast to com.android.server.am.ActivityRecord$Token
12-14 01:27:14.260 W/ActivityManager( 1627): 	at com.android.server.am.ActivityRecord.forTokenLocked(ActivityRecord.java:778)
12-14 01:27:14.260 W/ActivityManager( 1627): 	at com.android.server.am.ActivityRecord.isInStackLocked(ActivityRecord.java:2085)
12-14 01:27:14.260 W/ActivityManager( 1627): 	at com.android.server.am.ActivityRecord.getStackLocked(ActivityRecord.java:2090)
12-14 01:27:14.260 W/ActivityManager( 1627): 	at com.android.server.am.ActivityManagerService.getActivityDisplayId(ActivityManagerService.java:10406)
12-14 01:27:14.260 W/ActivityManager( 1627): 	at android.app.IActivityManager$Stub.onTransact(IActivityManager.java:2738)
12-14 01:27:14.260 W/ActivityManager( 1627): 	at com.android.server.am.ActivityManagerService.onTransact(ActivityManagerService.java:2935)
12-14 01:27:14.260 W/ActivityManager( 1627): 	at android.os.Binder.execTransact(Binder.java:674)
12-14 01:27:14.262 I/calabash( 4524): newActivity1
12-14 01:27:14.271 W/ActivityManager( 1627): Bad activity token: android.os.BinderProxy@6c43ed6
12-14 01:27:14.271 W/ActivityManager( 1627): java.lang.ClassCastException: android.os.BinderProxy cannot be cast to com.android.server.am.ActivityRecord$Token
12-14 01:27:14.271 W/ActivityManager( 1627): 	at com.android.server.am.ActivityRecord.forTokenLocked(ActivityRecord.java:778)
12-14 01:27:14.271 W/ActivityManager( 1627): 	at com.android.server.am.ActivityRecord.isInStackLocked(ActivityRecord.java:2085)
12-14 01:27:14.271 W/ActivityManager( 1627): 	at com.android.server.am.ActivityManagerService.setTaskDescription(ActivityManagerService.java:9988)
12-14 01:27:14.271 W/ActivityManager( 1627): 	at android.app.IActivityManager$Stub.onTransact(IActivityManager.java:2824)
12-14 01:27:14.271 W/ActivityManager( 1627): 	at com.android.server.am.ActivityManagerService.onTransact(ActivityManagerService.java:2935)
12-14 01:27:14.271 W/ActivityManager( 1627): 	at android.os.Binder.execTransact(Binder.java:674)
12-14 01:27:14.272 W/ActivityManager( 1627): Bad activity token: android.os.BinderProxy@6c43ed6
12-14 01:27:14.272 W/ActivityManager( 1627): java.lang.ClassCastException: android.os.BinderProxy cannot be cast to com.android.server.am.ActivityRecord$Token
12-14 01:27:14.272 W/ActivityManager( 1627): 	at com.android.server.am.ActivityRecord.forTokenLocked(ActivityRecord.java:778)
12-14 01:27:14.272 W/ActivityManager( 1627): 	at com.android.server.am.ActivityRecord.isInStackLocked(ActivityRecord.java:2085)
12-14 01:27:14.272 W/ActivityManager( 1627): 	at com.android.server.am.ActivityRecord.getStackLocked(ActivityRecord.java:2090)
12-14 01:27:14.272 W/ActivityManager( 1627): 	at com.android.server.am.ActivityManagerService.getActivityStackId(ActivityManagerService.java:10417)
12-14 01:27:14.272 W/ActivityManager( 1627): 	at android.app.IActivityManager$Stub.onTransact(IActivityManager.java:3548)
12-14 01:27:14.272 W/ActivityManager( 1627): 	at com.android.server.am.ActivityManagerService.onTransact(ActivityManagerService.java:2935)
12-14 01:27:14.272 W/ActivityManager( 1627): 	at android.os.Binder.execTransact(Binder.java:674)
12-14 01:27:14.280 W/ActivityManager( 1627): Bad activity token: android.os.BinderProxy@6c43ed6
12-14 01:27:14.280 W/ActivityManager( 1627): java.lang.ClassCastException: android.os.BinderProxy cannot be cast to com.android.server.am.ActivityRecord$Token
12-14 01:27:14.280 W/ActivityManager( 1627): 	at com.android.server.am.ActivityRecord.forTokenLocked(ActivityRecord.java:778)
12-14 01:27:14.280 W/ActivityManager( 1627): 	at com.android.server.am.ActivityRecord.isInStackLocked(ActivityRecord.java:2085)
12-14 01:27:14.280 W/ActivityManager( 1627): 	at com.android.server.am.ActivityManagerService.getActivityOptions(ActivityManagerService.java:13302)
12-14 01:27:14.280 W/ActivityManager( 1627): 	at android.app.IActivityManager$Stub.onTransact(IActivityManager.java:2910)
12-14 01:27:14.280 W/ActivityManager( 1627): 	at com.android.server.am.ActivityManagerService.onTransact(ActivityManagerService.java:2935)
12-14 01:27:14.280 W/ActivityManager( 1627): 	at android.os.Binder.execTransact(Binder.java:674)
12-14 01:27:14.281 W/ActivityManager( 1627): Bad activity token: android.os.BinderProxy@6c43ed6
12-14 01:27:14.281 W/ActivityManager( 1627): java.lang.ClassCastException: android.os.BinderProxy cannot be cast to com.android.server.am.ActivityRecord$Token
12-14 01:27:14.281 W/ActivityManager( 1627): 	at com.android.server.am.ActivityRecord.forTokenLocked(ActivityRecord.java:778)
12-14 01:27:14.281 W/ActivityManager( 1627): 	at com.android.server.am.ActivityRecord.isInStackLocked(ActivityRecord.java:2085)
12-14 01:27:14.281 W/ActivityManager( 1627): 	at com.android.server.am.ActivityManagerService.getActivityOptions(ActivityManagerService.java:13302)
12-14 01:27:14.281 W/ActivityManager( 1627): 	at android.app.IActivityManager$Stub.onTransact(IActivityManager.java:2910)
12-14 01:27:14.281 W/ActivityManager( 1627): 	at com.android.server.am.ActivityManagerService.onTransact(ActivityManagerService.java:2935)
12-14 01:27:14.281 W/ActivityManager( 1627): 	at android.os.Binder.execTransact(Binder.java:674)
12-14 01:27:14.481 E/SurfaceFlinger( 1408): ro.sf.lcd_density must be defined as a build property
12-14 01:27:14.492 D/gralloc_ranchu( 1395): gralloc_alloc: Creating ashmem region of size 8298496
12-14 01:27:14.504 D/        ( 4573): HostConnection::get() New Host Connection established 0xb0baf800, tid 4573
12-14 01:27:14.524 E/BatteryStatsService( 1627): modem info is invalid: ModemActivityInfo{ mTimestamp=0 mSleepTimeMs=0 mIdleTimeMs=0 mTxTimeMs[]=[0, 0, 0, 0, 0] mRxTimeMs=0 mEnergyUsed=0}
12-14 01:27:14.817 I/System.out( 4524): URI: //gesture
12-14 01:27:14.817 I/System.out( 4524): params: {json={"query_timeout":5.0,"gestures":[{"query_string":"android.widget.TabWidget descendant TextView index:2","touches":[{"x":50,"y":50,"offset_x":0,"offset_y":0,"wait":0.0,"time":0.2,"release":true,"query_string":null}]}]}
12-14 01:27:14.817 I/System.out( 4524): }
12-14 01:27:15.080 W/ActivityManager( 1627): Bad activity token: android.os.BinderProxy@52fff29
12-14 01:27:15.080 W/ActivityManager( 1627): java.lang.ClassCastException: android.os.BinderProxy cannot be cast to com.android.server.am.ActivityRecord$Token
12-14 01:27:15.080 W/ActivityManager( 1627): 	at com.android.server.am.ActivityRecord.forTokenLocked(ActivityRecord.java:778)
12-14 01:27:15.080 W/ActivityManager( 1627): 	at com.android.server.am.ActivityRecord.isInStackLocked(ActivityRecord.java:2085)
12-14 01:27:15.080 W/ActivityManager( 1627): 	at com.android.server.am.ActivityRecord.getStackLocked(ActivityRecord.java:2090)
12-14 01:27:15.080 W/ActivityManager( 1627): 	at com.android.server.am.ActivityManagerService.getActivityDisplayId(ActivityManagerService.java:10406)
12-14 01:27:15.080 W/ActivityManager( 1627): 	at android.app.IActivityManager$Stub.onTransact(IActivityManager.java:2738)
12-14 01:27:15.080 W/ActivityManager( 1627): 	at com.android.server.am.ActivityManagerService.onTransact(ActivityManagerService.java:2935)
12-14 01:27:15.080 W/ActivityManager( 1627): 	at android.os.Binder.execTransact(Binder.java:674)
12-14 01:27:15.080 I/calabash( 4524): newActivity1
12-14 01:27:15.182 W/ActivityManager( 1627): Bad activity token: android.os.BinderProxy@52fff29
12-14 01:27:15.182 W/ActivityManager( 1627): java.lang.ClassCastException: android.os.BinderProxy cannot be cast to com.android.server.am.ActivityRecord$Token
12-14 01:27:15.182 W/ActivityManager( 1627): 	at com.android.server.am.ActivityRecord.forTokenLocked(ActivityRecord.java:778)
12-14 01:27:15.182 W/ActivityManager( 1627): 	at com.android.server.am.ActivityRecord.isInStackLocked(ActivityRecord.java:2085)
12-14 01:27:15.182 W/ActivityManager( 1627): 	at com.android.server.am.ActivityManagerService.setTaskDescription(ActivityManagerService.java:9988)
12-14 01:27:15.182 W/ActivityManager( 1627): 	at android.app.IActivityManager$Stub.onTransact(IActivityManager.java:2824)
12-14 01:27:15.182 W/ActivityManager( 1627): 	at com.android.server.am.ActivityManagerService.onTransact(ActivityManagerService.java:2935)
12-14 01:27:15.182 W/ActivityManager( 1627): 	at android.os.Binder.execTransact(Binder.java:674)
12-14 01:27:15.183 W/ActivityManager( 1627): Bad activity token: android.os.BinderProxy@52fff29
12-14 01:27:15.183 W/ActivityManager( 1627): java.lang.ClassCastException: android.os.BinderProxy cannot be cast to com.android.server.am.ActivityRecord$Token
12-14 01:27:15.183 W/ActivityManager( 1627): 	at com.android.server.am.ActivityRecord.forTokenLocked(ActivityRecord.java:778)
12-14 01:27:15.183 W/ActivityManager( 1627): 	at com.android.server.am.ActivityRecord.isInStackLocked(ActivityRecord.java:2085)
12-14 01:27:15.183 W/ActivityManager( 1627): 	at com.android.server.am.ActivityRecord.getStackLocked(ActivityRecord.java:2090)
12-14 01:27:15.183 W/ActivityManager( 1627): 	at com.android.server.am.ActivityManagerService.getActivityStackId(ActivityManagerService.java:10417)
12-14 01:27:15.183 W/ActivityManager( 1627): 	at android.app.IActivityManager$Stub.onTransact(IActivityManager.java:3548)
12-14 01:27:15.183 W/ActivityManager( 1627): 	at com.android.server.am.ActivityManagerService.onTransact(ActivityManagerService.java:2935)
12-14 01:27:15.183 W/ActivityManager( 1627): 	at android.os.Binder.execTransact(Binder.java:674)
12-14 01:27:15.221 D/VehicleStatisticsActivity( 4524): Checking recalculation ...
12-14 01:27:15.225 D/VehicleStatisticsActivity( 4524): Recalculating statistics
12-14 01:27:15.226 D/VehicleStatisticsTask( 4524): Calculation starting...
12-14 01:27:15.227 D/VehicleStatisticsActivity( 4524): Recalculation started!
12-14 01:27:15.231 W/ActivityManager( 1627): Bad activity token: android.os.BinderProxy@52fff29
12-14 01:27:15.231 W/ActivityManager( 1627): java.lang.ClassCastException: android.os.BinderProxy cannot be cast to com.android.server.am.ActivityRecord$Token
12-14 01:27:15.231 W/ActivityManager( 1627): 	at com.android.server.am.ActivityRecord.forTokenLocked(ActivityRecord.java:778)
12-14 01:27:15.231 W/ActivityManager( 1627): 	at com.android.server.am.ActivityRecord.isInStackLocked(ActivityRecord.java:2085)
12-14 01:27:15.231 W/ActivityManager( 1627): 	at com.android.server.am.ActivityManagerService.getActivityOptions(ActivityManagerService.java:13302)
12-14 01:27:15.231 W/ActivityManager( 1627): 	at android.app.IActivityManager$Stub.onTransact(IActivityManager.java:2910)
12-14 01:27:15.231 W/ActivityManager( 1627): 	at com.android.server.am.ActivityManagerService.onTransact(ActivityManagerService.java:2935)
12-14 01:27:15.231 W/ActivityManager( 1627): 	at android.os.Binder.execTransact(Binder.java:674)
12-14 01:27:15.231 W/ActivityManager( 1627): Bad activity token: android.os.BinderProxy@52fff29
12-14 01:27:15.231 W/ActivityManager( 1627): java.lang.ClassCastException: android.os.BinderProxy cannot be cast to com.android.server.am.ActivityRecord$Token
12-14 01:27:15.231 W/ActivityManager( 1627): 	at com.android.server.am.ActivityRecord.forTokenLocked(ActivityRecord.java:778)
12-14 01:27:15.231 W/ActivityManager( 1627): 	at com.android.server.am.ActivityRecord.isInStackLocked(ActivityRecord.java:2085)
12-14 01:27:15.231 W/ActivityManager( 1627): 	at com.android.server.am.ActivityManagerService.getActivityOptions(ActivityManagerService.java:13302)
12-14 01:27:15.231 W/ActivityManager( 1627): 	at android.app.IActivityManager$Stub.onTransact(IActivityManager.java:2910)
12-14 01:27:15.231 W/ActivityManager( 1627): 	at com.android.server.am.ActivityManagerService.onTransact(ActivityManagerService.java:2935)
12-14 01:27:15.231 W/ActivityManager( 1627): 	at android.os.Binder.execTransact(Binder.java:674)
12-14 01:27:15.233 E/memtrack( 1627): Couldn't load memtrack module
12-14 01:27:15.233 W/android.os.Debug( 1627): failed to get memory consumption info: -1
12-14 01:27:15.236 D/VehicleStatisticsTask( 4524): Not enough fillups to calculate statistics
12-14 01:27:15.239 D/VehicleStatisticsActivity( 4524): Checking recalculation ...
12-14 01:27:15.242 D/VehicleStatisticsActivity( 4524): Recalculating statistics
12-14 01:27:15.242 D/VehicleStatisticsTask( 4524): Calculation starting...
12-14 01:27:15.242 D/VehicleStatisticsActivity( 4524): Recalculation started!
12-14 01:27:15.288 I/zygote  ( 4524): Do full code cache collection, code=228KB, data=147KB
12-14 01:27:15.298 I/zygote  ( 4524): After code cache collection, code=227KB, data=129KB
