--------- beginning of main
12-14 03:15:37.979 W/zygote  ( 4343): Found duplicate classes, falling back to extracting from APK : /data/app/com.evancharlton.mileage.test-sJjgJH2AOOQFWWoSkpEPeg==/base.apk
12-14 03:15:37.979 W/zygote  ( 4343): NOTE: This wastes RAM and hurts startup performance.
12-14 03:15:37.979 W/zygote  ( 4343): Found duplicated class when checking oat files: 'Ljunit/runner/BaseTestRunner;' in /data/app/com.evancharlton.mileage.test-sJjgJH2AOOQFWWoSkpEPeg==/base.apk and /system/framework/android.test.runner.jar
12-14 03:15:37.979 W/zygote  ( 4343): 
12-14 03:15:38.009 W/System  ( 4343): ClassLoader referenced unknown path: 
12-14 03:15:38.015 I/System.out( 4343): Calabash did not load Mono. This is only a problem if you are trying to test a Mono application
12-14 03:15:38.016 I/System.out( 4343): External cache dir: /storage/emulated/0/Android/data/com.evancharlton.mileage/cache
12-14 03:15:38.017 I/System.out( 4343): Deleting external cache dir...
12-14 03:15:38.018 I/System.out( 4343): Deleting: /storage/emulated/0/Android/data/com.evancharlton.mileage/cache
12-14 03:15:38.019 I/System.out( 4343): Cache dir: /data/user/0/com.evancharlton.mileage/cache
12-14 03:15:38.019 I/System.out( 4343): Deleting cache dir...
12-14 03:15:38.019 I/System.out( 4343): Deleting: /data/user/0/com.evancharlton.mileage/cache
12-14 03:15:38.021 I/System.out( 4343): External files dir: /storage/emulated/0/Android/data/com.evancharlton.mileage/files
12-14 03:15:38.022 I/System.out( 4343): Deleting external files dir...
12-14 03:15:38.023 I/System.out( 4343): Deleting: /storage/emulated/0/Android/data/com.evancharlton.mileage/files
12-14 03:15:38.023 I/System.out( 4343): Files dir: /data/user/0/com.evancharlton.mileage/files
12-14 03:15:38.023 I/System.out( 4343): Deleting files dir...
12-14 03:15:38.023 I/System.out( 4343): Deleting: /data/user/0/com.evancharlton.mileage/files
12-14 03:15:38.024 I/System.out( 4343): Data dir: /data/user/0/com.evancharlton.mileage
12-14 03:15:38.043 I/System.out( 3769): Failure file: /data/user/0/com.evancharlton.mileage.test/files/calabash_failure.out
12-14 03:15:38.043 I/System.out( 3769): Finished file: /data/user/0/com.evancharlton.mileage.test/files/calabash_finished.out
12-14 03:15:38.044 I/System.out( 3769): method: report-finished
12-14 03:15:38.044 I/System.out( 3769): Finished state: SUCCESSFUL
12-14 03:15:38.091 D/gralloc_ranchu( 1395): gralloc_alloc: Creating ashmem region of size 8298496
12-14 03:15:38.106 E/BufferQueueProducer( 1412): [Splash Screen com.evancharlton.mileage.test#0] dequeueBuffer: BufferQueue has been abandoned
12-14 03:15:38.108 E/Surface ( 1627): dequeueBuffer failed (No such device)
12-14 03:15:38.110 E/ViewRootImpl[test]( 1627): Could not lock surface
12-14 03:15:38.110 E/ViewRootImpl[test]( 1627): java.lang.IllegalArgumentException
12-14 03:15:38.110 E/ViewRootImpl[test]( 1627): 	at android.view.Surface.nativeLockCanvas(Native Method)
12-14 03:15:38.110 E/ViewRootImpl[test]( 1627): 	at android.view.Surface.lockCanvas(Surface.java:314)
12-14 03:15:38.110 E/ViewRootImpl[test]( 1627): 	at android.view.ViewRootImpl.drawSoftware(ViewRootImpl.java:3033)
12-14 03:15:38.110 E/ViewRootImpl[test]( 1627): 	at android.view.ViewRootImpl.draw(ViewRootImpl.java:3007)
12-14 03:15:38.110 E/ViewRootImpl[test]( 1627): 	at android.view.ViewRootImpl.performDraw(ViewRootImpl.java:2794)
12-14 03:15:38.110 E/ViewRootImpl[test]( 1627): 	at android.view.ViewRootImpl.performTraversals(ViewRootImpl.java:2347)
12-14 03:15:38.110 E/ViewRootImpl[test]( 1627): 	at android.view.ViewRootImpl.doTraversal(ViewRootImpl.java:1386)
12-14 03:15:38.110 E/ViewRootImpl[test]( 1627): 	at android.view.ViewRootImpl$TraversalRunnable.run(ViewRootImpl.java:6733)
12-14 03:15:38.110 E/ViewRootImpl[test]( 1627): 	at android.view.Choreographer$CallbackRecord.run(Choreographer.java:911)
12-14 03:15:38.110 E/ViewRootImpl[test]( 1627): 	at android.view.Choreographer.doCallbacks(Choreographer.java:723)
12-14 03:15:38.110 E/ViewRootImpl[test]( 1627): 	at android.view.Choreographer.doFrame(Choreographer.java:658)
12-14 03:15:38.110 E/ViewRootImpl[test]( 1627): 	at android.view.Choreographer$FrameDisplayEventReceiver.run(Choreographer.java:897)
12-14 03:15:38.110 E/ViewRootImpl[test]( 1627): 	at android.os.Handler.handleCallback(Handler.java:789)
12-14 03:15:38.110 E/ViewRootImpl[test]( 1627): 	at android.os.Handler.dispatchMessage(Handler.java:98)
12-14 03:15:38.110 E/ViewRootImpl[test]( 1627): 	at android.os.Looper.loop(Looper.java:164)
12-14 03:15:38.110 E/ViewRootImpl[test]( 1627): 	at android.os.HandlerThread.run(HandlerThread.java:65)
12-14 03:15:38.110 E/ViewRootImpl[test]( 1627): 	at com.android.server.ServiceThread.run(ServiceThread.java:46)
12-14 03:15:40.927 I/MicroDetectionWorker( 2174): #updateMicroDetector [detectionMode: [mDetectionMode: [1]]]
12-14 03:15:40.927 I/MicroDetectionWorker( 2174): #startMicroDetector [speakerMode: 0]
12-14 03:15:40.929 I/AudioController( 2174): Using mInputStreamFactoryBuilder
12-14 03:15:40.933 I/MicroDetectionWorker( 2174): onReady
12-14 03:15:40.939 I/MicroRecognitionRunner( 2174): Starting detection.
12-14 03:15:40.940 I/MicrophoneInputStream( 2174): mic_starting com.google.android.apps.gsa.staticplugins.aa.c@53d907e
12-14 03:15:40.946 I/AudioFlinger( 1475): AudioFlinger's thread 0xa7b03140 tid=4365 ready to run
12-14 03:15:40.953 I/MicrophoneInputStream( 2174): mic_started com.google.android.apps.gsa.staticplugins.aa.c@53d907e
12-14 03:15:40.954 I/MicroDetectionWorker( 2174): onReady
12-14 03:15:40.956 I/MicrophoneInputStream( 2174): mic_close com.google.android.apps.gsa.staticplugins.aa.c@53d907e
12-14 03:15:40.957 I/MicroRecognitionRunner( 2174): Detection finished
12-14 03:15:40.957 W/ErrorReporter( 2174): reportError [type: 211, code: 524300]: Error reading from input stream
12-14 03:15:40.957 W/ErrorProcessor( 2174): onFatalError, processing error from engine(4)
12-14 03:15:40.957 W/ErrorProcessor( 2174): com.google.android.apps.gsa.shared.speech.b.g: Error reading from input stream
12-14 03:15:40.957 W/ErrorProcessor( 2174): 	at com.google.android.apps.gsa.staticplugins.recognizer.j.a.a(SourceFile:28)
12-14 03:15:40.957 W/ErrorProcessor( 2174): 	at com.google.android.apps.gsa.staticplugins.recognizer.j.b.run(SourceFile:15)
12-14 03:15:40.957 W/ErrorProcessor( 2174): 	at java.util.concurrent.Executors$RunnableAdapter.call(Executors.java:457)
12-14 03:15:40.957 W/ErrorProcessor( 2174): 	at java.util.concurrent.FutureTask.run(FutureTask.java:266)
12-14 03:15:40.957 W/ErrorProcessor( 2174): 	at com.google.android.apps.gsa.shared.util.concurrent.a.ax.run(SourceFile:14)
12-14 03:15:40.957 W/ErrorProcessor( 2174): 	at com.google.android.apps.gsa.shared.util.concurrent.a.bl.run(SourceFile:4)
12-14 03:15:40.957 W/ErrorProcessor( 2174): 	at com.google.android.apps.gsa.shared.util.concurrent.a.bl.run(SourceFile:4)
12-14 03:15:40.957 W/ErrorProcessor( 2174): 	at java.util.concurrent.ThreadPoolExecutor.runWorker(ThreadPoolExecutor.java:1162)
12-14 03:15:40.957 W/ErrorProcessor( 2174): 	at java.util.concurrent.ThreadPoolExecutor$Worker.run(ThreadPoolExecutor.java:636)
12-14 03:15:40.957 W/ErrorProcessor( 2174): 	at java.lang.Thread.run(Thread.java:764)
12-14 03:15:40.957 W/ErrorProcessor( 2174): 	at com.google.android.apps.gsa.shared.util.concurrent.a.ai.run(SourceFile:6)
12-14 03:15:40.957 W/ErrorProcessor( 2174): Caused by: com.google.android.apps.gsa.shared.exception.GsaIOException: Error code: 393238 | Buffer overflow, no available space.
12-14 03:15:40.957 W/ErrorProcessor( 2174): 	at com.google.android.apps.gsa.speech.audio.Tee.f(SourceFile:103)
12-14 03:15:40.957 W/ErrorProcessor( 2174): 	at com.google.android.apps.gsa.speech.audio.au.read(SourceFile:2)
12-14 03:15:40.957 W/ErrorProcessor( 2174): 	at java.io.InputStream.read(InputStream.java:101)
12-14 03:15:40.957 W/ErrorProcessor( 2174): 	at com.google.android.apps.gsa.speech.audio.ao.run(SourceFile:18)
12-14 03:15:40.957 W/ErrorProcessor( 2174): 	at com.google.android.apps.gsa.speech.audio.an.run(SourceFile:2)
12-14 03:15:40.957 W/ErrorProcessor( 2174): 	... 9 more
12-14 03:15:40.957 I/MicroRecognitionRunner( 2174): Stopping hotword detection.
12-14 03:15:40.957 I/AudioController( 2174): internalShutdown
12-14 03:15:40.958 I/MicroDetector( 2174): Keeping mic open: false
12-14 03:15:40.959 I/MicroDetectionWorker( 2174): #onError(false)
12-14 03:15:40.959 I/DeviceStateChecker( 2174): DeviceStateChecker cancelled
12-14 03:15:43.309 D/AndroidRuntime( 4369): >>>>>> START com.android.internal.os.RuntimeInit uid 2000 <<<<<<
12-14 03:15:43.343 W/app_process( 4369): Unexpected CPU variant for X86 using defaults: x86
12-14 03:15:43.361 D/AndroidRuntime( 4369): Calling main entry com.android.commands.am.Am
--------- beginning of system
12-14 03:15:43.367 I/ActivityManager( 1627): Force stopping com.evancharlton.mileage appid=10398 user=0: start instr
12-14 03:15:43.367 I/ActivityManager( 1627): Killing 4343:com.evancharlton.mileage/u0a398 (adj 0): stop com.evancharlton.mileage
12-14 03:15:43.370 W/ActivityManager( 1627): Crash of app com.evancharlton.mileage running instrumentation ComponentInfo{com.evancharlton.mileage.test/sh.calaba.instrumentationbackend.ClearAppData2}
12-14 03:15:43.370 I/ActivityManager( 1627): Force stopping com.evancharlton.mileage appid=10398 user=0: finished inst
12-14 03:15:43.370 I/ActivityManager( 1627): Killing 3486:com.google.android.ext.services/u0a14 (adj 906): empty #17
12-14 03:15:43.376 I/zygote  ( 4379): Not late-enabling -Xcheck:jni (already on)
12-14 03:15:43.383 I/ActivityManager( 1627): Start proc 4379:com.evancharlton.mileage/u0a398 for added application com.evancharlton.mileage
12-14 03:15:43.384 E/memtrack( 1627): Couldn't load memtrack module
12-14 03:15:43.384 W/android.os.Debug( 1627): failed to get memory consumption info: -1
12-14 03:15:43.386 W/zygote  ( 4379): Unexpected CPU variant for X86 using defaults: x86
12-14 03:15:43.386 D/AndroidRuntime( 4369): Shutting down VM
12-14 03:15:43.393 E/memtrack( 1627): Couldn't load memtrack module
12-14 03:15:43.393 W/android.os.Debug( 1627): failed to get memory consumption info: -1
12-14 03:15:43.421 E/adbd    ( 1383): failed to connect to socket 'tcp:7102': Connection refused
12-14 03:15:43.424 E/adbd    ( 1383): failed to connect to socket 'tcp:7102': Connection refused
12-14 03:15:43.425 W/zygote  ( 4379): Found duplicate classes, falling back to extracting from APK : /data/app/com.evancharlton.mileage.test-sJjgJH2AOOQFWWoSkpEPeg==/base.apk
12-14 03:15:43.425 W/zygote  ( 4379): NOTE: This wastes RAM and hurts startup performance.
12-14 03:15:43.425 W/zygote  ( 4379): Found duplicated class when checking oat files: 'Ljunit/runner/BaseTestRunner;' in /data/app/com.evancharlton.mileage.test-sJjgJH2AOOQFWWoSkpEPeg==/base.apk and /system/framework/android.test.runner.jar
12-14 03:15:43.425 W/zygote  ( 4379): 
12-14 03:15:43.454 W/System  ( 4379): ClassLoader referenced unknown path: 
12-14 03:15:43.465 I/System.out( 4379): Main activity name automatically set to: com.evancharlton.mileage.Mileage
12-14 03:15:43.466 I/System.out( 4379): Calabash did not load Mono. This is only a problem if you are trying to test a Mono application
12-14 03:15:43.466 I/calabash( 4379): Test server port: 7102
12-14 03:15:43.470 I/InstrumentationBackend( 4379): Added:'GetPreferences', with key:'get_preferences'
12-14 03:15:43.527 E/adbd    ( 1383): failed to connect to socket 'tcp:7102': Connection refused
12-14 03:15:43.529 E/adbd    ( 1383): failed to connect to socket 'tcp:7102': Connection refused
12-14 03:15:43.530 I/InstrumentationBackend( 4379): Added:'SetPreferences', with key:'set_preferences'
12-14 03:15:43.530 I/InstrumentationBackend( 4379): Added:'ClearPreferences', with key:'clear_preferences'
12-14 03:15:43.531 I/InstrumentationBackend( 4379): Added:'PressElement', with key:'press_l10n_element'
12-14 03:15:43.531 I/InstrumentationBackend( 4379): Added:'WaitForElement', with key:'wait_for_l10n_element'
12-14 03:15:43.532 I/InstrumentationBackend( 4379): Added:'NullAction', with key:'nullAction'
12-14 03:15:43.532 I/InstrumentationBackend( 4379): Added:'PressKey', with key:'press_key'
12-14 03:15:43.533 I/InstrumentationBackend( 4379): Added:'SetActivityOrientation', with key:'set_activity_orientation'
12-14 03:15:43.533 I/InstrumentationBackend( 4379): Added:'GetActivityOrientation', with key:'get_activity_orientation'
12-14 03:15:43.534 I/InstrumentationBackend( 4379): Added:'FakeGPSLocation', with key:'set_gps_coordinates'
12-14 03:15:43.534 I/InstrumentationBackend( 4379): Added:'SetPropertyByCssSelector', with key:'set_property_by_css_selector'
12-14 03:15:43.535 I/InstrumentationBackend( 4379): Added:'GetUrl', with key:'get_url'
12-14 03:15:43.537 I/InstrumentationBackend( 4379): Added:'ScrollTo', with key:'scroll_to'
12-14 03:15:43.538 I/InstrumentationBackend( 4379): Added:'GetLoadProgress', with key:'get_load_progress'
12-14 03:15:43.538 I/InstrumentationBackend( 4379): Added:'DumpHtml', with key:'dump_html'
12-14 03:15:43.538 I/InstrumentationBackend( 4379): Added:'DumpBodyHtml', with key:'dump_body_html'
12-14 03:15:43.538 I/InstrumentationBackend( 4379): Added:'EnterTextByCssSelector', with key:'enter_text_by_selector'
12-14 03:15:43.542 I/InstrumentationBackend( 4379): Added:'AndroidSDKVersion', with key:'android_sdk_version'
12-14 03:15:43.542 I/InstrumentationBackend( 4379): Added:'Version', with key:'version'
12-14 03:15:43.543 I/InstrumentationBackend( 4379): Added:'Drag', with key:'drag'
12-14 03:15:43.543 I/InstrumentationBackend( 4379): Added:'TouchCoordinates', with key:'touch_coordinate'
12-14 03:15:43.543 I/InstrumentationBackend( 4379): Added:'LongPressCoordinate', with key:'long_press_coordinate'
12-14 03:15:43.543 I/InstrumentationBackend( 4379): Added:'DragCoordinates', with key:'drag_coordinates'
12-14 03:15:43.544 I/InstrumentationBackend( 4379): Added:'ResumeApplication', with key:'resume_application'
12-14 03:15:43.545 I/InstrumentationBackend( 4379): Added:'Swipe', with key:'swipe'
12-14 03:15:43.545 I/InstrumentationBackend( 4379): Added:'DoubleTapCoordinate', with key:'double_tap_coordinate'
12-14 03:15:43.545 I/InstrumentationBackend( 4379): Added:'ClickOnScreen', with key:'click_on_screen'
12-14 03:15:43.546 I/InstrumentationBackend( 4379): Added:'GetActivityName', with key:'get_activity_name'
12-14 03:15:43.546 I/InstrumentationBackend( 4379): Added:'ScrollToView', with key:'scroll_to_view'
12-14 03:15:43.547 I/InstrumentationBackend( 4379): Added:'ViewConfiguration', with key:'view_configuration'
12-14 03:15:43.547 I/InstrumentationBackend( 4379): Added:'IsCurrentActivityFocused', with key:'is_current_activity_focused'
12-14 03:15:43.547 I/InstrumentationBackend( 4379): Added:'SendTcp', with key:'send_tcp'
12-14 03:15:43.547 I/InstrumentationBackend( 4379): Added:'DpToDevicePixel', with key:'dp_to_device_pixel'
12-14 03:15:43.549 I/InstrumentationBackend( 4379): Added:'KeyboardEnterText', with key:'keyboard_enter_text'
12-14 03:15:43.550 I/InstrumentationBackend( 4379): Added:'DeleteSurroundingText', with key:'delete_surrounding_text'
12-14 03:15:43.551 I/InstrumentationBackend( 4379): Added:'SetComposingRegion', with key:'set_composing_region'
12-14 03:15:43.551 I/InstrumentationBackend( 4379): Added:'SetSelection', with key:'set_selection'
12-14 03:15:43.551 I/InstrumentationBackend( 4379): Added:'KeyboardKeyEvent', with key:'keyboard_key_event'
12-14 03:15:43.552 I/InstrumentationBackend( 4379): Added:'PressUserActionButton', with key:'press_user_action_button'
12-14 03:15:43.552 I/InstrumentationBackend( 4379): Added:'HideSoftKeyboard', with key:'hide_soft_keyboard'
12-14 03:15:43.554 I/InstrumentationBackend( 4379): Added:'ListActions', with key:'list_actions'
12-14 03:15:43.554 I/calabash( 4379): Instantiating http server at 7102
12-14 03:15:43.554 I/System.out( 4379): HTTP Daemon listening on: 7102
12-14 03:15:43.648 I/System.out( 4379): URI: //ping
12-14 03:15:43.649 I/System.out( 4379): params: {json={}
12-14 03:15:43.649 I/System.out( 4379): }
12-14 03:15:43.661 I/System.out( 4379): URI: //ping
12-14 03:15:43.661 I/System.out( 4379): params: {json={}
12-14 03:15:43.661 I/System.out( 4379): }
12-14 03:15:43.669 I/System.out( 4379): URI: //ready
12-14 03:15:43.669 I/System.out( 4379): params: {json={}
12-14 03:15:43.669 I/System.out( 4379): }
12-14 03:15:43.678 I/System.out( 4379): URI: //
12-14 03:15:43.678 I/System.out( 4379): params: {json={"command":"version","arguments":[]}
12-14 03:15:43.678 I/System.out( 4379): }
12-14 03:15:43.678 I/System.out( 4379): header: {content-type=application/json;charset=utf-8, date=Mon, 14 Dec 2020 08:15:43 GMT, accept=*/*, host=127.0.0.1:34777, content-length=36, user-agent=HTTPClient/1.0 (2.8.3, ruby 2.5.8 (2020-03-31))}
12-14 03:15:43.678 I/System.out( 4379): params: {json={"command":"version","arguments":[]}
12-14 03:15:43.678 I/System.out( 4379): }
12-14 03:15:43.679 I/System.out( 4379): ProP json = {"command":"version","arguments":[]}
12-14 03:15:43.679 I/System.out( 4379): files: {}
12-14 03:15:43.679 I/System.out( 4379): command: {"command":"version","arguments":[]}
12-14 03:15:43.707 I/InstrumentationBackend( 4379): Got command:'Command:'Line:null,version', arguments:'[]'
12-14 03:15:43.738 I/System.out( 4379): result:{"bonusInformation":[],"message":"0.9.8","success":true}
12-14 03:15:43.745 I/System.out( 4379): URI: //start-application
12-14 03:15:43.745 I/System.out( 4379): params: {json={"intent":null}
12-14 03:15:43.745 I/System.out( 4379): }
12-14 03:15:43.782 I/ActivityManager( 1627): START u0 {act=android.intent.action.MAIN cat=[android.intent.category.LAUNCHER] flg=0x10200000 cmp=com.evancharlton.mileage/.Mileage} from uid 10398
12-14 03:15:43.804 I/calabash( 4379): newActivity1
12-14 03:15:43.813 D/gralloc_ranchu( 1395): gralloc_alloc: Creating ashmem region of size 7753728
12-14 03:15:43.833 W/ActivityManager( 1627): Bad activity token: android.os.BinderProxy@f12bca8
12-14 03:15:43.833 W/ActivityManager( 1627): java.lang.ClassCastException: android.os.BinderProxy cannot be cast to com.android.server.am.ActivityRecord$Token
12-14 03:15:43.833 W/ActivityManager( 1627): 	at com.android.server.am.ActivityRecord.forTokenLocked(ActivityRecord.java:778)
12-14 03:15:43.833 W/ActivityManager( 1627): 	at com.android.server.am.ActivityRecord.isInStackLocked(ActivityRecord.java:2085)
12-14 03:15:43.833 W/ActivityManager( 1627): 	at com.android.server.am.ActivityRecord.getStackLocked(ActivityRecord.java:2090)
12-14 03:15:43.833 W/ActivityManager( 1627): 	at com.android.server.am.ActivityManagerService.getActivityDisplayId(ActivityManagerService.java:10406)
12-14 03:15:43.833 W/ActivityManager( 1627): 	at android.app.IActivityManager$Stub.onTransact(IActivityManager.java:2738)
12-14 03:15:43.833 W/ActivityManager( 1627): 	at com.android.server.am.ActivityManagerService.onTransact(ActivityManagerService.java:2935)
12-14 03:15:43.833 W/ActivityManager( 1627): 	at android.os.Binder.execTransact(Binder.java:674)
12-14 03:15:43.834 I/calabash( 4379): newActivity1
12-14 03:15:43.842 D/AndroidRuntime( 4379): Shutting down VM
--------- beginning of crash
12-14 03:15:43.844 E/AndroidRuntime( 4379): FATAL EXCEPTION: main
12-14 03:15:43.844 E/AndroidRuntime( 4379): Process: com.evancharlton.mileage, PID: 4379
12-14 03:15:43.844 E/AndroidRuntime( 4379): java.lang.VerifyError: Verifier rejected class com.evancharlton.mileage.FillupActivity: void com.evancharlton.mileage.FillupActivity.initUI(): [0xFFFFFFFF] register index out of range (9 >= 3) (declaration of 'com.evancharlton.mileage.FillupActivity' appears in /data/app/com.evancharlton.mileage-nMQGPyl4747k13TW5kQOPA==/base.apk)
12-14 03:15:43.844 E/AndroidRuntime( 4379): 	at java.lang.Class.newInstance(Native Method)
12-14 03:15:43.844 E/AndroidRuntime( 4379): 	at android.app.Instrumentation.newActivity(Instrumentation.java:1173)
12-14 03:15:43.844 E/AndroidRuntime( 4379): 	at sh.calaba.instrumentationbackend.CalabashInstrumentation.newActivity(CalabashInstrumentation.java:52)
12-14 03:15:43.844 E/AndroidRuntime( 4379): 	at android.app.ActivityThread.performLaunchActivity(ActivityThread.java:2708)
12-14 03:15:43.844 E/AndroidRuntime( 4379): 	at android.app.ActivityThread.startActivityNow(ActivityThread.java:2615)
12-14 03:15:43.844 E/AndroidRuntime( 4379): 	at android.app.LocalActivityManager.moveToState(LocalActivityManager.java:136)
12-14 03:15:43.844 E/AndroidRuntime( 4379): 	at android.app.LocalActivityManager.startActivity(LocalActivityManager.java:348)
12-14 03:15:43.844 E/AndroidRuntime( 4379): 	at android.widget.TabHost$IntentContentStrategy.getContentView(TabHost.java:769)
12-14 03:15:43.844 E/AndroidRuntime( 4379): 	at android.widget.TabHost.setCurrentTab(TabHost.java:423)
12-14 03:15:43.844 E/AndroidRuntime( 4379): 	at android.widget.TabHost.addTab(TabHost.java:233)
12-14 03:15:43.844 E/AndroidRuntime( 4379): 	at com.evancharlton.mileage.Mileage.onCreate(Mileage.java:31)
12-14 03:15:43.844 E/AndroidRuntime( 4379): 	at android.app.Activity.performCreate(Activity.java:6975)
12-14 03:15:43.844 E/AndroidRuntime( 4379): 	at android.app.Instrumentation.callActivityOnCreate(Instrumentation.java:1213)
12-14 03:15:43.844 E/AndroidRuntime( 4379): 	at android.app.ActivityThread.performLaunchActivity(ActivityThread.java:2770)
12-14 03:15:43.844 E/AndroidRuntime( 4379): 	at android.app.ActivityThread.handleLaunchActivity(ActivityThread.java:2892)
12-14 03:15:43.844 E/AndroidRuntime( 4379): 	at android.app.ActivityThread.-wrap11(Unknown Source:0)
12-14 03:15:43.844 E/AndroidRuntime( 4379): 	at android.app.ActivityThread$H.handleMessage(ActivityThread.java:1593)
12-14 03:15:43.844 E/AndroidRuntime( 4379): 	at android.os.Handler.dispatchMessage(Handler.java:105)
12-14 03:15:43.844 E/AndroidRuntime( 4379): 	at android.os.Looper.loop(Looper.java:164)
12-14 03:15:43.844 E/AndroidRuntime( 4379): 	at android.app.ActivityThread.main(ActivityThread.java:6541)
12-14 03:15:43.844 E/AndroidRuntime( 4379): 	at java.lang.reflect.Method.invoke(Native Method)
12-14 03:15:43.844 E/AndroidRuntime( 4379): 	at com.android.internal.os.Zygote$MethodAndArgsCaller.run(Zygote.java:240)
12-14 03:15:43.844 E/AndroidRuntime( 4379): 	at com.android.internal.os.ZygoteInit.main(ZygoteInit.java:767)
12-14 03:15:43.846 I/Process ( 4379): Sending signal. PID: 4379 SIG: 9
12-14 03:15:43.853 W/BroadcastQueue( 1627): Background execution not allowed: receiving Intent { act=android.intent.action.DROPBOX_ENTRY_ADDED flg=0x10 (has extras) } to com.google.android.gms/.stats.service.DropBoxEntryAddedReceiver
12-14 03:15:43.853 W/BroadcastQueue( 1627): Background execution not allowed: receiving Intent { act=android.intent.action.DROPBOX_ENTRY_ADDED flg=0x10 (has extras) } to com.google.android.gms/.chimera.GmsIntentOperationService$PersistentTrustedReceiver
12-14 03:15:43.866 V/StatusBar( 1731): setLightsOn(true)
12-14 03:15:43.871 D/EGL_emulation( 2146): eglMakeCurrent: 0xa21fcf00: ver 3 0 (tinfo 0xa21ff990)
12-14 03:15:43.872 D/EGL_emulation( 2174): eglMakeCurrent: 0xa21fdec0: ver 3 0 (tinfo 0xa21ff4c0)
12-14 03:15:43.893 D/EGL_emulation( 1731): eglMakeCurrent: 0x90c2dfe0: ver 3 0 (tinfo 0xa023fa00)
12-14 03:15:43.895 I/ActivityManager( 1627): Process com.evancharlton.mileage (pid 4379) has died: fore TOP 
12-14 03:15:43.901 W/ActivityManager( 1627): Crash of app com.evancharlton.mileage running instrumentation ComponentInfo{com.evancharlton.mileage.test/sh.calaba.instrumentationbackend.CalabashInstrumentationTestRunner}
12-14 03:15:43.902 E/adbd    ( 1383): failed to connect to socket 'tcp:7102': Connection refused
12-14 03:15:43.902 I/ActivityManager( 1627): Force stopping com.evancharlton.mileage appid=10398 user=0: finished inst
12-14 03:15:43.902 I/ActivityManager( 1627):   Force finishing activity ActivityRecord{5730124 u0 com.evancharlton.mileage/.Mileage t223}
12-14 03:15:43.903 V/StatusBar( 1731): setLightsOn(true)
12-14 03:15:43.908 D/EGL_emulation( 1731): eglMakeCurrent: 0x90c2dfe0: ver 3 0 (tinfo 0xa023fa00)
12-14 03:15:43.914 I/chatty  ( 1731): uid=10028(u0_a28) RenderThread identical 1 line
12-14 03:15:43.925 D/EGL_emulation( 1731): eglMakeCurrent: 0x90c2dfe0: ver 3 0 (tinfo 0xa023fa00)
12-14 03:15:43.926 E/ContentStoreEUAS( 2174): Failed to commit the deferred actions
12-14 03:15:43.940 D/EGL_emulation( 1731): eglMakeCurrent: 0x90c2dfe0: ver 3 0 (tinfo 0xa023fa00)
12-14 03:15:43.940 D/gralloc_ranchu( 1395): gralloc_alloc: Creating ashmem region of size 7753728
12-14 03:15:43.952 D/        ( 1627): HostConnection::get() New Host Connection established 0x929cbe00, tid 1740
12-14 03:15:43.953 D/EGL_emulation( 1731): eglMakeCurrent: 0x90c2dfe0: ver 3 0 (tinfo 0xa023fa00)
12-14 03:15:43.967 I/ActivityManager( 1627):   Force finishing activity ActivityRecord{5730124 u0 com.evancharlton.mileage/.Mileage t223 f}
12-14 03:15:43.967 W/ActivityManager( 1627): Duplicate finish request for ActivityRecord{5730124 u0 com.evancharlton.mileage/.Mileage t223 f}
12-14 03:15:44.000 D/WindowManager( 1627): relayoutVisibleWindow: Window{a8e61f9 u0 com.google.android.apps.nexuslauncher/com.google.android.apps.nexuslauncher.NexusLauncherActivity EXITING} mAnimatingExit=true, mRemoveOnExit=false, mDestroying=false
12-14 03:15:44.003 I/chatty  ( 1731): uid=10028(u0_a28) RenderThread identical 4 lines
12-14 03:15:44.008 D/EGL_emulation( 1731): eglMakeCurrent: 0x90c2dfe0: ver 3 0 (tinfo 0xa023fa00)
12-14 03:15:44.013 D/gralloc_ranchu( 1395): gralloc_alloc: Creating ashmem region of size 8298496
