--------- beginning of main
12-14 03:15:26.734 D/AndroidRuntime( 4148): >>>>>> START com.android.internal.os.RuntimeInit uid 2000 <<<<<<
12-14 03:15:26.769 W/app_process( 4148): Unexpected CPU variant for X86 using defaults: x86
12-14 03:15:26.785 D/AndroidRuntime( 4148): Calling main entry com.android.commands.am.Am
--------- beginning of system
12-14 03:15:26.789 I/ActivityManager( 1627): Force stopping com.evancharlton.mileage appid=10398 user=0: start instr
12-14 03:15:26.793 I/zygote  ( 4158): Not late-enabling -Xcheck:jni (already on)
12-14 03:15:26.799 W/zygote  ( 4158): Unexpected CPU variant for X86 using defaults: x86
12-14 03:15:26.801 I/ActivityManager( 1627): Start proc 4158:com.evancharlton.mileage/u0a398 for added application com.evancharlton.mileage
12-14 03:15:26.801 D/AndroidRuntime( 4148): Shutting down VM
12-14 03:15:26.824 W/zygote  ( 4158): Found duplicate classes, falling back to extracting from APK : /data/app/com.evancharlton.mileage.test-sJjgJH2AOOQFWWoSkpEPeg==/base.apk
12-14 03:15:26.825 W/zygote  ( 4158): NOTE: This wastes RAM and hurts startup performance.
12-14 03:15:26.825 W/zygote  ( 4158): Found duplicated class when checking oat files: 'Ljunit/runner/BaseTestRunner;' in /data/app/com.evancharlton.mileage.test-sJjgJH2AOOQFWWoSkpEPeg==/base.apk and /system/framework/android.test.runner.jar
12-14 03:15:26.825 W/zygote  ( 4158): 
12-14 03:15:26.843 E/adbd    ( 1383): failed to connect to socket 'tcp:7102': Connection refused
12-14 03:15:26.847 E/adbd    ( 1383): failed to connect to socket 'tcp:7102': Connection refused
12-14 03:15:26.868 W/System  ( 4158): ClassLoader referenced unknown path: 
12-14 03:15:26.890 I/System.out( 4158): Main activity name automatically set to: com.evancharlton.mileage.Mileage
12-14 03:15:26.891 I/System.out( 4158): Calabash did not load Mono. This is only a problem if you are trying to test a Mono application
12-14 03:15:26.892 I/calabash( 4158): Test server port: 7102
12-14 03:15:26.897 I/InstrumentationBackend( 4158): Added:'GetPreferences', with key:'get_preferences'
12-14 03:15:26.966 E/adbd    ( 1383): failed to connect to socket 'tcp:7102': Connection refused
12-14 03:15:26.968 E/adbd    ( 1383): failed to connect to socket 'tcp:7102': Connection refused
12-14 03:15:26.970 I/InstrumentationBackend( 4158): Added:'SetPreferences', with key:'set_preferences'
12-14 03:15:26.971 I/InstrumentationBackend( 4158): Added:'ClearPreferences', with key:'clear_preferences'
12-14 03:15:26.971 I/InstrumentationBackend( 4158): Added:'PressElement', with key:'press_l10n_element'
12-14 03:15:26.972 I/InstrumentationBackend( 4158): Added:'WaitForElement', with key:'wait_for_l10n_element'
12-14 03:15:26.973 I/InstrumentationBackend( 4158): Added:'NullAction', with key:'nullAction'
12-14 03:15:26.973 I/InstrumentationBackend( 4158): Added:'PressKey', with key:'press_key'
12-14 03:15:26.974 I/InstrumentationBackend( 4158): Added:'SetActivityOrientation', with key:'set_activity_orientation'
12-14 03:15:26.974 I/InstrumentationBackend( 4158): Added:'GetActivityOrientation', with key:'get_activity_orientation'
12-14 03:15:26.975 I/InstrumentationBackend( 4158): Added:'FakeGPSLocation', with key:'set_gps_coordinates'
12-14 03:15:26.975 I/InstrumentationBackend( 4158): Added:'SetPropertyByCssSelector', with key:'set_property_by_css_selector'
12-14 03:15:26.976 I/InstrumentationBackend( 4158): Added:'GetUrl', with key:'get_url'
12-14 03:15:26.980 I/InstrumentationBackend( 4158): Added:'ScrollTo', with key:'scroll_to'
12-14 03:15:26.980 I/InstrumentationBackend( 4158): Added:'GetLoadProgress', with key:'get_load_progress'
12-14 03:15:26.981 I/InstrumentationBackend( 4158): Added:'DumpHtml', with key:'dump_html'
12-14 03:15:26.981 I/InstrumentationBackend( 4158): Added:'DumpBodyHtml', with key:'dump_body_html'
12-14 03:15:26.981 I/InstrumentationBackend( 4158): Added:'EnterTextByCssSelector', with key:'enter_text_by_selector'
12-14 03:15:26.986 I/InstrumentationBackend( 4158): Added:'AndroidSDKVersion', with key:'android_sdk_version'
12-14 03:15:26.986 I/InstrumentationBackend( 4158): Added:'Version', with key:'version'
12-14 03:15:26.986 I/InstrumentationBackend( 4158): Added:'Drag', with key:'drag'
12-14 03:15:26.987 I/InstrumentationBackend( 4158): Added:'TouchCoordinates', with key:'touch_coordinate'
12-14 03:15:26.987 I/InstrumentationBackend( 4158): Added:'LongPressCoordinate', with key:'long_press_coordinate'
12-14 03:15:26.987 I/InstrumentationBackend( 4158): Added:'DragCoordinates', with key:'drag_coordinates'
12-14 03:15:26.988 I/InstrumentationBackend( 4158): Added:'ResumeApplication', with key:'resume_application'
12-14 03:15:26.988 I/InstrumentationBackend( 4158): Added:'Swipe', with key:'swipe'
12-14 03:15:26.988 I/InstrumentationBackend( 4158): Added:'DoubleTapCoordinate', with key:'double_tap_coordinate'
12-14 03:15:26.988 I/InstrumentationBackend( 4158): Added:'ClickOnScreen', with key:'click_on_screen'
12-14 03:15:26.989 I/InstrumentationBackend( 4158): Added:'GetActivityName', with key:'get_activity_name'
12-14 03:15:26.990 I/InstrumentationBackend( 4158): Added:'ScrollToView', with key:'scroll_to_view'
12-14 03:15:26.990 I/InstrumentationBackend( 4158): Added:'ViewConfiguration', with key:'view_configuration'
12-14 03:15:26.990 I/InstrumentationBackend( 4158): Added:'IsCurrentActivityFocused', with key:'is_current_activity_focused'
12-14 03:15:26.991 I/InstrumentationBackend( 4158): Added:'SendTcp', with key:'send_tcp'
12-14 03:15:26.991 I/InstrumentationBackend( 4158): Added:'DpToDevicePixel', with key:'dp_to_device_pixel'
12-14 03:15:26.992 I/InstrumentationBackend( 4158): Added:'KeyboardEnterText', with key:'keyboard_enter_text'
12-14 03:15:26.993 I/InstrumentationBackend( 4158): Added:'DeleteSurroundingText', with key:'delete_surrounding_text'
12-14 03:15:26.994 I/InstrumentationBackend( 4158): Added:'SetComposingRegion', with key:'set_composing_region'
12-14 03:15:26.994 I/InstrumentationBackend( 4158): Added:'SetSelection', with key:'set_selection'
12-14 03:15:26.994 I/InstrumentationBackend( 4158): Added:'KeyboardKeyEvent', with key:'keyboard_key_event'
12-14 03:15:26.996 I/InstrumentationBackend( 4158): Added:'PressUserActionButton', with key:'press_user_action_button'
12-14 03:15:26.997 I/InstrumentationBackend( 4158): Added:'HideSoftKeyboard', with key:'hide_soft_keyboard'
12-14 03:15:26.999 I/InstrumentationBackend( 4158): Added:'ListActions', with key:'list_actions'
12-14 03:15:26.999 I/calabash( 4158): Instantiating http server at 7102
12-14 03:15:26.999 I/System.out( 4158): HTTP Daemon listening on: 7102
12-14 03:15:27.093 I/System.out( 4158): URI: //ping
12-14 03:15:27.095 I/System.out( 4158): params: {json={}
12-14 03:15:27.095 I/System.out( 4158): }
12-14 03:15:27.123 I/System.out( 4158): URI: //ping
12-14 03:15:27.123 I/System.out( 4158): params: {json={}
12-14 03:15:27.123 I/System.out( 4158): }
12-14 03:15:27.133 I/System.out( 4158): URI: //ready
12-14 03:15:27.133 I/System.out( 4158): params: {json={}
12-14 03:15:27.133 I/System.out( 4158): }
12-14 03:15:27.140 I/System.out( 4158): URI: //
12-14 03:15:27.140 I/System.out( 4158): params: {json={"command":"version","arguments":[]}
12-14 03:15:27.140 I/System.out( 4158): }
12-14 03:15:27.140 I/System.out( 4158): header: {content-type=application/json;charset=utf-8, date=Mon, 14 Dec 2020 08:15:27 GMT, accept=*/*, host=127.0.0.1:34777, content-length=36, user-agent=HTTPClient/1.0 (2.8.3, ruby 2.5.8 (2020-03-31))}
12-14 03:15:27.140 I/System.out( 4158): params: {json={"command":"version","arguments":[]}
12-14 03:15:27.140 I/System.out( 4158): }
12-14 03:15:27.140 I/System.out( 4158): ProP json = {"command":"version","arguments":[]}
12-14 03:15:27.141 I/System.out( 4158): files: {}
12-14 03:15:27.141 I/System.out( 4158): command: {"command":"version","arguments":[]}
12-14 03:15:27.171 I/InstrumentationBackend( 4158): Got command:'Command:'Line:null,version', arguments:'[]'
12-14 03:15:27.185 E/TaskPersister( 1627): File error accessing recents directory (directory doesn't exist?).
12-14 03:15:27.208 I/System.out( 4158): result:{"bonusInformation":[],"message":"0.9.8","success":true}
12-14 03:15:27.216 I/System.out( 4158): URI: //start-application
12-14 03:15:27.216 I/System.out( 4158): params: {json={"intent":null}
12-14 03:15:27.216 I/System.out( 4158): }
12-14 03:15:27.253 I/ActivityManager( 1627): START u0 {act=android.intent.action.MAIN cat=[android.intent.category.LAUNCHER] flg=0x10200000 cmp=com.evancharlton.mileage/.Mileage} from uid 10398
12-14 03:15:27.270 I/calabash( 4158): newActivity1
12-14 03:15:27.294 D/gralloc_ranchu( 1395): gralloc_alloc: Creating ashmem region of size 7753728
12-14 03:15:27.296 W/ActivityManager( 1627): Bad activity token: android.os.BinderProxy@e847f3b
12-14 03:15:27.296 W/ActivityManager( 1627): java.lang.ClassCastException: android.os.BinderProxy cannot be cast to com.android.server.am.ActivityRecord$Token
12-14 03:15:27.296 W/ActivityManager( 1627): 	at com.android.server.am.ActivityRecord.forTokenLocked(ActivityRecord.java:778)
12-14 03:15:27.296 W/ActivityManager( 1627): 	at com.android.server.am.ActivityRecord.isInStackLocked(ActivityRecord.java:2085)
12-14 03:15:27.296 W/ActivityManager( 1627): 	at com.android.server.am.ActivityRecord.getStackLocked(ActivityRecord.java:2090)
12-14 03:15:27.296 W/ActivityManager( 1627): 	at com.android.server.am.ActivityManagerService.getActivityDisplayId(ActivityManagerService.java:10406)
12-14 03:15:27.296 W/ActivityManager( 1627): 	at android.app.IActivityManager$Stub.onTransact(IActivityManager.java:2738)
12-14 03:15:27.296 W/ActivityManager( 1627): 	at com.android.server.am.ActivityManagerService.onTransact(ActivityManagerService.java:2935)
12-14 03:15:27.296 W/ActivityManager( 1627): 	at android.os.Binder.execTransact(Binder.java:674)
12-14 03:15:27.298 I/calabash( 4158): newActivity1
12-14 03:15:27.301 D/AndroidRuntime( 4158): Shutting down VM
--------- beginning of crash
12-14 03:15:27.302 E/AndroidRuntime( 4158): FATAL EXCEPTION: main
12-14 03:15:27.302 E/AndroidRuntime( 4158): Process: com.evancharlton.mileage, PID: 4158
12-14 03:15:27.302 E/AndroidRuntime( 4158): java.lang.VerifyError: Verifier rejected class com.evancharlton.mileage.FillupActivity: void com.evancharlton.mileage.FillupActivity.initUI(): [0xFFFFFFFF] register index out of range (9 >= 3) (declaration of 'com.evancharlton.mileage.FillupActivity' appears in /data/app/com.evancharlton.mileage-nMQGPyl4747k13TW5kQOPA==/base.apk)
12-14 03:15:27.302 E/AndroidRuntime( 4158): 	at java.lang.Class.newInstance(Native Method)
12-14 03:15:27.302 E/AndroidRuntime( 4158): 	at android.app.Instrumentation.newActivity(Instrumentation.java:1173)
12-14 03:15:27.302 E/AndroidRuntime( 4158): 	at sh.calaba.instrumentationbackend.CalabashInstrumentation.newActivity(CalabashInstrumentation.java:52)
12-14 03:15:27.302 E/AndroidRuntime( 4158): 	at android.app.ActivityThread.performLaunchActivity(ActivityThread.java:2708)
12-14 03:15:27.302 E/AndroidRuntime( 4158): 	at android.app.ActivityThread.startActivityNow(ActivityThread.java:2615)
12-14 03:15:27.302 E/AndroidRuntime( 4158): 	at android.app.LocalActivityManager.moveToState(LocalActivityManager.java:136)
12-14 03:15:27.302 E/AndroidRuntime( 4158): 	at android.app.LocalActivityManager.startActivity(LocalActivityManager.java:348)
12-14 03:15:27.302 E/AndroidRuntime( 4158): 	at android.widget.TabHost$IntentContentStrategy.getContentView(TabHost.java:769)
12-14 03:15:27.302 E/AndroidRuntime( 4158): 	at android.widget.TabHost.setCurrentTab(TabHost.java:423)
12-14 03:15:27.302 E/AndroidRuntime( 4158): 	at android.widget.TabHost.addTab(TabHost.java:233)
12-14 03:15:27.302 E/AndroidRuntime( 4158): 	at com.evancharlton.mileage.Mileage.onCreate(Mileage.java:31)
12-14 03:15:27.302 E/AndroidRuntime( 4158): 	at android.app.Activity.performCreate(Activity.java:6975)
12-14 03:15:27.302 E/AndroidRuntime( 4158): 	at android.app.Instrumentation.callActivityOnCreate(Instrumentation.java:1213)
12-14 03:15:27.302 E/AndroidRuntime( 4158): 	at android.app.ActivityThread.performLaunchActivity(ActivityThread.java:2770)
12-14 03:15:27.302 E/AndroidRuntime( 4158): 	at android.app.ActivityThread.handleLaunchActivity(ActivityThread.java:2892)
12-14 03:15:27.302 E/AndroidRuntime( 4158): 	at android.app.ActivityThread.-wrap11(Unknown Source:0)
12-14 03:15:27.302 E/AndroidRuntime( 4158): 	at android.app.ActivityThread$H.handleMessage(ActivityThread.java:1593)
12-14 03:15:27.302 E/AndroidRuntime( 4158): 	at android.os.Handler.dispatchMessage(Handler.java:105)
12-14 03:15:27.302 E/AndroidRuntime( 4158): 	at android.os.Looper.loop(Looper.java:164)
12-14 03:15:27.302 E/AndroidRuntime( 4158): 	at android.app.ActivityThread.main(ActivityThread.java:6541)
12-14 03:15:27.302 E/AndroidRuntime( 4158): 	at java.lang.reflect.Method.invoke(Native Method)
12-14 03:15:27.302 E/AndroidRuntime( 4158): 	at com.android.internal.os.Zygote$MethodAndArgsCaller.run(Zygote.java:240)
12-14 03:15:27.302 E/AndroidRuntime( 4158): 	at com.android.internal.os.ZygoteInit.main(ZygoteInit.java:767)
12-14 03:15:27.310 I/Process ( 4158): Sending signal. PID: 4158 SIG: 9
12-14 03:15:27.320 W/BroadcastQueue( 1627): Background execution not allowed: receiving Intent { act=android.intent.action.DROPBOX_ENTRY_ADDED flg=0x10 (has extras) } to com.google.android.gms/.stats.service.DropBoxEntryAddedReceiver
12-14 03:15:27.320 W/BroadcastQueue( 1627): Background execution not allowed: receiving Intent { act=android.intent.action.DROPBOX_ENTRY_ADDED flg=0x10 (has extras) } to com.google.android.gms/.chimera.GmsIntentOperationService$PersistentTrustedReceiver
12-14 03:15:27.323 D/hwcomposer( 1396): hw_composer sent 67 syncs in 60s
12-14 03:15:27.340 D/EGL_emulation( 2146): eglMakeCurrent: 0xa21fcf00: ver 3 0 (tinfo 0xa21ff990)
12-14 03:15:27.342 V/StatusBar( 1731): setLightsOn(true)
12-14 03:15:27.360 D/EGL_emulation( 1731): eglMakeCurrent: 0x90c2dfe0: ver 3 0 (tinfo 0xa023fa00)
12-14 03:15:27.361 D/EGL_emulation( 2174): eglMakeCurrent: 0xa21fdec0: ver 3 0 (tinfo 0xa21ff4c0)
12-14 03:15:27.363 V/StatusBar( 1731): setLightsOn(true)
12-14 03:15:27.367 W/asset   ( 1731): Asset path /data/app/com.evancharlton.mileage-Y9ZrGYoHw7aTmoyoadgPlg==/base.apk is neither a directory nor file (type=1).
12-14 03:15:27.367 E/ResourcesManager( 1731): failed to add asset path /data/app/com.evancharlton.mileage-Y9ZrGYoHw7aTmoyoadgPlg==/base.apk
12-14 03:15:27.367 W/PackageManager( 1731): Failure retrieving resources for com.evancharlton.mileage
12-14 03:15:27.367 W/asset   ( 1731): Asset path /data/app/com.evancharlton.mileage-Y9ZrGYoHw7aTmoyoadgPlg==/base.apk is neither a directory nor file (type=1).
12-14 03:15:27.367 E/ResourcesManager( 1731): failed to add asset path /data/app/com.evancharlton.mileage-Y9ZrGYoHw7aTmoyoadgPlg==/base.apk
12-14 03:15:27.367 W/PackageManager( 1731): Failure retrieving resources for com.evancharlton.mileage
12-14 03:15:27.367 W/asset   ( 1731): Asset path /data/app/com.evancharlton.mileage-Y9ZrGYoHw7aTmoyoadgPlg==/base.apk is neither a directory nor file (type=1).
12-14 03:15:27.367 E/ResourcesManager( 1731): failed to add asset path /data/app/com.evancharlton.mileage-Y9ZrGYoHw7aTmoyoadgPlg==/base.apk
12-14 03:15:27.367 W/PackageManager( 1731): Failure retrieving resources for com.evancharlton.mileage
12-14 03:15:27.373 E/adbd    ( 1383): failed to connect to socket 'tcp:7102': Connection refused
12-14 03:15:27.374 D/EGL_emulation( 1731): eglMakeCurrent: 0x90c2dfe0: ver 3 0 (tinfo 0xa023fa00)
12-14 03:15:27.376 I/ActivityManager( 1627): Process com.evancharlton.mileage (pid 4158) has died: fore TOP 
12-14 03:15:27.389 W/ActivityManager( 1627): Crash of app com.evancharlton.mileage running instrumentation ComponentInfo{com.evancharlton.mileage.test/sh.calaba.instrumentationbackend.CalabashInstrumentationTestRunner}
12-14 03:15:27.389 I/ActivityManager( 1627): Force stopping com.evancharlton.mileage appid=10398 user=0: finished inst
12-14 03:15:27.392 I/ActivityManager( 1627):   Force finishing activity ActivityRecord{fc3d327 u0 com.evancharlton.mileage/.Mileage t220}
12-14 03:15:27.422 I/ActivityManager( 1627):   Force finishing activity ActivityRecord{fc3d327 u0 com.evancharlton.mileage/.Mileage t220 f}
12-14 03:15:27.422 W/ActivityManager( 1627): Duplicate finish request for ActivityRecord{fc3d327 u0 com.evancharlton.mileage/.Mileage t220 f}
12-14 03:15:27.423 D/WindowManager( 1627): relayoutVisibleWindow: Window{a8e61f9 u0 com.google.android.apps.nexuslauncher/com.google.android.apps.nexuslauncher.NexusLauncherActivity EXITING} mAnimatingExit=true, mRemoveOnExit=false, mDestroying=false
12-14 03:15:27.437 I/chatty  ( 1731): uid=10028(u0_a28) RenderThread identical 5 lines
12-14 03:15:27.447 D/EGL_emulation( 1731): eglMakeCurrent: 0x90c2dfe0: ver 3 0 (tinfo 0xa023fa00)
12-14 03:15:27.454 D/gralloc_ranchu( 1395): gralloc_alloc: Creating ashmem region of size 7753728
12-14 03:15:27.454 D/EGL_emulation( 1731): eglMakeCurrent: 0x90c2dfe0: ver 3 0 (tinfo 0xa023fa00)
12-14 03:15:27.466 D/        ( 1627): HostConnection::get() New Host Connection established 0x93a60c40, tid 2200
12-14 03:15:27.481 D/gralloc_ranchu( 1395): gralloc_alloc: Creating ashmem region of size 8298496
12-14 03:15:27.492 W/Looper  ( 1627): Dispatch took 111ms on android.ui, h=Handler (com.android.server.am.ActivityManagerService$UiHandler) {c6b6d1d} cb=null msg=53
12-14 03:15:27.493 D/EGL_emulation( 1731): eglMakeCurrent: 0x90c2dfe0: ver 3 0 (tinfo 0xa023fa00)
12-14 03:15:27.497 D/gralloc_ranchu( 1395): gralloc_alloc: Creating ashmem region of size 8298496
12-14 03:15:27.517 D/EGL_emulation( 1731): eglMakeCurrent: 0x90c2dfe0: ver 3 0 (tinfo 0xa023fa00)
12-14 03:15:27.524 D/gralloc_ranchu( 1395): gralloc_alloc: Creating ashmem region of size 8298496
12-14 03:15:27.528 E/ContentStoreEUAS( 2174): Failed to commit the deferred actions
12-14 03:15:27.537 D/gralloc_ranchu( 1395): gralloc_alloc: Creating ashmem region of size 8298496
12-14 03:15:27.538 D/EGL_emulation( 1731): eglMakeCurrent: 0x90c2dfe0: ver 3 0 (tinfo 0xa023fa00)
12-14 03:15:27.554 D/gralloc_ranchu( 1395): gralloc_alloc: Creating ashmem region of size 8298496
12-14 03:15:27.572 D/EGL_emulation( 1731): eglMakeCurrent: 0x90c2dfe0: ver 3 0 (tinfo 0xa023fa00)
