12-13 23:36:03.807 W/ActivityManager( 1629): 	at android.app.IActivityManager$Stub.onTransact(IActivityManager.java:2824)
12-13 23:36:03.807 W/ActivityManager( 1629): 	at com.android.server.am.ActivityManagerService.onTransact(ActivityManagerService.java:2935)
12-13 23:36:03.807 W/ActivityManager( 1629): 	at android.os.Binder.execTransact(Binder.java:674)
12-13 23:36:03.807 W/ActivityManager( 1629): Bad activity token: android.os.BinderProxy@bc25b10
12-13 23:36:03.807 W/ActivityManager( 1629): java.lang.ClassCastException: android.os.BinderProxy cannot be cast to com.android.server.am.ActivityRecord$Token
12-13 23:36:03.807 W/ActivityManager( 1629): 	at com.android.server.am.ActivityRecord.forTokenLocked(ActivityRecord.java:778)
12-13 23:36:03.807 W/ActivityManager( 1629): 	at com.android.server.am.ActivityRecord.isInStackLocked(ActivityRecord.java:2085)
12-13 23:36:03.807 W/ActivityManager( 1629): 	at com.android.server.am.ActivityRecord.getStackLocked(ActivityRecord.java:2090)
12-13 23:36:03.807 W/ActivityManager( 1629): 	at com.android.server.am.ActivityManagerService.getActivityStackId(ActivityManagerService.java:10417)
12-13 23:36:03.807 W/ActivityManager( 1629): 	at android.app.IActivityManager$Stub.onTransact(IActivityManager.java:3548)
12-13 23:36:03.807 W/ActivityManager( 1629): 	at com.android.server.am.ActivityManagerService.onTransact(ActivityManagerService.java:2935)
12-13 23:36:03.807 W/ActivityManager( 1629): 	at android.os.Binder.execTransact(Binder.java:674)
12-13 23:36:03.821 W/ActivityManager( 1629): Bad activity token: android.os.BinderProxy@bc25b10
12-13 23:36:03.821 W/ActivityManager( 1629): java.lang.ClassCastException: android.os.BinderProxy cannot be cast to com.android.server.am.ActivityRecord$Token
12-13 23:36:03.821 W/ActivityManager( 1629): 	at com.android.server.am.ActivityRecord.forTokenLocked(ActivityRecord.java:778)
12-13 23:36:03.821 W/ActivityManager( 1629): 	at com.android.server.am.ActivityRecord.isInStackLocked(ActivityRecord.java:2085)
12-13 23:36:03.821 W/ActivityManager( 1629): 	at com.android.server.am.ActivityManagerService.getActivityOptions(ActivityManagerService.java:13302)
12-13 23:36:03.821 W/ActivityManager( 1629): 	at android.app.IActivityManager$Stub.onTransact(IActivityManager.java:2910)
12-13 23:36:03.821 W/ActivityManager( 1629): 	at com.android.server.am.ActivityManagerService.onTransact(ActivityManagerService.java:2935)
12-13 23:36:03.821 W/ActivityManager( 1629): 	at android.os.Binder.execTransact(Binder.java:674)
12-13 23:36:03.822 W/ActivityManager( 1629): Bad activity token: android.os.BinderProxy@bc25b10
12-13 23:36:03.822 W/ActivityManager( 1629): java.lang.ClassCastException: android.os.BinderProxy cannot be cast to com.android.server.am.ActivityRecord$Token
12-13 23:36:03.822 W/ActivityManager( 1629): 	at com.android.server.am.ActivityRecord.forTokenLocked(ActivityRecord.java:778)
12-13 23:36:03.822 W/ActivityManager( 1629): 	at com.android.server.am.ActivityRecord.isInStackLocked(ActivityRecord.java:2085)
12-13 23:36:03.822 W/ActivityManager( 1629): 	at com.android.server.am.ActivityManagerService.getActivityOptions(ActivityManagerService.java:13302)
12-13 23:36:03.822 W/ActivityManager( 1629): 	at android.app.IActivityManager$Stub.onTransact(IActivityManager.java:2910)
12-13 23:36:03.822 W/ActivityManager( 1629): 	at com.android.server.am.ActivityManagerService.onTransact(ActivityManagerService.java:2935)
12-13 23:36:03.822 W/ActivityManager( 1629): 	at android.os.Binder.execTransact(Binder.java:674)
12-13 23:36:04.118 W/RemoteFillService( 1629): Not handling { when=-4ms what=3 target=com.android.internal.os.HandlerCaller$MyHandler } as service for ComponentInfo{com.google.android.gms/com.google.android.gms.autofill.service.AutofillService} is already destroyed
12-13 23:36:04.165 I/chatty  ( 1629): uid=1000(system) RenderThread identical 1331 lines
12-13 23:36:04.166 E/OpenGLRenderer( 1629): GL error:  GL_INVALID_OPERATION
12-13 23:36:04.166 E/SurfaceFlinger( 1408): ro.sf.lcd_density must be defined as a build property
12-13 23:36:04.166 E/OpenGLRenderer( 1629): GL error:  GL_INVALID_OPERATION
12-13 23:36:04.176 I/chatty  ( 1629): uid=1000(system) RenderThread identical 41 lines
12-13 23:36:04.177 E/OpenGLRenderer( 1629): GL error:  GL_INVALID_OPERATION
12-13 23:36:04.177 D/gralloc_ranchu( 1396): gralloc_alloc: Creating ashmem region of size 8298496
12-13 23:36:04.177 E/OpenGLRenderer( 1629): GL error:  GL_INVALID_OPERATION
12-13 23:36:04.264 I/chatty  ( 1629): uid=1000(system) RenderThread identical 231 lines
12-13 23:36:04.264 E/OpenGLRenderer( 1629): GL error:  GL_INVALID_OPERATION
12-13 23:36:04.264 D/        ( 4696): HostConnection::get() New Host Connection established 0xaedaf800, tid 4696
12-13 23:36:04.265 E/OpenGLRenderer( 1629): GL error:  GL_INVALID_OPERATION
12-13 23:36:04.870 I/chatty  ( 1629): uid=1000(system) RenderThread identical 1399 lines
12-13 23:36:04.870 E/OpenGLRenderer( 1629): GL error:  GL_INVALID_OPERATION
12-13 23:36:04.870 I/System.out( 4584): URI: //gesture
12-13 23:36:04.870 E/OpenGLRenderer( 1629): GL error:  GL_INVALID_OPERATION
12-13 23:36:04.870 I/System.out( 4584): params: {json={"query_timeout":5.0,"gestures":[{"query_string":"android.widget.TabWidget descendant TextView index:2","touches":[{"x":50,"y":50,"offset_x":0,"offset_y":0,"wait":0.0,"time":0.2,"release":true,"query_string":null}]}]}
12-13 23:36:04.870 I/System.out( 4584): }
12-13 23:36:04.871 E/OpenGLRenderer( 1629): GL error:  GL_INVALID_OPERATION
12-13 23:36:05.123 I/chatty  ( 1629): uid=1000(system) RenderThread identical 585 lines
12-13 23:36:05.124 E/OpenGLRenderer( 1629): GL error:  GL_INVALID_OPERATION
12-13 23:36:05.202 W/audio_hw_generic( 1390): Not supplying enough data to HAL, expected position 1128500 , only wrote 1127520
12-13 23:36:05.203 W/audio_hw_generic( 1390): Not supplying enough data to HAL, expected position 1127541 , only wrote 1127520
12-13 23:36:05.203 E/OpenGLRenderer( 1629): GL error:  GL_INVALID_OPERATION
12-13 23:36:05.343 W/ActivityManager( 1629): Bad activity token: android.os.BinderProxy@74f5a4b
12-13 23:36:05.343 W/ActivityManager( 1629): java.lang.ClassCastException: android.os.BinderProxy cannot be cast to com.android.server.am.ActivityRecord$Token
12-13 23:36:05.343 W/ActivityManager( 1629): 	at com.android.server.am.ActivityRecord.forTokenLocked(ActivityRecord.java:778)
12-13 23:36:05.343 W/ActivityManager( 1629): 	at com.android.server.am.ActivityRecord.isInStackLocked(ActivityRecord.java:2085)
12-13 23:36:05.343 W/ActivityManager( 1629): 	at com.android.server.am.ActivityRecord.getStackLocked(ActivityRecord.java:2090)
12-13 23:36:05.343 W/ActivityManager( 1629): 	at com.android.server.am.ActivityManagerService.getActivityDisplayId(ActivityManagerService.java:10406)
12-13 23:36:05.343 W/ActivityManager( 1629): 	at android.app.IActivityManager$Stub.onTransact(IActivityManager.java:2738)
12-13 23:36:05.343 W/ActivityManager( 1629): 	at com.android.server.am.ActivityManagerService.onTransact(ActivityManagerService.java:2935)
12-13 23:36:05.343 W/ActivityManager( 1629): 	at android.os.Binder.execTransact(Binder.java:674)
12-13 23:36:05.344 I/chatty  ( 1629): uid=1000(system) RenderThread identical 395 lines
12-13 23:36:05.344 E/OpenGLRenderer( 1629): GL error:  GL_INVALID_OPERATION
12-13 23:36:05.346 I/calabash( 4584): newActivity1
12-13 23:36:05.346 E/OpenGLRenderer( 1629): GL error:  GL_INVALID_OPERATION
12-13 23:36:05.350 W/ActivityManager( 1629): Bad activity token: android.os.BinderProxy@74f5a4b
12-13 23:36:05.350 W/ActivityManager( 1629): java.lang.ClassCastException: android.os.BinderProxy cannot be cast to com.android.server.am.ActivityRecord$Token
12-13 23:36:05.350 W/ActivityManager( 1629): 	at com.android.server.am.ActivityRecord.forTokenLocked(ActivityRecord.java:778)
12-13 23:36:05.350 W/ActivityManager( 1629): 	at com.android.server.am.ActivityRecord.isInStackLocked(ActivityRecord.java:2085)
12-13 23:36:05.350 W/ActivityManager( 1629): 	at com.android.server.am.ActivityManagerService.setTaskDescription(ActivityManagerService.java:9988)
12-13 23:36:05.350 W/ActivityManager( 1629): 	at android.app.IActivityManager$Stub.onTransact(IActivityManager.java:2824)
12-13 23:36:05.350 W/ActivityManager( 1629): 	at com.android.server.am.ActivityManagerService.onTransact(ActivityManagerService.java:2935)
12-13 23:36:05.350 W/ActivityManager( 1629): 	at android.os.Binder.execTransact(Binder.java:674)
12-13 23:36:05.352 W/ActivityManager( 1629): Bad activity token: android.os.BinderProxy@74f5a4b
12-13 23:36:05.352 W/ActivityManager( 1629): java.lang.ClassCastException: android.os.BinderProxy cannot be cast to com.android.server.am.ActivityRecord$Token
12-13 23:36:05.352 W/ActivityManager( 1629): 	at com.android.server.am.ActivityRecord.forTokenLocked(ActivityRecord.java:778)
12-13 23:36:05.352 W/ActivityManager( 1629): 	at com.android.server.am.ActivityRecord.isInStackLocked(ActivityRecord.java:2085)
12-13 23:36:05.352 W/ActivityManager( 1629): 	at com.android.server.am.ActivityRecord.getStackLocked(ActivityRecord.java:2090)
12-13 23:36:05.352 W/ActivityManager( 1629): 	at com.android.server.am.ActivityManagerService.getActivityStackId(ActivityManagerService.java:10417)
12-13 23:36:05.352 W/ActivityManager( 1629): 	at android.app.IActivityManager$Stub.onTransact(IActivityManager.java:3548)
12-13 23:36:05.352 W/ActivityManager( 1629): 	at com.android.server.am.ActivityManagerService.onTransact(ActivityManagerService.java:2935)
12-13 23:36:05.352 W/ActivityManager( 1629): 	at android.os.Binder.execTransact(Binder.java:674)
12-13 23:36:05.390 I/chatty  ( 1629): uid=1000(system) RenderThread identical 189 lines
12-13 23:36:05.390 E/OpenGLRenderer( 1629): GL error:  GL_INVALID_OPERATION
12-13 23:36:05.390 D/VehicleStatisticsActivity( 4584): Checking recalculation ...
12-13 23:36:05.390 E/OpenGLRenderer( 1629): GL error:  GL_INVALID_OPERATION
12-13 23:36:05.392 I/chatty  ( 1629): uid=1000(system) RenderThread identical 8 lines
12-13 23:36:05.392 E/OpenGLRenderer( 1629): GL error:  GL_INVALID_OPERATION
12-13 23:36:05.392 D/VehicleStatisticsActivity( 4584): Recalculation not necessary.
12-13 23:36:05.392 E/OpenGLRenderer( 1629): GL error:  GL_INVALID_OPERATION
12-13 23:36:05.398 W/ActivityManager( 1629): Bad activity token: android.os.BinderProxy@74f5a4b
12-13 23:36:05.398 W/ActivityManager( 1629): java.lang.ClassCastException: android.os.BinderProxy cannot be cast to com.android.server.am.ActivityRecord$Token
12-13 23:36:05.398 W/ActivityManager( 1629): 	at com.android.server.am.ActivityRecord.forTokenLocked(ActivityRecord.java:778)
12-13 23:36:05.398 W/ActivityManager( 1629): 	at com.android.server.am.ActivityRecord.isInStackLocked(ActivityRecord.java:2085)
12-13 23:36:05.398 W/ActivityManager( 1629): 	at com.android.server.am.ActivityManagerService.getActivityOptions(ActivityManagerService.java:13302)
12-13 23:36:05.398 W/ActivityManager( 1629): 	at android.app.IActivityManager$Stub.onTransact(IActivityManager.java:2910)
12-13 23:36:05.398 W/ActivityManager( 1629): 	at com.android.server.am.ActivityManagerService.onTransact(ActivityManagerService.java:2935)
12-13 23:36:05.398 W/ActivityManager( 1629): 	at android.os.Binder.execTransact(Binder.java:674)
12-13 23:36:05.398 W/ActivityManager( 1629): Bad activity token: android.os.BinderProxy@74f5a4b
12-13 23:36:05.398 W/ActivityManager( 1629): java.lang.ClassCastException: android.os.BinderProxy cannot be cast to com.android.server.am.ActivityRecord$Token
12-13 23:36:05.398 W/ActivityManager( 1629): 	at com.android.server.am.ActivityRecord.forTokenLocked(ActivityRecord.java:778)
12-13 23:36:05.398 W/ActivityManager( 1629): 	at com.android.server.am.ActivityRecord.isInStackLocked(ActivityRecord.java:2085)
12-13 23:36:05.398 W/ActivityManager( 1629): 	at com.android.server.am.ActivityManagerService.getActivityOptions(ActivityManagerService.java:13302)
12-13 23:36:05.398 W/ActivityManager( 1629): 	at android.app.IActivityManager$Stub.onTransact(IActivityManager.java:2910)
12-13 23:36:05.398 W/ActivityManager( 1629): 	at com.android.server.am.ActivityManagerService.onTransact(ActivityManagerService.java:2935)
12-13 23:36:05.398 W/ActivityManager( 1629): 	at android.os.Binder.execTransact(Binder.java:674)
12-13 23:36:05.415 I/chatty  ( 1629): uid=1000(system) RenderThread identical 101 lines
12-13 23:36:05.415 E/OpenGLRenderer( 1629): GL error:  GL_INVALID_OPERATION
12-13 23:36:05.415 D/VehicleStatisticsActivity( 4584): Checking recalculation ...
12-13 23:36:05.415 E/OpenGLRenderer( 1629): GL error:  GL_INVALID_OPERATION
12-13 23:36:05.417 I/chatty  ( 1629): uid=1000(system) RenderThread identical 10 lines
12-13 23:36:05.418 E/OpenGLRenderer( 1629): GL error:  GL_INVALID_OPERATION
12-13 23:36:05.418 D/VehicleStatisticsActivity( 4584): Recalculation not necessary.
12-13 23:36:05.418 E/OpenGLRenderer( 1629): GL error:  GL_INVALID_OPERATION
12-13 23:36:05.520 I/chatty  ( 1629): uid=1000(system) RenderThread identical 403 lines
12-13 23:36:05.520 E/OpenGLRenderer( 1629): GL error:  GL_INVALID_OPERATION
12-13 23:36:05.523 I/zygote  ( 4584): Background concurrent copying GC freed 67700(2MB) AllocSpace objects, 8(160KB) LOS objects, 50% free, 2MB/4MB, paused 2.945ms total 112.021ms
12-13 23:36:05.529 E/OpenGLRenderer( 1629): GL error:  GL_INVALID_OPERATION
12-13 23:36:05.688 I/chatty  ( 1629): uid=1000(system) RenderThread identical 344 lines
12-13 23:36:05.688 E/OpenGLRenderer( 1629): GL error:  GL_INVALID_OPERATION
12-13 23:36:05.688 I/zygote  ( 4584): JIT allocated 67KB for compiled code of void android.view.View.<init>(android.content.Context, android.util.AttributeSet, int, int)
12-13 23:36:05.688 E/OpenGLRenderer( 1629): GL error:  GL_INVALID_OPERATION
12-13 23:36:05.890 I/chatty  ( 1629): uid=1000(system) RenderThread identical 571 lines
12-13 23:36:05.890 E/OpenGLRenderer( 1629): GL error:  GL_INVALID_OPERATION
12-13 23:36:05.890 E/SurfaceFlinger( 1408): ro.sf.lcd_density must be defined as a build property
12-13 23:36:05.890 E/OpenGLRenderer( 1629): GL error:  GL_INVALID_OPERATION
12-13 23:36:05.907 I/chatty  ( 1629): uid=1000(system) RenderThread identical 72 lines
12-13 23:36:05.907 E/OpenGLRenderer( 1629): GL error:  GL_INVALID_OPERATION
12-13 23:36:05.907 D/gralloc_ranchu( 1396): gralloc_alloc: Creating ashmem region of size 8298496
12-13 23:36:05.907 E/OpenGLRenderer( 1629): GL error:  GL_INVALID_OPERATION
12-13 23:36:05.917 I/chatty  ( 1629): uid=1000(system) RenderThread identical 22 lines
12-13 23:36:05.918 E/OpenGLRenderer( 1629): GL error:  GL_INVALID_OPERATION
12-13 23:36:05.918 D/        ( 4702): HostConnection::get() New Host Connection established 0xb02af800, tid 4702
12-13 23:36:05.918 E/OpenGLRenderer( 1629): GL error:  GL_INVALID_OPERATION
12-13 23:36:06.430 I/chatty  ( 1629): uid=1000(system) RenderThread identical 1505 lines
12-13 23:36:06.430 E/OpenGLRenderer( 1629): GL error:  GL_INVALID_OPERATION
12-13 23:36:06.430 I/System.out( 4584): URI: //gesture
12-13 23:36:06.430 E/OpenGLRenderer( 1629): GL error:  GL_INVALID_OPERATION
12-13 23:36:06.430 I/System.out( 4584): params: {json={"query_timeout":5.0,"gestures":[{"query_string":"android.widget.TabWidget descendant TextView index:0","touches":[{"x":50,"y":50,"offset_x":0,"offset_y":0,"wait":0.0,"time":0.2,"release":true,"query_string":null}]}]}
12-13 23:36:06.430 I/System.out( 4584): }
12-13 23:36:06.430 E/OpenGLRenderer( 1629): GL error:  GL_INVALID_OPERATION
12-13 23:36:06.445 I/chatty  ( 1629): uid=1000(system) RenderThread identical 54 lines
12-13 23:36:06.446 E/OpenGLRenderer( 1629): GL error:  GL_INVALID_OPERATION
12-13 23:36:06.446 I/zygote  ( 4584): Do full code cache collection, code=499KB, data=301KB
12-13 23:36:06.446 E/OpenGLRenderer( 1629): GL error:  GL_INVALID_OPERATION
12-13 23:36:06.449 I/chatty  ( 1629): uid=1000(system) RenderThread identical 13 lines
12-13 23:36:06.450 E/OpenGLRenderer( 1629): GL error:  GL_INVALID_OPERATION
12-13 23:36:06.450 I/zygote  ( 4584): After code cache collection, code=415KB, data=235KB
12-13 23:36:06.450 E/OpenGLRenderer( 1629): GL error:  GL_INVALID_OPERATION
12-13 23:36:07.033 I/chatty  ( 1629): uid=1000(system) RenderThread identical 1213 lines
12-13 23:36:07.033 E/OpenGLRenderer( 1629): GL error:  GL_INVALID_OPERATION
12-13 23:36:07.033 W/View    ( 4584): dispatchProvideAutofillStructure(): not laid out, ignoring
12-13 23:36:07.034 E/OpenGLRenderer( 1629): GL error:  GL_INVALID_OPERATION
12-13 23:36:07.037 I/chatty  ( 1629): uid=1000(system) RenderThread identical 7 lines
12-13 23:36:07.037 E/OpenGLRenderer( 1629): GL error:  GL_INVALID_OPERATION
12-13 23:36:07.037 W/View    ( 4584): dispatchProvideAutofillStructure(): not laid out, ignoring
12-13 23:36:07.038 W/View    ( 4584): dispatchProvideAutofillStructure(): not laid out, ignoring
12-13 23:36:07.039 E/OpenGLRenderer( 1629): GL error:  GL_INVALID_OPERATION
12-13 23:36:07.042 I/chatty  ( 1629): uid=1000(system) RenderThread identical 3 lines
12-13 23:36:07.042 E/OpenGLRenderer( 1629): GL error:  GL_INVALID_OPERATION
12-13 23:36:07.043 W/View    ( 4584): dispatchProvideAutofillStructure(): not laid out, ignoring
12-13 23:36:07.044 W/View    ( 4584): dispatchProvideAutofillStructure(): not laid out, ignoring
12-13 23:36:07.045 E/OpenGLRenderer( 1629): GL error:  GL_INVALID_OPERATION
12-13 23:36:07.045 W/Binder  ( 1629): Outgoing transactions from this process must be FLAG_ONEWAY
12-13 23:36:07.045 W/Binder  ( 1629): java.lang.Throwable
12-13 23:36:07.045 W/Binder  ( 1629): 	at android.os.BinderProxy.transact(Binder.java:736)
12-13 23:36:07.045 W/Binder  ( 1629): 	at android.app.assist.AssistStructure$ParcelTransferReader.fetchData(AssistStructure.java:407)
12-13 23:36:07.045 W/Binder  ( 1629): 	at android.app.assist.AssistStructure$ParcelTransferReader.go(AssistStructure.java:343)
12-13 23:36:07.045 W/Binder  ( 1629): 	at android.app.assist.AssistStructure.ensureData(AssistStructure.java:2096)
12-13 23:36:07.045 W/Binder  ( 1629): 	at com.android.server.autofill.Session$1.send(Session.java:200)
12-13 23:36:07.045 W/Binder  ( 1629): 	at com.android.server.am.ActivityManagerService.reportAssistContextExtras(ActivityManagerService.java:13137)
12-13 23:36:07.045 W/Binder  ( 1629): 	at android.app.IActivityManager$Stub.onTransact(IActivityManager.java:2466)
12-13 23:36:07.045 W/Binder  ( 1629): 	at com.android.server.am.ActivityManagerService.onTransact(ActivityManagerService.java:2935)
12-13 23:36:07.045 W/Binder  ( 1629): 	at android.os.Binder.execTransact(Binder.java:674)
12-13 23:36:07.046 E/OpenGLRenderer( 1629): GL error:  GL_INVALID_OPERATION
12-13 23:36:07.063 I/chatty  ( 1629): uid=1000(system) RenderThread identical 37 lines
12-13 23:36:07.065 E/OpenGLRenderer( 1629): GL error:  GL_INVALID_OPERATION
12-13 23:36:07.066 I/AssistStructure( 4584): Flattened final assist data: 10960 bytes, containing 1 windows, 49 views
12-13 23:36:07.066 E/OpenGLRenderer( 1629): GL error:  GL_INVALID_OPERATION
12-13 23:36:07.072 I/chatty  ( 1629): uid=1000(system) RenderThread identical 5 lines
12-13 23:36:07.072 E/OpenGLRenderer( 1629): GL error:  GL_INVALID_OPERATION
12-13 23:36:07.072 E/memtrack( 1629): Couldn't load memtrack module
12-13 23:36:07.072 W/android.os.Debug( 1629): failed to get memory consumption info: -1
12-13 23:36:07.073 E/OpenGLRenderer( 1629): GL error:  GL_INVALID_OPERATION
12-13 23:36:07.087 I/chatty  ( 1629): uid=1000(system) RenderThread identical 18 lines
12-13 23:36:07.087 E/OpenGLRenderer( 1629): GL error:  GL_INVALID_OPERATION
12-13 23:36:07.087 I/AssistStructure( 1629): Flattened final assist data: 9988 bytes, containing 1 windows, 49 views
12-13 23:36:07.087 E/OpenGLRenderer( 1629): GL error:  GL_INVALID_OPERATION
12-13 23:36:07.090 I/chatty  ( 1629): uid=1000(system) RenderThread identical 5 lines
12-13 23:36:07.091 E/OpenGLRenderer( 1629): GL error:  GL_INVALID_OPERATION
12-13 23:36:07.091 W/lgq     ( 1941): Pending fill request while another request in the same session was triggered. [CONTEXT service_id=177 ]
12-13 23:36:07.091 E/OpenGLRenderer( 1629): GL error:  GL_INVALID_OPERATION
12-13 23:36:07.142 I/chatty  ( 1629): uid=1000(system) RenderThread identical 107 lines
12-13 23:36:07.143 E/OpenGLRenderer( 1629): GL error:  GL_INVALID_OPERATION
12-13 23:36:07.143 E/memtrack( 1629): Couldn't load memtrack module
12-13 23:36:07.143 W/android.os.Debug( 1629): failed to get memory consumption info: -1
12-13 23:36:07.144 E/OpenGLRenderer( 1629): GL error:  GL_INVALID_OPERATION
12-13 23:36:07.207 I/chatty  ( 1629): uid=1000(system) RenderThread identical 276 lines
12-13 23:36:07.208 E/OpenGLRenderer( 1629): GL error:  GL_INVALID_OPERATION
12-13 23:36:07.208 E/SurfaceFlinger( 1408): ro.sf.lcd_density must be defined as a build property
12-13 23:36:07.208 E/OpenGLRenderer( 1629): GL error:  GL_INVALID_OPERATION
12-13 23:36:07.211 I/chatty  ( 1629): uid=1000(system) RenderThread identical 6 lines
12-13 23:36:07.212 E/OpenGLRenderer( 1629): GL error:  GL_INVALID_OPERATION
12-13 23:36:07.212 E/memtrack( 1629): Couldn't load memtrack module
12-13 23:36:07.212 W/android.os.Debug( 1629): failed to get memory consumption info: -1
12-13 23:36:07.212 E/OpenGLRenderer( 1629): GL error:  GL_INVALID_OPERATION
12-13 23:36:07.229 I/chatty  ( 1629): uid=1000(system) RenderThread identical 56 lines
12-13 23:36:07.229 E/OpenGLRenderer( 1629): GL error:  GL_INVALID_OPERATION
12-13 23:36:07.229 D/gralloc_ranchu( 1396): gralloc_alloc: Creating ashmem region of size 8298496
12-13 23:36:07.230 E/OpenGLRenderer( 1629): GL error:  GL_INVALID_OPERATION
12-13 23:36:07.239 I/chatty  ( 1629): uid=1000(system) RenderThread identical 19 lines
12-13 23:36:07.240 E/OpenGLRenderer( 1629): GL error:  GL_INVALID_OPERATION
12-13 23:36:07.240 D/        ( 4708): HostConnection::get() New Host Connection established 0xa93af800, tid 4708
12-13 23:36:07.240 E/OpenGLRenderer( 1629): GL error:  GL_INVALID_OPERATION
12-13 23:36:07.254 I/chatty  ( 1629): uid=1000(system) RenderThread identical 30 lines
12-13 23:36:07.254 E/OpenGLRenderer( 1629): GL error:  GL_INVALID_OPERATION
12-13 23:36:07.254 E/memtrack( 1629): Couldn't load memtrack module
12-13 23:36:07.254 W/android.os.Debug( 1629): failed to get memory consumption info: -1
12-13 23:36:07.254 E/OpenGLRenderer( 1629): GL error:  GL_INVALID_OPERATION
12-13 23:36:07.273 I/chatty  ( 1629): uid=1000(system) RenderThread identical 26 lines
12-13 23:36:07.275 E/OpenGLRenderer( 1629): GL error:  GL_INVALID_OPERATION
12-13 23:36:07.277 E/memtrack( 1629): Couldn't load memtrack module
12-13 23:36:07.277 W/android.os.Debug( 1629): failed to get memory consumption info: -1
12-13 23:36:07.279 E/OpenGLRenderer( 1629): GL error:  GL_INVALID_OPERATION
12-13 23:36:07.332 I/chatty  ( 1629): uid=1000(system) RenderThread identical 24 lines
12-13 23:36:07.333 E/OpenGLRenderer( 1629): GL error:  GL_INVALID_OPERATION
12-13 23:36:07.333 W/audio_hw_generic( 1390): Not supplying enough data to HAL, expected position 1229761 , only wrote 1229760
12-13 23:36:07.333 E/OpenGLRenderer( 1629): GL error:  GL_INVALID_OPERATION
