12-13 23:35:52.599 W/ActivityManager( 1629): 	at android.app.IActivityManager$Stub.onTransact(IActivityManager.java:3548)
12-13 23:35:52.599 W/ActivityManager( 1629): 	at com.android.server.am.ActivityManagerService.onTransact(ActivityManagerService.java:2935)
12-13 23:35:52.599 W/ActivityManager( 1629): 	at android.os.Binder.execTransact(Binder.java:674)
12-13 23:35:52.616 I/chatty  ( 1629): uid=1000(system) RenderThread identical 116 lines
12-13 23:35:52.619 E/OpenGLRenderer( 1629): GL error:  GL_INVALID_OPERATION
12-13 23:35:52.620 D/EGL_emulation( 1727): eglMakeCurrent: 0xa0ee72e0: ver 3 0 (tinfo 0xa0efbcd0)
12-13 23:35:52.621 E/OpenGLRenderer( 1629): GL error:  GL_INVALID_OPERATION
12-13 23:35:52.631 I/chatty  ( 1629): uid=1000(system) RenderThread identical 33 lines
12-13 23:35:52.631 E/OpenGLRenderer( 1629): GL error:  GL_INVALID_OPERATION
12-13 23:35:52.631 V/StatusBar( 1727): setLightsOn(true)
12-13 23:35:52.640 E/OpenGLRenderer( 1629): GL error:  GL_INVALID_OPERATION
12-13 23:35:52.646 I/chatty  ( 1629): uid=1000(system) RenderThread identical 16 lines
12-13 23:35:52.646 E/OpenGLRenderer( 1629): GL error:  GL_INVALID_OPERATION
12-13 23:35:52.646 D/EGL_emulation( 1727): eglMakeCurrent: 0xa0ee72e0: ver 3 0 (tinfo 0xa0efbcd0)
12-13 23:35:52.647 E/OpenGLRenderer( 1629): GL error:  GL_INVALID_OPERATION
12-13 23:35:52.650 I/chatty  ( 1629): uid=1000(system) RenderThread identical 14 lines
12-13 23:35:52.650 E/OpenGLRenderer( 1629): GL error:  GL_INVALID_OPERATION
12-13 23:35:52.650 D/EGL_emulation( 1727): eglMakeCurrent: 0xa0ee72e0: ver 3 0 (tinfo 0xa0efbcd0)
12-13 23:35:52.650 E/OpenGLRenderer( 1629): GL error:  GL_INVALID_OPERATION
12-13 23:35:52.660 I/chatty  ( 1629): uid=1000(system) RenderThread identical 37 lines
12-13 23:35:52.660 E/OpenGLRenderer( 1629): GL error:  GL_INVALID_OPERATION
12-13 23:35:52.664 E/ContentStoreEUAS( 2239): Failed to commit the deferred actions
12-13 23:35:52.664 E/OpenGLRenderer( 1629): GL error:  GL_INVALID_OPERATION
12-13 23:35:52.672 I/chatty  ( 1629): uid=1000(system) RenderThread identical 37 lines
12-13 23:35:52.672 E/OpenGLRenderer( 1629): GL error:  GL_INVALID_OPERATION
12-13 23:35:52.673 D/EGL_emulation( 1727): eglMakeCurrent: 0xa0ee72e0: ver 3 0 (tinfo 0xa0efbcd0)
12-13 23:35:52.673 E/OpenGLRenderer( 1629): GL error:  GL_INVALID_OPERATION
12-13 23:35:52.681 I/chatty  ( 1629): uid=1000(system) RenderThread identical 44 lines
12-13 23:35:52.682 E/OpenGLRenderer( 1629): GL error:  GL_INVALID_OPERATION
12-13 23:35:52.682 D/EGL_emulation( 1727): eglMakeCurrent: 0xa0ee72e0: ver 3 0 (tinfo 0xa0efbcd0)
12-13 23:35:52.682 E/OpenGLRenderer( 1629): GL error:  GL_INVALID_OPERATION
12-13 23:35:52.684 I/chatty  ( 1629): uid=1000(system) RenderThread identical 6 lines
12-13 23:35:52.685 E/OpenGLRenderer( 1629): GL error:  GL_INVALID_OPERATION
12-13 23:35:52.686 D/EGL_emulation( 1727): eglMakeCurrent: 0xa0ee72e0: ver 3 0 (tinfo 0xa0efbcd0)
12-13 23:35:52.686 E/OpenGLRenderer( 1629): GL error:  GL_INVALID_OPERATION
12-13 23:35:52.702 I/chatty  ( 1629): uid=1000(system) RenderThread identical 63 lines
12-13 23:35:52.703 E/OpenGLRenderer( 1629): GL error:  GL_INVALID_OPERATION
12-13 23:35:52.703 D/EGL_emulation( 1727): eglMakeCurrent: 0xa0ee72e0: ver 3 0 (tinfo 0xa0efbcd0)
12-13 23:35:52.703 E/OpenGLRenderer( 1629): GL error:  GL_INVALID_OPERATION
12-13 23:35:52.714 I/chatty  ( 1629): uid=1000(system) RenderThread identical 38 lines
12-13 23:35:52.715 E/OpenGLRenderer( 1629): GL error:  GL_INVALID_OPERATION
12-13 23:35:52.715 E/OpenGLRenderer( 1629): GL error:  GL_INVALID_OPERATION
12-13 23:35:52.715 D/EGL_emulation( 1727): eglMakeCurrent: 0xa0ee72e0: ver 3 0 (tinfo 0xa0efbcd0)
12-13 23:35:52.718 I/chatty  ( 1629): uid=1000(system) RenderThread expire 15 lines
12-13 23:35:52.718 E/OpenGLRenderer( 1629): GL error:  GL_INVALID_OPERATION
12-13 23:35:52.718 D/EGL_emulation( 1727): eglMakeCurrent: 0xa0ee72e0: ver 3 0 (tinfo 0xa0efbcd0)
12-13 23:35:52.718 E/OpenGLRenderer( 1629): GL error:  GL_INVALID_OPERATION
12-13 23:35:52.720 W/ActivityManager( 1629): Bad activity token: android.os.BinderProxy@5834d66
12-13 23:35:52.720 W/ActivityManager( 1629): java.lang.ClassCastException: android.os.BinderProxy cannot be cast to com.android.server.am.ActivityRecord$Token
12-13 23:35:52.720 W/ActivityManager( 1629): 	at com.android.server.am.ActivityRecord.forTokenLocked(ActivityRecord.java:778)
12-13 23:35:52.720 W/ActivityManager( 1629): 	at com.android.server.am.ActivityRecord.isInStackLocked(ActivityRecord.java:2085)
12-13 23:35:52.720 W/ActivityManager( 1629): 	at com.android.server.am.ActivityManagerService.getActivityOptions(ActivityManagerService.java:13302)
12-13 23:35:52.720 W/ActivityManager( 1629): 	at android.app.IActivityManager$Stub.onTransact(IActivityManager.java:2910)
12-13 23:35:52.720 W/ActivityManager( 1629): 	at com.android.server.am.ActivityManagerService.onTransact(ActivityManagerService.java:2935)
12-13 23:35:52.720 W/ActivityManager( 1629): 	at android.os.Binder.execTransact(Binder.java:674)
12-13 23:35:52.720 W/ActivityManager( 1629): Bad activity token: android.os.BinderProxy@5834d66
12-13 23:35:52.720 W/ActivityManager( 1629): java.lang.ClassCastException: android.os.BinderProxy cannot be cast to com.android.server.am.ActivityRecord$Token
12-13 23:35:52.720 W/ActivityManager( 1629): 	at com.android.server.am.ActivityRecord.forTokenLocked(ActivityRecord.java:778)
12-13 23:35:52.720 W/ActivityManager( 1629): 	at com.android.server.am.ActivityRecord.isInStackLocked(ActivityRecord.java:2085)
12-13 23:35:52.720 W/ActivityManager( 1629): 	at com.android.server.am.ActivityManagerService.getActivityOptions(ActivityManagerService.java:13302)
12-13 23:35:52.720 W/ActivityManager( 1629): 	at android.app.IActivityManager$Stub.onTransact(IActivityManager.java:2910)
12-13 23:35:52.720 W/ActivityManager( 1629): 	at com.android.server.am.ActivityManagerService.onTransact(ActivityManagerService.java:2935)
12-13 23:35:52.720 W/ActivityManager( 1629): 	at android.os.Binder.execTransact(Binder.java:674)
12-13 23:35:52.734 I/chatty  ( 1629): uid=1000(system) RenderThread identical 59 lines
12-13 23:35:52.734 E/OpenGLRenderer( 1629): GL error:  GL_INVALID_OPERATION
12-13 23:35:52.734 D/EGL_emulation( 1727): eglMakeCurrent: 0xa0ee72e0: ver 3 0 (tinfo 0xa0efbcd0)
12-13 23:35:52.734 E/OpenGLRenderer( 1629): GL error:  GL_INVALID_OPERATION
12-13 23:35:52.737 I/chatty  ( 1629): uid=1000(system) RenderThread identical 14 lines
12-13 23:35:52.738 E/OpenGLRenderer( 1629): GL error:  GL_INVALID_OPERATION
12-13 23:35:52.738 D/EGL_emulation( 1727): eglMakeCurrent: 0xa0ee72e0: ver 3 0 (tinfo 0xa0efbcd0)
12-13 23:35:52.738 E/OpenGLRenderer( 1629): GL error:  GL_INVALID_OPERATION
12-13 23:35:52.750 I/chatty  ( 1629): uid=1000(system) RenderThread identical 27 lines
12-13 23:35:52.750 E/OpenGLRenderer( 1629): GL error:  GL_INVALID_OPERATION
12-13 23:35:52.751 D/EGL_emulation( 1727): eglMakeCurrent: 0xa0ee72e0: ver 3 0 (tinfo 0xa0efbcd0)
12-13 23:35:52.752 E/OpenGLRenderer( 1629): GL error:  GL_INVALID_OPERATION
12-13 23:35:52.756 I/chatty  ( 1629): uid=1000(system) RenderThread identical 13 lines
12-13 23:35:52.758 E/OpenGLRenderer( 1629): GL error:  GL_INVALID_OPERATION
12-13 23:35:52.760 D/EGL_emulation( 1727): eglMakeCurrent: 0xa0ee72e0: ver 3 0 (tinfo 0xa0efbcd0)
12-13 23:35:52.764 E/OpenGLRenderer( 1629): GL error:  GL_INVALID_OPERATION
12-13 23:35:52.773 I/chatty  ( 1629): uid=1000(system) RenderThread identical 6 lines
12-13 23:35:52.776 E/OpenGLRenderer( 1629): GL error:  GL_INVALID_OPERATION
12-13 23:35:52.789 D/EGL_emulation( 1727): eglMakeCurrent: 0xa0ee72e0: ver 3 0 (tinfo 0xa0efbcd0)
12-13 23:35:52.791 E/OpenGLRenderer( 1629): GL error:  GL_INVALID_OPERATION
12-13 23:35:52.792 E/OpenGLRenderer( 1629): GL error:  GL_INVALID_OPERATION
12-13 23:35:52.793 D/EGL_emulation( 1727): eglMakeCurrent: 0xa0ee72e0: ver 3 0 (tinfo 0xa0efbcd0)
12-13 23:35:52.797 D/EGL_emulation( 1727): eglMakeCurrent: 0xa0ee72e0: ver 3 0 (tinfo 0xa0efbcd0)
12-13 23:35:52.797 E/OpenGLRenderer( 1629): GL error:  GL_INVALID_OPERATION
12-13 23:35:52.820 I/chatty  ( 1629): uid=1000(system) RenderThread identical 83 lines
12-13 23:35:52.823 E/OpenGLRenderer( 1629): GL error:  GL_INVALID_OPERATION
12-13 23:35:52.825 V/StatusBar( 1727): setLightsOn(true)
12-13 23:35:52.833 E/OpenGLRenderer( 1629): GL error:  GL_INVALID_OPERATION
12-13 23:35:52.874 I/chatty  ( 1629): uid=1000(system) RenderThread identical 19 lines
12-13 23:35:52.874 E/OpenGLRenderer( 1629): GL error:  GL_INVALID_OPERATION
12-13 23:35:52.874 V/StatusBar( 1727): setLightsOn(true)
12-13 23:35:52.874 E/OpenGLRenderer( 1629): GL error:  GL_INVALID_OPERATION
12-13 23:35:52.878 I/chatty  ( 1629): uid=1000(system) RenderThread identical 13 lines
12-13 23:35:52.878 E/OpenGLRenderer( 1629): GL error:  GL_INVALID_OPERATION
12-13 23:35:52.878 V/StatusBar( 1727): setLightsOn(true)
12-13 23:35:52.878 E/OpenGLRenderer( 1629): GL error:  GL_INVALID_OPERATION
12-13 23:35:52.878 I/chatty  ( 1629): uid=1000(system) RenderThread identical 2 lines
12-13 23:35:52.878 E/OpenGLRenderer( 1629): GL error:  GL_INVALID_OPERATION
12-13 23:35:52.879 V/StatusBar( 1727): setLightsOn(true)
12-13 23:35:52.887 E/OpenGLRenderer( 1629): GL error:  GL_INVALID_OPERATION
12-13 23:35:52.888 I/chatty  ( 1629): uid=1000(system) RenderThread identical 2 lines
12-13 23:35:52.889 E/OpenGLRenderer( 1629): GL error:  GL_INVALID_OPERATION
12-13 23:35:52.891 I/zygote  ( 4584): Do partial code cache collection, code=25KB, data=30KB
12-13 23:35:52.891 E/OpenGLRenderer( 1629): GL error:  GL_INVALID_OPERATION
12-13 23:35:52.894 I/chatty  ( 1629): uid=1000(system) RenderThread identical 5 lines
12-13 23:35:52.894 E/OpenGLRenderer( 1629): GL error:  GL_INVALID_OPERATION
12-13 23:35:52.894 I/zygote  ( 4584): After code cache collection, code=25KB, data=30KB
12-13 23:35:52.894 I/zygote  ( 4584): Increasing code cache capacity to 128KB
12-13 23:35:52.895 E/OpenGLRenderer( 1629): GL error:  GL_INVALID_OPERATION
12-13 23:35:52.935 I/chatty  ( 1629): uid=1000(system) RenderThread identical 101 lines
12-13 23:35:52.935 E/OpenGLRenderer( 1629): GL error:  GL_INVALID_OPERATION
12-13 23:35:52.936 D/gralloc_ranchu( 1396): gralloc_alloc: Creating ashmem region of size 7753728
12-13 23:35:52.936 E/OpenGLRenderer( 1629): GL error:  GL_INVALID_OPERATION
12-13 23:35:52.949 I/chatty  ( 1629): uid=1000(system) RenderThread identical 45 lines
12-13 23:35:52.950 E/OpenGLRenderer( 1629): GL error:  GL_INVALID_OPERATION
12-13 23:35:52.950 I/zygote  ( 4584): Background concurrent copying GC freed 22217(1074KB) AllocSpace objects, 9(180KB) LOS objects, 61% free, 967KB/2MB, paused 8.866ms total 31.253ms
12-13 23:35:52.952 E/OpenGLRenderer( 1629): GL error:  GL_INVALID_OPERATION
12-13 23:35:52.957 I/chatty  ( 1629): uid=1000(system) RenderThread identical 3 lines
12-13 23:35:52.969 E/OpenGLRenderer( 1629): GL error:  GL_INVALID_OPERATION
12-13 23:35:52.969 D/        ( 4584): HostConnection::get() New Host Connection established 0xa0db0cc0, tid 4584
12-13 23:35:52.969 E/OpenGLRenderer( 1629): GL error:  GL_INVALID_OPERATION
12-13 23:35:52.987 I/chatty  ( 1629): uid=1000(system) RenderThread identical 47 lines
12-13 23:35:52.987 E/OpenGLRenderer( 1629): GL error:  GL_INVALID_OPERATION
12-13 23:35:53.003 I/zygote  ( 4584): Do partial code cache collection, code=25KB, data=51KB
12-13 23:35:53.003 E/OpenGLRenderer( 1629): GL error:  GL_INVALID_OPERATION
12-13 23:35:53.004 I/zygote  ( 4584): After code cache collection, code=25KB, data=51KB
12-13 23:35:53.004 I/zygote  ( 4584): Increasing code cache capacity to 256KB
12-13 23:35:53.004 E/OpenGLRenderer( 1629): GL error:  GL_INVALID_OPERATION
12-13 23:35:53.004 E/OpenGLRenderer( 1629): GL error:  GL_INVALID_OPERATION
12-13 23:35:53.010 I/zygote  ( 4584): JIT allocated 71KB for compiled code of void android.widget.TextView.<init>(android.content.Context, android.util.AttributeSet, int, int)
12-13 23:35:53.011 I/zygote  ( 4584): Compiler allocated 4MB to compile void android.widget.TextView.<init>(android.content.Context, android.util.AttributeSet, int, int)
12-13 23:35:53.019 E/OpenGLRenderer( 1629): GL error:  GL_INVALID_OPERATION
12-13 23:35:53.020 I/chatty  ( 1629): uid=1000(system) RenderThread identical 10 lines
12-13 23:35:53.021 E/OpenGLRenderer( 1629): GL error:  GL_INVALID_OPERATION
12-13 23:35:53.022 E/OpenGLRenderer( 1629): GL error:  GL_INVALID_OPERATION
12-13 23:35:53.026 V/StatusBar( 1727): setLightsOn(true)
12-13 23:35:53.029 V/StatusBar( 1727): setLightsOn(true)
12-13 23:35:53.031 I/ActivityManager( 1629): Displayed com.evancharlton.mileage/.Mileage: +530ms
12-13 23:35:53.036 D/gralloc_ranchu( 1396): gralloc_alloc: Creating ashmem region of size 7753728
12-13 23:35:53.036 E/OpenGLRenderer( 1629): GL error:  GL_INVALID_OPERATION
12-13 23:35:53.036 E/OpenGLRenderer( 1629): GL error:  GL_INVALID_OPERATION
12-13 23:35:53.041 I/chatty  ( 1629): uid=1000(system) RenderThread identical 13 lines
12-13 23:35:53.042 E/OpenGLRenderer( 1629): GL error:  GL_INVALID_OPERATION
12-13 23:35:53.042 V/StatusBar( 1727): setLightsOn(true)
12-13 23:35:53.042 E/OpenGLRenderer( 1629): GL error:  GL_INVALID_OPERATION
12-13 23:35:53.211 I/chatty  ( 1629): uid=1000(system) RenderThread identical 682 lines
12-13 23:35:53.211 E/OpenGLRenderer( 1629): GL error:  GL_INVALID_OPERATION
12-13 23:35:53.212 V/StatusBar( 1727): setLightsOn(true)
12-13 23:35:53.212 E/OpenGLRenderer( 1629): GL error:  GL_INVALID_OPERATION
12-13 23:35:53.215 I/chatty  ( 1629): uid=1000(system) RenderThread identical 14 lines
12-13 23:35:53.215 E/OpenGLRenderer( 1629): GL error:  GL_INVALID_OPERATION
12-13 23:35:53.216 I/System.out( 4584): URI: //gesture
12-13 23:35:53.216 E/OpenGLRenderer( 1629): GL error:  GL_INVALID_OPERATION
12-13 23:35:53.216 I/System.out( 4584): params: {json={"query_timeout":5.0,"gestures":[{"query_string":"android.widget.TabWidget descendant TextView index:1","touches":[{"x":50,"y":50,"offset_x":0,"offset_y":0,"wait":0.0,"time":0.2,"release":true,"query_string":null}]}]}
12-13 23:35:53.216 I/System.out( 4584): }
12-13 23:35:53.216 E/OpenGLRenderer( 1629): GL error:  GL_INVALID_OPERATION
12-13 23:35:53.239 I/chatty  ( 1629): uid=1000(system) RenderThread identical 108 lines
12-13 23:35:53.240 E/OpenGLRenderer( 1629): GL error:  GL_INVALID_OPERATION
12-13 23:35:53.241 V/StatusBar( 1727): setLightsOn(true)
12-13 23:35:53.241 E/OpenGLRenderer( 1629): GL error:  GL_INVALID_OPERATION
12-13 23:35:53.304 I/chatty  ( 1629): uid=1000(system) RenderThread identical 294 lines
12-13 23:35:53.304 E/OpenGLRenderer( 1629): GL error:  GL_INVALID_OPERATION
12-13 23:35:53.307 V/StatusBar( 1727): setLightsOn(true)
12-13 23:35:53.307 E/OpenGLRenderer( 1629): GL error:  GL_INVALID_OPERATION
12-13 23:35:53.307 V/StatusBar( 1727): setLightsOn(true)
12-13 23:35:53.309 E/OpenGLRenderer( 1629): GL error:  GL_INVALID_OPERATION
12-13 23:35:53.325 I/chatty  ( 1629): uid=1000(system) RenderThread identical 49 lines
12-13 23:35:53.326 E/OpenGLRenderer( 1629): GL error:  GL_INVALID_OPERATION
12-13 23:35:53.327 V/StatusBar( 1727): setLightsOn(true)
12-13 23:35:53.328 E/OpenGLRenderer( 1629): GL error:  GL_INVALID_OPERATION
12-13 23:35:53.337 I/chatty  ( 1629): uid=1000(system) RenderThread identical 36 lines
12-13 23:35:53.338 E/OpenGLRenderer( 1629): GL error:  GL_INVALID_OPERATION
12-13 23:35:53.338 W/SurfaceFlinger( 1408): couldn't log to binary event log: overflow.
12-13 23:35:53.339 E/OpenGLRenderer( 1629): GL error:  GL_INVALID_OPERATION
12-13 23:35:53.427 I/chatty  ( 1629): uid=1000(system) RenderThread identical 365 lines
12-13 23:35:53.427 I/PBSessionCacheImpl( 2239): Deleted sessionId[2902297228425] from persistence.
12-13 23:35:53.427 E/OpenGLRenderer( 1629): GL error:  GL_INVALID_OPERATION
12-13 23:35:53.427 E/OpenGLRenderer( 1629): GL error:  GL_INVALID_OPERATION
12-13 23:35:53.496 I/chatty  ( 1629): uid=1000(system) RenderThread identical 205 lines
12-13 23:35:53.496 E/OpenGLRenderer( 1629): GL error:  GL_INVALID_OPERATION
12-13 23:35:53.496 W/SearchService( 2239): Abort, client detached.
12-13 23:35:53.497 E/OpenGLRenderer( 1629): GL error:  GL_INVALID_OPERATION
12-13 23:35:53.499 I/chatty  ( 1629): uid=1000(system) RenderThread identical 7 lines
12-13 23:35:53.499 E/OpenGLRenderer( 1629): GL error:  GL_INVALID_OPERATION
12-13 23:35:53.499 I/zygote  ( 4584): Do full code cache collection, code=124KB, data=76KB
12-13 23:35:53.500 E/OpenGLRenderer( 1629): GL error:  GL_INVALID_OPERATION
12-13 23:35:53.500 E/OpenGLRenderer( 1629): GL error:  GL_INVALID_OPERATION
12-13 23:35:53.500 I/zygote  ( 4584): After code cache collection, code=114KB, data=53KB
12-13 23:35:53.500 E/OpenGLRenderer( 1629): GL error:  GL_INVALID_OPERATION
12-13 23:35:53.659 I/chatty  ( 1629): uid=1000(system) RenderThread identical 525 lines
12-13 23:35:53.659 E/OpenGLRenderer( 1629): GL error:  GL_INVALID_OPERATION
12-13 23:35:53.660 W/audio_hw_generic( 1390): Not supplying enough data to HAL, expected position 600612 , only wrote 600480
12-13 23:35:53.660 E/OpenGLRenderer( 1629): GL error:  GL_INVALID_OPERATION
12-13 23:35:53.667 W/ActivityManager( 1629): Bad activity token: android.os.BinderProxy@68e9784
12-13 23:35:53.667 W/ActivityManager( 1629): java.lang.ClassCastException: android.os.BinderProxy cannot be cast to com.android.server.am.ActivityRecord$Token
12-13 23:35:53.667 W/ActivityManager( 1629): 	at com.android.server.am.ActivityRecord.forTokenLocked(ActivityRecord.java:778)
12-13 23:35:53.667 W/ActivityManager( 1629): 	at com.android.server.am.ActivityRecord.isInStackLocked(ActivityRecord.java:2085)
12-13 23:35:53.667 W/ActivityManager( 1629): 	at com.android.server.am.ActivityRecord.getStackLocked(ActivityRecord.java:2090)
12-13 23:35:53.667 W/ActivityManager( 1629): 	at com.android.server.am.ActivityManagerService.getActivityDisplayId(ActivityManagerService.java:10406)
12-13 23:35:53.667 W/ActivityManager( 1629): 	at android.app.IActivityManager$Stub.onTransact(IActivityManager.java:2738)
12-13 23:35:53.667 W/ActivityManager( 1629): 	at com.android.server.am.ActivityManagerService.onTransact(ActivityManagerService.java:2935)
12-13 23:35:53.667 W/ActivityManager( 1629): 	at android.os.Binder.execTransact(Binder.java:674)
12-13 23:35:53.668 I/chatty  ( 1629): uid=1000(system) RenderThread identical 30 lines
12-13 23:35:53.668 E/OpenGLRenderer( 1629): GL error:  GL_INVALID_OPERATION
12-13 23:35:53.668 I/calabash( 4584): newActivity1
12-13 23:35:53.669 E/OpenGLRenderer( 1629): GL error:  GL_INVALID_OPERATION
12-13 23:35:53.672 W/ActivityManager( 1629): Bad activity token: android.os.BinderProxy@68e9784
12-13 23:35:53.672 W/ActivityManager( 1629): java.lang.ClassCastException: android.os.BinderProxy cannot be cast to com.android.server.am.ActivityRecord$Token
12-13 23:35:53.672 W/ActivityManager( 1629): 	at com.android.server.am.ActivityRecord.forTokenLocked(ActivityRecord.java:778)
12-13 23:35:53.672 W/ActivityManager( 1629): 	at com.android.server.am.ActivityRecord.isInStackLocked(ActivityRecord.java:2085)
12-13 23:35:53.672 W/ActivityManager( 1629): 	at com.android.server.am.ActivityManagerService.setTaskDescription(ActivityManagerService.java:9988)
12-13 23:35:53.672 W/ActivityManager( 1629): 	at android.app.IActivityManager$Stub.onTransact(IActivityManager.java:2824)
12-13 23:35:53.672 W/ActivityManager( 1629): 	at com.android.server.am.ActivityManagerService.onTransact(ActivityManagerService.java:2935)
12-13 23:35:53.672 W/ActivityManager( 1629): 	at android.os.Binder.execTransact(Binder.java:674)
12-13 23:35:53.673 W/ActivityManager( 1629): Bad activity token: android.os.BinderProxy@68e9784
12-13 23:35:53.673 W/ActivityManager( 1629): java.lang.ClassCastException: android.os.BinderProxy cannot be cast to com.android.server.am.ActivityRecord$Token
12-13 23:35:53.673 W/ActivityManager( 1629): 	at com.android.server.am.ActivityRecord.forTokenLocked(ActivityRecord.java:778)
12-13 23:35:53.673 W/ActivityManager( 1629): 	at com.android.server.am.ActivityRecord.isInStackLocked(ActivityRecord.java:2085)
12-13 23:35:53.673 W/ActivityManager( 1629): 	at com.android.server.am.ActivityRecord.getStackLocked(ActivityRecord.java:2090)
12-13 23:35:53.673 W/ActivityManager( 1629): 	at com.android.server.am.ActivityManagerService.getActivityStackId(ActivityManagerService.java:10417)
12-13 23:35:53.673 W/ActivityManager( 1629): 	at android.app.IActivityManager$Stub.onTransact(IActivityManager.java:3548)
12-13 23:35:53.673 W/ActivityManager( 1629): 	at com.android.server.am.ActivityManagerService.onTransact(ActivityManagerService.java:2935)
12-13 23:35:53.673 W/ActivityManager( 1629): 	at android.os.Binder.execTransact(Binder.java:674)
12-13 23:35:53.764 W/ActivityManager( 1629): Bad activity token: android.os.BinderProxy@68e9784
12-13 23:35:53.764 W/ActivityManager( 1629): java.lang.ClassCastException: android.os.BinderProxy cannot be cast to com.android.server.am.ActivityRecord$Token
12-13 23:35:53.764 W/ActivityManager( 1629): 	at com.android.server.am.ActivityRecord.forTokenLocked(ActivityRecord.java:778)
12-13 23:35:53.764 W/ActivityManager( 1629): 	at com.android.server.am.ActivityRecord.isInStackLocked(ActivityRecord.java:2085)
12-13 23:35:53.764 W/ActivityManager( 1629): 	at com.android.server.am.ActivityManagerService.getActivityOptions(ActivityManagerService.java:13302)
12-13 23:35:53.764 W/ActivityManager( 1629): 	at android.app.IActivityManager$Stub.onTransact(IActivityManager.java:2910)
12-13 23:35:53.764 W/ActivityManager( 1629): 	at com.android.server.am.ActivityManagerService.onTransact(ActivityManagerService.java:2935)
12-13 23:35:53.764 W/ActivityManager( 1629): 	at android.os.Binder.execTransact(Binder.java:674)
12-13 23:35:53.765 W/ActivityManager( 1629): Bad activity token: android.os.BinderProxy@68e9784
12-13 23:35:53.765 W/ActivityManager( 1629): java.lang.ClassCastException: android.os.BinderProxy cannot be cast to com.android.server.am.ActivityRecord$Token
12-13 23:35:53.765 W/ActivityManager( 1629): 	at com.android.server.am.ActivityRecord.forTokenLocked(ActivityRecord.java:778)
12-13 23:35:53.765 W/ActivityManager( 1629): 	at com.android.server.am.ActivityRecord.isInStackLocked(ActivityRecord.java:2085)
12-13 23:35:53.765 W/ActivityManager( 1629): 	at com.android.server.am.ActivityManagerService.getActivityOptions(ActivityManagerService.java:13302)
12-13 23:35:53.765 W/ActivityManager( 1629): 	at android.app.IActivityManager$Stub.onTransact(IActivityManager.java:2910)
12-13 23:35:53.765 W/ActivityManager( 1629): 	at com.android.server.am.ActivityManagerService.onTransact(ActivityManagerService.java:2935)
12-13 23:35:53.765 W/ActivityManager( 1629): 	at android.os.Binder.execTransact(Binder.java:674)
12-13 23:35:53.840 I/chatty  ( 1629): uid=1000(system) RenderThread identical 533 lines
12-13 23:35:53.841 E/OpenGLRenderer( 1629): GL error:  GL_INVALID_OPERATION
12-13 23:35:53.842 D/gralloc_ranchu( 1396): gralloc_alloc: Creating ashmem region of size 7753728
12-13 23:35:53.842 E/OpenGLRenderer( 1629): GL error:  GL_INVALID_OPERATION
12-13 23:35:53.892 I/chatty  ( 1629): uid=1000(system) RenderThread identical 140 lines
12-13 23:35:53.892 E/OpenGLRenderer( 1629): GL error:  GL_INVALID_OPERATION
12-13 23:35:53.892 D/Mileage ( 4584): Not enough fillups to calculate economy
12-13 23:35:53.893 E/OpenGLRenderer( 1629): GL error:  GL_INVALID_OPERATION
12-13 23:35:54.085 I/chatty  ( 1629): uid=1000(system) RenderThread identical 413 lines
12-13 23:35:54.086 I/zygote  ( 4584): Do partial code cache collection, code=124KB, data=65KB
12-13 23:35:54.086 E/OpenGLRenderer( 1629): GL error:  GL_INVALID_OPERATION
12-13 23:35:54.086 I/zygote  ( 4584): After code cache collection, code=124KB, data=65KB
12-13 23:35:54.086 I/zygote  ( 4584): Increasing code cache capacity to 512KB
12-13 23:35:54.086 E/OpenGLRenderer( 1629): GL error:  GL_INVALID_OPERATION
12-13 23:35:54.262 I/chatty  ( 1629): uid=1000(system) RenderThread identical 574 lines
12-13 23:35:54.262 E/OpenGLRenderer( 1629): GL error:  GL_INVALID_OPERATION
12-13 23:35:54.262 E/SurfaceFlinger( 1408): ro.sf.lcd_density must be defined as a build property
12-13 23:35:54.262 E/OpenGLRenderer( 1629): GL error:  GL_INVALID_OPERATION
12-13 23:35:54.272 I/chatty  ( 1629): uid=1000(system) RenderThread identical 14 lines
12-13 23:35:54.273 E/OpenGLRenderer( 1629): GL error:  GL_INVALID_OPERATION
12-13 23:35:54.273 D/gralloc_ranchu( 1396): gralloc_alloc: Creating ashmem region of size 8298496
12-13 23:35:54.273 E/OpenGLRenderer( 1629): GL error:  GL_INVALID_OPERATION
12-13 23:35:54.282 I/chatty  ( 1629): uid=1000(system) RenderThread identical 21 lines
12-13 23:35:54.282 D/        ( 4629): HostConnection::get() New Host Connection established 0xa6caf800, tid 4629
12-13 23:35:54.282 E/OpenGLRenderer( 1629): GL error:  GL_INVALID_OPERATION
12-13 23:35:54.282 E/OpenGLRenderer( 1629): GL error:  GL_INVALID_OPERATION
12-13 23:35:54.679 I/chatty  ( 1629): uid=1000(system) RenderThread identical 870 lines
12-13 23:35:54.680 E/OpenGLRenderer( 1629): GL error:  GL_INVALID_OPERATION
12-13 23:35:54.680 I/System.out( 4584): URI: //gesture
12-13 23:35:54.680 E/OpenGLRenderer( 1629): GL error:  GL_INVALID_OPERATION
12-13 23:35:54.680 I/System.out( 4584): params: {json={"query_timeout":5.0,"gestures":[{"query_string":"android.widget.TabWidget descendant TextView index:3","touches":[{"x":50,"y":50,"offset_x":0,"offset_y":0,"wait":0.0,"time":0.2,"release":true,"query_string":null}]}]}
12-13 23:35:54.680 I/System.out( 4584): }
12-13 23:35:54.680 E/OpenGLRenderer( 1629): GL error:  GL_INVALID_OPERATION
12-13 23:35:55.089 W/ActivityManager( 1629): Bad activity token: android.os.BinderProxy@6ac8508
12-13 23:35:55.089 W/ActivityManager( 1629): java.lang.ClassCastException: android.os.BinderProxy cannot be cast to com.android.server.am.ActivityRecord$Token
12-13 23:35:55.089 W/ActivityManager( 1629): 	at com.android.server.am.ActivityRecord.forTokenLocked(ActivityRecord.java:778)
12-13 23:35:55.089 W/ActivityManager( 1629): 	at com.android.server.am.ActivityRecord.isInStackLocked(ActivityRecord.java:2085)
12-13 23:35:55.089 W/ActivityManager( 1629): 	at com.android.server.am.ActivityRecord.getStackLocked(ActivityRecord.java:2090)
12-13 23:35:55.089 W/ActivityManager( 1629): 	at com.android.server.am.ActivityManagerService.getActivityDisplayId(ActivityManagerService.java:10406)
12-13 23:35:55.089 W/ActivityManager( 1629): 	at android.app.IActivityManager$Stub.onTransact(IActivityManager.java:2738)
12-13 23:35:55.089 W/ActivityManager( 1629): 	at com.android.server.am.ActivityManagerService.onTransact(ActivityManagerService.java:2935)
12-13 23:35:55.089 W/ActivityManager( 1629): 	at android.os.Binder.execTransact(Binder.java:674)
12-13 23:35:55.091 I/chatty  ( 1629): uid=1000(system) RenderThread identical 1288 lines
12-13 23:35:55.091 E/OpenGLRenderer( 1629): GL error:  GL_INVALID_OPERATION
12-13 23:35:55.091 I/calabash( 4584): newActivity1
12-13 23:35:55.091 E/OpenGLRenderer( 1629): GL error:  GL_INVALID_OPERATION
12-13 23:35:55.102 W/ActivityManager( 1629): Bad activity token: android.os.BinderProxy@6ac8508
12-13 23:35:55.102 W/ActivityManager( 1629): java.lang.ClassCastException: android.os.BinderProxy cannot be cast to com.android.server.am.ActivityRecord$Token
12-13 23:35:55.102 W/ActivityManager( 1629): 	at com.android.server.am.ActivityRecord.forTokenLocked(ActivityRecord.java:778)
12-13 23:35:55.102 W/ActivityManager( 1629): 	at com.android.server.am.ActivityRecord.isInStackLocked(ActivityRecord.java:2085)
12-13 23:35:55.102 W/ActivityManager( 1629): 	at com.android.server.am.ActivityManagerService.setTaskDescription(ActivityManagerService.java:9988)
12-13 23:35:55.102 W/ActivityManager( 1629): 	at android.app.IActivityManager$Stub.onTransact(IActivityManager.java:2824)
12-13 23:35:55.102 W/ActivityManager( 1629): 	at com.android.server.am.ActivityManagerService.onTransact(ActivityManagerService.java:2935)
12-13 23:35:55.102 W/ActivityManager( 1629): 	at android.os.Binder.execTransact(Binder.java:674)
12-13 23:35:55.104 W/ActivityManager( 1629): Bad activity token: android.os.BinderProxy@6ac8508
12-13 23:35:55.104 W/ActivityManager( 1629): java.lang.ClassCastException: android.os.BinderProxy cannot be cast to com.android.server.am.ActivityRecord$Token
12-13 23:35:55.104 W/ActivityManager( 1629): 	at com.android.server.am.ActivityRecord.forTokenLocked(ActivityRecord.java:778)
12-13 23:35:55.104 W/ActivityManager( 1629): 	at com.android.server.am.ActivityRecord.isInStackLocked(ActivityRecord.java:2085)
12-13 23:35:55.104 W/ActivityManager( 1629): 	at com.android.server.am.ActivityRecord.getStackLocked(ActivityRecord.java:2090)
12-13 23:35:55.104 W/ActivityManager( 1629): 	at com.android.server.am.ActivityManagerService.getActivityStackId(ActivityManagerService.java:10417)
12-13 23:35:55.104 W/ActivityManager( 1629): 	at android.app.IActivityManager$Stub.onTransact(IActivityManager.java:3548)
12-13 23:35:55.104 W/ActivityManager( 1629): 	at com.android.server.am.ActivityManagerService.onTransact(ActivityManagerService.java:2935)
12-13 23:35:55.104 W/ActivityManager( 1629): 	at android.os.Binder.execTransact(Binder.java:674)
12-13 23:35:55.119 W/ActivityManager( 1629): Bad activity token: android.os.BinderProxy@6ac8508
12-13 23:35:55.119 W/ActivityManager( 1629): java.lang.ClassCastException: android.os.BinderProxy cannot be cast to com.android.server.am.ActivityRecord$Token
12-13 23:35:55.119 W/ActivityManager( 1629): 	at com.android.server.am.ActivityRecord.forTokenLocked(ActivityRecord.java:778)
12-13 23:35:55.119 W/ActivityManager( 1629): 	at com.android.server.am.ActivityRecord.isInStackLocked(ActivityRecord.java:2085)
12-13 23:35:55.119 W/ActivityManager( 1629): 	at com.android.server.am.ActivityManagerService.getActivityOptions(ActivityManagerService.java:13302)
12-13 23:35:55.119 W/ActivityManager( 1629): 	at android.app.IActivityManager$Stub.onTransact(IActivityManager.java:2910)
12-13 23:35:55.119 W/ActivityManager( 1629): 	at com.android.server.am.ActivityManagerService.onTransact(ActivityManagerService.java:2935)
12-13 23:35:55.119 W/ActivityManager( 1629): 	at android.os.Binder.execTransact(Binder.java:674)
12-13 23:35:55.120 W/ActivityManager( 1629): Bad activity token: android.os.BinderProxy@6ac8508
12-13 23:35:55.120 W/ActivityManager( 1629): java.lang.ClassCastException: android.os.BinderProxy cannot be cast to com.android.server.am.ActivityRecord$Token
12-13 23:35:55.120 W/ActivityManager( 1629): 	at com.android.server.am.ActivityRecord.forTokenLocked(ActivityRecord.java:778)
12-13 23:35:55.120 W/ActivityManager( 1629): 	at com.android.server.am.ActivityRecord.isInStackLocked(ActivityRecord.java:2085)
12-13 23:35:55.120 W/ActivityManager( 1629): 	at com.android.server.am.ActivityManagerService.getActivityOptions(ActivityManagerService.java:13302)
12-13 23:35:55.120 W/ActivityManager( 1629): 	at android.app.IActivityManager$Stub.onTransact(IActivityManager.java:2910)
12-13 23:35:55.120 W/ActivityManager( 1629): 	at com.android.server.am.ActivityManagerService.onTransact(ActivityManagerService.java:2935)
12-13 23:35:55.120 W/ActivityManager( 1629): 	at android.os.Binder.execTransact(Binder.java:674)
12-13 23:35:55.474 I/chatty  ( 1629): uid=1000(system) RenderThread identical 1223 lines
12-13 23:35:55.475 E/OpenGLRenderer( 1629): GL error:  GL_INVALID_OPERATION
12-13 23:35:55.475 E/SurfaceFlinger( 1408): ro.sf.lcd_density must be defined as a build property
12-13 23:35:55.475 E/OpenGLRenderer( 1629): GL error:  GL_INVALID_OPERATION
12-13 23:35:55.487 I/chatty  ( 1629): uid=1000(system) RenderThread identical 47 lines
12-13 23:35:55.487 E/OpenGLRenderer( 1629): GL error:  GL_INVALID_OPERATION
12-13 23:35:55.487 D/gralloc_ranchu( 1396): gralloc_alloc: Creating ashmem region of size 8298496
12-13 23:35:55.487 E/OpenGLRenderer( 1629): GL error:  GL_INVALID_OPERATION
12-13 23:35:55.496 I/chatty  ( 1629): uid=1000(system) RenderThread identical 24 lines
12-13 23:35:55.497 E/OpenGLRenderer( 1629): GL error:  GL_INVALID_OPERATION
12-13 23:35:55.497 D/        ( 4635): HostConnection::get() New Host Connection established 0xab12f800, tid 4635
12-13 23:35:55.497 E/OpenGLRenderer( 1629): GL error:  GL_INVALID_OPERATION
12-13 23:35:55.508 E/TaskPersister( 1629): File error accessing recents directory (directory doesn't exist?).
12-13 23:35:56.075 I/chatty  ( 1629): uid=1000(system) RenderThread identical 1586 lines
12-13 23:35:56.076 E/OpenGLRenderer( 1629): GL error:  GL_INVALID_OPERATION
12-13 23:35:56.076 I/System.out( 4584): URI: //gesture
12-13 23:35:56.076 I/System.out( 4584): params: {json={"query_timeout":5.0,"gestures":[{"query_string":"android.widget.TabWidget descendant TextView index:2","touches":[{"x":50,"y":50,"offset_x":0,"offset_y":0,"wait":0.0,"time":0.2,"release":true,"query_string":null}]}]}
12-13 23:35:56.076 I/System.out( 4584): }
12-13 23:35:56.076 E/OpenGLRenderer( 1629): GL error:  GL_INVALID_OPERATION
12-13 23:35:56.492 W/ActivityManager( 1629): Bad activity token: android.os.BinderProxy@1d59423
12-13 23:35:56.492 W/ActivityManager( 1629): java.lang.ClassCastException: android.os.BinderProxy cannot be cast to com.android.server.am.ActivityRecord$Token
12-13 23:35:56.492 W/ActivityManager( 1629): 	at com.android.server.am.ActivityRecord.forTokenLocked(ActivityRecord.java:778)
12-13 23:35:56.492 W/ActivityManager( 1629): 	at com.android.server.am.ActivityRecord.isInStackLocked(ActivityRecord.java:2085)
12-13 23:35:56.492 W/ActivityManager( 1629): 	at com.android.server.am.ActivityRecord.getStackLocked(ActivityRecord.java:2090)
12-13 23:35:56.492 W/ActivityManager( 1629): 	at com.android.server.am.ActivityManagerService.getActivityDisplayId(ActivityManagerService.java:10406)
12-13 23:35:56.492 W/ActivityManager( 1629): 	at android.app.IActivityManager$Stub.onTransact(IActivityManager.java:2738)
12-13 23:35:56.492 W/ActivityManager( 1629): 	at com.android.server.am.ActivityManagerService.onTransact(ActivityManagerService.java:2935)
12-13 23:35:56.492 W/ActivityManager( 1629): 	at android.os.Binder.execTransact(Binder.java:674)
12-13 23:35:56.494 I/chatty  ( 1629): uid=1000(system) RenderThread identical 1398 lines
12-13 23:35:56.494 E/OpenGLRenderer( 1629): GL error:  GL_INVALID_OPERATION
12-13 23:35:56.494 I/calabash( 4584): newActivity1
12-13 23:35:56.494 E/OpenGLRenderer( 1629): GL error:  GL_INVALID_OPERATION
12-13 23:35:56.576 I/chatty  ( 1629): uid=1000(system) RenderThread identical 215 lines
12-13 23:35:56.577 E/OpenGLRenderer( 1629): GL error:  GL_INVALID_OPERATION
12-13 23:35:56.579 I/zygote  ( 4584): Background concurrent copying GC freed 40231(1380KB) AllocSpace objects, 4(80KB) LOS objects, 50% free, 2010KB/3MB, paused 374us total 117.306ms
12-13 23:35:56.580 E/OpenGLRenderer( 1629): GL error:  GL_INVALID_OPERATION
12-13 23:35:56.677 W/ActivityManager( 1629): Bad activity token: android.os.BinderProxy@1d59423
12-13 23:35:56.677 W/ActivityManager( 1629): java.lang.ClassCastException: android.os.BinderProxy cannot be cast to com.android.server.am.ActivityRecord$Token
12-13 23:35:56.677 W/ActivityManager( 1629): 	at com.android.server.am.ActivityRecord.forTokenLocked(ActivityRecord.java:778)
12-13 23:35:56.677 W/ActivityManager( 1629): 	at com.android.server.am.ActivityRecord.isInStackLocked(ActivityRecord.java:2085)
12-13 23:35:56.677 W/ActivityManager( 1629): 	at com.android.server.am.ActivityManagerService.setTaskDescription(ActivityManagerService.java:9988)
12-13 23:35:56.677 W/ActivityManager( 1629): 	at android.app.IActivityManager$Stub.onTransact(IActivityManager.java:2824)
12-13 23:35:56.677 W/ActivityManager( 1629): 	at com.android.server.am.ActivityManagerService.onTransact(ActivityManagerService.java:2935)
12-13 23:35:56.677 W/ActivityManager( 1629): 	at android.os.Binder.execTransact(Binder.java:674)
12-13 23:35:56.693 W/ActivityManager( 1629): Bad activity token: android.os.BinderProxy@1d59423
12-13 23:35:56.693 W/ActivityManager( 1629): java.lang.ClassCastException: android.os.BinderProxy cannot be cast to com.android.server.am.ActivityRecord$Token
12-13 23:35:56.693 W/ActivityManager( 1629): 	at com.android.server.am.ActivityRecord.forTokenLocked(ActivityRecord.java:778)
12-13 23:35:56.693 W/ActivityManager( 1629): 	at com.android.server.am.ActivityRecord.isInStackLocked(ActivityRecord.java:2085)
12-13 23:35:56.693 W/ActivityManager( 1629): 	at com.android.server.am.ActivityRecord.getStackLocked(ActivityRecord.java:2090)
12-13 23:35:56.693 W/ActivityManager( 1629): 	at com.android.server.am.ActivityManagerService.getActivityStackId(ActivityManagerService.java:10417)
12-13 23:35:56.693 W/ActivityManager( 1629): 	at android.app.IActivityManager$Stub.onTransact(IActivityManager.java:3548)
12-13 23:35:56.693 W/ActivityManager( 1629): 	at com.android.server.am.ActivityManagerService.onTransact(ActivityManagerService.java:2935)
12-13 23:35:56.693 W/ActivityManager( 1629): 	at android.os.Binder.execTransact(Binder.java:674)
12-13 23:35:56.772 I/chatty  ( 1629): uid=1000(system) RenderThread identical 334 lines
12-13 23:35:56.773 E/OpenGLRenderer( 1629): GL error:  GL_INVALID_OPERATION
12-13 23:35:56.773 I/qemu-props( 1403): start adbd ...
12-13 23:35:56.773 E/OpenGLRenderer( 1629): GL error:  GL_INVALID_OPERATION
12-13 23:35:56.787 I/chatty  ( 1629): uid=1000(system) RenderThread identical 8 lines
12-13 23:35:56.787 E/OpenGLRenderer( 1629): GL error:  GL_INVALID_OPERATION
12-13 23:35:56.789 D/VehicleStatisticsActivity( 4584): Checking recalculation ...
12-13 23:35:56.789 E/OpenGLRenderer( 1629): GL error:  GL_INVALID_OPERATION
12-13 23:35:56.790 E/OpenGLRenderer( 1629): GL error:  GL_INVALID_OPERATION
12-13 23:35:56.792 D/VehicleStatisticsActivity( 4584): Recalculating statistics
12-13 23:35:56.792 D/VehicleStatisticsTask( 4584): Calculation starting...
12-13 23:35:56.792 E/OpenGLRenderer( 1629): GL error:  GL_INVALID_OPERATION
12-13 23:35:56.793 E/OpenGLRenderer( 1629): GL error:  GL_INVALID_OPERATION
12-13 23:35:56.793 D/VehicleStatisticsActivity( 4584): Recalculation started!
12-13 23:35:56.795 E/OpenGLRenderer( 1629): GL error:  GL_INVALID_OPERATION
12-13 23:35:56.797 W/ActivityManager( 1629): Bad activity token: android.os.BinderProxy@1d59423
12-13 23:35:56.797 W/ActivityManager( 1629): java.lang.ClassCastException: android.os.BinderProxy cannot be cast to com.android.server.am.ActivityRecord$Token
12-13 23:35:56.797 W/ActivityManager( 1629): 	at com.android.server.am.ActivityRecord.forTokenLocked(ActivityRecord.java:778)
12-13 23:35:56.797 W/ActivityManager( 1629): 	at com.android.server.am.ActivityRecord.isInStackLocked(ActivityRecord.java:2085)
12-13 23:35:56.797 W/ActivityManager( 1629): 	at com.android.server.am.ActivityManagerService.getActivityOptions(ActivityManagerService.java:13302)
12-13 23:35:56.797 W/ActivityManager( 1629): 	at android.app.IActivityManager$Stub.onTransact(IActivityManager.java:2910)
12-13 23:35:56.797 W/ActivityManager( 1629): 	at com.android.server.am.ActivityManagerService.onTransact(ActivityManagerService.java:2935)
12-13 23:35:56.797 W/ActivityManager( 1629): 	at android.os.Binder.execTransact(Binder.java:674)
12-13 23:35:56.798 W/ActivityManager( 1629): Bad activity token: android.os.BinderProxy@1d59423
12-13 23:35:56.798 W/ActivityManager( 1629): java.lang.ClassCastException: android.os.BinderProxy cannot be cast to com.android.server.am.ActivityRecord$Token
12-13 23:35:56.798 W/ActivityManager( 1629): 	at com.android.server.am.ActivityRecord.forTokenLocked(ActivityRecord.java:778)
12-13 23:35:56.798 W/ActivityManager( 1629): 	at com.android.server.am.ActivityRecord.isInStackLocked(ActivityRecord.java:2085)
12-13 23:35:56.798 W/ActivityManager( 1629): 	at com.android.server.am.ActivityManagerService.getActivityOptions(ActivityManagerService.java:13302)
12-13 23:35:56.798 W/ActivityManager( 1629): 	at android.app.IActivityManager$Stub.onTransact(IActivityManager.java:2910)
12-13 23:35:56.798 W/ActivityManager( 1629): 	at com.android.server.am.ActivityManagerService.onTransact(ActivityManagerService.java:2935)
12-13 23:35:56.798 W/ActivityManager( 1629): 	at android.os.Binder.execTransact(Binder.java:674)
12-13 23:35:56.817 I/chatty  ( 1629): uid=1000(system) RenderThread identical 38 lines
12-13 23:35:56.817 E/OpenGLRenderer( 1629): GL error:  GL_INVALID_OPERATION
12-13 23:35:56.817 D/VehicleStatisticsActivity( 4584): Checking recalculation ...
12-13 23:35:56.818 E/OpenGLRenderer( 1629): GL error:  GL_INVALID_OPERATION
12-13 23:35:56.823 I/chatty  ( 1629): uid=1000(system) RenderThread identical 14 lines
12-13 23:35:56.823 E/OpenGLRenderer( 1629): GL error:  GL_INVALID_OPERATION
12-13 23:35:56.823 D/VehicleStatisticsActivity( 4584): Recalculating statistics
12-13 23:35:56.823 E/OpenGLRenderer( 1629): GL error:  GL_INVALID_OPERATION
12-13 23:35:56.823 D/VehicleStatisticsTask( 4584): Calculation starting...
12-13 23:35:56.823 E/OpenGLRenderer( 1629): GL error:  GL_INVALID_OPERATION
12-13 23:35:56.823 D/VehicleStatisticsActivity( 4584): Recalculation started!
12-13 23:35:56.823 E/OpenGLRenderer( 1629): GL error:  GL_INVALID_OPERATION
12-13 23:35:56.834 I/chatty  ( 1629): uid=1000(system) RenderThread identical 23 lines
12-13 23:35:56.835 E/OpenGLRenderer( 1629): GL error:  GL_INVALID_OPERATION
12-13 23:35:56.836 D/VehicleStatisticsTask( 4584): Not enough fillups to calculate statistics
12-13 23:35:56.837 E/OpenGLRenderer( 1629): GL error:  GL_INVALID_OPERATION
12-13 23:35:56.911 I/chatty  ( 1629): uid=1000(system) RenderThread identical 175 lines
12-13 23:35:56.912 E/OpenGLRenderer( 1629): GL error:  GL_INVALID_OPERATION
12-13 23:35:56.912 D/VehicleStatisticsTask( 4584): Not enough fillups to calculate statistics
12-13 23:35:56.912 E/OpenGLRenderer( 1629): GL error:  GL_INVALID_OPERATION
12-13 23:35:57.120 I/chatty  ( 1629): uid=1000(system) RenderThread identical 645 lines
12-13 23:35:57.120 E/OpenGLRenderer( 1629): GL error:  GL_INVALID_OPERATION
12-13 23:35:57.121 D/VehicleStatisticsTask( 4584): Done recalculating!
12-13 23:35:57.122 E/OpenGLRenderer( 1629): GL error:  GL_INVALID_OPERATION
12-13 23:35:57.124 I/chatty  ( 1629): uid=1000(system) RenderThread identical 6 lines
12-13 23:35:57.124 E/OpenGLRenderer( 1629): GL error:  GL_INVALID_OPERATION
12-13 23:35:57.124 D/VehicleStatisticsTask( 4584): Done recalculating!
12-13 23:35:57.124 E/OpenGLRenderer( 1629): GL error:  GL_INVALID_OPERATION
12-13 23:35:57.126 I/chatty  ( 1629): uid=1000(system) RenderThread identical 4 lines
12-13 23:35:57.126 E/OpenGLRenderer( 1629): GL error:  GL_INVALID_OPERATION
12-13 23:35:57.126 D/VehicleStatisticsAdapter( 4584): Erasing the cache ...
12-13 23:35:57.126 E/OpenGLRenderer( 1629): GL error:  GL_INVALID_OPERATION
12-13 23:35:57.132 I/chatty  ( 1629): uid=1000(system) RenderThread identical 19 lines
12-13 23:35:57.132 E/OpenGLRenderer( 1629): GL error:  GL_INVALID_OPERATION
12-13 23:35:57.132 D/VehicleStatisticsAdapter( 4584): Erasing the cache ...
12-13 23:35:57.132 E/OpenGLRenderer( 1629): GL error:  GL_INVALID_OPERATION
12-13 23:35:57.144 I/chatty  ( 1629): uid=1000(system) RenderThread identical 37 lines
12-13 23:35:57.144 E/OpenGLRenderer( 1629): GL error:  GL_INVALID_OPERATION
12-13 23:35:57.144 D/Mileage.ABS( 4584): Finished backup
12-13 23:35:57.145 E/OpenGLRenderer( 1629): GL error:  GL_INVALID_OPERATION
12-13 23:35:57.149 I/chatty  ( 1629): uid=1000(system) RenderThread identical 13 lines
12-13 23:35:57.149 E/OpenGLRenderer( 1629): GL error:  GL_INVALID_OPERATION
12-13 23:35:57.149 D/Mileage.ABS( 4584): Not backing up; 33
12-13 23:35:57.149 E/OpenGLRenderer( 1629): GL error:  GL_INVALID_OPERATION
12-13 23:35:57.150 I/chatty  ( 1629): uid=1000(system) RenderThread identical 4 lines
12-13 23:35:57.151 E/OpenGLRenderer( 1629): GL error:  GL_INVALID_OPERATION
12-13 23:35:57.152 D/VehicleStatisticsAdapter( 4584): Building new values ...
12-13 23:35:57.153 E/OpenGLRenderer( 1629): GL error:  GL_INVALID_OPERATION
12-13 23:35:57.153 E/OpenGLRenderer( 1629): GL error:  GL_INVALID_OPERATION
12-13 23:35:57.153 D/VehicleStatisticsAdapter( 4584): Writing 29 records to the database ...
12-13 23:35:57.153 E/OpenGLRenderer( 1629): GL error:  GL_INVALID_OPERATION
12-13 23:35:57.185 I/chatty  ( 1629): uid=1000(system) RenderThread identical 83 lines
12-13 23:35:57.186 E/OpenGLRenderer( 1629): GL error:  GL_INVALID_OPERATION
12-13 23:35:57.188 D/VehicleStatisticsAdapter( 4584): Building new values ...
12-13 23:35:57.188 D/VehicleStatisticsAdapter( 4584): Writing 29 records to the database ...
12-13 23:35:57.189 E/OpenGLRenderer( 1629): GL error:  GL_INVALID_OPERATION
12-13 23:35:57.250 I/chatty  ( 1629): uid=1000(system) RenderThread identical 149 lines
12-13 23:35:57.250 E/OpenGLRenderer( 1629): GL error:  GL_INVALID_OPERATION
12-13 23:35:57.250 E/SurfaceFlinger( 1408): ro.sf.lcd_density must be defined as a build property
12-13 23:35:57.251 E/OpenGLRenderer( 1629): GL error:  GL_INVALID_OPERATION
12-13 23:35:57.300 I/chatty  ( 1629): uid=1000(system) RenderThread identical 129 lines
12-13 23:35:57.300 E/OpenGLRenderer( 1629): GL error:  GL_INVALID_OPERATION
12-13 23:35:57.300 D/gralloc_ranchu( 1396): gralloc_alloc: Creating ashmem region of size 8298496
12-13 23:35:57.300 E/OpenGLRenderer( 1629): GL error:  GL_INVALID_OPERATION
12-13 23:35:57.327 I/chatty  ( 1629): uid=1000(system) RenderThread identical 72 lines
12-13 23:35:57.328 E/OpenGLRenderer( 1629): GL error:  GL_INVALID_OPERATION
12-13 23:35:57.328 D/        ( 4644): HostConnection::get() New Host Connection established 0xb022f800, tid 4644
12-13 23:35:57.328 E/OpenGLRenderer( 1629): GL error:  GL_INVALID_OPERATION
12-13 23:35:57.330 I/chatty  ( 1629): uid=1000(system) RenderThread identical 4 lines
12-13 23:35:57.330 E/OpenGLRenderer( 1629): GL error:  GL_INVALID_OPERATION
12-13 23:35:57.331 D/Mileage.ABS( 4584): Not backing up; 216
12-13 23:35:57.331 D/Mileage.ABS( 4584): Not backing up; 216
12-13 23:35:57.331 E/OpenGLRenderer( 1629): GL error:  GL_INVALID_OPERATION
12-13 23:35:57.332 I/chatty  ( 1629): uid=1000(system) RenderThread identical 3 lines
12-13 23:35:57.332 E/OpenGLRenderer( 1629): GL error:  GL_INVALID_OPERATION
12-13 23:35:57.332 D/Mileage.ABS( 4584): Not backing up; 217
12-13 23:35:57.332 D/Mileage.ABS( 4584): Not backing up; 217
12-13 23:35:57.333 E/OpenGLRenderer( 1629): GL error:  GL_INVALID_OPERATION
12-13 23:35:57.333 D/Mileage.ABS( 4584): Not backing up; 218
12-13 23:35:57.333 E/OpenGLRenderer( 1629): GL error:  GL_INVALID_OPERATION
12-13 23:35:57.335 I/chatty  ( 1629): uid=1000(system) RenderThread identical 2 lines
12-13 23:35:57.335 E/OpenGLRenderer( 1629): GL error:  GL_INVALID_OPERATION
12-13 23:35:57.336 D/Mileage.ABS( 4584): Not backing up; 220
12-13 23:35:57.337 E/OpenGLRenderer( 1629): GL error:  GL_INVALID_OPERATION
12-13 23:35:57.338 E/OpenGLRenderer( 1629): GL error:  GL_INVALID_OPERATION
12-13 23:35:57.338 D/Mileage.ABS( 4584): Not backing up; 223
12-13 23:35:57.338 E/OpenGLRenderer( 1629): GL error:  GL_INVALID_OPERATION
12-13 23:35:57.339 E/OpenGLRenderer( 1629): GL error:  GL_INVALID_OPERATION
12-13 23:35:57.339 D/Mileage.ABS( 4584): Not backing up; 224
12-13 23:35:57.339 E/OpenGLRenderer( 1629): GL error:  GL_INVALID_OPERATION
12-13 23:35:57.340 I/chatty  ( 1629): uid=1000(system) RenderThread identical 2 lines
12-13 23:35:57.341 E/OpenGLRenderer( 1629): GL error:  GL_INVALID_OPERATION
12-13 23:35:57.342 D/Mileage.ABS( 4584): Not backing up; 227
12-13 23:35:57.342 E/OpenGLRenderer( 1629): GL error:  GL_INVALID_OPERATION
12-13 23:35:57.344 I/chatty  ( 1629): uid=1000(system) RenderThread identical 6 lines
12-13 23:35:57.344 E/OpenGLRenderer( 1629): GL error:  GL_INVALID_OPERATION
12-13 23:35:57.345 D/Mileage.ABS( 4584): Not backing up; 230
12-13 23:35:57.346 E/OpenGLRenderer( 1629): GL error:  GL_INVALID_OPERATION
12-13 23:35:57.351 I/chatty  ( 1629): uid=1000(system) RenderThread identical 16 lines
12-13 23:35:57.351 E/OpenGLRenderer( 1629): GL error:  GL_INVALID_OPERATION
12-13 23:35:57.352 D/Mileage.ABS( 4584): Not backing up; 237
12-13 23:35:57.354 E/OpenGLRenderer( 1629): GL error:  GL_INVALID_OPERATION
12-13 23:35:57.369 I/chatty  ( 1629): uid=1000(system) RenderThread identical 28 lines
12-13 23:35:57.369 E/OpenGLRenderer( 1629): GL error:  GL_INVALID_OPERATION
12-13 23:35:57.370 D/Mileage.ABS( 4584): Not backing up; 255
12-13 23:35:57.373 E/OpenGLRenderer( 1629): GL error:  GL_INVALID_OPERATION
12-13 23:35:57.438 I/chatty  ( 1629): uid=1000(system) RenderThread identical 170 lines
12-13 23:35:57.438 E/OpenGLRenderer( 1629): GL error:  GL_INVALID_OPERATION
12-13 23:35:57.438 D/Mileage.ABS( 4584): Not backing up; 323
12-13 23:35:57.439 E/OpenGLRenderer( 1629): GL error:  GL_INVALID_OPERATION
12-13 23:35:57.442 I/chatty  ( 1629): uid=1000(system) RenderThread identical 7 lines
12-13 23:35:57.442 E/OpenGLRenderer( 1629): GL error:  GL_INVALID_OPERATION
12-13 23:35:57.442 D/Mileage.ABS( 4584): Not backing up; 327
12-13 23:35:57.442 E/OpenGLRenderer( 1629): GL error:  GL_INVALID_OPERATION
12-13 23:35:57.443 I/chatty  ( 1629): uid=1000(system) RenderThread identical 3 lines
12-13 23:35:57.443 E/OpenGLRenderer( 1629): GL error:  GL_INVALID_OPERATION
12-13 23:35:57.443 I/zygote  ( 4584): Do full code cache collection, code=204KB, data=145KB
12-13 23:35:57.443 E/OpenGLRenderer( 1629): GL error:  GL_INVALID_OPERATION
12-13 23:35:57.447 I/chatty  ( 1629): uid=1000(system) RenderThread identical 8 lines
12-13 23:35:57.447 E/OpenGLRenderer( 1629): GL error:  GL_INVALID_OPERATION
12-13 23:35:57.447 I/zygote  ( 4584): After code cache collection, code=204KB, data=111KB
12-13 23:35:57.447 E/OpenGLRenderer( 1629): GL error:  GL_INVALID_OPERATION
12-13 23:35:57.452 I/chatty  ( 1629): uid=1000(system) RenderThread identical 14 lines
12-13 23:35:57.452 E/OpenGLRenderer( 1629): GL error:  GL_INVALID_OPERATION
12-13 23:35:57.452 D/Mileage.ABS( 4584): Not backing up; 334
12-13 23:35:57.452 E/OpenGLRenderer( 1629): GL error:  GL_INVALID_OPERATION
