12-13 23:35:42.822 W/ActivityManager( 1629): 	at android.app.IActivityManager$Stub.onTransact(IActivityManager.java:2910)
12-13 23:35:42.822 W/ActivityManager( 1629): 	at com.android.server.am.ActivityManagerService.onTransact(ActivityManagerService.java:2935)
12-13 23:35:42.822 W/ActivityManager( 1629): 	at android.os.Binder.execTransact(Binder.java:674)
12-13 23:35:42.823 W/ActivityManager( 1629): Bad activity token: android.os.BinderProxy@ce1a928
12-13 23:35:42.823 W/ActivityManager( 1629): java.lang.ClassCastException: android.os.BinderProxy cannot be cast to com.android.server.am.ActivityRecord$Token
12-13 23:35:42.823 W/ActivityManager( 1629): 	at com.android.server.am.ActivityRecord.forTokenLocked(ActivityRecord.java:778)
12-13 23:35:42.823 W/ActivityManager( 1629): 	at com.android.server.am.ActivityRecord.isInStackLocked(ActivityRecord.java:2085)
12-13 23:35:42.823 W/ActivityManager( 1629): 	at com.android.server.am.ActivityManagerService.getActivityOptions(ActivityManagerService.java:13302)
12-13 23:35:42.823 W/ActivityManager( 1629): 	at android.app.IActivityManager$Stub.onTransact(IActivityManager.java:2910)
12-13 23:35:42.823 W/ActivityManager( 1629): 	at com.android.server.am.ActivityManagerService.onTransact(ActivityManagerService.java:2935)
12-13 23:35:42.823 W/ActivityManager( 1629): 	at android.os.Binder.execTransact(Binder.java:674)
12-13 23:35:42.879 I/chatty  ( 1629): uid=1000(system) RenderThread identical 494 lines
12-13 23:35:42.879 E/OpenGLRenderer( 1629): GL error:  GL_INVALID_OPERATION
12-13 23:35:42.880 V/StatusBar( 1727): setLightsOn(true)
12-13 23:35:42.881 E/OpenGLRenderer( 1629): GL error:  GL_INVALID_OPERATION
12-13 23:35:42.948 I/chatty  ( 1629): uid=1000(system) RenderThread identical 184 lines
12-13 23:35:42.949 E/OpenGLRenderer( 1629): GL error:  GL_INVALID_OPERATION
12-13 23:35:42.949 I/zygote  ( 4480): Do partial code cache collection, code=29KB, data=30KB
12-13 23:35:42.949 E/OpenGLRenderer( 1629): GL error:  GL_INVALID_OPERATION
12-13 23:35:42.952 I/chatty  ( 1629): uid=1000(system) RenderThread identical 9 lines
12-13 23:35:42.953 E/OpenGLRenderer( 1629): GL error:  GL_INVALID_OPERATION
12-13 23:35:42.953 I/zygote  ( 4480): After code cache collection, code=29KB, data=30KB
12-13 23:35:42.953 I/zygote  ( 4480): Increasing code cache capacity to 128KB
12-13 23:35:42.953 E/OpenGLRenderer( 1629): GL error:  GL_INVALID_OPERATION
12-13 23:35:42.953 E/OpenGLRenderer( 1629): GL error:  GL_INVALID_OPERATION
12-13 23:35:43.011 I/chatty  ( 1629): uid=1000(system) RenderThread identical 140 lines
12-13 23:35:43.011 E/OpenGLRenderer( 1629): GL error:  GL_INVALID_OPERATION
12-13 23:35:43.012 V/StatusBar( 1727): setLightsOn(true)
12-13 23:35:43.013 E/OpenGLRenderer( 1629): GL error:  GL_INVALID_OPERATION
12-13 23:35:43.013 I/zygote  ( 4480): Background concurrent copying GC freed 23706(1016KB) AllocSpace objects, 6(120KB) LOS objects, 59% free, 1032KB/2MB, paused 473us total 128.785ms
12-13 23:35:43.013 E/OpenGLRenderer( 1629): GL error:  GL_INVALID_OPERATION
12-13 23:35:43.017 I/chatty  ( 1629): uid=1000(system) RenderThread identical 12 lines
12-13 23:35:43.018 E/OpenGLRenderer( 1629): GL error:  GL_INVALID_OPERATION
12-13 23:35:43.018 V/StatusBar( 1727): setLightsOn(true)
12-13 23:35:43.021 V/StatusBar( 1727): setLightsOn(true)
12-13 23:35:43.022 E/OpenGLRenderer( 1629): GL error:  GL_INVALID_OPERATION
12-13 23:35:43.082 I/chatty  ( 1629): uid=1000(system) RenderThread identical 154 lines
12-13 23:35:43.082 E/OpenGLRenderer( 1629): GL error:  GL_INVALID_OPERATION
12-13 23:35:43.082 D/gralloc_ranchu( 1396): gralloc_alloc: Creating ashmem region of size 7753728
12-13 23:35:43.083 E/OpenGLRenderer( 1629): GL error:  GL_INVALID_OPERATION
12-13 23:35:43.092 I/chatty  ( 1629): uid=1000(system) RenderThread identical 21 lines
12-13 23:35:43.092 E/OpenGLRenderer( 1629): GL error:  GL_INVALID_OPERATION
12-13 23:35:43.092 I/NetworkScheduler.Stats( 1941): Task com.google.android.gms/com.google.android.gms.clearcut.uploader.QosUploaderService finished executing. cause:5 result: 1 elapsed_millis: 9060 uptime_millis: 9060 exec_start_elapsed_seconds: 100 [CONTEXT service_id=218 ]
12-13 23:35:43.092 E/OpenGLRenderer( 1629): GL error:  GL_INVALID_OPERATION
12-13 23:35:43.108 I/chatty  ( 1629): uid=1000(system) RenderThread identical 32 lines
12-13 23:35:43.108 E/OpenGLRenderer( 1629): GL error:  GL_INVALID_OPERATION
12-13 23:35:43.108 D/        ( 4480): HostConnection::get() New Host Connection established 0xa0db0d40, tid 4480
12-13 23:35:43.108 E/OpenGLRenderer( 1629): GL error:  GL_INVALID_OPERATION
12-13 23:35:43.170 I/chatty  ( 1629): uid=1000(system) RenderThread identical 126 lines
12-13 23:35:43.172 E/OpenGLRenderer( 1629): GL error:  GL_INVALID_OPERATION
12-13 23:35:43.173 V/StatusBar( 1727): setLightsOn(true)
12-13 23:35:43.173 E/OpenGLRenderer( 1629): GL error:  GL_INVALID_OPERATION
12-13 23:35:43.178 I/chatty  ( 1629): uid=1000(system) RenderThread identical 17 lines
12-13 23:35:43.178 E/OpenGLRenderer( 1629): GL error:  GL_INVALID_OPERATION
12-13 23:35:43.179 I/ActivityManager( 1629): Displayed com.evancharlton.mileage/.Mileage: +794ms
12-13 23:35:43.181 E/OpenGLRenderer( 1629): GL error:  GL_INVALID_OPERATION
12-13 23:35:43.182 V/StatusBar( 1727): setLightsOn(true)
12-13 23:35:43.184 E/OpenGLRenderer( 1629): GL error:  GL_INVALID_OPERATION
12-13 23:35:43.206 I/chatty  ( 1629): uid=1000(system) RenderThread identical 43 lines
12-13 23:35:43.207 E/OpenGLRenderer( 1629): GL error:  GL_INVALID_OPERATION
12-13 23:35:43.207 D/gralloc_ranchu( 1396): gralloc_alloc: Creating ashmem region of size 7753728
12-13 23:35:43.208 E/OpenGLRenderer( 1629): GL error:  GL_INVALID_OPERATION
12-13 23:35:43.220 I/chatty  ( 1629): uid=1000(system) RenderThread identical 11 lines
12-13 23:35:43.221 E/OpenGLRenderer( 1629): GL error:  GL_INVALID_OPERATION
12-13 23:35:43.222 V/StatusBar( 1727): setLightsOn(true)
12-13 23:35:43.222 E/OpenGLRenderer( 1629): GL error:  GL_INVALID_OPERATION
12-13 23:35:43.338 I/chatty  ( 1629): uid=1000(system) RenderThread identical 214 lines
12-13 23:35:43.338 E/OpenGLRenderer( 1629): GL error:  GL_INVALID_OPERATION
12-13 23:35:43.339 W/SurfaceFlinger( 1408): couldn't log to binary event log: overflow.
12-13 23:35:43.347 E/OpenGLRenderer( 1629): GL error:  GL_INVALID_OPERATION
12-13 23:35:43.375 I/chatty  ( 1629): uid=1000(system) RenderThread identical 64 lines
12-13 23:35:43.375 E/OpenGLRenderer( 1629): GL error:  GL_INVALID_OPERATION
12-13 23:35:43.380 V/StatusBar( 1727): setLightsOn(true)
12-13 23:35:43.380 E/OpenGLRenderer( 1629): GL error:  GL_INVALID_OPERATION
12-13 23:35:43.423 I/chatty  ( 1629): uid=1000(system) RenderThread identical 113 lines
12-13 23:35:43.423 E/OpenGLRenderer( 1629): GL error:  GL_INVALID_OPERATION
12-13 23:35:43.423 I/PBSessionCacheImpl( 2239): Deleted sessionId[2902297228154] from persistence.
12-13 23:35:43.423 E/OpenGLRenderer( 1629): GL error:  GL_INVALID_OPERATION
12-13 23:35:43.525 I/chatty  ( 1629): uid=1000(system) RenderThread identical 301 lines
12-13 23:35:43.525 E/OpenGLRenderer( 1629): GL error:  GL_INVALID_OPERATION
12-13 23:35:43.525 W/SearchService( 2239): Abort, client detached.
12-13 23:35:43.525 E/OpenGLRenderer( 1629): GL error:  GL_INVALID_OPERATION
12-13 23:35:43.526 I/chatty  ( 1629): uid=1000(system) RenderThread identical 1 line
12-13 23:35:43.526 E/OpenGLRenderer( 1629): GL error:  GL_INVALID_OPERATION
12-13 23:35:43.527 I/zygote  ( 4480): Do partial code cache collection, code=40KB, data=47KB
12-13 23:35:43.527 I/zygote  ( 4480): After code cache collection, code=40KB, data=47KB
12-13 23:35:43.527 I/zygote  ( 4480): Increasing code cache capacity to 256KB
12-13 23:35:43.527 E/OpenGLRenderer( 1629): GL error:  GL_INVALID_OPERATION
12-13 23:35:43.527 E/OpenGLRenderer( 1629): GL error:  GL_INVALID_OPERATION
12-13 23:35:43.528 I/zygote  ( 4480): JIT allocated 71KB for compiled code of void android.widget.TextView.<init>(android.content.Context, android.util.AttributeSet, int, int)
12-13 23:35:43.528 I/zygote  ( 4480): Compiler allocated 4MB to compile void android.widget.TextView.<init>(android.content.Context, android.util.AttributeSet, int, int)
12-13 23:35:43.528 E/OpenGLRenderer( 1629): GL error:  GL_INVALID_OPERATION
12-13 23:35:43.547 I/chatty  ( 1629): uid=1000(system) RenderThread identical 60 lines
12-13 23:35:43.547 E/OpenGLRenderer( 1629): GL error:  GL_INVALID_OPERATION
12-13 23:35:43.547 I/System.out( 4480): URI: //
12-13 23:35:43.547 I/System.out( 4480): params: {json={"command":"set_activity_orientation","arguments":["landscape"]}
12-13 23:35:43.547 I/System.out( 4480): }
12-13 23:35:43.547 E/OpenGLRenderer( 1629): GL error:  GL_INVALID_OPERATION
12-13 23:35:43.547 I/System.out( 4480): header: {content-type=application/json;charset=utf-8, date=Mon, 14 Dec 2020 04:35:43 GMT, accept=*/*, host=127.0.0.1:34777, content-length=64, user-agent=HTTPClient/1.0 (2.8.3, ruby 2.5.8 (2020-03-31))}
12-13 23:35:43.547 I/System.out( 4480): params: {json={"command":"set_activity_orientation","arguments":["landscape"]}
12-13 23:35:43.547 I/System.out( 4480): }
12-13 23:35:43.547 E/OpenGLRenderer( 1629): GL error:  GL_INVALID_OPERATION
12-13 23:35:43.547 I/System.out( 4480): ProP json = {"command":"set_activity_orientation","arguments":["landscape"]}
12-13 23:35:43.548 I/System.out( 4480): files: {}
12-13 23:35:43.548 I/System.out( 4480): command: {"command":"set_activity_orientation","arguments":["landscape"]}
12-13 23:35:43.548 E/OpenGLRenderer( 1629): GL error:  GL_INVALID_OPERATION
12-13 23:35:43.558 I/chatty  ( 1629): uid=1000(system) RenderThread identical 28 lines
12-13 23:35:43.558 E/OpenGLRenderer( 1629): GL error:  GL_INVALID_OPERATION
12-13 23:35:43.559 I/InstrumentationBackend( 4480): Got command:'Command:'Line:null,set_activity_orientation', arguments:'[landscape]'
12-13 23:35:43.559 E/OpenGLRenderer( 1629): GL error:  GL_INVALID_OPERATION
12-13 23:35:43.571 I/chatty  ( 1629): uid=1000(system) RenderThread identical 42 lines
12-13 23:35:43.571 E/OpenGLRenderer( 1629): GL error:  GL_INVALID_OPERATION
12-13 23:35:43.571 D/gralloc_ranchu( 1396): gralloc_alloc: Creating ashmem region of size 8298496
12-13 23:35:43.572 E/OpenGLRenderer( 1629): GL error:  GL_INVALID_OPERATION
12-13 23:35:43.593 W/LocalDisplayAdapter( 1629): Unable to find color mode 0, ignoring request.
12-13 23:35:43.607 I/chatty  ( 1629): uid=1000(system) RenderThread identical 91 lines
12-13 23:35:43.607 E/OpenGLRenderer( 1629): GL error:  GL_INVALID_OPERATION
12-13 23:35:43.608 I/InputReader( 1629): Reconfiguring input devices.  changes=0x00000004
12-13 23:35:43.608 I/InputReader( 1629): Device reconfigured: id=0, name='qwerty2', size 1080x1920, orientation 1, mode 1, display id 0
12-13 23:35:43.610 E/OpenGLRenderer( 1629): GL error:  GL_INVALID_OPERATION
12-13 23:35:43.613 I/ActivityManager( 1629): Config changes=480 {1.0 310mcc260mnc [en_US] ldltr sw411dp w683dp h387dp 420dpi nrml land finger qwerty/v/v -nav/h appBounds=Rect(0, 0 - 1794, 1080) s.7}
12-13 23:35:43.633 I/ActivityManager( 1629): Override config changes=480 {1.0 310mcc260mnc [en_US] ldltr sw411dp w683dp h387dp 420dpi nrml land finger qwerty/v/v -nav/h appBounds=Rect(0, 0 - 1794, 1080) s.7} for displayId=0
12-13 23:35:43.715 I/chatty  ( 1629): uid=1000(system) RenderThread identical 200 lines
12-13 23:35:43.717 E/OpenGLRenderer( 1629): GL error:  GL_INVALID_OPERATION
12-13 23:35:43.718 I/calabash( 4480): newActivity1
12-13 23:35:43.718 E/OpenGLRenderer( 1629): GL error:  GL_INVALID_OPERATION
12-13 23:35:43.774 I/chatty  ( 1629): uid=1000(system) RenderThread identical 111 lines
12-13 23:35:43.774 E/OpenGLRenderer( 1629): GL error:  GL_INVALID_OPERATION
12-13 23:35:43.774 D/gralloc_ranchu( 1396): gralloc_alloc: Creating ashmem region of size 544768
12-13 23:35:43.775 E/OpenGLRenderer( 1629): GL error:  GL_INVALID_OPERATION
12-13 23:35:43.782 I/chatty  ( 1629): uid=1000(system) RenderThread identical 7 lines
12-13 23:35:43.782 E/OpenGLRenderer( 1629): GL error:  GL_INVALID_OPERATION
12-13 23:35:43.782 D/EGL_emulation( 1727): eglMakeCurrent: 0xa0ee72e0: ver 3 0 (tinfo 0xa0efbcd0)
12-13 23:35:43.782 E/OpenGLRenderer( 1629): GL error:  GL_INVALID_OPERATION
12-13 23:35:43.785 I/chatty  ( 1629): uid=1000(system) RenderThread identical 5 lines
12-13 23:35:43.786 E/OpenGLRenderer( 1629): GL error:  GL_INVALID_OPERATION
12-13 23:35:43.787 D/gralloc_ranchu( 1396): gralloc_alloc: Creating ashmem region of size 544768
12-13 23:35:43.787 E/OpenGLRenderer( 1629): GL error:  GL_INVALID_OPERATION
12-13 23:35:43.789 W/ActivityManager( 1629): Bad activity token: android.os.BinderProxy@9b567ed
12-13 23:35:43.789 W/ActivityManager( 1629): java.lang.ClassCastException: android.os.BinderProxy cannot be cast to com.android.server.am.ActivityRecord$Token
12-13 23:35:43.789 W/ActivityManager( 1629): 	at com.android.server.am.ActivityRecord.forTokenLocked(ActivityRecord.java:778)
12-13 23:35:43.789 W/ActivityManager( 1629): 	at com.android.server.am.ActivityRecord.isInStackLocked(ActivityRecord.java:2085)
12-13 23:35:43.789 W/ActivityManager( 1629): 	at com.android.server.am.ActivityRecord.getStackLocked(ActivityRecord.java:2090)
12-13 23:35:43.789 W/ActivityManager( 1629): 	at com.android.server.am.ActivityManagerService.getActivityDisplayId(ActivityManagerService.java:10406)
12-13 23:35:43.789 W/ActivityManager( 1629): 	at android.app.IActivityManager$Stub.onTransact(IActivityManager.java:2738)
12-13 23:35:43.789 W/ActivityManager( 1629): 	at com.android.server.am.ActivityManagerService.onTransact(ActivityManagerService.java:2935)
12-13 23:35:43.789 W/ActivityManager( 1629): 	at android.os.Binder.execTransact(Binder.java:674)
12-13 23:35:43.790 I/chatty  ( 1629): uid=1000(system) RenderThread identical 6 lines
12-13 23:35:43.790 E/OpenGLRenderer( 1629): GL error:  GL_INVALID_OPERATION
12-13 23:35:43.791 I/calabash( 4480): newActivity1
12-13 23:35:43.791 E/OpenGLRenderer( 1629): GL error:  GL_INVALID_OPERATION
12-13 23:35:43.800 W/ActivityManager( 1629): Bad activity token: android.os.BinderProxy@9b567ed
12-13 23:35:43.800 W/ActivityManager( 1629): java.lang.ClassCastException: android.os.BinderProxy cannot be cast to com.android.server.am.ActivityRecord$Token
12-13 23:35:43.800 W/ActivityManager( 1629): 	at com.android.server.am.ActivityRecord.forTokenLocked(ActivityRecord.java:778)
12-13 23:35:43.800 W/ActivityManager( 1629): 	at com.android.server.am.ActivityRecord.isInStackLocked(ActivityRecord.java:2085)
12-13 23:35:43.800 W/ActivityManager( 1629): 	at com.android.server.am.ActivityManagerService.setTaskDescription(ActivityManagerService.java:9988)
12-13 23:35:43.800 W/ActivityManager( 1629): 	at android.app.IActivityManager$Stub.onTransact(IActivityManager.java:2824)
12-13 23:35:43.800 W/ActivityManager( 1629): 	at com.android.server.am.ActivityManagerService.onTransact(ActivityManagerService.java:2935)
12-13 23:35:43.800 W/ActivityManager( 1629): 	at android.os.Binder.execTransact(Binder.java:674)
12-13 23:35:43.802 W/ActivityManager( 1629): Bad activity token: android.os.BinderProxy@9b567ed
12-13 23:35:43.802 W/ActivityManager( 1629): java.lang.ClassCastException: android.os.BinderProxy cannot be cast to com.android.server.am.ActivityRecord$Token
12-13 23:35:43.802 W/ActivityManager( 1629): 	at com.android.server.am.ActivityRecord.forTokenLocked(ActivityRecord.java:778)
12-13 23:35:43.802 W/ActivityManager( 1629): 	at com.android.server.am.ActivityRecord.isInStackLocked(ActivityRecord.java:2085)
12-13 23:35:43.802 W/ActivityManager( 1629): 	at com.android.server.am.ActivityRecord.getStackLocked(ActivityRecord.java:2090)
12-13 23:35:43.802 W/ActivityManager( 1629): 	at com.android.server.am.ActivityManagerService.getActivityStackId(ActivityManagerService.java:10417)
12-13 23:35:43.802 W/ActivityManager( 1629): 	at android.app.IActivityManager$Stub.onTransact(IActivityManager.java:3548)
12-13 23:35:43.802 W/ActivityManager( 1629): 	at com.android.server.am.ActivityManagerService.onTransact(ActivityManagerService.java:2935)
12-13 23:35:43.802 W/ActivityManager( 1629): 	at android.os.Binder.execTransact(Binder.java:674)
12-13 23:35:43.901 I/chatty  ( 1629): uid=1000(system) RenderThread identical 275 lines
12-13 23:35:43.901 E/OpenGLRenderer( 1629): GL error:  GL_INVALID_OPERATION
12-13 23:35:43.902 D/NuPlayerDriver( 1484): NuPlayerDriver(0xb1b29540) created, clientPid(1727)
12-13 23:35:43.902 E/OpenGLRenderer( 1629): GL error:  GL_INVALID_OPERATION
12-13 23:35:43.907 I/chatty  ( 1629): uid=1000(system) RenderThread identical 18 lines
12-13 23:35:43.907 E/OpenGLRenderer( 1629): GL error:  GL_INVALID_OPERATION
12-13 23:35:43.913 W/ActivityManager( 1629): Bad activity token: android.os.BinderProxy@9b567ed
12-13 23:35:43.913 W/ActivityManager( 1629): java.lang.ClassCastException: android.os.BinderProxy cannot be cast to com.android.server.am.ActivityRecord$Token
12-13 23:35:43.913 W/ActivityManager( 1629): 	at com.android.server.am.ActivityRecord.forTokenLocked(ActivityRecord.java:778)
12-13 23:35:43.913 W/ActivityManager( 1629): 	at com.android.server.am.ActivityRecord.isInStackLocked(ActivityRecord.java:2085)
12-13 23:35:43.913 W/ActivityManager( 1629): 	at com.android.server.am.ActivityManagerService.getActivityOptions(ActivityManagerService.java:13302)
12-13 23:35:43.913 W/ActivityManager( 1629): 	at android.app.IActivityManager$Stub.onTransact(IActivityManager.java:2910)
12-13 23:35:43.913 W/ActivityManager( 1629): 	at com.android.server.am.ActivityManagerService.onTransact(ActivityManagerService.java:2935)
12-13 23:35:43.913 W/ActivityManager( 1629): 	at android.os.Binder.execTransact(Binder.java:674)
12-13 23:35:43.915 W/ActivityManager( 1629): Bad activity token: android.os.BinderProxy@9b567ed
12-13 23:35:43.915 W/ActivityManager( 1629): java.lang.ClassCastException: android.os.BinderProxy cannot be cast to com.android.server.am.ActivityRecord$Token
12-13 23:35:43.915 W/ActivityManager( 1629): 	at com.android.server.am.ActivityRecord.forTokenLocked(ActivityRecord.java:778)
12-13 23:35:43.915 W/ActivityManager( 1629): 	at com.android.server.am.ActivityRecord.isInStackLocked(ActivityRecord.java:2085)
12-13 23:35:43.915 W/ActivityManager( 1629): 	at com.android.server.am.ActivityManagerService.getActivityOptions(ActivityManagerService.java:13302)
12-13 23:35:43.915 W/ActivityManager( 1629): 	at android.app.IActivityManager$Stub.onTransact(IActivityManager.java:2910)
12-13 23:35:43.915 W/ActivityManager( 1629): 	at com.android.server.am.ActivityManagerService.onTransact(ActivityManagerService.java:2935)
12-13 23:35:43.915 W/ActivityManager( 1629): 	at android.os.Binder.execTransact(Binder.java:674)
12-13 23:35:43.917 I/zygote  ( 4480): Do full code cache collection, code=119KB, data=83KB
12-13 23:35:43.920 E/OpenGLRenderer( 1629): GL error:  GL_INVALID_OPERATION
12-13 23:35:43.949 I/chatty  ( 1629): uid=1000(system) RenderThread identical 36 lines
12-13 23:35:43.949 E/OpenGLRenderer( 1629): GL error:  GL_INVALID_OPERATION
12-13 23:35:43.950 I/System.out( 4480): result:{"bonusInformation":[],"message":"","success":true}
12-13 23:35:43.950 E/OpenGLRenderer( 1629): GL error:  GL_INVALID_OPERATION
12-13 23:35:43.957 I/chatty  ( 1629): uid=1000(system) RenderThread identical 41 lines
12-13 23:35:43.957 E/OpenGLRenderer( 1629): GL error:  GL_INVALID_OPERATION
12-13 23:35:43.957 I/zygote  ( 4480): After code cache collection, code=117KB, data=55KB
12-13 23:35:43.958 E/OpenGLRenderer( 1629): GL error:  GL_INVALID_OPERATION
12-13 23:35:44.000 I/chatty  ( 1629): uid=1000(system) RenderThread identical 40 lines
12-13 23:35:44.001 E/OpenGLRenderer( 1629): GL error:  GL_INVALID_OPERATION
12-13 23:35:44.001 D/GenericSource( 1484): FileSource remote
12-13 23:35:44.001 E/OpenGLRenderer( 1629): GL error:  GL_INVALID_OPERATION
12-13 23:35:44.008 I/chatty  ( 1629): uid=1000(system) RenderThread identical 13 lines
12-13 23:35:44.008 E/OpenGLRenderer( 1629): GL error:  GL_INVALID_OPERATION
12-13 23:35:44.008 D/NuPlayerDriver( 1484): notifyListener_l(0xb1b29540), (1, 0, 0, -1), loop setting(0, 0)
12-13 23:35:44.008 E/OpenGLRenderer( 1629): GL error:  GL_INVALID_OPERATION
12-13 23:35:44.020 I/chatty  ( 1629): uid=1000(system) RenderThread identical 27 lines
12-13 23:35:44.021 E/OpenGLRenderer( 1629): GL error:  GL_INVALID_OPERATION
12-13 23:35:44.022 I/MediaFocusControl( 1629):  AudioFocus  requestAudioFocus() from uid/pid 10028/1727 clientId=android.media.AudioManager@cf6b43 req=3 flags=0x0
12-13 23:35:44.022 E/OpenGLRenderer( 1629): GL error:  GL_INVALID_OPERATION
12-13 23:35:44.073 I/chatty  ( 1629): uid=1000(system) RenderThread identical 151 lines
12-13 23:35:44.073 V/StatusBar( 1727): setLightsOn(true)
12-13 23:35:44.073 E/OpenGLRenderer( 1629): GL error:  GL_INVALID_OPERATION
12-13 23:35:44.073 E/OpenGLRenderer( 1629): GL error:  GL_INVALID_OPERATION
12-13 23:35:44.121 I/chatty  ( 1629): uid=1000(system) RenderThread identical 102 lines
12-13 23:35:44.122 E/OpenGLRenderer( 1629): GL error:  GL_INVALID_OPERATION
12-13 23:35:44.123 D/gralloc_ranchu( 1396): gralloc_alloc: Creating ashmem region of size 544768
12-13 23:35:44.126 E/OpenGLRenderer( 1629): GL error:  GL_INVALID_OPERATION
12-13 23:35:44.142 I/chatty  ( 1629): uid=1000(system) RenderThread identical 31 lines
12-13 23:35:44.142 E/OpenGLRenderer( 1629): GL error:  GL_INVALID_OPERATION
12-13 23:35:44.144 D/gralloc_ranchu( 1396): gralloc_alloc: Creating ashmem region of size 7753728
12-13 23:35:44.145 E/OpenGLRenderer( 1629): GL error:  GL_INVALID_OPERATION
12-13 23:35:44.145 I/NetworkScheduler.Stats( 1941): Task com.google.android.gms/com.google.android.gms.clearcut.uploader.QosUploaderService started execution. cause:5 exec_start_elapsed_seconds: 109 [CONTEXT service_id=218 ]
12-13 23:35:44.147 E/OpenGLRenderer( 1629): GL error:  GL_INVALID_OPERATION
12-13 23:35:44.190 I/chatty  ( 1629): uid=1000(system) RenderThread identical 79 lines
12-13 23:35:44.190 E/OpenGLRenderer( 1629): GL error:  GL_INVALID_OPERATION
12-13 23:35:44.190 I/zygote  ( 4480): Do partial code cache collection, code=125KB, data=64KB
12-13 23:35:44.190 E/OpenGLRenderer( 1629): GL error:  GL_INVALID_OPERATION
12-13 23:35:44.190 I/zygote  ( 4480): After code cache collection, code=125KB, data=64KB
12-13 23:35:44.190 E/OpenGLRenderer( 1629): GL error:  GL_INVALID_OPERATION
12-13 23:35:44.190 I/zygote  ( 4480): Increasing code cache capacity to 512KB
12-13 23:35:44.190 E/OpenGLRenderer( 1629): GL error:  GL_INVALID_OPERATION
12-13 23:35:44.202 I/chatty  ( 1629): uid=1000(system) RenderThread identical 32 lines
12-13 23:35:44.204 E/OpenGLRenderer( 1629): GL error:  GL_INVALID_OPERATION
12-13 23:35:44.206 D/gralloc_ranchu( 1396): gralloc_alloc: Creating ashmem region of size 487424
12-13 23:35:44.206 E/OpenGLRenderer( 1629): GL error:  GL_INVALID_OPERATION
12-13 23:35:44.227 I/chatty  ( 1629): uid=1000(system) RenderThread identical 41 lines
12-13 23:35:44.227 E/OpenGLRenderer( 1629): GL error:  GL_INVALID_OPERATION
12-13 23:35:44.233 D/gralloc_ranchu( 1396): gralloc_alloc: Creating ashmem region of size 7753728
12-13 23:35:44.234 E/OpenGLRenderer( 1629): GL error:  GL_INVALID_OPERATION
12-13 23:35:44.235 I/chatty  ( 1629): uid=1000(system) RenderThread identical 2 lines
12-13 23:35:44.236 E/OpenGLRenderer( 1629): GL error:  GL_INVALID_OPERATION
12-13 23:35:44.237 I/NetworkScheduler.Stats( 1941): Task com.google.android.gms/com.google.android.gms.clearcut.uploader.QosUploaderService finished executing. cause:5 result: 1 elapsed_millis: 663 uptime_millis: 663 exec_start_elapsed_seconds: 109 [CONTEXT service_id=218 ]
12-13 23:35:44.254 E/OpenGLRenderer( 1629): GL error:  GL_INVALID_OPERATION
12-13 23:35:44.274 I/chatty  ( 1629): uid=1000(system) RenderThread identical 65 lines
12-13 23:35:44.274 E/OpenGLRenderer( 1629): GL error:  GL_INVALID_OPERATION
12-13 23:35:44.274 D/StatusBar( 1727): disable<e i a s b h r c s q >
12-13 23:35:44.274 E/OpenGLRenderer( 1629): GL error:  GL_INVALID_OPERATION
12-13 23:35:44.300 I/chatty  ( 1629): uid=1000(system) RenderThread identical 62 lines
12-13 23:35:44.301 E/OpenGLRenderer( 1629): GL error:  GL_INVALID_OPERATION
12-13 23:35:44.302 D/EGL_emulation( 1727): eglMakeCurrent: 0xa0ee72e0: ver 3 0 (tinfo 0xa0efbcd0)
12-13 23:35:44.302 E/OpenGLRenderer( 1629): GL error:  GL_INVALID_OPERATION
12-13 23:35:44.311 I/chatty  ( 1629): uid=1000(system) RenderThread identical 31 lines
12-13 23:35:44.312 E/OpenGLRenderer( 1629): GL error:  GL_INVALID_OPERATION
12-13 23:35:44.312 D/gralloc_ranchu( 1396): gralloc_alloc: Creating ashmem region of size 487424
12-13 23:35:44.312 E/OpenGLRenderer( 1629): GL error:  GL_INVALID_OPERATION
12-13 23:35:44.351 I/WindowManager( 1629): Screen frozen for +785ms due to Window{30e086 u0 StatusBar}
12-13 23:35:44.358 I/chatty  ( 1629): uid=1000(system) RenderThread identical 142 lines
12-13 23:35:44.359 E/OpenGLRenderer( 1629): GL error:  GL_INVALID_OPERATION
12-13 23:35:44.359 E/OpenGLRenderer( 1629): GL error:  GL_INVALID_OPERATION
12-13 23:35:44.360 D/SurfaceFlinger( 1408): duplicate layer name: changing BlackSurface to BlackSurface#1
12-13 23:35:44.361 D/SurfaceFlinger( 1408): duplicate layer name: changing BlackSurface to BlackSurface#1
12-13 23:35:44.362 E/OpenGLRenderer( 1629): GL error:  GL_INVALID_OPERATION
12-13 23:35:44.362 D/SurfaceFlinger( 1408): duplicate layer name: changing BlackSurface to BlackSurface#1
12-13 23:35:44.363 E/OpenGLRenderer( 1629): GL error:  GL_INVALID_OPERATION
12-13 23:35:44.404 I/zygote  ( 1727): Do partial code cache collection, code=125KB, data=94KB
12-13 23:35:44.405 I/chatty  ( 1629): uid=1000(system) RenderThread expire 82 lines
12-13 23:35:44.405 E/OpenGLRenderer( 1629): GL error:  GL_INVALID_OPERATION
12-13 23:35:44.406 I/zygote  ( 1727): After code cache collection, code=125KB, data=94KB
12-13 23:35:44.407 E/OpenGLRenderer( 1629): GL error:  GL_INVALID_OPERATION
12-13 23:35:44.407 I/chatty  ( 1629): uid=1000(system) RenderThread identical 2 lines
12-13 23:35:44.408 E/OpenGLRenderer( 1629): GL error:  GL_INVALID_OPERATION
12-13 23:35:44.410 D/gralloc_ranchu( 1396): gralloc_alloc: Creating ashmem region of size 487424
12-13 23:35:44.410 E/OpenGLRenderer( 1629): GL error:  GL_INVALID_OPERATION
12-13 23:35:44.411 I/zygote  ( 1727): Increasing code cache capacity to 512KB
12-13 23:35:44.411 E/OpenGLRenderer( 1629): GL error:  GL_INVALID_OPERATION
12-13 23:35:44.420 I/chatty  ( 1629): uid=1000(system) RenderThread identical 25 lines
12-13 23:35:44.420 E/OpenGLRenderer( 1629): GL error:  GL_INVALID_OPERATION
12-13 23:35:44.420 D/EGL_emulation( 1727): eglMakeCurrent: 0xa0ee72e0: ver 3 0 (tinfo 0xa0efbcd0)
12-13 23:35:44.421 E/OpenGLRenderer( 1629): GL error:  GL_INVALID_OPERATION
12-13 23:35:44.427 I/chatty  ( 1629): uid=1000(system) RenderThread identical 6 lines
12-13 23:35:44.429 E/OpenGLRenderer( 1629): GL error:  GL_INVALID_OPERATION
12-13 23:35:44.430 V/StatusBar( 1727): setLightsOn(true)
12-13 23:35:44.430 E/OpenGLRenderer( 1629): GL error:  GL_INVALID_OPERATION
12-13 23:35:44.432 I/chatty  ( 1629): uid=1000(system) RenderThread identical 5 lines
12-13 23:35:44.432 E/OpenGLRenderer( 1629): GL error:  GL_INVALID_OPERATION
12-13 23:35:44.432 D/EGL_emulation( 1727): eglMakeCurrent: 0xa0ee72e0: ver 3 0 (tinfo 0xa0efbcd0)
12-13 23:35:44.433 E/OpenGLRenderer( 1629): GL error:  GL_INVALID_OPERATION
12-13 23:35:44.524 I/chatty  ( 1629): uid=1000(system) RenderThread identical 311 lines
12-13 23:35:44.525 E/OpenGLRenderer( 1629): GL error:  GL_INVALID_OPERATION
12-13 23:35:44.525 D/NuPlayerDriver( 1484): start(0xb1b29540), state is 4, eos is 0
12-13 23:35:44.526 I/GenericSource( 1484): start
12-13 23:35:44.532 E/OpenGLRenderer( 1629): GL error:  GL_INVALID_OPERATION
12-13 23:35:44.550 I/chatty  ( 1629): uid=1000(system) RenderThread identical 50 lines
12-13 23:35:44.550 E/OpenGLRenderer( 1629): GL error:  GL_INVALID_OPERATION
12-13 23:35:44.550 I/OMXClient( 1484): Treble IOmx obtained
12-13 23:35:44.551 E/OpenGLRenderer( 1629): GL error:  GL_INVALID_OPERATION
12-13 23:35:44.552 I/OMXMaster( 1489): makeComponentInstance(OMX.google.vorbis.decoder) in omx@1.0-service process
12-13 23:35:44.552 I/chatty  ( 1629): uid=1000(system) RenderThread expire 4 lines
12-13 23:35:44.552 E/OpenGLRenderer( 1629): GL error:  GL_INVALID_OPERATION
12-13 23:35:44.552 E/OpenGLRenderer( 1629): GL error:  GL_INVALID_OPERATION
12-13 23:35:44.557 I/chatty  ( 1629): uid=1000(system) RenderThread identical 20 lines
12-13 23:35:44.557 E/OpenGLRenderer( 1629): GL error:  GL_INVALID_OPERATION
12-13 23:35:44.558 E/OpenGLRenderer( 1629): GL error:  GL_INVALID_OPERATION
12-13 23:35:44.558 E/OMXNodeInstance( 1489): setConfig(0xaca21200:google.vorbis.decoder, ConfigPriority(0x6f800002)) ERROR: Undefined(0x80001001)
12-13 23:35:44.558 I/ACodec  ( 1484): codec does not support config priority (err -2147483648)
12-13 23:35:44.558 E/OpenGLRenderer( 1629): GL error:  GL_INVALID_OPERATION
12-13 23:35:44.559 E/OpenGLRenderer( 1629): GL error:  GL_INVALID_OPERATION
12-13 23:35:44.559 E/OMXNodeInstance( 1489): getConfig(0xaca21200:google.vorbis.decoder, ConfigAndroidVendorExtension(0x6f100004)) ERROR: Undefined(0x80001001)
12-13 23:35:44.559 E/OpenGLRenderer( 1629): GL error:  GL_INVALID_OPERATION
12-13 23:35:44.560 E/OpenGLRenderer( 1629): GL error:  GL_INVALID_OPERATION
12-13 23:35:44.560 I/MediaCodec( 1484): MediaCodec will operate in async mode
12-13 23:35:44.564 I/chatty  ( 1629): uid=1000(system) RenderThread expire 18 lines
12-13 23:35:44.564 E/OpenGLRenderer( 1629): GL error:  GL_INVALID_OPERATION
12-13 23:35:44.567 W//system/bin/hw/android.hidl.allocator@1.0-service( 1389): ashmem_create_region(32768) returning hidl_memory(0xac31b850, 32768)
12-13 23:35:44.568 E/OpenGLRenderer( 1629): GL error:  GL_INVALID_OPERATION
12-13 23:35:44.571 I/chatty  ( 1629): uid=1000(system) RenderThread identical 2 lines
12-13 23:35:44.571 E/OpenGLRenderer( 1629): GL error:  GL_INVALID_OPERATION
12-13 23:35:44.572 W//system/bin/hw/android.hidl.allocator@1.0-service( 1389): ashmem_create_region(32768) returning hidl_memory(0xac31b850, 32768)
12-13 23:35:44.573 W//system/bin/hw/android.hidl.allocator@1.0-service( 1389): ashmem_create_region(32768) returning hidl_memory(0xac31b850, 32768)
12-13 23:35:44.573 E/OpenGLRenderer( 1629): GL error:  GL_INVALID_OPERATION
12-13 23:35:44.574 W//system/bin/hw/android.hidl.allocator@1.0-service( 1389): ashmem_create_region(32768) returning hidl_memory(0xac31b850, 32768)
12-13 23:35:44.574 E/OpenGLRenderer( 1629): GL error:  GL_INVALID_OPERATION
12-13 23:35:44.575 I/chatty  ( 1629): uid=1000(system) RenderThread identical 1 line
12-13 23:35:44.575 E/OpenGLRenderer( 1629): GL error:  GL_INVALID_OPERATION
12-13 23:35:44.575 W//system/bin/hw/android.hidl.allocator@1.0-service( 1389): ashmem_create_region(32768) returning hidl_memory(0xac31b850, 32768)
12-13 23:35:44.576 E/OpenGLRenderer( 1629): GL error:  GL_INVALID_OPERATION
12-13 23:35:44.576 W//system/bin/hw/android.hidl.allocator@1.0-service( 1389): ashmem_create_region(32768) returning hidl_memory(0xac31b850, 32768)
12-13 23:35:44.576 W//system/bin/hw/android.hidl.allocator@1.0-service( 1389): ashmem_create_region(32768) returning hidl_memory(0xac31b850, 32768)
12-13 23:35:44.576 W//system/bin/hw/android.hidl.allocator@1.0-service( 1389): ashmem_create_region(32768) returning hidl_memory(0xac31b850, 32768)
12-13 23:35:44.576 E/OpenGLRenderer( 1629): GL error:  GL_INVALID_OPERATION
12-13 23:35:44.589 I/chatty  ( 1629): uid=1000(system) RenderThread identical 18 lines
12-13 23:35:44.590 E/OpenGLRenderer( 1629): GL error:  GL_INVALID_OPERATION
12-13 23:35:44.591 W//system/bin/hw/android.hidl.allocator@1.0-service( 1389): ashmem_create_region(32768) returning hidl_memory(0xac31b850, 32768)
12-13 23:35:44.591 I/chatty  ( 1389): uid=1000(system) allocator@1.0-s identical 1 line
12-13 23:35:44.591 W//system/bin/hw/android.hidl.allocator@1.0-service( 1389): ashmem_create_region(32768) returning hidl_memory(0xac31b850, 32768)
12-13 23:35:44.592 E/OpenGLRenderer( 1629): GL error:  GL_INVALID_OPERATION
12-13 23:35:44.592 W//system/bin/hw/android.hidl.allocator@1.0-service( 1389): ashmem_create_region(32768) returning hidl_memory(0xac31b850, 32768)
12-13 23:35:44.592 E/OpenGLRenderer( 1629): GL error:  GL_INVALID_OPERATION
12-13 23:35:44.606 I/chatty  ( 1629): uid=1000(system) RenderThread identical 7 lines
12-13 23:35:44.608 E/OpenGLRenderer( 1629): GL error:  GL_INVALID_OPERATION
12-13 23:35:44.608 D/AudioTrack( 1484): Client defaulted notificationFrames to 7406 for frameCount 22218
12-13 23:35:44.610 D/NuPlayerDriver( 1484): notifyListener_l(0xb1b29540), (6, 0, 0, -1), loop setting(0, 0)
12-13 23:35:44.610 E/OpenGLRenderer( 1629): GL error:  GL_INVALID_OPERATION
12-13 23:35:44.611 E/OpenGLRenderer( 1629): GL error:  GL_INVALID_OPERATION
12-13 23:35:44.612 W/audio_hw_generic( 1390): Not supplying enough data to HAL, expected position 356491 , only wrote 356400
12-13 23:35:44.612 E/OpenGLRenderer( 1629): GL error:  GL_INVALID_OPERATION
12-13 23:35:44.818 I/chatty  ( 1629): uid=1000(system) RenderThread identical 510 lines
12-13 23:35:44.818 E/OpenGLRenderer( 1629): GL error:  GL_INVALID_OPERATION
12-13 23:35:44.818 I/zygote  ( 1727): Deoptimizing void com.android.systemui.statusbar.stack.ViewState.applyToView(android.view.View) due to JIT inline cache
12-13 23:35:44.818 E/OpenGLRenderer( 1629): GL error:  GL_INVALID_OPERATION
12-13 23:35:44.829 I/chatty  ( 1629): uid=1000(system) RenderThread identical 58 lines
12-13 23:35:44.829 E/OpenGLRenderer( 1629): GL error:  GL_INVALID_OPERATION
12-13 23:35:44.829 V/StatusBar( 1727): setLightsOn(true)
12-13 23:35:44.830 E/OpenGLRenderer( 1629): GL error:  GL_INVALID_OPERATION
12-13 23:35:44.882 I/chatty  ( 1629): uid=1000(system) RenderThread identical 190 lines
12-13 23:35:44.882 E/OpenGLRenderer( 1629): GL error:  GL_INVALID_OPERATION
12-13 23:35:44.883 I/zygote  ( 1629): Background concurrent copying GC freed 29991(1887KB) AllocSpace objects, 10(232KB) LOS objects, 36% free, 10MB/16MB, paused 707us total 283.826ms
12-13 23:35:44.883 E/OpenGLRenderer( 1629): GL error:  GL_INVALID_OPERATION
12-13 23:35:45.292 I/chatty  ( 1629): uid=1000(system) RenderThread identical 1239 lines
12-13 23:35:45.294 E/OpenGLRenderer( 1629): GL error:  GL_INVALID_OPERATION
12-13 23:35:45.296 D/gralloc_ranchu( 1396): gralloc_alloc: Creating ashmem region of size 7753728
12-13 23:35:45.297 E/OpenGLRenderer( 1629): GL error:  GL_INVALID_OPERATION
12-13 23:35:45.498 I/chatty  ( 1629): uid=1000(system) RenderThread identical 562 lines
12-13 23:35:45.498 E/OpenGLRenderer( 1629): GL error:  GL_INVALID_OPERATION
12-13 23:35:45.554 W/AudioTrack( 1484): getTimestamp() location moved from kernel to server
12-13 23:35:45.555 W/audio_hw_generic( 1390): Not supplying enough data to HAL, expected position 401671 , only wrote 400320
12-13 23:35:45.555 W/audio_hw_generic( 1390): Not supplying enough data to HAL, expected position 400328 , only wrote 400320
12-13 23:35:45.557 E/OpenGLRenderer( 1629): GL error:  GL_INVALID_OPERATION
12-13 23:35:46.239 I/chatty  ( 1629): uid=1000(system) RenderThread identical 2805 lines
12-13 23:35:46.239 E/OpenGLRenderer( 1629): GL error:  GL_INVALID_OPERATION
12-13 23:35:46.239 E/SurfaceFlinger( 1408): ro.sf.lcd_density must be defined as a build property
12-13 23:35:46.239 E/OpenGLRenderer( 1629): GL error:  GL_INVALID_OPERATION
12-13 23:35:46.249 I/chatty  ( 1629): uid=1000(system) RenderThread identical 43 lines
12-13 23:35:46.249 E/OpenGLRenderer( 1629): GL error:  GL_INVALID_OPERATION
12-13 23:35:46.249 D/gralloc_ranchu( 1396): gralloc_alloc: Creating ashmem region of size 8298496
12-13 23:35:46.249 E/OpenGLRenderer( 1629): GL error:  GL_INVALID_OPERATION
12-13 23:35:46.258 I/chatty  ( 1629): uid=1000(system) RenderThread identical 48 lines
12-13 23:35:46.258 E/OpenGLRenderer( 1629): GL error:  GL_INVALID_OPERATION
12-13 23:35:46.258 D/        ( 4542): HostConnection::get() New Host Connection established 0xb072f800, tid 4542
12-13 23:35:46.258 E/OpenGLRenderer( 1629): GL error:  GL_INVALID_OPERATION
12-13 23:35:46.372 I/chatty  ( 1629): uid=1000(system) RenderThread identical 349 lines
12-13 23:35:46.372 E/OpenGLRenderer( 1629): GL error:  GL_INVALID_OPERATION
12-13 23:35:46.373 I/NuPlayerDecoder( 1484): [audio] saw output EOS
12-13 23:35:46.373 E/OpenGLRenderer( 1629): GL error:  GL_INVALID_OPERATION
12-13 23:35:46.373 D/AudioTrack( 1484): stop() called with 84672 frames delivered
12-13 23:35:46.373 E/OpenGLRenderer( 1629): GL error:  GL_INVALID_OPERATION
12-13 23:35:46.383 E/TaskPersister( 1629): File error accessing recents directory (directory doesn't exist?).
12-13 23:35:46.451 I/chatty  ( 1629): uid=1000(system) RenderThread identical 207 lines
12-13 23:35:46.451 E/OpenGLRenderer( 1629): GL error:  GL_INVALID_OPERATION
12-13 23:35:46.453 I/zygote  ( 1629): Explicit concurrent copying GC freed 21314(1210KB) AllocSpace objects, 3(60KB) LOS objects, 38% free, 9MB/15MB, paused 1.703ms total 85.501ms
12-13 23:35:46.453 E/OpenGLRenderer( 1629): GL error:  GL_INVALID_OPERATION
12-13 23:35:46.775 I/chatty  ( 1629): uid=1000(system) RenderThread identical 696 lines
12-13 23:35:46.775 E/OpenGLRenderer( 1629): GL error:  GL_INVALID_OPERATION
12-13 23:35:46.777 D/NuPlayerDriver( 1484): notifyListener_l(0xb1b29540), (2, 0, 0, -1), loop setting(0, 0)
12-13 23:35:46.777 E/OpenGLRenderer( 1629): GL error:  GL_INVALID_OPERATION
12-13 23:35:46.778 E/OpenGLRenderer( 1629): GL error:  GL_INVALID_OPERATION
12-13 23:35:46.778 I/MediaFocusControl( 1629):  AudioFocus  abandonAudioFocus() from uid/pid 10028/1727 clientId=android.media.AudioManager@cf6b43
12-13 23:35:46.778 E/OpenGLRenderer( 1629): GL error:  GL_INVALID_OPERATION
12-13 23:35:46.859 I/chatty  ( 1629): uid=1000(system) RenderThread identical 358 lines
12-13 23:35:46.859 E/OpenGLRenderer( 1629): GL error:  GL_INVALID_OPERATION
12-13 23:35:46.860 I/System.out( 4480): URI: //
12-13 23:35:46.860 I/System.out( 4480): params: {json={"command":"set_activity_orientation","arguments":["portrait"]}
12-13 23:35:46.860 I/System.out( 4480): }
12-13 23:35:46.860 E/OpenGLRenderer( 1629): GL error:  GL_INVALID_OPERATION
12-13 23:35:46.860 I/System.out( 4480): header: {content-type=application/json;charset=utf-8, date=Mon, 14 Dec 2020 04:35:46 GMT, accept=*/*, host=127.0.0.1:34777, content-length=63, user-agent=HTTPClient/1.0 (2.8.3, ruby 2.5.8 (2020-03-31))}
12-13 23:35:46.860 I/System.out( 4480): params: {json={"command":"set_activity_orientation","arguments":["portrait"]}
12-13 23:35:46.860 I/System.out( 4480): }
12-13 23:35:46.860 I/System.out( 4480): ProP json = {"command":"set_activity_orientation","arguments":["portrait"]}
12-13 23:35:46.860 E/OpenGLRenderer( 1629): GL error:  GL_INVALID_OPERATION
12-13 23:35:46.860 I/System.out( 4480): files: {}
12-13 23:35:46.860 I/System.out( 4480): command: {"command":"set_activity_orientation","arguments":["portrait"]}
12-13 23:35:46.860 E/OpenGLRenderer( 1629): GL error:  GL_INVALID_OPERATION
12-13 23:35:46.866 I/chatty  ( 1629): uid=1000(system) RenderThread identical 27 lines
12-13 23:35:46.866 E/OpenGLRenderer( 1629): GL error:  GL_INVALID_OPERATION
12-13 23:35:46.867 I/InstrumentationBackend( 4480): Got command:'Command:'Line:null,set_activity_orientation', arguments:'[portrait]'
12-13 23:35:46.867 E/OpenGLRenderer( 1629): GL error:  GL_INVALID_OPERATION
12-13 23:35:46.870 I/chatty  ( 1629): uid=1000(system) RenderThread identical 9 lines
12-13 23:35:46.871 E/OpenGLRenderer( 1629): GL error:  GL_INVALID_OPERATION
12-13 23:35:46.871 D/gralloc_ranchu( 1396): gralloc_alloc: Creating ashmem region of size 8298496
12-13 23:35:46.871 E/OpenGLRenderer( 1629): GL error:  GL_INVALID_OPERATION
12-13 23:35:46.966 W/LocalDisplayAdapter( 1629): Unable to find color mode 0, ignoring request.
12-13 23:35:46.970 I/chatty  ( 1629): uid=1000(system) RenderThread identical 247 lines
12-13 23:35:46.971 E/OpenGLRenderer( 1629): GL error:  GL_INVALID_OPERATION
12-13 23:35:46.974 I/ActivityManager( 1629): Config changes=480 {1.0 310mcc260mnc [en_US] ldltr sw411dp w411dp h659dp 420dpi nrml port finger qwerty/v/v -nav/h appBounds=Rect(0, 0 - 1080, 1794) s.8}
12-13 23:35:46.982 I/InputReader( 1629): Reconfiguring input devices.  changes=0x00000004
12-13 23:35:46.982 I/InputReader( 1629): Device reconfigured: id=0, name='qwerty2', size 1080x1920, orientation 0, mode 1, display id 0
12-13 23:35:46.983 I/ActivityManager( 1629): Override config changes=480 {1.0 310mcc260mnc [en_US] ldltr sw411dp w411dp h659dp 420dpi nrml port finger qwerty/v/v -nav/h appBounds=Rect(0, 0 - 1080, 1794) s.8} for displayId=0
12-13 23:35:46.997 I/InputReader( 1629): Reconfiguring input devices.  changes=0x00000004
12-13 23:35:47.013 E/OpenGLRenderer( 1629): GL error:  GL_INVALID_OPERATION
12-13 23:35:47.070 I/chatty  ( 1629): uid=1000(system) RenderThread identical 163 lines
12-13 23:35:47.070 E/OpenGLRenderer( 1629): GL error:  GL_INVALID_OPERATION
12-13 23:35:47.072 D/gralloc_ranchu( 1396): gralloc_alloc: Creating ashmem region of size 544768
12-13 23:35:47.072 E/OpenGLRenderer( 1629): GL error:  GL_INVALID_OPERATION
12-13 23:35:47.081 I/chatty  ( 1629): uid=1000(system) RenderThread identical 49 lines
12-13 23:35:47.081 E/OpenGLRenderer( 1629): GL error:  GL_INVALID_OPERATION
12-13 23:35:47.081 I/zygote  ( 1720): Do partial code cache collection, code=62KB, data=38KB
12-13 23:35:47.081 E/OpenGLRenderer( 1629): GL error:  GL_INVALID_OPERATION
12-13 23:35:47.082 I/zygote  ( 1720): After code cache collection, code=62KB, data=38KB
12-13 23:35:47.082 I/zygote  ( 1720): Increasing code cache capacity to 256KB
12-13 23:35:47.082 E/OpenGLRenderer( 1629): GL error:  GL_INVALID_OPERATION
12-13 23:35:47.092 I/chatty  ( 1629): uid=1000(system) RenderThread identical 13 lines
12-13 23:35:47.092 E/OpenGLRenderer( 1629): GL error:  GL_INVALID_OPERATION
12-13 23:35:47.095 D/EGL_emulation( 1727): eglMakeCurrent: 0xa0ee72e0: ver 3 0 (tinfo 0xa0efbcd0)
12-13 23:35:47.098 E/OpenGLRenderer( 1629): GL error:  GL_INVALID_OPERATION
12-13 23:35:47.103 I/chatty  ( 1629): uid=1000(system) RenderThread identical 13 lines
12-13 23:35:47.103 E/OpenGLRenderer( 1629): GL error:  GL_INVALID_OPERATION
12-13 23:35:47.103 I/calabash( 4480): newActivity1
12-13 23:35:47.103 E/OpenGLRenderer( 1629): GL error:  GL_INVALID_OPERATION
12-13 23:35:47.103 I/chatty  ( 1629): uid=1000(system) RenderThread identical 2 lines
12-13 23:35:47.104 E/OpenGLRenderer( 1629): GL error:  GL_INVALID_OPERATION
12-13 23:35:47.104 D/gralloc_ranchu( 1396): gralloc_alloc: Creating ashmem region of size 544768
12-13 23:35:47.104 E/OpenGLRenderer( 1629): GL error:  GL_INVALID_OPERATION
12-13 23:35:47.131 I/chatty  ( 1629): uid=1000(system) RenderThread identical 109 lines
12-13 23:35:47.131 E/OpenGLRenderer( 1629): GL error:  GL_INVALID_OPERATION
12-13 23:35:47.133 W/ActivityManager( 1629): Bad activity token: android.os.BinderProxy@ab37f6
12-13 23:35:47.133 W/ActivityManager( 1629): java.lang.ClassCastException: android.os.BinderProxy cannot be cast to com.android.server.am.ActivityRecord$Token
12-13 23:35:47.133 W/ActivityManager( 1629): 	at com.android.server.am.ActivityRecord.forTokenLocked(ActivityRecord.java:778)
12-13 23:35:47.133 W/ActivityManager( 1629): 	at com.android.server.am.ActivityRecord.isInStackLocked(ActivityRecord.java:2085)
12-13 23:35:47.133 W/ActivityManager( 1629): 	at com.android.server.am.ActivityRecord.getStackLocked(ActivityRecord.java:2090)
12-13 23:35:47.133 W/ActivityManager( 1629): 	at com.android.server.am.ActivityManagerService.getActivityDisplayId(ActivityManagerService.java:10406)
12-13 23:35:47.133 W/ActivityManager( 1629): 	at android.app.IActivityManager$Stub.onTransact(IActivityManager.java:2738)
12-13 23:35:47.133 W/ActivityManager( 1629): 	at com.android.server.am.ActivityManagerService.onTransact(ActivityManagerService.java:2935)
12-13 23:35:47.133 W/ActivityManager( 1629): 	at android.os.Binder.execTransact(Binder.java:674)
12-13 23:35:47.135 I/calabash( 4480): newActivity1
12-13 23:35:47.136 E/OpenGLRenderer( 1629): GL error:  GL_INVALID_OPERATION
12-13 23:35:47.139 W/ActivityManager( 1629): Bad activity token: android.os.BinderProxy@ab37f6
12-13 23:35:47.139 W/ActivityManager( 1629): java.lang.ClassCastException: android.os.BinderProxy cannot be cast to com.android.server.am.ActivityRecord$Token
12-13 23:35:47.139 W/ActivityManager( 1629): 	at com.android.server.am.ActivityRecord.forTokenLocked(ActivityRecord.java:778)
12-13 23:35:47.139 W/ActivityManager( 1629): 	at com.android.server.am.ActivityRecord.isInStackLocked(ActivityRecord.java:2085)
12-13 23:35:47.139 W/ActivityManager( 1629): 	at com.android.server.am.ActivityManagerService.setTaskDescription(ActivityManagerService.java:9988)
12-13 23:35:47.139 W/ActivityManager( 1629): 	at android.app.IActivityManager$Stub.onTransact(IActivityManager.java:2824)
12-13 23:35:47.139 W/ActivityManager( 1629): 	at com.android.server.am.ActivityManagerService.onTransact(ActivityManagerService.java:2935)
12-13 23:35:47.139 W/ActivityManager( 1629): 	at android.os.Binder.execTransact(Binder.java:674)
12-13 23:35:47.142 W/ActivityManager( 1629): Bad activity token: android.os.BinderProxy@ab37f6
12-13 23:35:47.142 W/ActivityManager( 1629): java.lang.ClassCastException: android.os.BinderProxy cannot be cast to com.android.server.am.ActivityRecord$Token
12-13 23:35:47.142 W/ActivityManager( 1629): 	at com.android.server.am.ActivityRecord.forTokenLocked(ActivityRecord.java:778)
12-13 23:35:47.142 W/ActivityManager( 1629): 	at com.android.server.am.ActivityRecord.isInStackLocked(ActivityRecord.java:2085)
12-13 23:35:47.142 W/ActivityManager( 1629): 	at com.android.server.am.ActivityRecord.getStackLocked(ActivityRecord.java:2090)
12-13 23:35:47.142 W/ActivityManager( 1629): 	at com.android.server.am.ActivityManagerService.getActivityStackId(ActivityManagerService.java:10417)
12-13 23:35:47.142 W/ActivityManager( 1629): 	at android.app.IActivityManager$Stub.onTransact(IActivityManager.java:3548)
12-13 23:35:47.142 W/ActivityManager( 1629): 	at com.android.server.am.ActivityManagerService.onTransact(ActivityManagerService.java:2935)
12-13 23:35:47.142 W/ActivityManager( 1629): 	at android.os.Binder.execTransact(Binder.java:674)
12-13 23:35:47.205 W/ActivityManager( 1629): Bad activity token: android.os.BinderProxy@ab37f6
12-13 23:35:47.205 W/ActivityManager( 1629): java.lang.ClassCastException: android.os.BinderProxy cannot be cast to com.android.server.am.ActivityRecord$Token
12-13 23:35:47.205 W/ActivityManager( 1629): 	at com.android.server.am.ActivityRecord.forTokenLocked(ActivityRecord.java:778)
12-13 23:35:47.205 W/ActivityManager( 1629): 	at com.android.server.am.ActivityRecord.isInStackLocked(ActivityRecord.java:2085)
12-13 23:35:47.205 W/ActivityManager( 1629): 	at com.android.server.am.ActivityManagerService.getActivityOptions(ActivityManagerService.java:13302)
12-13 23:35:47.205 W/ActivityManager( 1629): 	at android.app.IActivityManager$Stub.onTransact(IActivityManager.java:2910)
12-13 23:35:47.205 W/ActivityManager( 1629): 	at com.android.server.am.ActivityManagerService.onTransact(ActivityManagerService.java:2935)
12-13 23:35:47.205 W/ActivityManager( 1629): 	at android.os.Binder.execTransact(Binder.java:674)
12-13 23:35:47.205 W/ActivityManager( 1629): Bad activity token: android.os.BinderProxy@ab37f6
12-13 23:35:47.205 W/ActivityManager( 1629): java.lang.ClassCastException: android.os.BinderProxy cannot be cast to com.android.server.am.ActivityRecord$Token
12-13 23:35:47.205 W/ActivityManager( 1629): 	at com.android.server.am.ActivityRecord.forTokenLocked(ActivityRecord.java:778)
12-13 23:35:47.205 W/ActivityManager( 1629): 	at com.android.server.am.ActivityRecord.isInStackLocked(ActivityRecord.java:2085)
12-13 23:35:47.205 W/ActivityManager( 1629): 	at com.android.server.am.ActivityManagerService.getActivityOptions(ActivityManagerService.java:13302)
12-13 23:35:47.205 W/ActivityManager( 1629): 	at android.app.IActivityManager$Stub.onTransact(IActivityManager.java:2910)
12-13 23:35:47.205 W/ActivityManager( 1629): 	at com.android.server.am.ActivityManagerService.onTransact(ActivityManagerService.java:2935)
12-13 23:35:47.205 W/ActivityManager( 1629): 	at android.os.Binder.execTransact(Binder.java:674)
12-13 23:35:47.250 I/chatty  ( 1629): uid=1000(system) RenderThread identical 410 lines
12-13 23:35:47.250 E/OpenGLRenderer( 1629): GL error:  GL_INVALID_OPERATION
12-13 23:35:47.255 V/StatusBar( 1727): setLightsOn(true)
12-13 23:35:47.256 E/OpenGLRenderer( 1629): GL error:  GL_INVALID_OPERATION
12-13 23:35:47.266 I/chatty  ( 1629): uid=1000(system) RenderThread identical 27 lines
12-13 23:35:47.267 E/OpenGLRenderer( 1629): GL error:  GL_INVALID_OPERATION
12-13 23:35:47.267 D/gralloc_ranchu( 1396): gralloc_alloc: Creating ashmem region of size 544768
12-13 23:35:47.269 E/OpenGLRenderer( 1629): GL error:  GL_INVALID_OPERATION
12-13 23:35:47.279 I/chatty  ( 1629): uid=1000(system) RenderThread identical 15 lines
12-13 23:35:47.279 E/OpenGLRenderer( 1629): GL error:  GL_INVALID_OPERATION
12-13 23:35:47.280 I/System.out( 4480): result:{"bonusInformation":[],"message":"","success":true}
12-13 23:35:47.281 E/OpenGLRenderer( 1629): GL error:  GL_INVALID_OPERATION
12-13 23:35:47.364 I/chatty  ( 1629): uid=1000(system) RenderThread identical 257 lines
12-13 23:35:47.364 D/gralloc_ranchu( 1396): gralloc_alloc: Creating ashmem region of size 274432
12-13 23:35:47.364 E/OpenGLRenderer( 1629): GL error:  GL_INVALID_OPERATION
12-13 23:35:47.365 E/OpenGLRenderer( 1629): GL error:  GL_INVALID_OPERATION
12-13 23:35:47.396 I/chatty  ( 1629): uid=1000(system) RenderThread identical 110 lines
12-13 23:35:47.396 E/OpenGLRenderer( 1629): GL error:  GL_INVALID_OPERATION
12-13 23:35:47.396 D/gralloc_ranchu( 1396): gralloc_alloc: Creating ashmem region of size 7753728
12-13 23:35:47.396 E/OpenGLRenderer( 1629): GL error:  GL_INVALID_OPERATION
12-13 23:35:47.455 I/chatty  ( 1629): uid=1000(system) RenderThread identical 216 lines
