--------- beginning of main
12-13 23:41:14.465 I/GMS_MM_Logger( 3763): Started.
12-13 23:41:14.469 I/bgwx    ( 3763): Primes not initialized, returning default (no-op) Primes instance which will ignore all calls. Please call Primes.initialize(...) before using any Primes API.
12-13 23:41:14.476 D/EGL_emulation( 2207): eglMakeCurrent: 0xa1b84540: ver 3 0 (tinfo 0xa1b83680)
12-13 23:41:14.480 I/zygote  ( 2179): Deoptimizing int android.support.v4.a.k.aqf(java.lang.Object) due to JIT inline cache
12-13 23:41:14.494 I/Choreographer( 2179): Skipped 32 frames!  The application may be doing too much work on its main thread.
12-13 23:41:14.516 I/MicroDetectionWorker( 2207): #updateMicroDetector [detectionMode: [mDetectionMode: [1]]]
12-13 23:41:14.516 I/MicroDetectionWorker( 2207): #startMicroDetector [speakerMode: 0]
12-13 23:41:14.519 I/AudioController( 2207): Using mInputStreamFactoryBuilder
12-13 23:41:14.520 D/EGL_emulation( 2179): eglMakeCurrent: 0x9f5fd980: ver 3 0 (tinfo 0x9f5ffc10)
12-13 23:41:14.530 I/MicroDetectionWorker( 2207): onReady
12-13 23:41:14.539 I/MicroRecognitionRunner( 2207): Starting detection.
12-13 23:41:14.550 I/MicrophoneInputStream( 2207): mic_starting com.google.android.apps.gsa.staticplugins.aa.c@e9364ce
12-13 23:41:14.558 I/MicrophoneInputStream( 2207): mic_started com.google.android.apps.gsa.staticplugins.aa.c@e9364ce
12-13 23:41:14.560 I/MicroDetectionWorker( 2207): onReady
12-13 23:41:14.562 I/MicroRecognitionRunner( 2207): Detection finished
12-13 23:41:14.562 I/AudioFlinger( 1476): AudioFlinger's thread 0xa5f92240 tid=3821 ready to run
12-13 23:41:14.562 W/ErrorReporter( 2207): reportError [type: 211, code: 524300]: Error reading from input stream
12-13 23:41:14.564 I/MicroRecognitionRunner( 2207): Stopping hotword detection.
12-13 23:41:14.564 W/ErrorProcessor( 2207): onFatalError, processing error from engine(4)
12-13 23:41:14.564 W/ErrorProcessor( 2207): com.google.android.apps.gsa.shared.speech.b.g: Error reading from input stream
12-13 23:41:14.564 W/ErrorProcessor( 2207): 	at com.google.android.apps.gsa.staticplugins.recognizer.j.a.a(SourceFile:28)
12-13 23:41:14.564 W/ErrorProcessor( 2207): 	at com.google.android.apps.gsa.staticplugins.recognizer.j.b.run(SourceFile:15)
12-13 23:41:14.564 W/ErrorProcessor( 2207): 	at java.util.concurrent.Executors$RunnableAdapter.call(Executors.java:457)
12-13 23:41:14.564 W/ErrorProcessor( 2207): 	at java.util.concurrent.FutureTask.run(FutureTask.java:266)
12-13 23:41:14.564 W/ErrorProcessor( 2207): 	at com.google.android.apps.gsa.shared.util.concurrent.a.ax.run(SourceFile:14)
12-13 23:41:14.564 W/ErrorProcessor( 2207): 	at com.google.android.apps.gsa.shared.util.concurrent.a.bl.run(SourceFile:4)
12-13 23:41:14.564 W/ErrorProcessor( 2207): 	at com.google.android.apps.gsa.shared.util.concurrent.a.bl.run(SourceFile:4)
12-13 23:41:14.564 W/ErrorProcessor( 2207): 	at java.util.concurrent.ThreadPoolExecutor.runWorker(ThreadPoolExecutor.java:1162)
12-13 23:41:14.564 W/ErrorProcessor( 2207): 	at java.util.concurrent.ThreadPoolExecutor$Worker.run(ThreadPoolExecutor.java:636)
12-13 23:41:14.564 W/ErrorProcessor( 2207): 	at java.lang.Thread.run(Thread.java:764)
12-13 23:41:14.564 W/ErrorProcessor( 2207): 	at com.google.android.apps.gsa.shared.util.concurrent.a.ai.run(SourceFile:6)
12-13 23:41:14.564 W/ErrorProcessor( 2207): Caused by: com.google.android.apps.gsa.shared.exception.GsaIOException: Error code: 393238 | Buffer overflow, no available space.
12-13 23:41:14.564 W/ErrorProcessor( 2207): 	at com.google.android.apps.gsa.speech.audio.Tee.f(SourceFile:103)
12-13 23:41:14.564 W/ErrorProcessor( 2207): 	at com.google.android.apps.gsa.speech.audio.au.read(SourceFile:2)
12-13 23:41:14.564 W/ErrorProcessor( 2207): 	at java.io.InputStream.read(InputStream.java:101)
12-13 23:41:14.564 W/ErrorProcessor( 2207): 	at com.google.android.apps.gsa.speech.audio.ao.run(SourceFile:18)
12-13 23:41:14.564 W/ErrorProcessor( 2207): 	at com.google.android.apps.gsa.speech.audio.an.run(SourceFile:2)
12-13 23:41:14.564 W/ErrorProcessor( 2207): 	... 9 more
12-13 23:41:14.564 I/AudioController( 2207): internalShutdown
12-13 23:41:14.561 I/MicrophoneInputStream( 2207): mic_close com.google.android.apps.gsa.staticplugins.aa.c@e9364ce
12-13 23:41:14.567 I/GCoreUlr( 1942): DispatchingService ignoring Intent { act=android.net.wifi.WIFI_STATE_CHANGED flg=0x4000010 (has extras) } because ULR inactive
12-13 23:41:14.594 I/MicroDetector( 2207): Keeping mic open: false
12-13 23:41:14.594 I/MicroDetectionWorker( 2207): #onError(false)
12-13 23:41:14.595 I/DeviceStateChecker( 2207): DeviceStateChecker cancelled
12-13 23:41:14.632 I/GCoreUlr( 1942): WorldUpdater received intent Intent { act=com.google.android.location.reporting.ACTION_UPDATE_WORLD cmp=com.google.android.gms/com.google.android.location.reporting.service.DispatchingService (has extras) } with receiverAction init
12-13 23:41:14.651 I/Checkin ( 2108): [AndroidCheckinProtoModule] Checkin reason type: 1 attempt count: 1.
12-13 23:41:14.809 I/GCoreUlr( 1942): WorldUpdater:init: Ensuring that reporting is stopped because of reasons: (no Google accounts)
12-13 23:41:14.823 D/BoundBrokerSvc( 1942): onBind: Intent { act=com.google.android.gms.pseudonymous.service.START cmp=com.google.android.gms/.chimera.PersistentApiService }
12-13 23:41:14.823 D/BoundBrokerSvc( 1942): Loading bound service for intent: Intent { act=com.google.android.gms.pseudonymous.service.START cmp=com.google.android.gms/.chimera.PersistentApiService }
12-13 23:41:14.828 I/GCoreUlr( 1942): Unbound from all signal providers.
12-13 23:41:14.857 I/GCoreUlr( 1942): Unbound from all signal providers.
12-13 23:41:14.857 I/GCoreUlr( 1942): Stopping handler for UlrDispSvcFast
12-13 23:41:15.002 W/ProviderHelper( 2108): Unknown dynamite feature providerinstaller.dynamite
12-13 23:41:15.003 I/DynamiteModule( 2108): Considering local module com.google.android.gms.providerinstaller.dynamite:1 and remote module com.google.android.gms.providerinstaller.dynamite:0
12-13 23:41:15.003 I/DynamiteModule( 2108): Selected local version of com.google.android.gms.providerinstaller.dynamite
12-13 23:41:15.016 W/OpenGLRenderer( 2179): Incorrectly called buildLayer on View: ShortcutAndWidgetContainer, destroying layer...
12-13 23:41:15.030 W/Conscrypt( 2108): Could not set socket write timeout: java.net.SocketException: Socket closed
12-13 23:41:15.030 W/Conscrypt( 2108): 	at com.google.android.gms.org.conscrypt.Platform.setSocketWriteTimeout(:com.google.android.gms@204713022@20.47.13 (040700-344095733):2)
12-13 23:41:15.030 W/Conscrypt( 2108): 	at com.google.android.gms.org.conscrypt.ConscryptFileDescriptorSocket.setSoWriteTimeout(:com.google.android.gms@204713022@20.47.13 (040700-344095733):0)
12-13 23:41:15.165 W/Conscrypt( 2108): Could not set socket write timeout: java.net.SocketException: Socket closed
12-13 23:41:15.165 W/Conscrypt( 2108): 	at com.google.android.gms.org.conscrypt.Platform.setSocketWriteTimeout(:com.google.android.gms@204713022@20.47.13 (040700-344095733):2)
12-13 23:41:15.165 W/Conscrypt( 2108): 	at com.google.android.gms.org.conscrypt.ConscryptFileDescriptorSocket.setSoWriteTimeout(:com.google.android.gms@204713022@20.47.13 (040700-344095733):0)
12-13 23:41:15.172 I/zygote  ( 1942): Do partial code cache collection, code=486KB, data=301KB
12-13 23:41:15.173 I/zygote  ( 1942): After code cache collection, code=486KB, data=301KB
12-13 23:41:15.173 I/zygote  ( 1942): Increasing code cache capacity to 2MB
12-13 23:41:16.174 D/WificondControl( 1628): Scan result ready event
12-13 23:41:16.576 D/BoundBrokerSvc( 2108): onUnbind: Intent { act=com.google.android.gms.cast.firstparty.START cmp=com.google.android.gms/.chimera.GmsBoundBrokerService }
12-13 23:41:17.396 D/BoundBrokerSvc( 2108): onUnbind: Intent { act=com.google.android.gms.auth.service.START pkg=com.google.android.gms }
12-13 23:41:18.203 I/Checkin ( 2108): [CheckinRequestProcessor] updateCheckinIdTokenFileFromResponse, Reading existing AID
12-13 23:41:18.354 I/zygote  ( 3763): Waiting for a blocking GC ProfileSaver
12-13 23:41:18.365 I/zygote  ( 3763): WaitForGcToComplete blocked for 10.806ms for cause ProfileSaver
12-13 23:41:18.388 D/BoundBrokerSvc( 2108): onUnbind: Intent { act=com.google.android.gms.checkin.START pkg=com.google.android.gms }
12-13 23:41:18.515 D/BoundBrokerSvc( 2108): onUnbind: Intent { act=com.google.android.gms.feedback.internal.IFeedbackService cmp=com.google.android.gms/.chimera.GmsBoundBrokerService }
--------- beginning of system
12-13 23:41:18.781 E/BatteryStatsService( 1628): modem info is invalid: ModemActivityInfo{ mTimestamp=0 mSleepTimeMs=0 mIdleTimeMs=0 mTxTimeMs[]=[0, 0, 0, 0, 0] mRxTimeMs=0 mEnergyUsed=0}
12-13 23:41:18.811 W/NamedFutures( 2207): Timeout future task has been cancelled: 10000 milliseconds
12-13 23:41:18.813 E/SearchServiceStarter( 2207): Task 174 failed or timed out. Client 9708096570853438 disconnecting from SearchService!
12-13 23:41:18.813 E/SearchServiceStarter( 2207): java.util.concurrent.CancellationException: Task was cancelled.
12-13 23:41:18.813 E/SearchServiceStarter( 2207): 	at com.google.common.util.concurrent.d.ct(SourceFile:75)
12-13 23:41:18.813 E/SearchServiceStarter( 2207): 	at com.google.common.util.concurrent.d.get(SourceFile:57)
12-13 23:41:18.813 E/SearchServiceStarter( 2207): 	at com.google.common.util.concurrent.cg.n(SourceFile:2)
12-13 23:41:18.813 E/SearchServiceStarter( 2207): 	at com.google.common.util.concurrent.av.l(SourceFile:50)
12-13 23:41:18.813 E/SearchServiceStarter( 2207): 	at com.google.common.util.concurrent.ax.run(SourceFile:5)
12-13 23:41:18.813 E/SearchServiceStarter( 2207): 	at com.google.android.apps.gsa.shared.util.concurrent.a.bc.run(SourceFile:2)
12-13 23:41:18.813 E/SearchServiceStarter( 2207): 	at android.os.Handler.handleCallback(Handler.java:789)
12-13 23:41:18.813 E/SearchServiceStarter( 2207): 	at android.os.Handler.dispatchMessage(Handler.java:98)
12-13 23:41:18.813 E/SearchServiceStarter( 2207): 	at android.os.Looper.loop(Looper.java:164)
12-13 23:41:18.813 E/SearchServiceStarter( 2207): 	at android.app.ActivityThread.main(ActivityThread.java:6541)
12-13 23:41:18.813 E/SearchServiceStarter( 2207): 	at java.lang.reflect.Method.invoke(Native Method)
12-13 23:41:18.813 E/SearchServiceStarter( 2207): 	at com.android.internal.os.Zygote$MethodAndArgsCaller.run(Zygote.java:240)
12-13 23:41:18.813 E/SearchServiceStarter( 2207): 	at com.android.internal.os.ZygoteInit.main(ZygoteInit.java:767)
12-13 23:41:18.847 I/Dialer  ( 2014): VvmTaskReceiver - task received
12-13 23:41:18.847 I/Dialer  ( 2014): VvmTaskReceiver - TaskExecutor already running
12-13 23:41:18.847 I/Dialer  ( 2014): Task.createTask - create task:com.android.voicemail.impl.ActivationTask
12-13 23:41:18.848 I/Dialer  ( 2014): TaskQueue.add - duplicated task added
12-13 23:41:18.848 I/Dialer  ( 2014): VvmTaskExecutor - com.android.voicemail.impl.ActivationTask@7961570 added
12-13 23:41:18.849 W/BroadcastQueue( 1628): Background execution not allowed: receiving Intent { act=android.intent.action.PACKAGE_REMOVED dat=package:com.evancharlton.mileage.test flg=0x4000010 (has extras) } to com.android.vending/com.google.android.finsky.packagemanager.impl.PackageMonitorReceiverImpl$RegisteredReceiver
12-13 23:41:18.849 W/BroadcastQueue( 1628): Background execution not allowed: receiving Intent { act=android.intent.action.PACKAGE_REMOVED dat=package:com.evancharlton.mileage.test flg=0x4000010 (has extras) } to com.android.vending/com.google.android.finsky.instantapps.appmanagement.InstantAppRemoveMonitor
12-13 23:41:18.849 W/BroadcastQueue( 1628): Background execution not allowed: receiving Intent { act=android.intent.action.PACKAGE_REMOVED dat=package:com.evancharlton.mileage.test flg=0x4000010 (has extras) } to com.google.android.gms/.games.chimera.GamesSystemBroadcastReceiverProxy
12-13 23:41:18.849 W/BroadcastQueue( 1628): Background execution not allowed: receiving Intent { act=android.intent.action.PACKAGE_REMOVED dat=package:com.evancharlton.mileage.test flg=0x4000010 (has extras) } to com.google.android.gms/.chimera.GmsIntentOperationService$PersistentTrustedReceiver
12-13 23:41:18.849 W/BroadcastQueue( 1628): Background execution not allowed: receiving Intent { act=android.intent.action.PACKAGE_REMOVED dat=package:com.evancharlton.mileage.test flg=0x4000010 (has extras) } to com.google.android.googlequicksearchbox/com.google.android.apps.gsa.googlequicksearchbox.GelStubAppWatcher
12-13 23:41:18.857 I/Finsky  ( 2541): [2] ycb.d(13): PackageMonitorReceiverImpl - Received: android.intent.action.PACKAGE_FULLY_REMOVED, [Hc-uu0eID9wC4ptvRCsWBIQPDhHxrgxu8bZlIwakNJw]
12-13 23:41:18.858 I/Finsky  ( 2541): [2] ydc.g(1): Invalidating cached PackageState for com.evancharlton.mileage.test
12-13 23:41:18.860 I/Finsky  ( 2541): [2] ouk.d(2): Frosting ID looked up on UI thread. Caller should move to a background thread.
12-13 23:41:18.862 I/Finsky  ( 2541): [2] qlq.s(2): Installer: package com.evancharlton.mileage.test was removed. replacing: false
12-13 23:41:18.863 I/Finsky  ( 2541): [2] qmo.L(12): Installer: Notifying status update. package=com.evancharlton.mileage.test, status=UNINSTALLED
12-13 23:41:18.868 I/Finsky  ( 2541): [2] alxk.a(3): Do not start WearSupportService due to Wear service optimization
12-13 23:41:18.870 I/Finsky  ( 2541): [2] alxk.a(3): Do not start WearSupportService due to Wear service optimization
12-13 23:41:18.871 I/Finsky  ( 2541): [2] adxl.a(8): Clearing split related stale data.
12-13 23:41:18.872 I/Finsky  ( 2541): [168] gvx.a(12): Asset module storage cleared for package com.evancharlton.mileage.test.
12-13 23:41:18.874 I/Finsky  ( 2541): [156] otx.run(16): Wrote row to frosting DB: 522
12-13 23:41:18.883 I/Finsky  ( 2541): [125] jmd.a(15): [ContentSync] finished, scheduled=false
12-13 23:41:18.887 I/Finsky  ( 2541): [166] rab.C(2): IQ: Notifying installation update. package=com.evancharlton.mileage.test, status=UNINSTALLED
12-13 23:41:18.890 I/Finsky  ( 2541): [2] qmo.O(7): Installer: found apps to install. isMultiUserMode=false, apps=[]
12-13 23:41:18.892 I/Finsky  ( 2541): [156] otx.run(16): Wrote row to frosting DB: 523
12-13 23:41:18.911 I/ExposureNotification( 2108): Still can find package com.evancharlton.mileage.test after receive its fully removed broadcast, which was installed 9596 ms ago. Ignore the fully removed broadcast. [CONTEXT service_id=236 ]
12-13 23:41:18.915 D/BoundBrokerSvc( 2108): onBind: Intent { act=com.google.android.gms.common.BIND_SHARED_PREFS pkg=com.google.android.gms }
12-13 23:41:18.915 D/BoundBrokerSvc( 2108): Loading bound service for intent: Intent { act=com.google.android.gms.common.BIND_SHARED_PREFS pkg=com.google.android.gms }
12-13 23:41:18.918 I/Finsky  ( 2541): [166] rab.t(33): IQ: No matching installs to run for jobs: []
12-13 23:41:18.920 D/BoundBrokerSvc( 2108): onUnbind: Intent { act=com.google.android.gms.common.BIND_SHARED_PREFS pkg=com.google.android.gms }
12-13 23:41:18.923 I/DigitalWidgetProvider( 3486): onReceive: Intent { act=com.android.deskclock.ALARM_CHANGED flg=0x10 cmp=com.google.android.deskclock/com.android.alarmclock.DigitalAppWidgetProvider }
12-13 23:41:18.951 W/BroadcastQueue( 1628): Background execution not allowed: receiving Intent { act=android.intent.action.PACKAGE_ADDED dat=package:com.evancharlton.mileage.test flg=0x4000010 (has extras) } to com.android.vending/com.google.android.finsky.packagemanager.impl.PackageMonitorReceiverImpl$RegisteredReceiver
12-13 23:41:18.951 W/BroadcastQueue( 1628): Background execution not allowed: receiving Intent { act=android.intent.action.PACKAGE_ADDED dat=package:com.evancharlton.mileage.test flg=0x4000010 (has extras) } to com.google.android.gms/.games.chimera.GamesSystemBroadcastReceiverProxy
12-13 23:41:18.953 W/BroadcastQueue( 1628): Background execution not allowed: receiving Intent { act=android.intent.action.PACKAGE_ADDED dat=package:com.evancharlton.mileage.test flg=0x4000010 (has extras) } to com.google.android.gms/.gass.chimera.PackageChangeBroadcastReceiver
12-13 23:41:18.953 W/BroadcastQueue( 1628): Background execution not allowed: receiving Intent { act=android.intent.action.PACKAGE_ADDED dat=package:com.evancharlton.mileage.test flg=0x4000010 (has extras) } to com.google.android.gms/.chimera.GmsIntentOperationService$PersistentTrustedReceiver
12-13 23:41:18.953 W/BroadcastQueue( 1628): Background execution not allowed: receiving Intent { act=android.intent.action.PACKAGE_ADDED dat=package:com.evancharlton.mileage.test flg=0x4000010 (has extras) } to com.google.android.googlequicksearchbox/com.google.android.apps.gsa.googlequicksearchbox.GelStubAppWatcher
12-13 23:41:18.982 W/zygote  ( 3844): Unexpected CPU variant for X86 using defaults: x86
12-13 23:41:18.987 I/ActivityManager( 1628): Start proc 3844:com.google.android.videos/u0a72 for service com.google.android.videos/.service.drm.RefreshLicenseTaskService
12-13 23:41:19.008 I/MultiDex( 3844): VM with version 2.1.0 has multidex support
12-13 23:41:19.008 I/MultiDex( 3844): install
12-13 23:41:19.008 I/MultiDex( 3844): VM has multidex support, MultiDex support library is disabled.
12-13 23:41:19.010 W/BroadcastQueue( 1628): Background execution not allowed: receiving Intent { act=android.intent.action.DROPBOX_ENTRY_ADDED flg=0x10 (has extras) } to com.google.android.gms/.stats.service.DropBoxEntryAddedReceiver
12-13 23:41:19.010 W/BroadcastQueue( 1628): Background execution not allowed: receiving Intent { act=android.intent.action.DROPBOX_ENTRY_ADDED flg=0x10 (has extras) } to com.google.android.gms/.chimera.GmsIntentOperationService$PersistentTrustedReceiver
12-13 23:41:19.017 E/NetworkScheduler.ATC( 1942): Called cancelTask for already completed task com.google.android.videos/.service.drm.RefreshLicenseTaskService{u=0 tag="refresh_license_forced" trigger=window{start=0s,end=1s,earliest=0s,latest=0s} requirements=[NET_CONNECTED] attributes=[] scheduled=0s last_run=0s exec_window_multiplier=1.0000 jid=N/A status=PENDING retries=0 client_lib=MANCHEGO_GCM-10400000} :5 [CONTEXT service_id=218 ]
12-13 23:41:19.022 W/NetworkScheduler( 1942): Immediate task was not started com.google.android.videos/.service.drm.RefreshLicenseTaskService{u=0 tag="refresh_license_forced" trigger=window{start=0s,end=1s,earliest=0s,latest=0s} requirements=[NET_CONNECTED] attributes=[] scheduled=0s last_run=N/A exec_window_multiplier=1.0000 jid=N/A status=PENDING retries=0 client_lib=MANCHEGO_GCM-10400000}. Rescheduling immediate tasks can cause excessive battery drain.
12-13 23:41:19.132 I/zygote  ( 1942): Deoptimizing int cdcx.u(java.lang.Object, byte[], int, int, int, int, int, int, long, int, long, ccyx) due to JIT inline cache
12-13 23:41:19.191 I/zygote  ( 3844): Deoptimizing int com.google.android.videos.utils.UriBuilder.indexOfNextParameterDelimiter(java.lang.CharSequence, int, int) due to JIT inline cache
12-13 23:41:19.234 I/NetworkScheduler.Stats( 1942): Task com.google.android.videos/ finished executing. cause:7 result: 6 elapsed_millis: 49 uptime_millis: 49 exec_start_elapsed_seconds: 50 [CONTEXT service_id=218 ]
12-13 23:41:19.235 W/NetworkScheduler( 1942): No record of active task com.google.android.videos/.service.drm.RefreshLicenseTaskService{u=0 tag="refresh_license_forced" trigger=window{start=0s,end=1s,earliest=0s,latest=0s} requirements=[NET_CONNECTED] attributes=[] scheduled=0s last_run=0s exec_window_multiplier=1.0000 jid=N/A status=PENDING retries=0 client_lib=MANCHEGO_GCM-10400000}
12-13 23:41:19.238 I/ActivityManager( 1628): Killing 3263:com.android.cellbroadcastreceiver/u0a5 (adj 906): empty #17
12-13 23:41:19.244 W/ActivityManager( 1628): Background start not allowed: service Intent { cmp=com.google.android.videos/.service.pinning.TransferService (has extras) } to com.google.android.videos/.service.pinning.TransferService from pid=3844 uid=10072 pkg=com.google.android.videos
12-13 23:41:19.246 I/Finsky  ( 2541): [111] daj.a(7): Received content filters request from com.google.android.videos
12-13 23:41:19.260 I/PlayMovies( 3844): RefreshLicenseTaskService.forceLicenseRefreshNow:66 Scheduled task now refresh_license_forced
12-13 23:41:19.260 I/PlayMovies( 3844): 
12-13 23:41:19.264 D/PlayMovies( 3844): PersistentCache.cleanup:104 Cache is below limit, no need to shrink: [size=0, limit=5242880]
12-13 23:41:19.264 D/PlayMovies( 3844): 
12-13 23:41:19.275 D/Primes  ( 3844): Package metric disabled.
12-13 23:41:19.275 D/Primes  ( 3844): Battery metric disabled
12-13 23:41:19.275 D/Primes  ( 3844): MagicEye logging metric disabled
12-13 23:41:19.278 D/CryptdConnector( 1628): SND -> {11 cryptfs getpwtype}
12-13 23:41:19.278 D/VoldCryptCmdListener( 1343): cryptfs getpwtype
12-13 23:41:19.279 D/CryptdConnector( 1628): RCV <- {213 11 default}
12-13 23:41:19.453 I/PlayMovies( 3844): RefreshLicenseTaskService.onRunTask:96 On run task refresh_license_forced
12-13 23:41:19.453 I/PlayMovies( 3844): 
12-13 23:41:19.499 I/zygote  ( 2108): Deoptimizing boolean dbx.d(android.content.Context, dbv, java.lang.String) due to JIT inline cache
12-13 23:41:19.598 I/MicroDetectionWorker( 2207): #updateMicroDetector [detectionMode: [mDetectionMode: [1]]]
12-13 23:41:19.598 I/MicroDetectionWorker( 2207): #startMicroDetector [speakerMode: 0]
12-13 23:41:19.598 I/AudioController( 2207): Using mInputStreamFactoryBuilder
12-13 23:41:19.600 I/MicroDetectionWorker( 2207): onReady
12-13 23:41:19.602 I/MicroRecognitionRunner( 2207): Starting detection.
12-13 23:41:19.602 I/MicrophoneInputStream( 2207): mic_starting com.google.android.apps.gsa.staticplugins.aa.c@1089d7e
12-13 23:41:19.607 I/MicrophoneInputStream( 2207): mic_started com.google.android.apps.gsa.staticplugins.aa.c@1089d7e
12-13 23:41:19.607 I/AudioFlinger( 1476): AudioFlinger's thread 0xa5c83640 tid=3891 ready to run
12-13 23:41:19.607 E/ActivityThread( 2207): Failed to find provider info for com.google.android.apps.gsa.testing.ui.audio.recorded
12-13 23:41:19.608 I/MicroDetectionWorker( 2207): onReady
12-13 23:41:19.609 I/MicrophoneInputStream( 2207): mic_close com.google.android.apps.gsa.staticplugins.aa.c@1089d7e
12-13 23:41:19.611 I/MicroRecognitionRunner( 2207): Detection finished
12-13 23:41:19.612 W/ErrorReporter( 2207): reportError [type: 211, code: 524300]: Error reading from input stream
12-13 23:41:19.612 I/MicroRecognitionRunner( 2207): Stopping hotword detection.
12-13 23:41:19.613 W/ErrorProcessor( 2207): onFatalError, processing error from engine(4)
12-13 23:41:19.613 W/ErrorProcessor( 2207): com.google.android.apps.gsa.shared.speech.b.g: Error reading from input stream
12-13 23:41:19.613 W/ErrorProcessor( 2207): 	at com.google.android.apps.gsa.staticplugins.recognizer.j.a.a(SourceFile:28)
12-13 23:41:19.613 W/ErrorProcessor( 2207): 	at com.google.android.apps.gsa.staticplugins.recognizer.j.b.run(SourceFile:15)
12-13 23:41:19.613 W/ErrorProcessor( 2207): 	at java.util.concurrent.Executors$RunnableAdapter.call(Executors.java:457)
12-13 23:41:19.613 W/ErrorProcessor( 2207): 	at java.util.concurrent.FutureTask.run(FutureTask.java:266)
12-13 23:41:19.613 W/ErrorProcessor( 2207): 	at com.google.android.apps.gsa.shared.util.concurrent.a.ax.run(SourceFile:14)
12-13 23:41:19.613 W/ErrorProcessor( 2207): 	at com.google.android.apps.gsa.shared.util.concurrent.a.bl.run(SourceFile:4)
12-13 23:41:19.613 W/ErrorProcessor( 2207): 	at com.google.android.apps.gsa.shared.util.concurrent.a.bl.run(SourceFile:4)
12-13 23:41:19.613 W/ErrorProcessor( 2207): 	at java.util.concurrent.ThreadPoolExecutor.runWorker(ThreadPoolExecutor.java:1162)
12-13 23:41:19.613 W/ErrorProcessor( 2207): 	at java.util.concurrent.ThreadPoolExecutor$Worker.run(ThreadPoolExecutor.java:636)
12-13 23:41:19.613 W/ErrorProcessor( 2207): 	at java.lang.Thread.run(Thread.java:764)
12-13 23:41:19.613 W/ErrorProcessor( 2207): 	at com.google.android.apps.gsa.shared.util.concurrent.a.ai.run(SourceFile:6)
12-13 23:41:19.613 W/ErrorProcessor( 2207): Caused by: com.google.android.apps.gsa.shared.exception.GsaIOException: Error code: 393238 | Buffer overflow, no available space.
12-13 23:41:19.613 W/ErrorProcessor( 2207): 	at com.google.android.apps.gsa.speech.audio.Tee.f(SourceFile:103)
12-13 23:41:19.613 W/ErrorProcessor( 2207): 	at com.google.android.apps.gsa.speech.audio.au.read(SourceFile:2)
12-13 23:41:19.613 W/ErrorProcessor( 2207): 	at java.io.InputStream.read(InputStream.java:101)
12-13 23:41:19.613 W/ErrorProcessor( 2207): 	at com.google.android.apps.gsa.speech.audio.ao.run(SourceFile:18)
12-13 23:41:19.613 W/ErrorProcessor( 2207): 	at com.google.android.apps.gsa.speech.audio.an.run(SourceFile:2)
12-13 23:41:19.613 W/ErrorProcessor( 2207): 	... 9 more
12-13 23:41:19.613 I/AudioController( 2207): internalShutdown
12-13 23:41:19.614 I/MicroDetector( 2207): Keeping mic open: false
12-13 23:41:19.614 I/MicroDetectionWorker( 2207): #onError(false)
12-13 23:41:19.615 I/DeviceStateChecker( 2207): DeviceStateChecker cancelled
12-13 23:41:19.619 I/zygote  ( 1942): Deoptimizing java.lang.String asqf.i(android.os.Bundle) due to JIT inline cache
12-13 23:41:19.730 E/NetworkScheduler.ATC( 1942): Called cancelTask for already completed task com.google.android.videos/.service.drm.RefreshLicenseTaskService{u=0 tag="refresh_license_forced" trigger=window{start=0s,end=1s,earliest=0s,latest=0s} requirements=[NET_CONNECTED] attributes=[] scheduled=0s last_run=0s exec_window_multiplier=1.0000 jid=N/A status=ACTIVE retries=0 client_lib=MANCHEGO_GCM-10400000} :0 [CONTEXT service_id=218 ]
12-13 23:41:19.730 W/NetworkScheduler( 1942): Immediate task was not started com.google.android.videos/.service.drm.RefreshLicenseTaskService{u=0 tag="refresh_license_forced" trigger=window{start=0s,end=1s,earliest=0s,latest=0s} requirements=[NET_CONNECTED] attributes=[] scheduled=0s last_run=N/A exec_window_multiplier=1.0000 jid=N/A status=PENDING retries=0 client_lib=MANCHEGO_GCM-10400000}. Rescheduling immediate tasks can cause excessive battery drain.
12-13 23:41:19.730 I/NetworkScheduler.Stats( 1942): Task com.google.android.videos/ started execution. cause:7 exec_start_elapsed_seconds: 50 [CONTEXT service_id=218 ]
12-13 23:41:19.731 I/NetworkScheduler.Stats( 1942): Task com.google.android.gms/com.google.android.gms.pay.gcmtask.PayGcmTaskService started execution. cause:7 exec_start_elapsed_seconds: 50 [CONTEXT service_id=218 ]
12-13 23:41:19.731 I/NetworkScheduler.Stats( 1942): Task com.google.android.videos/ finished executing. cause:7 result: 1 elapsed_millis: 74 uptime_millis: 74 exec_start_elapsed_seconds: 50 [CONTEXT service_id=218 ]
12-13 23:41:19.733 I/NetworkScheduler.Stats( 1942): Task com.google.android.gms/com.google.android.gms.pay.gcmtask.PayGcmTaskService finished executing. cause:7 result: 1 elapsed_millis: 45 uptime_millis: 45 exec_start_elapsed_seconds: 50 [CONTEXT service_id=218 ]
12-13 23:41:19.801 I/NetworkScheduler.Stats( 1942): Task com.google.android.gms/com.google.android.gms.clearcut.uploader.QosUploaderService started execution. cause:5 exec_start_elapsed_seconds: 50 [CONTEXT service_id=218 ]
12-13 23:41:19.825 I/PlayMovies( 3844): RefreshLicenseTaskService.onRunTask:96 On run task refresh_license
12-13 23:41:19.825 I/PlayMovies( 3844): 
12-13 23:41:19.832 I/NetworkScheduler.Stats( 1942): Task com.google.android.videos/ started execution. cause:5 exec_start_elapsed_seconds: 50 [CONTEXT service_id=218 ]
12-13 23:41:19.834 I/NetworkScheduler.Stats( 1942): Task com.google.android.gms/com.google.android.gms.clearcut.uploader.QosUploaderService finished executing. cause:5 result: 1 elapsed_millis: 67 uptime_millis: 67 exec_start_elapsed_seconds: 50 [CONTEXT service_id=218 ]
12-13 23:41:19.839 I/NetworkScheduler.Stats( 1942): Task com.google.android.videos/ finished executing. cause:5 result: 1 elapsed_millis: 16 uptime_millis: 16 exec_start_elapsed_seconds: 50 [CONTEXT service_id=218 ]
12-13 23:41:19.922 I/NetworkScheduler.Stats( 1942): Task com.google.android.gms/com.google.android.gms.gass.chimera.SchedulePeriodicTasksService started execution. cause:5 exec_start_elapsed_seconds: 50 [CONTEXT service_id=218 ]
12-13 23:41:20.006 I/NetworkScheduler.Stats( 1942): Task com.google.android.gms/com.google.android.gms.pay.gcmtask.PayGcmTaskService started execution. cause:5 exec_start_elapsed_seconds: 51 [CONTEXT service_id=218 ]
12-13 23:41:20.007 D/BoundBrokerSvc( 1942): onBind: Intent { act=com.google.android.gms.tapandpay.service.BIND cmp=com.google.android.gms/.chimera.PersistentApiService }
12-13 23:41:20.008 D/BoundBrokerSvc( 1942): Loading bound service for intent: Intent { act=com.google.android.gms.tapandpay.service.BIND cmp=com.google.android.gms/.chimera.PersistentApiService }
12-13 23:41:20.016 I/NetworkScheduler.Stats( 1942): Task com.google.android.gms/com.google.android.gms.gass.chimera.SchedulePeriodicTasksService finished executing. cause:5 result: 1 elapsed_millis: 141 uptime_millis: 141 exec_start_elapsed_seconds: 50 [CONTEXT service_id=218 ]
12-13 23:41:20.066 E/Pay     ( 2108): No account found on the task or the device. Notification task will not be rescheduled. [CONTEXT service_id=198 ]
12-13 23:41:20.101 I/NetworkScheduler.Stats( 1942): Task com.google.android.gms/com.google.android.gms.pay.gcmtask.PayGcmTaskService started execution. cause:5 exec_start_elapsed_seconds: 51 [CONTEXT service_id=218 ]
12-13 23:41:20.107 D/BoundBrokerSvc( 2108): onBind: Intent { act=com.google.android.gms.pay.service.BIND cmp=com.google.android.gms/.chimera.GmsApiService }
12-13 23:41:20.107 D/BoundBrokerSvc( 2108): Loading bound service for intent: Intent { act=com.google.android.gms.pay.service.BIND cmp=com.google.android.gms/.chimera.GmsApiService }
12-13 23:41:20.112 I/Pay     ( 2108): Migration flag not enabled. [CONTEXT service_id=198 ]
12-13 23:41:20.117 I/jgl     ( 2108): Primes not initialized, returning default (no-op) Primes instance which will ignore all calls. Please call Primes.initialize(...) before using any Primes API.
12-13 23:41:20.137 I/NetworkScheduler.Stats( 1942): Task com.google.android.gms/com.google.android.gms.pay.gcmtask.PayGcmTaskService finished executing. cause:5 result: 2 elapsed_millis: 161 uptime_millis: 161 exec_start_elapsed_seconds: 51 [CONTEXT service_id=218 ]
12-13 23:41:20.166 I/Pay     ( 2108): Migration already completed. [CONTEXT service_id=198 ]
12-13 23:41:20.197 I/chatty  ( 2108): uid=10011(u0_a11) lowpool[3] identical 1 line
12-13 23:41:20.199 I/Pay     ( 2108): Migration already completed. [CONTEXT service_id=198 ]
12-13 23:41:20.199 I/Pay     ( 2108): Migration flag not enabled. [CONTEXT service_id=198 ]
12-13 23:41:20.202 I/Pay     ( 2108): Migration already completed. [CONTEXT service_id=198 ]
12-13 23:41:20.202 I/Pay     ( 2108): Migration flag not enabled. [CONTEXT service_id=198 ]
12-13 23:41:20.238 I/NetworkScheduler.Stats( 1942): Task com.google.android.gms/com.google.android.gms.pay.gcmtask.PayGcmTaskService started execution. cause:5 exec_start_elapsed_seconds: 51 [CONTEXT service_id=218 ]
12-13 23:41:20.255 I/NetworkScheduler.Stats( 1942): Task com.google.android.gms/com.google.android.gms.pay.gcmtask.PayGcmTaskService finished executing. cause:5 result: 1 elapsed_millis: 174 uptime_millis: 174 exec_start_elapsed_seconds: 51 [CONTEXT service_id=218 ]
12-13 23:41:20.257 I/NetworkScheduler.Stats( 1942): Task com.google.android.gms/com.google.android.gms.pay.gcmtask.PayGcmTaskService finished executing. cause:5 result: 1 elapsed_millis: 47 uptime_millis: 47 exec_start_elapsed_seconds: 51 [CONTEXT service_id=218 ]
12-13 23:41:20.261 W/SystemServiceRegistry( 3637): No service published for: persistent_data_block
12-13 23:41:20.336 I/Pay     ( 2108): Device does not support HCE. [CONTEXT service_id=198 ]
12-13 23:41:20.342 I/NetworkScheduler.Stats( 1942): Task com.google.android.gms/com.google.android.gms.pay.gcmtask.PayGcmTaskService started execution. cause:5 exec_start_elapsed_seconds: 51 [CONTEXT service_id=218 ]
12-13 23:41:20.380 W/Binder:3637_1( 3637): type=1400 audit(0.0:20): avc: denied { read } for name="modules" dev="proc" ino=4026532034 scontext=u:r:priv_app:s0:c512,c768 tcontext=u:object_r:proc_modules:s0 tclass=file permissive=0
12-13 23:41:20.406 D/EGL_emulation( 3637): eglCreateContext: 0x8b030980: maj 3 min 0 rcv 3
12-13 23:41:20.408 D/EGL_emulation( 3637): eglMakeCurrent: 0x8b030980: ver 3 0 (tinfo 0x8ad0ca90)
12-13 23:41:20.408 E/eglCodecCommon( 3637): glUtilsParamSize: unknow param 0x00008cdf
12-13 23:41:20.408 E/eglCodecCommon( 3637): glUtilsParamSize: unknow param 0x00008cdf
12-13 23:41:20.408 E/eglCodecCommon( 3637): glUtilsParamSize: unknow param 0x00008824
12-13 23:41:20.408 E/eglCodecCommon( 3637): glUtilsParamSize: unknow param 0x00008824
12-13 23:41:20.418 I/NetworkScheduler.Stats( 1942): Task com.google.android.gms/com.google.android.gms.pay.gcmtask.PayGcmTaskService started execution. cause:5 exec_start_elapsed_seconds: 51 [CONTEXT service_id=218 ]
12-13 23:41:20.435 D/BoundBrokerSvc( 1942): onUnbind: Intent { act=com.google.android.gms.icing.LIGHTWEIGHT_INDEX_SERVICE cmp=com.google.android.gms/.chimera.PersistentApiService }
12-13 23:41:20.453 I/NetworkScheduler.Stats( 1942): Task com.google.android.gms/com.google.android.gms.pay.gcmtask.PayGcmTaskService finished executing. cause:5 result: 2 elapsed_millis: 152 uptime_millis: 153 exec_start_elapsed_seconds: 51 [CONTEXT service_id=218 ]
12-13 23:41:20.463 D/EGL_emulation( 3637): eglCreateContext: 0x8b030b60: maj 3 min 0 rcv 3
12-13 23:41:20.465 I/NetworkScheduler.Stats( 1942): Task com.google.android.gms/com.google.android.gms.pay.gcmtask.PayGcmTaskService finished executing. cause:5 result: 1 elapsed_millis: 69 uptime_millis: 69 exec_start_elapsed_seconds: 51 [CONTEXT service_id=218 ]
12-13 23:41:20.466 D/EGL_emulation( 3637): eglMakeCurrent: 0x8b030b60: ver 3 0 (tinfo 0x8ad0ca90)
12-13 23:41:20.466 E/eglCodecCommon( 3637): glUtilsParamSize: unknow param 0x00008cdf
12-13 23:41:20.466 E/eglCodecCommon( 3637): glUtilsParamSize: unknow param 0x00008cdf
12-13 23:41:20.467 E/eglCodecCommon( 3637): glUtilsParamSize: unknow param 0x00008824
12-13 23:41:20.467 E/eglCodecCommon( 3637): glUtilsParamSize: unknow param 0x00008824
12-13 23:41:20.548 I/NetworkScheduler.Stats( 1942): Task com.google.android.gms/com.google.android.gms.tapandpay.gcmtask.TapAndPayGcmTaskService started execution. cause:5 exec_start_elapsed_seconds: 51 [CONTEXT service_id=218 ]
12-13 23:41:20.600 I/NetworkScheduler.Stats( 1942): Task com.google.android.gms/com.google.android.gms.tapandpay.gcmtask.TapAndPayGcmTaskService started execution. cause:5 exec_start_elapsed_seconds: 51 [CONTEXT service_id=218 ]
12-13 23:41:20.610 W/Conscrypt( 2108): Could not set socket write timeout: java.net.SocketException: Socket closed
12-13 23:41:20.611 W/Conscrypt( 2108): 	at com.google.android.gms.org.conscrypt.Platform.setSocketWriteTimeout(:com.google.android.gms@204713022@20.47.13 (040700-344095733):2)
12-13 23:41:20.611 W/Conscrypt( 2108): 	at com.google.android.gms.org.conscrypt.ConscryptFileDescriptorSocket.setSoWriteTimeout(:com.google.android.gms@204713022@20.47.13 (040700-344095733):0)
12-13 23:41:20.619 I/NetworkScheduler.Stats( 1942): Task com.google.android.gms/com.google.android.gms.tapandpay.gcmtask.TapAndPayGcmTaskService finished executing. cause:5 result: 1 elapsed_millis: 108 uptime_millis: 108 exec_start_elapsed_seconds: 51 [CONTEXT service_id=218 ]
12-13 23:41:20.620 I/NetworkScheduler.Stats( 1942): Task com.google.android.gms/com.google.android.gms.tapandpay.gcmtask.TapAndPayGcmTaskService finished executing. cause:5 result: 1 elapsed_millis: 42 uptime_millis: 42 exec_start_elapsed_seconds: 51 [CONTEXT service_id=218 ]
12-13 23:41:20.687 I/NetworkScheduler.Stats( 1942): Task com.google.android.gms/com.google.android.gms.tapandpay.gcmtask.TapAndPayGcmTaskService started execution. cause:5 exec_start_elapsed_seconds: 51 [CONTEXT service_id=218 ]
12-13 23:41:20.702 W/Conscrypt( 2108): Could not set socket write timeout: java.net.SocketException: Socket closed
12-13 23:41:20.702 W/Conscrypt( 2108): 	at com.google.android.gms.org.conscrypt.Platform.setSocketWriteTimeout(:com.google.android.gms@204713022@20.47.13 (040700-344095733):2)
12-13 23:41:20.702 W/Conscrypt( 2108): 	at com.google.android.gms.org.conscrypt.ConscryptFileDescriptorSocket.setSoWriteTimeout(:com.google.android.gms@204713022@20.47.13 (040700-344095733):0)
12-13 23:41:20.765 I/NetworkScheduler.Stats( 1942): Task com.google.android.gms/com.google.android.gms.udc.service.UdcContextInitService started execution. cause:5 exec_start_elapsed_seconds: 51 [CONTEXT service_id=218 ]
12-13 23:41:20.771 I/NetworkScheduler.Stats( 1942): Task com.google.android.gms/com.google.android.gms.tapandpay.gcmtask.TapAndPayGcmTaskService finished executing. cause:5 result: 1 elapsed_millis: 117 uptime_millis: 117 exec_start_elapsed_seconds: 51 [CONTEXT service_id=218 ]
12-13 23:41:20.810 I/PlayMovies( 3844): RefreshLicenseTaskService.onRunTask:96 On run task refresh_license_forced
12-13 23:41:20.810 I/PlayMovies( 3844): 
12-13 23:41:20.829 I/NetworkScheduler.Stats( 1942): Task com.google.android.videos/ started execution. cause:5 exec_start_elapsed_seconds: 51 [CONTEXT service_id=218 ]
12-13 23:41:20.831 I/NetworkScheduler.Stats( 1942): Task com.google.android.videos/ finished executing. cause:5 result: 1 elapsed_millis: 37 uptime_millis: 37 exec_start_elapsed_seconds: 51 [CONTEXT service_id=218 ]
12-13 23:41:20.849 I/NetworkScheduler.Stats( 1942): Task com.google.android.gms/com.google.android.gms.udc.service.UdcContextInitService finished executing. cause:5 result: 1 elapsed_millis: 115 uptime_millis: 115 exec_start_elapsed_seconds: 51 [CONTEXT service_id=218 ]
12-13 23:41:20.890 V/LifecycleAwareServiceBi( 2541): notify unbound
12-13 23:41:20.890 V/LifecycleAwareServiceBi( 2541): com.google.common.flogger.LogSiteStackTrace: MEDIUM
12-13 23:41:20.890 V/LifecycleAwareServiceBi( 2541): 	at com.google.frameworks.client.data.android.binder.LifecycleAwareServiceBinding.h(PG:1)
12-13 23:41:20.890 V/LifecycleAwareServiceBi( 2541): 	at axqg.run(Unknown Source:4)
12-13 23:41:20.890 V/LifecycleAwareServiceBi( 2541): 	at android.os.Handler.handleCallback(Handler.java:789)
12-13 23:41:20.890 V/LifecycleAwareServiceBi( 2541): 	at android.os.Handler.dispatchMessage(Handler.java:98)
12-13 23:41:20.890 V/LifecycleAwareServiceBi( 2541): 	at android.os.Looper.loop(Looper.java:164)
12-13 23:41:20.890 V/LifecycleAwareServiceBi( 2541): 	at android.app.ActivityThread.main(ActivityThread.java:6541)
12-13 23:41:20.890 V/LifecycleAwareServiceBi( 2541): 	at java.lang.reflect.Method.invoke(Native Method)
12-13 23:41:20.890 V/LifecycleAwareServiceBi( 2541): 	at com.android.internal.os.Zygote$MethodAndArgsCaller.run(Zygote.java:240)
12-13 23:41:20.890 V/LifecycleAwareServiceBi( 2541): 	at com.android.internal.os.ZygoteInit.main(ZygoteInit.java:767)
12-13 23:41:20.891 V/LifecycleAwareServiceBi( 2541): notify unbound - notifying
12-13 23:41:20.894 I/Finsky:download_service( 2755): [2] sxn.onDestroy(8): IPC-SERVER: Stopping gRPC host service...
12-13 23:41:21.215 I/Checkin ( 2108): [CheckinRequestProcessor] Default Task : Checkin Succeeded: https://android.googleapis.com/checkin (fragment #1).
12-13 23:41:21.244 W/BroadcastQueue( 1628): Permission Denial: broadcasting Intent { act=com.google.android.checkin.CHECKIN_COMPLETE flg=0x1000010 (has extras) } from com.google.android.gms (pid=2108, uid=10011) is not exported from uid 10023 due to receiver com.android.vending/com.google.android.finsky.checkin.CheckinReceiver
12-13 23:41:21.260 I/Checkin ( 2108): [CheckinOperation] Checkin Operation finished with result: 0 finish time: 52317.
12-13 23:41:21.306 D/BoundBrokerSvc( 1942): onUnbind: Intent { act=com.google.android.gms.usagereporting.service.START pkg=com.google.android.gms }
12-13 23:41:21.509 D/AndroidRuntime( 3903): >>>>>> START com.android.internal.os.RuntimeInit uid 2000 <<<<<<
12-13 23:41:21.551 W/app_process( 3903): Unexpected CPU variant for X86 using defaults: x86
12-13 23:41:21.567 D/AndroidRuntime( 3903): Calling main entry com.android.commands.am.Am
12-13 23:41:21.570 I/ActivityManager( 1628): Force stopping com.evancharlton.mileage appid=10180 user=0: start instr
12-13 23:41:21.570 I/ActivityManager( 1628): Killing 3745:com.evancharlton.mileage/u0a180 (adj 0): stop com.evancharlton.mileage
12-13 23:41:21.572 W/ActivityManager( 1628): Crash of app com.evancharlton.mileage running instrumentation ComponentInfo{com.evancharlton.mileage.test/sh.calaba.instrumentationbackend.ClearAppData2}
12-13 23:41:21.572 I/ActivityManager( 1628): Force stopping com.evancharlton.mileage appid=10180 user=0: finished inst
12-13 23:41:21.581 I/zygote  ( 3913): Not late-enabling -Xcheck:jni (already on)
12-13 23:41:21.587 W/zygote  ( 3913): Unexpected CPU variant for X86 using defaults: x86
12-13 23:41:21.587 I/ActivityManager( 1628): Start proc 3913:com.evancharlton.mileage/u0a180 for added application com.evancharlton.mileage
12-13 23:41:21.588 D/AndroidRuntime( 3903): Shutting down VM
12-13 23:41:21.609 E/adbd    ( 1384): failed to connect to socket 'tcp:7102': Connection refused
12-13 23:41:21.611 E/adbd    ( 1384): failed to connect to socket 'tcp:7102': Connection refused
12-13 23:41:21.624 W/zygote  ( 3913): Found duplicate classes, falling back to extracting from APK : /data/app/com.evancharlton.mileage.test-MRCWoy15jHH7soC3DAbshQ==/base.apk
12-13 23:41:21.624 W/zygote  ( 3913): NOTE: This wastes RAM and hurts startup performance.
12-13 23:41:21.624 W/zygote  ( 3913): Found duplicated class when checking oat files: 'Ljunit/runner/BaseTestRunner;' in /data/app/com.evancharlton.mileage.test-MRCWoy15jHH7soC3DAbshQ==/base.apk and /system/framework/android.test.runner.jar
12-13 23:41:21.624 W/zygote  ( 3913): 
12-13 23:41:21.636 I/ActivityManager( 1628): Killing 3359:com.android.externalstorage/u0a8 (adj 906): empty #17
12-13 23:41:21.655 W/System  ( 3913): ClassLoader referenced unknown path: 
12-13 23:41:21.667 I/System.out( 3913): Main activity name automatically set to: com.evancharlton.mileage.Mileage
12-13 23:41:21.667 I/System.out( 3913): Calabash did not load Mono. This is only a problem if you are trying to test a Mono application
12-13 23:41:21.667 I/calabash( 3913): Test server port: 7102
12-13 23:41:21.668 I/InstrumentationBackend( 3913): Added:'GetPreferences', with key:'get_preferences'
12-13 23:41:21.719 E/adbd    ( 1384): failed to connect to socket 'tcp:7102': Connection refused
12-13 23:41:21.721 E/adbd    ( 1384): failed to connect to socket 'tcp:7102': Connection refused
12-13 23:41:21.734 I/InstrumentationBackend( 3913): Added:'SetPreferences', with key:'set_preferences'
12-13 23:41:21.735 I/InstrumentationBackend( 3913): Added:'ClearPreferences', with key:'clear_preferences'
12-13 23:41:21.735 I/InstrumentationBackend( 3913): Added:'PressElement', with key:'press_l10n_element'
12-13 23:41:21.736 I/InstrumentationBackend( 3913): Added:'WaitForElement', with key:'wait_for_l10n_element'
12-13 23:41:21.736 I/InstrumentationBackend( 3913): Added:'NullAction', with key:'nullAction'
12-13 23:41:21.737 I/InstrumentationBackend( 3913): Added:'PressKey', with key:'press_key'
12-13 23:41:21.737 I/InstrumentationBackend( 3913): Added:'SetActivityOrientation', with key:'set_activity_orientation'
12-13 23:41:21.737 I/InstrumentationBackend( 3913): Added:'GetActivityOrientation', with key:'get_activity_orientation'
12-13 23:41:21.738 I/InstrumentationBackend( 3913): Added:'FakeGPSLocation', with key:'set_gps_coordinates'
12-13 23:41:21.738 I/InstrumentationBackend( 3913): Added:'SetPropertyByCssSelector', with key:'set_property_by_css_selector'
12-13 23:41:21.739 I/InstrumentationBackend( 3913): Added:'GetUrl', with key:'get_url'
12-13 23:41:21.741 I/InstrumentationBackend( 3913): Added:'ScrollTo', with key:'scroll_to'
12-13 23:41:21.742 I/InstrumentationBackend( 3913): Added:'GetLoadProgress', with key:'get_load_progress'
12-13 23:41:21.742 I/InstrumentationBackend( 3913): Added:'DumpHtml', with key:'dump_html'
12-13 23:41:21.742 I/InstrumentationBackend( 3913): Added:'DumpBodyHtml', with key:'dump_body_html'
12-13 23:41:21.742 I/InstrumentationBackend( 3913): Added:'EnterTextByCssSelector', with key:'enter_text_by_selector'
12-13 23:41:21.746 I/InstrumentationBackend( 3913): Added:'AndroidSDKVersion', with key:'android_sdk_version'
12-13 23:41:21.747 I/InstrumentationBackend( 3913): Added:'Version', with key:'version'
12-13 23:41:21.747 I/InstrumentationBackend( 3913): Added:'Drag', with key:'drag'
12-13 23:41:21.747 I/InstrumentationBackend( 3913): Added:'TouchCoordinates', with key:'touch_coordinate'
12-13 23:41:21.747 I/InstrumentationBackend( 3913): Added:'LongPressCoordinate', with key:'long_press_coordinate'
12-13 23:41:21.747 I/InstrumentationBackend( 3913): Added:'DragCoordinates', with key:'drag_coordinates'
12-13 23:41:21.748 I/InstrumentationBackend( 3913): Added:'ResumeApplication', with key:'resume_application'
12-13 23:41:21.748 I/InstrumentationBackend( 3913): Added:'Swipe', with key:'swipe'
12-13 23:41:21.749 I/InstrumentationBackend( 3913): Added:'DoubleTapCoordinate', with key:'double_tap_coordinate'
12-13 23:41:21.749 I/InstrumentationBackend( 3913): Added:'ClickOnScreen', with key:'click_on_screen'
12-13 23:41:21.750 I/InstrumentationBackend( 3913): Added:'GetActivityName', with key:'get_activity_name'
12-13 23:41:21.750 I/InstrumentationBackend( 3913): Added:'ScrollToView', with key:'scroll_to_view'
12-13 23:41:21.750 I/InstrumentationBackend( 3913): Added:'ViewConfiguration', with key:'view_configuration'
12-13 23:41:21.751 I/InstrumentationBackend( 3913): Added:'IsCurrentActivityFocused', with key:'is_current_activity_focused'
12-13 23:41:21.751 I/InstrumentationBackend( 3913): Added:'SendTcp', with key:'send_tcp'
12-13 23:41:21.751 I/InstrumentationBackend( 3913): Added:'DpToDevicePixel', with key:'dp_to_device_pixel'
12-13 23:41:21.752 I/InstrumentationBackend( 3913): Added:'KeyboardEnterText', with key:'keyboard_enter_text'
12-13 23:41:21.753 I/InstrumentationBackend( 3913): Added:'DeleteSurroundingText', with key:'delete_surrounding_text'
12-13 23:41:21.753 I/InstrumentationBackend( 3913): Added:'SetComposingRegion', with key:'set_composing_region'
12-13 23:41:21.754 I/InstrumentationBackend( 3913): Added:'SetSelection', with key:'set_selection'
12-13 23:41:21.754 I/InstrumentationBackend( 3913): Added:'KeyboardKeyEvent', with key:'keyboard_key_event'
12-13 23:41:21.754 I/InstrumentationBackend( 3913): Added:'PressUserActionButton', with key:'press_user_action_button'
12-13 23:41:21.755 I/InstrumentationBackend( 3913): Added:'HideSoftKeyboard', with key:'hide_soft_keyboard'
12-13 23:41:21.756 I/InstrumentationBackend( 3913): Added:'ListActions', with key:'list_actions'
12-13 23:41:21.757 I/calabash( 3913): Instantiating http server at 7102
12-13 23:41:21.757 I/System.out( 3913): HTTP Daemon listening on: 7102
12-13 23:41:21.835 I/System.out( 3913): URI: //ping
12-13 23:41:21.836 I/System.out( 3913): params: {json={}
12-13 23:41:21.836 I/System.out( 3913): }
12-13 23:41:21.847 I/System.out( 3913): URI: //ping
12-13 23:41:21.847 I/System.out( 3913): params: {json={}
12-13 23:41:21.847 I/System.out( 3913): }
12-13 23:41:21.854 I/System.out( 3913): URI: //ready
12-13 23:41:21.854 I/System.out( 3913): params: {json={}
12-13 23:41:21.854 I/System.out( 3913): }
12-13 23:41:21.861 I/System.out( 3913): URI: //
12-13 23:41:21.861 I/System.out( 3913): params: {json={"command":"version","arguments":[]}
12-13 23:41:21.861 I/System.out( 3913): }
12-13 23:41:21.861 I/System.out( 3913): header: {content-type=application/json;charset=utf-8, date=Mon, 14 Dec 2020 04:41:22 GMT, accept=*/*, host=127.0.0.1:34777, content-length=36, user-agent=HTTPClient/1.0 (2.8.3, ruby 2.5.8 (2020-03-31))}
12-13 23:41:21.861 I/System.out( 3913): params: {json={"command":"version","arguments":[]}
12-13 23:41:21.861 I/System.out( 3913): }
12-13 23:41:21.861 I/System.out( 3913): ProP json = {"command":"version","arguments":[]}
12-13 23:41:21.861 I/System.out( 3913): files: {}
12-13 23:41:21.861 I/System.out( 3913): command: {"command":"version","arguments":[]}
12-13 23:41:21.888 I/InstrumentationBackend( 3913): Got command:'Command:'Line:null,version', arguments:'[]'
12-13 23:41:21.923 I/System.out( 3913): result:{"bonusInformation":[],"message":"0.9.8","success":true}
12-13 23:41:21.930 I/System.out( 3913): URI: //start-application
12-13 23:41:21.930 I/System.out( 3913): params: {json={"intent":null}
12-13 23:41:21.930 I/System.out( 3913): }
12-13 23:41:21.969 I/ActivityManager( 1628): START u0 {act=android.intent.action.MAIN cat=[android.intent.category.LAUNCHER] flg=0x10200000 cmp=com.evancharlton.mileage/.Mileage} from uid 10180
12-13 23:41:21.984 I/calabash( 3913): newActivity1
12-13 23:41:22.006 D/gralloc_ranchu( 1396): gralloc_alloc: Creating ashmem region of size 7753728
12-13 23:41:22.025 W/ActivityManager( 1628): Bad activity token: android.os.BinderProxy@9bbf5e0
12-13 23:41:22.025 W/ActivityManager( 1628): java.lang.ClassCastException: android.os.BinderProxy cannot be cast to com.android.server.am.ActivityRecord$Token
12-13 23:41:22.025 W/ActivityManager( 1628): 	at com.android.server.am.ActivityRecord.forTokenLocked(ActivityRecord.java:778)
12-13 23:41:22.025 W/ActivityManager( 1628): 	at com.android.server.am.ActivityRecord.isInStackLocked(ActivityRecord.java:2085)
12-13 23:41:22.025 W/ActivityManager( 1628): 	at com.android.server.am.ActivityRecord.getStackLocked(ActivityRecord.java:2090)
12-13 23:41:22.025 W/ActivityManager( 1628): 	at com.android.server.am.ActivityManagerService.getActivityDisplayId(ActivityManagerService.java:10406)
12-13 23:41:22.025 W/ActivityManager( 1628): 	at android.app.IActivityManager$Stub.onTransact(IActivityManager.java:2738)
12-13 23:41:22.025 W/ActivityManager( 1628): 	at com.android.server.am.ActivityManagerService.onTransact(ActivityManagerService.java:2935)
12-13 23:41:22.025 W/ActivityManager( 1628): 	at android.os.Binder.execTransact(Binder.java:674)
