12-14 02:47:41.660 W/ActivityManager( 1627): 	at com.android.server.am.ActivityManagerService.getActivityOptions(ActivityManagerService.java:13302)
12-14 02:47:41.660 W/ActivityManager( 1627): 	at android.app.IActivityManager$Stub.onTransact(IActivityManager.java:2910)
12-14 02:47:41.660 W/ActivityManager( 1627): 	at com.android.server.am.ActivityManagerService.onTransact(ActivityManagerService.java:2935)
12-14 02:47:41.660 W/ActivityManager( 1627): 	at android.os.Binder.execTransact(Binder.java:674)
12-14 02:47:41.664 D/VehicleStatisticsActivity( 4518): Checking recalculation ...
12-14 02:47:41.672 D/VehicleStatisticsActivity( 4518): Recalculating statistics
12-14 02:47:41.672 D/VehicleStatisticsTask( 4518): Calculation starting...
12-14 02:47:41.672 D/VehicleStatisticsActivity( 4518): Recalculation started!
12-14 02:47:41.683 D/VehicleStatisticsTask( 4518): Not enough fillups to calculate statistics
12-14 02:47:41.752 W/audio_hw_generic( 1389): Not supplying enough data to HAL, expected position 705908 , only wrote 705600
12-14 02:47:41.754 I/zygote  ( 4518): Do full code cache collection, code=213KB, data=140KB
12-14 02:47:41.755 I/zygote  ( 4518): After code cache collection, code=212KB, data=115KB
12-14 02:47:41.766 D/VehicleStatisticsTask( 4518): Not enough fillups to calculate statistics
12-14 02:47:41.872 E/SurfaceFlinger( 1406): ro.sf.lcd_density must be defined as a build property
12-14 02:47:41.894 D/gralloc_ranchu( 1396): gralloc_alloc: Creating ashmem region of size 8298496
12-14 02:47:41.897 D/VehicleStatisticsTask( 4518): Done recalculating!
12-14 02:47:41.900 D/VehicleStatisticsAdapter( 4518): Erasing the cache ...
12-14 02:47:41.900 D/VehicleStatisticsTask( 4518): Done recalculating!
12-14 02:47:41.906 D/        ( 4586): HostConnection::get() New Host Connection established 0xa962f800, tid 4586
12-14 02:47:41.923 D/Mileage.ABS( 4518): Finished backup
12-14 02:47:41.925 D/Mileage.ABS( 4518): Not backing up; 29
12-14 02:47:41.927 D/VehicleStatisticsAdapter( 4518): Building new values ...
12-14 02:47:41.927 D/VehicleStatisticsAdapter( 4518): Writing 29 records to the database ...
12-14 02:47:41.932 D/VehicleStatisticsAdapter( 4518): Erasing the cache ...
12-14 02:47:41.965 D/VehicleStatisticsAdapter( 4518): Building new values ...
12-14 02:47:41.966 D/VehicleStatisticsAdapter( 4518): Writing 29 records to the database ...
12-14 02:47:42.128 D/Mileage.ABS( 4518): Not backing up; 232
12-14 02:47:42.129 D/Mileage.ABS( 4518): Not backing up; 233
12-14 02:47:42.129 D/Mileage.ABS( 4518): Not backing up; 233
12-14 02:47:42.130 D/Mileage.ABS( 4518): Not backing up; 234
12-14 02:47:42.131 D/Mileage.ABS( 4518): Not backing up; 234
12-14 02:47:42.132 D/Mileage.ABS( 4518): Not backing up; 236
12-14 02:47:42.133 D/Mileage.ABS( 4518): Not backing up; 237
12-14 02:47:42.134 D/Mileage.ABS( 4518): Not backing up; 238
12-14 02:47:42.135 D/Mileage.ABS( 4518): Not backing up; 239
12-14 02:47:42.140 D/Mileage.ABS( 4518): Not backing up; 244
12-14 02:47:42.140 D/Mileage.ABS( 4518): Not backing up; 244
12-14 02:47:42.157 D/Mileage.ABS( 4518): Not backing up; 261
12-14 02:47:42.190 D/Mileage.ABS( 4518): Not backing up; 294
12-14 02:47:42.193 D/Mileage.ABS( 4518): Not backing up; 297
12-14 02:47:42.212 D/Mileage.ABS( 4518): Not backing up; 315
12-14 02:47:42.228 D/Mileage.ABS( 4518): Not backing up; 331
12-14 02:47:42.268 D/Mileage.ABS( 4518): Not backing up; 372
12-14 02:47:42.274 D/Mileage.ABS( 4518): Not backing up; 378
12-14 02:47:42.278 D/Mileage.ABS( 4518): Not backing up; 382
12-14 02:47:42.320 D/Mileage.ABS( 4518): Not backing up; 424
12-14 02:47:42.334 D/Mileage.ABS( 4518): Not backing up; 437
12-14 02:47:42.348 D/Mileage.ABS( 4518): Not backing up; 452
12-14 02:47:42.351 D/Mileage.ABS( 4518): Not backing up; 455
12-14 02:47:42.359 D/Mileage.ABS( 4518): Not backing up; 463
12-14 02:47:42.368 D/Mileage.ABS( 4518): Not backing up; 469
12-14 02:47:42.370 D/Mileage.ABS( 4518): Not backing up; 474
12-14 02:47:42.405 D/Mileage.ABS( 4518): Not backing up; 509
12-14 02:47:42.405 D/Mileage.ABS( 4518): Not backing up; 509
12-14 02:47:42.430 D/Mileage.ABS( 4518): Not backing up; 534
12-14 02:47:42.437 D/Mileage.ABS( 4518): Not backing up; 541
12-14 02:47:42.477 D/Mileage.ABS( 4518): Not backing up; 581
12-14 02:47:42.485 D/Mileage.ABS( 4518): Not backing up; 589
12-14 02:47:42.496 D/Mileage.ABS( 4518): Not backing up; 600
12-14 02:47:42.501 D/Mileage.ABS( 4518): Not backing up; 605
12-14 02:47:42.509 D/Mileage.ABS( 4518): Not backing up; 613
12-14 02:47:42.511 D/Mileage.ABS( 4518): Not backing up; 615
12-14 02:47:42.528 D/Mileage.ABS( 4518): Not backing up; 632
12-14 02:47:42.553 D/Mileage.ABS( 4518): Not backing up; 657
12-14 02:47:42.564 D/Mileage.ABS( 4518): Not backing up; 668
12-14 02:47:42.569 I/zygote  ( 4518): Do partial code cache collection, code=247KB, data=152KB
12-14 02:47:42.569 I/zygote  ( 4518): After code cache collection, code=247KB, data=152KB
12-14 02:47:42.569 I/zygote  ( 4518): Increasing code cache capacity to 1024KB
12-14 02:47:42.588 D/Mileage.ABS( 4518): Not backing up; 692
12-14 02:47:42.596 D/Mileage.ABS( 4518): Not backing up; 700
12-14 02:47:42.607 D/Mileage.ABS( 4518): Not backing up; 710
12-14 02:47:42.620 D/Mileage.ABS( 4518): Not backing up; 724
12-14 02:47:42.643 D/Mileage.ABS( 4518): Not backing up; 746
12-14 02:47:42.654 D/Mileage.ABS( 4518): Not backing up; 758
12-14 02:47:42.662 D/Mileage.ABS( 4518): Not backing up; 766
12-14 02:47:42.676 D/Mileage.ABS( 4518): Not backing up; 780
12-14 02:47:42.686 D/Mileage.ABS( 4518): Not backing up; 790
12-14 02:47:42.700 D/Mileage.ABS( 4518): Not backing up; 804
12-14 02:47:42.707 D/Mileage.ABS( 4518): Not backing up; 811
12-14 02:47:42.722 D/Mileage.ABS( 4518): Not backing up; 826
12-14 02:47:42.733 D/Mileage.ABS( 4518): Not backing up; 837
12-14 02:47:42.751 D/Mileage.ABS( 4518): Not backing up; 855
12-14 02:47:42.762 I/System.out( 4518): URI: //gesture
12-14 02:47:42.763 I/System.out( 4518): params: {json={"query_timeout":5.0,"gestures":[{"query_string":"android.widget.TabWidget descendant TextView index:0","touches":[{"x":50,"y":50,"offset_x":0,"offset_y":0,"wait":0.0,"time":0.2,"release":true,"query_string":null}]}]}
12-14 02:47:42.763 I/System.out( 4518): }
12-14 02:47:42.774 D/Mileage.ABS( 4518): Not backing up; 878
12-14 02:47:42.794 D/Mileage.ABS( 4518): Not backing up; 898
12-14 02:47:42.795 D/Mileage.ABS( 4518): Not backing up; 899
12-14 02:47:42.807 D/VehicleStatisticsAdapter( 4518): Caching of 29 records complete! (0.879 seconds)
12-14 02:47:42.807 D/Mileage.ABS( 4518): Not backing up; 911
12-14 02:47:42.846 D/VehicleStatisticsAdapter( 4518): Caching of 29 records complete! (0.879 seconds)
12-14 02:47:42.860 D/Mileage.ABS( 4518): Not backing up; 964
12-14 02:47:42.861 D/Mileage.ABS( 4518): Not backing up; 965
12-14 02:47:42.861 D/Mileage.ABS( 4518): Not backing up; 965
12-14 02:47:43.143 W/View    ( 4518): dispatchProvideAutofillStructure(): not laid out, ignoring
12-14 02:47:43.145 I/chatty  ( 4518): uid=10370(u0_a370) com.evancharlton.mileage identical 1 line
12-14 02:47:43.145 W/View    ( 4518): dispatchProvideAutofillStructure(): not laid out, ignoring
12-14 02:47:43.153 W/Binder  ( 1627): Outgoing transactions from this process must be FLAG_ONEWAY
12-14 02:47:43.153 W/Binder  ( 1627): java.lang.Throwable
12-14 02:47:43.153 W/Binder  ( 1627): 	at android.os.BinderProxy.transact(Binder.java:736)
12-14 02:47:43.153 W/Binder  ( 1627): 	at android.app.assist.AssistStructure$ParcelTransferReader.fetchData(AssistStructure.java:407)
12-14 02:47:43.153 W/Binder  ( 1627): 	at android.app.assist.AssistStructure$ParcelTransferReader.go(AssistStructure.java:343)
12-14 02:47:43.153 W/Binder  ( 1627): 	at android.app.assist.AssistStructure.ensureData(AssistStructure.java:2096)
12-14 02:47:43.153 W/Binder  ( 1627): 	at com.android.server.autofill.Session$1.send(Session.java:200)
12-14 02:47:43.153 W/Binder  ( 1627): 	at com.android.server.am.ActivityManagerService.reportAssistContextExtras(ActivityManagerService.java:13137)
12-14 02:47:43.153 W/Binder  ( 1627): 	at android.app.IActivityManager$Stub.onTransact(IActivityManager.java:2466)
12-14 02:47:43.153 W/Binder  ( 1627): 	at com.android.server.am.ActivityManagerService.onTransact(ActivityManagerService.java:2935)
12-14 02:47:43.153 W/Binder  ( 1627): 	at android.os.Binder.execTransact(Binder.java:674)
12-14 02:47:43.165 I/AssistStructure( 4518): Flattened final assist data: 15312 bytes, containing 1 windows, 69 views
12-14 02:47:43.176 I/AssistStructure( 1627): Flattened final assist data: 13988 bytes, containing 1 windows, 69 views
12-14 02:47:43.178 W/lgq     ( 1935): Pending fill request while another request in the same session was triggered. [CONTEXT service_id=177 ]
12-14 02:47:43.290 E/SurfaceFlinger( 1406): ro.sf.lcd_density must be defined as a build property
12-14 02:47:43.298 D/gralloc_ranchu( 1396): gralloc_alloc: Creating ashmem region of size 8298496
12-14 02:47:43.307 D/        ( 4625): HostConnection::get() New Host Connection established 0xa8e2f800, tid 4625
12-14 02:47:43.601 I/System.out( 4518): URI: //
12-14 02:47:43.601 I/System.out( 4518): params: {json={"command":"set_activity_orientation","arguments":["landscape"]}
12-14 02:47:43.602 I/System.out( 4518): }
12-14 02:47:43.603 I/System.out( 4518): header: {content-type=application/json;charset=utf-8, date=Mon, 14 Dec 2020 07:47:43 GMT, accept=*/*, host=127.0.0.1:34777, content-length=64, user-agent=HTTPClient/1.0 (2.8.3, ruby 2.5.8 (2020-03-31))}
12-14 02:47:43.603 I/System.out( 4518): params: {json={"command":"set_activity_orientation","arguments":["landscape"]}
12-14 02:47:43.603 I/System.out( 4518): }
12-14 02:47:43.603 I/System.out( 4518): ProP json = {"command":"set_activity_orientation","arguments":["landscape"]}
12-14 02:47:43.603 I/System.out( 4518): files: {}
12-14 02:47:43.603 I/System.out( 4518): command: {"command":"set_activity_orientation","arguments":["landscape"]}
12-14 02:47:43.609 I/InstrumentationBackend( 4518): Got command:'Command:'Line:null,set_activity_orientation', arguments:'[landscape]'
12-14 02:47:43.616 D/gralloc_ranchu( 1396): gralloc_alloc: Creating ashmem region of size 8298496
12-14 02:47:43.645 W/LocalDisplayAdapter( 1627): Unable to find color mode 0, ignoring request.
12-14 02:47:43.668 I/InputReader( 1627): Reconfiguring input devices.  changes=0x00000004
12-14 02:47:43.668 I/InputReader( 1627): Device reconfigured: id=0, name='qwerty2', size 1080x1920, orientation 1, mode 1, display id 0
12-14 02:47:43.670 I/InputReader( 1627): Reconfiguring input devices.  changes=0x00000004
12-14 02:47:43.671 I/ActivityManager( 1627): Config changes=480 {1.0 310mcc260mnc [en_US] ldltr sw411dp w683dp h387dp 420dpi nrml land finger qwerty/v/v -nav/h appBounds=Rect(0, 0 - 1794, 1080) s.9}
12-14 02:47:43.671 I/InputReader( 1627): Reconfiguring input devices.  changes=0x00000004
12-14 02:47:43.687 I/ActivityManager( 1627): Override config changes=480 {1.0 310mcc260mnc [en_US] ldltr sw411dp w683dp h387dp 420dpi nrml land finger qwerty/v/v -nav/h appBounds=Rect(0, 0 - 1794, 1080) s.9} for displayId=0
12-14 02:47:43.790 I/calabash( 4518): newActivity1
12-14 02:47:43.820 D/gralloc_ranchu( 1396): gralloc_alloc: Creating ashmem region of size 544768
12-14 02:47:43.836 D/EGL_emulation( 1730): eglMakeCurrent: 0x8a2c12e0: ver 3 0 (tinfo 0x9b43fc90)
12-14 02:47:43.842 D/gralloc_ranchu( 1396): gralloc_alloc: Creating ashmem region of size 544768
12-14 02:47:43.860 W/ActivityManager( 1627): Bad activity token: android.os.BinderProxy@4b60a46
12-14 02:47:43.860 W/ActivityManager( 1627): java.lang.ClassCastException: android.os.BinderProxy cannot be cast to com.android.server.am.ActivityRecord$Token
12-14 02:47:43.860 W/ActivityManager( 1627): 	at com.android.server.am.ActivityRecord.forTokenLocked(ActivityRecord.java:778)
12-14 02:47:43.860 W/ActivityManager( 1627): 	at com.android.server.am.ActivityRecord.isInStackLocked(ActivityRecord.java:2085)
12-14 02:47:43.860 W/ActivityManager( 1627): 	at com.android.server.am.ActivityRecord.getStackLocked(ActivityRecord.java:2090)
12-14 02:47:43.860 W/ActivityManager( 1627): 	at com.android.server.am.ActivityManagerService.getActivityDisplayId(ActivityManagerService.java:10406)
12-14 02:47:43.860 W/ActivityManager( 1627): 	at android.app.IActivityManager$Stub.onTransact(IActivityManager.java:2738)
12-14 02:47:43.860 W/ActivityManager( 1627): 	at com.android.server.am.ActivityManagerService.onTransact(ActivityManagerService.java:2935)
12-14 02:47:43.860 W/ActivityManager( 1627): 	at android.os.Binder.execTransact(Binder.java:674)
12-14 02:47:43.861 I/calabash( 4518): newActivity1
12-14 02:47:43.864 W/AutofillManager( 4518): Session 1475355165 could not be restored
12-14 02:47:43.869 W/ActivityManager( 1627): Bad activity token: android.os.BinderProxy@4b60a46
12-14 02:47:43.869 W/ActivityManager( 1627): java.lang.ClassCastException: android.os.BinderProxy cannot be cast to com.android.server.am.ActivityRecord$Token
12-14 02:47:43.869 W/ActivityManager( 1627): 	at com.android.server.am.ActivityRecord.forTokenLocked(ActivityRecord.java:778)
12-14 02:47:43.869 W/ActivityManager( 1627): 	at com.android.server.am.ActivityRecord.isInStackLocked(ActivityRecord.java:2085)
12-14 02:47:43.869 W/ActivityManager( 1627): 	at com.android.server.am.ActivityManagerService.setTaskDescription(ActivityManagerService.java:9988)
12-14 02:47:43.869 W/ActivityManager( 1627): 	at android.app.IActivityManager$Stub.onTransact(IActivityManager.java:2824)
12-14 02:47:43.869 W/ActivityManager( 1627): 	at com.android.server.am.ActivityManagerService.onTransact(ActivityManagerService.java:2935)
12-14 02:47:43.869 W/ActivityManager( 1627): 	at android.os.Binder.execTransact(Binder.java:674)
12-14 02:47:43.870 W/ActivityManager( 1627): Bad activity token: android.os.BinderProxy@4b60a46
12-14 02:47:43.870 W/ActivityManager( 1627): java.lang.ClassCastException: android.os.BinderProxy cannot be cast to com.android.server.am.ActivityRecord$Token
12-14 02:47:43.870 W/ActivityManager( 1627): 	at com.android.server.am.ActivityRecord.forTokenLocked(ActivityRecord.java:778)
12-14 02:47:43.870 W/ActivityManager( 1627): 	at com.android.server.am.ActivityRecord.isInStackLocked(ActivityRecord.java:2085)
12-14 02:47:43.870 W/ActivityManager( 1627): 	at com.android.server.am.ActivityRecord.getStackLocked(ActivityRecord.java:2090)
12-14 02:47:43.870 W/ActivityManager( 1627): 	at com.android.server.am.ActivityManagerService.getActivityStackId(ActivityManagerService.java:10417)
12-14 02:47:43.870 W/ActivityManager( 1627): 	at android.app.IActivityManager$Stub.onTransact(IActivityManager.java:3548)
12-14 02:47:43.870 W/ActivityManager( 1627): 	at com.android.server.am.ActivityManagerService.onTransact(ActivityManagerService.java:2935)
12-14 02:47:43.870 W/ActivityManager( 1627): 	at android.os.Binder.execTransact(Binder.java:674)
12-14 02:47:43.892 V/StatusBar( 1730): setLightsOn(true)
12-14 02:47:43.904 I/System.out( 4518): result:{"bonusInformation":[],"message":"","success":true}
12-14 02:47:43.935 W/ActivityManager( 1627): Bad activity token: android.os.BinderProxy@4b60a46
12-14 02:47:43.935 W/ActivityManager( 1627): java.lang.ClassCastException: android.os.BinderProxy cannot be cast to com.android.server.am.ActivityRecord$Token
12-14 02:47:43.935 W/ActivityManager( 1627): 	at com.android.server.am.ActivityRecord.forTokenLocked(ActivityRecord.java:778)
12-14 02:47:43.935 W/ActivityManager( 1627): 	at com.android.server.am.ActivityRecord.isInStackLocked(ActivityRecord.java:2085)
12-14 02:47:43.935 W/ActivityManager( 1627): 	at com.android.server.am.ActivityManagerService.getActivityOptions(ActivityManagerService.java:13302)
12-14 02:47:43.935 W/ActivityManager( 1627): 	at android.app.IActivityManager$Stub.onTransact(IActivityManager.java:2910)
12-14 02:47:43.935 W/ActivityManager( 1627): 	at com.android.server.am.ActivityManagerService.onTransact(ActivityManagerService.java:2935)
12-14 02:47:43.935 W/ActivityManager( 1627): 	at android.os.Binder.execTransact(Binder.java:674)
12-14 02:47:43.936 W/ActivityManager( 1627): Bad activity token: android.os.BinderProxy@4b60a46
12-14 02:47:43.936 W/ActivityManager( 1627): java.lang.ClassCastException: android.os.BinderProxy cannot be cast to com.android.server.am.ActivityRecord$Token
12-14 02:47:43.936 W/ActivityManager( 1627): 	at com.android.server.am.ActivityRecord.forTokenLocked(ActivityRecord.java:778)
12-14 02:47:43.936 W/ActivityManager( 1627): 	at com.android.server.am.ActivityRecord.isInStackLocked(ActivityRecord.java:2085)
12-14 02:47:43.936 W/ActivityManager( 1627): 	at com.android.server.am.ActivityManagerService.getActivityOptions(ActivityManagerService.java:13302)
12-14 02:47:43.936 W/ActivityManager( 1627): 	at android.app.IActivityManager$Stub.onTransact(IActivityManager.java:2910)
12-14 02:47:43.936 W/ActivityManager( 1627): 	at com.android.server.am.ActivityManagerService.onTransact(ActivityManagerService.java:2935)
12-14 02:47:43.936 W/ActivityManager( 1627): 	at android.os.Binder.execTransact(Binder.java:674)
12-14 02:47:43.939 D/gralloc_ranchu( 1396): gralloc_alloc: Creating ashmem region of size 544768
12-14 02:47:43.967 W/PhoneWindow( 4518): Previously focused view reported id 2131296279 during save, but can't be found during restore.
12-14 02:47:43.981 D/gralloc_ranchu( 1396): gralloc_alloc: Creating ashmem region of size 487424
12-14 02:47:43.995 D/StatusBar( 1730): disable<e i a s b h r c s q >
12-14 02:47:43.999 D/EGL_emulation( 1730): eglMakeCurrent: 0x8a2c12e0: ver 3 0 (tinfo 0x9b43fc90)
12-14 02:47:44.007 D/gralloc_ranchu( 1396): gralloc_alloc: Creating ashmem region of size 487424
12-14 02:47:44.052 D/gralloc_ranchu( 1396): gralloc_alloc: Creating ashmem region of size 487424
12-14 02:47:44.059 D/EGL_emulation( 1730): eglMakeCurrent: 0x8a2c12e0: ver 3 0 (tinfo 0x9b43fc90)
12-14 02:47:44.066 D/EGL_emulation( 1730): eglMakeCurrent: 0x8a2c12e0: ver 3 0 (tinfo 0x9b43fc90)
12-14 02:47:44.085 V/StatusBar( 1730): setLightsOn(true)
12-14 02:47:44.156 I/Dialer  ( 2019): VvmTaskExecutor - executing task com.android.voicemail.impl.ActivationTask@8435771
12-14 02:47:44.159 I/Dialer  ( 2019): PreOMigrationHandler - ComponentInfo{com.android.phone/com.android.services.telephony.TelephonyConnectionService}, [****], UserHandle{0} already migrated
12-14 02:47:44.190 D/gralloc_ranchu( 1396): gralloc_alloc: Creating ashmem region of size 7753728
12-14 02:47:44.209 I/EventLogSendingHelper( 2192): Sending log events.
12-14 02:47:44.320 V/StatusBar( 1730): setLightsOn(true)
12-14 02:47:44.324 V/StatusBar( 1730): setLightsOn(true)
12-14 02:47:44.326 I/Dialer  ( 2019): VvmActivationTask - VVM content provider configured - vvm_type_cvvm
12-14 02:47:44.327 I/Dialer  ( 2019): OmtpVvmCarrierCfgHlpr - OmtpEvent:CONFIG_ACTIVATING
12-14 02:47:44.336 D/gralloc_ranchu( 1396): gralloc_alloc: Creating ashmem region of size 7753728
12-14 02:47:44.341 I/WindowManager( 1627): Screen frozen for +732ms due to Window{3d6a7b8 u0 com.evancharlton.mileage/com.evancharlton.mileage.Mileage}
12-14 02:47:44.356 V/StatusBar( 1730): setLightsOn(true)
12-14 02:47:44.380 I/Dialer  ( 2019): TelephonyMangerCompat.setVisualVoicemailSmsFilterSettings - using TelephonyManager
12-14 02:47:44.382 D/SurfaceFlinger( 1406): duplicate layer name: changing BlackSurface to BlackSurface#1
12-14 02:47:44.386 D/SurfaceFlinger( 1406): duplicate layer name: changing BlackSurface to BlackSurface#2
12-14 02:47:44.396 D/SurfaceFlinger( 1406): duplicate layer name: changing BlackSurface to BlackSurface#2
12-14 02:47:44.405 I/Dialer  ( 2019): TelephonyMangerCompat.sendVisualVoicemailSms - using TelephonyManager
12-14 02:47:44.857 V/StatusBar( 1730): setLightsOn(true)
12-14 02:47:45.252 D/gralloc_ranchu( 1396): gralloc_alloc: Creating ashmem region of size 7753728
12-14 02:47:45.916 I/System.out( 4518): URI: //gesture
12-14 02:47:45.916 I/System.out( 4518): params: {json={"query_timeout":5.0,"gestures":[{"query_string":"android.widget.TabWidget descendant TextView index:1","touches":[{"x":50,"y":50,"offset_x":0,"offset_y":0,"wait":0.0,"time":0.2,"release":true,"query_string":null}]}]}
12-14 02:47:45.916 I/System.out( 4518): }
12-14 02:47:46.176 W/ActivityManager( 1627): Bad activity token: android.os.BinderProxy@c55600b
12-14 02:47:46.176 W/ActivityManager( 1627): java.lang.ClassCastException: android.os.BinderProxy cannot be cast to com.android.server.am.ActivityRecord$Token
12-14 02:47:46.176 W/ActivityManager( 1627): 	at com.android.server.am.ActivityRecord.forTokenLocked(ActivityRecord.java:778)
12-14 02:47:46.176 W/ActivityManager( 1627): 	at com.android.server.am.ActivityRecord.isInStackLocked(ActivityRecord.java:2085)
12-14 02:47:46.176 W/ActivityManager( 1627): 	at com.android.server.am.ActivityRecord.getStackLocked(ActivityRecord.java:2090)
12-14 02:47:46.176 W/ActivityManager( 1627): 	at com.android.server.am.ActivityManagerService.getActivityDisplayId(ActivityManagerService.java:10406)
12-14 02:47:46.176 W/ActivityManager( 1627): 	at android.app.IActivityManager$Stub.onTransact(IActivityManager.java:2738)
12-14 02:47:46.176 W/ActivityManager( 1627): 	at com.android.server.am.ActivityManagerService.onTransact(ActivityManagerService.java:2935)
12-14 02:47:46.176 W/ActivityManager( 1627): 	at android.os.Binder.execTransact(Binder.java:674)
12-14 02:47:46.177 I/calabash( 4518): newActivity1
12-14 02:47:46.180 W/ActivityManager( 1627): Bad activity token: android.os.BinderProxy@c55600b
12-14 02:47:46.180 W/ActivityManager( 1627): java.lang.ClassCastException: android.os.BinderProxy cannot be cast to com.android.server.am.ActivityRecord$Token
12-14 02:47:46.180 W/ActivityManager( 1627): 	at com.android.server.am.ActivityRecord.forTokenLocked(ActivityRecord.java:778)
12-14 02:47:46.180 W/ActivityManager( 1627): 	at com.android.server.am.ActivityRecord.isInStackLocked(ActivityRecord.java:2085)
12-14 02:47:46.180 W/ActivityManager( 1627): 	at com.android.server.am.ActivityManagerService.setTaskDescription(ActivityManagerService.java:9988)
12-14 02:47:46.180 W/ActivityManager( 1627): 	at android.app.IActivityManager$Stub.onTransact(IActivityManager.java:2824)
12-14 02:47:46.180 W/ActivityManager( 1627): 	at com.android.server.am.ActivityManagerService.onTransact(ActivityManagerService.java:2935)
12-14 02:47:46.180 W/ActivityManager( 1627): 	at android.os.Binder.execTransact(Binder.java:674)
12-14 02:47:46.181 W/ActivityManager( 1627): Bad activity token: android.os.BinderProxy@c55600b
12-14 02:47:46.181 W/ActivityManager( 1627): java.lang.ClassCastException: android.os.BinderProxy cannot be cast to com.android.server.am.ActivityRecord$Token
12-14 02:47:46.181 W/ActivityManager( 1627): 	at com.android.server.am.ActivityRecord.forTokenLocked(ActivityRecord.java:778)
12-14 02:47:46.181 W/ActivityManager( 1627): 	at com.android.server.am.ActivityRecord.isInStackLocked(ActivityRecord.java:2085)
12-14 02:47:46.181 W/ActivityManager( 1627): 	at com.android.server.am.ActivityRecord.getStackLocked(ActivityRecord.java:2090)
12-14 02:47:46.181 W/ActivityManager( 1627): 	at com.android.server.am.ActivityManagerService.getActivityStackId(ActivityManagerService.java:10417)
12-14 02:47:46.181 W/ActivityManager( 1627): 	at android.app.IActivityManager$Stub.onTransact(IActivityManager.java:3548)
12-14 02:47:46.181 W/ActivityManager( 1627): 	at com.android.server.am.ActivityManagerService.onTransact(ActivityManagerService.java:2935)
12-14 02:47:46.181 W/ActivityManager( 1627): 	at android.os.Binder.execTransact(Binder.java:674)
12-14 02:47:46.235 W/ActivityManager( 1627): Bad activity token: android.os.BinderProxy@c55600b
12-14 02:47:46.235 W/ActivityManager( 1627): java.lang.ClassCastException: android.os.BinderProxy cannot be cast to com.android.server.am.ActivityRecord$Token
12-14 02:47:46.235 W/ActivityManager( 1627): 	at com.android.server.am.ActivityRecord.forTokenLocked(ActivityRecord.java:778)
12-14 02:47:46.235 W/ActivityManager( 1627): 	at com.android.server.am.ActivityRecord.isInStackLocked(ActivityRecord.java:2085)
12-14 02:47:46.235 W/ActivityManager( 1627): 	at com.android.server.am.ActivityManagerService.getActivityOptions(ActivityManagerService.java:13302)
12-14 02:47:46.235 W/ActivityManager( 1627): 	at android.app.IActivityManager$Stub.onTransact(IActivityManager.java:2910)
12-14 02:47:46.235 W/ActivityManager( 1627): 	at com.android.server.am.ActivityManagerService.onTransact(ActivityManagerService.java:2935)
12-14 02:47:46.235 W/ActivityManager( 1627): 	at android.os.Binder.execTransact(Binder.java:674)
12-14 02:47:46.235 W/ActivityManager( 1627): Bad activity token: android.os.BinderProxy@c55600b
12-14 02:47:46.235 W/ActivityManager( 1627): java.lang.ClassCastException: android.os.BinderProxy cannot be cast to com.android.server.am.ActivityRecord$Token
12-14 02:47:46.235 W/ActivityManager( 1627): 	at com.android.server.am.ActivityRecord.forTokenLocked(ActivityRecord.java:778)
12-14 02:47:46.235 W/ActivityManager( 1627): 	at com.android.server.am.ActivityRecord.isInStackLocked(ActivityRecord.java:2085)
12-14 02:47:46.235 W/ActivityManager( 1627): 	at com.android.server.am.ActivityManagerService.getActivityOptions(ActivityManagerService.java:13302)
12-14 02:47:46.235 W/ActivityManager( 1627): 	at android.app.IActivityManager$Stub.onTransact(IActivityManager.java:2910)
12-14 02:47:46.235 W/ActivityManager( 1627): 	at com.android.server.am.ActivityManagerService.onTransact(ActivityManagerService.java:2935)
12-14 02:47:46.235 W/ActivityManager( 1627): 	at android.os.Binder.execTransact(Binder.java:674)
12-14 02:47:46.327 D/Mileage ( 4518): Not enough fillups to calculate economy
12-14 02:47:46.496 I/zygote  ( 1627): Explicit concurrent copying GC freed 22778(1748KB) AllocSpace objects, 4(112KB) LOS objects, 37% free, 9MB/15MB, paused 1.912ms total 89.287ms
12-14 02:47:46.526 E/SurfaceFlinger( 1406): ro.sf.lcd_density must be defined as a build property
12-14 02:47:46.545 D/gralloc_ranchu( 1396): gralloc_alloc: Creating ashmem region of size 8298496
12-14 02:47:46.562 D/        ( 4637): HostConnection::get() New Host Connection established 0xaafaf800, tid 4637
12-14 02:47:46.987 I/System.out( 4518): URI: //gesture
12-14 02:47:46.987 I/System.out( 4518): params: {json={"query_timeout":5.0,"gestures":[{"query_string":"android.widget.TabWidget descendant TextView index:3","touches":[{"x":50,"y":50,"offset_x":0,"offset_y":0,"wait":0.0,"time":0.2,"release":true,"query_string":null}]}]}
12-14 02:47:46.987 I/System.out( 4518): }
12-14 02:47:47.258 W/ActivityManager( 1627): Bad activity token: android.os.BinderProxy@23736df
12-14 02:47:47.258 W/ActivityManager( 1627): java.lang.ClassCastException: android.os.BinderProxy cannot be cast to com.android.server.am.ActivityRecord$Token
12-14 02:47:47.258 W/ActivityManager( 1627): 	at com.android.server.am.ActivityRecord.forTokenLocked(ActivityRecord.java:778)
12-14 02:47:47.258 W/ActivityManager( 1627): 	at com.android.server.am.ActivityRecord.isInStackLocked(ActivityRecord.java:2085)
12-14 02:47:47.258 W/ActivityManager( 1627): 	at com.android.server.am.ActivityRecord.getStackLocked(ActivityRecord.java:2090)
12-14 02:47:47.258 W/ActivityManager( 1627): 	at com.android.server.am.ActivityManagerService.getActivityDisplayId(ActivityManagerService.java:10406)
12-14 02:47:47.258 W/ActivityManager( 1627): 	at android.app.IActivityManager$Stub.onTransact(IActivityManager.java:2738)
12-14 02:47:47.258 W/ActivityManager( 1627): 	at com.android.server.am.ActivityManagerService.onTransact(ActivityManagerService.java:2935)
12-14 02:47:47.258 W/ActivityManager( 1627): 	at android.os.Binder.execTransact(Binder.java:674)
12-14 02:47:47.259 I/calabash( 4518): newActivity1
12-14 02:47:47.265 W/ActivityManager( 1627): Bad activity token: android.os.BinderProxy@23736df
12-14 02:47:47.265 W/ActivityManager( 1627): java.lang.ClassCastException: android.os.BinderProxy cannot be cast to com.android.server.am.ActivityRecord$Token
12-14 02:47:47.265 W/ActivityManager( 1627): 	at com.android.server.am.ActivityRecord.forTokenLocked(ActivityRecord.java:778)
12-14 02:47:47.265 W/ActivityManager( 1627): 	at com.android.server.am.ActivityRecord.isInStackLocked(ActivityRecord.java:2085)
12-14 02:47:47.265 W/ActivityManager( 1627): 	at com.android.server.am.ActivityManagerService.setTaskDescription(ActivityManagerService.java:9988)
12-14 02:47:47.265 W/ActivityManager( 1627): 	at android.app.IActivityManager$Stub.onTransact(IActivityManager.java:2824)
12-14 02:47:47.265 W/ActivityManager( 1627): 	at com.android.server.am.ActivityManagerService.onTransact(ActivityManagerService.java:2935)
12-14 02:47:47.265 W/ActivityManager( 1627): 	at android.os.Binder.execTransact(Binder.java:674)
12-14 02:47:47.266 W/ActivityManager( 1627): Bad activity token: android.os.BinderProxy@23736df
12-14 02:47:47.266 W/ActivityManager( 1627): java.lang.ClassCastException: android.os.BinderProxy cannot be cast to com.android.server.am.ActivityRecord$Token
12-14 02:47:47.266 W/ActivityManager( 1627): 	at com.android.server.am.ActivityRecord.forTokenLocked(ActivityRecord.java:778)
12-14 02:47:47.266 W/ActivityManager( 1627): 	at com.android.server.am.ActivityRecord.isInStackLocked(ActivityRecord.java:2085)
12-14 02:47:47.266 W/ActivityManager( 1627): 	at com.android.server.am.ActivityRecord.getStackLocked(ActivityRecord.java:2090)
12-14 02:47:47.266 W/ActivityManager( 1627): 	at com.android.server.am.ActivityManagerService.getActivityStackId(ActivityManagerService.java:10417)
12-14 02:47:47.266 W/ActivityManager( 1627): 	at android.app.IActivityManager$Stub.onTransact(IActivityManager.java:3548)
12-14 02:47:47.266 W/ActivityManager( 1627): 	at com.android.server.am.ActivityManagerService.onTransact(ActivityManagerService.java:2935)
12-14 02:47:47.266 W/ActivityManager( 1627): 	at android.os.Binder.execTransact(Binder.java:674)
12-14 02:47:47.282 W/ActivityManager( 1627): Bad activity token: android.os.BinderProxy@23736df
12-14 02:47:47.282 W/ActivityManager( 1627): java.lang.ClassCastException: android.os.BinderProxy cannot be cast to com.android.server.am.ActivityRecord$Token
12-14 02:47:47.282 W/ActivityManager( 1627): 	at com.android.server.am.ActivityRecord.forTokenLocked(ActivityRecord.java:778)
12-14 02:47:47.282 W/ActivityManager( 1627): 	at com.android.server.am.ActivityRecord.isInStackLocked(ActivityRecord.java:2085)
12-14 02:47:47.282 W/ActivityManager( 1627): 	at com.android.server.am.ActivityManagerService.getActivityOptions(ActivityManagerService.java:13302)
12-14 02:47:47.282 W/ActivityManager( 1627): 	at android.app.IActivityManager$Stub.onTransact(IActivityManager.java:2910)
12-14 02:47:47.282 W/ActivityManager( 1627): 	at com.android.server.am.ActivityManagerService.onTransact(ActivityManagerService.java:2935)
12-14 02:47:47.282 W/ActivityManager( 1627): 	at android.os.Binder.execTransact(Binder.java:674)
12-14 02:47:47.283 W/ActivityManager( 1627): Bad activity token: android.os.BinderProxy@23736df
12-14 02:47:47.283 W/ActivityManager( 1627): java.lang.ClassCastException: android.os.BinderProxy cannot be cast to com.android.server.am.ActivityRecord$Token
12-14 02:47:47.283 W/ActivityManager( 1627): 	at com.android.server.am.ActivityRecord.forTokenLocked(ActivityRecord.java:778)
12-14 02:47:47.283 W/ActivityManager( 1627): 	at com.android.server.am.ActivityRecord.isInStackLocked(ActivityRecord.java:2085)
12-14 02:47:47.283 W/ActivityManager( 1627): 	at com.android.server.am.ActivityManagerService.getActivityOptions(ActivityManagerService.java:13302)
12-14 02:47:47.283 W/ActivityManager( 1627): 	at android.app.IActivityManager$Stub.onTransact(IActivityManager.java:2910)
12-14 02:47:47.283 W/ActivityManager( 1627): 	at com.android.server.am.ActivityManagerService.onTransact(ActivityManagerService.java:2935)
12-14 02:47:47.283 W/ActivityManager( 1627): 	at android.os.Binder.execTransact(Binder.java:674)
12-14 02:47:47.585 E/SurfaceFlinger( 1406): ro.sf.lcd_density must be defined as a build property
12-14 02:47:47.599 D/gralloc_ranchu( 1396): gralloc_alloc: Creating ashmem region of size 8298496
12-14 02:47:47.650 D/        ( 4643): HostConnection::get() New Host Connection established 0xb32af800, tid 4643
12-14 02:47:48.190 W/RemoteFillService( 1627): Not handling { when=-5ms what=3 target=com.android.internal.os.HandlerCaller$MyHandler } as service for ComponentInfo{com.google.android.gms/com.google.android.gms.autofill.service.AutofillService} is already destroyed
12-14 02:47:48.226 I/System.out( 4518): URI: //gesture
12-14 02:47:48.227 I/System.out( 4518): params: {json={"query_timeout":5.0,"gestures":[{"query_string":"android.widget.TabWidget descendant TextView index:2","touches":[{"x":50,"y":50,"offset_x":0,"offset_y":0,"wait":0.0,"time":0.2,"release":true,"query_string":null}]}]}
12-14 02:47:48.227 I/System.out( 4518): }
12-14 02:47:48.486 W/ActivityManager( 1627): Bad activity token: android.os.BinderProxy@1b6c256
12-14 02:47:48.486 W/ActivityManager( 1627): java.lang.ClassCastException: android.os.BinderProxy cannot be cast to com.android.server.am.ActivityRecord$Token
12-14 02:47:48.486 W/ActivityManager( 1627): 	at com.android.server.am.ActivityRecord.forTokenLocked(ActivityRecord.java:778)
12-14 02:47:48.486 W/ActivityManager( 1627): 	at com.android.server.am.ActivityRecord.isInStackLocked(ActivityRecord.java:2085)
12-14 02:47:48.486 W/ActivityManager( 1627): 	at com.android.server.am.ActivityRecord.getStackLocked(ActivityRecord.java:2090)
12-14 02:47:48.486 W/ActivityManager( 1627): 	at com.android.server.am.ActivityManagerService.getActivityDisplayId(ActivityManagerService.java:10406)
12-14 02:47:48.486 W/ActivityManager( 1627): 	at android.app.IActivityManager$Stub.onTransact(IActivityManager.java:2738)
12-14 02:47:48.486 W/ActivityManager( 1627): 	at com.android.server.am.ActivityManagerService.onTransact(ActivityManagerService.java:2935)
12-14 02:47:48.486 W/ActivityManager( 1627): 	at android.os.Binder.execTransact(Binder.java:674)
12-14 02:47:48.488 I/calabash( 4518): newActivity1
12-14 02:47:48.496 W/ActivityManager( 1627): Bad activity token: android.os.BinderProxy@1b6c256
12-14 02:47:48.496 W/ActivityManager( 1627): java.lang.ClassCastException: android.os.BinderProxy cannot be cast to com.android.server.am.ActivityRecord$Token
12-14 02:47:48.496 W/ActivityManager( 1627): 	at com.android.server.am.ActivityRecord.forTokenLocked(ActivityRecord.java:778)
12-14 02:47:48.496 W/ActivityManager( 1627): 	at com.android.server.am.ActivityRecord.isInStackLocked(ActivityRecord.java:2085)
12-14 02:47:48.496 W/ActivityManager( 1627): 	at com.android.server.am.ActivityManagerService.setTaskDescription(ActivityManagerService.java:9988)
12-14 02:47:48.496 W/ActivityManager( 1627): 	at android.app.IActivityManager$Stub.onTransact(IActivityManager.java:2824)
12-14 02:47:48.496 W/ActivityManager( 1627): 	at com.android.server.am.ActivityManagerService.onTransact(ActivityManagerService.java:2935)
12-14 02:47:48.496 W/ActivityManager( 1627): 	at android.os.Binder.execTransact(Binder.java:674)
12-14 02:47:48.497 W/ActivityManager( 1627): Bad activity token: android.os.BinderProxy@1b6c256
12-14 02:47:48.497 W/ActivityManager( 1627): java.lang.ClassCastException: android.os.BinderProxy cannot be cast to com.android.server.am.ActivityRecord$Token
12-14 02:47:48.497 W/ActivityManager( 1627): 	at com.android.server.am.ActivityRecord.forTokenLocked(ActivityRecord.java:778)
12-14 02:47:48.497 W/ActivityManager( 1627): 	at com.android.server.am.ActivityRecord.isInStackLocked(ActivityRecord.java:2085)
12-14 02:47:48.497 W/ActivityManager( 1627): 	at com.android.server.am.ActivityRecord.getStackLocked(ActivityRecord.java:2090)
12-14 02:47:48.497 W/ActivityManager( 1627): 	at com.android.server.am.ActivityManagerService.getActivityStackId(ActivityManagerService.java:10417)
12-14 02:47:48.497 W/ActivityManager( 1627): 	at android.app.IActivityManager$Stub.onTransact(IActivityManager.java:3548)
12-14 02:47:48.497 W/ActivityManager( 1627): 	at com.android.server.am.ActivityManagerService.onTransact(ActivityManagerService.java:2935)
12-14 02:47:48.497 W/ActivityManager( 1627): 	at android.os.Binder.execTransact(Binder.java:674)
12-14 02:47:48.534 D/VehicleStatisticsActivity( 4518): Checking recalculation ...
12-14 02:47:48.538 D/VehicleStatisticsActivity( 4518): Recalculation not necessary.
12-14 02:47:48.544 W/ActivityManager( 1627): Bad activity token: android.os.BinderProxy@1b6c256
12-14 02:47:48.544 W/ActivityManager( 1627): java.lang.ClassCastException: android.os.BinderProxy cannot be cast to com.android.server.am.ActivityRecord$Token
12-14 02:47:48.544 W/ActivityManager( 1627): 	at com.android.server.am.ActivityRecord.forTokenLocked(ActivityRecord.java:778)
12-14 02:47:48.544 W/ActivityManager( 1627): 	at com.android.server.am.ActivityRecord.isInStackLocked(ActivityRecord.java:2085)
12-14 02:47:48.544 W/ActivityManager( 1627): 	at com.android.server.am.ActivityManagerService.getActivityOptions(ActivityManagerService.java:13302)
12-14 02:47:48.544 W/ActivityManager( 1627): 	at android.app.IActivityManager$Stub.onTransact(IActivityManager.java:2910)
12-14 02:47:48.544 W/ActivityManager( 1627): 	at com.android.server.am.ActivityManagerService.onTransact(ActivityManagerService.java:2935)
12-14 02:47:48.544 W/ActivityManager( 1627): 	at android.os.Binder.execTransact(Binder.java:674)
12-14 02:47:48.546 W/ActivityManager( 1627): Bad activity token: android.os.BinderProxy@1b6c256
12-14 02:47:48.546 W/ActivityManager( 1627): java.lang.ClassCastException: android.os.BinderProxy cannot be cast to com.android.server.am.ActivityRecord$Token
12-14 02:47:48.546 W/ActivityManager( 1627): 	at com.android.server.am.ActivityRecord.forTokenLocked(ActivityRecord.java:778)
12-14 02:47:48.546 W/ActivityManager( 1627): 	at com.android.server.am.ActivityRecord.isInStackLocked(ActivityRecord.java:2085)
12-14 02:47:48.546 W/ActivityManager( 1627): 	at com.android.server.am.ActivityManagerService.getActivityOptions(ActivityManagerService.java:13302)
12-14 02:47:48.546 W/ActivityManager( 1627): 	at android.app.IActivityManager$Stub.onTransact(IActivityManager.java:2910)
12-14 02:47:48.546 W/ActivityManager( 1627): 	at com.android.server.am.ActivityManagerService.onTransact(ActivityManagerService.java:2935)
12-14 02:47:48.546 W/ActivityManager( 1627): 	at android.os.Binder.execTransact(Binder.java:674)
12-14 02:47:48.556 D/VehicleStatisticsActivity( 4518): Checking recalculation ...
12-14 02:47:48.560 D/VehicleStatisticsActivity( 4518): Recalculation not necessary.
12-14 02:47:48.665 I/zygote  ( 4518): Do full code cache collection, code=437KB, data=304KB
12-14 02:47:48.666 I/zygote  ( 4518): After code cache collection, code=422KB, data=245KB
12-14 02:47:48.799 E/SurfaceFlinger( 1406): ro.sf.lcd_density must be defined as a build property
12-14 02:47:48.809 D/gralloc_ranchu( 1396): gralloc_alloc: Creating ashmem region of size 8298496
12-14 02:47:48.819 D/        ( 4649): HostConnection::get() New Host Connection established 0xb34af800, tid 4649
12-14 02:47:49.248 I/System.out( 4518): URI: //gesture
12-14 02:47:49.248 I/System.out( 4518): params: {json={"query_timeout":5.0,"gestures":[{"query_string":"android.widget.TabWidget descendant TextView index:0","touches":[{"x":50,"y":50,"offset_x":0,"offset_y":0,"wait":0.0,"time":0.2,"release":true,"query_string":null}]}]}
12-14 02:47:49.248 I/System.out( 4518): }
12-14 02:47:49.513 E/memtrack( 1627): Couldn't load memtrack module
12-14 02:47:49.513 W/android.os.Debug( 1627): failed to get memory consumption info: -1
12-14 02:47:49.598 W/View    ( 4518): dispatchProvideAutofillStructure(): not laid out, ignoring
12-14 02:47:49.602 I/chatty  ( 4518): uid=10370(u0_a370) com.evancharlton.mileage identical 3 lines
12-14 02:47:49.603 W/View    ( 4518): dispatchProvideAutofillStructure(): not laid out, ignoring
12-14 02:47:49.604 W/Binder  ( 1627): Outgoing transactions from this process must be FLAG_ONEWAY
12-14 02:47:49.604 W/Binder  ( 1627): java.lang.Throwable
12-14 02:47:49.604 W/Binder  ( 1627): 	at android.os.BinderProxy.transact(Binder.java:736)
12-14 02:47:49.604 W/Binder  ( 1627): 	at android.app.assist.AssistStructure$ParcelTransferReader.fetchData(AssistStructure.java:407)
12-14 02:47:49.604 W/Binder  ( 1627): 	at android.app.assist.AssistStructure$ParcelTransferReader.go(AssistStructure.java:343)
12-14 02:47:49.604 W/Binder  ( 1627): 	at android.app.assist.AssistStructure.ensureData(AssistStructure.java:2096)
12-14 02:47:49.604 W/Binder  ( 1627): 	at com.android.server.autofill.Session$1.send(Session.java:200)
12-14 02:47:49.604 W/Binder  ( 1627): 	at com.android.server.am.ActivityManagerService.reportAssistContextExtras(ActivityManagerService.java:13137)
12-14 02:47:49.604 W/Binder  ( 1627): 	at android.app.IActivityManager$Stub.onTransact(IActivityManager.java:2466)
12-14 02:47:49.604 W/Binder  ( 1627): 	at com.android.server.am.ActivityManagerService.onTransact(ActivityManagerService.java:2935)
12-14 02:47:49.604 W/Binder  ( 1627): 	at android.os.Binder.execTransact(Binder.java:674)
12-14 02:47:49.609 I/AssistStructure( 4518): Flattened final assist data: 10960 bytes, containing 1 windows, 49 views
12-14 02:47:49.625 I/AssistStructure( 1627): Flattened final assist data: 9988 bytes, containing 1 windows, 49 views
12-14 02:47:49.629 W/lgq     ( 1935): Pending fill request while another request in the same session was triggered. [CONTEXT service_id=177 ]
12-14 02:47:49.806 E/SurfaceFlinger( 1406): ro.sf.lcd_density must be defined as a build property
12-14 02:47:49.816 D/gralloc_ranchu( 1396): gralloc_alloc: Creating ashmem region of size 8298496
12-14 02:47:49.826 D/        ( 4655): HostConnection::get() New Host Connection established 0xb392f800, tid 4655
12-14 02:47:50.197 W/audio_hw_generic( 1389): Not supplying enough data to HAL, expected position 1110966 , only wrote 1110240
12-14 02:47:50.199 W/audio_hw_generic( 1389): Not supplying enough data to HAL, expected position 1110344 , only wrote 1110240
12-14 02:47:50.215 W/audio_hw_generic( 1389): Not supplying enough data to HAL, expected position 1110992 , only wrote 1110960
