12-14 03:58:09.547 D/gralloc_ranchu( 1395): gralloc_alloc: Creating ashmem region of size 7753728
12-14 03:58:09.559 D/ConnectivityService( 1630): handleLingerComplete for NetworkAgentInfo [MOBILE (LTE) - 100]
12-14 03:58:09.564 I/zygote  ( 3858): Do full code cache collection, code=121KB, data=71KB
12-14 03:58:09.574 I/zygote  ( 3858): After code cache collection, code=85KB, data=36KB
12-14 03:58:09.593 V/StatusBar( 1734): setLightsOn(true)
12-14 03:58:09.612 I/ProvidersCache( 3360): Provider returned no roots. Possibly naughty: com.google.android.apps.docs.storage
12-14 03:58:09.644 V/StatusBar( 1734): setLightsOn(true)
12-14 03:58:09.650 D/BoundBrokerSvc( 1938): onUnbind: Intent { act=com.google.android.gms.clearcut.bootcount.service.START cmp=com.google.android.gms/.chimera.PersistentBoundBrokerService }
12-14 03:58:09.664 W/Binder  ( 1630): Outgoing transactions from this process must be FLAG_ONEWAY
12-14 03:58:09.664 W/Binder  ( 1630): java.lang.Throwable
12-14 03:58:09.664 W/Binder  ( 1630): 	at android.os.BinderProxy.transact(Binder.java:736)
12-14 03:58:09.664 W/Binder  ( 1630): 	at com.android.internal.location.ILocationProvider$Stub$Proxy.getProperties(ILocationProvider.java:232)
12-14 03:58:09.664 W/Binder  ( 1630): 	at com.android.server.location.LocationProviderProxy$1.run(LocationProviderProxy.java:119)
12-14 03:58:09.664 W/Binder  ( 1630): 	at android.os.Handler.handleCallback(Handler.java:789)
12-14 03:58:09.664 W/Binder  ( 1630): 	at android.os.Handler.dispatchMessage(Handler.java:98)
12-14 03:58:09.664 W/Binder  ( 1630): 	at android.os.Looper.loop(Looper.java:164)
12-14 03:58:09.664 W/Binder  ( 1630): 	at android.os.HandlerThread.run(HandlerThread.java:65)
12-14 03:58:09.665 W/Binder  ( 1630): Outgoing transactions from this process must be FLAG_ONEWAY
12-14 03:58:09.665 W/Binder  ( 1630): java.lang.Throwable
12-14 03:58:09.665 W/Binder  ( 1630): 	at android.os.BinderProxy.transact(Binder.java:736)
12-14 03:58:09.665 W/Binder  ( 1630): 	at com.android.internal.location.ILocationProvider$Stub$Proxy.getProperties(ILocationProvider.java:232)
12-14 03:58:09.665 W/Binder  ( 1630): 	at com.android.server.location.LocationProviderProxy$1.run(LocationProviderProxy.java:119)
12-14 03:58:09.665 W/Binder  ( 1630): 	at android.os.Handler.handleCallback(Handler.java:789)
12-14 03:58:09.665 W/Binder  ( 1630): 	at android.os.Handler.dispatchMessage(Handler.java:98)
12-14 03:58:09.665 W/Binder  ( 1630): 	at android.os.Looper.loop(Looper.java:164)
12-14 03:58:09.665 W/Binder  ( 1630): 	at android.os.HandlerThread.run(HandlerThread.java:65)
12-14 03:58:09.718 V/StatusBar( 1734): setLightsOn(true)
12-14 03:58:09.737 V/StatusBar( 1734): setLightsOn(true)
12-14 03:58:09.751 W/SurfaceFlinger( 1409): couldn't log to binary event log: overflow.
12-14 03:58:09.751 W/SurfaceFlinger( 1409): couldn't log to binary event log: overflow.
12-14 03:58:09.774 W/Icing   ( 2223): No valid account for uploading user actions
12-14 03:58:09.825 I/Icing   ( 2223): IndexChimeraService.getServiceInterface callingPackage=com.google.android.gms componentName=null serviceId=30
12-14 03:58:09.841 I/PBSessionCacheImpl( 2174): Deleted sessionId[12110707268090] from persistence.
12-14 03:58:09.861 I/System.out( 3858): URI: //map
12-14 03:58:09.862 I/System.out( 3858): params: {json={"query":"android.widget.Button index:2","operation":{"method_name":"query","arguments":[]}}
12-14 03:58:09.862 I/System.out( 3858): }
12-14 03:58:09.875 W/SearchService( 2174): Abort, client detached.
12-14 03:58:09.877 E/WorkerRegistryImpl( 2174): getWorker() is called after WorkerRegistry disposal.
12-14 03:58:09.877 E/WorkerRegistryImpl( 2174): getWorker() is called after WorkerRegistry disposal.
12-14 03:58:09.888 I/zygote  ( 1630): Background concurrent copying GC freed 53171(2MB) AllocSpace objects, 11(236KB) LOS objects, 36% free, 10MB/16MB, paused 358us total 106.971ms
12-14 03:58:09.895 I/Icing   ( 2223): Usage reports ok 1, Failed Usage reports 0, indexed 0, rejected 0
12-14 03:58:09.904 W/Icing   ( 2223): No valid account for uploading user actions
12-14 03:58:09.916 I/Icing   ( 2223): Usage reports ok 0, Failed Usage reports 0, indexed 0, rejected 0
12-14 03:58:09.917 I/Icing   ( 2223): Indexing com.google.android.gms-apps from com.google.android.gms
12-14 03:58:09.919 I/Icing   ( 2223): Indexing done com.google.android.gms-apps
12-14 03:58:10.009 I/System.out( 3858): URI: //gesture
12-14 03:58:10.009 I/System.out( 3858): params: {json={"query_timeout":5.0,"gestures":[{"query_string":"android.widget.Button index:2","touches":[{"x":50,"y":50,"offset_x":0,"offset_y":0,"wait":0.0,"time":0.2,"release":true,"query_string":null}]}]}
12-14 03:58:10.009 I/System.out( 3858): }
12-14 03:58:10.286 I/AudioTrack( 1630): AUDIO_OUTPUT_FLAG_FAST successful; frameCount 4512 -> 4512
12-14 03:58:10.316 I/zygote  ( 3858): Do partial code cache collection, code=124KB, data=62KB
12-14 03:58:10.316 I/zygote  ( 3858): After code cache collection, code=124KB, data=62KB
12-14 03:58:10.316 I/zygote  ( 3858): Increasing code cache capacity to 512KB
12-14 03:58:10.349 W/Nearby  ( 1938): Failed attempt #3 out of 3 for RestoreDeviceName [CONTEXT service_id=49 ]
12-14 03:58:10.349 W/Nearby  ( 1938): java.lang.IllegalStateException: BluetoothAdapter not ready yet!
12-14 03:58:10.349 W/Nearby  ( 1938): 	at alhd.g(:com.google.android.gms@204713022@20.47.13 (040700-344095733):2)
12-14 03:58:10.349 W/Nearby  ( 1938): 	at alhc.run(Unknown Source:0)
12-14 03:58:10.349 W/Nearby  ( 1938): 	at bznt.call(Unknown Source:0)
12-14 03:58:10.349 W/Nearby  ( 1938): 	at bzny.b(:com.google.android.gms@204713022@20.47.13 (040700-344095733):2)
12-14 03:58:10.349 W/Nearby  ( 1938): 	at bzny.a(:com.google.android.gms@204713022@20.47.13 (040700-344095733):0)
12-14 03:58:10.349 W/Nearby  ( 1938): 	at alhb.run(Unknown Source:2)
12-14 03:58:10.349 W/Nearby  ( 1938): 	at java.lang.Thread.run(Thread.java:764)
12-14 03:58:10.349 W/Nearby  ( 1938): 	at tly.run(Unknown Source:5)
12-14 03:58:10.349 W/Nearby  ( 1938): 	at java.util.concurrent.ThreadPoolExecutor.runWorker(ThreadPoolExecutor.java:1162)
12-14 03:58:10.349 W/Nearby  ( 1938): 	at java.util.concurrent.ThreadPoolExecutor$Worker.run(ThreadPoolExecutor.java:636)
12-14 03:58:10.349 W/Nearby  ( 1938): 	at trx.run(:com.google.android.gms@204713022@20.47.13 (040700-344095733):0)
12-14 03:58:10.349 W/Nearby  ( 1938): 	at java.lang.Thread.run(Thread.java:764)
12-14 03:58:10.356 V/StatusBar( 1734): setLightsOn(true)
12-14 03:58:10.357 I/chatty  ( 1734): uid=10028(u0_a28) com.android.systemui identical 1 line
12-14 03:58:10.360 V/StatusBar( 1734): setLightsOn(true)
12-14 03:58:10.372 W/View    ( 3858): dispatchProvideAutofillStructure(): not laid out, ignoring
12-14 03:58:10.378 W/Binder  ( 1630): Outgoing transactions from this process must be FLAG_ONEWAY
12-14 03:58:10.378 W/Binder  ( 1630): java.lang.Throwable
12-14 03:58:10.378 W/Binder  ( 1630): 	at android.os.BinderProxy.transact(Binder.java:736)
12-14 03:58:10.378 W/Binder  ( 1630): 	at android.app.assist.AssistStructure$ParcelTransferReader.fetchData(AssistStructure.java:407)
12-14 03:58:10.378 W/Binder  ( 1630): 	at android.app.assist.AssistStructure$ParcelTransferReader.go(AssistStructure.java:343)
12-14 03:58:10.378 W/Binder  ( 1630): 	at android.app.assist.AssistStructure.ensureData(AssistStructure.java:2096)
12-14 03:58:10.378 W/Binder  ( 1630): 	at com.android.server.autofill.Session$1.send(Session.java:200)
12-14 03:58:10.378 W/Binder  ( 1630): 	at com.android.server.am.ActivityManagerService.reportAssistContextExtras(ActivityManagerService.java:13137)
12-14 03:58:10.378 W/Binder  ( 1630): 	at android.app.IActivityManager$Stub.onTransact(IActivityManager.java:2466)
12-14 03:58:10.378 W/Binder  ( 1630): 	at com.android.server.am.ActivityManagerService.onTransact(ActivityManagerService.java:2935)
12-14 03:58:10.378 W/Binder  ( 1630): 	at android.os.Binder.execTransact(Binder.java:674)
12-14 03:58:10.381 I/AssistStructure( 3858): Flattened final assist data: 5024 bytes, containing 2 windows, 19 views
12-14 03:58:10.385 D/gralloc_ranchu( 1395): gralloc_alloc: Creating ashmem region of size 303104
12-14 03:58:10.397 V/StatusBar( 1734): setLightsOn(true)
12-14 03:58:10.399 I/chatty  ( 1734): uid=10028(u0_a28) com.android.systemui identical 1 line
12-14 03:58:10.408 V/StatusBar( 1734): setLightsOn(true)
12-14 03:58:10.880 W/audio_hw_generic( 1389): Not supplying enough data to HAL, expected position 21804 , only wrote 2880
12-14 03:58:10.881 W/audio_hw_generic( 1389): Not supplying enough data to HAL, expected position 2896 , only wrote 2880
12-14 03:58:10.883 W/AudioFlinger( 1478): write blocked for 463 msecs, 1 delayed writes, thread 0xa5583f40
12-14 03:58:10.883 W/audio_hw_generic( 1389): Hardware backing HAL too slow, could only write 0 of 720 frames
12-14 03:58:10.898 W/audio_hw_generic( 1389): Hardware backing HAL too slow, could only write 0 of 720 frames
12-14 03:58:10.911 D/AudioFlinger( 1478): mixer(0xa5583f40) throttle end: throttle time(8)
12-14 03:58:10.943 V/StatusBar( 1734): setLightsOn(true)
12-14 03:58:10.990 I/AssistStructure( 1630): Flattened final assist data: 4496 bytes, containing 2 windows, 19 views
12-14 03:58:11.004 W/lgq     ( 1938): Pending fill request while another request in the same session was triggered. [CONTEXT service_id=177 ]
12-14 03:58:11.005 E/SurfaceFlinger( 1409): ro.sf.lcd_density must be defined as a build property
12-14 03:58:11.006 D/PermissionCache( 1409): checking android.permission.READ_FRAME_BUFFER for uid=2000 => granted (77 us)
12-14 03:58:11.026 D/gralloc_ranchu( 1395): gralloc_alloc: Creating ashmem region of size 8298496
12-14 03:58:11.036 D/        ( 3913): HostConnection::get() New Host Connection established 0xace2f800, tid 3913
12-14 03:58:11.233 I/zygote  ( 1938): Background concurrent copying GC freed 91885(5MB) AllocSpace objects, 7(164KB) LOS objects, 43% free, 7MB/13MB, paused 501us total 144.173ms
