--------- beginning of main
12-14 03:58:36.369 D/AndroidRuntime( 4375): >>>>>> START com.android.internal.os.RuntimeInit uid 2000 <<<<<<
12-14 03:58:36.402 W/app_process( 4375): Unexpected CPU variant for X86 using defaults: x86
12-14 03:58:36.415 D/AndroidRuntime( 4375): Calling main entry com.android.commands.am.Am
--------- beginning of system
12-14 03:58:36.418 I/ActivityManager( 1630): Force stopping com.evancharlton.mileage appid=10442 user=0: start instr
12-14 03:58:36.418 I/ActivityManager( 1630): Killing 4353:com.evancharlton.mileage/u0a442 (adj 0): stop com.evancharlton.mileage
12-14 03:58:36.421 W/ActivityManager( 1630): Crash of app com.evancharlton.mileage running instrumentation ComponentInfo{com.evancharlton.mileage.test/sh.calaba.instrumentationbackend.ClearAppData2}
12-14 03:58:36.421 I/ActivityManager( 1630): Force stopping com.evancharlton.mileage appid=10442 user=0: finished inst
12-14 03:58:36.427 I/zygote  ( 4385): Not late-enabling -Xcheck:jni (already on)
12-14 03:58:36.433 W/zygote  ( 4385): Unexpected CPU variant for X86 using defaults: x86
12-14 03:58:36.435 I/ActivityManager( 1630): Start proc 4385:com.evancharlton.mileage/u0a442 for added application com.evancharlton.mileage
12-14 03:58:36.436 E/memtrack( 1630): Couldn't load memtrack module
12-14 03:58:36.436 W/android.os.Debug( 1630): failed to get memory consumption info: -1
12-14 03:58:36.437 D/AndroidRuntime( 4375): Shutting down VM
12-14 03:58:36.447 E/memtrack( 1630): Couldn't load memtrack module
12-14 03:58:36.447 W/android.os.Debug( 1630): failed to get memory consumption info: -1
12-14 03:58:36.459 E/adbd    ( 1382): failed to connect to socket 'tcp:7102': Connection refused
12-14 03:58:36.461 E/adbd    ( 1382): failed to connect to socket 'tcp:7102': Connection refused
12-14 03:58:36.464 W/zygote  ( 4385): Found duplicate classes, falling back to extracting from APK : /data/app/com.evancharlton.mileage.test-fOxy0Q5bRLZo1kb5T4Aimg==/base.apk
12-14 03:58:36.464 W/zygote  ( 4385): NOTE: This wastes RAM and hurts startup performance.
12-14 03:58:36.464 W/zygote  ( 4385): Found duplicated class when checking oat files: 'Ljunit/runner/BaseTestRunner;' in /data/app/com.evancharlton.mileage.test-fOxy0Q5bRLZo1kb5T4Aimg==/base.apk and /system/framework/android.test.runner.jar
12-14 03:58:36.464 W/zygote  ( 4385): 
12-14 03:58:36.498 W/System  ( 4385): ClassLoader referenced unknown path: 
12-14 03:58:36.511 I/System.out( 4385): Main activity name automatically set to: com.evancharlton.mileage.Mileage
12-14 03:58:36.512 I/System.out( 4385): Calabash did not load Mono. This is only a problem if you are trying to test a Mono application
12-14 03:58:36.512 I/calabash( 4385): Test server port: 7102
12-14 03:58:36.513 I/InstrumentationBackend( 4385): Added:'GetPreferences', with key:'get_preferences'
12-14 03:58:36.570 I/InstrumentationBackend( 4385): Added:'SetPreferences', with key:'set_preferences'
12-14 03:58:36.570 I/InstrumentationBackend( 4385): Added:'ClearPreferences', with key:'clear_preferences'
12-14 03:58:36.570 I/InstrumentationBackend( 4385): Added:'PressElement', with key:'press_l10n_element'
12-14 03:58:36.570 I/InstrumentationBackend( 4385): Added:'WaitForElement', with key:'wait_for_l10n_element'
12-14 03:58:36.571 I/InstrumentationBackend( 4385): Added:'NullAction', with key:'nullAction'
12-14 03:58:36.571 I/InstrumentationBackend( 4385): Added:'PressKey', with key:'press_key'
12-14 03:58:36.572 I/InstrumentationBackend( 4385): Added:'SetActivityOrientation', with key:'set_activity_orientation'
12-14 03:58:36.572 I/InstrumentationBackend( 4385): Added:'GetActivityOrientation', with key:'get_activity_orientation'
12-14 03:58:36.574 I/InstrumentationBackend( 4385): Added:'FakeGPSLocation', with key:'set_gps_coordinates'
12-14 03:58:36.574 E/adbd    ( 1382): failed to connect to socket 'tcp:7102': Connection refused
12-14 03:58:36.575 I/InstrumentationBackend( 4385): Added:'SetPropertyByCssSelector', with key:'set_property_by_css_selector'
12-14 03:58:36.576 E/adbd    ( 1382): failed to connect to socket 'tcp:7102': Connection refused
12-14 03:58:36.577 I/InstrumentationBackend( 4385): Added:'GetUrl', with key:'get_url'
12-14 03:58:36.579 I/InstrumentationBackend( 4385): Added:'ScrollTo', with key:'scroll_to'
12-14 03:58:36.579 I/InstrumentationBackend( 4385): Added:'GetLoadProgress', with key:'get_load_progress'
12-14 03:58:36.580 I/InstrumentationBackend( 4385): Added:'DumpHtml', with key:'dump_html'
12-14 03:58:36.580 I/InstrumentationBackend( 4385): Added:'DumpBodyHtml', with key:'dump_body_html'
12-14 03:58:36.580 I/InstrumentationBackend( 4385): Added:'EnterTextByCssSelector', with key:'enter_text_by_selector'
12-14 03:58:36.584 I/InstrumentationBackend( 4385): Added:'AndroidSDKVersion', with key:'android_sdk_version'
12-14 03:58:36.585 I/InstrumentationBackend( 4385): Added:'Version', with key:'version'
12-14 03:58:36.585 I/InstrumentationBackend( 4385): Added:'Drag', with key:'drag'
12-14 03:58:36.585 I/InstrumentationBackend( 4385): Added:'TouchCoordinates', with key:'touch_coordinate'
12-14 03:58:36.585 I/InstrumentationBackend( 4385): Added:'LongPressCoordinate', with key:'long_press_coordinate'
12-14 03:58:36.585 I/InstrumentationBackend( 4385): Added:'DragCoordinates', with key:'drag_coordinates'
12-14 03:58:36.586 I/InstrumentationBackend( 4385): Added:'ResumeApplication', with key:'resume_application'
12-14 03:58:36.586 I/InstrumentationBackend( 4385): Added:'Swipe', with key:'swipe'
12-14 03:58:36.587 I/InstrumentationBackend( 4385): Added:'DoubleTapCoordinate', with key:'double_tap_coordinate'
12-14 03:58:36.587 I/InstrumentationBackend( 4385): Added:'ClickOnScreen', with key:'click_on_screen'
12-14 03:58:36.588 I/InstrumentationBackend( 4385): Added:'GetActivityName', with key:'get_activity_name'
12-14 03:58:36.588 I/InstrumentationBackend( 4385): Added:'ScrollToView', with key:'scroll_to_view'
12-14 03:58:36.589 I/InstrumentationBackend( 4385): Added:'ViewConfiguration', with key:'view_configuration'
12-14 03:58:36.589 I/InstrumentationBackend( 4385): Added:'IsCurrentActivityFocused', with key:'is_current_activity_focused'
12-14 03:58:36.589 I/InstrumentationBackend( 4385): Added:'SendTcp', with key:'send_tcp'
12-14 03:58:36.589 I/InstrumentationBackend( 4385): Added:'DpToDevicePixel', with key:'dp_to_device_pixel'
12-14 03:58:36.590 I/InstrumentationBackend( 4385): Added:'KeyboardEnterText', with key:'keyboard_enter_text'
12-14 03:58:36.590 I/InstrumentationBackend( 4385): Added:'DeleteSurroundingText', with key:'delete_surrounding_text'
12-14 03:58:36.590 I/InstrumentationBackend( 4385): Added:'SetComposingRegion', with key:'set_composing_region'
12-14 03:58:36.591 I/InstrumentationBackend( 4385): Added:'SetSelection', with key:'set_selection'
12-14 03:58:36.591 I/InstrumentationBackend( 4385): Added:'KeyboardKeyEvent', with key:'keyboard_key_event'
12-14 03:58:36.591 I/InstrumentationBackend( 4385): Added:'PressUserActionButton', with key:'press_user_action_button'
12-14 03:58:36.593 I/InstrumentationBackend( 4385): Added:'HideSoftKeyboard', with key:'hide_soft_keyboard'
12-14 03:58:36.595 I/InstrumentationBackend( 4385): Added:'ListActions', with key:'list_actions'
12-14 03:58:36.595 I/calabash( 4385): Instantiating http server at 7102
12-14 03:58:36.596 I/System.out( 4385): HTTP Daemon listening on: 7102
12-14 03:58:36.688 I/System.out( 4385): URI: //ping
12-14 03:58:36.689 I/System.out( 4385): params: {json={}
12-14 03:58:36.689 I/System.out( 4385): }
12-14 03:58:36.700 I/System.out( 4385): URI: //ping
12-14 03:58:36.700 I/System.out( 4385): params: {json={}
12-14 03:58:36.700 I/System.out( 4385): }
12-14 03:58:36.708 I/System.out( 4385): URI: //ready
12-14 03:58:36.708 I/System.out( 4385): params: {json={}
12-14 03:58:36.708 I/System.out( 4385): }
12-14 03:58:36.714 I/System.out( 4385): URI: //
12-14 03:58:36.714 I/System.out( 4385): params: {json={"command":"version","arguments":[]}
12-14 03:58:36.714 I/System.out( 4385): }
12-14 03:58:36.715 I/System.out( 4385): header: {content-type=application/json;charset=utf-8, date=Mon, 14 Dec 2020 08:58:37 GMT, accept=*/*, host=127.0.0.1:34777, content-length=36, user-agent=HTTPClient/1.0 (2.8.3, ruby 2.5.8 (2020-03-31))}
12-14 03:58:36.715 I/System.out( 4385): params: {json={"command":"version","arguments":[]}
12-14 03:58:36.715 I/System.out( 4385): }
12-14 03:58:36.715 I/System.out( 4385): ProP json = {"command":"version","arguments":[]}
12-14 03:58:36.715 I/System.out( 4385): files: {}
12-14 03:58:36.715 I/System.out( 4385): command: {"command":"version","arguments":[]}
12-14 03:58:36.746 I/InstrumentationBackend( 4385): Got command:'Command:'Line:null,version', arguments:'[]'
12-14 03:58:36.778 I/System.out( 4385): result:{"bonusInformation":[],"message":"0.9.8","success":true}
12-14 03:58:36.785 I/System.out( 4385): URI: //start-application
12-14 03:58:36.785 I/System.out( 4385): params: {json={"intent":null}
12-14 03:58:36.785 I/System.out( 4385): }
12-14 03:58:36.823 I/ActivityManager( 1630): START u0 {act=android.intent.action.MAIN cat=[android.intent.category.LAUNCHER] flg=0x10200000 cmp=com.evancharlton.mileage/.Mileage} from uid 10442
12-14 03:58:36.836 I/calabash( 4385): newActivity1
12-14 03:58:36.860 D/gralloc_ranchu( 1395): gralloc_alloc: Creating ashmem region of size 7753728
12-14 03:58:36.875 W/ActivityManager( 1630): Bad activity token: android.os.BinderProxy@85ec515
12-14 03:58:36.875 W/ActivityManager( 1630): java.lang.ClassCastException: android.os.BinderProxy cannot be cast to com.android.server.am.ActivityRecord$Token
12-14 03:58:36.875 W/ActivityManager( 1630): 	at com.android.server.am.ActivityRecord.forTokenLocked(ActivityRecord.java:778)
12-14 03:58:36.875 W/ActivityManager( 1630): 	at com.android.server.am.ActivityRecord.isInStackLocked(ActivityRecord.java:2085)
12-14 03:58:36.875 W/ActivityManager( 1630): 	at com.android.server.am.ActivityRecord.getStackLocked(ActivityRecord.java:2090)
12-14 03:58:36.875 W/ActivityManager( 1630): 	at com.android.server.am.ActivityManagerService.getActivityDisplayId(ActivityManagerService.java:10406)
12-14 03:58:36.875 W/ActivityManager( 1630): 	at android.app.IActivityManager$Stub.onTransact(IActivityManager.java:2738)
12-14 03:58:36.875 W/ActivityManager( 1630): 	at com.android.server.am.ActivityManagerService.onTransact(ActivityManagerService.java:2935)
12-14 03:58:36.875 W/ActivityManager( 1630): 	at android.os.Binder.execTransact(Binder.java:674)
12-14 03:58:36.876 I/calabash( 4385): newActivity1
12-14 03:58:36.881 W/ActivityManager( 1630): Bad activity token: android.os.BinderProxy@85ec515
12-14 03:58:36.881 W/ActivityManager( 1630): java.lang.ClassCastException: android.os.BinderProxy cannot be cast to com.android.server.am.ActivityRecord$Token
12-14 03:58:36.881 W/ActivityManager( 1630): 	at com.android.server.am.ActivityRecord.forTokenLocked(ActivityRecord.java:778)
12-14 03:58:36.881 W/ActivityManager( 1630): 	at com.android.server.am.ActivityRecord.isInStackLocked(ActivityRecord.java:2085)
12-14 03:58:36.881 W/ActivityManager( 1630): 	at com.android.server.am.ActivityManagerService.setTaskDescription(ActivityManagerService.java:9988)
12-14 03:58:36.881 W/ActivityManager( 1630): 	at android.app.IActivityManager$Stub.onTransact(IActivityManager.java:2824)
12-14 03:58:36.881 W/ActivityManager( 1630): 	at com.android.server.am.ActivityManagerService.onTransact(ActivityManagerService.java:2935)
12-14 03:58:36.881 W/ActivityManager( 1630): 	at android.os.Binder.execTransact(Binder.java:674)
12-14 03:58:36.882 W/ActivityManager( 1630): Bad activity token: android.os.BinderProxy@85ec515
12-14 03:58:36.882 W/ActivityManager( 1630): java.lang.ClassCastException: android.os.BinderProxy cannot be cast to com.android.server.am.ActivityRecord$Token
12-14 03:58:36.882 W/ActivityManager( 1630): 	at com.android.server.am.ActivityRecord.forTokenLocked(ActivityRecord.java:778)
12-14 03:58:36.882 W/ActivityManager( 1630): 	at com.android.server.am.ActivityRecord.isInStackLocked(ActivityRecord.java:2085)
12-14 03:58:36.882 W/ActivityManager( 1630): 	at com.android.server.am.ActivityRecord.getStackLocked(ActivityRecord.java:2090)
12-14 03:58:36.882 W/ActivityManager( 1630): 	at com.android.server.am.ActivityManagerService.getActivityStackId(ActivityManagerService.java:10417)
12-14 03:58:36.882 W/ActivityManager( 1630): 	at android.app.IActivityManager$Stub.onTransact(IActivityManager.java:3548)
12-14 03:58:36.882 W/ActivityManager( 1630): 	at com.android.server.am.ActivityManagerService.onTransact(ActivityManagerService.java:2935)
12-14 03:58:36.882 W/ActivityManager( 1630): 	at android.os.Binder.execTransact(Binder.java:674)
12-14 03:58:36.906 D/EGL_emulation( 2150): eglMakeCurrent: 0xa2dfc900: ver 3 0 (tinfo 0xa2dff5e0)
12-14 03:58:36.906 D/EGL_emulation( 2174): eglMakeCurrent: 0xa2dfe280: ver 3 0 (tinfo 0xa2dff900)
12-14 03:58:36.910 V/StatusBar( 1734): setLightsOn(true)
12-14 03:58:36.926 D/EGL_emulation( 1734): eglMakeCurrent: 0x91837fe0: ver 3 0 (tinfo 0xa0e439e0)
12-14 03:58:36.941 I/chatty  ( 1734): uid=10028(u0_a28) RenderThread identical 1 line
12-14 03:58:36.960 D/EGL_emulation( 1734): eglMakeCurrent: 0x91837fe0: ver 3 0 (tinfo 0xa0e439e0)
12-14 03:58:36.961 V/StatusBar( 1734): setLightsOn(true)
12-14 03:58:36.972 D/EGL_emulation( 1734): eglMakeCurrent: 0x91837fe0: ver 3 0 (tinfo 0xa0e439e0)
12-14 03:58:36.973 D/FillupsProvider( 4385): Creating database
12-14 03:58:36.976 D/EGL_emulation( 1734): eglMakeCurrent: 0x91837fe0: ver 3 0 (tinfo 0xa0e439e0)
12-14 03:58:36.983 E/ContentStoreEUAS( 2174): Failed to commit the deferred actions
12-14 03:58:36.985 D/EGL_emulation( 1734): eglMakeCurrent: 0x91837fe0: ver 3 0 (tinfo 0xa0e439e0)
12-14 03:58:37.033 I/chatty  ( 1734): uid=10028(u0_a28) RenderThread identical 4 lines
12-14 03:58:37.040 D/EGL_emulation( 1734): eglMakeCurrent: 0x91837fe0: ver 3 0 (tinfo 0xa0e439e0)
12-14 03:58:37.047 I/zygote  ( 4385): Do partial code cache collection, code=30KB, data=22KB
12-14 03:58:37.048 I/zygote  ( 4385): After code cache collection, code=30KB, data=22KB
12-14 03:58:37.048 I/zygote  ( 4385): Increasing code cache capacity to 128KB
12-14 03:58:37.049 D/EGL_emulation( 1734): eglMakeCurrent: 0x91837fe0: ver 3 0 (tinfo 0xa0e439e0)
12-14 03:58:37.124 W/ActivityManager( 1630): Bad activity token: android.os.BinderProxy@85ec515
12-14 03:58:37.124 W/ActivityManager( 1630): java.lang.ClassCastException: android.os.BinderProxy cannot be cast to com.android.server.am.ActivityRecord$Token
12-14 03:58:37.124 W/ActivityManager( 1630): 	at com.android.server.am.ActivityRecord.forTokenLocked(ActivityRecord.java:778)
12-14 03:58:37.124 W/ActivityManager( 1630): 	at com.android.server.am.ActivityRecord.isInStackLocked(ActivityRecord.java:2085)
12-14 03:58:37.124 W/ActivityManager( 1630): 	at com.android.server.am.ActivityManagerService.getActivityOptions(ActivityManagerService.java:13302)
12-14 03:58:37.124 W/ActivityManager( 1630): 	at android.app.IActivityManager$Stub.onTransact(IActivityManager.java:2910)
12-14 03:58:37.124 W/ActivityManager( 1630): 	at com.android.server.am.ActivityManagerService.onTransact(ActivityManagerService.java:2935)
12-14 03:58:37.124 W/ActivityManager( 1630): 	at android.os.Binder.execTransact(Binder.java:674)
12-14 03:58:37.125 W/ActivityManager( 1630): Bad activity token: android.os.BinderProxy@85ec515
12-14 03:58:37.125 W/ActivityManager( 1630): java.lang.ClassCastException: android.os.BinderProxy cannot be cast to com.android.server.am.ActivityRecord$Token
12-14 03:58:37.125 W/ActivityManager( 1630): 	at com.android.server.am.ActivityRecord.forTokenLocked(ActivityRecord.java:778)
12-14 03:58:37.125 W/ActivityManager( 1630): 	at com.android.server.am.ActivityRecord.isInStackLocked(ActivityRecord.java:2085)
12-14 03:58:37.125 W/ActivityManager( 1630): 	at com.android.server.am.ActivityManagerService.getActivityOptions(ActivityManagerService.java:13302)
12-14 03:58:37.125 W/ActivityManager( 1630): 	at android.app.IActivityManager$Stub.onTransact(IActivityManager.java:2910)
12-14 03:58:37.125 W/ActivityManager( 1630): 	at com.android.server.am.ActivityManagerService.onTransact(ActivityManagerService.java:2935)
12-14 03:58:37.125 W/ActivityManager( 1630): 	at android.os.Binder.execTransact(Binder.java:674)
12-14 03:58:37.130 I/chatty  ( 1734): uid=10028(u0_a28) RenderThread identical 9 lines
12-14 03:58:37.137 D/EGL_emulation( 1734): eglMakeCurrent: 0x91837fe0: ver 3 0 (tinfo 0xa0e439e0)
12-14 03:58:37.209 V/StatusBar( 1734): setLightsOn(true)
12-14 03:58:37.252 I/zygote  ( 4385): Do partial code cache collection, code=43KB, data=58KB
12-14 03:58:37.254 I/zygote  ( 4385): After code cache collection, code=43KB, data=58KB
12-14 03:58:37.254 I/zygote  ( 4385): Increasing code cache capacity to 256KB
12-14 03:58:37.255 I/zygote  ( 4385): JIT allocated 71KB for compiled code of void android.widget.TextView.<init>(android.content.Context, android.util.AttributeSet, int, int)
12-14 03:58:37.255 I/zygote  ( 4385): Compiler allocated 4MB to compile void android.widget.TextView.<init>(android.content.Context, android.util.AttributeSet, int, int)
12-14 03:58:37.257 V/StatusBar( 1734): setLightsOn(true)
12-14 03:58:37.265 I/chatty  ( 1734): uid=10028(u0_a28) com.android.systemui identical 1 line
12-14 03:58:37.266 V/StatusBar( 1734): setLightsOn(true)
12-14 03:58:37.287 I/zygote  ( 4385): Do full code cache collection, code=123KB, data=66KB
12-14 03:58:37.288 I/zygote  ( 4385): After code cache collection, code=88KB, data=38KB
12-14 03:58:37.300 D/gralloc_ranchu( 1395): gralloc_alloc: Creating ashmem region of size 7753728
12-14 03:58:37.319 D/        ( 4385): HostConnection::get() New Host Connection established 0xa2a2fd80, tid 4385
12-14 03:58:37.344 V/StatusBar( 1734): setLightsOn(true)
12-14 03:58:37.375 I/chatty  ( 1734): uid=10028(u0_a28) com.android.systemui identical 1 line
12-14 03:58:37.377 V/StatusBar( 1734): setLightsOn(true)
12-14 03:58:37.378 I/ActivityManager( 1630): Displayed com.evancharlton.mileage/.Mileage: +548ms
12-14 03:58:37.380 V/StatusBar( 1734): setLightsOn(true)
12-14 03:58:37.408 D/gralloc_ranchu( 1395): gralloc_alloc: Creating ashmem region of size 7753728
12-14 03:58:37.409 V/StatusBar( 1734): setLightsOn(true)
12-14 03:58:37.506 E/memtrack( 1630): Couldn't load memtrack module
12-14 03:58:37.506 W/android.os.Debug( 1630): failed to get memory consumption info: -1
12-14 03:58:37.564 V/StatusBar( 1734): setLightsOn(true)
12-14 03:58:37.583 I/System.out( 4385): URI: //
12-14 03:58:37.583 I/System.out( 4385): params: {json={"command":"set_activity_orientation","arguments":["landscape"]}
12-14 03:58:37.583 I/System.out( 4385): }
12-14 03:58:37.583 I/System.out( 4385): header: {content-type=application/json;charset=utf-8, date=Mon, 14 Dec 2020 08:58:37 GMT, accept=*/*, host=127.0.0.1:34777, content-length=64, user-agent=HTTPClient/1.0 (2.8.3, ruby 2.5.8 (2020-03-31))}
12-14 03:58:37.583 I/System.out( 4385): params: {json={"command":"set_activity_orientation","arguments":["landscape"]}
12-14 03:58:37.583 I/System.out( 4385): }
12-14 03:58:37.583 I/System.out( 4385): ProP json = {"command":"set_activity_orientation","arguments":["landscape"]}
12-14 03:58:37.583 I/System.out( 4385): files: {}
12-14 03:58:37.583 I/System.out( 4385): command: {"command":"set_activity_orientation","arguments":["landscape"]}
12-14 03:58:37.586 I/InstrumentationBackend( 4385): Got command:'Command:'Line:null,set_activity_orientation', arguments:'[landscape]'
12-14 03:58:37.595 D/gralloc_ranchu( 1395): gralloc_alloc: Creating ashmem region of size 8298496
12-14 03:58:37.629 W/LocalDisplayAdapter( 1630): Unable to find color mode 0, ignoring request.
12-14 03:58:37.640 I/ActivityManager( 1630): Config changes=480 {1.0 310mcc260mnc [en_US] ldltr sw411dp w683dp h387dp 420dpi nrml land finger qwerty/v/v -nav/h appBounds=Rect(0, 0 - 1794, 1080) s.7}
12-14 03:58:37.648 I/InputReader( 1630): Reconfiguring input devices.  changes=0x00000004
12-14 03:58:37.648 I/InputReader( 1630): Device reconfigured: id=0, name='qwerty2', size 1080x1920, orientation 1, mode 1, display id 0
12-14 03:58:37.652 I/ActivityManager( 1630): Override config changes=480 {1.0 310mcc260mnc [en_US] ldltr sw411dp w683dp h387dp 420dpi nrml land finger qwerty/v/v -nav/h appBounds=Rect(0, 0 - 1794, 1080) s.7} for displayId=0
12-14 03:58:37.761 I/calabash( 4385): newActivity1
12-14 03:58:37.779 D/gralloc_ranchu( 1395): gralloc_alloc: Creating ashmem region of size 544768
12-14 03:58:37.788 D/EGL_emulation( 1734): eglMakeCurrent: 0x91837fe0: ver 3 0 (tinfo 0xa0e439e0)
12-14 03:58:37.795 D/gralloc_ranchu( 1395): gralloc_alloc: Creating ashmem region of size 544768
12-14 03:58:37.800 D/EGL_emulation( 1734): eglMakeCurrent: 0x91837fe0: ver 3 0 (tinfo 0xa0e439e0)
12-14 03:58:37.807 D/NuPlayerDriver( 1486): NuPlayerDriver(0xb17445b0) created, clientPid(1734)
12-14 03:58:37.835 W/ActivityManager( 1630): Bad activity token: android.os.BinderProxy@986657e
12-14 03:58:37.835 W/ActivityManager( 1630): java.lang.ClassCastException: android.os.BinderProxy cannot be cast to com.android.server.am.ActivityRecord$Token
12-14 03:58:37.835 W/ActivityManager( 1630): 	at com.android.server.am.ActivityRecord.forTokenLocked(ActivityRecord.java:778)
12-14 03:58:37.835 W/ActivityManager( 1630): 	at com.android.server.am.ActivityRecord.isInStackLocked(ActivityRecord.java:2085)
12-14 03:58:37.835 W/ActivityManager( 1630): 	at com.android.server.am.ActivityRecord.getStackLocked(ActivityRecord.java:2090)
12-14 03:58:37.835 W/ActivityManager( 1630): 	at com.android.server.am.ActivityManagerService.getActivityDisplayId(ActivityManagerService.java:10406)
12-14 03:58:37.835 W/ActivityManager( 1630): 	at android.app.IActivityManager$Stub.onTransact(IActivityManager.java:2738)
12-14 03:58:37.835 W/ActivityManager( 1630): 	at com.android.server.am.ActivityManagerService.onTransact(ActivityManagerService.java:2935)
12-14 03:58:37.835 W/ActivityManager( 1630): 	at android.os.Binder.execTransact(Binder.java:674)
12-14 03:58:37.835 I/calabash( 4385): newActivity1
12-14 03:58:37.842 D/GenericSource( 1486): FileSource remote
12-14 03:58:37.846 D/NuPlayerDriver( 1486): notifyListener_l(0xb17445b0), (1, 0, 0, -1), loop setting(0, 0)
12-14 03:58:37.850 W/ActivityManager( 1630): Bad activity token: android.os.BinderProxy@986657e
12-14 03:58:37.850 W/ActivityManager( 1630): java.lang.ClassCastException: android.os.BinderProxy cannot be cast to com.android.server.am.ActivityRecord$Token
12-14 03:58:37.850 W/ActivityManager( 1630): 	at com.android.server.am.ActivityRecord.forTokenLocked(ActivityRecord.java:778)
12-14 03:58:37.850 W/ActivityManager( 1630): 	at com.android.server.am.ActivityRecord.isInStackLocked(ActivityRecord.java:2085)
12-14 03:58:37.850 W/ActivityManager( 1630): 	at com.android.server.am.ActivityManagerService.setTaskDescription(ActivityManagerService.java:9988)
12-14 03:58:37.850 W/ActivityManager( 1630): 	at android.app.IActivityManager$Stub.onTransact(IActivityManager.java:2824)
12-14 03:58:37.850 W/ActivityManager( 1630): 	at com.android.server.am.ActivityManagerService.onTransact(ActivityManagerService.java:2935)
12-14 03:58:37.850 W/ActivityManager( 1630): 	at android.os.Binder.execTransact(Binder.java:674)
12-14 03:58:37.851 W/ActivityManager( 1630): Bad activity token: android.os.BinderProxy@986657e
12-14 03:58:37.851 W/ActivityManager( 1630): java.lang.ClassCastException: android.os.BinderProxy cannot be cast to com.android.server.am.ActivityRecord$Token
12-14 03:58:37.851 W/ActivityManager( 1630): 	at com.android.server.am.ActivityRecord.forTokenLocked(ActivityRecord.java:778)
12-14 03:58:37.851 W/ActivityManager( 1630): 	at com.android.server.am.ActivityRecord.isInStackLocked(ActivityRecord.java:2085)
12-14 03:58:37.851 W/ActivityManager( 1630): 	at com.android.server.am.ActivityRecord.getStackLocked(ActivityRecord.java:2090)
12-14 03:58:37.851 W/ActivityManager( 1630): 	at com.android.server.am.ActivityManagerService.getActivityStackId(ActivityManagerService.java:10417)
12-14 03:58:37.851 W/ActivityManager( 1630): 	at android.app.IActivityManager$Stub.onTransact(IActivityManager.java:3548)
12-14 03:58:37.851 W/ActivityManager( 1630): 	at com.android.server.am.ActivityManagerService.onTransact(ActivityManagerService.java:2935)
12-14 03:58:37.851 W/ActivityManager( 1630): 	at android.os.Binder.execTransact(Binder.java:674)
12-14 03:58:37.872 I/MediaFocusControl( 1630):  AudioFocus  requestAudioFocus() from uid/pid 10028/1734 clientId=android.media.AudioManager@aacb8cc req=3 flags=0x0
12-14 03:58:37.874 V/StatusBar( 1734): setLightsOn(true)
12-14 03:58:37.881 D/gralloc_ranchu( 1395): gralloc_alloc: Creating ashmem region of size 544768
12-14 03:58:37.890 D/EGL_emulation( 1734): eglMakeCurrent: 0x91837fe0: ver 3 0 (tinfo 0xa0e439e0)
12-14 03:58:37.894 D/gralloc_ranchu( 1395): gralloc_alloc: Creating ashmem region of size 544768
12-14 03:58:37.908 W/ActivityManager( 1630): Bad activity token: android.os.BinderProxy@986657e
12-14 03:58:37.908 W/ActivityManager( 1630): java.lang.ClassCastException: android.os.BinderProxy cannot be cast to com.android.server.am.ActivityRecord$Token
12-14 03:58:37.908 W/ActivityManager( 1630): 	at com.android.server.am.ActivityRecord.forTokenLocked(ActivityRecord.java:778)
12-14 03:58:37.908 W/ActivityManager( 1630): 	at com.android.server.am.ActivityRecord.isInStackLocked(ActivityRecord.java:2085)
12-14 03:58:37.908 W/ActivityManager( 1630): 	at com.android.server.am.ActivityManagerService.getActivityOptions(ActivityManagerService.java:13302)
12-14 03:58:37.908 W/ActivityManager( 1630): 	at android.app.IActivityManager$Stub.onTransact(IActivityManager.java:2910)
12-14 03:58:37.908 W/ActivityManager( 1630): 	at com.android.server.am.ActivityManagerService.onTransact(ActivityManagerService.java:2935)
12-14 03:58:37.908 W/ActivityManager( 1630): 	at android.os.Binder.execTransact(Binder.java:674)
12-14 03:58:37.910 W/ActivityManager( 1630): Bad activity token: android.os.BinderProxy@986657e
12-14 03:58:37.910 W/ActivityManager( 1630): java.lang.ClassCastException: android.os.BinderProxy cannot be cast to com.android.server.am.ActivityRecord$Token
12-14 03:58:37.910 W/ActivityManager( 1630): 	at com.android.server.am.ActivityRecord.forTokenLocked(ActivityRecord.java:778)
12-14 03:58:37.910 W/ActivityManager( 1630): 	at com.android.server.am.ActivityRecord.isInStackLocked(ActivityRecord.java:2085)
12-14 03:58:37.910 W/ActivityManager( 1630): 	at com.android.server.am.ActivityManagerService.getActivityOptions(ActivityManagerService.java:13302)
12-14 03:58:37.910 W/ActivityManager( 1630): 	at android.app.IActivityManager$Stub.onTransact(IActivityManager.java:2910)
12-14 03:58:37.910 W/ActivityManager( 1630): 	at com.android.server.am.ActivityManagerService.onTransact(ActivityManagerService.java:2935)
12-14 03:58:37.910 W/ActivityManager( 1630): 	at android.os.Binder.execTransact(Binder.java:674)
12-14 03:58:37.934 D/gralloc_ranchu( 1395): gralloc_alloc: Creating ashmem region of size 487424
12-14 03:58:37.956 D/StatusBar( 1734): disable<e i a s b h r c s q >
12-14 03:58:37.960 I/System.out( 4385): result:{"bonusInformation":[],"message":"","success":true}
12-14 03:58:37.963 D/EGL_emulation( 1734): eglMakeCurrent: 0x91837fe0: ver 3 0 (tinfo 0xa0e439e0)
12-14 03:58:37.972 D/gralloc_ranchu( 1395): gralloc_alloc: Creating ashmem region of size 487424
12-14 03:58:38.002 I/zygote  ( 1734): Do partial code cache collection, code=120KB, data=91KB
12-14 03:58:38.002 I/zygote  ( 1734): After code cache collection, code=120KB, data=91KB
12-14 03:58:38.006 I/zygote  ( 1734): Increasing code cache capacity to 512KB
12-14 03:58:38.041 I/zygote  ( 1721): Background concurrent copying GC freed 11025(466KB) AllocSpace objects, 0(0B) LOS objects, 49% free, 1851KB/3MB, paused 5.548ms total 36.624ms
12-14 03:58:38.043 D/gralloc_ranchu( 1395): gralloc_alloc: Creating ashmem region of size 487424
12-14 03:58:38.060 D/EGL_emulation( 1734): eglMakeCurrent: 0x91837fe0: ver 3 0 (tinfo 0xa0e439e0)
12-14 03:58:38.064 D/gralloc_ranchu( 1395): gralloc_alloc: Creating ashmem region of size 544768
12-14 03:58:38.071 D/gralloc_ranchu( 1395): gralloc_alloc: Creating ashmem region of size 7753728
12-14 03:58:38.076 I/zygote  ( 4385): Do partial code cache collection, code=123KB, data=81KB
12-14 03:58:38.076 I/zygote  ( 4385): After code cache collection, code=123KB, data=81KB
12-14 03:58:38.076 I/zygote  ( 4385): Increasing code cache capacity to 512KB
12-14 03:58:38.080 D/EGL_emulation( 1734): eglMakeCurrent: 0x91837fe0: ver 3 0 (tinfo 0xa0e439e0)
12-14 03:58:38.090 V/StatusBar( 1734): setLightsOn(true)
12-14 03:58:38.169 I/zygote  ( 1734): Deoptimizing void com.android.systemui.statusbar.stack.ViewState.applyToView(android.view.View) due to JIT inline cache
12-14 03:58:38.175 D/gralloc_ranchu( 1395): gralloc_alloc: Creating ashmem region of size 7753728
12-14 03:58:38.176 V/StatusBar( 1734): setLightsOn(true)
12-14 03:58:38.179 I/WindowManager( 1630): Screen frozen for +592ms due to Window{787d1e2 u0 com.evancharlton.mileage/com.evancharlton.mileage.Mileage}
12-14 03:58:38.186 W/SurfaceFlinger( 1409): couldn't log to binary event log: overflow.
12-14 03:58:38.191 V/StatusBar( 1734): setLightsOn(true)
12-14 03:58:38.211 D/SurfaceFlinger( 1409): duplicate layer name: changing BlackSurface to BlackSurface#1
12-14 03:58:38.235 D/SurfaceFlinger( 1409): duplicate layer name: changing BlackSurface to BlackSurface#2
12-14 03:58:38.245 D/SurfaceFlinger( 1409): duplicate layer name: changing BlackSurface to BlackSurface#3
12-14 03:58:38.273 I/PBSessionCacheImpl( 2174): Deleted sessionId[12110707268456] from persistence.
12-14 03:58:38.284 I/zygote  ( 2174): Deoptimizing boolean com.google.android.apps.gsa.shared.util.BitFlags.m(long, long) due to JIT inline cache
12-14 03:58:38.300 W/SearchService( 2174): Abort, client detached.
12-14 03:58:38.380 D/NuPlayerDriver( 1486): start(0xb17445b0), state is 4, eos is 0
12-14 03:58:38.381 I/GenericSource( 1486): start
12-14 03:58:38.398 I/OMXClient( 1486): Treble IOmx obtained
12-14 03:58:38.398 I/OMXMaster( 1491): makeComponentInstance(OMX.google.vorbis.decoder) in omx@1.0-service process
12-14 03:58:38.401 E/OMXNodeInstance( 1491): setConfig(0xb2221260:google.vorbis.decoder, ConfigPriority(0x6f800002)) ERROR: Undefined(0x80001001)
12-14 03:58:38.401 I/ACodec  ( 1486): codec does not support config priority (err -2147483648)
12-14 03:58:38.401 E/OMXNodeInstance( 1491): getConfig(0xb2221260:google.vorbis.decoder, ConfigAndroidVendorExtension(0x6f100004)) ERROR: Undefined(0x80001001)
12-14 03:58:38.402 I/MediaCodec( 1486): MediaCodec will operate in async mode
12-14 03:58:38.405 W//system/bin/hw/android.hidl.allocator@1.0-service( 1388): ashmem_create_region(32768) returning hidl_memory(0xa831b850, 32768)
12-14 03:58:38.425 I/chatty  ( 1388): uid=1000(system) allocator@1.0-s identical 10 lines
12-14 03:58:38.427 W//system/bin/hw/android.hidl.allocator@1.0-service( 1388): ashmem_create_region(32768) returning hidl_memory(0xa831b850, 32768)
12-14 03:58:38.446 D/AudioTrack( 1486): Client defaulted notificationFrames to 7406 for frameCount 22218
12-14 03:58:38.450 D/NuPlayerDriver( 1486): notifyListener_l(0xb17445b0), (6, 0, 0, -1), loop setting(0, 0)
12-14 03:58:38.451 W/audio_hw_generic( 1389): Not supplying enough data to HAL, expected position 355028 , only wrote 354960
12-14 03:58:38.679 E/WifiVendorHal( 1630): getTxPktFates(l.1941) failed {.code = ERROR_NOT_SUPPORTED, .description = }
12-14 03:58:38.679 E/WifiVendorHal( 1630): getRxPktFates(l.1981) failed {.code = ERROR_NOT_SUPPORTED, .description = }
12-14 03:58:38.689 V/StatusBar( 1734): setLightsOn(true)
12-14 03:58:39.271 D/gralloc_ranchu( 1395): gralloc_alloc: Creating ashmem region of size 7753728
12-14 03:58:40.003 I/NuPlayerDecoder( 1486): [audio] saw output EOS
12-14 03:58:40.004 D/AudioTrack( 1486): stop() called with 84672 frames delivered
12-14 03:58:40.154 E/SurfaceFlinger( 1409): ro.sf.lcd_density must be defined as a build property
12-14 03:58:40.162 D/gralloc_ranchu( 1395): gralloc_alloc: Creating ashmem region of size 8298496
12-14 03:58:40.172 D/        ( 4442): HostConnection::get() New Host Connection established 0xb2e2f800, tid 4442
12-14 03:58:40.371 I/zygote  ( 1630): Explicit concurrent copying GC freed 23933(1743KB) AllocSpace objects, 9(180KB) LOS objects, 38% free, 9MB/15MB, paused 359us total 120.502ms
12-14 03:58:40.489 I/System.out( 4385): URI: //
12-14 03:58:40.489 I/System.out( 4385): params: {json={"command":"set_activity_orientation","arguments":["portrait"]}
12-14 03:58:40.489 I/System.out( 4385): }
12-14 03:58:40.490 I/System.out( 4385): header: {content-type=application/json;charset=utf-8, date=Mon, 14 Dec 2020 08:58:40 GMT, accept=*/*, host=127.0.0.1:34777, content-length=63, user-agent=HTTPClient/1.0 (2.8.3, ruby 2.5.8 (2020-03-31))}
12-14 03:58:40.490 I/System.out( 4385): params: {json={"command":"set_activity_orientation","arguments":["portrait"]}
12-14 03:58:40.490 I/System.out( 4385): }
12-14 03:58:40.490 I/System.out( 4385): ProP json = {"command":"set_activity_orientation","arguments":["portrait"]}
12-14 03:58:40.490 I/System.out( 4385): files: {}
12-14 03:58:40.490 I/System.out( 4385): command: {"command":"set_activity_orientation","arguments":["portrait"]}
12-14 03:58:40.492 I/InstrumentationBackend( 4385): Got command:'Command:'Line:null,set_activity_orientation', arguments:'[portrait]'
12-14 03:58:40.496 D/gralloc_ranchu( 1395): gralloc_alloc: Creating ashmem region of size 8298496
12-14 03:58:40.512 W/LocalDisplayAdapter( 1630): Unable to find color mode 0, ignoring request.
12-14 03:58:40.523 I/ActivityManager( 1630): Config changes=480 {1.0 310mcc260mnc [en_US] ldltr sw411dp w411dp h659dp 420dpi nrml port finger qwerty/v/v -nav/h appBounds=Rect(0, 0 - 1080, 1794) s.8}
12-14 03:58:40.526 I/InputReader( 1630): Reconfiguring input devices.  changes=0x00000004
12-14 03:58:40.526 I/InputReader( 1630): Device reconfigured: id=0, name='qwerty2', size 1080x1920, orientation 0, mode 1, display id 0
12-14 03:58:40.526 I/InputReader( 1630): Reconfiguring input devices.  changes=0x00000004
12-14 03:58:40.527 I/InputReader( 1630): Reconfiguring input devices.  changes=0x00000004
12-14 03:58:40.538 D/NuPlayerDriver( 1486): notifyListener_l(0xb17445b0), (2, 0, 0, -1), loop setting(0, 0)
12-14 03:58:40.538 I/MediaFocusControl( 1630):  AudioFocus  abandonAudioFocus() from uid/pid 10028/1734 clientId=android.media.AudioManager@aacb8cc
12-14 03:58:40.546 I/ActivityManager( 1630): Override config changes=480 {1.0 310mcc260mnc [en_US] ldltr sw411dp w411dp h659dp 420dpi nrml port finger qwerty/v/v -nav/h appBounds=Rect(0, 0 - 1080, 1794) s.8} for displayId=0
12-14 03:58:40.589 E/memtrack( 1630): Couldn't load memtrack module
12-14 03:58:40.589 W/android.os.Debug( 1630): failed to get memory consumption info: -1
12-14 03:58:40.590 I/calabash( 4385): newActivity1
12-14 03:58:40.618 D/gralloc_ranchu( 1395): gralloc_alloc: Creating ashmem region of size 544768
12-14 03:58:40.631 D/EGL_emulation( 1734): eglMakeCurrent: 0x91837fe0: ver 3 0 (tinfo 0xa0e439e0)
12-14 03:58:40.635 D/gralloc_ranchu( 1395): gralloc_alloc: Creating ashmem region of size 544768
12-14 03:58:40.641 W/ActivityManager( 1630): Bad activity token: android.os.BinderProxy@572edf4
12-14 03:58:40.641 W/ActivityManager( 1630): java.lang.ClassCastException: android.os.BinderProxy cannot be cast to com.android.server.am.ActivityRecord$Token
12-14 03:58:40.641 W/ActivityManager( 1630): 	at com.android.server.am.ActivityRecord.forTokenLocked(ActivityRecord.java:778)
12-14 03:58:40.641 W/ActivityManager( 1630): 	at com.android.server.am.ActivityRecord.isInStackLocked(ActivityRecord.java:2085)
12-14 03:58:40.641 W/ActivityManager( 1630): 	at com.android.server.am.ActivityRecord.getStackLocked(ActivityRecord.java:2090)
12-14 03:58:40.641 W/ActivityManager( 1630): 	at com.android.server.am.ActivityManagerService.getActivityDisplayId(ActivityManagerService.java:10406)
12-14 03:58:40.641 W/ActivityManager( 1630): 	at android.app.IActivityManager$Stub.onTransact(IActivityManager.java:2738)
12-14 03:58:40.641 W/ActivityManager( 1630): 	at com.android.server.am.ActivityManagerService.onTransact(ActivityManagerService.java:2935)
12-14 03:58:40.641 W/ActivityManager( 1630): 	at android.os.Binder.execTransact(Binder.java:674)
12-14 03:58:40.643 I/calabash( 4385): newActivity1
12-14 03:58:40.643 I/zygote  ( 1721): Do partial code cache collection, code=62KB, data=41KB
12-14 03:58:40.644 I/zygote  ( 1721): After code cache collection, code=62KB, data=41KB
12-14 03:58:40.644 I/zygote  ( 1721): Increasing code cache capacity to 256KB
12-14 03:58:40.656 W/ActivityManager( 1630): Bad activity token: android.os.BinderProxy@572edf4
12-14 03:58:40.656 W/ActivityManager( 1630): java.lang.ClassCastException: android.os.BinderProxy cannot be cast to com.android.server.am.ActivityRecord$Token
12-14 03:58:40.656 W/ActivityManager( 1630): 	at com.android.server.am.ActivityRecord.forTokenLocked(ActivityRecord.java:778)
12-14 03:58:40.656 W/ActivityManager( 1630): 	at com.android.server.am.ActivityRecord.isInStackLocked(ActivityRecord.java:2085)
12-14 03:58:40.656 W/ActivityManager( 1630): 	at com.android.server.am.ActivityManagerService.setTaskDescription(ActivityManagerService.java:9988)
12-14 03:58:40.656 W/ActivityManager( 1630): 	at android.app.IActivityManager$Stub.onTransact(IActivityManager.java:2824)
12-14 03:58:40.656 W/ActivityManager( 1630): 	at com.android.server.am.ActivityManagerService.onTransact(ActivityManagerService.java:2935)
12-14 03:58:40.656 W/ActivityManager( 1630): 	at android.os.Binder.execTransact(Binder.java:674)
12-14 03:58:40.659 W/ActivityManager( 1630): Bad activity token: android.os.BinderProxy@572edf4
12-14 03:58:40.659 W/ActivityManager( 1630): java.lang.ClassCastException: android.os.BinderProxy cannot be cast to com.android.server.am.ActivityRecord$Token
12-14 03:58:40.659 W/ActivityManager( 1630): 	at com.android.server.am.ActivityRecord.forTokenLocked(ActivityRecord.java:778)
12-14 03:58:40.659 W/ActivityManager( 1630): 	at com.android.server.am.ActivityRecord.isInStackLocked(ActivityRecord.java:2085)
12-14 03:58:40.659 W/ActivityManager( 1630): 	at com.android.server.am.ActivityRecord.getStackLocked(ActivityRecord.java:2090)
12-14 03:58:40.659 W/ActivityManager( 1630): 	at com.android.server.am.ActivityManagerService.getActivityStackId(ActivityManagerService.java:10417)
12-14 03:58:40.659 W/ActivityManager( 1630): 	at android.app.IActivityManager$Stub.onTransact(IActivityManager.java:3548)
12-14 03:58:40.659 W/ActivityManager( 1630): 	at com.android.server.am.ActivityManagerService.onTransact(ActivityManagerService.java:2935)
12-14 03:58:40.659 W/ActivityManager( 1630): 	at android.os.Binder.execTransact(Binder.java:674)
12-14 03:58:40.703 V/StatusBar( 1734): setLightsOn(true)
12-14 03:58:40.706 W/ActivityManager( 1630): Bad activity token: android.os.BinderProxy@572edf4
12-14 03:58:40.706 W/ActivityManager( 1630): java.lang.ClassCastException: android.os.BinderProxy cannot be cast to com.android.server.am.ActivityRecord$Token
12-14 03:58:40.706 W/ActivityManager( 1630): 	at com.android.server.am.ActivityRecord.forTokenLocked(ActivityRecord.java:778)
12-14 03:58:40.706 W/ActivityManager( 1630): 	at com.android.server.am.ActivityRecord.isInStackLocked(ActivityRecord.java:2085)
12-14 03:58:40.706 W/ActivityManager( 1630): 	at com.android.server.am.ActivityManagerService.getActivityOptions(ActivityManagerService.java:13302)
12-14 03:58:40.706 W/ActivityManager( 1630): 	at android.app.IActivityManager$Stub.onTransact(IActivityManager.java:2910)
12-14 03:58:40.706 W/ActivityManager( 1630): 	at com.android.server.am.ActivityManagerService.onTransact(ActivityManagerService.java:2935)
12-14 03:58:40.706 W/ActivityManager( 1630): 	at android.os.Binder.execTransact(Binder.java:674)
12-14 03:58:40.706 W/ActivityManager( 1630): Bad activity token: android.os.BinderProxy@572edf4
12-14 03:58:40.706 W/ActivityManager( 1630): java.lang.ClassCastException: android.os.BinderProxy cannot be cast to com.android.server.am.ActivityRecord$Token
12-14 03:58:40.706 W/ActivityManager( 1630): 	at com.android.server.am.ActivityRecord.forTokenLocked(ActivityRecord.java:778)
12-14 03:58:40.706 W/ActivityManager( 1630): 	at com.android.server.am.ActivityRecord.isInStackLocked(ActivityRecord.java:2085)
12-14 03:58:40.706 W/ActivityManager( 1630): 	at com.android.server.am.ActivityManagerService.getActivityOptions(ActivityManagerService.java:13302)
12-14 03:58:40.706 W/ActivityManager( 1630): 	at android.app.IActivityManager$Stub.onTransact(IActivityManager.java:2910)
12-14 03:58:40.706 W/ActivityManager( 1630): 	at com.android.server.am.ActivityManagerService.onTransact(ActivityManagerService.java:2935)
12-14 03:58:40.706 W/ActivityManager( 1630): 	at android.os.Binder.execTransact(Binder.java:674)
12-14 03:58:40.714 D/gralloc_ranchu( 1395): gralloc_alloc: Creating ashmem region of size 544768
12-14 03:58:40.720 I/System.out( 4385): result:{"bonusInformation":[],"message":"","success":true}
12-14 03:58:40.779 I/zygote  ( 4385): Do full code cache collection, code=206KB, data=150KB
12-14 03:58:40.779 I/zygote  ( 4385): After code cache collection, code=206KB, data=115KB
12-14 03:58:40.792 D/gralloc_ranchu( 1395): gralloc_alloc: Creating ashmem region of size 274432
12-14 03:58:40.810 D/StatusBar( 1734): disable<e i a s b h r c s q >
12-14 03:58:40.815 D/EGL_emulation( 1734): eglMakeCurrent: 0x91837fe0: ver 3 0 (tinfo 0xa0e439e0)
12-14 03:58:40.820 D/gralloc_ranchu( 1395): gralloc_alloc: Creating ashmem region of size 274432
12-14 03:58:40.851 D/gralloc_ranchu( 1395): gralloc_alloc: Creating ashmem region of size 7753728
12-14 03:58:40.863 D/gralloc_ranchu( 1395): gralloc_alloc: Creating ashmem region of size 274432
12-14 03:58:40.872 E/TaskPersister( 1630): File error accessing recents directory (directory doesn't exist?).
12-14 03:58:40.891 D/EGL_emulation( 1734): eglMakeCurrent: 0x91837fe0: ver 3 0 (tinfo 0xa0e439e0)
12-14 03:58:40.894 D/EGL_emulation( 1734): eglMakeCurrent: 0x91837fe0: ver 3 0 (tinfo 0xa0e439e0)
12-14 03:58:40.905 V/StatusBar( 1734): setLightsOn(true)
12-14 03:58:40.916 I/chatty  ( 1734): uid=10028(u0_a28) com.android.systemui identical 1 line
12-14 03:58:40.926 I/WindowManager( 1630): Screen frozen for +433ms due to Window{7c9c351 u0 com.evancharlton.mileage/com.evancharlton.mileage.Mileage}
12-14 03:58:40.932 V/StatusBar( 1734): setLightsOn(true)
12-14 03:58:40.935 D/gralloc_ranchu( 1395): gralloc_alloc: Creating ashmem region of size 7753728
12-14 03:58:41.383 V/StatusBar( 1734): setLightsOn(true)
12-14 03:58:42.019 D/gralloc_ranchu( 1395): gralloc_alloc: Creating ashmem region of size 7753728
12-14 03:58:42.918 E/SurfaceFlinger( 1409): ro.sf.lcd_density must be defined as a build property
12-14 03:58:42.925 D/gralloc_ranchu( 1395): gralloc_alloc: Creating ashmem region of size 8298496
12-14 03:58:42.933 D/        ( 4451): HostConnection::get() New Host Connection established 0xad9af800, tid 4451
12-14 03:58:43.003 I/zygote  ( 1630): Explicit concurrent copying GC freed 7265(818KB) AllocSpace objects, 2(56KB) LOS objects, 38% free, 9MB/15MB, paused 2.019ms total 65.101ms
