--------- beginning of main
12-14 03:58:27.986 V/StatusBar( 1734): setLightsOn(true)
12-14 03:58:28.016 D/gralloc_ranchu( 1395): gralloc_alloc: Creating ashmem region of size 7753728
12-14 03:58:28.026 D/        ( 1630): HostConnection::get() New Host Connection established 0x93513280, tid 2140
--------- beginning of system
12-14 03:58:28.034 W/ActivityManager( 1630): Finishing task with all activities already finished
12-14 03:58:28.034 W/ActivityManager( 1630): Duplicate finish request for ActivityRecord{43b67d5 u0 com.evancharlton.mileage/.Mileage t161 f}
12-14 03:58:28.035 D/gralloc_ranchu( 1395): gralloc_alloc: Creating ashmem region of size 8298496
12-14 03:58:28.040 E/memtrack( 1630): Couldn't load memtrack module
12-14 03:58:28.041 W/ActivityManager( 1630): Finishing task with all activities already finished
12-14 03:58:28.041 W/android.os.Debug( 1630): failed to get memory consumption info: -1
12-14 03:58:28.041 W/ActivityManager( 1630): Duplicate finish request for ActivityRecord{43b67d5 u0 com.evancharlton.mileage/.Mileage t161 f}
12-14 03:58:28.046 D/gralloc_ranchu( 1395): gralloc_alloc: Creating ashmem region of size 8298496
12-14 03:58:28.066 I/chatty  ( 1395): uid=1000(system) allocator@2.0-s identical 1 line
12-14 03:58:28.133 D/gralloc_ranchu( 1395): gralloc_alloc: Creating ashmem region of size 8298496
12-14 03:58:28.142 I/zygote  ( 4116): Do full code cache collection, code=124KB, data=73KB
12-14 03:58:28.142 I/zygote  ( 4116): After code cache collection, code=110KB, data=46KB
12-14 03:58:28.216 D/EGL_emulation( 1734): eglMakeCurrent: 0x91837fe0: ver 3 0 (tinfo 0xa0e439e0)
12-14 03:58:28.228 D/gralloc_ranchu( 1395): gralloc_alloc: Creating ashmem region of size 8298496
12-14 03:58:28.301 D/gralloc_ranchu( 1395): gralloc_alloc: Creating ashmem region of size 8298496
12-14 03:58:28.302 E/IPCThreadState( 1409): binder thread pool (4 threads) starved for 262 ms
12-14 03:58:28.303 D/EGL_emulation( 1734): eglMakeCurrent: 0x91837fe0: ver 3 0 (tinfo 0xa0e439e0)
12-14 03:58:28.381 D/EGL_emulation( 1734): eglMakeCurrent: 0x91837fe0: ver 3 0 (tinfo 0xa0e439e0)
12-14 03:58:28.406 D/EGL_emulation( 2150): eglMakeCurrent: 0xa2dfc900: ver 3 0 (tinfo 0xa2dff5e0)
12-14 03:58:28.441 D/EGL_emulation( 2174): eglMakeCurrent: 0xa2dfe280: ver 3 0 (tinfo 0xa2dff900)
12-14 03:58:28.443 D/EGL_emulation( 1734): eglMakeCurrent: 0x91837fe0: ver 3 0 (tinfo 0xa0e439e0)
12-14 03:58:28.466 I/MicroDetectionWorker( 2174): #updateMicroDetector [detectionMode: [mDetectionMode: [1]]]
12-14 03:58:28.467 I/MicroDetectionWorker( 2174): #startMicroDetector [speakerMode: 0]
12-14 03:58:28.467 I/AudioController( 2174): Using mInputStreamFactoryBuilder
12-14 03:58:28.468 I/MicroDetectionWorker( 2174): onReady
12-14 03:58:28.470 I/MicroRecognitionRunner( 2174): Starting detection.
12-14 03:58:28.470 I/MicrophoneInputStream( 2174): mic_starting com.google.android.apps.gsa.staticplugins.aa.c@7015189
12-14 03:58:28.483 I/MicrophoneInputStream( 2174): mic_started com.google.android.apps.gsa.staticplugins.aa.c@7015189
12-14 03:58:28.483 E/ActivityThread( 2174): Failed to find provider info for com.google.android.apps.gsa.testing.ui.audio.recorded
12-14 03:58:28.485 I/MicrophoneInputStream( 2174): mic_close com.google.android.apps.gsa.staticplugins.aa.c@7015189
12-14 03:58:28.486 I/MicroRecognitionRunner( 2174): Detection finished
12-14 03:58:28.486 W/ErrorReporter( 2174): reportError [type: 211, code: 524300]: Error reading from input stream
12-14 03:58:28.486 I/MicroRecognitionRunner( 2174): Stopping hotword detection.
12-14 03:58:28.486 W/ErrorProcessor( 2174): onFatalError, processing error from engine(4)
12-14 03:58:28.486 W/ErrorProcessor( 2174): com.google.android.apps.gsa.shared.speech.b.g: Error reading from input stream
12-14 03:58:28.486 W/ErrorProcessor( 2174): 	at com.google.android.apps.gsa.staticplugins.recognizer.j.a.a(SourceFile:28)
12-14 03:58:28.486 W/ErrorProcessor( 2174): 	at com.google.android.apps.gsa.staticplugins.recognizer.j.b.run(SourceFile:15)
12-14 03:58:28.486 W/ErrorProcessor( 2174): 	at java.util.concurrent.Executors$RunnableAdapter.call(Executors.java:457)
12-14 03:58:28.486 W/ErrorProcessor( 2174): 	at java.util.concurrent.FutureTask.run(FutureTask.java:266)
12-14 03:58:28.486 W/ErrorProcessor( 2174): 	at com.google.android.apps.gsa.shared.util.concurrent.a.ax.run(SourceFile:14)
12-14 03:58:28.486 W/ErrorProcessor( 2174): 	at com.google.android.apps.gsa.shared.util.concurrent.a.bl.run(SourceFile:4)
12-14 03:58:28.486 W/ErrorProcessor( 2174): 	at com.google.android.apps.gsa.shared.util.concurrent.a.bl.run(SourceFile:4)
12-14 03:58:28.486 W/ErrorProcessor( 2174): 	at java.util.concurrent.ThreadPoolExecutor.runWorker(ThreadPoolExecutor.java:1162)
12-14 03:58:28.486 W/ErrorProcessor( 2174): 	at java.util.concurrent.ThreadPoolExecutor$Worker.run(ThreadPoolExecutor.java:636)
12-14 03:58:28.486 W/ErrorProcessor( 2174): 	at java.lang.Thread.run(Thread.java:764)
12-14 03:58:28.486 W/ErrorProcessor( 2174): 	at com.google.android.apps.gsa.shared.util.concurrent.a.ai.run(SourceFile:6)
12-14 03:58:28.486 W/ErrorProcessor( 2174): Caused by: com.google.android.apps.gsa.shared.exception.GsaIOException: Error code: 393238 | Buffer overflow, no available space.
12-14 03:58:28.486 W/ErrorProcessor( 2174): 	at com.google.android.apps.gsa.speech.audio.Tee.f(SourceFile:103)
12-14 03:58:28.486 W/ErrorProcessor( 2174): 	at com.google.android.apps.gsa.speech.audio.au.read(SourceFile:2)
12-14 03:58:28.486 W/ErrorProcessor( 2174): 	at java.io.InputStream.read(InputStream.java:101)
12-14 03:58:28.486 W/ErrorProcessor( 2174): 	at com.google.android.apps.gsa.speech.audio.ao.run(SourceFile:18)
12-14 03:58:28.486 W/ErrorProcessor( 2174): 	at com.google.android.apps.gsa.speech.audio.an.run(SourceFile:2)
12-14 03:58:28.486 W/ErrorProcessor( 2174): 	... 9 more
12-14 03:58:28.486 I/AudioFlinger( 1478): AudioFlinger's thread 0xa3883d40 tid=4171 ready to run
12-14 03:58:28.486 I/AudioController( 2174): internalShutdown
12-14 03:58:28.487 I/MicroDetectionWorker( 2174): onReady
12-14 03:58:28.491 I/MicroDetector( 2174): Keeping mic open: false
12-14 03:58:28.491 I/MicroDetectionWorker( 2174): #onError(false)
12-14 03:58:28.491 I/DeviceStateChecker( 2174): DeviceStateChecker cancelled
12-14 03:58:28.604 D/AndroidRuntime( 4166): >>>>>> START com.android.internal.os.RuntimeInit uid 2000 <<<<<<
12-14 03:58:28.604 I/OpenGLRenderer( 1630): Initialized EGL, version 1.4
12-14 03:58:28.604 D/OpenGLRenderer( 1630): Swap behavior 1
12-14 03:58:28.605 W/OpenGLRenderer( 1630): Failed to choose config with EGL_SWAP_BEHAVIOR_PRESERVED, retrying without...
12-14 03:58:28.605 D/OpenGLRenderer( 1630): Swap behavior 0
12-14 03:58:28.612 D/EGL_emulation( 1630): eglCreateContext: 0xa29fe3a0: maj 3 min 0 rcv 3
12-14 03:58:28.615 D/EGL_emulation( 1630): eglMakeCurrent: 0xa29fe3a0: ver 3 0 (tinfo 0xa0e5d6d0)
12-14 03:58:28.616 E/eglCodecCommon( 1630): glUtilsParamSize: unknow param 0x00008cdf
12-14 03:58:28.616 E/eglCodecCommon( 1630): glUtilsParamSize: unknow param 0x00008cdf
12-14 03:58:28.616 E/eglCodecCommon( 1630): glUtilsParamSize: unknow param 0x00008824
12-14 03:58:28.616 E/eglCodecCommon( 1630): glUtilsParamSize: unknow param 0x00008824
12-14 03:58:28.655 W/app_process( 4166): Unexpected CPU variant for X86 using defaults: x86
12-14 03:58:28.673 D/AndroidRuntime( 4166): Calling main entry com.android.commands.am.Am
12-14 03:58:28.676 I/ActivityManager( 1630): Force stopping com.evancharlton.mileage appid=10442 user=0: start instr
12-14 03:58:28.676 I/ActivityManager( 1630): Killing 4116:com.evancharlton.mileage/u0a442 (adj 0): stop com.evancharlton.mileage
12-14 03:58:28.680 W/ActivityManager( 1630): Crash of app com.evancharlton.mileage running instrumentation ComponentInfo{com.evancharlton.mileage.test/sh.calaba.instrumentationbackend.CalabashInstrumentationTestRunner}
12-14 03:58:28.680 I/ActivityManager( 1630): Force stopping com.evancharlton.mileage appid=10442 user=0: finished inst
12-14 03:58:28.689 I/zygote  ( 4180): Not late-enabling -Xcheck:jni (already on)
12-14 03:58:28.693 I/ActivityManager( 1630): Start proc 4180:com.evancharlton.mileage/u0a442 for added application com.evancharlton.mileage
12-14 03:58:28.694 D/AndroidRuntime( 4166): Shutting down VM
12-14 03:58:28.708 W/zygote  ( 4180): Unexpected CPU variant for X86 using defaults: x86
12-14 03:58:28.713 E/adbd    ( 1382): failed to connect to socket 'tcp:7102': Connection refused
12-14 03:58:28.716 E/adbd    ( 1382): failed to connect to socket 'tcp:7102': Connection refused
12-14 03:58:28.725 W/zygote  ( 4180): Found duplicate classes, falling back to extracting from APK : /data/app/com.evancharlton.mileage.test-fOxy0Q5bRLZo1kb5T4Aimg==/base.apk
12-14 03:58:28.725 W/zygote  ( 4180): NOTE: This wastes RAM and hurts startup performance.
12-14 03:58:28.725 W/zygote  ( 4180): Found duplicated class when checking oat files: 'Ljunit/runner/BaseTestRunner;' in /data/app/com.evancharlton.mileage.test-fOxy0Q5bRLZo1kb5T4Aimg==/base.apk and /system/framework/android.test.runner.jar
12-14 03:58:28.725 W/zygote  ( 4180): 
12-14 03:58:28.735 W/ActivityManager( 1630): setHasOverlayUi called on unknown pid: 4116
12-14 03:58:28.760 W/System  ( 4180): ClassLoader referenced unknown path: 
12-14 03:58:28.772 I/System.out( 4180): Main activity name automatically set to: com.evancharlton.mileage.Mileage
12-14 03:58:28.773 I/System.out( 4180): Calabash did not load Mono. This is only a problem if you are trying to test a Mono application
12-14 03:58:28.773 I/calabash( 4180): Test server port: 7102
12-14 03:58:28.775 I/InstrumentationBackend( 4180): Added:'GetPreferences', with key:'get_preferences'
12-14 03:58:28.823 W/OpenGLRenderer( 2150): Incorrectly called buildLayer on View: ShortcutAndWidgetContainer, destroying layer...
12-14 03:58:28.828 E/adbd    ( 1382): failed to connect to socket 'tcp:7102': Connection refused
12-14 03:58:28.830 E/adbd    ( 1382): failed to connect to socket 'tcp:7102': Connection refused
12-14 03:58:28.845 I/InstrumentationBackend( 4180): Added:'SetPreferences', with key:'set_preferences'
12-14 03:58:28.845 I/InstrumentationBackend( 4180): Added:'ClearPreferences', with key:'clear_preferences'
12-14 03:58:28.850 I/InstrumentationBackend( 4180): Added:'PressElement', with key:'press_l10n_element'
12-14 03:58:28.851 I/InstrumentationBackend( 4180): Added:'WaitForElement', with key:'wait_for_l10n_element'
12-14 03:58:28.853 I/InstrumentationBackend( 4180): Added:'NullAction', with key:'nullAction'
12-14 03:58:28.853 I/InstrumentationBackend( 4180): Added:'PressKey', with key:'press_key'
12-14 03:58:28.854 I/InstrumentationBackend( 4180): Added:'SetActivityOrientation', with key:'set_activity_orientation'
12-14 03:58:28.856 I/InstrumentationBackend( 4180): Added:'GetActivityOrientation', with key:'get_activity_orientation'
12-14 03:58:28.856 I/InstrumentationBackend( 4180): Added:'FakeGPSLocation', with key:'set_gps_coordinates'
12-14 03:58:28.857 I/InstrumentationBackend( 4180): Added:'SetPropertyByCssSelector', with key:'set_property_by_css_selector'
12-14 03:58:28.858 I/InstrumentationBackend( 4180): Added:'GetUrl', with key:'get_url'
12-14 03:58:28.860 I/InstrumentationBackend( 4180): Added:'ScrollTo', with key:'scroll_to'
12-14 03:58:28.860 I/InstrumentationBackend( 4180): Added:'GetLoadProgress', with key:'get_load_progress'
12-14 03:58:28.861 I/InstrumentationBackend( 4180): Added:'DumpHtml', with key:'dump_html'
12-14 03:58:28.861 I/InstrumentationBackend( 4180): Added:'DumpBodyHtml', with key:'dump_body_html'
12-14 03:58:28.861 I/InstrumentationBackend( 4180): Added:'EnterTextByCssSelector', with key:'enter_text_by_selector'
12-14 03:58:28.865 I/InstrumentationBackend( 4180): Added:'AndroidSDKVersion', with key:'android_sdk_version'
12-14 03:58:28.866 I/InstrumentationBackend( 4180): Added:'Version', with key:'version'
12-14 03:58:28.866 I/InstrumentationBackend( 4180): Added:'Drag', with key:'drag'
12-14 03:58:28.866 I/InstrumentationBackend( 4180): Added:'TouchCoordinates', with key:'touch_coordinate'
12-14 03:58:28.867 I/InstrumentationBackend( 4180): Added:'LongPressCoordinate', with key:'long_press_coordinate'
12-14 03:58:28.867 I/InstrumentationBackend( 4180): Added:'DragCoordinates', with key:'drag_coordinates'
12-14 03:58:28.867 I/InstrumentationBackend( 4180): Added:'ResumeApplication', with key:'resume_application'
12-14 03:58:28.868 I/InstrumentationBackend( 4180): Added:'Swipe', with key:'swipe'
12-14 03:58:28.868 I/InstrumentationBackend( 4180): Added:'DoubleTapCoordinate', with key:'double_tap_coordinate'
12-14 03:58:28.868 I/InstrumentationBackend( 4180): Added:'ClickOnScreen', with key:'click_on_screen'
12-14 03:58:28.869 I/InstrumentationBackend( 4180): Added:'GetActivityName', with key:'get_activity_name'
12-14 03:58:28.870 I/InstrumentationBackend( 4180): Added:'ScrollToView', with key:'scroll_to_view'
12-14 03:58:28.870 I/InstrumentationBackend( 4180): Added:'ViewConfiguration', with key:'view_configuration'
12-14 03:58:28.870 I/InstrumentationBackend( 4180): Added:'IsCurrentActivityFocused', with key:'is_current_activity_focused'
12-14 03:58:28.871 I/InstrumentationBackend( 4180): Added:'SendTcp', with key:'send_tcp'
12-14 03:58:28.871 I/InstrumentationBackend( 4180): Added:'DpToDevicePixel', with key:'dp_to_device_pixel'
12-14 03:58:28.873 I/InstrumentationBackend( 4180): Added:'KeyboardEnterText', with key:'keyboard_enter_text'
12-14 03:58:28.873 I/InstrumentationBackend( 4180): Added:'DeleteSurroundingText', with key:'delete_surrounding_text'
12-14 03:58:28.874 I/InstrumentationBackend( 4180): Added:'SetComposingRegion', with key:'set_composing_region'
12-14 03:58:28.876 I/InstrumentationBackend( 4180): Added:'SetSelection', with key:'set_selection'
12-14 03:58:28.876 I/InstrumentationBackend( 4180): Added:'KeyboardKeyEvent', with key:'keyboard_key_event'
12-14 03:58:28.878 I/InstrumentationBackend( 4180): Added:'PressUserActionButton', with key:'press_user_action_button'
12-14 03:58:28.879 I/InstrumentationBackend( 4180): Added:'HideSoftKeyboard', with key:'hide_soft_keyboard'
12-14 03:58:28.881 I/InstrumentationBackend( 4180): Added:'ListActions', with key:'list_actions'
12-14 03:58:28.883 I/calabash( 4180): Instantiating http server at 7102
12-14 03:58:28.884 I/System.out( 4180): HTTP Daemon listening on: 7102
12-14 03:58:28.945 I/System.out( 4180): URI: //ping
12-14 03:58:28.945 I/System.out( 4180): params: {json={}
12-14 03:58:28.945 I/System.out( 4180): }
12-14 03:58:28.954 I/System.out( 4180): URI: //ping
12-14 03:58:28.954 I/System.out( 4180): params: {json={}
12-14 03:58:28.954 I/System.out( 4180): }
12-14 03:58:28.960 I/System.out( 4180): URI: //ready
12-14 03:58:28.960 I/System.out( 4180): params: {json={}
12-14 03:58:28.960 I/System.out( 4180): }
12-14 03:58:28.965 I/System.out( 4180): URI: //
12-14 03:58:28.966 I/System.out( 4180): params: {json={"command":"version","arguments":[]}
12-14 03:58:28.966 I/System.out( 4180): }
12-14 03:58:28.966 I/System.out( 4180): header: {content-type=application/json;charset=utf-8, date=Mon, 14 Dec 2020 08:58:29 GMT, accept=*/*, host=127.0.0.1:34777, content-length=36, user-agent=HTTPClient/1.0 (2.8.3, ruby 2.5.8 (2020-03-31))}
12-14 03:58:28.966 I/System.out( 4180): params: {json={"command":"version","arguments":[]}
12-14 03:58:28.966 I/System.out( 4180): }
12-14 03:58:28.966 I/System.out( 4180): ProP json = {"command":"version","arguments":[]}
12-14 03:58:28.966 I/System.out( 4180): files: {}
12-14 03:58:28.966 I/System.out( 4180): command: {"command":"version","arguments":[]}
12-14 03:58:28.994 I/InstrumentationBackend( 4180): Got command:'Command:'Line:null,version', arguments:'[]'
12-14 03:58:29.032 I/System.out( 4180): result:{"bonusInformation":[],"message":"0.9.8","success":true}
12-14 03:58:29.040 I/System.out( 4180): URI: //start-application
12-14 03:58:29.040 I/System.out( 4180): params: {json={"intent":null}
12-14 03:58:29.040 I/System.out( 4180): }
12-14 03:58:29.088 I/ActivityManager( 1630): START u0 {act=android.intent.action.MAIN cat=[android.intent.category.LAUNCHER] flg=0x10200000 cmp=com.evancharlton.mileage/.Mileage} from uid 10442
12-14 03:58:29.106 I/calabash( 4180): newActivity1
12-14 03:58:29.125 D/gralloc_ranchu( 1395): gralloc_alloc: Creating ashmem region of size 7753728
12-14 03:58:29.142 W/ActivityManager( 1630): Bad activity token: android.os.BinderProxy@9077195
12-14 03:58:29.142 W/ActivityManager( 1630): java.lang.ClassCastException: android.os.BinderProxy cannot be cast to com.android.server.am.ActivityRecord$Token
12-14 03:58:29.142 W/ActivityManager( 1630): 	at com.android.server.am.ActivityRecord.forTokenLocked(ActivityRecord.java:778)
12-14 03:58:29.142 W/ActivityManager( 1630): 	at com.android.server.am.ActivityRecord.isInStackLocked(ActivityRecord.java:2085)
12-14 03:58:29.142 W/ActivityManager( 1630): 	at com.android.server.am.ActivityRecord.getStackLocked(ActivityRecord.java:2090)
12-14 03:58:29.142 W/ActivityManager( 1630): 	at com.android.server.am.ActivityManagerService.getActivityDisplayId(ActivityManagerService.java:10406)
12-14 03:58:29.142 W/ActivityManager( 1630): 	at android.app.IActivityManager$Stub.onTransact(IActivityManager.java:2738)
12-14 03:58:29.142 W/ActivityManager( 1630): 	at com.android.server.am.ActivityManagerService.onTransact(ActivityManagerService.java:2935)
12-14 03:58:29.142 W/ActivityManager( 1630): 	at android.os.Binder.execTransact(Binder.java:674)
12-14 03:58:29.143 I/calabash( 4180): newActivity1
12-14 03:58:29.148 W/ActivityManager( 1630): Bad activity token: android.os.BinderProxy@9077195
12-14 03:58:29.148 W/ActivityManager( 1630): java.lang.ClassCastException: android.os.BinderProxy cannot be cast to com.android.server.am.ActivityRecord$Token
12-14 03:58:29.148 W/ActivityManager( 1630): 	at com.android.server.am.ActivityRecord.forTokenLocked(ActivityRecord.java:778)
12-14 03:58:29.148 W/ActivityManager( 1630): 	at com.android.server.am.ActivityRecord.isInStackLocked(ActivityRecord.java:2085)
12-14 03:58:29.148 W/ActivityManager( 1630): 	at com.android.server.am.ActivityManagerService.setTaskDescription(ActivityManagerService.java:9988)
12-14 03:58:29.148 W/ActivityManager( 1630): 	at android.app.IActivityManager$Stub.onTransact(IActivityManager.java:2824)
12-14 03:58:29.148 W/ActivityManager( 1630): 	at com.android.server.am.ActivityManagerService.onTransact(ActivityManagerService.java:2935)
12-14 03:58:29.148 W/ActivityManager( 1630): 	at android.os.Binder.execTransact(Binder.java:674)
12-14 03:58:29.153 W/ActivityManager( 1630): Bad activity token: android.os.BinderProxy@9077195
12-14 03:58:29.153 W/ActivityManager( 1630): java.lang.ClassCastException: android.os.BinderProxy cannot be cast to com.android.server.am.ActivityRecord$Token
12-14 03:58:29.153 W/ActivityManager( 1630): 	at com.android.server.am.ActivityRecord.forTokenLocked(ActivityRecord.java:778)
12-14 03:58:29.153 W/ActivityManager( 1630): 	at com.android.server.am.ActivityRecord.isInStackLocked(ActivityRecord.java:2085)
12-14 03:58:29.153 W/ActivityManager( 1630): 	at com.android.server.am.ActivityRecord.getStackLocked(ActivityRecord.java:2090)
12-14 03:58:29.153 W/ActivityManager( 1630): 	at com.android.server.am.ActivityManagerService.getActivityStackId(ActivityManagerService.java:10417)
12-14 03:58:29.153 W/ActivityManager( 1630): 	at android.app.IActivityManager$Stub.onTransact(IActivityManager.java:3548)
12-14 03:58:29.153 W/ActivityManager( 1630): 	at com.android.server.am.ActivityManagerService.onTransact(ActivityManagerService.java:2935)
12-14 03:58:29.153 W/ActivityManager( 1630): 	at android.os.Binder.execTransact(Binder.java:674)
12-14 03:58:29.184 D/EGL_emulation( 2174): eglMakeCurrent: 0xa2dfe280: ver 3 0 (tinfo 0xa2dff900)
12-14 03:58:29.185 D/EGL_emulation( 2150): eglMakeCurrent: 0xa2dfc900: ver 3 0 (tinfo 0xa2dff5e0)
12-14 03:58:29.204 D/EGL_emulation( 1734): eglMakeCurrent: 0x91837fe0: ver 3 0 (tinfo 0xa0e439e0)
12-14 03:58:29.227 I/chatty  ( 1734): uid=10028(u0_a28) RenderThread identical 1 line
12-14 03:58:29.234 D/EGL_emulation( 1734): eglMakeCurrent: 0x91837fe0: ver 3 0 (tinfo 0xa0e439e0)
12-14 03:58:29.234 V/StatusBar( 1734): setLightsOn(true)
12-14 03:58:29.248 D/EGL_emulation( 1734): eglMakeCurrent: 0x91837fe0: ver 3 0 (tinfo 0xa0e439e0)
12-14 03:58:29.251 D/EGL_emulation( 1734): eglMakeCurrent: 0x91837fe0: ver 3 0 (tinfo 0xa0e439e0)
12-14 03:58:29.254 E/ContentStoreEUAS( 2174): Failed to commit the deferred actions
12-14 03:58:29.261 D/EGL_emulation( 1734): eglMakeCurrent: 0x91837fe0: ver 3 0 (tinfo 0xa0e439e0)
12-14 03:58:29.269 W/ActivityManager( 1630): Bad activity token: android.os.BinderProxy@9077195
12-14 03:58:29.269 W/ActivityManager( 1630): java.lang.ClassCastException: android.os.BinderProxy cannot be cast to com.android.server.am.ActivityRecord$Token
12-14 03:58:29.269 W/ActivityManager( 1630): 	at com.android.server.am.ActivityRecord.forTokenLocked(ActivityRecord.java:778)
12-14 03:58:29.269 W/ActivityManager( 1630): 	at com.android.server.am.ActivityRecord.isInStackLocked(ActivityRecord.java:2085)
12-14 03:58:29.269 W/ActivityManager( 1630): 	at com.android.server.am.ActivityManagerService.getActivityOptions(ActivityManagerService.java:13302)
12-14 03:58:29.269 W/ActivityManager( 1630): 	at android.app.IActivityManager$Stub.onTransact(IActivityManager.java:2910)
12-14 03:58:29.269 W/ActivityManager( 1630): 	at com.android.server.am.ActivityManagerService.onTransact(ActivityManagerService.java:2935)
12-14 03:58:29.269 W/ActivityManager( 1630): 	at android.os.Binder.execTransact(Binder.java:674)
12-14 03:58:29.270 W/ActivityManager( 1630): Bad activity token: android.os.BinderProxy@9077195
12-14 03:58:29.270 W/ActivityManager( 1630): java.lang.ClassCastException: android.os.BinderProxy cannot be cast to com.android.server.am.ActivityRecord$Token
12-14 03:58:29.270 W/ActivityManager( 1630): 	at com.android.server.am.ActivityRecord.forTokenLocked(ActivityRecord.java:778)
12-14 03:58:29.270 W/ActivityManager( 1630): 	at com.android.server.am.ActivityRecord.isInStackLocked(ActivityRecord.java:2085)
12-14 03:58:29.270 W/ActivityManager( 1630): 	at com.android.server.am.ActivityManagerService.getActivityOptions(ActivityManagerService.java:13302)
12-14 03:58:29.270 W/ActivityManager( 1630): 	at android.app.IActivityManager$Stub.onTransact(IActivityManager.java:2910)
12-14 03:58:29.270 W/ActivityManager( 1630): 	at com.android.server.am.ActivityManagerService.onTransact(ActivityManagerService.java:2935)
12-14 03:58:29.270 W/ActivityManager( 1630): 	at android.os.Binder.execTransact(Binder.java:674)
12-14 03:58:29.357 I/chatty  ( 1734): uid=10028(u0_a28) RenderThread identical 12 lines
12-14 03:58:29.369 D/EGL_emulation( 1734): eglMakeCurrent: 0x91837fe0: ver 3 0 (tinfo 0xa0e439e0)
12-14 03:58:29.373 V/StatusBar( 1734): setLightsOn(true)
12-14 03:58:29.387 D/EGL_emulation( 1734): eglMakeCurrent: 0x91837fe0: ver 3 0 (tinfo 0xa0e439e0)
12-14 03:58:29.391 I/chatty  ( 1734): uid=10028(u0_a28) RenderThread identical 1 line
12-14 03:58:29.395 D/EGL_emulation( 1734): eglMakeCurrent: 0x91837fe0: ver 3 0 (tinfo 0xa0e439e0)
12-14 03:58:29.397 V/StatusBar( 1734): setLightsOn(true)
12-14 03:58:29.398 V/StatusBar( 1734): setLightsOn(true)
12-14 03:58:29.417 I/zygote  ( 4180): Do partial code cache collection, code=27KB, data=30KB
12-14 03:58:29.418 I/zygote  ( 4180): After code cache collection, code=27KB, data=30KB
12-14 03:58:29.418 I/zygote  ( 4180): Increasing code cache capacity to 128KB
12-14 03:58:29.419 I/zygote  ( 4180): Do partial code cache collection, code=27KB, data=48KB
12-14 03:58:29.419 I/zygote  ( 4180): After code cache collection, code=27KB, data=48KB
12-14 03:58:29.419 I/zygote  ( 4180): Increasing code cache capacity to 256KB
12-14 03:58:29.420 I/zygote  ( 4180): JIT allocated 71KB for compiled code of void android.widget.TextView.<init>(android.content.Context, android.util.AttributeSet, int, int)
12-14 03:58:29.420 I/zygote  ( 4180): Compiler allocated 4MB to compile void android.widget.TextView.<init>(android.content.Context, android.util.AttributeSet, int, int)
12-14 03:58:29.437 D/gralloc_ranchu( 1395): gralloc_alloc: Creating ashmem region of size 7753728
12-14 03:58:29.492 D/        ( 4180): HostConnection::get() New Host Connection established 0xa2a2fd40, tid 4180
12-14 03:58:29.545 V/StatusBar( 1734): setLightsOn(true)
12-14 03:58:29.547 V/StatusBar( 1734): setLightsOn(true)
12-14 03:58:29.549 I/ActivityManager( 1630): Displayed com.evancharlton.mileage/.Mileage: +448ms
12-14 03:58:29.556 V/StatusBar( 1734): setLightsOn(true)
12-14 03:58:29.575 V/StatusBar( 1734): setLightsOn(true)
12-14 03:58:29.584 D/gralloc_ranchu( 1395): gralloc_alloc: Creating ashmem region of size 7753728
12-14 03:58:29.650 V/StatusBar( 1734): setLightsOn(true)
12-14 03:58:29.698 E/memtrack( 1630): Couldn't load memtrack module
12-14 03:58:29.698 W/android.os.Debug( 1630): failed to get memory consumption info: -1
12-14 03:58:29.718 E/memtrack( 1630): Couldn't load memtrack module
12-14 03:58:29.718 W/android.os.Debug( 1630): failed to get memory consumption info: -1
12-14 03:58:29.749 V/StatusBar( 1734): setLightsOn(true)
12-14 03:58:29.919 I/chatty  ( 1734): uid=10028(u0_a28) com.android.systemui identical 2 lines
12-14 03:58:29.925 V/StatusBar( 1734): setLightsOn(true)
12-14 03:58:29.939 W/SurfaceFlinger( 1409): couldn't log to binary event log: overflow.
