--------- beginning of main
12-14 00:47:18.458 D/BoundBrokerSvc( 2109): onUnbind: Intent { act=com.google.android.gms.checkin.START pkg=com.google.android.gms }
12-14 00:47:19.201 D/BoundBrokerSvc( 2109): onUnbind: Intent { act=com.google.android.gms.auth.service.START pkg=com.google.android.gms }
12-14 00:47:19.349 W/NamedFutures( 2206): Timeout future task has been cancelled: 10000 milliseconds
12-14 00:47:19.353 E/SearchServiceStarter( 2206): Task 174 failed or timed out. Client 9703698528302770 disconnecting from SearchService!
12-14 00:47:19.353 E/SearchServiceStarter( 2206): java.util.concurrent.CancellationException: Task was cancelled.
12-14 00:47:19.353 E/SearchServiceStarter( 2206): 	at com.google.common.util.concurrent.d.ct(SourceFile:75)
12-14 00:47:19.353 E/SearchServiceStarter( 2206): 	at com.google.common.util.concurrent.d.get(SourceFile:57)
12-14 00:47:19.353 E/SearchServiceStarter( 2206): 	at com.google.common.util.concurrent.cg.n(SourceFile:2)
12-14 00:47:19.353 E/SearchServiceStarter( 2206): 	at com.google.common.util.concurrent.av.l(SourceFile:50)
12-14 00:47:19.353 E/SearchServiceStarter( 2206): 	at com.google.common.util.concurrent.ax.run(SourceFile:5)
12-14 00:47:19.353 E/SearchServiceStarter( 2206): 	at com.google.android.apps.gsa.shared.util.concurrent.a.bc.run(SourceFile:2)
12-14 00:47:19.353 E/SearchServiceStarter( 2206): 	at android.os.Handler.handleCallback(Handler.java:789)
12-14 00:47:19.353 E/SearchServiceStarter( 2206): 	at android.os.Handler.dispatchMessage(Handler.java:98)
12-14 00:47:19.353 E/SearchServiceStarter( 2206): 	at android.os.Looper.loop(Looper.java:164)
12-14 00:47:19.353 E/SearchServiceStarter( 2206): 	at android.app.ActivityThread.main(ActivityThread.java:6541)
12-14 00:47:19.353 E/SearchServiceStarter( 2206): 	at java.lang.reflect.Method.invoke(Native Method)
12-14 00:47:19.353 E/SearchServiceStarter( 2206): 	at com.android.internal.os.Zygote$MethodAndArgsCaller.run(Zygote.java:240)
12-14 00:47:19.353 E/SearchServiceStarter( 2206): 	at com.android.internal.os.ZygoteInit.main(ZygoteInit.java:767)
12-14 00:47:19.400 I/Dialer  ( 2016): VvmTaskReceiver - task received
12-14 00:47:19.401 I/Dialer  ( 2016): VvmTaskReceiver - TaskExecutor already running
12-14 00:47:19.401 I/Dialer  ( 2016): Task.createTask - create task:com.android.voicemail.impl.ActivationTask
12-14 00:47:19.401 I/Dialer  ( 2016): TaskQueue.add - duplicated task added
12-14 00:47:19.401 I/Dialer  ( 2016): VvmTaskExecutor - com.android.voicemail.impl.ActivationTask@ca45eab added
12-14 00:47:19.406 I/DigitalWidgetProvider( 3383): onReceive: Intent { act=com.android.deskclock.ALARM_CHANGED flg=0x10 cmp=com.google.android.deskclock/com.android.alarmclock.DigitalAppWidgetProvider }
12-14 00:47:19.430 I/Finsky  ( 2501): [2] ycb.d(13): PackageMonitorReceiverImpl - Received: android.intent.action.PACKAGE_FULLY_REMOVED, [Hc-uu0eID9wC4ptvRCsWBIQPDhHxrgxu8bZlIwakNJw]
12-14 00:47:19.430 I/Finsky  ( 2501): [2] ydc.g(1): Invalidating cached PackageState for com.evancharlton.mileage.test
12-14 00:47:19.433 I/Finsky  ( 2501): [2] ouk.d(2): Frosting ID looked up on UI thread. Caller should move to a background thread.
12-14 00:47:19.434 I/Finsky  ( 2501): [2] qlq.s(2): Installer: package com.evancharlton.mileage.test was removed. replacing: false
12-14 00:47:19.436 I/Finsky  ( 2501): [2] qmo.L(12): Installer: Notifying status update. package=com.evancharlton.mileage.test, status=UNINSTALLED
12-14 00:47:19.436 I/Finsky  ( 2501): [2] alxk.a(3): Do not start WearSupportService due to Wear service optimization
12-14 00:47:19.437 I/Finsky  ( 2501): [2] alxk.a(3): Do not start WearSupportService due to Wear service optimization
12-14 00:47:19.438 I/Finsky  ( 2501): [2] adxl.a(8): Clearing split related stale data.
12-14 00:47:19.441 I/Finsky  ( 2501): [171] gvx.a(12): Asset module storage cleared for package com.evancharlton.mileage.test.
12-14 00:47:19.455 I/ExposureNotification( 2109): Still can find package com.evancharlton.mileage.test after receive its fully removed broadcast, which was installed 8489 ms ago. Ignore the fully removed broadcast. [CONTEXT service_id=236 ]
12-14 00:47:19.456 D/BoundBrokerSvc( 2109): onBind: Intent { act=com.google.android.gms.common.BIND_SHARED_PREFS pkg=com.google.android.gms }
12-14 00:47:19.456 D/BoundBrokerSvc( 2109): Loading bound service for intent: Intent { act=com.google.android.gms.common.BIND_SHARED_PREFS pkg=com.google.android.gms }
12-14 00:47:19.461 I/Finsky  ( 2501): [2] qmo.O(7): Installer: found apps to install. isMultiUserMode=false, apps=[]
12-14 00:47:19.463 D/BoundBrokerSvc( 2109): onUnbind: Intent { act=com.google.android.gms.common.BIND_SHARED_PREFS pkg=com.google.android.gms }
12-14 00:47:19.464 I/Finsky  ( 2501): [162] otx.run(16): Wrote row to frosting DB: 817
12-14 00:47:19.466 I/Finsky  ( 2501): [121] jmd.a(15): [ContentSync] finished, scheduled=false
12-14 00:47:19.470 I/Finsky  ( 2501): [157] rab.C(2): IQ: Notifying installation update. package=com.evancharlton.mileage.test, status=UNINSTALLED
12-14 00:47:19.476 I/Finsky  ( 2501): [162] otx.run(16): Wrote row to frosting DB: 818
12-14 00:47:19.509 I/Finsky  ( 2501): [157] rab.t(33): IQ: No matching installs to run for jobs: []
12-14 00:47:19.539 W/zygote  ( 3843): Unexpected CPU variant for X86 using defaults: x86
12-14 00:47:19.574 E/NetworkScheduler.ATC( 1935): Called cancelTask for already completed task com.google.android.videos/.service.drm.RefreshLicenseTaskService{u=0 tag="refresh_license_forced" trigger=window{start=0s,end=1s,earliest=0s,latest=0s} requirements=[NET_CONNECTED] attributes=[] scheduled=0s last_run=0s exec_window_multiplier=1.0000 jid=N/A status=PENDING retries=0 client_lib=MANCHEGO_GCM-10400000} :5 [CONTEXT service_id=218 ]
12-14 00:47:19.578 I/MultiDex( 3843): VM with version 2.1.0 has multidex support
12-14 00:47:19.578 I/MultiDex( 3843): install
12-14 00:47:19.578 I/MultiDex( 3843): VM has multidex support, MultiDex support library is disabled.
12-14 00:47:19.589 W/NetworkScheduler( 1935): Immediate task was not started com.google.android.videos/.service.drm.RefreshLicenseTaskService{u=0 tag="refresh_license_forced" trigger=window{start=0s,end=1s,earliest=0s,latest=0s} requirements=[NET_CONNECTED] attributes=[] scheduled=0s last_run=N/A exec_window_multiplier=1.0000 jid=N/A status=PENDING retries=0 client_lib=MANCHEGO_GCM-10400000}. Rescheduling immediate tasks can cause excessive battery drain.
12-14 00:47:19.621 I/zygote  ( 1935): Do partial code cache collection, code=503KB, data=328KB
12-14 00:47:19.622 I/zygote  ( 1935): After code cache collection, code=499KB, data=326KB
12-14 00:47:19.622 I/zygote  ( 1935): Increasing code cache capacity to 2MB
--------- beginning of system
12-14 00:47:19.736 W/BroadcastQueue( 1626): Permission Denial: broadcasting Intent { act=com.google.android.checkin.CHECKIN_COMPLETE flg=0x1000010 (has extras) } from com.google.android.gms (pid=2109, uid=10011) is not exported from uid 10023 due to receiver com.android.vending/com.google.android.finsky.checkin.CheckinReceiver
12-14 00:47:19.849 I/ActivityManager( 1626): Killing 3206:com.android.settings/1000 (adj 906): empty #17
12-14 00:47:19.853 W/ActivityManager( 1626): Background start not allowed: service Intent { cmp=com.google.android.videos/.service.pinning.TransferService (has extras) } to com.google.android.videos/.service.pinning.TransferService from pid=3843 uid=10072 pkg=com.google.android.videos
12-14 00:47:19.855 I/Finsky  ( 2501): [106] daj.a(7): Received content filters request from com.google.android.videos
12-14 00:47:19.868 I/PlayMovies( 3843): RefreshLicenseTaskService.forceLicenseRefreshNow:66 Scheduled task now refresh_license_forced
12-14 00:47:19.868 I/PlayMovies( 3843): 
12-14 00:47:19.869 D/Primes  ( 3843): Package metric disabled.
12-14 00:47:19.869 D/Primes  ( 3843): Battery metric disabled
12-14 00:47:19.869 D/Primes  ( 3843): MagicEye logging metric disabled
12-14 00:47:19.870 D/PlayMovies( 3843): PersistentCache.cleanup:104 Cache is below limit, no need to shrink: [size=0, limit=5242880]
12-14 00:47:19.870 D/PlayMovies( 3843): 
12-14 00:47:19.872 D/CryptdConnector( 1626): SND -> {11 cryptfs getpwtype}
12-14 00:47:19.872 D/VoldCryptCmdListener( 1342): cryptfs getpwtype
12-14 00:47:19.873 D/CryptdConnector( 1626): RCV <- {213 11 default}
12-14 00:47:19.921 I/NetworkScheduler.Stats( 1935): Task com.google.android.videos/ finished executing. cause:7 result: 6 elapsed_millis: 48 uptime_millis: 48 exec_start_elapsed_seconds: 49 [CONTEXT service_id=218 ]
12-14 00:47:19.922 W/NetworkScheduler( 1935): No record of active task com.google.android.videos/.service.drm.RefreshLicenseTaskService{u=0 tag="refresh_license_forced" trigger=window{start=0s,end=1s,earliest=0s,latest=0s} requirements=[NET_CONNECTED] attributes=[] scheduled=0s last_run=0s exec_window_multiplier=1.0000 jid=N/A status=PENDING retries=0 client_lib=MANCHEGO_GCM-10400000}
12-14 00:47:20.070 I/PlayMovies( 3843): RefreshLicenseTaskService.onRunTask:96 On run task refresh_license_forced
12-14 00:47:20.070 I/PlayMovies( 3843): 
12-14 00:47:20.128 I/zygote  ( 2109): Deoptimizing boolean dbx.d(android.content.Context, dbv, java.lang.String) due to JIT inline cache
12-14 00:47:20.138 D/BoundBrokerSvc( 1935): onBind: Intent { act=com.google.android.gms.tapandpay.service.BIND cmp=com.google.android.gms/.chimera.PersistentApiService }
12-14 00:47:20.138 D/BoundBrokerSvc( 1935): Loading bound service for intent: Intent { act=com.google.android.gms.tapandpay.service.BIND cmp=com.google.android.gms/.chimera.PersistentApiService }
12-14 00:47:20.168 E/Pay     ( 2109): No account found on the task or the device. Notification task will not be rescheduled. [CONTEXT service_id=198 ]
12-14 00:47:20.326 E/NetworkScheduler.ATC( 1935): Called cancelTask for already completed task com.google.android.videos/.service.drm.RefreshLicenseTaskService{u=0 tag="refresh_license_forced" trigger=window{start=0s,end=1s,earliest=0s,latest=0s} requirements=[NET_CONNECTED] attributes=[] scheduled=0s last_run=0s exec_window_multiplier=1.0000 jid=N/A status=ACTIVE retries=0 client_lib=MANCHEGO_GCM-10400000} :0 [CONTEXT service_id=218 ]
12-14 00:47:20.326 W/NetworkScheduler( 1935): Immediate task was not started com.google.android.videos/.service.drm.RefreshLicenseTaskService{u=0 tag="refresh_license_forced" trigger=window{start=0s,end=1s,earliest=0s,latest=0s} requirements=[NET_CONNECTED] attributes=[] scheduled=0s last_run=N/A exec_window_multiplier=1.0000 jid=N/A status=PENDING retries=0 client_lib=MANCHEGO_GCM-10400000}. Rescheduling immediate tasks can cause excessive battery drain.
12-14 00:47:20.327 I/NetworkScheduler.Stats( 1935): Task com.google.android.videos/ started execution. cause:7 exec_start_elapsed_seconds: 49 [CONTEXT service_id=218 ]
12-14 00:47:20.327 I/NetworkScheduler.Stats( 1935): Task com.google.android.gms/com.google.android.gms.pay.gcmtask.PayGcmTaskService started execution. cause:7 exec_start_elapsed_seconds: 49 [CONTEXT service_id=218 ]
12-14 00:47:20.328 I/NetworkScheduler.Stats( 1935): Task com.google.android.videos/ finished executing. cause:7 result: 1 elapsed_millis: 102 uptime_millis: 102 exec_start_elapsed_seconds: 49 [CONTEXT service_id=218 ]
12-14 00:47:20.329 I/NetworkScheduler.Stats( 1935): Task com.google.android.gms/com.google.android.gms.pay.gcmtask.PayGcmTaskService finished executing. cause:7 result: 2 elapsed_millis: 90 uptime_millis: 90 exec_start_elapsed_seconds: 49 [CONTEXT service_id=218 ]
12-14 00:47:20.400 I/NetworkScheduler.Stats( 1935): Task com.google.android.gms/com.google.android.gms.clearcut.uploader.QosUploaderService started execution. cause:5 exec_start_elapsed_seconds: 50 [CONTEXT service_id=218 ]
12-14 00:47:20.421 I/NetworkScheduler.Stats( 1935): Task com.google.android.videos/ started execution. cause:5 exec_start_elapsed_seconds: 50 [CONTEXT service_id=218 ]
12-14 00:47:20.421 I/PlayMovies( 3843): RefreshLicenseTaskService.onRunTask:96 On run task refresh_license
12-14 00:47:20.421 I/PlayMovies( 3843): 
12-14 00:47:20.426 I/NetworkScheduler.Stats( 1935): Task com.google.android.gms/com.google.android.gms.clearcut.uploader.QosUploaderService finished executing. cause:5 result: 1 elapsed_millis: 66 uptime_millis: 66 exec_start_elapsed_seconds: 50 [CONTEXT service_id=218 ]
12-14 00:47:20.431 I/NetworkScheduler.Stats( 1935): Task com.google.android.videos/ finished executing. cause:5 result: 1 elapsed_millis: 13 uptime_millis: 13 exec_start_elapsed_seconds: 50 [CONTEXT service_id=218 ]
12-14 00:47:20.491 I/ActivityManager( 1626): Killing 3224:com.android.cellbroadcastreceiver/u0a5 (adj 906): empty #17
12-14 00:47:20.519 I/NetworkScheduler.Stats( 1935): Task com.google.android.gms/com.google.android.gms.gass.chimera.SchedulePeriodicTasksService started execution. cause:5 exec_start_elapsed_seconds: 50 [CONTEXT service_id=218 ]
12-14 00:47:20.586 I/NetworkScheduler.Stats( 1935): Task com.google.android.gms/com.google.android.gms.pay.gcmtask.PayGcmTaskService started execution. cause:5 exec_start_elapsed_seconds: 50 [CONTEXT service_id=218 ]
12-14 00:47:20.597 I/NetworkScheduler.Stats( 1935): Task com.google.android.gms/com.google.android.gms.gass.chimera.SchedulePeriodicTasksService finished executing. cause:5 result: 1 elapsed_millis: 113 uptime_millis: 113 exec_start_elapsed_seconds: 50 [CONTEXT service_id=218 ]
12-14 00:47:20.602 I/NetworkScheduler.Stats( 1935): Task com.google.android.gms/com.google.android.gms.pay.gcmtask.PayGcmTaskService finished executing. cause:5 result: 1 elapsed_millis: 51 uptime_millis: 51 exec_start_elapsed_seconds: 50 [CONTEXT service_id=218 ]
12-14 00:47:20.680 I/NetworkScheduler.Stats( 1935): Task com.google.android.gms/com.google.android.gms.pay.gcmtask.PayGcmTaskService started execution. cause:5 exec_start_elapsed_seconds: 50 [CONTEXT service_id=218 ]
12-14 00:47:20.684 I/Pay     ( 2109): Device does not support HCE. [CONTEXT service_id=198 ]
12-14 00:47:20.750 I/NetworkScheduler.Stats( 1935): Task com.google.android.gms/com.google.android.gms.pay.gcmtask.PayGcmTaskService started execution. cause:5 exec_start_elapsed_seconds: 50 [CONTEXT service_id=218 ]
12-14 00:47:20.769 W/SystemServiceRegistry( 3639): No service published for: persistent_data_block
12-14 00:47:20.773 D/BoundBrokerSvc( 2109): onUnbind: Intent { act=com.google.android.gms.feedback.internal.IFeedbackService cmp=com.google.android.gms/.chimera.GmsBoundBrokerService }
12-14 00:47:20.776 I/NetworkScheduler.Stats( 1935): Task com.google.android.gms/com.google.android.gms.pay.gcmtask.PayGcmTaskService finished executing. cause:5 result: 2 elapsed_millis: 133 uptime_millis: 133 exec_start_elapsed_seconds: 50 [CONTEXT service_id=218 ]
12-14 00:47:20.805 I/NetworkScheduler.Stats( 1935): Task com.google.android.gms/com.google.android.gms.pay.gcmtask.PayGcmTaskService finished executing. cause:5 result: 1 elapsed_millis: 65 uptime_millis: 65 exec_start_elapsed_seconds: 50 [CONTEXT service_id=218 ]
12-14 00:47:20.874 I/NetworkScheduler.Stats( 1935): Task com.google.android.gms/com.google.android.gms.pay.gcmtask.PayGcmTaskService started execution. cause:5 exec_start_elapsed_seconds: 50 [CONTEXT service_id=218 ]
12-14 00:47:20.882 I/Pay     ( 2109): Migration flag not enabled. [CONTEXT service_id=198 ]
12-14 00:47:20.883 D/BoundBrokerSvc( 2109): onBind: Intent { act=com.google.android.gms.pay.service.BIND cmp=com.google.android.gms/.chimera.GmsApiService }
12-14 00:47:20.883 D/BoundBrokerSvc( 2109): Loading bound service for intent: Intent { act=com.google.android.gms.pay.service.BIND cmp=com.google.android.gms/.chimera.GmsApiService }
12-14 00:47:20.894 I/jgl     ( 2109): Primes not initialized, returning default (no-op) Primes instance which will ignore all calls. Please call Primes.initialize(...) before using any Primes API.
12-14 00:47:20.889 W/Binder:3639_2( 3639): type=1400 audit(0.0:20): avc: denied { read } for name="modules" dev="proc" ino=4026532034 scontext=u:r:priv_app:s0:c512,c768 tcontext=u:object_r:proc_modules:s0 tclass=file permissive=0
12-14 00:47:20.954 I/NetworkScheduler.Stats( 1935): Task com.google.android.gms/com.google.android.gms.pay.gcmtask.PayGcmTaskService started execution. cause:5 exec_start_elapsed_seconds: 50 [CONTEXT service_id=218 ]
12-14 00:47:20.986 D/        ( 3639): HostConnection::get() New Host Connection established 0xabd3db80, tid 3653
12-14 00:47:20.996 I/NetworkScheduler.Stats( 1935): Task com.google.android.gms/com.google.android.gms.pay.gcmtask.PayGcmTaskService finished executing. cause:5 result: 1 elapsed_millis: 75 uptime_millis: 75 exec_start_elapsed_seconds: 50 [CONTEXT service_id=218 ]
12-14 00:47:20.996 I/Pay     ( 2109): Migration already completed. [CONTEXT service_id=198 ]
12-14 00:47:20.997 D/EGL_emulation( 3639): eglCreateContext: 0xb00a1c80: maj 3 min 0 rcv 3
12-14 00:47:20.999 D/EGL_emulation( 3639): eglMakeCurrent: 0xb00a1c80: ver 3 0 (tinfo 0xb00ecfe0)
12-14 00:47:21.001 E/eglCodecCommon( 3639): glUtilsParamSize: unknow param 0x00008cdf
12-14 00:47:21.001 E/eglCodecCommon( 3639): glUtilsParamSize: unknow param 0x00008cdf
12-14 00:47:21.001 E/eglCodecCommon( 3639): glUtilsParamSize: unknow param 0x00008824
12-14 00:47:21.001 E/eglCodecCommon( 3639): glUtilsParamSize: unknow param 0x00008824
12-14 00:47:21.007 I/Pay     ( 2109): Migration already completed. [CONTEXT service_id=198 ]
12-14 00:47:21.010 I/Pay     ( 2109): Migration already completed. [CONTEXT service_id=198 ]
12-14 00:47:21.010 I/Pay     ( 2109): Migration flag not enabled. [CONTEXT service_id=198 ]
12-14 00:47:21.015 I/Pay     ( 2109): Migration already completed. [CONTEXT service_id=198 ]
12-14 00:47:21.015 I/Pay     ( 2109): Migration flag not enabled. [CONTEXT service_id=198 ]
12-14 00:47:21.064 D/EGL_emulation( 3639): eglCreateContext: 0x9fced4e0: maj 3 min 0 rcv 3
12-14 00:47:21.066 D/EGL_emulation( 3639): eglMakeCurrent: 0x9fced4e0: ver 3 0 (tinfo 0xb00ecfe0)
12-14 00:47:21.066 E/eglCodecCommon( 3639): glUtilsParamSize: unknow param 0x00008cdf
12-14 00:47:21.066 E/eglCodecCommon( 3639): glUtilsParamSize: unknow param 0x00008cdf
12-14 00:47:21.066 E/eglCodecCommon( 3639): glUtilsParamSize: unknow param 0x00008824
12-14 00:47:21.066 E/eglCodecCommon( 3639): glUtilsParamSize: unknow param 0x00008824
12-14 00:47:21.085 I/NetworkScheduler.Stats( 1935): Task com.google.android.gms/com.google.android.gms.tapandpay.gcmtask.TapAndPayGcmTaskService started execution. cause:5 exec_start_elapsed_seconds: 50 [CONTEXT service_id=218 ]
12-14 00:47:21.094 I/NetworkScheduler.Stats( 1935): Task com.google.android.gms/com.google.android.gms.pay.gcmtask.PayGcmTaskService finished executing. cause:5 result: 1 elapsed_millis: 255 uptime_millis: 255 exec_start_elapsed_seconds: 50 [CONTEXT service_id=218 ]
12-14 00:47:21.097 I/NetworkScheduler.Stats( 1935): Task com.google.android.gms/com.google.android.gms.tapandpay.gcmtask.TapAndPayGcmTaskService finished executing. cause:5 result: 1 elapsed_millis: 46 uptime_millis: 46 exec_start_elapsed_seconds: 50 [CONTEXT service_id=218 ]
12-14 00:47:21.171 I/NetworkScheduler.Stats( 1935): Task com.google.android.gms/com.google.android.gms.tapandpay.gcmtask.TapAndPayGcmTaskService started execution. cause:5 exec_start_elapsed_seconds: 50 [CONTEXT service_id=218 ]
12-14 00:47:21.172 I/NetworkScheduler.Stats( 1935): Task com.google.android.gms/com.google.android.gms.tapandpay.gcmtask.TapAndPayGcmTaskService finished executing. cause:5 result: 1 elapsed_millis: 40 uptime_millis: 40 exec_start_elapsed_seconds: 50 [CONTEXT service_id=218 ]
12-14 00:47:21.176 I/MicroDetectionWorker( 2206): #updateMicroDetector [detectionMode: [mDetectionMode: [1]]]
12-14 00:47:21.176 I/MicroDetectionWorker( 2206): #startMicroDetector [speakerMode: 0]
12-14 00:47:21.176 I/AudioController( 2206): Using mInputStreamFactoryBuilder
12-14 00:47:21.179 I/MicroDetectionWorker( 2206): onReady
12-14 00:47:21.182 I/MicroRecognitionRunner( 2206): Starting detection.
12-14 00:47:21.182 I/MicrophoneInputStream( 2206): mic_starting com.google.android.apps.gsa.staticplugins.aa.c@a962e7b
12-14 00:47:21.193 I/MicrophoneInputStream( 2206): mic_started com.google.android.apps.gsa.staticplugins.aa.c@a962e7b
12-14 00:47:21.193 E/ActivityThread( 2206): Failed to find provider info for com.google.android.apps.gsa.testing.ui.audio.recorded
12-14 00:47:21.194 I/MicroDetectionWorker( 2206): onReady
12-14 00:47:21.195 I/MicroRecognitionRunner( 2206): Detection finished
12-14 00:47:21.195 W/ErrorReporter( 2206): reportError [type: 211, code: 524300]: Error reading from input stream
12-14 00:47:21.195 I/MicrophoneInputStream( 2206): mic_close com.google.android.apps.gsa.staticplugins.aa.c@a962e7b
12-14 00:47:21.197 I/MicroRecognitionRunner( 2206): Stopping hotword detection.
12-14 00:47:21.197 W/ErrorProcessor( 2206): onFatalError, processing error from engine(4)
12-14 00:47:21.197 W/ErrorProcessor( 2206): com.google.android.apps.gsa.shared.speech.b.g: Error reading from input stream
12-14 00:47:21.197 W/ErrorProcessor( 2206): 	at com.google.android.apps.gsa.staticplugins.recognizer.j.a.a(SourceFile:28)
12-14 00:47:21.197 W/ErrorProcessor( 2206): 	at com.google.android.apps.gsa.staticplugins.recognizer.j.b.run(SourceFile:15)
12-14 00:47:21.197 W/ErrorProcessor( 2206): 	at java.util.concurrent.Executors$RunnableAdapter.call(Executors.java:457)
12-14 00:47:21.197 W/ErrorProcessor( 2206): 	at java.util.concurrent.FutureTask.run(FutureTask.java:266)
12-14 00:47:21.197 W/ErrorProcessor( 2206): 	at com.google.android.apps.gsa.shared.util.concurrent.a.ax.run(SourceFile:14)
12-14 00:47:21.197 W/ErrorProcessor( 2206): 	at com.google.android.apps.gsa.shared.util.concurrent.a.bl.run(SourceFile:4)
12-14 00:47:21.197 W/ErrorProcessor( 2206): 	at com.google.android.apps.gsa.shared.util.concurrent.a.bl.run(SourceFile:4)
12-14 00:47:21.197 W/ErrorProcessor( 2206): 	at java.util.concurrent.ThreadPoolExecutor.runWorker(ThreadPoolExecutor.java:1162)
12-14 00:47:21.197 W/ErrorProcessor( 2206): 	at java.util.concurrent.ThreadPoolExecutor$Worker.run(ThreadPoolExecutor.java:636)
12-14 00:47:21.197 W/ErrorProcessor( 2206): 	at java.lang.Thread.run(Thread.java:764)
12-14 00:47:21.197 W/ErrorProcessor( 2206): 	at com.google.android.apps.gsa.shared.util.concurrent.a.ai.run(SourceFile:6)
12-14 00:47:21.197 W/ErrorProcessor( 2206): Caused by: com.google.android.apps.gsa.shared.exception.GsaIOException: Error code: 393238 | Buffer overflow, no available space.
12-14 00:47:21.197 W/ErrorProcessor( 2206): 	at com.google.android.apps.gsa.speech.audio.Tee.f(SourceFile:103)
12-14 00:47:21.197 W/ErrorProcessor( 2206): 	at com.google.android.apps.gsa.speech.audio.au.read(SourceFile:2)
12-14 00:47:21.197 W/ErrorProcessor( 2206): 	at java.io.InputStream.read(InputStream.java:101)
12-14 00:47:21.197 W/ErrorProcessor( 2206): 	at com.google.android.apps.gsa.speech.audio.ao.run(SourceFile:18)
12-14 00:47:21.197 W/ErrorProcessor( 2206): 	at com.google.android.apps.gsa.speech.audio.an.run(SourceFile:2)
12-14 00:47:21.197 W/ErrorProcessor( 2206): 	... 9 more
12-14 00:47:21.197 I/AudioController( 2206): internalShutdown
12-14 00:47:21.197 I/AudioFlinger( 1474): AudioFlinger's thread 0xafb83b40 tid=3893 ready to run
12-14 00:47:21.199 I/MicroDetector( 2206): Keeping mic open: false
12-14 00:47:21.199 I/DeviceStateChecker( 2206): DeviceStateChecker cancelled
12-14 00:47:21.199 I/MicroDetectionWorker( 2206): #onError(false)
12-14 00:47:21.254 W/Conscrypt( 2109): Could not set socket write timeout: java.net.SocketException: Socket closed
12-14 00:47:21.255 W/Conscrypt( 2109): 	at com.google.android.gms.org.conscrypt.Platform.setSocketWriteTimeout(:com.google.android.gms@204713022@20.47.13 (040700-344095733):2)
12-14 00:47:21.255 W/Conscrypt( 2109): 	at com.google.android.gms.org.conscrypt.ConscryptFileDescriptorSocket.setSoWriteTimeout(:com.google.android.gms@204713022@20.47.13 (040700-344095733):0)
12-14 00:47:21.275 I/NetworkScheduler.Stats( 1935): Task com.google.android.gms/com.google.android.gms.tapandpay.gcmtask.TapAndPayGcmTaskService started execution. cause:5 exec_start_elapsed_seconds: 50 [CONTEXT service_id=218 ]
12-14 00:47:21.337 I/NetworkScheduler.Stats( 1935): Task com.google.android.gms/com.google.android.gms.udc.service.UdcContextInitService started execution. cause:5 exec_start_elapsed_seconds: 50 [CONTEXT service_id=218 ]
12-14 00:47:21.353 W/Conscrypt( 2109): Could not set socket write timeout: java.net.SocketException: Socket closed
12-14 00:47:21.353 W/Conscrypt( 2109): 	at com.google.android.gms.org.conscrypt.Platform.setSocketWriteTimeout(:com.google.android.gms@204713022@20.47.13 (040700-344095733):2)
12-14 00:47:21.353 W/Conscrypt( 2109): 	at com.google.android.gms.org.conscrypt.ConscryptFileDescriptorSocket.setSoWriteTimeout(:com.google.android.gms@204713022@20.47.13 (040700-344095733):0)
12-14 00:47:21.356 I/NetworkScheduler.Stats( 1935): Task com.google.android.gms/com.google.android.gms.tapandpay.gcmtask.TapAndPayGcmTaskService finished executing. cause:5 result: 1 elapsed_millis: 110 uptime_millis: 110 exec_start_elapsed_seconds: 50 [CONTEXT service_id=218 ]
12-14 00:47:21.379 I/NetworkScheduler.Stats( 1935): Task com.google.android.videos/ started execution. cause:5 exec_start_elapsed_seconds: 51 [CONTEXT service_id=218 ]
12-14 00:47:21.379 I/PlayMovies( 3843): RefreshLicenseTaskService.onRunTask:96 On run task refresh_license_forced
12-14 00:47:21.379 I/PlayMovies( 3843): 
12-14 00:47:21.388 I/NetworkScheduler.Stats( 1935): Task com.google.android.videos/ finished executing. cause:5 result: 1 elapsed_millis: 15 uptime_millis: 15 exec_start_elapsed_seconds: 51 [CONTEXT service_id=218 ]
12-14 00:47:21.413 I/NetworkScheduler.Stats( 1935): Task com.google.android.gms/com.google.android.gms.udc.service.UdcContextInitService finished executing. cause:5 result: 1 elapsed_millis: 104 uptime_millis: 104 exec_start_elapsed_seconds: 50 [CONTEXT service_id=218 ]
12-14 00:47:21.509 V/LifecycleAwareServiceBi( 2501): notify unbound
12-14 00:47:21.509 V/LifecycleAwareServiceBi( 2501): com.google.common.flogger.LogSiteStackTrace: MEDIUM
12-14 00:47:21.509 V/LifecycleAwareServiceBi( 2501): 	at com.google.frameworks.client.data.android.binder.LifecycleAwareServiceBinding.h(PG:1)
12-14 00:47:21.509 V/LifecycleAwareServiceBi( 2501): 	at axqg.run(Unknown Source:4)
12-14 00:47:21.509 V/LifecycleAwareServiceBi( 2501): 	at android.os.Handler.handleCallback(Handler.java:789)
12-14 00:47:21.509 V/LifecycleAwareServiceBi( 2501): 	at android.os.Handler.dispatchMessage(Handler.java:98)
12-14 00:47:21.509 V/LifecycleAwareServiceBi( 2501): 	at android.os.Looper.loop(Looper.java:164)
12-14 00:47:21.509 V/LifecycleAwareServiceBi( 2501): 	at android.app.ActivityThread.main(ActivityThread.java:6541)
12-14 00:47:21.509 V/LifecycleAwareServiceBi( 2501): 	at java.lang.reflect.Method.invoke(Native Method)
12-14 00:47:21.509 V/LifecycleAwareServiceBi( 2501): 	at com.android.internal.os.Zygote$MethodAndArgsCaller.run(Zygote.java:240)
12-14 00:47:21.509 V/LifecycleAwareServiceBi( 2501): 	at com.android.internal.os.ZygoteInit.main(ZygoteInit.java:767)
12-14 00:47:21.509 V/LifecycleAwareServiceBi( 2501): notify unbound - notifying
12-14 00:47:21.515 I/Finsky:download_service( 2678): [2] sxn.onDestroy(8): IPC-SERVER: Stopping gRPC host service...
12-14 00:47:22.110 I/ActivityManager( 1626): Killing 3253:com.google.android.apps.maps/u0a59 (adj 906): empty #17
12-14 00:47:22.165 D/BoundBrokerSvc( 2109): onUnbind: Intent { act=com.google.android.gms.people.service.START pkg=com.google.android.gms }
12-14 00:47:22.166 D/BoundBrokerSvc( 1935): onUnbind: Intent { act=com.google.android.gms.phenotype.service.START pkg=com.google.android.gms }
12-14 00:47:22.297 D/BoundBrokerSvc( 1935): onUnbind: Intent { act=com.google.android.gms.usagereporting.service.START pkg=com.google.android.gms }
12-14 00:47:22.373 D/BoundBrokerSvc( 1935): onUnbind: Intent { act=com.google.android.gms.icing.LIGHTWEIGHT_INDEX_SERVICE cmp=com.google.android.gms/.chimera.PersistentApiService }
12-14 00:47:22.729 E/memtrack( 1626): Couldn't load memtrack module
12-14 00:47:22.729 W/android.os.Debug( 1626): failed to get memory consumption info: -1
12-14 00:47:23.235 D/AndroidRuntime( 3901): >>>>>> START com.android.internal.os.RuntimeInit uid 2000 <<<<<<
12-14 00:47:23.270 I/zygote  ( 1935): Deoptimizing bsbk brqx.C() due to JIT inline cache
12-14 00:47:23.270 I/zygote  ( 1935): Deoptimizing bsbk brqx.D(int) due to JIT inline cache
12-14 00:47:23.279 I/InputReader( 1626): Reconfiguring input devices.  changes=0x00000010
12-14 00:47:23.283 W/ResourceType( 1626): ResTable_typeSpec entry count inconsistent: given 67, previously 69
12-14 00:47:23.283 W/ResourceType( 1626): ResTable_typeSpec entry count inconsistent: given 5411, previously 5412
12-14 00:47:23.285 W/app_process( 3901): Unexpected CPU variant for X86 using defaults: x86
12-14 00:47:23.297 I/ActivityManager( 1626): Killing 2458:com.android.providers.calendar/u0a4 (adj 906): empty #17
12-14 00:47:23.325 D/AndroidRuntime( 3901): Calling main entry com.android.commands.am.Am
12-14 00:47:23.326 I/Fitness ( 1935): OnPackageChangedOperation got intent: Intent { act=android.intent.action.PACKAGE_CHANGED dat=package:com.google.android.gms flg=0x45000010 pkg=com.google.android.gms cmp=com.google.android.gms/.chimera.PersistentIntentOperationService (has extras) } [CONTEXT service_id=17 ]
12-14 00:47:23.331 D/CarrierSvcBindHelper( 1819): No carrier app for: 0
12-14 00:47:23.331 D/ImsResolver( 1819): maybeAddedImsService, packageName: com.google.android.gms
12-14 00:47:23.331 I/ActivityManager( 1626): Force stopping com.evancharlton.mileage appid=10246 user=0: start instr
12-14 00:47:23.331 I/ActivityManager( 1626): Killing 3786:com.evancharlton.mileage/u0a246 (adj 0): stop com.evancharlton.mileage
12-14 00:47:23.333 W/ActivityManager( 1626): Crash of app com.evancharlton.mileage running instrumentation ComponentInfo{com.evancharlton.mileage.test/sh.calaba.instrumentationbackend.ClearAppData2}
12-14 00:47:23.333 I/ActivityManager( 1626): Force stopping com.evancharlton.mileage appid=10246 user=0: finished inst
12-14 00:47:23.339 W/ResourceType( 1626): ResTable_typeSpec entry count inconsistent: given 67, previously 69
12-14 00:47:23.339 W/ResourceType( 1626): ResTable_typeSpec entry count inconsistent: given 5411, previously 5412
12-14 00:47:23.343 I/zygote  ( 3911): Not late-enabling -Xcheck:jni (already on)
12-14 00:47:23.344 W/PeopleGalProvider( 2109): Not enabled to outside of GmsCore.
12-14 00:47:23.344 I/PeopleGalProvider( 2109): Method 0 completed.
12-14 00:47:23.345 I/ContactDirectoryManager( 2357): Directory provider com.google.android.gms(com.google.android.gms.people.gal.provider) returned a NULL cursor.
12-14 00:47:23.346 I/ActivityManager( 1626): Start proc 3911:com.evancharlton.mileage/u0a246 for added application com.evancharlton.mileage
12-14 00:47:23.347 D/AndroidRuntime( 3901): Shutting down VM
12-14 00:47:23.352 I/Telecom ( 1626): DefaultDialerCache: Refreshing default dialer for user 0: now com.google.android.dialer: DDC.oR@AE0
12-14 00:47:23.360 W/app_process( 3901): Thread attaching while runtime is shutting down: Binder:3901_2
12-14 00:47:23.360 I/AndroidRuntime( 3901): NOTE: attach of thread 'Binder:3901_2' failed
12-14 00:47:23.363 I/Fitness ( 1935): FitCleanupIntentOperation received Intent android.intent.action.PACKAGE_CHANGED [CONTEXT service_id=17 ]
12-14 00:47:23.387 W/zygote  ( 3911): Unexpected CPU variant for X86 using defaults: x86
12-14 00:47:23.391 I/ProvidersCache( 3347): Provider returned no roots. Possibly naughty: com.google.android.apps.docs.storage
12-14 00:47:23.409 E/adbd    ( 1382): failed to connect to socket 'tcp:7102': Connection refused
12-14 00:47:23.411 I/Icing   ( 2109): updateResources: need to parse adiq{com.google.android.gms}
12-14 00:47:23.415 E/adbd    ( 1382): failed to connect to socket 'tcp:7102': Connection refused
12-14 00:47:23.422 I/Icing   ( 2109): IndexChimeraService.getServiceInterface callingPackage=com.google.android.gms componentName=AppsCorpus serviceId=36
12-14 00:47:23.441 I/zygote  ( 2109): Deoptimizing brse brse.p(int, java.lang.Object[]) due to JIT inline cache
12-14 00:47:23.453 W/zygote  ( 3911): Found duplicate classes, falling back to extracting from APK : /data/app/com.evancharlton.mileage.test-Lkcdu1Ocs6MUtgGqYbVXQw==/base.apk
12-14 00:47:23.453 W/zygote  ( 3911): NOTE: This wastes RAM and hurts startup performance.
12-14 00:47:23.453 W/zygote  ( 3911): Found duplicated class when checking oat files: 'Ljunit/runner/BaseTestRunner;' in /data/app/com.evancharlton.mileage.test-Lkcdu1Ocs6MUtgGqYbVXQw==/base.apk and /system/framework/android.test.runner.jar
12-14 00:47:23.453 W/zygote  ( 3911): 
12-14 00:47:23.506 W/Binder  ( 1626): Outgoing transactions from this process must be FLAG_ONEWAY
12-14 00:47:23.506 W/Binder  ( 1626): java.lang.Throwable
12-14 00:47:23.506 W/Binder  ( 1626): 	at android.os.BinderProxy.transact(Binder.java:736)
12-14 00:47:23.506 W/Binder  ( 1626): 	at com.android.internal.location.ILocationProvider$Stub$Proxy.getProperties(ILocationProvider.java:232)
12-14 00:47:23.506 W/Binder  ( 1626): 	at com.android.server.location.LocationProviderProxy$1.run(LocationProviderProxy.java:119)
12-14 00:47:23.506 W/Binder  ( 1626): 	at android.os.Handler.handleCallback(Handler.java:789)
12-14 00:47:23.506 W/Binder  ( 1626): 	at android.os.Handler.dispatchMessage(Handler.java:98)
12-14 00:47:23.506 W/Binder  ( 1626): 	at android.os.Looper.loop(Looper.java:164)
12-14 00:47:23.506 W/Binder  ( 1626): 	at android.os.HandlerThread.run(HandlerThread.java:65)
12-14 00:47:23.510 W/Binder  ( 1626): Outgoing transactions from this process must be FLAG_ONEWAY
12-14 00:47:23.510 W/Binder  ( 1626): java.lang.Throwable
12-14 00:47:23.510 W/Binder  ( 1626): 	at android.os.BinderProxy.transact(Binder.java:736)
12-14 00:47:23.510 W/Binder  ( 1626): 	at com.android.internal.location.ILocationProvider$Stub$Proxy.getProperties(ILocationProvider.java:232)
12-14 00:47:23.510 W/Binder  ( 1626): 	at com.android.server.location.LocationProviderProxy$1.run(LocationProviderProxy.java:119)
12-14 00:47:23.510 W/Binder  ( 1626): 	at android.os.Handler.handleCallback(Handler.java:789)
12-14 00:47:23.510 W/Binder  ( 1626): 	at android.os.Handler.dispatchMessage(Handler.java:98)
12-14 00:47:23.510 W/Binder  ( 1626): 	at android.os.Looper.loop(Looper.java:164)
12-14 00:47:23.510 W/Binder  ( 1626): 	at android.os.HandlerThread.run(HandlerThread.java:65)
12-14 00:47:23.514 D/BoundBrokerSvc( 1935): onUnbind: Intent { act=com.google.android.gms.clearcut.bootcount.service.START cmp=com.google.android.gms/.chimera.PersistentBoundBrokerService }
12-14 00:47:23.524 W/System  ( 3911): ClassLoader referenced unknown path: 
12-14 00:47:23.526 E/adbd    ( 1382): failed to connect to socket 'tcp:7102': Connection refused
12-14 00:47:23.531 E/adbd    ( 1382): failed to connect to socket 'tcp:7102': Connection refused
12-14 00:47:23.540 W/Icing   ( 2109): No valid account for uploading user actions
12-14 00:47:23.541 I/System.out( 3911): Main activity name automatically set to: com.evancharlton.mileage.Mileage
12-14 00:47:23.543 I/System.out( 3911): Calabash did not load Mono. This is only a problem if you are trying to test a Mono application
12-14 00:47:23.544 I/calabash( 3911): Test server port: 7102
12-14 00:47:23.546 I/InstrumentationBackend( 3911): Added:'GetPreferences', with key:'get_preferences'
12-14 00:47:23.560 I/Icing   ( 2109): IndexChimeraService.getServiceInterface callingPackage=com.google.android.gms componentName=null serviceId=30
12-14 00:47:23.579 D/ConnectivityService( 1626): handleLingerComplete for NetworkAgentInfo [MOBILE (LTE) - 100]
12-14 00:47:23.596 I/Icing   ( 2109): Usage reports ok 1, Failed Usage reports 0, indexed 1, rejected 0
12-14 00:47:23.601 W/Icing   ( 2109): No valid account for uploading user actions
12-14 00:47:23.609 I/Icing   ( 2109): Usage reports ok 0, Failed Usage reports 0, indexed 0, rejected 0
12-14 00:47:23.611 I/Icing   ( 2109): Indexing com.google.android.gms-apps from com.google.android.gms
12-14 00:47:23.613 I/Icing   ( 2109): Indexing done com.google.android.gms-apps
12-14 00:47:23.633 I/InstrumentationBackend( 3911): Added:'SetPreferences', with key:'set_preferences'
12-14 00:47:23.634 I/InstrumentationBackend( 3911): Added:'ClearPreferences', with key:'clear_preferences'
12-14 00:47:23.634 I/InstrumentationBackend( 3911): Added:'PressElement', with key:'press_l10n_element'
12-14 00:47:23.634 I/InstrumentationBackend( 3911): Added:'WaitForElement', with key:'wait_for_l10n_element'
12-14 00:47:23.635 I/InstrumentationBackend( 3911): Added:'NullAction', with key:'nullAction'
12-14 00:47:23.636 I/InstrumentationBackend( 3911): Added:'PressKey', with key:'press_key'
12-14 00:47:23.636 I/InstrumentationBackend( 3911): Added:'SetActivityOrientation', with key:'set_activity_orientation'
12-14 00:47:23.636 I/InstrumentationBackend( 3911): Added:'GetActivityOrientation', with key:'get_activity_orientation'
12-14 00:47:23.637 I/InstrumentationBackend( 3911): Added:'FakeGPSLocation', with key:'set_gps_coordinates'
12-14 00:47:23.638 E/adbd    ( 1382): failed to connect to socket 'tcp:7102': Connection refused
12-14 00:47:23.638 I/InstrumentationBackend( 3911): Added:'SetPropertyByCssSelector', with key:'set_property_by_css_selector'
12-14 00:47:23.640 E/adbd    ( 1382): failed to connect to socket 'tcp:7102': Connection refused
12-14 00:47:23.641 I/InstrumentationBackend( 3911): Added:'GetUrl', with key:'get_url'
12-14 00:47:23.643 I/InstrumentationBackend( 3911): Added:'ScrollTo', with key:'scroll_to'
12-14 00:47:23.643 I/InstrumentationBackend( 3911): Added:'GetLoadProgress', with key:'get_load_progress'
12-14 00:47:23.644 I/InstrumentationBackend( 3911): Added:'DumpHtml', with key:'dump_html'
12-14 00:47:23.644 I/InstrumentationBackend( 3911): Added:'DumpBodyHtml', with key:'dump_body_html'
12-14 00:47:23.644 I/InstrumentationBackend( 3911): Added:'EnterTextByCssSelector', with key:'enter_text_by_selector'
12-14 00:47:23.648 I/InstrumentationBackend( 3911): Added:'AndroidSDKVersion', with key:'android_sdk_version'
12-14 00:47:23.649 I/InstrumentationBackend( 3911): Added:'Version', with key:'version'
12-14 00:47:23.649 I/InstrumentationBackend( 3911): Added:'Drag', with key:'drag'
12-14 00:47:23.650 I/InstrumentationBackend( 3911): Added:'TouchCoordinates', with key:'touch_coordinate'
12-14 00:47:23.650 I/InstrumentationBackend( 3911): Added:'LongPressCoordinate', with key:'long_press_coordinate'
12-14 00:47:23.650 I/InstrumentationBackend( 3911): Added:'DragCoordinates', with key:'drag_coordinates'
12-14 00:47:23.651 I/InstrumentationBackend( 3911): Added:'ResumeApplication', with key:'resume_application'
12-14 00:47:23.651 I/InstrumentationBackend( 3911): Added:'Swipe', with key:'swipe'
12-14 00:47:23.651 I/InstrumentationBackend( 3911): Added:'DoubleTapCoordinate', with key:'double_tap_coordinate'
12-14 00:47:23.652 I/InstrumentationBackend( 3911): Added:'ClickOnScreen', with key:'click_on_screen'
12-14 00:47:23.653 I/InstrumentationBackend( 3911): Added:'GetActivityName', with key:'get_activity_name'
12-14 00:47:23.653 I/InstrumentationBackend( 3911): Added:'ScrollToView', with key:'scroll_to_view'
12-14 00:47:23.654 I/InstrumentationBackend( 3911): Added:'ViewConfiguration', with key:'view_configuration'
12-14 00:47:23.654 I/InstrumentationBackend( 3911): Added:'IsCurrentActivityFocused', with key:'is_current_activity_focused'
12-14 00:47:23.654 I/InstrumentationBackend( 3911): Added:'SendTcp', with key:'send_tcp'
12-14 00:47:23.655 I/InstrumentationBackend( 3911): Added:'DpToDevicePixel', with key:'dp_to_device_pixel'
12-14 00:47:23.656 I/InstrumentationBackend( 3911): Added:'KeyboardEnterText', with key:'keyboard_enter_text'
12-14 00:47:23.656 I/InstrumentationBackend( 3911): Added:'DeleteSurroundingText', with key:'delete_surrounding_text'
12-14 00:47:23.657 I/InstrumentationBackend( 3911): Added:'SetComposingRegion', with key:'set_composing_region'
12-14 00:47:23.657 I/InstrumentationBackend( 3911): Added:'SetSelection', with key:'set_selection'
12-14 00:47:23.657 I/InstrumentationBackend( 3911): Added:'KeyboardKeyEvent', with key:'keyboard_key_event'
12-14 00:47:23.658 I/InstrumentationBackend( 3911): Added:'PressUserActionButton', with key:'press_user_action_button'
12-14 00:47:23.659 I/InstrumentationBackend( 3911): Added:'HideSoftKeyboard', with key:'hide_soft_keyboard'
12-14 00:47:23.660 I/InstrumentationBackend( 3911): Added:'ListActions', with key:'list_actions'
12-14 00:47:23.660 I/calabash( 3911): Instantiating http server at 7102
12-14 00:47:23.661 I/System.out( 3911): HTTP Daemon listening on: 7102
12-14 00:47:23.763 I/System.out( 3911): URI: //ping
12-14 00:47:23.764 I/System.out( 3911): params: {json={}
12-14 00:47:23.764 I/System.out( 3911): }
12-14 00:47:23.796 I/System.out( 3911): URI: //ping
12-14 00:47:23.796 I/System.out( 3911): params: {json={}
12-14 00:47:23.797 I/System.out( 3911): }
12-14 00:47:23.812 I/System.out( 3911): URI: //ready
12-14 00:47:23.812 I/System.out( 3911): params: {json={}
12-14 00:47:23.812 I/System.out( 3911): }
12-14 00:47:23.822 I/System.out( 3911): URI: //
12-14 00:47:23.822 I/System.out( 3911): params: {json={"command":"version","arguments":[]}
12-14 00:47:23.822 I/System.out( 3911): }
12-14 00:47:23.822 I/System.out( 3911): header: {content-type=application/json;charset=utf-8, date=Mon, 14 Dec 2020 05:47:24 GMT, accept=*/*, host=127.0.0.1:34777, content-length=36, user-agent=HTTPClient/1.0 (2.8.3, ruby 2.5.8 (2020-03-31))}
12-14 00:47:23.822 I/System.out( 3911): params: {json={"command":"version","arguments":[]}
12-14 00:47:23.823 I/System.out( 3911): }
12-14 00:47:23.823 I/System.out( 3911): ProP json = {"command":"version","arguments":[]}
12-14 00:47:23.823 I/System.out( 3911): files: {}
12-14 00:47:23.823 I/System.out( 3911): command: {"command":"version","arguments":[]}
12-14 00:47:23.853 I/InstrumentationBackend( 3911): Got command:'Command:'Line:null,version', arguments:'[]'
12-14 00:47:23.888 I/System.out( 3911): result:{"bonusInformation":[],"message":"0.9.8","success":true}
12-14 00:47:23.895 I/System.out( 3911): URI: //start-application
12-14 00:47:23.895 I/System.out( 3911): params: {json={"intent":null}
12-14 00:47:23.895 I/System.out( 3911): }
12-14 00:47:23.933 I/ActivityManager( 1626): START u0 {act=android.intent.action.MAIN cat=[android.intent.category.LAUNCHER] flg=0x10200000 cmp=com.evancharlton.mileage/.Mileage} from uid 10246
12-14 00:47:23.947 I/calabash( 3911): newActivity1
12-14 00:47:23.969 D/gralloc_ranchu( 1394): gralloc_alloc: Creating ashmem region of size 7753728
12-14 00:47:23.990 W/ActivityManager( 1626): Bad activity token: android.os.BinderProxy@c87a661
12-14 00:47:23.990 W/ActivityManager( 1626): java.lang.ClassCastException: android.os.BinderProxy cannot be cast to com.android.server.am.ActivityRecord$Token
12-14 00:47:23.990 W/ActivityManager( 1626): 	at com.android.server.am.ActivityRecord.forTokenLocked(ActivityRecord.java:778)
12-14 00:47:23.990 W/ActivityManager( 1626): 	at com.android.server.am.ActivityRecord.isInStackLocked(ActivityRecord.java:2085)
12-14 00:47:23.990 W/ActivityManager( 1626): 	at com.android.server.am.ActivityRecord.getStackLocked(ActivityRecord.java:2090)
12-14 00:47:23.990 W/ActivityManager( 1626): 	at com.android.server.am.ActivityManagerService.getActivityDisplayId(ActivityManagerService.java:10406)
12-14 00:47:23.990 W/ActivityManager( 1626): 	at android.app.IActivityManager$Stub.onTransact(IActivityManager.java:2738)
12-14 00:47:23.990 W/ActivityManager( 1626): 	at com.android.server.am.ActivityManagerService.onTransact(ActivityManagerService.java:2935)
12-14 00:47:23.990 W/ActivityManager( 1626): 	at android.os.Binder.execTransact(Binder.java:674)
12-14 00:47:23.992 I/calabash( 3911): newActivity1
12-14 00:47:23.997 W/ActivityManager( 1626): Bad activity token: android.os.BinderProxy@c87a661
12-14 00:47:23.997 W/ActivityManager( 1626): java.lang.ClassCastException: android.os.BinderProxy cannot be cast to com.android.server.am.ActivityRecord$Token
12-14 00:47:23.997 W/ActivityManager( 1626): 	at com.android.server.am.ActivityRecord.forTokenLocked(ActivityRecord.java:778)
12-14 00:47:23.997 W/ActivityManager( 1626): 	at com.android.server.am.ActivityRecord.isInStackLocked(ActivityRecord.java:2085)
12-14 00:47:23.997 W/ActivityManager( 1626): 	at com.android.server.am.ActivityManagerService.setTaskDescription(ActivityManagerService.java:9988)
12-14 00:47:23.997 W/ActivityManager( 1626): 	at android.app.IActivityManager$Stub.onTransact(IActivityManager.java:2824)
12-14 00:47:23.997 W/ActivityManager( 1626): 	at com.android.server.am.ActivityManagerService.onTransact(ActivityManagerService.java:2935)
12-14 00:47:23.997 W/ActivityManager( 1626): 	at android.os.Binder.execTransact(Binder.java:674)
12-14 00:47:23.998 W/ActivityManager( 1626): Bad activity token: android.os.BinderProxy@c87a661
12-14 00:47:23.998 W/ActivityManager( 1626): java.lang.ClassCastException: android.os.BinderProxy cannot be cast to com.android.server.am.ActivityRecord$Token
12-14 00:47:23.998 W/ActivityManager( 1626): 	at com.android.server.am.ActivityRecord.forTokenLocked(ActivityRecord.java:778)
12-14 00:47:23.998 W/ActivityManager( 1626): 	at com.android.server.am.ActivityRecord.isInStackLocked(ActivityRecord.java:2085)
12-14 00:47:23.998 W/ActivityManager( 1626): 	at com.android.server.am.ActivityRecord.getStackLocked(ActivityRecord.java:2090)
12-14 00:47:23.998 W/ActivityManager( 1626): 	at com.android.server.am.ActivityManagerService.getActivityStackId(ActivityManagerService.java:10417)
12-14 00:47:23.998 W/ActivityManager( 1626): 	at android.app.IActivityManager$Stub.onTransact(IActivityManager.java:3548)
12-14 00:47:23.998 W/ActivityManager( 1626): 	at com.android.server.am.ActivityManagerService.onTransact(ActivityManagerService.java:2935)
12-14 00:47:23.998 W/ActivityManager( 1626): 	at android.os.Binder.execTransact(Binder.java:674)
12-14 00:47:24.021 D/EGL_emulation( 2176): eglMakeCurrent: 0x9ff47ce0: ver 3 0 (tinfo 0xa00ffb50)
12-14 00:47:24.021 D/EGL_emulation( 2206): eglMakeCurrent: 0xa29058a0: ver 3 0 (tinfo 0xa29036b0)
12-14 00:47:24.050 W/asset   ( 1724): Asset path /data/app/com.evancharlton.mileage-zhNAGC1xJO-G3edHLJuM8g==/base.apk is neither a directory nor file (type=1).
12-14 00:47:24.050 E/ResourcesManager( 1724): failed to add asset path /data/app/com.evancharlton.mileage-zhNAGC1xJO-G3edHLJuM8g==/base.apk
12-14 00:47:24.050 W/PackageManager( 1724): Failure retrieving resources for com.evancharlton.mileage
12-14 00:47:24.050 W/asset   ( 1724): Asset path /data/app/com.evancharlton.mileage-zhNAGC1xJO-G3edHLJuM8g==/base.apk is neither a directory nor file (type=1).
12-14 00:47:24.050 E/ResourcesManager( 1724): failed to add asset path /data/app/com.evancharlton.mileage-zhNAGC1xJO-G3edHLJuM8g==/base.apk
12-14 00:47:24.050 W/PackageManager( 1724): Failure retrieving resources for com.evancharlton.mileage
12-14 00:47:24.050 W/asset   ( 1724): Asset path /data/app/com.evancharlton.mileage-zhNAGC1xJO-G3edHLJuM8g==/base.apk is neither a directory nor file (type=1).
12-14 00:47:24.050 E/ResourcesManager( 1724): failed to add asset path /data/app/com.evancharlton.mileage-zhNAGC1xJO-G3edHLJuM8g==/base.apk
12-14 00:47:24.050 W/PackageManager( 1724): Failure retrieving resources for com.evancharlton.mileage
12-14 00:47:24.059 D/EGL_emulation( 1724): eglMakeCurrent: 0x8ed54100: ver 3 0 (tinfo 0x9e17fb70)
12-14 00:47:24.063 E/ContentStoreEUAS( 2206): Failed to commit the deferred actions
12-14 00:47:24.068 D/EGL_emulation( 1724): eglMakeCurrent: 0x8ed54100: ver 3 0 (tinfo 0x9e17fb70)
12-14 00:47:24.080 D/EGL_emulation( 1724): eglMakeCurrent: 0x8ed54100: ver 3 0 (tinfo 0x9e17fb70)
12-14 00:47:24.082 V/StatusBar( 1724): setLightsOn(true)
12-14 00:47:24.092 D/FillupsProvider( 3911): Creating database
12-14 00:47:24.099 D/EGL_emulation( 1724): eglMakeCurrent: 0x8ed54100: ver 3 0 (tinfo 0x9e17fb70)
12-14 00:47:24.128 I/chatty  ( 1724): uid=10028(u0_a28) RenderThread identical 1 line
12-14 00:47:24.132 D/EGL_emulation( 1724): eglMakeCurrent: 0x8ed54100: ver 3 0 (tinfo 0x9e17fb70)
12-14 00:47:24.141 I/zygote  ( 3911): Do partial code cache collection, code=29KB, data=21KB
12-14 00:47:24.142 I/zygote  ( 3911): After code cache collection, code=29KB, data=21KB
12-14 00:47:24.142 I/zygote  ( 3911): Increasing code cache capacity to 128KB
12-14 00:47:24.146 D/EGL_emulation( 1724): eglMakeCurrent: 0x8ed54100: ver 3 0 (tinfo 0x9e17fb70)
12-14 00:47:24.244 W/ActivityManager( 1626): Bad activity token: android.os.BinderProxy@c87a661
12-14 00:47:24.244 W/ActivityManager( 1626): java.lang.ClassCastException: android.os.BinderProxy cannot be cast to com.android.server.am.ActivityRecord$Token
12-14 00:47:24.244 W/ActivityManager( 1626): 	at com.android.server.am.ActivityRecord.forTokenLocked(ActivityRecord.java:778)
12-14 00:47:24.244 W/ActivityManager( 1626): 	at com.android.server.am.ActivityRecord.isInStackLocked(ActivityRecord.java:2085)
12-14 00:47:24.244 W/ActivityManager( 1626): 	at com.android.server.am.ActivityManagerService.getActivityOptions(ActivityManagerService.java:13302)
12-14 00:47:24.244 W/ActivityManager( 1626): 	at android.app.IActivityManager$Stub.onTransact(IActivityManager.java:2910)
12-14 00:47:24.244 W/ActivityManager( 1626): 	at com.android.server.am.ActivityManagerService.onTransact(ActivityManagerService.java:2935)
12-14 00:47:24.244 W/ActivityManager( 1626): 	at android.os.Binder.execTransact(Binder.java:674)
12-14 00:47:24.246 W/ActivityManager( 1626): Bad activity token: android.os.BinderProxy@c87a661
12-14 00:47:24.246 W/ActivityManager( 1626): java.lang.ClassCastException: android.os.BinderProxy cannot be cast to com.android.server.am.ActivityRecord$Token
