--------- beginning of main
12-14 00:48:07.012 E/adbd    ( 1382): failed to connect to socket 'tcp:7102': Connection refused
12-14 00:48:07.066 V/StatusBar( 1724): setLightsOn(true)
--------- beginning of system
12-14 00:48:07.087 W/ActivityManager( 1626): Finishing task with all activities already finished
12-14 00:48:07.087 W/ActivityManager( 1626): Duplicate finish request for ActivityRecord{c90e39a u0 com.evancharlton.mileage/.Mileage t542 f}
12-14 00:48:07.089 W/ActivityManager( 1626): Finishing task with all activities already finished
12-14 00:48:07.089 W/ActivityManager( 1626): Duplicate finish request for ActivityRecord{c90e39a u0 com.evancharlton.mileage/.Mileage t542 f}
12-14 00:48:07.089 W/ActivityManager( 1626): Finishing task with all activities already finished
12-14 00:48:07.089 W/ActivityManager( 1626): Duplicate finish request for ActivityRecord{c90e39a u0 com.evancharlton.mileage/.Mileage t542 f}
12-14 00:48:07.090 I/chatty  ( 1724): uid=10028(u0_a28) com.android.systemui identical 3 lines
12-14 00:48:07.090 W/ActivityManager( 1626): Finishing task with all activities already finished
12-14 00:48:07.090 W/ActivityManager( 1626): Duplicate finish request for ActivityRecord{c90e39a u0 com.evancharlton.mileage/.Mileage t542 f}
12-14 00:48:07.090 W/ActivityManager( 1626): Finishing task with all activities already finished
12-14 00:48:07.090 W/ActivityManager( 1626): Duplicate finish request for ActivityRecord{c90e39a u0 com.evancharlton.mileage/.Mileage t542 f}
12-14 00:48:07.094 V/StatusBar( 1724): setLightsOn(true)
12-14 00:48:07.102 D/gralloc_ranchu( 1394): gralloc_alloc: Creating ashmem region of size 8298496
12-14 00:48:07.102 W/ActivityManager( 1626): Finishing task with all activities already finished
12-14 00:48:07.102 W/ActivityManager( 1626): Duplicate finish request for ActivityRecord{c90e39a u0 com.evancharlton.mileage/.Mileage t542 f}
12-14 00:48:07.103 W/ActivityManager( 1626): Finishing task with all activities already finished
12-14 00:48:07.103 W/ActivityManager( 1626): Duplicate finish request for ActivityRecord{c90e39a u0 com.evancharlton.mileage/.Mileage t542 f}
12-14 00:48:07.103 W/ActivityManager( 1626): Finishing task with all activities already finished
12-14 00:48:07.103 W/ActivityManager( 1626): Duplicate finish request for ActivityRecord{c90e39a u0 com.evancharlton.mileage/.Mileage t542 f}
12-14 00:48:07.103 W/ActivityManager( 1626): Finishing task with all activities already finished
12-14 00:48:07.103 W/ActivityManager( 1626): Duplicate finish request for ActivityRecord{c90e39a u0 com.evancharlton.mileage/.Mileage t542 f}
12-14 00:48:07.103 W/ActivityManager( 1626): Finishing task with all activities already finished
12-14 00:48:07.103 W/ActivityManager( 1626): Duplicate finish request for ActivityRecord{c90e39a u0 com.evancharlton.mileage/.Mileage t542 f}
12-14 00:48:07.103 W/ActivityManager( 1626): Finishing task with all activities already finished
12-14 00:48:07.103 W/ActivityManager( 1626): Duplicate finish request for ActivityRecord{c90e39a u0 com.evancharlton.mileage/.Mileage t542 f}
12-14 00:48:07.125 I/chatty  ( 1394): uid=1000(system) allocator@2.0-s identical 1 line
12-14 00:48:07.137 D/gralloc_ranchu( 1394): gralloc_alloc: Creating ashmem region of size 8298496
12-14 00:48:07.137 D/SurfaceFlinger( 1411): duplicate layer name: changing com.google.android.apps.nexuslauncher/com.google.android.apps.nexuslauncher.NexusLauncherActivity to com.google.android.apps.nexuslauncher/com.google.android.apps.nexuslauncher.NexusLauncherActivity#1
12-14 00:48:07.140 I/NetworkScheduler.Stats( 1935): Task com.google.android.gms/com.google.android.gms.clearcut.uploader.QosUploaderService started execution. cause:5 exec_start_elapsed_seconds: 96 [CONTEXT service_id=218 ]
12-14 00:48:07.209 I/NetworkScheduler.Stats( 1935): Task com.google.android.gms/com.google.android.gms.clearcut.uploader.QosUploaderService finished executing. cause:5 result: 1 elapsed_millis: 289 uptime_millis: 289 exec_start_elapsed_seconds: 96 [CONTEXT service_id=218 ]
12-14 00:48:07.212 D/gralloc_ranchu( 1394): gralloc_alloc: Creating ashmem region of size 8298496
12-14 00:48:07.229 D/EGL_emulation( 1724): eglMakeCurrent: 0x8ed54100: ver 3 0 (tinfo 0x9e17fb70)
12-14 00:48:07.322 E/hw-IPCThreadState( 1394): binder thread pool (1 threads) starved for 110 ms
12-14 00:48:07.324 D/gralloc_ranchu( 1394): gralloc_alloc: Creating ashmem region of size 8298496
12-14 00:48:07.353 E/BatteryStatsService( 1626): modem info is invalid: ModemActivityInfo{ mTimestamp=0 mSleepTimeMs=0 mIdleTimeMs=0 mTxTimeMs[]=[0, 0, 0, 0, 0] mRxTimeMs=0 mEnergyUsed=0}
12-14 00:48:07.395 I/chatty  ( 1394): uid=1000(system) allocator@2.0-s identical 2 lines
12-14 00:48:07.450 D/gralloc_ranchu( 1394): gralloc_alloc: Creating ashmem region of size 8298496
12-14 00:48:07.471 D/EGL_emulation( 2206): eglMakeCurrent: 0xa29058a0: ver 3 0 (tinfo 0xa29036b0)
12-14 00:48:07.519 I/zygote  ( 1935): Background concurrent copying GC freed 111569(6MB) AllocSpace objects, 5(212KB) LOS objects, 48% free, 6MB/12MB, paused 17.871ms total 126.871ms
12-14 00:48:07.550 D/gralloc_ranchu( 1394): gralloc_alloc: Creating ashmem region of size 8298496
12-14 00:48:07.651 D/EGL_emulation( 2176): eglMakeCurrent: 0x9ff47ce0: ver 3 0 (tinfo 0xa00ffb50)
12-14 00:48:07.659 D/gralloc_ranchu( 1394): gralloc_alloc: Creating ashmem region of size 8298496
12-14 00:48:07.696 W/ActivityManager( 1626): Unable to start service Intent { act=com.google.android.gms.speech.service.START pkg=com.google.android.gms } U=0: not found
12-14 00:48:07.697 W/ActivityManager( 1626): Unbind failed: could not find connection for android.os.BinderProxy@64b4158
12-14 00:48:07.697 E/GmsClient( 2206): unable to connect to service: com.google.android.gms.speech.service.START on com.google.android.gms
12-14 00:48:07.698 W/SessionLifecycleManager( 2206): Handover failed. Creating new session controller.
12-14 00:48:07.708 I/OptInState( 2206): There is a new client and it does not support opt-in. Dropping request.
12-14 00:48:07.753 I/MicroDetectionWorker( 2206): #updateMicroDetector [detectionMode: [mDetectionMode: [1]]]
12-14 00:48:07.753 I/MicroDetectionWorker( 2206): #startMicroDetector [speakerMode: 0]
12-14 00:48:07.753 I/AudioController( 2206): Using mInputStreamFactoryBuilder
12-14 00:48:07.770 D/gralloc_ranchu( 1394): gralloc_alloc: Creating ashmem region of size 7753728
12-14 00:48:07.917 E/hw-IPCThreadState( 1411): binder thread pool (1 threads) starved for 135 ms
12-14 00:48:07.934 E/memtrack( 1626): Couldn't load memtrack module
12-14 00:48:07.934 W/android.os.Debug( 1626): failed to get memory consumption info: -1
12-14 00:48:07.956 D/EGL_emulation( 1724): eglMakeCurrent: 0x8ed54100: ver 3 0 (tinfo 0x9e17fb70)
12-14 00:48:07.957 I/MicroDetectionWorker( 2206): onReady
12-14 00:48:07.991 I/MicroRecognitionRunner( 2206): Starting detection.
12-14 00:48:07.993 W/OpenGLRenderer( 2176): Incorrectly called buildLayer on View: ShortcutAndWidgetContainer, destroying layer...
12-14 00:48:07.994 D/EGL_emulation( 1724): eglMakeCurrent: 0x8ed54100: ver 3 0 (tinfo 0x9e17fb70)
12-14 00:48:08.002 D/gralloc_ranchu( 1394): gralloc_alloc: Creating ashmem region of size 8298496
12-14 00:48:08.021 I/MicrophoneInputStream( 2206): mic_starting com.google.android.apps.gsa.staticplugins.aa.c@b8500a6
12-14 00:48:08.033 I/AudioFlinger( 1474): AudioFlinger's thread 0xae403fc0 tid=4544 ready to run
12-14 00:48:08.036 I/MicrophoneInputStream( 2206): mic_started com.google.android.apps.gsa.staticplugins.aa.c@b8500a6
12-14 00:48:08.037 E/ActivityThread( 2206): Failed to find provider info for com.google.android.apps.gsa.testing.ui.audio.recorded
12-14 00:48:08.039 I/MicroDetectionWorker( 2206): onReady
12-14 00:48:08.054 I/MicrophoneInputStream( 2206): mic_close com.google.android.apps.gsa.staticplugins.aa.c@b8500a6
12-14 00:48:08.055 I/MicroRecognitionRunner( 2206): Detection finished
12-14 00:48:08.056 W/ErrorReporter( 2206): reportError [type: 211, code: 524300]: Error reading from input stream
12-14 00:48:08.068 D/EGL_emulation( 1724): eglMakeCurrent: 0x8ed54100: ver 3 0 (tinfo 0x9e17fb70)
12-14 00:48:08.080 I/MicroRecognitionRunner( 2206): Stopping hotword detection.
12-14 00:48:08.081 D/EGL_emulation( 1724): eglMakeCurrent: 0x8ed54100: ver 3 0 (tinfo 0x9e17fb70)
12-14 00:48:08.088 W/ErrorProcessor( 2206): onFatalError, processing error from engine(4)
12-14 00:48:08.088 W/ErrorProcessor( 2206): com.google.android.apps.gsa.shared.speech.b.g: Error reading from input stream
12-14 00:48:08.088 W/ErrorProcessor( 2206): 	at com.google.android.apps.gsa.staticplugins.recognizer.j.a.a(SourceFile:28)
12-14 00:48:08.088 W/ErrorProcessor( 2206): 	at com.google.android.apps.gsa.staticplugins.recognizer.j.b.run(SourceFile:15)
12-14 00:48:08.088 W/ErrorProcessor( 2206): 	at java.util.concurrent.Executors$RunnableAdapter.call(Executors.java:457)
12-14 00:48:08.088 W/ErrorProcessor( 2206): 	at java.util.concurrent.FutureTask.run(FutureTask.java:266)
12-14 00:48:08.088 W/ErrorProcessor( 2206): 	at com.google.android.apps.gsa.shared.util.concurrent.a.ax.run(SourceFile:14)
12-14 00:48:08.088 W/ErrorProcessor( 2206): 	at com.google.android.apps.gsa.shared.util.concurrent.a.bl.run(SourceFile:4)
12-14 00:48:08.088 W/ErrorProcessor( 2206): 	at com.google.android.apps.gsa.shared.util.concurrent.a.bl.run(SourceFile:4)
12-14 00:48:08.088 W/ErrorProcessor( 2206): 	at java.util.concurrent.ThreadPoolExecutor.runWorker(ThreadPoolExecutor.java:1162)
12-14 00:48:08.088 W/ErrorProcessor( 2206): 	at java.util.concurrent.ThreadPoolExecutor$Worker.run(ThreadPoolExecutor.java:636)
12-14 00:48:08.088 W/ErrorProcessor( 2206): 	at java.lang.Thread.run(Thread.java:764)
12-14 00:48:08.088 W/ErrorProcessor( 2206): 	at com.google.android.apps.gsa.shared.util.concurrent.a.ai.run(SourceFile:6)
12-14 00:48:08.088 W/ErrorProcessor( 2206): Caused by: com.google.android.apps.gsa.shared.exception.GsaIOException: Error code: 393238 | Buffer overflow, no available space.
12-14 00:48:08.088 W/ErrorProcessor( 2206): 	at com.google.android.apps.gsa.speech.audio.Tee.f(SourceFile:103)
12-14 00:48:08.088 W/ErrorProcessor( 2206): 	at com.google.android.apps.gsa.speech.audio.au.read(SourceFile:2)
12-14 00:48:08.088 W/ErrorProcessor( 2206): 	at java.io.InputStream.read(InputStream.java:101)
12-14 00:48:08.088 W/ErrorProcessor( 2206): 	at com.google.android.apps.gsa.speech.audio.ao.run(SourceFile:18)
12-14 00:48:08.088 W/ErrorProcessor( 2206): 	at com.google.android.apps.gsa.speech.audio.an.run(SourceFile:2)
12-14 00:48:08.088 W/ErrorProcessor( 2206): 	... 9 more
12-14 00:48:08.088 I/AudioController( 2206): internalShutdown
12-14 00:48:08.094 D/EGL_emulation( 1724): eglMakeCurrent: 0x8ed54100: ver 3 0 (tinfo 0x9e17fb70)
12-14 00:48:08.123 I/chatty  ( 1724): uid=10028(u0_a28) RenderThread identical 3 lines
12-14 00:48:08.126 D/EGL_emulation( 1724): eglMakeCurrent: 0x8ed54100: ver 3 0 (tinfo 0x9e17fb70)
12-14 00:48:08.137 I/MicroDetector( 2206): Keeping mic open: false
12-14 00:48:08.138 I/MicroDetectionWorker( 2206): #onError(false)
12-14 00:48:08.139 I/zygote  ( 2206): Background concurrent copying GC freed 7698(563KB) AllocSpace objects, 7(188KB) LOS objects, 49% free, 4MB/8MB, paused 9.470ms total 137.119ms
12-14 00:48:08.139 I/DeviceStateChecker( 2206): DeviceStateChecker cancelled
12-14 00:48:08.140 D/EGL_emulation( 1724): eglMakeCurrent: 0x8ed54100: ver 3 0 (tinfo 0x9e17fb70)
12-14 00:48:08.160 I/chatty  ( 1724): uid=10028(u0_a28) RenderThread identical 2 lines
12-14 00:48:08.168 D/EGL_emulation( 1724): eglMakeCurrent: 0x8ed54100: ver 3 0 (tinfo 0x9e17fb70)
12-14 00:48:08.183 I/zygote  ( 1724): NativeAllocBackground concurrent copying GC freed 13220(824KB) AllocSpace objects, 0(0B) LOS objects, 49% free, 4MB/9MB, paused 9.371ms total 181.259ms
12-14 00:48:08.240 I/DynamiteModule( 1935): Considering local module com.google.android.gms.cronet_dynamite:0 and remote module com.google.android.gms.cronet_dynamite:1311
12-14 00:48:08.240 I/DynamiteModule( 1935): Selected remote version of com.google.android.gms.cronet_dynamite, version >= 1311
12-14 00:48:08.255 W/zygote  ( 1935): Skipping duplicate class check due to unrecognized classloader
12-14 00:48:08.258 D/AndroidRuntime( 4533): >>>>>> START com.android.internal.os.RuntimeInit uid 2000 <<<<<<
12-14 00:48:08.318 W/app_process( 4533): Unexpected CPU variant for X86 using defaults: x86
12-14 00:48:08.349 D/AndroidRuntime( 4533): Calling main entry com.android.commands.am.Am
12-14 00:48:08.351 I/ActivityManager( 1626): Force stopping com.evancharlton.mileage appid=10246 user=0: start instr
12-14 00:48:08.351 I/ActivityManager( 1626): Killing 4446:com.evancharlton.mileage/u0a246 (adj 0): stop com.evancharlton.mileage
12-14 00:48:08.352 W/ActivityManager( 1626): Crash of app com.evancharlton.mileage running instrumentation ComponentInfo{com.evancharlton.mileage.test/sh.calaba.instrumentationbackend.CalabashInstrumentationTestRunner}
12-14 00:48:08.352 I/ActivityManager( 1626): Force stopping com.evancharlton.mileage appid=10246 user=0: finished inst
12-14 00:48:08.374 I/OpenGLRenderer( 1626): Initialized EGL, version 1.4
12-14 00:48:08.374 D/OpenGLRenderer( 1626): Swap behavior 1
12-14 00:48:08.375 W/OpenGLRenderer( 1626): Failed to choose config with EGL_SWAP_BEHAVIOR_PRESERVED, retrying without...
12-14 00:48:08.375 D/OpenGLRenderer( 1626): Swap behavior 0
12-14 00:48:08.380 I/ActivityManager( 1626): Start proc 4555:com.evancharlton.mileage/u0a246 for added application com.evancharlton.mileage
12-14 00:48:08.382 D/AndroidRuntime( 4533): Shutting down VM
12-14 00:48:08.383 D/EGL_emulation( 1626): eglCreateContext: 0x9fceff40: maj 3 min 0 rcv 3
12-14 00:48:08.386 D/EGL_emulation( 1626): eglMakeCurrent: 0x9fceff40: ver 3 0 (tinfo 0x9e157fb0)
12-14 00:48:08.388 E/eglCodecCommon( 1626): glUtilsParamSize: unknow param 0x00008cdf
12-14 00:48:08.388 E/eglCodecCommon( 1626): glUtilsParamSize: unknow param 0x00008cdf
12-14 00:48:08.389 E/eglCodecCommon( 1626): glUtilsParamSize: unknow param 0x00008824
12-14 00:48:08.389 E/eglCodecCommon( 1626): glUtilsParamSize: unknow param 0x00008824
12-14 00:48:08.399 W/ActivityManager( 1626): setHasOverlayUi called on unknown pid: 4446
12-14 00:48:08.400 I/zygote  ( 4555): Not late-enabling -Xcheck:jni (already on)
12-14 00:48:08.406 I/cr_CronetLibraryLoader( 1935): Cronet version: 85.0.4183.127, arch: i686
12-14 00:48:08.415 W/zygote  ( 4555): Unexpected CPU variant for X86 using defaults: x86
12-14 00:48:08.426 E/adbd    ( 1382): failed to connect to socket 'tcp:7102': Connection refused
12-14 00:48:08.436 W/ResourceType( 1935): ResTable_typeSpec entry count inconsistent: given 67, previously 69
12-14 00:48:08.436 W/ResourceType( 1935): ResTable_typeSpec entry count inconsistent: given 5411, previously 5412
12-14 00:48:08.439 E/adbd    ( 1382): failed to connect to socket 'tcp:7102': Connection refused
12-14 00:48:08.464 W/zygote  ( 4555): Found duplicate classes, falling back to extracting from APK : /data/app/com.evancharlton.mileage.test-Lkcdu1Ocs6MUtgGqYbVXQw==/base.apk
12-14 00:48:08.464 W/zygote  ( 4555): NOTE: This wastes RAM and hurts startup performance.
12-14 00:48:08.464 W/zygote  ( 4555): Found duplicated class when checking oat files: 'Ljunit/runner/BaseTestRunner;' in /data/app/com.evancharlton.mileage.test-Lkcdu1Ocs6MUtgGqYbVXQw==/base.apk and /system/framework/android.test.runner.jar
12-14 00:48:08.464 W/zygote  ( 4555): 
12-14 00:48:08.480 I/zygote  ( 1626): NativeAllocBackground concurrent copying GC freed 9087(694KB) AllocSpace objects, 3(76KB) LOS objects, 37% free, 9MB/15MB, paused 2.595ms total 109.599ms
12-14 00:48:08.484 I/zygote  ( 1935): Deoptimizing void cddo.P(int, java.util.List, cdad) due to JIT inline cache
12-14 00:48:08.514 W/System  ( 4555): ClassLoader referenced unknown path: 
12-14 00:48:08.534 I/System.out( 4555): Main activity name automatically set to: com.evancharlton.mileage.Mileage
12-14 00:48:08.535 I/System.out( 4555): Calabash did not load Mono. This is only a problem if you are trying to test a Mono application
12-14 00:48:08.535 I/calabash( 4555): Test server port: 7102
12-14 00:48:08.536 I/InstrumentationBackend( 4555): Added:'GetPreferences', with key:'get_preferences'
12-14 00:48:08.552 E/adbd    ( 1382): failed to connect to socket 'tcp:7102': Connection refused
12-14 00:48:08.554 E/adbd    ( 1382): failed to connect to socket 'tcp:7102': Connection refused
12-14 00:48:08.606 I/InstrumentationBackend( 4555): Added:'SetPreferences', with key:'set_preferences'
12-14 00:48:08.606 I/InstrumentationBackend( 4555): Added:'ClearPreferences', with key:'clear_preferences'
12-14 00:48:08.606 I/InstrumentationBackend( 4555): Added:'PressElement', with key:'press_l10n_element'
12-14 00:48:08.607 I/InstrumentationBackend( 4555): Added:'WaitForElement', with key:'wait_for_l10n_element'
12-14 00:48:08.607 I/InstrumentationBackend( 4555): Added:'NullAction', with key:'nullAction'
12-14 00:48:08.608 I/InstrumentationBackend( 4555): Added:'PressKey', with key:'press_key'
12-14 00:48:08.608 I/InstrumentationBackend( 4555): Added:'SetActivityOrientation', with key:'set_activity_orientation'
12-14 00:48:08.609 I/InstrumentationBackend( 4555): Added:'GetActivityOrientation', with key:'get_activity_orientation'
12-14 00:48:08.610 I/InstrumentationBackend( 4555): Added:'FakeGPSLocation', with key:'set_gps_coordinates'
12-14 00:48:08.610 I/InstrumentationBackend( 4555): Added:'SetPropertyByCssSelector', with key:'set_property_by_css_selector'
12-14 00:48:08.611 I/InstrumentationBackend( 4555): Added:'GetUrl', with key:'get_url'
12-14 00:48:08.614 I/InstrumentationBackend( 4555): Added:'ScrollTo', with key:'scroll_to'
12-14 00:48:08.615 I/InstrumentationBackend( 4555): Added:'GetLoadProgress', with key:'get_load_progress'
12-14 00:48:08.615 I/InstrumentationBackend( 4555): Added:'DumpHtml', with key:'dump_html'
12-14 00:48:08.615 I/InstrumentationBackend( 4555): Added:'DumpBodyHtml', with key:'dump_body_html'
12-14 00:48:08.616 I/InstrumentationBackend( 4555): Added:'EnterTextByCssSelector', with key:'enter_text_by_selector'
12-14 00:48:08.620 I/InstrumentationBackend( 4555): Added:'AndroidSDKVersion', with key:'android_sdk_version'
12-14 00:48:08.620 I/InstrumentationBackend( 4555): Added:'Version', with key:'version'
12-14 00:48:08.620 I/InstrumentationBackend( 4555): Added:'Drag', with key:'drag'
12-14 00:48:08.620 I/InstrumentationBackend( 4555): Added:'TouchCoordinates', with key:'touch_coordinate'
12-14 00:48:08.620 I/InstrumentationBackend( 4555): Added:'LongPressCoordinate', with key:'long_press_coordinate'
12-14 00:48:08.621 I/InstrumentationBackend( 4555): Added:'DragCoordinates', with key:'drag_coordinates'
12-14 00:48:08.621 I/InstrumentationBackend( 4555): Added:'ResumeApplication', with key:'resume_application'
12-14 00:48:08.622 I/InstrumentationBackend( 4555): Added:'Swipe', with key:'swipe'
12-14 00:48:08.622 I/InstrumentationBackend( 4555): Added:'DoubleTapCoordinate', with key:'double_tap_coordinate'
12-14 00:48:08.622 I/InstrumentationBackend( 4555): Added:'ClickOnScreen', with key:'click_on_screen'
12-14 00:48:08.623 I/InstrumentationBackend( 4555): Added:'GetActivityName', with key:'get_activity_name'
12-14 00:48:08.623 I/InstrumentationBackend( 4555): Added:'ScrollToView', with key:'scroll_to_view'
12-14 00:48:08.624 I/InstrumentationBackend( 4555): Added:'ViewConfiguration', with key:'view_configuration'
12-14 00:48:08.624 I/InstrumentationBackend( 4555): Added:'IsCurrentActivityFocused', with key:'is_current_activity_focused'
12-14 00:48:08.624 I/InstrumentationBackend( 4555): Added:'SendTcp', with key:'send_tcp'
12-14 00:48:08.625 I/InstrumentationBackend( 4555): Added:'DpToDevicePixel', with key:'dp_to_device_pixel'
12-14 00:48:08.625 I/InstrumentationBackend( 4555): Added:'KeyboardEnterText', with key:'keyboard_enter_text'
12-14 00:48:08.626 I/InstrumentationBackend( 4555): Added:'DeleteSurroundingText', with key:'delete_surrounding_text'
12-14 00:48:08.626 I/InstrumentationBackend( 4555): Added:'SetComposingRegion', with key:'set_composing_region'
12-14 00:48:08.627 I/InstrumentationBackend( 4555): Added:'SetSelection', with key:'set_selection'
12-14 00:48:08.627 I/InstrumentationBackend( 4555): Added:'KeyboardKeyEvent', with key:'keyboard_key_event'
12-14 00:48:08.627 I/InstrumentationBackend( 4555): Added:'PressUserActionButton', with key:'press_user_action_button'
12-14 00:48:08.630 I/InstrumentationBackend( 4555): Added:'HideSoftKeyboard', with key:'hide_soft_keyboard'
12-14 00:48:08.631 I/InstrumentationBackend( 4555): Added:'ListActions', with key:'list_actions'
12-14 00:48:08.631 I/calabash( 4555): Instantiating http server at 7102
12-14 00:48:08.632 I/System.out( 4555): HTTP Daemon listening on: 7102
12-14 00:48:08.658 I/System.out( 4555): URI: //ping
12-14 00:48:08.659 I/System.out( 4555): params: {json={}
12-14 00:48:08.659 I/System.out( 4555): }
12-14 00:48:08.667 I/System.out( 4555): URI: //ping
12-14 00:48:08.667 I/System.out( 4555): params: {json={}
12-14 00:48:08.667 I/System.out( 4555): }
12-14 00:48:08.673 I/System.out( 4555): URI: //ready
12-14 00:48:08.674 I/System.out( 4555): params: {json={}
12-14 00:48:08.674 I/System.out( 4555): }
12-14 00:48:08.683 I/System.out( 4555): URI: //
12-14 00:48:08.683 I/System.out( 4555): params: {json={"command":"version","arguments":[]}
12-14 00:48:08.683 I/System.out( 4555): }
12-14 00:48:08.683 I/System.out( 4555): header: {content-type=application/json;charset=utf-8, date=Mon, 14 Dec 2020 05:48:09 GMT, accept=*/*, host=127.0.0.1:34777, content-length=36, user-agent=HTTPClient/1.0 (2.8.3, ruby 2.5.8 (2020-03-31))}
12-14 00:48:08.684 I/System.out( 4555): params: {json={"command":"version","arguments":[]}
12-14 00:48:08.684 I/System.out( 4555): }
12-14 00:48:08.684 I/System.out( 4555): ProP json = {"command":"version","arguments":[]}
12-14 00:48:08.684 I/System.out( 4555): files: {}
12-14 00:48:08.684 I/System.out( 4555): command: {"command":"version","arguments":[]}
12-14 00:48:08.716 I/InstrumentationBackend( 4555): Got command:'Command:'Line:null,version', arguments:'[]'
12-14 00:48:08.748 I/System.out( 4555): result:{"bonusInformation":[],"message":"0.9.8","success":true}
12-14 00:48:08.755 I/System.out( 4555): URI: //start-application
12-14 00:48:08.755 I/System.out( 4555): params: {json={"intent":null}
12-14 00:48:08.755 I/System.out( 4555): }
12-14 00:48:08.796 I/ActivityManager( 1626): START u0 {act=android.intent.action.MAIN cat=[android.intent.category.LAUNCHER] flg=0x10200000 cmp=com.evancharlton.mileage/.Mileage} from uid 10246
12-14 00:48:08.809 I/calabash( 4555): newActivity1
12-14 00:48:08.834 W/ActivityManager( 1626): Bad activity token: android.os.BinderProxy@416d0f7
12-14 00:48:08.834 W/ActivityManager( 1626): java.lang.ClassCastException: android.os.BinderProxy cannot be cast to com.android.server.am.ActivityRecord$Token
12-14 00:48:08.834 W/ActivityManager( 1626): 	at com.android.server.am.ActivityRecord.forTokenLocked(ActivityRecord.java:778)
12-14 00:48:08.834 W/ActivityManager( 1626): 	at com.android.server.am.ActivityRecord.isInStackLocked(ActivityRecord.java:2085)
12-14 00:48:08.834 W/ActivityManager( 1626): 	at com.android.server.am.ActivityRecord.getStackLocked(ActivityRecord.java:2090)
12-14 00:48:08.834 W/ActivityManager( 1626): 	at com.android.server.am.ActivityManagerService.getActivityDisplayId(ActivityManagerService.java:10406)
12-14 00:48:08.834 W/ActivityManager( 1626): 	at android.app.IActivityManager$Stub.onTransact(IActivityManager.java:2738)
12-14 00:48:08.834 W/ActivityManager( 1626): 	at com.android.server.am.ActivityManagerService.onTransact(ActivityManagerService.java:2935)
12-14 00:48:08.834 W/ActivityManager( 1626): 	at android.os.Binder.execTransact(Binder.java:674)
12-14 00:48:08.835 I/calabash( 4555): newActivity1
12-14 00:48:08.839 D/gralloc_ranchu( 1394): gralloc_alloc: Creating ashmem region of size 7753728
12-14 00:48:08.844 W/ActivityManager( 1626): Bad activity token: android.os.BinderProxy@416d0f7
12-14 00:48:08.844 W/ActivityManager( 1626): java.lang.ClassCastException: android.os.BinderProxy cannot be cast to com.android.server.am.ActivityRecord$Token
12-14 00:48:08.844 W/ActivityManager( 1626): 	at com.android.server.am.ActivityRecord.forTokenLocked(ActivityRecord.java:778)
12-14 00:48:08.844 W/ActivityManager( 1626): 	at com.android.server.am.ActivityRecord.isInStackLocked(ActivityRecord.java:2085)
12-14 00:48:08.844 W/ActivityManager( 1626): 	at com.android.server.am.ActivityManagerService.setTaskDescription(ActivityManagerService.java:9988)
12-14 00:48:08.844 W/ActivityManager( 1626): 	at android.app.IActivityManager$Stub.onTransact(IActivityManager.java:2824)
12-14 00:48:08.844 W/ActivityManager( 1626): 	at com.android.server.am.ActivityManagerService.onTransact(ActivityManagerService.java:2935)
12-14 00:48:08.844 W/ActivityManager( 1626): 	at android.os.Binder.execTransact(Binder.java:674)
12-14 00:48:08.852 W/ActivityManager( 1626): Bad activity token: android.os.BinderProxy@416d0f7
12-14 00:48:08.852 W/ActivityManager( 1626): java.lang.ClassCastException: android.os.BinderProxy cannot be cast to com.android.server.am.ActivityRecord$Token
12-14 00:48:08.852 W/ActivityManager( 1626): 	at com.android.server.am.ActivityRecord.forTokenLocked(ActivityRecord.java:778)
12-14 00:48:08.852 W/ActivityManager( 1626): 	at com.android.server.am.ActivityRecord.isInStackLocked(ActivityRecord.java:2085)
12-14 00:48:08.852 W/ActivityManager( 1626): 	at com.android.server.am.ActivityRecord.getStackLocked(ActivityRecord.java:2090)
12-14 00:48:08.852 W/ActivityManager( 1626): 	at com.android.server.am.ActivityManagerService.getActivityStackId(ActivityManagerService.java:10417)
12-14 00:48:08.852 W/ActivityManager( 1626): 	at android.app.IActivityManager$Stub.onTransact(IActivityManager.java:3548)
12-14 00:48:08.852 W/ActivityManager( 1626): 	at com.android.server.am.ActivityManagerService.onTransact(ActivityManagerService.java:2935)
12-14 00:48:08.852 W/ActivityManager( 1626): 	at android.os.Binder.execTransact(Binder.java:674)
12-14 00:48:08.893 D/EGL_emulation( 2206): eglMakeCurrent: 0xa29058a0: ver 3 0 (tinfo 0xa29036b0)
12-14 00:48:08.901 V/StatusBar( 1724): setLightsOn(true)
12-14 00:48:08.902 D/EGL_emulation( 2176): eglMakeCurrent: 0x9ff47ce0: ver 3 0 (tinfo 0xa00ffb50)
12-14 00:48:08.922 D/EGL_emulation( 1724): eglMakeCurrent: 0x8ed54100: ver 3 0 (tinfo 0x9e17fb70)
12-14 00:48:08.933 I/chatty  ( 1724): uid=10028(u0_a28) RenderThread identical 1 line
12-14 00:48:08.940 D/EGL_emulation( 1724): eglMakeCurrent: 0x8ed54100: ver 3 0 (tinfo 0x9e17fb70)
12-14 00:48:08.941 V/StatusBar( 1724): setLightsOn(true)
12-14 00:48:08.947 E/ContentStoreEUAS( 2206): Failed to commit the deferred actions
12-14 00:48:08.953 D/EGL_emulation( 1724): eglMakeCurrent: 0x8ed54100: ver 3 0 (tinfo 0x9e17fb70)
12-14 00:48:09.018 W/ActivityManager( 1626): Bad activity token: android.os.BinderProxy@416d0f7
12-14 00:48:09.018 W/ActivityManager( 1626): java.lang.ClassCastException: android.os.BinderProxy cannot be cast to com.android.server.am.ActivityRecord$Token
12-14 00:48:09.018 W/ActivityManager( 1626): 	at com.android.server.am.ActivityRecord.forTokenLocked(ActivityRecord.java:778)
12-14 00:48:09.018 W/ActivityManager( 1626): 	at com.android.server.am.ActivityRecord.isInStackLocked(ActivityRecord.java:2085)
12-14 00:48:09.018 W/ActivityManager( 1626): 	at com.android.server.am.ActivityManagerService.getActivityOptions(ActivityManagerService.java:13302)
12-14 00:48:09.018 W/ActivityManager( 1626): 	at android.app.IActivityManager$Stub.onTransact(IActivityManager.java:2910)
12-14 00:48:09.018 W/ActivityManager( 1626): 	at com.android.server.am.ActivityManagerService.onTransact(ActivityManagerService.java:2935)
12-14 00:48:09.018 W/ActivityManager( 1626): 	at android.os.Binder.execTransact(Binder.java:674)
12-14 00:48:09.019 W/ActivityManager( 1626): Bad activity token: android.os.BinderProxy@416d0f7
12-14 00:48:09.019 W/ActivityManager( 1626): java.lang.ClassCastException: android.os.BinderProxy cannot be cast to com.android.server.am.ActivityRecord$Token
12-14 00:48:09.019 W/ActivityManager( 1626): 	at com.android.server.am.ActivityRecord.forTokenLocked(ActivityRecord.java:778)
12-14 00:48:09.019 W/ActivityManager( 1626): 	at com.android.server.am.ActivityRecord.isInStackLocked(ActivityRecord.java:2085)
12-14 00:48:09.019 W/ActivityManager( 1626): 	at com.android.server.am.ActivityManagerService.getActivityOptions(ActivityManagerService.java:13302)
12-14 00:48:09.019 W/ActivityManager( 1626): 	at android.app.IActivityManager$Stub.onTransact(IActivityManager.java:2910)
12-14 00:48:09.019 W/ActivityManager( 1626): 	at com.android.server.am.ActivityManagerService.onTransact(ActivityManagerService.java:2935)
12-14 00:48:09.019 W/ActivityManager( 1626): 	at android.os.Binder.execTransact(Binder.java:674)
12-14 00:48:09.114 I/chatty  ( 1724): uid=10028(u0_a28) RenderThread identical 17 lines
12-14 00:48:09.124 D/EGL_emulation( 1724): eglMakeCurrent: 0x8ed54100: ver 3 0 (tinfo 0x9e17fb70)
12-14 00:48:09.125 V/StatusBar( 1724): setLightsOn(true)
12-14 00:48:09.138 D/EGL_emulation( 1724): eglMakeCurrent: 0x8ed54100: ver 3 0 (tinfo 0x9e17fb70)
12-14 00:48:09.143 D/EGL_emulation( 1724): eglMakeCurrent: 0x8ed54100: ver 3 0 (tinfo 0x9e17fb70)
12-14 00:48:09.187 V/StatusBar( 1724): setLightsOn(true)
12-14 00:48:09.199 V/StatusBar( 1724): setLightsOn(true)
12-14 00:48:09.220 I/zygote  ( 4555): Do partial code cache collection, code=28KB, data=30KB
12-14 00:48:09.223 I/zygote  ( 4555): After code cache collection, code=28KB, data=30KB
12-14 00:48:09.223 I/zygote  ( 4555): Increasing code cache capacity to 128KB
12-14 00:48:09.224 I/zygote  ( 4555): Do partial code cache collection, code=28KB, data=48KB
12-14 00:48:09.224 I/zygote  ( 4555): After code cache collection, code=28KB, data=48KB
12-14 00:48:09.224 I/zygote  ( 4555): Increasing code cache capacity to 256KB
12-14 00:48:09.225 I/zygote  ( 4555): JIT allocated 71KB for compiled code of void android.widget.TextView.<init>(android.content.Context, android.util.AttributeSet, int, int)
12-14 00:48:09.225 I/zygote  ( 4555): Compiler allocated 4MB to compile void android.widget.TextView.<init>(android.content.Context, android.util.AttributeSet, int, int)
12-14 00:48:09.261 D/gralloc_ranchu( 1394): gralloc_alloc: Creating ashmem region of size 7753728
12-14 00:48:09.322 V/StatusBar( 1724): setLightsOn(true)
12-14 00:48:09.331 D/        ( 4555): HostConnection::get() New Host Connection established 0x9fd30d40, tid 4555
12-14 00:48:09.402 V/StatusBar( 1724): setLightsOn(true)
12-14 00:48:09.403 V/StatusBar( 1724): setLightsOn(true)
12-14 00:48:09.405 I/ActivityManager( 1626): Displayed com.evancharlton.mileage/.Mileage: +599ms
12-14 00:48:09.408 V/StatusBar( 1724): setLightsOn(true)
12-14 00:48:09.418 V/StatusBar( 1724): setLightsOn(true)
12-14 00:48:09.443 D/gralloc_ranchu( 1394): gralloc_alloc: Creating ashmem region of size 7753728
12-14 00:48:09.618 V/StatusBar( 1724): setLightsOn(true)
12-14 00:48:09.640 I/chatty  ( 1724): uid=10028(u0_a28) com.android.systemui identical 1 line
12-14 00:48:09.642 V/StatusBar( 1724): setLightsOn(true)
12-14 00:48:09.648 I/zygote  ( 1935): Deoptimizing boolean cczs.U(int) due to JIT inline cache
12-14 00:48:09.655 W/SurfaceFlinger( 1411): couldn't log to binary event log: overflow.
12-14 00:48:09.659 V/StatusBar( 1724): setLightsOn(true)
12-14 00:48:09.674 I/System.out( 4555): URI: //gesture
12-14 00:48:09.674 I/System.out( 4555): params: {json={"query_timeout":5.0,"gestures":[{"query_string":"android.widget.TabWidget descendant TextView index:1","touches":[{"x":50,"y":50,"offset_x":0,"offset_y":0,"wait":0.0,"time":0.2,"release":true,"query_string":null}]}]}
12-14 00:48:09.674 I/System.out( 4555): }
12-14 00:48:09.692 I/zygote  ( 4555): Do full code cache collection, code=125KB, data=72KB
12-14 00:48:09.693 I/zygote  ( 4555): After code cache collection, code=112KB, data=47KB
12-14 00:48:09.735 I/PBSessionCacheImpl( 2206): Deleted sessionId[5376198434285] from persistence.
12-14 00:48:09.740 E/CCTFlatFileLogStore( 1935): Can't get boot count and uptime from log event.
12-14 00:48:09.740 E/CCTFlatFileLogStore( 1935): cdbx: While parsing a protocol message, the input ended unexpectedly in the middle of a field.  This could mean either that the input has been truncated or that an embedded message misreported its own length.
12-14 00:48:09.740 E/CCTFlatFileLogStore( 1935): 	at cczs.T(:com.google.android.gms@204713022@20.47.13 (040700-344095733):3)
12-14 00:48:09.740 E/CCTFlatFileLogStore( 1935): 	at cczs.G(:com.google.android.gms@204713022@20.47.13 (040700-344095733):1)
12-14 00:48:09.740 E/CCTFlatFileLogStore( 1935): 	at cczs.y(:com.google.android.gms@204713022@20.47.13 (040700-344095733):1)
12-14 00:48:09.740 E/CCTFlatFileLogStore( 1935): 	at cczs.w(:com.google.android.gms@204713022@20.47.13 (040700-344095733):7)
12-14 00:48:09.740 E/CCTFlatFileLogStore( 1935): 	at cczs.q(:com.google.android.gms@204713022@20.47.13 (040700-344095733):0)
12-14 00:48:09.740 E/CCTFlatFileLogStore( 1935): 	at ryj.c(:com.google.android.gms@204713022@20.47.13 (040700-344095733):2)
12-14 00:48:09.740 E/CCTFlatFileLogStore( 1935): 	at ryh.a(:com.google.android.gms@204713022@20.47.13 (040700-344095733):9)
12-14 00:48:09.740 E/CCTFlatFileLogStore( 1935): 	at com.google.android.gms.clearcut.uploader.QosUploaderChimeraService.e(:com.google.android.gms@204713022@20.47.13 (040700-344095733):33)
12-14 00:48:09.740 E/CCTFlatFileLogStore( 1935): 	at com.google.android.gms.clearcut.uploader.QosUploaderChimeraService.a(:com.google.android.gms@204713022@20.47.13 (040700-344095733):2)
12-14 00:48:09.740 E/CCTFlatFileLogStore( 1935): 	at afut.call(Unknown Source:4)
12-14 00:48:09.740 E/CCTFlatFileLogStore( 1935): 	at java.util.concurrent.FutureTask.run(FutureTask.java:266)
12-14 00:48:09.740 E/CCTFlatFileLogStore( 1935): 	at tma.c(:com.google.android.gms@204713022@20.47.13 (040700-344095733):6)
12-14 00:48:09.740 E/CCTFlatFileLogStore( 1935): 	at tma.run(:com.google.android.gms@204713022@20.47.13 (040700-344095733):7)
12-14 00:48:09.740 E/CCTFlatFileLogStore( 1935): 	at java.util.concurrent.ThreadPoolExecutor.runWorker(ThreadPoolExecutor.java:1162)
12-14 00:48:09.740 E/CCTFlatFileLogStore( 1935): 	at java.util.concurrent.ThreadPoolExecutor$Worker.run(ThreadPoolExecutor.java:636)
12-14 00:48:09.740 E/CCTFlatFileLogStore( 1935): 	at trx.run(:com.google.android.gms@204713022@20.47.13 (040700-344095733):0)
12-14 00:48:09.740 E/CCTFlatFileLogStore( 1935): 	at java.lang.Thread.run(Thread.java:764)
12-14 00:48:09.743 I/chatty  ( 1935): uid=10011(u0_a11) lowpool[5] identical 6 lines
12-14 00:48:09.744 E/CCTFlatFileLogStore( 1935): Can't get boot count and uptime from log event.
12-14 00:48:09.744 E/CCTFlatFileLogStore( 1935): cdbx: While parsing a protocol message, the input ended unexpectedly in the middle of a field.  This could mean either that the input has been truncated or that an embedded message misreported its own length.
12-14 00:48:09.744 E/CCTFlatFileLogStore( 1935): 	at cczs.T(:com.google.android.gms@204713022@20.47.13 (040700-344095733):3)
12-14 00:48:09.744 E/CCTFlatFileLogStore( 1935): 	at cczs.G(:com.google.android.gms@204713022@20.47.13 (040700-344095733):1)
12-14 00:48:09.744 E/CCTFlatFileLogStore( 1935): 	at cczs.y(:com.google.android.gms@204713022@20.47.13 (040700-344095733):1)
12-14 00:48:09.744 E/CCTFlatFileLogStore( 1935): 	at cczs.w(:com.google.android.gms@204713022@20.47.13 (040700-344095733):7)
12-14 00:48:09.744 E/CCTFlatFileLogStore( 1935): 	at cczs.q(:com.google.android.gms@204713022@20.47.13 (040700-344095733):0)
12-14 00:48:09.744 E/CCTFlatFileLogStore( 1935): 	at ryj.c(:com.google.android.gms@204713022@20.47.13 (040700-344095733):2)
12-14 00:48:09.744 E/CCTFlatFileLogStore( 1935): 	at ryh.a(:com.google.android.gms@204713022@20.47.13 (040700-344095733):9)
12-14 00:48:09.744 E/CCTFlatFileLogStore( 1935): 	at com.google.android.gms.clearcut.uploader.QosUploaderChimeraService.e(:com.google.android.gms@204713022@20.47.13 (040700-344095733):33)
12-14 00:48:09.744 E/CCTFlatFileLogStore( 1935): 	at com.google.android.gms.clearcut.uploader.QosUploaderChimeraService.a(:com.google.android.gms@204713022@20.47.13 (040700-344095733):2)
12-14 00:48:09.744 E/CCTFlatFileLogStore( 1935): 	at afut.call(Unknown Source:4)
12-14 00:48:09.744 E/CCTFlatFileLogStore( 1935): 	at java.util.concurrent.FutureTask.run(FutureTask.java:266)
12-14 00:48:09.744 E/CCTFlatFileLogStore( 1935): 	at tma.c(:com.google.android.gms@204713022@20.47.13 (040700-344095733):6)
12-14 00:48:09.744 E/CCTFlatFileLogStore( 1935): 	at tma.run(:com.google.android.gms@204713022@20.47.13 (040700-344095733):7)
12-14 00:48:09.744 E/CCTFlatFileLogStore( 1935): 	at java.util.concurrent.ThreadPoolExecutor.runWorker(ThreadPoolExecutor.java:1162)
12-14 00:48:09.744 E/CCTFlatFileLogStore( 1935): 	at java.util.concurrent.ThreadPoolExecutor$Worker.run(ThreadPoolExecutor.java:636)
12-14 00:48:09.744 E/CCTFlatFileLogStore( 1935): 	at trx.run(:com.google.android.gms@204713022@20.47.13 (040700-344095733):0)
12-14 00:48:09.744 E/CCTFlatFileLogStore( 1935): 	at java.lang.Thread.run(Thread.java:764)
12-14 00:48:09.758 W/SearchService( 2206): Abort, client detached.
12-14 00:48:09.824 I/zygote  ( 1935): Deoptimizing cczp cczp.E(cczp) due to JIT inline cache
12-14 00:48:09.824 I/zygote  ( 1935): Deoptimizing void cddm.<init>(cczp, cczp) due to JIT inline cache
12-14 00:48:10.031 I/zygote  ( 4555): Do partial code cache collection, code=118KB, data=55KB
12-14 00:48:10.032 I/zygote  ( 4555): After code cache collection, code=118KB, data=55KB
12-14 00:48:10.032 I/zygote  ( 4555): Increasing code cache capacity to 512KB
12-14 00:48:10.039 W/ActivityManager( 1626): Bad activity token: android.os.BinderProxy@f533b39
12-14 00:48:10.039 W/ActivityManager( 1626): java.lang.ClassCastException: android.os.BinderProxy cannot be cast to com.android.server.am.ActivityRecord$Token
12-14 00:48:10.039 W/ActivityManager( 1626): 	at com.android.server.am.ActivityRecord.forTokenLocked(ActivityRecord.java:778)
12-14 00:48:10.039 W/ActivityManager( 1626): 	at com.android.server.am.ActivityRecord.isInStackLocked(ActivityRecord.java:2085)
12-14 00:48:10.039 W/ActivityManager( 1626): 	at com.android.server.am.ActivityRecord.getStackLocked(ActivityRecord.java:2090)
12-14 00:48:10.039 W/ActivityManager( 1626): 	at com.android.server.am.ActivityManagerService.getActivityDisplayId(ActivityManagerService.java:10406)
12-14 00:48:10.039 W/ActivityManager( 1626): 	at android.app.IActivityManager$Stub.onTransact(IActivityManager.java:2738)
12-14 00:48:10.039 W/ActivityManager( 1626): 	at com.android.server.am.ActivityManagerService.onTransact(ActivityManagerService.java:2935)
12-14 00:48:10.039 W/ActivityManager( 1626): 	at android.os.Binder.execTransact(Binder.java:674)
12-14 00:48:10.039 W/audio_hw_generic( 1388): Not supplying enough data to HAL, expected position 596282 , only wrote 596160
12-14 00:48:10.040 I/calabash( 4555): newActivity1
12-14 00:48:10.042 W/ActivityManager( 1626): Bad activity token: android.os.BinderProxy@f533b39
12-14 00:48:10.042 W/ActivityManager( 1626): java.lang.ClassCastException: android.os.BinderProxy cannot be cast to com.android.server.am.ActivityRecord$Token
12-14 00:48:10.042 W/ActivityManager( 1626): 	at com.android.server.am.ActivityRecord.forTokenLocked(ActivityRecord.java:778)
12-14 00:48:10.042 W/ActivityManager( 1626): 	at com.android.server.am.ActivityRecord.isInStackLocked(ActivityRecord.java:2085)
12-14 00:48:10.042 W/ActivityManager( 1626): 	at com.android.server.am.ActivityManagerService.setTaskDescription(ActivityManagerService.java:9988)
12-14 00:48:10.042 W/ActivityManager( 1626): 	at android.app.IActivityManager$Stub.onTransact(IActivityManager.java:2824)
12-14 00:48:10.042 W/ActivityManager( 1626): 	at com.android.server.am.ActivityManagerService.onTransact(ActivityManagerService.java:2935)
12-14 00:48:10.042 W/ActivityManager( 1626): 	at android.os.Binder.execTransact(Binder.java:674)
12-14 00:48:10.043 W/ActivityManager( 1626): Bad activity token: android.os.BinderProxy@f533b39
12-14 00:48:10.043 W/ActivityManager( 1626): java.lang.ClassCastException: android.os.BinderProxy cannot be cast to com.android.server.am.ActivityRecord$Token
12-14 00:48:10.043 W/ActivityManager( 1626): 	at com.android.server.am.ActivityRecord.forTokenLocked(ActivityRecord.java:778)
12-14 00:48:10.043 W/ActivityManager( 1626): 	at com.android.server.am.ActivityRecord.isInStackLocked(ActivityRecord.java:2085)
12-14 00:48:10.043 W/ActivityManager( 1626): 	at com.android.server.am.ActivityRecord.getStackLocked(ActivityRecord.java:2090)
12-14 00:48:10.043 W/ActivityManager( 1626): 	at com.android.server.am.ActivityManagerService.getActivityStackId(ActivityManagerService.java:10417)
12-14 00:48:10.043 W/ActivityManager( 1626): 	at android.app.IActivityManager$Stub.onTransact(IActivityManager.java:3548)
12-14 00:48:10.043 W/ActivityManager( 1626): 	at com.android.server.am.ActivityManagerService.onTransact(ActivityManagerService.java:2935)
12-14 00:48:10.043 W/ActivityManager( 1626): 	at android.os.Binder.execTransact(Binder.java:674)
12-14 00:48:10.109 W/ActivityManager( 1626): Bad activity token: android.os.BinderProxy@f533b39
12-14 00:48:10.109 W/ActivityManager( 1626): java.lang.ClassCastException: android.os.BinderProxy cannot be cast to com.android.server.am.ActivityRecord$Token
12-14 00:48:10.109 W/ActivityManager( 1626): 	at com.android.server.am.ActivityRecord.forTokenLocked(ActivityRecord.java:778)
12-14 00:48:10.109 W/ActivityManager( 1626): 	at com.android.server.am.ActivityRecord.isInStackLocked(ActivityRecord.java:2085)
12-14 00:48:10.109 W/ActivityManager( 1626): 	at com.android.server.am.ActivityManagerService.getActivityOptions(ActivityManagerService.java:13302)
12-14 00:48:10.109 W/ActivityManager( 1626): 	at android.app.IActivityManager$Stub.onTransact(IActivityManager.java:2910)
12-14 00:48:10.109 W/ActivityManager( 1626): 	at com.android.server.am.ActivityManagerService.onTransact(ActivityManagerService.java:2935)
12-14 00:48:10.109 W/ActivityManager( 1626): 	at android.os.Binder.execTransact(Binder.java:674)
12-14 00:48:10.110 W/ActivityManager( 1626): Bad activity token: android.os.BinderProxy@f533b39
12-14 00:48:10.110 W/ActivityManager( 1626): java.lang.ClassCastException: android.os.BinderProxy cannot be cast to com.android.server.am.ActivityRecord$Token
12-14 00:48:10.110 W/ActivityManager( 1626): 	at com.android.server.am.ActivityRecord.forTokenLocked(ActivityRecord.java:778)
12-14 00:48:10.110 W/ActivityManager( 1626): 	at com.android.server.am.ActivityRecord.isInStackLocked(ActivityRecord.java:2085)
12-14 00:48:10.110 W/ActivityManager( 1626): 	at com.android.server.am.ActivityManagerService.getActivityOptions(ActivityManagerService.java:13302)
12-14 00:48:10.110 W/ActivityManager( 1626): 	at android.app.IActivityManager$Stub.onTransact(IActivityManager.java:2910)
12-14 00:48:10.110 W/ActivityManager( 1626): 	at com.android.server.am.ActivityManagerService.onTransact(ActivityManagerService.java:2935)
12-14 00:48:10.110 W/ActivityManager( 1626): 	at android.os.Binder.execTransact(Binder.java:674)
12-14 00:48:10.134 I/zygote  ( 1935): Deoptimizing void cczm.m(cczd) due to JIT inline cache
12-14 00:48:10.183 D/gralloc_ranchu( 1394): gralloc_alloc: Creating ashmem region of size 7753728
12-14 00:48:10.191 D/Mileage ( 4555): Not enough fillups to calculate economy
12-14 00:48:10.385 E/SurfaceFlinger( 1411): ro.sf.lcd_density must be defined as a build property
12-14 00:48:10.394 D/gralloc_ranchu( 1394): gralloc_alloc: Creating ashmem region of size 8298496
12-14 00:48:10.414 D/        ( 4604): HostConnection::get() New Host Connection established 0xb692f800, tid 4604
12-14 00:48:10.742 I/System.out( 4555): URI: //gesture
12-14 00:48:10.742 I/System.out( 4555): params: {json={"query_timeout":5.0,"gestures":[{"query_string":"android.widget.TabWidget descendant TextView index:3","touches":[{"x":50,"y":50,"offset_x":0,"offset_y":0,"wait":0.0,"time":0.2,"release":true,"query_string":null}]}]}
12-14 00:48:10.742 I/System.out( 4555): }
12-14 00:48:11.017 W/ActivityManager( 1626): Bad activity token: android.os.BinderProxy@810caad
12-14 00:48:11.017 W/ActivityManager( 1626): java.lang.ClassCastException: android.os.BinderProxy cannot be cast to com.android.server.am.ActivityRecord$Token
12-14 00:48:11.017 W/ActivityManager( 1626): 	at com.android.server.am.ActivityRecord.forTokenLocked(ActivityRecord.java:778)
12-14 00:48:11.017 W/ActivityManager( 1626): 	at com.android.server.am.ActivityRecord.isInStackLocked(ActivityRecord.java:2085)
12-14 00:48:11.017 W/ActivityManager( 1626): 	at com.android.server.am.ActivityRecord.getStackLocked(ActivityRecord.java:2090)
12-14 00:48:11.017 W/ActivityManager( 1626): 	at com.android.server.am.ActivityManagerService.getActivityDisplayId(ActivityManagerService.java:10406)
12-14 00:48:11.017 W/ActivityManager( 1626): 	at android.app.IActivityManager$Stub.onTransact(IActivityManager.java:2738)
12-14 00:48:11.017 W/ActivityManager( 1626): 	at com.android.server.am.ActivityManagerService.onTransact(ActivityManagerService.java:2935)
12-14 00:48:11.017 W/ActivityManager( 1626): 	at android.os.Binder.execTransact(Binder.java:674)
12-14 00:48:11.019 I/calabash( 4555): newActivity1
12-14 00:48:11.023 W/ActivityManager( 1626): Bad activity token: android.os.BinderProxy@810caad
12-14 00:48:11.023 W/ActivityManager( 1626): java.lang.ClassCastException: android.os.BinderProxy cannot be cast to com.android.server.am.ActivityRecord$Token
12-14 00:48:11.023 W/ActivityManager( 1626): 	at com.android.server.am.ActivityRecord.forTokenLocked(ActivityRecord.java:778)
12-14 00:48:11.023 W/ActivityManager( 1626): 	at com.android.server.am.ActivityRecord.isInStackLocked(ActivityRecord.java:2085)
12-14 00:48:11.023 W/ActivityManager( 1626): 	at com.android.server.am.ActivityManagerService.setTaskDescription(ActivityManagerService.java:9988)
12-14 00:48:11.023 W/ActivityManager( 1626): 	at android.app.IActivityManager$Stub.onTransact(IActivityManager.java:2824)
12-14 00:48:11.023 W/ActivityManager( 1626): 	at com.android.server.am.ActivityManagerService.onTransact(ActivityManagerService.java:2935)
12-14 00:48:11.023 W/ActivityManager( 1626): 	at android.os.Binder.execTransact(Binder.java:674)
12-14 00:48:11.025 W/ActivityManager( 1626): Bad activity token: android.os.BinderProxy@810caad
12-14 00:48:11.025 W/ActivityManager( 1626): java.lang.ClassCastException: android.os.BinderProxy cannot be cast to com.android.server.am.ActivityRecord$Token
12-14 00:48:11.025 W/ActivityManager( 1626): 	at com.android.server.am.ActivityRecord.forTokenLocked(ActivityRecord.java:778)
12-14 00:48:11.025 W/ActivityManager( 1626): 	at com.android.server.am.ActivityRecord.isInStackLocked(ActivityRecord.java:2085)
12-14 00:48:11.025 W/ActivityManager( 1626): 	at com.android.server.am.ActivityRecord.getStackLocked(ActivityRecord.java:2090)
12-14 00:48:11.025 W/ActivityManager( 1626): 	at com.android.server.am.ActivityManagerService.getActivityStackId(ActivityManagerService.java:10417)
12-14 00:48:11.025 W/ActivityManager( 1626): 	at android.app.IActivityManager$Stub.onTransact(IActivityManager.java:3548)
12-14 00:48:11.025 W/ActivityManager( 1626): 	at com.android.server.am.ActivityManagerService.onTransact(ActivityManagerService.java:2935)
12-14 00:48:11.025 W/ActivityManager( 1626): 	at android.os.Binder.execTransact(Binder.java:674)
12-14 00:48:11.032 W/ActivityManager( 1626): Bad activity token: android.os.BinderProxy@810caad
12-14 00:48:11.032 W/ActivityManager( 1626): java.lang.ClassCastException: android.os.BinderProxy cannot be cast to com.android.server.am.ActivityRecord$Token
12-14 00:48:11.032 W/ActivityManager( 1626): 	at com.android.server.am.ActivityRecord.forTokenLocked(ActivityRecord.java:778)
12-14 00:48:11.032 W/ActivityManager( 1626): 	at com.android.server.am.ActivityRecord.isInStackLocked(ActivityRecord.java:2085)
12-14 00:48:11.032 W/ActivityManager( 1626): 	at com.android.server.am.ActivityManagerService.getActivityOptions(ActivityManagerService.java:13302)
12-14 00:48:11.032 W/ActivityManager( 1626): 	at android.app.IActivityManager$Stub.onTransact(IActivityManager.java:2910)
12-14 00:48:11.032 W/ActivityManager( 1626): 	at com.android.server.am.ActivityManagerService.onTransact(ActivityManagerService.java:2935)
12-14 00:48:11.032 W/ActivityManager( 1626): 	at android.os.Binder.execTransact(Binder.java:674)
12-14 00:48:11.032 W/ActivityManager( 1626): Bad activity token: android.os.BinderProxy@810caad
12-14 00:48:11.032 W/ActivityManager( 1626): java.lang.ClassCastException: android.os.BinderProxy cannot be cast to com.android.server.am.ActivityRecord$Token
12-14 00:48:11.032 W/ActivityManager( 1626): 	at com.android.server.am.ActivityRecord.forTokenLocked(ActivityRecord.java:778)
12-14 00:48:11.032 W/ActivityManager( 1626): 	at com.android.server.am.ActivityRecord.isInStackLocked(ActivityRecord.java:2085)
12-14 00:48:11.032 W/ActivityManager( 1626): 	at com.android.server.am.ActivityManagerService.getActivityOptions(ActivityManagerService.java:13302)
12-14 00:48:11.032 W/ActivityManager( 1626): 	at android.app.IActivityManager$Stub.onTransact(IActivityManager.java:2910)
12-14 00:48:11.032 W/ActivityManager( 1626): 	at com.android.server.am.ActivityManagerService.onTransact(ActivityManagerService.java:2935)
12-14 00:48:11.032 W/ActivityManager( 1626): 	at android.os.Binder.execTransact(Binder.java:674)
12-14 00:48:11.233 E/SurfaceFlinger( 1411): ro.sf.lcd_density must be defined as a build property
12-14 00:48:11.239 D/gralloc_ranchu( 1394): gralloc_alloc: Creating ashmem region of size 8298496
12-14 00:48:11.249 D/        ( 4610): HostConnection::get() New Host Connection established 0xb652f800, tid 4610
12-14 00:48:11.584 I/System.out( 4555): URI: //gesture
