--------- beginning of main
12-14 00:47:33.103 I/qemu-props( 1408): start adbd ...
12-14 00:47:33.191 I/System.out( 3999): URI: //kill
12-14 00:47:33.191 I/System.out( 3999): params: {json={}
12-14 00:47:33.191 I/System.out( 3999): }
12-14 00:47:33.192 I/System.out( 3999): Stopping test server
12-14 00:47:33.212 E/adbd    ( 1382): failed to connect to socket 'tcp:7102': Connection refused
12-14 00:47:33.215 E/adbd    ( 1382): failed to connect to socket 'tcp:7102': Connection refused
12-14 00:47:33.296 V/StatusBar( 1724): setLightsOn(true)
12-14 00:47:33.302 D/hwcomposer( 1395): hw_composer sent 56 syncs in 60s
12-14 00:47:33.303 V/StatusBar( 1724): setLightsOn(true)
12-14 00:47:33.311 D/gralloc_ranchu( 1394): gralloc_alloc: Creating ashmem region of size 8298496
12-14 00:47:33.316 E/memtrack( 1626): Couldn't load memtrack module
12-14 00:47:33.316 W/android.os.Debug( 1626): failed to get memory consumption info: -1
12-14 00:47:33.317 V/StatusBar( 1724): setLightsOn(true)
12-14 00:47:33.318 V/StatusBar( 1724): setLightsOn(true)
12-14 00:47:33.326 D/gralloc_ranchu( 1394): gralloc_alloc: Creating ashmem region of size 8298496
12-14 00:47:33.328 V/StatusBar( 1724): setLightsOn(true)
12-14 00:47:33.351 D/gralloc_ranchu( 1394): gralloc_alloc: Creating ashmem region of size 8298496
12-14 00:47:33.353 D/SurfaceFlinger( 1411): duplicate layer name: changing com.google.android.apps.nexuslauncher/com.google.android.apps.nexuslauncher.NexusLauncherActivity to com.google.android.apps.nexuslauncher/com.google.android.apps.nexuslauncher.NexusLauncherActivity#1
12-14 00:47:33.370 D/gralloc_ranchu( 1394): gralloc_alloc: Creating ashmem region of size 8298496
12-14 00:47:33.391 D/EGL_emulation( 1724): eglMakeCurrent: 0x8ed54100: ver 3 0 (tinfo 0x9e17fb70)
12-14 00:47:33.398 D/gralloc_ranchu( 1394): gralloc_alloc: Creating ashmem region of size 8298496
12-14 00:47:33.423 D/EGL_emulation( 2206): eglMakeCurrent: 0xa29058a0: ver 3 0 (tinfo 0xa29036b0)
12-14 00:47:33.434 D/gralloc_ranchu( 1394): gralloc_alloc: Creating ashmem region of size 8298496
12-14 00:47:33.516 W/SessionLifecycleManager( 2206): Handover failed. Creating new session controller.
12-14 00:47:33.541 D/EGL_emulation( 2176): eglMakeCurrent: 0x9ff47ce0: ver 3 0 (tinfo 0xa00ffb50)
12-14 00:47:33.569 I/MicroDetectionWorker( 2206): #updateMicroDetector [detectionMode: [mDetectionMode: [1]]]
12-14 00:47:33.569 I/MicroDetectionWorker( 2206): #startMicroDetector [speakerMode: 0]
12-14 00:47:33.570 I/AudioController( 2206): Using mInputStreamFactoryBuilder
12-14 00:47:33.572 I/MicroDetectionWorker( 2206): onReady
12-14 00:47:33.575 I/MicroRecognitionRunner( 2206): Starting detection.
12-14 00:47:33.576 I/MicrophoneInputStream( 2206): mic_starting com.google.android.apps.gsa.staticplugins.aa.c@7e0f49d
12-14 00:47:33.582 I/AudioFlinger( 1474): AudioFlinger's thread 0xaf383780 tid=4083 ready to run
12-14 00:47:33.583 D/gralloc_ranchu( 1394): gralloc_alloc: Creating ashmem region of size 7753728
12-14 00:47:33.585 I/MicrophoneInputStream( 2206): mic_started com.google.android.apps.gsa.staticplugins.aa.c@7e0f49d
12-14 00:47:33.594 I/zygote  ( 2206): Do partial code cache collection, code=241KB, data=173KB
12-14 00:47:33.596 I/MicrophoneInputStream( 2206): mic_close com.google.android.apps.gsa.staticplugins.aa.c@7e0f49d
12-14 00:47:33.596 I/zygote  ( 2206): After code cache collection, code=241KB, data=173KB
12-14 00:47:33.596 I/zygote  ( 2206): Increasing code cache capacity to 1024KB
12-14 00:47:33.598 I/MicroRecognitionRunner( 2206): Detection finished
12-14 00:47:33.599 W/ErrorReporter( 2206): reportError [type: 211, code: 524300]: Error reading from input stream
12-14 00:47:33.599 W/ErrorProcessor( 2206): onFatalError, processing error from engine(4)
12-14 00:47:33.599 W/ErrorProcessor( 2206): com.google.android.apps.gsa.shared.speech.b.g: Error reading from input stream
12-14 00:47:33.599 W/ErrorProcessor( 2206): 	at com.google.android.apps.gsa.staticplugins.recognizer.j.a.a(SourceFile:28)
12-14 00:47:33.599 W/ErrorProcessor( 2206): 	at com.google.android.apps.gsa.staticplugins.recognizer.j.b.run(SourceFile:15)
12-14 00:47:33.599 W/ErrorProcessor( 2206): 	at java.util.concurrent.Executors$RunnableAdapter.call(Executors.java:457)
12-14 00:47:33.599 W/ErrorProcessor( 2206): 	at java.util.concurrent.FutureTask.run(FutureTask.java:266)
12-14 00:47:33.599 W/ErrorProcessor( 2206): 	at com.google.android.apps.gsa.shared.util.concurrent.a.ax.run(SourceFile:14)
12-14 00:47:33.599 W/ErrorProcessor( 2206): 	at com.google.android.apps.gsa.shared.util.concurrent.a.bl.run(SourceFile:4)
12-14 00:47:33.599 W/ErrorProcessor( 2206): 	at com.google.android.apps.gsa.shared.util.concurrent.a.bl.run(SourceFile:4)
12-14 00:47:33.599 W/ErrorProcessor( 2206): 	at java.util.concurrent.ThreadPoolExecutor.runWorker(ThreadPoolExecutor.java:1162)
12-14 00:47:33.599 W/ErrorProcessor( 2206): 	at java.util.concurrent.ThreadPoolExecutor$Worker.run(ThreadPoolExecutor.java:636)
12-14 00:47:33.599 W/ErrorProcessor( 2206): 	at java.lang.Thread.run(Thread.java:764)
12-14 00:47:33.599 W/ErrorProcessor( 2206): 	at com.google.android.apps.gsa.shared.util.concurrent.a.ai.run(SourceFile:6)
12-14 00:47:33.599 W/ErrorProcessor( 2206): Caused by: com.google.android.apps.gsa.shared.exception.GsaIOException: Error code: 393238 | Buffer overflow, no available space.
12-14 00:47:33.599 W/ErrorProcessor( 2206): 	at com.google.android.apps.gsa.speech.audio.Tee.f(SourceFile:103)
12-14 00:47:33.599 W/ErrorProcessor( 2206): 	at com.google.android.apps.gsa.speech.audio.au.read(SourceFile:2)
12-14 00:47:33.599 W/ErrorProcessor( 2206): 	at java.io.InputStream.read(InputStream.java:101)
12-14 00:47:33.599 W/ErrorProcessor( 2206): 	at com.google.android.apps.gsa.speech.audio.ao.run(SourceFile:18)
12-14 00:47:33.599 W/ErrorProcessor( 2206): 	at com.google.android.apps.gsa.speech.audio.an.run(SourceFile:2)
12-14 00:47:33.599 W/ErrorProcessor( 2206): 	... 9 more
12-14 00:47:33.599 I/AudioController( 2206): internalShutdown
12-14 00:47:33.599 I/MicroRecognitionRunner( 2206): Stopping hotword detection.
12-14 00:47:33.604 I/MicroDetectionWorker( 2206): onReady
12-14 00:47:33.605 I/MicroDetector( 2206): Keeping mic open: false
12-14 00:47:33.605 I/MicroDetectionWorker( 2206): #onError(false)
12-14 00:47:33.605 I/DeviceStateChecker( 2206): DeviceStateChecker cancelled
12-14 00:47:33.610 D/        ( 1724): HostConnection::get() New Host Connection established 0xa2920340, tid 1981
12-14 00:47:33.612 D/EGL_emulation( 1724): eglMakeCurrent: 0x8ed54100: ver 3 0 (tinfo 0x9e17fb70)
12-14 00:47:33.639 D/EGL_emulation( 1724): eglMakeCurrent: 0x8ed54100: ver 3 0 (tinfo 0x9e17fb70)
12-14 00:47:33.646 I/zygote  ( 1724): NativeAllocBackground concurrent copying GC freed 2006(175KB) AllocSpace objects, 0(0B) LOS objects, 49% free, 4MB/9MB, paused 7.839ms total 30.825ms
12-14 00:47:33.649 D/EGL_emulation( 1724): eglMakeCurrent: 0x8ed54100: ver 3 0 (tinfo 0x9e17fb70)
12-14 00:47:33.824 I/chatty  ( 1724): uid=10028(u0_a28) RenderThread identical 17 lines
12-14 00:47:33.851 D/EGL_emulation( 1724): eglMakeCurrent: 0x8ed54100: ver 3 0 (tinfo 0x9e17fb70)
12-14 00:47:34.036 W/OpenGLRenderer( 2176): Incorrectly called buildLayer on View: ShortcutAndWidgetContainer, destroying layer...
12-14 00:47:34.070 I/OpenGLRenderer( 1626): Initialized EGL, version 1.4
12-14 00:47:34.070 D/OpenGLRenderer( 1626): Swap behavior 1
12-14 00:47:34.070 W/OpenGLRenderer( 1626): Failed to choose config with EGL_SWAP_BEHAVIOR_PRESERVED, retrying without...
12-14 00:47:34.070 D/OpenGLRenderer( 1626): Swap behavior 0
12-14 00:47:34.078 D/EGL_emulation( 1626): eglCreateContext: 0xa262e740: maj 3 min 0 rcv 3
12-14 00:47:34.081 D/EGL_emulation( 1626): eglMakeCurrent: 0xa262e740: ver 3 0 (tinfo 0x9e157fb0)
12-14 00:47:34.082 E/eglCodecCommon( 1626): glUtilsParamSize: unknow param 0x00008cdf
12-14 00:47:34.082 E/eglCodecCommon( 1626): glUtilsParamSize: unknow param 0x00008cdf
12-14 00:47:34.082 E/eglCodecCommon( 1626): glUtilsParamSize: unknow param 0x00008824
12-14 00:47:34.082 E/eglCodecCommon( 1626): glUtilsParamSize: unknow param 0x00008824
12-14 00:47:34.101 D/        ( 1626): HostConnection::get() New Host Connection established 0x8fb6d7c0, tid 1633
12-14 00:47:34.751 I/ContentMaintenance( 2109): Internal cache bytes used: 0; limit: 100000000; download size: 0
12-14 00:47:34.764 I/RealtimeCacheCleanup( 2109): Beginning Realtime garbage collection.
12-14 00:47:34.765 I/RealtimeCacheCleanup( 2109): Finished Realtime garbage collection.
12-14 00:47:34.770 D/BoundBrokerSvc( 1935): onUnbind: Intent { act=com.google.android.gms.phenotype.service.START cmp=com.google.android.gms/.chimera.PersistentApiService }
12-14 00:47:35.765 W/audio_hw_generic( 1388): Not supplying enough data to HAL, expected position 549189 , only wrote 353520
12-14 00:47:35.995 D/BoundBrokerSvc( 1935): onUnbind: Intent { act=com.google.android.gms.tapandpay.service.BIND cmp=com.google.android.gms/.chimera.PersistentApiService }
12-14 00:47:36.018 D/BoundBrokerSvc( 2109): onUnbind: Intent { act=com.google.android.gms.pay.service.BIND cmp=com.google.android.gms/.chimera.GmsApiService }
--------- beginning of system
12-14 00:47:36.877 E/TaskPersister( 1626): File error accessing recents directory (directory doesn't exist?).
12-14 00:47:37.552 I/Finsky  ( 2501): [2] abyu.onStartJob(3): SCH: onJobSchedulerWakeup with jobId 9001
12-14 00:47:37.557 I/Finsky  ( 2501): [2] abtz.a(9): SCH: Scheduling fallback job with id: 9034, and delay: 43200000 ms
12-14 00:47:37.557 I/zygote  ( 4048): Waiting for a blocking GC ProfileSaver
12-14 00:47:37.560 I/Finsky  ( 2501): [2] abtz.b(9): SCH: Scheduling fallback in 64799998 (absolute: 64867209)
12-14 00:47:37.565 I/Finsky  ( 2501): [2] abyu.onStartJob(3): SCH: onJobSchedulerWakeup with jobId 9003
12-14 00:47:37.567 I/Finsky  ( 2501): [2] abtz.a(9): SCH: Scheduling fallback job with id: 9034, and delay: 43200000 ms
12-14 00:47:37.568 I/Finsky  ( 2501): [2] abtz.b(9): SCH: Scheduling fallback in 64799999 (absolute: 64867219)
12-14 00:47:37.572 W/NetworkScheduler.TED( 1935): Enforcing binder timeout for ComponentInfo{com.google.android.videos/com.google.android.videos.service.drm.RefreshLicenseTaskService}
12-14 00:47:37.572 E/NetworkScheduler.TED( 1935): Dropping task as app's play services SDK version does not support Android O. Either update the SDK or lower your app's target SDK version. Canceling all tasks for the service: ComponentInfo{com.google.android.videos/com.google.android.videos.service.drm.RefreshLicenseTaskService}
12-14 00:47:37.573 W/Finsky  ( 2501): [2] abyu.onStartJob(10): SCH: onJobSchedulerWakeup while already running
12-14 00:47:37.644 I/Finsky  ( 2501): [2] abui.handleMessage(8): SCH: DeviceState: DeviceState{currentTime=1607924857640, isCharging=false, isIdle=false, netAny=true, netNotRoaming=true, netUnmetered=true, batteryPercent=100.0}
12-14 00:47:37.648 I/Finsky  ( 2501): [121] abwt.b(5): SCH: Jobs in database: 1-1337 2-48879 3-81 12-1 26-1414141414 29-29 
12-14 00:47:37.659 I/Finsky  ( 2501): [2] abuj.b(10): SCH: Running job: 12-1
12-14 00:47:37.660 I/Finsky  ( 2501): [2] ContentSyncJob.r(1): [ContentSync] job started
12-14 00:47:37.661 I/Finsky  ( 2501): [2] abuj.b(10): SCH: Running job: 29-29
12-14 00:47:37.672 I/Finsky  ( 2501): [2] abui.handleMessage(59): SCH: RunningQueue size: 2, PendingQueue size: 0
12-14 00:47:37.672 I/Finsky  ( 2501): [2] abuj.p(3): SCH: Running queue: 12-1 29-29 
12-14 00:47:37.681 I/Finsky  ( 2501): [186] ajmy.a(0): ProcessRecoveryLogsUtil: No files in recovery directory
12-14 00:47:37.681 I/Finsky  ( 2501): [186] abvs.n(4): SCH: jobFinished: 29-29. TimeElapsed: 20ms.
12-14 00:47:37.685 I/Finsky  ( 2501): [2] abuj.e(4): SCH: Job 29-29 finished. Not rescheduling.
12-14 00:47:37.688 I/Finsky  ( 2501): [2] abui.handleMessage(59): SCH: RunningQueue size: 1, PendingQueue size: 0
12-14 00:47:37.688 I/Finsky  ( 2501): [2] abuj.p(3): SCH: Running queue: 12-1 
12-14 00:47:37.767 I/zygote  ( 2501): Deoptimizing j$.util.stream.Sink j$.util.stream.AbstractPipeline.wrapAndCopyInto(j$.util.stream.Sink, j$.util.Spliterator) due to JIT inline cache
12-14 00:47:37.801 I/zygote  ( 2501): Deoptimizing void j$.util.stream.AbstractPipeline.copyInto(j$.util.stream.Sink, j$.util.Spliterator) due to JIT inline cache
12-14 00:47:37.841 I/Finsky  ( 2501): [175] glv.b(1): Completed 0 account content syncs with 0 successful.
12-14 00:47:37.841 I/Finsky  ( 2501): [2] ContentSyncJob.a(1): [ContentSync] Installation state replication succeeded.
12-14 00:47:37.842 I/Finsky  ( 2501): [2] abvs.n(4): SCH: jobFinished: 12-1. TimeElapsed: 182ms.
12-14 00:47:37.843 I/Finsky  ( 2501): [2] abuj.e(4): SCH: Job 12-1 finished. Not rescheduling.
12-14 00:47:37.844 I/Finsky  ( 2501): [2] abui.handleMessage(59): SCH: RunningQueue size: 0, PendingQueue size: 0
12-14 00:47:37.846 I/Finsky  ( 2501): [2] abui.handleMessage(26): SCH: Executor finished
12-14 00:47:37.853 E/memtrack( 1626): Couldn't load memtrack module
12-14 00:47:37.853 W/android.os.Debug( 1626): failed to get memory consumption info: -1
12-14 00:47:37.860 I/Finsky  ( 2501): [2] abwt.b(5): SCH: Jobs in database: 1-1337 2-48879 3-81 26-1414141414 
12-14 00:47:37.863 I/Finsky  ( 2501): [2] abvf.d(37): SCH: ConstraintMapping: 1-1337,  -> L: 8709100ms, D: 51909100ms, C: false, I: false, N: 1
12-14 00:47:37.863 I/Finsky  ( 2501): [2] abvf.d(37): SCH: ConstraintMapping: 2-48879, 3-81,  -> L: 0ms, D: 71578234ms, C: true, I: true, N: 2
12-14 00:47:37.863 I/Finsky  ( 2501): [2] abvf.d(37): SCH: ConstraintMapping: 26-1414141414,  -> L: 29699188ms, D: 30599188ms, C: false, I: false, N: 0
12-14 00:47:37.864 I/Finsky  ( 2501): [2] abvf.f(7): SCH: Cancelling existing jobscheduler jobs: 9002 
12-14 00:47:37.865 I/Finsky  ( 2501): [2] abvf.e(23): SCH: Scheduling job Id: 9000, L: 8709100, D: 51909100, C: false, I: false, N: 1
12-14 00:47:37.865 I/Finsky  ( 2501): [2] abvf.e(8): SCH: Throttling wakeup for job 9003 (expected to run in 0 ms) due to recent wakeup
12-14 00:47:37.865 I/Finsky  ( 2501): [2] abvf.e(23): SCH: Scheduling job Id: 9003, L: 30000, D: 71578234, C: true, I: true, N: 2
12-14 00:47:37.866 I/Finsky  ( 2501): [2] abvf.e(23): SCH: Scheduling job Id: 9004, L: 29699188, D: 30599188, C: false, I: false, N: 0
12-14 00:47:38.443 E/memtrack( 1626): Couldn't load memtrack module
12-14 00:47:38.443 W/android.os.Debug( 1626): failed to get memory consumption info: -1
12-14 00:47:38.607 I/MicroDetectionWorker( 2206): #updateMicroDetector [detectionMode: [mDetectionMode: [1]]]
12-14 00:47:38.607 I/MicroDetectionWorker( 2206): #startMicroDetector [speakerMode: 0]
12-14 00:47:38.608 I/AudioController( 2206): Using mInputStreamFactoryBuilder
12-14 00:47:38.610 I/MicroDetectionWorker( 2206): onReady
12-14 00:47:38.612 I/MicroRecognitionRunner( 2206): Starting detection.
12-14 00:47:38.612 I/MicrophoneInputStream( 2206): mic_starting com.google.android.apps.gsa.staticplugins.aa.c@57842c5
12-14 00:47:38.616 I/AudioFlinger( 1474): AudioFlinger's thread 0xaf203ac0 tid=4091 ready to run
12-14 00:47:38.619 I/MicrophoneInputStream( 2206): mic_started com.google.android.apps.gsa.staticplugins.aa.c@57842c5
12-14 00:47:38.620 E/ActivityThread( 2206): Failed to find provider info for com.google.android.apps.gsa.testing.ui.audio.recorded
12-14 00:47:38.622 I/MicroDetectionWorker( 2206): onReady
12-14 00:47:38.623 I/MicrophoneInputStream( 2206): mic_close com.google.android.apps.gsa.staticplugins.aa.c@57842c5
12-14 00:47:38.624 I/MicroRecognitionRunner( 2206): Detection finished
12-14 00:47:38.624 W/ErrorReporter( 2206): reportError [type: 211, code: 524300]: Error reading from input stream
12-14 00:47:38.624 W/ErrorProcessor( 2206): onFatalError, processing error from engine(4)
12-14 00:47:38.624 W/ErrorProcessor( 2206): com.google.android.apps.gsa.shared.speech.b.g: Error reading from input stream
12-14 00:47:38.624 W/ErrorProcessor( 2206): 	at com.google.android.apps.gsa.staticplugins.recognizer.j.a.a(SourceFile:28)
12-14 00:47:38.624 W/ErrorProcessor( 2206): 	at com.google.android.apps.gsa.staticplugins.recognizer.j.b.run(SourceFile:15)
12-14 00:47:38.624 W/ErrorProcessor( 2206): 	at java.util.concurrent.Executors$RunnableAdapter.call(Executors.java:457)
12-14 00:47:38.624 W/ErrorProcessor( 2206): 	at java.util.concurrent.FutureTask.run(FutureTask.java:266)
12-14 00:47:38.624 W/ErrorProcessor( 2206): 	at com.google.android.apps.gsa.shared.util.concurrent.a.ax.run(SourceFile:14)
12-14 00:47:38.624 W/ErrorProcessor( 2206): 	at com.google.android.apps.gsa.shared.util.concurrent.a.bl.run(SourceFile:4)
12-14 00:47:38.624 W/ErrorProcessor( 2206): 	at com.google.android.apps.gsa.shared.util.concurrent.a.bl.run(SourceFile:4)
12-14 00:47:38.624 W/ErrorProcessor( 2206): 	at java.util.concurrent.ThreadPoolExecutor.runWorker(ThreadPoolExecutor.java:1162)
12-14 00:47:38.624 W/ErrorProcessor( 2206): 	at java.util.concurrent.ThreadPoolExecutor$Worker.run(ThreadPoolExecutor.java:636)
12-14 00:47:38.624 W/ErrorProcessor( 2206): 	at java.lang.Thread.run(Thread.java:764)
12-14 00:47:38.624 W/ErrorProcessor( 2206): 	at com.google.android.apps.gsa.shared.util.concurrent.a.ai.run(SourceFile:6)
12-14 00:47:38.624 W/ErrorProcessor( 2206): Caused by: com.google.android.apps.gsa.shared.exception.GsaIOException: Error code: 393238 | Buffer overflow, no available space.
12-14 00:47:38.624 W/ErrorProcessor( 2206): 	at com.google.android.apps.gsa.speech.audio.Tee.f(SourceFile:103)
12-14 00:47:38.624 W/ErrorProcessor( 2206): 	at com.google.android.apps.gsa.speech.audio.au.read(SourceFile:2)
12-14 00:47:38.624 W/ErrorProcessor( 2206): 	at java.io.InputStream.read(InputStream.java:101)
12-14 00:47:38.624 W/ErrorProcessor( 2206): 	at com.google.android.apps.gsa.speech.audio.ao.run(SourceFile:18)
12-14 00:47:38.624 W/ErrorProcessor( 2206): 	at com.google.android.apps.gsa.speech.audio.an.run(SourceFile:2)
12-14 00:47:38.624 W/ErrorProcessor( 2206): 	... 9 more
12-14 00:47:38.624 I/MicroRecognitionRunner( 2206): Stopping hotword detection.
12-14 00:47:38.624 I/AudioController( 2206): internalShutdown
12-14 00:47:38.625 I/MicroDetector( 2206): Keeping mic open: false
12-14 00:47:38.625 I/MicroDetectionWorker( 2206): #onError(false)
12-14 00:47:38.625 I/DeviceStateChecker( 2206): DeviceStateChecker cancelled
12-14 00:47:39.541 D/AndroidRuntime( 4095): >>>>>> START com.android.internal.os.RuntimeInit uid 2000 <<<<<<
12-14 00:47:39.574 W/app_process( 4095): Unexpected CPU variant for X86 using defaults: x86
12-14 00:47:39.589 D/AndroidRuntime( 4095): Calling main entry com.android.commands.am.Am
12-14 00:47:39.591 I/ActivityManager( 1626): Force stopping com.evancharlton.mileage appid=10246 user=0: start instr
12-14 00:47:39.591 I/ActivityManager( 1626): Killing 3999:com.evancharlton.mileage/u0a246 (adj 0): stop com.evancharlton.mileage
12-14 00:47:39.591 W/ActivityManager( 1626): Crash of app com.evancharlton.mileage running instrumentation ComponentInfo{com.evancharlton.mileage.test/sh.calaba.instrumentationbackend.CalabashInstrumentationTestRunner}
12-14 00:47:39.591 I/ActivityManager( 1626): Force stopping com.evancharlton.mileage appid=10246 user=0: finished inst
12-14 00:47:39.600 I/zygote  ( 4105): Not late-enabling -Xcheck:jni (already on)
12-14 00:47:39.606 W/zygote  ( 4105): Unexpected CPU variant for X86 using defaults: x86
12-14 00:47:39.607 I/ActivityManager( 1626): Start proc 4105:com.evancharlton.mileage/u0a246 for added application com.evancharlton.mileage
12-14 00:47:39.608 E/memtrack( 1626): Couldn't load memtrack module
12-14 00:47:39.608 W/android.os.Debug( 1626): failed to get memory consumption info: -1
12-14 00:47:39.609 D/AndroidRuntime( 4095): Shutting down VM
12-14 00:47:39.629 W/ActivityManager( 1626): setHasOverlayUi called on unknown pid: 3999
12-14 00:47:39.640 E/adbd    ( 1382): failed to connect to socket 'tcp:7102': Connection refused
12-14 00:47:39.643 E/adbd    ( 1382): failed to connect to socket 'tcp:7102': Connection refused
12-14 00:47:39.648 W/zygote  ( 4105): Found duplicate classes, falling back to extracting from APK : /data/app/com.evancharlton.mileage.test-Lkcdu1Ocs6MUtgGqYbVXQw==/base.apk
12-14 00:47:39.648 W/zygote  ( 4105): NOTE: This wastes RAM and hurts startup performance.
12-14 00:47:39.648 W/zygote  ( 4105): Found duplicated class when checking oat files: 'Ljunit/runner/BaseTestRunner;' in /data/app/com.evancharlton.mileage.test-Lkcdu1Ocs6MUtgGqYbVXQw==/base.apk and /system/framework/android.test.runner.jar
12-14 00:47:39.648 W/zygote  ( 4105): 
12-14 00:47:39.677 W/System  ( 4105): ClassLoader referenced unknown path: 
12-14 00:47:39.693 I/System.out( 4105): Main activity name automatically set to: com.evancharlton.mileage.Mileage
12-14 00:47:39.693 I/System.out( 4105): Calabash did not load Mono. This is only a problem if you are trying to test a Mono application
12-14 00:47:39.693 I/calabash( 4105): Test server port: 7102
12-14 00:47:39.694 I/InstrumentationBackend( 4105): Added:'GetPreferences', with key:'get_preferences'
12-14 00:47:39.759 E/adbd    ( 1382): failed to connect to socket 'tcp:7102': Connection refused
12-14 00:47:39.762 E/adbd    ( 1382): failed to connect to socket 'tcp:7102': Connection refused
12-14 00:47:39.796 I/InstrumentationBackend( 4105): Added:'SetPreferences', with key:'set_preferences'
12-14 00:47:39.797 I/InstrumentationBackend( 4105): Added:'ClearPreferences', with key:'clear_preferences'
12-14 00:47:39.797 I/InstrumentationBackend( 4105): Added:'PressElement', with key:'press_l10n_element'
12-14 00:47:39.797 I/InstrumentationBackend( 4105): Added:'WaitForElement', with key:'wait_for_l10n_element'
12-14 00:47:39.799 I/InstrumentationBackend( 4105): Added:'NullAction', with key:'nullAction'
12-14 00:47:39.800 I/InstrumentationBackend( 4105): Added:'PressKey', with key:'press_key'
12-14 00:47:39.800 I/InstrumentationBackend( 4105): Added:'SetActivityOrientation', with key:'set_activity_orientation'
12-14 00:47:39.801 I/InstrumentationBackend( 4105): Added:'GetActivityOrientation', with key:'get_activity_orientation'
12-14 00:47:39.801 I/InstrumentationBackend( 4105): Added:'FakeGPSLocation', with key:'set_gps_coordinates'
12-14 00:47:39.802 I/InstrumentationBackend( 4105): Added:'SetPropertyByCssSelector', with key:'set_property_by_css_selector'
12-14 00:47:39.804 I/InstrumentationBackend( 4105): Added:'GetUrl', with key:'get_url'
12-14 00:47:39.808 I/InstrumentationBackend( 4105): Added:'ScrollTo', with key:'scroll_to'
12-14 00:47:39.808 I/InstrumentationBackend( 4105): Added:'GetLoadProgress', with key:'get_load_progress'
12-14 00:47:39.809 I/InstrumentationBackend( 4105): Added:'DumpHtml', with key:'dump_html'
12-14 00:47:39.809 I/InstrumentationBackend( 4105): Added:'DumpBodyHtml', with key:'dump_body_html'
12-14 00:47:39.810 I/InstrumentationBackend( 4105): Added:'EnterTextByCssSelector', with key:'enter_text_by_selector'
12-14 00:47:39.815 I/InstrumentationBackend( 4105): Added:'AndroidSDKVersion', with key:'android_sdk_version'
12-14 00:47:39.816 I/InstrumentationBackend( 4105): Added:'Version', with key:'version'
12-14 00:47:39.817 I/InstrumentationBackend( 4105): Added:'Drag', with key:'drag'
12-14 00:47:39.817 I/InstrumentationBackend( 4105): Added:'TouchCoordinates', with key:'touch_coordinate'
12-14 00:47:39.817 I/InstrumentationBackend( 4105): Added:'LongPressCoordinate', with key:'long_press_coordinate'
12-14 00:47:39.818 I/InstrumentationBackend( 4105): Added:'DragCoordinates', with key:'drag_coordinates'
12-14 00:47:39.820 I/InstrumentationBackend( 4105): Added:'ResumeApplication', with key:'resume_application'
12-14 00:47:39.820 I/InstrumentationBackend( 4105): Added:'Swipe', with key:'swipe'
12-14 00:47:39.821 I/InstrumentationBackend( 4105): Added:'DoubleTapCoordinate', with key:'double_tap_coordinate'
12-14 00:47:39.822 I/InstrumentationBackend( 4105): Added:'ClickOnScreen', with key:'click_on_screen'
12-14 00:47:39.823 I/InstrumentationBackend( 4105): Added:'GetActivityName', with key:'get_activity_name'
12-14 00:47:39.823 I/InstrumentationBackend( 4105): Added:'ScrollToView', with key:'scroll_to_view'
12-14 00:47:39.824 I/InstrumentationBackend( 4105): Added:'ViewConfiguration', with key:'view_configuration'
12-14 00:47:39.824 I/InstrumentationBackend( 4105): Added:'IsCurrentActivityFocused', with key:'is_current_activity_focused'
12-14 00:47:39.825 I/InstrumentationBackend( 4105): Added:'SendTcp', with key:'send_tcp'
12-14 00:47:39.826 I/InstrumentationBackend( 4105): Added:'DpToDevicePixel', with key:'dp_to_device_pixel'
12-14 00:47:39.826 I/InstrumentationBackend( 4105): Added:'KeyboardEnterText', with key:'keyboard_enter_text'
12-14 00:47:39.827 I/InstrumentationBackend( 4105): Added:'DeleteSurroundingText', with key:'delete_surrounding_text'
12-14 00:47:39.827 I/InstrumentationBackend( 4105): Added:'SetComposingRegion', with key:'set_composing_region'
12-14 00:47:39.828 I/InstrumentationBackend( 4105): Added:'SetSelection', with key:'set_selection'
12-14 00:47:39.829 I/InstrumentationBackend( 4105): Added:'KeyboardKeyEvent', with key:'keyboard_key_event'
12-14 00:47:39.830 I/InstrumentationBackend( 4105): Added:'PressUserActionButton', with key:'press_user_action_button'
12-14 00:47:39.832 I/InstrumentationBackend( 4105): Added:'HideSoftKeyboard', with key:'hide_soft_keyboard'
12-14 00:47:39.834 I/InstrumentationBackend( 4105): Added:'ListActions', with key:'list_actions'
12-14 00:47:39.834 I/calabash( 4105): Instantiating http server at 7102
12-14 00:47:39.835 I/System.out( 4105): HTTP Daemon listening on: 7102
12-14 00:47:39.877 I/System.out( 4105): URI: //ping
12-14 00:47:39.879 I/System.out( 4105): params: {json={}
12-14 00:47:39.880 I/System.out( 4105): }
12-14 00:47:39.893 I/System.out( 4105): URI: //ping
12-14 00:47:39.893 I/System.out( 4105): params: {json={}
12-14 00:47:39.893 I/System.out( 4105): }
12-14 00:47:39.901 I/System.out( 4105): URI: //ready
12-14 00:47:39.902 I/System.out( 4105): params: {json={}
12-14 00:47:39.902 I/System.out( 4105): }
12-14 00:47:39.909 I/System.out( 4105): URI: //
12-14 00:47:39.910 I/System.out( 4105): params: {json={"command":"version","arguments":[]}
12-14 00:47:39.910 I/System.out( 4105): }
12-14 00:47:39.910 I/System.out( 4105): header: {content-type=application/json;charset=utf-8, date=Mon, 14 Dec 2020 05:47:40 GMT, accept=*/*, host=127.0.0.1:34777, content-length=36, user-agent=HTTPClient/1.0 (2.8.3, ruby 2.5.8 (2020-03-31))}
12-14 00:47:39.910 I/System.out( 4105): params: {json={"command":"version","arguments":[]}
12-14 00:47:39.910 I/System.out( 4105): }
12-14 00:47:39.910 I/System.out( 4105): ProP json = {"command":"version","arguments":[]}
12-14 00:47:39.910 I/System.out( 4105): files: {}
12-14 00:47:39.910 I/System.out( 4105): command: {"command":"version","arguments":[]}
12-14 00:47:39.955 I/InstrumentationBackend( 4105): Got command:'Command:'Line:null,version', arguments:'[]'
12-14 00:47:39.977 I/BackgroundDexOptService( 1626): Pinning optimized code {}
12-14 00:47:40.006 I/System.out( 4105): result:{"bonusInformation":[],"message":"0.9.8","success":true}
12-14 00:47:40.013 I/System.out( 4105): URI: //start-application
12-14 00:47:40.013 I/System.out( 4105): params: {json={"intent":null}
12-14 00:47:40.013 I/System.out( 4105): }
12-14 00:47:40.049 I/ActivityManager( 1626): START u0 {act=android.intent.action.MAIN cat=[android.intent.category.LAUNCHER] flg=0x10200000 cmp=com.evancharlton.mileage/.Mileage} from uid 10246
12-14 00:47:40.069 I/calabash( 4105): newActivity1
12-14 00:47:40.078 D/gralloc_ranchu( 1394): gralloc_alloc: Creating ashmem region of size 7753728
12-14 00:47:40.125 W/ActivityManager( 1626): Bad activity token: android.os.BinderProxy@439d5ec
12-14 00:47:40.125 W/ActivityManager( 1626): java.lang.ClassCastException: android.os.BinderProxy cannot be cast to com.android.server.am.ActivityRecord$Token
12-14 00:47:40.125 W/ActivityManager( 1626): 	at com.android.server.am.ActivityRecord.forTokenLocked(ActivityRecord.java:778)
12-14 00:47:40.125 W/ActivityManager( 1626): 	at com.android.server.am.ActivityRecord.isInStackLocked(ActivityRecord.java:2085)
12-14 00:47:40.125 W/ActivityManager( 1626): 	at com.android.server.am.ActivityRecord.getStackLocked(ActivityRecord.java:2090)
12-14 00:47:40.125 W/ActivityManager( 1626): 	at com.android.server.am.ActivityManagerService.getActivityDisplayId(ActivityManagerService.java:10406)
12-14 00:47:40.125 W/ActivityManager( 1626): 	at android.app.IActivityManager$Stub.onTransact(IActivityManager.java:2738)
12-14 00:47:40.125 W/ActivityManager( 1626): 	at com.android.server.am.ActivityManagerService.onTransact(ActivityManagerService.java:2935)
12-14 00:47:40.125 W/ActivityManager( 1626): 	at android.os.Binder.execTransact(Binder.java:674)
12-14 00:47:40.126 I/calabash( 4105): newActivity1
12-14 00:47:40.140 W/ActivityManager( 1626): Bad activity token: android.os.BinderProxy@439d5ec
12-14 00:47:40.140 W/ActivityManager( 1626): java.lang.ClassCastException: android.os.BinderProxy cannot be cast to com.android.server.am.ActivityRecord$Token
12-14 00:47:40.140 W/ActivityManager( 1626): 	at com.android.server.am.ActivityRecord.forTokenLocked(ActivityRecord.java:778)
12-14 00:47:40.140 W/ActivityManager( 1626): 	at com.android.server.am.ActivityRecord.isInStackLocked(ActivityRecord.java:2085)
12-14 00:47:40.140 W/ActivityManager( 1626): 	at com.android.server.am.ActivityManagerService.setTaskDescription(ActivityManagerService.java:9988)
12-14 00:47:40.140 W/ActivityManager( 1626): 	at android.app.IActivityManager$Stub.onTransact(IActivityManager.java:2824)
12-14 00:47:40.140 W/ActivityManager( 1626): 	at com.android.server.am.ActivityManagerService.onTransact(ActivityManagerService.java:2935)
12-14 00:47:40.140 W/ActivityManager( 1626): 	at android.os.Binder.execTransact(Binder.java:674)
12-14 00:47:40.142 W/ActivityManager( 1626): Bad activity token: android.os.BinderProxy@439d5ec
12-14 00:47:40.142 W/ActivityManager( 1626): java.lang.ClassCastException: android.os.BinderProxy cannot be cast to com.android.server.am.ActivityRecord$Token
12-14 00:47:40.142 W/ActivityManager( 1626): 	at com.android.server.am.ActivityRecord.forTokenLocked(ActivityRecord.java:778)
12-14 00:47:40.142 W/ActivityManager( 1626): 	at com.android.server.am.ActivityRecord.isInStackLocked(ActivityRecord.java:2085)
12-14 00:47:40.142 W/ActivityManager( 1626): 	at com.android.server.am.ActivityRecord.getStackLocked(ActivityRecord.java:2090)
12-14 00:47:40.142 W/ActivityManager( 1626): 	at com.android.server.am.ActivityManagerService.getActivityStackId(ActivityManagerService.java:10417)
12-14 00:47:40.142 W/ActivityManager( 1626): 	at android.app.IActivityManager$Stub.onTransact(IActivityManager.java:3548)
12-14 00:47:40.142 W/ActivityManager( 1626): 	at com.android.server.am.ActivityManagerService.onTransact(ActivityManagerService.java:2935)
12-14 00:47:40.142 W/ActivityManager( 1626): 	at android.os.Binder.execTransact(Binder.java:674)
12-14 00:47:40.161 D/EGL_emulation( 2176): eglMakeCurrent: 0x9ff47ce0: ver 3 0 (tinfo 0xa00ffb50)
12-14 00:47:40.163 V/StatusBar( 1724): setLightsOn(true)
12-14 00:47:40.172 D/EGL_emulation( 2206): eglMakeCurrent: 0xa29058a0: ver 3 0 (tinfo 0xa29036b0)
12-14 00:47:40.178 D/EGL_emulation( 1724): eglMakeCurrent: 0x8ed54100: ver 3 0 (tinfo 0x9e17fb70)
12-14 00:47:40.181 V/StatusBar( 1724): setLightsOn(true)
12-14 00:47:40.193 D/EGL_emulation( 1724): eglMakeCurrent: 0x8ed54100: ver 3 0 (tinfo 0x9e17fb70)
12-14 00:47:40.201 D/EGL_emulation( 1724): eglMakeCurrent: 0x8ed54100: ver 3 0 (tinfo 0x9e17fb70)
12-14 00:47:40.204 V/StatusBar( 1724): setLightsOn(true)
12-14 00:47:40.210 D/EGL_emulation( 1724): eglMakeCurrent: 0x8ed54100: ver 3 0 (tinfo 0x9e17fb70)
12-14 00:47:40.216 E/ContentStoreEUAS( 2206): Failed to commit the deferred actions
12-14 00:47:40.217 D/EGL_emulation( 1724): eglMakeCurrent: 0x8ed54100: ver 3 0 (tinfo 0x9e17fb70)
12-14 00:47:40.274 W/ActivityManager( 1626): Bad activity token: android.os.BinderProxy@439d5ec
12-14 00:47:40.274 W/ActivityManager( 1626): java.lang.ClassCastException: android.os.BinderProxy cannot be cast to com.android.server.am.ActivityRecord$Token
12-14 00:47:40.274 W/ActivityManager( 1626): 	at com.android.server.am.ActivityRecord.forTokenLocked(ActivityRecord.java:778)
12-14 00:47:40.274 W/ActivityManager( 1626): 	at com.android.server.am.ActivityRecord.isInStackLocked(ActivityRecord.java:2085)
12-14 00:47:40.274 W/ActivityManager( 1626): 	at com.android.server.am.ActivityManagerService.getActivityOptions(ActivityManagerService.java:13302)
12-14 00:47:40.274 W/ActivityManager( 1626): 	at android.app.IActivityManager$Stub.onTransact(IActivityManager.java:2910)
12-14 00:47:40.274 W/ActivityManager( 1626): 	at com.android.server.am.ActivityManagerService.onTransact(ActivityManagerService.java:2935)
12-14 00:47:40.274 W/ActivityManager( 1626): 	at android.os.Binder.execTransact(Binder.java:674)
12-14 00:47:40.275 W/ActivityManager( 1626): Bad activity token: android.os.BinderProxy@439d5ec
12-14 00:47:40.275 W/ActivityManager( 1626): java.lang.ClassCastException: android.os.BinderProxy cannot be cast to com.android.server.am.ActivityRecord$Token
12-14 00:47:40.275 W/ActivityManager( 1626): 	at com.android.server.am.ActivityRecord.forTokenLocked(ActivityRecord.java:778)
12-14 00:47:40.275 W/ActivityManager( 1626): 	at com.android.server.am.ActivityRecord.isInStackLocked(ActivityRecord.java:2085)
12-14 00:47:40.275 W/ActivityManager( 1626): 	at com.android.server.am.ActivityManagerService.getActivityOptions(ActivityManagerService.java:13302)
12-14 00:47:40.275 W/ActivityManager( 1626): 	at android.app.IActivityManager$Stub.onTransact(IActivityManager.java:2910)
12-14 00:47:40.275 W/ActivityManager( 1626): 	at com.android.server.am.ActivityManagerService.onTransact(ActivityManagerService.java:2935)
12-14 00:47:40.275 W/ActivityManager( 1626): 	at android.os.Binder.execTransact(Binder.java:674)
12-14 00:47:40.369 I/chatty  ( 1724): uid=10028(u0_a28) RenderThread identical 18 lines
12-14 00:47:40.379 D/EGL_emulation( 1724): eglMakeCurrent: 0x8ed54100: ver 3 0 (tinfo 0x9e17fb70)
12-14 00:47:40.380 V/StatusBar( 1724): setLightsOn(true)
12-14 00:47:40.420 I/zygote  ( 4105): Do partial code cache collection, code=28KB, data=30KB
12-14 00:47:40.421 I/zygote  ( 4105): After code cache collection, code=28KB, data=30KB
12-14 00:47:40.421 I/zygote  ( 4105): Increasing code cache capacity to 128KB
12-14 00:47:40.422 I/zygote  ( 4105): Do partial code cache collection, code=28KB, data=48KB
12-14 00:47:40.422 I/zygote  ( 4105): After code cache collection, code=28KB, data=48KB
12-14 00:47:40.422 I/zygote  ( 4105): Increasing code cache capacity to 256KB
12-14 00:47:40.423 I/zygote  ( 4105): JIT allocated 71KB for compiled code of void android.widget.TextView.<init>(android.content.Context, android.util.AttributeSet, int, int)
12-14 00:47:40.423 I/zygote  ( 4105): Compiler allocated 4MB to compile void android.widget.TextView.<init>(android.content.Context, android.util.AttributeSet, int, int)
12-14 00:47:40.441 V/StatusBar( 1724): setLightsOn(true)
12-14 00:47:40.450 V/StatusBar( 1724): setLightsOn(true)
12-14 00:47:40.486 D/gralloc_ranchu( 1394): gralloc_alloc: Creating ashmem region of size 7753728
12-14 00:47:40.505 D/        ( 4105): HostConnection::get() New Host Connection established 0x9fd30c80, tid 4105
12-14 00:47:40.509 D/WificondControl( 1626): Scan result ready event
12-14 00:47:40.550 V/StatusBar( 1724): setLightsOn(true)
12-14 00:47:40.555 V/StatusBar( 1724): setLightsOn(true)
12-14 00:47:40.563 I/ActivityManager( 1626): Displayed com.evancharlton.mileage/.Mileage: +491ms
12-14 00:47:40.572 V/StatusBar( 1724): setLightsOn(true)
12-14 00:47:40.587 D/gralloc_ranchu( 1394): gralloc_alloc: Creating ashmem region of size 7753728
12-14 00:47:40.594 V/StatusBar( 1724): setLightsOn(true)
12-14 00:47:40.745 V/StatusBar( 1724): setLightsOn(true)
12-14 00:47:40.753 I/zygote  ( 4105): Do full code cache collection, code=125KB, data=72KB
12-14 00:47:40.754 I/zygote  ( 4105): After code cache collection, code=109KB, data=45KB
12-14 00:47:40.777 V/StatusBar( 1724): setLightsOn(true)
