--------- beginning of main
12-14 01:18:54.020 D/WificondControl( 1626): Scan result ready event
12-14 01:18:54.267 D/BoundBrokerSvc( 2260): onUnbind: Intent { act=com.google.android.mdd.service.START cmp=com.google.android.gms/.chimera.GmsBoundBrokerService }
12-14 01:18:54.271 D/BoundBrokerSvc( 1942): onUnbind: Intent { act=com.google.android.gms.clearcut.service.START cmp=com.google.android.gms/.chimera.PersistentDirectBootAwareApiService }
12-14 01:18:54.766 D/AndroidRuntime( 4120): >>>>>> START com.android.internal.os.RuntimeInit uid 2000 <<<<<<
12-14 01:18:54.798 W/app_process( 4120): Unexpected CPU variant for X86 using defaults: x86
12-14 01:18:54.815 D/AndroidRuntime( 4120): Calling main entry com.android.commands.am.Am
12-14 01:18:54.827 I/zygote  ( 4130): Not late-enabling -Xcheck:jni (already on)
12-14 01:18:54.833 D/hwcomposer( 1397): hw_composer sent 67 syncs in 68s
12-14 01:18:54.835 D/AndroidRuntime( 4120): Shutting down VM
12-14 01:18:54.837 W/zygote  ( 4130): Unexpected CPU variant for X86 using defaults: x86
12-14 01:18:54.854 W/zygote  ( 4130): Found duplicate classes, falling back to extracting from APK : /data/app/com.evancharlton.mileage.test-lnShTZjZIcIs86br5hE4MA==/base.apk
12-14 01:18:54.854 W/zygote  ( 4130): NOTE: This wastes RAM and hurts startup performance.
12-14 01:18:54.854 W/zygote  ( 4130): Found duplicated class when checking oat files: 'Ljunit/runner/BaseTestRunner;' in /data/app/com.evancharlton.mileage.test-lnShTZjZIcIs86br5hE4MA==/base.apk and /system/framework/android.test.runner.jar
12-14 01:18:54.854 W/zygote  ( 4130): 
12-14 01:18:54.857 E/adbd    ( 1368): failed to connect to socket 'tcp:7102': Connection refused
12-14 01:18:54.864 E/adbd    ( 1368): failed to connect to socket 'tcp:7102': Connection refused
12-14 01:18:54.888 W/System  ( 4130): ClassLoader referenced unknown path: 
12-14 01:18:54.902 I/System.out( 4130): Main activity name automatically set to: com.evancharlton.mileage.Mileage
12-14 01:18:54.903 I/System.out( 4130): Calabash did not load Mono. This is only a problem if you are trying to test a Mono application
12-14 01:18:54.903 I/calabash( 4130): Test server port: 7102
12-14 01:18:54.904 I/InstrumentationBackend( 4130): Added:'GetPreferences', with key:'get_preferences'
12-14 01:18:54.963 I/InstrumentationBackend( 4130): Added:'SetPreferences', with key:'set_preferences'
12-14 01:18:54.963 I/InstrumentationBackend( 4130): Added:'ClearPreferences', with key:'clear_preferences'
12-14 01:18:54.964 I/InstrumentationBackend( 4130): Added:'PressElement', with key:'press_l10n_element'
12-14 01:18:54.964 I/InstrumentationBackend( 4130): Added:'WaitForElement', with key:'wait_for_l10n_element'
12-14 01:18:54.965 I/InstrumentationBackend( 4130): Added:'NullAction', with key:'nullAction'
12-14 01:18:54.965 I/InstrumentationBackend( 4130): Added:'PressKey', with key:'press_key'
12-14 01:18:54.965 I/InstrumentationBackend( 4130): Added:'SetActivityOrientation', with key:'set_activity_orientation'
12-14 01:18:54.966 I/InstrumentationBackend( 4130): Added:'GetActivityOrientation', with key:'get_activity_orientation'
12-14 01:18:54.966 I/InstrumentationBackend( 4130): Added:'FakeGPSLocation', with key:'set_gps_coordinates'
12-14 01:18:54.967 I/InstrumentationBackend( 4130): Added:'SetPropertyByCssSelector', with key:'set_property_by_css_selector'
12-14 01:18:54.968 I/InstrumentationBackend( 4130): Added:'GetUrl', with key:'get_url'
12-14 01:18:54.970 I/InstrumentationBackend( 4130): Added:'ScrollTo', with key:'scroll_to'
12-14 01:18:54.970 I/InstrumentationBackend( 4130): Added:'GetLoadProgress', with key:'get_load_progress'
12-14 01:18:54.971 I/InstrumentationBackend( 4130): Added:'DumpHtml', with key:'dump_html'
12-14 01:18:54.971 I/InstrumentationBackend( 4130): Added:'DumpBodyHtml', with key:'dump_body_html'
12-14 01:18:54.972 I/InstrumentationBackend( 4130): Added:'EnterTextByCssSelector', with key:'enter_text_by_selector'
12-14 01:18:54.976 I/InstrumentationBackend( 4130): Added:'AndroidSDKVersion', with key:'android_sdk_version'
12-14 01:18:54.978 I/InstrumentationBackend( 4130): Added:'Version', with key:'version'
12-14 01:18:54.978 I/InstrumentationBackend( 4130): Added:'Drag', with key:'drag'
12-14 01:18:54.978 I/InstrumentationBackend( 4130): Added:'TouchCoordinates', with key:'touch_coordinate'
12-14 01:18:54.979 I/InstrumentationBackend( 4130): Added:'LongPressCoordinate', with key:'long_press_coordinate'
12-14 01:18:54.979 I/InstrumentationBackend( 4130): Added:'DragCoordinates', with key:'drag_coordinates'
12-14 01:18:54.980 E/adbd    ( 1368): failed to connect to socket 'tcp:7102': Connection refused
12-14 01:18:54.981 I/InstrumentationBackend( 4130): Added:'ResumeApplication', with key:'resume_application'
12-14 01:18:54.982 I/InstrumentationBackend( 4130): Added:'Swipe', with key:'swipe'
12-14 01:18:54.983 I/InstrumentationBackend( 4130): Added:'DoubleTapCoordinate', with key:'double_tap_coordinate'
12-14 01:18:54.983 E/adbd    ( 1368): failed to connect to socket 'tcp:7102': Connection refused
12-14 01:18:54.984 I/InstrumentationBackend( 4130): Added:'ClickOnScreen', with key:'click_on_screen'
12-14 01:18:54.985 I/InstrumentationBackend( 4130): Added:'GetActivityName', with key:'get_activity_name'
12-14 01:18:54.985 I/InstrumentationBackend( 4130): Added:'ScrollToView', with key:'scroll_to_view'
12-14 01:18:54.986 I/InstrumentationBackend( 4130): Added:'ViewConfiguration', with key:'view_configuration'
12-14 01:18:54.986 I/InstrumentationBackend( 4130): Added:'IsCurrentActivityFocused', with key:'is_current_activity_focused'
12-14 01:18:54.986 I/InstrumentationBackend( 4130): Added:'SendTcp', with key:'send_tcp'
12-14 01:18:54.986 I/InstrumentationBackend( 4130): Added:'DpToDevicePixel', with key:'dp_to_device_pixel'
12-14 01:18:54.987 I/InstrumentationBackend( 4130): Added:'KeyboardEnterText', with key:'keyboard_enter_text'
12-14 01:18:54.988 I/InstrumentationBackend( 4130): Added:'DeleteSurroundingText', with key:'delete_surrounding_text'
12-14 01:18:54.988 I/InstrumentationBackend( 4130): Added:'SetComposingRegion', with key:'set_composing_region'
12-14 01:18:54.989 I/InstrumentationBackend( 4130): Added:'SetSelection', with key:'set_selection'
12-14 01:18:54.989 I/InstrumentationBackend( 4130): Added:'KeyboardKeyEvent', with key:'keyboard_key_event'
12-14 01:18:54.990 I/InstrumentationBackend( 4130): Added:'PressUserActionButton', with key:'press_user_action_button'
12-14 01:18:54.991 I/InstrumentationBackend( 4130): Added:'HideSoftKeyboard', with key:'hide_soft_keyboard'
12-14 01:18:54.992 I/InstrumentationBackend( 4130): Added:'ListActions', with key:'list_actions'
12-14 01:18:54.993 I/calabash( 4130): Instantiating http server at 7102
12-14 01:18:54.993 I/System.out( 4130): HTTP Daemon listening on: 7102
12-14 01:18:55.094 I/System.out( 4130): URI: //ping
12-14 01:18:55.094 I/System.out( 4130): params: {json={}
12-14 01:18:55.094 I/System.out( 4130): }
12-14 01:18:55.105 I/System.out( 4130): URI: //ping
12-14 01:18:55.105 I/System.out( 4130): params: {json={}
12-14 01:18:55.105 I/System.out( 4130): }
12-14 01:18:55.112 I/System.out( 4130): URI: //ready
12-14 01:18:55.112 I/System.out( 4130): params: {json={}
12-14 01:18:55.112 I/System.out( 4130): }
12-14 01:18:55.118 I/System.out( 4130): URI: //
12-14 01:18:55.119 I/System.out( 4130): params: {json={"command":"version","arguments":[]}
12-14 01:18:55.119 I/System.out( 4130): }
12-14 01:18:55.119 I/System.out( 4130): header: {content-type=application/json;charset=utf-8, date=Mon, 14 Dec 2020 06:18:55 GMT, accept=*/*, host=127.0.0.1:34777, content-length=36, user-agent=HTTPClient/1.0 (2.8.3, ruby 2.5.8 (2020-03-31))}
12-14 01:18:55.119 I/System.out( 4130): params: {json={"command":"version","arguments":[]}
12-14 01:18:55.119 I/System.out( 4130): }
12-14 01:18:55.119 I/System.out( 4130): ProP json = {"command":"version","arguments":[]}
12-14 01:18:55.119 I/System.out( 4130): files: {}
12-14 01:18:55.119 I/System.out( 4130): command: {"command":"version","arguments":[]}
12-14 01:18:55.147 I/InstrumentationBackend( 4130): Got command:'Command:'Line:null,version', arguments:'[]'
12-14 01:18:55.184 I/System.out( 4130): result:{"bonusInformation":[],"message":"0.9.8","success":true}
12-14 01:18:55.191 I/System.out( 4130): URI: //start-application
12-14 01:18:55.192 I/System.out( 4130): params: {json={"intent":null}
12-14 01:18:55.192 I/System.out( 4130): }
12-14 01:18:55.243 I/calabash( 4130): newActivity1
12-14 01:18:55.271 D/gralloc_ranchu( 1396): gralloc_alloc: Creating ashmem region of size 7753728
12-14 01:18:55.272 I/calabash( 4130): newActivity1
12-14 01:18:55.361 V/StatusBar( 1730): setLightsOn(true)
12-14 01:18:55.363 D/EGL_emulation( 2158): eglMakeCurrent: 0xa397d1a0: ver 3 0 (tinfo 0xa397fb90)
12-14 01:18:55.363 E/ContentStoreEUAS( 2180): Failed to commit the deferred actions
12-14 01:18:55.381 D/EGL_emulation( 2180): eglMakeCurrent: 0xa397e0a0: ver 3 0 (tinfo 0xa397f8d0)
12-14 01:18:55.387 D/EGL_emulation( 1730): eglMakeCurrent: 0xa19b3ce0: ver 3 0 (tinfo 0xa19eba00)
12-14 01:18:55.410 I/chatty  ( 1730): uid=10028(u0_a28) RenderThread identical 1 line
12-14 01:18:55.413 D/EGL_emulation( 1730): eglMakeCurrent: 0xa19b3ce0: ver 3 0 (tinfo 0xa19eba00)
12-14 01:18:55.414 V/StatusBar( 1730): setLightsOn(true)
12-14 01:18:55.417 D/EGL_emulation( 1730): eglMakeCurrent: 0xa19b3ce0: ver 3 0 (tinfo 0xa19eba00)
12-14 01:18:55.546 I/chatty  ( 1730): uid=10028(u0_a28) RenderThread identical 16 lines
12-14 01:18:55.550 D/EGL_emulation( 1730): eglMakeCurrent: 0xa19b3ce0: ver 3 0 (tinfo 0xa19eba00)
12-14 01:18:55.557 V/StatusBar( 1730): setLightsOn(true)
12-14 01:18:55.564 I/zygote  ( 4130): Do partial code cache collection, code=28KB, data=30KB
12-14 01:18:55.565 I/zygote  ( 4130): After code cache collection, code=28KB, data=30KB
12-14 01:18:55.565 I/zygote  ( 4130): Increasing code cache capacity to 128KB
12-14 01:18:55.566 I/zygote  ( 4130): Do partial code cache collection, code=28KB, data=47KB
12-14 01:18:55.566 I/zygote  ( 4130): After code cache collection, code=28KB, data=47KB
12-14 01:18:55.566 I/zygote  ( 4130): Increasing code cache capacity to 256KB
12-14 01:18:55.567 D/EGL_emulation( 1730): eglMakeCurrent: 0xa19b3ce0: ver 3 0 (tinfo 0xa19eba00)
12-14 01:18:55.569 I/zygote  ( 4130): JIT allocated 71KB for compiled code of void android.widget.TextView.<init>(android.content.Context, android.util.AttributeSet, int, int)
12-14 01:18:55.570 I/zygote  ( 4130): Compiler allocated 4MB to compile void android.widget.TextView.<init>(android.content.Context, android.util.AttributeSet, int, int)
12-14 01:18:55.576 D/EGL_emulation( 1730): eglMakeCurrent: 0xa19b3ce0: ver 3 0 (tinfo 0xa19eba00)
12-14 01:18:55.587 D/EGL_emulation( 1730): eglMakeCurrent: 0xa19b3ce0: ver 3 0 (tinfo 0xa19eba00)
12-14 01:18:55.617 V/StatusBar( 1730): setLightsOn(true)
12-14 01:18:55.625 V/StatusBar( 1730): setLightsOn(true)
12-14 01:18:55.666 D/gralloc_ranchu( 1396): gralloc_alloc: Creating ashmem region of size 7753728
12-14 01:18:55.689 D/        ( 4130): HostConnection::get() New Host Connection established 0xa35afc40, tid 4130
12-14 01:18:55.738 V/StatusBar( 1730): setLightsOn(true)
12-14 01:18:55.740 V/StatusBar( 1730): setLightsOn(true)
12-14 01:18:55.743 I/ActivityManager( 1626): Displayed com.evancharlton.mileage/.Mileage: +503ms
12-14 01:18:55.746 V/StatusBar( 1730): setLightsOn(true)
12-14 01:18:55.772 V/StatusBar( 1730): setLightsOn(true)
12-14 01:18:55.783 I/zygote  ( 4130): Do full code cache collection, code=125KB, data=70KB
12-14 01:18:55.784 I/zygote  ( 4130): After code cache collection, code=106KB, data=43KB
12-14 01:18:55.790 D/gralloc_ranchu( 1396): gralloc_alloc: Creating ashmem region of size 7753728
12-14 01:18:55.804 V/StatusBar( 1730): setLightsOn(true)
12-14 01:18:55.901 E/memtrack( 1626): Couldn't load memtrack module
12-14 01:18:55.901 W/android.os.Debug( 1626): failed to get memory consumption info: -1
12-14 01:18:55.942 V/StatusBar( 1730): setLightsOn(true)
12-14 01:18:56.099 I/chatty  ( 1730): uid=10028(u0_a28) com.android.systemui identical 1 line
12-14 01:18:56.112 V/StatusBar( 1730): setLightsOn(true)
12-14 01:18:56.118 W/SurfaceFlinger( 1407): couldn't log to binary event log: overflow.
12-14 01:18:56.168 I/System.out( 4130): URI: //kill
12-14 01:18:56.169 I/System.out( 4130): params: {json={}
12-14 01:18:56.169 I/System.out( 4130): }
12-14 01:18:56.169 I/System.out( 4130): Stopping test server
12-14 01:18:56.173 E/adbd    ( 1368): failed to connect to socket 'tcp:7102': Connection refused
12-14 01:18:56.175 E/adbd    ( 1368): failed to connect to socket 'tcp:7102': Connection refused
12-14 01:18:56.201 I/PBSessionCacheImpl( 2180): Deleted sessionId[6475710080386] from persistence.
12-14 01:18:56.212 V/StatusBar( 1730): setLightsOn(true)
12-14 01:18:56.223 I/chatty  ( 1730): uid=10028(u0_a28) com.android.systemui identical 1 line
12-14 01:18:56.230 V/StatusBar( 1730): setLightsOn(true)
12-14 01:18:56.230 W/SearchService( 2180): Abort, client detached.
12-14 01:18:56.242 V/StatusBar( 1730): setLightsOn(true)
12-14 01:18:56.262 D/gralloc_ranchu( 1396): gralloc_alloc: Creating ashmem region of size 8298496
12-14 01:18:56.274 D/EGL_emulation( 1730): eglMakeCurrent: 0xa19b3ce0: ver 3 0 (tinfo 0xa19eba00)
12-14 01:18:56.278 D/gralloc_ranchu( 1396): gralloc_alloc: Creating ashmem region of size 8298496
12-14 01:18:56.329 I/chatty  ( 1396): uid=1000(system) allocator@2.0-s identical 3 lines
12-14 01:18:56.361 D/gralloc_ranchu( 1396): gralloc_alloc: Creating ashmem region of size 8298496
12-14 01:18:56.399 D/EGL_emulation( 2158): eglMakeCurrent: 0xa397d1a0: ver 3 0 (tinfo 0xa397fb90)
12-14 01:18:56.405 E/memtrack( 1626): Couldn't load memtrack module
12-14 01:18:56.405 W/android.os.Debug( 1626): failed to get memory consumption info: -1
12-14 01:18:56.432 D/EGL_emulation( 2180): eglMakeCurrent: 0xa397e0a0: ver 3 0 (tinfo 0xa397f8d0)
12-14 01:18:56.457 I/zygote  ( 2180): Deoptimizing void com.google.android.apps.gsa.search.core.service.worker.a.a.a(com.google.android.apps.gsa.search.core.state.qc) due to JIT inline cache
12-14 01:18:56.464 D/gralloc_ranchu( 1396): gralloc_alloc: Creating ashmem region of size 7753728
12-14 01:18:56.475 E/GmsClient( 2180): unable to connect to service: com.google.android.gms.speech.service.START on com.google.android.gms
12-14 01:18:56.478 W/SessionLifecycleManager( 2180): Handover failed. Creating new session controller.
12-14 01:18:56.485 I/OptInState( 2180): There is a new client and it does not support opt-in. Dropping request.
12-14 01:18:56.488 I/zygote  ( 2180): Deoptimizing int[] com.google.common.collect.gx.b(java.lang.Object[], int, int, int) due to JIT inline cache
12-14 01:18:56.502 D/EGL_emulation( 1730): eglMakeCurrent: 0xa19b3ce0: ver 3 0 (tinfo 0xa19eba00)
12-14 01:18:56.519 I/MicroDetectionWorker( 2180): #updateMicroDetector [detectionMode: [mDetectionMode: [1]]]
12-14 01:18:56.520 I/MicroDetectionWorker( 2180): #startMicroDetector [speakerMode: 0]
12-14 01:18:56.522 I/AudioController( 2180): Using mInputStreamFactoryBuilder
12-14 01:18:56.529 I/MicroRecognitionRunner( 2180): Starting detection.
12-14 01:18:56.530 I/MicroDetectionWorker( 2180): onReady
12-14 01:18:56.530 I/MicrophoneInputStream( 2180): mic_starting com.google.android.apps.gsa.staticplugins.aa.c@bdfede
12-14 01:18:56.532 D/EGL_emulation( 1730): eglMakeCurrent: 0xa19b3ce0: ver 3 0 (tinfo 0xa19eba00)
12-14 01:18:56.547 D/EGL_emulation( 1730): eglMakeCurrent: 0xa19b3ce0: ver 3 0 (tinfo 0xa19eba00)
12-14 01:18:56.549 I/MicrophoneInputStream( 2180): mic_started com.google.android.apps.gsa.staticplugins.aa.c@bdfede
12-14 01:18:56.549 I/MicroDetectionWorker( 2180): onReady
12-14 01:18:56.555 W/SpeechLevelGenerator( 2180): Really low audio levels detected. The audio input may have issues.
12-14 01:18:56.555 D/EGL_emulation( 1730): eglMakeCurrent: 0xa19b3ce0: ver 3 0 (tinfo 0xa19eba00)
12-14 01:18:56.566 I/chatty  ( 1730): uid=10028(u0_a28) RenderThread identical 1 line
12-14 01:18:56.572 D/EGL_emulation( 1730): eglMakeCurrent: 0xa19b3ce0: ver 3 0 (tinfo 0xa19eba00)
12-14 01:18:56.578 I/AudioFlinger( 1475): AudioFlinger's thread 0xa4a83080 tid=4180 ready to run
12-14 01:18:56.579 I/MicrophoneInputStream( 2180): mic_close com.google.android.apps.gsa.staticplugins.aa.c@bdfede
12-14 01:18:56.580 I/MicroRecognitionRunner( 2180): Detection finished
12-14 01:18:56.582 D/EGL_emulation( 1730): eglMakeCurrent: 0xa19b3ce0: ver 3 0 (tinfo 0xa19eba00)
12-14 01:18:56.583 W/ErrorReporter( 2180): reportError [type: 211, code: 524300]: Error reading from input stream
12-14 01:18:56.586 I/MicroRecognitionRunner( 2180): Stopping hotword detection.
12-14 01:18:56.586 W/ErrorProcessor( 2180): onFatalError, processing error from engine(4)
12-14 01:18:56.586 W/ErrorProcessor( 2180): com.google.android.apps.gsa.shared.speech.b.g: Error reading from input stream
12-14 01:18:56.586 W/ErrorProcessor( 2180): 	at com.google.android.apps.gsa.staticplugins.recognizer.j.a.a(SourceFile:28)
12-14 01:18:56.586 W/ErrorProcessor( 2180): 	at com.google.android.apps.gsa.staticplugins.recognizer.j.b.run(SourceFile:15)
12-14 01:18:56.586 W/ErrorProcessor( 2180): 	at java.util.concurrent.Executors$RunnableAdapter.call(Executors.java:457)
12-14 01:18:56.586 W/ErrorProcessor( 2180): 	at java.util.concurrent.FutureTask.run(FutureTask.java:266)
12-14 01:18:56.586 W/ErrorProcessor( 2180): 	at com.google.android.apps.gsa.shared.util.concurrent.a.ax.run(SourceFile:14)
12-14 01:18:56.586 W/ErrorProcessor( 2180): 	at com.google.android.apps.gsa.shared.util.concurrent.a.bl.run(SourceFile:4)
12-14 01:18:56.586 W/ErrorProcessor( 2180): 	at com.google.android.apps.gsa.shared.util.concurrent.a.bl.run(SourceFile:4)
12-14 01:18:56.586 W/ErrorProcessor( 2180): 	at java.util.concurrent.ThreadPoolExecutor.runWorker(ThreadPoolExecutor.java:1162)
12-14 01:18:56.586 W/ErrorProcessor( 2180): 	at java.util.concurrent.ThreadPoolExecutor$Worker.run(ThreadPoolExecutor.java:636)
12-14 01:18:56.586 W/ErrorProcessor( 2180): 	at java.lang.Thread.run(Thread.java:764)
12-14 01:18:56.586 W/ErrorProcessor( 2180): 	at com.google.android.apps.gsa.shared.util.concurrent.a.ai.run(SourceFile:6)
12-14 01:18:56.586 W/ErrorProcessor( 2180): Caused by: com.google.android.apps.gsa.shared.exception.GsaIOException: Error code: 393238 | Buffer overflow, no available space.
12-14 01:18:56.586 W/ErrorProcessor( 2180): 	at com.google.android.apps.gsa.speech.audio.Tee.f(SourceFile:103)
12-14 01:18:56.586 W/ErrorProcessor( 2180): 	at com.google.android.apps.gsa.speech.audio.au.read(SourceFile:2)
12-14 01:18:56.586 W/ErrorProcessor( 2180): 	at java.io.InputStream.read(InputStream.java:101)
12-14 01:18:56.586 W/ErrorProcessor( 2180): 	at com.google.android.apps.gsa.speech.audio.ao.run(SourceFile:18)
12-14 01:18:56.586 W/ErrorProcessor( 2180): 	at com.google.android.apps.gsa.speech.audio.an.run(SourceFile:2)
12-14 01:18:56.586 W/ErrorProcessor( 2180): 	... 9 more
12-14 01:18:56.588 I/AudioController( 2180): internalShutdown
12-14 01:18:56.597 D/EGL_emulation( 1730): eglMakeCurrent: 0xa19b3ce0: ver 3 0 (tinfo 0xa19eba00)
12-14 01:18:56.599 I/MicroDetector( 2180): Keeping mic open: false
12-14 01:18:56.599 I/MicroDetectionWorker( 2180): #onError(false)
12-14 01:18:56.600 I/DeviceStateChecker( 2180): DeviceStateChecker cancelled
12-14 01:18:56.601 D/EGL_emulation( 1730): eglMakeCurrent: 0xa19b3ce0: ver 3 0 (tinfo 0xa19eba00)
12-14 01:18:56.614 I/chatty  ( 1730): uid=10028(u0_a28) RenderThread identical 1 line
12-14 01:18:56.617 D/EGL_emulation( 1730): eglMakeCurrent: 0xa19b3ce0: ver 3 0 (tinfo 0xa19eba00)
12-14 01:18:56.626 I/zygote  ( 1730): NativeAllocBackground concurrent copying GC freed 1700(176KB) AllocSpace objects, 0(0B) LOS objects, 50% free, 4MB/8MB, paused 1.813ms total 113.321ms
12-14 01:18:56.630 D/EGL_emulation( 1730): eglMakeCurrent: 0xa19b3ce0: ver 3 0 (tinfo 0xa19eba00)
12-14 01:18:56.721 I/chatty  ( 1730): uid=10028(u0_a28) RenderThread identical 12 lines
12-14 01:18:56.734 D/EGL_emulation( 1730): eglMakeCurrent: 0xa19b3ce0: ver 3 0 (tinfo 0xa19eba00)
12-14 01:18:56.886 W/OpenGLRenderer( 2158): Incorrectly called buildLayer on View: ShortcutAndWidgetContainer, destroying layer...
12-14 01:18:56.977 I/OpenGLRenderer( 1626): Initialized EGL, version 1.4
12-14 01:18:56.977 D/OpenGLRenderer( 1626): Swap behavior 1
12-14 01:18:56.978 W/OpenGLRenderer( 1626): Failed to choose config with EGL_SWAP_BEHAVIOR_PRESERVED, retrying without...
12-14 01:18:56.978 D/OpenGLRenderer( 1626): Swap behavior 0
12-14 01:18:56.983 D/EGL_emulation( 1626): eglCreateContext: 0xa5eae080: maj 3 min 0 rcv 3
12-14 01:18:56.985 D/EGL_emulation( 1626): eglMakeCurrent: 0xa5eae080: ver 3 0 (tinfo 0xa36a3ce0)
12-14 01:18:56.986 E/eglCodecCommon( 1626): glUtilsParamSize: unknow param 0x00008cdf
12-14 01:18:56.986 E/eglCodecCommon( 1626): glUtilsParamSize: unknow param 0x00008cdf
12-14 01:18:56.986 E/eglCodecCommon( 1626): glUtilsParamSize: unknow param 0x00008824
12-14 01:18:56.987 E/eglCodecCommon( 1626): glUtilsParamSize: unknow param 0x00008824
--------- beginning of system
12-14 01:18:59.275 E/TaskPersister( 1626): File error accessing recents directory (directory doesn't exist?).
12-14 01:18:59.506 D/AndroidRuntime( 4184): >>>>>> START com.android.internal.os.RuntimeInit uid 2000 <<<<<<
12-14 01:18:59.539 W/app_process( 4184): Unexpected CPU variant for X86 using defaults: x86
12-14 01:18:59.553 D/AndroidRuntime( 4184): Calling main entry com.android.commands.am.Am
12-14 01:18:59.555 I/ActivityManager( 1626): Force stopping com.evancharlton.mileage appid=10278 user=0: start instr
12-14 01:18:59.556 I/ActivityManager( 1626): Killing 4130:com.evancharlton.mileage/u0a278 (adj 0): stop com.evancharlton.mileage
12-14 01:18:59.556 W/ActivityManager( 1626): Crash of app com.evancharlton.mileage running instrumentation ComponentInfo{com.evancharlton.mileage.test/sh.calaba.instrumentationbackend.CalabashInstrumentationTestRunner}
12-14 01:18:59.556 I/ActivityManager( 1626): Force stopping com.evancharlton.mileage appid=10278 user=0: finished inst
12-14 01:18:59.557 I/ActivityManager( 1626): Killing 3470:com.google.android.apps.docs/u0a52 (adj 906): empty #17
12-14 01:18:59.565 I/zygote  ( 4194): Not late-enabling -Xcheck:jni (already on)
12-14 01:18:59.570 I/ActivityManager( 1626): Start proc 4194:com.evancharlton.mileage/u0a278 for added application com.evancharlton.mileage
12-14 01:18:59.571 D/AndroidRuntime( 4184): Shutting down VM
12-14 01:18:59.572 E/memtrack( 1626): Couldn't load memtrack module
12-14 01:18:59.572 W/android.os.Debug( 1626): failed to get memory consumption info: -1
12-14 01:18:59.573 W/zygote  ( 4194): Unexpected CPU variant for X86 using defaults: x86
12-14 01:18:59.589 E/memtrack( 1626): Couldn't load memtrack module
12-14 01:18:59.589 W/android.os.Debug( 1626): failed to get memory consumption info: -1
12-14 01:18:59.597 E/adbd    ( 1368): failed to connect to socket 'tcp:7102': Connection refused
12-14 01:18:59.600 E/adbd    ( 1368): failed to connect to socket 'tcp:7102': Connection refused
12-14 01:18:59.601 W/zygote  ( 4194): Found duplicate classes, falling back to extracting from APK : /data/app/com.evancharlton.mileage.test-lnShTZjZIcIs86br5hE4MA==/base.apk
12-14 01:18:59.601 W/zygote  ( 4194): NOTE: This wastes RAM and hurts startup performance.
12-14 01:18:59.601 W/zygote  ( 4194): Found duplicated class when checking oat files: 'Ljunit/runner/BaseTestRunner;' in /data/app/com.evancharlton.mileage.test-lnShTZjZIcIs86br5hE4MA==/base.apk and /system/framework/android.test.runner.jar
12-14 01:18:59.601 W/zygote  ( 4194): 
12-14 01:18:59.630 W/System  ( 4194): ClassLoader referenced unknown path: 
12-14 01:18:59.633 D/BoundBrokerSvc( 1942): onUnbind: Intent { act=com.google.android.gms.clearcut.service.START pkg=com.google.android.gms }
12-14 01:18:59.636 W/ActivityManager( 1626): setHasOverlayUi called on unknown pid: 4130
12-14 01:18:59.646 I/System.out( 4194): Main activity name automatically set to: com.evancharlton.mileage.Mileage
12-14 01:18:59.647 I/System.out( 4194): Calabash did not load Mono. This is only a problem if you are trying to test a Mono application
12-14 01:18:59.647 I/calabash( 4194): Test server port: 7102
12-14 01:18:59.649 I/InstrumentationBackend( 4194): Added:'GetPreferences', with key:'get_preferences'
12-14 01:18:59.707 I/InstrumentationBackend( 4194): Added:'SetPreferences', with key:'set_preferences'
12-14 01:18:59.707 I/InstrumentationBackend( 4194): Added:'ClearPreferences', with key:'clear_preferences'
12-14 01:18:59.708 I/InstrumentationBackend( 4194): Added:'PressElement', with key:'press_l10n_element'
12-14 01:18:59.708 I/InstrumentationBackend( 4194): Added:'WaitForElement', with key:'wait_for_l10n_element'
12-14 01:18:59.709 I/InstrumentationBackend( 4194): Added:'NullAction', with key:'nullAction'
12-14 01:18:59.709 I/InstrumentationBackend( 4194): Added:'PressKey', with key:'press_key'
12-14 01:18:59.709 I/InstrumentationBackend( 4194): Added:'SetActivityOrientation', with key:'set_activity_orientation'
12-14 01:18:59.710 I/InstrumentationBackend( 4194): Added:'GetActivityOrientation', with key:'get_activity_orientation'
12-14 01:18:59.710 I/InstrumentationBackend( 4194): Added:'FakeGPSLocation', with key:'set_gps_coordinates'
12-14 01:18:59.711 I/InstrumentationBackend( 4194): Added:'SetPropertyByCssSelector', with key:'set_property_by_css_selector'
12-14 01:18:59.712 I/InstrumentationBackend( 4194): Added:'GetUrl', with key:'get_url'
12-14 01:18:59.714 I/InstrumentationBackend( 4194): Added:'ScrollTo', with key:'scroll_to'
12-14 01:18:59.714 I/InstrumentationBackend( 4194): Added:'GetLoadProgress', with key:'get_load_progress'
12-14 01:18:59.714 I/InstrumentationBackend( 4194): Added:'DumpHtml', with key:'dump_html'
12-14 01:18:59.715 I/InstrumentationBackend( 4194): Added:'DumpBodyHtml', with key:'dump_body_html'
12-14 01:18:59.715 I/InstrumentationBackend( 4194): Added:'EnterTextByCssSelector', with key:'enter_text_by_selector'
12-14 01:18:59.717 E/adbd    ( 1368): failed to connect to socket 'tcp:7102': Connection refused
12-14 01:18:59.719 E/adbd    ( 1368): failed to connect to socket 'tcp:7102': Connection refused
12-14 01:18:59.722 I/InstrumentationBackend( 4194): Added:'AndroidSDKVersion', with key:'android_sdk_version'
12-14 01:18:59.723 I/InstrumentationBackend( 4194): Added:'Version', with key:'version'
12-14 01:18:59.723 I/InstrumentationBackend( 4194): Added:'Drag', with key:'drag'
12-14 01:18:59.723 I/InstrumentationBackend( 4194): Added:'TouchCoordinates', with key:'touch_coordinate'
12-14 01:18:59.723 I/InstrumentationBackend( 4194): Added:'LongPressCoordinate', with key:'long_press_coordinate'
12-14 01:18:59.723 I/InstrumentationBackend( 4194): Added:'DragCoordinates', with key:'drag_coordinates'
12-14 01:18:59.724 I/InstrumentationBackend( 4194): Added:'ResumeApplication', with key:'resume_application'
12-14 01:18:59.724 I/InstrumentationBackend( 4194): Added:'Swipe', with key:'swipe'
12-14 01:18:59.725 I/InstrumentationBackend( 4194): Added:'DoubleTapCoordinate', with key:'double_tap_coordinate'
12-14 01:18:59.725 I/InstrumentationBackend( 4194): Added:'ClickOnScreen', with key:'click_on_screen'
12-14 01:18:59.726 I/InstrumentationBackend( 4194): Added:'GetActivityName', with key:'get_activity_name'
12-14 01:18:59.726 I/InstrumentationBackend( 4194): Added:'ScrollToView', with key:'scroll_to_view'
12-14 01:18:59.726 I/InstrumentationBackend( 4194): Added:'ViewConfiguration', with key:'view_configuration'
12-14 01:18:59.727 I/InstrumentationBackend( 4194): Added:'IsCurrentActivityFocused', with key:'is_current_activity_focused'
12-14 01:18:59.727 I/InstrumentationBackend( 4194): Added:'SendTcp', with key:'send_tcp'
12-14 01:18:59.727 I/InstrumentationBackend( 4194): Added:'DpToDevicePixel', with key:'dp_to_device_pixel'
12-14 01:18:59.728 I/InstrumentationBackend( 4194): Added:'KeyboardEnterText', with key:'keyboard_enter_text'
12-14 01:18:59.730 I/InstrumentationBackend( 4194): Added:'DeleteSurroundingText', with key:'delete_surrounding_text'
12-14 01:18:59.730 I/InstrumentationBackend( 4194): Added:'SetComposingRegion', with key:'set_composing_region'
12-14 01:18:59.730 I/InstrumentationBackend( 4194): Added:'SetSelection', with key:'set_selection'
12-14 01:18:59.731 I/InstrumentationBackend( 4194): Added:'KeyboardKeyEvent', with key:'keyboard_key_event'
12-14 01:18:59.731 I/InstrumentationBackend( 4194): Added:'PressUserActionButton', with key:'press_user_action_button'
12-14 01:18:59.732 I/InstrumentationBackend( 4194): Added:'HideSoftKeyboard', with key:'hide_soft_keyboard'
12-14 01:18:59.733 I/InstrumentationBackend( 4194): Added:'ListActions', with key:'list_actions'
12-14 01:18:59.734 I/calabash( 4194): Instantiating http server at 7102
12-14 01:18:59.734 I/System.out( 4194): HTTP Daemon listening on: 7102
12-14 01:18:59.837 I/System.out( 4194): URI: //ping
12-14 01:18:59.837 I/System.out( 4194): params: {json={}
12-14 01:18:59.838 I/System.out( 4194): }
12-14 01:18:59.849 I/System.out( 4194): URI: //ping
12-14 01:18:59.849 I/System.out( 4194): params: {json={}
12-14 01:18:59.849 I/System.out( 4194): }
12-14 01:18:59.857 I/System.out( 4194): URI: //ready
12-14 01:18:59.857 I/System.out( 4194): params: {json={}
12-14 01:18:59.857 I/System.out( 4194): }
12-14 01:18:59.863 I/System.out( 4194): URI: //
12-14 01:18:59.864 I/System.out( 4194): params: {json={"command":"version","arguments":[]}
12-14 01:18:59.864 I/System.out( 4194): }
12-14 01:18:59.864 I/System.out( 4194): header: {content-type=application/json;charset=utf-8, date=Mon, 14 Dec 2020 06:18:59 GMT, accept=*/*, host=127.0.0.1:34777, content-length=36, user-agent=HTTPClient/1.0 (2.8.3, ruby 2.5.8 (2020-03-31))}
12-14 01:18:59.864 I/System.out( 4194): params: {json={"command":"version","arguments":[]}
12-14 01:18:59.864 I/System.out( 4194): }
12-14 01:18:59.864 I/System.out( 4194): ProP json = {"command":"version","arguments":[]}
12-14 01:18:59.864 I/System.out( 4194): files: {}
12-14 01:18:59.864 I/System.out( 4194): command: {"command":"version","arguments":[]}
12-14 01:18:59.891 I/InstrumentationBackend( 4194): Got command:'Command:'Line:null,version', arguments:'[]'
12-14 01:18:59.928 I/System.out( 4194): result:{"bonusInformation":[],"message":"0.9.8","success":true}
12-14 01:18:59.935 I/System.out( 4194): URI: //start-application
12-14 01:18:59.935 I/System.out( 4194): params: {json={"intent":null}
12-14 01:18:59.935 I/System.out( 4194): }
12-14 01:18:59.976 I/ActivityManager( 1626): START u0 {act=android.intent.action.MAIN cat=[android.intent.category.LAUNCHER] flg=0x10200000 cmp=com.evancharlton.mileage/.Mileage} from uid 10278
12-14 01:18:59.997 I/calabash( 4194): newActivity1
12-14 01:19:00.005 D/gralloc_ranchu( 1396): gralloc_alloc: Creating ashmem region of size 7753728
12-14 01:19:00.044 W/ActivityManager( 1626): Bad activity token: android.os.BinderProxy@eddc4c9
12-14 01:19:00.044 W/ActivityManager( 1626): java.lang.ClassCastException: android.os.BinderProxy cannot be cast to com.android.server.am.ActivityRecord$Token
12-14 01:19:00.044 W/ActivityManager( 1626): 	at com.android.server.am.ActivityRecord.forTokenLocked(ActivityRecord.java:778)
12-14 01:19:00.044 W/ActivityManager( 1626): 	at com.android.server.am.ActivityRecord.isInStackLocked(ActivityRecord.java:2085)
12-14 01:19:00.044 W/ActivityManager( 1626): 	at com.android.server.am.ActivityRecord.getStackLocked(ActivityRecord.java:2090)
12-14 01:19:00.044 W/ActivityManager( 1626): 	at com.android.server.am.ActivityManagerService.getActivityDisplayId(ActivityManagerService.java:10406)
12-14 01:19:00.044 W/ActivityManager( 1626): 	at android.app.IActivityManager$Stub.onTransact(IActivityManager.java:2738)
12-14 01:19:00.044 W/ActivityManager( 1626): 	at com.android.server.am.ActivityManagerService.onTransact(ActivityManagerService.java:2935)
12-14 01:19:00.044 W/ActivityManager( 1626): 	at android.os.Binder.execTransact(Binder.java:674)
12-14 01:19:00.045 I/calabash( 4194): newActivity1
12-14 01:19:00.052 D/EGL_emulation( 2180): eglMakeCurrent: 0xa397e0a0: ver 3 0 (tinfo 0xa397f8d0)
12-14 01:19:00.055 W/ActivityManager( 1626): Bad activity token: android.os.BinderProxy@eddc4c9
12-14 01:19:00.055 W/ActivityManager( 1626): java.lang.ClassCastException: android.os.BinderProxy cannot be cast to com.android.server.am.ActivityRecord$Token
12-14 01:19:00.055 W/ActivityManager( 1626): 	at com.android.server.am.ActivityRecord.forTokenLocked(ActivityRecord.java:778)
12-14 01:19:00.055 W/ActivityManager( 1626): 	at com.android.server.am.ActivityRecord.isInStackLocked(ActivityRecord.java:2085)
12-14 01:19:00.055 W/ActivityManager( 1626): 	at com.android.server.am.ActivityManagerService.setTaskDescription(ActivityManagerService.java:9988)
12-14 01:19:00.055 W/ActivityManager( 1626): 	at android.app.IActivityManager$Stub.onTransact(IActivityManager.java:2824)
12-14 01:19:00.055 W/ActivityManager( 1626): 	at com.android.server.am.ActivityManagerService.onTransact(ActivityManagerService.java:2935)
12-14 01:19:00.055 W/ActivityManager( 1626): 	at android.os.Binder.execTransact(Binder.java:674)
12-14 01:19:00.060 W/ActivityManager( 1626): Bad activity token: android.os.BinderProxy@eddc4c9
12-14 01:19:00.060 W/ActivityManager( 1626): java.lang.ClassCastException: android.os.BinderProxy cannot be cast to com.android.server.am.ActivityRecord$Token
12-14 01:19:00.060 W/ActivityManager( 1626): 	at com.android.server.am.ActivityRecord.forTokenLocked(ActivityRecord.java:778)
12-14 01:19:00.060 W/ActivityManager( 1626): 	at com.android.server.am.ActivityRecord.isInStackLocked(ActivityRecord.java:2085)
12-14 01:19:00.060 W/ActivityManager( 1626): 	at com.android.server.am.ActivityRecord.getStackLocked(ActivityRecord.java:2090)
12-14 01:19:00.060 W/ActivityManager( 1626): 	at com.android.server.am.ActivityManagerService.getActivityStackId(ActivityManagerService.java:10417)
12-14 01:19:00.060 W/ActivityManager( 1626): 	at android.app.IActivityManager$Stub.onTransact(IActivityManager.java:3548)
12-14 01:19:00.060 W/ActivityManager( 1626): 	at com.android.server.am.ActivityManagerService.onTransact(ActivityManagerService.java:2935)
12-14 01:19:00.060 W/ActivityManager( 1626): 	at android.os.Binder.execTransact(Binder.java:674)
12-14 01:19:00.075 V/StatusBar( 1730): setLightsOn(true)
12-14 01:19:00.105 D/EGL_emulation( 1730): eglMakeCurrent: 0xa19b3ce0: ver 3 0 (tinfo 0xa19eba00)
12-14 01:19:00.114 E/ContentStoreEUAS( 2180): Failed to commit the deferred actions
12-14 01:19:00.115 D/EGL_emulation( 1730): eglMakeCurrent: 0xa19b3ce0: ver 3 0 (tinfo 0xa19eba00)
12-14 01:19:00.118 D/EGL_emulation( 2158): eglMakeCurrent: 0xa397d1a0: ver 3 0 (tinfo 0xa397fb90)
12-14 01:19:00.128 D/EGL_emulation( 1730): eglMakeCurrent: 0xa19b3ce0: ver 3 0 (tinfo 0xa19eba00)
12-14 01:19:00.129 V/StatusBar( 1730): setLightsOn(true)
12-14 01:19:00.133 D/EGL_emulation( 1730): eglMakeCurrent: 0xa19b3ce0: ver 3 0 (tinfo 0xa19eba00)
12-14 01:19:00.149 I/chatty  ( 1730): uid=10028(u0_a28) RenderThread identical 2 lines
12-14 01:19:00.160 D/EGL_emulation( 1730): eglMakeCurrent: 0xa19b3ce0: ver 3 0 (tinfo 0xa19eba00)
12-14 01:19:00.161 V/StatusBar( 1730): setLightsOn(true)
12-14 01:19:00.163 D/EGL_emulation( 1730): eglMakeCurrent: 0xa19b3ce0: ver 3 0 (tinfo 0xa19eba00)
12-14 01:19:00.191 W/ActivityManager( 1626): Bad activity token: android.os.BinderProxy@eddc4c9
12-14 01:19:00.191 W/ActivityManager( 1626): java.lang.ClassCastException: android.os.BinderProxy cannot be cast to com.android.server.am.ActivityRecord$Token
12-14 01:19:00.191 W/ActivityManager( 1626): 	at com.android.server.am.ActivityRecord.forTokenLocked(ActivityRecord.java:778)
12-14 01:19:00.191 W/ActivityManager( 1626): 	at com.android.server.am.ActivityRecord.isInStackLocked(ActivityRecord.java:2085)
12-14 01:19:00.191 W/ActivityManager( 1626): 	at com.android.server.am.ActivityManagerService.getActivityOptions(ActivityManagerService.java:13302)
12-14 01:19:00.191 W/ActivityManager( 1626): 	at android.app.IActivityManager$Stub.onTransact(IActivityManager.java:2910)
12-14 01:19:00.191 W/ActivityManager( 1626): 	at com.android.server.am.ActivityManagerService.onTransact(ActivityManagerService.java:2935)
12-14 01:19:00.191 W/ActivityManager( 1626): 	at android.os.Binder.execTransact(Binder.java:674)
12-14 01:19:00.194 W/ActivityManager( 1626): Bad activity token: android.os.BinderProxy@eddc4c9
12-14 01:19:00.194 W/ActivityManager( 1626): java.lang.ClassCastException: android.os.BinderProxy cannot be cast to com.android.server.am.ActivityRecord$Token
12-14 01:19:00.194 W/ActivityManager( 1626): 	at com.android.server.am.ActivityRecord.forTokenLocked(ActivityRecord.java:778)
12-14 01:19:00.194 W/ActivityManager( 1626): 	at com.android.server.am.ActivityRecord.isInStackLocked(ActivityRecord.java:2085)
12-14 01:19:00.194 W/ActivityManager( 1626): 	at com.android.server.am.ActivityManagerService.getActivityOptions(ActivityManagerService.java:13302)
12-14 01:19:00.194 W/ActivityManager( 1626): 	at android.app.IActivityManager$Stub.onTransact(IActivityManager.java:2910)
12-14 01:19:00.194 W/ActivityManager( 1626): 	at com.android.server.am.ActivityManagerService.onTransact(ActivityManagerService.java:2935)
12-14 01:19:00.194 W/ActivityManager( 1626): 	at android.os.Binder.execTransact(Binder.java:674)
12-14 01:19:00.281 I/chatty  ( 1730): uid=10028(u0_a28) RenderThread identical 15 lines
12-14 01:19:00.285 D/EGL_emulation( 1730): eglMakeCurrent: 0xa19b3ce0: ver 3 0 (tinfo 0xa19eba00)
12-14 01:19:00.292 V/StatusBar( 1730): setLightsOn(true)
12-14 01:19:00.294 D/EGL_emulation( 1730): eglMakeCurrent: 0xa19b3ce0: ver 3 0 (tinfo 0xa19eba00)
12-14 01:19:00.302 D/EGL_emulation( 1730): eglMakeCurrent: 0xa19b3ce0: ver 3 0 (tinfo 0xa19eba00)
12-14 01:19:00.328 V/StatusBar( 1730): setLightsOn(true)
12-14 01:19:00.332 V/StatusBar( 1730): setLightsOn(true)
12-14 01:19:00.332 I/zygote  ( 4194): Do partial code cache collection, code=29KB, data=30KB
12-14 01:19:00.333 I/zygote  ( 4194): After code cache collection, code=29KB, data=30KB
12-14 01:19:00.333 I/zygote  ( 4194): Increasing code cache capacity to 128KB
12-14 01:19:00.341 I/zygote  ( 4194): Do partial code cache collection, code=29KB, data=48KB
12-14 01:19:00.347 I/zygote  ( 4194): After code cache collection, code=29KB, data=48KB
12-14 01:19:00.347 I/zygote  ( 4194): Increasing code cache capacity to 256KB
12-14 01:19:00.348 I/zygote  ( 4194): JIT allocated 71KB for compiled code of void android.widget.TextView.<init>(android.content.Context, android.util.AttributeSet, int, int)
12-14 01:19:00.348 I/zygote  ( 4194): Compiler allocated 4MB to compile void android.widget.TextView.<init>(android.content.Context, android.util.AttributeSet, int, int)
12-14 01:19:00.382 D/gralloc_ranchu( 1396): gralloc_alloc: Creating ashmem region of size 7753728
12-14 01:19:00.400 D/        ( 4194): HostConnection::get() New Host Connection established 0xa35afd00, tid 4194
12-14 01:19:00.453 V/StatusBar( 1730): setLightsOn(true)
12-14 01:19:00.457 V/StatusBar( 1730): setLightsOn(true)
12-14 01:19:00.460 I/ActivityManager( 1626): Displayed com.evancharlton.mileage/.Mileage: +466ms
12-14 01:19:00.463 V/StatusBar( 1730): setLightsOn(true)
12-14 01:19:00.484 D/gralloc_ranchu( 1396): gralloc_alloc: Creating ashmem region of size 7753728
12-14 01:19:00.487 V/StatusBar( 1730): setLightsOn(true)
