--------- beginning of main
12-14 01:32:36.234 E/adbd    ( 1384): failed to connect to socket 'tcp:7102': Connection refused
12-14 01:32:36.268 D/EGL_emulation( 2222): eglMakeCurrent: 0xa13fdc20: ver 3 0 (tinfo 0xa13ff750)
12-14 01:32:36.269 D/gralloc_ranchu( 1397): gralloc_alloc: Creating ashmem region of size 8298496
12-14 01:32:36.331 D/BoundBrokerSvc( 1944): onUnbind: Intent { act=com.google.android.gms.pseudonymous.service.START cmp=com.google.android.gms/.chimera.PersistentApiService }
12-14 01:32:36.369 W/SessionLifecycleManager( 2222): Handover failed. Creating new session controller.
12-14 01:32:36.392 D/EGL_emulation( 2182): eglMakeCurrent: 0xa38843c0: ver 3 0 (tinfo 0xa3883350)
12-14 01:32:36.428 I/MicroDetectionWorker( 2222): #updateMicroDetector [detectionMode: [mDetectionMode: [1]]]
12-14 01:32:36.428 I/MicroDetectionWorker( 2222): #startMicroDetector [speakerMode: 0]
12-14 01:32:36.429 I/AudioController( 2222): Using mInputStreamFactoryBuilder
12-14 01:32:36.436 I/MicroDetectionWorker( 2222): onReady
12-14 01:32:36.442 D/gralloc_ranchu( 1397): gralloc_alloc: Creating ashmem region of size 7753728
12-14 01:32:36.443 I/MicroRecognitionRunner( 2222): Starting detection.
12-14 01:32:36.444 I/MicrophoneInputStream( 2222): mic_starting com.google.android.apps.gsa.staticplugins.aa.c@9199d51
12-14 01:32:36.449 I/AudioFlinger( 1477): AudioFlinger's thread 0xb3703680 tid=4037 ready to run
12-14 01:32:36.455 I/MicrophoneInputStream( 2222): mic_started com.google.android.apps.gsa.staticplugins.aa.c@9199d51
12-14 01:32:36.466 W/SpeechLevelGenerator( 2222): Really low audio levels detected. The audio input may have issues.
12-14 01:32:36.505 I/MicrophoneInputStream( 2222): mic_close com.google.android.apps.gsa.staticplugins.aa.c@9199d51
12-14 01:32:36.506 I/MicroRecognitionRunner( 2222): Detection finished
12-14 01:32:36.506 W/ErrorReporter( 2222): reportError [type: 211, code: 524300]: Error reading from input stream
12-14 01:32:36.510 I/MicroRecognitionRunner( 2222): Stopping hotword detection.
12-14 01:32:36.511 W/ErrorProcessor( 2222): onFatalError, processing error from engine(4)
12-14 01:32:36.511 W/ErrorProcessor( 2222): com.google.android.apps.gsa.shared.speech.b.g: Error reading from input stream
12-14 01:32:36.511 W/ErrorProcessor( 2222): 	at com.google.android.apps.gsa.staticplugins.recognizer.j.a.a(SourceFile:28)
12-14 01:32:36.511 W/ErrorProcessor( 2222): 	at com.google.android.apps.gsa.staticplugins.recognizer.j.b.run(SourceFile:15)
12-14 01:32:36.511 W/ErrorProcessor( 2222): 	at java.util.concurrent.Executors$RunnableAdapter.call(Executors.java:457)
12-14 01:32:36.511 W/ErrorProcessor( 2222): 	at java.util.concurrent.FutureTask.run(FutureTask.java:266)
12-14 01:32:36.511 W/ErrorProcessor( 2222): 	at com.google.android.apps.gsa.shared.util.concurrent.a.ax.run(SourceFile:14)
12-14 01:32:36.511 W/ErrorProcessor( 2222): 	at com.google.android.apps.gsa.shared.util.concurrent.a.bl.run(SourceFile:4)
12-14 01:32:36.511 W/ErrorProcessor( 2222): 	at com.google.android.apps.gsa.shared.util.concurrent.a.bl.run(SourceFile:4)
12-14 01:32:36.511 W/ErrorProcessor( 2222): 	at java.util.concurrent.ThreadPoolExecutor.runWorker(ThreadPoolExecutor.java:1162)
12-14 01:32:36.511 W/ErrorProcessor( 2222): 	at java.util.concurrent.ThreadPoolExecutor$Worker.run(ThreadPoolExecutor.java:636)
12-14 01:32:36.511 W/ErrorProcessor( 2222): 	at java.lang.Thread.run(Thread.java:764)
12-14 01:32:36.511 W/ErrorProcessor( 2222): 	at com.google.android.apps.gsa.shared.util.concurrent.a.ai.run(SourceFile:6)
12-14 01:32:36.511 W/ErrorProcessor( 2222): Caused by: com.google.android.apps.gsa.shared.exception.GsaIOException: Error code: 393238 | Buffer overflow, no available space.
12-14 01:32:36.511 W/ErrorProcessor( 2222): 	at com.google.android.apps.gsa.speech.audio.Tee.f(SourceFile:103)
12-14 01:32:36.511 W/ErrorProcessor( 2222): 	at com.google.android.apps.gsa.speech.audio.au.read(SourceFile:2)
12-14 01:32:36.511 W/ErrorProcessor( 2222): 	at java.io.InputStream.read(InputStream.java:101)
12-14 01:32:36.511 W/ErrorProcessor( 2222): 	at com.google.android.apps.gsa.speech.audio.ao.run(SourceFile:18)
12-14 01:32:36.511 W/ErrorProcessor( 2222): 	at com.google.android.apps.gsa.speech.audio.an.run(SourceFile:2)
12-14 01:32:36.511 W/ErrorProcessor( 2222): 	... 9 more
12-14 01:32:36.511 I/AudioController( 2222): internalShutdown
12-14 01:32:36.533 D/EGL_emulation( 1731): eglMakeCurrent: 0xa1077340: ver 3 0 (tinfo 0x9003ac50)
12-14 01:32:36.536 I/MicroDetectionWorker( 2222): onReady
12-14 01:32:36.537 I/MicroDetector( 2222): Keeping mic open: false
12-14 01:32:36.537 I/MicroDetectionWorker( 2222): #onError(false)
12-14 01:32:36.537 I/DeviceStateChecker( 2222): DeviceStateChecker cancelled
12-14 01:32:36.584 D/EGL_emulation( 1731): eglMakeCurrent: 0xa1077340: ver 3 0 (tinfo 0x9003ac50)
12-14 01:32:36.766 I/chatty  ( 1731): uid=10028(u0_a28) RenderThread identical 16 lines
12-14 01:32:36.782 D/EGL_emulation( 1731): eglMakeCurrent: 0xa1077340: ver 3 0 (tinfo 0x9003ac50)
12-14 01:32:36.868 W/OpenGLRenderer( 2182): Incorrectly called buildLayer on View: ShortcutAndWidgetContainer, destroying layer...
12-14 01:32:37.114 I/OpenGLRenderer( 1629): Initialized EGL, version 1.4
12-14 01:32:37.114 D/OpenGLRenderer( 1629): Swap behavior 1
12-14 01:32:37.115 W/OpenGLRenderer( 1629): Failed to choose config with EGL_SWAP_BEHAVIOR_PRESERVED, retrying without...
12-14 01:32:37.115 D/OpenGLRenderer( 1629): Swap behavior 0
12-14 01:32:37.120 D/EGL_emulation( 1629): eglCreateContext: 0xa0efd440: maj 3 min 0 rcv 3
12-14 01:32:37.123 D/EGL_emulation( 1629): eglMakeCurrent: 0xa0efd440: ver 3 0 (tinfo 0xace8bf00)
12-14 01:32:37.124 E/eglCodecCommon( 1629): glUtilsParamSize: unknow param 0x00008cdf
12-14 01:32:37.124 E/eglCodecCommon( 1629): glUtilsParamSize: unknow param 0x00008cdf
12-14 01:32:37.124 E/eglCodecCommon( 1629): glUtilsParamSize: unknow param 0x00008824
12-14 01:32:37.124 E/eglCodecCommon( 1629): glUtilsParamSize: unknow param 0x00008824
12-14 01:32:37.136 D/        ( 1629): HostConnection::get() New Host Connection established 0x91a7ad00, tid 1636
12-14 01:32:37.729 E/memtrack( 1629): Couldn't load memtrack module
12-14 01:32:37.729 W/android.os.Debug( 1629): failed to get memory consumption info: -1
12-14 01:32:38.576 W/audio_hw_generic( 1391): Not supplying enough data to HAL, expected position 559191 , only wrote 358560
12-14 01:32:38.941 W/zygote  ( 4039): Unexpected CPU variant for X86 using defaults: x86
--------- beginning of system
12-14 01:32:38.945 I/ActivityManager( 1629): Start proc 4039:com.android.providers.calendar/u0a4 for content provider com.android.providers.calendar/.CalendarProvider2
12-14 01:32:38.960 I/ActivityManager( 1629): Killing 3387:com.google.android.apps.messaging:rcs/u0a66 (adj 906): empty #17
12-14 01:32:38.981 I/CalendarProvider2( 4039): Created com.android.providers.calendar.CalendarAlarmManager@81a641f(com.android.providers.calendar.CalendarProvider2@cb8436c)
12-14 01:32:38.991 I/ActivityManager( 1629): Killing 3439:com.android.externalstorage/u0a8 (adj 906): empty #17
12-14 01:32:39.222 I/ContentMaintenance( 2114): Internal cache bytes used: 0; limit: 100000000; download size: 0
12-14 01:32:39.230 I/RealtimeCacheCleanup( 2114): Beginning Realtime garbage collection.
12-14 01:32:39.230 I/RealtimeCacheCleanup( 2114): Finished Realtime garbage collection.
12-14 01:32:39.804 E/TaskPersister( 1629): File error accessing recents directory (directory doesn't exist?).
12-14 01:32:39.933 D/BoundBrokerSvc( 1944): onUnbind: Intent { act=com.google.android.gms.phenotype.service.START cmp=com.google.android.gms/.chimera.PersistentApiService }
12-14 01:32:41.274 D/BoundBrokerSvc( 1944): onUnbind: Intent { act=com.google.android.gms.tapandpay.service.BIND cmp=com.google.android.gms/.chimera.PersistentApiService }
12-14 01:32:41.310 D/BoundBrokerSvc( 2114): onUnbind: Intent { act=com.google.android.gms.pay.service.BIND cmp=com.google.android.gms/.chimera.GmsApiService }
12-14 01:32:41.545 I/MicroDetectionWorker( 2222): #updateMicroDetector [detectionMode: [mDetectionMode: [1]]]
12-14 01:32:41.545 I/MicroDetectionWorker( 2222): #startMicroDetector [speakerMode: 0]
12-14 01:32:41.546 I/AudioController( 2222): Using mInputStreamFactoryBuilder
12-14 01:32:41.549 I/MicroDetectionWorker( 2222): onReady
12-14 01:32:41.554 I/MicroRecognitionRunner( 2222): Starting detection.
12-14 01:32:41.555 I/MicrophoneInputStream( 2222): mic_starting com.google.android.apps.gsa.staticplugins.aa.c@9d6d5b5
12-14 01:32:41.561 I/AudioFlinger( 1477): AudioFlinger's thread 0xb3583d00 tid=4058 ready to run
12-14 01:32:41.565 I/MicrophoneInputStream( 2222): mic_started com.google.android.apps.gsa.staticplugins.aa.c@9d6d5b5
12-14 01:32:41.567 E/ActivityThread( 2222): Failed to find provider info for com.google.android.apps.gsa.testing.ui.audio.recorded
12-14 01:32:41.567 I/MicroDetectionWorker( 2222): onReady
12-14 01:32:41.575 I/MicrophoneInputStream( 2222): mic_close com.google.android.apps.gsa.staticplugins.aa.c@9d6d5b5
12-14 01:32:41.575 I/MicroRecognitionRunner( 2222): Detection finished
12-14 01:32:41.575 W/ErrorReporter( 2222): reportError [type: 211, code: 524300]: Error reading from input stream
12-14 01:32:41.576 I/MicroRecognitionRunner( 2222): Stopping hotword detection.
12-14 01:32:41.576 W/ErrorProcessor( 2222): onFatalError, processing error from engine(4)
12-14 01:32:41.576 W/ErrorProcessor( 2222): com.google.android.apps.gsa.shared.speech.b.g: Error reading from input stream
12-14 01:32:41.576 W/ErrorProcessor( 2222): 	at com.google.android.apps.gsa.staticplugins.recognizer.j.a.a(SourceFile:28)
12-14 01:32:41.576 W/ErrorProcessor( 2222): 	at com.google.android.apps.gsa.staticplugins.recognizer.j.b.run(SourceFile:15)
12-14 01:32:41.576 W/ErrorProcessor( 2222): 	at java.util.concurrent.Executors$RunnableAdapter.call(Executors.java:457)
12-14 01:32:41.576 W/ErrorProcessor( 2222): 	at java.util.concurrent.FutureTask.run(FutureTask.java:266)
12-14 01:32:41.576 W/ErrorProcessor( 2222): 	at com.google.android.apps.gsa.shared.util.concurrent.a.ax.run(SourceFile:14)
12-14 01:32:41.576 W/ErrorProcessor( 2222): 	at com.google.android.apps.gsa.shared.util.concurrent.a.bl.run(SourceFile:4)
12-14 01:32:41.576 W/ErrorProcessor( 2222): 	at com.google.android.apps.gsa.shared.util.concurrent.a.bl.run(SourceFile:4)
12-14 01:32:41.576 W/ErrorProcessor( 2222): 	at java.util.concurrent.ThreadPoolExecutor.runWorker(ThreadPoolExecutor.java:1162)
12-14 01:32:41.576 W/ErrorProcessor( 2222): 	at java.util.concurrent.ThreadPoolExecutor$Worker.run(ThreadPoolExecutor.java:636)
12-14 01:32:41.576 W/ErrorProcessor( 2222): 	at java.lang.Thread.run(Thread.java:764)
12-14 01:32:41.576 W/ErrorProcessor( 2222): 	at com.google.android.apps.gsa.shared.util.concurrent.a.ai.run(SourceFile:6)
12-14 01:32:41.576 W/ErrorProcessor( 2222): Caused by: com.google.android.apps.gsa.shared.exception.GsaIOException: Error code: 393238 | Buffer overflow, no available space.
12-14 01:32:41.576 W/ErrorProcessor( 2222): 	at com.google.android.apps.gsa.speech.audio.Tee.f(SourceFile:103)
12-14 01:32:41.576 W/ErrorProcessor( 2222): 	at com.google.android.apps.gsa.speech.audio.au.read(SourceFile:2)
12-14 01:32:41.576 W/ErrorProcessor( 2222): 	at java.io.InputStream.read(InputStream.java:101)
12-14 01:32:41.576 W/ErrorProcessor( 2222): 	at com.google.android.apps.gsa.speech.audio.ao.run(SourceFile:18)
12-14 01:32:41.576 W/ErrorProcessor( 2222): 	at com.google.android.apps.gsa.speech.audio.an.run(SourceFile:2)
12-14 01:32:41.576 W/ErrorProcessor( 2222): 	... 9 more
12-14 01:32:41.576 I/AudioController( 2222): internalShutdown
12-14 01:32:41.577 I/MicroDetector( 2222): Keeping mic open: false
12-14 01:32:41.577 I/MicroDetectionWorker( 2222): #onError(false)
12-14 01:32:41.577 I/DeviceStateChecker( 2222): DeviceStateChecker cancelled
12-14 01:32:42.563 I/Finsky  ( 2547): [2] abyu.onStartJob(3): SCH: onJobSchedulerWakeup with jobId 9001
12-14 01:32:42.564 I/Finsky  ( 2547): [2] abtz.a(9): SCH: Scheduling fallback job with id: 9034, and delay: 43200000 ms
12-14 01:32:42.566 I/Finsky  ( 2547): [2] abtz.b(9): SCH: Scheduling fallback in 64799999 (absolute: 64869557)
12-14 01:32:42.582 I/Finsky  ( 2547): [2] abyu.onStartJob(3): SCH: onJobSchedulerWakeup with jobId 9003
12-14 01:32:42.583 I/Finsky  ( 2547): [2] abtz.a(9): SCH: Scheduling fallback job with id: 9034, and delay: 43200000 ms
12-14 01:32:42.585 I/Finsky  ( 2547): [2] abtz.b(9): SCH: Scheduling fallback in 64799999 (absolute: 64869576)
12-14 01:32:42.587 W/Finsky  ( 2547): [2] abyu.onStartJob(10): SCH: onJobSchedulerWakeup while already running
12-14 01:32:42.594 I/Finsky  ( 2547): [2] abui.handleMessage(8): SCH: DeviceState: DeviceState{currentTime=1607927562591, isCharging=false, isIdle=false, netAny=true, netNotRoaming=true, netUnmetered=true, batteryPercent=100.0}
12-14 01:32:42.601 I/Finsky  ( 2547): [125] abwt.b(5): SCH: Jobs in database: 1-1337 2-48879 3-104 12-1 26-1414141414 29-29 
12-14 01:32:42.610 I/Finsky  ( 2547): [2] abuj.b(10): SCH: Running job: 12-1
12-14 01:32:42.610 I/Finsky  ( 2547): [2] ContentSyncJob.r(1): [ContentSync] job started
12-14 01:32:42.611 I/Finsky  ( 2547): [2] abuj.b(10): SCH: Running job: 29-29
12-14 01:32:42.614 I/Finsky  ( 2547): [2] abui.handleMessage(59): SCH: RunningQueue size: 2, PendingQueue size: 0
12-14 01:32:42.614 I/Finsky  ( 2547): [2] abuj.p(3): SCH: Running queue: 12-1 29-29 
12-14 01:32:42.615 I/Finsky  ( 2547): [190] ajmy.a(0): ProcessRecoveryLogsUtil: No files in recovery directory
12-14 01:32:42.615 I/Finsky  ( 2547): [190] abvs.n(4): SCH: jobFinished: 29-29. TimeElapsed: 5ms.
12-14 01:32:42.619 I/Finsky  ( 2547): [2] abuj.e(4): SCH: Job 29-29 finished. Not rescheduling.
12-14 01:32:42.619 I/Finsky  ( 2547): [2] abui.handleMessage(59): SCH: RunningQueue size: 1, PendingQueue size: 0
12-14 01:32:42.620 I/Finsky  ( 2547): [2] abuj.p(3): SCH: Running queue: 12-1 
12-14 01:32:42.703 I/zygote  ( 2547): Deoptimizing j$.util.stream.Sink j$.util.stream.AbstractPipeline.wrapAndCopyInto(j$.util.stream.Sink, j$.util.Spliterator) due to JIT inline cache
12-14 01:32:42.719 W/NetworkScheduler.TED( 1944): Enforcing binder timeout for ComponentInfo{com.google.android.videos/com.google.android.videos.service.drm.RefreshLicenseTaskService}
12-14 01:32:42.720 E/NetworkScheduler.TED( 1944): Dropping task as app's play services SDK version does not support Android O. Either update the SDK or lower your app's target SDK version. Canceling all tasks for the service: ComponentInfo{com.google.android.videos/com.google.android.videos.service.drm.RefreshLicenseTaskService}
12-14 01:32:42.744 I/zygote  ( 2547): Deoptimizing void j$.util.stream.AbstractPipeline.copyInto(j$.util.stream.Sink, j$.util.Spliterator) due to JIT inline cache
12-14 01:32:42.798 I/Finsky  ( 2547): [179] glv.b(1): Completed 0 account content syncs with 0 successful.
12-14 01:32:42.799 I/Finsky  ( 2547): [2] ContentSyncJob.a(1): [ContentSync] Installation state replication succeeded.
12-14 01:32:42.799 I/Finsky  ( 2547): [2] abvs.n(4): SCH: jobFinished: 12-1. TimeElapsed: 189ms.
12-14 01:32:42.800 I/Finsky  ( 2547): [2] abuj.e(4): SCH: Job 12-1 finished. Not rescheduling.
12-14 01:32:42.802 I/Finsky  ( 2547): [2] abui.handleMessage(59): SCH: RunningQueue size: 0, PendingQueue size: 0
12-14 01:32:42.802 I/Finsky  ( 2547): [2] abui.handleMessage(26): SCH: Executor finished
12-14 01:32:42.812 D/AndroidRuntime( 4063): >>>>>> START com.android.internal.os.RuntimeInit uid 2000 <<<<<<
12-14 01:32:42.812 I/Finsky  ( 2547): [2] abwt.b(5): SCH: Jobs in database: 1-1337 2-48879 3-104 26-1414141414 
12-14 01:32:42.814 I/Finsky  ( 2547): [2] abvf.d(37): SCH: ConstraintMapping: 1-1337,  -> L: 6004148ms, D: 49204148ms, C: false, I: false, N: 1
12-14 01:32:42.814 I/Finsky  ( 2547): [2] abvf.d(37): SCH: ConstraintMapping: 2-48879, 3-104,  -> L: 0ms, D: 68873282ms, C: true, I: true, N: 2
12-14 01:32:42.814 I/Finsky  ( 2547): [2] abvf.d(37): SCH: ConstraintMapping: 26-1414141414,  -> L: 26994237ms, D: 27894237ms, C: false, I: false, N: 0
12-14 01:32:42.816 I/Finsky  ( 2547): [2] abvf.f(7): SCH: Cancelling existing jobscheduler jobs: 9002 
12-14 01:32:42.816 I/Finsky  ( 2547): [2] abvf.e(23): SCH: Scheduling job Id: 9000, L: 6004148, D: 49204148, C: false, I: false, N: 1
12-14 01:32:42.817 I/Finsky  ( 2547): [2] abvf.e(8): SCH: Throttling wakeup for job 9003 (expected to run in 0 ms) due to recent wakeup
12-14 01:32:42.817 I/Finsky  ( 2547): [2] abvf.e(23): SCH: Scheduling job Id: 9003, L: 30000, D: 68873282, C: true, I: true, N: 2
12-14 01:32:42.818 I/Finsky  ( 2547): [2] abvf.e(23): SCH: Scheduling job Id: 9004, L: 26994237, D: 27894237, C: false, I: false, N: 0
12-14 01:32:42.849 W/app_process( 4063): Unexpected CPU variant for X86 using defaults: x86
12-14 01:32:42.870 D/AndroidRuntime( 4063): Calling main entry com.android.commands.am.Am
12-14 01:32:42.871 I/ActivityManager( 1629): Force stopping com.evancharlton.mileage appid=10292 user=0: start instr
12-14 01:32:42.872 I/ActivityManager( 1629): Killing 3968:com.evancharlton.mileage/u0a292 (adj 0): stop com.evancharlton.mileage
12-14 01:32:42.874 W/ActivityManager( 1629): Crash of app com.evancharlton.mileage running instrumentation ComponentInfo{com.evancharlton.mileage.test/sh.calaba.instrumentationbackend.CalabashInstrumentationTestRunner}
12-14 01:32:42.874 I/ActivityManager( 1629): Force stopping com.evancharlton.mileage appid=10292 user=0: finished inst
12-14 01:32:42.880 I/zygote  ( 4077): Not late-enabling -Xcheck:jni (already on)
12-14 01:32:42.887 W/zygote  ( 4077): Unexpected CPU variant for X86 using defaults: x86
12-14 01:32:42.887 I/ActivityManager( 1629): Start proc 4077:com.evancharlton.mileage/u0a292 for added application com.evancharlton.mileage
12-14 01:32:42.888 D/AndroidRuntime( 4063): Shutting down VM
12-14 01:32:42.915 E/adbd    ( 1384): failed to connect to socket 'tcp:7102': Connection refused
12-14 01:32:42.919 E/adbd    ( 1384): failed to connect to socket 'tcp:7102': Connection refused
12-14 01:32:42.926 W/zygote  ( 4077): Found duplicate classes, falling back to extracting from APK : /data/app/com.evancharlton.mileage.test-RdOToH4k9XrSe2MmwIONdw==/base.apk
12-14 01:32:42.926 W/zygote  ( 4077): NOTE: This wastes RAM and hurts startup performance.
12-14 01:32:42.926 W/zygote  ( 4077): Found duplicated class when checking oat files: 'Ljunit/runner/BaseTestRunner;' in /data/app/com.evancharlton.mileage.test-RdOToH4k9XrSe2MmwIONdw==/base.apk and /system/framework/android.test.runner.jar
12-14 01:32:42.926 W/zygote  ( 4077): 
12-14 01:32:42.931 W/ActivityManager( 1629): setHasOverlayUi called on unknown pid: 3968
12-14 01:32:42.974 W/System  ( 4077): ClassLoader referenced unknown path: 
12-14 01:32:42.996 I/System.out( 4077): Main activity name automatically set to: com.evancharlton.mileage.Mileage
12-14 01:32:42.996 I/System.out( 4077): Calabash did not load Mono. This is only a problem if you are trying to test a Mono application
12-14 01:32:42.996 I/calabash( 4077): Test server port: 7102
12-14 01:32:42.998 I/InstrumentationBackend( 4077): Added:'GetPreferences', with key:'get_preferences'
12-14 01:32:43.030 E/adbd    ( 1384): failed to connect to socket 'tcp:7102': Connection refused
12-14 01:32:43.038 E/adbd    ( 1384): failed to connect to socket 'tcp:7102': Connection refused
12-14 01:32:43.082 I/InstrumentationBackend( 4077): Added:'SetPreferences', with key:'set_preferences'
12-14 01:32:43.083 I/InstrumentationBackend( 4077): Added:'ClearPreferences', with key:'clear_preferences'
12-14 01:32:43.083 I/InstrumentationBackend( 4077): Added:'PressElement', with key:'press_l10n_element'
12-14 01:32:43.084 I/InstrumentationBackend( 4077): Added:'WaitForElement', with key:'wait_for_l10n_element'
12-14 01:32:43.085 I/InstrumentationBackend( 4077): Added:'NullAction', with key:'nullAction'
12-14 01:32:43.086 I/InstrumentationBackend( 4077): Added:'PressKey', with key:'press_key'
12-14 01:32:43.086 I/InstrumentationBackend( 4077): Added:'SetActivityOrientation', with key:'set_activity_orientation'
12-14 01:32:43.086 I/InstrumentationBackend( 4077): Added:'GetActivityOrientation', with key:'get_activity_orientation'
12-14 01:32:43.087 I/InstrumentationBackend( 4077): Added:'FakeGPSLocation', with key:'set_gps_coordinates'
12-14 01:32:43.087 I/InstrumentationBackend( 4077): Added:'SetPropertyByCssSelector', with key:'set_property_by_css_selector'
12-14 01:32:43.089 I/InstrumentationBackend( 4077): Added:'GetUrl', with key:'get_url'
12-14 01:32:43.093 I/InstrumentationBackend( 4077): Added:'ScrollTo', with key:'scroll_to'
12-14 01:32:43.093 I/InstrumentationBackend( 4077): Added:'GetLoadProgress', with key:'get_load_progress'
12-14 01:32:43.094 I/InstrumentationBackend( 4077): Added:'DumpHtml', with key:'dump_html'
12-14 01:32:43.094 I/InstrumentationBackend( 4077): Added:'DumpBodyHtml', with key:'dump_body_html'
12-14 01:32:43.094 I/InstrumentationBackend( 4077): Added:'EnterTextByCssSelector', with key:'enter_text_by_selector'
12-14 01:32:43.101 I/InstrumentationBackend( 4077): Added:'AndroidSDKVersion', with key:'android_sdk_version'
12-14 01:32:43.101 I/InstrumentationBackend( 4077): Added:'Version', with key:'version'
12-14 01:32:43.102 I/InstrumentationBackend( 4077): Added:'Drag', with key:'drag'
12-14 01:32:43.102 I/InstrumentationBackend( 4077): Added:'TouchCoordinates', with key:'touch_coordinate'
12-14 01:32:43.102 I/InstrumentationBackend( 4077): Added:'LongPressCoordinate', with key:'long_press_coordinate'
12-14 01:32:43.102 I/InstrumentationBackend( 4077): Added:'DragCoordinates', with key:'drag_coordinates'
12-14 01:32:43.103 I/InstrumentationBackend( 4077): Added:'ResumeApplication', with key:'resume_application'
12-14 01:32:43.103 I/InstrumentationBackend( 4077): Added:'Swipe', with key:'swipe'
12-14 01:32:43.103 I/InstrumentationBackend( 4077): Added:'DoubleTapCoordinate', with key:'double_tap_coordinate'
12-14 01:32:43.103 I/InstrumentationBackend( 4077): Added:'ClickOnScreen', with key:'click_on_screen'
12-14 01:32:43.104 I/InstrumentationBackend( 4077): Added:'GetActivityName', with key:'get_activity_name'
12-14 01:32:43.105 I/InstrumentationBackend( 4077): Added:'ScrollToView', with key:'scroll_to_view'
12-14 01:32:43.106 I/InstrumentationBackend( 4077): Added:'ViewConfiguration', with key:'view_configuration'
12-14 01:32:43.106 I/InstrumentationBackend( 4077): Added:'IsCurrentActivityFocused', with key:'is_current_activity_focused'
12-14 01:32:43.106 I/InstrumentationBackend( 4077): Added:'SendTcp', with key:'send_tcp'
12-14 01:32:43.107 I/InstrumentationBackend( 4077): Added:'DpToDevicePixel', with key:'dp_to_device_pixel'
12-14 01:32:43.108 I/InstrumentationBackend( 4077): Added:'KeyboardEnterText', with key:'keyboard_enter_text'
12-14 01:32:43.110 I/InstrumentationBackend( 4077): Added:'DeleteSurroundingText', with key:'delete_surrounding_text'
12-14 01:32:43.110 I/InstrumentationBackend( 4077): Added:'SetComposingRegion', with key:'set_composing_region'
12-14 01:32:43.111 I/InstrumentationBackend( 4077): Added:'SetSelection', with key:'set_selection'
12-14 01:32:43.111 I/InstrumentationBackend( 4077): Added:'KeyboardKeyEvent', with key:'keyboard_key_event'
12-14 01:32:43.112 I/InstrumentationBackend( 4077): Added:'PressUserActionButton', with key:'press_user_action_button'
12-14 01:32:43.113 I/InstrumentationBackend( 4077): Added:'HideSoftKeyboard', with key:'hide_soft_keyboard'
12-14 01:32:43.114 I/InstrumentationBackend( 4077): Added:'ListActions', with key:'list_actions'
12-14 01:32:43.114 I/calabash( 4077): Instantiating http server at 7102
12-14 01:32:43.115 I/System.out( 4077): HTTP Daemon listening on: 7102
12-14 01:32:43.146 I/BackgroundDexOptService( 1629): Pinning optimized code {}
12-14 01:32:43.154 I/System.out( 4077): URI: //ping
12-14 01:32:43.154 I/System.out( 4077): params: {json={}
12-14 01:32:43.154 I/System.out( 4077): }
12-14 01:32:43.161 I/System.out( 4077): URI: //ping
12-14 01:32:43.161 I/System.out( 4077): params: {json={}
12-14 01:32:43.161 I/System.out( 4077): }
12-14 01:32:43.167 I/System.out( 4077): URI: //ready
12-14 01:32:43.167 I/System.out( 4077): params: {json={}
12-14 01:32:43.167 I/System.out( 4077): }
12-14 01:32:43.173 I/System.out( 4077): URI: //
12-14 01:32:43.173 I/System.out( 4077): params: {json={"command":"version","arguments":[]}
12-14 01:32:43.173 I/System.out( 4077): }
12-14 01:32:43.173 I/System.out( 4077): header: {content-type=application/json;charset=utf-8, date=Mon, 14 Dec 2020 06:32:43 GMT, accept=*/*, host=127.0.0.1:34777, content-length=36, user-agent=HTTPClient/1.0 (2.8.3, ruby 2.5.8 (2020-03-31))}
12-14 01:32:43.173 I/System.out( 4077): params: {json={"command":"version","arguments":[]}
12-14 01:32:43.173 I/System.out( 4077): }
12-14 01:32:43.173 I/System.out( 4077): ProP json = {"command":"version","arguments":[]}
12-14 01:32:43.173 I/System.out( 4077): files: {}
12-14 01:32:43.173 I/System.out( 4077): command: {"command":"version","arguments":[]}
12-14 01:32:43.201 I/InstrumentationBackend( 4077): Got command:'Command:'Line:null,version', arguments:'[]'
12-14 01:32:43.236 I/System.out( 4077): result:{"bonusInformation":[],"message":"0.9.8","success":true}
12-14 01:32:43.242 I/System.out( 4077): URI: //start-application
12-14 01:32:43.243 I/System.out( 4077): params: {json={"intent":null}
12-14 01:32:43.243 I/System.out( 4077): }
12-14 01:32:43.278 I/ActivityManager( 1629): START u0 {act=android.intent.action.MAIN cat=[android.intent.category.LAUNCHER] flg=0x10200000 cmp=com.evancharlton.mileage/.Mileage} from uid 10292
12-14 01:32:43.291 I/calabash( 4077): newActivity1
12-14 01:32:43.312 D/gralloc_ranchu( 1397): gralloc_alloc: Creating ashmem region of size 7753728
12-14 01:32:43.333 W/ActivityManager( 1629): Bad activity token: android.os.BinderProxy@21c0f17
12-14 01:32:43.333 W/ActivityManager( 1629): java.lang.ClassCastException: android.os.BinderProxy cannot be cast to com.android.server.am.ActivityRecord$Token
12-14 01:32:43.333 W/ActivityManager( 1629): 	at com.android.server.am.ActivityRecord.forTokenLocked(ActivityRecord.java:778)
12-14 01:32:43.333 W/ActivityManager( 1629): 	at com.android.server.am.ActivityRecord.isInStackLocked(ActivityRecord.java:2085)
12-14 01:32:43.333 W/ActivityManager( 1629): 	at com.android.server.am.ActivityRecord.getStackLocked(ActivityRecord.java:2090)
12-14 01:32:43.333 W/ActivityManager( 1629): 	at com.android.server.am.ActivityManagerService.getActivityDisplayId(ActivityManagerService.java:10406)
12-14 01:32:43.333 W/ActivityManager( 1629): 	at android.app.IActivityManager$Stub.onTransact(IActivityManager.java:2738)
12-14 01:32:43.333 W/ActivityManager( 1629): 	at com.android.server.am.ActivityManagerService.onTransact(ActivityManagerService.java:2935)
12-14 01:32:43.333 W/ActivityManager( 1629): 	at android.os.Binder.execTransact(Binder.java:674)
12-14 01:32:43.335 I/calabash( 4077): newActivity1
12-14 01:32:43.342 W/ActivityManager( 1629): Bad activity token: android.os.BinderProxy@21c0f17
12-14 01:32:43.342 W/ActivityManager( 1629): java.lang.ClassCastException: android.os.BinderProxy cannot be cast to com.android.server.am.ActivityRecord$Token
12-14 01:32:43.342 W/ActivityManager( 1629): 	at com.android.server.am.ActivityRecord.forTokenLocked(ActivityRecord.java:778)
12-14 01:32:43.342 W/ActivityManager( 1629): 	at com.android.server.am.ActivityRecord.isInStackLocked(ActivityRecord.java:2085)
12-14 01:32:43.342 W/ActivityManager( 1629): 	at com.android.server.am.ActivityManagerService.setTaskDescription(ActivityManagerService.java:9988)
12-14 01:32:43.342 W/ActivityManager( 1629): 	at android.app.IActivityManager$Stub.onTransact(IActivityManager.java:2824)
12-14 01:32:43.342 W/ActivityManager( 1629): 	at com.android.server.am.ActivityManagerService.onTransact(ActivityManagerService.java:2935)
12-14 01:32:43.342 W/ActivityManager( 1629): 	at android.os.Binder.execTransact(Binder.java:674)
12-14 01:32:43.343 W/ActivityManager( 1629): Bad activity token: android.os.BinderProxy@21c0f17
12-14 01:32:43.343 W/ActivityManager( 1629): java.lang.ClassCastException: android.os.BinderProxy cannot be cast to com.android.server.am.ActivityRecord$Token
12-14 01:32:43.343 W/ActivityManager( 1629): 	at com.android.server.am.ActivityRecord.forTokenLocked(ActivityRecord.java:778)
12-14 01:32:43.343 W/ActivityManager( 1629): 	at com.android.server.am.ActivityRecord.isInStackLocked(ActivityRecord.java:2085)
12-14 01:32:43.343 W/ActivityManager( 1629): 	at com.android.server.am.ActivityRecord.getStackLocked(ActivityRecord.java:2090)
12-14 01:32:43.343 W/ActivityManager( 1629): 	at com.android.server.am.ActivityManagerService.getActivityStackId(ActivityManagerService.java:10417)
12-14 01:32:43.343 W/ActivityManager( 1629): 	at android.app.IActivityManager$Stub.onTransact(IActivityManager.java:3548)
12-14 01:32:43.343 W/ActivityManager( 1629): 	at com.android.server.am.ActivityManagerService.onTransact(ActivityManagerService.java:2935)
12-14 01:32:43.343 W/ActivityManager( 1629): 	at android.os.Binder.execTransact(Binder.java:674)
12-14 01:32:43.397 D/EGL_emulation( 2182): eglMakeCurrent: 0xa38843c0: ver 3 0 (tinfo 0xa3883350)
12-14 01:32:43.402 D/EGL_emulation( 2222): eglMakeCurrent: 0xa13fdc20: ver 3 0 (tinfo 0xa13ff750)
12-14 01:32:43.429 E/ContentStoreEUAS( 2222): Failed to commit the deferred actions
12-14 01:32:43.435 D/EGL_emulation( 1731): eglMakeCurrent: 0xa1077340: ver 3 0 (tinfo 0x9003ac50)
12-14 01:32:43.436 V/StatusBar( 1731): setLightsOn(true)
12-14 01:32:43.436 W/ActivityManager( 1629): Bad activity token: android.os.BinderProxy@21c0f17
12-14 01:32:43.436 W/ActivityManager( 1629): java.lang.ClassCastException: android.os.BinderProxy cannot be cast to com.android.server.am.ActivityRecord$Token
12-14 01:32:43.436 W/ActivityManager( 1629): 	at com.android.server.am.ActivityRecord.forTokenLocked(ActivityRecord.java:778)
12-14 01:32:43.436 W/ActivityManager( 1629): 	at com.android.server.am.ActivityRecord.isInStackLocked(ActivityRecord.java:2085)
12-14 01:32:43.436 W/ActivityManager( 1629): 	at com.android.server.am.ActivityManagerService.getActivityOptions(ActivityManagerService.java:13302)
12-14 01:32:43.436 W/ActivityManager( 1629): 	at android.app.IActivityManager$Stub.onTransact(IActivityManager.java:2910)
12-14 01:32:43.436 W/ActivityManager( 1629): 	at com.android.server.am.ActivityManagerService.onTransact(ActivityManagerService.java:2935)
12-14 01:32:43.436 W/ActivityManager( 1629): 	at android.os.Binder.execTransact(Binder.java:674)
12-14 01:32:43.437 W/ActivityManager( 1629): Bad activity token: android.os.BinderProxy@21c0f17
12-14 01:32:43.437 W/ActivityManager( 1629): java.lang.ClassCastException: android.os.BinderProxy cannot be cast to com.android.server.am.ActivityRecord$Token
12-14 01:32:43.437 W/ActivityManager( 1629): 	at com.android.server.am.ActivityRecord.forTokenLocked(ActivityRecord.java:778)
12-14 01:32:43.437 W/ActivityManager( 1629): 	at com.android.server.am.ActivityRecord.isInStackLocked(ActivityRecord.java:2085)
12-14 01:32:43.437 W/ActivityManager( 1629): 	at com.android.server.am.ActivityManagerService.getActivityOptions(ActivityManagerService.java:13302)
12-14 01:32:43.437 W/ActivityManager( 1629): 	at android.app.IActivityManager$Stub.onTransact(IActivityManager.java:2910)
12-14 01:32:43.437 W/ActivityManager( 1629): 	at com.android.server.am.ActivityManagerService.onTransact(ActivityManagerService.java:2935)
12-14 01:32:43.437 W/ActivityManager( 1629): 	at android.os.Binder.execTransact(Binder.java:674)
12-14 01:32:43.445 D/EGL_emulation( 1731): eglMakeCurrent: 0xa1077340: ver 3 0 (tinfo 0x9003ac50)
12-14 01:32:43.546 I/chatty  ( 1731): uid=10028(u0_a28) RenderThread identical 12 lines
12-14 01:32:43.554 D/EGL_emulation( 1731): eglMakeCurrent: 0xa1077340: ver 3 0 (tinfo 0x9003ac50)
12-14 01:32:43.555 V/StatusBar( 1731): setLightsOn(true)
12-14 01:32:43.566 D/EGL_emulation( 1731): eglMakeCurrent: 0xa1077340: ver 3 0 (tinfo 0x9003ac50)
12-14 01:32:43.580 I/chatty  ( 1731): uid=10028(u0_a28) RenderThread identical 2 lines
12-14 01:32:43.588 D/EGL_emulation( 1731): eglMakeCurrent: 0xa1077340: ver 3 0 (tinfo 0x9003ac50)
12-14 01:32:43.592 I/zygote  ( 4077): Do partial code cache collection, code=28KB, data=30KB
12-14 01:32:43.592 I/zygote  ( 4077): After code cache collection, code=28KB, data=30KB
12-14 01:32:43.592 I/zygote  ( 4077): Increasing code cache capacity to 128KB
12-14 01:32:43.596 D/EGL_emulation( 1731): eglMakeCurrent: 0xa1077340: ver 3 0 (tinfo 0x9003ac50)
12-14 01:32:43.604 D/EGL_emulation( 1731): eglMakeCurrent: 0xa1077340: ver 3 0 (tinfo 0x9003ac50)
12-14 01:32:43.605 I/zygote  ( 4077): Do partial code cache collection, code=28KB, data=47KB
12-14 01:32:43.608 I/zygote  ( 4077): After code cache collection, code=28KB, data=47KB
12-14 01:32:43.608 I/zygote  ( 4077): Increasing code cache capacity to 256KB
12-14 01:32:43.609 I/zygote  ( 4077): JIT allocated 71KB for compiled code of void android.widget.TextView.<init>(android.content.Context, android.util.AttributeSet, int, int)
12-14 01:32:43.609 I/zygote  ( 4077): Compiler allocated 4MB to compile void android.widget.TextView.<init>(android.content.Context, android.util.AttributeSet, int, int)
12-14 01:32:43.612 D/EGL_emulation( 1731): eglMakeCurrent: 0xa1077340: ver 3 0 (tinfo 0x9003ac50)
12-14 01:32:43.621 I/chatty  ( 1731): uid=10028(u0_a28) RenderThread identical 1 line
12-14 01:32:43.630 D/EGL_emulation( 1731): eglMakeCurrent: 0xa1077340: ver 3 0 (tinfo 0x9003ac50)
12-14 01:32:43.644 V/StatusBar( 1731): setLightsOn(true)
12-14 01:32:43.646 I/chatty  ( 1731): uid=10028(u0_a28) com.android.systemui identical 1 line
12-14 01:32:43.651 V/StatusBar( 1731): setLightsOn(true)
12-14 01:32:43.693 D/gralloc_ranchu( 1397): gralloc_alloc: Creating ashmem region of size 7753728
12-14 01:32:43.720 D/        ( 4077): HostConnection::get() New Host Connection established 0xa0f2fe80, tid 4077
12-14 01:32:43.722 E/memtrack( 1629): Couldn't load memtrack module
12-14 01:32:43.722 W/android.os.Debug( 1629): failed to get memory consumption info: -1
12-14 01:32:43.776 V/StatusBar( 1731): setLightsOn(true)
12-14 01:32:43.785 V/StatusBar( 1731): setLightsOn(true)
12-14 01:32:43.788 I/ActivityManager( 1629): Displayed com.evancharlton.mileage/.Mileage: +494ms
12-14 01:32:43.790 V/StatusBar( 1731): setLightsOn(true)
12-14 01:32:43.807 D/gralloc_ranchu( 1397): gralloc_alloc: Creating ashmem region of size 7753728
12-14 01:32:43.840 V/StatusBar( 1731): setLightsOn(true)
12-14 01:32:43.872 I/zygote  ( 4077): Do full code cache collection, code=124KB, data=73KB
12-14 01:32:43.873 I/zygote  ( 4077): After code cache collection, code=105KB, data=46KB
12-14 01:32:43.967 V/StatusBar( 1731): setLightsOn(true)
