--------- beginning of main
12-14 01:32:46.268 I/zygote  ( 2222): Do partial code cache collection, code=237KB, data=183KB
12-14 01:32:46.270 I/zygote  ( 2222): After code cache collection, code=237KB, data=183KB
12-14 01:32:46.270 I/zygote  ( 2222): Increasing code cache capacity to 1024KB
12-14 01:32:46.277 W/SearchService( 2222): Abort, client detached.
12-14 01:32:46.278 V/StatusBar( 1731): setLightsOn(true)
12-14 01:32:46.283 I/chatty  ( 1731): uid=10028(u0_a28) com.android.systemui identical 1 line
--------- beginning of system
12-14 01:32:46.290 W/ActivityManager( 1629): Finishing task with all activities already finished
12-14 01:32:46.290 W/ActivityManager( 1629): Duplicate finish request for ActivityRecord{e28e101 u0 com.evancharlton.mileage/.Mileage t791 f}
12-14 01:32:46.291 V/StatusBar( 1731): setLightsOn(true)
12-14 01:32:46.291 E/memtrack( 1629): Couldn't load memtrack module
12-14 01:32:46.291 W/android.os.Debug( 1629): failed to get memory consumption info: -1
12-14 01:32:46.291 W/ActivityManager( 1629): Finishing task with all activities already finished
12-14 01:32:46.291 W/ActivityManager( 1629): Duplicate finish request for ActivityRecord{e28e101 u0 com.evancharlton.mileage/.Mileage t791 f}
12-14 01:32:46.291 W/ActivityManager( 1629): Finishing task with all activities already finished
12-14 01:32:46.291 W/ActivityManager( 1629): Duplicate finish request for ActivityRecord{e28e101 u0 com.evancharlton.mileage/.Mileage t791 f}
12-14 01:32:46.297 V/StatusBar( 1731): setLightsOn(true)
12-14 01:32:46.315 V/StatusBar( 1731): setLightsOn(true)
12-14 01:32:46.318 D/gralloc_ranchu( 1397): gralloc_alloc: Creating ashmem region of size 8298496
12-14 01:32:46.323 D/SurfaceFlinger( 1408): duplicate layer name: changing com.google.android.apps.nexuslauncher/com.google.android.apps.nexuslauncher.NexusLauncherActivity to com.google.android.apps.nexuslauncher/com.google.android.apps.nexuslauncher.NexusLauncherActivity#1
12-14 01:32:46.336 D/BoundBrokerSvc( 1944): onUnbind: Intent { act=com.google.android.gms.clearcut.service.START cmp=com.google.android.gms/.chimera.PersistentDirectBootAwareApiService }
12-14 01:32:46.336 D/gralloc_ranchu( 1397): gralloc_alloc: Creating ashmem region of size 8298496
12-14 01:32:46.339 D/BoundBrokerSvc( 2114): onUnbind: Intent { act=com.google.android.mdd.service.START cmp=com.google.android.gms/.chimera.GmsBoundBrokerService }
12-14 01:32:46.355 D/EGL_emulation( 1731): eglMakeCurrent: 0xa1077340: ver 3 0 (tinfo 0x9003ac50)
12-14 01:32:46.359 D/gralloc_ranchu( 1397): gralloc_alloc: Creating ashmem region of size 8298496
12-14 01:32:46.384 I/chatty  ( 1397): uid=1000(system) allocator@2.0-s identical 2 lines
12-14 01:32:46.413 D/gralloc_ranchu( 1397): gralloc_alloc: Creating ashmem region of size 8298496
12-14 01:32:46.496 D/EGL_emulation( 2222): eglMakeCurrent: 0xa13fdc20: ver 3 0 (tinfo 0xa13ff750)
12-14 01:32:46.504 D/EGL_emulation( 2182): eglMakeCurrent: 0xa38843c0: ver 3 0 (tinfo 0xa3883350)
12-14 01:32:46.528 I/zygote  ( 2222): Deoptimizing void com.google.android.apps.gsa.search.core.service.worker.a.a.a(com.google.android.apps.gsa.search.core.state.qc) due to JIT inline cache
12-14 01:32:46.557 W/ActivityManager( 1629): Unable to start service Intent { act=com.google.android.gms.speech.service.START pkg=com.google.android.gms } U=0: not found
12-14 01:32:46.558 W/SessionLifecycleManager( 2222): Handover failed. Creating new session controller.
12-14 01:32:46.563 I/OptInState( 2222): There is a new client and it does not support opt-in. Dropping request.
12-14 01:32:46.570 W/ActivityManager( 1629): Unbind failed: could not find connection for android.os.BinderProxy@8385a54
12-14 01:32:46.572 E/GmsClient( 2222): unable to connect to service: com.google.android.gms.speech.service.START on com.google.android.gms
12-14 01:32:46.573 D/gralloc_ranchu( 1397): gralloc_alloc: Creating ashmem region of size 7753728
12-14 01:32:46.591 I/MicroDetectionWorker( 2222): #updateMicroDetector [detectionMode: [mDetectionMode: [1]]]
12-14 01:32:46.591 I/MicroDetectionWorker( 2222): #startMicroDetector [speakerMode: 0]
12-14 01:32:46.591 I/AudioController( 2222): Using mInputStreamFactoryBuilder
12-14 01:32:46.600 I/MicroDetectionWorker( 2222): onReady
12-14 01:32:46.603 I/MicroRecognitionRunner( 2222): Starting detection.
12-14 01:32:46.604 I/MicrophoneInputStream( 2222): mic_starting com.google.android.apps.gsa.staticplugins.aa.c@be2efd5
12-14 01:32:46.613 D/EGL_emulation( 1731): eglMakeCurrent: 0xa1077340: ver 3 0 (tinfo 0x9003ac50)
12-14 01:32:46.613 I/MicrophoneInputStream( 2222): mic_started com.google.android.apps.gsa.staticplugins.aa.c@be2efd5
12-14 01:32:46.615 E/ActivityThread( 2222): Failed to find provider info for com.google.android.apps.gsa.testing.ui.audio.recorded
12-14 01:32:46.618 I/MicroDetectionWorker( 2222): onReady
12-14 01:32:46.623 W/SpeechLevelGenerator( 2222): Really low audio levels detected. The audio input may have issues.
12-14 01:32:46.625 I/MicrophoneInputStream( 2222): mic_close com.google.android.apps.gsa.staticplugins.aa.c@be2efd5
12-14 01:32:46.634 I/AudioFlinger( 1477): AudioFlinger's thread 0xb3183000 tid=4201 ready to run
12-14 01:32:46.639 D/EGL_emulation( 1731): eglMakeCurrent: 0xa1077340: ver 3 0 (tinfo 0x9003ac50)
12-14 01:32:46.646 D/EGL_emulation( 1731): eglMakeCurrent: 0xa1077340: ver 3 0 (tinfo 0x9003ac50)
12-14 01:32:46.654 D/        ( 1731): HostConnection::get() New Host Connection established 0x9003b600, tid 1754
12-14 01:32:46.656 D/EGL_emulation( 1731): eglMakeCurrent: 0xa1077340: ver 3 0 (tinfo 0x9003ac50)
12-14 01:32:46.660 I/MicroRecognitionRunner( 2222): Detection finished
12-14 01:32:46.660 W/ErrorReporter( 2222): reportError [type: 211, code: 524300]: Error reading from input stream
12-14 01:32:46.661 D/EGL_emulation( 1731): eglMakeCurrent: 0xa1077340: ver 3 0 (tinfo 0x9003ac50)
12-14 01:32:46.665 I/MicroRecognitionRunner( 2222): Stopping hotword detection.
12-14 01:32:46.665 W/ErrorProcessor( 2222): onFatalError, processing error from engine(4)
12-14 01:32:46.665 W/ErrorProcessor( 2222): com.google.android.apps.gsa.shared.speech.b.g: Error reading from input stream
12-14 01:32:46.665 W/ErrorProcessor( 2222): 	at com.google.android.apps.gsa.staticplugins.recognizer.j.a.a(SourceFile:28)
12-14 01:32:46.665 W/ErrorProcessor( 2222): 	at com.google.android.apps.gsa.staticplugins.recognizer.j.b.run(SourceFile:15)
12-14 01:32:46.665 W/ErrorProcessor( 2222): 	at java.util.concurrent.Executors$RunnableAdapter.call(Executors.java:457)
12-14 01:32:46.665 W/ErrorProcessor( 2222): 	at java.util.concurrent.FutureTask.run(FutureTask.java:266)
12-14 01:32:46.665 W/ErrorProcessor( 2222): 	at com.google.android.apps.gsa.shared.util.concurrent.a.ax.run(SourceFile:14)
12-14 01:32:46.665 W/ErrorProcessor( 2222): 	at com.google.android.apps.gsa.shared.util.concurrent.a.bl.run(SourceFile:4)
12-14 01:32:46.665 W/ErrorProcessor( 2222): 	at com.google.android.apps.gsa.shared.util.concurrent.a.bl.run(SourceFile:4)
12-14 01:32:46.665 W/ErrorProcessor( 2222): 	at java.util.concurrent.ThreadPoolExecutor.runWorker(ThreadPoolExecutor.java:1162)
12-14 01:32:46.665 W/ErrorProcessor( 2222): 	at java.util.concurrent.ThreadPoolExecutor$Worker.run(ThreadPoolExecutor.java:636)
12-14 01:32:46.665 W/ErrorProcessor( 2222): 	at java.lang.Thread.run(Thread.java:764)
12-14 01:32:46.665 W/ErrorProcessor( 2222): 	at com.google.android.apps.gsa.shared.util.concurrent.a.ai.run(SourceFile:6)
12-14 01:32:46.665 W/ErrorProcessor( 2222): Caused by: com.google.android.apps.gsa.shared.exception.GsaIOException: Error code: 393238 | Buffer overflow, no available space.
12-14 01:32:46.665 W/ErrorProcessor( 2222): 	at com.google.android.apps.gsa.speech.audio.Tee.f(SourceFile:103)
12-14 01:32:46.665 W/ErrorProcessor( 2222): 	at com.google.android.apps.gsa.speech.audio.au.read(SourceFile:2)
12-14 01:32:46.665 W/ErrorProcessor( 2222): 	at java.io.InputStream.read(InputStream.java:101)
12-14 01:32:46.665 W/ErrorProcessor( 2222): 	at com.google.android.apps.gsa.speech.audio.ao.run(SourceFile:18)
12-14 01:32:46.665 W/ErrorProcessor( 2222): 	at com.google.android.apps.gsa.speech.audio.an.run(SourceFile:2)
12-14 01:32:46.665 W/ErrorProcessor( 2222): 	... 9 more
12-14 01:32:46.665 I/AudioController( 2222): internalShutdown
12-14 01:32:46.670 I/MicroDetector( 2222): Keeping mic open: false
12-14 01:32:46.670 I/MicroDetectionWorker( 2222): #onError(false)
12-14 01:32:46.671 I/DeviceStateChecker( 2222): DeviceStateChecker cancelled
12-14 01:32:46.672 D/EGL_emulation( 1731): eglMakeCurrent: 0xa1077340: ver 3 0 (tinfo 0x9003ac50)
12-14 01:32:46.856 I/chatty  ( 1731): uid=10028(u0_a28) RenderThread identical 18 lines
12-14 01:32:46.859 D/EGL_emulation( 1731): eglMakeCurrent: 0xa1077340: ver 3 0 (tinfo 0x9003ac50)
12-14 01:32:46.974 D/AndroidRuntime( 4196): >>>>>> START com.android.internal.os.RuntimeInit uid 2000 <<<<<<
12-14 01:32:46.993 W/OpenGLRenderer( 2182): Incorrectly called buildLayer on View: ShortcutAndWidgetContainer, destroying layer...
12-14 01:32:47.028 W/app_process( 4196): Unexpected CPU variant for X86 using defaults: x86
12-14 01:32:47.051 I/OpenGLRenderer( 1629): Initialized EGL, version 1.4
12-14 01:32:47.051 D/OpenGLRenderer( 1629): Swap behavior 1
12-14 01:32:47.051 W/OpenGLRenderer( 1629): Failed to choose config with EGL_SWAP_BEHAVIOR_PRESERVED, retrying without...
12-14 01:32:47.051 D/OpenGLRenderer( 1629): Swap behavior 0
12-14 01:32:47.055 D/AndroidRuntime( 4196): Calling main entry com.android.commands.am.Am
12-14 01:32:47.058 I/ActivityManager( 1629): Force stopping com.evancharlton.mileage appid=10292 user=0: start instr
12-14 01:32:47.058 I/ActivityManager( 1629): Killing 4144:com.evancharlton.mileage/u0a292 (adj 0): stop com.evancharlton.mileage
12-14 01:32:47.058 D/EGL_emulation( 1629): eglCreateContext: 0xa382d540: maj 3 min 0 rcv 3
12-14 01:32:47.060 W/ActivityManager( 1629): Crash of app com.evancharlton.mileage running instrumentation ComponentInfo{com.evancharlton.mileage.test/sh.calaba.instrumentationbackend.CalabashInstrumentationTestRunner}
12-14 01:32:47.060 I/ActivityManager( 1629): Force stopping com.evancharlton.mileage appid=10292 user=0: finished inst
12-14 01:32:47.061 D/EGL_emulation( 1629): eglMakeCurrent: 0xa382d540: ver 3 0 (tinfo 0xace8bf00)
12-14 01:32:47.062 E/eglCodecCommon( 1629): glUtilsParamSize: unknow param 0x00008cdf
12-14 01:32:47.062 E/eglCodecCommon( 1629): glUtilsParamSize: unknow param 0x00008cdf
12-14 01:32:47.062 E/eglCodecCommon( 1629): glUtilsParamSize: unknow param 0x00008824
12-14 01:32:47.062 E/eglCodecCommon( 1629): glUtilsParamSize: unknow param 0x00008824
12-14 01:32:47.071 I/ActivityManager( 1629): Start proc 4210:com.evancharlton.mileage/u0a292 for added application com.evancharlton.mileage
12-14 01:32:47.072 D/AndroidRuntime( 4196): Shutting down VM
12-14 01:32:47.072 W/ActivityManager( 1629): setHasOverlayUi called on unknown pid: 4144
12-14 01:32:47.087 I/zygote  ( 4210): Not late-enabling -Xcheck:jni (already on)
12-14 01:32:47.100 W/zygote  ( 4210): Unexpected CPU variant for X86 using defaults: x86
12-14 01:32:47.122 E/adbd    ( 1384): failed to connect to socket 'tcp:7102': Connection refused
12-14 01:32:47.128 E/adbd    ( 1384): failed to connect to socket 'tcp:7102': Connection refused
12-14 01:32:47.136 W/zygote  ( 4210): Found duplicate classes, falling back to extracting from APK : /data/app/com.evancharlton.mileage.test-RdOToH4k9XrSe2MmwIONdw==/base.apk
12-14 01:32:47.136 W/zygote  ( 4210): NOTE: This wastes RAM and hurts startup performance.
12-14 01:32:47.136 W/zygote  ( 4210): Found duplicated class when checking oat files: 'Ljunit/runner/BaseTestRunner;' in /data/app/com.evancharlton.mileage.test-RdOToH4k9XrSe2MmwIONdw==/base.apk and /system/framework/android.test.runner.jar
12-14 01:32:47.136 W/zygote  ( 4210): 
12-14 01:32:47.191 W/System  ( 4210): ClassLoader referenced unknown path: 
12-14 01:32:47.212 I/System.out( 4210): Main activity name automatically set to: com.evancharlton.mileage.Mileage
12-14 01:32:47.214 I/System.out( 4210): Calabash did not load Mono. This is only a problem if you are trying to test a Mono application
12-14 01:32:47.215 I/calabash( 4210): Test server port: 7102
12-14 01:32:47.217 I/InstrumentationBackend( 4210): Added:'GetPreferences', with key:'get_preferences'
12-14 01:32:47.237 E/adbd    ( 1384): failed to connect to socket 'tcp:7102': Connection refused
12-14 01:32:47.239 E/adbd    ( 1384): failed to connect to socket 'tcp:7102': Connection refused
12-14 01:32:47.291 I/InstrumentationBackend( 4210): Added:'SetPreferences', with key:'set_preferences'
12-14 01:32:47.291 I/InstrumentationBackend( 4210): Added:'ClearPreferences', with key:'clear_preferences'
12-14 01:32:47.292 I/InstrumentationBackend( 4210): Added:'PressElement', with key:'press_l10n_element'
12-14 01:32:47.292 I/InstrumentationBackend( 4210): Added:'WaitForElement', with key:'wait_for_l10n_element'
12-14 01:32:47.293 I/InstrumentationBackend( 4210): Added:'NullAction', with key:'nullAction'
12-14 01:32:47.293 I/InstrumentationBackend( 4210): Added:'PressKey', with key:'press_key'
12-14 01:32:47.294 I/InstrumentationBackend( 4210): Added:'SetActivityOrientation', with key:'set_activity_orientation'
12-14 01:32:47.294 I/InstrumentationBackend( 4210): Added:'GetActivityOrientation', with key:'get_activity_orientation'
12-14 01:32:47.296 I/InstrumentationBackend( 4210): Added:'FakeGPSLocation', with key:'set_gps_coordinates'
12-14 01:32:47.296 I/InstrumentationBackend( 4210): Added:'SetPropertyByCssSelector', with key:'set_property_by_css_selector'
12-14 01:32:47.299 I/InstrumentationBackend( 4210): Added:'GetUrl', with key:'get_url'
12-14 01:32:47.302 I/InstrumentationBackend( 4210): Added:'ScrollTo', with key:'scroll_to'
12-14 01:32:47.302 I/InstrumentationBackend( 4210): Added:'GetLoadProgress', with key:'get_load_progress'
12-14 01:32:47.303 I/InstrumentationBackend( 4210): Added:'DumpHtml', with key:'dump_html'
12-14 01:32:47.303 I/InstrumentationBackend( 4210): Added:'DumpBodyHtml', with key:'dump_body_html'
12-14 01:32:47.303 I/InstrumentationBackend( 4210): Added:'EnterTextByCssSelector', with key:'enter_text_by_selector'
12-14 01:32:47.307 I/InstrumentationBackend( 4210): Added:'AndroidSDKVersion', with key:'android_sdk_version'
12-14 01:32:47.307 I/InstrumentationBackend( 4210): Added:'Version', with key:'version'
12-14 01:32:47.308 I/InstrumentationBackend( 4210): Added:'Drag', with key:'drag'
12-14 01:32:47.308 I/InstrumentationBackend( 4210): Added:'TouchCoordinates', with key:'touch_coordinate'
12-14 01:32:47.309 I/InstrumentationBackend( 4210): Added:'LongPressCoordinate', with key:'long_press_coordinate'
12-14 01:32:47.309 I/InstrumentationBackend( 4210): Added:'DragCoordinates', with key:'drag_coordinates'
12-14 01:32:47.310 I/InstrumentationBackend( 4210): Added:'ResumeApplication', with key:'resume_application'
12-14 01:32:47.311 I/InstrumentationBackend( 4210): Added:'Swipe', with key:'swipe'
12-14 01:32:47.311 I/InstrumentationBackend( 4210): Added:'DoubleTapCoordinate', with key:'double_tap_coordinate'
12-14 01:32:47.312 I/InstrumentationBackend( 4210): Added:'ClickOnScreen', with key:'click_on_screen'
12-14 01:32:47.313 I/InstrumentationBackend( 4210): Added:'GetActivityName', with key:'get_activity_name'
12-14 01:32:47.314 I/InstrumentationBackend( 4210): Added:'ScrollToView', with key:'scroll_to_view'
12-14 01:32:47.315 I/InstrumentationBackend( 4210): Added:'ViewConfiguration', with key:'view_configuration'
12-14 01:32:47.315 I/InstrumentationBackend( 4210): Added:'IsCurrentActivityFocused', with key:'is_current_activity_focused'
12-14 01:32:47.315 I/InstrumentationBackend( 4210): Added:'SendTcp', with key:'send_tcp'
12-14 01:32:47.316 I/InstrumentationBackend( 4210): Added:'DpToDevicePixel', with key:'dp_to_device_pixel'
12-14 01:32:47.317 I/InstrumentationBackend( 4210): Added:'KeyboardEnterText', with key:'keyboard_enter_text'
12-14 01:32:47.318 I/InstrumentationBackend( 4210): Added:'DeleteSurroundingText', with key:'delete_surrounding_text'
12-14 01:32:47.318 I/InstrumentationBackend( 4210): Added:'SetComposingRegion', with key:'set_composing_region'
12-14 01:32:47.318 I/InstrumentationBackend( 4210): Added:'SetSelection', with key:'set_selection'
12-14 01:32:47.319 I/InstrumentationBackend( 4210): Added:'KeyboardKeyEvent', with key:'keyboard_key_event'
12-14 01:32:47.320 I/InstrumentationBackend( 4210): Added:'PressUserActionButton', with key:'press_user_action_button'
12-14 01:32:47.320 I/InstrumentationBackend( 4210): Added:'HideSoftKeyboard', with key:'hide_soft_keyboard'
12-14 01:32:47.322 I/InstrumentationBackend( 4210): Added:'ListActions', with key:'list_actions'
12-14 01:32:47.322 I/calabash( 4210): Instantiating http server at 7102
12-14 01:32:47.323 I/System.out( 4210): HTTP Daemon listening on: 7102
12-14 01:32:47.357 I/System.out( 4210): URI: //ping
12-14 01:32:47.357 I/System.out( 4210): params: {json={}
12-14 01:32:47.357 I/System.out( 4210): }
12-14 01:32:47.369 I/System.out( 4210): URI: //ping
12-14 01:32:47.369 I/System.out( 4210): params: {json={}
12-14 01:32:47.369 I/System.out( 4210): }
12-14 01:32:47.376 I/System.out( 4210): URI: //ready
12-14 01:32:47.376 I/System.out( 4210): params: {json={}
12-14 01:32:47.376 I/System.out( 4210): }
12-14 01:32:47.384 I/System.out( 4210): URI: //
12-14 01:32:47.384 I/System.out( 4210): params: {json={"command":"version","arguments":[]}
12-14 01:32:47.384 I/System.out( 4210): }
12-14 01:32:47.384 I/System.out( 4210): header: {content-type=application/json;charset=utf-8, date=Mon, 14 Dec 2020 06:32:47 GMT, accept=*/*, host=127.0.0.1:34777, content-length=36, user-agent=HTTPClient/1.0 (2.8.3, ruby 2.5.8 (2020-03-31))}
12-14 01:32:47.384 I/System.out( 4210): params: {json={"command":"version","arguments":[]}
12-14 01:32:47.384 I/System.out( 4210): }
12-14 01:32:47.384 I/System.out( 4210): ProP json = {"command":"version","arguments":[]}
12-14 01:32:47.384 I/System.out( 4210): files: {}
12-14 01:32:47.384 I/System.out( 4210): command: {"command":"version","arguments":[]}
12-14 01:32:47.412 I/InstrumentationBackend( 4210): Got command:'Command:'Line:null,version', arguments:'[]'
12-14 01:32:47.451 I/System.out( 4210): result:{"bonusInformation":[],"message":"0.9.8","success":true}
12-14 01:32:47.458 I/System.out( 4210): URI: //start-application
12-14 01:32:47.458 I/System.out( 4210): params: {json={"intent":null}
12-14 01:32:47.458 I/System.out( 4210): }
12-14 01:32:47.494 I/ActivityManager( 1629): START u0 {act=android.intent.action.MAIN cat=[android.intent.category.LAUNCHER] flg=0x10200000 cmp=com.evancharlton.mileage/.Mileage} from uid 10292
12-14 01:32:47.507 E/memtrack( 1629): Couldn't load memtrack module
12-14 01:32:47.507 W/android.os.Debug( 1629): failed to get memory consumption info: -1
12-14 01:32:47.508 I/calabash( 4210): newActivity1
12-14 01:32:47.529 D/gralloc_ranchu( 1397): gralloc_alloc: Creating ashmem region of size 7753728
12-14 01:32:47.535 W/ActivityManager( 1629): Bad activity token: android.os.BinderProxy@3510084
12-14 01:32:47.535 W/ActivityManager( 1629): java.lang.ClassCastException: android.os.BinderProxy cannot be cast to com.android.server.am.ActivityRecord$Token
12-14 01:32:47.535 W/ActivityManager( 1629): 	at com.android.server.am.ActivityRecord.forTokenLocked(ActivityRecord.java:778)
12-14 01:32:47.535 W/ActivityManager( 1629): 	at com.android.server.am.ActivityRecord.isInStackLocked(ActivityRecord.java:2085)
12-14 01:32:47.535 W/ActivityManager( 1629): 	at com.android.server.am.ActivityRecord.getStackLocked(ActivityRecord.java:2090)
12-14 01:32:47.535 W/ActivityManager( 1629): 	at com.android.server.am.ActivityManagerService.getActivityDisplayId(ActivityManagerService.java:10406)
12-14 01:32:47.535 W/ActivityManager( 1629): 	at android.app.IActivityManager$Stub.onTransact(IActivityManager.java:2738)
12-14 01:32:47.535 W/ActivityManager( 1629): 	at com.android.server.am.ActivityManagerService.onTransact(ActivityManagerService.java:2935)
12-14 01:32:47.535 W/ActivityManager( 1629): 	at android.os.Binder.execTransact(Binder.java:674)
12-14 01:32:47.536 I/calabash( 4210): newActivity1
12-14 01:32:47.545 W/ActivityManager( 1629): Bad activity token: android.os.BinderProxy@3510084
12-14 01:32:47.545 W/ActivityManager( 1629): java.lang.ClassCastException: android.os.BinderProxy cannot be cast to com.android.server.am.ActivityRecord$Token
12-14 01:32:47.545 W/ActivityManager( 1629): 	at com.android.server.am.ActivityRecord.forTokenLocked(ActivityRecord.java:778)
12-14 01:32:47.545 W/ActivityManager( 1629): 	at com.android.server.am.ActivityRecord.isInStackLocked(ActivityRecord.java:2085)
12-14 01:32:47.545 W/ActivityManager( 1629): 	at com.android.server.am.ActivityManagerService.setTaskDescription(ActivityManagerService.java:9988)
12-14 01:32:47.545 W/ActivityManager( 1629): 	at android.app.IActivityManager$Stub.onTransact(IActivityManager.java:2824)
12-14 01:32:47.545 W/ActivityManager( 1629): 	at com.android.server.am.ActivityManagerService.onTransact(ActivityManagerService.java:2935)
12-14 01:32:47.545 W/ActivityManager( 1629): 	at android.os.Binder.execTransact(Binder.java:674)
12-14 01:32:47.546 W/ActivityManager( 1629): Bad activity token: android.os.BinderProxy@3510084
12-14 01:32:47.546 W/ActivityManager( 1629): java.lang.ClassCastException: android.os.BinderProxy cannot be cast to com.android.server.am.ActivityRecord$Token
12-14 01:32:47.546 W/ActivityManager( 1629): 	at com.android.server.am.ActivityRecord.forTokenLocked(ActivityRecord.java:778)
12-14 01:32:47.546 W/ActivityManager( 1629): 	at com.android.server.am.ActivityRecord.isInStackLocked(ActivityRecord.java:2085)
12-14 01:32:47.546 W/ActivityManager( 1629): 	at com.android.server.am.ActivityRecord.getStackLocked(ActivityRecord.java:2090)
12-14 01:32:47.546 W/ActivityManager( 1629): 	at com.android.server.am.ActivityManagerService.getActivityStackId(ActivityManagerService.java:10417)
12-14 01:32:47.546 W/ActivityManager( 1629): 	at android.app.IActivityManager$Stub.onTransact(IActivityManager.java:3548)
12-14 01:32:47.546 W/ActivityManager( 1629): 	at com.android.server.am.ActivityManagerService.onTransact(ActivityManagerService.java:2935)
12-14 01:32:47.546 W/ActivityManager( 1629): 	at android.os.Binder.execTransact(Binder.java:674)
12-14 01:32:47.578 D/EGL_emulation( 2222): eglMakeCurrent: 0xa13fdc20: ver 3 0 (tinfo 0xa13ff750)
12-14 01:32:47.588 V/StatusBar( 1731): setLightsOn(true)
12-14 01:32:47.589 D/EGL_emulation( 2182): eglMakeCurrent: 0xa38843c0: ver 3 0 (tinfo 0xa3883350)
12-14 01:32:47.603 D/EGL_emulation( 1731): eglMakeCurrent: 0xa1077340: ver 3 0 (tinfo 0x9003ac50)
12-14 01:32:47.618 D/EGL_emulation( 1731): eglMakeCurrent: 0xa1077340: ver 3 0 (tinfo 0x9003ac50)
12-14 01:32:47.622 E/ContentStoreEUAS( 2222): Failed to commit the deferred actions
12-14 01:32:47.623 D/EGL_emulation( 1731): eglMakeCurrent: 0xa1077340: ver 3 0 (tinfo 0x9003ac50)
12-14 01:32:47.623 V/StatusBar( 1731): setLightsOn(true)
12-14 01:32:47.628 D/EGL_emulation( 1731): eglMakeCurrent: 0xa1077340: ver 3 0 (tinfo 0x9003ac50)
12-14 01:32:47.670 W/ActivityManager( 1629): Bad activity token: android.os.BinderProxy@3510084
12-14 01:32:47.670 W/ActivityManager( 1629): java.lang.ClassCastException: android.os.BinderProxy cannot be cast to com.android.server.am.ActivityRecord$Token
12-14 01:32:47.670 W/ActivityManager( 1629): 	at com.android.server.am.ActivityRecord.forTokenLocked(ActivityRecord.java:778)
12-14 01:32:47.670 W/ActivityManager( 1629): 	at com.android.server.am.ActivityRecord.isInStackLocked(ActivityRecord.java:2085)
12-14 01:32:47.670 W/ActivityManager( 1629): 	at com.android.server.am.ActivityManagerService.getActivityOptions(ActivityManagerService.java:13302)
12-14 01:32:47.670 W/ActivityManager( 1629): 	at android.app.IActivityManager$Stub.onTransact(IActivityManager.java:2910)
12-14 01:32:47.670 W/ActivityManager( 1629): 	at com.android.server.am.ActivityManagerService.onTransact(ActivityManagerService.java:2935)
12-14 01:32:47.670 W/ActivityManager( 1629): 	at android.os.Binder.execTransact(Binder.java:674)
12-14 01:32:47.671 W/ActivityManager( 1629): Bad activity token: android.os.BinderProxy@3510084
12-14 01:32:47.671 W/ActivityManager( 1629): java.lang.ClassCastException: android.os.BinderProxy cannot be cast to com.android.server.am.ActivityRecord$Token
12-14 01:32:47.671 W/ActivityManager( 1629): 	at com.android.server.am.ActivityRecord.forTokenLocked(ActivityRecord.java:778)
12-14 01:32:47.671 W/ActivityManager( 1629): 	at com.android.server.am.ActivityRecord.isInStackLocked(ActivityRecord.java:2085)
12-14 01:32:47.671 W/ActivityManager( 1629): 	at com.android.server.am.ActivityManagerService.getActivityOptions(ActivityManagerService.java:13302)
12-14 01:32:47.671 W/ActivityManager( 1629): 	at android.app.IActivityManager$Stub.onTransact(IActivityManager.java:2910)
12-14 01:32:47.671 W/ActivityManager( 1629): 	at com.android.server.am.ActivityManagerService.onTransact(ActivityManagerService.java:2935)
12-14 01:32:47.671 W/ActivityManager( 1629): 	at android.os.Binder.execTransact(Binder.java:674)
12-14 01:32:47.766 I/chatty  ( 1731): uid=10028(u0_a28) RenderThread identical 16 lines
12-14 01:32:47.772 D/EGL_emulation( 1731): eglMakeCurrent: 0xa1077340: ver 3 0 (tinfo 0x9003ac50)
12-14 01:32:47.773 V/StatusBar( 1731): setLightsOn(true)
12-14 01:32:47.791 D/EGL_emulation( 1731): eglMakeCurrent: 0xa1077340: ver 3 0 (tinfo 0x9003ac50)
12-14 01:32:47.797 D/EGL_emulation( 1731): eglMakeCurrent: 0xa1077340: ver 3 0 (tinfo 0x9003ac50)
12-14 01:32:47.805 I/zygote  ( 4210): Do partial code cache collection, code=28KB, data=30KB
12-14 01:32:47.806 I/zygote  ( 4210): After code cache collection, code=28KB, data=30KB
12-14 01:32:47.806 I/zygote  ( 4210): Increasing code cache capacity to 128KB
12-14 01:32:47.806 I/zygote  ( 4210): Do partial code cache collection, code=28KB, data=48KB
12-14 01:32:47.807 D/EGL_emulation( 1731): eglMakeCurrent: 0xa1077340: ver 3 0 (tinfo 0x9003ac50)
12-14 01:32:47.807 I/zygote  ( 4210): After code cache collection, code=28KB, data=48KB
12-14 01:32:47.807 I/zygote  ( 4210): Increasing code cache capacity to 256KB
12-14 01:32:47.807 I/zygote  ( 4210): JIT allocated 71KB for compiled code of void android.widget.TextView.<init>(android.content.Context, android.util.AttributeSet, int, int)
12-14 01:32:47.807 I/zygote  ( 4210): Compiler allocated 4MB to compile void android.widget.TextView.<init>(android.content.Context, android.util.AttributeSet, int, int)
12-14 01:32:47.820 V/StatusBar( 1731): setLightsOn(true)
12-14 01:32:47.826 V/StatusBar( 1731): setLightsOn(true)
12-14 01:32:47.870 D/gralloc_ranchu( 1397): gralloc_alloc: Creating ashmem region of size 7753728
12-14 01:32:47.894 D/        ( 4210): HostConnection::get() New Host Connection established 0xa0f2fd80, tid 4210
12-14 01:32:47.952 V/StatusBar( 1731): setLightsOn(true)
12-14 01:32:47.956 V/StatusBar( 1731): setLightsOn(true)
12-14 01:32:47.959 I/ActivityManager( 1629): Displayed com.evancharlton.mileage/.Mileage: +454ms
12-14 01:32:47.963 V/StatusBar( 1731): setLightsOn(true)
12-14 01:32:47.980 V/StatusBar( 1731): setLightsOn(true)
12-14 01:32:48.000 I/zygote  ( 4210): Do full code cache collection, code=125KB, data=69KB
12-14 01:32:48.001 I/zygote  ( 4210): After code cache collection, code=106KB, data=43KB
12-14 01:32:48.002 D/gralloc_ranchu( 1397): gralloc_alloc: Creating ashmem region of size 7753728
12-14 01:32:48.041 V/StatusBar( 1731): setLightsOn(true)
12-14 01:32:48.315 I/chatty  ( 1731): uid=10028(u0_a28) com.android.systemui identical 4 lines
12-14 01:32:48.331 V/StatusBar( 1731): setLightsOn(true)
12-14 01:32:48.343 W/SurfaceFlinger( 1408): couldn't log to binary event log: overflow.
