--------- beginning of main
12-14 01:13:15.960 D/AndroidRuntime( 4451): >>>>>> START com.android.internal.os.RuntimeInit uid 2000 <<<<<<
12-14 01:13:15.993 W/app_process( 4451): Unexpected CPU variant for X86 using defaults: x86
12-14 01:13:16.009 D/AndroidRuntime( 4451): Calling main entry com.android.commands.am.Am
--------- beginning of system
12-14 01:13:16.011 I/ActivityManager( 1628): Force stopping com.evancharlton.mileage appid=10272 user=0: start instr
12-14 01:13:16.012 I/ActivityManager( 1628): Killing 4430:com.evancharlton.mileage/u0a272 (adj 0): stop com.evancharlton.mileage
12-14 01:13:16.014 W/ActivityManager( 1628): Crash of app com.evancharlton.mileage running instrumentation ComponentInfo{com.evancharlton.mileage.test/sh.calaba.instrumentationbackend.ClearAppData2}
12-14 01:13:16.014 I/ActivityManager( 1628): Force stopping com.evancharlton.mileage appid=10272 user=0: finished inst
12-14 01:13:16.021 I/zygote  ( 4461): Not late-enabling -Xcheck:jni (already on)
12-14 01:13:16.027 I/ActivityManager( 1628): Start proc 4461:com.evancharlton.mileage/u0a272 for added application com.evancharlton.mileage
12-14 01:13:16.028 W/zygote  ( 4461): Unexpected CPU variant for X86 using defaults: x86
12-14 01:13:16.028 E/memtrack( 1628): Couldn't load memtrack module
12-14 01:13:16.028 W/android.os.Debug( 1628): failed to get memory consumption info: -1
12-14 01:13:16.031 D/AndroidRuntime( 4451): Shutting down VM
12-14 01:13:16.055 W/zygote  ( 4461): Found duplicate classes, falling back to extracting from APK : /data/app/com.evancharlton.mileage.test-N1PiKABFxNd12x4Xq2jrMg==/base.apk
12-14 01:13:16.055 W/zygote  ( 4461): NOTE: This wastes RAM and hurts startup performance.
12-14 01:13:16.055 W/zygote  ( 4461): Found duplicated class when checking oat files: 'Ljunit/runner/BaseTestRunner;' in /data/app/com.evancharlton.mileage.test-N1PiKABFxNd12x4Xq2jrMg==/base.apk and /system/framework/android.test.runner.jar
12-14 01:13:16.055 W/zygote  ( 4461): 
12-14 01:13:16.058 E/adbd    ( 1383): failed to connect to socket 'tcp:7102': Connection refused
12-14 01:13:16.060 E/adbd    ( 1383): failed to connect to socket 'tcp:7102': Connection refused
12-14 01:13:16.087 W/System  ( 4461): ClassLoader referenced unknown path: 
12-14 01:13:16.098 I/System.out( 4461): Main activity name automatically set to: com.evancharlton.mileage.Mileage
12-14 01:13:16.099 I/System.out( 4461): Calabash did not load Mono. This is only a problem if you are trying to test a Mono application
12-14 01:13:16.099 I/calabash( 4461): Test server port: 7102
12-14 01:13:16.102 I/InstrumentationBackend( 4461): Added:'GetPreferences', with key:'get_preferences'
12-14 01:13:16.159 I/InstrumentationBackend( 4461): Added:'SetPreferences', with key:'set_preferences'
12-14 01:13:16.159 I/InstrumentationBackend( 4461): Added:'ClearPreferences', with key:'clear_preferences'
12-14 01:13:16.159 I/InstrumentationBackend( 4461): Added:'PressElement', with key:'press_l10n_element'
12-14 01:13:16.160 I/InstrumentationBackend( 4461): Added:'WaitForElement', with key:'wait_for_l10n_element'
12-14 01:13:16.160 I/InstrumentationBackend( 4461): Added:'NullAction', with key:'nullAction'
12-14 01:13:16.161 I/InstrumentationBackend( 4461): Added:'PressKey', with key:'press_key'
12-14 01:13:16.161 I/InstrumentationBackend( 4461): Added:'SetActivityOrientation', with key:'set_activity_orientation'
12-14 01:13:16.161 I/InstrumentationBackend( 4461): Added:'GetActivityOrientation', with key:'get_activity_orientation'
12-14 01:13:16.162 I/InstrumentationBackend( 4461): Added:'FakeGPSLocation', with key:'set_gps_coordinates'
12-14 01:13:16.163 I/InstrumentationBackend( 4461): Added:'SetPropertyByCssSelector', with key:'set_property_by_css_selector'
12-14 01:13:16.164 I/InstrumentationBackend( 4461): Added:'GetUrl', with key:'get_url'
12-14 01:13:16.167 I/InstrumentationBackend( 4461): Added:'ScrollTo', with key:'scroll_to'
12-14 01:13:16.167 E/adbd    ( 1383): failed to connect to socket 'tcp:7102': Connection refused
12-14 01:13:16.168 I/InstrumentationBackend( 4461): Added:'GetLoadProgress', with key:'get_load_progress'
12-14 01:13:16.169 I/InstrumentationBackend( 4461): Added:'DumpHtml', with key:'dump_html'
12-14 01:13:16.169 I/InstrumentationBackend( 4461): Added:'DumpBodyHtml', with key:'dump_body_html'
12-14 01:13:16.169 E/adbd    ( 1383): failed to connect to socket 'tcp:7102': Connection refused
12-14 01:13:16.169 I/InstrumentationBackend( 4461): Added:'EnterTextByCssSelector', with key:'enter_text_by_selector'
12-14 01:13:16.173 I/InstrumentationBackend( 4461): Added:'AndroidSDKVersion', with key:'android_sdk_version'
12-14 01:13:16.174 I/InstrumentationBackend( 4461): Added:'Version', with key:'version'
12-14 01:13:16.174 I/InstrumentationBackend( 4461): Added:'Drag', with key:'drag'
12-14 01:13:16.174 I/InstrumentationBackend( 4461): Added:'TouchCoordinates', with key:'touch_coordinate'
12-14 01:13:16.175 I/InstrumentationBackend( 4461): Added:'LongPressCoordinate', with key:'long_press_coordinate'
12-14 01:13:16.175 I/InstrumentationBackend( 4461): Added:'DragCoordinates', with key:'drag_coordinates'
12-14 01:13:16.175 I/InstrumentationBackend( 4461): Added:'ResumeApplication', with key:'resume_application'
12-14 01:13:16.176 I/InstrumentationBackend( 4461): Added:'Swipe', with key:'swipe'
12-14 01:13:16.176 I/InstrumentationBackend( 4461): Added:'DoubleTapCoordinate', with key:'double_tap_coordinate'
12-14 01:13:16.176 I/InstrumentationBackend( 4461): Added:'ClickOnScreen', with key:'click_on_screen'
12-14 01:13:16.177 I/InstrumentationBackend( 4461): Added:'GetActivityName', with key:'get_activity_name'
12-14 01:13:16.177 I/InstrumentationBackend( 4461): Added:'ScrollToView', with key:'scroll_to_view'
12-14 01:13:16.178 I/InstrumentationBackend( 4461): Added:'ViewConfiguration', with key:'view_configuration'
12-14 01:13:16.178 I/InstrumentationBackend( 4461): Added:'IsCurrentActivityFocused', with key:'is_current_activity_focused'
12-14 01:13:16.178 I/InstrumentationBackend( 4461): Added:'SendTcp', with key:'send_tcp'
12-14 01:13:16.179 I/InstrumentationBackend( 4461): Added:'DpToDevicePixel', with key:'dp_to_device_pixel'
12-14 01:13:16.179 I/InstrumentationBackend( 4461): Added:'KeyboardEnterText', with key:'keyboard_enter_text'
12-14 01:13:16.180 I/InstrumentationBackend( 4461): Added:'DeleteSurroundingText', with key:'delete_surrounding_text'
12-14 01:13:16.181 I/InstrumentationBackend( 4461): Added:'SetComposingRegion', with key:'set_composing_region'
12-14 01:13:16.181 I/InstrumentationBackend( 4461): Added:'SetSelection', with key:'set_selection'
12-14 01:13:16.181 I/InstrumentationBackend( 4461): Added:'KeyboardKeyEvent', with key:'keyboard_key_event'
12-14 01:13:16.182 I/InstrumentationBackend( 4461): Added:'PressUserActionButton', with key:'press_user_action_button'
12-14 01:13:16.183 I/InstrumentationBackend( 4461): Added:'HideSoftKeyboard', with key:'hide_soft_keyboard'
12-14 01:13:16.184 I/InstrumentationBackend( 4461): Added:'ListActions', with key:'list_actions'
12-14 01:13:16.185 I/calabash( 4461): Instantiating http server at 7102
12-14 01:13:16.185 I/System.out( 4461): HTTP Daemon listening on: 7102
12-14 01:13:16.283 I/System.out( 4461): URI: //ping
12-14 01:13:16.284 I/System.out( 4461): params: {json={}
12-14 01:13:16.284 I/System.out( 4461): }
12-14 01:13:16.298 I/System.out( 4461): URI: //ping
12-14 01:13:16.298 I/System.out( 4461): params: {json={}
12-14 01:13:16.298 I/System.out( 4461): }
12-14 01:13:16.307 I/System.out( 4461): URI: //ready
12-14 01:13:16.307 I/System.out( 4461): params: {json={}
12-14 01:13:16.307 I/System.out( 4461): }
12-14 01:13:16.315 I/System.out( 4461): URI: //
12-14 01:13:16.315 I/System.out( 4461): params: {json={"command":"version","arguments":[]}
12-14 01:13:16.315 I/System.out( 4461): }
12-14 01:13:16.316 I/System.out( 4461): header: {content-type=application/json;charset=utf-8, date=Mon, 14 Dec 2020 06:13:16 GMT, accept=*/*, host=127.0.0.1:34777, content-length=36, user-agent=HTTPClient/1.0 (2.8.3, ruby 2.5.8 (2020-03-31))}
12-14 01:13:16.316 I/System.out( 4461): params: {json={"command":"version","arguments":[]}
12-14 01:13:16.316 I/System.out( 4461): }
12-14 01:13:16.316 I/System.out( 4461): ProP json = {"command":"version","arguments":[]}
12-14 01:13:16.316 I/System.out( 4461): files: {}
12-14 01:13:16.317 I/System.out( 4461): command: {"command":"version","arguments":[]}
12-14 01:13:16.347 I/InstrumentationBackend( 4461): Got command:'Command:'Line:null,version', arguments:'[]'
12-14 01:13:16.379 I/System.out( 4461): result:{"bonusInformation":[],"message":"0.9.8","success":true}
12-14 01:13:16.386 I/System.out( 4461): URI: //start-application
12-14 01:13:16.386 I/System.out( 4461): params: {json={"intent":null}
12-14 01:13:16.386 I/System.out( 4461): }
12-14 01:13:16.424 I/ActivityManager( 1628): START u0 {act=android.intent.action.MAIN cat=[android.intent.category.LAUNCHER] flg=0x10200000 cmp=com.evancharlton.mileage/.Mileage} from uid 10272
12-14 01:13:16.437 I/calabash( 4461): newActivity1
12-14 01:13:16.460 D/gralloc_ranchu( 1396): gralloc_alloc: Creating ashmem region of size 7753728
12-14 01:13:16.461 W/ActivityManager( 1628): Bad activity token: android.os.BinderProxy@8db532f
12-14 01:13:16.461 W/ActivityManager( 1628): java.lang.ClassCastException: android.os.BinderProxy cannot be cast to com.android.server.am.ActivityRecord$Token
12-14 01:13:16.461 W/ActivityManager( 1628): 	at com.android.server.am.ActivityRecord.forTokenLocked(ActivityRecord.java:778)
12-14 01:13:16.461 W/ActivityManager( 1628): 	at com.android.server.am.ActivityRecord.isInStackLocked(ActivityRecord.java:2085)
12-14 01:13:16.461 W/ActivityManager( 1628): 	at com.android.server.am.ActivityRecord.getStackLocked(ActivityRecord.java:2090)
12-14 01:13:16.461 W/ActivityManager( 1628): 	at com.android.server.am.ActivityManagerService.getActivityDisplayId(ActivityManagerService.java:10406)
12-14 01:13:16.461 W/ActivityManager( 1628): 	at android.app.IActivityManager$Stub.onTransact(IActivityManager.java:2738)
12-14 01:13:16.461 W/ActivityManager( 1628): 	at com.android.server.am.ActivityManagerService.onTransact(ActivityManagerService.java:2935)
12-14 01:13:16.461 W/ActivityManager( 1628): 	at android.os.Binder.execTransact(Binder.java:674)
12-14 01:13:16.462 I/calabash( 4461): newActivity1
12-14 01:13:16.474 W/ActivityManager( 1628): Bad activity token: android.os.BinderProxy@8db532f
12-14 01:13:16.474 W/ActivityManager( 1628): java.lang.ClassCastException: android.os.BinderProxy cannot be cast to com.android.server.am.ActivityRecord$Token
12-14 01:13:16.474 W/ActivityManager( 1628): 	at com.android.server.am.ActivityRecord.forTokenLocked(ActivityRecord.java:778)
12-14 01:13:16.474 W/ActivityManager( 1628): 	at com.android.server.am.ActivityRecord.isInStackLocked(ActivityRecord.java:2085)
12-14 01:13:16.474 W/ActivityManager( 1628): 	at com.android.server.am.ActivityManagerService.setTaskDescription(ActivityManagerService.java:9988)
12-14 01:13:16.474 W/ActivityManager( 1628): 	at android.app.IActivityManager$Stub.onTransact(IActivityManager.java:2824)
12-14 01:13:16.474 W/ActivityManager( 1628): 	at com.android.server.am.ActivityManagerService.onTransact(ActivityManagerService.java:2935)
12-14 01:13:16.474 W/ActivityManager( 1628): 	at android.os.Binder.execTransact(Binder.java:674)
12-14 01:13:16.475 W/ActivityManager( 1628): Bad activity token: android.os.BinderProxy@8db532f
12-14 01:13:16.475 W/ActivityManager( 1628): java.lang.ClassCastException: android.os.BinderProxy cannot be cast to com.android.server.am.ActivityRecord$Token
12-14 01:13:16.475 W/ActivityManager( 1628): 	at com.android.server.am.ActivityRecord.forTokenLocked(ActivityRecord.java:778)
12-14 01:13:16.475 W/ActivityManager( 1628): 	at com.android.server.am.ActivityRecord.isInStackLocked(ActivityRecord.java:2085)
12-14 01:13:16.475 W/ActivityManager( 1628): 	at com.android.server.am.ActivityRecord.getStackLocked(ActivityRecord.java:2090)
12-14 01:13:16.475 W/ActivityManager( 1628): 	at com.android.server.am.ActivityManagerService.getActivityStackId(ActivityManagerService.java:10417)
12-14 01:13:16.475 W/ActivityManager( 1628): 	at android.app.IActivityManager$Stub.onTransact(IActivityManager.java:3548)
12-14 01:13:16.475 W/ActivityManager( 1628): 	at com.android.server.am.ActivityManagerService.onTransact(ActivityManagerService.java:2935)
12-14 01:13:16.475 W/ActivityManager( 1628): 	at android.os.Binder.execTransact(Binder.java:674)
12-14 01:13:16.517 V/StatusBar( 1732): setLightsOn(true)
12-14 01:13:16.521 D/EGL_emulation( 2176): eglMakeCurrent: 0x9d0853c0: ver 3 0 (tinfo 0x9d083350)
12-14 01:13:16.521 D/EGL_emulation( 2211): eglMakeCurrent: 0x9d085840: ver 3 0 (tinfo 0x9d083680)
12-14 01:13:16.552 D/EGL_emulation( 1732): eglMakeCurrent: 0x896604c0: ver 3 0 (tinfo 0x9a596c50)
12-14 01:13:16.553 V/StatusBar( 1732): setLightsOn(true)
12-14 01:13:16.554 D/FillupsProvider( 4461): Creating database
12-14 01:13:16.556 D/EGL_emulation( 1732): eglMakeCurrent: 0x896604c0: ver 3 0 (tinfo 0x9a596c50)
12-14 01:13:16.568 I/chatty  ( 1732): uid=10028(u0_a28) RenderThread identical 1 line
12-14 01:13:16.573 D/EGL_emulation( 1732): eglMakeCurrent: 0x896604c0: ver 3 0 (tinfo 0x9a596c50)
12-14 01:13:16.575 E/ContentStoreEUAS( 2211): Failed to commit the deferred actions
12-14 01:13:16.587 D/EGL_emulation( 1732): eglMakeCurrent: 0x896604c0: ver 3 0 (tinfo 0x9a596c50)
12-14 01:13:16.594 V/StatusBar( 1732): setLightsOn(true)
12-14 01:13:16.599 D/EGL_emulation( 1732): eglMakeCurrent: 0x896604c0: ver 3 0 (tinfo 0x9a596c50)
12-14 01:13:16.617 I/chatty  ( 1732): uid=10028(u0_a28) RenderThread identical 1 line
12-14 01:13:16.622 D/EGL_emulation( 1732): eglMakeCurrent: 0x896604c0: ver 3 0 (tinfo 0x9a596c50)
12-14 01:13:16.634 I/zygote  ( 4461): Do partial code cache collection, code=30KB, data=22KB
12-14 01:13:16.635 I/zygote  ( 4461): After code cache collection, code=30KB, data=22KB
12-14 01:13:16.635 I/zygote  ( 4461): Increasing code cache capacity to 128KB
12-14 01:13:16.641 D/EGL_emulation( 1732): eglMakeCurrent: 0x896604c0: ver 3 0 (tinfo 0x9a596c50)
12-14 01:13:16.694 W/ActivityManager( 1628): Bad activity token: android.os.BinderProxy@8db532f
12-14 01:13:16.694 W/ActivityManager( 1628): java.lang.ClassCastException: android.os.BinderProxy cannot be cast to com.android.server.am.ActivityRecord$Token
12-14 01:13:16.694 W/ActivityManager( 1628): 	at com.android.server.am.ActivityRecord.forTokenLocked(ActivityRecord.java:778)
12-14 01:13:16.694 W/ActivityManager( 1628): 	at com.android.server.am.ActivityRecord.isInStackLocked(ActivityRecord.java:2085)
12-14 01:13:16.694 W/ActivityManager( 1628): 	at com.android.server.am.ActivityManagerService.getActivityOptions(ActivityManagerService.java:13302)
12-14 01:13:16.694 W/ActivityManager( 1628): 	at android.app.IActivityManager$Stub.onTransact(IActivityManager.java:2910)
12-14 01:13:16.694 W/ActivityManager( 1628): 	at com.android.server.am.ActivityManagerService.onTransact(ActivityManagerService.java:2935)
12-14 01:13:16.694 W/ActivityManager( 1628): 	at android.os.Binder.execTransact(Binder.java:674)
12-14 01:13:16.695 W/ActivityManager( 1628): Bad activity token: android.os.BinderProxy@8db532f
12-14 01:13:16.695 W/ActivityManager( 1628): java.lang.ClassCastException: android.os.BinderProxy cannot be cast to com.android.server.am.ActivityRecord$Token
12-14 01:13:16.695 W/ActivityManager( 1628): 	at com.android.server.am.ActivityRecord.forTokenLocked(ActivityRecord.java:778)
12-14 01:13:16.695 W/ActivityManager( 1628): 	at com.android.server.am.ActivityRecord.isInStackLocked(ActivityRecord.java:2085)
12-14 01:13:16.695 W/ActivityManager( 1628): 	at com.android.server.am.ActivityManagerService.getActivityOptions(ActivityManagerService.java:13302)
12-14 01:13:16.695 W/ActivityManager( 1628): 	at android.app.IActivityManager$Stub.onTransact(IActivityManager.java:2910)
12-14 01:13:16.695 W/ActivityManager( 1628): 	at com.android.server.am.ActivityManagerService.onTransact(ActivityManagerService.java:2935)
12-14 01:13:16.695 W/ActivityManager( 1628): 	at android.os.Binder.execTransact(Binder.java:674)
12-14 01:13:16.720 I/chatty  ( 1732): uid=10028(u0_a28) RenderThread identical 10 lines
12-14 01:13:16.733 D/EGL_emulation( 1732): eglMakeCurrent: 0x896604c0: ver 3 0 (tinfo 0x9a596c50)
12-14 01:13:16.798 V/StatusBar( 1732): setLightsOn(true)
12-14 01:13:16.839 I/zygote  ( 4461): Do partial code cache collection, code=43KB, data=58KB
12-14 01:13:16.839 I/zygote  ( 4461): After code cache collection, code=43KB, data=58KB
12-14 01:13:16.839 I/zygote  ( 4461): Increasing code cache capacity to 256KB
12-14 01:13:16.839 I/zygote  ( 4461): JIT allocated 71KB for compiled code of void android.widget.TextView.<init>(android.content.Context, android.util.AttributeSet, int, int)
12-14 01:13:16.839 I/zygote  ( 4461): Compiler allocated 4MB to compile void android.widget.TextView.<init>(android.content.Context, android.util.AttributeSet, int, int)
12-14 01:13:16.840 V/StatusBar( 1732): setLightsOn(true)
12-14 01:13:16.845 I/chatty  ( 1732): uid=10028(u0_a28) com.android.systemui identical 1 line
12-14 01:13:16.847 V/StatusBar( 1732): setLightsOn(true)
12-14 01:13:16.887 I/zygote  ( 4461): Do full code cache collection, code=123KB, data=70KB
12-14 01:13:16.887 D/gralloc_ranchu( 1396): gralloc_alloc: Creating ashmem region of size 7753728
12-14 01:13:16.887 I/zygote  ( 4461): After code cache collection, code=90KB, data=38KB
12-14 01:13:16.906 D/        ( 4461): HostConnection::get() New Host Connection established 0x9a4b0e80, tid 4461
12-14 01:13:16.947 V/StatusBar( 1732): setLightsOn(true)
12-14 01:13:16.959 I/chatty  ( 1732): uid=10028(u0_a28) com.android.systemui identical 1 line
12-14 01:13:16.961 V/StatusBar( 1732): setLightsOn(true)
12-14 01:13:16.965 I/ActivityManager( 1628): Displayed com.evancharlton.mileage/.Mileage: +532ms
12-14 01:13:16.968 V/StatusBar( 1732): setLightsOn(true)
12-14 01:13:16.989 D/gralloc_ranchu( 1396): gralloc_alloc: Creating ashmem region of size 7753728
12-14 01:13:17.068 E/memtrack( 1628): Couldn't load memtrack module
12-14 01:13:17.068 W/android.os.Debug( 1628): failed to get memory consumption info: -1
12-14 01:13:17.145 V/StatusBar( 1732): setLightsOn(true)
12-14 01:13:17.152 I/System.out( 4461): URI: //
12-14 01:13:17.152 I/System.out( 4461): params: {json={"command":"set_activity_orientation","arguments":["landscape"]}
12-14 01:13:17.152 I/System.out( 4461): }
12-14 01:13:17.152 I/System.out( 4461): header: {content-type=application/json;charset=utf-8, date=Mon, 14 Dec 2020 06:13:17 GMT, accept=*/*, host=127.0.0.1:34777, content-length=64, user-agent=HTTPClient/1.0 (2.8.3, ruby 2.5.8 (2020-03-31))}
12-14 01:13:17.152 I/System.out( 4461): params: {json={"command":"set_activity_orientation","arguments":["landscape"]}
12-14 01:13:17.152 I/System.out( 4461): }
12-14 01:13:17.152 I/System.out( 4461): ProP json = {"command":"set_activity_orientation","arguments":["landscape"]}
12-14 01:13:17.152 I/System.out( 4461): files: {}
12-14 01:13:17.152 I/System.out( 4461): command: {"command":"set_activity_orientation","arguments":["landscape"]}
12-14 01:13:17.155 I/InstrumentationBackend( 4461): Got command:'Command:'Line:null,set_activity_orientation', arguments:'[landscape]'
12-14 01:13:17.166 D/gralloc_ranchu( 1396): gralloc_alloc: Creating ashmem region of size 8298496
12-14 01:13:17.184 W/LocalDisplayAdapter( 1628): Unable to find color mode 0, ignoring request.
12-14 01:13:17.195 I/InputReader( 1628): Reconfiguring input devices.  changes=0x00000004
12-14 01:13:17.195 I/InputReader( 1628): Device reconfigured: id=0, name='qwerty2', size 1080x1920, orientation 1, mode 1, display id 0
12-14 01:13:17.197 I/ActivityManager( 1628): Config changes=480 {1.0 310mcc260mnc [en_US] ldltr sw411dp w683dp h387dp 420dpi nrml land finger qwerty/v/v -nav/h appBounds=Rect(0, 0 - 1794, 1080) s.7}
12-14 01:13:17.252 I/ActivityManager( 1628): Override config changes=480 {1.0 310mcc260mnc [en_US] ldltr sw411dp w683dp h387dp 420dpi nrml land finger qwerty/v/v -nav/h appBounds=Rect(0, 0 - 1794, 1080) s.7} for displayId=0
12-14 01:13:17.336 D/gralloc_ranchu( 1396): gralloc_alloc: Creating ashmem region of size 544768
12-14 01:13:17.343 I/calabash( 4461): newActivity1
12-14 01:13:17.361 D/EGL_emulation( 1732): eglMakeCurrent: 0x896604c0: ver 3 0 (tinfo 0x9a596c50)
12-14 01:13:17.371 D/gralloc_ranchu( 1396): gralloc_alloc: Creating ashmem region of size 544768
12-14 01:13:17.378 W/ActivityManager( 1628): Bad activity token: android.os.BinderProxy@1297fed
12-14 01:13:17.378 W/ActivityManager( 1628): java.lang.ClassCastException: android.os.BinderProxy cannot be cast to com.android.server.am.ActivityRecord$Token
12-14 01:13:17.378 W/ActivityManager( 1628): 	at com.android.server.am.ActivityRecord.forTokenLocked(ActivityRecord.java:778)
12-14 01:13:17.378 W/ActivityManager( 1628): 	at com.android.server.am.ActivityRecord.isInStackLocked(ActivityRecord.java:2085)
12-14 01:13:17.378 W/ActivityManager( 1628): 	at com.android.server.am.ActivityRecord.getStackLocked(ActivityRecord.java:2090)
12-14 01:13:17.378 W/ActivityManager( 1628): 	at com.android.server.am.ActivityManagerService.getActivityDisplayId(ActivityManagerService.java:10406)
12-14 01:13:17.378 W/ActivityManager( 1628): 	at android.app.IActivityManager$Stub.onTransact(IActivityManager.java:2738)
12-14 01:13:17.378 W/ActivityManager( 1628): 	at com.android.server.am.ActivityManagerService.onTransact(ActivityManagerService.java:2935)
12-14 01:13:17.378 W/ActivityManager( 1628): 	at android.os.Binder.execTransact(Binder.java:674)
12-14 01:13:17.384 I/calabash( 4461): newActivity1
12-14 01:13:17.388 W/ActivityManager( 1628): Bad activity token: android.os.BinderProxy@1297fed
12-14 01:13:17.388 W/ActivityManager( 1628): java.lang.ClassCastException: android.os.BinderProxy cannot be cast to com.android.server.am.ActivityRecord$Token
12-14 01:13:17.388 W/ActivityManager( 1628): 	at com.android.server.am.ActivityRecord.forTokenLocked(ActivityRecord.java:778)
12-14 01:13:17.388 W/ActivityManager( 1628): 	at com.android.server.am.ActivityRecord.isInStackLocked(ActivityRecord.java:2085)
12-14 01:13:17.388 W/ActivityManager( 1628): 	at com.android.server.am.ActivityManagerService.setTaskDescription(ActivityManagerService.java:9988)
12-14 01:13:17.388 W/ActivityManager( 1628): 	at android.app.IActivityManager$Stub.onTransact(IActivityManager.java:2824)
12-14 01:13:17.388 W/ActivityManager( 1628): 	at com.android.server.am.ActivityManagerService.onTransact(ActivityManagerService.java:2935)
12-14 01:13:17.388 W/ActivityManager( 1628): 	at android.os.Binder.execTransact(Binder.java:674)
12-14 01:13:17.390 W/ActivityManager( 1628): Bad activity token: android.os.BinderProxy@1297fed
12-14 01:13:17.390 W/ActivityManager( 1628): java.lang.ClassCastException: android.os.BinderProxy cannot be cast to com.android.server.am.ActivityRecord$Token
12-14 01:13:17.390 W/ActivityManager( 1628): 	at com.android.server.am.ActivityRecord.forTokenLocked(ActivityRecord.java:778)
12-14 01:13:17.390 W/ActivityManager( 1628): 	at com.android.server.am.ActivityRecord.isInStackLocked(ActivityRecord.java:2085)
12-14 01:13:17.390 W/ActivityManager( 1628): 	at com.android.server.am.ActivityRecord.getStackLocked(ActivityRecord.java:2090)
12-14 01:13:17.390 W/ActivityManager( 1628): 	at com.android.server.am.ActivityManagerService.getActivityStackId(ActivityManagerService.java:10417)
12-14 01:13:17.390 W/ActivityManager( 1628): 	at android.app.IActivityManager$Stub.onTransact(IActivityManager.java:3548)
12-14 01:13:17.390 W/ActivityManager( 1628): 	at com.android.server.am.ActivityManagerService.onTransact(ActivityManagerService.java:2935)
12-14 01:13:17.390 W/ActivityManager( 1628): 	at android.os.Binder.execTransact(Binder.java:674)
12-14 01:13:17.391 D/NuPlayerDriver( 1484): NuPlayerDriver(0xa8a29700) created, clientPid(1732)
12-14 01:13:17.423 D/GenericSource( 1484): FileSource remote
12-14 01:13:17.441 D/NuPlayerDriver( 1484): notifyListener_l(0xa8a29700), (1, 0, 0, -1), loop setting(0, 0)
12-14 01:13:17.448 W/ActivityManager( 1628): Bad activity token: android.os.BinderProxy@1297fed
12-14 01:13:17.448 W/ActivityManager( 1628): java.lang.ClassCastException: android.os.BinderProxy cannot be cast to com.android.server.am.ActivityRecord$Token
12-14 01:13:17.448 W/ActivityManager( 1628): 	at com.android.server.am.ActivityRecord.forTokenLocked(ActivityRecord.java:778)
12-14 01:13:17.448 W/ActivityManager( 1628): 	at com.android.server.am.ActivityRecord.isInStackLocked(ActivityRecord.java:2085)
12-14 01:13:17.448 W/ActivityManager( 1628): 	at com.android.server.am.ActivityManagerService.getActivityOptions(ActivityManagerService.java:13302)
12-14 01:13:17.448 W/ActivityManager( 1628): 	at android.app.IActivityManager$Stub.onTransact(IActivityManager.java:2910)
12-14 01:13:17.448 W/ActivityManager( 1628): 	at com.android.server.am.ActivityManagerService.onTransact(ActivityManagerService.java:2935)
12-14 01:13:17.448 W/ActivityManager( 1628): 	at android.os.Binder.execTransact(Binder.java:674)
12-14 01:13:17.451 W/ActivityManager( 1628): Bad activity token: android.os.BinderProxy@1297fed
12-14 01:13:17.451 W/ActivityManager( 1628): java.lang.ClassCastException: android.os.BinderProxy cannot be cast to com.android.server.am.ActivityRecord$Token
12-14 01:13:17.451 W/ActivityManager( 1628): 	at com.android.server.am.ActivityRecord.forTokenLocked(ActivityRecord.java:778)
12-14 01:13:17.451 W/ActivityManager( 1628): 	at com.android.server.am.ActivityRecord.isInStackLocked(ActivityRecord.java:2085)
12-14 01:13:17.451 W/ActivityManager( 1628): 	at com.android.server.am.ActivityManagerService.getActivityOptions(ActivityManagerService.java:13302)
12-14 01:13:17.451 W/ActivityManager( 1628): 	at android.app.IActivityManager$Stub.onTransact(IActivityManager.java:2910)
12-14 01:13:17.451 W/ActivityManager( 1628): 	at com.android.server.am.ActivityManagerService.onTransact(ActivityManagerService.java:2935)
12-14 01:13:17.451 W/ActivityManager( 1628): 	at android.os.Binder.execTransact(Binder.java:674)
12-14 01:13:17.456 I/MediaFocusControl( 1628):  AudioFocus  requestAudioFocus() from uid/pid 10028/1732 clientId=android.media.AudioManager@cb70192 req=3 flags=0x0
12-14 01:13:17.462 V/StatusBar( 1732): setLightsOn(true)
12-14 01:13:17.466 D/gralloc_ranchu( 1396): gralloc_alloc: Creating ashmem region of size 544768
12-14 01:13:17.490 I/System.out( 4461): result:{"bonusInformation":[],"message":"","success":true}
12-14 01:13:17.522 D/gralloc_ranchu( 1396): gralloc_alloc: Creating ashmem region of size 487424
12-14 01:13:17.527 I/zygote  ( 1717): Do partial code cache collection, code=60KB, data=39KB
12-14 01:13:17.539 D/StatusBar( 1732): disable<e i a s b h r c s q >
12-14 01:13:17.544 I/zygote  ( 1717): After code cache collection, code=60KB, data=39KB
12-14 01:13:17.544 I/zygote  ( 1717): Increasing code cache capacity to 256KB
12-14 01:13:17.548 I/zygote  ( 1717): Deoptimizing android.os.Parcelable[] cht.a(android.os.Parcel, android.os.Parcelable$Creator) due to JIT inline cache
12-14 01:13:17.551 D/EGL_emulation( 1732): eglMakeCurrent: 0x896604c0: ver 3 0 (tinfo 0x9a596c50)
12-14 01:13:17.558 D/gralloc_ranchu( 1396): gralloc_alloc: Creating ashmem region of size 487424
12-14 01:13:17.607 D/gralloc_ranchu( 1396): gralloc_alloc: Creating ashmem region of size 487424
12-14 01:13:17.621 D/EGL_emulation( 1732): eglMakeCurrent: 0x896604c0: ver 3 0 (tinfo 0x9a596c50)
12-14 01:13:17.626 D/EGL_emulation( 1732): eglMakeCurrent: 0x896604c0: ver 3 0 (tinfo 0x9a596c50)
12-14 01:13:17.629 V/StatusBar( 1732): setLightsOn(true)
12-14 01:13:17.631 I/zygote  ( 4461): Background concurrent copying GC freed 21441(1095KB) AllocSpace objects, 7(140KB) LOS objects, 53% free, 1328KB/2MB, paused 1.275ms total 132.573ms
12-14 01:13:17.639 I/zygote  ( 4461): Do partial code cache collection, code=122KB, data=73KB
12-14 01:13:17.639 I/zygote  ( 4461): After code cache collection, code=122KB, data=73KB
12-14 01:13:17.639 I/zygote  ( 4461): Increasing code cache capacity to 512KB
12-14 01:13:17.652 D/gralloc_ranchu( 1396): gralloc_alloc: Creating ashmem region of size 7753728
12-14 01:13:17.745 I/WindowManager( 1628): Screen frozen for +589ms due to Window{c77a034 u0 com.evancharlton.mileage/com.evancharlton.mileage.Mileage}
12-14 01:13:17.761 D/gralloc_ranchu( 1396): gralloc_alloc: Creating ashmem region of size 7753728
12-14 01:13:17.766 V/StatusBar( 1732): setLightsOn(true)
12-14 01:13:17.777 W/SurfaceFlinger( 1406): couldn't log to binary event log: overflow.
12-14 01:13:17.789 I/zygote  ( 1732): Do partial code cache collection, code=122KB, data=95KB
12-14 01:13:17.789 I/zygote  ( 1732): After code cache collection, code=122KB, data=95KB
12-14 01:13:17.789 I/zygote  ( 1732): Increasing code cache capacity to 512KB
12-14 01:13:17.845 I/PBSessionCacheImpl( 2211): Deleted sessionId[6269551646853] from persistence.
12-14 01:13:17.893 W/SearchService( 2211): Abort, client detached.
12-14 01:13:17.961 D/NuPlayerDriver( 1484): start(0xa8a29700), state is 4, eos is 0
12-14 01:13:17.961 I/GenericSource( 1484): start
12-14 01:13:17.973 I/OMXClient( 1484): Treble IOmx obtained
12-14 01:13:17.973 I/OMXMaster( 1489): makeComponentInstance(OMX.google.vorbis.decoder) in omx@1.0-service process
12-14 01:13:17.978 E/OMXNodeInstance( 1489): setConfig(0xaf0a0f60:google.vorbis.decoder, ConfigPriority(0x6f800002)) ERROR: Undefined(0x80001001)
12-14 01:13:17.978 I/ACodec  ( 1484): codec does not support config priority (err -2147483648)
12-14 01:13:17.979 E/OMXNodeInstance( 1489): getConfig(0xaf0a0f60:google.vorbis.decoder, ConfigAndroidVendorExtension(0x6f100004)) ERROR: Undefined(0x80001001)
12-14 01:13:17.984 I/MediaCodec( 1484): MediaCodec will operate in async mode
12-14 01:13:17.986 W//system/bin/hw/android.hidl.allocator@1.0-service( 1389): ashmem_create_region(32768) returning hidl_memory(0xa859b850, 32768)
12-14 01:13:18.003 I/chatty  ( 1389): uid=1000(system) allocator@1.0-s identical 10 lines
12-14 01:13:18.003 W//system/bin/hw/android.hidl.allocator@1.0-service( 1389): ashmem_create_region(32768) returning hidl_memory(0xa859b850, 32768)
12-14 01:13:18.017 D/AudioTrack( 1484): Client defaulted notificationFrames to 7406 for frameCount 22218
12-14 01:13:18.020 W/audio_hw_generic( 1390): Not supplying enough data to HAL, expected position 354972 , only wrote 354960
12-14 01:13:18.021 D/NuPlayerDriver( 1484): notifyListener_l(0xa8a29700), (6, 0, 0, -1), loop setting(0, 0)
12-14 01:13:18.223 V/StatusBar( 1732): setLightsOn(true)
12-14 01:13:18.797 D/gralloc_ranchu( 1396): gralloc_alloc: Creating ashmem region of size 7753728
12-14 01:13:19.211 E/WifiVendorHal( 1628): getTxPktFates(l.1941) failed {.code = ERROR_NOT_SUPPORTED, .description = }
12-14 01:13:19.213 E/WifiVendorHal( 1628): getRxPktFates(l.1981) failed {.code = ERROR_NOT_SUPPORTED, .description = }
12-14 01:13:19.522 I/NuPlayerDecoder( 1484): [audio] saw output EOS
12-14 01:13:19.668 E/SurfaceFlinger( 1406): ro.sf.lcd_density must be defined as a build property
12-14 01:13:19.678 D/gralloc_ranchu( 1396): gralloc_alloc: Creating ashmem region of size 8298496
12-14 01:13:19.688 D/        ( 4517): HostConnection::get() New Host Connection established 0xb3faf800, tid 4517
12-14 01:13:19.774 D/AudioTrack( 1484): stop() called with 84672 frames delivered
12-14 01:13:19.811 I/zygote  ( 1628): Explicit concurrent copying GC freed 22971(1727KB) AllocSpace objects, 10(200KB) LOS objects, 38% free, 9MB/15MB, paused 461us total 48.781ms
12-14 01:13:19.995 I/System.out( 4461): URI: //
12-14 01:13:19.996 I/System.out( 4461): params: {json={"command":"set_activity_orientation","arguments":["portrait"]}
12-14 01:13:19.996 I/System.out( 4461): }
12-14 01:13:19.996 I/System.out( 4461): header: {content-type=application/json;charset=utf-8, date=Mon, 14 Dec 2020 06:13:20 GMT, accept=*/*, host=127.0.0.1:34777, content-length=63, user-agent=HTTPClient/1.0 (2.8.3, ruby 2.5.8 (2020-03-31))}
12-14 01:13:19.996 I/System.out( 4461): params: {json={"command":"set_activity_orientation","arguments":["portrait"]}
12-14 01:13:19.996 I/System.out( 4461): }
12-14 01:13:19.996 I/System.out( 4461): ProP json = {"command":"set_activity_orientation","arguments":["portrait"]}
12-14 01:13:19.996 I/System.out( 4461): files: {}
12-14 01:13:19.996 I/System.out( 4461): command: {"command":"set_activity_orientation","arguments":["portrait"]}
12-14 01:13:19.999 I/InstrumentationBackend( 4461): Got command:'Command:'Line:null,set_activity_orientation', arguments:'[portrait]'
12-14 01:13:20.002 D/gralloc_ranchu( 1396): gralloc_alloc: Creating ashmem region of size 8298496
12-14 01:13:20.017 W/LocalDisplayAdapter( 1628): Unable to find color mode 0, ignoring request.
12-14 01:13:20.033 I/InputReader( 1628): Reconfiguring input devices.  changes=0x00000004
12-14 01:13:20.033 I/InputReader( 1628): Device reconfigured: id=0, name='qwerty2', size 1080x1920, orientation 0, mode 1, display id 0
12-14 01:13:20.040 I/ActivityManager( 1628): Config changes=480 {1.0 310mcc260mnc [en_US] ldltr sw411dp w411dp h659dp 420dpi nrml port finger qwerty/v/v -nav/h appBounds=Rect(0, 0 - 1080, 1794) s.8}
12-14 01:13:20.061 I/ActivityManager( 1628): Override config changes=480 {1.0 310mcc260mnc [en_US] ldltr sw411dp w411dp h659dp 420dpi nrml port finger qwerty/v/v -nav/h appBounds=Rect(0, 0 - 1080, 1794) s.8} for displayId=0
12-14 01:13:20.099 I/calabash( 4461): newActivity1
12-14 01:13:20.126 D/gralloc_ranchu( 1396): gralloc_alloc: Creating ashmem region of size 544768
12-14 01:13:20.130 D/NuPlayerDriver( 1484): notifyListener_l(0xa8a29700), (2, 0, 0, -1), loop setting(0, 0)
12-14 01:13:20.134 I/MediaFocusControl( 1628):  AudioFocus  abandonAudioFocus() from uid/pid 10028/1732 clientId=android.media.AudioManager@cb70192
12-14 01:13:20.140 W/ActivityManager( 1628): Bad activity token: android.os.BinderProxy@b624b2a
12-14 01:13:20.140 W/ActivityManager( 1628): java.lang.ClassCastException: android.os.BinderProxy cannot be cast to com.android.server.am.ActivityRecord$Token
12-14 01:13:20.140 W/ActivityManager( 1628): 	at com.android.server.am.ActivityRecord.forTokenLocked(ActivityRecord.java:778)
12-14 01:13:20.140 W/ActivityManager( 1628): 	at com.android.server.am.ActivityRecord.isInStackLocked(ActivityRecord.java:2085)
12-14 01:13:20.140 W/ActivityManager( 1628): 	at com.android.server.am.ActivityRecord.getStackLocked(ActivityRecord.java:2090)
12-14 01:13:20.140 W/ActivityManager( 1628): 	at com.android.server.am.ActivityManagerService.getActivityDisplayId(ActivityManagerService.java:10406)
12-14 01:13:20.140 W/ActivityManager( 1628): 	at android.app.IActivityManager$Stub.onTransact(IActivityManager.java:2738)
12-14 01:13:20.140 W/ActivityManager( 1628): 	at com.android.server.am.ActivityManagerService.onTransact(ActivityManagerService.java:2935)
12-14 01:13:20.140 W/ActivityManager( 1628): 	at android.os.Binder.execTransact(Binder.java:674)
12-14 01:13:20.142 I/calabash( 4461): newActivity1
12-14 01:13:20.146 W/ActivityManager( 1628): Bad activity token: android.os.BinderProxy@b624b2a
12-14 01:13:20.146 W/ActivityManager( 1628): java.lang.ClassCastException: android.os.BinderProxy cannot be cast to com.android.server.am.ActivityRecord$Token
12-14 01:13:20.146 W/ActivityManager( 1628): 	at com.android.server.am.ActivityRecord.forTokenLocked(ActivityRecord.java:778)
12-14 01:13:20.146 W/ActivityManager( 1628): 	at com.android.server.am.ActivityRecord.isInStackLocked(ActivityRecord.java:2085)
12-14 01:13:20.146 W/ActivityManager( 1628): 	at com.android.server.am.ActivityManagerService.setTaskDescription(ActivityManagerService.java:9988)
12-14 01:13:20.146 W/ActivityManager( 1628): 	at android.app.IActivityManager$Stub.onTransact(IActivityManager.java:2824)
12-14 01:13:20.146 W/ActivityManager( 1628): 	at com.android.server.am.ActivityManagerService.onTransact(ActivityManagerService.java:2935)
12-14 01:13:20.146 W/ActivityManager( 1628): 	at android.os.Binder.execTransact(Binder.java:674)
12-14 01:13:20.147 W/ActivityManager( 1628): Bad activity token: android.os.BinderProxy@b624b2a
12-14 01:13:20.147 W/ActivityManager( 1628): java.lang.ClassCastException: android.os.BinderProxy cannot be cast to com.android.server.am.ActivityRecord$Token
12-14 01:13:20.147 W/ActivityManager( 1628): 	at com.android.server.am.ActivityRecord.forTokenLocked(ActivityRecord.java:778)
12-14 01:13:20.147 W/ActivityManager( 1628): 	at com.android.server.am.ActivityRecord.isInStackLocked(ActivityRecord.java:2085)
12-14 01:13:20.147 W/ActivityManager( 1628): 	at com.android.server.am.ActivityRecord.getStackLocked(ActivityRecord.java:2090)
12-14 01:13:20.147 W/ActivityManager( 1628): 	at com.android.server.am.ActivityManagerService.getActivityStackId(ActivityManagerService.java:10417)
12-14 01:13:20.147 W/ActivityManager( 1628): 	at android.app.IActivityManager$Stub.onTransact(IActivityManager.java:3548)
12-14 01:13:20.147 W/ActivityManager( 1628): 	at com.android.server.am.ActivityManagerService.onTransact(ActivityManagerService.java:2935)
12-14 01:13:20.147 W/ActivityManager( 1628): 	at android.os.Binder.execTransact(Binder.java:674)
12-14 01:13:20.150 D/EGL_emulation( 1732): eglMakeCurrent: 0x896604c0: ver 3 0 (tinfo 0x9a596c50)
12-14 01:13:20.154 D/gralloc_ranchu( 1396): gralloc_alloc: Creating ashmem region of size 544768
12-14 01:13:20.173 I/zygote  ( 4461): Do full code cache collection, code=193KB, data=125KB
12-14 01:13:20.174 I/zygote  ( 4461): After code cache collection, code=191KB, data=103KB
12-14 01:13:20.209 W/ActivityManager( 1628): Bad activity token: android.os.BinderProxy@b624b2a
12-14 01:13:20.209 W/ActivityManager( 1628): java.lang.ClassCastException: android.os.BinderProxy cannot be cast to com.android.server.am.ActivityRecord$Token
12-14 01:13:20.209 W/ActivityManager( 1628): 	at com.android.server.am.ActivityRecord.forTokenLocked(ActivityRecord.java:778)
12-14 01:13:20.209 W/ActivityManager( 1628): 	at com.android.server.am.ActivityRecord.isInStackLocked(ActivityRecord.java:2085)
12-14 01:13:20.209 W/ActivityManager( 1628): 	at com.android.server.am.ActivityManagerService.getActivityOptions(ActivityManagerService.java:13302)
12-14 01:13:20.209 W/ActivityManager( 1628): 	at android.app.IActivityManager$Stub.onTransact(IActivityManager.java:2910)
12-14 01:13:20.209 W/ActivityManager( 1628): 	at com.android.server.am.ActivityManagerService.onTransact(ActivityManagerService.java:2935)
12-14 01:13:20.209 W/ActivityManager( 1628): 	at android.os.Binder.execTransact(Binder.java:674)
12-14 01:13:20.210 W/ActivityManager( 1628): Bad activity token: android.os.BinderProxy@b624b2a
12-14 01:13:20.210 W/ActivityManager( 1628): java.lang.ClassCastException: android.os.BinderProxy cannot be cast to com.android.server.am.ActivityRecord$Token
12-14 01:13:20.210 W/ActivityManager( 1628): 	at com.android.server.am.ActivityRecord.forTokenLocked(ActivityRecord.java:778)
12-14 01:13:20.210 W/ActivityManager( 1628): 	at com.android.server.am.ActivityRecord.isInStackLocked(ActivityRecord.java:2085)
12-14 01:13:20.210 W/ActivityManager( 1628): 	at com.android.server.am.ActivityManagerService.getActivityOptions(ActivityManagerService.java:13302)
12-14 01:13:20.210 W/ActivityManager( 1628): 	at android.app.IActivityManager$Stub.onTransact(IActivityManager.java:2910)
12-14 01:13:20.210 W/ActivityManager( 1628): 	at com.android.server.am.ActivityManagerService.onTransact(ActivityManagerService.java:2935)
12-14 01:13:20.210 W/ActivityManager( 1628): 	at android.os.Binder.execTransact(Binder.java:674)
12-14 01:13:20.265 E/memtrack( 1628): Couldn't load memtrack module
12-14 01:13:20.265 W/android.os.Debug( 1628): failed to get memory consumption info: -1
12-14 01:13:20.282 I/System.out( 4461): result:{"bonusInformation":[],"message":"","success":true}
12-14 01:13:20.296 D/gralloc_ranchu( 1396): gralloc_alloc: Creating ashmem region of size 544768
12-14 01:13:20.305 D/gralloc_ranchu( 1396): gralloc_alloc: Creating ashmem region of size 7753728
12-14 01:13:20.334 D/gralloc_ranchu( 1396): gralloc_alloc: Creating ashmem region of size 274432
12-14 01:13:20.351 D/StatusBar( 1732): disable<e i a s b h r c s q >
12-14 01:13:20.372 D/EGL_emulation( 1732): eglMakeCurrent: 0x896604c0: ver 3 0 (tinfo 0x9a596c50)
12-14 01:13:20.379 E/memtrack( 1628): Couldn't load memtrack module
12-14 01:13:20.379 W/android.os.Debug( 1628): failed to get memory consumption info: -1
12-14 01:13:20.385 D/gralloc_ranchu( 1396): gralloc_alloc: Creating ashmem region of size 274432
12-14 01:13:20.410 D/gralloc_ranchu( 1396): gralloc_alloc: Creating ashmem region of size 7753728
12-14 01:13:20.418 I/WindowManager( 1628): Screen frozen for +419ms due to Window{b3e45bd u0 StatusBar}
12-14 01:13:20.462 D/SurfaceFlinger( 1406): duplicate layer name: changing BlackSurface to BlackSurface#1
12-14 01:13:20.473 D/SurfaceFlinger( 1406): duplicate layer name: changing BlackSurface to BlackSurface#2
12-14 01:13:20.483 D/SurfaceFlinger( 1406): duplicate layer name: changing BlackSurface to BlackSurface#3
12-14 01:13:20.500 E/TaskPersister( 1628): File error accessing recents directory (directory doesn't exist?).
12-14 01:13:20.518 D/gralloc_ranchu( 1396): gralloc_alloc: Creating ashmem region of size 274432
12-14 01:13:20.525 D/EGL_emulation( 1732): eglMakeCurrent: 0x896604c0: ver 3 0 (tinfo 0x9a596c50)
12-14 01:13:20.535 D/EGL_emulation( 1732): eglMakeCurrent: 0x896604c0: ver 3 0 (tinfo 0x9a596c50)
12-14 01:13:20.537 V/StatusBar( 1732): setLightsOn(true)
12-14 01:13:20.926 V/StatusBar( 1732): setLightsOn(true)
12-14 01:13:21.531 D/gralloc_ranchu( 1396): gralloc_alloc: Creating ashmem region of size 7753728
12-14 01:13:22.482 E/SurfaceFlinger( 1406): ro.sf.lcd_density must be defined as a build property
12-14 01:13:22.493 D/gralloc_ranchu( 1396): gralloc_alloc: Creating ashmem region of size 8298496
12-14 01:13:22.504 D/        ( 4525): HostConnection::get() New Host Connection established 0xafa2f800, tid 4525
12-14 01:13:22.534 I/zygote  ( 1628): Explicit concurrent copying GC freed 7076(785KB) AllocSpace objects, 1(20KB) LOS objects, 38% free, 9MB/15MB, paused 352us total 46.136ms
12-14 01:13:22.886 E/memtrack( 1628): Couldn't load memtrack module
12-14 01:13:22.886 W/android.os.Debug( 1628): failed to get memory consumption info: -1
