--------- beginning of main
12-14 03:07:33.758 I/chatty  ( 1725): uid=10028(u0_a28) RenderThread expire 16 lines
12-14 03:07:33.774 D/EGL_emulation( 1725): eglMakeCurrent: 0x8e319280: ver 3 0 (tinfo 0x9f205cb0)
12-14 03:07:33.792 V/StatusBar( 1725): setLightsOn(true)
12-14 03:07:33.859 I/chatty  ( 1725): uid=10028(u0_a28) com.android.systemui identical 2 lines
12-14 03:07:33.863 V/StatusBar( 1725): setLightsOn(true)
12-14 03:07:33.865 I/zygote  ( 4076): Do partial code cache collection, code=28KB, data=30KB
12-14 03:07:33.865 I/zygote  ( 4076): After code cache collection, code=28KB, data=30KB
12-14 03:07:33.865 I/zygote  ( 4076): Increasing code cache capacity to 128KB
12-14 03:07:33.872 I/zygote  ( 4076): Do partial code cache collection, code=28KB, data=48KB
12-14 03:07:33.873 I/zygote  ( 4076): After code cache collection, code=28KB, data=48KB
12-14 03:07:33.873 I/zygote  ( 4076): Increasing code cache capacity to 256KB
12-14 03:07:33.874 I/zygote  ( 4076): JIT allocated 71KB for compiled code of void android.widget.TextView.<init>(android.content.Context, android.util.AttributeSet, int, int)
12-14 03:07:33.874 I/zygote  ( 4076): Compiler allocated 4MB to compile void android.widget.TextView.<init>(android.content.Context, android.util.AttributeSet, int, int)
12-14 03:07:33.929 D/gralloc_ranchu( 1396): gralloc_alloc: Creating ashmem region of size 7753728
12-14 03:07:33.951 D/        ( 4076): HostConnection::get() New Host Connection established 0x9f130cc0, tid 4076
12-14 03:07:33.960 V/StatusBar( 1725): setLightsOn(true)
12-14 03:07:34.003 V/StatusBar( 1725): setLightsOn(true)
12-14 03:07:34.006 I/ActivityManager( 1626): Displayed com.evancharlton.mileage/.Mileage: +554ms
12-14 03:07:34.009 V/StatusBar( 1725): setLightsOn(true)
12-14 03:07:34.037 V/StatusBar( 1725): setLightsOn(true)
12-14 03:07:34.048 I/zygote  ( 4076): Do full code cache collection, code=125KB, data=71KB
12-14 03:07:34.048 D/gralloc_ranchu( 1396): gralloc_alloc: Creating ashmem region of size 7753728
12-14 03:07:34.048 I/zygote  ( 4076): After code cache collection, code=104KB, data=41KB
12-14 03:07:34.163 E/memtrack( 1626): Couldn't load memtrack module
12-14 03:07:34.163 W/android.os.Debug( 1626): failed to get memory consumption info: -1
12-14 03:07:34.214 V/StatusBar( 1725): setLightsOn(true)
12-14 03:07:34.271 I/chatty  ( 1725): uid=10028(u0_a28) com.android.systemui identical 1 line
12-14 03:07:34.287 V/StatusBar( 1725): setLightsOn(true)
12-14 03:07:34.302 W/SurfaceFlinger( 1413): couldn't log to binary event log: overflow.
12-14 03:07:34.359 W/audio_hw_generic( 1390): Not supplying enough data to HAL, expected position 558338 , only wrote 359280
12-14 03:07:34.377 I/PBSessionCacheImpl( 2209): Deleted sessionId[10324000842877] from persistence.
12-14 03:07:34.381 I/System.out( 4076): URI: //kill
12-14 03:07:34.381 I/System.out( 4076): params: {json={}
12-14 03:07:34.381 I/System.out( 4076): }
12-14 03:07:34.381 I/System.out( 4076): Stopping test server
12-14 03:07:34.387 E/adbd    ( 1372): failed to connect to socket 'tcp:7102': Connection refused
12-14 03:07:34.391 E/adbd    ( 1372): failed to connect to socket 'tcp:7102': Connection refused
12-14 03:07:34.403 I/zygote  ( 2209): Do partial code cache collection, code=239KB, data=176KB
12-14 03:07:34.403 W/SearchService( 2209): Abort, client detached.
12-14 03:07:34.404 I/zygote  ( 2209): After code cache collection, code=239KB, data=176KB
12-14 03:07:34.405 I/zygote  ( 2209): Increasing code cache capacity to 1024KB
12-14 03:07:34.475 V/StatusBar( 1725): setLightsOn(true)
12-14 03:07:34.503 I/chatty  ( 1725): uid=10028(u0_a28) com.android.systemui identical 3 lines
12-14 03:07:34.508 V/StatusBar( 1725): setLightsOn(true)
12-14 03:07:34.510 D/gralloc_ranchu( 1396): gralloc_alloc: Creating ashmem region of size 8298496
12-14 03:07:34.523 D/gralloc_ranchu( 1396): gralloc_alloc: Creating ashmem region of size 8298496
12-14 03:07:34.530 W/zygote  ( 4125): Unexpected CPU variant for X86 using defaults: x86
12-14 03:07:34.548 D/gralloc_ranchu( 1396): gralloc_alloc: Creating ashmem region of size 8298496
12-14 03:07:34.611 D/SurfaceFlinger( 1413): duplicate layer name: changing com.google.android.apps.nexuslauncher/com.google.android.apps.nexuslauncher.NexusLauncherActivity to com.google.android.apps.nexuslauncher/com.google.android.apps.nexuslauncher.NexusLauncherActivity#1
12-14 03:07:34.621 D/gralloc_ranchu( 1396): gralloc_alloc: Creating ashmem region of size 8298496
12-14 03:07:34.697 I/CalendarProvider2( 4125): Created com.android.providers.calendar.CalendarAlarmManager@1cca19(com.android.providers.calendar.CalendarProvider2@a2bdade)
12-14 03:07:34.747 D/EGL_emulation( 2209): eglMakeCurrent: 0x9f447d40: ver 3 0 (tinfo 0x9f5ff560)
12-14 03:07:34.751 D/gralloc_ranchu( 1396): gralloc_alloc: Creating ashmem region of size 8298496
12-14 03:07:34.752 D/EGL_emulation( 1725): eglMakeCurrent: 0x8e319280: ver 3 0 (tinfo 0x9f205cb0)
12-14 03:07:34.833 D/gralloc_ranchu( 1396): gralloc_alloc: Creating ashmem region of size 8298496
12-14 03:07:34.839 W/SessionLifecycleManager( 2209): Handover failed. Creating new session controller.
12-14 03:07:34.886 D/EGL_emulation( 2175): eglMakeCurrent: 0x9f447500: ver 3 0 (tinfo 0x9f5ffbc0)
12-14 03:07:34.905 I/MicroDetectionWorker( 2209): #updateMicroDetector [detectionMode: [mDetectionMode: [1]]]
12-14 03:07:34.905 I/MicroDetectionWorker( 2209): #startMicroDetector [speakerMode: 0]
12-14 03:07:34.908 I/AudioController( 2209): Using mInputStreamFactoryBuilder
12-14 03:07:34.911 I/MicroDetectionWorker( 2209): onReady
12-14 03:07:34.915 I/MicroRecognitionRunner( 2209): Starting detection.
12-14 03:07:34.915 I/MicrophoneInputStream( 2209): mic_starting com.google.android.apps.gsa.staticplugins.aa.c@c8902e9
12-14 03:07:34.917 I/AudioFlinger( 1475): AudioFlinger's thread 0xa40036c0 tid=4144 ready to run
12-14 03:07:34.920 I/MicrophoneInputStream( 2209): mic_started com.google.android.apps.gsa.staticplugins.aa.c@c8902e9
12-14 03:07:34.923 I/MicrophoneInputStream( 2209): mic_close com.google.android.apps.gsa.staticplugins.aa.c@c8902e9
12-14 03:07:34.925 I/MicroRecognitionRunner( 2209): Detection finished
12-14 03:07:34.925 W/ErrorReporter( 2209): reportError [type: 211, code: 524300]: Error reading from input stream
12-14 03:07:34.925 I/MicroRecognitionRunner( 2209): Stopping hotword detection.
12-14 03:07:34.926 W/ErrorProcessor( 2209): onFatalError, processing error from engine(4)
12-14 03:07:34.926 W/ErrorProcessor( 2209): com.google.android.apps.gsa.shared.speech.b.g: Error reading from input stream
12-14 03:07:34.926 W/ErrorProcessor( 2209): 	at com.google.android.apps.gsa.staticplugins.recognizer.j.a.a(SourceFile:28)
12-14 03:07:34.926 W/ErrorProcessor( 2209): 	at com.google.android.apps.gsa.staticplugins.recognizer.j.b.run(SourceFile:15)
12-14 03:07:34.926 W/ErrorProcessor( 2209): 	at java.util.concurrent.Executors$RunnableAdapter.call(Executors.java:457)
12-14 03:07:34.926 W/ErrorProcessor( 2209): 	at java.util.concurrent.FutureTask.run(FutureTask.java:266)
12-14 03:07:34.926 W/ErrorProcessor( 2209): 	at com.google.android.apps.gsa.shared.util.concurrent.a.ax.run(SourceFile:14)
12-14 03:07:34.926 W/ErrorProcessor( 2209): 	at com.google.android.apps.gsa.shared.util.concurrent.a.bl.run(SourceFile:4)
12-14 03:07:34.926 W/ErrorProcessor( 2209): 	at com.google.android.apps.gsa.shared.util.concurrent.a.bl.run(SourceFile:4)
12-14 03:07:34.926 W/ErrorProcessor( 2209): 	at java.util.concurrent.ThreadPoolExecutor.runWorker(ThreadPoolExecutor.java:1162)
12-14 03:07:34.926 W/ErrorProcessor( 2209): 	at java.util.concurrent.ThreadPoolExecutor$Worker.run(ThreadPoolExecutor.java:636)
12-14 03:07:34.926 W/ErrorProcessor( 2209): 	at java.lang.Thread.run(Thread.java:764)
12-14 03:07:34.926 W/ErrorProcessor( 2209): 	at com.google.android.apps.gsa.shared.util.concurrent.a.ai.run(SourceFile:6)
12-14 03:07:34.926 W/ErrorProcessor( 2209): Caused by: com.google.android.apps.gsa.shared.exception.GsaIOException: Error code: 393238 | Buffer overflow, no available space.
12-14 03:07:34.926 W/ErrorProcessor( 2209): 	at com.google.android.apps.gsa.speech.audio.Tee.f(SourceFile:103)
12-14 03:07:34.926 W/ErrorProcessor( 2209): 	at com.google.android.apps.gsa.speech.audio.au.read(SourceFile:2)
12-14 03:07:34.926 W/ErrorProcessor( 2209): 	at java.io.InputStream.read(InputStream.java:101)
12-14 03:07:34.926 W/ErrorProcessor( 2209): 	at com.google.android.apps.gsa.speech.audio.ao.run(SourceFile:18)
12-14 03:07:34.926 W/ErrorProcessor( 2209): 	at com.google.android.apps.gsa.speech.audio.an.run(SourceFile:2)
12-14 03:07:34.926 W/ErrorProcessor( 2209): 	... 9 more
12-14 03:07:34.926 I/AudioController( 2209): internalShutdown
12-14 03:07:34.931 D/gralloc_ranchu( 1396): gralloc_alloc: Creating ashmem region of size 7753728
12-14 03:07:34.954 I/MicroDetectionWorker( 2209): onReady
12-14 03:07:34.954 I/MicroDetector( 2209): Keeping mic open: false
12-14 03:07:34.954 I/MicroDetectionWorker( 2209): #onError(false)
12-14 03:07:34.955 I/DeviceStateChecker( 2209): DeviceStateChecker cancelled
12-14 03:07:34.960 D/EGL_emulation( 1725): eglMakeCurrent: 0x8e319280: ver 3 0 (tinfo 0x9f205cb0)
12-14 03:07:35.163 I/chatty  ( 1725): uid=10028(u0_a28) RenderThread identical 19 lines
12-14 03:07:35.200 D/EGL_emulation( 1725): eglMakeCurrent: 0x8e319280: ver 3 0 (tinfo 0x9f205cb0)
12-14 03:07:35.366 W/OpenGLRenderer( 2175): Incorrectly called buildLayer on View: ShortcutAndWidgetContainer, destroying layer...
12-14 03:07:35.398 I/OpenGLRenderer( 1626): Initialized EGL, version 1.4
12-14 03:07:35.398 D/OpenGLRenderer( 1626): Swap behavior 1
12-14 03:07:35.399 W/OpenGLRenderer( 1626): Failed to choose config with EGL_SWAP_BEHAVIOR_PRESERVED, retrying without...
12-14 03:07:35.399 D/OpenGLRenderer( 1626): Swap behavior 0
12-14 03:07:35.417 D/EGL_emulation( 1626): eglCreateContext: 0x8a69c6c0: maj 3 min 0 rcv 3
12-14 03:07:35.420 D/EGL_emulation( 1626): eglMakeCurrent: 0x8a69c6c0: ver 3 0 (tinfo 0x8f03e340)
12-14 03:07:35.422 E/eglCodecCommon( 1626): glUtilsParamSize: unknow param 0x00008cdf
12-14 03:07:35.423 E/eglCodecCommon( 1626): glUtilsParamSize: unknow param 0x00008cdf
12-14 03:07:35.423 E/eglCodecCommon( 1626): glUtilsParamSize: unknow param 0x00008824
12-14 03:07:35.424 E/eglCodecCommon( 1626): glUtilsParamSize: unknow param 0x00008824
12-14 03:07:35.740 I/ContentMaintenance( 2108): Internal cache bytes used: 0; limit: 100000000; download size: 0
12-14 03:07:35.754 I/RealtimeCacheCleanup( 2108): Beginning Realtime garbage collection.
12-14 03:07:35.755 I/RealtimeCacheCleanup( 2108): Finished Realtime garbage collection.
12-14 03:07:37.605 D/BoundBrokerSvc( 1944): onUnbind: Intent { act=com.google.android.gms.tapandpay.service.BIND cmp=com.google.android.gms/.chimera.PersistentApiService }
12-14 03:07:37.750 D/BoundBrokerSvc( 2108): onUnbind: Intent { act=com.google.android.gms.pay.service.BIND cmp=com.google.android.gms/.chimera.GmsApiService }
12-14 03:07:38.816 I/Finsky  ( 2488): [2] abyu.onStartJob(3): SCH: onJobSchedulerWakeup with jobId 9001
12-14 03:07:38.819 I/Finsky  ( 2488): [2] abtz.a(9): SCH: Scheduling fallback job with id: 9034, and delay: 43200000 ms
12-14 03:07:38.823 I/Finsky  ( 2488): [2] abtz.b(9): SCH: Scheduling fallback in 64799999 (absolute: 64868259)
12-14 03:07:38.827 I/Finsky  ( 2488): [2] abyu.onStartJob(3): SCH: onJobSchedulerWakeup with jobId 9003
12-14 03:07:38.829 I/Finsky  ( 2488): [2] abtz.a(9): SCH: Scheduling fallback job with id: 9034, and delay: 43200000 ms
12-14 03:07:38.831 I/Finsky  ( 2488): [2] abtz.b(9): SCH: Scheduling fallback in 64799999 (absolute: 64868267)
12-14 03:07:38.834 W/Finsky  ( 2488): [2] abyu.onStartJob(10): SCH: onJobSchedulerWakeup while already running
12-14 03:07:38.876 I/Finsky  ( 2488): [2] abui.handleMessage(8): SCH: DeviceState: DeviceState{currentTime=1607933258873, isCharging=false, isIdle=false, netAny=true, netNotRoaming=true, netUnmetered=true, batteryPercent=100.0}
12-14 03:07:38.879 I/Finsky  ( 2488): [122] abwt.b(5): SCH: Jobs in database: 1-1337 2-48879 3-153 12-1 26-1414141414 29-29 
12-14 03:07:38.890 I/Finsky  ( 2488): [2] abuj.b(10): SCH: Running job: 12-1
12-14 03:07:38.891 I/Finsky  ( 2488): [2] ContentSyncJob.r(1): [ContentSync] job started
12-14 03:07:38.892 I/Finsky  ( 2488): [2] abuj.b(10): SCH: Running job: 29-29
12-14 03:07:38.906 I/Finsky  ( 2488): [2] abui.handleMessage(59): SCH: RunningQueue size: 2, PendingQueue size: 0
12-14 03:07:38.906 I/Finsky  ( 2488): [2] abuj.p(3): SCH: Running queue: 12-1 29-29 
12-14 03:07:38.917 I/Finsky  ( 2488): [186] ajmy.a(0): ProcessRecoveryLogsUtil: No files in recovery directory
12-14 03:07:38.919 I/Finsky  ( 2488): [186] abvs.n(4): SCH: jobFinished: 29-29. TimeElapsed: 26ms.
12-14 03:07:38.920 I/Finsky  ( 2488): [2] abuj.e(4): SCH: Job 29-29 finished. Not rescheduling.
12-14 03:07:38.923 I/Finsky  ( 2488): [2] abui.handleMessage(59): SCH: RunningQueue size: 1, PendingQueue size: 0
12-14 03:07:38.923 I/Finsky  ( 2488): [2] abuj.p(3): SCH: Running queue: 12-1 
12-14 03:07:38.992 I/zygote  ( 2488): Deoptimizing j$.util.stream.Sink j$.util.stream.AbstractPipeline.wrapAndCopyInto(j$.util.stream.Sink, j$.util.Spliterator) due to JIT inline cache
12-14 03:07:39.038 I/zygote  ( 2488): Deoptimizing void j$.util.stream.AbstractPipeline.copyInto(j$.util.stream.Sink, j$.util.Spliterator) due to JIT inline cache
12-14 03:07:39.086 I/Finsky  ( 2488): [173] glv.b(1): Completed 0 account content syncs with 0 successful.
12-14 03:07:39.086 I/Finsky  ( 2488): [2] ContentSyncJob.a(1): [ContentSync] Installation state replication succeeded.
12-14 03:07:39.087 I/Finsky  ( 2488): [2] abvs.n(4): SCH: jobFinished: 12-1. TimeElapsed: 196ms.
12-14 03:07:39.087 I/Finsky  ( 2488): [2] abuj.e(4): SCH: Job 12-1 finished. Not rescheduling.
12-14 03:07:39.088 I/Finsky  ( 2488): [2] abui.handleMessage(59): SCH: RunningQueue size: 0, PendingQueue size: 0
12-14 03:07:39.088 I/Finsky  ( 2488): [2] abui.handleMessage(26): SCH: Executor finished
12-14 03:07:39.097 I/Finsky  ( 2488): [2] abwt.b(5): SCH: Jobs in database: 1-1337 2-48879 3-153 26-1414141414 
12-14 03:07:39.099 I/Finsky  ( 2488): [2] abvf.d(37): SCH: ConstraintMapping: 1-1337,  -> L: 307863ms, D: 43507863ms, C: false, I: false, N: 1
12-14 03:07:39.099 I/Finsky  ( 2488): [2] abvf.d(37): SCH: ConstraintMapping: 2-48879, 3-153,  -> L: 0ms, D: 63176997ms, C: true, I: true, N: 2
12-14 03:07:39.099 I/Finsky  ( 2488): [2] abvf.d(37): SCH: ConstraintMapping: 26-1414141414,  -> L: 21297951ms, D: 22197951ms, C: false, I: false, N: 0
12-14 03:07:39.101 I/Finsky  ( 2488): [2] abvf.f(7): SCH: Cancelling existing jobscheduler jobs: 9002 
12-14 03:07:39.101 I/Finsky  ( 2488): [2] abvf.e(23): SCH: Scheduling job Id: 9000, L: 307863, D: 43507863, C: false, I: false, N: 1
12-14 03:07:39.102 I/Finsky  ( 2488): [2] abvf.e(8): SCH: Throttling wakeup for job 9003 (expected to run in 0 ms) due to recent wakeup
12-14 03:07:39.102 I/Finsky  ( 2488): [2] abvf.e(23): SCH: Scheduling job Id: 9003, L: 30000, D: 63176997, C: true, I: true, N: 2
12-14 03:07:39.102 I/Finsky  ( 2488): [2] abvf.e(23): SCH: Scheduling job Id: 9004, L: 21297951, D: 22197951, C: false, I: false, N: 0
12-14 03:07:39.106 D/BoundBrokerSvc( 1944): onUnbind: Intent { act=com.google.android.gms.phenotype.service.START cmp=com.google.android.gms/.chimera.PersistentApiService }
12-14 03:07:39.417 E/memtrack( 1626): Couldn't load memtrack module
12-14 03:07:39.417 W/android.os.Debug( 1626): failed to get memory consumption info: -1
12-14 03:07:39.420 W/NetworkScheduler.TED( 1944): Enforcing binder timeout for ComponentInfo{com.google.android.videos/com.google.android.videos.service.drm.RefreshLicenseTaskService}
12-14 03:07:39.421 E/NetworkScheduler.TED( 1944): Dropping task as app's play services SDK version does not support Android O. Either update the SDK or lower your app's target SDK version. Canceling all tasks for the service: ComponentInfo{com.google.android.videos/com.google.android.videos.service.drm.RefreshLicenseTaskService}
12-14 03:07:39.959 I/MicroDetectionWorker( 2209): #updateMicroDetector [detectionMode: [mDetectionMode: [1]]]
12-14 03:07:39.959 I/MicroDetectionWorker( 2209): #startMicroDetector [speakerMode: 0]
12-14 03:07:39.960 I/AudioController( 2209): Using mInputStreamFactoryBuilder
12-14 03:07:39.961 I/MicroDetectionWorker( 2209): onReady
12-14 03:07:39.962 I/MicroRecognitionRunner( 2209): Starting detection.
12-14 03:07:39.963 I/MicrophoneInputStream( 2209): mic_starting com.google.android.apps.gsa.staticplugins.aa.c@cca8cf7
12-14 03:07:39.965 I/AudioFlinger( 1475): AudioFlinger's thread 0xa3e83200 tid=4152 ready to run
12-14 03:07:39.969 I/MicrophoneInputStream( 2209): mic_started com.google.android.apps.gsa.staticplugins.aa.c@cca8cf7
--------- beginning of system
12-14 03:07:39.970 E/ActivityThread( 2209): Failed to find provider info for com.google.android.apps.gsa.testing.ui.audio.recorded
12-14 03:07:39.970 I/MicroDetectionWorker( 2209): onReady
12-14 03:07:39.972 I/MicrophoneInputStream( 2209): mic_close com.google.android.apps.gsa.staticplugins.aa.c@cca8cf7
12-14 03:07:39.972 I/MicroRecognitionRunner( 2209): Detection finished
12-14 03:07:39.972 W/ErrorReporter( 2209): reportError [type: 211, code: 524300]: Error reading from input stream
12-14 03:07:39.973 I/MicroRecognitionRunner( 2209): Stopping hotword detection.
12-14 03:07:39.973 W/ErrorProcessor( 2209): onFatalError, processing error from engine(4)
12-14 03:07:39.973 W/ErrorProcessor( 2209): com.google.android.apps.gsa.shared.speech.b.g: Error reading from input stream
12-14 03:07:39.973 W/ErrorProcessor( 2209): 	at com.google.android.apps.gsa.staticplugins.recognizer.j.a.a(SourceFile:28)
12-14 03:07:39.973 W/ErrorProcessor( 2209): 	at com.google.android.apps.gsa.staticplugins.recognizer.j.b.run(SourceFile:15)
12-14 03:07:39.973 W/ErrorProcessor( 2209): 	at java.util.concurrent.Executors$RunnableAdapter.call(Executors.java:457)
12-14 03:07:39.973 W/ErrorProcessor( 2209): 	at java.util.concurrent.FutureTask.run(FutureTask.java:266)
12-14 03:07:39.973 W/ErrorProcessor( 2209): 	at com.google.android.apps.gsa.shared.util.concurrent.a.ax.run(SourceFile:14)
12-14 03:07:39.973 W/ErrorProcessor( 2209): 	at com.google.android.apps.gsa.shared.util.concurrent.a.bl.run(SourceFile:4)
12-14 03:07:39.973 W/ErrorProcessor( 2209): 	at com.google.android.apps.gsa.shared.util.concurrent.a.bl.run(SourceFile:4)
12-14 03:07:39.973 W/ErrorProcessor( 2209): 	at java.util.concurrent.ThreadPoolExecutor.runWorker(ThreadPoolExecutor.java:1162)
12-14 03:07:39.973 W/ErrorProcessor( 2209): 	at java.util.concurrent.ThreadPoolExecutor$Worker.run(ThreadPoolExecutor.java:636)
12-14 03:07:39.973 W/ErrorProcessor( 2209): 	at java.lang.Thread.run(Thread.java:764)
12-14 03:07:39.973 W/ErrorProcessor( 2209): 	at com.google.android.apps.gsa.shared.util.concurrent.a.ai.run(SourceFile:6)
12-14 03:07:39.973 W/ErrorProcessor( 2209): Caused by: com.google.android.apps.gsa.shared.exception.GsaIOException: Error code: 393238 | Buffer overflow, no available space.
12-14 03:07:39.973 W/ErrorProcessor( 2209): 	at com.google.android.apps.gsa.speech.audio.Tee.f(SourceFile:103)
12-14 03:07:39.973 W/ErrorProcessor( 2209): 	at com.google.android.apps.gsa.speech.audio.au.read(SourceFile:2)
12-14 03:07:39.973 W/ErrorProcessor( 2209): 	at java.io.InputStream.read(InputStream.java:101)
12-14 03:07:39.973 W/ErrorProcessor( 2209): 	at com.google.android.apps.gsa.speech.audio.ao.run(SourceFile:18)
12-14 03:07:39.973 W/ErrorProcessor( 2209): 	at com.google.android.apps.gsa.speech.audio.an.run(SourceFile:2)
12-14 03:07:39.973 W/ErrorProcessor( 2209): 	... 9 more
12-14 03:07:39.973 I/AudioController( 2209): internalShutdown
12-14 03:07:39.974 I/MicroDetector( 2209): Keeping mic open: false
12-14 03:07:39.974 I/MicroDetectionWorker( 2209): #onError(false)
12-14 03:07:39.974 I/DeviceStateChecker( 2209): DeviceStateChecker cancelled
12-14 03:07:40.026 E/memtrack( 1626): Couldn't load memtrack module
12-14 03:07:40.026 W/android.os.Debug( 1626): failed to get memory consumption info: -1
12-14 03:07:40.705 D/AndroidRuntime( 4156): >>>>>> START com.android.internal.os.RuntimeInit uid 2000 <<<<<<
12-14 03:07:40.737 W/app_process( 4156): Unexpected CPU variant for X86 using defaults: x86
12-14 03:07:40.752 D/AndroidRuntime( 4156): Calling main entry com.android.commands.am.Am
12-14 03:07:40.754 I/ActivityManager( 1626): Force stopping com.evancharlton.mileage appid=10390 user=0: start instr
12-14 03:07:40.754 I/ActivityManager( 1626): Killing 4076:com.evancharlton.mileage/u0a390 (adj 0): stop com.evancharlton.mileage
12-14 03:07:40.758 W/ActivityManager( 1626): Crash of app com.evancharlton.mileage running instrumentation ComponentInfo{com.evancharlton.mileage.test/sh.calaba.instrumentationbackend.CalabashInstrumentationTestRunner}
12-14 03:07:40.758 I/ActivityManager( 1626): Force stopping com.evancharlton.mileage appid=10390 user=0: finished inst
12-14 03:07:40.767 I/zygote  ( 4166): Not late-enabling -Xcheck:jni (already on)
12-14 03:07:40.772 I/ActivityManager( 1626): Start proc 4166:com.evancharlton.mileage/u0a390 for added application com.evancharlton.mileage
12-14 03:07:40.773 D/AndroidRuntime( 4156): Shutting down VM
12-14 03:07:40.774 D/hwcomposer( 1397): hw_composer sent 65 syncs in 68s
12-14 03:07:40.775 W/ActivityManager( 1626): setHasOverlayUi called on unknown pid: 4076
12-14 03:07:40.775 W/zygote  ( 4166): Unexpected CPU variant for X86 using defaults: x86
12-14 03:07:40.793 E/adbd    ( 1372): failed to connect to socket 'tcp:7102': Connection refused
12-14 03:07:40.796 W/zygote  ( 4166): Found duplicate classes, falling back to extracting from APK : /data/app/com.evancharlton.mileage.test-G-sh_GRPWroNLH0FgkOs-A==/base.apk
12-14 03:07:40.796 W/zygote  ( 4166): NOTE: This wastes RAM and hurts startup performance.
12-14 03:07:40.796 W/zygote  ( 4166): Found duplicated class when checking oat files: 'Ljunit/runner/BaseTestRunner;' in /data/app/com.evancharlton.mileage.test-G-sh_GRPWroNLH0FgkOs-A==/base.apk and /system/framework/android.test.runner.jar
12-14 03:07:40.796 W/zygote  ( 4166): 
12-14 03:07:40.800 E/adbd    ( 1372): failed to connect to socket 'tcp:7102': Connection refused
12-14 03:07:40.825 W/System  ( 4166): ClassLoader referenced unknown path: 
12-14 03:07:40.839 I/System.out( 4166): Main activity name automatically set to: com.evancharlton.mileage.Mileage
12-14 03:07:40.839 I/System.out( 4166): Calabash did not load Mono. This is only a problem if you are trying to test a Mono application
12-14 03:07:40.840 I/calabash( 4166): Test server port: 7102
12-14 03:07:40.841 I/InstrumentationBackend( 4166): Added:'GetPreferences', with key:'get_preferences'
12-14 03:07:40.867 E/memtrack( 1626): Couldn't load memtrack module
12-14 03:07:40.867 W/android.os.Debug( 1626): failed to get memory consumption info: -1
12-14 03:07:40.912 I/InstrumentationBackend( 4166): Added:'SetPreferences', with key:'set_preferences'
12-14 03:07:40.913 I/InstrumentationBackend( 4166): Added:'ClearPreferences', with key:'clear_preferences'
12-14 03:07:40.914 I/InstrumentationBackend( 4166): Added:'PressElement', with key:'press_l10n_element'
12-14 03:07:40.914 I/InstrumentationBackend( 4166): Added:'WaitForElement', with key:'wait_for_l10n_element'
12-14 03:07:40.916 I/InstrumentationBackend( 4166): Added:'NullAction', with key:'nullAction'
12-14 03:07:40.918 I/InstrumentationBackend( 4166): Added:'PressKey', with key:'press_key'
12-14 03:07:40.918 I/InstrumentationBackend( 4166): Added:'SetActivityOrientation', with key:'set_activity_orientation'
12-14 03:07:40.919 I/InstrumentationBackend( 4166): Added:'GetActivityOrientation', with key:'get_activity_orientation'
12-14 03:07:40.920 I/InstrumentationBackend( 4166): Added:'FakeGPSLocation', with key:'set_gps_coordinates'
12-14 03:07:40.921 I/InstrumentationBackend( 4166): Added:'SetPropertyByCssSelector', with key:'set_property_by_css_selector'
12-14 03:07:40.922 I/InstrumentationBackend( 4166): Added:'GetUrl', with key:'get_url'
12-14 03:07:40.926 I/InstrumentationBackend( 4166): Added:'ScrollTo', with key:'scroll_to'
12-14 03:07:40.926 I/InstrumentationBackend( 4166): Added:'GetLoadProgress', with key:'get_load_progress'
12-14 03:07:40.927 I/InstrumentationBackend( 4166): Added:'DumpHtml', with key:'dump_html'
12-14 03:07:40.927 I/InstrumentationBackend( 4166): Added:'DumpBodyHtml', with key:'dump_body_html'
12-14 03:07:40.928 I/InstrumentationBackend( 4166): Added:'EnterTextByCssSelector', with key:'enter_text_by_selector'
12-14 03:07:40.933 E/adbd    ( 1372): failed to connect to socket 'tcp:7102': Connection refused
12-14 03:07:40.934 I/InstrumentationBackend( 4166): Added:'AndroidSDKVersion', with key:'android_sdk_version'
12-14 03:07:40.935 I/InstrumentationBackend( 4166): Added:'Version', with key:'version'
12-14 03:07:40.936 I/InstrumentationBackend( 4166): Added:'Drag', with key:'drag'
12-14 03:07:40.936 I/InstrumentationBackend( 4166): Added:'TouchCoordinates', with key:'touch_coordinate'
12-14 03:07:40.936 I/InstrumentationBackend( 4166): Added:'LongPressCoordinate', with key:'long_press_coordinate'
12-14 03:07:40.936 I/InstrumentationBackend( 4166): Added:'DragCoordinates', with key:'drag_coordinates'
12-14 03:07:40.937 E/adbd    ( 1372): failed to connect to socket 'tcp:7102': Connection refused
12-14 03:07:40.939 I/InstrumentationBackend( 4166): Added:'ResumeApplication', with key:'resume_application'
12-14 03:07:40.940 I/InstrumentationBackend( 4166): Added:'Swipe', with key:'swipe'
12-14 03:07:40.940 I/InstrumentationBackend( 4166): Added:'DoubleTapCoordinate', with key:'double_tap_coordinate'
12-14 03:07:40.940 I/InstrumentationBackend( 4166): Added:'ClickOnScreen', with key:'click_on_screen'
12-14 03:07:40.942 I/InstrumentationBackend( 4166): Added:'GetActivityName', with key:'get_activity_name'
12-14 03:07:40.943 I/InstrumentationBackend( 4166): Added:'ScrollToView', with key:'scroll_to_view'
12-14 03:07:40.944 I/InstrumentationBackend( 4166): Added:'ViewConfiguration', with key:'view_configuration'
12-14 03:07:40.944 I/InstrumentationBackend( 4166): Added:'IsCurrentActivityFocused', with key:'is_current_activity_focused'
12-14 03:07:40.945 I/InstrumentationBackend( 4166): Added:'SendTcp', with key:'send_tcp'
12-14 03:07:40.945 I/InstrumentationBackend( 4166): Added:'DpToDevicePixel', with key:'dp_to_device_pixel'
12-14 03:07:40.947 I/InstrumentationBackend( 4166): Added:'KeyboardEnterText', with key:'keyboard_enter_text'
12-14 03:07:40.951 I/InstrumentationBackend( 4166): Added:'DeleteSurroundingText', with key:'delete_surrounding_text'
12-14 03:07:40.951 I/InstrumentationBackend( 4166): Added:'SetComposingRegion', with key:'set_composing_region'
12-14 03:07:40.951 I/InstrumentationBackend( 4166): Added:'SetSelection', with key:'set_selection'
12-14 03:07:40.952 I/InstrumentationBackend( 4166): Added:'KeyboardKeyEvent', with key:'keyboard_key_event'
12-14 03:07:40.953 I/InstrumentationBackend( 4166): Added:'PressUserActionButton', with key:'press_user_action_button'
12-14 03:07:40.955 I/InstrumentationBackend( 4166): Added:'HideSoftKeyboard', with key:'hide_soft_keyboard'
12-14 03:07:40.959 I/InstrumentationBackend( 4166): Added:'ListActions', with key:'list_actions'
12-14 03:07:40.960 I/calabash( 4166): Instantiating http server at 7102
12-14 03:07:40.960 I/System.out( 4166): HTTP Daemon listening on: 7102
12-14 03:07:41.051 I/System.out( 4166): URI: //ping
12-14 03:07:41.053 I/System.out( 4166): params: {json={}
12-14 03:07:41.053 I/System.out( 4166): }
12-14 03:07:41.068 I/System.out( 4166): URI: //ping
12-14 03:07:41.068 I/System.out( 4166): params: {json={}
12-14 03:07:41.068 I/System.out( 4166): }
12-14 03:07:41.074 I/System.out( 4166): URI: //ready
12-14 03:07:41.074 I/System.out( 4166): params: {json={}
12-14 03:07:41.074 I/System.out( 4166): }
12-14 03:07:41.081 I/System.out( 4166): URI: //
12-14 03:07:41.081 I/System.out( 4166): params: {json={"command":"version","arguments":[]}
12-14 03:07:41.082 I/System.out( 4166): }
12-14 03:07:41.082 I/System.out( 4166): header: {content-type=application/json;charset=utf-8, date=Mon, 14 Dec 2020 08:07:41 GMT, accept=*/*, host=127.0.0.1:34777, content-length=36, user-agent=HTTPClient/1.0 (2.8.3, ruby 2.5.8 (2020-03-31))}
12-14 03:07:41.082 I/System.out( 4166): params: {json={"command":"version","arguments":[]}
12-14 03:07:41.082 I/System.out( 4166): }
12-14 03:07:41.083 I/System.out( 4166): ProP json = {"command":"version","arguments":[]}
12-14 03:07:41.083 I/System.out( 4166): files: {}
12-14 03:07:41.083 I/System.out( 4166): command: {"command":"version","arguments":[]}
12-14 03:07:41.128 I/InstrumentationBackend( 4166): Got command:'Command:'Line:null,version', arguments:'[]'
12-14 03:07:41.151 I/BackgroundDexOptService( 1626): Pinning optimized code {}
12-14 03:07:41.153 E/memtrack( 1626): Couldn't load memtrack module
12-14 03:07:41.153 W/android.os.Debug( 1626): failed to get memory consumption info: -1
12-14 03:07:41.177 I/System.out( 4166): result:{"bonusInformation":[],"message":"0.9.8","success":true}
12-14 03:07:41.183 I/System.out( 4166): URI: //start-application
12-14 03:07:41.183 I/System.out( 4166): params: {json={"intent":null}
12-14 03:07:41.183 I/System.out( 4166): }
12-14 03:07:41.218 I/ActivityManager( 1626): START u0 {act=android.intent.action.MAIN cat=[android.intent.category.LAUNCHER] flg=0x10200000 cmp=com.evancharlton.mileage/.Mileage} from uid 10390
12-14 03:07:41.234 I/calabash( 4166): newActivity1
12-14 03:07:41.243 D/gralloc_ranchu( 1396): gralloc_alloc: Creating ashmem region of size 7753728
12-14 03:07:41.286 W/ActivityManager( 1626): Bad activity token: android.os.BinderProxy@aa04b25
12-14 03:07:41.286 W/ActivityManager( 1626): java.lang.ClassCastException: android.os.BinderProxy cannot be cast to com.android.server.am.ActivityRecord$Token
12-14 03:07:41.286 W/ActivityManager( 1626): 	at com.android.server.am.ActivityRecord.forTokenLocked(ActivityRecord.java:778)
12-14 03:07:41.286 W/ActivityManager( 1626): 	at com.android.server.am.ActivityRecord.isInStackLocked(ActivityRecord.java:2085)
12-14 03:07:41.286 W/ActivityManager( 1626): 	at com.android.server.am.ActivityRecord.getStackLocked(ActivityRecord.java:2090)
12-14 03:07:41.286 W/ActivityManager( 1626): 	at com.android.server.am.ActivityManagerService.getActivityDisplayId(ActivityManagerService.java:10406)
12-14 03:07:41.286 W/ActivityManager( 1626): 	at android.app.IActivityManager$Stub.onTransact(IActivityManager.java:2738)
12-14 03:07:41.286 W/ActivityManager( 1626): 	at com.android.server.am.ActivityManagerService.onTransact(ActivityManagerService.java:2935)
12-14 03:07:41.286 W/ActivityManager( 1626): 	at android.os.Binder.execTransact(Binder.java:674)
12-14 03:07:41.287 I/calabash( 4166): newActivity1
12-14 03:07:41.291 W/ActivityManager( 1626): Bad activity token: android.os.BinderProxy@aa04b25
12-14 03:07:41.291 W/ActivityManager( 1626): java.lang.ClassCastException: android.os.BinderProxy cannot be cast to com.android.server.am.ActivityRecord$Token
12-14 03:07:41.291 W/ActivityManager( 1626): 	at com.android.server.am.ActivityRecord.forTokenLocked(ActivityRecord.java:778)
12-14 03:07:41.291 W/ActivityManager( 1626): 	at com.android.server.am.ActivityRecord.isInStackLocked(ActivityRecord.java:2085)
12-14 03:07:41.291 W/ActivityManager( 1626): 	at com.android.server.am.ActivityManagerService.setTaskDescription(ActivityManagerService.java:9988)
12-14 03:07:41.291 W/ActivityManager( 1626): 	at android.app.IActivityManager$Stub.onTransact(IActivityManager.java:2824)
12-14 03:07:41.291 W/ActivityManager( 1626): 	at com.android.server.am.ActivityManagerService.onTransact(ActivityManagerService.java:2935)
12-14 03:07:41.291 W/ActivityManager( 1626): 	at android.os.Binder.execTransact(Binder.java:674)
12-14 03:07:41.295 W/ActivityManager( 1626): Bad activity token: android.os.BinderProxy@aa04b25
12-14 03:07:41.295 W/ActivityManager( 1626): java.lang.ClassCastException: android.os.BinderProxy cannot be cast to com.android.server.am.ActivityRecord$Token
12-14 03:07:41.295 W/ActivityManager( 1626): 	at com.android.server.am.ActivityRecord.forTokenLocked(ActivityRecord.java:778)
12-14 03:07:41.295 W/ActivityManager( 1626): 	at com.android.server.am.ActivityRecord.isInStackLocked(ActivityRecord.java:2085)
12-14 03:07:41.295 W/ActivityManager( 1626): 	at com.android.server.am.ActivityRecord.getStackLocked(ActivityRecord.java:2090)
12-14 03:07:41.295 W/ActivityManager( 1626): 	at com.android.server.am.ActivityManagerService.getActivityStackId(ActivityManagerService.java:10417)
12-14 03:07:41.295 W/ActivityManager( 1626): 	at android.app.IActivityManager$Stub.onTransact(IActivityManager.java:3548)
12-14 03:07:41.295 W/ActivityManager( 1626): 	at com.android.server.am.ActivityManagerService.onTransact(ActivityManagerService.java:2935)
12-14 03:07:41.295 W/ActivityManager( 1626): 	at android.os.Binder.execTransact(Binder.java:674)
12-14 03:07:41.313 D/EGL_emulation( 2209): eglMakeCurrent: 0x9f447d40: ver 3 0 (tinfo 0x9f5ff560)
12-14 03:07:41.314 D/EGL_emulation( 2175): eglMakeCurrent: 0x9f447500: ver 3 0 (tinfo 0x9f5ffbc0)
12-14 03:07:41.321 V/StatusBar( 1725): setLightsOn(true)
12-14 03:07:41.331 D/EGL_emulation( 1725): eglMakeCurrent: 0x8e319280: ver 3 0 (tinfo 0x9f205cb0)
12-14 03:07:41.334 V/StatusBar( 1725): setLightsOn(true)
12-14 03:07:41.343 D/EGL_emulation( 1725): eglMakeCurrent: 0x8e319280: ver 3 0 (tinfo 0x9f205cb0)
12-14 03:07:41.355 D/EGL_emulation( 1725): eglMakeCurrent: 0x8e319280: ver 3 0 (tinfo 0x9f205cb0)
12-14 03:07:41.357 E/ContentStoreEUAS( 2209): Failed to commit the deferred actions
12-14 03:07:41.358 V/StatusBar( 1725): setLightsOn(true)
12-14 03:07:41.362 D/EGL_emulation( 1725): eglMakeCurrent: 0x8e319280: ver 3 0 (tinfo 0x9f205cb0)
12-14 03:07:41.422 W/ActivityManager( 1626): Bad activity token: android.os.BinderProxy@aa04b25
12-14 03:07:41.422 W/ActivityManager( 1626): java.lang.ClassCastException: android.os.BinderProxy cannot be cast to com.android.server.am.ActivityRecord$Token
12-14 03:07:41.422 W/ActivityManager( 1626): 	at com.android.server.am.ActivityRecord.forTokenLocked(ActivityRecord.java:778)
12-14 03:07:41.422 W/ActivityManager( 1626): 	at com.android.server.am.ActivityRecord.isInStackLocked(ActivityRecord.java:2085)
12-14 03:07:41.422 W/ActivityManager( 1626): 	at com.android.server.am.ActivityManagerService.getActivityOptions(ActivityManagerService.java:13302)
12-14 03:07:41.422 W/ActivityManager( 1626): 	at android.app.IActivityManager$Stub.onTransact(IActivityManager.java:2910)
12-14 03:07:41.422 W/ActivityManager( 1626): 	at com.android.server.am.ActivityManagerService.onTransact(ActivityManagerService.java:2935)
12-14 03:07:41.422 W/ActivityManager( 1626): 	at android.os.Binder.execTransact(Binder.java:674)
12-14 03:07:41.423 W/ActivityManager( 1626): Bad activity token: android.os.BinderProxy@aa04b25
12-14 03:07:41.423 W/ActivityManager( 1626): java.lang.ClassCastException: android.os.BinderProxy cannot be cast to com.android.server.am.ActivityRecord$Token
12-14 03:07:41.423 W/ActivityManager( 1626): 	at com.android.server.am.ActivityRecord.forTokenLocked(ActivityRecord.java:778)
12-14 03:07:41.423 W/ActivityManager( 1626): 	at com.android.server.am.ActivityRecord.isInStackLocked(ActivityRecord.java:2085)
12-14 03:07:41.423 W/ActivityManager( 1626): 	at com.android.server.am.ActivityManagerService.getActivityOptions(ActivityManagerService.java:13302)
12-14 03:07:41.423 W/ActivityManager( 1626): 	at android.app.IActivityManager$Stub.onTransact(IActivityManager.java:2910)
12-14 03:07:41.423 W/ActivityManager( 1626): 	at com.android.server.am.ActivityManagerService.onTransact(ActivityManagerService.java:2935)
12-14 03:07:41.423 W/ActivityManager( 1626): 	at android.os.Binder.execTransact(Binder.java:674)
12-14 03:07:41.510 I/chatty  ( 1725): uid=10028(u0_a28) RenderThread identical 18 lines
12-14 03:07:41.518 D/EGL_emulation( 1725): eglMakeCurrent: 0x8e319280: ver 3 0 (tinfo 0x9f205cb0)
12-14 03:07:41.519 V/StatusBar( 1725): setLightsOn(true)
12-14 03:07:41.526 D/EGL_emulation( 1725): eglMakeCurrent: 0x8e319280: ver 3 0 (tinfo 0x9f205cb0)
12-14 03:07:41.534 I/chatty  ( 1725): uid=10028(u0_a28) RenderThread identical 1 line
12-14 03:07:41.544 D/EGL_emulation( 1725): eglMakeCurrent: 0x8e319280: ver 3 0 (tinfo 0x9f205cb0)
12-14 03:07:41.568 V/StatusBar( 1725): setLightsOn(true)
12-14 03:07:41.570 I/chatty  ( 1725): uid=10028(u0_a28) com.android.systemui identical 1 line
12-14 03:07:41.570 V/StatusBar( 1725): setLightsOn(true)
12-14 03:07:41.587 I/zygote  ( 4166): Do partial code cache collection, code=27KB, data=30KB
12-14 03:07:41.588 I/zygote  ( 4166): After code cache collection, code=27KB, data=30KB
12-14 03:07:41.588 I/zygote  ( 4166): Increasing code cache capacity to 128KB
12-14 03:07:41.589 I/zygote  ( 4166): Do partial code cache collection, code=27KB, data=48KB
12-14 03:07:41.590 I/zygote  ( 4166): After code cache collection, code=27KB, data=48KB
12-14 03:07:41.590 I/zygote  ( 4166): Increasing code cache capacity to 256KB
12-14 03:07:41.591 I/zygote  ( 4166): JIT allocated 71KB for compiled code of void android.widget.TextView.<init>(android.content.Context, android.util.AttributeSet, int, int)
12-14 03:07:41.591 I/zygote  ( 4166): Compiler allocated 4MB to compile void android.widget.TextView.<init>(android.content.Context, android.util.AttributeSet, int, int)
12-14 03:07:41.614 D/gralloc_ranchu( 1396): gralloc_alloc: Creating ashmem region of size 7753728
12-14 03:07:41.635 D/        ( 4166): HostConnection::get() New Host Connection established 0x9f130c40, tid 4166
12-14 03:07:41.684 V/StatusBar( 1725): setLightsOn(true)
12-14 03:07:41.685 V/StatusBar( 1725): setLightsOn(true)
12-14 03:07:41.686 I/ActivityManager( 1626): Displayed com.evancharlton.mileage/.Mileage: +460ms
12-14 03:07:41.689 V/StatusBar( 1725): setLightsOn(true)
12-14 03:07:41.710 V/StatusBar( 1725): setLightsOn(true)
12-14 03:07:41.717 D/gralloc_ranchu( 1396): gralloc_alloc: Creating ashmem region of size 7753728
12-14 03:07:41.776 V/StatusBar( 1725): setLightsOn(true)
12-14 03:07:41.793 D/WificondControl( 1626): Scan result ready event
12-14 03:07:41.875 V/StatusBar( 1725): setLightsOn(true)
