12-14 00:18:26.159 I/chatty  ( 1629): uid=1000(system) RenderThread identical 111 lines
12-14 00:18:26.159 E/OpenGLRenderer( 1629): GL error:  GL_INVALID_OPERATION
12-14 00:18:26.159 D/        ( 4387): HostConnection::get() New Host Connection established 0xa2cb0b40, tid 4387
12-14 00:18:26.159 E/OpenGLRenderer( 1629): GL error:  GL_INVALID_OPERATION
12-14 00:18:26.163 I/chatty  ( 1629): uid=1000(system) RenderThread identical 9 lines
12-14 00:18:26.163 E/OpenGLRenderer( 1629): GL error:  GL_INVALID_OPERATION
12-14 00:18:26.163 I/zygote  ( 4387): Do partial code cache collection, code=41KB, data=42KB
12-14 00:18:26.163 E/OpenGLRenderer( 1629): GL error:  GL_INVALID_OPERATION
12-14 00:18:26.165 I/chatty  ( 1629): uid=1000(system) RenderThread identical 3 lines
12-14 00:18:26.165 I/zygote  ( 4387): After code cache collection, code=41KB, data=42KB
12-14 00:18:26.165 E/OpenGLRenderer( 1629): GL error:  GL_INVALID_OPERATION
12-14 00:18:26.165 I/zygote  ( 4387): Increasing code cache capacity to 256KB
12-14 00:18:26.165 E/OpenGLRenderer( 1629): GL error:  GL_INVALID_OPERATION
12-14 00:18:26.166 I/chatty  ( 1629): uid=1000(system) RenderThread identical 2 lines
12-14 00:18:26.166 E/OpenGLRenderer( 1629): GL error:  GL_INVALID_OPERATION
12-14 00:18:26.167 I/zygote  ( 4387): JIT allocated 71KB for compiled code of void android.widget.TextView.<init>(android.content.Context, android.util.AttributeSet, int, int)
12-14 00:18:26.167 E/OpenGLRenderer( 1629): GL error:  GL_INVALID_OPERATION
12-14 00:18:26.168 I/zygote  ( 4387): Compiler allocated 4MB to compile void android.widget.TextView.<init>(android.content.Context, android.util.AttributeSet, int, int)
12-14 00:18:26.168 E/OpenGLRenderer( 1629): GL error:  GL_INVALID_OPERATION
12-14 00:18:26.224 I/chatty  ( 1629): uid=1000(system) RenderThread identical 148 lines
12-14 00:18:26.224 E/OpenGLRenderer( 1629): GL error:  GL_INVALID_OPERATION
12-14 00:18:26.225 V/StatusBar( 1733): setLightsOn(true)
12-14 00:18:26.225 E/OpenGLRenderer( 1629): GL error:  GL_INVALID_OPERATION
12-14 00:18:26.235 I/chatty  ( 1629): uid=1000(system) RenderThread identical 22 lines
12-14 00:18:26.236 E/OpenGLRenderer( 1629): GL error:  GL_INVALID_OPERATION
12-14 00:18:26.236 V/StatusBar( 1733): setLightsOn(true)
12-14 00:18:26.236 E/OpenGLRenderer( 1629): GL error:  GL_INVALID_OPERATION
12-14 00:18:26.244 I/chatty  ( 1629): uid=1000(system) RenderThread identical 24 lines
12-14 00:18:26.245 E/OpenGLRenderer( 1629): GL error:  GL_INVALID_OPERATION
12-14 00:18:26.245 I/ActivityManager( 1629): Displayed com.evancharlton.mileage/.Mileage: +1s10ms
12-14 00:18:26.246 E/OpenGLRenderer( 1629): GL error:  GL_INVALID_OPERATION
12-14 00:18:26.259 I/chatty  ( 1629): uid=1000(system) RenderThread identical 33 lines
12-14 00:18:26.259 E/OpenGLRenderer( 1629): GL error:  GL_INVALID_OPERATION
12-14 00:18:26.260 V/StatusBar( 1733): setLightsOn(true)
12-14 00:18:26.260 E/OpenGLRenderer( 1629): GL error:  GL_INVALID_OPERATION
12-14 00:18:26.267 I/chatty  ( 1629): uid=1000(system) RenderThread identical 12 lines
12-14 00:18:26.268 E/OpenGLRenderer( 1629): GL error:  GL_INVALID_OPERATION
12-14 00:18:26.268 D/gralloc_ranchu( 1397): gralloc_alloc: Creating ashmem region of size 7753728
12-14 00:18:26.268 E/OpenGLRenderer( 1629): GL error:  GL_INVALID_OPERATION
12-14 00:18:26.290 I/chatty  ( 1629): uid=1000(system) RenderThread identical 49 lines
12-14 00:18:26.290 E/OpenGLRenderer( 1629): GL error:  GL_INVALID_OPERATION
12-14 00:18:26.290 I/zygote  ( 4387): Do full code cache collection, code=122KB, data=71KB
12-14 00:18:26.291 E/OpenGLRenderer( 1629): GL error:  GL_INVALID_OPERATION
12-14 00:18:26.291 I/zygote  ( 4387): After code cache collection, code=86KB, data=36KB
12-14 00:18:26.291 E/OpenGLRenderer( 1629): GL error:  GL_INVALID_OPERATION
12-14 00:18:26.353 I/chatty  ( 1629): uid=1000(system) RenderThread identical 111 lines
12-14 00:18:26.353 E/OpenGLRenderer( 1629): GL error:  GL_INVALID_OPERATION
12-14 00:18:26.354 E/memtrack( 1629): Couldn't load memtrack module
12-14 00:18:26.354 W/android.os.Debug( 1629): failed to get memory consumption info: -1
12-14 00:18:26.354 E/OpenGLRenderer( 1629): GL error:  GL_INVALID_OPERATION
12-14 00:18:26.394 I/chatty  ( 1629): uid=1000(system) RenderThread identical 173 lines
12-14 00:18:26.394 E/OpenGLRenderer( 1629): GL error:  GL_INVALID_OPERATION
12-14 00:18:26.394 W/SurfaceFlinger( 1407): couldn't log to binary event log: overflow.
12-14 00:18:26.394 E/OpenGLRenderer( 1629): GL error:  GL_INVALID_OPERATION
12-14 00:18:26.447 I/chatty  ( 1629): uid=1000(system) RenderThread identical 185 lines
12-14 00:18:26.448 E/OpenGLRenderer( 1629): GL error:  GL_INVALID_OPERATION
12-14 00:18:26.448 V/StatusBar( 1733): setLightsOn(true)
12-14 00:18:26.448 E/OpenGLRenderer( 1629): GL error:  GL_INVALID_OPERATION
12-14 00:18:26.453 I/chatty  ( 1629): uid=1000(system) RenderThread identical 8 lines
12-14 00:18:26.453 E/OpenGLRenderer( 1629): GL error:  GL_INVALID_OPERATION
12-14 00:18:26.453 V/StatusBar( 1733): setLightsOn(true)
12-14 00:18:26.453 E/OpenGLRenderer( 1629): GL error:  GL_INVALID_OPERATION
12-14 00:18:26.474 I/chatty  ( 1629): uid=1000(system) RenderThread identical 84 lines
12-14 00:18:26.474 E/OpenGLRenderer( 1629): GL error:  GL_INVALID_OPERATION
12-14 00:18:26.475 I/PBSessionCacheImpl( 2215): Deleted sessionId[4345406265316] from persistence.
12-14 00:18:26.475 E/OpenGLRenderer( 1629): GL error:  GL_INVALID_OPERATION
12-14 00:18:26.511 I/chatty  ( 1629): uid=1000(system) RenderThread identical 163 lines
12-14 00:18:26.511 E/OpenGLRenderer( 1629): GL error:  GL_INVALID_OPERATION
12-14 00:18:26.515 W/SearchService( 2215): Abort, client detached.
12-14 00:18:26.521 E/OpenGLRenderer( 1629): GL error:  GL_INVALID_OPERATION
12-14 00:18:26.568 I/chatty  ( 1629): uid=1000(system) RenderThread identical 201 lines
12-14 00:18:26.568 E/OpenGLRenderer( 1629): GL error:  GL_INVALID_OPERATION
12-14 00:18:26.568 I/System.out( 4387): URI: //
12-14 00:18:26.568 I/System.out( 4387): params: {json={"command":"set_activity_orientation","arguments":["landscape"]}
12-14 00:18:26.568 E/OpenGLRenderer( 1629): GL error:  GL_INVALID_OPERATION
12-14 00:18:26.568 I/System.out( 4387): }
12-14 00:18:26.568 I/System.out( 4387): header: {content-type=application/json;charset=utf-8, date=Mon, 14 Dec 2020 05:18:26 GMT, accept=*/*, host=127.0.0.1:34777, content-length=64, user-agent=HTTPClient/1.0 (2.8.3, ruby 2.5.8 (2020-03-31))}
12-14 00:18:26.568 E/OpenGLRenderer( 1629): GL error:  GL_INVALID_OPERATION
12-14 00:18:26.568 I/System.out( 4387): params: {json={"command":"set_activity_orientation","arguments":["landscape"]}
12-14 00:18:26.568 I/System.out( 4387): }
12-14 00:18:26.568 E/OpenGLRenderer( 1629): GL error:  GL_INVALID_OPERATION
12-14 00:18:26.568 I/System.out( 4387): ProP json = {"command":"set_activity_orientation","arguments":["landscape"]}
12-14 00:18:26.568 I/System.out( 4387): files: {}
12-14 00:18:26.568 I/System.out( 4387): command: {"command":"set_activity_orientation","arguments":["landscape"]}
12-14 00:18:26.568 E/OpenGLRenderer( 1629): GL error:  GL_INVALID_OPERATION
12-14 00:18:26.571 I/chatty  ( 1629): uid=1000(system) RenderThread identical 20 lines
12-14 00:18:26.571 E/OpenGLRenderer( 1629): GL error:  GL_INVALID_OPERATION
12-14 00:18:26.571 I/InstrumentationBackend( 4387): Got command:'Command:'Line:null,set_activity_orientation', arguments:'[landscape]'
12-14 00:18:26.571 E/OpenGLRenderer( 1629): GL error:  GL_INVALID_OPERATION
12-14 00:18:26.577 I/chatty  ( 1629): uid=1000(system) RenderThread identical 23 lines
12-14 00:18:26.577 E/OpenGLRenderer( 1629): GL error:  GL_INVALID_OPERATION
12-14 00:18:26.578 D/gralloc_ranchu( 1397): gralloc_alloc: Creating ashmem region of size 8298496
12-14 00:18:26.578 E/OpenGLRenderer( 1629): GL error:  GL_INVALID_OPERATION
12-14 00:18:26.594 W/LocalDisplayAdapter( 1629): Unable to find color mode 0, ignoring request.
12-14 00:18:26.609 I/chatty  ( 1629): uid=1000(system) RenderThread identical 106 lines
12-14 00:18:26.610 E/OpenGLRenderer( 1629): GL error:  GL_INVALID_OPERATION
12-14 00:18:26.611 I/InputReader( 1629): Reconfiguring input devices.  changes=0x00000004
12-14 00:18:26.611 I/ActivityManager( 1629): Config changes=480 {1.0 310mcc260mnc [en_US] ldltr sw411dp w683dp h387dp 420dpi nrml land finger qwerty/v/v -nav/h appBounds=Rect(0, 0 - 1794, 1080) s.7}
12-14 00:18:26.611 I/InputReader( 1629): Device reconfigured: id=0, name='qwerty2', size 1080x1920, orientation 1, mode 1, display id 0
12-14 00:18:26.615 E/OpenGLRenderer( 1629): GL error:  GL_INVALID_OPERATION
12-14 00:18:26.644 I/ActivityManager( 1629): Override config changes=480 {1.0 310mcc260mnc [en_US] ldltr sw411dp w683dp h387dp 420dpi nrml land finger qwerty/v/v -nav/h appBounds=Rect(0, 0 - 1794, 1080) s.7} for displayId=0
12-14 00:18:26.705 I/chatty  ( 1629): uid=1000(system) RenderThread identical 51 lines
12-14 00:18:26.705 E/OpenGLRenderer( 1629): GL error:  GL_INVALID_OPERATION
12-14 00:18:26.706 D/gralloc_ranchu( 1397): gralloc_alloc: Creating ashmem region of size 544768
12-14 00:18:26.706 E/OpenGLRenderer( 1629): GL error:  GL_INVALID_OPERATION
12-14 00:18:26.712 I/chatty  ( 1629): uid=1000(system) RenderThread identical 20 lines
12-14 00:18:26.713 E/OpenGLRenderer( 1629): GL error:  GL_INVALID_OPERATION
12-14 00:18:26.715 D/EGL_emulation( 1733): eglMakeCurrent: 0x91dd8400: ver 3 0 (tinfo 0x91da4c70)
12-14 00:18:26.720 E/OpenGLRenderer( 1629): GL error:  GL_INVALID_OPERATION
12-14 00:18:26.721 I/chatty  ( 1629): uid=1000(system) RenderThread identical 5 lines
12-14 00:18:26.722 E/OpenGLRenderer( 1629): GL error:  GL_INVALID_OPERATION
12-14 00:18:26.724 D/gralloc_ranchu( 1397): gralloc_alloc: Creating ashmem region of size 544768
12-14 00:18:26.726 I/calabash( 4387): newActivity1
12-14 00:18:26.727 E/OpenGLRenderer( 1629): GL error:  GL_INVALID_OPERATION
12-14 00:18:26.774 W/ActivityManager( 1629): Bad activity token: android.os.BinderProxy@2432b0d
12-14 00:18:26.774 W/ActivityManager( 1629): java.lang.ClassCastException: android.os.BinderProxy cannot be cast to com.android.server.am.ActivityRecord$Token
12-14 00:18:26.774 W/ActivityManager( 1629): 	at com.android.server.am.ActivityRecord.forTokenLocked(ActivityRecord.java:778)
12-14 00:18:26.774 W/ActivityManager( 1629): 	at com.android.server.am.ActivityRecord.isInStackLocked(ActivityRecord.java:2085)
12-14 00:18:26.774 W/ActivityManager( 1629): 	at com.android.server.am.ActivityRecord.getStackLocked(ActivityRecord.java:2090)
12-14 00:18:26.774 W/ActivityManager( 1629): 	at com.android.server.am.ActivityManagerService.getActivityDisplayId(ActivityManagerService.java:10406)
12-14 00:18:26.774 W/ActivityManager( 1629): 	at android.app.IActivityManager$Stub.onTransact(IActivityManager.java:2738)
12-14 00:18:26.774 W/ActivityManager( 1629): 	at com.android.server.am.ActivityManagerService.onTransact(ActivityManagerService.java:2935)
12-14 00:18:26.774 W/ActivityManager( 1629): 	at android.os.Binder.execTransact(Binder.java:674)
12-14 00:18:26.774 I/chatty  ( 1629): uid=1000(system) RenderThread identical 55 lines
12-14 00:18:26.775 E/OpenGLRenderer( 1629): GL error:  GL_INVALID_OPERATION
12-14 00:18:26.776 I/calabash( 4387): newActivity1
12-14 00:18:26.781 W/ActivityManager( 1629): Bad activity token: android.os.BinderProxy@2432b0d
12-14 00:18:26.781 W/ActivityManager( 1629): java.lang.ClassCastException: android.os.BinderProxy cannot be cast to com.android.server.am.ActivityRecord$Token
12-14 00:18:26.781 W/ActivityManager( 1629): 	at com.android.server.am.ActivityRecord.forTokenLocked(ActivityRecord.java:778)
12-14 00:18:26.781 W/ActivityManager( 1629): 	at com.android.server.am.ActivityRecord.isInStackLocked(ActivityRecord.java:2085)
12-14 00:18:26.781 W/ActivityManager( 1629): 	at com.android.server.am.ActivityManagerService.setTaskDescription(ActivityManagerService.java:9988)
12-14 00:18:26.781 W/ActivityManager( 1629): 	at android.app.IActivityManager$Stub.onTransact(IActivityManager.java:2824)
12-14 00:18:26.781 W/ActivityManager( 1629): 	at com.android.server.am.ActivityManagerService.onTransact(ActivityManagerService.java:2935)
12-14 00:18:26.781 W/ActivityManager( 1629): 	at android.os.Binder.execTransact(Binder.java:674)
12-14 00:18:26.781 E/OpenGLRenderer( 1629): GL error:  GL_INVALID_OPERATION
12-14 00:18:26.782 W/ActivityManager( 1629): Bad activity token: android.os.BinderProxy@2432b0d
12-14 00:18:26.782 W/ActivityManager( 1629): java.lang.ClassCastException: android.os.BinderProxy cannot be cast to com.android.server.am.ActivityRecord$Token
12-14 00:18:26.782 W/ActivityManager( 1629): 	at com.android.server.am.ActivityRecord.forTokenLocked(ActivityRecord.java:778)
12-14 00:18:26.782 W/ActivityManager( 1629): 	at com.android.server.am.ActivityRecord.isInStackLocked(ActivityRecord.java:2085)
12-14 00:18:26.782 W/ActivityManager( 1629): 	at com.android.server.am.ActivityRecord.getStackLocked(ActivityRecord.java:2090)
12-14 00:18:26.782 W/ActivityManager( 1629): 	at com.android.server.am.ActivityManagerService.getActivityStackId(ActivityManagerService.java:10417)
12-14 00:18:26.782 W/ActivityManager( 1629): 	at android.app.IActivityManager$Stub.onTransact(IActivityManager.java:3548)
12-14 00:18:26.782 W/ActivityManager( 1629): 	at com.android.server.am.ActivityManagerService.onTransact(ActivityManagerService.java:2935)
12-14 00:18:26.782 W/ActivityManager( 1629): 	at android.os.Binder.execTransact(Binder.java:674)
12-14 00:18:26.823 I/chatty  ( 1629): uid=1000(system) RenderThread identical 32 lines
12-14 00:18:26.823 E/OpenGLRenderer( 1629): GL error:  GL_INVALID_OPERATION
12-14 00:18:26.828 D/gralloc_ranchu( 1397): gralloc_alloc: Creating ashmem region of size 544768
12-14 00:18:26.834 E/OpenGLRenderer( 1629): GL error:  GL_INVALID_OPERATION
12-14 00:18:26.857 I/chatty  ( 1629): uid=1000(system) RenderThread identical 34 lines
12-14 00:18:26.857 E/OpenGLRenderer( 1629): GL error:  GL_INVALID_OPERATION
12-14 00:18:26.858 E/OpenGLRenderer( 1629): GL error:  GL_INVALID_OPERATION
12-14 00:18:26.859 I/System.out( 4387): result:{"bonusInformation":[],"message":"","success":true}
12-14 00:18:26.869 W/ActivityManager( 1629): Bad activity token: android.os.BinderProxy@2432b0d
12-14 00:18:26.869 W/ActivityManager( 1629): java.lang.ClassCastException: android.os.BinderProxy cannot be cast to com.android.server.am.ActivityRecord$Token
12-14 00:18:26.869 W/ActivityManager( 1629): 	at com.android.server.am.ActivityRecord.forTokenLocked(ActivityRecord.java:778)
12-14 00:18:26.869 W/ActivityManager( 1629): 	at com.android.server.am.ActivityRecord.isInStackLocked(ActivityRecord.java:2085)
12-14 00:18:26.869 W/ActivityManager( 1629): 	at com.android.server.am.ActivityManagerService.getActivityOptions(ActivityManagerService.java:13302)
12-14 00:18:26.869 W/ActivityManager( 1629): 	at android.app.IActivityManager$Stub.onTransact(IActivityManager.java:2910)
12-14 00:18:26.869 W/ActivityManager( 1629): 	at com.android.server.am.ActivityManagerService.onTransact(ActivityManagerService.java:2935)
12-14 00:18:26.869 W/ActivityManager( 1629): 	at android.os.Binder.execTransact(Binder.java:674)
12-14 00:18:26.870 W/ActivityManager( 1629): Bad activity token: android.os.BinderProxy@2432b0d
12-14 00:18:26.870 W/ActivityManager( 1629): java.lang.ClassCastException: android.os.BinderProxy cannot be cast to com.android.server.am.ActivityRecord$Token
12-14 00:18:26.870 W/ActivityManager( 1629): 	at com.android.server.am.ActivityRecord.forTokenLocked(ActivityRecord.java:778)
12-14 00:18:26.870 W/ActivityManager( 1629): 	at com.android.server.am.ActivityRecord.isInStackLocked(ActivityRecord.java:2085)
12-14 00:18:26.870 W/ActivityManager( 1629): 	at com.android.server.am.ActivityManagerService.getActivityOptions(ActivityManagerService.java:13302)
12-14 00:18:26.870 W/ActivityManager( 1629): 	at android.app.IActivityManager$Stub.onTransact(IActivityManager.java:2910)
12-14 00:18:26.870 W/ActivityManager( 1629): 	at com.android.server.am.ActivityManagerService.onTransact(ActivityManagerService.java:2935)
12-14 00:18:26.870 W/ActivityManager( 1629): 	at android.os.Binder.execTransact(Binder.java:674)
12-14 00:18:26.892 I/chatty  ( 1629): uid=1000(system) RenderThread expire 78 lines
12-14 00:18:26.892 E/OpenGLRenderer( 1629): GL error:  GL_INVALID_OPERATION
12-14 00:18:26.892 D/StatusBar( 1733): disable<e i a s b h r c s q >
12-14 00:18:26.892 E/OpenGLRenderer( 1629): GL error:  GL_INVALID_OPERATION
12-14 00:18:26.893 I/chatty  ( 1629): uid=1000(system) RenderThread identical 7 lines
12-14 00:18:26.894 E/OpenGLRenderer( 1629): GL error:  GL_INVALID_OPERATION
12-14 00:18:26.894 D/NuPlayerDriver( 1485): NuPlayerDriver(0xb019c540) created, clientPid(1733)
12-14 00:18:26.906 D/gralloc_ranchu( 1397): gralloc_alloc: Creating ashmem region of size 487424
12-14 00:18:26.908 E/OpenGLRenderer( 1629): GL error:  GL_INVALID_OPERATION
12-14 00:18:26.919 I/chatty  ( 1629): uid=1000(system) RenderThread identical 35 lines
12-14 00:18:26.919 E/OpenGLRenderer( 1629): GL error:  GL_INVALID_OPERATION
12-14 00:18:26.922 D/EGL_emulation( 1733): eglMakeCurrent: 0x91dd8400: ver 3 0 (tinfo 0x91da4c70)
12-14 00:18:26.926 E/OpenGLRenderer( 1629): GL error:  GL_INVALID_OPERATION
12-14 00:18:26.928 I/zygote  ( 1720): Do partial code cache collection, code=61KB, data=39KB
12-14 00:18:26.928 I/zygote  ( 1720): After code cache collection, code=61KB, data=39KB
12-14 00:18:26.928 I/zygote  ( 1720): Increasing code cache capacity to 256KB
12-14 00:18:26.932 D/gralloc_ranchu( 1397): gralloc_alloc: Creating ashmem region of size 487424
12-14 00:18:26.933 E/OpenGLRenderer( 1629): GL error:  GL_INVALID_OPERATION
12-14 00:18:26.949 I/chatty  ( 1629): uid=1000(system) RenderThread identical 25 lines
12-14 00:18:26.949 E/OpenGLRenderer( 1629): GL error:  GL_INVALID_OPERATION
12-14 00:18:26.949 V/StatusBar( 1733): setLightsOn(true)
12-14 00:18:26.949 E/OpenGLRenderer( 1629): GL error:  GL_INVALID_OPERATION
12-14 00:18:26.952 I/WindowManager( 1629): Screen frozen for +377ms due to Window{31a4cd1 u0 StatusBar}
12-14 00:18:26.959 I/chatty  ( 1629): uid=1000(system) RenderThread identical 25 lines
12-14 00:18:26.960 E/OpenGLRenderer( 1629): GL error:  GL_INVALID_OPERATION
12-14 00:18:26.964 D/SurfaceFlinger( 1407): duplicate layer name: changing BlackSurface to BlackSurface#1
12-14 00:18:26.965 D/GenericSource( 1485): FileSource remote
12-14 00:18:26.967 E/OpenGLRenderer( 1629): GL error:  GL_INVALID_OPERATION
12-14 00:18:26.968 E/OpenGLRenderer( 1629): GL error:  GL_INVALID_OPERATION
12-14 00:18:26.968 D/SurfaceFlinger( 1407): duplicate layer name: changing BlackSurface to BlackSurface#1
12-14 00:18:26.999 I/chatty  ( 1629): uid=1000(system) RenderThread expire 23 lines
12-14 00:18:27.000 E/OpenGLRenderer( 1629): GL error:  GL_INVALID_OPERATION
12-14 00:18:27.007 D/NuPlayerDriver( 1485): notifyListener_l(0xb019c540), (1, 0, 0, -1), loop setting(0, 0)
12-14 00:18:27.028 D/gralloc_ranchu( 1397): gralloc_alloc: Creating ashmem region of size 487424
12-14 00:18:27.032 E/OpenGLRenderer( 1629): GL error:  GL_INVALID_OPERATION
12-14 00:18:27.034 I/chatty  ( 1629): uid=1000(system) RenderThread identical 5 lines
12-14 00:18:27.035 E/OpenGLRenderer( 1629): GL error:  GL_INVALID_OPERATION
12-14 00:18:27.037 D/EGL_emulation( 1733): eglMakeCurrent: 0x91dd8400: ver 3 0 (tinfo 0x91da4c70)
12-14 00:18:27.038 E/OpenGLRenderer( 1629): GL error:  GL_INVALID_OPERATION
12-14 00:18:27.043 I/chatty  ( 1629): uid=1000(system) RenderThread identical 19 lines
12-14 00:18:27.043 E/OpenGLRenderer( 1629): GL error:  GL_INVALID_OPERATION
12-14 00:18:27.049 D/EGL_emulation( 1733): eglMakeCurrent: 0x91dd8400: ver 3 0 (tinfo 0x91da4c70)
12-14 00:18:27.050 V/StatusBar( 1733): setLightsOn(true)
12-14 00:18:27.068 I/MediaFocusControl( 1629):  AudioFocus  requestAudioFocus() from uid/pid 10028/1733 clientId=android.media.AudioManager@d4d338f req=3 flags=0x0
12-14 00:18:27.070 E/OpenGLRenderer( 1629): GL error:  GL_INVALID_OPERATION
12-14 00:18:27.117 I/chatty  ( 1629): uid=1000(system) RenderThread identical 130 lines
12-14 00:18:27.118 E/OpenGLRenderer( 1629): GL error:  GL_INVALID_OPERATION
12-14 00:18:27.118 I/zygote  ( 1733): Do partial code cache collection, code=124KB, data=95KB
12-14 00:18:27.118 E/OpenGLRenderer( 1629): GL error:  GL_INVALID_OPERATION
12-14 00:18:27.118 I/zygote  ( 1733): After code cache collection, code=124KB, data=95KB
12-14 00:18:27.118 I/zygote  ( 1733): Increasing code cache capacity to 512KB
12-14 00:18:27.118 E/OpenGLRenderer( 1629): GL error:  GL_INVALID_OPERATION
12-14 00:18:27.120 I/chatty  ( 1629): uid=1000(system) RenderThread identical 14 lines
12-14 00:18:27.137 E/OpenGLRenderer( 1629): GL error:  GL_INVALID_OPERATION
12-14 00:18:27.137 D/gralloc_ranchu( 1397): gralloc_alloc: Creating ashmem region of size 7753728
12-14 00:18:27.137 E/OpenGLRenderer( 1629): GL error:  GL_INVALID_OPERATION
12-14 00:18:27.162 I/chatty  ( 1629): uid=1000(system) RenderThread identical 74 lines
12-14 00:18:27.163 E/OpenGLRenderer( 1629): GL error:  GL_INVALID_OPERATION
12-14 00:18:27.163 I/zygote  ( 4387): Do partial code cache collection, code=124KB, data=80KB
12-14 00:18:27.165 E/OpenGLRenderer( 1629): GL error:  GL_INVALID_OPERATION
12-14 00:18:27.170 E/OpenGLRenderer( 1629): GL error:  GL_INVALID_OPERATION
12-14 00:18:27.172 I/zygote  ( 4387): After code cache collection, code=124KB, data=80KB
12-14 00:18:27.173 I/zygote  ( 4387): Increasing code cache capacity to 512KB
12-14 00:18:27.177 E/OpenGLRenderer( 1629): GL error:  GL_INVALID_OPERATION
12-14 00:18:27.208 I/chatty  ( 1629): uid=1000(system) RenderThread identical 28 lines
12-14 00:18:27.219 E/OpenGLRenderer( 1629): GL error:  GL_INVALID_OPERATION
12-14 00:18:27.220 V/StatusBar( 1733): setLightsOn(true)
12-14 00:18:27.222 E/OpenGLRenderer( 1629): GL error:  GL_INVALID_OPERATION
12-14 00:18:27.225 I/chatty  ( 1629): uid=1000(system) RenderThread identical 16 lines
12-14 00:18:27.225 E/OpenGLRenderer( 1629): GL error:  GL_INVALID_OPERATION
12-14 00:18:27.231 D/gralloc_ranchu( 1397): gralloc_alloc: Creating ashmem region of size 7753728
12-14 00:18:27.231 E/OpenGLRenderer( 1629): GL error:  GL_INVALID_OPERATION
12-14 00:18:27.235 I/chatty  ( 1629): uid=1000(system) RenderThread identical 9 lines
12-14 00:18:27.236 E/OpenGLRenderer( 1629): GL error:  GL_INVALID_OPERATION
12-14 00:18:27.236 V/StatusBar( 1733): setLightsOn(true)
12-14 00:18:27.236 E/OpenGLRenderer( 1629): GL error:  GL_INVALID_OPERATION
12-14 00:18:27.410 I/chatty  ( 1629): uid=1000(system) RenderThread identical 517 lines
12-14 00:18:27.411 E/OpenGLRenderer( 1629): GL error:  GL_INVALID_OPERATION
12-14 00:18:27.412 V/StatusBar( 1733): setLightsOn(true)
12-14 00:18:27.413 E/OpenGLRenderer( 1629): GL error:  GL_INVALID_OPERATION
12-14 00:18:27.570 I/chatty  ( 1629): uid=1000(system) RenderThread identical 659 lines
12-14 00:18:27.571 E/OpenGLRenderer( 1629): GL error:  GL_INVALID_OPERATION
12-14 00:18:27.571 E/OpenGLRenderer( 1629): GL error:  GL_INVALID_OPERATION
12-14 00:18:27.571 D/NuPlayerDriver( 1485): start(0xb019c540), state is 4, eos is 0
12-14 00:18:27.572 E/OpenGLRenderer( 1629): GL error:  GL_INVALID_OPERATION
12-14 00:18:27.572 I/GenericSource( 1485): start
12-14 00:18:27.573 E/OpenGLRenderer( 1629): GL error:  GL_INVALID_OPERATION
12-14 00:18:27.579 I/chatty  ( 1629): uid=1000(system) RenderThread identical 17 lines
12-14 00:18:27.579 E/OpenGLRenderer( 1629): GL error:  GL_INVALID_OPERATION
12-14 00:18:27.579 I/OMXClient( 1485): Treble IOmx obtained
12-14 00:18:27.580 E/OpenGLRenderer( 1629): GL error:  GL_INVALID_OPERATION
12-14 00:18:27.580 I/OMXMaster( 1491): makeComponentInstance(OMX.google.vorbis.decoder) in omx@1.0-service process
12-14 00:18:27.581 E/OpenGLRenderer( 1629): GL error:  GL_INVALID_OPERATION
12-14 00:18:27.581 E/OMXNodeInstance( 1491): setConfig(0xab3a12c0:google.vorbis.decoder, ConfigPriority(0x6f800002)) ERROR: Undefined(0x80001001)
12-14 00:18:27.581 I/ACodec  ( 1485): codec does not support config priority (err -2147483648)
12-14 00:18:27.581 E/OpenGLRenderer( 1629): GL error:  GL_INVALID_OPERATION
12-14 00:18:27.581 E/OMXNodeInstance( 1491): getConfig(0xab3a12c0:google.vorbis.decoder, ConfigAndroidVendorExtension(0x6f100004)) ERROR: Undefined(0x80001001)
12-14 00:18:27.581 E/OpenGLRenderer( 1629): GL error:  GL_INVALID_OPERATION
12-14 00:18:27.582 E/OpenGLRenderer( 1629): GL error:  GL_INVALID_OPERATION
12-14 00:18:27.582 I/MediaCodec( 1485): MediaCodec will operate in async mode
12-14 00:18:27.583 E/OpenGLRenderer( 1629): GL error:  GL_INVALID_OPERATION
12-14 00:18:27.584 I/chatty  ( 1629): uid=1000(system) RenderThread identical 5 lines
12-14 00:18:27.584 E/OpenGLRenderer( 1629): GL error:  GL_INVALID_OPERATION
12-14 00:18:27.585 W//system/bin/hw/android.hidl.allocator@1.0-service( 1390): ashmem_create_region(32768) returning hidl_memory(0xb061b850, 32768)
12-14 00:18:27.585 E/OpenGLRenderer( 1629): GL error:  GL_INVALID_OPERATION
12-14 00:18:27.589 I/chatty  ( 1629): uid=1000(system) RenderThread identical 8 lines
12-14 00:18:27.589 E/OpenGLRenderer( 1629): GL error:  GL_INVALID_OPERATION
12-14 00:18:27.590 W//system/bin/hw/android.hidl.allocator@1.0-service( 1390): ashmem_create_region(32768) returning hidl_memory(0xb061b850, 32768)
12-14 00:18:27.590 E/OpenGLRenderer( 1629): GL error:  GL_INVALID_OPERATION
12-14 00:18:27.590 E/OpenGLRenderer( 1629): GL error:  GL_INVALID_OPERATION
12-14 00:18:27.591 W//system/bin/hw/android.hidl.allocator@1.0-service( 1390): ashmem_create_region(32768) returning hidl_memory(0xb061b850, 32768)
12-14 00:18:27.591 E/OpenGLRenderer( 1629): GL error:  GL_INVALID_OPERATION
12-14 00:18:27.591 W//system/bin/hw/android.hidl.allocator@1.0-service( 1390): ashmem_create_region(32768) returning hidl_memory(0xb061b850, 32768)
12-14 00:18:27.591 E/OpenGLRenderer( 1629): GL error:  GL_INVALID_OPERATION
12-14 00:18:27.593 I/chatty  ( 1629): uid=1000(system) RenderThread identical 5 lines
12-14 00:18:27.593 E/OpenGLRenderer( 1629): GL error:  GL_INVALID_OPERATION
12-14 00:18:27.593 W//system/bin/hw/android.hidl.allocator@1.0-service( 1390): ashmem_create_region(32768) returning hidl_memory(0xb061b850, 32768)
12-14 00:18:27.593 E/OpenGLRenderer( 1629): GL error:  GL_INVALID_OPERATION
12-14 00:18:27.594 I/chatty  ( 1629): uid=1000(system) RenderThread identical 1 line
12-14 00:18:27.594 E/OpenGLRenderer( 1629): GL error:  GL_INVALID_OPERATION
12-14 00:18:27.594 W//system/bin/hw/android.hidl.allocator@1.0-service( 1390): ashmem_create_region(32768) returning hidl_memory(0xb061b850, 32768)
12-14 00:18:27.594 E/OpenGLRenderer( 1629): GL error:  GL_INVALID_OPERATION
12-14 00:18:27.594 E/OpenGLRenderer( 1629): GL error:  GL_INVALID_OPERATION
12-14 00:18:27.595 W//system/bin/hw/android.hidl.allocator@1.0-service( 1390): ashmem_create_region(32768) returning hidl_memory(0xb061b850, 32768)
12-14 00:18:27.595 E/OpenGLRenderer( 1629): GL error:  GL_INVALID_OPERATION
12-14 00:18:27.595 E/OpenGLRenderer( 1629): GL error:  GL_INVALID_OPERATION
12-14 00:18:27.595 W//system/bin/hw/android.hidl.allocator@1.0-service( 1390): ashmem_create_region(32768) returning hidl_memory(0xb061b850, 32768)
12-14 00:18:27.595 E/OpenGLRenderer( 1629): GL error:  GL_INVALID_OPERATION
12-14 00:18:27.602 I/chatty  ( 1629): uid=1000(system) RenderThread identical 21 lines
12-14 00:18:27.603 E/OpenGLRenderer( 1629): GL error:  GL_INVALID_OPERATION
12-14 00:18:27.603 W//system/bin/hw/android.hidl.allocator@1.0-service( 1390): ashmem_create_region(32768) returning hidl_memory(0xb061b850, 32768)
12-14 00:18:27.603 E/OpenGLRenderer( 1629): GL error:  GL_INVALID_OPERATION
12-14 00:18:27.603 E/OpenGLRenderer( 1629): GL error:  GL_INVALID_OPERATION
12-14 00:18:27.604 W//system/bin/hw/android.hidl.allocator@1.0-service( 1390): ashmem_create_region(32768) returning hidl_memory(0xb061b850, 32768)
12-14 00:18:27.604 E/OpenGLRenderer( 1629): GL error:  GL_INVALID_OPERATION
12-14 00:18:27.604 E/OpenGLRenderer( 1629): GL error:  GL_INVALID_OPERATION
12-14 00:18:27.604 W//system/bin/hw/android.hidl.allocator@1.0-service( 1390): ashmem_create_region(32768) returning hidl_memory(0xb061b850, 32768)
12-14 00:18:27.604 E/OpenGLRenderer( 1629): GL error:  GL_INVALID_OPERATION
12-14 00:18:27.605 E/OpenGLRenderer( 1629): GL error:  GL_INVALID_OPERATION
12-14 00:18:27.605 W//system/bin/hw/android.hidl.allocator@1.0-service( 1390): ashmem_create_region(32768) returning hidl_memory(0xb061b850, 32768)
12-14 00:18:27.605 E/OpenGLRenderer( 1629): GL error:  GL_INVALID_OPERATION
12-14 00:18:27.620 I/chatty  ( 1629): uid=1000(system) RenderThread identical 40 lines
12-14 00:18:27.621 E/OpenGLRenderer( 1629): GL error:  GL_INVALID_OPERATION
12-14 00:18:27.621 D/AudioTrack( 1485): Client defaulted notificationFrames to 7406 for frameCount 22218
12-14 00:18:27.621 E/OpenGLRenderer( 1629): GL error:  GL_INVALID_OPERATION
12-14 00:18:27.622 I/chatty  ( 1629): uid=1000(system) RenderThread identical 3 lines
12-14 00:18:27.622 E/OpenGLRenderer( 1629): GL error:  GL_INVALID_OPERATION
12-14 00:18:27.622 D/NuPlayerDriver( 1485): notifyListener_l(0xb019c540), (6, 0, 0, -1), loop setting(0, 0)
12-14 00:18:27.622 E/OpenGLRenderer( 1629): GL error:  GL_INVALID_OPERATION
12-14 00:18:27.623 I/chatty  ( 1629): uid=1000(system) RenderThread identical 1 line
12-14 00:18:27.623 E/OpenGLRenderer( 1629): GL error:  GL_INVALID_OPERATION
12-14 00:18:27.623 W/audio_hw_generic( 1391): Not supplying enough data to HAL, expected position 354979 , only wrote 354960
12-14 00:18:27.623 E/OpenGLRenderer( 1629): GL error:  GL_INVALID_OPERATION
12-14 00:18:28.275 I/chatty  ( 1629): uid=1000(system) RenderThread identical 1869 lines
12-14 00:18:28.276 E/OpenGLRenderer( 1629): GL error:  GL_INVALID_OPERATION
12-14 00:18:28.276 D/gralloc_ranchu( 1397): gralloc_alloc: Creating ashmem region of size 7753728
12-14 00:18:28.276 E/OpenGLRenderer( 1629): GL error:  GL_INVALID_OPERATION
12-14 00:18:28.717 E/TaskPersister( 1629): File error accessing recents directory (directory doesn't exist?).
12-14 00:18:29.095 I/chatty  ( 1629): uid=1000(system) RenderThread identical 2905 lines
12-14 00:18:29.096 E/OpenGLRenderer( 1629): GL error:  GL_INVALID_OPERATION
12-14 00:18:29.098 I/zygote  ( 1629): Explicit concurrent copying GC freed 23233(1741KB) AllocSpace objects, 9(180KB) LOS objects, 38% free, 9MB/15MB, paused 604us total 121.108ms
12-14 00:18:29.102 I/NuPlayerDecoder( 1485): [audio] saw output EOS
12-14 00:18:29.102 E/OpenGLRenderer( 1629): GL error:  GL_INVALID_OPERATION
12-14 00:18:29.153 I/chatty  ( 1629): uid=1000(system) RenderThread identical 318 lines
12-14 00:18:29.153 E/OpenGLRenderer( 1629): GL error:  GL_INVALID_OPERATION
12-14 00:18:29.153 E/SurfaceFlinger( 1407): ro.sf.lcd_density must be defined as a build property
12-14 00:18:29.154 E/OpenGLRenderer( 1629): GL error:  GL_INVALID_OPERATION
12-14 00:18:29.163 I/chatty  ( 1629): uid=1000(system) RenderThread identical 51 lines
12-14 00:18:29.163 E/OpenGLRenderer( 1629): GL error:  GL_INVALID_OPERATION
12-14 00:18:29.163 E/OpenGLRenderer( 1629): GL error:  GL_INVALID_OPERATION
12-14 00:18:29.163 D/gralloc_ranchu( 1397): gralloc_alloc: Creating ashmem region of size 8298496
12-14 00:18:29.172 I/chatty  ( 1629): uid=1000(system) RenderThread expire 26 lines
12-14 00:18:29.173 E/OpenGLRenderer( 1629): GL error:  GL_INVALID_OPERATION
12-14 00:18:29.173 D/        ( 4451): HostConnection::get() New Host Connection established 0xaf1af800, tid 4451
12-14 00:18:29.173 E/OpenGLRenderer( 1629): GL error:  GL_INVALID_OPERATION
12-14 00:18:29.349 I/chatty  ( 1629): uid=1000(system) RenderThread identical 332 lines
12-14 00:18:29.350 E/OpenGLRenderer( 1629): GL error:  GL_INVALID_OPERATION
12-14 00:18:29.351 D/AudioTrack( 1485): stop() called with 84672 frames delivered
12-14 00:18:29.352 E/OpenGLRenderer( 1629): GL error:  GL_INVALID_OPERATION
12-14 00:18:29.596 I/chatty  ( 1629): uid=1000(system) RenderThread identical 714 lines
12-14 00:18:29.596 E/OpenGLRenderer( 1629): GL error:  GL_INVALID_OPERATION
12-14 00:18:29.596 I/System.out( 4387): URI: //
12-14 00:18:29.597 E/OpenGLRenderer( 1629): GL error:  GL_INVALID_OPERATION
12-14 00:18:29.597 I/System.out( 4387): params: {json={"command":"set_activity_orientation","arguments":["portrait"]}
12-14 00:18:29.597 I/System.out( 4387): }
12-14 00:18:29.597 I/System.out( 4387): header: {content-type=application/json;charset=utf-8, date=Mon, 14 Dec 2020 05:18:29 GMT, accept=*/*, host=127.0.0.1:34777, content-length=63, user-agent=HTTPClient/1.0 (2.8.3, ruby 2.5.8 (2020-03-31))}
12-14 00:18:29.597 I/System.out( 4387): params: {json={"command":"set_activity_orientation","arguments":["portrait"]}
12-14 00:18:29.597 E/OpenGLRenderer( 1629): GL error:  GL_INVALID_OPERATION
12-14 00:18:29.597 I/System.out( 4387): }
12-14 00:18:29.598 I/System.out( 4387): ProP json = {"command":"set_activity_orientation","arguments":["portrait"]}
12-14 00:18:29.598 I/System.out( 4387): files: {}
12-14 00:18:29.598 I/System.out( 4387): command: {"command":"set_activity_orientation","arguments":["portrait"]}
12-14 00:18:29.598 E/OpenGLRenderer( 1629): GL error:  GL_INVALID_OPERATION
12-14 00:18:29.602 I/chatty  ( 1629): uid=1000(system) RenderThread identical 14 lines
12-14 00:18:29.603 E/OpenGLRenderer( 1629): GL error:  GL_INVALID_OPERATION
12-14 00:18:29.603 I/InstrumentationBackend( 4387): Got command:'Command:'Line:null,set_activity_orientation', arguments:'[portrait]'
12-14 00:18:29.603 E/OpenGLRenderer( 1629): GL error:  GL_INVALID_OPERATION
12-14 00:18:29.607 I/chatty  ( 1629): uid=1000(system) RenderThread identical 8 lines
12-14 00:18:29.607 E/OpenGLRenderer( 1629): GL error:  GL_INVALID_OPERATION
12-14 00:18:29.607 D/gralloc_ranchu( 1397): gralloc_alloc: Creating ashmem region of size 8298496
12-14 00:18:29.607 E/OpenGLRenderer( 1629): GL error:  GL_INVALID_OPERATION
12-14 00:18:29.663 W/LocalDisplayAdapter( 1629): Unable to find color mode 0, ignoring request.
12-14 00:18:29.670 I/chatty  ( 1629): uid=1000(system) RenderThread identical 91 lines
12-14 00:18:29.671 E/OpenGLRenderer( 1629): GL error:  GL_INVALID_OPERATION
12-14 00:18:29.671 I/ActivityManager( 1629): Config changes=480 {1.0 310mcc260mnc [en_US] ldltr sw411dp w411dp h659dp 420dpi nrml port finger qwerty/v/v -nav/h appBounds=Rect(0, 0 - 1080, 1794) s.8}
12-14 00:18:29.673 I/ActivityManager( 1629): Override config changes=480 {1.0 310mcc260mnc [en_US] ldltr sw411dp w411dp h659dp 420dpi nrml port finger qwerty/v/v -nav/h appBounds=Rect(0, 0 - 1080, 1794) s.8} for displayId=0
12-14 00:18:29.680 I/InputReader( 1629): Reconfiguring input devices.  changes=0x00000004
12-14 00:18:29.680 I/InputReader( 1629): Device reconfigured: id=0, name='qwerty2', size 1080x1920, orientation 0, mode 1, display id 0
12-14 00:18:29.699 E/OpenGLRenderer( 1629): GL error:  GL_INVALID_OPERATION
12-14 00:18:29.716 I/chatty  ( 1629): uid=1000(system) RenderThread identical 39 lines
12-14 00:18:29.718 E/OpenGLRenderer( 1629): GL error:  GL_INVALID_OPERATION
12-14 00:18:29.719 D/NuPlayerDriver( 1485): notifyListener_l(0xb019c540), (2, 0, 0, -1), loop setting(0, 0)
12-14 00:18:29.720 I/MediaFocusControl( 1629):  AudioFocus  abandonAudioFocus() from uid/pid 10028/1733 clientId=android.media.AudioManager@d4d338f
12-14 00:18:29.721 E/OpenGLRenderer( 1629): GL error:  GL_INVALID_OPERATION
12-14 00:18:29.751 I/chatty  ( 1629): uid=1000(system) RenderThread identical 127 lines
12-14 00:18:29.753 E/OpenGLRenderer( 1629): GL error:  GL_INVALID_OPERATION
12-14 00:18:29.757 D/gralloc_ranchu( 1397): gralloc_alloc: Creating ashmem region of size 544768
12-14 00:18:29.757 E/OpenGLRenderer( 1629): GL error:  GL_INVALID_OPERATION
12-14 00:18:29.759 I/chatty  ( 1629): uid=1000(system) RenderThread identical 4 lines
12-14 00:18:29.759 E/OpenGLRenderer( 1629): GL error:  GL_INVALID_OPERATION
12-14 00:18:29.760 I/calabash( 4387): newActivity1
12-14 00:18:29.761 E/OpenGLRenderer( 1629): GL error:  GL_INVALID_OPERATION
12-14 00:18:29.783 I/chatty  ( 1629): uid=1000(system) RenderThread identical 89 lines
12-14 00:18:29.783 E/OpenGLRenderer( 1629): GL error:  GL_INVALID_OPERATION
12-14 00:18:29.783 D/EGL_emulation( 1733): eglMakeCurrent: 0x91dd8400: ver 3 0 (tinfo 0x91da4c70)
12-14 00:18:29.784 E/OpenGLRenderer( 1629): GL error:  GL_INVALID_OPERATION
12-14 00:18:29.788 I/chatty  ( 1629): uid=1000(system) RenderThread identical 19 lines
12-14 00:18:29.788 E/OpenGLRenderer( 1629): GL error:  GL_INVALID_OPERATION
12-14 00:18:29.789 D/gralloc_ranchu( 1397): gralloc_alloc: Creating ashmem region of size 544768
12-14 00:18:29.789 E/OpenGLRenderer( 1629): GL error:  GL_INVALID_OPERATION
12-14 00:18:29.797 W/ActivityManager( 1629): Bad activity token: android.os.BinderProxy@51c993b
12-14 00:18:29.797 W/ActivityManager( 1629): java.lang.ClassCastException: android.os.BinderProxy cannot be cast to com.android.server.am.ActivityRecord$Token
12-14 00:18:29.797 W/ActivityManager( 1629): 	at com.android.server.am.ActivityRecord.forTokenLocked(ActivityRecord.java:778)
12-14 00:18:29.797 W/ActivityManager( 1629): 	at com.android.server.am.ActivityRecord.isInStackLocked(ActivityRecord.java:2085)
12-14 00:18:29.797 W/ActivityManager( 1629): 	at com.android.server.am.ActivityRecord.getStackLocked(ActivityRecord.java:2090)
12-14 00:18:29.797 W/ActivityManager( 1629): 	at com.android.server.am.ActivityManagerService.getActivityDisplayId(ActivityManagerService.java:10406)
12-14 00:18:29.797 W/ActivityManager( 1629): 	at android.app.IActivityManager$Stub.onTransact(IActivityManager.java:2738)
12-14 00:18:29.797 W/ActivityManager( 1629): 	at com.android.server.am.ActivityManagerService.onTransact(ActivityManagerService.java:2935)
12-14 00:18:29.797 W/ActivityManager( 1629): 	at android.os.Binder.execTransact(Binder.java:674)
12-14 00:18:29.802 I/chatty  ( 1629): uid=1000(system) RenderThread identical 43 lines
12-14 00:18:29.802 E/OpenGLRenderer( 1629): GL error:  GL_INVALID_OPERATION
12-14 00:18:29.803 I/calabash( 4387): newActivity1
12-14 00:18:29.803 E/OpenGLRenderer( 1629): GL error:  GL_INVALID_OPERATION
12-14 00:18:29.809 W/ActivityManager( 1629): Bad activity token: android.os.BinderProxy@51c993b
12-14 00:18:29.809 W/ActivityManager( 1629): java.lang.ClassCastException: android.os.BinderProxy cannot be cast to com.android.server.am.ActivityRecord$Token
12-14 00:18:29.809 W/ActivityManager( 1629): 	at com.android.server.am.ActivityRecord.forTokenLocked(ActivityRecord.java:778)
12-14 00:18:29.809 W/ActivityManager( 1629): 	at com.android.server.am.ActivityRecord.isInStackLocked(ActivityRecord.java:2085)
12-14 00:18:29.809 W/ActivityManager( 1629): 	at com.android.server.am.ActivityManagerService.setTaskDescription(ActivityManagerService.java:9988)
12-14 00:18:29.809 W/ActivityManager( 1629): 	at android.app.IActivityManager$Stub.onTransact(IActivityManager.java:2824)
12-14 00:18:29.809 W/ActivityManager( 1629): 	at com.android.server.am.ActivityManagerService.onTransact(ActivityManagerService.java:2935)
12-14 00:18:29.809 W/ActivityManager( 1629): 	at android.os.Binder.execTransact(Binder.java:674)
12-14 00:18:29.809 W/ActivityManager( 1629): Bad activity token: android.os.BinderProxy@51c993b
12-14 00:18:29.809 W/ActivityManager( 1629): java.lang.ClassCastException: android.os.BinderProxy cannot be cast to com.android.server.am.ActivityRecord$Token
12-14 00:18:29.809 W/ActivityManager( 1629): 	at com.android.server.am.ActivityRecord.forTokenLocked(ActivityRecord.java:778)
12-14 00:18:29.809 W/ActivityManager( 1629): 	at com.android.server.am.ActivityRecord.isInStackLocked(ActivityRecord.java:2085)
12-14 00:18:29.809 W/ActivityManager( 1629): 	at com.android.server.am.ActivityRecord.getStackLocked(ActivityRecord.java:2090)
12-14 00:18:29.809 W/ActivityManager( 1629): 	at com.android.server.am.ActivityManagerService.getActivityStackId(ActivityManagerService.java:10417)
12-14 00:18:29.809 W/ActivityManager( 1629): 	at android.app.IActivityManager$Stub.onTransact(IActivityManager.java:3548)
12-14 00:18:29.809 W/ActivityManager( 1629): 	at com.android.server.am.ActivityManagerService.onTransact(ActivityManagerService.java:2935)
12-14 00:18:29.809 W/ActivityManager( 1629): 	at android.os.Binder.execTransact(Binder.java:674)
12-14 00:18:29.880 I/chatty  ( 1629): uid=1000(system) RenderThread identical 260 lines
12-14 00:18:29.880 E/OpenGLRenderer( 1629): GL error:  GL_INVALID_OPERATION
12-14 00:18:29.881 I/System.out( 4387): result:{"bonusInformation":[],"message":"","success":true}
12-14 00:18:29.883 E/OpenGLRenderer( 1629): GL error:  GL_INVALID_OPERATION
12-14 00:18:29.942 I/chatty  ( 1629): uid=1000(system) RenderThread identical 171 lines
12-14 00:18:29.942 E/OpenGLRenderer( 1629): GL error:  GL_INVALID_OPERATION
12-14 00:18:29.942 V/StatusBar( 1733): setLightsOn(true)
12-14 00:18:29.942 E/OpenGLRenderer( 1629): GL error:  GL_INVALID_OPERATION
12-14 00:18:29.945 I/chatty  ( 1629): uid=1000(system) RenderThread identical 13 lines
12-14 00:18:29.945 E/OpenGLRenderer( 1629): GL error:  GL_INVALID_OPERATION
12-14 00:18:29.947 D/gralloc_ranchu( 1397): gralloc_alloc: Creating ashmem region of size 544768
12-14 00:18:29.948 E/OpenGLRenderer( 1629): GL error:  GL_INVALID_OPERATION
12-14 00:18:30.010 I/chatty  ( 1629): uid=1000(system) RenderThread identical 244 lines
12-14 00:18:30.011 E/OpenGLRenderer( 1629): GL error:  GL_INVALID_OPERATION
12-14 00:18:30.011 D/gralloc_ranchu( 1397): gralloc_alloc: Creating ashmem region of size 274432
12-14 00:18:30.011 E/OpenGLRenderer( 1629): GL error:  GL_INVALID_OPERATION
12-14 00:18:30.017 I/chatty  ( 1629): uid=1000(system) RenderThread identical 27 lines
12-14 00:18:30.017 E/OpenGLRenderer( 1629): GL error:  GL_INVALID_OPERATION
12-14 00:18:30.017 I/zygote  ( 1720): WaitForGcToComplete blocked for 32.687ms for cause Background
12-14 00:18:30.017 E/OpenGLRenderer( 1629): GL error:  GL_INVALID_OPERATION
12-14 00:18:30.046 I/chatty  ( 1629): uid=1000(system) RenderThread identical 125 lines
12-14 00:18:30.046 E/OpenGLRenderer( 1629): GL error:  GL_INVALID_OPERATION
12-14 00:18:30.046 D/gralloc_ranchu( 1397): gralloc_alloc: Creating ashmem region of size 7753728
12-14 00:18:30.047 E/OpenGLRenderer( 1629): GL error:  GL_INVALID_OPERATION
12-14 00:18:30.104 I/chatty  ( 1629): uid=1000(system) RenderThread identical 269 lines
12-14 00:18:30.104 E/OpenGLRenderer( 1629): GL error:  GL_INVALID_OPERATION
12-14 00:18:30.104 D/StatusBar( 1733): disable<e i a s b h r c s q >
12-14 00:18:30.104 E/OpenGLRenderer( 1629): GL error:  GL_INVALID_OPERATION
12-14 00:18:30.113 I/chatty  ( 1629): uid=1000(system) RenderThread identical 34 lines
12-14 00:18:30.115 E/OpenGLRenderer( 1629): GL error:  GL_INVALID_OPERATION
12-14 00:18:30.116 D/gralloc_ranchu( 1397): gralloc_alloc: Creating ashmem region of size 7753728
12-14 00:18:30.117 E/OpenGLRenderer( 1629): GL error:  GL_INVALID_OPERATION
12-14 00:18:30.122 I/chatty  ( 1629): uid=1000(system) RenderThread identical 20 lines
12-14 00:18:30.124 E/OpenGLRenderer( 1629): GL error:  GL_INVALID_OPERATION
12-14 00:18:30.125 D/EGL_emulation( 1733): eglMakeCurrent: 0x91dd8400: ver 3 0 (tinfo 0x91da4c70)
12-14 00:18:30.127 E/OpenGLRenderer( 1629): GL error:  GL_INVALID_OPERATION
12-14 00:18:30.143 I/chatty  ( 1629): uid=1000(system) RenderThread identical 58 lines
12-14 00:18:30.144 E/OpenGLRenderer( 1629): GL error:  GL_INVALID_OPERATION
12-14 00:18:30.146 D/gralloc_ranchu( 1397): gralloc_alloc: Creating ashmem region of size 274432
12-14 00:18:30.147 E/OpenGLRenderer( 1629): GL error:  GL_INVALID_OPERATION
12-14 00:18:30.176 I/WindowManager( 1629): Screen frozen for +573ms due to Window{31a4cd1 u0 StatusBar}
12-14 00:18:30.183 I/chatty  ( 1629): uid=1000(system) RenderThread identical 86 lines
12-14 00:18:30.184 E/OpenGLRenderer( 1629): GL error:  GL_INVALID_OPERATION
12-14 00:18:30.184 D/SurfaceFlinger( 1407): duplicate layer name: changing BlackSurface to BlackSurface#1
12-14 00:18:30.185 E/OpenGLRenderer( 1629): GL error:  GL_INVALID_OPERATION
12-14 00:18:30.186 I/chatty  ( 1629): uid=1000(system) RenderThread identical 8 lines
12-14 00:18:30.186 E/OpenGLRenderer( 1629): GL error:  GL_INVALID_OPERATION
12-14 00:18:30.186 D/SurfaceFlinger( 1407): duplicate layer name: changing BlackSurface to BlackSurface#1
12-14 00:18:30.186 E/OpenGLRenderer( 1629): GL error:  GL_INVALID_OPERATION
12-14 00:18:30.188 I/chatty  ( 1629): uid=1000(system) RenderThread identical 1 line
12-14 00:18:30.188 E/OpenGLRenderer( 1629): GL error:  GL_INVALID_OPERATION
12-14 00:18:30.188 E/OpenGLRenderer( 1629): GL error:  GL_INVALID_OPERATION
12-14 00:18:30.188 D/SurfaceFlinger( 1407): duplicate layer name: changing BlackSurface to BlackSurface#1
12-14 00:18:30.207 I/chatty  ( 1629): uid=1000(system) RenderThread expire 44 lines
12-14 00:18:30.207 E/OpenGLRenderer( 1629): GL error:  GL_INVALID_OPERATION
12-14 00:18:30.208 E/OpenGLRenderer( 1629): GL error:  GL_INVALID_OPERATION
12-14 00:18:30.208 D/gralloc_ranchu( 1397): gralloc_alloc: Creating ashmem region of size 274432
12-14 00:18:30.211 I/chatty  ( 1629): uid=1000(system) RenderThread expire 11 lines
12-14 00:18:30.213 E/OpenGLRenderer( 1629): GL error:  GL_INVALID_OPERATION
12-14 00:18:30.214 D/EGL_emulation( 1733): eglMakeCurrent: 0x91dd8400: ver 3 0 (tinfo 0x91da4c70)
12-14 00:18:30.215 E/OpenGLRenderer( 1629): GL error:  GL_INVALID_OPERATION
12-14 00:18:30.215 E/OpenGLRenderer( 1629): GL error:  GL_INVALID_OPERATION
12-14 00:18:30.221 V/StatusBar( 1733): setLightsOn(true)
12-14 00:18:30.221 E/OpenGLRenderer( 1629): GL error:  GL_INVALID_OPERATION
12-14 00:18:30.222 I/chatty  ( 1629): uid=1000(system) RenderThread identical 1 line
12-14 00:18:30.222 E/OpenGLRenderer( 1629): GL error:  GL_INVALID_OPERATION
12-14 00:18:30.222 D/EGL_emulation( 1733): eglMakeCurrent: 0x91dd8400: ver 3 0 (tinfo 0x91da4c70)
12-14 00:18:30.222 E/OpenGLRenderer( 1629): GL error:  GL_INVALID_OPERATION
12-14 00:18:30.259 I/chatty  ( 1629): uid=1000(system) RenderThread identical 147 lines
12-14 00:18:30.259 E/OpenGLRenderer( 1629): GL error:  GL_INVALID_OPERATION
12-14 00:18:30.259 I/zygote  ( 4387): JIT allocated 56KB for compiled code of void android.view.View.<init>(android.content.Context, android.util.AttributeSet, int, int)
12-14 00:18:30.259 E/OpenGLRenderer( 1629): GL error:  GL_INVALID_OPERATION
12-14 00:18:30.302 I/chatty  ( 1629): uid=1000(system) RenderThread identical 212 lines
12-14 00:18:30.302 E/OpenGLRenderer( 1629): GL error:  GL_INVALID_OPERATION
12-14 00:18:30.302 I/zygote  ( 4387): Do full code cache collection, code=251KB, data=142KB
12-14 00:18:30.302 E/OpenGLRenderer( 1629): GL error:  GL_INVALID_OPERATION
12-14 00:18:30.303 I/zygote  ( 4387): After code cache collection, code=251KB, data=106KB
12-14 00:18:30.303 E/OpenGLRenderer( 1629): GL error:  GL_INVALID_OPERATION
12-14 00:18:30.303 I/chatty  ( 1629): uid=1000(system) RenderThread identical 6 lines
12-14 00:18:30.303 E/OpenGLRenderer( 1629): GL error:  GL_INVALID_OPERATION
12-14 00:18:30.303 I/zygote  ( 4387): Do partial code cache collection, code=251KB, data=107KB
12-14 00:18:30.303 I/zygote  ( 4387): After code cache collection, code=251KB, data=107KB
12-14 00:18:30.303 I/zygote  ( 4387): Increasing code cache capacity to 1024KB
12-14 00:18:30.303 E/OpenGLRenderer( 1629): GL error:  GL_INVALID_OPERATION
12-14 00:18:30.306 I/chatty  ( 1629): uid=1000(system) RenderThread identical 20 lines
12-14 00:18:30.306 E/OpenGLRenderer( 1629): GL error:  GL_INVALID_OPERATION
12-14 00:18:30.306 E/OpenGLRenderer( 1629): GL error:  GL_INVALID_OPERATION
12-14 00:18:30.309 I/Finsky  ( 2495): [107] nmi.run(36): Stats for Executor: BlockingExecutor non@7839651[Running, pool size = 2, active threads = 0, queued tasks = 0, completed tasks = 20]
12-14 00:18:30.311 I/Finsky  ( 2495): [107] nmi.run(36): Stats for Executor: LightweightExecutor non@e79deb6[Running, pool size = 2, active threads = 0, queued tasks = 0, completed tasks = 71]
12-14 00:18:30.635 I/chatty  ( 1629): uid=1000(system) RenderThread expire 945 lines
12-14 00:18:30.635 E/OpenGLRenderer( 1629): GL error:  GL_INVALID_OPERATION
12-14 00:18:30.635 V/StatusBar( 1733): setLightsOn(true)
12-14 00:18:30.635 E/OpenGLRenderer( 1629): GL error:  GL_INVALID_OPERATION
12-14 00:18:31.162 I/chatty  ( 1629): uid=1000(system) RenderThread identical 2775 lines
12-14 00:18:31.163 E/OpenGLRenderer( 1629): GL error:  GL_INVALID_OPERATION
12-14 00:18:31.164 D/gralloc_ranchu( 1397): gralloc_alloc: Creating ashmem region of size 7753728
12-14 00:18:31.165 E/OpenGLRenderer( 1629): GL error:  GL_INVALID_OPERATION
12-14 00:18:31.327 I/chatty  ( 1629): uid=1000(system) RenderThread identical 485 lines
12-14 00:18:31.384 E/OpenGLRenderer( 1629): GL error:  GL_INVALID_OPERATION
12-14 00:18:31.384 W/audio_hw_generic( 1391): Not supplying enough data to HAL, expected position 535493 , only wrote 534960
12-14 00:18:31.385 W/audio_hw_generic( 1391): Not supplying enough data to HAL, expected position 534995 , only wrote 534960
12-14 00:18:31.385 E/OpenGLRenderer( 1629): GL error:  GL_INVALID_OPERATION
12-14 00:18:31.418 I/chatty  ( 1629): uid=1000(system) RenderThread identical 133 lines
12-14 00:18:31.418 E/OpenGLRenderer( 1629): GL error:  GL_INVALID_OPERATION
12-14 00:18:31.419 I/Finsky  ( 2495): [107] nmi.run(36): Stats for Executor: bgExecutor non@28377b7[Running, pool size = 4, active threads = 0, queued tasks = 0, completed tasks = 82]
12-14 00:18:31.419 E/OpenGLRenderer( 1629): GL error:  GL_INVALID_OPERATION
12-14 00:18:31.526 I/chatty  ( 1629): uid=1000(system) RenderThread identical 249 lines
12-14 00:18:31.527 E/OpenGLRenderer( 1629): GL error:  GL_INVALID_OPERATION
12-14 00:18:31.528 I/EventLogSendingHelper( 2215): Sending log events.
12-14 00:18:31.529 E/OpenGLRenderer( 1629): GL error:  GL_INVALID_OPERATION
12-14 00:18:31.657 I/chatty  ( 1629): uid=1000(system) RenderThread identical 639 lines
12-14 00:18:31.657 E/OpenGLRenderer( 1629): GL error:  GL_INVALID_OPERATION
