--------- beginning of main
12-14 00:18:33.510 I/chatty  ( 1629): uid=1000(system) RenderThread expire 216 lines
12-14 00:18:33.511 E/OpenGLRenderer( 1629): GL error:  GL_INVALID_OPERATION
12-14 00:18:33.514 V/StatusBar( 1733): setLightsOn(true)
12-14 00:18:33.514 E/OpenGLRenderer( 1629): GL error:  GL_INVALID_OPERATION
12-14 00:18:33.515 I/chatty  ( 1629): uid=1000(system) RenderThread identical 2 lines
--------- beginning of system
12-14 00:18:33.515 W/ActivityManager( 1629): Finishing task with all activities already finished
12-14 00:18:33.515 W/ActivityManager( 1629): Duplicate finish request for ActivityRecord{706398 u0 com.evancharlton.mileage/.Mileage t377 f}
12-14 00:18:33.515 W/ActivityManager( 1629): Finishing task with all activities already finished
12-14 00:18:33.516 W/ActivityManager( 1629): Duplicate finish request for ActivityRecord{706398 u0 com.evancharlton.mileage/.Mileage t377 f}
12-14 00:18:33.516 E/OpenGLRenderer( 1629): GL error:  GL_INVALID_OPERATION
12-14 00:18:33.518 V/StatusBar( 1733): setLightsOn(true)
12-14 00:18:33.519 E/OpenGLRenderer( 1629): GL error:  GL_INVALID_OPERATION
12-14 00:18:33.526 W/ActivityManager( 1629): Finishing task with all activities already finished
12-14 00:18:33.526 W/ActivityManager( 1629): Duplicate finish request for ActivityRecord{706398 u0 com.evancharlton.mileage/.Mileage t377 f}
12-14 00:18:33.526 W/ActivityManager( 1629): Finishing task with all activities already finished
12-14 00:18:33.526 W/ActivityManager( 1629): Duplicate finish request for ActivityRecord{706398 u0 com.evancharlton.mileage/.Mileage t377 f}
12-14 00:18:33.530 I/chatty  ( 1629): uid=1000(system) RenderThread identical 24 lines
12-14 00:18:33.530 E/OpenGLRenderer( 1629): GL error:  GL_INVALID_OPERATION
12-14 00:18:33.530 V/StatusBar( 1733): setLightsOn(true)
12-14 00:18:33.532 V/StatusBar( 1733): setLightsOn(true)
12-14 00:18:33.533 E/OpenGLRenderer( 1629): GL error:  GL_INVALID_OPERATION
12-14 00:18:33.534 W/ActivityManager( 1629): Finishing task with all activities already finished
12-14 00:18:33.534 W/ActivityManager( 1629): Duplicate finish request for ActivityRecord{706398 u0 com.evancharlton.mileage/.Mileage t377 f}
12-14 00:18:33.534 W/ActivityManager( 1629): Finishing task with all activities already finished
12-14 00:18:33.534 W/ActivityManager( 1629): Duplicate finish request for ActivityRecord{706398 u0 com.evancharlton.mileage/.Mileage t377 f}
12-14 00:18:33.537 I/chatty  ( 1629): uid=1000(system) RenderThread identical 12 lines
12-14 00:18:33.537 E/OpenGLRenderer( 1629): GL error:  GL_INVALID_OPERATION
12-14 00:18:33.538 V/StatusBar( 1733): setLightsOn(true)
12-14 00:18:33.539 W/ActivityManager( 1629): Finishing task with all activities already finished
12-14 00:18:33.539 W/ActivityManager( 1629): Duplicate finish request for ActivityRecord{706398 u0 com.evancharlton.mileage/.Mileage t377 f}
12-14 00:18:33.539 E/OpenGLRenderer( 1629): GL error:  GL_INVALID_OPERATION
12-14 00:18:33.542 W/ActivityManager( 1629): Finishing task with all activities already finished
12-14 00:18:33.542 W/ActivityManager( 1629): Duplicate finish request for ActivityRecord{706398 u0 com.evancharlton.mileage/.Mileage t377 f}
12-14 00:18:33.545 I/chatty  ( 1629): uid=1000(system) RenderThread identical 8 lines
12-14 00:18:33.546 W/ActivityManager( 1629): Finishing task with all activities already finished
12-14 00:18:33.546 W/ActivityManager( 1629): Duplicate finish request for ActivityRecord{706398 u0 com.evancharlton.mileage/.Mileage t377 f}
12-14 00:18:33.547 E/OpenGLRenderer( 1629): GL error:  GL_INVALID_OPERATION
12-14 00:18:33.547 D/gralloc_ranchu( 1397): gralloc_alloc: Creating ashmem region of size 8298496
12-14 00:18:33.547 E/OpenGLRenderer( 1629): GL error:  GL_INVALID_OPERATION
12-14 00:18:33.549 W/ActivityManager( 1629): Finishing task with all activities already finished
12-14 00:18:33.549 W/ActivityManager( 1629): Duplicate finish request for ActivityRecord{706398 u0 com.evancharlton.mileage/.Mileage t377 f}
12-14 00:18:33.550 W/ActivityManager( 1629): Finishing task with all activities already finished
12-14 00:18:33.550 W/ActivityManager( 1629): Duplicate finish request for ActivityRecord{706398 u0 com.evancharlton.mileage/.Mileage t377 f}
12-14 00:18:33.551 I/chatty  ( 1629): uid=1000(system) RenderThread identical 3 lines
12-14 00:18:33.552 E/OpenGLRenderer( 1629): GL error:  GL_INVALID_OPERATION
12-14 00:18:33.553 D/SurfaceFlinger( 1407): duplicate layer name: changing com.google.android.apps.nexuslauncher/com.google.android.apps.nexuslauncher.NexusLauncherActivity to com.google.android.apps.nexuslauncher/com.google.android.apps.nexuslauncher.NexusLauncherActivity#1
12-14 00:18:33.553 E/OpenGLRenderer( 1629): GL error:  GL_INVALID_OPERATION
12-14 00:18:33.566 I/chatty  ( 1629): uid=1000(system) RenderThread identical 31 lines
12-14 00:18:33.567 E/OpenGLRenderer( 1629): GL error:  GL_INVALID_OPERATION
12-14 00:18:33.569 D/gralloc_ranchu( 1397): gralloc_alloc: Creating ashmem region of size 8298496
12-14 00:18:33.573 E/OpenGLRenderer( 1629): GL error:  GL_INVALID_OPERATION
12-14 00:18:33.652 I/chatty  ( 1629): uid=1000(system) RenderThread identical 198 lines
12-14 00:18:33.652 E/OpenGLRenderer( 1629): GL error:  GL_INVALID_OPERATION
12-14 00:18:33.652 D/EGL_emulation( 1733): eglMakeCurrent: 0x91dd8400: ver 3 0 (tinfo 0x91da4c70)
12-14 00:18:33.653 E/OpenGLRenderer( 1629): GL error:  GL_INVALID_OPERATION
12-14 00:18:33.655 D/gralloc_ranchu( 1397): gralloc_alloc: Creating ashmem region of size 8298496
12-14 00:18:33.656 E/OpenGLRenderer( 1629): GL error:  GL_INVALID_OPERATION
12-14 00:18:33.754 I/chatty  ( 1629): uid=1000(system) RenderThread identical 145 lines
12-14 00:18:33.758 E/OpenGLRenderer( 1629): GL error:  GL_INVALID_OPERATION
12-14 00:18:33.759 E/hw-IPCThreadState( 1397): binder thread pool (1 threads) starved for 105 ms
12-14 00:18:33.759 E/OpenGLRenderer( 1629): GL error:  GL_INVALID_OPERATION
12-14 00:18:33.759 D/gralloc_ranchu( 1397): gralloc_alloc: Creating ashmem region of size 8298496
12-14 00:18:33.760 E/OpenGLRenderer( 1629): GL error:  GL_INVALID_OPERATION
12-14 00:18:33.876 I/chatty  ( 1629): uid=1000(system) RenderThread identical 211 lines
12-14 00:18:33.878 E/OpenGLRenderer( 1629): GL error:  GL_INVALID_OPERATION
12-14 00:18:33.880 E/hw-IPCThreadState( 1397): binder thread pool (1 threads) starved for 121 ms
12-14 00:18:33.881 D/gralloc_ranchu( 1397): gralloc_alloc: Creating ashmem region of size 8298496
12-14 00:18:33.882 E/OpenGLRenderer( 1629): GL error:  GL_INVALID_OPERATION
12-14 00:18:33.889 I/chatty  ( 1629): uid=1000(system) RenderThread identical 10 lines
12-14 00:18:33.891 E/OpenGLRenderer( 1629): GL error:  GL_INVALID_OPERATION
12-14 00:18:33.891 E/IPCThreadState( 1407): binder thread pool (4 threads) starved for 311 ms
12-14 00:18:33.893 D/gralloc_ranchu( 1397): gralloc_alloc: Creating ashmem region of size 8298496
12-14 00:18:33.896 E/OpenGLRenderer( 1629): GL error:  GL_INVALID_OPERATION
12-14 00:18:34.009 I/chatty  ( 1629): uid=1000(system) RenderThread identical 318 lines
12-14 00:18:34.010 E/OpenGLRenderer( 1629): GL error:  GL_INVALID_OPERATION
12-14 00:18:34.029 E/hw-IPCThreadState( 1397): binder thread pool (1 threads) starved for 137 ms
12-14 00:18:34.029 D/gralloc_ranchu( 1397): gralloc_alloc: Creating ashmem region of size 8298496
12-14 00:18:34.030 E/OpenGLRenderer( 1629): GL error:  GL_INVALID_OPERATION
12-14 00:18:34.166 I/chatty  ( 1629): uid=1000(system) RenderThread identical 150 lines
12-14 00:18:34.166 E/OpenGLRenderer( 1629): GL error:  GL_INVALID_OPERATION
12-14 00:18:34.167 E/hw-IPCThreadState( 1397): binder thread pool (1 threads) starved for 138 ms
12-14 00:18:34.168 E/OpenGLRenderer( 1629): GL error:  GL_INVALID_OPERATION
12-14 00:18:34.181 I/chatty  ( 1629): uid=1000(system) RenderThread identical 20 lines
12-14 00:18:34.185 E/OpenGLRenderer( 1629): GL error:  GL_INVALID_OPERATION
12-14 00:18:34.186 D/gralloc_ranchu( 1397): gralloc_alloc: Creating ashmem region of size 8298496
12-14 00:18:34.186 E/OpenGLRenderer( 1629): GL error:  GL_INVALID_OPERATION
12-14 00:18:34.207 I/chatty  ( 1629): uid=1000(system) RenderThread identical 35 lines
12-14 00:18:34.208 E/OpenGLRenderer( 1629): GL error:  GL_INVALID_OPERATION
12-14 00:18:34.208 D/EGL_emulation( 2215): eglMakeCurrent: 0xa31fd7a0: ver 3 0 (tinfo 0xa31ff760)
12-14 00:18:34.208 E/OpenGLRenderer( 1629): GL error:  GL_INVALID_OPERATION
12-14 00:18:34.304 I/chatty  ( 1629): uid=1000(system) RenderThread identical 192 lines
12-14 00:18:34.305 E/OpenGLRenderer( 1629): GL error:  GL_INVALID_OPERATION
12-14 00:18:34.305 E/hw-IPCThreadState( 1397): binder thread pool (1 threads) starved for 119 ms
12-14 00:18:34.306 E/OpenGLRenderer( 1629): GL error:  GL_INVALID_OPERATION
12-14 00:18:34.309 I/chatty  ( 1629): uid=1000(system) RenderThread identical 7 lines
12-14 00:18:34.309 E/OpenGLRenderer( 1629): GL error:  GL_INVALID_OPERATION
12-14 00:18:34.309 D/gralloc_ranchu( 1397): gralloc_alloc: Creating ashmem region of size 8298496
12-14 00:18:34.309 E/OpenGLRenderer( 1629): GL error:  GL_INVALID_OPERATION
12-14 00:18:34.404 D/EGL_emulation( 2182): eglMakeCurrent: 0xa58859c0: ver 3 0 (tinfo 0xa5883740)
12-14 00:18:34.405 I/chatty  ( 1629): uid=1000(system) RenderThread expire 184 lines
12-14 00:18:34.405 E/OpenGLRenderer( 1629): GL error:  GL_INVALID_OPERATION
12-14 00:18:34.406 E/OpenGLRenderer( 1629): GL error:  GL_INVALID_OPERATION
12-14 00:18:34.416 I/chatty  ( 1629): uid=1000(system) RenderThread identical 27 lines
12-14 00:18:34.417 E/OpenGLRenderer( 1629): GL error:  GL_INVALID_OPERATION
12-14 00:18:34.418 D/gralloc_ranchu( 1397): gralloc_alloc: Creating ashmem region of size 8298496
12-14 00:18:34.418 E/OpenGLRenderer( 1629): GL error:  GL_INVALID_OPERATION
12-14 00:18:34.538 I/chatty  ( 1629): uid=1000(system) RenderThread identical 232 lines
12-14 00:18:34.538 E/OpenGLRenderer( 1629): GL error:  GL_INVALID_OPERATION
12-14 00:18:34.538 D/gralloc_ranchu( 1397): gralloc_alloc: Creating ashmem region of size 7753728
12-14 00:18:34.538 E/OpenGLRenderer( 1629): GL error:  GL_INVALID_OPERATION
12-14 00:18:34.596 I/chatty  ( 1629): uid=1000(system) RenderThread identical 133 lines
12-14 00:18:34.600 E/OpenGLRenderer( 1629): GL error:  GL_INVALID_OPERATION
12-14 00:18:34.601 W/ActivityManager( 1629): Unable to start service Intent { act=com.google.android.gms.speech.service.START pkg=com.google.android.gms } U=0: not found
12-14 00:18:34.602 W/SessionLifecycleManager( 2215): Handover failed. Creating new session controller.
12-14 00:18:34.602 E/OpenGLRenderer( 1629): GL error:  GL_INVALID_OPERATION
12-14 00:18:34.606 I/chatty  ( 1629): uid=1000(system) RenderThread identical 12 lines
12-14 00:18:34.606 E/OpenGLRenderer( 1629): GL error:  GL_INVALID_OPERATION
12-14 00:18:34.606 I/OptInState( 2215): There is a new client and it does not support opt-in. Dropping request.
12-14 00:18:34.606 E/OpenGLRenderer( 1629): GL error:  GL_INVALID_OPERATION
12-14 00:18:34.616 I/chatty  ( 1629): uid=1000(system) RenderThread identical 23 lines
12-14 00:18:34.617 E/OpenGLRenderer( 1629): GL error:  GL_INVALID_OPERATION
12-14 00:18:34.617 W/ActivityManager( 1629): Unbind failed: could not find connection for android.os.BinderProxy@5b44d65
12-14 00:18:34.617 E/OpenGLRenderer( 1629): GL error:  GL_INVALID_OPERATION
12-14 00:18:34.618 E/GmsClient( 2215): unable to connect to service: com.google.android.gms.speech.service.START on com.google.android.gms
12-14 00:18:34.619 I/chatty  ( 1629): uid=1000(system) RenderThread expire 3 lines
12-14 00:18:34.619 E/OpenGLRenderer( 1629): GL error:  GL_INVALID_OPERATION
12-14 00:18:34.619 I/zygote  ( 2215): Deoptimizing int[] com.google.common.collect.gx.b(java.lang.Object[], int, int, int) due to JIT inline cache
12-14 00:18:34.620 E/OpenGLRenderer( 1629): GL error:  GL_INVALID_OPERATION
12-14 00:18:34.626 I/chatty  ( 1629): uid=1000(system) RenderThread identical 21 lines
12-14 00:18:34.627 E/OpenGLRenderer( 1629): GL error:  GL_INVALID_OPERATION
12-14 00:18:34.628 D/EGL_emulation( 1733): eglMakeCurrent: 0x91dd8400: ver 3 0 (tinfo 0x91da4c70)
12-14 00:18:34.628 E/OpenGLRenderer( 1629): GL error:  GL_INVALID_OPERATION
12-14 00:18:34.633 I/chatty  ( 1629): uid=1000(system) RenderThread identical 7 lines
12-14 00:18:34.638 E/OpenGLRenderer( 1629): GL error:  GL_INVALID_OPERATION
12-14 00:18:34.639 D/EGL_emulation( 1733): eglMakeCurrent: 0x91dd8400: ver 3 0 (tinfo 0x91da4c70)
12-14 00:18:34.653 I/MicroDetectionWorker( 2215): #updateMicroDetector [detectionMode: [mDetectionMode: [1]]]
12-14 00:18:34.653 I/MicroDetectionWorker( 2215): #startMicroDetector [speakerMode: 0]
12-14 00:18:34.654 I/AudioController( 2215): Using mInputStreamFactoryBuilder
12-14 00:18:34.656 E/OpenGLRenderer( 1629): GL error:  GL_INVALID_OPERATION
12-14 00:18:34.659 I/MicroRecognitionRunner( 2215): Starting detection.
12-14 00:18:34.661 E/OpenGLRenderer( 1629): GL error:  GL_INVALID_OPERATION
12-14 00:18:34.662 I/chatty  ( 1629): uid=1000(system) RenderThread identical 2 lines
12-14 00:18:34.662 E/OpenGLRenderer( 1629): GL error:  GL_INVALID_OPERATION
12-14 00:18:34.662 D/EGL_emulation( 1733): eglMakeCurrent: 0x91dd8400: ver 3 0 (tinfo 0x91da4c70)
12-14 00:18:34.662 E/OpenGLRenderer( 1629): GL error:  GL_INVALID_OPERATION
12-14 00:18:34.665 I/chatty  ( 1629): uid=1000(system) RenderThread identical 5 lines
12-14 00:18:34.666 E/OpenGLRenderer( 1629): GL error:  GL_INVALID_OPERATION
12-14 00:18:34.667 D/EGL_emulation( 1733): eglMakeCurrent: 0x91dd8400: ver 3 0 (tinfo 0x91da4c70)
12-14 00:18:34.667 E/OpenGLRenderer( 1629): GL error:  GL_INVALID_OPERATION
12-14 00:18:34.667 E/OpenGLRenderer( 1629): GL error:  GL_INVALID_OPERATION
12-14 00:18:34.673 I/MicroDetectionWorker( 2215): onReady
12-14 00:18:34.679 E/OpenGLRenderer( 1629): GL error:  GL_INVALID_OPERATION
12-14 00:18:34.709 I/chatty  ( 1629): uid=1000(system) RenderThread identical 65 lines
12-14 00:18:34.709 E/OpenGLRenderer( 1629): GL error:  GL_INVALID_OPERATION
12-14 00:18:34.712 D/EGL_emulation( 1733): eglMakeCurrent: 0x91dd8400: ver 3 0 (tinfo 0x91da4c70)
12-14 00:18:34.713 E/OpenGLRenderer( 1629): GL error:  GL_INVALID_OPERATION
12-14 00:18:34.715 I/chatty  ( 1629): uid=1000(system) RenderThread identical 2 lines
12-14 00:18:34.715 E/OpenGLRenderer( 1629): GL error:  GL_INVALID_OPERATION
12-14 00:18:34.716 D/EGL_emulation( 1733): eglMakeCurrent: 0x91dd8400: ver 3 0 (tinfo 0x91da4c70)
12-14 00:18:34.717 E/OpenGLRenderer( 1629): GL error:  GL_INVALID_OPERATION
12-14 00:18:34.719 I/chatty  ( 1629): uid=1000(system) RenderThread identical 2 lines
12-14 00:18:34.719 E/OpenGLRenderer( 1629): GL error:  GL_INVALID_OPERATION
12-14 00:18:34.719 W/OpenGLRenderer( 2182): Incorrectly called buildLayer on View: ShortcutAndWidgetContainer, destroying layer...
12-14 00:18:34.720 I/MicrophoneInputStream( 2215): mic_starting com.google.android.apps.gsa.staticplugins.aa.c@23a5b4b
12-14 00:18:34.720 E/OpenGLRenderer( 1629): GL error:  GL_INVALID_OPERATION
12-14 00:18:34.721 I/chatty  ( 1629): uid=1000(system) RenderThread identical 3 lines
12-14 00:18:34.721 E/OpenGLRenderer( 1629): GL error:  GL_INVALID_OPERATION
12-14 00:18:34.725 E/OpenGLRenderer( 1629): GL error:  GL_INVALID_OPERATION
12-14 00:18:34.725 D/EGL_emulation( 1733): eglMakeCurrent: 0x91dd8400: ver 3 0 (tinfo 0x91da4c70)
12-14 00:18:34.726 D/gralloc_ranchu( 1397): gralloc_alloc: Creating ashmem region of size 8298496
12-14 00:18:34.728 I/AudioFlinger( 1477): AudioFlinger's thread 0xb270f180 tid=4490 ready to run
12-14 00:18:34.729 E/OpenGLRenderer( 1629): GL error:  GL_INVALID_OPERATION
12-14 00:18:34.756 I/chatty  ( 1629): uid=1000(system) RenderThread identical 42 lines
12-14 00:18:34.756 E/OpenGLRenderer( 1629): GL error:  GL_INVALID_OPERATION
12-14 00:18:34.759 I/MicrophoneInputStream( 2215): mic_started com.google.android.apps.gsa.staticplugins.aa.c@23a5b4b
12-14 00:18:34.759 E/OpenGLRenderer( 1629): GL error:  GL_INVALID_OPERATION
12-14 00:18:34.760 E/ActivityThread( 2215): Failed to find provider info for com.google.android.apps.gsa.testing.ui.audio.recorded
12-14 00:18:34.762 I/MicroDetectionWorker( 2215): onReady
12-14 00:18:34.763 E/OpenGLRenderer( 1629): GL error:  GL_INVALID_OPERATION
12-14 00:18:34.764 W/SpeechLevelGenerator( 2215): Really low audio levels detected. The audio input may have issues.
12-14 00:18:34.767 E/OpenGLRenderer( 1629): GL error:  GL_INVALID_OPERATION
12-14 00:18:34.792 I/chatty  ( 1629): uid=1000(system) RenderThread identical 51 lines
12-14 00:18:34.793 E/OpenGLRenderer( 1629): GL error:  GL_INVALID_OPERATION
12-14 00:18:34.794 I/MicroRecognitionRunner( 2215): Detection finished
12-14 00:18:34.794 W/ErrorReporter( 2215): reportError [type: 211, code: 524300]: Error reading from input stream
12-14 00:18:34.795 E/OpenGLRenderer( 1629): GL error:  GL_INVALID_OPERATION
12-14 00:18:34.795 I/MicrophoneInputStream( 2215): mic_close com.google.android.apps.gsa.staticplugins.aa.c@23a5b4b
12-14 00:18:34.796 E/OpenGLRenderer( 1629): GL error:  GL_INVALID_OPERATION
12-14 00:18:34.812 I/chatty  ( 1629): uid=1000(system) RenderThread identical 33 lines
12-14 00:18:34.813 E/OpenGLRenderer( 1629): GL error:  GL_INVALID_OPERATION
12-14 00:18:34.813 I/MicroRecognitionRunner( 2215): Stopping hotword detection.
12-14 00:18:34.813 E/OpenGLRenderer( 1629): GL error:  GL_INVALID_OPERATION
12-14 00:18:34.814 I/chatty  ( 1629): uid=1000(system) RenderThread identical 1 line
12-14 00:18:34.814 W/ErrorProcessor( 2215): onFatalError, processing error from engine(4)
12-14 00:18:34.814 W/ErrorProcessor( 2215): com.google.android.apps.gsa.shared.speech.b.g: Error reading from input stream
12-14 00:18:34.814 W/ErrorProcessor( 2215): 	at com.google.android.apps.gsa.staticplugins.recognizer.j.a.a(SourceFile:28)
12-14 00:18:34.814 W/ErrorProcessor( 2215): 	at com.google.android.apps.gsa.staticplugins.recognizer.j.b.run(SourceFile:15)
12-14 00:18:34.814 W/ErrorProcessor( 2215): 	at java.util.concurrent.Executors$RunnableAdapter.call(Executors.java:457)
12-14 00:18:34.814 W/ErrorProcessor( 2215): 	at java.util.concurrent.FutureTask.run(FutureTask.java:266)
12-14 00:18:34.814 W/ErrorProcessor( 2215): 	at com.google.android.apps.gsa.shared.util.concurrent.a.ax.run(SourceFile:14)
12-14 00:18:34.814 W/ErrorProcessor( 2215): 	at com.google.android.apps.gsa.shared.util.concurrent.a.bl.run(SourceFile:4)
12-14 00:18:34.814 W/ErrorProcessor( 2215): 	at com.google.android.apps.gsa.shared.util.concurrent.a.bl.run(SourceFile:4)
12-14 00:18:34.814 W/ErrorProcessor( 2215): 	at java.util.concurrent.ThreadPoolExecutor.runWorker(ThreadPoolExecutor.java:1162)
12-14 00:18:34.814 W/ErrorProcessor( 2215): 	at java.util.concurrent.ThreadPoolExecutor$Worker.run(ThreadPoolExecutor.java:636)
12-14 00:18:34.814 W/ErrorProcessor( 2215): 	at java.lang.Thread.run(Thread.java:764)
12-14 00:18:34.814 W/ErrorProcessor( 2215): 	at com.google.android.apps.gsa.shared.util.concurrent.a.ai.run(SourceFile:6)
12-14 00:18:34.814 W/ErrorProcessor( 2215): Caused by: com.google.android.apps.gsa.shared.exception.GsaIOException: Error code: 393238 | Buffer overflow, no available space.
12-14 00:18:34.814 W/ErrorProcessor( 2215): 	at com.google.android.apps.gsa.speech.audio.Tee.f(SourceFile:103)
12-14 00:18:34.814 W/ErrorProcessor( 2215): 	at com.google.android.apps.gsa.speech.audio.au.read(SourceFile:2)
12-14 00:18:34.814 W/ErrorProcessor( 2215): 	at java.io.InputStream.read(InputStream.java:101)
12-14 00:18:34.814 W/ErrorProcessor( 2215): 	at com.google.android.apps.gsa.speech.audio.ao.run(SourceFile:18)
12-14 00:18:34.814 W/ErrorProcessor( 2215): 	at com.google.android.apps.gsa.speech.audio.an.run(SourceFile:2)
12-14 00:18:34.814 W/ErrorProcessor( 2215): 	... 9 more
12-14 00:18:34.814 E/OpenGLRenderer( 1629): GL error:  GL_INVALID_OPERATION
12-14 00:18:34.815 E/OpenGLRenderer( 1629): GL error:  GL_INVALID_OPERATION
12-14 00:18:34.816 E/OpenGLRenderer( 1629): GL error:  GL_INVALID_OPERATION
12-14 00:18:34.818 D/EGL_emulation( 1733): eglMakeCurrent: 0x91dd8400: ver 3 0 (tinfo 0x91da4c70)
12-14 00:18:34.821 I/chatty  ( 1629): uid=1000(system) RenderThread expire 4 lines
12-14 00:18:34.821 E/OpenGLRenderer( 1629): GL error:  GL_INVALID_OPERATION
12-14 00:18:34.822 I/AudioController( 2215): internalShutdown
12-14 00:18:34.822 E/OpenGLRenderer( 1629): GL error:  GL_INVALID_OPERATION
12-14 00:18:34.824 I/chatty  ( 1629): uid=1000(system) RenderThread identical 7 lines
12-14 00:18:34.825 E/OpenGLRenderer( 1629): GL error:  GL_INVALID_OPERATION
12-14 00:18:34.825 D/EGL_emulation( 1733): eglMakeCurrent: 0x91dd8400: ver 3 0 (tinfo 0x91da4c70)
12-14 00:18:34.827 E/OpenGLRenderer( 1629): GL error:  GL_INVALID_OPERATION
12-14 00:18:34.838 I/chatty  ( 1629): uid=1000(system) RenderThread identical 23 lines
12-14 00:18:34.839 E/OpenGLRenderer( 1629): GL error:  GL_INVALID_OPERATION
12-14 00:18:34.839 D/EGL_emulation( 1733): eglMakeCurrent: 0x91dd8400: ver 3 0 (tinfo 0x91da4c70)
12-14 00:18:34.840 E/OpenGLRenderer( 1629): GL error:  GL_INVALID_OPERATION
12-14 00:18:34.847 I/chatty  ( 1629): uid=1000(system) RenderThread identical 11 lines
12-14 00:18:34.847 E/OpenGLRenderer( 1629): GL error:  GL_INVALID_OPERATION
12-14 00:18:34.847 D/EGL_emulation( 1733): eglMakeCurrent: 0x91dd8400: ver 3 0 (tinfo 0x91da4c70)
12-14 00:18:34.848 E/OpenGLRenderer( 1629): GL error:  GL_INVALID_OPERATION
12-14 00:18:34.878 I/chatty  ( 1629): uid=1000(system) RenderThread identical 54 lines
12-14 00:18:34.879 E/OpenGLRenderer( 1629): GL error:  GL_INVALID_OPERATION
12-14 00:18:34.879 I/MicroDetector( 2215): Keeping mic open: false
12-14 00:18:34.879 I/MicroDetectionWorker( 2215): #onError(false)
12-14 00:18:34.879 E/OpenGLRenderer( 1629): GL error:  GL_INVALID_OPERATION
12-14 00:18:34.881 I/chatty  ( 1629): uid=1000(system) RenderThread identical 6 lines
12-14 00:18:34.881 E/OpenGLRenderer( 1629): GL error:  GL_INVALID_OPERATION
12-14 00:18:34.881 I/DeviceStateChecker( 2215): DeviceStateChecker cancelled
12-14 00:18:34.882 E/OpenGLRenderer( 1629): GL error:  GL_INVALID_OPERATION
12-14 00:18:34.908 I/chatty  ( 1629): uid=1000(system) RenderThread identical 78 lines
12-14 00:18:34.908 E/OpenGLRenderer( 1629): GL error:  GL_INVALID_OPERATION
12-14 00:18:34.911 I/zygote  ( 2215): Background concurrent copying GC freed 7175(511KB) AllocSpace objects, 7(188KB) LOS objects, 49% free, 4MB/8MB, paused 3.889ms total 250.663ms
12-14 00:18:34.912 E/OpenGLRenderer( 1629): GL error:  GL_INVALID_OPERATION
12-14 00:18:35.118 I/chatty  ( 1629): uid=1000(system) RenderThread identical 604 lines
12-14 00:18:35.118 E/OpenGLRenderer( 1629): GL error:  GL_INVALID_OPERATION
12-14 00:18:35.118 I/zygote  ( 2215): Do full code cache collection, code=501KB, data=357KB
12-14 00:18:35.118 E/OpenGLRenderer( 1629): GL error:  GL_INVALID_OPERATION
12-14 00:18:35.118 E/OpenGLRenderer( 1629): GL error:  GL_INVALID_OPERATION
12-14 00:18:35.118 I/zygote  ( 2215): After code cache collection, code=494KB, data=315KB
12-14 00:18:35.119 E/OpenGLRenderer( 1629): GL error:  GL_INVALID_OPERATION
12-14 00:18:35.154 I/chatty  ( 1629): uid=1000(system) RenderThread identical 133 lines
12-14 00:18:35.155 D/AndroidRuntime( 4485): >>>>>> START com.android.internal.os.RuntimeInit uid 2000 <<<<<<
12-14 00:18:35.155 E/OpenGLRenderer( 1629): GL error:  GL_INVALID_OPERATION
12-14 00:18:35.155 E/OpenGLRenderer( 1629): GL error:  GL_INVALID_OPERATION
12-14 00:18:35.302 I/chatty  ( 1629): uid=1000(system) RenderThread identical 518 lines
12-14 00:18:35.302 E/OpenGLRenderer( 1629): GL error:  GL_INVALID_OPERATION
12-14 00:18:35.302 W/app_process( 4485): Unexpected CPU variant for X86 using defaults: x86
12-14 00:18:35.302 E/OpenGLRenderer( 1629): GL error:  GL_INVALID_OPERATION
12-14 00:18:35.332 I/chatty  ( 1629): uid=1000(system) RenderThread identical 58 lines
12-14 00:18:35.332 D/AndroidRuntime( 4485): Calling main entry com.android.commands.am.Am
12-14 00:18:35.332 E/OpenGLRenderer( 1629): GL error:  GL_INVALID_OPERATION
12-14 00:18:35.333 E/OpenGLRenderer( 1629): GL error:  GL_INVALID_OPERATION
12-14 00:18:35.336 I/ActivityManager( 1629): Force stopping com.evancharlton.mileage appid=10216 user=0: start instr
12-14 00:18:35.336 I/ActivityManager( 1629): Killing 4387:com.evancharlton.mileage/u0a216 (adj 0): stop com.evancharlton.mileage
12-14 00:18:35.337 W/ActivityManager( 1629): Crash of app com.evancharlton.mileage running instrumentation ComponentInfo{com.evancharlton.mileage.test/sh.calaba.instrumentationbackend.CalabashInstrumentationTestRunner}
12-14 00:18:35.337 I/ActivityManager( 1629): Force stopping com.evancharlton.mileage appid=10216 user=0: finished inst
12-14 00:18:35.353 I/chatty  ( 1629): uid=1000(system) RenderThread identical 42 lines
12-14 00:18:35.353 E/OpenGLRenderer( 1629): GL error:  GL_INVALID_OPERATION
12-14 00:18:35.353 I/zygote  ( 4499): Not late-enabling -Xcheck:jni (already on)
12-14 00:18:35.353 E/OpenGLRenderer( 1629): GL error:  GL_INVALID_OPERATION
12-14 00:18:35.357 I/ActivityManager( 1629): Start proc 4499:com.evancharlton.mileage/u0a216 for added application com.evancharlton.mileage
12-14 00:18:35.358 I/chatty  ( 1629): uid=1000(system) RenderThread identical 16 lines
12-14 00:18:35.358 E/OpenGLRenderer( 1629): GL error:  GL_INVALID_OPERATION
12-14 00:18:35.360 D/AndroidRuntime( 4485): Shutting down VM
12-14 00:18:35.361 E/OpenGLRenderer( 1629): GL error:  GL_INVALID_OPERATION
12-14 00:18:35.387 W/ActivityManager( 1629): setHasOverlayUi called on unknown pid: 4387
12-14 00:18:35.388 I/chatty  ( 1629): uid=1000(system) RenderThread identical 87 lines
12-14 00:18:35.389 E/OpenGLRenderer( 1629): GL error:  GL_INVALID_OPERATION
12-14 00:18:35.389 W/zygote  ( 4499): Unexpected CPU variant for X86 using defaults: x86
12-14 00:18:35.389 E/OpenGLRenderer( 1629): GL error:  GL_INVALID_OPERATION
12-14 00:18:35.408 I/chatty  ( 1629): uid=1000(system) RenderThread identical 46 lines
12-14 00:18:35.409 E/adbd    ( 1385): failed to connect to socket 'tcp:7102': Connection refused
12-14 00:18:35.409 E/OpenGLRenderer( 1629): GL error:  GL_INVALID_OPERATION
12-14 00:18:35.410 E/OpenGLRenderer( 1629): GL error:  GL_INVALID_OPERATION
12-14 00:18:35.423 I/chatty  ( 1629): uid=1000(system) RenderThread identical 56 lines
12-14 00:18:35.423 E/OpenGLRenderer( 1629): GL error:  GL_INVALID_OPERATION
12-14 00:18:35.424 E/adbd    ( 1385): failed to connect to socket 'tcp:7102': Connection refused
12-14 00:18:35.424 E/OpenGLRenderer( 1629): GL error:  GL_INVALID_OPERATION
12-14 00:18:35.433 I/chatty  ( 1629): uid=1000(system) RenderThread identical 15 lines
12-14 00:18:35.433 E/OpenGLRenderer( 1629): GL error:  GL_INVALID_OPERATION
12-14 00:18:35.434 W/zygote  ( 4499): Found duplicate classes, falling back to extracting from APK : /data/app/com.evancharlton.mileage.test-_WujPm-ViA6lnTEwa45rSw==/base.apk
12-14 00:18:35.434 W/zygote  ( 4499): NOTE: This wastes RAM and hurts startup performance.
12-14 00:18:35.434 E/OpenGLRenderer( 1629): GL error:  GL_INVALID_OPERATION
12-14 00:18:35.434 W/zygote  ( 4499): Found duplicated class when checking oat files: 'Ljunit/runner/BaseTestRunner;' in /data/app/com.evancharlton.mileage.test-_WujPm-ViA6lnTEwa45rSw==/base.apk and /system/framework/android.test.runner.jar
12-14 00:18:35.434 W/zygote  ( 4499): 
12-14 00:18:35.434 E/OpenGLRenderer( 1629): GL error:  GL_INVALID_OPERATION
12-14 00:18:35.473 I/chatty  ( 1629): uid=1000(system) RenderThread identical 269 lines
12-14 00:18:35.473 E/OpenGLRenderer( 1629): GL error:  GL_INVALID_OPERATION
12-14 00:18:35.473 W/System  ( 4499): ClassLoader referenced unknown path: 
12-14 00:18:35.473 E/OpenGLRenderer( 1629): GL error:  GL_INVALID_OPERATION
12-14 00:18:35.490 I/chatty  ( 1629): uid=1000(system) RenderThread identical 91 lines
12-14 00:18:35.490 E/OpenGLRenderer( 1629): GL error:  GL_INVALID_OPERATION
12-14 00:18:35.490 I/System.out( 4499): Main activity name automatically set to: com.evancharlton.mileage.Mileage
12-14 00:18:35.490 E/OpenGLRenderer( 1629): GL error:  GL_INVALID_OPERATION
12-14 00:18:35.491 I/chatty  ( 1629): uid=1000(system) RenderThread identical 4 lines
12-14 00:18:35.491 E/OpenGLRenderer( 1629): GL error:  GL_INVALID_OPERATION
12-14 00:18:35.491 I/System.out( 4499): Calabash did not load Mono. This is only a problem if you are trying to test a Mono application
12-14 00:18:35.491 E/OpenGLRenderer( 1629): GL error:  GL_INVALID_OPERATION
12-14 00:18:35.491 I/chatty  ( 1629): uid=1000(system) RenderThread identical 1 line
12-14 00:18:35.491 E/OpenGLRenderer( 1629): GL error:  GL_INVALID_OPERATION
12-14 00:18:35.491 I/calabash( 4499): Test server port: 7102
12-14 00:18:35.491 E/OpenGLRenderer( 1629): GL error:  GL_INVALID_OPERATION
12-14 00:18:35.496 I/chatty  ( 1629): uid=1000(system) RenderThread identical 27 lines
12-14 00:18:35.496 E/OpenGLRenderer( 1629): GL error:  GL_INVALID_OPERATION
12-14 00:18:35.496 I/InstrumentationBackend( 4499): Added:'GetPreferences', with key:'get_preferences'
12-14 00:18:35.496 E/OpenGLRenderer( 1629): GL error:  GL_INVALID_OPERATION
12-14 00:18:35.533 I/chatty  ( 1629): uid=1000(system) RenderThread identical 297 lines
12-14 00:18:35.533 E/OpenGLRenderer( 1629): GL error:  GL_INVALID_OPERATION
12-14 00:18:35.533 E/adbd    ( 1385): failed to connect to socket 'tcp:7102': Connection refused
12-14 00:18:35.533 E/OpenGLRenderer( 1629): GL error:  GL_INVALID_OPERATION
12-14 00:18:35.545 I/chatty  ( 1629): uid=1000(system) RenderThread identical 77 lines
12-14 00:18:35.545 E/OpenGLRenderer( 1629): GL error:  GL_INVALID_OPERATION
12-14 00:18:35.545 E/adbd    ( 1385): failed to connect to socket 'tcp:7102': Connection refused
12-14 00:18:35.545 E/OpenGLRenderer( 1629): GL error:  GL_INVALID_OPERATION
12-14 00:18:35.602 I/chatty  ( 1629): uid=1000(system) RenderThread identical 412 lines
12-14 00:18:35.602 E/OpenGLRenderer( 1629): GL error:  GL_INVALID_OPERATION
12-14 00:18:35.602 I/InstrumentationBackend( 4499): Added:'SetPreferences', with key:'set_preferences'
12-14 00:18:35.602 E/OpenGLRenderer( 1629): GL error:  GL_INVALID_OPERATION
12-14 00:18:35.602 E/OpenGLRenderer( 1629): GL error:  GL_INVALID_OPERATION
12-14 00:18:35.602 I/InstrumentationBackend( 4499): Added:'ClearPreferences', with key:'clear_preferences'
12-14 00:18:35.602 E/OpenGLRenderer( 1629): GL error:  GL_INVALID_OPERATION
12-14 00:18:35.602 I/chatty  ( 1629): uid=1000(system) RenderThread identical 2 lines
12-14 00:18:35.603 E/OpenGLRenderer( 1629): GL error:  GL_INVALID_OPERATION
12-14 00:18:35.603 I/InstrumentationBackend( 4499): Added:'PressElement', with key:'press_l10n_element'
12-14 00:18:35.603 E/OpenGLRenderer( 1629): GL error:  GL_INVALID_OPERATION
12-14 00:18:35.603 E/OpenGLRenderer( 1629): GL error:  GL_INVALID_OPERATION
12-14 00:18:35.603 I/InstrumentationBackend( 4499): Added:'WaitForElement', with key:'wait_for_l10n_element'
12-14 00:18:35.603 E/OpenGLRenderer( 1629): GL error:  GL_INVALID_OPERATION
12-14 00:18:35.604 I/chatty  ( 1629): uid=1000(system) RenderThread identical 8 lines
12-14 00:18:35.604 E/OpenGLRenderer( 1629): GL error:  GL_INVALID_OPERATION
12-14 00:18:35.604 I/InstrumentationBackend( 4499): Added:'NullAction', with key:'nullAction'
12-14 00:18:35.604 E/OpenGLRenderer( 1629): GL error:  GL_INVALID_OPERATION
12-14 00:18:35.605 I/chatty  ( 1629): uid=1000(system) RenderThread identical 3 lines
12-14 00:18:35.605 E/OpenGLRenderer( 1629): GL error:  GL_INVALID_OPERATION
12-14 00:18:35.605 I/InstrumentationBackend( 4499): Added:'PressKey', with key:'press_key'
12-14 00:18:35.605 E/OpenGLRenderer( 1629): GL error:  GL_INVALID_OPERATION
12-14 00:18:35.605 I/chatty  ( 1629): uid=1000(system) RenderThread identical 2 lines
12-14 00:18:35.605 E/OpenGLRenderer( 1629): GL error:  GL_INVALID_OPERATION
12-14 00:18:35.605 I/InstrumentationBackend( 4499): Added:'SetActivityOrientation', with key:'set_activity_orientation'
12-14 00:18:35.605 E/OpenGLRenderer( 1629): GL error:  GL_INVALID_OPERATION
12-14 00:18:35.605 I/chatty  ( 1629): uid=1000(system) RenderThread identical 1 line
12-14 00:18:35.605 E/OpenGLRenderer( 1629): GL error:  GL_INVALID_OPERATION
12-14 00:18:35.605 I/InstrumentationBackend( 4499): Added:'GetActivityOrientation', with key:'get_activity_orientation'
12-14 00:18:35.606 E/OpenGLRenderer( 1629): GL error:  GL_INVALID_OPERATION
12-14 00:18:35.606 I/chatty  ( 1629): uid=1000(system) RenderThread identical 1 line
12-14 00:18:35.606 E/OpenGLRenderer( 1629): GL error:  GL_INVALID_OPERATION
12-14 00:18:35.606 I/InstrumentationBackend( 4499): Added:'FakeGPSLocation', with key:'set_gps_coordinates'
12-14 00:18:35.606 E/OpenGLRenderer( 1629): GL error:  GL_INVALID_OPERATION
12-14 00:18:35.606 I/chatty  ( 1629): uid=1000(system) RenderThread identical 2 lines
12-14 00:18:35.606 E/OpenGLRenderer( 1629): GL error:  GL_INVALID_OPERATION
12-14 00:18:35.606 I/InstrumentationBackend( 4499): Added:'SetPropertyByCssSelector', with key:'set_property_by_css_selector'
12-14 00:18:35.606 E/OpenGLRenderer( 1629): GL error:  GL_INVALID_OPERATION
12-14 00:18:35.608 I/chatty  ( 1629): uid=1000(system) RenderThread identical 14 lines
12-14 00:18:35.608 E/OpenGLRenderer( 1629): GL error:  GL_INVALID_OPERATION
12-14 00:18:35.608 I/InstrumentationBackend( 4499): Added:'GetUrl', with key:'get_url'
12-14 00:18:35.608 E/OpenGLRenderer( 1629): GL error:  GL_INVALID_OPERATION
12-14 00:18:35.611 I/chatty  ( 1629): uid=1000(system) RenderThread identical 23 lines
12-14 00:18:35.611 E/OpenGLRenderer( 1629): GL error:  GL_INVALID_OPERATION
12-14 00:18:35.611 I/InstrumentationBackend( 4499): Added:'ScrollTo', with key:'scroll_to'
12-14 00:18:35.611 E/OpenGLRenderer( 1629): GL error:  GL_INVALID_OPERATION
12-14 00:18:35.612 I/chatty  ( 1629): uid=1000(system) RenderThread identical 1 line
12-14 00:18:35.612 E/OpenGLRenderer( 1629): GL error:  GL_INVALID_OPERATION
12-14 00:18:35.612 I/InstrumentationBackend( 4499): Added:'GetLoadProgress', with key:'get_load_progress'
12-14 00:18:35.612 E/OpenGLRenderer( 1629): GL error:  GL_INVALID_OPERATION
12-14 00:18:35.612 I/chatty  ( 1629): uid=1000(system) RenderThread identical 4 lines
12-14 00:18:35.612 E/OpenGLRenderer( 1629): GL error:  GL_INVALID_OPERATION
12-14 00:18:35.612 I/InstrumentationBackend( 4499): Added:'DumpHtml', with key:'dump_html'
12-14 00:18:35.612 E/OpenGLRenderer( 1629): GL error:  GL_INVALID_OPERATION
12-14 00:18:35.613 I/chatty  ( 1629): uid=1000(system) RenderThread identical 1 line
12-14 00:18:35.613 E/OpenGLRenderer( 1629): GL error:  GL_INVALID_OPERATION
12-14 00:18:35.613 I/InstrumentationBackend( 4499): Added:'DumpBodyHtml', with key:'dump_body_html'
12-14 00:18:35.613 E/OpenGLRenderer( 1629): GL error:  GL_INVALID_OPERATION
12-14 00:18:35.613 I/chatty  ( 1629): uid=1000(system) RenderThread identical 1 line
12-14 00:18:35.613 E/OpenGLRenderer( 1629): GL error:  GL_INVALID_OPERATION
12-14 00:18:35.613 I/InstrumentationBackend( 4499): Added:'EnterTextByCssSelector', with key:'enter_text_by_selector'
12-14 00:18:35.613 E/OpenGLRenderer( 1629): GL error:  GL_INVALID_OPERATION
12-14 00:18:35.619 I/chatty  ( 1629): uid=1000(system) RenderThread identical 56 lines
12-14 00:18:35.619 E/OpenGLRenderer( 1629): GL error:  GL_INVALID_OPERATION
12-14 00:18:35.619 I/InstrumentationBackend( 4499): Added:'AndroidSDKVersion', with key:'android_sdk_version'
12-14 00:18:35.619 E/OpenGLRenderer( 1629): GL error:  GL_INVALID_OPERATION
12-14 00:18:35.619 I/chatty  ( 1629): uid=1000(system) RenderThread identical 1 line
12-14 00:18:35.619 E/OpenGLRenderer( 1629): GL error:  GL_INVALID_OPERATION
12-14 00:18:35.619 I/InstrumentationBackend( 4499): Added:'Version', with key:'version'
12-14 00:18:35.619 E/OpenGLRenderer( 1629): GL error:  GL_INVALID_OPERATION
12-14 00:18:35.620 E/OpenGLRenderer( 1629): GL error:  GL_INVALID_OPERATION
12-14 00:18:35.620 I/InstrumentationBackend( 4499): Added:'Drag', with key:'drag'
12-14 00:18:35.620 E/OpenGLRenderer( 1629): GL error:  GL_INVALID_OPERATION
12-14 00:18:35.620 I/chatty  ( 1629): uid=1000(system) RenderThread identical 2 lines
12-14 00:18:35.620 E/OpenGLRenderer( 1629): GL error:  GL_INVALID_OPERATION
12-14 00:18:35.620 I/InstrumentationBackend( 4499): Added:'TouchCoordinates', with key:'touch_coordinate'
12-14 00:18:35.620 E/OpenGLRenderer( 1629): GL error:  GL_INVALID_OPERATION
12-14 00:18:35.620 I/chatty  ( 1629): uid=1000(system) RenderThread identical 1 line
12-14 00:18:35.620 E/OpenGLRenderer( 1629): GL error:  GL_INVALID_OPERATION
12-14 00:18:35.620 I/InstrumentationBackend( 4499): Added:'LongPressCoordinate', with key:'long_press_coordinate'
12-14 00:18:35.620 E/OpenGLRenderer( 1629): GL error:  GL_INVALID_OPERATION
12-14 00:18:35.620 I/chatty  ( 1629): uid=1000(system) RenderThread identical 2 lines
12-14 00:18:35.621 E/OpenGLRenderer( 1629): GL error:  GL_INVALID_OPERATION
12-14 00:18:35.621 I/InstrumentationBackend( 4499): Added:'DragCoordinates', with key:'drag_coordinates'
12-14 00:18:35.621 E/OpenGLRenderer( 1629): GL error:  GL_INVALID_OPERATION
12-14 00:18:35.621 I/chatty  ( 1629): uid=1000(system) RenderThread identical 2 lines
12-14 00:18:35.621 E/OpenGLRenderer( 1629): GL error:  GL_INVALID_OPERATION
12-14 00:18:35.621 I/InstrumentationBackend( 4499): Added:'ResumeApplication', with key:'resume_application'
12-14 00:18:35.621 E/OpenGLRenderer( 1629): GL error:  GL_INVALID_OPERATION
12-14 00:18:35.621 E/OpenGLRenderer( 1629): GL error:  GL_INVALID_OPERATION
12-14 00:18:35.621 I/InstrumentationBackend( 4499): Added:'Swipe', with key:'swipe'
12-14 00:18:35.621 E/OpenGLRenderer( 1629): GL error:  GL_INVALID_OPERATION
12-14 00:18:35.621 I/chatty  ( 1629): uid=1000(system) RenderThread identical 2 lines
12-14 00:18:35.622 E/OpenGLRenderer( 1629): GL error:  GL_INVALID_OPERATION
12-14 00:18:35.622 I/InstrumentationBackend( 4499): Added:'DoubleTapCoordinate', with key:'double_tap_coordinate'
12-14 00:18:35.622 E/OpenGLRenderer( 1629): GL error:  GL_INVALID_OPERATION
12-14 00:18:35.622 E/OpenGLRenderer( 1629): GL error:  GL_INVALID_OPERATION
12-14 00:18:35.622 I/InstrumentationBackend( 4499): Added:'ClickOnScreen', with key:'click_on_screen'
12-14 00:18:35.622 E/OpenGLRenderer( 1629): GL error:  GL_INVALID_OPERATION
12-14 00:18:35.622 I/chatty  ( 1629): uid=1000(system) RenderThread identical 6 lines
12-14 00:18:35.623 E/OpenGLRenderer( 1629): GL error:  GL_INVALID_OPERATION
12-14 00:18:35.623 I/InstrumentationBackend( 4499): Added:'GetActivityName', with key:'get_activity_name'
12-14 00:18:35.623 E/OpenGLRenderer( 1629): GL error:  GL_INVALID_OPERATION
12-14 00:18:35.623 I/chatty  ( 1629): uid=1000(system) RenderThread identical 3 lines
12-14 00:18:35.623 E/OpenGLRenderer( 1629): GL error:  GL_INVALID_OPERATION
12-14 00:18:35.623 I/InstrumentationBackend( 4499): Added:'ScrollToView', with key:'scroll_to_view'
12-14 00:18:35.623 E/OpenGLRenderer( 1629): GL error:  GL_INVALID_OPERATION
12-14 00:18:35.627 I/chatty  ( 1629): uid=1000(system) RenderThread identical 21 lines
12-14 00:18:35.627 E/OpenGLRenderer( 1629): GL error:  GL_INVALID_OPERATION
12-14 00:18:35.627 I/InstrumentationBackend( 4499): Added:'ViewConfiguration', with key:'view_configuration'
12-14 00:18:35.627 E/OpenGLRenderer( 1629): GL error:  GL_INVALID_OPERATION
12-14 00:18:35.627 I/chatty  ( 1629): uid=1000(system) RenderThread identical 1 line
12-14 00:18:35.627 E/OpenGLRenderer( 1629): GL error:  GL_INVALID_OPERATION
12-14 00:18:35.627 I/InstrumentationBackend( 4499): Added:'IsCurrentActivityFocused', with key:'is_current_activity_focused'
12-14 00:18:35.627 E/OpenGLRenderer( 1629): GL error:  GL_INVALID_OPERATION
12-14 00:18:35.628 I/chatty  ( 1629): uid=1000(system) RenderThread identical 2 lines
12-14 00:18:35.628 E/OpenGLRenderer( 1629): GL error:  GL_INVALID_OPERATION
12-14 00:18:35.628 I/InstrumentationBackend( 4499): Added:'SendTcp', with key:'send_tcp'
12-14 00:18:35.628 E/OpenGLRenderer( 1629): GL error:  GL_INVALID_OPERATION
12-14 00:18:35.628 E/OpenGLRenderer( 1629): GL error:  GL_INVALID_OPERATION
12-14 00:18:35.628 I/InstrumentationBackend( 4499): Added:'DpToDevicePixel', with key:'dp_to_device_pixel'
12-14 00:18:35.628 E/OpenGLRenderer( 1629): GL error:  GL_INVALID_OPERATION
12-14 00:18:35.629 I/chatty  ( 1629): uid=1000(system) RenderThread identical 10 lines
12-14 00:18:35.629 E/OpenGLRenderer( 1629): GL error:  GL_INVALID_OPERATION
12-14 00:18:35.629 I/InstrumentationBackend( 4499): Added:'KeyboardEnterText', with key:'keyboard_enter_text'
12-14 00:18:35.629 E/OpenGLRenderer( 1629): GL error:  GL_INVALID_OPERATION
12-14 00:18:35.629 I/chatty  ( 1629): uid=1000(system) RenderThread identical 1 line
12-14 00:18:35.629 E/OpenGLRenderer( 1629): GL error:  GL_INVALID_OPERATION
12-14 00:18:35.629 I/InstrumentationBackend( 4499): Added:'DeleteSurroundingText', with key:'delete_surrounding_text'
12-14 00:18:35.629 E/OpenGLRenderer( 1629): GL error:  GL_INVALID_OPERATION
12-14 00:18:35.630 I/chatty  ( 1629): uid=1000(system) RenderThread identical 2 lines
12-14 00:18:35.630 E/OpenGLRenderer( 1629): GL error:  GL_INVALID_OPERATION
12-14 00:18:35.630 I/InstrumentationBackend( 4499): Added:'SetComposingRegion', with key:'set_composing_region'
12-14 00:18:35.630 E/OpenGLRenderer( 1629): GL error:  GL_INVALID_OPERATION
12-14 00:18:35.630 I/chatty  ( 1629): uid=1000(system) RenderThread identical 2 lines
12-14 00:18:35.630 E/OpenGLRenderer( 1629): GL error:  GL_INVALID_OPERATION
12-14 00:18:35.630 I/InstrumentationBackend( 4499): Added:'SetSelection', with key:'set_selection'
12-14 00:18:35.630 E/OpenGLRenderer( 1629): GL error:  GL_INVALID_OPERATION
12-14 00:18:35.630 E/OpenGLRenderer( 1629): GL error:  GL_INVALID_OPERATION
12-14 00:18:35.630 I/InstrumentationBackend( 4499): Added:'KeyboardKeyEvent', with key:'keyboard_key_event'
12-14 00:18:35.630 E/OpenGLRenderer( 1629): GL error:  GL_INVALID_OPERATION
12-14 00:18:35.631 I/chatty  ( 1629): uid=1000(system) RenderThread identical 6 lines
12-14 00:18:35.631 E/OpenGLRenderer( 1629): GL error:  GL_INVALID_OPERATION
12-14 00:18:35.631 I/InstrumentationBackend( 4499): Added:'PressUserActionButton', with key:'press_user_action_button'
12-14 00:18:35.631 E/OpenGLRenderer( 1629): GL error:  GL_INVALID_OPERATION
12-14 00:18:35.632 I/chatty  ( 1629): uid=1000(system) RenderThread identical 8 lines
12-14 00:18:35.632 E/OpenGLRenderer( 1629): GL error:  GL_INVALID_OPERATION
12-14 00:18:35.632 I/InstrumentationBackend( 4499): Added:'HideSoftKeyboard', with key:'hide_soft_keyboard'
12-14 00:18:35.632 E/OpenGLRenderer( 1629): GL error:  GL_INVALID_OPERATION
12-14 00:18:35.636 I/chatty  ( 1629): uid=1000(system) RenderThread identical 34 lines
12-14 00:18:35.636 E/OpenGLRenderer( 1629): GL error:  GL_INVALID_OPERATION
12-14 00:18:35.636 I/InstrumentationBackend( 4499): Added:'ListActions', with key:'list_actions'
12-14 00:18:35.636 E/OpenGLRenderer( 1629): GL error:  GL_INVALID_OPERATION
12-14 00:18:35.637 I/calabash( 4499): Instantiating http server at 7102
12-14 00:18:35.637 E/OpenGLRenderer( 1629): GL error:  GL_INVALID_OPERATION
12-14 00:18:35.637 I/chatty  ( 1629): uid=1000(system) RenderThread identical 5 lines
12-14 00:18:35.637 E/OpenGLRenderer( 1629): GL error:  GL_INVALID_OPERATION
12-14 00:18:35.637 I/System.out( 4499): HTTP Daemon listening on: 7102
12-14 00:18:35.637 E/OpenGLRenderer( 1629): GL error:  GL_INVALID_OPERATION
12-14 00:18:35.674 I/chatty  ( 1629): uid=1000(system) RenderThread identical 272 lines
12-14 00:18:35.674 E/OpenGLRenderer( 1629): GL error:  GL_INVALID_OPERATION
12-14 00:18:35.674 I/System.out( 4499): URI: //ping
12-14 00:18:35.675 E/OpenGLRenderer( 1629): GL error:  GL_INVALID_OPERATION
12-14 00:18:35.675 E/OpenGLRenderer( 1629): GL error:  GL_INVALID_OPERATION
12-14 00:18:35.675 I/System.out( 4499): params: {json={}
12-14 00:18:35.675 I/System.out( 4499): }
12-14 00:18:35.675 E/OpenGLRenderer( 1629): GL error:  GL_INVALID_OPERATION
12-14 00:18:35.685 I/chatty  ( 1629): uid=1000(system) RenderThread identical 38 lines
12-14 00:18:35.685 E/OpenGLRenderer( 1629): GL error:  GL_INVALID_OPERATION
12-14 00:18:35.685 I/System.out( 4499): URI: //ping
12-14 00:18:35.685 E/OpenGLRenderer( 1629): GL error:  GL_INVALID_OPERATION
12-14 00:18:35.685 I/System.out( 4499): params: {json={}
12-14 00:18:35.685 I/System.out( 4499): }
12-14 00:18:35.685 E/OpenGLRenderer( 1629): GL error:  GL_INVALID_OPERATION
12-14 00:18:35.694 I/chatty  ( 1629): uid=1000(system) RenderThread identical 31 lines
12-14 00:18:35.694 E/OpenGLRenderer( 1629): GL error:  GL_INVALID_OPERATION
12-14 00:18:35.694 I/System.out( 4499): URI: //ready
12-14 00:18:35.694 I/System.out( 4499): params: {json={}
12-14 00:18:35.694 I/System.out( 4499): }
12-14 00:18:35.694 E/OpenGLRenderer( 1629): GL error:  GL_INVALID_OPERATION
12-14 00:18:35.701 I/chatty  ( 1629): uid=1000(system) RenderThread identical 27 lines
12-14 00:18:35.701 E/OpenGLRenderer( 1629): GL error:  GL_INVALID_OPERATION
12-14 00:18:35.702 I/System.out( 4499): URI: //
12-14 00:18:35.702 I/System.out( 4499): params: {json={"command":"version","arguments":[]}
12-14 00:18:35.702 I/System.out( 4499): }
12-14 00:18:35.703 I/System.out( 4499): header: {content-type=application/json;charset=utf-8, date=Mon, 14 Dec 2020 05:18:35 GMT, accept=*/*, host=127.0.0.1:34777, content-length=36, user-agent=HTTPClient/1.0 (2.8.3, ruby 2.5.8 (2020-03-31))}
12-14 00:18:35.703 I/System.out( 4499): params: {json={"command":"version","arguments":[]}
12-14 00:18:35.703 I/System.out( 4499): }
12-14 00:18:35.704 I/System.out( 4499): ProP json = {"command":"version","arguments":[]}
12-14 00:18:35.704 E/OpenGLRenderer( 1629): GL error:  GL_INVALID_OPERATION
12-14 00:18:35.704 I/System.out( 4499): files: {}
12-14 00:18:35.704 I/System.out( 4499): command: {"command":"version","arguments":[]}
12-14 00:18:35.704 E/OpenGLRenderer( 1629): GL error:  GL_INVALID_OPERATION
12-14 00:18:35.762 I/chatty  ( 1629): uid=1000(system) RenderThread identical 442 lines
12-14 00:18:35.762 E/OpenGLRenderer( 1629): GL error:  GL_INVALID_OPERATION
12-14 00:18:35.763 I/InstrumentationBackend( 4499): Got command:'Command:'Line:null,version', arguments:'[]'
12-14 00:18:35.763 E/OpenGLRenderer( 1629): GL error:  GL_INVALID_OPERATION
12-14 00:18:35.810 I/chatty  ( 1629): uid=1000(system) RenderThread identical 390 lines
12-14 00:18:35.810 I/System.out( 4499): result:{"bonusInformation":[],"message":"0.9.8","success":true}
12-14 00:18:35.810 E/OpenGLRenderer( 1629): GL error:  GL_INVALID_OPERATION
12-14 00:18:35.810 E/OpenGLRenderer( 1629): GL error:  GL_INVALID_OPERATION
12-14 00:18:35.828 I/chatty  ( 1629): uid=1000(system) RenderThread identical 123 lines
12-14 00:18:35.828 E/OpenGLRenderer( 1629): GL error:  GL_INVALID_OPERATION
12-14 00:18:35.829 I/System.out( 4499): URI: //start-application
12-14 00:18:35.829 E/OpenGLRenderer( 1629): GL error:  GL_INVALID_OPERATION
12-14 00:18:35.829 I/System.out( 4499): params: {json={"intent":null}
12-14 00:18:35.829 I/System.out( 4499): }
12-14 00:18:35.829 E/OpenGLRenderer( 1629): GL error:  GL_INVALID_OPERATION
12-14 00:18:35.896 I/ActivityManager( 1629): START u0 {act=android.intent.action.MAIN cat=[android.intent.category.LAUNCHER] flg=0x10200000 cmp=com.evancharlton.mileage/.Mileage} from uid 10216
12-14 00:18:35.915 I/chatty  ( 1629): uid=1000(system) RenderThread identical 532 lines
12-14 00:18:35.918 E/OpenGLRenderer( 1629): GL error:  GL_INVALID_OPERATION
12-14 00:18:35.921 I/calabash( 4499): newActivity1
12-14 00:18:35.922 E/OpenGLRenderer( 1629): GL error:  GL_INVALID_OPERATION
12-14 00:18:35.939 I/chatty  ( 1629): uid=1000(system) RenderThread identical 33 lines
12-14 00:18:35.939 E/OpenGLRenderer( 1629): GL error:  GL_INVALID_OPERATION
12-14 00:18:35.939 D/gralloc_ranchu( 1397): gralloc_alloc: Creating ashmem region of size 7753728
12-14 00:18:35.939 E/OpenGLRenderer( 1629): GL error:  GL_INVALID_OPERATION
12-14 00:18:35.973 W/ActivityManager( 1629): Bad activity token: android.os.BinderProxy@1a9e8c
12-14 00:18:35.973 W/ActivityManager( 1629): java.lang.ClassCastException: android.os.BinderProxy cannot be cast to com.android.server.am.ActivityRecord$Token
12-14 00:18:35.973 W/ActivityManager( 1629): 	at com.android.server.am.ActivityRecord.forTokenLocked(ActivityRecord.java:778)
12-14 00:18:35.973 W/ActivityManager( 1629): 	at com.android.server.am.ActivityRecord.isInStackLocked(ActivityRecord.java:2085)
12-14 00:18:35.973 W/ActivityManager( 1629): 	at com.android.server.am.ActivityRecord.getStackLocked(ActivityRecord.java:2090)
12-14 00:18:35.973 W/ActivityManager( 1629): 	at com.android.server.am.ActivityManagerService.getActivityDisplayId(ActivityManagerService.java:10406)
12-14 00:18:35.973 W/ActivityManager( 1629): 	at android.app.IActivityManager$Stub.onTransact(IActivityManager.java:2738)
12-14 00:18:35.973 W/ActivityManager( 1629): 	at com.android.server.am.ActivityManagerService.onTransact(ActivityManagerService.java:2935)
12-14 00:18:35.973 W/ActivityManager( 1629): 	at android.os.Binder.execTransact(Binder.java:674)
12-14 00:18:35.973 I/chatty  ( 1629): uid=1000(system) RenderThread identical 66 lines
12-14 00:18:35.974 E/OpenGLRenderer( 1629): GL error:  GL_INVALID_OPERATION
12-14 00:18:35.975 I/calabash( 4499): newActivity1
12-14 00:18:35.976 E/OpenGLRenderer( 1629): GL error:  GL_INVALID_OPERATION
12-14 00:18:35.988 I/chatty  ( 1629): uid=1000(system) RenderThread identical 22 lines
12-14 00:18:35.989 E/OpenGLRenderer( 1629): GL error:  GL_INVALID_OPERATION
12-14 00:18:35.989 E/OpenGLRenderer( 1629): GL error:  GL_INVALID_OPERATION
12-14 00:18:35.989 D/EGL_emulation( 2215): eglMakeCurrent: 0xa31fd7a0: ver 3 0 (tinfo 0xa31ff760)
12-14 00:18:35.990 D/EGL_emulation( 2182): eglMakeCurrent: 0xa58859c0: ver 3 0 (tinfo 0xa5883740)
12-14 00:18:35.991 E/OpenGLRenderer( 1629): GL error:  GL_INVALID_OPERATION
12-14 00:18:36.006 W/ActivityManager( 1629): Bad activity token: android.os.BinderProxy@1a9e8c
12-14 00:18:36.006 W/ActivityManager( 1629): java.lang.ClassCastException: android.os.BinderProxy cannot be cast to com.android.server.am.ActivityRecord$Token
