12-14 04:04:08.034 W/ActivityManager( 1628): Bad activity token: android.os.BinderProxy@fdd67d8
12-14 04:04:08.034 W/ActivityManager( 1628): java.lang.ClassCastException: android.os.BinderProxy cannot be cast to com.android.server.am.ActivityRecord$Token
12-14 04:04:08.034 W/ActivityManager( 1628): 	at com.android.server.am.ActivityRecord.forTokenLocked(ActivityRecord.java:778)
12-14 04:04:08.034 W/ActivityManager( 1628): 	at com.android.server.am.ActivityRecord.isInStackLocked(ActivityRecord.java:2085)
12-14 04:04:08.034 W/ActivityManager( 1628): 	at com.android.server.am.ActivityManagerService.getActivityOptions(ActivityManagerService.java:13302)
12-14 04:04:08.034 W/ActivityManager( 1628): 	at android.app.IActivityManager$Stub.onTransact(IActivityManager.java:2910)
12-14 04:04:08.034 W/ActivityManager( 1628): 	at com.android.server.am.ActivityManagerService.onTransact(ActivityManagerService.java:2935)
12-14 04:04:08.034 W/ActivityManager( 1628): 	at android.os.Binder.execTransact(Binder.java:674)
12-14 04:04:08.057 I/chatty  ( 1725): uid=10028(u0_a28) RenderThread identical 8 lines
12-14 04:04:08.070 D/EGL_emulation( 1725): eglMakeCurrent: 0x94c5f340: ver 3 0 (tinfo 0x94c2bc70)
12-14 04:04:08.115 V/StatusBar( 1725): setLightsOn(true)
12-14 04:04:08.156 I/zygote  ( 3951): Do partial code cache collection, code=42KB, data=57KB
12-14 04:04:08.156 I/zygote  ( 3951): After code cache collection, code=42KB, data=57KB
12-14 04:04:08.156 I/zygote  ( 3951): Increasing code cache capacity to 256KB
12-14 04:04:08.157 I/zygote  ( 3951): JIT allocated 71KB for compiled code of void android.widget.TextView.<init>(android.content.Context, android.util.AttributeSet, int, int)
12-14 04:04:08.157 I/zygote  ( 3951): Compiler allocated 4MB to compile void android.widget.TextView.<init>(android.content.Context, android.util.AttributeSet, int, int)
12-14 04:04:08.166 V/StatusBar( 1725): setLightsOn(true)
12-14 04:04:08.174 I/chatty  ( 1725): uid=10028(u0_a28) com.android.systemui identical 1 line
12-14 04:04:08.175 V/StatusBar( 1725): setLightsOn(true)
12-14 04:04:08.204 D/gralloc_ranchu( 1396): gralloc_alloc: Creating ashmem region of size 7753728
12-14 04:04:08.207 I/zygote  ( 3951): Do full code cache collection, code=123KB, data=69KB
12-14 04:04:08.208 I/zygote  ( 3951): After code cache collection, code=91KB, data=38KB
12-14 04:04:08.232 D/        ( 3951): HostConnection::get() New Host Connection established 0xa5c2fec0, tid 3951
12-14 04:04:08.281 V/StatusBar( 1725): setLightsOn(true)
12-14 04:04:08.289 V/StatusBar( 1725): setLightsOn(true)
12-14 04:04:08.293 I/ActivityManager( 1628): Displayed com.evancharlton.mileage/.Mileage: +551ms
12-14 04:04:08.292 V/StatusBar( 1725): setLightsOn(true)
12-14 04:04:08.315 V/StatusBar( 1725): setLightsOn(true)
12-14 04:04:08.324 D/gralloc_ranchu( 1396): gralloc_alloc: Creating ashmem region of size 7753728
12-14 04:04:08.473 V/StatusBar( 1725): setLightsOn(true)
12-14 04:04:08.527 I/System.out( 3951): URI: //map
12-14 04:04:08.527 I/System.out( 3951): params: {json={"query":"android.widget.Button index:2","operation":{"method_name":"query","arguments":[]}}
12-14 04:04:08.527 I/System.out( 3951): }
12-14 04:04:08.582 V/StatusBar( 1725): setLightsOn(true)
12-14 04:04:08.585 I/chatty  ( 1725): uid=10028(u0_a28) com.android.systemui identical 1 line
12-14 04:04:08.597 V/StatusBar( 1725): setLightsOn(true)
12-14 04:04:08.612 W/SurfaceFlinger( 1405): couldn't log to binary event log: overflow.
12-14 04:04:08.612 W/SurfaceFlinger( 1405): couldn't log to binary event log: overflow.
12-14 04:04:08.678 I/System.out( 3951): URI: //gesture
12-14 04:04:08.678 I/System.out( 3951): params: {json={"query_timeout":5.0,"gestures":[{"query_string":"android.widget.Button index:2","touches":[{"x":50,"y":50,"offset_x":0,"offset_y":0,"wait":0.0,"time":0.2,"release":true,"query_string":null}]}]}
12-14 04:04:08.678 I/System.out( 3951): }
12-14 04:04:08.693 I/PBSessionCacheImpl( 2213): Deleted sessionId[12316865701867] from persistence.
12-14 04:04:08.718 W/SearchService( 2213): Abort, client detached.
12-14 04:04:08.721 E/WorkerRegistryImpl( 2213): getWorker() is called after WorkerRegistry disposal.
12-14 04:04:08.721 E/WorkerRegistryImpl( 2213): getWorker() is called after WorkerRegistry disposal.
12-14 04:04:08.921 I/zygote  ( 3951): Do partial code cache collection, code=122KB, data=60KB
12-14 04:04:08.921 I/zygote  ( 3951): After code cache collection, code=122KB, data=60KB
12-14 04:04:08.921 I/zygote  ( 3951): Increasing code cache capacity to 512KB
12-14 04:04:09.009 I/AudioTrack( 1628): AUDIO_OUTPUT_FLAG_FAST successful; frameCount 4512 -> 4512
12-14 04:04:09.080 D/BoundBrokerSvc( 1938): onUnbind: Intent { act=com.google.android.gms.auth.account.workaccount.START cmp=com.google.android.gms/.chimera.PersistentApiService }
12-14 04:04:09.095 V/StatusBar( 1725): setLightsOn(true)
12-14 04:04:09.096 I/chatty  ( 1725): uid=10028(u0_a28) com.android.systemui identical 1 line
12-14 04:04:09.107 V/StatusBar( 1725): setLightsOn(true)
12-14 04:04:09.121 W/View    ( 3951): dispatchProvideAutofillStructure(): not laid out, ignoring
12-14 04:04:09.129 W/Binder  ( 1628): Outgoing transactions from this process must be FLAG_ONEWAY
12-14 04:04:09.129 W/Binder  ( 1628): java.lang.Throwable
12-14 04:04:09.129 W/Binder  ( 1628): 	at android.os.BinderProxy.transact(Binder.java:736)
12-14 04:04:09.129 W/Binder  ( 1628): 	at android.app.assist.AssistStructure$ParcelTransferReader.fetchData(AssistStructure.java:407)
12-14 04:04:09.129 W/Binder  ( 1628): 	at android.app.assist.AssistStructure$ParcelTransferReader.go(AssistStructure.java:343)
12-14 04:04:09.129 W/Binder  ( 1628): 	at android.app.assist.AssistStructure.ensureData(AssistStructure.java:2096)
12-14 04:04:09.129 W/Binder  ( 1628): 	at com.android.server.autofill.Session$1.send(Session.java:200)
12-14 04:04:09.129 W/Binder  ( 1628): 	at com.android.server.am.ActivityManagerService.reportAssistContextExtras(ActivityManagerService.java:13137)
12-14 04:04:09.129 W/Binder  ( 1628): 	at android.app.IActivityManager$Stub.onTransact(IActivityManager.java:2466)
12-14 04:04:09.129 W/Binder  ( 1628): 	at com.android.server.am.ActivityManagerService.onTransact(ActivityManagerService.java:2935)
12-14 04:04:09.129 W/Binder  ( 1628): 	at android.os.Binder.execTransact(Binder.java:674)
12-14 04:04:09.136 I/AssistStructure( 3951): Flattened final assist data: 5024 bytes, containing 2 windows, 19 views
12-14 04:04:09.141 D/gralloc_ranchu( 1396): gralloc_alloc: Creating ashmem region of size 303104
12-14 04:04:09.642 W/audio_hw_generic( 1390): Not supplying enough data to HAL, expected position 23723 , only wrote 2880
12-14 04:04:09.642 W/audio_hw_generic( 1390): Not supplying enough data to HAL, expected position 2908 , only wrote 2880
12-14 04:04:09.643 W/audio_hw_generic( 1390): Hardware backing HAL too slow, could only write 0 of 720 frames
12-14 04:04:09.645 W/AudioFlinger( 1476): write blocked for 501 msecs, 1 delayed writes, thread 0xae103240
12-14 04:04:09.646 W/zygote  ( 1938): Verification of void lgq.a(android.service.autofill.SaveCallback) took 495.320ms
12-14 04:04:09.659 V/StatusBar( 1725): setLightsOn(true)
12-14 04:04:09.659 W/audio_hw_generic( 1390): Hardware backing HAL too slow, could only write 0 of 720 frames
12-14 04:04:09.665 D/BoundBrokerSvc( 2111): onUnbind: Intent { act=com.google.android.mdd.service.START cmp=com.google.android.gms/.chimera.GmsBoundBrokerService }
12-14 04:04:09.665 E/memtrack( 1628): Couldn't load memtrack module
12-14 04:04:09.665 W/android.os.Debug( 1628): failed to get memory consumption info: -1
12-14 04:04:09.668 V/StatusBar( 1725): setLightsOn(true)
12-14 04:04:09.674 D/AudioFlinger( 1476): mixer(0xae103240) throttle end: throttle time(12)
12-14 04:04:09.682 V/StatusBar( 1725): setLightsOn(true)
12-14 04:04:09.697 D/BoundBrokerSvc( 2111): onUnbind: Intent { act=com.google.android.gms.auth.cryptauth.cryptauthservice.START cmp=com.google.android.gms/.chimera.GmsBoundBrokerService }
12-14 04:04:09.699 D/BoundBrokerSvc( 1938): onUnbind: Intent { act=com.google.android.gms.auth.proximity.START cmp=com.google.android.gms/.chimera.PersistentBoundBrokerService }
12-14 04:04:09.759 D/gralloc_ranchu( 1396): gralloc_alloc: Creating ashmem region of size 7753728
12-14 04:04:09.766 I/AssistStructure( 1628): Flattened final assist data: 4496 bytes, containing 2 windows, 19 views
12-14 04:04:09.780 W/lgq     ( 1938): Pending fill request while another request in the same session was triggered. [CONTEXT service_id=177 ]
12-14 04:04:09.796 E/SurfaceFlinger( 1405): ro.sf.lcd_density must be defined as a build property
12-14 04:04:09.805 D/PermissionCache( 1405): checking android.permission.READ_FRAME_BUFFER for uid=2000 => granted (566 us)
12-14 04:04:09.852 D/gralloc_ranchu( 1396): gralloc_alloc: Creating ashmem region of size 8298496
12-14 04:04:09.867 D/        ( 3996): HostConnection::get() New Host Connection established 0xac22f800, tid 3996
12-14 04:04:09.909 I/zygote  ( 1938): Deoptimizing bpvb bpuz.i(bpva) due to JIT inline cache
12-14 04:04:09.944 V/StatusBar( 1725): setLightsOn(true)
