--------- beginning of main
12-14 04:04:32.239 V/StatusBar( 1725): setLightsOn(true)
--------- beginning of system
12-14 04:04:32.245 W/ActivityManager( 1628): Finishing task with all activities already finished
12-14 04:04:32.245 W/ActivityManager( 1628): Duplicate finish request for ActivityRecord{2cca106 u0 com.evancharlton.mileage/.Mileage t194 f}
12-14 04:04:32.246 W/ActivityManager( 1628): Finishing task with all activities already finished
12-14 04:04:32.246 W/ActivityManager( 1628): Duplicate finish request for ActivityRecord{2cca106 u0 com.evancharlton.mileage/.Mileage t194 f}
12-14 04:04:32.255 W/ActivityManager( 1628): Finishing task with all activities already finished
12-14 04:04:32.255 W/ActivityManager( 1628): Duplicate finish request for ActivityRecord{2cca106 u0 com.evancharlton.mileage/.Mileage t194 f}
12-14 04:04:32.255 I/chatty  ( 1725): uid=10028(u0_a28) com.android.systemui identical 2 lines
12-14 04:04:32.262 V/StatusBar( 1725): setLightsOn(true)
12-14 04:04:32.263 D/gralloc_ranchu( 1396): gralloc_alloc: Creating ashmem region of size 8298496
12-14 04:04:32.264 V/StatusBar( 1725): setLightsOn(true)
12-14 04:04:32.291 D/gralloc_ranchu( 1396): gralloc_alloc: Creating ashmem region of size 8298496
12-14 04:04:32.372 D/gralloc_ranchu( 1396): gralloc_alloc: Creating ashmem region of size 8298496
12-14 04:04:32.372 D/SurfaceFlinger( 1405): duplicate layer name: changing com.google.android.apps.nexuslauncher/com.google.android.apps.nexuslauncher.NexusLauncherActivity to com.google.android.apps.nexuslauncher/com.google.android.apps.nexuslauncher.NexusLauncherActivity#1
12-14 04:04:32.392 D/EGL_emulation( 1725): eglMakeCurrent: 0x94c5f340: ver 3 0 (tinfo 0x94c2bc70)
12-14 04:04:32.400 D/gralloc_ranchu( 1396): gralloc_alloc: Creating ashmem region of size 8298496
12-14 04:04:32.423 D/gralloc_ranchu( 1396): gralloc_alloc: Creating ashmem region of size 8298496
12-14 04:04:32.428 D/EGL_emulation( 2213): eglMakeCurrent: 0xa85846c0: ver 3 0 (tinfo 0xa8583560)
12-14 04:04:32.439 D/gralloc_ranchu( 1396): gralloc_alloc: Creating ashmem region of size 8298496
12-14 04:04:32.472 I/MicroDetectionWorker( 2213): #updateMicroDetector [detectionMode: [mDetectionMode: [1]]]
12-14 04:04:32.472 I/MicroDetectionWorker( 2213): #startMicroDetector [speakerMode: 0]
12-14 04:04:32.472 I/AudioController( 2213): Using mInputStreamFactoryBuilder
12-14 04:04:32.473 I/MicroDetectionWorker( 2213): onReady
12-14 04:04:32.475 I/MicroRecognitionRunner( 2213): Starting detection.
12-14 04:04:32.475 I/MicrophoneInputStream( 2213): mic_starting com.google.android.apps.gsa.staticplugins.aa.c@d965b99
12-14 04:04:32.494 I/AudioFlinger( 1476): AudioFlinger's thread 0xac103cc0 tid=4261 ready to run
12-14 04:04:32.495 I/MicrophoneInputStream( 2213): mic_started com.google.android.apps.gsa.staticplugins.aa.c@d965b99
12-14 04:04:32.496 E/ActivityThread( 2213): Failed to find provider info for com.google.android.apps.gsa.testing.ui.audio.recorded
12-14 04:04:32.496 I/MicroDetectionWorker( 2213): onReady
12-14 04:04:32.497 I/MicrophoneInputStream( 2213): mic_close com.google.android.apps.gsa.staticplugins.aa.c@d965b99
12-14 04:04:32.500 I/MicroRecognitionRunner( 2213): Detection finished
12-14 04:04:32.500 W/ErrorReporter( 2213): reportError [type: 211, code: 524300]: Error reading from input stream
12-14 04:04:32.501 I/MicroRecognitionRunner( 2213): Stopping hotword detection.
12-14 04:04:32.501 W/ErrorProcessor( 2213): onFatalError, processing error from engine(4)
12-14 04:04:32.501 W/ErrorProcessor( 2213): com.google.android.apps.gsa.shared.speech.b.g: Error reading from input stream
12-14 04:04:32.501 W/ErrorProcessor( 2213): 	at com.google.android.apps.gsa.staticplugins.recognizer.j.a.a(SourceFile:28)
12-14 04:04:32.501 W/ErrorProcessor( 2213): 	at com.google.android.apps.gsa.staticplugins.recognizer.j.b.run(SourceFile:15)
12-14 04:04:32.501 W/ErrorProcessor( 2213): 	at java.util.concurrent.Executors$RunnableAdapter.call(Executors.java:457)
12-14 04:04:32.501 W/ErrorProcessor( 2213): 	at java.util.concurrent.FutureTask.run(FutureTask.java:266)
12-14 04:04:32.501 W/ErrorProcessor( 2213): 	at com.google.android.apps.gsa.shared.util.concurrent.a.ax.run(SourceFile:14)
12-14 04:04:32.501 W/ErrorProcessor( 2213): 	at com.google.android.apps.gsa.shared.util.concurrent.a.bl.run(SourceFile:4)
12-14 04:04:32.501 W/ErrorProcessor( 2213): 	at com.google.android.apps.gsa.shared.util.concurrent.a.bl.run(SourceFile:4)
12-14 04:04:32.501 W/ErrorProcessor( 2213): 	at java.util.concurrent.ThreadPoolExecutor.runWorker(ThreadPoolExecutor.java:1162)
12-14 04:04:32.501 W/ErrorProcessor( 2213): 	at java.util.concurrent.ThreadPoolExecutor$Worker.run(ThreadPoolExecutor.java:636)
12-14 04:04:32.501 W/ErrorProcessor( 2213): 	at java.lang.Thread.run(Thread.java:764)
12-14 04:04:32.501 W/ErrorProcessor( 2213): 	at com.google.android.apps.gsa.shared.util.concurrent.a.ai.run(SourceFile:6)
12-14 04:04:32.501 W/ErrorProcessor( 2213): Caused by: com.google.android.apps.gsa.shared.exception.GsaIOException: Error code: 393238 | Buffer overflow, no available space.
12-14 04:04:32.501 W/ErrorProcessor( 2213): 	at com.google.android.apps.gsa.speech.audio.Tee.f(SourceFile:103)
12-14 04:04:32.501 W/ErrorProcessor( 2213): 	at com.google.android.apps.gsa.speech.audio.au.read(SourceFile:2)
12-14 04:04:32.501 W/ErrorProcessor( 2213): 	at java.io.InputStream.read(InputStream.java:101)
12-14 04:04:32.501 W/ErrorProcessor( 2213): 	at com.google.android.apps.gsa.speech.audio.ao.run(SourceFile:18)
12-14 04:04:32.501 W/ErrorProcessor( 2213): 	at com.google.android.apps.gsa.speech.audio.an.run(SourceFile:2)
12-14 04:04:32.501 W/ErrorProcessor( 2213): 	... 9 more
12-14 04:04:32.501 I/AudioController( 2213): internalShutdown
12-14 04:04:32.508 I/MicroDetector( 2213): Keeping mic open: false
12-14 04:04:32.508 I/MicroDetectionWorker( 2213): #onError(false)
12-14 04:04:32.509 W/DeviceStateChecker( 2213): stopped because hotword detection is stopped but cancel is not called.
12-14 04:04:32.531 D/EGL_emulation( 2179): eglMakeCurrent: 0xa85846c0: ver 3 0 (tinfo 0xa8583310)
12-14 04:04:32.563 D/gralloc_ranchu( 1396): gralloc_alloc: Creating ashmem region of size 7753728
12-14 04:04:32.592 D/EGL_emulation( 1725): eglMakeCurrent: 0x94c5f340: ver 3 0 (tinfo 0x94c2bc70)
12-14 04:04:32.783 I/chatty  ( 1725): uid=10028(u0_a28) RenderThread identical 21 lines
12-14 04:04:32.793 D/EGL_emulation( 1725): eglMakeCurrent: 0x94c5f340: ver 3 0 (tinfo 0x94c2bc70)
12-14 04:04:32.796 D/AndroidRuntime( 4256): >>>>>> START com.android.internal.os.RuntimeInit uid 2000 <<<<<<
12-14 04:04:32.802 D/EGL_emulation( 1725): eglMakeCurrent: 0x94c5f340: ver 3 0 (tinfo 0x94c2bc70)
12-14 04:04:32.822 D/EGL_emulation( 1725): eglMakeCurrent: 0x94c5f340: ver 3 0 (tinfo 0x94c2bc70)
12-14 04:04:32.880 W/app_process( 4256): Unexpected CPU variant for X86 using defaults: x86
12-14 04:04:32.904 D/AndroidRuntime( 4256): Calling main entry com.android.commands.am.Am
12-14 04:04:32.907 I/ActivityManager( 1628): Force stopping com.evancharlton.mileage appid=10448 user=0: start instr
12-14 04:04:32.908 I/ActivityManager( 1628): Killing 4205:com.evancharlton.mileage/u0a448 (adj 0): stop com.evancharlton.mileage
12-14 04:04:32.914 W/ActivityManager( 1628): Crash of app com.evancharlton.mileage running instrumentation ComponentInfo{com.evancharlton.mileage.test/sh.calaba.instrumentationbackend.CalabashInstrumentationTestRunner}
12-14 04:04:32.914 I/ActivityManager( 1628): Force stopping com.evancharlton.mileage appid=10448 user=0: finished inst
12-14 04:04:32.922 I/zygote  ( 4271): Not late-enabling -Xcheck:jni (already on)
12-14 04:04:32.927 I/ActivityManager( 1628): Start proc 4271:com.evancharlton.mileage/u0a448 for added application com.evancharlton.mileage
12-14 04:04:32.928 D/AndroidRuntime( 4256): Shutting down VM
12-14 04:04:32.950 W/zygote  ( 4271): Unexpected CPU variant for X86 using defaults: x86
12-14 04:04:32.955 E/adbd    ( 1383): failed to connect to socket 'tcp:7102': Connection refused
12-14 04:04:32.961 E/adbd    ( 1383): failed to connect to socket 'tcp:7102': Connection refused
12-14 04:04:32.974 W/OpenGLRenderer( 2179): Incorrectly called buildLayer on View: ShortcutAndWidgetContainer, destroying layer...
12-14 04:04:32.984 I/WindowManager( 1628): WIN DEATH: Window{8ffcbaf u0 com.evancharlton.mileage/com.evancharlton.mileage.Mileage EXITING}
12-14 04:04:32.994 W/ActivityManager( 1628): setHasOverlayUi called on unknown pid: 4205
12-14 04:04:33.002 W/zygote  ( 4271): Found duplicate classes, falling back to extracting from APK : /data/app/com.evancharlton.mileage.test-rWl_2GdWrmxdfXyDmWWTXA==/base.apk
12-14 04:04:33.003 W/zygote  ( 4271): NOTE: This wastes RAM and hurts startup performance.
12-14 04:04:33.003 W/zygote  ( 4271): Found duplicated class when checking oat files: 'Ljunit/runner/BaseTestRunner;' in /data/app/com.evancharlton.mileage.test-rWl_2GdWrmxdfXyDmWWTXA==/base.apk and /system/framework/android.test.runner.jar
12-14 04:04:33.003 W/zygote  ( 4271): 
12-14 04:04:33.035 I/OpenGLRenderer( 1628): Initialized EGL, version 1.4
12-14 04:04:33.035 D/OpenGLRenderer( 1628): Swap behavior 1
12-14 04:04:33.036 W/OpenGLRenderer( 1628): Failed to choose config with EGL_SWAP_BEHAVIOR_PRESERVED, retrying without...
12-14 04:04:33.036 D/OpenGLRenderer( 1628): Swap behavior 0
12-14 04:04:33.042 D/EGL_emulation( 1628): eglCreateContext: 0x91268860: maj 3 min 0 rcv 3
12-14 04:04:33.044 D/EGL_emulation( 1628): eglMakeCurrent: 0x91268860: ver 3 0 (tinfo 0x96c58290)
12-14 04:04:33.045 E/eglCodecCommon( 1628): glUtilsParamSize: unknow param 0x00008cdf
12-14 04:04:33.045 E/eglCodecCommon( 1628): glUtilsParamSize: unknow param 0x00008cdf
12-14 04:04:33.046 E/eglCodecCommon( 1628): glUtilsParamSize: unknow param 0x00008824
12-14 04:04:33.046 E/eglCodecCommon( 1628): glUtilsParamSize: unknow param 0x00008824
12-14 04:04:33.048 W/System  ( 4271): ClassLoader referenced unknown path: 
12-14 04:04:33.069 I/System.out( 4271): Main activity name automatically set to: com.evancharlton.mileage.Mileage
12-14 04:04:33.071 I/System.out( 4271): Calabash did not load Mono. This is only a problem if you are trying to test a Mono application
12-14 04:04:33.072 I/calabash( 4271): Test server port: 7102
12-14 04:04:33.074 I/InstrumentationBackend( 4271): Added:'GetPreferences', with key:'get_preferences'
12-14 04:04:33.079 I/zygote  ( 1628): NativeAllocBackground concurrent copying GC freed 6962(785KB) AllocSpace objects, 7(140KB) LOS objects, 36% free, 10MB/16MB, paused 7.860ms total 57.737ms
12-14 04:04:33.080 E/adbd    ( 1383): failed to connect to socket 'tcp:7102': Connection refused
12-14 04:04:33.083 E/adbd    ( 1383): failed to connect to socket 'tcp:7102': Connection refused
12-14 04:04:33.185 I/InstrumentationBackend( 4271): Added:'SetPreferences', with key:'set_preferences'
12-14 04:04:33.186 I/InstrumentationBackend( 4271): Added:'ClearPreferences', with key:'clear_preferences'
12-14 04:04:33.187 I/InstrumentationBackend( 4271): Added:'PressElement', with key:'press_l10n_element'
12-14 04:04:33.187 I/InstrumentationBackend( 4271): Added:'WaitForElement', with key:'wait_for_l10n_element'
12-14 04:04:33.188 I/InstrumentationBackend( 4271): Added:'NullAction', with key:'nullAction'
12-14 04:04:33.189 I/InstrumentationBackend( 4271): Added:'PressKey', with key:'press_key'
12-14 04:04:33.189 I/InstrumentationBackend( 4271): Added:'SetActivityOrientation', with key:'set_activity_orientation'
12-14 04:04:33.190 I/InstrumentationBackend( 4271): Added:'GetActivityOrientation', with key:'get_activity_orientation'
12-14 04:04:33.190 I/InstrumentationBackend( 4271): Added:'FakeGPSLocation', with key:'set_gps_coordinates'
12-14 04:04:33.191 I/InstrumentationBackend( 4271): Added:'SetPropertyByCssSelector', with key:'set_property_by_css_selector'
12-14 04:04:33.193 E/adbd    ( 1383): failed to connect to socket 'tcp:7102': Connection refused
12-14 04:04:33.193 I/InstrumentationBackend( 4271): Added:'GetUrl', with key:'get_url'
12-14 04:04:33.196 E/adbd    ( 1383): failed to connect to socket 'tcp:7102': Connection refused
12-14 04:04:33.197 I/InstrumentationBackend( 4271): Added:'ScrollTo', with key:'scroll_to'
12-14 04:04:33.198 I/InstrumentationBackend( 4271): Added:'GetLoadProgress', with key:'get_load_progress'
12-14 04:04:33.198 I/InstrumentationBackend( 4271): Added:'DumpHtml', with key:'dump_html'
12-14 04:04:33.198 I/InstrumentationBackend( 4271): Added:'DumpBodyHtml', with key:'dump_body_html'
12-14 04:04:33.199 I/InstrumentationBackend( 4271): Added:'EnterTextByCssSelector', with key:'enter_text_by_selector'
12-14 04:04:33.203 I/InstrumentationBackend( 4271): Added:'AndroidSDKVersion', with key:'android_sdk_version'
12-14 04:04:33.204 I/InstrumentationBackend( 4271): Added:'Version', with key:'version'
12-14 04:04:33.204 I/InstrumentationBackend( 4271): Added:'Drag', with key:'drag'
12-14 04:04:33.204 I/InstrumentationBackend( 4271): Added:'TouchCoordinates', with key:'touch_coordinate'
12-14 04:04:33.204 I/InstrumentationBackend( 4271): Added:'LongPressCoordinate', with key:'long_press_coordinate'
12-14 04:04:33.204 I/InstrumentationBackend( 4271): Added:'DragCoordinates', with key:'drag_coordinates'
12-14 04:04:33.205 I/InstrumentationBackend( 4271): Added:'ResumeApplication', with key:'resume_application'
12-14 04:04:33.205 I/InstrumentationBackend( 4271): Added:'Swipe', with key:'swipe'
12-14 04:04:33.206 I/InstrumentationBackend( 4271): Added:'DoubleTapCoordinate', with key:'double_tap_coordinate'
12-14 04:04:33.206 I/InstrumentationBackend( 4271): Added:'ClickOnScreen', with key:'click_on_screen'
12-14 04:04:33.207 I/InstrumentationBackend( 4271): Added:'GetActivityName', with key:'get_activity_name'
12-14 04:04:33.207 I/InstrumentationBackend( 4271): Added:'ScrollToView', with key:'scroll_to_view'
12-14 04:04:33.208 I/InstrumentationBackend( 4271): Added:'ViewConfiguration', with key:'view_configuration'
12-14 04:04:33.209 I/InstrumentationBackend( 4271): Added:'IsCurrentActivityFocused', with key:'is_current_activity_focused'
12-14 04:04:33.210 I/InstrumentationBackend( 4271): Added:'SendTcp', with key:'send_tcp'
12-14 04:04:33.211 I/InstrumentationBackend( 4271): Added:'DpToDevicePixel', with key:'dp_to_device_pixel'
12-14 04:04:33.212 I/InstrumentationBackend( 4271): Added:'KeyboardEnterText', with key:'keyboard_enter_text'
12-14 04:04:33.213 I/InstrumentationBackend( 4271): Added:'DeleteSurroundingText', with key:'delete_surrounding_text'
12-14 04:04:33.214 I/InstrumentationBackend( 4271): Added:'SetComposingRegion', with key:'set_composing_region'
12-14 04:04:33.214 I/InstrumentationBackend( 4271): Added:'SetSelection', with key:'set_selection'
12-14 04:04:33.214 I/InstrumentationBackend( 4271): Added:'KeyboardKeyEvent', with key:'keyboard_key_event'
12-14 04:04:33.215 I/InstrumentationBackend( 4271): Added:'PressUserActionButton', with key:'press_user_action_button'
12-14 04:04:33.216 I/InstrumentationBackend( 4271): Added:'HideSoftKeyboard', with key:'hide_soft_keyboard'
12-14 04:04:33.217 I/InstrumentationBackend( 4271): Added:'ListActions', with key:'list_actions'
12-14 04:04:33.217 I/calabash( 4271): Instantiating http server at 7102
12-14 04:04:33.218 I/System.out( 4271): HTTP Daemon listening on: 7102
12-14 04:04:33.313 I/System.out( 4271): URI: //ping
12-14 04:04:33.313 I/System.out( 4271): params: {json={}
12-14 04:04:33.313 I/System.out( 4271): }
12-14 04:04:33.325 I/System.out( 4271): URI: //ping
12-14 04:04:33.326 I/System.out( 4271): params: {json={}
12-14 04:04:33.326 I/System.out( 4271): }
12-14 04:04:33.334 I/System.out( 4271): URI: //ready
12-14 04:04:33.335 I/System.out( 4271): params: {json={}
12-14 04:04:33.335 I/System.out( 4271): }
12-14 04:04:33.344 I/System.out( 4271): URI: //
12-14 04:04:33.344 I/System.out( 4271): params: {json={"command":"version","arguments":[]}
12-14 04:04:33.344 I/System.out( 4271): }
12-14 04:04:33.344 I/System.out( 4271): header: {content-type=application/json;charset=utf-8, date=Mon, 14 Dec 2020 09:04:34 GMT, accept=*/*, host=127.0.0.1:34777, content-length=36, user-agent=HTTPClient/1.0 (2.8.3, ruby 2.5.8 (2020-03-31))}
12-14 04:04:33.344 I/System.out( 4271): params: {json={"command":"version","arguments":[]}
12-14 04:04:33.344 I/System.out( 4271): }
12-14 04:04:33.344 I/System.out( 4271): ProP json = {"command":"version","arguments":[]}
12-14 04:04:33.344 I/System.out( 4271): files: {}
12-14 04:04:33.344 I/System.out( 4271): command: {"command":"version","arguments":[]}
12-14 04:04:33.381 I/InstrumentationBackend( 4271): Got command:'Command:'Line:null,version', arguments:'[]'
12-14 04:04:33.415 I/System.out( 4271): result:{"bonusInformation":[],"message":"0.9.8","success":true}
12-14 04:04:33.423 I/System.out( 4271): URI: //start-application
12-14 04:04:33.423 I/System.out( 4271): params: {json={"intent":null}
12-14 04:04:33.424 I/System.out( 4271): }
12-14 04:04:33.464 I/ActivityManager( 1628): START u0 {act=android.intent.action.MAIN cat=[android.intent.category.LAUNCHER] flg=0x10200000 cmp=com.evancharlton.mileage/.Mileage} from uid 10448
12-14 04:04:33.483 I/calabash( 4271): newActivity1
12-14 04:04:33.493 D/gralloc_ranchu( 1396): gralloc_alloc: Creating ashmem region of size 7753728
12-14 04:04:33.543 W/ActivityManager( 1628): Bad activity token: android.os.BinderProxy@e0dc3c6
12-14 04:04:33.543 W/ActivityManager( 1628): java.lang.ClassCastException: android.os.BinderProxy cannot be cast to com.android.server.am.ActivityRecord$Token
12-14 04:04:33.543 W/ActivityManager( 1628): 	at com.android.server.am.ActivityRecord.forTokenLocked(ActivityRecord.java:778)
12-14 04:04:33.543 W/ActivityManager( 1628): 	at com.android.server.am.ActivityRecord.isInStackLocked(ActivityRecord.java:2085)
12-14 04:04:33.543 W/ActivityManager( 1628): 	at com.android.server.am.ActivityRecord.getStackLocked(ActivityRecord.java:2090)
12-14 04:04:33.543 W/ActivityManager( 1628): 	at com.android.server.am.ActivityManagerService.getActivityDisplayId(ActivityManagerService.java:10406)
12-14 04:04:33.543 W/ActivityManager( 1628): 	at android.app.IActivityManager$Stub.onTransact(IActivityManager.java:2738)
12-14 04:04:33.543 W/ActivityManager( 1628): 	at com.android.server.am.ActivityManagerService.onTransact(ActivityManagerService.java:2935)
12-14 04:04:33.543 W/ActivityManager( 1628): 	at android.os.Binder.execTransact(Binder.java:674)
12-14 04:04:33.544 I/calabash( 4271): newActivity1
12-14 04:04:33.555 W/ActivityManager( 1628): Bad activity token: android.os.BinderProxy@e0dc3c6
12-14 04:04:33.555 W/ActivityManager( 1628): java.lang.ClassCastException: android.os.BinderProxy cannot be cast to com.android.server.am.ActivityRecord$Token
12-14 04:04:33.555 W/ActivityManager( 1628): 	at com.android.server.am.ActivityRecord.forTokenLocked(ActivityRecord.java:778)
12-14 04:04:33.555 W/ActivityManager( 1628): 	at com.android.server.am.ActivityRecord.isInStackLocked(ActivityRecord.java:2085)
12-14 04:04:33.555 W/ActivityManager( 1628): 	at com.android.server.am.ActivityManagerService.setTaskDescription(ActivityManagerService.java:9988)
12-14 04:04:33.555 W/ActivityManager( 1628): 	at android.app.IActivityManager$Stub.onTransact(IActivityManager.java:2824)
12-14 04:04:33.555 W/ActivityManager( 1628): 	at com.android.server.am.ActivityManagerService.onTransact(ActivityManagerService.java:2935)
12-14 04:04:33.555 W/ActivityManager( 1628): 	at android.os.Binder.execTransact(Binder.java:674)
12-14 04:04:33.558 W/ActivityManager( 1628): Bad activity token: android.os.BinderProxy@e0dc3c6
12-14 04:04:33.558 W/ActivityManager( 1628): java.lang.ClassCastException: android.os.BinderProxy cannot be cast to com.android.server.am.ActivityRecord$Token
12-14 04:04:33.558 W/ActivityManager( 1628): 	at com.android.server.am.ActivityRecord.forTokenLocked(ActivityRecord.java:778)
12-14 04:04:33.558 W/ActivityManager( 1628): 	at com.android.server.am.ActivityRecord.isInStackLocked(ActivityRecord.java:2085)
12-14 04:04:33.558 W/ActivityManager( 1628): 	at com.android.server.am.ActivityRecord.getStackLocked(ActivityRecord.java:2090)
12-14 04:04:33.558 W/ActivityManager( 1628): 	at com.android.server.am.ActivityManagerService.getActivityStackId(ActivityManagerService.java:10417)
12-14 04:04:33.558 W/ActivityManager( 1628): 	at android.app.IActivityManager$Stub.onTransact(IActivityManager.java:3548)
12-14 04:04:33.558 W/ActivityManager( 1628): 	at com.android.server.am.ActivityManagerService.onTransact(ActivityManagerService.java:2935)
12-14 04:04:33.558 W/ActivityManager( 1628): 	at android.os.Binder.execTransact(Binder.java:674)
12-14 04:04:33.578 V/StatusBar( 1725): setLightsOn(true)
12-14 04:04:33.584 D/EGL_emulation( 2213): eglMakeCurrent: 0xa85846c0: ver 3 0 (tinfo 0xa8583560)
12-14 04:04:33.584 D/EGL_emulation( 2179): eglMakeCurrent: 0xa85846c0: ver 3 0 (tinfo 0xa8583310)
12-14 04:04:33.600 D/EGL_emulation( 1725): eglMakeCurrent: 0x94c5f340: ver 3 0 (tinfo 0x94c2bc70)
12-14 04:04:33.610 E/memtrack( 1628): Couldn't load memtrack module
12-14 04:04:33.610 W/android.os.Debug( 1628): failed to get memory consumption info: -1
12-14 04:04:33.613 D/EGL_emulation( 1725): eglMakeCurrent: 0x94c5f340: ver 3 0 (tinfo 0x94c2bc70)
12-14 04:04:33.620 D/EGL_emulation( 1725): eglMakeCurrent: 0x94c5f340: ver 3 0 (tinfo 0x94c2bc70)
12-14 04:04:33.622 V/StatusBar( 1725): setLightsOn(true)
12-14 04:04:33.630 D/EGL_emulation( 1725): eglMakeCurrent: 0x94c5f340: ver 3 0 (tinfo 0x94c2bc70)
12-14 04:04:33.635 D/EGL_emulation( 1725): eglMakeCurrent: 0x94c5f340: ver 3 0 (tinfo 0x94c2bc70)
12-14 04:04:33.647 E/ContentStoreEUAS( 2213): Failed to commit the deferred actions
12-14 04:04:33.650 D/EGL_emulation( 1725): eglMakeCurrent: 0x94c5f340: ver 3 0 (tinfo 0x94c2bc70)
12-14 04:04:33.706 W/ActivityManager( 1628): Bad activity token: android.os.BinderProxy@e0dc3c6
12-14 04:04:33.706 W/ActivityManager( 1628): java.lang.ClassCastException: android.os.BinderProxy cannot be cast to com.android.server.am.ActivityRecord$Token
12-14 04:04:33.706 W/ActivityManager( 1628): 	at com.android.server.am.ActivityRecord.forTokenLocked(ActivityRecord.java:778)
12-14 04:04:33.706 W/ActivityManager( 1628): 	at com.android.server.am.ActivityRecord.isInStackLocked(ActivityRecord.java:2085)
12-14 04:04:33.706 W/ActivityManager( 1628): 	at com.android.server.am.ActivityManagerService.getActivityOptions(ActivityManagerService.java:13302)
12-14 04:04:33.706 W/ActivityManager( 1628): 	at android.app.IActivityManager$Stub.onTransact(IActivityManager.java:2910)
12-14 04:04:33.706 W/ActivityManager( 1628): 	at com.android.server.am.ActivityManagerService.onTransact(ActivityManagerService.java:2935)
12-14 04:04:33.706 W/ActivityManager( 1628): 	at android.os.Binder.execTransact(Binder.java:674)
12-14 04:04:33.706 W/ActivityManager( 1628): Bad activity token: android.os.BinderProxy@e0dc3c6
12-14 04:04:33.706 W/ActivityManager( 1628): java.lang.ClassCastException: android.os.BinderProxy cannot be cast to com.android.server.am.ActivityRecord$Token
12-14 04:04:33.706 W/ActivityManager( 1628): 	at com.android.server.am.ActivityRecord.forTokenLocked(ActivityRecord.java:778)
12-14 04:04:33.706 W/ActivityManager( 1628): 	at com.android.server.am.ActivityRecord.isInStackLocked(ActivityRecord.java:2085)
12-14 04:04:33.706 W/ActivityManager( 1628): 	at com.android.server.am.ActivityManagerService.getActivityOptions(ActivityManagerService.java:13302)
12-14 04:04:33.706 W/ActivityManager( 1628): 	at android.app.IActivityManager$Stub.onTransact(IActivityManager.java:2910)
12-14 04:04:33.706 W/ActivityManager( 1628): 	at com.android.server.am.ActivityManagerService.onTransact(ActivityManagerService.java:2935)
12-14 04:04:33.706 W/ActivityManager( 1628): 	at android.os.Binder.execTransact(Binder.java:674)
12-14 04:04:33.784 I/chatty  ( 1725): uid=10028(u0_a28) RenderThread identical 17 lines
12-14 04:04:33.794 D/EGL_emulation( 1725): eglMakeCurrent: 0x94c5f340: ver 3 0 (tinfo 0x94c2bc70)
12-14 04:04:33.796 V/StatusBar( 1725): setLightsOn(true)
12-14 04:04:33.853 I/zygote  ( 4271): Do partial code cache collection, code=28KB, data=30KB
12-14 04:04:33.854 I/zygote  ( 4271): After code cache collection, code=28KB, data=30KB
12-14 04:04:33.854 I/zygote  ( 4271): Increasing code cache capacity to 128KB
12-14 04:04:33.855 I/zygote  ( 4271): Do partial code cache collection, code=28KB, data=48KB
12-14 04:04:33.855 I/zygote  ( 4271): After code cache collection, code=28KB, data=48KB
12-14 04:04:33.855 I/zygote  ( 4271): Increasing code cache capacity to 256KB
12-14 04:04:33.855 I/zygote  ( 4271): JIT allocated 71KB for compiled code of void android.widget.TextView.<init>(android.content.Context, android.util.AttributeSet, int, int)
12-14 04:04:33.855 I/zygote  ( 4271): Compiler allocated 4MB to compile void android.widget.TextView.<init>(android.content.Context, android.util.AttributeSet, int, int)
12-14 04:04:33.855 V/StatusBar( 1725): setLightsOn(true)
12-14 04:04:33.861 I/chatty  ( 1725): uid=10028(u0_a28) com.android.systemui identical 1 line
12-14 04:04:33.863 V/StatusBar( 1725): setLightsOn(true)
12-14 04:04:33.923 D/gralloc_ranchu( 1396): gralloc_alloc: Creating ashmem region of size 7753728
12-14 04:04:33.945 D/        ( 4271): HostConnection::get() New Host Connection established 0xa5c2fe40, tid 4271
12-14 04:04:33.997 V/StatusBar( 1725): setLightsOn(true)
12-14 04:04:33.998 V/StatusBar( 1725): setLightsOn(true)
12-14 04:04:34.001 I/ActivityManager( 1628): Displayed com.evancharlton.mileage/.Mileage: +530ms
12-14 04:04:34.005 V/StatusBar( 1725): setLightsOn(true)
12-14 04:04:34.032 V/StatusBar( 1725): setLightsOn(true)
12-14 04:04:34.044 I/zygote  ( 4271): Do full code cache collection, code=125KB, data=69KB
12-14 04:04:34.044 D/gralloc_ranchu( 1396): gralloc_alloc: Creating ashmem region of size 7753728
12-14 04:04:34.045 I/zygote  ( 4271): After code cache collection, code=106KB, data=43KB
12-14 04:04:34.167 E/memtrack( 1628): Couldn't load memtrack module
12-14 04:04:34.171 W/android.os.Debug( 1628): failed to get memory consumption info: -1
12-14 04:04:34.194 V/StatusBar( 1725): setLightsOn(true)
12-14 04:04:34.328 I/chatty  ( 1725): uid=10028(u0_a28) com.android.systemui identical 2 lines
12-14 04:04:34.330 V/StatusBar( 1725): setLightsOn(true)
12-14 04:04:34.357 W/SurfaceFlinger( 1405): couldn't log to binary event log: overflow.
